--------- beginning of system
06-05 18:14:47.386 W/ActivityManager( 1630): Duplicate finish request for ActivityRecord{7c9fb85 u0 com.evancharlton.mileage/.Mileage t2688 f}
06-05 18:14:47.386 W/ActivityManager( 1630): Duplicate finish request for ActivityRecord{7c9fb85 u0 com.evancharlton.mileage/.Mileage t2688 f}
06-05 18:14:47.387 W/ActivityManager( 1630): Duplicate finish request for ActivityRecord{7c9fb85 u0 com.evancharlton.mileage/.Mileage t2688 f}
06-05 18:14:47.389 W/ActivityManager( 1630): Duplicate finish request for ActivityRecord{15bbb48 u0 com.evancharlton.mileage/.ServiceIntervalsListActivity t2688 f}
--------- beginning of main
06-05 18:14:47.390 V/PhoneStatusBar( 1712): setLightsOn(true)
06-05 18:14:47.393 V/PhoneStatusBar( 1712): setLightsOn(true)
06-05 18:14:47.394 V/PhoneStatusBar( 1712): setLightsOn(true)
06-05 18:14:47.396 V/PhoneStatusBar( 1712): setLightsOn(true)
06-05 18:14:47.399 W/ActivityManager( 1630): Finishing task with all activities already finished
06-05 18:14:47.399 W/ActivityManager( 1630): Duplicate finish request for ActivityRecord{d9620de u0 com.evancharlton.mileage/.ServiceIntervalActivity t2688 f}
06-05 18:14:47.496 D/gralloc_ranchu( 1346): gralloc_alloc: Creating ashmem region of size 3145728
06-05 18:14:47.503 E/EGL_emulation( 1346): tid 1346: eglCreateSyncKHR(1901): error 0x3004 (EGL_BAD_ATTRIBUTE)
06-05 18:14:47.543 D/EGL_emulation( 1712): eglMakeCurrent: 0xb4085540: ver 2 0 (tinfo 0xb4083740)
06-05 18:14:47.544 W/IInputConnectionWrapper( 1183): reportFullscreenMode on inexistent InputConnection
06-05 18:14:47.544 W/IInputConnectionWrapper( 1183): finishComposingText on inactive InputConnection
06-05 18:14:47.545 D/EGL_emulation( 1712): eglMakeCurrent: 0xb4085540: ver 2 0 (tinfo 0xb4083740)
06-05 18:14:47.559 D/EGL_emulation( 1712): eglMakeCurrent: 0xb4085540: ver 2 0 (tinfo 0xb4083740)
06-05 18:14:47.561 D/EGL_emulation( 2099): eglMakeCurrent: 0xb4085240: ver 2 0 (tinfo 0xb40832d0)
06-05 18:14:47.594 D/EGL_emulation( 1712): eglMakeCurrent: 0xb4085540: ver 2 0 (tinfo 0xb4083740)
06-05 18:14:47.609 D/EGL_emulation( 1712): eglMakeCurrent: 0xb4085540: ver 2 0 (tinfo 0xb4083740)
06-05 18:14:47.611 D/EGL_emulation( 1712): eglMakeCurrent: 0xb4085540: ver 2 0 (tinfo 0xb4083740)
06-05 18:14:47.624 D/AndroidRuntime( 1255): >>>>>> START com.android.internal.os.RuntimeInit uid 2000 <<<<<<
06-05 18:14:47.625 D/AndroidRuntime( 1255): CheckJNI is ON
06-05 18:14:47.626 D/EGL_emulation( 1712): eglMakeCurrent: 0xb4085540: ver 2 0 (tinfo 0xb4083740)
06-05 18:14:47.628 D/EGL_emulation( 1712): eglMakeCurrent: 0xb4085540: ver 2 0 (tinfo 0xb4083740)
06-05 18:14:47.639 W/art     ( 1255): Unexpected CPU variant for X86 using defaults: x86
06-05 18:14:47.641 D/ICU     ( 1255): No timezone override file found: /data/misc/zoneinfo/current/icu/icu_tzdata.dat
06-05 18:14:47.642 D/EGL_emulation( 1712): eglMakeCurrent: 0xb4085540: ver 2 0 (tinfo 0xb4083740)
06-05 18:14:47.645 D/EGL_emulation( 1712): eglMakeCurrent: 0xb4085540: ver 2 0 (tinfo 0xb4083740)
06-05 18:14:47.651 E/memtrack( 1255): Couldn't load memtrack module (No such file or directory)
06-05 18:14:47.651 E/android.os.Debug( 1255): failed to load memtrack module: -2
06-05 18:14:47.651 I/Radio-JNI( 1255): register_android_hardware_Radio DONE
06-05 18:14:47.656 D/AndroidRuntime( 1255): Calling main entry com.android.commands.am.Am
06-05 18:14:47.658 I/ActivityManager( 1630): Force stopping com.evancharlton.mileage appid=10150 user=0: start instr
06-05 18:14:47.658 I/ActivityManager( 1630): Killing 1183:com.evancharlton.mileage/u0a150 (adj 0): stop com.evancharlton.mileage
06-05 18:14:47.658 D/ActivityManager( 1630): cleanUpApplicationRecord -- 1183
06-05 18:14:47.658 W/ActivityManager( 1630): Crash of app com.evancharlton.mileage running instrumentation ComponentInfo{com.evancharlton.mileage.test/sh.calaba.instrumentationbackend.CalabashInstrumentationTestRunner}
06-05 18:14:47.658 I/ActivityManager( 1630): Force stopping com.evancharlton.mileage appid=10150 user=0: finished inst
06-05 18:14:47.659 D/EGL_emulation( 1712): eglMakeCurrent: 0xb4085540: ver 2 0 (tinfo 0xb4083740)
06-05 18:14:47.662 D/EGL_emulation( 1712): eglMakeCurrent: 0xb4085540: ver 2 0 (tinfo 0xb4083740)
06-05 18:14:47.664 I/art     ( 1266): Not late-enabling -Xcheck:jni (already on)
06-05 18:14:47.664 W/art     ( 1266): Unexpected CPU variant for X86 using defaults: x86
06-05 18:14:47.670 I/ActivityManager( 1630): Start proc 1266:com.evancharlton.mileage/u0a150 for added application com.evancharlton.mileage
06-05 18:14:47.670 D/AndroidRuntime( 1255): Shutting down VM
06-05 18:14:47.675 W/System  ( 1266): ClassLoader referenced unknown path: /data/app/com.evancharlton.mileage.test-1/lib/x86
06-05 18:14:47.675 W/System  ( 1266): ClassLoader referenced unknown path: /data/app/com.evancharlton.mileage-1/lib/x86
06-05 18:14:47.676 D/EGL_emulation( 1712): eglMakeCurrent: 0xb4085540: ver 2 0 (tinfo 0xb4083740)
06-05 18:14:47.677 W/System  ( 1266): ClassLoader referenced unknown path: 
06-05 18:14:47.678 D/EGL_emulation( 1712): eglMakeCurrent: 0xb4085540: ver 2 0 (tinfo 0xb4083740)
06-05 18:14:47.682 I/System.out( 1266): Main activity name automatically set to: com.evancharlton.mileage.Mileage
06-05 18:14:47.682 I/System.out( 1266): Calabash did not load Mono. This is only a problem if you are trying to test a Mono application
06-05 18:14:47.682 I/calabash( 1266): Test server port: 7102
06-05 18:14:47.683 I/InstrumentationBackend( 1266): Added:'GetPreferences', with key:'get_preferences'
06-05 18:14:47.687 I/InstrumentationBackend( 1266): Added:'SetPreferences', with key:'set_preferences'
06-05 18:14:47.687 I/InstrumentationBackend( 1266): Added:'ClearPreferences', with key:'clear_preferences'
06-05 18:14:47.687 I/InstrumentationBackend( 1266): Added:'PressElement', with key:'press_l10n_element'
06-05 18:14:47.687 I/InstrumentationBackend( 1266): Added:'WaitForElement', with key:'wait_for_l10n_element'
06-05 18:14:47.687 I/InstrumentationBackend( 1266): Added:'NullAction', with key:'nullAction'
06-05 18:14:47.687 I/InstrumentationBackend( 1266): Added:'PressKey', with key:'press_key'
06-05 18:14:47.687 I/InstrumentationBackend( 1266): Added:'SetActivityOrientation', with key:'set_activity_orientation'
06-05 18:14:47.687 I/InstrumentationBackend( 1266): Added:'GetActivityOrientation', with key:'get_activity_orientation'
06-05 18:14:47.687 I/InstrumentationBackend( 1266): Added:'FakeGPSLocation', with key:'set_gps_coordinates'
06-05 18:14:47.687 I/InstrumentationBackend( 1266): Added:'SetPropertyByCssSelector', with key:'set_property_by_css_selector'
06-05 18:14:47.687 I/InstrumentationBackend( 1266): Added:'GetUrl', with key:'get_url'
06-05 18:14:47.687 I/InstrumentationBackend( 1266): Added:'ScrollTo', with key:'scroll_to'
06-05 18:14:47.687 I/InstrumentationBackend( 1266): Added:'GetLoadProgress', with key:'get_load_progress'
06-05 18:14:47.687 I/InstrumentationBackend( 1266): Added:'DumpHtml', with key:'dump_html'
06-05 18:14:47.687 I/InstrumentationBackend( 1266): Added:'DumpBodyHtml', with key:'dump_body_html'
06-05 18:14:47.687 I/InstrumentationBackend( 1266): Added:'EnterTextByCssSelector', with key:'enter_text_by_selector'
06-05 18:14:47.688 I/InstrumentationBackend( 1266): Added:'AndroidSDKVersion', with key:'android_sdk_version'
06-05 18:14:47.688 I/InstrumentationBackend( 1266): Added:'Version', with key:'version'
06-05 18:14:47.688 I/InstrumentationBackend( 1266): Added:'Drag', with key:'drag'
06-05 18:14:47.688 I/InstrumentationBackend( 1266): Added:'TouchCoordinates', with key:'touch_coordinate'
06-05 18:14:47.688 I/InstrumentationBackend( 1266): Added:'LongPressCoordinate', with key:'long_press_coordinate'
06-05 18:14:47.688 I/InstrumentationBackend( 1266): Added:'DragCoordinates', with key:'drag_coordinates'
06-05 18:14:47.688 I/InstrumentationBackend( 1266): Added:'ResumeApplication', with key:'resume_application'
06-05 18:14:47.688 I/InstrumentationBackend( 1266): Added:'Swipe', with key:'swipe'
06-05 18:14:47.688 I/InstrumentationBackend( 1266): Added:'DoubleTapCoordinate', with key:'double_tap_coordinate'
06-05 18:14:47.688 I/InstrumentationBackend( 1266): Added:'ClickOnScreen', with key:'click_on_screen'
06-05 18:14:47.688 I/InstrumentationBackend( 1266): Added:'GetActivityName', with key:'get_activity_name'
06-05 18:14:47.688 I/InstrumentationBackend( 1266): Added:'ScrollToView', with key:'scroll_to_view'
06-05 18:14:47.688 I/InstrumentationBackend( 1266): Added:'ViewConfiguration', with key:'view_configuration'
06-05 18:14:47.688 I/InstrumentationBackend( 1266): Added:'IsCurrentActivityFocused', with key:'is_current_activity_focused'
06-05 18:14:47.688 I/InstrumentationBackend( 1266): Added:'SendTcp', with key:'send_tcp'
06-05 18:14:47.688 I/InstrumentationBackend( 1266): Added:'DpToDevicePixel', with key:'dp_to_device_pixel'
06-05 18:14:47.688 I/InstrumentationBackend( 1266): Added:'KeyboardEnterText', with key:'keyboard_enter_text'
06-05 18:14:47.688 I/InstrumentationBackend( 1266): Added:'DeleteSurroundingText', with key:'delete_surrounding_text'
06-05 18:14:47.688 I/InstrumentationBackend( 1266): Added:'SetComposingRegion', with key:'set_composing_region'
06-05 18:14:47.688 I/InstrumentationBackend( 1266): Added:'SetSelection', with key:'set_selection'
06-05 18:14:47.688 I/InstrumentationBackend( 1266): Added:'KeyboardKeyEvent', with key:'keyboard_key_event'
06-05 18:14:47.688 I/InstrumentationBackend( 1266): Added:'PressUserActionButton', with key:'press_user_action_button'
06-05 18:14:47.689 I/InstrumentationBackend( 1266): Added:'HideSoftKeyboard', with key:'hide_soft_keyboard'
06-05 18:14:47.689 I/InstrumentationBackend( 1266): Added:'ListActions', with key:'list_actions'
06-05 18:14:47.689 I/calabash( 1266): Instantiating http server at 7102
06-05 18:14:47.689 I/System.out( 1266): HTTP Daemon listening on: 7102
06-05 18:14:47.692 D/EGL_emulation( 1712): eglMakeCurrent: 0xb4085540: ver 2 0 (tinfo 0xb4083740)
06-05 18:14:47.694 D/EGL_emulation( 1712): eglMakeCurrent: 0xb4085540: ver 2 0 (tinfo 0xb4083740)
06-05 18:14:47.709 D/EGL_emulation( 1712): eglMakeCurrent: 0xb4085540: ver 2 0 (tinfo 0xb4083740)
06-05 18:14:47.711 D/EGL_emulation( 1712): eglMakeCurrent: 0xb4085540: ver 2 0 (tinfo 0xb4083740)
06-05 18:14:47.726 D/EGL_emulation( 1712): eglMakeCurrent: 0xb4085540: ver 2 0 (tinfo 0xb4083740)
06-05 18:14:47.728 D/EGL_emulation( 1712): eglMakeCurrent: 0xb4085540: ver 2 0 (tinfo 0xb4083740)
06-05 18:14:47.733 I/WindowManager( 1630): WIN DEATH: Window{df6cea u0 com.evancharlton.mileage/com.evancharlton.mileage.ServiceIntervalActivity EXITING}
06-05 18:14:47.743 D/EGL_emulation( 1712): eglMakeCurrent: 0xb4085540: ver 2 0 (tinfo 0xb4083740)
06-05 18:14:47.747 D/EGL_emulation( 1712): eglMakeCurrent: 0xb4085540: ver 2 0 (tinfo 0xb4083740)
06-05 18:14:47.760 D/EGL_emulation( 1712): eglMakeCurrent: 0xb4085540: ver 2 0 (tinfo 0xb4083740)
06-05 18:14:47.776 D/EGL_emulation( 1712): eglMakeCurrent: 0xb4085540: ver 2 0 (tinfo 0xb4083740)
06-05 18:14:47.777 D/EGL_emulation( 1712): eglMakeCurrent: 0xb4085540: ver 2 0 (tinfo 0xb4083740)
06-05 18:14:47.780 I/System.out( 1266): URI: //ping
06-05 18:14:47.780 I/System.out( 1266): params: {json={}
06-05 18:14:47.780 I/System.out( 1266): }
06-05 18:14:47.784 I/System.out( 1266): URI: //ping
06-05 18:14:47.785 I/System.out( 1266): params: {json={}
06-05 18:14:47.785 I/System.out( 1266): }
06-05 18:14:47.787 I/System.out( 1266): URI: //ready
06-05 18:14:47.787 I/System.out( 1266): params: {json={}
06-05 18:14:47.787 I/System.out( 1266): }
06-05 18:14:47.788 I/System.out( 1266): URI: //
06-05 18:14:47.788 I/System.out( 1266): params: {json={"command":"version","arguments":[]}
06-05 18:14:47.788 I/System.out( 1266): }
06-05 18:14:47.788 I/System.out( 1266): header: {content-type=application/json;charset=utf-8, date=Fri, 05 Jun 2020 23:14:48 GMT, accept=*/*, host=127.0.0.1:34784, content-length=36, user-agent=HTTPClient/1.0 (2.8.3, ruby 2.5.1 (2018-03-29))}
06-05 18:14:47.788 I/System.out( 1266): params: {json={"command":"version","arguments":[]}
06-05 18:14:47.788 I/System.out( 1266): }
06-05 18:14:47.788 I/System.out( 1266): ProP json = {"command":"version","arguments":[]}
06-05 18:14:47.788 I/System.out( 1266): files: {}
06-05 18:14:47.788 I/System.out( 1266): command: {"command":"version","arguments":[]}
06-05 18:14:47.792 I/InstrumentationBackend( 1266): Got command:'Command:'Line:null,version', arguments:'[]'
06-05 18:14:47.800 I/System.out( 1266): result:{"bonusInformation":[],"message":"0.9.8","success":true}
06-05 18:14:47.802 I/System.out( 1266): URI: //start-application
06-05 18:14:47.802 I/System.out( 1266): params: {json={"intent":null}
06-05 18:14:47.802 I/System.out( 1266): }
06-05 18:14:47.813 I/ActivityManager( 1630): START u0 {act=android.intent.action.MAIN cat=[android.intent.category.LAUNCHER] flg=0x10200000 cmp=com.evancharlton.mileage/.Mileage} from uid 10150 on display 0
06-05 18:14:47.819 I/calabash( 1266): newActivity1
06-05 18:14:47.831 I/calabash( 1266): newActivity1
06-05 18:14:47.832 W/ActivityManager( 1630): Bad activity token: android.os.BinderProxy@1dcf6a2
06-05 18:14:47.832 W/ActivityManager( 1630): java.lang.ClassCastException: android.os.BinderProxy cannot be cast to com.android.server.am.ActivityRecord$Token
06-05 18:14:47.832 W/ActivityManager( 1630): 	at com.android.server.am.ActivityRecord.forTokenLocked(ActivityRecord.java:586)
06-05 18:14:47.832 W/ActivityManager( 1630): 	at com.android.server.am.ActivityRecord.isInStackLocked(ActivityRecord.java:1327)
06-05 18:14:47.832 W/ActivityManager( 1630): 	at com.android.server.am.ActivityRecord.getStackLocked(ActivityRecord.java:1332)
06-05 18:14:47.832 W/ActivityManager( 1630): 	at com.android.server.am.ActivityManagerService.getActivityDisplayId(ActivityManagerService.java:9806)
06-05 18:14:47.832 W/ActivityManager( 1630): 	at android.app.ActivityManagerNative.onTransact(ActivityManagerNative.java:2566)
06-05 18:14:47.832 W/ActivityManager( 1630): 	at com.android.server.am.ActivityManagerService.onTransact(ActivityManagerService.java:2757)
06-05 18:14:47.832 W/ActivityManager( 1630): 	at android.os.Binder.execTransact(Binder.java:565)
06-05 18:14:47.833 W/ActivityManager( 1630): Bad activity token: android.os.BinderProxy@1dcf6a2
06-05 18:14:47.833 W/ActivityManager( 1630): java.lang.ClassCastException: android.os.BinderProxy cannot be cast to com.android.server.am.ActivityRecord$Token
06-05 18:14:47.833 W/ActivityManager( 1630): 	at com.android.server.am.ActivityRecord.forTokenLocked(ActivityRecord.java:586)
06-05 18:14:47.833 W/ActivityManager( 1630): 	at com.android.server.am.ActivityRecord.isInStackLocked(ActivityRecord.java:1327)
06-05 18:14:47.833 W/ActivityManager( 1630): 	at com.android.server.am.ActivityManagerService.setTaskDescription(ActivityManagerService.java:9358)
06-05 18:14:47.833 W/ActivityManager( 1630): 	at android.app.ActivityManagerNative.onTransact(ActivityManagerNative.java:2639)
06-05 18:14:47.833 W/ActivityManager( 1630): 	at com.android.server.am.ActivityManagerService.onTransact(ActivityManagerService.java:2757)
06-05 18:14:47.833 W/ActivityManager( 1630): 	at android.os.Binder.execTransact(Binder.java:565)
06-05 18:14:47.834 W/ActivityManager( 1630): Bad activity token: android.os.BinderProxy@1dcf6a2
06-05 18:14:47.834 W/ActivityManager( 1630): java.lang.ClassCastException: android.os.BinderProxy cannot be cast to com.android.server.am.ActivityRecord$Token
06-05 18:14:47.834 W/ActivityManager( 1630): 	at com.android.server.am.ActivityRecord.forTokenLocked(ActivityRecord.java:586)
06-05 18:14:47.834 W/ActivityManager( 1630): 	at com.android.server.am.ActivityRecord.isInStackLocked(ActivityRecord.java:1327)
06-05 18:14:47.834 W/ActivityManager( 1630): 	at com.android.server.am.ActivityRecord.getStackLocked(ActivityRecord.java:1332)
06-05 18:14:47.834 W/ActivityManager( 1630): 	at com.android.server.am.ActivityManagerService.getActivityStackId(ActivityManagerService.java:9817)
06-05 18:14:47.834 W/ActivityManager( 1630): 	at android.app.ActivityManagerNative.onTransact(ActivityManagerNative.java:2856)
06-05 18:14:47.834 W/ActivityManager( 1630): 	at com.android.server.am.ActivityManagerService.onTransact(ActivityManagerService.java:2757)
06-05 18:14:47.834 W/ActivityManager( 1630): 	at android.os.Binder.execTransact(Binder.java:565)
06-05 18:14:47.843 D/gralloc_ranchu( 1346): gralloc_alloc: Creating ashmem region of size 9023488
06-05 18:14:47.857 W/ActivityManager( 1630): Bad activity token: android.os.BinderProxy@1dcf6a2
06-05 18:14:47.857 W/ActivityManager( 1630): java.lang.ClassCastException: android.os.BinderProxy cannot be cast to com.android.server.am.ActivityRecord$Token
06-05 18:14:47.857 W/ActivityManager( 1630): 	at com.android.server.am.ActivityRecord.forTokenLocked(ActivityRecord.java:586)
06-05 18:14:47.857 W/ActivityManager( 1630): 	at com.android.server.am.ActivityRecord.isInStackLocked(ActivityRecord.java:1327)
06-05 18:14:47.857 W/ActivityManager( 1630): 	at com.android.server.am.ActivityManagerService.getActivityOptions(ActivityManagerService.java:12559)
06-05 18:14:47.857 W/ActivityManager( 1630): 	at android.app.ActivityManagerNative.onTransact(ActivityManagerNative.java:1933)
06-05 18:14:47.857 W/ActivityManager( 1630): 	at com.android.server.am.ActivityManagerService.onTransact(ActivityManagerService.java:2757)
06-05 18:14:47.857 W/ActivityManager( 1630): 	at android.os.Binder.execTransact(Binder.java:565)
06-05 18:14:47.857 W/ActivityManager( 1630): Bad activity token: android.os.BinderProxy@1dcf6a2
06-05 18:14:47.857 W/ActivityManager( 1630): java.lang.ClassCastException: android.os.BinderProxy cannot be cast to com.android.server.am.ActivityRecord$Token
06-05 18:14:47.857 W/ActivityManager( 1630): 	at com.android.server.am.ActivityRecord.forTokenLocked(ActivityRecord.java:586)
06-05 18:14:47.857 W/ActivityManager( 1630): 	at com.android.server.am.ActivityRecord.isInStackLocked(ActivityRecord.java:1327)
06-05 18:14:47.857 W/ActivityManager( 1630): 	at com.android.server.am.ActivityManagerService.getActivityOptions(ActivityManagerService.java:12559)
06-05 18:14:47.857 W/ActivityManager( 1630): 	at android.app.ActivityManagerNative.onTransact(ActivityManagerNative.java:1933)
06-05 18:14:47.857 W/ActivityManager( 1630): 	at com.android.server.am.ActivityManagerService.onTransact(ActivityManagerService.java:2757)
06-05 18:14:47.857 W/ActivityManager( 1630): 	at android.os.Binder.execTransact(Binder.java:565)
06-05 18:14:47.883 V/PhoneStatusBar( 1712): setLightsOn(true)
06-05 18:14:47.893 D/EGL_emulation( 1712): eglMakeCurrent: 0xb4085540: ver 2 0 (tinfo 0xb4083740)
06-05 18:14:47.893 V/PhoneStatusBar( 1712): setLightsOn(true)
06-05 18:14:47.895 V/PhoneStatusBar( 1712): setLightsOn(true)
06-05 18:14:47.896 D/gralloc_ranchu( 1346): gralloc_alloc: Creating ashmem region of size 9023488
06-05 18:14:47.898 V/PhoneStatusBar( 1712): setLightsOn(true)
06-05 18:14:47.904 D/        ( 1266): HostConnection::get() New Host Connection established 0x97ca5500, tid 1266
06-05 18:14:47.947 D/EGL_emulation( 1712): eglMakeCurrent: 0xb4085540: ver 2 0 (tinfo 0xb4083740)
06-05 18:14:47.947 D/EGL_emulation( 2099): eglMakeCurrent: 0xb4085240: ver 2 0 (tinfo 0xb40832d0)
06-05 18:14:47.950 D/EGL_emulation( 1712): eglMakeCurrent: 0xb4085540: ver 2 0 (tinfo 0xb4083740)
06-05 18:14:47.951 D/EGL_emulation( 1712): eglMakeCurrent: 0xb4085540: ver 2 0 (tinfo 0xb4083740)
06-05 18:14:47.954 D/EGL_emulation( 1712): eglMakeCurrent: 0xb4085540: ver 2 0 (tinfo 0xb4083740)
06-05 18:14:47.962 D/EGL_emulation( 1712): eglMakeCurrent: 0xb4085540: ver 2 0 (tinfo 0xb4083740)
06-05 18:14:47.964 D/EGL_emulation( 1712): eglMakeCurrent: 0xb4085540: ver 2 0 (tinfo 0xb4083740)
06-05 18:14:47.964 V/PhoneStatusBar( 1712): setLightsOn(true)
06-05 18:14:47.977 D/EGL_emulation( 1712): eglMakeCurrent: 0xb4085540: ver 2 0 (tinfo 0xb4083740)
06-05 18:14:47.983 D/EGL_emulation( 1712): eglMakeCurrent: 0xb4085540: ver 2 0 (tinfo 0xb4083740)
06-05 18:14:47.994 D/EGL_emulation( 1712): eglMakeCurrent: 0xb4085540: ver 2 0 (tinfo 0xb4083740)
06-05 18:14:47.996 D/gralloc_ranchu( 1346): gralloc_alloc: Creating ashmem region of size 9023488
06-05 18:14:48.004 I/WindowManager( 1630): Destroying surface Surface(name=com.evancharlton.mileage/com.evancharlton.mileage.ServiceIntervalActivity) called by com.android.server.wm.WindowStateAnimator.destroySurface:2016 com.android.server.wm.WindowStateAnimator.destroySurfaceLocked:882 com.android.server.wm.WindowState.removeLocked:1456 com.android.server.wm.WindowManagerService.removeWindowInnerLocked:2484 com.android.server.wm.AppWindowToken.destroySurfaces:365 com.android.server.wm.WindowStateAnimator.finishExit:565 com.android.server.wm.AppWindowAnimator.stepAnimationLocked:427 com.android.server.wm.WindowAnimator.updateAppWindowsLocked:196 
06-05 18:14:48.016 D/EGL_emulation( 1712): eglMakeCurrent: 0xb4085540: ver 2 0 (tinfo 0xb4083740)
06-05 18:14:48.032 D/EGL_emulation( 1712): eglMakeCurrent: 0xb4085540: ver 2 0 (tinfo 0xb4083740)
06-05 18:14:48.033 I/ActivityManager( 1630): Displayed com.evancharlton.mileage/.Mileage: +216ms
06-05 18:14:48.055 D/EGL_emulation( 1712): eglMakeCurrent: 0xb4085540: ver 2 0 (tinfo 0xb4083740)
06-05 18:14:48.057 V/PhoneStatusBar( 1712): setLightsOn(true)
06-05 18:14:48.063 D/EGL_emulation( 1712): eglMakeCurrent: 0xb4085540: ver 2 0 (tinfo 0xb4083740)
06-05 18:14:48.072 D/EGL_emulation( 1712): eglMakeCurrent: 0xb4085540: ver 2 0 (tinfo 0xb4083740)
06-05 18:14:48.078 D/EGL_emulation( 1712): eglMakeCurrent: 0xb4085540: ver 2 0 (tinfo 0xb4083740)
06-05 18:14:48.084 D/EGL_emulation( 1712): eglMakeCurrent: 0xb4085540: ver 2 0 (tinfo 0xb4083740)
06-05 18:14:48.085 V/PhoneStatusBar( 1712): setLightsOn(true)
06-05 18:14:48.103 D/EGL_emulation( 1712): eglMakeCurrent: 0xb4085540: ver 2 0 (tinfo 0xb4083740)
06-05 18:14:48.110 D/EGL_emulation( 1712): eglMakeCurrent: 0xb4085540: ver 2 0 (tinfo 0xb4083740)
06-05 18:14:48.117 D/EGL_emulation( 1712): eglMakeCurrent: 0xb4085540: ver 2 0 (tinfo 0xb4083740)
06-05 18:14:48.243 I/WindowManager( 1630): Destroying surface Surface(name=Starting com.evancharlton.mileage) called by com.android.server.wm.WindowStateAnimator.destroySurface:2016 com.android.server.wm.WindowStateAnimator.destroySurfaceLocked:882 com.android.server.wm.WindowState.destroyOrSaveSurface:2100 com.android.server.wm.AppWindowToken.destroySurfaces:363 com.android.server.wm.WindowStateAnimator.finishExit:565 com.android.server.wm.WindowStateAnimator.stepAnimationLocked:491 com.android.server.wm.WindowAnimator.updateWindowsLocked:303 com.android.server.wm.WindowAnimator.animateLocked:704 
06-05 18:14:48.249 V/PhoneStatusBar( 1712): setLightsOn(true)
06-05 18:14:48.277 V/PhoneStatusBar( 1712): setLightsOn(true)
06-05 18:14:48.377 V/PhoneStatusBar( 1712): setLightsOn(true)
06-05 18:14:48.659 V/PhoneStatusBar( 1712): setLightsOn(true)
06-05 18:14:48.660 V/PhoneStatusBar( 1712): setLightsOn(true)
06-05 18:14:48.661 W/OpenGLRenderer( 2099): Incorrectly called buildLayer on View: ShortcutAndWidgetContainer, destroying layer...
06-05 18:14:48.676 I/WindowManager( 1630): Destroying surface Surface(name=com.android.launcher3/com.android.launcher3.Launcher) called by com.android.server.wm.WindowStateAnimator.destroySurface:2016 com.android.server.wm.WindowStateAnimator.destroySurfaceLocked:882 com.android.server.wm.WindowState.destroyOrSaveSurface:2100 com.android.server.wm.AppWindowToken.destroySurfaces:363 com.android.server.wm.AppWindowToken.notifyAppStopped:389 com.android.server.wm.WindowManagerService.notifyAppStopped:4463 com.android.server.am.ActivityStack.activityStoppedLocked:1252 com.android.server.am.ActivityManagerService.activityStopped:6903 
06-05 18:14:48.676 V/PhoneStatusBar( 1712): setLightsOn(true)
06-05 18:14:49.129 D/gralloc_ranchu( 1346): gralloc_alloc: Creating ashmem region of size 9023488
06-05 18:14:49.133 I/System.out( 1266): URI: //
06-05 18:14:49.133 I/System.out( 1266): params: {json={"command":"press_key","arguments":["KEYCODE_MENU"]}
06-05 18:14:49.133 I/System.out( 1266): }
06-05 18:14:49.133 I/System.out( 1266): header: {content-type=application/json;charset=utf-8, date=Fri, 05 Jun 2020 23:14:49 GMT, accept=*/*, host=127.0.0.1:34784, content-length=52, user-agent=HTTPClient/1.0 (2.8.3, ruby 2.5.1 (2018-03-29))}
06-05 18:14:49.133 I/System.out( 1266): params: {json={"command":"press_key","arguments":["KEYCODE_MENU"]}
06-05 18:14:49.133 I/System.out( 1266): }
06-05 18:14:49.133 I/System.out( 1266): ProP json = {"command":"press_key","arguments":["KEYCODE_MENU"]}
06-05 18:14:49.133 I/System.out( 1266): files: {}
06-05 18:14:49.133 I/System.out( 1266): command: {"command":"press_key","arguments":["KEYCODE_MENU"]}
06-05 18:14:49.135 I/InstrumentationBackend( 1266): Got command:'Command:'Line:null,press_key', arguments:'[KEYCODE_MENU]'
06-05 18:14:49.224 V/PhoneStatusBar( 1712): setLightsOn(true)
06-05 18:14:49.228 I/System.out( 1266): result:{"bonusInformation":[],"message":"","success":true}
06-05 18:14:49.232 I/System.out( 1266): URI: //map
06-05 18:14:49.232 I/System.out( 1266): params: {json={"query":"* marked:'Service intervals'","operation":{"method_name":"query","arguments":[]}}
06-05 18:14:49.232 I/System.out( 1266): }
06-05 18:14:49.250 V/PhoneStatusBar( 1712): setLightsOn(true)
06-05 18:14:49.259 V/PhoneStatusBar( 1712): setLightsOn(true)
06-05 18:14:49.285 D/gralloc_ranchu( 1346): gralloc_alloc: Creating ashmem region of size 1720320
06-05 18:14:49.291 V/PhoneStatusBar( 1712): setLightsOn(true)
06-05 18:14:49.291 V/PhoneStatusBar( 1712): setLightsOn(true)
06-05 18:14:49.293 V/PhoneStatusBar( 1712): setLightsOn(true)
06-05 18:14:49.296 W/ResourceType( 1266): No package identifier when getting name for resource number 0x00000001
06-05 18:14:49.307 I/System.out( 1266): URI: //gesture
06-05 18:14:49.307 I/System.out( 1266): params: {json={"query_timeout":5.0,"gestures":[{"query_string":"* marked:'Service intervals'","touches":[{"x":50,"y":50,"offset_x":0,"offset_y":0,"wait":0.0,"time":0.2,"release":true,"query_string":null}]}]}
06-05 18:14:49.307 I/System.out( 1266): }
06-05 18:14:49.319 V/PhoneStatusBar( 1712): setLightsOn(true)
06-05 18:14:49.354 W/ResourceType( 1266): No package identifier when getting name for resource number 0x00000001
06-05 18:14:49.459 D/gralloc_ranchu( 1346): gralloc_alloc: Creating ashmem region of size 1720320
06-05 18:14:49.512 V/PhoneStatusBar( 1712): setLightsOn(true)
06-05 18:14:49.578 I/ActivityManager( 1630): START u0 {cmp=com.evancharlton.mileage/.ServiceIntervalsListActivity} from uid 10150 on display 0
06-05 18:14:49.584 V/PhoneStatusBar( 1712): setLightsOn(true)
06-05 18:14:49.587 V/PhoneStatusBar( 1712): setLightsOn(true)
06-05 18:14:49.611 I/WindowManager( 1630): Destroying surface Surface(name=AtchDlg:com.evancharlton.mileage/com.evancharlton.mileage.FillupActivity) called by com.android.server.wm.WindowStateAnimator.destroySurface:2016 com.android.server.wm.WindowStateAnimator.destroySurfaceLocked:882 com.android.server.wm.WindowState.removeLocked:1456 com.android.server.wm.WindowManagerService.removeWindowInnerLocked:2484 com.android.server.wm.WindowManagerService.removeWindowLocked:2442 com.android.server.wm.WindowManagerService.removeWindowLocked:2311 com.android.server.wm.WindowManagerService.removeWindow:2306 com.android.server.wm.Session.remove:202 
06-05 18:14:49.613 I/calabash( 1266): newActivity1
06-05 18:14:49.629 V/PhoneStatusBar( 1712): setLightsOn(true)
06-05 18:14:49.642 V/PhoneStatusBar( 1712): setLightsOn(true)
06-05 18:14:49.644 D/gralloc_ranchu( 1346): gralloc_alloc: Creating ashmem region of size 9023488
06-05 18:14:49.659 V/PhoneStatusBar( 1712): setLightsOn(true)
06-05 18:14:49.670 I/ActivityManager( 1630): Displayed com.evancharlton.mileage/.ServiceIntervalsListActivity: +67ms
06-05 18:14:49.675 D/gralloc_ranchu( 1346): gralloc_alloc: Creating ashmem region of size 9023488
06-05 18:14:49.676 V/PhoneStatusBar( 1712): setLightsOn(true)
06-05 18:14:49.709 V/PhoneStatusBar( 1712): setLightsOn(true)
06-05 18:14:49.742 V/PhoneStatusBar( 1712): setLightsOn(true)
06-05 18:14:49.913 V/PhoneStatusBar( 1712): setLightsOn(true)
06-05 18:14:50.027 V/PhoneStatusBar( 1712): setLightsOn(true)
06-05 18:14:50.028 V/PhoneStatusBar( 1712): setLightsOn(true)
06-05 18:14:50.043 I/WindowManager( 1630): Destroying surface Surface(name=com.evancharlton.mileage/com.evancharlton.mileage.Mileage) called by com.android.server.wm.WindowStateAnimator.destroySurface:2016 com.android.server.wm.WindowStateAnimator.destroySurfaceLocked:882 com.android.server.wm.WindowState.destroyOrSaveSurface:2100 com.android.server.wm.WindowManagerService.tryStartExitingAnimation:3024 com.android.server.wm.WindowManagerService.relayoutWindow:2904 com.android.server.wm.Session.relayout:224 android.view.IWindowSession$Stub.onTransact:286 com.android.server.wm.Session.onTransact:145 
06-05 18:14:50.043 V/PhoneStatusBar( 1712): setLightsOn(true)
06-05 18:14:50.044 V/PhoneStatusBar( 1712): setLightsOn(true)
06-05 18:14:50.617 I/System.out( 1266): URI: //
06-05 18:14:50.617 I/System.out( 1266): params: {json={"command":"press_key","arguments":["KEYCODE_MENU"]}
06-05 18:14:50.617 I/System.out( 1266): }
06-05 18:14:50.617 I/System.out( 1266): header: {content-type=application/json;charset=utf-8, date=Fri, 05 Jun 2020 23:14:51 GMT, accept=*/*, host=127.0.0.1:34784, content-length=52, user-agent=HTTPClient/1.0 (2.8.3, ruby 2.5.1 (2018-03-29))}
06-05 18:14:50.617 I/System.out( 1266): params: {json={"command":"press_key","arguments":["KEYCODE_MENU"]}
06-05 18:14:50.617 I/System.out( 1266): }
06-05 18:14:50.617 I/System.out( 1266): ProP json = {"command":"press_key","arguments":["KEYCODE_MENU"]}
06-05 18:14:50.617 I/System.out( 1266): files: {}
06-05 18:14:50.617 I/System.out( 1266): command: {"command":"press_key","arguments":["KEYCODE_MENU"]}
06-05 18:14:50.620 I/InstrumentationBackend( 1266): Got command:'Command:'Line:null,press_key', arguments:'[KEYCODE_MENU]'
06-05 18:14:50.625 V/PhoneStatusBar( 1712): setLightsOn(true)
06-05 18:14:50.629 I/System.out( 1266): result:{"bonusInformation":[],"message":"","success":true}
06-05 18:14:50.644 V/PhoneStatusBar( 1712): setLightsOn(true)
06-05 18:14:50.660 V/PhoneStatusBar( 1712): setLightsOn(true)
06-05 18:14:50.677 V/PhoneStatusBar( 1712): setLightsOn(true)
06-05 18:14:50.678 D/gralloc_ranchu( 1346): gralloc_alloc: Creating ashmem region of size 929792
06-05 18:14:50.687 V/PhoneStatusBar( 1712): setLightsOn(true)
06-05 18:14:50.688 V/PhoneStatusBar( 1712): setLightsOn(true)
06-05 18:14:50.693 V/PhoneStatusBar( 1712): setLightsOn(true)
06-05 18:14:50.909 V/PhoneStatusBar( 1712): setLightsOn(true)
06-05 18:14:51.633 I/System.out( 1266): URI: //map
06-05 18:14:51.633 I/System.out( 1266): params: {json={"query":"* marked:'Templates'","operation":{"method_name":"query","arguments":[]}}
06-05 18:14:51.633 I/System.out( 1266): }
06-05 18:14:51.638 W/ResourceType( 1266): No package identifier when getting name for resource number 0x00000001
06-05 18:14:51.638 I/art     ( 1266): Do partial code cache collection, code=30KB, data=28KB
06-05 18:14:51.639 I/art     ( 1266): After code cache collection, code=28KB, data=27KB
06-05 18:14:51.639 I/art     ( 1266): Increasing code cache capacity to 128KB
06-05 18:14:51.646 I/System.out( 1266): URI: //gesture
06-05 18:14:51.646 I/System.out( 1266): params: {json={"query_timeout":5.0,"gestures":[{"query_string":"* marked:'Templates'","touches":[{"x":50,"y":50,"offset_x":0,"offset_y":0,"wait":0.0,"time":0.2,"release":true,"query_string":null}]}]}
06-05 18:14:51.646 I/System.out( 1266): }
06-05 18:14:51.652 W/ResourceType( 1266): No package identifier when getting name for resource number 0x00000001
06-05 18:14:51.759 D/gralloc_ranchu( 1346): gralloc_alloc: Creating ashmem region of size 929792
06-05 18:14:51.878 I/ActivityManager( 1630): START u0 {cmp=com.evancharlton.mileage/.ServiceIntervalTemplateListActivity} from uid 10150 on display 0
06-05 18:14:51.885 V/PhoneStatusBar( 1712): setLightsOn(true)
06-05 18:14:51.888 V/PhoneStatusBar( 1712): setLightsOn(true)
06-05 18:14:51.902 I/WindowManager( 1630): Destroying surface Surface(name=AtchDlg:com.evancharlton.mileage/com.evancharlton.mileage.ServiceIntervalsListActivity) called by com.android.server.wm.WindowStateAnimator.destroySurface:2016 com.android.server.wm.WindowStateAnimator.destroySurfaceLocked:882 com.android.server.wm.WindowState.removeLocked:1456 com.android.server.wm.WindowManagerService.removeWindowInnerLocked:2484 com.android.server.wm.WindowManagerService.removeWindowLocked:2442 com.android.server.wm.WindowManagerService.removeWindowLocked:2311 com.android.server.wm.WindowManagerService.removeWindow:2306 com.android.server.wm.Session.remove:202 
06-05 18:14:51.904 I/calabash( 1266): newActivity1
06-05 18:14:51.909 W/SurfaceFlinger( 1346): couldn't log to binary event log: overflow.
06-05 18:14:51.914 I/System.out( 1266): URI: //map
06-05 18:14:51.914 I/System.out( 1266): params: {json={"query":"* {text CONTAINS[c] 'Service interval templates'}","operation":{"method_name":"query","arguments":[]}}
06-05 18:14:51.914 I/System.out( 1266): }
06-05 18:14:51.929 V/PhoneStatusBar( 1712): setLightsOn(true)
06-05 18:14:51.942 V/PhoneStatusBar( 1712): setLightsOn(true)
06-05 18:14:51.947 D/gralloc_ranchu( 1346): gralloc_alloc: Creating ashmem region of size 9023488
06-05 18:14:51.959 V/PhoneStatusBar( 1712): setLightsOn(true)
06-05 18:14:51.972 I/ActivityManager( 1630): Displayed com.evancharlton.mileage/.ServiceIntervalTemplateListActivity: +77ms
06-05 18:14:51.976 V/PhoneStatusBar( 1712): setLightsOn(true)
06-05 18:14:51.992 V/PhoneStatusBar( 1712): setLightsOn(true)
06-05 18:14:52.009 V/PhoneStatusBar( 1712): setLightsOn(true)
06-05 18:14:52.211 V/PhoneStatusBar( 1712): setLightsOn(true)
06-05 18:14:52.327 V/PhoneStatusBar( 1712): setLightsOn(true)
06-05 18:14:52.329 V/PhoneStatusBar( 1712): setLightsOn(true)
06-05 18:14:52.343 I/WindowManager( 1630): Destroying surface Surface(name=com.evancharlton.mileage/com.evancharlton.mileage.ServiceIntervalsListActivity) called by com.android.server.wm.WindowStateAnimator.destroySurface:2016 com.android.server.wm.WindowStateAnimator.destroySurfaceLocked:882 com.android.server.wm.WindowState.destroyOrSaveSurface:2100 com.android.server.wm.AppWindowToken.destroySurfaces:363 com.android.server.wm.AppWindowToken.notifyAppStopped:389 com.android.server.wm.WindowManagerService.notifyAppStopped:4463 com.android.server.am.ActivityStack.activityStoppedLocked:1252 com.android.server.am.ActivityManagerService.activityStopped:6903 
06-05 18:14:52.343 V/PhoneStatusBar( 1712): setLightsOn(true)
06-05 18:14:52.991 I/System.out( 1266): URI: //
06-05 18:14:52.991 I/System.out( 1266): params: {json={"command":"press_key","arguments":["KEYCODE_MENU"]}
06-05 18:14:52.991 I/System.out( 1266): }
06-05 18:14:52.991 I/System.out( 1266): header: {content-type=application/json;charset=utf-8, date=Fri, 05 Jun 2020 23:14:53 GMT, accept=*/*, host=127.0.0.1:34784, content-length=52, user-agent=HTTPClient/1.0 (2.8.3, ruby 2.5.1 (2018-03-29))}
06-05 18:14:52.991 I/System.out( 1266): params: {json={"command":"press_key","arguments":["KEYCODE_MENU"]}
06-05 18:14:52.991 I/System.out( 1266): }
06-05 18:14:52.992 I/System.out( 1266): ProP json = {"command":"press_key","arguments":["KEYCODE_MENU"]}
06-05 18:14:52.992 I/System.out( 1266): files: {}
06-05 18:14:52.992 I/System.out( 1266): command: {"command":"press_key","arguments":["KEYCODE_MENU"]}
06-05 18:14:52.996 I/InstrumentationBackend( 1266): Got command:'Command:'Line:null,press_key', arguments:'[KEYCODE_MENU]'
06-05 18:14:53.005 V/PhoneStatusBar( 1712): setLightsOn(true)
06-05 18:14:53.011 V/PhoneStatusBar( 1712): setLightsOn(true)
06-05 18:14:53.013 I/System.out( 1266): result:{"bonusInformation":[],"message":"","success":true}
06-05 18:14:53.018 I/System.out( 1266): URI: //map
06-05 18:14:53.018 I/System.out( 1266): params: {json={"query":"* marked:'Add service interval template'","operation":{"method_name":"query","arguments":[]}}
06-05 18:14:53.018 I/System.out( 1266): }
06-05 18:14:53.026 V/PhoneStatusBar( 1712): setLightsOn(true)
06-05 18:14:53.043 V/PhoneStatusBar( 1712): setLightsOn(true)
06-05 18:14:53.044 D/gralloc_ranchu( 1346): gralloc_alloc: Creating ashmem region of size 929792
06-05 18:14:53.051 V/PhoneStatusBar( 1712): setLightsOn(true)
06-05 18:14:53.051 W/ResourceType( 1266): No package identifier when getting name for resource number 0x00000001
06-05 18:14:53.052 V/PhoneStatusBar( 1712): setLightsOn(true)
06-05 18:14:53.060 V/PhoneStatusBar( 1712): setLightsOn(true)
06-05 18:14:53.063 I/System.out( 1266): URI: //gesture
06-05 18:14:53.063 I/System.out( 1266): params: {json={"query_timeout":5.0,"gestures":[{"query_string":"* marked:'Add service interval template'","touches":[{"x":50,"y":50,"offset_x":0,"offset_y":0,"wait":0.0,"time":0.2,"release":true,"query_string":null}]}]}
06-05 18:14:53.063 I/System.out( 1266): }
06-05 18:14:53.070 W/ResourceType( 1266): No package identifier when getting name for resource number 0x00000001
06-05 18:14:53.142 D/gralloc_ranchu( 1346): gralloc_alloc: Creating ashmem region of size 9023488
06-05 18:14:53.197 D/gralloc_ranchu( 1346): gralloc_alloc: Creating ashmem region of size 9023488
06-05 18:14:53.266 D/gralloc_ranchu( 1346): gralloc_alloc: Creating ashmem region of size 929792
06-05 18:14:53.276 V/PhoneStatusBar( 1712): setLightsOn(true)
06-05 18:14:53.344 I/System.out( 1266): URI: //map
06-05 18:14:53.344 I/System.out( 1266): params: {json={"query":"* {text CONTAINS[c] 'Service interval template'}","operation":{"method_name":"query","arguments":[]}}
06-05 18:14:53.344 I/System.out( 1266): }
06-05 18:14:53.365 I/ActivityManager( 1630): START u0 {cmp=com.evancharlton.mileage/.ServiceIntervalTemplateActivity} from uid 10150 on display 0
06-05 18:14:53.366 V/PhoneStatusBar( 1712): setLightsOn(true)
06-05 18:14:53.367 V/PhoneStatusBar( 1712): setLightsOn(true)
06-05 18:14:53.406 I/WindowManager( 1630): Destroying surface Surface(name=AtchDlg:com.evancharlton.mileage/com.evancharlton.mileage.ServiceIntervalTemplateListActivity) called by com.android.server.wm.WindowStateAnimator.destroySurface:2016 com.android.server.wm.WindowStateAnimator.destroySurfaceLocked:882 com.android.server.wm.WindowState.removeLocked:1456 com.android.server.wm.WindowManagerService.removeWindowInnerLocked:2484 com.android.server.wm.WindowManagerService.removeWindowLocked:2442 com.android.server.wm.WindowManagerService.removeWindowLocked:2311 com.android.server.wm.WindowManagerService.removeWindow:2306 com.android.server.wm.Session.remove:202 
06-05 18:14:53.409 W/SurfaceFlinger( 1346): couldn't log to binary event log: overflow.
06-05 18:14:53.417 I/System.out( 1266): URI: //map
06-05 18:14:53.417 I/System.out( 1266): params: {json={"query":"* {text CONTAINS[c] 'Service interval information'}","operation":{"method_name":"query","arguments":[]}}
06-05 18:14:53.417 I/System.out( 1266): }
06-05 18:14:53.431 I/calabash( 1266): newActivity1
06-05 18:14:53.471 V/PhoneStatusBar( 1712): setLightsOn(true)
06-05 18:14:53.477 V/PhoneStatusBar( 1712): setLightsOn(true)
06-05 18:14:53.492 D/gralloc_ranchu( 1346): gralloc_alloc: Creating ashmem region of size 9023488
06-05 18:14:53.494 V/PhoneStatusBar( 1712): setLightsOn(true)
06-05 18:14:53.523 I/ActivityManager( 1630): Displayed com.evancharlton.mileage/.ServiceIntervalTemplateActivity: +119ms
06-05 18:14:53.523 W/InputMethodService( 1697): Window size has been changed. This may cause jankiness of resizing window: -1 -> -2
06-05 18:14:53.526 V/PhoneStatusBar( 1712): setLightsOn(true)
06-05 18:14:53.527 D/gralloc_ranchu( 1346): gralloc_alloc: Creating ashmem region of size 9023488
06-05 18:14:53.530 I/LatinIME( 1697): Starting input. Cursor position = 0,0
06-05 18:14:53.542 V/PhoneStatusBar( 1712): setLightsOn(true)
06-05 18:14:53.593 V/PhoneStatusBar( 1712): setLightsOn(true)
06-05 18:14:53.662 D/EGL_emulation( 1712): eglMakeCurrent: 0xb4085540: ver 2 0 (tinfo 0xb4083740)
06-05 18:14:53.662 V/PhoneStatusBar( 1712): setLightsOn(true)
06-05 18:14:53.664 D/EGL_emulation( 1712): eglMakeCurrent: 0xb4085540: ver 2 0 (tinfo 0xb4083740)
06-05 18:14:53.680 V/PhoneStatusBar( 1712): setLightsOn(true)
06-05 18:14:53.681 D/EGL_emulation( 1697): eglMakeCurrent: 0xb4085660: ver 2 0 (tinfo 0xb40834b0)
06-05 18:14:53.692 V/PhoneStatusBar( 1712): setLightsOn(true)
06-05 18:14:53.709 V/PhoneStatusBar( 1712): setLightsOn(true)
06-05 18:14:53.760 V/PhoneStatusBar( 1712): setLightsOn(true)
06-05 18:14:53.807 I/System.out( 1266): URI: //map
06-05 18:14:53.807 I/System.out( 1266): params: {json={"query":"* {text CONTAINS[c] 'Service interval information'}","operation":{"method_name":"query","arguments":[]}}
06-05 18:14:53.807 I/System.out( 1266): }
06-05 18:14:53.822 I/System.out( 1266): URI: //map
06-05 18:14:53.822 I/System.out( 1266): params: {json={"query":"* {text CONTAINS[c] 'When to remind'}","operation":{"method_name":"query","arguments":[]}}
06-05 18:14:53.822 I/System.out( 1266): }
06-05 18:14:53.837 I/art     ( 1266): Do partial code cache collection, code=57KB, data=60KB
06-05 18:14:53.837 I/art     ( 1266): After code cache collection, code=57KB, data=60KB
06-05 18:14:53.837 I/art     ( 1266): Increasing code cache capacity to 256KB
06-05 18:14:53.838 I/System.out( 1266): URI: //map
06-05 18:14:53.838 I/System.out( 1266): params: {json={"query":"* marked:'Miles'","operation":{"method_name":"query","arguments":[]}}
06-05 18:14:53.838 I/System.out( 1266): }
06-05 18:14:53.843 W/ResourceType( 1266): No package identifier when getting name for resource number 0x00000001
06-05 18:14:53.853 I/System.out( 1266): URI: //gesture
06-05 18:14:53.853 I/System.out( 1266): params: {json={"query_timeout":5.0,"gestures":[{"query_string":"* marked:'Miles'","touches":[{"x":50,"y":50,"offset_x":0,"offset_y":0,"wait":0.0,"time":0.2,"release":true,"query_string":null}]}]}
06-05 18:14:53.853 I/System.out( 1266): }
06-05 18:14:53.858 W/ResourceType( 1266): No package identifier when getting name for resource number 0x00000001
06-05 18:14:53.876 V/PhoneStatusBar( 1712): setLightsOn(true)
06-05 18:14:53.877 V/PhoneStatusBar( 1712): setLightsOn(true)
06-05 18:14:53.892 I/WindowManager( 1630): Destroying surface Surface(name=com.evancharlton.mileage/com.evancharlton.mileage.ServiceIntervalTemplateListActivity) called by com.android.server.wm.WindowStateAnimator.destroySurface:2016 com.android.server.wm.WindowStateAnimator.destroySurfaceLocked:882 com.android.server.wm.WindowState.destroyOrSaveSurface:2100 com.android.server.wm.WindowManagerService.tryStartExitingAnimation:3024 com.android.server.wm.WindowManagerService.relayoutWindow:2904 com.android.server.wm.Session.relayout:224 android.view.IWindowSession$Stub.onTransact:286 com.android.server.wm.Session.onTransact:145 
06-05 18:14:53.893 V/PhoneStatusBar( 1712): setLightsOn(true)
06-05 18:14:53.894 V/PhoneStatusBar( 1712): setLightsOn(true)
06-05 18:14:53.909 V/PhoneStatusBar( 1712): setLightsOn(true)
06-05 18:14:54.052 W/Finsky  ( 2521): [146] com.google.android.finsky.FinskyApp.i(1468): No account configured on this device.
06-05 18:14:54.053 I/Finsky  ( 2521): [146] com.google.android.finsky.c.e.run(1151): Replicating app states via AMAS.
06-05 18:14:54.079 I/Finsky  ( 2521): [146] com.google.android.finsky.c.c.a(311): Completed 0 account content syncs with 0 successful.
06-05 18:14:54.079 I/Finsky  ( 2521): [1] com.google.android.finsky.services.j.a(149): Installation state replication succeeded.
06-05 18:14:54.100 V/PhoneStatusBar( 1712): setLightsOn(true)
06-05 18:14:54.103 I/System.out( 1266): URI: //map
06-05 18:14:54.104 I/System.out( 1266): params: {json={"query":"* marked:'Kilometers'","operation":{"method_name":"query","arguments":[]}}
06-05 18:14:54.104 I/System.out( 1266): }
06-05 18:14:54.113 V/PhoneStatusBar( 1712): setLightsOn(true)
06-05 18:14:54.126 V/PhoneStatusBar( 1712): setLightsOn(true)
06-05 18:14:54.154 D/gralloc_ranchu( 1346): gralloc_alloc: Creating ashmem region of size 1597440
06-05 18:14:54.160 V/PhoneStatusBar( 1712): setLightsOn(true)
06-05 18:14:54.161 W/ResourceType( 1266): No package identifier when getting name for resource number 0x00000001
06-05 18:14:54.161 V/PhoneStatusBar( 1712): setLightsOn(true)
06-05 18:14:54.162 D/gralloc_ranchu( 1346): gralloc_alloc: Creating ashmem region of size 1597440
06-05 18:14:54.176 V/PhoneStatusBar( 1712): setLightsOn(true)
06-05 18:14:54.428 V/PhoneStatusBar( 1712): setLightsOn(true)
06-05 18:14:54.470 I/System.out( 1266): URI: //map
06-05 18:14:54.470 I/System.out( 1266): params: {json={"query":"* marked:'Kilometers'","operation":{"method_name":"query","arguments":[]}}
06-05 18:14:54.470 I/System.out( 1266): }
06-05 18:14:54.488 W/ResourceType( 1266): No package identifier when getting name for resource number 0x00000001
06-05 18:14:54.515 I/System.out( 1266): URI: //gesture
06-05 18:14:54.515 I/System.out( 1266): params: {json={"query_timeout":5.0,"gestures":[{"query_string":"* marked:'Kilometers'","touches":[{"x":50,"y":50,"offset_x":0,"offset_y":0,"wait":0.0,"time":0.2,"release":true,"query_string":null}]}]}
06-05 18:14:54.515 I/System.out( 1266): }
06-05 18:14:54.523 W/ResourceType( 1266): No package identifier when getting name for resource number 0x00000001
06-05 18:14:54.687 D/gralloc_ranchu( 1346): gralloc_alloc: Creating ashmem region of size 9023488
06-05 18:14:54.817 V/PhoneStatusBar( 1712): setLightsOn(true)
06-05 18:14:54.817 V/PhoneStatusBar( 1712): setLightsOn(true)
06-05 18:14:54.825 I/System.out( 1266): URI: //map
06-05 18:14:54.825 I/System.out( 1266): params: {json={"query":"* marked:'Days'","operation":{"method_name":"query","arguments":[]}}
06-05 18:14:54.825 I/System.out( 1266): }
06-05 18:14:54.826 W/InputEventReceiver( 1266): Attempted to finish an input event but the input event receiver has already been disposed.
06-05 18:14:54.870 W/InputMethodManagerService( 1630): Window already focused, ignoring focus gain of: com.android.internal.view.IInputMethodClient$Stub$Proxy@4f816b attribute=null, token = android.os.BinderProxy@a8baf0a
06-05 18:14:54.927 W/ResourceType( 1266): No package identifier when getting name for resource number 0x00000001
06-05 18:14:54.940 I/System.out( 1266): URI: //gesture
06-05 18:14:54.940 I/System.out( 1266): params: {json={"query_timeout":5.0,"gestures":[{"query_string":"* marked:'Days'","touches":[{"x":50,"y":50,"offset_x":0,"offset_y":0,"wait":0.0,"time":0.2,"release":true,"query_string":null}]}]}
06-05 18:14:54.940 I/System.out( 1266): }
06-05 18:14:54.973 W/ResourceType( 1266): No package identifier when getting name for resource number 0x00000001
06-05 18:14:55.092 I/WindowManager( 1630): Destroying surface Surface(name=com.evancharlton.mileage/com.evancharlton.mileage.ServiceIntervalTemplateActivity) called by com.android.server.wm.WindowStateAnimator.destroySurface:2016 com.android.server.wm.WindowStateAnimator.destroySurfaceLocked:882 com.android.server.wm.WindowState.destroyOrSaveSurface:2100 com.android.server.wm.AppWindowToken.destroySurfaces:363 com.android.server.wm.WindowStateAnimator.finishExit:565 com.android.server.wm.WindowStateAnimator.stepAnimationLocked:491 com.android.server.wm.WindowAnimator.updateWindowsLocked:303 com.android.server.wm.WindowAnimator.animateLocked:704 
06-05 18:14:55.093 V/PhoneStatusBar( 1712): setLightsOn(true)
06-05 18:14:55.095 V/PhoneStatusBar( 1712): setLightsOn(true)
06-05 18:14:55.196 V/PhoneStatusBar( 1712): setLightsOn(true)
06-05 18:14:55.200 I/System.out( 1266): URI: //map
06-05 18:14:55.200 I/System.out( 1266): params: {json={"query":"* {text CONTAINS[c] 'Months'}","operation":{"method_name":"query","arguments":[]}}
06-05 18:14:55.200 I/System.out( 1266): }
06-05 18:14:55.211 V/PhoneStatusBar( 1712): setLightsOn(true)
06-05 18:14:55.226 V/PhoneStatusBar( 1712): setLightsOn(true)
06-05 18:14:55.229 I/art     ( 1266): Compiler allocated 7MB to compile sh.calaba.instrumentationbackend.actions.NanoHTTPD$Response sh.calaba.instrumentationbackend.actions.HttpServer.serve(java.lang.String, java.lang.String, java.util.Properties, java.util.Properties, java.util.Properties)
06-05 18:14:55.263 D/gralloc_ranchu( 1346): gralloc_alloc: Creating ashmem region of size 2842624
06-05 18:14:55.272 V/PhoneStatusBar( 1712): setLightsOn(true)
06-05 18:14:55.273 V/PhoneStatusBar( 1712): setLightsOn(true)
06-05 18:14:55.275 D/gralloc_ranchu( 1346): gralloc_alloc: Creating ashmem region of size 2842624
06-05 18:14:55.276 V/PhoneStatusBar( 1712): setLightsOn(true)
06-05 18:14:55.526 V/PhoneStatusBar( 1712): setLightsOn(true)
06-05 18:14:55.585 I/System.out( 1266): URI: //map
06-05 18:14:55.585 I/System.out( 1266): params: {json={"query":"* {text CONTAINS[c] 'Months'}","operation":{"method_name":"query","arguments":[]}}
06-05 18:14:55.585 I/System.out( 1266): }
06-05 18:14:55.616 I/System.out( 1266): URI: //map
06-05 18:14:55.617 I/System.out( 1266): params: {json={"query":"* {text CONTAINS[c] 'Years'}","operation":{"method_name":"query","arguments":[]}}
06-05 18:14:55.617 I/System.out( 1266): }
06-05 18:14:55.631 I/System.out( 1266): URI: //map
06-05 18:14:55.631 I/System.out( 1266): params: {json={"query":"* marked:'Weeks'","operation":{"method_name":"query","arguments":[]}}
06-05 18:14:55.631 I/System.out( 1266): }
06-05 18:14:55.635 W/ResourceType( 1266): No package identifier when getting name for resource number 0x00000001
06-05 18:14:55.642 I/System.out( 1266): URI: //gesture
06-05 18:14:55.642 I/System.out( 1266): params: {json={"query_timeout":5.0,"gestures":[{"query_string":"* marked:'Weeks'","touches":[{"x":50,"y":50,"offset_x":0,"offset_y":0,"wait":0.0,"time":0.2,"release":true,"query_string":null}]}]}
06-05 18:14:55.642 I/System.out( 1266): }
06-05 18:14:55.646 W/ResourceType( 1266): No package identifier when getting name for resource number 0x00000001
06-05 18:14:55.877 V/PhoneStatusBar( 1712): setLightsOn(true)
