06-05 21:22:20.848 I/InstrumentationBackend(10926): Got command:'Command:'Line:null,press_key', arguments:'[KEYCODE_BACK]'
06-05 21:22:20.869 W/InputMethodService( 1697): Window size has been changed. This may cause jankiness of resizing window: -1 -> -2
06-05 21:22:20.870 I/System.out(10926): result:{"bonusInformation":[],"message":"","success":true}
06-05 21:22:20.873 I/System.out(10926): URI: //map
06-05 21:22:20.873 I/System.out(10926): params: {json={"query":"* marked:'Miles'","operation":{"method_name":"query","arguments":[]}}
06-05 21:22:20.873 I/System.out(10926): }
06-05 21:22:20.876 W/ResourceType(10926): No package identifier when getting name for resource number 0x00000001
06-05 21:22:20.878 D/EGL_emulation( 1711): eglMakeCurrent: 0xb0f853c0: ver 2 0 (tinfo 0xb0f833e0)
06-05 21:22:20.878 D/EGL_emulation( 1697): eglMakeCurrent: 0xb0f85180: ver 2 0 (tinfo 0xb0f83880)
06-05 21:22:20.880 V/PhoneStatusBar( 1711): setLightsOn(true)
06-05 21:22:20.881 V/PhoneStatusBar( 1711): setLightsOn(true)
06-05 21:22:20.888 I/System.out(10926): URI: //gesture
06-05 21:22:20.888 I/System.out(10926): params: {json={"query_timeout":5.0,"gestures":[{"query_string":"* marked:'Miles'","touches":[{"x":50,"y":50,"offset_x":0,"offset_y":0,"wait":0.0,"time":0.2,"release":true,"query_string":null}]}]}
06-05 21:22:20.888 I/System.out(10926): }
06-05 21:22:20.896 V/PhoneStatusBar( 1711): setLightsOn(true)
06-05 21:22:20.911 W/ResourceType(10926): No package identifier when getting name for resource number 0x00000001
06-05 21:22:21.061 V/PhoneStatusBar( 1711): setLightsOn(true)
06-05 21:22:21.062 I/WindowManager( 1630): Destroying surface Surface(name=InputMethod) called by com.android.server.wm.WindowStateAnimator.destroySurface:2016 com.android.server.wm.WindowStateAnimator.destroySurfaceLocked:882 com.android.server.wm.WindowState.destroyOrSaveSurface:2100 com.android.server.wm.WindowSurfacePlacer.performSurfacePlacementInner:429 com.android.server.wm.WindowSurfacePlacer.performSurfacePlacementLoop:232 com.android.server.wm.WindowSurfacePlacer.performSurfacePlacement:180 com.android.server.wm.WindowManagerService$H.handleMessage:8086 android.os.Handler.dispatchMessage:102 
06-05 21:22:21.168 V/PhoneStatusBar( 1711): setLightsOn(true)
06-05 21:22:21.179 I/System.out(10926): URI: //map
06-05 21:22:21.179 I/System.out(10926): params: {json={"query":"* marked:'Kilometers'","operation":{"method_name":"query","arguments":[]}}
06-05 21:22:21.179 I/System.out(10926): }
06-05 21:22:21.184 V/PhoneStatusBar( 1711): setLightsOn(true)
06-05 21:22:21.195 V/PhoneStatusBar( 1711): setLightsOn(true)
06-05 21:22:21.221 D/gralloc_ranchu( 1347): gralloc_alloc: Creating ashmem region of size 1597440
06-05 21:22:21.227 V/PhoneStatusBar( 1711): setLightsOn(true)
06-05 21:22:21.229 V/PhoneStatusBar( 1711): setLightsOn(true)
06-05 21:22:21.229 D/gralloc_ranchu( 1347): gralloc_alloc: Creating ashmem region of size 1597440
06-05 21:22:21.243 W/ResourceType(10926): No package identifier when getting name for resource number 0x00000001
06-05 21:22:21.246 V/PhoneStatusBar( 1711): setLightsOn(true)
06-05 21:22:21.259 I/System.out(10926): URI: //gesture
06-05 21:22:21.259 I/System.out(10926): params: {json={"query_timeout":5.0,"gestures":[{"query_string":"* marked:'Kilometers'","touches":[{"x":50,"y":50,"offset_x":0,"offset_y":0,"wait":0.0,"time":0.2,"release":true,"query_string":null}]}]}
06-05 21:22:21.259 I/System.out(10926): }
06-05 21:22:21.301 W/ResourceType(10926): No package identifier when getting name for resource number 0x00000001
06-05 21:22:21.496 V/PhoneStatusBar( 1711): setLightsOn(true)
06-05 21:22:21.534 V/PhoneStatusBar( 1711): setLightsOn(true)
06-05 21:22:21.535 W/audio_hw_generic( 1395): Not supplying enough data to HAL, expected position 545567196 , only wrote 545567040
06-05 21:22:21.551 I/System.out(10926): URI: //map
06-05 21:22:21.551 I/System.out(10926): params: {json={"query":"* marked:'Gallons'","operation":{"method_name":"query","arguments":[]}}
06-05 21:22:21.551 I/System.out(10926): }
06-05 21:22:21.561 W/InputEventReceiver(10926): Attempted to finish an input event but the input event receiver has already been disposed.
06-05 21:22:21.591 W/InputMethodManagerService( 1630): Window already focused, ignoring focus gain of: com.android.internal.view.IInputMethodClient$Stub$Proxy@4090de2 attribute=null, token = android.os.BinderProxy@71ebefc
06-05 21:22:21.635 W/ResourceType(10926): No package identifier when getting name for resource number 0x00000001
06-05 21:22:21.643 I/System.out(10926): URI: //gesture
06-05 21:22:21.643 I/System.out(10926): params: {json={"query_timeout":5.0,"gestures":[{"query_string":"* marked:'Gallons'","touches":[{"x":50,"y":50,"offset_x":0,"offset_y":0,"wait":0.0,"time":0.2,"release":true,"query_string":null}]}]}
06-05 21:22:21.643 I/System.out(10926): }
06-05 21:22:21.647 W/ResourceType(10926): No package identifier when getting name for resource number 0x00000001
06-05 21:22:21.827 I/WindowManager( 1630): Destroying surface Surface(name=com.evancharlton.mileage/com.evancharlton.mileage.VehicleActivity) called by com.android.server.wm.WindowStateAnimator.destroySurface:2016 com.android.server.wm.WindowStateAnimator.destroySurfaceLocked:882 com.android.server.wm.WindowState.destroyOrSaveSurface:2100 com.android.server.wm.AppWindowToken.destroySurfaces:363 com.android.server.wm.WindowStateAnimator.finishExit:565 com.android.server.wm.WindowStateAnimator.stepAnimationLocked:491 com.android.server.wm.WindowAnimator.updateWindowsLocked:303 com.android.server.wm.WindowAnimator.animateLocked:704 
06-05 21:22:21.828 V/PhoneStatusBar( 1711): setLightsOn(true)
06-05 21:22:21.830 V/PhoneStatusBar( 1711): setLightsOn(true)
06-05 21:22:21.891 V/PhoneStatusBar( 1711): setLightsOn(true)
06-05 21:22:21.900 V/PhoneStatusBar( 1711): setLightsOn(true)
06-05 21:22:21.910 I/System.out(10926): URI: //map
06-05 21:22:21.910 I/System.out(10926): params: {json={"query":"* marked:'Litres'","operation":{"method_name":"query","arguments":[]}}
06-05 21:22:21.910 I/System.out(10926): }
06-05 21:22:21.912 V/PhoneStatusBar( 1711): setLightsOn(true)
06-05 21:22:21.938 D/gralloc_ranchu( 1347): gralloc_alloc: Creating ashmem region of size 2220032
06-05 21:22:21.947 V/PhoneStatusBar( 1711): setLightsOn(true)
06-05 21:22:21.947 D/gralloc_ranchu( 1347): gralloc_alloc: Creating ashmem region of size 2220032
06-05 21:22:21.948 V/PhoneStatusBar( 1711): setLightsOn(true)
06-05 21:22:21.961 V/PhoneStatusBar( 1711): setLightsOn(true)
06-05 21:22:21.963 W/ResourceType(10926): No package identifier when getting name for resource number 0x00000001
06-05 21:22:21.971 I/System.out(10926): URI: //gesture
06-05 21:22:21.971 I/System.out(10926): params: {json={"query_timeout":5.0,"gestures":[{"query_string":"* marked:'Litres'","touches":[{"x":50,"y":50,"offset_x":0,"offset_y":0,"wait":0.0,"time":0.2,"release":true,"query_string":null}]}]}
06-05 21:22:21.971 I/System.out(10926): }
06-05 21:22:22.002 W/ResourceType(10926): No package identifier when getting name for resource number 0x00000001
06-05 21:22:22.212 V/PhoneStatusBar( 1711): setLightsOn(true)
06-05 21:22:22.230 V/PhoneStatusBar( 1711): setLightsOn(true)
06-05 21:22:22.230 V/PhoneStatusBar( 1711): setLightsOn(true)
06-05 21:22:22.242 I/System.out(10926): URI: //map
06-05 21:22:22.242 I/System.out(10926): params: {json={"query":"* marked:'Miles / Gallon'","operation":{"method_name":"query","arguments":[]}}
06-05 21:22:22.242 I/System.out(10926): }
06-05 21:22:22.244 W/InputEventReceiver(10926): Attempted to finish an input event but the input event receiver has already been disposed.
06-05 21:22:22.287 W/InputMethodManagerService( 1630): Window already focused, ignoring focus gain of: com.android.internal.view.IInputMethodClient$Stub$Proxy@ef6f0a9 attribute=null, token = android.os.BinderProxy@71ebefc
06-05 21:22:22.333 W/ResourceType(10926): No package identifier when getting name for resource number 0x00000001
06-05 21:22:22.342 I/System.out(10926): URI: //gesture
06-05 21:22:22.342 I/System.out(10926): params: {json={"query_timeout":5.0,"gestures":[{"query_string":"* marked:'Miles / Gallon'","touches":[{"x":50,"y":50,"offset_x":0,"offset_y":0,"wait":0.0,"time":0.2,"release":true,"query_string":null}]}]}
06-05 21:22:22.342 I/System.out(10926): }
06-05 21:22:22.347 W/ResourceType(10926): No package identifier when getting name for resource number 0x00000001
06-05 21:22:22.494 I/WindowManager( 1630): Destroying surface Surface(name=com.evancharlton.mileage/com.evancharlton.mileage.VehicleActivity) called by com.android.server.wm.WindowStateAnimator.destroySurface:2016 com.android.server.wm.WindowStateAnimator.destroySurfaceLocked:882 com.android.server.wm.WindowState.destroyOrSaveSurface:2100 com.android.server.wm.AppWindowToken.destroySurfaces:363 com.android.server.wm.WindowStateAnimator.finishExit:565 com.android.server.wm.WindowStateAnimator.stepAnimationLocked:491 com.android.server.wm.WindowAnimator.updateWindowsLocked:303 com.android.server.wm.WindowAnimator.animateLocked:704 
06-05 21:22:22.495 V/PhoneStatusBar( 1711): setLightsOn(true)
06-05 21:22:22.497 V/PhoneStatusBar( 1711): setLightsOn(true)
06-05 21:22:22.583 V/PhoneStatusBar( 1711): setLightsOn(true)
06-05 21:22:22.590 I/System.out(10926): URI: //map
06-05 21:22:22.590 I/System.out(10926): params: {json={"query":"* marked:'Km / Litre'","operation":{"method_name":"query","arguments":[]}}
06-05 21:22:22.590 I/System.out(10926): }
06-05 21:22:22.597 V/PhoneStatusBar( 1711): setLightsOn(true)
06-05 21:22:22.611 V/PhoneStatusBar( 1711): setLightsOn(true)
06-05 21:22:22.670 D/gralloc_ranchu( 1347): gralloc_alloc: Creating ashmem region of size 5959680
06-05 21:22:22.701 V/PhoneStatusBar( 1711): setLightsOn(true)
06-05 21:22:22.702 W/ResourceType(10926): No package identifier when getting name for resource number 0x00000001
06-05 21:22:22.704 D/gralloc_ranchu( 1347): gralloc_alloc: Creating ashmem region of size 5959680
06-05 21:22:22.705 V/PhoneStatusBar( 1711): setLightsOn(true)
06-05 21:22:22.712 V/PhoneStatusBar( 1711): setLightsOn(true)
06-05 21:22:22.722 I/System.out(10926): URI: //gesture
06-05 21:22:22.723 I/System.out(10926): params: {json={"query_timeout":5.0,"gestures":[{"query_string":"* marked:'Km / Litre'","touches":[{"x":50,"y":50,"offset_x":0,"offset_y":0,"wait":0.0,"time":0.2,"release":true,"query_string":null}]}]}
06-05 21:22:22.723 I/System.out(10926): }
06-05 21:22:22.863 W/ResourceType(10926): No package identifier when getting name for resource number 0x00000001
06-05 21:22:22.961 V/PhoneStatusBar( 1711): setLightsOn(true)
06-05 21:22:23.097 V/PhoneStatusBar( 1711): setLightsOn(true)
06-05 21:22:23.097 V/PhoneStatusBar( 1711): setLightsOn(true)
06-05 21:22:23.108 I/System.out(10926): URI: //map
06-05 21:22:23.108 I/System.out(10926): params: {json={"query":"* marked:'Add new vehicle'","operation":{"method_name":"query","arguments":[]}}
06-05 21:22:23.108 I/System.out(10926): }
06-05 21:22:23.111 W/InputEventReceiver(10926): Attempted to finish an input event but the input event receiver has already been disposed.
06-05 21:22:23.151 W/InputMethodManagerService( 1630): Window already focused, ignoring focus gain of: com.android.internal.view.IInputMethodClient$Stub$Proxy@6dd6b5c attribute=null, token = android.os.BinderProxy@71ebefc
06-05 21:22:23.211 W/ResourceType(10926): No package identifier when getting name for resource number 0x00000001
06-05 21:22:23.222 I/System.out(10926): URI: //gesture
06-05 21:22:23.222 I/System.out(10926): params: {json={"query_timeout":5.0,"gestures":[{"query_string":"* marked:'Add new vehicle'","touches":[{"x":50,"y":50,"offset_x":0,"offset_y":0,"wait":0.0,"time":0.2,"release":true,"query_string":null}]}]}
06-05 21:22:23.222 I/System.out(10926): }
06-05 21:22:23.229 W/ResourceType(10926): No package identifier when getting name for resource number 0x00000001
06-05 21:22:23.377 I/WindowManager( 1630): Destroying surface Surface(name=com.evancharlton.mileage/com.evancharlton.mileage.VehicleActivity) called by com.android.server.wm.WindowStateAnimator.destroySurface:2016 com.android.server.wm.WindowStateAnimator.destroySurfaceLocked:882 com.android.server.wm.WindowState.destroyOrSaveSurface:2100 com.android.server.wm.AppWindowToken.destroySurfaces:363 com.android.server.wm.WindowStateAnimator.finishExit:565 com.android.server.wm.WindowStateAnimator.stepAnimationLocked:491 com.android.server.wm.WindowAnimator.updateWindowsLocked:303 com.android.server.wm.WindowAnimator.animateLocked:704 
06-05 21:22:23.378 V/PhoneStatusBar( 1711): setLightsOn(true)
06-05 21:22:23.379 V/PhoneStatusBar( 1711): setLightsOn(true)
06-05 21:22:23.470 V/PhoneStatusBar( 1711): setLightsOn(true)
06-05 21:22:23.470 I/System.out(10926): URI: //map
06-05 21:22:23.470 I/System.out(10926): params: {json={"query":"* {text CONTAINS[c] 'Javier Vehicle'}","operation":{"method_name":"query","arguments":[]}}
06-05 21:22:23.470 I/System.out(10926): }
06-05 21:22:23.473 V/PhoneStatusBar( 1711): setLightsOn(true)
06-05 21:22:23.475 D/Mileage.ABS(10926): Finished backup
06-05 21:22:23.476 D/Mileage.ABS(10926): Not backing up; 4
06-05 21:22:23.477 D/Mileage.ABS(10926): Not backing up; 5
06-05 21:22:23.478 D/EGL_emulation( 1711): eglMakeCurrent: 0xb0f853c0: ver 2 0 (tinfo 0xb0f833e0)
06-05 21:22:23.478 V/PhoneStatusBar( 1711): setLightsOn(true)
06-05 21:22:23.518 W/ActivityManager( 1630): Bad activity token: android.os.BinderProxy@f7a773a
06-05 21:22:23.518 W/ActivityManager( 1630): java.lang.ClassCastException: android.os.BinderProxy cannot be cast to com.android.server.am.ActivityRecord$Token
06-05 21:22:23.518 W/ActivityManager( 1630): 	at com.android.server.am.ActivityRecord.forTokenLocked(ActivityRecord.java:586)
06-05 21:22:23.518 W/ActivityManager( 1630): 	at com.android.server.am.ActivityRecord.isInStackLocked(ActivityRecord.java:1327)
06-05 21:22:23.518 W/ActivityManager( 1630): 	at com.android.server.am.ActivityManagerService.getActivityOptions(ActivityManagerService.java:12559)
06-05 21:22:23.518 W/ActivityManager( 1630): 	at android.app.ActivityManagerNative.onTransact(ActivityManagerNative.java:1933)
06-05 21:22:23.518 W/ActivityManager( 1630): 	at com.android.server.am.ActivityManagerService.onTransact(ActivityManagerService.java:2757)
06-05 21:22:23.518 W/ActivityManager( 1630): 	at android.os.Binder.execTransact(Binder.java:565)
06-05 21:22:23.544 V/PhoneStatusBar( 1711): setLightsOn(true)
06-05 21:22:23.544 D/gralloc_ranchu( 1347): gralloc_alloc: Creating ashmem region of size 9023488
