--------- beginning of main
06-06 03:15:59.398 D/EGL_emulation( 1711): eglMakeCurrent: 0xa7985720: ver 2 0 (tinfo 0xa7983770)
06-06 03:15:59.401 D/EGL_emulation( 2078): eglMakeCurrent: 0x9852d440: ver 2 0 (tinfo 0xa3d30310)
06-06 03:15:59.401 W/OpenGLRenderer( 2078): Incorrectly called buildLayer on View: ShortcutAndWidgetContainer, destroying layer...
06-06 03:15:59.414 D/EGL_emulation( 1711): eglMakeCurrent: 0xa7985720: ver 2 0 (tinfo 0xa7983770)
06-06 03:15:59.416 D/EGL_emulation( 1711): eglMakeCurrent: 0xa7985720: ver 2 0 (tinfo 0xa7983770)
06-06 03:15:59.431 D/EGL_emulation( 1711): eglMakeCurrent: 0xa7985720: ver 2 0 (tinfo 0xa7983770)
06-06 03:15:59.433 D/EGL_emulation( 1711): eglMakeCurrent: 0xa7985720: ver 2 0 (tinfo 0xa7983770)
06-06 03:15:59.447 D/EGL_emulation( 1711): eglMakeCurrent: 0xa7985720: ver 2 0 (tinfo 0xa7983770)
06-06 03:15:59.449 D/EGL_emulation( 1711): eglMakeCurrent: 0xa7985720: ver 2 0 (tinfo 0xa7983770)
06-06 03:15:59.464 D/EGL_emulation( 1711): eglMakeCurrent: 0xa7985720: ver 2 0 (tinfo 0xa7983770)
06-06 03:15:59.465 D/EGL_emulation( 1711): eglMakeCurrent: 0xa7985720: ver 2 0 (tinfo 0xa7983770)
06-06 03:15:59.481 D/EGL_emulation( 1711): eglMakeCurrent: 0xa7985720: ver 2 0 (tinfo 0xa7983770)
06-06 03:15:59.483 D/EGL_emulation( 1711): eglMakeCurrent: 0xa7985720: ver 2 0 (tinfo 0xa7983770)
06-06 03:15:59.497 D/EGL_emulation( 1711): eglMakeCurrent: 0xa7985720: ver 2 0 (tinfo 0xa7983770)
06-06 03:15:59.500 D/EGL_emulation( 1711): eglMakeCurrent: 0xa7985720: ver 2 0 (tinfo 0xa7983770)
06-06 03:15:59.513 D/EGL_emulation( 1711): eglMakeCurrent: 0xa7985720: ver 2 0 (tinfo 0xa7983770)
06-06 03:15:59.515 D/EGL_emulation( 1711): eglMakeCurrent: 0xa7985720: ver 2 0 (tinfo 0xa7983770)
06-06 03:15:59.530 D/EGL_emulation( 1711): eglMakeCurrent: 0xa7985720: ver 2 0 (tinfo 0xa7983770)
06-06 03:15:59.532 D/EGL_emulation( 1711): eglMakeCurrent: 0xa7985720: ver 2 0 (tinfo 0xa7983770)
06-06 03:15:59.547 D/EGL_emulation( 1711): eglMakeCurrent: 0xa7985720: ver 2 0 (tinfo 0xa7983770)
06-06 03:15:59.549 D/EGL_emulation( 1711): eglMakeCurrent: 0xa7985720: ver 2 0 (tinfo 0xa7983770)
06-06 03:15:59.564 D/EGL_emulation( 1711): eglMakeCurrent: 0xa7985720: ver 2 0 (tinfo 0xa7983770)
06-06 03:15:59.566 D/EGL_emulation( 1711): eglMakeCurrent: 0xa7985720: ver 2 0 (tinfo 0xa7983770)
06-06 03:15:59.581 D/EGL_emulation( 1711): eglMakeCurrent: 0xa7985720: ver 2 0 (tinfo 0xa7983770)
06-06 03:15:59.582 D/AndroidRuntime( 3521): >>>>>> START com.android.internal.os.RuntimeInit uid 2000 <<<<<<
06-06 03:15:59.583 D/AndroidRuntime( 3521): CheckJNI is ON
06-06 03:15:59.595 W/art     ( 3521): Unexpected CPU variant for X86 using defaults: x86
06-06 03:15:59.597 D/EGL_emulation( 1711): eglMakeCurrent: 0xa7985720: ver 2 0 (tinfo 0xa7983770)
06-06 03:15:59.598 D/ICU     ( 3521): No timezone override file found: /data/misc/zoneinfo/current/icu/icu_tzdata.dat
06-06 03:15:59.599 D/EGL_emulation( 1711): eglMakeCurrent: 0xa7985720: ver 2 0 (tinfo 0xa7983770)
06-06 03:15:59.606 E/memtrack( 3521): Couldn't load memtrack module (No such file or directory)
06-06 03:15:59.606 E/android.os.Debug( 3521): failed to load memtrack module: -2
06-06 03:15:59.606 I/Radio-JNI( 3521): register_android_hardware_Radio DONE
06-06 03:15:59.610 D/AndroidRuntime( 3521): Calling main entry com.android.commands.am.Am
--------- beginning of system
06-06 03:15:59.612 I/ActivityManager( 1630): Force stopping com.evancharlton.mileage appid=10422 user=0: start instr
06-06 03:15:59.616 I/art     ( 3531): Not late-enabling -Xcheck:jni (already on)
06-06 03:15:59.616 W/art     ( 3531): Unexpected CPU variant for X86 using defaults: x86
06-06 03:15:59.623 I/ActivityManager( 1630): Start proc 3531:com.evancharlton.mileage/u0a422 for added application com.evancharlton.mileage
06-06 03:15:59.623 D/AndroidRuntime( 3521): Shutting down VM
06-06 03:15:59.628 W/System  ( 3531): ClassLoader referenced unknown path: /data/app/com.evancharlton.mileage.test-1/lib/x86
06-06 03:15:59.628 W/System  ( 3531): ClassLoader referenced unknown path: /data/app/com.evancharlton.mileage-1/lib/x86
06-06 03:15:59.631 W/System  ( 3531): ClassLoader referenced unknown path: 
06-06 03:15:59.636 I/System.out( 3531): Main activity name automatically set to: com.evancharlton.mileage.Mileage
06-06 03:15:59.636 I/System.out( 3531): Calabash did not load Mono. This is only a problem if you are trying to test a Mono application
06-06 03:15:59.636 I/calabash( 3531): Test server port: 7102
06-06 03:15:59.637 I/InstrumentationBackend( 3531): Added:'GetPreferences', with key:'get_preferences'
06-06 03:15:59.641 I/InstrumentationBackend( 3531): Added:'SetPreferences', with key:'set_preferences'
06-06 03:15:59.641 I/InstrumentationBackend( 3531): Added:'ClearPreferences', with key:'clear_preferences'
06-06 03:15:59.641 I/InstrumentationBackend( 3531): Added:'PressElement', with key:'press_l10n_element'
06-06 03:15:59.641 I/InstrumentationBackend( 3531): Added:'WaitForElement', with key:'wait_for_l10n_element'
06-06 03:15:59.641 I/InstrumentationBackend( 3531): Added:'NullAction', with key:'nullAction'
06-06 03:15:59.641 I/InstrumentationBackend( 3531): Added:'PressKey', with key:'press_key'
06-06 03:15:59.641 I/InstrumentationBackend( 3531): Added:'SetActivityOrientation', with key:'set_activity_orientation'
06-06 03:15:59.641 I/InstrumentationBackend( 3531): Added:'GetActivityOrientation', with key:'get_activity_orientation'
06-06 03:15:59.641 I/InstrumentationBackend( 3531): Added:'FakeGPSLocation', with key:'set_gps_coordinates'
06-06 03:15:59.641 I/InstrumentationBackend( 3531): Added:'SetPropertyByCssSelector', with key:'set_property_by_css_selector'
06-06 03:15:59.641 I/InstrumentationBackend( 3531): Added:'GetUrl', with key:'get_url'
06-06 03:15:59.642 I/InstrumentationBackend( 3531): Added:'ScrollTo', with key:'scroll_to'
06-06 03:15:59.642 I/InstrumentationBackend( 3531): Added:'GetLoadProgress', with key:'get_load_progress'
06-06 03:15:59.642 I/InstrumentationBackend( 3531): Added:'DumpHtml', with key:'dump_html'
06-06 03:15:59.642 I/InstrumentationBackend( 3531): Added:'DumpBodyHtml', with key:'dump_body_html'
06-06 03:15:59.642 I/InstrumentationBackend( 3531): Added:'EnterTextByCssSelector', with key:'enter_text_by_selector'
06-06 03:15:59.642 I/InstrumentationBackend( 3531): Added:'AndroidSDKVersion', with key:'android_sdk_version'
06-06 03:15:59.642 I/InstrumentationBackend( 3531): Added:'Version', with key:'version'
06-06 03:15:59.642 I/InstrumentationBackend( 3531): Added:'Drag', with key:'drag'
06-06 03:15:59.642 I/InstrumentationBackend( 3531): Added:'TouchCoordinates', with key:'touch_coordinate'
06-06 03:15:59.642 I/InstrumentationBackend( 3531): Added:'LongPressCoordinate', with key:'long_press_coordinate'
06-06 03:15:59.642 I/InstrumentationBackend( 3531): Added:'DragCoordinates', with key:'drag_coordinates'
06-06 03:15:59.642 I/InstrumentationBackend( 3531): Added:'ResumeApplication', with key:'resume_application'
06-06 03:15:59.642 I/InstrumentationBackend( 3531): Added:'Swipe', with key:'swipe'
06-06 03:15:59.642 I/InstrumentationBackend( 3531): Added:'DoubleTapCoordinate', with key:'double_tap_coordinate'
06-06 03:15:59.642 I/InstrumentationBackend( 3531): Added:'ClickOnScreen', with key:'click_on_screen'
06-06 03:15:59.642 I/InstrumentationBackend( 3531): Added:'GetActivityName', with key:'get_activity_name'
06-06 03:15:59.642 I/InstrumentationBackend( 3531): Added:'ScrollToView', with key:'scroll_to_view'
06-06 03:15:59.643 I/InstrumentationBackend( 3531): Added:'ViewConfiguration', with key:'view_configuration'
06-06 03:15:59.643 I/InstrumentationBackend( 3531): Added:'IsCurrentActivityFocused', with key:'is_current_activity_focused'
06-06 03:15:59.643 I/InstrumentationBackend( 3531): Added:'SendTcp', with key:'send_tcp'
06-06 03:15:59.643 I/InstrumentationBackend( 3531): Added:'DpToDevicePixel', with key:'dp_to_device_pixel'
06-06 03:15:59.643 I/InstrumentationBackend( 3531): Added:'KeyboardEnterText', with key:'keyboard_enter_text'
06-06 03:15:59.643 I/InstrumentationBackend( 3531): Added:'DeleteSurroundingText', with key:'delete_surrounding_text'
06-06 03:15:59.643 I/InstrumentationBackend( 3531): Added:'SetComposingRegion', with key:'set_composing_region'
06-06 03:15:59.643 I/InstrumentationBackend( 3531): Added:'SetSelection', with key:'set_selection'
06-06 03:15:59.643 I/InstrumentationBackend( 3531): Added:'KeyboardKeyEvent', with key:'keyboard_key_event'
06-06 03:15:59.643 I/InstrumentationBackend( 3531): Added:'PressUserActionButton', with key:'press_user_action_button'
06-06 03:15:59.643 I/InstrumentationBackend( 3531): Added:'HideSoftKeyboard', with key:'hide_soft_keyboard'
06-06 03:15:59.643 I/InstrumentationBackend( 3531): Added:'ListActions', with key:'list_actions'
06-06 03:15:59.643 I/calabash( 3531): Instantiating http server at 7102
06-06 03:15:59.644 I/System.out( 3531): HTTP Daemon listening on: 7102
06-06 03:15:59.735 I/System.out( 3531): URI: //ping
06-06 03:15:59.735 I/System.out( 3531): params: {json={}
06-06 03:15:59.735 I/System.out( 3531): }
06-06 03:15:59.738 I/System.out( 3531): URI: //ping
06-06 03:15:59.738 I/System.out( 3531): params: {json={}
06-06 03:15:59.738 I/System.out( 3531): }
06-06 03:15:59.739 I/System.out( 3531): URI: //ready
06-06 03:15:59.739 I/System.out( 3531): params: {json={}
06-06 03:15:59.739 I/System.out( 3531): }
06-06 03:15:59.742 I/System.out( 3531): URI: //
06-06 03:15:59.742 I/System.out( 3531): params: {json={"command":"version","arguments":[]}
06-06 03:15:59.742 I/System.out( 3531): }
06-06 03:15:59.742 I/System.out( 3531): header: {content-type=application/json;charset=utf-8, date=Sat, 06 Jun 2020 08:16:00 GMT, accept=*/*, host=127.0.0.1:34777, content-length=36, user-agent=HTTPClient/1.0 (2.8.3, ruby 2.5.1 (2018-03-29))}
06-06 03:15:59.742 I/System.out( 3531): params: {json={"command":"version","arguments":[]}
06-06 03:15:59.742 I/System.out( 3531): }
06-06 03:15:59.742 I/System.out( 3531): ProP json = {"command":"version","arguments":[]}
06-06 03:15:59.742 I/System.out( 3531): files: {}
06-06 03:15:59.742 I/System.out( 3531): command: {"command":"version","arguments":[]}
06-06 03:15:59.746 I/InstrumentationBackend( 3531): Got command:'Command:'Line:null,version', arguments:'[]'
06-06 03:15:59.756 I/System.out( 3531): result:{"bonusInformation":[],"message":"0.9.8","success":true}
06-06 03:15:59.758 I/System.out( 3531): URI: //start-application
06-06 03:15:59.758 I/System.out( 3531): params: {json={"intent":null}
06-06 03:15:59.758 I/System.out( 3531): }
06-06 03:15:59.768 I/ActivityManager( 1630): START u0 {act=android.intent.action.MAIN cat=[android.intent.category.LAUNCHER] flg=0x10200000 cmp=com.evancharlton.mileage/.Mileage} from uid 10422 on display 0
06-06 03:15:59.774 I/calabash( 3531): newActivity1
06-06 03:15:59.788 I/calabash( 3531): newActivity1
06-06 03:15:59.789 W/ActivityManager( 1630): Bad activity token: android.os.BinderProxy@45262ec
06-06 03:15:59.789 W/ActivityManager( 1630): java.lang.ClassCastException: android.os.BinderProxy cannot be cast to com.android.server.am.ActivityRecord$Token
06-06 03:15:59.789 W/ActivityManager( 1630): 	at com.android.server.am.ActivityRecord.forTokenLocked(ActivityRecord.java:586)
06-06 03:15:59.789 W/ActivityManager( 1630): 	at com.android.server.am.ActivityRecord.isInStackLocked(ActivityRecord.java:1327)
06-06 03:15:59.789 W/ActivityManager( 1630): 	at com.android.server.am.ActivityRecord.getStackLocked(ActivityRecord.java:1332)
06-06 03:15:59.789 W/ActivityManager( 1630): 	at com.android.server.am.ActivityManagerService.getActivityDisplayId(ActivityManagerService.java:9806)
06-06 03:15:59.789 W/ActivityManager( 1630): 	at android.app.ActivityManagerNative.onTransact(ActivityManagerNative.java:2566)
06-06 03:15:59.789 W/ActivityManager( 1630): 	at com.android.server.am.ActivityManagerService.onTransact(ActivityManagerService.java:2757)
06-06 03:15:59.789 W/ActivityManager( 1630): 	at android.os.Binder.execTransact(Binder.java:565)
06-06 03:15:59.790 W/ActivityManager( 1630): Bad activity token: android.os.BinderProxy@45262ec
06-06 03:15:59.790 W/ActivityManager( 1630): java.lang.ClassCastException: android.os.BinderProxy cannot be cast to com.android.server.am.ActivityRecord$Token
06-06 03:15:59.790 W/ActivityManager( 1630): 	at com.android.server.am.ActivityRecord.forTokenLocked(ActivityRecord.java:586)
06-06 03:15:59.790 W/ActivityManager( 1630): 	at com.android.server.am.ActivityRecord.isInStackLocked(ActivityRecord.java:1327)
06-06 03:15:59.790 W/ActivityManager( 1630): 	at com.android.server.am.ActivityManagerService.setTaskDescription(ActivityManagerService.java:9358)
06-06 03:15:59.790 W/ActivityManager( 1630): 	at android.app.ActivityManagerNative.onTransact(ActivityManagerNative.java:2639)
06-06 03:15:59.790 W/ActivityManager( 1630): 	at com.android.server.am.ActivityManagerService.onTransact(ActivityManagerService.java:2757)
06-06 03:15:59.790 W/ActivityManager( 1630): 	at android.os.Binder.execTransact(Binder.java:565)
06-06 03:15:59.791 W/ActivityManager( 1630): Bad activity token: android.os.BinderProxy@45262ec
06-06 03:15:59.791 W/ActivityManager( 1630): java.lang.ClassCastException: android.os.BinderProxy cannot be cast to com.android.server.am.ActivityRecord$Token
06-06 03:15:59.791 W/ActivityManager( 1630): 	at com.android.server.am.ActivityRecord.forTokenLocked(ActivityRecord.java:586)
06-06 03:15:59.791 W/ActivityManager( 1630): 	at com.android.server.am.ActivityRecord.isInStackLocked(ActivityRecord.java:1327)
06-06 03:15:59.791 W/ActivityManager( 1630): 	at com.android.server.am.ActivityRecord.getStackLocked(ActivityRecord.java:1332)
06-06 03:15:59.791 W/ActivityManager( 1630): 	at com.android.server.am.ActivityManagerService.getActivityStackId(ActivityManagerService.java:9817)
06-06 03:15:59.791 W/ActivityManager( 1630): 	at android.app.ActivityManagerNative.onTransact(ActivityManagerNative.java:2856)
06-06 03:15:59.791 W/ActivityManager( 1630): 	at com.android.server.am.ActivityManagerService.onTransact(ActivityManagerService.java:2757)
06-06 03:15:59.791 W/ActivityManager( 1630): 	at android.os.Binder.execTransact(Binder.java:565)
06-06 03:15:59.797 D/gralloc_ranchu( 1347): gralloc_alloc: Creating ashmem region of size 9023488
06-06 03:15:59.811 W/ActivityManager( 1630): Bad activity token: android.os.BinderProxy@45262ec
06-06 03:15:59.811 W/ActivityManager( 1630): java.lang.ClassCastException: android.os.BinderProxy cannot be cast to com.android.server.am.ActivityRecord$Token
06-06 03:15:59.811 W/ActivityManager( 1630): 	at com.android.server.am.ActivityRecord.forTokenLocked(ActivityRecord.java:586)
06-06 03:15:59.811 W/ActivityManager( 1630): 	at com.android.server.am.ActivityRecord.isInStackLocked(ActivityRecord.java:1327)
06-06 03:15:59.811 W/ActivityManager( 1630): 	at com.android.server.am.ActivityManagerService.getActivityOptions(ActivityManagerService.java:12559)
06-06 03:15:59.811 W/ActivityManager( 1630): 	at android.app.ActivityManagerNative.onTransact(ActivityManagerNative.java:1933)
06-06 03:15:59.811 W/ActivityManager( 1630): 	at com.android.server.am.ActivityManagerService.onTransact(ActivityManagerService.java:2757)
06-06 03:15:59.811 W/ActivityManager( 1630): 	at android.os.Binder.execTransact(Binder.java:565)
06-06 03:15:59.812 W/ActivityManager( 1630): Bad activity token: android.os.BinderProxy@45262ec
06-06 03:15:59.812 W/ActivityManager( 1630): java.lang.ClassCastException: android.os.BinderProxy cannot be cast to com.android.server.am.ActivityRecord$Token
06-06 03:15:59.812 W/ActivityManager( 1630): 	at com.android.server.am.ActivityRecord.forTokenLocked(ActivityRecord.java:586)
06-06 03:15:59.812 W/ActivityManager( 1630): 	at com.android.server.am.ActivityRecord.isInStackLocked(ActivityRecord.java:1327)
06-06 03:15:59.812 W/ActivityManager( 1630): 	at com.android.server.am.ActivityManagerService.getActivityOptions(ActivityManagerService.java:12559)
06-06 03:15:59.812 W/ActivityManager( 1630): 	at android.app.ActivityManagerNative.onTransact(ActivityManagerNative.java:1933)
06-06 03:15:59.812 W/ActivityManager( 1630): 	at com.android.server.am.ActivityManagerService.onTransact(ActivityManagerService.java:2757)
06-06 03:15:59.812 W/ActivityManager( 1630): 	at android.os.Binder.execTransact(Binder.java:565)
06-06 03:15:59.826 V/PhoneStatusBar( 1711): setLightsOn(true)
06-06 03:15:59.831 D/EGL_emulation( 2078): eglMakeCurrent: 0x9852d440: ver 2 0 (tinfo 0xa3d30310)
06-06 03:15:59.834 D/EGL_emulation( 1711): eglMakeCurrent: 0xa7985720: ver 2 0 (tinfo 0xa7983770)
06-06 03:15:59.846 D/gralloc_ranchu( 1347): gralloc_alloc: Creating ashmem region of size 9023488
06-06 03:15:59.847 D/EGL_emulation( 1711): eglMakeCurrent: 0xa7985720: ver 2 0 (tinfo 0xa7983770)
06-06 03:15:59.853 D/        ( 3531): HostConnection::get() New Host Connection established 0x9a2b9400, tid 3531
06-06 03:15:59.854 D/EGL_emulation( 1711): eglMakeCurrent: 0xa7985720: ver 2 0 (tinfo 0xa7983770)
06-06 03:15:59.855 V/PhoneStatusBar( 1711): setLightsOn(true)
06-06 03:15:59.892 D/EGL_emulation( 1711): eglMakeCurrent: 0xa7985720: ver 2 0 (tinfo 0xa7983770)
06-06 03:15:59.895 D/EGL_emulation( 1711): eglMakeCurrent: 0xa7985720: ver 2 0 (tinfo 0xa7983770)
06-06 03:15:59.905 D/EGL_emulation( 1711): eglMakeCurrent: 0xa7985720: ver 2 0 (tinfo 0xa7983770)
06-06 03:15:59.908 D/EGL_emulation( 1711): eglMakeCurrent: 0xa7985720: ver 2 0 (tinfo 0xa7983770)
06-06 03:15:59.921 D/EGL_emulation( 1711): eglMakeCurrent: 0xa7985720: ver 2 0 (tinfo 0xa7983770)
06-06 03:15:59.924 D/EGL_emulation( 1711): eglMakeCurrent: 0xa7985720: ver 2 0 (tinfo 0xa7983770)
06-06 03:15:59.931 D/EGL_emulation( 1711): eglMakeCurrent: 0xa7985720: ver 2 0 (tinfo 0xa7983770)
06-06 03:15:59.933 D/EGL_emulation( 1711): eglMakeCurrent: 0xa7985720: ver 2 0 (tinfo 0xa7983770)
06-06 03:15:59.948 D/EGL_emulation( 1711): eglMakeCurrent: 0xa7985720: ver 2 0 (tinfo 0xa7983770)
06-06 03:15:59.948 D/gralloc_ranchu( 1347): gralloc_alloc: Creating ashmem region of size 9023488
06-06 03:15:59.963 D/EGL_emulation( 1711): eglMakeCurrent: 0xa7985720: ver 2 0 (tinfo 0xa7983770)
06-06 03:15:59.967 D/EGL_emulation( 1711): eglMakeCurrent: 0xa7985720: ver 2 0 (tinfo 0xa7983770)
06-06 03:15:59.967 I/ActivityManager( 1630): Displayed com.evancharlton.mileage/.Mileage: +196ms
06-06 03:15:59.979 D/EGL_emulation( 1711): eglMakeCurrent: 0xa7985720: ver 2 0 (tinfo 0xa7983770)
06-06 03:15:59.979 V/PhoneStatusBar( 1711): setLightsOn(true)
06-06 03:15:59.982 D/EGL_emulation( 1711): eglMakeCurrent: 0xa7985720: ver 2 0 (tinfo 0xa7983770)
06-06 03:15:59.985 D/EGL_emulation( 1711): eglMakeCurrent: 0xa7985720: ver 2 0 (tinfo 0xa7983770)
06-06 03:15:59.997 D/EGL_emulation( 1711): eglMakeCurrent: 0xa7985720: ver 2 0 (tinfo 0xa7983770)
06-06 03:16:00.000 D/EGL_emulation( 1711): eglMakeCurrent: 0xa7985720: ver 2 0 (tinfo 0xa7983770)
06-06 03:16:00.000 V/PhoneStatusBar( 1711): setLightsOn(true)
06-06 03:16:00.005 I/System.out( 3531): URI: //map
06-06 03:16:00.005 I/System.out( 3531): params: {json={"query":"* marked:'Statistics'","operation":{"method_name":"query","arguments":[]}}
06-06 03:16:00.005 I/System.out( 3531): }
06-06 03:16:00.014 D/EGL_emulation( 1711): eglMakeCurrent: 0xa7985720: ver 2 0 (tinfo 0xa7983770)
06-06 03:16:00.016 D/EGL_emulation( 1711): eglMakeCurrent: 0xa7985720: ver 2 0 (tinfo 0xa7983770)
06-06 03:16:00.022 W/ResourceType( 3531): No package identifier when getting name for resource number 0x00000001
06-06 03:16:00.030 D/EGL_emulation( 1711): eglMakeCurrent: 0xa7985720: ver 2 0 (tinfo 0xa7983770)
06-06 03:16:00.032 D/EGL_emulation( 1711): eglMakeCurrent: 0xa7985720: ver 2 0 (tinfo 0xa7983770)
06-06 03:16:00.037 I/System.out( 3531): URI: //gesture
06-06 03:16:00.037 I/System.out( 3531): params: {json={"query_timeout":5.0,"gestures":[{"query_string":"* marked:'Statistics'","touches":[{"x":50,"y":50,"offset_x":0,"offset_y":0,"wait":0.0,"time":0.2,"release":true,"query_string":null}]}]}
06-06 03:16:00.037 I/System.out( 3531): }
06-06 03:16:00.042 W/ResourceType( 3531): No package identifier when getting name for resource number 0x00000001
06-06 03:16:00.054 D/EGL_emulation( 1711): eglMakeCurrent: 0xa7985720: ver 2 0 (tinfo 0xa7983770)
06-06 03:16:00.163 I/WindowManager( 1630): Destroying surface Surface(name=Starting com.evancharlton.mileage) called by com.android.server.wm.WindowStateAnimator.destroySurface:2016 com.android.server.wm.WindowStateAnimator.destroySurfaceLocked:882 com.android.server.wm.WindowState.destroyOrSaveSurface:2100 com.android.server.wm.AppWindowToken.destroySurfaces:363 com.android.server.wm.WindowStateAnimator.finishExit:565 com.android.server.wm.WindowStateAnimator.stepAnimationLocked:491 com.android.server.wm.WindowAnimator.updateWindowsLocked:303 com.android.server.wm.WindowAnimator.animateLocked:704 
06-06 03:16:00.165 V/PhoneStatusBar( 1711): setLightsOn(true)
06-06 03:16:00.180 V/PhoneStatusBar( 1711): setLightsOn(true)
06-06 03:16:00.265 I/calabash( 3531): newActivity1
06-06 03:16:00.273 I/System.out( 3531): URI: //map
06-06 03:16:00.273 I/System.out( 3531): params: {json={"query":"android.widget.ScrollView index:0","operation":{"method_name":"query","arguments":[]}}
06-06 03:16:00.273 I/System.out( 3531): }
06-06 03:16:00.277 W/ActivityManager( 1630): Bad activity token: android.os.BinderProxy@d2bf0fa
06-06 03:16:00.277 W/ActivityManager( 1630): java.lang.ClassCastException: android.os.BinderProxy cannot be cast to com.android.server.am.ActivityRecord$Token
06-06 03:16:00.277 W/ActivityManager( 1630): 	at com.android.server.am.ActivityRecord.forTokenLocked(ActivityRecord.java:586)
06-06 03:16:00.277 W/ActivityManager( 1630): 	at com.android.server.am.ActivityRecord.isInStackLocked(ActivityRecord.java:1327)
06-06 03:16:00.277 W/ActivityManager( 1630): 	at com.android.server.am.ActivityRecord.getStackLocked(ActivityRecord.java:1332)
06-06 03:16:00.277 W/ActivityManager( 1630): 	at com.android.server.am.ActivityManagerService.getActivityDisplayId(ActivityManagerService.java:9806)
06-06 03:16:00.277 W/ActivityManager( 1630): 	at android.app.ActivityManagerNative.onTransact(ActivityManagerNative.java:2566)
06-06 03:16:00.277 W/ActivityManager( 1630): 	at com.android.server.am.ActivityManagerService.onTransact(ActivityManagerService.java:2757)
06-06 03:16:00.277 W/ActivityManager( 1630): 	at android.os.Binder.execTransact(Binder.java:565)
06-06 03:16:00.278 W/ActivityManager( 1630): Bad activity token: android.os.BinderProxy@d2bf0fa
06-06 03:16:00.278 W/ActivityManager( 1630): java.lang.ClassCastException: android.os.BinderProxy cannot be cast to com.android.server.am.ActivityRecord$Token
06-06 03:16:00.278 W/ActivityManager( 1630): 	at com.android.server.am.ActivityRecord.forTokenLocked(ActivityRecord.java:586)
06-06 03:16:00.278 W/ActivityManager( 1630): 	at com.android.server.am.ActivityRecord.isInStackLocked(ActivityRecord.java:1327)
06-06 03:16:00.278 W/ActivityManager( 1630): 	at com.android.server.am.ActivityManagerService.setTaskDescription(ActivityManagerService.java:9358)
06-06 03:16:00.278 W/ActivityManager( 1630): 	at android.app.ActivityManagerNative.onTransact(ActivityManagerNative.java:2639)
06-06 03:16:00.278 W/ActivityManager( 1630): 	at com.android.server.am.ActivityManagerService.onTransact(ActivityManagerService.java:2757)
06-06 03:16:00.278 W/ActivityManager( 1630): 	at android.os.Binder.execTransact(Binder.java:565)
06-06 03:16:00.279 W/ActivityManager( 1630): Bad activity token: android.os.BinderProxy@d2bf0fa
06-06 03:16:00.279 W/ActivityManager( 1630): java.lang.ClassCastException: android.os.BinderProxy cannot be cast to com.android.server.am.ActivityRecord$Token
06-06 03:16:00.279 W/ActivityManager( 1630): 	at com.android.server.am.ActivityRecord.forTokenLocked(ActivityRecord.java:586)
06-06 03:16:00.279 W/ActivityManager( 1630): 	at com.android.server.am.ActivityRecord.isInStackLocked(ActivityRecord.java:1327)
06-06 03:16:00.279 W/ActivityManager( 1630): 	at com.android.server.am.ActivityRecord.getStackLocked(ActivityRecord.java:1332)
06-06 03:16:00.279 W/ActivityManager( 1630): 	at com.android.server.am.ActivityManagerService.getActivityStackId(ActivityManagerService.java:9817)
06-06 03:16:00.279 W/ActivityManager( 1630): 	at android.app.ActivityManagerNative.onTransact(ActivityManagerNative.java:2856)
06-06 03:16:00.279 W/ActivityManager( 1630): 	at com.android.server.am.ActivityManagerService.onTransact(ActivityManagerService.java:2757)
06-06 03:16:00.279 W/ActivityManager( 1630): 	at android.os.Binder.execTransact(Binder.java:565)
06-06 03:16:00.280 V/PhoneStatusBar( 1711): setLightsOn(true)
06-06 03:16:00.284 D/VehicleStatisticsActivity( 3531): Checking recalculation ...
06-06 03:16:00.285 D/VehicleStatisticsActivity( 3531): Recalculating statistics
06-06 03:16:00.285 D/VehicleStatisticsTask( 3531): Calculation starting...
06-06 03:16:00.285 D/VehicleStatisticsActivity( 3531): Recalculation started!
06-06 03:16:00.285 W/ResourceType( 3531): No package identifier when getting value for resource number 0x00000000
06-06 03:16:00.285 D/AndroidRuntime( 3531): Shutting down VM
--------- beginning of crash
06-06 03:16:00.285 E/AndroidRuntime( 3531): FATAL EXCEPTION: main
06-06 03:16:00.285 E/AndroidRuntime( 3531): Process: com.evancharlton.mileage, PID: 3531
06-06 03:16:00.285 E/AndroidRuntime( 3531): java.lang.RuntimeException: Unable to start activity ComponentInfo{com.evancharlton.mileage/com.evancharlton.mileage.VehicleStatisticsActivity}: android.content.res.Resources$NotFoundException: String resource ID #0x0
06-06 03:16:00.285 E/AndroidRuntime( 3531): 	at android.app.ActivityThread.performLaunchActivity(ActivityThread.java:2646)
06-06 03:16:00.285 E/AndroidRuntime( 3531): 	at android.app.ActivityThread.startActivityNow(ActivityThread.java:2446)
06-06 03:16:00.285 E/AndroidRuntime( 3531): 	at android.app.LocalActivityManager.moveToState(LocalActivityManager.java:136)
06-06 03:16:00.285 E/AndroidRuntime( 3531): 	at android.app.LocalActivityManager.startActivity(LocalActivityManager.java:348)
06-06 03:16:00.285 E/AndroidRuntime( 3531): 	at android.widget.TabHost$IntentContentStrategy.getContentView(TabHost.java:724)
06-06 03:16:00.285 E/AndroidRuntime( 3531): 	at android.widget.TabHost.setCurrentTab(TabHost.java:388)
06-06 03:16:00.285 E/AndroidRuntime( 3531): 	at android.widget.TabHost$2.onTabSelectionChanged(TabHost.java:158)
06-06 03:16:00.285 E/AndroidRuntime( 3531): 	at android.widget.TabWidget$TabClickListener.onClick(TabWidget.java:532)
06-06 03:16:00.285 E/AndroidRuntime( 3531): 	at android.view.View.performClick(View.java:5610)
06-06 03:16:00.285 E/AndroidRuntime( 3531): 	at android.view.View$PerformClick.run(View.java:22265)
06-06 03:16:00.285 E/AndroidRuntime( 3531): 	at android.os.Handler.handleCallback(Handler.java:751)
06-06 03:16:00.285 E/AndroidRuntime( 3531): 	at android.os.Handler.dispatchMessage(Handler.java:95)
06-06 03:16:00.285 E/AndroidRuntime( 3531): 	at android.os.Looper.loop(Looper.java:154)
06-06 03:16:00.285 E/AndroidRuntime( 3531): 	at android.app.ActivityThread.main(ActivityThread.java:6077)
06-06 03:16:00.285 E/AndroidRuntime( 3531): 	at java.lang.reflect.Method.invoke(Native Method)
06-06 03:16:00.285 E/AndroidRuntime( 3531): 	at com.android.internal.os.ZygoteInit$MethodAndArgsCaller.run(ZygoteInit.java:866)
06-06 03:16:00.285 E/AndroidRuntime( 3531): 	at com.android.internal.os.ZygoteInit.main(ZygoteInit.java:756)
06-06 03:16:00.285 E/AndroidRuntime( 3531): Caused by: android.content.res.Resources$NotFoundException: String resource ID #0x0
06-06 03:16:00.285 E/AndroidRuntime( 3531): 	at android.content.res.Resources.getText(Resources.java:331)
06-06 03:16:00.285 E/AndroidRuntime( 3531): 	at android.content.res.Resources.getString(Resources.java:377)
06-06 03:16:00.285 E/AndroidRuntime( 3531): 	at android.content.Context.getString(Context.java:476)
06-06 03:16:00.285 E/AndroidRuntime( 3531): 	at com.evancharlton.mileage.adapters.VehicleStatisticsAdapter$StatisticHolder.<init>(VehicleStatisticsAdapter.java:209)
06-06 03:16:00.285 E/AndroidRuntime( 3531): 	at com.evancharlton.mileage.adapters.VehicleStatisticsAdapter.<init>(VehicleStatisticsAdapter.java:48)
06-06 03:16:00.285 E/AndroidRuntime( 3531): 	at com.evancharlton.mileage.VehicleStatisticsActivity.setAdapter(VehicleStatisticsActivity.java:197)
06-06 03:16:00.285 E/AndroidRuntime( 3531): 	at com.evancharlton.mileage.VehicleStatisticsActivity.recalculate(VehicleStatisticsActivity.java:175)
06-06 03:16:00.285 E/AndroidRuntime( 3531): 	at com.evancharlton.mileage.VehicleStatisticsActivity.onCreate(VehicleStatisticsActivity.java:131)
06-06 03:16:00.285 E/AndroidRuntime( 3531): 	at android.app.Activity.performCreate(Activity.java:6662)
06-06 03:16:00.285 E/AndroidRuntime( 3531): 	at android.app.Instrumentation.callActivityOnCreate(Instrumentation.java:1118)
06-06 03:16:00.285 E/AndroidRuntime( 3531): 	at android.app.ActivityThread.performLaunchActivity(ActivityThread.java:2599)
06-06 03:16:00.285 E/AndroidRuntime( 3531): 	... 16 more
06-06 03:16:00.286 I/Process ( 3531): Sending signal. PID: 3531 SIG: 9
06-06 03:16:00.288 W/InputDispatcher( 1630): channel '5c82d69 com.evancharlton.mileage/com.evancharlton.mileage.Mileage (server)' ~ Consumer closed input channel or an error occurred.  events=0x9
06-06 03:16:00.288 E/InputDispatcher( 1630): channel '5c82d69 com.evancharlton.mileage/com.evancharlton.mileage.Mileage (server)' ~ Channel is unrecoverably broken and will be disposed!
06-06 03:16:00.288 I/ActivityManager( 1630): Process com.evancharlton.mileage (pid 3531) has died
06-06 03:16:00.288 D/ActivityManager( 1630): cleanUpApplicationRecord -- 3531
06-06 03:16:00.288 W/ActivityManager( 1630): Scheduling restart of crashed service com.evancharlton.mileage/.services.AutomaticBackupService in 1000ms
06-06 03:16:00.288 W/ActivityManager( 1630): Force removing ActivityRecord{6b464fd u0 com.evancharlton.mileage/.Mileage t12686}: app died, no saved state
06-06 03:16:00.296 I/WindowManager( 1630): WIN DEATH: Window{5c82d69 u0 com.evancharlton.mileage/com.evancharlton.mileage.Mileage}
06-06 03:16:00.296 W/InputDispatcher( 1630): Attempted to unregister already unregistered input channel '5c82d69 com.evancharlton.mileage/com.evancharlton.mileage.Mileage (server)'
06-06 03:16:00.296 I/WindowManager( 1630): Destroying surface Surface(name=com.evancharlton.mileage/com.evancharlton.mileage.Mileage) called by com.android.server.wm.WindowStateAnimator.destroySurface:2016 com.android.server.wm.WindowStateAnimator.destroySurfaceLocked:882 com.android.server.wm.WindowState.removeLocked:1456 com.android.server.wm.WindowManagerService.removeWindowInnerLocked:2484 com.android.server.wm.WindowManagerService.removeWindowLocked:2442 com.android.server.wm.WindowState$DeathRecipient.binderDied:1787 android.os.BinderProxy.sendDeathNotice:688 <bottom of call stack> 
