--------- beginning of main
06-06 00:58:56.668 V/PhoneStatusBar( 1712): setLightsOn(true)
06-06 00:58:56.669 V/PhoneStatusBar( 1712): setLightsOn(true)
--------- beginning of system
06-06 00:58:56.670 W/ActivityManager( 1631): Finishing task with all activities already finished
06-06 00:58:56.670 W/ActivityManager( 1631): Duplicate finish request for ActivityRecord{7df5060 u0 com.evancharlton.mileage/.Mileage t10830 f}
06-06 00:58:56.685 D/gralloc_ranchu( 1347): gralloc_alloc: Creating ashmem region of size 3145728
06-06 00:58:56.689 E/EGL_emulation( 1347): tid 1347: eglCreateSyncKHR(1901): error 0x3004 (EGL_BAD_ATTRIBUTE)
06-06 00:58:56.700 W/ActivityManager( 1631): Finishing task with all activities already finished
06-06 00:58:56.700 W/ActivityManager( 1631): Duplicate finish request for ActivityRecord{7df5060 u0 com.evancharlton.mileage/.Mileage t10830 f}
06-06 00:58:56.701 W/ActivityManager( 1631): Finishing task with all activities already finished
06-06 00:58:56.701 W/ActivityManager( 1631): Duplicate finish request for ActivityRecord{7df5060 u0 com.evancharlton.mileage/.Mileage t10830 f}
06-06 00:58:56.701 W/ActivityManager( 1631): Finishing task with all activities already finished
06-06 00:58:56.701 W/ActivityManager( 1631): Duplicate finish request for ActivityRecord{7df5060 u0 com.evancharlton.mileage/.Mileage t10830 f}
06-06 00:58:56.701 W/ActivityManager( 1631): Finishing task with all activities already finished
06-06 00:58:56.701 W/ActivityManager( 1631): Duplicate finish request for ActivityRecord{7df5060 u0 com.evancharlton.mileage/.Mileage t10830 f}
06-06 00:58:56.718 D/EGL_emulation( 1712): eglMakeCurrent: 0xb0685360: ver 2 0 (tinfo 0xb06836c0)
06-06 00:58:56.733 D/EGL_emulation( 1712): eglMakeCurrent: 0xb0685360: ver 2 0 (tinfo 0xb06836c0)
06-06 00:58:56.735 D/EGL_emulation( 2076): eglMakeCurrent: 0xb0685360: ver 2 0 (tinfo 0xb06836b0)
06-06 00:58:56.769 D/EGL_emulation( 1712): eglMakeCurrent: 0xb0685360: ver 2 0 (tinfo 0xb06836c0)
06-06 00:58:56.783 D/EGL_emulation( 1712): eglMakeCurrent: 0xb0685360: ver 2 0 (tinfo 0xb06836c0)
06-06 00:58:56.791 D/EGL_emulation( 1712): eglMakeCurrent: 0xb0685360: ver 2 0 (tinfo 0xb06836c0)
06-06 00:58:56.800 D/EGL_emulation( 1712): eglMakeCurrent: 0xb0685360: ver 2 0 (tinfo 0xb06836c0)
06-06 00:58:56.802 D/EGL_emulation( 1712): eglMakeCurrent: 0xb0685360: ver 2 0 (tinfo 0xb06836c0)
06-06 00:58:56.817 D/EGL_emulation( 1712): eglMakeCurrent: 0xb0685360: ver 2 0 (tinfo 0xb06836c0)
06-06 00:58:56.818 D/EGL_emulation( 1712): eglMakeCurrent: 0xb0685360: ver 2 0 (tinfo 0xb06836c0)
06-06 00:58:56.822 D/AndroidRuntime(22486): >>>>>> START com.android.internal.os.RuntimeInit uid 2000 <<<<<<
06-06 00:58:56.823 D/AndroidRuntime(22486): CheckJNI is ON
06-06 00:58:56.833 D/EGL_emulation( 1712): eglMakeCurrent: 0xb0685360: ver 2 0 (tinfo 0xb06836c0)
06-06 00:58:56.835 D/EGL_emulation( 1712): eglMakeCurrent: 0xb0685360: ver 2 0 (tinfo 0xb06836c0)
06-06 00:58:56.837 W/art     (22486): Unexpected CPU variant for X86 using defaults: x86
06-06 00:58:56.839 D/ICU     (22486): No timezone override file found: /data/misc/zoneinfo/current/icu/icu_tzdata.dat
06-06 00:58:56.848 E/memtrack(22486): Couldn't load memtrack module (No such file or directory)
06-06 00:58:56.849 E/android.os.Debug(22486): failed to load memtrack module: -2
06-06 00:58:56.849 I/Radio-JNI(22486): register_android_hardware_Radio DONE
06-06 00:58:56.850 D/EGL_emulation( 1712): eglMakeCurrent: 0xb0685360: ver 2 0 (tinfo 0xb06836c0)
06-06 00:58:56.852 D/EGL_emulation( 1712): eglMakeCurrent: 0xb0685360: ver 2 0 (tinfo 0xb06836c0)
06-06 00:58:56.855 D/AndroidRuntime(22486): Calling main entry com.android.commands.am.Am
06-06 00:58:56.857 I/ActivityManager( 1631): Force stopping com.evancharlton.mileage appid=10374 user=0: start instr
06-06 00:58:56.857 I/ActivityManager( 1631): Killing 22438:com.evancharlton.mileage/u0a374 (adj 0): stop com.evancharlton.mileage
06-06 00:58:56.857 D/ActivityManager( 1631): cleanUpApplicationRecord -- 22438
06-06 00:58:56.857 W/ActivityManager( 1631): Crash of app com.evancharlton.mileage running instrumentation ComponentInfo{com.evancharlton.mileage.test/sh.calaba.instrumentationbackend.CalabashInstrumentationTestRunner}
06-06 00:58:56.857 I/ActivityManager( 1631): Force stopping com.evancharlton.mileage appid=10374 user=0: finished inst
06-06 00:58:56.860 I/art     (22496): Not late-enabling -Xcheck:jni (already on)
06-06 00:58:56.861 W/art     (22496): Unexpected CPU variant for X86 using defaults: x86
06-06 00:58:56.867 D/EGL_emulation( 1712): eglMakeCurrent: 0xb0685360: ver 2 0 (tinfo 0xb06836c0)
06-06 00:58:56.868 I/ActivityManager( 1631): Start proc 22496:com.evancharlton.mileage/u0a374 for added application com.evancharlton.mileage
06-06 00:58:56.868 D/AndroidRuntime(22486): Shutting down VM
06-06 00:58:56.869 D/EGL_emulation( 1712): eglMakeCurrent: 0xb0685360: ver 2 0 (tinfo 0xb06836c0)
06-06 00:58:56.874 W/System  (22496): ClassLoader referenced unknown path: /data/app/com.evancharlton.mileage.test-1/lib/x86
06-06 00:58:56.874 W/System  (22496): ClassLoader referenced unknown path: /data/app/com.evancharlton.mileage-1/lib/x86
06-06 00:58:56.876 W/System  (22496): ClassLoader referenced unknown path: 
06-06 00:58:56.881 I/System.out(22496): Main activity name automatically set to: com.evancharlton.mileage.Mileage
06-06 00:58:56.881 I/System.out(22496): Calabash did not load Mono. This is only a problem if you are trying to test a Mono application
06-06 00:58:56.881 I/calabash(22496): Test server port: 7102
06-06 00:58:56.882 I/InstrumentationBackend(22496): Added:'GetPreferences', with key:'get_preferences'
06-06 00:58:56.883 D/EGL_emulation( 1712): eglMakeCurrent: 0xb0685360: ver 2 0 (tinfo 0xb06836c0)
06-06 00:58:56.885 D/EGL_emulation( 1712): eglMakeCurrent: 0xb0685360: ver 2 0 (tinfo 0xb06836c0)
06-06 00:58:56.888 I/InstrumentationBackend(22496): Added:'SetPreferences', with key:'set_preferences'
06-06 00:58:56.888 I/InstrumentationBackend(22496): Added:'ClearPreferences', with key:'clear_preferences'
06-06 00:58:56.888 I/InstrumentationBackend(22496): Added:'PressElement', with key:'press_l10n_element'
06-06 00:58:56.888 I/InstrumentationBackend(22496): Added:'WaitForElement', with key:'wait_for_l10n_element'
06-06 00:58:56.888 I/InstrumentationBackend(22496): Added:'NullAction', with key:'nullAction'
06-06 00:58:56.888 I/InstrumentationBackend(22496): Added:'PressKey', with key:'press_key'
06-06 00:58:56.888 I/InstrumentationBackend(22496): Added:'SetActivityOrientation', with key:'set_activity_orientation'
06-06 00:58:56.888 I/InstrumentationBackend(22496): Added:'GetActivityOrientation', with key:'get_activity_orientation'
06-06 00:58:56.888 I/InstrumentationBackend(22496): Added:'FakeGPSLocation', with key:'set_gps_coordinates'
06-06 00:58:56.888 I/InstrumentationBackend(22496): Added:'SetPropertyByCssSelector', with key:'set_property_by_css_selector'
06-06 00:58:56.888 I/InstrumentationBackend(22496): Added:'GetUrl', with key:'get_url'
06-06 00:58:56.889 I/InstrumentationBackend(22496): Added:'ScrollTo', with key:'scroll_to'
06-06 00:58:56.889 I/InstrumentationBackend(22496): Added:'GetLoadProgress', with key:'get_load_progress'
06-06 00:58:56.889 I/InstrumentationBackend(22496): Added:'DumpHtml', with key:'dump_html'
06-06 00:58:56.889 I/InstrumentationBackend(22496): Added:'DumpBodyHtml', with key:'dump_body_html'
06-06 00:58:56.889 I/InstrumentationBackend(22496): Added:'EnterTextByCssSelector', with key:'enter_text_by_selector'
06-06 00:58:56.889 I/InstrumentationBackend(22496): Added:'AndroidSDKVersion', with key:'android_sdk_version'
06-06 00:58:56.890 I/InstrumentationBackend(22496): Added:'Version', with key:'version'
06-06 00:58:56.890 I/InstrumentationBackend(22496): Added:'Drag', with key:'drag'
06-06 00:58:56.890 I/InstrumentationBackend(22496): Added:'TouchCoordinates', with key:'touch_coordinate'
06-06 00:58:56.890 I/InstrumentationBackend(22496): Added:'LongPressCoordinate', with key:'long_press_coordinate'
06-06 00:58:56.890 I/InstrumentationBackend(22496): Added:'DragCoordinates', with key:'drag_coordinates'
06-06 00:58:56.890 I/InstrumentationBackend(22496): Added:'ResumeApplication', with key:'resume_application'
06-06 00:58:56.890 I/InstrumentationBackend(22496): Added:'Swipe', with key:'swipe'
06-06 00:58:56.890 I/InstrumentationBackend(22496): Added:'DoubleTapCoordinate', with key:'double_tap_coordinate'
06-06 00:58:56.890 I/InstrumentationBackend(22496): Added:'ClickOnScreen', with key:'click_on_screen'
06-06 00:58:56.890 I/InstrumentationBackend(22496): Added:'GetActivityName', with key:'get_activity_name'
06-06 00:58:56.890 I/InstrumentationBackend(22496): Added:'ScrollToView', with key:'scroll_to_view'
06-06 00:58:56.890 I/InstrumentationBackend(22496): Added:'ViewConfiguration', with key:'view_configuration'
06-06 00:58:56.890 I/InstrumentationBackend(22496): Added:'IsCurrentActivityFocused', with key:'is_current_activity_focused'
06-06 00:58:56.890 I/InstrumentationBackend(22496): Added:'SendTcp', with key:'send_tcp'
06-06 00:58:56.891 I/InstrumentationBackend(22496): Added:'DpToDevicePixel', with key:'dp_to_device_pixel'
06-06 00:58:56.891 I/InstrumentationBackend(22496): Added:'KeyboardEnterText', with key:'keyboard_enter_text'
06-06 00:58:56.891 I/InstrumentationBackend(22496): Added:'DeleteSurroundingText', with key:'delete_surrounding_text'
06-06 00:58:56.891 I/InstrumentationBackend(22496): Added:'SetComposingRegion', with key:'set_composing_region'
06-06 00:58:56.891 I/InstrumentationBackend(22496): Added:'SetSelection', with key:'set_selection'
06-06 00:58:56.891 I/InstrumentationBackend(22496): Added:'KeyboardKeyEvent', with key:'keyboard_key_event'
06-06 00:58:56.891 I/InstrumentationBackend(22496): Added:'PressUserActionButton', with key:'press_user_action_button'
06-06 00:58:56.891 I/InstrumentationBackend(22496): Added:'HideSoftKeyboard', with key:'hide_soft_keyboard'
06-06 00:58:56.891 I/InstrumentationBackend(22496): Added:'ListActions', with key:'list_actions'
06-06 00:58:56.891 I/calabash(22496): Instantiating http server at 7102
06-06 00:58:56.892 I/System.out(22496): HTTP Daemon listening on: 7102
06-06 00:58:56.900 D/EGL_emulation( 1712): eglMakeCurrent: 0xb0685360: ver 2 0 (tinfo 0xb06836c0)
06-06 00:58:56.902 D/EGL_emulation( 1712): eglMakeCurrent: 0xb0685360: ver 2 0 (tinfo 0xb06836c0)
06-06 00:58:56.903 I/WindowManager( 1631): WIN DEATH: Window{924eacb u0 com.evancharlton.mileage/com.evancharlton.mileage.Mileage EXITING}
06-06 00:58:56.917 D/EGL_emulation( 1712): eglMakeCurrent: 0xb0685360: ver 2 0 (tinfo 0xb06836c0)
06-06 00:58:56.921 D/EGL_emulation( 1712): eglMakeCurrent: 0xb0685360: ver 2 0 (tinfo 0xb06836c0)
06-06 00:58:56.934 D/EGL_emulation( 1712): eglMakeCurrent: 0xb0685360: ver 2 0 (tinfo 0xb06836c0)
06-06 00:58:56.950 D/EGL_emulation( 1712): eglMakeCurrent: 0xb0685360: ver 2 0 (tinfo 0xb06836c0)
06-06 00:58:56.951 D/EGL_emulation( 1712): eglMakeCurrent: 0xb0685360: ver 2 0 (tinfo 0xb06836c0)
06-06 00:58:56.967 D/EGL_emulation( 1712): eglMakeCurrent: 0xb0685360: ver 2 0 (tinfo 0xb06836c0)
06-06 00:58:56.969 D/EGL_emulation( 1712): eglMakeCurrent: 0xb0685360: ver 2 0 (tinfo 0xb06836c0)
06-06 00:58:56.978 I/System.out(22496): URI: //ping
06-06 00:58:56.978 I/System.out(22496): params: {json={}
06-06 00:58:56.978 I/System.out(22496): }
06-06 00:58:56.981 I/System.out(22496): URI: //ping
06-06 00:58:56.981 I/System.out(22496): params: {json={}
06-06 00:58:56.981 I/System.out(22496): }
06-06 00:58:56.987 I/System.out(22496): URI: //ready
06-06 00:58:56.987 I/System.out(22496): params: {json={}
06-06 00:58:56.987 I/System.out(22496): }
06-06 00:58:56.991 I/System.out(22496): URI: //
06-06 00:58:56.991 I/System.out(22496): params: {json={"command":"version","arguments":[]}
06-06 00:58:56.991 I/System.out(22496): }
06-06 00:58:56.991 I/System.out(22496): header: {content-type=application/json;charset=utf-8, date=Sat, 06 Jun 2020 05:58:57 GMT, accept=*/*, host=127.0.0.1:34777, content-length=36, user-agent=HTTPClient/1.0 (2.8.3, ruby 2.5.1 (2018-03-29))}
06-06 00:58:56.991 I/System.out(22496): params: {json={"command":"version","arguments":[]}
06-06 00:58:56.991 I/System.out(22496): }
06-06 00:58:56.991 I/System.out(22496): ProP json = {"command":"version","arguments":[]}
06-06 00:58:56.991 I/System.out(22496): files: {}
06-06 00:58:56.991 I/System.out(22496): command: {"command":"version","arguments":[]}
06-06 00:58:56.995 I/InstrumentationBackend(22496): Got command:'Command:'Line:null,version', arguments:'[]'
06-06 00:58:57.002 I/System.out(22496): result:{"bonusInformation":[],"message":"0.9.8","success":true}
06-06 00:58:57.004 I/System.out(22496): URI: //start-application
06-06 00:58:57.004 I/System.out(22496): params: {json={"intent":null}
06-06 00:58:57.004 I/System.out(22496): }
06-06 00:58:57.014 I/ActivityManager( 1631): START u0 {act=android.intent.action.MAIN cat=[android.intent.category.LAUNCHER] flg=0x10200000 cmp=com.evancharlton.mileage/.Mileage} from uid 10374 on display 0
06-06 00:58:57.022 I/calabash(22496): newActivity1
06-06 00:58:57.030 I/calabash(22496): newActivity1
06-06 00:58:57.031 W/ActivityManager( 1631): Bad activity token: android.os.BinderProxy@b97aaab
06-06 00:58:57.031 W/ActivityManager( 1631): java.lang.ClassCastException: android.os.BinderProxy cannot be cast to com.android.server.am.ActivityRecord$Token
06-06 00:58:57.031 W/ActivityManager( 1631): 	at com.android.server.am.ActivityRecord.forTokenLocked(ActivityRecord.java:586)
06-06 00:58:57.031 W/ActivityManager( 1631): 	at com.android.server.am.ActivityRecord.isInStackLocked(ActivityRecord.java:1327)
06-06 00:58:57.031 W/ActivityManager( 1631): 	at com.android.server.am.ActivityRecord.getStackLocked(ActivityRecord.java:1332)
06-06 00:58:57.031 W/ActivityManager( 1631): 	at com.android.server.am.ActivityManagerService.getActivityDisplayId(ActivityManagerService.java:9806)
06-06 00:58:57.031 W/ActivityManager( 1631): 	at android.app.ActivityManagerNative.onTransact(ActivityManagerNative.java:2566)
06-06 00:58:57.031 W/ActivityManager( 1631): 	at com.android.server.am.ActivityManagerService.onTransact(ActivityManagerService.java:2757)
06-06 00:58:57.031 W/ActivityManager( 1631): 	at android.os.Binder.execTransact(Binder.java:565)
06-06 00:58:57.032 W/ActivityManager( 1631): Bad activity token: android.os.BinderProxy@b97aaab
06-06 00:58:57.032 W/ActivityManager( 1631): java.lang.ClassCastException: android.os.BinderProxy cannot be cast to com.android.server.am.ActivityRecord$Token
06-06 00:58:57.032 W/ActivityManager( 1631): 	at com.android.server.am.ActivityRecord.forTokenLocked(ActivityRecord.java:586)
06-06 00:58:57.032 W/ActivityManager( 1631): 	at com.android.server.am.ActivityRecord.isInStackLocked(ActivityRecord.java:1327)
06-06 00:58:57.032 W/ActivityManager( 1631): 	at com.android.server.am.ActivityManagerService.setTaskDescription(ActivityManagerService.java:9358)
06-06 00:58:57.032 W/ActivityManager( 1631): 	at android.app.ActivityManagerNative.onTransact(ActivityManagerNative.java:2639)
06-06 00:58:57.032 W/ActivityManager( 1631): 	at com.android.server.am.ActivityManagerService.onTransact(ActivityManagerService.java:2757)
06-06 00:58:57.032 W/ActivityManager( 1631): 	at android.os.Binder.execTransact(Binder.java:565)
06-06 00:58:57.033 W/ActivityManager( 1631): Bad activity token: android.os.BinderProxy@b97aaab
06-06 00:58:57.033 W/ActivityManager( 1631): java.lang.ClassCastException: android.os.BinderProxy cannot be cast to com.android.server.am.ActivityRecord$Token
06-06 00:58:57.033 W/ActivityManager( 1631): 	at com.android.server.am.ActivityRecord.forTokenLocked(ActivityRecord.java:586)
06-06 00:58:57.033 W/ActivityManager( 1631): 	at com.android.server.am.ActivityRecord.isInStackLocked(ActivityRecord.java:1327)
06-06 00:58:57.033 W/ActivityManager( 1631): 	at com.android.server.am.ActivityRecord.getStackLocked(ActivityRecord.java:1332)
06-06 00:58:57.033 W/ActivityManager( 1631): 	at com.android.server.am.ActivityManagerService.getActivityStackId(ActivityManagerService.java:9817)
06-06 00:58:57.033 W/ActivityManager( 1631): 	at android.app.ActivityManagerNative.onTransact(ActivityManagerNative.java:2856)
06-06 00:58:57.033 W/ActivityManager( 1631): 	at com.android.server.am.ActivityManagerService.onTransact(ActivityManagerService.java:2757)
06-06 00:58:57.033 W/ActivityManager( 1631): 	at android.os.Binder.execTransact(Binder.java:565)
06-06 00:58:57.034 D/gralloc_ranchu( 1347): gralloc_alloc: Creating ashmem region of size 9023488
06-06 00:58:57.050 W/ActivityManager( 1631): Bad activity token: android.os.BinderProxy@b97aaab
06-06 00:58:57.050 W/ActivityManager( 1631): java.lang.ClassCastException: android.os.BinderProxy cannot be cast to com.android.server.am.ActivityRecord$Token
06-06 00:58:57.050 W/ActivityManager( 1631): 	at com.android.server.am.ActivityRecord.forTokenLocked(ActivityRecord.java:586)
06-06 00:58:57.050 W/ActivityManager( 1631): 	at com.android.server.am.ActivityRecord.isInStackLocked(ActivityRecord.java:1327)
06-06 00:58:57.050 W/ActivityManager( 1631): 	at com.android.server.am.ActivityManagerService.getActivityOptions(ActivityManagerService.java:12559)
06-06 00:58:57.050 W/ActivityManager( 1631): 	at android.app.ActivityManagerNative.onTransact(ActivityManagerNative.java:1933)
06-06 00:58:57.050 W/ActivityManager( 1631): 	at com.android.server.am.ActivityManagerService.onTransact(ActivityManagerService.java:2757)
06-06 00:58:57.050 W/ActivityManager( 1631): 	at android.os.Binder.execTransact(Binder.java:565)
06-06 00:58:57.050 W/ActivityManager( 1631): Bad activity token: android.os.BinderProxy@b97aaab
06-06 00:58:57.050 W/ActivityManager( 1631): java.lang.ClassCastException: android.os.BinderProxy cannot be cast to com.android.server.am.ActivityRecord$Token
06-06 00:58:57.050 W/ActivityManager( 1631): 	at com.android.server.am.ActivityRecord.forTokenLocked(ActivityRecord.java:586)
06-06 00:58:57.050 W/ActivityManager( 1631): 	at com.android.server.am.ActivityRecord.isInStackLocked(ActivityRecord.java:1327)
06-06 00:58:57.050 W/ActivityManager( 1631): 	at com.android.server.am.ActivityManagerService.getActivityOptions(ActivityManagerService.java:12559)
06-06 00:58:57.050 W/ActivityManager( 1631): 	at android.app.ActivityManagerNative.onTransact(ActivityManagerNative.java:1933)
06-06 00:58:57.050 W/ActivityManager( 1631): 	at com.android.server.am.ActivityManagerService.onTransact(ActivityManagerService.java:2757)
06-06 00:58:57.050 W/ActivityManager( 1631): 	at android.os.Binder.execTransact(Binder.java:565)
06-06 00:58:57.060 V/PhoneStatusBar( 1712): setLightsOn(true)
06-06 00:58:57.072 D/EGL_emulation( 2076): eglMakeCurrent: 0xb0685360: ver 2 0 (tinfo 0xb06836b0)
06-06 00:58:57.072 D/EGL_emulation( 1712): eglMakeCurrent: 0xb0685360: ver 2 0 (tinfo 0xb06836c0)
06-06 00:58:57.083 D/gralloc_ranchu( 1347): gralloc_alloc: Creating ashmem region of size 9023488
06-06 00:58:57.083 D/EGL_emulation( 1712): eglMakeCurrent: 0xb0685360: ver 2 0 (tinfo 0xb06836c0)
06-06 00:58:57.088 D/        (22496): HostConnection::get() New Host Connection established 0x9421d000, tid 22496
06-06 00:58:57.089 D/EGL_emulation( 1712): eglMakeCurrent: 0xb0685360: ver 2 0 (tinfo 0xb06836c0)
06-06 00:58:57.089 V/PhoneStatusBar( 1712): setLightsOn(true)
06-06 00:58:57.129 D/EGL_emulation( 1712): eglMakeCurrent: 0xb0685360: ver 2 0 (tinfo 0xb06836c0)
06-06 00:58:57.131 D/EGL_emulation( 1712): eglMakeCurrent: 0xb0685360: ver 2 0 (tinfo 0xb06836c0)
06-06 00:58:57.134 D/EGL_emulation( 1712): eglMakeCurrent: 0xb0685360: ver 2 0 (tinfo 0xb06836c0)
06-06 00:58:57.137 D/EGL_emulation( 1712): eglMakeCurrent: 0xb0685360: ver 2 0 (tinfo 0xb06836c0)
06-06 00:58:57.150 I/WindowManager( 1631): Destroying surface Surface(name=com.evancharlton.mileage/com.evancharlton.mileage.Mileage) called by com.android.server.wm.WindowStateAnimator.destroySurface:2016 com.android.server.wm.WindowStateAnimator.destroySurfaceLocked:882 com.android.server.wm.WindowState.removeLocked:1456 com.android.server.wm.WindowManagerService.removeWindowInnerLocked:2484 com.android.server.wm.AppWindowToken.destroySurfaces:365 com.android.server.wm.WindowStateAnimator.finishExit:565 com.android.server.wm.WindowStateAnimator.stepAnimationLocked:491 com.android.server.wm.WindowAnimator.updateWindowsLocked:303 
06-06 00:58:57.152 D/EGL_emulation( 1712): eglMakeCurrent: 0xb0685360: ver 2 0 (tinfo 0xb06836c0)
06-06 00:58:57.153 D/EGL_emulation( 1712): eglMakeCurrent: 0xb0685360: ver 2 0 (tinfo 0xb06836c0)
06-06 00:58:57.168 D/EGL_emulation( 1712): eglMakeCurrent: 0xb0685360: ver 2 0 (tinfo 0xb06836c0)
06-06 00:58:57.169 D/EGL_emulation( 1712): eglMakeCurrent: 0xb0685360: ver 2 0 (tinfo 0xb06836c0)
06-06 00:58:57.169 V/PhoneStatusBar( 1712): setLightsOn(true)
06-06 00:58:57.184 D/EGL_emulation( 1712): eglMakeCurrent: 0xb0685360: ver 2 0 (tinfo 0xb06836c0)
06-06 00:58:57.185 D/gralloc_ranchu( 1347): gralloc_alloc: Creating ashmem region of size 9023488
06-06 00:58:57.200 I/ActivityManager( 1631): Displayed com.evancharlton.mileage/.Mileage: +183ms
06-06 00:58:57.200 D/EGL_emulation( 1712): eglMakeCurrent: 0xb0685360: ver 2 0 (tinfo 0xb06836c0)
06-06 00:58:57.203 D/EGL_emulation( 1712): eglMakeCurrent: 0xb0685360: ver 2 0 (tinfo 0xb06836c0)
06-06 00:58:57.205 D/EGL_emulation( 1712): eglMakeCurrent: 0xb0685360: ver 2 0 (tinfo 0xb06836c0)
06-06 00:58:57.205 V/PhoneStatusBar( 1712): setLightsOn(true)
06-06 00:58:57.217 D/EGL_emulation( 1712): eglMakeCurrent: 0xb0685360: ver 2 0 (tinfo 0xb06836c0)
06-06 00:58:57.221 D/EGL_emulation( 1712): eglMakeCurrent: 0xb0685360: ver 2 0 (tinfo 0xb06836c0)
06-06 00:58:57.237 D/EGL_emulation( 1712): eglMakeCurrent: 0xb0685360: ver 2 0 (tinfo 0xb06836c0)
06-06 00:58:57.239 D/EGL_emulation( 1712): eglMakeCurrent: 0xb0685360: ver 2 0 (tinfo 0xb06836c0)
06-06 00:58:57.239 V/PhoneStatusBar( 1712): setLightsOn(true)
06-06 00:58:57.252 D/EGL_emulation( 1712): eglMakeCurrent: 0xb0685360: ver 2 0 (tinfo 0xb06836c0)
06-06 00:58:57.254 D/EGL_emulation( 1712): eglMakeCurrent: 0xb0685360: ver 2 0 (tinfo 0xb06836c0)
06-06 00:58:57.259 I/System.out(22496): URI: //map
06-06 00:58:57.259 I/System.out(22496): params: {json={"query":"* marked:'Statistics'","operation":{"method_name":"query","arguments":[]}}
06-06 00:58:57.259 I/System.out(22496): }
06-06 00:58:57.267 D/EGL_emulation( 1712): eglMakeCurrent: 0xb0685360: ver 2 0 (tinfo 0xb06836c0)
06-06 00:58:57.270 D/EGL_emulation( 1712): eglMakeCurrent: 0xb0685360: ver 2 0 (tinfo 0xb06836c0)
06-06 00:58:57.276 W/ResourceType(22496): No package identifier when getting name for resource number 0x00000001
06-06 00:58:57.283 D/EGL_emulation( 1712): eglMakeCurrent: 0xb0685360: ver 2 0 (tinfo 0xb06836c0)
06-06 00:58:57.291 I/System.out(22496): URI: //gesture
06-06 00:58:57.291 I/System.out(22496): params: {json={"query_timeout":5.0,"gestures":[{"query_string":"* marked:'Statistics'","touches":[{"x":50,"y":50,"offset_x":0,"offset_y":0,"wait":0.0,"time":0.2,"release":true,"query_string":null}]}]}
06-06 00:58:57.291 I/System.out(22496): }
06-06 00:58:57.296 W/ResourceType(22496): No package identifier when getting name for resource number 0x00000001
06-06 00:58:57.401 I/WindowManager( 1631): Destroying surface Surface(name=Starting com.evancharlton.mileage) called by com.android.server.wm.WindowStateAnimator.destroySurface:2016 com.android.server.wm.WindowStateAnimator.destroySurfaceLocked:882 com.android.server.wm.WindowState.destroyOrSaveSurface:2100 com.android.server.wm.AppWindowToken.destroySurfaces:363 com.android.server.wm.WindowStateAnimator.finishExit:565 com.android.server.wm.WindowStateAnimator.stepAnimationLocked:491 com.android.server.wm.WindowAnimator.updateWindowsLocked:303 com.android.server.wm.WindowAnimator.animateLocked:704 
06-06 00:58:57.405 V/PhoneStatusBar( 1712): setLightsOn(true)
06-06 00:58:57.435 V/PhoneStatusBar( 1712): setLightsOn(true)
06-06 00:58:57.523 I/calabash(22496): newActivity1
06-06 00:58:57.535 V/PhoneStatusBar( 1712): setLightsOn(true)
06-06 00:58:57.559 I/System.out(22496): URI: //map
06-06 00:58:57.559 I/System.out(22496): params: {json={"query":"* marked:'Average fuel economy'","operation":{"method_name":"query","arguments":[]}}
06-06 00:58:57.559 I/System.out(22496): }
06-06 00:58:57.576 W/ActivityManager( 1631): Bad activity token: android.os.BinderProxy@fb04811
06-06 00:58:57.576 W/ActivityManager( 1631): java.lang.ClassCastException: android.os.BinderProxy cannot be cast to com.android.server.am.ActivityRecord$Token
06-06 00:58:57.576 W/ActivityManager( 1631): 	at com.android.server.am.ActivityRecord.forTokenLocked(ActivityRecord.java:586)
06-06 00:58:57.576 W/ActivityManager( 1631): 	at com.android.server.am.ActivityRecord.isInStackLocked(ActivityRecord.java:1327)
06-06 00:58:57.576 W/ActivityManager( 1631): 	at com.android.server.am.ActivityRecord.getStackLocked(ActivityRecord.java:1332)
06-06 00:58:57.576 W/ActivityManager( 1631): 	at com.android.server.am.ActivityManagerService.getActivityDisplayId(ActivityManagerService.java:9806)
06-06 00:58:57.576 W/ActivityManager( 1631): 	at android.app.ActivityManagerNative.onTransact(ActivityManagerNative.java:2566)
06-06 00:58:57.576 W/ActivityManager( 1631): 	at com.android.server.am.ActivityManagerService.onTransact(ActivityManagerService.java:2757)
06-06 00:58:57.576 W/ActivityManager( 1631): 	at android.os.Binder.execTransact(Binder.java:565)
06-06 00:58:57.579 W/ActivityManager( 1631): Bad activity token: android.os.BinderProxy@fb04811
06-06 00:58:57.579 W/ActivityManager( 1631): java.lang.ClassCastException: android.os.BinderProxy cannot be cast to com.android.server.am.ActivityRecord$Token
06-06 00:58:57.579 W/ActivityManager( 1631): 	at com.android.server.am.ActivityRecord.forTokenLocked(ActivityRecord.java:586)
06-06 00:58:57.579 W/ActivityManager( 1631): 	at com.android.server.am.ActivityRecord.isInStackLocked(ActivityRecord.java:1327)
06-06 00:58:57.579 W/ActivityManager( 1631): 	at com.android.server.am.ActivityManagerService.setTaskDescription(ActivityManagerService.java:9358)
06-06 00:58:57.579 W/ActivityManager( 1631): 	at android.app.ActivityManagerNative.onTransact(ActivityManagerNative.java:2639)
06-06 00:58:57.579 W/ActivityManager( 1631): 	at com.android.server.am.ActivityManagerService.onTransact(ActivityManagerService.java:2757)
06-06 00:58:57.579 W/ActivityManager( 1631): 	at android.os.Binder.execTransact(Binder.java:565)
06-06 00:58:57.581 W/ActivityManager( 1631): Bad activity token: android.os.BinderProxy@fb04811
06-06 00:58:57.581 W/ActivityManager( 1631): java.lang.ClassCastException: android.os.BinderProxy cannot be cast to com.android.server.am.ActivityRecord$Token
06-06 00:58:57.581 W/ActivityManager( 1631): 	at com.android.server.am.ActivityRecord.forTokenLocked(ActivityRecord.java:586)
06-06 00:58:57.581 W/ActivityManager( 1631): 	at com.android.server.am.ActivityRecord.isInStackLocked(ActivityRecord.java:1327)
06-06 00:58:57.581 W/ActivityManager( 1631): 	at com.android.server.am.ActivityRecord.getStackLocked(ActivityRecord.java:1332)
06-06 00:58:57.581 W/ActivityManager( 1631): 	at com.android.server.am.ActivityManagerService.getActivityStackId(ActivityManagerService.java:9817)
06-06 00:58:57.581 W/ActivityManager( 1631): 	at android.app.ActivityManagerNative.onTransact(ActivityManagerNative.java:2856)
06-06 00:58:57.581 W/ActivityManager( 1631): 	at com.android.server.am.ActivityManagerService.onTransact(ActivityManagerService.java:2757)
06-06 00:58:57.581 W/ActivityManager( 1631): 	at android.os.Binder.execTransact(Binder.java:565)
06-06 00:58:57.601 D/VehicleStatisticsActivity(22496): Checking recalculation ...
06-06 00:58:57.603 D/VehicleStatisticsActivity(22496): Recalculation not necessary.
06-06 00:58:57.618 W/ActivityManager( 1631): Bad activity token: android.os.BinderProxy@fb04811
06-06 00:58:57.618 W/ActivityManager( 1631): java.lang.ClassCastException: android.os.BinderProxy cannot be cast to com.android.server.am.ActivityRecord$Token
06-06 00:58:57.618 W/ActivityManager( 1631): 	at com.android.server.am.ActivityRecord.forTokenLocked(ActivityRecord.java:586)
06-06 00:58:57.618 W/ActivityManager( 1631): 	at com.android.server.am.ActivityRecord.isInStackLocked(ActivityRecord.java:1327)
06-06 00:58:57.618 W/ActivityManager( 1631): 	at com.android.server.am.ActivityManagerService.getActivityOptions(ActivityManagerService.java:12559)
06-06 00:58:57.618 W/ActivityManager( 1631): 	at android.app.ActivityManagerNative.onTransact(ActivityManagerNative.java:1933)
06-06 00:58:57.618 W/ActivityManager( 1631): 	at com.android.server.am.ActivityManagerService.onTransact(ActivityManagerService.java:2757)
06-06 00:58:57.618 W/ActivityManager( 1631): 	at android.os.Binder.execTransact(Binder.java:565)
06-06 00:58:57.620 W/ActivityManager( 1631): Bad activity token: android.os.BinderProxy@fb04811
06-06 00:58:57.620 W/ActivityManager( 1631): java.lang.ClassCastException: android.os.BinderProxy cannot be cast to com.android.server.am.ActivityRecord$Token
06-06 00:58:57.620 W/ActivityManager( 1631): 	at com.android.server.am.ActivityRecord.forTokenLocked(ActivityRecord.java:586)
06-06 00:58:57.620 W/ActivityManager( 1631): 	at com.android.server.am.ActivityRecord.isInStackLocked(ActivityRecord.java:1327)
06-06 00:58:57.620 W/ActivityManager( 1631): 	at com.android.server.am.ActivityManagerService.getActivityOptions(ActivityManagerService.java:12559)
06-06 00:58:57.620 W/ActivityManager( 1631): 	at android.app.ActivityManagerNative.onTransact(ActivityManagerNative.java:1933)
06-06 00:58:57.620 W/ActivityManager( 1631): 	at com.android.server.am.ActivityManagerService.onTransact(ActivityManagerService.java:2757)
06-06 00:58:57.620 W/ActivityManager( 1631): 	at android.os.Binder.execTransact(Binder.java:565)
06-06 00:58:57.625 D/VehicleStatisticsActivity(22496): Checking recalculation ...
06-06 00:58:57.628 D/VehicleStatisticsActivity(22496): Recalculation not necessary.
06-06 00:58:57.778 W/ResourceType(22496): No package identifier when getting name for resource number 0x00000001
06-06 00:58:57.783 I/art     (22496): Do partial code cache collection, code=30KB, data=29KB
06-06 00:58:57.786 I/art     (22496): After code cache collection, code=29KB, data=29KB
06-06 00:58:57.786 I/art     (22496): Increasing code cache capacity to 128KB
06-06 00:58:57.818 V/PhoneStatusBar( 1712): setLightsOn(true)
06-06 00:58:57.823 V/PhoneStatusBar( 1712): setLightsOn(true)
06-06 00:58:57.826 I/System.out(22496): URI: //gesture
06-06 00:58:57.826 I/System.out(22496): params: {json={"query_timeout":5.0,"gestures":[{"query_string":"* marked:'Average fuel economy'","touches":[{"x":50,"y":50,"offset_x":0,"offset_y":0,"wait":0.0,"time":0.2,"release":true,"query_string":null}]}]}
06-06 00:58:57.826 I/System.out(22496): }
06-06 00:58:57.826 W/OpenGLRenderer( 2076): Incorrectly called buildLayer on View: ShortcutAndWidgetContainer, destroying layer...
06-06 00:58:57.835 I/WindowManager( 1631): Destroying surface Surface(name=com.android.launcher3/com.android.launcher3.Launcher) called by com.android.server.wm.WindowStateAnimator.destroySurface:2016 com.android.server.wm.WindowStateAnimator.destroySurfaceLocked:882 com.android.server.wm.WindowState.destroyOrSaveSurface:2100 com.android.server.wm.AppWindowToken.destroySurfaces:363 com.android.server.wm.AppWindowToken.notifyAppStopped:389 com.android.server.wm.WindowManagerService.notifyAppStopped:4463 com.android.server.am.ActivityStack.activityStoppedLocked:1252 com.android.server.am.ActivityManagerService.activityStopped:6903 
06-06 00:58:57.838 V/PhoneStatusBar( 1712): setLightsOn(true)
06-06 00:58:57.842 W/ResourceType(22496): No package identifier when getting name for resource number 0x00000001
06-06 00:58:58.084 I/ActivityManager( 1631): START u0 {cmp=com.evancharlton.mileage/.charts.AverageFuelEconomyChart (has extras)} from uid 10374 on display 0
06-06 00:58:58.086 V/PhoneStatusBar( 1712): setLightsOn(true)
06-06 00:58:58.087 V/PhoneStatusBar( 1712): setLightsOn(true)
06-06 00:58:58.100 I/System.out(22496): URI: //map
06-06 00:58:58.100 I/System.out(22496): params: {json={"query":"* {text CONTAINS[c] 'Average fuel economy'}","operation":{"method_name":"query","arguments":[]}}
06-06 00:58:58.100 I/System.out(22496): }
06-06 00:58:58.137 I/calabash(22496): newActivity1
06-06 00:58:58.140 W/aiCharts(22496): License file is invalid or missing. 
06-06 00:58:58.140 W/aiCharts(22496): Please place proper license.lic to /assets folder.
06-06 00:58:58.157 V/PhoneStatusBar( 1712): setLightsOn(true)
06-06 00:58:58.178 I/System.out(22496): URI: //
06-06 00:58:58.178 I/System.out(22496): params: {json={"command":"press_key","arguments":["KEYCODE_BACK"]}
06-06 00:58:58.178 I/System.out(22496): }
06-06 00:58:58.179 I/System.out(22496): header: {content-type=application/json;charset=utf-8, date=Sat, 06 Jun 2020 05:58:58 GMT, accept=*/*, host=127.0.0.1:34777, content-length=52, user-agent=HTTPClient/1.0 (2.8.3, ruby 2.5.1 (2018-03-29))}
06-06 00:58:58.179 I/System.out(22496): params: {json={"command":"press_key","arguments":["KEYCODE_BACK"]}
06-06 00:58:58.179 I/System.out(22496): }
06-06 00:58:58.179 I/System.out(22496): ProP json = {"command":"press_key","arguments":["KEYCODE_BACK"]}
06-06 00:58:58.179 I/System.out(22496): files: {}
06-06 00:58:58.179 I/System.out(22496): command: {"command":"press_key","arguments":["KEYCODE_BACK"]}
06-06 00:58:58.180 I/InstrumentationBackend(22496): Got command:'Command:'Line:null,press_key', arguments:'[KEYCODE_BACK]'
06-06 00:58:58.183 V/PhoneStatusBar( 1712): setLightsOn(true)
06-06 00:58:58.188 W/ViewRootImpl[Creating chart…](22496): Dropping event due to no window focus: KeyEvent { action=ACTION_DOWN, keyCode=KEYCODE_BACK, scanCode=0, metaState=0, flags=0x8, repeatCount=0, eventTime=12561746, downTime=12561746, deviceId=-1, source=0x101 }
06-06 00:58:58.189 I/WindowManager( 1631): Destroying surface Surface(name=Creating chart…) called by com.android.server.wm.WindowStateAnimator.destroySurface:2016 com.android.server.wm.WindowStateAnimator.destroySurfaceLocked:882 com.android.server.wm.WindowState.removeLocked:1456 com.android.server.wm.WindowManagerService.removeWindowInnerLocked:2484 com.android.server.wm.WindowManagerService.removeWindowLocked:2442 com.android.server.wm.WindowManagerService.removeWindowLocked:2311 com.android.server.wm.WindowManagerService.removeWindow:2306 com.android.server.wm.Session.remove:202 
06-06 00:58:58.191 D/gralloc_ranchu( 1347): gralloc_alloc: Creating ashmem region of size 9023488
06-06 00:58:58.192 I/System.out(22496): result:{"bonusInformation":[],"message":"","success":true}
06-06 00:58:58.195 I/System.out(22496): URI: //map
06-06 00:58:58.195 I/System.out(22496): params: {json={"query":"* {text CONTAINS[c] 'Statistics'}","operation":{"method_name":"query","arguments":[]}}
06-06 00:58:58.195 I/System.out(22496): }
06-06 00:58:58.200 V/PhoneStatusBar( 1712): setLightsOn(true)
06-06 00:58:58.216 I/ActivityManager( 1631): Displayed com.evancharlton.mileage/.charts.AverageFuelEconomyChart: +84ms
06-06 00:58:58.216 V/PhoneStatusBar( 1712): setLightsOn(true)
06-06 00:58:58.249 V/PhoneStatusBar( 1712): setLightsOn(true)
