--------- beginning of main
06-06 00:59:24.713 V/PhoneStatusBar( 1712): setLightsOn(true)
06-06 00:59:24.714 V/PhoneStatusBar( 1712): setLightsOn(true)
--------- beginning of system
06-06 00:59:24.714 W/ActivityManager( 1631): Finishing task with all activities already finished
06-06 00:59:24.714 W/ActivityManager( 1631): Duplicate finish request for ActivityRecord{7c37241 u0 com.evancharlton.mileage/.Mileage t10846 f}
06-06 00:59:24.718 D/gralloc_ranchu( 1347): gralloc_alloc: Creating ashmem region of size 3145728
06-06 00:59:24.724 E/EGL_emulation( 1347): tid 1347: eglCreateSyncKHR(1901): error 0x3004 (EGL_BAD_ATTRIBUTE)
06-06 00:59:24.733 W/ActivityManager( 1631): Finishing task with all activities already finished
06-06 00:59:24.733 W/ActivityManager( 1631): Duplicate finish request for ActivityRecord{7c37241 u0 com.evancharlton.mileage/.Mileage t10846 f}
06-06 00:59:24.733 W/ActivityManager( 1631): Finishing task with all activities already finished
06-06 00:59:24.733 W/ActivityManager( 1631): Duplicate finish request for ActivityRecord{7c37241 u0 com.evancharlton.mileage/.Mileage t10846 f}
06-06 00:59:24.734 W/ActivityManager( 1631): Finishing task with all activities already finished
06-06 00:59:24.734 W/ActivityManager( 1631): Duplicate finish request for ActivityRecord{7c37241 u0 com.evancharlton.mileage/.Mileage t10846 f}
06-06 00:59:24.734 W/ActivityManager( 1631): Finishing task with all activities already finished
06-06 00:59:24.734 W/ActivityManager( 1631): Duplicate finish request for ActivityRecord{7c37241 u0 com.evancharlton.mileage/.Mileage t10846 f}
06-06 00:59:24.751 D/EGL_emulation( 1712): eglMakeCurrent: 0xb0685360: ver 2 0 (tinfo 0xb06836c0)
06-06 00:59:24.767 D/EGL_emulation( 1712): eglMakeCurrent: 0xb0685360: ver 2 0 (tinfo 0xb06836c0)
06-06 00:59:24.768 D/EGL_emulation( 2076): eglMakeCurrent: 0xb0685360: ver 2 0 (tinfo 0xb06836b0)
06-06 00:59:24.801 D/EGL_emulation( 1712): eglMakeCurrent: 0xb0685360: ver 2 0 (tinfo 0xb06836c0)
06-06 00:59:24.802 D/AndroidRuntime(23366): >>>>>> START com.android.internal.os.RuntimeInit uid 2000 <<<<<<
06-06 00:59:24.804 D/AndroidRuntime(23366): CheckJNI is ON
06-06 00:59:24.814 W/art     (23366): Unexpected CPU variant for X86 using defaults: x86
06-06 00:59:24.815 D/ICU     (23366): No timezone override file found: /data/misc/zoneinfo/current/icu/icu_tzdata.dat
06-06 00:59:24.817 D/EGL_emulation( 1712): eglMakeCurrent: 0xb0685360: ver 2 0 (tinfo 0xb06836c0)
06-06 00:59:24.818 D/EGL_emulation( 1712): eglMakeCurrent: 0xb0685360: ver 2 0 (tinfo 0xb06836c0)
06-06 00:59:24.823 E/memtrack(23366): Couldn't load memtrack module (No such file or directory)
06-06 00:59:24.823 E/android.os.Debug(23366): failed to load memtrack module: -2
06-06 00:59:24.823 I/Radio-JNI(23366): register_android_hardware_Radio DONE
06-06 00:59:24.827 D/AndroidRuntime(23366): Calling main entry com.android.commands.am.Am
06-06 00:59:24.828 I/ActivityManager( 1631): Force stopping com.evancharlton.mileage appid=10374 user=0: start instr
06-06 00:59:24.828 I/ActivityManager( 1631): Killing 23318:com.evancharlton.mileage/u0a374 (adj 0): stop com.evancharlton.mileage
06-06 00:59:24.828 D/ActivityManager( 1631): cleanUpApplicationRecord -- 23318
06-06 00:59:24.830 W/ActivityManager( 1631): Crash of app com.evancharlton.mileage running instrumentation ComponentInfo{com.evancharlton.mileage.test/sh.calaba.instrumentationbackend.CalabashInstrumentationTestRunner}
06-06 00:59:24.830 I/ActivityManager( 1631): Force stopping com.evancharlton.mileage appid=10374 user=0: finished inst
06-06 00:59:24.833 I/art     (23377): Not late-enabling -Xcheck:jni (already on)
06-06 00:59:24.833 W/art     (23377): Unexpected CPU variant for X86 using defaults: x86
06-06 00:59:24.833 D/EGL_emulation( 1712): eglMakeCurrent: 0xb0685360: ver 2 0 (tinfo 0xb06836c0)
06-06 00:59:24.835 D/EGL_emulation( 1712): eglMakeCurrent: 0xb0685360: ver 2 0 (tinfo 0xb06836c0)
06-06 00:59:24.840 I/ActivityManager( 1631): Start proc 23377:com.evancharlton.mileage/u0a374 for added application com.evancharlton.mileage
06-06 00:59:24.841 D/AndroidRuntime(23366): Shutting down VM
06-06 00:59:24.845 W/System  (23377): ClassLoader referenced unknown path: /data/app/com.evancharlton.mileage.test-1/lib/x86
06-06 00:59:24.845 W/System  (23377): ClassLoader referenced unknown path: /data/app/com.evancharlton.mileage-1/lib/x86
06-06 00:59:24.847 W/System  (23377): ClassLoader referenced unknown path: 
06-06 00:59:24.850 D/EGL_emulation( 1712): eglMakeCurrent: 0xb0685360: ver 2 0 (tinfo 0xb06836c0)
06-06 00:59:24.851 I/System.out(23377): Main activity name automatically set to: com.evancharlton.mileage.Mileage
06-06 00:59:24.851 I/System.out(23377): Calabash did not load Mono. This is only a problem if you are trying to test a Mono application
06-06 00:59:24.851 I/calabash(23377): Test server port: 7102
06-06 00:59:24.851 D/EGL_emulation( 1712): eglMakeCurrent: 0xb0685360: ver 2 0 (tinfo 0xb06836c0)
06-06 00:59:24.852 I/InstrumentationBackend(23377): Added:'GetPreferences', with key:'get_preferences'
06-06 00:59:24.857 I/InstrumentationBackend(23377): Added:'SetPreferences', with key:'set_preferences'
06-06 00:59:24.857 I/InstrumentationBackend(23377): Added:'ClearPreferences', with key:'clear_preferences'
06-06 00:59:24.857 I/InstrumentationBackend(23377): Added:'PressElement', with key:'press_l10n_element'
06-06 00:59:24.857 I/InstrumentationBackend(23377): Added:'WaitForElement', with key:'wait_for_l10n_element'
06-06 00:59:24.857 I/InstrumentationBackend(23377): Added:'NullAction', with key:'nullAction'
06-06 00:59:24.857 I/InstrumentationBackend(23377): Added:'PressKey', with key:'press_key'
06-06 00:59:24.857 I/InstrumentationBackend(23377): Added:'SetActivityOrientation', with key:'set_activity_orientation'
06-06 00:59:24.857 I/InstrumentationBackend(23377): Added:'GetActivityOrientation', with key:'get_activity_orientation'
06-06 00:59:24.858 I/InstrumentationBackend(23377): Added:'FakeGPSLocation', with key:'set_gps_coordinates'
06-06 00:59:24.858 I/InstrumentationBackend(23377): Added:'SetPropertyByCssSelector', with key:'set_property_by_css_selector'
06-06 00:59:24.858 I/InstrumentationBackend(23377): Added:'GetUrl', with key:'get_url'
06-06 00:59:24.858 I/InstrumentationBackend(23377): Added:'ScrollTo', with key:'scroll_to'
06-06 00:59:24.858 I/InstrumentationBackend(23377): Added:'GetLoadProgress', with key:'get_load_progress'
06-06 00:59:24.858 I/InstrumentationBackend(23377): Added:'DumpHtml', with key:'dump_html'
06-06 00:59:24.858 I/InstrumentationBackend(23377): Added:'DumpBodyHtml', with key:'dump_body_html'
06-06 00:59:24.858 I/InstrumentationBackend(23377): Added:'EnterTextByCssSelector', with key:'enter_text_by_selector'
06-06 00:59:24.858 I/InstrumentationBackend(23377): Added:'AndroidSDKVersion', with key:'android_sdk_version'
06-06 00:59:24.858 I/InstrumentationBackend(23377): Added:'Version', with key:'version'
06-06 00:59:24.858 I/InstrumentationBackend(23377): Added:'Drag', with key:'drag'
06-06 00:59:24.858 I/InstrumentationBackend(23377): Added:'TouchCoordinates', with key:'touch_coordinate'
06-06 00:59:24.858 I/InstrumentationBackend(23377): Added:'LongPressCoordinate', with key:'long_press_coordinate'
06-06 00:59:24.858 I/InstrumentationBackend(23377): Added:'DragCoordinates', with key:'drag_coordinates'
06-06 00:59:24.858 I/InstrumentationBackend(23377): Added:'ResumeApplication', with key:'resume_application'
06-06 00:59:24.858 I/InstrumentationBackend(23377): Added:'Swipe', with key:'swipe'
06-06 00:59:24.858 I/InstrumentationBackend(23377): Added:'DoubleTapCoordinate', with key:'double_tap_coordinate'
06-06 00:59:24.858 I/InstrumentationBackend(23377): Added:'ClickOnScreen', with key:'click_on_screen'
06-06 00:59:24.858 I/InstrumentationBackend(23377): Added:'GetActivityName', with key:'get_activity_name'
06-06 00:59:24.858 I/InstrumentationBackend(23377): Added:'ScrollToView', with key:'scroll_to_view'
06-06 00:59:24.859 I/InstrumentationBackend(23377): Added:'ViewConfiguration', with key:'view_configuration'
06-06 00:59:24.859 I/InstrumentationBackend(23377): Added:'IsCurrentActivityFocused', with key:'is_current_activity_focused'
06-06 00:59:24.859 I/InstrumentationBackend(23377): Added:'SendTcp', with key:'send_tcp'
06-06 00:59:24.859 I/InstrumentationBackend(23377): Added:'DpToDevicePixel', with key:'dp_to_device_pixel'
06-06 00:59:24.859 I/InstrumentationBackend(23377): Added:'KeyboardEnterText', with key:'keyboard_enter_text'
06-06 00:59:24.859 I/InstrumentationBackend(23377): Added:'DeleteSurroundingText', with key:'delete_surrounding_text'
06-06 00:59:24.859 I/InstrumentationBackend(23377): Added:'SetComposingRegion', with key:'set_composing_region'
06-06 00:59:24.859 I/InstrumentationBackend(23377): Added:'SetSelection', with key:'set_selection'
06-06 00:59:24.859 I/InstrumentationBackend(23377): Added:'KeyboardKeyEvent', with key:'keyboard_key_event'
06-06 00:59:24.859 I/InstrumentationBackend(23377): Added:'PressUserActionButton', with key:'press_user_action_button'
06-06 00:59:24.859 I/InstrumentationBackend(23377): Added:'HideSoftKeyboard', with key:'hide_soft_keyboard'
06-06 00:59:24.859 I/InstrumentationBackend(23377): Added:'ListActions', with key:'list_actions'
06-06 00:59:24.859 I/calabash(23377): Instantiating http server at 7102
06-06 00:59:24.859 I/System.out(23377): HTTP Daemon listening on: 7102
06-06 00:59:24.864 I/WindowManager( 1631): WIN DEATH: Window{68b204 u0 com.evancharlton.mileage/com.evancharlton.mileage.Mileage EXITING}
06-06 00:59:24.864 W/InputDispatcher( 1631): channel '49a5759 Toast (server)' ~ Consumer closed input channel or an error occurred.  events=0x9
06-06 00:59:24.864 E/InputDispatcher( 1631): channel '49a5759 Toast (server)' ~ Channel is unrecoverably broken and will be disposed!
06-06 00:59:24.865 I/WindowManager( 1631): WIN DEATH: Window{49a5759 u0 Toast}
06-06 00:59:24.865 W/InputDispatcher( 1631): Attempted to unregister already unregistered input channel '49a5759 Toast (server)'
06-06 00:59:24.874 D/EGL_emulation( 1712): eglMakeCurrent: 0xb0685360: ver 2 0 (tinfo 0xb06836c0)
06-06 00:59:24.877 D/EGL_emulation( 1712): eglMakeCurrent: 0xb0685360: ver 2 0 (tinfo 0xb06836c0)
06-06 00:59:24.883 D/EGL_emulation( 1712): eglMakeCurrent: 0xb0685360: ver 2 0 (tinfo 0xb06836c0)
06-06 00:59:24.885 D/EGL_emulation( 1712): eglMakeCurrent: 0xb0685360: ver 2 0 (tinfo 0xb06836c0)
06-06 00:59:24.900 D/EGL_emulation( 1712): eglMakeCurrent: 0xb0685360: ver 2 0 (tinfo 0xb06836c0)
06-06 00:59:24.901 D/EGL_emulation( 1712): eglMakeCurrent: 0xb0685360: ver 2 0 (tinfo 0xb06836c0)
06-06 00:59:24.916 D/EGL_emulation( 1712): eglMakeCurrent: 0xb0685360: ver 2 0 (tinfo 0xb06836c0)
06-06 00:59:24.918 D/EGL_emulation( 1712): eglMakeCurrent: 0xb0685360: ver 2 0 (tinfo 0xb06836c0)
06-06 00:59:24.933 D/EGL_emulation( 1712): eglMakeCurrent: 0xb0685360: ver 2 0 (tinfo 0xb06836c0)
06-06 00:59:24.936 D/EGL_emulation( 1712): eglMakeCurrent: 0xb0685360: ver 2 0 (tinfo 0xb06836c0)
06-06 00:59:24.950 I/System.out(23377): URI: //ping
06-06 00:59:24.950 I/System.out(23377): params: {json={}
06-06 00:59:24.950 I/System.out(23377): }
06-06 00:59:24.950 D/EGL_emulation( 1712): eglMakeCurrent: 0xb0685360: ver 2 0 (tinfo 0xb06836c0)
06-06 00:59:24.952 D/EGL_emulation( 1712): eglMakeCurrent: 0xb0685360: ver 2 0 (tinfo 0xb06836c0)
06-06 00:59:24.952 I/System.out(23377): URI: //ping
06-06 00:59:24.952 I/System.out(23377): params: {json={}
06-06 00:59:24.952 I/System.out(23377): }
06-06 00:59:24.954 I/System.out(23377): URI: //ready
06-06 00:59:24.954 I/System.out(23377): params: {json={}
06-06 00:59:24.954 I/System.out(23377): }
06-06 00:59:24.955 I/System.out(23377): URI: //
06-06 00:59:24.955 I/System.out(23377): params: {json={"command":"version","arguments":[]}
06-06 00:59:24.955 I/System.out(23377): }
06-06 00:59:24.955 I/System.out(23377): header: {content-type=application/json;charset=utf-8, date=Sat, 06 Jun 2020 05:59:25 GMT, accept=*/*, host=127.0.0.1:34777, content-length=36, user-agent=HTTPClient/1.0 (2.8.3, ruby 2.5.1 (2018-03-29))}
06-06 00:59:24.955 I/System.out(23377): params: {json={"command":"version","arguments":[]}
06-06 00:59:24.955 I/System.out(23377): }
06-06 00:59:24.955 I/System.out(23377): ProP json = {"command":"version","arguments":[]}
06-06 00:59:24.955 I/System.out(23377): files: {}
06-06 00:59:24.955 I/System.out(23377): command: {"command":"version","arguments":[]}
06-06 00:59:24.958 I/InstrumentationBackend(23377): Got command:'Command:'Line:null,version', arguments:'[]'
06-06 00:59:24.964 I/System.out(23377): result:{"bonusInformation":[],"message":"0.9.8","success":true}
06-06 00:59:24.967 I/System.out(23377): URI: //start-application
06-06 00:59:24.967 I/System.out(23377): params: {json={"intent":null}
06-06 00:59:24.967 I/System.out(23377): }
06-06 00:59:24.968 D/EGL_emulation( 1712): eglMakeCurrent: 0xb0685360: ver 2 0 (tinfo 0xb06836c0)
06-06 00:59:24.975 I/ActivityManager( 1631): START u0 {act=android.intent.action.MAIN cat=[android.intent.category.LAUNCHER] flg=0x10200000 cmp=com.evancharlton.mileage/.Mileage} from uid 10374 on display 0
06-06 00:59:24.982 I/calabash(23377): newActivity1
06-06 00:59:24.984 D/EGL_emulation( 1712): eglMakeCurrent: 0xb0685360: ver 2 0 (tinfo 0xb06836c0)
06-06 00:59:24.985 D/EGL_emulation( 1712): eglMakeCurrent: 0xb0685360: ver 2 0 (tinfo 0xb06836c0)
06-06 00:59:24.991 I/calabash(23377): newActivity1
06-06 00:59:24.992 W/ActivityManager( 1631): Bad activity token: android.os.BinderProxy@62179e8
06-06 00:59:24.992 W/ActivityManager( 1631): java.lang.ClassCastException: android.os.BinderProxy cannot be cast to com.android.server.am.ActivityRecord$Token
06-06 00:59:24.992 W/ActivityManager( 1631): 	at com.android.server.am.ActivityRecord.forTokenLocked(ActivityRecord.java:586)
06-06 00:59:24.992 W/ActivityManager( 1631): 	at com.android.server.am.ActivityRecord.isInStackLocked(ActivityRecord.java:1327)
06-06 00:59:24.992 W/ActivityManager( 1631): 	at com.android.server.am.ActivityRecord.getStackLocked(ActivityRecord.java:1332)
06-06 00:59:24.992 W/ActivityManager( 1631): 	at com.android.server.am.ActivityManagerService.getActivityDisplayId(ActivityManagerService.java:9806)
06-06 00:59:24.992 W/ActivityManager( 1631): 	at android.app.ActivityManagerNative.onTransact(ActivityManagerNative.java:2566)
06-06 00:59:24.992 W/ActivityManager( 1631): 	at com.android.server.am.ActivityManagerService.onTransact(ActivityManagerService.java:2757)
06-06 00:59:24.992 W/ActivityManager( 1631): 	at android.os.Binder.execTransact(Binder.java:565)
06-06 00:59:24.993 W/ActivityManager( 1631): Bad activity token: android.os.BinderProxy@62179e8
06-06 00:59:24.993 W/ActivityManager( 1631): java.lang.ClassCastException: android.os.BinderProxy cannot be cast to com.android.server.am.ActivityRecord$Token
06-06 00:59:24.993 W/ActivityManager( 1631): 	at com.android.server.am.ActivityRecord.forTokenLocked(ActivityRecord.java:586)
06-06 00:59:24.993 W/ActivityManager( 1631): 	at com.android.server.am.ActivityRecord.isInStackLocked(ActivityRecord.java:1327)
06-06 00:59:24.993 W/ActivityManager( 1631): 	at com.android.server.am.ActivityManagerService.setTaskDescription(ActivityManagerService.java:9358)
06-06 00:59:24.993 W/ActivityManager( 1631): 	at android.app.ActivityManagerNative.onTransact(ActivityManagerNative.java:2639)
06-06 00:59:24.993 W/ActivityManager( 1631): 	at com.android.server.am.ActivityManagerService.onTransact(ActivityManagerService.java:2757)
06-06 00:59:24.993 W/ActivityManager( 1631): 	at android.os.Binder.execTransact(Binder.java:565)
06-06 00:59:24.993 W/ActivityManager( 1631): Bad activity token: android.os.BinderProxy@62179e8
06-06 00:59:24.993 W/ActivityManager( 1631): java.lang.ClassCastException: android.os.BinderProxy cannot be cast to com.android.server.am.ActivityRecord$Token
06-06 00:59:24.993 W/ActivityManager( 1631): 	at com.android.server.am.ActivityRecord.forTokenLocked(ActivityRecord.java:586)
06-06 00:59:24.993 W/ActivityManager( 1631): 	at com.android.server.am.ActivityRecord.isInStackLocked(ActivityRecord.java:1327)
06-06 00:59:24.993 W/ActivityManager( 1631): 	at com.android.server.am.ActivityRecord.getStackLocked(ActivityRecord.java:1332)
06-06 00:59:24.993 W/ActivityManager( 1631): 	at com.android.server.am.ActivityManagerService.getActivityStackId(ActivityManagerService.java:9817)
06-06 00:59:24.993 W/ActivityManager( 1631): 	at android.app.ActivityManagerNative.onTransact(ActivityManagerNative.java:2856)
06-06 00:59:24.993 W/ActivityManager( 1631): 	at com.android.server.am.ActivityManagerService.onTransact(ActivityManagerService.java:2757)
06-06 00:59:24.993 W/ActivityManager( 1631): 	at android.os.Binder.execTransact(Binder.java:565)
06-06 00:59:25.000 D/gralloc_ranchu( 1347): gralloc_alloc: Creating ashmem region of size 9023488
06-06 00:59:25.010 W/ActivityManager( 1631): Bad activity token: android.os.BinderProxy@62179e8
06-06 00:59:25.010 W/ActivityManager( 1631): java.lang.ClassCastException: android.os.BinderProxy cannot be cast to com.android.server.am.ActivityRecord$Token
06-06 00:59:25.010 W/ActivityManager( 1631): 	at com.android.server.am.ActivityRecord.forTokenLocked(ActivityRecord.java:586)
06-06 00:59:25.010 W/ActivityManager( 1631): 	at com.android.server.am.ActivityRecord.isInStackLocked(ActivityRecord.java:1327)
06-06 00:59:25.010 W/ActivityManager( 1631): 	at com.android.server.am.ActivityManagerService.getActivityOptions(ActivityManagerService.java:12559)
06-06 00:59:25.010 W/ActivityManager( 1631): 	at android.app.ActivityManagerNative.onTransact(ActivityManagerNative.java:1933)
06-06 00:59:25.010 W/ActivityManager( 1631): 	at com.android.server.am.ActivityManagerService.onTransact(ActivityManagerService.java:2757)
06-06 00:59:25.010 W/ActivityManager( 1631): 	at android.os.Binder.execTransact(Binder.java:565)
06-06 00:59:25.010 W/ActivityManager( 1631): Bad activity token: android.os.BinderProxy@62179e8
06-06 00:59:25.010 W/ActivityManager( 1631): java.lang.ClassCastException: android.os.BinderProxy cannot be cast to com.android.server.am.ActivityRecord$Token
06-06 00:59:25.010 W/ActivityManager( 1631): 	at com.android.server.am.ActivityRecord.forTokenLocked(ActivityRecord.java:586)
06-06 00:59:25.010 W/ActivityManager( 1631): 	at com.android.server.am.ActivityRecord.isInStackLocked(ActivityRecord.java:1327)
06-06 00:59:25.010 W/ActivityManager( 1631): 	at com.android.server.am.ActivityManagerService.getActivityOptions(ActivityManagerService.java:12559)
06-06 00:59:25.010 W/ActivityManager( 1631): 	at android.app.ActivityManagerNative.onTransact(ActivityManagerNative.java:1933)
06-06 00:59:25.010 W/ActivityManager( 1631): 	at com.android.server.am.ActivityManagerService.onTransact(ActivityManagerService.java:2757)
06-06 00:59:25.010 W/ActivityManager( 1631): 	at android.os.Binder.execTransact(Binder.java:565)
06-06 00:59:25.026 V/PhoneStatusBar( 1712): setLightsOn(true)
06-06 00:59:25.034 D/EGL_emulation( 2076): eglMakeCurrent: 0xb0685360: ver 2 0 (tinfo 0xb06836b0)
06-06 00:59:25.035 D/EGL_emulation( 1712): eglMakeCurrent: 0xb0685360: ver 2 0 (tinfo 0xb06836c0)
06-06 00:59:25.035 V/PhoneStatusBar( 1712): setLightsOn(true)
06-06 00:59:25.050 D/gralloc_ranchu( 1347): gralloc_alloc: Creating ashmem region of size 9023488
06-06 00:59:25.050 D/EGL_emulation( 1712): eglMakeCurrent: 0xb0685360: ver 2 0 (tinfo 0xb06836c0)
06-06 00:59:25.055 D/        (23377): HostConnection::get() New Host Connection established 0x942bc300, tid 23377
06-06 00:59:25.055 D/EGL_emulation( 1712): eglMakeCurrent: 0xb0685360: ver 2 0 (tinfo 0xb06836c0)
06-06 00:59:25.055 V/PhoneStatusBar( 1712): setLightsOn(true)
06-06 00:59:25.089 D/EGL_emulation( 1712): eglMakeCurrent: 0xb0685360: ver 2 0 (tinfo 0xb06836c0)
06-06 00:59:25.091 D/EGL_emulation( 1712): eglMakeCurrent: 0xb0685360: ver 2 0 (tinfo 0xb06836c0)
06-06 00:59:25.092 D/EGL_emulation( 1712): eglMakeCurrent: 0xb0685360: ver 2 0 (tinfo 0xb06836c0)
06-06 00:59:25.103 D/EGL_emulation( 1712): eglMakeCurrent: 0xb0685360: ver 2 0 (tinfo 0xb06836c0)
06-06 00:59:25.105 D/EGL_emulation( 1712): eglMakeCurrent: 0xb0685360: ver 2 0 (tinfo 0xb06836c0)
06-06 00:59:25.117 D/EGL_emulation( 1712): eglMakeCurrent: 0xb0685360: ver 2 0 (tinfo 0xb06836c0)
06-06 00:59:25.118 D/EGL_emulation( 1712): eglMakeCurrent: 0xb0685360: ver 2 0 (tinfo 0xb06836c0)
06-06 00:59:25.133 D/EGL_emulation( 1712): eglMakeCurrent: 0xb0685360: ver 2 0 (tinfo 0xb06836c0)
06-06 00:59:25.134 D/gralloc_ranchu( 1347): gralloc_alloc: Creating ashmem region of size 9023488
06-06 00:59:25.147 D/EGL_emulation( 1712): eglMakeCurrent: 0xb0685360: ver 2 0 (tinfo 0xb06836c0)
06-06 00:59:25.150 D/EGL_emulation( 1712): eglMakeCurrent: 0xb0685360: ver 2 0 (tinfo 0xb06836c0)
06-06 00:59:25.150 I/ActivityManager( 1631): Displayed com.evancharlton.mileage/.Mileage: +170ms
06-06 00:59:25.151 D/EGL_emulation( 1712): eglMakeCurrent: 0xb0685360: ver 2 0 (tinfo 0xb06836c0)
06-06 00:59:25.171 D/EGL_emulation( 1712): eglMakeCurrent: 0xb0685360: ver 2 0 (tinfo 0xb06836c0)
06-06 00:59:25.172 D/EGL_emulation( 1712): eglMakeCurrent: 0xb0685360: ver 2 0 (tinfo 0xb06836c0)
06-06 00:59:25.183 D/EGL_emulation( 1712): eglMakeCurrent: 0xb0685360: ver 2 0 (tinfo 0xb06836c0)
06-06 00:59:25.184 V/PhoneStatusBar( 1712): setLightsOn(true)
06-06 00:59:25.184 D/EGL_emulation( 1712): eglMakeCurrent: 0xb0685360: ver 2 0 (tinfo 0xb06836c0)
06-06 00:59:25.189 I/System.out(23377): URI: //map
06-06 00:59:25.189 I/System.out(23377): params: {json={"query":"* marked:'Statistics'","operation":{"method_name":"query","arguments":[]}}
06-06 00:59:25.189 I/System.out(23377): }
06-06 00:59:25.200 I/WindowManager( 1631): Destroying surface Surface(name=com.evancharlton.mileage/com.evancharlton.mileage.Mileage) called by com.android.server.wm.WindowStateAnimator.destroySurface:2016 com.android.server.wm.WindowStateAnimator.destroySurfaceLocked:882 com.android.server.wm.WindowState.removeLocked:1456 com.android.server.wm.WindowManagerService.removeWindowInnerLocked:2484 com.android.server.wm.AppWindowToken.destroySurfaces:365 com.android.server.wm.WindowStateAnimator.finishExit:565 com.android.server.wm.AppWindowAnimator.stepAnimationLocked:427 com.android.server.wm.WindowAnimator.updateAppWindowsLocked:196 
06-06 00:59:25.200 D/EGL_emulation( 1712): eglMakeCurrent: 0xb0685360: ver 2 0 (tinfo 0xb06836c0)
06-06 00:59:25.201 D/EGL_emulation( 1712): eglMakeCurrent: 0xb0685360: ver 2 0 (tinfo 0xb06836c0)
06-06 00:59:25.202 W/ResourceType(23377): No package identifier when getting name for resource number 0x00000001
06-06 00:59:25.217 D/EGL_emulation( 1712): eglMakeCurrent: 0xb0685360: ver 2 0 (tinfo 0xb06836c0)
06-06 00:59:25.217 V/PhoneStatusBar( 1712): setLightsOn(true)
06-06 00:59:25.217 I/System.out(23377): URI: //gesture
06-06 00:59:25.217 I/System.out(23377): params: {json={"query_timeout":5.0,"gestures":[{"query_string":"* marked:'Statistics'","touches":[{"x":50,"y":50,"offset_x":0,"offset_y":0,"wait":0.0,"time":0.2,"release":true,"query_string":null}]}]}
06-06 00:59:25.217 I/System.out(23377): }
06-06 00:59:25.218 D/EGL_emulation( 1712): eglMakeCurrent: 0xb0685360: ver 2 0 (tinfo 0xb06836c0)
06-06 00:59:25.222 W/ResourceType(23377): No package identifier when getting name for resource number 0x00000001
06-06 00:59:25.233 D/EGL_emulation( 1712): eglMakeCurrent: 0xb0685360: ver 2 0 (tinfo 0xb06836c0)
06-06 00:59:25.241 D/EGL_emulation( 1712): eglMakeCurrent: 0xb0685360: ver 2 0 (tinfo 0xb06836c0)
06-06 00:59:25.252 D/EGL_emulation( 1712): eglMakeCurrent: 0xb0685360: ver 2 0 (tinfo 0xb06836c0)
06-06 00:59:25.258 D/EGL_emulation( 1712): eglMakeCurrent: 0xb0685360: ver 2 0 (tinfo 0xb06836c0)
06-06 00:59:25.316 V/PhoneStatusBar( 1712): setLightsOn(true)
06-06 00:59:25.350 I/WindowManager( 1631): Destroying surface Surface(name=Starting com.evancharlton.mileage) called by com.android.server.wm.WindowStateAnimator.destroySurface:2016 com.android.server.wm.WindowStateAnimator.destroySurfaceLocked:882 com.android.server.wm.WindowState.destroyOrSaveSurface:2100 com.android.server.wm.AppWindowToken.destroySurfaces:363 com.android.server.wm.WindowStateAnimator.finishExit:565 com.android.server.wm.WindowStateAnimator.stepAnimationLocked:491 com.android.server.wm.WindowAnimator.updateWindowsLocked:303 com.android.server.wm.WindowAnimator.animateLocked:704 
06-06 00:59:25.351 V/PhoneStatusBar( 1712): setLightsOn(true)
06-06 00:59:25.383 V/PhoneStatusBar( 1712): setLightsOn(true)
06-06 00:59:25.400 V/PhoneStatusBar( 1712): setLightsOn(true)
06-06 00:59:25.400 I/WindowManager( 1631): Destroying surface Surface(name=Toast) called by com.android.server.wm.WindowStateAnimator.destroySurface:2016 com.android.server.wm.WindowStateAnimator.destroySurfaceLocked:882 com.android.server.wm.WindowState.destroyOrSaveSurface:2100 com.android.server.wm.WindowSurfacePlacer.performSurfacePlacementInner:429 com.android.server.wm.WindowSurfacePlacer.performSurfacePlacementLoop:232 com.android.server.wm.WindowSurfacePlacer.performSurfacePlacement:180 com.android.server.wm.WindowManagerService$H.handleMessage:8086 android.os.Handler.dispatchMessage:102 
06-06 00:59:25.401 V/PhoneStatusBar( 1712): setLightsOn(true)
06-06 00:59:25.451 I/calabash(23377): newActivity1
06-06 00:59:25.461 I/System.out(23377): URI: //map
06-06 00:59:25.461 I/System.out(23377): params: {json={"query":"android.widget.ScrollView index:0","operation":{"method_name":"query","arguments":[]}}
06-06 00:59:25.461 I/System.out(23377): }
06-06 00:59:25.461 W/ActivityManager( 1631): Bad activity token: android.os.BinderProxy@dd20556
06-06 00:59:25.461 W/ActivityManager( 1631): java.lang.ClassCastException: android.os.BinderProxy cannot be cast to com.android.server.am.ActivityRecord$Token
06-06 00:59:25.461 W/ActivityManager( 1631): 	at com.android.server.am.ActivityRecord.forTokenLocked(ActivityRecord.java:586)
06-06 00:59:25.461 W/ActivityManager( 1631): 	at com.android.server.am.ActivityRecord.isInStackLocked(ActivityRecord.java:1327)
06-06 00:59:25.461 W/ActivityManager( 1631): 	at com.android.server.am.ActivityRecord.getStackLocked(ActivityRecord.java:1332)
06-06 00:59:25.461 W/ActivityManager( 1631): 	at com.android.server.am.ActivityManagerService.getActivityDisplayId(ActivityManagerService.java:9806)
06-06 00:59:25.461 W/ActivityManager( 1631): 	at android.app.ActivityManagerNative.onTransact(ActivityManagerNative.java:2566)
06-06 00:59:25.461 W/ActivityManager( 1631): 	at com.android.server.am.ActivityManagerService.onTransact(ActivityManagerService.java:2757)
06-06 00:59:25.461 W/ActivityManager( 1631): 	at android.os.Binder.execTransact(Binder.java:565)
06-06 00:59:25.462 W/ActivityManager( 1631): Bad activity token: android.os.BinderProxy@dd20556
06-06 00:59:25.462 W/ActivityManager( 1631): java.lang.ClassCastException: android.os.BinderProxy cannot be cast to com.android.server.am.ActivityRecord$Token
06-06 00:59:25.462 W/ActivityManager( 1631): 	at com.android.server.am.ActivityRecord.forTokenLocked(ActivityRecord.java:586)
06-06 00:59:25.462 W/ActivityManager( 1631): 	at com.android.server.am.ActivityRecord.isInStackLocked(ActivityRecord.java:1327)
06-06 00:59:25.462 W/ActivityManager( 1631): 	at com.android.server.am.ActivityManagerService.setTaskDescription(ActivityManagerService.java:9358)
06-06 00:59:25.462 W/ActivityManager( 1631): 	at android.app.ActivityManagerNative.onTransact(ActivityManagerNative.java:2639)
06-06 00:59:25.462 W/ActivityManager( 1631): 	at com.android.server.am.ActivityManagerService.onTransact(ActivityManagerService.java:2757)
06-06 00:59:25.462 W/ActivityManager( 1631): 	at android.os.Binder.execTransact(Binder.java:565)
06-06 00:59:25.462 W/ActivityManager( 1631): Bad activity token: android.os.BinderProxy@dd20556
06-06 00:59:25.462 W/ActivityManager( 1631): java.lang.ClassCastException: android.os.BinderProxy cannot be cast to com.android.server.am.ActivityRecord$Token
06-06 00:59:25.462 W/ActivityManager( 1631): 	at com.android.server.am.ActivityRecord.forTokenLocked(ActivityRecord.java:586)
06-06 00:59:25.462 W/ActivityManager( 1631): 	at com.android.server.am.ActivityRecord.isInStackLocked(ActivityRecord.java:1327)
06-06 00:59:25.462 W/ActivityManager( 1631): 	at com.android.server.am.ActivityRecord.getStackLocked(ActivityRecord.java:1332)
06-06 00:59:25.462 W/ActivityManager( 1631): 	at com.android.server.am.ActivityManagerService.getActivityStackId(ActivityManagerService.java:9817)
06-06 00:59:25.462 W/ActivityManager( 1631): 	at android.app.ActivityManagerNative.onTransact(ActivityManagerNative.java:2856)
06-06 00:59:25.462 W/ActivityManager( 1631): 	at com.android.server.am.ActivityManagerService.onTransact(ActivityManagerService.java:2757)
06-06 00:59:25.462 W/ActivityManager( 1631): 	at android.os.Binder.execTransact(Binder.java:565)
06-06 00:59:25.469 D/VehicleStatisticsActivity(23377): Checking recalculation ...
06-06 00:59:25.470 D/VehicleStatisticsActivity(23377): Recalculation not necessary.
06-06 00:59:25.483 V/PhoneStatusBar( 1712): setLightsOn(true)
06-06 00:59:25.483 W/ActivityManager( 1631): Bad activity token: android.os.BinderProxy@dd20556
06-06 00:59:25.483 W/ActivityManager( 1631): java.lang.ClassCastException: android.os.BinderProxy cannot be cast to com.android.server.am.ActivityRecord$Token
06-06 00:59:25.483 W/ActivityManager( 1631): 	at com.android.server.am.ActivityRecord.forTokenLocked(ActivityRecord.java:586)
06-06 00:59:25.483 W/ActivityManager( 1631): 	at com.android.server.am.ActivityRecord.isInStackLocked(ActivityRecord.java:1327)
06-06 00:59:25.483 W/ActivityManager( 1631): 	at com.android.server.am.ActivityManagerService.getActivityOptions(ActivityManagerService.java:12559)
06-06 00:59:25.483 W/ActivityManager( 1631): 	at android.app.ActivityManagerNative.onTransact(ActivityManagerNative.java:1933)
06-06 00:59:25.483 W/ActivityManager( 1631): 	at com.android.server.am.ActivityManagerService.onTransact(ActivityManagerService.java:2757)
06-06 00:59:25.483 W/ActivityManager( 1631): 	at android.os.Binder.execTransact(Binder.java:565)
06-06 00:59:25.484 W/ActivityManager( 1631): Bad activity token: android.os.BinderProxy@dd20556
06-06 00:59:25.484 W/ActivityManager( 1631): java.lang.ClassCastException: android.os.BinderProxy cannot be cast to com.android.server.am.ActivityRecord$Token
06-06 00:59:25.484 W/ActivityManager( 1631): 	at com.android.server.am.ActivityRecord.forTokenLocked(ActivityRecord.java:586)
06-06 00:59:25.484 W/ActivityManager( 1631): 	at com.android.server.am.ActivityRecord.isInStackLocked(ActivityRecord.java:1327)
06-06 00:59:25.484 W/ActivityManager( 1631): 	at com.android.server.am.ActivityManagerService.getActivityOptions(ActivityManagerService.java:12559)
06-06 00:59:25.484 W/ActivityManager( 1631): 	at android.app.ActivityManagerNative.onTransact(ActivityManagerNative.java:1933)
06-06 00:59:25.484 W/ActivityManager( 1631): 	at com.android.server.am.ActivityManagerService.onTransact(ActivityManagerService.java:2757)
06-06 00:59:25.484 W/ActivityManager( 1631): 	at android.os.Binder.execTransact(Binder.java:565)
06-06 00:59:25.486 D/VehicleStatisticsActivity(23377): Checking recalculation ...
06-06 00:59:25.487 D/VehicleStatisticsActivity(23377): Recalculation not necessary.
06-06 00:59:25.560 I/System.out(23377): URI: //map
06-06 00:59:25.560 I/System.out(23377): params: {json={"query":"android.widget.AbsListView index:0","operation":{"method_name":"query","arguments":[]}}
06-06 00:59:25.560 I/System.out(23377): }
06-06 00:59:25.564 I/art     (23377): Do partial code cache collection, code=30KB, data=29KB
06-06 00:59:25.564 I/art     (23377): After code cache collection, code=29KB, data=28KB
06-06 00:59:25.564 I/art     (23377): Increasing code cache capacity to 128KB
06-06 00:59:25.574 I/System.out(23377): URI: //map
06-06 00:59:25.574 I/System.out(23377): params: {json={"query":"android.widget.AbsListView index:0","operation":{"method_name":"query","arguments":[]}}
06-06 00:59:25.574 I/System.out(23377): }
06-06 00:59:25.588 I/System.out(23377): URI: //map
06-06 00:59:25.588 I/System.out(23377): params: {json={"query":"android.widget.AbsListView index:0","operation":{"method_name":"query","arguments":[]}}
06-06 00:59:25.588 I/System.out(23377): }
06-06 00:59:25.602 I/System.out(23377): URI: //map
06-06 00:59:25.602 I/System.out(23377): params: {json={"query":"android.widget.AbsListView index:0","operation":{"method_name":"query","arguments":["getFirstVisiblePosition"]}}
06-06 00:59:25.602 I/System.out(23377): }
06-06 00:59:25.614 I/System.out(23377): URI: //map
06-06 00:59:25.614 I/System.out(23377): params: {json={"query":"android.widget.AbsListView index:0","operation":{"method_name":"query","arguments":["getLastVisiblePosition"]}}
06-06 00:59:25.614 I/System.out(23377): }
06-06 00:59:25.625 I/System.out(23377): URI: //map
06-06 00:59:25.625 I/System.out(23377): params: {json={"query":"android.widget.AbsListView index:0","operation":{"method_name":"query","arguments":[{"method_name":"setSelection","arguments":[26]}]}}
06-06 00:59:25.625 I/System.out(23377): }
06-06 00:59:25.642 I/System.out(23377): URI: //map
06-06 00:59:25.642 I/System.out(23377): params: {json={"query":"* marked:'Maximum cost per mi'","operation":{"method_name":"query","arguments":[]}}
06-06 00:59:25.642 I/System.out(23377): }
06-06 00:59:25.685 D/gralloc_ranchu( 1347): gralloc_alloc: Creating ashmem region of size 9023488
06-06 00:59:25.721 W/ResourceType(23377): No package identifier when getting name for resource number 0x00000001
06-06 00:59:25.734 I/System.out(23377): URI: //gesture
06-06 00:59:25.734 I/System.out(23377): params: {json={"query_timeout":5.0,"gestures":[{"query_string":"* marked:'Maximum cost per mi'","touches":[{"x":50,"y":50,"offset_x":0,"offset_y":0,"wait":0.0,"time":0.2,"release":true,"query_string":null}]}]}
06-06 00:59:25.734 I/System.out(23377): }
06-06 00:59:25.738 W/ResourceType(23377): No package identifier when getting name for resource number 0x00000001
06-06 00:59:25.766 V/PhoneStatusBar( 1712): setLightsOn(true)
06-06 00:59:25.767 V/PhoneStatusBar( 1712): setLightsOn(true)
06-06 00:59:25.768 W/OpenGLRenderer( 2076): Incorrectly called buildLayer on View: ShortcutAndWidgetContainer, destroying layer...
06-06 00:59:25.783 I/WindowManager( 1631): Destroying surface Surface(name=com.android.launcher3/com.android.launcher3.Launcher) called by com.android.server.wm.WindowStateAnimator.destroySurface:2016 com.android.server.wm.WindowStateAnimator.destroySurfaceLocked:882 com.android.server.wm.WindowState.destroyOrSaveSurface:2100 com.android.server.wm.AppWindowToken.destroySurfaces:363 com.android.server.wm.AppWindowToken.notifyAppStopped:389 com.android.server.wm.WindowManagerService.notifyAppStopped:4463 com.android.server.am.ActivityStack.activityStoppedLocked:1252 com.android.server.am.ActivityManagerService.activityStopped:6903 
06-06 00:59:25.784 V/PhoneStatusBar( 1712): setLightsOn(true)
06-06 00:59:26.005 I/System.out(23377): URI: //map
06-06 00:59:26.005 I/System.out(23377): params: {json={"query":"* {text CONTAINS[c] 'No chart for this statistic (yet!)'}","operation":{"method_name":"query","arguments":[]}}
06-06 00:59:26.005 I/System.out(23377): }
06-06 00:59:26.367 I/System.out(23377): URI: //map
06-06 00:59:26.367 I/System.out(23377): params: {json={"query":"* {text CONTAINS[c] 'No chart for this statistic (yet!)'}","operation":{"method_name":"query","arguments":[]}}
06-06 00:59:26.367 I/System.out(23377): }
06-06 00:59:26.512 W/NotificationService( 1631): Object died trying to hide notification android.app.ITransientNotification$Stub$Proxy@b1e8730 in package com.evancharlton.mileage
06-06 00:59:26.519 V/PhoneStatusBar( 1712): setLightsOn(true)
06-06 00:59:26.534 V/PhoneStatusBar( 1712): setLightsOn(true)
06-06 00:59:26.551 D/gralloc_ranchu( 1347): gralloc_alloc: Creating ashmem region of size 327680
06-06 00:59:26.576 V/PhoneStatusBar( 1712): setLightsOn(true)
06-06 00:59:26.586 V/PhoneStatusBar( 1712): setLightsOn(true)
06-06 00:59:26.684 I/System.out(23377): URI: //map
06-06 00:59:26.684 I/System.out(23377): params: {json={"query":"* {text CONTAINS[c] 'No chart for this statistic (yet!)'}","operation":{"method_name":"query","arguments":[]}}
06-06 00:59:26.684 I/System.out(23377): }
06-06 00:59:26.692 I/art     (23377): Do partial code cache collection, code=60KB, data=62KB
06-06 00:59:26.692 I/art     (23377): After code cache collection, code=59KB, data=61KB
06-06 00:59:26.692 I/art     (23377): Increasing code cache capacity to 256KB
