06-05 18:20:22.423 W/ResourceType( 7211): No package identifier when getting name for resource number 0x00000001
06-05 18:20:22.626 I/WindowManager( 1630): Destroying surface Surface(name=PopupWindow:d99e611) called by com.android.server.wm.WindowStateAnimator.destroySurface:2016 com.android.server.wm.WindowStateAnimator.destroySurfaceLocked:882 com.android.server.wm.WindowState.destroyOrSaveSurface:2100 com.android.server.wm.AppWindowToken.destroySurfaces:363 com.android.server.wm.WindowStateAnimator.finishExit:565 com.android.server.wm.WindowStateAnimator.stepAnimationLocked:491 com.android.server.wm.WindowAnimator.updateWindowsLocked:303 com.android.server.wm.WindowAnimator.animateLocked:704 
06-05 18:20:22.628 V/PhoneStatusBar( 1712): setLightsOn(true)
06-05 18:20:22.633 V/PhoneStatusBar( 1712): setLightsOn(true)
06-05 18:20:22.666 I/System.out( 7211): URI: //map
06-05 18:20:22.666 I/System.out( 7211): params: {json={"query":"* {text CONTAINS[c] 'Invalid vehicle year'}","operation":{"method_name":"query","arguments":[]}}
06-05 18:20:22.666 I/System.out( 7211): }
06-05 18:20:22.672 I/LatinIME( 1697): Starting input. Cursor position = 0,0
06-05 18:20:22.700 I/art     ( 7211): Compiler allocated 7MB to compile sh.calaba.instrumentationbackend.actions.NanoHTTPD$Response sh.calaba.instrumentationbackend.actions.HttpServer.serve(java.lang.String, java.lang.String, java.util.Properties, java.util.Properties, java.util.Properties)
06-05 18:20:22.708 V/PhoneStatusBar( 1712): setLightsOn(true)
06-05 18:20:22.726 V/PhoneStatusBar( 1712): setLightsOn(true)
06-05 18:20:22.727 W/IInputConnectionWrapper( 7211): finishComposingText on inactive InputConnection
06-05 18:20:22.727 W/IInputConnectionWrapper( 7211): finishComposingText on inactive InputConnection
06-05 18:20:22.742 D/gralloc_ranchu( 1346): gralloc_alloc: Creating ashmem region of size 278528
06-05 18:20:22.747 V/PhoneStatusBar( 1712): setLightsOn(true)
06-05 18:20:22.747 V/PhoneStatusBar( 1712): setLightsOn(true)
06-05 18:20:22.759 I/System.out( 7211): URI: //map
06-05 18:20:22.759 I/System.out( 7211): params: {json={"query":"android.widget.EditText index:1","operation":{"method_name":"query","arguments":[]}}
06-05 18:20:22.759 I/System.out( 7211): }
06-05 18:20:22.760 V/PhoneStatusBar( 1712): setLightsOn(true)
06-05 18:20:22.776 V/PhoneStatusBar( 1712): setLightsOn(true)
06-05 18:20:22.791 I/System.out( 7211): URI: //gesture
06-05 18:20:22.791 I/System.out( 7211): params: {json={"query_timeout":5.0,"gestures":[{"query_string":"android.widget.EditText index:1","touches":[{"x":50,"y":50,"offset_x":0,"offset_y":0,"wait":0.0,"time":0.2,"release":true,"query_string":null}]}]}
06-05 18:20:22.791 I/System.out( 7211): }
06-05 18:20:23.010 V/PhoneStatusBar( 1712): setLightsOn(true)
06-05 18:20:23.534 I/System.out( 7211): URI: //
06-05 18:20:23.534 I/System.out( 7211): params: {json={"command":"set_selection","arguments":[-1,-1]}
06-05 18:20:23.534 I/System.out( 7211): }
06-05 18:20:23.534 I/System.out( 7211): header: {content-type=application/json;charset=utf-8, date=Fri, 05 Jun 2020 23:20:24 GMT, accept=*/*, host=127.0.0.1:34784, content-length=47, user-agent=HTTPClient/1.0 (2.8.3, ruby 2.5.1 (2018-03-29))}
06-05 18:20:23.534 I/System.out( 7211): params: {json={"command":"set_selection","arguments":[-1,-1]}
06-05 18:20:23.534 I/System.out( 7211): }
06-05 18:20:23.534 I/System.out( 7211): ProP json = {"command":"set_selection","arguments":[-1,-1]}
06-05 18:20:23.534 I/System.out( 7211): files: {}
06-05 18:20:23.534 I/System.out( 7211): command: {"command":"set_selection","arguments":[-1,-1]}
06-05 18:20:23.535 I/InstrumentationBackend( 7211): Got command:'Command:'Line:null,set_selection', arguments:'[-1, -1]'
06-05 18:20:23.539 I/System.out( 7211): result:{"bonusInformation":[],"message":"","success":true}
06-05 18:20:23.561 I/System.out( 7211): URI: //
06-05 18:20:23.561 I/System.out( 7211): params: {json={"command":"keyboard_enter_text","arguments":["0"]}
06-05 18:20:23.561 I/System.out( 7211): }
06-05 18:20:23.561 I/System.out( 7211): header: {content-type=application/json;charset=utf-8, date=Fri, 05 Jun 2020 23:20:24 GMT, accept=*/*, host=127.0.0.1:34784, content-length=51, user-agent=HTTPClient/1.0 (2.8.3, ruby 2.5.1 (2018-03-29))}
06-05 18:20:23.561 I/System.out( 7211): params: {json={"command":"keyboard_enter_text","arguments":["0"]}
06-05 18:20:23.561 I/System.out( 7211): }
06-05 18:20:23.561 I/System.out( 7211): ProP json = {"command":"keyboard_enter_text","arguments":["0"]}
06-05 18:20:23.561 I/System.out( 7211): files: {}
06-05 18:20:23.561 I/System.out( 7211): command: {"command":"keyboard_enter_text","arguments":["0"]}
06-05 18:20:23.563 I/InstrumentationBackend( 7211): Got command:'Command:'Line:null,keyboard_enter_text', arguments:'[0]'
06-05 18:20:23.563 E/SpannableStringBuilder( 7211): SPAN_EXCLUSIVE_EXCLUSIVE spans cannot have a zero length
06-05 18:20:23.563 E/SpannableStringBuilder( 7211): SPAN_EXCLUSIVE_EXCLUSIVE spans cannot have a zero length
06-05 18:20:23.565 V/PhoneStatusBar( 1712): setLightsOn(true)
06-05 18:20:23.566 E/SpannableStringBuilder( 7211): SPAN_EXCLUSIVE_EXCLUSIVE spans cannot have a zero length
06-05 18:20:23.566 E/SpannableStringBuilder( 7211): SPAN_EXCLUSIVE_EXCLUSIVE spans cannot have a zero length
06-05 18:20:23.570 I/System.out( 7211): result:{"bonusInformation":[],"message":"","success":true}
06-05 18:20:23.574 I/System.out( 7211): URI: //map
06-05 18:20:23.574 I/System.out( 7211): params: {json={"query":"* marked:'Add new vehicle'","operation":{"method_name":"query","arguments":[]}}
06-05 18:20:23.574 I/System.out( 7211): }
06-05 18:20:23.616 W/ResourceType( 7211): No package identifier when getting name for resource number 0x00000001
06-05 18:20:23.626 I/System.out( 7211): URI: //gesture
06-05 18:20:23.626 I/System.out( 7211): params: {json={"query_timeout":5.0,"gestures":[{"query_string":"* marked:'Add new vehicle'","touches":[{"x":50,"y":50,"offset_x":0,"offset_y":0,"wait":0.0,"time":0.2,"release":true,"query_string":null}]}]}
06-05 18:20:23.626 I/System.out( 7211): }
06-05 18:20:23.630 W/ResourceType( 7211): No package identifier when getting name for resource number 0x00000001
06-05 18:20:23.825 I/WindowManager( 1630): Destroying surface Surface(name=PopupWindow:3d8893b) called by com.android.server.wm.WindowStateAnimator.destroySurface:2016 com.android.server.wm.WindowStateAnimator.destroySurfaceLocked:882 com.android.server.wm.WindowState.destroyOrSaveSurface:2100 com.android.server.wm.AppWindowToken.destroySurfaces:363 com.android.server.wm.WindowStateAnimator.finishExit:565 com.android.server.wm.WindowStateAnimator.stepAnimationLocked:491 com.android.server.wm.WindowAnimator.updateWindowsLocked:303 com.android.server.wm.WindowAnimator.animateLocked:704 
06-05 18:20:23.826 V/PhoneStatusBar( 1712): setLightsOn(true)
06-05 18:20:23.827 V/PhoneStatusBar( 1712): setLightsOn(true)
06-05 18:20:23.866 I/System.out( 7211): URI: //map
06-05 18:20:23.867 I/System.out( 7211): params: {json={"query":"* {text CONTAINS[c] 'Invalid vehicle make'}","operation":{"method_name":"query","arguments":[]}}
06-05 18:20:23.867 I/System.out( 7211): }
06-05 18:20:23.883 I/LatinIME( 1697): Starting input. Cursor position = 0,0
06-05 18:20:23.932 V/PhoneStatusBar( 1712): setLightsOn(true)
06-05 18:20:23.942 V/PhoneStatusBar( 1712): setLightsOn(true)
06-05 18:20:23.944 W/IInputConnectionWrapper( 7211): finishComposingText on inactive InputConnection
06-05 18:20:23.959 D/gralloc_ranchu( 1346): gralloc_alloc: Creating ashmem region of size 294912
06-05 18:20:23.964 V/PhoneStatusBar( 1712): setLightsOn(true)
06-05 18:20:23.965 V/PhoneStatusBar( 1712): setLightsOn(true)
06-05 18:20:23.975 I/System.out( 7211): URI: //map
06-05 18:20:23.975 I/System.out( 7211): params: {json={"query":"android.widget.EditText index:2","operation":{"method_name":"query","arguments":[]}}
06-05 18:20:23.975 I/System.out( 7211): }
06-05 18:20:23.976 V/PhoneStatusBar( 1712): setLightsOn(true)
06-05 18:20:23.993 V/PhoneStatusBar( 1712): setLightsOn(true)
06-05 18:20:24.004 I/System.out( 7211): URI: //gesture
06-05 18:20:24.004 I/System.out( 7211): params: {json={"query_timeout":5.0,"gestures":[{"query_string":"android.widget.EditText index:2","touches":[{"x":50,"y":50,"offset_x":0,"offset_y":0,"wait":0.0,"time":0.2,"release":true,"query_string":null}]}]}
06-05 18:20:24.004 I/System.out( 7211): }
06-05 18:20:24.229 V/PhoneStatusBar( 1712): setLightsOn(true)
06-05 18:20:24.771 I/System.out( 7211): URI: //
06-05 18:20:24.771 I/System.out( 7211): params: {json={"command":"set_selection","arguments":[-1,-1]}
06-05 18:20:24.771 I/System.out( 7211): }
06-05 18:20:24.771 I/System.out( 7211): header: {content-type=application/json;charset=utf-8, date=Fri, 05 Jun 2020 23:20:25 GMT, accept=*/*, host=127.0.0.1:34784, content-length=47, user-agent=HTTPClient/1.0 (2.8.3, ruby 2.5.1 (2018-03-29))}
06-05 18:20:24.771 I/System.out( 7211): params: {json={"command":"set_selection","arguments":[-1,-1]}
06-05 18:20:24.771 I/System.out( 7211): }
06-05 18:20:24.771 I/System.out( 7211): ProP json = {"command":"set_selection","arguments":[-1,-1]}
06-05 18:20:24.771 I/System.out( 7211): files: {}
06-05 18:20:24.771 I/System.out( 7211): command: {"command":"set_selection","arguments":[-1,-1]}
06-05 18:20:24.773 I/InstrumentationBackend( 7211): Got command:'Command:'Line:null,set_selection', arguments:'[-1, -1]'
06-05 18:20:24.776 I/System.out( 7211): result:{"bonusInformation":[],"message":"","success":true}
06-05 18:20:24.793 I/System.out( 7211): URI: //
06-05 18:20:24.793 I/System.out( 7211): params: {json={"command":"keyboard_enter_text","arguments":["Test"]}
06-05 18:20:24.793 I/System.out( 7211): }
06-05 18:20:24.793 I/System.out( 7211): header: {content-type=application/json;charset=utf-8, date=Fri, 05 Jun 2020 23:20:25 GMT, accept=*/*, host=127.0.0.1:34784, content-length=54, user-agent=HTTPClient/1.0 (2.8.3, ruby 2.5.1 (2018-03-29))}
06-05 18:20:24.793 I/System.out( 7211): params: {json={"command":"keyboard_enter_text","arguments":["Test"]}
06-05 18:20:24.793 I/System.out( 7211): }
06-05 18:20:24.793 I/System.out( 7211): ProP json = {"command":"keyboard_enter_text","arguments":["Test"]}
06-05 18:20:24.793 I/System.out( 7211): files: {}
06-05 18:20:24.793 I/System.out( 7211): command: {"command":"keyboard_enter_text","arguments":["Test"]}
06-05 18:20:24.794 I/InstrumentationBackend( 7211): Got command:'Command:'Line:null,keyboard_enter_text', arguments:'[Test]'
06-05 18:20:24.794 E/SpannableStringBuilder( 7211): SPAN_EXCLUSIVE_EXCLUSIVE spans cannot have a zero length
06-05 18:20:24.794 E/SpannableStringBuilder( 7211): SPAN_EXCLUSIVE_EXCLUSIVE spans cannot have a zero length
06-05 18:20:24.797 V/PhoneStatusBar( 1712): setLightsOn(true)
06-05 18:20:24.799 E/SpannableStringBuilder( 7211): SPAN_EXCLUSIVE_EXCLUSIVE spans cannot have a zero length
06-05 18:20:24.800 E/SpannableStringBuilder( 7211): SPAN_EXCLUSIVE_EXCLUSIVE spans cannot have a zero length
06-05 18:20:24.802 I/System.out( 7211): result:{"bonusInformation":[],"message":"","success":true}
06-05 18:20:24.805 I/System.out( 7211): URI: //map
06-05 18:20:24.805 I/System.out( 7211): params: {json={"query":"* marked:'Add new vehicle'","operation":{"method_name":"query","arguments":[]}}
06-05 18:20:24.805 I/System.out( 7211): }
06-05 18:20:24.841 W/ResourceType( 7211): No package identifier when getting name for resource number 0x00000001
06-05 18:20:24.849 I/System.out( 7211): URI: //gesture
06-05 18:20:24.849 I/System.out( 7211): params: {json={"query_timeout":5.0,"gestures":[{"query_string":"* marked:'Add new vehicle'","touches":[{"x":50,"y":50,"offset_x":0,"offset_y":0,"wait":0.0,"time":0.2,"release":true,"query_string":null}]}]}
06-05 18:20:24.849 I/System.out( 7211): }
06-05 18:20:24.853 W/ResourceType( 7211): No package identifier when getting name for resource number 0x00000001
06-05 18:20:25.059 I/WindowManager( 1630): Destroying surface Surface(name=PopupWindow:48cdcdf) called by com.android.server.wm.WindowStateAnimator.destroySurface:2016 com.android.server.wm.WindowStateAnimator.destroySurfaceLocked:882 com.android.server.wm.WindowState.destroyOrSaveSurface:2100 com.android.server.wm.AppWindowToken.destroySurfaces:363 com.android.server.wm.WindowStateAnimator.finishExit:565 com.android.server.wm.WindowStateAnimator.stepAnimationLocked:491 com.android.server.wm.WindowAnimator.updateWindowsLocked:303 com.android.server.wm.WindowAnimator.animateLocked:704 
06-05 18:20:25.059 V/PhoneStatusBar( 1712): setLightsOn(true)
06-05 18:20:25.061 V/PhoneStatusBar( 1712): setLightsOn(true)
06-05 18:20:25.084 I/System.out( 7211): URI: //map
06-05 18:20:25.084 I/System.out( 7211): params: {json={"query":"* {text CONTAINS[c] 'Invalid vehicle model'}","operation":{"method_name":"query","arguments":[]}}
06-05 18:20:25.084 I/System.out( 7211): }
06-05 18:20:25.099 I/LatinIME( 1697): Starting input. Cursor position = 0,0
06-05 18:20:25.127 V/PhoneStatusBar( 1712): setLightsOn(true)
06-05 18:20:25.143 V/PhoneStatusBar( 1712): setLightsOn(true)
06-05 18:20:25.145 W/IInputConnectionWrapper( 7211): finishComposingText on inactive InputConnection
06-05 18:20:25.145 W/IInputConnectionWrapper( 7211): finishComposingText on inactive InputConnection
06-05 18:20:25.159 D/gralloc_ranchu( 1346): gralloc_alloc: Creating ashmem region of size 303104
06-05 18:20:25.169 V/PhoneStatusBar( 1712): setLightsOn(true)
06-05 18:20:25.170 V/PhoneStatusBar( 1712): setLightsOn(true)
06-05 18:20:25.176 V/PhoneStatusBar( 1712): setLightsOn(true)
06-05 18:20:25.193 V/PhoneStatusBar( 1712): setLightsOn(true)
