--------- beginning of main
06-06 00:59:53.544 D/AndroidRuntime(24238): >>>>>> START com.android.internal.os.RuntimeInit uid 2000 <<<<<<
06-06 00:59:53.545 D/AndroidRuntime(24238): CheckJNI is ON
06-06 00:59:53.555 W/art     (24238): Unexpected CPU variant for X86 using defaults: x86
06-06 00:59:53.557 D/ICU     (24238): No timezone override file found: /data/misc/zoneinfo/current/icu/icu_tzdata.dat
06-06 00:59:53.564 E/memtrack(24238): Couldn't load memtrack module (No such file or directory)
06-06 00:59:53.564 E/android.os.Debug(24238): failed to load memtrack module: -2
06-06 00:59:53.565 I/Radio-JNI(24238): register_android_hardware_Radio DONE
06-06 00:59:53.569 D/AndroidRuntime(24238): Calling main entry com.android.commands.am.Am
--------- beginning of system
06-06 00:59:53.570 I/ActivityManager( 1631): Force stopping com.evancharlton.mileage appid=10374 user=0: start instr
06-06 00:59:53.570 I/ActivityManager( 1631): Killing 24218:com.evancharlton.mileage/u0a374 (adj 0): stop com.evancharlton.mileage
06-06 00:59:53.570 D/ActivityManager( 1631): cleanUpApplicationRecord -- 24218
06-06 00:59:53.570 W/ActivityManager( 1631): Crash of app com.evancharlton.mileage running instrumentation ComponentInfo{com.evancharlton.mileage.test/sh.calaba.instrumentationbackend.ClearAppData2}
06-06 00:59:53.570 I/ActivityManager( 1631): Force stopping com.evancharlton.mileage appid=10374 user=0: finished inst
06-06 00:59:53.572 I/art     (24248): Not late-enabling -Xcheck:jni (already on)
06-06 00:59:53.572 W/art     (24248): Unexpected CPU variant for X86 using defaults: x86
06-06 00:59:53.580 I/ActivityManager( 1631): Start proc 24248:com.evancharlton.mileage/u0a374 for added application com.evancharlton.mileage
06-06 00:59:53.581 D/AndroidRuntime(24238): Shutting down VM
06-06 00:59:53.585 W/System  (24248): ClassLoader referenced unknown path: /data/app/com.evancharlton.mileage.test-1/lib/x86
06-06 00:59:53.585 W/System  (24248): ClassLoader referenced unknown path: /data/app/com.evancharlton.mileage-1/lib/x86
06-06 00:59:53.587 W/System  (24248): ClassLoader referenced unknown path: 
06-06 00:59:53.590 I/System.out(24248): Main activity name automatically set to: com.evancharlton.mileage.Mileage
06-06 00:59:53.591 I/System.out(24248): Calabash did not load Mono. This is only a problem if you are trying to test a Mono application
06-06 00:59:53.591 I/calabash(24248): Test server port: 7102
06-06 00:59:53.591 I/InstrumentationBackend(24248): Added:'GetPreferences', with key:'get_preferences'
06-06 00:59:53.595 I/InstrumentationBackend(24248): Added:'SetPreferences', with key:'set_preferences'
06-06 00:59:53.595 I/InstrumentationBackend(24248): Added:'ClearPreferences', with key:'clear_preferences'
06-06 00:59:53.595 I/InstrumentationBackend(24248): Added:'PressElement', with key:'press_l10n_element'
06-06 00:59:53.595 I/InstrumentationBackend(24248): Added:'WaitForElement', with key:'wait_for_l10n_element'
06-06 00:59:53.595 I/InstrumentationBackend(24248): Added:'NullAction', with key:'nullAction'
06-06 00:59:53.595 I/InstrumentationBackend(24248): Added:'PressKey', with key:'press_key'
06-06 00:59:53.595 I/InstrumentationBackend(24248): Added:'SetActivityOrientation', with key:'set_activity_orientation'
06-06 00:59:53.595 I/InstrumentationBackend(24248): Added:'GetActivityOrientation', with key:'get_activity_orientation'
06-06 00:59:53.595 I/InstrumentationBackend(24248): Added:'FakeGPSLocation', with key:'set_gps_coordinates'
06-06 00:59:53.596 I/InstrumentationBackend(24248): Added:'SetPropertyByCssSelector', with key:'set_property_by_css_selector'
06-06 00:59:53.596 I/InstrumentationBackend(24248): Added:'GetUrl', with key:'get_url'
06-06 00:59:53.596 I/InstrumentationBackend(24248): Added:'ScrollTo', with key:'scroll_to'
06-06 00:59:53.596 I/InstrumentationBackend(24248): Added:'GetLoadProgress', with key:'get_load_progress'
06-06 00:59:53.596 I/InstrumentationBackend(24248): Added:'DumpHtml', with key:'dump_html'
06-06 00:59:53.596 I/InstrumentationBackend(24248): Added:'DumpBodyHtml', with key:'dump_body_html'
06-06 00:59:53.596 I/InstrumentationBackend(24248): Added:'EnterTextByCssSelector', with key:'enter_text_by_selector'
06-06 00:59:53.596 I/InstrumentationBackend(24248): Added:'AndroidSDKVersion', with key:'android_sdk_version'
06-06 00:59:53.596 I/InstrumentationBackend(24248): Added:'Version', with key:'version'
06-06 00:59:53.596 I/InstrumentationBackend(24248): Added:'Drag', with key:'drag'
06-06 00:59:53.596 I/InstrumentationBackend(24248): Added:'TouchCoordinates', with key:'touch_coordinate'
06-06 00:59:53.596 I/InstrumentationBackend(24248): Added:'LongPressCoordinate', with key:'long_press_coordinate'
06-06 00:59:53.597 I/InstrumentationBackend(24248): Added:'DragCoordinates', with key:'drag_coordinates'
06-06 00:59:53.597 I/InstrumentationBackend(24248): Added:'ResumeApplication', with key:'resume_application'
06-06 00:59:53.597 I/InstrumentationBackend(24248): Added:'Swipe', with key:'swipe'
06-06 00:59:53.597 I/InstrumentationBackend(24248): Added:'DoubleTapCoordinate', with key:'double_tap_coordinate'
06-06 00:59:53.597 I/InstrumentationBackend(24248): Added:'ClickOnScreen', with key:'click_on_screen'
06-06 00:59:53.597 I/InstrumentationBackend(24248): Added:'GetActivityName', with key:'get_activity_name'
06-06 00:59:53.597 I/InstrumentationBackend(24248): Added:'ScrollToView', with key:'scroll_to_view'
06-06 00:59:53.597 I/InstrumentationBackend(24248): Added:'ViewConfiguration', with key:'view_configuration'
06-06 00:59:53.597 I/InstrumentationBackend(24248): Added:'IsCurrentActivityFocused', with key:'is_current_activity_focused'
06-06 00:59:53.597 I/InstrumentationBackend(24248): Added:'SendTcp', with key:'send_tcp'
06-06 00:59:53.597 I/InstrumentationBackend(24248): Added:'DpToDevicePixel', with key:'dp_to_device_pixel'
06-06 00:59:53.597 I/InstrumentationBackend(24248): Added:'KeyboardEnterText', with key:'keyboard_enter_text'
06-06 00:59:53.597 I/InstrumentationBackend(24248): Added:'DeleteSurroundingText', with key:'delete_surrounding_text'
06-06 00:59:53.597 I/InstrumentationBackend(24248): Added:'SetComposingRegion', with key:'set_composing_region'
06-06 00:59:53.597 I/InstrumentationBackend(24248): Added:'SetSelection', with key:'set_selection'
06-06 00:59:53.597 I/InstrumentationBackend(24248): Added:'KeyboardKeyEvent', with key:'keyboard_key_event'
06-06 00:59:53.597 I/InstrumentationBackend(24248): Added:'PressUserActionButton', with key:'press_user_action_button'
06-06 00:59:53.597 I/InstrumentationBackend(24248): Added:'HideSoftKeyboard', with key:'hide_soft_keyboard'
06-06 00:59:53.597 I/InstrumentationBackend(24248): Added:'ListActions', with key:'list_actions'
06-06 00:59:53.598 I/calabash(24248): Instantiating http server at 7102
06-06 00:59:53.598 I/System.out(24248): HTTP Daemon listening on: 7102
06-06 00:59:53.692 I/System.out(24248): URI: //ping
06-06 00:59:53.692 I/System.out(24248): params: {json={}
06-06 00:59:53.692 I/System.out(24248): }
06-06 00:59:53.699 I/System.out(24248): URI: //ping
06-06 00:59:53.700 I/System.out(24248): params: {json={}
06-06 00:59:53.700 I/System.out(24248): }
06-06 00:59:53.706 I/System.out(24248): URI: //ready
06-06 00:59:53.706 I/System.out(24248): params: {json={}
06-06 00:59:53.706 I/System.out(24248): }
06-06 00:59:53.712 I/System.out(24248): URI: //
06-06 00:59:53.712 I/System.out(24248): params: {json={"command":"version","arguments":[]}
06-06 00:59:53.712 I/System.out(24248): }
06-06 00:59:53.712 I/System.out(24248): header: {content-type=application/json;charset=utf-8, date=Sat, 06 Jun 2020 05:59:53 GMT, accept=*/*, host=127.0.0.1:34777, content-length=36, user-agent=HTTPClient/1.0 (2.8.3, ruby 2.5.1 (2018-03-29))}
06-06 00:59:53.712 I/System.out(24248): params: {json={"command":"version","arguments":[]}
06-06 00:59:53.712 I/System.out(24248): }
06-06 00:59:53.712 I/System.out(24248): ProP json = {"command":"version","arguments":[]}
06-06 00:59:53.712 I/System.out(24248): files: {}
06-06 00:59:53.712 I/System.out(24248): command: {"command":"version","arguments":[]}
06-06 00:59:53.722 I/InstrumentationBackend(24248): Got command:'Command:'Line:null,version', arguments:'[]'
06-06 00:59:53.739 I/System.out(24248): result:{"bonusInformation":[],"message":"0.9.8","success":true}
06-06 00:59:53.742 I/System.out(24248): URI: //start-application
06-06 00:59:53.742 I/System.out(24248): params: {json={"intent":null}
06-06 00:59:53.742 I/System.out(24248): }
06-06 00:59:53.757 I/ActivityManager( 1631): START u0 {act=android.intent.action.MAIN cat=[android.intent.category.LAUNCHER] flg=0x10200000 cmp=com.evancharlton.mileage/.Mileage} from uid 10374 on display 0
06-06 00:59:53.762 I/calabash(24248): newActivity1
06-06 00:59:53.772 I/calabash(24248): newActivity1
06-06 00:59:53.773 W/ActivityManager( 1631): Bad activity token: android.os.BinderProxy@e68dd53
06-06 00:59:53.773 W/ActivityManager( 1631): java.lang.ClassCastException: android.os.BinderProxy cannot be cast to com.android.server.am.ActivityRecord$Token
06-06 00:59:53.773 W/ActivityManager( 1631): 	at com.android.server.am.ActivityRecord.forTokenLocked(ActivityRecord.java:586)
06-06 00:59:53.773 W/ActivityManager( 1631): 	at com.android.server.am.ActivityRecord.isInStackLocked(ActivityRecord.java:1327)
06-06 00:59:53.773 W/ActivityManager( 1631): 	at com.android.server.am.ActivityRecord.getStackLocked(ActivityRecord.java:1332)
06-06 00:59:53.773 W/ActivityManager( 1631): 	at com.android.server.am.ActivityManagerService.getActivityDisplayId(ActivityManagerService.java:9806)
06-06 00:59:53.773 W/ActivityManager( 1631): 	at android.app.ActivityManagerNative.onTransact(ActivityManagerNative.java:2566)
06-06 00:59:53.773 W/ActivityManager( 1631): 	at com.android.server.am.ActivityManagerService.onTransact(ActivityManagerService.java:2757)
06-06 00:59:53.773 W/ActivityManager( 1631): 	at android.os.Binder.execTransact(Binder.java:565)
06-06 00:59:53.774 W/ActivityManager( 1631): Bad activity token: android.os.BinderProxy@e68dd53
06-06 00:59:53.774 W/ActivityManager( 1631): java.lang.ClassCastException: android.os.BinderProxy cannot be cast to com.android.server.am.ActivityRecord$Token
06-06 00:59:53.774 W/ActivityManager( 1631): 	at com.android.server.am.ActivityRecord.forTokenLocked(ActivityRecord.java:586)
06-06 00:59:53.774 W/ActivityManager( 1631): 	at com.android.server.am.ActivityRecord.isInStackLocked(ActivityRecord.java:1327)
06-06 00:59:53.774 W/ActivityManager( 1631): 	at com.android.server.am.ActivityManagerService.setTaskDescription(ActivityManagerService.java:9358)
06-06 00:59:53.774 W/ActivityManager( 1631): 	at android.app.ActivityManagerNative.onTransact(ActivityManagerNative.java:2639)
06-06 00:59:53.774 W/ActivityManager( 1631): 	at com.android.server.am.ActivityManagerService.onTransact(ActivityManagerService.java:2757)
06-06 00:59:53.774 W/ActivityManager( 1631): 	at android.os.Binder.execTransact(Binder.java:565)
06-06 00:59:53.775 W/ActivityManager( 1631): Bad activity token: android.os.BinderProxy@e68dd53
06-06 00:59:53.775 W/ActivityManager( 1631): java.lang.ClassCastException: android.os.BinderProxy cannot be cast to com.android.server.am.ActivityRecord$Token
06-06 00:59:53.775 W/ActivityManager( 1631): 	at com.android.server.am.ActivityRecord.forTokenLocked(ActivityRecord.java:586)
06-06 00:59:53.775 W/ActivityManager( 1631): 	at com.android.server.am.ActivityRecord.isInStackLocked(ActivityRecord.java:1327)
06-06 00:59:53.775 W/ActivityManager( 1631): 	at com.android.server.am.ActivityRecord.getStackLocked(ActivityRecord.java:1332)
06-06 00:59:53.775 W/ActivityManager( 1631): 	at com.android.server.am.ActivityManagerService.getActivityStackId(ActivityManagerService.java:9817)
06-06 00:59:53.775 W/ActivityManager( 1631): 	at android.app.ActivityManagerNative.onTransact(ActivityManagerNative.java:2856)
06-06 00:59:53.775 W/ActivityManager( 1631): 	at com.android.server.am.ActivityManagerService.onTransact(ActivityManagerService.java:2757)
06-06 00:59:53.775 W/ActivityManager( 1631): 	at android.os.Binder.execTransact(Binder.java:565)
06-06 00:59:53.785 D/gralloc_ranchu( 1347): gralloc_alloc: Creating ashmem region of size 9023488
06-06 00:59:53.795 D/FillupsProvider(24248): Creating database
06-06 00:59:53.815 W/ActivityManager( 1631): Bad activity token: android.os.BinderProxy@e68dd53
06-06 00:59:53.815 W/ActivityManager( 1631): java.lang.ClassCastException: android.os.BinderProxy cannot be cast to com.android.server.am.ActivityRecord$Token
06-06 00:59:53.815 W/ActivityManager( 1631): 	at com.android.server.am.ActivityRecord.forTokenLocked(ActivityRecord.java:586)
06-06 00:59:53.815 W/ActivityManager( 1631): 	at com.android.server.am.ActivityRecord.isInStackLocked(ActivityRecord.java:1327)
06-06 00:59:53.815 W/ActivityManager( 1631): 	at com.android.server.am.ActivityManagerService.getActivityOptions(ActivityManagerService.java:12559)
06-06 00:59:53.815 W/ActivityManager( 1631): 	at android.app.ActivityManagerNative.onTransact(ActivityManagerNative.java:1933)
06-06 00:59:53.815 W/ActivityManager( 1631): 	at com.android.server.am.ActivityManagerService.onTransact(ActivityManagerService.java:2757)
06-06 00:59:53.815 W/ActivityManager( 1631): 	at android.os.Binder.execTransact(Binder.java:565)
06-06 00:59:53.816 W/ActivityManager( 1631): Bad activity token: android.os.BinderProxy@e68dd53
06-06 00:59:53.816 W/ActivityManager( 1631): java.lang.ClassCastException: android.os.BinderProxy cannot be cast to com.android.server.am.ActivityRecord$Token
06-06 00:59:53.816 W/ActivityManager( 1631): 	at com.android.server.am.ActivityRecord.forTokenLocked(ActivityRecord.java:586)
06-06 00:59:53.816 W/ActivityManager( 1631): 	at com.android.server.am.ActivityRecord.isInStackLocked(ActivityRecord.java:1327)
06-06 00:59:53.816 W/ActivityManager( 1631): 	at com.android.server.am.ActivityManagerService.getActivityOptions(ActivityManagerService.java:12559)
06-06 00:59:53.816 W/ActivityManager( 1631): 	at android.app.ActivityManagerNative.onTransact(ActivityManagerNative.java:1933)
06-06 00:59:53.816 W/ActivityManager( 1631): 	at com.android.server.am.ActivityManagerService.onTransact(ActivityManagerService.java:2757)
06-06 00:59:53.816 W/ActivityManager( 1631): 	at android.os.Binder.execTransact(Binder.java:565)
06-06 00:59:53.819 V/PhoneStatusBar( 1712): setLightsOn(true)
06-06 00:59:53.834 D/EGL_emulation( 2076): eglMakeCurrent: 0xb0685360: ver 2 0 (tinfo 0xb06836b0)
06-06 00:59:53.836 D/EGL_emulation( 1712): eglMakeCurrent: 0xb0685360: ver 2 0 (tinfo 0xb06836c0)
06-06 00:59:53.849 D/gralloc_ranchu( 1347): gralloc_alloc: Creating ashmem region of size 9023488
06-06 00:59:53.850 D/EGL_emulation( 1712): eglMakeCurrent: 0xb0685360: ver 2 0 (tinfo 0xb06836c0)
06-06 00:59:53.856 D/        (24248): HostConnection::get() New Host Connection established 0x94236300, tid 24248
06-06 00:59:53.857 D/EGL_emulation( 1712): eglMakeCurrent: 0xb0685360: ver 2 0 (tinfo 0xb06836c0)
06-06 00:59:53.858 V/PhoneStatusBar( 1712): setLightsOn(true)
06-06 00:59:53.904 D/EGL_emulation( 1712): eglMakeCurrent: 0xb0685360: ver 2 0 (tinfo 0xb06836c0)
06-06 00:59:53.906 D/EGL_emulation( 1712): eglMakeCurrent: 0xb0685360: ver 2 0 (tinfo 0xb06836c0)
06-06 00:59:53.909 D/EGL_emulation( 1712): eglMakeCurrent: 0xb0685360: ver 2 0 (tinfo 0xb06836c0)
06-06 00:59:53.921 D/EGL_emulation( 1712): eglMakeCurrent: 0xb0685360: ver 2 0 (tinfo 0xb06836c0)
06-06 00:59:53.923 D/EGL_emulation( 1712): eglMakeCurrent: 0xb0685360: ver 2 0 (tinfo 0xb06836c0)
06-06 00:59:53.934 D/EGL_emulation( 1712): eglMakeCurrent: 0xb0685360: ver 2 0 (tinfo 0xb06836c0)
06-06 00:59:53.935 D/EGL_emulation( 1712): eglMakeCurrent: 0xb0685360: ver 2 0 (tinfo 0xb06836c0)
06-06 00:59:53.950 D/EGL_emulation( 1712): eglMakeCurrent: 0xb0685360: ver 2 0 (tinfo 0xb06836c0)
06-06 00:59:53.950 D/gralloc_ranchu( 1347): gralloc_alloc: Creating ashmem region of size 9023488
06-06 00:59:53.950 I/ActivityManager( 1631): Displayed com.evancharlton.mileage/.Mileage: +191ms
06-06 00:59:53.964 D/EGL_emulation( 1712): eglMakeCurrent: 0xb0685360: ver 2 0 (tinfo 0xb06836c0)
06-06 00:59:53.968 D/EGL_emulation( 1712): eglMakeCurrent: 0xb0685360: ver 2 0 (tinfo 0xb06836c0)
06-06 00:59:53.970 D/EGL_emulation( 1712): eglMakeCurrent: 0xb0685360: ver 2 0 (tinfo 0xb06836c0)
06-06 00:59:53.985 D/EGL_emulation( 1712): eglMakeCurrent: 0xb0685360: ver 2 0 (tinfo 0xb06836c0)
06-06 00:59:53.987 D/EGL_emulation( 1712): eglMakeCurrent: 0xb0685360: ver 2 0 (tinfo 0xb06836c0)
06-06 00:59:54.000 D/EGL_emulation( 1712): eglMakeCurrent: 0xb0685360: ver 2 0 (tinfo 0xb06836c0)
06-06 00:59:54.000 V/PhoneStatusBar( 1712): setLightsOn(true)
06-06 00:59:54.001 D/EGL_emulation( 1712): eglMakeCurrent: 0xb0685360: ver 2 0 (tinfo 0xb06836c0)
06-06 00:59:54.007 I/System.out(24248): URI: //map
06-06 00:59:54.007 I/System.out(24248): params: {json={"query":"* marked:'Vehicles'","operation":{"method_name":"query","arguments":[]}}
06-06 00:59:54.007 I/System.out(24248): }
06-06 00:59:54.016 D/EGL_emulation( 1712): eglMakeCurrent: 0xb0685360: ver 2 0 (tinfo 0xb06836c0)
06-06 00:59:54.018 D/EGL_emulation( 1712): eglMakeCurrent: 0xb0685360: ver 2 0 (tinfo 0xb06836c0)
06-06 00:59:54.019 W/ResourceType(24248): No package identifier when getting name for resource number 0x00000001
06-06 00:59:54.031 I/System.out(24248): URI: //gesture
06-06 00:59:54.031 I/System.out(24248): params: {json={"query_timeout":5.0,"gestures":[{"query_string":"* marked:'Vehicles'","touches":[{"x":50,"y":50,"offset_x":0,"offset_y":0,"wait":0.0,"time":0.2,"release":true,"query_string":null}]}]}
06-06 00:59:54.031 I/System.out(24248): }
06-06 00:59:54.033 D/EGL_emulation( 1712): eglMakeCurrent: 0xb0685360: ver 2 0 (tinfo 0xb06836c0)
06-06 00:59:54.034 D/EGL_emulation( 1712): eglMakeCurrent: 0xb0685360: ver 2 0 (tinfo 0xb06836c0)
06-06 00:59:54.036 W/ResourceType(24248): No package identifier when getting name for resource number 0x00000001
06-06 00:59:54.150 I/WindowManager( 1631): Destroying surface Surface(name=Starting com.evancharlton.mileage) called by com.android.server.wm.WindowStateAnimator.destroySurface:2016 com.android.server.wm.WindowStateAnimator.destroySurfaceLocked:882 com.android.server.wm.WindowState.destroyOrSaveSurface:2100 com.android.server.wm.AppWindowToken.destroySurfaces:363 com.android.server.wm.WindowStateAnimator.finishExit:565 com.android.server.wm.WindowStateAnimator.stepAnimationLocked:491 com.android.server.wm.WindowAnimator.updateWindowsLocked:303 com.android.server.wm.WindowAnimator.animateLocked:704 
06-06 00:59:54.151 V/PhoneStatusBar( 1712): setLightsOn(true)
06-06 00:59:54.183 V/PhoneStatusBar( 1712): setLightsOn(true)
06-06 00:59:54.269 I/calabash(24248): newActivity1
06-06 00:59:54.270 W/ActivityManager( 1631): Bad activity token: android.os.BinderProxy@a37dbb5
06-06 00:59:54.270 W/ActivityManager( 1631): java.lang.ClassCastException: android.os.BinderProxy cannot be cast to com.android.server.am.ActivityRecord$Token
06-06 00:59:54.270 W/ActivityManager( 1631): 	at com.android.server.am.ActivityRecord.forTokenLocked(ActivityRecord.java:586)
06-06 00:59:54.270 W/ActivityManager( 1631): 	at com.android.server.am.ActivityRecord.isInStackLocked(ActivityRecord.java:1327)
06-06 00:59:54.270 W/ActivityManager( 1631): 	at com.android.server.am.ActivityRecord.getStackLocked(ActivityRecord.java:1332)
06-06 00:59:54.270 W/ActivityManager( 1631): 	at com.android.server.am.ActivityManagerService.getActivityDisplayId(ActivityManagerService.java:9806)
06-06 00:59:54.270 W/ActivityManager( 1631): 	at android.app.ActivityManagerNative.onTransact(ActivityManagerNative.java:2566)
06-06 00:59:54.270 W/ActivityManager( 1631): 	at com.android.server.am.ActivityManagerService.onTransact(ActivityManagerService.java:2757)
06-06 00:59:54.270 W/ActivityManager( 1631): 	at android.os.Binder.execTransact(Binder.java:565)
06-06 00:59:54.271 W/ActivityManager( 1631): Bad activity token: android.os.BinderProxy@a37dbb5
06-06 00:59:54.271 W/ActivityManager( 1631): java.lang.ClassCastException: android.os.BinderProxy cannot be cast to com.android.server.am.ActivityRecord$Token
06-06 00:59:54.271 W/ActivityManager( 1631): 	at com.android.server.am.ActivityRecord.forTokenLocked(ActivityRecord.java:586)
06-06 00:59:54.271 W/ActivityManager( 1631): 	at com.android.server.am.ActivityRecord.isInStackLocked(ActivityRecord.java:1327)
06-06 00:59:54.271 W/ActivityManager( 1631): 	at com.android.server.am.ActivityManagerService.setTaskDescription(ActivityManagerService.java:9358)
06-06 00:59:54.271 W/ActivityManager( 1631): 	at android.app.ActivityManagerNative.onTransact(ActivityManagerNative.java:2639)
06-06 00:59:54.271 W/ActivityManager( 1631): 	at com.android.server.am.ActivityManagerService.onTransact(ActivityManagerService.java:2757)
06-06 00:59:54.271 W/ActivityManager( 1631): 	at android.os.Binder.execTransact(Binder.java:565)
06-06 00:59:54.271 W/ActivityManager( 1631): Bad activity token: android.os.BinderProxy@a37dbb5
06-06 00:59:54.271 W/ActivityManager( 1631): java.lang.ClassCastException: android.os.BinderProxy cannot be cast to com.android.server.am.ActivityRecord$Token
06-06 00:59:54.271 W/ActivityManager( 1631): 	at com.android.server.am.ActivityRecord.forTokenLocked(ActivityRecord.java:586)
06-06 00:59:54.271 W/ActivityManager( 1631): 	at com.android.server.am.ActivityRecord.isInStackLocked(ActivityRecord.java:1327)
06-06 00:59:54.271 W/ActivityManager( 1631): 	at com.android.server.am.ActivityRecord.getStackLocked(ActivityRecord.java:1332)
06-06 00:59:54.271 W/ActivityManager( 1631): 	at com.android.server.am.ActivityManagerService.getActivityStackId(ActivityManagerService.java:9817)
06-06 00:59:54.271 W/ActivityManager( 1631): 	at android.app.ActivityManagerNative.onTransact(ActivityManagerNative.java:2856)
06-06 00:59:54.271 W/ActivityManager( 1631): 	at com.android.server.am.ActivityManagerService.onTransact(ActivityManagerService.java:2757)
06-06 00:59:54.271 W/ActivityManager( 1631): 	at android.os.Binder.execTransact(Binder.java:565)
06-06 00:59:54.272 W/audio_hw_generic( 1394): Not supplying enough data to HAL, expected position 514255876 , only wrote 514255680
06-06 00:59:54.275 W/ActivityManager( 1631): Bad activity token: android.os.BinderProxy@a37dbb5
06-06 00:59:54.275 W/ActivityManager( 1631): java.lang.ClassCastException: android.os.BinderProxy cannot be cast to com.android.server.am.ActivityRecord$Token
06-06 00:59:54.275 W/ActivityManager( 1631): 	at com.android.server.am.ActivityRecord.forTokenLocked(ActivityRecord.java:586)
06-06 00:59:54.275 W/ActivityManager( 1631): 	at com.android.server.am.ActivityRecord.isInStackLocked(ActivityRecord.java:1327)
06-06 00:59:54.275 W/ActivityManager( 1631): 	at com.android.server.am.ActivityManagerService.getActivityOptions(ActivityManagerService.java:12559)
06-06 00:59:54.275 W/ActivityManager( 1631): 	at android.app.ActivityManagerNative.onTransact(ActivityManagerNative.java:1933)
06-06 00:59:54.275 W/ActivityManager( 1631): 	at com.android.server.am.ActivityManagerService.onTransact(ActivityManagerService.java:2757)
06-06 00:59:54.275 W/ActivityManager( 1631): 	at android.os.Binder.execTransact(Binder.java:565)
06-06 00:59:54.275 W/ActivityManager( 1631): Bad activity token: android.os.BinderProxy@a37dbb5
06-06 00:59:54.275 W/ActivityManager( 1631): java.lang.ClassCastException: android.os.BinderProxy cannot be cast to com.android.server.am.ActivityRecord$Token
06-06 00:59:54.275 W/ActivityManager( 1631): 	at com.android.server.am.ActivityRecord.forTokenLocked(ActivityRecord.java:586)
06-06 00:59:54.275 W/ActivityManager( 1631): 	at com.android.server.am.ActivityRecord.isInStackLocked(ActivityRecord.java:1327)
06-06 00:59:54.275 W/ActivityManager( 1631): 	at com.android.server.am.ActivityManagerService.getActivityOptions(ActivityManagerService.java:12559)
06-06 00:59:54.275 W/ActivityManager( 1631): 	at android.app.ActivityManagerNative.onTransact(ActivityManagerNative.java:1933)
06-06 00:59:54.275 W/ActivityManager( 1631): 	at com.android.server.am.ActivityManagerService.onTransact(ActivityManagerService.java:2757)
06-06 00:59:54.275 W/ActivityManager( 1631): 	at android.os.Binder.execTransact(Binder.java:565)
06-06 00:59:54.281 I/System.out(24248): URI: //map
06-06 00:59:54.281 I/System.out(24248): params: {json={"query":"* {text CONTAINS[c] 'Default vehicle'}","operation":{"method_name":"query","arguments":[]}}
06-06 00:59:54.281 I/System.out(24248): }
06-06 00:59:54.284 V/PhoneStatusBar( 1712): setLightsOn(true)
06-06 00:59:54.350 I/System.out(24248): URI: //map
06-06 00:59:54.350 I/System.out(24248): params: {json={"query":"* {text CONTAINS[c] 'Auto-generated vehicle'}","operation":{"method_name":"query","arguments":[]}}
06-06 00:59:54.350 I/System.out(24248): }
06-06 00:59:54.355 I/art     (24248): Do partial code cache collection, code=29KB, data=30KB
06-06 00:59:54.356 I/art     (24248): After code cache collection, code=28KB, data=30KB
06-06 00:59:54.356 I/art     (24248): Increasing code cache capacity to 128KB
06-06 00:59:54.368 I/System.out(24248): URI: //
06-06 00:59:54.368 I/System.out(24248): params: {json={"command":"press_key","arguments":["KEYCODE_MENU"]}
06-06 00:59:54.368 I/System.out(24248): }
06-06 00:59:54.368 I/System.out(24248): header: {content-type=application/json;charset=utf-8, date=Sat, 06 Jun 2020 05:59:54 GMT, accept=*/*, host=127.0.0.1:34777, content-length=52, user-agent=HTTPClient/1.0 (2.8.3, ruby 2.5.1 (2018-03-29))}
06-06 00:59:54.368 I/System.out(24248): params: {json={"command":"press_key","arguments":["KEYCODE_MENU"]}
06-06 00:59:54.368 I/System.out(24248): }
06-06 00:59:54.368 I/System.out(24248): ProP json = {"command":"press_key","arguments":["KEYCODE_MENU"]}
06-06 00:59:54.368 I/System.out(24248): files: {}
06-06 00:59:54.368 I/System.out(24248): command: {"command":"press_key","arguments":["KEYCODE_MENU"]}
06-06 00:59:54.369 I/InstrumentationBackend(24248): Got command:'Command:'Line:null,press_key', arguments:'[KEYCODE_MENU]'
06-06 00:59:54.485 V/PhoneStatusBar( 1712): setLightsOn(true)
06-06 00:59:54.509 I/System.out(24248): result:{"bonusInformation":[],"message":"","success":true}
06-06 00:59:54.515 I/System.out(24248): URI: //map
06-06 00:59:54.515 I/System.out(24248): params: {json={"query":"* {text CONTAINS[c] 'Add new vehicle'}","operation":{"method_name":"query","arguments":[]}}
06-06 00:59:54.515 I/System.out(24248): }
06-06 00:59:54.585 V/PhoneStatusBar( 1712): setLightsOn(true)
06-06 00:59:54.589 V/PhoneStatusBar( 1712): setLightsOn(true)
06-06 00:59:54.595 V/PhoneStatusBar( 1712): setLightsOn(true)
06-06 00:59:54.602 V/PhoneStatusBar( 1712): setLightsOn(true)
06-06 00:59:54.619 V/PhoneStatusBar( 1712): setLightsOn(true)
06-06 00:59:54.623 D/gralloc_ranchu( 1347): gralloc_alloc: Creating ashmem region of size 1720320
06-06 00:59:54.650 V/PhoneStatusBar( 1712): setLightsOn(true)
06-06 00:59:54.656 V/PhoneStatusBar( 1712): setLightsOn(true)
06-06 00:59:54.668 V/PhoneStatusBar( 1712): setLightsOn(true)
06-06 00:59:54.674 I/System.out(24248): URI: //map
06-06 00:59:54.674 I/System.out(24248): params: {json={"query":"* {text CONTAINS[c] 'Edit vehicle types'}","operation":{"method_name":"query","arguments":[]}}
06-06 00:59:54.674 I/System.out(24248): }
06-06 00:59:54.691 I/System.out(24248): URI: //map
06-06 00:59:54.691 I/System.out(24248): params: {json={"query":"* {text CONTAINS[c] 'Service intervals'}","operation":{"method_name":"query","arguments":[]}}
06-06 00:59:54.691 I/System.out(24248): }
06-06 00:59:54.705 I/System.out(24248): URI: //map
06-06 00:59:54.705 I/System.out(24248): params: {json={"query":"* {text CONTAINS[c] 'Import / Export'}","operation":{"method_name":"query","arguments":[]}}
06-06 00:59:54.705 I/System.out(24248): }
06-06 00:59:54.718 I/System.out(24248): URI: //map
06-06 00:59:54.718 I/System.out(24248): params: {json={"query":"* {text CONTAINS[c] 'Settings'}","operation":{"method_name":"query","arguments":[]}}
06-06 00:59:54.718 I/System.out(24248): }
