--------- beginning of main
06-05 15:48:12.635 W/audio_hw_generic( 1395): Not supplying enough data to HAL, expected position 26407794 , only wrote 25071120
06-05 15:48:12.662 D/AndroidRuntime(15539): >>>>>> START com.android.internal.os.RuntimeInit uid 2000 <<<<<<
06-05 15:48:12.663 D/AndroidRuntime(15539): CheckJNI is ON
06-05 15:48:12.674 W/art     (15539): Unexpected CPU variant for X86 using defaults: x86
06-05 15:48:12.676 D/ICU     (15539): No timezone override file found: /data/misc/zoneinfo/current/icu/icu_tzdata.dat
06-05 15:48:12.683 E/memtrack(15539): Couldn't load memtrack module (No such file or directory)
06-05 15:48:12.683 E/android.os.Debug(15539): failed to load memtrack module: -2
06-05 15:48:12.683 I/Radio-JNI(15539): register_android_hardware_Radio DONE
06-05 15:48:12.687 D/AndroidRuntime(15539): Calling main entry com.android.commands.am.Am
--------- beginning of system
06-05 15:48:12.689 I/ActivityManager( 1630): Force stopping com.evancharlton.mileage appid=10086 user=0: start instr
06-05 15:48:12.689 I/ActivityManager( 1630): Killing 15519:com.evancharlton.mileage/u0a86 (adj 0): stop com.evancharlton.mileage
06-05 15:48:12.689 D/ActivityManager( 1630): cleanUpApplicationRecord -- 15519
06-05 15:48:12.689 W/ActivityManager( 1630): Crash of app com.evancharlton.mileage running instrumentation ComponentInfo{com.evancharlton.mileage.test/sh.calaba.instrumentationbackend.ClearAppData2}
06-05 15:48:12.689 I/ActivityManager( 1630): Force stopping com.evancharlton.mileage appid=10086 user=0: finished inst
06-05 15:48:12.690 I/art     ( 1394): Starting a blocking GC HeapTrim
06-05 15:48:12.692 I/art     (15549): Not late-enabling -Xcheck:jni (already on)
06-05 15:48:12.692 W/art     (15549): Unexpected CPU variant for X86 using defaults: x86
06-05 15:48:12.700 I/ActivityManager( 1630): Start proc 15549:com.evancharlton.mileage/u0a86 for added application com.evancharlton.mileage
06-05 15:48:12.700 D/AndroidRuntime(15539): Shutting down VM
06-05 15:48:12.706 W/System  (15549): ClassLoader referenced unknown path: /data/app/com.evancharlton.mileage.test-1/lib/x86
06-05 15:48:12.706 W/System  (15549): ClassLoader referenced unknown path: /data/app/com.evancharlton.mileage-1/lib/x86
06-05 15:48:12.708 W/System  (15549): ClassLoader referenced unknown path: 
06-05 15:48:12.712 I/System.out(15549): Main activity name automatically set to: com.evancharlton.mileage.Mileage
06-05 15:48:12.712 I/System.out(15549): Calabash did not load Mono. This is only a problem if you are trying to test a Mono application
06-05 15:48:12.712 I/calabash(15549): Test server port: 7102
06-05 15:48:12.713 I/InstrumentationBackend(15549): Added:'GetPreferences', with key:'get_preferences'
06-05 15:48:12.716 I/InstrumentationBackend(15549): Added:'SetPreferences', with key:'set_preferences'
06-05 15:48:12.716 I/InstrumentationBackend(15549): Added:'ClearPreferences', with key:'clear_preferences'
06-05 15:48:12.717 I/InstrumentationBackend(15549): Added:'PressElement', with key:'press_l10n_element'
06-05 15:48:12.717 I/InstrumentationBackend(15549): Added:'WaitForElement', with key:'wait_for_l10n_element'
06-05 15:48:12.717 I/InstrumentationBackend(15549): Added:'NullAction', with key:'nullAction'
06-05 15:48:12.717 I/InstrumentationBackend(15549): Added:'PressKey', with key:'press_key'
06-05 15:48:12.717 I/InstrumentationBackend(15549): Added:'SetActivityOrientation', with key:'set_activity_orientation'
06-05 15:48:12.717 I/InstrumentationBackend(15549): Added:'GetActivityOrientation', with key:'get_activity_orientation'
06-05 15:48:12.717 I/InstrumentationBackend(15549): Added:'FakeGPSLocation', with key:'set_gps_coordinates'
06-05 15:48:12.717 I/InstrumentationBackend(15549): Added:'SetPropertyByCssSelector', with key:'set_property_by_css_selector'
06-05 15:48:12.717 I/InstrumentationBackend(15549): Added:'GetUrl', with key:'get_url'
06-05 15:48:12.717 I/InstrumentationBackend(15549): Added:'ScrollTo', with key:'scroll_to'
06-05 15:48:12.717 I/InstrumentationBackend(15549): Added:'GetLoadProgress', with key:'get_load_progress'
06-05 15:48:12.717 I/InstrumentationBackend(15549): Added:'DumpHtml', with key:'dump_html'
06-05 15:48:12.717 I/InstrumentationBackend(15549): Added:'DumpBodyHtml', with key:'dump_body_html'
06-05 15:48:12.717 I/InstrumentationBackend(15549): Added:'EnterTextByCssSelector', with key:'enter_text_by_selector'
06-05 15:48:12.718 I/InstrumentationBackend(15549): Added:'AndroidSDKVersion', with key:'android_sdk_version'
06-05 15:48:12.718 I/InstrumentationBackend(15549): Added:'Version', with key:'version'
06-05 15:48:12.718 I/InstrumentationBackend(15549): Added:'Drag', with key:'drag'
06-05 15:48:12.718 I/InstrumentationBackend(15549): Added:'TouchCoordinates', with key:'touch_coordinate'
06-05 15:48:12.718 I/InstrumentationBackend(15549): Added:'LongPressCoordinate', with key:'long_press_coordinate'
06-05 15:48:12.718 I/InstrumentationBackend(15549): Added:'DragCoordinates', with key:'drag_coordinates'
06-05 15:48:12.718 I/InstrumentationBackend(15549): Added:'ResumeApplication', with key:'resume_application'
06-05 15:48:12.718 I/InstrumentationBackend(15549): Added:'Swipe', with key:'swipe'
06-05 15:48:12.718 I/InstrumentationBackend(15549): Added:'DoubleTapCoordinate', with key:'double_tap_coordinate'
06-05 15:48:12.718 I/InstrumentationBackend(15549): Added:'ClickOnScreen', with key:'click_on_screen'
06-05 15:48:12.718 I/InstrumentationBackend(15549): Added:'GetActivityName', with key:'get_activity_name'
06-05 15:48:12.718 I/InstrumentationBackend(15549): Added:'ScrollToView', with key:'scroll_to_view'
06-05 15:48:12.718 I/InstrumentationBackend(15549): Added:'ViewConfiguration', with key:'view_configuration'
06-05 15:48:12.718 I/InstrumentationBackend(15549): Added:'IsCurrentActivityFocused', with key:'is_current_activity_focused'
06-05 15:48:12.718 I/InstrumentationBackend(15549): Added:'SendTcp', with key:'send_tcp'
06-05 15:48:12.718 I/InstrumentationBackend(15549): Added:'DpToDevicePixel', with key:'dp_to_device_pixel'
06-05 15:48:12.718 I/InstrumentationBackend(15549): Added:'KeyboardEnterText', with key:'keyboard_enter_text'
06-05 15:48:12.718 I/InstrumentationBackend(15549): Added:'DeleteSurroundingText', with key:'delete_surrounding_text'
06-05 15:48:12.718 I/InstrumentationBackend(15549): Added:'SetComposingRegion', with key:'set_composing_region'
06-05 15:48:12.718 I/InstrumentationBackend(15549): Added:'SetSelection', with key:'set_selection'
06-05 15:48:12.718 I/InstrumentationBackend(15549): Added:'KeyboardKeyEvent', with key:'keyboard_key_event'
06-05 15:48:12.718 I/InstrumentationBackend(15549): Added:'PressUserActionButton', with key:'press_user_action_button'
06-05 15:48:12.718 I/InstrumentationBackend(15549): Added:'HideSoftKeyboard', with key:'hide_soft_keyboard'
06-05 15:48:12.718 I/InstrumentationBackend(15549): Added:'ListActions', with key:'list_actions'
06-05 15:48:12.719 I/calabash(15549): Instantiating http server at 7102
06-05 15:48:12.719 I/System.out(15549): HTTP Daemon listening on: 7102
06-05 15:48:12.813 I/System.out(15549): URI: //ping
06-05 15:48:12.814 I/System.out(15549): params: {json={}
06-05 15:48:12.814 I/System.out(15549): }
06-05 15:48:12.821 I/System.out(15549): URI: //ping
06-05 15:48:12.821 I/System.out(15549): params: {json={}
06-05 15:48:12.822 I/System.out(15549): }
06-05 15:48:12.827 I/System.out(15549): URI: //ready
06-05 15:48:12.828 I/System.out(15549): params: {json={}
06-05 15:48:12.828 I/System.out(15549): }
06-05 15:48:12.833 I/System.out(15549): URI: //
06-05 15:48:12.833 I/System.out(15549): params: {json={"command":"version","arguments":[]}
06-05 15:48:12.833 I/System.out(15549): }
06-05 15:48:12.834 I/System.out(15549): header: {content-type=application/json;charset=utf-8, date=Fri, 05 Jun 2020 20:48:13 GMT, accept=*/*, host=127.0.0.1:34784, content-length=36, user-agent=HTTPClient/1.0 (2.8.3, ruby 2.5.1 (2018-03-29))}
06-05 15:48:12.834 I/System.out(15549): params: {json={"command":"version","arguments":[]}
06-05 15:48:12.834 I/System.out(15549): }
06-05 15:48:12.834 I/System.out(15549): ProP json = {"command":"version","arguments":[]}
06-05 15:48:12.834 I/System.out(15549): files: {}
06-05 15:48:12.834 I/System.out(15549): command: {"command":"version","arguments":[]}
06-05 15:48:12.841 I/InstrumentationBackend(15549): Got command:'Command:'Line:null,version', arguments:'[]'
06-05 15:48:12.853 I/System.out(15549): result:{"bonusInformation":[],"message":"0.9.8","success":true}
06-05 15:48:12.856 I/System.out(15549): URI: //start-application
06-05 15:48:12.856 I/System.out(15549): params: {json={"intent":null}
06-05 15:48:12.856 I/System.out(15549): }
06-05 15:48:12.869 I/ActivityManager( 1630): START u0 {act=android.intent.action.MAIN cat=[android.intent.category.LAUNCHER] flg=0x10200000 cmp=com.evancharlton.mileage/.Mileage} from uid 10086 on display 0
06-05 15:48:12.874 I/calabash(15549): newActivity1
06-05 15:48:12.884 I/calabash(15549): newActivity1
06-05 15:48:12.886 W/ActivityManager( 1630): Bad activity token: android.os.BinderProxy@68a154a
06-05 15:48:12.886 W/ActivityManager( 1630): java.lang.ClassCastException: android.os.BinderProxy cannot be cast to com.android.server.am.ActivityRecord$Token
06-05 15:48:12.886 W/ActivityManager( 1630): 	at com.android.server.am.ActivityRecord.forTokenLocked(ActivityRecord.java:586)
06-05 15:48:12.886 W/ActivityManager( 1630): 	at com.android.server.am.ActivityRecord.isInStackLocked(ActivityRecord.java:1327)
06-05 15:48:12.886 W/ActivityManager( 1630): 	at com.android.server.am.ActivityRecord.getStackLocked(ActivityRecord.java:1332)
06-05 15:48:12.886 W/ActivityManager( 1630): 	at com.android.server.am.ActivityManagerService.getActivityDisplayId(ActivityManagerService.java:9806)
06-05 15:48:12.886 W/ActivityManager( 1630): 	at android.app.ActivityManagerNative.onTransact(ActivityManagerNative.java:2566)
06-05 15:48:12.886 W/ActivityManager( 1630): 	at com.android.server.am.ActivityManagerService.onTransact(ActivityManagerService.java:2757)
06-05 15:48:12.886 W/ActivityManager( 1630): 	at android.os.Binder.execTransact(Binder.java:565)
06-05 15:48:12.887 W/ActivityManager( 1630): Bad activity token: android.os.BinderProxy@68a154a
06-05 15:48:12.887 W/ActivityManager( 1630): java.lang.ClassCastException: android.os.BinderProxy cannot be cast to com.android.server.am.ActivityRecord$Token
06-05 15:48:12.887 W/ActivityManager( 1630): 	at com.android.server.am.ActivityRecord.forTokenLocked(ActivityRecord.java:586)
06-05 15:48:12.887 W/ActivityManager( 1630): 	at com.android.server.am.ActivityRecord.isInStackLocked(ActivityRecord.java:1327)
06-05 15:48:12.887 W/ActivityManager( 1630): 	at com.android.server.am.ActivityManagerService.setTaskDescription(ActivityManagerService.java:9358)
06-05 15:48:12.887 W/ActivityManager( 1630): 	at android.app.ActivityManagerNative.onTransact(ActivityManagerNative.java:2639)
06-05 15:48:12.887 W/ActivityManager( 1630): 	at com.android.server.am.ActivityManagerService.onTransact(ActivityManagerService.java:2757)
06-05 15:48:12.887 W/ActivityManager( 1630): 	at android.os.Binder.execTransact(Binder.java:565)
06-05 15:48:12.887 W/ActivityManager( 1630): Bad activity token: android.os.BinderProxy@68a154a
06-05 15:48:12.887 W/ActivityManager( 1630): java.lang.ClassCastException: android.os.BinderProxy cannot be cast to com.android.server.am.ActivityRecord$Token
06-05 15:48:12.887 W/ActivityManager( 1630): 	at com.android.server.am.ActivityRecord.forTokenLocked(ActivityRecord.java:586)
06-05 15:48:12.887 W/ActivityManager( 1630): 	at com.android.server.am.ActivityRecord.isInStackLocked(ActivityRecord.java:1327)
06-05 15:48:12.887 W/ActivityManager( 1630): 	at com.android.server.am.ActivityRecord.getStackLocked(ActivityRecord.java:1332)
06-05 15:48:12.887 W/ActivityManager( 1630): 	at com.android.server.am.ActivityManagerService.getActivityStackId(ActivityManagerService.java:9817)
06-05 15:48:12.887 W/ActivityManager( 1630): 	at android.app.ActivityManagerNative.onTransact(ActivityManagerNative.java:2856)
06-05 15:48:12.887 W/ActivityManager( 1630): 	at com.android.server.am.ActivityManagerService.onTransact(ActivityManagerService.java:2757)
06-05 15:48:12.887 W/ActivityManager( 1630): 	at android.os.Binder.execTransact(Binder.java:565)
06-05 15:48:12.893 D/gralloc_ranchu( 1346): gralloc_alloc: Creating ashmem region of size 9023488
06-05 15:48:12.899 D/FillupsProvider(15549): Creating database
06-05 15:48:12.917 W/ActivityManager( 1630): Bad activity token: android.os.BinderProxy@68a154a
06-05 15:48:12.917 W/ActivityManager( 1630): java.lang.ClassCastException: android.os.BinderProxy cannot be cast to com.android.server.am.ActivityRecord$Token
06-05 15:48:12.917 W/ActivityManager( 1630): 	at com.android.server.am.ActivityRecord.forTokenLocked(ActivityRecord.java:586)
06-05 15:48:12.917 W/ActivityManager( 1630): 	at com.android.server.am.ActivityRecord.isInStackLocked(ActivityRecord.java:1327)
06-05 15:48:12.917 W/ActivityManager( 1630): 	at com.android.server.am.ActivityManagerService.getActivityOptions(ActivityManagerService.java:12559)
06-05 15:48:12.917 W/ActivityManager( 1630): 	at android.app.ActivityManagerNative.onTransact(ActivityManagerNative.java:1933)
06-05 15:48:12.917 W/ActivityManager( 1630): 	at com.android.server.am.ActivityManagerService.onTransact(ActivityManagerService.java:2757)
06-05 15:48:12.917 W/ActivityManager( 1630): 	at android.os.Binder.execTransact(Binder.java:565)
06-05 15:48:12.917 W/ActivityManager( 1630): Bad activity token: android.os.BinderProxy@68a154a
06-05 15:48:12.917 W/ActivityManager( 1630): java.lang.ClassCastException: android.os.BinderProxy cannot be cast to com.android.server.am.ActivityRecord$Token
06-05 15:48:12.917 W/ActivityManager( 1630): 	at com.android.server.am.ActivityRecord.forTokenLocked(ActivityRecord.java:586)
06-05 15:48:12.917 W/ActivityManager( 1630): 	at com.android.server.am.ActivityRecord.isInStackLocked(ActivityRecord.java:1327)
06-05 15:48:12.917 W/ActivityManager( 1630): 	at com.android.server.am.ActivityManagerService.getActivityOptions(ActivityManagerService.java:12559)
06-05 15:48:12.917 W/ActivityManager( 1630): 	at android.app.ActivityManagerNative.onTransact(ActivityManagerNative.java:1933)
06-05 15:48:12.917 W/ActivityManager( 1630): 	at com.android.server.am.ActivityManagerService.onTransact(ActivityManagerService.java:2757)
06-05 15:48:12.917 W/ActivityManager( 1630): 	at android.os.Binder.execTransact(Binder.java:565)
06-05 15:48:12.919 V/PhoneStatusBar( 1712): setLightsOn(true)
06-05 15:48:12.927 D/EGL_emulation( 2099): eglMakeCurrent: 0xb4085240: ver 2 0 (tinfo 0xb40832d0)
06-05 15:48:12.927 D/EGL_emulation( 1712): eglMakeCurrent: 0xb4085540: ver 2 0 (tinfo 0xb4083740)
06-05 15:48:12.943 D/gralloc_ranchu( 1346): gralloc_alloc: Creating ashmem region of size 9023488
06-05 15:48:12.943 D/EGL_emulation( 1712): eglMakeCurrent: 0xb4085540: ver 2 0 (tinfo 0xb4083740)
06-05 15:48:12.948 D/        (15549): HostConnection::get() New Host Connection established 0x97d33500, tid 15549
06-05 15:48:12.949 D/EGL_emulation( 1712): eglMakeCurrent: 0xb4085540: ver 2 0 (tinfo 0xb4083740)
06-05 15:48:12.949 V/PhoneStatusBar( 1712): setLightsOn(true)
06-05 15:48:12.989 D/EGL_emulation( 1712): eglMakeCurrent: 0xb4085540: ver 2 0 (tinfo 0xb4083740)
06-05 15:48:12.991 D/EGL_emulation( 1712): eglMakeCurrent: 0xb4085540: ver 2 0 (tinfo 0xb4083740)
06-05 15:48:12.993 D/EGL_emulation( 1712): eglMakeCurrent: 0xb4085540: ver 2 0 (tinfo 0xb4083740)
06-05 15:48:12.995 D/EGL_emulation( 1712): eglMakeCurrent: 0xb4085540: ver 2 0 (tinfo 0xb4083740)
06-05 15:48:13.012 D/EGL_emulation( 1712): eglMakeCurrent: 0xb4085540: ver 2 0 (tinfo 0xb4083740)
06-05 15:48:13.018 D/EGL_emulation( 1712): eglMakeCurrent: 0xb4085540: ver 2 0 (tinfo 0xb4083740)
06-05 15:48:13.029 D/EGL_emulation( 1712): eglMakeCurrent: 0xb4085540: ver 2 0 (tinfo 0xb4083740)
06-05 15:48:13.033 D/gralloc_ranchu( 1346): gralloc_alloc: Creating ashmem region of size 9023488
06-05 15:48:13.054 D/EGL_emulation( 1712): eglMakeCurrent: 0xb4085540: ver 2 0 (tinfo 0xb4083740)
06-05 15:48:13.074 I/ActivityManager( 1630): Displayed com.evancharlton.mileage/.Mileage: +202ms
06-05 15:48:13.077 D/EGL_emulation( 1712): eglMakeCurrent: 0xb4085540: ver 2 0 (tinfo 0xb4083740)
06-05 15:48:13.103 D/EGL_emulation( 1712): eglMakeCurrent: 0xb4085540: ver 2 0 (tinfo 0xb4083740)
06-05 15:48:13.111 D/EGL_emulation( 1712): eglMakeCurrent: 0xb4085540: ver 2 0 (tinfo 0xb4083740)
06-05 15:48:13.119 D/EGL_emulation( 1712): eglMakeCurrent: 0xb4085540: ver 2 0 (tinfo 0xb4083740)
06-05 15:48:13.120 V/PhoneStatusBar( 1712): setLightsOn(true)
06-05 15:48:13.124 D/EGL_emulation( 1712): eglMakeCurrent: 0xb4085540: ver 2 0 (tinfo 0xb4083740)
06-05 15:48:13.130 D/EGL_emulation( 1712): eglMakeCurrent: 0xb4085540: ver 2 0 (tinfo 0xb4083740)
06-05 15:48:13.135 D/EGL_emulation( 1712): eglMakeCurrent: 0xb4085540: ver 2 0 (tinfo 0xb4083740)
06-05 15:48:13.187 I/System.out(15549): URI: //map
06-05 15:48:13.187 I/System.out(15549): params: {json={"query":"* {text CONTAINS[c] 'Fillup information'}","operation":{"method_name":"query","arguments":[]}}
06-05 15:48:13.187 I/System.out(15549): }
06-05 15:48:13.228 I/System.out(15549): URI: //map
06-05 15:48:13.228 I/System.out(15549): params: {json={"query":"* {text CONTAINS[c] 'Tank was not filled to the top'}","operation":{"method_name":"query","arguments":[]}}
06-05 15:48:13.228 I/System.out(15549): }
06-05 15:48:13.249 I/System.out(15549): URI: //map
06-05 15:48:13.249 I/System.out(15549): params: {json={"query":"* {text CONTAINS[c] 'Extra data'}","operation":{"method_name":"query","arguments":[]}}
06-05 15:48:13.249 I/System.out(15549): }
06-05 15:48:13.275 I/System.out(15549): URI: //map
06-05 15:48:13.275 I/System.out(15549): params: {json={"query":"* {text CONTAINS[c] 'Save Fillup'}","operation":{"method_name":"query","arguments":[]}}
06-05 15:48:13.275 I/System.out(15549): }
06-05 15:48:13.276 I/WindowManager( 1630): Destroying surface Surface(name=Starting com.evancharlton.mileage) called by com.android.server.wm.WindowStateAnimator.destroySurface:2016 com.android.server.wm.WindowStateAnimator.destroySurfaceLocked:882 com.android.server.wm.WindowState.destroyOrSaveSurface:2100 com.android.server.wm.AppWindowToken.destroySurfaces:363 com.android.server.wm.WindowStateAnimator.finishExit:565 com.android.server.wm.WindowStateAnimator.stepAnimationLocked:491 com.android.server.wm.WindowAnimator.updateWindowsLocked:303 com.android.server.wm.WindowAnimator.animateLocked:704 
06-05 15:48:13.277 V/PhoneStatusBar( 1712): setLightsOn(true)
06-05 15:48:13.295 I/art     (15549): Do partial code cache collection, code=30KB, data=30KB
06-05 15:48:13.295 I/art     (15549): After code cache collection, code=30KB, data=30KB
06-05 15:48:13.295 I/art     (15549): Increasing code cache capacity to 128KB
06-05 15:48:13.297 I/System.out(15549): URI: //
06-05 15:48:13.297 I/System.out(15549): params: {json={"command":"press_key","arguments":["KEYCODE_MENU"]}
06-05 15:48:13.297 I/System.out(15549): }
06-05 15:48:13.297 I/System.out(15549): header: {content-type=application/json;charset=utf-8, date=Fri, 05 Jun 2020 20:48:13 GMT, accept=*/*, host=127.0.0.1:34784, content-length=52, user-agent=HTTPClient/1.0 (2.8.3, ruby 2.5.1 (2018-03-29))}
06-05 15:48:13.297 I/System.out(15549): params: {json={"command":"press_key","arguments":["KEYCODE_MENU"]}
06-05 15:48:13.297 I/System.out(15549): }
06-05 15:48:13.297 I/System.out(15549): ProP json = {"command":"press_key","arguments":["KEYCODE_MENU"]}
06-05 15:48:13.297 I/System.out(15549): files: {}
06-05 15:48:13.297 I/System.out(15549): command: {"command":"press_key","arguments":["KEYCODE_MENU"]}
06-05 15:48:13.299 I/InstrumentationBackend(15549): Got command:'Command:'Line:null,press_key', arguments:'[KEYCODE_MENU]'
06-05 15:48:13.309 V/PhoneStatusBar( 1712): setLightsOn(true)
06-05 15:48:13.376 V/PhoneStatusBar( 1712): setLightsOn(true)
06-05 15:48:13.393 V/PhoneStatusBar( 1712): setLightsOn(true)
06-05 15:48:13.399 I/System.out(15549): result:{"bonusInformation":[],"message":"","success":true}
06-05 15:48:13.399 W/audio_hw_generic( 1395): Not supplying enough data to HAL, expected position 25071319 , only wrote 25071120
06-05 15:48:13.402 I/System.out(15549): URI: //map
06-05 15:48:13.402 I/System.out(15549): params: {json={"query":"* {text CONTAINS[c] 'Edit fields'}","operation":{"method_name":"query","arguments":[]}}
06-05 15:48:13.402 I/System.out(15549): }
06-05 15:48:13.479 V/PhoneStatusBar( 1712): setLightsOn(true)
06-05 15:48:13.493 V/PhoneStatusBar( 1712): setLightsOn(true)
06-05 15:48:13.510 V/PhoneStatusBar( 1712): setLightsOn(true)
06-05 15:48:13.511 D/gralloc_ranchu( 1346): gralloc_alloc: Creating ashmem region of size 1720320
06-05 15:48:13.518 V/PhoneStatusBar( 1712): setLightsOn(true)
06-05 15:48:13.526 V/PhoneStatusBar( 1712): setLightsOn(true)
06-05 15:48:13.529 I/System.out(15549): URI: //map
06-05 15:48:13.529 I/System.out(15549): params: {json={"query":"* {text CONTAINS[c] 'Service intervals'}","operation":{"method_name":"query","arguments":[]}}
06-05 15:48:13.529 I/System.out(15549): }
06-05 15:48:13.569 I/System.out(15549): URI: //map
06-05 15:48:13.569 I/System.out(15549): params: {json={"query":"* {text CONTAINS[c] 'Import / Export'}","operation":{"method_name":"query","arguments":[]}}
06-05 15:48:13.569 I/System.out(15549): }
06-05 15:48:13.581 I/System.out(15549): URI: //map
06-05 15:48:13.581 I/System.out(15549): params: {json={"query":"* {text CONTAINS[c] 'Settings'}","operation":{"method_name":"query","arguments":[]}}
06-05 15:48:13.581 I/System.out(15549): }
