--------- beginning of system
06-06 17:45:31.295 W/ActivityManager( 1631): Finishing task with all activities already finished
06-06 17:45:31.295 W/ActivityManager( 1631): Duplicate finish request for ActivityRecord{6b6dbfa u0 com.evancharlton.mileage/.Mileage t24714 f}
--------- beginning of main
06-06 17:45:31.298 V/PhoneStatusBar( 1713): setLightsOn(true)
06-06 17:45:31.301 D/gralloc_ranchu( 1348): gralloc_alloc: Creating ashmem region of size 3145728
06-06 17:45:31.306 E/EGL_emulation( 1348): tid 1348: eglCreateSyncKHR(1901): error 0x3004 (EGL_BAD_ATTRIBUTE)
06-06 17:45:31.323 W/ActivityManager( 1631): Finishing task with all activities already finished
06-06 17:45:31.323 W/ActivityManager( 1631): Duplicate finish request for ActivityRecord{6b6dbfa u0 com.evancharlton.mileage/.Mileage t24714 f}
06-06 17:45:31.323 W/ActivityManager( 1631): Finishing task with all activities already finished
06-06 17:45:31.323 W/ActivityManager( 1631): Duplicate finish request for ActivityRecord{6b6dbfa u0 com.evancharlton.mileage/.Mileage t24714 f}
06-06 17:45:31.323 W/ActivityManager( 1631): Finishing task with all activities already finished
06-06 17:45:31.323 W/ActivityManager( 1631): Duplicate finish request for ActivityRecord{6b6dbfa u0 com.evancharlton.mileage/.Mileage t24714 f}
06-06 17:45:31.323 W/ActivityManager( 1631): Finishing task with all activities already finished
06-06 17:45:31.324 W/ActivityManager( 1631): Duplicate finish request for ActivityRecord{6b6dbfa u0 com.evancharlton.mileage/.Mileage t24714 f}
06-06 17:45:31.324 W/ActivityManager( 1631): Finishing task with all activities already finished
06-06 17:45:31.324 W/ActivityManager( 1631): Duplicate finish request for ActivityRecord{36ad668 u0 com.evancharlton.mileage/.charts.TotalVolumeChart t24714 f}
06-06 17:45:31.324 W/ActivityManager( 1631): Finishing task with all activities already finished
06-06 17:45:31.324 W/ActivityManager( 1631): Duplicate finish request for ActivityRecord{36ad668 u0 com.evancharlton.mileage/.charts.TotalVolumeChart t24714 f}
06-06 17:45:31.324 W/ActivityManager( 1631): Finishing task with all activities already finished
06-06 17:45:31.324 W/ActivityManager( 1631): Duplicate finish request for ActivityRecord{6b6dbfa u0 com.evancharlton.mileage/.Mileage t24714 f}
06-06 17:45:31.324 W/ActivityManager( 1631): Finishing task with all activities already finished
06-06 17:45:31.324 W/ActivityManager( 1631): Duplicate finish request for ActivityRecord{6b6dbfa u0 com.evancharlton.mileage/.Mileage t24714 f}
06-06 17:45:31.369 D/EGL_emulation( 1713): eglMakeCurrent: 0xa6a85780: ver 2 0 (tinfo 0xa6a83640)
06-06 17:45:31.382 D/EGL_emulation( 1713): eglMakeCurrent: 0xa6a85780: ver 2 0 (tinfo 0xa6a83640)
06-06 17:45:31.383 D/EGL_emulation( 2106): eglMakeCurrent: 0xa6a85300: ver 2 0 (tinfo 0xa6a83220)
06-06 17:45:31.416 D/EGL_emulation( 1713): eglMakeCurrent: 0xa6a85780: ver 2 0 (tinfo 0xa6a83640)
06-06 17:45:31.429 D/AndroidRuntime(17135): >>>>>> START com.android.internal.os.RuntimeInit uid 2000 <<<<<<
06-06 17:45:31.430 D/AndroidRuntime(17135): CheckJNI is ON
06-06 17:45:31.432 D/EGL_emulation( 1713): eglMakeCurrent: 0xa6a85780: ver 2 0 (tinfo 0xa6a83640)
06-06 17:45:31.433 D/EGL_emulation( 1713): eglMakeCurrent: 0xa6a85780: ver 2 0 (tinfo 0xa6a83640)
06-06 17:45:31.440 W/art     (17135): Unexpected CPU variant for X86 using defaults: x86
06-06 17:45:31.442 D/ICU     (17135): No timezone override file found: /data/misc/zoneinfo/current/icu/icu_tzdata.dat
06-06 17:45:31.448 D/EGL_emulation( 1713): eglMakeCurrent: 0xa6a85780: ver 2 0 (tinfo 0xa6a83640)
06-06 17:45:31.450 E/memtrack(17135): Couldn't load memtrack module (No such file or directory)
06-06 17:45:31.450 D/EGL_emulation( 1713): eglMakeCurrent: 0xa6a85780: ver 2 0 (tinfo 0xa6a83640)
06-06 17:45:31.450 E/android.os.Debug(17135): failed to load memtrack module: -2
06-06 17:45:31.450 I/Radio-JNI(17135): register_android_hardware_Radio DONE
06-06 17:45:31.454 D/AndroidRuntime(17135): Calling main entry com.android.commands.am.Am
06-06 17:45:31.456 I/ActivityManager( 1631): Force stopping com.evancharlton.mileage appid=10728 user=0: start instr
06-06 17:45:31.456 I/ActivityManager( 1631): Killing 17083:com.evancharlton.mileage/u0a728 (adj 0): stop com.evancharlton.mileage
06-06 17:45:31.456 D/ActivityManager( 1631): cleanUpApplicationRecord -- 17083
06-06 17:45:31.456 I/WindowManager( 1631): Destroying surface Surface(name=com.evancharlton.mileage/com.evancharlton.mileage.charts.TotalVolumeChart) called by com.android.server.wm.WindowStateAnimator.destroySurface:2016 com.android.server.wm.WindowStateAnimator.destroySurfaceLocked:882 com.android.server.wm.WindowState.removeLocked:1456 com.android.server.wm.WindowManagerService.removeWindowInnerLocked:2484 com.android.server.wm.WindowManagerService.removeWindowLocked:2442 com.android.server.wm.WindowManagerService.removeWindowLocked:2311 com.android.server.wm.AppWindowToken.removeAllWindows:530 com.android.server.wm.AppWindowToken.removeAppFromTaskLocked:326 
06-06 17:45:31.457 W/ActivityManager( 1631): Crash of app com.evancharlton.mileage running instrumentation ComponentInfo{com.evancharlton.mileage.test/sh.calaba.instrumentationbackend.CalabashInstrumentationTestRunner}
06-06 17:45:31.457 I/ActivityManager( 1631): Force stopping com.evancharlton.mileage appid=10728 user=0: finished inst
06-06 17:45:31.460 I/art     (17145): Not late-enabling -Xcheck:jni (already on)
06-06 17:45:31.460 W/art     (17145): Unexpected CPU variant for X86 using defaults: x86
06-06 17:45:31.465 D/EGL_emulation( 1713): eglMakeCurrent: 0xa6a85780: ver 2 0 (tinfo 0xa6a83640)
06-06 17:45:31.466 D/EGL_emulation( 1713): eglMakeCurrent: 0xa6a85780: ver 2 0 (tinfo 0xa6a83640)
06-06 17:45:31.468 I/ActivityManager( 1631): Start proc 17145:com.evancharlton.mileage/u0a728 for added application com.evancharlton.mileage
06-06 17:45:31.468 D/AndroidRuntime(17135): Shutting down VM
06-06 17:45:31.473 W/System  (17145): ClassLoader referenced unknown path: /data/app/com.evancharlton.mileage.test-1/lib/x86
06-06 17:45:31.473 W/System  (17145): ClassLoader referenced unknown path: /data/app/com.evancharlton.mileage-1/lib/x86
06-06 17:45:31.475 W/System  (17145): ClassLoader referenced unknown path: 
06-06 17:45:31.478 I/System.out(17145): Main activity name automatically set to: com.evancharlton.mileage.Mileage
06-06 17:45:31.479 I/System.out(17145): Calabash did not load Mono. This is only a problem if you are trying to test a Mono application
06-06 17:45:31.479 I/calabash(17145): Test server port: 7102
06-06 17:45:31.480 I/InstrumentationBackend(17145): Added:'GetPreferences', with key:'get_preferences'
06-06 17:45:31.481 D/EGL_emulation( 1713): eglMakeCurrent: 0xa6a85780: ver 2 0 (tinfo 0xa6a83640)
06-06 17:45:31.483 D/EGL_emulation( 1713): eglMakeCurrent: 0xa6a85780: ver 2 0 (tinfo 0xa6a83640)
06-06 17:45:31.485 I/InstrumentationBackend(17145): Added:'SetPreferences', with key:'set_preferences'
06-06 17:45:31.485 I/InstrumentationBackend(17145): Added:'ClearPreferences', with key:'clear_preferences'
06-06 17:45:31.485 I/InstrumentationBackend(17145): Added:'PressElement', with key:'press_l10n_element'
06-06 17:45:31.485 I/InstrumentationBackend(17145): Added:'WaitForElement', with key:'wait_for_l10n_element'
06-06 17:45:31.485 I/InstrumentationBackend(17145): Added:'NullAction', with key:'nullAction'
06-06 17:45:31.485 I/InstrumentationBackend(17145): Added:'PressKey', with key:'press_key'
06-06 17:45:31.485 I/InstrumentationBackend(17145): Added:'SetActivityOrientation', with key:'set_activity_orientation'
06-06 17:45:31.485 I/InstrumentationBackend(17145): Added:'GetActivityOrientation', with key:'get_activity_orientation'
06-06 17:45:31.485 I/InstrumentationBackend(17145): Added:'FakeGPSLocation', with key:'set_gps_coordinates'
06-06 17:45:31.485 I/InstrumentationBackend(17145): Added:'SetPropertyByCssSelector', with key:'set_property_by_css_selector'
06-06 17:45:31.485 I/InstrumentationBackend(17145): Added:'GetUrl', with key:'get_url'
06-06 17:45:31.485 I/InstrumentationBackend(17145): Added:'ScrollTo', with key:'scroll_to'
06-06 17:45:31.486 I/InstrumentationBackend(17145): Added:'GetLoadProgress', with key:'get_load_progress'
06-06 17:45:31.486 I/InstrumentationBackend(17145): Added:'DumpHtml', with key:'dump_html'
06-06 17:45:31.486 I/InstrumentationBackend(17145): Added:'DumpBodyHtml', with key:'dump_body_html'
06-06 17:45:31.486 I/InstrumentationBackend(17145): Added:'EnterTextByCssSelector', with key:'enter_text_by_selector'
06-06 17:45:31.486 I/InstrumentationBackend(17145): Added:'AndroidSDKVersion', with key:'android_sdk_version'
06-06 17:45:31.486 I/InstrumentationBackend(17145): Added:'Version', with key:'version'
06-06 17:45:31.486 I/InstrumentationBackend(17145): Added:'Drag', with key:'drag'
06-06 17:45:31.486 I/InstrumentationBackend(17145): Added:'TouchCoordinates', with key:'touch_coordinate'
06-06 17:45:31.486 I/InstrumentationBackend(17145): Added:'LongPressCoordinate', with key:'long_press_coordinate'
06-06 17:45:31.486 I/InstrumentationBackend(17145): Added:'DragCoordinates', with key:'drag_coordinates'
06-06 17:45:31.486 I/InstrumentationBackend(17145): Added:'ResumeApplication', with key:'resume_application'
06-06 17:45:31.486 I/InstrumentationBackend(17145): Added:'Swipe', with key:'swipe'
06-06 17:45:31.486 I/InstrumentationBackend(17145): Added:'DoubleTapCoordinate', with key:'double_tap_coordinate'
06-06 17:45:31.486 I/InstrumentationBackend(17145): Added:'ClickOnScreen', with key:'click_on_screen'
06-06 17:45:31.486 I/InstrumentationBackend(17145): Added:'GetActivityName', with key:'get_activity_name'
06-06 17:45:31.486 I/InstrumentationBackend(17145): Added:'ScrollToView', with key:'scroll_to_view'
06-06 17:45:31.486 I/InstrumentationBackend(17145): Added:'ViewConfiguration', with key:'view_configuration'
06-06 17:45:31.486 I/InstrumentationBackend(17145): Added:'IsCurrentActivityFocused', with key:'is_current_activity_focused'
06-06 17:45:31.486 I/InstrumentationBackend(17145): Added:'SendTcp', with key:'send_tcp'
06-06 17:45:31.486 I/InstrumentationBackend(17145): Added:'DpToDevicePixel', with key:'dp_to_device_pixel'
06-06 17:45:31.487 I/InstrumentationBackend(17145): Added:'KeyboardEnterText', with key:'keyboard_enter_text'
06-06 17:45:31.487 I/InstrumentationBackend(17145): Added:'DeleteSurroundingText', with key:'delete_surrounding_text'
06-06 17:45:31.487 I/InstrumentationBackend(17145): Added:'SetComposingRegion', with key:'set_composing_region'
06-06 17:45:31.487 I/InstrumentationBackend(17145): Added:'SetSelection', with key:'set_selection'
06-06 17:45:31.487 I/InstrumentationBackend(17145): Added:'KeyboardKeyEvent', with key:'keyboard_key_event'
06-06 17:45:31.487 I/InstrumentationBackend(17145): Added:'PressUserActionButton', with key:'press_user_action_button'
06-06 17:45:31.487 I/InstrumentationBackend(17145): Added:'HideSoftKeyboard', with key:'hide_soft_keyboard'
06-06 17:45:31.487 I/InstrumentationBackend(17145): Added:'ListActions', with key:'list_actions'
06-06 17:45:31.487 I/calabash(17145): Instantiating http server at 7102
06-06 17:45:31.487 I/System.out(17145): HTTP Daemon listening on: 7102
06-06 17:45:31.498 W/InputDispatcher( 1631): channel '7245b11 com.evancharlton.mileage/com.evancharlton.mileage.Mileage (server)' ~ Consumer closed input channel or an error occurred.  events=0x9
06-06 17:45:31.498 E/InputDispatcher( 1631): channel '7245b11 com.evancharlton.mileage/com.evancharlton.mileage.Mileage (server)' ~ Channel is unrecoverably broken and will be disposed!
06-06 17:45:31.498 I/WindowManager( 1631): WIN DEATH: Window{7245b11 u0 com.evancharlton.mileage/com.evancharlton.mileage.Mileage EXITING}
06-06 17:45:31.498 W/InputDispatcher( 1631): Attempted to unregister already unregistered input channel '7245b11 com.evancharlton.mileage/com.evancharlton.mileage.Mileage (server)'
06-06 17:45:31.498 D/EGL_emulation( 1713): eglMakeCurrent: 0xa6a85780: ver 2 0 (tinfo 0xa6a83640)
06-06 17:45:31.511 D/EGL_emulation( 1713): eglMakeCurrent: 0xa6a85780: ver 2 0 (tinfo 0xa6a83640)
06-06 17:45:31.515 D/EGL_emulation( 1713): eglMakeCurrent: 0xa6a85780: ver 2 0 (tinfo 0xa6a83640)
06-06 17:45:31.516 D/EGL_emulation( 1713): eglMakeCurrent: 0xa6a85780: ver 2 0 (tinfo 0xa6a83640)
06-06 17:45:31.531 D/EGL_emulation( 1713): eglMakeCurrent: 0xa6a85780: ver 2 0 (tinfo 0xa6a83640)
06-06 17:45:31.533 D/EGL_emulation( 1713): eglMakeCurrent: 0xa6a85780: ver 2 0 (tinfo 0xa6a83640)
06-06 17:45:31.550 D/EGL_emulation( 1713): eglMakeCurrent: 0xa6a85780: ver 2 0 (tinfo 0xa6a83640)
06-06 17:45:31.555 D/EGL_emulation( 1713): eglMakeCurrent: 0xa6a85780: ver 2 0 (tinfo 0xa6a83640)
06-06 17:45:31.580 I/System.out(17145): URI: //ping
06-06 17:45:31.580 I/System.out(17145): params: {json={}
06-06 17:45:31.580 I/System.out(17145): }
06-06 17:45:31.583 D/EGL_emulation( 1713): eglMakeCurrent: 0xa6a85780: ver 2 0 (tinfo 0xa6a83640)
06-06 17:45:31.588 I/System.out(17145): URI: //ping
06-06 17:45:31.588 I/System.out(17145): params: {json={}
06-06 17:45:31.588 I/System.out(17145): }
06-06 17:45:31.589 D/EGL_emulation( 1713): eglMakeCurrent: 0xa6a85780: ver 2 0 (tinfo 0xa6a83640)
06-06 17:45:31.594 I/System.out(17145): URI: //ready
06-06 17:45:31.594 I/System.out(17145): params: {json={}
06-06 17:45:31.594 I/System.out(17145): }
06-06 17:45:31.600 D/EGL_emulation( 1713): eglMakeCurrent: 0xa6a85780: ver 2 0 (tinfo 0xa6a83640)
06-06 17:45:31.601 I/System.out(17145): URI: //
06-06 17:45:31.602 I/System.out(17145): params: {json={"command":"version","arguments":[]}
06-06 17:45:31.602 I/System.out(17145): }
06-06 17:45:31.602 I/System.out(17145): header: {content-type=application/json;charset=utf-8, date=Sat, 06 Jun 2020 22:45:32 GMT, accept=*/*, host=127.0.0.1:34784, content-length=36, user-agent=HTTPClient/1.0 (2.8.3, ruby 2.5.1 (2018-03-29))}
06-06 17:45:31.602 I/System.out(17145): params: {json={"command":"version","arguments":[]}
06-06 17:45:31.602 I/System.out(17145): }
06-06 17:45:31.602 I/System.out(17145): ProP json = {"command":"version","arguments":[]}
06-06 17:45:31.602 I/System.out(17145): files: {}
06-06 17:45:31.602 I/System.out(17145): command: {"command":"version","arguments":[]}
06-06 17:45:31.606 D/EGL_emulation( 1713): eglMakeCurrent: 0xa6a85780: ver 2 0 (tinfo 0xa6a83640)
06-06 17:45:31.611 I/InstrumentationBackend(17145): Got command:'Command:'Line:null,version', arguments:'[]'
06-06 17:45:31.617 D/EGL_emulation( 1713): eglMakeCurrent: 0xa6a85780: ver 2 0 (tinfo 0xa6a83640)
06-06 17:45:31.631 I/System.out(17145): result:{"bonusInformation":[],"message":"0.9.8","success":true}
06-06 17:45:31.635 I/System.out(17145): URI: //start-application
06-06 17:45:31.635 I/System.out(17145): params: {json={"intent":null}
06-06 17:45:31.635 I/System.out(17145): }
06-06 17:45:31.649 I/ActivityManager( 1631): START u0 {act=android.intent.action.MAIN cat=[android.intent.category.LAUNCHER] flg=0x10200000 cmp=com.evancharlton.mileage/.Mileage} from uid 10728 on display 0
06-06 17:45:31.655 I/calabash(17145): newActivity1
06-06 17:45:31.663 I/calabash(17145): newActivity1
06-06 17:45:31.664 W/ActivityManager( 1631): Bad activity token: android.os.BinderProxy@2000e9d
06-06 17:45:31.664 W/ActivityManager( 1631): java.lang.ClassCastException: android.os.BinderProxy cannot be cast to com.android.server.am.ActivityRecord$Token
06-06 17:45:31.664 W/ActivityManager( 1631): 	at com.android.server.am.ActivityRecord.forTokenLocked(ActivityRecord.java:586)
06-06 17:45:31.664 W/ActivityManager( 1631): 	at com.android.server.am.ActivityRecord.isInStackLocked(ActivityRecord.java:1327)
06-06 17:45:31.664 W/ActivityManager( 1631): 	at com.android.server.am.ActivityRecord.getStackLocked(ActivityRecord.java:1332)
06-06 17:45:31.664 W/ActivityManager( 1631): 	at com.android.server.am.ActivityManagerService.getActivityDisplayId(ActivityManagerService.java:9806)
06-06 17:45:31.664 W/ActivityManager( 1631): 	at android.app.ActivityManagerNative.onTransact(ActivityManagerNative.java:2566)
06-06 17:45:31.664 W/ActivityManager( 1631): 	at com.android.server.am.ActivityManagerService.onTransact(ActivityManagerService.java:2757)
06-06 17:45:31.664 W/ActivityManager( 1631): 	at android.os.Binder.execTransact(Binder.java:565)
06-06 17:45:31.666 W/ActivityManager( 1631): Bad activity token: android.os.BinderProxy@2000e9d
06-06 17:45:31.666 W/ActivityManager( 1631): java.lang.ClassCastException: android.os.BinderProxy cannot be cast to com.android.server.am.ActivityRecord$Token
06-06 17:45:31.666 W/ActivityManager( 1631): 	at com.android.server.am.ActivityRecord.forTokenLocked(ActivityRecord.java:586)
06-06 17:45:31.666 W/ActivityManager( 1631): 	at com.android.server.am.ActivityRecord.isInStackLocked(ActivityRecord.java:1327)
06-06 17:45:31.666 W/ActivityManager( 1631): 	at com.android.server.am.ActivityManagerService.setTaskDescription(ActivityManagerService.java:9358)
06-06 17:45:31.666 W/ActivityManager( 1631): 	at android.app.ActivityManagerNative.onTransact(ActivityManagerNative.java:2639)
06-06 17:45:31.666 W/ActivityManager( 1631): 	at com.android.server.am.ActivityManagerService.onTransact(ActivityManagerService.java:2757)
06-06 17:45:31.666 W/ActivityManager( 1631): 	at android.os.Binder.execTransact(Binder.java:565)
06-06 17:45:31.666 W/ActivityManager( 1631): Bad activity token: android.os.BinderProxy@2000e9d
06-06 17:45:31.666 W/ActivityManager( 1631): java.lang.ClassCastException: android.os.BinderProxy cannot be cast to com.android.server.am.ActivityRecord$Token
06-06 17:45:31.666 W/ActivityManager( 1631): 	at com.android.server.am.ActivityRecord.forTokenLocked(ActivityRecord.java:586)
06-06 17:45:31.666 W/ActivityManager( 1631): 	at com.android.server.am.ActivityRecord.isInStackLocked(ActivityRecord.java:1327)
06-06 17:45:31.666 W/ActivityManager( 1631): 	at com.android.server.am.ActivityRecord.getStackLocked(ActivityRecord.java:1332)
06-06 17:45:31.666 W/ActivityManager( 1631): 	at com.android.server.am.ActivityManagerService.getActivityStackId(ActivityManagerService.java:9817)
06-06 17:45:31.666 W/ActivityManager( 1631): 	at android.app.ActivityManagerNative.onTransact(ActivityManagerNative.java:2856)
06-06 17:45:31.666 W/ActivityManager( 1631): 	at com.android.server.am.ActivityManagerService.onTransact(ActivityManagerService.java:2757)
06-06 17:45:31.666 W/ActivityManager( 1631): 	at android.os.Binder.execTransact(Binder.java:565)
06-06 17:45:31.682 D/gralloc_ranchu( 1348): gralloc_alloc: Creating ashmem region of size 9023488
06-06 17:45:31.684 W/ActivityManager( 1631): Bad activity token: android.os.BinderProxy@2000e9d
06-06 17:45:31.684 W/ActivityManager( 1631): java.lang.ClassCastException: android.os.BinderProxy cannot be cast to com.android.server.am.ActivityRecord$Token
06-06 17:45:31.684 W/ActivityManager( 1631): 	at com.android.server.am.ActivityRecord.forTokenLocked(ActivityRecord.java:586)
06-06 17:45:31.684 W/ActivityManager( 1631): 	at com.android.server.am.ActivityRecord.isInStackLocked(ActivityRecord.java:1327)
06-06 17:45:31.684 W/ActivityManager( 1631): 	at com.android.server.am.ActivityManagerService.getActivityOptions(ActivityManagerService.java:12559)
06-06 17:45:31.684 W/ActivityManager( 1631): 	at android.app.ActivityManagerNative.onTransact(ActivityManagerNative.java:1933)
06-06 17:45:31.684 W/ActivityManager( 1631): 	at com.android.server.am.ActivityManagerService.onTransact(ActivityManagerService.java:2757)
06-06 17:45:31.684 W/ActivityManager( 1631): 	at android.os.Binder.execTransact(Binder.java:565)
06-06 17:45:31.685 W/ActivityManager( 1631): Bad activity token: android.os.BinderProxy@2000e9d
06-06 17:45:31.685 W/ActivityManager( 1631): java.lang.ClassCastException: android.os.BinderProxy cannot be cast to com.android.server.am.ActivityRecord$Token
06-06 17:45:31.685 W/ActivityManager( 1631): 	at com.android.server.am.ActivityRecord.forTokenLocked(ActivityRecord.java:586)
06-06 17:45:31.685 W/ActivityManager( 1631): 	at com.android.server.am.ActivityRecord.isInStackLocked(ActivityRecord.java:1327)
06-06 17:45:31.685 W/ActivityManager( 1631): 	at com.android.server.am.ActivityManagerService.getActivityOptions(ActivityManagerService.java:12559)
06-06 17:45:31.685 W/ActivityManager( 1631): 	at android.app.ActivityManagerNative.onTransact(ActivityManagerNative.java:1933)
06-06 17:45:31.685 W/ActivityManager( 1631): 	at com.android.server.am.ActivityManagerService.onTransact(ActivityManagerService.java:2757)
06-06 17:45:31.685 W/ActivityManager( 1631): 	at android.os.Binder.execTransact(Binder.java:565)
06-06 17:45:31.712 V/PhoneStatusBar( 1713): setLightsOn(true)
06-06 17:45:31.716 D/EGL_emulation( 1713): eglMakeCurrent: 0xa6a85780: ver 2 0 (tinfo 0xa6a83640)
06-06 17:45:31.717 V/PhoneStatusBar( 1713): setLightsOn(true)
06-06 17:45:31.720 D/gralloc_ranchu( 1348): gralloc_alloc: Creating ashmem region of size 9023488
06-06 17:45:31.724 V/PhoneStatusBar( 1713): setLightsOn(true)
06-06 17:45:31.727 V/PhoneStatusBar( 1713): setLightsOn(true)
06-06 17:45:31.729 D/        (17145): HostConnection::get() New Host Connection established 0x954ab4c0, tid 17145
06-06 17:45:31.765 D/EGL_emulation( 1713): eglMakeCurrent: 0xa6a85780: ver 2 0 (tinfo 0xa6a83640)
06-06 17:45:31.765 D/EGL_emulation( 2106): eglMakeCurrent: 0xa6a85300: ver 2 0 (tinfo 0xa6a83220)
06-06 17:45:31.768 D/EGL_emulation( 1713): eglMakeCurrent: 0xa6a85780: ver 2 0 (tinfo 0xa6a83640)
06-06 17:45:31.769 D/EGL_emulation( 1713): eglMakeCurrent: 0xa6a85780: ver 2 0 (tinfo 0xa6a83640)
06-06 17:45:31.771 D/EGL_emulation( 1713): eglMakeCurrent: 0xa6a85780: ver 2 0 (tinfo 0xa6a83640)
06-06 17:45:31.782 D/EGL_emulation( 1713): eglMakeCurrent: 0xa6a85780: ver 2 0 (tinfo 0xa6a83640)
06-06 17:45:31.783 D/EGL_emulation( 1713): eglMakeCurrent: 0xa6a85780: ver 2 0 (tinfo 0xa6a83640)
06-06 17:45:31.783 V/PhoneStatusBar( 1713): setLightsOn(true)
06-06 17:45:31.798 D/EGL_emulation( 1713): eglMakeCurrent: 0xa6a85780: ver 2 0 (tinfo 0xa6a83640)
06-06 17:45:31.799 D/gralloc_ranchu( 1348): gralloc_alloc: Creating ashmem region of size 9023488
06-06 17:45:31.811 D/EGL_emulation( 1713): eglMakeCurrent: 0xa6a85780: ver 2 0 (tinfo 0xa6a83640)
06-06 17:45:31.815 I/ActivityManager( 1631): Displayed com.evancharlton.mileage/.Mileage: +163ms
06-06 17:45:31.817 I/WindowManager( 1631): Destroying surface Surface(name=com.evancharlton.mileage/com.evancharlton.mileage.Mileage) called by com.android.server.wm.WindowStateAnimator.destroySurface:2016 com.android.server.wm.WindowStateAnimator.destroySurfaceLocked:882 com.android.server.wm.WindowState.removeLocked:1456 com.android.server.wm.WindowManagerService.removeWindowInnerLocked:2484 com.android.server.wm.AppWindowToken.destroySurfaces:365 com.android.server.wm.WindowStateAnimator.finishExit:565 com.android.server.wm.AppWindowAnimator.stepAnimationLocked:427 com.android.server.wm.WindowAnimator.updateAppWindowsLocked:196 
06-06 17:45:31.821 D/EGL_emulation( 1713): eglMakeCurrent: 0xa6a85780: ver 2 0 (tinfo 0xa6a83640)
06-06 17:45:31.823 D/EGL_emulation( 1713): eglMakeCurrent: 0xa6a85780: ver 2 0 (tinfo 0xa6a83640)
06-06 17:45:31.833 D/EGL_emulation( 1713): eglMakeCurrent: 0xa6a85780: ver 2 0 (tinfo 0xa6a83640)
06-06 17:45:31.834 D/EGL_emulation( 1713): eglMakeCurrent: 0xa6a85780: ver 2 0 (tinfo 0xa6a83640)
06-06 17:45:31.839 I/System.out(17145): URI: //map
06-06 17:45:31.839 I/System.out(17145): params: {json={"query":"* marked:'Statistics'","operation":{"method_name":"query","arguments":[]}}
06-06 17:45:31.839 I/System.out(17145): }
06-06 17:45:31.848 D/EGL_emulation( 1713): eglMakeCurrent: 0xa6a85780: ver 2 0 (tinfo 0xa6a83640)
06-06 17:45:31.850 D/EGL_emulation( 1713): eglMakeCurrent: 0xa6a85780: ver 2 0 (tinfo 0xa6a83640)
06-06 17:45:31.850 V/PhoneStatusBar( 1713): setLightsOn(true)
06-06 17:45:31.853 W/ResourceType(17145): No package identifier when getting name for resource number 0x00000001
06-06 17:45:31.865 D/EGL_emulation( 1713): eglMakeCurrent: 0xa6a85780: ver 2 0 (tinfo 0xa6a83640)
06-06 17:45:31.866 I/System.out(17145): URI: //gesture
06-06 17:45:31.866 I/System.out(17145): params: {json={"query_timeout":5.0,"gestures":[{"query_string":"* marked:'Statistics'","touches":[{"x":50,"y":50,"offset_x":0,"offset_y":0,"wait":0.0,"time":0.2,"release":true,"query_string":null}]}]}
06-06 17:45:31.866 I/System.out(17145): }
06-06 17:45:31.867 D/EGL_emulation( 1713): eglMakeCurrent: 0xa6a85780: ver 2 0 (tinfo 0xa6a83640)
06-06 17:45:31.872 W/ResourceType(17145): No package identifier when getting name for resource number 0x00000001
06-06 17:45:31.888 D/EGL_emulation( 1713): eglMakeCurrent: 0xa6a85780: ver 2 0 (tinfo 0xa6a83640)
06-06 17:45:31.890 D/EGL_emulation( 1713): eglMakeCurrent: 0xa6a85780: ver 2 0 (tinfo 0xa6a83640)
06-06 17:45:31.900 D/EGL_emulation( 1713): eglMakeCurrent: 0xa6a85780: ver 2 0 (tinfo 0xa6a83640)
06-06 17:45:31.905 D/EGL_emulation( 1713): eglMakeCurrent: 0xa6a85780: ver 2 0 (tinfo 0xa6a83640)
06-06 17:45:31.917 D/EGL_emulation( 1713): eglMakeCurrent: 0xa6a85780: ver 2 0 (tinfo 0xa6a83640)
06-06 17:45:31.922 D/EGL_emulation( 1713): eglMakeCurrent: 0xa6a85780: ver 2 0 (tinfo 0xa6a83640)
06-06 17:45:31.933 D/EGL_emulation( 1713): eglMakeCurrent: 0xa6a85780: ver 2 0 (tinfo 0xa6a83640)
06-06 17:45:31.939 D/EGL_emulation( 1713): eglMakeCurrent: 0xa6a85780: ver 2 0 (tinfo 0xa6a83640)
06-06 17:45:31.950 D/EGL_emulation( 1713): eglMakeCurrent: 0xa6a85780: ver 2 0 (tinfo 0xa6a83640)
06-06 17:45:32.015 I/WindowManager( 1631): Destroying surface Surface(name=Starting com.evancharlton.mileage) called by com.android.server.wm.WindowStateAnimator.destroySurface:2016 com.android.server.wm.WindowStateAnimator.destroySurfaceLocked:882 com.android.server.wm.WindowState.destroyOrSaveSurface:2100 com.android.server.wm.AppWindowToken.destroySurfaces:363 com.android.server.wm.WindowStateAnimator.finishExit:565 com.android.server.wm.WindowStateAnimator.stepAnimationLocked:491 com.android.server.wm.WindowAnimator.updateWindowsLocked:303 com.android.server.wm.WindowAnimator.animateLocked:704 
06-06 17:45:32.018 V/PhoneStatusBar( 1713): setLightsOn(true)
06-06 17:45:32.048 V/PhoneStatusBar( 1713): setLightsOn(true)
06-06 17:45:32.100 I/calabash(17145): newActivity1
06-06 17:45:32.108 I/System.out(17145): URI: //map
06-06 17:45:32.108 I/System.out(17145): params: {json={"query":"android.widget.ScrollView index:0","operation":{"method_name":"query","arguments":[]}}
06-06 17:45:32.108 I/System.out(17145): }
06-06 17:45:32.111 W/ActivityManager( 1631): Bad activity token: android.os.BinderProxy@657a52f
06-06 17:45:32.111 W/ActivityManager( 1631): java.lang.ClassCastException: android.os.BinderProxy cannot be cast to com.android.server.am.ActivityRecord$Token
06-06 17:45:32.111 W/ActivityManager( 1631): 	at com.android.server.am.ActivityRecord.forTokenLocked(ActivityRecord.java:586)
06-06 17:45:32.111 W/ActivityManager( 1631): 	at com.android.server.am.ActivityRecord.isInStackLocked(ActivityRecord.java:1327)
06-06 17:45:32.111 W/ActivityManager( 1631): 	at com.android.server.am.ActivityRecord.getStackLocked(ActivityRecord.java:1332)
06-06 17:45:32.111 W/ActivityManager( 1631): 	at com.android.server.am.ActivityManagerService.getActivityDisplayId(ActivityManagerService.java:9806)
06-06 17:45:32.111 W/ActivityManager( 1631): 	at android.app.ActivityManagerNative.onTransact(ActivityManagerNative.java:2566)
06-06 17:45:32.111 W/ActivityManager( 1631): 	at com.android.server.am.ActivityManagerService.onTransact(ActivityManagerService.java:2757)
06-06 17:45:32.111 W/ActivityManager( 1631): 	at android.os.Binder.execTransact(Binder.java:565)
06-06 17:45:32.112 W/ActivityManager( 1631): Bad activity token: android.os.BinderProxy@657a52f
06-06 17:45:32.112 W/ActivityManager( 1631): java.lang.ClassCastException: android.os.BinderProxy cannot be cast to com.android.server.am.ActivityRecord$Token
06-06 17:45:32.112 W/ActivityManager( 1631): 	at com.android.server.am.ActivityRecord.forTokenLocked(ActivityRecord.java:586)
06-06 17:45:32.112 W/ActivityManager( 1631): 	at com.android.server.am.ActivityRecord.isInStackLocked(ActivityRecord.java:1327)
06-06 17:45:32.112 W/ActivityManager( 1631): 	at com.android.server.am.ActivityManagerService.setTaskDescription(ActivityManagerService.java:9358)
06-06 17:45:32.112 W/ActivityManager( 1631): 	at android.app.ActivityManagerNative.onTransact(ActivityManagerNative.java:2639)
06-06 17:45:32.112 W/ActivityManager( 1631): 	at com.android.server.am.ActivityManagerService.onTransact(ActivityManagerService.java:2757)
06-06 17:45:32.112 W/ActivityManager( 1631): 	at android.os.Binder.execTransact(Binder.java:565)
06-06 17:45:32.113 W/ActivityManager( 1631): Bad activity token: android.os.BinderProxy@657a52f
06-06 17:45:32.113 W/ActivityManager( 1631): java.lang.ClassCastException: android.os.BinderProxy cannot be cast to com.android.server.am.ActivityRecord$Token
06-06 17:45:32.113 W/ActivityManager( 1631): 	at com.android.server.am.ActivityRecord.forTokenLocked(ActivityRecord.java:586)
06-06 17:45:32.113 W/ActivityManager( 1631): 	at com.android.server.am.ActivityRecord.isInStackLocked(ActivityRecord.java:1327)
06-06 17:45:32.113 W/ActivityManager( 1631): 	at com.android.server.am.ActivityRecord.getStackLocked(ActivityRecord.java:1332)
06-06 17:45:32.113 W/ActivityManager( 1631): 	at com.android.server.am.ActivityManagerService.getActivityStackId(ActivityManagerService.java:9817)
06-06 17:45:32.113 W/ActivityManager( 1631): 	at android.app.ActivityManagerNative.onTransact(ActivityManagerNative.java:2856)
06-06 17:45:32.113 W/ActivityManager( 1631): 	at com.android.server.am.ActivityManagerService.onTransact(ActivityManagerService.java:2757)
06-06 17:45:32.113 W/ActivityManager( 1631): 	at android.os.Binder.execTransact(Binder.java:565)
06-06 17:45:32.119 D/VehicleStatisticsActivity(17145): Checking recalculation ...
06-06 17:45:32.119 D/VehicleStatisticsActivity(17145): Recalculation not necessary.
06-06 17:45:32.132 W/ActivityManager( 1631): Bad activity token: android.os.BinderProxy@657a52f
06-06 17:45:32.132 W/ActivityManager( 1631): java.lang.ClassCastException: android.os.BinderProxy cannot be cast to com.android.server.am.ActivityRecord$Token
06-06 17:45:32.132 W/ActivityManager( 1631): 	at com.android.server.am.ActivityRecord.forTokenLocked(ActivityRecord.java:586)
06-06 17:45:32.132 W/ActivityManager( 1631): 	at com.android.server.am.ActivityRecord.isInStackLocked(ActivityRecord.java:1327)
06-06 17:45:32.132 W/ActivityManager( 1631): 	at com.android.server.am.ActivityManagerService.getActivityOptions(ActivityManagerService.java:12559)
06-06 17:45:32.132 W/ActivityManager( 1631): 	at android.app.ActivityManagerNative.onTransact(ActivityManagerNative.java:1933)
06-06 17:45:32.132 W/ActivityManager( 1631): 	at com.android.server.am.ActivityManagerService.onTransact(ActivityManagerService.java:2757)
06-06 17:45:32.132 W/ActivityManager( 1631): 	at android.os.Binder.execTransact(Binder.java:565)
06-06 17:45:32.132 W/ActivityManager( 1631): Bad activity token: android.os.BinderProxy@657a52f
06-06 17:45:32.132 W/ActivityManager( 1631): java.lang.ClassCastException: android.os.BinderProxy cannot be cast to com.android.server.am.ActivityRecord$Token
06-06 17:45:32.132 W/ActivityManager( 1631): 	at com.android.server.am.ActivityRecord.forTokenLocked(ActivityRecord.java:586)
06-06 17:45:32.132 W/ActivityManager( 1631): 	at com.android.server.am.ActivityRecord.isInStackLocked(ActivityRecord.java:1327)
06-06 17:45:32.132 W/ActivityManager( 1631): 	at com.android.server.am.ActivityManagerService.getActivityOptions(ActivityManagerService.java:12559)
06-06 17:45:32.132 W/ActivityManager( 1631): 	at android.app.ActivityManagerNative.onTransact(ActivityManagerNative.java:1933)
06-06 17:45:32.132 W/ActivityManager( 1631): 	at com.android.server.am.ActivityManagerService.onTransact(ActivityManagerService.java:2757)
06-06 17:45:32.132 W/ActivityManager( 1631): 	at android.os.Binder.execTransact(Binder.java:565)
06-06 17:45:32.134 D/VehicleStatisticsActivity(17145): Checking recalculation ...
06-06 17:45:32.135 D/VehicleStatisticsActivity(17145): Recalculation not necessary.
06-06 17:45:32.205 V/PhoneStatusBar( 1713): setLightsOn(true)
06-06 17:45:32.237 I/System.out(17145): URI: //map
06-06 17:45:32.237 I/System.out(17145): params: {json={"query":"android.widget.AbsListView index:0","operation":{"method_name":"query","arguments":[]}}
06-06 17:45:32.237 I/System.out(17145): }
06-06 17:45:32.242 I/art     (17145): Do partial code cache collection, code=30KB, data=29KB
06-06 17:45:32.242 I/art     (17145): After code cache collection, code=29KB, data=28KB
06-06 17:45:32.242 I/art     (17145): Increasing code cache capacity to 128KB
06-06 17:45:32.254 I/System.out(17145): URI: //map
06-06 17:45:32.255 I/System.out(17145): params: {json={"query":"android.widget.AbsListView index:0","operation":{"method_name":"query","arguments":[]}}
06-06 17:45:32.255 I/System.out(17145): }
06-06 17:45:32.271 I/System.out(17145): URI: //map
06-06 17:45:32.272 I/System.out(17145): params: {json={"query":"android.widget.AbsListView index:0","operation":{"method_name":"query","arguments":[]}}
06-06 17:45:32.272 I/System.out(17145): }
06-06 17:45:32.288 I/System.out(17145): URI: //map
06-06 17:45:32.288 I/System.out(17145): params: {json={"query":"android.widget.AbsListView index:0","operation":{"method_name":"query","arguments":["getFirstVisiblePosition"]}}
06-06 17:45:32.288 I/System.out(17145): }
06-06 17:45:32.301 I/System.out(17145): URI: //map
06-06 17:45:32.302 I/System.out(17145): params: {json={"query":"android.widget.AbsListView index:0","operation":{"method_name":"query","arguments":["getLastVisiblePosition"]}}
06-06 17:45:32.302 I/System.out(17145): }
06-06 17:45:32.315 I/System.out(17145): URI: //map
06-06 17:45:32.315 I/System.out(17145): params: {json={"query":"android.widget.AbsListView index:0","operation":{"method_name":"query","arguments":[{"method_name":"setSelection","arguments":[26]}]}}
06-06 17:45:32.315 I/System.out(17145): }
06-06 17:45:32.333 I/System.out(17145): URI: //map
06-06 17:45:32.333 I/System.out(17145): params: {json={"query":"* marked:'Fuel per year'","operation":{"method_name":"query","arguments":[]}}
06-06 17:45:32.333 I/System.out(17145): }
06-06 17:45:32.366 D/gralloc_ranchu( 1348): gralloc_alloc: Creating ashmem region of size 9023488
06-06 17:45:32.399 W/ResourceType(17145): No package identifier when getting name for resource number 0x00000001
06-06 17:45:32.410 I/System.out(17145): URI: //gesture
06-06 17:45:32.410 I/System.out(17145): params: {json={"query_timeout":5.0,"gestures":[{"query_string":"* marked:'Fuel per year'","touches":[{"x":50,"y":50,"offset_x":0,"offset_y":0,"wait":0.0,"time":0.2,"release":true,"query_string":null}]}]}
06-06 17:45:32.410 I/System.out(17145): }
06-06 17:45:32.414 W/ResourceType(17145): No package identifier when getting name for resource number 0x00000001
06-06 17:45:32.482 V/PhoneStatusBar( 1713): setLightsOn(true)
06-06 17:45:32.483 V/PhoneStatusBar( 1713): setLightsOn(true)
06-06 17:45:32.485 W/OpenGLRenderer( 2106): Incorrectly called buildLayer on View: ShortcutAndWidgetContainer, destroying layer...
06-06 17:45:32.499 I/WindowManager( 1631): Destroying surface Surface(name=com.android.launcher3/com.android.launcher3.Launcher) called by com.android.server.wm.WindowStateAnimator.destroySurface:2016 com.android.server.wm.WindowStateAnimator.destroySurfaceLocked:882 com.android.server.wm.WindowState.destroyOrSaveSurface:2100 com.android.server.wm.AppWindowToken.destroySurfaces:363 com.android.server.wm.AppWindowToken.notifyAppStopped:389 com.android.server.wm.WindowManagerService.notifyAppStopped:4463 com.android.server.am.ActivityStack.activityStoppedLocked:1252 com.android.server.am.ActivityManagerService.activityStopped:6903 
06-06 17:45:32.501 V/PhoneStatusBar( 1713): setLightsOn(true)
06-06 17:45:32.662 I/System.out(17145): URI: //map
06-06 17:45:32.662 I/System.out(17145): params: {json={"query":"* {text CONTAINS[c] 'No chart for this statistic (yet!)'}","operation":{"method_name":"query","arguments":[]}}
06-06 17:45:32.662 I/System.out(17145): }
06-06 17:45:32.701 V/PhoneStatusBar( 1713): setLightsOn(true)
06-06 17:45:32.715 V/PhoneStatusBar( 1713): setLightsOn(true)
06-06 17:45:32.731 D/gralloc_ranchu( 1348): gralloc_alloc: Creating ashmem region of size 327680
06-06 17:45:32.735 V/PhoneStatusBar( 1713): setLightsOn(true)
06-06 17:45:32.748 V/PhoneStatusBar( 1713): setLightsOn(true)
06-06 17:45:33.028 I/System.out(17145): URI: //map
06-06 17:45:33.028 I/System.out(17145): params: {json={"query":"* {text CONTAINS[c] 'No chart for this statistic (yet!)'}","operation":{"method_name":"query","arguments":[]}}
06-06 17:45:33.028 I/System.out(17145): }
