06-05 15:51:41.909 I/WindowManager( 1630): Destroying surface Surface(name=PopupWindow:925d24d) called by com.android.server.wm.WindowStateAnimator.destroySurface:2016 com.android.server.wm.WindowStateAnimator.destroySurfaceLocked:882 com.android.server.wm.WindowState.destroyOrSaveSurface:2100 com.android.server.wm.AppWindowToken.destroySurfaces:363 com.android.server.wm.WindowStateAnimator.finishExit:565 com.android.server.wm.WindowStateAnimator.stepAnimationLocked:491 com.android.server.wm.WindowAnimator.updateWindowsLocked:303 com.android.server.wm.WindowAnimator.animateLocked:704 
06-05 15:51:41.910 V/PhoneStatusBar( 1712): setLightsOn(true)
06-05 15:51:41.911 V/PhoneStatusBar( 1712): setLightsOn(true)
06-05 15:51:41.937 I/System.out(20099): URI: //map
06-05 15:51:41.937 I/System.out(20099): params: {json={"query":"* {text CONTAINS[c] 'Invalid vehicle year'}","operation":{"method_name":"query","arguments":[]}}
06-05 15:51:41.937 I/System.out(20099): }
06-05 15:51:41.950 I/LatinIME( 1697): Starting input. Cursor position = 0,0
06-05 15:51:41.969 I/art     (20099): Compiler allocated 7MB to compile sh.calaba.instrumentationbackend.actions.NanoHTTPD$Response sh.calaba.instrumentationbackend.actions.HttpServer.serve(java.lang.String, java.lang.String, java.util.Properties, java.util.Properties, java.util.Properties)
06-05 15:51:41.992 V/PhoneStatusBar( 1712): setLightsOn(true)
06-05 15:51:41.993 V/PhoneStatusBar( 1712): setLightsOn(true)
06-05 15:51:41.994 W/IInputConnectionWrapper(20099): finishComposingText on inactive InputConnection
06-05 15:51:41.994 W/IInputConnectionWrapper(20099): finishComposingText on inactive InputConnection
06-05 15:51:42.009 D/gralloc_ranchu( 1346): gralloc_alloc: Creating ashmem region of size 278528
06-05 15:51:42.015 V/PhoneStatusBar( 1712): setLightsOn(true)
06-05 15:51:42.016 V/PhoneStatusBar( 1712): setLightsOn(true)
06-05 15:51:42.025 I/System.out(20099): URI: //map
06-05 15:51:42.025 I/System.out(20099): params: {json={"query":"android.widget.EditText index:1","operation":{"method_name":"query","arguments":[]}}
06-05 15:51:42.025 I/System.out(20099): }
06-05 15:51:42.026 V/PhoneStatusBar( 1712): setLightsOn(true)
06-05 15:51:42.043 V/PhoneStatusBar( 1712): setLightsOn(true)
06-05 15:51:42.059 I/System.out(20099): URI: //gesture
06-05 15:51:42.059 I/System.out(20099): params: {json={"query_timeout":5.0,"gestures":[{"query_string":"android.widget.EditText index:1","touches":[{"x":50,"y":50,"offset_x":0,"offset_y":0,"wait":0.0,"time":0.2,"release":true,"query_string":null}]}]}
06-05 15:51:42.060 I/System.out(20099): }
06-05 15:51:42.276 V/PhoneStatusBar( 1712): setLightsOn(true)
06-05 15:51:42.803 I/System.out(20099): URI: //
06-05 15:51:42.803 I/System.out(20099): params: {json={"command":"set_selection","arguments":[-1,-1]}
06-05 15:51:42.803 I/System.out(20099): }
06-05 15:51:42.803 I/System.out(20099): header: {content-type=application/json;charset=utf-8, date=Fri, 05 Jun 2020 20:51:43 GMT, accept=*/*, host=127.0.0.1:34784, content-length=47, user-agent=HTTPClient/1.0 (2.8.3, ruby 2.5.1 (2018-03-29))}
06-05 15:51:42.803 I/System.out(20099): params: {json={"command":"set_selection","arguments":[-1,-1]}
06-05 15:51:42.803 I/System.out(20099): }
06-05 15:51:42.803 I/System.out(20099): ProP json = {"command":"set_selection","arguments":[-1,-1]}
06-05 15:51:42.803 I/System.out(20099): files: {}
06-05 15:51:42.803 I/System.out(20099): command: {"command":"set_selection","arguments":[-1,-1]}
06-05 15:51:42.804 I/InstrumentationBackend(20099): Got command:'Command:'Line:null,set_selection', arguments:'[-1, -1]'
06-05 15:51:42.807 I/System.out(20099): result:{"bonusInformation":[],"message":"","success":true}
06-05 15:51:42.822 I/System.out(20099): URI: //
06-05 15:51:42.822 I/System.out(20099): params: {json={"command":"keyboard_enter_text","arguments":["0"]}
06-05 15:51:42.822 I/System.out(20099): }
06-05 15:51:42.822 I/System.out(20099): header: {content-type=application/json;charset=utf-8, date=Fri, 05 Jun 2020 20:51:43 GMT, accept=*/*, host=127.0.0.1:34784, content-length=51, user-agent=HTTPClient/1.0 (2.8.3, ruby 2.5.1 (2018-03-29))}
06-05 15:51:42.822 I/System.out(20099): params: {json={"command":"keyboard_enter_text","arguments":["0"]}
06-05 15:51:42.822 I/System.out(20099): }
06-05 15:51:42.822 I/System.out(20099): ProP json = {"command":"keyboard_enter_text","arguments":["0"]}
06-05 15:51:42.822 I/System.out(20099): files: {}
06-05 15:51:42.822 I/System.out(20099): command: {"command":"keyboard_enter_text","arguments":["0"]}
06-05 15:51:42.823 I/InstrumentationBackend(20099): Got command:'Command:'Line:null,keyboard_enter_text', arguments:'[0]'
06-05 15:51:42.823 E/SpannableStringBuilder(20099): SPAN_EXCLUSIVE_EXCLUSIVE spans cannot have a zero length
06-05 15:51:42.823 E/SpannableStringBuilder(20099): SPAN_EXCLUSIVE_EXCLUSIVE spans cannot have a zero length
06-05 15:51:42.824 V/PhoneStatusBar( 1712): setLightsOn(true)
06-05 15:51:42.825 E/SpannableStringBuilder(20099): SPAN_EXCLUSIVE_EXCLUSIVE spans cannot have a zero length
06-05 15:51:42.825 E/SpannableStringBuilder(20099): SPAN_EXCLUSIVE_EXCLUSIVE spans cannot have a zero length
06-05 15:51:42.830 I/System.out(20099): result:{"bonusInformation":[],"message":"","success":true}
06-05 15:51:42.837 I/System.out(20099): URI: //map
06-05 15:51:42.837 I/System.out(20099): params: {json={"query":"* marked:'Add new vehicle'","operation":{"method_name":"query","arguments":[]}}
06-05 15:51:42.837 I/System.out(20099): }
06-05 15:51:42.882 W/ResourceType(20099): No package identifier when getting name for resource number 0x00000001
06-05 15:51:42.892 I/System.out(20099): URI: //gesture
06-05 15:51:42.892 I/System.out(20099): params: {json={"query_timeout":5.0,"gestures":[{"query_string":"* marked:'Add new vehicle'","touches":[{"x":50,"y":50,"offset_x":0,"offset_y":0,"wait":0.0,"time":0.2,"release":true,"query_string":null}]}]}
06-05 15:51:42.892 I/System.out(20099): }
06-05 15:51:42.897 W/ResourceType(20099): No package identifier when getting name for resource number 0x00000001
06-05 15:51:43.076 I/WindowManager( 1630): Destroying surface Surface(name=PopupWindow:53c7e17) called by com.android.server.wm.WindowStateAnimator.destroySurface:2016 com.android.server.wm.WindowStateAnimator.destroySurfaceLocked:882 com.android.server.wm.WindowState.destroyOrSaveSurface:2100 com.android.server.wm.AppWindowToken.destroySurfaces:363 com.android.server.wm.WindowStateAnimator.finishExit:565 com.android.server.wm.WindowStateAnimator.stepAnimationLocked:491 com.android.server.wm.WindowAnimator.updateWindowsLocked:303 com.android.server.wm.WindowAnimator.animateLocked:704 
06-05 15:51:43.077 V/PhoneStatusBar( 1712): setLightsOn(true)
06-05 15:51:43.078 V/PhoneStatusBar( 1712): setLightsOn(true)
06-05 15:51:43.134 I/System.out(20099): URI: //map
06-05 15:51:43.134 I/System.out(20099): params: {json={"query":"* {text CONTAINS[c] 'Invalid vehicle make'}","operation":{"method_name":"query","arguments":[]}}
06-05 15:51:43.134 I/System.out(20099): }
06-05 15:51:43.149 I/LatinIME( 1697): Starting input. Cursor position = 0,0
06-05 15:51:43.179 V/PhoneStatusBar( 1712): setLightsOn(true)
06-05 15:51:43.193 V/PhoneStatusBar( 1712): setLightsOn(true)
06-05 15:51:43.194 W/IInputConnectionWrapper(20099): finishComposingText on inactive InputConnection
06-05 15:51:43.209 D/gralloc_ranchu( 1346): gralloc_alloc: Creating ashmem region of size 294912
06-05 15:51:43.214 V/PhoneStatusBar( 1712): setLightsOn(true)
06-05 15:51:43.215 V/PhoneStatusBar( 1712): setLightsOn(true)
06-05 15:51:43.224 I/System.out(20099): URI: //map
06-05 15:51:43.225 I/System.out(20099): params: {json={"query":"android.widget.EditText index:2","operation":{"method_name":"query","arguments":[]}}
06-05 15:51:43.225 I/System.out(20099): }
06-05 15:51:43.226 V/PhoneStatusBar( 1712): setLightsOn(true)
06-05 15:51:43.243 V/PhoneStatusBar( 1712): setLightsOn(true)
06-05 15:51:43.255 I/System.out(20099): URI: //gesture
06-05 15:51:43.255 I/System.out(20099): params: {json={"query_timeout":5.0,"gestures":[{"query_string":"android.widget.EditText index:2","touches":[{"x":50,"y":50,"offset_x":0,"offset_y":0,"wait":0.0,"time":0.2,"release":true,"query_string":null}]}]}
06-05 15:51:43.255 I/System.out(20099): }
06-05 15:51:43.477 V/PhoneStatusBar( 1712): setLightsOn(true)
06-05 15:51:44.006 I/System.out(20099): URI: //
06-05 15:51:44.006 I/System.out(20099): params: {json={"command":"set_selection","arguments":[-1,-1]}
06-05 15:51:44.006 I/System.out(20099): }
06-05 15:51:44.006 I/System.out(20099): header: {content-type=application/json;charset=utf-8, date=Fri, 05 Jun 2020 20:51:44 GMT, accept=*/*, host=127.0.0.1:34784, content-length=47, user-agent=HTTPClient/1.0 (2.8.3, ruby 2.5.1 (2018-03-29))}
06-05 15:51:44.006 I/System.out(20099): params: {json={"command":"set_selection","arguments":[-1,-1]}
06-05 15:51:44.006 I/System.out(20099): }
06-05 15:51:44.006 I/System.out(20099): ProP json = {"command":"set_selection","arguments":[-1,-1]}
06-05 15:51:44.006 I/System.out(20099): files: {}
06-05 15:51:44.006 I/System.out(20099): command: {"command":"set_selection","arguments":[-1,-1]}
06-05 15:51:44.009 I/InstrumentationBackend(20099): Got command:'Command:'Line:null,set_selection', arguments:'[-1, -1]'
06-05 15:51:44.014 I/System.out(20099): result:{"bonusInformation":[],"message":"","success":true}
06-05 15:51:44.040 I/System.out(20099): URI: //
06-05 15:51:44.041 I/System.out(20099): params: {json={"command":"keyboard_enter_text","arguments":["Test"]}
06-05 15:51:44.041 I/System.out(20099): }
06-05 15:51:44.041 I/System.out(20099): header: {content-type=application/json;charset=utf-8, date=Fri, 05 Jun 2020 20:51:44 GMT, accept=*/*, host=127.0.0.1:34784, content-length=54, user-agent=HTTPClient/1.0 (2.8.3, ruby 2.5.1 (2018-03-29))}
06-05 15:51:44.041 I/System.out(20099): params: {json={"command":"keyboard_enter_text","arguments":["Test"]}
06-05 15:51:44.041 I/System.out(20099): }
06-05 15:51:44.041 I/System.out(20099): ProP json = {"command":"keyboard_enter_text","arguments":["Test"]}
06-05 15:51:44.041 I/System.out(20099): files: {}
06-05 15:51:44.041 I/System.out(20099): command: {"command":"keyboard_enter_text","arguments":["Test"]}
06-05 15:51:44.042 I/InstrumentationBackend(20099): Got command:'Command:'Line:null,keyboard_enter_text', arguments:'[Test]'
06-05 15:51:44.042 E/SpannableStringBuilder(20099): SPAN_EXCLUSIVE_EXCLUSIVE spans cannot have a zero length
06-05 15:51:44.042 E/SpannableStringBuilder(20099): SPAN_EXCLUSIVE_EXCLUSIVE spans cannot have a zero length
06-05 15:51:44.045 V/PhoneStatusBar( 1712): setLightsOn(true)
06-05 15:51:44.047 E/SpannableStringBuilder(20099): SPAN_EXCLUSIVE_EXCLUSIVE spans cannot have a zero length
06-05 15:51:44.047 E/SpannableStringBuilder(20099): SPAN_EXCLUSIVE_EXCLUSIVE spans cannot have a zero length
06-05 15:51:44.052 I/System.out(20099): result:{"bonusInformation":[],"message":"","success":true}
06-05 15:51:44.056 I/System.out(20099): URI: //map
06-05 15:51:44.056 I/System.out(20099): params: {json={"query":"* marked:'Add new vehicle'","operation":{"method_name":"query","arguments":[]}}
06-05 15:51:44.056 I/System.out(20099): }
06-05 15:51:44.092 W/ResourceType(20099): No package identifier when getting name for resource number 0x00000001
06-05 15:51:44.107 I/System.out(20099): URI: //gesture
06-05 15:51:44.107 I/System.out(20099): params: {json={"query_timeout":5.0,"gestures":[{"query_string":"* marked:'Add new vehicle'","touches":[{"x":50,"y":50,"offset_x":0,"offset_y":0,"wait":0.0,"time":0.2,"release":true,"query_string":null}]}]}
06-05 15:51:44.107 I/System.out(20099): }
06-05 15:51:44.115 W/ResourceType(20099): No package identifier when getting name for resource number 0x00000001
06-05 15:51:44.309 I/WindowManager( 1630): Destroying surface Surface(name=PopupWindow:48c67fb) called by com.android.server.wm.WindowStateAnimator.destroySurface:2016 com.android.server.wm.WindowStateAnimator.destroySurfaceLocked:882 com.android.server.wm.WindowState.destroyOrSaveSurface:2100 com.android.server.wm.AppWindowToken.destroySurfaces:363 com.android.server.wm.WindowStateAnimator.finishExit:565 com.android.server.wm.WindowStateAnimator.stepAnimationLocked:491 com.android.server.wm.WindowAnimator.updateWindowsLocked:303 com.android.server.wm.WindowAnimator.animateLocked:704 
06-05 15:51:44.310 V/PhoneStatusBar( 1712): setLightsOn(true)
06-05 15:51:44.311 V/PhoneStatusBar( 1712): setLightsOn(true)
06-05 15:51:44.372 I/System.out(20099): URI: //map
06-05 15:51:44.372 I/System.out(20099): params: {json={"query":"* {text CONTAINS[c] 'Invalid vehicle model'}","operation":{"method_name":"query","arguments":[]}}
06-05 15:51:44.372 I/System.out(20099): }
06-05 15:51:44.379 I/LatinIME( 1697): Starting input. Cursor position = 0,0
06-05 15:51:44.411 V/PhoneStatusBar( 1712): setLightsOn(true)
06-05 15:51:44.426 V/PhoneStatusBar( 1712): setLightsOn(true)
06-05 15:51:44.427 W/IInputConnectionWrapper(20099): finishComposingText on inactive InputConnection
06-05 15:51:44.427 W/IInputConnectionWrapper(20099): finishComposingText on inactive InputConnection
06-05 15:51:44.442 D/gralloc_ranchu( 1346): gralloc_alloc: Creating ashmem region of size 303104
06-05 15:51:44.448 V/PhoneStatusBar( 1712): setLightsOn(true)
06-05 15:51:44.449 V/PhoneStatusBar( 1712): setLightsOn(true)
06-05 15:51:44.460 V/PhoneStatusBar( 1712): setLightsOn(true)
