--------- beginning of system
06-05 23:01:06.643 W/ActivityManager( 1631): Finishing task with all activities already finished
06-05 23:01:06.643 W/ActivityManager( 1631): Duplicate finish request for ActivityRecord{1946762 u0 com.evancharlton.mileage/.Mileage t9028 f}
--------- beginning of main
06-05 23:01:06.650 V/PhoneStatusBar( 1712): setLightsOn(true)
06-05 23:01:06.652 D/gralloc_ranchu( 1347): gralloc_alloc: Creating ashmem region of size 3145728
06-05 23:01:06.656 E/EGL_emulation( 1347): tid 1347: eglCreateSyncKHR(1901): error 0x3004 (EGL_BAD_ATTRIBUTE)
06-05 23:01:06.669 W/ActivityManager( 1631): Finishing task with all activities already finished
06-05 23:01:06.669 W/ActivityManager( 1631): Duplicate finish request for ActivityRecord{1946762 u0 com.evancharlton.mileage/.Mileage t9028 f}
06-05 23:01:06.669 W/ActivityManager( 1631): Finishing task with all activities already finished
06-05 23:01:06.669 W/ActivityManager( 1631): Duplicate finish request for ActivityRecord{1946762 u0 com.evancharlton.mileage/.Mileage t9028 f}
06-05 23:01:06.669 W/ActivityManager( 1631): Finishing task with all activities already finished
06-05 23:01:06.669 W/ActivityManager( 1631): Duplicate finish request for ActivityRecord{1946762 u0 com.evancharlton.mileage/.Mileage t9028 f}
06-05 23:01:06.669 W/ActivityManager( 1631): Finishing task with all activities already finished
06-05 23:01:06.669 W/ActivityManager( 1631): Duplicate finish request for ActivityRecord{1946762 u0 com.evancharlton.mileage/.Mileage t9028 f}
06-05 23:01:06.669 W/ActivityManager( 1631): Finishing task with all activities already finished
06-05 23:01:06.669 W/ActivityManager( 1631): Duplicate finish request for ActivityRecord{8f3153c u0 com.evancharlton.mileage/.charts.MaximumVolumeChart t9028 f}
06-05 23:01:06.669 W/ActivityManager( 1631): Finishing task with all activities already finished
06-05 23:01:06.669 W/ActivityManager( 1631): Duplicate finish request for ActivityRecord{8f3153c u0 com.evancharlton.mileage/.charts.MaximumVolumeChart t9028 f}
06-05 23:01:06.670 W/ActivityManager( 1631): Finishing task with all activities already finished
06-05 23:01:06.670 W/ActivityManager( 1631): Duplicate finish request for ActivityRecord{1946762 u0 com.evancharlton.mileage/.Mileage t9028 f}
06-05 23:01:06.670 W/ActivityManager( 1631): Finishing task with all activities already finished
06-05 23:01:06.670 W/ActivityManager( 1631): Duplicate finish request for ActivityRecord{1946762 u0 com.evancharlton.mileage/.Mileage t9028 f}
06-05 23:01:06.701 D/EGL_emulation( 2076): eglMakeCurrent: 0xb0685360: ver 2 0 (tinfo 0xb06836b0)
06-05 23:01:06.735 D/EGL_emulation( 1712): eglMakeCurrent: 0xb0685360: ver 2 0 (tinfo 0xb06836c0)
06-05 23:01:06.750 D/EGL_emulation( 1712): eglMakeCurrent: 0xb0685360: ver 2 0 (tinfo 0xb06836c0)
06-05 23:01:06.752 D/EGL_emulation( 1712): eglMakeCurrent: 0xb0685360: ver 2 0 (tinfo 0xb06836c0)
06-05 23:01:06.767 D/EGL_emulation( 1712): eglMakeCurrent: 0xb0685360: ver 2 0 (tinfo 0xb06836c0)
06-05 23:01:06.772 D/EGL_emulation( 1712): eglMakeCurrent: 0xb0685360: ver 2 0 (tinfo 0xb06836c0)
06-05 23:01:06.784 D/EGL_emulation( 1712): eglMakeCurrent: 0xb0685360: ver 2 0 (tinfo 0xb06836c0)
06-05 23:01:06.786 D/EGL_emulation( 1712): eglMakeCurrent: 0xb0685360: ver 2 0 (tinfo 0xb06836c0)
06-05 23:01:06.794 D/AndroidRuntime(13634): >>>>>> START com.android.internal.os.RuntimeInit uid 2000 <<<<<<
06-05 23:01:06.795 D/AndroidRuntime(13634): CheckJNI is ON
06-05 23:01:06.800 D/EGL_emulation( 1712): eglMakeCurrent: 0xb0685360: ver 2 0 (tinfo 0xb06836c0)
06-05 23:01:06.802 D/EGL_emulation( 1712): eglMakeCurrent: 0xb0685360: ver 2 0 (tinfo 0xb06836c0)
06-05 23:01:06.810 W/art     (13634): Unexpected CPU variant for X86 using defaults: x86
06-05 23:01:06.812 D/ICU     (13634): No timezone override file found: /data/misc/zoneinfo/current/icu/icu_tzdata.dat
06-05 23:01:06.817 D/EGL_emulation( 1712): eglMakeCurrent: 0xb0685360: ver 2 0 (tinfo 0xb06836c0)
06-05 23:01:06.819 D/EGL_emulation( 1712): eglMakeCurrent: 0xb0685360: ver 2 0 (tinfo 0xb06836c0)
06-05 23:01:06.822 E/memtrack(13634): Couldn't load memtrack module (No such file or directory)
06-05 23:01:06.822 E/android.os.Debug(13634): failed to load memtrack module: -2
06-05 23:01:06.823 I/Radio-JNI(13634): register_android_hardware_Radio DONE
06-05 23:01:06.827 D/AndroidRuntime(13634): Calling main entry com.android.commands.am.Am
06-05 23:01:06.828 I/ActivityManager( 1631): Force stopping com.evancharlton.mileage appid=10326 user=0: start instr
06-05 23:01:06.828 I/ActivityManager( 1631): Killing 13583:com.evancharlton.mileage/u0a326 (adj 0): stop com.evancharlton.mileage
06-05 23:01:06.828 D/ActivityManager( 1631): cleanUpApplicationRecord -- 13583
06-05 23:01:06.829 I/WindowManager( 1631): Destroying surface Surface(name=com.evancharlton.mileage/com.evancharlton.mileage.charts.MaximumVolumeChart) called by com.android.server.wm.WindowStateAnimator.destroySurface:2016 com.android.server.wm.WindowStateAnimator.destroySurfaceLocked:882 com.android.server.wm.WindowState.removeLocked:1456 com.android.server.wm.WindowManagerService.removeWindowInnerLocked:2484 com.android.server.wm.WindowManagerService.removeWindowLocked:2442 com.android.server.wm.WindowManagerService.removeWindowLocked:2311 com.android.server.wm.AppWindowToken.removeAllWindows:530 com.android.server.wm.AppWindowToken.removeAppFromTaskLocked:326 
06-05 23:01:06.830 W/ActivityManager( 1631): Crash of app com.evancharlton.mileage running instrumentation ComponentInfo{com.evancharlton.mileage.test/sh.calaba.instrumentationbackend.CalabashInstrumentationTestRunner}
06-05 23:01:06.830 I/ActivityManager( 1631): Force stopping com.evancharlton.mileage appid=10326 user=0: finished inst
06-05 23:01:06.834 D/EGL_emulation( 1712): eglMakeCurrent: 0xb0685360: ver 2 0 (tinfo 0xb06836c0)
06-05 23:01:06.834 I/art     (13644): Not late-enabling -Xcheck:jni (already on)
06-05 23:01:06.834 W/art     (13644): Unexpected CPU variant for X86 using defaults: x86
06-05 23:01:06.836 D/EGL_emulation( 1712): eglMakeCurrent: 0xb0685360: ver 2 0 (tinfo 0xb06836c0)
06-05 23:01:06.842 I/ActivityManager( 1631): Start proc 13644:com.evancharlton.mileage/u0a326 for added application com.evancharlton.mileage
06-05 23:01:06.842 D/AndroidRuntime(13634): Shutting down VM
06-05 23:01:06.846 W/System  (13644): ClassLoader referenced unknown path: /data/app/com.evancharlton.mileage.test-1/lib/x86
06-05 23:01:06.846 W/System  (13644): ClassLoader referenced unknown path: /data/app/com.evancharlton.mileage-1/lib/x86
06-05 23:01:06.848 W/System  (13644): ClassLoader referenced unknown path: 
06-05 23:01:06.850 D/EGL_emulation( 1712): eglMakeCurrent: 0xb0685360: ver 2 0 (tinfo 0xb06836c0)
06-05 23:01:06.852 D/EGL_emulation( 1712): eglMakeCurrent: 0xb0685360: ver 2 0 (tinfo 0xb06836c0)
06-05 23:01:06.853 I/System.out(13644): Main activity name automatically set to: com.evancharlton.mileage.Mileage
06-05 23:01:06.854 I/System.out(13644): Calabash did not load Mono. This is only a problem if you are trying to test a Mono application
06-05 23:01:06.854 I/calabash(13644): Test server port: 7102
06-05 23:01:06.854 I/InstrumentationBackend(13644): Added:'GetPreferences', with key:'get_preferences'
06-05 23:01:06.859 I/InstrumentationBackend(13644): Added:'SetPreferences', with key:'set_preferences'
06-05 23:01:06.859 I/InstrumentationBackend(13644): Added:'ClearPreferences', with key:'clear_preferences'
06-05 23:01:06.859 I/InstrumentationBackend(13644): Added:'PressElement', with key:'press_l10n_element'
06-05 23:01:06.859 I/InstrumentationBackend(13644): Added:'WaitForElement', with key:'wait_for_l10n_element'
06-05 23:01:06.859 I/InstrumentationBackend(13644): Added:'NullAction', with key:'nullAction'
06-05 23:01:06.859 I/InstrumentationBackend(13644): Added:'PressKey', with key:'press_key'
06-05 23:01:06.859 I/InstrumentationBackend(13644): Added:'SetActivityOrientation', with key:'set_activity_orientation'
06-05 23:01:06.859 I/InstrumentationBackend(13644): Added:'GetActivityOrientation', with key:'get_activity_orientation'
06-05 23:01:06.859 I/InstrumentationBackend(13644): Added:'FakeGPSLocation', with key:'set_gps_coordinates'
06-05 23:01:06.859 I/InstrumentationBackend(13644): Added:'SetPropertyByCssSelector', with key:'set_property_by_css_selector'
06-05 23:01:06.859 I/InstrumentationBackend(13644): Added:'GetUrl', with key:'get_url'
06-05 23:01:06.859 I/InstrumentationBackend(13644): Added:'ScrollTo', with key:'scroll_to'
06-05 23:01:06.859 I/InstrumentationBackend(13644): Added:'GetLoadProgress', with key:'get_load_progress'
06-05 23:01:06.860 I/InstrumentationBackend(13644): Added:'DumpHtml', with key:'dump_html'
06-05 23:01:06.860 I/InstrumentationBackend(13644): Added:'DumpBodyHtml', with key:'dump_body_html'
06-05 23:01:06.860 I/InstrumentationBackend(13644): Added:'EnterTextByCssSelector', with key:'enter_text_by_selector'
06-05 23:01:06.860 I/InstrumentationBackend(13644): Added:'AndroidSDKVersion', with key:'android_sdk_version'
06-05 23:01:06.860 I/InstrumentationBackend(13644): Added:'Version', with key:'version'
06-05 23:01:06.860 I/InstrumentationBackend(13644): Added:'Drag', with key:'drag'
06-05 23:01:06.860 I/InstrumentationBackend(13644): Added:'TouchCoordinates', with key:'touch_coordinate'
06-05 23:01:06.860 I/InstrumentationBackend(13644): Added:'LongPressCoordinate', with key:'long_press_coordinate'
06-05 23:01:06.860 I/InstrumentationBackend(13644): Added:'DragCoordinates', with key:'drag_coordinates'
06-05 23:01:06.860 I/InstrumentationBackend(13644): Added:'ResumeApplication', with key:'resume_application'
06-05 23:01:06.861 I/InstrumentationBackend(13644): Added:'Swipe', with key:'swipe'
06-05 23:01:06.861 I/InstrumentationBackend(13644): Added:'DoubleTapCoordinate', with key:'double_tap_coordinate'
06-05 23:01:06.861 I/InstrumentationBackend(13644): Added:'ClickOnScreen', with key:'click_on_screen'
06-05 23:01:06.861 I/InstrumentationBackend(13644): Added:'GetActivityName', with key:'get_activity_name'
06-05 23:01:06.861 I/InstrumentationBackend(13644): Added:'ScrollToView', with key:'scroll_to_view'
06-05 23:01:06.861 I/InstrumentationBackend(13644): Added:'ViewConfiguration', with key:'view_configuration'
06-05 23:01:06.861 I/InstrumentationBackend(13644): Added:'IsCurrentActivityFocused', with key:'is_current_activity_focused'
06-05 23:01:06.861 I/InstrumentationBackend(13644): Added:'SendTcp', with key:'send_tcp'
06-05 23:01:06.861 I/InstrumentationBackend(13644): Added:'DpToDevicePixel', with key:'dp_to_device_pixel'
06-05 23:01:06.861 I/InstrumentationBackend(13644): Added:'KeyboardEnterText', with key:'keyboard_enter_text'
06-05 23:01:06.861 I/InstrumentationBackend(13644): Added:'DeleteSurroundingText', with key:'delete_surrounding_text'
06-05 23:01:06.861 I/InstrumentationBackend(13644): Added:'SetComposingRegion', with key:'set_composing_region'
06-05 23:01:06.861 I/InstrumentationBackend(13644): Added:'SetSelection', with key:'set_selection'
06-05 23:01:06.861 I/InstrumentationBackend(13644): Added:'KeyboardKeyEvent', with key:'keyboard_key_event'
06-05 23:01:06.861 I/InstrumentationBackend(13644): Added:'PressUserActionButton', with key:'press_user_action_button'
06-05 23:01:06.862 I/InstrumentationBackend(13644): Added:'HideSoftKeyboard', with key:'hide_soft_keyboard'
06-05 23:01:06.862 I/InstrumentationBackend(13644): Added:'ListActions', with key:'list_actions'
06-05 23:01:06.862 I/calabash(13644): Instantiating http server at 7102
06-05 23:01:06.862 I/System.out(13644): HTTP Daemon listening on: 7102
06-05 23:01:06.863 I/WindowManager( 1631): WIN DEATH: Window{1135a55 u0 com.evancharlton.mileage/com.evancharlton.mileage.Mileage EXITING}
06-05 23:01:06.877 D/EGL_emulation( 1712): eglMakeCurrent: 0xb0685360: ver 2 0 (tinfo 0xb06836c0)
06-05 23:01:06.881 D/EGL_emulation( 1712): eglMakeCurrent: 0xb0685360: ver 2 0 (tinfo 0xb06836c0)
06-05 23:01:06.883 D/EGL_emulation( 1712): eglMakeCurrent: 0xb0685360: ver 2 0 (tinfo 0xb06836c0)
06-05 23:01:06.885 D/EGL_emulation( 1712): eglMakeCurrent: 0xb0685360: ver 2 0 (tinfo 0xb06836c0)
06-05 23:01:06.900 D/EGL_emulation( 1712): eglMakeCurrent: 0xb0685360: ver 2 0 (tinfo 0xb06836c0)
06-05 23:01:06.902 D/EGL_emulation( 1712): eglMakeCurrent: 0xb0685360: ver 2 0 (tinfo 0xb06836c0)
06-05 23:01:06.918 D/EGL_emulation( 1712): eglMakeCurrent: 0xb0685360: ver 2 0 (tinfo 0xb06836c0)
06-05 23:01:06.951 I/System.out(13644): URI: //ping
06-05 23:01:06.951 I/System.out(13644): params: {json={}
06-05 23:01:06.951 I/System.out(13644): }
06-05 23:01:06.954 I/System.out(13644): URI: //ping
06-05 23:01:06.954 I/System.out(13644): params: {json={}
06-05 23:01:06.954 I/System.out(13644): }
06-05 23:01:06.956 I/System.out(13644): URI: //ready
06-05 23:01:06.956 I/System.out(13644): params: {json={}
06-05 23:01:06.956 I/System.out(13644): }
06-05 23:01:06.957 I/System.out(13644): URI: //
06-05 23:01:06.957 I/System.out(13644): params: {json={"command":"version","arguments":[]}
06-05 23:01:06.957 I/System.out(13644): }
06-05 23:01:06.957 I/System.out(13644): header: {content-type=application/json;charset=utf-8, date=Sat, 06 Jun 2020 04:01:07 GMT, accept=*/*, host=127.0.0.1:34777, content-length=36, user-agent=HTTPClient/1.0 (2.8.3, ruby 2.5.1 (2018-03-29))}
06-05 23:01:06.957 I/System.out(13644): params: {json={"command":"version","arguments":[]}
06-05 23:01:06.957 I/System.out(13644): }
06-05 23:01:06.957 I/System.out(13644): ProP json = {"command":"version","arguments":[]}
06-05 23:01:06.957 I/System.out(13644): files: {}
06-05 23:01:06.957 I/System.out(13644): command: {"command":"version","arguments":[]}
06-05 23:01:06.960 I/InstrumentationBackend(13644): Got command:'Command:'Line:null,version', arguments:'[]'
06-05 23:01:06.967 I/System.out(13644): result:{"bonusInformation":[],"message":"0.9.8","success":true}
06-05 23:01:06.969 I/System.out(13644): URI: //start-application
06-05 23:01:06.969 I/System.out(13644): params: {json={"intent":null}
06-05 23:01:06.969 I/System.out(13644): }
06-05 23:01:06.978 I/ActivityManager( 1631): START u0 {act=android.intent.action.MAIN cat=[android.intent.category.LAUNCHER] flg=0x10200000 cmp=com.evancharlton.mileage/.Mileage} from uid 10326 on display 0
06-05 23:01:06.984 I/calabash(13644): newActivity1
06-05 23:01:06.996 I/calabash(13644): newActivity1
06-05 23:01:06.998 W/ActivityManager( 1631): Bad activity token: android.os.BinderProxy@7653921
06-05 23:01:06.998 W/ActivityManager( 1631): java.lang.ClassCastException: android.os.BinderProxy cannot be cast to com.android.server.am.ActivityRecord$Token
06-05 23:01:06.998 W/ActivityManager( 1631): 	at com.android.server.am.ActivityRecord.forTokenLocked(ActivityRecord.java:586)
06-05 23:01:06.998 W/ActivityManager( 1631): 	at com.android.server.am.ActivityRecord.isInStackLocked(ActivityRecord.java:1327)
06-05 23:01:06.998 W/ActivityManager( 1631): 	at com.android.server.am.ActivityRecord.getStackLocked(ActivityRecord.java:1332)
06-05 23:01:06.998 W/ActivityManager( 1631): 	at com.android.server.am.ActivityManagerService.getActivityDisplayId(ActivityManagerService.java:9806)
06-05 23:01:06.998 W/ActivityManager( 1631): 	at android.app.ActivityManagerNative.onTransact(ActivityManagerNative.java:2566)
06-05 23:01:06.998 W/ActivityManager( 1631): 	at com.android.server.am.ActivityManagerService.onTransact(ActivityManagerService.java:2757)
06-05 23:01:06.998 W/ActivityManager( 1631): 	at android.os.Binder.execTransact(Binder.java:565)
06-05 23:01:07.001 W/ActivityManager( 1631): Bad activity token: android.os.BinderProxy@7653921
06-05 23:01:07.001 W/ActivityManager( 1631): java.lang.ClassCastException: android.os.BinderProxy cannot be cast to com.android.server.am.ActivityRecord$Token
06-05 23:01:07.001 W/ActivityManager( 1631): 	at com.android.server.am.ActivityRecord.forTokenLocked(ActivityRecord.java:586)
06-05 23:01:07.001 W/ActivityManager( 1631): 	at com.android.server.am.ActivityRecord.isInStackLocked(ActivityRecord.java:1327)
06-05 23:01:07.001 W/ActivityManager( 1631): 	at com.android.server.am.ActivityManagerService.setTaskDescription(ActivityManagerService.java:9358)
06-05 23:01:07.001 W/ActivityManager( 1631): 	at android.app.ActivityManagerNative.onTransact(ActivityManagerNative.java:2639)
06-05 23:01:07.001 W/ActivityManager( 1631): 	at com.android.server.am.ActivityManagerService.onTransact(ActivityManagerService.java:2757)
06-05 23:01:07.001 W/ActivityManager( 1631): 	at android.os.Binder.execTransact(Binder.java:565)
06-05 23:01:07.001 D/gralloc_ranchu( 1347): gralloc_alloc: Creating ashmem region of size 9023488
06-05 23:01:07.001 W/ActivityManager( 1631): Bad activity token: android.os.BinderProxy@7653921
06-05 23:01:07.001 W/ActivityManager( 1631): java.lang.ClassCastException: android.os.BinderProxy cannot be cast to com.android.server.am.ActivityRecord$Token
06-05 23:01:07.001 W/ActivityManager( 1631): 	at com.android.server.am.ActivityRecord.forTokenLocked(ActivityRecord.java:586)
06-05 23:01:07.001 W/ActivityManager( 1631): 	at com.android.server.am.ActivityRecord.isInStackLocked(ActivityRecord.java:1327)
06-05 23:01:07.001 W/ActivityManager( 1631): 	at com.android.server.am.ActivityRecord.getStackLocked(ActivityRecord.java:1332)
06-05 23:01:07.001 W/ActivityManager( 1631): 	at com.android.server.am.ActivityManagerService.getActivityStackId(ActivityManagerService.java:9817)
06-05 23:01:07.001 W/ActivityManager( 1631): 	at android.app.ActivityManagerNative.onTransact(ActivityManagerNative.java:2856)
06-05 23:01:07.001 W/ActivityManager( 1631): 	at com.android.server.am.ActivityManagerService.onTransact(ActivityManagerService.java:2757)
06-05 23:01:07.001 W/ActivityManager( 1631): 	at android.os.Binder.execTransact(Binder.java:565)
06-05 23:01:07.024 W/ActivityManager( 1631): Bad activity token: android.os.BinderProxy@7653921
06-05 23:01:07.024 W/ActivityManager( 1631): java.lang.ClassCastException: android.os.BinderProxy cannot be cast to com.android.server.am.ActivityRecord$Token
06-05 23:01:07.024 W/ActivityManager( 1631): 	at com.android.server.am.ActivityRecord.forTokenLocked(ActivityRecord.java:586)
06-05 23:01:07.024 W/ActivityManager( 1631): 	at com.android.server.am.ActivityRecord.isInStackLocked(ActivityRecord.java:1327)
06-05 23:01:07.024 W/ActivityManager( 1631): 	at com.android.server.am.ActivityManagerService.getActivityOptions(ActivityManagerService.java:12559)
06-05 23:01:07.024 W/ActivityManager( 1631): 	at android.app.ActivityManagerNative.onTransact(ActivityManagerNative.java:1933)
06-05 23:01:07.024 W/ActivityManager( 1631): 	at com.android.server.am.ActivityManagerService.onTransact(ActivityManagerService.java:2757)
06-05 23:01:07.024 W/ActivityManager( 1631): 	at android.os.Binder.execTransact(Binder.java:565)
06-05 23:01:07.024 W/ActivityManager( 1631): Bad activity token: android.os.BinderProxy@7653921
06-05 23:01:07.024 W/ActivityManager( 1631): java.lang.ClassCastException: android.os.BinderProxy cannot be cast to com.android.server.am.ActivityRecord$Token
06-05 23:01:07.024 W/ActivityManager( 1631): 	at com.android.server.am.ActivityRecord.forTokenLocked(ActivityRecord.java:586)
06-05 23:01:07.024 W/ActivityManager( 1631): 	at com.android.server.am.ActivityRecord.isInStackLocked(ActivityRecord.java:1327)
06-05 23:01:07.024 W/ActivityManager( 1631): 	at com.android.server.am.ActivityManagerService.getActivityOptions(ActivityManagerService.java:12559)
06-05 23:01:07.024 W/ActivityManager( 1631): 	at android.app.ActivityManagerNative.onTransact(ActivityManagerNative.java:1933)
06-05 23:01:07.024 W/ActivityManager( 1631): 	at com.android.server.am.ActivityManagerService.onTransact(ActivityManagerService.java:2757)
06-05 23:01:07.024 W/ActivityManager( 1631): 	at android.os.Binder.execTransact(Binder.java:565)
06-05 23:01:07.028 V/PhoneStatusBar( 1712): setLightsOn(true)
06-05 23:01:07.034 D/EGL_emulation( 2076): eglMakeCurrent: 0xb0685360: ver 2 0 (tinfo 0xb06836b0)
06-05 23:01:07.034 D/EGL_emulation( 1712): eglMakeCurrent: 0xb0685360: ver 2 0 (tinfo 0xb06836c0)
06-05 23:01:07.050 D/gralloc_ranchu( 1347): gralloc_alloc: Creating ashmem region of size 9023488
06-05 23:01:07.050 D/EGL_emulation( 1712): eglMakeCurrent: 0xb0685360: ver 2 0 (tinfo 0xb06836c0)
06-05 23:01:07.055 D/        (13644): HostConnection::get() New Host Connection established 0x9421f040, tid 13644
06-05 23:01:07.055 D/EGL_emulation( 1712): eglMakeCurrent: 0xb0685360: ver 2 0 (tinfo 0xb06836c0)
06-05 23:01:07.056 V/PhoneStatusBar( 1712): setLightsOn(true)
06-05 23:01:07.096 D/EGL_emulation( 1712): eglMakeCurrent: 0xb0685360: ver 2 0 (tinfo 0xb06836c0)
06-05 23:01:07.102 D/EGL_emulation( 1712): eglMakeCurrent: 0xb0685360: ver 2 0 (tinfo 0xb06836c0)
06-05 23:01:07.103 D/EGL_emulation( 1712): eglMakeCurrent: 0xb0685360: ver 2 0 (tinfo 0xb06836c0)
06-05 23:01:07.105 D/EGL_emulation( 1712): eglMakeCurrent: 0xb0685360: ver 2 0 (tinfo 0xb06836c0)
06-05 23:01:07.121 D/EGL_emulation( 1712): eglMakeCurrent: 0xb0685360: ver 2 0 (tinfo 0xb06836c0)
06-05 23:01:07.123 D/EGL_emulation( 1712): eglMakeCurrent: 0xb0685360: ver 2 0 (tinfo 0xb06836c0)
06-05 23:01:07.133 I/WindowManager( 1631): Destroying surface Surface(name=com.evancharlton.mileage/com.evancharlton.mileage.Mileage) called by com.android.server.wm.WindowStateAnimator.destroySurface:2016 com.android.server.wm.WindowStateAnimator.destroySurfaceLocked:882 com.android.server.wm.WindowState.removeLocked:1456 com.android.server.wm.WindowManagerService.removeWindowInnerLocked:2484 com.android.server.wm.AppWindowToken.destroySurfaces:365 com.android.server.wm.WindowStateAnimator.finishExit:565 com.android.server.wm.AppWindowAnimator.stepAnimationLocked:427 com.android.server.wm.WindowAnimator.updateAppWindowsLocked:196 
06-05 23:01:07.134 D/EGL_emulation( 1712): eglMakeCurrent: 0xb0685360: ver 2 0 (tinfo 0xb06836c0)
06-05 23:01:07.136 D/EGL_emulation( 1712): eglMakeCurrent: 0xb0685360: ver 2 0 (tinfo 0xb06836c0)
06-05 23:01:07.150 I/ActivityManager( 1631): Displayed com.evancharlton.mileage/.Mileage: +169ms
06-05 23:01:07.151 D/gralloc_ranchu( 1347): gralloc_alloc: Creating ashmem region of size 9023488
06-05 23:01:07.151 D/EGL_emulation( 1712): eglMakeCurrent: 0xb0685360: ver 2 0 (tinfo 0xb06836c0)
06-05 23:01:07.159 D/EGL_emulation( 1712): eglMakeCurrent: 0xb0685360: ver 2 0 (tinfo 0xb06836c0)
06-05 23:01:07.169 D/EGL_emulation( 1712): eglMakeCurrent: 0xb0685360: ver 2 0 (tinfo 0xb06836c0)
06-05 23:01:07.177 D/EGL_emulation( 1712): eglMakeCurrent: 0xb0685360: ver 2 0 (tinfo 0xb06836c0)
06-05 23:01:07.184 D/EGL_emulation( 1712): eglMakeCurrent: 0xb0685360: ver 2 0 (tinfo 0xb06836c0)
06-05 23:01:07.190 D/EGL_emulation( 1712): eglMakeCurrent: 0xb0685360: ver 2 0 (tinfo 0xb06836c0)
06-05 23:01:07.191 V/PhoneStatusBar( 1712): setLightsOn(true)
06-05 23:01:07.201 D/EGL_emulation( 1712): eglMakeCurrent: 0xb0685360: ver 2 0 (tinfo 0xb06836c0)
06-05 23:01:07.202 D/EGL_emulation( 1712): eglMakeCurrent: 0xb0685360: ver 2 0 (tinfo 0xb06836c0)
06-05 23:01:07.206 I/System.out(13644): URI: //map
06-05 23:01:07.206 I/System.out(13644): params: {json={"query":"* marked:'Statistics'","operation":{"method_name":"query","arguments":[]}}
06-05 23:01:07.206 I/System.out(13644): }
06-05 23:01:07.217 W/ResourceType(13644): No package identifier when getting name for resource number 0x00000001
06-05 23:01:07.217 D/EGL_emulation( 1712): eglMakeCurrent: 0xb0685360: ver 2 0 (tinfo 0xb06836c0)
06-05 23:01:07.219 D/EGL_emulation( 1712): eglMakeCurrent: 0xb0685360: ver 2 0 (tinfo 0xb06836c0)
06-05 23:01:07.230 I/System.out(13644): URI: //gesture
06-05 23:01:07.230 I/System.out(13644): params: {json={"query_timeout":5.0,"gestures":[{"query_string":"* marked:'Statistics'","touches":[{"x":50,"y":50,"offset_x":0,"offset_y":0,"wait":0.0,"time":0.2,"release":true,"query_string":null}]}]}
06-05 23:01:07.230 I/System.out(13644): }
06-05 23:01:07.234 D/EGL_emulation( 1712): eglMakeCurrent: 0xb0685360: ver 2 0 (tinfo 0xb06836c0)
06-05 23:01:07.235 D/EGL_emulation( 1712): eglMakeCurrent: 0xb0685360: ver 2 0 (tinfo 0xb06836c0)
06-05 23:01:07.236 W/ResourceType(13644): No package identifier when getting name for resource number 0x00000001
06-05 23:01:07.257 D/EGL_emulation( 1712): eglMakeCurrent: 0xb0685360: ver 2 0 (tinfo 0xb06836c0)
06-05 23:01:07.350 I/WindowManager( 1631): Destroying surface Surface(name=Starting com.evancharlton.mileage) called by com.android.server.wm.WindowStateAnimator.destroySurface:2016 com.android.server.wm.WindowStateAnimator.destroySurfaceLocked:882 com.android.server.wm.WindowState.destroyOrSaveSurface:2100 com.android.server.wm.AppWindowToken.destroySurfaces:363 com.android.server.wm.WindowStateAnimator.finishExit:565 com.android.server.wm.WindowStateAnimator.stepAnimationLocked:491 com.android.server.wm.WindowAnimator.updateWindowsLocked:303 com.android.server.wm.WindowAnimator.animateLocked:704 
06-05 23:01:07.351 V/PhoneStatusBar( 1712): setLightsOn(true)
06-05 23:01:07.383 V/PhoneStatusBar( 1712): setLightsOn(true)
06-05 23:01:07.468 I/calabash(13644): newActivity1
06-05 23:01:07.477 I/System.out(13644): URI: //map
06-05 23:01:07.477 I/System.out(13644): params: {json={"query":"android.widget.ScrollView index:0","operation":{"method_name":"query","arguments":[]}}
06-05 23:01:07.477 I/System.out(13644): }
06-05 23:01:07.480 W/ActivityManager( 1631): Bad activity token: android.os.BinderProxy@f3917f7
06-05 23:01:07.480 W/ActivityManager( 1631): java.lang.ClassCastException: android.os.BinderProxy cannot be cast to com.android.server.am.ActivityRecord$Token
06-05 23:01:07.480 W/ActivityManager( 1631): 	at com.android.server.am.ActivityRecord.forTokenLocked(ActivityRecord.java:586)
06-05 23:01:07.480 W/ActivityManager( 1631): 	at com.android.server.am.ActivityRecord.isInStackLocked(ActivityRecord.java:1327)
06-05 23:01:07.480 W/ActivityManager( 1631): 	at com.android.server.am.ActivityRecord.getStackLocked(ActivityRecord.java:1332)
06-05 23:01:07.480 W/ActivityManager( 1631): 	at com.android.server.am.ActivityManagerService.getActivityDisplayId(ActivityManagerService.java:9806)
06-05 23:01:07.480 W/ActivityManager( 1631): 	at android.app.ActivityManagerNative.onTransact(ActivityManagerNative.java:2566)
06-05 23:01:07.480 W/ActivityManager( 1631): 	at com.android.server.am.ActivityManagerService.onTransact(ActivityManagerService.java:2757)
06-05 23:01:07.480 W/ActivityManager( 1631): 	at android.os.Binder.execTransact(Binder.java:565)
06-05 23:01:07.481 W/ActivityManager( 1631): Bad activity token: android.os.BinderProxy@f3917f7
06-05 23:01:07.481 W/ActivityManager( 1631): java.lang.ClassCastException: android.os.BinderProxy cannot be cast to com.android.server.am.ActivityRecord$Token
06-05 23:01:07.481 W/ActivityManager( 1631): 	at com.android.server.am.ActivityRecord.forTokenLocked(ActivityRecord.java:586)
06-05 23:01:07.481 W/ActivityManager( 1631): 	at com.android.server.am.ActivityRecord.isInStackLocked(ActivityRecord.java:1327)
06-05 23:01:07.481 W/ActivityManager( 1631): 	at com.android.server.am.ActivityManagerService.setTaskDescription(ActivityManagerService.java:9358)
06-05 23:01:07.481 W/ActivityManager( 1631): 	at android.app.ActivityManagerNative.onTransact(ActivityManagerNative.java:2639)
06-05 23:01:07.481 W/ActivityManager( 1631): 	at com.android.server.am.ActivityManagerService.onTransact(ActivityManagerService.java:2757)
06-05 23:01:07.481 W/ActivityManager( 1631): 	at android.os.Binder.execTransact(Binder.java:565)
06-05 23:01:07.481 W/ActivityManager( 1631): Bad activity token: android.os.BinderProxy@f3917f7
06-05 23:01:07.481 W/ActivityManager( 1631): java.lang.ClassCastException: android.os.BinderProxy cannot be cast to com.android.server.am.ActivityRecord$Token
06-05 23:01:07.481 W/ActivityManager( 1631): 	at com.android.server.am.ActivityRecord.forTokenLocked(ActivityRecord.java:586)
06-05 23:01:07.481 W/ActivityManager( 1631): 	at com.android.server.am.ActivityRecord.isInStackLocked(ActivityRecord.java:1327)
06-05 23:01:07.481 W/ActivityManager( 1631): 	at com.android.server.am.ActivityRecord.getStackLocked(ActivityRecord.java:1332)
06-05 23:01:07.481 W/ActivityManager( 1631): 	at com.android.server.am.ActivityManagerService.getActivityStackId(ActivityManagerService.java:9817)
06-05 23:01:07.481 W/ActivityManager( 1631): 	at android.app.ActivityManagerNative.onTransact(ActivityManagerNative.java:2856)
06-05 23:01:07.481 W/ActivityManager( 1631): 	at com.android.server.am.ActivityManagerService.onTransact(ActivityManagerService.java:2757)
06-05 23:01:07.481 W/ActivityManager( 1631): 	at android.os.Binder.execTransact(Binder.java:565)
06-05 23:01:07.483 V/PhoneStatusBar( 1712): setLightsOn(true)
06-05 23:01:07.487 D/VehicleStatisticsActivity(13644): Checking recalculation ...
06-05 23:01:07.488 D/VehicleStatisticsActivity(13644): Recalculation not necessary.
06-05 23:01:07.500 W/ActivityManager( 1631): Bad activity token: android.os.BinderProxy@f3917f7
06-05 23:01:07.500 W/ActivityManager( 1631): java.lang.ClassCastException: android.os.BinderProxy cannot be cast to com.android.server.am.ActivityRecord$Token
06-05 23:01:07.500 W/ActivityManager( 1631): 	at com.android.server.am.ActivityRecord.forTokenLocked(ActivityRecord.java:586)
06-05 23:01:07.500 W/ActivityManager( 1631): 	at com.android.server.am.ActivityRecord.isInStackLocked(ActivityRecord.java:1327)
06-05 23:01:07.500 W/ActivityManager( 1631): 	at com.android.server.am.ActivityManagerService.getActivityOptions(ActivityManagerService.java:12559)
06-05 23:01:07.500 W/ActivityManager( 1631): 	at android.app.ActivityManagerNative.onTransact(ActivityManagerNative.java:1933)
06-05 23:01:07.500 W/ActivityManager( 1631): 	at com.android.server.am.ActivityManagerService.onTransact(ActivityManagerService.java:2757)
06-05 23:01:07.500 W/ActivityManager( 1631): 	at android.os.Binder.execTransact(Binder.java:565)
06-05 23:01:07.500 W/ActivityManager( 1631): Bad activity token: android.os.BinderProxy@f3917f7
06-05 23:01:07.500 W/ActivityManager( 1631): java.lang.ClassCastException: android.os.BinderProxy cannot be cast to com.android.server.am.ActivityRecord$Token
06-05 23:01:07.500 W/ActivityManager( 1631): 	at com.android.server.am.ActivityRecord.forTokenLocked(ActivityRecord.java:586)
06-05 23:01:07.500 W/ActivityManager( 1631): 	at com.android.server.am.ActivityRecord.isInStackLocked(ActivityRecord.java:1327)
06-05 23:01:07.500 W/ActivityManager( 1631): 	at com.android.server.am.ActivityManagerService.getActivityOptions(ActivityManagerService.java:12559)
06-05 23:01:07.500 W/ActivityManager( 1631): 	at android.app.ActivityManagerNative.onTransact(ActivityManagerNative.java:1933)
06-05 23:01:07.500 W/ActivityManager( 1631): 	at com.android.server.am.ActivityManagerService.onTransact(ActivityManagerService.java:2757)
06-05 23:01:07.500 W/ActivityManager( 1631): 	at android.os.Binder.execTransact(Binder.java:565)
06-05 23:01:07.502 D/VehicleStatisticsActivity(13644): Checking recalculation ...
06-05 23:01:07.502 D/VehicleStatisticsActivity(13644): Recalculation not necessary.
06-05 23:01:07.580 I/System.out(13644): URI: //map
06-05 23:01:07.580 I/System.out(13644): params: {json={"query":"android.widget.AbsListView index:0","operation":{"method_name":"query","arguments":[]}}
06-05 23:01:07.581 I/System.out(13644): }
06-05 23:01:07.587 I/art     (13644): Do partial code cache collection, code=30KB, data=29KB
06-05 23:01:07.588 I/art     (13644): After code cache collection, code=29KB, data=28KB
06-05 23:01:07.588 I/art     (13644): Increasing code cache capacity to 128KB
06-05 23:01:07.598 I/System.out(13644): URI: //map
06-05 23:01:07.598 I/System.out(13644): params: {json={"query":"android.widget.AbsListView index:0","operation":{"method_name":"query","arguments":[]}}
06-05 23:01:07.598 I/System.out(13644): }
06-05 23:01:07.616 I/System.out(13644): URI: //map
06-05 23:01:07.616 I/System.out(13644): params: {json={"query":"android.widget.AbsListView index:0","operation":{"method_name":"query","arguments":[]}}
06-05 23:01:07.616 I/System.out(13644): }
06-05 23:01:07.630 I/System.out(13644): URI: //map
06-05 23:01:07.630 I/System.out(13644): params: {json={"query":"android.widget.AbsListView index:0","operation":{"method_name":"query","arguments":["getFirstVisiblePosition"]}}
06-05 23:01:07.630 I/System.out(13644): }
06-05 23:01:07.643 I/System.out(13644): URI: //map
06-05 23:01:07.643 I/System.out(13644): params: {json={"query":"android.widget.AbsListView index:0","operation":{"method_name":"query","arguments":["getLastVisiblePosition"]}}
06-05 23:01:07.643 I/System.out(13644): }
06-05 23:01:07.657 I/System.out(13644): URI: //map
06-05 23:01:07.657 I/System.out(13644): params: {json={"query":"android.widget.AbsListView index:0","operation":{"method_name":"query","arguments":[{"method_name":"setSelection","arguments":[26]}]}}
06-05 23:01:07.657 I/System.out(13644): }
06-05 23:01:07.678 I/System.out(13644): URI: //map
06-05 23:01:07.678 I/System.out(13644): params: {json={"query":"* marked:'Average fillup'","operation":{"method_name":"query","arguments":[]}}
06-05 23:01:07.678 I/System.out(13644): }
06-05 23:01:07.723 D/gralloc_ranchu( 1347): gralloc_alloc: Creating ashmem region of size 9023488
06-05 23:01:07.766 W/ResourceType(13644): No package identifier when getting name for resource number 0x00000001
06-05 23:01:07.780 I/System.out(13644): URI: //gesture
06-05 23:01:07.780 I/System.out(13644): params: {json={"query_timeout":5.0,"gestures":[{"query_string":"* marked:'Average fillup'","touches":[{"x":50,"y":50,"offset_x":0,"offset_y":0,"wait":0.0,"time":0.2,"release":true,"query_string":null}]}]}
06-05 23:01:07.780 I/System.out(13644): }
06-05 23:01:07.783 V/PhoneStatusBar( 1712): setLightsOn(true)
06-05 23:01:07.784 W/ResourceType(13644): No package identifier when getting name for resource number 0x00000001
06-05 23:01:07.784 V/PhoneStatusBar( 1712): setLightsOn(true)
06-05 23:01:07.785 W/OpenGLRenderer( 2076): Incorrectly called buildLayer on View: ShortcutAndWidgetContainer, destroying layer...
06-05 23:01:07.800 I/WindowManager( 1631): Destroying surface Surface(name=com.android.launcher3/com.android.launcher3.Launcher) called by com.android.server.wm.WindowStateAnimator.destroySurface:2016 com.android.server.wm.WindowStateAnimator.destroySurfaceLocked:882 com.android.server.wm.WindowState.destroyOrSaveSurface:2100 com.android.server.wm.AppWindowToken.destroySurfaces:363 com.android.server.wm.AppWindowToken.notifyAppStopped:389 com.android.server.wm.WindowManagerService.notifyAppStopped:4463 com.android.server.am.ActivityStack.activityStoppedLocked:1252 com.android.server.am.ActivityManagerService.activityStopped:6903 
06-05 23:01:07.801 V/PhoneStatusBar( 1712): setLightsOn(true)
06-05 23:01:08.017 I/ActivityManager( 1631): START u0 {cmp=com.evancharlton.mileage/.charts.AverageVolumeChart (has extras)} from uid 10326 on display 0
06-05 23:01:08.019 V/PhoneStatusBar( 1712): setLightsOn(true)
06-05 23:01:08.020 V/PhoneStatusBar( 1712): setLightsOn(true)
06-05 23:01:08.028 I/System.out(13644): URI: //map
06-05 23:01:08.028 I/System.out(13644): params: {json={"query":"* {text CONTAINS[c] 'Average fillup size'}","operation":{"method_name":"query","arguments":[]}}
06-05 23:01:08.028 I/System.out(13644): }
06-05 23:01:08.069 I/calabash(13644): newActivity1
06-05 23:01:08.072 W/aiCharts(13644): License file is invalid or missing. 
06-05 23:01:08.072 W/aiCharts(13644): Please place proper license.lic to /assets folder.
06-05 23:01:08.085 V/PhoneStatusBar( 1712): setLightsOn(true)
06-05 23:01:08.117 V/PhoneStatusBar( 1712): setLightsOn(true)
06-05 23:01:08.121 I/WindowManager( 1631): Destroying surface Surface(name=Creating chart…) called by com.android.server.wm.WindowStateAnimator.destroySurface:2016 com.android.server.wm.WindowStateAnimator.destroySurfaceLocked:882 com.android.server.wm.WindowState.removeLocked:1456 com.android.server.wm.WindowManagerService.removeWindowInnerLocked:2484 com.android.server.wm.WindowManagerService.removeWindowLocked:2442 com.android.server.wm.WindowManagerService.removeWindowLocked:2311 com.android.server.wm.WindowManagerService.removeWindow:2306 com.android.server.wm.Session.remove:202 
06-05 23:01:08.124 D/gralloc_ranchu( 1347): gralloc_alloc: Creating ashmem region of size 9023488
06-05 23:01:08.134 V/PhoneStatusBar( 1712): setLightsOn(true)
06-05 23:01:08.148 I/ActivityManager( 1631): Displayed com.evancharlton.mileage/.charts.AverageVolumeChart: +81ms
06-05 23:01:08.150 V/PhoneStatusBar( 1712): setLightsOn(true)
06-05 23:01:08.183 V/PhoneStatusBar( 1712): setLightsOn(true)
06-05 23:01:08.200 V/PhoneStatusBar( 1712): setLightsOn(true)
06-05 23:01:08.384 V/PhoneStatusBar( 1712): setLightsOn(true)
06-05 23:01:08.400 I/System.out(13644): URI: //map
06-05 23:01:08.400 I/System.out(13644): params: {json={"query":"* {text CONTAINS[c] 'Average fillup size'}","operation":{"method_name":"query","arguments":[]}}
06-05 23:01:08.400 I/System.out(13644): }
06-05 23:01:08.416 I/System.out(13644): URI: //
06-05 23:01:08.416 I/System.out(13644): params: {json={"command":"press_key","arguments":["KEYCODE_BACK"]}
06-05 23:01:08.416 I/System.out(13644): }
06-05 23:01:08.416 I/System.out(13644): header: {content-type=application/json;charset=utf-8, date=Sat, 06 Jun 2020 04:01:08 GMT, accept=*/*, host=127.0.0.1:34777, content-length=52, user-agent=HTTPClient/1.0 (2.8.3, ruby 2.5.1 (2018-03-29))}
06-05 23:01:08.416 I/System.out(13644): params: {json={"command":"press_key","arguments":["KEYCODE_BACK"]}
06-05 23:01:08.416 I/System.out(13644): }
06-05 23:01:08.416 I/System.out(13644): ProP json = {"command":"press_key","arguments":["KEYCODE_BACK"]}
06-05 23:01:08.416 I/System.out(13644): files: {}
06-05 23:01:08.416 I/System.out(13644): command: {"command":"press_key","arguments":["KEYCODE_BACK"]}
06-05 23:01:08.418 I/InstrumentationBackend(13644): Got command:'Command:'Line:null,press_key', arguments:'[KEYCODE_BACK]'
06-05 23:01:08.420 V/PhoneStatusBar( 1712): setLightsOn(true)
06-05 23:01:08.422 V/PhoneStatusBar( 1712): setLightsOn(true)
06-05 23:01:08.424 I/art     (13644): Do partial code cache collection, code=60KB, data=62KB
06-05 23:01:08.425 I/art     (13644): After code cache collection, code=59KB, data=61KB
06-05 23:01:08.425 I/art     (13644): Increasing code cache capacity to 256KB
06-05 23:01:08.425 I/System.out(13644): result:{"bonusInformation":[],"message":"","success":true}
06-05 23:01:08.426 D/VehicleStatisticsActivity(13644): Checking recalculation ...
06-05 23:01:08.427 D/VehicleStatisticsActivity(13644): Recalculation not necessary.
06-05 23:01:08.428 I/System.out(13644): URI: //map
06-05 23:01:08.428 I/System.out(13644): params: {json={"query":"* {text CONTAINS[c] 'Statistics'}","operation":{"method_name":"query","arguments":[]}}
06-05 23:01:08.428 I/System.out(13644): }
06-05 23:01:08.433 V/PhoneStatusBar( 1712): setLightsOn(true)
06-05 23:01:08.450 D/gralloc_ranchu( 1347): gralloc_alloc: Creating ashmem region of size 9023488
06-05 23:01:08.451 V/PhoneStatusBar( 1712): setLightsOn(true)
06-05 23:01:08.467 V/PhoneStatusBar( 1712): setLightsOn(true)
06-05 23:01:08.483 V/PhoneStatusBar( 1712): setLightsOn(true)
