--------- beginning of main
06-05 18:18:21.669 V/PhoneStatusBar( 1712): setLightsOn(true)
06-05 18:18:21.670 V/PhoneStatusBar( 1712): setLightsOn(true)
--------- beginning of system
06-05 18:18:21.670 W/ActivityManager( 1630): Finishing task with all activities already finished
06-05 18:18:21.670 W/ActivityManager( 1630): Duplicate finish request for ActivityRecord{11f34a8 u0 com.evancharlton.mileage/.Mileage t2743 f}
06-05 18:18:21.677 D/gralloc_ranchu( 1346): gralloc_alloc: Creating ashmem region of size 3145728
06-05 18:18:21.682 E/EGL_emulation( 1346): tid 1346: eglCreateSyncKHR(1901): error 0x3004 (EGL_BAD_ATTRIBUTE)
06-05 18:18:21.690 W/ActivityManager( 1630): Finishing task with all activities already finished
06-05 18:18:21.691 W/ActivityManager( 1630): Duplicate finish request for ActivityRecord{11f34a8 u0 com.evancharlton.mileage/.Mileage t2743 f}
06-05 18:18:21.691 W/ActivityManager( 1630): Finishing task with all activities already finished
06-05 18:18:21.691 W/ActivityManager( 1630): Duplicate finish request for ActivityRecord{11f34a8 u0 com.evancharlton.mileage/.Mileage t2743 f}
06-05 18:18:21.691 W/ActivityManager( 1630): Finishing task with all activities already finished
06-05 18:18:21.691 W/ActivityManager( 1630): Duplicate finish request for ActivityRecord{11f34a8 u0 com.evancharlton.mileage/.Mileage t2743 f}
06-05 18:18:21.691 W/ActivityManager( 1630): Finishing task with all activities already finished
06-05 18:18:21.691 W/ActivityManager( 1630): Duplicate finish request for ActivityRecord{11f34a8 u0 com.evancharlton.mileage/.Mileage t2743 f}
06-05 18:18:21.710 D/EGL_emulation( 1712): eglMakeCurrent: 0xb4085540: ver 2 0 (tinfo 0xb4083740)
06-05 18:18:21.710 D/EGL_emulation( 2099): eglMakeCurrent: 0xb4085240: ver 2 0 (tinfo 0xb40832d0)
06-05 18:18:21.726 D/EGL_emulation( 1712): eglMakeCurrent: 0xb4085540: ver 2 0 (tinfo 0xb4083740)
06-05 18:18:21.743 D/EGL_emulation( 1712): eglMakeCurrent: 0xb4085540: ver 2 0 (tinfo 0xb4083740)
06-05 18:18:21.759 D/EGL_emulation( 1712): eglMakeCurrent: 0xb4085540: ver 2 0 (tinfo 0xb4083740)
06-05 18:18:21.761 D/EGL_emulation( 1712): eglMakeCurrent: 0xb4085540: ver 2 0 (tinfo 0xb4083740)
06-05 18:18:21.776 D/EGL_emulation( 1712): eglMakeCurrent: 0xb4085540: ver 2 0 (tinfo 0xb4083740)
06-05 18:18:21.777 D/EGL_emulation( 1712): eglMakeCurrent: 0xb4085540: ver 2 0 (tinfo 0xb4083740)
06-05 18:18:21.787 D/AndroidRuntime( 5696): >>>>>> START com.android.internal.os.RuntimeInit uid 2000 <<<<<<
06-05 18:18:21.788 D/AndroidRuntime( 5696): CheckJNI is ON
06-05 18:18:21.793 D/EGL_emulation( 1712): eglMakeCurrent: 0xb4085540: ver 2 0 (tinfo 0xb4083740)
06-05 18:18:21.794 D/EGL_emulation( 1712): eglMakeCurrent: 0xb4085540: ver 2 0 (tinfo 0xb4083740)
06-05 18:18:21.799 W/art     ( 5696): Unexpected CPU variant for X86 using defaults: x86
06-05 18:18:21.802 D/ICU     ( 5696): No timezone override file found: /data/misc/zoneinfo/current/icu/icu_tzdata.dat
06-05 18:18:21.809 D/EGL_emulation( 1712): eglMakeCurrent: 0xb4085540: ver 2 0 (tinfo 0xb4083740)
06-05 18:18:21.810 E/memtrack( 5696): Couldn't load memtrack module (No such file or directory)
06-05 18:18:21.810 E/android.os.Debug( 5696): failed to load memtrack module: -2
06-05 18:18:21.810 I/Radio-JNI( 5696): register_android_hardware_Radio DONE
06-05 18:18:21.811 D/EGL_emulation( 1712): eglMakeCurrent: 0xb4085540: ver 2 0 (tinfo 0xb4083740)
06-05 18:18:21.815 D/AndroidRuntime( 5696): Calling main entry com.android.commands.am.Am
06-05 18:18:21.816 I/ActivityManager( 1630): Force stopping com.evancharlton.mileage appid=10150 user=0: start instr
06-05 18:18:21.816 I/ActivityManager( 1630): Killing 5647:com.evancharlton.mileage/u0a150 (adj 0): stop com.evancharlton.mileage
06-05 18:18:21.816 D/ActivityManager( 1630): cleanUpApplicationRecord -- 5647
06-05 18:18:21.816 W/ActivityManager( 1630): Crash of app com.evancharlton.mileage running instrumentation ComponentInfo{com.evancharlton.mileage.test/sh.calaba.instrumentationbackend.CalabashInstrumentationTestRunner}
06-05 18:18:21.816 I/ActivityManager( 1630): Force stopping com.evancharlton.mileage appid=10150 user=0: finished inst
06-05 18:18:21.819 I/art     ( 5706): Not late-enabling -Xcheck:jni (already on)
06-05 18:18:21.820 W/art     ( 5706): Unexpected CPU variant for X86 using defaults: x86
06-05 18:18:21.826 D/EGL_emulation( 1712): eglMakeCurrent: 0xb4085540: ver 2 0 (tinfo 0xb4083740)
06-05 18:18:21.827 I/ActivityManager( 1630): Start proc 5706:com.evancharlton.mileage/u0a150 for added application com.evancharlton.mileage
06-05 18:18:21.827 D/EGL_emulation( 1712): eglMakeCurrent: 0xb4085540: ver 2 0 (tinfo 0xb4083740)
06-05 18:18:21.827 D/AndroidRuntime( 5696): Shutting down VM
06-05 18:18:21.832 W/System  ( 5706): ClassLoader referenced unknown path: /data/app/com.evancharlton.mileage.test-1/lib/x86
06-05 18:18:21.832 W/System  ( 5706): ClassLoader referenced unknown path: /data/app/com.evancharlton.mileage-1/lib/x86
06-05 18:18:21.834 W/System  ( 5706): ClassLoader referenced unknown path: 
06-05 18:18:21.838 I/System.out( 5706): Main activity name automatically set to: com.evancharlton.mileage.Mileage
06-05 18:18:21.838 I/System.out( 5706): Calabash did not load Mono. This is only a problem if you are trying to test a Mono application
06-05 18:18:21.838 I/calabash( 5706): Test server port: 7102
06-05 18:18:21.839 I/InstrumentationBackend( 5706): Added:'GetPreferences', with key:'get_preferences'
06-05 18:18:21.842 D/EGL_emulation( 1712): eglMakeCurrent: 0xb4085540: ver 2 0 (tinfo 0xb4083740)
06-05 18:18:21.843 I/InstrumentationBackend( 5706): Added:'SetPreferences', with key:'set_preferences'
06-05 18:18:21.843 I/InstrumentationBackend( 5706): Added:'ClearPreferences', with key:'clear_preferences'
06-05 18:18:21.843 I/InstrumentationBackend( 5706): Added:'PressElement', with key:'press_l10n_element'
06-05 18:18:21.843 I/InstrumentationBackend( 5706): Added:'WaitForElement', with key:'wait_for_l10n_element'
06-05 18:18:21.843 I/InstrumentationBackend( 5706): Added:'NullAction', with key:'nullAction'
06-05 18:18:21.843 I/InstrumentationBackend( 5706): Added:'PressKey', with key:'press_key'
06-05 18:18:21.843 I/InstrumentationBackend( 5706): Added:'SetActivityOrientation', with key:'set_activity_orientation'
06-05 18:18:21.843 I/InstrumentationBackend( 5706): Added:'GetActivityOrientation', with key:'get_activity_orientation'
06-05 18:18:21.843 I/InstrumentationBackend( 5706): Added:'FakeGPSLocation', with key:'set_gps_coordinates'
06-05 18:18:21.843 I/InstrumentationBackend( 5706): Added:'SetPropertyByCssSelector', with key:'set_property_by_css_selector'
06-05 18:18:21.843 I/InstrumentationBackend( 5706): Added:'GetUrl', with key:'get_url'
06-05 18:18:21.844 I/InstrumentationBackend( 5706): Added:'ScrollTo', with key:'scroll_to'
06-05 18:18:21.844 I/InstrumentationBackend( 5706): Added:'GetLoadProgress', with key:'get_load_progress'
06-05 18:18:21.844 I/InstrumentationBackend( 5706): Added:'DumpHtml', with key:'dump_html'
06-05 18:18:21.844 I/InstrumentationBackend( 5706): Added:'DumpBodyHtml', with key:'dump_body_html'
06-05 18:18:21.844 I/InstrumentationBackend( 5706): Added:'EnterTextByCssSelector', with key:'enter_text_by_selector'
06-05 18:18:21.844 I/InstrumentationBackend( 5706): Added:'AndroidSDKVersion', with key:'android_sdk_version'
06-05 18:18:21.844 I/InstrumentationBackend( 5706): Added:'Version', with key:'version'
06-05 18:18:21.844 I/InstrumentationBackend( 5706): Added:'Drag', with key:'drag'
06-05 18:18:21.844 I/InstrumentationBackend( 5706): Added:'TouchCoordinates', with key:'touch_coordinate'
06-05 18:18:21.844 I/InstrumentationBackend( 5706): Added:'LongPressCoordinate', with key:'long_press_coordinate'
06-05 18:18:21.844 I/InstrumentationBackend( 5706): Added:'DragCoordinates', with key:'drag_coordinates'
06-05 18:18:21.844 I/InstrumentationBackend( 5706): Added:'ResumeApplication', with key:'resume_application'
06-05 18:18:21.844 I/InstrumentationBackend( 5706): Added:'Swipe', with key:'swipe'
06-05 18:18:21.844 I/InstrumentationBackend( 5706): Added:'DoubleTapCoordinate', with key:'double_tap_coordinate'
06-05 18:18:21.844 I/InstrumentationBackend( 5706): Added:'ClickOnScreen', with key:'click_on_screen'
06-05 18:18:21.844 I/InstrumentationBackend( 5706): Added:'GetActivityName', with key:'get_activity_name'
06-05 18:18:21.845 I/InstrumentationBackend( 5706): Added:'ScrollToView', with key:'scroll_to_view'
06-05 18:18:21.845 I/InstrumentationBackend( 5706): Added:'ViewConfiguration', with key:'view_configuration'
06-05 18:18:21.845 I/InstrumentationBackend( 5706): Added:'IsCurrentActivityFocused', with key:'is_current_activity_focused'
06-05 18:18:21.845 I/InstrumentationBackend( 5706): Added:'SendTcp', with key:'send_tcp'
06-05 18:18:21.845 I/InstrumentationBackend( 5706): Added:'DpToDevicePixel', with key:'dp_to_device_pixel'
06-05 18:18:21.845 I/InstrumentationBackend( 5706): Added:'KeyboardEnterText', with key:'keyboard_enter_text'
06-05 18:18:21.845 I/InstrumentationBackend( 5706): Added:'DeleteSurroundingText', with key:'delete_surrounding_text'
06-05 18:18:21.845 I/InstrumentationBackend( 5706): Added:'SetComposingRegion', with key:'set_composing_region'
06-05 18:18:21.845 I/InstrumentationBackend( 5706): Added:'SetSelection', with key:'set_selection'
06-05 18:18:21.845 I/InstrumentationBackend( 5706): Added:'KeyboardKeyEvent', with key:'keyboard_key_event'
06-05 18:18:21.845 I/InstrumentationBackend( 5706): Added:'PressUserActionButton', with key:'press_user_action_button'
06-05 18:18:21.845 I/InstrumentationBackend( 5706): Added:'HideSoftKeyboard', with key:'hide_soft_keyboard'
06-05 18:18:21.845 I/InstrumentationBackend( 5706): Added:'ListActions', with key:'list_actions'
06-05 18:18:21.845 I/calabash( 5706): Instantiating http server at 7102
06-05 18:18:21.845 D/EGL_emulation( 1712): eglMakeCurrent: 0xb4085540: ver 2 0 (tinfo 0xb4083740)
06-05 18:18:21.846 I/System.out( 5706): HTTP Daemon listening on: 7102
06-05 18:18:21.859 D/EGL_emulation( 1712): eglMakeCurrent: 0xb4085540: ver 2 0 (tinfo 0xb4083740)
06-05 18:18:21.861 D/EGL_emulation( 1712): eglMakeCurrent: 0xb4085540: ver 2 0 (tinfo 0xb4083740)
06-05 18:18:21.876 D/EGL_emulation( 1712): eglMakeCurrent: 0xb4085540: ver 2 0 (tinfo 0xb4083740)
06-05 18:18:21.878 D/EGL_emulation( 1712): eglMakeCurrent: 0xb4085540: ver 2 0 (tinfo 0xb4083740)
06-05 18:18:21.883 I/WindowManager( 1630): WIN DEATH: Window{df7be23 u0 Toast}
06-05 18:18:21.883 W/InputDispatcher( 1630): channel '750a397 com.evancharlton.mileage/com.evancharlton.mileage.Mileage (server)' ~ Consumer closed input channel or an error occurred.  events=0x9
06-05 18:18:21.883 E/InputDispatcher( 1630): channel '750a397 com.evancharlton.mileage/com.evancharlton.mileage.Mileage (server)' ~ Channel is unrecoverably broken and will be disposed!
06-05 18:18:21.884 I/WindowManager( 1630): WIN DEATH: Window{750a397 u0 com.evancharlton.mileage/com.evancharlton.mileage.Mileage EXITING}
06-05 18:18:21.884 W/InputDispatcher( 1630): Attempted to unregister already unregistered input channel '750a397 com.evancharlton.mileage/com.evancharlton.mileage.Mileage (server)'
06-05 18:18:21.893 D/EGL_emulation( 1712): eglMakeCurrent: 0xb4085540: ver 2 0 (tinfo 0xb4083740)
06-05 18:18:21.897 D/EGL_emulation( 1712): eglMakeCurrent: 0xb4085540: ver 2 0 (tinfo 0xb4083740)
06-05 18:18:21.909 D/EGL_emulation( 1712): eglMakeCurrent: 0xb4085540: ver 2 0 (tinfo 0xb4083740)
06-05 18:18:21.911 D/EGL_emulation( 1712): eglMakeCurrent: 0xb4085540: ver 2 0 (tinfo 0xb4083740)
06-05 18:18:21.927 D/EGL_emulation( 1712): eglMakeCurrent: 0xb4085540: ver 2 0 (tinfo 0xb4083740)
06-05 18:18:21.938 I/System.out( 5706): URI: //ping
06-05 18:18:21.938 I/System.out( 5706): params: {json={}
06-05 18:18:21.938 I/System.out( 5706): }
06-05 18:18:21.940 I/System.out( 5706): URI: //ping
06-05 18:18:21.940 I/System.out( 5706): params: {json={}
06-05 18:18:21.940 I/System.out( 5706): }
06-05 18:18:21.942 D/EGL_emulation( 1712): eglMakeCurrent: 0xb4085540: ver 2 0 (tinfo 0xb4083740)
06-05 18:18:21.942 I/System.out( 5706): URI: //ready
06-05 18:18:21.942 I/System.out( 5706): params: {json={}
06-05 18:18:21.942 I/System.out( 5706): }
06-05 18:18:21.944 D/EGL_emulation( 1712): eglMakeCurrent: 0xb4085540: ver 2 0 (tinfo 0xb4083740)
06-05 18:18:21.945 I/System.out( 5706): URI: //
06-05 18:18:21.945 I/System.out( 5706): params: {json={"command":"version","arguments":[]}
06-05 18:18:21.945 I/System.out( 5706): }
06-05 18:18:21.945 I/System.out( 5706): header: {content-type=application/json;charset=utf-8, date=Fri, 05 Jun 2020 23:18:22 GMT, accept=*/*, host=127.0.0.1:34784, content-length=36, user-agent=HTTPClient/1.0 (2.8.3, ruby 2.5.1 (2018-03-29))}
06-05 18:18:21.945 I/System.out( 5706): params: {json={"command":"version","arguments":[]}
06-05 18:18:21.945 I/System.out( 5706): }
06-05 18:18:21.945 I/System.out( 5706): ProP json = {"command":"version","arguments":[]}
06-05 18:18:21.945 I/System.out( 5706): files: {}
06-05 18:18:21.945 I/System.out( 5706): command: {"command":"version","arguments":[]}
06-05 18:18:21.948 I/InstrumentationBackend( 5706): Got command:'Command:'Line:null,version', arguments:'[]'
06-05 18:18:21.954 I/System.out( 5706): result:{"bonusInformation":[],"message":"0.9.8","success":true}
06-05 18:18:21.957 I/System.out( 5706): URI: //start-application
06-05 18:18:21.957 I/System.out( 5706): params: {json={"intent":null}
06-05 18:18:21.957 I/System.out( 5706): }
06-05 18:18:21.966 I/ActivityManager( 1630): START u0 {act=android.intent.action.MAIN cat=[android.intent.category.LAUNCHER] flg=0x10200000 cmp=com.evancharlton.mileage/.Mileage} from uid 10150 on display 0
06-05 18:18:21.972 I/calabash( 5706): newActivity1
06-05 18:18:21.981 I/calabash( 5706): newActivity1
06-05 18:18:21.982 W/ActivityManager( 1630): Bad activity token: android.os.BinderProxy@9dada5a
06-05 18:18:21.982 W/ActivityManager( 1630): java.lang.ClassCastException: android.os.BinderProxy cannot be cast to com.android.server.am.ActivityRecord$Token
06-05 18:18:21.982 W/ActivityManager( 1630): 	at com.android.server.am.ActivityRecord.forTokenLocked(ActivityRecord.java:586)
06-05 18:18:21.982 W/ActivityManager( 1630): 	at com.android.server.am.ActivityRecord.isInStackLocked(ActivityRecord.java:1327)
06-05 18:18:21.982 W/ActivityManager( 1630): 	at com.android.server.am.ActivityRecord.getStackLocked(ActivityRecord.java:1332)
06-05 18:18:21.982 W/ActivityManager( 1630): 	at com.android.server.am.ActivityManagerService.getActivityDisplayId(ActivityManagerService.java:9806)
06-05 18:18:21.982 W/ActivityManager( 1630): 	at android.app.ActivityManagerNative.onTransact(ActivityManagerNative.java:2566)
06-05 18:18:21.982 W/ActivityManager( 1630): 	at com.android.server.am.ActivityManagerService.onTransact(ActivityManagerService.java:2757)
06-05 18:18:21.982 W/ActivityManager( 1630): 	at android.os.Binder.execTransact(Binder.java:565)
06-05 18:18:21.983 W/ActivityManager( 1630): Bad activity token: android.os.BinderProxy@9dada5a
06-05 18:18:21.983 W/ActivityManager( 1630): java.lang.ClassCastException: android.os.BinderProxy cannot be cast to com.android.server.am.ActivityRecord$Token
06-05 18:18:21.983 W/ActivityManager( 1630): 	at com.android.server.am.ActivityRecord.forTokenLocked(ActivityRecord.java:586)
06-05 18:18:21.983 W/ActivityManager( 1630): 	at com.android.server.am.ActivityRecord.isInStackLocked(ActivityRecord.java:1327)
06-05 18:18:21.983 W/ActivityManager( 1630): 	at com.android.server.am.ActivityManagerService.setTaskDescription(ActivityManagerService.java:9358)
06-05 18:18:21.983 W/ActivityManager( 1630): 	at android.app.ActivityManagerNative.onTransact(ActivityManagerNative.java:2639)
06-05 18:18:21.983 W/ActivityManager( 1630): 	at com.android.server.am.ActivityManagerService.onTransact(ActivityManagerService.java:2757)
06-05 18:18:21.983 W/ActivityManager( 1630): 	at android.os.Binder.execTransact(Binder.java:565)
06-05 18:18:21.983 W/ActivityManager( 1630): Bad activity token: android.os.BinderProxy@9dada5a
06-05 18:18:21.983 W/ActivityManager( 1630): java.lang.ClassCastException: android.os.BinderProxy cannot be cast to com.android.server.am.ActivityRecord$Token
06-05 18:18:21.983 W/ActivityManager( 1630): 	at com.android.server.am.ActivityRecord.forTokenLocked(ActivityRecord.java:586)
06-05 18:18:21.983 W/ActivityManager( 1630): 	at com.android.server.am.ActivityRecord.isInStackLocked(ActivityRecord.java:1327)
06-05 18:18:21.983 W/ActivityManager( 1630): 	at com.android.server.am.ActivityRecord.getStackLocked(ActivityRecord.java:1332)
06-05 18:18:21.983 W/ActivityManager( 1630): 	at com.android.server.am.ActivityManagerService.getActivityStackId(ActivityManagerService.java:9817)
06-05 18:18:21.983 W/ActivityManager( 1630): 	at android.app.ActivityManagerNative.onTransact(ActivityManagerNative.java:2856)
06-05 18:18:21.983 W/ActivityManager( 1630): 	at com.android.server.am.ActivityManagerService.onTransact(ActivityManagerService.java:2757)
06-05 18:18:21.983 W/ActivityManager( 1630): 	at android.os.Binder.execTransact(Binder.java:565)
06-05 18:18:21.993 D/gralloc_ranchu( 1346): gralloc_alloc: Creating ashmem region of size 9023488
06-05 18:18:22.006 W/ActivityManager( 1630): Bad activity token: android.os.BinderProxy@9dada5a
06-05 18:18:22.006 W/ActivityManager( 1630): java.lang.ClassCastException: android.os.BinderProxy cannot be cast to com.android.server.am.ActivityRecord$Token
06-05 18:18:22.006 W/ActivityManager( 1630): 	at com.android.server.am.ActivityRecord.forTokenLocked(ActivityRecord.java:586)
06-05 18:18:22.006 W/ActivityManager( 1630): 	at com.android.server.am.ActivityRecord.isInStackLocked(ActivityRecord.java:1327)
06-05 18:18:22.006 W/ActivityManager( 1630): 	at com.android.server.am.ActivityManagerService.getActivityOptions(ActivityManagerService.java:12559)
06-05 18:18:22.006 W/ActivityManager( 1630): 	at android.app.ActivityManagerNative.onTransact(ActivityManagerNative.java:1933)
06-05 18:18:22.006 W/ActivityManager( 1630): 	at com.android.server.am.ActivityManagerService.onTransact(ActivityManagerService.java:2757)
06-05 18:18:22.006 W/ActivityManager( 1630): 	at android.os.Binder.execTransact(Binder.java:565)
06-05 18:18:22.006 W/ActivityManager( 1630): Bad activity token: android.os.BinderProxy@9dada5a
06-05 18:18:22.006 W/ActivityManager( 1630): java.lang.ClassCastException: android.os.BinderProxy cannot be cast to com.android.server.am.ActivityRecord$Token
06-05 18:18:22.006 W/ActivityManager( 1630): 	at com.android.server.am.ActivityRecord.forTokenLocked(ActivityRecord.java:586)
06-05 18:18:22.006 W/ActivityManager( 1630): 	at com.android.server.am.ActivityRecord.isInStackLocked(ActivityRecord.java:1327)
06-05 18:18:22.006 W/ActivityManager( 1630): 	at com.android.server.am.ActivityManagerService.getActivityOptions(ActivityManagerService.java:12559)
06-05 18:18:22.006 W/ActivityManager( 1630): 	at android.app.ActivityManagerNative.onTransact(ActivityManagerNative.java:1933)
06-05 18:18:22.006 W/ActivityManager( 1630): 	at com.android.server.am.ActivityManagerService.onTransact(ActivityManagerService.java:2757)
06-05 18:18:22.006 W/ActivityManager( 1630): 	at android.os.Binder.execTransact(Binder.java:565)
06-05 18:18:22.019 V/PhoneStatusBar( 1712): setLightsOn(true)
06-05 18:18:22.026 D/EGL_emulation( 2099): eglMakeCurrent: 0xb4085240: ver 2 0 (tinfo 0xb40832d0)
06-05 18:18:22.029 D/EGL_emulation( 1712): eglMakeCurrent: 0xb4085540: ver 2 0 (tinfo 0xb4083740)
06-05 18:18:22.042 D/gralloc_ranchu( 1346): gralloc_alloc: Creating ashmem region of size 9023488
06-05 18:18:22.047 D/EGL_emulation( 1712): eglMakeCurrent: 0xb4085540: ver 2 0 (tinfo 0xb4083740)
06-05 18:18:22.048 D/        ( 5706): HostConnection::get() New Host Connection established 0xa4c7e500, tid 5706
06-05 18:18:22.081 D/EGL_emulation( 1712): eglMakeCurrent: 0xb4085540: ver 2 0 (tinfo 0xb4083740)
06-05 18:18:22.081 V/PhoneStatusBar( 1712): setLightsOn(true)
06-05 18:18:22.083 D/EGL_emulation( 1712): eglMakeCurrent: 0xb4085540: ver 2 0 (tinfo 0xb4083740)
06-05 18:18:22.086 D/EGL_emulation( 1712): eglMakeCurrent: 0xb4085540: ver 2 0 (tinfo 0xb4083740)
06-05 18:18:22.097 D/EGL_emulation( 1712): eglMakeCurrent: 0xb4085540: ver 2 0 (tinfo 0xb4083740)
06-05 18:18:22.099 D/EGL_emulation( 1712): eglMakeCurrent: 0xb4085540: ver 2 0 (tinfo 0xb4083740)
06-05 18:18:22.110 D/EGL_emulation( 1712): eglMakeCurrent: 0xb4085540: ver 2 0 (tinfo 0xb4083740)
06-05 18:18:22.111 D/EGL_emulation( 1712): eglMakeCurrent: 0xb4085540: ver 2 0 (tinfo 0xb4083740)
06-05 18:18:22.126 D/EGL_emulation( 1712): eglMakeCurrent: 0xb4085540: ver 2 0 (tinfo 0xb4083740)
06-05 18:18:22.126 D/gralloc_ranchu( 1346): gralloc_alloc: Creating ashmem region of size 9023488
06-05 18:18:22.143 D/EGL_emulation( 1712): eglMakeCurrent: 0xb4085540: ver 2 0 (tinfo 0xb4083740)
06-05 18:18:22.147 I/ActivityManager( 1630): Displayed com.evancharlton.mileage/.Mileage: +176ms
06-05 18:18:22.147 I/WindowManager( 1630): Destroying surface Surface(name=com.evancharlton.mileage/com.evancharlton.mileage.Mileage) called by com.android.server.wm.WindowStateAnimator.destroySurface:2016 com.android.server.wm.WindowStateAnimator.destroySurfaceLocked:882 com.android.server.wm.WindowState.removeLocked:1456 com.android.server.wm.WindowManagerService.removeWindowInnerLocked:2484 com.android.server.wm.AppWindowToken.destroySurfaces:365 com.android.server.wm.WindowStateAnimator.finishExit:565 com.android.server.wm.AppWindowAnimator.stepAnimationLocked:427 com.android.server.wm.WindowAnimator.updateAppWindowsLocked:196 
06-05 18:18:22.148 D/EGL_emulation( 1712): eglMakeCurrent: 0xb4085540: ver 2 0 (tinfo 0xb4083740)
06-05 18:18:22.157 D/EGL_emulation( 1712): eglMakeCurrent: 0xb4085540: ver 2 0 (tinfo 0xb4083740)
06-05 18:18:22.160 D/EGL_emulation( 1712): eglMakeCurrent: 0xb4085540: ver 2 0 (tinfo 0xb4083740)
06-05 18:18:22.162 D/EGL_emulation( 1712): eglMakeCurrent: 0xb4085540: ver 2 0 (tinfo 0xb4083740)
06-05 18:18:22.176 D/EGL_emulation( 1712): eglMakeCurrent: 0xb4085540: ver 2 0 (tinfo 0xb4083740)
06-05 18:18:22.178 D/EGL_emulation( 1712): eglMakeCurrent: 0xb4085540: ver 2 0 (tinfo 0xb4083740)
06-05 18:18:22.178 V/PhoneStatusBar( 1712): setLightsOn(true)
06-05 18:18:22.184 I/System.out( 5706): URI: //map
06-05 18:18:22.184 I/System.out( 5706): params: {json={"query":"* marked:'Statistics'","operation":{"method_name":"query","arguments":[]}}
06-05 18:18:22.184 I/System.out( 5706): }
06-05 18:18:22.193 D/EGL_emulation( 1712): eglMakeCurrent: 0xb4085540: ver 2 0 (tinfo 0xb4083740)
06-05 18:18:22.194 D/EGL_emulation( 1712): eglMakeCurrent: 0xb4085540: ver 2 0 (tinfo 0xb4083740)
06-05 18:18:22.197 W/ResourceType( 5706): No package identifier when getting name for resource number 0x00000001
06-05 18:18:22.210 D/EGL_emulation( 1712): eglMakeCurrent: 0xb4085540: ver 2 0 (tinfo 0xb4083740)
06-05 18:18:22.211 I/System.out( 5706): URI: //gesture
06-05 18:18:22.211 D/EGL_emulation( 1712): eglMakeCurrent: 0xb4085540: ver 2 0 (tinfo 0xb4083740)
06-05 18:18:22.211 I/System.out( 5706): params: {json={"query_timeout":5.0,"gestures":[{"query_string":"* marked:'Statistics'","touches":[{"x":50,"y":50,"offset_x":0,"offset_y":0,"wait":0.0,"time":0.2,"release":true,"query_string":null}]}]}
06-05 18:18:22.211 I/System.out( 5706): }
06-05 18:18:22.217 W/ResourceType( 5706): No package identifier when getting name for resource number 0x00000001
06-05 18:18:22.226 D/EGL_emulation( 1712): eglMakeCurrent: 0xb4085540: ver 2 0 (tinfo 0xb4083740)
06-05 18:18:22.233 D/EGL_emulation( 1712): eglMakeCurrent: 0xb4085540: ver 2 0 (tinfo 0xb4083740)
06-05 18:18:22.245 D/EGL_emulation( 1712): eglMakeCurrent: 0xb4085540: ver 2 0 (tinfo 0xb4083740)
06-05 18:18:22.342 I/WindowManager( 1630): Destroying surface Surface(name=Starting com.evancharlton.mileage) called by com.android.server.wm.WindowStateAnimator.destroySurface:2016 com.android.server.wm.WindowStateAnimator.destroySurfaceLocked:882 com.android.server.wm.WindowState.destroyOrSaveSurface:2100 com.android.server.wm.AppWindowToken.destroySurfaces:363 com.android.server.wm.WindowStateAnimator.finishExit:565 com.android.server.wm.WindowStateAnimator.stepAnimationLocked:491 com.android.server.wm.WindowAnimator.updateWindowsLocked:303 com.android.server.wm.WindowAnimator.animateLocked:704 
06-05 18:18:22.344 V/PhoneStatusBar( 1712): setLightsOn(true)
06-05 18:18:22.359 V/PhoneStatusBar( 1712): setLightsOn(true)
06-05 18:18:22.444 V/PhoneStatusBar( 1712): setLightsOn(true)
06-05 18:18:22.445 I/WindowManager( 1630): Destroying surface Surface(name=Toast) called by com.android.server.wm.WindowStateAnimator.destroySurface:2016 com.android.server.wm.WindowStateAnimator.destroySurfaceLocked:882 com.android.server.wm.WindowState.destroyOrSaveSurface:2100 com.android.server.wm.WindowSurfacePlacer.performSurfacePlacementInner:429 com.android.server.wm.WindowSurfacePlacer.performSurfacePlacementLoop:232 com.android.server.wm.WindowSurfacePlacer.performSurfacePlacement:180 com.android.server.wm.WindowManagerService$H.handleMessage:8086 android.os.Handler.dispatchMessage:102 
06-05 18:18:22.448 V/PhoneStatusBar( 1712): setLightsOn(true)
06-05 18:18:22.450 I/calabash( 5706): newActivity1
06-05 18:18:22.476 W/ActivityManager( 1630): Bad activity token: android.os.BinderProxy@664aa44
06-05 18:18:22.476 W/ActivityManager( 1630): java.lang.ClassCastException: android.os.BinderProxy cannot be cast to com.android.server.am.ActivityRecord$Token
06-05 18:18:22.476 W/ActivityManager( 1630): 	at com.android.server.am.ActivityRecord.forTokenLocked(ActivityRecord.java:586)
06-05 18:18:22.476 W/ActivityManager( 1630): 	at com.android.server.am.ActivityRecord.isInStackLocked(ActivityRecord.java:1327)
06-05 18:18:22.476 W/ActivityManager( 1630): 	at com.android.server.am.ActivityRecord.getStackLocked(ActivityRecord.java:1332)
06-05 18:18:22.476 W/ActivityManager( 1630): 	at com.android.server.am.ActivityManagerService.getActivityDisplayId(ActivityManagerService.java:9806)
06-05 18:18:22.476 W/ActivityManager( 1630): 	at android.app.ActivityManagerNative.onTransact(ActivityManagerNative.java:2566)
06-05 18:18:22.476 W/ActivityManager( 1630): 	at com.android.server.am.ActivityManagerService.onTransact(ActivityManagerService.java:2757)
06-05 18:18:22.476 W/ActivityManager( 1630): 	at android.os.Binder.execTransact(Binder.java:565)
06-05 18:18:22.476 I/System.out( 5706): URI: //map
06-05 18:18:22.476 I/System.out( 5706): params: {json={"query":"android.widget.ScrollView index:0","operation":{"method_name":"query","arguments":[]}}
06-05 18:18:22.476 I/System.out( 5706): }
06-05 18:18:22.477 W/ActivityManager( 1630): Bad activity token: android.os.BinderProxy@664aa44
06-05 18:18:22.477 W/ActivityManager( 1630): java.lang.ClassCastException: android.os.BinderProxy cannot be cast to com.android.server.am.ActivityRecord$Token
06-05 18:18:22.477 W/ActivityManager( 1630): 	at com.android.server.am.ActivityRecord.forTokenLocked(ActivityRecord.java:586)
06-05 18:18:22.477 W/ActivityManager( 1630): 	at com.android.server.am.ActivityRecord.isInStackLocked(ActivityRecord.java:1327)
06-05 18:18:22.477 W/ActivityManager( 1630): 	at com.android.server.am.ActivityManagerService.setTaskDescription(ActivityManagerService.java:9358)
06-05 18:18:22.477 W/ActivityManager( 1630): 	at android.app.ActivityManagerNative.onTransact(ActivityManagerNative.java:2639)
06-05 18:18:22.477 W/ActivityManager( 1630): 	at com.android.server.am.ActivityManagerService.onTransact(ActivityManagerService.java:2757)
06-05 18:18:22.477 W/ActivityManager( 1630): 	at android.os.Binder.execTransact(Binder.java:565)
06-05 18:18:22.478 W/ActivityManager( 1630): Bad activity token: android.os.BinderProxy@664aa44
06-05 18:18:22.478 W/ActivityManager( 1630): java.lang.ClassCastException: android.os.BinderProxy cannot be cast to com.android.server.am.ActivityRecord$Token
06-05 18:18:22.478 W/ActivityManager( 1630): 	at com.android.server.am.ActivityRecord.forTokenLocked(ActivityRecord.java:586)
06-05 18:18:22.478 W/ActivityManager( 1630): 	at com.android.server.am.ActivityRecord.isInStackLocked(ActivityRecord.java:1327)
06-05 18:18:22.478 W/ActivityManager( 1630): 	at com.android.server.am.ActivityRecord.getStackLocked(ActivityRecord.java:1332)
06-05 18:18:22.478 W/ActivityManager( 1630): 	at com.android.server.am.ActivityManagerService.getActivityStackId(ActivityManagerService.java:9817)
06-05 18:18:22.478 W/ActivityManager( 1630): 	at android.app.ActivityManagerNative.onTransact(ActivityManagerNative.java:2856)
06-05 18:18:22.478 W/ActivityManager( 1630): 	at com.android.server.am.ActivityManagerService.onTransact(ActivityManagerService.java:2757)
06-05 18:18:22.478 W/ActivityManager( 1630): 	at android.os.Binder.execTransact(Binder.java:565)
06-05 18:18:22.484 D/VehicleStatisticsActivity( 5706): Checking recalculation ...
06-05 18:18:22.485 D/VehicleStatisticsActivity( 5706): Recalculation not necessary.
06-05 18:18:22.492 V/PhoneStatusBar( 1712): setLightsOn(true)
06-05 18:18:22.493 W/ActivityManager( 1630): Bad activity token: android.os.BinderProxy@664aa44
06-05 18:18:22.493 W/ActivityManager( 1630): java.lang.ClassCastException: android.os.BinderProxy cannot be cast to com.android.server.am.ActivityRecord$Token
06-05 18:18:22.493 W/ActivityManager( 1630): 	at com.android.server.am.ActivityRecord.forTokenLocked(ActivityRecord.java:586)
06-05 18:18:22.493 W/ActivityManager( 1630): 	at com.android.server.am.ActivityRecord.isInStackLocked(ActivityRecord.java:1327)
06-05 18:18:22.493 W/ActivityManager( 1630): 	at com.android.server.am.ActivityManagerService.getActivityOptions(ActivityManagerService.java:12559)
06-05 18:18:22.493 W/ActivityManager( 1630): 	at android.app.ActivityManagerNative.onTransact(ActivityManagerNative.java:1933)
06-05 18:18:22.493 W/ActivityManager( 1630): 	at com.android.server.am.ActivityManagerService.onTransact(ActivityManagerService.java:2757)
06-05 18:18:22.493 W/ActivityManager( 1630): 	at android.os.Binder.execTransact(Binder.java:565)
06-05 18:18:22.494 W/ActivityManager( 1630): Bad activity token: android.os.BinderProxy@664aa44
06-05 18:18:22.494 W/ActivityManager( 1630): java.lang.ClassCastException: android.os.BinderProxy cannot be cast to com.android.server.am.ActivityRecord$Token
06-05 18:18:22.494 W/ActivityManager( 1630): 	at com.android.server.am.ActivityRecord.forTokenLocked(ActivityRecord.java:586)
06-05 18:18:22.494 W/ActivityManager( 1630): 	at com.android.server.am.ActivityRecord.isInStackLocked(ActivityRecord.java:1327)
06-05 18:18:22.494 W/ActivityManager( 1630): 	at com.android.server.am.ActivityManagerService.getActivityOptions(ActivityManagerService.java:12559)
06-05 18:18:22.494 W/ActivityManager( 1630): 	at android.app.ActivityManagerNative.onTransact(ActivityManagerNative.java:1933)
06-05 18:18:22.494 W/ActivityManager( 1630): 	at com.android.server.am.ActivityManagerService.onTransact(ActivityManagerService.java:2757)
06-05 18:18:22.494 W/ActivityManager( 1630): 	at android.os.Binder.execTransact(Binder.java:565)
06-05 18:18:22.496 D/VehicleStatisticsActivity( 5706): Checking recalculation ...
06-05 18:18:22.496 D/VehicleStatisticsActivity( 5706): Recalculation not necessary.
06-05 18:18:22.582 I/System.out( 5706): URI: //map
06-05 18:18:22.582 I/System.out( 5706): params: {json={"query":"android.widget.AbsListView index:0","operation":{"method_name":"query","arguments":[]}}
06-05 18:18:22.582 I/System.out( 5706): }
06-05 18:18:22.586 I/art     ( 5706): Do partial code cache collection, code=30KB, data=29KB
06-05 18:18:22.586 I/art     ( 5706): After code cache collection, code=29KB, data=29KB
06-05 18:18:22.586 I/art     ( 5706): Increasing code cache capacity to 128KB
06-05 18:18:22.596 I/System.out( 5706): URI: //map
06-05 18:18:22.596 I/System.out( 5706): params: {json={"query":"android.widget.AbsListView index:0","operation":{"method_name":"query","arguments":[]}}
06-05 18:18:22.596 I/System.out( 5706): }
06-05 18:18:22.610 I/System.out( 5706): URI: //map
06-05 18:18:22.610 I/System.out( 5706): params: {json={"query":"android.widget.AbsListView index:0","operation":{"method_name":"query","arguments":[]}}
06-05 18:18:22.610 I/System.out( 5706): }
06-05 18:18:22.626 I/System.out( 5706): URI: //map
06-05 18:18:22.626 I/System.out( 5706): params: {json={"query":"android.widget.AbsListView index:0","operation":{"method_name":"query","arguments":["getFirstVisiblePosition"]}}
06-05 18:18:22.626 I/System.out( 5706): }
06-05 18:18:22.639 I/System.out( 5706): URI: //map
06-05 18:18:22.639 I/System.out( 5706): params: {json={"query":"android.widget.AbsListView index:0","operation":{"method_name":"query","arguments":["getLastVisiblePosition"]}}
06-05 18:18:22.639 I/System.out( 5706): }
06-05 18:18:22.652 I/System.out( 5706): URI: //map
06-05 18:18:22.652 I/System.out( 5706): params: {json={"query":"android.widget.AbsListView index:0","operation":{"method_name":"query","arguments":[{"method_name":"setSelection","arguments":[26]}]}}
06-05 18:18:22.652 I/System.out( 5706): }
06-05 18:18:22.670 I/System.out( 5706): URI: //map
06-05 18:18:22.670 I/System.out( 5706): params: {json={"query":"* marked:'North'","operation":{"method_name":"query","arguments":[]}}
06-05 18:18:22.670 I/System.out( 5706): }
06-05 18:18:22.714 D/gralloc_ranchu( 1346): gralloc_alloc: Creating ashmem region of size 9023488
06-05 18:18:22.758 W/ResourceType( 5706): No package identifier when getting name for resource number 0x00000001
06-05 18:18:22.769 I/System.out( 5706): URI: //gesture
06-05 18:18:22.769 I/System.out( 5706): params: {json={"query_timeout":5.0,"gestures":[{"query_string":"* marked:'North'","touches":[{"x":50,"y":50,"offset_x":0,"offset_y":0,"wait":0.0,"time":0.2,"release":true,"query_string":null}]}]}
06-05 18:18:22.769 I/System.out( 5706): }
06-05 18:18:22.773 W/ResourceType( 5706): No package identifier when getting name for resource number 0x00000001
06-05 18:18:22.776 V/PhoneStatusBar( 1712): setLightsOn(true)
06-05 18:18:22.776 V/PhoneStatusBar( 1712): setLightsOn(true)
06-05 18:18:22.777 W/OpenGLRenderer( 2099): Incorrectly called buildLayer on View: ShortcutAndWidgetContainer, destroying layer...
06-05 18:18:22.793 I/WindowManager( 1630): Destroying surface Surface(name=com.android.launcher3/com.android.launcher3.Launcher) called by com.android.server.wm.WindowStateAnimator.destroySurface:2016 com.android.server.wm.WindowStateAnimator.destroySurfaceLocked:882 com.android.server.wm.WindowState.destroyOrSaveSurface:2100 com.android.server.wm.AppWindowToken.destroySurfaces:363 com.android.server.wm.AppWindowToken.notifyAppStopped:389 com.android.server.wm.WindowManagerService.notifyAppStopped:4463 com.android.server.am.ActivityStack.activityStoppedLocked:1252 com.android.server.am.ActivityManagerService.activityStopped:6903 
06-05 18:18:22.793 V/PhoneStatusBar( 1712): setLightsOn(true)
06-05 18:18:22.993 I/ActivityManager( 1630): START u0 {cmp=com.evancharlton.mileage/.charts.NorthChart (has extras)} from uid 10150 on display 0
06-05 18:18:22.994 V/PhoneStatusBar( 1712): setLightsOn(true)
06-05 18:18:22.995 V/PhoneStatusBar( 1712): setLightsOn(true)
06-05 18:18:23.005 I/System.out( 5706): URI: //map
06-05 18:18:23.005 I/System.out( 5706): params: {json={"query":"* {text CONTAINS[c] 'Farthest north fillup'}","operation":{"method_name":"query","arguments":[]}}
06-05 18:18:23.005 I/System.out( 5706): }
06-05 18:18:23.044 I/calabash( 5706): newActivity1
06-05 18:18:23.047 W/aiCharts( 5706): License file is invalid or missing. 
06-05 18:18:23.047 W/aiCharts( 5706): Please place proper license.lic to /assets folder.
06-05 18:18:23.061 V/PhoneStatusBar( 1712): setLightsOn(true)
06-05 18:18:23.092 V/PhoneStatusBar( 1712): setLightsOn(true)
06-05 18:18:23.097 I/WindowManager( 1630): Destroying surface Surface(name=Creating chart…) called by com.android.server.wm.WindowStateAnimator.destroySurface:2016 com.android.server.wm.WindowStateAnimator.destroySurfaceLocked:882 com.android.server.wm.WindowState.removeLocked:1456 com.android.server.wm.WindowManagerService.removeWindowInnerLocked:2484 com.android.server.wm.WindowManagerService.removeWindowLocked:2442 com.android.server.wm.WindowManagerService.removeWindowLocked:2311 com.android.server.wm.WindowManagerService.removeWindow:2306 com.android.server.wm.Session.remove:202 
06-05 18:18:23.100 D/gralloc_ranchu( 1346): gralloc_alloc: Creating ashmem region of size 9023488
06-05 18:18:23.109 V/PhoneStatusBar( 1712): setLightsOn(true)
06-05 18:18:23.123 I/ActivityManager( 1630): Displayed com.evancharlton.mileage/.charts.NorthChart: +81ms
06-05 18:18:23.126 V/PhoneStatusBar( 1712): setLightsOn(true)
06-05 18:18:23.151 W/NotificationService( 1630): Object died trying to hide notification android.app.ITransientNotification$Stub$Proxy@aa69be0 in package com.evancharlton.mileage
06-05 18:18:23.159 V/PhoneStatusBar( 1712): setLightsOn(true)
06-05 18:18:23.175 V/PhoneStatusBar( 1712): setLightsOn(true)
06-05 18:18:23.360 V/PhoneStatusBar( 1712): setLightsOn(true)
06-05 18:18:23.379 I/System.out( 5706): URI: //map
06-05 18:18:23.379 I/System.out( 5706): params: {json={"query":"* {text CONTAINS[c] 'Farthest north fillup'}","operation":{"method_name":"query","arguments":[]}}
06-05 18:18:23.379 I/System.out( 5706): }
06-05 18:18:23.393 I/System.out( 5706): URI: //
06-05 18:18:23.393 I/System.out( 5706): params: {json={"command":"press_key","arguments":["KEYCODE_BACK"]}
06-05 18:18:23.393 I/System.out( 5706): }
06-05 18:18:23.393 I/System.out( 5706): header: {content-type=application/json;charset=utf-8, date=Fri, 05 Jun 2020 23:18:23 GMT, accept=*/*, host=127.0.0.1:34784, content-length=52, user-agent=HTTPClient/1.0 (2.8.3, ruby 2.5.1 (2018-03-29))}
06-05 18:18:23.393 I/System.out( 5706): params: {json={"command":"press_key","arguments":["KEYCODE_BACK"]}
06-05 18:18:23.394 I/System.out( 5706): }
06-05 18:18:23.394 I/System.out( 5706): ProP json = {"command":"press_key","arguments":["KEYCODE_BACK"]}
06-05 18:18:23.394 I/System.out( 5706): files: {}
06-05 18:18:23.394 I/System.out( 5706): command: {"command":"press_key","arguments":["KEYCODE_BACK"]}
06-05 18:18:23.395 I/InstrumentationBackend( 5706): Got command:'Command:'Line:null,press_key', arguments:'[KEYCODE_BACK]'
06-05 18:18:23.398 V/PhoneStatusBar( 1712): setLightsOn(true)
06-05 18:18:23.401 V/PhoneStatusBar( 1712): setLightsOn(true)
06-05 18:18:23.402 I/art     ( 5706): Do partial code cache collection, code=60KB, data=62KB
06-05 18:18:23.402 I/art     ( 5706): After code cache collection, code=59KB, data=61KB
06-05 18:18:23.402 I/art     ( 5706): Increasing code cache capacity to 256KB
06-05 18:18:23.404 D/VehicleStatisticsActivity( 5706): Checking recalculation ...
06-05 18:18:23.404 I/System.out( 5706): result:{"bonusInformation":[],"message":"","success":true}
06-05 18:18:23.405 D/VehicleStatisticsActivity( 5706): Recalculation not necessary.
06-05 18:18:23.408 I/System.out( 5706): URI: //map
06-05 18:18:23.408 I/System.out( 5706): params: {json={"query":"* {text CONTAINS[c] 'Statistics'}","operation":{"method_name":"query","arguments":[]}}
06-05 18:18:23.408 I/System.out( 5706): }
06-05 18:18:23.409 V/PhoneStatusBar( 1712): setLightsOn(true)
06-05 18:18:23.425 D/gralloc_ranchu( 1346): gralloc_alloc: Creating ashmem region of size 9023488
06-05 18:18:23.427 V/PhoneStatusBar( 1712): setLightsOn(true)
06-05 18:18:23.443 V/PhoneStatusBar( 1712): setLightsOn(true)
06-05 18:18:23.476 V/PhoneStatusBar( 1712): setLightsOn(true)
