--------- beginning of system
06-05 21:21:04.620 W/ActivityManager( 1630): Duplicate finish request for ActivityRecord{fc2b915 u0 com.evancharlton.mileage/.Mileage t7486 f}
06-05 21:21:04.620 W/ActivityManager( 1630): Duplicate finish request for ActivityRecord{fc2b915 u0 com.evancharlton.mileage/.Mileage t7486 f}
06-05 21:21:04.620 W/ActivityManager( 1630): Duplicate finish request for ActivityRecord{fc2b915 u0 com.evancharlton.mileage/.Mileage t7486 f}
06-05 21:21:04.620 W/ActivityManager( 1630): Duplicate finish request for ActivityRecord{fc2b915 u0 com.evancharlton.mileage/.Mileage t7486 f}
06-05 21:21:04.620 W/ActivityManager( 1630): Duplicate finish request for ActivityRecord{fc2b915 u0 com.evancharlton.mileage/.Mileage t7486 f}
--------- beginning of main
06-05 21:21:04.627 V/PhoneStatusBar( 1711): setLightsOn(true)
06-05 21:21:04.629 D/gralloc_ranchu( 1347): gralloc_alloc: Creating ashmem region of size 3145728
06-05 21:21:04.634 E/EGL_emulation( 1347): tid 1347: eglCreateSyncKHR(1901): error 0x3004 (EGL_BAD_ATTRIBUTE)
06-05 21:21:04.646 W/ActivityManager( 1630): Finishing task with all activities already finished
06-05 21:21:04.646 W/ActivityManager( 1630): Duplicate finish request for ActivityRecord{75b49fb u0 com.evancharlton.mileage/.charts.WorstFuelEconomyChart t7486 f}
06-05 21:21:04.678 D/EGL_emulation( 2083): eglMakeCurrent: 0xb0f85240: ver 2 0 (tinfo 0xb0f832d0)
06-05 21:21:04.679 D/EGL_emulation( 1711): eglMakeCurrent: 0xb0f853c0: ver 2 0 (tinfo 0xb0f833e0)
06-05 21:21:04.694 D/EGL_emulation( 1711): eglMakeCurrent: 0xb0f853c0: ver 2 0 (tinfo 0xb0f833e0)
06-05 21:21:04.712 D/EGL_emulation( 1711): eglMakeCurrent: 0xb0f853c0: ver 2 0 (tinfo 0xb0f833e0)
06-05 21:21:04.727 D/EGL_emulation( 1711): eglMakeCurrent: 0xb0f853c0: ver 2 0 (tinfo 0xb0f833e0)
06-05 21:21:04.729 D/EGL_emulation( 1711): eglMakeCurrent: 0xb0f853c0: ver 2 0 (tinfo 0xb0f833e0)
06-05 21:21:04.744 D/EGL_emulation( 1711): eglMakeCurrent: 0xb0f853c0: ver 2 0 (tinfo 0xb0f833e0)
06-05 21:21:04.746 D/EGL_emulation( 1711): eglMakeCurrent: 0xb0f853c0: ver 2 0 (tinfo 0xb0f833e0)
06-05 21:21:04.761 D/AndroidRuntime( 8934): >>>>>> START com.android.internal.os.RuntimeInit uid 2000 <<<<<<
06-05 21:21:04.761 D/EGL_emulation( 1711): eglMakeCurrent: 0xb0f853c0: ver 2 0 (tinfo 0xb0f833e0)
06-05 21:21:04.762 D/AndroidRuntime( 8934): CheckJNI is ON
06-05 21:21:04.762 D/EGL_emulation( 1711): eglMakeCurrent: 0xb0f853c0: ver 2 0 (tinfo 0xb0f833e0)
06-05 21:21:04.772 W/art     ( 8934): Unexpected CPU variant for X86 using defaults: x86
06-05 21:21:04.774 D/ICU     ( 8934): No timezone override file found: /data/misc/zoneinfo/current/icu/icu_tzdata.dat
06-05 21:21:04.778 D/EGL_emulation( 1711): eglMakeCurrent: 0xb0f853c0: ver 2 0 (tinfo 0xb0f833e0)
06-05 21:21:04.779 D/EGL_emulation( 1711): eglMakeCurrent: 0xb0f853c0: ver 2 0 (tinfo 0xb0f833e0)
06-05 21:21:04.782 E/memtrack( 8934): Couldn't load memtrack module (No such file or directory)
06-05 21:21:04.782 E/android.os.Debug( 8934): failed to load memtrack module: -2
06-05 21:21:04.783 I/Radio-JNI( 8934): register_android_hardware_Radio DONE
06-05 21:21:04.788 D/AndroidRuntime( 8934): Calling main entry com.android.commands.am.Am
06-05 21:21:04.789 I/ActivityManager( 1630): Force stopping com.evancharlton.mileage appid=10286 user=0: start instr
06-05 21:21:04.789 I/ActivityManager( 1630): Killing 8890:com.evancharlton.mileage/u0a286 (adj 0): stop com.evancharlton.mileage
06-05 21:21:04.789 D/ActivityManager( 1630): cleanUpApplicationRecord -- 8890
06-05 21:21:04.789 W/ActivityManager( 1630): Crash of app com.evancharlton.mileage running instrumentation ComponentInfo{com.evancharlton.mileage.test/sh.calaba.instrumentationbackend.CalabashInstrumentationTestRunner}
06-05 21:21:04.789 I/ActivityManager( 1630): Force stopping com.evancharlton.mileage appid=10286 user=0: finished inst
06-05 21:21:04.792 I/art     ( 8944): Not late-enabling -Xcheck:jni (already on)
06-05 21:21:04.793 W/art     ( 8944): Unexpected CPU variant for X86 using defaults: x86
06-05 21:21:04.794 D/EGL_emulation( 1711): eglMakeCurrent: 0xb0f853c0: ver 2 0 (tinfo 0xb0f833e0)
06-05 21:21:04.796 D/EGL_emulation( 1711): eglMakeCurrent: 0xb0f853c0: ver 2 0 (tinfo 0xb0f833e0)
06-05 21:21:04.800 I/ActivityManager( 1630): Start proc 8944:com.evancharlton.mileage/u0a286 for added application com.evancharlton.mileage
06-05 21:21:04.800 D/AndroidRuntime( 8934): Shutting down VM
06-05 21:21:04.805 W/System  ( 8944): ClassLoader referenced unknown path: /data/app/com.evancharlton.mileage.test-1/lib/x86
06-05 21:21:04.805 W/System  ( 8944): ClassLoader referenced unknown path: /data/app/com.evancharlton.mileage-1/lib/x86
06-05 21:21:04.808 W/System  ( 8944): ClassLoader referenced unknown path: 
06-05 21:21:04.811 D/EGL_emulation( 1711): eglMakeCurrent: 0xb0f853c0: ver 2 0 (tinfo 0xb0f833e0)
06-05 21:21:04.813 D/EGL_emulation( 1711): eglMakeCurrent: 0xb0f853c0: ver 2 0 (tinfo 0xb0f833e0)
06-05 21:21:04.814 I/System.out( 8944): Main activity name automatically set to: com.evancharlton.mileage.Mileage
06-05 21:21:04.814 I/System.out( 8944): Calabash did not load Mono. This is only a problem if you are trying to test a Mono application
06-05 21:21:04.814 I/calabash( 8944): Test server port: 7102
06-05 21:21:04.815 I/InstrumentationBackend( 8944): Added:'GetPreferences', with key:'get_preferences'
06-05 21:21:04.820 I/InstrumentationBackend( 8944): Added:'SetPreferences', with key:'set_preferences'
06-05 21:21:04.820 I/InstrumentationBackend( 8944): Added:'ClearPreferences', with key:'clear_preferences'
06-05 21:21:04.820 I/InstrumentationBackend( 8944): Added:'PressElement', with key:'press_l10n_element'
06-05 21:21:04.820 I/InstrumentationBackend( 8944): Added:'WaitForElement', with key:'wait_for_l10n_element'
06-05 21:21:04.820 I/InstrumentationBackend( 8944): Added:'NullAction', with key:'nullAction'
06-05 21:21:04.820 I/InstrumentationBackend( 8944): Added:'PressKey', with key:'press_key'
06-05 21:21:04.820 I/InstrumentationBackend( 8944): Added:'SetActivityOrientation', with key:'set_activity_orientation'
06-05 21:21:04.820 I/InstrumentationBackend( 8944): Added:'GetActivityOrientation', with key:'get_activity_orientation'
06-05 21:21:04.820 I/InstrumentationBackend( 8944): Added:'FakeGPSLocation', with key:'set_gps_coordinates'
06-05 21:21:04.820 I/InstrumentationBackend( 8944): Added:'SetPropertyByCssSelector', with key:'set_property_by_css_selector'
06-05 21:21:04.820 I/InstrumentationBackend( 8944): Added:'GetUrl', with key:'get_url'
06-05 21:21:04.821 I/InstrumentationBackend( 8944): Added:'ScrollTo', with key:'scroll_to'
06-05 21:21:04.821 I/InstrumentationBackend( 8944): Added:'GetLoadProgress', with key:'get_load_progress'
06-05 21:21:04.821 I/InstrumentationBackend( 8944): Added:'DumpHtml', with key:'dump_html'
06-05 21:21:04.821 I/InstrumentationBackend( 8944): Added:'DumpBodyHtml', with key:'dump_body_html'
06-05 21:21:04.821 I/InstrumentationBackend( 8944): Added:'EnterTextByCssSelector', with key:'enter_text_by_selector'
06-05 21:21:04.821 I/InstrumentationBackend( 8944): Added:'AndroidSDKVersion', with key:'android_sdk_version'
06-05 21:21:04.821 I/InstrumentationBackend( 8944): Added:'Version', with key:'version'
06-05 21:21:04.821 I/InstrumentationBackend( 8944): Added:'Drag', with key:'drag'
06-05 21:21:04.822 I/InstrumentationBackend( 8944): Added:'TouchCoordinates', with key:'touch_coordinate'
06-05 21:21:04.822 I/InstrumentationBackend( 8944): Added:'LongPressCoordinate', with key:'long_press_coordinate'
06-05 21:21:04.822 I/InstrumentationBackend( 8944): Added:'DragCoordinates', with key:'drag_coordinates'
06-05 21:21:04.822 I/InstrumentationBackend( 8944): Added:'ResumeApplication', with key:'resume_application'
06-05 21:21:04.822 I/InstrumentationBackend( 8944): Added:'Swipe', with key:'swipe'
06-05 21:21:04.822 I/InstrumentationBackend( 8944): Added:'DoubleTapCoordinate', with key:'double_tap_coordinate'
06-05 21:21:04.822 I/InstrumentationBackend( 8944): Added:'ClickOnScreen', with key:'click_on_screen'
06-05 21:21:04.822 I/InstrumentationBackend( 8944): Added:'GetActivityName', with key:'get_activity_name'
06-05 21:21:04.822 I/InstrumentationBackend( 8944): Added:'ScrollToView', with key:'scroll_to_view'
06-05 21:21:04.822 I/InstrumentationBackend( 8944): Added:'ViewConfiguration', with key:'view_configuration'
06-05 21:21:04.822 I/InstrumentationBackend( 8944): Added:'IsCurrentActivityFocused', with key:'is_current_activity_focused'
06-05 21:21:04.822 I/InstrumentationBackend( 8944): Added:'SendTcp', with key:'send_tcp'
06-05 21:21:04.822 I/InstrumentationBackend( 8944): Added:'DpToDevicePixel', with key:'dp_to_device_pixel'
06-05 21:21:04.822 I/InstrumentationBackend( 8944): Added:'KeyboardEnterText', with key:'keyboard_enter_text'
06-05 21:21:04.822 I/InstrumentationBackend( 8944): Added:'DeleteSurroundingText', with key:'delete_surrounding_text'
06-05 21:21:04.822 I/InstrumentationBackend( 8944): Added:'SetComposingRegion', with key:'set_composing_region'
06-05 21:21:04.822 I/InstrumentationBackend( 8944): Added:'SetSelection', with key:'set_selection'
06-05 21:21:04.822 I/InstrumentationBackend( 8944): Added:'KeyboardKeyEvent', with key:'keyboard_key_event'
06-05 21:21:04.822 I/InstrumentationBackend( 8944): Added:'PressUserActionButton', with key:'press_user_action_button'
06-05 21:21:04.822 I/InstrumentationBackend( 8944): Added:'HideSoftKeyboard', with key:'hide_soft_keyboard'
06-05 21:21:04.823 I/InstrumentationBackend( 8944): Added:'ListActions', with key:'list_actions'
06-05 21:21:04.823 I/calabash( 8944): Instantiating http server at 7102
06-05 21:21:04.823 I/System.out( 8944): HTTP Daemon listening on: 7102
06-05 21:21:04.828 D/EGL_emulation( 1711): eglMakeCurrent: 0xb0f853c0: ver 2 0 (tinfo 0xb0f833e0)
06-05 21:21:04.828 W/InputDispatcher( 1630): channel '4c25ead com.evancharlton.mileage/com.evancharlton.mileage.charts.WorstFuelEconomyChart (server)' ~ Consumer closed input channel or an error occurred.  events=0x9
06-05 21:21:04.828 E/InputDispatcher( 1630): channel '4c25ead com.evancharlton.mileage/com.evancharlton.mileage.charts.WorstFuelEconomyChart (server)' ~ Channel is unrecoverably broken and will be disposed!
06-05 21:21:04.828 I/WindowManager( 1630): WIN DEATH: Window{4c25ead u0 com.evancharlton.mileage/com.evancharlton.mileage.charts.WorstFuelEconomyChart EXITING}
06-05 21:21:04.828 W/InputDispatcher( 1630): Attempted to unregister already unregistered input channel '4c25ead com.evancharlton.mileage/com.evancharlton.mileage.charts.WorstFuelEconomyChart (server)'
06-05 21:21:04.829 I/WindowManager( 1630): WIN DEATH: Window{16836e8 u0 com.evancharlton.mileage/com.evancharlton.mileage.Mileage EXITING}
06-05 21:21:04.841 D/EGL_emulation( 1711): eglMakeCurrent: 0xb0f853c0: ver 2 0 (tinfo 0xb0f833e0)
06-05 21:21:04.844 D/EGL_emulation( 1711): eglMakeCurrent: 0xb0f853c0: ver 2 0 (tinfo 0xb0f833e0)
06-05 21:21:04.846 D/EGL_emulation( 1711): eglMakeCurrent: 0xb0f853c0: ver 2 0 (tinfo 0xb0f833e0)
06-05 21:21:04.861 D/EGL_emulation( 1711): eglMakeCurrent: 0xb0f853c0: ver 2 0 (tinfo 0xb0f833e0)
06-05 21:21:04.862 D/EGL_emulation( 1711): eglMakeCurrent: 0xb0f853c0: ver 2 0 (tinfo 0xb0f833e0)
06-05 21:21:04.878 D/EGL_emulation( 1711): eglMakeCurrent: 0xb0f853c0: ver 2 0 (tinfo 0xb0f833e0)
06-05 21:21:04.894 D/EGL_emulation( 1711): eglMakeCurrent: 0xb0f853c0: ver 2 0 (tinfo 0xb0f833e0)
06-05 21:21:04.896 D/EGL_emulation( 1711): eglMakeCurrent: 0xb0f853c0: ver 2 0 (tinfo 0xb0f833e0)
06-05 21:21:04.910 I/System.out( 8944): URI: //ping
06-05 21:21:04.910 I/System.out( 8944): params: {json={}
06-05 21:21:04.910 I/System.out( 8944): }
06-05 21:21:04.911 D/EGL_emulation( 1711): eglMakeCurrent: 0xb0f853c0: ver 2 0 (tinfo 0xb0f833e0)
06-05 21:21:04.912 D/EGL_emulation( 1711): eglMakeCurrent: 0xb0f853c0: ver 2 0 (tinfo 0xb0f833e0)
06-05 21:21:04.914 I/System.out( 8944): URI: //ping
06-05 21:21:04.914 I/System.out( 8944): params: {json={}
06-05 21:21:04.914 I/System.out( 8944): }
06-05 21:21:04.916 I/System.out( 8944): URI: //ready
06-05 21:21:04.916 I/System.out( 8944): params: {json={}
06-05 21:21:04.916 I/System.out( 8944): }
06-05 21:21:04.918 I/System.out( 8944): URI: //
06-05 21:21:04.918 I/System.out( 8944): params: {json={"command":"version","arguments":[]}
06-05 21:21:04.918 I/System.out( 8944): }
06-05 21:21:04.918 I/System.out( 8944): header: {content-type=application/json;charset=utf-8, date=Sat, 06 Jun 2020 02:21:05 GMT, accept=*/*, host=127.0.0.1:34777, content-length=36, user-agent=HTTPClient/1.0 (2.8.3, ruby 2.5.1 (2018-03-29))}
06-05 21:21:04.918 I/System.out( 8944): params: {json={"command":"version","arguments":[]}
06-05 21:21:04.918 I/System.out( 8944): }
06-05 21:21:04.918 I/System.out( 8944): ProP json = {"command":"version","arguments":[]}
06-05 21:21:04.918 I/System.out( 8944): files: {}
06-05 21:21:04.918 I/System.out( 8944): command: {"command":"version","arguments":[]}
06-05 21:21:04.921 I/InstrumentationBackend( 8944): Got command:'Command:'Line:null,version', arguments:'[]'
06-05 21:21:04.927 I/System.out( 8944): result:{"bonusInformation":[],"message":"0.9.8","success":true}
06-05 21:21:04.929 I/System.out( 8944): URI: //start-application
06-05 21:21:04.929 I/System.out( 8944): params: {json={"intent":null}
06-05 21:21:04.929 I/System.out( 8944): }
06-05 21:21:04.938 I/ActivityManager( 1630): START u0 {act=android.intent.action.MAIN cat=[android.intent.category.LAUNCHER] flg=0x10200000 cmp=com.evancharlton.mileage/.Mileage} from uid 10286 on display 0
06-05 21:21:04.945 I/calabash( 8944): newActivity1
06-05 21:21:04.953 I/calabash( 8944): newActivity1
06-05 21:21:04.954 W/ActivityManager( 1630): Bad activity token: android.os.BinderProxy@f0d61db
06-05 21:21:04.954 W/ActivityManager( 1630): java.lang.ClassCastException: android.os.BinderProxy cannot be cast to com.android.server.am.ActivityRecord$Token
06-05 21:21:04.954 W/ActivityManager( 1630): 	at com.android.server.am.ActivityRecord.forTokenLocked(ActivityRecord.java:586)
06-05 21:21:04.954 W/ActivityManager( 1630): 	at com.android.server.am.ActivityRecord.isInStackLocked(ActivityRecord.java:1327)
06-05 21:21:04.954 W/ActivityManager( 1630): 	at com.android.server.am.ActivityRecord.getStackLocked(ActivityRecord.java:1332)
06-05 21:21:04.954 W/ActivityManager( 1630): 	at com.android.server.am.ActivityManagerService.getActivityDisplayId(ActivityManagerService.java:9806)
06-05 21:21:04.954 W/ActivityManager( 1630): 	at android.app.ActivityManagerNative.onTransact(ActivityManagerNative.java:2566)
06-05 21:21:04.954 W/ActivityManager( 1630): 	at com.android.server.am.ActivityManagerService.onTransact(ActivityManagerService.java:2757)
06-05 21:21:04.954 W/ActivityManager( 1630): 	at android.os.Binder.execTransact(Binder.java:565)
06-05 21:21:04.955 W/ActivityManager( 1630): Bad activity token: android.os.BinderProxy@f0d61db
06-05 21:21:04.955 W/ActivityManager( 1630): java.lang.ClassCastException: android.os.BinderProxy cannot be cast to com.android.server.am.ActivityRecord$Token
06-05 21:21:04.955 W/ActivityManager( 1630): 	at com.android.server.am.ActivityRecord.forTokenLocked(ActivityRecord.java:586)
06-05 21:21:04.955 W/ActivityManager( 1630): 	at com.android.server.am.ActivityRecord.isInStackLocked(ActivityRecord.java:1327)
06-05 21:21:04.955 W/ActivityManager( 1630): 	at com.android.server.am.ActivityManagerService.setTaskDescription(ActivityManagerService.java:9358)
06-05 21:21:04.955 W/ActivityManager( 1630): 	at android.app.ActivityManagerNative.onTransact(ActivityManagerNative.java:2639)
06-05 21:21:04.955 W/ActivityManager( 1630): 	at com.android.server.am.ActivityManagerService.onTransact(ActivityManagerService.java:2757)
06-05 21:21:04.955 W/ActivityManager( 1630): 	at android.os.Binder.execTransact(Binder.java:565)
06-05 21:21:04.955 W/ActivityManager( 1630): Bad activity token: android.os.BinderProxy@f0d61db
06-05 21:21:04.955 W/ActivityManager( 1630): java.lang.ClassCastException: android.os.BinderProxy cannot be cast to com.android.server.am.ActivityRecord$Token
06-05 21:21:04.955 W/ActivityManager( 1630): 	at com.android.server.am.ActivityRecord.forTokenLocked(ActivityRecord.java:586)
06-05 21:21:04.955 W/ActivityManager( 1630): 	at com.android.server.am.ActivityRecord.isInStackLocked(ActivityRecord.java:1327)
06-05 21:21:04.955 W/ActivityManager( 1630): 	at com.android.server.am.ActivityRecord.getStackLocked(ActivityRecord.java:1332)
06-05 21:21:04.955 W/ActivityManager( 1630): 	at com.android.server.am.ActivityManagerService.getActivityStackId(ActivityManagerService.java:9817)
06-05 21:21:04.955 W/ActivityManager( 1630): 	at android.app.ActivityManagerNative.onTransact(ActivityManagerNative.java:2856)
06-05 21:21:04.955 W/ActivityManager( 1630): 	at com.android.server.am.ActivityManagerService.onTransact(ActivityManagerService.java:2757)
06-05 21:21:04.955 W/ActivityManager( 1630): 	at android.os.Binder.execTransact(Binder.java:565)
06-05 21:21:04.962 D/gralloc_ranchu( 1347): gralloc_alloc: Creating ashmem region of size 9023488
06-05 21:21:04.971 W/ActivityManager( 1630): Bad activity token: android.os.BinderProxy@f0d61db
06-05 21:21:04.971 W/ActivityManager( 1630): java.lang.ClassCastException: android.os.BinderProxy cannot be cast to com.android.server.am.ActivityRecord$Token
06-05 21:21:04.971 W/ActivityManager( 1630): 	at com.android.server.am.ActivityRecord.forTokenLocked(ActivityRecord.java:586)
06-05 21:21:04.971 W/ActivityManager( 1630): 	at com.android.server.am.ActivityRecord.isInStackLocked(ActivityRecord.java:1327)
06-05 21:21:04.971 W/ActivityManager( 1630): 	at com.android.server.am.ActivityManagerService.getActivityOptions(ActivityManagerService.java:12559)
06-05 21:21:04.971 W/ActivityManager( 1630): 	at android.app.ActivityManagerNative.onTransact(ActivityManagerNative.java:1933)
06-05 21:21:04.971 W/ActivityManager( 1630): 	at com.android.server.am.ActivityManagerService.onTransact(ActivityManagerService.java:2757)
06-05 21:21:04.971 W/ActivityManager( 1630): 	at android.os.Binder.execTransact(Binder.java:565)
06-05 21:21:04.971 W/ActivityManager( 1630): Bad activity token: android.os.BinderProxy@f0d61db
06-05 21:21:04.971 W/ActivityManager( 1630): java.lang.ClassCastException: android.os.BinderProxy cannot be cast to com.android.server.am.ActivityRecord$Token
06-05 21:21:04.971 W/ActivityManager( 1630): 	at com.android.server.am.ActivityRecord.forTokenLocked(ActivityRecord.java:586)
06-05 21:21:04.971 W/ActivityManager( 1630): 	at com.android.server.am.ActivityRecord.isInStackLocked(ActivityRecord.java:1327)
06-05 21:21:04.971 W/ActivityManager( 1630): 	at com.android.server.am.ActivityManagerService.getActivityOptions(ActivityManagerService.java:12559)
06-05 21:21:04.971 W/ActivityManager( 1630): 	at android.app.ActivityManagerNative.onTransact(ActivityManagerNative.java:1933)
06-05 21:21:04.971 W/ActivityManager( 1630): 	at com.android.server.am.ActivityManagerService.onTransact(ActivityManagerService.java:2757)
06-05 21:21:04.971 W/ActivityManager( 1630): 	at android.os.Binder.execTransact(Binder.java:565)
06-05 21:21:04.997 V/PhoneStatusBar( 1711): setLightsOn(true)
06-05 21:21:05.011 D/gralloc_ranchu( 1347): gralloc_alloc: Creating ashmem region of size 9023488
06-05 21:21:05.016 D/EGL_emulation( 2083): eglMakeCurrent: 0xb0f85240: ver 2 0 (tinfo 0xb0f832d0)
06-05 21:21:05.017 D/        ( 8944): HostConnection::get() New Host Connection established 0xa4a95500, tid 8944
06-05 21:21:05.018 D/EGL_emulation( 1711): eglMakeCurrent: 0xb0f853c0: ver 2 0 (tinfo 0xb0f833e0)
06-05 21:21:05.057 D/EGL_emulation( 1711): eglMakeCurrent: 0xb0f853c0: ver 2 0 (tinfo 0xb0f833e0)
06-05 21:21:05.061 D/EGL_emulation( 1711): eglMakeCurrent: 0xb0f853c0: ver 2 0 (tinfo 0xb0f833e0)
06-05 21:21:05.062 V/PhoneStatusBar( 1711): setLightsOn(true)
06-05 21:21:05.063 D/EGL_emulation( 1711): eglMakeCurrent: 0xb0f853c0: ver 2 0 (tinfo 0xb0f833e0)
06-05 21:21:05.065 D/EGL_emulation( 1711): eglMakeCurrent: 0xb0f853c0: ver 2 0 (tinfo 0xb0f833e0)
06-05 21:21:05.078 D/EGL_emulation( 1711): eglMakeCurrent: 0xb0f853c0: ver 2 0 (tinfo 0xb0f833e0)
06-05 21:21:05.081 D/EGL_emulation( 1711): eglMakeCurrent: 0xb0f853c0: ver 2 0 (tinfo 0xb0f833e0)
06-05 21:21:05.096 D/gralloc_ranchu( 1347): gralloc_alloc: Creating ashmem region of size 9023488
06-05 21:21:05.097 D/EGL_emulation( 1711): eglMakeCurrent: 0xb0f853c0: ver 2 0 (tinfo 0xb0f833e0)
06-05 21:21:05.117 D/EGL_emulation( 1711): eglMakeCurrent: 0xb0f853c0: ver 2 0 (tinfo 0xb0f833e0)
06-05 21:21:05.119 I/ActivityManager( 1630): Displayed com.evancharlton.mileage/.Mileage: +178ms
06-05 21:21:05.119 I/WindowManager( 1630): Destroying surface Surface(name=com.evancharlton.mileage/com.evancharlton.mileage.Mileage) called by com.android.server.wm.WindowStateAnimator.destroySurface:2016 com.android.server.wm.WindowStateAnimator.destroySurfaceLocked:882 com.android.server.wm.WindowState.removeLocked:1456 com.android.server.wm.WindowManagerService.removeWindowInnerLocked:2484 com.android.server.wm.AppWindowToken.destroySurfaces:365 com.android.server.wm.WindowStateAnimator.finishExit:565 com.android.server.wm.AppWindowAnimator.stepAnimationLocked:427 com.android.server.wm.WindowAnimator.updateAppWindowsLocked:196 
06-05 21:21:05.120 D/EGL_emulation( 1711): eglMakeCurrent: 0xb0f853c0: ver 2 0 (tinfo 0xb0f833e0)
06-05 21:21:05.121 I/WindowManager( 1630): Destroying surface Surface(name=com.evancharlton.mileage/com.evancharlton.mileage.charts.WorstFuelEconomyChart) called by com.android.server.wm.WindowStateAnimator.destroySurface:2016 com.android.server.wm.WindowStateAnimator.destroySurfaceLocked:882 com.android.server.wm.WindowState.removeLocked:1456 com.android.server.wm.WindowManagerService.removeWindowInnerLocked:2484 com.android.server.wm.AppWindowToken.destroySurfaces:365 com.android.server.wm.WindowStateAnimator.finishExit:565 com.android.server.wm.AppWindowAnimator.stepAnimationLocked:427 com.android.server.wm.WindowAnimator.updateAppWindowsLocked:196 
06-05 21:21:05.129 D/EGL_emulation( 1711): eglMakeCurrent: 0xb0f853c0: ver 2 0 (tinfo 0xb0f833e0)
06-05 21:21:05.129 E/SurfaceFlinger( 1347): getLayerUser(name=0xb4620190) is dead
06-05 21:21:05.133 D/EGL_emulation( 1711): eglMakeCurrent: 0xb0f853c0: ver 2 0 (tinfo 0xb0f833e0)
06-05 21:21:05.135 D/EGL_emulation( 1711): eglMakeCurrent: 0xb0f853c0: ver 2 0 (tinfo 0xb0f833e0)
06-05 21:21:05.135 V/PhoneStatusBar( 1711): setLightsOn(true)
06-05 21:21:05.145 D/EGL_emulation( 1711): eglMakeCurrent: 0xb0f853c0: ver 2 0 (tinfo 0xb0f833e0)
06-05 21:21:05.146 D/EGL_emulation( 1711): eglMakeCurrent: 0xb0f853c0: ver 2 0 (tinfo 0xb0f833e0)
06-05 21:21:05.150 I/System.out( 8944): URI: //map
06-05 21:21:05.150 I/System.out( 8944): params: {json={"query":"* marked:'Statistics'","operation":{"method_name":"query","arguments":[]}}
06-05 21:21:05.150 I/System.out( 8944): }
06-05 21:21:05.161 D/EGL_emulation( 1711): eglMakeCurrent: 0xb0f853c0: ver 2 0 (tinfo 0xb0f833e0)
06-05 21:21:05.162 W/ResourceType( 8944): No package identifier when getting name for resource number 0x00000001
06-05 21:21:05.162 D/EGL_emulation( 1711): eglMakeCurrent: 0xb0f853c0: ver 2 0 (tinfo 0xb0f833e0)
06-05 21:21:05.176 I/System.out( 8944): URI: //gesture
06-05 21:21:05.176 I/System.out( 8944): params: {json={"query_timeout":5.0,"gestures":[{"query_string":"* marked:'Statistics'","touches":[{"x":50,"y":50,"offset_x":0,"offset_y":0,"wait":0.0,"time":0.2,"release":true,"query_string":null}]}]}
06-05 21:21:05.176 I/System.out( 8944): }
06-05 21:21:05.178 D/EGL_emulation( 1711): eglMakeCurrent: 0xb0f853c0: ver 2 0 (tinfo 0xb0f833e0)
06-05 21:21:05.179 D/EGL_emulation( 1711): eglMakeCurrent: 0xb0f853c0: ver 2 0 (tinfo 0xb0f833e0)
06-05 21:21:05.182 W/ResourceType( 8944): No package identifier when getting name for resource number 0x00000001
06-05 21:21:05.194 D/EGL_emulation( 1711): eglMakeCurrent: 0xb0f853c0: ver 2 0 (tinfo 0xb0f833e0)
06-05 21:21:05.204 D/EGL_emulation( 1711): eglMakeCurrent: 0xb0f853c0: ver 2 0 (tinfo 0xb0f833e0)
06-05 21:21:05.221 D/EGL_emulation( 1711): eglMakeCurrent: 0xb0f853c0: ver 2 0 (tinfo 0xb0f833e0)
06-05 21:21:05.226 D/EGL_emulation( 1711): eglMakeCurrent: 0xb0f853c0: ver 2 0 (tinfo 0xb0f833e0)
06-05 21:21:05.228 D/EGL_emulation( 1711): eglMakeCurrent: 0xb0f853c0: ver 2 0 (tinfo 0xb0f833e0)
06-05 21:21:05.312 I/WindowManager( 1630): Destroying surface Surface(name=Starting com.evancharlton.mileage) called by com.android.server.wm.WindowStateAnimator.destroySurface:2016 com.android.server.wm.WindowStateAnimator.destroySurfaceLocked:882 com.android.server.wm.WindowState.destroyOrSaveSurface:2100 com.android.server.wm.AppWindowToken.destroySurfaces:363 com.android.server.wm.WindowStateAnimator.finishExit:565 com.android.server.wm.WindowStateAnimator.stepAnimationLocked:491 com.android.server.wm.WindowAnimator.updateWindowsLocked:303 com.android.server.wm.WindowAnimator.animateLocked:704 
06-05 21:21:05.315 V/PhoneStatusBar( 1711): setLightsOn(true)
06-05 21:21:05.345 V/PhoneStatusBar( 1711): setLightsOn(true)
06-05 21:21:05.412 I/calabash( 8944): newActivity1
06-05 21:21:05.424 I/System.out( 8944): URI: //map
06-05 21:21:05.424 I/System.out( 8944): params: {json={"query":"* marked:'Best fuel economy'","operation":{"method_name":"query","arguments":[]}}
06-05 21:21:05.424 I/System.out( 8944): }
06-05 21:21:05.424 W/ActivityManager( 1630): Bad activity token: android.os.BinderProxy@d6956c1
06-05 21:21:05.424 W/ActivityManager( 1630): java.lang.ClassCastException: android.os.BinderProxy cannot be cast to com.android.server.am.ActivityRecord$Token
06-05 21:21:05.424 W/ActivityManager( 1630): 	at com.android.server.am.ActivityRecord.forTokenLocked(ActivityRecord.java:586)
06-05 21:21:05.424 W/ActivityManager( 1630): 	at com.android.server.am.ActivityRecord.isInStackLocked(ActivityRecord.java:1327)
06-05 21:21:05.424 W/ActivityManager( 1630): 	at com.android.server.am.ActivityRecord.getStackLocked(ActivityRecord.java:1332)
06-05 21:21:05.424 W/ActivityManager( 1630): 	at com.android.server.am.ActivityManagerService.getActivityDisplayId(ActivityManagerService.java:9806)
06-05 21:21:05.424 W/ActivityManager( 1630): 	at android.app.ActivityManagerNative.onTransact(ActivityManagerNative.java:2566)
06-05 21:21:05.424 W/ActivityManager( 1630): 	at com.android.server.am.ActivityManagerService.onTransact(ActivityManagerService.java:2757)
06-05 21:21:05.424 W/ActivityManager( 1630): 	at android.os.Binder.execTransact(Binder.java:565)
06-05 21:21:05.425 W/ActivityManager( 1630): Bad activity token: android.os.BinderProxy@d6956c1
06-05 21:21:05.425 W/ActivityManager( 1630): java.lang.ClassCastException: android.os.BinderProxy cannot be cast to com.android.server.am.ActivityRecord$Token
06-05 21:21:05.425 W/ActivityManager( 1630): 	at com.android.server.am.ActivityRecord.forTokenLocked(ActivityRecord.java:586)
06-05 21:21:05.425 W/ActivityManager( 1630): 	at com.android.server.am.ActivityRecord.isInStackLocked(ActivityRecord.java:1327)
06-05 21:21:05.425 W/ActivityManager( 1630): 	at com.android.server.am.ActivityManagerService.setTaskDescription(ActivityManagerService.java:9358)
06-05 21:21:05.425 W/ActivityManager( 1630): 	at android.app.ActivityManagerNative.onTransact(ActivityManagerNative.java:2639)
06-05 21:21:05.425 W/ActivityManager( 1630): 	at com.android.server.am.ActivityManagerService.onTransact(ActivityManagerService.java:2757)
06-05 21:21:05.425 W/ActivityManager( 1630): 	at android.os.Binder.execTransact(Binder.java:565)
06-05 21:21:05.426 W/ActivityManager( 1630): Bad activity token: android.os.BinderProxy@d6956c1
06-05 21:21:05.426 W/ActivityManager( 1630): java.lang.ClassCastException: android.os.BinderProxy cannot be cast to com.android.server.am.ActivityRecord$Token
06-05 21:21:05.426 W/ActivityManager( 1630): 	at com.android.server.am.ActivityRecord.forTokenLocked(ActivityRecord.java:586)
06-05 21:21:05.426 W/ActivityManager( 1630): 	at com.android.server.am.ActivityRecord.isInStackLocked(ActivityRecord.java:1327)
06-05 21:21:05.426 W/ActivityManager( 1630): 	at com.android.server.am.ActivityRecord.getStackLocked(ActivityRecord.java:1332)
06-05 21:21:05.426 W/ActivityManager( 1630): 	at com.android.server.am.ActivityManagerService.getActivityStackId(ActivityManagerService.java:9817)
06-05 21:21:05.426 W/ActivityManager( 1630): 	at android.app.ActivityManagerNative.onTransact(ActivityManagerNative.java:2856)
06-05 21:21:05.426 W/ActivityManager( 1630): 	at com.android.server.am.ActivityManagerService.onTransact(ActivityManagerService.java:2757)
06-05 21:21:05.426 W/ActivityManager( 1630): 	at android.os.Binder.execTransact(Binder.java:565)
06-05 21:21:05.434 D/VehicleStatisticsActivity( 8944): Checking recalculation ...
06-05 21:21:05.435 D/VehicleStatisticsActivity( 8944): Recalculation not necessary.
06-05 21:21:05.444 W/ActivityManager( 1630): Bad activity token: android.os.BinderProxy@d6956c1
06-05 21:21:05.444 W/ActivityManager( 1630): java.lang.ClassCastException: android.os.BinderProxy cannot be cast to com.android.server.am.ActivityRecord$Token
06-05 21:21:05.444 W/ActivityManager( 1630): 	at com.android.server.am.ActivityRecord.forTokenLocked(ActivityRecord.java:586)
06-05 21:21:05.444 W/ActivityManager( 1630): 	at com.android.server.am.ActivityRecord.isInStackLocked(ActivityRecord.java:1327)
06-05 21:21:05.444 W/ActivityManager( 1630): 	at com.android.server.am.ActivityManagerService.getActivityOptions(ActivityManagerService.java:12559)
06-05 21:21:05.444 W/ActivityManager( 1630): 	at android.app.ActivityManagerNative.onTransact(ActivityManagerNative.java:1933)
06-05 21:21:05.444 W/ActivityManager( 1630): 	at com.android.server.am.ActivityManagerService.onTransact(ActivityManagerService.java:2757)
06-05 21:21:05.444 W/ActivityManager( 1630): 	at android.os.Binder.execTransact(Binder.java:565)
06-05 21:21:05.445 W/ActivityManager( 1630): Bad activity token: android.os.BinderProxy@d6956c1
06-05 21:21:05.445 W/ActivityManager( 1630): java.lang.ClassCastException: android.os.BinderProxy cannot be cast to com.android.server.am.ActivityRecord$Token
06-05 21:21:05.445 W/ActivityManager( 1630): 	at com.android.server.am.ActivityRecord.forTokenLocked(ActivityRecord.java:586)
06-05 21:21:05.445 W/ActivityManager( 1630): 	at com.android.server.am.ActivityRecord.isInStackLocked(ActivityRecord.java:1327)
06-05 21:21:05.445 W/ActivityManager( 1630): 	at com.android.server.am.ActivityManagerService.getActivityOptions(ActivityManagerService.java:12559)
06-05 21:21:05.445 W/ActivityManager( 1630): 	at android.app.ActivityManagerNative.onTransact(ActivityManagerNative.java:1933)
06-05 21:21:05.445 W/ActivityManager( 1630): 	at com.android.server.am.ActivityManagerService.onTransact(ActivityManagerService.java:2757)
06-05 21:21:05.445 W/ActivityManager( 1630): 	at android.os.Binder.execTransact(Binder.java:565)
06-05 21:21:05.447 D/VehicleStatisticsActivity( 8944): Checking recalculation ...
06-05 21:21:05.448 D/VehicleStatisticsActivity( 8944): Recalculation not necessary.
06-05 21:21:05.477 V/PhoneStatusBar( 1711): setLightsOn(true)
06-05 21:21:05.534 W/ResourceType( 8944): No package identifier when getting name for resource number 0x00000001
06-05 21:21:05.536 I/art     ( 8944): Do partial code cache collection, code=30KB, data=29KB
06-05 21:21:05.536 I/art     ( 8944): After code cache collection, code=29KB, data=29KB
06-05 21:21:05.536 I/art     ( 8944): Increasing code cache capacity to 128KB
06-05 21:21:05.547 I/System.out( 8944): URI: //gesture
06-05 21:21:05.547 I/System.out( 8944): params: {json={"query_timeout":5.0,"gestures":[{"query_string":"* marked:'Best fuel economy'","touches":[{"x":50,"y":50,"offset_x":0,"offset_y":0,"wait":0.0,"time":0.2,"release":true,"query_string":null}]}]}
06-05 21:21:05.547 I/System.out( 8944): }
06-05 21:21:05.552 W/ResourceType( 8944): No package identifier when getting name for resource number 0x00000001
06-05 21:21:05.761 V/PhoneStatusBar( 1711): setLightsOn(true)
06-05 21:21:05.763 V/PhoneStatusBar( 1711): setLightsOn(true)
06-05 21:21:05.764 W/OpenGLRenderer( 2083): Incorrectly called buildLayer on View: ShortcutAndWidgetContainer, destroying layer...
06-05 21:21:05.778 I/WindowManager( 1630): Destroying surface Surface(name=com.android.launcher3/com.android.launcher3.Launcher) called by com.android.server.wm.WindowStateAnimator.destroySurface:2016 com.android.server.wm.WindowStateAnimator.destroySurfaceLocked:882 com.android.server.wm.WindowState.destroyOrSaveSurface:2100 com.android.server.wm.AppWindowToken.destroySurfaces:363 com.android.server.wm.AppWindowToken.notifyAppStopped:389 com.android.server.wm.WindowManagerService.notifyAppStopped:4463 com.android.server.am.ActivityStack.activityStoppedLocked:1252 com.android.server.am.ActivityManagerService.activityStopped:6903 
06-05 21:21:05.779 I/ActivityManager( 1630): START u0 {cmp=com.evancharlton.mileage/.charts.BestFuelEconomyChart (has extras)} from uid 10286 on display 0
06-05 21:21:05.782 V/PhoneStatusBar( 1711): setLightsOn(true)
06-05 21:21:05.782 V/PhoneStatusBar( 1711): setLightsOn(true)
06-05 21:21:05.782 V/PhoneStatusBar( 1711): setLightsOn(true)
06-05 21:21:05.790 I/System.out( 8944): URI: //map
06-05 21:21:05.790 I/System.out( 8944): params: {json={"query":"* {text CONTAINS[c] 'Best fuel economy'}","operation":{"method_name":"query","arguments":[]}}
06-05 21:21:05.790 I/System.out( 8944): }
06-05 21:21:05.836 I/calabash( 8944): newActivity1
06-05 21:21:05.839 W/aiCharts( 8944): License file is invalid or missing. 
06-05 21:21:05.839 W/aiCharts( 8944): Please place proper license.lic to /assets folder.
06-05 21:21:05.855 V/PhoneStatusBar( 1711): setLightsOn(true)
06-05 21:21:05.877 V/PhoneStatusBar( 1711): setLightsOn(true)
06-05 21:21:05.885 I/System.out( 8944): URI: //
06-05 21:21:05.885 I/System.out( 8944): params: {json={"command":"press_key","arguments":["KEYCODE_BACK"]}
06-05 21:21:05.885 I/System.out( 8944): }
06-05 21:21:05.885 I/System.out( 8944): header: {content-type=application/json;charset=utf-8, date=Sat, 06 Jun 2020 02:21:06 GMT, accept=*/*, host=127.0.0.1:34777, content-length=52, user-agent=HTTPClient/1.0 (2.8.3, ruby 2.5.1 (2018-03-29))}
06-05 21:21:05.885 I/System.out( 8944): params: {json={"command":"press_key","arguments":["KEYCODE_BACK"]}
06-05 21:21:05.885 I/System.out( 8944): }
06-05 21:21:05.885 I/System.out( 8944): ProP json = {"command":"press_key","arguments":["KEYCODE_BACK"]}
06-05 21:21:05.885 I/System.out( 8944): files: {}
06-05 21:21:05.885 I/System.out( 8944): command: {"command":"press_key","arguments":["KEYCODE_BACK"]}
06-05 21:21:05.885 I/WindowManager( 1630): Destroying surface Surface(name=Creating chart…) called by com.android.server.wm.WindowStateAnimator.destroySurface:2016 com.android.server.wm.WindowStateAnimator.destroySurfaceLocked:882 com.android.server.wm.WindowState.removeLocked:1456 com.android.server.wm.WindowManagerService.removeWindowInnerLocked:2484 com.android.server.wm.WindowManagerService.removeWindowLocked:2442 com.android.server.wm.WindowManagerService.removeWindowLocked:2311 com.android.server.wm.WindowManagerService.removeWindow:2306 com.android.server.wm.Session.remove:202 
06-05 21:21:05.887 I/InstrumentationBackend( 8944): Got command:'Command:'Line:null,press_key', arguments:'[KEYCODE_BACK]'
06-05 21:21:05.889 W/ViewRootImpl[BestFuelEconomyChart]( 8944): Dropping event due to no window focus: KeyEvent { action=ACTION_DOWN, keyCode=KEYCODE_BACK, scanCode=0, metaState=0, flags=0x8, repeatCount=0, eventTime=13594209, downTime=13594209, deviceId=-1, source=0x101 }
06-05 21:21:05.890 D/gralloc_ranchu( 1347): gralloc_alloc: Creating ashmem region of size 9023488
06-05 21:21:05.895 V/PhoneStatusBar( 1711): setLightsOn(true)
06-05 21:21:05.933 W/ViewRootImpl[BestFuelEconomyChart]( 8944): Cancelling event due to no window focus: KeyEvent { action=ACTION_UP, keyCode=KEYCODE_BACK, scanCode=0, metaState=0, flags=0x28, repeatCount=0, eventTime=13594212, downTime=13594212, deviceId=-1, source=0x101 }
06-05 21:21:05.933 W/ViewRootImpl[BestFuelEconomyChart]( 8944): Cancelling event due to no window focus: KeyEvent { action=ACTION_UP, keyCode=KEYCODE_BACK, scanCode=0, metaState=0, flags=0x28, repeatCount=0, eventTime=13594212, downTime=13594212, deviceId=-1, source=0x101 }
06-05 21:21:05.933 W/ViewRootImpl[BestFuelEconomyChart]( 8944): Cancelling event due to no window focus: KeyEvent { action=ACTION_UP, keyCode=KEYCODE_BACK, scanCode=0, metaState=0, flags=0x28, repeatCount=0, eventTime=13594212, downTime=13594212, deviceId=-1, source=0x101 }
06-05 21:21:05.933 W/ViewRootImpl[BestFuelEconomyChart]( 8944): Cancelling event due to no window focus: KeyEvent { action=ACTION_UP, keyCode=KEYCODE_BACK, scanCode=0, metaState=0, flags=0x28, repeatCount=0, eventTime=13594212, downTime=13594212, deviceId=-1, source=0x101 }
06-05 21:21:05.933 W/ViewRootImpl[BestFuelEconomyChart]( 8944): Cancelling event due to no window focus: KeyEvent { action=ACTION_UP, keyCode=KEYCODE_BACK, scanCode=0, metaState=0, flags=0x28, repeatCount=0, eventTime=13594212, downTime=13594212, deviceId=-1, source=0x101 }
06-05 21:21:05.933 W/ViewRootImpl[BestFuelEconomyChart]( 8944): Cancelling event due to no window focus: KeyEvent { action=ACTION_UP, keyCode=KEYCODE_BACK, scanCode=0, metaState=0, flags=0x28, repeatCount=0, eventTime=13594212, downTime=13594212, deviceId=-1, source=0x101 }
06-05 21:21:05.933 W/ViewRootImpl[BestFuelEconomyChart]( 8944): Cancelling event due to no window focus: KeyEvent { action=ACTION_UP, keyCode=KEYCODE_BACK, scanCode=0, metaState=0, flags=0x28, repeatCount=0, eventTime=13594212, downTime=13594212, deviceId=-1, source=0x101 }
06-05 21:21:05.933 W/ViewRootImpl[BestFuelEconomyChart]( 8944): Cancelling event due to no window focus: KeyEvent { action=ACTION_UP, keyCode=KEYCODE_BACK, scanCode=0, metaState=0, flags=0x28, repeatCount=0, eventTime=13594212, downTime=13594212, deviceId=-1, source=0x101 }
06-05 21:21:05.933 W/ViewRootImpl[BestFuelEconomyChart]( 8944): Cancelling event due to no window focus: KeyEvent { action=ACTION_UP, keyCode=KEYCODE_BACK, scanCode=0, metaState=0, flags=0x28, repeatCount=0, eventTime=13594212, downTime=13594212, deviceId=-1, source=0x101 }
06-05 21:21:05.939 I/ActivityManager( 1630): Displayed com.evancharlton.mileage/.charts.BestFuelEconomyChart: +105ms
06-05 21:21:05.939 I/System.out( 8944): result:{"bonusInformation":[],"message":"","success":true}
06-05 21:21:05.942 I/System.out( 8944): URI: //map
06-05 21:21:05.942 I/System.out( 8944): params: {json={"query":"* {text CONTAINS[c] 'Statistics'}","operation":{"method_name":"query","arguments":[]}}
06-05 21:21:05.943 I/System.out( 8944): }
06-05 21:21:05.947 V/PhoneStatusBar( 1711): setLightsOn(true)
06-05 21:21:05.977 V/PhoneStatusBar( 1711): setLightsOn(true)
06-05 21:21:05.994 V/PhoneStatusBar( 1711): setLightsOn(true)
