--------- beginning of main
06-05 12:37:15.190 D/AndroidRuntime(14094): >>>>>> START com.android.internal.os.RuntimeInit uid 2000 <<<<<<
06-05 12:37:15.191 D/AndroidRuntime(14094): CheckJNI is ON
06-05 12:37:15.202 W/art     (14094): Unexpected CPU variant for X86 using defaults: x86
06-05 12:37:15.204 D/ICU     (14094): No timezone override file found: /data/misc/zoneinfo/current/icu/icu_tzdata.dat
06-05 12:37:15.211 E/memtrack(14094): Couldn't load memtrack module (No such file or directory)
06-05 12:37:15.211 E/android.os.Debug(14094): failed to load memtrack module: -2
06-05 12:37:15.211 I/Radio-JNI(14094): register_android_hardware_Radio DONE
06-05 12:37:15.214 D/AndroidRuntime(14094): Calling main entry com.android.commands.am.Am
--------- beginning of system
06-05 12:37:15.216 I/ActivityManager( 1659): Force stopping com.evancharlton.mileage appid=10082 user=0: start instr
06-05 12:37:15.218 I/art     (14104): Not late-enabling -Xcheck:jni (already on)
06-05 12:37:15.218 W/art     (14104): Unexpected CPU variant for X86 using defaults: x86
06-05 12:37:15.226 I/ActivityManager( 1659): Start proc 14104:com.evancharlton.mileage/u0a82 for added application com.evancharlton.mileage
06-05 12:37:15.226 D/AndroidRuntime(14094): Shutting down VM
06-05 12:37:15.232 W/System  (14104): ClassLoader referenced unknown path: /data/app/com.evancharlton.mileage.test-1/lib/x86
06-05 12:37:15.232 W/System  (14104): ClassLoader referenced unknown path: /data/app/com.evancharlton.mileage-1/lib/x86
06-05 12:37:15.234 W/System  (14104): ClassLoader referenced unknown path: 
06-05 12:37:15.238 I/System.out(14104): Main activity name automatically set to: com.evancharlton.mileage.Mileage
06-05 12:37:15.238 I/System.out(14104): Calabash did not load Mono. This is only a problem if you are trying to test a Mono application
06-05 12:37:15.238 I/calabash(14104): Test server port: 7102
06-05 12:37:15.239 I/InstrumentationBackend(14104): Added:'GetPreferences', with key:'get_preferences'
06-05 12:37:15.243 I/InstrumentationBackend(14104): Added:'SetPreferences', with key:'set_preferences'
06-05 12:37:15.243 I/InstrumentationBackend(14104): Added:'ClearPreferences', with key:'clear_preferences'
06-05 12:37:15.243 I/InstrumentationBackend(14104): Added:'PressElement', with key:'press_l10n_element'
06-05 12:37:15.243 I/InstrumentationBackend(14104): Added:'WaitForElement', with key:'wait_for_l10n_element'
06-05 12:37:15.244 I/InstrumentationBackend(14104): Added:'NullAction', with key:'nullAction'
06-05 12:37:15.244 I/InstrumentationBackend(14104): Added:'PressKey', with key:'press_key'
06-05 12:37:15.244 I/InstrumentationBackend(14104): Added:'SetActivityOrientation', with key:'set_activity_orientation'
06-05 12:37:15.244 I/InstrumentationBackend(14104): Added:'GetActivityOrientation', with key:'get_activity_orientation'
06-05 12:37:15.244 I/InstrumentationBackend(14104): Added:'FakeGPSLocation', with key:'set_gps_coordinates'
06-05 12:37:15.244 I/InstrumentationBackend(14104): Added:'SetPropertyByCssSelector', with key:'set_property_by_css_selector'
06-05 12:37:15.244 I/InstrumentationBackend(14104): Added:'GetUrl', with key:'get_url'
06-05 12:37:15.244 I/InstrumentationBackend(14104): Added:'ScrollTo', with key:'scroll_to'
06-05 12:37:15.244 I/InstrumentationBackend(14104): Added:'GetLoadProgress', with key:'get_load_progress'
06-05 12:37:15.244 I/InstrumentationBackend(14104): Added:'DumpHtml', with key:'dump_html'
06-05 12:37:15.244 I/InstrumentationBackend(14104): Added:'DumpBodyHtml', with key:'dump_body_html'
06-05 12:37:15.244 I/InstrumentationBackend(14104): Added:'EnterTextByCssSelector', with key:'enter_text_by_selector'
06-05 12:37:15.245 I/InstrumentationBackend(14104): Added:'AndroidSDKVersion', with key:'android_sdk_version'
06-05 12:37:15.245 I/InstrumentationBackend(14104): Added:'Version', with key:'version'
06-05 12:37:15.245 I/InstrumentationBackend(14104): Added:'Drag', with key:'drag'
06-05 12:37:15.245 I/InstrumentationBackend(14104): Added:'TouchCoordinates', with key:'touch_coordinate'
06-05 12:37:15.245 I/InstrumentationBackend(14104): Added:'LongPressCoordinate', with key:'long_press_coordinate'
06-05 12:37:15.245 I/InstrumentationBackend(14104): Added:'DragCoordinates', with key:'drag_coordinates'
06-05 12:37:15.245 I/InstrumentationBackend(14104): Added:'ResumeApplication', with key:'resume_application'
06-05 12:37:15.245 I/InstrumentationBackend(14104): Added:'Swipe', with key:'swipe'
06-05 12:37:15.245 I/InstrumentationBackend(14104): Added:'DoubleTapCoordinate', with key:'double_tap_coordinate'
06-05 12:37:15.245 I/InstrumentationBackend(14104): Added:'ClickOnScreen', with key:'click_on_screen'
06-05 12:37:15.245 I/InstrumentationBackend(14104): Added:'GetActivityName', with key:'get_activity_name'
06-05 12:37:15.245 I/InstrumentationBackend(14104): Added:'ScrollToView', with key:'scroll_to_view'
06-05 12:37:15.245 I/InstrumentationBackend(14104): Added:'ViewConfiguration', with key:'view_configuration'
06-05 12:37:15.246 I/InstrumentationBackend(14104): Added:'IsCurrentActivityFocused', with key:'is_current_activity_focused'
06-05 12:37:15.246 I/InstrumentationBackend(14104): Added:'SendTcp', with key:'send_tcp'
06-05 12:37:15.246 I/InstrumentationBackend(14104): Added:'DpToDevicePixel', with key:'dp_to_device_pixel'
06-05 12:37:15.246 W/OpenGLRenderer( 2389): Incorrectly called buildLayer on View: ShortcutAndWidgetContainer, destroying layer...
06-05 12:37:15.246 I/InstrumentationBackend(14104): Added:'KeyboardEnterText', with key:'keyboard_enter_text'
06-05 12:37:15.246 I/InstrumentationBackend(14104): Added:'DeleteSurroundingText', with key:'delete_surrounding_text'
06-05 12:37:15.246 I/InstrumentationBackend(14104): Added:'SetComposingRegion', with key:'set_composing_region'
06-05 12:37:15.246 I/InstrumentationBackend(14104): Added:'SetSelection', with key:'set_selection'
06-05 12:37:15.246 I/InstrumentationBackend(14104): Added:'KeyboardKeyEvent', with key:'keyboard_key_event'
06-05 12:37:15.246 I/InstrumentationBackend(14104): Added:'PressUserActionButton', with key:'press_user_action_button'
06-05 12:37:15.246 I/InstrumentationBackend(14104): Added:'HideSoftKeyboard', with key:'hide_soft_keyboard'
06-05 12:37:15.246 I/InstrumentationBackend(14104): Added:'ListActions', with key:'list_actions'
06-05 12:37:15.246 I/calabash(14104): Instantiating http server at 7102
06-05 12:37:15.247 I/System.out(14104): HTTP Daemon listening on: 7102
06-05 12:37:15.339 I/System.out(14104): URI: //ping
06-05 12:37:15.339 I/System.out(14104): params: {json={}
06-05 12:37:15.339 I/System.out(14104): }
06-05 12:37:15.347 I/System.out(14104): URI: //ping
06-05 12:37:15.347 I/System.out(14104): params: {json={}
06-05 12:37:15.347 I/System.out(14104): }
06-05 12:37:15.353 I/System.out(14104): URI: //ready
06-05 12:37:15.353 I/System.out(14104): params: {json={}
06-05 12:37:15.353 I/System.out(14104): }
06-05 12:37:15.360 I/System.out(14104): URI: //
06-05 12:37:15.360 I/System.out(14104): params: {json={"command":"version","arguments":[]}
06-05 12:37:15.360 I/System.out(14104): }
06-05 12:37:15.360 I/System.out(14104): header: {content-type=application/json;charset=utf-8, date=Fri, 05 Jun 2020 17:37:16 GMT, accept=*/*, host=127.0.0.1:34782, content-length=36, user-agent=HTTPClient/1.0 (2.8.3, ruby 2.5.1 (2018-03-29))}
06-05 12:37:15.360 I/System.out(14104): params: {json={"command":"version","arguments":[]}
06-05 12:37:15.360 I/System.out(14104): }
06-05 12:37:15.360 I/System.out(14104): ProP json = {"command":"version","arguments":[]}
06-05 12:37:15.360 I/System.out(14104): files: {}
06-05 12:37:15.360 I/System.out(14104): command: {"command":"version","arguments":[]}
06-05 12:37:15.370 I/InstrumentationBackend(14104): Got command:'Command:'Line:null,version', arguments:'[]'
06-05 12:37:15.385 I/System.out(14104): result:{"bonusInformation":[],"message":"0.9.8","success":true}
06-05 12:37:15.388 I/System.out(14104): URI: //start-application
06-05 12:37:15.388 I/System.out(14104): params: {json={"intent":null}
06-05 12:37:15.388 I/System.out(14104): }
06-05 12:37:15.400 I/ActivityManager( 1659): START u0 {act=android.intent.action.MAIN cat=[android.intent.category.LAUNCHER] flg=0x10200000 cmp=com.evancharlton.mileage/.Mileage} from uid 10082 on display 0
06-05 12:37:15.404 I/calabash(14104): newActivity1
06-05 12:37:15.411 I/calabash(14104): newActivity1
06-05 12:37:15.412 W/ActivityManager( 1659): Bad activity token: android.os.BinderProxy@34fe18f
06-05 12:37:15.412 W/ActivityManager( 1659): java.lang.ClassCastException: android.os.BinderProxy cannot be cast to com.android.server.am.ActivityRecord$Token
06-05 12:37:15.412 W/ActivityManager( 1659): 	at com.android.server.am.ActivityRecord.forTokenLocked(ActivityRecord.java:586)
06-05 12:37:15.412 W/ActivityManager( 1659): 	at com.android.server.am.ActivityRecord.isInStackLocked(ActivityRecord.java:1327)
06-05 12:37:15.412 W/ActivityManager( 1659): 	at com.android.server.am.ActivityRecord.getStackLocked(ActivityRecord.java:1332)
06-05 12:37:15.412 W/ActivityManager( 1659): 	at com.android.server.am.ActivityManagerService.getActivityDisplayId(ActivityManagerService.java:9806)
06-05 12:37:15.412 W/ActivityManager( 1659): 	at android.app.ActivityManagerNative.onTransact(ActivityManagerNative.java:2566)
06-05 12:37:15.412 W/ActivityManager( 1659): 	at com.android.server.am.ActivityManagerService.onTransact(ActivityManagerService.java:2757)
06-05 12:37:15.412 W/ActivityManager( 1659): 	at android.os.Binder.execTransact(Binder.java:565)
06-05 12:37:15.413 W/ActivityManager( 1659): Bad activity token: android.os.BinderProxy@34fe18f
06-05 12:37:15.413 W/ActivityManager( 1659): java.lang.ClassCastException: android.os.BinderProxy cannot be cast to com.android.server.am.ActivityRecord$Token
06-05 12:37:15.413 W/ActivityManager( 1659): 	at com.android.server.am.ActivityRecord.forTokenLocked(ActivityRecord.java:586)
06-05 12:37:15.413 W/ActivityManager( 1659): 	at com.android.server.am.ActivityRecord.isInStackLocked(ActivityRecord.java:1327)
06-05 12:37:15.413 W/ActivityManager( 1659): 	at com.android.server.am.ActivityManagerService.setTaskDescription(ActivityManagerService.java:9358)
06-05 12:37:15.413 W/ActivityManager( 1659): 	at android.app.ActivityManagerNative.onTransact(ActivityManagerNative.java:2639)
06-05 12:37:15.413 W/ActivityManager( 1659): 	at com.android.server.am.ActivityManagerService.onTransact(ActivityManagerService.java:2757)
06-05 12:37:15.413 W/ActivityManager( 1659): 	at android.os.Binder.execTransact(Binder.java:565)
06-05 12:37:15.414 W/ActivityManager( 1659): Bad activity token: android.os.BinderProxy@34fe18f
06-05 12:37:15.414 W/ActivityManager( 1659): java.lang.ClassCastException: android.os.BinderProxy cannot be cast to com.android.server.am.ActivityRecord$Token
06-05 12:37:15.414 W/ActivityManager( 1659): 	at com.android.server.am.ActivityRecord.forTokenLocked(ActivityRecord.java:586)
06-05 12:37:15.414 W/ActivityManager( 1659): 	at com.android.server.am.ActivityRecord.isInStackLocked(ActivityRecord.java:1327)
06-05 12:37:15.414 W/ActivityManager( 1659): 	at com.android.server.am.ActivityRecord.getStackLocked(ActivityRecord.java:1332)
06-05 12:37:15.414 W/ActivityManager( 1659): 	at com.android.server.am.ActivityManagerService.getActivityStackId(ActivityManagerService.java:9817)
06-05 12:37:15.414 W/ActivityManager( 1659): 	at android.app.ActivityManagerNative.onTransact(ActivityManagerNative.java:2856)
06-05 12:37:15.414 W/ActivityManager( 1659): 	at com.android.server.am.ActivityManagerService.onTransact(ActivityManagerService.java:2757)
06-05 12:37:15.414 W/ActivityManager( 1659): 	at android.os.Binder.execTransact(Binder.java:565)
06-05 12:37:15.426 W/ActivityManager( 1659): Bad activity token: android.os.BinderProxy@34fe18f
06-05 12:37:15.426 W/ActivityManager( 1659): java.lang.ClassCastException: android.os.BinderProxy cannot be cast to com.android.server.am.ActivityRecord$Token
06-05 12:37:15.426 W/ActivityManager( 1659): 	at com.android.server.am.ActivityRecord.forTokenLocked(ActivityRecord.java:586)
06-05 12:37:15.426 W/ActivityManager( 1659): 	at com.android.server.am.ActivityRecord.isInStackLocked(ActivityRecord.java:1327)
06-05 12:37:15.426 W/ActivityManager( 1659): 	at com.android.server.am.ActivityManagerService.getActivityOptions(ActivityManagerService.java:12559)
06-05 12:37:15.426 W/ActivityManager( 1659): 	at android.app.ActivityManagerNative.onTransact(ActivityManagerNative.java:1933)
06-05 12:37:15.426 W/ActivityManager( 1659): 	at com.android.server.am.ActivityManagerService.onTransact(ActivityManagerService.java:2757)
06-05 12:37:15.426 W/ActivityManager( 1659): 	at android.os.Binder.execTransact(Binder.java:565)
06-05 12:37:15.427 W/ActivityManager( 1659): Bad activity token: android.os.BinderProxy@34fe18f
06-05 12:37:15.427 W/ActivityManager( 1659): java.lang.ClassCastException: android.os.BinderProxy cannot be cast to com.android.server.am.ActivityRecord$Token
06-05 12:37:15.427 W/ActivityManager( 1659): 	at com.android.server.am.ActivityRecord.forTokenLocked(ActivityRecord.java:586)
06-05 12:37:15.427 W/ActivityManager( 1659): 	at com.android.server.am.ActivityRecord.isInStackLocked(ActivityRecord.java:1327)
06-05 12:37:15.427 W/ActivityManager( 1659): 	at com.android.server.am.ActivityManagerService.getActivityOptions(ActivityManagerService.java:12559)
06-05 12:37:15.427 W/ActivityManager( 1659): 	at android.app.ActivityManagerNative.onTransact(ActivityManagerNative.java:1933)
06-05 12:37:15.427 W/ActivityManager( 1659): 	at com.android.server.am.ActivityManagerService.onTransact(ActivityManagerService.java:2757)
06-05 12:37:15.427 W/ActivityManager( 1659): 	at android.os.Binder.execTransact(Binder.java:565)
06-05 12:37:15.433 D/gralloc_ranchu( 1352): gralloc_alloc: Creating ashmem region of size 9023488
06-05 12:37:15.452 V/PhoneStatusBar( 1792): setLightsOn(true)
06-05 12:37:15.463 D/EGL_emulation( 1792): eglMakeCurrent: 0x992abea0: ver 2 0 (tinfo 0xa5a6f110)
06-05 12:37:15.464 V/PhoneStatusBar( 1792): setLightsOn(true)
06-05 12:37:15.464 V/PhoneStatusBar( 1792): setLightsOn(true)
06-05 12:37:15.466 D/gralloc_ranchu( 1352): gralloc_alloc: Creating ashmem region of size 9023488
06-05 12:37:15.466 V/PhoneStatusBar( 1792): setLightsOn(true)
06-05 12:37:15.470 D/        (14104): HostConnection::get() New Host Connection established 0x99f2b440, tid 14104
06-05 12:37:15.494 D/EGL_emulation( 1792): eglMakeCurrent: 0x992abea0: ver 2 0 (tinfo 0xa5a6f110)
06-05 12:37:15.494 D/EGL_emulation( 2389): eglMakeCurrent: 0xb1284ec0: ver 2 0 (tinfo 0x98c170c0)
06-05 12:37:15.497 D/EGL_emulation( 1792): eglMakeCurrent: 0x992abea0: ver 2 0 (tinfo 0xa5a6f110)
06-05 12:37:15.499 D/EGL_emulation( 1792): eglMakeCurrent: 0x992abea0: ver 2 0 (tinfo 0xa5a6f110)
06-05 12:37:15.501 D/EGL_emulation( 1792): eglMakeCurrent: 0x992abea0: ver 2 0 (tinfo 0xa5a6f110)
06-05 12:37:15.508 I/ActivityManager( 1659): Displayed com.evancharlton.mileage/.Mileage: +106ms
06-05 12:37:15.513 D/gralloc_ranchu( 1352): gralloc_alloc: Creating ashmem region of size 9023488
06-05 12:37:15.513 D/EGL_emulation( 1792): eglMakeCurrent: 0x992abea0: ver 2 0 (tinfo 0xa5a6f110)
06-05 12:37:15.525 D/EGL_emulation( 1792): eglMakeCurrent: 0x992abea0: ver 2 0 (tinfo 0xa5a6f110)
06-05 12:37:15.534 D/EGL_emulation( 1792): eglMakeCurrent: 0x992abea0: ver 2 0 (tinfo 0xa5a6f110)
06-05 12:37:15.537 D/EGL_emulation( 1792): eglMakeCurrent: 0x992abea0: ver 2 0 (tinfo 0xa5a6f110)
06-05 12:37:15.537 V/PhoneStatusBar( 1792): setLightsOn(true)
06-05 12:37:15.546 D/EGL_emulation( 1792): eglMakeCurrent: 0x992abea0: ver 2 0 (tinfo 0xa5a6f110)
06-05 12:37:15.548 D/EGL_emulation( 1792): eglMakeCurrent: 0x992abea0: ver 2 0 (tinfo 0xa5a6f110)
06-05 12:37:15.553 I/System.out(14104): URI: //map
06-05 12:37:15.553 I/System.out(14104): params: {json={"query":"* marked:'Statistics'","operation":{"method_name":"query","arguments":[]}}
06-05 12:37:15.553 I/System.out(14104): }
06-05 12:37:15.563 D/EGL_emulation( 1792): eglMakeCurrent: 0x992abea0: ver 2 0 (tinfo 0xa5a6f110)
06-05 12:37:15.563 W/ResourceType(14104): No package identifier when getting name for resource number 0x00000001
06-05 12:37:15.564 D/EGL_emulation( 1792): eglMakeCurrent: 0x992abea0: ver 2 0 (tinfo 0xa5a6f110)
06-05 12:37:15.576 I/System.out(14104): URI: //gesture
06-05 12:37:15.576 I/System.out(14104): params: {json={"query_timeout":5.0,"gestures":[{"query_string":"* marked:'Statistics'","touches":[{"x":50,"y":50,"offset_x":0,"offset_y":0,"wait":0.0,"time":0.2,"release":true,"query_string":null}]}]}
06-05 12:37:15.576 I/System.out(14104): }
06-05 12:37:15.580 D/EGL_emulation( 1792): eglMakeCurrent: 0x992abea0: ver 2 0 (tinfo 0xa5a6f110)
06-05 12:37:15.580 W/ResourceType(14104): No package identifier when getting name for resource number 0x00000001
06-05 12:37:15.581 D/EGL_emulation( 1792): eglMakeCurrent: 0x992abea0: ver 2 0 (tinfo 0xa5a6f110)
06-05 12:37:15.598 D/EGL_emulation( 1792): eglMakeCurrent: 0x992abea0: ver 2 0 (tinfo 0xa5a6f110)
06-05 12:37:15.616 D/EGL_emulation( 1792): eglMakeCurrent: 0x992abea0: ver 2 0 (tinfo 0xa5a6f110)
06-05 12:37:15.626 D/EGL_emulation( 1792): eglMakeCurrent: 0x992abea0: ver 2 0 (tinfo 0xa5a6f110)
06-05 12:37:15.653 D/EGL_emulation( 1792): eglMakeCurrent: 0x992abea0: ver 2 0 (tinfo 0xa5a6f110)
06-05 12:37:15.659 D/EGL_emulation( 1792): eglMakeCurrent: 0x992abea0: ver 2 0 (tinfo 0xa5a6f110)
06-05 12:37:15.665 D/EGL_emulation( 1792): eglMakeCurrent: 0x992abea0: ver 2 0 (tinfo 0xa5a6f110)
06-05 12:37:15.672 D/EGL_emulation( 1792): eglMakeCurrent: 0x992abea0: ver 2 0 (tinfo 0xa5a6f110)
06-05 12:37:15.678 D/EGL_emulation( 1792): eglMakeCurrent: 0x992abea0: ver 2 0 (tinfo 0xa5a6f110)
06-05 12:37:15.685 D/EGL_emulation( 1792): eglMakeCurrent: 0x992abea0: ver 2 0 (tinfo 0xa5a6f110)
06-05 12:37:15.697 I/WindowManager( 1659): Destroying surface Surface(name=Starting com.evancharlton.mileage) called by com.android.server.wm.WindowStateAnimator.destroySurface:2016 com.android.server.wm.WindowStateAnimator.destroySurfaceLocked:882 com.android.server.wm.WindowState.destroyOrSaveSurface:2100 com.android.server.wm.AppWindowToken.destroySurfaces:363 com.android.server.wm.WindowStateAnimator.finishExit:565 com.android.server.wm.WindowStateAnimator.stepAnimationLocked:491 com.android.server.wm.WindowAnimator.updateWindowsLocked:303 com.android.server.wm.WindowAnimator.animateLocked:704 
06-05 12:37:15.699 V/PhoneStatusBar( 1792): setLightsOn(true)
06-05 12:37:15.731 V/PhoneStatusBar( 1792): setLightsOn(true)
06-05 12:37:15.819 I/calabash(14104): newActivity1
06-05 12:37:15.851 I/System.out(14104): URI: //map
06-05 12:37:15.851 I/System.out(14104): params: {json={"query":"* marked:'Average distance'","operation":{"method_name":"query","arguments":[]}}
06-05 12:37:15.851 I/System.out(14104): }
06-05 12:37:15.852 W/ActivityManager( 1659): Bad activity token: android.os.BinderProxy@3aead11
06-05 12:37:15.852 W/ActivityManager( 1659): java.lang.ClassCastException: android.os.BinderProxy cannot be cast to com.android.server.am.ActivityRecord$Token
06-05 12:37:15.852 W/ActivityManager( 1659): 	at com.android.server.am.ActivityRecord.forTokenLocked(ActivityRecord.java:586)
06-05 12:37:15.852 W/ActivityManager( 1659): 	at com.android.server.am.ActivityRecord.isInStackLocked(ActivityRecord.java:1327)
06-05 12:37:15.852 W/ActivityManager( 1659): 	at com.android.server.am.ActivityRecord.getStackLocked(ActivityRecord.java:1332)
06-05 12:37:15.852 W/ActivityManager( 1659): 	at com.android.server.am.ActivityManagerService.getActivityDisplayId(ActivityManagerService.java:9806)
06-05 12:37:15.852 W/ActivityManager( 1659): 	at android.app.ActivityManagerNative.onTransact(ActivityManagerNative.java:2566)
06-05 12:37:15.852 W/ActivityManager( 1659): 	at com.android.server.am.ActivityManagerService.onTransact(ActivityManagerService.java:2757)
06-05 12:37:15.852 W/ActivityManager( 1659): 	at android.os.Binder.execTransact(Binder.java:565)
06-05 12:37:15.853 W/ActivityManager( 1659): Bad activity token: android.os.BinderProxy@3aead11
06-05 12:37:15.853 W/ActivityManager( 1659): java.lang.ClassCastException: android.os.BinderProxy cannot be cast to com.android.server.am.ActivityRecord$Token
06-05 12:37:15.853 W/ActivityManager( 1659): 	at com.android.server.am.ActivityRecord.forTokenLocked(ActivityRecord.java:586)
06-05 12:37:15.853 W/ActivityManager( 1659): 	at com.android.server.am.ActivityRecord.isInStackLocked(ActivityRecord.java:1327)
06-05 12:37:15.853 W/ActivityManager( 1659): 	at com.android.server.am.ActivityManagerService.setTaskDescription(ActivityManagerService.java:9358)
06-05 12:37:15.853 W/ActivityManager( 1659): 	at android.app.ActivityManagerNative.onTransact(ActivityManagerNative.java:2639)
06-05 12:37:15.853 W/ActivityManager( 1659): 	at com.android.server.am.ActivityManagerService.onTransact(ActivityManagerService.java:2757)
06-05 12:37:15.853 W/ActivityManager( 1659): 	at android.os.Binder.execTransact(Binder.java:565)
06-05 12:37:15.854 W/ActivityManager( 1659): Bad activity token: android.os.BinderProxy@3aead11
06-05 12:37:15.854 W/ActivityManager( 1659): java.lang.ClassCastException: android.os.BinderProxy cannot be cast to com.android.server.am.ActivityRecord$Token
06-05 12:37:15.854 W/ActivityManager( 1659): 	at com.android.server.am.ActivityRecord.forTokenLocked(ActivityRecord.java:586)
06-05 12:37:15.854 W/ActivityManager( 1659): 	at com.android.server.am.ActivityRecord.isInStackLocked(ActivityRecord.java:1327)
06-05 12:37:15.854 W/ActivityManager( 1659): 	at com.android.server.am.ActivityRecord.getStackLocked(ActivityRecord.java:1332)
06-05 12:37:15.854 W/ActivityManager( 1659): 	at com.android.server.am.ActivityManagerService.getActivityStackId(ActivityManagerService.java:9817)
06-05 12:37:15.854 W/ActivityManager( 1659): 	at android.app.ActivityManagerNative.onTransact(ActivityManagerNative.java:2856)
06-05 12:37:15.854 W/ActivityManager( 1659): 	at com.android.server.am.ActivityManagerService.onTransact(ActivityManagerService.java:2757)
06-05 12:37:15.854 W/ActivityManager( 1659): 	at android.os.Binder.execTransact(Binder.java:565)
06-05 12:37:15.861 D/VehicleStatisticsActivity(14104): Checking recalculation ...
06-05 12:37:15.861 D/VehicleStatisticsActivity(14104): Recalculating statistics
06-05 12:37:15.861 D/VehicleStatisticsTask(14104): Calculation starting...
06-05 12:37:15.861 D/VehicleStatisticsActivity(14104): Recalculation started!
06-05 12:37:15.862 D/AndroidRuntime(14104): Shutting down VM
--------- beginning of crash
06-05 12:37:15.862 E/AndroidRuntime(14104): FATAL EXCEPTION: main
06-05 12:37:15.862 E/AndroidRuntime(14104): Process: com.evancharlton.mileage, PID: 14104
06-05 12:37:15.862 E/AndroidRuntime(14104): java.lang.RuntimeException: Unable to start activity ComponentInfo{com.evancharlton.mileage/com.evancharlton.mileage.VehicleStatisticsActivity}: java.lang.NullPointerException: Attempt to invoke virtual method 'void android.widget.ListView.setAdapter(android.widget.ListAdapter)' on a null object reference
06-05 12:37:15.862 E/AndroidRuntime(14104): 	at android.app.ActivityThread.performLaunchActivity(ActivityThread.java:2646)
06-05 12:37:15.862 E/AndroidRuntime(14104): 	at android.app.ActivityThread.startActivityNow(ActivityThread.java:2446)
06-05 12:37:15.862 E/AndroidRuntime(14104): 	at android.app.LocalActivityManager.moveToState(LocalActivityManager.java:136)
06-05 12:37:15.862 E/AndroidRuntime(14104): 	at android.app.LocalActivityManager.startActivity(LocalActivityManager.java:348)
06-05 12:37:15.862 E/AndroidRuntime(14104): 	at android.widget.TabHost$IntentContentStrategy.getContentView(TabHost.java:724)
06-05 12:37:15.862 E/AndroidRuntime(14104): 	at android.widget.TabHost.setCurrentTab(TabHost.java:388)
06-05 12:37:15.862 E/AndroidRuntime(14104): 	at android.widget.TabHost$2.onTabSelectionChanged(TabHost.java:158)
06-05 12:37:15.862 E/AndroidRuntime(14104): 	at android.widget.TabWidget$TabClickListener.onClick(TabWidget.java:532)
06-05 12:37:15.862 E/AndroidRuntime(14104): 	at android.view.View.performClick(View.java:5610)
06-05 12:37:15.862 E/AndroidRuntime(14104): 	at android.view.View$PerformClick.run(View.java:22265)
06-05 12:37:15.862 E/AndroidRuntime(14104): 	at android.os.Handler.handleCallback(Handler.java:751)
06-05 12:37:15.862 E/AndroidRuntime(14104): 	at android.os.Handler.dispatchMessage(Handler.java:95)
06-05 12:37:15.862 E/AndroidRuntime(14104): 	at android.os.Looper.loop(Looper.java:154)
06-05 12:37:15.862 E/AndroidRuntime(14104): 	at android.app.ActivityThread.main(ActivityThread.java:6077)
06-05 12:37:15.862 E/AndroidRuntime(14104): 	at java.lang.reflect.Method.invoke(Native Method)
06-05 12:37:15.862 E/AndroidRuntime(14104): 	at com.android.internal.os.ZygoteInit$MethodAndArgsCaller.run(ZygoteInit.java:866)
06-05 12:37:15.862 E/AndroidRuntime(14104): 	at com.android.internal.os.ZygoteInit.main(ZygoteInit.java:756)
06-05 12:37:15.862 E/AndroidRuntime(14104): Caused by: java.lang.NullPointerException: Attempt to invoke virtual method 'void android.widget.ListView.setAdapter(android.widget.ListAdapter)' on a null object reference
06-05 12:37:15.862 E/AndroidRuntime(14104): 	at com.evancharlton.mileage.VehicleStatisticsActivity.setAdapter(VehicleStatisticsActivity.java:200)
06-05 12:37:15.862 E/AndroidRuntime(14104): 	at com.evancharlton.mileage.VehicleStatisticsActivity.recalculate(VehicleStatisticsActivity.java:175)
06-05 12:37:15.862 E/AndroidRuntime(14104): 	at com.evancharlton.mileage.VehicleStatisticsActivity.onCreate(VehicleStatisticsActivity.java:131)
06-05 12:37:15.862 E/AndroidRuntime(14104): 	at android.app.Activity.performCreate(Activity.java:6662)
06-05 12:37:15.862 E/AndroidRuntime(14104): 	at android.app.Instrumentation.callActivityOnCreate(Instrumentation.java:1118)
06-05 12:37:15.862 E/AndroidRuntime(14104): 	at android.app.ActivityThread.performLaunchActivity(ActivityThread.java:2599)
06-05 12:37:15.862 E/AndroidRuntime(14104): 	... 16 more
06-05 12:37:15.863 I/Process (14104): Sending signal. PID: 14104 SIG: 9
06-05 12:37:15.866 W/InputDispatcher( 1659): channel 'f4682b4 com.evancharlton.mileage/com.evancharlton.mileage.Mileage (server)' ~ Consumer closed input channel or an error occurred.  events=0x9
06-05 12:37:15.866 E/InputDispatcher( 1659): channel 'f4682b4 com.evancharlton.mileage/com.evancharlton.mileage.Mileage (server)' ~ Channel is unrecoverably broken and will be disposed!
06-05 12:37:15.867 I/ActivityManager( 1659): Process com.evancharlton.mileage (pid 14104) has died
06-05 12:37:15.867 D/ActivityManager( 1659): cleanUpApplicationRecord -- 14104
06-05 12:37:15.868 W/ActivityManager( 1659): Scheduling restart of crashed service com.evancharlton.mileage/.services.AutomaticBackupService in 1000ms
06-05 12:37:15.868 W/ActivityManager( 1659): Force removing ActivityRecord{143f084 u0 com.evancharlton.mileage/.Mileage t128}: app died, no saved state
06-05 12:37:15.879 I/WindowManager( 1659): WIN DEATH: Window{f4682b4 u0 com.evancharlton.mileage/com.evancharlton.mileage.Mileage}
06-05 12:37:15.879 W/InputDispatcher( 1659): Attempted to unregister already unregistered input channel 'f4682b4 com.evancharlton.mileage/com.evancharlton.mileage.Mileage (server)'
06-05 12:37:15.879 I/WindowManager( 1659): Destroying surface Surface(name=com.evancharlton.mileage/com.evancharlton.mileage.Mileage) called by com.android.server.wm.WindowStateAnimator.destroySurface:2016 com.android.server.wm.WindowStateAnimator.destroySurfaceLocked:882 com.android.server.wm.WindowState.removeLocked:1456 com.android.server.wm.WindowManagerService.removeWindowInnerLocked:2484 com.android.server.wm.WindowManagerService.removeWindowLocked:2442 com.android.server.wm.WindowState$DeathRecipient.binderDied:1787 android.os.BinderProxy.sendDeathNotice:688 <bottom of call stack> 
06-05 12:37:15.897 W/ActivityManager( 1659): Crash of app com.evancharlton.mileage running instrumentation ComponentInfo{com.evancharlton.mileage.test/sh.calaba.instrumentationbackend.CalabashInstrumentationTestRunner}
06-05 12:37:15.897 I/ActivityManager( 1659): Force stopping com.evancharlton.mileage appid=10082 user=0: finished inst
06-05 12:37:15.897 I/ActivityManager( 1659):   Force stopping service ServiceRecord{940094d u0 com.evancharlton.mileage/.services.AutomaticBackupService}
06-05 12:37:15.932 V/PhoneStatusBar( 1792): setLightsOn(true)
06-05 12:37:15.954 E/SurfaceFlinger( 1352): ro.sf.lcd_density must be defined as a build property
06-05 12:37:15.954 D/gralloc_ranchu( 1352): gralloc_alloc: Creating ashmem region of size 9592832
06-05 12:37:15.961 D/        (14137): HostConnection::get() New Host Connection established 0xa8e9b2c0, tid 14137
06-05 12:37:15.966 E/EGL_emulation( 1352): tid 1352: eglCreateSyncKHR(1901): error 0x3004 (EGL_BAD_ATTRIBUTE)
06-05 12:37:15.989 D/EGL_emulation( 1792): eglMakeCurrent: 0x992abea0: ver 2 0 (tinfo 0xa5a6f110)
06-05 12:37:15.991 D/EGL_emulation( 2389): eglMakeCurrent: 0xb1284ec0: ver 2 0 (tinfo 0x98c170c0)
06-05 12:37:15.996 D/EGL_emulation( 1792): eglMakeCurrent: 0x992abea0: ver 2 0 (tinfo 0xa5a6f110)
06-05 12:37:15.999 D/EGL_emulation( 1792): eglMakeCurrent: 0x992abea0: ver 2 0 (tinfo 0xa5a6f110)
06-05 12:37:16.013 D/EGL_emulation( 1792): eglMakeCurrent: 0x992abea0: ver 2 0 (tinfo 0xa5a6f110)
06-05 12:37:16.014 D/EGL_emulation( 1792): eglMakeCurrent: 0x992abea0: ver 2 0 (tinfo 0xa5a6f110)
06-05 12:37:16.029 D/EGL_emulation( 1792): eglMakeCurrent: 0x992abea0: ver 2 0 (tinfo 0xa5a6f110)
06-05 12:37:16.031 D/EGL_emulation( 1792): eglMakeCurrent: 0x992abea0: ver 2 0 (tinfo 0xa5a6f110)
06-05 12:37:16.046 D/EGL_emulation( 1792): eglMakeCurrent: 0x992abea0: ver 2 0 (tinfo 0xa5a6f110)
06-05 12:37:16.047 D/EGL_emulation( 1792): eglMakeCurrent: 0x992abea0: ver 2 0 (tinfo 0xa5a6f110)
06-05 12:37:16.063 D/EGL_emulation( 1792): eglMakeCurrent: 0x992abea0: ver 2 0 (tinfo 0xa5a6f110)
06-05 12:37:16.065 D/EGL_emulation( 1792): eglMakeCurrent: 0x992abea0: ver 2 0 (tinfo 0xa5a6f110)
06-05 12:37:16.080 D/EGL_emulation( 1792): eglMakeCurrent: 0x992abea0: ver 2 0 (tinfo 0xa5a6f110)
06-05 12:37:16.082 D/EGL_emulation( 1792): eglMakeCurrent: 0x992abea0: ver 2 0 (tinfo 0xa5a6f110)
06-05 12:37:16.096 D/EGL_emulation( 1792): eglMakeCurrent: 0x992abea0: ver 2 0 (tinfo 0xa5a6f110)
06-05 12:37:16.098 D/EGL_emulation( 1792): eglMakeCurrent: 0x992abea0: ver 2 0 (tinfo 0xa5a6f110)
06-05 12:37:16.113 D/EGL_emulation( 1792): eglMakeCurrent: 0x992abea0: ver 2 0 (tinfo 0xa5a6f110)
06-05 12:37:16.115 D/EGL_emulation( 1792): eglMakeCurrent: 0x992abea0: ver 2 0 (tinfo 0xa5a6f110)
