--------- beginning of main
06-05 15:50:39.611 D/EGL_emulation( 1697): eglMakeCurrent: 0xb4085660: ver 2 0 (tinfo 0xb40834b0)
06-05 15:50:39.612 D/EGL_emulation( 1712): eglMakeCurrent: 0xb4085540: ver 2 0 (tinfo 0xb4083740)
06-05 15:50:39.612 V/PhoneStatusBar( 1712): setLightsOn(true)
06-05 15:50:39.626 D/EGL_emulation( 1712): eglMakeCurrent: 0xb4085540: ver 2 0 (tinfo 0xb4083740)
06-05 15:50:39.643 V/PhoneStatusBar( 1712): setLightsOn(true)
--------- beginning of system
06-05 15:50:39.669 W/ActivityManager( 1630): Duplicate finish request for ActivityRecord{ba4a739 u0 com.evancharlton.mileage/.Mileage t317 f}
06-05 15:50:39.669 W/ActivityManager( 1630): Duplicate finish request for ActivityRecord{ba4a739 u0 com.evancharlton.mileage/.Mileage t317 f}
06-05 15:50:39.669 W/ActivityManager( 1630): Duplicate finish request for ActivityRecord{ba4a739 u0 com.evancharlton.mileage/.Mileage t317 f}
06-05 15:50:39.669 W/ActivityManager( 1630): Duplicate finish request for ActivityRecord{ba4a739 u0 com.evancharlton.mileage/.Mileage t317 f}
06-05 15:50:39.670 W/ActivityManager( 1630): Duplicate finish request for ActivityRecord{ba4a739 u0 com.evancharlton.mileage/.Mileage t317 f}
06-05 15:50:39.671 W/ActivityManager( 1630): Duplicate finish request for ActivityRecord{6d182ea u0 com.evancharlton.mileage/.VehicleTypeListActivity t317 f}
06-05 15:50:39.673 W/ActivityManager( 1630): Finishing task with all activities already finished
06-05 15:50:39.673 W/ActivityManager( 1630): Duplicate finish request for ActivityRecord{27527bc u0 com.evancharlton.mileage/.VehicleTypeActivity t317 f}
06-05 15:50:39.676 V/PhoneStatusBar( 1712): setLightsOn(true)
06-05 15:50:39.712 D/gralloc_ranchu( 1346): gralloc_alloc: Creating ashmem region of size 3145728
06-05 15:50:39.717 E/EGL_emulation( 1346): tid 1346: eglCreateSyncKHR(1901): error 0x3004 (EGL_BAD_ATTRIBUTE)
06-05 15:50:39.726 I/WindowManager( 1630): Destroying surface Surface(name=com.evancharlton.mileage/com.evancharlton.mileage.VehicleTypeListActivity) called by com.android.server.wm.WindowStateAnimator.destroySurface:2016 com.android.server.wm.WindowStateAnimator.destroySurfaceLocked:882 com.android.server.wm.WindowState.destroyOrSaveSurface:2100 com.android.server.wm.AppWindowToken.destroySurfaces:363 com.android.server.wm.WindowStateAnimator.finishExit:565 com.android.server.wm.AppWindowAnimator.stepAnimationLocked:427 com.android.server.wm.WindowAnimator.updateAppWindowsLocked:196 com.android.server.wm.WindowAnimator.animateLocked:678 
06-05 15:50:39.765 W/IInputConnectionWrapper(19164): finishComposingText on inactive InputConnection
06-05 15:50:39.765 W/InputMethodService( 1697): Window size has been changed. This may cause jankiness of resizing window: -1 -> -2
06-05 15:50:39.765 W/IInputConnectionWrapper(19164): reportFullscreenMode on inexistent InputConnection
06-05 15:50:39.766 W/IInputConnectionWrapper(19164): finishComposingText on inactive InputConnection
06-05 15:50:39.778 D/EGL_emulation( 2099): eglMakeCurrent: 0xb4085240: ver 2 0 (tinfo 0xb40832d0)
06-05 15:50:39.778 D/EGL_emulation( 1697): eglMakeCurrent: 0xb4085660: ver 2 0 (tinfo 0xb40834b0)
06-05 15:50:39.781 D/AndroidRuntime(19214): >>>>>> START com.android.internal.os.RuntimeInit uid 2000 <<<<<<
06-05 15:50:39.783 D/AndroidRuntime(19214): CheckJNI is ON
06-05 15:50:39.794 D/EGL_emulation( 1712): eglMakeCurrent: 0xb4085540: ver 2 0 (tinfo 0xb4083740)
06-05 15:50:39.795 W/art     (19214): Unexpected CPU variant for X86 using defaults: x86
06-05 15:50:39.798 D/ICU     (19214): No timezone override file found: /data/misc/zoneinfo/current/icu/icu_tzdata.dat
06-05 15:50:39.806 E/memtrack(19214): Couldn't load memtrack module (No such file or directory)
06-05 15:50:39.806 E/android.os.Debug(19214): failed to load memtrack module: -2
06-05 15:50:39.807 I/Radio-JNI(19214): register_android_hardware_Radio DONE
06-05 15:50:39.810 D/EGL_emulation( 1712): eglMakeCurrent: 0xb4085540: ver 2 0 (tinfo 0xb4083740)
06-05 15:50:39.812 D/EGL_emulation( 1712): eglMakeCurrent: 0xb4085540: ver 2 0 (tinfo 0xb4083740)
06-05 15:50:39.813 D/AndroidRuntime(19214): Calling main entry com.android.commands.am.Am
06-05 15:50:39.815 I/ActivityManager( 1630): Force stopping com.evancharlton.mileage appid=10086 user=0: start instr
06-05 15:50:39.815 I/ActivityManager( 1630): Killing 19164:com.evancharlton.mileage/u0a86 (adj 0): stop com.evancharlton.mileage
06-05 15:50:39.815 D/ActivityManager( 1630): cleanUpApplicationRecord -- 19164
06-05 15:50:39.815 W/ActivityManager( 1630): Crash of app com.evancharlton.mileage running instrumentation ComponentInfo{com.evancharlton.mileage.test/sh.calaba.instrumentationbackend.CalabashInstrumentationTestRunner}
06-05 15:50:39.815 I/ActivityManager( 1630): Force stopping com.evancharlton.mileage appid=10086 user=0: finished inst
06-05 15:50:39.819 I/art     (19224): Not late-enabling -Xcheck:jni (already on)
06-05 15:50:39.819 W/art     (19224): Unexpected CPU variant for X86 using defaults: x86
06-05 15:50:39.826 I/ActivityManager( 1630): Start proc 19224:com.evancharlton.mileage/u0a86 for added application com.evancharlton.mileage
06-05 15:50:39.826 D/AndroidRuntime(19214): Shutting down VM
06-05 15:50:39.827 D/EGL_emulation( 1712): eglMakeCurrent: 0xb4085540: ver 2 0 (tinfo 0xb4083740)
06-05 15:50:39.829 D/EGL_emulation( 1712): eglMakeCurrent: 0xb4085540: ver 2 0 (tinfo 0xb4083740)
06-05 15:50:39.836 W/System  (19224): ClassLoader referenced unknown path: /data/app/com.evancharlton.mileage.test-1/lib/x86
06-05 15:50:39.836 W/System  (19224): ClassLoader referenced unknown path: /data/app/com.evancharlton.mileage-1/lib/x86
06-05 15:50:39.839 W/System  (19224): ClassLoader referenced unknown path: 
06-05 15:50:39.843 D/EGL_emulation( 1712): eglMakeCurrent: 0xb4085540: ver 2 0 (tinfo 0xb4083740)
06-05 15:50:39.844 I/System.out(19224): Main activity name automatically set to: com.evancharlton.mileage.Mileage
06-05 15:50:39.844 I/System.out(19224): Calabash did not load Mono. This is only a problem if you are trying to test a Mono application
06-05 15:50:39.844 I/calabash(19224): Test server port: 7102
06-05 15:50:39.845 I/InstrumentationBackend(19224): Added:'GetPreferences', with key:'get_preferences'
06-05 15:50:39.846 D/EGL_emulation( 1712): eglMakeCurrent: 0xb4085540: ver 2 0 (tinfo 0xb4083740)
06-05 15:50:39.850 I/InstrumentationBackend(19224): Added:'SetPreferences', with key:'set_preferences'
06-05 15:50:39.850 I/InstrumentationBackend(19224): Added:'ClearPreferences', with key:'clear_preferences'
06-05 15:50:39.850 I/InstrumentationBackend(19224): Added:'PressElement', with key:'press_l10n_element'
06-05 15:50:39.850 I/InstrumentationBackend(19224): Added:'WaitForElement', with key:'wait_for_l10n_element'
06-05 15:50:39.850 I/InstrumentationBackend(19224): Added:'NullAction', with key:'nullAction'
06-05 15:50:39.850 I/InstrumentationBackend(19224): Added:'PressKey', with key:'press_key'
06-05 15:50:39.850 I/InstrumentationBackend(19224): Added:'SetActivityOrientation', with key:'set_activity_orientation'
06-05 15:50:39.850 I/InstrumentationBackend(19224): Added:'GetActivityOrientation', with key:'get_activity_orientation'
06-05 15:50:39.850 I/InstrumentationBackend(19224): Added:'FakeGPSLocation', with key:'set_gps_coordinates'
06-05 15:50:39.850 I/InstrumentationBackend(19224): Added:'SetPropertyByCssSelector', with key:'set_property_by_css_selector'
06-05 15:50:39.850 I/InstrumentationBackend(19224): Added:'GetUrl', with key:'get_url'
06-05 15:50:39.851 I/InstrumentationBackend(19224): Added:'ScrollTo', with key:'scroll_to'
06-05 15:50:39.851 I/InstrumentationBackend(19224): Added:'GetLoadProgress', with key:'get_load_progress'
06-05 15:50:39.851 I/InstrumentationBackend(19224): Added:'DumpHtml', with key:'dump_html'
06-05 15:50:39.851 I/InstrumentationBackend(19224): Added:'DumpBodyHtml', with key:'dump_body_html'
06-05 15:50:39.851 I/InstrumentationBackend(19224): Added:'EnterTextByCssSelector', with key:'enter_text_by_selector'
06-05 15:50:39.851 I/InstrumentationBackend(19224): Added:'AndroidSDKVersion', with key:'android_sdk_version'
06-05 15:50:39.851 I/InstrumentationBackend(19224): Added:'Version', with key:'version'
06-05 15:50:39.851 I/InstrumentationBackend(19224): Added:'Drag', with key:'drag'
06-05 15:50:39.851 I/InstrumentationBackend(19224): Added:'TouchCoordinates', with key:'touch_coordinate'
06-05 15:50:39.851 I/InstrumentationBackend(19224): Added:'LongPressCoordinate', with key:'long_press_coordinate'
06-05 15:50:39.851 I/InstrumentationBackend(19224): Added:'DragCoordinates', with key:'drag_coordinates'
06-05 15:50:39.851 I/InstrumentationBackend(19224): Added:'ResumeApplication', with key:'resume_application'
06-05 15:50:39.851 I/InstrumentationBackend(19224): Added:'Swipe', with key:'swipe'
06-05 15:50:39.851 I/InstrumentationBackend(19224): Added:'DoubleTapCoordinate', with key:'double_tap_coordinate'
06-05 15:50:39.851 I/InstrumentationBackend(19224): Added:'ClickOnScreen', with key:'click_on_screen'
06-05 15:50:39.851 I/InstrumentationBackend(19224): Added:'GetActivityName', with key:'get_activity_name'
06-05 15:50:39.851 I/InstrumentationBackend(19224): Added:'ScrollToView', with key:'scroll_to_view'
06-05 15:50:39.852 I/InstrumentationBackend(19224): Added:'ViewConfiguration', with key:'view_configuration'
06-05 15:50:39.852 I/InstrumentationBackend(19224): Added:'IsCurrentActivityFocused', with key:'is_current_activity_focused'
06-05 15:50:39.852 I/InstrumentationBackend(19224): Added:'SendTcp', with key:'send_tcp'
06-05 15:50:39.852 I/InstrumentationBackend(19224): Added:'DpToDevicePixel', with key:'dp_to_device_pixel'
06-05 15:50:39.852 I/InstrumentationBackend(19224): Added:'KeyboardEnterText', with key:'keyboard_enter_text'
06-05 15:50:39.852 I/InstrumentationBackend(19224): Added:'DeleteSurroundingText', with key:'delete_surrounding_text'
06-05 15:50:39.852 I/InstrumentationBackend(19224): Added:'SetComposingRegion', with key:'set_composing_region'
06-05 15:50:39.852 I/InstrumentationBackend(19224): Added:'SetSelection', with key:'set_selection'
06-05 15:50:39.852 I/InstrumentationBackend(19224): Added:'KeyboardKeyEvent', with key:'keyboard_key_event'
06-05 15:50:39.852 I/InstrumentationBackend(19224): Added:'PressUserActionButton', with key:'press_user_action_button'
06-05 15:50:39.852 I/InstrumentationBackend(19224): Added:'HideSoftKeyboard', with key:'hide_soft_keyboard'
06-05 15:50:39.852 I/InstrumentationBackend(19224): Added:'ListActions', with key:'list_actions'
06-05 15:50:39.852 I/calabash(19224): Instantiating http server at 7102
06-05 15:50:39.853 I/System.out(19224): HTTP Daemon listening on: 7102
06-05 15:50:39.860 D/EGL_emulation( 1712): eglMakeCurrent: 0xb4085540: ver 2 0 (tinfo 0xb4083740)
06-05 15:50:39.862 D/EGL_emulation( 1712): eglMakeCurrent: 0xb4085540: ver 2 0 (tinfo 0xb4083740)
06-05 15:50:39.863 I/WindowManager( 1630): WIN DEATH: Window{54b03a8 u0 com.evancharlton.mileage/com.evancharlton.mileage.VehicleTypeActivity EXITING}
06-05 15:50:39.863 W/InputDispatcher( 1630): channel '54b03a8 com.evancharlton.mileage/com.evancharlton.mileage.VehicleTypeActivity (server)' ~ Consumer closed input channel or an error occurred.  events=0x9
06-05 15:50:39.863 E/InputDispatcher( 1630): channel '54b03a8 com.evancharlton.mileage/com.evancharlton.mileage.VehicleTypeActivity (server)' ~ Channel is unrecoverably broken and will be disposed!
06-05 15:50:39.863 W/InputDispatcher( 1630): Attempted to unregister already unregistered input channel '54b03a8 com.evancharlton.mileage/com.evancharlton.mileage.VehicleTypeActivity (server)'
06-05 15:50:39.877 D/EGL_emulation( 1712): eglMakeCurrent: 0xb4085540: ver 2 0 (tinfo 0xb4083740)
06-05 15:50:39.880 D/EGL_emulation( 1712): eglMakeCurrent: 0xb4085540: ver 2 0 (tinfo 0xb4083740)
06-05 15:50:39.893 D/EGL_emulation( 1712): eglMakeCurrent: 0xb4085540: ver 2 0 (tinfo 0xb4083740)
06-05 15:50:39.895 D/EGL_emulation( 1712): eglMakeCurrent: 0xb4085540: ver 2 0 (tinfo 0xb4083740)
06-05 15:50:39.910 D/EGL_emulation( 1712): eglMakeCurrent: 0xb4085540: ver 2 0 (tinfo 0xb4083740)
06-05 15:50:39.912 D/EGL_emulation( 1712): eglMakeCurrent: 0xb4085540: ver 2 0 (tinfo 0xb4083740)
06-05 15:50:39.926 D/EGL_emulation( 1712): eglMakeCurrent: 0xb4085540: ver 2 0 (tinfo 0xb4083740)
06-05 15:50:39.928 D/EGL_emulation( 1712): eglMakeCurrent: 0xb4085540: ver 2 0 (tinfo 0xb4083740)
06-05 15:50:39.939 I/System.out(19224): URI: //ping
06-05 15:50:39.939 I/System.out(19224): params: {json={}
06-05 15:50:39.939 I/System.out(19224): }
06-05 15:50:39.941 I/System.out(19224): URI: //ping
06-05 15:50:39.942 I/System.out(19224): params: {json={}
06-05 15:50:39.942 I/System.out(19224): }
06-05 15:50:39.943 D/EGL_emulation( 1712): eglMakeCurrent: 0xb4085540: ver 2 0 (tinfo 0xb4083740)
06-05 15:50:39.944 I/System.out(19224): URI: //ready
06-05 15:50:39.944 I/System.out(19224): params: {json={}
06-05 15:50:39.944 I/System.out(19224): }
06-05 15:50:39.945 D/EGL_emulation( 1712): eglMakeCurrent: 0xb4085540: ver 2 0 (tinfo 0xb4083740)
06-05 15:50:39.946 I/System.out(19224): URI: //
06-05 15:50:39.946 I/System.out(19224): params: {json={"command":"version","arguments":[]}
06-05 15:50:39.946 I/System.out(19224): }
06-05 15:50:39.946 I/System.out(19224): header: {content-type=application/json;charset=utf-8, date=Fri, 05 Jun 2020 20:50:40 GMT, accept=*/*, host=127.0.0.1:34784, content-length=36, user-agent=HTTPClient/1.0 (2.8.3, ruby 2.5.1 (2018-03-29))}
06-05 15:50:39.946 I/System.out(19224): params: {json={"command":"version","arguments":[]}
06-05 15:50:39.946 I/System.out(19224): }
06-05 15:50:39.946 I/System.out(19224): ProP json = {"command":"version","arguments":[]}
06-05 15:50:39.946 I/System.out(19224): files: {}
06-05 15:50:39.946 I/System.out(19224): command: {"command":"version","arguments":[]}
06-05 15:50:39.949 I/InstrumentationBackend(19224): Got command:'Command:'Line:null,version', arguments:'[]'
06-05 15:50:39.956 I/System.out(19224): result:{"bonusInformation":[],"message":"0.9.8","success":true}
06-05 15:50:39.959 I/System.out(19224): URI: //start-application
06-05 15:50:39.959 I/System.out(19224): params: {json={"intent":null}
06-05 15:50:39.959 I/System.out(19224): }
06-05 15:50:39.960 I/WindowManager( 1630): Destroying surface Surface(name=InputMethod) called by com.android.server.wm.WindowStateAnimator.destroySurface:2016 com.android.server.wm.WindowStateAnimator.destroySurfaceLocked:882 com.android.server.wm.WindowState.destroyOrSaveSurface:2100 com.android.server.wm.WindowSurfacePlacer.performSurfacePlacementInner:429 com.android.server.wm.WindowSurfacePlacer.performSurfacePlacementLoop:232 com.android.server.wm.WindowSurfacePlacer.performSurfacePlacement:180 com.android.server.wm.WindowManagerService$H.handleMessage:8086 android.os.Handler.dispatchMessage:102 
06-05 15:50:39.960 D/EGL_emulation( 1712): eglMakeCurrent: 0xb4085540: ver 2 0 (tinfo 0xb4083740)
06-05 15:50:39.961 D/EGL_emulation( 1712): eglMakeCurrent: 0xb4085540: ver 2 0 (tinfo 0xb4083740)
06-05 15:50:39.969 I/ActivityManager( 1630): START u0 {act=android.intent.action.MAIN cat=[android.intent.category.LAUNCHER] flg=0x10200000 cmp=com.evancharlton.mileage/.Mileage} from uid 10086 on display 0
06-05 15:50:39.974 I/calabash(19224): newActivity1
06-05 15:50:39.977 D/EGL_emulation( 1712): eglMakeCurrent: 0xb4085540: ver 2 0 (tinfo 0xb4083740)
06-05 15:50:39.985 I/calabash(19224): newActivity1
06-05 15:50:39.986 W/ActivityManager( 1630): Bad activity token: android.os.BinderProxy@7764fc6
06-05 15:50:39.986 W/ActivityManager( 1630): java.lang.ClassCastException: android.os.BinderProxy cannot be cast to com.android.server.am.ActivityRecord$Token
06-05 15:50:39.986 W/ActivityManager( 1630): 	at com.android.server.am.ActivityRecord.forTokenLocked(ActivityRecord.java:586)
06-05 15:50:39.986 W/ActivityManager( 1630): 	at com.android.server.am.ActivityRecord.isInStackLocked(ActivityRecord.java:1327)
06-05 15:50:39.986 W/ActivityManager( 1630): 	at com.android.server.am.ActivityRecord.getStackLocked(ActivityRecord.java:1332)
06-05 15:50:39.986 W/ActivityManager( 1630): 	at com.android.server.am.ActivityManagerService.getActivityDisplayId(ActivityManagerService.java:9806)
06-05 15:50:39.986 W/ActivityManager( 1630): 	at android.app.ActivityManagerNative.onTransact(ActivityManagerNative.java:2566)
06-05 15:50:39.986 W/ActivityManager( 1630): 	at com.android.server.am.ActivityManagerService.onTransact(ActivityManagerService.java:2757)
06-05 15:50:39.986 W/ActivityManager( 1630): 	at android.os.Binder.execTransact(Binder.java:565)
06-05 15:50:39.987 W/ActivityManager( 1630): Bad activity token: android.os.BinderProxy@7764fc6
06-05 15:50:39.987 W/ActivityManager( 1630): java.lang.ClassCastException: android.os.BinderProxy cannot be cast to com.android.server.am.ActivityRecord$Token
06-05 15:50:39.987 W/ActivityManager( 1630): 	at com.android.server.am.ActivityRecord.forTokenLocked(ActivityRecord.java:586)
06-05 15:50:39.987 W/ActivityManager( 1630): 	at com.android.server.am.ActivityRecord.isInStackLocked(ActivityRecord.java:1327)
06-05 15:50:39.987 W/ActivityManager( 1630): 	at com.android.server.am.ActivityManagerService.setTaskDescription(ActivityManagerService.java:9358)
06-05 15:50:39.987 W/ActivityManager( 1630): 	at android.app.ActivityManagerNative.onTransact(ActivityManagerNative.java:2639)
06-05 15:50:39.987 W/ActivityManager( 1630): 	at com.android.server.am.ActivityManagerService.onTransact(ActivityManagerService.java:2757)
06-05 15:50:39.987 W/ActivityManager( 1630): 	at android.os.Binder.execTransact(Binder.java:565)
06-05 15:50:39.988 W/ActivityManager( 1630): Bad activity token: android.os.BinderProxy@7764fc6
06-05 15:50:39.988 W/ActivityManager( 1630): java.lang.ClassCastException: android.os.BinderProxy cannot be cast to com.android.server.am.ActivityRecord$Token
06-05 15:50:39.988 W/ActivityManager( 1630): 	at com.android.server.am.ActivityRecord.forTokenLocked(ActivityRecord.java:586)
06-05 15:50:39.988 W/ActivityManager( 1630): 	at com.android.server.am.ActivityRecord.isInStackLocked(ActivityRecord.java:1327)
06-05 15:50:39.988 W/ActivityManager( 1630): 	at com.android.server.am.ActivityRecord.getStackLocked(ActivityRecord.java:1332)
06-05 15:50:39.988 W/ActivityManager( 1630): 	at com.android.server.am.ActivityManagerService.getActivityStackId(ActivityManagerService.java:9817)
06-05 15:50:39.988 W/ActivityManager( 1630): 	at android.app.ActivityManagerNative.onTransact(ActivityManagerNative.java:2856)
06-05 15:50:39.988 W/ActivityManager( 1630): 	at com.android.server.am.ActivityManagerService.onTransact(ActivityManagerService.java:2757)
06-05 15:50:39.988 W/ActivityManager( 1630): 	at android.os.Binder.execTransact(Binder.java:565)
06-05 15:50:39.993 D/gralloc_ranchu( 1346): gralloc_alloc: Creating ashmem region of size 9023488
06-05 15:50:39.993 D/EGL_emulation( 1712): eglMakeCurrent: 0xb4085540: ver 2 0 (tinfo 0xb4083740)
06-05 15:50:39.998 D/EGL_emulation( 1712): eglMakeCurrent: 0xb4085540: ver 2 0 (tinfo 0xb4083740)
06-05 15:50:40.009 W/ActivityManager( 1630): Bad activity token: android.os.BinderProxy@7764fc6
06-05 15:50:40.009 W/ActivityManager( 1630): java.lang.ClassCastException: android.os.BinderProxy cannot be cast to com.android.server.am.ActivityRecord$Token
06-05 15:50:40.009 W/ActivityManager( 1630): 	at com.android.server.am.ActivityRecord.forTokenLocked(ActivityRecord.java:586)
06-05 15:50:40.009 W/ActivityManager( 1630): 	at com.android.server.am.ActivityRecord.isInStackLocked(ActivityRecord.java:1327)
06-05 15:50:40.009 W/ActivityManager( 1630): 	at com.android.server.am.ActivityManagerService.getActivityOptions(ActivityManagerService.java:12559)
06-05 15:50:40.009 W/ActivityManager( 1630): 	at android.app.ActivityManagerNative.onTransact(ActivityManagerNative.java:1933)
06-05 15:50:40.009 W/ActivityManager( 1630): 	at com.android.server.am.ActivityManagerService.onTransact(ActivityManagerService.java:2757)
06-05 15:50:40.009 W/ActivityManager( 1630): 	at android.os.Binder.execTransact(Binder.java:565)
06-05 15:50:40.009 W/ActivityManager( 1630): Bad activity token: android.os.BinderProxy@7764fc6
06-05 15:50:40.009 W/ActivityManager( 1630): java.lang.ClassCastException: android.os.BinderProxy cannot be cast to com.android.server.am.ActivityRecord$Token
06-05 15:50:40.009 W/ActivityManager( 1630): 	at com.android.server.am.ActivityRecord.forTokenLocked(ActivityRecord.java:586)
06-05 15:50:40.009 W/ActivityManager( 1630): 	at com.android.server.am.ActivityRecord.isInStackLocked(ActivityRecord.java:1327)
06-05 15:50:40.009 W/ActivityManager( 1630): 	at com.android.server.am.ActivityManagerService.getActivityOptions(ActivityManagerService.java:12559)
06-05 15:50:40.009 W/ActivityManager( 1630): 	at android.app.ActivityManagerNative.onTransact(ActivityManagerNative.java:1933)
06-05 15:50:40.009 W/ActivityManager( 1630): 	at com.android.server.am.ActivityManagerService.onTransact(ActivityManagerService.java:2757)
06-05 15:50:40.009 W/ActivityManager( 1630): 	at android.os.Binder.execTransact(Binder.java:565)
06-05 15:50:40.014 D/EGL_emulation( 1712): eglMakeCurrent: 0xb4085540: ver 2 0 (tinfo 0xb4083740)
06-05 15:50:40.017 D/EGL_emulation( 1712): eglMakeCurrent: 0xb4085540: ver 2 0 (tinfo 0xb4083740)
06-05 15:50:40.025 V/PhoneStatusBar( 1712): setLightsOn(true)
06-05 15:50:40.027 D/EGL_emulation( 2099): eglMakeCurrent: 0xb4085240: ver 2 0 (tinfo 0xb40832d0)
06-05 15:50:40.028 D/EGL_emulation( 1712): eglMakeCurrent: 0xb4085540: ver 2 0 (tinfo 0xb4083740)
06-05 15:50:40.042 D/gralloc_ranchu( 1346): gralloc_alloc: Creating ashmem region of size 9023488
06-05 15:50:40.043 D/EGL_emulation( 1712): eglMakeCurrent: 0xb4085540: ver 2 0 (tinfo 0xb4083740)
06-05 15:50:40.048 D/        (19224): HostConnection::get() New Host Connection established 0x97ca4500, tid 19224
06-05 15:50:40.048 D/EGL_emulation( 1712): eglMakeCurrent: 0xb4085540: ver 2 0 (tinfo 0xb4083740)
06-05 15:50:40.048 V/PhoneStatusBar( 1712): setLightsOn(true)
06-05 15:50:40.075 D/EGL_emulation( 1712): eglMakeCurrent: 0xb4085540: ver 2 0 (tinfo 0xb4083740)
06-05 15:50:40.077 D/EGL_emulation( 1712): eglMakeCurrent: 0xb4085540: ver 2 0 (tinfo 0xb4083740)
06-05 15:50:40.079 D/EGL_emulation( 1712): eglMakeCurrent: 0xb4085540: ver 2 0 (tinfo 0xb4083740)
06-05 15:50:40.093 D/EGL_emulation( 1712): eglMakeCurrent: 0xb4085540: ver 2 0 (tinfo 0xb4083740)
06-05 15:50:40.096 D/EGL_emulation( 1712): eglMakeCurrent: 0xb4085540: ver 2 0 (tinfo 0xb4083740)
06-05 15:50:40.110 D/EGL_emulation( 1712): eglMakeCurrent: 0xb4085540: ver 2 0 (tinfo 0xb4083740)
06-05 15:50:40.111 D/EGL_emulation( 1712): eglMakeCurrent: 0xb4085540: ver 2 0 (tinfo 0xb4083740)
06-05 15:50:40.127 D/gralloc_ranchu( 1346): gralloc_alloc: Creating ashmem region of size 9023488
06-05 15:50:40.127 D/EGL_emulation( 1712): eglMakeCurrent: 0xb4085540: ver 2 0 (tinfo 0xb4083740)
06-05 15:50:40.145 D/EGL_emulation( 1712): eglMakeCurrent: 0xb4085540: ver 2 0 (tinfo 0xb4083740)
06-05 15:50:40.149 D/EGL_emulation( 1712): eglMakeCurrent: 0xb4085540: ver 2 0 (tinfo 0xb4083740)
06-05 15:50:40.149 I/ActivityManager( 1630): Displayed com.evancharlton.mileage/.Mileage: +177ms
06-05 15:50:40.150 V/PhoneStatusBar( 1712): setLightsOn(true)
06-05 15:50:40.163 D/EGL_emulation( 1712): eglMakeCurrent: 0xb4085540: ver 2 0 (tinfo 0xb4083740)
06-05 15:50:40.168 D/EGL_emulation( 1712): eglMakeCurrent: 0xb4085540: ver 2 0 (tinfo 0xb4083740)
06-05 15:50:40.170 D/EGL_emulation( 1712): eglMakeCurrent: 0xb4085540: ver 2 0 (tinfo 0xb4083740)
06-05 15:50:40.182 D/EGL_emulation( 1712): eglMakeCurrent: 0xb4085540: ver 2 0 (tinfo 0xb4083740)
06-05 15:50:40.184 D/EGL_emulation( 1712): eglMakeCurrent: 0xb4085540: ver 2 0 (tinfo 0xb4083740)
06-05 15:50:40.193 D/EGL_emulation( 1712): eglMakeCurrent: 0xb4085540: ver 2 0 (tinfo 0xb4083740)
06-05 15:50:40.195 V/PhoneStatusBar( 1712): setLightsOn(true)
06-05 15:50:40.196 D/EGL_emulation( 1712): eglMakeCurrent: 0xb4085540: ver 2 0 (tinfo 0xb4083740)
06-05 15:50:40.199 I/System.out(19224): URI: //map
06-05 15:50:40.199 I/System.out(19224): params: {json={"query":"* marked:'Vehicles'","operation":{"method_name":"query","arguments":[]}}
06-05 15:50:40.199 I/System.out(19224): }
06-05 15:50:40.209 I/WindowManager( 1630): Destroying surface Surface(name=com.evancharlton.mileage/com.evancharlton.mileage.VehicleTypeActivity) called by com.android.server.wm.WindowStateAnimator.destroySurface:2016 com.android.server.wm.WindowStateAnimator.destroySurfaceLocked:882 com.android.server.wm.WindowState.removeLocked:1456 com.android.server.wm.WindowManagerService.removeWindowInnerLocked:2484 com.android.server.wm.AppWindowToken.destroySurfaces:365 com.android.server.wm.WindowStateAnimator.finishExit:565 com.android.server.wm.AppWindowAnimator.stepAnimationLocked:427 com.android.server.wm.WindowAnimator.updateAppWindowsLocked:196 
06-05 15:50:40.209 D/EGL_emulation( 1712): eglMakeCurrent: 0xb4085540: ver 2 0 (tinfo 0xb4083740)
06-05 15:50:40.211 D/EGL_emulation( 1712): eglMakeCurrent: 0xb4085540: ver 2 0 (tinfo 0xb4083740)
06-05 15:50:40.213 W/ResourceType(19224): No package identifier when getting name for resource number 0x00000001
06-05 15:50:40.227 D/EGL_emulation( 1712): eglMakeCurrent: 0xb4085540: ver 2 0 (tinfo 0xb4083740)
06-05 15:50:40.227 V/PhoneStatusBar( 1712): setLightsOn(true)
06-05 15:50:40.228 D/EGL_emulation( 1712): eglMakeCurrent: 0xb4085540: ver 2 0 (tinfo 0xb4083740)
06-05 15:50:40.230 I/System.out(19224): URI: //gesture
06-05 15:50:40.231 I/System.out(19224): params: {json={"query_timeout":5.0,"gestures":[{"query_string":"* marked:'Vehicles'","touches":[{"x":50,"y":50,"offset_x":0,"offset_y":0,"wait":0.0,"time":0.2,"release":true,"query_string":null}]}]}
06-05 15:50:40.231 I/System.out(19224): }
06-05 15:50:40.235 W/ResourceType(19224): No package identifier when getting name for resource number 0x00000001
06-05 15:50:40.243 D/EGL_emulation( 1712): eglMakeCurrent: 0xb4085540: ver 2 0 (tinfo 0xb4083740)
06-05 15:50:40.252 D/EGL_emulation( 1712): eglMakeCurrent: 0xb4085540: ver 2 0 (tinfo 0xb4083740)
06-05 15:50:40.343 I/WindowManager( 1630): Destroying surface Surface(name=Starting com.evancharlton.mileage) called by com.android.server.wm.WindowStateAnimator.destroySurface:2016 com.android.server.wm.WindowStateAnimator.destroySurfaceLocked:882 com.android.server.wm.WindowState.destroyOrSaveSurface:2100 com.android.server.wm.AppWindowToken.destroySurfaces:363 com.android.server.wm.WindowStateAnimator.finishExit:565 com.android.server.wm.WindowStateAnimator.stepAnimationLocked:491 com.android.server.wm.WindowAnimator.updateWindowsLocked:303 com.android.server.wm.WindowAnimator.animateLocked:704 
06-05 15:50:40.345 V/PhoneStatusBar( 1712): setLightsOn(true)
06-05 15:50:40.377 V/PhoneStatusBar( 1712): setLightsOn(true)
06-05 15:50:40.464 I/calabash(19224): newActivity1
06-05 15:50:40.465 W/ActivityManager( 1630): Bad activity token: android.os.BinderProxy@fd62f50
06-05 15:50:40.465 W/ActivityManager( 1630): java.lang.ClassCastException: android.os.BinderProxy cannot be cast to com.android.server.am.ActivityRecord$Token
06-05 15:50:40.465 W/ActivityManager( 1630): 	at com.android.server.am.ActivityRecord.forTokenLocked(ActivityRecord.java:586)
06-05 15:50:40.465 W/ActivityManager( 1630): 	at com.android.server.am.ActivityRecord.isInStackLocked(ActivityRecord.java:1327)
06-05 15:50:40.465 W/ActivityManager( 1630): 	at com.android.server.am.ActivityRecord.getStackLocked(ActivityRecord.java:1332)
06-05 15:50:40.465 W/ActivityManager( 1630): 	at com.android.server.am.ActivityManagerService.getActivityDisplayId(ActivityManagerService.java:9806)
06-05 15:50:40.465 W/ActivityManager( 1630): 	at android.app.ActivityManagerNative.onTransact(ActivityManagerNative.java:2566)
06-05 15:50:40.465 W/ActivityManager( 1630): 	at com.android.server.am.ActivityManagerService.onTransact(ActivityManagerService.java:2757)
06-05 15:50:40.465 W/ActivityManager( 1630): 	at android.os.Binder.execTransact(Binder.java:565)
06-05 15:50:40.467 W/ActivityManager( 1630): Bad activity token: android.os.BinderProxy@fd62f50
06-05 15:50:40.467 W/ActivityManager( 1630): java.lang.ClassCastException: android.os.BinderProxy cannot be cast to com.android.server.am.ActivityRecord$Token
06-05 15:50:40.467 W/ActivityManager( 1630): 	at com.android.server.am.ActivityRecord.forTokenLocked(ActivityRecord.java:586)
06-05 15:50:40.467 W/ActivityManager( 1630): 	at com.android.server.am.ActivityRecord.isInStackLocked(ActivityRecord.java:1327)
06-05 15:50:40.467 W/ActivityManager( 1630): 	at com.android.server.am.ActivityManagerService.setTaskDescription(ActivityManagerService.java:9358)
06-05 15:50:40.467 W/ActivityManager( 1630): 	at android.app.ActivityManagerNative.onTransact(ActivityManagerNative.java:2639)
06-05 15:50:40.467 W/ActivityManager( 1630): 	at com.android.server.am.ActivityManagerService.onTransact(ActivityManagerService.java:2757)
06-05 15:50:40.467 W/ActivityManager( 1630): 	at android.os.Binder.execTransact(Binder.java:565)
06-05 15:50:40.468 W/ActivityManager( 1630): Bad activity token: android.os.BinderProxy@fd62f50
06-05 15:50:40.468 W/ActivityManager( 1630): java.lang.ClassCastException: android.os.BinderProxy cannot be cast to com.android.server.am.ActivityRecord$Token
06-05 15:50:40.468 W/ActivityManager( 1630): 	at com.android.server.am.ActivityRecord.forTokenLocked(ActivityRecord.java:586)
06-05 15:50:40.468 W/ActivityManager( 1630): 	at com.android.server.am.ActivityRecord.isInStackLocked(ActivityRecord.java:1327)
06-05 15:50:40.468 W/ActivityManager( 1630): 	at com.android.server.am.ActivityRecord.getStackLocked(ActivityRecord.java:1332)
06-05 15:50:40.468 W/ActivityManager( 1630): 	at com.android.server.am.ActivityManagerService.getActivityStackId(ActivityManagerService.java:9817)
06-05 15:50:40.468 W/ActivityManager( 1630): 	at android.app.ActivityManagerNative.onTransact(ActivityManagerNative.java:2856)
06-05 15:50:40.468 W/ActivityManager( 1630): 	at com.android.server.am.ActivityManagerService.onTransact(ActivityManagerService.java:2757)
06-05 15:50:40.468 W/ActivityManager( 1630): 	at android.os.Binder.execTransact(Binder.java:565)
06-05 15:50:40.475 W/ActivityManager( 1630): Bad activity token: android.os.BinderProxy@fd62f50
06-05 15:50:40.475 W/ActivityManager( 1630): java.lang.ClassCastException: android.os.BinderProxy cannot be cast to com.android.server.am.ActivityRecord$Token
06-05 15:50:40.475 W/ActivityManager( 1630): 	at com.android.server.am.ActivityRecord.forTokenLocked(ActivityRecord.java:586)
06-05 15:50:40.475 W/ActivityManager( 1630): 	at com.android.server.am.ActivityRecord.isInStackLocked(ActivityRecord.java:1327)
06-05 15:50:40.475 W/ActivityManager( 1630): 	at com.android.server.am.ActivityManagerService.getActivityOptions(ActivityManagerService.java:12559)
06-05 15:50:40.475 W/ActivityManager( 1630): 	at android.app.ActivityManagerNative.onTransact(ActivityManagerNative.java:1933)
06-05 15:50:40.475 W/ActivityManager( 1630): 	at com.android.server.am.ActivityManagerService.onTransact(ActivityManagerService.java:2757)
06-05 15:50:40.475 W/ActivityManager( 1630): 	at android.os.Binder.execTransact(Binder.java:565)
06-05 15:50:40.475 W/ActivityManager( 1630): Bad activity token: android.os.BinderProxy@fd62f50
06-05 15:50:40.475 W/ActivityManager( 1630): java.lang.ClassCastException: android.os.BinderProxy cannot be cast to com.android.server.am.ActivityRecord$Token
06-05 15:50:40.475 W/ActivityManager( 1630): 	at com.android.server.am.ActivityRecord.forTokenLocked(ActivityRecord.java:586)
06-05 15:50:40.475 W/ActivityManager( 1630): 	at com.android.server.am.ActivityRecord.isInStackLocked(ActivityRecord.java:1327)
06-05 15:50:40.475 W/ActivityManager( 1630): 	at com.android.server.am.ActivityManagerService.getActivityOptions(ActivityManagerService.java:12559)
06-05 15:50:40.475 W/ActivityManager( 1630): 	at android.app.ActivityManagerNative.onTransact(ActivityManagerNative.java:1933)
06-05 15:50:40.475 W/ActivityManager( 1630): 	at com.android.server.am.ActivityManagerService.onTransact(ActivityManagerService.java:2757)
06-05 15:50:40.475 W/ActivityManager( 1630): 	at android.os.Binder.execTransact(Binder.java:565)
06-05 15:50:40.476 V/PhoneStatusBar( 1712): setLightsOn(true)
06-05 15:50:40.482 I/System.out(19224): URI: //map
06-05 15:50:40.482 I/System.out(19224): params: {json={"query":"* {text CONTAINS[c] 'Default vehicle'}","operation":{"method_name":"query","arguments":[]}}
06-05 15:50:40.482 I/System.out(19224): }
06-05 15:50:40.581 I/System.out(19224): URI: //map
06-05 15:50:40.581 I/System.out(19224): params: {json={"query":"* marked:'Default vehicle'","operation":{"method_name":"query","arguments":[]}}
06-05 15:50:40.581 I/System.out(19224): }
06-05 15:50:40.587 W/ResourceType(19224): No package identifier when getting name for resource number 0x00000001
06-05 15:50:40.593 I/art     (19224): Do partial code cache collection, code=30KB, data=30KB
06-05 15:50:40.593 I/art     (19224): After code cache collection, code=29KB, data=29KB
06-05 15:50:40.593 I/art     (19224): Increasing code cache capacity to 128KB
06-05 15:50:40.599 I/System.out(19224): URI: //gesture
06-05 15:50:40.599 I/System.out(19224): params: {json={"query_timeout":5.0,"gestures":[{"query_string":"* marked:'Default vehicle'","touches":[{"x":50,"y":50,"offset_x":0,"offset_y":0,"wait":0.0,"time":0.2,"release":true,"query_string":null}]}]}
06-05 15:50:40.599 I/System.out(19224): }
06-05 15:50:40.605 W/ResourceType(19224): No package identifier when getting name for resource number 0x00000001
06-05 15:50:40.760 V/PhoneStatusBar( 1712): setLightsOn(true)
06-05 15:50:40.760 V/PhoneStatusBar( 1712): setLightsOn(true)
06-05 15:50:40.761 W/OpenGLRenderer( 2099): Incorrectly called buildLayer on View: ShortcutAndWidgetContainer, destroying layer...
06-05 15:50:40.766 D/gralloc_ranchu( 1346): gralloc_alloc: Creating ashmem region of size 9023488
06-05 15:50:40.776 I/WindowManager( 1630): Destroying surface Surface(name=com.android.launcher3/com.android.launcher3.Launcher) called by com.android.server.wm.WindowStateAnimator.destroySurface:2016 com.android.server.wm.WindowStateAnimator.destroySurfaceLocked:882 com.android.server.wm.WindowState.destroyOrSaveSurface:2100 com.android.server.wm.AppWindowToken.destroySurfaces:363 com.android.server.wm.AppWindowToken.notifyAppStopped:389 com.android.server.wm.WindowManagerService.notifyAppStopped:4463 com.android.server.am.ActivityStack.activityStoppedLocked:1252 com.android.server.am.ActivityManagerService.activityStopped:6903 
06-05 15:50:40.777 V/PhoneStatusBar( 1712): setLightsOn(true)
06-05 15:50:40.895 I/System.out(19224): URI: //map
06-05 15:50:40.895 I/System.out(19224): params: {json={"query":"* {text CONTAINS[c] 'Default vehicle'}","operation":{"method_name":"query","arguments":[]}}
06-05 15:50:40.895 I/System.out(19224): }
06-05 15:50:40.932 I/System.out(19224): URI: //map
06-05 15:50:40.932 I/System.out(19224): params: {json={"query":"* {text CONTAINS[c] '2010'}","operation":{"method_name":"query","arguments":[]}}
06-05 15:50:40.932 I/System.out(19224): }
06-05 15:50:40.946 I/ActivityManager( 1630): START u0 {cmp=com.evancharlton.mileage/.VehicleActivity (has extras)} from uid 10086 on display 0
06-05 15:50:40.947 V/PhoneStatusBar( 1712): setLightsOn(true)
06-05 15:50:40.947 V/PhoneStatusBar( 1712): setLightsOn(true)
06-05 15:50:40.986 I/calabash(19224): newActivity1
06-05 15:50:41.026 V/PhoneStatusBar( 1712): setLightsOn(true)
06-05 15:50:41.029 D/gralloc_ranchu( 1346): gralloc_alloc: Creating ashmem region of size 9023488
06-05 15:50:41.043 V/PhoneStatusBar( 1712): setLightsOn(true)
06-05 15:50:41.062 W/InputMethodService( 1697): Window size has been changed. This may cause jankiness of resizing window: -1 -> -2
06-05 15:50:41.070 I/LatinIME( 1697): Starting input. Cursor position = 0,0
06-05 15:50:41.076 D/gralloc_ranchu( 1346): gralloc_alloc: Creating ashmem region of size 9023488
06-05 15:50:41.076 I/ActivityManager( 1630): Displayed com.evancharlton.mileage/.VehicleActivity: +92ms
06-05 15:50:41.076 V/PhoneStatusBar( 1712): setLightsOn(true)
06-05 15:50:41.093 V/PhoneStatusBar( 1712): setLightsOn(true)
06-05 15:50:41.143 V/PhoneStatusBar( 1712): setLightsOn(true)
06-05 15:50:41.160 V/PhoneStatusBar( 1712): setLightsOn(true)
06-05 15:50:41.183 D/EGL_emulation( 1712): eglMakeCurrent: 0xb4085540: ver 2 0 (tinfo 0xb4083740)
06-05 15:50:41.193 D/EGL_emulation( 1712): eglMakeCurrent: 0xb4085540: ver 2 0 (tinfo 0xb4083740)
06-05 15:50:41.193 V/PhoneStatusBar( 1712): setLightsOn(true)
06-05 15:50:41.194 D/EGL_emulation( 1697): eglMakeCurrent: 0xb4085660: ver 2 0 (tinfo 0xb40834b0)
06-05 15:50:41.209 V/PhoneStatusBar( 1712): setLightsOn(true)
06-05 15:50:41.226 V/PhoneStatusBar( 1712): setLightsOn(true)
06-05 15:50:41.243 I/System.out(19224): URI: //map
06-05 15:50:41.244 I/System.out(19224): params: {json={"query":"* {text CONTAINS[c] '2010'}","operation":{"method_name":"query","arguments":[]}}
06-05 15:50:41.244 I/System.out(19224): }
06-05 15:50:41.293 V/PhoneStatusBar( 1712): setLightsOn(true)
06-05 15:50:41.308 I/System.out(19224): URI: //map
06-05 15:50:41.308 I/System.out(19224): params: {json={"query":"* {text CONTAINS[c] 'Android'}","operation":{"method_name":"query","arguments":[]}}
06-05 15:50:41.308 I/System.out(19224): }
06-05 15:50:41.325 I/System.out(19224): URI: //map
06-05 15:50:41.325 I/System.out(19224): params: {json={"query":"* {text CONTAINS[c] 'Mileage'}","operation":{"method_name":"query","arguments":[]}}
06-05 15:50:41.325 I/System.out(19224): }
06-05 15:50:41.345 I/System.out(19224): URI: //map
06-05 15:50:41.345 I/System.out(19224): params: {json={"query":"* {text CONTAINS[c] 'Auto-generated vehicle'}","operation":{"method_name":"query","arguments":[]}}
06-05 15:50:41.345 I/System.out(19224): }
06-05 15:50:41.360 I/System.out(19224): URI: //map
06-05 15:50:41.360 I/System.out(19224): params: {json={"query":"* {text CONTAINS[c] 'Car'}","operation":{"method_name":"query","arguments":[]}}
06-05 15:50:41.360 I/System.out(19224): }
06-05 15:50:41.374 I/System.out(19224): URI: //
06-05 15:50:41.374 I/System.out(19224): params: {json={"command":"press_key","arguments":["KEYCODE_BACK"]}
06-05 15:50:41.374 I/System.out(19224): }
06-05 15:50:41.374 I/System.out(19224): header: {content-type=application/json;charset=utf-8, date=Fri, 05 Jun 2020 20:50:41 GMT, accept=*/*, host=127.0.0.1:34784, content-length=52, user-agent=HTTPClient/1.0 (2.8.3, ruby 2.5.1 (2018-03-29))}
06-05 15:50:41.374 I/System.out(19224): params: {json={"command":"press_key","arguments":["KEYCODE_BACK"]}
06-05 15:50:41.374 I/System.out(19224): }
06-05 15:50:41.374 I/System.out(19224): ProP json = {"command":"press_key","arguments":["KEYCODE_BACK"]}
06-05 15:50:41.374 I/System.out(19224): files: {}
06-05 15:50:41.374 I/System.out(19224): command: {"command":"press_key","arguments":["KEYCODE_BACK"]}
06-05 15:50:41.375 I/InstrumentationBackend(19224): Got command:'Command:'Line:null,press_key', arguments:'[KEYCODE_BACK]'
06-05 15:50:41.376 W/InputMethodService( 1697): Window size has been changed. This may cause jankiness of resizing window: -1 -> -2
06-05 15:50:41.379 I/System.out(19224): result:{"bonusInformation":[],"message":"","success":true}
06-05 15:50:41.382 I/System.out(19224): URI: //map
06-05 15:50:41.382 I/System.out(19224): params: {json={"query":"* {text CONTAINS[c] 'Miles'}","operation":{"method_name":"query","arguments":[]}}
06-05 15:50:41.382 I/System.out(19224): }
06-05 15:50:41.394 D/EGL_emulation( 1712): eglMakeCurrent: 0xb4085540: ver 2 0 (tinfo 0xb4083740)
06-05 15:50:41.399 D/EGL_emulation( 1697): eglMakeCurrent: 0xb4085660: ver 2 0 (tinfo 0xb40834b0)
06-05 15:50:41.402 D/EGL_emulation( 1712): eglMakeCurrent: 0xb4085540: ver 2 0 (tinfo 0xb4083740)
06-05 15:50:41.403 V/PhoneStatusBar( 1712): setLightsOn(true)
06-05 15:50:41.404 V/PhoneStatusBar( 1712): setLightsOn(true)
06-05 15:50:41.426 V/PhoneStatusBar( 1712): setLightsOn(true)
06-05 15:50:41.426 V/PhoneStatusBar( 1712): setLightsOn(true)
06-05 15:50:41.428 V/PhoneStatusBar( 1712): setLightsOn(true)
06-05 15:50:41.443 V/PhoneStatusBar( 1712): setLightsOn(true)
06-05 15:50:41.453 I/System.out(19224): URI: //map
06-05 15:50:41.453 I/System.out(19224): params: {json={"query":"* {text CONTAINS[c] 'Gallons'}","operation":{"method_name":"query","arguments":[]}}
06-05 15:50:41.453 I/System.out(19224): }
06-05 15:50:41.460 I/WindowManager( 1630): Destroying surface Surface(name=com.evancharlton.mileage/com.evancharlton.mileage.Mileage) called by com.android.server.wm.WindowStateAnimator.destroySurface:2016 com.android.server.wm.WindowStateAnimator.destroySurfaceLocked:882 com.android.server.wm.WindowState.destroyOrSaveSurface:2100 com.android.server.wm.WindowManagerService.tryStartExitingAnimation:3024 com.android.server.wm.WindowManagerService.relayoutWindow:2904 com.android.server.wm.Session.relayout:224 android.view.IWindowSession$Stub.onTransact:286 com.android.server.wm.Session.onTransact:145 
06-05 15:50:41.460 V/PhoneStatusBar( 1712): setLightsOn(true)
06-05 15:50:41.470 I/System.out(19224): URI: //map
06-05 15:50:41.470 I/System.out(19224): params: {json={"query":"* {text CONTAINS[c] 'Miles / Gallon'}","operation":{"method_name":"query","arguments":[]}}
06-05 15:50:41.470 I/System.out(19224): }
06-05 15:50:41.473 I/art     (19224): Do partial code cache collection, code=60KB, data=62KB
06-05 15:50:41.473 I/art     (19224): After code cache collection, code=60KB, data=62KB
06-05 15:50:41.473 I/art     (19224): Increasing code cache capacity to 256KB
06-05 15:50:41.483 I/System.out(19224): URI: //map
06-05 15:50:41.483 I/System.out(19224): params: {json={"query":"* {text CONTAINS[c] '$'}","operation":{"method_name":"query","arguments":[]}}
06-05 15:50:41.483 I/System.out(19224): }
06-05 15:50:41.494 I/System.out(19224): URI: //
06-05 15:50:41.494 I/System.out(19224): params: {json={"command":"press_key","arguments":["KEYCODE_BACK"]}
06-05 15:50:41.494 I/System.out(19224): }
06-05 15:50:41.494 I/System.out(19224): header: {content-type=application/json;charset=utf-8, date=Fri, 05 Jun 2020 20:50:42 GMT, accept=*/*, host=127.0.0.1:34784, content-length=52, user-agent=HTTPClient/1.0 (2.8.3, ruby 2.5.1 (2018-03-29))}
06-05 15:50:41.494 I/System.out(19224): params: {json={"command":"press_key","arguments":["KEYCODE_BACK"]}
06-05 15:50:41.494 I/System.out(19224): }
06-05 15:50:41.494 I/System.out(19224): ProP json = {"command":"press_key","arguments":["KEYCODE_BACK"]}
06-05 15:50:41.494 I/System.out(19224): files: {}
06-05 15:50:41.494 I/System.out(19224): command: {"command":"press_key","arguments":["KEYCODE_BACK"]}
06-05 15:50:41.496 I/InstrumentationBackend(19224): Got command:'Command:'Line:null,press_key', arguments:'[KEYCODE_BACK]'
06-05 15:50:41.499 V/PhoneStatusBar( 1712): setLightsOn(true)
06-05 15:50:41.501 V/PhoneStatusBar( 1712): setLightsOn(true)
06-05 15:50:41.503 W/ActivityManager( 1630): Bad activity token: android.os.BinderProxy@fd62f50
06-05 15:50:41.503 W/ActivityManager( 1630): java.lang.ClassCastException: android.os.BinderProxy cannot be cast to com.android.server.am.ActivityRecord$Token
06-05 15:50:41.503 W/ActivityManager( 1630): 	at com.android.server.am.ActivityRecord.forTokenLocked(ActivityRecord.java:586)
06-05 15:50:41.503 W/ActivityManager( 1630): 	at com.android.server.am.ActivityRecord.isInStackLocked(ActivityRecord.java:1327)
06-05 15:50:41.503 W/ActivityManager( 1630): 	at com.android.server.am.ActivityManagerService.getActivityOptions(ActivityManagerService.java:12559)
06-05 15:50:41.503 W/ActivityManager( 1630): 	at android.app.ActivityManagerNative.onTransact(ActivityManagerNative.java:1933)
06-05 15:50:41.503 W/ActivityManager( 1630): 	at com.android.server.am.ActivityManagerService.onTransact(ActivityManagerService.java:2757)
06-05 15:50:41.503 W/ActivityManager( 1630): 	at android.os.Binder.execTransact(Binder.java:565)
06-05 15:50:41.504 I/System.out(19224): result:{"bonusInformation":[],"message":"","success":true}
06-05 15:50:41.506 I/System.out(19224): URI: //map
06-05 15:50:41.506 I/System.out(19224): params: {json={"query":"* {text CONTAINS[c] 'Default vehicle'}","operation":{"method_name":"query","arguments":[]}}
06-05 15:50:41.506 I/System.out(19224): }
06-05 15:50:41.509 V/PhoneStatusBar( 1712): setLightsOn(true)
06-05 15:50:41.526 V/PhoneStatusBar( 1712): setLightsOn(true)
06-05 15:50:41.526 D/gralloc_ranchu( 1346): gralloc_alloc: Creating ashmem region of size 9023488
06-05 15:50:41.549 W/IInputConnectionWrapper(19224): finishComposingText on inactive InputConnection
06-05 15:50:41.560 V/PhoneStatusBar( 1712): setLightsOn(true)
