--------- beginning of main
06-05 12:37:28.476 D/AndroidRuntime(14682): >>>>>> START com.android.internal.os.RuntimeInit uid 2000 <<<<<<
06-05 12:37:28.477 D/AndroidRuntime(14682): CheckJNI is ON
06-05 12:37:28.489 W/art     (14682): Unexpected CPU variant for X86 using defaults: x86
06-05 12:37:28.491 D/ICU     (14682): No timezone override file found: /data/misc/zoneinfo/current/icu/icu_tzdata.dat
06-05 12:37:28.498 E/memtrack(14682): Couldn't load memtrack module (No such file or directory)
06-05 12:37:28.498 E/android.os.Debug(14682): failed to load memtrack module: -2
06-05 12:37:28.498 I/Radio-JNI(14682): register_android_hardware_Radio DONE
06-05 12:37:28.502 D/AndroidRuntime(14682): Calling main entry com.android.commands.am.Am
--------- beginning of system
06-05 12:37:28.503 I/ActivityManager( 1659): Force stopping com.evancharlton.mileage appid=10082 user=0: start instr
06-05 12:37:28.508 I/art     (14692): Not late-enabling -Xcheck:jni (already on)
06-05 12:37:28.508 W/art     (14692): Unexpected CPU variant for X86 using defaults: x86
06-05 12:37:28.514 I/ActivityManager( 1659): Start proc 14692:com.evancharlton.mileage/u0a82 for added application com.evancharlton.mileage
06-05 12:37:28.514 D/AndroidRuntime(14682): Shutting down VM
06-05 12:37:28.523 W/System  (14692): ClassLoader referenced unknown path: /data/app/com.evancharlton.mileage.test-1/lib/x86
06-05 12:37:28.523 W/System  (14692): ClassLoader referenced unknown path: /data/app/com.evancharlton.mileage-1/lib/x86
06-05 12:37:28.525 W/System  (14692): ClassLoader referenced unknown path: 
06-05 12:37:28.529 I/System.out(14692): Main activity name automatically set to: com.evancharlton.mileage.Mileage
06-05 12:37:28.529 I/System.out(14692): Calabash did not load Mono. This is only a problem if you are trying to test a Mono application
06-05 12:37:28.529 I/calabash(14692): Test server port: 7102
06-05 12:37:28.529 I/InstrumentationBackend(14692): Added:'GetPreferences', with key:'get_preferences'
06-05 12:37:28.532 I/InstrumentationBackend(14692): Added:'SetPreferences', with key:'set_preferences'
06-05 12:37:28.532 I/InstrumentationBackend(14692): Added:'ClearPreferences', with key:'clear_preferences'
06-05 12:37:28.532 I/InstrumentationBackend(14692): Added:'PressElement', with key:'press_l10n_element'
06-05 12:37:28.532 I/InstrumentationBackend(14692): Added:'WaitForElement', with key:'wait_for_l10n_element'
06-05 12:37:28.532 I/InstrumentationBackend(14692): Added:'NullAction', with key:'nullAction'
06-05 12:37:28.533 I/InstrumentationBackend(14692): Added:'PressKey', with key:'press_key'
06-05 12:37:28.533 I/InstrumentationBackend(14692): Added:'SetActivityOrientation', with key:'set_activity_orientation'
06-05 12:37:28.533 I/InstrumentationBackend(14692): Added:'GetActivityOrientation', with key:'get_activity_orientation'
06-05 12:37:28.533 I/InstrumentationBackend(14692): Added:'FakeGPSLocation', with key:'set_gps_coordinates'
06-05 12:37:28.533 I/InstrumentationBackend(14692): Added:'SetPropertyByCssSelector', with key:'set_property_by_css_selector'
06-05 12:37:28.533 I/InstrumentationBackend(14692): Added:'GetUrl', with key:'get_url'
06-05 12:37:28.533 I/InstrumentationBackend(14692): Added:'ScrollTo', with key:'scroll_to'
06-05 12:37:28.533 I/InstrumentationBackend(14692): Added:'GetLoadProgress', with key:'get_load_progress'
06-05 12:37:28.533 I/InstrumentationBackend(14692): Added:'DumpHtml', with key:'dump_html'
06-05 12:37:28.533 I/InstrumentationBackend(14692): Added:'DumpBodyHtml', with key:'dump_body_html'
06-05 12:37:28.533 I/InstrumentationBackend(14692): Added:'EnterTextByCssSelector', with key:'enter_text_by_selector'
06-05 12:37:28.533 I/InstrumentationBackend(14692): Added:'AndroidSDKVersion', with key:'android_sdk_version'
06-05 12:37:28.533 I/InstrumentationBackend(14692): Added:'Version', with key:'version'
06-05 12:37:28.533 I/InstrumentationBackend(14692): Added:'Drag', with key:'drag'
06-05 12:37:28.533 I/InstrumentationBackend(14692): Added:'TouchCoordinates', with key:'touch_coordinate'
06-05 12:37:28.533 I/InstrumentationBackend(14692): Added:'LongPressCoordinate', with key:'long_press_coordinate'
06-05 12:37:28.533 I/InstrumentationBackend(14692): Added:'DragCoordinates', with key:'drag_coordinates'
06-05 12:37:28.533 I/InstrumentationBackend(14692): Added:'ResumeApplication', with key:'resume_application'
06-05 12:37:28.533 I/InstrumentationBackend(14692): Added:'Swipe', with key:'swipe'
06-05 12:37:28.533 I/InstrumentationBackend(14692): Added:'DoubleTapCoordinate', with key:'double_tap_coordinate'
06-05 12:37:28.533 I/InstrumentationBackend(14692): Added:'ClickOnScreen', with key:'click_on_screen'
06-05 12:37:28.533 I/InstrumentationBackend(14692): Added:'GetActivityName', with key:'get_activity_name'
06-05 12:37:28.533 I/InstrumentationBackend(14692): Added:'ScrollToView', with key:'scroll_to_view'
06-05 12:37:28.533 I/InstrumentationBackend(14692): Added:'ViewConfiguration', with key:'view_configuration'
06-05 12:37:28.534 I/InstrumentationBackend(14692): Added:'IsCurrentActivityFocused', with key:'is_current_activity_focused'
06-05 12:37:28.534 I/InstrumentationBackend(14692): Added:'SendTcp', with key:'send_tcp'
06-05 12:37:28.534 I/InstrumentationBackend(14692): Added:'DpToDevicePixel', with key:'dp_to_device_pixel'
06-05 12:37:28.534 I/InstrumentationBackend(14692): Added:'KeyboardEnterText', with key:'keyboard_enter_text'
06-05 12:37:28.534 I/InstrumentationBackend(14692): Added:'DeleteSurroundingText', with key:'delete_surrounding_text'
06-05 12:37:28.534 I/InstrumentationBackend(14692): Added:'SetComposingRegion', with key:'set_composing_region'
06-05 12:37:28.534 I/InstrumentationBackend(14692): Added:'SetSelection', with key:'set_selection'
06-05 12:37:28.534 I/InstrumentationBackend(14692): Added:'KeyboardKeyEvent', with key:'keyboard_key_event'
06-05 12:37:28.534 I/InstrumentationBackend(14692): Added:'PressUserActionButton', with key:'press_user_action_button'
06-05 12:37:28.534 I/InstrumentationBackend(14692): Added:'HideSoftKeyboard', with key:'hide_soft_keyboard'
06-05 12:37:28.534 I/InstrumentationBackend(14692): Added:'ListActions', with key:'list_actions'
06-05 12:37:28.534 I/calabash(14692): Instantiating http server at 7102
06-05 12:37:28.534 I/System.out(14692): HTTP Daemon listening on: 7102
06-05 12:37:28.580 W/OpenGLRenderer( 2389): Incorrectly called buildLayer on View: ShortcutAndWidgetContainer, destroying layer...
06-05 12:37:28.628 I/System.out(14692): URI: //ping
06-05 12:37:28.628 I/System.out(14692): params: {json={}
06-05 12:37:28.628 I/System.out(14692): }
06-05 12:37:28.635 I/System.out(14692): URI: //ping
06-05 12:37:28.635 I/System.out(14692): params: {json={}
06-05 12:37:28.635 I/System.out(14692): }
06-05 12:37:28.641 I/System.out(14692): URI: //ready
06-05 12:37:28.641 I/System.out(14692): params: {json={}
06-05 12:37:28.641 I/System.out(14692): }
06-05 12:37:28.647 I/System.out(14692): URI: //
06-05 12:37:28.647 I/System.out(14692): params: {json={"command":"version","arguments":[]}
06-05 12:37:28.647 I/System.out(14692): }
06-05 12:37:28.648 I/System.out(14692): header: {content-type=application/json;charset=utf-8, date=Fri, 05 Jun 2020 17:37:29 GMT, accept=*/*, host=127.0.0.1:34782, content-length=36, user-agent=HTTPClient/1.0 (2.8.3, ruby 2.5.1 (2018-03-29))}
06-05 12:37:28.648 I/System.out(14692): params: {json={"command":"version","arguments":[]}
06-05 12:37:28.648 I/System.out(14692): }
06-05 12:37:28.648 I/System.out(14692): ProP json = {"command":"version","arguments":[]}
06-05 12:37:28.648 I/System.out(14692): files: {}
06-05 12:37:28.648 I/System.out(14692): command: {"command":"version","arguments":[]}
06-05 12:37:28.658 I/InstrumentationBackend(14692): Got command:'Command:'Line:null,version', arguments:'[]'
06-05 12:37:28.672 I/System.out(14692): result:{"bonusInformation":[],"message":"0.9.8","success":true}
06-05 12:37:28.675 I/System.out(14692): URI: //start-application
06-05 12:37:28.675 I/System.out(14692): params: {json={"intent":null}
06-05 12:37:28.675 I/System.out(14692): }
06-05 12:37:28.687 I/ActivityManager( 1659): START u0 {act=android.intent.action.MAIN cat=[android.intent.category.LAUNCHER] flg=0x10200000 cmp=com.evancharlton.mileage/.Mileage} from uid 10082 on display 0
06-05 12:37:28.693 I/calabash(14692): newActivity1
06-05 12:37:28.705 I/calabash(14692): newActivity1
06-05 12:37:28.706 W/ActivityManager( 1659): Bad activity token: android.os.BinderProxy@127b846
06-05 12:37:28.706 W/ActivityManager( 1659): java.lang.ClassCastException: android.os.BinderProxy cannot be cast to com.android.server.am.ActivityRecord$Token
06-05 12:37:28.706 W/ActivityManager( 1659): 	at com.android.server.am.ActivityRecord.forTokenLocked(ActivityRecord.java:586)
06-05 12:37:28.706 W/ActivityManager( 1659): 	at com.android.server.am.ActivityRecord.isInStackLocked(ActivityRecord.java:1327)
06-05 12:37:28.706 W/ActivityManager( 1659): 	at com.android.server.am.ActivityRecord.getStackLocked(ActivityRecord.java:1332)
06-05 12:37:28.706 W/ActivityManager( 1659): 	at com.android.server.am.ActivityManagerService.getActivityDisplayId(ActivityManagerService.java:9806)
06-05 12:37:28.706 W/ActivityManager( 1659): 	at android.app.ActivityManagerNative.onTransact(ActivityManagerNative.java:2566)
06-05 12:37:28.706 W/ActivityManager( 1659): 	at com.android.server.am.ActivityManagerService.onTransact(ActivityManagerService.java:2757)
06-05 12:37:28.706 W/ActivityManager( 1659): 	at android.os.Binder.execTransact(Binder.java:565)
06-05 12:37:28.707 W/ActivityManager( 1659): Bad activity token: android.os.BinderProxy@127b846
06-05 12:37:28.707 W/ActivityManager( 1659): java.lang.ClassCastException: android.os.BinderProxy cannot be cast to com.android.server.am.ActivityRecord$Token
06-05 12:37:28.707 W/ActivityManager( 1659): 	at com.android.server.am.ActivityRecord.forTokenLocked(ActivityRecord.java:586)
06-05 12:37:28.707 W/ActivityManager( 1659): 	at com.android.server.am.ActivityRecord.isInStackLocked(ActivityRecord.java:1327)
06-05 12:37:28.707 W/ActivityManager( 1659): 	at com.android.server.am.ActivityManagerService.setTaskDescription(ActivityManagerService.java:9358)
06-05 12:37:28.707 W/ActivityManager( 1659): 	at android.app.ActivityManagerNative.onTransact(ActivityManagerNative.java:2639)
06-05 12:37:28.707 W/ActivityManager( 1659): 	at com.android.server.am.ActivityManagerService.onTransact(ActivityManagerService.java:2757)
06-05 12:37:28.707 W/ActivityManager( 1659): 	at android.os.Binder.execTransact(Binder.java:565)
06-05 12:37:28.708 W/ActivityManager( 1659): Bad activity token: android.os.BinderProxy@127b846
06-05 12:37:28.708 W/ActivityManager( 1659): java.lang.ClassCastException: android.os.BinderProxy cannot be cast to com.android.server.am.ActivityRecord$Token
06-05 12:37:28.708 W/ActivityManager( 1659): 	at com.android.server.am.ActivityRecord.forTokenLocked(ActivityRecord.java:586)
06-05 12:37:28.708 W/ActivityManager( 1659): 	at com.android.server.am.ActivityRecord.isInStackLocked(ActivityRecord.java:1327)
06-05 12:37:28.708 W/ActivityManager( 1659): 	at com.android.server.am.ActivityRecord.getStackLocked(ActivityRecord.java:1332)
06-05 12:37:28.708 W/ActivityManager( 1659): 	at com.android.server.am.ActivityManagerService.getActivityStackId(ActivityManagerService.java:9817)
06-05 12:37:28.708 W/ActivityManager( 1659): 	at android.app.ActivityManagerNative.onTransact(ActivityManagerNative.java:2856)
06-05 12:37:28.708 W/ActivityManager( 1659): 	at com.android.server.am.ActivityManagerService.onTransact(ActivityManagerService.java:2757)
06-05 12:37:28.708 W/ActivityManager( 1659): 	at android.os.Binder.execTransact(Binder.java:565)
06-05 12:37:28.714 D/gralloc_ranchu( 1352): gralloc_alloc: Creating ashmem region of size 9023488
06-05 12:37:28.724 W/ActivityManager( 1659): Bad activity token: android.os.BinderProxy@127b846
06-05 12:37:28.724 W/ActivityManager( 1659): java.lang.ClassCastException: android.os.BinderProxy cannot be cast to com.android.server.am.ActivityRecord$Token
06-05 12:37:28.724 W/ActivityManager( 1659): 	at com.android.server.am.ActivityRecord.forTokenLocked(ActivityRecord.java:586)
06-05 12:37:28.724 W/ActivityManager( 1659): 	at com.android.server.am.ActivityRecord.isInStackLocked(ActivityRecord.java:1327)
06-05 12:37:28.724 W/ActivityManager( 1659): 	at com.android.server.am.ActivityManagerService.getActivityOptions(ActivityManagerService.java:12559)
06-05 12:37:28.724 W/ActivityManager( 1659): 	at android.app.ActivityManagerNative.onTransact(ActivityManagerNative.java:1933)
06-05 12:37:28.724 W/ActivityManager( 1659): 	at com.android.server.am.ActivityManagerService.onTransact(ActivityManagerService.java:2757)
06-05 12:37:28.724 W/ActivityManager( 1659): 	at android.os.Binder.execTransact(Binder.java:565)
06-05 12:37:28.724 W/ActivityManager( 1659): Bad activity token: android.os.BinderProxy@127b846
06-05 12:37:28.724 W/ActivityManager( 1659): java.lang.ClassCastException: android.os.BinderProxy cannot be cast to com.android.server.am.ActivityRecord$Token
06-05 12:37:28.724 W/ActivityManager( 1659): 	at com.android.server.am.ActivityRecord.forTokenLocked(ActivityRecord.java:586)
06-05 12:37:28.724 W/ActivityManager( 1659): 	at com.android.server.am.ActivityRecord.isInStackLocked(ActivityRecord.java:1327)
06-05 12:37:28.724 W/ActivityManager( 1659): 	at com.android.server.am.ActivityManagerService.getActivityOptions(ActivityManagerService.java:12559)
06-05 12:37:28.724 W/ActivityManager( 1659): 	at android.app.ActivityManagerNative.onTransact(ActivityManagerNative.java:1933)
06-05 12:37:28.724 W/ActivityManager( 1659): 	at com.android.server.am.ActivityManagerService.onTransact(ActivityManagerService.java:2757)
06-05 12:37:28.724 W/ActivityManager( 1659): 	at android.os.Binder.execTransact(Binder.java:565)
06-05 12:37:28.745 V/PhoneStatusBar( 1792): setLightsOn(true)
06-05 12:37:28.750 D/EGL_emulation( 2389): eglMakeCurrent: 0xb1284ec0: ver 2 0 (tinfo 0x98c170c0)
06-05 12:37:28.756 D/EGL_emulation( 1792): eglMakeCurrent: 0x992abea0: ver 2 0 (tinfo 0xa5a6f110)
06-05 12:37:28.766 D/EGL_emulation( 1792): eglMakeCurrent: 0x992abea0: ver 2 0 (tinfo 0xa5a6f110)
06-05 12:37:28.771 D/EGL_emulation( 1792): eglMakeCurrent: 0x992abea0: ver 2 0 (tinfo 0xa5a6f110)
06-05 12:37:28.771 V/PhoneStatusBar( 1792): setLightsOn(true)
06-05 12:37:28.779 D/gralloc_ranchu( 1352): gralloc_alloc: Creating ashmem region of size 9023488
06-05 12:37:28.787 D/EGL_emulation( 1792): eglMakeCurrent: 0x992abea0: ver 2 0 (tinfo 0xa5a6f110)
06-05 12:37:28.789 D/        (14692): HostConnection::get() New Host Connection established 0xa77d94c0, tid 14692
06-05 12:37:28.792 D/EGL_emulation( 1792): eglMakeCurrent: 0x992abea0: ver 2 0 (tinfo 0xa5a6f110)
06-05 12:37:28.793 V/PhoneStatusBar( 1792): setLightsOn(true)
06-05 12:37:28.839 D/EGL_emulation( 1792): eglMakeCurrent: 0x992abea0: ver 2 0 (tinfo 0xa5a6f110)
06-05 12:37:28.841 D/EGL_emulation( 1792): eglMakeCurrent: 0x992abea0: ver 2 0 (tinfo 0xa5a6f110)
06-05 12:37:28.846 D/EGL_emulation( 1792): eglMakeCurrent: 0x992abea0: ver 2 0 (tinfo 0xa5a6f110)
06-05 12:37:28.848 D/EGL_emulation( 1792): eglMakeCurrent: 0x992abea0: ver 2 0 (tinfo 0xa5a6f110)
06-05 12:37:28.864 D/EGL_emulation( 1792): eglMakeCurrent: 0x992abea0: ver 2 0 (tinfo 0xa5a6f110)
06-05 12:37:28.866 D/EGL_emulation( 1792): eglMakeCurrent: 0x992abea0: ver 2 0 (tinfo 0xa5a6f110)
06-05 12:37:28.880 D/EGL_emulation( 1792): eglMakeCurrent: 0x992abea0: ver 2 0 (tinfo 0xa5a6f110)
06-05 12:37:28.882 D/EGL_emulation( 1792): eglMakeCurrent: 0x992abea0: ver 2 0 (tinfo 0xa5a6f110)
06-05 12:37:28.897 I/ActivityManager( 1659): Displayed com.evancharlton.mileage/.Mileage: +206ms
06-05 12:37:28.897 D/EGL_emulation( 1792): eglMakeCurrent: 0x992abea0: ver 2 0 (tinfo 0xa5a6f110)
06-05 12:37:28.897 D/gralloc_ranchu( 1352): gralloc_alloc: Creating ashmem region of size 9023488
06-05 12:37:28.910 D/EGL_emulation( 1792): eglMakeCurrent: 0x992abea0: ver 2 0 (tinfo 0xa5a6f110)
06-05 12:37:28.911 V/PhoneStatusBar( 1792): setLightsOn(true)
06-05 12:37:28.914 D/EGL_emulation( 1792): eglMakeCurrent: 0x992abea0: ver 2 0 (tinfo 0xa5a6f110)
06-05 12:37:28.917 D/EGL_emulation( 1792): eglMakeCurrent: 0x992abea0: ver 2 0 (tinfo 0xa5a6f110)
06-05 12:37:28.930 D/EGL_emulation( 1792): eglMakeCurrent: 0x992abea0: ver 2 0 (tinfo 0xa5a6f110)
06-05 12:37:28.934 D/EGL_emulation( 1792): eglMakeCurrent: 0x992abea0: ver 2 0 (tinfo 0xa5a6f110)
06-05 12:37:28.934 V/PhoneStatusBar( 1792): setLightsOn(true)
06-05 12:37:28.951 D/EGL_emulation( 1792): eglMakeCurrent: 0x992abea0: ver 2 0 (tinfo 0xa5a6f110)
06-05 12:37:28.953 D/EGL_emulation( 1792): eglMakeCurrent: 0x992abea0: ver 2 0 (tinfo 0xa5a6f110)
06-05 12:37:28.964 D/EGL_emulation( 1792): eglMakeCurrent: 0x992abea0: ver 2 0 (tinfo 0xa5a6f110)
06-05 12:37:28.972 I/System.out(14692): URI: //map
06-05 12:37:28.972 I/System.out(14692): params: {json={"query":"* marked:'Statistics'","operation":{"method_name":"query","arguments":[]}}
06-05 12:37:28.972 I/System.out(14692): }
06-05 12:37:28.989 W/ResourceType(14692): No package identifier when getting name for resource number 0x00000001
06-05 12:37:29.008 I/System.out(14692): URI: //gesture
06-05 12:37:29.008 I/System.out(14692): params: {json={"query_timeout":5.0,"gestures":[{"query_string":"* marked:'Statistics'","touches":[{"x":50,"y":50,"offset_x":0,"offset_y":0,"wait":0.0,"time":0.2,"release":true,"query_string":null}]}]}
06-05 12:37:29.008 I/System.out(14692): }
06-05 12:37:29.014 W/ResourceType(14692): No package identifier when getting name for resource number 0x00000001
06-05 12:37:29.097 I/WindowManager( 1659): Destroying surface Surface(name=Starting com.evancharlton.mileage) called by com.android.server.wm.WindowStateAnimator.destroySurface:2016 com.android.server.wm.WindowStateAnimator.destroySurfaceLocked:882 com.android.server.wm.WindowState.destroyOrSaveSurface:2100 com.android.server.wm.AppWindowToken.destroySurfaces:363 com.android.server.wm.WindowStateAnimator.finishExit:565 com.android.server.wm.WindowStateAnimator.stepAnimationLocked:491 com.android.server.wm.WindowAnimator.updateWindowsLocked:303 com.android.server.wm.WindowAnimator.animateLocked:704 
06-05 12:37:29.100 V/PhoneStatusBar( 1792): setLightsOn(true)
06-05 12:37:29.131 V/PhoneStatusBar( 1792): setLightsOn(true)
06-05 12:37:29.215 V/PhoneStatusBar( 1792): setLightsOn(true)
06-05 12:37:29.253 I/calabash(14692): newActivity1
06-05 12:37:29.289 I/System.out(14692): URI: //map
06-05 12:37:29.289 I/System.out(14692): params: {json={"query":"android.widget.ScrollView index:0","operation":{"method_name":"query","arguments":[]}}
06-05 12:37:29.289 I/System.out(14692): }
06-05 12:37:29.290 W/ActivityManager( 1659): Bad activity token: android.os.BinderProxy@afa73d0
06-05 12:37:29.290 W/ActivityManager( 1659): java.lang.ClassCastException: android.os.BinderProxy cannot be cast to com.android.server.am.ActivityRecord$Token
06-05 12:37:29.290 W/ActivityManager( 1659): 	at com.android.server.am.ActivityRecord.forTokenLocked(ActivityRecord.java:586)
06-05 12:37:29.290 W/ActivityManager( 1659): 	at com.android.server.am.ActivityRecord.isInStackLocked(ActivityRecord.java:1327)
06-05 12:37:29.290 W/ActivityManager( 1659): 	at com.android.server.am.ActivityRecord.getStackLocked(ActivityRecord.java:1332)
06-05 12:37:29.290 W/ActivityManager( 1659): 	at com.android.server.am.ActivityManagerService.getActivityDisplayId(ActivityManagerService.java:9806)
06-05 12:37:29.290 W/ActivityManager( 1659): 	at android.app.ActivityManagerNative.onTransact(ActivityManagerNative.java:2566)
06-05 12:37:29.290 W/ActivityManager( 1659): 	at com.android.server.am.ActivityManagerService.onTransact(ActivityManagerService.java:2757)
06-05 12:37:29.290 W/ActivityManager( 1659): 	at android.os.Binder.execTransact(Binder.java:565)
06-05 12:37:29.291 W/ActivityManager( 1659): Bad activity token: android.os.BinderProxy@afa73d0
06-05 12:37:29.291 W/ActivityManager( 1659): java.lang.ClassCastException: android.os.BinderProxy cannot be cast to com.android.server.am.ActivityRecord$Token
06-05 12:37:29.291 W/ActivityManager( 1659): 	at com.android.server.am.ActivityRecord.forTokenLocked(ActivityRecord.java:586)
06-05 12:37:29.291 W/ActivityManager( 1659): 	at com.android.server.am.ActivityRecord.isInStackLocked(ActivityRecord.java:1327)
06-05 12:37:29.291 W/ActivityManager( 1659): 	at com.android.server.am.ActivityManagerService.setTaskDescription(ActivityManagerService.java:9358)
06-05 12:37:29.291 W/ActivityManager( 1659): 	at android.app.ActivityManagerNative.onTransact(ActivityManagerNative.java:2639)
06-05 12:37:29.291 W/ActivityManager( 1659): 	at com.android.server.am.ActivityManagerService.onTransact(ActivityManagerService.java:2757)
06-05 12:37:29.291 W/ActivityManager( 1659): 	at android.os.Binder.execTransact(Binder.java:565)
06-05 12:37:29.291 W/ActivityManager( 1659): Bad activity token: android.os.BinderProxy@afa73d0
06-05 12:37:29.291 W/ActivityManager( 1659): java.lang.ClassCastException: android.os.BinderProxy cannot be cast to com.android.server.am.ActivityRecord$Token
06-05 12:37:29.291 W/ActivityManager( 1659): 	at com.android.server.am.ActivityRecord.forTokenLocked(ActivityRecord.java:586)
06-05 12:37:29.291 W/ActivityManager( 1659): 	at com.android.server.am.ActivityRecord.isInStackLocked(ActivityRecord.java:1327)
06-05 12:37:29.291 W/ActivityManager( 1659): 	at com.android.server.am.ActivityRecord.getStackLocked(ActivityRecord.java:1332)
06-05 12:37:29.291 W/ActivityManager( 1659): 	at com.android.server.am.ActivityManagerService.getActivityStackId(ActivityManagerService.java:9817)
06-05 12:37:29.291 W/ActivityManager( 1659): 	at android.app.ActivityManagerNative.onTransact(ActivityManagerNative.java:2856)
06-05 12:37:29.291 W/ActivityManager( 1659): 	at com.android.server.am.ActivityManagerService.onTransact(ActivityManagerService.java:2757)
06-05 12:37:29.291 W/ActivityManager( 1659): 	at android.os.Binder.execTransact(Binder.java:565)
06-05 12:37:29.299 D/VehicleStatisticsActivity(14692): Checking recalculation ...
06-05 12:37:29.299 D/VehicleStatisticsActivity(14692): Recalculating statistics
06-05 12:37:29.299 D/VehicleStatisticsTask(14692): Calculation starting...
06-05 12:37:29.300 D/VehicleStatisticsActivity(14692): Recalculation started!
06-05 12:37:29.300 D/AndroidRuntime(14692): Shutting down VM
--------- beginning of crash
06-05 12:37:29.301 E/AndroidRuntime(14692): FATAL EXCEPTION: main
06-05 12:37:29.301 E/AndroidRuntime(14692): Process: com.evancharlton.mileage, PID: 14692
06-05 12:37:29.301 E/AndroidRuntime(14692): java.lang.RuntimeException: Unable to start activity ComponentInfo{com.evancharlton.mileage/com.evancharlton.mileage.VehicleStatisticsActivity}: java.lang.NullPointerException: Attempt to invoke virtual method 'void android.widget.ListView.setAdapter(android.widget.ListAdapter)' on a null object reference
06-05 12:37:29.301 E/AndroidRuntime(14692): 	at android.app.ActivityThread.performLaunchActivity(ActivityThread.java:2646)
06-05 12:37:29.301 E/AndroidRuntime(14692): 	at android.app.ActivityThread.startActivityNow(ActivityThread.java:2446)
06-05 12:37:29.301 E/AndroidRuntime(14692): 	at android.app.LocalActivityManager.moveToState(LocalActivityManager.java:136)
06-05 12:37:29.301 E/AndroidRuntime(14692): 	at android.app.LocalActivityManager.startActivity(LocalActivityManager.java:348)
06-05 12:37:29.301 E/AndroidRuntime(14692): 	at android.widget.TabHost$IntentContentStrategy.getContentView(TabHost.java:724)
06-05 12:37:29.301 E/AndroidRuntime(14692): 	at android.widget.TabHost.setCurrentTab(TabHost.java:388)
06-05 12:37:29.301 E/AndroidRuntime(14692): 	at android.widget.TabHost$2.onTabSelectionChanged(TabHost.java:158)
06-05 12:37:29.301 E/AndroidRuntime(14692): 	at android.widget.TabWidget$TabClickListener.onClick(TabWidget.java:532)
06-05 12:37:29.301 E/AndroidRuntime(14692): 	at android.view.View.performClick(View.java:5610)
06-05 12:37:29.301 E/AndroidRuntime(14692): 	at android.view.View$PerformClick.run(View.java:22265)
06-05 12:37:29.301 E/AndroidRuntime(14692): 	at android.os.Handler.handleCallback(Handler.java:751)
06-05 12:37:29.301 E/AndroidRuntime(14692): 	at android.os.Handler.dispatchMessage(Handler.java:95)
06-05 12:37:29.301 E/AndroidRuntime(14692): 	at android.os.Looper.loop(Looper.java:154)
06-05 12:37:29.301 E/AndroidRuntime(14692): 	at android.app.ActivityThread.main(ActivityThread.java:6077)
06-05 12:37:29.301 E/AndroidRuntime(14692): 	at java.lang.reflect.Method.invoke(Native Method)
06-05 12:37:29.301 E/AndroidRuntime(14692): 	at com.android.internal.os.ZygoteInit$MethodAndArgsCaller.run(ZygoteInit.java:866)
06-05 12:37:29.301 E/AndroidRuntime(14692): 	at com.android.internal.os.ZygoteInit.main(ZygoteInit.java:756)
06-05 12:37:29.301 E/AndroidRuntime(14692): Caused by: java.lang.NullPointerException: Attempt to invoke virtual method 'void android.widget.ListView.setAdapter(android.widget.ListAdapter)' on a null object reference
06-05 12:37:29.301 E/AndroidRuntime(14692): 	at com.evancharlton.mileage.VehicleStatisticsActivity.setAdapter(VehicleStatisticsActivity.java:200)
06-05 12:37:29.301 E/AndroidRuntime(14692): 	at com.evancharlton.mileage.VehicleStatisticsActivity.recalculate(VehicleStatisticsActivity.java:175)
06-05 12:37:29.301 E/AndroidRuntime(14692): 	at com.evancharlton.mileage.VehicleStatisticsActivity.onCreate(VehicleStatisticsActivity.java:131)
06-05 12:37:29.301 E/AndroidRuntime(14692): 	at android.app.Activity.performCreate(Activity.java:6662)
06-05 12:37:29.301 E/AndroidRuntime(14692): 	at android.app.Instrumentation.callActivityOnCreate(Instrumentation.java:1118)
06-05 12:37:29.301 E/AndroidRuntime(14692): 	at android.app.ActivityThread.performLaunchActivity(ActivityThread.java:2599)
06-05 12:37:29.301 E/AndroidRuntime(14692): 	... 16 more
06-05 12:37:29.301 I/Process (14692): Sending signal. PID: 14692 SIG: 9
06-05 12:37:29.304 W/InputDispatcher( 1659): channel '8722ff com.evancharlton.mileage/com.evancharlton.mileage.Mileage (server)' ~ Consumer closed input channel or an error occurred.  events=0x9
06-05 12:37:29.304 E/InputDispatcher( 1659): channel '8722ff com.evancharlton.mileage/com.evancharlton.mileage.Mileage (server)' ~ Channel is unrecoverably broken and will be disposed!
06-05 12:37:29.305 I/ActivityManager( 1659): Process com.evancharlton.mileage (pid 14692) has died
06-05 12:37:29.305 D/ActivityManager( 1659): cleanUpApplicationRecord -- 14692
06-05 12:37:29.305 W/ActivityManager( 1659): Scheduling restart of crashed service com.evancharlton.mileage/.services.AutomaticBackupService in 1000ms
06-05 12:37:29.306 W/ActivityManager( 1659): Force removing ActivityRecord{8ea180f u0 com.evancharlton.mileage/.Mileage t139}: app died, no saved state
06-05 12:37:29.312 I/WindowManager( 1659): WIN DEATH: Window{8722ff u0 com.evancharlton.mileage/com.evancharlton.mileage.Mileage}
06-05 12:37:29.312 W/InputDispatcher( 1659): Attempted to unregister already unregistered input channel '8722ff com.evancharlton.mileage/com.evancharlton.mileage.Mileage (server)'
06-05 12:37:29.312 I/WindowManager( 1659): Destroying surface Surface(name=com.evancharlton.mileage/com.evancharlton.mileage.Mileage) called by com.android.server.wm.WindowStateAnimator.destroySurface:2016 com.android.server.wm.WindowStateAnimator.destroySurfaceLocked:882 com.android.server.wm.WindowState.removeLocked:1456 com.android.server.wm.WindowManagerService.removeWindowInnerLocked:2484 com.android.server.wm.WindowManagerService.removeWindowLocked:2442 com.android.server.wm.WindowState$DeathRecipient.binderDied:1787 android.os.BinderProxy.sendDeathNotice:688 <bottom of call stack> 
