06-05 12:38:17.516 I/System.out(15942): URI: //
06-05 12:38:17.516 I/System.out(15942): params: {json={"command":"keyboard_enter_text","arguments":["Passenger sedan"]}
06-05 12:38:17.516 I/System.out(15942): }
06-05 12:38:17.516 I/System.out(15942): header: {content-type=application/json;charset=utf-8, date=Fri, 05 Jun 2020 17:38:18 GMT, accept=*/*, host=127.0.0.1:34782, content-length=65, user-agent=HTTPClient/1.0 (2.8.3, ruby 2.5.1 (2018-03-29))}
06-05 12:38:17.516 I/System.out(15942): params: {json={"command":"keyboard_enter_text","arguments":["Passenger sedan"]}
06-05 12:38:17.516 I/System.out(15942): }
06-05 12:38:17.517 I/System.out(15942): ProP json = {"command":"keyboard_enter_text","arguments":["Passenger sedan"]}
06-05 12:38:17.517 I/System.out(15942): files: {}
06-05 12:38:17.517 I/System.out(15942): command: {"command":"keyboard_enter_text","arguments":["Passenger sedan"]}
06-05 12:38:17.519 I/InstrumentationBackend(15942): Got command:'Command:'Line:null,keyboard_enter_text', arguments:'[Passenger sedan]'
06-05 12:38:17.520 E/SpannableStringBuilder(15942): SPAN_EXCLUSIVE_EXCLUSIVE spans cannot have a zero length
06-05 12:38:17.520 E/SpannableStringBuilder(15942): SPAN_EXCLUSIVE_EXCLUSIVE spans cannot have a zero length
06-05 12:38:17.539 I/LatinIME:LogUtils( 1755): Dictionary info: dictionary = spellcheck_userunigram.en_US ; version = 1591378697 ; date = ?
06-05 12:38:17.544 E/SpannableStringBuilder(15942): SPAN_EXCLUSIVE_EXCLUSIVE spans cannot have a zero length
06-05 12:38:17.544 E/SpannableStringBuilder(15942): SPAN_EXCLUSIVE_EXCLUSIVE spans cannot have a zero length
06-05 12:38:17.548 I/LatinIME:LogUtils( 1755): Dictionary info: dictionary = main:en ; version = 54 ; date = 1414726273
06-05 12:38:17.551 I/System.out(15942): result:{"bonusInformation":[],"message":"","success":true}
06-05 12:38:17.556 I/System.out(15942): URI: //
06-05 12:38:17.556 I/System.out(15942): params: {json={"command":"press_key","arguments":["KEYCODE_BACK"]}
06-05 12:38:17.556 I/System.out(15942): }
06-05 12:38:17.556 I/System.out(15942): header: {content-type=application/json;charset=utf-8, date=Fri, 05 Jun 2020 17:38:18 GMT, accept=*/*, host=127.0.0.1:34782, content-length=52, user-agent=HTTPClient/1.0 (2.8.3, ruby 2.5.1 (2018-03-29))}
06-05 12:38:17.556 I/System.out(15942): params: {json={"command":"press_key","arguments":["KEYCODE_BACK"]}
06-05 12:38:17.556 I/System.out(15942): }
06-05 12:38:17.556 I/System.out(15942): ProP json = {"command":"press_key","arguments":["KEYCODE_BACK"]}
06-05 12:38:17.556 I/System.out(15942): files: {}
06-05 12:38:17.556 I/System.out(15942): command: {"command":"press_key","arguments":["KEYCODE_BACK"]}
06-05 12:38:17.558 I/InstrumentationBackend(15942): Got command:'Command:'Line:null,press_key', arguments:'[KEYCODE_BACK]'
06-05 12:38:17.572 I/art     (15942): Compiler allocated 7MB to compile sh.calaba.instrumentationbackend.actions.NanoHTTPD$Response sh.calaba.instrumentationbackend.actions.HttpServer.serve(java.lang.String, java.lang.String, java.util.Properties, java.util.Properties, java.util.Properties)
06-05 12:38:17.576 W/InputMethodService( 1755): Window size has been changed. This may cause jankiness of resizing window: -1 -> -2
06-05 12:38:17.577 I/System.out(15942): result:{"bonusInformation":[],"message":"","success":true}
06-05 12:38:17.579 I/System.out(15942): URI: //map
06-05 12:38:17.579 I/System.out(15942): params: {json={"query":"* marked:'Add new vehicle type'","operation":{"method_name":"query","arguments":[]}}
06-05 12:38:17.579 I/System.out(15942): }
06-05 12:38:17.580 D/EGL_emulation( 1792): eglMakeCurrent: 0x992abea0: ver 2 0 (tinfo 0xa5a6f110)
06-05 12:38:17.580 D/EGL_emulation( 1755): eglMakeCurrent: 0xb4f05720: ver 2 0 (tinfo 0xb4f03480)
06-05 12:38:17.583 W/ResourceType(15942): No package identifier when getting name for resource number 0x00000001
06-05 12:38:17.584 V/PhoneStatusBar( 1792): setLightsOn(true)
06-05 12:38:17.585 V/PhoneStatusBar( 1792): setLightsOn(true)
06-05 12:38:17.590 I/System.out(15942): URI: //gesture
06-05 12:38:17.590 I/System.out(15942): params: {json={"query_timeout":5.0,"gestures":[{"query_string":"* marked:'Add new vehicle type'","touches":[{"x":50,"y":50,"offset_x":0,"offset_y":0,"wait":0.0,"time":0.2,"release":true,"query_string":null}]}]}
06-05 12:38:17.590 I/System.out(15942): }
06-05 12:38:17.596 V/PhoneStatusBar( 1792): setLightsOn(true)
06-05 12:38:17.609 W/ResourceType(15942): No package identifier when getting name for resource number 0x00000001
06-05 12:38:17.765 V/PhoneStatusBar( 1792): setLightsOn(true)
06-05 12:38:17.766 I/WindowManager( 1659): Destroying surface Surface(name=InputMethod) called by com.android.server.wm.WindowStateAnimator.destroySurface:2016 com.android.server.wm.WindowStateAnimator.destroySurfaceLocked:882 com.android.server.wm.WindowState.destroyOrSaveSurface:2100 com.android.server.wm.WindowSurfacePlacer.performSurfacePlacementInner:429 com.android.server.wm.WindowSurfacePlacer.performSurfacePlacementLoop:232 com.android.server.wm.WindowSurfacePlacer.performSurfacePlacement:180 com.android.server.wm.WindowManagerService$H.handleMessage:8086 android.os.Handler.dispatchMessage:102 
06-05 12:38:17.849 V/PhoneStatusBar( 1792): setLightsOn(true)
06-05 12:38:17.859 I/System.out(15942): URI: //map
06-05 12:38:17.859 I/System.out(15942): params: {json={"query":"* {text CONTAINS[c] 'Sedan'}","operation":{"method_name":"query","arguments":[]}}
06-05 12:38:17.859 I/System.out(15942): }
06-05 12:38:17.930 V/PhoneStatusBar( 1792): setLightsOn(true)
06-05 12:38:17.934 D/Mileage.ABS(15942): Finished backup
06-05 12:38:17.947 D/EGL_emulation( 1792): eglMakeCurrent: 0x992abea0: ver 2 0 (tinfo 0xa5a6f110)
06-05 12:38:17.948 V/PhoneStatusBar( 1792): setLightsOn(true)
06-05 12:38:17.963 D/gralloc_ranchu( 1352): gralloc_alloc: Creating ashmem region of size 9023488
06-05 12:38:17.963 V/PhoneStatusBar( 1792): setLightsOn(true)
