--------- beginning of main
06-05 12:38:12.076 W/IInputConnectionWrapper(15834): finishComposingText on inactive InputConnection
06-05 12:38:12.079 V/PhoneStatusBar( 1792): setLightsOn(true)
06-05 12:38:12.096 V/PhoneStatusBar( 1792): setLightsOn(true)
--------- beginning of system
06-05 12:38:12.153 W/ActivityManager( 1659): Finishing task with all activities already finished
06-05 12:38:12.153 W/ActivityManager( 1659): Duplicate finish request for ActivityRecord{2efc2ab u0 com.evancharlton.mileage/.Mileage t159 f}
06-05 12:38:12.162 V/PhoneStatusBar( 1792): setLightsOn(true)
06-05 12:38:12.163 D/gralloc_ranchu( 1352): gralloc_alloc: Creating ashmem region of size 3145728
06-05 12:38:12.168 E/EGL_emulation( 1352): tid 1352: eglCreateSyncKHR(1901): error 0x3004 (EGL_BAD_ATTRIBUTE)
06-05 12:38:12.176 W/ActivityManager( 1659): Finishing task with all activities already finished
06-05 12:38:12.176 W/ActivityManager( 1659): Duplicate finish request for ActivityRecord{2efc2ab u0 com.evancharlton.mileage/.Mileage t159 f}
06-05 12:38:12.176 W/ActivityManager( 1659): Finishing task with all activities already finished
06-05 12:38:12.176 W/ActivityManager( 1659): Duplicate finish request for ActivityRecord{2efc2ab u0 com.evancharlton.mileage/.Mileage t159 f}
06-05 12:38:12.176 W/ActivityManager( 1659): Finishing task with all activities already finished
06-05 12:38:12.176 W/ActivityManager( 1659): Duplicate finish request for ActivityRecord{2efc2ab u0 com.evancharlton.mileage/.Mileage t159 f}
06-05 12:38:12.177 W/ActivityManager( 1659): Finishing task with all activities already finished
06-05 12:38:12.177 W/ActivityManager( 1659): Duplicate finish request for ActivityRecord{2efc2ab u0 com.evancharlton.mileage/.Mileage t159 f}
06-05 12:38:12.177 W/ActivityManager( 1659): Finishing task with all activities already finished
06-05 12:38:12.177 W/ActivityManager( 1659): Duplicate finish request for ActivityRecord{e32faf1 u0 com.evancharlton.mileage/.VehicleActivity t159 f}
06-05 12:38:12.177 W/ActivityManager( 1659): Finishing task with all activities already finished
06-05 12:38:12.177 W/ActivityManager( 1659): Duplicate finish request for ActivityRecord{e32faf1 u0 com.evancharlton.mileage/.VehicleActivity t159 f}
06-05 12:38:12.177 W/ActivityManager( 1659): Finishing task with all activities already finished
06-05 12:38:12.177 W/ActivityManager( 1659): Duplicate finish request for ActivityRecord{2efc2ab u0 com.evancharlton.mileage/.Mileage t159 f}
06-05 12:38:12.177 W/ActivityManager( 1659): Finishing task with all activities already finished
06-05 12:38:12.177 W/ActivityManager( 1659): Duplicate finish request for ActivityRecord{2efc2ab u0 com.evancharlton.mileage/.Mileage t159 f}
06-05 12:38:12.197 D/EGL_emulation( 2389): eglMakeCurrent: 0xb1284ec0: ver 2 0 (tinfo 0x98c170c0)
06-05 12:38:12.215 D/EGL_emulation( 1792): eglMakeCurrent: 0x992abea0: ver 2 0 (tinfo 0xa5a6f110)
06-05 12:38:12.219 D/AndroidRuntime(15932): >>>>>> START com.android.internal.os.RuntimeInit uid 2000 <<<<<<
06-05 12:38:12.220 D/AndroidRuntime(15932): CheckJNI is ON
06-05 12:38:12.230 D/EGL_emulation( 1792): eglMakeCurrent: 0x992abea0: ver 2 0 (tinfo 0xa5a6f110)
06-05 12:38:12.231 W/art     (15932): Unexpected CPU variant for X86 using defaults: x86
06-05 12:38:12.232 D/EGL_emulation( 1792): eglMakeCurrent: 0x992abea0: ver 2 0 (tinfo 0xa5a6f110)
06-05 12:38:12.233 D/ICU     (15932): No timezone override file found: /data/misc/zoneinfo/current/icu/icu_tzdata.dat
06-05 12:38:12.239 E/memtrack(15932): Couldn't load memtrack module (No such file or directory)
06-05 12:38:12.239 E/android.os.Debug(15932): failed to load memtrack module: -2
06-05 12:38:12.240 I/Radio-JNI(15932): register_android_hardware_Radio DONE
06-05 12:38:12.243 D/AndroidRuntime(15932): Calling main entry com.android.commands.am.Am
06-05 12:38:12.244 I/ActivityManager( 1659): Force stopping com.evancharlton.mileage appid=10082 user=0: start instr
06-05 12:38:12.245 I/ActivityManager( 1659): Killing 15834:com.evancharlton.mileage/u0a82 (adj 0): stop com.evancharlton.mileage
06-05 12:38:12.245 D/ActivityManager( 1659): cleanUpApplicationRecord -- 15834
06-05 12:38:12.245 W/ActivityManager( 1659): Crash of app com.evancharlton.mileage running instrumentation ComponentInfo{com.evancharlton.mileage.test/sh.calaba.instrumentationbackend.CalabashInstrumentationTestRunner}
06-05 12:38:12.245 I/ActivityManager( 1659): Force stopping com.evancharlton.mileage appid=10082 user=0: finished inst
06-05 12:38:12.246 D/EGL_emulation( 1792): eglMakeCurrent: 0x992abea0: ver 2 0 (tinfo 0xa5a6f110)
06-05 12:38:12.248 D/EGL_emulation( 1792): eglMakeCurrent: 0x992abea0: ver 2 0 (tinfo 0xa5a6f110)
06-05 12:38:12.250 I/art     (15942): Not late-enabling -Xcheck:jni (already on)
06-05 12:38:12.250 W/art     (15942): Unexpected CPU variant for X86 using defaults: x86
06-05 12:38:12.256 I/ActivityManager( 1659): Start proc 15942:com.evancharlton.mileage/u0a82 for added application com.evancharlton.mileage
06-05 12:38:12.256 D/AndroidRuntime(15932): Shutting down VM
06-05 12:38:12.265 D/EGL_emulation( 1792): eglMakeCurrent: 0x992abea0: ver 2 0 (tinfo 0xa5a6f110)
06-05 12:38:12.270 D/EGL_emulation( 1792): eglMakeCurrent: 0x992abea0: ver 2 0 (tinfo 0xa5a6f110)
06-05 12:38:12.272 W/System  (15942): ClassLoader referenced unknown path: /data/app/com.evancharlton.mileage.test-1/lib/x86
06-05 12:38:12.272 W/System  (15942): ClassLoader referenced unknown path: /data/app/com.evancharlton.mileage-1/lib/x86
06-05 12:38:12.276 W/System  (15942): ClassLoader referenced unknown path: 
06-05 12:38:12.280 D/EGL_emulation( 1792): eglMakeCurrent: 0x992abea0: ver 2 0 (tinfo 0xa5a6f110)
06-05 12:38:12.282 D/EGL_emulation( 1792): eglMakeCurrent: 0x992abea0: ver 2 0 (tinfo 0xa5a6f110)
06-05 12:38:12.282 I/System.out(15942): Main activity name automatically set to: com.evancharlton.mileage.Mileage
06-05 12:38:12.283 I/System.out(15942): Calabash did not load Mono. This is only a problem if you are trying to test a Mono application
06-05 12:38:12.283 I/calabash(15942): Test server port: 7102
06-05 12:38:12.283 I/InstrumentationBackend(15942): Added:'GetPreferences', with key:'get_preferences'
06-05 12:38:12.286 W/InputDispatcher( 1659): channel '5410576 com.evancharlton.mileage/com.evancharlton.mileage.Mileage (server)' ~ Consumer closed input channel or an error occurred.  events=0x9
06-05 12:38:12.286 E/InputDispatcher( 1659): channel '5410576 com.evancharlton.mileage/com.evancharlton.mileage.Mileage (server)' ~ Channel is unrecoverably broken and will be disposed!
06-05 12:38:12.286 W/InputDispatcher( 1659): channel '1eb552d com.evancharlton.mileage/com.evancharlton.mileage.VehicleActivity (server)' ~ Consumer closed input channel or an error occurred.  events=0x9
06-05 12:38:12.286 E/InputDispatcher( 1659): channel '1eb552d com.evancharlton.mileage/com.evancharlton.mileage.VehicleActivity (server)' ~ Channel is unrecoverably broken and will be disposed!
06-05 12:38:12.286 I/WindowManager( 1659): WIN DEATH: Window{1eb552d u0 com.evancharlton.mileage/com.evancharlton.mileage.VehicleActivity EXITING}
06-05 12:38:12.286 W/InputDispatcher( 1659): Attempted to unregister already unregistered input channel '1eb552d com.evancharlton.mileage/com.evancharlton.mileage.VehicleActivity (server)'
06-05 12:38:12.287 I/WindowManager( 1659): WIN DEATH: Window{5410576 u0 com.evancharlton.mileage/com.evancharlton.mileage.Mileage EXITING}
06-05 12:38:12.287 W/InputDispatcher( 1659): Attempted to unregister already unregistered input channel '5410576 com.evancharlton.mileage/com.evancharlton.mileage.Mileage (server)'
06-05 12:38:12.290 I/InstrumentationBackend(15942): Added:'SetPreferences', with key:'set_preferences'
06-05 12:38:12.290 I/InstrumentationBackend(15942): Added:'ClearPreferences', with key:'clear_preferences'
06-05 12:38:12.290 I/InstrumentationBackend(15942): Added:'PressElement', with key:'press_l10n_element'
06-05 12:38:12.290 I/InstrumentationBackend(15942): Added:'WaitForElement', with key:'wait_for_l10n_element'
06-05 12:38:12.290 I/InstrumentationBackend(15942): Added:'NullAction', with key:'nullAction'
06-05 12:38:12.290 I/InstrumentationBackend(15942): Added:'PressKey', with key:'press_key'
06-05 12:38:12.290 I/InstrumentationBackend(15942): Added:'SetActivityOrientation', with key:'set_activity_orientation'
06-05 12:38:12.290 I/InstrumentationBackend(15942): Added:'GetActivityOrientation', with key:'get_activity_orientation'
06-05 12:38:12.290 I/InstrumentationBackend(15942): Added:'FakeGPSLocation', with key:'set_gps_coordinates'
06-05 12:38:12.290 I/InstrumentationBackend(15942): Added:'SetPropertyByCssSelector', with key:'set_property_by_css_selector'
06-05 12:38:12.290 I/InstrumentationBackend(15942): Added:'GetUrl', with key:'get_url'
06-05 12:38:12.290 I/InstrumentationBackend(15942): Added:'ScrollTo', with key:'scroll_to'
06-05 12:38:12.290 I/InstrumentationBackend(15942): Added:'GetLoadProgress', with key:'get_load_progress'
06-05 12:38:12.291 I/InstrumentationBackend(15942): Added:'DumpHtml', with key:'dump_html'
06-05 12:38:12.291 I/InstrumentationBackend(15942): Added:'DumpBodyHtml', with key:'dump_body_html'
06-05 12:38:12.291 I/InstrumentationBackend(15942): Added:'EnterTextByCssSelector', with key:'enter_text_by_selector'
06-05 12:38:12.291 I/InstrumentationBackend(15942): Added:'AndroidSDKVersion', with key:'android_sdk_version'
06-05 12:38:12.291 I/InstrumentationBackend(15942): Added:'Version', with key:'version'
06-05 12:38:12.291 I/InstrumentationBackend(15942): Added:'Drag', with key:'drag'
06-05 12:38:12.291 I/InstrumentationBackend(15942): Added:'TouchCoordinates', with key:'touch_coordinate'
06-05 12:38:12.291 I/InstrumentationBackend(15942): Added:'LongPressCoordinate', with key:'long_press_coordinate'
06-05 12:38:12.291 I/InstrumentationBackend(15942): Added:'DragCoordinates', with key:'drag_coordinates'
06-05 12:38:12.291 I/InstrumentationBackend(15942): Added:'ResumeApplication', with key:'resume_application'
06-05 12:38:12.291 I/InstrumentationBackend(15942): Added:'Swipe', with key:'swipe'
06-05 12:38:12.291 I/InstrumentationBackend(15942): Added:'DoubleTapCoordinate', with key:'double_tap_coordinate'
06-05 12:38:12.291 I/InstrumentationBackend(15942): Added:'ClickOnScreen', with key:'click_on_screen'
06-05 12:38:12.291 I/InstrumentationBackend(15942): Added:'GetActivityName', with key:'get_activity_name'
06-05 12:38:12.291 I/InstrumentationBackend(15942): Added:'ScrollToView', with key:'scroll_to_view'
06-05 12:38:12.291 I/InstrumentationBackend(15942): Added:'ViewConfiguration', with key:'view_configuration'
06-05 12:38:12.291 I/InstrumentationBackend(15942): Added:'IsCurrentActivityFocused', with key:'is_current_activity_focused'
06-05 12:38:12.291 I/InstrumentationBackend(15942): Added:'SendTcp', with key:'send_tcp'
06-05 12:38:12.291 I/InstrumentationBackend(15942): Added:'DpToDevicePixel', with key:'dp_to_device_pixel'
06-05 12:38:12.292 I/InstrumentationBackend(15942): Added:'KeyboardEnterText', with key:'keyboard_enter_text'
06-05 12:38:12.292 I/InstrumentationBackend(15942): Added:'DeleteSurroundingText', with key:'delete_surrounding_text'
06-05 12:38:12.292 I/InstrumentationBackend(15942): Added:'SetComposingRegion', with key:'set_composing_region'
06-05 12:38:12.292 I/InstrumentationBackend(15942): Added:'SetSelection', with key:'set_selection'
06-05 12:38:12.292 I/InstrumentationBackend(15942): Added:'KeyboardKeyEvent', with key:'keyboard_key_event'
06-05 12:38:12.292 I/InstrumentationBackend(15942): Added:'PressUserActionButton', with key:'press_user_action_button'
06-05 12:38:12.292 I/InstrumentationBackend(15942): Added:'HideSoftKeyboard', with key:'hide_soft_keyboard'
06-05 12:38:12.292 I/InstrumentationBackend(15942): Added:'ListActions', with key:'list_actions'
06-05 12:38:12.292 I/calabash(15942): Instantiating http server at 7102
06-05 12:38:12.292 I/System.out(15942): HTTP Daemon listening on: 7102
06-05 12:38:12.297 D/EGL_emulation( 1792): eglMakeCurrent: 0x992abea0: ver 2 0 (tinfo 0xa5a6f110)
06-05 12:38:12.300 D/EGL_emulation( 1792): eglMakeCurrent: 0x992abea0: ver 2 0 (tinfo 0xa5a6f110)
06-05 12:38:12.313 I/WindowManager( 1659): Destroying surface Surface(name=com.evancharlton.mileage/com.evancharlton.mileage.VehicleActivity) called by com.android.server.wm.WindowStateAnimator.destroySurface:2016 com.android.server.wm.WindowStateAnimator.destroySurfaceLocked:882 com.android.server.wm.WindowState.removeLocked:1456 com.android.server.wm.WindowManagerService.removeWindowInnerLocked:2484 com.android.server.wm.AppWindowToken.destroySurfaces:365 com.android.server.wm.WindowStateAnimator.finishExit:565 com.android.server.wm.AppWindowAnimator.stepAnimationLocked:427 com.android.server.wm.WindowAnimator.updateAppWindowsLocked:196 
06-05 12:38:12.313 D/EGL_emulation( 1792): eglMakeCurrent: 0x992abea0: ver 2 0 (tinfo 0xa5a6f110)
06-05 12:38:12.315 D/EGL_emulation( 1792): eglMakeCurrent: 0x992abea0: ver 2 0 (tinfo 0xa5a6f110)
06-05 12:38:12.329 D/EGL_emulation( 1792): eglMakeCurrent: 0x992abea0: ver 2 0 (tinfo 0xa5a6f110)
06-05 12:38:12.331 D/EGL_emulation( 1792): eglMakeCurrent: 0x992abea0: ver 2 0 (tinfo 0xa5a6f110)
06-05 12:38:12.347 D/EGL_emulation( 1792): eglMakeCurrent: 0x992abea0: ver 2 0 (tinfo 0xa5a6f110)
06-05 12:38:12.348 D/EGL_emulation( 1792): eglMakeCurrent: 0x992abea0: ver 2 0 (tinfo 0xa5a6f110)
06-05 12:38:12.363 D/EGL_emulation( 1792): eglMakeCurrent: 0x992abea0: ver 2 0 (tinfo 0xa5a6f110)
06-05 12:38:12.366 D/EGL_emulation( 1792): eglMakeCurrent: 0x992abea0: ver 2 0 (tinfo 0xa5a6f110)
06-05 12:38:12.380 D/EGL_emulation( 1792): eglMakeCurrent: 0x992abea0: ver 2 0 (tinfo 0xa5a6f110)
06-05 12:38:12.382 I/System.out(15942): URI: //ping
06-05 12:38:12.382 I/System.out(15942): params: {json={}
06-05 12:38:12.382 I/System.out(15942): }
06-05 12:38:12.385 D/EGL_emulation( 1792): eglMakeCurrent: 0x992abea0: ver 2 0 (tinfo 0xa5a6f110)
06-05 12:38:12.388 I/System.out(15942): URI: //ping
06-05 12:38:12.388 I/System.out(15942): params: {json={}
06-05 12:38:12.389 I/System.out(15942): }
06-05 12:38:12.393 I/System.out(15942): URI: //ready
06-05 12:38:12.393 I/System.out(15942): params: {json={}
06-05 12:38:12.393 I/System.out(15942): }
06-05 12:38:12.398 D/EGL_emulation( 1792): eglMakeCurrent: 0x992abea0: ver 2 0 (tinfo 0xa5a6f110)
06-05 12:38:12.398 I/System.out(15942): URI: //
06-05 12:38:12.398 I/System.out(15942): params: {json={"command":"version","arguments":[]}
06-05 12:38:12.398 I/System.out(15942): }
06-05 12:38:12.398 I/System.out(15942): header: {content-type=application/json;charset=utf-8, date=Fri, 05 Jun 2020 17:38:13 GMT, accept=*/*, host=127.0.0.1:34782, content-length=36, user-agent=HTTPClient/1.0 (2.8.3, ruby 2.5.1 (2018-03-29))}
06-05 12:38:12.398 I/System.out(15942): params: {json={"command":"version","arguments":[]}
06-05 12:38:12.398 I/System.out(15942): }
06-05 12:38:12.398 I/System.out(15942): ProP json = {"command":"version","arguments":[]}
06-05 12:38:12.398 I/System.out(15942): files: {}
06-05 12:38:12.398 I/System.out(15942): command: {"command":"version","arguments":[]}
06-05 12:38:12.402 D/EGL_emulation( 1792): eglMakeCurrent: 0x992abea0: ver 2 0 (tinfo 0xa5a6f110)
06-05 12:38:12.406 I/InstrumentationBackend(15942): Got command:'Command:'Line:null,version', arguments:'[]'
06-05 12:38:12.416 D/EGL_emulation( 1792): eglMakeCurrent: 0x992abea0: ver 2 0 (tinfo 0xa5a6f110)
06-05 12:38:12.424 I/System.out(15942): result:{"bonusInformation":[],"message":"0.9.8","success":true}
06-05 12:38:12.427 I/System.out(15942): URI: //start-application
06-05 12:38:12.428 I/System.out(15942): params: {json={"intent":null}
06-05 12:38:12.428 I/System.out(15942): }
06-05 12:38:12.430 D/EGL_emulation( 1792): eglMakeCurrent: 0x992abea0: ver 2 0 (tinfo 0xa5a6f110)
06-05 12:38:12.432 D/EGL_emulation( 1792): eglMakeCurrent: 0x992abea0: ver 2 0 (tinfo 0xa5a6f110)
06-05 12:38:12.440 I/ActivityManager( 1659): START u0 {act=android.intent.action.MAIN cat=[android.intent.category.LAUNCHER] flg=0x10200000 cmp=com.evancharlton.mileage/.Mileage} from uid 10082 on display 0
06-05 12:38:12.446 I/calabash(15942): newActivity1
06-05 12:38:12.457 I/calabash(15942): newActivity1
06-05 12:38:12.458 W/ActivityManager( 1659): Bad activity token: android.os.BinderProxy@53eb43b
06-05 12:38:12.458 W/ActivityManager( 1659): java.lang.ClassCastException: android.os.BinderProxy cannot be cast to com.android.server.am.ActivityRecord$Token
06-05 12:38:12.458 W/ActivityManager( 1659): 	at com.android.server.am.ActivityRecord.forTokenLocked(ActivityRecord.java:586)
06-05 12:38:12.458 W/ActivityManager( 1659): 	at com.android.server.am.ActivityRecord.isInStackLocked(ActivityRecord.java:1327)
06-05 12:38:12.458 W/ActivityManager( 1659): 	at com.android.server.am.ActivityRecord.getStackLocked(ActivityRecord.java:1332)
06-05 12:38:12.458 W/ActivityManager( 1659): 	at com.android.server.am.ActivityManagerService.getActivityDisplayId(ActivityManagerService.java:9806)
06-05 12:38:12.458 W/ActivityManager( 1659): 	at android.app.ActivityManagerNative.onTransact(ActivityManagerNative.java:2566)
06-05 12:38:12.458 W/ActivityManager( 1659): 	at com.android.server.am.ActivityManagerService.onTransact(ActivityManagerService.java:2757)
06-05 12:38:12.458 W/ActivityManager( 1659): 	at android.os.Binder.execTransact(Binder.java:565)
06-05 12:38:12.459 W/ActivityManager( 1659): Bad activity token: android.os.BinderProxy@53eb43b
06-05 12:38:12.459 W/ActivityManager( 1659): java.lang.ClassCastException: android.os.BinderProxy cannot be cast to com.android.server.am.ActivityRecord$Token
06-05 12:38:12.459 W/ActivityManager( 1659): 	at com.android.server.am.ActivityRecord.forTokenLocked(ActivityRecord.java:586)
06-05 12:38:12.459 W/ActivityManager( 1659): 	at com.android.server.am.ActivityRecord.isInStackLocked(ActivityRecord.java:1327)
06-05 12:38:12.459 W/ActivityManager( 1659): 	at com.android.server.am.ActivityManagerService.setTaskDescription(ActivityManagerService.java:9358)
06-05 12:38:12.459 W/ActivityManager( 1659): 	at android.app.ActivityManagerNative.onTransact(ActivityManagerNative.java:2639)
06-05 12:38:12.459 W/ActivityManager( 1659): 	at com.android.server.am.ActivityManagerService.onTransact(ActivityManagerService.java:2757)
06-05 12:38:12.459 W/ActivityManager( 1659): 	at android.os.Binder.execTransact(Binder.java:565)
06-05 12:38:12.460 W/ActivityManager( 1659): Bad activity token: android.os.BinderProxy@53eb43b
06-05 12:38:12.460 W/ActivityManager( 1659): java.lang.ClassCastException: android.os.BinderProxy cannot be cast to com.android.server.am.ActivityRecord$Token
06-05 12:38:12.460 W/ActivityManager( 1659): 	at com.android.server.am.ActivityRecord.forTokenLocked(ActivityRecord.java:586)
06-05 12:38:12.460 W/ActivityManager( 1659): 	at com.android.server.am.ActivityRecord.isInStackLocked(ActivityRecord.java:1327)
06-05 12:38:12.460 W/ActivityManager( 1659): 	at com.android.server.am.ActivityRecord.getStackLocked(ActivityRecord.java:1332)
06-05 12:38:12.460 W/ActivityManager( 1659): 	at com.android.server.am.ActivityManagerService.getActivityStackId(ActivityManagerService.java:9817)
06-05 12:38:12.460 W/ActivityManager( 1659): 	at android.app.ActivityManagerNative.onTransact(ActivityManagerNative.java:2856)
06-05 12:38:12.460 W/ActivityManager( 1659): 	at com.android.server.am.ActivityManagerService.onTransact(ActivityManagerService.java:2757)
06-05 12:38:12.460 W/ActivityManager( 1659): 	at android.os.Binder.execTransact(Binder.java:565)
06-05 12:38:12.463 D/gralloc_ranchu( 1352): gralloc_alloc: Creating ashmem region of size 9023488
06-05 12:38:12.479 W/ActivityManager( 1659): Bad activity token: android.os.BinderProxy@53eb43b
06-05 12:38:12.479 W/ActivityManager( 1659): java.lang.ClassCastException: android.os.BinderProxy cannot be cast to com.android.server.am.ActivityRecord$Token
06-05 12:38:12.479 W/ActivityManager( 1659): 	at com.android.server.am.ActivityRecord.forTokenLocked(ActivityRecord.java:586)
06-05 12:38:12.479 W/ActivityManager( 1659): 	at com.android.server.am.ActivityRecord.isInStackLocked(ActivityRecord.java:1327)
06-05 12:38:12.479 W/ActivityManager( 1659): 	at com.android.server.am.ActivityManagerService.getActivityOptions(ActivityManagerService.java:12559)
06-05 12:38:12.479 W/ActivityManager( 1659): 	at android.app.ActivityManagerNative.onTransact(ActivityManagerNative.java:1933)
06-05 12:38:12.479 W/ActivityManager( 1659): 	at com.android.server.am.ActivityManagerService.onTransact(ActivityManagerService.java:2757)
06-05 12:38:12.479 W/ActivityManager( 1659): 	at android.os.Binder.execTransact(Binder.java:565)
06-05 12:38:12.480 W/ActivityManager( 1659): Bad activity token: android.os.BinderProxy@53eb43b
06-05 12:38:12.480 W/ActivityManager( 1659): java.lang.ClassCastException: android.os.BinderProxy cannot be cast to com.android.server.am.ActivityRecord$Token
06-05 12:38:12.480 W/ActivityManager( 1659): 	at com.android.server.am.ActivityRecord.forTokenLocked(ActivityRecord.java:586)
06-05 12:38:12.480 W/ActivityManager( 1659): 	at com.android.server.am.ActivityRecord.isInStackLocked(ActivityRecord.java:1327)
06-05 12:38:12.480 W/ActivityManager( 1659): 	at com.android.server.am.ActivityManagerService.getActivityOptions(ActivityManagerService.java:12559)
06-05 12:38:12.480 W/ActivityManager( 1659): 	at android.app.ActivityManagerNative.onTransact(ActivityManagerNative.java:1933)
06-05 12:38:12.480 W/ActivityManager( 1659): 	at com.android.server.am.ActivityManagerService.onTransact(ActivityManagerService.java:2757)
06-05 12:38:12.480 W/ActivityManager( 1659): 	at android.os.Binder.execTransact(Binder.java:565)
06-05 12:38:12.490 V/PhoneStatusBar( 1792): setLightsOn(true)
06-05 12:38:12.497 D/EGL_emulation( 2389): eglMakeCurrent: 0xb1284ec0: ver 2 0 (tinfo 0x98c170c0)
06-05 12:38:12.497 D/EGL_emulation( 1792): eglMakeCurrent: 0x992abea0: ver 2 0 (tinfo 0xa5a6f110)
06-05 12:38:12.497 V/PhoneStatusBar( 1792): setLightsOn(true)
06-05 12:38:12.513 D/gralloc_ranchu( 1352): gralloc_alloc: Creating ashmem region of size 9023488
06-05 12:38:12.523 D/EGL_emulation( 1792): eglMakeCurrent: 0x992abea0: ver 2 0 (tinfo 0xa5a6f110)
06-05 12:38:12.525 D/        (15942): HostConnection::get() New Host Connection established 0x99faa500, tid 15942
06-05 12:38:12.530 D/EGL_emulation( 1792): eglMakeCurrent: 0x992abea0: ver 2 0 (tinfo 0xa5a6f110)
06-05 12:38:12.531 V/PhoneStatusBar( 1792): setLightsOn(true)
06-05 12:38:12.589 D/EGL_emulation( 1792): eglMakeCurrent: 0x992abea0: ver 2 0 (tinfo 0xa5a6f110)
06-05 12:38:12.591 D/EGL_emulation( 1792): eglMakeCurrent: 0x992abea0: ver 2 0 (tinfo 0xa5a6f110)
06-05 12:38:12.593 D/EGL_emulation( 1792): eglMakeCurrent: 0x992abea0: ver 2 0 (tinfo 0xa5a6f110)
06-05 12:38:12.596 D/EGL_emulation( 1792): eglMakeCurrent: 0x992abea0: ver 2 0 (tinfo 0xa5a6f110)
06-05 12:38:12.604 D/EGL_emulation( 1792): eglMakeCurrent: 0x992abea0: ver 2 0 (tinfo 0xa5a6f110)
06-05 12:38:12.614 D/EGL_emulation( 1792): eglMakeCurrent: 0x992abea0: ver 2 0 (tinfo 0xa5a6f110)
06-05 12:38:12.619 D/EGL_emulation( 1792): eglMakeCurrent: 0x992abea0: ver 2 0 (tinfo 0xa5a6f110)
06-05 12:38:12.631 D/EGL_emulation( 1792): eglMakeCurrent: 0x992abea0: ver 2 0 (tinfo 0xa5a6f110)
06-05 12:38:12.634 I/WindowManager( 1659): Destroying surface Surface(name=com.evancharlton.mileage/com.evancharlton.mileage.Mileage) called by com.android.server.wm.WindowStateAnimator.destroySurface:2016 com.android.server.wm.WindowStateAnimator.destroySurfaceLocked:882 com.android.server.wm.WindowState.removeLocked:1456 com.android.server.wm.WindowManagerService.removeWindowInnerLocked:2484 com.android.server.wm.AppWindowToken.destroySurfaces:365 com.android.server.wm.WindowStateAnimator.finishExit:565 com.android.server.wm.AppWindowAnimator.stepAnimationLocked:427 com.android.server.wm.WindowAnimator.updateAppWindowsLocked:196 
06-05 12:38:12.635 D/EGL_emulation( 1792): eglMakeCurrent: 0x992abea0: ver 2 0 (tinfo 0xa5a6f110)
06-05 12:38:12.635 D/gralloc_ranchu( 1352): gralloc_alloc: Creating ashmem region of size 9023488
06-05 12:38:12.654 I/ActivityManager( 1659): Displayed com.evancharlton.mileage/.Mileage: +210ms
06-05 12:38:12.662 D/EGL_emulation( 1792): eglMakeCurrent: 0x992abea0: ver 2 0 (tinfo 0xa5a6f110)
06-05 12:38:12.668 D/EGL_emulation( 1792): eglMakeCurrent: 0x992abea0: ver 2 0 (tinfo 0xa5a6f110)
06-05 12:38:12.687 D/EGL_emulation( 1792): eglMakeCurrent: 0x992abea0: ver 2 0 (tinfo 0xa5a6f110)
06-05 12:38:12.691 D/EGL_emulation( 1792): eglMakeCurrent: 0x992abea0: ver 2 0 (tinfo 0xa5a6f110)
06-05 12:38:12.697 D/EGL_emulation( 1792): eglMakeCurrent: 0x992abea0: ver 2 0 (tinfo 0xa5a6f110)
06-05 12:38:12.701 D/EGL_emulation( 1792): eglMakeCurrent: 0x992abea0: ver 2 0 (tinfo 0xa5a6f110)
06-05 12:38:12.701 V/PhoneStatusBar( 1792): setLightsOn(true)
06-05 12:38:12.722 I/System.out(15942): URI: //map
06-05 12:38:12.722 I/System.out(15942): params: {json={"query":"* marked:'Vehicles'","operation":{"method_name":"query","arguments":[]}}
06-05 12:38:12.722 I/System.out(15942): }
06-05 12:38:12.738 W/ResourceType(15942): No package identifier when getting name for resource number 0x00000001
06-05 12:38:12.756 I/System.out(15942): URI: //gesture
06-05 12:38:12.756 I/System.out(15942): params: {json={"query_timeout":5.0,"gestures":[{"query_string":"* marked:'Vehicles'","touches":[{"x":50,"y":50,"offset_x":0,"offset_y":0,"wait":0.0,"time":0.2,"release":true,"query_string":null}]}]}
06-05 12:38:12.756 I/System.out(15942): }
06-05 12:38:12.761 W/ResourceType(15942): No package identifier when getting name for resource number 0x00000001
06-05 12:38:12.863 I/WindowManager( 1659): Destroying surface Surface(name=Starting com.evancharlton.mileage) called by com.android.server.wm.WindowStateAnimator.destroySurface:2016 com.android.server.wm.WindowStateAnimator.destroySurfaceLocked:882 com.android.server.wm.WindowState.destroyOrSaveSurface:2100 com.android.server.wm.AppWindowToken.destroySurfaces:363 com.android.server.wm.WindowStateAnimator.finishExit:565 com.android.server.wm.WindowStateAnimator.stepAnimationLocked:491 com.android.server.wm.WindowAnimator.updateWindowsLocked:303 com.android.server.wm.WindowAnimator.animateLocked:704 
06-05 12:38:12.867 V/PhoneStatusBar( 1792): setLightsOn(true)
06-05 12:38:12.898 V/PhoneStatusBar( 1792): setLightsOn(true)
06-05 12:38:12.948 V/PhoneStatusBar( 1792): setLightsOn(true)
06-05 12:38:13.007 I/calabash(15942): newActivity1
06-05 12:38:13.008 W/ActivityManager( 1659): Bad activity token: android.os.BinderProxy@b09f55d
06-05 12:38:13.008 W/ActivityManager( 1659): java.lang.ClassCastException: android.os.BinderProxy cannot be cast to com.android.server.am.ActivityRecord$Token
06-05 12:38:13.008 W/ActivityManager( 1659): 	at com.android.server.am.ActivityRecord.forTokenLocked(ActivityRecord.java:586)
06-05 12:38:13.008 W/ActivityManager( 1659): 	at com.android.server.am.ActivityRecord.isInStackLocked(ActivityRecord.java:1327)
06-05 12:38:13.008 W/ActivityManager( 1659): 	at com.android.server.am.ActivityRecord.getStackLocked(ActivityRecord.java:1332)
06-05 12:38:13.008 W/ActivityManager( 1659): 	at com.android.server.am.ActivityManagerService.getActivityDisplayId(ActivityManagerService.java:9806)
06-05 12:38:13.008 W/ActivityManager( 1659): 	at android.app.ActivityManagerNative.onTransact(ActivityManagerNative.java:2566)
06-05 12:38:13.008 W/ActivityManager( 1659): 	at com.android.server.am.ActivityManagerService.onTransact(ActivityManagerService.java:2757)
06-05 12:38:13.008 W/ActivityManager( 1659): 	at android.os.Binder.execTransact(Binder.java:565)
06-05 12:38:13.013 W/ActivityManager( 1659): Bad activity token: android.os.BinderProxy@b09f55d
06-05 12:38:13.013 W/ActivityManager( 1659): java.lang.ClassCastException: android.os.BinderProxy cannot be cast to com.android.server.am.ActivityRecord$Token
06-05 12:38:13.013 W/ActivityManager( 1659): 	at com.android.server.am.ActivityRecord.forTokenLocked(ActivityRecord.java:586)
06-05 12:38:13.013 W/ActivityManager( 1659): 	at com.android.server.am.ActivityRecord.isInStackLocked(ActivityRecord.java:1327)
06-05 12:38:13.013 W/ActivityManager( 1659): 	at com.android.server.am.ActivityManagerService.setTaskDescription(ActivityManagerService.java:9358)
06-05 12:38:13.013 W/ActivityManager( 1659): 	at android.app.ActivityManagerNative.onTransact(ActivityManagerNative.java:2639)
06-05 12:38:13.013 W/ActivityManager( 1659): 	at com.android.server.am.ActivityManagerService.onTransact(ActivityManagerService.java:2757)
06-05 12:38:13.013 W/ActivityManager( 1659): 	at android.os.Binder.execTransact(Binder.java:565)
06-05 12:38:13.014 W/ActivityManager( 1659): Bad activity token: android.os.BinderProxy@b09f55d
06-05 12:38:13.014 W/ActivityManager( 1659): java.lang.ClassCastException: android.os.BinderProxy cannot be cast to com.android.server.am.ActivityRecord$Token
06-05 12:38:13.014 W/ActivityManager( 1659): 	at com.android.server.am.ActivityRecord.forTokenLocked(ActivityRecord.java:586)
06-05 12:38:13.014 W/ActivityManager( 1659): 	at com.android.server.am.ActivityRecord.isInStackLocked(ActivityRecord.java:1327)
06-05 12:38:13.014 W/ActivityManager( 1659): 	at com.android.server.am.ActivityRecord.getStackLocked(ActivityRecord.java:1332)
06-05 12:38:13.014 W/ActivityManager( 1659): 	at com.android.server.am.ActivityManagerService.getActivityStackId(ActivityManagerService.java:9817)
06-05 12:38:13.014 W/ActivityManager( 1659): 	at android.app.ActivityManagerNative.onTransact(ActivityManagerNative.java:2856)
06-05 12:38:13.014 W/ActivityManager( 1659): 	at com.android.server.am.ActivityManagerService.onTransact(ActivityManagerService.java:2757)
06-05 12:38:13.014 W/ActivityManager( 1659): 	at android.os.Binder.execTransact(Binder.java:565)
06-05 12:38:13.024 W/ActivityManager( 1659): Bad activity token: android.os.BinderProxy@b09f55d
06-05 12:38:13.024 W/ActivityManager( 1659): java.lang.ClassCastException: android.os.BinderProxy cannot be cast to com.android.server.am.ActivityRecord$Token
06-05 12:38:13.024 W/ActivityManager( 1659): 	at com.android.server.am.ActivityRecord.forTokenLocked(ActivityRecord.java:586)
06-05 12:38:13.024 W/ActivityManager( 1659): 	at com.android.server.am.ActivityRecord.isInStackLocked(ActivityRecord.java:1327)
06-05 12:38:13.024 W/ActivityManager( 1659): 	at com.android.server.am.ActivityManagerService.getActivityOptions(ActivityManagerService.java:12559)
06-05 12:38:13.024 W/ActivityManager( 1659): 	at android.app.ActivityManagerNative.onTransact(ActivityManagerNative.java:1933)
06-05 12:38:13.024 W/ActivityManager( 1659): 	at com.android.server.am.ActivityManagerService.onTransact(ActivityManagerService.java:2757)
06-05 12:38:13.024 W/ActivityManager( 1659): 	at android.os.Binder.execTransact(Binder.java:565)
06-05 12:38:13.025 W/ActivityManager( 1659): Bad activity token: android.os.BinderProxy@b09f55d
06-05 12:38:13.025 W/ActivityManager( 1659): java.lang.ClassCastException: android.os.BinderProxy cannot be cast to com.android.server.am.ActivityRecord$Token
06-05 12:38:13.025 W/ActivityManager( 1659): 	at com.android.server.am.ActivityRecord.forTokenLocked(ActivityRecord.java:586)
06-05 12:38:13.025 W/ActivityManager( 1659): 	at com.android.server.am.ActivityRecord.isInStackLocked(ActivityRecord.java:1327)
06-05 12:38:13.025 W/ActivityManager( 1659): 	at com.android.server.am.ActivityManagerService.getActivityOptions(ActivityManagerService.java:12559)
06-05 12:38:13.025 W/ActivityManager( 1659): 	at android.app.ActivityManagerNative.onTransact(ActivityManagerNative.java:1933)
06-05 12:38:13.025 W/ActivityManager( 1659): 	at com.android.server.am.ActivityManagerService.onTransact(ActivityManagerService.java:2757)
06-05 12:38:13.025 W/ActivityManager( 1659): 	at android.os.Binder.execTransact(Binder.java:565)
06-05 12:38:13.215 V/PhoneStatusBar( 1792): setLightsOn(true)
06-05 12:38:13.217 V/PhoneStatusBar( 1792): setLightsOn(true)
06-05 12:38:13.220 W/OpenGLRenderer( 2389): Incorrectly called buildLayer on View: ShortcutAndWidgetContainer, destroying layer...
06-05 12:38:13.231 V/PhoneStatusBar( 1792): setLightsOn(true)
06-05 12:38:13.232 I/WindowManager( 1659): Destroying surface Surface(name=com.android.launcher3/com.android.launcher3.Launcher) called by com.android.server.wm.WindowStateAnimator.destroySurface:2016 com.android.server.wm.WindowStateAnimator.destroySurfaceLocked:882 com.android.server.wm.WindowState.destroyOrSaveSurface:2100 com.android.server.wm.AppWindowToken.destroySurfaces:363 com.android.server.wm.AppWindowToken.notifyAppStopped:389 com.android.server.wm.WindowManagerService.notifyAppStopped:4463 com.android.server.am.ActivityStack.activityStoppedLocked:1252 com.android.server.am.ActivityManagerService.activityStopped:6903 
06-05 12:38:14.038 I/System.out(15942): URI: //
06-05 12:38:14.038 I/System.out(15942): params: {json={"command":"press_key","arguments":["KEYCODE_MENU"]}
06-05 12:38:14.038 I/System.out(15942): }
06-05 12:38:14.038 I/System.out(15942): header: {content-type=application/json;charset=utf-8, date=Fri, 05 Jun 2020 17:38:14 GMT, accept=*/*, host=127.0.0.1:34782, content-length=52, user-agent=HTTPClient/1.0 (2.8.3, ruby 2.5.1 (2018-03-29))}
06-05 12:38:14.038 I/System.out(15942): params: {json={"command":"press_key","arguments":["KEYCODE_MENU"]}
06-05 12:38:14.038 I/System.out(15942): }
06-05 12:38:14.038 I/System.out(15942): ProP json = {"command":"press_key","arguments":["KEYCODE_MENU"]}
06-05 12:38:14.038 I/System.out(15942): files: {}
06-05 12:38:14.038 I/System.out(15942): command: {"command":"press_key","arguments":["KEYCODE_MENU"]}
06-05 12:38:14.043 I/InstrumentationBackend(15942): Got command:'Command:'Line:null,press_key', arguments:'[KEYCODE_MENU]'
06-05 12:38:14.075 V/PhoneStatusBar( 1792): setLightsOn(true)
06-05 12:38:14.083 V/PhoneStatusBar( 1792): setLightsOn(true)
06-05 12:38:14.083 I/System.out(15942): result:{"bonusInformation":[],"message":"","success":true}
06-05 12:38:14.088 I/System.out(15942): URI: //map
06-05 12:38:14.088 I/System.out(15942): params: {json={"query":"* marked:'Edit vehicle types'","operation":{"method_name":"query","arguments":[]}}
06-05 12:38:14.088 I/System.out(15942): }
06-05 12:38:14.097 V/PhoneStatusBar( 1792): setLightsOn(true)
06-05 12:38:14.114 V/PhoneStatusBar( 1792): setLightsOn(true)
06-05 12:38:14.115 D/gralloc_ranchu( 1352): gralloc_alloc: Creating ashmem region of size 1720320
06-05 12:38:14.128 V/PhoneStatusBar( 1792): setLightsOn(true)
06-05 12:38:14.129 V/PhoneStatusBar( 1792): setLightsOn(true)
06-05 12:38:14.131 W/ResourceType(15942): No package identifier when getting name for resource number 0x00000001
06-05 12:38:14.131 V/PhoneStatusBar( 1792): setLightsOn(true)
06-05 12:38:14.134 I/art     (15942): Do partial code cache collection, code=29KB, data=27KB
06-05 12:38:14.135 I/art     (15942): After code cache collection, code=29KB, data=27KB
06-05 12:38:14.135 I/art     (15942): Increasing code cache capacity to 128KB
06-05 12:38:14.155 I/System.out(15942): URI: //gesture
06-05 12:38:14.155 I/System.out(15942): params: {json={"query_timeout":5.0,"gestures":[{"query_string":"* marked:'Edit vehicle types'","touches":[{"x":50,"y":50,"offset_x":0,"offset_y":0,"wait":0.0,"time":0.2,"release":true,"query_string":null}]}]}
06-05 12:38:14.155 I/System.out(15942): }
06-05 12:38:14.164 W/ResourceType(15942): No package identifier when getting name for resource number 0x00000001
06-05 12:38:14.344 D/gralloc_ranchu( 1352): gralloc_alloc: Creating ashmem region of size 9023488
06-05 12:38:14.384 V/PhoneStatusBar( 1792): setLightsOn(true)
06-05 12:38:14.430 D/gralloc_ranchu( 1352): gralloc_alloc: Creating ashmem region of size 1720320
06-05 12:38:14.533 I/System.out(15942): URI: //map
06-05 12:38:14.533 I/System.out(15942): params: {json={"query":"* {text CONTAINS[c] 'Vehicle types'}","operation":{"method_name":"query","arguments":[]}}
06-05 12:38:14.533 I/System.out(15942): }
06-05 12:38:14.545 I/ActivityManager( 1659): START u0 {cmp=com.evancharlton.mileage/.VehicleTypeListActivity} from uid 10082 on display 0
06-05 12:38:14.546 V/PhoneStatusBar( 1792): setLightsOn(true)
06-05 12:38:14.547 V/PhoneStatusBar( 1792): setLightsOn(true)
06-05 12:38:14.551 I/WindowManager( 1659): Destroying surface Surface(name=AtchDlg:com.evancharlton.mileage/com.evancharlton.mileage.VehicleListActivity) called by com.android.server.wm.WindowStateAnimator.destroySurface:2016 com.android.server.wm.WindowStateAnimator.destroySurfaceLocked:882 com.android.server.wm.WindowState.removeLocked:1456 com.android.server.wm.WindowManagerService.removeWindowInnerLocked:2484 com.android.server.wm.WindowManagerService.removeWindowLocked:2442 com.android.server.wm.WindowManagerService.removeWindowLocked:2311 com.android.server.wm.WindowManagerService.removeWindow:2306 com.android.server.wm.Session.remove:202 
06-05 12:38:14.555 I/calabash(15942): newActivity1
06-05 12:38:14.581 V/PhoneStatusBar( 1792): setLightsOn(true)
06-05 12:38:14.587 D/gralloc_ranchu( 1352): gralloc_alloc: Creating ashmem region of size 9023488
06-05 12:38:14.597 V/PhoneStatusBar( 1792): setLightsOn(true)
06-05 12:38:14.644 I/ActivityManager( 1659): Displayed com.evancharlton.mileage/.VehicleTypeListActivity: +95ms
06-05 12:38:14.647 V/PhoneStatusBar( 1792): setLightsOn(true)
06-05 12:38:14.680 V/PhoneStatusBar( 1792): setLightsOn(true)
06-05 12:38:14.697 V/PhoneStatusBar( 1792): setLightsOn(true)
06-05 12:38:14.864 I/System.out(15942): URI: //map
06-05 12:38:14.864 I/System.out(15942): params: {json={"query":"* {text CONTAINS[c] 'Vehicle types'}","operation":{"method_name":"query","arguments":[]}}
06-05 12:38:14.864 I/System.out(15942): }
06-05 12:38:14.881 V/PhoneStatusBar( 1792): setLightsOn(true)
06-05 12:38:14.912 I/System.out(15942): URI: //
06-05 12:38:14.912 I/System.out(15942): params: {json={"command":"press_key","arguments":["KEYCODE_MENU"]}
06-05 12:38:14.912 I/System.out(15942): }
06-05 12:38:14.912 I/System.out(15942): header: {content-type=application/json;charset=utf-8, date=Fri, 05 Jun 2020 17:38:15 GMT, accept=*/*, host=127.0.0.1:34782, content-length=52, user-agent=HTTPClient/1.0 (2.8.3, ruby 2.5.1 (2018-03-29))}
06-05 12:38:14.912 I/System.out(15942): params: {json={"command":"press_key","arguments":["KEYCODE_MENU"]}
06-05 12:38:14.912 I/System.out(15942): }
06-05 12:38:14.912 I/System.out(15942): ProP json = {"command":"press_key","arguments":["KEYCODE_MENU"]}
06-05 12:38:14.912 I/System.out(15942): files: {}
06-05 12:38:14.912 I/System.out(15942): command: {"command":"press_key","arguments":["KEYCODE_MENU"]}
06-05 12:38:14.914 I/InstrumentationBackend(15942): Got command:'Command:'Line:null,press_key', arguments:'[KEYCODE_MENU]'
06-05 12:38:14.918 V/PhoneStatusBar( 1792): setLightsOn(true)
06-05 12:38:14.923 I/System.out(15942): result:{"bonusInformation":[],"message":"","success":true}
06-05 12:38:14.926 I/System.out(15942): URI: //map
06-05 12:38:14.926 I/System.out(15942): params: {json={"query":"* marked:'Add new vehicle type'","operation":{"method_name":"query","arguments":[]}}
06-05 12:38:14.926 I/System.out(15942): }
06-05 12:38:14.932 V/PhoneStatusBar( 1792): setLightsOn(true)
06-05 12:38:14.947 V/PhoneStatusBar( 1792): setLightsOn(true)
06-05 12:38:14.964 V/PhoneStatusBar( 1792): setLightsOn(true)
06-05 12:38:14.965 D/gralloc_ranchu( 1352): gralloc_alloc: Creating ashmem region of size 929792
06-05 12:38:14.970 V/PhoneStatusBar( 1792): setLightsOn(true)
06-05 12:38:14.970 W/ResourceType(15942): No package identifier when getting name for resource number 0x00000001
06-05 12:38:14.978 I/System.out(15942): URI: //gesture
06-05 12:38:14.978 I/System.out(15942): params: {json={"query_timeout":5.0,"gestures":[{"query_string":"* marked:'Add new vehicle type'","touches":[{"x":50,"y":50,"offset_x":0,"offset_y":0,"wait":0.0,"time":0.2,"release":true,"query_string":null}]}]}
06-05 12:38:14.978 I/System.out(15942): }
06-05 12:38:14.980 V/PhoneStatusBar( 1792): setLightsOn(true)
06-05 12:38:14.983 W/ResourceType(15942): No package identifier when getting name for resource number 0x00000001
06-05 12:38:14.998 V/PhoneStatusBar( 1792): setLightsOn(true)
06-05 12:38:15.000 V/PhoneStatusBar( 1792): setLightsOn(true)
06-05 12:38:15.015 V/PhoneStatusBar( 1792): setLightsOn(true)
06-05 12:38:15.098 D/gralloc_ranchu( 1352): gralloc_alloc: Creating ashmem region of size 929792
06-05 12:38:15.213 V/PhoneStatusBar( 1792): setLightsOn(true)
06-05 12:38:15.214 I/ActivityManager( 1659): START u0 {cmp=com.evancharlton.mileage/.VehicleTypeActivity} from uid 10082 on display 0
06-05 12:38:15.216 V/PhoneStatusBar( 1792): setLightsOn(true)
06-05 12:38:15.216 V/PhoneStatusBar( 1792): setLightsOn(true)
06-05 12:38:15.221 I/WindowManager( 1659): Destroying surface Surface(name=AtchDlg:com.evancharlton.mileage/com.evancharlton.mileage.VehicleTypeListActivity) called by com.android.server.wm.WindowStateAnimator.destroySurface:2016 com.android.server.wm.WindowStateAnimator.destroySurfaceLocked:882 com.android.server.wm.WindowState.removeLocked:1456 com.android.server.wm.WindowManagerService.removeWindowInnerLocked:2484 com.android.server.wm.WindowManagerService.removeWindowLocked:2442 com.android.server.wm.WindowManagerService.removeWindowLocked:2311 com.android.server.wm.WindowManagerService.removeWindow:2306 com.android.server.wm.Session.remove:202 
06-05 12:38:15.225 I/System.out(15942): URI: //map
06-05 12:38:15.225 I/System.out(15942): params: {json={"query":"android.widget.EditText index:0","operation":{"method_name":"query","arguments":[]}}
06-05 12:38:15.225 I/System.out(15942): }
06-05 12:38:15.229 I/WindowManager( 1659): Destroying surface Surface(name=com.evancharlton.mileage/com.evancharlton.mileage.Mileage) called by com.android.server.wm.WindowStateAnimator.destroySurface:2016 com.android.server.wm.WindowStateAnimator.destroySurfaceLocked:882 com.android.server.wm.WindowState.destroyOrSaveSurface:2100 com.android.server.wm.WindowManagerService.tryStartExitingAnimation:3024 com.android.server.wm.WindowManagerService.relayoutWindow:2904 com.android.server.wm.Session.relayout:224 android.view.IWindowSession$Stub.onTransact:286 com.android.server.wm.Session.onTransact:145 
06-05 12:38:15.231 I/calabash(15942): newActivity1
06-05 12:38:15.263 V/PhoneStatusBar( 1792): setLightsOn(true)
06-05 12:38:15.265 D/gralloc_ranchu( 1352): gralloc_alloc: Creating ashmem region of size 9023488
06-05 12:38:15.279 V/PhoneStatusBar( 1792): setLightsOn(true)
06-05 12:38:15.287 I/ActivityManager( 1659): Displayed com.evancharlton.mileage/.VehicleTypeActivity: +69ms
06-05 12:38:15.287 W/InputMethodService( 1755): Window size has been changed. This may cause jankiness of resizing window: -1 -> -2
06-05 12:38:15.292 I/LatinIME( 1755): Starting input. Cursor position = 0,0
06-05 12:38:15.296 D/gralloc_ranchu( 1352): gralloc_alloc: Creating ashmem region of size 9023488
06-05 12:38:15.296 V/PhoneStatusBar( 1792): setLightsOn(true)
06-05 12:38:15.313 V/PhoneStatusBar( 1792): setLightsOn(true)
06-05 12:38:15.347 V/PhoneStatusBar( 1792): setLightsOn(true)
06-05 12:38:15.381 V/PhoneStatusBar( 1792): setLightsOn(true)
06-05 12:38:15.404 D/EGL_emulation( 1792): eglMakeCurrent: 0x992abea0: ver 2 0 (tinfo 0xa5a6f110)
06-05 12:38:15.413 D/EGL_emulation( 1792): eglMakeCurrent: 0x992abea0: ver 2 0 (tinfo 0xa5a6f110)
06-05 12:38:15.414 V/PhoneStatusBar( 1792): setLightsOn(true)
06-05 12:38:15.415 D/EGL_emulation( 1755): eglMakeCurrent: 0xb4f05720: ver 2 0 (tinfo 0xb4f03480)
06-05 12:38:15.429 V/PhoneStatusBar( 1792): setLightsOn(true)
06-05 12:38:15.446 V/PhoneStatusBar( 1792): setLightsOn(true)
06-05 12:38:15.532 V/PhoneStatusBar( 1792): setLightsOn(true)
06-05 12:38:15.544 I/System.out(15942): URI: //map
06-05 12:38:15.544 I/System.out(15942): params: {json={"query":"android.widget.EditText index:0","operation":{"method_name":"query","arguments":[]}}
06-05 12:38:15.544 I/System.out(15942): }
06-05 12:38:15.579 I/System.out(15942): URI: //gesture
06-05 12:38:15.579 I/System.out(15942): params: {json={"query_timeout":5.0,"gestures":[{"query_string":"android.widget.EditText index:0","touches":[{"x":50,"y":50,"offset_x":0,"offset_y":0,"wait":0.0,"time":0.2,"release":true,"query_string":null}]}]}
06-05 12:38:15.579 I/System.out(15942): }
06-05 12:38:15.648 V/PhoneStatusBar( 1792): setLightsOn(true)
06-05 12:38:15.649 V/PhoneStatusBar( 1792): setLightsOn(true)
06-05 12:38:15.664 V/PhoneStatusBar( 1792): setLightsOn(true)
06-05 12:38:15.666 I/WindowManager( 1659): Destroying surface Surface(name=com.evancharlton.mileage/com.evancharlton.mileage.VehicleTypeListActivity) called by com.android.server.wm.WindowStateAnimator.destroySurface:2016 com.android.server.wm.WindowStateAnimator.destroySurfaceLocked:882 com.android.server.wm.WindowState.destroyOrSaveSurface:2100 com.android.server.wm.WindowManagerService.tryStartExitingAnimation:3024 com.android.server.wm.WindowManagerService.relayoutWindow:2904 com.android.server.wm.Session.relayout:224 android.view.IWindowSession$Stub.onTransact:286 com.android.server.wm.Session.onTransact:145 
06-05 12:38:15.667 V/PhoneStatusBar( 1792): setLightsOn(true)
06-05 12:38:16.378 I/System.out(15942): URI: //
06-05 12:38:16.378 I/System.out(15942): params: {json={"command":"set_selection","arguments":[-1,-1]}
06-05 12:38:16.378 I/System.out(15942): }
06-05 12:38:16.378 I/System.out(15942): header: {content-type=application/json;charset=utf-8, date=Fri, 05 Jun 2020 17:38:17 GMT, accept=*/*, host=127.0.0.1:34782, content-length=47, user-agent=HTTPClient/1.0 (2.8.3, ruby 2.5.1 (2018-03-29))}
06-05 12:38:16.378 I/System.out(15942): params: {json={"command":"set_selection","arguments":[-1,-1]}
06-05 12:38:16.378 I/System.out(15942): }
06-05 12:38:16.378 I/System.out(15942): ProP json = {"command":"set_selection","arguments":[-1,-1]}
06-05 12:38:16.378 I/System.out(15942): files: {}
06-05 12:38:16.378 I/System.out(15942): command: {"command":"set_selection","arguments":[-1,-1]}
06-05 12:38:16.381 I/InstrumentationBackend(15942): Got command:'Command:'Line:null,set_selection', arguments:'[-1, -1]'
06-05 12:38:16.393 I/System.out(15942): result:{"bonusInformation":[],"message":"","success":true}
06-05 12:38:16.444 I/System.out(15942): URI: //
06-05 12:38:16.444 I/System.out(15942): params: {json={"command":"keyboard_enter_text","arguments":["Sedan"]}
06-05 12:38:16.444 I/System.out(15942): }
06-05 12:38:16.444 I/System.out(15942): header: {content-type=application/json;charset=utf-8, date=Fri, 05 Jun 2020 17:38:17 GMT, accept=*/*, host=127.0.0.1:34782, content-length=55, user-agent=HTTPClient/1.0 (2.8.3, ruby 2.5.1 (2018-03-29))}
06-05 12:38:16.444 I/System.out(15942): params: {json={"command":"keyboard_enter_text","arguments":["Sedan"]}
06-05 12:38:16.444 I/System.out(15942): }
06-05 12:38:16.444 I/System.out(15942): ProP json = {"command":"keyboard_enter_text","arguments":["Sedan"]}
06-05 12:38:16.444 I/System.out(15942): files: {}
06-05 12:38:16.444 I/System.out(15942): command: {"command":"keyboard_enter_text","arguments":["Sedan"]}
06-05 12:38:16.448 I/InstrumentationBackend(15942): Got command:'Command:'Line:null,keyboard_enter_text', arguments:'[Sedan]'
06-05 12:38:16.527 E/SpannableStringBuilder(15942): SPAN_EXCLUSIVE_EXCLUSIVE spans cannot have a zero length
06-05 12:38:16.527 E/SpannableStringBuilder(15942): SPAN_EXCLUSIVE_EXCLUSIVE spans cannot have a zero length
06-05 12:38:16.537 E/SpannableStringBuilder(15942): SPAN_EXCLUSIVE_EXCLUSIVE spans cannot have a zero length
06-05 12:38:16.537 E/SpannableStringBuilder(15942): SPAN_EXCLUSIVE_EXCLUSIVE spans cannot have a zero length
06-05 12:38:16.548 I/System.out(15942): result:{"bonusInformation":[],"message":"","success":true}
06-05 12:38:16.548 I/art     (15942): Do partial code cache collection, code=58KB, data=61KB
06-05 12:38:16.550 I/art     (15942): After code cache collection, code=58KB, data=61KB
06-05 12:38:16.550 I/art     (15942): Increasing code cache capacity to 256KB
06-05 12:38:16.557 I/System.out(15942): URI: //map
06-05 12:38:16.557 I/System.out(15942): params: {json={"query":"android.widget.EditText index:1","operation":{"method_name":"query","arguments":[]}}
06-05 12:38:16.557 I/System.out(15942): }
06-05 12:38:16.614 I/System.out(15942): URI: //gesture
06-05 12:38:16.614 I/System.out(15942): params: {json={"query_timeout":5.0,"gestures":[{"query_string":"android.widget.EditText index:1","touches":[{"x":50,"y":50,"offset_x":0,"offset_y":0,"wait":0.0,"time":0.2,"release":true,"query_string":null}]}]}
06-05 12:38:16.614 I/System.out(15942): }
06-05 12:38:16.703 D/gralloc_ranchu( 1352): gralloc_alloc: Creating ashmem region of size 9023488
06-05 12:38:16.923 I/LatinIME( 1755): Starting input. Cursor position = 0,0
06-05 12:38:16.952 W/IInputConnectionWrapper(15942): finishComposingText on inactive InputConnection
06-05 12:38:16.952 W/IInputConnectionWrapper(15942): finishComposingText on inactive InputConnection
06-05 12:38:17.435 I/System.out(15942): URI: //
06-05 12:38:17.435 I/System.out(15942): params: {json={"command":"set_selection","arguments":[-1,-1]}
06-05 12:38:17.435 I/System.out(15942): }
06-05 12:38:17.436 I/System.out(15942): header: {content-type=application/json;charset=utf-8, date=Fri, 05 Jun 2020 17:38:18 GMT, accept=*/*, host=127.0.0.1:34782, content-length=47, user-agent=HTTPClient/1.0 (2.8.3, ruby 2.5.1 (2018-03-29))}
06-05 12:38:17.436 I/System.out(15942): params: {json={"command":"set_selection","arguments":[-1,-1]}
06-05 12:38:17.436 I/System.out(15942): }
06-05 12:38:17.436 I/System.out(15942): ProP json = {"command":"set_selection","arguments":[-1,-1]}
06-05 12:38:17.436 I/System.out(15942): files: {}
06-05 12:38:17.436 I/System.out(15942): command: {"command":"set_selection","arguments":[-1,-1]}
06-05 12:38:17.439 I/InstrumentationBackend(15942): Got command:'Command:'Line:null,set_selection', arguments:'[-1, -1]'
06-05 12:38:17.478 I/System.out(15942): result:{"bonusInformation":[],"message":"","success":true}
