--------- beginning of main
06-05 19:58:55.710 V/PhoneStatusBar( 1711): setLightsOn(true)
06-05 19:58:55.710 V/PhoneStatusBar( 1711): setLightsOn(true)
--------- beginning of system
06-05 19:58:55.711 W/ActivityManager( 1629): Finishing task with all activities already finished
06-05 19:58:55.711 W/ActivityManager( 1629): Duplicate finish request for ActivityRecord{464507 u0 com.evancharlton.mileage/.Mileage t4438 f}
06-05 19:58:55.711 W/ActivityManager( 1629): Finishing task with all activities already finished
06-05 19:58:55.711 W/ActivityManager( 1629): Duplicate finish request for ActivityRecord{464507 u0 com.evancharlton.mileage/.Mileage t4438 f}
06-05 19:58:55.719 D/gralloc_ranchu( 1348): gralloc_alloc: Creating ashmem region of size 3145728
06-05 19:58:55.723 E/EGL_emulation( 1348): tid 1348: eglCreateSyncKHR(1901): error 0x3004 (EGL_BAD_ATTRIBUTE)
06-05 19:58:55.732 W/ActivityManager( 1629): Finishing task with all activities already finished
06-05 19:58:55.732 W/ActivityManager( 1629): Duplicate finish request for ActivityRecord{464507 u0 com.evancharlton.mileage/.Mileage t4438 f}
06-05 19:58:55.732 W/ActivityManager( 1629): Finishing task with all activities already finished
06-05 19:58:55.732 W/ActivityManager( 1629): Duplicate finish request for ActivityRecord{464507 u0 com.evancharlton.mileage/.Mileage t4438 f}
06-05 19:58:55.732 W/ActivityManager( 1629): Finishing task with all activities already finished
06-05 19:58:55.732 W/ActivityManager( 1629): Duplicate finish request for ActivityRecord{464507 u0 com.evancharlton.mileage/.Mileage t4438 f}
06-05 19:58:55.769 D/EGL_emulation( 2147): eglMakeCurrent: 0xa3805360: ver 2 0 (tinfo 0xa3803630)
06-05 19:58:55.770 D/EGL_emulation( 1711): eglMakeCurrent: 0x9f1709c0: ver 2 0 (tinfo 0xa0e61d00)
06-05 19:58:55.785 D/EGL_emulation( 1711): eglMakeCurrent: 0x9f1709c0: ver 2 0 (tinfo 0xa0e61d00)
06-05 19:58:55.802 D/EGL_emulation( 1711): eglMakeCurrent: 0x9f1709c0: ver 2 0 (tinfo 0xa0e61d00)
06-05 19:58:55.818 D/EGL_emulation( 1711): eglMakeCurrent: 0x9f1709c0: ver 2 0 (tinfo 0xa0e61d00)
06-05 19:58:55.821 D/EGL_emulation( 1711): eglMakeCurrent: 0x9f1709c0: ver 2 0 (tinfo 0xa0e61d00)
06-05 19:58:55.832 D/AndroidRuntime(19309): >>>>>> START com.android.internal.os.RuntimeInit uid 2000 <<<<<<
06-05 19:58:55.833 D/AndroidRuntime(19309): CheckJNI is ON
06-05 19:58:55.835 D/EGL_emulation( 1711): eglMakeCurrent: 0x9f1709c0: ver 2 0 (tinfo 0xa0e61d00)
06-05 19:58:55.837 D/EGL_emulation( 1711): eglMakeCurrent: 0x9f1709c0: ver 2 0 (tinfo 0xa0e61d00)
06-05 19:58:55.844 W/art     (19309): Unexpected CPU variant for X86 using defaults: x86
06-05 19:58:55.846 D/ICU     (19309): No timezone override file found: /data/misc/zoneinfo/current/icu/icu_tzdata.dat
06-05 19:58:55.851 D/EGL_emulation( 1711): eglMakeCurrent: 0x9f1709c0: ver 2 0 (tinfo 0xa0e61d00)
06-05 19:58:55.852 D/EGL_emulation( 1711): eglMakeCurrent: 0x9f1709c0: ver 2 0 (tinfo 0xa0e61d00)
06-05 19:58:55.853 E/memtrack(19309): Couldn't load memtrack module (No such file or directory)
06-05 19:58:55.853 E/android.os.Debug(19309): failed to load memtrack module: -2
06-05 19:58:55.853 I/Radio-JNI(19309): register_android_hardware_Radio DONE
06-05 19:58:55.857 D/AndroidRuntime(19309): Calling main entry com.android.commands.am.Am
06-05 19:58:55.858 I/ActivityManager( 1629): Force stopping com.evancharlton.mileage appid=10196 user=0: start instr
06-05 19:58:55.858 I/ActivityManager( 1629): Killing 19262:com.evancharlton.mileage/u0a196 (adj 0): stop com.evancharlton.mileage
06-05 19:58:55.858 D/ActivityManager( 1629): cleanUpApplicationRecord -- 19262
06-05 19:58:55.858 W/ActivityManager( 1629): Crash of app com.evancharlton.mileage running instrumentation ComponentInfo{com.evancharlton.mileage.test/sh.calaba.instrumentationbackend.CalabashInstrumentationTestRunner}
06-05 19:58:55.858 I/ActivityManager( 1629): Force stopping com.evancharlton.mileage appid=10196 user=0: finished inst
06-05 19:58:55.860 W/InputDispatcher( 1629): channel 'ced9b82 com.evancharlton.mileage/com.evancharlton.mileage.Mileage (server)' ~ Consumer closed input channel or an error occurred.  events=0x9
06-05 19:58:55.860 E/InputDispatcher( 1629): channel 'ced9b82 com.evancharlton.mileage/com.evancharlton.mileage.Mileage (server)' ~ Channel is unrecoverably broken and will be disposed!
06-05 19:58:55.860 I/WindowManager( 1629): WIN DEATH: Window{ced9b82 u0 com.evancharlton.mileage/com.evancharlton.mileage.Mileage EXITING}
06-05 19:58:55.860 W/InputDispatcher( 1629): Attempted to unregister already unregistered input channel 'ced9b82 com.evancharlton.mileage/com.evancharlton.mileage.Mileage (server)'
06-05 19:58:55.861 I/art     (19320): Not late-enabling -Xcheck:jni (already on)
06-05 19:58:55.861 W/art     (19320): Unexpected CPU variant for X86 using defaults: x86
06-05 19:58:55.869 I/ActivityManager( 1629): Start proc 19320:com.evancharlton.mileage/u0a196 for added application com.evancharlton.mileage
06-05 19:58:55.869 D/AndroidRuntime(19309): Shutting down VM
06-05 19:58:55.871 D/EGL_emulation( 1711): eglMakeCurrent: 0x9f1709c0: ver 2 0 (tinfo 0xa0e61d00)
06-05 19:58:55.875 W/System  (19320): ClassLoader referenced unknown path: /data/app/com.evancharlton.mileage.test-1/lib/x86
06-05 19:58:55.875 W/System  (19320): ClassLoader referenced unknown path: /data/app/com.evancharlton.mileage-1/lib/x86
06-05 19:58:55.877 D/EGL_emulation( 1711): eglMakeCurrent: 0x9f1709c0: ver 2 0 (tinfo 0xa0e61d00)
06-05 19:58:55.877 W/System  (19320): ClassLoader referenced unknown path: 
06-05 19:58:55.883 I/System.out(19320): Main activity name automatically set to: com.evancharlton.mileage.Mileage
06-05 19:58:55.883 I/System.out(19320): Calabash did not load Mono. This is only a problem if you are trying to test a Mono application
06-05 19:58:55.883 I/calabash(19320): Test server port: 7102
06-05 19:58:55.883 I/InstrumentationBackend(19320): Added:'GetPreferences', with key:'get_preferences'
06-05 19:58:55.884 D/EGL_emulation( 1711): eglMakeCurrent: 0x9f1709c0: ver 2 0 (tinfo 0xa0e61d00)
06-05 19:58:55.887 I/InstrumentationBackend(19320): Added:'SetPreferences', with key:'set_preferences'
06-05 19:58:55.888 I/InstrumentationBackend(19320): Added:'ClearPreferences', with key:'clear_preferences'
06-05 19:58:55.888 D/EGL_emulation( 1711): eglMakeCurrent: 0x9f1709c0: ver 2 0 (tinfo 0xa0e61d00)
06-05 19:58:55.888 I/InstrumentationBackend(19320): Added:'PressElement', with key:'press_l10n_element'
06-05 19:58:55.888 I/InstrumentationBackend(19320): Added:'WaitForElement', with key:'wait_for_l10n_element'
06-05 19:58:55.888 I/InstrumentationBackend(19320): Added:'NullAction', with key:'nullAction'
06-05 19:58:55.888 I/InstrumentationBackend(19320): Added:'PressKey', with key:'press_key'
06-05 19:58:55.888 I/InstrumentationBackend(19320): Added:'SetActivityOrientation', with key:'set_activity_orientation'
06-05 19:58:55.888 I/InstrumentationBackend(19320): Added:'GetActivityOrientation', with key:'get_activity_orientation'
06-05 19:58:55.888 I/InstrumentationBackend(19320): Added:'FakeGPSLocation', with key:'set_gps_coordinates'
06-05 19:58:55.888 I/InstrumentationBackend(19320): Added:'SetPropertyByCssSelector', with key:'set_property_by_css_selector'
06-05 19:58:55.888 I/InstrumentationBackend(19320): Added:'GetUrl', with key:'get_url'
06-05 19:58:55.888 I/InstrumentationBackend(19320): Added:'ScrollTo', with key:'scroll_to'
06-05 19:58:55.888 I/InstrumentationBackend(19320): Added:'GetLoadProgress', with key:'get_load_progress'
06-05 19:58:55.888 I/InstrumentationBackend(19320): Added:'DumpHtml', with key:'dump_html'
06-05 19:58:55.888 I/InstrumentationBackend(19320): Added:'DumpBodyHtml', with key:'dump_body_html'
06-05 19:58:55.888 I/InstrumentationBackend(19320): Added:'EnterTextByCssSelector', with key:'enter_text_by_selector'
06-05 19:58:55.889 I/InstrumentationBackend(19320): Added:'AndroidSDKVersion', with key:'android_sdk_version'
06-05 19:58:55.889 I/InstrumentationBackend(19320): Added:'Version', with key:'version'
06-05 19:58:55.889 I/InstrumentationBackend(19320): Added:'Drag', with key:'drag'
06-05 19:58:55.889 I/InstrumentationBackend(19320): Added:'TouchCoordinates', with key:'touch_coordinate'
06-05 19:58:55.889 I/InstrumentationBackend(19320): Added:'LongPressCoordinate', with key:'long_press_coordinate'
06-05 19:58:55.889 I/InstrumentationBackend(19320): Added:'DragCoordinates', with key:'drag_coordinates'
06-05 19:58:55.889 I/InstrumentationBackend(19320): Added:'ResumeApplication', with key:'resume_application'
06-05 19:58:55.889 I/InstrumentationBackend(19320): Added:'Swipe', with key:'swipe'
06-05 19:58:55.889 I/InstrumentationBackend(19320): Added:'DoubleTapCoordinate', with key:'double_tap_coordinate'
06-05 19:58:55.889 I/InstrumentationBackend(19320): Added:'ClickOnScreen', with key:'click_on_screen'
06-05 19:58:55.889 I/InstrumentationBackend(19320): Added:'GetActivityName', with key:'get_activity_name'
06-05 19:58:55.889 I/InstrumentationBackend(19320): Added:'ScrollToView', with key:'scroll_to_view'
06-05 19:58:55.889 I/InstrumentationBackend(19320): Added:'ViewConfiguration', with key:'view_configuration'
06-05 19:58:55.889 I/InstrumentationBackend(19320): Added:'IsCurrentActivityFocused', with key:'is_current_activity_focused'
06-05 19:58:55.889 I/InstrumentationBackend(19320): Added:'SendTcp', with key:'send_tcp'
06-05 19:58:55.889 I/InstrumentationBackend(19320): Added:'DpToDevicePixel', with key:'dp_to_device_pixel'
06-05 19:58:55.889 I/InstrumentationBackend(19320): Added:'KeyboardEnterText', with key:'keyboard_enter_text'
06-05 19:58:55.889 I/InstrumentationBackend(19320): Added:'DeleteSurroundingText', with key:'delete_surrounding_text'
06-05 19:58:55.889 I/InstrumentationBackend(19320): Added:'SetComposingRegion', with key:'set_composing_region'
06-05 19:58:55.889 I/InstrumentationBackend(19320): Added:'SetSelection', with key:'set_selection'
06-05 19:58:55.889 I/InstrumentationBackend(19320): Added:'KeyboardKeyEvent', with key:'keyboard_key_event'
06-05 19:58:55.889 I/InstrumentationBackend(19320): Added:'PressUserActionButton', with key:'press_user_action_button'
06-05 19:58:55.889 I/InstrumentationBackend(19320): Added:'HideSoftKeyboard', with key:'hide_soft_keyboard'
06-05 19:58:55.889 I/InstrumentationBackend(19320): Added:'ListActions', with key:'list_actions'
06-05 19:58:55.889 I/calabash(19320): Instantiating http server at 7102
06-05 19:58:55.890 I/System.out(19320): HTTP Daemon listening on: 7102
06-05 19:58:55.903 D/EGL_emulation( 1711): eglMakeCurrent: 0x9f1709c0: ver 2 0 (tinfo 0xa0e61d00)
06-05 19:58:55.908 D/EGL_emulation( 1711): eglMakeCurrent: 0x9f1709c0: ver 2 0 (tinfo 0xa0e61d00)
06-05 19:58:55.919 D/EGL_emulation( 1711): eglMakeCurrent: 0x9f1709c0: ver 2 0 (tinfo 0xa0e61d00)
06-05 19:58:55.924 D/EGL_emulation( 1711): eglMakeCurrent: 0x9f1709c0: ver 2 0 (tinfo 0xa0e61d00)
06-05 19:58:55.936 D/EGL_emulation( 1711): eglMakeCurrent: 0x9f1709c0: ver 2 0 (tinfo 0xa0e61d00)
06-05 19:58:55.941 D/EGL_emulation( 1711): eglMakeCurrent: 0x9f1709c0: ver 2 0 (tinfo 0xa0e61d00)
06-05 19:58:55.952 D/EGL_emulation( 1711): eglMakeCurrent: 0x9f1709c0: ver 2 0 (tinfo 0xa0e61d00)
06-05 19:58:55.956 D/EGL_emulation( 1711): eglMakeCurrent: 0x9f1709c0: ver 2 0 (tinfo 0xa0e61d00)
06-05 19:58:55.970 D/EGL_emulation( 1711): eglMakeCurrent: 0x9f1709c0: ver 2 0 (tinfo 0xa0e61d00)
06-05 19:58:55.981 I/System.out(19320): URI: //ping
06-05 19:58:55.981 I/System.out(19320): params: {json={}
06-05 19:58:55.981 I/System.out(19320): }
06-05 19:58:55.985 D/EGL_emulation( 1711): eglMakeCurrent: 0x9f1709c0: ver 2 0 (tinfo 0xa0e61d00)
06-05 19:58:55.986 I/System.out(19320): URI: //ping
06-05 19:58:55.986 I/System.out(19320): params: {json={}
06-05 19:58:55.986 I/System.out(19320): }
06-05 19:58:55.989 D/EGL_emulation( 1711): eglMakeCurrent: 0x9f1709c0: ver 2 0 (tinfo 0xa0e61d00)
06-05 19:58:55.989 I/System.out(19320): URI: //ready
06-05 19:58:55.989 I/System.out(19320): params: {json={}
06-05 19:58:55.989 I/System.out(19320): }
06-05 19:58:55.994 I/System.out(19320): URI: //
06-05 19:58:55.994 I/System.out(19320): params: {json={"command":"version","arguments":[]}
06-05 19:58:55.994 I/System.out(19320): }
06-05 19:58:55.994 I/System.out(19320): header: {content-type=application/json;charset=utf-8, date=Sat, 06 Jun 2020 00:58:56 GMT, accept=*/*, host=127.0.0.1:34783, content-length=36, user-agent=HTTPClient/1.0 (2.8.3, ruby 2.5.1 (2018-03-29))}
06-05 19:58:55.994 I/System.out(19320): params: {json={"command":"version","arguments":[]}
06-05 19:58:55.994 I/System.out(19320): }
06-05 19:58:55.994 I/System.out(19320): ProP json = {"command":"version","arguments":[]}
06-05 19:58:55.995 I/System.out(19320): files: {}
06-05 19:58:55.995 I/System.out(19320): command: {"command":"version","arguments":[]}
06-05 19:58:56.002 D/EGL_emulation( 1711): eglMakeCurrent: 0x9f1709c0: ver 2 0 (tinfo 0xa0e61d00)
06-05 19:58:56.003 I/InstrumentationBackend(19320): Got command:'Command:'Line:null,version', arguments:'[]'
06-05 19:58:56.004 D/EGL_emulation( 1711): eglMakeCurrent: 0x9f1709c0: ver 2 0 (tinfo 0xa0e61d00)
06-05 19:58:56.013 I/System.out(19320): result:{"bonusInformation":[],"message":"0.9.8","success":true}
06-05 19:58:56.015 I/System.out(19320): URI: //start-application
06-05 19:58:56.015 I/System.out(19320): params: {json={"intent":null}
06-05 19:58:56.015 I/System.out(19320): }
06-05 19:58:56.025 I/ActivityManager( 1629): START u0 {act=android.intent.action.MAIN cat=[android.intent.category.LAUNCHER] flg=0x10200000 cmp=com.evancharlton.mileage/.Mileage} from uid 10196 on display 0
06-05 19:58:56.030 I/calabash(19320): newActivity1
06-05 19:58:56.038 I/calabash(19320): newActivity1
06-05 19:58:56.039 W/ActivityManager( 1629): Bad activity token: android.os.BinderProxy@f6902e2
06-05 19:58:56.039 W/ActivityManager( 1629): java.lang.ClassCastException: android.os.BinderProxy cannot be cast to com.android.server.am.ActivityRecord$Token
06-05 19:58:56.039 W/ActivityManager( 1629): 	at com.android.server.am.ActivityRecord.forTokenLocked(ActivityRecord.java:586)
06-05 19:58:56.039 W/ActivityManager( 1629): 	at com.android.server.am.ActivityRecord.isInStackLocked(ActivityRecord.java:1327)
06-05 19:58:56.039 W/ActivityManager( 1629): 	at com.android.server.am.ActivityRecord.getStackLocked(ActivityRecord.java:1332)
06-05 19:58:56.039 W/ActivityManager( 1629): 	at com.android.server.am.ActivityManagerService.getActivityDisplayId(ActivityManagerService.java:9806)
06-05 19:58:56.039 W/ActivityManager( 1629): 	at android.app.ActivityManagerNative.onTransact(ActivityManagerNative.java:2566)
06-05 19:58:56.039 W/ActivityManager( 1629): 	at com.android.server.am.ActivityManagerService.onTransact(ActivityManagerService.java:2757)
06-05 19:58:56.039 W/ActivityManager( 1629): 	at android.os.Binder.execTransact(Binder.java:565)
06-05 19:58:56.039 W/ActivityManager( 1629): Bad activity token: android.os.BinderProxy@f6902e2
06-05 19:58:56.039 W/ActivityManager( 1629): java.lang.ClassCastException: android.os.BinderProxy cannot be cast to com.android.server.am.ActivityRecord$Token
06-05 19:58:56.039 W/ActivityManager( 1629): 	at com.android.server.am.ActivityRecord.forTokenLocked(ActivityRecord.java:586)
06-05 19:58:56.039 W/ActivityManager( 1629): 	at com.android.server.am.ActivityRecord.isInStackLocked(ActivityRecord.java:1327)
06-05 19:58:56.039 W/ActivityManager( 1629): 	at com.android.server.am.ActivityManagerService.setTaskDescription(ActivityManagerService.java:9358)
06-05 19:58:56.039 W/ActivityManager( 1629): 	at android.app.ActivityManagerNative.onTransact(ActivityManagerNative.java:2639)
06-05 19:58:56.039 W/ActivityManager( 1629): 	at com.android.server.am.ActivityManagerService.onTransact(ActivityManagerService.java:2757)
06-05 19:58:56.039 W/ActivityManager( 1629): 	at android.os.Binder.execTransact(Binder.java:565)
06-05 19:58:56.039 W/ActivityManager( 1629): Bad activity token: android.os.BinderProxy@f6902e2
06-05 19:58:56.039 W/ActivityManager( 1629): java.lang.ClassCastException: android.os.BinderProxy cannot be cast to com.android.server.am.ActivityRecord$Token
06-05 19:58:56.039 W/ActivityManager( 1629): 	at com.android.server.am.ActivityRecord.forTokenLocked(ActivityRecord.java:586)
06-05 19:58:56.039 W/ActivityManager( 1629): 	at com.android.server.am.ActivityRecord.isInStackLocked(ActivityRecord.java:1327)
06-05 19:58:56.039 W/ActivityManager( 1629): 	at com.android.server.am.ActivityRecord.getStackLocked(ActivityRecord.java:1332)
06-05 19:58:56.039 W/ActivityManager( 1629): 	at com.android.server.am.ActivityManagerService.getActivityStackId(ActivityManagerService.java:9817)
06-05 19:58:56.039 W/ActivityManager( 1629): 	at android.app.ActivityManagerNative.onTransact(ActivityManagerNative.java:2856)
06-05 19:58:56.039 W/ActivityManager( 1629): 	at com.android.server.am.ActivityManagerService.onTransact(ActivityManagerService.java:2757)
06-05 19:58:56.039 W/ActivityManager( 1629): 	at android.os.Binder.execTransact(Binder.java:565)
06-05 19:58:56.051 D/gralloc_ranchu( 1348): gralloc_alloc: Creating ashmem region of size 9023488
06-05 19:58:56.053 W/ActivityManager( 1629): Bad activity token: android.os.BinderProxy@f6902e2
06-05 19:58:56.053 W/ActivityManager( 1629): java.lang.ClassCastException: android.os.BinderProxy cannot be cast to com.android.server.am.ActivityRecord$Token
06-05 19:58:56.053 W/ActivityManager( 1629): 	at com.android.server.am.ActivityRecord.forTokenLocked(ActivityRecord.java:586)
06-05 19:58:56.053 W/ActivityManager( 1629): 	at com.android.server.am.ActivityRecord.isInStackLocked(ActivityRecord.java:1327)
06-05 19:58:56.053 W/ActivityManager( 1629): 	at com.android.server.am.ActivityManagerService.getActivityOptions(ActivityManagerService.java:12559)
06-05 19:58:56.053 W/ActivityManager( 1629): 	at android.app.ActivityManagerNative.onTransact(ActivityManagerNative.java:1933)
06-05 19:58:56.053 W/ActivityManager( 1629): 	at com.android.server.am.ActivityManagerService.onTransact(ActivityManagerService.java:2757)
06-05 19:58:56.053 W/ActivityManager( 1629): 	at android.os.Binder.execTransact(Binder.java:565)
06-05 19:58:56.053 W/ActivityManager( 1629): Bad activity token: android.os.BinderProxy@f6902e2
06-05 19:58:56.053 W/ActivityManager( 1629): java.lang.ClassCastException: android.os.BinderProxy cannot be cast to com.android.server.am.ActivityRecord$Token
06-05 19:58:56.053 W/ActivityManager( 1629): 	at com.android.server.am.ActivityRecord.forTokenLocked(ActivityRecord.java:586)
06-05 19:58:56.053 W/ActivityManager( 1629): 	at com.android.server.am.ActivityRecord.isInStackLocked(ActivityRecord.java:1327)
06-05 19:58:56.053 W/ActivityManager( 1629): 	at com.android.server.am.ActivityManagerService.getActivityOptions(ActivityManagerService.java:12559)
06-05 19:58:56.053 W/ActivityManager( 1629): 	at android.app.ActivityManagerNative.onTransact(ActivityManagerNative.java:1933)
06-05 19:58:56.053 W/ActivityManager( 1629): 	at com.android.server.am.ActivityManagerService.onTransact(ActivityManagerService.java:2757)
06-05 19:58:56.053 W/ActivityManager( 1629): 	at android.os.Binder.execTransact(Binder.java:565)
06-05 19:58:56.073 V/PhoneStatusBar( 1711): setLightsOn(true)
06-05 19:58:56.085 D/EGL_emulation( 1711): eglMakeCurrent: 0x9f1709c0: ver 2 0 (tinfo 0xa0e61d00)
06-05 19:58:56.085 V/PhoneStatusBar( 1711): setLightsOn(true)
06-05 19:58:56.086 V/PhoneStatusBar( 1711): setLightsOn(true)
06-05 19:58:56.087 D/gralloc_ranchu( 1348): gralloc_alloc: Creating ashmem region of size 9023488
06-05 19:58:56.088 V/PhoneStatusBar( 1711): setLightsOn(true)
06-05 19:58:56.091 D/        (19320): HostConnection::get() New Host Connection established 0x91f19040, tid 19320
06-05 19:58:56.119 D/EGL_emulation( 1711): eglMakeCurrent: 0x9f1709c0: ver 2 0 (tinfo 0xa0e61d00)
06-05 19:58:56.119 D/EGL_emulation( 2147): eglMakeCurrent: 0xa3805360: ver 2 0 (tinfo 0xa3803630)
06-05 19:58:56.122 D/EGL_emulation( 1711): eglMakeCurrent: 0x9f1709c0: ver 2 0 (tinfo 0xa0e61d00)
06-05 19:58:56.123 D/EGL_emulation( 1711): eglMakeCurrent: 0x9f1709c0: ver 2 0 (tinfo 0xa0e61d00)
06-05 19:58:56.125 D/EGL_emulation( 1711): eglMakeCurrent: 0x9f1709c0: ver 2 0 (tinfo 0xa0e61d00)
06-05 19:58:56.135 I/ActivityManager( 1629): Displayed com.evancharlton.mileage/.Mileage: +107ms
06-05 19:58:56.135 D/gralloc_ranchu( 1348): gralloc_alloc: Creating ashmem region of size 9023488
06-05 19:58:56.135 D/EGL_emulation( 1711): eglMakeCurrent: 0x9f1709c0: ver 2 0 (tinfo 0xa0e61d00)
06-05 19:58:56.141 D/EGL_emulation( 1711): eglMakeCurrent: 0x9f1709c0: ver 2 0 (tinfo 0xa0e61d00)
06-05 19:58:56.152 D/EGL_emulation( 1711): eglMakeCurrent: 0x9f1709c0: ver 2 0 (tinfo 0xa0e61d00)
06-05 19:58:56.160 D/EGL_emulation( 1711): eglMakeCurrent: 0x9f1709c0: ver 2 0 (tinfo 0xa0e61d00)
06-05 19:58:56.160 V/PhoneStatusBar( 1711): setLightsOn(true)
06-05 19:58:56.171 D/EGL_emulation( 1711): eglMakeCurrent: 0x9f1709c0: ver 2 0 (tinfo 0xa0e61d00)
06-05 19:58:56.173 D/EGL_emulation( 1711): eglMakeCurrent: 0x9f1709c0: ver 2 0 (tinfo 0xa0e61d00)
06-05 19:58:56.178 I/System.out(19320): URI: //map
06-05 19:58:56.178 I/System.out(19320): params: {json={"query":"* marked:'Statistics'","operation":{"method_name":"query","arguments":[]}}
06-05 19:58:56.178 I/System.out(19320): }
06-05 19:58:56.185 D/EGL_emulation( 1711): eglMakeCurrent: 0x9f1709c0: ver 2 0 (tinfo 0xa0e61d00)
06-05 19:58:56.187 D/EGL_emulation( 1711): eglMakeCurrent: 0x9f1709c0: ver 2 0 (tinfo 0xa0e61d00)
06-05 19:58:56.191 W/ResourceType(19320): No package identifier when getting name for resource number 0x00000001
06-05 19:58:56.201 I/WindowManager( 1629): Destroying surface Surface(name=com.evancharlton.mileage/com.evancharlton.mileage.Mileage) called by com.android.server.wm.WindowStateAnimator.destroySurface:2016 com.android.server.wm.WindowStateAnimator.destroySurfaceLocked:882 com.android.server.wm.WindowState.removeLocked:1456 com.android.server.wm.WindowManagerService.removeWindowInnerLocked:2484 com.android.server.wm.AppWindowToken.destroySurfaces:365 com.android.server.wm.WindowStateAnimator.finishExit:565 com.android.server.wm.AppWindowAnimator.stepAnimationLocked:427 com.android.server.wm.WindowAnimator.updateAppWindowsLocked:196 
06-05 19:58:56.201 D/EGL_emulation( 1711): eglMakeCurrent: 0x9f1709c0: ver 2 0 (tinfo 0xa0e61d00)
06-05 19:58:56.203 D/EGL_emulation( 1711): eglMakeCurrent: 0x9f1709c0: ver 2 0 (tinfo 0xa0e61d00)
06-05 19:58:56.205 I/System.out(19320): URI: //gesture
06-05 19:58:56.205 I/System.out(19320): params: {json={"query_timeout":5.0,"gestures":[{"query_string":"* marked:'Statistics'","touches":[{"x":50,"y":50,"offset_x":0,"offset_y":0,"wait":0.0,"time":0.2,"release":true,"query_string":null}]}]}
06-05 19:58:56.205 I/System.out(19320): }
06-05 19:58:56.210 W/ResourceType(19320): No package identifier when getting name for resource number 0x00000001
06-05 19:58:56.225 D/EGL_emulation( 1711): eglMakeCurrent: 0x9f1709c0: ver 2 0 (tinfo 0xa0e61d00)
06-05 19:58:56.227 D/EGL_emulation( 1711): eglMakeCurrent: 0x9f1709c0: ver 2 0 (tinfo 0xa0e61d00)
06-05 19:58:56.227 V/PhoneStatusBar( 1711): setLightsOn(true)
06-05 19:58:56.236 D/EGL_emulation( 1711): eglMakeCurrent: 0x9f1709c0: ver 2 0 (tinfo 0xa0e61d00)
06-05 19:58:56.240 D/EGL_emulation( 1711): eglMakeCurrent: 0x9f1709c0: ver 2 0 (tinfo 0xa0e61d00)
06-05 19:58:56.252 D/EGL_emulation( 1711): eglMakeCurrent: 0x9f1709c0: ver 2 0 (tinfo 0xa0e61d00)
06-05 19:58:56.253 D/EGL_emulation( 1711): eglMakeCurrent: 0x9f1709c0: ver 2 0 (tinfo 0xa0e61d00)
06-05 19:58:56.268 D/EGL_emulation( 1711): eglMakeCurrent: 0x9f1709c0: ver 2 0 (tinfo 0xa0e61d00)
06-05 19:58:56.274 D/EGL_emulation( 1711): eglMakeCurrent: 0x9f1709c0: ver 2 0 (tinfo 0xa0e61d00)
06-05 19:58:56.285 D/EGL_emulation( 1711): eglMakeCurrent: 0x9f1709c0: ver 2 0 (tinfo 0xa0e61d00)
06-05 19:58:56.289 D/EGL_emulation( 1711): eglMakeCurrent: 0x9f1709c0: ver 2 0 (tinfo 0xa0e61d00)
06-05 19:58:56.304 D/EGL_emulation( 1711): eglMakeCurrent: 0x9f1709c0: ver 2 0 (tinfo 0xa0e61d00)
06-05 19:58:56.311 D/EGL_emulation( 1711): eglMakeCurrent: 0x9f1709c0: ver 2 0 (tinfo 0xa0e61d00)
06-05 19:58:56.320 D/EGL_emulation( 1711): eglMakeCurrent: 0x9f1709c0: ver 2 0 (tinfo 0xa0e61d00)
06-05 19:58:56.335 I/WindowManager( 1629): Destroying surface Surface(name=Starting com.evancharlton.mileage) called by com.android.server.wm.WindowStateAnimator.destroySurface:2016 com.android.server.wm.WindowStateAnimator.destroySurfaceLocked:882 com.android.server.wm.WindowState.destroyOrSaveSurface:2100 com.android.server.wm.AppWindowToken.destroySurfaces:363 com.android.server.wm.WindowStateAnimator.finishExit:565 com.android.server.wm.WindowStateAnimator.stepAnimationLocked:491 com.android.server.wm.WindowAnimator.updateWindowsLocked:303 com.android.server.wm.WindowAnimator.animateLocked:704 
06-05 19:58:56.340 V/PhoneStatusBar( 1711): setLightsOn(true)
06-05 19:58:56.343 V/PhoneStatusBar( 1711): setLightsOn(true)
06-05 19:58:56.441 I/calabash(19320): newActivity1
06-05 19:58:56.472 I/System.out(19320): URI: //map
06-05 19:58:56.472 I/System.out(19320): params: {json={"query":"android.widget.ScrollView index:0","operation":{"method_name":"query","arguments":[]}}
06-05 19:58:56.472 I/System.out(19320): }
06-05 19:58:56.477 W/ActivityManager( 1629): Bad activity token: android.os.BinderProxy@c1a4e60
06-05 19:58:56.477 W/ActivityManager( 1629): java.lang.ClassCastException: android.os.BinderProxy cannot be cast to com.android.server.am.ActivityRecord$Token
06-05 19:58:56.477 W/ActivityManager( 1629): 	at com.android.server.am.ActivityRecord.forTokenLocked(ActivityRecord.java:586)
06-05 19:58:56.477 W/ActivityManager( 1629): 	at com.android.server.am.ActivityRecord.isInStackLocked(ActivityRecord.java:1327)
06-05 19:58:56.477 W/ActivityManager( 1629): 	at com.android.server.am.ActivityRecord.getStackLocked(ActivityRecord.java:1332)
06-05 19:58:56.477 W/ActivityManager( 1629): 	at com.android.server.am.ActivityManagerService.getActivityDisplayId(ActivityManagerService.java:9806)
06-05 19:58:56.477 W/ActivityManager( 1629): 	at android.app.ActivityManagerNative.onTransact(ActivityManagerNative.java:2566)
06-05 19:58:56.477 W/ActivityManager( 1629): 	at com.android.server.am.ActivityManagerService.onTransact(ActivityManagerService.java:2757)
06-05 19:58:56.477 W/ActivityManager( 1629): 	at android.os.Binder.execTransact(Binder.java:565)
06-05 19:58:56.478 W/ActivityManager( 1629): Bad activity token: android.os.BinderProxy@c1a4e60
06-05 19:58:56.478 W/ActivityManager( 1629): java.lang.ClassCastException: android.os.BinderProxy cannot be cast to com.android.server.am.ActivityRecord$Token
06-05 19:58:56.478 W/ActivityManager( 1629): 	at com.android.server.am.ActivityRecord.forTokenLocked(ActivityRecord.java:586)
06-05 19:58:56.478 W/ActivityManager( 1629): 	at com.android.server.am.ActivityRecord.isInStackLocked(ActivityRecord.java:1327)
06-05 19:58:56.478 W/ActivityManager( 1629): 	at com.android.server.am.ActivityManagerService.setTaskDescription(ActivityManagerService.java:9358)
06-05 19:58:56.478 W/ActivityManager( 1629): 	at android.app.ActivityManagerNative.onTransact(ActivityManagerNative.java:2639)
06-05 19:58:56.478 W/ActivityManager( 1629): 	at com.android.server.am.ActivityManagerService.onTransact(ActivityManagerService.java:2757)
06-05 19:58:56.478 W/ActivityManager( 1629): 	at android.os.Binder.execTransact(Binder.java:565)
06-05 19:58:56.479 W/ActivityManager( 1629): Bad activity token: android.os.BinderProxy@c1a4e60
06-05 19:58:56.479 W/ActivityManager( 1629): java.lang.ClassCastException: android.os.BinderProxy cannot be cast to com.android.server.am.ActivityRecord$Token
06-05 19:58:56.479 W/ActivityManager( 1629): 	at com.android.server.am.ActivityRecord.forTokenLocked(ActivityRecord.java:586)
06-05 19:58:56.479 W/ActivityManager( 1629): 	at com.android.server.am.ActivityRecord.isInStackLocked(ActivityRecord.java:1327)
06-05 19:58:56.479 W/ActivityManager( 1629): 	at com.android.server.am.ActivityRecord.getStackLocked(ActivityRecord.java:1332)
06-05 19:58:56.479 W/ActivityManager( 1629): 	at com.android.server.am.ActivityManagerService.getActivityStackId(ActivityManagerService.java:9817)
06-05 19:58:56.479 W/ActivityManager( 1629): 	at android.app.ActivityManagerNative.onTransact(ActivityManagerNative.java:2856)
06-05 19:58:56.479 W/ActivityManager( 1629): 	at com.android.server.am.ActivityManagerService.onTransact(ActivityManagerService.java:2757)
06-05 19:58:56.479 W/ActivityManager( 1629): 	at android.os.Binder.execTransact(Binder.java:565)
06-05 19:58:56.485 D/VehicleStatisticsActivity(19320): Checking recalculation ...
06-05 19:58:56.485 D/VehicleStatisticsActivity(19320): Recalculation not necessary.
06-05 19:58:56.486 W/ActivityManager( 1629): Bad activity token: android.os.BinderProxy@c1a4e60
06-05 19:58:56.486 W/ActivityManager( 1629): java.lang.ClassCastException: android.os.BinderProxy cannot be cast to com.android.server.am.ActivityRecord$Token
06-05 19:58:56.486 W/ActivityManager( 1629): 	at com.android.server.am.ActivityRecord.forTokenLocked(ActivityRecord.java:586)
06-05 19:58:56.486 W/ActivityManager( 1629): 	at com.android.server.am.ActivityRecord.isInStackLocked(ActivityRecord.java:1327)
06-05 19:58:56.486 W/ActivityManager( 1629): 	at com.android.server.am.ActivityManagerService.getActivityOptions(ActivityManagerService.java:12559)
06-05 19:58:56.486 W/ActivityManager( 1629): 	at android.app.ActivityManagerNative.onTransact(ActivityManagerNative.java:1933)
06-05 19:58:56.486 W/ActivityManager( 1629): 	at com.android.server.am.ActivityManagerService.onTransact(ActivityManagerService.java:2757)
06-05 19:58:56.486 W/ActivityManager( 1629): 	at android.os.Binder.execTransact(Binder.java:565)
06-05 19:58:56.487 W/ActivityManager( 1629): Bad activity token: android.os.BinderProxy@c1a4e60
06-05 19:58:56.487 W/ActivityManager( 1629): java.lang.ClassCastException: android.os.BinderProxy cannot be cast to com.android.server.am.ActivityRecord$Token
06-05 19:58:56.487 W/ActivityManager( 1629): 	at com.android.server.am.ActivityRecord.forTokenLocked(ActivityRecord.java:586)
06-05 19:58:56.487 W/ActivityManager( 1629): 	at com.android.server.am.ActivityRecord.isInStackLocked(ActivityRecord.java:1327)
06-05 19:58:56.487 W/ActivityManager( 1629): 	at com.android.server.am.ActivityManagerService.getActivityOptions(ActivityManagerService.java:12559)
06-05 19:58:56.487 W/ActivityManager( 1629): 	at android.app.ActivityManagerNative.onTransact(ActivityManagerNative.java:1933)
06-05 19:58:56.487 W/ActivityManager( 1629): 	at com.android.server.am.ActivityManagerService.onTransact(ActivityManagerService.java:2757)
06-05 19:58:56.487 W/ActivityManager( 1629): 	at android.os.Binder.execTransact(Binder.java:565)
06-05 19:58:56.488 D/VehicleStatisticsActivity(19320): Checking recalculation ...
06-05 19:58:56.488 D/VehicleStatisticsActivity(19320): Recalculation not necessary.
06-05 19:58:56.532 I/System.out(19320): URI: //map
06-05 19:58:56.532 I/System.out(19320): params: {json={"query":"android.widget.AbsListView index:0","operation":{"method_name":"query","arguments":[]}}
06-05 19:58:56.532 I/System.out(19320): }
06-05 19:58:56.534 V/PhoneStatusBar( 1711): setLightsOn(true)
06-05 19:58:56.536 I/art     (19320): Do partial code cache collection, code=30KB, data=29KB
06-05 19:58:56.536 I/art     (19320): After code cache collection, code=29KB, data=28KB
06-05 19:58:56.536 I/art     (19320): Increasing code cache capacity to 128KB
06-05 19:58:56.545 I/System.out(19320): URI: //map
06-05 19:58:56.545 I/System.out(19320): params: {json={"query":"android.widget.AbsListView index:0","operation":{"method_name":"query","arguments":[]}}
06-05 19:58:56.545 I/System.out(19320): }
06-05 19:58:56.558 I/System.out(19320): URI: //map
06-05 19:58:56.558 I/System.out(19320): params: {json={"query":"android.widget.AbsListView index:0","operation":{"method_name":"query","arguments":[]}}
06-05 19:58:56.558 I/System.out(19320): }
06-05 19:58:56.570 I/System.out(19320): URI: //map
06-05 19:58:56.570 I/System.out(19320): params: {json={"query":"android.widget.AbsListView index:0","operation":{"method_name":"query","arguments":["getFirstVisiblePosition"]}}
06-05 19:58:56.570 I/System.out(19320): }
06-05 19:58:56.581 I/System.out(19320): URI: //map
06-05 19:58:56.581 I/System.out(19320): params: {json={"query":"android.widget.AbsListView index:0","operation":{"method_name":"query","arguments":["getLastVisiblePosition"]}}
06-05 19:58:56.581 I/System.out(19320): }
06-05 19:58:56.592 I/System.out(19320): URI: //map
06-05 19:58:56.592 I/System.out(19320): params: {json={"query":"android.widget.AbsListView index:0","operation":{"method_name":"query","arguments":[{"method_name":"setSelection","arguments":[26]}]}}
06-05 19:58:56.592 I/System.out(19320): }
06-05 19:58:56.609 I/System.out(19320): URI: //map
06-05 19:58:56.609 I/System.out(19320): params: {json={"query":"* {text CONTAINS[c] 'Smallest fillup'}","operation":{"method_name":"query","arguments":[]}}
06-05 19:58:56.609 I/System.out(19320): }
06-05 19:58:56.660 D/gralloc_ranchu( 1348): gralloc_alloc: Creating ashmem region of size 9023488
06-05 19:58:56.713 I/System.out(19320): URI: //map
06-05 19:58:56.713 I/System.out(19320): params: {json={"query":"* {text CONTAINS[c] 'Largest fillup'}","operation":{"method_name":"query","arguments":[]}}
06-05 19:58:56.713 I/System.out(19320): }
06-05 19:58:56.727 I/System.out(19320): URI: //map
06-05 19:58:56.727 I/System.out(19320): params: {json={"query":"* {text CONTAINS[c] 'Average fillup'}","operation":{"method_name":"query","arguments":[]}}
06-05 19:58:56.727 I/System.out(19320): }
06-05 19:58:56.741 I/System.out(19320): URI: //map
06-05 19:58:56.741 I/System.out(19320): params: {json={"query":"* {text CONTAINS[c] 'Total fuel'}","operation":{"method_name":"query","arguments":[]}}
06-05 19:58:56.741 I/System.out(19320): }
06-05 19:58:56.755 I/System.out(19320): URI: //map
06-05 19:58:56.755 I/System.out(19320): params: {json={"query":"* {text CONTAINS[c] 'Fuel per year'}","operation":{"method_name":"query","arguments":[]}}
06-05 19:58:56.755 I/System.out(19320): }
06-05 19:58:56.755 I/art     (19320): Do partial code cache collection, code=60KB, data=62KB
06-05 19:58:56.755 I/art     (19320): After code cache collection, code=60KB, data=62KB
06-05 19:58:56.755 I/art     (19320): Increasing code cache capacity to 256KB
