--------- beginning of system
06-05 15:50:12.226 W/ActivityManager( 1630): Crash of app com.evancharlton.mileage running instrumentation ComponentInfo{com.evancharlton.mileage.test/sh.calaba.instrumentationbackend.CalabashInstrumentationTestRunner}
06-05 15:50:12.226 I/ActivityManager( 1630): Force stopping com.evancharlton.mileage appid=10086 user=0: finished inst
06-05 15:50:12.226 I/ActivityManager( 1630):   Force stopping service ServiceRecord{c7ad650 u0 com.evancharlton.mileage/.services.AutomaticBackupService}
--------- beginning of main
06-05 15:50:12.229 V/PhoneStatusBar( 1712): setLightsOn(true)
06-05 15:50:12.277 D/EGL_emulation( 1712): eglMakeCurrent: 0xb4085540: ver 2 0 (tinfo 0xb4083740)
06-05 15:50:12.279 D/EGL_emulation( 2099): eglMakeCurrent: 0xb4085240: ver 2 0 (tinfo 0xb40832d0)
06-05 15:50:12.293 D/EGL_emulation( 1712): eglMakeCurrent: 0xb4085540: ver 2 0 (tinfo 0xb4083740)
06-05 15:50:12.296 D/EGL_emulation( 1712): eglMakeCurrent: 0xb4085540: ver 2 0 (tinfo 0xb4083740)
06-05 15:50:12.310 D/EGL_emulation( 1712): eglMakeCurrent: 0xb4085540: ver 2 0 (tinfo 0xb4083740)
06-05 15:50:12.312 D/EGL_emulation( 1712): eglMakeCurrent: 0xb4085540: ver 2 0 (tinfo 0xb4083740)
06-05 15:50:12.326 D/EGL_emulation( 1712): eglMakeCurrent: 0xb4085540: ver 2 0 (tinfo 0xb4083740)
06-05 15:50:12.328 D/EGL_emulation( 1712): eglMakeCurrent: 0xb4085540: ver 2 0 (tinfo 0xb4083740)
06-05 15:50:12.343 D/EGL_emulation( 1712): eglMakeCurrent: 0xb4085540: ver 2 0 (tinfo 0xb4083740)
06-05 15:50:12.346 D/EGL_emulation( 1712): eglMakeCurrent: 0xb4085540: ver 2 0 (tinfo 0xb4083740)
06-05 15:50:12.360 D/EGL_emulation( 1712): eglMakeCurrent: 0xb4085540: ver 2 0 (tinfo 0xb4083740)
06-05 15:50:12.362 D/EGL_emulation( 1712): eglMakeCurrent: 0xb4085540: ver 2 0 (tinfo 0xb4083740)
06-05 15:50:12.377 D/EGL_emulation( 1712): eglMakeCurrent: 0xb4085540: ver 2 0 (tinfo 0xb4083740)
06-05 15:50:12.379 D/EGL_emulation( 1712): eglMakeCurrent: 0xb4085540: ver 2 0 (tinfo 0xb4083740)
06-05 15:50:12.390 D/AndroidRuntime(18249): >>>>>> START com.android.internal.os.RuntimeInit uid 2000 <<<<<<
06-05 15:50:12.391 D/AndroidRuntime(18249): CheckJNI is ON
06-05 15:50:12.393 D/EGL_emulation( 1712): eglMakeCurrent: 0xb4085540: ver 2 0 (tinfo 0xb4083740)
06-05 15:50:12.396 D/EGL_emulation( 1712): eglMakeCurrent: 0xb4085540: ver 2 0 (tinfo 0xb4083740)
06-05 15:50:12.405 W/art     (18249): Unexpected CPU variant for X86 using defaults: x86
06-05 15:50:12.407 D/ICU     (18249): No timezone override file found: /data/misc/zoneinfo/current/icu/icu_tzdata.dat
06-05 15:50:12.410 D/EGL_emulation( 1712): eglMakeCurrent: 0xb4085540: ver 2 0 (tinfo 0xb4083740)
06-05 15:50:12.412 D/EGL_emulation( 1712): eglMakeCurrent: 0xb4085540: ver 2 0 (tinfo 0xb4083740)
06-05 15:50:12.417 E/memtrack(18249): Couldn't load memtrack module (No such file or directory)
06-05 15:50:12.417 E/android.os.Debug(18249): failed to load memtrack module: -2
06-05 15:50:12.417 I/Radio-JNI(18249): register_android_hardware_Radio DONE
06-05 15:50:12.422 D/AndroidRuntime(18249): Calling main entry com.android.commands.am.Am
06-05 15:50:12.423 I/ActivityManager( 1630): Force stopping com.evancharlton.mileage appid=10086 user=0: start instr
06-05 15:50:12.426 D/EGL_emulation( 1712): eglMakeCurrent: 0xb4085540: ver 2 0 (tinfo 0xb4083740)
06-05 15:50:12.427 I/art     (18259): Not late-enabling -Xcheck:jni (already on)
06-05 15:50:12.427 W/art     (18259): Unexpected CPU variant for X86 using defaults: x86
06-05 15:50:12.429 D/EGL_emulation( 1712): eglMakeCurrent: 0xb4085540: ver 2 0 (tinfo 0xb4083740)
06-05 15:50:12.434 I/ActivityManager( 1630): Start proc 18259:com.evancharlton.mileage/u0a86 for added application com.evancharlton.mileage
06-05 15:50:12.435 D/AndroidRuntime(18249): Shutting down VM
06-05 15:50:12.440 W/System  (18259): ClassLoader referenced unknown path: /data/app/com.evancharlton.mileage.test-1/lib/x86
06-05 15:50:12.440 W/System  (18259): ClassLoader referenced unknown path: /data/app/com.evancharlton.mileage-1/lib/x86
06-05 15:50:12.443 D/EGL_emulation( 1712): eglMakeCurrent: 0xb4085540: ver 2 0 (tinfo 0xb4083740)
06-05 15:50:12.443 W/System  (18259): ClassLoader referenced unknown path: 
06-05 15:50:12.445 D/EGL_emulation( 1712): eglMakeCurrent: 0xb4085540: ver 2 0 (tinfo 0xb4083740)
06-05 15:50:12.449 I/System.out(18259): Main activity name automatically set to: com.evancharlton.mileage.Mileage
06-05 15:50:12.449 I/System.out(18259): Calabash did not load Mono. This is only a problem if you are trying to test a Mono application
06-05 15:50:12.450 I/calabash(18259): Test server port: 7102
06-05 15:50:12.450 I/InstrumentationBackend(18259): Added:'GetPreferences', with key:'get_preferences'
06-05 15:50:12.455 I/InstrumentationBackend(18259): Added:'SetPreferences', with key:'set_preferences'
06-05 15:50:12.455 I/InstrumentationBackend(18259): Added:'ClearPreferences', with key:'clear_preferences'
06-05 15:50:12.455 I/InstrumentationBackend(18259): Added:'PressElement', with key:'press_l10n_element'
06-05 15:50:12.455 I/InstrumentationBackend(18259): Added:'WaitForElement', with key:'wait_for_l10n_element'
06-05 15:50:12.455 I/InstrumentationBackend(18259): Added:'NullAction', with key:'nullAction'
06-05 15:50:12.455 I/InstrumentationBackend(18259): Added:'PressKey', with key:'press_key'
06-05 15:50:12.455 I/InstrumentationBackend(18259): Added:'SetActivityOrientation', with key:'set_activity_orientation'
06-05 15:50:12.455 I/InstrumentationBackend(18259): Added:'GetActivityOrientation', with key:'get_activity_orientation'
06-05 15:50:12.455 I/InstrumentationBackend(18259): Added:'FakeGPSLocation', with key:'set_gps_coordinates'
06-05 15:50:12.455 I/InstrumentationBackend(18259): Added:'SetPropertyByCssSelector', with key:'set_property_by_css_selector'
06-05 15:50:12.455 I/InstrumentationBackend(18259): Added:'GetUrl', with key:'get_url'
06-05 15:50:12.455 I/InstrumentationBackend(18259): Added:'ScrollTo', with key:'scroll_to'
06-05 15:50:12.455 I/InstrumentationBackend(18259): Added:'GetLoadProgress', with key:'get_load_progress'
06-05 15:50:12.455 I/InstrumentationBackend(18259): Added:'DumpHtml', with key:'dump_html'
06-05 15:50:12.456 I/InstrumentationBackend(18259): Added:'DumpBodyHtml', with key:'dump_body_html'
06-05 15:50:12.456 I/InstrumentationBackend(18259): Added:'EnterTextByCssSelector', with key:'enter_text_by_selector'
06-05 15:50:12.456 I/InstrumentationBackend(18259): Added:'AndroidSDKVersion', with key:'android_sdk_version'
06-05 15:50:12.456 I/InstrumentationBackend(18259): Added:'Version', with key:'version'
06-05 15:50:12.456 I/InstrumentationBackend(18259): Added:'Drag', with key:'drag'
06-05 15:50:12.456 I/InstrumentationBackend(18259): Added:'TouchCoordinates', with key:'touch_coordinate'
06-05 15:50:12.456 I/InstrumentationBackend(18259): Added:'LongPressCoordinate', with key:'long_press_coordinate'
06-05 15:50:12.456 I/InstrumentationBackend(18259): Added:'DragCoordinates', with key:'drag_coordinates'
06-05 15:50:12.456 I/InstrumentationBackend(18259): Added:'ResumeApplication', with key:'resume_application'
06-05 15:50:12.456 I/InstrumentationBackend(18259): Added:'Swipe', with key:'swipe'
06-05 15:50:12.456 I/InstrumentationBackend(18259): Added:'DoubleTapCoordinate', with key:'double_tap_coordinate'
06-05 15:50:12.456 I/InstrumentationBackend(18259): Added:'ClickOnScreen', with key:'click_on_screen'
06-05 15:50:12.456 I/InstrumentationBackend(18259): Added:'GetActivityName', with key:'get_activity_name'
06-05 15:50:12.456 I/InstrumentationBackend(18259): Added:'ScrollToView', with key:'scroll_to_view'
06-05 15:50:12.456 I/InstrumentationBackend(18259): Added:'ViewConfiguration', with key:'view_configuration'
06-05 15:50:12.457 I/InstrumentationBackend(18259): Added:'IsCurrentActivityFocused', with key:'is_current_activity_focused'
06-05 15:50:12.457 I/InstrumentationBackend(18259): Added:'SendTcp', with key:'send_tcp'
06-05 15:50:12.457 I/InstrumentationBackend(18259): Added:'DpToDevicePixel', with key:'dp_to_device_pixel'
06-05 15:50:12.457 I/InstrumentationBackend(18259): Added:'KeyboardEnterText', with key:'keyboard_enter_text'
06-05 15:50:12.457 I/InstrumentationBackend(18259): Added:'DeleteSurroundingText', with key:'delete_surrounding_text'
06-05 15:50:12.457 I/InstrumentationBackend(18259): Added:'SetComposingRegion', with key:'set_composing_region'
06-05 15:50:12.457 I/InstrumentationBackend(18259): Added:'SetSelection', with key:'set_selection'
06-05 15:50:12.457 I/InstrumentationBackend(18259): Added:'KeyboardKeyEvent', with key:'keyboard_key_event'
06-05 15:50:12.457 I/InstrumentationBackend(18259): Added:'PressUserActionButton', with key:'press_user_action_button'
06-05 15:50:12.457 I/InstrumentationBackend(18259): Added:'HideSoftKeyboard', with key:'hide_soft_keyboard'
06-05 15:50:12.457 I/InstrumentationBackend(18259): Added:'ListActions', with key:'list_actions'
06-05 15:50:12.457 I/calabash(18259): Instantiating http server at 7102
06-05 15:50:12.458 I/System.out(18259): HTTP Daemon listening on: 7102
06-05 15:50:12.460 D/EGL_emulation( 1712): eglMakeCurrent: 0xb4085540: ver 2 0 (tinfo 0xb4083740)
06-05 15:50:12.546 I/System.out(18259): URI: //ping
06-05 15:50:12.546 I/System.out(18259): params: {json={}
06-05 15:50:12.546 I/System.out(18259): }
06-05 15:50:12.549 I/System.out(18259): URI: //ping
06-05 15:50:12.549 I/System.out(18259): params: {json={}
06-05 15:50:12.549 I/System.out(18259): }
06-05 15:50:12.551 I/System.out(18259): URI: //ready
06-05 15:50:12.551 I/System.out(18259): params: {json={}
06-05 15:50:12.551 I/System.out(18259): }
06-05 15:50:12.554 I/System.out(18259): URI: //
06-05 15:50:12.554 I/System.out(18259): params: {json={"command":"version","arguments":[]}
06-05 15:50:12.554 I/System.out(18259): }
06-05 15:50:12.554 I/System.out(18259): header: {content-type=application/json;charset=utf-8, date=Fri, 05 Jun 2020 20:50:13 GMT, accept=*/*, host=127.0.0.1:34784, content-length=36, user-agent=HTTPClient/1.0 (2.8.3, ruby 2.5.1 (2018-03-29))}
06-05 15:50:12.554 I/System.out(18259): params: {json={"command":"version","arguments":[]}
06-05 15:50:12.554 I/System.out(18259): }
06-05 15:50:12.554 I/System.out(18259): ProP json = {"command":"version","arguments":[]}
06-05 15:50:12.554 I/System.out(18259): files: {}
06-05 15:50:12.554 I/System.out(18259): command: {"command":"version","arguments":[]}
06-05 15:50:12.558 I/InstrumentationBackend(18259): Got command:'Command:'Line:null,version', arguments:'[]'
06-05 15:50:12.566 I/System.out(18259): result:{"bonusInformation":[],"message":"0.9.8","success":true}
06-05 15:50:12.569 I/System.out(18259): URI: //start-application
06-05 15:50:12.569 I/System.out(18259): params: {json={"intent":null}
06-05 15:50:12.569 I/System.out(18259): }
06-05 15:50:12.578 I/ActivityManager( 1630): START u0 {act=android.intent.action.MAIN cat=[android.intent.category.LAUNCHER] flg=0x10200000 cmp=com.evancharlton.mileage/.Mileage} from uid 10086 on display 0
06-05 15:50:12.583 I/calabash(18259): newActivity1
06-05 15:50:12.593 I/calabash(18259): newActivity1
06-05 15:50:12.595 W/ActivityManager( 1630): Bad activity token: android.os.BinderProxy@a088826
06-05 15:50:12.595 W/ActivityManager( 1630): java.lang.ClassCastException: android.os.BinderProxy cannot be cast to com.android.server.am.ActivityRecord$Token
06-05 15:50:12.595 W/ActivityManager( 1630): 	at com.android.server.am.ActivityRecord.forTokenLocked(ActivityRecord.java:586)
06-05 15:50:12.595 W/ActivityManager( 1630): 	at com.android.server.am.ActivityRecord.isInStackLocked(ActivityRecord.java:1327)
06-05 15:50:12.595 W/ActivityManager( 1630): 	at com.android.server.am.ActivityRecord.getStackLocked(ActivityRecord.java:1332)
06-05 15:50:12.595 W/ActivityManager( 1630): 	at com.android.server.am.ActivityManagerService.getActivityDisplayId(ActivityManagerService.java:9806)
06-05 15:50:12.595 W/ActivityManager( 1630): 	at android.app.ActivityManagerNative.onTransact(ActivityManagerNative.java:2566)
06-05 15:50:12.595 W/ActivityManager( 1630): 	at com.android.server.am.ActivityManagerService.onTransact(ActivityManagerService.java:2757)
06-05 15:50:12.595 W/ActivityManager( 1630): 	at android.os.Binder.execTransact(Binder.java:565)
06-05 15:50:12.597 W/ActivityManager( 1630): Bad activity token: android.os.BinderProxy@a088826
06-05 15:50:12.597 W/ActivityManager( 1630): java.lang.ClassCastException: android.os.BinderProxy cannot be cast to com.android.server.am.ActivityRecord$Token
06-05 15:50:12.597 W/ActivityManager( 1630): 	at com.android.server.am.ActivityRecord.forTokenLocked(ActivityRecord.java:586)
06-05 15:50:12.597 W/ActivityManager( 1630): 	at com.android.server.am.ActivityRecord.isInStackLocked(ActivityRecord.java:1327)
06-05 15:50:12.597 W/ActivityManager( 1630): 	at com.android.server.am.ActivityManagerService.setTaskDescription(ActivityManagerService.java:9358)
06-05 15:50:12.597 W/ActivityManager( 1630): 	at android.app.ActivityManagerNative.onTransact(ActivityManagerNative.java:2639)
06-05 15:50:12.597 W/ActivityManager( 1630): 	at com.android.server.am.ActivityManagerService.onTransact(ActivityManagerService.java:2757)
06-05 15:50:12.597 W/ActivityManager( 1630): 	at android.os.Binder.execTransact(Binder.java:565)
06-05 15:50:12.597 W/ActivityManager( 1630): Bad activity token: android.os.BinderProxy@a088826
06-05 15:50:12.597 W/ActivityManager( 1630): java.lang.ClassCastException: android.os.BinderProxy cannot be cast to com.android.server.am.ActivityRecord$Token
06-05 15:50:12.597 W/ActivityManager( 1630): 	at com.android.server.am.ActivityRecord.forTokenLocked(ActivityRecord.java:586)
06-05 15:50:12.597 W/ActivityManager( 1630): 	at com.android.server.am.ActivityRecord.isInStackLocked(ActivityRecord.java:1327)
06-05 15:50:12.597 W/ActivityManager( 1630): 	at com.android.server.am.ActivityRecord.getStackLocked(ActivityRecord.java:1332)
06-05 15:50:12.597 W/ActivityManager( 1630): 	at com.android.server.am.ActivityManagerService.getActivityStackId(ActivityManagerService.java:9817)
06-05 15:50:12.597 W/ActivityManager( 1630): 	at android.app.ActivityManagerNative.onTransact(ActivityManagerNative.java:2856)
06-05 15:50:12.597 W/ActivityManager( 1630): 	at com.android.server.am.ActivityManagerService.onTransact(ActivityManagerService.java:2757)
06-05 15:50:12.597 W/ActivityManager( 1630): 	at android.os.Binder.execTransact(Binder.java:565)
06-05 15:50:12.611 D/gralloc_ranchu( 1346): gralloc_alloc: Creating ashmem region of size 9023488
06-05 15:50:12.620 W/ActivityManager( 1630): Bad activity token: android.os.BinderProxy@a088826
06-05 15:50:12.620 W/ActivityManager( 1630): java.lang.ClassCastException: android.os.BinderProxy cannot be cast to com.android.server.am.ActivityRecord$Token
06-05 15:50:12.620 W/ActivityManager( 1630): 	at com.android.server.am.ActivityRecord.forTokenLocked(ActivityRecord.java:586)
06-05 15:50:12.620 W/ActivityManager( 1630): 	at com.android.server.am.ActivityRecord.isInStackLocked(ActivityRecord.java:1327)
06-05 15:50:12.620 W/ActivityManager( 1630): 	at com.android.server.am.ActivityManagerService.getActivityOptions(ActivityManagerService.java:12559)
06-05 15:50:12.620 W/ActivityManager( 1630): 	at android.app.ActivityManagerNative.onTransact(ActivityManagerNative.java:1933)
06-05 15:50:12.620 W/ActivityManager( 1630): 	at com.android.server.am.ActivityManagerService.onTransact(ActivityManagerService.java:2757)
06-05 15:50:12.620 W/ActivityManager( 1630): 	at android.os.Binder.execTransact(Binder.java:565)
06-05 15:50:12.621 W/ActivityManager( 1630): Bad activity token: android.os.BinderProxy@a088826
06-05 15:50:12.621 W/ActivityManager( 1630): java.lang.ClassCastException: android.os.BinderProxy cannot be cast to com.android.server.am.ActivityRecord$Token
06-05 15:50:12.621 W/ActivityManager( 1630): 	at com.android.server.am.ActivityRecord.forTokenLocked(ActivityRecord.java:586)
06-05 15:50:12.621 W/ActivityManager( 1630): 	at com.android.server.am.ActivityRecord.isInStackLocked(ActivityRecord.java:1327)
06-05 15:50:12.621 W/ActivityManager( 1630): 	at com.android.server.am.ActivityManagerService.getActivityOptions(ActivityManagerService.java:12559)
06-05 15:50:12.621 W/ActivityManager( 1630): 	at android.app.ActivityManagerNative.onTransact(ActivityManagerNative.java:1933)
06-05 15:50:12.621 W/ActivityManager( 1630): 	at com.android.server.am.ActivityManagerService.onTransact(ActivityManagerService.java:2757)
06-05 15:50:12.621 W/ActivityManager( 1630): 	at android.os.Binder.execTransact(Binder.java:565)
06-05 15:50:12.652 V/PhoneStatusBar( 1712): setLightsOn(true)
06-05 15:50:12.660 D/EGL_emulation( 1712): eglMakeCurrent: 0xb4085540: ver 2 0 (tinfo 0xb4083740)
06-05 15:50:12.660 V/PhoneStatusBar( 1712): setLightsOn(true)
06-05 15:50:12.661 V/PhoneStatusBar( 1712): setLightsOn(true)
06-05 15:50:12.663 D/gralloc_ranchu( 1346): gralloc_alloc: Creating ashmem region of size 9023488
06-05 15:50:12.664 V/PhoneStatusBar( 1712): setLightsOn(true)
06-05 15:50:12.671 D/        (18259): HostConnection::get() New Host Connection established 0x97d26440, tid 18259
06-05 15:50:12.718 D/EGL_emulation( 1712): eglMakeCurrent: 0xb4085540: ver 2 0 (tinfo 0xb4083740)
06-05 15:50:12.718 D/EGL_emulation( 2099): eglMakeCurrent: 0xb4085240: ver 2 0 (tinfo 0xb40832d0)
06-05 15:50:12.723 D/EGL_emulation( 1712): eglMakeCurrent: 0xb4085540: ver 2 0 (tinfo 0xb4083740)
06-05 15:50:12.725 D/EGL_emulation( 1712): eglMakeCurrent: 0xb4085540: ver 2 0 (tinfo 0xb4083740)
06-05 15:50:12.727 D/EGL_emulation( 1712): eglMakeCurrent: 0xb4085540: ver 2 0 (tinfo 0xb4083740)
06-05 15:50:12.730 D/EGL_emulation( 1712): eglMakeCurrent: 0xb4085540: ver 2 0 (tinfo 0xb4083740)
06-05 15:50:12.732 D/EGL_emulation( 1712): eglMakeCurrent: 0xb4085540: ver 2 0 (tinfo 0xb4083740)
06-05 15:50:12.733 V/PhoneStatusBar( 1712): setLightsOn(true)
06-05 15:50:12.744 D/EGL_emulation( 1712): eglMakeCurrent: 0xb4085540: ver 2 0 (tinfo 0xb4083740)
06-05 15:50:12.747 D/EGL_emulation( 1712): eglMakeCurrent: 0xb4085540: ver 2 0 (tinfo 0xb4083740)
06-05 15:50:12.760 D/EGL_emulation( 1712): eglMakeCurrent: 0xb4085540: ver 2 0 (tinfo 0xb4083740)
06-05 15:50:12.762 D/EGL_emulation( 1712): eglMakeCurrent: 0xb4085540: ver 2 0 (tinfo 0xb4083740)
06-05 15:50:12.777 D/gralloc_ranchu( 1346): gralloc_alloc: Creating ashmem region of size 9023488
06-05 15:50:12.777 D/EGL_emulation( 1712): eglMakeCurrent: 0xb4085540: ver 2 0 (tinfo 0xb4083740)
06-05 15:50:12.792 D/EGL_emulation( 1712): eglMakeCurrent: 0xb4085540: ver 2 0 (tinfo 0xb4083740)
06-05 15:50:12.794 I/ActivityManager( 1630): Displayed com.evancharlton.mileage/.Mileage: +214ms
06-05 15:50:12.796 D/EGL_emulation( 1712): eglMakeCurrent: 0xb4085540: ver 2 0 (tinfo 0xb4083740)
06-05 15:50:12.798 D/EGL_emulation( 1712): eglMakeCurrent: 0xb4085540: ver 2 0 (tinfo 0xb4083740)
06-05 15:50:12.799 V/PhoneStatusBar( 1712): setLightsOn(true)
06-05 15:50:12.811 D/EGL_emulation( 1712): eglMakeCurrent: 0xb4085540: ver 2 0 (tinfo 0xb4083740)
06-05 15:50:12.814 D/EGL_emulation( 1712): eglMakeCurrent: 0xb4085540: ver 2 0 (tinfo 0xb4083740)
06-05 15:50:12.826 D/EGL_emulation( 1712): eglMakeCurrent: 0xb4085540: ver 2 0 (tinfo 0xb4083740)
06-05 15:50:12.828 D/EGL_emulation( 1712): eglMakeCurrent: 0xb4085540: ver 2 0 (tinfo 0xb4083740)
06-05 15:50:12.828 V/PhoneStatusBar( 1712): setLightsOn(true)
06-05 15:50:12.844 D/EGL_emulation( 1712): eglMakeCurrent: 0xb4085540: ver 2 0 (tinfo 0xb4083740)
06-05 15:50:12.846 D/EGL_emulation( 1712): eglMakeCurrent: 0xb4085540: ver 2 0 (tinfo 0xb4083740)
06-05 15:50:12.851 I/System.out(18259): URI: //map
06-05 15:50:12.851 I/System.out(18259): params: {json={"query":"* marked:'Statistics'","operation":{"method_name":"query","arguments":[]}}
06-05 15:50:12.851 I/System.out(18259): }
06-05 15:50:12.860 D/EGL_emulation( 1712): eglMakeCurrent: 0xb4085540: ver 2 0 (tinfo 0xb4083740)
06-05 15:50:12.861 D/EGL_emulation( 1712): eglMakeCurrent: 0xb4085540: ver 2 0 (tinfo 0xb4083740)
06-05 15:50:12.863 W/ResourceType(18259): No package identifier when getting name for resource number 0x00000001
06-05 15:50:12.876 I/System.out(18259): URI: //gesture
06-05 15:50:12.876 I/System.out(18259): params: {json={"query_timeout":5.0,"gestures":[{"query_string":"* marked:'Statistics'","touches":[{"x":50,"y":50,"offset_x":0,"offset_y":0,"wait":0.0,"time":0.2,"release":true,"query_string":null}]}]}
06-05 15:50:12.876 I/System.out(18259): }
06-05 15:50:12.876 D/EGL_emulation( 1712): eglMakeCurrent: 0xb4085540: ver 2 0 (tinfo 0xb4083740)
06-05 15:50:12.878 D/EGL_emulation( 1712): eglMakeCurrent: 0xb4085540: ver 2 0 (tinfo 0xb4083740)
06-05 15:50:12.881 W/ResourceType(18259): No package identifier when getting name for resource number 0x00000001
06-05 15:50:12.895 D/EGL_emulation( 1712): eglMakeCurrent: 0xb4085540: ver 2 0 (tinfo 0xb4083740)
06-05 15:50:12.993 I/WindowManager( 1630): Destroying surface Surface(name=Starting com.evancharlton.mileage) called by com.android.server.wm.WindowStateAnimator.destroySurface:2016 com.android.server.wm.WindowStateAnimator.destroySurfaceLocked:882 com.android.server.wm.WindowState.destroyOrSaveSurface:2100 com.android.server.wm.AppWindowToken.destroySurfaces:363 com.android.server.wm.WindowStateAnimator.finishExit:565 com.android.server.wm.WindowStateAnimator.stepAnimationLocked:491 com.android.server.wm.WindowAnimator.updateWindowsLocked:303 com.android.server.wm.WindowAnimator.animateLocked:704 
06-05 15:50:13.000 V/PhoneStatusBar( 1712): setLightsOn(true)
06-05 15:50:13.004 V/PhoneStatusBar( 1712): setLightsOn(true)
06-05 15:50:13.112 V/PhoneStatusBar( 1712): setLightsOn(true)
06-05 15:50:13.116 I/calabash(18259): newActivity1
06-05 15:50:13.150 I/System.out(18259): URI: //map
06-05 15:50:13.150 I/System.out(18259): params: {json={"query":"android.widget.ScrollView index:0","operation":{"method_name":"query","arguments":[]}}
06-05 15:50:13.150 I/System.out(18259): }
06-05 15:50:13.159 W/ActivityManager( 1630): Bad activity token: android.os.BinderProxy@92fbcb0
06-05 15:50:13.159 W/ActivityManager( 1630): java.lang.ClassCastException: android.os.BinderProxy cannot be cast to com.android.server.am.ActivityRecord$Token
06-05 15:50:13.159 W/ActivityManager( 1630): 	at com.android.server.am.ActivityRecord.forTokenLocked(ActivityRecord.java:586)
06-05 15:50:13.159 W/ActivityManager( 1630): 	at com.android.server.am.ActivityRecord.isInStackLocked(ActivityRecord.java:1327)
06-05 15:50:13.159 W/ActivityManager( 1630): 	at com.android.server.am.ActivityRecord.getStackLocked(ActivityRecord.java:1332)
06-05 15:50:13.159 W/ActivityManager( 1630): 	at com.android.server.am.ActivityManagerService.getActivityDisplayId(ActivityManagerService.java:9806)
06-05 15:50:13.159 W/ActivityManager( 1630): 	at android.app.ActivityManagerNative.onTransact(ActivityManagerNative.java:2566)
06-05 15:50:13.159 W/ActivityManager( 1630): 	at com.android.server.am.ActivityManagerService.onTransact(ActivityManagerService.java:2757)
06-05 15:50:13.159 W/ActivityManager( 1630): 	at android.os.Binder.execTransact(Binder.java:565)
06-05 15:50:13.160 W/ActivityManager( 1630): Bad activity token: android.os.BinderProxy@92fbcb0
06-05 15:50:13.160 W/ActivityManager( 1630): java.lang.ClassCastException: android.os.BinderProxy cannot be cast to com.android.server.am.ActivityRecord$Token
06-05 15:50:13.160 W/ActivityManager( 1630): 	at com.android.server.am.ActivityRecord.forTokenLocked(ActivityRecord.java:586)
06-05 15:50:13.160 W/ActivityManager( 1630): 	at com.android.server.am.ActivityRecord.isInStackLocked(ActivityRecord.java:1327)
06-05 15:50:13.160 W/ActivityManager( 1630): 	at com.android.server.am.ActivityManagerService.setTaskDescription(ActivityManagerService.java:9358)
06-05 15:50:13.160 W/ActivityManager( 1630): 	at android.app.ActivityManagerNative.onTransact(ActivityManagerNative.java:2639)
06-05 15:50:13.160 W/ActivityManager( 1630): 	at com.android.server.am.ActivityManagerService.onTransact(ActivityManagerService.java:2757)
06-05 15:50:13.160 W/ActivityManager( 1630): 	at android.os.Binder.execTransact(Binder.java:565)
06-05 15:50:13.161 W/ActivityManager( 1630): Bad activity token: android.os.BinderProxy@92fbcb0
06-05 15:50:13.161 W/ActivityManager( 1630): java.lang.ClassCastException: android.os.BinderProxy cannot be cast to com.android.server.am.ActivityRecord$Token
06-05 15:50:13.161 W/ActivityManager( 1630): 	at com.android.server.am.ActivityRecord.forTokenLocked(ActivityRecord.java:586)
06-05 15:50:13.161 W/ActivityManager( 1630): 	at com.android.server.am.ActivityRecord.isInStackLocked(ActivityRecord.java:1327)
06-05 15:50:13.161 W/ActivityManager( 1630): 	at com.android.server.am.ActivityRecord.getStackLocked(ActivityRecord.java:1332)
06-05 15:50:13.161 W/ActivityManager( 1630): 	at com.android.server.am.ActivityManagerService.getActivityStackId(ActivityManagerService.java:9817)
06-05 15:50:13.161 W/ActivityManager( 1630): 	at android.app.ActivityManagerNative.onTransact(ActivityManagerNative.java:2856)
06-05 15:50:13.161 W/ActivityManager( 1630): 	at com.android.server.am.ActivityManagerService.onTransact(ActivityManagerService.java:2757)
06-05 15:50:13.161 W/ActivityManager( 1630): 	at android.os.Binder.execTransact(Binder.java:565)
06-05 15:50:13.170 D/VehicleStatisticsActivity(18259): Checking recalculation ...
06-05 15:50:13.171 D/VehicleStatisticsActivity(18259): Recalculating statistics
06-05 15:50:13.171 D/VehicleStatisticsTask(18259): Calculation starting...
06-05 15:50:13.171 D/VehicleStatisticsActivity(18259): Recalculation started!
06-05 15:50:13.172 W/ResourceType(18259): No package identifier when getting value for resource number 0x00000000
06-05 15:50:13.173 D/AndroidRuntime(18259): Shutting down VM
--------- beginning of crash
06-05 15:50:13.173 E/AndroidRuntime(18259): FATAL EXCEPTION: main
06-05 15:50:13.173 E/AndroidRuntime(18259): Process: com.evancharlton.mileage, PID: 18259
06-05 15:50:13.173 E/AndroidRuntime(18259): java.lang.RuntimeException: Unable to start activity ComponentInfo{com.evancharlton.mileage/com.evancharlton.mileage.VehicleStatisticsActivity}: android.content.res.Resources$NotFoundException: String resource ID #0x0
06-05 15:50:13.173 E/AndroidRuntime(18259): 	at android.app.ActivityThread.performLaunchActivity(ActivityThread.java:2646)
06-05 15:50:13.173 E/AndroidRuntime(18259): 	at android.app.ActivityThread.startActivityNow(ActivityThread.java:2446)
06-05 15:50:13.173 E/AndroidRuntime(18259): 	at android.app.LocalActivityManager.moveToState(LocalActivityManager.java:136)
06-05 15:50:13.173 E/AndroidRuntime(18259): 	at android.app.LocalActivityManager.startActivity(LocalActivityManager.java:348)
06-05 15:50:13.173 E/AndroidRuntime(18259): 	at android.widget.TabHost$IntentContentStrategy.getContentView(TabHost.java:724)
06-05 15:50:13.173 E/AndroidRuntime(18259): 	at android.widget.TabHost.setCurrentTab(TabHost.java:388)
06-05 15:50:13.173 E/AndroidRuntime(18259): 	at android.widget.TabHost$2.onTabSelectionChanged(TabHost.java:158)
06-05 15:50:13.173 E/AndroidRuntime(18259): 	at android.widget.TabWidget$TabClickListener.onClick(TabWidget.java:532)
06-05 15:50:13.173 E/AndroidRuntime(18259): 	at android.view.View.performClick(View.java:5610)
06-05 15:50:13.173 E/AndroidRuntime(18259): 	at android.view.View$PerformClick.run(View.java:22265)
06-05 15:50:13.173 E/AndroidRuntime(18259): 	at android.os.Handler.handleCallback(Handler.java:751)
06-05 15:50:13.173 E/AndroidRuntime(18259): 	at android.os.Handler.dispatchMessage(Handler.java:95)
06-05 15:50:13.173 E/AndroidRuntime(18259): 	at android.os.Looper.loop(Looper.java:154)
06-05 15:50:13.173 E/AndroidRuntime(18259): 	at android.app.ActivityThread.main(ActivityThread.java:6077)
06-05 15:50:13.173 E/AndroidRuntime(18259): 	at java.lang.reflect.Method.invoke(Native Method)
06-05 15:50:13.173 E/AndroidRuntime(18259): 	at com.android.internal.os.ZygoteInit$MethodAndArgsCaller.run(ZygoteInit.java:866)
06-05 15:50:13.173 E/AndroidRuntime(18259): 	at com.android.internal.os.ZygoteInit.main(ZygoteInit.java:756)
06-05 15:50:13.173 E/AndroidRuntime(18259): Caused by: android.content.res.Resources$NotFoundException: String resource ID #0x0
06-05 15:50:13.173 E/AndroidRuntime(18259): 	at android.content.res.Resources.getText(Resources.java:331)
06-05 15:50:13.173 E/AndroidRuntime(18259): 	at android.content.res.Resources.getString(Resources.java:377)
06-05 15:50:13.173 E/AndroidRuntime(18259): 	at android.content.Context.getString(Context.java:476)
06-05 15:50:13.173 E/AndroidRuntime(18259): 	at com.evancharlton.mileage.provider.Statistic.getLabel(Statistic.java:37)
06-05 15:50:13.173 E/AndroidRuntime(18259): 	at com.evancharlton.mileage.adapters.VehicleStatisticsAdapter$StatisticHolder.<init>(VehicleStatisticsAdapter.java:203)
06-05 15:50:13.173 E/AndroidRuntime(18259): 	at com.evancharlton.mileage.adapters.VehicleStatisticsAdapter.<init>(VehicleStatisticsAdapter.java:50)
06-05 15:50:13.173 E/AndroidRuntime(18259): 	at com.evancharlton.mileage.VehicleStatisticsActivity.setAdapter(VehicleStatisticsActivity.java:197)
06-05 15:50:13.173 E/AndroidRuntime(18259): 	at com.evancharlton.mileage.VehicleStatisticsActivity.recalculate(VehicleStatisticsActivity.java:175)
06-05 15:50:13.173 E/AndroidRuntime(18259): 	at com.evancharlton.mileage.VehicleStatisticsActivity.onCreate(VehicleStatisticsActivity.java:131)
06-05 15:50:13.173 E/AndroidRuntime(18259): 	at android.app.Activity.performCreate(Activity.java:6662)
06-05 15:50:13.173 E/AndroidRuntime(18259): 	at android.app.Instrumentation.callActivityOnCreate(Instrumentation.java:1118)
06-05 15:50:13.173 E/AndroidRuntime(18259): 	at android.app.ActivityThread.performLaunchActivity(ActivityThread.java:2599)
06-05 15:50:13.173 E/AndroidRuntime(18259): 	... 16 more
06-05 15:50:13.173 I/Process (18259): Sending signal. PID: 18259 SIG: 9
06-05 15:50:13.214 I/ActivityManager( 1630): Process com.evancharlton.mileage (pid 18259) has died
06-05 15:50:13.214 D/ActivityManager( 1630): cleanUpApplicationRecord -- 18259
06-05 15:50:13.214 W/ActivityManager( 1630): Scheduling restart of crashed service com.evancharlton.mileage/.services.AutomaticBackupService in 1000ms
06-05 15:50:13.214 W/InputDispatcher( 1630): channel 'dfd15f com.evancharlton.mileage/com.evancharlton.mileage.Mileage (server)' ~ Consumer closed input channel or an error occurred.  events=0x9
06-05 15:50:13.214 E/InputDispatcher( 1630): channel 'dfd15f com.evancharlton.mileage/com.evancharlton.mileage.Mileage (server)' ~ Channel is unrecoverably broken and will be disposed!
06-05 15:50:13.214 W/ActivityManager( 1630): Force removing ActivityRecord{4506e6f u0 com.evancharlton.mileage/.Mileage t301}: app died, no saved state
06-05 15:50:13.216 I/WindowManager( 1630): WIN DEATH: Window{dfd15f u0 com.evancharlton.mileage/com.evancharlton.mileage.Mileage}
06-05 15:50:13.216 W/InputDispatcher( 1630): Attempted to unregister already unregistered input channel 'dfd15f com.evancharlton.mileage/com.evancharlton.mileage.Mileage (server)'
06-05 15:50:13.216 I/WindowManager( 1630): Destroying surface Surface(name=com.evancharlton.mileage/com.evancharlton.mileage.Mileage) called by com.android.server.wm.WindowStateAnimator.destroySurface:2016 com.android.server.wm.WindowStateAnimator.destroySurfaceLocked:882 com.android.server.wm.WindowState.removeLocked:1456 com.android.server.wm.WindowManagerService.removeWindowInnerLocked:2484 com.android.server.wm.WindowManagerService.removeWindowLocked:2442 com.android.server.wm.WindowState$DeathRecipient.binderDied:1787 android.os.BinderProxy.sendDeathNotice:688 <bottom of call stack> 
06-05 15:50:13.218 W/ActivityManager( 1630): Crash of app com.evancharlton.mileage running instrumentation ComponentInfo{com.evancharlton.mileage.test/sh.calaba.instrumentationbackend.CalabashInstrumentationTestRunner}
06-05 15:50:13.218 I/ActivityManager( 1630): Force stopping com.evancharlton.mileage appid=10086 user=0: finished inst
06-05 15:50:13.218 I/ActivityManager( 1630):   Force stopping service ServiceRecord{d4bf3dc u0 com.evancharlton.mileage/.services.AutomaticBackupService}
06-05 15:50:13.221 V/PhoneStatusBar( 1712): setLightsOn(true)
