--------- beginning of system
06-05 12:35:24.260 W/ActivityManager( 1659): Duplicate finish request for ActivityRecord{9eb268c u0 com.evancharlton.mileage/.Mileage t97 f}
06-05 12:35:24.260 W/ActivityManager( 1659): Duplicate finish request for ActivityRecord{9eb268c u0 com.evancharlton.mileage/.Mileage t97 f}
06-05 12:35:24.260 W/ActivityManager( 1659): Duplicate finish request for ActivityRecord{9eb268c u0 com.evancharlton.mileage/.Mileage t97 f}
06-05 12:35:24.261 W/ActivityManager( 1659): Duplicate finish request for ActivityRecord{f4a99f u0 com.evancharlton.mileage/.ImportExportActivity t97 f}
--------- beginning of main
06-05 12:35:24.261 V/PhoneStatusBar( 1792): setLightsOn(true)
06-05 12:35:24.262 V/PhoneStatusBar( 1792): setLightsOn(true)
06-05 12:35:24.263 V/PhoneStatusBar( 1792): setLightsOn(true)
06-05 12:35:24.263 V/PhoneStatusBar( 1792): setLightsOn(true)
06-05 12:35:24.281 D/gralloc_ranchu( 1352): gralloc_alloc: Creating ashmem region of size 3145728
06-05 12:35:24.286 E/EGL_emulation( 1352): tid 1352: eglCreateSyncKHR(1901): error 0x3004 (EGL_BAD_ATTRIBUTE)
06-05 12:35:24.310 W/ActivityManager( 1659): Finishing task with all activities already finished
06-05 12:35:24.310 W/ActivityManager( 1659): Duplicate finish request for ActivityRecord{8759f6d u0 com.evancharlton.mileage/.ExportActivity t97 f}
06-05 12:35:24.344 D/AndroidRuntime(11850): >>>>>> START com.android.internal.os.RuntimeInit uid 2000 <<<<<<
06-05 12:35:24.345 D/AndroidRuntime(11850): CheckJNI is ON
06-05 12:35:24.346 I/WindowManager( 1659): Destroying surface Surface(name=com.evancharlton.mileage/com.evancharlton.mileage.ExportActivity) called by com.android.server.wm.WindowStateAnimator.destroySurface:2016 com.android.server.wm.WindowStateAnimator.destroySurfaceLocked:882 com.android.server.wm.WindowState.removeLocked:1456 com.android.server.wm.WindowManagerService.removeWindowInnerLocked:2484 com.android.server.wm.AppWindowToken.destroySurfaces:365 com.android.server.wm.WindowStateAnimator.finishExit:565 com.android.server.wm.WindowStateAnimator.stepAnimationLocked:491 com.android.server.wm.WindowAnimator.updateWindowsLocked:303 
06-05 12:35:24.356 W/art     (11850): Unexpected CPU variant for X86 using defaults: x86
06-05 12:35:24.358 D/ICU     (11850): No timezone override file found: /data/misc/zoneinfo/current/icu/icu_tzdata.dat
06-05 12:35:24.358 W/InputMethodService( 1755): Window size has been changed. This may cause jankiness of resizing window: -1 -> -2
06-05 12:35:24.363 D/EGL_emulation( 1755): eglMakeCurrent: 0xb4f05720: ver 2 0 (tinfo 0xb4f03480)
06-05 12:35:24.366 E/memtrack(11850): Couldn't load memtrack module (No such file or directory)
06-05 12:35:24.366 E/android.os.Debug(11850): failed to load memtrack module: -2
06-05 12:35:24.366 I/Radio-JNI(11850): register_android_hardware_Radio DONE
06-05 12:35:24.370 D/EGL_emulation( 2389): eglMakeCurrent: 0xb1284ec0: ver 2 0 (tinfo 0x98c170c0)
06-05 12:35:24.370 D/AndroidRuntime(11850): Calling main entry com.android.commands.am.Am
06-05 12:35:24.372 I/ActivityManager( 1659): Force stopping com.evancharlton.mileage appid=10082 user=0: start instr
06-05 12:35:24.372 I/ActivityManager( 1659): Killing 11797:com.evancharlton.mileage/u0a82 (adj 0): stop com.evancharlton.mileage
06-05 12:35:24.372 D/ActivityManager( 1659): cleanUpApplicationRecord -- 11797
06-05 12:35:24.374 W/ActivityManager( 1659): Crash of app com.evancharlton.mileage running instrumentation ComponentInfo{com.evancharlton.mileage.test/sh.calaba.instrumentationbackend.CalabashInstrumentationTestRunner}
06-05 12:35:24.374 I/ActivityManager( 1659): Force stopping com.evancharlton.mileage appid=10082 user=0: finished inst
06-05 12:35:24.378 I/art     (11860): Not late-enabling -Xcheck:jni (already on)
06-05 12:35:24.378 W/art     (11860): Unexpected CPU variant for X86 using defaults: x86
06-05 12:35:24.380 D/EGL_emulation( 1792): eglMakeCurrent: 0x992abea0: ver 2 0 (tinfo 0xa5a6f110)
06-05 12:35:24.384 I/ActivityManager( 1659): Start proc 11860:com.evancharlton.mileage/u0a82 for added application com.evancharlton.mileage
06-05 12:35:24.385 D/AndroidRuntime(11850): Shutting down VM
06-05 12:35:24.389 W/System  (11860): ClassLoader referenced unknown path: /data/app/com.evancharlton.mileage.test-1/lib/x86
06-05 12:35:24.389 W/System  (11860): ClassLoader referenced unknown path: /data/app/com.evancharlton.mileage-1/lib/x86
06-05 12:35:24.391 W/System  (11860): ClassLoader referenced unknown path: 
06-05 12:35:24.395 I/System.out(11860): Main activity name automatically set to: com.evancharlton.mileage.Mileage
06-05 12:35:24.395 I/System.out(11860): Calabash did not load Mono. This is only a problem if you are trying to test a Mono application
06-05 12:35:24.395 I/calabash(11860): Test server port: 7102
06-05 12:35:24.395 I/InstrumentationBackend(11860): Added:'GetPreferences', with key:'get_preferences'
06-05 12:35:24.396 D/EGL_emulation( 1792): eglMakeCurrent: 0x992abea0: ver 2 0 (tinfo 0xa5a6f110)
06-05 12:35:24.399 I/InstrumentationBackend(11860): Added:'SetPreferences', with key:'set_preferences'
06-05 12:35:24.399 I/InstrumentationBackend(11860): Added:'ClearPreferences', with key:'clear_preferences'
06-05 12:35:24.399 I/InstrumentationBackend(11860): Added:'PressElement', with key:'press_l10n_element'
06-05 12:35:24.399 I/InstrumentationBackend(11860): Added:'WaitForElement', with key:'wait_for_l10n_element'
06-05 12:35:24.399 I/InstrumentationBackend(11860): Added:'NullAction', with key:'nullAction'
06-05 12:35:24.400 I/InstrumentationBackend(11860): Added:'PressKey', with key:'press_key'
06-05 12:35:24.400 I/InstrumentationBackend(11860): Added:'SetActivityOrientation', with key:'set_activity_orientation'
06-05 12:35:24.400 I/InstrumentationBackend(11860): Added:'GetActivityOrientation', with key:'get_activity_orientation'
06-05 12:35:24.400 I/InstrumentationBackend(11860): Added:'FakeGPSLocation', with key:'set_gps_coordinates'
06-05 12:35:24.400 I/InstrumentationBackend(11860): Added:'SetPropertyByCssSelector', with key:'set_property_by_css_selector'
06-05 12:35:24.400 I/InstrumentationBackend(11860): Added:'GetUrl', with key:'get_url'
06-05 12:35:24.400 I/InstrumentationBackend(11860): Added:'ScrollTo', with key:'scroll_to'
06-05 12:35:24.400 I/InstrumentationBackend(11860): Added:'GetLoadProgress', with key:'get_load_progress'
06-05 12:35:24.400 I/InstrumentationBackend(11860): Added:'DumpHtml', with key:'dump_html'
06-05 12:35:24.400 I/InstrumentationBackend(11860): Added:'DumpBodyHtml', with key:'dump_body_html'
06-05 12:35:24.400 I/InstrumentationBackend(11860): Added:'EnterTextByCssSelector', with key:'enter_text_by_selector'
06-05 12:35:24.400 I/InstrumentationBackend(11860): Added:'AndroidSDKVersion', with key:'android_sdk_version'
06-05 12:35:24.400 I/InstrumentationBackend(11860): Added:'Version', with key:'version'
06-05 12:35:24.400 I/InstrumentationBackend(11860): Added:'Drag', with key:'drag'
06-05 12:35:24.400 I/InstrumentationBackend(11860): Added:'TouchCoordinates', with key:'touch_coordinate'
06-05 12:35:24.401 I/InstrumentationBackend(11860): Added:'LongPressCoordinate', with key:'long_press_coordinate'
06-05 12:35:24.401 I/InstrumentationBackend(11860): Added:'DragCoordinates', with key:'drag_coordinates'
06-05 12:35:24.401 I/InstrumentationBackend(11860): Added:'ResumeApplication', with key:'resume_application'
06-05 12:35:24.401 I/InstrumentationBackend(11860): Added:'Swipe', with key:'swipe'
06-05 12:35:24.401 I/InstrumentationBackend(11860): Added:'DoubleTapCoordinate', with key:'double_tap_coordinate'
06-05 12:35:24.401 I/InstrumentationBackend(11860): Added:'ClickOnScreen', with key:'click_on_screen'
06-05 12:35:24.401 I/InstrumentationBackend(11860): Added:'GetActivityName', with key:'get_activity_name'
06-05 12:35:24.401 I/InstrumentationBackend(11860): Added:'ScrollToView', with key:'scroll_to_view'
06-05 12:35:24.401 I/InstrumentationBackend(11860): Added:'ViewConfiguration', with key:'view_configuration'
06-05 12:35:24.401 I/InstrumentationBackend(11860): Added:'IsCurrentActivityFocused', with key:'is_current_activity_focused'
06-05 12:35:24.401 I/InstrumentationBackend(11860): Added:'SendTcp', with key:'send_tcp'
06-05 12:35:24.401 I/InstrumentationBackend(11860): Added:'DpToDevicePixel', with key:'dp_to_device_pixel'
06-05 12:35:24.401 I/InstrumentationBackend(11860): Added:'KeyboardEnterText', with key:'keyboard_enter_text'
06-05 12:35:24.401 I/InstrumentationBackend(11860): Added:'DeleteSurroundingText', with key:'delete_surrounding_text'
06-05 12:35:24.401 I/InstrumentationBackend(11860): Added:'SetComposingRegion', with key:'set_composing_region'
06-05 12:35:24.401 I/InstrumentationBackend(11860): Added:'SetSelection', with key:'set_selection'
06-05 12:35:24.401 I/InstrumentationBackend(11860): Added:'KeyboardKeyEvent', with key:'keyboard_key_event'
06-05 12:35:24.401 I/InstrumentationBackend(11860): Added:'PressUserActionButton', with key:'press_user_action_button'
06-05 12:35:24.401 I/InstrumentationBackend(11860): Added:'HideSoftKeyboard', with key:'hide_soft_keyboard'
06-05 12:35:24.401 I/InstrumentationBackend(11860): Added:'ListActions', with key:'list_actions'
06-05 12:35:24.402 I/calabash(11860): Instantiating http server at 7102
06-05 12:35:24.402 I/System.out(11860): HTTP Daemon listening on: 7102
06-05 12:35:24.417 D/EGL_emulation( 1792): eglMakeCurrent: 0x992abea0: ver 2 0 (tinfo 0xa5a6f110)
06-05 12:35:24.428 I/WindowManager( 1659): WIN DEATH: Window{2d9c569 u0 com.evancharlton.mileage/com.evancharlton.mileage.ExportActivity}
06-05 12:35:24.429 I/WindowManager( 1659): Destroying surface Surface(name=com.evancharlton.mileage/com.evancharlton.mileage.ExportActivity) called by com.android.server.wm.WindowStateAnimator.destroySurface:2016 com.android.server.wm.WindowStateAnimator.destroySurfaceLocked:882 com.android.server.wm.WindowState.removeLocked:1456 com.android.server.wm.WindowManagerService.removeWindowInnerLocked:2484 com.android.server.wm.WindowManagerService.removeWindowLocked:2442 com.android.server.wm.WindowState$DeathRecipient.binderDied:1787 android.os.BinderProxy.sendDeathNotice:688 <bottom of call stack> 
06-05 12:35:24.451 D/EGL_emulation( 1792): eglMakeCurrent: 0x992abea0: ver 2 0 (tinfo 0xa5a6f110)
06-05 12:35:24.456 D/EGL_emulation( 1792): eglMakeCurrent: 0x992abea0: ver 2 0 (tinfo 0xa5a6f110)
06-05 12:35:24.458 D/EGL_emulation( 1792): eglMakeCurrent: 0x992abea0: ver 2 0 (tinfo 0xa5a6f110)
06-05 12:35:24.460 D/EGL_emulation( 1792): eglMakeCurrent: 0x992abea0: ver 2 0 (tinfo 0xa5a6f110)
06-05 12:35:24.464 D/EGL_emulation( 1792): eglMakeCurrent: 0x992abea0: ver 2 0 (tinfo 0xa5a6f110)
06-05 12:35:24.466 D/EGL_emulation( 1792): eglMakeCurrent: 0x992abea0: ver 2 0 (tinfo 0xa5a6f110)
06-05 12:35:24.481 D/EGL_emulation( 1792): eglMakeCurrent: 0x992abea0: ver 2 0 (tinfo 0xa5a6f110)
06-05 12:35:24.483 D/EGL_emulation( 1792): eglMakeCurrent: 0x992abea0: ver 2 0 (tinfo 0xa5a6f110)
06-05 12:35:24.494 I/System.out(11860): URI: //ping
06-05 12:35:24.494 I/System.out(11860): params: {json={}
06-05 12:35:24.494 I/System.out(11860): }
06-05 12:35:24.497 D/EGL_emulation( 1792): eglMakeCurrent: 0x992abea0: ver 2 0 (tinfo 0xa5a6f110)
06-05 12:35:24.499 I/System.out(11860): URI: //ping
06-05 12:35:24.499 I/System.out(11860): params: {json={}
06-05 12:35:24.499 I/System.out(11860): }
06-05 12:35:24.502 D/EGL_emulation( 1792): eglMakeCurrent: 0x992abea0: ver 2 0 (tinfo 0xa5a6f110)
06-05 12:35:24.503 I/System.out(11860): URI: //ready
06-05 12:35:24.503 I/System.out(11860): params: {json={}
06-05 12:35:24.503 I/System.out(11860): }
06-05 12:35:24.507 I/System.out(11860): URI: //
06-05 12:35:24.507 I/System.out(11860): params: {json={"command":"version","arguments":[]}
06-05 12:35:24.507 I/System.out(11860): }
06-05 12:35:24.507 I/System.out(11860): header: {content-type=application/json;charset=utf-8, date=Fri, 05 Jun 2020 17:35:25 GMT, accept=*/*, host=127.0.0.1:34782, content-length=36, user-agent=HTTPClient/1.0 (2.8.3, ruby 2.5.1 (2018-03-29))}
06-05 12:35:24.507 I/System.out(11860): params: {json={"command":"version","arguments":[]}
06-05 12:35:24.507 I/System.out(11860): }
06-05 12:35:24.507 I/System.out(11860): ProP json = {"command":"version","arguments":[]}
06-05 12:35:24.507 I/System.out(11860): files: {}
06-05 12:35:24.507 I/System.out(11860): command: {"command":"version","arguments":[]}
06-05 12:35:24.514 D/EGL_emulation( 1792): eglMakeCurrent: 0x992abea0: ver 2 0 (tinfo 0xa5a6f110)
06-05 12:35:24.517 D/EGL_emulation( 1792): eglMakeCurrent: 0x992abea0: ver 2 0 (tinfo 0xa5a6f110)
06-05 12:35:24.517 I/InstrumentationBackend(11860): Got command:'Command:'Line:null,version', arguments:'[]'
06-05 12:35:24.528 I/System.out(11860): result:{"bonusInformation":[],"message":"0.9.8","success":true}
06-05 12:35:24.530 D/EGL_emulation( 1792): eglMakeCurrent: 0x992abea0: ver 2 0 (tinfo 0xa5a6f110)
06-05 12:35:24.531 I/System.out(11860): URI: //start-application
06-05 12:35:24.531 I/System.out(11860): params: {json={"intent":null}
06-05 12:35:24.531 I/System.out(11860): }
06-05 12:35:24.533 D/EGL_emulation( 1792): eglMakeCurrent: 0x992abea0: ver 2 0 (tinfo 0xa5a6f110)
06-05 12:35:24.542 I/ActivityManager( 1659): START u0 {act=android.intent.action.MAIN cat=[android.intent.category.LAUNCHER] flg=0x10200000 cmp=com.evancharlton.mileage/.Mileage} from uid 10082 on display 0
06-05 12:35:24.547 D/EGL_emulation( 1792): eglMakeCurrent: 0x992abea0: ver 2 0 (tinfo 0xa5a6f110)
06-05 12:35:24.563 I/WindowManager( 1659): Destroying surface Surface(name=InputMethod) called by com.android.server.wm.WindowStateAnimator.destroySurface:2016 com.android.server.wm.WindowStateAnimator.destroySurfaceLocked:882 com.android.server.wm.WindowState.destroyOrSaveSurface:2100 com.android.server.wm.WindowSurfacePlacer.performSurfacePlacementInner:429 com.android.server.wm.WindowSurfacePlacer.performSurfacePlacementLoop:232 com.android.server.wm.WindowSurfacePlacer.performSurfacePlacement:180 com.android.server.wm.WindowManagerService.relayoutWindow:2943 com.android.server.wm.Session.relayout:224 
06-05 12:35:24.563 D/EGL_emulation( 1792): eglMakeCurrent: 0x992abea0: ver 2 0 (tinfo 0xa5a6f110)
06-05 12:35:24.564 D/gralloc_ranchu( 1352): gralloc_alloc: Creating ashmem region of size 9023488
06-05 12:35:24.564 I/calabash(11860): newActivity1
06-05 12:35:24.565 D/EGL_emulation( 1792): eglMakeCurrent: 0x992abea0: ver 2 0 (tinfo 0xa5a6f110)
06-05 12:35:24.574 I/calabash(11860): newActivity1
06-05 12:35:24.575 W/ActivityManager( 1659): Bad activity token: android.os.BinderProxy@1f2f867
06-05 12:35:24.575 W/ActivityManager( 1659): java.lang.ClassCastException: android.os.BinderProxy cannot be cast to com.android.server.am.ActivityRecord$Token
06-05 12:35:24.575 W/ActivityManager( 1659): 	at com.android.server.am.ActivityRecord.forTokenLocked(ActivityRecord.java:586)
06-05 12:35:24.575 W/ActivityManager( 1659): 	at com.android.server.am.ActivityRecord.isInStackLocked(ActivityRecord.java:1327)
06-05 12:35:24.575 W/ActivityManager( 1659): 	at com.android.server.am.ActivityRecord.getStackLocked(ActivityRecord.java:1332)
06-05 12:35:24.575 W/ActivityManager( 1659): 	at com.android.server.am.ActivityManagerService.getActivityDisplayId(ActivityManagerService.java:9806)
06-05 12:35:24.575 W/ActivityManager( 1659): 	at android.app.ActivityManagerNative.onTransact(ActivityManagerNative.java:2566)
06-05 12:35:24.575 W/ActivityManager( 1659): 	at com.android.server.am.ActivityManagerService.onTransact(ActivityManagerService.java:2757)
06-05 12:35:24.575 W/ActivityManager( 1659): 	at android.os.Binder.execTransact(Binder.java:565)
06-05 12:35:24.576 W/ActivityManager( 1659): Bad activity token: android.os.BinderProxy@1f2f867
06-05 12:35:24.576 W/ActivityManager( 1659): java.lang.ClassCastException: android.os.BinderProxy cannot be cast to com.android.server.am.ActivityRecord$Token
06-05 12:35:24.576 W/ActivityManager( 1659): 	at com.android.server.am.ActivityRecord.forTokenLocked(ActivityRecord.java:586)
06-05 12:35:24.576 W/ActivityManager( 1659): 	at com.android.server.am.ActivityRecord.isInStackLocked(ActivityRecord.java:1327)
06-05 12:35:24.576 W/ActivityManager( 1659): 	at com.android.server.am.ActivityManagerService.setTaskDescription(ActivityManagerService.java:9358)
06-05 12:35:24.576 W/ActivityManager( 1659): 	at android.app.ActivityManagerNative.onTransact(ActivityManagerNative.java:2639)
06-05 12:35:24.576 W/ActivityManager( 1659): 	at com.android.server.am.ActivityManagerService.onTransact(ActivityManagerService.java:2757)
06-05 12:35:24.576 W/ActivityManager( 1659): 	at android.os.Binder.execTransact(Binder.java:565)
06-05 12:35:24.576 W/ActivityManager( 1659): Bad activity token: android.os.BinderProxy@1f2f867
06-05 12:35:24.576 W/ActivityManager( 1659): java.lang.ClassCastException: android.os.BinderProxy cannot be cast to com.android.server.am.ActivityRecord$Token
06-05 12:35:24.576 W/ActivityManager( 1659): 	at com.android.server.am.ActivityRecord.forTokenLocked(ActivityRecord.java:586)
06-05 12:35:24.576 W/ActivityManager( 1659): 	at com.android.server.am.ActivityRecord.isInStackLocked(ActivityRecord.java:1327)
06-05 12:35:24.576 W/ActivityManager( 1659): 	at com.android.server.am.ActivityRecord.getStackLocked(ActivityRecord.java:1332)
06-05 12:35:24.576 W/ActivityManager( 1659): 	at com.android.server.am.ActivityManagerService.getActivityStackId(ActivityManagerService.java:9817)
06-05 12:35:24.576 W/ActivityManager( 1659): 	at android.app.ActivityManagerNative.onTransact(ActivityManagerNative.java:2856)
06-05 12:35:24.576 W/ActivityManager( 1659): 	at com.android.server.am.ActivityManagerService.onTransact(ActivityManagerService.java:2757)
06-05 12:35:24.576 W/ActivityManager( 1659): 	at android.os.Binder.execTransact(Binder.java:565)
06-05 12:35:24.580 D/EGL_emulation( 1792): eglMakeCurrent: 0x992abea0: ver 2 0 (tinfo 0xa5a6f110)
06-05 12:35:24.581 D/EGL_emulation( 1792): eglMakeCurrent: 0x992abea0: ver 2 0 (tinfo 0xa5a6f110)
06-05 12:35:24.590 W/ActivityManager( 1659): Bad activity token: android.os.BinderProxy@1f2f867
06-05 12:35:24.590 W/ActivityManager( 1659): java.lang.ClassCastException: android.os.BinderProxy cannot be cast to com.android.server.am.ActivityRecord$Token
06-05 12:35:24.590 W/ActivityManager( 1659): 	at com.android.server.am.ActivityRecord.forTokenLocked(ActivityRecord.java:586)
06-05 12:35:24.590 W/ActivityManager( 1659): 	at com.android.server.am.ActivityRecord.isInStackLocked(ActivityRecord.java:1327)
06-05 12:35:24.590 W/ActivityManager( 1659): 	at com.android.server.am.ActivityManagerService.getActivityOptions(ActivityManagerService.java:12559)
06-05 12:35:24.590 W/ActivityManager( 1659): 	at android.app.ActivityManagerNative.onTransact(ActivityManagerNative.java:1933)
06-05 12:35:24.590 W/ActivityManager( 1659): 	at com.android.server.am.ActivityManagerService.onTransact(ActivityManagerService.java:2757)
06-05 12:35:24.590 W/ActivityManager( 1659): 	at android.os.Binder.execTransact(Binder.java:565)
06-05 12:35:24.590 W/ActivityManager( 1659): Bad activity token: android.os.BinderProxy@1f2f867
06-05 12:35:24.590 W/ActivityManager( 1659): java.lang.ClassCastException: android.os.BinderProxy cannot be cast to com.android.server.am.ActivityRecord$Token
06-05 12:35:24.590 W/ActivityManager( 1659): 	at com.android.server.am.ActivityRecord.forTokenLocked(ActivityRecord.java:586)
06-05 12:35:24.590 W/ActivityManager( 1659): 	at com.android.server.am.ActivityRecord.isInStackLocked(ActivityRecord.java:1327)
06-05 12:35:24.590 W/ActivityManager( 1659): 	at com.android.server.am.ActivityManagerService.getActivityOptions(ActivityManagerService.java:12559)
06-05 12:35:24.590 W/ActivityManager( 1659): 	at android.app.ActivityManagerNative.onTransact(ActivityManagerNative.java:1933)
06-05 12:35:24.590 W/ActivityManager( 1659): 	at com.android.server.am.ActivityManagerService.onTransact(ActivityManagerService.java:2757)
06-05 12:35:24.590 W/ActivityManager( 1659): 	at android.os.Binder.execTransact(Binder.java:565)
06-05 12:35:24.596 D/EGL_emulation( 1792): eglMakeCurrent: 0x992abea0: ver 2 0 (tinfo 0xa5a6f110)
06-05 12:35:24.596 D/EGL_emulation( 2389): eglMakeCurrent: 0xb1284ec0: ver 2 0 (tinfo 0x98c170c0)
06-05 12:35:24.598 D/EGL_emulation( 1792): eglMakeCurrent: 0x992abea0: ver 2 0 (tinfo 0xa5a6f110)
06-05 12:35:24.598 V/PhoneStatusBar( 1792): setLightsOn(true)
06-05 12:35:24.614 D/EGL_emulation( 1792): eglMakeCurrent: 0x992abea0: ver 2 0 (tinfo 0xa5a6f110)
06-05 12:35:24.614 V/PhoneStatusBar( 1792): setLightsOn(true)
06-05 12:35:24.630 D/gralloc_ranchu( 1352): gralloc_alloc: Creating ashmem region of size 9023488
06-05 12:35:24.630 D/EGL_emulation( 1792): eglMakeCurrent: 0x992abea0: ver 2 0 (tinfo 0xa5a6f110)
06-05 12:35:24.634 D/        (11860): HostConnection::get() New Host Connection established 0xa77da4c0, tid 11860
06-05 12:35:24.634 D/EGL_emulation( 1792): eglMakeCurrent: 0x992abea0: ver 2 0 (tinfo 0xa5a6f110)
06-05 12:35:24.635 V/PhoneStatusBar( 1792): setLightsOn(true)
06-05 12:35:24.656 D/EGL_emulation( 1792): eglMakeCurrent: 0x992abea0: ver 2 0 (tinfo 0xa5a6f110)
06-05 12:35:24.658 D/EGL_emulation( 1792): eglMakeCurrent: 0x992abea0: ver 2 0 (tinfo 0xa5a6f110)
06-05 12:35:24.663 D/EGL_emulation( 1792): eglMakeCurrent: 0x992abea0: ver 2 0 (tinfo 0xa5a6f110)
06-05 12:35:24.669 D/EGL_emulation( 1792): eglMakeCurrent: 0x992abea0: ver 2 0 (tinfo 0xa5a6f110)
06-05 12:35:24.670 I/ActivityManager( 1659): Displayed com.evancharlton.mileage/.Mileage: +124ms
06-05 12:35:24.680 D/gralloc_ranchu( 1352): gralloc_alloc: Creating ashmem region of size 9023488
06-05 12:35:24.680 D/EGL_emulation( 1792): eglMakeCurrent: 0x992abea0: ver 2 0 (tinfo 0xa5a6f110)
06-05 12:35:24.686 D/EGL_emulation( 1792): eglMakeCurrent: 0x992abea0: ver 2 0 (tinfo 0xa5a6f110)
06-05 12:35:24.696 D/EGL_emulation( 1792): eglMakeCurrent: 0x992abea0: ver 2 0 (tinfo 0xa5a6f110)
06-05 12:35:24.704 D/EGL_emulation( 1792): eglMakeCurrent: 0x992abea0: ver 2 0 (tinfo 0xa5a6f110)
06-05 12:35:24.705 V/PhoneStatusBar( 1792): setLightsOn(true)
06-05 12:35:24.719 D/EGL_emulation( 1792): eglMakeCurrent: 0x992abea0: ver 2 0 (tinfo 0xa5a6f110)
06-05 12:35:24.721 D/EGL_emulation( 1792): eglMakeCurrent: 0x992abea0: ver 2 0 (tinfo 0xa5a6f110)
06-05 12:35:24.730 D/EGL_emulation( 1792): eglMakeCurrent: 0x992abea0: ver 2 0 (tinfo 0xa5a6f110)
06-05 12:35:24.731 D/EGL_emulation( 1792): eglMakeCurrent: 0x992abea0: ver 2 0 (tinfo 0xa5a6f110)
06-05 12:35:24.748 D/EGL_emulation( 1792): eglMakeCurrent: 0x992abea0: ver 2 0 (tinfo 0xa5a6f110)
06-05 12:35:24.754 D/EGL_emulation( 1792): eglMakeCurrent: 0x992abea0: ver 2 0 (tinfo 0xa5a6f110)
06-05 12:35:24.765 D/EGL_emulation( 1792): eglMakeCurrent: 0x992abea0: ver 2 0 (tinfo 0xa5a6f110)
06-05 12:35:24.770 D/EGL_emulation( 1792): eglMakeCurrent: 0x992abea0: ver 2 0 (tinfo 0xa5a6f110)
06-05 12:35:24.781 D/EGL_emulation( 1792): eglMakeCurrent: 0x992abea0: ver 2 0 (tinfo 0xa5a6f110)
06-05 12:35:24.788 D/EGL_emulation( 1792): eglMakeCurrent: 0x992abea0: ver 2 0 (tinfo 0xa5a6f110)
06-05 12:35:24.798 D/EGL_emulation( 1792): eglMakeCurrent: 0x992abea0: ver 2 0 (tinfo 0xa5a6f110)
06-05 12:35:24.804 D/EGL_emulation( 1792): eglMakeCurrent: 0x992abea0: ver 2 0 (tinfo 0xa5a6f110)
06-05 12:35:24.814 D/EGL_emulation( 1792): eglMakeCurrent: 0x992abea0: ver 2 0 (tinfo 0xa5a6f110)
06-05 12:35:24.863 I/WindowManager( 1659): Destroying surface Surface(name=Starting com.evancharlton.mileage) called by com.android.server.wm.WindowStateAnimator.destroySurface:2016 com.android.server.wm.WindowStateAnimator.destroySurfaceLocked:882 com.android.server.wm.WindowState.destroyOrSaveSurface:2100 com.android.server.wm.AppWindowToken.destroySurfaces:363 com.android.server.wm.WindowStateAnimator.finishExit:565 com.android.server.wm.WindowStateAnimator.stepAnimationLocked:491 com.android.server.wm.WindowAnimator.updateWindowsLocked:303 com.android.server.wm.WindowAnimator.animateLocked:704 
06-05 12:35:24.868 V/PhoneStatusBar( 1792): setLightsOn(true)
06-05 12:35:24.871 V/PhoneStatusBar( 1792): setLightsOn(true)
06-05 12:35:25.015 V/PhoneStatusBar( 1792): setLightsOn(true)
06-05 12:35:25.315 V/PhoneStatusBar( 1792): setLightsOn(true)
06-05 12:35:25.315 W/OpenGLRenderer( 2389): Incorrectly called buildLayer on View: ShortcutAndWidgetContainer, destroying layer...
06-05 12:35:25.318 V/PhoneStatusBar( 1792): setLightsOn(true)
06-05 12:35:25.331 V/PhoneStatusBar( 1792): setLightsOn(true)
06-05 12:35:25.332 I/WindowManager( 1659): Destroying surface Surface(name=com.android.launcher3/com.android.launcher3.Launcher) called by com.android.server.wm.WindowStateAnimator.destroySurface:2016 com.android.server.wm.WindowStateAnimator.destroySurfaceLocked:882 com.android.server.wm.WindowState.destroyOrSaveSurface:2100 com.android.server.wm.AppWindowToken.destroySurfaces:363 com.android.server.wm.AppWindowToken.notifyAppStopped:389 com.android.server.wm.WindowManagerService.notifyAppStopped:4463 com.android.server.am.ActivityStack.activityStoppedLocked:1252 com.android.server.am.ActivityManagerService.activityStopped:6903 
06-05 12:35:25.734 I/System.out(11860): URI: //
06-05 12:35:25.734 I/System.out(11860): params: {json={"command":"press_key","arguments":["KEYCODE_MENU"]}
06-05 12:35:25.734 I/System.out(11860): }
06-05 12:35:25.734 I/System.out(11860): header: {content-type=application/json;charset=utf-8, date=Fri, 05 Jun 2020 17:35:26 GMT, accept=*/*, host=127.0.0.1:34782, content-length=52, user-agent=HTTPClient/1.0 (2.8.3, ruby 2.5.1 (2018-03-29))}
06-05 12:35:25.734 I/System.out(11860): params: {json={"command":"press_key","arguments":["KEYCODE_MENU"]}
06-05 12:35:25.734 I/System.out(11860): }
06-05 12:35:25.734 I/System.out(11860): ProP json = {"command":"press_key","arguments":["KEYCODE_MENU"]}
06-05 12:35:25.734 I/System.out(11860): files: {}
06-05 12:35:25.734 I/System.out(11860): command: {"command":"press_key","arguments":["KEYCODE_MENU"]}
06-05 12:35:25.739 I/InstrumentationBackend(11860): Got command:'Command:'Line:null,press_key', arguments:'[KEYCODE_MENU]'
06-05 12:35:25.771 V/PhoneStatusBar( 1792): setLightsOn(true)
06-05 12:35:25.785 V/PhoneStatusBar( 1792): setLightsOn(true)
06-05 12:35:25.788 I/System.out(11860): result:{"bonusInformation":[],"message":"","success":true}
06-05 12:35:25.795 I/System.out(11860): URI: //map
06-05 12:35:25.795 I/System.out(11860): params: {json={"query":"* marked:'Settings'","operation":{"method_name":"query","arguments":[]}}
06-05 12:35:25.795 I/System.out(11860): }
06-05 12:35:25.798 V/PhoneStatusBar( 1792): setLightsOn(true)
06-05 12:35:25.814 V/PhoneStatusBar( 1792): setLightsOn(true)
06-05 12:35:25.815 D/gralloc_ranchu( 1352): gralloc_alloc: Creating ashmem region of size 1720320
06-05 12:35:25.823 V/PhoneStatusBar( 1792): setLightsOn(true)
06-05 12:35:25.824 V/PhoneStatusBar( 1792): setLightsOn(true)
06-05 12:35:25.830 V/PhoneStatusBar( 1792): setLightsOn(true)
06-05 12:35:25.862 W/ResourceType(11860): No package identifier when getting name for resource number 0x00000001
06-05 12:35:25.874 I/System.out(11860): URI: //gesture
06-05 12:35:25.874 I/System.out(11860): params: {json={"query_timeout":5.0,"gestures":[{"query_string":"* marked:'Settings'","touches":[{"x":50,"y":50,"offset_x":0,"offset_y":0,"wait":0.0,"time":0.2,"release":true,"query_string":null}]}]}
06-05 12:35:25.874 I/System.out(11860): }
06-05 12:35:25.918 W/ResourceType(11860): No package identifier when getting name for resource number 0x00000001
06-05 12:35:25.951 D/gralloc_ranchu( 1352): gralloc_alloc: Creating ashmem region of size 9023488
06-05 12:35:26.046 V/PhoneStatusBar( 1792): setLightsOn(true)
06-05 12:35:26.065 D/gralloc_ranchu( 1352): gralloc_alloc: Creating ashmem region of size 1720320
06-05 12:35:26.149 I/ActivityManager( 1659): START u0 {cmp=com.evancharlton.mileage/.SettingsActivity} from uid 10082 on display 0
06-05 12:35:26.153 V/PhoneStatusBar( 1792): setLightsOn(true)
06-05 12:35:26.155 V/PhoneStatusBar( 1792): setLightsOn(true)
06-05 12:35:26.169 I/WindowManager( 1659): Destroying surface Surface(name=AtchDlg:com.evancharlton.mileage/com.evancharlton.mileage.FillupActivity) called by com.android.server.wm.WindowStateAnimator.destroySurface:2016 com.android.server.wm.WindowStateAnimator.destroySurfaceLocked:882 com.android.server.wm.WindowState.removeLocked:1456 com.android.server.wm.WindowManagerService.removeWindowInnerLocked:2484 com.android.server.wm.WindowManagerService.removeWindowLocked:2442 com.android.server.wm.WindowManagerService.removeWindowLocked:2311 com.android.server.wm.WindowManagerService.removeWindow:2306 com.android.server.wm.Session.remove:202 
06-05 12:35:26.171 I/calabash(11860): newActivity1
06-05 12:35:26.181 I/System.out(11860): URI: //map
06-05 12:35:26.181 I/System.out(11860): params: {json={"query":"* {text CONTAINS[c] 'Settings'}","operation":{"method_name":"query","arguments":[]}}
06-05 12:35:26.181 I/System.out(11860): }
06-05 12:35:26.214 V/PhoneStatusBar( 1792): setLightsOn(true)
06-05 12:35:26.230 V/PhoneStatusBar( 1792): setLightsOn(true)
06-05 12:35:26.244 D/gralloc_ranchu( 1352): gralloc_alloc: Creating ashmem region of size 9023488
06-05 12:35:26.270 I/ActivityManager( 1659): Displayed com.evancharlton.mileage/.SettingsActivity: +111ms
06-05 12:35:26.280 D/gralloc_ranchu( 1352): gralloc_alloc: Creating ashmem region of size 9023488
06-05 12:35:26.281 V/PhoneStatusBar( 1792): setLightsOn(true)
06-05 12:35:26.313 V/PhoneStatusBar( 1792): setLightsOn(true)
06-05 12:35:26.327 D/gralloc_ranchu( 1352): gralloc_alloc: Creating ashmem region of size 9023488
06-05 12:35:26.330 V/PhoneStatusBar( 1792): setLightsOn(true)
06-05 12:35:26.515 V/PhoneStatusBar( 1792): setLightsOn(true)
06-05 12:35:26.585 I/System.out(11860): URI: //map
06-05 12:35:26.585 I/System.out(11860): params: {json={"query":"* {text CONTAINS[c] 'Settings'}","operation":{"method_name":"query","arguments":[]}}
06-05 12:35:26.585 I/System.out(11860): }
06-05 12:35:26.609 I/art     (11860): Do partial code cache collection, code=29KB, data=29KB
06-05 12:35:26.610 I/art     (11860): After code cache collection, code=26KB, data=28KB
06-05 12:35:26.610 I/art     (11860): Increasing code cache capacity to 128KB
06-05 12:35:26.627 I/System.out(11860): URI: //map
06-05 12:35:26.627 I/System.out(11860): params: {json={"query":"* {text CONTAINS[c] 'Store location'}","operation":{"method_name":"query","arguments":[]}}
06-05 12:35:26.627 I/System.out(11860): }
06-05 12:35:26.642 I/System.out(11860): URI: //map
06-05 12:35:26.642 I/System.out(11860): params: {json={"query":"* {text CONTAINS[c] 'Your location for fillups will be stored privately'}","operation":{"method_name":"query","arguments":[]}}
06-05 12:35:26.642 I/System.out(11860): }
06-05 12:35:26.646 V/PhoneStatusBar( 1792): setLightsOn(true)
06-05 12:35:26.646 V/PhoneStatusBar( 1792): setLightsOn(true)
06-05 12:35:26.656 I/System.out(11860): URI: //map
06-05 12:35:26.656 I/System.out(11860): params: {json={"query":"* marked:'Fillup options'","operation":{"method_name":"query","arguments":[]}}
06-05 12:35:26.656 I/System.out(11860): }
06-05 12:35:26.664 V/PhoneStatusBar( 1792): setLightsOn(true)
06-05 12:35:26.665 I/WindowManager( 1659): Destroying surface Surface(name=com.evancharlton.mileage/com.evancharlton.mileage.Mileage) called by com.android.server.wm.WindowStateAnimator.destroySurface:2016 com.android.server.wm.WindowStateAnimator.destroySurfaceLocked:882 com.android.server.wm.WindowState.destroyOrSaveSurface:2100 com.android.server.wm.WindowManagerService.tryStartExitingAnimation:3024 com.android.server.wm.WindowManagerService.relayoutWindow:2904 com.android.server.wm.Session.relayout:224 android.view.IWindowSession$Stub.onTransact:286 com.android.server.wm.Session.onTransact:145 
06-05 12:35:26.666 V/PhoneStatusBar( 1792): setLightsOn(true)
06-05 12:35:26.672 W/ResourceType(11860): No package identifier when getting name for resource number 0x00000001
06-05 12:35:26.688 I/System.out(11860): URI: //gesture
06-05 12:35:26.688 I/System.out(11860): params: {json={"query_timeout":5.0,"gestures":[{"query_string":"* marked:'Fillup options'","touches":[{"x":50,"y":50,"offset_x":0,"offset_y":0,"wait":0.0,"time":0.2,"release":true,"query_string":null}]}]}
06-05 12:35:26.688 I/System.out(11860): }
06-05 12:35:26.693 W/ResourceType(11860): No package identifier when getting name for resource number 0x00000001
06-05 12:35:26.935 V/PhoneStatusBar( 1792): setLightsOn(true)
06-05 12:35:26.970 I/System.out(11860): URI: //map
06-05 12:35:26.970 I/System.out(11860): params: {json={"query":"* {text CONTAINS[c] 'Unit price, volume'}","operation":{"method_name":"query","arguments":[]}}
06-05 12:35:26.970 I/System.out(11860): }
06-05 12:35:26.996 V/PhoneStatusBar( 1792): setLightsOn(true)
06-05 12:35:27.015 V/PhoneStatusBar( 1792): setLightsOn(true)
06-05 12:35:27.024 D/gralloc_ranchu( 1352): gralloc_alloc: Creating ashmem region of size 3637248
06-05 12:35:27.055 V/PhoneStatusBar( 1792): setLightsOn(true)
06-05 12:35:27.056 V/PhoneStatusBar( 1792): setLightsOn(true)
06-05 12:35:27.062 D/gralloc_ranchu( 1352): gralloc_alloc: Creating ashmem region of size 3637248
06-05 12:35:27.064 V/PhoneStatusBar( 1792): setLightsOn(true)
06-05 12:35:27.315 V/PhoneStatusBar( 1792): setLightsOn(true)
06-05 12:35:27.383 I/System.out(11860): URI: //map
06-05 12:35:27.383 I/System.out(11860): params: {json={"query":"* {text CONTAINS[c] 'Unit price, volume'}","operation":{"method_name":"query","arguments":[]}}
06-05 12:35:27.383 I/System.out(11860): }
06-05 12:35:27.421 I/System.out(11860): URI: //map
06-05 12:35:27.421 I/System.out(11860): params: {json={"query":"* {text CONTAINS[c] 'Total cost, volume'}","operation":{"method_name":"query","arguments":[]}}
06-05 12:35:27.421 I/System.out(11860): }
06-05 12:35:27.437 I/System.out(11860): URI: //map
06-05 12:35:27.437 I/System.out(11860): params: {json={"query":"* {text CONTAINS[c] 'Total cost, unit price'}","operation":{"method_name":"query","arguments":[]}}
06-05 12:35:27.437 I/System.out(11860): }
06-05 12:35:27.449 I/System.out(11860): URI: //map
06-05 12:35:27.449 I/System.out(11860): params: {json={"query":"* marked:'Cancel'","operation":{"method_name":"query","arguments":[]}}
06-05 12:35:27.449 I/System.out(11860): }
06-05 12:35:27.455 W/ResourceType(11860): No package identifier when getting name for resource number 0x00000001
06-05 12:35:27.463 I/System.out(11860): URI: //gesture
06-05 12:35:27.463 I/System.out(11860): params: {json={"query_timeout":5.0,"gestures":[{"query_string":"* marked:'Cancel'","touches":[{"x":50,"y":50,"offset_x":0,"offset_y":0,"wait":0.0,"time":0.2,"release":true,"query_string":null}]}]}
06-05 12:35:27.463 I/System.out(11860): }
06-05 12:35:27.467 W/ResourceType(11860): No package identifier when getting name for resource number 0x00000001
06-05 12:35:27.704 V/PhoneStatusBar( 1792): setLightsOn(true)
06-05 12:35:27.705 V/PhoneStatusBar( 1792): setLightsOn(true)
06-05 12:35:27.716 W/InputMethodManagerService( 1659): Window already focused, ignoring focus gain of: com.android.internal.view.IInputMethodClient$Stub$Proxy@74c273f attribute=null, token = android.os.BinderProxy@d3c9e6b
06-05 12:35:27.729 I/System.out(11860): URI: //map
06-05 12:35:27.729 I/System.out(11860): params: {json={"query":"* {text CONTAINS[c] 'Choose the most convenient way to enter data'}","operation":{"method_name":"query","arguments":[]}}
06-05 12:35:27.729 I/System.out(11860): }
06-05 12:35:27.737 I/art     (11860): Do partial code cache collection, code=60KB, data=62KB
06-05 12:35:27.738 I/art     (11860): After code cache collection, code=60KB, data=62KB
06-05 12:35:27.738 I/art     (11860): Increasing code cache capacity to 256KB
06-05 12:35:27.780 I/System.out(11860): URI: //map
06-05 12:35:27.780 I/System.out(11860): params: {json={"query":"* {text CONTAINS[c] 'Perform backups'}","operation":{"method_name":"query","arguments":[]}}
06-05 12:35:27.780 I/System.out(11860): }
06-05 12:35:27.800 I/System.out(11860): URI: //map
06-05 12:35:27.800 I/System.out(11860): params: {json={"query":"* {text CONTAINS[c] 'Your data will be automatically copied to external storage'}","operation":{"method_name":"query","arguments":[]}}
06-05 12:35:27.800 I/System.out(11860): }
06-05 12:35:27.817 I/System.out(11860): URI: //map
06-05 12:35:27.817 I/System.out(11860): params: {json={"query":"* marked:'Change units'","operation":{"method_name":"query","arguments":[]}}
06-05 12:35:27.817 I/System.out(11860): }
06-05 12:35:27.821 W/ResourceType(11860): No package identifier when getting name for resource number 0x00000001
06-05 12:35:27.830 I/System.out(11860): URI: //gesture
06-05 12:35:27.830 I/System.out(11860): params: {json={"query_timeout":5.0,"gestures":[{"query_string":"* marked:'Change units'","touches":[{"x":50,"y":50,"offset_x":0,"offset_y":0,"wait":0.0,"time":0.2,"release":true,"query_string":null}]}]}
06-05 12:35:27.830 I/System.out(11860): }
06-05 12:35:27.834 W/ResourceType(11860): No package identifier when getting name for resource number 0x00000001
06-05 12:35:27.980 I/WindowManager( 1659): Destroying surface Surface(name=com.evancharlton.mileage/com.evancharlton.mileage.SettingsActivity) called by com.android.server.wm.WindowStateAnimator.destroySurface:2016 com.android.server.wm.WindowStateAnimator.destroySurfaceLocked:882 com.android.server.wm.WindowState.destroyOrSaveSurface:2100 com.android.server.wm.AppWindowToken.destroySurfaces:363 com.android.server.wm.WindowStateAnimator.finishExit:565 com.android.server.wm.WindowStateAnimator.stepAnimationLocked:491 com.android.server.wm.WindowAnimator.updateWindowsLocked:303 com.android.server.wm.WindowAnimator.animateLocked:704 
06-05 12:35:27.982 V/PhoneStatusBar( 1792): setLightsOn(true)
06-05 12:35:28.006 V/PhoneStatusBar( 1792): setLightsOn(true)
06-05 12:35:28.076 V/PhoneStatusBar( 1792): setLightsOn(true)
06-05 12:35:28.104 I/System.out(11860): URI: //map
06-05 12:35:28.104 I/System.out(11860): params: {json={"query":"* {text CONTAINS[c] 'Units are stored per-vehicle.'}","operation":{"method_name":"query","arguments":[]}}
06-05 12:35:28.104 I/System.out(11860): }
06-05 12:35:28.127 V/PhoneStatusBar( 1792): setLightsOn(true)
06-05 12:35:28.130 V/PhoneStatusBar( 1792): setLightsOn(true)
06-05 12:35:28.132 D/gralloc_ranchu( 1352): gralloc_alloc: Creating ashmem region of size 3448832
06-05 12:35:28.144 V/PhoneStatusBar( 1792): setLightsOn(true)
06-05 12:35:28.144 V/PhoneStatusBar( 1792): setLightsOn(true)
06-05 12:35:28.146 V/PhoneStatusBar( 1792): setLightsOn(true)
06-05 12:35:28.156 I/System.out(11860): URI: //map
06-05 12:35:28.156 I/System.out(11860): params: {json={"query":"* marked:'OK'","operation":{"method_name":"query","arguments":[]}}
06-05 12:35:28.156 I/System.out(11860): }
06-05 12:35:28.178 W/ResourceType(11860): No package identifier when getting name for resource number 0x00000001
06-05 12:35:28.187 I/System.out(11860): URI: //gesture
06-05 12:35:28.188 I/System.out(11860): params: {json={"query_timeout":5.0,"gestures":[{"query_string":"* marked:'OK'","touches":[{"x":50,"y":50,"offset_x":0,"offset_y":0,"wait":0.0,"time":0.2,"release":true,"query_string":null}]}]}
06-05 12:35:28.188 I/System.out(11860): }
06-05 12:35:28.194 W/ResourceType(11860): No package identifier when getting name for resource number 0x00000001
06-05 12:35:28.213 D/gralloc_ranchu( 1352): gralloc_alloc: Creating ashmem region of size 3448832
06-05 12:35:28.398 V/PhoneStatusBar( 1792): setLightsOn(true)
06-05 12:35:28.426 V/PhoneStatusBar( 1792): setLightsOn(true)
06-05 12:35:28.426 V/PhoneStatusBar( 1792): setLightsOn(true)
06-05 12:35:28.435 W/InputMethodManagerService( 1659): Window already focused, ignoring focus gain of: com.android.internal.view.IInputMethodClient$Stub$Proxy@6712b6a attribute=null, token = android.os.BinderProxy@d3c9e6b
06-05 12:35:28.449 I/System.out(11860): URI: //map
06-05 12:35:28.449 I/System.out(11860): params: {json={"query":"* {text CONTAINS[c] 'How to set gallons/litres/km/etc.'}","operation":{"method_name":"query","arguments":[]}}
06-05 12:35:28.449 I/System.out(11860): }
06-05 12:35:28.496 I/System.out(11860): URI: //map
06-05 12:35:28.496 I/System.out(11860): params: {json={"query":"* {text CONTAINS[c] 'Notifications'}","operation":{"method_name":"query","arguments":[]}}
06-05 12:35:28.496 I/System.out(11860): }
06-05 12:35:28.516 I/System.out(11860): URI: //map
06-05 12:35:28.516 I/System.out(11860): params: {json={"query":"* {text CONTAINS[c] 'Enable notifications'}","operation":{"method_name":"query","arguments":[]}}
06-05 12:35:28.516 I/System.out(11860): }
06-05 12:35:28.531 I/System.out(11860): URI: //map
06-05 12:35:28.531 I/System.out(11860): params: {json={"query":"* {text CONTAINS[c] 'Service interval reminders enabled'}","operation":{"method_name":"query","arguments":[]}}
06-05 12:35:28.531 I/System.out(11860): }
06-05 12:35:28.533 I/art     (11860): Compiler allocated 7MB to compile sh.calaba.instrumentationbackend.actions.NanoHTTPD$Response sh.calaba.instrumentationbackend.actions.HttpServer.serve(java.lang.String, java.lang.String, java.util.Properties, java.util.Properties, java.util.Properties)
06-05 12:35:28.543 I/System.out(11860): URI: //map
06-05 12:35:28.543 I/System.out(11860): params: {json={"query":"* {text CONTAINS[c] 'Select ringtone'}","operation":{"method_name":"query","arguments":[]}}
06-05 12:35:28.543 I/System.out(11860): }
06-05 12:35:28.555 I/System.out(11860): URI: //map
06-05 12:35:28.555 I/System.out(11860): params: {json={"query":"* {text CONTAINS[c] 'Blink LED'}","operation":{"method_name":"query","arguments":[]}}
06-05 12:35:28.555 I/System.out(11860): }
06-05 12:35:28.567 I/System.out(11860): URI: //map
06-05 12:35:28.567 I/System.out(11860): params: {json={"query":"* {text CONTAINS[c] 'LED will flash for reminders'}","operation":{"method_name":"query","arguments":[]}}
06-05 12:35:28.567 I/System.out(11860): }
06-05 12:35:28.579 I/System.out(11860): URI: //map
06-05 12:35:28.579 I/System.out(11860): params: {json={"query":"* {text CONTAINS[c] 'Vibrate'}","operation":{"method_name":"query","arguments":[]}}
06-05 12:35:28.579 I/System.out(11860): }
06-05 12:35:28.592 I/System.out(11860): URI: //map
06-05 12:35:28.592 I/System.out(11860): params: {json={"query":"* {text CONTAINS[c] 'Phone will vibrate for reminders'}","operation":{"method_name":"query","arguments":[]}}
06-05 12:35:28.592 I/System.out(11860): }
06-05 12:35:28.604 I/System.out(11860): URI: //map
06-05 12:35:28.604 I/System.out(11860): params: {json={"query":"* {text CONTAINS[c] 'About Mileage 3.1.1'}","operation":{"method_name":"query","arguments":[]}}
06-05 12:35:28.604 I/System.out(11860): }
06-05 12:35:28.616 I/System.out(11860): URI: //map
06-05 12:35:28.616 I/System.out(11860): params: {json={"query":"* marked:'About'","operation":{"method_name":"query","arguments":[]}}
06-05 12:35:28.616 I/System.out(11860): }
06-05 12:35:28.620 W/ResourceType(11860): No package identifier when getting name for resource number 0x00000001
06-05 12:35:28.628 I/System.out(11860): URI: //gesture
06-05 12:35:28.628 I/System.out(11860): params: {json={"query_timeout":5.0,"gestures":[{"query_string":"* marked:'About'","touches":[{"x":50,"y":50,"offset_x":0,"offset_y":0,"wait":0.0,"time":0.2,"release":true,"query_string":null}]}]}
06-05 12:35:28.628 I/System.out(11860): }
06-05 12:35:28.632 W/ResourceType(11860): No package identifier when getting name for resource number 0x00000001
06-05 12:35:28.679 I/WindowManager( 1659): Destroying surface Surface(name=com.evancharlton.mileage/com.evancharlton.mileage.SettingsActivity) called by com.android.server.wm.WindowStateAnimator.destroySurface:2016 com.android.server.wm.WindowStateAnimator.destroySurfaceLocked:882 com.android.server.wm.WindowState.destroyOrSaveSurface:2100 com.android.server.wm.AppWindowToken.destroySurfaces:363 com.android.server.wm.WindowStateAnimator.finishExit:565 com.android.server.wm.WindowStateAnimator.stepAnimationLocked:491 com.android.server.wm.WindowAnimator.updateWindowsLocked:303 com.android.server.wm.WindowAnimator.animateLocked:704 
06-05 12:35:28.680 V/PhoneStatusBar( 1792): setLightsOn(true)
06-05 12:35:28.681 V/PhoneStatusBar( 1792): setLightsOn(true)
06-05 12:35:28.867 I/ActivityManager( 1659): START u0 {cmp=com.evancharlton.mileage/.AboutActivity} from uid 10082 on display 0
06-05 12:35:28.872 V/PhoneStatusBar( 1792): setLightsOn(true)
06-05 12:35:28.875 V/PhoneStatusBar( 1792): setLightsOn(true)
