--------- beginning of main
06-05 15:50:10.092 W/OpenGLRenderer( 2099): Incorrectly called buildLayer on View: ShortcutAndWidgetContainer, destroying layer...
06-05 15:50:10.137 D/AndroidRuntime(18147): >>>>>> START com.android.internal.os.RuntimeInit uid 2000 <<<<<<
06-05 15:50:10.138 D/AndroidRuntime(18147): CheckJNI is ON
06-05 15:50:10.150 W/art     (18147): Unexpected CPU variant for X86 using defaults: x86
06-05 15:50:10.152 D/ICU     (18147): No timezone override file found: /data/misc/zoneinfo/current/icu/icu_tzdata.dat
06-05 15:50:10.159 E/memtrack(18147): Couldn't load memtrack module (No such file or directory)
06-05 15:50:10.160 E/android.os.Debug(18147): failed to load memtrack module: -2
06-05 15:50:10.160 I/Radio-JNI(18147): register_android_hardware_Radio DONE
06-05 15:50:10.164 D/AndroidRuntime(18147): Calling main entry com.android.commands.am.Am
--------- beginning of system
06-05 15:50:10.165 I/ActivityManager( 1630): Force stopping com.evancharlton.mileage appid=10086 user=0: start instr
06-05 15:50:10.168 I/art     (18157): Not late-enabling -Xcheck:jni (already on)
06-05 15:50:10.168 W/art     (18157): Unexpected CPU variant for X86 using defaults: x86
06-05 15:50:10.176 I/ActivityManager( 1630): Start proc 18157:com.evancharlton.mileage/u0a86 for added application com.evancharlton.mileage
06-05 15:50:10.176 D/AndroidRuntime(18147): Shutting down VM
06-05 15:50:10.181 W/System  (18157): ClassLoader referenced unknown path: /data/app/com.evancharlton.mileage.test-1/lib/x86
06-05 15:50:10.181 W/System  (18157): ClassLoader referenced unknown path: /data/app/com.evancharlton.mileage-1/lib/x86
06-05 15:50:10.183 W/System  (18157): ClassLoader referenced unknown path: 
06-05 15:50:10.187 I/System.out(18157): Main activity name automatically set to: com.evancharlton.mileage.Mileage
06-05 15:50:10.187 I/System.out(18157): Calabash did not load Mono. This is only a problem if you are trying to test a Mono application
06-05 15:50:10.187 I/calabash(18157): Test server port: 7102
06-05 15:50:10.188 I/InstrumentationBackend(18157): Added:'GetPreferences', with key:'get_preferences'
06-05 15:50:10.191 I/InstrumentationBackend(18157): Added:'SetPreferences', with key:'set_preferences'
06-05 15:50:10.191 I/InstrumentationBackend(18157): Added:'ClearPreferences', with key:'clear_preferences'
06-05 15:50:10.191 I/InstrumentationBackend(18157): Added:'PressElement', with key:'press_l10n_element'
06-05 15:50:10.191 I/InstrumentationBackend(18157): Added:'WaitForElement', with key:'wait_for_l10n_element'
06-05 15:50:10.192 I/InstrumentationBackend(18157): Added:'NullAction', with key:'nullAction'
06-05 15:50:10.192 I/InstrumentationBackend(18157): Added:'PressKey', with key:'press_key'
06-05 15:50:10.192 I/InstrumentationBackend(18157): Added:'SetActivityOrientation', with key:'set_activity_orientation'
06-05 15:50:10.192 I/InstrumentationBackend(18157): Added:'GetActivityOrientation', with key:'get_activity_orientation'
06-05 15:50:10.192 I/InstrumentationBackend(18157): Added:'FakeGPSLocation', with key:'set_gps_coordinates'
06-05 15:50:10.192 I/InstrumentationBackend(18157): Added:'SetPropertyByCssSelector', with key:'set_property_by_css_selector'
06-05 15:50:10.192 I/InstrumentationBackend(18157): Added:'GetUrl', with key:'get_url'
06-05 15:50:10.192 I/InstrumentationBackend(18157): Added:'ScrollTo', with key:'scroll_to'
06-05 15:50:10.192 I/InstrumentationBackend(18157): Added:'GetLoadProgress', with key:'get_load_progress'
06-05 15:50:10.192 I/InstrumentationBackend(18157): Added:'DumpHtml', with key:'dump_html'
06-05 15:50:10.192 I/InstrumentationBackend(18157): Added:'DumpBodyHtml', with key:'dump_body_html'
06-05 15:50:10.192 I/InstrumentationBackend(18157): Added:'EnterTextByCssSelector', with key:'enter_text_by_selector'
06-05 15:50:10.192 I/InstrumentationBackend(18157): Added:'AndroidSDKVersion', with key:'android_sdk_version'
06-05 15:50:10.193 I/InstrumentationBackend(18157): Added:'Version', with key:'version'
06-05 15:50:10.193 I/InstrumentationBackend(18157): Added:'Drag', with key:'drag'
06-05 15:50:10.193 I/InstrumentationBackend(18157): Added:'TouchCoordinates', with key:'touch_coordinate'
06-05 15:50:10.193 I/InstrumentationBackend(18157): Added:'LongPressCoordinate', with key:'long_press_coordinate'
06-05 15:50:10.193 I/InstrumentationBackend(18157): Added:'DragCoordinates', with key:'drag_coordinates'
06-05 15:50:10.193 I/InstrumentationBackend(18157): Added:'ResumeApplication', with key:'resume_application'
06-05 15:50:10.193 I/InstrumentationBackend(18157): Added:'Swipe', with key:'swipe'
06-05 15:50:10.193 I/InstrumentationBackend(18157): Added:'DoubleTapCoordinate', with key:'double_tap_coordinate'
06-05 15:50:10.193 I/InstrumentationBackend(18157): Added:'ClickOnScreen', with key:'click_on_screen'
06-05 15:50:10.193 I/InstrumentationBackend(18157): Added:'GetActivityName', with key:'get_activity_name'
06-05 15:50:10.193 I/InstrumentationBackend(18157): Added:'ScrollToView', with key:'scroll_to_view'
06-05 15:50:10.193 I/InstrumentationBackend(18157): Added:'ViewConfiguration', with key:'view_configuration'
06-05 15:50:10.193 I/InstrumentationBackend(18157): Added:'IsCurrentActivityFocused', with key:'is_current_activity_focused'
06-05 15:50:10.193 I/InstrumentationBackend(18157): Added:'SendTcp', with key:'send_tcp'
06-05 15:50:10.193 I/InstrumentationBackend(18157): Added:'DpToDevicePixel', with key:'dp_to_device_pixel'
06-05 15:50:10.193 I/InstrumentationBackend(18157): Added:'KeyboardEnterText', with key:'keyboard_enter_text'
06-05 15:50:10.193 I/InstrumentationBackend(18157): Added:'DeleteSurroundingText', with key:'delete_surrounding_text'
06-05 15:50:10.193 I/InstrumentationBackend(18157): Added:'SetComposingRegion', with key:'set_composing_region'
06-05 15:50:10.193 I/InstrumentationBackend(18157): Added:'SetSelection', with key:'set_selection'
06-05 15:50:10.193 I/InstrumentationBackend(18157): Added:'KeyboardKeyEvent', with key:'keyboard_key_event'
06-05 15:50:10.193 I/InstrumentationBackend(18157): Added:'PressUserActionButton', with key:'press_user_action_button'
06-05 15:50:10.193 I/InstrumentationBackend(18157): Added:'HideSoftKeyboard', with key:'hide_soft_keyboard'
06-05 15:50:10.193 I/InstrumentationBackend(18157): Added:'ListActions', with key:'list_actions'
06-05 15:50:10.193 I/calabash(18157): Instantiating http server at 7102
06-05 15:50:10.194 I/System.out(18157): HTTP Daemon listening on: 7102
06-05 15:50:10.290 I/System.out(18157): URI: //ping
06-05 15:50:10.290 I/System.out(18157): params: {json={}
06-05 15:50:10.290 I/System.out(18157): }
06-05 15:50:10.294 I/System.out(18157): URI: //ping
06-05 15:50:10.294 I/System.out(18157): params: {json={}
06-05 15:50:10.294 I/System.out(18157): }
06-05 15:50:10.297 I/System.out(18157): URI: //ready
06-05 15:50:10.298 I/System.out(18157): params: {json={}
06-05 15:50:10.298 I/System.out(18157): }
06-05 15:50:10.301 I/System.out(18157): URI: //
06-05 15:50:10.301 I/System.out(18157): params: {json={"command":"version","arguments":[]}
06-05 15:50:10.301 I/System.out(18157): }
06-05 15:50:10.301 I/System.out(18157): header: {content-type=application/json;charset=utf-8, date=Fri, 05 Jun 2020 20:50:10 GMT, accept=*/*, host=127.0.0.1:34784, content-length=36, user-agent=HTTPClient/1.0 (2.8.3, ruby 2.5.1 (2018-03-29))}
06-05 15:50:10.301 I/System.out(18157): params: {json={"command":"version","arguments":[]}
06-05 15:50:10.301 I/System.out(18157): }
06-05 15:50:10.301 I/System.out(18157): ProP json = {"command":"version","arguments":[]}
06-05 15:50:10.301 I/System.out(18157): files: {}
06-05 15:50:10.301 I/System.out(18157): command: {"command":"version","arguments":[]}
06-05 15:50:10.308 I/InstrumentationBackend(18157): Got command:'Command:'Line:null,version', arguments:'[]'
06-05 15:50:10.321 I/System.out(18157): result:{"bonusInformation":[],"message":"0.9.8","success":true}
06-05 15:50:10.325 I/System.out(18157): URI: //start-application
06-05 15:50:10.325 I/System.out(18157): params: {json={"intent":null}
06-05 15:50:10.325 I/System.out(18157): }
06-05 15:50:10.337 I/ActivityManager( 1630): START u0 {act=android.intent.action.MAIN cat=[android.intent.category.LAUNCHER] flg=0x10200000 cmp=com.evancharlton.mileage/.Mileage} from uid 10086 on display 0
06-05 15:50:10.343 I/calabash(18157): newActivity1
06-05 15:50:10.355 I/calabash(18157): newActivity1
06-05 15:50:10.356 W/ActivityManager( 1630): Bad activity token: android.os.BinderProxy@ff35378
06-05 15:50:10.356 W/ActivityManager( 1630): java.lang.ClassCastException: android.os.BinderProxy cannot be cast to com.android.server.am.ActivityRecord$Token
06-05 15:50:10.356 W/ActivityManager( 1630): 	at com.android.server.am.ActivityRecord.forTokenLocked(ActivityRecord.java:586)
06-05 15:50:10.356 W/ActivityManager( 1630): 	at com.android.server.am.ActivityRecord.isInStackLocked(ActivityRecord.java:1327)
06-05 15:50:10.356 W/ActivityManager( 1630): 	at com.android.server.am.ActivityRecord.getStackLocked(ActivityRecord.java:1332)
06-05 15:50:10.356 W/ActivityManager( 1630): 	at com.android.server.am.ActivityManagerService.getActivityDisplayId(ActivityManagerService.java:9806)
06-05 15:50:10.356 W/ActivityManager( 1630): 	at android.app.ActivityManagerNative.onTransact(ActivityManagerNative.java:2566)
06-05 15:50:10.356 W/ActivityManager( 1630): 	at com.android.server.am.ActivityManagerService.onTransact(ActivityManagerService.java:2757)
06-05 15:50:10.356 W/ActivityManager( 1630): 	at android.os.Binder.execTransact(Binder.java:565)
06-05 15:50:10.357 W/ActivityManager( 1630): Bad activity token: android.os.BinderProxy@ff35378
06-05 15:50:10.357 W/ActivityManager( 1630): java.lang.ClassCastException: android.os.BinderProxy cannot be cast to com.android.server.am.ActivityRecord$Token
06-05 15:50:10.357 W/ActivityManager( 1630): 	at com.android.server.am.ActivityRecord.forTokenLocked(ActivityRecord.java:586)
06-05 15:50:10.357 W/ActivityManager( 1630): 	at com.android.server.am.ActivityRecord.isInStackLocked(ActivityRecord.java:1327)
06-05 15:50:10.357 W/ActivityManager( 1630): 	at com.android.server.am.ActivityManagerService.setTaskDescription(ActivityManagerService.java:9358)
06-05 15:50:10.357 W/ActivityManager( 1630): 	at android.app.ActivityManagerNative.onTransact(ActivityManagerNative.java:2639)
06-05 15:50:10.357 W/ActivityManager( 1630): 	at com.android.server.am.ActivityManagerService.onTransact(ActivityManagerService.java:2757)
06-05 15:50:10.357 W/ActivityManager( 1630): 	at android.os.Binder.execTransact(Binder.java:565)
06-05 15:50:10.358 W/ActivityManager( 1630): Bad activity token: android.os.BinderProxy@ff35378
06-05 15:50:10.358 W/ActivityManager( 1630): java.lang.ClassCastException: android.os.BinderProxy cannot be cast to com.android.server.am.ActivityRecord$Token
06-05 15:50:10.358 W/ActivityManager( 1630): 	at com.android.server.am.ActivityRecord.forTokenLocked(ActivityRecord.java:586)
06-05 15:50:10.358 W/ActivityManager( 1630): 	at com.android.server.am.ActivityRecord.isInStackLocked(ActivityRecord.java:1327)
06-05 15:50:10.358 W/ActivityManager( 1630): 	at com.android.server.am.ActivityRecord.getStackLocked(ActivityRecord.java:1332)
06-05 15:50:10.358 W/ActivityManager( 1630): 	at com.android.server.am.ActivityManagerService.getActivityStackId(ActivityManagerService.java:9817)
06-05 15:50:10.358 W/ActivityManager( 1630): 	at android.app.ActivityManagerNative.onTransact(ActivityManagerNative.java:2856)
06-05 15:50:10.358 W/ActivityManager( 1630): 	at com.android.server.am.ActivityManagerService.onTransact(ActivityManagerService.java:2757)
06-05 15:50:10.358 W/ActivityManager( 1630): 	at android.os.Binder.execTransact(Binder.java:565)
06-05 15:50:10.361 D/gralloc_ranchu( 1346): gralloc_alloc: Creating ashmem region of size 9023488
06-05 15:50:10.382 W/ActivityManager( 1630): Bad activity token: android.os.BinderProxy@ff35378
06-05 15:50:10.382 W/ActivityManager( 1630): java.lang.ClassCastException: android.os.BinderProxy cannot be cast to com.android.server.am.ActivityRecord$Token
06-05 15:50:10.382 W/ActivityManager( 1630): 	at com.android.server.am.ActivityRecord.forTokenLocked(ActivityRecord.java:586)
06-05 15:50:10.382 W/ActivityManager( 1630): 	at com.android.server.am.ActivityRecord.isInStackLocked(ActivityRecord.java:1327)
06-05 15:50:10.382 W/ActivityManager( 1630): 	at com.android.server.am.ActivityManagerService.getActivityOptions(ActivityManagerService.java:12559)
06-05 15:50:10.382 W/ActivityManager( 1630): 	at android.app.ActivityManagerNative.onTransact(ActivityManagerNative.java:1933)
06-05 15:50:10.382 W/ActivityManager( 1630): 	at com.android.server.am.ActivityManagerService.onTransact(ActivityManagerService.java:2757)
06-05 15:50:10.382 W/ActivityManager( 1630): 	at android.os.Binder.execTransact(Binder.java:565)
06-05 15:50:10.382 W/ActivityManager( 1630): Bad activity token: android.os.BinderProxy@ff35378
06-05 15:50:10.382 W/ActivityManager( 1630): java.lang.ClassCastException: android.os.BinderProxy cannot be cast to com.android.server.am.ActivityRecord$Token
06-05 15:50:10.382 W/ActivityManager( 1630): 	at com.android.server.am.ActivityRecord.forTokenLocked(ActivityRecord.java:586)
06-05 15:50:10.382 W/ActivityManager( 1630): 	at com.android.server.am.ActivityRecord.isInStackLocked(ActivityRecord.java:1327)
06-05 15:50:10.382 W/ActivityManager( 1630): 	at com.android.server.am.ActivityManagerService.getActivityOptions(ActivityManagerService.java:12559)
06-05 15:50:10.382 W/ActivityManager( 1630): 	at android.app.ActivityManagerNative.onTransact(ActivityManagerNative.java:1933)
06-05 15:50:10.382 W/ActivityManager( 1630): 	at com.android.server.am.ActivityManagerService.onTransact(ActivityManagerService.java:2757)
06-05 15:50:10.382 W/ActivityManager( 1630): 	at android.os.Binder.execTransact(Binder.java:565)
06-05 15:50:10.388 V/PhoneStatusBar( 1712): setLightsOn(true)
06-05 15:50:10.394 D/EGL_emulation( 2099): eglMakeCurrent: 0xb4085240: ver 2 0 (tinfo 0xb40832d0)
06-05 15:50:10.394 D/EGL_emulation( 1712): eglMakeCurrent: 0xb4085540: ver 2 0 (tinfo 0xb4083740)
06-05 15:50:10.410 D/EGL_emulation( 1712): eglMakeCurrent: 0xb4085540: ver 2 0 (tinfo 0xb4083740)
06-05 15:50:10.412 D/EGL_emulation( 1712): eglMakeCurrent: 0xb4085540: ver 2 0 (tinfo 0xb4083740)
06-05 15:50:10.413 V/PhoneStatusBar( 1712): setLightsOn(true)
06-05 15:50:10.426 D/gralloc_ranchu( 1346): gralloc_alloc: Creating ashmem region of size 9023488
06-05 15:50:10.426 D/EGL_emulation( 1712): eglMakeCurrent: 0xb4085540: ver 2 0 (tinfo 0xb4083740)
06-05 15:50:10.432 D/        (18157): HostConnection::get() New Host Connection established 0xa4c7d480, tid 18157
06-05 15:50:10.432 D/EGL_emulation( 1712): eglMakeCurrent: 0xb4085540: ver 2 0 (tinfo 0xb4083740)
06-05 15:50:10.433 V/PhoneStatusBar( 1712): setLightsOn(true)
06-05 15:50:10.469 D/EGL_emulation( 1712): eglMakeCurrent: 0xb4085540: ver 2 0 (tinfo 0xb4083740)
06-05 15:50:10.473 D/EGL_emulation( 1712): eglMakeCurrent: 0xb4085540: ver 2 0 (tinfo 0xb4083740)
06-05 15:50:10.476 D/EGL_emulation( 1712): eglMakeCurrent: 0xb4085540: ver 2 0 (tinfo 0xb4083740)
06-05 15:50:10.477 D/EGL_emulation( 1712): eglMakeCurrent: 0xb4085540: ver 2 0 (tinfo 0xb4083740)
06-05 15:50:10.479 D/EGL_emulation( 1712): eglMakeCurrent: 0xb4085540: ver 2 0 (tinfo 0xb4083740)
06-05 15:50:10.493 D/EGL_emulation( 1712): eglMakeCurrent: 0xb4085540: ver 2 0 (tinfo 0xb4083740)
06-05 15:50:10.499 D/EGL_emulation( 1712): eglMakeCurrent: 0xb4085540: ver 2 0 (tinfo 0xb4083740)
06-05 15:50:10.510 D/EGL_emulation( 1712): eglMakeCurrent: 0xb4085540: ver 2 0 (tinfo 0xb4083740)
06-05 15:50:10.510 D/gralloc_ranchu( 1346): gralloc_alloc: Creating ashmem region of size 9023488
06-05 15:50:10.519 D/EGL_emulation( 1712): eglMakeCurrent: 0xb4085540: ver 2 0 (tinfo 0xb4083740)
06-05 15:50:10.527 I/ActivityManager( 1630): Displayed com.evancharlton.mileage/.Mileage: +187ms
06-05 15:50:10.528 D/EGL_emulation( 1712): eglMakeCurrent: 0xb4085540: ver 2 0 (tinfo 0xb4083740)
06-05 15:50:10.528 V/PhoneStatusBar( 1712): setLightsOn(true)
06-05 15:50:10.538 D/EGL_emulation( 1712): eglMakeCurrent: 0xb4085540: ver 2 0 (tinfo 0xb4083740)
06-05 15:50:10.543 D/EGL_emulation( 1712): eglMakeCurrent: 0xb4085540: ver 2 0 (tinfo 0xb4083740)
06-05 15:50:10.545 D/EGL_emulation( 1712): eglMakeCurrent: 0xb4085540: ver 2 0 (tinfo 0xb4083740)
06-05 15:50:10.560 D/EGL_emulation( 1712): eglMakeCurrent: 0xb4085540: ver 2 0 (tinfo 0xb4083740)
06-05 15:50:10.562 D/EGL_emulation( 1712): eglMakeCurrent: 0xb4085540: ver 2 0 (tinfo 0xb4083740)
06-05 15:50:10.567 I/System.out(18157): URI: //map
06-05 15:50:10.567 I/System.out(18157): params: {json={"query":"* marked:'Statistics'","operation":{"method_name":"query","arguments":[]}}
06-05 15:50:10.567 I/System.out(18157): }
06-05 15:50:10.576 D/EGL_emulation( 1712): eglMakeCurrent: 0xb4085540: ver 2 0 (tinfo 0xb4083740)
06-05 15:50:10.577 V/PhoneStatusBar( 1712): setLightsOn(true)
06-05 15:50:10.578 D/EGL_emulation( 1712): eglMakeCurrent: 0xb4085540: ver 2 0 (tinfo 0xb4083740)
06-05 15:50:10.583 W/ResourceType(18157): No package identifier when getting name for resource number 0x00000001
06-05 15:50:10.593 D/EGL_emulation( 1712): eglMakeCurrent: 0xb4085540: ver 2 0 (tinfo 0xb4083740)
06-05 15:50:10.594 D/EGL_emulation( 1712): eglMakeCurrent: 0xb4085540: ver 2 0 (tinfo 0xb4083740)
06-05 15:50:10.598 I/System.out(18157): URI: //gesture
06-05 15:50:10.598 I/System.out(18157): params: {json={"query_timeout":5.0,"gestures":[{"query_string":"* marked:'Statistics'","touches":[{"x":50,"y":50,"offset_x":0,"offset_y":0,"wait":0.0,"time":0.2,"release":true,"query_string":null}]}]}
06-05 15:50:10.598 I/System.out(18157): }
06-05 15:50:10.603 W/ResourceType(18157): No package identifier when getting name for resource number 0x00000001
06-05 15:50:10.610 D/EGL_emulation( 1712): eglMakeCurrent: 0xb4085540: ver 2 0 (tinfo 0xb4083740)
06-05 15:50:10.618 D/EGL_emulation( 1712): eglMakeCurrent: 0xb4085540: ver 2 0 (tinfo 0xb4083740)
06-05 15:50:10.726 I/WindowManager( 1630): Destroying surface Surface(name=Starting com.evancharlton.mileage) called by com.android.server.wm.WindowStateAnimator.destroySurface:2016 com.android.server.wm.WindowStateAnimator.destroySurfaceLocked:882 com.android.server.wm.WindowState.destroyOrSaveSurface:2100 com.android.server.wm.AppWindowToken.destroySurfaces:363 com.android.server.wm.WindowStateAnimator.finishExit:565 com.android.server.wm.WindowStateAnimator.stepAnimationLocked:491 com.android.server.wm.WindowAnimator.updateWindowsLocked:303 com.android.server.wm.WindowAnimator.animateLocked:704 
06-05 15:50:10.727 V/PhoneStatusBar( 1712): setLightsOn(true)
06-05 15:50:10.761 V/PhoneStatusBar( 1712): setLightsOn(true)
06-05 15:50:10.830 I/calabash(18157): newActivity1
06-05 15:50:10.850 I/System.out(18157): URI: //map
06-05 15:50:10.850 I/System.out(18157): params: {json={"query":"* marked:'Estimated cost per year'","operation":{"method_name":"query","arguments":[]}}
06-05 15:50:10.850 I/System.out(18157): }
06-05 15:50:10.859 W/ActivityManager( 1630): Bad activity token: android.os.BinderProxy@9d311f2
06-05 15:50:10.859 W/ActivityManager( 1630): java.lang.ClassCastException: android.os.BinderProxy cannot be cast to com.android.server.am.ActivityRecord$Token
06-05 15:50:10.859 W/ActivityManager( 1630): 	at com.android.server.am.ActivityRecord.forTokenLocked(ActivityRecord.java:586)
06-05 15:50:10.859 W/ActivityManager( 1630): 	at com.android.server.am.ActivityRecord.isInStackLocked(ActivityRecord.java:1327)
06-05 15:50:10.859 W/ActivityManager( 1630): 	at com.android.server.am.ActivityRecord.getStackLocked(ActivityRecord.java:1332)
06-05 15:50:10.859 W/ActivityManager( 1630): 	at com.android.server.am.ActivityManagerService.getActivityDisplayId(ActivityManagerService.java:9806)
06-05 15:50:10.859 W/ActivityManager( 1630): 	at android.app.ActivityManagerNative.onTransact(ActivityManagerNative.java:2566)
06-05 15:50:10.859 W/ActivityManager( 1630): 	at com.android.server.am.ActivityManagerService.onTransact(ActivityManagerService.java:2757)
06-05 15:50:10.859 W/ActivityManager( 1630): 	at android.os.Binder.execTransact(Binder.java:565)
06-05 15:50:10.859 V/PhoneStatusBar( 1712): setLightsOn(true)
06-05 15:50:10.860 W/ActivityManager( 1630): Bad activity token: android.os.BinderProxy@9d311f2
06-05 15:50:10.860 W/ActivityManager( 1630): java.lang.ClassCastException: android.os.BinderProxy cannot be cast to com.android.server.am.ActivityRecord$Token
06-05 15:50:10.860 W/ActivityManager( 1630): 	at com.android.server.am.ActivityRecord.forTokenLocked(ActivityRecord.java:586)
06-05 15:50:10.860 W/ActivityManager( 1630): 	at com.android.server.am.ActivityRecord.isInStackLocked(ActivityRecord.java:1327)
06-05 15:50:10.860 W/ActivityManager( 1630): 	at com.android.server.am.ActivityManagerService.setTaskDescription(ActivityManagerService.java:9358)
06-05 15:50:10.860 W/ActivityManager( 1630): 	at android.app.ActivityManagerNative.onTransact(ActivityManagerNative.java:2639)
06-05 15:50:10.860 W/ActivityManager( 1630): 	at com.android.server.am.ActivityManagerService.onTransact(ActivityManagerService.java:2757)
06-05 15:50:10.860 W/ActivityManager( 1630): 	at android.os.Binder.execTransact(Binder.java:565)
06-05 15:50:10.860 W/ActivityManager( 1630): Bad activity token: android.os.BinderProxy@9d311f2
06-05 15:50:10.860 W/ActivityManager( 1630): java.lang.ClassCastException: android.os.BinderProxy cannot be cast to com.android.server.am.ActivityRecord$Token
06-05 15:50:10.860 W/ActivityManager( 1630): 	at com.android.server.am.ActivityRecord.forTokenLocked(ActivityRecord.java:586)
06-05 15:50:10.860 W/ActivityManager( 1630): 	at com.android.server.am.ActivityRecord.isInStackLocked(ActivityRecord.java:1327)
06-05 15:50:10.860 W/ActivityManager( 1630): 	at com.android.server.am.ActivityRecord.getStackLocked(ActivityRecord.java:1332)
06-05 15:50:10.860 W/ActivityManager( 1630): 	at com.android.server.am.ActivityManagerService.getActivityStackId(ActivityManagerService.java:9817)
06-05 15:50:10.860 W/ActivityManager( 1630): 	at android.app.ActivityManagerNative.onTransact(ActivityManagerNative.java:2856)
06-05 15:50:10.860 W/ActivityManager( 1630): 	at com.android.server.am.ActivityManagerService.onTransact(ActivityManagerService.java:2757)
06-05 15:50:10.860 W/ActivityManager( 1630): 	at android.os.Binder.execTransact(Binder.java:565)
06-05 15:50:10.865 D/VehicleStatisticsActivity(18157): Checking recalculation ...
06-05 15:50:10.866 D/VehicleStatisticsActivity(18157): Recalculating statistics
06-05 15:50:10.866 D/VehicleStatisticsTask(18157): Calculation starting...
06-05 15:50:10.866 D/VehicleStatisticsActivity(18157): Recalculation started!
06-05 15:50:10.867 W/ResourceType(18157): No package identifier when getting value for resource number 0x00000000
06-05 15:50:10.867 D/AndroidRuntime(18157): Shutting down VM
--------- beginning of crash
06-05 15:50:10.867 E/AndroidRuntime(18157): FATAL EXCEPTION: main
06-05 15:50:10.867 E/AndroidRuntime(18157): Process: com.evancharlton.mileage, PID: 18157
06-05 15:50:10.867 E/AndroidRuntime(18157): java.lang.RuntimeException: Unable to start activity ComponentInfo{com.evancharlton.mileage/com.evancharlton.mileage.VehicleStatisticsActivity}: android.content.res.Resources$NotFoundException: String resource ID #0x0
06-05 15:50:10.867 E/AndroidRuntime(18157): 	at android.app.ActivityThread.performLaunchActivity(ActivityThread.java:2646)
06-05 15:50:10.867 E/AndroidRuntime(18157): 	at android.app.ActivityThread.startActivityNow(ActivityThread.java:2446)
06-05 15:50:10.867 E/AndroidRuntime(18157): 	at android.app.LocalActivityManager.moveToState(LocalActivityManager.java:136)
06-05 15:50:10.867 E/AndroidRuntime(18157): 	at android.app.LocalActivityManager.startActivity(LocalActivityManager.java:348)
06-05 15:50:10.867 E/AndroidRuntime(18157): 	at android.widget.TabHost$IntentContentStrategy.getContentView(TabHost.java:724)
06-05 15:50:10.867 E/AndroidRuntime(18157): 	at android.widget.TabHost.setCurrentTab(TabHost.java:388)
06-05 15:50:10.867 E/AndroidRuntime(18157): 	at android.widget.TabHost$2.onTabSelectionChanged(TabHost.java:158)
06-05 15:50:10.867 E/AndroidRuntime(18157): 	at android.widget.TabWidget$TabClickListener.onClick(TabWidget.java:532)
06-05 15:50:10.867 E/AndroidRuntime(18157): 	at android.view.View.performClick(View.java:5610)
06-05 15:50:10.867 E/AndroidRuntime(18157): 	at android.view.View$PerformClick.run(View.java:22265)
06-05 15:50:10.867 E/AndroidRuntime(18157): 	at android.os.Handler.handleCallback(Handler.java:751)
06-05 15:50:10.867 E/AndroidRuntime(18157): 	at android.os.Handler.dispatchMessage(Handler.java:95)
06-05 15:50:10.867 E/AndroidRuntime(18157): 	at android.os.Looper.loop(Looper.java:154)
06-05 15:50:10.867 E/AndroidRuntime(18157): 	at android.app.ActivityThread.main(ActivityThread.java:6077)
06-05 15:50:10.867 E/AndroidRuntime(18157): 	at java.lang.reflect.Method.invoke(Native Method)
06-05 15:50:10.867 E/AndroidRuntime(18157): 	at com.android.internal.os.ZygoteInit$MethodAndArgsCaller.run(ZygoteInit.java:866)
06-05 15:50:10.867 E/AndroidRuntime(18157): 	at com.android.internal.os.ZygoteInit.main(ZygoteInit.java:756)
06-05 15:50:10.867 E/AndroidRuntime(18157): Caused by: android.content.res.Resources$NotFoundException: String resource ID #0x0
06-05 15:50:10.867 E/AndroidRuntime(18157): 	at android.content.res.Resources.getText(Resources.java:331)
06-05 15:50:10.867 E/AndroidRuntime(18157): 	at android.content.res.Resources.getString(Resources.java:377)
06-05 15:50:10.867 E/AndroidRuntime(18157): 	at android.content.Context.getString(Context.java:476)
06-05 15:50:10.867 E/AndroidRuntime(18157): 	at com.evancharlton.mileage.provider.Statistic.getLabel(Statistic.java:37)
06-05 15:50:10.867 E/AndroidRuntime(18157): 	at com.evancharlton.mileage.adapters.VehicleStatisticsAdapter$StatisticHolder.<init>(VehicleStatisticsAdapter.java:203)
06-05 15:50:10.867 E/AndroidRuntime(18157): 	at com.evancharlton.mileage.adapters.VehicleStatisticsAdapter.<init>(VehicleStatisticsAdapter.java:50)
06-05 15:50:10.867 E/AndroidRuntime(18157): 	at com.evancharlton.mileage.VehicleStatisticsActivity.setAdapter(VehicleStatisticsActivity.java:197)
06-05 15:50:10.867 E/AndroidRuntime(18157): 	at com.evancharlton.mileage.VehicleStatisticsActivity.recalculate(VehicleStatisticsActivity.java:175)
06-05 15:50:10.867 E/AndroidRuntime(18157): 	at com.evancharlton.mileage.VehicleStatisticsActivity.onCreate(VehicleStatisticsActivity.java:131)
06-05 15:50:10.867 E/AndroidRuntime(18157): 	at android.app.Activity.performCreate(Activity.java:6662)
06-05 15:50:10.867 E/AndroidRuntime(18157): 	at android.app.Instrumentation.callActivityOnCreate(Instrumentation.java:1118)
06-05 15:50:10.867 E/AndroidRuntime(18157): 	at android.app.ActivityThread.performLaunchActivity(ActivityThread.java:2599)
06-05 15:50:10.867 E/AndroidRuntime(18157): 	... 16 more
06-05 15:50:10.868 I/Process (18157): Sending signal. PID: 18157 SIG: 9
06-05 15:50:10.903 W/InputDispatcher( 1630): channel 'b562e45 com.evancharlton.mileage/com.evancharlton.mileage.Mileage (server)' ~ Consumer closed input channel or an error occurred.  events=0x9
06-05 15:50:10.903 E/InputDispatcher( 1630): channel 'b562e45 com.evancharlton.mileage/com.evancharlton.mileage.Mileage (server)' ~ Channel is unrecoverably broken and will be disposed!
06-05 15:50:10.903 I/ActivityManager( 1630): Process com.evancharlton.mileage (pid 18157) has died
06-05 15:50:10.903 D/ActivityManager( 1630): cleanUpApplicationRecord -- 18157
06-05 15:50:10.903 W/ActivityManager( 1630): Scheduling restart of crashed service com.evancharlton.mileage/.services.AutomaticBackupService in 1000ms
06-05 15:50:10.903 W/ActivityManager( 1630): Force removing ActivityRecord{4cf9119 u0 com.evancharlton.mileage/.Mileage t299}: app died, no saved state
06-05 15:50:10.942 I/WindowManager( 1630): WIN DEATH: Window{b562e45 u0 com.evancharlton.mileage/com.evancharlton.mileage.Mileage}
06-05 15:50:10.942 W/InputDispatcher( 1630): Attempted to unregister already unregistered input channel 'b562e45 com.evancharlton.mileage/com.evancharlton.mileage.Mileage (server)'
06-05 15:50:10.943 I/WindowManager( 1630): Destroying surface Surface(name=com.evancharlton.mileage/com.evancharlton.mileage.Mileage) called by com.android.server.wm.WindowStateAnimator.destroySurface:2016 com.android.server.wm.WindowStateAnimator.destroySurfaceLocked:882 com.android.server.wm.WindowState.removeLocked:1456 com.android.server.wm.WindowManagerService.removeWindowInnerLocked:2484 com.android.server.wm.WindowManagerService.removeWindowLocked:2442 com.android.server.wm.WindowState$DeathRecipient.binderDied:1787 android.os.BinderProxy.sendDeathNotice:688 <bottom of call stack> 
06-05 15:50:10.960 W/ActivityManager( 1630): Crash of app com.evancharlton.mileage running instrumentation ComponentInfo{com.evancharlton.mileage.test/sh.calaba.instrumentationbackend.CalabashInstrumentationTestRunner}
06-05 15:50:10.960 I/ActivityManager( 1630): Force stopping com.evancharlton.mileage appid=10086 user=0: finished inst
06-05 15:50:10.960 I/ActivityManager( 1630):   Force stopping service ServiceRecord{afc5b3e u0 com.evancharlton.mileage/.services.AutomaticBackupService}
06-05 15:50:10.963 V/PhoneStatusBar( 1712): setLightsOn(true)
06-05 15:50:11.003 E/SurfaceFlinger( 1346): ro.sf.lcd_density must be defined as a build property
06-05 15:50:11.004 D/gralloc_ranchu( 1346): gralloc_alloc: Creating ashmem region of size 9592832
06-05 15:50:11.009 D/        (18190): HostConnection::get() New Host Connection established 0xb391b2c0, tid 18190
06-05 15:50:11.012 E/EGL_emulation( 1346): tid 1346: eglCreateSyncKHR(1901): error 0x3004 (EGL_BAD_ATTRIBUTE)
06-05 15:50:11.014 D/EGL_emulation( 1712): eglMakeCurrent: 0xb4085540: ver 2 0 (tinfo 0xb4083740)
06-05 15:50:11.051 D/EGL_emulation( 2099): eglMakeCurrent: 0xb4085240: ver 2 0 (tinfo 0xb40832d0)
06-05 15:50:11.052 D/EGL_emulation( 1712): eglMakeCurrent: 0xb4085540: ver 2 0 (tinfo 0xb4083740)
06-05 15:50:11.057 D/EGL_emulation( 1712): eglMakeCurrent: 0xb4085540: ver 2 0 (tinfo 0xb4083740)
06-05 15:50:11.059 D/EGL_emulation( 1712): eglMakeCurrent: 0xb4085540: ver 2 0 (tinfo 0xb4083740)
06-05 15:50:11.060 D/EGL_emulation( 1712): eglMakeCurrent: 0xb4085540: ver 2 0 (tinfo 0xb4083740)
06-05 15:50:11.062 D/EGL_emulation( 1712): eglMakeCurrent: 0xb4085540: ver 2 0 (tinfo 0xb4083740)
06-05 15:50:11.076 D/EGL_emulation( 1712): eglMakeCurrent: 0xb4085540: ver 2 0 (tinfo 0xb4083740)
06-05 15:50:11.077 D/EGL_emulation( 1712): eglMakeCurrent: 0xb4085540: ver 2 0 (tinfo 0xb4083740)
06-05 15:50:11.093 D/EGL_emulation( 1712): eglMakeCurrent: 0xb4085540: ver 2 0 (tinfo 0xb4083740)
06-05 15:50:11.094 D/EGL_emulation( 1712): eglMakeCurrent: 0xb4085540: ver 2 0 (tinfo 0xb4083740)
06-05 15:50:11.109 D/EGL_emulation( 1712): eglMakeCurrent: 0xb4085540: ver 2 0 (tinfo 0xb4083740)
06-05 15:50:11.111 D/EGL_emulation( 1712): eglMakeCurrent: 0xb4085540: ver 2 0 (tinfo 0xb4083740)
06-05 15:50:11.126 D/EGL_emulation( 1712): eglMakeCurrent: 0xb4085540: ver 2 0 (tinfo 0xb4083740)
06-05 15:50:11.129 D/EGL_emulation( 1712): eglMakeCurrent: 0xb4085540: ver 2 0 (tinfo 0xb4083740)
06-05 15:50:11.143 D/EGL_emulation( 1712): eglMakeCurrent: 0xb4085540: ver 2 0 (tinfo 0xb4083740)
06-05 15:50:11.145 D/EGL_emulation( 1712): eglMakeCurrent: 0xb4085540: ver 2 0 (tinfo 0xb4083740)
06-05 15:50:11.160 D/EGL_emulation( 1712): eglMakeCurrent: 0xb4085540: ver 2 0 (tinfo 0xb4083740)
06-05 15:50:11.162 D/EGL_emulation( 1712): eglMakeCurrent: 0xb4085540: ver 2 0 (tinfo 0xb4083740)
06-05 15:50:11.176 D/EGL_emulation( 1712): eglMakeCurrent: 0xb4085540: ver 2 0 (tinfo 0xb4083740)
06-05 15:50:11.178 D/EGL_emulation( 1712): eglMakeCurrent: 0xb4085540: ver 2 0 (tinfo 0xb4083740)
06-05 15:50:11.193 D/EGL_emulation( 1712): eglMakeCurrent: 0xb4085540: ver 2 0 (tinfo 0xb4083740)
06-05 15:50:11.210 D/EGL_emulation( 1712): eglMakeCurrent: 0xb4085540: ver 2 0 (tinfo 0xb4083740)
