06-05 18:36:19.298 I/art     ( 8054): Compiler allocated 7MB to compile sh.calaba.instrumentationbackend.actions.NanoHTTPD$Response sh.calaba.instrumentationbackend.actions.HttpServer.serve(java.lang.String, java.lang.String, java.util.Properties, java.util.Properties, java.util.Properties)
06-05 18:36:19.308 V/PhoneStatusBar( 1711): setLightsOn(true)
06-05 18:36:19.322 V/PhoneStatusBar( 1711): setLightsOn(true)
06-05 18:36:19.328 W/IInputConnectionWrapper( 8054): finishComposingText on inactive InputConnection
06-05 18:36:19.328 W/IInputConnectionWrapper( 8054): finishComposingText on inactive InputConnection
06-05 18:36:19.338 D/gralloc_ranchu( 1346): gralloc_alloc: Creating ashmem region of size 278528
06-05 18:36:19.350 V/PhoneStatusBar( 1711): setLightsOn(true)
06-05 18:36:19.353 V/PhoneStatusBar( 1711): setLightsOn(true)
06-05 18:36:19.358 V/PhoneStatusBar( 1711): setLightsOn(true)
06-05 18:36:19.375 V/PhoneStatusBar( 1711): setLightsOn(true)
06-05 18:36:19.384 I/System.out( 8054): URI: //map
06-05 18:36:19.384 I/System.out( 8054): params: {json={"query":"android.widget.EditText index:1","operation":{"method_name":"query","arguments":[]}}
06-05 18:36:19.384 I/System.out( 8054): }
06-05 18:36:19.404 I/System.out( 8054): URI: //gesture
06-05 18:36:19.404 I/System.out( 8054): params: {json={"query_timeout":5.0,"gestures":[{"query_string":"android.widget.EditText index:1","touches":[{"x":50,"y":50,"offset_x":0,"offset_y":0,"wait":0.0,"time":0.2,"release":true,"query_string":null}]}]}
06-05 18:36:19.404 I/System.out( 8054): }
06-05 18:36:19.606 V/PhoneStatusBar( 1711): setLightsOn(true)
06-05 18:36:20.149 I/System.out( 8054): URI: //
06-05 18:36:20.149 I/System.out( 8054): params: {json={"command":"set_selection","arguments":[-1,-1]}
06-05 18:36:20.149 I/System.out( 8054): }
06-05 18:36:20.149 I/System.out( 8054): header: {content-type=application/json;charset=utf-8, date=Fri, 05 Jun 2020 23:36:20 GMT, accept=*/*, host=127.0.0.1:34783, content-length=47, user-agent=HTTPClient/1.0 (2.8.3, ruby 2.5.1 (2018-03-29))}
06-05 18:36:20.149 I/System.out( 8054): params: {json={"command":"set_selection","arguments":[-1,-1]}
06-05 18:36:20.149 I/System.out( 8054): }
06-05 18:36:20.149 I/System.out( 8054): ProP json = {"command":"set_selection","arguments":[-1,-1]}
06-05 18:36:20.149 I/System.out( 8054): files: {}
06-05 18:36:20.149 I/System.out( 8054): command: {"command":"set_selection","arguments":[-1,-1]}
06-05 18:36:20.150 I/InstrumentationBackend( 8054): Got command:'Command:'Line:null,set_selection', arguments:'[-1, -1]'
06-05 18:36:20.154 I/System.out( 8054): result:{"bonusInformation":[],"message":"","success":true}
06-05 18:36:20.170 I/System.out( 8054): URI: //
06-05 18:36:20.170 I/System.out( 8054): params: {json={"command":"keyboard_enter_text","arguments":["0"]}
06-05 18:36:20.170 I/System.out( 8054): }
06-05 18:36:20.170 I/System.out( 8054): header: {content-type=application/json;charset=utf-8, date=Fri, 05 Jun 2020 23:36:20 GMT, accept=*/*, host=127.0.0.1:34783, content-length=51, user-agent=HTTPClient/1.0 (2.8.3, ruby 2.5.1 (2018-03-29))}
06-05 18:36:20.170 I/System.out( 8054): params: {json={"command":"keyboard_enter_text","arguments":["0"]}
06-05 18:36:20.170 I/System.out( 8054): }
06-05 18:36:20.170 I/System.out( 8054): ProP json = {"command":"keyboard_enter_text","arguments":["0"]}
06-05 18:36:20.170 I/System.out( 8054): files: {}
06-05 18:36:20.170 I/System.out( 8054): command: {"command":"keyboard_enter_text","arguments":["0"]}
06-05 18:36:20.171 I/InstrumentationBackend( 8054): Got command:'Command:'Line:null,keyboard_enter_text', arguments:'[0]'
06-05 18:36:20.171 E/SpannableStringBuilder( 8054): SPAN_EXCLUSIVE_EXCLUSIVE spans cannot have a zero length
06-05 18:36:20.171 E/SpannableStringBuilder( 8054): SPAN_EXCLUSIVE_EXCLUSIVE spans cannot have a zero length
06-05 18:36:20.173 V/PhoneStatusBar( 1711): setLightsOn(true)
06-05 18:36:20.174 E/SpannableStringBuilder( 8054): SPAN_EXCLUSIVE_EXCLUSIVE spans cannot have a zero length
06-05 18:36:20.174 E/SpannableStringBuilder( 8054): SPAN_EXCLUSIVE_EXCLUSIVE spans cannot have a zero length
06-05 18:36:20.177 I/System.out( 8054): result:{"bonusInformation":[],"message":"","success":true}
06-05 18:36:20.182 I/System.out( 8054): URI: //map
06-05 18:36:20.182 I/System.out( 8054): params: {json={"query":"* marked:'Add new vehicle'","operation":{"method_name":"query","arguments":[]}}
06-05 18:36:20.182 I/System.out( 8054): }
06-05 18:36:20.235 W/ResourceType( 8054): No package identifier when getting name for resource number 0x00000001
06-05 18:36:20.245 I/System.out( 8054): URI: //gesture
06-05 18:36:20.245 I/System.out( 8054): params: {json={"query_timeout":5.0,"gestures":[{"query_string":"* marked:'Add new vehicle'","touches":[{"x":50,"y":50,"offset_x":0,"offset_y":0,"wait":0.0,"time":0.2,"release":true,"query_string":null}]}]}
06-05 18:36:20.245 I/System.out( 8054): }
06-05 18:36:20.249 W/ResourceType( 8054): No package identifier when getting name for resource number 0x00000001
06-05 18:36:20.437 I/WindowManager( 1629): Destroying surface Surface(name=PopupWindow:9887615) called by com.android.server.wm.WindowStateAnimator.destroySurface:2016 com.android.server.wm.WindowStateAnimator.destroySurfaceLocked:882 com.android.server.wm.WindowState.destroyOrSaveSurface:2100 com.android.server.wm.AppWindowToken.destroySurfaces:363 com.android.server.wm.WindowStateAnimator.finishExit:565 com.android.server.wm.WindowStateAnimator.stepAnimationLocked:491 com.android.server.wm.WindowAnimator.updateWindowsLocked:303 com.android.server.wm.WindowAnimator.animateLocked:704 
06-05 18:36:20.438 V/PhoneStatusBar( 1711): setLightsOn(true)
06-05 18:36:20.440 V/PhoneStatusBar( 1711): setLightsOn(true)
06-05 18:36:20.488 I/System.out( 8054): URI: //map
06-05 18:36:20.488 I/System.out( 8054): params: {json={"query":"* {text CONTAINS[c] 'Invalid vehicle make'}","operation":{"method_name":"query","arguments":[]}}
06-05 18:36:20.488 I/System.out( 8054): }
06-05 18:36:20.496 I/LatinIME( 1696): Starting input. Cursor position = 0,0
06-05 18:36:20.541 V/PhoneStatusBar( 1711): setLightsOn(true)
06-05 18:36:20.554 V/PhoneStatusBar( 1711): setLightsOn(true)
06-05 18:36:20.556 W/IInputConnectionWrapper( 8054): finishComposingText on inactive InputConnection
06-05 18:36:20.570 D/gralloc_ranchu( 1346): gralloc_alloc: Creating ashmem region of size 294912
06-05 18:36:20.575 V/PhoneStatusBar( 1711): setLightsOn(true)
06-05 18:36:20.577 V/PhoneStatusBar( 1711): setLightsOn(true)
06-05 18:36:20.586 I/System.out( 8054): URI: //map
06-05 18:36:20.586 I/System.out( 8054): params: {json={"query":"android.widget.EditText index:2","operation":{"method_name":"query","arguments":[]}}
06-05 18:36:20.586 I/System.out( 8054): }
06-05 18:36:20.588 V/PhoneStatusBar( 1711): setLightsOn(true)
06-05 18:36:20.605 V/PhoneStatusBar( 1711): setLightsOn(true)
06-05 18:36:20.618 I/System.out( 8054): URI: //gesture
06-05 18:36:20.618 I/System.out( 8054): params: {json={"query_timeout":5.0,"gestures":[{"query_string":"android.widget.EditText index:2","touches":[{"x":50,"y":50,"offset_x":0,"offset_y":0,"wait":0.0,"time":0.2,"release":true,"query_string":null}]}]}
06-05 18:36:20.618 I/System.out( 8054): }
06-05 18:36:20.838 V/PhoneStatusBar( 1711): setLightsOn(true)
06-05 18:36:21.362 I/System.out( 8054): URI: //
06-05 18:36:21.362 I/System.out( 8054): params: {json={"command":"set_selection","arguments":[-1,-1]}
06-05 18:36:21.362 I/System.out( 8054): }
06-05 18:36:21.362 I/System.out( 8054): header: {content-type=application/json;charset=utf-8, date=Fri, 05 Jun 2020 23:36:21 GMT, accept=*/*, host=127.0.0.1:34783, content-length=47, user-agent=HTTPClient/1.0 (2.8.3, ruby 2.5.1 (2018-03-29))}
06-05 18:36:21.362 I/System.out( 8054): params: {json={"command":"set_selection","arguments":[-1,-1]}
06-05 18:36:21.362 I/System.out( 8054): }
06-05 18:36:21.362 I/System.out( 8054): ProP json = {"command":"set_selection","arguments":[-1,-1]}
06-05 18:36:21.362 I/System.out( 8054): files: {}
06-05 18:36:21.362 I/System.out( 8054): command: {"command":"set_selection","arguments":[-1,-1]}
06-05 18:36:21.362 I/InstrumentationBackend( 8054): Got command:'Command:'Line:null,set_selection', arguments:'[-1, -1]'
06-05 18:36:21.365 I/System.out( 8054): result:{"bonusInformation":[],"message":"","success":true}
06-05 18:36:21.378 I/System.out( 8054): URI: //
06-05 18:36:21.378 I/System.out( 8054): params: {json={"command":"keyboard_enter_text","arguments":["Test"]}
06-05 18:36:21.378 I/System.out( 8054): }
06-05 18:36:21.378 I/System.out( 8054): header: {content-type=application/json;charset=utf-8, date=Fri, 05 Jun 2020 23:36:21 GMT, accept=*/*, host=127.0.0.1:34783, content-length=54, user-agent=HTTPClient/1.0 (2.8.3, ruby 2.5.1 (2018-03-29))}
06-05 18:36:21.378 I/System.out( 8054): params: {json={"command":"keyboard_enter_text","arguments":["Test"]}
06-05 18:36:21.378 I/System.out( 8054): }
06-05 18:36:21.378 I/System.out( 8054): ProP json = {"command":"keyboard_enter_text","arguments":["Test"]}
06-05 18:36:21.378 I/System.out( 8054): files: {}
06-05 18:36:21.378 I/System.out( 8054): command: {"command":"keyboard_enter_text","arguments":["Test"]}
06-05 18:36:21.379 I/InstrumentationBackend( 8054): Got command:'Command:'Line:null,keyboard_enter_text', arguments:'[Test]'
06-05 18:36:21.379 E/SpannableStringBuilder( 8054): SPAN_EXCLUSIVE_EXCLUSIVE spans cannot have a zero length
06-05 18:36:21.379 E/SpannableStringBuilder( 8054): SPAN_EXCLUSIVE_EXCLUSIVE spans cannot have a zero length
06-05 18:36:21.381 V/PhoneStatusBar( 1711): setLightsOn(true)
06-05 18:36:21.383 E/SpannableStringBuilder( 8054): SPAN_EXCLUSIVE_EXCLUSIVE spans cannot have a zero length
06-05 18:36:21.383 E/SpannableStringBuilder( 8054): SPAN_EXCLUSIVE_EXCLUSIVE spans cannot have a zero length
06-05 18:36:21.385 I/System.out( 8054): result:{"bonusInformation":[],"message":"","success":true}
06-05 18:36:21.388 I/System.out( 8054): URI: //map
06-05 18:36:21.388 I/System.out( 8054): params: {json={"query":"* marked:'Add new vehicle'","operation":{"method_name":"query","arguments":[]}}
06-05 18:36:21.388 I/System.out( 8054): }
06-05 18:36:21.413 W/ResourceType( 8054): No package identifier when getting name for resource number 0x00000001
06-05 18:36:21.421 I/System.out( 8054): URI: //gesture
06-05 18:36:21.421 I/System.out( 8054): params: {json={"query_timeout":5.0,"gestures":[{"query_string":"* marked:'Add new vehicle'","touches":[{"x":50,"y":50,"offset_x":0,"offset_y":0,"wait":0.0,"time":0.2,"release":true,"query_string":null}]}]}
06-05 18:36:21.421 I/System.out( 8054): }
06-05 18:36:21.424 W/ResourceType( 8054): No package identifier when getting name for resource number 0x00000001
06-05 18:36:21.637 I/WindowManager( 1629): Destroying surface Surface(name=PopupWindow:1d9c219) called by com.android.server.wm.WindowStateAnimator.destroySurface:2016 com.android.server.wm.WindowStateAnimator.destroySurfaceLocked:882 com.android.server.wm.WindowState.destroyOrSaveSurface:2100 com.android.server.wm.AppWindowToken.destroySurfaces:363 com.android.server.wm.WindowStateAnimator.finishExit:565 com.android.server.wm.WindowStateAnimator.stepAnimationLocked:491 com.android.server.wm.WindowAnimator.updateWindowsLocked:303 com.android.server.wm.WindowAnimator.animateLocked:704 
06-05 18:36:21.637 V/PhoneStatusBar( 1711): setLightsOn(true)
06-05 18:36:21.639 V/PhoneStatusBar( 1711): setLightsOn(true)
06-05 18:36:21.661 I/System.out( 8054): URI: //map
06-05 18:36:21.661 I/System.out( 8054): params: {json={"query":"* {text CONTAINS[c] 'Invalid vehicle model'}","operation":{"method_name":"query","arguments":[]}}
06-05 18:36:21.661 I/System.out( 8054): }
06-05 18:36:21.676 I/LatinIME( 1696): Starting input. Cursor position = 0,0
06-05 18:36:21.699 V/PhoneStatusBar( 1711): setLightsOn(true)
06-05 18:36:21.704 V/PhoneStatusBar( 1711): setLightsOn(true)
06-05 18:36:21.705 W/IInputConnectionWrapper( 8054): finishComposingText on inactive InputConnection
06-05 18:36:21.705 W/IInputConnectionWrapper( 8054): finishComposingText on inactive InputConnection
06-05 18:36:21.720 D/gralloc_ranchu( 1346): gralloc_alloc: Creating ashmem region of size 303104
06-05 18:36:21.725 V/PhoneStatusBar( 1711): setLightsOn(true)
06-05 18:36:21.726 V/PhoneStatusBar( 1711): setLightsOn(true)
06-05 18:36:21.738 V/PhoneStatusBar( 1711): setLightsOn(true)
