--------- beginning of main
06-05 15:50:20.369 D/EGL_emulation( 2099): eglMakeCurrent: 0xb4085240: ver 2 0 (tinfo 0xb40832d0)
06-05 15:50:20.370 W/OpenGLRenderer( 2099): Incorrectly called buildLayer on View: ShortcutAndWidgetContainer, destroying layer...
06-05 15:50:20.371 D/EGL_emulation( 1712): eglMakeCurrent: 0xb4085540: ver 2 0 (tinfo 0xb4083740)
06-05 15:50:20.382 D/EGL_emulation( 1712): eglMakeCurrent: 0xb4085540: ver 2 0 (tinfo 0xb4083740)
06-05 15:50:20.390 D/EGL_emulation( 1712): eglMakeCurrent: 0xb4085540: ver 2 0 (tinfo 0xb4083740)
06-05 15:50:20.396 D/EGL_emulation( 1712): eglMakeCurrent: 0xb4085540: ver 2 0 (tinfo 0xb4083740)
06-05 15:50:20.401 D/EGL_emulation( 1712): eglMakeCurrent: 0xb4085540: ver 2 0 (tinfo 0xb4083740)
06-05 15:50:20.412 D/EGL_emulation( 1712): eglMakeCurrent: 0xb4085540: ver 2 0 (tinfo 0xb4083740)
06-05 15:50:20.419 D/EGL_emulation( 1712): eglMakeCurrent: 0xb4085540: ver 2 0 (tinfo 0xb4083740)
06-05 15:50:20.429 D/EGL_emulation( 1712): eglMakeCurrent: 0xb4085540: ver 2 0 (tinfo 0xb4083740)
06-05 15:50:20.434 D/EGL_emulation( 1712): eglMakeCurrent: 0xb4085540: ver 2 0 (tinfo 0xb4083740)
06-05 15:50:20.445 D/EGL_emulation( 1712): eglMakeCurrent: 0xb4085540: ver 2 0 (tinfo 0xb4083740)
06-05 15:50:20.451 D/EGL_emulation( 1712): eglMakeCurrent: 0xb4085540: ver 2 0 (tinfo 0xb4083740)
06-05 15:50:20.462 D/EGL_emulation( 1712): eglMakeCurrent: 0xb4085540: ver 2 0 (tinfo 0xb4083740)
06-05 15:50:20.469 D/EGL_emulation( 1712): eglMakeCurrent: 0xb4085540: ver 2 0 (tinfo 0xb4083740)
06-05 15:50:20.478 D/EGL_emulation( 1712): eglMakeCurrent: 0xb4085540: ver 2 0 (tinfo 0xb4083740)
06-05 15:50:20.486 D/EGL_emulation( 1712): eglMakeCurrent: 0xb4085540: ver 2 0 (tinfo 0xb4083740)
06-05 15:50:20.495 D/EGL_emulation( 1712): eglMakeCurrent: 0xb4085540: ver 2 0 (tinfo 0xb4083740)
06-05 15:50:20.512 D/EGL_emulation( 1712): eglMakeCurrent: 0xb4085540: ver 2 0 (tinfo 0xb4083740)
06-05 15:50:20.519 D/EGL_emulation( 1712): eglMakeCurrent: 0xb4085540: ver 2 0 (tinfo 0xb4083740)
06-05 15:50:20.525 D/EGL_emulation( 1712): eglMakeCurrent: 0xb4085540: ver 2 0 (tinfo 0xb4083740)
06-05 15:50:20.529 D/EGL_emulation( 1712): eglMakeCurrent: 0xb4085540: ver 2 0 (tinfo 0xb4083740)
06-05 15:50:20.533 D/EGL_emulation( 1712): eglMakeCurrent: 0xb4085540: ver 2 0 (tinfo 0xb4083740)
06-05 15:50:20.543 D/EGL_emulation( 1712): eglMakeCurrent: 0xb4085540: ver 2 0 (tinfo 0xb4083740)
06-05 15:50:20.659 D/AndroidRuntime(18646): >>>>>> START com.android.internal.os.RuntimeInit uid 2000 <<<<<<
06-05 15:50:20.660 D/AndroidRuntime(18646): CheckJNI is ON
06-05 15:50:20.673 W/art     (18646): Unexpected CPU variant for X86 using defaults: x86
06-05 15:50:20.676 D/ICU     (18646): No timezone override file found: /data/misc/zoneinfo/current/icu/icu_tzdata.dat
06-05 15:50:20.685 E/memtrack(18646): Couldn't load memtrack module (No such file or directory)
06-05 15:50:20.685 E/android.os.Debug(18646): failed to load memtrack module: -2
06-05 15:50:20.686 I/Radio-JNI(18646): register_android_hardware_Radio DONE
06-05 15:50:20.691 D/AndroidRuntime(18646): Calling main entry com.android.commands.am.Am
--------- beginning of system
06-05 15:50:20.692 I/ActivityManager( 1630): Force stopping com.evancharlton.mileage appid=10086 user=0: start instr
06-05 15:50:20.695 I/art     (18656): Not late-enabling -Xcheck:jni (already on)
06-05 15:50:20.696 W/art     (18656): Unexpected CPU variant for X86 using defaults: x86
06-05 15:50:20.703 I/ActivityManager( 1630): Start proc 18656:com.evancharlton.mileage/u0a86 for added application com.evancharlton.mileage
06-05 15:50:20.703 D/AndroidRuntime(18646): Shutting down VM
06-05 15:50:20.708 W/System  (18656): ClassLoader referenced unknown path: /data/app/com.evancharlton.mileage.test-1/lib/x86
06-05 15:50:20.708 W/System  (18656): ClassLoader referenced unknown path: /data/app/com.evancharlton.mileage-1/lib/x86
06-05 15:50:20.710 W/System  (18656): ClassLoader referenced unknown path: 
06-05 15:50:20.715 I/System.out(18656): Main activity name automatically set to: com.evancharlton.mileage.Mileage
06-05 15:50:20.715 I/System.out(18656): Calabash did not load Mono. This is only a problem if you are trying to test a Mono application
06-05 15:50:20.715 I/calabash(18656): Test server port: 7102
06-05 15:50:20.716 I/InstrumentationBackend(18656): Added:'GetPreferences', with key:'get_preferences'
06-05 15:50:20.722 I/InstrumentationBackend(18656): Added:'SetPreferences', with key:'set_preferences'
06-05 15:50:20.722 I/InstrumentationBackend(18656): Added:'ClearPreferences', with key:'clear_preferences'
06-05 15:50:20.722 I/InstrumentationBackend(18656): Added:'PressElement', with key:'press_l10n_element'
06-05 15:50:20.722 I/InstrumentationBackend(18656): Added:'WaitForElement', with key:'wait_for_l10n_element'
06-05 15:50:20.722 I/InstrumentationBackend(18656): Added:'NullAction', with key:'nullAction'
06-05 15:50:20.722 I/InstrumentationBackend(18656): Added:'PressKey', with key:'press_key'
06-05 15:50:20.722 I/InstrumentationBackend(18656): Added:'SetActivityOrientation', with key:'set_activity_orientation'
06-05 15:50:20.722 I/InstrumentationBackend(18656): Added:'GetActivityOrientation', with key:'get_activity_orientation'
06-05 15:50:20.722 I/InstrumentationBackend(18656): Added:'FakeGPSLocation', with key:'set_gps_coordinates'
06-05 15:50:20.722 I/InstrumentationBackend(18656): Added:'SetPropertyByCssSelector', with key:'set_property_by_css_selector'
06-05 15:50:20.722 I/InstrumentationBackend(18656): Added:'GetUrl', with key:'get_url'
06-05 15:50:20.723 I/InstrumentationBackend(18656): Added:'ScrollTo', with key:'scroll_to'
06-05 15:50:20.723 I/InstrumentationBackend(18656): Added:'GetLoadProgress', with key:'get_load_progress'
06-05 15:50:20.723 I/InstrumentationBackend(18656): Added:'DumpHtml', with key:'dump_html'
06-05 15:50:20.723 I/InstrumentationBackend(18656): Added:'DumpBodyHtml', with key:'dump_body_html'
06-05 15:50:20.723 I/InstrumentationBackend(18656): Added:'EnterTextByCssSelector', with key:'enter_text_by_selector'
06-05 15:50:20.723 I/InstrumentationBackend(18656): Added:'AndroidSDKVersion', with key:'android_sdk_version'
06-05 15:50:20.723 I/InstrumentationBackend(18656): Added:'Version', with key:'version'
06-05 15:50:20.723 I/InstrumentationBackend(18656): Added:'Drag', with key:'drag'
06-05 15:50:20.723 I/InstrumentationBackend(18656): Added:'TouchCoordinates', with key:'touch_coordinate'
06-05 15:50:20.723 I/InstrumentationBackend(18656): Added:'LongPressCoordinate', with key:'long_press_coordinate'
06-05 15:50:20.723 I/InstrumentationBackend(18656): Added:'DragCoordinates', with key:'drag_coordinates'
06-05 15:50:20.723 I/InstrumentationBackend(18656): Added:'ResumeApplication', with key:'resume_application'
06-05 15:50:20.724 I/InstrumentationBackend(18656): Added:'Swipe', with key:'swipe'
06-05 15:50:20.724 I/InstrumentationBackend(18656): Added:'DoubleTapCoordinate', with key:'double_tap_coordinate'
06-05 15:50:20.724 I/InstrumentationBackend(18656): Added:'ClickOnScreen', with key:'click_on_screen'
06-05 15:50:20.724 I/InstrumentationBackend(18656): Added:'GetActivityName', with key:'get_activity_name'
06-05 15:50:20.724 I/InstrumentationBackend(18656): Added:'ScrollToView', with key:'scroll_to_view'
06-05 15:50:20.724 I/InstrumentationBackend(18656): Added:'ViewConfiguration', with key:'view_configuration'
06-05 15:50:20.724 I/InstrumentationBackend(18656): Added:'IsCurrentActivityFocused', with key:'is_current_activity_focused'
06-05 15:50:20.724 I/InstrumentationBackend(18656): Added:'SendTcp', with key:'send_tcp'
06-05 15:50:20.724 I/InstrumentationBackend(18656): Added:'DpToDevicePixel', with key:'dp_to_device_pixel'
06-05 15:50:20.724 I/InstrumentationBackend(18656): Added:'KeyboardEnterText', with key:'keyboard_enter_text'
06-05 15:50:20.724 I/InstrumentationBackend(18656): Added:'DeleteSurroundingText', with key:'delete_surrounding_text'
06-05 15:50:20.724 I/InstrumentationBackend(18656): Added:'SetComposingRegion', with key:'set_composing_region'
06-05 15:50:20.724 I/InstrumentationBackend(18656): Added:'SetSelection', with key:'set_selection'
06-05 15:50:20.724 I/InstrumentationBackend(18656): Added:'KeyboardKeyEvent', with key:'keyboard_key_event'
06-05 15:50:20.724 I/InstrumentationBackend(18656): Added:'PressUserActionButton', with key:'press_user_action_button'
06-05 15:50:20.724 I/InstrumentationBackend(18656): Added:'HideSoftKeyboard', with key:'hide_soft_keyboard'
06-05 15:50:20.724 I/InstrumentationBackend(18656): Added:'ListActions', with key:'list_actions'
06-05 15:50:20.724 I/calabash(18656): Instantiating http server at 7102
06-05 15:50:20.725 I/System.out(18656): HTTP Daemon listening on: 7102
06-05 15:50:20.812 I/System.out(18656): URI: //ping
06-05 15:50:20.812 I/System.out(18656): params: {json={}
06-05 15:50:20.812 I/System.out(18656): }
06-05 15:50:20.814 I/System.out(18656): URI: //ping
06-05 15:50:20.814 I/System.out(18656): params: {json={}
06-05 15:50:20.814 I/System.out(18656): }
06-05 15:50:20.816 I/System.out(18656): URI: //ready
06-05 15:50:20.816 I/System.out(18656): params: {json={}
06-05 15:50:20.816 I/System.out(18656): }
06-05 15:50:20.818 I/System.out(18656): URI: //
06-05 15:50:20.818 I/System.out(18656): params: {json={"command":"version","arguments":[]}
06-05 15:50:20.818 I/System.out(18656): }
06-05 15:50:20.818 I/System.out(18656): header: {content-type=application/json;charset=utf-8, date=Fri, 05 Jun 2020 20:50:21 GMT, accept=*/*, host=127.0.0.1:34784, content-length=36, user-agent=HTTPClient/1.0 (2.8.3, ruby 2.5.1 (2018-03-29))}
06-05 15:50:20.818 I/System.out(18656): params: {json={"command":"version","arguments":[]}
06-05 15:50:20.818 I/System.out(18656): }
06-05 15:50:20.818 I/System.out(18656): ProP json = {"command":"version","arguments":[]}
06-05 15:50:20.818 I/System.out(18656): files: {}
06-05 15:50:20.818 I/System.out(18656): command: {"command":"version","arguments":[]}
06-05 15:50:20.821 I/InstrumentationBackend(18656): Got command:'Command:'Line:null,version', arguments:'[]'
06-05 15:50:20.827 I/System.out(18656): result:{"bonusInformation":[],"message":"0.9.8","success":true}
06-05 15:50:20.830 I/System.out(18656): URI: //start-application
06-05 15:50:20.830 I/System.out(18656): params: {json={"intent":null}
06-05 15:50:20.830 I/System.out(18656): }
06-05 15:50:20.838 I/ActivityManager( 1630): START u0 {act=android.intent.action.MAIN cat=[android.intent.category.LAUNCHER] flg=0x10200000 cmp=com.evancharlton.mileage/.Mileage} from uid 10086 on display 0
06-05 15:50:20.860 I/calabash(18656): newActivity1
06-05 15:50:20.861 D/gralloc_ranchu( 1346): gralloc_alloc: Creating ashmem region of size 9023488
06-05 15:50:20.870 I/calabash(18656): newActivity1
06-05 15:50:20.872 W/ActivityManager( 1630): Bad activity token: android.os.BinderProxy@98aba9d
06-05 15:50:20.872 W/ActivityManager( 1630): java.lang.ClassCastException: android.os.BinderProxy cannot be cast to com.android.server.am.ActivityRecord$Token
06-05 15:50:20.872 W/ActivityManager( 1630): 	at com.android.server.am.ActivityRecord.forTokenLocked(ActivityRecord.java:586)
06-05 15:50:20.872 W/ActivityManager( 1630): 	at com.android.server.am.ActivityRecord.isInStackLocked(ActivityRecord.java:1327)
06-05 15:50:20.872 W/ActivityManager( 1630): 	at com.android.server.am.ActivityRecord.getStackLocked(ActivityRecord.java:1332)
06-05 15:50:20.872 W/ActivityManager( 1630): 	at com.android.server.am.ActivityManagerService.getActivityDisplayId(ActivityManagerService.java:9806)
06-05 15:50:20.872 W/ActivityManager( 1630): 	at android.app.ActivityManagerNative.onTransact(ActivityManagerNative.java:2566)
06-05 15:50:20.872 W/ActivityManager( 1630): 	at com.android.server.am.ActivityManagerService.onTransact(ActivityManagerService.java:2757)
06-05 15:50:20.872 W/ActivityManager( 1630): 	at android.os.Binder.execTransact(Binder.java:565)
06-05 15:50:20.873 W/ActivityManager( 1630): Bad activity token: android.os.BinderProxy@98aba9d
06-05 15:50:20.873 W/ActivityManager( 1630): java.lang.ClassCastException: android.os.BinderProxy cannot be cast to com.android.server.am.ActivityRecord$Token
06-05 15:50:20.873 W/ActivityManager( 1630): 	at com.android.server.am.ActivityRecord.forTokenLocked(ActivityRecord.java:586)
06-05 15:50:20.873 W/ActivityManager( 1630): 	at com.android.server.am.ActivityRecord.isInStackLocked(ActivityRecord.java:1327)
06-05 15:50:20.873 W/ActivityManager( 1630): 	at com.android.server.am.ActivityManagerService.setTaskDescription(ActivityManagerService.java:9358)
06-05 15:50:20.873 W/ActivityManager( 1630): 	at android.app.ActivityManagerNative.onTransact(ActivityManagerNative.java:2639)
06-05 15:50:20.873 W/ActivityManager( 1630): 	at com.android.server.am.ActivityManagerService.onTransact(ActivityManagerService.java:2757)
06-05 15:50:20.873 W/ActivityManager( 1630): 	at android.os.Binder.execTransact(Binder.java:565)
06-05 15:50:20.873 W/ActivityManager( 1630): Bad activity token: android.os.BinderProxy@98aba9d
06-05 15:50:20.873 W/ActivityManager( 1630): java.lang.ClassCastException: android.os.BinderProxy cannot be cast to com.android.server.am.ActivityRecord$Token
06-05 15:50:20.873 W/ActivityManager( 1630): 	at com.android.server.am.ActivityRecord.forTokenLocked(ActivityRecord.java:586)
06-05 15:50:20.873 W/ActivityManager( 1630): 	at com.android.server.am.ActivityRecord.isInStackLocked(ActivityRecord.java:1327)
06-05 15:50:20.873 W/ActivityManager( 1630): 	at com.android.server.am.ActivityRecord.getStackLocked(ActivityRecord.java:1332)
06-05 15:50:20.873 W/ActivityManager( 1630): 	at com.android.server.am.ActivityManagerService.getActivityStackId(ActivityManagerService.java:9817)
06-05 15:50:20.873 W/ActivityManager( 1630): 	at android.app.ActivityManagerNative.onTransact(ActivityManagerNative.java:2856)
06-05 15:50:20.873 W/ActivityManager( 1630): 	at com.android.server.am.ActivityManagerService.onTransact(ActivityManagerService.java:2757)
06-05 15:50:20.873 W/ActivityManager( 1630): 	at android.os.Binder.execTransact(Binder.java:565)
06-05 15:50:20.876 W/OpenGLRenderer( 2099): Incorrectly called buildLayer on View: ShortcutAndWidgetContainer, destroying layer...
06-05 15:50:20.893 W/ActivityManager( 1630): Bad activity token: android.os.BinderProxy@98aba9d
06-05 15:50:20.893 W/ActivityManager( 1630): java.lang.ClassCastException: android.os.BinderProxy cannot be cast to com.android.server.am.ActivityRecord$Token
06-05 15:50:20.893 W/ActivityManager( 1630): 	at com.android.server.am.ActivityRecord.forTokenLocked(ActivityRecord.java:586)
06-05 15:50:20.893 W/ActivityManager( 1630): 	at com.android.server.am.ActivityRecord.isInStackLocked(ActivityRecord.java:1327)
06-05 15:50:20.893 W/ActivityManager( 1630): 	at com.android.server.am.ActivityManagerService.getActivityOptions(ActivityManagerService.java:12559)
06-05 15:50:20.893 W/ActivityManager( 1630): 	at android.app.ActivityManagerNative.onTransact(ActivityManagerNative.java:1933)
06-05 15:50:20.893 W/ActivityManager( 1630): 	at com.android.server.am.ActivityManagerService.onTransact(ActivityManagerService.java:2757)
06-05 15:50:20.893 W/ActivityManager( 1630): 	at android.os.Binder.execTransact(Binder.java:565)
06-05 15:50:20.894 W/ActivityManager( 1630): Bad activity token: android.os.BinderProxy@98aba9d
06-05 15:50:20.894 W/ActivityManager( 1630): java.lang.ClassCastException: android.os.BinderProxy cannot be cast to com.android.server.am.ActivityRecord$Token
06-05 15:50:20.894 W/ActivityManager( 1630): 	at com.android.server.am.ActivityRecord.forTokenLocked(ActivityRecord.java:586)
06-05 15:50:20.894 W/ActivityManager( 1630): 	at com.android.server.am.ActivityRecord.isInStackLocked(ActivityRecord.java:1327)
06-05 15:50:20.894 W/ActivityManager( 1630): 	at com.android.server.am.ActivityManagerService.getActivityOptions(ActivityManagerService.java:12559)
06-05 15:50:20.894 W/ActivityManager( 1630): 	at android.app.ActivityManagerNative.onTransact(ActivityManagerNative.java:1933)
06-05 15:50:20.894 W/ActivityManager( 1630): 	at com.android.server.am.ActivityManagerService.onTransact(ActivityManagerService.java:2757)
06-05 15:50:20.894 W/ActivityManager( 1630): 	at android.os.Binder.execTransact(Binder.java:565)
06-05 15:50:20.896 V/PhoneStatusBar( 1712): setLightsOn(true)
06-05 15:50:20.910 D/EGL_emulation( 2099): eglMakeCurrent: 0xb4085240: ver 2 0 (tinfo 0xb40832d0)
06-05 15:50:20.913 D/EGL_emulation( 1712): eglMakeCurrent: 0xb4085540: ver 2 0 (tinfo 0xb4083740)
06-05 15:50:20.926 D/gralloc_ranchu( 1346): gralloc_alloc: Creating ashmem region of size 9023488
06-05 15:50:20.931 D/EGL_emulation( 1712): eglMakeCurrent: 0xb4085540: ver 2 0 (tinfo 0xb4083740)
06-05 15:50:20.932 D/        (18656): HostConnection::get() New Host Connection established 0xa7c15500, tid 18656
06-05 15:50:20.976 D/EGL_emulation( 1712): eglMakeCurrent: 0xb4085540: ver 2 0 (tinfo 0xb4083740)
06-05 15:50:20.976 V/PhoneStatusBar( 1712): setLightsOn(true)
06-05 15:50:20.977 D/EGL_emulation( 1712): eglMakeCurrent: 0xb4085540: ver 2 0 (tinfo 0xb4083740)
06-05 15:50:20.980 D/EGL_emulation( 1712): eglMakeCurrent: 0xb4085540: ver 2 0 (tinfo 0xb4083740)
06-05 15:50:20.993 D/EGL_emulation( 1712): eglMakeCurrent: 0xb4085540: ver 2 0 (tinfo 0xb4083740)
06-05 15:50:20.993 I/ActivityManager( 1630): Displayed com.evancharlton.mileage/.Mileage: +152ms
06-05 15:50:20.993 D/gralloc_ranchu( 1346): gralloc_alloc: Creating ashmem region of size 9023488
06-05 15:50:21.000 D/EGL_emulation( 1712): eglMakeCurrent: 0xb4085540: ver 2 0 (tinfo 0xb4083740)
06-05 15:50:21.009 D/EGL_emulation( 1712): eglMakeCurrent: 0xb4085540: ver 2 0 (tinfo 0xb4083740)
06-05 15:50:21.020 D/EGL_emulation( 1712): eglMakeCurrent: 0xb4085540: ver 2 0 (tinfo 0xb4083740)
06-05 15:50:21.020 V/PhoneStatusBar( 1712): setLightsOn(true)
06-05 15:50:21.030 D/EGL_emulation( 1712): eglMakeCurrent: 0xb4085540: ver 2 0 (tinfo 0xb4083740)
06-05 15:50:21.038 D/EGL_emulation( 1712): eglMakeCurrent: 0xb4085540: ver 2 0 (tinfo 0xb4083740)
06-05 15:50:21.043 D/EGL_emulation( 1712): eglMakeCurrent: 0xb4085540: ver 2 0 (tinfo 0xb4083740)
06-05 15:50:21.045 D/EGL_emulation( 1712): eglMakeCurrent: 0xb4085540: ver 2 0 (tinfo 0xb4083740)
06-05 15:50:21.045 I/System.out(18656): URI: //map
06-05 15:50:21.045 I/System.out(18656): params: {json={"query":"* marked:'Statistics'","operation":{"method_name":"query","arguments":[]}}
06-05 15:50:21.045 I/System.out(18656): }
06-05 15:50:21.058 W/ResourceType(18656): No package identifier when getting name for resource number 0x00000001
06-05 15:50:21.059 D/EGL_emulation( 1712): eglMakeCurrent: 0xb4085540: ver 2 0 (tinfo 0xb4083740)
06-05 15:50:21.061 D/EGL_emulation( 1712): eglMakeCurrent: 0xb4085540: ver 2 0 (tinfo 0xb4083740)
06-05 15:50:21.072 I/System.out(18656): URI: //gesture
06-05 15:50:21.072 I/System.out(18656): params: {json={"query_timeout":5.0,"gestures":[{"query_string":"* marked:'Statistics'","touches":[{"x":50,"y":50,"offset_x":0,"offset_y":0,"wait":0.0,"time":0.2,"release":true,"query_string":null}]}]}
06-05 15:50:21.072 I/System.out(18656): }
06-05 15:50:21.076 W/ResourceType(18656): No package identifier when getting name for resource number 0x00000001
06-05 15:50:21.076 D/EGL_emulation( 1712): eglMakeCurrent: 0xb4085540: ver 2 0 (tinfo 0xb4083740)
06-05 15:50:21.078 D/EGL_emulation( 1712): eglMakeCurrent: 0xb4085540: ver 2 0 (tinfo 0xb4083740)
06-05 15:50:21.094 D/EGL_emulation( 1712): eglMakeCurrent: 0xb4085540: ver 2 0 (tinfo 0xb4083740)
06-05 15:50:21.111 D/EGL_emulation( 1712): eglMakeCurrent: 0xb4085540: ver 2 0 (tinfo 0xb4083740)
06-05 15:50:21.122 D/EGL_emulation( 1712): eglMakeCurrent: 0xb4085540: ver 2 0 (tinfo 0xb4083740)
06-05 15:50:21.139 D/EGL_emulation( 1712): eglMakeCurrent: 0xb4085540: ver 2 0 (tinfo 0xb4083740)
06-05 15:50:21.153 D/EGL_emulation( 1712): eglMakeCurrent: 0xb4085540: ver 2 0 (tinfo 0xb4083740)
06-05 15:50:21.193 I/WindowManager( 1630): Destroying surface Surface(name=Starting com.evancharlton.mileage) called by com.android.server.wm.WindowStateAnimator.destroySurface:2016 com.android.server.wm.WindowStateAnimator.destroySurfaceLocked:882 com.android.server.wm.WindowState.destroyOrSaveSurface:2100 com.android.server.wm.AppWindowToken.destroySurfaces:363 com.android.server.wm.WindowStateAnimator.finishExit:565 com.android.server.wm.WindowStateAnimator.stepAnimationLocked:491 com.android.server.wm.WindowAnimator.updateWindowsLocked:303 com.android.server.wm.WindowAnimator.animateLocked:704 
06-05 15:50:21.200 V/PhoneStatusBar( 1712): setLightsOn(true)
06-05 15:50:21.227 V/PhoneStatusBar( 1712): setLightsOn(true)
06-05 15:50:21.318 I/calabash(18656): newActivity1
06-05 15:50:21.356 I/System.out(18656): URI: //map
06-05 15:50:21.356 I/System.out(18656): params: {json={"query":"android.widget.ScrollView index:0","operation":{"method_name":"query","arguments":[]}}
06-05 15:50:21.356 I/System.out(18656): }
06-05 15:50:21.371 W/ActivityManager( 1630): Bad activity token: android.os.BinderProxy@297f12f
06-05 15:50:21.371 W/ActivityManager( 1630): java.lang.ClassCastException: android.os.BinderProxy cannot be cast to com.android.server.am.ActivityRecord$Token
06-05 15:50:21.371 W/ActivityManager( 1630): 	at com.android.server.am.ActivityRecord.forTokenLocked(ActivityRecord.java:586)
06-05 15:50:21.371 W/ActivityManager( 1630): 	at com.android.server.am.ActivityRecord.isInStackLocked(ActivityRecord.java:1327)
06-05 15:50:21.371 W/ActivityManager( 1630): 	at com.android.server.am.ActivityRecord.getStackLocked(ActivityRecord.java:1332)
06-05 15:50:21.371 W/ActivityManager( 1630): 	at com.android.server.am.ActivityManagerService.getActivityDisplayId(ActivityManagerService.java:9806)
06-05 15:50:21.371 W/ActivityManager( 1630): 	at android.app.ActivityManagerNative.onTransact(ActivityManagerNative.java:2566)
06-05 15:50:21.371 W/ActivityManager( 1630): 	at com.android.server.am.ActivityManagerService.onTransact(ActivityManagerService.java:2757)
06-05 15:50:21.371 W/ActivityManager( 1630): 	at android.os.Binder.execTransact(Binder.java:565)
06-05 15:50:21.374 W/ActivityManager( 1630): Bad activity token: android.os.BinderProxy@297f12f
06-05 15:50:21.374 W/ActivityManager( 1630): java.lang.ClassCastException: android.os.BinderProxy cannot be cast to com.android.server.am.ActivityRecord$Token
06-05 15:50:21.374 W/ActivityManager( 1630): 	at com.android.server.am.ActivityRecord.forTokenLocked(ActivityRecord.java:586)
06-05 15:50:21.374 W/ActivityManager( 1630): 	at com.android.server.am.ActivityRecord.isInStackLocked(ActivityRecord.java:1327)
06-05 15:50:21.374 W/ActivityManager( 1630): 	at com.android.server.am.ActivityManagerService.setTaskDescription(ActivityManagerService.java:9358)
06-05 15:50:21.374 W/ActivityManager( 1630): 	at android.app.ActivityManagerNative.onTransact(ActivityManagerNative.java:2639)
06-05 15:50:21.374 W/ActivityManager( 1630): 	at com.android.server.am.ActivityManagerService.onTransact(ActivityManagerService.java:2757)
06-05 15:50:21.374 W/ActivityManager( 1630): 	at android.os.Binder.execTransact(Binder.java:565)
06-05 15:50:21.375 W/ActivityManager( 1630): Bad activity token: android.os.BinderProxy@297f12f
06-05 15:50:21.375 W/ActivityManager( 1630): java.lang.ClassCastException: android.os.BinderProxy cannot be cast to com.android.server.am.ActivityRecord$Token
06-05 15:50:21.375 W/ActivityManager( 1630): 	at com.android.server.am.ActivityRecord.forTokenLocked(ActivityRecord.java:586)
06-05 15:50:21.375 W/ActivityManager( 1630): 	at com.android.server.am.ActivityRecord.isInStackLocked(ActivityRecord.java:1327)
06-05 15:50:21.375 W/ActivityManager( 1630): 	at com.android.server.am.ActivityRecord.getStackLocked(ActivityRecord.java:1332)
06-05 15:50:21.375 W/ActivityManager( 1630): 	at com.android.server.am.ActivityManagerService.getActivityStackId(ActivityManagerService.java:9817)
06-05 15:50:21.375 W/ActivityManager( 1630): 	at android.app.ActivityManagerNative.onTransact(ActivityManagerNative.java:2856)
06-05 15:50:21.375 W/ActivityManager( 1630): 	at com.android.server.am.ActivityManagerService.onTransact(ActivityManagerService.java:2757)
06-05 15:50:21.375 W/ActivityManager( 1630): 	at android.os.Binder.execTransact(Binder.java:565)
06-05 15:50:21.377 V/PhoneStatusBar( 1712): setLightsOn(true)
06-05 15:50:21.396 D/VehicleStatisticsActivity(18656): Checking recalculation ...
06-05 15:50:21.398 D/VehicleStatisticsActivity(18656): Recalculating statistics
06-05 15:50:21.398 D/VehicleStatisticsTask(18656): Calculation starting...
06-05 15:50:21.399 D/VehicleStatisticsActivity(18656): Recalculation started!
06-05 15:50:21.400 W/ResourceType(18656): No package identifier when getting value for resource number 0x00000000
06-05 15:50:21.401 D/AndroidRuntime(18656): Shutting down VM
--------- beginning of crash
06-05 15:50:21.402 E/AndroidRuntime(18656): FATAL EXCEPTION: main
06-05 15:50:21.402 E/AndroidRuntime(18656): Process: com.evancharlton.mileage, PID: 18656
06-05 15:50:21.402 E/AndroidRuntime(18656): java.lang.RuntimeException: Unable to start activity ComponentInfo{com.evancharlton.mileage/com.evancharlton.mileage.VehicleStatisticsActivity}: android.content.res.Resources$NotFoundException: String resource ID #0x0
06-05 15:50:21.402 E/AndroidRuntime(18656): 	at android.app.ActivityThread.performLaunchActivity(ActivityThread.java:2646)
06-05 15:50:21.402 E/AndroidRuntime(18656): 	at android.app.ActivityThread.startActivityNow(ActivityThread.java:2446)
06-05 15:50:21.402 E/AndroidRuntime(18656): 	at android.app.LocalActivityManager.moveToState(LocalActivityManager.java:136)
06-05 15:50:21.402 E/AndroidRuntime(18656): 	at android.app.LocalActivityManager.startActivity(LocalActivityManager.java:348)
06-05 15:50:21.402 E/AndroidRuntime(18656): 	at android.widget.TabHost$IntentContentStrategy.getContentView(TabHost.java:724)
06-05 15:50:21.402 E/AndroidRuntime(18656): 	at android.widget.TabHost.setCurrentTab(TabHost.java:388)
06-05 15:50:21.402 E/AndroidRuntime(18656): 	at android.widget.TabHost$2.onTabSelectionChanged(TabHost.java:158)
06-05 15:50:21.402 E/AndroidRuntime(18656): 	at android.widget.TabWidget$TabClickListener.onClick(TabWidget.java:532)
06-05 15:50:21.402 E/AndroidRuntime(18656): 	at android.view.View.performClick(View.java:5610)
06-05 15:50:21.402 E/AndroidRuntime(18656): 	at android.view.View$PerformClick.run(View.java:22265)
06-05 15:50:21.402 E/AndroidRuntime(18656): 	at android.os.Handler.handleCallback(Handler.java:751)
06-05 15:50:21.402 E/AndroidRuntime(18656): 	at android.os.Handler.dispatchMessage(Handler.java:95)
06-05 15:50:21.402 E/AndroidRuntime(18656): 	at android.os.Looper.loop(Looper.java:154)
06-05 15:50:21.402 E/AndroidRuntime(18656): 	at android.app.ActivityThread.main(ActivityThread.java:6077)
06-05 15:50:21.402 E/AndroidRuntime(18656): 	at java.lang.reflect.Method.invoke(Native Method)
06-05 15:50:21.402 E/AndroidRuntime(18656): 	at com.android.internal.os.ZygoteInit$MethodAndArgsCaller.run(ZygoteInit.java:866)
06-05 15:50:21.402 E/AndroidRuntime(18656): 	at com.android.internal.os.ZygoteInit.main(ZygoteInit.java:756)
06-05 15:50:21.402 E/AndroidRuntime(18656): Caused by: android.content.res.Resources$NotFoundException: String resource ID #0x0
06-05 15:50:21.402 E/AndroidRuntime(18656): 	at android.content.res.Resources.getText(Resources.java:331)
06-05 15:50:21.402 E/AndroidRuntime(18656): 	at android.content.res.Resources.getString(Resources.java:377)
06-05 15:50:21.402 E/AndroidRuntime(18656): 	at android.content.Context.getString(Context.java:476)
06-05 15:50:21.402 E/AndroidRuntime(18656): 	at com.evancharlton.mileage.provider.Statistic.getLabel(Statistic.java:37)
06-05 15:50:21.402 E/AndroidRuntime(18656): 	at com.evancharlton.mileage.adapters.VehicleStatisticsAdapter$StatisticHolder.<init>(VehicleStatisticsAdapter.java:203)
06-05 15:50:21.402 E/AndroidRuntime(18656): 	at com.evancharlton.mileage.adapters.VehicleStatisticsAdapter.<init>(VehicleStatisticsAdapter.java:50)
06-05 15:50:21.402 E/AndroidRuntime(18656): 	at com.evancharlton.mileage.VehicleStatisticsActivity.setAdapter(VehicleStatisticsActivity.java:197)
06-05 15:50:21.402 E/AndroidRuntime(18656): 	at com.evancharlton.mileage.VehicleStatisticsActivity.recalculate(VehicleStatisticsActivity.java:175)
06-05 15:50:21.402 E/AndroidRuntime(18656): 	at com.evancharlton.mileage.VehicleStatisticsActivity.onCreate(VehicleStatisticsActivity.java:131)
06-05 15:50:21.402 E/AndroidRuntime(18656): 	at android.app.Activity.performCreate(Activity.java:6662)
06-05 15:50:21.402 E/AndroidRuntime(18656): 	at android.app.Instrumentation.callActivityOnCreate(Instrumentation.java:1118)
06-05 15:50:21.402 E/AndroidRuntime(18656): 	at android.app.ActivityThread.performLaunchActivity(ActivityThread.java:2599)
06-05 15:50:21.402 E/AndroidRuntime(18656): 	... 16 more
06-05 15:50:21.404 I/Process (18656): Sending signal. PID: 18656 SIG: 9
06-05 15:50:21.453 W/InputDispatcher( 1630): channel 'dd8b336 com.evancharlton.mileage/com.evancharlton.mileage.Mileage (server)' ~ Consumer closed input channel or an error occurred.  events=0x9
06-05 15:50:21.453 E/InputDispatcher( 1630): channel 'dd8b336 com.evancharlton.mileage/com.evancharlton.mileage.Mileage (server)' ~ Channel is unrecoverably broken and will be disposed!
06-05 15:50:21.454 I/ActivityManager( 1630): Process com.evancharlton.mileage (pid 18656) has died
06-05 15:50:21.454 D/ActivityManager( 1630): cleanUpApplicationRecord -- 18656
06-05 15:50:21.454 W/ActivityManager( 1630): Scheduling restart of crashed service com.evancharlton.mileage/.services.AutomaticBackupService in 1000ms
06-05 15:50:21.455 W/ActivityManager( 1630): Force removing ActivityRecord{addceba u0 com.evancharlton.mileage/.Mileage t309}: app died, no saved state
06-05 15:50:21.460 I/WindowManager( 1630): WIN DEATH: Window{dd8b336 u0 com.evancharlton.mileage/com.evancharlton.mileage.Mileage}
06-05 15:50:21.460 W/InputDispatcher( 1630): Attempted to unregister already unregistered input channel 'dd8b336 com.evancharlton.mileage/com.evancharlton.mileage.Mileage (server)'
06-05 15:50:21.460 I/WindowManager( 1630): Destroying surface Surface(name=com.evancharlton.mileage/com.evancharlton.mileage.Mileage) called by com.android.server.wm.WindowStateAnimator.destroySurface:2016 com.android.server.wm.WindowStateAnimator.destroySurfaceLocked:882 com.android.server.wm.WindowState.removeLocked:1456 com.android.server.wm.WindowManagerService.removeWindowInnerLocked:2484 com.android.server.wm.WindowManagerService.removeWindowLocked:2442 com.android.server.wm.WindowState$DeathRecipient.binderDied:1787 android.os.BinderProxy.sendDeathNotice:688 <bottom of call stack> 
