--------- beginning of main
06-06 00:59:33.000 V/PhoneStatusBar( 1712): setLightsOn(true)
06-06 00:59:33.003 D/gralloc_ranchu( 1347): gralloc_alloc: Creating ashmem region of size 3145728
06-06 00:59:33.008 E/EGL_emulation( 1347): tid 1347: eglCreateSyncKHR(1901): error 0x3004 (EGL_BAD_ATTRIBUTE)
--------- beginning of system
06-06 00:59:33.019 W/ActivityManager( 1631): Finishing task with all activities already finished
06-06 00:59:33.019 W/ActivityManager( 1631): Duplicate finish request for ActivityRecord{97faf5e u0 com.evancharlton.mileage/.Mileage t10850 f}
06-06 00:59:33.019 W/ActivityManager( 1631): Finishing task with all activities already finished
06-06 00:59:33.019 W/ActivityManager( 1631): Duplicate finish request for ActivityRecord{97faf5e u0 com.evancharlton.mileage/.Mileage t10850 f}
06-06 00:59:33.019 W/ActivityManager( 1631): Finishing task with all activities already finished
06-06 00:59:33.019 W/ActivityManager( 1631): Duplicate finish request for ActivityRecord{97faf5e u0 com.evancharlton.mileage/.Mileage t10850 f}
06-06 00:59:33.019 W/ActivityManager( 1631): Finishing task with all activities already finished
06-06 00:59:33.019 W/ActivityManager( 1631): Duplicate finish request for ActivityRecord{97faf5e u0 com.evancharlton.mileage/.Mileage t10850 f}
06-06 00:59:33.019 W/ActivityManager( 1631): Finishing task with all activities already finished
06-06 00:59:33.019 W/ActivityManager( 1631): Duplicate finish request for ActivityRecord{97faf5e u0 com.evancharlton.mileage/.Mileage t10850 f}
06-06 00:59:33.019 W/ActivityManager( 1631): Finishing task with all activities already finished
06-06 00:59:33.019 W/ActivityManager( 1631): Duplicate finish request for ActivityRecord{292046c u0 com.evancharlton.mileage/.charts.MaximumPriceChart t10850 f}
06-06 00:59:33.019 W/ActivityManager( 1631): Finishing task with all activities already finished
06-06 00:59:33.019 W/ActivityManager( 1631): Duplicate finish request for ActivityRecord{292046c u0 com.evancharlton.mileage/.charts.MaximumPriceChart t10850 f}
06-06 00:59:33.019 W/ActivityManager( 1631): Finishing task with all activities already finished
06-06 00:59:33.020 W/ActivityManager( 1631): Duplicate finish request for ActivityRecord{97faf5e u0 com.evancharlton.mileage/.Mileage t10850 f}
06-06 00:59:33.020 W/ActivityManager( 1631): Finishing task with all activities already finished
06-06 00:59:33.020 W/ActivityManager( 1631): Duplicate finish request for ActivityRecord{97faf5e u0 com.evancharlton.mileage/.Mileage t10850 f}
06-06 00:59:33.051 D/EGL_emulation( 2076): eglMakeCurrent: 0xb0685360: ver 2 0 (tinfo 0xb06836b0)
06-06 00:59:33.067 D/EGL_emulation( 1712): eglMakeCurrent: 0xb0685360: ver 2 0 (tinfo 0xb06836c0)
06-06 00:59:33.083 D/EGL_emulation( 1712): eglMakeCurrent: 0xb0685360: ver 2 0 (tinfo 0xb06836c0)
06-06 00:59:33.085 D/EGL_emulation( 1712): eglMakeCurrent: 0xb0685360: ver 2 0 (tinfo 0xb06836c0)
06-06 00:59:33.100 D/EGL_emulation( 1712): eglMakeCurrent: 0xb0685360: ver 2 0 (tinfo 0xb06836c0)
06-06 00:59:33.102 D/EGL_emulation( 1712): eglMakeCurrent: 0xb0685360: ver 2 0 (tinfo 0xb06836c0)
06-06 00:59:33.116 D/EGL_emulation( 1712): eglMakeCurrent: 0xb0685360: ver 2 0 (tinfo 0xb06836c0)
06-06 00:59:33.118 D/EGL_emulation( 1712): eglMakeCurrent: 0xb0685360: ver 2 0 (tinfo 0xb06836c0)
06-06 00:59:33.133 D/EGL_emulation( 1712): eglMakeCurrent: 0xb0685360: ver 2 0 (tinfo 0xb06836c0)
06-06 00:59:33.135 D/EGL_emulation( 1712): eglMakeCurrent: 0xb0685360: ver 2 0 (tinfo 0xb06836c0)
06-06 00:59:33.148 D/AndroidRuntime(23610): >>>>>> START com.android.internal.os.RuntimeInit uid 2000 <<<<<<
06-06 00:59:33.150 D/AndroidRuntime(23610): CheckJNI is ON
06-06 00:59:33.150 D/EGL_emulation( 1712): eglMakeCurrent: 0xb0685360: ver 2 0 (tinfo 0xb06836c0)
06-06 00:59:33.151 D/EGL_emulation( 1712): eglMakeCurrent: 0xb0685360: ver 2 0 (tinfo 0xb06836c0)
06-06 00:59:33.161 W/art     (23610): Unexpected CPU variant for X86 using defaults: x86
06-06 00:59:33.163 D/ICU     (23610): No timezone override file found: /data/misc/zoneinfo/current/icu/icu_tzdata.dat
06-06 00:59:33.166 D/EGL_emulation( 1712): eglMakeCurrent: 0xb0685360: ver 2 0 (tinfo 0xb06836c0)
06-06 00:59:33.168 D/EGL_emulation( 1712): eglMakeCurrent: 0xb0685360: ver 2 0 (tinfo 0xb06836c0)
06-06 00:59:33.171 E/memtrack(23610): Couldn't load memtrack module (No such file or directory)
06-06 00:59:33.171 E/android.os.Debug(23610): failed to load memtrack module: -2
06-06 00:59:33.171 I/Radio-JNI(23610): register_android_hardware_Radio DONE
06-06 00:59:33.175 D/AndroidRuntime(23610): Calling main entry com.android.commands.am.Am
06-06 00:59:33.176 I/ActivityManager( 1631): Force stopping com.evancharlton.mileage appid=10374 user=0: start instr
06-06 00:59:33.176 I/ActivityManager( 1631): Killing 23558:com.evancharlton.mileage/u0a374 (adj 0): stop com.evancharlton.mileage
06-06 00:59:33.176 D/ActivityManager( 1631): cleanUpApplicationRecord -- 23558
06-06 00:59:33.176 I/WindowManager( 1631): Destroying surface Surface(name=com.evancharlton.mileage/com.evancharlton.mileage.charts.MaximumPriceChart) called by com.android.server.wm.WindowStateAnimator.destroySurface:2016 com.android.server.wm.WindowStateAnimator.destroySurfaceLocked:882 com.android.server.wm.WindowState.removeLocked:1456 com.android.server.wm.WindowManagerService.removeWindowInnerLocked:2484 com.android.server.wm.WindowManagerService.removeWindowLocked:2442 com.android.server.wm.WindowManagerService.removeWindowLocked:2311 com.android.server.wm.AppWindowToken.removeAllWindows:530 com.android.server.wm.AppWindowToken.removeAppFromTaskLocked:326 
06-06 00:59:33.178 W/ActivityManager( 1631): Crash of app com.evancharlton.mileage running instrumentation ComponentInfo{com.evancharlton.mileage.test/sh.calaba.instrumentationbackend.CalabashInstrumentationTestRunner}
06-06 00:59:33.178 I/ActivityManager( 1631): Force stopping com.evancharlton.mileage appid=10374 user=0: finished inst
06-06 00:59:33.178 W/InputDispatcher( 1631): channel '2134941 com.evancharlton.mileage/com.evancharlton.mileage.Mileage (server)' ~ Consumer closed input channel or an error occurred.  events=0x9
06-06 00:59:33.178 E/InputDispatcher( 1631): channel '2134941 com.evancharlton.mileage/com.evancharlton.mileage.Mileage (server)' ~ Channel is unrecoverably broken and will be disposed!
06-06 00:59:33.178 I/WindowManager( 1631): WIN DEATH: Window{2134941 u0 com.evancharlton.mileage/com.evancharlton.mileage.Mileage EXITING}
06-06 00:59:33.178 W/InputDispatcher( 1631): Attempted to unregister already unregistered input channel '2134941 com.evancharlton.mileage/com.evancharlton.mileage.Mileage (server)'
06-06 00:59:33.181 I/art     (23620): Not late-enabling -Xcheck:jni (already on)
06-06 00:59:33.181 W/art     (23620): Unexpected CPU variant for X86 using defaults: x86
06-06 00:59:33.189 I/ActivityManager( 1631): Start proc 23620:com.evancharlton.mileage/u0a374 for added application com.evancharlton.mileage
06-06 00:59:33.189 D/AndroidRuntime(23610): Shutting down VM
06-06 00:59:33.189 D/EGL_emulation( 1712): eglMakeCurrent: 0xb0685360: ver 2 0 (tinfo 0xb06836c0)
06-06 00:59:33.194 W/System  (23620): ClassLoader referenced unknown path: /data/app/com.evancharlton.mileage.test-1/lib/x86
06-06 00:59:33.194 W/System  (23620): ClassLoader referenced unknown path: /data/app/com.evancharlton.mileage-1/lib/x86
06-06 00:59:33.194 D/EGL_emulation( 1712): eglMakeCurrent: 0xb0685360: ver 2 0 (tinfo 0xb06836c0)
06-06 00:59:33.196 W/System  (23620): ClassLoader referenced unknown path: 
06-06 00:59:33.200 D/EGL_emulation( 1712): eglMakeCurrent: 0xb0685360: ver 2 0 (tinfo 0xb06836c0)
06-06 00:59:33.201 D/EGL_emulation( 1712): eglMakeCurrent: 0xb0685360: ver 2 0 (tinfo 0xb06836c0)
06-06 00:59:33.202 I/System.out(23620): Main activity name automatically set to: com.evancharlton.mileage.Mileage
06-06 00:59:33.202 I/System.out(23620): Calabash did not load Mono. This is only a problem if you are trying to test a Mono application
06-06 00:59:33.202 I/calabash(23620): Test server port: 7102
06-06 00:59:33.203 I/InstrumentationBackend(23620): Added:'GetPreferences', with key:'get_preferences'
06-06 00:59:33.207 I/InstrumentationBackend(23620): Added:'SetPreferences', with key:'set_preferences'
06-06 00:59:33.207 I/InstrumentationBackend(23620): Added:'ClearPreferences', with key:'clear_preferences'
06-06 00:59:33.207 I/InstrumentationBackend(23620): Added:'PressElement', with key:'press_l10n_element'
06-06 00:59:33.207 I/InstrumentationBackend(23620): Added:'WaitForElement', with key:'wait_for_l10n_element'
06-06 00:59:33.207 I/InstrumentationBackend(23620): Added:'NullAction', with key:'nullAction'
06-06 00:59:33.207 I/InstrumentationBackend(23620): Added:'PressKey', with key:'press_key'
06-06 00:59:33.207 I/InstrumentationBackend(23620): Added:'SetActivityOrientation', with key:'set_activity_orientation'
06-06 00:59:33.207 I/InstrumentationBackend(23620): Added:'GetActivityOrientation', with key:'get_activity_orientation'
06-06 00:59:33.207 I/InstrumentationBackend(23620): Added:'FakeGPSLocation', with key:'set_gps_coordinates'
06-06 00:59:33.207 I/InstrumentationBackend(23620): Added:'SetPropertyByCssSelector', with key:'set_property_by_css_selector'
06-06 00:59:33.207 I/InstrumentationBackend(23620): Added:'GetUrl', with key:'get_url'
06-06 00:59:33.207 I/InstrumentationBackend(23620): Added:'ScrollTo', with key:'scroll_to'
06-06 00:59:33.207 I/InstrumentationBackend(23620): Added:'GetLoadProgress', with key:'get_load_progress'
06-06 00:59:33.207 I/InstrumentationBackend(23620): Added:'DumpHtml', with key:'dump_html'
06-06 00:59:33.207 I/InstrumentationBackend(23620): Added:'DumpBodyHtml', with key:'dump_body_html'
06-06 00:59:33.207 I/InstrumentationBackend(23620): Added:'EnterTextByCssSelector', with key:'enter_text_by_selector'
06-06 00:59:33.208 I/InstrumentationBackend(23620): Added:'AndroidSDKVersion', with key:'android_sdk_version'
06-06 00:59:33.208 I/InstrumentationBackend(23620): Added:'Version', with key:'version'
06-06 00:59:33.208 I/InstrumentationBackend(23620): Added:'Drag', with key:'drag'
06-06 00:59:33.208 I/InstrumentationBackend(23620): Added:'TouchCoordinates', with key:'touch_coordinate'
06-06 00:59:33.208 I/InstrumentationBackend(23620): Added:'LongPressCoordinate', with key:'long_press_coordinate'
06-06 00:59:33.208 I/InstrumentationBackend(23620): Added:'DragCoordinates', with key:'drag_coordinates'
06-06 00:59:33.208 I/InstrumentationBackend(23620): Added:'ResumeApplication', with key:'resume_application'
06-06 00:59:33.208 I/InstrumentationBackend(23620): Added:'Swipe', with key:'swipe'
06-06 00:59:33.208 I/InstrumentationBackend(23620): Added:'DoubleTapCoordinate', with key:'double_tap_coordinate'
06-06 00:59:33.208 I/InstrumentationBackend(23620): Added:'ClickOnScreen', with key:'click_on_screen'
06-06 00:59:33.208 I/InstrumentationBackend(23620): Added:'GetActivityName', with key:'get_activity_name'
06-06 00:59:33.208 I/InstrumentationBackend(23620): Added:'ScrollToView', with key:'scroll_to_view'
06-06 00:59:33.208 I/InstrumentationBackend(23620): Added:'ViewConfiguration', with key:'view_configuration'
06-06 00:59:33.208 I/InstrumentationBackend(23620): Added:'IsCurrentActivityFocused', with key:'is_current_activity_focused'
06-06 00:59:33.208 I/InstrumentationBackend(23620): Added:'SendTcp', with key:'send_tcp'
06-06 00:59:33.208 I/InstrumentationBackend(23620): Added:'DpToDevicePixel', with key:'dp_to_device_pixel'
06-06 00:59:33.208 I/InstrumentationBackend(23620): Added:'KeyboardEnterText', with key:'keyboard_enter_text'
06-06 00:59:33.208 I/InstrumentationBackend(23620): Added:'DeleteSurroundingText', with key:'delete_surrounding_text'
06-06 00:59:33.208 I/InstrumentationBackend(23620): Added:'SetComposingRegion', with key:'set_composing_region'
06-06 00:59:33.208 I/InstrumentationBackend(23620): Added:'SetSelection', with key:'set_selection'
06-06 00:59:33.208 I/InstrumentationBackend(23620): Added:'KeyboardKeyEvent', with key:'keyboard_key_event'
06-06 00:59:33.208 I/InstrumentationBackend(23620): Added:'PressUserActionButton', with key:'press_user_action_button'
06-06 00:59:33.208 I/InstrumentationBackend(23620): Added:'HideSoftKeyboard', with key:'hide_soft_keyboard'
06-06 00:59:33.208 I/InstrumentationBackend(23620): Added:'ListActions', with key:'list_actions'
06-06 00:59:33.208 I/calabash(23620): Instantiating http server at 7102
06-06 00:59:33.209 I/System.out(23620): HTTP Daemon listening on: 7102
06-06 00:59:33.216 D/EGL_emulation( 1712): eglMakeCurrent: 0xb0685360: ver 2 0 (tinfo 0xb06836c0)
06-06 00:59:33.219 D/EGL_emulation( 1712): eglMakeCurrent: 0xb0685360: ver 2 0 (tinfo 0xb06836c0)
06-06 00:59:33.233 D/EGL_emulation( 1712): eglMakeCurrent: 0xb0685360: ver 2 0 (tinfo 0xb06836c0)
06-06 00:59:33.235 D/EGL_emulation( 1712): eglMakeCurrent: 0xb0685360: ver 2 0 (tinfo 0xb06836c0)
06-06 00:59:33.250 D/EGL_emulation( 1712): eglMakeCurrent: 0xb0685360: ver 2 0 (tinfo 0xb06836c0)
06-06 00:59:33.252 D/EGL_emulation( 1712): eglMakeCurrent: 0xb0685360: ver 2 0 (tinfo 0xb06836c0)
06-06 00:59:33.267 D/EGL_emulation( 1712): eglMakeCurrent: 0xb0685360: ver 2 0 (tinfo 0xb06836c0)
06-06 00:59:33.283 D/EGL_emulation( 1712): eglMakeCurrent: 0xb0685360: ver 2 0 (tinfo 0xb06836c0)
06-06 00:59:33.284 D/EGL_emulation( 1712): eglMakeCurrent: 0xb0685360: ver 2 0 (tinfo 0xb06836c0)
06-06 00:59:33.299 I/System.out(23620): URI: //ping
06-06 00:59:33.299 I/System.out(23620): params: {json={}
06-06 00:59:33.299 I/System.out(23620): }
06-06 00:59:33.301 I/System.out(23620): URI: //ping
06-06 00:59:33.301 I/System.out(23620): params: {json={}
06-06 00:59:33.301 I/System.out(23620): }
06-06 00:59:33.303 I/System.out(23620): URI: //ready
06-06 00:59:33.303 I/System.out(23620): params: {json={}
06-06 00:59:33.303 I/System.out(23620): }
06-06 00:59:33.304 I/System.out(23620): URI: //
06-06 00:59:33.304 I/System.out(23620): params: {json={"command":"version","arguments":[]}
06-06 00:59:33.304 I/System.out(23620): }
06-06 00:59:33.305 I/System.out(23620): header: {content-type=application/json;charset=utf-8, date=Sat, 06 Jun 2020 05:59:33 GMT, accept=*/*, host=127.0.0.1:34777, content-length=36, user-agent=HTTPClient/1.0 (2.8.3, ruby 2.5.1 (2018-03-29))}
06-06 00:59:33.305 I/System.out(23620): params: {json={"command":"version","arguments":[]}
06-06 00:59:33.305 I/System.out(23620): }
06-06 00:59:33.305 I/System.out(23620): ProP json = {"command":"version","arguments":[]}
06-06 00:59:33.305 I/System.out(23620): files: {}
06-06 00:59:33.305 I/System.out(23620): command: {"command":"version","arguments":[]}
06-06 00:59:33.307 I/InstrumentationBackend(23620): Got command:'Command:'Line:null,version', arguments:'[]'
06-06 00:59:33.315 I/System.out(23620): result:{"bonusInformation":[],"message":"0.9.8","success":true}
06-06 00:59:33.317 I/System.out(23620): URI: //start-application
06-06 00:59:33.317 I/System.out(23620): params: {json={"intent":null}
06-06 00:59:33.317 I/System.out(23620): }
06-06 00:59:33.325 I/ActivityManager( 1631): START u0 {act=android.intent.action.MAIN cat=[android.intent.category.LAUNCHER] flg=0x10200000 cmp=com.evancharlton.mileage/.Mileage} from uid 10374 on display 0
06-06 00:59:33.331 I/calabash(23620): newActivity1
06-06 00:59:33.338 I/calabash(23620): newActivity1
06-06 00:59:33.339 W/ActivityManager( 1631): Bad activity token: android.os.BinderProxy@ef9af91
06-06 00:59:33.339 W/ActivityManager( 1631): java.lang.ClassCastException: android.os.BinderProxy cannot be cast to com.android.server.am.ActivityRecord$Token
06-06 00:59:33.339 W/ActivityManager( 1631): 	at com.android.server.am.ActivityRecord.forTokenLocked(ActivityRecord.java:586)
06-06 00:59:33.339 W/ActivityManager( 1631): 	at com.android.server.am.ActivityRecord.isInStackLocked(ActivityRecord.java:1327)
06-06 00:59:33.339 W/ActivityManager( 1631): 	at com.android.server.am.ActivityRecord.getStackLocked(ActivityRecord.java:1332)
06-06 00:59:33.339 W/ActivityManager( 1631): 	at com.android.server.am.ActivityManagerService.getActivityDisplayId(ActivityManagerService.java:9806)
06-06 00:59:33.339 W/ActivityManager( 1631): 	at android.app.ActivityManagerNative.onTransact(ActivityManagerNative.java:2566)
06-06 00:59:33.339 W/ActivityManager( 1631): 	at com.android.server.am.ActivityManagerService.onTransact(ActivityManagerService.java:2757)
06-06 00:59:33.339 W/ActivityManager( 1631): 	at android.os.Binder.execTransact(Binder.java:565)
06-06 00:59:33.340 W/ActivityManager( 1631): Bad activity token: android.os.BinderProxy@ef9af91
06-06 00:59:33.340 W/ActivityManager( 1631): java.lang.ClassCastException: android.os.BinderProxy cannot be cast to com.android.server.am.ActivityRecord$Token
06-06 00:59:33.340 W/ActivityManager( 1631): 	at com.android.server.am.ActivityRecord.forTokenLocked(ActivityRecord.java:586)
06-06 00:59:33.340 W/ActivityManager( 1631): 	at com.android.server.am.ActivityRecord.isInStackLocked(ActivityRecord.java:1327)
06-06 00:59:33.340 W/ActivityManager( 1631): 	at com.android.server.am.ActivityManagerService.setTaskDescription(ActivityManagerService.java:9358)
06-06 00:59:33.340 W/ActivityManager( 1631): 	at android.app.ActivityManagerNative.onTransact(ActivityManagerNative.java:2639)
06-06 00:59:33.340 W/ActivityManager( 1631): 	at com.android.server.am.ActivityManagerService.onTransact(ActivityManagerService.java:2757)
06-06 00:59:33.340 W/ActivityManager( 1631): 	at android.os.Binder.execTransact(Binder.java:565)
06-06 00:59:33.340 W/ActivityManager( 1631): Bad activity token: android.os.BinderProxy@ef9af91
06-06 00:59:33.340 W/ActivityManager( 1631): java.lang.ClassCastException: android.os.BinderProxy cannot be cast to com.android.server.am.ActivityRecord$Token
06-06 00:59:33.340 W/ActivityManager( 1631): 	at com.android.server.am.ActivityRecord.forTokenLocked(ActivityRecord.java:586)
06-06 00:59:33.340 W/ActivityManager( 1631): 	at com.android.server.am.ActivityRecord.isInStackLocked(ActivityRecord.java:1327)
06-06 00:59:33.340 W/ActivityManager( 1631): 	at com.android.server.am.ActivityRecord.getStackLocked(ActivityRecord.java:1332)
06-06 00:59:33.340 W/ActivityManager( 1631): 	at com.android.server.am.ActivityManagerService.getActivityStackId(ActivityManagerService.java:9817)
06-06 00:59:33.340 W/ActivityManager( 1631): 	at android.app.ActivityManagerNative.onTransact(ActivityManagerNative.java:2856)
06-06 00:59:33.340 W/ActivityManager( 1631): 	at com.android.server.am.ActivityManagerService.onTransact(ActivityManagerService.java:2757)
06-06 00:59:33.340 W/ActivityManager( 1631): 	at android.os.Binder.execTransact(Binder.java:565)
06-06 00:59:33.350 D/gralloc_ranchu( 1347): gralloc_alloc: Creating ashmem region of size 9023488
06-06 00:59:33.355 W/ActivityManager( 1631): Bad activity token: android.os.BinderProxy@ef9af91
06-06 00:59:33.355 W/ActivityManager( 1631): java.lang.ClassCastException: android.os.BinderProxy cannot be cast to com.android.server.am.ActivityRecord$Token
06-06 00:59:33.355 W/ActivityManager( 1631): 	at com.android.server.am.ActivityRecord.forTokenLocked(ActivityRecord.java:586)
06-06 00:59:33.355 W/ActivityManager( 1631): 	at com.android.server.am.ActivityRecord.isInStackLocked(ActivityRecord.java:1327)
06-06 00:59:33.355 W/ActivityManager( 1631): 	at com.android.server.am.ActivityManagerService.getActivityOptions(ActivityManagerService.java:12559)
06-06 00:59:33.355 W/ActivityManager( 1631): 	at android.app.ActivityManagerNative.onTransact(ActivityManagerNative.java:1933)
06-06 00:59:33.355 W/ActivityManager( 1631): 	at com.android.server.am.ActivityManagerService.onTransact(ActivityManagerService.java:2757)
06-06 00:59:33.355 W/ActivityManager( 1631): 	at android.os.Binder.execTransact(Binder.java:565)
06-06 00:59:33.356 W/ActivityManager( 1631): Bad activity token: android.os.BinderProxy@ef9af91
06-06 00:59:33.356 W/ActivityManager( 1631): java.lang.ClassCastException: android.os.BinderProxy cannot be cast to com.android.server.am.ActivityRecord$Token
06-06 00:59:33.356 W/ActivityManager( 1631): 	at com.android.server.am.ActivityRecord.forTokenLocked(ActivityRecord.java:586)
06-06 00:59:33.356 W/ActivityManager( 1631): 	at com.android.server.am.ActivityRecord.isInStackLocked(ActivityRecord.java:1327)
06-06 00:59:33.356 W/ActivityManager( 1631): 	at com.android.server.am.ActivityManagerService.getActivityOptions(ActivityManagerService.java:12559)
06-06 00:59:33.356 W/ActivityManager( 1631): 	at android.app.ActivityManagerNative.onTransact(ActivityManagerNative.java:1933)
06-06 00:59:33.356 W/ActivityManager( 1631): 	at com.android.server.am.ActivityManagerService.onTransact(ActivityManagerService.java:2757)
06-06 00:59:33.356 W/ActivityManager( 1631): 	at android.os.Binder.execTransact(Binder.java:565)
06-06 00:59:33.376 V/PhoneStatusBar( 1712): setLightsOn(true)
06-06 00:59:33.383 D/EGL_emulation( 2076): eglMakeCurrent: 0xb0685360: ver 2 0 (tinfo 0xb06836b0)
06-06 00:59:33.385 D/EGL_emulation( 1712): eglMakeCurrent: 0xb0685360: ver 2 0 (tinfo 0xb06836c0)
06-06 00:59:33.400 D/gralloc_ranchu( 1347): gralloc_alloc: Creating ashmem region of size 9023488
06-06 00:59:33.400 D/EGL_emulation( 1712): eglMakeCurrent: 0xb0685360: ver 2 0 (tinfo 0xb06836c0)
06-06 00:59:33.404 D/        (23620): HostConnection::get() New Host Connection established 0x9401a000, tid 23620
06-06 00:59:33.404 D/EGL_emulation( 1712): eglMakeCurrent: 0xb0685360: ver 2 0 (tinfo 0xb06836c0)
06-06 00:59:33.405 V/PhoneStatusBar( 1712): setLightsOn(true)
06-06 00:59:33.435 D/EGL_emulation( 1712): eglMakeCurrent: 0xb0685360: ver 2 0 (tinfo 0xb06836c0)
06-06 00:59:33.437 D/EGL_emulation( 1712): eglMakeCurrent: 0xb0685360: ver 2 0 (tinfo 0xb06836c0)
06-06 00:59:33.439 D/EGL_emulation( 1712): eglMakeCurrent: 0xb0685360: ver 2 0 (tinfo 0xb06836c0)
06-06 00:59:33.440 D/EGL_emulation( 1712): eglMakeCurrent: 0xb0685360: ver 2 0 (tinfo 0xb06836c0)
06-06 00:59:33.450 D/EGL_emulation( 1712): eglMakeCurrent: 0xb0685360: ver 2 0 (tinfo 0xb06836c0)
06-06 00:59:33.451 D/EGL_emulation( 1712): eglMakeCurrent: 0xb0685360: ver 2 0 (tinfo 0xb06836c0)
06-06 00:59:33.452 I/ActivityManager( 1631): Displayed com.evancharlton.mileage/.Mileage: +124ms
06-06 00:59:33.453 D/gralloc_ranchu( 1347): gralloc_alloc: Creating ashmem region of size 9023488
06-06 00:59:33.467 D/EGL_emulation( 1712): eglMakeCurrent: 0xb0685360: ver 2 0 (tinfo 0xb06836c0)
06-06 00:59:33.469 D/EGL_emulation( 1712): eglMakeCurrent: 0xb0685360: ver 2 0 (tinfo 0xb06836c0)
06-06 00:59:33.469 V/PhoneStatusBar( 1712): setLightsOn(true)
06-06 00:59:33.483 I/WindowManager( 1631): Destroying surface Surface(name=com.evancharlton.mileage/com.evancharlton.mileage.Mileage) called by com.android.server.wm.WindowStateAnimator.destroySurface:2016 com.android.server.wm.WindowStateAnimator.destroySurfaceLocked:882 com.android.server.wm.WindowState.removeLocked:1456 com.android.server.wm.WindowManagerService.removeWindowInnerLocked:2484 com.android.server.wm.AppWindowToken.destroySurfaces:365 com.android.server.wm.WindowStateAnimator.finishExit:565 com.android.server.wm.AppWindowAnimator.stepAnimationLocked:427 com.android.server.wm.WindowAnimator.updateAppWindowsLocked:196 
06-06 00:59:33.483 D/EGL_emulation( 1712): eglMakeCurrent: 0xb0685360: ver 2 0 (tinfo 0xb06836c0)
06-06 00:59:33.490 D/EGL_emulation( 1712): eglMakeCurrent: 0xb0685360: ver 2 0 (tinfo 0xb06836c0)
06-06 00:59:33.496 I/System.out(23620): URI: //map
06-06 00:59:33.496 I/System.out(23620): params: {json={"query":"* marked:'Statistics'","operation":{"method_name":"query","arguments":[]}}
06-06 00:59:33.496 I/System.out(23620): }
06-06 00:59:33.500 D/EGL_emulation( 1712): eglMakeCurrent: 0xb0685360: ver 2 0 (tinfo 0xb06836c0)
06-06 00:59:33.501 D/EGL_emulation( 1712): eglMakeCurrent: 0xb0685360: ver 2 0 (tinfo 0xb06836c0)
06-06 00:59:33.501 V/PhoneStatusBar( 1712): setLightsOn(true)
06-06 00:59:33.507 W/ResourceType(23620): No package identifier when getting name for resource number 0x00000001
06-06 00:59:33.517 D/EGL_emulation( 1712): eglMakeCurrent: 0xb0685360: ver 2 0 (tinfo 0xb06836c0)
06-06 00:59:33.518 D/EGL_emulation( 1712): eglMakeCurrent: 0xb0685360: ver 2 0 (tinfo 0xb06836c0)
06-06 00:59:33.523 I/System.out(23620): URI: //gesture
06-06 00:59:33.523 I/System.out(23620): params: {json={"query_timeout":5.0,"gestures":[{"query_string":"* marked:'Statistics'","touches":[{"x":50,"y":50,"offset_x":0,"offset_y":0,"wait":0.0,"time":0.2,"release":true,"query_string":null}]}]}
06-06 00:59:33.523 I/System.out(23620): }
06-06 00:59:33.528 W/ResourceType(23620): No package identifier when getting name for resource number 0x00000001
06-06 00:59:33.533 D/EGL_emulation( 1712): eglMakeCurrent: 0xb0685360: ver 2 0 (tinfo 0xb06836c0)
06-06 00:59:33.540 D/EGL_emulation( 1712): eglMakeCurrent: 0xb0685360: ver 2 0 (tinfo 0xb06836c0)
06-06 00:59:33.551 D/EGL_emulation( 1712): eglMakeCurrent: 0xb0685360: ver 2 0 (tinfo 0xb06836c0)
06-06 00:59:33.556 D/EGL_emulation( 1712): eglMakeCurrent: 0xb0685360: ver 2 0 (tinfo 0xb06836c0)
06-06 00:59:33.567 D/EGL_emulation( 1712): eglMakeCurrent: 0xb0685360: ver 2 0 (tinfo 0xb06836c0)
06-06 00:59:33.568 D/EGL_emulation( 1712): eglMakeCurrent: 0xb0685360: ver 2 0 (tinfo 0xb06836c0)
06-06 00:59:33.583 D/EGL_emulation( 1712): eglMakeCurrent: 0xb0685360: ver 2 0 (tinfo 0xb06836c0)
06-06 00:59:33.585 D/EGL_emulation( 1712): eglMakeCurrent: 0xb0685360: ver 2 0 (tinfo 0xb06836c0)
06-06 00:59:33.600 D/EGL_emulation( 1712): eglMakeCurrent: 0xb0685360: ver 2 0 (tinfo 0xb06836c0)
06-06 00:59:33.649 I/WindowManager( 1631): Destroying surface Surface(name=Starting com.evancharlton.mileage) called by com.android.server.wm.WindowStateAnimator.destroySurface:2016 com.android.server.wm.WindowStateAnimator.destroySurfaceLocked:882 com.android.server.wm.WindowState.destroyOrSaveSurface:2100 com.android.server.wm.AppWindowToken.destroySurfaces:363 com.android.server.wm.WindowStateAnimator.finishExit:565 com.android.server.wm.WindowStateAnimator.stepAnimationLocked:491 com.android.server.wm.WindowAnimator.updateWindowsLocked:303 com.android.server.wm.WindowAnimator.animateLocked:704 
06-06 00:59:33.651 V/PhoneStatusBar( 1712): setLightsOn(true)
06-06 00:59:33.653 V/PhoneStatusBar( 1712): setLightsOn(true)
06-06 00:59:33.751 I/calabash(23620): newActivity1
06-06 00:59:33.759 I/System.out(23620): URI: //map
06-06 00:59:33.759 I/System.out(23620): params: {json={"query":"android.widget.ScrollView index:0","operation":{"method_name":"query","arguments":[]}}
06-06 00:59:33.759 I/System.out(23620): }
06-06 00:59:33.767 W/ActivityManager( 1631): Bad activity token: android.os.BinderProxy@8d9e7e7
06-06 00:59:33.767 W/ActivityManager( 1631): java.lang.ClassCastException: android.os.BinderProxy cannot be cast to com.android.server.am.ActivityRecord$Token
06-06 00:59:33.767 W/ActivityManager( 1631): 	at com.android.server.am.ActivityRecord.forTokenLocked(ActivityRecord.java:586)
06-06 00:59:33.767 W/ActivityManager( 1631): 	at com.android.server.am.ActivityRecord.isInStackLocked(ActivityRecord.java:1327)
06-06 00:59:33.767 W/ActivityManager( 1631): 	at com.android.server.am.ActivityRecord.getStackLocked(ActivityRecord.java:1332)
06-06 00:59:33.767 W/ActivityManager( 1631): 	at com.android.server.am.ActivityManagerService.getActivityDisplayId(ActivityManagerService.java:9806)
06-06 00:59:33.767 W/ActivityManager( 1631): 	at android.app.ActivityManagerNative.onTransact(ActivityManagerNative.java:2566)
06-06 00:59:33.767 W/ActivityManager( 1631): 	at com.android.server.am.ActivityManagerService.onTransact(ActivityManagerService.java:2757)
06-06 00:59:33.767 W/ActivityManager( 1631): 	at android.os.Binder.execTransact(Binder.java:565)
06-06 00:59:33.768 W/ActivityManager( 1631): Bad activity token: android.os.BinderProxy@8d9e7e7
06-06 00:59:33.768 W/ActivityManager( 1631): java.lang.ClassCastException: android.os.BinderProxy cannot be cast to com.android.server.am.ActivityRecord$Token
06-06 00:59:33.768 W/ActivityManager( 1631): 	at com.android.server.am.ActivityRecord.forTokenLocked(ActivityRecord.java:586)
06-06 00:59:33.768 W/ActivityManager( 1631): 	at com.android.server.am.ActivityRecord.isInStackLocked(ActivityRecord.java:1327)
06-06 00:59:33.768 W/ActivityManager( 1631): 	at com.android.server.am.ActivityManagerService.setTaskDescription(ActivityManagerService.java:9358)
06-06 00:59:33.768 W/ActivityManager( 1631): 	at android.app.ActivityManagerNative.onTransact(ActivityManagerNative.java:2639)
06-06 00:59:33.768 W/ActivityManager( 1631): 	at com.android.server.am.ActivityManagerService.onTransact(ActivityManagerService.java:2757)
06-06 00:59:33.768 W/ActivityManager( 1631): 	at android.os.Binder.execTransact(Binder.java:565)
06-06 00:59:33.768 W/ActivityManager( 1631): Bad activity token: android.os.BinderProxy@8d9e7e7
06-06 00:59:33.768 W/ActivityManager( 1631): java.lang.ClassCastException: android.os.BinderProxy cannot be cast to com.android.server.am.ActivityRecord$Token
06-06 00:59:33.768 W/ActivityManager( 1631): 	at com.android.server.am.ActivityRecord.forTokenLocked(ActivityRecord.java:586)
06-06 00:59:33.768 W/ActivityManager( 1631): 	at com.android.server.am.ActivityRecord.isInStackLocked(ActivityRecord.java:1327)
06-06 00:59:33.768 W/ActivityManager( 1631): 	at com.android.server.am.ActivityRecord.getStackLocked(ActivityRecord.java:1332)
06-06 00:59:33.768 W/ActivityManager( 1631): 	at com.android.server.am.ActivityManagerService.getActivityStackId(ActivityManagerService.java:9817)
06-06 00:59:33.768 W/ActivityManager( 1631): 	at android.app.ActivityManagerNative.onTransact(ActivityManagerNative.java:2856)
06-06 00:59:33.768 W/ActivityManager( 1631): 	at com.android.server.am.ActivityManagerService.onTransact(ActivityManagerService.java:2757)
06-06 00:59:33.768 W/ActivityManager( 1631): 	at android.os.Binder.execTransact(Binder.java:565)
06-06 00:59:33.774 D/VehicleStatisticsActivity(23620): Checking recalculation ...
06-06 00:59:33.775 D/VehicleStatisticsActivity(23620): Recalculation not necessary.
06-06 00:59:33.777 W/ActivityManager( 1631): Bad activity token: android.os.BinderProxy@8d9e7e7
06-06 00:59:33.777 W/ActivityManager( 1631): java.lang.ClassCastException: android.os.BinderProxy cannot be cast to com.android.server.am.ActivityRecord$Token
06-06 00:59:33.777 W/ActivityManager( 1631): 	at com.android.server.am.ActivityRecord.forTokenLocked(ActivityRecord.java:586)
06-06 00:59:33.777 W/ActivityManager( 1631): 	at com.android.server.am.ActivityRecord.isInStackLocked(ActivityRecord.java:1327)
06-06 00:59:33.777 W/ActivityManager( 1631): 	at com.android.server.am.ActivityManagerService.getActivityOptions(ActivityManagerService.java:12559)
06-06 00:59:33.777 W/ActivityManager( 1631): 	at android.app.ActivityManagerNative.onTransact(ActivityManagerNative.java:1933)
06-06 00:59:33.777 W/ActivityManager( 1631): 	at com.android.server.am.ActivityManagerService.onTransact(ActivityManagerService.java:2757)
06-06 00:59:33.777 W/ActivityManager( 1631): 	at android.os.Binder.execTransact(Binder.java:565)
06-06 00:59:33.777 W/ActivityManager( 1631): Bad activity token: android.os.BinderProxy@8d9e7e7
06-06 00:59:33.777 W/ActivityManager( 1631): java.lang.ClassCastException: android.os.BinderProxy cannot be cast to com.android.server.am.ActivityRecord$Token
06-06 00:59:33.777 W/ActivityManager( 1631): 	at com.android.server.am.ActivityRecord.forTokenLocked(ActivityRecord.java:586)
06-06 00:59:33.777 W/ActivityManager( 1631): 	at com.android.server.am.ActivityRecord.isInStackLocked(ActivityRecord.java:1327)
06-06 00:59:33.777 W/ActivityManager( 1631): 	at com.android.server.am.ActivityManagerService.getActivityOptions(ActivityManagerService.java:12559)
06-06 00:59:33.777 W/ActivityManager( 1631): 	at android.app.ActivityManagerNative.onTransact(ActivityManagerNative.java:1933)
06-06 00:59:33.777 W/ActivityManager( 1631): 	at com.android.server.am.ActivityManagerService.onTransact(ActivityManagerService.java:2757)
06-06 00:59:33.777 W/ActivityManager( 1631): 	at android.os.Binder.execTransact(Binder.java:565)
06-06 00:59:33.778 D/VehicleStatisticsActivity(23620): Checking recalculation ...
06-06 00:59:33.779 D/VehicleStatisticsActivity(23620): Recalculation not necessary.
06-06 00:59:33.817 V/PhoneStatusBar( 1712): setLightsOn(true)
06-06 00:59:33.826 I/System.out(23620): URI: //map
06-06 00:59:33.826 I/System.out(23620): params: {json={"query":"android.widget.AbsListView index:0","operation":{"method_name":"query","arguments":[]}}
06-06 00:59:33.826 I/System.out(23620): }
06-06 00:59:33.830 I/art     (23620): Do partial code cache collection, code=30KB, data=29KB
06-06 00:59:33.830 I/art     (23620): After code cache collection, code=29KB, data=28KB
06-06 00:59:33.830 I/art     (23620): Increasing code cache capacity to 128KB
06-06 00:59:33.840 I/System.out(23620): URI: //map
06-06 00:59:33.840 I/System.out(23620): params: {json={"query":"android.widget.AbsListView index:0","operation":{"method_name":"query","arguments":[]}}
06-06 00:59:33.840 I/System.out(23620): }
06-06 00:59:33.855 I/System.out(23620): URI: //map
06-06 00:59:33.855 I/System.out(23620): params: {json={"query":"android.widget.AbsListView index:0","operation":{"method_name":"query","arguments":[]}}
06-06 00:59:33.855 I/System.out(23620): }
06-06 00:59:33.868 I/System.out(23620): URI: //map
06-06 00:59:33.868 I/System.out(23620): params: {json={"query":"android.widget.AbsListView index:0","operation":{"method_name":"query","arguments":["getFirstVisiblePosition"]}}
06-06 00:59:33.868 I/System.out(23620): }
06-06 00:59:33.879 I/System.out(23620): URI: //map
06-06 00:59:33.879 I/System.out(23620): params: {json={"query":"android.widget.AbsListView index:0","operation":{"method_name":"query","arguments":["getLastVisiblePosition"]}}
06-06 00:59:33.879 I/System.out(23620): }
06-06 00:59:33.893 I/System.out(23620): URI: //map
06-06 00:59:33.893 I/System.out(23620): params: {json={"query":"android.widget.AbsListView index:0","operation":{"method_name":"query","arguments":[{"method_name":"setSelection","arguments":[26]}]}}
06-06 00:59:33.893 I/System.out(23620): }
06-06 00:59:33.909 I/System.out(23620): URI: //map
06-06 00:59:33.909 I/System.out(23620): params: {json={"query":"* marked:'Smallest fillup'","operation":{"method_name":"query","arguments":[]}}
06-06 00:59:33.909 I/System.out(23620): }
06-06 00:59:33.958 D/gralloc_ranchu( 1347): gralloc_alloc: Creating ashmem region of size 9023488
06-06 00:59:33.996 W/ResourceType(23620): No package identifier when getting name for resource number 0x00000001
06-06 00:59:34.007 I/System.out(23620): URI: //gesture
06-06 00:59:34.007 I/System.out(23620): params: {json={"query_timeout":5.0,"gestures":[{"query_string":"* marked:'Smallest fillup'","touches":[{"x":50,"y":50,"offset_x":0,"offset_y":0,"wait":0.0,"time":0.2,"release":true,"query_string":null}]}]}
06-06 00:59:34.007 I/System.out(23620): }
06-06 00:59:34.010 W/ResourceType(23620): No package identifier when getting name for resource number 0x00000001
06-06 00:59:34.118 V/PhoneStatusBar( 1712): setLightsOn(true)
06-06 00:59:34.119 V/PhoneStatusBar( 1712): setLightsOn(true)
06-06 00:59:34.122 W/OpenGLRenderer( 2076): Incorrectly called buildLayer on View: ShortcutAndWidgetContainer, destroying layer...
06-06 00:59:34.136 I/WindowManager( 1631): Destroying surface Surface(name=com.android.launcher3/com.android.launcher3.Launcher) called by com.android.server.wm.WindowStateAnimator.destroySurface:2016 com.android.server.wm.WindowStateAnimator.destroySurfaceLocked:882 com.android.server.wm.WindowState.destroyOrSaveSurface:2100 com.android.server.wm.AppWindowToken.destroySurfaces:363 com.android.server.wm.AppWindowToken.notifyAppStopped:389 com.android.server.wm.WindowManagerService.notifyAppStopped:4463 com.android.server.am.ActivityStack.activityStoppedLocked:1252 com.android.server.am.ActivityManagerService.activityStopped:6903 
06-06 00:59:34.137 V/PhoneStatusBar( 1712): setLightsOn(true)
06-06 00:59:34.236 I/ActivityManager( 1631): START u0 {cmp=com.evancharlton.mileage/.charts.MinimumVolumeChart (has extras)} from uid 10374 on display 0
06-06 00:59:34.241 V/PhoneStatusBar( 1712): setLightsOn(true)
06-06 00:59:34.244 V/PhoneStatusBar( 1712): setLightsOn(true)
06-06 00:59:34.272 I/System.out(23620): URI: //map
06-06 00:59:34.272 I/System.out(23620): params: {json={"query":"* {text CONTAINS[c] 'Smallest fillup size'}","operation":{"method_name":"query","arguments":[]}}
06-06 00:59:34.272 I/System.out(23620): }
06-06 00:59:34.302 I/calabash(23620): newActivity1
06-06 00:59:34.307 W/aiCharts(23620): License file is invalid or missing. 
06-06 00:59:34.307 W/aiCharts(23620): Please place proper license.lic to /assets folder.
06-06 00:59:34.328 V/PhoneStatusBar( 1712): setLightsOn(true)
06-06 00:59:34.350 V/PhoneStatusBar( 1712): setLightsOn(true)
06-06 00:59:34.357 I/WindowManager( 1631): Destroying surface Surface(name=Creating chart…) called by com.android.server.wm.WindowStateAnimator.destroySurface:2016 com.android.server.wm.WindowStateAnimator.destroySurfaceLocked:882 com.android.server.wm.WindowState.removeLocked:1456 com.android.server.wm.WindowManagerService.removeWindowInnerLocked:2484 com.android.server.wm.WindowManagerService.removeWindowLocked:2442 com.android.server.wm.WindowManagerService.removeWindowLocked:2311 com.android.server.wm.WindowManagerService.removeWindow:2306 com.android.server.wm.Session.remove:202 
06-06 00:59:34.361 D/gralloc_ranchu( 1347): gralloc_alloc: Creating ashmem region of size 9023488
06-06 00:59:34.366 V/PhoneStatusBar( 1712): setLightsOn(true)
06-06 00:59:34.391 I/ActivityManager( 1631): Displayed com.evancharlton.mileage/.charts.MinimumVolumeChart: +93ms
06-06 00:59:34.402 V/PhoneStatusBar( 1712): setLightsOn(true)
06-06 00:59:34.434 V/PhoneStatusBar( 1712): setLightsOn(true)
06-06 00:59:34.450 V/PhoneStatusBar( 1712): setLightsOn(true)
06-06 00:59:34.636 V/PhoneStatusBar( 1712): setLightsOn(true)
06-06 00:59:34.655 I/System.out(23620): URI: //map
06-06 00:59:34.655 I/System.out(23620): params: {json={"query":"* {text CONTAINS[c] 'Smallest fillup size'}","operation":{"method_name":"query","arguments":[]}}
06-06 00:59:34.655 I/System.out(23620): }
06-06 00:59:34.700 I/System.out(23620): URI: //
06-06 00:59:34.701 I/System.out(23620): params: {json={"command":"press_key","arguments":["KEYCODE_BACK"]}
06-06 00:59:34.701 I/System.out(23620): }
06-06 00:59:34.701 I/System.out(23620): header: {content-type=application/json;charset=utf-8, date=Sat, 06 Jun 2020 05:59:34 GMT, accept=*/*, host=127.0.0.1:34777, content-length=52, user-agent=HTTPClient/1.0 (2.8.3, ruby 2.5.1 (2018-03-29))}
06-06 00:59:34.701 I/System.out(23620): params: {json={"command":"press_key","arguments":["KEYCODE_BACK"]}
06-06 00:59:34.701 I/System.out(23620): }
06-06 00:59:34.701 I/System.out(23620): ProP json = {"command":"press_key","arguments":["KEYCODE_BACK"]}
06-06 00:59:34.701 I/System.out(23620): files: {}
06-06 00:59:34.701 I/System.out(23620): command: {"command":"press_key","arguments":["KEYCODE_BACK"]}
06-06 00:59:34.702 I/InstrumentationBackend(23620): Got command:'Command:'Line:null,press_key', arguments:'[KEYCODE_BACK]'
06-06 00:59:34.706 V/PhoneStatusBar( 1712): setLightsOn(true)
06-06 00:59:34.709 V/PhoneStatusBar( 1712): setLightsOn(true)
06-06 00:59:34.711 I/System.out(23620): result:{"bonusInformation":[],"message":"","success":true}
06-06 00:59:34.711 I/art     (23620): Do partial code cache collection, code=60KB, data=62KB
06-06 00:59:34.711 I/art     (23620): After code cache collection, code=59KB, data=61KB
06-06 00:59:34.711 I/art     (23620): Increasing code cache capacity to 256KB
06-06 00:59:34.712 D/VehicleStatisticsActivity(23620): Checking recalculation ...
06-06 00:59:34.713 D/VehicleStatisticsActivity(23620): Recalculation not necessary.
06-06 00:59:34.713 I/System.out(23620): URI: //map
06-06 00:59:34.713 I/System.out(23620): params: {json={"query":"* {text CONTAINS[c] 'Statistics'}","operation":{"method_name":"query","arguments":[]}}
06-06 00:59:34.713 I/System.out(23620): }
06-06 00:59:34.716 V/PhoneStatusBar( 1712): setLightsOn(true)
06-06 00:59:34.733 D/gralloc_ranchu( 1347): gralloc_alloc: Creating ashmem region of size 9023488
06-06 00:59:34.733 V/PhoneStatusBar( 1712): setLightsOn(true)
06-06 00:59:34.750 V/PhoneStatusBar( 1712): setLightsOn(true)
06-06 00:59:34.766 V/PhoneStatusBar( 1712): setLightsOn(true)
