--------- beginning of main
06-05 19:59:21.717 V/PhoneStatusBar( 1711): setLightsOn(true)
06-05 19:59:21.718 V/PhoneStatusBar( 1711): setLightsOn(true)
06-05 19:59:21.736 D/gralloc_ranchu( 1348): gralloc_alloc: Creating ashmem region of size 3145728
06-05 19:59:21.741 E/EGL_emulation( 1348): tid 1348: eglCreateSyncKHR(1901): error 0x3004 (EGL_BAD_ATTRIBUTE)
--------- beginning of system
06-05 19:59:21.750 W/ActivityManager( 1629): Finishing task with all activities already finished
06-05 19:59:21.750 W/ActivityManager( 1629): Duplicate finish request for ActivityRecord{a9c4e68 u0 com.evancharlton.mileage/.Mileage t4454 f}
06-05 19:59:21.750 W/ActivityManager( 1629): Finishing task with all activities already finished
06-05 19:59:21.750 W/ActivityManager( 1629): Duplicate finish request for ActivityRecord{a9c4e68 u0 com.evancharlton.mileage/.Mileage t4454 f}
06-05 19:59:21.750 W/ActivityManager( 1629): Finishing task with all activities already finished
06-05 19:59:21.750 W/ActivityManager( 1629): Duplicate finish request for ActivityRecord{a9c4e68 u0 com.evancharlton.mileage/.Mileage t4454 f}
06-05 19:59:21.750 W/ActivityManager( 1629): Finishing task with all activities already finished
06-05 19:59:21.750 W/ActivityManager( 1629): Duplicate finish request for ActivityRecord{a9c4e68 u0 com.evancharlton.mileage/.Mileage t4454 f}
06-05 19:59:21.750 W/ActivityManager( 1629): Finishing task with all activities already finished
06-05 19:59:21.750 W/ActivityManager( 1629): Duplicate finish request for ActivityRecord{a9c4e68 u0 com.evancharlton.mileage/.Mileage t4454 f}
06-05 19:59:21.769 D/EGL_emulation( 2147): eglMakeCurrent: 0xa3805360: ver 2 0 (tinfo 0xa3803630)
06-05 19:59:21.769 D/EGL_emulation( 1711): eglMakeCurrent: 0x9f1709c0: ver 2 0 (tinfo 0xa0e61d00)
06-05 19:59:21.785 D/EGL_emulation( 1711): eglMakeCurrent: 0x9f1709c0: ver 2 0 (tinfo 0xa0e61d00)
06-05 19:59:21.802 D/EGL_emulation( 1711): eglMakeCurrent: 0x9f1709c0: ver 2 0 (tinfo 0xa0e61d00)
06-05 19:59:21.818 D/EGL_emulation( 1711): eglMakeCurrent: 0x9f1709c0: ver 2 0 (tinfo 0xa0e61d00)
06-05 19:59:21.820 D/EGL_emulation( 1711): eglMakeCurrent: 0x9f1709c0: ver 2 0 (tinfo 0xa0e61d00)
06-05 19:59:21.825 D/AndroidRuntime(20186): >>>>>> START com.android.internal.os.RuntimeInit uid 2000 <<<<<<
06-05 19:59:21.826 D/AndroidRuntime(20186): CheckJNI is ON
06-05 19:59:21.835 D/EGL_emulation( 1711): eglMakeCurrent: 0x9f1709c0: ver 2 0 (tinfo 0xa0e61d00)
06-05 19:59:21.836 D/EGL_emulation( 1711): eglMakeCurrent: 0x9f1709c0: ver 2 0 (tinfo 0xa0e61d00)
06-05 19:59:21.837 W/art     (20186): Unexpected CPU variant for X86 using defaults: x86
06-05 19:59:21.838 D/ICU     (20186): No timezone override file found: /data/misc/zoneinfo/current/icu/icu_tzdata.dat
06-05 19:59:21.845 E/memtrack(20186): Couldn't load memtrack module (No such file or directory)
06-05 19:59:21.845 E/android.os.Debug(20186): failed to load memtrack module: -2
06-05 19:59:21.846 I/Radio-JNI(20186): register_android_hardware_Radio DONE
06-05 19:59:21.849 D/AndroidRuntime(20186): Calling main entry com.android.commands.am.Am
06-05 19:59:21.851 I/ActivityManager( 1629): Force stopping com.evancharlton.mileage appid=10196 user=0: start instr
06-05 19:59:21.851 I/ActivityManager( 1629): Killing 20145:com.evancharlton.mileage/u0a196 (adj 0): stop com.evancharlton.mileage
06-05 19:59:21.851 D/ActivityManager( 1629): cleanUpApplicationRecord -- 20145
06-05 19:59:21.851 W/ActivityManager( 1629): Crash of app com.evancharlton.mileage running instrumentation ComponentInfo{com.evancharlton.mileage.test/sh.calaba.instrumentationbackend.CalabashInstrumentationTestRunner}
06-05 19:59:21.851 I/ActivityManager( 1629): Force stopping com.evancharlton.mileage appid=10196 user=0: finished inst
06-05 19:59:21.851 D/EGL_emulation( 1711): eglMakeCurrent: 0x9f1709c0: ver 2 0 (tinfo 0xa0e61d00)
06-05 19:59:21.853 W/InputDispatcher( 1629): channel 'e13547 Toast (server)' ~ Consumer closed input channel or an error occurred.  events=0x9
06-05 19:59:21.853 E/InputDispatcher( 1629): channel 'e13547 Toast (server)' ~ Channel is unrecoverably broken and will be disposed!
06-05 19:59:21.853 D/EGL_emulation( 1711): eglMakeCurrent: 0x9f1709c0: ver 2 0 (tinfo 0xa0e61d00)
06-05 19:59:21.853 W/InputDispatcher( 1629): channel 'f438857 com.evancharlton.mileage/com.evancharlton.mileage.Mileage (server)' ~ Consumer closed input channel or an error occurred.  events=0x9
06-05 19:59:21.853 E/InputDispatcher( 1629): channel 'f438857 com.evancharlton.mileage/com.evancharlton.mileage.Mileage (server)' ~ Channel is unrecoverably broken and will be disposed!
06-05 19:59:21.853 I/WindowManager( 1629): WIN DEATH: Window{f438857 u0 com.evancharlton.mileage/com.evancharlton.mileage.Mileage EXITING}
06-05 19:59:21.853 W/InputDispatcher( 1629): Attempted to unregister already unregistered input channel 'f438857 com.evancharlton.mileage/com.evancharlton.mileage.Mileage (server)'
06-05 19:59:21.854 I/WindowManager( 1629): WIN DEATH: Window{e13547 u0 Toast}
06-05 19:59:21.854 W/InputDispatcher( 1629): Attempted to unregister already unregistered input channel 'e13547 Toast (server)'
06-05 19:59:21.854 I/art     (20196): Not late-enabling -Xcheck:jni (already on)
06-05 19:59:21.854 W/art     (20196): Unexpected CPU variant for X86 using defaults: x86
06-05 19:59:21.862 I/ActivityManager( 1629): Start proc 20196:com.evancharlton.mileage/u0a196 for added application com.evancharlton.mileage
06-05 19:59:21.862 D/AndroidRuntime(20186): Shutting down VM
06-05 19:59:21.866 W/System  (20196): ClassLoader referenced unknown path: /data/app/com.evancharlton.mileage.test-1/lib/x86
06-05 19:59:21.866 W/System  (20196): ClassLoader referenced unknown path: /data/app/com.evancharlton.mileage-1/lib/x86
06-05 19:59:21.868 W/System  (20196): ClassLoader referenced unknown path: 
06-05 19:59:21.868 D/EGL_emulation( 1711): eglMakeCurrent: 0x9f1709c0: ver 2 0 (tinfo 0xa0e61d00)
06-05 19:59:21.870 D/EGL_emulation( 1711): eglMakeCurrent: 0x9f1709c0: ver 2 0 (tinfo 0xa0e61d00)
06-05 19:59:21.872 I/System.out(20196): Main activity name automatically set to: com.evancharlton.mileage.Mileage
06-05 19:59:21.872 I/System.out(20196): Calabash did not load Mono. This is only a problem if you are trying to test a Mono application
06-05 19:59:21.872 I/calabash(20196): Test server port: 7102
06-05 19:59:21.873 I/InstrumentationBackend(20196): Added:'GetPreferences', with key:'get_preferences'
06-05 19:59:21.876 I/InstrumentationBackend(20196): Added:'SetPreferences', with key:'set_preferences'
06-05 19:59:21.876 I/InstrumentationBackend(20196): Added:'ClearPreferences', with key:'clear_preferences'
06-05 19:59:21.876 I/InstrumentationBackend(20196): Added:'PressElement', with key:'press_l10n_element'
06-05 19:59:21.876 I/InstrumentationBackend(20196): Added:'WaitForElement', with key:'wait_for_l10n_element'
06-05 19:59:21.876 I/InstrumentationBackend(20196): Added:'NullAction', with key:'nullAction'
06-05 19:59:21.876 I/InstrumentationBackend(20196): Added:'PressKey', with key:'press_key'
06-05 19:59:21.876 I/InstrumentationBackend(20196): Added:'SetActivityOrientation', with key:'set_activity_orientation'
06-05 19:59:21.876 I/InstrumentationBackend(20196): Added:'GetActivityOrientation', with key:'get_activity_orientation'
06-05 19:59:21.876 I/InstrumentationBackend(20196): Added:'FakeGPSLocation', with key:'set_gps_coordinates'
06-05 19:59:21.876 I/InstrumentationBackend(20196): Added:'SetPropertyByCssSelector', with key:'set_property_by_css_selector'
06-05 19:59:21.876 I/InstrumentationBackend(20196): Added:'GetUrl', with key:'get_url'
06-05 19:59:21.877 I/InstrumentationBackend(20196): Added:'ScrollTo', with key:'scroll_to'
06-05 19:59:21.877 I/InstrumentationBackend(20196): Added:'GetLoadProgress', with key:'get_load_progress'
06-05 19:59:21.877 I/InstrumentationBackend(20196): Added:'DumpHtml', with key:'dump_html'
06-05 19:59:21.877 I/InstrumentationBackend(20196): Added:'DumpBodyHtml', with key:'dump_body_html'
06-05 19:59:21.877 I/InstrumentationBackend(20196): Added:'EnterTextByCssSelector', with key:'enter_text_by_selector'
06-05 19:59:21.877 I/InstrumentationBackend(20196): Added:'AndroidSDKVersion', with key:'android_sdk_version'
06-05 19:59:21.877 I/InstrumentationBackend(20196): Added:'Version', with key:'version'
06-05 19:59:21.877 I/InstrumentationBackend(20196): Added:'Drag', with key:'drag'
06-05 19:59:21.877 I/InstrumentationBackend(20196): Added:'TouchCoordinates', with key:'touch_coordinate'
06-05 19:59:21.877 I/InstrumentationBackend(20196): Added:'LongPressCoordinate', with key:'long_press_coordinate'
06-05 19:59:21.877 I/InstrumentationBackend(20196): Added:'DragCoordinates', with key:'drag_coordinates'
06-05 19:59:21.877 I/InstrumentationBackend(20196): Added:'ResumeApplication', with key:'resume_application'
06-05 19:59:21.877 I/InstrumentationBackend(20196): Added:'Swipe', with key:'swipe'
06-05 19:59:21.877 I/InstrumentationBackend(20196): Added:'DoubleTapCoordinate', with key:'double_tap_coordinate'
06-05 19:59:21.877 I/InstrumentationBackend(20196): Added:'ClickOnScreen', with key:'click_on_screen'
06-05 19:59:21.877 I/InstrumentationBackend(20196): Added:'GetActivityName', with key:'get_activity_name'
06-05 19:59:21.877 I/InstrumentationBackend(20196): Added:'ScrollToView', with key:'scroll_to_view'
06-05 19:59:21.878 I/InstrumentationBackend(20196): Added:'ViewConfiguration', with key:'view_configuration'
06-05 19:59:21.878 I/InstrumentationBackend(20196): Added:'IsCurrentActivityFocused', with key:'is_current_activity_focused'
06-05 19:59:21.878 I/InstrumentationBackend(20196): Added:'SendTcp', with key:'send_tcp'
06-05 19:59:21.878 I/InstrumentationBackend(20196): Added:'DpToDevicePixel', with key:'dp_to_device_pixel'
06-05 19:59:21.878 I/InstrumentationBackend(20196): Added:'KeyboardEnterText', with key:'keyboard_enter_text'
06-05 19:59:21.878 I/InstrumentationBackend(20196): Added:'DeleteSurroundingText', with key:'delete_surrounding_text'
06-05 19:59:21.878 I/InstrumentationBackend(20196): Added:'SetComposingRegion', with key:'set_composing_region'
06-05 19:59:21.878 I/InstrumentationBackend(20196): Added:'SetSelection', with key:'set_selection'
06-05 19:59:21.878 I/InstrumentationBackend(20196): Added:'KeyboardKeyEvent', with key:'keyboard_key_event'
06-05 19:59:21.878 I/InstrumentationBackend(20196): Added:'PressUserActionButton', with key:'press_user_action_button'
06-05 19:59:21.878 I/InstrumentationBackend(20196): Added:'HideSoftKeyboard', with key:'hide_soft_keyboard'
06-05 19:59:21.878 I/InstrumentationBackend(20196): Added:'ListActions', with key:'list_actions'
06-05 19:59:21.878 I/calabash(20196): Instantiating http server at 7102
06-05 19:59:21.879 I/System.out(20196): HTTP Daemon listening on: 7102
06-05 19:59:21.885 D/EGL_emulation( 1711): eglMakeCurrent: 0x9f1709c0: ver 2 0 (tinfo 0xa0e61d00)
06-05 19:59:21.886 D/EGL_emulation( 1711): eglMakeCurrent: 0x9f1709c0: ver 2 0 (tinfo 0xa0e61d00)
06-05 19:59:21.901 D/EGL_emulation( 1711): eglMakeCurrent: 0x9f1709c0: ver 2 0 (tinfo 0xa0e61d00)
06-05 19:59:21.903 D/EGL_emulation( 1711): eglMakeCurrent: 0x9f1709c0: ver 2 0 (tinfo 0xa0e61d00)
06-05 19:59:21.919 D/EGL_emulation( 1711): eglMakeCurrent: 0x9f1709c0: ver 2 0 (tinfo 0xa0e61d00)
06-05 19:59:21.926 D/EGL_emulation( 1711): eglMakeCurrent: 0x9f1709c0: ver 2 0 (tinfo 0xa0e61d00)
06-05 19:59:21.936 D/EGL_emulation( 1711): eglMakeCurrent: 0x9f1709c0: ver 2 0 (tinfo 0xa0e61d00)
06-05 19:59:21.942 D/EGL_emulation( 1711): eglMakeCurrent: 0x9f1709c0: ver 2 0 (tinfo 0xa0e61d00)
06-05 19:59:21.953 D/EGL_emulation( 1711): eglMakeCurrent: 0x9f1709c0: ver 2 0 (tinfo 0xa0e61d00)
06-05 19:59:21.959 D/EGL_emulation( 1711): eglMakeCurrent: 0x9f1709c0: ver 2 0 (tinfo 0xa0e61d00)
06-05 19:59:21.969 D/EGL_emulation( 1711): eglMakeCurrent: 0x9f1709c0: ver 2 0 (tinfo 0xa0e61d00)
06-05 19:59:21.974 I/System.out(20196): URI: //ping
06-05 19:59:21.974 I/System.out(20196): params: {json={}
06-05 19:59:21.974 I/System.out(20196): }
06-05 19:59:21.975 D/EGL_emulation( 1711): eglMakeCurrent: 0x9f1709c0: ver 2 0 (tinfo 0xa0e61d00)
06-05 19:59:21.981 I/System.out(20196): URI: //ping
06-05 19:59:21.981 I/System.out(20196): params: {json={}
06-05 19:59:21.981 I/System.out(20196): }
06-05 19:59:21.988 I/System.out(20196): URI: //ready
06-05 19:59:21.988 I/System.out(20196): params: {json={}
06-05 19:59:21.988 I/System.out(20196): }
06-05 19:59:21.989 D/EGL_emulation( 1711): eglMakeCurrent: 0x9f1709c0: ver 2 0 (tinfo 0xa0e61d00)
06-05 19:59:21.994 I/System.out(20196): URI: //
06-05 19:59:21.994 I/System.out(20196): params: {json={"command":"version","arguments":[]}
06-05 19:59:21.994 I/System.out(20196): }
06-05 19:59:21.995 I/System.out(20196): header: {content-type=application/json;charset=utf-8, date=Sat, 06 Jun 2020 00:59:22 GMT, accept=*/*, host=127.0.0.1:34783, content-length=36, user-agent=HTTPClient/1.0 (2.8.3, ruby 2.5.1 (2018-03-29))}
06-05 19:59:21.995 I/System.out(20196): params: {json={"command":"version","arguments":[]}
06-05 19:59:21.995 I/System.out(20196): }
06-05 19:59:21.995 I/System.out(20196): ProP json = {"command":"version","arguments":[]}
06-05 19:59:21.995 I/System.out(20196): files: {}
06-05 19:59:21.995 I/System.out(20196): command: {"command":"version","arguments":[]}
06-05 19:59:22.005 I/InstrumentationBackend(20196): Got command:'Command:'Line:null,version', arguments:'[]'
06-05 19:59:22.018 I/System.out(20196): result:{"bonusInformation":[],"message":"0.9.8","success":true}
06-05 19:59:22.021 I/System.out(20196): URI: //start-application
06-05 19:59:22.021 I/System.out(20196): params: {json={"intent":null}
06-05 19:59:22.021 I/System.out(20196): }
06-05 19:59:22.032 I/ActivityManager( 1629): START u0 {act=android.intent.action.MAIN cat=[android.intent.category.LAUNCHER] flg=0x10200000 cmp=com.evancharlton.mileage/.Mileage} from uid 10196 on display 0
06-05 19:59:22.038 I/calabash(20196): newActivity1
06-05 19:59:22.046 I/calabash(20196): newActivity1
06-05 19:59:22.047 W/ActivityManager( 1629): Bad activity token: android.os.BinderProxy@ae82f0e
06-05 19:59:22.047 W/ActivityManager( 1629): java.lang.ClassCastException: android.os.BinderProxy cannot be cast to com.android.server.am.ActivityRecord$Token
06-05 19:59:22.047 W/ActivityManager( 1629): 	at com.android.server.am.ActivityRecord.forTokenLocked(ActivityRecord.java:586)
06-05 19:59:22.047 W/ActivityManager( 1629): 	at com.android.server.am.ActivityRecord.isInStackLocked(ActivityRecord.java:1327)
06-05 19:59:22.047 W/ActivityManager( 1629): 	at com.android.server.am.ActivityRecord.getStackLocked(ActivityRecord.java:1332)
06-05 19:59:22.047 W/ActivityManager( 1629): 	at com.android.server.am.ActivityManagerService.getActivityDisplayId(ActivityManagerService.java:9806)
06-05 19:59:22.047 W/ActivityManager( 1629): 	at android.app.ActivityManagerNative.onTransact(ActivityManagerNative.java:2566)
06-05 19:59:22.047 W/ActivityManager( 1629): 	at com.android.server.am.ActivityManagerService.onTransact(ActivityManagerService.java:2757)
06-05 19:59:22.047 W/ActivityManager( 1629): 	at android.os.Binder.execTransact(Binder.java:565)
06-05 19:59:22.048 W/ActivityManager( 1629): Bad activity token: android.os.BinderProxy@ae82f0e
06-05 19:59:22.048 W/ActivityManager( 1629): java.lang.ClassCastException: android.os.BinderProxy cannot be cast to com.android.server.am.ActivityRecord$Token
06-05 19:59:22.048 W/ActivityManager( 1629): 	at com.android.server.am.ActivityRecord.forTokenLocked(ActivityRecord.java:586)
06-05 19:59:22.048 W/ActivityManager( 1629): 	at com.android.server.am.ActivityRecord.isInStackLocked(ActivityRecord.java:1327)
06-05 19:59:22.048 W/ActivityManager( 1629): 	at com.android.server.am.ActivityManagerService.setTaskDescription(ActivityManagerService.java:9358)
06-05 19:59:22.048 W/ActivityManager( 1629): 	at android.app.ActivityManagerNative.onTransact(ActivityManagerNative.java:2639)
06-05 19:59:22.048 W/ActivityManager( 1629): 	at com.android.server.am.ActivityManagerService.onTransact(ActivityManagerService.java:2757)
06-05 19:59:22.048 W/ActivityManager( 1629): 	at android.os.Binder.execTransact(Binder.java:565)
06-05 19:59:22.048 W/ActivityManager( 1629): Bad activity token: android.os.BinderProxy@ae82f0e
06-05 19:59:22.048 W/ActivityManager( 1629): java.lang.ClassCastException: android.os.BinderProxy cannot be cast to com.android.server.am.ActivityRecord$Token
06-05 19:59:22.048 W/ActivityManager( 1629): 	at com.android.server.am.ActivityRecord.forTokenLocked(ActivityRecord.java:586)
06-05 19:59:22.048 W/ActivityManager( 1629): 	at com.android.server.am.ActivityRecord.isInStackLocked(ActivityRecord.java:1327)
06-05 19:59:22.048 W/ActivityManager( 1629): 	at com.android.server.am.ActivityRecord.getStackLocked(ActivityRecord.java:1332)
06-05 19:59:22.048 W/ActivityManager( 1629): 	at com.android.server.am.ActivityManagerService.getActivityStackId(ActivityManagerService.java:9817)
06-05 19:59:22.048 W/ActivityManager( 1629): 	at android.app.ActivityManagerNative.onTransact(ActivityManagerNative.java:2856)
06-05 19:59:22.048 W/ActivityManager( 1629): 	at com.android.server.am.ActivityManagerService.onTransact(ActivityManagerService.java:2757)
06-05 19:59:22.048 W/ActivityManager( 1629): 	at android.os.Binder.execTransact(Binder.java:565)
06-05 19:59:22.051 D/gralloc_ranchu( 1348): gralloc_alloc: Creating ashmem region of size 9023488
06-05 19:59:22.062 W/ActivityManager( 1629): Bad activity token: android.os.BinderProxy@ae82f0e
06-05 19:59:22.062 W/ActivityManager( 1629): java.lang.ClassCastException: android.os.BinderProxy cannot be cast to com.android.server.am.ActivityRecord$Token
06-05 19:59:22.062 W/ActivityManager( 1629): 	at com.android.server.am.ActivityRecord.forTokenLocked(ActivityRecord.java:586)
06-05 19:59:22.062 W/ActivityManager( 1629): 	at com.android.server.am.ActivityRecord.isInStackLocked(ActivityRecord.java:1327)
06-05 19:59:22.062 W/ActivityManager( 1629): 	at com.android.server.am.ActivityManagerService.getActivityOptions(ActivityManagerService.java:12559)
06-05 19:59:22.062 W/ActivityManager( 1629): 	at android.app.ActivityManagerNative.onTransact(ActivityManagerNative.java:1933)
06-05 19:59:22.062 W/ActivityManager( 1629): 	at com.android.server.am.ActivityManagerService.onTransact(ActivityManagerService.java:2757)
06-05 19:59:22.062 W/ActivityManager( 1629): 	at android.os.Binder.execTransact(Binder.java:565)
06-05 19:59:22.063 W/ActivityManager( 1629): Bad activity token: android.os.BinderProxy@ae82f0e
06-05 19:59:22.063 W/ActivityManager( 1629): java.lang.ClassCastException: android.os.BinderProxy cannot be cast to com.android.server.am.ActivityRecord$Token
06-05 19:59:22.063 W/ActivityManager( 1629): 	at com.android.server.am.ActivityRecord.forTokenLocked(ActivityRecord.java:586)
06-05 19:59:22.063 W/ActivityManager( 1629): 	at com.android.server.am.ActivityRecord.isInStackLocked(ActivityRecord.java:1327)
06-05 19:59:22.063 W/ActivityManager( 1629): 	at com.android.server.am.ActivityManagerService.getActivityOptions(ActivityManagerService.java:12559)
06-05 19:59:22.063 W/ActivityManager( 1629): 	at android.app.ActivityManagerNative.onTransact(ActivityManagerNative.java:1933)
06-05 19:59:22.063 W/ActivityManager( 1629): 	at com.android.server.am.ActivityManagerService.onTransact(ActivityManagerService.java:2757)
06-05 19:59:22.063 W/ActivityManager( 1629): 	at android.os.Binder.execTransact(Binder.java:565)
06-05 19:59:22.075 V/PhoneStatusBar( 1711): setLightsOn(true)
06-05 19:59:22.087 D/EGL_emulation( 2147): eglMakeCurrent: 0xa3805360: ver 2 0 (tinfo 0xa3803630)
06-05 19:59:22.091 D/EGL_emulation( 1711): eglMakeCurrent: 0x9f1709c0: ver 2 0 (tinfo 0xa0e61d00)
06-05 19:59:22.102 D/EGL_emulation( 1711): eglMakeCurrent: 0x9f1709c0: ver 2 0 (tinfo 0xa0e61d00)
06-05 19:59:22.106 D/EGL_emulation( 1711): eglMakeCurrent: 0x9f1709c0: ver 2 0 (tinfo 0xa0e61d00)
06-05 19:59:22.108 D/gralloc_ranchu( 1348): gralloc_alloc: Creating ashmem region of size 9023488
06-05 19:59:22.116 D/        (20196): HostConnection::get() New Host Connection established 0x921b00c0, tid 20196
06-05 19:59:22.159 D/EGL_emulation( 1711): eglMakeCurrent: 0x9f1709c0: ver 2 0 (tinfo 0xa0e61d00)
06-05 19:59:22.162 D/EGL_emulation( 1711): eglMakeCurrent: 0x9f1709c0: ver 2 0 (tinfo 0xa0e61d00)
06-05 19:59:22.162 V/PhoneStatusBar( 1711): setLightsOn(true)
06-05 19:59:22.163 D/EGL_emulation( 1711): eglMakeCurrent: 0x9f1709c0: ver 2 0 (tinfo 0xa0e61d00)
06-05 19:59:22.165 D/EGL_emulation( 1711): eglMakeCurrent: 0x9f1709c0: ver 2 0 (tinfo 0xa0e61d00)
06-05 19:59:22.168 D/EGL_emulation( 1711): eglMakeCurrent: 0x9f1709c0: ver 2 0 (tinfo 0xa0e61d00)
06-05 19:59:22.171 D/EGL_emulation( 1711): eglMakeCurrent: 0x9f1709c0: ver 2 0 (tinfo 0xa0e61d00)
06-05 19:59:22.185 D/EGL_emulation( 1711): eglMakeCurrent: 0x9f1709c0: ver 2 0 (tinfo 0xa0e61d00)
06-05 19:59:22.187 D/EGL_emulation( 1711): eglMakeCurrent: 0x9f1709c0: ver 2 0 (tinfo 0xa0e61d00)
06-05 19:59:22.190 I/WifiConnectivityManager( 1629): start a single scan from watchdogHandler
06-05 19:59:22.190 I/WifiConnectivityManager( 1629): scheduleWatchdogTimer
06-05 19:59:22.201 D/gralloc_ranchu( 1348): gralloc_alloc: Creating ashmem region of size 9023488
06-05 19:59:22.201 D/EGL_emulation( 1711): eglMakeCurrent: 0x9f1709c0: ver 2 0 (tinfo 0xa0e61d00)
06-05 19:59:22.201 I/ActivityManager( 1629): Displayed com.evancharlton.mileage/.Mileage: +166ms
06-05 19:59:22.202 I/WindowManager( 1629): Destroying surface Surface(name=com.evancharlton.mileage/com.evancharlton.mileage.Mileage) called by com.android.server.wm.WindowStateAnimator.destroySurface:2016 com.android.server.wm.WindowStateAnimator.destroySurfaceLocked:882 com.android.server.wm.WindowState.removeLocked:1456 com.android.server.wm.WindowManagerService.removeWindowInnerLocked:2484 com.android.server.wm.AppWindowToken.destroySurfaces:365 com.android.server.wm.WindowStateAnimator.finishExit:565 com.android.server.wm.AppWindowAnimator.stepAnimationLocked:427 com.android.server.wm.WindowAnimator.updateAppWindowsLocked:196 
06-05 19:59:22.215 D/EGL_emulation( 1711): eglMakeCurrent: 0x9f1709c0: ver 2 0 (tinfo 0xa0e61d00)
06-05 19:59:22.229 D/EGL_emulation( 1711): eglMakeCurrent: 0x9f1709c0: ver 2 0 (tinfo 0xa0e61d00)
06-05 19:59:22.232 D/EGL_emulation( 1711): eglMakeCurrent: 0x9f1709c0: ver 2 0 (tinfo 0xa0e61d00)
06-05 19:59:22.235 D/EGL_emulation( 1711): eglMakeCurrent: 0x9f1709c0: ver 2 0 (tinfo 0xa0e61d00)
06-05 19:59:22.236 D/EGL_emulation( 1711): eglMakeCurrent: 0x9f1709c0: ver 2 0 (tinfo 0xa0e61d00)
06-05 19:59:22.237 V/PhoneStatusBar( 1711): setLightsOn(true)
06-05 19:59:22.252 D/EGL_emulation( 1711): eglMakeCurrent: 0x9f1709c0: ver 2 0 (tinfo 0xa0e61d00)
06-05 19:59:22.254 D/EGL_emulation( 1711): eglMakeCurrent: 0x9f1709c0: ver 2 0 (tinfo 0xa0e61d00)
06-05 19:59:22.268 D/EGL_emulation( 1711): eglMakeCurrent: 0x9f1709c0: ver 2 0 (tinfo 0xa0e61d00)
06-05 19:59:22.272 D/EGL_emulation( 1711): eglMakeCurrent: 0x9f1709c0: ver 2 0 (tinfo 0xa0e61d00)
06-05 19:59:22.285 D/EGL_emulation( 1711): eglMakeCurrent: 0x9f1709c0: ver 2 0 (tinfo 0xa0e61d00)
06-05 19:59:22.287 D/EGL_emulation( 1711): eglMakeCurrent: 0x9f1709c0: ver 2 0 (tinfo 0xa0e61d00)
06-05 19:59:22.291 I/System.out(20196): URI: //map
06-05 19:59:22.291 I/System.out(20196): params: {json={"query":"* marked:'Statistics'","operation":{"method_name":"query","arguments":[]}}
06-05 19:59:22.291 I/System.out(20196): }
06-05 19:59:22.301 D/EGL_emulation( 1711): eglMakeCurrent: 0x9f1709c0: ver 2 0 (tinfo 0xa0e61d00)
06-05 19:59:22.303 W/ResourceType(20196): No package identifier when getting name for resource number 0x00000001
06-05 19:59:22.316 I/System.out(20196): URI: //gesture
06-05 19:59:22.316 I/System.out(20196): params: {json={"query_timeout":5.0,"gestures":[{"query_string":"* marked:'Statistics'","touches":[{"x":50,"y":50,"offset_x":0,"offset_y":0,"wait":0.0,"time":0.2,"release":true,"query_string":null}]}]}
06-05 19:59:22.316 I/System.out(20196): }
06-05 19:59:22.323 W/ResourceType(20196): No package identifier when getting name for resource number 0x00000001
06-05 19:59:22.402 I/WindowManager( 1629): Destroying surface Surface(name=Starting com.evancharlton.mileage) called by com.android.server.wm.WindowStateAnimator.destroySurface:2016 com.android.server.wm.WindowStateAnimator.destroySurfaceLocked:882 com.android.server.wm.WindowState.destroyOrSaveSurface:2100 com.android.server.wm.AppWindowToken.destroySurfaces:363 com.android.server.wm.WindowStateAnimator.finishExit:565 com.android.server.wm.WindowStateAnimator.stepAnimationLocked:491 com.android.server.wm.WindowAnimator.updateWindowsLocked:303 com.android.server.wm.WindowAnimator.animateLocked:704 
06-05 19:59:22.404 I/WindowManager( 1629): Destroying surface Surface(name=Toast) called by com.android.server.wm.WindowStateAnimator.destroySurface:2016 com.android.server.wm.WindowStateAnimator.destroySurfaceLocked:882 com.android.server.wm.WindowState.destroyOrSaveSurface:2100 com.android.server.wm.WindowSurfacePlacer.performSurfacePlacementInner:429 com.android.server.wm.WindowSurfacePlacer.performSurfacePlacementLoop:232 com.android.server.wm.WindowSurfacePlacer.performSurfacePlacement:180 com.android.server.wm.WindowManagerService.removeWindowInnerLocked:2555 com.android.server.wm.AppWindowToken.destroySurfaces:365 
06-05 19:59:22.404 V/PhoneStatusBar( 1711): setLightsOn(true)
06-05 19:59:22.405 V/PhoneStatusBar( 1711): setLightsOn(true)
06-05 19:59:22.436 V/PhoneStatusBar( 1711): setLightsOn(true)
06-05 19:59:22.468 V/PhoneStatusBar( 1711): setLightsOn(true)
06-05 19:59:22.535 V/PhoneStatusBar( 1711): setLightsOn(true)
06-05 19:59:22.553 I/calabash(20196): newActivity1
06-05 19:59:22.569 I/System.out(20196): URI: //map
06-05 19:59:22.569 I/System.out(20196): params: {json={"query":"android.widget.ScrollView index:0","operation":{"method_name":"query","arguments":[]}}
06-05 19:59:22.569 I/System.out(20196): }
06-05 19:59:22.572 W/ActivityManager( 1629): Bad activity token: android.os.BinderProxy@b12658
06-05 19:59:22.572 W/ActivityManager( 1629): java.lang.ClassCastException: android.os.BinderProxy cannot be cast to com.android.server.am.ActivityRecord$Token
06-05 19:59:22.572 W/ActivityManager( 1629): 	at com.android.server.am.ActivityRecord.forTokenLocked(ActivityRecord.java:586)
06-05 19:59:22.572 W/ActivityManager( 1629): 	at com.android.server.am.ActivityRecord.isInStackLocked(ActivityRecord.java:1327)
06-05 19:59:22.572 W/ActivityManager( 1629): 	at com.android.server.am.ActivityRecord.getStackLocked(ActivityRecord.java:1332)
06-05 19:59:22.572 W/ActivityManager( 1629): 	at com.android.server.am.ActivityManagerService.getActivityDisplayId(ActivityManagerService.java:9806)
06-05 19:59:22.572 W/ActivityManager( 1629): 	at android.app.ActivityManagerNative.onTransact(ActivityManagerNative.java:2566)
06-05 19:59:22.572 W/ActivityManager( 1629): 	at com.android.server.am.ActivityManagerService.onTransact(ActivityManagerService.java:2757)
06-05 19:59:22.572 W/ActivityManager( 1629): 	at android.os.Binder.execTransact(Binder.java:565)
06-05 19:59:22.573 W/ActivityManager( 1629): Bad activity token: android.os.BinderProxy@b12658
06-05 19:59:22.573 W/ActivityManager( 1629): java.lang.ClassCastException: android.os.BinderProxy cannot be cast to com.android.server.am.ActivityRecord$Token
06-05 19:59:22.573 W/ActivityManager( 1629): 	at com.android.server.am.ActivityRecord.forTokenLocked(ActivityRecord.java:586)
06-05 19:59:22.573 W/ActivityManager( 1629): 	at com.android.server.am.ActivityRecord.isInStackLocked(ActivityRecord.java:1327)
06-05 19:59:22.573 W/ActivityManager( 1629): 	at com.android.server.am.ActivityManagerService.setTaskDescription(ActivityManagerService.java:9358)
06-05 19:59:22.573 W/ActivityManager( 1629): 	at android.app.ActivityManagerNative.onTransact(ActivityManagerNative.java:2639)
06-05 19:59:22.573 W/ActivityManager( 1629): 	at com.android.server.am.ActivityManagerService.onTransact(ActivityManagerService.java:2757)
06-05 19:59:22.573 W/ActivityManager( 1629): 	at android.os.Binder.execTransact(Binder.java:565)
06-05 19:59:22.574 W/ActivityManager( 1629): Bad activity token: android.os.BinderProxy@b12658
06-05 19:59:22.574 W/ActivityManager( 1629): java.lang.ClassCastException: android.os.BinderProxy cannot be cast to com.android.server.am.ActivityRecord$Token
06-05 19:59:22.574 W/ActivityManager( 1629): 	at com.android.server.am.ActivityRecord.forTokenLocked(ActivityRecord.java:586)
06-05 19:59:22.574 W/ActivityManager( 1629): 	at com.android.server.am.ActivityRecord.isInStackLocked(ActivityRecord.java:1327)
06-05 19:59:22.574 W/ActivityManager( 1629): 	at com.android.server.am.ActivityRecord.getStackLocked(ActivityRecord.java:1332)
06-05 19:59:22.574 W/ActivityManager( 1629): 	at com.android.server.am.ActivityManagerService.getActivityStackId(ActivityManagerService.java:9817)
06-05 19:59:22.574 W/ActivityManager( 1629): 	at android.app.ActivityManagerNative.onTransact(ActivityManagerNative.java:2856)
06-05 19:59:22.574 W/ActivityManager( 1629): 	at com.android.server.am.ActivityManagerService.onTransact(ActivityManagerService.java:2757)
06-05 19:59:22.574 W/ActivityManager( 1629): 	at android.os.Binder.execTransact(Binder.java:565)
06-05 19:59:22.581 D/VehicleStatisticsActivity(20196): Checking recalculation ...
06-05 19:59:22.582 D/VehicleStatisticsActivity(20196): Recalculation not necessary.
06-05 19:59:22.585 W/ActivityManager( 1629): Bad activity token: android.os.BinderProxy@b12658
06-05 19:59:22.585 W/ActivityManager( 1629): java.lang.ClassCastException: android.os.BinderProxy cannot be cast to com.android.server.am.ActivityRecord$Token
06-05 19:59:22.585 W/ActivityManager( 1629): 	at com.android.server.am.ActivityRecord.forTokenLocked(ActivityRecord.java:586)
06-05 19:59:22.585 W/ActivityManager( 1629): 	at com.android.server.am.ActivityRecord.isInStackLocked(ActivityRecord.java:1327)
06-05 19:59:22.585 W/ActivityManager( 1629): 	at com.android.server.am.ActivityManagerService.getActivityOptions(ActivityManagerService.java:12559)
06-05 19:59:22.585 W/ActivityManager( 1629): 	at android.app.ActivityManagerNative.onTransact(ActivityManagerNative.java:1933)
06-05 19:59:22.585 W/ActivityManager( 1629): 	at com.android.server.am.ActivityManagerService.onTransact(ActivityManagerService.java:2757)
06-05 19:59:22.585 W/ActivityManager( 1629): 	at android.os.Binder.execTransact(Binder.java:565)
06-05 19:59:22.585 W/ActivityManager( 1629): Bad activity token: android.os.BinderProxy@b12658
06-05 19:59:22.585 W/ActivityManager( 1629): java.lang.ClassCastException: android.os.BinderProxy cannot be cast to com.android.server.am.ActivityRecord$Token
06-05 19:59:22.585 W/ActivityManager( 1629): 	at com.android.server.am.ActivityRecord.forTokenLocked(ActivityRecord.java:586)
06-05 19:59:22.585 W/ActivityManager( 1629): 	at com.android.server.am.ActivityRecord.isInStackLocked(ActivityRecord.java:1327)
06-05 19:59:22.585 W/ActivityManager( 1629): 	at com.android.server.am.ActivityManagerService.getActivityOptions(ActivityManagerService.java:12559)
06-05 19:59:22.585 W/ActivityManager( 1629): 	at android.app.ActivityManagerNative.onTransact(ActivityManagerNative.java:1933)
06-05 19:59:22.585 W/ActivityManager( 1629): 	at com.android.server.am.ActivityManagerService.onTransact(ActivityManagerService.java:2757)
06-05 19:59:22.585 W/ActivityManager( 1629): 	at android.os.Binder.execTransact(Binder.java:565)
06-05 19:59:22.587 D/VehicleStatisticsActivity(20196): Checking recalculation ...
06-05 19:59:22.588 D/VehicleStatisticsActivity(20196): Recalculation not necessary.
06-05 19:59:22.668 I/System.out(20196): URI: //map
06-05 19:59:22.668 I/System.out(20196): params: {json={"query":"android.widget.AbsListView index:0","operation":{"method_name":"query","arguments":[]}}
06-05 19:59:22.668 I/System.out(20196): }
06-05 19:59:22.673 I/art     (20196): Do partial code cache collection, code=30KB, data=29KB
06-05 19:59:22.673 I/art     (20196): After code cache collection, code=29KB, data=28KB
06-05 19:59:22.673 I/art     (20196): Increasing code cache capacity to 128KB
06-05 19:59:22.683 I/System.out(20196): URI: //map
06-05 19:59:22.683 I/System.out(20196): params: {json={"query":"android.widget.AbsListView index:0","operation":{"method_name":"query","arguments":[]}}
06-05 19:59:22.683 I/System.out(20196): }
06-05 19:59:22.697 I/System.out(20196): URI: //map
06-05 19:59:22.697 I/System.out(20196): params: {json={"query":"android.widget.AbsListView index:0","operation":{"method_name":"query","arguments":[]}}
06-05 19:59:22.697 I/System.out(20196): }
06-05 19:59:22.710 I/System.out(20196): URI: //map
06-05 19:59:22.710 I/System.out(20196): params: {json={"query":"android.widget.AbsListView index:0","operation":{"method_name":"query","arguments":["getFirstVisiblePosition"]}}
06-05 19:59:22.710 I/System.out(20196): }
06-05 19:59:22.722 I/System.out(20196): URI: //map
06-05 19:59:22.722 I/System.out(20196): params: {json={"query":"android.widget.AbsListView index:0","operation":{"method_name":"query","arguments":["getLastVisiblePosition"]}}
06-05 19:59:22.722 I/System.out(20196): }
06-05 19:59:22.734 I/System.out(20196): URI: //map
06-05 19:59:22.734 I/System.out(20196): params: {json={"query":"android.widget.AbsListView index:0","operation":{"method_name":"query","arguments":[{"method_name":"setSelection","arguments":[26]}]}}
06-05 19:59:22.734 I/System.out(20196): }
06-05 19:59:22.751 I/System.out(20196): URI: //map
06-05 19:59:22.751 I/System.out(20196): params: {json={"query":"* marked:'Average cost per mi'","operation":{"method_name":"query","arguments":[]}}
06-05 19:59:22.751 I/System.out(20196): }
06-05 19:59:22.786 D/gralloc_ranchu( 1348): gralloc_alloc: Creating ashmem region of size 9023488
06-05 19:59:22.820 W/ResourceType(20196): No package identifier when getting name for resource number 0x00000001
06-05 19:59:22.830 I/System.out(20196): URI: //gesture
06-05 19:59:22.830 I/System.out(20196): params: {json={"query_timeout":5.0,"gestures":[{"query_string":"* marked:'Average cost per mi'","touches":[{"x":50,"y":50,"offset_x":0,"offset_y":0,"wait":0.0,"time":0.2,"release":true,"query_string":null}]}]}
06-05 19:59:22.830 I/System.out(20196): }
06-05 19:59:22.834 W/ResourceType(20196): No package identifier when getting name for resource number 0x00000001
06-05 19:59:22.834 V/PhoneStatusBar( 1711): setLightsOn(true)
06-05 19:59:22.835 V/PhoneStatusBar( 1711): setLightsOn(true)
06-05 19:59:22.835 W/OpenGLRenderer( 2147): Incorrectly called buildLayer on View: ShortcutAndWidgetContainer, destroying layer...
06-05 19:59:22.851 I/WindowManager( 1629): Destroying surface Surface(name=com.android.launcher3/com.android.launcher3.Launcher) called by com.android.server.wm.WindowStateAnimator.destroySurface:2016 com.android.server.wm.WindowStateAnimator.destroySurfaceLocked:882 com.android.server.wm.WindowState.destroyOrSaveSurface:2100 com.android.server.wm.AppWindowToken.destroySurfaces:363 com.android.server.wm.AppWindowToken.notifyAppStopped:389 com.android.server.wm.WindowManagerService.notifyAppStopped:4463 com.android.server.am.ActivityStack.activityStoppedLocked:1252 com.android.server.am.ActivityManagerService.activityStopped:6903 
06-05 19:59:22.852 V/PhoneStatusBar( 1711): setLightsOn(true)
06-05 19:59:23.078 I/System.out(20196): URI: //map
06-05 19:59:23.078 I/System.out(20196): params: {json={"query":"* {text CONTAINS[c] 'No chart for this statistic (yet!)'}","operation":{"method_name":"query","arguments":[]}}
06-05 19:59:23.078 I/System.out(20196): }
06-05 19:59:23.176 W/NotificationService( 1629): Object died trying to hide notification android.app.ITransientNotification$Stub$Proxy@e155022 in package com.evancharlton.mileage
06-05 19:59:23.185 V/PhoneStatusBar( 1711): setLightsOn(true)
06-05 19:59:23.202 V/PhoneStatusBar( 1711): setLightsOn(true)
06-05 19:59:23.218 D/gralloc_ranchu( 1348): gralloc_alloc: Creating ashmem region of size 327680
06-05 19:59:23.222 V/PhoneStatusBar( 1711): setLightsOn(true)
06-05 19:59:23.235 V/PhoneStatusBar( 1711): setLightsOn(true)
06-05 19:59:23.424 I/System.out(20196): URI: //map
06-05 19:59:23.424 I/System.out(20196): params: {json={"query":"* {text CONTAINS[c] 'No chart for this statistic (yet!)'}","operation":{"method_name":"query","arguments":[]}}
06-05 19:59:23.424 I/System.out(20196): }
