--------- beginning of main
06-06 17:46:22.581 V/PhoneStatusBar( 1713): setLightsOn(true)
06-06 17:46:22.585 D/gralloc_ranchu( 1348): gralloc_alloc: Creating ashmem region of size 3145728
06-06 17:46:22.591 E/EGL_emulation( 1348): tid 1348: eglCreateSyncKHR(1901): error 0x3004 (EGL_BAD_ATTRIBUTE)
--------- beginning of system
06-06 17:46:22.606 W/ActivityManager( 1631): Finishing task with all activities already finished
06-06 17:46:22.606 W/ActivityManager( 1631): Duplicate finish request for ActivityRecord{d2f315 u0 com.evancharlton.mileage/.Mileage t24727 f}
06-06 17:46:22.607 W/ActivityManager( 1631): Finishing task with all activities already finished
06-06 17:46:22.607 W/ActivityManager( 1631): Duplicate finish request for ActivityRecord{d2f315 u0 com.evancharlton.mileage/.Mileage t24727 f}
06-06 17:46:22.607 W/ActivityManager( 1631): Finishing task with all activities already finished
06-06 17:46:22.607 W/ActivityManager( 1631): Duplicate finish request for ActivityRecord{d2f315 u0 com.evancharlton.mileage/.Mileage t24727 f}
06-06 17:46:22.607 W/ActivityManager( 1631): Finishing task with all activities already finished
06-06 17:46:22.607 W/ActivityManager( 1631): Duplicate finish request for ActivityRecord{d2f315 u0 com.evancharlton.mileage/.Mileage t24727 f}
06-06 17:46:22.607 W/ActivityManager( 1631): Finishing task with all activities already finished
06-06 17:46:22.607 W/ActivityManager( 1631): Duplicate finish request for ActivityRecord{d2f315 u0 com.evancharlton.mileage/.Mileage t24727 f}
06-06 17:46:22.607 W/ActivityManager( 1631): Finishing task with all activities already finished
06-06 17:46:22.607 W/ActivityManager( 1631): Duplicate finish request for ActivityRecord{305f4d7 u0 com.evancharlton.mileage/.VehicleActivity t24727 f}
06-06 17:46:22.607 W/ActivityManager( 1631): Finishing task with all activities already finished
06-06 17:46:22.607 W/ActivityManager( 1631): Duplicate finish request for ActivityRecord{305f4d7 u0 com.evancharlton.mileage/.VehicleActivity t24727 f}
06-06 17:46:22.608 W/ActivityManager( 1631): Finishing task with all activities already finished
06-06 17:46:22.608 W/ActivityManager( 1631): Duplicate finish request for ActivityRecord{d2f315 u0 com.evancharlton.mileage/.Mileage t24727 f}
06-06 17:46:22.608 W/ActivityManager( 1631): Finishing task with all activities already finished
06-06 17:46:22.608 W/ActivityManager( 1631): Duplicate finish request for ActivityRecord{d2f315 u0 com.evancharlton.mileage/.Mileage t24727 f}
06-06 17:46:22.643 I/art     ( 1631): Background partial concurrent mark sweep GC freed 33043(1819KB) AllocSpace objects, 3(60KB) LOS objects, 19% free, 16MB/20MB, paused 5.419ms total 46.045ms
06-06 17:46:22.650 D/EGL_emulation( 2106): eglMakeCurrent: 0xa6a85300: ver 2 0 (tinfo 0xa6a83220)
06-06 17:46:22.651 D/EGL_emulation( 1713): eglMakeCurrent: 0xa6a85780: ver 2 0 (tinfo 0xa6a83640)
06-06 17:46:22.665 D/EGL_emulation( 1713): eglMakeCurrent: 0xa6a85780: ver 2 0 (tinfo 0xa6a83640)
06-06 17:46:22.683 D/EGL_emulation( 1713): eglMakeCurrent: 0xa6a85780: ver 2 0 (tinfo 0xa6a83640)
06-06 17:46:22.698 D/EGL_emulation( 1713): eglMakeCurrent: 0xa6a85780: ver 2 0 (tinfo 0xa6a83640)
06-06 17:46:22.700 D/EGL_emulation( 1713): eglMakeCurrent: 0xa6a85780: ver 2 0 (tinfo 0xa6a83640)
06-06 17:46:22.715 D/EGL_emulation( 1713): eglMakeCurrent: 0xa6a85780: ver 2 0 (tinfo 0xa6a83640)
06-06 17:46:22.717 D/EGL_emulation( 1713): eglMakeCurrent: 0xa6a85780: ver 2 0 (tinfo 0xa6a83640)
06-06 17:46:22.732 D/EGL_emulation( 1713): eglMakeCurrent: 0xa6a85780: ver 2 0 (tinfo 0xa6a83640)
06-06 17:46:22.734 D/EGL_emulation( 1713): eglMakeCurrent: 0xa6a85780: ver 2 0 (tinfo 0xa6a83640)
06-06 17:46:22.748 D/EGL_emulation( 1713): eglMakeCurrent: 0xa6a85780: ver 2 0 (tinfo 0xa6a83640)
06-06 17:46:22.750 D/EGL_emulation( 1713): eglMakeCurrent: 0xa6a85780: ver 2 0 (tinfo 0xa6a83640)
06-06 17:46:22.765 D/EGL_emulation( 1713): eglMakeCurrent: 0xa6a85780: ver 2 0 (tinfo 0xa6a83640)
06-06 17:46:22.766 D/EGL_emulation( 1713): eglMakeCurrent: 0xa6a85780: ver 2 0 (tinfo 0xa6a83640)
06-06 17:46:22.781 D/EGL_emulation( 1713): eglMakeCurrent: 0xa6a85780: ver 2 0 (tinfo 0xa6a83640)
06-06 17:46:22.784 D/EGL_emulation( 1713): eglMakeCurrent: 0xa6a85780: ver 2 0 (tinfo 0xa6a83640)
06-06 17:46:22.795 D/AndroidRuntime(18112): >>>>>> START com.android.internal.os.RuntimeInit uid 2000 <<<<<<
06-06 17:46:22.796 D/AndroidRuntime(18112): CheckJNI is ON
06-06 17:46:22.798 D/EGL_emulation( 1713): eglMakeCurrent: 0xa6a85780: ver 2 0 (tinfo 0xa6a83640)
06-06 17:46:22.800 D/EGL_emulation( 1713): eglMakeCurrent: 0xa6a85780: ver 2 0 (tinfo 0xa6a83640)
06-06 17:46:22.807 W/art     (18112): Unexpected CPU variant for X86 using defaults: x86
06-06 17:46:22.809 D/ICU     (18112): No timezone override file found: /data/misc/zoneinfo/current/icu/icu_tzdata.dat
06-06 17:46:22.815 D/EGL_emulation( 1713): eglMakeCurrent: 0xa6a85780: ver 2 0 (tinfo 0xa6a83640)
06-06 17:46:22.816 D/EGL_emulation( 1713): eglMakeCurrent: 0xa6a85780: ver 2 0 (tinfo 0xa6a83640)
06-06 17:46:22.817 E/memtrack(18112): Couldn't load memtrack module (No such file or directory)
06-06 17:46:22.817 E/android.os.Debug(18112): failed to load memtrack module: -2
06-06 17:46:22.818 I/Radio-JNI(18112): register_android_hardware_Radio DONE
06-06 17:46:22.822 D/AndroidRuntime(18112): Calling main entry com.android.commands.am.Am
06-06 17:46:22.823 I/ActivityManager( 1631): Force stopping com.evancharlton.mileage appid=10728 user=0: start instr
06-06 17:46:22.823 I/ActivityManager( 1631): Killing 18044:com.evancharlton.mileage/u0a728 (adj 0): stop com.evancharlton.mileage
06-06 17:46:22.823 D/ActivityManager( 1631): cleanUpApplicationRecord -- 18044
06-06 17:46:22.823 I/WindowManager( 1631): Destroying surface Surface(name=com.evancharlton.mileage/com.evancharlton.mileage.VehicleActivity) called by com.android.server.wm.WindowStateAnimator.destroySurface:2016 com.android.server.wm.WindowStateAnimator.destroySurfaceLocked:882 com.android.server.wm.WindowState.removeLocked:1456 com.android.server.wm.WindowManagerService.removeWindowInnerLocked:2484 com.android.server.wm.WindowManagerService.removeWindowLocked:2442 com.android.server.wm.WindowManagerService.removeWindowLocked:2311 com.android.server.wm.AppWindowToken.removeAllWindows:530 com.android.server.wm.AppWindowToken.removeAppFromTaskLocked:326 
06-06 17:46:22.825 W/ActivityManager( 1631): Crash of app com.evancharlton.mileage running instrumentation ComponentInfo{com.evancharlton.mileage.test/sh.calaba.instrumentationbackend.CalabashInstrumentationTestRunner}
06-06 17:46:22.825 I/ActivityManager( 1631): Force stopping com.evancharlton.mileage appid=10728 user=0: finished inst
06-06 17:46:22.825 W/InputDispatcher( 1631): channel 'dbdb8e8 com.evancharlton.mileage/com.evancharlton.mileage.Mileage (server)' ~ Consumer closed input channel or an error occurred.  events=0x9
06-06 17:46:22.825 E/InputDispatcher( 1631): channel 'dbdb8e8 com.evancharlton.mileage/com.evancharlton.mileage.Mileage (server)' ~ Channel is unrecoverably broken and will be disposed!
06-06 17:46:22.825 I/WindowManager( 1631): WIN DEATH: Window{dbdb8e8 u0 com.evancharlton.mileage/com.evancharlton.mileage.Mileage EXITING}
06-06 17:46:22.825 W/InputDispatcher( 1631): Attempted to unregister already unregistered input channel 'dbdb8e8 com.evancharlton.mileage/com.evancharlton.mileage.Mileage (server)'
06-06 17:46:22.828 I/art     (18122): Not late-enabling -Xcheck:jni (already on)
06-06 17:46:22.828 W/art     (18122): Unexpected CPU variant for X86 using defaults: x86
06-06 17:46:22.836 I/ActivityManager( 1631): Start proc 18122:com.evancharlton.mileage/u0a728 for added application com.evancharlton.mileage
06-06 17:46:22.836 D/AndroidRuntime(18112): Shutting down VM
06-06 17:46:22.837 D/EGL_emulation( 1713): eglMakeCurrent: 0xa6a85780: ver 2 0 (tinfo 0xa6a83640)
06-06 17:46:22.840 D/EGL_emulation( 1713): eglMakeCurrent: 0xa6a85780: ver 2 0 (tinfo 0xa6a83640)
06-06 17:46:22.842 W/System  (18122): ClassLoader referenced unknown path: /data/app/com.evancharlton.mileage.test-1/lib/x86
06-06 17:46:22.842 W/System  (18122): ClassLoader referenced unknown path: /data/app/com.evancharlton.mileage-1/lib/x86
06-06 17:46:22.844 W/System  (18122): ClassLoader referenced unknown path: 
06-06 17:46:22.847 I/System.out(18122): Main activity name automatically set to: com.evancharlton.mileage.Mileage
06-06 17:46:22.848 I/System.out(18122): Calabash did not load Mono. This is only a problem if you are trying to test a Mono application
06-06 17:46:22.848 I/calabash(18122): Test server port: 7102
06-06 17:46:22.848 D/EGL_emulation( 1713): eglMakeCurrent: 0xa6a85780: ver 2 0 (tinfo 0xa6a83640)
06-06 17:46:22.848 I/InstrumentationBackend(18122): Added:'GetPreferences', with key:'get_preferences'
06-06 17:46:22.849 D/EGL_emulation( 1713): eglMakeCurrent: 0xa6a85780: ver 2 0 (tinfo 0xa6a83640)
06-06 17:46:22.852 I/InstrumentationBackend(18122): Added:'SetPreferences', with key:'set_preferences'
06-06 17:46:22.852 I/InstrumentationBackend(18122): Added:'ClearPreferences', with key:'clear_preferences'
06-06 17:46:22.852 I/InstrumentationBackend(18122): Added:'PressElement', with key:'press_l10n_element'
06-06 17:46:22.852 I/InstrumentationBackend(18122): Added:'WaitForElement', with key:'wait_for_l10n_element'
06-06 17:46:22.853 I/InstrumentationBackend(18122): Added:'NullAction', with key:'nullAction'
06-06 17:46:22.853 I/InstrumentationBackend(18122): Added:'PressKey', with key:'press_key'
06-06 17:46:22.853 I/InstrumentationBackend(18122): Added:'SetActivityOrientation', with key:'set_activity_orientation'
06-06 17:46:22.853 I/InstrumentationBackend(18122): Added:'GetActivityOrientation', with key:'get_activity_orientation'
06-06 17:46:22.853 I/InstrumentationBackend(18122): Added:'FakeGPSLocation', with key:'set_gps_coordinates'
06-06 17:46:22.853 I/InstrumentationBackend(18122): Added:'SetPropertyByCssSelector', with key:'set_property_by_css_selector'
06-06 17:46:22.853 I/InstrumentationBackend(18122): Added:'GetUrl', with key:'get_url'
06-06 17:46:22.853 I/InstrumentationBackend(18122): Added:'ScrollTo', with key:'scroll_to'
06-06 17:46:22.853 I/InstrumentationBackend(18122): Added:'GetLoadProgress', with key:'get_load_progress'
06-06 17:46:22.853 I/InstrumentationBackend(18122): Added:'DumpHtml', with key:'dump_html'
06-06 17:46:22.853 I/InstrumentationBackend(18122): Added:'DumpBodyHtml', with key:'dump_body_html'
06-06 17:46:22.853 I/InstrumentationBackend(18122): Added:'EnterTextByCssSelector', with key:'enter_text_by_selector'
06-06 17:46:22.854 I/InstrumentationBackend(18122): Added:'AndroidSDKVersion', with key:'android_sdk_version'
06-06 17:46:22.854 I/InstrumentationBackend(18122): Added:'Version', with key:'version'
06-06 17:46:22.854 I/InstrumentationBackend(18122): Added:'Drag', with key:'drag'
06-06 17:46:22.854 I/InstrumentationBackend(18122): Added:'TouchCoordinates', with key:'touch_coordinate'
06-06 17:46:22.854 I/InstrumentationBackend(18122): Added:'LongPressCoordinate', with key:'long_press_coordinate'
06-06 17:46:22.854 I/InstrumentationBackend(18122): Added:'DragCoordinates', with key:'drag_coordinates'
06-06 17:46:22.854 I/InstrumentationBackend(18122): Added:'ResumeApplication', with key:'resume_application'
06-06 17:46:22.854 I/InstrumentationBackend(18122): Added:'Swipe', with key:'swipe'
06-06 17:46:22.854 I/InstrumentationBackend(18122): Added:'DoubleTapCoordinate', with key:'double_tap_coordinate'
06-06 17:46:22.854 I/InstrumentationBackend(18122): Added:'ClickOnScreen', with key:'click_on_screen'
06-06 17:46:22.854 I/InstrumentationBackend(18122): Added:'GetActivityName', with key:'get_activity_name'
06-06 17:46:22.854 I/InstrumentationBackend(18122): Added:'ScrollToView', with key:'scroll_to_view'
06-06 17:46:22.854 I/InstrumentationBackend(18122): Added:'ViewConfiguration', with key:'view_configuration'
06-06 17:46:22.854 I/InstrumentationBackend(18122): Added:'IsCurrentActivityFocused', with key:'is_current_activity_focused'
06-06 17:46:22.855 I/InstrumentationBackend(18122): Added:'SendTcp', with key:'send_tcp'
06-06 17:46:22.855 I/InstrumentationBackend(18122): Added:'DpToDevicePixel', with key:'dp_to_device_pixel'
06-06 17:46:22.855 I/InstrumentationBackend(18122): Added:'KeyboardEnterText', with key:'keyboard_enter_text'
06-06 17:46:22.855 I/InstrumentationBackend(18122): Added:'DeleteSurroundingText', with key:'delete_surrounding_text'
06-06 17:46:22.855 I/InstrumentationBackend(18122): Added:'SetComposingRegion', with key:'set_composing_region'
06-06 17:46:22.855 I/InstrumentationBackend(18122): Added:'SetSelection', with key:'set_selection'
06-06 17:46:22.855 I/InstrumentationBackend(18122): Added:'KeyboardKeyEvent', with key:'keyboard_key_event'
06-06 17:46:22.855 I/InstrumentationBackend(18122): Added:'PressUserActionButton', with key:'press_user_action_button'
06-06 17:46:22.855 I/InstrumentationBackend(18122): Added:'HideSoftKeyboard', with key:'hide_soft_keyboard'
06-06 17:46:22.855 I/InstrumentationBackend(18122): Added:'ListActions', with key:'list_actions'
06-06 17:46:22.855 I/calabash(18122): Instantiating http server at 7102
06-06 17:46:22.856 I/System.out(18122): HTTP Daemon listening on: 7102
06-06 17:46:22.866 D/EGL_emulation( 1713): eglMakeCurrent: 0xa6a85780: ver 2 0 (tinfo 0xa6a83640)
06-06 17:46:22.881 D/EGL_emulation( 1713): eglMakeCurrent: 0xa6a85780: ver 2 0 (tinfo 0xa6a83640)
06-06 17:46:22.883 D/EGL_emulation( 1713): eglMakeCurrent: 0xa6a85780: ver 2 0 (tinfo 0xa6a83640)
06-06 17:46:22.951 I/System.out(18122): URI: //ping
06-06 17:46:22.951 I/System.out(18122): params: {json={}
06-06 17:46:22.951 I/System.out(18122): }
06-06 17:46:22.958 I/System.out(18122): URI: //ping
06-06 17:46:22.958 I/System.out(18122): params: {json={}
06-06 17:46:22.958 I/System.out(18122): }
06-06 17:46:22.967 I/System.out(18122): URI: //ready
06-06 17:46:22.967 I/System.out(18122): params: {json={}
06-06 17:46:22.967 I/System.out(18122): }
06-06 17:46:22.975 I/System.out(18122): URI: //
06-06 17:46:22.976 I/System.out(18122): params: {json={"command":"version","arguments":[]}
06-06 17:46:22.976 I/System.out(18122): }
06-06 17:46:22.976 I/System.out(18122): header: {content-type=application/json;charset=utf-8, date=Sat, 06 Jun 2020 22:46:23 GMT, accept=*/*, host=127.0.0.1:34784, content-length=36, user-agent=HTTPClient/1.0 (2.8.3, ruby 2.5.1 (2018-03-29))}
06-06 17:46:22.976 I/System.out(18122): params: {json={"command":"version","arguments":[]}
06-06 17:46:22.976 I/System.out(18122): }
06-06 17:46:22.976 I/System.out(18122): ProP json = {"command":"version","arguments":[]}
06-06 17:46:22.976 I/System.out(18122): files: {}
06-06 17:46:22.976 I/System.out(18122): command: {"command":"version","arguments":[]}
06-06 17:46:22.991 I/InstrumentationBackend(18122): Got command:'Command:'Line:null,version', arguments:'[]'
06-06 17:46:23.020 I/System.out(18122): result:{"bonusInformation":[],"message":"0.9.8","success":true}
06-06 17:46:23.028 I/System.out(18122): URI: //start-application
06-06 17:46:23.028 I/System.out(18122): params: {json={"intent":null}
06-06 17:46:23.028 I/System.out(18122): }
06-06 17:46:23.068 I/ActivityManager( 1631): START u0 {act=android.intent.action.MAIN cat=[android.intent.category.LAUNCHER] flg=0x10200000 cmp=com.evancharlton.mileage/.Mileage} from uid 10728 on display 0
06-06 17:46:23.082 I/WindowManager( 1631): Destroying surface Surface(name=com.evancharlton.mileage/com.evancharlton.mileage.Mileage) called by com.android.server.wm.WindowStateAnimator.destroySurface:2016 com.android.server.wm.WindowStateAnimator.destroySurfaceLocked:882 com.android.server.wm.WindowState.removeLocked:1456 com.android.server.wm.WindowManagerService.removeWindowInnerLocked:2484 com.android.server.wm.AppWindowToken.destroySurfaces:365 com.android.server.wm.WindowStateAnimator.finishExit:565 com.android.server.wm.AppWindowAnimator.stepAnimationLocked:427 com.android.server.wm.WindowAnimator.updateAppWindowsLocked:196 
06-06 17:46:23.089 I/calabash(18122): newActivity1
06-06 17:46:23.099 D/gralloc_ranchu( 1348): gralloc_alloc: Creating ashmem region of size 9023488
06-06 17:46:23.116 I/calabash(18122): newActivity1
06-06 17:46:23.118 W/ActivityManager( 1631): Bad activity token: android.os.BinderProxy@6caec9f
06-06 17:46:23.118 W/ActivityManager( 1631): java.lang.ClassCastException: android.os.BinderProxy cannot be cast to com.android.server.am.ActivityRecord$Token
06-06 17:46:23.118 W/ActivityManager( 1631): 	at com.android.server.am.ActivityRecord.forTokenLocked(ActivityRecord.java:586)
06-06 17:46:23.118 W/ActivityManager( 1631): 	at com.android.server.am.ActivityRecord.isInStackLocked(ActivityRecord.java:1327)
06-06 17:46:23.118 W/ActivityManager( 1631): 	at com.android.server.am.ActivityRecord.getStackLocked(ActivityRecord.java:1332)
06-06 17:46:23.118 W/ActivityManager( 1631): 	at com.android.server.am.ActivityManagerService.getActivityDisplayId(ActivityManagerService.java:9806)
06-06 17:46:23.118 W/ActivityManager( 1631): 	at android.app.ActivityManagerNative.onTransact(ActivityManagerNative.java:2566)
06-06 17:46:23.118 W/ActivityManager( 1631): 	at com.android.server.am.ActivityManagerService.onTransact(ActivityManagerService.java:2757)
06-06 17:46:23.118 W/ActivityManager( 1631): 	at android.os.Binder.execTransact(Binder.java:565)
06-06 17:46:23.120 W/ActivityManager( 1631): Bad activity token: android.os.BinderProxy@6caec9f
06-06 17:46:23.120 W/ActivityManager( 1631): java.lang.ClassCastException: android.os.BinderProxy cannot be cast to com.android.server.am.ActivityRecord$Token
06-06 17:46:23.120 W/ActivityManager( 1631): 	at com.android.server.am.ActivityRecord.forTokenLocked(ActivityRecord.java:586)
06-06 17:46:23.120 W/ActivityManager( 1631): 	at com.android.server.am.ActivityRecord.isInStackLocked(ActivityRecord.java:1327)
06-06 17:46:23.120 W/ActivityManager( 1631): 	at com.android.server.am.ActivityManagerService.setTaskDescription(ActivityManagerService.java:9358)
06-06 17:46:23.120 W/ActivityManager( 1631): 	at android.app.ActivityManagerNative.onTransact(ActivityManagerNative.java:2639)
06-06 17:46:23.120 W/ActivityManager( 1631): 	at com.android.server.am.ActivityManagerService.onTransact(ActivityManagerService.java:2757)
06-06 17:46:23.120 W/ActivityManager( 1631): 	at android.os.Binder.execTransact(Binder.java:565)
06-06 17:46:23.121 W/ActivityManager( 1631): Bad activity token: android.os.BinderProxy@6caec9f
06-06 17:46:23.121 W/ActivityManager( 1631): java.lang.ClassCastException: android.os.BinderProxy cannot be cast to com.android.server.am.ActivityRecord$Token
06-06 17:46:23.121 W/ActivityManager( 1631): 	at com.android.server.am.ActivityRecord.forTokenLocked(ActivityRecord.java:586)
06-06 17:46:23.121 W/ActivityManager( 1631): 	at com.android.server.am.ActivityRecord.isInStackLocked(ActivityRecord.java:1327)
06-06 17:46:23.121 W/ActivityManager( 1631): 	at com.android.server.am.ActivityRecord.getStackLocked(ActivityRecord.java:1332)
06-06 17:46:23.121 W/ActivityManager( 1631): 	at com.android.server.am.ActivityManagerService.getActivityStackId(ActivityManagerService.java:9817)
06-06 17:46:23.121 W/ActivityManager( 1631): 	at android.app.ActivityManagerNative.onTransact(ActivityManagerNative.java:2856)
06-06 17:46:23.121 W/ActivityManager( 1631): 	at com.android.server.am.ActivityManagerService.onTransact(ActivityManagerService.java:2757)
06-06 17:46:23.121 W/ActivityManager( 1631): 	at android.os.Binder.execTransact(Binder.java:565)
06-06 17:46:23.141 V/PhoneStatusBar( 1713): setLightsOn(true)
06-06 17:46:23.144 W/ActivityManager( 1631): Bad activity token: android.os.BinderProxy@6caec9f
06-06 17:46:23.144 W/ActivityManager( 1631): java.lang.ClassCastException: android.os.BinderProxy cannot be cast to com.android.server.am.ActivityRecord$Token
06-06 17:46:23.144 W/ActivityManager( 1631): 	at com.android.server.am.ActivityRecord.forTokenLocked(ActivityRecord.java:586)
06-06 17:46:23.144 W/ActivityManager( 1631): 	at com.android.server.am.ActivityRecord.isInStackLocked(ActivityRecord.java:1327)
06-06 17:46:23.144 W/ActivityManager( 1631): 	at com.android.server.am.ActivityManagerService.getActivityOptions(ActivityManagerService.java:12559)
06-06 17:46:23.144 W/ActivityManager( 1631): 	at android.app.ActivityManagerNative.onTransact(ActivityManagerNative.java:1933)
06-06 17:46:23.144 W/ActivityManager( 1631): 	at com.android.server.am.ActivityManagerService.onTransact(ActivityManagerService.java:2757)
06-06 17:46:23.144 W/ActivityManager( 1631): 	at android.os.Binder.execTransact(Binder.java:565)
06-06 17:46:23.145 W/ActivityManager( 1631): Bad activity token: android.os.BinderProxy@6caec9f
06-06 17:46:23.145 W/ActivityManager( 1631): java.lang.ClassCastException: android.os.BinderProxy cannot be cast to com.android.server.am.ActivityRecord$Token
06-06 17:46:23.145 W/ActivityManager( 1631): 	at com.android.server.am.ActivityRecord.forTokenLocked(ActivityRecord.java:586)
06-06 17:46:23.145 W/ActivityManager( 1631): 	at com.android.server.am.ActivityRecord.isInStackLocked(ActivityRecord.java:1327)
06-06 17:46:23.145 W/ActivityManager( 1631): 	at com.android.server.am.ActivityManagerService.getActivityOptions(ActivityManagerService.java:12559)
06-06 17:46:23.145 W/ActivityManager( 1631): 	at android.app.ActivityManagerNative.onTransact(ActivityManagerNative.java:1933)
06-06 17:46:23.145 W/ActivityManager( 1631): 	at com.android.server.am.ActivityManagerService.onTransact(ActivityManagerService.java:2757)
06-06 17:46:23.145 W/ActivityManager( 1631): 	at android.os.Binder.execTransact(Binder.java:565)
06-06 17:46:23.149 D/EGL_emulation( 2106): eglMakeCurrent: 0xa6a85300: ver 2 0 (tinfo 0xa6a83220)
06-06 17:46:23.152 D/EGL_emulation( 1713): eglMakeCurrent: 0xa6a85780: ver 2 0 (tinfo 0xa6a83640)
06-06 17:46:23.165 D/EGL_emulation( 1713): eglMakeCurrent: 0xa6a85780: ver 2 0 (tinfo 0xa6a83640)
06-06 17:46:23.168 D/EGL_emulation( 1713): eglMakeCurrent: 0xa6a85780: ver 2 0 (tinfo 0xa6a83640)
06-06 17:46:23.182 D/EGL_emulation( 1713): eglMakeCurrent: 0xa6a85780: ver 2 0 (tinfo 0xa6a83640)
06-06 17:46:23.184 D/EGL_emulation( 1713): eglMakeCurrent: 0xa6a85780: ver 2 0 (tinfo 0xa6a83640)
06-06 17:46:23.184 D/gralloc_ranchu( 1348): gralloc_alloc: Creating ashmem region of size 9023488
06-06 17:46:23.190 D/        (18122): HostConnection::get() New Host Connection established 0x95429540, tid 18122
06-06 17:46:23.242 D/EGL_emulation( 1713): eglMakeCurrent: 0xa6a85780: ver 2 0 (tinfo 0xa6a83640)
06-06 17:46:23.245 D/EGL_emulation( 1713): eglMakeCurrent: 0xa6a85780: ver 2 0 (tinfo 0xa6a83640)
06-06 17:46:23.245 V/PhoneStatusBar( 1713): setLightsOn(true)
06-06 17:46:23.248 D/EGL_emulation( 1713): eglMakeCurrent: 0xa6a85780: ver 2 0 (tinfo 0xa6a83640)
06-06 17:46:23.250 D/EGL_emulation( 1713): eglMakeCurrent: 0xa6a85780: ver 2 0 (tinfo 0xa6a83640)
06-06 17:46:23.265 D/EGL_emulation( 1713): eglMakeCurrent: 0xa6a85780: ver 2 0 (tinfo 0xa6a83640)
06-06 17:46:23.266 D/EGL_emulation( 1713): eglMakeCurrent: 0xa6a85780: ver 2 0 (tinfo 0xa6a83640)
06-06 17:46:23.281 D/gralloc_ranchu( 1348): gralloc_alloc: Creating ashmem region of size 9023488
06-06 17:46:23.282 D/EGL_emulation( 1713): eglMakeCurrent: 0xa6a85780: ver 2 0 (tinfo 0xa6a83640)
06-06 17:46:23.282 I/ActivityManager( 1631): Displayed com.evancharlton.mileage/.Mileage: +203ms
06-06 17:46:23.302 D/EGL_emulation( 1713): eglMakeCurrent: 0xa6a85780: ver 2 0 (tinfo 0xa6a83640)
06-06 17:46:23.303 V/PhoneStatusBar( 1713): setLightsOn(true)
06-06 17:46:23.304 D/EGL_emulation( 1713): eglMakeCurrent: 0xa6a85780: ver 2 0 (tinfo 0xa6a83640)
06-06 17:46:23.318 D/EGL_emulation( 1713): eglMakeCurrent: 0xa6a85780: ver 2 0 (tinfo 0xa6a83640)
06-06 17:46:23.320 D/EGL_emulation( 1713): eglMakeCurrent: 0xa6a85780: ver 2 0 (tinfo 0xa6a83640)
06-06 17:46:23.323 D/EGL_emulation( 1713): eglMakeCurrent: 0xa6a85780: ver 2 0 (tinfo 0xa6a83640)
06-06 17:46:23.324 V/PhoneStatusBar( 1713): setLightsOn(true)
06-06 17:46:23.338 D/EGL_emulation( 1713): eglMakeCurrent: 0xa6a85780: ver 2 0 (tinfo 0xa6a83640)
06-06 17:46:23.340 D/EGL_emulation( 1713): eglMakeCurrent: 0xa6a85780: ver 2 0 (tinfo 0xa6a83640)
06-06 17:46:23.348 D/EGL_emulation( 1713): eglMakeCurrent: 0xa6a85780: ver 2 0 (tinfo 0xa6a83640)
06-06 17:46:23.350 D/EGL_emulation( 1713): eglMakeCurrent: 0xa6a85780: ver 2 0 (tinfo 0xa6a83640)
06-06 17:46:23.355 I/System.out(18122): URI: //map
06-06 17:46:23.355 I/System.out(18122): params: {json={"query":"* marked:'Vehicles'","operation":{"method_name":"query","arguments":[]}}
06-06 17:46:23.355 I/System.out(18122): }
06-06 17:46:23.365 D/EGL_emulation( 1713): eglMakeCurrent: 0xa6a85780: ver 2 0 (tinfo 0xa6a83640)
06-06 17:46:23.372 W/ResourceType(18122): No package identifier when getting name for resource number 0x00000001
06-06 17:46:23.388 I/System.out(18122): URI: //gesture
06-06 17:46:23.388 I/System.out(18122): params: {json={"query_timeout":5.0,"gestures":[{"query_string":"* marked:'Vehicles'","touches":[{"x":50,"y":50,"offset_x":0,"offset_y":0,"wait":0.0,"time":0.2,"release":true,"query_string":null}]}]}
06-06 17:46:23.388 I/System.out(18122): }
06-06 17:46:23.393 W/ResourceType(18122): No package identifier when getting name for resource number 0x00000001
06-06 17:46:23.481 I/WindowManager( 1631): Destroying surface Surface(name=Starting com.evancharlton.mileage) called by com.android.server.wm.WindowStateAnimator.destroySurface:2016 com.android.server.wm.WindowStateAnimator.destroySurfaceLocked:882 com.android.server.wm.WindowState.destroyOrSaveSurface:2100 com.android.server.wm.AppWindowToken.destroySurfaces:363 com.android.server.wm.WindowStateAnimator.finishExit:565 com.android.server.wm.WindowStateAnimator.stepAnimationLocked:491 com.android.server.wm.WindowAnimator.updateWindowsLocked:303 com.android.server.wm.WindowAnimator.animateLocked:704 
06-06 17:46:23.483 V/PhoneStatusBar( 1713): setLightsOn(true)
06-06 17:46:23.517 V/PhoneStatusBar( 1713): setLightsOn(true)
06-06 17:46:23.616 V/PhoneStatusBar( 1713): setLightsOn(true)
06-06 17:46:23.624 I/calabash(18122): newActivity1
06-06 17:46:23.626 W/ActivityManager( 1631): Bad activity token: android.os.BinderProxy@7d8a3a1
06-06 17:46:23.626 W/ActivityManager( 1631): java.lang.ClassCastException: android.os.BinderProxy cannot be cast to com.android.server.am.ActivityRecord$Token
06-06 17:46:23.626 W/ActivityManager( 1631): 	at com.android.server.am.ActivityRecord.forTokenLocked(ActivityRecord.java:586)
06-06 17:46:23.626 W/ActivityManager( 1631): 	at com.android.server.am.ActivityRecord.isInStackLocked(ActivityRecord.java:1327)
06-06 17:46:23.626 W/ActivityManager( 1631): 	at com.android.server.am.ActivityRecord.getStackLocked(ActivityRecord.java:1332)
06-06 17:46:23.626 W/ActivityManager( 1631): 	at com.android.server.am.ActivityManagerService.getActivityDisplayId(ActivityManagerService.java:9806)
06-06 17:46:23.626 W/ActivityManager( 1631): 	at android.app.ActivityManagerNative.onTransact(ActivityManagerNative.java:2566)
06-06 17:46:23.626 W/ActivityManager( 1631): 	at com.android.server.am.ActivityManagerService.onTransact(ActivityManagerService.java:2757)
06-06 17:46:23.626 W/ActivityManager( 1631): 	at android.os.Binder.execTransact(Binder.java:565)
06-06 17:46:23.630 W/ActivityManager( 1631): Bad activity token: android.os.BinderProxy@7d8a3a1
06-06 17:46:23.630 W/ActivityManager( 1631): java.lang.ClassCastException: android.os.BinderProxy cannot be cast to com.android.server.am.ActivityRecord$Token
06-06 17:46:23.630 W/ActivityManager( 1631): 	at com.android.server.am.ActivityRecord.forTokenLocked(ActivityRecord.java:586)
06-06 17:46:23.630 W/ActivityManager( 1631): 	at com.android.server.am.ActivityRecord.isInStackLocked(ActivityRecord.java:1327)
06-06 17:46:23.630 W/ActivityManager( 1631): 	at com.android.server.am.ActivityManagerService.setTaskDescription(ActivityManagerService.java:9358)
06-06 17:46:23.630 W/ActivityManager( 1631): 	at android.app.ActivityManagerNative.onTransact(ActivityManagerNative.java:2639)
06-06 17:46:23.630 W/ActivityManager( 1631): 	at com.android.server.am.ActivityManagerService.onTransact(ActivityManagerService.java:2757)
06-06 17:46:23.630 W/ActivityManager( 1631): 	at android.os.Binder.execTransact(Binder.java:565)
06-06 17:46:23.631 W/ActivityManager( 1631): Bad activity token: android.os.BinderProxy@7d8a3a1
06-06 17:46:23.631 W/ActivityManager( 1631): java.lang.ClassCastException: android.os.BinderProxy cannot be cast to com.android.server.am.ActivityRecord$Token
06-06 17:46:23.631 W/ActivityManager( 1631): 	at com.android.server.am.ActivityRecord.forTokenLocked(ActivityRecord.java:586)
06-06 17:46:23.631 W/ActivityManager( 1631): 	at com.android.server.am.ActivityRecord.isInStackLocked(ActivityRecord.java:1327)
06-06 17:46:23.631 W/ActivityManager( 1631): 	at com.android.server.am.ActivityRecord.getStackLocked(ActivityRecord.java:1332)
06-06 17:46:23.631 W/ActivityManager( 1631): 	at com.android.server.am.ActivityManagerService.getActivityStackId(ActivityManagerService.java:9817)
06-06 17:46:23.631 W/ActivityManager( 1631): 	at android.app.ActivityManagerNative.onTransact(ActivityManagerNative.java:2856)
06-06 17:46:23.631 W/ActivityManager( 1631): 	at com.android.server.am.ActivityManagerService.onTransact(ActivityManagerService.java:2757)
06-06 17:46:23.631 W/ActivityManager( 1631): 	at android.os.Binder.execTransact(Binder.java:565)
06-06 17:46:23.646 W/ActivityManager( 1631): Bad activity token: android.os.BinderProxy@7d8a3a1
06-06 17:46:23.646 W/ActivityManager( 1631): java.lang.ClassCastException: android.os.BinderProxy cannot be cast to com.android.server.am.ActivityRecord$Token
06-06 17:46:23.646 W/ActivityManager( 1631): 	at com.android.server.am.ActivityRecord.forTokenLocked(ActivityRecord.java:586)
06-06 17:46:23.646 W/ActivityManager( 1631): 	at com.android.server.am.ActivityRecord.isInStackLocked(ActivityRecord.java:1327)
06-06 17:46:23.646 W/ActivityManager( 1631): 	at com.android.server.am.ActivityManagerService.getActivityOptions(ActivityManagerService.java:12559)
06-06 17:46:23.646 W/ActivityManager( 1631): 	at android.app.ActivityManagerNative.onTransact(ActivityManagerNative.java:1933)
06-06 17:46:23.646 W/ActivityManager( 1631): 	at com.android.server.am.ActivityManagerService.onTransact(ActivityManagerService.java:2757)
06-06 17:46:23.646 W/ActivityManager( 1631): 	at android.os.Binder.execTransact(Binder.java:565)
06-06 17:46:23.647 W/ActivityManager( 1631): Bad activity token: android.os.BinderProxy@7d8a3a1
06-06 17:46:23.647 W/ActivityManager( 1631): java.lang.ClassCastException: android.os.BinderProxy cannot be cast to com.android.server.am.ActivityRecord$Token
06-06 17:46:23.647 W/ActivityManager( 1631): 	at com.android.server.am.ActivityRecord.forTokenLocked(ActivityRecord.java:586)
06-06 17:46:23.647 W/ActivityManager( 1631): 	at com.android.server.am.ActivityRecord.isInStackLocked(ActivityRecord.java:1327)
06-06 17:46:23.647 W/ActivityManager( 1631): 	at com.android.server.am.ActivityManagerService.getActivityOptions(ActivityManagerService.java:12559)
06-06 17:46:23.647 W/ActivityManager( 1631): 	at android.app.ActivityManagerNative.onTransact(ActivityManagerNative.java:1933)
06-06 17:46:23.647 W/ActivityManager( 1631): 	at com.android.server.am.ActivityManagerService.onTransact(ActivityManagerService.java:2757)
06-06 17:46:23.647 W/ActivityManager( 1631): 	at android.os.Binder.execTransact(Binder.java:565)
06-06 17:46:23.679 I/System.out(18122): URI: //map
06-06 17:46:23.679 I/System.out(18122): params: {json={"query":"* marked:'Javier Vehicle'","operation":{"method_name":"query","arguments":[]}}
06-06 17:46:23.679 I/System.out(18122): }
06-06 17:46:23.758 W/ResourceType(18122): No package identifier when getting name for resource number 0x00000001
06-06 17:46:23.785 I/System.out(18122): URI: //gesture
06-06 17:46:23.785 I/System.out(18122): params: {json={"query_timeout":5.0,"gestures":[{"query_string":"* marked:'Javier Vehicle'","touches":[{"x":50,"y":50,"offset_x":0,"offset_y":0,"wait":0.0,"time":0.2,"release":true,"query_string":null}]}]}
06-06 17:46:23.785 I/System.out(18122): }
06-06 17:46:23.789 I/art     (18122): Do partial code cache collection, code=30KB, data=29KB
06-06 17:46:23.790 I/art     (18122): After code cache collection, code=29KB, data=28KB
06-06 17:46:23.790 I/art     (18122): Increasing code cache capacity to 128KB
06-06 17:46:23.796 W/ResourceType(18122): No package identifier when getting name for resource number 0x00000001
06-06 17:46:23.898 W/OpenGLRenderer( 2106): Incorrectly called buildLayer on View: ShortcutAndWidgetContainer, destroying layer...
06-06 17:46:23.898 V/PhoneStatusBar( 1713): setLightsOn(true)
06-06 17:46:23.899 V/PhoneStatusBar( 1713): setLightsOn(true)
06-06 17:46:23.915 I/WindowManager( 1631): Destroying surface Surface(name=com.android.launcher3/com.android.launcher3.Launcher) called by com.android.server.wm.WindowStateAnimator.destroySurface:2016 com.android.server.wm.WindowStateAnimator.destroySurfaceLocked:882 com.android.server.wm.WindowState.destroyOrSaveSurface:2100 com.android.server.wm.AppWindowToken.destroySurfaces:363 com.android.server.wm.AppWindowToken.notifyAppStopped:389 com.android.server.wm.WindowManagerService.notifyAppStopped:4463 com.android.server.am.ActivityStack.activityStoppedLocked:1252 com.android.server.am.ActivityManagerService.activityStopped:6903 
06-06 17:46:23.916 V/PhoneStatusBar( 1713): setLightsOn(true)
06-06 17:46:23.946 D/gralloc_ranchu( 1348): gralloc_alloc: Creating ashmem region of size 9023488
06-06 17:46:24.078 I/System.out(18122): URI: //gesture
06-06 17:46:24.078 I/System.out(18122): params: {json={"query_timeout":5.0,"gestures":[{"query_string":"android.widget.EditText index:1","touches":[{"x":50,"y":50,"offset_x":0,"offset_y":0,"wait":0.0,"time":0.2,"release":true,"query_string":null}]}]}
06-06 17:46:24.078 I/System.out(18122): }
06-06 17:46:24.135 I/ActivityManager( 1631): START u0 {cmp=com.evancharlton.mileage/.VehicleActivity (has extras)} from uid 10728 on display 0
06-06 17:46:24.136 V/PhoneStatusBar( 1713): setLightsOn(true)
06-06 17:46:24.137 V/PhoneStatusBar( 1713): setLightsOn(true)
06-06 17:46:24.183 I/calabash(18122): newActivity1
06-06 17:46:24.215 V/PhoneStatusBar( 1713): setLightsOn(true)
06-06 17:46:24.218 D/gralloc_ranchu( 1348): gralloc_alloc: Creating ashmem region of size 9023488
06-06 17:46:24.232 V/PhoneStatusBar( 1713): setLightsOn(true)
06-06 17:46:24.248 V/PhoneStatusBar( 1713): setLightsOn(true)
06-06 17:46:24.251 W/InputMethodService( 1699): Window size has been changed. This may cause jankiness of resizing window: -1 -> -2
06-06 17:46:24.252 D/gralloc_ranchu( 1348): gralloc_alloc: Creating ashmem region of size 9023488
06-06 17:46:24.261 I/LatinIME( 1699): Starting input. Cursor position = 0,0
06-06 17:46:24.265 I/ActivityManager( 1631): Displayed com.evancharlton.mileage/.VehicleActivity: +84ms
06-06 17:46:24.265 V/PhoneStatusBar( 1713): setLightsOn(true)
06-06 17:46:24.281 V/PhoneStatusBar( 1713): setLightsOn(true)
06-06 17:46:24.315 V/PhoneStatusBar( 1713): setLightsOn(true)
06-06 17:46:24.332 V/PhoneStatusBar( 1713): setLightsOn(true)
06-06 17:46:24.349 D/EGL_emulation( 1699): eglMakeCurrent: 0xa6a85240: ver 2 0 (tinfo 0xa6a83470)
06-06 17:46:24.350 D/EGL_emulation( 1713): eglMakeCurrent: 0xa6a85780: ver 2 0 (tinfo 0xa6a83640)
06-06 17:46:24.350 V/PhoneStatusBar( 1713): setLightsOn(true)
06-06 17:46:24.365 D/EGL_emulation( 1713): eglMakeCurrent: 0xa6a85780: ver 2 0 (tinfo 0xa6a83640)
06-06 17:46:24.365 V/PhoneStatusBar( 1713): setLightsOn(true)
06-06 17:46:24.381 V/PhoneStatusBar( 1713): setLightsOn(true)
06-06 17:46:24.485 V/PhoneStatusBar( 1713): setLightsOn(true)
06-06 17:46:24.587 V/PhoneStatusBar( 1713): setLightsOn(true)
06-06 17:46:24.618 V/PhoneStatusBar( 1713): setLightsOn(true)
06-06 17:46:24.622 V/PhoneStatusBar( 1713): setLightsOn(true)
06-06 17:46:24.634 V/PhoneStatusBar( 1713): setLightsOn(true)
06-06 17:46:24.635 I/WindowManager( 1631): Destroying surface Surface(name=com.evancharlton.mileage/com.evancharlton.mileage.Mileage) called by com.android.server.wm.WindowStateAnimator.destroySurface:2016 com.android.server.wm.WindowStateAnimator.destroySurfaceLocked:882 com.android.server.wm.WindowState.destroyOrSaveSurface:2100 com.android.server.wm.WindowManagerService.tryStartExitingAnimation:3024 com.android.server.wm.WindowManagerService.relayoutWindow:2904 com.android.server.wm.Session.relayout:224 android.view.IWindowSession$Stub.onTransact:286 com.android.server.wm.Session.onTransact:145 
06-06 17:46:24.637 V/PhoneStatusBar( 1713): setLightsOn(true)
06-06 17:46:24.870 I/LatinIME( 1699): Starting input. Cursor position = 4,4
06-06 17:46:24.907 W/IInputConnectionWrapper(18122): finishComposingText on inactive InputConnection
06-06 17:46:24.907 W/IInputConnectionWrapper(18122): finishComposingText on inactive InputConnection
06-06 17:46:24.908 V/PhoneStatusBar( 1713): setLightsOn(true)
06-06 17:46:24.915 V/PhoneStatusBar( 1713): setLightsOn(true)
06-06 17:46:24.931 D/gralloc_ranchu( 1348): gralloc_alloc: Creating ashmem region of size 49152
06-06 17:46:24.934 V/PhoneStatusBar( 1713): setLightsOn(true)
06-06 17:46:24.935 V/PhoneStatusBar( 1713): setLightsOn(true)
06-06 17:46:24.940 V/PhoneStatusBar( 1713): setLightsOn(true)
06-06 17:46:24.949 V/PhoneStatusBar( 1713): setLightsOn(true)
06-06 17:46:24.950 V/PhoneStatusBar( 1713): setLightsOn(true)
06-06 17:46:25.048 V/PhoneStatusBar( 1713): setLightsOn(true)
06-06 17:46:25.378 I/System.out(18122): URI: //
06-06 17:46:25.378 I/System.out(18122): params: {json={"command":"set_selection","arguments":[-1,-1]}
06-06 17:46:25.378 I/System.out(18122): }
06-06 17:46:25.378 I/System.out(18122): header: {content-type=application/json;charset=utf-8, date=Sat, 06 Jun 2020 22:46:25 GMT, accept=*/*, host=127.0.0.1:34784, content-length=47, user-agent=HTTPClient/1.0 (2.8.3, ruby 2.5.1 (2018-03-29))}
06-06 17:46:25.378 I/System.out(18122): params: {json={"command":"set_selection","arguments":[-1,-1]}
06-06 17:46:25.378 I/System.out(18122): }
06-06 17:46:25.378 I/System.out(18122): ProP json = {"command":"set_selection","arguments":[-1,-1]}
06-06 17:46:25.378 I/System.out(18122): files: {}
06-06 17:46:25.378 I/System.out(18122): command: {"command":"set_selection","arguments":[-1,-1]}
06-06 17:46:25.382 I/InstrumentationBackend(18122): Got command:'Command:'Line:null,set_selection', arguments:'[-1, -1]'
06-06 17:46:25.431 I/System.out(18122): result:{"bonusInformation":[],"message":"","success":true}
06-06 17:46:25.489 D/gralloc_ranchu( 1348): gralloc_alloc: Creating ashmem region of size 9023488
06-06 17:46:25.536 I/System.out(18122): URI: //
06-06 17:46:25.536 I/System.out(18122): params: {json={"command":"delete_surrounding_text","arguments":[-1,0]}
06-06 17:46:25.536 I/System.out(18122): }
06-06 17:46:25.536 I/System.out(18122): header: {content-type=application/json;charset=utf-8, date=Sat, 06 Jun 2020 22:46:25 GMT, accept=*/*, host=127.0.0.1:34784, content-length=56, user-agent=HTTPClient/1.0 (2.8.3, ruby 2.5.1 (2018-03-29))}
06-06 17:46:25.536 I/System.out(18122): params: {json={"command":"delete_surrounding_text","arguments":[-1,0]}
06-06 17:46:25.536 I/System.out(18122): }
06-06 17:46:25.536 I/System.out(18122): ProP json = {"command":"delete_surrounding_text","arguments":[-1,0]}
06-06 17:46:25.536 I/System.out(18122): files: {}
06-06 17:46:25.536 I/System.out(18122): command: {"command":"delete_surrounding_text","arguments":[-1,0]}
06-06 17:46:25.537 I/InstrumentationBackend(18122): Got command:'Command:'Line:null,delete_surrounding_text', arguments:'[-1, 0]'
06-06 17:46:25.582 E/SpannableStringBuilder(18122): SPAN_EXCLUSIVE_EXCLUSIVE spans cannot have a zero length
06-06 17:46:25.582 E/SpannableStringBuilder(18122): SPAN_EXCLUSIVE_EXCLUSIVE spans cannot have a zero length
06-06 17:46:25.584 V/PhoneStatusBar( 1713): setLightsOn(true)
06-06 17:46:25.588 I/System.out(18122): result:{"bonusInformation":[],"message":"","success":true}
06-06 17:46:25.592 I/System.out(18122): URI: //map
06-06 17:46:25.592 I/System.out(18122): params: {json={"query":"android.widget.EditText index:1","operation":{"method_name":"query","arguments":[]}}
06-06 17:46:25.592 I/System.out(18122): }
06-06 17:46:25.666 I/System.out(18122): URI: //gesture
06-06 17:46:25.666 I/System.out(18122): params: {json={"query_timeout":5.0,"gestures":[{"query_string":"android.widget.EditText index:1","touches":[{"x":50,"y":50,"offset_x":0,"offset_y":0,"wait":0.0,"time":0.2,"release":true,"query_string":null}]}]}
06-06 17:46:25.666 I/System.out(18122): }
06-06 17:46:25.764 I/WindowManager( 1631): Destroying surface Surface(name=PopupWindow:ec34e99) called by com.android.server.wm.WindowStateAnimator.destroySurface:2016 com.android.server.wm.WindowStateAnimator.destroySurfaceLocked:882 com.android.server.wm.WindowState.destroyOrSaveSurface:2100 com.android.server.wm.AppWindowToken.destroySurfaces:363 com.android.server.wm.WindowStateAnimator.finishExit:565 com.android.server.wm.WindowStateAnimator.stepAnimationLocked:491 com.android.server.wm.WindowAnimator.updateWindowsLocked:303 com.android.server.wm.WindowAnimator.animateLocked:704 
06-06 17:46:25.765 V/PhoneStatusBar( 1713): setLightsOn(true)
06-06 17:46:25.767 V/PhoneStatusBar( 1713): setLightsOn(true)
06-06 17:46:26.460 I/System.out(18122): URI: //
06-06 17:46:26.460 I/System.out(18122): params: {json={"command":"set_selection","arguments":[-1,-1]}
06-06 17:46:26.460 I/System.out(18122): }
06-06 17:46:26.460 I/System.out(18122): header: {content-type=application/json;charset=utf-8, date=Sat, 06 Jun 2020 22:46:26 GMT, accept=*/*, host=127.0.0.1:34784, content-length=47, user-agent=HTTPClient/1.0 (2.8.3, ruby 2.5.1 (2018-03-29))}
06-06 17:46:26.460 I/System.out(18122): params: {json={"command":"set_selection","arguments":[-1,-1]}
06-06 17:46:26.460 I/System.out(18122): }
06-06 17:46:26.460 I/System.out(18122): ProP json = {"command":"set_selection","arguments":[-1,-1]}
06-06 17:46:26.460 I/System.out(18122): files: {}
06-06 17:46:26.460 I/System.out(18122): command: {"command":"set_selection","arguments":[-1,-1]}
06-06 17:46:26.465 I/InstrumentationBackend(18122): Got command:'Command:'Line:null,set_selection', arguments:'[-1, -1]'
06-06 17:46:26.474 I/System.out(18122): result:{"bonusInformation":[],"message":"","success":true}
06-06 17:46:26.499 I/System.out(18122): URI: //
06-06 17:46:26.499 I/System.out(18122): params: {json={"command":"keyboard_enter_text","arguments":["2017"]}
06-06 17:46:26.499 I/System.out(18122): }
06-06 17:46:26.499 I/System.out(18122): header: {content-type=application/json;charset=utf-8, date=Sat, 06 Jun 2020 22:46:26 GMT, accept=*/*, host=127.0.0.1:34784, content-length=54, user-agent=HTTPClient/1.0 (2.8.3, ruby 2.5.1 (2018-03-29))}
06-06 17:46:26.499 I/System.out(18122): params: {json={"command":"keyboard_enter_text","arguments":["2017"]}
06-06 17:46:26.499 I/System.out(18122): }
06-06 17:46:26.499 I/System.out(18122): ProP json = {"command":"keyboard_enter_text","arguments":["2017"]}
06-06 17:46:26.499 I/System.out(18122): files: {}
06-06 17:46:26.499 I/System.out(18122): command: {"command":"keyboard_enter_text","arguments":["2017"]}
06-06 17:46:26.501 I/InstrumentationBackend(18122): Got command:'Command:'Line:null,keyboard_enter_text', arguments:'[2017]'
06-06 17:46:26.501 E/SpannableStringBuilder(18122): SPAN_EXCLUSIVE_EXCLUSIVE spans cannot have a zero length
06-06 17:46:26.501 E/SpannableStringBuilder(18122): SPAN_EXCLUSIVE_EXCLUSIVE spans cannot have a zero length
06-06 17:46:26.502 E/SpannableStringBuilder(18122): SPAN_EXCLUSIVE_EXCLUSIVE spans cannot have a zero length
06-06 17:46:26.502 E/SpannableStringBuilder(18122): SPAN_EXCLUSIVE_EXCLUSIVE spans cannot have a zero length
06-06 17:46:26.506 I/System.out(18122): result:{"bonusInformation":[],"message":"","success":true}
06-06 17:46:26.509 I/System.out(18122): URI: //gesture
06-06 17:46:26.509 I/System.out(18122): params: {json={"query_timeout":5.0,"gestures":[{"query_string":"android.widget.EditText index:4","touches":[{"x":50,"y":50,"offset_x":0,"offset_y":0,"wait":0.0,"time":0.2,"release":true,"query_string":null}]}]}
06-06 17:46:26.509 I/System.out(18122): }
06-06 17:46:26.773 I/LatinIME( 1699): Starting input. Cursor position = 10,10
06-06 17:46:26.814 W/IInputConnectionWrapper(18122): finishComposingText on inactive InputConnection
06-06 17:46:26.815 V/PhoneStatusBar( 1713): setLightsOn(true)
06-06 17:46:26.832 V/PhoneStatusBar( 1713): setLightsOn(true)
06-06 17:46:26.848 D/gralloc_ranchu( 1348): gralloc_alloc: Creating ashmem region of size 49152
06-06 17:46:26.852 V/PhoneStatusBar( 1713): setLightsOn(true)
06-06 17:46:26.853 V/PhoneStatusBar( 1713): setLightsOn(true)
06-06 17:46:26.861 V/PhoneStatusBar( 1713): setLightsOn(true)
06-06 17:46:26.865 V/PhoneStatusBar( 1713): setLightsOn(true)
06-06 17:46:26.867 V/PhoneStatusBar( 1713): setLightsOn(true)
06-06 17:46:26.964 D/gralloc_ranchu( 1348): gralloc_alloc: Creating ashmem region of size 49152
06-06 17:46:26.966 V/PhoneStatusBar( 1713): setLightsOn(true)
06-06 17:46:27.281 I/System.out(18122): URI: //
06-06 17:46:27.281 I/System.out(18122): params: {json={"command":"set_selection","arguments":[-1,-1]}
06-06 17:46:27.281 I/System.out(18122): }
06-06 17:46:27.282 I/System.out(18122): header: {content-type=application/json;charset=utf-8, date=Sat, 06 Jun 2020 22:46:27 GMT, accept=*/*, host=127.0.0.1:34784, content-length=47, user-agent=HTTPClient/1.0 (2.8.3, ruby 2.5.1 (2018-03-29))}
06-06 17:46:27.282 I/System.out(18122): params: {json={"command":"set_selection","arguments":[-1,-1]}
06-06 17:46:27.282 I/System.out(18122): }
06-06 17:46:27.282 I/System.out(18122): ProP json = {"command":"set_selection","arguments":[-1,-1]}
06-06 17:46:27.282 I/System.out(18122): files: {}
06-06 17:46:27.282 I/System.out(18122): command: {"command":"set_selection","arguments":[-1,-1]}
06-06 17:46:27.287 I/InstrumentationBackend(18122): Got command:'Command:'Line:null,set_selection', arguments:'[-1, -1]'
06-06 17:46:27.300 I/System.out(18122): result:{"bonusInformation":[],"message":"","success":true}
06-06 17:46:27.348 W/audio_hw_generic( 1395): Not supplying enough data to HAL, expected position 306402102 , only wrote 305551440
06-06 17:46:27.407 I/System.out(18122): URI: //
06-06 17:46:27.407 I/System.out(18122): params: {json={"command":"delete_surrounding_text","arguments":[-1,0]}
06-06 17:46:27.407 I/System.out(18122): }
06-06 17:46:27.407 I/System.out(18122): header: {content-type=application/json;charset=utf-8, date=Sat, 06 Jun 2020 22:46:27 GMT, accept=*/*, host=127.0.0.1:34784, content-length=56, user-agent=HTTPClient/1.0 (2.8.3, ruby 2.5.1 (2018-03-29))}
06-06 17:46:27.407 I/System.out(18122): params: {json={"command":"delete_surrounding_text","arguments":[-1,0]}
06-06 17:46:27.407 I/System.out(18122): }
06-06 17:46:27.407 I/System.out(18122): ProP json = {"command":"delete_surrounding_text","arguments":[-1,0]}
06-06 17:46:27.407 I/System.out(18122): files: {}
06-06 17:46:27.407 I/System.out(18122): command: {"command":"delete_surrounding_text","arguments":[-1,0]}
06-06 17:46:27.413 I/InstrumentationBackend(18122): Got command:'Command:'Line:null,delete_surrounding_text', arguments:'[-1, 0]'
06-06 17:46:27.414 E/SpannableStringBuilder(18122): SPAN_EXCLUSIVE_EXCLUSIVE spans cannot have a zero length
06-06 17:46:27.414 E/SpannableStringBuilder(18122): SPAN_EXCLUSIVE_EXCLUSIVE spans cannot have a zero length
06-06 17:46:27.420 V/PhoneStatusBar( 1713): setLightsOn(true)
06-06 17:46:27.439 I/System.out(18122): result:{"bonusInformation":[],"message":"","success":true}
06-06 17:46:27.453 I/System.out(18122): URI: //map
06-06 17:46:27.453 I/System.out(18122): params: {json={"query":"android.widget.EditText index:4","operation":{"method_name":"query","arguments":[]}}
06-06 17:46:27.453 I/System.out(18122): }
06-06 17:46:27.522 I/System.out(18122): URI: //gesture
06-06 17:46:27.522 I/System.out(18122): params: {json={"query_timeout":5.0,"gestures":[{"query_string":"android.widget.EditText index:4","touches":[{"x":50,"y":50,"offset_x":0,"offset_y":0,"wait":0.0,"time":0.2,"release":true,"query_string":null}]}]}
06-06 17:46:27.522 I/System.out(18122): }
06-06 17:46:27.527 I/art     (18122): Do partial code cache collection, code=55KB, data=59KB
06-06 17:46:27.527 I/art     (18122): After code cache collection, code=55KB, data=59KB
06-06 17:46:27.527 I/art     (18122): Increasing code cache capacity to 256KB
06-06 17:46:27.598 I/WindowManager( 1631): Destroying surface Surface(name=PopupWindow:f1607a6) called by com.android.server.wm.WindowStateAnimator.destroySurface:2016 com.android.server.wm.WindowStateAnimator.destroySurfaceLocked:882 com.android.server.wm.WindowState.destroyOrSaveSurface:2100 com.android.server.wm.AppWindowToken.destroySurfaces:363 com.android.server.wm.WindowStateAnimator.finishExit:565 com.android.server.wm.WindowStateAnimator.stepAnimationLocked:491 com.android.server.wm.WindowAnimator.updateWindowsLocked:303 com.android.server.wm.WindowAnimator.animateLocked:704 
06-06 17:46:27.599 V/PhoneStatusBar( 1713): setLightsOn(true)
06-06 17:46:27.615 V/PhoneStatusBar( 1713): setLightsOn(true)
06-06 17:46:28.297 I/System.out(18122): URI: //
06-06 17:46:28.297 I/System.out(18122): params: {json={"command":"set_selection","arguments":[-1,-1]}
06-06 17:46:28.297 I/System.out(18122): }
06-06 17:46:28.297 I/System.out(18122): header: {content-type=application/json;charset=utf-8, date=Sat, 06 Jun 2020 22:46:28 GMT, accept=*/*, host=127.0.0.1:34784, content-length=47, user-agent=HTTPClient/1.0 (2.8.3, ruby 2.5.1 (2018-03-29))}
06-06 17:46:28.297 I/System.out(18122): params: {json={"command":"set_selection","arguments":[-1,-1]}
06-06 17:46:28.297 I/System.out(18122): }
06-06 17:46:28.297 I/System.out(18122): ProP json = {"command":"set_selection","arguments":[-1,-1]}
06-06 17:46:28.297 I/System.out(18122): files: {}
