06-06 17:46:28.297 I/System.out(18122): command: {"command":"set_selection","arguments":[-1,-1]}
06-06 17:46:28.303 I/InstrumentationBackend(18122): Got command:'Command:'Line:null,set_selection', arguments:'[-1, -1]'
06-06 17:46:28.313 I/System.out(18122): result:{"bonusInformation":[],"message":"","success":true}
06-06 17:46:28.339 I/System.out(18122): URI: //
06-06 17:46:28.339 I/System.out(18122): params: {json={"command":"keyboard_enter_text","arguments":["Gray Brown"]}
06-06 17:46:28.339 I/System.out(18122): }
06-06 17:46:28.339 I/System.out(18122): header: {content-type=application/json;charset=utf-8, date=Sat, 06 Jun 2020 22:46:28 GMT, accept=*/*, host=127.0.0.1:34784, content-length=60, user-agent=HTTPClient/1.0 (2.8.3, ruby 2.5.1 (2018-03-29))}
06-06 17:46:28.339 I/System.out(18122): params: {json={"command":"keyboard_enter_text","arguments":["Gray Brown"]}
06-06 17:46:28.339 I/System.out(18122): }
06-06 17:46:28.339 I/System.out(18122): ProP json = {"command":"keyboard_enter_text","arguments":["Gray Brown"]}
06-06 17:46:28.339 I/System.out(18122): files: {}
06-06 17:46:28.339 I/System.out(18122): command: {"command":"keyboard_enter_text","arguments":["Gray Brown"]}
06-06 17:46:28.340 I/InstrumentationBackend(18122): Got command:'Command:'Line:null,keyboard_enter_text', arguments:'[Gray Brown]'
06-06 17:46:28.340 E/SpannableStringBuilder(18122): SPAN_EXCLUSIVE_EXCLUSIVE spans cannot have a zero length
06-06 17:46:28.340 E/SpannableStringBuilder(18122): SPAN_EXCLUSIVE_EXCLUSIVE spans cannot have a zero length
06-06 17:46:28.344 I/LatinIME:LogUtils( 1699): Dictionary info: dictionary = spellcheck_userunigram.en_US ; version = 1591483588 ; date = ?
06-06 17:46:28.347 E/SpannableStringBuilder(18122): SPAN_EXCLUSIVE_EXCLUSIVE spans cannot have a zero length
06-06 17:46:28.347 E/SpannableStringBuilder(18122): SPAN_EXCLUSIVE_EXCLUSIVE spans cannot have a zero length
06-06 17:46:28.350 I/LatinIME:LogUtils( 1699): Dictionary info: dictionary = main:en ; version = 54 ; date = 1414726273
06-06 17:46:28.351 I/System.out(18122): result:{"bonusInformation":[],"message":"","success":true}
06-06 17:46:28.361 I/System.out(18122): URI: //
06-06 17:46:28.361 I/System.out(18122): params: {json={"command":"press_key","arguments":["KEYCODE_BACK"]}
06-06 17:46:28.361 I/System.out(18122): }
06-06 17:46:28.361 I/System.out(18122): header: {content-type=application/json;charset=utf-8, date=Sat, 06 Jun 2020 22:46:28 GMT, accept=*/*, host=127.0.0.1:34784, content-length=52, user-agent=HTTPClient/1.0 (2.8.3, ruby 2.5.1 (2018-03-29))}
06-06 17:46:28.361 I/System.out(18122): params: {json={"command":"press_key","arguments":["KEYCODE_BACK"]}
06-06 17:46:28.361 I/System.out(18122): }
06-06 17:46:28.361 I/System.out(18122): ProP json = {"command":"press_key","arguments":["KEYCODE_BACK"]}
06-06 17:46:28.361 I/System.out(18122): files: {}
06-06 17:46:28.361 I/System.out(18122): command: {"command":"press_key","arguments":["KEYCODE_BACK"]}
06-06 17:46:28.363 I/InstrumentationBackend(18122): Got command:'Command:'Line:null,press_key', arguments:'[KEYCODE_BACK]'
06-06 17:46:28.364 I/art     (18122): Compiler allocated 7MB to compile sh.calaba.instrumentationbackend.actions.NanoHTTPD$Response sh.calaba.instrumentationbackend.actions.HttpServer.serve(java.lang.String, java.lang.String, java.util.Properties, java.util.Properties, java.util.Properties)
06-06 17:46:28.389 W/InputMethodService( 1699): Window size has been changed. This may cause jankiness of resizing window: -1 -> -2
06-06 17:46:28.391 I/System.out(18122): result:{"bonusInformation":[],"message":"","success":true}
06-06 17:46:28.394 I/System.out(18122): URI: //map
06-06 17:46:28.394 I/System.out(18122): params: {json={"query":"* marked:'Save changes'","operation":{"method_name":"query","arguments":[]}}
06-06 17:46:28.394 I/System.out(18122): }
06-06 17:46:28.399 D/EGL_emulation( 1713): eglMakeCurrent: 0xa6a85780: ver 2 0 (tinfo 0xa6a83640)
06-06 17:46:28.399 D/EGL_emulation( 1699): eglMakeCurrent: 0xa6a85240: ver 2 0 (tinfo 0xa6a83470)
06-06 17:46:28.400 W/ResourceType(18122): No package identifier when getting name for resource number 0x00000001
06-06 17:46:28.402 V/PhoneStatusBar( 1713): setLightsOn(true)
06-06 17:46:28.404 V/PhoneStatusBar( 1713): setLightsOn(true)
06-06 17:46:28.408 I/System.out(18122): URI: //gesture
06-06 17:46:28.408 I/System.out(18122): params: {json={"query_timeout":5.0,"gestures":[{"query_string":"* marked:'Save changes'","touches":[{"x":50,"y":50,"offset_x":0,"offset_y":0,"wait":0.0,"time":0.2,"release":true,"query_string":null}]}]}
06-06 17:46:28.408 I/System.out(18122): }
06-06 17:46:28.416 V/PhoneStatusBar( 1713): setLightsOn(true)
06-06 17:46:28.444 W/ResourceType(18122): No package identifier when getting name for resource number 0x00000001
06-06 17:46:28.582 V/PhoneStatusBar( 1713): setLightsOn(true)
06-06 17:46:28.582 I/WindowManager( 1631): Destroying surface Surface(name=InputMethod) called by com.android.server.wm.WindowStateAnimator.destroySurface:2016 com.android.server.wm.WindowStateAnimator.destroySurfaceLocked:882 com.android.server.wm.WindowState.destroyOrSaveSurface:2100 com.android.server.wm.WindowSurfacePlacer.performSurfacePlacementInner:429 com.android.server.wm.WindowSurfacePlacer.performSurfacePlacementLoop:232 com.android.server.wm.WindowSurfacePlacer.performSurfacePlacement:180 com.android.server.wm.WindowManagerService$H.handleMessage:8086 android.os.Handler.dispatchMessage:102 
06-06 17:46:28.675 W/audio_hw_generic( 1395): Not supplying enough data to HAL, expected position 305551651 , only wrote 305551440
06-06 17:46:28.694 V/PhoneStatusBar( 1713): setLightsOn(true)
06-06 17:46:28.703 I/System.out(18122): URI: //map
06-06 17:46:28.703 I/System.out(18122): params: {json={"query":"* {text CONTAINS[c] 'Javier Vehicle'}","operation":{"method_name":"query","arguments":[]}}
06-06 17:46:28.703 I/System.out(18122): }
06-06 17:46:28.788 D/Mileage.ABS(18122): Finished backup
06-06 17:46:28.790 V/PhoneStatusBar( 1713): setLightsOn(true)
06-06 17:46:28.793 D/Mileage.ABS(18122): Not backing up; 10
06-06 17:46:28.793 D/Mileage.ABS(18122): Not backing up; 10
06-06 17:46:28.796 W/ActivityManager( 1631): Bad activity token: android.os.BinderProxy@7d8a3a1
06-06 17:46:28.796 W/ActivityManager( 1631): java.lang.ClassCastException: android.os.BinderProxy cannot be cast to com.android.server.am.ActivityRecord$Token
06-06 17:46:28.796 W/ActivityManager( 1631): 	at com.android.server.am.ActivityRecord.forTokenLocked(ActivityRecord.java:586)
06-06 17:46:28.796 W/ActivityManager( 1631): 	at com.android.server.am.ActivityRecord.isInStackLocked(ActivityRecord.java:1327)
06-06 17:46:28.796 W/ActivityManager( 1631): 	at com.android.server.am.ActivityManagerService.getActivityOptions(ActivityManagerService.java:12559)
06-06 17:46:28.796 W/ActivityManager( 1631): 	at android.app.ActivityManagerNative.onTransact(ActivityManagerNative.java:1933)
06-06 17:46:28.796 W/ActivityManager( 1631): 	at com.android.server.am.ActivityManagerService.onTransact(ActivityManagerService.java:2757)
06-06 17:46:28.796 W/ActivityManager( 1631): 	at android.os.Binder.execTransact(Binder.java:565)
06-06 17:46:28.799 D/EGL_emulation( 1713): eglMakeCurrent: 0xa6a85780: ver 2 0 (tinfo 0xa6a83640)
06-06 17:46:28.800 V/PhoneStatusBar( 1713): setLightsOn(true)
06-06 17:46:28.815 V/PhoneStatusBar( 1713): setLightsOn(true)
06-06 17:46:28.817 D/gralloc_ranchu( 1348): gralloc_alloc: Creating ashmem region of size 9023488
06-06 17:46:28.837 I/System.out(18122): URI: //map
06-06 17:46:28.837 I/System.out(18122): params: {json={"query":"* {text CONTAINS[c] 'Gray Brown'}","operation":{"method_name":"query","arguments":[]}}
06-06 17:46:28.837 I/System.out(18122): }
06-06 17:46:28.866 V/PhoneStatusBar( 1713): setLightsOn(true)
06-06 17:46:28.882 V/PhoneStatusBar( 1713): setLightsOn(true)
06-06 17:46:28.891 W/IInputConnectionWrapper(18122): finishComposingText on inactive InputConnection
06-06 17:46:28.915 V/PhoneStatusBar( 1713): setLightsOn(true)
