--------- beginning of system
06-05 21:19:13.966 W/ActivityManager( 1630): Duplicate finish request for ActivityRecord{55713b u0 com.evancharlton.mileage/.Mileage t7457 f}
06-05 21:19:13.967 W/ActivityManager( 1630): Duplicate finish request for ActivityRecord{55713b u0 com.evancharlton.mileage/.Mileage t7457 f}
06-05 21:19:13.967 W/ActivityManager( 1630): Duplicate finish request for ActivityRecord{55713b u0 com.evancharlton.mileage/.Mileage t7457 f}
06-05 21:19:13.967 W/ActivityManager( 1630): Duplicate finish request for ActivityRecord{9a2a72a u0 com.evancharlton.mileage/.ImportExportActivity t7457 f}
--------- beginning of main
06-05 21:19:13.968 V/PhoneStatusBar( 1711): setLightsOn(true)
06-05 21:19:13.969 V/PhoneStatusBar( 1711): setLightsOn(true)
06-05 21:19:13.970 W/ActivityManager( 1630): Finishing task with all activities already finished
06-05 21:19:13.970 W/ActivityManager( 1630): Duplicate finish request for ActivityRecord{df58d0 u0 com.evancharlton.mileage/.ExportActivity t7457 f}
06-05 21:19:13.980 D/gralloc_ranchu( 1347): gralloc_alloc: Creating ashmem region of size 3145728
06-05 21:19:13.984 E/EGL_emulation( 1347): tid 1347: eglCreateSyncKHR(1901): error 0x3004 (EGL_BAD_ATTRIBUTE)
06-05 21:19:14.038 W/InputMethodService( 1697): Window size has been changed. This may cause jankiness of resizing window: -1 -> -2
06-05 21:19:14.039 W/IInputConnectionWrapper( 6635): finishComposingText on inactive InputConnection
06-05 21:19:14.039 W/IInputConnectionWrapper( 6635): reportFullscreenMode on inexistent InputConnection
06-05 21:19:14.039 W/IInputConnectionWrapper( 6635): finishComposingText on inactive InputConnection
06-05 21:19:14.046 D/EGL_emulation( 2083): eglMakeCurrent: 0xb0f85240: ver 2 0 (tinfo 0xb0f832d0)
06-05 21:19:14.046 D/EGL_emulation( 1697): eglMakeCurrent: 0xb0f85180: ver 2 0 (tinfo 0xb0f83880)
06-05 21:19:14.061 I/WindowManager( 1630): Destroying surface Surface(name=com.evancharlton.mileage/com.evancharlton.mileage.ExportActivity) called by com.android.server.wm.WindowStateAnimator.destroySurface:2016 com.android.server.wm.WindowStateAnimator.destroySurfaceLocked:882 com.android.server.wm.WindowState.removeLocked:1456 com.android.server.wm.WindowManagerService.removeWindowInnerLocked:2484 com.android.server.wm.AppWindowToken.destroySurfaces:365 com.android.server.wm.WindowStateAnimator.finishExit:565 com.android.server.wm.WindowStateAnimator.stepAnimationLocked:491 com.android.server.wm.WindowAnimator.updateWindowsLocked:303 
06-05 21:19:14.062 D/EGL_emulation( 1711): eglMakeCurrent: 0xb0f853c0: ver 2 0 (tinfo 0xb0f833e0)
06-05 21:19:14.077 D/EGL_emulation( 1711): eglMakeCurrent: 0xb0f853c0: ver 2 0 (tinfo 0xb0f833e0)
06-05 21:19:14.079 D/EGL_emulation( 1711): eglMakeCurrent: 0xb0f853c0: ver 2 0 (tinfo 0xb0f833e0)
06-05 21:19:14.094 D/EGL_emulation( 1711): eglMakeCurrent: 0xb0f853c0: ver 2 0 (tinfo 0xb0f833e0)
06-05 21:19:14.097 D/EGL_emulation( 1711): eglMakeCurrent: 0xb0f853c0: ver 2 0 (tinfo 0xb0f833e0)
06-05 21:19:14.111 D/EGL_emulation( 1711): eglMakeCurrent: 0xb0f853c0: ver 2 0 (tinfo 0xb0f833e0)
06-05 21:19:14.113 D/EGL_emulation( 1711): eglMakeCurrent: 0xb0f853c0: ver 2 0 (tinfo 0xb0f833e0)
06-05 21:19:14.128 D/EGL_emulation( 1711): eglMakeCurrent: 0xb0f853c0: ver 2 0 (tinfo 0xb0f833e0)
06-05 21:19:14.129 D/EGL_emulation( 1711): eglMakeCurrent: 0xb0f853c0: ver 2 0 (tinfo 0xb0f833e0)
06-05 21:19:14.139 D/AndroidRuntime( 6689): >>>>>> START com.android.internal.os.RuntimeInit uid 2000 <<<<<<
06-05 21:19:14.140 D/AndroidRuntime( 6689): CheckJNI is ON
06-05 21:19:14.144 D/EGL_emulation( 1711): eglMakeCurrent: 0xb0f853c0: ver 2 0 (tinfo 0xb0f833e0)
06-05 21:19:14.146 D/EGL_emulation( 1711): eglMakeCurrent: 0xb0f853c0: ver 2 0 (tinfo 0xb0f833e0)
06-05 21:19:14.152 W/art     ( 6689): Unexpected CPU variant for X86 using defaults: x86
06-05 21:19:14.154 D/ICU     ( 6689): No timezone override file found: /data/misc/zoneinfo/current/icu/icu_tzdata.dat
06-05 21:19:14.161 D/EGL_emulation( 1711): eglMakeCurrent: 0xb0f853c0: ver 2 0 (tinfo 0xb0f833e0)
06-05 21:19:14.161 E/memtrack( 6689): Couldn't load memtrack module (No such file or directory)
06-05 21:19:14.162 E/android.os.Debug( 6689): failed to load memtrack module: -2
06-05 21:19:14.162 I/Radio-JNI( 6689): register_android_hardware_Radio DONE
06-05 21:19:14.162 D/EGL_emulation( 1711): eglMakeCurrent: 0xb0f853c0: ver 2 0 (tinfo 0xb0f833e0)
06-05 21:19:14.167 D/AndroidRuntime( 6689): Calling main entry com.android.commands.am.Am
06-05 21:19:14.169 I/ActivityManager( 1630): Force stopping com.evancharlton.mileage appid=10286 user=0: start instr
06-05 21:19:14.169 I/ActivityManager( 1630): Killing 6635:com.evancharlton.mileage/u0a286 (adj 0): stop com.evancharlton.mileage
06-05 21:19:14.169 D/ActivityManager( 1630): cleanUpApplicationRecord -- 6635
06-05 21:19:14.169 W/ActivityManager( 1630): Crash of app com.evancharlton.mileage running instrumentation ComponentInfo{com.evancharlton.mileage.test/sh.calaba.instrumentationbackend.CalabashInstrumentationTestRunner}
06-05 21:19:14.169 I/ActivityManager( 1630): Force stopping com.evancharlton.mileage appid=10286 user=0: finished inst
06-05 21:19:14.172 W/InputDispatcher( 1630): channel '72931fc com.evancharlton.mileage/com.evancharlton.mileage.ExportActivity (server)' ~ Consumer closed input channel or an error occurred.  events=0x9
06-05 21:19:14.172 E/InputDispatcher( 1630): channel '72931fc com.evancharlton.mileage/com.evancharlton.mileage.ExportActivity (server)' ~ Channel is unrecoverably broken and will be disposed!
06-05 21:19:14.172 I/WindowManager( 1630): WIN DEATH: Window{72931fc u0 com.evancharlton.mileage/com.evancharlton.mileage.ExportActivity EXITING}
06-05 21:19:14.172 W/InputDispatcher( 1630): Attempted to unregister already unregistered input channel '72931fc com.evancharlton.mileage/com.evancharlton.mileage.ExportActivity (server)'
06-05 21:19:14.173 I/art     ( 6699): Not late-enabling -Xcheck:jni (already on)
06-05 21:19:14.173 W/art     ( 6699): Unexpected CPU variant for X86 using defaults: x86
06-05 21:19:14.180 I/ActivityManager( 1630): Start proc 6699:com.evancharlton.mileage/u0a286 for added application com.evancharlton.mileage
06-05 21:19:14.180 D/AndroidRuntime( 6689): Shutting down VM
06-05 21:19:14.184 D/EGL_emulation( 1711): eglMakeCurrent: 0xb0f853c0: ver 2 0 (tinfo 0xb0f833e0)
06-05 21:19:14.186 W/System  ( 6699): ClassLoader referenced unknown path: /data/app/com.evancharlton.mileage.test-1/lib/x86
06-05 21:19:14.186 W/System  ( 6699): ClassLoader referenced unknown path: /data/app/com.evancharlton.mileage-1/lib/x86
06-05 21:19:14.188 D/EGL_emulation( 1711): eglMakeCurrent: 0xb0f853c0: ver 2 0 (tinfo 0xb0f833e0)
06-05 21:19:14.189 W/System  ( 6699): ClassLoader referenced unknown path: 
06-05 21:19:14.194 I/System.out( 6699): Main activity name automatically set to: com.evancharlton.mileage.Mileage
06-05 21:19:14.194 I/System.out( 6699): Calabash did not load Mono. This is only a problem if you are trying to test a Mono application
06-05 21:19:14.194 D/EGL_emulation( 1711): eglMakeCurrent: 0xb0f853c0: ver 2 0 (tinfo 0xb0f833e0)
06-05 21:19:14.194 I/calabash( 6699): Test server port: 7102
06-05 21:19:14.195 I/InstrumentationBackend( 6699): Added:'GetPreferences', with key:'get_preferences'
06-05 21:19:14.196 D/EGL_emulation( 1711): eglMakeCurrent: 0xb0f853c0: ver 2 0 (tinfo 0xb0f833e0)
06-05 21:19:14.199 I/InstrumentationBackend( 6699): Added:'SetPreferences', with key:'set_preferences'
06-05 21:19:14.199 I/InstrumentationBackend( 6699): Added:'ClearPreferences', with key:'clear_preferences'
06-05 21:19:14.199 I/InstrumentationBackend( 6699): Added:'PressElement', with key:'press_l10n_element'
06-05 21:19:14.199 I/InstrumentationBackend( 6699): Added:'WaitForElement', with key:'wait_for_l10n_element'
06-05 21:19:14.199 I/InstrumentationBackend( 6699): Added:'NullAction', with key:'nullAction'
06-05 21:19:14.200 I/InstrumentationBackend( 6699): Added:'PressKey', with key:'press_key'
06-05 21:19:14.200 I/InstrumentationBackend( 6699): Added:'SetActivityOrientation', with key:'set_activity_orientation'
06-05 21:19:14.200 I/InstrumentationBackend( 6699): Added:'GetActivityOrientation', with key:'get_activity_orientation'
06-05 21:19:14.200 I/InstrumentationBackend( 6699): Added:'FakeGPSLocation', with key:'set_gps_coordinates'
06-05 21:19:14.200 I/InstrumentationBackend( 6699): Added:'SetPropertyByCssSelector', with key:'set_property_by_css_selector'
06-05 21:19:14.200 I/InstrumentationBackend( 6699): Added:'GetUrl', with key:'get_url'
06-05 21:19:14.200 I/InstrumentationBackend( 6699): Added:'ScrollTo', with key:'scroll_to'
06-05 21:19:14.200 I/InstrumentationBackend( 6699): Added:'GetLoadProgress', with key:'get_load_progress'
06-05 21:19:14.200 I/InstrumentationBackend( 6699): Added:'DumpHtml', with key:'dump_html'
06-05 21:19:14.200 I/InstrumentationBackend( 6699): Added:'DumpBodyHtml', with key:'dump_body_html'
06-05 21:19:14.200 I/InstrumentationBackend( 6699): Added:'EnterTextByCssSelector', with key:'enter_text_by_selector'
06-05 21:19:14.201 I/InstrumentationBackend( 6699): Added:'AndroidSDKVersion', with key:'android_sdk_version'
06-05 21:19:14.201 I/InstrumentationBackend( 6699): Added:'Version', with key:'version'
06-05 21:19:14.201 I/InstrumentationBackend( 6699): Added:'Drag', with key:'drag'
06-05 21:19:14.201 I/InstrumentationBackend( 6699): Added:'TouchCoordinates', with key:'touch_coordinate'
06-05 21:19:14.201 I/InstrumentationBackend( 6699): Added:'LongPressCoordinate', with key:'long_press_coordinate'
06-05 21:19:14.201 I/InstrumentationBackend( 6699): Added:'DragCoordinates', with key:'drag_coordinates'
06-05 21:19:14.201 I/InstrumentationBackend( 6699): Added:'ResumeApplication', with key:'resume_application'
06-05 21:19:14.201 I/InstrumentationBackend( 6699): Added:'Swipe', with key:'swipe'
06-05 21:19:14.201 I/InstrumentationBackend( 6699): Added:'DoubleTapCoordinate', with key:'double_tap_coordinate'
06-05 21:19:14.201 I/InstrumentationBackend( 6699): Added:'ClickOnScreen', with key:'click_on_screen'
06-05 21:19:14.201 I/InstrumentationBackend( 6699): Added:'GetActivityName', with key:'get_activity_name'
06-05 21:19:14.201 I/InstrumentationBackend( 6699): Added:'ScrollToView', with key:'scroll_to_view'
06-05 21:19:14.201 I/InstrumentationBackend( 6699): Added:'ViewConfiguration', with key:'view_configuration'
06-05 21:19:14.201 I/InstrumentationBackend( 6699): Added:'IsCurrentActivityFocused', with key:'is_current_activity_focused'
06-05 21:19:14.201 I/InstrumentationBackend( 6699): Added:'SendTcp', with key:'send_tcp'
06-05 21:19:14.201 I/InstrumentationBackend( 6699): Added:'DpToDevicePixel', with key:'dp_to_device_pixel'
06-05 21:19:14.201 I/InstrumentationBackend( 6699): Added:'KeyboardEnterText', with key:'keyboard_enter_text'
06-05 21:19:14.201 I/InstrumentationBackend( 6699): Added:'DeleteSurroundingText', with key:'delete_surrounding_text'
06-05 21:19:14.201 I/InstrumentationBackend( 6699): Added:'SetComposingRegion', with key:'set_composing_region'
06-05 21:19:14.201 I/InstrumentationBackend( 6699): Added:'SetSelection', with key:'set_selection'
06-05 21:19:14.201 I/InstrumentationBackend( 6699): Added:'KeyboardKeyEvent', with key:'keyboard_key_event'
06-05 21:19:14.201 I/InstrumentationBackend( 6699): Added:'PressUserActionButton', with key:'press_user_action_button'
06-05 21:19:14.201 I/InstrumentationBackend( 6699): Added:'HideSoftKeyboard', with key:'hide_soft_keyboard'
06-05 21:19:14.201 I/InstrumentationBackend( 6699): Added:'ListActions', with key:'list_actions'
06-05 21:19:14.202 I/calabash( 6699): Instantiating http server at 7102
06-05 21:19:14.202 I/System.out( 6699): HTTP Daemon listening on: 7102
06-05 21:19:14.211 D/EGL_emulation( 1711): eglMakeCurrent: 0xb0f853c0: ver 2 0 (tinfo 0xb0f833e0)
06-05 21:19:14.213 D/EGL_emulation( 1711): eglMakeCurrent: 0xb0f853c0: ver 2 0 (tinfo 0xb0f833e0)
06-05 21:19:14.228 D/EGL_emulation( 1711): eglMakeCurrent: 0xb0f853c0: ver 2 0 (tinfo 0xb0f833e0)
06-05 21:19:14.228 I/WindowManager( 1630): Destroying surface Surface(name=InputMethod) called by com.android.server.wm.WindowStateAnimator.destroySurface:2016 com.android.server.wm.WindowStateAnimator.destroySurfaceLocked:882 com.android.server.wm.WindowState.destroyOrSaveSurface:2100 com.android.server.wm.WindowSurfacePlacer.performSurfacePlacementInner:429 com.android.server.wm.WindowSurfacePlacer.performSurfacePlacementLoop:232 com.android.server.wm.WindowSurfacePlacer.performSurfacePlacement:180 com.android.server.wm.WindowManagerService$H.handleMessage:8086 android.os.Handler.dispatchMessage:102 
06-05 21:19:14.229 D/EGL_emulation( 1711): eglMakeCurrent: 0xb0f853c0: ver 2 0 (tinfo 0xb0f833e0)
06-05 21:19:14.245 D/EGL_emulation( 1711): eglMakeCurrent: 0xb0f853c0: ver 2 0 (tinfo 0xb0f833e0)
06-05 21:19:14.261 D/EGL_emulation( 1711): eglMakeCurrent: 0xb0f853c0: ver 2 0 (tinfo 0xb0f833e0)
06-05 21:19:14.262 D/EGL_emulation( 1711): eglMakeCurrent: 0xb0f853c0: ver 2 0 (tinfo 0xb0f833e0)
06-05 21:19:14.278 D/EGL_emulation( 1711): eglMakeCurrent: 0xb0f853c0: ver 2 0 (tinfo 0xb0f833e0)
06-05 21:19:14.279 D/EGL_emulation( 1711): eglMakeCurrent: 0xb0f853c0: ver 2 0 (tinfo 0xb0f833e0)
06-05 21:19:14.291 I/System.out( 6699): URI: //ping
06-05 21:19:14.291 I/System.out( 6699): params: {json={}
06-05 21:19:14.291 I/System.out( 6699): }
06-05 21:19:14.293 I/System.out( 6699): URI: //ping
06-05 21:19:14.293 I/System.out( 6699): params: {json={}
06-05 21:19:14.293 I/System.out( 6699): }
06-05 21:19:14.295 I/System.out( 6699): URI: //ready
06-05 21:19:14.295 I/System.out( 6699): params: {json={}
06-05 21:19:14.295 I/System.out( 6699): }
06-05 21:19:14.296 I/System.out( 6699): URI: //
06-05 21:19:14.296 I/System.out( 6699): params: {json={"command":"version","arguments":[]}
06-05 21:19:14.296 I/System.out( 6699): }
06-05 21:19:14.296 I/System.out( 6699): header: {content-type=application/json;charset=utf-8, date=Sat, 06 Jun 2020 02:19:14 GMT, accept=*/*, host=127.0.0.1:34777, content-length=36, user-agent=HTTPClient/1.0 (2.8.3, ruby 2.5.1 (2018-03-29))}
06-05 21:19:14.296 I/System.out( 6699): params: {json={"command":"version","arguments":[]}
06-05 21:19:14.296 I/System.out( 6699): }
06-05 21:19:14.296 I/System.out( 6699): ProP json = {"command":"version","arguments":[]}
06-05 21:19:14.296 I/System.out( 6699): files: {}
06-05 21:19:14.296 I/System.out( 6699): command: {"command":"version","arguments":[]}
06-05 21:19:14.299 I/InstrumentationBackend( 6699): Got command:'Command:'Line:null,version', arguments:'[]'
06-05 21:19:14.306 I/System.out( 6699): result:{"bonusInformation":[],"message":"0.9.8","success":true}
06-05 21:19:14.308 I/System.out( 6699): URI: //start-application
06-05 21:19:14.308 I/System.out( 6699): params: {json={"intent":null}
06-05 21:19:14.308 I/System.out( 6699): }
06-05 21:19:14.317 I/ActivityManager( 1630): START u0 {act=android.intent.action.MAIN cat=[android.intent.category.LAUNCHER] flg=0x10200000 cmp=com.evancharlton.mileage/.Mileage} from uid 10286 on display 0
06-05 21:19:14.322 I/calabash( 6699): newActivity1
06-05 21:19:14.331 I/calabash( 6699): newActivity1
06-05 21:19:14.332 W/ActivityManager( 1630): Bad activity token: android.os.BinderProxy@e47be92
06-05 21:19:14.332 W/ActivityManager( 1630): java.lang.ClassCastException: android.os.BinderProxy cannot be cast to com.android.server.am.ActivityRecord$Token
06-05 21:19:14.332 W/ActivityManager( 1630): 	at com.android.server.am.ActivityRecord.forTokenLocked(ActivityRecord.java:586)
06-05 21:19:14.332 W/ActivityManager( 1630): 	at com.android.server.am.ActivityRecord.isInStackLocked(ActivityRecord.java:1327)
06-05 21:19:14.332 W/ActivityManager( 1630): 	at com.android.server.am.ActivityRecord.getStackLocked(ActivityRecord.java:1332)
06-05 21:19:14.332 W/ActivityManager( 1630): 	at com.android.server.am.ActivityManagerService.getActivityDisplayId(ActivityManagerService.java:9806)
06-05 21:19:14.332 W/ActivityManager( 1630): 	at android.app.ActivityManagerNative.onTransact(ActivityManagerNative.java:2566)
06-05 21:19:14.332 W/ActivityManager( 1630): 	at com.android.server.am.ActivityManagerService.onTransact(ActivityManagerService.java:2757)
06-05 21:19:14.332 W/ActivityManager( 1630): 	at android.os.Binder.execTransact(Binder.java:565)
06-05 21:19:14.332 W/ActivityManager( 1630): Bad activity token: android.os.BinderProxy@e47be92
06-05 21:19:14.332 W/ActivityManager( 1630): java.lang.ClassCastException: android.os.BinderProxy cannot be cast to com.android.server.am.ActivityRecord$Token
06-05 21:19:14.332 W/ActivityManager( 1630): 	at com.android.server.am.ActivityRecord.forTokenLocked(ActivityRecord.java:586)
06-05 21:19:14.332 W/ActivityManager( 1630): 	at com.android.server.am.ActivityRecord.isInStackLocked(ActivityRecord.java:1327)
06-05 21:19:14.332 W/ActivityManager( 1630): 	at com.android.server.am.ActivityManagerService.setTaskDescription(ActivityManagerService.java:9358)
06-05 21:19:14.332 W/ActivityManager( 1630): 	at android.app.ActivityManagerNative.onTransact(ActivityManagerNative.java:2639)
06-05 21:19:14.332 W/ActivityManager( 1630): 	at com.android.server.am.ActivityManagerService.onTransact(ActivityManagerService.java:2757)
06-05 21:19:14.332 W/ActivityManager( 1630): 	at android.os.Binder.execTransact(Binder.java:565)
06-05 21:19:14.333 W/ActivityManager( 1630): Bad activity token: android.os.BinderProxy@e47be92
06-05 21:19:14.333 W/ActivityManager( 1630): java.lang.ClassCastException: android.os.BinderProxy cannot be cast to com.android.server.am.ActivityRecord$Token
06-05 21:19:14.333 W/ActivityManager( 1630): 	at com.android.server.am.ActivityRecord.forTokenLocked(ActivityRecord.java:586)
06-05 21:19:14.333 W/ActivityManager( 1630): 	at com.android.server.am.ActivityRecord.isInStackLocked(ActivityRecord.java:1327)
06-05 21:19:14.333 W/ActivityManager( 1630): 	at com.android.server.am.ActivityRecord.getStackLocked(ActivityRecord.java:1332)
06-05 21:19:14.333 W/ActivityManager( 1630): 	at com.android.server.am.ActivityManagerService.getActivityStackId(ActivityManagerService.java:9817)
06-05 21:19:14.333 W/ActivityManager( 1630): 	at android.app.ActivityManagerNative.onTransact(ActivityManagerNative.java:2856)
06-05 21:19:14.333 W/ActivityManager( 1630): 	at com.android.server.am.ActivityManagerService.onTransact(ActivityManagerService.java:2757)
06-05 21:19:14.333 W/ActivityManager( 1630): 	at android.os.Binder.execTransact(Binder.java:565)
06-05 21:19:14.345 D/gralloc_ranchu( 1347): gralloc_alloc: Creating ashmem region of size 9023488
06-05 21:19:14.348 W/ActivityManager( 1630): Bad activity token: android.os.BinderProxy@e47be92
06-05 21:19:14.348 W/ActivityManager( 1630): java.lang.ClassCastException: android.os.BinderProxy cannot be cast to com.android.server.am.ActivityRecord$Token
06-05 21:19:14.348 W/ActivityManager( 1630): 	at com.android.server.am.ActivityRecord.forTokenLocked(ActivityRecord.java:586)
06-05 21:19:14.348 W/ActivityManager( 1630): 	at com.android.server.am.ActivityRecord.isInStackLocked(ActivityRecord.java:1327)
06-05 21:19:14.348 W/ActivityManager( 1630): 	at com.android.server.am.ActivityManagerService.getActivityOptions(ActivityManagerService.java:12559)
06-05 21:19:14.348 W/ActivityManager( 1630): 	at android.app.ActivityManagerNative.onTransact(ActivityManagerNative.java:1933)
06-05 21:19:14.348 W/ActivityManager( 1630): 	at com.android.server.am.ActivityManagerService.onTransact(ActivityManagerService.java:2757)
06-05 21:19:14.348 W/ActivityManager( 1630): 	at android.os.Binder.execTransact(Binder.java:565)
06-05 21:19:14.348 W/ActivityManager( 1630): Bad activity token: android.os.BinderProxy@e47be92
06-05 21:19:14.348 W/ActivityManager( 1630): java.lang.ClassCastException: android.os.BinderProxy cannot be cast to com.android.server.am.ActivityRecord$Token
06-05 21:19:14.348 W/ActivityManager( 1630): 	at com.android.server.am.ActivityRecord.forTokenLocked(ActivityRecord.java:586)
06-05 21:19:14.348 W/ActivityManager( 1630): 	at com.android.server.am.ActivityRecord.isInStackLocked(ActivityRecord.java:1327)
06-05 21:19:14.348 W/ActivityManager( 1630): 	at com.android.server.am.ActivityManagerService.getActivityOptions(ActivityManagerService.java:12559)
06-05 21:19:14.348 W/ActivityManager( 1630): 	at android.app.ActivityManagerNative.onTransact(ActivityManagerNative.java:1933)
06-05 21:19:14.348 W/ActivityManager( 1630): 	at com.android.server.am.ActivityManagerService.onTransact(ActivityManagerService.java:2757)
06-05 21:19:14.348 W/ActivityManager( 1630): 	at android.os.Binder.execTransact(Binder.java:565)
06-05 21:19:14.367 V/PhoneStatusBar( 1711): setLightsOn(true)
06-05 21:19:14.377 D/EGL_emulation( 1711): eglMakeCurrent: 0xb0f853c0: ver 2 0 (tinfo 0xb0f833e0)
06-05 21:19:14.378 V/PhoneStatusBar( 1711): setLightsOn(true)
06-05 21:19:14.378 V/PhoneStatusBar( 1711): setLightsOn(true)
06-05 21:19:14.380 V/PhoneStatusBar( 1711): setLightsOn(true)
06-05 21:19:14.380 D/gralloc_ranchu( 1347): gralloc_alloc: Creating ashmem region of size 9023488
06-05 21:19:14.382 V/PhoneStatusBar( 1711): setLightsOn(true)
06-05 21:19:14.384 D/        ( 6699): HostConnection::get() New Host Connection established 0x94b1f4c0, tid 6699
06-05 21:19:14.416 D/EGL_emulation( 1711): eglMakeCurrent: 0xb0f853c0: ver 2 0 (tinfo 0xb0f833e0)
06-05 21:19:14.416 D/EGL_emulation( 2083): eglMakeCurrent: 0xb0f85240: ver 2 0 (tinfo 0xb0f832d0)
06-05 21:19:14.420 D/EGL_emulation( 1711): eglMakeCurrent: 0xb0f853c0: ver 2 0 (tinfo 0xb0f833e0)
06-05 21:19:14.421 D/EGL_emulation( 1711): eglMakeCurrent: 0xb0f853c0: ver 2 0 (tinfo 0xb0f833e0)
06-05 21:19:14.423 D/EGL_emulation( 1711): eglMakeCurrent: 0xb0f853c0: ver 2 0 (tinfo 0xb0f833e0)
06-05 21:19:14.435 D/EGL_emulation( 1711): eglMakeCurrent: 0xb0f853c0: ver 2 0 (tinfo 0xb0f833e0)
06-05 21:19:14.437 D/EGL_emulation( 1711): eglMakeCurrent: 0xb0f853c0: ver 2 0 (tinfo 0xb0f833e0)
06-05 21:19:14.439 I/ActivityManager( 1630): Displayed com.evancharlton.mileage/.Mileage: +120ms
06-05 21:19:14.444 D/EGL_emulation( 1711): eglMakeCurrent: 0xb0f853c0: ver 2 0 (tinfo 0xb0f833e0)
06-05 21:19:14.444 D/gralloc_ranchu( 1347): gralloc_alloc: Creating ashmem region of size 9023488
06-05 21:19:14.466 D/EGL_emulation( 1711): eglMakeCurrent: 0xb0f853c0: ver 2 0 (tinfo 0xb0f833e0)
06-05 21:19:14.475 D/EGL_emulation( 1711): eglMakeCurrent: 0xb0f853c0: ver 2 0 (tinfo 0xb0f833e0)
06-05 21:19:14.477 I/WindowManager( 1630): Destroying surface Surface(name=com.evancharlton.mileage/com.evancharlton.mileage.ExportActivity) called by com.android.server.wm.WindowStateAnimator.destroySurface:2016 com.android.server.wm.WindowStateAnimator.destroySurfaceLocked:882 com.android.server.wm.WindowState.destroyOrSaveSurface:2100 com.android.server.wm.AppWindowToken.destroySurfaces:363 com.android.server.wm.WindowStateAnimator.finishExit:565 com.android.server.wm.AppWindowAnimator.stepAnimationLocked:427 com.android.server.wm.WindowAnimator.updateAppWindowsLocked:196 com.android.server.wm.WindowAnimator.animateLocked:678 
06-05 21:19:14.478 D/EGL_emulation( 1711): eglMakeCurrent: 0xb0f853c0: ver 2 0 (tinfo 0xb0f833e0)
06-05 21:19:14.480 D/EGL_emulation( 1711): eglMakeCurrent: 0xb0f853c0: ver 2 0 (tinfo 0xb0f833e0)
06-05 21:19:14.481 D/EGL_emulation( 1711): eglMakeCurrent: 0xb0f853c0: ver 2 0 (tinfo 0xb0f833e0)
06-05 21:19:14.482 V/PhoneStatusBar( 1711): setLightsOn(true)
06-05 21:19:14.494 D/EGL_emulation( 1711): eglMakeCurrent: 0xb0f853c0: ver 2 0 (tinfo 0xb0f833e0)
06-05 21:19:14.496 D/EGL_emulation( 1711): eglMakeCurrent: 0xb0f853c0: ver 2 0 (tinfo 0xb0f833e0)
06-05 21:19:14.511 D/EGL_emulation( 1711): eglMakeCurrent: 0xb0f853c0: ver 2 0 (tinfo 0xb0f833e0)
06-05 21:19:14.513 D/EGL_emulation( 1711): eglMakeCurrent: 0xb0f853c0: ver 2 0 (tinfo 0xb0f833e0)
06-05 21:19:14.528 D/EGL_emulation( 1711): eglMakeCurrent: 0xb0f853c0: ver 2 0 (tinfo 0xb0f833e0)
06-05 21:19:14.529 D/EGL_emulation( 1711): eglMakeCurrent: 0xb0f853c0: ver 2 0 (tinfo 0xb0f833e0)
06-05 21:19:14.544 D/EGL_emulation( 1711): eglMakeCurrent: 0xb0f853c0: ver 2 0 (tinfo 0xb0f833e0)
06-05 21:19:14.546 D/EGL_emulation( 1711): eglMakeCurrent: 0xb0f853c0: ver 2 0 (tinfo 0xb0f833e0)
06-05 21:19:14.561 D/EGL_emulation( 1711): eglMakeCurrent: 0xb0f853c0: ver 2 0 (tinfo 0xb0f833e0)
06-05 21:19:14.562 D/EGL_emulation( 1711): eglMakeCurrent: 0xb0f853c0: ver 2 0 (tinfo 0xb0f833e0)
06-05 21:19:14.578 D/EGL_emulation( 1711): eglMakeCurrent: 0xb0f853c0: ver 2 0 (tinfo 0xb0f833e0)
06-05 21:19:14.579 D/EGL_emulation( 1711): eglMakeCurrent: 0xb0f853c0: ver 2 0 (tinfo 0xb0f833e0)
06-05 21:19:14.594 D/EGL_emulation( 1711): eglMakeCurrent: 0xb0f853c0: ver 2 0 (tinfo 0xb0f833e0)
06-05 21:19:14.597 D/EGL_emulation( 1711): eglMakeCurrent: 0xb0f853c0: ver 2 0 (tinfo 0xb0f833e0)
06-05 21:19:14.611 D/EGL_emulation( 1711): eglMakeCurrent: 0xb0f853c0: ver 2 0 (tinfo 0xb0f833e0)
06-05 21:19:14.627 I/WindowManager( 1630): Destroying surface Surface(name=Starting com.evancharlton.mileage) called by com.android.server.wm.WindowStateAnimator.destroySurface:2016 com.android.server.wm.WindowStateAnimator.destroySurfaceLocked:882 com.android.server.wm.WindowState.destroyOrSaveSurface:2100 com.android.server.wm.AppWindowToken.destroySurfaces:363 com.android.server.wm.WindowStateAnimator.finishExit:565 com.android.server.wm.WindowStateAnimator.stepAnimationLocked:491 com.android.server.wm.WindowAnimator.updateWindowsLocked:303 com.android.server.wm.WindowAnimator.animateLocked:704 
06-05 21:19:14.629 V/PhoneStatusBar( 1711): setLightsOn(true)
06-05 21:19:14.631 V/PhoneStatusBar( 1711): setLightsOn(true)
06-05 21:19:14.828 V/PhoneStatusBar( 1711): setLightsOn(true)
06-05 21:19:15.128 V/PhoneStatusBar( 1711): setLightsOn(true)
06-05 21:19:15.129 V/PhoneStatusBar( 1711): setLightsOn(true)
06-05 21:19:15.130 W/OpenGLRenderer( 2083): Incorrectly called buildLayer on View: ShortcutAndWidgetContainer, destroying layer...
06-05 21:19:15.144 I/WindowManager( 1630): Destroying surface Surface(name=com.android.launcher3/com.android.launcher3.Launcher) called by com.android.server.wm.WindowStateAnimator.destroySurface:2016 com.android.server.wm.WindowStateAnimator.destroySurfaceLocked:882 com.android.server.wm.WindowState.destroyOrSaveSurface:2100 com.android.server.wm.AppWindowToken.destroySurfaces:363 com.android.server.wm.AppWindowToken.notifyAppStopped:389 com.android.server.wm.WindowManagerService.notifyAppStopped:4463 com.android.server.am.ActivityStack.activityStoppedLocked:1252 com.android.server.am.ActivityManagerService.activityStopped:6903 
06-05 21:19:15.145 V/PhoneStatusBar( 1711): setLightsOn(true)
06-05 21:19:15.499 I/System.out( 6699): URI: //
06-05 21:19:15.499 I/System.out( 6699): params: {json={"command":"press_key","arguments":["KEYCODE_MENU"]}
06-05 21:19:15.499 I/System.out( 6699): }
06-05 21:19:15.499 I/System.out( 6699): header: {content-type=application/json;charset=utf-8, date=Sat, 06 Jun 2020 02:19:16 GMT, accept=*/*, host=127.0.0.1:34777, content-length=52, user-agent=HTTPClient/1.0 (2.8.3, ruby 2.5.1 (2018-03-29))}
06-05 21:19:15.499 I/System.out( 6699): params: {json={"command":"press_key","arguments":["KEYCODE_MENU"]}
06-05 21:19:15.499 I/System.out( 6699): }
06-05 21:19:15.499 I/System.out( 6699): ProP json = {"command":"press_key","arguments":["KEYCODE_MENU"]}
06-05 21:19:15.499 I/System.out( 6699): files: {}
06-05 21:19:15.499 I/System.out( 6699): command: {"command":"press_key","arguments":["KEYCODE_MENU"]}
06-05 21:19:15.500 I/InstrumentationBackend( 6699): Got command:'Command:'Line:null,press_key', arguments:'[KEYCODE_MENU]'
06-05 21:19:15.508 V/PhoneStatusBar( 1711): setLightsOn(true)
06-05 21:19:15.512 V/PhoneStatusBar( 1711): setLightsOn(true)
06-05 21:19:15.512 I/System.out( 6699): result:{"bonusInformation":[],"message":"","success":true}
06-05 21:19:15.515 I/System.out( 6699): URI: //map
06-05 21:19:15.515 I/System.out( 6699): params: {json={"query":"* marked:'Settings'","operation":{"method_name":"query","arguments":[]}}
06-05 21:19:15.515 I/System.out( 6699): }
06-05 21:19:15.528 V/PhoneStatusBar( 1711): setLightsOn(true)
06-05 21:19:15.545 V/PhoneStatusBar( 1711): setLightsOn(true)
06-05 21:19:15.545 D/gralloc_ranchu( 1347): gralloc_alloc: Creating ashmem region of size 1720320
06-05 21:19:15.552 V/PhoneStatusBar( 1711): setLightsOn(true)
06-05 21:19:15.553 V/PhoneStatusBar( 1711): setLightsOn(true)
06-05 21:19:15.556 W/ResourceType( 6699): No package identifier when getting name for resource number 0x00000001
06-05 21:19:15.561 V/PhoneStatusBar( 1711): setLightsOn(true)
06-05 21:19:15.570 I/System.out( 6699): URI: //gesture
06-05 21:19:15.570 I/System.out( 6699): params: {json={"query_timeout":5.0,"gestures":[{"query_string":"* marked:'Settings'","touches":[{"x":50,"y":50,"offset_x":0,"offset_y":0,"wait":0.0,"time":0.2,"release":true,"query_string":null}]}]}
06-05 21:19:15.570 I/System.out( 6699): }
06-05 21:19:15.633 W/ResourceType( 6699): No package identifier when getting name for resource number 0x00000001
06-05 21:19:15.633 D/gralloc_ranchu( 1347): gralloc_alloc: Creating ashmem region of size 9023488
06-05 21:19:15.780 V/PhoneStatusBar( 1711): setLightsOn(true)
06-05 21:19:15.827 D/gralloc_ranchu( 1347): gralloc_alloc: Creating ashmem region of size 1720320
06-05 21:19:15.894 I/ActivityManager( 1630): START u0 {cmp=com.evancharlton.mileage/.SettingsActivity} from uid 10286 on display 0
06-05 21:19:15.895 V/PhoneStatusBar( 1711): setLightsOn(true)
06-05 21:19:15.896 V/PhoneStatusBar( 1711): setLightsOn(true)
06-05 21:19:15.900 I/WindowManager( 1630): Destroying surface Surface(name=AtchDlg:com.evancharlton.mileage/com.evancharlton.mileage.FillupActivity) called by com.android.server.wm.WindowStateAnimator.destroySurface:2016 com.android.server.wm.WindowStateAnimator.destroySurfaceLocked:882 com.android.server.wm.WindowState.removeLocked:1456 com.android.server.wm.WindowManagerService.removeWindowInnerLocked:2484 com.android.server.wm.WindowManagerService.removeWindowLocked:2442 com.android.server.wm.WindowManagerService.removeWindowLocked:2311 com.android.server.wm.WindowManagerService.removeWindow:2306 com.android.server.wm.Session.remove:202 
06-05 21:19:15.902 I/calabash( 6699): newActivity1
06-05 21:19:15.902 I/System.out( 6699): URI: //map
06-05 21:19:15.902 I/System.out( 6699): params: {json={"query":"* {text CONTAINS[c] 'Settings'}","operation":{"method_name":"query","arguments":[]}}
06-05 21:19:15.902 I/System.out( 6699): }
06-05 21:19:15.928 V/PhoneStatusBar( 1711): setLightsOn(true)
06-05 21:19:15.945 V/PhoneStatusBar( 1711): setLightsOn(true)
06-05 21:19:15.964 D/gralloc_ranchu( 1347): gralloc_alloc: Creating ashmem region of size 9023488
06-05 21:19:15.992 I/ActivityManager( 1630): Displayed com.evancharlton.mileage/.SettingsActivity: +95ms
06-05 21:19:15.993 D/gralloc_ranchu( 1347): gralloc_alloc: Creating ashmem region of size 9023488
06-05 21:19:15.994 V/PhoneStatusBar( 1711): setLightsOn(true)
06-05 21:19:16.027 V/PhoneStatusBar( 1711): setLightsOn(true)
06-05 21:19:16.040 D/gralloc_ranchu( 1347): gralloc_alloc: Creating ashmem region of size 9023488
06-05 21:19:16.044 V/PhoneStatusBar( 1711): setLightsOn(true)
06-05 21:19:16.228 V/PhoneStatusBar( 1711): setLightsOn(true)
06-05 21:19:16.273 I/System.out( 6699): URI: //map
06-05 21:19:16.273 I/System.out( 6699): params: {json={"query":"* {text CONTAINS[c] 'Settings'}","operation":{"method_name":"query","arguments":[]}}
06-05 21:19:16.273 I/System.out( 6699): }
06-05 21:19:16.281 I/art     ( 6699): Do partial code cache collection, code=30KB, data=30KB
06-05 21:19:16.281 I/art     ( 6699): After code cache collection, code=28KB, data=29KB
06-05 21:19:16.281 I/art     ( 6699): Increasing code cache capacity to 128KB
06-05 21:19:16.289 I/System.out( 6699): URI: //map
06-05 21:19:16.289 I/System.out( 6699): params: {json={"query":"* {text CONTAINS[c] 'Store location'}","operation":{"method_name":"query","arguments":[]}}
06-05 21:19:16.289 I/System.out( 6699): }
06-05 21:19:16.307 I/System.out( 6699): URI: //map
06-05 21:19:16.307 I/System.out( 6699): params: {json={"query":"* {text CONTAINS[c] 'Your location for fillups will be stored privately'}","operation":{"method_name":"query","arguments":[]}}
06-05 21:19:16.307 I/System.out( 6699): }
06-05 21:19:16.320 I/System.out( 6699): URI: //map
06-05 21:19:16.320 I/System.out( 6699): params: {json={"query":"* marked:'Fillup options'","operation":{"method_name":"query","arguments":[]}}
06-05 21:19:16.320 I/System.out( 6699): }
06-05 21:19:16.325 W/ResourceType( 6699): No package identifier when getting name for resource number 0x00000001
06-05 21:19:16.335 I/System.out( 6699): URI: //gesture
06-05 21:19:16.335 I/System.out( 6699): params: {json={"query_timeout":5.0,"gestures":[{"query_string":"* marked:'Fillup options'","touches":[{"x":50,"y":50,"offset_x":0,"offset_y":0,"wait":0.0,"time":0.2,"release":true,"query_string":null}]}]}
06-05 21:19:16.335 I/System.out( 6699): }
06-05 21:19:16.340 W/ResourceType( 6699): No package identifier when getting name for resource number 0x00000001
06-05 21:19:16.345 V/PhoneStatusBar( 1711): setLightsOn(true)
06-05 21:19:16.346 V/PhoneStatusBar( 1711): setLightsOn(true)
06-05 21:19:16.361 V/PhoneStatusBar( 1711): setLightsOn(true)
06-05 21:19:16.362 I/WindowManager( 1630): Destroying surface Surface(name=com.evancharlton.mileage/com.evancharlton.mileage.Mileage) called by com.android.server.wm.WindowStateAnimator.destroySurface:2016 com.android.server.wm.WindowStateAnimator.destroySurfaceLocked:882 com.android.server.wm.WindowState.destroyOrSaveSurface:2100 com.android.server.wm.WindowManagerService.tryStartExitingAnimation:3024 com.android.server.wm.WindowManagerService.relayoutWindow:2904 com.android.server.wm.Session.relayout:224 android.view.IWindowSession$Stub.onTransact:286 com.android.server.wm.Session.onTransact:145 
06-05 21:19:16.362 V/PhoneStatusBar( 1711): setLightsOn(true)
06-05 21:19:16.583 V/PhoneStatusBar( 1711): setLightsOn(true)
06-05 21:19:16.600 I/System.out( 6699): URI: //map
06-05 21:19:16.600 I/System.out( 6699): params: {json={"query":"* {text CONTAINS[c] 'Unit price, volume'}","operation":{"method_name":"query","arguments":[]}}
06-05 21:19:16.600 I/System.out( 6699): }
06-05 21:19:16.624 V/PhoneStatusBar( 1711): setLightsOn(true)
06-05 21:19:16.628 V/PhoneStatusBar( 1711): setLightsOn(true)
06-05 21:19:16.631 D/gralloc_ranchu( 1347): gralloc_alloc: Creating ashmem region of size 3637248
06-05 21:19:16.645 V/PhoneStatusBar( 1711): setLightsOn(true)
06-05 21:19:16.646 V/PhoneStatusBar( 1711): setLightsOn(true)
06-05 21:19:16.648 D/gralloc_ranchu( 1347): gralloc_alloc: Creating ashmem region of size 3637248
06-05 21:19:16.662 V/PhoneStatusBar( 1711): setLightsOn(true)
06-05 21:19:16.912 V/PhoneStatusBar( 1711): setLightsOn(true)
06-05 21:19:16.958 I/System.out( 6699): URI: //map
06-05 21:19:16.958 I/System.out( 6699): params: {json={"query":"* {text CONTAINS[c] 'Unit price, volume'}","operation":{"method_name":"query","arguments":[]}}
06-05 21:19:16.958 I/System.out( 6699): }
06-05 21:19:16.973 I/System.out( 6699): URI: //map
06-05 21:19:16.973 I/System.out( 6699): params: {json={"query":"* {text CONTAINS[c] 'Total cost, volume'}","operation":{"method_name":"query","arguments":[]}}
06-05 21:19:16.973 I/System.out( 6699): }
06-05 21:19:16.987 I/System.out( 6699): URI: //map
06-05 21:19:16.987 I/System.out( 6699): params: {json={"query":"* {text CONTAINS[c] 'Total cost, unit price'}","operation":{"method_name":"query","arguments":[]}}
06-05 21:19:16.987 I/System.out( 6699): }
06-05 21:19:17.001 I/System.out( 6699): URI: //map
06-05 21:19:17.001 I/System.out( 6699): params: {json={"query":"* marked:'Cancel'","operation":{"method_name":"query","arguments":[]}}
06-05 21:19:17.001 I/System.out( 6699): }
06-05 21:19:17.005 W/ResourceType( 6699): No package identifier when getting name for resource number 0x00000001
06-05 21:19:17.015 I/System.out( 6699): URI: //gesture
06-05 21:19:17.015 I/System.out( 6699): params: {json={"query_timeout":5.0,"gestures":[{"query_string":"* marked:'Cancel'","touches":[{"x":50,"y":50,"offset_x":0,"offset_y":0,"wait":0.0,"time":0.2,"release":true,"query_string":null}]}]}
06-05 21:19:17.015 I/System.out( 6699): }
06-05 21:19:17.020 W/ResourceType( 6699): No package identifier when getting name for resource number 0x00000001
06-05 21:19:17.246 V/PhoneStatusBar( 1711): setLightsOn(true)
06-05 21:19:17.248 V/PhoneStatusBar( 1711): setLightsOn(true)
06-05 21:19:17.254 I/System.out( 6699): URI: //map
06-05 21:19:17.254 I/System.out( 6699): params: {json={"query":"* {text CONTAINS[c] 'Choose the most convenient way to enter data'}","operation":{"method_name":"query","arguments":[]}}
06-05 21:19:17.254 I/System.out( 6699): }
06-05 21:19:17.257 I/art     ( 6699): Do partial code cache collection, code=60KB, data=62KB
06-05 21:19:17.257 I/art     ( 6699): After code cache collection, code=60KB, data=62KB
06-05 21:19:17.257 I/art     ( 6699): Increasing code cache capacity to 256KB
06-05 21:19:17.262 W/InputMethodManagerService( 1630): Window already focused, ignoring focus gain of: com.android.internal.view.IInputMethodClient$Stub$Proxy@6fd494a attribute=null, token = android.os.BinderProxy@ac52166
06-05 21:19:17.325 I/System.out( 6699): URI: //map
06-05 21:19:17.325 I/System.out( 6699): params: {json={"query":"* {text CONTAINS[c] 'Perform backups'}","operation":{"method_name":"query","arguments":[]}}
06-05 21:19:17.325 I/System.out( 6699): }
06-05 21:19:17.338 I/System.out( 6699): URI: //map
06-05 21:19:17.338 I/System.out( 6699): params: {json={"query":"* {text CONTAINS[c] 'Your data will be automatically copied to external storage'}","operation":{"method_name":"query","arguments":[]}}
06-05 21:19:17.338 I/System.out( 6699): }
06-05 21:19:17.353 I/System.out( 6699): URI: //map
06-05 21:19:17.353 I/System.out( 6699): params: {json={"query":"* marked:'Change units'","operation":{"method_name":"query","arguments":[]}}
06-05 21:19:17.353 I/System.out( 6699): }
06-05 21:19:17.358 W/ResourceType( 6699): No package identifier when getting name for resource number 0x00000001
06-05 21:19:17.368 I/System.out( 6699): URI: //gesture
06-05 21:19:17.368 I/System.out( 6699): params: {json={"query_timeout":5.0,"gestures":[{"query_string":"* marked:'Change units'","touches":[{"x":50,"y":50,"offset_x":0,"offset_y":0,"wait":0.0,"time":0.2,"release":true,"query_string":null}]}]}
06-05 21:19:17.368 I/System.out( 6699): }
06-05 21:19:17.373 W/ResourceType( 6699): No package identifier when getting name for resource number 0x00000001
06-05 21:19:17.527 I/WindowManager( 1630): Destroying surface Surface(name=com.evancharlton.mileage/com.evancharlton.mileage.SettingsActivity) called by com.android.server.wm.WindowStateAnimator.destroySurface:2016 com.android.server.wm.WindowStateAnimator.destroySurfaceLocked:882 com.android.server.wm.WindowState.destroyOrSaveSurface:2100 com.android.server.wm.AppWindowToken.destroySurfaces:363 com.android.server.wm.WindowStateAnimator.finishExit:565 com.android.server.wm.WindowStateAnimator.stepAnimationLocked:491 com.android.server.wm.WindowAnimator.updateWindowsLocked:303 com.android.server.wm.WindowAnimator.animateLocked:704 
06-05 21:19:17.528 V/PhoneStatusBar( 1711): setLightsOn(true)
06-05 21:19:17.530 V/PhoneStatusBar( 1711): setLightsOn(true)
06-05 21:19:17.598 V/PhoneStatusBar( 1711): setLightsOn(true)
06-05 21:19:17.608 I/System.out( 6699): URI: //map
06-05 21:19:17.608 I/System.out( 6699): params: {json={"query":"* {text CONTAINS[c] 'Units are stored per-vehicle.'}","operation":{"method_name":"query","arguments":[]}}
06-05 21:19:17.608 I/System.out( 6699): }
06-05 21:19:17.646 V/PhoneStatusBar( 1711): setLightsOn(true)
06-05 21:19:17.661 V/PhoneStatusBar( 1711): setLightsOn(true)
06-05 21:19:17.664 D/gralloc_ranchu( 1347): gralloc_alloc: Creating ashmem region of size 3448832
06-05 21:19:17.676 V/PhoneStatusBar( 1711): setLightsOn(true)
06-05 21:19:17.677 V/PhoneStatusBar( 1711): setLightsOn(true)
06-05 21:19:17.679 V/PhoneStatusBar( 1711): setLightsOn(true)
06-05 21:19:17.690 I/System.out( 6699): URI: //map
06-05 21:19:17.690 I/System.out( 6699): params: {json={"query":"* marked:'OK'","operation":{"method_name":"query","arguments":[]}}
06-05 21:19:17.690 I/System.out( 6699): }
06-05 21:19:17.736 W/ResourceType( 6699): No package identifier when getting name for resource number 0x00000001
06-05 21:19:17.743 I/System.out( 6699): URI: //gesture
06-05 21:19:17.743 I/System.out( 6699): params: {json={"query_timeout":5.0,"gestures":[{"query_string":"* marked:'OK'","touches":[{"x":50,"y":50,"offset_x":0,"offset_y":0,"wait":0.0,"time":0.2,"release":true,"query_string":null}]}]}
06-05 21:19:17.743 I/System.out( 6699): }
06-05 21:19:17.748 W/ResourceType( 6699): No package identifier when getting name for resource number 0x00000001
06-05 21:19:17.761 D/gralloc_ranchu( 1347): gralloc_alloc: Creating ashmem region of size 3448832
06-05 21:19:17.928 V/PhoneStatusBar( 1711): setLightsOn(true)
06-05 21:19:17.979 V/PhoneStatusBar( 1711): setLightsOn(true)
06-05 21:19:17.984 V/PhoneStatusBar( 1711): setLightsOn(true)
06-05 21:19:17.986 I/System.out( 6699): URI: //map
06-05 21:19:17.986 I/System.out( 6699): params: {json={"query":"* {text CONTAINS[c] 'How to set gallons/litres/km/etc.'}","operation":{"method_name":"query","arguments":[]}}
06-05 21:19:17.986 I/System.out( 6699): }
06-05 21:19:17.995 W/InputMethodManagerService( 1630): Window already focused, ignoring focus gain of: com.android.internal.view.IInputMethodClient$Stub$Proxy@30d5131 attribute=null, token = android.os.BinderProxy@ac52166
06-05 21:19:18.053 I/System.out( 6699): URI: //map
06-05 21:19:18.053 I/System.out( 6699): params: {json={"query":"* {text CONTAINS[c] 'Notifications'}","operation":{"method_name":"query","arguments":[]}}
06-05 21:19:18.053 I/System.out( 6699): }
06-05 21:19:18.071 I/System.out( 6699): URI: //map
06-05 21:19:18.071 I/System.out( 6699): params: {json={"query":"* {text CONTAINS[c] 'Enable notifications'}","operation":{"method_name":"query","arguments":[]}}
06-05 21:19:18.071 I/System.out( 6699): }
06-05 21:19:18.085 I/art     ( 6699): Compiler allocated 7MB to compile sh.calaba.instrumentationbackend.actions.NanoHTTPD$Response sh.calaba.instrumentationbackend.actions.HttpServer.serve(java.lang.String, java.lang.String, java.util.Properties, java.util.Properties, java.util.Properties)
06-05 21:19:18.086 I/System.out( 6699): URI: //map
06-05 21:19:18.086 I/System.out( 6699): params: {json={"query":"* {text CONTAINS[c] 'Service interval reminders enabled'}","operation":{"method_name":"query","arguments":[]}}
06-05 21:19:18.086 I/System.out( 6699): }
06-05 21:19:18.100 I/System.out( 6699): URI: //map
06-05 21:19:18.100 I/System.out( 6699): params: {json={"query":"* {text CONTAINS[c] 'Select ringtone'}","operation":{"method_name":"query","arguments":[]}}
06-05 21:19:18.100 I/System.out( 6699): }
06-05 21:19:18.117 I/System.out( 6699): URI: //map
06-05 21:19:18.118 I/System.out( 6699): params: {json={"query":"* {text CONTAINS[c] 'Blink LED'}","operation":{"method_name":"query","arguments":[]}}
06-05 21:19:18.118 I/System.out( 6699): }
06-05 21:19:18.133 I/System.out( 6699): URI: //map
06-05 21:19:18.133 I/System.out( 6699): params: {json={"query":"* {text CONTAINS[c] 'LED will flash for reminders'}","operation":{"method_name":"query","arguments":[]}}
06-05 21:19:18.133 I/System.out( 6699): }
06-05 21:19:18.148 I/System.out( 6699): URI: //map
06-05 21:19:18.148 I/System.out( 6699): params: {json={"query":"* {text CONTAINS[c] 'Vibrate'}","operation":{"method_name":"query","arguments":[]}}
06-05 21:19:18.148 I/System.out( 6699): }
06-05 21:19:18.174 I/System.out( 6699): URI: //map
06-05 21:19:18.174 I/System.out( 6699): params: {json={"query":"* {text CONTAINS[c] 'Phone will vibrate for reminders'}","operation":{"method_name":"query","arguments":[]}}
06-05 21:19:18.174 I/System.out( 6699): }
06-05 21:19:18.191 I/System.out( 6699): URI: //map
06-05 21:19:18.191 I/System.out( 6699): params: {json={"query":"* {text CONTAINS[c] 'About Mileage 3.1.1'}","operation":{"method_name":"query","arguments":[]}}
06-05 21:19:18.191 I/System.out( 6699): }
06-05 21:19:18.207 I/System.out( 6699): URI: //map
06-05 21:19:18.207 I/System.out( 6699): params: {json={"query":"* marked:'About'","operation":{"method_name":"query","arguments":[]}}
06-05 21:19:18.207 I/System.out( 6699): }
06-05 21:19:18.214 W/ResourceType( 6699): No package identifier when getting name for resource number 0x00000001
06-05 21:19:18.225 I/System.out( 6699): URI: //gesture
06-05 21:19:18.225 I/System.out( 6699): params: {json={"query_timeout":5.0,"gestures":[{"query_string":"* marked:'About'","touches":[{"x":50,"y":50,"offset_x":0,"offset_y":0,"wait":0.0,"time":0.2,"release":true,"query_string":null}]}]}
06-05 21:19:18.225 I/System.out( 6699): }
06-05 21:19:18.231 W/ResourceType( 6699): No package identifier when getting name for resource number 0x00000001
06-05 21:19:18.260 I/WindowManager( 1630): Destroying surface Surface(name=com.evancharlton.mileage/com.evancharlton.mileage.SettingsActivity) called by com.android.server.wm.WindowStateAnimator.destroySurface:2016 com.android.server.wm.WindowStateAnimator.destroySurfaceLocked:882 com.android.server.wm.WindowState.destroyOrSaveSurface:2100 com.android.server.wm.AppWindowToken.destroySurfaces:363 com.android.server.wm.WindowStateAnimator.finishExit:565 com.android.server.wm.WindowStateAnimator.stepAnimationLocked:491 com.android.server.wm.WindowAnimator.updateWindowsLocked:303 com.android.server.wm.WindowAnimator.animateLocked:704 
06-05 21:19:18.261 V/PhoneStatusBar( 1711): setLightsOn(true)
06-05 21:19:18.263 V/PhoneStatusBar( 1711): setLightsOn(true)
06-05 21:19:18.461 I/ActivityManager( 1630): START u0 {cmp=com.evancharlton.mileage/.AboutActivity} from uid 10286 on display 0
06-05 21:19:18.463 V/PhoneStatusBar( 1711): setLightsOn(true)
06-05 21:19:18.464 V/PhoneStatusBar( 1711): setLightsOn(true)
