--------- beginning of main
06-05 23:00:19.813 V/PhoneStatusBar( 1712): setLightsOn(true)
06-05 23:00:19.814 V/PhoneStatusBar( 1712): setLightsOn(true)
--------- beginning of system
06-05 23:00:19.815 W/ActivityManager( 1631): Finishing task with all activities already finished
06-05 23:00:19.815 W/ActivityManager( 1631): Duplicate finish request for ActivityRecord{cb0c12b u0 com.evancharlton.mileage/.Mileage t9002 f}
06-05 23:00:19.835 D/gralloc_ranchu( 1347): gralloc_alloc: Creating ashmem region of size 3145728
06-05 23:00:19.844 E/EGL_emulation( 1347): tid 1347: eglCreateSyncKHR(1901): error 0x3004 (EGL_BAD_ATTRIBUTE)
06-05 23:00:19.861 W/ActivityManager( 1631): Finishing task with all activities already finished
06-05 23:00:19.861 W/ActivityManager( 1631): Duplicate finish request for ActivityRecord{cb0c12b u0 com.evancharlton.mileage/.Mileage t9002 f}
06-05 23:00:19.861 W/ActivityManager( 1631): Finishing task with all activities already finished
06-05 23:00:19.862 W/ActivityManager( 1631): Duplicate finish request for ActivityRecord{cb0c12b u0 com.evancharlton.mileage/.Mileage t9002 f}
06-05 23:00:19.862 W/ActivityManager( 1631): Finishing task with all activities already finished
06-05 23:00:19.862 W/ActivityManager( 1631): Duplicate finish request for ActivityRecord{cb0c12b u0 com.evancharlton.mileage/.Mileage t9002 f}
06-05 23:00:19.862 W/ActivityManager( 1631): Finishing task with all activities already finished
06-05 23:00:19.862 W/ActivityManager( 1631): Duplicate finish request for ActivityRecord{cb0c12b u0 com.evancharlton.mileage/.Mileage t9002 f}
06-05 23:00:19.901 D/EGL_emulation( 1712): eglMakeCurrent: 0xb0685360: ver 2 0 (tinfo 0xb06836c0)
06-05 23:00:19.903 D/EGL_emulation( 1712): eglMakeCurrent: 0xb0685360: ver 2 0 (tinfo 0xb06836c0)
06-05 23:00:19.918 D/EGL_emulation( 2076): eglMakeCurrent: 0xb0685360: ver 2 0 (tinfo 0xb06836b0)
06-05 23:00:19.951 D/EGL_emulation( 1712): eglMakeCurrent: 0xb0685360: ver 2 0 (tinfo 0xb06836c0)
06-05 23:00:19.967 D/EGL_emulation( 1712): eglMakeCurrent: 0xb0685360: ver 2 0 (tinfo 0xb06836c0)
06-05 23:00:19.969 D/EGL_emulation( 1712): eglMakeCurrent: 0xb0685360: ver 2 0 (tinfo 0xb06836c0)
06-05 23:00:19.984 D/EGL_emulation( 1712): eglMakeCurrent: 0xb0685360: ver 2 0 (tinfo 0xb06836c0)
06-05 23:00:19.986 D/EGL_emulation( 1712): eglMakeCurrent: 0xb0685360: ver 2 0 (tinfo 0xb06836c0)
06-05 23:00:19.992 D/AndroidRuntime(12150): >>>>>> START com.android.internal.os.RuntimeInit uid 2000 <<<<<<
06-05 23:00:19.994 D/AndroidRuntime(12150): CheckJNI is ON
06-05 23:00:20.000 D/EGL_emulation( 1712): eglMakeCurrent: 0xb0685360: ver 2 0 (tinfo 0xb06836c0)
06-05 23:00:20.002 D/EGL_emulation( 1712): eglMakeCurrent: 0xb0685360: ver 2 0 (tinfo 0xb06836c0)
06-05 23:00:20.006 W/art     (12150): Unexpected CPU variant for X86 using defaults: x86
06-05 23:00:20.009 D/ICU     (12150): No timezone override file found: /data/misc/zoneinfo/current/icu/icu_tzdata.dat
06-05 23:00:20.017 E/memtrack(12150): Couldn't load memtrack module (No such file or directory)
06-05 23:00:20.017 E/android.os.Debug(12150): failed to load memtrack module: -2
06-05 23:00:20.017 D/EGL_emulation( 1712): eglMakeCurrent: 0xb0685360: ver 2 0 (tinfo 0xb06836c0)
06-05 23:00:20.017 I/Radio-JNI(12150): register_android_hardware_Radio DONE
06-05 23:00:20.019 D/EGL_emulation( 1712): eglMakeCurrent: 0xb0685360: ver 2 0 (tinfo 0xb06836c0)
06-05 23:00:20.022 D/AndroidRuntime(12150): Calling main entry com.android.commands.am.Am
06-05 23:00:20.023 I/ActivityManager( 1631): Force stopping com.evancharlton.mileage appid=10326 user=0: start instr
06-05 23:00:20.024 I/ActivityManager( 1631): Killing 12105:com.evancharlton.mileage/u0a326 (adj 0): stop com.evancharlton.mileage
06-05 23:00:20.024 D/ActivityManager( 1631): cleanUpApplicationRecord -- 12105
06-05 23:00:20.024 W/ActivityManager( 1631): Crash of app com.evancharlton.mileage running instrumentation ComponentInfo{com.evancharlton.mileage.test/sh.calaba.instrumentationbackend.CalabashInstrumentationTestRunner}
06-05 23:00:20.024 I/ActivityManager( 1631): Force stopping com.evancharlton.mileage appid=10326 user=0: finished inst
06-05 23:00:20.027 I/art     (12161): Not late-enabling -Xcheck:jni (already on)
06-05 23:00:20.027 W/art     (12161): Unexpected CPU variant for X86 using defaults: x86
06-05 23:00:20.034 D/EGL_emulation( 1712): eglMakeCurrent: 0xb0685360: ver 2 0 (tinfo 0xb06836c0)
06-05 23:00:20.035 I/ActivityManager( 1631): Start proc 12161:com.evancharlton.mileage/u0a326 for added application com.evancharlton.mileage
06-05 23:00:20.036 D/EGL_emulation( 1712): eglMakeCurrent: 0xb0685360: ver 2 0 (tinfo 0xb06836c0)
06-05 23:00:20.036 D/AndroidRuntime(12150): Shutting down VM
06-05 23:00:20.042 W/System  (12161): ClassLoader referenced unknown path: /data/app/com.evancharlton.mileage.test-1/lib/x86
06-05 23:00:20.042 W/System  (12161): ClassLoader referenced unknown path: /data/app/com.evancharlton.mileage-1/lib/x86
06-05 23:00:20.044 W/System  (12161): ClassLoader referenced unknown path: 
06-05 23:00:20.048 I/System.out(12161): Main activity name automatically set to: com.evancharlton.mileage.Mileage
06-05 23:00:20.049 I/System.out(12161): Calabash did not load Mono. This is only a problem if you are trying to test a Mono application
06-05 23:00:20.049 I/calabash(12161): Test server port: 7102
06-05 23:00:20.049 I/InstrumentationBackend(12161): Added:'GetPreferences', with key:'get_preferences'
06-05 23:00:20.050 D/EGL_emulation( 1712): eglMakeCurrent: 0xb0685360: ver 2 0 (tinfo 0xb06836c0)
06-05 23:00:20.052 D/EGL_emulation( 1712): eglMakeCurrent: 0xb0685360: ver 2 0 (tinfo 0xb06836c0)
06-05 23:00:20.055 I/InstrumentationBackend(12161): Added:'SetPreferences', with key:'set_preferences'
06-05 23:00:20.055 I/InstrumentationBackend(12161): Added:'ClearPreferences', with key:'clear_preferences'
06-05 23:00:20.055 I/InstrumentationBackend(12161): Added:'PressElement', with key:'press_l10n_element'
06-05 23:00:20.055 I/InstrumentationBackend(12161): Added:'WaitForElement', with key:'wait_for_l10n_element'
06-05 23:00:20.055 I/InstrumentationBackend(12161): Added:'NullAction', with key:'nullAction'
06-05 23:00:20.055 I/InstrumentationBackend(12161): Added:'PressKey', with key:'press_key'
06-05 23:00:20.055 I/InstrumentationBackend(12161): Added:'SetActivityOrientation', with key:'set_activity_orientation'
06-05 23:00:20.055 I/InstrumentationBackend(12161): Added:'GetActivityOrientation', with key:'get_activity_orientation'
06-05 23:00:20.055 I/InstrumentationBackend(12161): Added:'FakeGPSLocation', with key:'set_gps_coordinates'
06-05 23:00:20.056 I/InstrumentationBackend(12161): Added:'SetPropertyByCssSelector', with key:'set_property_by_css_selector'
06-05 23:00:20.056 I/InstrumentationBackend(12161): Added:'GetUrl', with key:'get_url'
06-05 23:00:20.056 I/InstrumentationBackend(12161): Added:'ScrollTo', with key:'scroll_to'
06-05 23:00:20.056 I/InstrumentationBackend(12161): Added:'GetLoadProgress', with key:'get_load_progress'
06-05 23:00:20.056 I/InstrumentationBackend(12161): Added:'DumpHtml', with key:'dump_html'
06-05 23:00:20.056 I/InstrumentationBackend(12161): Added:'DumpBodyHtml', with key:'dump_body_html'
06-05 23:00:20.056 I/InstrumentationBackend(12161): Added:'EnterTextByCssSelector', with key:'enter_text_by_selector'
06-05 23:00:20.057 I/InstrumentationBackend(12161): Added:'AndroidSDKVersion', with key:'android_sdk_version'
06-05 23:00:20.057 I/InstrumentationBackend(12161): Added:'Version', with key:'version'
06-05 23:00:20.057 I/InstrumentationBackend(12161): Added:'Drag', with key:'drag'
06-05 23:00:20.057 I/InstrumentationBackend(12161): Added:'TouchCoordinates', with key:'touch_coordinate'
06-05 23:00:20.057 I/InstrumentationBackend(12161): Added:'LongPressCoordinate', with key:'long_press_coordinate'
06-05 23:00:20.057 I/InstrumentationBackend(12161): Added:'DragCoordinates', with key:'drag_coordinates'
06-05 23:00:20.057 I/InstrumentationBackend(12161): Added:'ResumeApplication', with key:'resume_application'
06-05 23:00:20.057 I/InstrumentationBackend(12161): Added:'Swipe', with key:'swipe'
06-05 23:00:20.057 I/InstrumentationBackend(12161): Added:'DoubleTapCoordinate', with key:'double_tap_coordinate'
06-05 23:00:20.057 I/InstrumentationBackend(12161): Added:'ClickOnScreen', with key:'click_on_screen'
06-05 23:00:20.057 I/InstrumentationBackend(12161): Added:'GetActivityName', with key:'get_activity_name'
06-05 23:00:20.057 I/InstrumentationBackend(12161): Added:'ScrollToView', with key:'scroll_to_view'
06-05 23:00:20.057 I/InstrumentationBackend(12161): Added:'ViewConfiguration', with key:'view_configuration'
06-05 23:00:20.057 I/InstrumentationBackend(12161): Added:'IsCurrentActivityFocused', with key:'is_current_activity_focused'
06-05 23:00:20.058 I/InstrumentationBackend(12161): Added:'SendTcp', with key:'send_tcp'
06-05 23:00:20.058 I/InstrumentationBackend(12161): Added:'DpToDevicePixel', with key:'dp_to_device_pixel'
06-05 23:00:20.058 I/InstrumentationBackend(12161): Added:'KeyboardEnterText', with key:'keyboard_enter_text'
06-05 23:00:20.058 I/InstrumentationBackend(12161): Added:'DeleteSurroundingText', with key:'delete_surrounding_text'
06-05 23:00:20.058 I/InstrumentationBackend(12161): Added:'SetComposingRegion', with key:'set_composing_region'
06-05 23:00:20.058 I/InstrumentationBackend(12161): Added:'SetSelection', with key:'set_selection'
06-05 23:00:20.058 I/InstrumentationBackend(12161): Added:'KeyboardKeyEvent', with key:'keyboard_key_event'
06-05 23:00:20.058 I/InstrumentationBackend(12161): Added:'PressUserActionButton', with key:'press_user_action_button'
06-05 23:00:20.058 I/InstrumentationBackend(12161): Added:'HideSoftKeyboard', with key:'hide_soft_keyboard'
06-05 23:00:20.058 I/InstrumentationBackend(12161): Added:'ListActions', with key:'list_actions'
06-05 23:00:20.058 I/calabash(12161): Instantiating http server at 7102
06-05 23:00:20.059 I/System.out(12161): HTTP Daemon listening on: 7102
06-05 23:00:20.067 D/EGL_emulation( 1712): eglMakeCurrent: 0xb0685360: ver 2 0 (tinfo 0xb06836c0)
06-05 23:00:20.068 D/EGL_emulation( 1712): eglMakeCurrent: 0xb0685360: ver 2 0 (tinfo 0xb06836c0)
06-05 23:00:20.073 I/WindowManager( 1631): WIN DEATH: Window{6b815f6 u0 com.evancharlton.mileage/com.evancharlton.mileage.Mileage EXITING}
06-05 23:00:20.088 D/EGL_emulation( 1712): eglMakeCurrent: 0xb0685360: ver 2 0 (tinfo 0xb06836c0)
06-05 23:00:20.092 D/EGL_emulation( 1712): eglMakeCurrent: 0xb0685360: ver 2 0 (tinfo 0xb06836c0)
06-05 23:00:20.101 D/EGL_emulation( 1712): eglMakeCurrent: 0xb0685360: ver 2 0 (tinfo 0xb06836c0)
06-05 23:00:20.117 D/EGL_emulation( 1712): eglMakeCurrent: 0xb0685360: ver 2 0 (tinfo 0xb06836c0)
06-05 23:00:20.118 D/EGL_emulation( 1712): eglMakeCurrent: 0xb0685360: ver 2 0 (tinfo 0xb06836c0)
06-05 23:00:20.134 D/EGL_emulation( 1712): eglMakeCurrent: 0xb0685360: ver 2 0 (tinfo 0xb06836c0)
06-05 23:00:20.135 D/EGL_emulation( 1712): eglMakeCurrent: 0xb0685360: ver 2 0 (tinfo 0xb06836c0)
06-05 23:00:20.146 I/System.out(12161): URI: //ping
06-05 23:00:20.146 I/System.out(12161): params: {json={}
06-05 23:00:20.146 I/System.out(12161): }
06-05 23:00:20.148 I/System.out(12161): URI: //ping
06-05 23:00:20.148 I/System.out(12161): params: {json={}
06-05 23:00:20.148 I/System.out(12161): }
06-05 23:00:20.150 I/System.out(12161): URI: //ready
06-05 23:00:20.150 I/System.out(12161): params: {json={}
06-05 23:00:20.150 I/System.out(12161): }
06-05 23:00:20.152 I/System.out(12161): URI: //
06-05 23:00:20.152 I/System.out(12161): params: {json={"command":"version","arguments":[]}
06-05 23:00:20.152 I/System.out(12161): }
06-05 23:00:20.152 I/System.out(12161): header: {content-type=application/json;charset=utf-8, date=Sat, 06 Jun 2020 04:00:20 GMT, accept=*/*, host=127.0.0.1:34777, content-length=36, user-agent=HTTPClient/1.0 (2.8.3, ruby 2.5.1 (2018-03-29))}
06-05 23:00:20.152 I/System.out(12161): params: {json={"command":"version","arguments":[]}
06-05 23:00:20.152 I/System.out(12161): }
06-05 23:00:20.152 I/System.out(12161): ProP json = {"command":"version","arguments":[]}
06-05 23:00:20.152 I/System.out(12161): files: {}
06-05 23:00:20.152 I/System.out(12161): command: {"command":"version","arguments":[]}
06-05 23:00:20.156 I/InstrumentationBackend(12161): Got command:'Command:'Line:null,version', arguments:'[]'
06-05 23:00:20.162 I/System.out(12161): result:{"bonusInformation":[],"message":"0.9.8","success":true}
06-05 23:00:20.164 I/System.out(12161): URI: //start-application
06-05 23:00:20.164 I/System.out(12161): params: {json={"intent":null}
06-05 23:00:20.164 I/System.out(12161): }
06-05 23:00:20.174 I/ActivityManager( 1631): START u0 {act=android.intent.action.MAIN cat=[android.intent.category.LAUNCHER] flg=0x10200000 cmp=com.evancharlton.mileage/.Mileage} from uid 10326 on display 0
06-05 23:00:20.180 I/calabash(12161): newActivity1
06-05 23:00:20.191 I/calabash(12161): newActivity1
06-05 23:00:20.192 W/ActivityManager( 1631): Bad activity token: android.os.BinderProxy@ac302e2
06-05 23:00:20.192 W/ActivityManager( 1631): java.lang.ClassCastException: android.os.BinderProxy cannot be cast to com.android.server.am.ActivityRecord$Token
06-05 23:00:20.192 W/ActivityManager( 1631): 	at com.android.server.am.ActivityRecord.forTokenLocked(ActivityRecord.java:586)
06-05 23:00:20.192 W/ActivityManager( 1631): 	at com.android.server.am.ActivityRecord.isInStackLocked(ActivityRecord.java:1327)
06-05 23:00:20.192 W/ActivityManager( 1631): 	at com.android.server.am.ActivityRecord.getStackLocked(ActivityRecord.java:1332)
06-05 23:00:20.192 W/ActivityManager( 1631): 	at com.android.server.am.ActivityManagerService.getActivityDisplayId(ActivityManagerService.java:9806)
06-05 23:00:20.192 W/ActivityManager( 1631): 	at android.app.ActivityManagerNative.onTransact(ActivityManagerNative.java:2566)
06-05 23:00:20.192 W/ActivityManager( 1631): 	at com.android.server.am.ActivityManagerService.onTransact(ActivityManagerService.java:2757)
06-05 23:00:20.192 W/ActivityManager( 1631): 	at android.os.Binder.execTransact(Binder.java:565)
06-05 23:00:20.193 W/ActivityManager( 1631): Bad activity token: android.os.BinderProxy@ac302e2
06-05 23:00:20.193 W/ActivityManager( 1631): java.lang.ClassCastException: android.os.BinderProxy cannot be cast to com.android.server.am.ActivityRecord$Token
06-05 23:00:20.193 W/ActivityManager( 1631): 	at com.android.server.am.ActivityRecord.forTokenLocked(ActivityRecord.java:586)
06-05 23:00:20.193 W/ActivityManager( 1631): 	at com.android.server.am.ActivityRecord.isInStackLocked(ActivityRecord.java:1327)
06-05 23:00:20.193 W/ActivityManager( 1631): 	at com.android.server.am.ActivityManagerService.setTaskDescription(ActivityManagerService.java:9358)
06-05 23:00:20.193 W/ActivityManager( 1631): 	at android.app.ActivityManagerNative.onTransact(ActivityManagerNative.java:2639)
06-05 23:00:20.193 W/ActivityManager( 1631): 	at com.android.server.am.ActivityManagerService.onTransact(ActivityManagerService.java:2757)
06-05 23:00:20.193 W/ActivityManager( 1631): 	at android.os.Binder.execTransact(Binder.java:565)
06-05 23:00:20.194 W/ActivityManager( 1631): Bad activity token: android.os.BinderProxy@ac302e2
06-05 23:00:20.194 W/ActivityManager( 1631): java.lang.ClassCastException: android.os.BinderProxy cannot be cast to com.android.server.am.ActivityRecord$Token
06-05 23:00:20.194 W/ActivityManager( 1631): 	at com.android.server.am.ActivityRecord.forTokenLocked(ActivityRecord.java:586)
06-05 23:00:20.194 W/ActivityManager( 1631): 	at com.android.server.am.ActivityRecord.isInStackLocked(ActivityRecord.java:1327)
06-05 23:00:20.194 W/ActivityManager( 1631): 	at com.android.server.am.ActivityRecord.getStackLocked(ActivityRecord.java:1332)
06-05 23:00:20.194 W/ActivityManager( 1631): 	at com.android.server.am.ActivityManagerService.getActivityStackId(ActivityManagerService.java:9817)
06-05 23:00:20.194 W/ActivityManager( 1631): 	at android.app.ActivityManagerNative.onTransact(ActivityManagerNative.java:2856)
06-05 23:00:20.194 W/ActivityManager( 1631): 	at com.android.server.am.ActivityManagerService.onTransact(ActivityManagerService.java:2757)
06-05 23:00:20.194 W/ActivityManager( 1631): 	at android.os.Binder.execTransact(Binder.java:565)
06-05 23:00:20.200 D/gralloc_ranchu( 1347): gralloc_alloc: Creating ashmem region of size 9023488
06-05 23:00:20.219 W/ActivityManager( 1631): Bad activity token: android.os.BinderProxy@ac302e2
06-05 23:00:20.219 W/ActivityManager( 1631): java.lang.ClassCastException: android.os.BinderProxy cannot be cast to com.android.server.am.ActivityRecord$Token
06-05 23:00:20.219 W/ActivityManager( 1631): 	at com.android.server.am.ActivityRecord.forTokenLocked(ActivityRecord.java:586)
06-05 23:00:20.219 W/ActivityManager( 1631): 	at com.android.server.am.ActivityRecord.isInStackLocked(ActivityRecord.java:1327)
06-05 23:00:20.219 W/ActivityManager( 1631): 	at com.android.server.am.ActivityManagerService.getActivityOptions(ActivityManagerService.java:12559)
06-05 23:00:20.219 W/ActivityManager( 1631): 	at android.app.ActivityManagerNative.onTransact(ActivityManagerNative.java:1933)
06-05 23:00:20.219 W/ActivityManager( 1631): 	at com.android.server.am.ActivityManagerService.onTransact(ActivityManagerService.java:2757)
06-05 23:00:20.219 W/ActivityManager( 1631): 	at android.os.Binder.execTransact(Binder.java:565)
06-05 23:00:20.219 W/ActivityManager( 1631): Bad activity token: android.os.BinderProxy@ac302e2
06-05 23:00:20.219 W/ActivityManager( 1631): java.lang.ClassCastException: android.os.BinderProxy cannot be cast to com.android.server.am.ActivityRecord$Token
06-05 23:00:20.219 W/ActivityManager( 1631): 	at com.android.server.am.ActivityRecord.forTokenLocked(ActivityRecord.java:586)
06-05 23:00:20.219 W/ActivityManager( 1631): 	at com.android.server.am.ActivityRecord.isInStackLocked(ActivityRecord.java:1327)
06-05 23:00:20.219 W/ActivityManager( 1631): 	at com.android.server.am.ActivityManagerService.getActivityOptions(ActivityManagerService.java:12559)
06-05 23:00:20.219 W/ActivityManager( 1631): 	at android.app.ActivityManagerNative.onTransact(ActivityManagerNative.java:1933)
06-05 23:00:20.219 W/ActivityManager( 1631): 	at com.android.server.am.ActivityManagerService.onTransact(ActivityManagerService.java:2757)
06-05 23:00:20.219 W/ActivityManager( 1631): 	at android.os.Binder.execTransact(Binder.java:565)
06-05 23:00:20.246 V/PhoneStatusBar( 1712): setLightsOn(true)
06-05 23:00:20.251 D/EGL_emulation( 2076): eglMakeCurrent: 0xb0685360: ver 2 0 (tinfo 0xb06836b0)
06-05 23:00:20.256 D/EGL_emulation( 1712): eglMakeCurrent: 0xb0685360: ver 2 0 (tinfo 0xb06836c0)
06-05 23:00:20.266 D/gralloc_ranchu( 1347): gralloc_alloc: Creating ashmem region of size 9023488
06-05 23:00:20.267 D/EGL_emulation( 1712): eglMakeCurrent: 0xb0685360: ver 2 0 (tinfo 0xb06836c0)
06-05 23:00:20.274 D/        (12161): HostConnection::get() New Host Connection established 0x942a20c0, tid 12161
06-05 23:00:20.275 D/EGL_emulation( 1712): eglMakeCurrent: 0xb0685360: ver 2 0 (tinfo 0xb06836c0)
06-05 23:00:20.275 V/PhoneStatusBar( 1712): setLightsOn(true)
06-05 23:00:20.312 D/EGL_emulation( 1712): eglMakeCurrent: 0xb0685360: ver 2 0 (tinfo 0xb06836c0)
06-05 23:00:20.316 D/EGL_emulation( 1712): eglMakeCurrent: 0xb0685360: ver 2 0 (tinfo 0xb06836c0)
06-05 23:00:20.319 D/EGL_emulation( 1712): eglMakeCurrent: 0xb0685360: ver 2 0 (tinfo 0xb06836c0)
06-05 23:00:20.320 D/EGL_emulation( 1712): eglMakeCurrent: 0xb0685360: ver 2 0 (tinfo 0xb06836c0)
06-05 23:00:20.334 D/EGL_emulation( 1712): eglMakeCurrent: 0xb0685360: ver 2 0 (tinfo 0xb06836c0)
06-05 23:00:20.336 D/EGL_emulation( 1712): eglMakeCurrent: 0xb0685360: ver 2 0 (tinfo 0xb06836c0)
06-05 23:00:20.336 I/ActivityManager( 1631): Displayed com.evancharlton.mileage/.Mileage: +157ms
06-05 23:00:20.350 I/WindowManager( 1631): Destroying surface Surface(name=com.evancharlton.mileage/com.evancharlton.mileage.Mileage) called by com.android.server.wm.WindowStateAnimator.destroySurface:2016 com.android.server.wm.WindowStateAnimator.destroySurfaceLocked:882 com.android.server.wm.WindowState.removeLocked:1456 com.android.server.wm.WindowManagerService.removeWindowInnerLocked:2484 com.android.server.wm.AppWindowToken.destroySurfaces:365 com.android.server.wm.WindowStateAnimator.finishExit:565 com.android.server.wm.AppWindowAnimator.stepAnimationLocked:427 com.android.server.wm.WindowAnimator.updateAppWindowsLocked:196 
06-05 23:00:20.350 D/gralloc_ranchu( 1347): gralloc_alloc: Creating ashmem region of size 9023488
06-05 23:00:20.350 D/EGL_emulation( 1712): eglMakeCurrent: 0xb0685360: ver 2 0 (tinfo 0xb06836c0)
06-05 23:00:20.368 D/EGL_emulation( 1712): eglMakeCurrent: 0xb0685360: ver 2 0 (tinfo 0xb06836c0)
06-05 23:00:20.370 D/EGL_emulation( 1712): eglMakeCurrent: 0xb0685360: ver 2 0 (tinfo 0xb06836c0)
06-05 23:00:20.385 D/EGL_emulation( 1712): eglMakeCurrent: 0xb0685360: ver 2 0 (tinfo 0xb06836c0)
06-05 23:00:20.386 V/PhoneStatusBar( 1712): setLightsOn(true)
06-05 23:00:20.388 D/EGL_emulation( 1712): eglMakeCurrent: 0xb0685360: ver 2 0 (tinfo 0xb06836c0)
06-05 23:00:20.393 D/EGL_emulation( 1712): eglMakeCurrent: 0xb0685360: ver 2 0 (tinfo 0xb06836c0)
06-05 23:00:20.401 D/EGL_emulation( 1712): eglMakeCurrent: 0xb0685360: ver 2 0 (tinfo 0xb06836c0)
06-05 23:00:20.403 D/EGL_emulation( 1712): eglMakeCurrent: 0xb0685360: ver 2 0 (tinfo 0xb06836c0)
06-05 23:00:20.418 D/EGL_emulation( 1712): eglMakeCurrent: 0xb0685360: ver 2 0 (tinfo 0xb06836c0)
06-05 23:00:20.420 D/EGL_emulation( 1712): eglMakeCurrent: 0xb0685360: ver 2 0 (tinfo 0xb06836c0)
06-05 23:00:20.427 I/System.out(12161): URI: //map
06-05 23:00:20.427 I/System.out(12161): params: {json={"query":"* marked:'Statistics'","operation":{"method_name":"query","arguments":[]}}
06-05 23:00:20.427 I/System.out(12161): }
06-05 23:00:20.434 D/EGL_emulation( 1712): eglMakeCurrent: 0xb0685360: ver 2 0 (tinfo 0xb06836c0)
06-05 23:00:20.436 D/EGL_emulation( 1712): eglMakeCurrent: 0xb0685360: ver 2 0 (tinfo 0xb06836c0)
06-05 23:00:20.444 W/ResourceType(12161): No package identifier when getting name for resource number 0x00000001
06-05 23:00:20.451 D/EGL_emulation( 1712): eglMakeCurrent: 0xb0685360: ver 2 0 (tinfo 0xb06836c0)
06-05 23:00:20.453 D/EGL_emulation( 1712): eglMakeCurrent: 0xb0685360: ver 2 0 (tinfo 0xb06836c0)
06-05 23:00:20.463 I/System.out(12161): URI: //gesture
06-05 23:00:20.463 I/System.out(12161): params: {json={"query_timeout":5.0,"gestures":[{"query_string":"* marked:'Statistics'","touches":[{"x":50,"y":50,"offset_x":0,"offset_y":0,"wait":0.0,"time":0.2,"release":true,"query_string":null}]}]}
06-05 23:00:20.463 I/System.out(12161): }
06-05 23:00:20.467 D/EGL_emulation( 1712): eglMakeCurrent: 0xb0685360: ver 2 0 (tinfo 0xb06836c0)
06-05 23:00:20.471 W/ResourceType(12161): No package identifier when getting name for resource number 0x00000001
06-05 23:00:20.533 I/WindowManager( 1631): Destroying surface Surface(name=Starting com.evancharlton.mileage) called by com.android.server.wm.WindowStateAnimator.destroySurface:2016 com.android.server.wm.WindowStateAnimator.destroySurfaceLocked:882 com.android.server.wm.WindowState.destroyOrSaveSurface:2100 com.android.server.wm.AppWindowToken.destroySurfaces:363 com.android.server.wm.WindowStateAnimator.finishExit:565 com.android.server.wm.WindowStateAnimator.stepAnimationLocked:491 com.android.server.wm.WindowAnimator.updateWindowsLocked:303 com.android.server.wm.WindowAnimator.animateLocked:704 
06-05 23:00:20.536 V/PhoneStatusBar( 1712): setLightsOn(true)
06-05 23:00:20.538 V/PhoneStatusBar( 1712): setLightsOn(true)
06-05 23:00:20.684 V/PhoneStatusBar( 1712): setLightsOn(true)
06-05 23:00:20.701 I/calabash(12161): newActivity1
06-05 23:00:20.715 I/System.out(12161): URI: //map
06-05 23:00:20.715 I/System.out(12161): params: {json={"query":"android.widget.ScrollView index:0","operation":{"method_name":"query","arguments":[]}}
06-05 23:00:20.715 I/System.out(12161): }
06-05 23:00:20.716 W/ActivityManager( 1631): Bad activity token: android.os.BinderProxy@6844e60
06-05 23:00:20.716 W/ActivityManager( 1631): java.lang.ClassCastException: android.os.BinderProxy cannot be cast to com.android.server.am.ActivityRecord$Token
06-05 23:00:20.716 W/ActivityManager( 1631): 	at com.android.server.am.ActivityRecord.forTokenLocked(ActivityRecord.java:586)
06-05 23:00:20.716 W/ActivityManager( 1631): 	at com.android.server.am.ActivityRecord.isInStackLocked(ActivityRecord.java:1327)
06-05 23:00:20.716 W/ActivityManager( 1631): 	at com.android.server.am.ActivityRecord.getStackLocked(ActivityRecord.java:1332)
06-05 23:00:20.716 W/ActivityManager( 1631): 	at com.android.server.am.ActivityManagerService.getActivityDisplayId(ActivityManagerService.java:9806)
06-05 23:00:20.716 W/ActivityManager( 1631): 	at android.app.ActivityManagerNative.onTransact(ActivityManagerNative.java:2566)
06-05 23:00:20.716 W/ActivityManager( 1631): 	at com.android.server.am.ActivityManagerService.onTransact(ActivityManagerService.java:2757)
06-05 23:00:20.716 W/ActivityManager( 1631): 	at android.os.Binder.execTransact(Binder.java:565)
06-05 23:00:20.718 W/ActivityManager( 1631): Bad activity token: android.os.BinderProxy@6844e60
06-05 23:00:20.718 W/ActivityManager( 1631): java.lang.ClassCastException: android.os.BinderProxy cannot be cast to com.android.server.am.ActivityRecord$Token
06-05 23:00:20.718 W/ActivityManager( 1631): 	at com.android.server.am.ActivityRecord.forTokenLocked(ActivityRecord.java:586)
06-05 23:00:20.718 W/ActivityManager( 1631): 	at com.android.server.am.ActivityRecord.isInStackLocked(ActivityRecord.java:1327)
06-05 23:00:20.718 W/ActivityManager( 1631): 	at com.android.server.am.ActivityManagerService.setTaskDescription(ActivityManagerService.java:9358)
06-05 23:00:20.718 W/ActivityManager( 1631): 	at android.app.ActivityManagerNative.onTransact(ActivityManagerNative.java:2639)
06-05 23:00:20.718 W/ActivityManager( 1631): 	at com.android.server.am.ActivityManagerService.onTransact(ActivityManagerService.java:2757)
06-05 23:00:20.718 W/ActivityManager( 1631): 	at android.os.Binder.execTransact(Binder.java:565)
06-05 23:00:20.719 W/ActivityManager( 1631): Bad activity token: android.os.BinderProxy@6844e60
06-05 23:00:20.719 W/ActivityManager( 1631): java.lang.ClassCastException: android.os.BinderProxy cannot be cast to com.android.server.am.ActivityRecord$Token
06-05 23:00:20.719 W/ActivityManager( 1631): 	at com.android.server.am.ActivityRecord.forTokenLocked(ActivityRecord.java:586)
06-05 23:00:20.719 W/ActivityManager( 1631): 	at com.android.server.am.ActivityRecord.isInStackLocked(ActivityRecord.java:1327)
06-05 23:00:20.719 W/ActivityManager( 1631): 	at com.android.server.am.ActivityRecord.getStackLocked(ActivityRecord.java:1332)
06-05 23:00:20.719 W/ActivityManager( 1631): 	at com.android.server.am.ActivityManagerService.getActivityStackId(ActivityManagerService.java:9817)
06-05 23:00:20.719 W/ActivityManager( 1631): 	at android.app.ActivityManagerNative.onTransact(ActivityManagerNative.java:2856)
06-05 23:00:20.719 W/ActivityManager( 1631): 	at com.android.server.am.ActivityManagerService.onTransact(ActivityManagerService.java:2757)
06-05 23:00:20.719 W/ActivityManager( 1631): 	at android.os.Binder.execTransact(Binder.java:565)
06-05 23:00:20.726 D/VehicleStatisticsActivity(12161): Checking recalculation ...
06-05 23:00:20.727 D/VehicleStatisticsActivity(12161): Recalculation not necessary.
06-05 23:00:20.729 W/ActivityManager( 1631): Bad activity token: android.os.BinderProxy@6844e60
06-05 23:00:20.729 W/ActivityManager( 1631): java.lang.ClassCastException: android.os.BinderProxy cannot be cast to com.android.server.am.ActivityRecord$Token
06-05 23:00:20.729 W/ActivityManager( 1631): 	at com.android.server.am.ActivityRecord.forTokenLocked(ActivityRecord.java:586)
06-05 23:00:20.729 W/ActivityManager( 1631): 	at com.android.server.am.ActivityRecord.isInStackLocked(ActivityRecord.java:1327)
06-05 23:00:20.729 W/ActivityManager( 1631): 	at com.android.server.am.ActivityManagerService.getActivityOptions(ActivityManagerService.java:12559)
06-05 23:00:20.729 W/ActivityManager( 1631): 	at android.app.ActivityManagerNative.onTransact(ActivityManagerNative.java:1933)
06-05 23:00:20.729 W/ActivityManager( 1631): 	at com.android.server.am.ActivityManagerService.onTransact(ActivityManagerService.java:2757)
06-05 23:00:20.729 W/ActivityManager( 1631): 	at android.os.Binder.execTransact(Binder.java:565)
06-05 23:00:20.729 W/ActivityManager( 1631): Bad activity token: android.os.BinderProxy@6844e60
06-05 23:00:20.729 W/ActivityManager( 1631): java.lang.ClassCastException: android.os.BinderProxy cannot be cast to com.android.server.am.ActivityRecord$Token
06-05 23:00:20.729 W/ActivityManager( 1631): 	at com.android.server.am.ActivityRecord.forTokenLocked(ActivityRecord.java:586)
06-05 23:00:20.729 W/ActivityManager( 1631): 	at com.android.server.am.ActivityRecord.isInStackLocked(ActivityRecord.java:1327)
06-05 23:00:20.729 W/ActivityManager( 1631): 	at com.android.server.am.ActivityManagerService.getActivityOptions(ActivityManagerService.java:12559)
06-05 23:00:20.729 W/ActivityManager( 1631): 	at android.app.ActivityManagerNative.onTransact(ActivityManagerNative.java:1933)
06-05 23:00:20.729 W/ActivityManager( 1631): 	at com.android.server.am.ActivityManagerService.onTransact(ActivityManagerService.java:2757)
06-05 23:00:20.729 W/ActivityManager( 1631): 	at android.os.Binder.execTransact(Binder.java:565)
06-05 23:00:20.731 D/VehicleStatisticsActivity(12161): Checking recalculation ...
06-05 23:00:20.733 D/VehicleStatisticsActivity(12161): Recalculation not necessary.
06-05 23:00:20.803 I/System.out(12161): URI: //map
06-05 23:00:20.803 I/System.out(12161): params: {json={"query":"android.widget.AbsListView index:0","operation":{"method_name":"query","arguments":[]}}
06-05 23:00:20.803 I/System.out(12161): }
06-05 23:00:20.809 I/art     (12161): Do partial code cache collection, code=30KB, data=29KB
06-05 23:00:20.809 I/art     (12161): After code cache collection, code=29KB, data=28KB
06-05 23:00:20.809 I/art     (12161): Increasing code cache capacity to 128KB
06-05 23:00:20.820 I/System.out(12161): URI: //map
06-05 23:00:20.820 I/System.out(12161): params: {json={"query":"android.widget.AbsListView index:0","operation":{"method_name":"query","arguments":[]}}
06-05 23:00:20.820 I/System.out(12161): }
06-05 23:00:20.836 I/System.out(12161): URI: //map
06-05 23:00:20.836 I/System.out(12161): params: {json={"query":"android.widget.AbsListView index:0","operation":{"method_name":"query","arguments":[]}}
06-05 23:00:20.836 I/System.out(12161): }
06-05 23:00:20.854 I/System.out(12161): URI: //map
06-05 23:00:20.854 I/System.out(12161): params: {json={"query":"android.widget.AbsListView index:0","operation":{"method_name":"query","arguments":["getFirstVisiblePosition"]}}
06-05 23:00:20.854 I/System.out(12161): }
06-05 23:00:20.868 I/System.out(12161): URI: //map
06-05 23:00:20.868 I/System.out(12161): params: {json={"query":"android.widget.AbsListView index:0","operation":{"method_name":"query","arguments":["getLastVisiblePosition"]}}
06-05 23:00:20.868 I/System.out(12161): }
06-05 23:00:20.883 I/System.out(12161): URI: //map
06-05 23:00:20.883 I/System.out(12161): params: {json={"query":"android.widget.AbsListView index:0","operation":{"method_name":"query","arguments":[{"method_name":"setSelection","arguments":[26]}]}}
06-05 23:00:20.883 I/System.out(12161): }
06-05 23:00:20.905 I/System.out(12161): URI: //map
06-05 23:00:20.905 I/System.out(12161): params: {json={"query":"* {text CONTAINS[c] 'Average cost per mi'}","operation":{"method_name":"query","arguments":[]}}
06-05 23:00:20.905 I/System.out(12161): }
06-05 23:00:20.946 D/gralloc_ranchu( 1347): gralloc_alloc: Creating ashmem region of size 9023488
06-05 23:00:20.985 V/PhoneStatusBar( 1712): setLightsOn(true)
06-05 23:00:20.985 V/PhoneStatusBar( 1712): setLightsOn(true)
06-05 23:00:20.987 W/OpenGLRenderer( 2076): Incorrectly called buildLayer on View: ShortcutAndWidgetContainer, destroying layer...
06-05 23:00:21.001 I/WindowManager( 1631): Destroying surface Surface(name=com.android.launcher3/com.android.launcher3.Launcher) called by com.android.server.wm.WindowStateAnimator.destroySurface:2016 com.android.server.wm.WindowStateAnimator.destroySurfaceLocked:882 com.android.server.wm.WindowState.destroyOrSaveSurface:2100 com.android.server.wm.AppWindowToken.destroySurfaces:363 com.android.server.wm.AppWindowToken.notifyAppStopped:389 com.android.server.wm.WindowManagerService.notifyAppStopped:4463 com.android.server.am.ActivityStack.activityStoppedLocked:1252 com.android.server.am.ActivityManagerService.activityStopped:6903 
06-05 23:00:21.001 V/PhoneStatusBar( 1712): setLightsOn(true)
06-05 23:00:21.028 I/System.out(12161): URI: //map
06-05 23:00:21.028 I/System.out(12161): params: {json={"query":"* {text CONTAINS[c] 'Minimum cost per mi'}","operation":{"method_name":"query","arguments":[]}}
06-05 23:00:21.028 I/System.out(12161): }
06-05 23:00:21.045 I/System.out(12161): URI: //map
06-05 23:00:21.045 I/System.out(12161): params: {json={"query":"* {text CONTAINS[c] 'Maximum cost per mi'}","operation":{"method_name":"query","arguments":[]}}
06-05 23:00:21.045 I/System.out(12161): }
