--------- beginning of system
06-05 18:16:56.415 W/ActivityManager( 1630): Duplicate finish request for ActivityRecord{bbd627a u0 com.evancharlton.mileage/.Mileage t2719 f}
06-05 18:16:56.415 W/ActivityManager( 1630): Duplicate finish request for ActivityRecord{bbd627a u0 com.evancharlton.mileage/.Mileage t2719 f}
06-05 18:16:56.416 W/ActivityManager( 1630): Duplicate finish request for ActivityRecord{bbd627a u0 com.evancharlton.mileage/.Mileage t2719 f}
06-05 18:16:56.416 W/ActivityManager( 1630): Duplicate finish request for ActivityRecord{bbd627a u0 com.evancharlton.mileage/.Mileage t2719 f}
06-05 18:16:56.416 W/ActivityManager( 1630): Duplicate finish request for ActivityRecord{bbd627a u0 com.evancharlton.mileage/.Mileage t2719 f}
06-05 18:16:56.418 W/ActivityManager( 1630): Finishing task with all activities already finished
06-05 18:16:56.418 W/ActivityManager( 1630): Duplicate finish request for ActivityRecord{f48394 u0 com.evancharlton.mileage/.charts.AverageFuelEconomyChart t2719 f}
--------- beginning of main
06-05 18:16:56.426 V/PhoneStatusBar( 1712): setLightsOn(true)
06-05 18:16:56.428 D/gralloc_ranchu( 1346): gralloc_alloc: Creating ashmem region of size 3145728
06-05 18:16:56.433 E/EGL_emulation( 1346): tid 1346: eglCreateSyncKHR(1901): error 0x3004 (EGL_BAD_ATTRIBUTE)
06-05 18:16:56.494 D/EGL_emulation( 1712): eglMakeCurrent: 0xb4085540: ver 2 0 (tinfo 0xb4083740)
06-05 18:16:56.495 D/EGL_emulation( 2099): eglMakeCurrent: 0xb4085240: ver 2 0 (tinfo 0xb40832d0)
06-05 18:16:56.510 D/EGL_emulation( 1712): eglMakeCurrent: 0xb4085540: ver 2 0 (tinfo 0xb4083740)
06-05 18:16:56.527 D/EGL_emulation( 1712): eglMakeCurrent: 0xb4085540: ver 2 0 (tinfo 0xb4083740)
06-05 18:16:56.542 D/AndroidRuntime( 4188): >>>>>> START com.android.internal.os.RuntimeInit uid 2000 <<<<<<
06-05 18:16:56.542 D/EGL_emulation( 1712): eglMakeCurrent: 0xb4085540: ver 2 0 (tinfo 0xb4083740)
06-05 18:16:56.543 D/AndroidRuntime( 4188): CheckJNI is ON
06-05 18:16:56.544 D/EGL_emulation( 1712): eglMakeCurrent: 0xb4085540: ver 2 0 (tinfo 0xb4083740)
06-05 18:16:56.554 W/art     ( 4188): Unexpected CPU variant for X86 using defaults: x86
06-05 18:16:56.556 D/ICU     ( 4188): No timezone override file found: /data/misc/zoneinfo/current/icu/icu_tzdata.dat
06-05 18:16:56.559 D/EGL_emulation( 1712): eglMakeCurrent: 0xb4085540: ver 2 0 (tinfo 0xb4083740)
06-05 18:16:56.561 D/EGL_emulation( 1712): eglMakeCurrent: 0xb4085540: ver 2 0 (tinfo 0xb4083740)
06-05 18:16:56.563 E/memtrack( 4188): Couldn't load memtrack module (No such file or directory)
06-05 18:16:56.563 E/android.os.Debug( 4188): failed to load memtrack module: -2
06-05 18:16:56.564 I/Radio-JNI( 4188): register_android_hardware_Radio DONE
06-05 18:16:56.567 D/AndroidRuntime( 4188): Calling main entry com.android.commands.am.Am
06-05 18:16:56.569 I/ActivityManager( 1630): Force stopping com.evancharlton.mileage appid=10150 user=0: start instr
06-05 18:16:56.569 I/ActivityManager( 1630): Killing 4145:com.evancharlton.mileage/u0a150 (adj 0): stop com.evancharlton.mileage
06-05 18:16:56.569 D/ActivityManager( 1630): cleanUpApplicationRecord -- 4145
06-05 18:16:56.569 W/ActivityManager( 1630): Crash of app com.evancharlton.mileage running instrumentation ComponentInfo{com.evancharlton.mileage.test/sh.calaba.instrumentationbackend.CalabashInstrumentationTestRunner}
06-05 18:16:56.569 I/ActivityManager( 1630): Force stopping com.evancharlton.mileage appid=10150 user=0: finished inst
06-05 18:16:56.572 I/art     ( 4198): Not late-enabling -Xcheck:jni (already on)
06-05 18:16:56.572 W/art     ( 4198): Unexpected CPU variant for X86 using defaults: x86
06-05 18:16:56.576 D/EGL_emulation( 1712): eglMakeCurrent: 0xb4085540: ver 2 0 (tinfo 0xb4083740)
06-05 18:16:56.577 D/EGL_emulation( 1712): eglMakeCurrent: 0xb4085540: ver 2 0 (tinfo 0xb4083740)
06-05 18:16:56.580 I/ActivityManager( 1630): Start proc 4198:com.evancharlton.mileage/u0a150 for added application com.evancharlton.mileage
06-05 18:16:56.580 D/AndroidRuntime( 4188): Shutting down VM
06-05 18:16:56.584 W/System  ( 4198): ClassLoader referenced unknown path: /data/app/com.evancharlton.mileage.test-1/lib/x86
06-05 18:16:56.584 W/System  ( 4198): ClassLoader referenced unknown path: /data/app/com.evancharlton.mileage-1/lib/x86
06-05 18:16:56.586 W/System  ( 4198): ClassLoader referenced unknown path: 
06-05 18:16:56.590 I/System.out( 4198): Main activity name automatically set to: com.evancharlton.mileage.Mileage
06-05 18:16:56.590 I/System.out( 4198): Calabash did not load Mono. This is only a problem if you are trying to test a Mono application
06-05 18:16:56.590 I/calabash( 4198): Test server port: 7102
06-05 18:16:56.591 I/InstrumentationBackend( 4198): Added:'GetPreferences', with key:'get_preferences'
06-05 18:16:56.592 D/EGL_emulation( 1712): eglMakeCurrent: 0xb4085540: ver 2 0 (tinfo 0xb4083740)
06-05 18:16:56.594 D/EGL_emulation( 1712): eglMakeCurrent: 0xb4085540: ver 2 0 (tinfo 0xb4083740)
06-05 18:16:56.595 I/InstrumentationBackend( 4198): Added:'SetPreferences', with key:'set_preferences'
06-05 18:16:56.595 I/InstrumentationBackend( 4198): Added:'ClearPreferences', with key:'clear_preferences'
06-05 18:16:56.595 I/InstrumentationBackend( 4198): Added:'PressElement', with key:'press_l10n_element'
06-05 18:16:56.595 I/InstrumentationBackend( 4198): Added:'WaitForElement', with key:'wait_for_l10n_element'
06-05 18:16:56.595 I/InstrumentationBackend( 4198): Added:'NullAction', with key:'nullAction'
06-05 18:16:56.595 I/InstrumentationBackend( 4198): Added:'PressKey', with key:'press_key'
06-05 18:16:56.595 I/InstrumentationBackend( 4198): Added:'SetActivityOrientation', with key:'set_activity_orientation'
06-05 18:16:56.595 I/InstrumentationBackend( 4198): Added:'GetActivityOrientation', with key:'get_activity_orientation'
06-05 18:16:56.595 I/InstrumentationBackend( 4198): Added:'FakeGPSLocation', with key:'set_gps_coordinates'
06-05 18:16:56.595 I/InstrumentationBackend( 4198): Added:'SetPropertyByCssSelector', with key:'set_property_by_css_selector'
06-05 18:16:56.595 I/InstrumentationBackend( 4198): Added:'GetUrl', with key:'get_url'
06-05 18:16:56.595 I/InstrumentationBackend( 4198): Added:'ScrollTo', with key:'scroll_to'
06-05 18:16:56.596 I/InstrumentationBackend( 4198): Added:'GetLoadProgress', with key:'get_load_progress'
06-05 18:16:56.596 I/InstrumentationBackend( 4198): Added:'DumpHtml', with key:'dump_html'
06-05 18:16:56.596 I/InstrumentationBackend( 4198): Added:'DumpBodyHtml', with key:'dump_body_html'
06-05 18:16:56.596 I/InstrumentationBackend( 4198): Added:'EnterTextByCssSelector', with key:'enter_text_by_selector'
06-05 18:16:56.596 I/InstrumentationBackend( 4198): Added:'AndroidSDKVersion', with key:'android_sdk_version'
06-05 18:16:56.596 I/InstrumentationBackend( 4198): Added:'Version', with key:'version'
06-05 18:16:56.596 I/InstrumentationBackend( 4198): Added:'Drag', with key:'drag'
06-05 18:16:56.596 I/InstrumentationBackend( 4198): Added:'TouchCoordinates', with key:'touch_coordinate'
06-05 18:16:56.596 I/InstrumentationBackend( 4198): Added:'LongPressCoordinate', with key:'long_press_coordinate'
06-05 18:16:56.596 I/InstrumentationBackend( 4198): Added:'DragCoordinates', with key:'drag_coordinates'
06-05 18:16:56.596 I/InstrumentationBackend( 4198): Added:'ResumeApplication', with key:'resume_application'
06-05 18:16:56.596 I/InstrumentationBackend( 4198): Added:'Swipe', with key:'swipe'
06-05 18:16:56.596 I/InstrumentationBackend( 4198): Added:'DoubleTapCoordinate', with key:'double_tap_coordinate'
06-05 18:16:56.596 I/InstrumentationBackend( 4198): Added:'ClickOnScreen', with key:'click_on_screen'
06-05 18:16:56.596 I/InstrumentationBackend( 4198): Added:'GetActivityName', with key:'get_activity_name'
06-05 18:16:56.596 I/InstrumentationBackend( 4198): Added:'ScrollToView', with key:'scroll_to_view'
06-05 18:16:56.596 I/InstrumentationBackend( 4198): Added:'ViewConfiguration', with key:'view_configuration'
06-05 18:16:56.596 I/InstrumentationBackend( 4198): Added:'IsCurrentActivityFocused', with key:'is_current_activity_focused'
06-05 18:16:56.597 I/InstrumentationBackend( 4198): Added:'SendTcp', with key:'send_tcp'
06-05 18:16:56.597 I/InstrumentationBackend( 4198): Added:'DpToDevicePixel', with key:'dp_to_device_pixel'
06-05 18:16:56.597 I/InstrumentationBackend( 4198): Added:'KeyboardEnterText', with key:'keyboard_enter_text'
06-05 18:16:56.597 I/InstrumentationBackend( 4198): Added:'DeleteSurroundingText', with key:'delete_surrounding_text'
06-05 18:16:56.597 I/InstrumentationBackend( 4198): Added:'SetComposingRegion', with key:'set_composing_region'
06-05 18:16:56.597 I/InstrumentationBackend( 4198): Added:'SetSelection', with key:'set_selection'
06-05 18:16:56.597 I/InstrumentationBackend( 4198): Added:'KeyboardKeyEvent', with key:'keyboard_key_event'
06-05 18:16:56.597 I/InstrumentationBackend( 4198): Added:'PressUserActionButton', with key:'press_user_action_button'
06-05 18:16:56.597 I/InstrumentationBackend( 4198): Added:'HideSoftKeyboard', with key:'hide_soft_keyboard'
06-05 18:16:56.597 I/InstrumentationBackend( 4198): Added:'ListActions', with key:'list_actions'
06-05 18:16:56.597 I/calabash( 4198): Instantiating http server at 7102
06-05 18:16:56.597 I/System.out( 4198): HTTP Daemon listening on: 7102
06-05 18:16:56.609 D/EGL_emulation( 1712): eglMakeCurrent: 0xb4085540: ver 2 0 (tinfo 0xb4083740)
06-05 18:16:56.611 D/EGL_emulation( 1712): eglMakeCurrent: 0xb4085540: ver 2 0 (tinfo 0xb4083740)
06-05 18:16:56.627 D/EGL_emulation( 1712): eglMakeCurrent: 0xb4085540: ver 2 0 (tinfo 0xb4083740)
06-05 18:16:56.633 D/EGL_emulation( 1712): eglMakeCurrent: 0xb4085540: ver 2 0 (tinfo 0xb4083740)
06-05 18:16:56.633 I/WindowManager( 1630): WIN DEATH: Window{a27d7cd u0 com.evancharlton.mileage/com.evancharlton.mileage.Mileage EXITING}
06-05 18:16:56.634 W/InputDispatcher( 1630): channel '7da637e com.evancharlton.mileage/com.evancharlton.mileage.charts.AverageFuelEconomyChart (server)' ~ Consumer closed input channel or an error occurred.  events=0x9
06-05 18:16:56.634 E/InputDispatcher( 1630): channel '7da637e com.evancharlton.mileage/com.evancharlton.mileage.charts.AverageFuelEconomyChart (server)' ~ Channel is unrecoverably broken and will be disposed!
06-05 18:16:56.636 I/WindowManager( 1630): WIN DEATH: Window{7da637e u0 com.evancharlton.mileage/com.evancharlton.mileage.charts.AverageFuelEconomyChart EXITING}
06-05 18:16:56.636 W/InputDispatcher( 1630): Attempted to unregister already unregistered input channel '7da637e com.evancharlton.mileage/com.evancharlton.mileage.charts.AverageFuelEconomyChart (server)'
06-05 18:16:56.671 D/EGL_emulation( 1712): eglMakeCurrent: 0xb4085540: ver 2 0 (tinfo 0xb4083740)
06-05 18:16:56.674 D/EGL_emulation( 1712): eglMakeCurrent: 0xb4085540: ver 2 0 (tinfo 0xb4083740)
06-05 18:16:56.678 D/EGL_emulation( 1712): eglMakeCurrent: 0xb4085540: ver 2 0 (tinfo 0xb4083740)
06-05 18:16:56.682 D/EGL_emulation( 1712): eglMakeCurrent: 0xb4085540: ver 2 0 (tinfo 0xb4083740)
06-05 18:16:56.690 I/System.out( 4198): URI: //ping
06-05 18:16:56.690 I/System.out( 4198): params: {json={}
06-05 18:16:56.690 I/System.out( 4198): }
06-05 18:16:56.694 I/System.out( 4198): URI: //ping
06-05 18:16:56.694 I/System.out( 4198): params: {json={}
06-05 18:16:56.694 I/System.out( 4198): }
06-05 18:16:56.694 D/EGL_emulation( 1712): eglMakeCurrent: 0xb4085540: ver 2 0 (tinfo 0xb4083740)
06-05 18:16:56.698 I/System.out( 4198): URI: //ready
06-05 18:16:56.698 I/System.out( 4198): params: {json={}
06-05 18:16:56.698 I/System.out( 4198): }
06-05 18:16:56.701 I/System.out( 4198): URI: //
06-05 18:16:56.701 I/System.out( 4198): params: {json={"command":"version","arguments":[]}
06-05 18:16:56.701 I/System.out( 4198): }
06-05 18:16:56.701 I/System.out( 4198): header: {content-type=application/json;charset=utf-8, date=Fri, 05 Jun 2020 23:16:57 GMT, accept=*/*, host=127.0.0.1:34784, content-length=36, user-agent=HTTPClient/1.0 (2.8.3, ruby 2.5.1 (2018-03-29))}
06-05 18:16:56.701 I/System.out( 4198): params: {json={"command":"version","arguments":[]}
06-05 18:16:56.701 I/System.out( 4198): }
06-05 18:16:56.701 I/System.out( 4198): ProP json = {"command":"version","arguments":[]}
06-05 18:16:56.701 I/System.out( 4198): files: {}
06-05 18:16:56.701 I/System.out( 4198): command: {"command":"version","arguments":[]}
06-05 18:16:56.706 I/InstrumentationBackend( 4198): Got command:'Command:'Line:null,version', arguments:'[]'
06-05 18:16:56.710 D/EGL_emulation( 1712): eglMakeCurrent: 0xb4085540: ver 2 0 (tinfo 0xb4083740)
06-05 18:16:56.712 D/EGL_emulation( 1712): eglMakeCurrent: 0xb4085540: ver 2 0 (tinfo 0xb4083740)
06-05 18:16:56.718 I/System.out( 4198): result:{"bonusInformation":[],"message":"0.9.8","success":true}
06-05 18:16:56.721 I/System.out( 4198): URI: //start-application
06-05 18:16:56.721 I/System.out( 4198): params: {json={"intent":null}
06-05 18:16:56.721 I/System.out( 4198): }
06-05 18:16:56.726 D/EGL_emulation( 1712): eglMakeCurrent: 0xb4085540: ver 2 0 (tinfo 0xb4083740)
06-05 18:16:56.728 D/EGL_emulation( 1712): eglMakeCurrent: 0xb4085540: ver 2 0 (tinfo 0xb4083740)
06-05 18:16:56.743 I/ActivityManager( 1630): START u0 {act=android.intent.action.MAIN cat=[android.intent.category.LAUNCHER] flg=0x10200000 cmp=com.evancharlton.mileage/.Mileage} from uid 10150 on display 0
06-05 18:16:56.765 I/calabash( 4198): newActivity1
06-05 18:16:56.776 D/EGL_emulation( 2099): eglMakeCurrent: 0xb4085240: ver 2 0 (tinfo 0xb40832d0)
06-05 18:16:56.782 I/calabash( 4198): newActivity1
06-05 18:16:56.783 W/ActivityManager( 1630): Bad activity token: android.os.BinderProxy@a415bf4
06-05 18:16:56.783 W/ActivityManager( 1630): java.lang.ClassCastException: android.os.BinderProxy cannot be cast to com.android.server.am.ActivityRecord$Token
06-05 18:16:56.783 W/ActivityManager( 1630): 	at com.android.server.am.ActivityRecord.forTokenLocked(ActivityRecord.java:586)
06-05 18:16:56.783 W/ActivityManager( 1630): 	at com.android.server.am.ActivityRecord.isInStackLocked(ActivityRecord.java:1327)
06-05 18:16:56.783 W/ActivityManager( 1630): 	at com.android.server.am.ActivityRecord.getStackLocked(ActivityRecord.java:1332)
06-05 18:16:56.783 W/ActivityManager( 1630): 	at com.android.server.am.ActivityManagerService.getActivityDisplayId(ActivityManagerService.java:9806)
06-05 18:16:56.783 W/ActivityManager( 1630): 	at android.app.ActivityManagerNative.onTransact(ActivityManagerNative.java:2566)
06-05 18:16:56.783 W/ActivityManager( 1630): 	at com.android.server.am.ActivityManagerService.onTransact(ActivityManagerService.java:2757)
06-05 18:16:56.783 W/ActivityManager( 1630): 	at android.os.Binder.execTransact(Binder.java:565)
06-05 18:16:56.784 W/ActivityManager( 1630): Bad activity token: android.os.BinderProxy@a415bf4
06-05 18:16:56.784 W/ActivityManager( 1630): java.lang.ClassCastException: android.os.BinderProxy cannot be cast to com.android.server.am.ActivityRecord$Token
06-05 18:16:56.784 W/ActivityManager( 1630): 	at com.android.server.am.ActivityRecord.forTokenLocked(ActivityRecord.java:586)
06-05 18:16:56.784 W/ActivityManager( 1630): 	at com.android.server.am.ActivityRecord.isInStackLocked(ActivityRecord.java:1327)
06-05 18:16:56.784 W/ActivityManager( 1630): 	at com.android.server.am.ActivityManagerService.setTaskDescription(ActivityManagerService.java:9358)
06-05 18:16:56.784 W/ActivityManager( 1630): 	at android.app.ActivityManagerNative.onTransact(ActivityManagerNative.java:2639)
06-05 18:16:56.784 W/ActivityManager( 1630): 	at com.android.server.am.ActivityManagerService.onTransact(ActivityManagerService.java:2757)
06-05 18:16:56.784 W/ActivityManager( 1630): 	at android.os.Binder.execTransact(Binder.java:565)
06-05 18:16:56.785 W/ActivityManager( 1630): Bad activity token: android.os.BinderProxy@a415bf4
06-05 18:16:56.785 W/ActivityManager( 1630): java.lang.ClassCastException: android.os.BinderProxy cannot be cast to com.android.server.am.ActivityRecord$Token
06-05 18:16:56.785 W/ActivityManager( 1630): 	at com.android.server.am.ActivityRecord.forTokenLocked(ActivityRecord.java:586)
06-05 18:16:56.785 W/ActivityManager( 1630): 	at com.android.server.am.ActivityRecord.isInStackLocked(ActivityRecord.java:1327)
06-05 18:16:56.785 W/ActivityManager( 1630): 	at com.android.server.am.ActivityRecord.getStackLocked(ActivityRecord.java:1332)
06-05 18:16:56.785 W/ActivityManager( 1630): 	at com.android.server.am.ActivityManagerService.getActivityStackId(ActivityManagerService.java:9817)
06-05 18:16:56.785 W/ActivityManager( 1630): 	at android.app.ActivityManagerNative.onTransact(ActivityManagerNative.java:2856)
06-05 18:16:56.785 W/ActivityManager( 1630): 	at com.android.server.am.ActivityManagerService.onTransact(ActivityManagerService.java:2757)
06-05 18:16:56.785 W/ActivityManager( 1630): 	at android.os.Binder.execTransact(Binder.java:565)
06-05 18:16:56.794 D/gralloc_ranchu( 1346): gralloc_alloc: Creating ashmem region of size 9023488
06-05 18:16:56.810 W/ActivityManager( 1630): Bad activity token: android.os.BinderProxy@a415bf4
06-05 18:16:56.810 W/ActivityManager( 1630): java.lang.ClassCastException: android.os.BinderProxy cannot be cast to com.android.server.am.ActivityRecord$Token
06-05 18:16:56.810 W/ActivityManager( 1630): 	at com.android.server.am.ActivityRecord.forTokenLocked(ActivityRecord.java:586)
06-05 18:16:56.810 W/ActivityManager( 1630): 	at com.android.server.am.ActivityRecord.isInStackLocked(ActivityRecord.java:1327)
06-05 18:16:56.810 W/ActivityManager( 1630): 	at com.android.server.am.ActivityManagerService.getActivityOptions(ActivityManagerService.java:12559)
06-05 18:16:56.810 W/ActivityManager( 1630): 	at android.app.ActivityManagerNative.onTransact(ActivityManagerNative.java:1933)
06-05 18:16:56.810 W/ActivityManager( 1630): 	at com.android.server.am.ActivityManagerService.onTransact(ActivityManagerService.java:2757)
06-05 18:16:56.810 W/ActivityManager( 1630): 	at android.os.Binder.execTransact(Binder.java:565)
06-05 18:16:56.811 W/ActivityManager( 1630): Bad activity token: android.os.BinderProxy@a415bf4
06-05 18:16:56.811 W/ActivityManager( 1630): java.lang.ClassCastException: android.os.BinderProxy cannot be cast to com.android.server.am.ActivityRecord$Token
06-05 18:16:56.811 W/ActivityManager( 1630): 	at com.android.server.am.ActivityRecord.forTokenLocked(ActivityRecord.java:586)
06-05 18:16:56.811 W/ActivityManager( 1630): 	at com.android.server.am.ActivityRecord.isInStackLocked(ActivityRecord.java:1327)
06-05 18:16:56.811 W/ActivityManager( 1630): 	at com.android.server.am.ActivityManagerService.getActivityOptions(ActivityManagerService.java:12559)
06-05 18:16:56.811 W/ActivityManager( 1630): 	at android.app.ActivityManagerNative.onTransact(ActivityManagerNative.java:1933)
06-05 18:16:56.811 W/ActivityManager( 1630): 	at com.android.server.am.ActivityManagerService.onTransact(ActivityManagerService.java:2757)
06-05 18:16:56.811 W/ActivityManager( 1630): 	at android.os.Binder.execTransact(Binder.java:565)
06-05 18:16:56.833 V/PhoneStatusBar( 1712): setLightsOn(true)
06-05 18:16:56.842 D/gralloc_ranchu( 1346): gralloc_alloc: Creating ashmem region of size 9023488
06-05 18:16:56.847 D/        ( 4198): HostConnection::get() New Host Connection established 0xa4c7c500, tid 4198
06-05 18:16:56.847 D/EGL_emulation( 1712): eglMakeCurrent: 0xb4085540: ver 2 0 (tinfo 0xb4083740)
06-05 18:16:56.877 D/EGL_emulation( 1712): eglMakeCurrent: 0xb4085540: ver 2 0 (tinfo 0xb4083740)
06-05 18:16:56.880 D/EGL_emulation( 1712): eglMakeCurrent: 0xb4085540: ver 2 0 (tinfo 0xb4083740)
06-05 18:16:56.880 V/PhoneStatusBar( 1712): setLightsOn(true)
06-05 18:16:56.881 D/EGL_emulation( 1712): eglMakeCurrent: 0xb4085540: ver 2 0 (tinfo 0xb4083740)
06-05 18:16:56.883 D/EGL_emulation( 1712): eglMakeCurrent: 0xb4085540: ver 2 0 (tinfo 0xb4083740)
06-05 18:16:56.894 D/EGL_emulation( 1712): eglMakeCurrent: 0xb4085540: ver 2 0 (tinfo 0xb4083740)
06-05 18:16:56.896 D/EGL_emulation( 1712): eglMakeCurrent: 0xb4085540: ver 2 0 (tinfo 0xb4083740)
06-05 18:16:56.896 I/ActivityManager( 1630): Displayed com.evancharlton.mileage/.Mileage: +133ms
06-05 18:16:56.909 D/gralloc_ranchu( 1346): gralloc_alloc: Creating ashmem region of size 9023488
06-05 18:16:56.915 D/EGL_emulation( 1712): eglMakeCurrent: 0xb4085540: ver 2 0 (tinfo 0xb4083740)
06-05 18:16:56.924 D/EGL_emulation( 1712): eglMakeCurrent: 0xb4085540: ver 2 0 (tinfo 0xb4083740)
06-05 18:16:56.926 I/WindowManager( 1630): Destroying surface Surface(name=com.evancharlton.mileage/com.evancharlton.mileage.charts.AverageFuelEconomyChart) called by com.android.server.wm.WindowStateAnimator.destroySurface:2016 com.android.server.wm.WindowStateAnimator.destroySurfaceLocked:882 com.android.server.wm.WindowState.removeLocked:1456 com.android.server.wm.WindowManagerService.removeWindowInnerLocked:2484 com.android.server.wm.AppWindowToken.destroySurfaces:365 com.android.server.wm.WindowStateAnimator.finishExit:565 com.android.server.wm.AppWindowAnimator.stepAnimationLocked:427 com.android.server.wm.WindowAnimator.updateAppWindowsLocked:196 
06-05 18:16:56.926 D/EGL_emulation( 1712): eglMakeCurrent: 0xb4085540: ver 2 0 (tinfo 0xb4083740)
06-05 18:16:56.927 I/WindowManager( 1630): Destroying surface Surface(name=com.evancharlton.mileage/com.evancharlton.mileage.Mileage) called by com.android.server.wm.WindowStateAnimator.destroySurface:2016 com.android.server.wm.WindowStateAnimator.destroySurfaceLocked:882 com.android.server.wm.WindowState.removeLocked:1456 com.android.server.wm.WindowManagerService.removeWindowInnerLocked:2484 com.android.server.wm.AppWindowToken.destroySurfaces:365 com.android.server.wm.WindowStateAnimator.finishExit:565 com.android.server.wm.WindowStateAnimator.stepAnimationLocked:491 com.android.server.wm.WindowAnimator.updateWindowsLocked:303 
06-05 18:16:56.935 D/EGL_emulation( 1712): eglMakeCurrent: 0xb4085540: ver 2 0 (tinfo 0xb4083740)
06-05 18:16:56.944 D/EGL_emulation( 1712): eglMakeCurrent: 0xb4085540: ver 2 0 (tinfo 0xb4083740)
06-05 18:16:56.946 D/EGL_emulation( 1712): eglMakeCurrent: 0xb4085540: ver 2 0 (tinfo 0xb4083740)
06-05 18:16:56.947 V/PhoneStatusBar( 1712): setLightsOn(true)
06-05 18:16:56.959 D/EGL_emulation( 1712): eglMakeCurrent: 0xb4085540: ver 2 0 (tinfo 0xb4083740)
06-05 18:16:56.961 I/System.out( 4198): URI: //map
06-05 18:16:56.961 I/System.out( 4198): params: {json={"query":"* marked:'Statistics'","operation":{"method_name":"query","arguments":[]}}
06-05 18:16:56.961 I/System.out( 4198): }
06-05 18:16:56.961 D/EGL_emulation( 1712): eglMakeCurrent: 0xb4085540: ver 2 0 (tinfo 0xb4083740)
06-05 18:16:56.974 W/ResourceType( 4198): No package identifier when getting name for resource number 0x00000001
06-05 18:16:56.976 D/EGL_emulation( 1712): eglMakeCurrent: 0xb4085540: ver 2 0 (tinfo 0xb4083740)
06-05 18:16:56.977 D/EGL_emulation( 1712): eglMakeCurrent: 0xb4085540: ver 2 0 (tinfo 0xb4083740)
06-05 18:16:56.989 I/System.out( 4198): URI: //gesture
06-05 18:16:56.989 I/System.out( 4198): params: {json={"query_timeout":5.0,"gestures":[{"query_string":"* marked:'Statistics'","touches":[{"x":50,"y":50,"offset_x":0,"offset_y":0,"wait":0.0,"time":0.2,"release":true,"query_string":null}]}]}
06-05 18:16:56.989 I/System.out( 4198): }
06-05 18:16:56.993 D/EGL_emulation( 1712): eglMakeCurrent: 0xb4085540: ver 2 0 (tinfo 0xb4083740)
06-05 18:16:56.994 D/EGL_emulation( 1712): eglMakeCurrent: 0xb4085540: ver 2 0 (tinfo 0xb4083740)
06-05 18:16:56.996 W/ResourceType( 4198): No package identifier when getting name for resource number 0x00000001
06-05 18:16:57.009 D/EGL_emulation( 1712): eglMakeCurrent: 0xb4085540: ver 2 0 (tinfo 0xb4083740)
06-05 18:16:57.020 D/EGL_emulation( 1712): eglMakeCurrent: 0xb4085540: ver 2 0 (tinfo 0xb4083740)
06-05 18:16:57.036 D/EGL_emulation( 1712): eglMakeCurrent: 0xb4085540: ver 2 0 (tinfo 0xb4083740)
06-05 18:16:57.044 D/EGL_emulation( 1712): eglMakeCurrent: 0xb4085540: ver 2 0 (tinfo 0xb4083740)
06-05 18:16:57.046 D/EGL_emulation( 1712): eglMakeCurrent: 0xb4085540: ver 2 0 (tinfo 0xb4083740)
06-05 18:16:57.092 I/WindowManager( 1630): Destroying surface Surface(name=Starting com.evancharlton.mileage) called by com.android.server.wm.WindowStateAnimator.destroySurface:2016 com.android.server.wm.WindowStateAnimator.destroySurfaceLocked:882 com.android.server.wm.WindowState.destroyOrSaveSurface:2100 com.android.server.wm.AppWindowToken.destroySurfaces:363 com.android.server.wm.WindowStateAnimator.finishExit:565 com.android.server.wm.WindowStateAnimator.stepAnimationLocked:491 com.android.server.wm.WindowAnimator.updateWindowsLocked:303 com.android.server.wm.WindowAnimator.animateLocked:704 
06-05 18:16:57.094 V/PhoneStatusBar( 1712): setLightsOn(true)
06-05 18:16:57.095 V/PhoneStatusBar( 1712): setLightsOn(true)
06-05 18:16:57.227 I/calabash( 4198): newActivity1
06-05 18:16:57.236 I/System.out( 4198): URI: //map
06-05 18:16:57.236 I/System.out( 4198): params: {json={"query":"* marked:'Worst fuel economy'","operation":{"method_name":"query","arguments":[]}}
06-05 18:16:57.236 I/System.out( 4198): }
06-05 18:16:57.239 W/ActivityManager( 1630): Bad activity token: android.os.BinderProxy@70bd58e
06-05 18:16:57.239 W/ActivityManager( 1630): java.lang.ClassCastException: android.os.BinderProxy cannot be cast to com.android.server.am.ActivityRecord$Token
06-05 18:16:57.239 W/ActivityManager( 1630): 	at com.android.server.am.ActivityRecord.forTokenLocked(ActivityRecord.java:586)
06-05 18:16:57.239 W/ActivityManager( 1630): 	at com.android.server.am.ActivityRecord.isInStackLocked(ActivityRecord.java:1327)
06-05 18:16:57.239 W/ActivityManager( 1630): 	at com.android.server.am.ActivityRecord.getStackLocked(ActivityRecord.java:1332)
06-05 18:16:57.239 W/ActivityManager( 1630): 	at com.android.server.am.ActivityManagerService.getActivityDisplayId(ActivityManagerService.java:9806)
06-05 18:16:57.239 W/ActivityManager( 1630): 	at android.app.ActivityManagerNative.onTransact(ActivityManagerNative.java:2566)
06-05 18:16:57.239 W/ActivityManager( 1630): 	at com.android.server.am.ActivityManagerService.onTransact(ActivityManagerService.java:2757)
06-05 18:16:57.239 W/ActivityManager( 1630): 	at android.os.Binder.execTransact(Binder.java:565)
06-05 18:16:57.240 W/ActivityManager( 1630): Bad activity token: android.os.BinderProxy@70bd58e
06-05 18:16:57.240 W/ActivityManager( 1630): java.lang.ClassCastException: android.os.BinderProxy cannot be cast to com.android.server.am.ActivityRecord$Token
06-05 18:16:57.240 W/ActivityManager( 1630): 	at com.android.server.am.ActivityRecord.forTokenLocked(ActivityRecord.java:586)
06-05 18:16:57.240 W/ActivityManager( 1630): 	at com.android.server.am.ActivityRecord.isInStackLocked(ActivityRecord.java:1327)
06-05 18:16:57.240 W/ActivityManager( 1630): 	at com.android.server.am.ActivityManagerService.setTaskDescription(ActivityManagerService.java:9358)
06-05 18:16:57.240 W/ActivityManager( 1630): 	at android.app.ActivityManagerNative.onTransact(ActivityManagerNative.java:2639)
06-05 18:16:57.240 W/ActivityManager( 1630): 	at com.android.server.am.ActivityManagerService.onTransact(ActivityManagerService.java:2757)
06-05 18:16:57.240 W/ActivityManager( 1630): 	at android.os.Binder.execTransact(Binder.java:565)
06-05 18:16:57.241 W/ActivityManager( 1630): Bad activity token: android.os.BinderProxy@70bd58e
06-05 18:16:57.241 W/ActivityManager( 1630): java.lang.ClassCastException: android.os.BinderProxy cannot be cast to com.android.server.am.ActivityRecord$Token
06-05 18:16:57.241 W/ActivityManager( 1630): 	at com.android.server.am.ActivityRecord.forTokenLocked(ActivityRecord.java:586)
06-05 18:16:57.241 W/ActivityManager( 1630): 	at com.android.server.am.ActivityRecord.isInStackLocked(ActivityRecord.java:1327)
06-05 18:16:57.241 W/ActivityManager( 1630): 	at com.android.server.am.ActivityRecord.getStackLocked(ActivityRecord.java:1332)
06-05 18:16:57.241 W/ActivityManager( 1630): 	at com.android.server.am.ActivityManagerService.getActivityStackId(ActivityManagerService.java:9817)
06-05 18:16:57.241 W/ActivityManager( 1630): 	at android.app.ActivityManagerNative.onTransact(ActivityManagerNative.java:2856)
06-05 18:16:57.241 W/ActivityManager( 1630): 	at com.android.server.am.ActivityManagerService.onTransact(ActivityManagerService.java:2757)
06-05 18:16:57.241 W/ActivityManager( 1630): 	at android.os.Binder.execTransact(Binder.java:565)
06-05 18:16:57.246 D/VehicleStatisticsActivity( 4198): Checking recalculation ...
06-05 18:16:57.247 D/VehicleStatisticsActivity( 4198): Recalculation not necessary.
06-05 18:16:57.248 W/ActivityManager( 1630): Bad activity token: android.os.BinderProxy@70bd58e
06-05 18:16:57.248 W/ActivityManager( 1630): java.lang.ClassCastException: android.os.BinderProxy cannot be cast to com.android.server.am.ActivityRecord$Token
06-05 18:16:57.248 W/ActivityManager( 1630): 	at com.android.server.am.ActivityRecord.forTokenLocked(ActivityRecord.java:586)
06-05 18:16:57.248 W/ActivityManager( 1630): 	at com.android.server.am.ActivityRecord.isInStackLocked(ActivityRecord.java:1327)
06-05 18:16:57.248 W/ActivityManager( 1630): 	at com.android.server.am.ActivityManagerService.getActivityOptions(ActivityManagerService.java:12559)
06-05 18:16:57.248 W/ActivityManager( 1630): 	at android.app.ActivityManagerNative.onTransact(ActivityManagerNative.java:1933)
06-05 18:16:57.248 W/ActivityManager( 1630): 	at com.android.server.am.ActivityManagerService.onTransact(ActivityManagerService.java:2757)
06-05 18:16:57.248 W/ActivityManager( 1630): 	at android.os.Binder.execTransact(Binder.java:565)
06-05 18:16:57.248 W/ActivityManager( 1630): Bad activity token: android.os.BinderProxy@70bd58e
06-05 18:16:57.248 W/ActivityManager( 1630): java.lang.ClassCastException: android.os.BinderProxy cannot be cast to com.android.server.am.ActivityRecord$Token
06-05 18:16:57.248 W/ActivityManager( 1630): 	at com.android.server.am.ActivityRecord.forTokenLocked(ActivityRecord.java:586)
06-05 18:16:57.248 W/ActivityManager( 1630): 	at com.android.server.am.ActivityRecord.isInStackLocked(ActivityRecord.java:1327)
06-05 18:16:57.248 W/ActivityManager( 1630): 	at com.android.server.am.ActivityManagerService.getActivityOptions(ActivityManagerService.java:12559)
06-05 18:16:57.248 W/ActivityManager( 1630): 	at android.app.ActivityManagerNative.onTransact(ActivityManagerNative.java:1933)
06-05 18:16:57.248 W/ActivityManager( 1630): 	at com.android.server.am.ActivityManagerService.onTransact(ActivityManagerService.java:2757)
06-05 18:16:57.248 W/ActivityManager( 1630): 	at android.os.Binder.execTransact(Binder.java:565)
06-05 18:16:57.250 D/VehicleStatisticsActivity( 4198): Checking recalculation ...
06-05 18:16:57.251 D/VehicleStatisticsActivity( 4198): Recalculation not necessary.
06-05 18:16:57.276 I/WindowManager( 1630): Destroying surface Surface(name=com.android.launcher3/com.android.launcher3.Launcher) called by com.android.server.wm.WindowStateAnimator.destroySurface:2016 com.android.server.wm.WindowStateAnimator.destroySurfaceLocked:882 com.android.server.wm.WindowState.destroyOrSaveSurface:2100 com.android.server.wm.AppWindowToken.destroySurfaces:363 com.android.server.wm.WindowStateAnimator.finishExit:565 com.android.server.wm.AppWindowAnimator.stepAnimationLocked:427 com.android.server.wm.WindowAnimator.updateAppWindowsLocked:176 com.android.server.wm.WindowAnimator.animateLocked:678 
06-05 18:16:57.281 V/PhoneStatusBar( 1712): setLightsOn(true)
06-05 18:16:57.295 W/ResourceType( 4198): No package identifier when getting name for resource number 0x00000001
06-05 18:16:57.296 I/art     ( 4198): Do partial code cache collection, code=30KB, data=29KB
06-05 18:16:57.296 I/art     ( 4198): After code cache collection, code=29KB, data=29KB
06-05 18:16:57.296 I/art     ( 4198): Increasing code cache capacity to 128KB
06-05 18:16:57.309 I/System.out( 4198): URI: //gesture
06-05 18:16:57.309 I/System.out( 4198): params: {json={"query_timeout":5.0,"gestures":[{"query_string":"* marked:'Worst fuel economy'","touches":[{"x":50,"y":50,"offset_x":0,"offset_y":0,"wait":0.0,"time":0.2,"release":true,"query_string":null}]}]}
06-05 18:16:57.309 I/System.out( 4198): }
06-05 18:16:57.315 W/ResourceType( 4198): No package identifier when getting name for resource number 0x00000001
06-05 18:16:57.543 I/ActivityManager( 1630): START u0 {cmp=com.evancharlton.mileage/.charts.WorstFuelEconomyChart (has extras)} from uid 10150 on display 0
06-05 18:16:57.544 V/PhoneStatusBar( 1712): setLightsOn(true)
06-05 18:16:57.545 V/PhoneStatusBar( 1712): setLightsOn(true)
06-05 18:16:57.554 I/System.out( 4198): URI: //map
06-05 18:16:57.554 I/System.out( 4198): params: {json={"query":"* {text CONTAINS[c] 'Worst fuel economy'}","operation":{"method_name":"query","arguments":[]}}
06-05 18:16:57.554 I/System.out( 4198): }
06-05 18:16:57.576 V/PhoneStatusBar( 1712): setLightsOn(true)
06-05 18:16:57.577 V/PhoneStatusBar( 1712): setLightsOn(true)
06-05 18:16:57.593 V/PhoneStatusBar( 1712): setLightsOn(true)
06-05 18:16:57.601 I/calabash( 4198): newActivity1
06-05 18:16:57.604 W/aiCharts( 4198): License file is invalid or missing. 
06-05 18:16:57.604 W/aiCharts( 4198): Please place proper license.lic to /assets folder.
06-05 18:16:57.618 V/PhoneStatusBar( 1712): setLightsOn(true)
06-05 18:16:57.639 I/System.out( 4198): URI: //
06-05 18:16:57.639 I/System.out( 4198): params: {json={"command":"press_key","arguments":["KEYCODE_BACK"]}
06-05 18:16:57.639 I/System.out( 4198): }
06-05 18:16:57.639 I/System.out( 4198): header: {content-type=application/json;charset=utf-8, date=Fri, 05 Jun 2020 23:16:58 GMT, accept=*/*, host=127.0.0.1:34784, content-length=52, user-agent=HTTPClient/1.0 (2.8.3, ruby 2.5.1 (2018-03-29))}
06-05 18:16:57.639 I/System.out( 4198): params: {json={"command":"press_key","arguments":["KEYCODE_BACK"]}
06-05 18:16:57.639 I/System.out( 4198): }
06-05 18:16:57.639 I/System.out( 4198): ProP json = {"command":"press_key","arguments":["KEYCODE_BACK"]}
06-05 18:16:57.639 I/System.out( 4198): files: {}
06-05 18:16:57.639 I/System.out( 4198): command: {"command":"press_key","arguments":["KEYCODE_BACK"]}
06-05 18:16:57.641 I/InstrumentationBackend( 4198): Got command:'Command:'Line:null,press_key', arguments:'[KEYCODE_BACK]'
06-05 18:16:57.642 V/PhoneStatusBar( 1712): setLightsOn(true)
06-05 18:16:57.646 W/ViewRootImpl[Creating chart…]( 4198): Dropping event due to no window focus: KeyEvent { action=ACTION_DOWN, keyCode=KEYCODE_BACK, scanCode=0, metaState=0, flags=0x8, repeatCount=0, eventTime=9564148, downTime=9564148, deviceId=-1, source=0x101 }
06-05 18:16:57.647 I/WindowManager( 1630): Destroying surface Surface(name=Creating chart…) called by com.android.server.wm.WindowStateAnimator.destroySurface:2016 com.android.server.wm.WindowStateAnimator.destroySurfaceLocked:882 com.android.server.wm.WindowState.removeLocked:1456 com.android.server.wm.WindowManagerService.removeWindowInnerLocked:2484 com.android.server.wm.WindowManagerService.removeWindowLocked:2442 com.android.server.wm.WindowManagerService.removeWindowLocked:2311 com.android.server.wm.WindowManagerService.removeWindow:2306 com.android.server.wm.Session.remove:202 
06-05 18:16:57.651 D/gralloc_ranchu( 1346): gralloc_alloc: Creating ashmem region of size 9023488
06-05 18:16:57.652 I/System.out( 4198): result:{"bonusInformation":[],"message":"","success":true}
06-05 18:16:57.659 I/System.out( 4198): URI: //map
06-05 18:16:57.659 I/System.out( 4198): params: {json={"query":"* {text CONTAINS[c] 'Statistics'}","operation":{"method_name":"query","arguments":[]}}
06-05 18:16:57.659 I/System.out( 4198): }
06-05 18:16:57.659 V/PhoneStatusBar( 1712): setLightsOn(true)
06-05 18:16:57.686 I/ActivityManager( 1630): Displayed com.evancharlton.mileage/.charts.WorstFuelEconomyChart: +87ms
06-05 18:16:57.692 V/PhoneStatusBar( 1712): setLightsOn(true)
06-05 18:16:57.726 V/PhoneStatusBar( 1712): setLightsOn(true)
