--------- beginning of main
06-05 18:17:25.100 V/PhoneStatusBar( 1712): setLightsOn(true)
06-05 18:17:25.101 V/PhoneStatusBar( 1712): setLightsOn(true)
--------- beginning of system
06-05 18:17:25.101 W/ActivityManager( 1630): Finishing task with all activities already finished
06-05 18:17:25.101 W/ActivityManager( 1630): Duplicate finish request for ActivityRecord{bd3b87b u0 com.evancharlton.mileage/.Mileage t2735 f}
06-05 18:17:25.111 D/gralloc_ranchu( 1346): gralloc_alloc: Creating ashmem region of size 3145728
06-05 18:17:25.116 E/EGL_emulation( 1346): tid 1346: eglCreateSyncKHR(1901): error 0x3004 (EGL_BAD_ATTRIBUTE)
06-05 18:17:25.125 W/ActivityManager( 1630): Finishing task with all activities already finished
06-05 18:17:25.125 W/ActivityManager( 1630): Duplicate finish request for ActivityRecord{bd3b87b u0 com.evancharlton.mileage/.Mileage t2735 f}
06-05 18:17:25.125 W/ActivityManager( 1630): Finishing task with all activities already finished
06-05 18:17:25.125 W/ActivityManager( 1630): Duplicate finish request for ActivityRecord{bd3b87b u0 com.evancharlton.mileage/.Mileage t2735 f}
06-05 18:17:25.125 W/ActivityManager( 1630): Finishing task with all activities already finished
06-05 18:17:25.125 W/ActivityManager( 1630): Duplicate finish request for ActivityRecord{bd3b87b u0 com.evancharlton.mileage/.Mileage t2735 f}
06-05 18:17:25.126 W/ActivityManager( 1630): Finishing task with all activities already finished
06-05 18:17:25.126 W/ActivityManager( 1630): Duplicate finish request for ActivityRecord{bd3b87b u0 com.evancharlton.mileage/.Mileage t2735 f}
06-05 18:17:25.145 D/EGL_emulation( 1712): eglMakeCurrent: 0xb4085540: ver 2 0 (tinfo 0xb4083740)
06-05 18:17:25.159 D/EGL_emulation( 1712): eglMakeCurrent: 0xb4085540: ver 2 0 (tinfo 0xb4083740)
06-05 18:17:25.160 D/EGL_emulation( 2099): eglMakeCurrent: 0xb4085240: ver 2 0 (tinfo 0xb40832d0)
06-05 18:17:25.170 D/AndroidRuntime( 5074): >>>>>> START com.android.internal.os.RuntimeInit uid 2000 <<<<<<
06-05 18:17:25.171 D/AndroidRuntime( 5074): CheckJNI is ON
06-05 18:17:25.184 W/art     ( 5074): Unexpected CPU variant for X86 using defaults: x86
06-05 18:17:25.186 D/ICU     ( 5074): No timezone override file found: /data/misc/zoneinfo/current/icu/icu_tzdata.dat
06-05 18:17:25.194 D/EGL_emulation( 1712): eglMakeCurrent: 0xb4085540: ver 2 0 (tinfo 0xb4083740)
06-05 18:17:25.195 E/memtrack( 5074): Couldn't load memtrack module (No such file or directory)
06-05 18:17:25.195 E/android.os.Debug( 5074): failed to load memtrack module: -2
06-05 18:17:25.196 I/Radio-JNI( 5074): register_android_hardware_Radio DONE
06-05 18:17:25.200 D/AndroidRuntime( 5074): Calling main entry com.android.commands.am.Am
06-05 18:17:25.202 I/ActivityManager( 1630): Force stopping com.evancharlton.mileage appid=10150 user=0: start instr
06-05 18:17:25.202 I/ActivityManager( 1630): Killing 5023:com.evancharlton.mileage/u0a150 (adj 0): stop com.evancharlton.mileage
06-05 18:17:25.202 D/ActivityManager( 1630): cleanUpApplicationRecord -- 5023
06-05 18:17:25.203 W/ActivityManager( 1630): Crash of app com.evancharlton.mileage running instrumentation ComponentInfo{com.evancharlton.mileage.test/sh.calaba.instrumentationbackend.CalabashInstrumentationTestRunner}
06-05 18:17:25.203 W/InputDispatcher( 1630): channel '4f45737 Toast (server)' ~ Consumer closed input channel or an error occurred.  events=0x9
06-05 18:17:25.203 E/InputDispatcher( 1630): channel '4f45737 Toast (server)' ~ Channel is unrecoverably broken and will be disposed!
06-05 18:17:25.203 I/ActivityManager( 1630): Force stopping com.evancharlton.mileage appid=10150 user=0: finished inst
06-05 18:17:25.204 W/InputDispatcher( 1630): channel 'e45b586 com.evancharlton.mileage/com.evancharlton.mileage.Mileage (server)' ~ Consumer closed input channel or an error occurred.  events=0x9
06-05 18:17:25.204 E/InputDispatcher( 1630): channel 'e45b586 com.evancharlton.mileage/com.evancharlton.mileage.Mileage (server)' ~ Channel is unrecoverably broken and will be disposed!
06-05 18:17:25.204 I/WindowManager( 1630): WIN DEATH: Window{e45b586 u0 com.evancharlton.mileage/com.evancharlton.mileage.Mileage EXITING}
06-05 18:17:25.204 W/InputDispatcher( 1630): Attempted to unregister already unregistered input channel 'e45b586 com.evancharlton.mileage/com.evancharlton.mileage.Mileage (server)'
06-05 18:17:25.205 I/WindowManager( 1630): WIN DEATH: Window{4f45737 u0 Toast}
06-05 18:17:25.205 W/InputDispatcher( 1630): Attempted to unregister already unregistered input channel '4f45737 Toast (server)'
06-05 18:17:25.206 I/art     ( 5084): Not late-enabling -Xcheck:jni (already on)
06-05 18:17:25.206 W/art     ( 5084): Unexpected CPU variant for X86 using defaults: x86
06-05 18:17:25.213 D/EGL_emulation( 1712): eglMakeCurrent: 0xb4085540: ver 2 0 (tinfo 0xb4083740)
06-05 18:17:25.214 I/ActivityManager( 1630): Start proc 5084:com.evancharlton.mileage/u0a150 for added application com.evancharlton.mileage
06-05 18:17:25.214 D/AndroidRuntime( 5074): Shutting down VM
06-05 18:17:25.216 D/EGL_emulation( 1712): eglMakeCurrent: 0xb4085540: ver 2 0 (tinfo 0xb4083740)
06-05 18:17:25.219 W/System  ( 5084): ClassLoader referenced unknown path: /data/app/com.evancharlton.mileage.test-1/lib/x86
06-05 18:17:25.219 W/System  ( 5084): ClassLoader referenced unknown path: /data/app/com.evancharlton.mileage-1/lib/x86
06-05 18:17:25.220 W/System  ( 5084): ClassLoader referenced unknown path: 
06-05 18:17:25.223 I/System.out( 5084): Main activity name automatically set to: com.evancharlton.mileage.Mileage
06-05 18:17:25.224 I/System.out( 5084): Calabash did not load Mono. This is only a problem if you are trying to test a Mono application
06-05 18:17:25.224 I/calabash( 5084): Test server port: 7102
06-05 18:17:25.224 I/InstrumentationBackend( 5084): Added:'GetPreferences', with key:'get_preferences'
06-05 18:17:25.226 D/EGL_emulation( 1712): eglMakeCurrent: 0xb4085540: ver 2 0 (tinfo 0xb4083740)
06-05 18:17:25.228 D/EGL_emulation( 1712): eglMakeCurrent: 0xb4085540: ver 2 0 (tinfo 0xb4083740)
06-05 18:17:25.229 I/InstrumentationBackend( 5084): Added:'SetPreferences', with key:'set_preferences'
06-05 18:17:25.229 I/InstrumentationBackend( 5084): Added:'ClearPreferences', with key:'clear_preferences'
06-05 18:17:25.229 I/InstrumentationBackend( 5084): Added:'PressElement', with key:'press_l10n_element'
06-05 18:17:25.229 I/InstrumentationBackend( 5084): Added:'WaitForElement', with key:'wait_for_l10n_element'
06-05 18:17:25.229 I/InstrumentationBackend( 5084): Added:'NullAction', with key:'nullAction'
06-05 18:17:25.229 I/InstrumentationBackend( 5084): Added:'PressKey', with key:'press_key'
06-05 18:17:25.229 I/InstrumentationBackend( 5084): Added:'SetActivityOrientation', with key:'set_activity_orientation'
06-05 18:17:25.229 I/InstrumentationBackend( 5084): Added:'GetActivityOrientation', with key:'get_activity_orientation'
06-05 18:17:25.229 I/InstrumentationBackend( 5084): Added:'FakeGPSLocation', with key:'set_gps_coordinates'
06-05 18:17:25.229 I/InstrumentationBackend( 5084): Added:'SetPropertyByCssSelector', with key:'set_property_by_css_selector'
06-05 18:17:25.229 I/InstrumentationBackend( 5084): Added:'GetUrl', with key:'get_url'
06-05 18:17:25.229 I/InstrumentationBackend( 5084): Added:'ScrollTo', with key:'scroll_to'
06-05 18:17:25.229 I/InstrumentationBackend( 5084): Added:'GetLoadProgress', with key:'get_load_progress'
06-05 18:17:25.229 I/InstrumentationBackend( 5084): Added:'DumpHtml', with key:'dump_html'
06-05 18:17:25.230 I/InstrumentationBackend( 5084): Added:'DumpBodyHtml', with key:'dump_body_html'
06-05 18:17:25.230 I/InstrumentationBackend( 5084): Added:'EnterTextByCssSelector', with key:'enter_text_by_selector'
06-05 18:17:25.230 I/InstrumentationBackend( 5084): Added:'AndroidSDKVersion', with key:'android_sdk_version'
06-05 18:17:25.230 I/InstrumentationBackend( 5084): Added:'Version', with key:'version'
06-05 18:17:25.230 I/InstrumentationBackend( 5084): Added:'Drag', with key:'drag'
06-05 18:17:25.230 I/InstrumentationBackend( 5084): Added:'TouchCoordinates', with key:'touch_coordinate'
06-05 18:17:25.230 I/InstrumentationBackend( 5084): Added:'LongPressCoordinate', with key:'long_press_coordinate'
06-05 18:17:25.230 I/InstrumentationBackend( 5084): Added:'DragCoordinates', with key:'drag_coordinates'
06-05 18:17:25.230 I/InstrumentationBackend( 5084): Added:'ResumeApplication', with key:'resume_application'
06-05 18:17:25.230 I/InstrumentationBackend( 5084): Added:'Swipe', with key:'swipe'
06-05 18:17:25.230 I/InstrumentationBackend( 5084): Added:'DoubleTapCoordinate', with key:'double_tap_coordinate'
06-05 18:17:25.230 I/InstrumentationBackend( 5084): Added:'ClickOnScreen', with key:'click_on_screen'
06-05 18:17:25.230 I/InstrumentationBackend( 5084): Added:'GetActivityName', with key:'get_activity_name'
06-05 18:17:25.230 I/InstrumentationBackend( 5084): Added:'ScrollToView', with key:'scroll_to_view'
06-05 18:17:25.230 I/InstrumentationBackend( 5084): Added:'ViewConfiguration', with key:'view_configuration'
06-05 18:17:25.230 I/InstrumentationBackend( 5084): Added:'IsCurrentActivityFocused', with key:'is_current_activity_focused'
06-05 18:17:25.230 I/InstrumentationBackend( 5084): Added:'SendTcp', with key:'send_tcp'
06-05 18:17:25.230 I/InstrumentationBackend( 5084): Added:'DpToDevicePixel', with key:'dp_to_device_pixel'
06-05 18:17:25.230 I/InstrumentationBackend( 5084): Added:'KeyboardEnterText', with key:'keyboard_enter_text'
06-05 18:17:25.230 I/InstrumentationBackend( 5084): Added:'DeleteSurroundingText', with key:'delete_surrounding_text'
06-05 18:17:25.231 I/InstrumentationBackend( 5084): Added:'SetComposingRegion', with key:'set_composing_region'
06-05 18:17:25.231 I/InstrumentationBackend( 5084): Added:'SetSelection', with key:'set_selection'
06-05 18:17:25.231 I/InstrumentationBackend( 5084): Added:'KeyboardKeyEvent', with key:'keyboard_key_event'
06-05 18:17:25.231 I/InstrumentationBackend( 5084): Added:'PressUserActionButton', with key:'press_user_action_button'
06-05 18:17:25.231 I/InstrumentationBackend( 5084): Added:'HideSoftKeyboard', with key:'hide_soft_keyboard'
06-05 18:17:25.231 I/InstrumentationBackend( 5084): Added:'ListActions', with key:'list_actions'
06-05 18:17:25.231 I/calabash( 5084): Instantiating http server at 7102
06-05 18:17:25.231 I/System.out( 5084): HTTP Daemon listening on: 7102
06-05 18:17:25.243 D/EGL_emulation( 1712): eglMakeCurrent: 0xb4085540: ver 2 0 (tinfo 0xb4083740)
06-05 18:17:25.245 D/EGL_emulation( 1712): eglMakeCurrent: 0xb4085540: ver 2 0 (tinfo 0xb4083740)
06-05 18:17:25.261 D/EGL_emulation( 1712): eglMakeCurrent: 0xb4085540: ver 2 0 (tinfo 0xb4083740)
06-05 18:17:25.268 D/EGL_emulation( 1712): eglMakeCurrent: 0xb4085540: ver 2 0 (tinfo 0xb4083740)
06-05 18:17:25.277 D/EGL_emulation( 1712): eglMakeCurrent: 0xb4085540: ver 2 0 (tinfo 0xb4083740)
06-05 18:17:25.285 D/EGL_emulation( 1712): eglMakeCurrent: 0xb4085540: ver 2 0 (tinfo 0xb4083740)
06-05 18:17:25.294 D/EGL_emulation( 1712): eglMakeCurrent: 0xb4085540: ver 2 0 (tinfo 0xb4083740)
06-05 18:17:25.303 D/EGL_emulation( 1712): eglMakeCurrent: 0xb4085540: ver 2 0 (tinfo 0xb4083740)
06-05 18:17:25.310 D/EGL_emulation( 1712): eglMakeCurrent: 0xb4085540: ver 2 0 (tinfo 0xb4083740)
06-05 18:17:25.315 D/EGL_emulation( 1712): eglMakeCurrent: 0xb4085540: ver 2 0 (tinfo 0xb4083740)
06-05 18:17:25.326 I/System.out( 5084): URI: //ping
06-05 18:17:25.326 I/System.out( 5084): params: {json={}
06-05 18:17:25.326 I/System.out( 5084): }
06-05 18:17:25.327 D/EGL_emulation( 1712): eglMakeCurrent: 0xb4085540: ver 2 0 (tinfo 0xb4083740)
06-05 18:17:25.333 I/System.out( 5084): URI: //ping
06-05 18:17:25.333 I/System.out( 5084): params: {json={}
06-05 18:17:25.333 I/System.out( 5084): }
06-05 18:17:25.333 D/EGL_emulation( 1712): eglMakeCurrent: 0xb4085540: ver 2 0 (tinfo 0xb4083740)
06-05 18:17:25.339 I/System.out( 5084): URI: //ready
06-05 18:17:25.339 I/System.out( 5084): params: {json={}
06-05 18:17:25.339 I/System.out( 5084): }
06-05 18:17:25.344 D/EGL_emulation( 1712): eglMakeCurrent: 0xb4085540: ver 2 0 (tinfo 0xb4083740)
06-05 18:17:25.346 I/System.out( 5084): URI: //
06-05 18:17:25.346 I/System.out( 5084): params: {json={"command":"version","arguments":[]}
06-05 18:17:25.346 I/System.out( 5084): }
06-05 18:17:25.346 I/System.out( 5084): header: {content-type=application/json;charset=utf-8, date=Fri, 05 Jun 2020 23:17:25 GMT, accept=*/*, host=127.0.0.1:34784, content-length=36, user-agent=HTTPClient/1.0 (2.8.3, ruby 2.5.1 (2018-03-29))}
06-05 18:17:25.346 I/System.out( 5084): params: {json={"command":"version","arguments":[]}
06-05 18:17:25.346 I/System.out( 5084): }
06-05 18:17:25.346 I/System.out( 5084): ProP json = {"command":"version","arguments":[]}
06-05 18:17:25.346 I/System.out( 5084): files: {}
06-05 18:17:25.346 I/System.out( 5084): command: {"command":"version","arguments":[]}
06-05 18:17:25.348 D/EGL_emulation( 1712): eglMakeCurrent: 0xb4085540: ver 2 0 (tinfo 0xb4083740)
06-05 18:17:25.354 I/InstrumentationBackend( 5084): Got command:'Command:'Line:null,version', arguments:'[]'
06-05 18:17:25.363 D/EGL_emulation( 1712): eglMakeCurrent: 0xb4085540: ver 2 0 (tinfo 0xb4083740)
06-05 18:17:25.373 I/System.out( 5084): result:{"bonusInformation":[],"message":"0.9.8","success":true}
06-05 18:17:25.377 D/EGL_emulation( 1712): eglMakeCurrent: 0xb4085540: ver 2 0 (tinfo 0xb4083740)
06-05 18:17:25.378 I/System.out( 5084): URI: //start-application
06-05 18:17:25.378 I/System.out( 5084): params: {json={"intent":null}
06-05 18:17:25.378 I/System.out( 5084): }
06-05 18:17:25.381 D/EGL_emulation( 1712): eglMakeCurrent: 0xb4085540: ver 2 0 (tinfo 0xb4083740)
06-05 18:17:25.406 I/ActivityManager( 1630): START u0 {act=android.intent.action.MAIN cat=[android.intent.category.LAUNCHER] flg=0x10200000 cmp=com.evancharlton.mileage/.Mileage} from uid 10150 on display 0
06-05 18:17:25.427 I/calabash( 5084): newActivity1
06-05 18:17:25.430 D/EGL_emulation( 2099): eglMakeCurrent: 0xb4085240: ver 2 0 (tinfo 0xb40832d0)
06-05 18:17:25.432 D/gralloc_ranchu( 1346): gralloc_alloc: Creating ashmem region of size 9023488
06-05 18:17:25.453 I/calabash( 5084): newActivity1
06-05 18:17:25.456 W/ActivityManager( 1630): Bad activity token: android.os.BinderProxy@fa274be
06-05 18:17:25.456 W/ActivityManager( 1630): java.lang.ClassCastException: android.os.BinderProxy cannot be cast to com.android.server.am.ActivityRecord$Token
06-05 18:17:25.456 W/ActivityManager( 1630): 	at com.android.server.am.ActivityRecord.forTokenLocked(ActivityRecord.java:586)
06-05 18:17:25.456 W/ActivityManager( 1630): 	at com.android.server.am.ActivityRecord.isInStackLocked(ActivityRecord.java:1327)
06-05 18:17:25.456 W/ActivityManager( 1630): 	at com.android.server.am.ActivityRecord.getStackLocked(ActivityRecord.java:1332)
06-05 18:17:25.456 W/ActivityManager( 1630): 	at com.android.server.am.ActivityManagerService.getActivityDisplayId(ActivityManagerService.java:9806)
06-05 18:17:25.456 W/ActivityManager( 1630): 	at android.app.ActivityManagerNative.onTransact(ActivityManagerNative.java:2566)
06-05 18:17:25.456 W/ActivityManager( 1630): 	at com.android.server.am.ActivityManagerService.onTransact(ActivityManagerService.java:2757)
06-05 18:17:25.456 W/ActivityManager( 1630): 	at android.os.Binder.execTransact(Binder.java:565)
06-05 18:17:25.459 W/ActivityManager( 1630): Bad activity token: android.os.BinderProxy@fa274be
06-05 18:17:25.459 W/ActivityManager( 1630): java.lang.ClassCastException: android.os.BinderProxy cannot be cast to com.android.server.am.ActivityRecord$Token
06-05 18:17:25.459 W/ActivityManager( 1630): 	at com.android.server.am.ActivityRecord.forTokenLocked(ActivityRecord.java:586)
06-05 18:17:25.459 W/ActivityManager( 1630): 	at com.android.server.am.ActivityRecord.isInStackLocked(ActivityRecord.java:1327)
06-05 18:17:25.459 W/ActivityManager( 1630): 	at com.android.server.am.ActivityManagerService.setTaskDescription(ActivityManagerService.java:9358)
06-05 18:17:25.459 W/ActivityManager( 1630): 	at android.app.ActivityManagerNative.onTransact(ActivityManagerNative.java:2639)
06-05 18:17:25.459 W/ActivityManager( 1630): 	at com.android.server.am.ActivityManagerService.onTransact(ActivityManagerService.java:2757)
06-05 18:17:25.459 W/ActivityManager( 1630): 	at android.os.Binder.execTransact(Binder.java:565)
06-05 18:17:25.460 W/ActivityManager( 1630): Bad activity token: android.os.BinderProxy@fa274be
06-05 18:17:25.460 W/ActivityManager( 1630): java.lang.ClassCastException: android.os.BinderProxy cannot be cast to com.android.server.am.ActivityRecord$Token
06-05 18:17:25.460 W/ActivityManager( 1630): 	at com.android.server.am.ActivityRecord.forTokenLocked(ActivityRecord.java:586)
06-05 18:17:25.460 W/ActivityManager( 1630): 	at com.android.server.am.ActivityRecord.isInStackLocked(ActivityRecord.java:1327)
06-05 18:17:25.460 W/ActivityManager( 1630): 	at com.android.server.am.ActivityRecord.getStackLocked(ActivityRecord.java:1332)
06-05 18:17:25.460 W/ActivityManager( 1630): 	at com.android.server.am.ActivityManagerService.getActivityStackId(ActivityManagerService.java:9817)
06-05 18:17:25.460 W/ActivityManager( 1630): 	at android.app.ActivityManagerNative.onTransact(ActivityManagerNative.java:2856)
06-05 18:17:25.460 W/ActivityManager( 1630): 	at com.android.server.am.ActivityManagerService.onTransact(ActivityManagerService.java:2757)
06-05 18:17:25.460 W/ActivityManager( 1630): 	at android.os.Binder.execTransact(Binder.java:565)
06-05 18:17:25.485 V/PhoneStatusBar( 1712): setLightsOn(true)
06-05 18:17:25.498 D/EGL_emulation( 1712): eglMakeCurrent: 0xb4085540: ver 2 0 (tinfo 0xb4083740)
06-05 18:17:25.510 W/ActivityManager( 1630): Bad activity token: android.os.BinderProxy@fa274be
06-05 18:17:25.510 W/ActivityManager( 1630): java.lang.ClassCastException: android.os.BinderProxy cannot be cast to com.android.server.am.ActivityRecord$Token
06-05 18:17:25.510 W/ActivityManager( 1630): 	at com.android.server.am.ActivityRecord.forTokenLocked(ActivityRecord.java:586)
06-05 18:17:25.510 W/ActivityManager( 1630): 	at com.android.server.am.ActivityRecord.isInStackLocked(ActivityRecord.java:1327)
06-05 18:17:25.510 W/ActivityManager( 1630): 	at com.android.server.am.ActivityManagerService.getActivityOptions(ActivityManagerService.java:12559)
06-05 18:17:25.510 W/ActivityManager( 1630): 	at android.app.ActivityManagerNative.onTransact(ActivityManagerNative.java:1933)
06-05 18:17:25.510 W/ActivityManager( 1630): 	at com.android.server.am.ActivityManagerService.onTransact(ActivityManagerService.java:2757)
06-05 18:17:25.510 W/ActivityManager( 1630): 	at android.os.Binder.execTransact(Binder.java:565)
06-05 18:17:25.510 D/EGL_emulation( 1712): eglMakeCurrent: 0xb4085540: ver 2 0 (tinfo 0xb4083740)
06-05 18:17:25.511 W/ActivityManager( 1630): Bad activity token: android.os.BinderProxy@fa274be
06-05 18:17:25.511 W/ActivityManager( 1630): java.lang.ClassCastException: android.os.BinderProxy cannot be cast to com.android.server.am.ActivityRecord$Token
06-05 18:17:25.511 W/ActivityManager( 1630): 	at com.android.server.am.ActivityRecord.forTokenLocked(ActivityRecord.java:586)
06-05 18:17:25.511 W/ActivityManager( 1630): 	at com.android.server.am.ActivityRecord.isInStackLocked(ActivityRecord.java:1327)
06-05 18:17:25.511 W/ActivityManager( 1630): 	at com.android.server.am.ActivityManagerService.getActivityOptions(ActivityManagerService.java:12559)
06-05 18:17:25.511 W/ActivityManager( 1630): 	at android.app.ActivityManagerNative.onTransact(ActivityManagerNative.java:1933)
06-05 18:17:25.511 W/ActivityManager( 1630): 	at com.android.server.am.ActivityManagerService.onTransact(ActivityManagerService.java:2757)
06-05 18:17:25.511 W/ActivityManager( 1630): 	at android.os.Binder.execTransact(Binder.java:565)
06-05 18:17:25.517 D/EGL_emulation( 1712): eglMakeCurrent: 0xb4085540: ver 2 0 (tinfo 0xb4083740)
06-05 18:17:25.518 V/PhoneStatusBar( 1712): setLightsOn(true)
06-05 18:17:25.527 D/EGL_emulation( 1712): eglMakeCurrent: 0xb4085540: ver 2 0 (tinfo 0xb4083740)
06-05 18:17:25.533 D/EGL_emulation( 1712): eglMakeCurrent: 0xb4085540: ver 2 0 (tinfo 0xb4083740)
06-05 18:17:25.544 D/EGL_emulation( 1712): eglMakeCurrent: 0xb4085540: ver 2 0 (tinfo 0xb4083740)
06-05 18:17:25.547 D/EGL_emulation( 1712): eglMakeCurrent: 0xb4085540: ver 2 0 (tinfo 0xb4083740)
06-05 18:17:25.560 D/EGL_emulation( 1712): eglMakeCurrent: 0xb4085540: ver 2 0 (tinfo 0xb4083740)
06-05 18:17:25.566 D/EGL_emulation( 1712): eglMakeCurrent: 0xb4085540: ver 2 0 (tinfo 0xb4083740)
06-05 18:17:25.567 D/gralloc_ranchu( 1346): gralloc_alloc: Creating ashmem region of size 9023488
06-05 18:17:25.576 D/        ( 5084): HostConnection::get() New Host Connection established 0xa4c7e540, tid 5084
06-05 18:17:25.577 D/EGL_emulation( 1712): eglMakeCurrent: 0xb4085540: ver 2 0 (tinfo 0xb4083740)
06-05 18:17:25.593 I/WindowManager( 1630): Destroying surface Surface(name=com.evancharlton.mileage/com.evancharlton.mileage.Mileage) called by com.android.server.wm.WindowStateAnimator.destroySurface:2016 com.android.server.wm.WindowStateAnimator.destroySurfaceLocked:882 com.android.server.wm.WindowState.removeLocked:1456 com.android.server.wm.WindowManagerService.removeWindowInnerLocked:2484 com.android.server.wm.AppWindowToken.destroySurfaces:365 com.android.server.wm.WindowStateAnimator.finishExit:565 com.android.server.wm.AppWindowAnimator.stepAnimationLocked:427 com.android.server.wm.WindowAnimator.updateAppWindowsLocked:196 
06-05 18:17:25.642 D/EGL_emulation( 1712): eglMakeCurrent: 0xb4085540: ver 2 0 (tinfo 0xb4083740)
06-05 18:17:25.647 D/EGL_emulation( 1712): eglMakeCurrent: 0xb4085540: ver 2 0 (tinfo 0xb4083740)
06-05 18:17:25.653 D/EGL_emulation( 1712): eglMakeCurrent: 0xb4085540: ver 2 0 (tinfo 0xb4083740)
06-05 18:17:25.654 V/PhoneStatusBar( 1712): setLightsOn(true)
06-05 18:17:25.660 D/EGL_emulation( 1712): eglMakeCurrent: 0xb4085540: ver 2 0 (tinfo 0xb4083740)
06-05 18:17:25.666 D/EGL_emulation( 1712): eglMakeCurrent: 0xb4085540: ver 2 0 (tinfo 0xb4083740)
06-05 18:17:25.681 D/EGL_emulation( 1712): eglMakeCurrent: 0xb4085540: ver 2 0 (tinfo 0xb4083740)
06-05 18:17:25.686 D/EGL_emulation( 1712): eglMakeCurrent: 0xb4085540: ver 2 0 (tinfo 0xb4083740)
06-05 18:17:25.694 D/EGL_emulation( 1712): eglMakeCurrent: 0xb4085540: ver 2 0 (tinfo 0xb4083740)
06-05 18:17:25.699 D/EGL_emulation( 1712): eglMakeCurrent: 0xb4085540: ver 2 0 (tinfo 0xb4083740)
06-05 18:17:25.710 D/EGL_emulation( 1712): eglMakeCurrent: 0xb4085540: ver 2 0 (tinfo 0xb4083740)
06-05 18:17:25.712 D/gralloc_ranchu( 1346): gralloc_alloc: Creating ashmem region of size 9023488
06-05 18:17:25.713 V/PhoneStatusBar( 1712): setLightsOn(true)
06-05 18:17:25.714 V/PhoneStatusBar( 1712): setLightsOn(true)
06-05 18:17:25.744 I/ActivityManager( 1630): Displayed com.evancharlton.mileage/.Mileage: +328ms
06-05 18:17:25.763 V/PhoneStatusBar( 1712): setLightsOn(true)
06-05 18:17:25.764 I/WindowManager( 1630): Destroying surface Surface(name=Toast) called by com.android.server.wm.WindowStateAnimator.destroySurface:2016 com.android.server.wm.WindowStateAnimator.destroySurfaceLocked:882 com.android.server.wm.WindowState.destroyOrSaveSurface:2100 com.android.server.wm.WindowSurfacePlacer.performSurfacePlacementInner:429 com.android.server.wm.WindowSurfacePlacer.performSurfacePlacementLoop:232 com.android.server.wm.WindowSurfacePlacer.performSurfacePlacement:180 com.android.server.wm.WindowManagerService$H.handleMessage:8086 android.os.Handler.dispatchMessage:102 
06-05 18:17:25.767 V/PhoneStatusBar( 1712): setLightsOn(true)
06-05 18:17:25.771 V/PhoneStatusBar( 1712): setLightsOn(true)
06-05 18:17:25.808 I/System.out( 5084): URI: //map
06-05 18:17:25.808 I/System.out( 5084): params: {json={"query":"* marked:'Statistics'","operation":{"method_name":"query","arguments":[]}}
06-05 18:17:25.808 I/System.out( 5084): }
06-05 18:17:25.826 V/PhoneStatusBar( 1712): setLightsOn(true)
06-05 18:17:25.850 W/ResourceType( 5084): No package identifier when getting name for resource number 0x00000001
06-05 18:17:25.892 I/System.out( 5084): URI: //gesture
06-05 18:17:25.892 I/System.out( 5084): params: {json={"query_timeout":5.0,"gestures":[{"query_string":"* marked:'Statistics'","touches":[{"x":50,"y":50,"offset_x":0,"offset_y":0,"wait":0.0,"time":0.2,"release":true,"query_string":null}]}]}
06-05 18:17:25.893 I/System.out( 5084): }
06-05 18:17:25.907 W/ResourceType( 5084): No package identifier when getting name for resource number 0x00000001
06-05 18:17:25.926 I/WindowManager( 1630): Destroying surface Surface(name=com.android.launcher3/com.android.launcher3.Launcher) called by com.android.server.wm.WindowStateAnimator.destroySurface:2016 com.android.server.wm.WindowStateAnimator.destroySurfaceLocked:882 com.android.server.wm.WindowState.destroyOrSaveSurface:2100 com.android.server.wm.AppWindowToken.destroySurfaces:363 com.android.server.wm.WindowStateAnimator.finishExit:565 com.android.server.wm.AppWindowAnimator.stepAnimationLocked:427 com.android.server.wm.WindowAnimator.updateAppWindowsLocked:176 com.android.server.wm.WindowAnimator.animateLocked:678 
06-05 18:17:25.943 V/PhoneStatusBar( 1712): setLightsOn(true)
06-05 18:17:25.944 I/WindowManager( 1630): Destroying surface Surface(name=Starting com.evancharlton.mileage) called by com.android.server.wm.WindowStateAnimator.destroySurface:2016 com.android.server.wm.WindowStateAnimator.destroySurfaceLocked:882 com.android.server.wm.WindowState.destroyOrSaveSurface:2100 com.android.server.wm.AppWindowToken.destroySurfaces:363 com.android.server.wm.WindowStateAnimator.finishExit:565 com.android.server.wm.WindowStateAnimator.stepAnimationLocked:491 com.android.server.wm.WindowAnimator.updateWindowsLocked:303 com.android.server.wm.WindowAnimator.animateLocked:704 
06-05 18:17:25.946 V/PhoneStatusBar( 1712): setLightsOn(true)
06-05 18:17:25.976 V/PhoneStatusBar( 1712): setLightsOn(true)
06-05 18:17:26.156 I/calabash( 5084): newActivity1
06-05 18:17:26.167 I/System.out( 5084): URI: //map
06-05 18:17:26.167 I/System.out( 5084): params: {json={"query":"android.widget.ScrollView index:0","operation":{"method_name":"query","arguments":[]}}
06-05 18:17:26.167 I/System.out( 5084): }
06-05 18:17:26.169 W/ActivityManager( 1630): Bad activity token: android.os.BinderProxy@cfc2a88
06-05 18:17:26.169 W/ActivityManager( 1630): java.lang.ClassCastException: android.os.BinderProxy cannot be cast to com.android.server.am.ActivityRecord$Token
06-05 18:17:26.169 W/ActivityManager( 1630): 	at com.android.server.am.ActivityRecord.forTokenLocked(ActivityRecord.java:586)
06-05 18:17:26.169 W/ActivityManager( 1630): 	at com.android.server.am.ActivityRecord.isInStackLocked(ActivityRecord.java:1327)
06-05 18:17:26.169 W/ActivityManager( 1630): 	at com.android.server.am.ActivityRecord.getStackLocked(ActivityRecord.java:1332)
06-05 18:17:26.169 W/ActivityManager( 1630): 	at com.android.server.am.ActivityManagerService.getActivityDisplayId(ActivityManagerService.java:9806)
06-05 18:17:26.169 W/ActivityManager( 1630): 	at android.app.ActivityManagerNative.onTransact(ActivityManagerNative.java:2566)
06-05 18:17:26.169 W/ActivityManager( 1630): 	at com.android.server.am.ActivityManagerService.onTransact(ActivityManagerService.java:2757)
06-05 18:17:26.169 W/ActivityManager( 1630): 	at android.os.Binder.execTransact(Binder.java:565)
06-05 18:17:26.170 W/ActivityManager( 1630): Bad activity token: android.os.BinderProxy@cfc2a88
06-05 18:17:26.170 W/ActivityManager( 1630): java.lang.ClassCastException: android.os.BinderProxy cannot be cast to com.android.server.am.ActivityRecord$Token
06-05 18:17:26.170 W/ActivityManager( 1630): 	at com.android.server.am.ActivityRecord.forTokenLocked(ActivityRecord.java:586)
06-05 18:17:26.170 W/ActivityManager( 1630): 	at com.android.server.am.ActivityRecord.isInStackLocked(ActivityRecord.java:1327)
06-05 18:17:26.170 W/ActivityManager( 1630): 	at com.android.server.am.ActivityManagerService.setTaskDescription(ActivityManagerService.java:9358)
06-05 18:17:26.170 W/ActivityManager( 1630): 	at android.app.ActivityManagerNative.onTransact(ActivityManagerNative.java:2639)
06-05 18:17:26.170 W/ActivityManager( 1630): 	at com.android.server.am.ActivityManagerService.onTransact(ActivityManagerService.java:2757)
06-05 18:17:26.170 W/ActivityManager( 1630): 	at android.os.Binder.execTransact(Binder.java:565)
06-05 18:17:26.170 W/ActivityManager( 1630): Bad activity token: android.os.BinderProxy@cfc2a88
06-05 18:17:26.170 W/ActivityManager( 1630): java.lang.ClassCastException: android.os.BinderProxy cannot be cast to com.android.server.am.ActivityRecord$Token
06-05 18:17:26.170 W/ActivityManager( 1630): 	at com.android.server.am.ActivityRecord.forTokenLocked(ActivityRecord.java:586)
06-05 18:17:26.170 W/ActivityManager( 1630): 	at com.android.server.am.ActivityRecord.isInStackLocked(ActivityRecord.java:1327)
06-05 18:17:26.170 W/ActivityManager( 1630): 	at com.android.server.am.ActivityRecord.getStackLocked(ActivityRecord.java:1332)
06-05 18:17:26.170 W/ActivityManager( 1630): 	at com.android.server.am.ActivityManagerService.getActivityStackId(ActivityManagerService.java:9817)
06-05 18:17:26.170 W/ActivityManager( 1630): 	at android.app.ActivityManagerNative.onTransact(ActivityManagerNative.java:2856)
06-05 18:17:26.170 W/ActivityManager( 1630): 	at com.android.server.am.ActivityManagerService.onTransact(ActivityManagerService.java:2757)
06-05 18:17:26.170 W/ActivityManager( 1630): 	at android.os.Binder.execTransact(Binder.java:565)
06-05 18:17:26.176 D/VehicleStatisticsActivity( 5084): Checking recalculation ...
06-05 18:17:26.177 D/VehicleStatisticsActivity( 5084): Recalculation not necessary.
06-05 18:17:26.193 W/ActivityManager( 1630): Bad activity token: android.os.BinderProxy@cfc2a88
06-05 18:17:26.193 W/ActivityManager( 1630): java.lang.ClassCastException: android.os.BinderProxy cannot be cast to com.android.server.am.ActivityRecord$Token
06-05 18:17:26.193 W/ActivityManager( 1630): 	at com.android.server.am.ActivityRecord.forTokenLocked(ActivityRecord.java:586)
06-05 18:17:26.193 W/ActivityManager( 1630): 	at com.android.server.am.ActivityRecord.isInStackLocked(ActivityRecord.java:1327)
06-05 18:17:26.193 W/ActivityManager( 1630): 	at com.android.server.am.ActivityManagerService.getActivityOptions(ActivityManagerService.java:12559)
06-05 18:17:26.193 W/ActivityManager( 1630): 	at android.app.ActivityManagerNative.onTransact(ActivityManagerNative.java:1933)
06-05 18:17:26.193 W/ActivityManager( 1630): 	at com.android.server.am.ActivityManagerService.onTransact(ActivityManagerService.java:2757)
06-05 18:17:26.193 W/ActivityManager( 1630): 	at android.os.Binder.execTransact(Binder.java:565)
06-05 18:17:26.194 W/ActivityManager( 1630): Bad activity token: android.os.BinderProxy@cfc2a88
06-05 18:17:26.194 W/ActivityManager( 1630): java.lang.ClassCastException: android.os.BinderProxy cannot be cast to com.android.server.am.ActivityRecord$Token
06-05 18:17:26.194 W/ActivityManager( 1630): 	at com.android.server.am.ActivityRecord.forTokenLocked(ActivityRecord.java:586)
06-05 18:17:26.194 W/ActivityManager( 1630): 	at com.android.server.am.ActivityRecord.isInStackLocked(ActivityRecord.java:1327)
06-05 18:17:26.194 W/ActivityManager( 1630): 	at com.android.server.am.ActivityManagerService.getActivityOptions(ActivityManagerService.java:12559)
06-05 18:17:26.194 W/ActivityManager( 1630): 	at android.app.ActivityManagerNative.onTransact(ActivityManagerNative.java:1933)
06-05 18:17:26.194 W/ActivityManager( 1630): 	at com.android.server.am.ActivityManagerService.onTransact(ActivityManagerService.java:2757)
06-05 18:17:26.194 W/ActivityManager( 1630): 	at android.os.Binder.execTransact(Binder.java:565)
06-05 18:17:26.196 D/VehicleStatisticsActivity( 5084): Checking recalculation ...
06-05 18:17:26.197 D/VehicleStatisticsActivity( 5084): Recalculation not necessary.
06-05 18:17:26.243 V/PhoneStatusBar( 1712): setLightsOn(true)
06-05 18:17:26.245 V/PhoneStatusBar( 1712): setLightsOn(true)
06-05 18:17:26.261 V/PhoneStatusBar( 1712): setLightsOn(true)
06-05 18:17:26.303 I/System.out( 5084): URI: //map
06-05 18:17:26.303 I/System.out( 5084): params: {json={"query":"android.widget.AbsListView index:0","operation":{"method_name":"query","arguments":[]}}
06-05 18:17:26.303 I/System.out( 5084): }
06-05 18:17:26.310 I/art     ( 5084): Do partial code cache collection, code=30KB, data=29KB
06-05 18:17:26.310 I/art     ( 5084): After code cache collection, code=29KB, data=28KB
06-05 18:17:26.310 I/art     ( 5084): Increasing code cache capacity to 128KB
06-05 18:17:26.321 I/System.out( 5084): URI: //map
06-05 18:17:26.322 I/System.out( 5084): params: {json={"query":"android.widget.AbsListView index:0","operation":{"method_name":"query","arguments":[]}}
06-05 18:17:26.322 I/System.out( 5084): }
06-05 18:17:26.341 I/System.out( 5084): URI: //map
06-05 18:17:26.341 I/System.out( 5084): params: {json={"query":"android.widget.AbsListView index:0","operation":{"method_name":"query","arguments":[]}}
06-05 18:17:26.341 I/System.out( 5084): }
06-05 18:17:26.356 I/System.out( 5084): URI: //map
06-05 18:17:26.356 I/System.out( 5084): params: {json={"query":"android.widget.AbsListView index:0","operation":{"method_name":"query","arguments":["getFirstVisiblePosition"]}}
06-05 18:17:26.356 I/System.out( 5084): }
06-05 18:17:26.369 I/System.out( 5084): URI: //map
06-05 18:17:26.369 I/System.out( 5084): params: {json={"query":"android.widget.AbsListView index:0","operation":{"method_name":"query","arguments":["getLastVisiblePosition"]}}
06-05 18:17:26.369 I/System.out( 5084): }
06-05 18:17:26.383 I/System.out( 5084): URI: //map
06-05 18:17:26.383 I/System.out( 5084): params: {json={"query":"android.widget.AbsListView index:0","operation":{"method_name":"query","arguments":[{"method_name":"setSelection","arguments":[26]}]}}
06-05 18:17:26.383 I/System.out( 5084): }
06-05 18:17:26.403 I/System.out( 5084): URI: //map
06-05 18:17:26.403 I/System.out( 5084): params: {json={"query":"* marked:'Average price'","operation":{"method_name":"query","arguments":[]}}
06-05 18:17:26.403 I/System.out( 5084): }
06-05 18:17:26.462 D/gralloc_ranchu( 1346): gralloc_alloc: Creating ashmem region of size 9023488
06-05 18:17:26.512 W/ResourceType( 5084): No package identifier when getting name for resource number 0x00000001
06-05 18:17:26.523 I/System.out( 5084): URI: //gesture
06-05 18:17:26.523 I/System.out( 5084): params: {json={"query_timeout":5.0,"gestures":[{"query_string":"* marked:'Average price'","touches":[{"x":50,"y":50,"offset_x":0,"offset_y":0,"wait":0.0,"time":0.2,"release":true,"query_string":null}]}]}
06-05 18:17:26.523 I/System.out( 5084): }
06-05 18:17:26.528 W/ResourceType( 5084): No package identifier when getting name for resource number 0x00000001
06-05 18:17:26.759 W/NotificationService( 1630): Object died trying to hide notification android.app.ITransientNotification$Stub$Proxy@ab8b2d2 in package com.evancharlton.mileage
06-05 18:17:26.815 I/ActivityManager( 1630): START u0 {cmp=com.evancharlton.mileage/.charts.AveragePriceChart (has extras)} from uid 10150 on display 0
06-05 18:17:26.817 V/PhoneStatusBar( 1712): setLightsOn(true)
06-05 18:17:26.818 V/PhoneStatusBar( 1712): setLightsOn(true)
06-05 18:17:26.832 I/System.out( 5084): URI: //map
06-05 18:17:26.832 I/System.out( 5084): params: {json={"query":"* {text CONTAINS[c] 'Average fuel price'}","operation":{"method_name":"query","arguments":[]}}
06-05 18:17:26.832 I/System.out( 5084): }
06-05 18:17:26.863 I/calabash( 5084): newActivity1
06-05 18:17:26.866 W/aiCharts( 5084): License file is invalid or missing. 
06-05 18:17:26.866 W/aiCharts( 5084): Please place proper license.lic to /assets folder.
06-05 18:17:26.880 V/PhoneStatusBar( 1712): setLightsOn(true)
06-05 18:17:26.910 V/PhoneStatusBar( 1712): setLightsOn(true)
06-05 18:17:26.927 V/PhoneStatusBar( 1712): setLightsOn(true)
06-05 18:17:26.929 I/WindowManager( 1630): Destroying surface Surface(name=Creating chart…) called by com.android.server.wm.WindowStateAnimator.destroySurface:2016 com.android.server.wm.WindowStateAnimator.destroySurfaceLocked:882 com.android.server.wm.WindowState.removeLocked:1456 com.android.server.wm.WindowManagerService.removeWindowInnerLocked:2484 com.android.server.wm.WindowManagerService.removeWindowLocked:2442 com.android.server.wm.WindowManagerService.removeWindowLocked:2311 com.android.server.wm.WindowManagerService.removeWindow:2306 com.android.server.wm.Session.remove:202 
06-05 18:17:26.939 D/gralloc_ranchu( 1346): gralloc_alloc: Creating ashmem region of size 9023488
06-05 18:17:26.943 V/PhoneStatusBar( 1712): setLightsOn(true)
06-05 18:17:26.988 I/ActivityManager( 1630): Displayed com.evancharlton.mileage/.charts.AveragePriceChart: +127ms
06-05 18:17:26.992 V/PhoneStatusBar( 1712): setLightsOn(true)
06-05 18:17:27.027 V/PhoneStatusBar( 1712): setLightsOn(true)
06-05 18:17:27.043 V/PhoneStatusBar( 1712): setLightsOn(true)
06-05 18:17:27.193 I/System.out( 5084): URI: //map
06-05 18:17:27.193 I/System.out( 5084): params: {json={"query":"* {text CONTAINS[c] 'Average fuel price'}","operation":{"method_name":"query","arguments":[]}}
06-05 18:17:27.193 I/System.out( 5084): }
06-05 18:17:27.215 I/System.out( 5084): URI: //
06-05 18:17:27.215 I/System.out( 5084): params: {json={"command":"press_key","arguments":["KEYCODE_BACK"]}
06-05 18:17:27.215 I/System.out( 5084): }
06-05 18:17:27.215 I/System.out( 5084): header: {content-type=application/json;charset=utf-8, date=Fri, 05 Jun 2020 23:17:27 GMT, accept=*/*, host=127.0.0.1:34784, content-length=52, user-agent=HTTPClient/1.0 (2.8.3, ruby 2.5.1 (2018-03-29))}
06-05 18:17:27.215 I/System.out( 5084): params: {json={"command":"press_key","arguments":["KEYCODE_BACK"]}
06-05 18:17:27.215 I/System.out( 5084): }
06-05 18:17:27.215 I/System.out( 5084): ProP json = {"command":"press_key","arguments":["KEYCODE_BACK"]}
06-05 18:17:27.215 I/System.out( 5084): files: {}
06-05 18:17:27.215 I/System.out( 5084): command: {"command":"press_key","arguments":["KEYCODE_BACK"]}
06-05 18:17:27.216 I/InstrumentationBackend( 5084): Got command:'Command:'Line:null,press_key', arguments:'[KEYCODE_BACK]'
06-05 18:17:27.219 V/PhoneStatusBar( 1712): setLightsOn(true)
06-05 18:17:27.223 V/PhoneStatusBar( 1712): setLightsOn(true)
06-05 18:17:27.224 I/art     ( 5084): Do partial code cache collection, code=60KB, data=62KB
06-05 18:17:27.224 I/art     ( 5084): After code cache collection, code=59KB, data=61KB
06-05 18:17:27.224 I/art     ( 5084): Increasing code cache capacity to 256KB
06-05 18:17:27.225 I/System.out( 5084): result:{"bonusInformation":[],"message":"","success":true}
06-05 18:17:27.226 V/PhoneStatusBar( 1712): setLightsOn(true)
06-05 18:17:27.226 D/VehicleStatisticsActivity( 5084): Checking recalculation ...
06-05 18:17:27.228 D/VehicleStatisticsActivity( 5084): Recalculation not necessary.
06-05 18:17:27.229 D/WindowManager( 1630): relayoutVisibleWindow: Window{a9713b3 u0 com.evancharlton.mileage/com.evancharlton.mileage.Mileage EXITING} mAnimatingExit=true, mRemoveOnExit=false, mDestroying=false
06-05 18:17:27.229 I/System.out( 5084): URI: //map
06-05 18:17:27.229 I/System.out( 5084): params: {json={"query":"* {text CONTAINS[c] 'Statistics'}","operation":{"method_name":"query","arguments":[]}}
06-05 18:17:27.229 I/System.out( 5084): }
06-05 18:17:27.242 D/gralloc_ranchu( 1346): gralloc_alloc: Creating ashmem region of size 9023488
06-05 18:17:27.243 V/PhoneStatusBar( 1712): setLightsOn(true)
06-05 18:17:27.259 V/PhoneStatusBar( 1712): setLightsOn(true)
06-05 18:17:27.276 V/PhoneStatusBar( 1712): setLightsOn(true)
