--------- beginning of main
06-06 17:44:55.681 W/OpenGLRenderer( 2106): Incorrectly called buildLayer on View: ShortcutAndWidgetContainer, destroying layer...
06-06 17:44:55.681 V/PhoneStatusBar( 1713): setLightsOn(true)
06-06 17:44:55.684 D/gralloc_ranchu( 1348): gralloc_alloc: Creating ashmem region of size 3145728
06-06 17:44:55.689 E/EGL_emulation( 1348): tid 1348: eglCreateSyncKHR(1901): error 0x3004 (EGL_BAD_ATTRIBUTE)
--------- beginning of system
06-06 17:44:55.701 W/ActivityManager( 1631): Finishing task with all activities already finished
06-06 17:44:55.701 W/ActivityManager( 1631): Duplicate finish request for ActivityRecord{86aa2b u0 com.evancharlton.mileage/.Mileage t24695 f}
06-06 17:44:55.701 W/ActivityManager( 1631): Finishing task with all activities already finished
06-06 17:44:55.701 W/ActivityManager( 1631): Duplicate finish request for ActivityRecord{86aa2b u0 com.evancharlton.mileage/.Mileage t24695 f}
06-06 17:44:55.701 W/ActivityManager( 1631): Finishing task with all activities already finished
06-06 17:44:55.701 W/ActivityManager( 1631): Duplicate finish request for ActivityRecord{86aa2b u0 com.evancharlton.mileage/.Mileage t24695 f}
06-06 17:44:55.701 W/ActivityManager( 1631): Finishing task with all activities already finished
06-06 17:44:55.701 W/ActivityManager( 1631): Duplicate finish request for ActivityRecord{86aa2b u0 com.evancharlton.mileage/.Mileage t24695 f}
06-06 17:44:55.701 W/ActivityManager( 1631): Finishing task with all activities already finished
06-06 17:44:55.701 W/ActivityManager( 1631): Duplicate finish request for ActivityRecord{86aa2b u0 com.evancharlton.mileage/.Mileage t24695 f}
06-06 17:44:55.701 W/ActivityManager( 1631): Finishing task with all activities already finished
06-06 17:44:55.701 W/ActivityManager( 1631): Duplicate finish request for ActivityRecord{32eae3d u0 com.evancharlton.mileage/.charts.MinimumDistanceChart t24695 f}
06-06 17:44:55.701 W/ActivityManager( 1631): Finishing task with all activities already finished
06-06 17:44:55.701 W/ActivityManager( 1631): Duplicate finish request for ActivityRecord{32eae3d u0 com.evancharlton.mileage/.charts.MinimumDistanceChart t24695 f}
06-06 17:44:55.701 W/ActivityManager( 1631): Finishing task with all activities already finished
06-06 17:44:55.701 W/ActivityManager( 1631): Duplicate finish request for ActivityRecord{86aa2b u0 com.evancharlton.mileage/.Mileage t24695 f}
06-06 17:44:55.702 W/ActivityManager( 1631): Finishing task with all activities already finished
06-06 17:44:55.702 W/ActivityManager( 1631): Duplicate finish request for ActivityRecord{86aa2b u0 com.evancharlton.mileage/.Mileage t24695 f}
06-06 17:44:55.733 D/EGL_emulation( 2106): eglMakeCurrent: 0xa6a85300: ver 2 0 (tinfo 0xa6a83220)
06-06 17:44:55.749 D/EGL_emulation( 1713): eglMakeCurrent: 0xa6a85780: ver 2 0 (tinfo 0xa6a83640)
06-06 17:44:55.765 D/EGL_emulation( 1713): eglMakeCurrent: 0xa6a85780: ver 2 0 (tinfo 0xa6a83640)
06-06 17:44:55.767 D/EGL_emulation( 1713): eglMakeCurrent: 0xa6a85780: ver 2 0 (tinfo 0xa6a83640)
06-06 17:44:55.782 D/EGL_emulation( 1713): eglMakeCurrent: 0xa6a85780: ver 2 0 (tinfo 0xa6a83640)
06-06 17:44:55.783 D/EGL_emulation( 1713): eglMakeCurrent: 0xa6a85780: ver 2 0 (tinfo 0xa6a83640)
06-06 17:44:55.798 D/EGL_emulation( 1713): eglMakeCurrent: 0xa6a85780: ver 2 0 (tinfo 0xa6a83640)
06-06 17:44:55.800 D/EGL_emulation( 1713): eglMakeCurrent: 0xa6a85780: ver 2 0 (tinfo 0xa6a83640)
06-06 17:44:55.810 D/AndroidRuntime(16040): >>>>>> START com.android.internal.os.RuntimeInit uid 2000 <<<<<<
06-06 17:44:55.811 D/AndroidRuntime(16040): CheckJNI is ON
06-06 17:44:55.815 D/EGL_emulation( 1713): eglMakeCurrent: 0xa6a85780: ver 2 0 (tinfo 0xa6a83640)
06-06 17:44:55.816 D/EGL_emulation( 1713): eglMakeCurrent: 0xa6a85780: ver 2 0 (tinfo 0xa6a83640)
06-06 17:44:55.823 W/art     (16040): Unexpected CPU variant for X86 using defaults: x86
06-06 17:44:55.825 D/ICU     (16040): No timezone override file found: /data/misc/zoneinfo/current/icu/icu_tzdata.dat
06-06 17:44:55.831 D/EGL_emulation( 1713): eglMakeCurrent: 0xa6a85780: ver 2 0 (tinfo 0xa6a83640)
06-06 17:44:55.832 E/memtrack(16040): Couldn't load memtrack module (No such file or directory)
06-06 17:44:55.832 E/android.os.Debug(16040): failed to load memtrack module: -2
06-06 17:44:55.833 I/Radio-JNI(16040): register_android_hardware_Radio DONE
06-06 17:44:55.833 D/EGL_emulation( 1713): eglMakeCurrent: 0xa6a85780: ver 2 0 (tinfo 0xa6a83640)
06-06 17:44:55.837 D/AndroidRuntime(16040): Calling main entry com.android.commands.am.Am
06-06 17:44:55.838 I/ActivityManager( 1631): Force stopping com.evancharlton.mileage appid=10728 user=0: start instr
06-06 17:44:55.838 I/ActivityManager( 1631): Killing 15995:com.evancharlton.mileage/u0a728 (adj 0): stop com.evancharlton.mileage
06-06 17:44:55.838 D/ActivityManager( 1631): cleanUpApplicationRecord -- 15995
06-06 17:44:55.839 I/WindowManager( 1631): Destroying surface Surface(name=com.evancharlton.mileage/com.evancharlton.mileage.charts.MinimumDistanceChart) called by com.android.server.wm.WindowStateAnimator.destroySurface:2016 com.android.server.wm.WindowStateAnimator.destroySurfaceLocked:882 com.android.server.wm.WindowState.removeLocked:1456 com.android.server.wm.WindowManagerService.removeWindowInnerLocked:2484 com.android.server.wm.WindowManagerService.removeWindowLocked:2442 com.android.server.wm.WindowManagerService.removeWindowLocked:2311 com.android.server.wm.AppWindowToken.removeAllWindows:530 com.android.server.wm.AppWindowToken.removeAppFromTaskLocked:326 
06-06 17:44:55.840 W/ActivityManager( 1631): Crash of app com.evancharlton.mileage running instrumentation ComponentInfo{com.evancharlton.mileage.test/sh.calaba.instrumentationbackend.CalabashInstrumentationTestRunner}
06-06 17:44:55.840 I/ActivityManager( 1631): Force stopping com.evancharlton.mileage appid=10728 user=0: finished inst
06-06 17:44:55.842 I/art     (16050): Not late-enabling -Xcheck:jni (already on)
06-06 17:44:55.842 W/art     (16050): Unexpected CPU variant for X86 using defaults: x86
06-06 17:44:55.848 D/EGL_emulation( 1713): eglMakeCurrent: 0xa6a85780: ver 2 0 (tinfo 0xa6a83640)
06-06 17:44:55.850 D/EGL_emulation( 1713): eglMakeCurrent: 0xa6a85780: ver 2 0 (tinfo 0xa6a83640)
06-06 17:44:55.851 I/ActivityManager( 1631): Start proc 16050:com.evancharlton.mileage/u0a728 for added application com.evancharlton.mileage
06-06 17:44:55.851 D/AndroidRuntime(16040): Shutting down VM
06-06 17:44:55.855 W/System  (16050): ClassLoader referenced unknown path: /data/app/com.evancharlton.mileage.test-1/lib/x86
06-06 17:44:55.855 W/System  (16050): ClassLoader referenced unknown path: /data/app/com.evancharlton.mileage-1/lib/x86
06-06 17:44:55.857 W/System  (16050): ClassLoader referenced unknown path: 
06-06 17:44:55.860 I/System.out(16050): Main activity name automatically set to: com.evancharlton.mileage.Mileage
06-06 17:44:55.860 I/System.out(16050): Calabash did not load Mono. This is only a problem if you are trying to test a Mono application
06-06 17:44:55.860 I/calabash(16050): Test server port: 7102
06-06 17:44:55.861 I/InstrumentationBackend(16050): Added:'GetPreferences', with key:'get_preferences'
06-06 17:44:55.865 D/EGL_emulation( 1713): eglMakeCurrent: 0xa6a85780: ver 2 0 (tinfo 0xa6a83640)
06-06 17:44:55.865 I/InstrumentationBackend(16050): Added:'SetPreferences', with key:'set_preferences'
06-06 17:44:55.865 I/InstrumentationBackend(16050): Added:'ClearPreferences', with key:'clear_preferences'
06-06 17:44:55.865 I/InstrumentationBackend(16050): Added:'PressElement', with key:'press_l10n_element'
06-06 17:44:55.866 I/InstrumentationBackend(16050): Added:'WaitForElement', with key:'wait_for_l10n_element'
06-06 17:44:55.866 I/InstrumentationBackend(16050): Added:'NullAction', with key:'nullAction'
06-06 17:44:55.866 I/InstrumentationBackend(16050): Added:'PressKey', with key:'press_key'
06-06 17:44:55.866 I/InstrumentationBackend(16050): Added:'SetActivityOrientation', with key:'set_activity_orientation'
06-06 17:44:55.866 I/InstrumentationBackend(16050): Added:'GetActivityOrientation', with key:'get_activity_orientation'
06-06 17:44:55.866 I/InstrumentationBackend(16050): Added:'FakeGPSLocation', with key:'set_gps_coordinates'
06-06 17:44:55.866 I/InstrumentationBackend(16050): Added:'SetPropertyByCssSelector', with key:'set_property_by_css_selector'
06-06 17:44:55.866 I/InstrumentationBackend(16050): Added:'GetUrl', with key:'get_url'
06-06 17:44:55.866 I/InstrumentationBackend(16050): Added:'ScrollTo', with key:'scroll_to'
06-06 17:44:55.866 I/InstrumentationBackend(16050): Added:'GetLoadProgress', with key:'get_load_progress'
06-06 17:44:55.866 D/EGL_emulation( 1713): eglMakeCurrent: 0xa6a85780: ver 2 0 (tinfo 0xa6a83640)
06-06 17:44:55.866 I/InstrumentationBackend(16050): Added:'DumpHtml', with key:'dump_html'
06-06 17:44:55.866 I/InstrumentationBackend(16050): Added:'DumpBodyHtml', with key:'dump_body_html'
06-06 17:44:55.866 I/InstrumentationBackend(16050): Added:'EnterTextByCssSelector', with key:'enter_text_by_selector'
06-06 17:44:55.867 I/InstrumentationBackend(16050): Added:'AndroidSDKVersion', with key:'android_sdk_version'
06-06 17:44:55.867 I/InstrumentationBackend(16050): Added:'Version', with key:'version'
06-06 17:44:55.867 I/InstrumentationBackend(16050): Added:'Drag', with key:'drag'
06-06 17:44:55.867 I/InstrumentationBackend(16050): Added:'TouchCoordinates', with key:'touch_coordinate'
06-06 17:44:55.867 I/InstrumentationBackend(16050): Added:'LongPressCoordinate', with key:'long_press_coordinate'
06-06 17:44:55.867 I/InstrumentationBackend(16050): Added:'DragCoordinates', with key:'drag_coordinates'
06-06 17:44:55.867 I/InstrumentationBackend(16050): Added:'ResumeApplication', with key:'resume_application'
06-06 17:44:55.867 I/InstrumentationBackend(16050): Added:'Swipe', with key:'swipe'
06-06 17:44:55.867 I/InstrumentationBackend(16050): Added:'DoubleTapCoordinate', with key:'double_tap_coordinate'
06-06 17:44:55.867 I/InstrumentationBackend(16050): Added:'ClickOnScreen', with key:'click_on_screen'
06-06 17:44:55.867 I/InstrumentationBackend(16050): Added:'GetActivityName', with key:'get_activity_name'
06-06 17:44:55.867 I/InstrumentationBackend(16050): Added:'ScrollToView', with key:'scroll_to_view'
06-06 17:44:55.867 I/InstrumentationBackend(16050): Added:'ViewConfiguration', with key:'view_configuration'
06-06 17:44:55.867 I/InstrumentationBackend(16050): Added:'IsCurrentActivityFocused', with key:'is_current_activity_focused'
06-06 17:44:55.867 I/InstrumentationBackend(16050): Added:'SendTcp', with key:'send_tcp'
06-06 17:44:55.867 I/InstrumentationBackend(16050): Added:'DpToDevicePixel', with key:'dp_to_device_pixel'
06-06 17:44:55.868 I/InstrumentationBackend(16050): Added:'KeyboardEnterText', with key:'keyboard_enter_text'
06-06 17:44:55.868 I/InstrumentationBackend(16050): Added:'DeleteSurroundingText', with key:'delete_surrounding_text'
06-06 17:44:55.868 I/InstrumentationBackend(16050): Added:'SetComposingRegion', with key:'set_composing_region'
06-06 17:44:55.868 I/InstrumentationBackend(16050): Added:'SetSelection', with key:'set_selection'
06-06 17:44:55.868 I/InstrumentationBackend(16050): Added:'KeyboardKeyEvent', with key:'keyboard_key_event'
06-06 17:44:55.868 I/InstrumentationBackend(16050): Added:'PressUserActionButton', with key:'press_user_action_button'
06-06 17:44:55.868 I/InstrumentationBackend(16050): Added:'HideSoftKeyboard', with key:'hide_soft_keyboard'
06-06 17:44:55.868 I/InstrumentationBackend(16050): Added:'ListActions', with key:'list_actions'
06-06 17:44:55.868 I/calabash(16050): Instantiating http server at 7102
06-06 17:44:55.869 I/System.out(16050): HTTP Daemon listening on: 7102
06-06 17:44:55.882 D/EGL_emulation( 1713): eglMakeCurrent: 0xa6a85780: ver 2 0 (tinfo 0xa6a83640)
06-06 17:44:55.883 D/EGL_emulation( 1713): eglMakeCurrent: 0xa6a85780: ver 2 0 (tinfo 0xa6a83640)
06-06 17:44:55.898 W/InputDispatcher( 1631): channel '57b12f6 com.evancharlton.mileage/com.evancharlton.mileage.Mileage (server)' ~ Consumer closed input channel or an error occurred.  events=0x9
06-06 17:44:55.898 E/InputDispatcher( 1631): channel '57b12f6 com.evancharlton.mileage/com.evancharlton.mileage.Mileage (server)' ~ Channel is unrecoverably broken and will be disposed!
06-06 17:44:55.898 D/EGL_emulation( 1713): eglMakeCurrent: 0xa6a85780: ver 2 0 (tinfo 0xa6a83640)
06-06 17:44:55.898 I/WindowManager( 1631): WIN DEATH: Window{57b12f6 u0 com.evancharlton.mileage/com.evancharlton.mileage.Mileage EXITING}
06-06 17:44:55.898 W/InputDispatcher( 1631): Attempted to unregister already unregistered input channel '57b12f6 com.evancharlton.mileage/com.evancharlton.mileage.Mileage (server)'
06-06 17:44:55.911 D/EGL_emulation( 1713): eglMakeCurrent: 0xa6a85780: ver 2 0 (tinfo 0xa6a83640)
06-06 17:44:55.915 D/EGL_emulation( 1713): eglMakeCurrent: 0xa6a85780: ver 2 0 (tinfo 0xa6a83640)
06-06 17:44:55.916 D/EGL_emulation( 1713): eglMakeCurrent: 0xa6a85780: ver 2 0 (tinfo 0xa6a83640)
06-06 17:44:55.933 D/EGL_emulation( 1713): eglMakeCurrent: 0xa6a85780: ver 2 0 (tinfo 0xa6a83640)
06-06 17:44:55.939 D/EGL_emulation( 1713): eglMakeCurrent: 0xa6a85780: ver 2 0 (tinfo 0xa6a83640)
06-06 17:44:55.953 D/EGL_emulation( 1713): eglMakeCurrent: 0xa6a85780: ver 2 0 (tinfo 0xa6a83640)
06-06 17:44:55.962 I/System.out(16050): URI: //ping
06-06 17:44:55.962 I/System.out(16050): params: {json={}
06-06 17:44:55.962 I/System.out(16050): }
06-06 17:44:55.967 D/EGL_emulation( 1713): eglMakeCurrent: 0xa6a85780: ver 2 0 (tinfo 0xa6a83640)
06-06 17:44:55.972 D/EGL_emulation( 1713): eglMakeCurrent: 0xa6a85780: ver 2 0 (tinfo 0xa6a83640)
06-06 17:44:55.973 I/System.out(16050): URI: //ping
06-06 17:44:55.973 I/System.out(16050): params: {json={}
06-06 17:44:55.973 I/System.out(16050): }
06-06 17:44:55.979 I/System.out(16050): URI: //ready
06-06 17:44:55.979 I/System.out(16050): params: {json={}
06-06 17:44:55.979 I/System.out(16050): }
06-06 17:44:55.994 I/System.out(16050): URI: //
06-06 17:44:55.994 I/System.out(16050): params: {json={"command":"version","arguments":[]}
06-06 17:44:55.994 I/System.out(16050): }
06-06 17:44:55.994 I/System.out(16050): header: {content-type=application/json;charset=utf-8, date=Sat, 06 Jun 2020 22:44:56 GMT, accept=*/*, host=127.0.0.1:34784, content-length=36, user-agent=HTTPClient/1.0 (2.8.3, ruby 2.5.1 (2018-03-29))}
06-06 17:44:55.994 I/System.out(16050): params: {json={"command":"version","arguments":[]}
06-06 17:44:55.994 I/System.out(16050): }
06-06 17:44:55.994 I/System.out(16050): ProP json = {"command":"version","arguments":[]}
06-06 17:44:55.994 I/System.out(16050): files: {}
06-06 17:44:55.994 I/System.out(16050): command: {"command":"version","arguments":[]}
06-06 17:44:56.009 I/InstrumentationBackend(16050): Got command:'Command:'Line:null,version', arguments:'[]'
06-06 17:44:56.035 I/System.out(16050): result:{"bonusInformation":[],"message":"0.9.8","success":true}
06-06 17:44:56.040 I/System.out(16050): URI: //start-application
06-06 17:44:56.040 I/System.out(16050): params: {json={"intent":null}
06-06 17:44:56.040 I/System.out(16050): }
06-06 17:44:56.058 I/ActivityManager( 1631): START u0 {act=android.intent.action.MAIN cat=[android.intent.category.LAUNCHER] flg=0x10200000 cmp=com.evancharlton.mileage/.Mileage} from uid 10728 on display 0
06-06 17:44:56.074 I/calabash(16050): newActivity1
06-06 17:44:56.082 D/gralloc_ranchu( 1348): gralloc_alloc: Creating ashmem region of size 9023488
06-06 17:44:56.091 I/calabash(16050): newActivity1
06-06 17:44:56.093 W/ActivityManager( 1631): Bad activity token: android.os.BinderProxy@c5f58de
06-06 17:44:56.093 W/ActivityManager( 1631): java.lang.ClassCastException: android.os.BinderProxy cannot be cast to com.android.server.am.ActivityRecord$Token
06-06 17:44:56.093 W/ActivityManager( 1631): 	at com.android.server.am.ActivityRecord.forTokenLocked(ActivityRecord.java:586)
06-06 17:44:56.093 W/ActivityManager( 1631): 	at com.android.server.am.ActivityRecord.isInStackLocked(ActivityRecord.java:1327)
06-06 17:44:56.093 W/ActivityManager( 1631): 	at com.android.server.am.ActivityRecord.getStackLocked(ActivityRecord.java:1332)
06-06 17:44:56.093 W/ActivityManager( 1631): 	at com.android.server.am.ActivityManagerService.getActivityDisplayId(ActivityManagerService.java:9806)
06-06 17:44:56.093 W/ActivityManager( 1631): 	at android.app.ActivityManagerNative.onTransact(ActivityManagerNative.java:2566)
06-06 17:44:56.093 W/ActivityManager( 1631): 	at com.android.server.am.ActivityManagerService.onTransact(ActivityManagerService.java:2757)
06-06 17:44:56.093 W/ActivityManager( 1631): 	at android.os.Binder.execTransact(Binder.java:565)
06-06 17:44:56.095 W/ActivityManager( 1631): Bad activity token: android.os.BinderProxy@c5f58de
06-06 17:44:56.095 W/ActivityManager( 1631): java.lang.ClassCastException: android.os.BinderProxy cannot be cast to com.android.server.am.ActivityRecord$Token
06-06 17:44:56.095 W/ActivityManager( 1631): 	at com.android.server.am.ActivityRecord.forTokenLocked(ActivityRecord.java:586)
06-06 17:44:56.095 W/ActivityManager( 1631): 	at com.android.server.am.ActivityRecord.isInStackLocked(ActivityRecord.java:1327)
06-06 17:44:56.095 W/ActivityManager( 1631): 	at com.android.server.am.ActivityManagerService.setTaskDescription(ActivityManagerService.java:9358)
06-06 17:44:56.095 W/ActivityManager( 1631): 	at android.app.ActivityManagerNative.onTransact(ActivityManagerNative.java:2639)
06-06 17:44:56.095 W/ActivityManager( 1631): 	at com.android.server.am.ActivityManagerService.onTransact(ActivityManagerService.java:2757)
06-06 17:44:56.095 W/ActivityManager( 1631): 	at android.os.Binder.execTransact(Binder.java:565)
06-06 17:44:56.096 W/ActivityManager( 1631): Bad activity token: android.os.BinderProxy@c5f58de
06-06 17:44:56.096 W/ActivityManager( 1631): java.lang.ClassCastException: android.os.BinderProxy cannot be cast to com.android.server.am.ActivityRecord$Token
06-06 17:44:56.096 W/ActivityManager( 1631): 	at com.android.server.am.ActivityRecord.forTokenLocked(ActivityRecord.java:586)
06-06 17:44:56.096 W/ActivityManager( 1631): 	at com.android.server.am.ActivityRecord.isInStackLocked(ActivityRecord.java:1327)
06-06 17:44:56.096 W/ActivityManager( 1631): 	at com.android.server.am.ActivityRecord.getStackLocked(ActivityRecord.java:1332)
06-06 17:44:56.096 W/ActivityManager( 1631): 	at com.android.server.am.ActivityManagerService.getActivityStackId(ActivityManagerService.java:9817)
06-06 17:44:56.096 W/ActivityManager( 1631): 	at android.app.ActivityManagerNative.onTransact(ActivityManagerNative.java:2856)
06-06 17:44:56.096 W/ActivityManager( 1631): 	at com.android.server.am.ActivityManagerService.onTransact(ActivityManagerService.java:2757)
06-06 17:44:56.096 W/ActivityManager( 1631): 	at android.os.Binder.execTransact(Binder.java:565)
06-06 17:44:56.122 V/PhoneStatusBar( 1713): setLightsOn(true)
06-06 17:44:56.129 W/ActivityManager( 1631): Bad activity token: android.os.BinderProxy@c5f58de
06-06 17:44:56.129 W/ActivityManager( 1631): java.lang.ClassCastException: android.os.BinderProxy cannot be cast to com.android.server.am.ActivityRecord$Token
06-06 17:44:56.129 W/ActivityManager( 1631): 	at com.android.server.am.ActivityRecord.forTokenLocked(ActivityRecord.java:586)
06-06 17:44:56.129 W/ActivityManager( 1631): 	at com.android.server.am.ActivityRecord.isInStackLocked(ActivityRecord.java:1327)
06-06 17:44:56.129 W/ActivityManager( 1631): 	at com.android.server.am.ActivityManagerService.getActivityOptions(ActivityManagerService.java:12559)
06-06 17:44:56.129 W/ActivityManager( 1631): 	at android.app.ActivityManagerNative.onTransact(ActivityManagerNative.java:1933)
06-06 17:44:56.129 W/ActivityManager( 1631): 	at com.android.server.am.ActivityManagerService.onTransact(ActivityManagerService.java:2757)
06-06 17:44:56.129 W/ActivityManager( 1631): 	at android.os.Binder.execTransact(Binder.java:565)
06-06 17:44:56.130 W/ActivityManager( 1631): Bad activity token: android.os.BinderProxy@c5f58de
06-06 17:44:56.130 W/ActivityManager( 1631): java.lang.ClassCastException: android.os.BinderProxy cannot be cast to com.android.server.am.ActivityRecord$Token
06-06 17:44:56.130 W/ActivityManager( 1631): 	at com.android.server.am.ActivityRecord.forTokenLocked(ActivityRecord.java:586)
06-06 17:44:56.130 W/ActivityManager( 1631): 	at com.android.server.am.ActivityRecord.isInStackLocked(ActivityRecord.java:1327)
06-06 17:44:56.130 W/ActivityManager( 1631): 	at com.android.server.am.ActivityManagerService.getActivityOptions(ActivityManagerService.java:12559)
06-06 17:44:56.130 W/ActivityManager( 1631): 	at android.app.ActivityManagerNative.onTransact(ActivityManagerNative.java:1933)
06-06 17:44:56.130 W/ActivityManager( 1631): 	at com.android.server.am.ActivityManagerService.onTransact(ActivityManagerService.java:2757)
06-06 17:44:56.130 W/ActivityManager( 1631): 	at android.os.Binder.execTransact(Binder.java:565)
06-06 17:44:56.133 D/EGL_emulation( 2106): eglMakeCurrent: 0xa6a85300: ver 2 0 (tinfo 0xa6a83220)
06-06 17:44:56.134 D/EGL_emulation( 1713): eglMakeCurrent: 0xa6a85780: ver 2 0 (tinfo 0xa6a83640)
06-06 17:44:56.148 D/EGL_emulation( 1713): eglMakeCurrent: 0xa6a85780: ver 2 0 (tinfo 0xa6a83640)
06-06 17:44:56.150 D/EGL_emulation( 1713): eglMakeCurrent: 0xa6a85780: ver 2 0 (tinfo 0xa6a83640)
06-06 17:44:56.164 D/gralloc_ranchu( 1348): gralloc_alloc: Creating ashmem region of size 9023488
06-06 17:44:56.165 I/WindowManager( 1631): Destroying surface Surface(name=com.evancharlton.mileage/com.evancharlton.mileage.Mileage) called by com.android.server.wm.WindowStateAnimator.destroySurface:2016 com.android.server.wm.WindowStateAnimator.destroySurfaceLocked:882 com.android.server.wm.WindowState.removeLocked:1456 com.android.server.wm.WindowManagerService.removeWindowInnerLocked:2484 com.android.server.wm.AppWindowToken.destroySurfaces:365 com.android.server.wm.WindowStateAnimator.finishExit:565 com.android.server.wm.AppWindowAnimator.stepAnimationLocked:427 com.android.server.wm.WindowAnimator.updateAppWindowsLocked:196 
06-06 17:44:56.165 D/EGL_emulation( 1713): eglMakeCurrent: 0xa6a85780: ver 2 0 (tinfo 0xa6a83640)
06-06 17:44:56.169 D/        (16050): HostConnection::get() New Host Connection established 0x954a8500, tid 16050
06-06 17:44:56.170 D/EGL_emulation( 1713): eglMakeCurrent: 0xa6a85780: ver 2 0 (tinfo 0xa6a83640)
06-06 17:44:56.207 D/EGL_emulation( 1713): eglMakeCurrent: 0xa6a85780: ver 2 0 (tinfo 0xa6a83640)
06-06 17:44:56.209 D/EGL_emulation( 1713): eglMakeCurrent: 0xa6a85780: ver 2 0 (tinfo 0xa6a83640)
06-06 17:44:56.210 V/PhoneStatusBar( 1713): setLightsOn(true)
06-06 17:44:56.212 D/EGL_emulation( 1713): eglMakeCurrent: 0xa6a85780: ver 2 0 (tinfo 0xa6a83640)
06-06 17:44:56.213 D/EGL_emulation( 1713): eglMakeCurrent: 0xa6a85780: ver 2 0 (tinfo 0xa6a83640)
06-06 17:44:56.215 D/EGL_emulation( 1713): eglMakeCurrent: 0xa6a85780: ver 2 0 (tinfo 0xa6a83640)
06-06 17:44:56.216 D/EGL_emulation( 1713): eglMakeCurrent: 0xa6a85780: ver 2 0 (tinfo 0xa6a83640)
06-06 17:44:56.224 I/ActivityManager( 1631): Displayed com.evancharlton.mileage/.Mileage: +158ms
06-06 17:44:56.231 D/gralloc_ranchu( 1348): gralloc_alloc: Creating ashmem region of size 9023488
06-06 17:44:56.238 D/EGL_emulation( 1713): eglMakeCurrent: 0xa6a85780: ver 2 0 (tinfo 0xa6a83640)
06-06 17:44:56.246 D/EGL_emulation( 1713): eglMakeCurrent: 0xa6a85780: ver 2 0 (tinfo 0xa6a83640)
06-06 17:44:56.254 D/EGL_emulation( 1713): eglMakeCurrent: 0xa6a85780: ver 2 0 (tinfo 0xa6a83640)
06-06 17:44:56.257 D/EGL_emulation( 1713): eglMakeCurrent: 0xa6a85780: ver 2 0 (tinfo 0xa6a83640)
06-06 17:44:56.257 V/PhoneStatusBar( 1713): setLightsOn(true)
06-06 17:44:56.267 D/EGL_emulation( 1713): eglMakeCurrent: 0xa6a85780: ver 2 0 (tinfo 0xa6a83640)
06-06 17:44:56.269 D/EGL_emulation( 1713): eglMakeCurrent: 0xa6a85780: ver 2 0 (tinfo 0xa6a83640)
06-06 17:44:56.273 I/System.out(16050): URI: //map
06-06 17:44:56.273 I/System.out(16050): params: {json={"query":"* marked:'Statistics'","operation":{"method_name":"query","arguments":[]}}
06-06 17:44:56.273 I/System.out(16050): }
06-06 17:44:56.282 D/EGL_emulation( 1713): eglMakeCurrent: 0xa6a85780: ver 2 0 (tinfo 0xa6a83640)
06-06 17:44:56.283 D/EGL_emulation( 1713): eglMakeCurrent: 0xa6a85780: ver 2 0 (tinfo 0xa6a83640)
06-06 17:44:56.286 W/ResourceType(16050): No package identifier when getting name for resource number 0x00000001
06-06 17:44:56.298 D/EGL_emulation( 1713): eglMakeCurrent: 0xa6a85780: ver 2 0 (tinfo 0xa6a83640)
06-06 17:44:56.300 D/EGL_emulation( 1713): eglMakeCurrent: 0xa6a85780: ver 2 0 (tinfo 0xa6a83640)
06-06 17:44:56.302 I/System.out(16050): URI: //gesture
06-06 17:44:56.302 I/System.out(16050): params: {json={"query_timeout":5.0,"gestures":[{"query_string":"* marked:'Statistics'","touches":[{"x":50,"y":50,"offset_x":0,"offset_y":0,"wait":0.0,"time":0.2,"release":true,"query_string":null}]}]}
06-06 17:44:56.302 I/System.out(16050): }
06-06 17:44:56.307 W/ResourceType(16050): No package identifier when getting name for resource number 0x00000001
06-06 17:44:56.321 D/EGL_emulation( 1713): eglMakeCurrent: 0xa6a85780: ver 2 0 (tinfo 0xa6a83640)
06-06 17:44:56.324 D/EGL_emulation( 1713): eglMakeCurrent: 0xa6a85780: ver 2 0 (tinfo 0xa6a83640)
06-06 17:44:56.333 D/EGL_emulation( 1713): eglMakeCurrent: 0xa6a85780: ver 2 0 (tinfo 0xa6a83640)
06-06 17:44:56.415 I/WindowManager( 1631): Destroying surface Surface(name=Starting com.evancharlton.mileage) called by com.android.server.wm.WindowStateAnimator.destroySurface:2016 com.android.server.wm.WindowStateAnimator.destroySurfaceLocked:882 com.android.server.wm.WindowState.destroyOrSaveSurface:2100 com.android.server.wm.AppWindowToken.destroySurfaces:363 com.android.server.wm.WindowStateAnimator.finishExit:565 com.android.server.wm.WindowStateAnimator.stepAnimationLocked:491 com.android.server.wm.WindowAnimator.updateWindowsLocked:303 com.android.server.wm.WindowAnimator.animateLocked:704 
06-06 17:44:56.417 V/PhoneStatusBar( 1713): setLightsOn(true)
06-06 17:44:56.419 V/PhoneStatusBar( 1713): setLightsOn(true)
06-06 17:44:56.533 I/calabash(16050): newActivity1
06-06 17:44:56.545 I/System.out(16050): URI: //map
06-06 17:44:56.545 I/System.out(16050): params: {json={"query":"* marked:'Maximum distance'","operation":{"method_name":"query","arguments":[]}}
06-06 17:44:56.545 I/System.out(16050): }
06-06 17:44:56.546 W/ActivityManager( 1631): Bad activity token: android.os.BinderProxy@b83f5a8
06-06 17:44:56.546 W/ActivityManager( 1631): java.lang.ClassCastException: android.os.BinderProxy cannot be cast to com.android.server.am.ActivityRecord$Token
06-06 17:44:56.546 W/ActivityManager( 1631): 	at com.android.server.am.ActivityRecord.forTokenLocked(ActivityRecord.java:586)
06-06 17:44:56.546 W/ActivityManager( 1631): 	at com.android.server.am.ActivityRecord.isInStackLocked(ActivityRecord.java:1327)
06-06 17:44:56.546 W/ActivityManager( 1631): 	at com.android.server.am.ActivityRecord.getStackLocked(ActivityRecord.java:1332)
06-06 17:44:56.546 W/ActivityManager( 1631): 	at com.android.server.am.ActivityManagerService.getActivityDisplayId(ActivityManagerService.java:9806)
06-06 17:44:56.546 W/ActivityManager( 1631): 	at android.app.ActivityManagerNative.onTransact(ActivityManagerNative.java:2566)
06-06 17:44:56.546 W/ActivityManager( 1631): 	at com.android.server.am.ActivityManagerService.onTransact(ActivityManagerService.java:2757)
06-06 17:44:56.546 W/ActivityManager( 1631): 	at android.os.Binder.execTransact(Binder.java:565)
06-06 17:44:56.547 W/ActivityManager( 1631): Bad activity token: android.os.BinderProxy@b83f5a8
06-06 17:44:56.547 W/ActivityManager( 1631): java.lang.ClassCastException: android.os.BinderProxy cannot be cast to com.android.server.am.ActivityRecord$Token
06-06 17:44:56.547 W/ActivityManager( 1631): 	at com.android.server.am.ActivityRecord.forTokenLocked(ActivityRecord.java:586)
06-06 17:44:56.547 W/ActivityManager( 1631): 	at com.android.server.am.ActivityRecord.isInStackLocked(ActivityRecord.java:1327)
06-06 17:44:56.547 W/ActivityManager( 1631): 	at com.android.server.am.ActivityManagerService.setTaskDescription(ActivityManagerService.java:9358)
06-06 17:44:56.547 W/ActivityManager( 1631): 	at android.app.ActivityManagerNative.onTransact(ActivityManagerNative.java:2639)
06-06 17:44:56.547 W/ActivityManager( 1631): 	at com.android.server.am.ActivityManagerService.onTransact(ActivityManagerService.java:2757)
06-06 17:44:56.547 W/ActivityManager( 1631): 	at android.os.Binder.execTransact(Binder.java:565)
06-06 17:44:56.547 W/ActivityManager( 1631): Bad activity token: android.os.BinderProxy@b83f5a8
06-06 17:44:56.547 W/ActivityManager( 1631): java.lang.ClassCastException: android.os.BinderProxy cannot be cast to com.android.server.am.ActivityRecord$Token
06-06 17:44:56.547 W/ActivityManager( 1631): 	at com.android.server.am.ActivityRecord.forTokenLocked(ActivityRecord.java:586)
06-06 17:44:56.547 W/ActivityManager( 1631): 	at com.android.server.am.ActivityRecord.isInStackLocked(ActivityRecord.java:1327)
06-06 17:44:56.547 W/ActivityManager( 1631): 	at com.android.server.am.ActivityRecord.getStackLocked(ActivityRecord.java:1332)
06-06 17:44:56.547 W/ActivityManager( 1631): 	at com.android.server.am.ActivityManagerService.getActivityStackId(ActivityManagerService.java:9817)
06-06 17:44:56.547 W/ActivityManager( 1631): 	at android.app.ActivityManagerNative.onTransact(ActivityManagerNative.java:2856)
06-06 17:44:56.547 W/ActivityManager( 1631): 	at com.android.server.am.ActivityManagerService.onTransact(ActivityManagerService.java:2757)
06-06 17:44:56.547 W/ActivityManager( 1631): 	at android.os.Binder.execTransact(Binder.java:565)
06-06 17:44:56.555 D/VehicleStatisticsActivity(16050): Checking recalculation ...
06-06 17:44:56.556 D/VehicleStatisticsActivity(16050): Recalculation not necessary.
06-06 17:44:56.558 W/ActivityManager( 1631): Bad activity token: android.os.BinderProxy@b83f5a8
06-06 17:44:56.558 W/ActivityManager( 1631): java.lang.ClassCastException: android.os.BinderProxy cannot be cast to com.android.server.am.ActivityRecord$Token
06-06 17:44:56.558 W/ActivityManager( 1631): 	at com.android.server.am.ActivityRecord.forTokenLocked(ActivityRecord.java:586)
06-06 17:44:56.558 W/ActivityManager( 1631): 	at com.android.server.am.ActivityRecord.isInStackLocked(ActivityRecord.java:1327)
06-06 17:44:56.558 W/ActivityManager( 1631): 	at com.android.server.am.ActivityManagerService.getActivityOptions(ActivityManagerService.java:12559)
06-06 17:44:56.558 W/ActivityManager( 1631): 	at android.app.ActivityManagerNative.onTransact(ActivityManagerNative.java:1933)
06-06 17:44:56.558 W/ActivityManager( 1631): 	at com.android.server.am.ActivityManagerService.onTransact(ActivityManagerService.java:2757)
06-06 17:44:56.558 W/ActivityManager( 1631): 	at android.os.Binder.execTransact(Binder.java:565)
06-06 17:44:56.558 W/ActivityManager( 1631): Bad activity token: android.os.BinderProxy@b83f5a8
06-06 17:44:56.558 W/ActivityManager( 1631): java.lang.ClassCastException: android.os.BinderProxy cannot be cast to com.android.server.am.ActivityRecord$Token
06-06 17:44:56.558 W/ActivityManager( 1631): 	at com.android.server.am.ActivityRecord.forTokenLocked(ActivityRecord.java:586)
06-06 17:44:56.558 W/ActivityManager( 1631): 	at com.android.server.am.ActivityRecord.isInStackLocked(ActivityRecord.java:1327)
06-06 17:44:56.558 W/ActivityManager( 1631): 	at com.android.server.am.ActivityManagerService.getActivityOptions(ActivityManagerService.java:12559)
06-06 17:44:56.558 W/ActivityManager( 1631): 	at android.app.ActivityManagerNative.onTransact(ActivityManagerNative.java:1933)
06-06 17:44:56.558 W/ActivityManager( 1631): 	at com.android.server.am.ActivityManagerService.onTransact(ActivityManagerService.java:2757)
06-06 17:44:56.558 W/ActivityManager( 1631): 	at android.os.Binder.execTransact(Binder.java:565)
06-06 17:44:56.559 D/VehicleStatisticsActivity(16050): Checking recalculation ...
06-06 17:44:56.560 D/VehicleStatisticsActivity(16050): Recalculation not necessary.
06-06 17:44:56.565 V/PhoneStatusBar( 1713): setLightsOn(true)
06-06 17:44:56.625 W/ResourceType(16050): No package identifier when getting name for resource number 0x00000001
06-06 17:44:56.626 I/art     (16050): Do partial code cache collection, code=30KB, data=29KB
06-06 17:44:56.627 I/art     (16050): After code cache collection, code=29KB, data=29KB
06-06 17:44:56.627 I/art     (16050): Increasing code cache capacity to 128KB
06-06 17:44:56.641 I/System.out(16050): URI: //gesture
06-06 17:44:56.641 I/System.out(16050): params: {json={"query_timeout":5.0,"gestures":[{"query_string":"* marked:'Maximum distance'","touches":[{"x":50,"y":50,"offset_x":0,"offset_y":0,"wait":0.0,"time":0.2,"release":true,"query_string":null}]}]}
06-06 17:44:56.641 I/System.out(16050): }
06-06 17:44:56.646 W/ResourceType(16050): No package identifier when getting name for resource number 0x00000001
06-06 17:44:56.865 V/PhoneStatusBar( 1713): setLightsOn(true)
06-06 17:44:56.865 W/OpenGLRenderer( 2106): Incorrectly called buildLayer on View: ShortcutAndWidgetContainer, destroying layer...
06-06 17:44:56.866 V/PhoneStatusBar( 1713): setLightsOn(true)
06-06 17:44:56.884 V/PhoneStatusBar( 1713): setLightsOn(true)
06-06 17:44:56.886 I/WindowManager( 1631): Destroying surface Surface(name=com.android.launcher3/com.android.launcher3.Launcher) called by com.android.server.wm.WindowStateAnimator.destroySurface:2016 com.android.server.wm.WindowStateAnimator.destroySurfaceLocked:882 com.android.server.wm.WindowState.destroyOrSaveSurface:2100 com.android.server.wm.AppWindowToken.destroySurfaces:363 com.android.server.wm.AppWindowToken.notifyAppStopped:389 com.android.server.wm.WindowManagerService.notifyAppStopped:4463 com.android.server.am.ActivityStack.activityStoppedLocked:1252 com.android.server.am.ActivityManagerService.activityStopped:6903 
06-06 17:44:56.888 I/ActivityManager( 1631): START u0 {cmp=com.evancharlton.mileage/.charts.MaximumDistanceChart (has extras)} from uid 10728 on display 0
06-06 17:44:56.897 V/PhoneStatusBar( 1713): setLightsOn(true)
06-06 17:44:56.922 I/System.out(16050): URI: //map
06-06 17:44:56.922 I/System.out(16050): params: {json={"query":"* {text CONTAINS[c] 'Maximum distance between fillups'}","operation":{"method_name":"query","arguments":[]}}
06-06 17:44:56.922 I/System.out(16050): }
06-06 17:44:56.946 I/calabash(16050): newActivity1
06-06 17:44:56.951 W/aiCharts(16050): License file is invalid or missing. 
06-06 17:44:56.951 W/aiCharts(16050): Please place proper license.lic to /assets folder.
06-06 17:44:56.968 V/PhoneStatusBar( 1713): setLightsOn(true)
06-06 17:44:56.998 V/PhoneStatusBar( 1713): setLightsOn(true)
06-06 17:44:57.003 I/WindowManager( 1631): Destroying surface Surface(name=Creating chart…) called by com.android.server.wm.WindowStateAnimator.destroySurface:2016 com.android.server.wm.WindowStateAnimator.destroySurfaceLocked:882 com.android.server.wm.WindowState.removeLocked:1456 com.android.server.wm.WindowManagerService.removeWindowInnerLocked:2484 com.android.server.wm.WindowManagerService.removeWindowLocked:2442 com.android.server.wm.WindowManagerService.removeWindowLocked:2311 com.android.server.wm.WindowManagerService.removeWindow:2306 com.android.server.wm.Session.remove:202 
06-06 17:44:57.005 D/gralloc_ranchu( 1348): gralloc_alloc: Creating ashmem region of size 9023488
06-06 17:44:57.015 V/PhoneStatusBar( 1713): setLightsOn(true)
06-06 17:44:57.027 I/ActivityManager( 1631): Displayed com.evancharlton.mileage/.charts.MaximumDistanceChart: +84ms
06-06 17:44:57.031 V/PhoneStatusBar( 1713): setLightsOn(true)
06-06 17:44:57.064 V/PhoneStatusBar( 1713): setLightsOn(true)
06-06 17:44:57.081 V/PhoneStatusBar( 1713): setLightsOn(true)
06-06 17:44:57.266 V/PhoneStatusBar( 1713): setLightsOn(true)
06-06 17:44:57.287 I/System.out(16050): URI: //map
06-06 17:44:57.287 I/System.out(16050): params: {json={"query":"* {text CONTAINS[c] 'Maximum distance between fillups'}","operation":{"method_name":"query","arguments":[]}}
06-06 17:44:57.287 I/System.out(16050): }
06-06 17:44:57.329 I/System.out(16050): URI: //
06-06 17:44:57.329 I/System.out(16050): params: {json={"command":"press_key","arguments":["KEYCODE_BACK"]}
06-06 17:44:57.329 I/System.out(16050): }
06-06 17:44:57.329 I/System.out(16050): header: {content-type=application/json;charset=utf-8, date=Sat, 06 Jun 2020 22:44:57 GMT, accept=*/*, host=127.0.0.1:34784, content-length=52, user-agent=HTTPClient/1.0 (2.8.3, ruby 2.5.1 (2018-03-29))}
06-06 17:44:57.329 I/System.out(16050): params: {json={"command":"press_key","arguments":["KEYCODE_BACK"]}
06-06 17:44:57.329 I/System.out(16050): }
06-06 17:44:57.329 I/System.out(16050): ProP json = {"command":"press_key","arguments":["KEYCODE_BACK"]}
06-06 17:44:57.329 I/System.out(16050): files: {}
06-06 17:44:57.329 I/System.out(16050): command: {"command":"press_key","arguments":["KEYCODE_BACK"]}
06-06 17:44:57.332 I/InstrumentationBackend(16050): Got command:'Command:'Line:null,press_key', arguments:'[KEYCODE_BACK]'
06-06 17:44:57.335 V/PhoneStatusBar( 1713): setLightsOn(true)
06-06 17:44:57.336 V/PhoneStatusBar( 1713): setLightsOn(true)
06-06 17:44:57.339 I/System.out(16050): result:{"bonusInformation":[],"message":"","success":true}
06-06 17:44:57.339 D/VehicleStatisticsActivity(16050): Checking recalculation ...
06-06 17:44:57.340 D/VehicleStatisticsActivity(16050): Recalculation not necessary.
06-06 17:44:57.342 I/System.out(16050): URI: //map
06-06 17:44:57.342 I/System.out(16050): params: {json={"query":"* {text CONTAINS[c] 'Statistics'}","operation":{"method_name":"query","arguments":[]}}
06-06 17:44:57.342 I/System.out(16050): }
06-06 17:44:57.348 V/PhoneStatusBar( 1713): setLightsOn(true)
06-06 17:44:57.364 D/gralloc_ranchu( 1348): gralloc_alloc: Creating ashmem region of size 9023488
06-06 17:44:57.365 V/PhoneStatusBar( 1713): setLightsOn(true)
06-06 17:44:57.382 V/PhoneStatusBar( 1713): setLightsOn(true)
06-06 17:44:57.398 V/PhoneStatusBar( 1713): setLightsOn(true)
