--------- beginning of main
06-06 17:43:08.016 V/PhoneStatusBar( 1713): setLightsOn(true)
06-06 17:43:08.017 V/PhoneStatusBar( 1713): setLightsOn(true)
--------- beginning of system
06-06 17:43:08.018 W/ActivityManager( 1631): Finishing task with all activities already finished
06-06 17:43:08.018 W/ActivityManager( 1631): Duplicate finish request for ActivityRecord{de96399 u0 com.evancharlton.mileage/.Mileage t24665 f}
06-06 17:43:08.018 W/ActivityManager( 1631): Finishing task with all activities already finished
06-06 17:43:08.018 W/ActivityManager( 1631): Duplicate finish request for ActivityRecord{de96399 u0 com.evancharlton.mileage/.Mileage t24665 f}
06-06 17:43:08.018 W/ActivityManager( 1631): Finishing task with all activities already finished
06-06 17:43:08.018 W/ActivityManager( 1631): Duplicate finish request for ActivityRecord{de96399 u0 com.evancharlton.mileage/.Mileage t24665 f}
06-06 17:43:08.033 D/gralloc_ranchu( 1348): gralloc_alloc: Creating ashmem region of size 3145728
06-06 17:43:08.037 E/EGL_emulation( 1348): tid 1348: eglCreateSyncKHR(1901): error 0x3004 (EGL_BAD_ATTRIBUTE)
06-06 17:43:08.061 D/EGL_emulation( 1713): eglMakeCurrent: 0xa6a85780: ver 2 0 (tinfo 0xa6a83640)
06-06 17:43:08.071 D/EGL_emulation( 1713): eglMakeCurrent: 0xa6a85780: ver 2 0 (tinfo 0xa6a83640)
06-06 17:43:08.083 D/EGL_emulation( 2106): eglMakeCurrent: 0xa6a85300: ver 2 0 (tinfo 0xa6a83220)
06-06 17:43:08.084 D/EGL_emulation( 1713): eglMakeCurrent: 0xa6a85780: ver 2 0 (tinfo 0xa6a83640)
06-06 17:43:08.098 D/EGL_emulation( 1713): eglMakeCurrent: 0xa6a85780: ver 2 0 (tinfo 0xa6a83640)
06-06 17:43:08.100 D/EGL_emulation( 1713): eglMakeCurrent: 0xa6a85780: ver 2 0 (tinfo 0xa6a83640)
06-06 17:43:08.104 D/AndroidRuntime(13859): >>>>>> START com.android.internal.os.RuntimeInit uid 2000 <<<<<<
06-06 17:43:08.105 D/AndroidRuntime(13859): CheckJNI is ON
06-06 17:43:08.115 D/EGL_emulation( 1713): eglMakeCurrent: 0xa6a85780: ver 2 0 (tinfo 0xa6a83640)
06-06 17:43:08.116 D/EGL_emulation( 1713): eglMakeCurrent: 0xa6a85780: ver 2 0 (tinfo 0xa6a83640)
06-06 17:43:08.118 W/art     (13859): Unexpected CPU variant for X86 using defaults: x86
06-06 17:43:08.120 D/ICU     (13859): No timezone override file found: /data/misc/zoneinfo/current/icu/icu_tzdata.dat
06-06 17:43:08.129 E/memtrack(13859): Couldn't load memtrack module (No such file or directory)
06-06 17:43:08.129 E/android.os.Debug(13859): failed to load memtrack module: -2
06-06 17:43:08.130 I/Radio-JNI(13859): register_android_hardware_Radio DONE
06-06 17:43:08.132 D/EGL_emulation( 1713): eglMakeCurrent: 0xa6a85780: ver 2 0 (tinfo 0xa6a83640)
06-06 17:43:08.134 D/EGL_emulation( 1713): eglMakeCurrent: 0xa6a85780: ver 2 0 (tinfo 0xa6a83640)
06-06 17:43:08.136 D/AndroidRuntime(13859): Calling main entry com.android.commands.am.Am
06-06 17:43:08.137 I/ActivityManager( 1631): Force stopping com.evancharlton.mileage appid=10728 user=0: start instr
06-06 17:43:08.137 I/ActivityManager( 1631): Killing 13814:com.evancharlton.mileage/u0a728 (adj 0): stop com.evancharlton.mileage
06-06 17:43:08.138 D/ActivityManager( 1631): cleanUpApplicationRecord -- 13814
06-06 17:43:08.138 W/ActivityManager( 1631): Crash of app com.evancharlton.mileage running instrumentation ComponentInfo{com.evancharlton.mileage.test/sh.calaba.instrumentationbackend.CalabashInstrumentationTestRunner}
06-06 17:43:08.138 I/ActivityManager( 1631): Force stopping com.evancharlton.mileage appid=10728 user=0: finished inst
06-06 17:43:08.142 I/art     (13869): Not late-enabling -Xcheck:jni (already on)
06-06 17:43:08.143 W/art     (13869): Unexpected CPU variant for X86 using defaults: x86
06-06 17:43:08.149 I/ActivityManager( 1631): Start proc 13869:com.evancharlton.mileage/u0a728 for added application com.evancharlton.mileage
06-06 17:43:08.149 D/EGL_emulation( 1713): eglMakeCurrent: 0xa6a85780: ver 2 0 (tinfo 0xa6a83640)
06-06 17:43:08.149 D/AndroidRuntime(13859): Shutting down VM
06-06 17:43:08.152 D/EGL_emulation( 1713): eglMakeCurrent: 0xa6a85780: ver 2 0 (tinfo 0xa6a83640)
06-06 17:43:08.155 W/System  (13869): ClassLoader referenced unknown path: /data/app/com.evancharlton.mileage.test-1/lib/x86
06-06 17:43:08.156 W/System  (13869): ClassLoader referenced unknown path: /data/app/com.evancharlton.mileage-1/lib/x86
06-06 17:43:08.159 W/System  (13869): ClassLoader referenced unknown path: 
06-06 17:43:08.164 I/System.out(13869): Main activity name automatically set to: com.evancharlton.mileage.Mileage
06-06 17:43:08.165 I/System.out(13869): Calabash did not load Mono. This is only a problem if you are trying to test a Mono application
06-06 17:43:08.165 I/calabash(13869): Test server port: 7102
06-06 17:43:08.165 D/EGL_emulation( 1713): eglMakeCurrent: 0xa6a85780: ver 2 0 (tinfo 0xa6a83640)
06-06 17:43:08.166 I/InstrumentationBackend(13869): Added:'GetPreferences', with key:'get_preferences'
06-06 17:43:08.167 D/EGL_emulation( 1713): eglMakeCurrent: 0xa6a85780: ver 2 0 (tinfo 0xa6a83640)
06-06 17:43:08.171 I/InstrumentationBackend(13869): Added:'SetPreferences', with key:'set_preferences'
06-06 17:43:08.172 I/InstrumentationBackend(13869): Added:'ClearPreferences', with key:'clear_preferences'
06-06 17:43:08.172 I/InstrumentationBackend(13869): Added:'PressElement', with key:'press_l10n_element'
06-06 17:43:08.172 I/InstrumentationBackend(13869): Added:'WaitForElement', with key:'wait_for_l10n_element'
06-06 17:43:08.172 I/InstrumentationBackend(13869): Added:'NullAction', with key:'nullAction'
06-06 17:43:08.172 I/InstrumentationBackend(13869): Added:'PressKey', with key:'press_key'
06-06 17:43:08.172 I/InstrumentationBackend(13869): Added:'SetActivityOrientation', with key:'set_activity_orientation'
06-06 17:43:08.172 I/InstrumentationBackend(13869): Added:'GetActivityOrientation', with key:'get_activity_orientation'
06-06 17:43:08.172 I/InstrumentationBackend(13869): Added:'FakeGPSLocation', with key:'set_gps_coordinates'
06-06 17:43:08.172 I/InstrumentationBackend(13869): Added:'SetPropertyByCssSelector', with key:'set_property_by_css_selector'
06-06 17:43:08.172 I/InstrumentationBackend(13869): Added:'GetUrl', with key:'get_url'
06-06 17:43:08.172 I/InstrumentationBackend(13869): Added:'ScrollTo', with key:'scroll_to'
06-06 17:43:08.172 I/InstrumentationBackend(13869): Added:'GetLoadProgress', with key:'get_load_progress'
06-06 17:43:08.173 I/InstrumentationBackend(13869): Added:'DumpHtml', with key:'dump_html'
06-06 17:43:08.173 I/InstrumentationBackend(13869): Added:'DumpBodyHtml', with key:'dump_body_html'
06-06 17:43:08.173 I/InstrumentationBackend(13869): Added:'EnterTextByCssSelector', with key:'enter_text_by_selector'
06-06 17:43:08.173 I/InstrumentationBackend(13869): Added:'AndroidSDKVersion', with key:'android_sdk_version'
06-06 17:43:08.173 I/InstrumentationBackend(13869): Added:'Version', with key:'version'
06-06 17:43:08.173 I/InstrumentationBackend(13869): Added:'Drag', with key:'drag'
06-06 17:43:08.173 I/InstrumentationBackend(13869): Added:'TouchCoordinates', with key:'touch_coordinate'
06-06 17:43:08.173 I/InstrumentationBackend(13869): Added:'LongPressCoordinate', with key:'long_press_coordinate'
06-06 17:43:08.173 I/InstrumentationBackend(13869): Added:'DragCoordinates', with key:'drag_coordinates'
06-06 17:43:08.173 I/InstrumentationBackend(13869): Added:'ResumeApplication', with key:'resume_application'
06-06 17:43:08.173 I/InstrumentationBackend(13869): Added:'Swipe', with key:'swipe'
06-06 17:43:08.174 I/InstrumentationBackend(13869): Added:'DoubleTapCoordinate', with key:'double_tap_coordinate'
06-06 17:43:08.174 I/InstrumentationBackend(13869): Added:'ClickOnScreen', with key:'click_on_screen'
06-06 17:43:08.174 I/InstrumentationBackend(13869): Added:'GetActivityName', with key:'get_activity_name'
06-06 17:43:08.174 I/InstrumentationBackend(13869): Added:'ScrollToView', with key:'scroll_to_view'
06-06 17:43:08.174 I/InstrumentationBackend(13869): Added:'ViewConfiguration', with key:'view_configuration'
06-06 17:43:08.174 I/InstrumentationBackend(13869): Added:'IsCurrentActivityFocused', with key:'is_current_activity_focused'
06-06 17:43:08.174 I/InstrumentationBackend(13869): Added:'SendTcp', with key:'send_tcp'
06-06 17:43:08.174 I/InstrumentationBackend(13869): Added:'DpToDevicePixel', with key:'dp_to_device_pixel'
06-06 17:43:08.174 I/InstrumentationBackend(13869): Added:'KeyboardEnterText', with key:'keyboard_enter_text'
06-06 17:43:08.174 I/InstrumentationBackend(13869): Added:'DeleteSurroundingText', with key:'delete_surrounding_text'
06-06 17:43:08.174 I/InstrumentationBackend(13869): Added:'SetComposingRegion', with key:'set_composing_region'
06-06 17:43:08.174 I/InstrumentationBackend(13869): Added:'SetSelection', with key:'set_selection'
06-06 17:43:08.174 I/InstrumentationBackend(13869): Added:'KeyboardKeyEvent', with key:'keyboard_key_event'
06-06 17:43:08.175 I/InstrumentationBackend(13869): Added:'PressUserActionButton', with key:'press_user_action_button'
06-06 17:43:08.175 I/InstrumentationBackend(13869): Added:'HideSoftKeyboard', with key:'hide_soft_keyboard'
06-06 17:43:08.175 I/InstrumentationBackend(13869): Added:'ListActions', with key:'list_actions'
06-06 17:43:08.175 I/calabash(13869): Instantiating http server at 7102
06-06 17:43:08.176 I/System.out(13869): HTTP Daemon listening on: 7102
06-06 17:43:08.182 D/EGL_emulation( 1713): eglMakeCurrent: 0xa6a85780: ver 2 0 (tinfo 0xa6a83640)
06-06 17:43:08.185 D/EGL_emulation( 1713): eglMakeCurrent: 0xa6a85780: ver 2 0 (tinfo 0xa6a83640)
06-06 17:43:08.198 D/EGL_emulation( 1713): eglMakeCurrent: 0xa6a85780: ver 2 0 (tinfo 0xa6a83640)
06-06 17:43:08.201 D/EGL_emulation( 1713): eglMakeCurrent: 0xa6a85780: ver 2 0 (tinfo 0xa6a83640)
06-06 17:43:08.208 I/WindowManager( 1631): WIN DEATH: Window{5ce48c5 u0 com.evancharlton.mileage/com.evancharlton.mileage.Mileage EXITING}
06-06 17:43:08.208 W/InputDispatcher( 1631): channel 'b83bec3 AtchDlg:com.evancharlton.mileage/com.evancharlton.mileage.FillupActivity (server)' ~ Consumer closed input channel or an error occurred.  events=0x9
06-06 17:43:08.208 E/InputDispatcher( 1631): channel 'b83bec3 AtchDlg:com.evancharlton.mileage/com.evancharlton.mileage.FillupActivity (server)' ~ Channel is unrecoverably broken and will be disposed!
06-06 17:43:08.210 I/WindowManager( 1631): WIN DEATH: Window{b83bec3 u0 AtchDlg:com.evancharlton.mileage/com.evancharlton.mileage.FillupActivity EXITING}
06-06 17:43:08.210 W/InputDispatcher( 1631): Attempted to unregister already unregistered input channel 'b83bec3 AtchDlg:com.evancharlton.mileage/com.evancharlton.mileage.FillupActivity (server)'
06-06 17:43:08.226 D/EGL_emulation( 1713): eglMakeCurrent: 0xa6a85780: ver 2 0 (tinfo 0xa6a83640)
06-06 17:43:08.233 D/EGL_emulation( 1713): eglMakeCurrent: 0xa6a85780: ver 2 0 (tinfo 0xa6a83640)
06-06 17:43:08.235 D/EGL_emulation( 1713): eglMakeCurrent: 0xa6a85780: ver 2 0 (tinfo 0xa6a83640)
06-06 17:43:08.238 D/EGL_emulation( 1713): eglMakeCurrent: 0xa6a85780: ver 2 0 (tinfo 0xa6a83640)
06-06 17:43:08.249 D/EGL_emulation( 1713): eglMakeCurrent: 0xa6a85780: ver 2 0 (tinfo 0xa6a83640)
06-06 17:43:08.252 D/EGL_emulation( 1713): eglMakeCurrent: 0xa6a85780: ver 2 0 (tinfo 0xa6a83640)
06-06 17:43:08.261 I/System.out(13869): URI: //ping
06-06 17:43:08.261 I/System.out(13869): params: {json={}
06-06 17:43:08.261 I/System.out(13869): }
06-06 17:43:08.264 I/System.out(13869): URI: //ping
06-06 17:43:08.264 I/System.out(13869): params: {json={}
06-06 17:43:08.264 I/System.out(13869): }
06-06 17:43:08.266 I/System.out(13869): URI: //ready
06-06 17:43:08.266 I/System.out(13869): params: {json={}
06-06 17:43:08.266 I/System.out(13869): }
06-06 17:43:08.269 I/System.out(13869): URI: //
06-06 17:43:08.269 I/System.out(13869): params: {json={"command":"version","arguments":[]}
06-06 17:43:08.269 I/System.out(13869): }
06-06 17:43:08.269 I/System.out(13869): header: {content-type=application/json;charset=utf-8, date=Sat, 06 Jun 2020 22:43:08 GMT, accept=*/*, host=127.0.0.1:34784, content-length=36, user-agent=HTTPClient/1.0 (2.8.3, ruby 2.5.1 (2018-03-29))}
06-06 17:43:08.269 I/System.out(13869): params: {json={"command":"version","arguments":[]}
06-06 17:43:08.269 I/System.out(13869): }
06-06 17:43:08.269 I/System.out(13869): ProP json = {"command":"version","arguments":[]}
06-06 17:43:08.269 I/System.out(13869): files: {}
06-06 17:43:08.269 I/System.out(13869): command: {"command":"version","arguments":[]}
06-06 17:43:08.272 I/InstrumentationBackend(13869): Got command:'Command:'Line:null,version', arguments:'[]'
06-06 17:43:08.279 I/System.out(13869): result:{"bonusInformation":[],"message":"0.9.8","success":true}
06-06 17:43:08.281 I/WindowManager( 1631): Destroying surface Surface(name=AtchDlg:com.evancharlton.mileage/com.evancharlton.mileage.FillupActivity) called by com.android.server.wm.WindowStateAnimator.destroySurface:2016 com.android.server.wm.WindowStateAnimator.destroySurfaceLocked:882 com.android.server.wm.WindowState.removeLocked:1456 com.android.server.wm.WindowManagerService.removeWindowInnerLocked:2484 com.android.server.wm.AppWindowToken.destroySurfaces:365 com.android.server.wm.WindowStateAnimator.finishExit:565 com.android.server.wm.WindowStateAnimator.stepAnimationLocked:491 com.android.server.wm.WindowAnimator.updateWindowsLocked:303 
06-06 17:43:08.281 D/EGL_emulation( 1713): eglMakeCurrent: 0xa6a85780: ver 2 0 (tinfo 0xa6a83640)
06-06 17:43:08.281 I/System.out(13869): URI: //start-application
06-06 17:43:08.281 I/System.out(13869): params: {json={"intent":null}
06-06 17:43:08.281 I/System.out(13869): }
06-06 17:43:08.283 D/EGL_emulation( 1713): eglMakeCurrent: 0xa6a85780: ver 2 0 (tinfo 0xa6a83640)
06-06 17:43:08.292 I/ActivityManager( 1631): START u0 {act=android.intent.action.MAIN cat=[android.intent.category.LAUNCHER] flg=0x10200000 cmp=com.evancharlton.mileage/.Mileage} from uid 10728 on display 0
06-06 17:43:08.299 D/EGL_emulation( 1713): eglMakeCurrent: 0xa6a85780: ver 2 0 (tinfo 0xa6a83640)
06-06 17:43:08.303 I/calabash(13869): newActivity1
06-06 17:43:08.315 I/calabash(13869): newActivity1
06-06 17:43:08.315 D/gralloc_ranchu( 1348): gralloc_alloc: Creating ashmem region of size 9023488
06-06 17:43:08.317 W/ActivityManager( 1631): Bad activity token: android.os.BinderProxy@9a0712b
06-06 17:43:08.317 W/ActivityManager( 1631): java.lang.ClassCastException: android.os.BinderProxy cannot be cast to com.android.server.am.ActivityRecord$Token
06-06 17:43:08.317 W/ActivityManager( 1631): 	at com.android.server.am.ActivityRecord.forTokenLocked(ActivityRecord.java:586)
06-06 17:43:08.317 W/ActivityManager( 1631): 	at com.android.server.am.ActivityRecord.isInStackLocked(ActivityRecord.java:1327)
06-06 17:43:08.317 W/ActivityManager( 1631): 	at com.android.server.am.ActivityRecord.getStackLocked(ActivityRecord.java:1332)
06-06 17:43:08.317 W/ActivityManager( 1631): 	at com.android.server.am.ActivityManagerService.getActivityDisplayId(ActivityManagerService.java:9806)
06-06 17:43:08.317 W/ActivityManager( 1631): 	at android.app.ActivityManagerNative.onTransact(ActivityManagerNative.java:2566)
06-06 17:43:08.317 W/ActivityManager( 1631): 	at com.android.server.am.ActivityManagerService.onTransact(ActivityManagerService.java:2757)
06-06 17:43:08.317 W/ActivityManager( 1631): 	at android.os.Binder.execTransact(Binder.java:565)
06-06 17:43:08.318 W/ActivityManager( 1631): Bad activity token: android.os.BinderProxy@9a0712b
06-06 17:43:08.318 W/ActivityManager( 1631): java.lang.ClassCastException: android.os.BinderProxy cannot be cast to com.android.server.am.ActivityRecord$Token
06-06 17:43:08.318 W/ActivityManager( 1631): 	at com.android.server.am.ActivityRecord.forTokenLocked(ActivityRecord.java:586)
06-06 17:43:08.318 W/ActivityManager( 1631): 	at com.android.server.am.ActivityRecord.isInStackLocked(ActivityRecord.java:1327)
06-06 17:43:08.318 W/ActivityManager( 1631): 	at com.android.server.am.ActivityManagerService.setTaskDescription(ActivityManagerService.java:9358)
06-06 17:43:08.318 W/ActivityManager( 1631): 	at android.app.ActivityManagerNative.onTransact(ActivityManagerNative.java:2639)
06-06 17:43:08.318 W/ActivityManager( 1631): 	at com.android.server.am.ActivityManagerService.onTransact(ActivityManagerService.java:2757)
06-06 17:43:08.318 W/ActivityManager( 1631): 	at android.os.Binder.execTransact(Binder.java:565)
06-06 17:43:08.319 W/ActivityManager( 1631): Bad activity token: android.os.BinderProxy@9a0712b
06-06 17:43:08.319 W/ActivityManager( 1631): java.lang.ClassCastException: android.os.BinderProxy cannot be cast to com.android.server.am.ActivityRecord$Token
06-06 17:43:08.319 W/ActivityManager( 1631): 	at com.android.server.am.ActivityRecord.forTokenLocked(ActivityRecord.java:586)
06-06 17:43:08.319 W/ActivityManager( 1631): 	at com.android.server.am.ActivityRecord.isInStackLocked(ActivityRecord.java:1327)
06-06 17:43:08.319 W/ActivityManager( 1631): 	at com.android.server.am.ActivityRecord.getStackLocked(ActivityRecord.java:1332)
06-06 17:43:08.319 W/ActivityManager( 1631): 	at com.android.server.am.ActivityManagerService.getActivityStackId(ActivityManagerService.java:9817)
06-06 17:43:08.319 W/ActivityManager( 1631): 	at android.app.ActivityManagerNative.onTransact(ActivityManagerNative.java:2856)
06-06 17:43:08.319 W/ActivityManager( 1631): 	at com.android.server.am.ActivityManagerService.onTransact(ActivityManagerService.java:2757)
06-06 17:43:08.319 W/ActivityManager( 1631): 	at android.os.Binder.execTransact(Binder.java:565)
06-06 17:43:08.341 W/ActivityManager( 1631): Bad activity token: android.os.BinderProxy@9a0712b
06-06 17:43:08.341 W/ActivityManager( 1631): java.lang.ClassCastException: android.os.BinderProxy cannot be cast to com.android.server.am.ActivityRecord$Token
06-06 17:43:08.341 W/ActivityManager( 1631): 	at com.android.server.am.ActivityRecord.forTokenLocked(ActivityRecord.java:586)
06-06 17:43:08.341 W/ActivityManager( 1631): 	at com.android.server.am.ActivityRecord.isInStackLocked(ActivityRecord.java:1327)
06-06 17:43:08.341 W/ActivityManager( 1631): 	at com.android.server.am.ActivityManagerService.getActivityOptions(ActivityManagerService.java:12559)
06-06 17:43:08.341 W/ActivityManager( 1631): 	at android.app.ActivityManagerNative.onTransact(ActivityManagerNative.java:1933)
06-06 17:43:08.341 W/ActivityManager( 1631): 	at com.android.server.am.ActivityManagerService.onTransact(ActivityManagerService.java:2757)
06-06 17:43:08.341 W/ActivityManager( 1631): 	at android.os.Binder.execTransact(Binder.java:565)
06-06 17:43:08.341 W/ActivityManager( 1631): Bad activity token: android.os.BinderProxy@9a0712b
06-06 17:43:08.341 W/ActivityManager( 1631): java.lang.ClassCastException: android.os.BinderProxy cannot be cast to com.android.server.am.ActivityRecord$Token
06-06 17:43:08.341 W/ActivityManager( 1631): 	at com.android.server.am.ActivityRecord.forTokenLocked(ActivityRecord.java:586)
06-06 17:43:08.341 W/ActivityManager( 1631): 	at com.android.server.am.ActivityRecord.isInStackLocked(ActivityRecord.java:1327)
06-06 17:43:08.341 W/ActivityManager( 1631): 	at com.android.server.am.ActivityManagerService.getActivityOptions(ActivityManagerService.java:12559)
06-06 17:43:08.341 W/ActivityManager( 1631): 	at android.app.ActivityManagerNative.onTransact(ActivityManagerNative.java:1933)
06-06 17:43:08.341 W/ActivityManager( 1631): 	at com.android.server.am.ActivityManagerService.onTransact(ActivityManagerService.java:2757)
06-06 17:43:08.341 W/ActivityManager( 1631): 	at android.os.Binder.execTransact(Binder.java:565)
06-06 17:43:08.361 V/PhoneStatusBar( 1713): setLightsOn(true)
06-06 17:43:08.365 D/EGL_emulation( 2106): eglMakeCurrent: 0xa6a85300: ver 2 0 (tinfo 0xa6a83220)
06-06 17:43:08.381 D/gralloc_ranchu( 1348): gralloc_alloc: Creating ashmem region of size 9023488
06-06 17:43:08.381 D/EGL_emulation( 1713): eglMakeCurrent: 0xa6a85780: ver 2 0 (tinfo 0xa6a83640)
06-06 17:43:08.389 D/        (13869): HostConnection::get() New Host Connection established 0x954a9500, tid 13869
06-06 17:43:08.389 D/EGL_emulation( 1713): eglMakeCurrent: 0xa6a85780: ver 2 0 (tinfo 0xa6a83640)
06-06 17:43:08.446 D/EGL_emulation( 1713): eglMakeCurrent: 0xa6a85780: ver 2 0 (tinfo 0xa6a83640)
06-06 17:43:08.447 V/PhoneStatusBar( 1713): setLightsOn(true)
06-06 17:43:08.449 D/EGL_emulation( 1713): eglMakeCurrent: 0xa6a85780: ver 2 0 (tinfo 0xa6a83640)
06-06 17:43:08.453 D/EGL_emulation( 1713): eglMakeCurrent: 0xa6a85780: ver 2 0 (tinfo 0xa6a83640)
06-06 17:43:08.456 D/EGL_emulation( 1713): eglMakeCurrent: 0xa6a85780: ver 2 0 (tinfo 0xa6a83640)
06-06 17:43:08.465 I/WindowManager( 1631): Destroying surface Surface(name=com.evancharlton.mileage/com.evancharlton.mileage.Mileage) called by com.android.server.wm.WindowStateAnimator.destroySurface:2016 com.android.server.wm.WindowStateAnimator.destroySurfaceLocked:882 com.android.server.wm.WindowState.destroyOrSaveSurface:2100 com.android.server.wm.AppWindowToken.destroySurfaces:363 com.android.server.wm.WindowStateAnimator.finishExit:565 com.android.server.wm.WindowStateAnimator.stepAnimationLocked:491 com.android.server.wm.WindowAnimator.updateWindowsLocked:303 com.android.server.wm.WindowAnimator.animateLocked:704 
06-06 17:43:08.469 D/EGL_emulation( 1713): eglMakeCurrent: 0xa6a85780: ver 2 0 (tinfo 0xa6a83640)
06-06 17:43:08.471 D/EGL_emulation( 1713): eglMakeCurrent: 0xa6a85780: ver 2 0 (tinfo 0xa6a83640)
06-06 17:43:08.483 D/EGL_emulation( 1713): eglMakeCurrent: 0xa6a85780: ver 2 0 (tinfo 0xa6a83640)
06-06 17:43:08.483 V/PhoneStatusBar( 1713): setLightsOn(true)
06-06 17:43:08.484 D/EGL_emulation( 1713): eglMakeCurrent: 0xa6a85780: ver 2 0 (tinfo 0xa6a83640)
06-06 17:43:08.498 D/EGL_emulation( 1713): eglMakeCurrent: 0xa6a85780: ver 2 0 (tinfo 0xa6a83640)
06-06 17:43:08.499 D/gralloc_ranchu( 1348): gralloc_alloc: Creating ashmem region of size 9023488
06-06 17:43:08.510 D/EGL_emulation( 1713): eglMakeCurrent: 0xa6a85780: ver 2 0 (tinfo 0xa6a83640)
06-06 17:43:08.515 I/ActivityManager( 1631): Displayed com.evancharlton.mileage/.Mileage: +219ms
06-06 17:43:08.522 D/EGL_emulation( 1713): eglMakeCurrent: 0xa6a85780: ver 2 0 (tinfo 0xa6a83640)
06-06 17:43:08.524 D/EGL_emulation( 1713): eglMakeCurrent: 0xa6a85780: ver 2 0 (tinfo 0xa6a83640)
06-06 17:43:08.537 D/EGL_emulation( 1713): eglMakeCurrent: 0xa6a85780: ver 2 0 (tinfo 0xa6a83640)
06-06 17:43:08.540 D/EGL_emulation( 1713): eglMakeCurrent: 0xa6a85780: ver 2 0 (tinfo 0xa6a83640)
06-06 17:43:08.548 D/EGL_emulation( 1713): eglMakeCurrent: 0xa6a85780: ver 2 0 (tinfo 0xa6a83640)
06-06 17:43:08.549 V/PhoneStatusBar( 1713): setLightsOn(true)
06-06 17:43:08.568 D/EGL_emulation( 1713): eglMakeCurrent: 0xa6a85780: ver 2 0 (tinfo 0xa6a83640)
06-06 17:43:08.572 D/EGL_emulation( 1713): eglMakeCurrent: 0xa6a85780: ver 2 0 (tinfo 0xa6a83640)
06-06 17:43:08.574 D/EGL_emulation( 1713): eglMakeCurrent: 0xa6a85780: ver 2 0 (tinfo 0xa6a83640)
06-06 17:43:08.577 I/System.out(13869): URI: //map
06-06 17:43:08.577 I/System.out(13869): params: {json={"query":"* {text CONTAINS[c] 'Fillup information'}","operation":{"method_name":"query","arguments":[]}}
06-06 17:43:08.577 I/System.out(13869): }
06-06 17:43:08.715 I/WindowManager( 1631): Destroying surface Surface(name=Starting com.evancharlton.mileage) called by com.android.server.wm.WindowStateAnimator.destroySurface:2016 com.android.server.wm.WindowStateAnimator.destroySurfaceLocked:882 com.android.server.wm.WindowState.destroyOrSaveSurface:2100 com.android.server.wm.AppWindowToken.destroySurfaces:363 com.android.server.wm.WindowStateAnimator.finishExit:565 com.android.server.wm.WindowStateAnimator.stepAnimationLocked:491 com.android.server.wm.WindowAnimator.updateWindowsLocked:303 com.android.server.wm.WindowAnimator.animateLocked:704 
06-06 17:43:08.716 V/PhoneStatusBar( 1713): setLightsOn(true)
06-06 17:43:08.748 V/PhoneStatusBar( 1713): setLightsOn(true)
06-06 17:43:08.815 V/PhoneStatusBar( 1713): setLightsOn(true)
06-06 17:43:09.116 V/PhoneStatusBar( 1713): setLightsOn(true)
06-06 17:43:09.119 V/PhoneStatusBar( 1713): setLightsOn(true)
06-06 17:43:09.122 W/OpenGLRenderer( 2106): Incorrectly called buildLayer on View: ShortcutAndWidgetContainer, destroying layer...
06-06 17:43:09.133 V/PhoneStatusBar( 1713): setLightsOn(true)
06-06 17:43:09.135 I/WindowManager( 1631): Destroying surface Surface(name=com.android.launcher3/com.android.launcher3.Launcher) called by com.android.server.wm.WindowStateAnimator.destroySurface:2016 com.android.server.wm.WindowStateAnimator.destroySurfaceLocked:882 com.android.server.wm.WindowState.destroyOrSaveSurface:2100 com.android.server.wm.AppWindowToken.destroySurfaces:363 com.android.server.wm.AppWindowToken.notifyAppStopped:389 com.android.server.wm.WindowManagerService.notifyAppStopped:4463 com.android.server.am.ActivityStack.activityStoppedLocked:1252 com.android.server.am.ActivityManagerService.activityStopped:6903 
06-06 17:43:09.618 I/System.out(13869): URI: //
06-06 17:43:09.618 I/System.out(13869): params: {json={"command":"press_key","arguments":["KEYCODE_MENU"]}
06-06 17:43:09.618 I/System.out(13869): }
06-06 17:43:09.618 I/System.out(13869): header: {content-type=application/json;charset=utf-8, date=Sat, 06 Jun 2020 22:43:10 GMT, accept=*/*, host=127.0.0.1:34784, content-length=52, user-agent=HTTPClient/1.0 (2.8.3, ruby 2.5.1 (2018-03-29))}
06-06 17:43:09.619 I/System.out(13869): params: {json={"command":"press_key","arguments":["KEYCODE_MENU"]}
06-06 17:43:09.619 I/System.out(13869): }
06-06 17:43:09.619 I/System.out(13869): ProP json = {"command":"press_key","arguments":["KEYCODE_MENU"]}
06-06 17:43:09.619 I/System.out(13869): files: {}
06-06 17:43:09.619 I/System.out(13869): command: {"command":"press_key","arguments":["KEYCODE_MENU"]}
06-06 17:43:09.621 I/InstrumentationBackend(13869): Got command:'Command:'Line:null,press_key', arguments:'[KEYCODE_MENU]'
06-06 17:43:09.643 D/gralloc_ranchu( 1348): gralloc_alloc: Creating ashmem region of size 9023488
06-06 17:43:09.704 V/PhoneStatusBar( 1713): setLightsOn(true)
06-06 17:43:09.708 I/System.out(13869): result:{"bonusInformation":[],"message":"","success":true}
06-06 17:43:09.712 I/System.out(13869): URI: //map
06-06 17:43:09.712 I/System.out(13869): params: {json={"query":"* marked:'Edit fields'","operation":{"method_name":"query","arguments":[]}}
06-06 17:43:09.712 I/System.out(13869): }
06-06 17:43:09.741 V/PhoneStatusBar( 1713): setLightsOn(true)
06-06 17:43:09.749 V/PhoneStatusBar( 1713): setLightsOn(true)
06-06 17:43:09.783 D/gralloc_ranchu( 1348): gralloc_alloc: Creating ashmem region of size 1720320
06-06 17:43:09.795 V/PhoneStatusBar( 1713): setLightsOn(true)
06-06 17:43:09.796 V/PhoneStatusBar( 1713): setLightsOn(true)
06-06 17:43:09.799 V/PhoneStatusBar( 1713): setLightsOn(true)
06-06 17:43:09.803 W/ResourceType(13869): No package identifier when getting name for resource number 0x00000001
06-06 17:43:09.816 I/System.out(13869): URI: //gesture
06-06 17:43:09.816 I/System.out(13869): params: {json={"query_timeout":5.0,"gestures":[{"query_string":"* marked:'Edit fields'","touches":[{"x":50,"y":50,"offset_x":0,"offset_y":0,"wait":0.0,"time":0.2,"release":true,"query_string":null}]}]}
06-06 17:43:09.816 I/System.out(13869): }
06-06 17:43:09.844 V/PhoneStatusBar( 1713): setLightsOn(true)
06-06 17:43:09.894 W/ResourceType(13869): No package identifier when getting name for resource number 0x00000001
06-06 17:43:09.999 D/gralloc_ranchu( 1348): gralloc_alloc: Creating ashmem region of size 1720320
06-06 17:43:10.017 V/PhoneStatusBar( 1713): setLightsOn(true)
06-06 17:43:10.115 I/ActivityManager( 1631): START u0 {cmp=com.evancharlton.mileage/.FieldListActivity} from uid 10728 on display 0
06-06 17:43:10.117 V/PhoneStatusBar( 1713): setLightsOn(true)
06-06 17:43:10.118 V/PhoneStatusBar( 1713): setLightsOn(true)
06-06 17:43:10.124 I/WindowManager( 1631): Destroying surface Surface(name=AtchDlg:com.evancharlton.mileage/com.evancharlton.mileage.FillupActivity) called by com.android.server.wm.WindowStateAnimator.destroySurface:2016 com.android.server.wm.WindowStateAnimator.destroySurfaceLocked:882 com.android.server.wm.WindowState.removeLocked:1456 com.android.server.wm.WindowManagerService.removeWindowInnerLocked:2484 com.android.server.wm.WindowManagerService.removeWindowLocked:2442 com.android.server.wm.WindowManagerService.removeWindowLocked:2311 com.android.server.wm.WindowManagerService.removeWindow:2306 com.android.server.wm.Session.remove:202 
06-06 17:43:10.125 I/calabash(13869): newActivity1
06-06 17:43:10.131 I/System.out(13869): URI: //map
06-06 17:43:10.131 I/System.out(13869): params: {json={"query":"* {text CONTAINS[c] 'Fillup fields'}","operation":{"method_name":"query","arguments":[]}}
06-06 17:43:10.131 I/System.out(13869): }
06-06 17:43:10.148 V/PhoneStatusBar( 1713): setLightsOn(true)
06-06 17:43:10.151 D/gralloc_ranchu( 1348): gralloc_alloc: Creating ashmem region of size 9023488
06-06 17:43:10.165 V/PhoneStatusBar( 1713): setLightsOn(true)
06-06 17:43:10.171 I/ActivityManager( 1631): Displayed com.evancharlton.mileage/.FieldListActivity: +51ms
06-06 17:43:10.175 I/art     (13869): Do partial code cache collection, code=30KB, data=30KB
06-06 17:43:10.175 I/art     (13869): After code cache collection, code=29KB, data=29KB
06-06 17:43:10.175 I/art     (13869): Increasing code cache capacity to 128KB
06-06 17:43:10.182 V/PhoneStatusBar( 1713): setLightsOn(true)
06-06 17:43:10.215 V/PhoneStatusBar( 1713): setLightsOn(true)
06-06 17:43:10.231 V/PhoneStatusBar( 1713): setLightsOn(true)
06-06 17:43:10.416 V/PhoneStatusBar( 1713): setLightsOn(true)
06-06 17:43:10.532 V/PhoneStatusBar( 1713): setLightsOn(true)
06-06 17:43:10.533 V/PhoneStatusBar( 1713): setLightsOn(true)
06-06 17:43:10.549 I/WindowManager( 1631): Destroying surface Surface(name=com.evancharlton.mileage/com.evancharlton.mileage.Mileage) called by com.android.server.wm.WindowStateAnimator.destroySurface:2016 com.android.server.wm.WindowStateAnimator.destroySurfaceLocked:882 com.android.server.wm.WindowState.destroyOrSaveSurface:2100 com.android.server.wm.WindowManagerService.tryStartExitingAnimation:3024 com.android.server.wm.WindowManagerService.relayoutWindow:2904 com.android.server.wm.Session.relayout:224 android.view.IWindowSession$Stub.onTransact:286 com.android.server.wm.Session.onTransact:145 
06-06 17:43:10.549 V/PhoneStatusBar( 1713): setLightsOn(true)
06-06 17:43:10.551 V/PhoneStatusBar( 1713): setLightsOn(true)
06-06 17:43:11.186 I/System.out(13869): URI: //
06-06 17:43:11.186 I/System.out(13869): params: {json={"command":"press_key","arguments":["KEYCODE_MENU"]}
06-06 17:43:11.186 I/System.out(13869): }
06-06 17:43:11.186 I/System.out(13869): header: {content-type=application/json;charset=utf-8, date=Sat, 06 Jun 2020 22:43:11 GMT, accept=*/*, host=127.0.0.1:34784, content-length=52, user-agent=HTTPClient/1.0 (2.8.3, ruby 2.5.1 (2018-03-29))}
06-06 17:43:11.186 I/System.out(13869): params: {json={"command":"press_key","arguments":["KEYCODE_MENU"]}
06-06 17:43:11.186 I/System.out(13869): }
06-06 17:43:11.186 I/System.out(13869): ProP json = {"command":"press_key","arguments":["KEYCODE_MENU"]}
06-06 17:43:11.186 I/System.out(13869): files: {}
06-06 17:43:11.186 I/System.out(13869): command: {"command":"press_key","arguments":["KEYCODE_MENU"]}
06-06 17:43:11.190 I/InstrumentationBackend(13869): Got command:'Command:'Line:null,press_key', arguments:'[KEYCODE_MENU]'
06-06 17:43:11.203 V/PhoneStatusBar( 1713): setLightsOn(true)
06-06 17:43:11.219 V/PhoneStatusBar( 1713): setLightsOn(true)
06-06 17:43:11.220 I/System.out(13869): result:{"bonusInformation":[],"message":"","success":true}
06-06 17:43:11.226 I/System.out(13869): URI: //map
06-06 17:43:11.226 I/System.out(13869): params: {json={"query":"* marked:'Add new field'","operation":{"method_name":"query","arguments":[]}}
06-06 17:43:11.226 I/System.out(13869): }
06-06 17:43:11.232 V/PhoneStatusBar( 1713): setLightsOn(true)
06-06 17:43:11.249 V/PhoneStatusBar( 1713): setLightsOn(true)
06-06 17:43:11.250 D/gralloc_ranchu( 1348): gralloc_alloc: Creating ashmem region of size 929792
06-06 17:43:11.256 V/PhoneStatusBar( 1713): setLightsOn(true)
06-06 17:43:11.256 W/ResourceType(13869): No package identifier when getting name for resource number 0x00000001
06-06 17:43:11.257 V/PhoneStatusBar( 1713): setLightsOn(true)
06-06 17:43:11.265 V/PhoneStatusBar( 1713): setLightsOn(true)
06-06 17:43:11.269 I/System.out(13869): URI: //gesture
06-06 17:43:11.269 I/System.out(13869): params: {json={"query_timeout":5.0,"gestures":[{"query_string":"* marked:'Add new field'","touches":[{"x":50,"y":50,"offset_x":0,"offset_y":0,"wait":0.0,"time":0.2,"release":true,"query_string":null}]}]}
06-06 17:43:11.269 I/System.out(13869): }
06-06 17:43:11.275 W/ResourceType(13869): No package identifier when getting name for resource number 0x00000001
06-06 17:43:11.348 D/gralloc_ranchu( 1348): gralloc_alloc: Creating ashmem region of size 9023488
06-06 17:43:11.425 D/gralloc_ranchu( 1348): gralloc_alloc: Creating ashmem region of size 9023488
06-06 17:43:11.498 V/PhoneStatusBar( 1713): setLightsOn(true)
06-06 17:43:11.501 D/gralloc_ranchu( 1348): gralloc_alloc: Creating ashmem region of size 929792
06-06 17:43:11.539 I/System.out(13869): URI: //map
06-06 17:43:11.539 I/System.out(13869): params: {json={"query":"* {text CONTAINS[c] 'Fillup field'}","operation":{"method_name":"query","arguments":[]}}
06-06 17:43:11.539 I/System.out(13869): }
06-06 17:43:11.554 I/ActivityManager( 1631): START u0 {cmp=com.evancharlton.mileage/.FieldActivity} from uid 10728 on display 0
06-06 17:43:11.555 V/PhoneStatusBar( 1713): setLightsOn(true)
06-06 17:43:11.556 V/PhoneStatusBar( 1713): setLightsOn(true)
06-06 17:43:11.590 I/WindowManager( 1631): Destroying surface Surface(name=AtchDlg:com.evancharlton.mileage/com.evancharlton.mileage.FieldListActivity) called by com.android.server.wm.WindowStateAnimator.destroySurface:2016 com.android.server.wm.WindowStateAnimator.destroySurfaceLocked:882 com.android.server.wm.WindowState.removeLocked:1456 com.android.server.wm.WindowManagerService.removeWindowInnerLocked:2484 com.android.server.wm.WindowManagerService.removeWindowLocked:2442 com.android.server.wm.WindowManagerService.removeWindowLocked:2311 com.android.server.wm.WindowManagerService.removeWindow:2306 com.android.server.wm.Session.remove:202 
06-06 17:43:11.601 I/System.out(13869): URI: //map
06-06 17:43:11.601 I/System.out(13869): params: {json={"query":"* {text CONTAINS[c] 'Add new field'}","operation":{"method_name":"query","arguments":[]}}
06-06 17:43:11.601 I/System.out(13869): }
06-06 17:43:11.621 I/calabash(13869): newActivity1
06-06 17:43:11.696 V/PhoneStatusBar( 1713): setLightsOn(true)
06-06 17:43:11.698 V/PhoneStatusBar( 1713): setLightsOn(true)
06-06 17:43:11.703 D/gralloc_ranchu( 1348): gralloc_alloc: Creating ashmem region of size 9023488
06-06 17:43:11.715 V/PhoneStatusBar( 1713): setLightsOn(true)
06-06 17:43:11.727 I/ActivityManager( 1631): Displayed com.evancharlton.mileage/.FieldActivity: +139ms
06-06 17:43:11.727 W/InputMethodService( 1699): Window size has been changed. This may cause jankiness of resizing window: -1 -> -2
06-06 17:43:11.731 D/gralloc_ranchu( 1348): gralloc_alloc: Creating ashmem region of size 9023488
06-06 17:43:11.731 V/PhoneStatusBar( 1713): setLightsOn(true)
06-06 17:43:11.733 I/LatinIME( 1699): Starting input. Cursor position = 0,0
06-06 17:43:11.748 V/PhoneStatusBar( 1713): setLightsOn(true)
06-06 17:43:11.798 V/PhoneStatusBar( 1713): setLightsOn(true)
06-06 17:43:11.815 V/PhoneStatusBar( 1713): setLightsOn(true)
06-06 17:43:11.833 D/EGL_emulation( 1699): eglMakeCurrent: 0xa6a85240: ver 2 0 (tinfo 0xa6a83470)
06-06 17:43:11.833 D/EGL_emulation( 1713): eglMakeCurrent: 0xa6a85780: ver 2 0 (tinfo 0xa6a83640)
06-06 17:43:11.834 V/PhoneStatusBar( 1713): setLightsOn(true)
06-06 17:43:11.848 D/EGL_emulation( 1713): eglMakeCurrent: 0xa6a85780: ver 2 0 (tinfo 0xa6a83640)
06-06 17:43:11.848 V/PhoneStatusBar( 1713): setLightsOn(true)
06-06 17:43:11.864 V/PhoneStatusBar( 1713): setLightsOn(true)
06-06 17:43:11.965 V/PhoneStatusBar( 1713): setLightsOn(true)
06-06 17:43:12.014 I/System.out(13869): URI: //map
06-06 17:43:12.014 I/System.out(13869): params: {json={"query":"* {text CONTAINS[c] 'Add new field'}","operation":{"method_name":"query","arguments":[]}}
06-06 17:43:12.014 I/System.out(13869): }
