--------- beginning of main
06-06 03:15:49.566 D/EGL_emulation( 2078): eglMakeCurrent: 0x9852d440: ver 2 0 (tinfo 0xa3d30310)
06-06 03:15:49.567 W/OpenGLRenderer( 2078): Incorrectly called buildLayer on View: ShortcutAndWidgetContainer, destroying layer...
06-06 03:15:49.581 D/EGL_emulation( 1711): eglMakeCurrent: 0xa7985720: ver 2 0 (tinfo 0xa7983770)
06-06 03:15:49.597 D/EGL_emulation( 1711): eglMakeCurrent: 0xa7985720: ver 2 0 (tinfo 0xa7983770)
06-06 03:15:49.599 D/EGL_emulation( 1711): eglMakeCurrent: 0xa7985720: ver 2 0 (tinfo 0xa7983770)
06-06 03:15:49.614 D/EGL_emulation( 1711): eglMakeCurrent: 0xa7985720: ver 2 0 (tinfo 0xa7983770)
06-06 03:15:49.616 D/EGL_emulation( 1711): eglMakeCurrent: 0xa7985720: ver 2 0 (tinfo 0xa7983770)
06-06 03:15:49.631 D/EGL_emulation( 1711): eglMakeCurrent: 0xa7985720: ver 2 0 (tinfo 0xa7983770)
06-06 03:15:49.633 D/EGL_emulation( 1711): eglMakeCurrent: 0xa7985720: ver 2 0 (tinfo 0xa7983770)
06-06 03:15:49.647 D/EGL_emulation( 1711): eglMakeCurrent: 0xa7985720: ver 2 0 (tinfo 0xa7983770)
06-06 03:15:49.649 D/EGL_emulation( 1711): eglMakeCurrent: 0xa7985720: ver 2 0 (tinfo 0xa7983770)
06-06 03:15:49.664 D/EGL_emulation( 1711): eglMakeCurrent: 0xa7985720: ver 2 0 (tinfo 0xa7983770)
06-06 03:15:49.666 D/EGL_emulation( 1711): eglMakeCurrent: 0xa7985720: ver 2 0 (tinfo 0xa7983770)
06-06 03:15:49.681 D/EGL_emulation( 1711): eglMakeCurrent: 0xa7985720: ver 2 0 (tinfo 0xa7983770)
06-06 03:15:49.684 D/EGL_emulation( 1711): eglMakeCurrent: 0xa7985720: ver 2 0 (tinfo 0xa7983770)
06-06 03:15:49.697 D/EGL_emulation( 1711): eglMakeCurrent: 0xa7985720: ver 2 0 (tinfo 0xa7983770)
06-06 03:15:49.699 D/EGL_emulation( 1711): eglMakeCurrent: 0xa7985720: ver 2 0 (tinfo 0xa7983770)
06-06 03:15:49.714 D/EGL_emulation( 1711): eglMakeCurrent: 0xa7985720: ver 2 0 (tinfo 0xa7983770)
06-06 03:15:49.716 D/EGL_emulation( 1711): eglMakeCurrent: 0xa7985720: ver 2 0 (tinfo 0xa7983770)
06-06 03:15:49.730 D/EGL_emulation( 1711): eglMakeCurrent: 0xa7985720: ver 2 0 (tinfo 0xa7983770)
06-06 03:15:49.731 D/AndroidRuntime( 2958): >>>>>> START com.android.internal.os.RuntimeInit uid 2000 <<<<<<
06-06 03:15:49.732 D/EGL_emulation( 1711): eglMakeCurrent: 0xa7985720: ver 2 0 (tinfo 0xa7983770)
06-06 03:15:49.732 D/AndroidRuntime( 2958): CheckJNI is ON
06-06 03:15:49.744 W/art     ( 2958): Unexpected CPU variant for X86 using defaults: x86
06-06 03:15:49.746 D/ICU     ( 2958): No timezone override file found: /data/misc/zoneinfo/current/icu/icu_tzdata.dat
06-06 03:15:49.747 D/EGL_emulation( 1711): eglMakeCurrent: 0xa7985720: ver 2 0 (tinfo 0xa7983770)
06-06 03:15:49.750 D/EGL_emulation( 1711): eglMakeCurrent: 0xa7985720: ver 2 0 (tinfo 0xa7983770)
06-06 03:15:49.757 E/memtrack( 2958): Couldn't load memtrack module (No such file or directory)
06-06 03:15:49.757 E/android.os.Debug( 2958): failed to load memtrack module: -2
06-06 03:15:49.758 I/Radio-JNI( 2958): register_android_hardware_Radio DONE
06-06 03:15:49.763 D/AndroidRuntime( 2958): Calling main entry com.android.commands.am.Am
06-06 03:15:49.764 D/EGL_emulation( 1711): eglMakeCurrent: 0xa7985720: ver 2 0 (tinfo 0xa7983770)
--------- beginning of system
06-06 03:15:49.764 I/ActivityManager( 1630): Force stopping com.evancharlton.mileage appid=10422 user=0: start instr
06-06 03:15:49.768 I/art     ( 2968): Not late-enabling -Xcheck:jni (already on)
06-06 03:15:49.768 W/art     ( 2968): Unexpected CPU variant for X86 using defaults: x86
06-06 03:15:49.775 I/ActivityManager( 1630): Start proc 2968:com.evancharlton.mileage/u0a422 for added application com.evancharlton.mileage
06-06 03:15:49.776 D/AndroidRuntime( 2958): Shutting down VM
06-06 03:15:49.782 W/System  ( 2968): ClassLoader referenced unknown path: /data/app/com.evancharlton.mileage.test-1/lib/x86
06-06 03:15:49.782 W/System  ( 2968): ClassLoader referenced unknown path: /data/app/com.evancharlton.mileage-1/lib/x86
06-06 03:15:49.784 W/System  ( 2968): ClassLoader referenced unknown path: 
06-06 03:15:49.788 I/System.out( 2968): Main activity name automatically set to: com.evancharlton.mileage.Mileage
06-06 03:15:49.789 I/System.out( 2968): Calabash did not load Mono. This is only a problem if you are trying to test a Mono application
06-06 03:15:49.789 I/calabash( 2968): Test server port: 7102
06-06 03:15:49.790 I/InstrumentationBackend( 2968): Added:'GetPreferences', with key:'get_preferences'
06-06 03:15:49.796 I/InstrumentationBackend( 2968): Added:'SetPreferences', with key:'set_preferences'
06-06 03:15:49.796 I/InstrumentationBackend( 2968): Added:'ClearPreferences', with key:'clear_preferences'
06-06 03:15:49.796 I/InstrumentationBackend( 2968): Added:'PressElement', with key:'press_l10n_element'
06-06 03:15:49.796 I/InstrumentationBackend( 2968): Added:'WaitForElement', with key:'wait_for_l10n_element'
06-06 03:15:49.796 I/InstrumentationBackend( 2968): Added:'NullAction', with key:'nullAction'
06-06 03:15:49.796 I/InstrumentationBackend( 2968): Added:'PressKey', with key:'press_key'
06-06 03:15:49.796 I/InstrumentationBackend( 2968): Added:'SetActivityOrientation', with key:'set_activity_orientation'
06-06 03:15:49.797 I/InstrumentationBackend( 2968): Added:'GetActivityOrientation', with key:'get_activity_orientation'
06-06 03:15:49.797 I/InstrumentationBackend( 2968): Added:'FakeGPSLocation', with key:'set_gps_coordinates'
06-06 03:15:49.797 I/InstrumentationBackend( 2968): Added:'SetPropertyByCssSelector', with key:'set_property_by_css_selector'
06-06 03:15:49.797 I/InstrumentationBackend( 2968): Added:'GetUrl', with key:'get_url'
06-06 03:15:49.797 I/InstrumentationBackend( 2968): Added:'ScrollTo', with key:'scroll_to'
06-06 03:15:49.797 I/InstrumentationBackend( 2968): Added:'GetLoadProgress', with key:'get_load_progress'
06-06 03:15:49.797 I/InstrumentationBackend( 2968): Added:'DumpHtml', with key:'dump_html'
06-06 03:15:49.797 I/InstrumentationBackend( 2968): Added:'DumpBodyHtml', with key:'dump_body_html'
06-06 03:15:49.797 I/InstrumentationBackend( 2968): Added:'EnterTextByCssSelector', with key:'enter_text_by_selector'
06-06 03:15:49.798 I/InstrumentationBackend( 2968): Added:'AndroidSDKVersion', with key:'android_sdk_version'
06-06 03:15:49.798 I/InstrumentationBackend( 2968): Added:'Version', with key:'version'
06-06 03:15:49.798 I/InstrumentationBackend( 2968): Added:'Drag', with key:'drag'
06-06 03:15:49.798 I/InstrumentationBackend( 2968): Added:'TouchCoordinates', with key:'touch_coordinate'
06-06 03:15:49.798 I/InstrumentationBackend( 2968): Added:'LongPressCoordinate', with key:'long_press_coordinate'
06-06 03:15:49.798 I/InstrumentationBackend( 2968): Added:'DragCoordinates', with key:'drag_coordinates'
06-06 03:15:49.798 I/InstrumentationBackend( 2968): Added:'ResumeApplication', with key:'resume_application'
06-06 03:15:49.799 I/InstrumentationBackend( 2968): Added:'Swipe', with key:'swipe'
06-06 03:15:49.799 I/InstrumentationBackend( 2968): Added:'DoubleTapCoordinate', with key:'double_tap_coordinate'
06-06 03:15:49.799 I/InstrumentationBackend( 2968): Added:'ClickOnScreen', with key:'click_on_screen'
06-06 03:15:49.799 I/InstrumentationBackend( 2968): Added:'GetActivityName', with key:'get_activity_name'
06-06 03:15:49.799 I/InstrumentationBackend( 2968): Added:'ScrollToView', with key:'scroll_to_view'
06-06 03:15:49.799 I/InstrumentationBackend( 2968): Added:'ViewConfiguration', with key:'view_configuration'
06-06 03:15:49.799 I/InstrumentationBackend( 2968): Added:'IsCurrentActivityFocused', with key:'is_current_activity_focused'
06-06 03:15:49.799 I/InstrumentationBackend( 2968): Added:'SendTcp', with key:'send_tcp'
06-06 03:15:49.799 I/InstrumentationBackend( 2968): Added:'DpToDevicePixel', with key:'dp_to_device_pixel'
06-06 03:15:49.799 I/InstrumentationBackend( 2968): Added:'KeyboardEnterText', with key:'keyboard_enter_text'
06-06 03:15:49.799 I/InstrumentationBackend( 2968): Added:'DeleteSurroundingText', with key:'delete_surrounding_text'
06-06 03:15:49.799 I/InstrumentationBackend( 2968): Added:'SetComposingRegion', with key:'set_composing_region'
06-06 03:15:49.799 I/InstrumentationBackend( 2968): Added:'SetSelection', with key:'set_selection'
06-06 03:15:49.799 I/InstrumentationBackend( 2968): Added:'KeyboardKeyEvent', with key:'keyboard_key_event'
06-06 03:15:49.800 I/InstrumentationBackend( 2968): Added:'PressUserActionButton', with key:'press_user_action_button'
06-06 03:15:49.800 I/InstrumentationBackend( 2968): Added:'HideSoftKeyboard', with key:'hide_soft_keyboard'
06-06 03:15:49.800 I/InstrumentationBackend( 2968): Added:'ListActions', with key:'list_actions'
06-06 03:15:49.800 I/calabash( 2968): Instantiating http server at 7102
06-06 03:15:49.801 I/System.out( 2968): HTTP Daemon listening on: 7102
06-06 03:15:49.886 I/System.out( 2968): URI: //ping
06-06 03:15:49.886 I/System.out( 2968): params: {json={}
06-06 03:15:49.886 I/System.out( 2968): }
06-06 03:15:49.889 I/System.out( 2968): URI: //ping
06-06 03:15:49.889 I/System.out( 2968): params: {json={}
06-06 03:15:49.889 I/System.out( 2968): }
06-06 03:15:49.891 I/System.out( 2968): URI: //ready
06-06 03:15:49.891 I/System.out( 2968): params: {json={}
06-06 03:15:49.891 I/System.out( 2968): }
06-06 03:15:49.893 I/System.out( 2968): URI: //
06-06 03:15:49.893 I/System.out( 2968): params: {json={"command":"version","arguments":[]}
06-06 03:15:49.893 I/System.out( 2968): }
06-06 03:15:49.893 I/System.out( 2968): header: {content-type=application/json;charset=utf-8, date=Sat, 06 Jun 2020 08:15:50 GMT, accept=*/*, host=127.0.0.1:34777, content-length=36, user-agent=HTTPClient/1.0 (2.8.3, ruby 2.5.1 (2018-03-29))}
06-06 03:15:49.893 I/System.out( 2968): params: {json={"command":"version","arguments":[]}
06-06 03:15:49.893 I/System.out( 2968): }
06-06 03:15:49.893 I/System.out( 2968): ProP json = {"command":"version","arguments":[]}
06-06 03:15:49.894 I/System.out( 2968): files: {}
06-06 03:15:49.894 I/System.out( 2968): command: {"command":"version","arguments":[]}
06-06 03:15:49.897 I/InstrumentationBackend( 2968): Got command:'Command:'Line:null,version', arguments:'[]'
06-06 03:15:49.905 I/System.out( 2968): result:{"bonusInformation":[],"message":"0.9.8","success":true}
06-06 03:15:49.907 I/System.out( 2968): URI: //start-application
06-06 03:15:49.907 I/System.out( 2968): params: {json={"intent":null}
06-06 03:15:49.907 I/System.out( 2968): }
06-06 03:15:49.917 I/ActivityManager( 1630): START u0 {act=android.intent.action.MAIN cat=[android.intent.category.LAUNCHER] flg=0x10200000 cmp=com.evancharlton.mileage/.Mileage} from uid 10422 on display 0
06-06 03:15:49.924 I/calabash( 2968): newActivity1
06-06 03:15:49.936 I/calabash( 2968): newActivity1
06-06 03:15:49.937 W/ActivityManager( 1630): Bad activity token: android.os.BinderProxy@ad72a9c
06-06 03:15:49.937 W/ActivityManager( 1630): java.lang.ClassCastException: android.os.BinderProxy cannot be cast to com.android.server.am.ActivityRecord$Token
06-06 03:15:49.937 W/ActivityManager( 1630): 	at com.android.server.am.ActivityRecord.forTokenLocked(ActivityRecord.java:586)
06-06 03:15:49.937 W/ActivityManager( 1630): 	at com.android.server.am.ActivityRecord.isInStackLocked(ActivityRecord.java:1327)
06-06 03:15:49.937 W/ActivityManager( 1630): 	at com.android.server.am.ActivityRecord.getStackLocked(ActivityRecord.java:1332)
06-06 03:15:49.937 W/ActivityManager( 1630): 	at com.android.server.am.ActivityManagerService.getActivityDisplayId(ActivityManagerService.java:9806)
06-06 03:15:49.937 W/ActivityManager( 1630): 	at android.app.ActivityManagerNative.onTransact(ActivityManagerNative.java:2566)
06-06 03:15:49.937 W/ActivityManager( 1630): 	at com.android.server.am.ActivityManagerService.onTransact(ActivityManagerService.java:2757)
06-06 03:15:49.937 W/ActivityManager( 1630): 	at android.os.Binder.execTransact(Binder.java:565)
06-06 03:15:49.938 W/ActivityManager( 1630): Bad activity token: android.os.BinderProxy@ad72a9c
06-06 03:15:49.938 W/ActivityManager( 1630): java.lang.ClassCastException: android.os.BinderProxy cannot be cast to com.android.server.am.ActivityRecord$Token
06-06 03:15:49.938 W/ActivityManager( 1630): 	at com.android.server.am.ActivityRecord.forTokenLocked(ActivityRecord.java:586)
06-06 03:15:49.938 W/ActivityManager( 1630): 	at com.android.server.am.ActivityRecord.isInStackLocked(ActivityRecord.java:1327)
06-06 03:15:49.938 W/ActivityManager( 1630): 	at com.android.server.am.ActivityManagerService.setTaskDescription(ActivityManagerService.java:9358)
06-06 03:15:49.938 W/ActivityManager( 1630): 	at android.app.ActivityManagerNative.onTransact(ActivityManagerNative.java:2639)
06-06 03:15:49.938 W/ActivityManager( 1630): 	at com.android.server.am.ActivityManagerService.onTransact(ActivityManagerService.java:2757)
06-06 03:15:49.938 W/ActivityManager( 1630): 	at android.os.Binder.execTransact(Binder.java:565)
06-06 03:15:49.939 W/ActivityManager( 1630): Bad activity token: android.os.BinderProxy@ad72a9c
06-06 03:15:49.939 W/ActivityManager( 1630): java.lang.ClassCastException: android.os.BinderProxy cannot be cast to com.android.server.am.ActivityRecord$Token
06-06 03:15:49.939 W/ActivityManager( 1630): 	at com.android.server.am.ActivityRecord.forTokenLocked(ActivityRecord.java:586)
06-06 03:15:49.939 W/ActivityManager( 1630): 	at com.android.server.am.ActivityRecord.isInStackLocked(ActivityRecord.java:1327)
06-06 03:15:49.939 W/ActivityManager( 1630): 	at com.android.server.am.ActivityRecord.getStackLocked(ActivityRecord.java:1332)
06-06 03:15:49.939 W/ActivityManager( 1630): 	at com.android.server.am.ActivityManagerService.getActivityStackId(ActivityManagerService.java:9817)
06-06 03:15:49.939 W/ActivityManager( 1630): 	at android.app.ActivityManagerNative.onTransact(ActivityManagerNative.java:2856)
06-06 03:15:49.939 W/ActivityManager( 1630): 	at com.android.server.am.ActivityManagerService.onTransact(ActivityManagerService.java:2757)
06-06 03:15:49.939 W/ActivityManager( 1630): 	at android.os.Binder.execTransact(Binder.java:565)
06-06 03:15:49.949 D/gralloc_ranchu( 1347): gralloc_alloc: Creating ashmem region of size 9023488
06-06 03:15:49.958 W/ActivityManager( 1630): Bad activity token: android.os.BinderProxy@ad72a9c
06-06 03:15:49.958 W/ActivityManager( 1630): java.lang.ClassCastException: android.os.BinderProxy cannot be cast to com.android.server.am.ActivityRecord$Token
06-06 03:15:49.958 W/ActivityManager( 1630): 	at com.android.server.am.ActivityRecord.forTokenLocked(ActivityRecord.java:586)
06-06 03:15:49.958 W/ActivityManager( 1630): 	at com.android.server.am.ActivityRecord.isInStackLocked(ActivityRecord.java:1327)
06-06 03:15:49.958 W/ActivityManager( 1630): 	at com.android.server.am.ActivityManagerService.getActivityOptions(ActivityManagerService.java:12559)
06-06 03:15:49.958 W/ActivityManager( 1630): 	at android.app.ActivityManagerNative.onTransact(ActivityManagerNative.java:1933)
06-06 03:15:49.958 W/ActivityManager( 1630): 	at com.android.server.am.ActivityManagerService.onTransact(ActivityManagerService.java:2757)
06-06 03:15:49.958 W/ActivityManager( 1630): 	at android.os.Binder.execTransact(Binder.java:565)
06-06 03:15:49.958 W/ActivityManager( 1630): Bad activity token: android.os.BinderProxy@ad72a9c
06-06 03:15:49.958 W/ActivityManager( 1630): java.lang.ClassCastException: android.os.BinderProxy cannot be cast to com.android.server.am.ActivityRecord$Token
06-06 03:15:49.958 W/ActivityManager( 1630): 	at com.android.server.am.ActivityRecord.forTokenLocked(ActivityRecord.java:586)
06-06 03:15:49.958 W/ActivityManager( 1630): 	at com.android.server.am.ActivityRecord.isInStackLocked(ActivityRecord.java:1327)
06-06 03:15:49.958 W/ActivityManager( 1630): 	at com.android.server.am.ActivityManagerService.getActivityOptions(ActivityManagerService.java:12559)
06-06 03:15:49.958 W/ActivityManager( 1630): 	at android.app.ActivityManagerNative.onTransact(ActivityManagerNative.java:1933)
06-06 03:15:49.958 W/ActivityManager( 1630): 	at com.android.server.am.ActivityManagerService.onTransact(ActivityManagerService.java:2757)
06-06 03:15:49.958 W/ActivityManager( 1630): 	at android.os.Binder.execTransact(Binder.java:565)
06-06 03:15:49.978 V/PhoneStatusBar( 1711): setLightsOn(true)
06-06 03:15:49.982 D/EGL_emulation( 2078): eglMakeCurrent: 0x9852d440: ver 2 0 (tinfo 0xa3d30310)
06-06 03:15:49.984 D/EGL_emulation( 1711): eglMakeCurrent: 0xa7985720: ver 2 0 (tinfo 0xa7983770)
06-06 03:15:49.997 D/gralloc_ranchu( 1347): gralloc_alloc: Creating ashmem region of size 9023488
06-06 03:15:50.001 D/EGL_emulation( 1711): eglMakeCurrent: 0xa7985720: ver 2 0 (tinfo 0xa7983770)
06-06 03:15:50.002 D/        ( 2968): HostConnection::get() New Host Connection established 0x9a2b74c0, tid 2968
06-06 03:15:50.041 D/EGL_emulation( 1711): eglMakeCurrent: 0xa7985720: ver 2 0 (tinfo 0xa7983770)
06-06 03:15:50.042 V/PhoneStatusBar( 1711): setLightsOn(true)
06-06 03:15:50.044 D/EGL_emulation( 1711): eglMakeCurrent: 0xa7985720: ver 2 0 (tinfo 0xa7983770)
06-06 03:15:50.047 D/EGL_emulation( 1711): eglMakeCurrent: 0xa7985720: ver 2 0 (tinfo 0xa7983770)
06-06 03:15:50.050 D/EGL_emulation( 1711): eglMakeCurrent: 0xa7985720: ver 2 0 (tinfo 0xa7983770)
06-06 03:15:50.052 D/EGL_emulation( 1711): eglMakeCurrent: 0xa7985720: ver 2 0 (tinfo 0xa7983770)
06-06 03:15:50.064 D/EGL_emulation( 1711): eglMakeCurrent: 0xa7985720: ver 2 0 (tinfo 0xa7983770)
06-06 03:15:50.066 D/EGL_emulation( 1711): eglMakeCurrent: 0xa7985720: ver 2 0 (tinfo 0xa7983770)
06-06 03:15:50.081 D/EGL_emulation( 1711): eglMakeCurrent: 0xa7985720: ver 2 0 (tinfo 0xa7983770)
06-06 03:15:50.081 D/gralloc_ranchu( 1347): gralloc_alloc: Creating ashmem region of size 9023488
06-06 03:15:50.088 D/EGL_emulation( 1711): eglMakeCurrent: 0xa7985720: ver 2 0 (tinfo 0xa7983770)
06-06 03:15:50.097 I/ActivityManager( 1630): Displayed com.evancharlton.mileage/.Mileage: +176ms
06-06 03:15:50.097 D/EGL_emulation( 1711): eglMakeCurrent: 0xa7985720: ver 2 0 (tinfo 0xa7983770)
06-06 03:15:50.107 D/EGL_emulation( 1711): eglMakeCurrent: 0xa7985720: ver 2 0 (tinfo 0xa7983770)
06-06 03:15:50.114 D/EGL_emulation( 1711): eglMakeCurrent: 0xa7985720: ver 2 0 (tinfo 0xa7983770)
06-06 03:15:50.122 D/EGL_emulation( 1711): eglMakeCurrent: 0xa7985720: ver 2 0 (tinfo 0xa7983770)
06-06 03:15:50.131 D/EGL_emulation( 1711): eglMakeCurrent: 0xa7985720: ver 2 0 (tinfo 0xa7983770)
06-06 03:15:50.133 D/EGL_emulation( 1711): eglMakeCurrent: 0xa7985720: ver 2 0 (tinfo 0xa7983770)
06-06 03:15:50.134 V/PhoneStatusBar( 1711): setLightsOn(true)
06-06 03:15:50.139 I/System.out( 2968): URI: //map
06-06 03:15:50.139 I/System.out( 2968): params: {json={"query":"* marked:'Statistics'","operation":{"method_name":"query","arguments":[]}}
06-06 03:15:50.139 I/System.out( 2968): }
06-06 03:15:50.147 D/EGL_emulation( 1711): eglMakeCurrent: 0xa7985720: ver 2 0 (tinfo 0xa7983770)
06-06 03:15:50.150 D/EGL_emulation( 1711): eglMakeCurrent: 0xa7985720: ver 2 0 (tinfo 0xa7983770)
06-06 03:15:50.155 W/ResourceType( 2968): No package identifier when getting name for resource number 0x00000001
06-06 03:15:50.164 D/EGL_emulation( 1711): eglMakeCurrent: 0xa7985720: ver 2 0 (tinfo 0xa7983770)
06-06 03:15:50.166 D/EGL_emulation( 1711): eglMakeCurrent: 0xa7985720: ver 2 0 (tinfo 0xa7983770)
06-06 03:15:50.174 I/System.out( 2968): URI: //gesture
06-06 03:15:50.174 I/System.out( 2968): params: {json={"query_timeout":5.0,"gestures":[{"query_string":"* marked:'Statistics'","touches":[{"x":50,"y":50,"offset_x":0,"offset_y":0,"wait":0.0,"time":0.2,"release":true,"query_string":null}]}]}
06-06 03:15:50.174 I/System.out( 2968): }
06-06 03:15:50.179 W/ResourceType( 2968): No package identifier when getting name for resource number 0x00000001
06-06 03:15:50.181 D/EGL_emulation( 1711): eglMakeCurrent: 0xa7985720: ver 2 0 (tinfo 0xa7983770)
06-06 03:15:50.184 D/EGL_emulation( 1711): eglMakeCurrent: 0xa7985720: ver 2 0 (tinfo 0xa7983770)
06-06 03:15:50.207 D/EGL_emulation( 1711): eglMakeCurrent: 0xa7985720: ver 2 0 (tinfo 0xa7983770)
06-06 03:15:50.297 I/WindowManager( 1630): Destroying surface Surface(name=Starting com.evancharlton.mileage) called by com.android.server.wm.WindowStateAnimator.destroySurface:2016 com.android.server.wm.WindowStateAnimator.destroySurfaceLocked:882 com.android.server.wm.WindowState.destroyOrSaveSurface:2100 com.android.server.wm.AppWindowToken.destroySurfaces:363 com.android.server.wm.WindowStateAnimator.finishExit:565 com.android.server.wm.WindowStateAnimator.stepAnimationLocked:491 com.android.server.wm.WindowAnimator.updateWindowsLocked:303 com.android.server.wm.WindowAnimator.animateLocked:704 
06-06 03:15:50.298 V/PhoneStatusBar( 1711): setLightsOn(true)
06-06 03:15:50.330 V/PhoneStatusBar( 1711): setLightsOn(true)
06-06 03:15:50.421 I/calabash( 2968): newActivity1
06-06 03:15:50.448 V/PhoneStatusBar( 1711): setLightsOn(true)
06-06 03:15:50.470 I/System.out( 2968): URI: //map
06-06 03:15:50.471 I/System.out( 2968): params: {json={"query":"android.widget.ScrollView index:0","operation":{"method_name":"query","arguments":[]}}
06-06 03:15:50.471 I/System.out( 2968): }
06-06 03:15:50.479 W/ActivityManager( 1630): Bad activity token: android.os.BinderProxy@579e42a
06-06 03:15:50.479 W/ActivityManager( 1630): java.lang.ClassCastException: android.os.BinderProxy cannot be cast to com.android.server.am.ActivityRecord$Token
06-06 03:15:50.479 W/ActivityManager( 1630): 	at com.android.server.am.ActivityRecord.forTokenLocked(ActivityRecord.java:586)
06-06 03:15:50.479 W/ActivityManager( 1630): 	at com.android.server.am.ActivityRecord.isInStackLocked(ActivityRecord.java:1327)
06-06 03:15:50.479 W/ActivityManager( 1630): 	at com.android.server.am.ActivityRecord.getStackLocked(ActivityRecord.java:1332)
06-06 03:15:50.479 W/ActivityManager( 1630): 	at com.android.server.am.ActivityManagerService.getActivityDisplayId(ActivityManagerService.java:9806)
06-06 03:15:50.479 W/ActivityManager( 1630): 	at android.app.ActivityManagerNative.onTransact(ActivityManagerNative.java:2566)
06-06 03:15:50.479 W/ActivityManager( 1630): 	at com.android.server.am.ActivityManagerService.onTransact(ActivityManagerService.java:2757)
06-06 03:15:50.479 W/ActivityManager( 1630): 	at android.os.Binder.execTransact(Binder.java:565)
06-06 03:15:50.484 W/ActivityManager( 1630): Bad activity token: android.os.BinderProxy@579e42a
06-06 03:15:50.484 W/ActivityManager( 1630): java.lang.ClassCastException: android.os.BinderProxy cannot be cast to com.android.server.am.ActivityRecord$Token
06-06 03:15:50.484 W/ActivityManager( 1630): 	at com.android.server.am.ActivityRecord.forTokenLocked(ActivityRecord.java:586)
06-06 03:15:50.484 W/ActivityManager( 1630): 	at com.android.server.am.ActivityRecord.isInStackLocked(ActivityRecord.java:1327)
06-06 03:15:50.484 W/ActivityManager( 1630): 	at com.android.server.am.ActivityManagerService.setTaskDescription(ActivityManagerService.java:9358)
06-06 03:15:50.484 W/ActivityManager( 1630): 	at android.app.ActivityManagerNative.onTransact(ActivityManagerNative.java:2639)
06-06 03:15:50.484 W/ActivityManager( 1630): 	at com.android.server.am.ActivityManagerService.onTransact(ActivityManagerService.java:2757)
06-06 03:15:50.484 W/ActivityManager( 1630): 	at android.os.Binder.execTransact(Binder.java:565)
06-06 03:15:50.485 W/ActivityManager( 1630): Bad activity token: android.os.BinderProxy@579e42a
06-06 03:15:50.485 W/ActivityManager( 1630): java.lang.ClassCastException: android.os.BinderProxy cannot be cast to com.android.server.am.ActivityRecord$Token
06-06 03:15:50.485 W/ActivityManager( 1630): 	at com.android.server.am.ActivityRecord.forTokenLocked(ActivityRecord.java:586)
06-06 03:15:50.485 W/ActivityManager( 1630): 	at com.android.server.am.ActivityRecord.isInStackLocked(ActivityRecord.java:1327)
06-06 03:15:50.485 W/ActivityManager( 1630): 	at com.android.server.am.ActivityRecord.getStackLocked(ActivityRecord.java:1332)
06-06 03:15:50.485 W/ActivityManager( 1630): 	at com.android.server.am.ActivityManagerService.getActivityStackId(ActivityManagerService.java:9817)
06-06 03:15:50.485 W/ActivityManager( 1630): 	at android.app.ActivityManagerNative.onTransact(ActivityManagerNative.java:2856)
06-06 03:15:50.485 W/ActivityManager( 1630): 	at com.android.server.am.ActivityManagerService.onTransact(ActivityManagerService.java:2757)
06-06 03:15:50.485 W/ActivityManager( 1630): 	at android.os.Binder.execTransact(Binder.java:565)
06-06 03:15:50.512 D/VehicleStatisticsActivity( 2968): Checking recalculation ...
06-06 03:15:50.514 D/VehicleStatisticsActivity( 2968): Recalculating statistics
06-06 03:15:50.514 D/VehicleStatisticsTask( 2968): Calculation starting...
06-06 03:15:50.515 D/VehicleStatisticsActivity( 2968): Recalculation started!
06-06 03:15:50.516 W/ResourceType( 2968): No package identifier when getting value for resource number 0x00000000
06-06 03:15:50.516 D/AndroidRuntime( 2968): Shutting down VM
--------- beginning of crash
06-06 03:15:50.517 E/AndroidRuntime( 2968): FATAL EXCEPTION: main
06-06 03:15:50.517 E/AndroidRuntime( 2968): Process: com.evancharlton.mileage, PID: 2968
06-06 03:15:50.517 E/AndroidRuntime( 2968): java.lang.RuntimeException: Unable to start activity ComponentInfo{com.evancharlton.mileage/com.evancharlton.mileage.VehicleStatisticsActivity}: android.content.res.Resources$NotFoundException: String resource ID #0x0
06-06 03:15:50.517 E/AndroidRuntime( 2968): 	at android.app.ActivityThread.performLaunchActivity(ActivityThread.java:2646)
06-06 03:15:50.517 E/AndroidRuntime( 2968): 	at android.app.ActivityThread.startActivityNow(ActivityThread.java:2446)
06-06 03:15:50.517 E/AndroidRuntime( 2968): 	at android.app.LocalActivityManager.moveToState(LocalActivityManager.java:136)
06-06 03:15:50.517 E/AndroidRuntime( 2968): 	at android.app.LocalActivityManager.startActivity(LocalActivityManager.java:348)
06-06 03:15:50.517 E/AndroidRuntime( 2968): 	at android.widget.TabHost$IntentContentStrategy.getContentView(TabHost.java:724)
06-06 03:15:50.517 E/AndroidRuntime( 2968): 	at android.widget.TabHost.setCurrentTab(TabHost.java:388)
06-06 03:15:50.517 E/AndroidRuntime( 2968): 	at android.widget.TabHost$2.onTabSelectionChanged(TabHost.java:158)
06-06 03:15:50.517 E/AndroidRuntime( 2968): 	at android.widget.TabWidget$TabClickListener.onClick(TabWidget.java:532)
06-06 03:15:50.517 E/AndroidRuntime( 2968): 	at android.view.View.performClick(View.java:5610)
06-06 03:15:50.517 E/AndroidRuntime( 2968): 	at android.view.View$PerformClick.run(View.java:22265)
06-06 03:15:50.517 E/AndroidRuntime( 2968): 	at android.os.Handler.handleCallback(Handler.java:751)
06-06 03:15:50.517 E/AndroidRuntime( 2968): 	at android.os.Handler.dispatchMessage(Handler.java:95)
06-06 03:15:50.517 E/AndroidRuntime( 2968): 	at android.os.Looper.loop(Looper.java:154)
06-06 03:15:50.517 E/AndroidRuntime( 2968): 	at android.app.ActivityThread.main(ActivityThread.java:6077)
06-06 03:15:50.517 E/AndroidRuntime( 2968): 	at java.lang.reflect.Method.invoke(Native Method)
06-06 03:15:50.517 E/AndroidRuntime( 2968): 	at com.android.internal.os.ZygoteInit$MethodAndArgsCaller.run(ZygoteInit.java:866)
06-06 03:15:50.517 E/AndroidRuntime( 2968): 	at com.android.internal.os.ZygoteInit.main(ZygoteInit.java:756)
06-06 03:15:50.517 E/AndroidRuntime( 2968): Caused by: android.content.res.Resources$NotFoundException: String resource ID #0x0
06-06 03:15:50.517 E/AndroidRuntime( 2968): 	at android.content.res.Resources.getText(Resources.java:331)
06-06 03:15:50.517 E/AndroidRuntime( 2968): 	at android.content.res.Resources.getString(Resources.java:377)
06-06 03:15:50.517 E/AndroidRuntime( 2968): 	at android.content.Context.getString(Context.java:476)
06-06 03:15:50.517 E/AndroidRuntime( 2968): 	at com.evancharlton.mileage.adapters.VehicleStatisticsAdapter$StatisticHolder.<init>(VehicleStatisticsAdapter.java:209)
06-06 03:15:50.517 E/AndroidRuntime( 2968): 	at com.evancharlton.mileage.adapters.VehicleStatisticsAdapter.<init>(VehicleStatisticsAdapter.java:48)
06-06 03:15:50.517 E/AndroidRuntime( 2968): 	at com.evancharlton.mileage.VehicleStatisticsActivity.setAdapter(VehicleStatisticsActivity.java:197)
06-06 03:15:50.517 E/AndroidRuntime( 2968): 	at com.evancharlton.mileage.VehicleStatisticsActivity.recalculate(VehicleStatisticsActivity.java:175)
06-06 03:15:50.517 E/AndroidRuntime( 2968): 	at com.evancharlton.mileage.VehicleStatisticsActivity.onCreate(VehicleStatisticsActivity.java:131)
06-06 03:15:50.517 E/AndroidRuntime( 2968): 	at android.app.Activity.performCreate(Activity.java:6662)
06-06 03:15:50.517 E/AndroidRuntime( 2968): 	at android.app.Instrumentation.callActivityOnCreate(Instrumentation.java:1118)
06-06 03:15:50.517 E/AndroidRuntime( 2968): 	at android.app.ActivityThread.performLaunchActivity(ActivityThread.java:2599)
06-06 03:15:50.517 E/AndroidRuntime( 2968): 	... 16 more
06-06 03:15:50.518 I/Process ( 2968): Sending signal. PID: 2968 SIG: 9
06-06 03:15:50.563 W/InputDispatcher( 1630): channel '81efb5d com.evancharlton.mileage/com.evancharlton.mileage.Mileage (server)' ~ Consumer closed input channel or an error occurred.  events=0x9
06-06 03:15:50.563 E/InputDispatcher( 1630): channel '81efb5d com.evancharlton.mileage/com.evancharlton.mileage.Mileage (server)' ~ Channel is unrecoverably broken and will be disposed!
06-06 03:15:50.567 I/ActivityManager( 1630): Process com.evancharlton.mileage (pid 2968) has died
06-06 03:15:50.567 D/ActivityManager( 1630): cleanUpApplicationRecord -- 2968
06-06 03:15:50.567 W/ActivityManager( 1630): Scheduling restart of crashed service com.evancharlton.mileage/.services.AutomaticBackupService in 1000ms
06-06 03:15:50.567 W/ActivityManager( 1630): Force removing ActivityRecord{837fced u0 com.evancharlton.mileage/.Mileage t12676}: app died, no saved state
