--------- beginning of main
06-05 23:01:47.834 D/EGL_emulation( 1712): eglMakeCurrent: 0xb0685360: ver 2 0 (tinfo 0xb06836c0)
06-05 23:01:47.836 D/EGL_emulation( 2076): eglMakeCurrent: 0xb0685360: ver 2 0 (tinfo 0xb06836b0)
06-05 23:01:47.869 D/EGL_emulation( 1712): eglMakeCurrent: 0xb0685360: ver 2 0 (tinfo 0xb06836c0)
06-05 23:01:47.884 D/EGL_emulation( 1712): eglMakeCurrent: 0xb0685360: ver 2 0 (tinfo 0xb06836c0)
06-05 23:01:47.891 D/EGL_emulation( 1712): eglMakeCurrent: 0xb0685360: ver 2 0 (tinfo 0xb06836c0)
06-05 23:01:47.901 D/EGL_emulation( 1712): eglMakeCurrent: 0xb0685360: ver 2 0 (tinfo 0xb06836c0)
06-05 23:01:47.903 D/EGL_emulation( 1712): eglMakeCurrent: 0xb0685360: ver 2 0 (tinfo 0xb06836c0)
06-05 23:01:47.918 D/EGL_emulation( 1712): eglMakeCurrent: 0xb0685360: ver 2 0 (tinfo 0xb06836c0)
06-05 23:01:47.921 D/EGL_emulation( 1712): eglMakeCurrent: 0xb0685360: ver 2 0 (tinfo 0xb06836c0)
06-05 23:01:47.934 D/EGL_emulation( 1712): eglMakeCurrent: 0xb0685360: ver 2 0 (tinfo 0xb06836c0)
06-05 23:01:47.938 D/EGL_emulation( 1712): eglMakeCurrent: 0xb0685360: ver 2 0 (tinfo 0xb06836c0)
06-05 23:01:47.951 D/EGL_emulation( 1712): eglMakeCurrent: 0xb0685360: ver 2 0 (tinfo 0xb06836c0)
06-05 23:01:47.954 D/EGL_emulation( 1712): eglMakeCurrent: 0xb0685360: ver 2 0 (tinfo 0xb06836c0)
06-05 23:01:47.967 D/EGL_emulation( 1712): eglMakeCurrent: 0xb0685360: ver 2 0 (tinfo 0xb06836c0)
06-05 23:01:47.976 D/EGL_emulation( 1712): eglMakeCurrent: 0xb0685360: ver 2 0 (tinfo 0xb06836c0)
06-05 23:01:47.984 D/EGL_emulation( 1712): eglMakeCurrent: 0xb0685360: ver 2 0 (tinfo 0xb06836c0)
06-05 23:01:47.989 D/EGL_emulation( 1712): eglMakeCurrent: 0xb0685360: ver 2 0 (tinfo 0xb06836c0)
06-05 23:01:48.001 D/EGL_emulation( 1712): eglMakeCurrent: 0xb0685360: ver 2 0 (tinfo 0xb06836c0)
06-05 23:01:48.003 D/EGL_emulation( 1712): eglMakeCurrent: 0xb0685360: ver 2 0 (tinfo 0xb06836c0)
06-05 23:01:48.019 D/EGL_emulation( 1712): eglMakeCurrent: 0xb0685360: ver 2 0 (tinfo 0xb06836c0)
06-05 23:01:48.022 D/EGL_emulation( 1712): eglMakeCurrent: 0xb0685360: ver 2 0 (tinfo 0xb06836c0)
06-05 23:01:48.034 D/EGL_emulation( 1712): eglMakeCurrent: 0xb0685360: ver 2 0 (tinfo 0xb06836c0)
06-05 23:01:48.046 D/AndroidRuntime(14624): >>>>>> START com.android.internal.os.RuntimeInit uid 2000 <<<<<<
06-05 23:01:48.047 D/AndroidRuntime(14624): CheckJNI is ON
06-05 23:01:48.050 D/EGL_emulation( 1712): eglMakeCurrent: 0xb0685360: ver 2 0 (tinfo 0xb06836c0)
06-05 23:01:48.052 D/EGL_emulation( 1712): eglMakeCurrent: 0xb0685360: ver 2 0 (tinfo 0xb06836c0)
06-05 23:01:48.060 W/art     (14624): Unexpected CPU variant for X86 using defaults: x86
06-05 23:01:48.062 D/ICU     (14624): No timezone override file found: /data/misc/zoneinfo/current/icu/icu_tzdata.dat
06-05 23:01:48.067 D/EGL_emulation( 1712): eglMakeCurrent: 0xb0685360: ver 2 0 (tinfo 0xb06836c0)
06-05 23:01:48.068 D/EGL_emulation( 1712): eglMakeCurrent: 0xb0685360: ver 2 0 (tinfo 0xb06836c0)
06-05 23:01:48.070 E/memtrack(14624): Couldn't load memtrack module (No such file or directory)
06-05 23:01:48.070 E/android.os.Debug(14624): failed to load memtrack module: -2
06-05 23:01:48.071 I/Radio-JNI(14624): register_android_hardware_Radio DONE
06-05 23:01:48.076 D/AndroidRuntime(14624): Calling main entry com.android.commands.am.Am
--------- beginning of system
06-05 23:01:48.077 I/ActivityManager( 1631): Force stopping com.evancharlton.mileage appid=10326 user=0: start instr
06-05 23:01:48.080 I/art     (14634): Not late-enabling -Xcheck:jni (already on)
06-05 23:01:48.080 W/art     (14634): Unexpected CPU variant for X86 using defaults: x86
06-05 23:01:48.088 I/ActivityManager( 1631): Start proc 14634:com.evancharlton.mileage/u0a326 for added application com.evancharlton.mileage
06-05 23:01:48.088 D/AndroidRuntime(14624): Shutting down VM
06-05 23:01:48.094 W/System  (14634): ClassLoader referenced unknown path: /data/app/com.evancharlton.mileage.test-1/lib/x86
06-05 23:01:48.094 W/System  (14634): ClassLoader referenced unknown path: /data/app/com.evancharlton.mileage-1/lib/x86
06-05 23:01:48.096 W/System  (14634): ClassLoader referenced unknown path: 
06-05 23:01:48.100 I/System.out(14634): Main activity name automatically set to: com.evancharlton.mileage.Mileage
06-05 23:01:48.101 I/System.out(14634): Calabash did not load Mono. This is only a problem if you are trying to test a Mono application
06-05 23:01:48.101 I/calabash(14634): Test server port: 7102
06-05 23:01:48.102 I/InstrumentationBackend(14634): Added:'GetPreferences', with key:'get_preferences'
06-05 23:01:48.106 I/InstrumentationBackend(14634): Added:'SetPreferences', with key:'set_preferences'
06-05 23:01:48.106 I/InstrumentationBackend(14634): Added:'ClearPreferences', with key:'clear_preferences'
06-05 23:01:48.106 I/InstrumentationBackend(14634): Added:'PressElement', with key:'press_l10n_element'
06-05 23:01:48.106 I/InstrumentationBackend(14634): Added:'WaitForElement', with key:'wait_for_l10n_element'
06-05 23:01:48.106 I/InstrumentationBackend(14634): Added:'NullAction', with key:'nullAction'
06-05 23:01:48.106 I/InstrumentationBackend(14634): Added:'PressKey', with key:'press_key'
06-05 23:01:48.106 I/InstrumentationBackend(14634): Added:'SetActivityOrientation', with key:'set_activity_orientation'
06-05 23:01:48.106 I/InstrumentationBackend(14634): Added:'GetActivityOrientation', with key:'get_activity_orientation'
06-05 23:01:48.106 I/InstrumentationBackend(14634): Added:'FakeGPSLocation', with key:'set_gps_coordinates'
06-05 23:01:48.106 I/InstrumentationBackend(14634): Added:'SetPropertyByCssSelector', with key:'set_property_by_css_selector'
06-05 23:01:48.106 I/InstrumentationBackend(14634): Added:'GetUrl', with key:'get_url'
06-05 23:01:48.107 I/InstrumentationBackend(14634): Added:'ScrollTo', with key:'scroll_to'
06-05 23:01:48.107 I/InstrumentationBackend(14634): Added:'GetLoadProgress', with key:'get_load_progress'
06-05 23:01:48.107 I/InstrumentationBackend(14634): Added:'DumpHtml', with key:'dump_html'
06-05 23:01:48.107 I/InstrumentationBackend(14634): Added:'DumpBodyHtml', with key:'dump_body_html'
06-05 23:01:48.107 I/InstrumentationBackend(14634): Added:'EnterTextByCssSelector', with key:'enter_text_by_selector'
06-05 23:01:48.107 I/InstrumentationBackend(14634): Added:'AndroidSDKVersion', with key:'android_sdk_version'
06-05 23:01:48.107 I/InstrumentationBackend(14634): Added:'Version', with key:'version'
06-05 23:01:48.107 I/InstrumentationBackend(14634): Added:'Drag', with key:'drag'
06-05 23:01:48.107 I/InstrumentationBackend(14634): Added:'TouchCoordinates', with key:'touch_coordinate'
06-05 23:01:48.107 I/InstrumentationBackend(14634): Added:'LongPressCoordinate', with key:'long_press_coordinate'
06-05 23:01:48.107 I/InstrumentationBackend(14634): Added:'DragCoordinates', with key:'drag_coordinates'
06-05 23:01:48.107 I/InstrumentationBackend(14634): Added:'ResumeApplication', with key:'resume_application'
06-05 23:01:48.107 I/InstrumentationBackend(14634): Added:'Swipe', with key:'swipe'
06-05 23:01:48.107 I/InstrumentationBackend(14634): Added:'DoubleTapCoordinate', with key:'double_tap_coordinate'
06-05 23:01:48.107 I/InstrumentationBackend(14634): Added:'ClickOnScreen', with key:'click_on_screen'
06-05 23:01:48.107 I/InstrumentationBackend(14634): Added:'GetActivityName', with key:'get_activity_name'
06-05 23:01:48.108 I/InstrumentationBackend(14634): Added:'ScrollToView', with key:'scroll_to_view'
06-05 23:01:48.108 I/InstrumentationBackend(14634): Added:'ViewConfiguration', with key:'view_configuration'
06-05 23:01:48.108 I/InstrumentationBackend(14634): Added:'IsCurrentActivityFocused', with key:'is_current_activity_focused'
06-05 23:01:48.108 I/InstrumentationBackend(14634): Added:'SendTcp', with key:'send_tcp'
06-05 23:01:48.108 I/InstrumentationBackend(14634): Added:'DpToDevicePixel', with key:'dp_to_device_pixel'
06-05 23:01:48.108 I/InstrumentationBackend(14634): Added:'KeyboardEnterText', with key:'keyboard_enter_text'
06-05 23:01:48.108 I/InstrumentationBackend(14634): Added:'DeleteSurroundingText', with key:'delete_surrounding_text'
06-05 23:01:48.108 I/InstrumentationBackend(14634): Added:'SetComposingRegion', with key:'set_composing_region'
06-05 23:01:48.108 I/InstrumentationBackend(14634): Added:'SetSelection', with key:'set_selection'
06-05 23:01:48.108 I/InstrumentationBackend(14634): Added:'KeyboardKeyEvent', with key:'keyboard_key_event'
06-05 23:01:48.108 I/InstrumentationBackend(14634): Added:'PressUserActionButton', with key:'press_user_action_button'
06-05 23:01:48.108 I/InstrumentationBackend(14634): Added:'HideSoftKeyboard', with key:'hide_soft_keyboard'
06-05 23:01:48.108 I/InstrumentationBackend(14634): Added:'ListActions', with key:'list_actions'
06-05 23:01:48.108 I/calabash(14634): Instantiating http server at 7102
06-05 23:01:48.109 I/System.out(14634): HTTP Daemon listening on: 7102
06-05 23:01:48.202 I/System.out(14634): URI: //ping
06-05 23:01:48.203 I/System.out(14634): params: {json={}
06-05 23:01:48.203 I/System.out(14634): }
06-05 23:01:48.212 I/System.out(14634): URI: //ping
06-05 23:01:48.212 I/System.out(14634): params: {json={}
06-05 23:01:48.212 I/System.out(14634): }
06-05 23:01:48.218 I/System.out(14634): URI: //ready
06-05 23:01:48.218 I/System.out(14634): params: {json={}
06-05 23:01:48.218 I/System.out(14634): }
06-05 23:01:48.226 I/System.out(14634): URI: //
06-05 23:01:48.227 I/System.out(14634): params: {json={"command":"version","arguments":[]}
06-05 23:01:48.227 I/System.out(14634): }
06-05 23:01:48.227 I/System.out(14634): header: {content-type=application/json;charset=utf-8, date=Sat, 06 Jun 2020 04:01:48 GMT, accept=*/*, host=127.0.0.1:34777, content-length=36, user-agent=HTTPClient/1.0 (2.8.3, ruby 2.5.1 (2018-03-29))}
06-05 23:01:48.227 I/System.out(14634): params: {json={"command":"version","arguments":[]}
06-05 23:01:48.227 I/System.out(14634): }
06-05 23:01:48.227 I/System.out(14634): ProP json = {"command":"version","arguments":[]}
06-05 23:01:48.227 I/System.out(14634): files: {}
06-05 23:01:48.227 I/System.out(14634): command: {"command":"version","arguments":[]}
06-05 23:01:48.242 I/InstrumentationBackend(14634): Got command:'Command:'Line:null,version', arguments:'[]'
06-05 23:01:48.274 I/System.out(14634): result:{"bonusInformation":[],"message":"0.9.8","success":true}
06-05 23:01:48.282 I/System.out(14634): URI: //start-application
06-05 23:01:48.283 I/System.out(14634): params: {json={"intent":null}
06-05 23:01:48.283 I/System.out(14634): }
06-05 23:01:48.319 I/ActivityManager( 1631): START u0 {act=android.intent.action.MAIN cat=[android.intent.category.LAUNCHER] flg=0x10200000 cmp=com.evancharlton.mileage/.Mileage} from uid 10326 on display 0
06-05 23:01:48.358 I/calabash(14634): newActivity1
06-05 23:01:48.360 D/gralloc_ranchu( 1347): gralloc_alloc: Creating ashmem region of size 9023488
06-05 23:01:48.376 W/OpenGLRenderer( 2076): Incorrectly called buildLayer on View: ShortcutAndWidgetContainer, destroying layer...
06-05 23:01:48.381 I/calabash(14634): newActivity1
06-05 23:01:48.383 W/ActivityManager( 1631): Bad activity token: android.os.BinderProxy@2c01efe
06-05 23:01:48.383 W/ActivityManager( 1631): java.lang.ClassCastException: android.os.BinderProxy cannot be cast to com.android.server.am.ActivityRecord$Token
06-05 23:01:48.383 W/ActivityManager( 1631): 	at com.android.server.am.ActivityRecord.forTokenLocked(ActivityRecord.java:586)
06-05 23:01:48.383 W/ActivityManager( 1631): 	at com.android.server.am.ActivityRecord.isInStackLocked(ActivityRecord.java:1327)
06-05 23:01:48.383 W/ActivityManager( 1631): 	at com.android.server.am.ActivityRecord.getStackLocked(ActivityRecord.java:1332)
06-05 23:01:48.383 W/ActivityManager( 1631): 	at com.android.server.am.ActivityManagerService.getActivityDisplayId(ActivityManagerService.java:9806)
06-05 23:01:48.383 W/ActivityManager( 1631): 	at android.app.ActivityManagerNative.onTransact(ActivityManagerNative.java:2566)
06-05 23:01:48.383 W/ActivityManager( 1631): 	at com.android.server.am.ActivityManagerService.onTransact(ActivityManagerService.java:2757)
06-05 23:01:48.383 W/ActivityManager( 1631): 	at android.os.Binder.execTransact(Binder.java:565)
06-05 23:01:48.385 W/ActivityManager( 1631): Bad activity token: android.os.BinderProxy@2c01efe
06-05 23:01:48.385 W/ActivityManager( 1631): java.lang.ClassCastException: android.os.BinderProxy cannot be cast to com.android.server.am.ActivityRecord$Token
06-05 23:01:48.385 W/ActivityManager( 1631): 	at com.android.server.am.ActivityRecord.forTokenLocked(ActivityRecord.java:586)
06-05 23:01:48.385 W/ActivityManager( 1631): 	at com.android.server.am.ActivityRecord.isInStackLocked(ActivityRecord.java:1327)
06-05 23:01:48.385 W/ActivityManager( 1631): 	at com.android.server.am.ActivityManagerService.setTaskDescription(ActivityManagerService.java:9358)
06-05 23:01:48.385 W/ActivityManager( 1631): 	at android.app.ActivityManagerNative.onTransact(ActivityManagerNative.java:2639)
06-05 23:01:48.385 W/ActivityManager( 1631): 	at com.android.server.am.ActivityManagerService.onTransact(ActivityManagerService.java:2757)
06-05 23:01:48.385 W/ActivityManager( 1631): 	at android.os.Binder.execTransact(Binder.java:565)
06-05 23:01:48.386 W/ActivityManager( 1631): Bad activity token: android.os.BinderProxy@2c01efe
06-05 23:01:48.386 W/ActivityManager( 1631): java.lang.ClassCastException: android.os.BinderProxy cannot be cast to com.android.server.am.ActivityRecord$Token
06-05 23:01:48.386 W/ActivityManager( 1631): 	at com.android.server.am.ActivityRecord.forTokenLocked(ActivityRecord.java:586)
06-05 23:01:48.386 W/ActivityManager( 1631): 	at com.android.server.am.ActivityRecord.isInStackLocked(ActivityRecord.java:1327)
06-05 23:01:48.386 W/ActivityManager( 1631): 	at com.android.server.am.ActivityRecord.getStackLocked(ActivityRecord.java:1332)
06-05 23:01:48.386 W/ActivityManager( 1631): 	at com.android.server.am.ActivityManagerService.getActivityStackId(ActivityManagerService.java:9817)
06-05 23:01:48.386 W/ActivityManager( 1631): 	at android.app.ActivityManagerNative.onTransact(ActivityManagerNative.java:2856)
06-05 23:01:48.386 W/ActivityManager( 1631): 	at com.android.server.am.ActivityManagerService.onTransact(ActivityManagerService.java:2757)
06-05 23:01:48.386 W/ActivityManager( 1631): 	at android.os.Binder.execTransact(Binder.java:565)
06-05 23:01:48.403 V/PhoneStatusBar( 1712): setLightsOn(true)
06-05 23:01:48.409 W/ActivityManager( 1631): Bad activity token: android.os.BinderProxy@2c01efe
06-05 23:01:48.409 W/ActivityManager( 1631): java.lang.ClassCastException: android.os.BinderProxy cannot be cast to com.android.server.am.ActivityRecord$Token
06-05 23:01:48.409 W/ActivityManager( 1631): 	at com.android.server.am.ActivityRecord.forTokenLocked(ActivityRecord.java:586)
06-05 23:01:48.409 W/ActivityManager( 1631): 	at com.android.server.am.ActivityRecord.isInStackLocked(ActivityRecord.java:1327)
06-05 23:01:48.409 W/ActivityManager( 1631): 	at com.android.server.am.ActivityManagerService.getActivityOptions(ActivityManagerService.java:12559)
06-05 23:01:48.409 W/ActivityManager( 1631): 	at android.app.ActivityManagerNative.onTransact(ActivityManagerNative.java:1933)
06-05 23:01:48.409 W/ActivityManager( 1631): 	at com.android.server.am.ActivityManagerService.onTransact(ActivityManagerService.java:2757)
06-05 23:01:48.409 W/ActivityManager( 1631): 	at android.os.Binder.execTransact(Binder.java:565)
06-05 23:01:48.410 W/ActivityManager( 1631): Bad activity token: android.os.BinderProxy@2c01efe
06-05 23:01:48.410 W/ActivityManager( 1631): java.lang.ClassCastException: android.os.BinderProxy cannot be cast to com.android.server.am.ActivityRecord$Token
06-05 23:01:48.410 W/ActivityManager( 1631): 	at com.android.server.am.ActivityRecord.forTokenLocked(ActivityRecord.java:586)
06-05 23:01:48.410 W/ActivityManager( 1631): 	at com.android.server.am.ActivityRecord.isInStackLocked(ActivityRecord.java:1327)
06-05 23:01:48.410 W/ActivityManager( 1631): 	at com.android.server.am.ActivityManagerService.getActivityOptions(ActivityManagerService.java:12559)
06-05 23:01:48.410 W/ActivityManager( 1631): 	at android.app.ActivityManagerNative.onTransact(ActivityManagerNative.java:1933)
06-05 23:01:48.410 W/ActivityManager( 1631): 	at com.android.server.am.ActivityManagerService.onTransact(ActivityManagerService.java:2757)
06-05 23:01:48.410 W/ActivityManager( 1631): 	at android.os.Binder.execTransact(Binder.java:565)
06-05 23:01:48.418 D/EGL_emulation( 2076): eglMakeCurrent: 0xb0685360: ver 2 0 (tinfo 0xb06836b0)
06-05 23:01:48.420 D/EGL_emulation( 1712): eglMakeCurrent: 0xb0685360: ver 2 0 (tinfo 0xb06836c0)
06-05 23:01:48.434 D/EGL_emulation( 1712): eglMakeCurrent: 0xb0685360: ver 2 0 (tinfo 0xb06836c0)
06-05 23:01:48.437 D/EGL_emulation( 1712): eglMakeCurrent: 0xb0685360: ver 2 0 (tinfo 0xb06836c0)
06-05 23:01:48.450 D/EGL_emulation( 1712): eglMakeCurrent: 0xb0685360: ver 2 0 (tinfo 0xb06836c0)
06-05 23:01:48.453 D/EGL_emulation( 1712): eglMakeCurrent: 0xb0685360: ver 2 0 (tinfo 0xb06836c0)
06-05 23:01:48.454 D/gralloc_ranchu( 1347): gralloc_alloc: Creating ashmem region of size 9023488
06-05 23:01:48.461 D/        (14634): HostConnection::get() New Host Connection established 0x942a6000, tid 14634
06-05 23:01:48.501 D/EGL_emulation( 1712): eglMakeCurrent: 0xb0685360: ver 2 0 (tinfo 0xb06836c0)
06-05 23:01:48.504 D/EGL_emulation( 1712): eglMakeCurrent: 0xb0685360: ver 2 0 (tinfo 0xb06836c0)
06-05 23:01:48.506 V/PhoneStatusBar( 1712): setLightsOn(true)
06-05 23:01:48.509 D/EGL_emulation( 1712): eglMakeCurrent: 0xb0685360: ver 2 0 (tinfo 0xb06836c0)
06-05 23:01:48.511 D/EGL_emulation( 1712): eglMakeCurrent: 0xb0685360: ver 2 0 (tinfo 0xb06836c0)
06-05 23:01:48.523 D/EGL_emulation( 1712): eglMakeCurrent: 0xb0685360: ver 2 0 (tinfo 0xb06836c0)
06-05 23:01:48.526 D/EGL_emulation( 1712): eglMakeCurrent: 0xb0685360: ver 2 0 (tinfo 0xb06836c0)
06-05 23:01:48.534 D/EGL_emulation( 1712): eglMakeCurrent: 0xb0685360: ver 2 0 (tinfo 0xb06836c0)
06-05 23:01:48.536 D/EGL_emulation( 1712): eglMakeCurrent: 0xb0685360: ver 2 0 (tinfo 0xb06836c0)
06-05 23:01:48.551 D/EGL_emulation( 1712): eglMakeCurrent: 0xb0685360: ver 2 0 (tinfo 0xb06836c0)
06-05 23:01:48.553 D/gralloc_ranchu( 1347): gralloc_alloc: Creating ashmem region of size 9023488
06-05 23:01:48.554 D/EGL_emulation( 1712): eglMakeCurrent: 0xb0685360: ver 2 0 (tinfo 0xb06836c0)
06-05 23:01:48.567 I/ActivityManager( 1631): Displayed com.evancharlton.mileage/.Mileage: +238ms
06-05 23:01:48.570 D/EGL_emulation( 1712): eglMakeCurrent: 0xb0685360: ver 2 0 (tinfo 0xb06836c0)
06-05 23:01:48.572 D/EGL_emulation( 1712): eglMakeCurrent: 0xb0685360: ver 2 0 (tinfo 0xb06836c0)
06-05 23:01:48.573 V/PhoneStatusBar( 1712): setLightsOn(true)
06-05 23:01:48.584 D/EGL_emulation( 1712): eglMakeCurrent: 0xb0685360: ver 2 0 (tinfo 0xb06836c0)
06-05 23:01:48.586 D/EGL_emulation( 1712): eglMakeCurrent: 0xb0685360: ver 2 0 (tinfo 0xb06836c0)
06-05 23:01:48.604 D/EGL_emulation( 1712): eglMakeCurrent: 0xb0685360: ver 2 0 (tinfo 0xb06836c0)
06-05 23:01:48.606 D/EGL_emulation( 1712): eglMakeCurrent: 0xb0685360: ver 2 0 (tinfo 0xb06836c0)
06-05 23:01:48.607 V/PhoneStatusBar( 1712): setLightsOn(true)
06-05 23:01:48.610 I/System.out(14634): URI: //map
06-05 23:01:48.610 I/System.out(14634): params: {json={"query":"* marked:'Vehicles'","operation":{"method_name":"query","arguments":[]}}
06-05 23:01:48.610 I/System.out(14634): }
06-05 23:01:48.618 D/EGL_emulation( 1712): eglMakeCurrent: 0xb0685360: ver 2 0 (tinfo 0xb06836c0)
06-05 23:01:48.630 W/ResourceType(14634): No package identifier when getting name for resource number 0x00000001
06-05 23:01:48.651 I/System.out(14634): URI: //gesture
06-05 23:01:48.651 I/System.out(14634): params: {json={"query_timeout":5.0,"gestures":[{"query_string":"* marked:'Vehicles'","touches":[{"x":50,"y":50,"offset_x":0,"offset_y":0,"wait":0.0,"time":0.2,"release":true,"query_string":null}]}]}
06-05 23:01:48.651 I/System.out(14634): }
06-05 23:01:48.658 W/ResourceType(14634): No package identifier when getting name for resource number 0x00000001
06-05 23:01:48.766 I/WindowManager( 1631): Destroying surface Surface(name=Starting com.evancharlton.mileage) called by com.android.server.wm.WindowStateAnimator.destroySurface:2016 com.android.server.wm.WindowStateAnimator.destroySurfaceLocked:882 com.android.server.wm.WindowState.destroyOrSaveSurface:2100 com.android.server.wm.AppWindowToken.destroySurfaces:363 com.android.server.wm.WindowStateAnimator.finishExit:565 com.android.server.wm.WindowStateAnimator.stepAnimationLocked:491 com.android.server.wm.WindowAnimator.updateWindowsLocked:303 com.android.server.wm.WindowAnimator.animateLocked:704 
06-05 23:01:48.768 V/PhoneStatusBar( 1712): setLightsOn(true)
06-05 23:01:48.783 V/PhoneStatusBar( 1712): setLightsOn(true)
06-05 23:01:48.883 V/PhoneStatusBar( 1712): setLightsOn(true)
06-05 23:01:48.885 I/calabash(14634): newActivity1
06-05 23:01:48.885 W/ActivityManager( 1631): Bad activity token: android.os.BinderProxy@8fa84dc
06-05 23:01:48.885 W/ActivityManager( 1631): java.lang.ClassCastException: android.os.BinderProxy cannot be cast to com.android.server.am.ActivityRecord$Token
06-05 23:01:48.885 W/ActivityManager( 1631): 	at com.android.server.am.ActivityRecord.forTokenLocked(ActivityRecord.java:586)
06-05 23:01:48.885 W/ActivityManager( 1631): 	at com.android.server.am.ActivityRecord.isInStackLocked(ActivityRecord.java:1327)
06-05 23:01:48.885 W/ActivityManager( 1631): 	at com.android.server.am.ActivityRecord.getStackLocked(ActivityRecord.java:1332)
06-05 23:01:48.885 W/ActivityManager( 1631): 	at com.android.server.am.ActivityManagerService.getActivityDisplayId(ActivityManagerService.java:9806)
06-05 23:01:48.885 W/ActivityManager( 1631): 	at android.app.ActivityManagerNative.onTransact(ActivityManagerNative.java:2566)
06-05 23:01:48.885 W/ActivityManager( 1631): 	at com.android.server.am.ActivityManagerService.onTransact(ActivityManagerService.java:2757)
06-05 23:01:48.885 W/ActivityManager( 1631): 	at android.os.Binder.execTransact(Binder.java:565)
06-05 23:01:48.886 W/ActivityManager( 1631): Bad activity token: android.os.BinderProxy@8fa84dc
06-05 23:01:48.886 W/ActivityManager( 1631): java.lang.ClassCastException: android.os.BinderProxy cannot be cast to com.android.server.am.ActivityRecord$Token
06-05 23:01:48.886 W/ActivityManager( 1631): 	at com.android.server.am.ActivityRecord.forTokenLocked(ActivityRecord.java:586)
06-05 23:01:48.886 W/ActivityManager( 1631): 	at com.android.server.am.ActivityRecord.isInStackLocked(ActivityRecord.java:1327)
06-05 23:01:48.886 W/ActivityManager( 1631): 	at com.android.server.am.ActivityManagerService.setTaskDescription(ActivityManagerService.java:9358)
06-05 23:01:48.886 W/ActivityManager( 1631): 	at android.app.ActivityManagerNative.onTransact(ActivityManagerNative.java:2639)
06-05 23:01:48.886 W/ActivityManager( 1631): 	at com.android.server.am.ActivityManagerService.onTransact(ActivityManagerService.java:2757)
06-05 23:01:48.886 W/ActivityManager( 1631): 	at android.os.Binder.execTransact(Binder.java:565)
06-05 23:01:48.887 W/ActivityManager( 1631): Bad activity token: android.os.BinderProxy@8fa84dc
06-05 23:01:48.887 W/ActivityManager( 1631): java.lang.ClassCastException: android.os.BinderProxy cannot be cast to com.android.server.am.ActivityRecord$Token
06-05 23:01:48.887 W/ActivityManager( 1631): 	at com.android.server.am.ActivityRecord.forTokenLocked(ActivityRecord.java:586)
06-05 23:01:48.887 W/ActivityManager( 1631): 	at com.android.server.am.ActivityRecord.isInStackLocked(ActivityRecord.java:1327)
06-05 23:01:48.887 W/ActivityManager( 1631): 	at com.android.server.am.ActivityRecord.getStackLocked(ActivityRecord.java:1332)
06-05 23:01:48.887 W/ActivityManager( 1631): 	at com.android.server.am.ActivityManagerService.getActivityStackId(ActivityManagerService.java:9817)
06-05 23:01:48.887 W/ActivityManager( 1631): 	at android.app.ActivityManagerNative.onTransact(ActivityManagerNative.java:2856)
06-05 23:01:48.887 W/ActivityManager( 1631): 	at com.android.server.am.ActivityManagerService.onTransact(ActivityManagerService.java:2757)
06-05 23:01:48.887 W/ActivityManager( 1631): 	at android.os.Binder.execTransact(Binder.java:565)
06-05 23:01:48.890 W/ActivityManager( 1631): Bad activity token: android.os.BinderProxy@8fa84dc
06-05 23:01:48.890 W/ActivityManager( 1631): java.lang.ClassCastException: android.os.BinderProxy cannot be cast to com.android.server.am.ActivityRecord$Token
06-05 23:01:48.890 W/ActivityManager( 1631): 	at com.android.server.am.ActivityRecord.forTokenLocked(ActivityRecord.java:586)
06-05 23:01:48.890 W/ActivityManager( 1631): 	at com.android.server.am.ActivityRecord.isInStackLocked(ActivityRecord.java:1327)
06-05 23:01:48.890 W/ActivityManager( 1631): 	at com.android.server.am.ActivityManagerService.getActivityOptions(ActivityManagerService.java:12559)
06-05 23:01:48.890 W/ActivityManager( 1631): 	at android.app.ActivityManagerNative.onTransact(ActivityManagerNative.java:1933)
06-05 23:01:48.890 W/ActivityManager( 1631): 	at com.android.server.am.ActivityManagerService.onTransact(ActivityManagerService.java:2757)
06-05 23:01:48.890 W/ActivityManager( 1631): 	at android.os.Binder.execTransact(Binder.java:565)
06-05 23:01:48.890 W/ActivityManager( 1631): Bad activity token: android.os.BinderProxy@8fa84dc
06-05 23:01:48.890 W/ActivityManager( 1631): java.lang.ClassCastException: android.os.BinderProxy cannot be cast to com.android.server.am.ActivityRecord$Token
06-05 23:01:48.890 W/ActivityManager( 1631): 	at com.android.server.am.ActivityRecord.forTokenLocked(ActivityRecord.java:586)
06-05 23:01:48.890 W/ActivityManager( 1631): 	at com.android.server.am.ActivityRecord.isInStackLocked(ActivityRecord.java:1327)
06-05 23:01:48.890 W/ActivityManager( 1631): 	at com.android.server.am.ActivityManagerService.getActivityOptions(ActivityManagerService.java:12559)
06-05 23:01:48.890 W/ActivityManager( 1631): 	at android.app.ActivityManagerNative.onTransact(ActivityManagerNative.java:1933)
06-05 23:01:48.890 W/ActivityManager( 1631): 	at com.android.server.am.ActivityManagerService.onTransact(ActivityManagerService.java:2757)
06-05 23:01:48.890 W/ActivityManager( 1631): 	at android.os.Binder.execTransact(Binder.java:565)
06-05 23:01:48.895 I/System.out(14634): URI: //map
06-05 23:01:48.895 I/System.out(14634): params: {json={"query":"* marked:'Javier Vehicle'","operation":{"method_name":"query","arguments":[]}}
06-05 23:01:48.895 I/System.out(14634): }
06-05 23:01:48.965 W/ResourceType(14634): No package identifier when getting name for resource number 0x00000001
06-05 23:01:49.167 V/PhoneStatusBar( 1712): setLightsOn(true)
06-05 23:01:49.168 V/PhoneStatusBar( 1712): setLightsOn(true)
06-05 23:01:49.183 I/WindowManager( 1631): Destroying surface Surface(name=com.android.launcher3/com.android.launcher3.Launcher) called by com.android.server.wm.WindowStateAnimator.destroySurface:2016 com.android.server.wm.WindowStateAnimator.destroySurfaceLocked:882 com.android.server.wm.WindowState.destroyOrSaveSurface:2100 com.android.server.wm.AppWindowToken.destroySurfaces:363 com.android.server.wm.AppWindowToken.notifyAppStopped:389 com.android.server.wm.WindowManagerService.notifyAppStopped:4463 com.android.server.am.ActivityStack.activityStoppedLocked:1252 com.android.server.am.ActivityManagerService.activityStopped:6903 
06-05 23:01:49.184 V/PhoneStatusBar( 1712): setLightsOn(true)
06-05 23:01:49.276 I/System.out(14634): URI: //map
06-05 23:01:49.276 I/System.out(14634): params: {json={"query":"* marked:'Javier Vehicle'","operation":{"method_name":"query","arguments":[]}}
06-05 23:01:49.276 I/System.out(14634): }
06-05 23:01:49.280 W/ResourceType(14634): No package identifier when getting name for resource number 0x00000001
06-05 23:01:49.589 I/System.out(14634): URI: //map
06-05 23:01:49.589 I/System.out(14634): params: {json={"query":"* marked:'Javier Vehicle'","operation":{"method_name":"query","arguments":[]}}
06-05 23:01:49.589 I/System.out(14634): }
06-05 23:01:49.594 W/ResourceType(14634): No package identifier when getting name for resource number 0x00000001
06-05 23:01:49.596 I/art     (14634): Do partial code cache collection, code=30KB, data=29KB
06-05 23:01:49.596 I/art     (14634): After code cache collection, code=30KB, data=29KB
06-05 23:01:49.596 I/art     (14634): Increasing code cache capacity to 128KB
06-05 23:01:49.905 I/System.out(14634): URI: //map
06-05 23:01:49.906 I/System.out(14634): params: {json={"query":"* marked:'Javier Vehicle'","operation":{"method_name":"query","arguments":[]}}
06-05 23:01:49.906 I/System.out(14634): }
06-05 23:01:49.923 W/ResourceType(14634): No package identifier when getting name for resource number 0x00000001
06-05 23:01:50.238 I/System.out(14634): URI: //map
06-05 23:01:50.238 I/System.out(14634): params: {json={"query":"* marked:'Javier Vehicle'","operation":{"method_name":"query","arguments":[]}}
06-05 23:01:50.238 I/System.out(14634): }
06-05 23:01:50.266 D/gralloc_ranchu( 1347): gralloc_alloc: Creating ashmem region of size 9023488
06-05 23:01:50.315 W/ResourceType(14634): No package identifier when getting name for resource number 0x00000001
06-05 23:01:50.624 I/System.out(14634): URI: //map
06-05 23:01:50.624 I/System.out(14634): params: {json={"query":"* marked:'Javier Vehicle'","operation":{"method_name":"query","arguments":[]}}
06-05 23:01:50.625 I/System.out(14634): }
06-05 23:01:50.632 W/ResourceType(14634): No package identifier when getting name for resource number 0x00000001
06-05 23:01:50.942 I/System.out(14634): URI: //map
06-05 23:01:50.942 I/System.out(14634): params: {json={"query":"* marked:'Javier Vehicle'","operation":{"method_name":"query","arguments":[]}}
06-05 23:01:50.942 I/System.out(14634): }
06-05 23:01:50.946 W/ResourceType(14634): No package identifier when getting name for resource number 0x00000001
06-05 23:01:51.254 I/System.out(14634): URI: //map
06-05 23:01:51.254 I/System.out(14634): params: {json={"query":"* marked:'Javier Vehicle'","operation":{"method_name":"query","arguments":[]}}
06-05 23:01:51.254 I/System.out(14634): }
06-05 23:01:51.263 W/ResourceType(14634): No package identifier when getting name for resource number 0x00000001
06-05 23:01:51.572 I/System.out(14634): URI: //map
06-05 23:01:51.572 I/System.out(14634): params: {json={"query":"* marked:'Javier Vehicle'","operation":{"method_name":"query","arguments":[]}}
06-05 23:01:51.572 I/System.out(14634): }
06-05 23:01:51.576 W/ResourceType(14634): No package identifier when getting name for resource number 0x00000001
06-05 23:01:51.887 I/System.out(14634): URI: //map
06-05 23:01:51.887 I/System.out(14634): params: {json={"query":"* marked:'Javier Vehicle'","operation":{"method_name":"query","arguments":[]}}
06-05 23:01:51.887 I/System.out(14634): }
06-05 23:01:51.893 W/ResourceType(14634): No package identifier when getting name for resource number 0x00000001
06-05 23:01:52.077 W/audio_hw_generic( 1394): Not supplying enough data to HAL, expected position 226497820 , only wrote 225162000
06-05 23:01:52.203 I/System.out(14634): URI: //map
06-05 23:01:52.203 I/System.out(14634): params: {json={"query":"* marked:'Javier Vehicle'","operation":{"method_name":"query","arguments":[]}}
06-05 23:01:52.203 I/System.out(14634): }
06-05 23:01:52.209 W/ResourceType(14634): No package identifier when getting name for resource number 0x00000001
06-05 23:01:52.516 I/System.out(14634): URI: //map
06-05 23:01:52.516 I/System.out(14634): params: {json={"query":"* marked:'Javier Vehicle'","operation":{"method_name":"query","arguments":[]}}
06-05 23:01:52.516 I/System.out(14634): }
06-05 23:01:52.520 W/ResourceType(14634): No package identifier when getting name for resource number 0x00000001
06-05 23:01:52.831 I/System.out(14634): URI: //map
06-05 23:01:52.831 I/System.out(14634): params: {json={"query":"* marked:'Javier Vehicle'","operation":{"method_name":"query","arguments":[]}}
06-05 23:01:52.831 I/System.out(14634): }
06-05 23:01:52.846 W/ResourceType(14634): No package identifier when getting name for resource number 0x00000001
06-05 23:01:53.167 I/System.out(14634): URI: //map
06-05 23:01:53.167 I/System.out(14634): params: {json={"query":"* marked:'Javier Vehicle'","operation":{"method_name":"query","arguments":[]}}
06-05 23:01:53.167 I/System.out(14634): }
06-05 23:01:53.171 W/ResourceType(14634): No package identifier when getting name for resource number 0x00000001
06-05 23:01:53.478 I/System.out(14634): URI: //map
06-05 23:01:53.478 I/System.out(14634): params: {json={"query":"* marked:'Javier Vehicle'","operation":{"method_name":"query","arguments":[]}}
06-05 23:01:53.478 I/System.out(14634): }
06-05 23:01:53.481 W/ResourceType(14634): No package identifier when getting name for resource number 0x00000001
06-05 23:01:53.789 I/System.out(14634): URI: //map
06-05 23:01:53.789 I/System.out(14634): params: {json={"query":"* marked:'Javier Vehicle'","operation":{"method_name":"query","arguments":[]}}
06-05 23:01:53.789 I/System.out(14634): }
06-05 23:01:53.793 W/ResourceType(14634): No package identifier when getting name for resource number 0x00000001
06-05 23:01:54.104 I/System.out(14634): URI: //map
06-05 23:01:54.104 I/System.out(14634): params: {json={"query":"* marked:'Javier Vehicle'","operation":{"method_name":"query","arguments":[]}}
06-05 23:01:54.104 I/System.out(14634): }
06-05 23:01:54.115 W/ResourceType(14634): No package identifier when getting name for resource number 0x00000001
06-05 23:01:54.428 I/System.out(14634): URI: //map
06-05 23:01:54.428 I/System.out(14634): params: {json={"query":"* marked:'Javier Vehicle'","operation":{"method_name":"query","arguments":[]}}
06-05 23:01:54.428 I/System.out(14634): }
06-05 23:01:54.442 W/ResourceType(14634): No package identifier when getting name for resource number 0x00000001
06-05 23:01:54.759 I/System.out(14634): URI: //map
06-05 23:01:54.759 I/System.out(14634): params: {json={"query":"* marked:'Javier Vehicle'","operation":{"method_name":"query","arguments":[]}}
06-05 23:01:54.759 I/System.out(14634): }
06-05 23:01:54.763 W/ResourceType(14634): No package identifier when getting name for resource number 0x00000001
06-05 23:01:55.070 I/System.out(14634): URI: //map
06-05 23:01:55.070 I/System.out(14634): params: {json={"query":"* marked:'Javier Vehicle'","operation":{"method_name":"query","arguments":[]}}
06-05 23:01:55.070 I/System.out(14634): }
06-05 23:01:55.075 W/ResourceType(14634): No package identifier when getting name for resource number 0x00000001
06-05 23:01:55.385 I/System.out(14634): URI: //map
06-05 23:01:55.385 I/System.out(14634): params: {json={"query":"* marked:'Javier Vehicle'","operation":{"method_name":"query","arguments":[]}}
06-05 23:01:55.385 I/System.out(14634): }
06-05 23:01:55.399 W/ResourceType(14634): No package identifier when getting name for resource number 0x00000001
06-05 23:01:55.423 I/art     (14634): Do partial code cache collection, code=58KB, data=62KB
06-05 23:01:55.423 I/art     (14634): After code cache collection, code=58KB, data=62KB
06-05 23:01:55.423 I/art     (14634): Increasing code cache capacity to 256KB
06-05 23:01:55.719 I/System.out(14634): URI: //map
06-05 23:01:55.719 I/System.out(14634): params: {json={"query":"* marked:'Javier Vehicle'","operation":{"method_name":"query","arguments":[]}}
06-05 23:01:55.719 I/System.out(14634): }
06-05 23:01:55.723 W/ResourceType(14634): No package identifier when getting name for resource number 0x00000001
06-05 23:01:56.030 I/System.out(14634): URI: //map
06-05 23:01:56.030 I/System.out(14634): params: {json={"query":"* marked:'Javier Vehicle'","operation":{"method_name":"query","arguments":[]}}
06-05 23:01:56.030 I/System.out(14634): }
06-05 23:01:56.033 W/ResourceType(14634): No package identifier when getting name for resource number 0x00000001
06-05 23:01:56.342 I/System.out(14634): URI: //map
06-05 23:01:56.342 I/System.out(14634): params: {json={"query":"* marked:'Javier Vehicle'","operation":{"method_name":"query","arguments":[]}}
06-05 23:01:56.342 I/System.out(14634): }
06-05 23:01:56.347 W/ResourceType(14634): No package identifier when getting name for resource number 0x00000001
06-05 23:01:56.374 I/art     (14634): Compiler allocated 7MB to compile sh.calaba.instrumentationbackend.actions.NanoHTTPD$Response sh.calaba.instrumentationbackend.actions.HttpServer.serve(java.lang.String, java.lang.String, java.util.Properties, java.util.Properties, java.util.Properties)
06-05 23:01:56.657 I/System.out(14634): URI: //map
06-05 23:01:56.657 I/System.out(14634): params: {json={"query":"* marked:'Javier Vehicle'","operation":{"method_name":"query","arguments":[]}}
06-05 23:01:56.657 I/System.out(14634): }
06-05 23:01:56.660 W/ResourceType(14634): No package identifier when getting name for resource number 0x00000001
06-05 23:01:56.967 I/System.out(14634): URI: //map
06-05 23:01:56.967 I/System.out(14634): params: {json={"query":"* marked:'Javier Vehicle'","operation":{"method_name":"query","arguments":[]}}
06-05 23:01:56.967 I/System.out(14634): }
06-05 23:01:56.971 W/ResourceType(14634): No package identifier when getting name for resource number 0x00000001
06-05 23:01:57.282 I/System.out(14634): URI: //map
06-05 23:01:57.282 I/System.out(14634): params: {json={"query":"* marked:'Javier Vehicle'","operation":{"method_name":"query","arguments":[]}}
06-05 23:01:57.282 I/System.out(14634): }
06-05 23:01:57.295 W/ResourceType(14634): No package identifier when getting name for resource number 0x00000001
06-05 23:01:57.619 I/System.out(14634): URI: //map
06-05 23:01:57.619 I/System.out(14634): params: {json={"query":"* marked:'Javier Vehicle'","operation":{"method_name":"query","arguments":[]}}
06-05 23:01:57.619 I/System.out(14634): }
06-05 23:01:57.636 W/ResourceType(14634): No package identifier when getting name for resource number 0x00000001
06-05 23:01:57.948 I/System.out(14634): URI: //map
06-05 23:01:57.948 I/System.out(14634): params: {json={"query":"* marked:'Javier Vehicle'","operation":{"method_name":"query","arguments":[]}}
06-05 23:01:57.948 I/System.out(14634): }
06-05 23:01:57.951 W/ResourceType(14634): No package identifier when getting name for resource number 0x00000001
06-05 23:01:58.258 I/System.out(14634): URI: //map
06-05 23:01:58.258 I/System.out(14634): params: {json={"query":"* marked:'Javier Vehicle'","operation":{"method_name":"query","arguments":[]}}
06-05 23:01:58.258 I/System.out(14634): }
06-05 23:01:58.262 W/ResourceType(14634): No package identifier when getting name for resource number 0x00000001
06-05 23:01:58.572 I/System.out(14634): URI: //map
06-05 23:01:58.572 I/System.out(14634): params: {json={"query":"* marked:'Javier Vehicle'","operation":{"method_name":"query","arguments":[]}}
06-05 23:01:58.572 I/System.out(14634): }
06-05 23:01:58.587 W/ResourceType(14634): No package identifier when getting name for resource number 0x00000001
06-05 23:01:58.907 I/System.out(14634): URI: //map
06-05 23:01:58.907 I/System.out(14634): params: {json={"query":"* marked:'Javier Vehicle'","operation":{"method_name":"query","arguments":[]}}
06-05 23:01:58.907 I/System.out(14634): }
06-05 23:01:58.914 W/ResourceType(14634): No package identifier when getting name for resource number 0x00000001
06-05 23:01:59.223 I/System.out(14634): URI: //map
06-05 23:01:59.223 I/System.out(14634): params: {json={"query":"* marked:'Javier Vehicle'","operation":{"method_name":"query","arguments":[]}}
06-05 23:01:59.223 I/System.out(14634): }
06-05 23:01:59.226 W/ResourceType(14634): No package identifier when getting name for resource number 0x00000001
06-05 23:01:59.539 I/System.out(14634): URI: //map
06-05 23:01:59.539 I/System.out(14634): params: {json={"query":"* marked:'Javier Vehicle'","operation":{"method_name":"query","arguments":[]}}
06-05 23:01:59.539 I/System.out(14634): }
06-05 23:01:59.552 W/ResourceType(14634): No package identifier when getting name for resource number 0x00000001
06-05 23:01:59.871 I/System.out(14634): URI: //map
06-05 23:01:59.871 I/System.out(14634): params: {json={"query":"* marked:'Javier Vehicle'","operation":{"method_name":"query","arguments":[]}}
06-05 23:01:59.871 I/System.out(14634): }
06-05 23:01:59.885 W/ResourceType(14634): No package identifier when getting name for resource number 0x00000001
06-05 23:02:00.197 I/System.out(14634): URI: //map
06-05 23:02:00.197 I/System.out(14634): params: {json={"query":"* marked:'Javier Vehicle'","operation":{"method_name":"query","arguments":[]}}
06-05 23:02:00.197 I/System.out(14634): }
06-05 23:02:00.202 W/ResourceType(14634): No package identifier when getting name for resource number 0x00000001
06-05 23:02:00.510 I/System.out(14634): URI: //map
06-05 23:02:00.510 I/System.out(14634): params: {json={"query":"* marked:'Javier Vehicle'","operation":{"method_name":"query","arguments":[]}}
06-05 23:02:00.510 I/System.out(14634): }
06-05 23:02:00.515 W/ResourceType(14634): No package identifier when getting name for resource number 0x00000001
06-05 23:02:00.821 I/System.out(14634): URI: //map
06-05 23:02:00.821 I/System.out(14634): params: {json={"query":"* marked:'Javier Vehicle'","operation":{"method_name":"query","arguments":[]}}
06-05 23:02:00.821 I/System.out(14634): }
06-05 23:02:00.826 W/ResourceType(14634): No package identifier when getting name for resource number 0x00000001
06-05 23:02:01.133 I/System.out(14634): URI: //map
06-05 23:02:01.133 I/System.out(14634): params: {json={"query":"* marked:'Javier Vehicle'","operation":{"method_name":"query","arguments":[]}}
06-05 23:02:01.133 I/System.out(14634): }
06-05 23:02:01.137 W/ResourceType(14634): No package identifier when getting name for resource number 0x00000001
06-05 23:02:01.444 I/System.out(14634): URI: //map
06-05 23:02:01.444 I/System.out(14634): params: {json={"query":"* marked:'Javier Vehicle'","operation":{"method_name":"query","arguments":[]}}
06-05 23:02:01.445 I/System.out(14634): }
06-05 23:02:01.448 W/ResourceType(14634): No package identifier when getting name for resource number 0x00000001
06-05 23:02:01.756 I/System.out(14634): URI: //map
06-05 23:02:01.756 I/System.out(14634): params: {json={"query":"* marked:'Javier Vehicle'","operation":{"method_name":"query","arguments":[]}}
06-05 23:02:01.756 I/System.out(14634): }
06-05 23:02:01.762 W/ResourceType(14634): No package identifier when getting name for resource number 0x00000001
06-05 23:02:02.070 I/System.out(14634): URI: //map
06-05 23:02:02.070 I/System.out(14634): params: {json={"query":"* marked:'Javier Vehicle'","operation":{"method_name":"query","arguments":[]}}
06-05 23:02:02.070 I/System.out(14634): }
06-05 23:02:02.074 W/ResourceType(14634): No package identifier when getting name for resource number 0x00000001
06-05 23:02:02.381 I/System.out(14634): URI: //map
06-05 23:02:02.381 I/System.out(14634): params: {json={"query":"* marked:'Javier Vehicle'","operation":{"method_name":"query","arguments":[]}}
06-05 23:02:02.381 I/System.out(14634): }
06-05 23:02:02.387 W/ResourceType(14634): No package identifier when getting name for resource number 0x00000001
06-05 23:02:02.698 I/System.out(14634): URI: //map
06-05 23:02:02.698 I/System.out(14634): params: {json={"query":"* marked:'Javier Vehicle'","operation":{"method_name":"query","arguments":[]}}
06-05 23:02:02.698 I/System.out(14634): }
06-05 23:02:02.701 W/ResourceType(14634): No package identifier when getting name for resource number 0x00000001
06-05 23:02:03.008 I/System.out(14634): URI: //map
06-05 23:02:03.008 I/System.out(14634): params: {json={"query":"* marked:'Javier Vehicle'","operation":{"method_name":"query","arguments":[]}}
06-05 23:02:03.008 I/System.out(14634): }
06-05 23:02:03.012 W/ResourceType(14634): No package identifier when getting name for resource number 0x00000001
06-05 23:02:03.318 I/System.out(14634): URI: //map
06-05 23:02:03.318 I/System.out(14634): params: {json={"query":"* marked:'Javier Vehicle'","operation":{"method_name":"query","arguments":[]}}
06-05 23:02:03.318 I/System.out(14634): }
06-05 23:02:03.323 W/ResourceType(14634): No package identifier when getting name for resource number 0x00000001
06-05 23:02:03.634 I/System.out(14634): URI: //map
06-05 23:02:03.634 I/System.out(14634): params: {json={"query":"* marked:'Javier Vehicle'","operation":{"method_name":"query","arguments":[]}}
06-05 23:02:03.634 I/System.out(14634): }
06-05 23:02:03.647 W/ResourceType(14634): No package identifier when getting name for resource number 0x00000001
06-05 23:02:03.963 I/System.out(14634): URI: //map
06-05 23:02:03.963 I/System.out(14634): params: {json={"query":"* marked:'Javier Vehicle'","operation":{"method_name":"query","arguments":[]}}
06-05 23:02:03.963 I/System.out(14634): }
06-05 23:02:03.978 W/ResourceType(14634): No package identifier when getting name for resource number 0x00000001
06-05 23:02:04.295 I/System.out(14634): URI: //map
06-05 23:02:04.295 I/System.out(14634): params: {json={"query":"* marked:'Javier Vehicle'","operation":{"method_name":"query","arguments":[]}}
06-05 23:02:04.295 I/System.out(14634): }
06-05 23:02:04.299 W/ResourceType(14634): No package identifier when getting name for resource number 0x00000001
06-05 23:02:04.607 I/System.out(14634): URI: //map
06-05 23:02:04.607 I/System.out(14634): params: {json={"query":"* marked:'Javier Vehicle'","operation":{"method_name":"query","arguments":[]}}
06-05 23:02:04.607 I/System.out(14634): }
06-05 23:02:04.617 W/ResourceType(14634): No package identifier when getting name for resource number 0x00000001
06-05 23:02:04.930 I/System.out(14634): URI: //map
06-05 23:02:04.930 I/System.out(14634): params: {json={"query":"* marked:'Javier Vehicle'","operation":{"method_name":"query","arguments":[]}}
06-05 23:02:04.930 I/System.out(14634): }
06-05 23:02:04.944 W/ResourceType(14634): No package identifier when getting name for resource number 0x00000001
06-05 23:02:05.266 I/System.out(14634): URI: //map
06-05 23:02:05.267 I/System.out(14634): params: {json={"query":"* marked:'Javier Vehicle'","operation":{"method_name":"query","arguments":[]}}
06-05 23:02:05.267 I/System.out(14634): }
06-05 23:02:05.282 W/ResourceType(14634): No package identifier when getting name for resource number 0x00000001
06-05 23:02:05.598 I/System.out(14634): URI: //map
06-05 23:02:05.598 I/System.out(14634): params: {json={"query":"* marked:'Javier Vehicle'","operation":{"method_name":"query","arguments":[]}}
06-05 23:02:05.598 I/System.out(14634): }
06-05 23:02:05.602 W/ResourceType(14634): No package identifier when getting name for resource number 0x00000001
06-05 23:02:05.910 I/System.out(14634): URI: //map
06-05 23:02:05.910 I/System.out(14634): params: {json={"query":"* marked:'Javier Vehicle'","operation":{"method_name":"query","arguments":[]}}
06-05 23:02:05.910 I/System.out(14634): }
06-05 23:02:05.917 W/ResourceType(14634): No package identifier when getting name for resource number 0x00000001
06-05 23:02:06.227 I/System.out(14634): URI: //map
06-05 23:02:06.227 I/System.out(14634): params: {json={"query":"* marked:'Javier Vehicle'","operation":{"method_name":"query","arguments":[]}}
06-05 23:02:06.227 I/System.out(14634): }
06-05 23:02:06.231 W/ResourceType(14634): No package identifier when getting name for resource number 0x00000001
06-05 23:02:06.538 I/System.out(14634): URI: //map
06-05 23:02:06.538 I/System.out(14634): params: {json={"query":"* marked:'Javier Vehicle'","operation":{"method_name":"query","arguments":[]}}
06-05 23:02:06.538 I/System.out(14634): }
06-05 23:02:06.543 W/ResourceType(14634): No package identifier when getting name for resource number 0x00000001
06-05 23:02:06.850 I/System.out(14634): URI: //map
06-05 23:02:06.850 I/System.out(14634): params: {json={"query":"* marked:'Javier Vehicle'","operation":{"method_name":"query","arguments":[]}}
06-05 23:02:06.850 I/System.out(14634): }
06-05 23:02:06.853 W/ResourceType(14634): No package identifier when getting name for resource number 0x00000001
06-05 23:02:07.160 I/System.out(14634): URI: //map
06-05 23:02:07.160 I/System.out(14634): params: {json={"query":"* marked:'Javier Vehicle'","operation":{"method_name":"query","arguments":[]}}
06-05 23:02:07.160 I/System.out(14634): }
06-05 23:02:07.165 W/ResourceType(14634): No package identifier when getting name for resource number 0x00000001
06-05 23:02:07.476 I/System.out(14634): URI: //map
06-05 23:02:07.476 I/System.out(14634): params: {json={"query":"* marked:'Javier Vehicle'","operation":{"method_name":"query","arguments":[]}}
06-05 23:02:07.476 I/System.out(14634): }
06-05 23:02:07.482 W/ResourceType(14634): No package identifier when getting name for resource number 0x00000001
06-05 23:02:07.795 I/System.out(14634): URI: //map
06-05 23:02:07.795 I/System.out(14634): params: {json={"query":"* marked:'Javier Vehicle'","operation":{"method_name":"query","arguments":[]}}
06-05 23:02:07.795 I/System.out(14634): }
06-05 23:02:07.813 W/ResourceType(14634): No package identifier when getting name for resource number 0x00000001
06-05 23:02:08.143 I/System.out(14634): URI: //map
06-05 23:02:08.143 I/System.out(14634): params: {json={"query":"* marked:'Javier Vehicle'","operation":{"method_name":"query","arguments":[]}}
06-05 23:02:08.143 I/System.out(14634): }
06-05 23:02:08.158 W/ResourceType(14634): No package identifier when getting name for resource number 0x00000001
06-05 23:02:08.480 I/System.out(14634): URI: //map
06-05 23:02:08.480 I/System.out(14634): params: {json={"query":"* marked:'Javier Vehicle'","operation":{"method_name":"query","arguments":[]}}
06-05 23:02:08.480 I/System.out(14634): }
06-05 23:02:08.484 W/ResourceType(14634): No package identifier when getting name for resource number 0x00000001
06-05 23:02:08.793 I/System.out(14634): URI: //map
06-05 23:02:08.793 I/System.out(14634): params: {json={"query":"* marked:'Javier Vehicle'","operation":{"method_name":"query","arguments":[]}}
