--------- beginning of main
06-06 00:59:30.750 V/PhoneStatusBar( 1712): setLightsOn(true)
06-06 00:59:30.752 D/gralloc_ranchu( 1347): gralloc_alloc: Creating ashmem region of size 3145728
06-06 00:59:30.756 E/EGL_emulation( 1347): tid 1347: eglCreateSyncKHR(1901): error 0x3004 (EGL_BAD_ATTRIBUTE)
--------- beginning of system
06-06 00:59:30.767 W/ActivityManager( 1631): Finishing task with all activities already finished
06-06 00:59:30.767 W/ActivityManager( 1631): Duplicate finish request for ActivityRecord{27072d9 u0 com.evancharlton.mileage/.Mileage t10849 f}
06-06 00:59:30.767 W/ActivityManager( 1631): Finishing task with all activities already finished
06-06 00:59:30.767 W/ActivityManager( 1631): Duplicate finish request for ActivityRecord{27072d9 u0 com.evancharlton.mileage/.Mileage t10849 f}
06-06 00:59:30.767 W/ActivityManager( 1631): Finishing task with all activities already finished
06-06 00:59:30.767 W/ActivityManager( 1631): Duplicate finish request for ActivityRecord{27072d9 u0 com.evancharlton.mileage/.Mileage t10849 f}
06-06 00:59:30.767 W/ActivityManager( 1631): Finishing task with all activities already finished
06-06 00:59:30.767 W/ActivityManager( 1631): Duplicate finish request for ActivityRecord{27072d9 u0 com.evancharlton.mileage/.Mileage t10849 f}
06-06 00:59:30.767 W/ActivityManager( 1631): Finishing task with all activities already finished
06-06 00:59:30.767 W/ActivityManager( 1631): Duplicate finish request for ActivityRecord{27072d9 u0 com.evancharlton.mileage/.Mileage t10849 f}
06-06 00:59:30.767 W/ActivityManager( 1631): Finishing task with all activities already finished
06-06 00:59:30.768 W/ActivityManager( 1631): Duplicate finish request for ActivityRecord{39c787b u0 com.evancharlton.mileage/.charts.MinimumPriceChart t10849 f}
06-06 00:59:30.768 W/ActivityManager( 1631): Finishing task with all activities already finished
06-06 00:59:30.768 W/ActivityManager( 1631): Duplicate finish request for ActivityRecord{39c787b u0 com.evancharlton.mileage/.charts.MinimumPriceChart t10849 f}
06-06 00:59:30.768 W/ActivityManager( 1631): Finishing task with all activities already finished
06-06 00:59:30.768 W/ActivityManager( 1631): Duplicate finish request for ActivityRecord{27072d9 u0 com.evancharlton.mileage/.Mileage t10849 f}
06-06 00:59:30.768 W/ActivityManager( 1631): Finishing task with all activities already finished
06-06 00:59:30.768 W/ActivityManager( 1631): Duplicate finish request for ActivityRecord{27072d9 u0 com.evancharlton.mileage/.Mileage t10849 f}
06-06 00:59:30.801 D/EGL_emulation( 2076): eglMakeCurrent: 0xb0685360: ver 2 0 (tinfo 0xb06836b0)
06-06 00:59:30.801 D/EGL_emulation( 1712): eglMakeCurrent: 0xb0685360: ver 2 0 (tinfo 0xb06836c0)
06-06 00:59:30.817 D/EGL_emulation( 1712): eglMakeCurrent: 0xb0685360: ver 2 0 (tinfo 0xb06836c0)
06-06 00:59:30.835 D/EGL_emulation( 1712): eglMakeCurrent: 0xb0685360: ver 2 0 (tinfo 0xb06836c0)
06-06 00:59:30.850 D/EGL_emulation( 1712): eglMakeCurrent: 0xb0685360: ver 2 0 (tinfo 0xb06836c0)
06-06 00:59:30.852 D/EGL_emulation( 1712): eglMakeCurrent: 0xb0685360: ver 2 0 (tinfo 0xb06836c0)
06-06 00:59:30.867 D/EGL_emulation( 1712): eglMakeCurrent: 0xb0685360: ver 2 0 (tinfo 0xb06836c0)
06-06 00:59:30.868 D/EGL_emulation( 1712): eglMakeCurrent: 0xb0685360: ver 2 0 (tinfo 0xb06836c0)
06-06 00:59:30.883 D/EGL_emulation( 1712): eglMakeCurrent: 0xb0685360: ver 2 0 (tinfo 0xb06836c0)
06-06 00:59:30.885 D/EGL_emulation( 1712): eglMakeCurrent: 0xb0685360: ver 2 0 (tinfo 0xb06836c0)
06-06 00:59:30.900 D/EGL_emulation( 1712): eglMakeCurrent: 0xb0685360: ver 2 0 (tinfo 0xb06836c0)
06-06 00:59:30.901 D/EGL_emulation( 1712): eglMakeCurrent: 0xb0685360: ver 2 0 (tinfo 0xb06836c0)
06-06 00:59:30.917 D/EGL_emulation( 1712): eglMakeCurrent: 0xb0685360: ver 2 0 (tinfo 0xb06836c0)
06-06 00:59:30.918 D/AndroidRuntime(23548): >>>>>> START com.android.internal.os.RuntimeInit uid 2000 <<<<<<
06-06 00:59:30.919 D/EGL_emulation( 1712): eglMakeCurrent: 0xb0685360: ver 2 0 (tinfo 0xb06836c0)
06-06 00:59:30.919 D/AndroidRuntime(23548): CheckJNI is ON
06-06 00:59:30.931 W/art     (23548): Unexpected CPU variant for X86 using defaults: x86
06-06 00:59:30.933 D/EGL_emulation( 1712): eglMakeCurrent: 0xb0685360: ver 2 0 (tinfo 0xb06836c0)
06-06 00:59:30.934 D/ICU     (23548): No timezone override file found: /data/misc/zoneinfo/current/icu/icu_tzdata.dat
06-06 00:59:30.935 D/EGL_emulation( 1712): eglMakeCurrent: 0xb0685360: ver 2 0 (tinfo 0xb06836c0)
06-06 00:59:30.942 E/memtrack(23548): Couldn't load memtrack module (No such file or directory)
06-06 00:59:30.942 E/android.os.Debug(23548): failed to load memtrack module: -2
06-06 00:59:30.942 I/Radio-JNI(23548): register_android_hardware_Radio DONE
06-06 00:59:30.947 D/AndroidRuntime(23548): Calling main entry com.android.commands.am.Am
06-06 00:59:30.948 I/ActivityManager( 1631): Force stopping com.evancharlton.mileage appid=10374 user=0: start instr
06-06 00:59:30.948 I/ActivityManager( 1631): Killing 23497:com.evancharlton.mileage/u0a374 (adj 0): stop com.evancharlton.mileage
06-06 00:59:30.948 D/ActivityManager( 1631): cleanUpApplicationRecord -- 23497
06-06 00:59:30.948 I/WindowManager( 1631): Destroying surface Surface(name=com.evancharlton.mileage/com.evancharlton.mileage.charts.MinimumPriceChart) called by com.android.server.wm.WindowStateAnimator.destroySurface:2016 com.android.server.wm.WindowStateAnimator.destroySurfaceLocked:882 com.android.server.wm.WindowState.removeLocked:1456 com.android.server.wm.WindowManagerService.removeWindowInnerLocked:2484 com.android.server.wm.WindowManagerService.removeWindowLocked:2442 com.android.server.wm.WindowManagerService.removeWindowLocked:2311 com.android.server.wm.AppWindowToken.removeAllWindows:530 com.android.server.wm.AppWindowToken.removeAppFromTaskLocked:326 
06-06 00:59:30.950 D/EGL_emulation( 1712): eglMakeCurrent: 0xb0685360: ver 2 0 (tinfo 0xb06836c0)
06-06 00:59:30.951 W/ActivityManager( 1631): Crash of app com.evancharlton.mileage running instrumentation ComponentInfo{com.evancharlton.mileage.test/sh.calaba.instrumentationbackend.CalabashInstrumentationTestRunner}
06-06 00:59:30.951 I/ActivityManager( 1631): Force stopping com.evancharlton.mileage appid=10374 user=0: finished inst
06-06 00:59:30.952 D/EGL_emulation( 1712): eglMakeCurrent: 0xb0685360: ver 2 0 (tinfo 0xb06836c0)
06-06 00:59:30.954 I/art     (23558): Not late-enabling -Xcheck:jni (already on)
06-06 00:59:30.954 W/art     (23558): Unexpected CPU variant for X86 using defaults: x86
06-06 00:59:30.962 I/ActivityManager( 1631): Start proc 23558:com.evancharlton.mileage/u0a374 for added application com.evancharlton.mileage
06-06 00:59:30.962 D/AndroidRuntime(23548): Shutting down VM
06-06 00:59:30.967 D/EGL_emulation( 1712): eglMakeCurrent: 0xb0685360: ver 2 0 (tinfo 0xb06836c0)
06-06 00:59:30.967 W/System  (23558): ClassLoader referenced unknown path: /data/app/com.evancharlton.mileage.test-1/lib/x86
06-06 00:59:30.967 W/System  (23558): ClassLoader referenced unknown path: /data/app/com.evancharlton.mileage-1/lib/x86
06-06 00:59:30.968 D/EGL_emulation( 1712): eglMakeCurrent: 0xb0685360: ver 2 0 (tinfo 0xb06836c0)
06-06 00:59:30.970 W/System  (23558): ClassLoader referenced unknown path: 
06-06 00:59:30.975 I/System.out(23558): Main activity name automatically set to: com.evancharlton.mileage.Mileage
06-06 00:59:30.976 I/System.out(23558): Calabash did not load Mono. This is only a problem if you are trying to test a Mono application
06-06 00:59:30.976 I/calabash(23558): Test server port: 7102
06-06 00:59:30.977 I/InstrumentationBackend(23558): Added:'GetPreferences', with key:'get_preferences'
06-06 00:59:30.981 I/InstrumentationBackend(23558): Added:'SetPreferences', with key:'set_preferences'
06-06 00:59:30.982 I/InstrumentationBackend(23558): Added:'ClearPreferences', with key:'clear_preferences'
06-06 00:59:30.982 I/InstrumentationBackend(23558): Added:'PressElement', with key:'press_l10n_element'
06-06 00:59:30.982 I/InstrumentationBackend(23558): Added:'WaitForElement', with key:'wait_for_l10n_element'
06-06 00:59:30.982 I/InstrumentationBackend(23558): Added:'NullAction', with key:'nullAction'
06-06 00:59:30.982 I/InstrumentationBackend(23558): Added:'PressKey', with key:'press_key'
06-06 00:59:30.982 I/InstrumentationBackend(23558): Added:'SetActivityOrientation', with key:'set_activity_orientation'
06-06 00:59:30.982 I/InstrumentationBackend(23558): Added:'GetActivityOrientation', with key:'get_activity_orientation'
06-06 00:59:30.982 I/InstrumentationBackend(23558): Added:'FakeGPSLocation', with key:'set_gps_coordinates'
06-06 00:59:30.982 I/InstrumentationBackend(23558): Added:'SetPropertyByCssSelector', with key:'set_property_by_css_selector'
06-06 00:59:30.982 I/InstrumentationBackend(23558): Added:'GetUrl', with key:'get_url'
06-06 00:59:30.982 I/InstrumentationBackend(23558): Added:'ScrollTo', with key:'scroll_to'
06-06 00:59:30.982 I/InstrumentationBackend(23558): Added:'GetLoadProgress', with key:'get_load_progress'
06-06 00:59:30.982 I/InstrumentationBackend(23558): Added:'DumpHtml', with key:'dump_html'
06-06 00:59:30.983 I/InstrumentationBackend(23558): Added:'DumpBodyHtml', with key:'dump_body_html'
06-06 00:59:30.983 I/InstrumentationBackend(23558): Added:'EnterTextByCssSelector', with key:'enter_text_by_selector'
06-06 00:59:30.983 D/EGL_emulation( 1712): eglMakeCurrent: 0xb0685360: ver 2 0 (tinfo 0xb06836c0)
06-06 00:59:30.983 I/InstrumentationBackend(23558): Added:'AndroidSDKVersion', with key:'android_sdk_version'
06-06 00:59:30.984 I/InstrumentationBackend(23558): Added:'Version', with key:'version'
06-06 00:59:30.984 I/InstrumentationBackend(23558): Added:'Drag', with key:'drag'
06-06 00:59:30.984 I/InstrumentationBackend(23558): Added:'TouchCoordinates', with key:'touch_coordinate'
06-06 00:59:30.984 I/InstrumentationBackend(23558): Added:'LongPressCoordinate', with key:'long_press_coordinate'
06-06 00:59:30.984 I/InstrumentationBackend(23558): Added:'DragCoordinates', with key:'drag_coordinates'
06-06 00:59:30.984 I/InstrumentationBackend(23558): Added:'ResumeApplication', with key:'resume_application'
06-06 00:59:30.984 I/InstrumentationBackend(23558): Added:'Swipe', with key:'swipe'
06-06 00:59:30.984 I/InstrumentationBackend(23558): Added:'DoubleTapCoordinate', with key:'double_tap_coordinate'
06-06 00:59:30.984 I/InstrumentationBackend(23558): Added:'ClickOnScreen', with key:'click_on_screen'
06-06 00:59:30.984 I/InstrumentationBackend(23558): Added:'GetActivityName', with key:'get_activity_name'
06-06 00:59:30.984 I/InstrumentationBackend(23558): Added:'ScrollToView', with key:'scroll_to_view'
06-06 00:59:30.984 I/InstrumentationBackend(23558): Added:'ViewConfiguration', with key:'view_configuration'
06-06 00:59:30.984 I/InstrumentationBackend(23558): Added:'IsCurrentActivityFocused', with key:'is_current_activity_focused'
06-06 00:59:30.984 I/InstrumentationBackend(23558): Added:'SendTcp', with key:'send_tcp'
06-06 00:59:30.984 I/InstrumentationBackend(23558): Added:'DpToDevicePixel', with key:'dp_to_device_pixel'
06-06 00:59:30.984 I/InstrumentationBackend(23558): Added:'KeyboardEnterText', with key:'keyboard_enter_text'
06-06 00:59:30.984 I/InstrumentationBackend(23558): Added:'DeleteSurroundingText', with key:'delete_surrounding_text'
06-06 00:59:30.984 I/InstrumentationBackend(23558): Added:'SetComposingRegion', with key:'set_composing_region'
06-06 00:59:30.984 I/InstrumentationBackend(23558): Added:'SetSelection', with key:'set_selection'
06-06 00:59:30.984 I/InstrumentationBackend(23558): Added:'KeyboardKeyEvent', with key:'keyboard_key_event'
06-06 00:59:30.985 I/InstrumentationBackend(23558): Added:'PressUserActionButton', with key:'press_user_action_button'
06-06 00:59:30.985 I/InstrumentationBackend(23558): Added:'HideSoftKeyboard', with key:'hide_soft_keyboard'
06-06 00:59:30.985 D/EGL_emulation( 1712): eglMakeCurrent: 0xb0685360: ver 2 0 (tinfo 0xb06836c0)
06-06 00:59:30.985 I/InstrumentationBackend(23558): Added:'ListActions', with key:'list_actions'
06-06 00:59:30.985 I/calabash(23558): Instantiating http server at 7102
06-06 00:59:30.985 I/System.out(23558): HTTP Daemon listening on: 7102
06-06 00:59:30.993 W/InputDispatcher( 1631): channel '2cfe368 com.evancharlton.mileage/com.evancharlton.mileage.Mileage (server)' ~ Consumer closed input channel or an error occurred.  events=0x9
06-06 00:59:30.993 E/InputDispatcher( 1631): channel '2cfe368 com.evancharlton.mileage/com.evancharlton.mileage.Mileage (server)' ~ Channel is unrecoverably broken and will be disposed!
06-06 00:59:30.993 I/WindowManager( 1631): WIN DEATH: Window{2cfe368 u0 com.evancharlton.mileage/com.evancharlton.mileage.Mileage EXITING}
06-06 00:59:30.993 W/InputDispatcher( 1631): Attempted to unregister already unregistered input channel '2cfe368 com.evancharlton.mileage/com.evancharlton.mileage.Mileage (server)'
06-06 00:59:31.009 D/EGL_emulation( 1712): eglMakeCurrent: 0xb0685360: ver 2 0 (tinfo 0xb06836c0)
06-06 00:59:31.013 D/EGL_emulation( 1712): eglMakeCurrent: 0xb0685360: ver 2 0 (tinfo 0xb06836c0)
06-06 00:59:31.017 D/EGL_emulation( 1712): eglMakeCurrent: 0xb0685360: ver 2 0 (tinfo 0xb06836c0)
06-06 00:59:31.033 D/EGL_emulation( 1712): eglMakeCurrent: 0xb0685360: ver 2 0 (tinfo 0xb06836c0)
06-06 00:59:31.034 D/EGL_emulation( 1712): eglMakeCurrent: 0xb0685360: ver 2 0 (tinfo 0xb06836c0)
06-06 00:59:31.076 I/System.out(23558): URI: //ping
06-06 00:59:31.076 I/System.out(23558): params: {json={}
06-06 00:59:31.076 I/System.out(23558): }
06-06 00:59:31.083 I/System.out(23558): URI: //ping
06-06 00:59:31.083 I/System.out(23558): params: {json={}
06-06 00:59:31.083 I/System.out(23558): }
06-06 00:59:31.090 I/System.out(23558): URI: //ready
06-06 00:59:31.090 I/System.out(23558): params: {json={}
06-06 00:59:31.090 I/System.out(23558): }
06-06 00:59:31.097 I/System.out(23558): URI: //
06-06 00:59:31.097 I/System.out(23558): params: {json={"command":"version","arguments":[]}
06-06 00:59:31.097 I/System.out(23558): }
06-06 00:59:31.097 I/System.out(23558): header: {content-type=application/json;charset=utf-8, date=Sat, 06 Jun 2020 05:59:31 GMT, accept=*/*, host=127.0.0.1:34777, content-length=36, user-agent=HTTPClient/1.0 (2.8.3, ruby 2.5.1 (2018-03-29))}
06-06 00:59:31.097 I/System.out(23558): params: {json={"command":"version","arguments":[]}
06-06 00:59:31.097 I/System.out(23558): }
06-06 00:59:31.097 I/System.out(23558): ProP json = {"command":"version","arguments":[]}
06-06 00:59:31.098 I/System.out(23558): files: {}
06-06 00:59:31.098 I/System.out(23558): command: {"command":"version","arguments":[]}
06-06 00:59:31.110 I/InstrumentationBackend(23558): Got command:'Command:'Line:null,version', arguments:'[]'
06-06 00:59:31.140 I/System.out(23558): result:{"bonusInformation":[],"message":"0.9.8","success":true}
06-06 00:59:31.147 I/System.out(23558): URI: //start-application
06-06 00:59:31.147 I/System.out(23558): params: {json={"intent":null}
06-06 00:59:31.147 I/System.out(23558): }
06-06 00:59:31.186 I/ActivityManager( 1631): START u0 {act=android.intent.action.MAIN cat=[android.intent.category.LAUNCHER] flg=0x10200000 cmp=com.evancharlton.mileage/.Mileage} from uid 10374 on display 0
06-06 00:59:31.205 I/calabash(23558): newActivity1
06-06 00:59:31.219 D/gralloc_ranchu( 1347): gralloc_alloc: Creating ashmem region of size 9023488
06-06 00:59:31.234 I/calabash(23558): newActivity1
06-06 00:59:31.238 W/ActivityManager( 1631): Bad activity token: android.os.BinderProxy@8dbd4a4
06-06 00:59:31.238 W/ActivityManager( 1631): java.lang.ClassCastException: android.os.BinderProxy cannot be cast to com.android.server.am.ActivityRecord$Token
06-06 00:59:31.238 W/ActivityManager( 1631): 	at com.android.server.am.ActivityRecord.forTokenLocked(ActivityRecord.java:586)
06-06 00:59:31.238 W/ActivityManager( 1631): 	at com.android.server.am.ActivityRecord.isInStackLocked(ActivityRecord.java:1327)
06-06 00:59:31.238 W/ActivityManager( 1631): 	at com.android.server.am.ActivityRecord.getStackLocked(ActivityRecord.java:1332)
06-06 00:59:31.238 W/ActivityManager( 1631): 	at com.android.server.am.ActivityManagerService.getActivityDisplayId(ActivityManagerService.java:9806)
06-06 00:59:31.238 W/ActivityManager( 1631): 	at android.app.ActivityManagerNative.onTransact(ActivityManagerNative.java:2566)
06-06 00:59:31.238 W/ActivityManager( 1631): 	at com.android.server.am.ActivityManagerService.onTransact(ActivityManagerService.java:2757)
06-06 00:59:31.238 W/ActivityManager( 1631): 	at android.os.Binder.execTransact(Binder.java:565)
06-06 00:59:31.241 W/ActivityManager( 1631): Bad activity token: android.os.BinderProxy@8dbd4a4
06-06 00:59:31.241 W/ActivityManager( 1631): java.lang.ClassCastException: android.os.BinderProxy cannot be cast to com.android.server.am.ActivityRecord$Token
06-06 00:59:31.241 W/ActivityManager( 1631): 	at com.android.server.am.ActivityRecord.forTokenLocked(ActivityRecord.java:586)
06-06 00:59:31.241 W/ActivityManager( 1631): 	at com.android.server.am.ActivityRecord.isInStackLocked(ActivityRecord.java:1327)
06-06 00:59:31.241 W/ActivityManager( 1631): 	at com.android.server.am.ActivityManagerService.setTaskDescription(ActivityManagerService.java:9358)
06-06 00:59:31.241 W/ActivityManager( 1631): 	at android.app.ActivityManagerNative.onTransact(ActivityManagerNative.java:2639)
06-06 00:59:31.241 W/ActivityManager( 1631): 	at com.android.server.am.ActivityManagerService.onTransact(ActivityManagerService.java:2757)
06-06 00:59:31.241 W/ActivityManager( 1631): 	at android.os.Binder.execTransact(Binder.java:565)
06-06 00:59:31.242 W/ActivityManager( 1631): Bad activity token: android.os.BinderProxy@8dbd4a4
06-06 00:59:31.242 W/ActivityManager( 1631): java.lang.ClassCastException: android.os.BinderProxy cannot be cast to com.android.server.am.ActivityRecord$Token
06-06 00:59:31.242 W/ActivityManager( 1631): 	at com.android.server.am.ActivityRecord.forTokenLocked(ActivityRecord.java:586)
06-06 00:59:31.242 W/ActivityManager( 1631): 	at com.android.server.am.ActivityRecord.isInStackLocked(ActivityRecord.java:1327)
06-06 00:59:31.242 W/ActivityManager( 1631): 	at com.android.server.am.ActivityRecord.getStackLocked(ActivityRecord.java:1332)
06-06 00:59:31.242 W/ActivityManager( 1631): 	at com.android.server.am.ActivityManagerService.getActivityStackId(ActivityManagerService.java:9817)
06-06 00:59:31.242 W/ActivityManager( 1631): 	at android.app.ActivityManagerNative.onTransact(ActivityManagerNative.java:2856)
06-06 00:59:31.242 W/ActivityManager( 1631): 	at com.android.server.am.ActivityManagerService.onTransact(ActivityManagerService.java:2757)
06-06 00:59:31.242 W/ActivityManager( 1631): 	at android.os.Binder.execTransact(Binder.java:565)
06-06 00:59:31.268 I/WindowManager( 1631): Destroying surface Surface(name=com.evancharlton.mileage/com.evancharlton.mileage.Mileage) called by com.android.server.wm.WindowStateAnimator.destroySurface:2016 com.android.server.wm.WindowStateAnimator.destroySurfaceLocked:882 com.android.server.wm.WindowState.removeLocked:1456 com.android.server.wm.WindowManagerService.removeWindowInnerLocked:2484 com.android.server.wm.AppWindowToken.destroySurfaces:365 com.android.server.wm.WindowStateAnimator.finishExit:565 com.android.server.wm.AppWindowAnimator.stepAnimationLocked:427 com.android.server.wm.WindowAnimator.updateAppWindowsLocked:196 
06-06 00:59:31.275 V/PhoneStatusBar( 1712): setLightsOn(true)
06-06 00:59:31.286 D/EGL_emulation( 2076): eglMakeCurrent: 0xb0685360: ver 2 0 (tinfo 0xb06836b0)
06-06 00:59:31.287 D/EGL_emulation( 1712): eglMakeCurrent: 0xb0685360: ver 2 0 (tinfo 0xb06836c0)
06-06 00:59:31.300 W/ActivityManager( 1631): Bad activity token: android.os.BinderProxy@8dbd4a4
06-06 00:59:31.300 W/ActivityManager( 1631): java.lang.ClassCastException: android.os.BinderProxy cannot be cast to com.android.server.am.ActivityRecord$Token
06-06 00:59:31.300 W/ActivityManager( 1631): 	at com.android.server.am.ActivityRecord.forTokenLocked(ActivityRecord.java:586)
06-06 00:59:31.300 W/ActivityManager( 1631): 	at com.android.server.am.ActivityRecord.isInStackLocked(ActivityRecord.java:1327)
06-06 00:59:31.300 W/ActivityManager( 1631): 	at com.android.server.am.ActivityManagerService.getActivityOptions(ActivityManagerService.java:12559)
06-06 00:59:31.300 W/ActivityManager( 1631): 	at android.app.ActivityManagerNative.onTransact(ActivityManagerNative.java:1933)
06-06 00:59:31.300 W/ActivityManager( 1631): 	at com.android.server.am.ActivityManagerService.onTransact(ActivityManagerService.java:2757)
06-06 00:59:31.300 W/ActivityManager( 1631): 	at android.os.Binder.execTransact(Binder.java:565)
06-06 00:59:31.301 W/ActivityManager( 1631): Bad activity token: android.os.BinderProxy@8dbd4a4
06-06 00:59:31.301 W/ActivityManager( 1631): java.lang.ClassCastException: android.os.BinderProxy cannot be cast to com.android.server.am.ActivityRecord$Token
06-06 00:59:31.301 W/ActivityManager( 1631): 	at com.android.server.am.ActivityRecord.forTokenLocked(ActivityRecord.java:586)
06-06 00:59:31.301 W/ActivityManager( 1631): 	at com.android.server.am.ActivityRecord.isInStackLocked(ActivityRecord.java:1327)
06-06 00:59:31.301 W/ActivityManager( 1631): 	at com.android.server.am.ActivityManagerService.getActivityOptions(ActivityManagerService.java:12559)
06-06 00:59:31.301 W/ActivityManager( 1631): 	at android.app.ActivityManagerNative.onTransact(ActivityManagerNative.java:1933)
06-06 00:59:31.301 W/ActivityManager( 1631): 	at com.android.server.am.ActivityManagerService.onTransact(ActivityManagerService.java:2757)
06-06 00:59:31.301 W/ActivityManager( 1631): 	at android.os.Binder.execTransact(Binder.java:565)
06-06 00:59:31.301 D/EGL_emulation( 1712): eglMakeCurrent: 0xb0685360: ver 2 0 (tinfo 0xb06836c0)
06-06 00:59:31.307 D/EGL_emulation( 1712): eglMakeCurrent: 0xb0685360: ver 2 0 (tinfo 0xb06836c0)
06-06 00:59:31.308 V/PhoneStatusBar( 1712): setLightsOn(true)
06-06 00:59:31.318 D/EGL_emulation( 1712): eglMakeCurrent: 0xb0685360: ver 2 0 (tinfo 0xb06836c0)
06-06 00:59:31.324 D/EGL_emulation( 1712): eglMakeCurrent: 0xb0685360: ver 2 0 (tinfo 0xb06836c0)
06-06 00:59:31.335 D/EGL_emulation( 1712): eglMakeCurrent: 0xb0685360: ver 2 0 (tinfo 0xb06836c0)
06-06 00:59:31.339 D/EGL_emulation( 1712): eglMakeCurrent: 0xb0685360: ver 2 0 (tinfo 0xb06836c0)
06-06 00:59:31.351 D/EGL_emulation( 1712): eglMakeCurrent: 0xb0685360: ver 2 0 (tinfo 0xb06836c0)
06-06 00:59:31.355 D/EGL_emulation( 1712): eglMakeCurrent: 0xb0685360: ver 2 0 (tinfo 0xb06836c0)
06-06 00:59:31.359 D/gralloc_ranchu( 1347): gralloc_alloc: Creating ashmem region of size 9023488
06-06 00:59:31.368 D/EGL_emulation( 1712): eglMakeCurrent: 0xb0685360: ver 2 0 (tinfo 0xb06836c0)
06-06 00:59:31.370 D/        (23558): HostConnection::get() New Host Connection established 0x9401a100, tid 23558
06-06 00:59:31.373 D/EGL_emulation( 1712): eglMakeCurrent: 0xb0685360: ver 2 0 (tinfo 0xb06836c0)
06-06 00:59:31.374 V/PhoneStatusBar( 1712): setLightsOn(true)
06-06 00:59:31.468 D/EGL_emulation( 1712): eglMakeCurrent: 0xb0685360: ver 2 0 (tinfo 0xb06836c0)
06-06 00:59:31.475 D/EGL_emulation( 1712): eglMakeCurrent: 0xb0685360: ver 2 0 (tinfo 0xb06836c0)
06-06 00:59:31.480 D/EGL_emulation( 1712): eglMakeCurrent: 0xb0685360: ver 2 0 (tinfo 0xb06836c0)
06-06 00:59:31.484 D/EGL_emulation( 1712): eglMakeCurrent: 0xb0685360: ver 2 0 (tinfo 0xb06836c0)
06-06 00:59:31.489 D/EGL_emulation( 1712): eglMakeCurrent: 0xb0685360: ver 2 0 (tinfo 0xb06836c0)
06-06 00:59:31.518 V/PhoneStatusBar( 1712): setLightsOn(true)
06-06 00:59:31.520 V/PhoneStatusBar( 1712): setLightsOn(true)
06-06 00:59:31.535 D/gralloc_ranchu( 1347): gralloc_alloc: Creating ashmem region of size 9023488
06-06 00:59:31.537 I/ActivityManager( 1631): Displayed com.evancharlton.mileage/.Mileage: +340ms
06-06 00:59:31.586 V/PhoneStatusBar( 1712): setLightsOn(true)
06-06 00:59:31.625 I/System.out(23558): URI: //map
06-06 00:59:31.625 I/System.out(23558): params: {json={"query":"* marked:'Statistics'","operation":{"method_name":"query","arguments":[]}}
06-06 00:59:31.625 I/System.out(23558): }
06-06 00:59:31.638 W/ResourceType(23558): No package identifier when getting name for resource number 0x00000001
06-06 00:59:31.651 I/System.out(23558): URI: //gesture
06-06 00:59:31.651 I/System.out(23558): params: {json={"query_timeout":5.0,"gestures":[{"query_string":"* marked:'Statistics'","touches":[{"x":50,"y":50,"offset_x":0,"offset_y":0,"wait":0.0,"time":0.2,"release":true,"query_string":null}]}]}
06-06 00:59:31.651 I/System.out(23558): }
06-06 00:59:31.655 W/ResourceType(23558): No package identifier when getting name for resource number 0x00000001
06-06 00:59:31.716 V/PhoneStatusBar( 1712): setLightsOn(true)
06-06 00:59:31.750 I/WindowManager( 1631): Destroying surface Surface(name=Starting com.evancharlton.mileage) called by com.android.server.wm.WindowStateAnimator.destroySurface:2016 com.android.server.wm.WindowStateAnimator.destroySurfaceLocked:882 com.android.server.wm.WindowState.destroyOrSaveSurface:2100 com.android.server.wm.AppWindowToken.destroySurfaces:363 com.android.server.wm.WindowStateAnimator.finishExit:565 com.android.server.wm.WindowStateAnimator.stepAnimationLocked:491 com.android.server.wm.WindowAnimator.updateWindowsLocked:303 com.android.server.wm.WindowAnimator.animateLocked:704 
06-06 00:59:31.751 V/PhoneStatusBar( 1712): setLightsOn(true)
06-06 00:59:31.784 V/PhoneStatusBar( 1712): setLightsOn(true)
06-06 00:59:31.886 I/calabash(23558): newActivity1
06-06 00:59:31.900 I/System.out(23558): URI: //map
06-06 00:59:31.900 I/System.out(23558): params: {json={"query":"android.widget.ScrollView index:0","operation":{"method_name":"query","arguments":[]}}
06-06 00:59:31.900 I/System.out(23558): }
06-06 00:59:31.907 W/ActivityManager( 1631): Bad activity token: android.os.BinderProxy@5be5372
06-06 00:59:31.907 W/ActivityManager( 1631): java.lang.ClassCastException: android.os.BinderProxy cannot be cast to com.android.server.am.ActivityRecord$Token
06-06 00:59:31.907 W/ActivityManager( 1631): 	at com.android.server.am.ActivityRecord.forTokenLocked(ActivityRecord.java:586)
06-06 00:59:31.907 W/ActivityManager( 1631): 	at com.android.server.am.ActivityRecord.isInStackLocked(ActivityRecord.java:1327)
06-06 00:59:31.907 W/ActivityManager( 1631): 	at com.android.server.am.ActivityRecord.getStackLocked(ActivityRecord.java:1332)
06-06 00:59:31.907 W/ActivityManager( 1631): 	at com.android.server.am.ActivityManagerService.getActivityDisplayId(ActivityManagerService.java:9806)
06-06 00:59:31.907 W/ActivityManager( 1631): 	at android.app.ActivityManagerNative.onTransact(ActivityManagerNative.java:2566)
06-06 00:59:31.907 W/ActivityManager( 1631): 	at com.android.server.am.ActivityManagerService.onTransact(ActivityManagerService.java:2757)
06-06 00:59:31.907 W/ActivityManager( 1631): 	at android.os.Binder.execTransact(Binder.java:565)
06-06 00:59:31.908 W/ActivityManager( 1631): Bad activity token: android.os.BinderProxy@5be5372
06-06 00:59:31.908 W/ActivityManager( 1631): java.lang.ClassCastException: android.os.BinderProxy cannot be cast to com.android.server.am.ActivityRecord$Token
06-06 00:59:31.908 W/ActivityManager( 1631): 	at com.android.server.am.ActivityRecord.forTokenLocked(ActivityRecord.java:586)
06-06 00:59:31.908 W/ActivityManager( 1631): 	at com.android.server.am.ActivityRecord.isInStackLocked(ActivityRecord.java:1327)
06-06 00:59:31.908 W/ActivityManager( 1631): 	at com.android.server.am.ActivityManagerService.setTaskDescription(ActivityManagerService.java:9358)
06-06 00:59:31.908 W/ActivityManager( 1631): 	at android.app.ActivityManagerNative.onTransact(ActivityManagerNative.java:2639)
06-06 00:59:31.908 W/ActivityManager( 1631): 	at com.android.server.am.ActivityManagerService.onTransact(ActivityManagerService.java:2757)
06-06 00:59:31.908 W/ActivityManager( 1631): 	at android.os.Binder.execTransact(Binder.java:565)
06-06 00:59:31.908 W/ActivityManager( 1631): Bad activity token: android.os.BinderProxy@5be5372
06-06 00:59:31.908 W/ActivityManager( 1631): java.lang.ClassCastException: android.os.BinderProxy cannot be cast to com.android.server.am.ActivityRecord$Token
06-06 00:59:31.908 W/ActivityManager( 1631): 	at com.android.server.am.ActivityRecord.forTokenLocked(ActivityRecord.java:586)
06-06 00:59:31.908 W/ActivityManager( 1631): 	at com.android.server.am.ActivityRecord.isInStackLocked(ActivityRecord.java:1327)
06-06 00:59:31.908 W/ActivityManager( 1631): 	at com.android.server.am.ActivityRecord.getStackLocked(ActivityRecord.java:1332)
06-06 00:59:31.908 W/ActivityManager( 1631): 	at com.android.server.am.ActivityManagerService.getActivityStackId(ActivityManagerService.java:9817)
06-06 00:59:31.908 W/ActivityManager( 1631): 	at android.app.ActivityManagerNative.onTransact(ActivityManagerNative.java:2856)
06-06 00:59:31.908 W/ActivityManager( 1631): 	at com.android.server.am.ActivityManagerService.onTransact(ActivityManagerService.java:2757)
06-06 00:59:31.908 W/ActivityManager( 1631): 	at android.os.Binder.execTransact(Binder.java:565)
06-06 00:59:31.915 D/VehicleStatisticsActivity(23558): Checking recalculation ...
06-06 00:59:31.916 D/VehicleStatisticsActivity(23558): Recalculation not necessary.
06-06 00:59:31.933 W/ActivityManager( 1631): Bad activity token: android.os.BinderProxy@5be5372
06-06 00:59:31.933 W/ActivityManager( 1631): java.lang.ClassCastException: android.os.BinderProxy cannot be cast to com.android.server.am.ActivityRecord$Token
06-06 00:59:31.933 W/ActivityManager( 1631): 	at com.android.server.am.ActivityRecord.forTokenLocked(ActivityRecord.java:586)
06-06 00:59:31.933 W/ActivityManager( 1631): 	at com.android.server.am.ActivityRecord.isInStackLocked(ActivityRecord.java:1327)
06-06 00:59:31.933 W/ActivityManager( 1631): 	at com.android.server.am.ActivityManagerService.getActivityOptions(ActivityManagerService.java:12559)
06-06 00:59:31.933 W/ActivityManager( 1631): 	at android.app.ActivityManagerNative.onTransact(ActivityManagerNative.java:1933)
06-06 00:59:31.933 W/ActivityManager( 1631): 	at com.android.server.am.ActivityManagerService.onTransact(ActivityManagerService.java:2757)
06-06 00:59:31.933 W/ActivityManager( 1631): 	at android.os.Binder.execTransact(Binder.java:565)
06-06 00:59:31.934 W/ActivityManager( 1631): Bad activity token: android.os.BinderProxy@5be5372
06-06 00:59:31.934 W/ActivityManager( 1631): java.lang.ClassCastException: android.os.BinderProxy cannot be cast to com.android.server.am.ActivityRecord$Token
06-06 00:59:31.934 W/ActivityManager( 1631): 	at com.android.server.am.ActivityRecord.forTokenLocked(ActivityRecord.java:586)
06-06 00:59:31.934 W/ActivityManager( 1631): 	at com.android.server.am.ActivityRecord.isInStackLocked(ActivityRecord.java:1327)
06-06 00:59:31.934 W/ActivityManager( 1631): 	at com.android.server.am.ActivityManagerService.getActivityOptions(ActivityManagerService.java:12559)
06-06 00:59:31.934 W/ActivityManager( 1631): 	at android.app.ActivityManagerNative.onTransact(ActivityManagerNative.java:1933)
06-06 00:59:31.934 W/ActivityManager( 1631): 	at com.android.server.am.ActivityManagerService.onTransact(ActivityManagerService.java:2757)
06-06 00:59:31.934 W/ActivityManager( 1631): 	at android.os.Binder.execTransact(Binder.java:565)
06-06 00:59:31.935 D/VehicleStatisticsActivity(23558): Checking recalculation ...
06-06 00:59:31.936 D/VehicleStatisticsActivity(23558): Recalculation not necessary.
06-06 00:59:32.021 I/System.out(23558): URI: //map
06-06 00:59:32.021 I/System.out(23558): params: {json={"query":"android.widget.AbsListView index:0","operation":{"method_name":"query","arguments":[]}}
06-06 00:59:32.021 I/System.out(23558): }
06-06 00:59:32.025 I/art     (23558): Do partial code cache collection, code=30KB, data=29KB
06-06 00:59:32.025 I/art     (23558): After code cache collection, code=29KB, data=28KB
06-06 00:59:32.025 I/art     (23558): Increasing code cache capacity to 128KB
06-06 00:59:32.033 V/PhoneStatusBar( 1712): setLightsOn(true)
06-06 00:59:32.033 W/OpenGLRenderer( 2076): Incorrectly called buildLayer on View: ShortcutAndWidgetContainer, destroying layer...
06-06 00:59:32.034 V/PhoneStatusBar( 1712): setLightsOn(true)
06-06 00:59:32.036 I/System.out(23558): URI: //map
06-06 00:59:32.036 I/System.out(23558): params: {json={"query":"android.widget.AbsListView index:0","operation":{"method_name":"query","arguments":[]}}
06-06 00:59:32.036 I/System.out(23558): }
06-06 00:59:32.050 I/WindowManager( 1631): Destroying surface Surface(name=com.android.launcher3/com.android.launcher3.Launcher) called by com.android.server.wm.WindowStateAnimator.destroySurface:2016 com.android.server.wm.WindowStateAnimator.destroySurfaceLocked:882 com.android.server.wm.WindowState.destroyOrSaveSurface:2100 com.android.server.wm.AppWindowToken.destroySurfaces:363 com.android.server.wm.AppWindowToken.notifyAppStopped:389 com.android.server.wm.WindowManagerService.notifyAppStopped:4463 com.android.server.am.ActivityStack.activityStoppedLocked:1252 com.android.server.am.ActivityManagerService.activityStopped:6903 
06-06 00:59:32.051 V/PhoneStatusBar( 1712): setLightsOn(true)
06-06 00:59:32.051 I/System.out(23558): URI: //map
06-06 00:59:32.051 I/System.out(23558): params: {json={"query":"android.widget.AbsListView index:0","operation":{"method_name":"query","arguments":[]}}
06-06 00:59:32.051 I/System.out(23558): }
06-06 00:59:32.064 I/System.out(23558): URI: //map
06-06 00:59:32.064 I/System.out(23558): params: {json={"query":"android.widget.AbsListView index:0","operation":{"method_name":"query","arguments":["getFirstVisiblePosition"]}}
06-06 00:59:32.064 I/System.out(23558): }
06-06 00:59:32.075 I/System.out(23558): URI: //map
06-06 00:59:32.075 I/System.out(23558): params: {json={"query":"android.widget.AbsListView index:0","operation":{"method_name":"query","arguments":["getLastVisiblePosition"]}}
06-06 00:59:32.075 I/System.out(23558): }
06-06 00:59:32.086 I/System.out(23558): URI: //map
06-06 00:59:32.086 I/System.out(23558): params: {json={"query":"android.widget.AbsListView index:0","operation":{"method_name":"query","arguments":[{"method_name":"setSelection","arguments":[26]}]}}
06-06 00:59:32.086 I/System.out(23558): }
06-06 00:59:32.102 I/System.out(23558): URI: //map
06-06 00:59:32.102 I/System.out(23558): params: {json={"query":"* marked:'Maximum price'","operation":{"method_name":"query","arguments":[]}}
06-06 00:59:32.102 I/System.out(23558): }
06-06 00:59:32.139 D/gralloc_ranchu( 1347): gralloc_alloc: Creating ashmem region of size 9023488
06-06 00:59:32.188 W/ResourceType(23558): No package identifier when getting name for resource number 0x00000001
06-06 00:59:32.200 I/System.out(23558): URI: //gesture
06-06 00:59:32.200 I/System.out(23558): params: {json={"query_timeout":5.0,"gestures":[{"query_string":"* marked:'Maximum price'","touches":[{"x":50,"y":50,"offset_x":0,"offset_y":0,"wait":0.0,"time":0.2,"release":true,"query_string":null}]}]}
06-06 00:59:32.200 I/System.out(23558): }
06-06 00:59:32.203 W/ResourceType(23558): No package identifier when getting name for resource number 0x00000001
06-06 00:59:32.434 I/ActivityManager( 1631): START u0 {cmp=com.evancharlton.mileage/.charts.MaximumPriceChart (has extras)} from uid 10374 on display 0
06-06 00:59:32.436 V/PhoneStatusBar( 1712): setLightsOn(true)
06-06 00:59:32.437 V/PhoneStatusBar( 1712): setLightsOn(true)
06-06 00:59:32.452 I/System.out(23558): URI: //map
06-06 00:59:32.452 I/System.out(23558): params: {json={"query":"* {text CONTAINS[c] 'Most expensive fuel'}","operation":{"method_name":"query","arguments":[]}}
06-06 00:59:32.452 I/System.out(23558): }
06-06 00:59:32.503 I/calabash(23558): newActivity1
06-06 00:59:32.510 W/aiCharts(23558): License file is invalid or missing. 
06-06 00:59:32.510 W/aiCharts(23558): Please place proper license.lic to /assets folder.
06-06 00:59:32.527 V/PhoneStatusBar( 1712): setLightsOn(true)
06-06 00:59:32.550 V/PhoneStatusBar( 1712): setLightsOn(true)
06-06 00:59:32.554 I/WindowManager( 1631): Destroying surface Surface(name=Creating chart…) called by com.android.server.wm.WindowStateAnimator.destroySurface:2016 com.android.server.wm.WindowStateAnimator.destroySurfaceLocked:882 com.android.server.wm.WindowState.removeLocked:1456 com.android.server.wm.WindowManagerService.removeWindowInnerLocked:2484 com.android.server.wm.WindowManagerService.removeWindowLocked:2442 com.android.server.wm.WindowManagerService.removeWindowLocked:2311 com.android.server.wm.WindowManagerService.removeWindow:2306 com.android.server.wm.Session.remove:202 
06-06 00:59:32.556 D/gralloc_ranchu( 1347): gralloc_alloc: Creating ashmem region of size 9023488
06-06 00:59:32.566 V/PhoneStatusBar( 1712): setLightsOn(true)
06-06 00:59:32.581 I/ActivityManager( 1631): Displayed com.evancharlton.mileage/.charts.MaximumPriceChart: +85ms
06-06 00:59:32.583 V/PhoneStatusBar( 1712): setLightsOn(true)
06-06 00:59:32.616 V/PhoneStatusBar( 1712): setLightsOn(true)
06-06 00:59:32.633 V/PhoneStatusBar( 1712): setLightsOn(true)
06-06 00:59:32.820 V/PhoneStatusBar( 1712): setLightsOn(true)
06-06 00:59:32.842 I/System.out(23558): URI: //map
06-06 00:59:32.842 I/System.out(23558): params: {json={"query":"* {text CONTAINS[c] 'Most expensive fuel'}","operation":{"method_name":"query","arguments":[]}}
06-06 00:59:32.842 I/System.out(23558): }
06-06 00:59:32.862 I/System.out(23558): URI: //
06-06 00:59:32.862 I/System.out(23558): params: {json={"command":"press_key","arguments":["KEYCODE_BACK"]}
06-06 00:59:32.862 I/System.out(23558): }
06-06 00:59:32.862 I/System.out(23558): header: {content-type=application/json;charset=utf-8, date=Sat, 06 Jun 2020 05:59:33 GMT, accept=*/*, host=127.0.0.1:34777, content-length=52, user-agent=HTTPClient/1.0 (2.8.3, ruby 2.5.1 (2018-03-29))}
06-06 00:59:32.862 I/System.out(23558): params: {json={"command":"press_key","arguments":["KEYCODE_BACK"]}
06-06 00:59:32.862 I/System.out(23558): }
06-06 00:59:32.862 I/System.out(23558): ProP json = {"command":"press_key","arguments":["KEYCODE_BACK"]}
06-06 00:59:32.862 I/System.out(23558): files: {}
06-06 00:59:32.862 I/System.out(23558): command: {"command":"press_key","arguments":["KEYCODE_BACK"]}
06-06 00:59:32.863 I/InstrumentationBackend(23558): Got command:'Command:'Line:null,press_key', arguments:'[KEYCODE_BACK]'
06-06 00:59:32.867 V/PhoneStatusBar( 1712): setLightsOn(true)
06-06 00:59:32.869 V/PhoneStatusBar( 1712): setLightsOn(true)
06-06 00:59:32.872 I/art     (23558): Do partial code cache collection, code=60KB, data=62KB
06-06 00:59:32.872 D/VehicleStatisticsActivity(23558): Checking recalculation ...
06-06 00:59:32.872 I/art     (23558): After code cache collection, code=59KB, data=61KB
06-06 00:59:32.872 I/art     (23558): Increasing code cache capacity to 256KB
06-06 00:59:32.873 D/VehicleStatisticsActivity(23558): Recalculation not necessary.
06-06 00:59:32.873 I/System.out(23558): result:{"bonusInformation":[],"message":"","success":true}
06-06 00:59:32.875 I/System.out(23558): URI: //map
06-06 00:59:32.875 I/System.out(23558): params: {json={"query":"* {text CONTAINS[c] 'Statistics'}","operation":{"method_name":"query","arguments":[]}}
06-06 00:59:32.875 I/System.out(23558): }
06-06 00:59:32.883 V/PhoneStatusBar( 1712): setLightsOn(true)
06-06 00:59:32.899 D/gralloc_ranchu( 1347): gralloc_alloc: Creating ashmem region of size 9023488
06-06 00:59:32.900 V/PhoneStatusBar( 1712): setLightsOn(true)
06-06 00:59:32.917 V/PhoneStatusBar( 1712): setLightsOn(true)
06-06 00:59:32.933 V/PhoneStatusBar( 1712): setLightsOn(true)
