--------- beginning of main
06-05 12:37:36.030 D/EGL_emulation( 1792): eglMakeCurrent: 0x992abea0: ver 2 0 (tinfo 0xa5a6f110)
06-05 12:37:36.032 D/EGL_emulation( 2389): eglMakeCurrent: 0xb1284ec0: ver 2 0 (tinfo 0x98c170c0)
06-05 12:37:36.032 W/OpenGLRenderer( 2389): Incorrectly called buildLayer on View: ShortcutAndWidgetContainer, destroying layer...
06-05 12:37:36.032 D/EGL_emulation( 1792): eglMakeCurrent: 0x992abea0: ver 2 0 (tinfo 0xa5a6f110)
06-05 12:37:36.046 D/EGL_emulation( 1792): eglMakeCurrent: 0x992abea0: ver 2 0 (tinfo 0xa5a6f110)
06-05 12:37:36.049 D/EGL_emulation( 1792): eglMakeCurrent: 0x992abea0: ver 2 0 (tinfo 0xa5a6f110)
06-05 12:37:36.063 D/EGL_emulation( 1792): eglMakeCurrent: 0x992abea0: ver 2 0 (tinfo 0xa5a6f110)
06-05 12:37:36.064 D/EGL_emulation( 1792): eglMakeCurrent: 0x992abea0: ver 2 0 (tinfo 0xa5a6f110)
06-05 12:37:36.080 D/EGL_emulation( 1792): eglMakeCurrent: 0x992abea0: ver 2 0 (tinfo 0xa5a6f110)
06-05 12:37:36.081 D/EGL_emulation( 1792): eglMakeCurrent: 0x992abea0: ver 2 0 (tinfo 0xa5a6f110)
06-05 12:37:36.096 D/EGL_emulation( 1792): eglMakeCurrent: 0x992abea0: ver 2 0 (tinfo 0xa5a6f110)
06-05 12:37:36.098 D/EGL_emulation( 1792): eglMakeCurrent: 0x992abea0: ver 2 0 (tinfo 0xa5a6f110)
06-05 12:37:36.113 D/EGL_emulation( 1792): eglMakeCurrent: 0x992abea0: ver 2 0 (tinfo 0xa5a6f110)
06-05 12:37:36.114 D/EGL_emulation( 1792): eglMakeCurrent: 0x992abea0: ver 2 0 (tinfo 0xa5a6f110)
06-05 12:37:36.130 D/EGL_emulation( 1792): eglMakeCurrent: 0x992abea0: ver 2 0 (tinfo 0xa5a6f110)
06-05 12:37:36.131 D/EGL_emulation( 1792): eglMakeCurrent: 0x992abea0: ver 2 0 (tinfo 0xa5a6f110)
06-05 12:37:36.146 D/EGL_emulation( 1792): eglMakeCurrent: 0x992abea0: ver 2 0 (tinfo 0xa5a6f110)
06-05 12:37:36.148 D/EGL_emulation( 1792): eglMakeCurrent: 0x992abea0: ver 2 0 (tinfo 0xa5a6f110)
06-05 12:37:36.161 D/AndroidRuntime(15077): >>>>>> START com.android.internal.os.RuntimeInit uid 2000 <<<<<<
06-05 12:37:36.162 D/AndroidRuntime(15077): CheckJNI is ON
06-05 12:37:36.163 D/EGL_emulation( 1792): eglMakeCurrent: 0x992abea0: ver 2 0 (tinfo 0xa5a6f110)
06-05 12:37:36.165 D/EGL_emulation( 1792): eglMakeCurrent: 0x992abea0: ver 2 0 (tinfo 0xa5a6f110)
06-05 12:37:36.172 W/art     (15077): Unexpected CPU variant for X86 using defaults: x86
06-05 12:37:36.174 D/ICU     (15077): No timezone override file found: /data/misc/zoneinfo/current/icu/icu_tzdata.dat
06-05 12:37:36.180 D/EGL_emulation( 1792): eglMakeCurrent: 0x992abea0: ver 2 0 (tinfo 0xa5a6f110)
06-05 12:37:36.181 E/memtrack(15077): Couldn't load memtrack module (No such file or directory)
06-05 12:37:36.181 E/android.os.Debug(15077): failed to load memtrack module: -2
06-05 12:37:36.181 I/Radio-JNI(15077): register_android_hardware_Radio DONE
06-05 12:37:36.181 D/EGL_emulation( 1792): eglMakeCurrent: 0x992abea0: ver 2 0 (tinfo 0xa5a6f110)
06-05 12:37:36.185 D/AndroidRuntime(15077): Calling main entry com.android.commands.am.Am
--------- beginning of system
06-05 12:37:36.186 I/ActivityManager( 1659): Force stopping com.evancharlton.mileage appid=10082 user=0: start instr
06-05 12:37:36.188 I/art     (15087): Not late-enabling -Xcheck:jni (already on)
06-05 12:37:36.189 W/art     (15087): Unexpected CPU variant for X86 using defaults: x86
06-05 12:37:36.196 I/ActivityManager( 1659): Start proc 15087:com.evancharlton.mileage/u0a82 for added application com.evancharlton.mileage
06-05 12:37:36.197 D/AndroidRuntime(15077): Shutting down VM
06-05 12:37:36.197 D/EGL_emulation( 1792): eglMakeCurrent: 0x992abea0: ver 2 0 (tinfo 0xa5a6f110)
06-05 12:37:36.201 W/System  (15087): ClassLoader referenced unknown path: /data/app/com.evancharlton.mileage.test-1/lib/x86
06-05 12:37:36.201 W/System  (15087): ClassLoader referenced unknown path: /data/app/com.evancharlton.mileage-1/lib/x86
06-05 12:37:36.203 W/System  (15087): ClassLoader referenced unknown path: 
06-05 12:37:36.206 I/System.out(15087): Main activity name automatically set to: com.evancharlton.mileage.Mileage
06-05 12:37:36.206 I/System.out(15087): Calabash did not load Mono. This is only a problem if you are trying to test a Mono application
06-05 12:37:36.207 I/calabash(15087): Test server port: 7102
06-05 12:37:36.207 I/InstrumentationBackend(15087): Added:'GetPreferences', with key:'get_preferences'
06-05 12:37:36.210 I/InstrumentationBackend(15087): Added:'SetPreferences', with key:'set_preferences'
06-05 12:37:36.211 I/InstrumentationBackend(15087): Added:'ClearPreferences', with key:'clear_preferences'
06-05 12:37:36.211 I/InstrumentationBackend(15087): Added:'PressElement', with key:'press_l10n_element'
06-05 12:37:36.211 I/InstrumentationBackend(15087): Added:'WaitForElement', with key:'wait_for_l10n_element'
06-05 12:37:36.211 I/InstrumentationBackend(15087): Added:'NullAction', with key:'nullAction'
06-05 12:37:36.211 I/InstrumentationBackend(15087): Added:'PressKey', with key:'press_key'
06-05 12:37:36.211 I/InstrumentationBackend(15087): Added:'SetActivityOrientation', with key:'set_activity_orientation'
06-05 12:37:36.211 I/InstrumentationBackend(15087): Added:'GetActivityOrientation', with key:'get_activity_orientation'
06-05 12:37:36.211 I/InstrumentationBackend(15087): Added:'FakeGPSLocation', with key:'set_gps_coordinates'
06-05 12:37:36.211 I/InstrumentationBackend(15087): Added:'SetPropertyByCssSelector', with key:'set_property_by_css_selector'
06-05 12:37:36.211 I/InstrumentationBackend(15087): Added:'GetUrl', with key:'get_url'
06-05 12:37:36.211 I/InstrumentationBackend(15087): Added:'ScrollTo', with key:'scroll_to'
06-05 12:37:36.211 I/InstrumentationBackend(15087): Added:'GetLoadProgress', with key:'get_load_progress'
06-05 12:37:36.211 I/InstrumentationBackend(15087): Added:'DumpHtml', with key:'dump_html'
06-05 12:37:36.211 I/InstrumentationBackend(15087): Added:'DumpBodyHtml', with key:'dump_body_html'
06-05 12:37:36.211 I/InstrumentationBackend(15087): Added:'EnterTextByCssSelector', with key:'enter_text_by_selector'
06-05 12:37:36.212 I/InstrumentationBackend(15087): Added:'AndroidSDKVersion', with key:'android_sdk_version'
06-05 12:37:36.212 I/InstrumentationBackend(15087): Added:'Version', with key:'version'
06-05 12:37:36.212 I/InstrumentationBackend(15087): Added:'Drag', with key:'drag'
06-05 12:37:36.212 I/InstrumentationBackend(15087): Added:'TouchCoordinates', with key:'touch_coordinate'
06-05 12:37:36.212 I/InstrumentationBackend(15087): Added:'LongPressCoordinate', with key:'long_press_coordinate'
06-05 12:37:36.212 I/InstrumentationBackend(15087): Added:'DragCoordinates', with key:'drag_coordinates'
06-05 12:37:36.212 I/InstrumentationBackend(15087): Added:'ResumeApplication', with key:'resume_application'
06-05 12:37:36.212 I/InstrumentationBackend(15087): Added:'Swipe', with key:'swipe'
06-05 12:37:36.212 I/InstrumentationBackend(15087): Added:'DoubleTapCoordinate', with key:'double_tap_coordinate'
06-05 12:37:36.212 I/InstrumentationBackend(15087): Added:'ClickOnScreen', with key:'click_on_screen'
06-05 12:37:36.212 I/InstrumentationBackend(15087): Added:'GetActivityName', with key:'get_activity_name'
06-05 12:37:36.212 I/InstrumentationBackend(15087): Added:'ScrollToView', with key:'scroll_to_view'
06-05 12:37:36.213 I/InstrumentationBackend(15087): Added:'ViewConfiguration', with key:'view_configuration'
06-05 12:37:36.213 I/InstrumentationBackend(15087): Added:'IsCurrentActivityFocused', with key:'is_current_activity_focused'
06-05 12:37:36.213 I/InstrumentationBackend(15087): Added:'SendTcp', with key:'send_tcp'
06-05 12:37:36.213 I/InstrumentationBackend(15087): Added:'DpToDevicePixel', with key:'dp_to_device_pixel'
06-05 12:37:36.213 I/InstrumentationBackend(15087): Added:'KeyboardEnterText', with key:'keyboard_enter_text'
06-05 12:37:36.213 I/InstrumentationBackend(15087): Added:'DeleteSurroundingText', with key:'delete_surrounding_text'
06-05 12:37:36.213 I/InstrumentationBackend(15087): Added:'SetComposingRegion', with key:'set_composing_region'
06-05 12:37:36.213 I/InstrumentationBackend(15087): Added:'SetSelection', with key:'set_selection'
06-05 12:37:36.213 I/InstrumentationBackend(15087): Added:'KeyboardKeyEvent', with key:'keyboard_key_event'
06-05 12:37:36.213 I/InstrumentationBackend(15087): Added:'PressUserActionButton', with key:'press_user_action_button'
06-05 12:37:36.213 I/InstrumentationBackend(15087): Added:'HideSoftKeyboard', with key:'hide_soft_keyboard'
06-05 12:37:36.213 I/InstrumentationBackend(15087): Added:'ListActions', with key:'list_actions'
06-05 12:37:36.213 I/calabash(15087): Instantiating http server at 7102
06-05 12:37:36.214 I/System.out(15087): HTTP Daemon listening on: 7102
06-05 12:37:36.309 I/System.out(15087): URI: //ping
06-05 12:37:36.309 I/System.out(15087): params: {json={}
06-05 12:37:36.309 I/System.out(15087): }
06-05 12:37:36.317 I/System.out(15087): URI: //ping
06-05 12:37:36.317 I/System.out(15087): params: {json={}
06-05 12:37:36.317 I/System.out(15087): }
06-05 12:37:36.323 I/System.out(15087): URI: //ready
06-05 12:37:36.323 I/System.out(15087): params: {json={}
06-05 12:37:36.323 I/System.out(15087): }
06-05 12:37:36.330 I/System.out(15087): URI: //
06-05 12:37:36.330 I/System.out(15087): params: {json={"command":"version","arguments":[]}
06-05 12:37:36.330 I/System.out(15087): }
06-05 12:37:36.330 I/System.out(15087): header: {content-type=application/json;charset=utf-8, date=Fri, 05 Jun 2020 17:37:37 GMT, accept=*/*, host=127.0.0.1:34782, content-length=36, user-agent=HTTPClient/1.0 (2.8.3, ruby 2.5.1 (2018-03-29))}
06-05 12:37:36.330 I/System.out(15087): params: {json={"command":"version","arguments":[]}
06-05 12:37:36.330 I/System.out(15087): }
06-05 12:37:36.330 I/System.out(15087): ProP json = {"command":"version","arguments":[]}
06-05 12:37:36.330 I/System.out(15087): files: {}
06-05 12:37:36.330 I/System.out(15087): command: {"command":"version","arguments":[]}
06-05 12:37:36.340 I/InstrumentationBackend(15087): Got command:'Command:'Line:null,version', arguments:'[]'
06-05 12:37:36.358 I/System.out(15087): result:{"bonusInformation":[],"message":"0.9.8","success":true}
06-05 12:37:36.362 I/System.out(15087): URI: //start-application
06-05 12:37:36.362 I/System.out(15087): params: {json={"intent":null}
06-05 12:37:36.362 I/System.out(15087): }
06-05 12:37:36.374 I/ActivityManager( 1659): START u0 {act=android.intent.action.MAIN cat=[android.intent.category.LAUNCHER] flg=0x10200000 cmp=com.evancharlton.mileage/.Mileage} from uid 10082 on display 0
06-05 12:37:36.378 I/calabash(15087): newActivity1
06-05 12:37:36.386 I/calabash(15087): newActivity1
06-05 12:37:36.387 W/ActivityManager( 1659): Bad activity token: android.os.BinderProxy@8f5913d
06-05 12:37:36.387 W/ActivityManager( 1659): java.lang.ClassCastException: android.os.BinderProxy cannot be cast to com.android.server.am.ActivityRecord$Token
06-05 12:37:36.387 W/ActivityManager( 1659): 	at com.android.server.am.ActivityRecord.forTokenLocked(ActivityRecord.java:586)
06-05 12:37:36.387 W/ActivityManager( 1659): 	at com.android.server.am.ActivityRecord.isInStackLocked(ActivityRecord.java:1327)
06-05 12:37:36.387 W/ActivityManager( 1659): 	at com.android.server.am.ActivityRecord.getStackLocked(ActivityRecord.java:1332)
06-05 12:37:36.387 W/ActivityManager( 1659): 	at com.android.server.am.ActivityManagerService.getActivityDisplayId(ActivityManagerService.java:9806)
06-05 12:37:36.387 W/ActivityManager( 1659): 	at android.app.ActivityManagerNative.onTransact(ActivityManagerNative.java:2566)
06-05 12:37:36.387 W/ActivityManager( 1659): 	at com.android.server.am.ActivityManagerService.onTransact(ActivityManagerService.java:2757)
06-05 12:37:36.387 W/ActivityManager( 1659): 	at android.os.Binder.execTransact(Binder.java:565)
06-05 12:37:36.388 W/ActivityManager( 1659): Bad activity token: android.os.BinderProxy@8f5913d
06-05 12:37:36.388 W/ActivityManager( 1659): java.lang.ClassCastException: android.os.BinderProxy cannot be cast to com.android.server.am.ActivityRecord$Token
06-05 12:37:36.388 W/ActivityManager( 1659): 	at com.android.server.am.ActivityRecord.forTokenLocked(ActivityRecord.java:586)
06-05 12:37:36.388 W/ActivityManager( 1659): 	at com.android.server.am.ActivityRecord.isInStackLocked(ActivityRecord.java:1327)
06-05 12:37:36.388 W/ActivityManager( 1659): 	at com.android.server.am.ActivityManagerService.setTaskDescription(ActivityManagerService.java:9358)
06-05 12:37:36.388 W/ActivityManager( 1659): 	at android.app.ActivityManagerNative.onTransact(ActivityManagerNative.java:2639)
06-05 12:37:36.388 W/ActivityManager( 1659): 	at com.android.server.am.ActivityManagerService.onTransact(ActivityManagerService.java:2757)
06-05 12:37:36.388 W/ActivityManager( 1659): 	at android.os.Binder.execTransact(Binder.java:565)
06-05 12:37:36.388 W/ActivityManager( 1659): Bad activity token: android.os.BinderProxy@8f5913d
06-05 12:37:36.388 W/ActivityManager( 1659): java.lang.ClassCastException: android.os.BinderProxy cannot be cast to com.android.server.am.ActivityRecord$Token
06-05 12:37:36.388 W/ActivityManager( 1659): 	at com.android.server.am.ActivityRecord.forTokenLocked(ActivityRecord.java:586)
06-05 12:37:36.388 W/ActivityManager( 1659): 	at com.android.server.am.ActivityRecord.isInStackLocked(ActivityRecord.java:1327)
06-05 12:37:36.388 W/ActivityManager( 1659): 	at com.android.server.am.ActivityRecord.getStackLocked(ActivityRecord.java:1332)
06-05 12:37:36.388 W/ActivityManager( 1659): 	at com.android.server.am.ActivityManagerService.getActivityStackId(ActivityManagerService.java:9817)
06-05 12:37:36.388 W/ActivityManager( 1659): 	at android.app.ActivityManagerNative.onTransact(ActivityManagerNative.java:2856)
06-05 12:37:36.388 W/ActivityManager( 1659): 	at com.android.server.am.ActivityManagerService.onTransact(ActivityManagerService.java:2757)
06-05 12:37:36.388 W/ActivityManager( 1659): 	at android.os.Binder.execTransact(Binder.java:565)
06-05 12:37:36.397 D/gralloc_ranchu( 1352): gralloc_alloc: Creating ashmem region of size 9023488
06-05 12:37:36.403 W/ActivityManager( 1659): Bad activity token: android.os.BinderProxy@8f5913d
06-05 12:37:36.403 W/ActivityManager( 1659): java.lang.ClassCastException: android.os.BinderProxy cannot be cast to com.android.server.am.ActivityRecord$Token
06-05 12:37:36.403 W/ActivityManager( 1659): 	at com.android.server.am.ActivityRecord.forTokenLocked(ActivityRecord.java:586)
06-05 12:37:36.403 W/ActivityManager( 1659): 	at com.android.server.am.ActivityRecord.isInStackLocked(ActivityRecord.java:1327)
06-05 12:37:36.403 W/ActivityManager( 1659): 	at com.android.server.am.ActivityManagerService.getActivityOptions(ActivityManagerService.java:12559)
06-05 12:37:36.403 W/ActivityManager( 1659): 	at android.app.ActivityManagerNative.onTransact(ActivityManagerNative.java:1933)
06-05 12:37:36.403 W/ActivityManager( 1659): 	at com.android.server.am.ActivityManagerService.onTransact(ActivityManagerService.java:2757)
06-05 12:37:36.403 W/ActivityManager( 1659): 	at android.os.Binder.execTransact(Binder.java:565)
06-05 12:37:36.403 W/ActivityManager( 1659): Bad activity token: android.os.BinderProxy@8f5913d
06-05 12:37:36.403 W/ActivityManager( 1659): java.lang.ClassCastException: android.os.BinderProxy cannot be cast to com.android.server.am.ActivityRecord$Token
06-05 12:37:36.403 W/ActivityManager( 1659): 	at com.android.server.am.ActivityRecord.forTokenLocked(ActivityRecord.java:586)
06-05 12:37:36.403 W/ActivityManager( 1659): 	at com.android.server.am.ActivityRecord.isInStackLocked(ActivityRecord.java:1327)
06-05 12:37:36.403 W/ActivityManager( 1659): 	at com.android.server.am.ActivityManagerService.getActivityOptions(ActivityManagerService.java:12559)
06-05 12:37:36.403 W/ActivityManager( 1659): 	at android.app.ActivityManagerNative.onTransact(ActivityManagerNative.java:1933)
06-05 12:37:36.403 W/ActivityManager( 1659): 	at com.android.server.am.ActivityManagerService.onTransact(ActivityManagerService.java:2757)
06-05 12:37:36.403 W/ActivityManager( 1659): 	at android.os.Binder.execTransact(Binder.java:565)
06-05 12:37:36.420 V/PhoneStatusBar( 1792): setLightsOn(true)
06-05 12:37:36.429 D/gralloc_ranchu( 1352): gralloc_alloc: Creating ashmem region of size 9023488
06-05 12:37:36.434 D/EGL_emulation( 2389): eglMakeCurrent: 0xb1284ec0: ver 2 0 (tinfo 0x98c170c0)
06-05 12:37:36.434 D/        (15087): HostConnection::get() New Host Connection established 0x99fb8500, tid 15087
06-05 12:37:36.435 D/EGL_emulation( 1792): eglMakeCurrent: 0x992abea0: ver 2 0 (tinfo 0xa5a6f110)
06-05 12:37:36.459 D/EGL_emulation( 1792): eglMakeCurrent: 0x992abea0: ver 2 0 (tinfo 0xa5a6f110)
06-05 12:37:36.462 D/EGL_emulation( 1792): eglMakeCurrent: 0x992abea0: ver 2 0 (tinfo 0xa5a6f110)
06-05 12:37:36.462 V/PhoneStatusBar( 1792): setLightsOn(true)
06-05 12:37:36.463 D/EGL_emulation( 1792): eglMakeCurrent: 0x992abea0: ver 2 0 (tinfo 0xa5a6f110)
06-05 12:37:36.465 D/EGL_emulation( 1792): eglMakeCurrent: 0x992abea0: ver 2 0 (tinfo 0xa5a6f110)
06-05 12:37:36.474 I/ActivityManager( 1659): Displayed com.evancharlton.mileage/.Mileage: +97ms
06-05 12:37:36.480 D/gralloc_ranchu( 1352): gralloc_alloc: Creating ashmem region of size 9023488
06-05 12:37:36.480 D/EGL_emulation( 1792): eglMakeCurrent: 0x992abea0: ver 2 0 (tinfo 0xa5a6f110)
06-05 12:37:36.492 D/EGL_emulation( 1792): eglMakeCurrent: 0x992abea0: ver 2 0 (tinfo 0xa5a6f110)
06-05 12:37:36.502 D/EGL_emulation( 1792): eglMakeCurrent: 0x992abea0: ver 2 0 (tinfo 0xa5a6f110)
06-05 12:37:36.505 D/EGL_emulation( 1792): eglMakeCurrent: 0x992abea0: ver 2 0 (tinfo 0xa5a6f110)
06-05 12:37:36.505 V/PhoneStatusBar( 1792): setLightsOn(true)
06-05 12:37:36.515 D/EGL_emulation( 1792): eglMakeCurrent: 0x992abea0: ver 2 0 (tinfo 0xa5a6f110)
06-05 12:37:36.516 D/EGL_emulation( 1792): eglMakeCurrent: 0x992abea0: ver 2 0 (tinfo 0xa5a6f110)
06-05 12:37:36.522 I/System.out(15087): URI: //map
06-05 12:37:36.522 I/System.out(15087): params: {json={"query":"* marked:'Statistics'","operation":{"method_name":"query","arguments":[]}}
06-05 12:37:36.522 I/System.out(15087): }
06-05 12:37:36.530 D/EGL_emulation( 1792): eglMakeCurrent: 0x992abea0: ver 2 0 (tinfo 0xa5a6f110)
06-05 12:37:36.531 D/EGL_emulation( 1792): eglMakeCurrent: 0x992abea0: ver 2 0 (tinfo 0xa5a6f110)
06-05 12:37:36.534 W/ResourceType(15087): No package identifier when getting name for resource number 0x00000001
06-05 12:37:36.546 D/EGL_emulation( 1792): eglMakeCurrent: 0x992abea0: ver 2 0 (tinfo 0xa5a6f110)
06-05 12:37:36.546 I/System.out(15087): URI: //gesture
06-05 12:37:36.546 I/System.out(15087): params: {json={"query_timeout":5.0,"gestures":[{"query_string":"* marked:'Statistics'","touches":[{"x":50,"y":50,"offset_x":0,"offset_y":0,"wait":0.0,"time":0.2,"release":true,"query_string":null}]}]}
06-05 12:37:36.546 I/System.out(15087): }
06-05 12:37:36.548 D/EGL_emulation( 1792): eglMakeCurrent: 0x992abea0: ver 2 0 (tinfo 0xa5a6f110)
06-05 12:37:36.551 W/ResourceType(15087): No package identifier when getting name for resource number 0x00000001
06-05 12:37:36.563 D/EGL_emulation( 1792): eglMakeCurrent: 0x992abea0: ver 2 0 (tinfo 0xa5a6f110)
06-05 12:37:36.571 D/EGL_emulation( 1792): eglMakeCurrent: 0x992abea0: ver 2 0 (tinfo 0xa5a6f110)
06-05 12:37:36.580 D/EGL_emulation( 1792): eglMakeCurrent: 0x992abea0: ver 2 0 (tinfo 0xa5a6f110)
06-05 12:37:36.586 D/EGL_emulation( 1792): eglMakeCurrent: 0x992abea0: ver 2 0 (tinfo 0xa5a6f110)
06-05 12:37:36.597 D/EGL_emulation( 1792): eglMakeCurrent: 0x992abea0: ver 2 0 (tinfo 0xa5a6f110)
06-05 12:37:36.598 D/EGL_emulation( 1792): eglMakeCurrent: 0x992abea0: ver 2 0 (tinfo 0xa5a6f110)
06-05 12:37:36.615 D/EGL_emulation( 1792): eglMakeCurrent: 0x992abea0: ver 2 0 (tinfo 0xa5a6f110)
06-05 12:37:36.622 D/EGL_emulation( 1792): eglMakeCurrent: 0x992abea0: ver 2 0 (tinfo 0xa5a6f110)
06-05 12:37:36.631 D/EGL_emulation( 1792): eglMakeCurrent: 0x992abea0: ver 2 0 (tinfo 0xa5a6f110)
06-05 12:37:36.638 D/EGL_emulation( 1792): eglMakeCurrent: 0x992abea0: ver 2 0 (tinfo 0xa5a6f110)
06-05 12:37:36.648 D/EGL_emulation( 1792): eglMakeCurrent: 0x992abea0: ver 2 0 (tinfo 0xa5a6f110)
06-05 12:37:36.663 I/WindowManager( 1659): Destroying surface Surface(name=Starting com.evancharlton.mileage) called by com.android.server.wm.WindowStateAnimator.destroySurface:2016 com.android.server.wm.WindowStateAnimator.destroySurfaceLocked:882 com.android.server.wm.WindowState.destroyOrSaveSurface:2100 com.android.server.wm.AppWindowToken.destroySurfaces:363 com.android.server.wm.WindowStateAnimator.finishExit:565 com.android.server.wm.WindowStateAnimator.stepAnimationLocked:491 com.android.server.wm.WindowAnimator.updateWindowsLocked:303 com.android.server.wm.WindowAnimator.animateLocked:704 
06-05 12:37:36.668 V/PhoneStatusBar( 1792): setLightsOn(true)
06-05 12:37:36.672 V/PhoneStatusBar( 1792): setLightsOn(true)
06-05 12:37:36.786 I/calabash(15087): newActivity1
06-05 12:37:36.816 I/System.out(15087): URI: //map
06-05 12:37:36.816 I/System.out(15087): params: {json={"query":"android.widget.ScrollView index:0","operation":{"method_name":"query","arguments":[]}}
06-05 12:37:36.816 I/System.out(15087): }
06-05 12:37:36.822 W/ActivityManager( 1659): Bad activity token: android.os.BinderProxy@c4ebacf
06-05 12:37:36.822 W/ActivityManager( 1659): java.lang.ClassCastException: android.os.BinderProxy cannot be cast to com.android.server.am.ActivityRecord$Token
06-05 12:37:36.822 W/ActivityManager( 1659): 	at com.android.server.am.ActivityRecord.forTokenLocked(ActivityRecord.java:586)
06-05 12:37:36.822 W/ActivityManager( 1659): 	at com.android.server.am.ActivityRecord.isInStackLocked(ActivityRecord.java:1327)
06-05 12:37:36.822 W/ActivityManager( 1659): 	at com.android.server.am.ActivityRecord.getStackLocked(ActivityRecord.java:1332)
06-05 12:37:36.822 W/ActivityManager( 1659): 	at com.android.server.am.ActivityManagerService.getActivityDisplayId(ActivityManagerService.java:9806)
06-05 12:37:36.822 W/ActivityManager( 1659): 	at android.app.ActivityManagerNative.onTransact(ActivityManagerNative.java:2566)
06-05 12:37:36.822 W/ActivityManager( 1659): 	at com.android.server.am.ActivityManagerService.onTransact(ActivityManagerService.java:2757)
06-05 12:37:36.822 W/ActivityManager( 1659): 	at android.os.Binder.execTransact(Binder.java:565)
06-05 12:37:36.823 W/ActivityManager( 1659): Bad activity token: android.os.BinderProxy@c4ebacf
06-05 12:37:36.823 W/ActivityManager( 1659): java.lang.ClassCastException: android.os.BinderProxy cannot be cast to com.android.server.am.ActivityRecord$Token
06-05 12:37:36.823 W/ActivityManager( 1659): 	at com.android.server.am.ActivityRecord.forTokenLocked(ActivityRecord.java:586)
06-05 12:37:36.823 W/ActivityManager( 1659): 	at com.android.server.am.ActivityRecord.isInStackLocked(ActivityRecord.java:1327)
06-05 12:37:36.823 W/ActivityManager( 1659): 	at com.android.server.am.ActivityManagerService.setTaskDescription(ActivityManagerService.java:9358)
06-05 12:37:36.823 W/ActivityManager( 1659): 	at android.app.ActivityManagerNative.onTransact(ActivityManagerNative.java:2639)
06-05 12:37:36.823 W/ActivityManager( 1659): 	at com.android.server.am.ActivityManagerService.onTransact(ActivityManagerService.java:2757)
06-05 12:37:36.823 W/ActivityManager( 1659): 	at android.os.Binder.execTransact(Binder.java:565)
06-05 12:37:36.824 W/ActivityManager( 1659): Bad activity token: android.os.BinderProxy@c4ebacf
06-05 12:37:36.824 W/ActivityManager( 1659): java.lang.ClassCastException: android.os.BinderProxy cannot be cast to com.android.server.am.ActivityRecord$Token
06-05 12:37:36.824 W/ActivityManager( 1659): 	at com.android.server.am.ActivityRecord.forTokenLocked(ActivityRecord.java:586)
06-05 12:37:36.824 W/ActivityManager( 1659): 	at com.android.server.am.ActivityRecord.isInStackLocked(ActivityRecord.java:1327)
06-05 12:37:36.824 W/ActivityManager( 1659): 	at com.android.server.am.ActivityRecord.getStackLocked(ActivityRecord.java:1332)
06-05 12:37:36.824 W/ActivityManager( 1659): 	at com.android.server.am.ActivityManagerService.getActivityStackId(ActivityManagerService.java:9817)
06-05 12:37:36.824 W/ActivityManager( 1659): 	at android.app.ActivityManagerNative.onTransact(ActivityManagerNative.java:2856)
06-05 12:37:36.824 W/ActivityManager( 1659): 	at com.android.server.am.ActivityManagerService.onTransact(ActivityManagerService.java:2757)
06-05 12:37:36.824 W/ActivityManager( 1659): 	at android.os.Binder.execTransact(Binder.java:565)
06-05 12:37:36.830 D/VehicleStatisticsActivity(15087): Checking recalculation ...
06-05 12:37:36.830 D/VehicleStatisticsActivity(15087): Recalculating statistics
06-05 12:37:36.831 D/VehicleStatisticsTask(15087): Calculation starting...
06-05 12:37:36.831 D/VehicleStatisticsActivity(15087): Recalculation started!
06-05 12:37:36.831 D/AndroidRuntime(15087): Shutting down VM
--------- beginning of crash
06-05 12:37:36.832 E/AndroidRuntime(15087): FATAL EXCEPTION: main
06-05 12:37:36.832 E/AndroidRuntime(15087): Process: com.evancharlton.mileage, PID: 15087
06-05 12:37:36.832 E/AndroidRuntime(15087): java.lang.RuntimeException: Unable to start activity ComponentInfo{com.evancharlton.mileage/com.evancharlton.mileage.VehicleStatisticsActivity}: java.lang.NullPointerException: Attempt to invoke virtual method 'void android.widget.ListView.setAdapter(android.widget.ListAdapter)' on a null object reference
06-05 12:37:36.832 E/AndroidRuntime(15087): 	at android.app.ActivityThread.performLaunchActivity(ActivityThread.java:2646)
06-05 12:37:36.832 E/AndroidRuntime(15087): 	at android.app.ActivityThread.startActivityNow(ActivityThread.java:2446)
06-05 12:37:36.832 E/AndroidRuntime(15087): 	at android.app.LocalActivityManager.moveToState(LocalActivityManager.java:136)
06-05 12:37:36.832 E/AndroidRuntime(15087): 	at android.app.LocalActivityManager.startActivity(LocalActivityManager.java:348)
06-05 12:37:36.832 E/AndroidRuntime(15087): 	at android.widget.TabHost$IntentContentStrategy.getContentView(TabHost.java:724)
06-05 12:37:36.832 E/AndroidRuntime(15087): 	at android.widget.TabHost.setCurrentTab(TabHost.java:388)
06-05 12:37:36.832 E/AndroidRuntime(15087): 	at android.widget.TabHost$2.onTabSelectionChanged(TabHost.java:158)
06-05 12:37:36.832 E/AndroidRuntime(15087): 	at android.widget.TabWidget$TabClickListener.onClick(TabWidget.java:532)
06-05 12:37:36.832 E/AndroidRuntime(15087): 	at android.view.View.performClick(View.java:5610)
06-05 12:37:36.832 E/AndroidRuntime(15087): 	at android.view.View$PerformClick.run(View.java:22265)
06-05 12:37:36.832 E/AndroidRuntime(15087): 	at android.os.Handler.handleCallback(Handler.java:751)
06-05 12:37:36.832 E/AndroidRuntime(15087): 	at android.os.Handler.dispatchMessage(Handler.java:95)
06-05 12:37:36.832 E/AndroidRuntime(15087): 	at android.os.Looper.loop(Looper.java:154)
06-05 12:37:36.832 E/AndroidRuntime(15087): 	at android.app.ActivityThread.main(ActivityThread.java:6077)
06-05 12:37:36.832 E/AndroidRuntime(15087): 	at java.lang.reflect.Method.invoke(Native Method)
06-05 12:37:36.832 E/AndroidRuntime(15087): 	at com.android.internal.os.ZygoteInit$MethodAndArgsCaller.run(ZygoteInit.java:866)
06-05 12:37:36.832 E/AndroidRuntime(15087): 	at com.android.internal.os.ZygoteInit.main(ZygoteInit.java:756)
06-05 12:37:36.832 E/AndroidRuntime(15087): Caused by: java.lang.NullPointerException: Attempt to invoke virtual method 'void android.widget.ListView.setAdapter(android.widget.ListAdapter)' on a null object reference
06-05 12:37:36.832 E/AndroidRuntime(15087): 	at com.evancharlton.mileage.VehicleStatisticsActivity.setAdapter(VehicleStatisticsActivity.java:200)
06-05 12:37:36.832 E/AndroidRuntime(15087): 	at com.evancharlton.mileage.VehicleStatisticsActivity.recalculate(VehicleStatisticsActivity.java:175)
06-05 12:37:36.832 E/AndroidRuntime(15087): 	at com.evancharlton.mileage.VehicleStatisticsActivity.onCreate(VehicleStatisticsActivity.java:131)
06-05 12:37:36.832 E/AndroidRuntime(15087): 	at android.app.Activity.performCreate(Activity.java:6662)
06-05 12:37:36.832 E/AndroidRuntime(15087): 	at android.app.Instrumentation.callActivityOnCreate(Instrumentation.java:1118)
06-05 12:37:36.832 E/AndroidRuntime(15087): 	at android.app.ActivityThread.performLaunchActivity(ActivityThread.java:2599)
06-05 12:37:36.832 E/AndroidRuntime(15087): 	... 16 more
06-05 12:37:36.832 I/Process (15087): Sending signal. PID: 15087 SIG: 9
06-05 12:37:36.863 V/PhoneStatusBar( 1792): setLightsOn(true)
06-05 12:37:36.897 I/WindowManager( 1659): WIN DEATH: Window{fe7a08a u0 com.evancharlton.mileage/com.evancharlton.mileage.Mileage}
06-05 12:37:36.897 I/WindowManager( 1659): Destroying surface Surface(name=com.evancharlton.mileage/com.evancharlton.mileage.Mileage) called by com.android.server.wm.WindowStateAnimator.destroySurface:2016 com.android.server.wm.WindowStateAnimator.destroySurfaceLocked:882 com.android.server.wm.WindowState.removeLocked:1456 com.android.server.wm.WindowManagerService.removeWindowInnerLocked:2484 com.android.server.wm.WindowManagerService.removeWindowLocked:2442 com.android.server.wm.WindowState$DeathRecipient.binderDied:1787 android.os.BinderProxy.sendDeathNotice:688 <bottom of call stack> 
06-05 12:37:36.897 I/ActivityManager( 1659): Process com.evancharlton.mileage (pid 15087) has died
06-05 12:37:36.897 D/ActivityManager( 1659): cleanUpApplicationRecord -- 15087
06-05 12:37:36.897 W/ActivityManager( 1659): Scheduling restart of crashed service com.evancharlton.mileage/.services.AutomaticBackupService in 1000ms
06-05 12:37:36.898 W/ActivityManager( 1659): Force removing ActivityRecord{a724cda u0 com.evancharlton.mileage/.Mileage t147}: app died, no saved state
06-05 12:37:36.905 W/ActivityManager( 1659): Crash of app com.evancharlton.mileage running instrumentation ComponentInfo{com.evancharlton.mileage.test/sh.calaba.instrumentationbackend.CalabashInstrumentationTestRunner}
06-05 12:37:36.905 I/ActivityManager( 1659): Force stopping com.evancharlton.mileage appid=10082 user=0: finished inst
06-05 12:37:36.906 I/ActivityManager( 1659):   Force stopping service ServiceRecord{92634eb u0 com.evancharlton.mileage/.services.AutomaticBackupService}
06-05 12:37:36.913 V/PhoneStatusBar( 1792): setLightsOn(true)
