--------- beginning of main
06-05 12:37:27.204 D/AndroidRuntime(14628): >>>>>> START com.android.internal.os.RuntimeInit uid 2000 <<<<<<
06-05 12:37:27.205 D/AndroidRuntime(14628): CheckJNI is ON
06-05 12:37:27.216 W/art     (14628): Unexpected CPU variant for X86 using defaults: x86
06-05 12:37:27.217 D/ICU     (14628): No timezone override file found: /data/misc/zoneinfo/current/icu/icu_tzdata.dat
06-05 12:37:27.225 E/memtrack(14628): Couldn't load memtrack module (No such file or directory)
06-05 12:37:27.225 E/android.os.Debug(14628): failed to load memtrack module: -2
06-05 12:37:27.225 I/Radio-JNI(14628): register_android_hardware_Radio DONE
06-05 12:37:27.229 D/AndroidRuntime(14628): Calling main entry com.android.commands.am.Am
--------- beginning of system
06-05 12:37:27.230 I/ActivityManager( 1659): Force stopping com.evancharlton.mileage appid=10082 user=0: start instr
06-05 12:37:27.233 I/art     (14638): Not late-enabling -Xcheck:jni (already on)
06-05 12:37:27.233 W/art     (14638): Unexpected CPU variant for X86 using defaults: x86
06-05 12:37:27.241 I/ActivityManager( 1659): Start proc 14638:com.evancharlton.mileage/u0a82 for added application com.evancharlton.mileage
06-05 12:37:27.241 D/AndroidRuntime(14628): Shutting down VM
06-05 12:37:27.252 W/System  (14638): ClassLoader referenced unknown path: /data/app/com.evancharlton.mileage.test-1/lib/x86
06-05 12:37:27.252 W/System  (14638): ClassLoader referenced unknown path: /data/app/com.evancharlton.mileage-1/lib/x86
06-05 12:37:27.256 W/System  (14638): ClassLoader referenced unknown path: 
06-05 12:37:27.259 I/System.out(14638): Main activity name automatically set to: com.evancharlton.mileage.Mileage
06-05 12:37:27.260 I/System.out(14638): Calabash did not load Mono. This is only a problem if you are trying to test a Mono application
06-05 12:37:27.260 I/calabash(14638): Test server port: 7102
06-05 12:37:27.260 I/InstrumentationBackend(14638): Added:'GetPreferences', with key:'get_preferences'
06-05 12:37:27.263 I/InstrumentationBackend(14638): Added:'SetPreferences', with key:'set_preferences'
06-05 12:37:27.263 I/InstrumentationBackend(14638): Added:'ClearPreferences', with key:'clear_preferences'
06-05 12:37:27.263 I/InstrumentationBackend(14638): Added:'PressElement', with key:'press_l10n_element'
06-05 12:37:27.263 I/InstrumentationBackend(14638): Added:'WaitForElement', with key:'wait_for_l10n_element'
06-05 12:37:27.263 I/InstrumentationBackend(14638): Added:'NullAction', with key:'nullAction'
06-05 12:37:27.263 I/InstrumentationBackend(14638): Added:'PressKey', with key:'press_key'
06-05 12:37:27.264 I/InstrumentationBackend(14638): Added:'SetActivityOrientation', with key:'set_activity_orientation'
06-05 12:37:27.264 I/InstrumentationBackend(14638): Added:'GetActivityOrientation', with key:'get_activity_orientation'
06-05 12:37:27.264 I/InstrumentationBackend(14638): Added:'FakeGPSLocation', with key:'set_gps_coordinates'
06-05 12:37:27.264 I/InstrumentationBackend(14638): Added:'SetPropertyByCssSelector', with key:'set_property_by_css_selector'
06-05 12:37:27.264 I/InstrumentationBackend(14638): Added:'GetUrl', with key:'get_url'
06-05 12:37:27.264 I/InstrumentationBackend(14638): Added:'ScrollTo', with key:'scroll_to'
06-05 12:37:27.264 I/InstrumentationBackend(14638): Added:'GetLoadProgress', with key:'get_load_progress'
06-05 12:37:27.264 I/InstrumentationBackend(14638): Added:'DumpHtml', with key:'dump_html'
06-05 12:37:27.264 I/InstrumentationBackend(14638): Added:'DumpBodyHtml', with key:'dump_body_html'
06-05 12:37:27.264 I/InstrumentationBackend(14638): Added:'EnterTextByCssSelector', with key:'enter_text_by_selector'
06-05 12:37:27.264 I/InstrumentationBackend(14638): Added:'AndroidSDKVersion', with key:'android_sdk_version'
06-05 12:37:27.264 I/InstrumentationBackend(14638): Added:'Version', with key:'version'
06-05 12:37:27.264 I/InstrumentationBackend(14638): Added:'Drag', with key:'drag'
06-05 12:37:27.264 I/InstrumentationBackend(14638): Added:'TouchCoordinates', with key:'touch_coordinate'
06-05 12:37:27.264 I/InstrumentationBackend(14638): Added:'LongPressCoordinate', with key:'long_press_coordinate'
06-05 12:37:27.264 I/InstrumentationBackend(14638): Added:'DragCoordinates', with key:'drag_coordinates'
06-05 12:37:27.264 I/InstrumentationBackend(14638): Added:'ResumeApplication', with key:'resume_application'
06-05 12:37:27.265 I/InstrumentationBackend(14638): Added:'Swipe', with key:'swipe'
06-05 12:37:27.265 I/InstrumentationBackend(14638): Added:'DoubleTapCoordinate', with key:'double_tap_coordinate'
06-05 12:37:27.265 I/InstrumentationBackend(14638): Added:'ClickOnScreen', with key:'click_on_screen'
06-05 12:37:27.265 I/InstrumentationBackend(14638): Added:'GetActivityName', with key:'get_activity_name'
06-05 12:37:27.265 I/InstrumentationBackend(14638): Added:'ScrollToView', with key:'scroll_to_view'
06-05 12:37:27.265 I/InstrumentationBackend(14638): Added:'ViewConfiguration', with key:'view_configuration'
06-05 12:37:27.265 I/InstrumentationBackend(14638): Added:'IsCurrentActivityFocused', with key:'is_current_activity_focused'
06-05 12:37:27.265 I/InstrumentationBackend(14638): Added:'SendTcp', with key:'send_tcp'
06-05 12:37:27.265 I/InstrumentationBackend(14638): Added:'DpToDevicePixel', with key:'dp_to_device_pixel'
06-05 12:37:27.265 I/InstrumentationBackend(14638): Added:'KeyboardEnterText', with key:'keyboard_enter_text'
06-05 12:37:27.265 I/InstrumentationBackend(14638): Added:'DeleteSurroundingText', with key:'delete_surrounding_text'
06-05 12:37:27.265 I/InstrumentationBackend(14638): Added:'SetComposingRegion', with key:'set_composing_region'
06-05 12:37:27.265 I/InstrumentationBackend(14638): Added:'SetSelection', with key:'set_selection'
06-05 12:37:27.265 I/InstrumentationBackend(14638): Added:'KeyboardKeyEvent', with key:'keyboard_key_event'
06-05 12:37:27.265 I/InstrumentationBackend(14638): Added:'PressUserActionButton', with key:'press_user_action_button'
06-05 12:37:27.265 I/InstrumentationBackend(14638): Added:'HideSoftKeyboard', with key:'hide_soft_keyboard'
06-05 12:37:27.265 I/InstrumentationBackend(14638): Added:'ListActions', with key:'list_actions'
06-05 12:37:27.265 I/calabash(14638): Instantiating http server at 7102
06-05 12:37:27.266 I/System.out(14638): HTTP Daemon listening on: 7102
06-05 12:37:27.279 W/OpenGLRenderer( 2389): Incorrectly called buildLayer on View: ShortcutAndWidgetContainer, destroying layer...
06-05 12:37:27.353 I/System.out(14638): URI: //ping
06-05 12:37:27.353 I/System.out(14638): params: {json={}
06-05 12:37:27.353 I/System.out(14638): }
06-05 12:37:27.361 I/System.out(14638): URI: //ping
06-05 12:37:27.361 I/System.out(14638): params: {json={}
06-05 12:37:27.361 I/System.out(14638): }
06-05 12:37:27.366 I/System.out(14638): URI: //ready
06-05 12:37:27.366 I/System.out(14638): params: {json={}
06-05 12:37:27.366 I/System.out(14638): }
06-05 12:37:27.372 I/System.out(14638): URI: //
06-05 12:37:27.372 I/System.out(14638): params: {json={"command":"version","arguments":[]}
06-05 12:37:27.372 I/System.out(14638): }
06-05 12:37:27.372 I/System.out(14638): header: {content-type=application/json;charset=utf-8, date=Fri, 05 Jun 2020 17:37:28 GMT, accept=*/*, host=127.0.0.1:34782, content-length=36, user-agent=HTTPClient/1.0 (2.8.3, ruby 2.5.1 (2018-03-29))}
06-05 12:37:27.372 I/System.out(14638): params: {json={"command":"version","arguments":[]}
06-05 12:37:27.372 I/System.out(14638): }
06-05 12:37:27.372 I/System.out(14638): ProP json = {"command":"version","arguments":[]}
06-05 12:37:27.373 I/System.out(14638): files: {}
06-05 12:37:27.373 I/System.out(14638): command: {"command":"version","arguments":[]}
06-05 12:37:27.382 I/InstrumentationBackend(14638): Got command:'Command:'Line:null,version', arguments:'[]'
06-05 12:37:27.399 I/System.out(14638): result:{"bonusInformation":[],"message":"0.9.8","success":true}
06-05 12:37:27.403 I/System.out(14638): URI: //start-application
06-05 12:37:27.403 I/System.out(14638): params: {json={"intent":null}
06-05 12:37:27.403 I/System.out(14638): }
06-05 12:37:27.414 I/ActivityManager( 1659): START u0 {act=android.intent.action.MAIN cat=[android.intent.category.LAUNCHER] flg=0x10200000 cmp=com.evancharlton.mileage/.Mileage} from uid 10082 on display 0
06-05 12:37:27.418 I/calabash(14638): newActivity1
06-05 12:37:27.427 I/calabash(14638): newActivity1
06-05 12:37:27.428 W/ActivityManager( 1659): Bad activity token: android.os.BinderProxy@57735c5
06-05 12:37:27.428 W/ActivityManager( 1659): java.lang.ClassCastException: android.os.BinderProxy cannot be cast to com.android.server.am.ActivityRecord$Token
06-05 12:37:27.428 W/ActivityManager( 1659): 	at com.android.server.am.ActivityRecord.forTokenLocked(ActivityRecord.java:586)
06-05 12:37:27.428 W/ActivityManager( 1659): 	at com.android.server.am.ActivityRecord.isInStackLocked(ActivityRecord.java:1327)
06-05 12:37:27.428 W/ActivityManager( 1659): 	at com.android.server.am.ActivityRecord.getStackLocked(ActivityRecord.java:1332)
06-05 12:37:27.428 W/ActivityManager( 1659): 	at com.android.server.am.ActivityManagerService.getActivityDisplayId(ActivityManagerService.java:9806)
06-05 12:37:27.428 W/ActivityManager( 1659): 	at android.app.ActivityManagerNative.onTransact(ActivityManagerNative.java:2566)
06-05 12:37:27.428 W/ActivityManager( 1659): 	at com.android.server.am.ActivityManagerService.onTransact(ActivityManagerService.java:2757)
06-05 12:37:27.428 W/ActivityManager( 1659): 	at android.os.Binder.execTransact(Binder.java:565)
06-05 12:37:27.429 W/ActivityManager( 1659): Bad activity token: android.os.BinderProxy@57735c5
06-05 12:37:27.429 W/ActivityManager( 1659): java.lang.ClassCastException: android.os.BinderProxy cannot be cast to com.android.server.am.ActivityRecord$Token
06-05 12:37:27.429 W/ActivityManager( 1659): 	at com.android.server.am.ActivityRecord.forTokenLocked(ActivityRecord.java:586)
06-05 12:37:27.429 W/ActivityManager( 1659): 	at com.android.server.am.ActivityRecord.isInStackLocked(ActivityRecord.java:1327)
06-05 12:37:27.429 W/ActivityManager( 1659): 	at com.android.server.am.ActivityManagerService.setTaskDescription(ActivityManagerService.java:9358)
06-05 12:37:27.429 W/ActivityManager( 1659): 	at android.app.ActivityManagerNative.onTransact(ActivityManagerNative.java:2639)
06-05 12:37:27.429 W/ActivityManager( 1659): 	at com.android.server.am.ActivityManagerService.onTransact(ActivityManagerService.java:2757)
06-05 12:37:27.429 W/ActivityManager( 1659): 	at android.os.Binder.execTransact(Binder.java:565)
06-05 12:37:27.430 W/ActivityManager( 1659): Bad activity token: android.os.BinderProxy@57735c5
06-05 12:37:27.430 W/ActivityManager( 1659): java.lang.ClassCastException: android.os.BinderProxy cannot be cast to com.android.server.am.ActivityRecord$Token
06-05 12:37:27.430 W/ActivityManager( 1659): 	at com.android.server.am.ActivityRecord.forTokenLocked(ActivityRecord.java:586)
06-05 12:37:27.430 W/ActivityManager( 1659): 	at com.android.server.am.ActivityRecord.isInStackLocked(ActivityRecord.java:1327)
06-05 12:37:27.430 W/ActivityManager( 1659): 	at com.android.server.am.ActivityRecord.getStackLocked(ActivityRecord.java:1332)
06-05 12:37:27.430 W/ActivityManager( 1659): 	at com.android.server.am.ActivityManagerService.getActivityStackId(ActivityManagerService.java:9817)
06-05 12:37:27.430 W/ActivityManager( 1659): 	at android.app.ActivityManagerNative.onTransact(ActivityManagerNative.java:2856)
06-05 12:37:27.430 W/ActivityManager( 1659): 	at com.android.server.am.ActivityManagerService.onTransact(ActivityManagerService.java:2757)
06-05 12:37:27.430 W/ActivityManager( 1659): 	at android.os.Binder.execTransact(Binder.java:565)
06-05 12:37:27.444 W/ActivityManager( 1659): Bad activity token: android.os.BinderProxy@57735c5
06-05 12:37:27.444 W/ActivityManager( 1659): java.lang.ClassCastException: android.os.BinderProxy cannot be cast to com.android.server.am.ActivityRecord$Token
06-05 12:37:27.444 W/ActivityManager( 1659): 	at com.android.server.am.ActivityRecord.forTokenLocked(ActivityRecord.java:586)
06-05 12:37:27.444 W/ActivityManager( 1659): 	at com.android.server.am.ActivityRecord.isInStackLocked(ActivityRecord.java:1327)
06-05 12:37:27.444 W/ActivityManager( 1659): 	at com.android.server.am.ActivityManagerService.getActivityOptions(ActivityManagerService.java:12559)
06-05 12:37:27.444 W/ActivityManager( 1659): 	at android.app.ActivityManagerNative.onTransact(ActivityManagerNative.java:1933)
06-05 12:37:27.444 W/ActivityManager( 1659): 	at com.android.server.am.ActivityManagerService.onTransact(ActivityManagerService.java:2757)
06-05 12:37:27.444 W/ActivityManager( 1659): 	at android.os.Binder.execTransact(Binder.java:565)
06-05 12:37:27.444 W/ActivityManager( 1659): Bad activity token: android.os.BinderProxy@57735c5
06-05 12:37:27.444 W/ActivityManager( 1659): java.lang.ClassCastException: android.os.BinderProxy cannot be cast to com.android.server.am.ActivityRecord$Token
06-05 12:37:27.444 W/ActivityManager( 1659): 	at com.android.server.am.ActivityRecord.forTokenLocked(ActivityRecord.java:586)
06-05 12:37:27.444 W/ActivityManager( 1659): 	at com.android.server.am.ActivityRecord.isInStackLocked(ActivityRecord.java:1327)
06-05 12:37:27.444 W/ActivityManager( 1659): 	at com.android.server.am.ActivityManagerService.getActivityOptions(ActivityManagerService.java:12559)
06-05 12:37:27.444 W/ActivityManager( 1659): 	at android.app.ActivityManagerNative.onTransact(ActivityManagerNative.java:1933)
06-05 12:37:27.444 W/ActivityManager( 1659): 	at com.android.server.am.ActivityManagerService.onTransact(ActivityManagerService.java:2757)
06-05 12:37:27.444 W/ActivityManager( 1659): 	at android.os.Binder.execTransact(Binder.java:565)
06-05 12:37:27.447 D/gralloc_ranchu( 1352): gralloc_alloc: Creating ashmem region of size 9023488
06-05 12:37:27.467 V/PhoneStatusBar( 1792): setLightsOn(true)
06-05 12:37:27.480 D/gralloc_ranchu( 1352): gralloc_alloc: Creating ashmem region of size 9023488
06-05 12:37:27.491 D/EGL_emulation( 2389): eglMakeCurrent: 0xb1284ec0: ver 2 0 (tinfo 0x98c170c0)
06-05 12:37:27.493 D/EGL_emulation( 1792): eglMakeCurrent: 0x992abea0: ver 2 0 (tinfo 0xa5a6f110)
06-05 12:37:27.493 D/        (14638): HostConnection::get() New Host Connection established 0xa77d94c0, tid 14638
06-05 12:37:27.498 D/EGL_emulation( 1792): eglMakeCurrent: 0x992abea0: ver 2 0 (tinfo 0xa5a6f110)
06-05 12:37:27.532 D/EGL_emulation( 1792): eglMakeCurrent: 0x992abea0: ver 2 0 (tinfo 0xa5a6f110)
06-05 12:37:27.534 D/EGL_emulation( 1792): eglMakeCurrent: 0x992abea0: ver 2 0 (tinfo 0xa5a6f110)
06-05 12:37:27.535 D/EGL_emulation( 1792): eglMakeCurrent: 0x992abea0: ver 2 0 (tinfo 0xa5a6f110)
06-05 12:37:27.535 V/PhoneStatusBar( 1792): setLightsOn(true)
06-05 12:37:27.546 D/EGL_emulation( 1792): eglMakeCurrent: 0x992abea0: ver 2 0 (tinfo 0xa5a6f110)
06-05 12:37:27.548 D/EGL_emulation( 1792): eglMakeCurrent: 0x992abea0: ver 2 0 (tinfo 0xa5a6f110)
06-05 12:37:27.564 D/EGL_emulation( 1792): eglMakeCurrent: 0x992abea0: ver 2 0 (tinfo 0xa5a6f110)
06-05 12:37:27.567 D/gralloc_ranchu( 1352): gralloc_alloc: Creating ashmem region of size 9023488
06-05 12:37:27.586 D/EGL_emulation( 1792): eglMakeCurrent: 0x992abea0: ver 2 0 (tinfo 0xa5a6f110)
06-05 12:37:27.602 D/EGL_emulation( 1792): eglMakeCurrent: 0x992abea0: ver 2 0 (tinfo 0xa5a6f110)
06-05 12:37:27.603 I/ActivityManager( 1659): Displayed com.evancharlton.mileage/.Mileage: +186ms
06-05 12:37:27.611 D/EGL_emulation( 1792): eglMakeCurrent: 0x992abea0: ver 2 0 (tinfo 0xa5a6f110)
06-05 12:37:27.612 V/PhoneStatusBar( 1792): setLightsOn(true)
06-05 12:37:27.625 D/EGL_emulation( 1792): eglMakeCurrent: 0x992abea0: ver 2 0 (tinfo 0xa5a6f110)
06-05 12:37:27.629 D/EGL_emulation( 1792): eglMakeCurrent: 0x992abea0: ver 2 0 (tinfo 0xa5a6f110)
06-05 12:37:27.632 D/EGL_emulation( 1792): eglMakeCurrent: 0x992abea0: ver 2 0 (tinfo 0xa5a6f110)
06-05 12:37:27.634 D/EGL_emulation( 1792): eglMakeCurrent: 0x992abea0: ver 2 0 (tinfo 0xa5a6f110)
06-05 12:37:27.635 V/PhoneStatusBar( 1792): setLightsOn(true)
06-05 12:37:27.648 D/EGL_emulation( 1792): eglMakeCurrent: 0x992abea0: ver 2 0 (tinfo 0xa5a6f110)
06-05 12:37:27.652 D/EGL_emulation( 1792): eglMakeCurrent: 0x992abea0: ver 2 0 (tinfo 0xa5a6f110)
06-05 12:37:27.657 I/System.out(14638): URI: //map
06-05 12:37:27.657 I/System.out(14638): params: {json={"query":"* marked:'Statistics'","operation":{"method_name":"query","arguments":[]}}
06-05 12:37:27.657 I/System.out(14638): }
06-05 12:37:27.664 D/EGL_emulation( 1792): eglMakeCurrent: 0x992abea0: ver 2 0 (tinfo 0xa5a6f110)
06-05 12:37:27.667 D/EGL_emulation( 1792): eglMakeCurrent: 0x992abea0: ver 2 0 (tinfo 0xa5a6f110)
06-05 12:37:27.677 W/ResourceType(14638): No package identifier when getting name for resource number 0x00000001
06-05 12:37:27.680 D/EGL_emulation( 1792): eglMakeCurrent: 0x992abea0: ver 2 0 (tinfo 0xa5a6f110)
06-05 12:37:27.683 D/EGL_emulation( 1792): eglMakeCurrent: 0x992abea0: ver 2 0 (tinfo 0xa5a6f110)
06-05 12:37:27.697 D/EGL_emulation( 1792): eglMakeCurrent: 0x992abea0: ver 2 0 (tinfo 0xa5a6f110)
06-05 12:37:27.698 I/System.out(14638): URI: //gesture
06-05 12:37:27.698 I/System.out(14638): params: {json={"query_timeout":5.0,"gestures":[{"query_string":"* marked:'Statistics'","touches":[{"x":50,"y":50,"offset_x":0,"offset_y":0,"wait":0.0,"time":0.2,"release":true,"query_string":null}]}]}
06-05 12:37:27.698 I/System.out(14638): }
06-05 12:37:27.703 W/ResourceType(14638): No package identifier when getting name for resource number 0x00000001
06-05 12:37:27.796 I/WindowManager( 1659): Destroying surface Surface(name=Starting com.evancharlton.mileage) called by com.android.server.wm.WindowStateAnimator.destroySurface:2016 com.android.server.wm.WindowStateAnimator.destroySurfaceLocked:882 com.android.server.wm.WindowState.destroyOrSaveSurface:2100 com.android.server.wm.AppWindowToken.destroySurfaces:363 com.android.server.wm.WindowStateAnimator.finishExit:565 com.android.server.wm.WindowStateAnimator.stepAnimationLocked:491 com.android.server.wm.WindowAnimator.updateWindowsLocked:303 com.android.server.wm.WindowAnimator.animateLocked:704 
06-05 12:37:27.803 V/PhoneStatusBar( 1792): setLightsOn(true)
06-05 12:37:27.835 V/PhoneStatusBar( 1792): setLightsOn(true)
06-05 12:37:27.931 V/PhoneStatusBar( 1792): setLightsOn(true)
06-05 12:37:27.935 I/calabash(14638): newActivity1
06-05 12:37:27.960 I/System.out(14638): URI: //map
06-05 12:37:27.960 I/System.out(14638): params: {json={"query":"* marked:'Estimated cost per year'","operation":{"method_name":"query","arguments":[]}}
06-05 12:37:27.960 I/System.out(14638): }
06-05 12:37:27.966 W/ActivityManager( 1659): Bad activity token: android.os.BinderProxy@a469d17
06-05 12:37:27.966 W/ActivityManager( 1659): java.lang.ClassCastException: android.os.BinderProxy cannot be cast to com.android.server.am.ActivityRecord$Token
06-05 12:37:27.966 W/ActivityManager( 1659): 	at com.android.server.am.ActivityRecord.forTokenLocked(ActivityRecord.java:586)
06-05 12:37:27.966 W/ActivityManager( 1659): 	at com.android.server.am.ActivityRecord.isInStackLocked(ActivityRecord.java:1327)
06-05 12:37:27.966 W/ActivityManager( 1659): 	at com.android.server.am.ActivityRecord.getStackLocked(ActivityRecord.java:1332)
06-05 12:37:27.966 W/ActivityManager( 1659): 	at com.android.server.am.ActivityManagerService.getActivityDisplayId(ActivityManagerService.java:9806)
06-05 12:37:27.966 W/ActivityManager( 1659): 	at android.app.ActivityManagerNative.onTransact(ActivityManagerNative.java:2566)
06-05 12:37:27.966 W/ActivityManager( 1659): 	at com.android.server.am.ActivityManagerService.onTransact(ActivityManagerService.java:2757)
06-05 12:37:27.966 W/ActivityManager( 1659): 	at android.os.Binder.execTransact(Binder.java:565)
06-05 12:37:27.967 W/ActivityManager( 1659): Bad activity token: android.os.BinderProxy@a469d17
06-05 12:37:27.967 W/ActivityManager( 1659): java.lang.ClassCastException: android.os.BinderProxy cannot be cast to com.android.server.am.ActivityRecord$Token
06-05 12:37:27.967 W/ActivityManager( 1659): 	at com.android.server.am.ActivityRecord.forTokenLocked(ActivityRecord.java:586)
06-05 12:37:27.967 W/ActivityManager( 1659): 	at com.android.server.am.ActivityRecord.isInStackLocked(ActivityRecord.java:1327)
06-05 12:37:27.967 W/ActivityManager( 1659): 	at com.android.server.am.ActivityManagerService.setTaskDescription(ActivityManagerService.java:9358)
06-05 12:37:27.967 W/ActivityManager( 1659): 	at android.app.ActivityManagerNative.onTransact(ActivityManagerNative.java:2639)
06-05 12:37:27.967 W/ActivityManager( 1659): 	at com.android.server.am.ActivityManagerService.onTransact(ActivityManagerService.java:2757)
06-05 12:37:27.967 W/ActivityManager( 1659): 	at android.os.Binder.execTransact(Binder.java:565)
06-05 12:37:27.967 W/ActivityManager( 1659): Bad activity token: android.os.BinderProxy@a469d17
06-05 12:37:27.967 W/ActivityManager( 1659): java.lang.ClassCastException: android.os.BinderProxy cannot be cast to com.android.server.am.ActivityRecord$Token
06-05 12:37:27.967 W/ActivityManager( 1659): 	at com.android.server.am.ActivityRecord.forTokenLocked(ActivityRecord.java:586)
06-05 12:37:27.967 W/ActivityManager( 1659): 	at com.android.server.am.ActivityRecord.isInStackLocked(ActivityRecord.java:1327)
06-05 12:37:27.967 W/ActivityManager( 1659): 	at com.android.server.am.ActivityRecord.getStackLocked(ActivityRecord.java:1332)
06-05 12:37:27.967 W/ActivityManager( 1659): 	at com.android.server.am.ActivityManagerService.getActivityStackId(ActivityManagerService.java:9817)
06-05 12:37:27.967 W/ActivityManager( 1659): 	at android.app.ActivityManagerNative.onTransact(ActivityManagerNative.java:2856)
06-05 12:37:27.967 W/ActivityManager( 1659): 	at com.android.server.am.ActivityManagerService.onTransact(ActivityManagerService.java:2757)
06-05 12:37:27.967 W/ActivityManager( 1659): 	at android.os.Binder.execTransact(Binder.java:565)
06-05 12:37:27.975 D/VehicleStatisticsActivity(14638): Checking recalculation ...
06-05 12:37:27.976 D/VehicleStatisticsActivity(14638): Recalculating statistics
06-05 12:37:27.977 D/VehicleStatisticsTask(14638): Calculation starting...
06-05 12:37:27.977 D/VehicleStatisticsActivity(14638): Recalculation started!
06-05 12:37:27.978 D/AndroidRuntime(14638): Shutting down VM
--------- beginning of crash
06-05 12:37:27.978 E/AndroidRuntime(14638): FATAL EXCEPTION: main
06-05 12:37:27.978 E/AndroidRuntime(14638): Process: com.evancharlton.mileage, PID: 14638
06-05 12:37:27.978 E/AndroidRuntime(14638): java.lang.RuntimeException: Unable to start activity ComponentInfo{com.evancharlton.mileage/com.evancharlton.mileage.VehicleStatisticsActivity}: java.lang.NullPointerException: Attempt to invoke virtual method 'void android.widget.ListView.setAdapter(android.widget.ListAdapter)' on a null object reference
06-05 12:37:27.978 E/AndroidRuntime(14638): 	at android.app.ActivityThread.performLaunchActivity(ActivityThread.java:2646)
06-05 12:37:27.978 E/AndroidRuntime(14638): 	at android.app.ActivityThread.startActivityNow(ActivityThread.java:2446)
06-05 12:37:27.978 E/AndroidRuntime(14638): 	at android.app.LocalActivityManager.moveToState(LocalActivityManager.java:136)
06-05 12:37:27.978 E/AndroidRuntime(14638): 	at android.app.LocalActivityManager.startActivity(LocalActivityManager.java:348)
06-05 12:37:27.978 E/AndroidRuntime(14638): 	at android.widget.TabHost$IntentContentStrategy.getContentView(TabHost.java:724)
06-05 12:37:27.978 E/AndroidRuntime(14638): 	at android.widget.TabHost.setCurrentTab(TabHost.java:388)
06-05 12:37:27.978 E/AndroidRuntime(14638): 	at android.widget.TabHost$2.onTabSelectionChanged(TabHost.java:158)
06-05 12:37:27.978 E/AndroidRuntime(14638): 	at android.widget.TabWidget$TabClickListener.onClick(TabWidget.java:532)
06-05 12:37:27.978 E/AndroidRuntime(14638): 	at android.view.View.performClick(View.java:5610)
06-05 12:37:27.978 E/AndroidRuntime(14638): 	at android.view.View$PerformClick.run(View.java:22265)
06-05 12:37:27.978 E/AndroidRuntime(14638): 	at android.os.Handler.handleCallback(Handler.java:751)
06-05 12:37:27.978 E/AndroidRuntime(14638): 	at android.os.Handler.dispatchMessage(Handler.java:95)
06-05 12:37:27.978 E/AndroidRuntime(14638): 	at android.os.Looper.loop(Looper.java:154)
06-05 12:37:27.978 E/AndroidRuntime(14638): 	at android.app.ActivityThread.main(ActivityThread.java:6077)
06-05 12:37:27.978 E/AndroidRuntime(14638): 	at java.lang.reflect.Method.invoke(Native Method)
06-05 12:37:27.978 E/AndroidRuntime(14638): 	at com.android.internal.os.ZygoteInit$MethodAndArgsCaller.run(ZygoteInit.java:866)
06-05 12:37:27.978 E/AndroidRuntime(14638): 	at com.android.internal.os.ZygoteInit.main(ZygoteInit.java:756)
06-05 12:37:27.978 E/AndroidRuntime(14638): Caused by: java.lang.NullPointerException: Attempt to invoke virtual method 'void android.widget.ListView.setAdapter(android.widget.ListAdapter)' on a null object reference
06-05 12:37:27.978 E/AndroidRuntime(14638): 	at com.evancharlton.mileage.VehicleStatisticsActivity.setAdapter(VehicleStatisticsActivity.java:200)
06-05 12:37:27.978 E/AndroidRuntime(14638): 	at com.evancharlton.mileage.VehicleStatisticsActivity.recalculate(VehicleStatisticsActivity.java:175)
06-05 12:37:27.978 E/AndroidRuntime(14638): 	at com.evancharlton.mileage.VehicleStatisticsActivity.onCreate(VehicleStatisticsActivity.java:131)
06-05 12:37:27.978 E/AndroidRuntime(14638): 	at android.app.Activity.performCreate(Activity.java:6662)
06-05 12:37:27.978 E/AndroidRuntime(14638): 	at android.app.Instrumentation.callActivityOnCreate(Instrumentation.java:1118)
06-05 12:37:27.978 E/AndroidRuntime(14638): 	at android.app.ActivityThread.performLaunchActivity(ActivityThread.java:2599)
06-05 12:37:27.978 E/AndroidRuntime(14638): 	... 16 more
06-05 12:37:27.979 I/Process (14638): Sending signal. PID: 14638 SIG: 9
06-05 12:37:27.985 W/InputDispatcher( 1659): channel 'ff0f372 com.evancharlton.mileage/com.evancharlton.mileage.Mileage (server)' ~ Consumer closed input channel or an error occurred.  events=0x9
06-05 12:37:27.985 E/InputDispatcher( 1659): channel 'ff0f372 com.evancharlton.mileage/com.evancharlton.mileage.Mileage (server)' ~ Channel is unrecoverably broken and will be disposed!
06-05 12:37:27.987 I/ActivityManager( 1659): Process com.evancharlton.mileage (pid 14638) has died
06-05 12:37:27.987 D/ActivityManager( 1659): cleanUpApplicationRecord -- 14638
06-05 12:37:27.987 W/ActivityManager( 1659): Scheduling restart of crashed service com.evancharlton.mileage/.services.AutomaticBackupService in 1000ms
06-05 12:37:27.987 W/ActivityManager( 1659): Force removing ActivityRecord{e0395c2 u0 com.evancharlton.mileage/.Mileage t138}: app died, no saved state
06-05 12:37:27.996 I/WindowManager( 1659): WIN DEATH: Window{ff0f372 u0 com.evancharlton.mileage/com.evancharlton.mileage.Mileage}
06-05 12:37:27.996 W/InputDispatcher( 1659): Attempted to unregister already unregistered input channel 'ff0f372 com.evancharlton.mileage/com.evancharlton.mileage.Mileage (server)'
06-05 12:37:27.996 I/WindowManager( 1659): Destroying surface Surface(name=com.evancharlton.mileage/com.evancharlton.mileage.Mileage) called by com.android.server.wm.WindowStateAnimator.destroySurface:2016 com.android.server.wm.WindowStateAnimator.destroySurfaceLocked:882 com.android.server.wm.WindowState.removeLocked:1456 com.android.server.wm.WindowManagerService.removeWindowInnerLocked:2484 com.android.server.wm.WindowManagerService.removeWindowLocked:2442 com.android.server.wm.WindowState$DeathRecipient.binderDied:1787 android.os.BinderProxy.sendDeathNotice:688 <bottom of call stack> 
06-05 12:37:28.016 W/ActivityManager( 1659): Crash of app com.evancharlton.mileage running instrumentation ComponentInfo{com.evancharlton.mileage.test/sh.calaba.instrumentationbackend.CalabashInstrumentationTestRunner}
06-05 12:37:28.016 I/ActivityManager( 1659): Force stopping com.evancharlton.mileage appid=10082 user=0: finished inst
06-05 12:37:28.016 I/ActivityManager( 1659):   Force stopping service ServiceRecord{d8df3b3 u0 com.evancharlton.mileage/.services.AutomaticBackupService}
06-05 12:37:28.021 V/PhoneStatusBar( 1792): setLightsOn(true)
06-05 12:37:28.065 D/EGL_emulation( 1792): eglMakeCurrent: 0x992abea0: ver 2 0 (tinfo 0xa5a6f110)
06-05 12:37:28.067 D/EGL_emulation( 2389): eglMakeCurrent: 0xb1284ec0: ver 2 0 (tinfo 0x98c170c0)
06-05 12:37:28.081 D/EGL_emulation( 1792): eglMakeCurrent: 0x992abea0: ver 2 0 (tinfo 0xa5a6f110)
06-05 12:37:28.083 D/EGL_emulation( 1792): eglMakeCurrent: 0x992abea0: ver 2 0 (tinfo 0xa5a6f110)
06-05 12:37:28.084 E/SurfaceFlinger( 1352): ro.sf.lcd_density must be defined as a build property
06-05 12:37:28.085 D/gralloc_ranchu( 1352): gralloc_alloc: Creating ashmem region of size 9592832
06-05 12:37:28.090 D/        (14671): HostConnection::get() New Host Connection established 0xa7d1b2c0, tid 14671
06-05 12:37:28.095 E/EGL_emulation( 1352): tid 1352: eglCreateSyncKHR(1901): error 0x3004 (EGL_BAD_ATTRIBUTE)
06-05 12:37:28.096 D/EGL_emulation( 1792): eglMakeCurrent: 0x992abea0: ver 2 0 (tinfo 0xa5a6f110)
06-05 12:37:28.119 D/EGL_emulation( 1792): eglMakeCurrent: 0x992abea0: ver 2 0 (tinfo 0xa5a6f110)
06-05 12:37:28.121 D/EGL_emulation( 1792): eglMakeCurrent: 0x992abea0: ver 2 0 (tinfo 0xa5a6f110)
06-05 12:37:28.122 D/EGL_emulation( 1792): eglMakeCurrent: 0x992abea0: ver 2 0 (tinfo 0xa5a6f110)
06-05 12:37:28.130 D/EGL_emulation( 1792): eglMakeCurrent: 0x992abea0: ver 2 0 (tinfo 0xa5a6f110)
06-05 12:37:28.131 D/EGL_emulation( 1792): eglMakeCurrent: 0x992abea0: ver 2 0 (tinfo 0xa5a6f110)
06-05 12:37:28.146 D/EGL_emulation( 1792): eglMakeCurrent: 0x992abea0: ver 2 0 (tinfo 0xa5a6f110)
06-05 12:37:28.148 D/EGL_emulation( 1792): eglMakeCurrent: 0x992abea0: ver 2 0 (tinfo 0xa5a6f110)
06-05 12:37:28.164 D/EGL_emulation( 1792): eglMakeCurrent: 0x992abea0: ver 2 0 (tinfo 0xa5a6f110)
06-05 12:37:28.165 D/EGL_emulation( 1792): eglMakeCurrent: 0x992abea0: ver 2 0 (tinfo 0xa5a6f110)
06-05 12:37:28.181 D/EGL_emulation( 1792): eglMakeCurrent: 0x992abea0: ver 2 0 (tinfo 0xa5a6f110)
06-05 12:37:28.183 D/EGL_emulation( 1792): eglMakeCurrent: 0x992abea0: ver 2 0 (tinfo 0xa5a6f110)
06-05 12:37:28.204 D/EGL_emulation( 1792): eglMakeCurrent: 0x992abea0: ver 2 0 (tinfo 0xa5a6f110)
06-05 12:37:28.205 D/EGL_emulation( 1792): eglMakeCurrent: 0x992abea0: ver 2 0 (tinfo 0xa5a6f110)
06-05 12:37:28.213 D/EGL_emulation( 1792): eglMakeCurrent: 0x992abea0: ver 2 0 (tinfo 0xa5a6f110)
06-05 12:37:28.215 D/EGL_emulation( 1792): eglMakeCurrent: 0x992abea0: ver 2 0 (tinfo 0xa5a6f110)
06-05 12:37:28.230 D/EGL_emulation( 1792): eglMakeCurrent: 0x992abea0: ver 2 0 (tinfo 0xa5a6f110)
06-05 12:37:28.232 D/EGL_emulation( 1792): eglMakeCurrent: 0x992abea0: ver 2 0 (tinfo 0xa5a6f110)
06-05 12:37:28.247 D/EGL_emulation( 1792): eglMakeCurrent: 0x992abea0: ver 2 0 (tinfo 0xa5a6f110)
