--------- beginning of main
06-05 20:00:43.068 V/PhoneStatusBar( 1711): setLightsOn(true)
06-05 20:00:43.077 W/IInputConnectionWrapper(21865): finishComposingText on inactive InputConnection
06-05 20:00:43.084 V/PhoneStatusBar( 1711): setLightsOn(true)
06-05 20:00:43.101 V/PhoneStatusBar( 1711): setLightsOn(true)
--------- beginning of system
06-05 20:00:43.132 W/ActivityManager( 1629): Duplicate finish request for ActivityRecord{9ba533d u0 com.evancharlton.mileage/.Mileage t4479 f}
06-05 20:00:43.132 W/ActivityManager( 1629): Duplicate finish request for ActivityRecord{9ba533d u0 com.evancharlton.mileage/.Mileage t4479 f}
06-05 20:00:43.132 W/ActivityManager( 1629): Duplicate finish request for ActivityRecord{9ba533d u0 com.evancharlton.mileage/.Mileage t4479 f}
06-05 20:00:43.133 W/ActivityManager( 1629): Duplicate finish request for ActivityRecord{9ba533d u0 com.evancharlton.mileage/.Mileage t4479 f}
06-05 20:00:43.133 W/ActivityManager( 1629): Duplicate finish request for ActivityRecord{9ba533d u0 com.evancharlton.mileage/.Mileage t4479 f}
06-05 20:00:43.134 V/PhoneStatusBar( 1711): setLightsOn(true)
06-05 20:00:43.135 W/ActivityManager( 1629): Finishing task with all activities already finished
06-05 20:00:43.135 W/ActivityManager( 1629): Duplicate finish request for ActivityRecord{a8a29de u0 com.evancharlton.mileage/.VehicleTypeListActivity t4479 f}
06-05 20:00:43.151 V/PhoneStatusBar( 1711): setLightsOn(true)
06-05 20:00:43.153 D/gralloc_ranchu( 1348): gralloc_alloc: Creating ashmem region of size 3145728
06-05 20:00:43.160 E/EGL_emulation( 1348): tid 1348: eglCreateSyncKHR(1901): error 0x3004 (EGL_BAD_ATTRIBUTE)
06-05 20:00:43.171 W/ActivityManager( 1629): Finishing task with all activities already finished
06-05 20:00:43.171 W/ActivityManager( 1629): Duplicate finish request for ActivityRecord{e048d90 u0 com.evancharlton.mileage/.VehicleTypeActivity t4479 f}
06-05 20:00:43.172 W/ActivityManager( 1629): Finishing task with all activities already finished
06-05 20:00:43.172 W/ActivityManager( 1629): Duplicate finish request for ActivityRecord{e048d90 u0 com.evancharlton.mileage/.VehicleTypeActivity t4479 f}
06-05 20:00:43.172 W/ActivityManager( 1629): Finishing task with all activities already finished
06-05 20:00:43.172 W/ActivityManager( 1629): Duplicate finish request for ActivityRecord{a8a29de u0 com.evancharlton.mileage/.VehicleTypeListActivity t4479 f}
06-05 20:00:43.220 D/EGL_emulation( 2147): eglMakeCurrent: 0xa3805360: ver 2 0 (tinfo 0xa3803630)
06-05 20:00:43.220 D/EGL_emulation( 1711): eglMakeCurrent: 0x9f1709c0: ver 2 0 (tinfo 0xa0e61d00)
06-05 20:00:43.229 D/AndroidRuntime(21936): >>>>>> START com.android.internal.os.RuntimeInit uid 2000 <<<<<<
06-05 20:00:43.231 D/AndroidRuntime(21936): CheckJNI is ON
06-05 20:00:43.235 D/EGL_emulation( 1711): eglMakeCurrent: 0x9f1709c0: ver 2 0 (tinfo 0xa0e61d00)
06-05 20:00:43.243 W/art     (21936): Unexpected CPU variant for X86 using defaults: x86
06-05 20:00:43.246 D/ICU     (21936): No timezone override file found: /data/misc/zoneinfo/current/icu/icu_tzdata.dat
06-05 20:00:43.253 D/EGL_emulation( 1711): eglMakeCurrent: 0x9f1709c0: ver 2 0 (tinfo 0xa0e61d00)
06-05 20:00:43.254 E/memtrack(21936): Couldn't load memtrack module (No such file or directory)
06-05 20:00:43.255 E/android.os.Debug(21936): failed to load memtrack module: -2
06-05 20:00:43.255 I/Radio-JNI(21936): register_android_hardware_Radio DONE
06-05 20:00:43.260 D/AndroidRuntime(21936): Calling main entry com.android.commands.am.Am
06-05 20:00:43.262 I/ActivityManager( 1629): Force stopping com.evancharlton.mileage appid=10196 user=0: start instr
06-05 20:00:43.262 I/ActivityManager( 1629): Killing 21865:com.evancharlton.mileage/u0a196 (adj 0): stop com.evancharlton.mileage
06-05 20:00:43.262 D/ActivityManager( 1629): cleanUpApplicationRecord -- 21865
06-05 20:00:43.264 W/ActivityManager( 1629): Crash of app com.evancharlton.mileage running instrumentation ComponentInfo{com.evancharlton.mileage.test/sh.calaba.instrumentationbackend.CalabashInstrumentationTestRunner}
06-05 20:00:43.265 I/ActivityManager( 1629): Force stopping com.evancharlton.mileage appid=10196 user=0: finished inst
06-05 20:00:43.268 D/EGL_emulation( 1711): eglMakeCurrent: 0x9f1709c0: ver 2 0 (tinfo 0xa0e61d00)
06-05 20:00:43.269 I/art     (21946): Not late-enabling -Xcheck:jni (already on)
06-05 20:00:43.269 W/art     (21946): Unexpected CPU variant for X86 using defaults: x86
06-05 20:00:43.274 D/EGL_emulation( 1711): eglMakeCurrent: 0x9f1709c0: ver 2 0 (tinfo 0xa0e61d00)
06-05 20:00:43.275 I/ActivityManager( 1629): Start proc 21946:com.evancharlton.mileage/u0a196 for added application com.evancharlton.mileage
06-05 20:00:43.276 D/AndroidRuntime(21936): Shutting down VM
06-05 20:00:43.281 W/System  (21946): ClassLoader referenced unknown path: /data/app/com.evancharlton.mileage.test-1/lib/x86
06-05 20:00:43.281 W/System  (21946): ClassLoader referenced unknown path: /data/app/com.evancharlton.mileage-1/lib/x86
06-05 20:00:43.284 W/System  (21946): ClassLoader referenced unknown path: 
06-05 20:00:43.285 D/EGL_emulation( 1711): eglMakeCurrent: 0x9f1709c0: ver 2 0 (tinfo 0xa0e61d00)
06-05 20:00:43.287 D/EGL_emulation( 1711): eglMakeCurrent: 0x9f1709c0: ver 2 0 (tinfo 0xa0e61d00)
06-05 20:00:43.289 I/System.out(21946): Main activity name automatically set to: com.evancharlton.mileage.Mileage
06-05 20:00:43.290 I/System.out(21946): Calabash did not load Mono. This is only a problem if you are trying to test a Mono application
06-05 20:00:43.290 I/calabash(21946): Test server port: 7102
06-05 20:00:43.290 I/InstrumentationBackend(21946): Added:'GetPreferences', with key:'get_preferences'
06-05 20:00:43.296 I/InstrumentationBackend(21946): Added:'SetPreferences', with key:'set_preferences'
06-05 20:00:43.296 I/InstrumentationBackend(21946): Added:'ClearPreferences', with key:'clear_preferences'
06-05 20:00:43.296 I/InstrumentationBackend(21946): Added:'PressElement', with key:'press_l10n_element'
06-05 20:00:43.296 I/InstrumentationBackend(21946): Added:'WaitForElement', with key:'wait_for_l10n_element'
06-05 20:00:43.297 I/InstrumentationBackend(21946): Added:'NullAction', with key:'nullAction'
06-05 20:00:43.297 I/InstrumentationBackend(21946): Added:'PressKey', with key:'press_key'
06-05 20:00:43.297 I/InstrumentationBackend(21946): Added:'SetActivityOrientation', with key:'set_activity_orientation'
06-05 20:00:43.297 I/InstrumentationBackend(21946): Added:'GetActivityOrientation', with key:'get_activity_orientation'
06-05 20:00:43.297 I/InstrumentationBackend(21946): Added:'FakeGPSLocation', with key:'set_gps_coordinates'
06-05 20:00:43.297 I/InstrumentationBackend(21946): Added:'SetPropertyByCssSelector', with key:'set_property_by_css_selector'
06-05 20:00:43.297 I/InstrumentationBackend(21946): Added:'GetUrl', with key:'get_url'
06-05 20:00:43.297 I/InstrumentationBackend(21946): Added:'ScrollTo', with key:'scroll_to'
06-05 20:00:43.297 I/InstrumentationBackend(21946): Added:'GetLoadProgress', with key:'get_load_progress'
06-05 20:00:43.298 I/InstrumentationBackend(21946): Added:'DumpHtml', with key:'dump_html'
06-05 20:00:43.298 I/InstrumentationBackend(21946): Added:'DumpBodyHtml', with key:'dump_body_html'
06-05 20:00:43.298 I/InstrumentationBackend(21946): Added:'EnterTextByCssSelector', with key:'enter_text_by_selector'
06-05 20:00:43.298 I/InstrumentationBackend(21946): Added:'AndroidSDKVersion', with key:'android_sdk_version'
06-05 20:00:43.298 I/InstrumentationBackend(21946): Added:'Version', with key:'version'
06-05 20:00:43.298 I/InstrumentationBackend(21946): Added:'Drag', with key:'drag'
06-05 20:00:43.298 I/InstrumentationBackend(21946): Added:'TouchCoordinates', with key:'touch_coordinate'
06-05 20:00:43.298 I/InstrumentationBackend(21946): Added:'LongPressCoordinate', with key:'long_press_coordinate'
06-05 20:00:43.298 I/InstrumentationBackend(21946): Added:'DragCoordinates', with key:'drag_coordinates'
06-05 20:00:43.298 I/InstrumentationBackend(21946): Added:'ResumeApplication', with key:'resume_application'
06-05 20:00:43.298 I/InstrumentationBackend(21946): Added:'Swipe', with key:'swipe'
06-05 20:00:43.298 I/InstrumentationBackend(21946): Added:'DoubleTapCoordinate', with key:'double_tap_coordinate'
06-05 20:00:43.298 I/InstrumentationBackend(21946): Added:'ClickOnScreen', with key:'click_on_screen'
06-05 20:00:43.298 I/InstrumentationBackend(21946): Added:'GetActivityName', with key:'get_activity_name'
06-05 20:00:43.299 I/InstrumentationBackend(21946): Added:'ScrollToView', with key:'scroll_to_view'
06-05 20:00:43.299 I/InstrumentationBackend(21946): Added:'ViewConfiguration', with key:'view_configuration'
06-05 20:00:43.299 I/InstrumentationBackend(21946): Added:'IsCurrentActivityFocused', with key:'is_current_activity_focused'
06-05 20:00:43.299 I/InstrumentationBackend(21946): Added:'SendTcp', with key:'send_tcp'
06-05 20:00:43.299 I/InstrumentationBackend(21946): Added:'DpToDevicePixel', with key:'dp_to_device_pixel'
06-05 20:00:43.299 I/InstrumentationBackend(21946): Added:'KeyboardEnterText', with key:'keyboard_enter_text'
06-05 20:00:43.299 I/InstrumentationBackend(21946): Added:'DeleteSurroundingText', with key:'delete_surrounding_text'
06-05 20:00:43.299 I/InstrumentationBackend(21946): Added:'SetComposingRegion', with key:'set_composing_region'
06-05 20:00:43.299 I/InstrumentationBackend(21946): Added:'SetSelection', with key:'set_selection'
06-05 20:00:43.299 I/InstrumentationBackend(21946): Added:'KeyboardKeyEvent', with key:'keyboard_key_event'
06-05 20:00:43.299 I/InstrumentationBackend(21946): Added:'PressUserActionButton', with key:'press_user_action_button'
06-05 20:00:43.299 I/InstrumentationBackend(21946): Added:'HideSoftKeyboard', with key:'hide_soft_keyboard'
06-05 20:00:43.299 I/InstrumentationBackend(21946): Added:'ListActions', with key:'list_actions'
06-05 20:00:43.299 I/calabash(21946): Instantiating http server at 7102
06-05 20:00:43.300 I/System.out(21946): HTTP Daemon listening on: 7102
06-05 20:00:43.301 D/EGL_emulation( 1711): eglMakeCurrent: 0x9f1709c0: ver 2 0 (tinfo 0xa0e61d00)
06-05 20:00:43.303 D/EGL_emulation( 1711): eglMakeCurrent: 0x9f1709c0: ver 2 0 (tinfo 0xa0e61d00)
06-05 20:00:43.311 W/InputDispatcher( 1629): channel '420d245 com.evancharlton.mileage/com.evancharlton.mileage.VehicleTypeActivity (server)' ~ Consumer closed input channel or an error occurred.  events=0x9
06-05 20:00:43.311 I/WindowManager( 1629): WIN DEATH: Window{38b05ea u0 com.evancharlton.mileage/com.evancharlton.mileage.VehicleTypeListActivity EXITING}
06-05 20:00:43.311 E/InputDispatcher( 1629): channel '420d245 com.evancharlton.mileage/com.evancharlton.mileage.VehicleTypeActivity (server)' ~ Channel is unrecoverably broken and will be disposed!
06-05 20:00:43.311 W/InputDispatcher( 1629): channel '38b05ea com.evancharlton.mileage/com.evancharlton.mileage.VehicleTypeListActivity (server)' ~ Consumer closed input channel or an error occurred.  events=0x9
06-05 20:00:43.311 E/InputDispatcher( 1629): channel '38b05ea com.evancharlton.mileage/com.evancharlton.mileage.VehicleTypeListActivity (server)' ~ Channel is unrecoverably broken and will be disposed!
06-05 20:00:43.311 W/InputDispatcher( 1629): Attempted to unregister already unregistered input channel '38b05ea com.evancharlton.mileage/com.evancharlton.mileage.VehicleTypeListActivity (server)'
06-05 20:00:43.312 I/WindowManager( 1629): WIN DEATH: Window{420d245 u0 com.evancharlton.mileage/com.evancharlton.mileage.VehicleTypeActivity EXITING}
06-05 20:00:43.312 W/InputDispatcher( 1629): Attempted to unregister already unregistered input channel '420d245 com.evancharlton.mileage/com.evancharlton.mileage.VehicleTypeActivity (server)'
06-05 20:00:43.318 I/WindowManager( 1629): Destroying surface Surface(name=com.evancharlton.mileage/com.evancharlton.mileage.VehicleTypeActivity) called by com.android.server.wm.WindowStateAnimator.destroySurface:2016 com.android.server.wm.WindowStateAnimator.destroySurfaceLocked:882 com.android.server.wm.WindowState.removeLocked:1456 com.android.server.wm.WindowManagerService.removeWindowInnerLocked:2484 com.android.server.wm.AppWindowToken.destroySurfaces:365 com.android.server.wm.WindowStateAnimator.finishExit:565 com.android.server.wm.AppWindowAnimator.stepAnimationLocked:427 com.android.server.wm.WindowAnimator.updateAppWindowsLocked:196 
06-05 20:00:43.323 D/EGL_emulation( 1711): eglMakeCurrent: 0x9f1709c0: ver 2 0 (tinfo 0xa0e61d00)
06-05 20:00:43.327 D/EGL_emulation( 1711): eglMakeCurrent: 0x9f1709c0: ver 2 0 (tinfo 0xa0e61d00)
06-05 20:00:43.335 D/EGL_emulation( 1711): eglMakeCurrent: 0x9f1709c0: ver 2 0 (tinfo 0xa0e61d00)
06-05 20:00:43.336 D/EGL_emulation( 1711): eglMakeCurrent: 0x9f1709c0: ver 2 0 (tinfo 0xa0e61d00)
06-05 20:00:43.352 D/EGL_emulation( 1711): eglMakeCurrent: 0x9f1709c0: ver 2 0 (tinfo 0xa0e61d00)
06-05 20:00:43.355 D/EGL_emulation( 1711): eglMakeCurrent: 0x9f1709c0: ver 2 0 (tinfo 0xa0e61d00)
06-05 20:00:43.368 D/EGL_emulation( 1711): eglMakeCurrent: 0x9f1709c0: ver 2 0 (tinfo 0xa0e61d00)
06-05 20:00:43.370 D/EGL_emulation( 1711): eglMakeCurrent: 0x9f1709c0: ver 2 0 (tinfo 0xa0e61d00)
06-05 20:00:43.385 D/EGL_emulation( 1711): eglMakeCurrent: 0x9f1709c0: ver 2 0 (tinfo 0xa0e61d00)
06-05 20:00:43.386 I/System.out(21946): URI: //ping
06-05 20:00:43.386 I/System.out(21946): params: {json={}
06-05 20:00:43.386 I/System.out(21946): }
06-05 20:00:43.386 D/EGL_emulation( 1711): eglMakeCurrent: 0x9f1709c0: ver 2 0 (tinfo 0xa0e61d00)
06-05 20:00:43.388 I/System.out(21946): URI: //ping
06-05 20:00:43.388 I/System.out(21946): params: {json={}
06-05 20:00:43.388 I/System.out(21946): }
06-05 20:00:43.390 I/System.out(21946): URI: //ready
06-05 20:00:43.390 I/System.out(21946): params: {json={}
06-05 20:00:43.390 I/System.out(21946): }
06-05 20:00:43.391 I/System.out(21946): URI: //
06-05 20:00:43.391 I/System.out(21946): params: {json={"command":"version","arguments":[]}
06-05 20:00:43.391 I/System.out(21946): }
06-05 20:00:43.391 I/System.out(21946): header: {content-type=application/json;charset=utf-8, date=Sat, 06 Jun 2020 01:00:44 GMT, accept=*/*, host=127.0.0.1:34783, content-length=36, user-agent=HTTPClient/1.0 (2.8.3, ruby 2.5.1 (2018-03-29))}
06-05 20:00:43.391 I/System.out(21946): params: {json={"command":"version","arguments":[]}
06-05 20:00:43.391 I/System.out(21946): }
06-05 20:00:43.391 I/System.out(21946): ProP json = {"command":"version","arguments":[]}
06-05 20:00:43.391 I/System.out(21946): files: {}
06-05 20:00:43.391 I/System.out(21946): command: {"command":"version","arguments":[]}
06-05 20:00:43.394 I/InstrumentationBackend(21946): Got command:'Command:'Line:null,version', arguments:'[]'
06-05 20:00:43.400 I/System.out(21946): result:{"bonusInformation":[],"message":"0.9.8","success":true}
06-05 20:00:43.401 D/EGL_emulation( 1711): eglMakeCurrent: 0x9f1709c0: ver 2 0 (tinfo 0xa0e61d00)
06-05 20:00:43.403 I/System.out(21946): URI: //start-application
06-05 20:00:43.403 I/System.out(21946): params: {json={"intent":null}
06-05 20:00:43.403 I/System.out(21946): }
06-05 20:00:43.403 D/EGL_emulation( 1711): eglMakeCurrent: 0x9f1709c0: ver 2 0 (tinfo 0xa0e61d00)
06-05 20:00:43.412 I/ActivityManager( 1629): START u0 {act=android.intent.action.MAIN cat=[android.intent.category.LAUNCHER] flg=0x10200000 cmp=com.evancharlton.mileage/.Mileage} from uid 10196 on display 0
06-05 20:00:43.417 I/calabash(21946): newActivity1
06-05 20:00:43.419 D/EGL_emulation( 1711): eglMakeCurrent: 0x9f1709c0: ver 2 0 (tinfo 0xa0e61d00)
06-05 20:00:43.426 I/calabash(21946): newActivity1
06-05 20:00:43.427 W/ActivityManager( 1629): Bad activity token: android.os.BinderProxy@98a809b
06-05 20:00:43.427 W/ActivityManager( 1629): java.lang.ClassCastException: android.os.BinderProxy cannot be cast to com.android.server.am.ActivityRecord$Token
06-05 20:00:43.427 W/ActivityManager( 1629): 	at com.android.server.am.ActivityRecord.forTokenLocked(ActivityRecord.java:586)
06-05 20:00:43.427 W/ActivityManager( 1629): 	at com.android.server.am.ActivityRecord.isInStackLocked(ActivityRecord.java:1327)
06-05 20:00:43.427 W/ActivityManager( 1629): 	at com.android.server.am.ActivityRecord.getStackLocked(ActivityRecord.java:1332)
06-05 20:00:43.427 W/ActivityManager( 1629): 	at com.android.server.am.ActivityManagerService.getActivityDisplayId(ActivityManagerService.java:9806)
06-05 20:00:43.427 W/ActivityManager( 1629): 	at android.app.ActivityManagerNative.onTransact(ActivityManagerNative.java:2566)
06-05 20:00:43.427 W/ActivityManager( 1629): 	at com.android.server.am.ActivityManagerService.onTransact(ActivityManagerService.java:2757)
06-05 20:00:43.427 W/ActivityManager( 1629): 	at android.os.Binder.execTransact(Binder.java:565)
06-05 20:00:43.428 W/ActivityManager( 1629): Bad activity token: android.os.BinderProxy@98a809b
06-05 20:00:43.428 W/ActivityManager( 1629): java.lang.ClassCastException: android.os.BinderProxy cannot be cast to com.android.server.am.ActivityRecord$Token
06-05 20:00:43.428 W/ActivityManager( 1629): 	at com.android.server.am.ActivityRecord.forTokenLocked(ActivityRecord.java:586)
06-05 20:00:43.428 W/ActivityManager( 1629): 	at com.android.server.am.ActivityRecord.isInStackLocked(ActivityRecord.java:1327)
06-05 20:00:43.428 W/ActivityManager( 1629): 	at com.android.server.am.ActivityManagerService.setTaskDescription(ActivityManagerService.java:9358)
06-05 20:00:43.428 W/ActivityManager( 1629): 	at android.app.ActivityManagerNative.onTransact(ActivityManagerNative.java:2639)
06-05 20:00:43.428 W/ActivityManager( 1629): 	at com.android.server.am.ActivityManagerService.onTransact(ActivityManagerService.java:2757)
06-05 20:00:43.428 W/ActivityManager( 1629): 	at android.os.Binder.execTransact(Binder.java:565)
06-05 20:00:43.428 W/ActivityManager( 1629): Bad activity token: android.os.BinderProxy@98a809b
06-05 20:00:43.428 W/ActivityManager( 1629): java.lang.ClassCastException: android.os.BinderProxy cannot be cast to com.android.server.am.ActivityRecord$Token
06-05 20:00:43.428 W/ActivityManager( 1629): 	at com.android.server.am.ActivityRecord.forTokenLocked(ActivityRecord.java:586)
06-05 20:00:43.428 W/ActivityManager( 1629): 	at com.android.server.am.ActivityRecord.isInStackLocked(ActivityRecord.java:1327)
06-05 20:00:43.428 W/ActivityManager( 1629): 	at com.android.server.am.ActivityRecord.getStackLocked(ActivityRecord.java:1332)
06-05 20:00:43.428 W/ActivityManager( 1629): 	at com.android.server.am.ActivityManagerService.getActivityStackId(ActivityManagerService.java:9817)
06-05 20:00:43.428 W/ActivityManager( 1629): 	at android.app.ActivityManagerNative.onTransact(ActivityManagerNative.java:2856)
06-05 20:00:43.428 W/ActivityManager( 1629): 	at com.android.server.am.ActivityManagerService.onTransact(ActivityManagerService.java:2757)
06-05 20:00:43.428 W/ActivityManager( 1629): 	at android.os.Binder.execTransact(Binder.java:565)
06-05 20:00:43.435 D/EGL_emulation( 1711): eglMakeCurrent: 0x9f1709c0: ver 2 0 (tinfo 0xa0e61d00)
06-05 20:00:43.435 D/gralloc_ranchu( 1348): gralloc_alloc: Creating ashmem region of size 9023488
06-05 20:00:43.445 D/EGL_emulation( 1711): eglMakeCurrent: 0x9f1709c0: ver 2 0 (tinfo 0xa0e61d00)
06-05 20:00:43.449 W/ActivityManager( 1629): Bad activity token: android.os.BinderProxy@98a809b
06-05 20:00:43.449 W/ActivityManager( 1629): java.lang.ClassCastException: android.os.BinderProxy cannot be cast to com.android.server.am.ActivityRecord$Token
06-05 20:00:43.449 W/ActivityManager( 1629): 	at com.android.server.am.ActivityRecord.forTokenLocked(ActivityRecord.java:586)
06-05 20:00:43.449 W/ActivityManager( 1629): 	at com.android.server.am.ActivityRecord.isInStackLocked(ActivityRecord.java:1327)
06-05 20:00:43.449 W/ActivityManager( 1629): 	at com.android.server.am.ActivityManagerService.getActivityOptions(ActivityManagerService.java:12559)
06-05 20:00:43.449 W/ActivityManager( 1629): 	at android.app.ActivityManagerNative.onTransact(ActivityManagerNative.java:1933)
06-05 20:00:43.449 W/ActivityManager( 1629): 	at com.android.server.am.ActivityManagerService.onTransact(ActivityManagerService.java:2757)
06-05 20:00:43.449 W/ActivityManager( 1629): 	at android.os.Binder.execTransact(Binder.java:565)
06-05 20:00:43.449 W/ActivityManager( 1629): Bad activity token: android.os.BinderProxy@98a809b
06-05 20:00:43.449 W/ActivityManager( 1629): java.lang.ClassCastException: android.os.BinderProxy cannot be cast to com.android.server.am.ActivityRecord$Token
06-05 20:00:43.449 W/ActivityManager( 1629): 	at com.android.server.am.ActivityRecord.forTokenLocked(ActivityRecord.java:586)
06-05 20:00:43.449 W/ActivityManager( 1629): 	at com.android.server.am.ActivityRecord.isInStackLocked(ActivityRecord.java:1327)
06-05 20:00:43.449 W/ActivityManager( 1629): 	at com.android.server.am.ActivityManagerService.getActivityOptions(ActivityManagerService.java:12559)
06-05 20:00:43.449 W/ActivityManager( 1629): 	at android.app.ActivityManagerNative.onTransact(ActivityManagerNative.java:1933)
06-05 20:00:43.449 W/ActivityManager( 1629): 	at com.android.server.am.ActivityManagerService.onTransact(ActivityManagerService.java:2757)
06-05 20:00:43.449 W/ActivityManager( 1629): 	at android.os.Binder.execTransact(Binder.java:565)
06-05 20:00:43.457 D/EGL_emulation( 1711): eglMakeCurrent: 0x9f1709c0: ver 2 0 (tinfo 0xa0e61d00)
06-05 20:00:43.460 D/EGL_emulation( 1711): eglMakeCurrent: 0x9f1709c0: ver 2 0 (tinfo 0xa0e61d00)
06-05 20:00:43.469 V/PhoneStatusBar( 1711): setLightsOn(true)
06-05 20:00:43.485 D/gralloc_ranchu( 1348): gralloc_alloc: Creating ashmem region of size 9023488
06-05 20:00:43.491 D/EGL_emulation( 2147): eglMakeCurrent: 0xa3805360: ver 2 0 (tinfo 0xa3803630)
06-05 20:00:43.492 D/        (21946): HostConnection::get() New Host Connection established 0x921c12c0, tid 21946
06-05 20:00:43.493 D/EGL_emulation( 1711): eglMakeCurrent: 0x9f1709c0: ver 2 0 (tinfo 0xa0e61d00)
06-05 20:00:43.493 V/PhoneStatusBar( 1711): setLightsOn(true)
06-05 20:00:43.542 D/EGL_emulation( 1711): eglMakeCurrent: 0x9f1709c0: ver 2 0 (tinfo 0xa0e61d00)
06-05 20:00:43.546 D/EGL_emulation( 1711): eglMakeCurrent: 0x9f1709c0: ver 2 0 (tinfo 0xa0e61d00)
06-05 20:00:43.546 V/PhoneStatusBar( 1711): setLightsOn(true)
06-05 20:00:43.548 D/EGL_emulation( 1711): eglMakeCurrent: 0x9f1709c0: ver 2 0 (tinfo 0xa0e61d00)
06-05 20:00:43.551 D/EGL_emulation( 1711): eglMakeCurrent: 0x9f1709c0: ver 2 0 (tinfo 0xa0e61d00)
06-05 20:00:43.554 D/EGL_emulation( 1711): eglMakeCurrent: 0x9f1709c0: ver 2 0 (tinfo 0xa0e61d00)
06-05 20:00:43.568 D/EGL_emulation( 1711): eglMakeCurrent: 0x9f1709c0: ver 2 0 (tinfo 0xa0e61d00)
06-05 20:00:43.570 D/EGL_emulation( 1711): eglMakeCurrent: 0x9f1709c0: ver 2 0 (tinfo 0xa0e61d00)
06-05 20:00:43.584 D/gralloc_ranchu( 1348): gralloc_alloc: Creating ashmem region of size 9023488
06-05 20:00:43.584 D/EGL_emulation( 1711): eglMakeCurrent: 0x9f1709c0: ver 2 0 (tinfo 0xa0e61d00)
06-05 20:00:43.585 V/PhoneStatusBar( 1711): setLightsOn(true)
06-05 20:00:43.585 I/ActivityManager( 1629): Displayed com.evancharlton.mileage/.Mileage: +170ms
06-05 20:00:43.603 D/EGL_emulation( 1711): eglMakeCurrent: 0x9f1709c0: ver 2 0 (tinfo 0xa0e61d00)
06-05 20:00:43.609 D/EGL_emulation( 1711): eglMakeCurrent: 0x9f1709c0: ver 2 0 (tinfo 0xa0e61d00)
06-05 20:00:43.626 D/EGL_emulation( 1711): eglMakeCurrent: 0x9f1709c0: ver 2 0 (tinfo 0xa0e61d00)
06-05 20:00:43.631 D/EGL_emulation( 1711): eglMakeCurrent: 0x9f1709c0: ver 2 0 (tinfo 0xa0e61d00)
06-05 20:00:43.632 V/PhoneStatusBar( 1711): setLightsOn(true)
06-05 20:00:43.633 D/EGL_emulation( 1711): eglMakeCurrent: 0x9f1709c0: ver 2 0 (tinfo 0xa0e61d00)
06-05 20:00:43.635 D/EGL_emulation( 1711): eglMakeCurrent: 0x9f1709c0: ver 2 0 (tinfo 0xa0e61d00)
06-05 20:00:43.636 D/EGL_emulation( 1711): eglMakeCurrent: 0x9f1709c0: ver 2 0 (tinfo 0xa0e61d00)
06-05 20:00:43.652 I/WindowManager( 1629): Destroying surface Surface(name=com.evancharlton.mileage/com.evancharlton.mileage.VehicleTypeListActivity) called by com.android.server.wm.WindowStateAnimator.destroySurface:2016 com.android.server.wm.WindowStateAnimator.destroySurfaceLocked:882 com.android.server.wm.WindowState.removeLocked:1456 com.android.server.wm.WindowManagerService.removeWindowInnerLocked:2484 com.android.server.wm.AppWindowToken.destroySurfaces:365 com.android.server.wm.WindowStateAnimator.finishExit:565 com.android.server.wm.AppWindowAnimator.stepAnimationLocked:427 com.android.server.wm.WindowAnimator.updateAppWindowsLocked:196 
06-05 20:00:43.652 D/EGL_emulation( 1711): eglMakeCurrent: 0x9f1709c0: ver 2 0 (tinfo 0xa0e61d00)
06-05 20:00:43.654 D/EGL_emulation( 1711): eglMakeCurrent: 0x9f1709c0: ver 2 0 (tinfo 0xa0e61d00)
06-05 20:00:43.660 I/System.out(21946): URI: //map
06-05 20:00:43.660 I/System.out(21946): params: {json={"query":"* marked:'Vehicles'","operation":{"method_name":"query","arguments":[]}}
06-05 20:00:43.660 I/System.out(21946): }
06-05 20:00:43.669 D/EGL_emulation( 1711): eglMakeCurrent: 0x9f1709c0: ver 2 0 (tinfo 0xa0e61d00)
06-05 20:00:43.670 D/EGL_emulation( 1711): eglMakeCurrent: 0x9f1709c0: ver 2 0 (tinfo 0xa0e61d00)
06-05 20:00:43.673 W/ResourceType(21946): No package identifier when getting name for resource number 0x00000001
06-05 20:00:43.685 D/EGL_emulation( 1711): eglMakeCurrent: 0x9f1709c0: ver 2 0 (tinfo 0xa0e61d00)
06-05 20:00:43.685 V/PhoneStatusBar( 1711): setLightsOn(true)
06-05 20:00:43.689 D/EGL_emulation( 1711): eglMakeCurrent: 0x9f1709c0: ver 2 0 (tinfo 0xa0e61d00)
06-05 20:00:43.689 I/System.out(21946): URI: //gesture
06-05 20:00:43.689 I/System.out(21946): params: {json={"query_timeout":5.0,"gestures":[{"query_string":"* marked:'Vehicles'","touches":[{"x":50,"y":50,"offset_x":0,"offset_y":0,"wait":0.0,"time":0.2,"release":true,"query_string":null}]}]}
06-05 20:00:43.689 I/System.out(21946): }
06-05 20:00:43.695 W/ResourceType(21946): No package identifier when getting name for resource number 0x00000001
06-05 20:00:43.785 I/WindowManager( 1629): Destroying surface Surface(name=Starting com.evancharlton.mileage) called by com.android.server.wm.WindowStateAnimator.destroySurface:2016 com.android.server.wm.WindowStateAnimator.destroySurfaceLocked:882 com.android.server.wm.WindowState.destroyOrSaveSurface:2100 com.android.server.wm.AppWindowToken.destroySurfaces:363 com.android.server.wm.WindowStateAnimator.finishExit:565 com.android.server.wm.WindowStateAnimator.stepAnimationLocked:491 com.android.server.wm.WindowAnimator.updateWindowsLocked:303 com.android.server.wm.WindowAnimator.animateLocked:704 
06-05 20:00:43.786 V/PhoneStatusBar( 1711): setLightsOn(true)
06-05 20:00:43.818 V/PhoneStatusBar( 1711): setLightsOn(true)
06-05 20:00:43.925 I/calabash(21946): newActivity1
06-05 20:00:43.927 W/ActivityManager( 1629): Bad activity token: android.os.BinderProxy@a5576bd
06-05 20:00:43.927 W/ActivityManager( 1629): java.lang.ClassCastException: android.os.BinderProxy cannot be cast to com.android.server.am.ActivityRecord$Token
06-05 20:00:43.927 W/ActivityManager( 1629): 	at com.android.server.am.ActivityRecord.forTokenLocked(ActivityRecord.java:586)
06-05 20:00:43.927 W/ActivityManager( 1629): 	at com.android.server.am.ActivityRecord.isInStackLocked(ActivityRecord.java:1327)
06-05 20:00:43.927 W/ActivityManager( 1629): 	at com.android.server.am.ActivityRecord.getStackLocked(ActivityRecord.java:1332)
06-05 20:00:43.927 W/ActivityManager( 1629): 	at com.android.server.am.ActivityManagerService.getActivityDisplayId(ActivityManagerService.java:9806)
06-05 20:00:43.927 W/ActivityManager( 1629): 	at android.app.ActivityManagerNative.onTransact(ActivityManagerNative.java:2566)
06-05 20:00:43.927 W/ActivityManager( 1629): 	at com.android.server.am.ActivityManagerService.onTransact(ActivityManagerService.java:2757)
06-05 20:00:43.927 W/ActivityManager( 1629): 	at android.os.Binder.execTransact(Binder.java:565)
06-05 20:00:43.930 W/ActivityManager( 1629): Bad activity token: android.os.BinderProxy@a5576bd
06-05 20:00:43.930 W/ActivityManager( 1629): java.lang.ClassCastException: android.os.BinderProxy cannot be cast to com.android.server.am.ActivityRecord$Token
06-05 20:00:43.930 W/ActivityManager( 1629): 	at com.android.server.am.ActivityRecord.forTokenLocked(ActivityRecord.java:586)
06-05 20:00:43.930 W/ActivityManager( 1629): 	at com.android.server.am.ActivityRecord.isInStackLocked(ActivityRecord.java:1327)
06-05 20:00:43.930 W/ActivityManager( 1629): 	at com.android.server.am.ActivityManagerService.setTaskDescription(ActivityManagerService.java:9358)
06-05 20:00:43.930 W/ActivityManager( 1629): 	at android.app.ActivityManagerNative.onTransact(ActivityManagerNative.java:2639)
06-05 20:00:43.930 W/ActivityManager( 1629): 	at com.android.server.am.ActivityManagerService.onTransact(ActivityManagerService.java:2757)
06-05 20:00:43.930 W/ActivityManager( 1629): 	at android.os.Binder.execTransact(Binder.java:565)
06-05 20:00:43.932 W/ActivityManager( 1629): Bad activity token: android.os.BinderProxy@a5576bd
06-05 20:00:43.932 W/ActivityManager( 1629): java.lang.ClassCastException: android.os.BinderProxy cannot be cast to com.android.server.am.ActivityRecord$Token
06-05 20:00:43.932 W/ActivityManager( 1629): 	at com.android.server.am.ActivityRecord.forTokenLocked(ActivityRecord.java:586)
06-05 20:00:43.932 W/ActivityManager( 1629): 	at com.android.server.am.ActivityRecord.isInStackLocked(ActivityRecord.java:1327)
06-05 20:00:43.932 W/ActivityManager( 1629): 	at com.android.server.am.ActivityRecord.getStackLocked(ActivityRecord.java:1332)
06-05 20:00:43.932 W/ActivityManager( 1629): 	at com.android.server.am.ActivityManagerService.getActivityStackId(ActivityManagerService.java:9817)
06-05 20:00:43.932 W/ActivityManager( 1629): 	at android.app.ActivityManagerNative.onTransact(ActivityManagerNative.java:2856)
06-05 20:00:43.932 W/ActivityManager( 1629): 	at com.android.server.am.ActivityManagerService.onTransact(ActivityManagerService.java:2757)
06-05 20:00:43.932 W/ActivityManager( 1629): 	at android.os.Binder.execTransact(Binder.java:565)
06-05 20:00:43.935 V/PhoneStatusBar( 1711): setLightsOn(true)
06-05 20:00:43.940 W/ActivityManager( 1629): Bad activity token: android.os.BinderProxy@a5576bd
06-05 20:00:43.940 W/ActivityManager( 1629): java.lang.ClassCastException: android.os.BinderProxy cannot be cast to com.android.server.am.ActivityRecord$Token
06-05 20:00:43.940 W/ActivityManager( 1629): 	at com.android.server.am.ActivityRecord.forTokenLocked(ActivityRecord.java:586)
06-05 20:00:43.940 W/ActivityManager( 1629): 	at com.android.server.am.ActivityRecord.isInStackLocked(ActivityRecord.java:1327)
06-05 20:00:43.940 W/ActivityManager( 1629): 	at com.android.server.am.ActivityManagerService.getActivityOptions(ActivityManagerService.java:12559)
06-05 20:00:43.940 W/ActivityManager( 1629): 	at android.app.ActivityManagerNative.onTransact(ActivityManagerNative.java:1933)
06-05 20:00:43.940 W/ActivityManager( 1629): 	at com.android.server.am.ActivityManagerService.onTransact(ActivityManagerService.java:2757)
06-05 20:00:43.940 W/ActivityManager( 1629): 	at android.os.Binder.execTransact(Binder.java:565)
06-05 20:00:43.941 W/ActivityManager( 1629): Bad activity token: android.os.BinderProxy@a5576bd
06-05 20:00:43.941 W/ActivityManager( 1629): java.lang.ClassCastException: android.os.BinderProxy cannot be cast to com.android.server.am.ActivityRecord$Token
06-05 20:00:43.941 W/ActivityManager( 1629): 	at com.android.server.am.ActivityRecord.forTokenLocked(ActivityRecord.java:586)
06-05 20:00:43.941 W/ActivityManager( 1629): 	at com.android.server.am.ActivityRecord.isInStackLocked(ActivityRecord.java:1327)
06-05 20:00:43.941 W/ActivityManager( 1629): 	at com.android.server.am.ActivityManagerService.getActivityOptions(ActivityManagerService.java:12559)
06-05 20:00:43.941 W/ActivityManager( 1629): 	at android.app.ActivityManagerNative.onTransact(ActivityManagerNative.java:1933)
06-05 20:00:43.941 W/ActivityManager( 1629): 	at com.android.server.am.ActivityManagerService.onTransact(ActivityManagerService.java:2757)
06-05 20:00:43.941 W/ActivityManager( 1629): 	at android.os.Binder.execTransact(Binder.java:565)
06-05 20:00:44.218 V/PhoneStatusBar( 1711): setLightsOn(true)
06-05 20:00:44.218 V/PhoneStatusBar( 1711): setLightsOn(true)
06-05 20:00:44.219 W/OpenGLRenderer( 2147): Incorrectly called buildLayer on View: ShortcutAndWidgetContainer, destroying layer...
06-05 20:00:44.235 V/PhoneStatusBar( 1711): setLightsOn(true)
06-05 20:00:44.235 I/WindowManager( 1629): Destroying surface Surface(name=com.android.launcher3/com.android.launcher3.Launcher) called by com.android.server.wm.WindowStateAnimator.destroySurface:2016 com.android.server.wm.WindowStateAnimator.destroySurfaceLocked:882 com.android.server.wm.WindowState.destroyOrSaveSurface:2100 com.android.server.wm.AppWindowToken.destroySurfaces:363 com.android.server.wm.AppWindowToken.notifyAppStopped:389 com.android.server.wm.WindowManagerService.notifyAppStopped:4463 com.android.server.am.ActivityStack.activityStoppedLocked:1252 com.android.server.am.ActivityManagerService.activityStopped:6903 
06-05 20:00:44.950 I/System.out(21946): URI: //
06-05 20:00:44.950 I/System.out(21946): params: {json={"command":"press_key","arguments":["KEYCODE_MENU"]}
06-05 20:00:44.950 I/System.out(21946): }
06-05 20:00:44.950 I/System.out(21946): header: {content-type=application/json;charset=utf-8, date=Sat, 06 Jun 2020 01:00:45 GMT, accept=*/*, host=127.0.0.1:34783, content-length=52, user-agent=HTTPClient/1.0 (2.8.3, ruby 2.5.1 (2018-03-29))}
06-05 20:00:44.950 I/System.out(21946): params: {json={"command":"press_key","arguments":["KEYCODE_MENU"]}
06-05 20:00:44.950 I/System.out(21946): }
06-05 20:00:44.950 I/System.out(21946): ProP json = {"command":"press_key","arguments":["KEYCODE_MENU"]}
06-05 20:00:44.950 I/System.out(21946): files: {}
06-05 20:00:44.950 I/System.out(21946): command: {"command":"press_key","arguments":["KEYCODE_MENU"]}
06-05 20:00:44.951 I/InstrumentationBackend(21946): Got command:'Command:'Line:null,press_key', arguments:'[KEYCODE_MENU]'
06-05 20:00:44.961 V/PhoneStatusBar( 1711): setLightsOn(true)
06-05 20:00:44.965 I/System.out(21946): result:{"bonusInformation":[],"message":"","success":true}
06-05 20:00:44.969 I/System.out(21946): URI: //map
06-05 20:00:44.969 I/System.out(21946): params: {json={"query":"* marked:'Edit vehicle types'","operation":{"method_name":"query","arguments":[]}}
06-05 20:00:44.969 I/System.out(21946): }
06-05 20:00:44.971 V/PhoneStatusBar( 1711): setLightsOn(true)
06-05 20:00:44.985 V/PhoneStatusBar( 1711): setLightsOn(true)
06-05 20:00:45.002 V/PhoneStatusBar( 1711): setLightsOn(true)
06-05 20:00:45.003 D/gralloc_ranchu( 1348): gralloc_alloc: Creating ashmem region of size 1720320
06-05 20:00:45.010 V/PhoneStatusBar( 1711): setLightsOn(true)
06-05 20:00:45.010 W/ResourceType(21946): No package identifier when getting name for resource number 0x00000001
06-05 20:00:45.010 V/PhoneStatusBar( 1711): setLightsOn(true)
06-05 20:00:45.013 I/art     (21946): Do partial code cache collection, code=30KB, data=28KB
06-05 20:00:45.013 I/art     (21946): After code cache collection, code=29KB, data=28KB
06-05 20:00:45.013 I/art     (21946): Increasing code cache capacity to 128KB
06-05 20:00:45.018 V/PhoneStatusBar( 1711): setLightsOn(true)
06-05 20:00:45.019 I/System.out(21946): URI: //gesture
06-05 20:00:45.019 I/System.out(21946): params: {json={"query_timeout":5.0,"gestures":[{"query_string":"* marked:'Edit vehicle types'","touches":[{"x":50,"y":50,"offset_x":0,"offset_y":0,"wait":0.0,"time":0.2,"release":true,"query_string":null}]}]}
06-05 20:00:45.019 I/System.out(21946): }
06-05 20:00:45.026 W/ResourceType(21946): No package identifier when getting name for resource number 0x00000001
06-05 20:00:45.135 D/gralloc_ranchu( 1348): gralloc_alloc: Creating ashmem region of size 1720320
06-05 20:00:45.223 D/gralloc_ranchu( 1348): gralloc_alloc: Creating ashmem region of size 9023488
06-05 20:00:45.236 V/PhoneStatusBar( 1711): setLightsOn(true)
06-05 20:00:45.345 I/System.out(21946): URI: //map
06-05 20:00:45.345 I/System.out(21946): params: {json={"query":"* marked:'Sedan'","operation":{"method_name":"query","arguments":[]}}
06-05 20:00:45.345 I/System.out(21946): }
06-05 20:00:45.366 I/ActivityManager( 1629): START u0 {cmp=com.evancharlton.mileage/.VehicleTypeListActivity} from uid 10196 on display 0
06-05 20:00:45.367 V/PhoneStatusBar( 1711): setLightsOn(true)
06-05 20:00:45.368 V/PhoneStatusBar( 1711): setLightsOn(true)
06-05 20:00:45.394 I/WindowManager( 1629): Destroying surface Surface(name=AtchDlg:com.evancharlton.mileage/com.evancharlton.mileage.VehicleListActivity) called by com.android.server.wm.WindowStateAnimator.destroySurface:2016 com.android.server.wm.WindowStateAnimator.destroySurfaceLocked:882 com.android.server.wm.WindowState.removeLocked:1456 com.android.server.wm.WindowManagerService.removeWindowInnerLocked:2484 com.android.server.wm.WindowManagerService.removeWindowLocked:2442 com.android.server.wm.WindowManagerService.removeWindowLocked:2311 com.android.server.wm.WindowManagerService.removeWindow:2306 com.android.server.wm.Session.remove:202 
06-05 20:00:45.396 W/ResourceType(21946): No package identifier when getting name for resource number 0x00000001
06-05 20:00:45.423 I/calabash(21946): newActivity1
06-05 20:00:45.469 V/PhoneStatusBar( 1711): setLightsOn(true)
06-05 20:00:45.478 D/gralloc_ranchu( 1348): gralloc_alloc: Creating ashmem region of size 9023488
06-05 20:00:45.485 V/PhoneStatusBar( 1711): setLightsOn(true)
06-05 20:00:45.518 D/gralloc_ranchu( 1348): gralloc_alloc: Creating ashmem region of size 9023488
06-05 20:00:45.522 I/ActivityManager( 1629): Displayed com.evancharlton.mileage/.VehicleTypeListActivity: +130ms
06-05 20:00:45.535 V/PhoneStatusBar( 1711): setLightsOn(true)
06-05 20:00:45.569 V/PhoneStatusBar( 1711): setLightsOn(true)
06-05 20:00:45.585 V/PhoneStatusBar( 1711): setLightsOn(true)
06-05 20:00:45.702 I/System.out(21946): URI: //map
06-05 20:00:45.702 I/System.out(21946): params: {json={"query":"* marked:'Sedan'","operation":{"method_name":"query","arguments":[]}}
06-05 20:00:45.702 I/System.out(21946): }
06-05 20:00:45.707 W/ResourceType(21946): No package identifier when getting name for resource number 0x00000001
06-05 20:00:45.714 I/System.out(21946): URI: //gesture
06-05 20:00:45.714 I/System.out(21946): params: {json={"query_timeout":5.0,"gestures":[{"query_string":"* marked:'Sedan'","touches":[{"x":50,"y":50,"offset_x":0,"offset_y":0,"wait":0.0,"time":0.2,"release":true,"query_string":null}]}]}
06-05 20:00:45.714 I/System.out(21946): }
06-05 20:00:45.718 W/ResourceType(21946): No package identifier when getting name for resource number 0x00000001
06-05 20:00:45.768 V/PhoneStatusBar( 1711): setLightsOn(true)
06-05 20:00:45.862 D/gralloc_ranchu( 1348): gralloc_alloc: Creating ashmem region of size 9023488
06-05 20:00:45.901 V/PhoneStatusBar( 1711): setLightsOn(true)
06-05 20:00:45.902 V/PhoneStatusBar( 1711): setLightsOn(true)
06-05 20:00:45.918 V/PhoneStatusBar( 1711): setLightsOn(true)
06-05 20:00:45.963 I/WindowManager( 1629): Destroying surface Surface(name=com.evancharlton.mileage/com.evancharlton.mileage.Mileage) called by com.android.server.wm.WindowStateAnimator.destroySurface:2016 com.android.server.wm.WindowStateAnimator.destroySurfaceLocked:882 com.android.server.wm.WindowState.destroyOrSaveSurface:2100 com.android.server.wm.WindowManagerService.tryStartExitingAnimation:3024 com.android.server.wm.WindowManagerService.relayoutWindow:2904 com.android.server.wm.Session.relayout:224 android.view.IWindowSession$Stub.onTransact:286 com.android.server.wm.Session.onTransact:145 
06-05 20:00:45.964 V/PhoneStatusBar( 1711): setLightsOn(true)
06-05 20:00:46.001 I/System.out(21946): URI: //gesture
06-05 20:00:46.001 I/System.out(21946): params: {json={"query_timeout":5.0,"gestures":[{"query_string":"android.widget.EditText index:1","touches":[{"x":50,"y":50,"offset_x":0,"offset_y":0,"wait":0.0,"time":0.2,"release":true,"query_string":null}]}]}
06-05 20:00:46.001 I/System.out(21946): }
06-05 20:00:46.055 I/ActivityManager( 1629): START u0 {cmp=com.evancharlton.mileage/.VehicleTypeActivity (has extras)} from uid 10196 on display 0
06-05 20:00:46.056 V/PhoneStatusBar( 1711): setLightsOn(true)
06-05 20:00:46.056 V/PhoneStatusBar( 1711): setLightsOn(true)
06-05 20:00:46.113 I/calabash(21946): newActivity1
06-05 20:00:46.151 V/PhoneStatusBar( 1711): setLightsOn(true)
06-05 20:00:46.153 D/gralloc_ranchu( 1348): gralloc_alloc: Creating ashmem region of size 9023488
06-05 20:00:46.169 V/PhoneStatusBar( 1711): setLightsOn(true)
06-05 20:00:46.183 W/InputMethodService( 1696): Window size has been changed. This may cause jankiness of resizing window: -1 -> -2
06-05 20:00:46.183 I/ActivityManager( 1629): Displayed com.evancharlton.mileage/.VehicleTypeActivity: +72ms
06-05 20:00:46.184 D/gralloc_ranchu( 1348): gralloc_alloc: Creating ashmem region of size 9023488
06-05 20:00:46.185 V/PhoneStatusBar( 1711): setLightsOn(true)
06-05 20:00:46.192 I/LatinIME( 1696): Starting input. Cursor position = 0,0
06-05 20:00:46.201 V/PhoneStatusBar( 1711): setLightsOn(true)
06-05 20:00:46.269 V/PhoneStatusBar( 1711): setLightsOn(true)
06-05 20:00:46.374 D/EGL_emulation( 1711): eglMakeCurrent: 0x9f1709c0: ver 2 0 (tinfo 0xa0e61d00)
06-05 20:00:46.385 D/EGL_emulation( 1711): eglMakeCurrent: 0x9f1709c0: ver 2 0 (tinfo 0xa0e61d00)
06-05 20:00:46.386 V/PhoneStatusBar( 1711): setLightsOn(true)
06-05 20:00:46.392 D/EGL_emulation( 1696): eglMakeCurrent: 0xa38054e0: ver 2 0 (tinfo 0xa38035d0)
06-05 20:00:46.402 V/PhoneStatusBar( 1711): setLightsOn(true)
06-05 20:00:46.404 V/PhoneStatusBar( 1711): setLightsOn(true)
06-05 20:00:46.418 V/PhoneStatusBar( 1711): setLightsOn(true)
06-05 20:00:46.420 V/PhoneStatusBar( 1711): setLightsOn(true)
06-05 20:00:46.552 V/PhoneStatusBar( 1711): setLightsOn(true)
06-05 20:00:46.552 V/PhoneStatusBar( 1711): setLightsOn(true)
06-05 20:00:46.568 I/WindowManager( 1629): Destroying surface Surface(name=com.evancharlton.mileage/com.evancharlton.mileage.VehicleTypeListActivity) called by com.android.server.wm.WindowStateAnimator.destroySurface:2016 com.android.server.wm.WindowStateAnimator.destroySurfaceLocked:882 com.android.server.wm.WindowState.destroyOrSaveSurface:2100 com.android.server.wm.WindowManagerService.tryStartExitingAnimation:3024 com.android.server.wm.WindowManagerService.relayoutWindow:2904 com.android.server.wm.Session.relayout:224 android.view.IWindowSession$Stub.onTransact:286 com.android.server.wm.Session.onTransact:145 
06-05 20:00:46.569 V/PhoneStatusBar( 1711): setLightsOn(true)
06-05 20:00:46.570 V/PhoneStatusBar( 1711): setLightsOn(true)
06-05 20:00:46.635 V/PhoneStatusBar( 1711): setLightsOn(true)
06-05 20:00:46.759 I/LatinIME( 1696): Starting input. Cursor position = 15,15
06-05 20:00:46.811 W/IInputConnectionWrapper(21946): finishComposingText on inactive InputConnection
06-05 20:00:46.811 W/IInputConnectionWrapper(21946): finishComposingText on inactive InputConnection
06-05 20:00:46.813 V/PhoneStatusBar( 1711): setLightsOn(true)
06-05 20:00:46.818 V/PhoneStatusBar( 1711): setLightsOn(true)
06-05 20:00:46.834 D/gralloc_ranchu( 1348): gralloc_alloc: Creating ashmem region of size 49152
06-05 20:00:46.838 V/PhoneStatusBar( 1711): setLightsOn(true)
06-05 20:00:46.839 V/PhoneStatusBar( 1711): setLightsOn(true)
06-05 20:00:46.852 V/PhoneStatusBar( 1711): setLightsOn(true)
06-05 20:00:46.951 D/gralloc_ranchu( 1348): gralloc_alloc: Creating ashmem region of size 49152
06-05 20:00:46.951 V/PhoneStatusBar( 1711): setLightsOn(true)
06-05 20:00:47.271 I/System.out(21946): URI: //
06-05 20:00:47.271 I/System.out(21946): params: {json={"command":"set_selection","arguments":[-1,-1]}
06-05 20:00:47.271 I/System.out(21946): }
06-05 20:00:47.271 I/System.out(21946): header: {content-type=application/json;charset=utf-8, date=Sat, 06 Jun 2020 01:00:48 GMT, accept=*/*, host=127.0.0.1:34783, content-length=47, user-agent=HTTPClient/1.0 (2.8.3, ruby 2.5.1 (2018-03-29))}
06-05 20:00:47.271 I/System.out(21946): params: {json={"command":"set_selection","arguments":[-1,-1]}
06-05 20:00:47.271 I/System.out(21946): }
06-05 20:00:47.271 I/System.out(21946): ProP json = {"command":"set_selection","arguments":[-1,-1]}
06-05 20:00:47.271 I/System.out(21946): files: {}
06-05 20:00:47.271 I/System.out(21946): command: {"command":"set_selection","arguments":[-1,-1]}
06-05 20:00:47.275 I/InstrumentationBackend(21946): Got command:'Command:'Line:null,set_selection', arguments:'[-1, -1]'
06-05 20:00:47.288 I/System.out(21946): result:{"bonusInformation":[],"message":"","success":true}
06-05 20:00:47.394 I/System.out(21946): URI: //
06-05 20:00:47.394 I/System.out(21946): params: {json={"command":"delete_surrounding_text","arguments":[-1,0]}
06-05 20:00:47.394 I/System.out(21946): }
06-05 20:00:47.395 I/System.out(21946): header: {content-type=application/json;charset=utf-8, date=Sat, 06 Jun 2020 01:00:48 GMT, accept=*/*, host=127.0.0.1:34783, content-length=56, user-agent=HTTPClient/1.0 (2.8.3, ruby 2.5.1 (2018-03-29))}
06-05 20:00:47.395 I/System.out(21946): params: {json={"command":"delete_surrounding_text","arguments":[-1,0]}
06-05 20:00:47.395 I/System.out(21946): }
06-05 20:00:47.395 I/System.out(21946): ProP json = {"command":"delete_surrounding_text","arguments":[-1,0]}
06-05 20:00:47.395 I/System.out(21946): files: {}
06-05 20:00:47.395 I/System.out(21946): command: {"command":"delete_surrounding_text","arguments":[-1,0]}
06-05 20:00:47.396 I/InstrumentationBackend(21946): Got command:'Command:'Line:null,delete_surrounding_text', arguments:'[-1, 0]'
06-05 20:00:47.408 D/gralloc_ranchu( 1348): gralloc_alloc: Creating ashmem region of size 9023488
06-05 20:00:47.450 E/SpannableStringBuilder(21946): SPAN_EXCLUSIVE_EXCLUSIVE spans cannot have a zero length
06-05 20:00:47.450 E/SpannableStringBuilder(21946): SPAN_EXCLUSIVE_EXCLUSIVE spans cannot have a zero length
06-05 20:00:47.451 V/PhoneStatusBar( 1711): setLightsOn(true)
06-05 20:00:47.454 I/System.out(21946): result:{"bonusInformation":[],"message":"","success":true}
06-05 20:00:47.457 I/System.out(21946): URI: //map
06-05 20:00:47.457 I/System.out(21946): params: {json={"query":"android.widget.EditText index:1","operation":{"method_name":"query","arguments":[]}}
06-05 20:00:47.457 I/System.out(21946): }
06-05 20:00:47.526 I/System.out(21946): URI: //gesture
06-05 20:00:47.526 I/System.out(21946): params: {json={"query_timeout":5.0,"gestures":[{"query_string":"android.widget.EditText index:1","touches":[{"x":50,"y":50,"offset_x":0,"offset_y":0,"wait":0.0,"time":0.2,"release":true,"query_string":null}]}]}
06-05 20:00:47.526 I/System.out(21946): }
06-05 20:00:47.634 I/WindowManager( 1629): Destroying surface Surface(name=PopupWindow:6be2ad8) called by com.android.server.wm.WindowStateAnimator.destroySurface:2016 com.android.server.wm.WindowStateAnimator.destroySurfaceLocked:882 com.android.server.wm.WindowState.destroyOrSaveSurface:2100 com.android.server.wm.AppWindowToken.destroySurfaces:363 com.android.server.wm.WindowStateAnimator.finishExit:565 com.android.server.wm.WindowStateAnimator.stepAnimationLocked:491 com.android.server.wm.WindowAnimator.updateWindowsLocked:303 com.android.server.wm.WindowAnimator.animateLocked:704 
06-05 20:00:47.635 V/PhoneStatusBar( 1711): setLightsOn(true)
06-05 20:00:47.636 V/PhoneStatusBar( 1711): setLightsOn(true)
06-05 20:00:48.328 I/System.out(21946): URI: //
06-05 20:00:48.328 I/System.out(21946): params: {json={"command":"set_selection","arguments":[-1,-1]}
06-05 20:00:48.328 I/System.out(21946): }
06-05 20:00:48.328 I/System.out(21946): header: {content-type=application/json;charset=utf-8, date=Sat, 06 Jun 2020 01:00:49 GMT, accept=*/*, host=127.0.0.1:34783, content-length=47, user-agent=HTTPClient/1.0 (2.8.3, ruby 2.5.1 (2018-03-29))}
06-05 20:00:48.328 I/System.out(21946): params: {json={"command":"set_selection","arguments":[-1,-1]}
06-05 20:00:48.328 I/System.out(21946): }
06-05 20:00:48.328 I/System.out(21946): ProP json = {"command":"set_selection","arguments":[-1,-1]}
06-05 20:00:48.328 I/System.out(21946): files: {}
06-05 20:00:48.328 I/System.out(21946): command: {"command":"set_selection","arguments":[-1,-1]}
06-05 20:00:48.330 I/InstrumentationBackend(21946): Got command:'Command:'Line:null,set_selection', arguments:'[-1, -1]'
06-05 20:00:48.335 I/System.out(21946): result:{"bonusInformation":[],"message":"","success":true}
06-05 20:00:48.352 I/System.out(21946): URI: //
06-05 20:00:48.352 I/System.out(21946): params: {json={"command":"keyboard_enter_text","arguments":["5 Passengers"]}
06-05 20:00:48.352 I/System.out(21946): }
06-05 20:00:48.352 I/System.out(21946): header: {content-type=application/json;charset=utf-8, date=Sat, 06 Jun 2020 01:00:49 GMT, accept=*/*, host=127.0.0.1:34783, content-length=62, user-agent=HTTPClient/1.0 (2.8.3, ruby 2.5.1 (2018-03-29))}
06-05 20:00:48.352 I/System.out(21946): params: {json={"command":"keyboard_enter_text","arguments":["5 Passengers"]}
06-05 20:00:48.352 I/System.out(21946): }
06-05 20:00:48.352 I/System.out(21946): ProP json = {"command":"keyboard_enter_text","arguments":["5 Passengers"]}
06-05 20:00:48.352 I/System.out(21946): files: {}
06-05 20:00:48.352 I/System.out(21946): command: {"command":"keyboard_enter_text","arguments":["5 Passengers"]}
06-05 20:00:48.354 I/InstrumentationBackend(21946): Got command:'Command:'Line:null,keyboard_enter_text', arguments:'[5 Passengers]'
06-05 20:00:48.354 E/SpannableStringBuilder(21946): SPAN_EXCLUSIVE_EXCLUSIVE spans cannot have a zero length
06-05 20:00:48.354 E/SpannableStringBuilder(21946): SPAN_EXCLUSIVE_EXCLUSIVE spans cannot have a zero length
06-05 20:00:48.357 I/LatinIME:LogUtils( 1696): Dictionary info: dictionary = spellcheck_userunigram.en_US ; version = 1591405248 ; date = ?
06-05 20:00:48.360 E/SpannableStringBuilder(21946): SPAN_EXCLUSIVE_EXCLUSIVE spans cannot have a zero length
