--------- beginning of main
06-05 18:34:55.789 V/PhoneStatusBar( 1711): setLightsOn(true)
06-05 18:34:55.791 V/PhoneStatusBar( 1711): setLightsOn(true)
--------- beginning of system
06-05 18:34:55.791 W/ActivityManager( 1629): Finishing task with all activities already finished
06-05 18:34:55.791 W/ActivityManager( 1629): Duplicate finish request for ActivityRecord{d5caf03 u0 com.evancharlton.mileage/.Mileage t3095 f}
06-05 18:34:55.806 D/gralloc_ranchu( 1346): gralloc_alloc: Creating ashmem region of size 3145728
06-05 18:34:55.810 E/EGL_emulation( 1346): tid 1346: eglCreateSyncKHR(1901): error 0x3004 (EGL_BAD_ATTRIBUTE)
06-05 18:34:55.822 W/ActivityManager( 1629): Finishing task with all activities already finished
06-05 18:34:55.822 W/ActivityManager( 1629): Duplicate finish request for ActivityRecord{d5caf03 u0 com.evancharlton.mileage/.Mileage t3095 f}
06-05 18:34:55.822 W/ActivityManager( 1629): Finishing task with all activities already finished
06-05 18:34:55.822 W/ActivityManager( 1629): Duplicate finish request for ActivityRecord{d5caf03 u0 com.evancharlton.mileage/.Mileage t3095 f}
06-05 18:34:55.823 W/ActivityManager( 1629): Finishing task with all activities already finished
06-05 18:34:55.823 W/ActivityManager( 1629): Duplicate finish request for ActivityRecord{d5caf03 u0 com.evancharlton.mileage/.Mileage t3095 f}
06-05 18:34:55.823 W/ActivityManager( 1629): Finishing task with all activities already finished
06-05 18:34:55.823 W/ActivityManager( 1629): Duplicate finish request for ActivityRecord{d5caf03 u0 com.evancharlton.mileage/.Mileage t3095 f}
06-05 18:34:55.855 D/EGL_emulation( 1711): eglMakeCurrent: 0xa5b6bd80: ver 2 0 (tinfo 0xb1367140)
06-05 18:34:55.870 D/EGL_emulation( 1711): eglMakeCurrent: 0xa5b6bd80: ver 2 0 (tinfo 0xb1367140)
06-05 18:34:55.872 D/EGL_emulation( 2150): eglMakeCurrent: 0xb4f852a0: ver 2 0 (tinfo 0xb4f832e0)
06-05 18:34:55.893 D/AndroidRuntime( 6646): >>>>>> START com.android.internal.os.RuntimeInit uid 2000 <<<<<<
06-05 18:34:55.894 D/AndroidRuntime( 6646): CheckJNI is ON
06-05 18:34:55.904 W/art     ( 6646): Unexpected CPU variant for X86 using defaults: x86
06-05 18:34:55.905 D/EGL_emulation( 1711): eglMakeCurrent: 0xa5b6bd80: ver 2 0 (tinfo 0xb1367140)
06-05 18:34:55.906 D/ICU     ( 6646): No timezone override file found: /data/misc/zoneinfo/current/icu/icu_tzdata.dat
06-05 18:34:55.914 E/memtrack( 6646): Couldn't load memtrack module (No such file or directory)
06-05 18:34:55.914 E/android.os.Debug( 6646): failed to load memtrack module: -2
06-05 18:34:55.915 I/Radio-JNI( 6646): register_android_hardware_Radio DONE
06-05 18:34:55.919 D/AndroidRuntime( 6646): Calling main entry com.android.commands.am.Am
06-05 18:34:55.920 I/ActivityManager( 1629): Force stopping com.evancharlton.mileage appid=10160 user=0: start instr
06-05 18:34:55.920 I/ActivityManager( 1629): Killing 6598:com.evancharlton.mileage/u0a160 (adj 0): stop com.evancharlton.mileage
06-05 18:34:55.920 D/ActivityManager( 1629): cleanUpApplicationRecord -- 6598
06-05 18:34:55.921 D/EGL_emulation( 1711): eglMakeCurrent: 0xa5b6bd80: ver 2 0 (tinfo 0xb1367140)
06-05 18:34:55.922 W/ActivityManager( 1629): Crash of app com.evancharlton.mileage running instrumentation ComponentInfo{com.evancharlton.mileage.test/sh.calaba.instrumentationbackend.CalabashInstrumentationTestRunner}
06-05 18:34:55.922 I/ActivityManager( 1629): Force stopping com.evancharlton.mileage appid=10160 user=0: finished inst
06-05 18:34:55.923 D/EGL_emulation( 1711): eglMakeCurrent: 0xa5b6bd80: ver 2 0 (tinfo 0xb1367140)
06-05 18:34:55.925 I/art     ( 6656): Not late-enabling -Xcheck:jni (already on)
06-05 18:34:55.925 W/art     ( 6656): Unexpected CPU variant for X86 using defaults: x86
06-05 18:34:55.933 I/ActivityManager( 1629): Start proc 6656:com.evancharlton.mileage/u0a160 for added application com.evancharlton.mileage
06-05 18:34:55.933 D/AndroidRuntime( 6646): Shutting down VM
06-05 18:34:55.937 D/EGL_emulation( 1711): eglMakeCurrent: 0xa5b6bd80: ver 2 0 (tinfo 0xb1367140)
06-05 18:34:55.938 W/System  ( 6656): ClassLoader referenced unknown path: /data/app/com.evancharlton.mileage.test-1/lib/x86
06-05 18:34:55.938 W/System  ( 6656): ClassLoader referenced unknown path: /data/app/com.evancharlton.mileage-1/lib/x86
06-05 18:34:55.939 D/EGL_emulation( 1711): eglMakeCurrent: 0xa5b6bd80: ver 2 0 (tinfo 0xb1367140)
06-05 18:34:55.940 W/System  ( 6656): ClassLoader referenced unknown path: 
06-05 18:34:55.943 I/System.out( 6656): Main activity name automatically set to: com.evancharlton.mileage.Mileage
06-05 18:34:55.944 I/System.out( 6656): Calabash did not load Mono. This is only a problem if you are trying to test a Mono application
06-05 18:34:55.944 I/calabash( 6656): Test server port: 7102
06-05 18:34:55.944 I/InstrumentationBackend( 6656): Added:'GetPreferences', with key:'get_preferences'
06-05 18:34:55.948 I/InstrumentationBackend( 6656): Added:'SetPreferences', with key:'set_preferences'
06-05 18:34:55.948 I/InstrumentationBackend( 6656): Added:'ClearPreferences', with key:'clear_preferences'
06-05 18:34:55.948 I/InstrumentationBackend( 6656): Added:'PressElement', with key:'press_l10n_element'
06-05 18:34:55.948 I/InstrumentationBackend( 6656): Added:'WaitForElement', with key:'wait_for_l10n_element'
06-05 18:34:55.948 I/InstrumentationBackend( 6656): Added:'NullAction', with key:'nullAction'
06-05 18:34:55.948 I/InstrumentationBackend( 6656): Added:'PressKey', with key:'press_key'
06-05 18:34:55.948 I/InstrumentationBackend( 6656): Added:'SetActivityOrientation', with key:'set_activity_orientation'
06-05 18:34:55.948 I/InstrumentationBackend( 6656): Added:'GetActivityOrientation', with key:'get_activity_orientation'
06-05 18:34:55.948 I/InstrumentationBackend( 6656): Added:'FakeGPSLocation', with key:'set_gps_coordinates'
06-05 18:34:55.948 I/InstrumentationBackend( 6656): Added:'SetPropertyByCssSelector', with key:'set_property_by_css_selector'
06-05 18:34:55.948 I/InstrumentationBackend( 6656): Added:'GetUrl', with key:'get_url'
06-05 18:34:55.949 I/InstrumentationBackend( 6656): Added:'ScrollTo', with key:'scroll_to'
06-05 18:34:55.949 I/InstrumentationBackend( 6656): Added:'GetLoadProgress', with key:'get_load_progress'
06-05 18:34:55.949 I/InstrumentationBackend( 6656): Added:'DumpHtml', with key:'dump_html'
06-05 18:34:55.949 I/InstrumentationBackend( 6656): Added:'DumpBodyHtml', with key:'dump_body_html'
06-05 18:34:55.949 I/InstrumentationBackend( 6656): Added:'EnterTextByCssSelector', with key:'enter_text_by_selector'
06-05 18:34:55.949 I/InstrumentationBackend( 6656): Added:'AndroidSDKVersion', with key:'android_sdk_version'
06-05 18:34:55.949 I/InstrumentationBackend( 6656): Added:'Version', with key:'version'
06-05 18:34:55.949 I/InstrumentationBackend( 6656): Added:'Drag', with key:'drag'
06-05 18:34:55.949 I/InstrumentationBackend( 6656): Added:'TouchCoordinates', with key:'touch_coordinate'
06-05 18:34:55.949 I/InstrumentationBackend( 6656): Added:'LongPressCoordinate', with key:'long_press_coordinate'
06-05 18:34:55.949 I/InstrumentationBackend( 6656): Added:'DragCoordinates', with key:'drag_coordinates'
06-05 18:34:55.949 I/InstrumentationBackend( 6656): Added:'ResumeApplication', with key:'resume_application'
06-05 18:34:55.949 I/InstrumentationBackend( 6656): Added:'Swipe', with key:'swipe'
06-05 18:34:55.949 I/InstrumentationBackend( 6656): Added:'DoubleTapCoordinate', with key:'double_tap_coordinate'
06-05 18:34:55.949 I/InstrumentationBackend( 6656): Added:'ClickOnScreen', with key:'click_on_screen'
06-05 18:34:55.949 I/InstrumentationBackend( 6656): Added:'GetActivityName', with key:'get_activity_name'
06-05 18:34:55.949 I/InstrumentationBackend( 6656): Added:'ScrollToView', with key:'scroll_to_view'
06-05 18:34:55.950 I/InstrumentationBackend( 6656): Added:'ViewConfiguration', with key:'view_configuration'
06-05 18:34:55.950 I/InstrumentationBackend( 6656): Added:'IsCurrentActivityFocused', with key:'is_current_activity_focused'
06-05 18:34:55.950 I/InstrumentationBackend( 6656): Added:'SendTcp', with key:'send_tcp'
06-05 18:34:55.950 I/InstrumentationBackend( 6656): Added:'DpToDevicePixel', with key:'dp_to_device_pixel'
06-05 18:34:55.950 I/InstrumentationBackend( 6656): Added:'KeyboardEnterText', with key:'keyboard_enter_text'
06-05 18:34:55.950 I/InstrumentationBackend( 6656): Added:'DeleteSurroundingText', with key:'delete_surrounding_text'
06-05 18:34:55.950 I/InstrumentationBackend( 6656): Added:'SetComposingRegion', with key:'set_composing_region'
06-05 18:34:55.950 I/InstrumentationBackend( 6656): Added:'SetSelection', with key:'set_selection'
06-05 18:34:55.950 I/InstrumentationBackend( 6656): Added:'KeyboardKeyEvent', with key:'keyboard_key_event'
06-05 18:34:55.950 I/InstrumentationBackend( 6656): Added:'PressUserActionButton', with key:'press_user_action_button'
06-05 18:34:55.950 I/InstrumentationBackend( 6656): Added:'HideSoftKeyboard', with key:'hide_soft_keyboard'
06-05 18:34:55.950 I/InstrumentationBackend( 6656): Added:'ListActions', with key:'list_actions'
06-05 18:34:55.950 I/calabash( 6656): Instantiating http server at 7102
06-05 18:34:55.951 I/System.out( 6656): HTTP Daemon listening on: 7102
06-05 18:34:55.954 D/EGL_emulation( 1711): eglMakeCurrent: 0xa5b6bd80: ver 2 0 (tinfo 0xb1367140)
06-05 18:34:55.956 D/EGL_emulation( 1711): eglMakeCurrent: 0xa5b6bd80: ver 2 0 (tinfo 0xb1367140)
06-05 18:34:55.971 D/EGL_emulation( 1711): eglMakeCurrent: 0xa5b6bd80: ver 2 0 (tinfo 0xb1367140)
06-05 18:34:55.973 D/EGL_emulation( 1711): eglMakeCurrent: 0xa5b6bd80: ver 2 0 (tinfo 0xb1367140)
06-05 18:34:55.987 D/EGL_emulation( 1711): eglMakeCurrent: 0xa5b6bd80: ver 2 0 (tinfo 0xb1367140)
06-05 18:34:55.989 D/EGL_emulation( 1711): eglMakeCurrent: 0xa5b6bd80: ver 2 0 (tinfo 0xb1367140)
06-05 18:34:55.991 I/WindowManager( 1629): WIN DEATH: Window{9abbdae u0 com.evancharlton.mileage/com.evancharlton.mileage.Mileage EXITING}
06-05 18:34:55.991 W/InputDispatcher( 1629): channel '4d8ee5e Toast (server)' ~ Consumer closed input channel or an error occurred.  events=0x9
06-05 18:34:55.991 E/InputDispatcher( 1629): channel '4d8ee5e Toast (server)' ~ Channel is unrecoverably broken and will be disposed!
06-05 18:34:55.992 I/WindowManager( 1629): WIN DEATH: Window{4d8ee5e u0 Toast}
06-05 18:34:55.992 W/InputDispatcher( 1629): Attempted to unregister already unregistered input channel '4d8ee5e Toast (server)'
06-05 18:34:56.004 D/EGL_emulation( 1711): eglMakeCurrent: 0xa5b6bd80: ver 2 0 (tinfo 0xb1367140)
06-05 18:34:56.007 D/EGL_emulation( 1711): eglMakeCurrent: 0xa5b6bd80: ver 2 0 (tinfo 0xb1367140)
06-05 18:34:56.021 D/EGL_emulation( 1711): eglMakeCurrent: 0xa5b6bd80: ver 2 0 (tinfo 0xb1367140)
06-05 18:34:56.022 D/EGL_emulation( 1711): eglMakeCurrent: 0xa5b6bd80: ver 2 0 (tinfo 0xb1367140)
06-05 18:34:56.037 D/EGL_emulation( 1711): eglMakeCurrent: 0xa5b6bd80: ver 2 0 (tinfo 0xb1367140)
06-05 18:34:56.039 D/EGL_emulation( 1711): eglMakeCurrent: 0xa5b6bd80: ver 2 0 (tinfo 0xb1367140)
06-05 18:34:56.042 I/System.out( 6656): URI: //ping
06-05 18:34:56.042 I/System.out( 6656): params: {json={}
06-05 18:34:56.042 I/System.out( 6656): }
06-05 18:34:56.044 I/System.out( 6656): URI: //ping
06-05 18:34:56.044 I/System.out( 6656): params: {json={}
06-05 18:34:56.044 I/System.out( 6656): }
06-05 18:34:56.045 I/System.out( 6656): URI: //ready
06-05 18:34:56.045 I/System.out( 6656): params: {json={}
06-05 18:34:56.045 I/System.out( 6656): }
06-05 18:34:56.047 I/System.out( 6656): URI: //
06-05 18:34:56.048 I/System.out( 6656): params: {json={"command":"version","arguments":[]}
06-05 18:34:56.048 I/System.out( 6656): }
06-05 18:34:56.048 I/System.out( 6656): header: {content-type=application/json;charset=utf-8, date=Fri, 05 Jun 2020 23:34:56 GMT, accept=*/*, host=127.0.0.1:34783, content-length=36, user-agent=HTTPClient/1.0 (2.8.3, ruby 2.5.1 (2018-03-29))}
06-05 18:34:56.048 I/System.out( 6656): params: {json={"command":"version","arguments":[]}
06-05 18:34:56.048 I/System.out( 6656): }
06-05 18:34:56.048 I/System.out( 6656): ProP json = {"command":"version","arguments":[]}
06-05 18:34:56.048 I/System.out( 6656): files: {}
06-05 18:34:56.048 I/System.out( 6656): command: {"command":"version","arguments":[]}
06-05 18:34:56.050 I/InstrumentationBackend( 6656): Got command:'Command:'Line:null,version', arguments:'[]'
06-05 18:34:56.054 D/EGL_emulation( 1711): eglMakeCurrent: 0xa5b6bd80: ver 2 0 (tinfo 0xb1367140)
06-05 18:34:56.055 D/EGL_emulation( 1711): eglMakeCurrent: 0xa5b6bd80: ver 2 0 (tinfo 0xb1367140)
06-05 18:34:56.056 I/System.out( 6656): result:{"bonusInformation":[],"message":"0.9.8","success":true}
06-05 18:34:56.057 I/System.out( 6656): URI: //start-application
06-05 18:34:56.057 I/System.out( 6656): params: {json={"intent":null}
06-05 18:34:56.057 I/System.out( 6656): }
06-05 18:34:56.066 I/ActivityManager( 1629): START u0 {act=android.intent.action.MAIN cat=[android.intent.category.LAUNCHER] flg=0x10200000 cmp=com.evancharlton.mileage/.Mileage} from uid 10160 on display 0
06-05 18:34:56.071 I/calabash( 6656): newActivity1
06-05 18:34:56.071 D/EGL_emulation( 1711): eglMakeCurrent: 0xa5b6bd80: ver 2 0 (tinfo 0xb1367140)
06-05 18:34:56.080 I/calabash( 6656): newActivity1
06-05 18:34:56.081 W/ActivityManager( 1629): Bad activity token: android.os.BinderProxy@34441
06-05 18:34:56.081 W/ActivityManager( 1629): java.lang.ClassCastException: android.os.BinderProxy cannot be cast to com.android.server.am.ActivityRecord$Token
06-05 18:34:56.081 W/ActivityManager( 1629): 	at com.android.server.am.ActivityRecord.forTokenLocked(ActivityRecord.java:586)
06-05 18:34:56.081 W/ActivityManager( 1629): 	at com.android.server.am.ActivityRecord.isInStackLocked(ActivityRecord.java:1327)
06-05 18:34:56.081 W/ActivityManager( 1629): 	at com.android.server.am.ActivityRecord.getStackLocked(ActivityRecord.java:1332)
06-05 18:34:56.081 W/ActivityManager( 1629): 	at com.android.server.am.ActivityManagerService.getActivityDisplayId(ActivityManagerService.java:9806)
06-05 18:34:56.081 W/ActivityManager( 1629): 	at android.app.ActivityManagerNative.onTransact(ActivityManagerNative.java:2566)
06-05 18:34:56.081 W/ActivityManager( 1629): 	at com.android.server.am.ActivityManagerService.onTransact(ActivityManagerService.java:2757)
06-05 18:34:56.081 W/ActivityManager( 1629): 	at android.os.Binder.execTransact(Binder.java:565)
06-05 18:34:56.082 W/ActivityManager( 1629): Bad activity token: android.os.BinderProxy@34441
06-05 18:34:56.082 W/ActivityManager( 1629): java.lang.ClassCastException: android.os.BinderProxy cannot be cast to com.android.server.am.ActivityRecord$Token
06-05 18:34:56.082 W/ActivityManager( 1629): 	at com.android.server.am.ActivityRecord.forTokenLocked(ActivityRecord.java:586)
06-05 18:34:56.082 W/ActivityManager( 1629): 	at com.android.server.am.ActivityRecord.isInStackLocked(ActivityRecord.java:1327)
06-05 18:34:56.082 W/ActivityManager( 1629): 	at com.android.server.am.ActivityManagerService.setTaskDescription(ActivityManagerService.java:9358)
06-05 18:34:56.082 W/ActivityManager( 1629): 	at android.app.ActivityManagerNative.onTransact(ActivityManagerNative.java:2639)
06-05 18:34:56.082 W/ActivityManager( 1629): 	at com.android.server.am.ActivityManagerService.onTransact(ActivityManagerService.java:2757)
06-05 18:34:56.082 W/ActivityManager( 1629): 	at android.os.Binder.execTransact(Binder.java:565)
06-05 18:34:56.083 W/ActivityManager( 1629): Bad activity token: android.os.BinderProxy@34441
06-05 18:34:56.083 W/ActivityManager( 1629): java.lang.ClassCastException: android.os.BinderProxy cannot be cast to com.android.server.am.ActivityRecord$Token
06-05 18:34:56.083 W/ActivityManager( 1629): 	at com.android.server.am.ActivityRecord.forTokenLocked(ActivityRecord.java:586)
06-05 18:34:56.083 W/ActivityManager( 1629): 	at com.android.server.am.ActivityRecord.isInStackLocked(ActivityRecord.java:1327)
06-05 18:34:56.083 W/ActivityManager( 1629): 	at com.android.server.am.ActivityRecord.getStackLocked(ActivityRecord.java:1332)
06-05 18:34:56.083 W/ActivityManager( 1629): 	at com.android.server.am.ActivityManagerService.getActivityStackId(ActivityManagerService.java:9817)
06-05 18:34:56.083 W/ActivityManager( 1629): 	at android.app.ActivityManagerNative.onTransact(ActivityManagerNative.java:2856)
06-05 18:34:56.083 W/ActivityManager( 1629): 	at com.android.server.am.ActivityManagerService.onTransact(ActivityManagerService.java:2757)
06-05 18:34:56.083 W/ActivityManager( 1629): 	at android.os.Binder.execTransact(Binder.java:565)
06-05 18:34:56.087 D/EGL_emulation( 1711): eglMakeCurrent: 0xa5b6bd80: ver 2 0 (tinfo 0xb1367140)
06-05 18:34:56.088 D/gralloc_ranchu( 1346): gralloc_alloc: Creating ashmem region of size 9023488
06-05 18:34:56.094 D/EGL_emulation( 1711): eglMakeCurrent: 0xa5b6bd80: ver 2 0 (tinfo 0xb1367140)
06-05 18:34:56.101 W/ActivityManager( 1629): Bad activity token: android.os.BinderProxy@34441
06-05 18:34:56.101 W/ActivityManager( 1629): java.lang.ClassCastException: android.os.BinderProxy cannot be cast to com.android.server.am.ActivityRecord$Token
06-05 18:34:56.101 W/ActivityManager( 1629): 	at com.android.server.am.ActivityRecord.forTokenLocked(ActivityRecord.java:586)
06-05 18:34:56.101 W/ActivityManager( 1629): 	at com.android.server.am.ActivityRecord.isInStackLocked(ActivityRecord.java:1327)
06-05 18:34:56.101 W/ActivityManager( 1629): 	at com.android.server.am.ActivityManagerService.getActivityOptions(ActivityManagerService.java:12559)
06-05 18:34:56.101 W/ActivityManager( 1629): 	at android.app.ActivityManagerNative.onTransact(ActivityManagerNative.java:1933)
06-05 18:34:56.101 W/ActivityManager( 1629): 	at com.android.server.am.ActivityManagerService.onTransact(ActivityManagerService.java:2757)
06-05 18:34:56.101 W/ActivityManager( 1629): 	at android.os.Binder.execTransact(Binder.java:565)
06-05 18:34:56.101 W/ActivityManager( 1629): Bad activity token: android.os.BinderProxy@34441
06-05 18:34:56.101 W/ActivityManager( 1629): java.lang.ClassCastException: android.os.BinderProxy cannot be cast to com.android.server.am.ActivityRecord$Token
06-05 18:34:56.101 W/ActivityManager( 1629): 	at com.android.server.am.ActivityRecord.forTokenLocked(ActivityRecord.java:586)
06-05 18:34:56.101 W/ActivityManager( 1629): 	at com.android.server.am.ActivityRecord.isInStackLocked(ActivityRecord.java:1327)
06-05 18:34:56.101 W/ActivityManager( 1629): 	at com.android.server.am.ActivityManagerService.getActivityOptions(ActivityManagerService.java:12559)
06-05 18:34:56.101 W/ActivityManager( 1629): 	at android.app.ActivityManagerNative.onTransact(ActivityManagerNative.java:1933)
06-05 18:34:56.101 W/ActivityManager( 1629): 	at com.android.server.am.ActivityManagerService.onTransact(ActivityManagerService.java:2757)
06-05 18:34:56.101 W/ActivityManager( 1629): 	at android.os.Binder.execTransact(Binder.java:565)
06-05 18:34:56.123 V/PhoneStatusBar( 1711): setLightsOn(true)
06-05 18:34:56.137 D/gralloc_ranchu( 1346): gralloc_alloc: Creating ashmem region of size 9023488
06-05 18:34:56.140 D/EGL_emulation( 2150): eglMakeCurrent: 0xb4f852a0: ver 2 0 (tinfo 0xb4f832e0)
06-05 18:34:56.141 D/        ( 6656): HostConnection::get() New Host Connection established 0x98c294c0, tid 6656
06-05 18:34:56.142 D/EGL_emulation( 1711): eglMakeCurrent: 0xa5b6bd80: ver 2 0 (tinfo 0xb1367140)
06-05 18:34:56.142 V/PhoneStatusBar( 1711): setLightsOn(true)
06-05 18:34:56.174 D/EGL_emulation( 1711): eglMakeCurrent: 0xa5b6bd80: ver 2 0 (tinfo 0xb1367140)
06-05 18:34:56.176 D/EGL_emulation( 1711): eglMakeCurrent: 0xa5b6bd80: ver 2 0 (tinfo 0xb1367140)
06-05 18:34:56.177 V/PhoneStatusBar( 1711): setLightsOn(true)
06-05 18:34:56.178 D/EGL_emulation( 1711): eglMakeCurrent: 0xa5b6bd80: ver 2 0 (tinfo 0xb1367140)
06-05 18:34:56.179 D/EGL_emulation( 1711): eglMakeCurrent: 0xa5b6bd80: ver 2 0 (tinfo 0xb1367140)
06-05 18:34:56.189 D/EGL_emulation( 1711): eglMakeCurrent: 0xa5b6bd80: ver 2 0 (tinfo 0xb1367140)
06-05 18:34:56.191 D/EGL_emulation( 1711): eglMakeCurrent: 0xa5b6bd80: ver 2 0 (tinfo 0xb1367140)
06-05 18:34:56.191 I/ActivityManager( 1629): Displayed com.evancharlton.mileage/.Mileage: +123ms
06-05 18:34:56.204 D/gralloc_ranchu( 1346): gralloc_alloc: Creating ashmem region of size 9023488
06-05 18:34:56.213 D/EGL_emulation( 1711): eglMakeCurrent: 0xa5b6bd80: ver 2 0 (tinfo 0xb1367140)
06-05 18:34:56.223 D/EGL_emulation( 1711): eglMakeCurrent: 0xa5b6bd80: ver 2 0 (tinfo 0xb1367140)
06-05 18:34:56.224 D/EGL_emulation( 1711): eglMakeCurrent: 0xa5b6bd80: ver 2 0 (tinfo 0xb1367140)
06-05 18:34:56.232 D/EGL_emulation( 1711): eglMakeCurrent: 0xa5b6bd80: ver 2 0 (tinfo 0xb1367140)
06-05 18:34:56.233 V/PhoneStatusBar( 1711): setLightsOn(true)
06-05 18:34:56.237 D/EGL_emulation( 1711): eglMakeCurrent: 0xa5b6bd80: ver 2 0 (tinfo 0xb1367140)
06-05 18:34:56.239 D/EGL_emulation( 1711): eglMakeCurrent: 0xa5b6bd80: ver 2 0 (tinfo 0xb1367140)
06-05 18:34:56.251 I/System.out( 6656): URI: //map
06-05 18:34:56.251 I/System.out( 6656): params: {json={"query":"* marked:'Statistics'","operation":{"method_name":"query","arguments":[]}}
06-05 18:34:56.251 I/System.out( 6656): }
06-05 18:34:56.254 D/EGL_emulation( 1711): eglMakeCurrent: 0xa5b6bd80: ver 2 0 (tinfo 0xb1367140)
06-05 18:34:56.256 D/EGL_emulation( 1711): eglMakeCurrent: 0xa5b6bd80: ver 2 0 (tinfo 0xb1367140)
06-05 18:34:56.263 W/ResourceType( 6656): No package identifier when getting name for resource number 0x00000001
06-05 18:34:56.271 D/EGL_emulation( 1711): eglMakeCurrent: 0xa5b6bd80: ver 2 0 (tinfo 0xb1367140)
06-05 18:34:56.273 D/EGL_emulation( 1711): eglMakeCurrent: 0xa5b6bd80: ver 2 0 (tinfo 0xb1367140)
06-05 18:34:56.277 I/System.out( 6656): URI: //gesture
06-05 18:34:56.277 I/System.out( 6656): params: {json={"query_timeout":5.0,"gestures":[{"query_string":"* marked:'Statistics'","touches":[{"x":50,"y":50,"offset_x":0,"offset_y":0,"wait":0.0,"time":0.2,"release":true,"query_string":null}]}]}
06-05 18:34:56.277 I/System.out( 6656): }
06-05 18:34:56.281 W/ResourceType( 6656): No package identifier when getting name for resource number 0x00000001
06-05 18:34:56.293 D/EGL_emulation( 1711): eglMakeCurrent: 0xa5b6bd80: ver 2 0 (tinfo 0xb1367140)
06-05 18:34:56.295 D/EGL_emulation( 1711): eglMakeCurrent: 0xa5b6bd80: ver 2 0 (tinfo 0xb1367140)
06-05 18:34:56.304 I/WindowManager( 1629): Destroying surface Surface(name=com.evancharlton.mileage/com.evancharlton.mileage.Mileage) called by com.android.server.wm.WindowStateAnimator.destroySurface:2016 com.android.server.wm.WindowStateAnimator.destroySurfaceLocked:882 com.android.server.wm.WindowState.removeLocked:1456 com.android.server.wm.WindowManagerService.removeWindowInnerLocked:2484 com.android.server.wm.AppWindowToken.destroySurfaces:365 com.android.server.wm.WindowStateAnimator.finishExit:565 com.android.server.wm.AppWindowAnimator.stepAnimationLocked:427 com.android.server.wm.WindowAnimator.updateAppWindowsLocked:196 
06-05 18:34:56.305 D/EGL_emulation( 1711): eglMakeCurrent: 0xa5b6bd80: ver 2 0 (tinfo 0xb1367140)
06-05 18:34:56.309 D/EGL_emulation( 1711): eglMakeCurrent: 0xa5b6bd80: ver 2 0 (tinfo 0xb1367140)
06-05 18:34:56.322 D/EGL_emulation( 1711): eglMakeCurrent: 0xa5b6bd80: ver 2 0 (tinfo 0xb1367140)
06-05 18:34:56.324 D/EGL_emulation( 1711): eglMakeCurrent: 0xa5b6bd80: ver 2 0 (tinfo 0xb1367140)
06-05 18:34:56.324 V/PhoneStatusBar( 1711): setLightsOn(true)
06-05 18:34:56.338 D/EGL_emulation( 1711): eglMakeCurrent: 0xa5b6bd80: ver 2 0 (tinfo 0xb1367140)
06-05 18:34:56.388 I/WindowManager( 1629): Destroying surface Surface(name=Starting com.evancharlton.mileage) called by com.android.server.wm.WindowStateAnimator.destroySurface:2016 com.android.server.wm.WindowStateAnimator.destroySurfaceLocked:882 com.android.server.wm.WindowState.destroyOrSaveSurface:2100 com.android.server.wm.AppWindowToken.destroySurfaces:363 com.android.server.wm.WindowStateAnimator.finishExit:565 com.android.server.wm.WindowStateAnimator.stepAnimationLocked:491 com.android.server.wm.WindowAnimator.updateWindowsLocked:303 com.android.server.wm.WindowAnimator.animateLocked:704 
06-05 18:34:56.392 V/PhoneStatusBar( 1711): setLightsOn(true)
06-05 18:34:56.397 V/PhoneStatusBar( 1711): setLightsOn(true)
06-05 18:34:56.511 I/calabash( 6656): newActivity1
06-05 18:34:56.522 V/PhoneStatusBar( 1711): setLightsOn(true)
06-05 18:34:56.522 I/WindowManager( 1629): Destroying surface Surface(name=Toast) called by com.android.server.wm.WindowStateAnimator.destroySurface:2016 com.android.server.wm.WindowStateAnimator.destroySurfaceLocked:882 com.android.server.wm.WindowState.destroyOrSaveSurface:2100 com.android.server.wm.WindowSurfacePlacer.performSurfacePlacementInner:429 com.android.server.wm.WindowSurfacePlacer.performSurfacePlacementLoop:232 com.android.server.wm.WindowSurfacePlacer.performSurfacePlacement:180 com.android.server.wm.WindowManagerService$H.handleMessage:8086 android.os.Handler.dispatchMessage:102 
06-05 18:34:56.524 V/PhoneStatusBar( 1711): setLightsOn(true)
06-05 18:34:56.530 I/System.out( 6656): URI: //map
06-05 18:34:56.530 I/System.out( 6656): params: {json={"query":"android.widget.ScrollView index:0","operation":{"method_name":"query","arguments":[]}}
06-05 18:34:56.530 I/System.out( 6656): }
06-05 18:34:56.535 W/ActivityManager( 1629): Bad activity token: android.os.BinderProxy@4213017
06-05 18:34:56.535 W/ActivityManager( 1629): java.lang.ClassCastException: android.os.BinderProxy cannot be cast to com.android.server.am.ActivityRecord$Token
06-05 18:34:56.535 W/ActivityManager( 1629): 	at com.android.server.am.ActivityRecord.forTokenLocked(ActivityRecord.java:586)
06-05 18:34:56.535 W/ActivityManager( 1629): 	at com.android.server.am.ActivityRecord.isInStackLocked(ActivityRecord.java:1327)
06-05 18:34:56.535 W/ActivityManager( 1629): 	at com.android.server.am.ActivityRecord.getStackLocked(ActivityRecord.java:1332)
06-05 18:34:56.535 W/ActivityManager( 1629): 	at com.android.server.am.ActivityManagerService.getActivityDisplayId(ActivityManagerService.java:9806)
06-05 18:34:56.535 W/ActivityManager( 1629): 	at android.app.ActivityManagerNative.onTransact(ActivityManagerNative.java:2566)
06-05 18:34:56.535 W/ActivityManager( 1629): 	at com.android.server.am.ActivityManagerService.onTransact(ActivityManagerService.java:2757)
06-05 18:34:56.535 W/ActivityManager( 1629): 	at android.os.Binder.execTransact(Binder.java:565)
06-05 18:34:56.536 W/ActivityManager( 1629): Bad activity token: android.os.BinderProxy@4213017
06-05 18:34:56.536 W/ActivityManager( 1629): java.lang.ClassCastException: android.os.BinderProxy cannot be cast to com.android.server.am.ActivityRecord$Token
06-05 18:34:56.536 W/ActivityManager( 1629): 	at com.android.server.am.ActivityRecord.forTokenLocked(ActivityRecord.java:586)
06-05 18:34:56.536 W/ActivityManager( 1629): 	at com.android.server.am.ActivityRecord.isInStackLocked(ActivityRecord.java:1327)
06-05 18:34:56.536 W/ActivityManager( 1629): 	at com.android.server.am.ActivityManagerService.setTaskDescription(ActivityManagerService.java:9358)
06-05 18:34:56.536 W/ActivityManager( 1629): 	at android.app.ActivityManagerNative.onTransact(ActivityManagerNative.java:2639)
06-05 18:34:56.536 W/ActivityManager( 1629): 	at com.android.server.am.ActivityManagerService.onTransact(ActivityManagerService.java:2757)
06-05 18:34:56.536 W/ActivityManager( 1629): 	at android.os.Binder.execTransact(Binder.java:565)
06-05 18:34:56.537 W/ActivityManager( 1629): Bad activity token: android.os.BinderProxy@4213017
06-05 18:34:56.537 W/ActivityManager( 1629): java.lang.ClassCastException: android.os.BinderProxy cannot be cast to com.android.server.am.ActivityRecord$Token
06-05 18:34:56.537 W/ActivityManager( 1629): 	at com.android.server.am.ActivityRecord.forTokenLocked(ActivityRecord.java:586)
06-05 18:34:56.537 W/ActivityManager( 1629): 	at com.android.server.am.ActivityRecord.isInStackLocked(ActivityRecord.java:1327)
06-05 18:34:56.537 W/ActivityManager( 1629): 	at com.android.server.am.ActivityRecord.getStackLocked(ActivityRecord.java:1332)
06-05 18:34:56.537 W/ActivityManager( 1629): 	at com.android.server.am.ActivityManagerService.getActivityStackId(ActivityManagerService.java:9817)
06-05 18:34:56.537 W/ActivityManager( 1629): 	at android.app.ActivityManagerNative.onTransact(ActivityManagerNative.java:2856)
06-05 18:34:56.537 W/ActivityManager( 1629): 	at com.android.server.am.ActivityManagerService.onTransact(ActivityManagerService.java:2757)
06-05 18:34:56.537 W/ActivityManager( 1629): 	at android.os.Binder.execTransact(Binder.java:565)
06-05 18:34:56.544 D/VehicleStatisticsActivity( 6656): Checking recalculation ...
06-05 18:34:56.545 D/VehicleStatisticsActivity( 6656): Recalculation not necessary.
06-05 18:34:56.547 W/ActivityManager( 1629): Bad activity token: android.os.BinderProxy@4213017
06-05 18:34:56.547 W/ActivityManager( 1629): java.lang.ClassCastException: android.os.BinderProxy cannot be cast to com.android.server.am.ActivityRecord$Token
06-05 18:34:56.547 W/ActivityManager( 1629): 	at com.android.server.am.ActivityRecord.forTokenLocked(ActivityRecord.java:586)
06-05 18:34:56.547 W/ActivityManager( 1629): 	at com.android.server.am.ActivityRecord.isInStackLocked(ActivityRecord.java:1327)
06-05 18:34:56.547 W/ActivityManager( 1629): 	at com.android.server.am.ActivityManagerService.getActivityOptions(ActivityManagerService.java:12559)
06-05 18:34:56.547 W/ActivityManager( 1629): 	at android.app.ActivityManagerNative.onTransact(ActivityManagerNative.java:1933)
06-05 18:34:56.547 W/ActivityManager( 1629): 	at com.android.server.am.ActivityManagerService.onTransact(ActivityManagerService.java:2757)
06-05 18:34:56.547 W/ActivityManager( 1629): 	at android.os.Binder.execTransact(Binder.java:565)
06-05 18:34:56.547 W/ActivityManager( 1629): Bad activity token: android.os.BinderProxy@4213017
06-05 18:34:56.547 W/ActivityManager( 1629): java.lang.ClassCastException: android.os.BinderProxy cannot be cast to com.android.server.am.ActivityRecord$Token
06-05 18:34:56.547 W/ActivityManager( 1629): 	at com.android.server.am.ActivityRecord.forTokenLocked(ActivityRecord.java:586)
06-05 18:34:56.547 W/ActivityManager( 1629): 	at com.android.server.am.ActivityRecord.isInStackLocked(ActivityRecord.java:1327)
06-05 18:34:56.547 W/ActivityManager( 1629): 	at com.android.server.am.ActivityManagerService.getActivityOptions(ActivityManagerService.java:12559)
06-05 18:34:56.547 W/ActivityManager( 1629): 	at android.app.ActivityManagerNative.onTransact(ActivityManagerNative.java:1933)
06-05 18:34:56.547 W/ActivityManager( 1629): 	at com.android.server.am.ActivityManagerService.onTransact(ActivityManagerService.java:2757)
06-05 18:34:56.547 W/ActivityManager( 1629): 	at android.os.Binder.execTransact(Binder.java:565)
06-05 18:34:56.549 D/VehicleStatisticsActivity( 6656): Checking recalculation ...
06-05 18:34:56.550 D/VehicleStatisticsActivity( 6656): Recalculation not necessary.
06-05 18:34:56.555 V/PhoneStatusBar( 1711): setLightsOn(true)
06-05 18:34:56.618 I/System.out( 6656): URI: //map
06-05 18:34:56.618 I/System.out( 6656): params: {json={"query":"android.widget.AbsListView index:0","operation":{"method_name":"query","arguments":[]}}
06-05 18:34:56.618 I/System.out( 6656): }
06-05 18:34:56.623 I/art     ( 6656): Do partial code cache collection, code=30KB, data=29KB
06-05 18:34:56.623 I/art     ( 6656): After code cache collection, code=29KB, data=28KB
06-05 18:34:56.623 I/art     ( 6656): Increasing code cache capacity to 128KB
06-05 18:34:56.633 I/System.out( 6656): URI: //map
06-05 18:34:56.633 I/System.out( 6656): params: {json={"query":"android.widget.AbsListView index:0","operation":{"method_name":"query","arguments":[]}}
06-05 18:34:56.633 I/System.out( 6656): }
06-05 18:34:56.650 I/System.out( 6656): URI: //map
06-05 18:34:56.650 I/System.out( 6656): params: {json={"query":"android.widget.AbsListView index:0","operation":{"method_name":"query","arguments":[]}}
06-05 18:34:56.650 I/System.out( 6656): }
06-05 18:34:56.669 I/System.out( 6656): URI: //map
06-05 18:34:56.669 I/System.out( 6656): params: {json={"query":"android.widget.AbsListView index:0","operation":{"method_name":"query","arguments":["getFirstVisiblePosition"]}}
06-05 18:34:56.669 I/System.out( 6656): }
06-05 18:34:56.689 I/System.out( 6656): URI: //map
06-05 18:34:56.689 I/System.out( 6656): params: {json={"query":"android.widget.AbsListView index:0","operation":{"method_name":"query","arguments":["getLastVisiblePosition"]}}
06-05 18:34:56.689 I/System.out( 6656): }
06-05 18:34:56.703 I/System.out( 6656): URI: //map
06-05 18:34:56.703 I/System.out( 6656): params: {json={"query":"android.widget.AbsListView index:0","operation":{"method_name":"query","arguments":[{"method_name":"setSelection","arguments":[26]}]}}
06-05 18:34:56.703 I/System.out( 6656): }
06-05 18:34:56.725 I/System.out( 6656): URI: //map
06-05 18:34:56.725 I/System.out( 6656): params: {json={"query":"* marked:'North'","operation":{"method_name":"query","arguments":[]}}
06-05 18:34:56.725 I/System.out( 6656): }
06-05 18:34:56.789 D/gralloc_ranchu( 1346): gralloc_alloc: Creating ashmem region of size 9023488
06-05 18:34:56.839 W/ResourceType( 6656): No package identifier when getting name for resource number 0x00000001
06-05 18:34:56.851 I/System.out( 6656): URI: //gesture
06-05 18:34:56.851 I/System.out( 6656): params: {json={"query_timeout":5.0,"gestures":[{"query_string":"* marked:'North'","touches":[{"x":50,"y":50,"offset_x":0,"offset_y":0,"wait":0.0,"time":0.2,"release":true,"query_string":null}]}]}
06-05 18:34:56.851 I/System.out( 6656): }
06-05 18:34:56.855 V/PhoneStatusBar( 1711): setLightsOn(true)
06-05 18:34:56.855 W/ResourceType( 6656): No package identifier when getting name for resource number 0x00000001
06-05 18:34:56.856 V/PhoneStatusBar( 1711): setLightsOn(true)
06-05 18:34:56.857 W/OpenGLRenderer( 2150): Incorrectly called buildLayer on View: ShortcutAndWidgetContainer, destroying layer...
06-05 18:34:56.871 I/WindowManager( 1629): Destroying surface Surface(name=com.android.launcher3/com.android.launcher3.Launcher) called by com.android.server.wm.WindowStateAnimator.destroySurface:2016 com.android.server.wm.WindowStateAnimator.destroySurfaceLocked:882 com.android.server.wm.WindowState.destroyOrSaveSurface:2100 com.android.server.wm.AppWindowToken.destroySurfaces:363 com.android.server.wm.AppWindowToken.notifyAppStopped:389 com.android.server.wm.WindowManagerService.notifyAppStopped:4463 com.android.server.am.ActivityStack.activityStoppedLocked:1252 com.android.server.am.ActivityManagerService.activityStopped:6903 
06-05 18:34:56.872 V/PhoneStatusBar( 1711): setLightsOn(true)
06-05 18:34:57.089 I/ActivityManager( 1629): START u0 {cmp=com.evancharlton.mileage/.charts.NorthChart (has extras)} from uid 10160 on display 0
06-05 18:34:57.091 V/PhoneStatusBar( 1711): setLightsOn(true)
06-05 18:34:57.092 V/PhoneStatusBar( 1711): setLightsOn(true)
06-05 18:34:57.109 I/System.out( 6656): URI: //map
06-05 18:34:57.109 I/System.out( 6656): params: {json={"query":"* {text CONTAINS[c] 'Farthest north fillup'}","operation":{"method_name":"query","arguments":[]}}
06-05 18:34:57.109 I/System.out( 6656): }
06-05 18:34:57.141 I/calabash( 6656): newActivity1
06-05 18:34:57.144 W/aiCharts( 6656): License file is invalid or missing. 
06-05 18:34:57.144 W/aiCharts( 6656): Please place proper license.lic to /assets folder.
06-05 18:34:57.160 V/PhoneStatusBar( 1711): setLightsOn(true)
06-05 18:34:57.179 W/NotificationService( 1629): Object died trying to hide notification android.app.ITransientNotification$Stub$Proxy@1cc7188 in package com.evancharlton.mileage
06-05 18:34:57.187 V/PhoneStatusBar( 1711): setLightsOn(true)
06-05 18:34:57.193 I/WindowManager( 1629): Destroying surface Surface(name=Creating chart…) called by com.android.server.wm.WindowStateAnimator.destroySurface:2016 com.android.server.wm.WindowStateAnimator.destroySurfaceLocked:882 com.android.server.wm.WindowState.removeLocked:1456 com.android.server.wm.WindowManagerService.removeWindowInnerLocked:2484 com.android.server.wm.WindowManagerService.removeWindowLocked:2442 com.android.server.wm.WindowManagerService.removeWindowLocked:2311 com.android.server.wm.WindowManagerService.removeWindow:2306 com.android.server.wm.Session.remove:202 
06-05 18:34:57.197 D/gralloc_ranchu( 1346): gralloc_alloc: Creating ashmem region of size 9023488
06-05 18:34:57.204 V/PhoneStatusBar( 1711): setLightsOn(true)
06-05 18:34:57.233 I/ActivityManager( 1629): Displayed com.evancharlton.mileage/.charts.NorthChart: +95ms
06-05 18:34:57.237 V/PhoneStatusBar( 1711): setLightsOn(true)
06-05 18:34:57.270 V/PhoneStatusBar( 1711): setLightsOn(true)
06-05 18:34:57.287 V/PhoneStatusBar( 1711): setLightsOn(true)
06-05 18:34:57.474 V/PhoneStatusBar( 1711): setLightsOn(true)
06-05 18:34:57.481 I/System.out( 6656): URI: //map
06-05 18:34:57.481 I/System.out( 6656): params: {json={"query":"* {text CONTAINS[c] 'Farthest north fillup'}","operation":{"method_name":"query","arguments":[]}}
06-05 18:34:57.481 I/System.out( 6656): }
06-05 18:34:57.557 I/System.out( 6656): URI: //
06-05 18:34:57.557 I/System.out( 6656): params: {json={"command":"press_key","arguments":["KEYCODE_BACK"]}
06-05 18:34:57.557 I/System.out( 6656): }
06-05 18:34:57.557 I/System.out( 6656): header: {content-type=application/json;charset=utf-8, date=Fri, 05 Jun 2020 23:34:57 GMT, accept=*/*, host=127.0.0.1:34783, content-length=52, user-agent=HTTPClient/1.0 (2.8.3, ruby 2.5.1 (2018-03-29))}
06-05 18:34:57.557 I/System.out( 6656): params: {json={"command":"press_key","arguments":["KEYCODE_BACK"]}
06-05 18:34:57.557 I/System.out( 6656): }
06-05 18:34:57.557 I/System.out( 6656): ProP json = {"command":"press_key","arguments":["KEYCODE_BACK"]}
06-05 18:34:57.557 I/System.out( 6656): files: {}
06-05 18:34:57.557 I/System.out( 6656): command: {"command":"press_key","arguments":["KEYCODE_BACK"]}
06-05 18:34:57.560 I/InstrumentationBackend( 6656): Got command:'Command:'Line:null,press_key', arguments:'[KEYCODE_BACK]'
06-05 18:34:57.566 V/PhoneStatusBar( 1711): setLightsOn(true)
06-05 18:34:57.569 V/PhoneStatusBar( 1711): setLightsOn(true)
06-05 18:34:57.573 I/System.out( 6656): result:{"bonusInformation":[],"message":"","success":true}
06-05 18:34:57.574 I/art     ( 6656): Do partial code cache collection, code=60KB, data=62KB
06-05 18:34:57.574 I/art     ( 6656): After code cache collection, code=60KB, data=61KB
06-05 18:34:57.574 I/art     ( 6656): Increasing code cache capacity to 256KB
06-05 18:34:57.574 D/VehicleStatisticsActivity( 6656): Checking recalculation ...
06-05 18:34:57.576 D/VehicleStatisticsActivity( 6656): Recalculation not necessary.
06-05 18:34:57.577 I/System.out( 6656): URI: //map
06-05 18:34:57.577 I/System.out( 6656): params: {json={"query":"* {text CONTAINS[c] 'Statistics'}","operation":{"method_name":"query","arguments":[]}}
06-05 18:34:57.577 I/System.out( 6656): }
06-05 18:34:57.587 V/PhoneStatusBar( 1711): setLightsOn(true)
06-05 18:34:57.603 D/gralloc_ranchu( 1346): gralloc_alloc: Creating ashmem region of size 9023488
06-05 18:34:57.604 V/PhoneStatusBar( 1711): setLightsOn(true)
06-05 18:34:57.620 V/PhoneStatusBar( 1711): setLightsOn(true)
06-05 18:34:57.637 V/PhoneStatusBar( 1711): setLightsOn(true)
