--------- beginning of system
06-05 15:50:23.510 W/ActivityManager( 1630): Crash of app com.evancharlton.mileage running instrumentation ComponentInfo{com.evancharlton.mileage.test/sh.calaba.instrumentationbackend.CalabashInstrumentationTestRunner}
06-05 15:50:23.510 I/ActivityManager( 1630): Force stopping com.evancharlton.mileage appid=10086 user=0: finished inst
06-05 15:50:23.510 I/ActivityManager( 1630):   Force stopping service ServiceRecord{2cb6683 u0 com.evancharlton.mileage/.services.AutomaticBackupService}
--------- beginning of main
06-05 15:50:23.513 V/PhoneStatusBar( 1712): setLightsOn(true)
06-05 15:50:23.545 D/EGL_emulation( 2099): eglMakeCurrent: 0xb4085240: ver 2 0 (tinfo 0xb40832d0)
06-05 15:50:23.545 W/OpenGLRenderer( 2099): Incorrectly called buildLayer on View: ShortcutAndWidgetContainer, destroying layer...
06-05 15:50:23.561 D/EGL_emulation( 1712): eglMakeCurrent: 0xb4085540: ver 2 0 (tinfo 0xb4083740)
06-05 15:50:23.576 D/EGL_emulation( 1712): eglMakeCurrent: 0xb4085540: ver 2 0 (tinfo 0xb4083740)
06-05 15:50:23.579 D/EGL_emulation( 1712): eglMakeCurrent: 0xb4085540: ver 2 0 (tinfo 0xb4083740)
06-05 15:50:23.593 D/EGL_emulation( 1712): eglMakeCurrent: 0xb4085540: ver 2 0 (tinfo 0xb4083740)
06-05 15:50:23.595 D/EGL_emulation( 1712): eglMakeCurrent: 0xb4085540: ver 2 0 (tinfo 0xb4083740)
06-05 15:50:23.610 D/EGL_emulation( 1712): eglMakeCurrent: 0xb4085540: ver 2 0 (tinfo 0xb4083740)
06-05 15:50:23.611 D/EGL_emulation( 1712): eglMakeCurrent: 0xb4085540: ver 2 0 (tinfo 0xb4083740)
06-05 15:50:23.626 D/EGL_emulation( 1712): eglMakeCurrent: 0xb4085540: ver 2 0 (tinfo 0xb4083740)
06-05 15:50:23.628 D/EGL_emulation( 1712): eglMakeCurrent: 0xb4085540: ver 2 0 (tinfo 0xb4083740)
06-05 15:50:23.643 D/EGL_emulation( 1712): eglMakeCurrent: 0xb4085540: ver 2 0 (tinfo 0xb4083740)
06-05 15:50:23.645 D/EGL_emulation( 1712): eglMakeCurrent: 0xb4085540: ver 2 0 (tinfo 0xb4083740)
06-05 15:50:23.651 D/AndroidRuntime(18790): >>>>>> START com.android.internal.os.RuntimeInit uid 2000 <<<<<<
06-05 15:50:23.652 D/AndroidRuntime(18790): CheckJNI is ON
06-05 15:50:23.660 D/EGL_emulation( 1712): eglMakeCurrent: 0xb4085540: ver 2 0 (tinfo 0xb4083740)
06-05 15:50:23.661 D/EGL_emulation( 1712): eglMakeCurrent: 0xb4085540: ver 2 0 (tinfo 0xb4083740)
06-05 15:50:23.662 W/art     (18790): Unexpected CPU variant for X86 using defaults: x86
06-05 15:50:23.664 D/ICU     (18790): No timezone override file found: /data/misc/zoneinfo/current/icu/icu_tzdata.dat
06-05 15:50:23.670 E/memtrack(18790): Couldn't load memtrack module (No such file or directory)
06-05 15:50:23.670 E/android.os.Debug(18790): failed to load memtrack module: -2
06-05 15:50:23.671 I/Radio-JNI(18790): register_android_hardware_Radio DONE
06-05 15:50:23.674 D/AndroidRuntime(18790): Calling main entry com.android.commands.am.Am
06-05 15:50:23.676 I/ActivityManager( 1630): Force stopping com.evancharlton.mileage appid=10086 user=0: start instr
06-05 15:50:23.676 D/EGL_emulation( 1712): eglMakeCurrent: 0xb4085540: ver 2 0 (tinfo 0xb4083740)
06-05 15:50:23.678 D/EGL_emulation( 1712): eglMakeCurrent: 0xb4085540: ver 2 0 (tinfo 0xb4083740)
06-05 15:50:23.679 I/art     (18800): Not late-enabling -Xcheck:jni (already on)
06-05 15:50:23.679 W/art     (18800): Unexpected CPU variant for X86 using defaults: x86
06-05 15:50:23.687 I/ActivityManager( 1630): Start proc 18800:com.evancharlton.mileage/u0a86 for added application com.evancharlton.mileage
06-05 15:50:23.687 D/AndroidRuntime(18790): Shutting down VM
06-05 15:50:23.693 D/EGL_emulation( 1712): eglMakeCurrent: 0xb4085540: ver 2 0 (tinfo 0xb4083740)
06-05 15:50:23.696 D/EGL_emulation( 1712): eglMakeCurrent: 0xb4085540: ver 2 0 (tinfo 0xb4083740)
06-05 15:50:23.697 W/System  (18800): ClassLoader referenced unknown path: /data/app/com.evancharlton.mileage.test-1/lib/x86
06-05 15:50:23.697 W/System  (18800): ClassLoader referenced unknown path: /data/app/com.evancharlton.mileage-1/lib/x86
06-05 15:50:23.700 W/System  (18800): ClassLoader referenced unknown path: 
06-05 15:50:23.706 I/System.out(18800): Main activity name automatically set to: com.evancharlton.mileage.Mileage
06-05 15:50:23.706 I/System.out(18800): Calabash did not load Mono. This is only a problem if you are trying to test a Mono application
06-05 15:50:23.707 I/calabash(18800): Test server port: 7102
06-05 15:50:23.707 I/InstrumentationBackend(18800): Added:'GetPreferences', with key:'get_preferences'
06-05 15:50:23.710 D/EGL_emulation( 1712): eglMakeCurrent: 0xb4085540: ver 2 0 (tinfo 0xb4083740)
06-05 15:50:23.712 D/EGL_emulation( 1712): eglMakeCurrent: 0xb4085540: ver 2 0 (tinfo 0xb4083740)
06-05 15:50:23.713 I/InstrumentationBackend(18800): Added:'SetPreferences', with key:'set_preferences'
06-05 15:50:23.713 I/InstrumentationBackend(18800): Added:'ClearPreferences', with key:'clear_preferences'
06-05 15:50:23.713 I/InstrumentationBackend(18800): Added:'PressElement', with key:'press_l10n_element'
06-05 15:50:23.713 I/InstrumentationBackend(18800): Added:'WaitForElement', with key:'wait_for_l10n_element'
06-05 15:50:23.713 I/InstrumentationBackend(18800): Added:'NullAction', with key:'nullAction'
06-05 15:50:23.713 I/InstrumentationBackend(18800): Added:'PressKey', with key:'press_key'
06-05 15:50:23.713 I/InstrumentationBackend(18800): Added:'SetActivityOrientation', with key:'set_activity_orientation'
06-05 15:50:23.713 I/InstrumentationBackend(18800): Added:'GetActivityOrientation', with key:'get_activity_orientation'
06-05 15:50:23.713 I/InstrumentationBackend(18800): Added:'FakeGPSLocation', with key:'set_gps_coordinates'
06-05 15:50:23.713 I/InstrumentationBackend(18800): Added:'SetPropertyByCssSelector', with key:'set_property_by_css_selector'
06-05 15:50:23.714 I/InstrumentationBackend(18800): Added:'GetUrl', with key:'get_url'
06-05 15:50:23.714 I/InstrumentationBackend(18800): Added:'ScrollTo', with key:'scroll_to'
06-05 15:50:23.714 I/InstrumentationBackend(18800): Added:'GetLoadProgress', with key:'get_load_progress'
06-05 15:50:23.714 I/InstrumentationBackend(18800): Added:'DumpHtml', with key:'dump_html'
06-05 15:50:23.714 I/InstrumentationBackend(18800): Added:'DumpBodyHtml', with key:'dump_body_html'
06-05 15:50:23.714 I/InstrumentationBackend(18800): Added:'EnterTextByCssSelector', with key:'enter_text_by_selector'
06-05 15:50:23.715 I/InstrumentationBackend(18800): Added:'AndroidSDKVersion', with key:'android_sdk_version'
06-05 15:50:23.715 I/InstrumentationBackend(18800): Added:'Version', with key:'version'
06-05 15:50:23.715 I/InstrumentationBackend(18800): Added:'Drag', with key:'drag'
06-05 15:50:23.715 I/InstrumentationBackend(18800): Added:'TouchCoordinates', with key:'touch_coordinate'
06-05 15:50:23.715 I/InstrumentationBackend(18800): Added:'LongPressCoordinate', with key:'long_press_coordinate'
06-05 15:50:23.715 I/InstrumentationBackend(18800): Added:'DragCoordinates', with key:'drag_coordinates'
06-05 15:50:23.715 I/InstrumentationBackend(18800): Added:'ResumeApplication', with key:'resume_application'
06-05 15:50:23.715 I/InstrumentationBackend(18800): Added:'Swipe', with key:'swipe'
06-05 15:50:23.715 I/InstrumentationBackend(18800): Added:'DoubleTapCoordinate', with key:'double_tap_coordinate'
06-05 15:50:23.715 I/InstrumentationBackend(18800): Added:'ClickOnScreen', with key:'click_on_screen'
06-05 15:50:23.715 I/InstrumentationBackend(18800): Added:'GetActivityName', with key:'get_activity_name'
06-05 15:50:23.715 I/InstrumentationBackend(18800): Added:'ScrollToView', with key:'scroll_to_view'
06-05 15:50:23.715 I/InstrumentationBackend(18800): Added:'ViewConfiguration', with key:'view_configuration'
06-05 15:50:23.715 I/InstrumentationBackend(18800): Added:'IsCurrentActivityFocused', with key:'is_current_activity_focused'
06-05 15:50:23.715 I/InstrumentationBackend(18800): Added:'SendTcp', with key:'send_tcp'
06-05 15:50:23.715 I/InstrumentationBackend(18800): Added:'DpToDevicePixel', with key:'dp_to_device_pixel'
06-05 15:50:23.715 I/InstrumentationBackend(18800): Added:'KeyboardEnterText', with key:'keyboard_enter_text'
06-05 15:50:23.715 I/InstrumentationBackend(18800): Added:'DeleteSurroundingText', with key:'delete_surrounding_text'
06-05 15:50:23.715 I/InstrumentationBackend(18800): Added:'SetComposingRegion', with key:'set_composing_region'
06-05 15:50:23.715 I/InstrumentationBackend(18800): Added:'SetSelection', with key:'set_selection'
06-05 15:50:23.715 I/InstrumentationBackend(18800): Added:'KeyboardKeyEvent', with key:'keyboard_key_event'
06-05 15:50:23.716 I/InstrumentationBackend(18800): Added:'PressUserActionButton', with key:'press_user_action_button'
06-05 15:50:23.716 I/InstrumentationBackend(18800): Added:'HideSoftKeyboard', with key:'hide_soft_keyboard'
06-05 15:50:23.716 I/InstrumentationBackend(18800): Added:'ListActions', with key:'list_actions'
06-05 15:50:23.716 I/calabash(18800): Instantiating http server at 7102
06-05 15:50:23.716 I/System.out(18800): HTTP Daemon listening on: 7102
06-05 15:50:23.726 D/EGL_emulation( 1712): eglMakeCurrent: 0xb4085540: ver 2 0 (tinfo 0xb4083740)
06-05 15:50:23.729 D/EGL_emulation( 1712): eglMakeCurrent: 0xb4085540: ver 2 0 (tinfo 0xb4083740)
06-05 15:50:23.744 D/EGL_emulation( 1712): eglMakeCurrent: 0xb4085540: ver 2 0 (tinfo 0xb4083740)
06-05 15:50:23.760 D/EGL_emulation( 1712): eglMakeCurrent: 0xb4085540: ver 2 0 (tinfo 0xb4083740)
06-05 15:50:23.762 D/EGL_emulation( 1712): eglMakeCurrent: 0xb4085540: ver 2 0 (tinfo 0xb4083740)
06-05 15:50:23.808 I/System.out(18800): URI: //ping
06-05 15:50:23.808 I/System.out(18800): params: {json={}
06-05 15:50:23.808 I/System.out(18800): }
06-05 15:50:23.816 I/System.out(18800): URI: //ping
06-05 15:50:23.816 I/System.out(18800): params: {json={}
06-05 15:50:23.816 I/System.out(18800): }
06-05 15:50:23.822 I/System.out(18800): URI: //ready
06-05 15:50:23.822 I/System.out(18800): params: {json={}
06-05 15:50:23.822 I/System.out(18800): }
06-05 15:50:23.829 I/System.out(18800): URI: //
06-05 15:50:23.829 I/System.out(18800): params: {json={"command":"version","arguments":[]}
06-05 15:50:23.829 I/System.out(18800): }
06-05 15:50:23.829 I/System.out(18800): header: {content-type=application/json;charset=utf-8, date=Fri, 05 Jun 2020 20:50:24 GMT, accept=*/*, host=127.0.0.1:34784, content-length=36, user-agent=HTTPClient/1.0 (2.8.3, ruby 2.5.1 (2018-03-29))}
06-05 15:50:23.829 I/System.out(18800): params: {json={"command":"version","arguments":[]}
06-05 15:50:23.829 I/System.out(18800): }
06-05 15:50:23.829 I/System.out(18800): ProP json = {"command":"version","arguments":[]}
06-05 15:50:23.829 I/System.out(18800): files: {}
06-05 15:50:23.829 I/System.out(18800): command: {"command":"version","arguments":[]}
06-05 15:50:23.840 I/InstrumentationBackend(18800): Got command:'Command:'Line:null,version', arguments:'[]'
06-05 15:50:23.853 I/System.out(18800): result:{"bonusInformation":[],"message":"0.9.8","success":true}
06-05 15:50:23.856 I/System.out(18800): URI: //start-application
06-05 15:50:23.856 I/System.out(18800): params: {json={"intent":null}
06-05 15:50:23.856 I/System.out(18800): }
06-05 15:50:23.867 I/ActivityManager( 1630): START u0 {act=android.intent.action.MAIN cat=[android.intent.category.LAUNCHER] flg=0x10200000 cmp=com.evancharlton.mileage/.Mileage} from uid 10086 on display 0
06-05 15:50:23.871 I/calabash(18800): newActivity1
06-05 15:50:23.879 I/calabash(18800): newActivity1
06-05 15:50:23.880 W/ActivityManager( 1630): Bad activity token: android.os.BinderProxy@2ac6d71
06-05 15:50:23.880 W/ActivityManager( 1630): java.lang.ClassCastException: android.os.BinderProxy cannot be cast to com.android.server.am.ActivityRecord$Token
06-05 15:50:23.880 W/ActivityManager( 1630): 	at com.android.server.am.ActivityRecord.forTokenLocked(ActivityRecord.java:586)
06-05 15:50:23.880 W/ActivityManager( 1630): 	at com.android.server.am.ActivityRecord.isInStackLocked(ActivityRecord.java:1327)
06-05 15:50:23.880 W/ActivityManager( 1630): 	at com.android.server.am.ActivityRecord.getStackLocked(ActivityRecord.java:1332)
06-05 15:50:23.880 W/ActivityManager( 1630): 	at com.android.server.am.ActivityManagerService.getActivityDisplayId(ActivityManagerService.java:9806)
06-05 15:50:23.880 W/ActivityManager( 1630): 	at android.app.ActivityManagerNative.onTransact(ActivityManagerNative.java:2566)
06-05 15:50:23.880 W/ActivityManager( 1630): 	at com.android.server.am.ActivityManagerService.onTransact(ActivityManagerService.java:2757)
06-05 15:50:23.880 W/ActivityManager( 1630): 	at android.os.Binder.execTransact(Binder.java:565)
06-05 15:50:23.880 W/ActivityManager( 1630): Bad activity token: android.os.BinderProxy@2ac6d71
06-05 15:50:23.880 W/ActivityManager( 1630): java.lang.ClassCastException: android.os.BinderProxy cannot be cast to com.android.server.am.ActivityRecord$Token
06-05 15:50:23.880 W/ActivityManager( 1630): 	at com.android.server.am.ActivityRecord.forTokenLocked(ActivityRecord.java:586)
06-05 15:50:23.880 W/ActivityManager( 1630): 	at com.android.server.am.ActivityRecord.isInStackLocked(ActivityRecord.java:1327)
06-05 15:50:23.880 W/ActivityManager( 1630): 	at com.android.server.am.ActivityManagerService.setTaskDescription(ActivityManagerService.java:9358)
06-05 15:50:23.880 W/ActivityManager( 1630): 	at android.app.ActivityManagerNative.onTransact(ActivityManagerNative.java:2639)
06-05 15:50:23.880 W/ActivityManager( 1630): 	at com.android.server.am.ActivityManagerService.onTransact(ActivityManagerService.java:2757)
06-05 15:50:23.880 W/ActivityManager( 1630): 	at android.os.Binder.execTransact(Binder.java:565)
06-05 15:50:23.881 W/ActivityManager( 1630): Bad activity token: android.os.BinderProxy@2ac6d71
06-05 15:50:23.881 W/ActivityManager( 1630): java.lang.ClassCastException: android.os.BinderProxy cannot be cast to com.android.server.am.ActivityRecord$Token
06-05 15:50:23.881 W/ActivityManager( 1630): 	at com.android.server.am.ActivityRecord.forTokenLocked(ActivityRecord.java:586)
06-05 15:50:23.881 W/ActivityManager( 1630): 	at com.android.server.am.ActivityRecord.isInStackLocked(ActivityRecord.java:1327)
06-05 15:50:23.881 W/ActivityManager( 1630): 	at com.android.server.am.ActivityRecord.getStackLocked(ActivityRecord.java:1332)
06-05 15:50:23.881 W/ActivityManager( 1630): 	at com.android.server.am.ActivityManagerService.getActivityStackId(ActivityManagerService.java:9817)
06-05 15:50:23.881 W/ActivityManager( 1630): 	at android.app.ActivityManagerNative.onTransact(ActivityManagerNative.java:2856)
06-05 15:50:23.881 W/ActivityManager( 1630): 	at com.android.server.am.ActivityManagerService.onTransact(ActivityManagerService.java:2757)
06-05 15:50:23.881 W/ActivityManager( 1630): 	at android.os.Binder.execTransact(Binder.java:565)
06-05 15:50:23.894 D/gralloc_ranchu( 1346): gralloc_alloc: Creating ashmem region of size 9023488
06-05 15:50:23.897 W/ActivityManager( 1630): Bad activity token: android.os.BinderProxy@2ac6d71
06-05 15:50:23.897 W/ActivityManager( 1630): java.lang.ClassCastException: android.os.BinderProxy cannot be cast to com.android.server.am.ActivityRecord$Token
06-05 15:50:23.897 W/ActivityManager( 1630): 	at com.android.server.am.ActivityRecord.forTokenLocked(ActivityRecord.java:586)
06-05 15:50:23.897 W/ActivityManager( 1630): 	at com.android.server.am.ActivityRecord.isInStackLocked(ActivityRecord.java:1327)
06-05 15:50:23.897 W/ActivityManager( 1630): 	at com.android.server.am.ActivityManagerService.getActivityOptions(ActivityManagerService.java:12559)
06-05 15:50:23.897 W/ActivityManager( 1630): 	at android.app.ActivityManagerNative.onTransact(ActivityManagerNative.java:1933)
06-05 15:50:23.897 W/ActivityManager( 1630): 	at com.android.server.am.ActivityManagerService.onTransact(ActivityManagerService.java:2757)
06-05 15:50:23.897 W/ActivityManager( 1630): 	at android.os.Binder.execTransact(Binder.java:565)
06-05 15:50:23.897 W/ActivityManager( 1630): Bad activity token: android.os.BinderProxy@2ac6d71
06-05 15:50:23.897 W/ActivityManager( 1630): java.lang.ClassCastException: android.os.BinderProxy cannot be cast to com.android.server.am.ActivityRecord$Token
06-05 15:50:23.897 W/ActivityManager( 1630): 	at com.android.server.am.ActivityRecord.forTokenLocked(ActivityRecord.java:586)
06-05 15:50:23.897 W/ActivityManager( 1630): 	at com.android.server.am.ActivityRecord.isInStackLocked(ActivityRecord.java:1327)
06-05 15:50:23.897 W/ActivityManager( 1630): 	at com.android.server.am.ActivityManagerService.getActivityOptions(ActivityManagerService.java:12559)
06-05 15:50:23.897 W/ActivityManager( 1630): 	at android.app.ActivityManagerNative.onTransact(ActivityManagerNative.java:1933)
06-05 15:50:23.897 W/ActivityManager( 1630): 	at com.android.server.am.ActivityManagerService.onTransact(ActivityManagerService.java:2757)
06-05 15:50:23.897 W/ActivityManager( 1630): 	at android.os.Binder.execTransact(Binder.java:565)
06-05 15:50:23.915 V/PhoneStatusBar( 1712): setLightsOn(true)
06-05 15:50:23.926 D/EGL_emulation( 1712): eglMakeCurrent: 0xb4085540: ver 2 0 (tinfo 0xb4083740)
06-05 15:50:23.927 V/PhoneStatusBar( 1712): setLightsOn(true)
06-05 15:50:23.928 V/PhoneStatusBar( 1712): setLightsOn(true)
06-05 15:50:23.928 D/gralloc_ranchu( 1346): gralloc_alloc: Creating ashmem region of size 9023488
06-05 15:50:23.930 V/PhoneStatusBar( 1712): setLightsOn(true)
06-05 15:50:23.933 D/        (18800): HostConnection::get() New Host Connection established 0x97d26500, tid 18800
06-05 15:50:23.967 D/EGL_emulation( 1712): eglMakeCurrent: 0xb4085540: ver 2 0 (tinfo 0xb4083740)
06-05 15:50:23.967 D/EGL_emulation( 2099): eglMakeCurrent: 0xb4085240: ver 2 0 (tinfo 0xb40832d0)
06-05 15:50:23.970 D/EGL_emulation( 1712): eglMakeCurrent: 0xb4085540: ver 2 0 (tinfo 0xb4083740)
06-05 15:50:23.971 D/EGL_emulation( 1712): eglMakeCurrent: 0xb4085540: ver 2 0 (tinfo 0xb4083740)
06-05 15:50:23.973 D/EGL_emulation( 1712): eglMakeCurrent: 0xb4085540: ver 2 0 (tinfo 0xb4083740)
06-05 15:50:23.976 D/EGL_emulation( 1712): eglMakeCurrent: 0xb4085540: ver 2 0 (tinfo 0xb4083740)
06-05 15:50:23.983 D/EGL_emulation( 1712): eglMakeCurrent: 0xb4085540: ver 2 0 (tinfo 0xb4083740)
06-05 15:50:23.984 I/ActivityManager( 1630): Displayed com.evancharlton.mileage/.Mileage: +114ms
06-05 15:50:23.993 D/gralloc_ranchu( 1346): gralloc_alloc: Creating ashmem region of size 9023488
06-05 15:50:23.993 D/EGL_emulation( 1712): eglMakeCurrent: 0xb4085540: ver 2 0 (tinfo 0xb4083740)
06-05 15:50:24.005 D/EGL_emulation( 1712): eglMakeCurrent: 0xb4085540: ver 2 0 (tinfo 0xb4083740)
06-05 15:50:24.015 D/EGL_emulation( 1712): eglMakeCurrent: 0xb4085540: ver 2 0 (tinfo 0xb4083740)
06-05 15:50:24.017 D/EGL_emulation( 1712): eglMakeCurrent: 0xb4085540: ver 2 0 (tinfo 0xb4083740)
06-05 15:50:24.017 V/PhoneStatusBar( 1712): setLightsOn(true)
06-05 15:50:24.028 D/EGL_emulation( 1712): eglMakeCurrent: 0xb4085540: ver 2 0 (tinfo 0xb4083740)
06-05 15:50:24.029 D/EGL_emulation( 1712): eglMakeCurrent: 0xb4085540: ver 2 0 (tinfo 0xb4083740)
06-05 15:50:24.035 I/System.out(18800): URI: //map
06-05 15:50:24.035 I/System.out(18800): params: {json={"query":"* marked:'Statistics'","operation":{"method_name":"query","arguments":[]}}
06-05 15:50:24.035 I/System.out(18800): }
06-05 15:50:24.043 D/EGL_emulation( 1712): eglMakeCurrent: 0xb4085540: ver 2 0 (tinfo 0xb4083740)
06-05 15:50:24.045 D/EGL_emulation( 1712): eglMakeCurrent: 0xb4085540: ver 2 0 (tinfo 0xb4083740)
06-05 15:50:24.045 W/ResourceType(18800): No package identifier when getting name for resource number 0x00000001
06-05 15:50:24.058 I/System.out(18800): URI: //gesture
06-05 15:50:24.058 I/System.out(18800): params: {json={"query_timeout":5.0,"gestures":[{"query_string":"* marked:'Statistics'","touches":[{"x":50,"y":50,"offset_x":0,"offset_y":0,"wait":0.0,"time":0.2,"release":true,"query_string":null}]}]}
06-05 15:50:24.058 I/System.out(18800): }
06-05 15:50:24.059 D/EGL_emulation( 1712): eglMakeCurrent: 0xb4085540: ver 2 0 (tinfo 0xb4083740)
06-05 15:50:24.061 D/EGL_emulation( 1712): eglMakeCurrent: 0xb4085540: ver 2 0 (tinfo 0xb4083740)
06-05 15:50:24.063 W/ResourceType(18800): No package identifier when getting name for resource number 0x00000001
06-05 15:50:24.076 D/EGL_emulation( 1712): eglMakeCurrent: 0xb4085540: ver 2 0 (tinfo 0xb4083740)
06-05 15:50:24.084 D/EGL_emulation( 1712): eglMakeCurrent: 0xb4085540: ver 2 0 (tinfo 0xb4083740)
06-05 15:50:24.093 D/EGL_emulation( 1712): eglMakeCurrent: 0xb4085540: ver 2 0 (tinfo 0xb4083740)
06-05 15:50:24.099 D/EGL_emulation( 1712): eglMakeCurrent: 0xb4085540: ver 2 0 (tinfo 0xb4083740)
06-05 15:50:24.110 D/EGL_emulation( 1712): eglMakeCurrent: 0xb4085540: ver 2 0 (tinfo 0xb4083740)
06-05 15:50:24.112 D/EGL_emulation( 1712): eglMakeCurrent: 0xb4085540: ver 2 0 (tinfo 0xb4083740)
06-05 15:50:24.126 D/EGL_emulation( 1712): eglMakeCurrent: 0xb4085540: ver 2 0 (tinfo 0xb4083740)
06-05 15:50:24.128 D/EGL_emulation( 1712): eglMakeCurrent: 0xb4085540: ver 2 0 (tinfo 0xb4083740)
06-05 15:50:24.143 D/EGL_emulation( 1712): eglMakeCurrent: 0xb4085540: ver 2 0 (tinfo 0xb4083740)
06-05 15:50:24.145 D/EGL_emulation( 1712): eglMakeCurrent: 0xb4085540: ver 2 0 (tinfo 0xb4083740)
06-05 15:50:24.160 D/EGL_emulation( 1712): eglMakeCurrent: 0xb4085540: ver 2 0 (tinfo 0xb4083740)
06-05 15:50:24.176 I/WindowManager( 1630): Destroying surface Surface(name=Starting com.evancharlton.mileage) called by com.android.server.wm.WindowStateAnimator.destroySurface:2016 com.android.server.wm.WindowStateAnimator.destroySurfaceLocked:882 com.android.server.wm.WindowState.destroyOrSaveSurface:2100 com.android.server.wm.AppWindowToken.destroySurfaces:363 com.android.server.wm.WindowStateAnimator.finishExit:565 com.android.server.wm.WindowStateAnimator.stepAnimationLocked:491 com.android.server.wm.WindowAnimator.updateWindowsLocked:303 com.android.server.wm.WindowAnimator.animateLocked:704 
06-05 15:50:24.177 V/PhoneStatusBar( 1712): setLightsOn(true)
06-05 15:50:24.178 V/PhoneStatusBar( 1712): setLightsOn(true)
06-05 15:50:24.302 I/calabash(18800): newActivity1
06-05 15:50:24.359 I/System.out(18800): URI: //map
06-05 15:50:24.359 I/System.out(18800): params: {json={"query":"android.widget.ScrollView index:0","operation":{"method_name":"query","arguments":[]}}
06-05 15:50:24.359 I/System.out(18800): }
06-05 15:50:24.359 W/ActivityManager( 1630): Bad activity token: android.os.BinderProxy@47c80c7
06-05 15:50:24.359 W/ActivityManager( 1630): java.lang.ClassCastException: android.os.BinderProxy cannot be cast to com.android.server.am.ActivityRecord$Token
06-05 15:50:24.359 W/ActivityManager( 1630): 	at com.android.server.am.ActivityRecord.forTokenLocked(ActivityRecord.java:586)
06-05 15:50:24.359 W/ActivityManager( 1630): 	at com.android.server.am.ActivityRecord.isInStackLocked(ActivityRecord.java:1327)
06-05 15:50:24.359 W/ActivityManager( 1630): 	at com.android.server.am.ActivityRecord.getStackLocked(ActivityRecord.java:1332)
06-05 15:50:24.359 W/ActivityManager( 1630): 	at com.android.server.am.ActivityManagerService.getActivityDisplayId(ActivityManagerService.java:9806)
06-05 15:50:24.359 W/ActivityManager( 1630): 	at android.app.ActivityManagerNative.onTransact(ActivityManagerNative.java:2566)
06-05 15:50:24.359 W/ActivityManager( 1630): 	at com.android.server.am.ActivityManagerService.onTransact(ActivityManagerService.java:2757)
06-05 15:50:24.359 W/ActivityManager( 1630): 	at android.os.Binder.execTransact(Binder.java:565)
06-05 15:50:24.361 W/ActivityManager( 1630): Bad activity token: android.os.BinderProxy@47c80c7
06-05 15:50:24.361 W/ActivityManager( 1630): java.lang.ClassCastException: android.os.BinderProxy cannot be cast to com.android.server.am.ActivityRecord$Token
06-05 15:50:24.361 W/ActivityManager( 1630): 	at com.android.server.am.ActivityRecord.forTokenLocked(ActivityRecord.java:586)
06-05 15:50:24.361 W/ActivityManager( 1630): 	at com.android.server.am.ActivityRecord.isInStackLocked(ActivityRecord.java:1327)
06-05 15:50:24.361 W/ActivityManager( 1630): 	at com.android.server.am.ActivityManagerService.setTaskDescription(ActivityManagerService.java:9358)
06-05 15:50:24.361 W/ActivityManager( 1630): 	at android.app.ActivityManagerNative.onTransact(ActivityManagerNative.java:2639)
06-05 15:50:24.361 W/ActivityManager( 1630): 	at com.android.server.am.ActivityManagerService.onTransact(ActivityManagerService.java:2757)
06-05 15:50:24.361 W/ActivityManager( 1630): 	at android.os.Binder.execTransact(Binder.java:565)
06-05 15:50:24.362 W/ActivityManager( 1630): Bad activity token: android.os.BinderProxy@47c80c7
06-05 15:50:24.362 W/ActivityManager( 1630): java.lang.ClassCastException: android.os.BinderProxy cannot be cast to com.android.server.am.ActivityRecord$Token
06-05 15:50:24.362 W/ActivityManager( 1630): 	at com.android.server.am.ActivityRecord.forTokenLocked(ActivityRecord.java:586)
06-05 15:50:24.362 W/ActivityManager( 1630): 	at com.android.server.am.ActivityRecord.isInStackLocked(ActivityRecord.java:1327)
06-05 15:50:24.362 W/ActivityManager( 1630): 	at com.android.server.am.ActivityRecord.getStackLocked(ActivityRecord.java:1332)
06-05 15:50:24.362 W/ActivityManager( 1630): 	at com.android.server.am.ActivityManagerService.getActivityStackId(ActivityManagerService.java:9817)
06-05 15:50:24.362 W/ActivityManager( 1630): 	at android.app.ActivityManagerNative.onTransact(ActivityManagerNative.java:2856)
06-05 15:50:24.362 W/ActivityManager( 1630): 	at com.android.server.am.ActivityManagerService.onTransact(ActivityManagerService.java:2757)
06-05 15:50:24.362 W/ActivityManager( 1630): 	at android.os.Binder.execTransact(Binder.java:565)
06-05 15:50:24.370 D/VehicleStatisticsActivity(18800): Checking recalculation ...
06-05 15:50:24.371 D/VehicleStatisticsActivity(18800): Recalculating statistics
06-05 15:50:24.371 D/VehicleStatisticsTask(18800): Calculation starting...
06-05 15:50:24.371 D/VehicleStatisticsActivity(18800): Recalculation started!
06-05 15:50:24.372 W/ResourceType(18800): No package identifier when getting value for resource number 0x00000000
06-05 15:50:24.372 D/AndroidRuntime(18800): Shutting down VM
--------- beginning of crash
06-05 15:50:24.372 E/AndroidRuntime(18800): FATAL EXCEPTION: main
06-05 15:50:24.372 E/AndroidRuntime(18800): Process: com.evancharlton.mileage, PID: 18800
06-05 15:50:24.372 E/AndroidRuntime(18800): java.lang.RuntimeException: Unable to start activity ComponentInfo{com.evancharlton.mileage/com.evancharlton.mileage.VehicleStatisticsActivity}: android.content.res.Resources$NotFoundException: String resource ID #0x0
06-05 15:50:24.372 E/AndroidRuntime(18800): 	at android.app.ActivityThread.performLaunchActivity(ActivityThread.java:2646)
06-05 15:50:24.372 E/AndroidRuntime(18800): 	at android.app.ActivityThread.startActivityNow(ActivityThread.java:2446)
06-05 15:50:24.372 E/AndroidRuntime(18800): 	at android.app.LocalActivityManager.moveToState(LocalActivityManager.java:136)
06-05 15:50:24.372 E/AndroidRuntime(18800): 	at android.app.LocalActivityManager.startActivity(LocalActivityManager.java:348)
06-05 15:50:24.372 E/AndroidRuntime(18800): 	at android.widget.TabHost$IntentContentStrategy.getContentView(TabHost.java:724)
06-05 15:50:24.372 E/AndroidRuntime(18800): 	at android.widget.TabHost.setCurrentTab(TabHost.java:388)
06-05 15:50:24.372 E/AndroidRuntime(18800): 	at android.widget.TabHost$2.onTabSelectionChanged(TabHost.java:158)
06-05 15:50:24.372 E/AndroidRuntime(18800): 	at android.widget.TabWidget$TabClickListener.onClick(TabWidget.java:532)
06-05 15:50:24.372 E/AndroidRuntime(18800): 	at android.view.View.performClick(View.java:5610)
06-05 15:50:24.372 E/AndroidRuntime(18800): 	at android.view.View$PerformClick.run(View.java:22265)
06-05 15:50:24.372 E/AndroidRuntime(18800): 	at android.os.Handler.handleCallback(Handler.java:751)
06-05 15:50:24.372 E/AndroidRuntime(18800): 	at android.os.Handler.dispatchMessage(Handler.java:95)
06-05 15:50:24.372 E/AndroidRuntime(18800): 	at android.os.Looper.loop(Looper.java:154)
06-05 15:50:24.372 E/AndroidRuntime(18800): 	at android.app.ActivityThread.main(ActivityThread.java:6077)
06-05 15:50:24.372 E/AndroidRuntime(18800): 	at java.lang.reflect.Method.invoke(Native Method)
06-05 15:50:24.372 E/AndroidRuntime(18800): 	at com.android.internal.os.ZygoteInit$MethodAndArgsCaller.run(ZygoteInit.java:866)
06-05 15:50:24.372 E/AndroidRuntime(18800): 	at com.android.internal.os.ZygoteInit.main(ZygoteInit.java:756)
06-05 15:50:24.372 E/AndroidRuntime(18800): Caused by: android.content.res.Resources$NotFoundException: String resource ID #0x0
06-05 15:50:24.372 E/AndroidRuntime(18800): 	at android.content.res.Resources.getText(Resources.java:331)
06-05 15:50:24.372 E/AndroidRuntime(18800): 	at android.content.res.Resources.getString(Resources.java:377)
06-05 15:50:24.372 E/AndroidRuntime(18800): 	at android.content.Context.getString(Context.java:476)
06-05 15:50:24.372 E/AndroidRuntime(18800): 	at com.evancharlton.mileage.provider.Statistic.getLabel(Statistic.java:37)
06-05 15:50:24.372 E/AndroidRuntime(18800): 	at com.evancharlton.mileage.adapters.VehicleStatisticsAdapter$StatisticHolder.<init>(VehicleStatisticsAdapter.java:203)
06-05 15:50:24.372 E/AndroidRuntime(18800): 	at com.evancharlton.mileage.adapters.VehicleStatisticsAdapter.<init>(VehicleStatisticsAdapter.java:50)
06-05 15:50:24.372 E/AndroidRuntime(18800): 	at com.evancharlton.mileage.VehicleStatisticsActivity.setAdapter(VehicleStatisticsActivity.java:197)
06-05 15:50:24.372 E/AndroidRuntime(18800): 	at com.evancharlton.mileage.VehicleStatisticsActivity.recalculate(VehicleStatisticsActivity.java:175)
06-05 15:50:24.372 E/AndroidRuntime(18800): 	at com.evancharlton.mileage.VehicleStatisticsActivity.onCreate(VehicleStatisticsActivity.java:131)
06-05 15:50:24.372 E/AndroidRuntime(18800): 	at android.app.Activity.performCreate(Activity.java:6662)
06-05 15:50:24.372 E/AndroidRuntime(18800): 	at android.app.Instrumentation.callActivityOnCreate(Instrumentation.java:1118)
06-05 15:50:24.372 E/AndroidRuntime(18800): 	at android.app.ActivityThread.performLaunchActivity(ActivityThread.java:2599)
06-05 15:50:24.372 E/AndroidRuntime(18800): 	... 16 more
06-05 15:50:24.373 I/Process (18800): Sending signal. PID: 18800 SIG: 9
06-05 15:50:24.410 V/PhoneStatusBar( 1712): setLightsOn(true)
06-05 15:50:24.433 I/ActivityManager( 1630): Process com.evancharlton.mileage (pid 18800) has died
06-05 15:50:24.433 D/ActivityManager( 1630): cleanUpApplicationRecord -- 18800
06-05 15:50:24.433 W/ActivityManager( 1630): Scheduling restart of crashed service com.evancharlton.mileage/.services.AutomaticBackupService in 1000ms
06-05 15:50:24.433 W/ActivityManager( 1630): Force removing ActivityRecord{e12d67e u0 com.evancharlton.mileage/.Mileage t312}: app died, no saved state
06-05 15:50:24.434 W/InputDispatcher( 1630): channel 'bdfdb2e com.evancharlton.mileage/com.evancharlton.mileage.Mileage (server)' ~ Consumer closed input channel or an error occurred.  events=0x9
06-05 15:50:24.434 E/InputDispatcher( 1630): channel 'bdfdb2e com.evancharlton.mileage/com.evancharlton.mileage.Mileage (server)' ~ Channel is unrecoverably broken and will be disposed!
06-05 15:50:24.442 I/WindowManager( 1630): WIN DEATH: Window{bdfdb2e u0 com.evancharlton.mileage/com.evancharlton.mileage.Mileage}
06-05 15:50:24.442 W/InputDispatcher( 1630): Attempted to unregister already unregistered input channel 'bdfdb2e com.evancharlton.mileage/com.evancharlton.mileage.Mileage (server)'
06-05 15:50:24.442 I/WindowManager( 1630): Destroying surface Surface(name=com.evancharlton.mileage/com.evancharlton.mileage.Mileage) called by com.android.server.wm.WindowStateAnimator.destroySurface:2016 com.android.server.wm.WindowStateAnimator.destroySurfaceLocked:882 com.android.server.wm.WindowState.removeLocked:1456 com.android.server.wm.WindowManagerService.removeWindowInnerLocked:2484 com.android.server.wm.WindowManagerService.removeWindowLocked:2442 com.android.server.wm.WindowState$DeathRecipient.binderDied:1787 android.os.BinderProxy.sendDeathNotice:688 <bottom of call stack> 
