--------- beginning of main
06-05 18:34:01.288 V/PhoneStatusBar( 1711): setLightsOn(true)
06-05 18:34:01.289 V/PhoneStatusBar( 1711): setLightsOn(true)
06-05 18:34:01.290 V/PhoneStatusBar( 1711): setLightsOn(true)
06-05 18:34:01.291 W/OpenGLRenderer( 2150): Incorrectly called buildLayer on View: ShortcutAndWidgetContainer, destroying layer...
06-05 18:34:01.306 D/gralloc_ranchu( 1346): gralloc_alloc: Creating ashmem region of size 3145728
06-05 18:34:01.313 E/EGL_emulation( 1346): tid 1346: eglCreateSyncKHR(1901): error 0x3004 (EGL_BAD_ATTRIBUTE)
--------- beginning of system
06-05 18:34:01.324 W/ActivityManager( 1629): Finishing task with all activities already finished
06-05 18:34:01.324 W/ActivityManager( 1629): Duplicate finish request for ActivityRecord{ba4137 u0 com.evancharlton.mileage/.Mileage t3064 f}
06-05 18:34:01.324 I/ActivityManager( 1629): Activity reported stop, but no longer stopping: ActivityRecord{e9962f2 u0 com.android.launcher3/.Launcher t73}
06-05 18:34:01.324 W/ActivityManager( 1629): Finishing task with all activities already finished
06-05 18:34:01.324 W/ActivityManager( 1629): Duplicate finish request for ActivityRecord{ba4137 u0 com.evancharlton.mileage/.Mileage t3064 f}
06-05 18:34:01.324 W/ActivityManager( 1629): Finishing task with all activities already finished
06-05 18:34:01.324 W/ActivityManager( 1629): Duplicate finish request for ActivityRecord{ba4137 u0 com.evancharlton.mileage/.Mileage t3064 f}
06-05 18:34:01.324 W/ActivityManager( 1629): Finishing task with all activities already finished
06-05 18:34:01.324 W/ActivityManager( 1629): Duplicate finish request for ActivityRecord{ba4137 u0 com.evancharlton.mileage/.Mileage t3064 f}
06-05 18:34:01.324 W/ActivityManager( 1629): Finishing task with all activities already finished
06-05 18:34:01.324 W/ActivityManager( 1629): Duplicate finish request for ActivityRecord{ba4137 u0 com.evancharlton.mileage/.Mileage t3064 f}
06-05 18:34:01.338 D/WindowManager( 1629): relayoutVisibleWindow: Window{fc66ae0 u0 com.android.launcher3/com.android.launcher3.Launcher EXITING} mAnimatingExit=true, mRemoveOnExit=false, mDestroying=true
06-05 18:34:01.359 D/EGL_emulation( 1711): eglMakeCurrent: 0xa5b6bd80: ver 2 0 (tinfo 0xb1367140)
06-05 18:34:01.371 D/EGL_emulation( 1711): eglMakeCurrent: 0xa5b6bd80: ver 2 0 (tinfo 0xb1367140)
06-05 18:34:01.372 D/EGL_emulation( 2150): eglMakeCurrent: 0xb4f852a0: ver 2 0 (tinfo 0xb4f832e0)
06-05 18:34:01.373 D/EGL_emulation( 1711): eglMakeCurrent: 0xa5b6bd80: ver 2 0 (tinfo 0xb1367140)
06-05 18:34:01.387 D/EGL_emulation( 1711): eglMakeCurrent: 0xa5b6bd80: ver 2 0 (tinfo 0xb1367140)
06-05 18:34:01.390 D/EGL_emulation( 1711): eglMakeCurrent: 0xa5b6bd80: ver 2 0 (tinfo 0xb1367140)
06-05 18:34:01.404 D/EGL_emulation( 1711): eglMakeCurrent: 0xa5b6bd80: ver 2 0 (tinfo 0xb1367140)
06-05 18:34:01.406 D/EGL_emulation( 1711): eglMakeCurrent: 0xa5b6bd80: ver 2 0 (tinfo 0xb1367140)
06-05 18:34:01.410 D/AndroidRuntime( 4878): >>>>>> START com.android.internal.os.RuntimeInit uid 2000 <<<<<<
06-05 18:34:01.412 D/AndroidRuntime( 4878): CheckJNI is ON
06-05 18:34:01.421 D/EGL_emulation( 1711): eglMakeCurrent: 0xa5b6bd80: ver 2 0 (tinfo 0xb1367140)
06-05 18:34:01.422 D/EGL_emulation( 1711): eglMakeCurrent: 0xa5b6bd80: ver 2 0 (tinfo 0xb1367140)
06-05 18:34:01.426 W/art     ( 4878): Unexpected CPU variant for X86 using defaults: x86
06-05 18:34:01.429 D/ICU     ( 4878): No timezone override file found: /data/misc/zoneinfo/current/icu/icu_tzdata.dat
06-05 18:34:01.438 D/EGL_emulation( 1711): eglMakeCurrent: 0xa5b6bd80: ver 2 0 (tinfo 0xb1367140)
06-05 18:34:01.440 D/EGL_emulation( 1711): eglMakeCurrent: 0xa5b6bd80: ver 2 0 (tinfo 0xb1367140)
06-05 18:34:01.441 E/memtrack( 4878): Couldn't load memtrack module (No such file or directory)
06-05 18:34:01.441 E/android.os.Debug( 4878): failed to load memtrack module: -2
06-05 18:34:01.442 I/Radio-JNI( 4878): register_android_hardware_Radio DONE
06-05 18:34:01.449 D/AndroidRuntime( 4878): Calling main entry com.android.commands.am.Am
06-05 18:34:01.451 I/ActivityManager( 1629): Force stopping com.evancharlton.mileage appid=10160 user=0: start instr
06-05 18:34:01.451 I/ActivityManager( 1629): Killing 4837:com.evancharlton.mileage/u0a160 (adj 0): stop com.evancharlton.mileage
06-05 18:34:01.451 D/ActivityManager( 1629): cleanUpApplicationRecord -- 4837
06-05 18:34:01.453 W/ActivityManager( 1629): Crash of app com.evancharlton.mileage running instrumentation ComponentInfo{com.evancharlton.mileage.test/sh.calaba.instrumentationbackend.CalabashInstrumentationTestRunner}
06-05 18:34:01.453 I/ActivityManager( 1629): Force stopping com.evancharlton.mileage appid=10160 user=0: finished inst
06-05 18:34:01.454 D/EGL_emulation( 1711): eglMakeCurrent: 0xa5b6bd80: ver 2 0 (tinfo 0xb1367140)
06-05 18:34:01.456 D/EGL_emulation( 1711): eglMakeCurrent: 0xa5b6bd80: ver 2 0 (tinfo 0xb1367140)
06-05 18:34:01.458 I/art     ( 4888): Not late-enabling -Xcheck:jni (already on)
06-05 18:34:01.458 W/art     ( 4888): Unexpected CPU variant for X86 using defaults: x86
06-05 18:34:01.465 I/ActivityManager( 1629): Start proc 4888:com.evancharlton.mileage/u0a160 for added application com.evancharlton.mileage
06-05 18:34:01.465 D/AndroidRuntime( 4878): Shutting down VM
06-05 18:34:01.471 D/EGL_emulation( 1711): eglMakeCurrent: 0xa5b6bd80: ver 2 0 (tinfo 0xb1367140)
06-05 18:34:01.472 W/System  ( 4888): ClassLoader referenced unknown path: /data/app/com.evancharlton.mileage.test-1/lib/x86
06-05 18:34:01.472 W/System  ( 4888): ClassLoader referenced unknown path: /data/app/com.evancharlton.mileage-1/lib/x86
06-05 18:34:01.474 D/EGL_emulation( 1711): eglMakeCurrent: 0xa5b6bd80: ver 2 0 (tinfo 0xb1367140)
06-05 18:34:01.475 W/System  ( 4888): ClassLoader referenced unknown path: 
06-05 18:34:01.480 I/System.out( 4888): Main activity name automatically set to: com.evancharlton.mileage.Mileage
06-05 18:34:01.480 I/System.out( 4888): Calabash did not load Mono. This is only a problem if you are trying to test a Mono application
06-05 18:34:01.481 I/calabash( 4888): Test server port: 7102
06-05 18:34:01.482 I/InstrumentationBackend( 4888): Added:'GetPreferences', with key:'get_preferences'
06-05 18:34:01.487 D/EGL_emulation( 1711): eglMakeCurrent: 0xa5b6bd80: ver 2 0 (tinfo 0xb1367140)
06-05 18:34:01.488 I/InstrumentationBackend( 4888): Added:'SetPreferences', with key:'set_preferences'
06-05 18:34:01.488 I/InstrumentationBackend( 4888): Added:'ClearPreferences', with key:'clear_preferences'
06-05 18:34:01.488 I/InstrumentationBackend( 4888): Added:'PressElement', with key:'press_l10n_element'
06-05 18:34:01.488 I/InstrumentationBackend( 4888): Added:'WaitForElement', with key:'wait_for_l10n_element'
06-05 18:34:01.488 I/InstrumentationBackend( 4888): Added:'NullAction', with key:'nullAction'
06-05 18:34:01.489 I/InstrumentationBackend( 4888): Added:'PressKey', with key:'press_key'
06-05 18:34:01.489 I/InstrumentationBackend( 4888): Added:'SetActivityOrientation', with key:'set_activity_orientation'
06-05 18:34:01.489 I/InstrumentationBackend( 4888): Added:'GetActivityOrientation', with key:'get_activity_orientation'
06-05 18:34:01.489 I/InstrumentationBackend( 4888): Added:'FakeGPSLocation', with key:'set_gps_coordinates'
06-05 18:34:01.489 I/InstrumentationBackend( 4888): Added:'SetPropertyByCssSelector', with key:'set_property_by_css_selector'
06-05 18:34:01.489 I/InstrumentationBackend( 4888): Added:'GetUrl', with key:'get_url'
06-05 18:34:01.489 D/EGL_emulation( 1711): eglMakeCurrent: 0xa5b6bd80: ver 2 0 (tinfo 0xb1367140)
06-05 18:34:01.489 I/InstrumentationBackend( 4888): Added:'ScrollTo', with key:'scroll_to'
06-05 18:34:01.490 I/InstrumentationBackend( 4888): Added:'GetLoadProgress', with key:'get_load_progress'
06-05 18:34:01.490 I/InstrumentationBackend( 4888): Added:'DumpHtml', with key:'dump_html'
06-05 18:34:01.490 I/InstrumentationBackend( 4888): Added:'DumpBodyHtml', with key:'dump_body_html'
06-05 18:34:01.490 I/InstrumentationBackend( 4888): Added:'EnterTextByCssSelector', with key:'enter_text_by_selector'
06-05 18:34:01.490 I/InstrumentationBackend( 4888): Added:'AndroidSDKVersion', with key:'android_sdk_version'
06-05 18:34:01.490 I/InstrumentationBackend( 4888): Added:'Version', with key:'version'
06-05 18:34:01.490 I/InstrumentationBackend( 4888): Added:'Drag', with key:'drag'
06-05 18:34:01.490 I/InstrumentationBackend( 4888): Added:'TouchCoordinates', with key:'touch_coordinate'
06-05 18:34:01.490 I/InstrumentationBackend( 4888): Added:'LongPressCoordinate', with key:'long_press_coordinate'
06-05 18:34:01.490 I/InstrumentationBackend( 4888): Added:'DragCoordinates', with key:'drag_coordinates'
06-05 18:34:01.491 I/InstrumentationBackend( 4888): Added:'ResumeApplication', with key:'resume_application'
06-05 18:34:01.491 I/InstrumentationBackend( 4888): Added:'Swipe', with key:'swipe'
06-05 18:34:01.491 I/InstrumentationBackend( 4888): Added:'DoubleTapCoordinate', with key:'double_tap_coordinate'
06-05 18:34:01.491 I/InstrumentationBackend( 4888): Added:'ClickOnScreen', with key:'click_on_screen'
06-05 18:34:01.491 I/InstrumentationBackend( 4888): Added:'GetActivityName', with key:'get_activity_name'
06-05 18:34:01.491 I/InstrumentationBackend( 4888): Added:'ScrollToView', with key:'scroll_to_view'
06-05 18:34:01.491 I/InstrumentationBackend( 4888): Added:'ViewConfiguration', with key:'view_configuration'
06-05 18:34:01.491 I/InstrumentationBackend( 4888): Added:'IsCurrentActivityFocused', with key:'is_current_activity_focused'
06-05 18:34:01.491 I/InstrumentationBackend( 4888): Added:'SendTcp', with key:'send_tcp'
06-05 18:34:01.491 I/InstrumentationBackend( 4888): Added:'DpToDevicePixel', with key:'dp_to_device_pixel'
06-05 18:34:01.491 I/InstrumentationBackend( 4888): Added:'KeyboardEnterText', with key:'keyboard_enter_text'
06-05 18:34:01.491 I/InstrumentationBackend( 4888): Added:'DeleteSurroundingText', with key:'delete_surrounding_text'
06-05 18:34:01.491 I/InstrumentationBackend( 4888): Added:'SetComposingRegion', with key:'set_composing_region'
06-05 18:34:01.491 I/InstrumentationBackend( 4888): Added:'SetSelection', with key:'set_selection'
06-05 18:34:01.491 I/InstrumentationBackend( 4888): Added:'KeyboardKeyEvent', with key:'keyboard_key_event'
06-05 18:34:01.491 I/InstrumentationBackend( 4888): Added:'PressUserActionButton', with key:'press_user_action_button'
06-05 18:34:01.491 I/InstrumentationBackend( 4888): Added:'HideSoftKeyboard', with key:'hide_soft_keyboard'
06-05 18:34:01.491 I/InstrumentationBackend( 4888): Added:'ListActions', with key:'list_actions'
06-05 18:34:01.492 I/calabash( 4888): Instantiating http server at 7102
06-05 18:34:01.492 I/System.out( 4888): HTTP Daemon listening on: 7102
06-05 18:34:01.504 D/EGL_emulation( 1711): eglMakeCurrent: 0xa5b6bd80: ver 2 0 (tinfo 0xb1367140)
06-05 18:34:01.506 D/EGL_emulation( 1711): eglMakeCurrent: 0xa5b6bd80: ver 2 0 (tinfo 0xb1367140)
06-05 18:34:01.511 I/WindowManager( 1629): WIN DEATH: Window{e6686be u0 com.evancharlton.mileage/com.evancharlton.mileage.Mileage EXITING}
06-05 18:34:01.529 D/EGL_emulation( 1711): eglMakeCurrent: 0xa5b6bd80: ver 2 0 (tinfo 0xb1367140)
06-05 18:34:01.535 D/EGL_emulation( 1711): eglMakeCurrent: 0xa5b6bd80: ver 2 0 (tinfo 0xb1367140)
06-05 18:34:01.537 D/EGL_emulation( 1711): eglMakeCurrent: 0xa5b6bd80: ver 2 0 (tinfo 0xb1367140)
06-05 18:34:01.539 D/EGL_emulation( 1711): eglMakeCurrent: 0xa5b6bd80: ver 2 0 (tinfo 0xb1367140)
06-05 18:34:01.554 D/EGL_emulation( 1711): eglMakeCurrent: 0xa5b6bd80: ver 2 0 (tinfo 0xb1367140)
06-05 18:34:01.555 D/EGL_emulation( 1711): eglMakeCurrent: 0xa5b6bd80: ver 2 0 (tinfo 0xb1367140)
06-05 18:34:01.571 D/EGL_emulation( 1711): eglMakeCurrent: 0xa5b6bd80: ver 2 0 (tinfo 0xb1367140)
06-05 18:34:01.576 I/System.out( 4888): URI: //ping
06-05 18:34:01.576 I/System.out( 4888): params: {json={}
06-05 18:34:01.576 I/System.out( 4888): }
06-05 18:34:01.578 I/System.out( 4888): URI: //ping
06-05 18:34:01.578 I/System.out( 4888): params: {json={}
06-05 18:34:01.578 I/System.out( 4888): }
06-05 18:34:01.581 I/System.out( 4888): URI: //ready
06-05 18:34:01.581 I/System.out( 4888): params: {json={}
06-05 18:34:01.581 I/System.out( 4888): }
06-05 18:34:01.583 I/System.out( 4888): URI: //
06-05 18:34:01.583 I/System.out( 4888): params: {json={"command":"version","arguments":[]}
06-05 18:34:01.583 I/System.out( 4888): }
06-05 18:34:01.583 I/System.out( 4888): header: {content-type=application/json;charset=utf-8, date=Fri, 05 Jun 2020 23:34:01 GMT, accept=*/*, host=127.0.0.1:34783, content-length=36, user-agent=HTTPClient/1.0 (2.8.3, ruby 2.5.1 (2018-03-29))}
06-05 18:34:01.583 I/System.out( 4888): params: {json={"command":"version","arguments":[]}
06-05 18:34:01.583 I/System.out( 4888): }
06-05 18:34:01.583 I/System.out( 4888): ProP json = {"command":"version","arguments":[]}
06-05 18:34:01.583 I/System.out( 4888): files: {}
06-05 18:34:01.583 I/System.out( 4888): command: {"command":"version","arguments":[]}
06-05 18:34:01.586 I/InstrumentationBackend( 4888): Got command:'Command:'Line:null,version', arguments:'[]'
06-05 18:34:01.594 I/System.out( 4888): result:{"bonusInformation":[],"message":"0.9.8","success":true}
06-05 18:34:01.596 I/System.out( 4888): URI: //start-application
06-05 18:34:01.596 I/System.out( 4888): params: {json={"intent":null}
06-05 18:34:01.596 I/System.out( 4888): }
06-05 18:34:01.608 I/ActivityManager( 1629): START u0 {act=android.intent.action.MAIN cat=[android.intent.category.LAUNCHER] flg=0x10200000 cmp=com.evancharlton.mileage/.Mileage} from uid 10160 on display 0
06-05 18:34:01.615 I/calabash( 4888): newActivity1
06-05 18:34:01.624 I/calabash( 4888): newActivity1
06-05 18:34:01.625 W/ActivityManager( 1629): Bad activity token: android.os.BinderProxy@160a4d2
06-05 18:34:01.625 W/ActivityManager( 1629): java.lang.ClassCastException: android.os.BinderProxy cannot be cast to com.android.server.am.ActivityRecord$Token
06-05 18:34:01.625 W/ActivityManager( 1629): 	at com.android.server.am.ActivityRecord.forTokenLocked(ActivityRecord.java:586)
06-05 18:34:01.625 W/ActivityManager( 1629): 	at com.android.server.am.ActivityRecord.isInStackLocked(ActivityRecord.java:1327)
06-05 18:34:01.625 W/ActivityManager( 1629): 	at com.android.server.am.ActivityRecord.getStackLocked(ActivityRecord.java:1332)
06-05 18:34:01.625 W/ActivityManager( 1629): 	at com.android.server.am.ActivityManagerService.getActivityDisplayId(ActivityManagerService.java:9806)
06-05 18:34:01.625 W/ActivityManager( 1629): 	at android.app.ActivityManagerNative.onTransact(ActivityManagerNative.java:2566)
06-05 18:34:01.625 W/ActivityManager( 1629): 	at com.android.server.am.ActivityManagerService.onTransact(ActivityManagerService.java:2757)
06-05 18:34:01.625 W/ActivityManager( 1629): 	at android.os.Binder.execTransact(Binder.java:565)
06-05 18:34:01.626 W/ActivityManager( 1629): Bad activity token: android.os.BinderProxy@160a4d2
06-05 18:34:01.626 W/ActivityManager( 1629): java.lang.ClassCastException: android.os.BinderProxy cannot be cast to com.android.server.am.ActivityRecord$Token
06-05 18:34:01.626 W/ActivityManager( 1629): 	at com.android.server.am.ActivityRecord.forTokenLocked(ActivityRecord.java:586)
06-05 18:34:01.626 W/ActivityManager( 1629): 	at com.android.server.am.ActivityRecord.isInStackLocked(ActivityRecord.java:1327)
06-05 18:34:01.626 W/ActivityManager( 1629): 	at com.android.server.am.ActivityManagerService.setTaskDescription(ActivityManagerService.java:9358)
06-05 18:34:01.626 W/ActivityManager( 1629): 	at android.app.ActivityManagerNative.onTransact(ActivityManagerNative.java:2639)
06-05 18:34:01.626 W/ActivityManager( 1629): 	at com.android.server.am.ActivityManagerService.onTransact(ActivityManagerService.java:2757)
06-05 18:34:01.626 W/ActivityManager( 1629): 	at android.os.Binder.execTransact(Binder.java:565)
06-05 18:34:01.627 W/ActivityManager( 1629): Bad activity token: android.os.BinderProxy@160a4d2
06-05 18:34:01.627 W/ActivityManager( 1629): java.lang.ClassCastException: android.os.BinderProxy cannot be cast to com.android.server.am.ActivityRecord$Token
06-05 18:34:01.627 W/ActivityManager( 1629): 	at com.android.server.am.ActivityRecord.forTokenLocked(ActivityRecord.java:586)
06-05 18:34:01.627 W/ActivityManager( 1629): 	at com.android.server.am.ActivityRecord.isInStackLocked(ActivityRecord.java:1327)
06-05 18:34:01.627 W/ActivityManager( 1629): 	at com.android.server.am.ActivityRecord.getStackLocked(ActivityRecord.java:1332)
06-05 18:34:01.627 W/ActivityManager( 1629): 	at com.android.server.am.ActivityManagerService.getActivityStackId(ActivityManagerService.java:9817)
06-05 18:34:01.627 W/ActivityManager( 1629): 	at android.app.ActivityManagerNative.onTransact(ActivityManagerNative.java:2856)
06-05 18:34:01.627 W/ActivityManager( 1629): 	at com.android.server.am.ActivityManagerService.onTransact(ActivityManagerService.java:2757)
06-05 18:34:01.627 W/ActivityManager( 1629): 	at android.os.Binder.execTransact(Binder.java:565)
06-05 18:34:01.638 D/gralloc_ranchu( 1346): gralloc_alloc: Creating ashmem region of size 9023488
06-05 18:34:01.649 W/ActivityManager( 1629): Bad activity token: android.os.BinderProxy@160a4d2
06-05 18:34:01.649 W/ActivityManager( 1629): java.lang.ClassCastException: android.os.BinderProxy cannot be cast to com.android.server.am.ActivityRecord$Token
06-05 18:34:01.649 W/ActivityManager( 1629): 	at com.android.server.am.ActivityRecord.forTokenLocked(ActivityRecord.java:586)
06-05 18:34:01.649 W/ActivityManager( 1629): 	at com.android.server.am.ActivityRecord.isInStackLocked(ActivityRecord.java:1327)
06-05 18:34:01.649 W/ActivityManager( 1629): 	at com.android.server.am.ActivityManagerService.getActivityOptions(ActivityManagerService.java:12559)
06-05 18:34:01.649 W/ActivityManager( 1629): 	at android.app.ActivityManagerNative.onTransact(ActivityManagerNative.java:1933)
06-05 18:34:01.649 W/ActivityManager( 1629): 	at com.android.server.am.ActivityManagerService.onTransact(ActivityManagerService.java:2757)
06-05 18:34:01.649 W/ActivityManager( 1629): 	at android.os.Binder.execTransact(Binder.java:565)
06-05 18:34:01.649 W/ActivityManager( 1629): Bad activity token: android.os.BinderProxy@160a4d2
06-05 18:34:01.649 W/ActivityManager( 1629): java.lang.ClassCastException: android.os.BinderProxy cannot be cast to com.android.server.am.ActivityRecord$Token
06-05 18:34:01.649 W/ActivityManager( 1629): 	at com.android.server.am.ActivityRecord.forTokenLocked(ActivityRecord.java:586)
06-05 18:34:01.649 W/ActivityManager( 1629): 	at com.android.server.am.ActivityRecord.isInStackLocked(ActivityRecord.java:1327)
06-05 18:34:01.649 W/ActivityManager( 1629): 	at com.android.server.am.ActivityManagerService.getActivityOptions(ActivityManagerService.java:12559)
06-05 18:34:01.649 W/ActivityManager( 1629): 	at android.app.ActivityManagerNative.onTransact(ActivityManagerNative.java:1933)
06-05 18:34:01.649 W/ActivityManager( 1629): 	at com.android.server.am.ActivityManagerService.onTransact(ActivityManagerService.java:2757)
06-05 18:34:01.649 W/ActivityManager( 1629): 	at android.os.Binder.execTransact(Binder.java:565)
06-05 18:34:01.666 V/PhoneStatusBar( 1711): setLightsOn(true)
06-05 18:34:01.671 D/EGL_emulation( 2150): eglMakeCurrent: 0xb4f852a0: ver 2 0 (tinfo 0xb4f832e0)
06-05 18:34:01.672 D/EGL_emulation( 1711): eglMakeCurrent: 0xa5b6bd80: ver 2 0 (tinfo 0xb1367140)
06-05 18:34:01.687 D/gralloc_ranchu( 1346): gralloc_alloc: Creating ashmem region of size 9023488
06-05 18:34:01.688 D/EGL_emulation( 1711): eglMakeCurrent: 0xa5b6bd80: ver 2 0 (tinfo 0xb1367140)
06-05 18:34:01.696 D/        ( 4888): HostConnection::get() New Host Connection established 0x98c405c0, tid 4888
06-05 18:34:01.700 D/EGL_emulation( 1711): eglMakeCurrent: 0xa5b6bd80: ver 2 0 (tinfo 0xb1367140)
06-05 18:34:01.700 V/PhoneStatusBar( 1711): setLightsOn(true)
06-05 18:34:01.743 D/EGL_emulation( 1711): eglMakeCurrent: 0xa5b6bd80: ver 2 0 (tinfo 0xb1367140)
06-05 18:34:01.746 D/EGL_emulation( 1711): eglMakeCurrent: 0xa5b6bd80: ver 2 0 (tinfo 0xb1367140)
06-05 18:34:01.748 D/EGL_emulation( 1711): eglMakeCurrent: 0xa5b6bd80: ver 2 0 (tinfo 0xb1367140)
06-05 18:34:01.758 D/EGL_emulation( 1711): eglMakeCurrent: 0xa5b6bd80: ver 2 0 (tinfo 0xb1367140)
06-05 18:34:01.761 D/EGL_emulation( 1711): eglMakeCurrent: 0xa5b6bd80: ver 2 0 (tinfo 0xb1367140)
06-05 18:34:01.771 D/EGL_emulation( 1711): eglMakeCurrent: 0xa5b6bd80: ver 2 0 (tinfo 0xb1367140)
06-05 18:34:01.772 D/EGL_emulation( 1711): eglMakeCurrent: 0xa5b6bd80: ver 2 0 (tinfo 0xb1367140)
06-05 18:34:01.773 I/WindowManager( 1629): Destroying surface Surface(name=com.evancharlton.mileage/com.evancharlton.mileage.Mileage) called by com.android.server.wm.WindowStateAnimator.destroySurface:2016 com.android.server.wm.WindowStateAnimator.destroySurfaceLocked:882 com.android.server.wm.WindowState.removeLocked:1456 com.android.server.wm.WindowManagerService.removeWindowInnerLocked:2484 com.android.server.wm.AppWindowToken.destroySurfaces:365 com.android.server.wm.WindowStateAnimator.finishExit:565 com.android.server.wm.WindowStateAnimator.stepAnimationLocked:491 com.android.server.wm.WindowAnimator.updateWindowsLocked:303 
06-05 18:34:01.787 D/gralloc_ranchu( 1346): gralloc_alloc: Creating ashmem region of size 9023488
06-05 18:34:01.787 I/ActivityManager( 1629): Displayed com.evancharlton.mileage/.Mileage: +176ms
06-05 18:34:01.794 D/EGL_emulation( 1711): eglMakeCurrent: 0xa5b6bd80: ver 2 0 (tinfo 0xb1367140)
06-05 18:34:01.803 D/EGL_emulation( 1711): eglMakeCurrent: 0xa5b6bd80: ver 2 0 (tinfo 0xb1367140)
06-05 18:34:01.813 D/EGL_emulation( 1711): eglMakeCurrent: 0xa5b6bd80: ver 2 0 (tinfo 0xb1367140)
06-05 18:34:01.815 D/EGL_emulation( 1711): eglMakeCurrent: 0xa5b6bd80: ver 2 0 (tinfo 0xb1367140)
06-05 18:34:01.821 D/EGL_emulation( 1711): eglMakeCurrent: 0xa5b6bd80: ver 2 0 (tinfo 0xb1367140)
06-05 18:34:01.821 V/PhoneStatusBar( 1711): setLightsOn(true)
06-05 18:34:01.827 D/EGL_emulation( 1711): eglMakeCurrent: 0xa5b6bd80: ver 2 0 (tinfo 0xb1367140)
06-05 18:34:01.837 D/EGL_emulation( 1711): eglMakeCurrent: 0xa5b6bd80: ver 2 0 (tinfo 0xb1367140)
06-05 18:34:01.839 D/EGL_emulation( 1711): eglMakeCurrent: 0xa5b6bd80: ver 2 0 (tinfo 0xb1367140)
06-05 18:34:01.844 I/System.out( 4888): URI: //map
06-05 18:34:01.844 I/System.out( 4888): params: {json={"query":"* marked:'Statistics'","operation":{"method_name":"query","arguments":[]}}
06-05 18:34:01.844 I/System.out( 4888): }
06-05 18:34:01.854 D/EGL_emulation( 1711): eglMakeCurrent: 0xa5b6bd80: ver 2 0 (tinfo 0xb1367140)
06-05 18:34:01.855 D/EGL_emulation( 1711): eglMakeCurrent: 0xa5b6bd80: ver 2 0 (tinfo 0xb1367140)
06-05 18:34:01.858 W/ResourceType( 4888): No package identifier when getting name for resource number 0x00000001
06-05 18:34:01.870 D/EGL_emulation( 1711): eglMakeCurrent: 0xa5b6bd80: ver 2 0 (tinfo 0xb1367140)
06-05 18:34:01.871 I/System.out( 4888): URI: //gesture
06-05 18:34:01.871 I/System.out( 4888): params: {json={"query_timeout":5.0,"gestures":[{"query_string":"* marked:'Statistics'","touches":[{"x":50,"y":50,"offset_x":0,"offset_y":0,"wait":0.0,"time":0.2,"release":true,"query_string":null}]}]}
06-05 18:34:01.871 I/System.out( 4888): }
06-05 18:34:01.872 D/EGL_emulation( 1711): eglMakeCurrent: 0xa5b6bd80: ver 2 0 (tinfo 0xb1367140)
06-05 18:34:01.876 W/ResourceType( 4888): No package identifier when getting name for resource number 0x00000001
06-05 18:34:01.887 D/EGL_emulation( 1711): eglMakeCurrent: 0xa5b6bd80: ver 2 0 (tinfo 0xb1367140)
06-05 18:34:01.894 D/EGL_emulation( 1711): eglMakeCurrent: 0xa5b6bd80: ver 2 0 (tinfo 0xb1367140)
06-05 18:34:01.987 I/WindowManager( 1629): Destroying surface Surface(name=Starting com.evancharlton.mileage) called by com.android.server.wm.WindowStateAnimator.destroySurface:2016 com.android.server.wm.WindowStateAnimator.destroySurfaceLocked:882 com.android.server.wm.WindowState.destroyOrSaveSurface:2100 com.android.server.wm.AppWindowToken.destroySurfaces:363 com.android.server.wm.WindowStateAnimator.finishExit:565 com.android.server.wm.WindowStateAnimator.stepAnimationLocked:491 com.android.server.wm.WindowAnimator.updateWindowsLocked:303 com.android.server.wm.WindowAnimator.animateLocked:704 
06-05 18:34:01.988 V/PhoneStatusBar( 1711): setLightsOn(true)
06-05 18:34:02.021 V/PhoneStatusBar( 1711): setLightsOn(true)
06-05 18:34:02.106 I/calabash( 4888): newActivity1
06-05 18:34:02.116 I/System.out( 4888): URI: //map
06-05 18:34:02.116 I/System.out( 4888): params: {json={"query":"* {text CONTAINS[c] 'Average distance'}","operation":{"method_name":"query","arguments":[]}}
06-05 18:34:02.116 I/System.out( 4888): }
06-05 18:34:02.121 V/PhoneStatusBar( 1711): setLightsOn(true)
06-05 18:34:02.124 W/ActivityManager( 1629): Bad activity token: android.os.BinderProxy@acc7efc
06-05 18:34:02.124 W/ActivityManager( 1629): java.lang.ClassCastException: android.os.BinderProxy cannot be cast to com.android.server.am.ActivityRecord$Token
06-05 18:34:02.124 W/ActivityManager( 1629): 	at com.android.server.am.ActivityRecord.forTokenLocked(ActivityRecord.java:586)
06-05 18:34:02.124 W/ActivityManager( 1629): 	at com.android.server.am.ActivityRecord.isInStackLocked(ActivityRecord.java:1327)
06-05 18:34:02.124 W/ActivityManager( 1629): 	at com.android.server.am.ActivityRecord.getStackLocked(ActivityRecord.java:1332)
06-05 18:34:02.124 W/ActivityManager( 1629): 	at com.android.server.am.ActivityManagerService.getActivityDisplayId(ActivityManagerService.java:9806)
06-05 18:34:02.124 W/ActivityManager( 1629): 	at android.app.ActivityManagerNative.onTransact(ActivityManagerNative.java:2566)
06-05 18:34:02.124 W/ActivityManager( 1629): 	at com.android.server.am.ActivityManagerService.onTransact(ActivityManagerService.java:2757)
06-05 18:34:02.124 W/ActivityManager( 1629): 	at android.os.Binder.execTransact(Binder.java:565)
06-05 18:34:02.125 W/ActivityManager( 1629): Bad activity token: android.os.BinderProxy@acc7efc
06-05 18:34:02.125 W/ActivityManager( 1629): java.lang.ClassCastException: android.os.BinderProxy cannot be cast to com.android.server.am.ActivityRecord$Token
06-05 18:34:02.125 W/ActivityManager( 1629): 	at com.android.server.am.ActivityRecord.forTokenLocked(ActivityRecord.java:586)
06-05 18:34:02.125 W/ActivityManager( 1629): 	at com.android.server.am.ActivityRecord.isInStackLocked(ActivityRecord.java:1327)
06-05 18:34:02.125 W/ActivityManager( 1629): 	at com.android.server.am.ActivityManagerService.setTaskDescription(ActivityManagerService.java:9358)
06-05 18:34:02.125 W/ActivityManager( 1629): 	at android.app.ActivityManagerNative.onTransact(ActivityManagerNative.java:2639)
06-05 18:34:02.125 W/ActivityManager( 1629): 	at com.android.server.am.ActivityManagerService.onTransact(ActivityManagerService.java:2757)
06-05 18:34:02.125 W/ActivityManager( 1629): 	at android.os.Binder.execTransact(Binder.java:565)
06-05 18:34:02.126 W/ActivityManager( 1629): Bad activity token: android.os.BinderProxy@acc7efc
06-05 18:34:02.126 W/ActivityManager( 1629): java.lang.ClassCastException: android.os.BinderProxy cannot be cast to com.android.server.am.ActivityRecord$Token
06-05 18:34:02.126 W/ActivityManager( 1629): 	at com.android.server.am.ActivityRecord.forTokenLocked(ActivityRecord.java:586)
06-05 18:34:02.126 W/ActivityManager( 1629): 	at com.android.server.am.ActivityRecord.isInStackLocked(ActivityRecord.java:1327)
06-05 18:34:02.126 W/ActivityManager( 1629): 	at com.android.server.am.ActivityRecord.getStackLocked(ActivityRecord.java:1332)
06-05 18:34:02.126 W/ActivityManager( 1629): 	at com.android.server.am.ActivityManagerService.getActivityStackId(ActivityManagerService.java:9817)
06-05 18:34:02.126 W/ActivityManager( 1629): 	at android.app.ActivityManagerNative.onTransact(ActivityManagerNative.java:2856)
06-05 18:34:02.126 W/ActivityManager( 1629): 	at com.android.server.am.ActivityManagerService.onTransact(ActivityManagerService.java:2757)
06-05 18:34:02.126 W/ActivityManager( 1629): 	at android.os.Binder.execTransact(Binder.java:565)
06-05 18:34:02.133 D/VehicleStatisticsActivity( 4888): Checking recalculation ...
06-05 18:34:02.134 D/VehicleStatisticsActivity( 4888): Recalculation not necessary.
06-05 18:34:02.154 W/ActivityManager( 1629): Bad activity token: android.os.BinderProxy@acc7efc
06-05 18:34:02.154 W/ActivityManager( 1629): java.lang.ClassCastException: android.os.BinderProxy cannot be cast to com.android.server.am.ActivityRecord$Token
06-05 18:34:02.154 W/ActivityManager( 1629): 	at com.android.server.am.ActivityRecord.forTokenLocked(ActivityRecord.java:586)
06-05 18:34:02.154 W/ActivityManager( 1629): 	at com.android.server.am.ActivityRecord.isInStackLocked(ActivityRecord.java:1327)
06-05 18:34:02.154 W/ActivityManager( 1629): 	at com.android.server.am.ActivityManagerService.getActivityOptions(ActivityManagerService.java:12559)
06-05 18:34:02.154 W/ActivityManager( 1629): 	at android.app.ActivityManagerNative.onTransact(ActivityManagerNative.java:1933)
06-05 18:34:02.154 W/ActivityManager( 1629): 	at com.android.server.am.ActivityManagerService.onTransact(ActivityManagerService.java:2757)
06-05 18:34:02.154 W/ActivityManager( 1629): 	at android.os.Binder.execTransact(Binder.java:565)
06-05 18:34:02.154 W/ActivityManager( 1629): Bad activity token: android.os.BinderProxy@acc7efc
06-05 18:34:02.154 W/ActivityManager( 1629): java.lang.ClassCastException: android.os.BinderProxy cannot be cast to com.android.server.am.ActivityRecord$Token
06-05 18:34:02.154 W/ActivityManager( 1629): 	at com.android.server.am.ActivityRecord.forTokenLocked(ActivityRecord.java:586)
06-05 18:34:02.154 W/ActivityManager( 1629): 	at com.android.server.am.ActivityRecord.isInStackLocked(ActivityRecord.java:1327)
06-05 18:34:02.154 W/ActivityManager( 1629): 	at com.android.server.am.ActivityManagerService.getActivityOptions(ActivityManagerService.java:12559)
06-05 18:34:02.154 W/ActivityManager( 1629): 	at android.app.ActivityManagerNative.onTransact(ActivityManagerNative.java:1933)
06-05 18:34:02.154 W/ActivityManager( 1629): 	at com.android.server.am.ActivityManagerService.onTransact(ActivityManagerService.java:2757)
06-05 18:34:02.154 W/ActivityManager( 1629): 	at android.os.Binder.execTransact(Binder.java:565)
06-05 18:34:02.156 D/VehicleStatisticsActivity( 4888): Checking recalculation ...
06-05 18:34:02.157 D/VehicleStatisticsActivity( 4888): Recalculation not necessary.
06-05 18:34:02.265 I/art     ( 4888): Do partial code cache collection, code=30KB, data=30KB
06-05 18:34:02.265 I/art     ( 4888): After code cache collection, code=29KB, data=29KB
06-05 18:34:02.265 I/art     ( 4888): Increasing code cache capacity to 128KB
06-05 18:34:02.280 I/System.out( 4888): URI: //map
06-05 18:34:02.280 I/System.out( 4888): params: {json={"query":"* {text CONTAINS[c] 'Minimum distance'}","operation":{"method_name":"query","arguments":[]}}
06-05 18:34:02.280 I/System.out( 4888): }
06-05 18:34:02.299 I/System.out( 4888): URI: //map
06-05 18:34:02.299 I/System.out( 4888): params: {json={"query":"* {text CONTAINS[c] 'Maximum distance'}","operation":{"method_name":"query","arguments":[]}}
06-05 18:34:02.299 I/System.out( 4888): }
