--------- beginning of system
06-05 23:00:35.227 W/ActivityManager( 1631): Finishing task with all activities already finished
06-05 23:00:35.227 W/ActivityManager( 1631): Duplicate finish request for ActivityRecord{9b76546 u0 com.evancharlton.mileage/.Mileage t9012 f}
--------- beginning of main
06-05 23:00:35.233 W/OpenGLRenderer( 2076): Incorrectly called buildLayer on View: ShortcutAndWidgetContainer, destroying layer...
06-05 23:00:35.233 V/PhoneStatusBar( 1712): setLightsOn(true)
06-05 23:00:35.234 D/gralloc_ranchu( 1347): gralloc_alloc: Creating ashmem region of size 3145728
06-05 23:00:35.238 E/EGL_emulation( 1347): tid 1347: eglCreateSyncKHR(1901): error 0x3004 (EGL_BAD_ATTRIBUTE)
06-05 23:00:35.248 W/ActivityManager( 1631): Finishing task with all activities already finished
06-05 23:00:35.248 W/ActivityManager( 1631): Duplicate finish request for ActivityRecord{9b76546 u0 com.evancharlton.mileage/.Mileage t9012 f}
06-05 23:00:35.249 W/ActivityManager( 1631): Finishing task with all activities already finished
06-05 23:00:35.249 W/ActivityManager( 1631): Duplicate finish request for ActivityRecord{9b76546 u0 com.evancharlton.mileage/.Mileage t9012 f}
06-05 23:00:35.249 W/ActivityManager( 1631): Finishing task with all activities already finished
06-05 23:00:35.249 W/ActivityManager( 1631): Duplicate finish request for ActivityRecord{9b76546 u0 com.evancharlton.mileage/.Mileage t9012 f}
06-05 23:00:35.249 W/ActivityManager( 1631): Finishing task with all activities already finished
06-05 23:00:35.249 W/ActivityManager( 1631): Duplicate finish request for ActivityRecord{9b76546 u0 com.evancharlton.mileage/.Mileage t9012 f}
06-05 23:00:35.249 W/ActivityManager( 1631): Finishing task with all activities already finished
06-05 23:00:35.249 W/ActivityManager( 1631): Duplicate finish request for ActivityRecord{3cb3600 u0 com.evancharlton.mileage/.charts.MaximumDistanceChart t9012 f}
06-05 23:00:35.249 W/ActivityManager( 1631): Finishing task with all activities already finished
06-05 23:00:35.249 W/ActivityManager( 1631): Duplicate finish request for ActivityRecord{3cb3600 u0 com.evancharlton.mileage/.charts.MaximumDistanceChart t9012 f}
06-05 23:00:35.249 W/ActivityManager( 1631): Finishing task with all activities already finished
06-05 23:00:35.249 W/ActivityManager( 1631): Duplicate finish request for ActivityRecord{9b76546 u0 com.evancharlton.mileage/.Mileage t9012 f}
06-05 23:00:35.249 W/ActivityManager( 1631): Finishing task with all activities already finished
06-05 23:00:35.249 W/ActivityManager( 1631): Duplicate finish request for ActivityRecord{9b76546 u0 com.evancharlton.mileage/.Mileage t9012 f}
06-05 23:00:35.284 D/EGL_emulation( 2076): eglMakeCurrent: 0xb0685360: ver 2 0 (tinfo 0xb06836b0)
06-05 23:00:35.285 D/EGL_emulation( 1712): eglMakeCurrent: 0xb0685360: ver 2 0 (tinfo 0xb06836c0)
06-05 23:00:35.300 D/EGL_emulation( 1712): eglMakeCurrent: 0xb0685360: ver 2 0 (tinfo 0xb06836c0)
06-05 23:00:35.318 D/EGL_emulation( 1712): eglMakeCurrent: 0xb0685360: ver 2 0 (tinfo 0xb06836c0)
06-05 23:00:35.334 D/EGL_emulation( 1712): eglMakeCurrent: 0xb0685360: ver 2 0 (tinfo 0xb06836c0)
06-05 23:00:35.336 D/EGL_emulation( 1712): eglMakeCurrent: 0xb0685360: ver 2 0 (tinfo 0xb06836c0)
06-05 23:00:35.350 D/EGL_emulation( 1712): eglMakeCurrent: 0xb0685360: ver 2 0 (tinfo 0xb06836c0)
06-05 23:00:35.352 D/EGL_emulation( 1712): eglMakeCurrent: 0xb0685360: ver 2 0 (tinfo 0xb06836c0)
06-05 23:00:35.367 D/EGL_emulation( 1712): eglMakeCurrent: 0xb0685360: ver 2 0 (tinfo 0xb06836c0)
06-05 23:00:35.369 D/EGL_emulation( 1712): eglMakeCurrent: 0xb0685360: ver 2 0 (tinfo 0xb06836c0)
06-05 23:00:35.384 D/EGL_emulation( 1712): eglMakeCurrent: 0xb0685360: ver 2 0 (tinfo 0xb06836c0)
06-05 23:00:35.386 D/EGL_emulation( 1712): eglMakeCurrent: 0xb0685360: ver 2 0 (tinfo 0xb06836c0)
06-05 23:00:35.401 D/EGL_emulation( 1712): eglMakeCurrent: 0xb0685360: ver 2 0 (tinfo 0xb06836c0)
06-05 23:00:35.404 D/EGL_emulation( 1712): eglMakeCurrent: 0xb0685360: ver 2 0 (tinfo 0xb06836c0)
06-05 23:00:35.413 D/AndroidRuntime(12712): >>>>>> START com.android.internal.os.RuntimeInit uid 2000 <<<<<<
06-05 23:00:35.414 D/AndroidRuntime(12712): CheckJNI is ON
06-05 23:00:35.417 D/EGL_emulation( 1712): eglMakeCurrent: 0xb0685360: ver 2 0 (tinfo 0xb06836c0)
06-05 23:00:35.419 D/EGL_emulation( 1712): eglMakeCurrent: 0xb0685360: ver 2 0 (tinfo 0xb06836c0)
06-05 23:00:35.426 W/art     (12712): Unexpected CPU variant for X86 using defaults: x86
06-05 23:00:35.429 D/ICU     (12712): No timezone override file found: /data/misc/zoneinfo/current/icu/icu_tzdata.dat
06-05 23:00:35.434 D/EGL_emulation( 1712): eglMakeCurrent: 0xb0685360: ver 2 0 (tinfo 0xb06836c0)
06-05 23:00:35.436 D/EGL_emulation( 1712): eglMakeCurrent: 0xb0685360: ver 2 0 (tinfo 0xb06836c0)
06-05 23:00:35.438 E/memtrack(12712): Couldn't load memtrack module (No such file or directory)
06-05 23:00:35.438 E/android.os.Debug(12712): failed to load memtrack module: -2
06-05 23:00:35.439 I/Radio-JNI(12712): register_android_hardware_Radio DONE
06-05 23:00:35.443 D/AndroidRuntime(12712): Calling main entry com.android.commands.am.Am
06-05 23:00:35.445 I/ActivityManager( 1631): Force stopping com.evancharlton.mileage appid=10326 user=0: start instr
06-05 23:00:35.445 I/ActivityManager( 1631): Killing 12667:com.evancharlton.mileage/u0a326 (adj 0): stop com.evancharlton.mileage
06-05 23:00:35.445 D/ActivityManager( 1631): cleanUpApplicationRecord -- 12667
06-05 23:00:35.447 I/WindowManager( 1631): Destroying surface Surface(name=com.evancharlton.mileage/com.evancharlton.mileage.charts.MaximumDistanceChart) called by com.android.server.wm.WindowStateAnimator.destroySurface:2016 com.android.server.wm.WindowStateAnimator.destroySurfaceLocked:882 com.android.server.wm.WindowState.removeLocked:1456 com.android.server.wm.WindowManagerService.removeWindowInnerLocked:2484 com.android.server.wm.WindowManagerService.removeWindowLocked:2442 com.android.server.wm.WindowManagerService.removeWindowLocked:2311 com.android.server.wm.AppWindowToken.removeAllWindows:530 com.android.server.wm.AppWindowToken.removeAppFromTaskLocked:326 
06-05 23:00:35.449 W/ActivityManager( 1631): Crash of app com.evancharlton.mileage running instrumentation ComponentInfo{com.evancharlton.mileage.test/sh.calaba.instrumentationbackend.CalabashInstrumentationTestRunner}
06-05 23:00:35.449 I/ActivityManager( 1631): Force stopping com.evancharlton.mileage appid=10326 user=0: finished inst
06-05 23:00:35.451 D/EGL_emulation( 1712): eglMakeCurrent: 0xb0685360: ver 2 0 (tinfo 0xb06836c0)
06-05 23:00:35.452 I/art     (12722): Not late-enabling -Xcheck:jni (already on)
06-05 23:00:35.452 D/EGL_emulation( 1712): eglMakeCurrent: 0xb0685360: ver 2 0 (tinfo 0xb06836c0)
06-05 23:00:35.452 W/art     (12722): Unexpected CPU variant for X86 using defaults: x86
06-05 23:00:35.460 I/ActivityManager( 1631): Start proc 12722:com.evancharlton.mileage/u0a326 for added application com.evancharlton.mileage
06-05 23:00:35.460 D/AndroidRuntime(12712): Shutting down VM
06-05 23:00:35.466 W/System  (12722): ClassLoader referenced unknown path: /data/app/com.evancharlton.mileage.test-1/lib/x86
06-05 23:00:35.466 W/System  (12722): ClassLoader referenced unknown path: /data/app/com.evancharlton.mileage-1/lib/x86
06-05 23:00:35.467 D/EGL_emulation( 1712): eglMakeCurrent: 0xb0685360: ver 2 0 (tinfo 0xb06836c0)
06-05 23:00:35.470 D/EGL_emulation( 1712): eglMakeCurrent: 0xb0685360: ver 2 0 (tinfo 0xb06836c0)
06-05 23:00:35.471 W/System  (12722): ClassLoader referenced unknown path: 
06-05 23:00:35.477 I/System.out(12722): Main activity name automatically set to: com.evancharlton.mileage.Mileage
06-05 23:00:35.477 I/System.out(12722): Calabash did not load Mono. This is only a problem if you are trying to test a Mono application
06-05 23:00:35.477 I/calabash(12722): Test server port: 7102
06-05 23:00:35.478 I/InstrumentationBackend(12722): Added:'GetPreferences', with key:'get_preferences'
06-05 23:00:35.484 D/EGL_emulation( 1712): eglMakeCurrent: 0xb0685360: ver 2 0 (tinfo 0xb06836c0)
06-05 23:00:35.485 I/InstrumentationBackend(12722): Added:'SetPreferences', with key:'set_preferences'
06-05 23:00:35.485 I/InstrumentationBackend(12722): Added:'ClearPreferences', with key:'clear_preferences'
06-05 23:00:35.485 I/InstrumentationBackend(12722): Added:'PressElement', with key:'press_l10n_element'
06-05 23:00:35.485 I/InstrumentationBackend(12722): Added:'WaitForElement', with key:'wait_for_l10n_element'
06-05 23:00:35.486 I/InstrumentationBackend(12722): Added:'NullAction', with key:'nullAction'
06-05 23:00:35.486 I/InstrumentationBackend(12722): Added:'PressKey', with key:'press_key'
06-05 23:00:35.486 I/InstrumentationBackend(12722): Added:'SetActivityOrientation', with key:'set_activity_orientation'
06-05 23:00:35.486 I/InstrumentationBackend(12722): Added:'GetActivityOrientation', with key:'get_activity_orientation'
06-05 23:00:35.486 I/InstrumentationBackend(12722): Added:'FakeGPSLocation', with key:'set_gps_coordinates'
06-05 23:00:35.486 I/InstrumentationBackend(12722): Added:'SetPropertyByCssSelector', with key:'set_property_by_css_selector'
06-05 23:00:35.486 D/EGL_emulation( 1712): eglMakeCurrent: 0xb0685360: ver 2 0 (tinfo 0xb06836c0)
06-05 23:00:35.486 I/InstrumentationBackend(12722): Added:'GetUrl', with key:'get_url'
06-05 23:00:35.486 I/InstrumentationBackend(12722): Added:'ScrollTo', with key:'scroll_to'
06-05 23:00:35.486 I/InstrumentationBackend(12722): Added:'GetLoadProgress', with key:'get_load_progress'
06-05 23:00:35.487 I/InstrumentationBackend(12722): Added:'DumpHtml', with key:'dump_html'
06-05 23:00:35.487 I/InstrumentationBackend(12722): Added:'DumpBodyHtml', with key:'dump_body_html'
06-05 23:00:35.487 I/InstrumentationBackend(12722): Added:'EnterTextByCssSelector', with key:'enter_text_by_selector'
06-05 23:00:35.487 I/InstrumentationBackend(12722): Added:'AndroidSDKVersion', with key:'android_sdk_version'
06-05 23:00:35.487 I/InstrumentationBackend(12722): Added:'Version', with key:'version'
06-05 23:00:35.487 I/InstrumentationBackend(12722): Added:'Drag', with key:'drag'
06-05 23:00:35.487 I/InstrumentationBackend(12722): Added:'TouchCoordinates', with key:'touch_coordinate'
06-05 23:00:35.487 I/InstrumentationBackend(12722): Added:'LongPressCoordinate', with key:'long_press_coordinate'
06-05 23:00:35.487 I/InstrumentationBackend(12722): Added:'DragCoordinates', with key:'drag_coordinates'
06-05 23:00:35.487 I/InstrumentationBackend(12722): Added:'ResumeApplication', with key:'resume_application'
06-05 23:00:35.488 I/InstrumentationBackend(12722): Added:'Swipe', with key:'swipe'
06-05 23:00:35.488 I/InstrumentationBackend(12722): Added:'DoubleTapCoordinate', with key:'double_tap_coordinate'
06-05 23:00:35.488 I/InstrumentationBackend(12722): Added:'ClickOnScreen', with key:'click_on_screen'
06-05 23:00:35.488 I/InstrumentationBackend(12722): Added:'GetActivityName', with key:'get_activity_name'
06-05 23:00:35.488 I/InstrumentationBackend(12722): Added:'ScrollToView', with key:'scroll_to_view'
06-05 23:00:35.488 I/InstrumentationBackend(12722): Added:'ViewConfiguration', with key:'view_configuration'
06-05 23:00:35.488 I/InstrumentationBackend(12722): Added:'IsCurrentActivityFocused', with key:'is_current_activity_focused'
06-05 23:00:35.488 I/InstrumentationBackend(12722): Added:'SendTcp', with key:'send_tcp'
06-05 23:00:35.488 I/InstrumentationBackend(12722): Added:'DpToDevicePixel', with key:'dp_to_device_pixel'
06-05 23:00:35.488 I/InstrumentationBackend(12722): Added:'KeyboardEnterText', with key:'keyboard_enter_text'
06-05 23:00:35.488 I/InstrumentationBackend(12722): Added:'DeleteSurroundingText', with key:'delete_surrounding_text'
06-05 23:00:35.489 I/InstrumentationBackend(12722): Added:'SetComposingRegion', with key:'set_composing_region'
06-05 23:00:35.489 I/InstrumentationBackend(12722): Added:'SetSelection', with key:'set_selection'
06-05 23:00:35.489 I/InstrumentationBackend(12722): Added:'KeyboardKeyEvent', with key:'keyboard_key_event'
06-05 23:00:35.489 I/InstrumentationBackend(12722): Added:'PressUserActionButton', with key:'press_user_action_button'
06-05 23:00:35.489 I/InstrumentationBackend(12722): Added:'HideSoftKeyboard', with key:'hide_soft_keyboard'
06-05 23:00:35.489 I/InstrumentationBackend(12722): Added:'ListActions', with key:'list_actions'
06-05 23:00:35.489 I/calabash(12722): Instantiating http server at 7102
06-05 23:00:35.490 I/System.out(12722): HTTP Daemon listening on: 7102
06-05 23:00:35.493 I/WindowManager( 1631): WIN DEATH: Window{84c80c9 u0 com.evancharlton.mileage/com.evancharlton.mileage.Mileage EXITING}
06-05 23:00:35.510 D/EGL_emulation( 1712): eglMakeCurrent: 0xb0685360: ver 2 0 (tinfo 0xb06836c0)
06-05 23:00:35.576 I/System.out(12722): URI: //ping
06-05 23:00:35.576 I/System.out(12722): params: {json={}
06-05 23:00:35.576 I/System.out(12722): }
06-05 23:00:35.581 I/System.out(12722): URI: //ping
06-05 23:00:35.582 I/System.out(12722): params: {json={}
06-05 23:00:35.582 I/System.out(12722): }
06-05 23:00:35.585 I/System.out(12722): URI: //ready
06-05 23:00:35.585 I/System.out(12722): params: {json={}
06-05 23:00:35.585 I/System.out(12722): }
06-05 23:00:35.587 I/System.out(12722): URI: //
06-05 23:00:35.587 I/System.out(12722): params: {json={"command":"version","arguments":[]}
06-05 23:00:35.587 I/System.out(12722): }
06-05 23:00:35.587 I/System.out(12722): header: {content-type=application/json;charset=utf-8, date=Sat, 06 Jun 2020 04:00:35 GMT, accept=*/*, host=127.0.0.1:34777, content-length=36, user-agent=HTTPClient/1.0 (2.8.3, ruby 2.5.1 (2018-03-29))}
06-05 23:00:35.587 I/System.out(12722): params: {json={"command":"version","arguments":[]}
06-05 23:00:35.587 I/System.out(12722): }
06-05 23:00:35.587 I/System.out(12722): ProP json = {"command":"version","arguments":[]}
06-05 23:00:35.587 I/System.out(12722): files: {}
06-05 23:00:35.587 I/System.out(12722): command: {"command":"version","arguments":[]}
06-05 23:00:35.591 I/InstrumentationBackend(12722): Got command:'Command:'Line:null,version', arguments:'[]'
06-05 23:00:35.597 I/System.out(12722): result:{"bonusInformation":[],"message":"0.9.8","success":true}
06-05 23:00:35.600 I/System.out(12722): URI: //start-application
06-05 23:00:35.600 I/System.out(12722): params: {json={"intent":null}
06-05 23:00:35.600 I/System.out(12722): }
06-05 23:00:35.611 I/ActivityManager( 1631): START u0 {act=android.intent.action.MAIN cat=[android.intent.category.LAUNCHER] flg=0x10200000 cmp=com.evancharlton.mileage/.Mileage} from uid 10326 on display 0
06-05 23:00:35.617 I/calabash(12722): newActivity1
06-05 23:00:35.629 I/calabash(12722): newActivity1
06-05 23:00:35.631 W/ActivityManager( 1631): Bad activity token: android.os.BinderProxy@5d591d5
06-05 23:00:35.631 W/ActivityManager( 1631): java.lang.ClassCastException: android.os.BinderProxy cannot be cast to com.android.server.am.ActivityRecord$Token
06-05 23:00:35.631 W/ActivityManager( 1631): 	at com.android.server.am.ActivityRecord.forTokenLocked(ActivityRecord.java:586)
06-05 23:00:35.631 W/ActivityManager( 1631): 	at com.android.server.am.ActivityRecord.isInStackLocked(ActivityRecord.java:1327)
06-05 23:00:35.631 W/ActivityManager( 1631): 	at com.android.server.am.ActivityRecord.getStackLocked(ActivityRecord.java:1332)
06-05 23:00:35.631 W/ActivityManager( 1631): 	at com.android.server.am.ActivityManagerService.getActivityDisplayId(ActivityManagerService.java:9806)
06-05 23:00:35.631 W/ActivityManager( 1631): 	at android.app.ActivityManagerNative.onTransact(ActivityManagerNative.java:2566)
06-05 23:00:35.631 W/ActivityManager( 1631): 	at com.android.server.am.ActivityManagerService.onTransact(ActivityManagerService.java:2757)
06-05 23:00:35.631 W/ActivityManager( 1631): 	at android.os.Binder.execTransact(Binder.java:565)
06-05 23:00:35.632 W/ActivityManager( 1631): Bad activity token: android.os.BinderProxy@5d591d5
06-05 23:00:35.632 W/ActivityManager( 1631): java.lang.ClassCastException: android.os.BinderProxy cannot be cast to com.android.server.am.ActivityRecord$Token
06-05 23:00:35.632 W/ActivityManager( 1631): 	at com.android.server.am.ActivityRecord.forTokenLocked(ActivityRecord.java:586)
06-05 23:00:35.632 W/ActivityManager( 1631): 	at com.android.server.am.ActivityRecord.isInStackLocked(ActivityRecord.java:1327)
06-05 23:00:35.632 W/ActivityManager( 1631): 	at com.android.server.am.ActivityManagerService.setTaskDescription(ActivityManagerService.java:9358)
06-05 23:00:35.632 W/ActivityManager( 1631): 	at android.app.ActivityManagerNative.onTransact(ActivityManagerNative.java:2639)
06-05 23:00:35.632 W/ActivityManager( 1631): 	at com.android.server.am.ActivityManagerService.onTransact(ActivityManagerService.java:2757)
06-05 23:00:35.632 W/ActivityManager( 1631): 	at android.os.Binder.execTransact(Binder.java:565)
06-05 23:00:35.633 W/ActivityManager( 1631): Bad activity token: android.os.BinderProxy@5d591d5
06-05 23:00:35.633 W/ActivityManager( 1631): java.lang.ClassCastException: android.os.BinderProxy cannot be cast to com.android.server.am.ActivityRecord$Token
06-05 23:00:35.633 W/ActivityManager( 1631): 	at com.android.server.am.ActivityRecord.forTokenLocked(ActivityRecord.java:586)
06-05 23:00:35.633 W/ActivityManager( 1631): 	at com.android.server.am.ActivityRecord.isInStackLocked(ActivityRecord.java:1327)
06-05 23:00:35.633 W/ActivityManager( 1631): 	at com.android.server.am.ActivityRecord.getStackLocked(ActivityRecord.java:1332)
06-05 23:00:35.633 W/ActivityManager( 1631): 	at com.android.server.am.ActivityManagerService.getActivityStackId(ActivityManagerService.java:9817)
06-05 23:00:35.633 W/ActivityManager( 1631): 	at android.app.ActivityManagerNative.onTransact(ActivityManagerNative.java:2856)
06-05 23:00:35.633 W/ActivityManager( 1631): 	at com.android.server.am.ActivityManagerService.onTransact(ActivityManagerService.java:2757)
06-05 23:00:35.633 W/ActivityManager( 1631): 	at android.os.Binder.execTransact(Binder.java:565)
06-05 23:00:35.634 D/gralloc_ranchu( 1347): gralloc_alloc: Creating ashmem region of size 9023488
06-05 23:00:35.656 W/ActivityManager( 1631): Bad activity token: android.os.BinderProxy@5d591d5
06-05 23:00:35.656 W/ActivityManager( 1631): java.lang.ClassCastException: android.os.BinderProxy cannot be cast to com.android.server.am.ActivityRecord$Token
06-05 23:00:35.656 W/ActivityManager( 1631): 	at com.android.server.am.ActivityRecord.forTokenLocked(ActivityRecord.java:586)
06-05 23:00:35.656 W/ActivityManager( 1631): 	at com.android.server.am.ActivityRecord.isInStackLocked(ActivityRecord.java:1327)
06-05 23:00:35.656 W/ActivityManager( 1631): 	at com.android.server.am.ActivityManagerService.getActivityOptions(ActivityManagerService.java:12559)
06-05 23:00:35.656 W/ActivityManager( 1631): 	at android.app.ActivityManagerNative.onTransact(ActivityManagerNative.java:1933)
06-05 23:00:35.656 W/ActivityManager( 1631): 	at com.android.server.am.ActivityManagerService.onTransact(ActivityManagerService.java:2757)
06-05 23:00:35.656 W/ActivityManager( 1631): 	at android.os.Binder.execTransact(Binder.java:565)
06-05 23:00:35.656 W/ActivityManager( 1631): Bad activity token: android.os.BinderProxy@5d591d5
06-05 23:00:35.656 W/ActivityManager( 1631): java.lang.ClassCastException: android.os.BinderProxy cannot be cast to com.android.server.am.ActivityRecord$Token
06-05 23:00:35.656 W/ActivityManager( 1631): 	at com.android.server.am.ActivityRecord.forTokenLocked(ActivityRecord.java:586)
06-05 23:00:35.656 W/ActivityManager( 1631): 	at com.android.server.am.ActivityRecord.isInStackLocked(ActivityRecord.java:1327)
06-05 23:00:35.656 W/ActivityManager( 1631): 	at com.android.server.am.ActivityManagerService.getActivityOptions(ActivityManagerService.java:12559)
06-05 23:00:35.656 W/ActivityManager( 1631): 	at android.app.ActivityManagerNative.onTransact(ActivityManagerNative.java:1933)
06-05 23:00:35.656 W/ActivityManager( 1631): 	at com.android.server.am.ActivityManagerService.onTransact(ActivityManagerService.java:2757)
06-05 23:00:35.656 W/ActivityManager( 1631): 	at android.os.Binder.execTransact(Binder.java:565)
06-05 23:00:35.670 V/PhoneStatusBar( 1712): setLightsOn(true)
06-05 23:00:35.684 D/EGL_emulation( 2076): eglMakeCurrent: 0xb0685360: ver 2 0 (tinfo 0xb06836b0)
06-05 23:00:35.684 D/EGL_emulation( 1712): eglMakeCurrent: 0xb0685360: ver 2 0 (tinfo 0xb06836c0)
06-05 23:00:35.700 D/gralloc_ranchu( 1347): gralloc_alloc: Creating ashmem region of size 9023488
06-05 23:00:35.701 D/EGL_emulation( 1712): eglMakeCurrent: 0xb0685360: ver 2 0 (tinfo 0xb06836c0)
06-05 23:00:35.708 D/        (12722): HostConnection::get() New Host Connection established 0x942270c0, tid 12722
06-05 23:00:35.709 D/EGL_emulation( 1712): eglMakeCurrent: 0xb0685360: ver 2 0 (tinfo 0xb06836c0)
06-05 23:00:35.710 V/PhoneStatusBar( 1712): setLightsOn(true)
06-05 23:00:35.717 I/WindowManager( 1631): Destroying surface Surface(name=com.evancharlton.mileage/com.evancharlton.mileage.Mileage) called by com.android.server.wm.WindowStateAnimator.destroySurface:2016 com.android.server.wm.WindowStateAnimator.destroySurfaceLocked:882 com.android.server.wm.WindowState.removeLocked:1456 com.android.server.wm.WindowManagerService.removeWindowInnerLocked:2484 com.android.server.wm.AppWindowToken.destroySurfaces:365 com.android.server.wm.WindowStateAnimator.finishExit:565 com.android.server.wm.AppWindowAnimator.stepAnimationLocked:427 com.android.server.wm.WindowAnimator.updateAppWindowsLocked:196 
06-05 23:00:35.753 D/EGL_emulation( 1712): eglMakeCurrent: 0xb0685360: ver 2 0 (tinfo 0xb06836c0)
06-05 23:00:35.756 D/EGL_emulation( 1712): eglMakeCurrent: 0xb0685360: ver 2 0 (tinfo 0xb06836c0)
06-05 23:00:35.758 D/EGL_emulation( 1712): eglMakeCurrent: 0xb0685360: ver 2 0 (tinfo 0xb06836c0)
06-05 23:00:35.774 D/EGL_emulation( 1712): eglMakeCurrent: 0xb0685360: ver 2 0 (tinfo 0xb06836c0)
06-05 23:00:35.775 V/PhoneStatusBar( 1712): setLightsOn(true)
06-05 23:00:35.777 D/EGL_emulation( 1712): eglMakeCurrent: 0xb0685360: ver 2 0 (tinfo 0xb06836c0)
06-05 23:00:35.784 D/EGL_emulation( 1712): eglMakeCurrent: 0xb0685360: ver 2 0 (tinfo 0xb06836c0)
06-05 23:00:35.786 D/EGL_emulation( 1712): eglMakeCurrent: 0xb0685360: ver 2 0 (tinfo 0xb06836c0)
06-05 23:00:35.800 D/gralloc_ranchu( 1347): gralloc_alloc: Creating ashmem region of size 9023488
06-05 23:00:35.800 I/ActivityManager( 1631): Displayed com.evancharlton.mileage/.Mileage: +186ms
06-05 23:00:35.810 D/EGL_emulation( 1712): eglMakeCurrent: 0xb0685360: ver 2 0 (tinfo 0xb06836c0)
06-05 23:00:35.821 D/EGL_emulation( 1712): eglMakeCurrent: 0xb0685360: ver 2 0 (tinfo 0xb06836c0)
06-05 23:00:35.823 D/EGL_emulation( 1712): eglMakeCurrent: 0xb0685360: ver 2 0 (tinfo 0xb06836c0)
06-05 23:00:35.836 D/EGL_emulation( 1712): eglMakeCurrent: 0xb0685360: ver 2 0 (tinfo 0xb06836c0)
06-05 23:00:35.838 D/EGL_emulation( 1712): eglMakeCurrent: 0xb0685360: ver 2 0 (tinfo 0xb06836c0)
06-05 23:00:35.839 V/PhoneStatusBar( 1712): setLightsOn(true)
06-05 23:00:35.841 D/EGL_emulation( 1712): eglMakeCurrent: 0xb0685360: ver 2 0 (tinfo 0xb06836c0)
06-05 23:00:35.855 D/EGL_emulation( 1712): eglMakeCurrent: 0xb0685360: ver 2 0 (tinfo 0xb06836c0)
06-05 23:00:35.857 D/EGL_emulation( 1712): eglMakeCurrent: 0xb0685360: ver 2 0 (tinfo 0xb06836c0)
06-05 23:00:35.867 D/EGL_emulation( 1712): eglMakeCurrent: 0xb0685360: ver 2 0 (tinfo 0xb06836c0)
06-05 23:00:35.868 D/EGL_emulation( 1712): eglMakeCurrent: 0xb0685360: ver 2 0 (tinfo 0xb06836c0)
06-05 23:00:35.873 I/System.out(12722): URI: //map
06-05 23:00:35.873 I/System.out(12722): params: {json={"query":"* marked:'Statistics'","operation":{"method_name":"query","arguments":[]}}
06-05 23:00:35.873 I/System.out(12722): }
06-05 23:00:35.883 D/EGL_emulation( 1712): eglMakeCurrent: 0xb0685360: ver 2 0 (tinfo 0xb06836c0)
06-05 23:00:35.885 W/ResourceType(12722): No package identifier when getting name for resource number 0x00000001
06-05 23:00:35.885 D/EGL_emulation( 1712): eglMakeCurrent: 0xb0685360: ver 2 0 (tinfo 0xb06836c0)
06-05 23:00:35.900 D/EGL_emulation( 1712): eglMakeCurrent: 0xb0685360: ver 2 0 (tinfo 0xb06836c0)
06-05 23:00:35.900 I/System.out(12722): URI: //gesture
06-05 23:00:35.900 I/System.out(12722): params: {json={"query_timeout":5.0,"gestures":[{"query_string":"* marked:'Statistics'","touches":[{"x":50,"y":50,"offset_x":0,"offset_y":0,"wait":0.0,"time":0.2,"release":true,"query_string":null}]}]}
06-05 23:00:35.900 I/System.out(12722): }
06-05 23:00:35.902 D/EGL_emulation( 1712): eglMakeCurrent: 0xb0685360: ver 2 0 (tinfo 0xb06836c0)
06-05 23:00:35.906 W/ResourceType(12722): No package identifier when getting name for resource number 0x00000001
06-05 23:00:36.000 I/WindowManager( 1631): Destroying surface Surface(name=Starting com.evancharlton.mileage) called by com.android.server.wm.WindowStateAnimator.destroySurface:2016 com.android.server.wm.WindowStateAnimator.destroySurfaceLocked:882 com.android.server.wm.WindowState.destroyOrSaveSurface:2100 com.android.server.wm.AppWindowToken.destroySurfaces:363 com.android.server.wm.WindowStateAnimator.finishExit:565 com.android.server.wm.WindowStateAnimator.stepAnimationLocked:491 com.android.server.wm.WindowAnimator.updateWindowsLocked:303 com.android.server.wm.WindowAnimator.animateLocked:704 
06-05 23:00:36.001 V/PhoneStatusBar( 1712): setLightsOn(true)
06-05 23:00:36.033 V/PhoneStatusBar( 1712): setLightsOn(true)
06-05 23:00:36.133 V/PhoneStatusBar( 1712): setLightsOn(true)
06-05 23:00:36.136 I/calabash(12722): newActivity1
06-05 23:00:36.146 I/System.out(12722): URI: //map
06-05 23:00:36.146 I/System.out(12722): params: {json={"query":"* marked:'Average cost'","operation":{"method_name":"query","arguments":[]}}
06-05 23:00:36.146 I/System.out(12722): }
06-05 23:00:36.147 W/ActivityManager( 1631): Bad activity token: android.os.BinderProxy@709decb
06-05 23:00:36.147 W/ActivityManager( 1631): java.lang.ClassCastException: android.os.BinderProxy cannot be cast to com.android.server.am.ActivityRecord$Token
06-05 23:00:36.147 W/ActivityManager( 1631): 	at com.android.server.am.ActivityRecord.forTokenLocked(ActivityRecord.java:586)
06-05 23:00:36.147 W/ActivityManager( 1631): 	at com.android.server.am.ActivityRecord.isInStackLocked(ActivityRecord.java:1327)
06-05 23:00:36.147 W/ActivityManager( 1631): 	at com.android.server.am.ActivityRecord.getStackLocked(ActivityRecord.java:1332)
06-05 23:00:36.147 W/ActivityManager( 1631): 	at com.android.server.am.ActivityManagerService.getActivityDisplayId(ActivityManagerService.java:9806)
06-05 23:00:36.147 W/ActivityManager( 1631): 	at android.app.ActivityManagerNative.onTransact(ActivityManagerNative.java:2566)
06-05 23:00:36.147 W/ActivityManager( 1631): 	at com.android.server.am.ActivityManagerService.onTransact(ActivityManagerService.java:2757)
06-05 23:00:36.147 W/ActivityManager( 1631): 	at android.os.Binder.execTransact(Binder.java:565)
06-05 23:00:36.148 W/ActivityManager( 1631): Bad activity token: android.os.BinderProxy@709decb
06-05 23:00:36.148 W/ActivityManager( 1631): java.lang.ClassCastException: android.os.BinderProxy cannot be cast to com.android.server.am.ActivityRecord$Token
06-05 23:00:36.148 W/ActivityManager( 1631): 	at com.android.server.am.ActivityRecord.forTokenLocked(ActivityRecord.java:586)
06-05 23:00:36.148 W/ActivityManager( 1631): 	at com.android.server.am.ActivityRecord.isInStackLocked(ActivityRecord.java:1327)
06-05 23:00:36.148 W/ActivityManager( 1631): 	at com.android.server.am.ActivityManagerService.setTaskDescription(ActivityManagerService.java:9358)
06-05 23:00:36.148 W/ActivityManager( 1631): 	at android.app.ActivityManagerNative.onTransact(ActivityManagerNative.java:2639)
06-05 23:00:36.148 W/ActivityManager( 1631): 	at com.android.server.am.ActivityManagerService.onTransact(ActivityManagerService.java:2757)
06-05 23:00:36.148 W/ActivityManager( 1631): 	at android.os.Binder.execTransact(Binder.java:565)
06-05 23:00:36.148 W/ActivityManager( 1631): Bad activity token: android.os.BinderProxy@709decb
06-05 23:00:36.148 W/ActivityManager( 1631): java.lang.ClassCastException: android.os.BinderProxy cannot be cast to com.android.server.am.ActivityRecord$Token
06-05 23:00:36.148 W/ActivityManager( 1631): 	at com.android.server.am.ActivityRecord.forTokenLocked(ActivityRecord.java:586)
06-05 23:00:36.148 W/ActivityManager( 1631): 	at com.android.server.am.ActivityRecord.isInStackLocked(ActivityRecord.java:1327)
06-05 23:00:36.148 W/ActivityManager( 1631): 	at com.android.server.am.ActivityRecord.getStackLocked(ActivityRecord.java:1332)
06-05 23:00:36.148 W/ActivityManager( 1631): 	at com.android.server.am.ActivityManagerService.getActivityStackId(ActivityManagerService.java:9817)
06-05 23:00:36.148 W/ActivityManager( 1631): 	at android.app.ActivityManagerNative.onTransact(ActivityManagerNative.java:2856)
06-05 23:00:36.148 W/ActivityManager( 1631): 	at com.android.server.am.ActivityManagerService.onTransact(ActivityManagerService.java:2757)
06-05 23:00:36.148 W/ActivityManager( 1631): 	at android.os.Binder.execTransact(Binder.java:565)
06-05 23:00:36.155 D/VehicleStatisticsActivity(12722): Checking recalculation ...
06-05 23:00:36.156 D/VehicleStatisticsActivity(12722): Recalculation not necessary.
06-05 23:00:36.167 W/ActivityManager( 1631): Bad activity token: android.os.BinderProxy@709decb
06-05 23:00:36.167 W/ActivityManager( 1631): java.lang.ClassCastException: android.os.BinderProxy cannot be cast to com.android.server.am.ActivityRecord$Token
06-05 23:00:36.167 W/ActivityManager( 1631): 	at com.android.server.am.ActivityRecord.forTokenLocked(ActivityRecord.java:586)
06-05 23:00:36.167 W/ActivityManager( 1631): 	at com.android.server.am.ActivityRecord.isInStackLocked(ActivityRecord.java:1327)
06-05 23:00:36.167 W/ActivityManager( 1631): 	at com.android.server.am.ActivityManagerService.getActivityOptions(ActivityManagerService.java:12559)
06-05 23:00:36.167 W/ActivityManager( 1631): 	at android.app.ActivityManagerNative.onTransact(ActivityManagerNative.java:1933)
06-05 23:00:36.167 W/ActivityManager( 1631): 	at com.android.server.am.ActivityManagerService.onTransact(ActivityManagerService.java:2757)
06-05 23:00:36.167 W/ActivityManager( 1631): 	at android.os.Binder.execTransact(Binder.java:565)
06-05 23:00:36.167 W/ActivityManager( 1631): Bad activity token: android.os.BinderProxy@709decb
06-05 23:00:36.167 W/ActivityManager( 1631): java.lang.ClassCastException: android.os.BinderProxy cannot be cast to com.android.server.am.ActivityRecord$Token
06-05 23:00:36.167 W/ActivityManager( 1631): 	at com.android.server.am.ActivityRecord.forTokenLocked(ActivityRecord.java:586)
06-05 23:00:36.167 W/ActivityManager( 1631): 	at com.android.server.am.ActivityRecord.isInStackLocked(ActivityRecord.java:1327)
06-05 23:00:36.167 W/ActivityManager( 1631): 	at com.android.server.am.ActivityManagerService.getActivityOptions(ActivityManagerService.java:12559)
06-05 23:00:36.167 W/ActivityManager( 1631): 	at android.app.ActivityManagerNative.onTransact(ActivityManagerNative.java:1933)
06-05 23:00:36.167 W/ActivityManager( 1631): 	at com.android.server.am.ActivityManagerService.onTransact(ActivityManagerService.java:2757)
06-05 23:00:36.167 W/ActivityManager( 1631): 	at android.os.Binder.execTransact(Binder.java:565)
06-05 23:00:36.168 D/VehicleStatisticsActivity(12722): Checking recalculation ...
06-05 23:00:36.169 D/VehicleStatisticsActivity(12722): Recalculation not necessary.
06-05 23:00:36.246 W/ResourceType(12722): No package identifier when getting name for resource number 0x00000001
06-05 23:00:36.247 I/art     (12722): Do partial code cache collection, code=30KB, data=29KB
06-05 23:00:36.248 I/art     (12722): After code cache collection, code=29KB, data=29KB
06-05 23:00:36.248 I/art     (12722): Increasing code cache capacity to 128KB
06-05 23:00:36.259 I/System.out(12722): URI: //gesture
06-05 23:00:36.259 I/System.out(12722): params: {json={"query_timeout":5.0,"gestures":[{"query_string":"* marked:'Average cost'","touches":[{"x":50,"y":50,"offset_x":0,"offset_y":0,"wait":0.0,"time":0.2,"release":true,"query_string":null}]}]}
06-05 23:00:36.259 I/System.out(12722): }
06-05 23:00:36.263 W/ResourceType(12722): No package identifier when getting name for resource number 0x00000001
06-05 23:00:36.433 V/PhoneStatusBar( 1712): setLightsOn(true)
06-05 23:00:36.434 V/PhoneStatusBar( 1712): setLightsOn(true)
06-05 23:00:36.434 W/OpenGLRenderer( 2076): Incorrectly called buildLayer on View: ShortcutAndWidgetContainer, destroying layer...
06-05 23:00:36.450 V/PhoneStatusBar( 1712): setLightsOn(true)
06-05 23:00:36.451 I/WindowManager( 1631): Destroying surface Surface(name=com.android.launcher3/com.android.launcher3.Launcher) called by com.android.server.wm.WindowStateAnimator.destroySurface:2016 com.android.server.wm.WindowStateAnimator.destroySurfaceLocked:882 com.android.server.wm.WindowState.destroyOrSaveSurface:2100 com.android.server.wm.AppWindowToken.destroySurfaces:363 com.android.server.wm.AppWindowToken.notifyAppStopped:389 com.android.server.wm.WindowManagerService.notifyAppStopped:4463 com.android.server.am.ActivityStack.activityStoppedLocked:1252 com.android.server.am.ActivityManagerService.activityStopped:6903 
06-05 23:00:36.484 I/ActivityManager( 1631): START u0 {cmp=com.evancharlton.mileage/.charts.AverageCostChart (has extras)} from uid 10326 on display 0
06-05 23:00:36.485 V/PhoneStatusBar( 1712): setLightsOn(true)
06-05 23:00:36.486 V/PhoneStatusBar( 1712): setLightsOn(true)
06-05 23:00:36.495 I/System.out(12722): URI: //map
06-05 23:00:36.495 I/System.out(12722): params: {json={"query":"* {text CONTAINS[c] 'Average cost per fillup'}","operation":{"method_name":"query","arguments":[]}}
06-05 23:00:36.495 I/System.out(12722): }
06-05 23:00:36.551 I/calabash(12722): newActivity1
06-05 23:00:36.553 W/aiCharts(12722): License file is invalid or missing. 
06-05 23:00:36.553 W/aiCharts(12722): Please place proper license.lic to /assets folder.
06-05 23:00:36.567 V/PhoneStatusBar( 1712): setLightsOn(true)
06-05 23:00:36.583 V/PhoneStatusBar( 1712): setLightsOn(true)
06-05 23:00:36.587 I/WindowManager( 1631): Destroying surface Surface(name=Creating chart…) called by com.android.server.wm.WindowStateAnimator.destroySurface:2016 com.android.server.wm.WindowStateAnimator.destroySurfaceLocked:882 com.android.server.wm.WindowState.removeLocked:1456 com.android.server.wm.WindowManagerService.removeWindowInnerLocked:2484 com.android.server.wm.WindowManagerService.removeWindowLocked:2442 com.android.server.wm.WindowManagerService.removeWindowLocked:2311 com.android.server.wm.WindowManagerService.removeWindow:2306 com.android.server.wm.Session.remove:202 
06-05 23:00:36.590 D/gralloc_ranchu( 1347): gralloc_alloc: Creating ashmem region of size 9023488
06-05 23:00:36.600 V/PhoneStatusBar( 1712): setLightsOn(true)
06-05 23:00:36.615 I/ActivityManager( 1631): Displayed com.evancharlton.mileage/.charts.AverageCostChart: +66ms
06-05 23:00:36.617 V/PhoneStatusBar( 1712): setLightsOn(true)
06-05 23:00:36.650 V/PhoneStatusBar( 1712): setLightsOn(true)
06-05 23:00:36.667 V/PhoneStatusBar( 1712): setLightsOn(true)
06-05 23:00:36.850 V/PhoneStatusBar( 1712): setLightsOn(true)
06-05 23:00:36.880 I/System.out(12722): URI: //map
06-05 23:00:36.880 I/System.out(12722): params: {json={"query":"* {text CONTAINS[c] 'Average cost per fillup'}","operation":{"method_name":"query","arguments":[]}}
06-05 23:00:36.880 I/System.out(12722): }
06-05 23:00:36.911 I/System.out(12722): URI: //
06-05 23:00:36.911 I/System.out(12722): params: {json={"command":"press_key","arguments":["KEYCODE_BACK"]}
06-05 23:00:36.911 I/System.out(12722): }
06-05 23:00:36.911 I/System.out(12722): header: {content-type=application/json;charset=utf-8, date=Sat, 06 Jun 2020 04:00:37 GMT, accept=*/*, host=127.0.0.1:34777, content-length=52, user-agent=HTTPClient/1.0 (2.8.3, ruby 2.5.1 (2018-03-29))}
06-05 23:00:36.911 I/System.out(12722): params: {json={"command":"press_key","arguments":["KEYCODE_BACK"]}
06-05 23:00:36.911 I/System.out(12722): }
06-05 23:00:36.911 I/System.out(12722): ProP json = {"command":"press_key","arguments":["KEYCODE_BACK"]}
06-05 23:00:36.911 I/System.out(12722): files: {}
06-05 23:00:36.911 I/System.out(12722): command: {"command":"press_key","arguments":["KEYCODE_BACK"]}
06-05 23:00:36.912 I/InstrumentationBackend(12722): Got command:'Command:'Line:null,press_key', arguments:'[KEYCODE_BACK]'
06-05 23:00:36.915 V/PhoneStatusBar( 1712): setLightsOn(true)
06-05 23:00:36.916 V/PhoneStatusBar( 1712): setLightsOn(true)
06-05 23:00:36.918 D/VehicleStatisticsActivity(12722): Checking recalculation ...
06-05 23:00:36.919 D/VehicleStatisticsActivity(12722): Recalculation not necessary.
06-05 23:00:36.919 I/System.out(12722): result:{"bonusInformation":[],"message":"","success":true}
06-05 23:00:36.922 I/System.out(12722): URI: //map
06-05 23:00:36.922 I/System.out(12722): params: {json={"query":"* {text CONTAINS[c] 'Statistics'}","operation":{"method_name":"query","arguments":[]}}
06-05 23:00:36.922 I/System.out(12722): }
06-05 23:00:36.933 V/PhoneStatusBar( 1712): setLightsOn(true)
06-05 23:00:36.950 D/gralloc_ranchu( 1347): gralloc_alloc: Creating ashmem region of size 9023488
06-05 23:00:36.950 V/PhoneStatusBar( 1712): setLightsOn(true)
06-05 23:00:36.967 V/PhoneStatusBar( 1712): setLightsOn(true)
06-05 23:00:37.000 V/PhoneStatusBar( 1712): setLightsOn(true)
