--------- beginning of main
06-05 15:49:45.209 W/OpenGLRenderer( 2099): Incorrectly called buildLayer on View: ShortcutAndWidgetContainer, destroying layer...
06-05 15:49:45.213 D/AndroidRuntime(17140): >>>>>> START com.android.internal.os.RuntimeInit uid 2000 <<<<<<
06-05 15:49:45.215 D/AndroidRuntime(17140): CheckJNI is ON
06-05 15:49:45.229 W/art     (17140): Unexpected CPU variant for X86 using defaults: x86
06-05 15:49:45.232 D/ICU     (17140): No timezone override file found: /data/misc/zoneinfo/current/icu/icu_tzdata.dat
06-05 15:49:45.243 E/memtrack(17140): Couldn't load memtrack module (No such file or directory)
06-05 15:49:45.243 E/android.os.Debug(17140): failed to load memtrack module: -2
06-05 15:49:45.243 I/Radio-JNI(17140): register_android_hardware_Radio DONE
06-05 15:49:45.249 D/AndroidRuntime(17140): Calling main entry com.android.commands.am.Am
--------- beginning of system
06-05 15:49:45.251 I/ActivityManager( 1630): Force stopping com.evancharlton.mileage appid=10086 user=0: start instr
06-05 15:49:45.254 I/art     (17150): Not late-enabling -Xcheck:jni (already on)
06-05 15:49:45.254 W/art     (17150): Unexpected CPU variant for X86 using defaults: x86
06-05 15:49:45.262 I/ActivityManager( 1630): Start proc 17150:com.evancharlton.mileage/u0a86 for added application com.evancharlton.mileage
06-05 15:49:45.262 D/AndroidRuntime(17140): Shutting down VM
06-05 15:49:45.268 W/System  (17150): ClassLoader referenced unknown path: /data/app/com.evancharlton.mileage.test-1/lib/x86
06-05 15:49:45.268 W/System  (17150): ClassLoader referenced unknown path: /data/app/com.evancharlton.mileage-1/lib/x86
06-05 15:49:45.271 W/System  (17150): ClassLoader referenced unknown path: 
06-05 15:49:45.276 I/System.out(17150): Main activity name automatically set to: com.evancharlton.mileage.Mileage
06-05 15:49:45.277 I/System.out(17150): Calabash did not load Mono. This is only a problem if you are trying to test a Mono application
06-05 15:49:45.277 I/calabash(17150): Test server port: 7102
06-05 15:49:45.277 I/InstrumentationBackend(17150): Added:'GetPreferences', with key:'get_preferences'
06-05 15:49:45.281 I/InstrumentationBackend(17150): Added:'SetPreferences', with key:'set_preferences'
06-05 15:49:45.281 I/InstrumentationBackend(17150): Added:'ClearPreferences', with key:'clear_preferences'
06-05 15:49:45.281 I/InstrumentationBackend(17150): Added:'PressElement', with key:'press_l10n_element'
06-05 15:49:45.281 I/InstrumentationBackend(17150): Added:'WaitForElement', with key:'wait_for_l10n_element'
06-05 15:49:45.282 I/InstrumentationBackend(17150): Added:'NullAction', with key:'nullAction'
06-05 15:49:45.282 I/InstrumentationBackend(17150): Added:'PressKey', with key:'press_key'
06-05 15:49:45.282 I/InstrumentationBackend(17150): Added:'SetActivityOrientation', with key:'set_activity_orientation'
06-05 15:49:45.282 I/InstrumentationBackend(17150): Added:'GetActivityOrientation', with key:'get_activity_orientation'
06-05 15:49:45.282 I/InstrumentationBackend(17150): Added:'FakeGPSLocation', with key:'set_gps_coordinates'
06-05 15:49:45.282 I/InstrumentationBackend(17150): Added:'SetPropertyByCssSelector', with key:'set_property_by_css_selector'
06-05 15:49:45.282 I/InstrumentationBackend(17150): Added:'GetUrl', with key:'get_url'
06-05 15:49:45.282 I/InstrumentationBackend(17150): Added:'ScrollTo', with key:'scroll_to'
06-05 15:49:45.282 I/InstrumentationBackend(17150): Added:'GetLoadProgress', with key:'get_load_progress'
06-05 15:49:45.282 I/InstrumentationBackend(17150): Added:'DumpHtml', with key:'dump_html'
06-05 15:49:45.282 I/InstrumentationBackend(17150): Added:'DumpBodyHtml', with key:'dump_body_html'
06-05 15:49:45.282 I/InstrumentationBackend(17150): Added:'EnterTextByCssSelector', with key:'enter_text_by_selector'
06-05 15:49:45.283 I/InstrumentationBackend(17150): Added:'AndroidSDKVersion', with key:'android_sdk_version'
06-05 15:49:45.283 I/InstrumentationBackend(17150): Added:'Version', with key:'version'
06-05 15:49:45.283 I/InstrumentationBackend(17150): Added:'Drag', with key:'drag'
06-05 15:49:45.283 I/InstrumentationBackend(17150): Added:'TouchCoordinates', with key:'touch_coordinate'
06-05 15:49:45.283 I/InstrumentationBackend(17150): Added:'LongPressCoordinate', with key:'long_press_coordinate'
06-05 15:49:45.283 I/InstrumentationBackend(17150): Added:'DragCoordinates', with key:'drag_coordinates'
06-05 15:49:45.283 I/InstrumentationBackend(17150): Added:'ResumeApplication', with key:'resume_application'
06-05 15:49:45.283 I/InstrumentationBackend(17150): Added:'Swipe', with key:'swipe'
06-05 15:49:45.283 I/InstrumentationBackend(17150): Added:'DoubleTapCoordinate', with key:'double_tap_coordinate'
06-05 15:49:45.283 I/InstrumentationBackend(17150): Added:'ClickOnScreen', with key:'click_on_screen'
06-05 15:49:45.283 I/InstrumentationBackend(17150): Added:'GetActivityName', with key:'get_activity_name'
06-05 15:49:45.283 I/InstrumentationBackend(17150): Added:'ScrollToView', with key:'scroll_to_view'
06-05 15:49:45.283 I/InstrumentationBackend(17150): Added:'ViewConfiguration', with key:'view_configuration'
06-05 15:49:45.283 I/InstrumentationBackend(17150): Added:'IsCurrentActivityFocused', with key:'is_current_activity_focused'
06-05 15:49:45.283 I/InstrumentationBackend(17150): Added:'SendTcp', with key:'send_tcp'
06-05 15:49:45.283 I/InstrumentationBackend(17150): Added:'DpToDevicePixel', with key:'dp_to_device_pixel'
06-05 15:49:45.283 I/InstrumentationBackend(17150): Added:'KeyboardEnterText', with key:'keyboard_enter_text'
06-05 15:49:45.283 I/InstrumentationBackend(17150): Added:'DeleteSurroundingText', with key:'delete_surrounding_text'
06-05 15:49:45.283 I/InstrumentationBackend(17150): Added:'SetComposingRegion', with key:'set_composing_region'
06-05 15:49:45.283 I/InstrumentationBackend(17150): Added:'SetSelection', with key:'set_selection'
06-05 15:49:45.283 I/InstrumentationBackend(17150): Added:'KeyboardKeyEvent', with key:'keyboard_key_event'
06-05 15:49:45.284 I/InstrumentationBackend(17150): Added:'PressUserActionButton', with key:'press_user_action_button'
06-05 15:49:45.284 I/InstrumentationBackend(17150): Added:'HideSoftKeyboard', with key:'hide_soft_keyboard'
06-05 15:49:45.284 I/InstrumentationBackend(17150): Added:'ListActions', with key:'list_actions'
06-05 15:49:45.284 I/calabash(17150): Instantiating http server at 7102
06-05 15:49:45.284 I/System.out(17150): HTTP Daemon listening on: 7102
06-05 15:49:45.375 I/System.out(17150): URI: //ping
06-05 15:49:45.375 I/System.out(17150): params: {json={}
06-05 15:49:45.375 I/System.out(17150): }
06-05 15:49:45.380 I/System.out(17150): URI: //ping
06-05 15:49:45.380 I/System.out(17150): params: {json={}
06-05 15:49:45.380 I/System.out(17150): }
06-05 15:49:45.384 I/System.out(17150): URI: //ready
06-05 15:49:45.384 I/System.out(17150): params: {json={}
06-05 15:49:45.384 I/System.out(17150): }
06-05 15:49:45.388 I/System.out(17150): URI: //
06-05 15:49:45.388 I/System.out(17150): params: {json={"command":"version","arguments":[]}
06-05 15:49:45.388 I/System.out(17150): }
06-05 15:49:45.388 I/System.out(17150): header: {content-type=application/json;charset=utf-8, date=Fri, 05 Jun 2020 20:49:45 GMT, accept=*/*, host=127.0.0.1:34784, content-length=36, user-agent=HTTPClient/1.0 (2.8.3, ruby 2.5.1 (2018-03-29))}
06-05 15:49:45.389 I/System.out(17150): params: {json={"command":"version","arguments":[]}
06-05 15:49:45.389 I/System.out(17150): }
06-05 15:49:45.389 I/System.out(17150): ProP json = {"command":"version","arguments":[]}
06-05 15:49:45.389 I/System.out(17150): files: {}
06-05 15:49:45.389 I/System.out(17150): command: {"command":"version","arguments":[]}
06-05 15:49:45.398 I/InstrumentationBackend(17150): Got command:'Command:'Line:null,version', arguments:'[]'
06-05 15:49:45.417 I/System.out(17150): result:{"bonusInformation":[],"message":"0.9.8","success":true}
06-05 15:49:45.422 I/System.out(17150): URI: //start-application
06-05 15:49:45.422 I/System.out(17150): params: {json={"intent":null}
06-05 15:49:45.422 I/System.out(17150): }
06-05 15:49:45.439 I/ActivityManager( 1630): START u0 {act=android.intent.action.MAIN cat=[android.intent.category.LAUNCHER] flg=0x10200000 cmp=com.evancharlton.mileage/.Mileage} from uid 10086 on display 0
06-05 15:49:45.446 I/calabash(17150): newActivity1
06-05 15:49:45.461 I/calabash(17150): newActivity1
06-05 15:49:45.463 W/ActivityManager( 1630): Bad activity token: android.os.BinderProxy@9fcba77
06-05 15:49:45.463 W/ActivityManager( 1630): java.lang.ClassCastException: android.os.BinderProxy cannot be cast to com.android.server.am.ActivityRecord$Token
06-05 15:49:45.463 W/ActivityManager( 1630): 	at com.android.server.am.ActivityRecord.forTokenLocked(ActivityRecord.java:586)
06-05 15:49:45.463 W/ActivityManager( 1630): 	at com.android.server.am.ActivityRecord.isInStackLocked(ActivityRecord.java:1327)
06-05 15:49:45.463 W/ActivityManager( 1630): 	at com.android.server.am.ActivityRecord.getStackLocked(ActivityRecord.java:1332)
06-05 15:49:45.463 W/ActivityManager( 1630): 	at com.android.server.am.ActivityManagerService.getActivityDisplayId(ActivityManagerService.java:9806)
06-05 15:49:45.463 W/ActivityManager( 1630): 	at android.app.ActivityManagerNative.onTransact(ActivityManagerNative.java:2566)
06-05 15:49:45.463 W/ActivityManager( 1630): 	at com.android.server.am.ActivityManagerService.onTransact(ActivityManagerService.java:2757)
06-05 15:49:45.463 W/ActivityManager( 1630): 	at android.os.Binder.execTransact(Binder.java:565)
06-05 15:49:45.464 W/ActivityManager( 1630): Bad activity token: android.os.BinderProxy@9fcba77
06-05 15:49:45.464 W/ActivityManager( 1630): java.lang.ClassCastException: android.os.BinderProxy cannot be cast to com.android.server.am.ActivityRecord$Token
06-05 15:49:45.464 W/ActivityManager( 1630): 	at com.android.server.am.ActivityRecord.forTokenLocked(ActivityRecord.java:586)
06-05 15:49:45.464 W/ActivityManager( 1630): 	at com.android.server.am.ActivityRecord.isInStackLocked(ActivityRecord.java:1327)
06-05 15:49:45.464 W/ActivityManager( 1630): 	at com.android.server.am.ActivityManagerService.setTaskDescription(ActivityManagerService.java:9358)
06-05 15:49:45.464 W/ActivityManager( 1630): 	at android.app.ActivityManagerNative.onTransact(ActivityManagerNative.java:2639)
06-05 15:49:45.464 W/ActivityManager( 1630): 	at com.android.server.am.ActivityManagerService.onTransact(ActivityManagerService.java:2757)
06-05 15:49:45.464 W/ActivityManager( 1630): 	at android.os.Binder.execTransact(Binder.java:565)
06-05 15:49:45.465 W/ActivityManager( 1630): Bad activity token: android.os.BinderProxy@9fcba77
06-05 15:49:45.465 W/ActivityManager( 1630): java.lang.ClassCastException: android.os.BinderProxy cannot be cast to com.android.server.am.ActivityRecord$Token
06-05 15:49:45.465 W/ActivityManager( 1630): 	at com.android.server.am.ActivityRecord.forTokenLocked(ActivityRecord.java:586)
06-05 15:49:45.465 W/ActivityManager( 1630): 	at com.android.server.am.ActivityRecord.isInStackLocked(ActivityRecord.java:1327)
06-05 15:49:45.465 W/ActivityManager( 1630): 	at com.android.server.am.ActivityRecord.getStackLocked(ActivityRecord.java:1332)
06-05 15:49:45.465 W/ActivityManager( 1630): 	at com.android.server.am.ActivityManagerService.getActivityStackId(ActivityManagerService.java:9817)
06-05 15:49:45.465 W/ActivityManager( 1630): 	at android.app.ActivityManagerNative.onTransact(ActivityManagerNative.java:2856)
06-05 15:49:45.465 W/ActivityManager( 1630): 	at com.android.server.am.ActivityManagerService.onTransact(ActivityManagerService.java:2757)
06-05 15:49:45.465 W/ActivityManager( 1630): 	at android.os.Binder.execTransact(Binder.java:565)
06-05 15:49:45.478 D/gralloc_ranchu( 1346): gralloc_alloc: Creating ashmem region of size 9023488
06-05 15:49:45.492 W/ActivityManager( 1630): Bad activity token: android.os.BinderProxy@9fcba77
06-05 15:49:45.492 W/ActivityManager( 1630): java.lang.ClassCastException: android.os.BinderProxy cannot be cast to com.android.server.am.ActivityRecord$Token
06-05 15:49:45.492 W/ActivityManager( 1630): 	at com.android.server.am.ActivityRecord.forTokenLocked(ActivityRecord.java:586)
06-05 15:49:45.492 W/ActivityManager( 1630): 	at com.android.server.am.ActivityRecord.isInStackLocked(ActivityRecord.java:1327)
06-05 15:49:45.492 W/ActivityManager( 1630): 	at com.android.server.am.ActivityManagerService.getActivityOptions(ActivityManagerService.java:12559)
06-05 15:49:45.492 W/ActivityManager( 1630): 	at android.app.ActivityManagerNative.onTransact(ActivityManagerNative.java:1933)
06-05 15:49:45.492 W/ActivityManager( 1630): 	at com.android.server.am.ActivityManagerService.onTransact(ActivityManagerService.java:2757)
06-05 15:49:45.492 W/ActivityManager( 1630): 	at android.os.Binder.execTransact(Binder.java:565)
06-05 15:49:45.492 W/ActivityManager( 1630): Bad activity token: android.os.BinderProxy@9fcba77
06-05 15:49:45.492 W/ActivityManager( 1630): java.lang.ClassCastException: android.os.BinderProxy cannot be cast to com.android.server.am.ActivityRecord$Token
06-05 15:49:45.492 W/ActivityManager( 1630): 	at com.android.server.am.ActivityRecord.forTokenLocked(ActivityRecord.java:586)
06-05 15:49:45.492 W/ActivityManager( 1630): 	at com.android.server.am.ActivityRecord.isInStackLocked(ActivityRecord.java:1327)
06-05 15:49:45.492 W/ActivityManager( 1630): 	at com.android.server.am.ActivityManagerService.getActivityOptions(ActivityManagerService.java:12559)
06-05 15:49:45.492 W/ActivityManager( 1630): 	at android.app.ActivityManagerNative.onTransact(ActivityManagerNative.java:1933)
06-05 15:49:45.492 W/ActivityManager( 1630): 	at com.android.server.am.ActivityManagerService.onTransact(ActivityManagerService.java:2757)
06-05 15:49:45.492 W/ActivityManager( 1630): 	at android.os.Binder.execTransact(Binder.java:565)
06-05 15:49:45.503 V/PhoneStatusBar( 1712): setLightsOn(true)
06-05 15:49:45.510 D/EGL_emulation( 2099): eglMakeCurrent: 0xb4085240: ver 2 0 (tinfo 0xb40832d0)
06-05 15:49:45.511 D/EGL_emulation( 1712): eglMakeCurrent: 0xb4085540: ver 2 0 (tinfo 0xb4083740)
06-05 15:49:45.526 D/gralloc_ranchu( 1346): gralloc_alloc: Creating ashmem region of size 9023488
06-05 15:49:45.526 D/EGL_emulation( 1712): eglMakeCurrent: 0xb4085540: ver 2 0 (tinfo 0xb4083740)
06-05 15:49:45.531 D/        (17150): HostConnection::get() New Host Connection established 0xa7c14500, tid 17150
06-05 15:49:45.532 D/EGL_emulation( 1712): eglMakeCurrent: 0xb4085540: ver 2 0 (tinfo 0xb4083740)
06-05 15:49:45.533 V/PhoneStatusBar( 1712): setLightsOn(true)
06-05 15:49:45.562 D/EGL_emulation( 1712): eglMakeCurrent: 0xb4085540: ver 2 0 (tinfo 0xb4083740)
06-05 15:49:45.565 D/EGL_emulation( 1712): eglMakeCurrent: 0xb4085540: ver 2 0 (tinfo 0xb4083740)
06-05 15:49:45.577 D/EGL_emulation( 1712): eglMakeCurrent: 0xb4085540: ver 2 0 (tinfo 0xb4083740)
06-05 15:49:45.578 D/EGL_emulation( 1712): eglMakeCurrent: 0xb4085540: ver 2 0 (tinfo 0xb4083740)
06-05 15:49:45.593 D/EGL_emulation( 1712): eglMakeCurrent: 0xb4085540: ver 2 0 (tinfo 0xb4083740)
06-05 15:49:45.594 D/gralloc_ranchu( 1346): gralloc_alloc: Creating ashmem region of size 9023488
06-05 15:49:45.603 D/EGL_emulation( 1712): eglMakeCurrent: 0xb4085540: ver 2 0 (tinfo 0xb4083740)
06-05 15:49:45.610 I/ActivityManager( 1630): Displayed com.evancharlton.mileage/.Mileage: +167ms
06-05 15:49:45.615 D/EGL_emulation( 1712): eglMakeCurrent: 0xb4085540: ver 2 0 (tinfo 0xb4083740)
06-05 15:49:45.617 D/EGL_emulation( 1712): eglMakeCurrent: 0xb4085540: ver 2 0 (tinfo 0xb4083740)
06-05 15:49:45.629 D/EGL_emulation( 1712): eglMakeCurrent: 0xb4085540: ver 2 0 (tinfo 0xb4083740)
06-05 15:49:45.632 D/EGL_emulation( 1712): eglMakeCurrent: 0xb4085540: ver 2 0 (tinfo 0xb4083740)
06-05 15:49:45.644 D/EGL_emulation( 1712): eglMakeCurrent: 0xb4085540: ver 2 0 (tinfo 0xb4083740)
06-05 15:49:45.645 D/EGL_emulation( 1712): eglMakeCurrent: 0xb4085540: ver 2 0 (tinfo 0xb4083740)
06-05 15:49:45.645 V/PhoneStatusBar( 1712): setLightsOn(true)
06-05 15:49:45.649 I/System.out(17150): URI: //map
06-05 15:49:45.649 I/System.out(17150): params: {json={"query":"* marked:'Statistics'","operation":{"method_name":"query","arguments":[]}}
06-05 15:49:45.649 I/System.out(17150): }
06-05 15:49:45.660 W/ResourceType(17150): No package identifier when getting name for resource number 0x00000001
06-05 15:49:45.660 D/EGL_emulation( 1712): eglMakeCurrent: 0xb4085540: ver 2 0 (tinfo 0xb4083740)
06-05 15:49:45.661 D/EGL_emulation( 1712): eglMakeCurrent: 0xb4085540: ver 2 0 (tinfo 0xb4083740)
06-05 15:49:45.672 I/System.out(17150): URI: //gesture
06-05 15:49:45.672 I/System.out(17150): params: {json={"query_timeout":5.0,"gestures":[{"query_string":"* marked:'Statistics'","touches":[{"x":50,"y":50,"offset_x":0,"offset_y":0,"wait":0.0,"time":0.2,"release":true,"query_string":null}]}]}
06-05 15:49:45.672 I/System.out(17150): }
06-05 15:49:45.676 W/ResourceType(17150): No package identifier when getting name for resource number 0x00000001
06-05 15:49:45.676 D/EGL_emulation( 1712): eglMakeCurrent: 0xb4085540: ver 2 0 (tinfo 0xb4083740)
06-05 15:49:45.678 D/EGL_emulation( 1712): eglMakeCurrent: 0xb4085540: ver 2 0 (tinfo 0xb4083740)
06-05 15:49:45.695 D/EGL_emulation( 1712): eglMakeCurrent: 0xb4085540: ver 2 0 (tinfo 0xb4083740)
06-05 15:49:45.713 D/EGL_emulation( 1712): eglMakeCurrent: 0xb4085540: ver 2 0 (tinfo 0xb4083740)
06-05 15:49:45.724 D/EGL_emulation( 1712): eglMakeCurrent: 0xb4085540: ver 2 0 (tinfo 0xb4083740)
06-05 15:49:45.739 D/EGL_emulation( 1712): eglMakeCurrent: 0xb4085540: ver 2 0 (tinfo 0xb4083740)
06-05 15:49:45.755 D/EGL_emulation( 1712): eglMakeCurrent: 0xb4085540: ver 2 0 (tinfo 0xb4083740)
06-05 15:49:45.810 I/WindowManager( 1630): Destroying surface Surface(name=Starting com.evancharlton.mileage) called by com.android.server.wm.WindowStateAnimator.destroySurface:2016 com.android.server.wm.WindowStateAnimator.destroySurfaceLocked:882 com.android.server.wm.WindowState.destroyOrSaveSurface:2100 com.android.server.wm.AppWindowToken.destroySurfaces:363 com.android.server.wm.WindowStateAnimator.finishExit:565 com.android.server.wm.WindowStateAnimator.stepAnimationLocked:491 com.android.server.wm.WindowAnimator.updateWindowsLocked:303 com.android.server.wm.WindowAnimator.animateLocked:704 
06-05 15:49:45.823 V/PhoneStatusBar( 1712): setLightsOn(true)
06-05 15:49:45.844 V/PhoneStatusBar( 1712): setLightsOn(true)
06-05 15:49:45.916 I/calabash(17150): newActivity1
06-05 15:49:45.950 W/ActivityManager( 1630): Bad activity token: android.os.BinderProxy@8747dbd
06-05 15:49:45.950 W/ActivityManager( 1630): java.lang.ClassCastException: android.os.BinderProxy cannot be cast to com.android.server.am.ActivityRecord$Token
06-05 15:49:45.950 W/ActivityManager( 1630): 	at com.android.server.am.ActivityRecord.forTokenLocked(ActivityRecord.java:586)
06-05 15:49:45.950 W/ActivityManager( 1630): 	at com.android.server.am.ActivityRecord.isInStackLocked(ActivityRecord.java:1327)
06-05 15:49:45.950 W/ActivityManager( 1630): 	at com.android.server.am.ActivityRecord.getStackLocked(ActivityRecord.java:1332)
06-05 15:49:45.950 W/ActivityManager( 1630): 	at com.android.server.am.ActivityManagerService.getActivityDisplayId(ActivityManagerService.java:9806)
06-05 15:49:45.950 W/ActivityManager( 1630): 	at android.app.ActivityManagerNative.onTransact(ActivityManagerNative.java:2566)
06-05 15:49:45.950 W/ActivityManager( 1630): 	at com.android.server.am.ActivityManagerService.onTransact(ActivityManagerService.java:2757)
06-05 15:49:45.950 W/ActivityManager( 1630): 	at android.os.Binder.execTransact(Binder.java:565)
06-05 15:49:45.951 I/System.out(17150): URI: //map
06-05 15:49:45.951 I/System.out(17150): params: {json={"query":"* {text CONTAINS[c] 'Average distance'}","operation":{"method_name":"query","arguments":[]}}
06-05 15:49:45.951 I/System.out(17150): }
06-05 15:49:45.952 W/ActivityManager( 1630): Bad activity token: android.os.BinderProxy@8747dbd
06-05 15:49:45.952 W/ActivityManager( 1630): java.lang.ClassCastException: android.os.BinderProxy cannot be cast to com.android.server.am.ActivityRecord$Token
06-05 15:49:45.952 W/ActivityManager( 1630): 	at com.android.server.am.ActivityRecord.forTokenLocked(ActivityRecord.java:586)
06-05 15:49:45.952 W/ActivityManager( 1630): 	at com.android.server.am.ActivityRecord.isInStackLocked(ActivityRecord.java:1327)
06-05 15:49:45.952 W/ActivityManager( 1630): 	at com.android.server.am.ActivityManagerService.setTaskDescription(ActivityManagerService.java:9358)
06-05 15:49:45.952 W/ActivityManager( 1630): 	at android.app.ActivityManagerNative.onTransact(ActivityManagerNative.java:2639)
06-05 15:49:45.952 W/ActivityManager( 1630): 	at com.android.server.am.ActivityManagerService.onTransact(ActivityManagerService.java:2757)
06-05 15:49:45.952 W/ActivityManager( 1630): 	at android.os.Binder.execTransact(Binder.java:565)
06-05 15:49:45.952 W/ActivityManager( 1630): Bad activity token: android.os.BinderProxy@8747dbd
06-05 15:49:45.952 W/ActivityManager( 1630): java.lang.ClassCastException: android.os.BinderProxy cannot be cast to com.android.server.am.ActivityRecord$Token
06-05 15:49:45.952 W/ActivityManager( 1630): 	at com.android.server.am.ActivityRecord.forTokenLocked(ActivityRecord.java:586)
06-05 15:49:45.952 W/ActivityManager( 1630): 	at com.android.server.am.ActivityRecord.isInStackLocked(ActivityRecord.java:1327)
06-05 15:49:45.952 W/ActivityManager( 1630): 	at com.android.server.am.ActivityRecord.getStackLocked(ActivityRecord.java:1332)
06-05 15:49:45.952 W/ActivityManager( 1630): 	at com.android.server.am.ActivityManagerService.getActivityStackId(ActivityManagerService.java:9817)
06-05 15:49:45.952 W/ActivityManager( 1630): 	at android.app.ActivityManagerNative.onTransact(ActivityManagerNative.java:2856)
06-05 15:49:45.952 W/ActivityManager( 1630): 	at com.android.server.am.ActivityManagerService.onTransact(ActivityManagerService.java:2757)
06-05 15:49:45.952 W/ActivityManager( 1630): 	at android.os.Binder.execTransact(Binder.java:565)
06-05 15:49:45.958 D/VehicleStatisticsActivity(17150): Checking recalculation ...
06-05 15:49:45.959 D/VehicleStatisticsActivity(17150): Recalculating statistics
06-05 15:49:45.959 D/VehicleStatisticsTask(17150): Calculation starting...
06-05 15:49:45.959 D/VehicleStatisticsActivity(17150): Recalculation started!
06-05 15:49:45.959 V/PhoneStatusBar( 1712): setLightsOn(true)
06-05 15:49:45.960 W/ResourceType(17150): No package identifier when getting value for resource number 0x00000000
06-05 15:49:45.960 D/AndroidRuntime(17150): Shutting down VM
--------- beginning of crash
06-05 15:49:45.960 E/AndroidRuntime(17150): FATAL EXCEPTION: main
06-05 15:49:45.960 E/AndroidRuntime(17150): Process: com.evancharlton.mileage, PID: 17150
06-05 15:49:45.960 E/AndroidRuntime(17150): java.lang.RuntimeException: Unable to start activity ComponentInfo{com.evancharlton.mileage/com.evancharlton.mileage.VehicleStatisticsActivity}: android.content.res.Resources$NotFoundException: String resource ID #0x0
06-05 15:49:45.960 E/AndroidRuntime(17150): 	at android.app.ActivityThread.performLaunchActivity(ActivityThread.java:2646)
06-05 15:49:45.960 E/AndroidRuntime(17150): 	at android.app.ActivityThread.startActivityNow(ActivityThread.java:2446)
06-05 15:49:45.960 E/AndroidRuntime(17150): 	at android.app.LocalActivityManager.moveToState(LocalActivityManager.java:136)
06-05 15:49:45.960 E/AndroidRuntime(17150): 	at android.app.LocalActivityManager.startActivity(LocalActivityManager.java:348)
06-05 15:49:45.960 E/AndroidRuntime(17150): 	at android.widget.TabHost$IntentContentStrategy.getContentView(TabHost.java:724)
06-05 15:49:45.960 E/AndroidRuntime(17150): 	at android.widget.TabHost.setCurrentTab(TabHost.java:388)
06-05 15:49:45.960 E/AndroidRuntime(17150): 	at android.widget.TabHost$2.onTabSelectionChanged(TabHost.java:158)
06-05 15:49:45.960 E/AndroidRuntime(17150): 	at android.widget.TabWidget$TabClickListener.onClick(TabWidget.java:532)
06-05 15:49:45.960 E/AndroidRuntime(17150): 	at android.view.View.performClick(View.java:5610)
06-05 15:49:45.960 E/AndroidRuntime(17150): 	at android.view.View$PerformClick.run(View.java:22265)
06-05 15:49:45.960 E/AndroidRuntime(17150): 	at android.os.Handler.handleCallback(Handler.java:751)
06-05 15:49:45.960 E/AndroidRuntime(17150): 	at android.os.Handler.dispatchMessage(Handler.java:95)
06-05 15:49:45.960 E/AndroidRuntime(17150): 	at android.os.Looper.loop(Looper.java:154)
06-05 15:49:45.960 E/AndroidRuntime(17150): 	at android.app.ActivityThread.main(ActivityThread.java:6077)
06-05 15:49:45.960 E/AndroidRuntime(17150): 	at java.lang.reflect.Method.invoke(Native Method)
06-05 15:49:45.960 E/AndroidRuntime(17150): 	at com.android.internal.os.ZygoteInit$MethodAndArgsCaller.run(ZygoteInit.java:866)
06-05 15:49:45.960 E/AndroidRuntime(17150): 	at com.android.internal.os.ZygoteInit.main(ZygoteInit.java:756)
06-05 15:49:45.960 E/AndroidRuntime(17150): Caused by: android.content.res.Resources$NotFoundException: String resource ID #0x0
06-05 15:49:45.960 E/AndroidRuntime(17150): 	at android.content.res.Resources.getText(Resources.java:331)
06-05 15:49:45.960 E/AndroidRuntime(17150): 	at android.content.res.Resources.getString(Resources.java:377)
06-05 15:49:45.960 E/AndroidRuntime(17150): 	at android.content.Context.getString(Context.java:476)
06-05 15:49:45.960 E/AndroidRuntime(17150): 	at com.evancharlton.mileage.provider.Statistic.getLabel(Statistic.java:37)
06-05 15:49:45.960 E/AndroidRuntime(17150): 	at com.evancharlton.mileage.adapters.VehicleStatisticsAdapter$StatisticHolder.<init>(VehicleStatisticsAdapter.java:203)
06-05 15:49:45.960 E/AndroidRuntime(17150): 	at com.evancharlton.mileage.adapters.VehicleStatisticsAdapter.<init>(VehicleStatisticsAdapter.java:50)
06-05 15:49:45.960 E/AndroidRuntime(17150): 	at com.evancharlton.mileage.VehicleStatisticsActivity.setAdapter(VehicleStatisticsActivity.java:197)
06-05 15:49:45.960 E/AndroidRuntime(17150): 	at com.evancharlton.mileage.VehicleStatisticsActivity.recalculate(VehicleStatisticsActivity.java:175)
06-05 15:49:45.960 E/AndroidRuntime(17150): 	at com.evancharlton.mileage.VehicleStatisticsActivity.onCreate(VehicleStatisticsActivity.java:131)
06-05 15:49:45.960 E/AndroidRuntime(17150): 	at android.app.Activity.performCreate(Activity.java:6662)
06-05 15:49:45.960 E/AndroidRuntime(17150): 	at android.app.Instrumentation.callActivityOnCreate(Instrumentation.java:1118)
06-05 15:49:45.960 E/AndroidRuntime(17150): 	at android.app.ActivityThread.performLaunchActivity(ActivityThread.java:2599)
06-05 15:49:45.960 E/AndroidRuntime(17150): 	... 16 more
06-05 15:49:45.961 I/Process (17150): Sending signal. PID: 17150 SIG: 9
06-05 15:49:45.964 W/InputDispatcher( 1630): channel '1531e7c com.evancharlton.mileage/com.evancharlton.mileage.Mileage (server)' ~ Consumer closed input channel or an error occurred.  events=0x9
06-05 15:49:45.964 E/InputDispatcher( 1630): channel '1531e7c com.evancharlton.mileage/com.evancharlton.mileage.Mileage (server)' ~ Channel is unrecoverably broken and will be disposed!
06-05 15:49:45.965 I/ActivityManager( 1630): Process com.evancharlton.mileage (pid 17150) has died
06-05 15:49:45.965 D/ActivityManager( 1630): cleanUpApplicationRecord -- 17150
06-05 15:49:45.965 W/ActivityManager( 1630): Scheduling restart of crashed service com.evancharlton.mileage/.services.AutomaticBackupService in 1000ms
06-05 15:49:45.965 W/ActivityManager( 1630): Force removing ActivityRecord{6f28a4c u0 com.evancharlton.mileage/.Mileage t280}: app died, no saved state
06-05 15:49:45.976 I/WindowManager( 1630): WIN DEATH: Window{1531e7c u0 com.evancharlton.mileage/com.evancharlton.mileage.Mileage}
06-05 15:49:45.976 W/InputDispatcher( 1630): Attempted to unregister already unregistered input channel '1531e7c com.evancharlton.mileage/com.evancharlton.mileage.Mileage (server)'
06-05 15:49:45.976 I/WindowManager( 1630): Destroying surface Surface(name=com.evancharlton.mileage/com.evancharlton.mileage.Mileage) called by com.android.server.wm.WindowStateAnimator.destroySurface:2016 com.android.server.wm.WindowStateAnimator.destroySurfaceLocked:882 com.android.server.wm.WindowState.removeLocked:1456 com.android.server.wm.WindowManagerService.removeWindowInnerLocked:2484 com.android.server.wm.WindowManagerService.removeWindowLocked:2442 com.android.server.wm.WindowState$DeathRecipient.binderDied:1787 android.os.BinderProxy.sendDeathNotice:688 <bottom of call stack> 
06-05 15:49:45.993 W/ActivityManager( 1630): Crash of app com.evancharlton.mileage running instrumentation ComponentInfo{com.evancharlton.mileage.test/sh.calaba.instrumentationbackend.CalabashInstrumentationTestRunner}
06-05 15:49:45.993 I/ActivityManager( 1630): Force stopping com.evancharlton.mileage appid=10086 user=0: finished inst
06-05 15:49:45.993 I/ActivityManager( 1630):   Force stopping service ServiceRecord{8f038b9 u0 com.evancharlton.mileage/.services.AutomaticBackupService}
06-05 15:49:45.996 V/PhoneStatusBar( 1712): setLightsOn(true)
06-05 15:49:46.045 D/EGL_emulation( 1712): eglMakeCurrent: 0xb4085540: ver 2 0 (tinfo 0xb4083740)
06-05 15:49:46.047 D/EGL_emulation( 2099): eglMakeCurrent: 0xb4085240: ver 2 0 (tinfo 0xb40832d0)
06-05 15:49:46.060 D/EGL_emulation( 1712): eglMakeCurrent: 0xb4085540: ver 2 0 (tinfo 0xb4083740)
06-05 15:49:46.062 D/EGL_emulation( 1712): eglMakeCurrent: 0xb4085540: ver 2 0 (tinfo 0xb4083740)
06-05 15:49:46.073 E/SurfaceFlinger( 1346): ro.sf.lcd_density must be defined as a build property
06-05 15:49:46.074 D/gralloc_ranchu( 1346): gralloc_alloc: Creating ashmem region of size 9592832
06-05 15:49:46.078 D/EGL_emulation( 1712): eglMakeCurrent: 0xb4085540: ver 2 0 (tinfo 0xb4083740)
06-05 15:49:46.079 D/        (17184): HostConnection::get() New Host Connection established 0xaf91b2c0, tid 17184
06-05 15:49:46.082 E/EGL_emulation( 1346): tid 1346: eglCreateSyncKHR(1901): error 0x3004 (EGL_BAD_ATTRIBUTE)
06-05 15:49:46.084 D/EGL_emulation( 1712): eglMakeCurrent: 0xb4085540: ver 2 0 (tinfo 0xb4083740)
06-05 15:49:46.115 D/EGL_emulation( 1712): eglMakeCurrent: 0xb4085540: ver 2 0 (tinfo 0xb4083740)
06-05 15:49:46.118 D/EGL_emulation( 1712): eglMakeCurrent: 0xb4085540: ver 2 0 (tinfo 0xb4083740)
06-05 15:49:46.120 D/EGL_emulation( 1712): eglMakeCurrent: 0xb4085540: ver 2 0 (tinfo 0xb4083740)
06-05 15:49:46.126 D/EGL_emulation( 1712): eglMakeCurrent: 0xb4085540: ver 2 0 (tinfo 0xb4083740)
06-05 15:49:46.128 D/EGL_emulation( 1712): eglMakeCurrent: 0xb4085540: ver 2 0 (tinfo 0xb4083740)
06-05 15:49:46.143 D/EGL_emulation( 1712): eglMakeCurrent: 0xb4085540: ver 2 0 (tinfo 0xb4083740)
06-05 15:49:46.144 D/EGL_emulation( 1712): eglMakeCurrent: 0xb4085540: ver 2 0 (tinfo 0xb4083740)
06-05 15:49:46.159 D/EGL_emulation( 1712): eglMakeCurrent: 0xb4085540: ver 2 0 (tinfo 0xb4083740)
06-05 15:49:46.162 D/EGL_emulation( 1712): eglMakeCurrent: 0xb4085540: ver 2 0 (tinfo 0xb4083740)
06-05 15:49:46.178 D/EGL_emulation( 1712): eglMakeCurrent: 0xb4085540: ver 2 0 (tinfo 0xb4083740)
06-05 15:49:46.180 D/EGL_emulation( 1712): eglMakeCurrent: 0xb4085540: ver 2 0 (tinfo 0xb4083740)
06-05 15:49:46.193 D/EGL_emulation( 1712): eglMakeCurrent: 0xb4085540: ver 2 0 (tinfo 0xb4083740)
06-05 15:49:46.195 D/EGL_emulation( 1712): eglMakeCurrent: 0xb4085540: ver 2 0 (tinfo 0xb4083740)
06-05 15:49:46.209 D/EGL_emulation( 1712): eglMakeCurrent: 0xb4085540: ver 2 0 (tinfo 0xb4083740)
06-05 15:49:46.211 D/EGL_emulation( 1712): eglMakeCurrent: 0xb4085540: ver 2 0 (tinfo 0xb4083740)
06-05 15:49:46.226 D/EGL_emulation( 1712): eglMakeCurrent: 0xb4085540: ver 2 0 (tinfo 0xb4083740)
06-05 15:49:46.243 D/EGL_emulation( 1712): eglMakeCurrent: 0xb4085540: ver 2 0 (tinfo 0xb4083740)
