--------- beginning of main
06-06 17:45:45.923 V/PhoneStatusBar( 1713): setLightsOn(true)
06-06 17:45:45.924 V/PhoneStatusBar( 1713): setLightsOn(true)
--------- beginning of system
06-06 17:45:45.925 W/ActivityManager( 1631): Finishing task with all activities already finished
06-06 17:45:45.925 W/ActivityManager( 1631): Duplicate finish request for ActivityRecord{e51e75d u0 com.evancharlton.mileage/.Mileage t24720 f}
06-06 17:45:45.925 W/ActivityManager( 1631): Finishing task with all activities already finished
06-06 17:45:45.925 W/ActivityManager( 1631): Duplicate finish request for ActivityRecord{e51e75d u0 com.evancharlton.mileage/.Mileage t24720 f}
06-06 17:45:45.925 W/ActivityManager( 1631): Finishing task with all activities already finished
06-06 17:45:45.925 W/ActivityManager( 1631): Duplicate finish request for ActivityRecord{e51e75d u0 com.evancharlton.mileage/.Mileage t24720 f}
06-06 17:45:45.925 W/ActivityManager( 1631): Finishing task with all activities already finished
06-06 17:45:45.925 W/ActivityManager( 1631): Duplicate finish request for ActivityRecord{e51e75d u0 com.evancharlton.mileage/.Mileage t24720 f}
06-06 17:45:45.925 W/ActivityManager( 1631): Finishing task with all activities already finished
06-06 17:45:45.925 W/ActivityManager( 1631): Duplicate finish request for ActivityRecord{e51e75d u0 com.evancharlton.mileage/.Mileage t24720 f}
06-06 17:45:45.933 D/gralloc_ranchu( 1348): gralloc_alloc: Creating ashmem region of size 1720320
06-06 17:45:45.967 D/gralloc_ranchu( 1348): gralloc_alloc: Creating ashmem region of size 3145728
06-06 17:45:45.972 E/EGL_emulation( 1348): tid 1348: eglCreateSyncKHR(1901): error 0x3004 (EGL_BAD_ATTRIBUTE)
06-06 17:45:45.991 D/EGL_emulation( 1713): eglMakeCurrent: 0xa6a85780: ver 2 0 (tinfo 0xa6a83640)
06-06 17:45:45.998 D/EGL_emulation( 1713): eglMakeCurrent: 0xa6a85780: ver 2 0 (tinfo 0xa6a83640)
06-06 17:45:46.000 D/EGL_emulation( 2106): eglMakeCurrent: 0xa6a85300: ver 2 0 (tinfo 0xa6a83220)
06-06 17:45:46.016 D/EGL_emulation( 1713): eglMakeCurrent: 0xa6a85780: ver 2 0 (tinfo 0xa6a83640)
06-06 17:45:46.032 D/EGL_emulation( 1713): eglMakeCurrent: 0xa6a85780: ver 2 0 (tinfo 0xa6a83640)
06-06 17:45:46.034 D/EGL_emulation( 1713): eglMakeCurrent: 0xa6a85780: ver 2 0 (tinfo 0xa6a83640)
06-06 17:45:46.048 D/EGL_emulation( 1713): eglMakeCurrent: 0xa6a85780: ver 2 0 (tinfo 0xa6a83640)
06-06 17:45:46.050 D/EGL_emulation( 1713): eglMakeCurrent: 0xa6a85780: ver 2 0 (tinfo 0xa6a83640)
06-06 17:45:46.065 D/EGL_emulation( 1713): eglMakeCurrent: 0xa6a85780: ver 2 0 (tinfo 0xa6a83640)
06-06 17:45:46.066 D/EGL_emulation( 1713): eglMakeCurrent: 0xa6a85780: ver 2 0 (tinfo 0xa6a83640)
06-06 17:45:46.067 D/AndroidRuntime(17568): >>>>>> START com.android.internal.os.RuntimeInit uid 2000 <<<<<<
06-06 17:45:46.068 D/AndroidRuntime(17568): CheckJNI is ON
06-06 17:45:46.081 W/art     (17568): Unexpected CPU variant for X86 using defaults: x86
06-06 17:45:46.082 D/EGL_emulation( 1713): eglMakeCurrent: 0xa6a85780: ver 2 0 (tinfo 0xa6a83640)
06-06 17:45:46.084 D/EGL_emulation( 1713): eglMakeCurrent: 0xa6a85780: ver 2 0 (tinfo 0xa6a83640)
06-06 17:45:46.085 D/ICU     (17568): No timezone override file found: /data/misc/zoneinfo/current/icu/icu_tzdata.dat
06-06 17:45:46.095 E/memtrack(17568): Couldn't load memtrack module (No such file or directory)
06-06 17:45:46.095 E/android.os.Debug(17568): failed to load memtrack module: -2
06-06 17:45:46.095 I/Radio-JNI(17568): register_android_hardware_Radio DONE
06-06 17:45:46.098 D/EGL_emulation( 1713): eglMakeCurrent: 0xa6a85780: ver 2 0 (tinfo 0xa6a83640)
06-06 17:45:46.100 D/EGL_emulation( 1713): eglMakeCurrent: 0xa6a85780: ver 2 0 (tinfo 0xa6a83640)
06-06 17:45:46.101 D/AndroidRuntime(17568): Calling main entry com.android.commands.am.Am
06-06 17:45:46.103 I/ActivityManager( 1631): Force stopping com.evancharlton.mileage appid=10728 user=0: start instr
06-06 17:45:46.103 I/ActivityManager( 1631): Killing 17523:com.evancharlton.mileage/u0a728 (adj 0): stop com.evancharlton.mileage
06-06 17:45:46.103 D/ActivityManager( 1631): cleanUpApplicationRecord -- 17523
06-06 17:45:46.103 W/ActivityManager( 1631): Crash of app com.evancharlton.mileage running instrumentation ComponentInfo{com.evancharlton.mileage.test/sh.calaba.instrumentationbackend.CalabashInstrumentationTestRunner}
06-06 17:45:46.103 I/ActivityManager( 1631): Force stopping com.evancharlton.mileage appid=10728 user=0: finished inst
06-06 17:45:46.106 I/art     (17579): Not late-enabling -Xcheck:jni (already on)
06-06 17:45:46.106 W/art     (17579): Unexpected CPU variant for X86 using defaults: x86
06-06 17:45:46.114 I/ActivityManager( 1631): Start proc 17579:com.evancharlton.mileage/u0a728 for added application com.evancharlton.mileage
06-06 17:45:46.114 D/AndroidRuntime(17568): Shutting down VM
06-06 17:45:46.115 D/EGL_emulation( 1713): eglMakeCurrent: 0xa6a85780: ver 2 0 (tinfo 0xa6a83640)
06-06 17:45:46.118 D/EGL_emulation( 1713): eglMakeCurrent: 0xa6a85780: ver 2 0 (tinfo 0xa6a83640)
06-06 17:45:46.121 W/System  (17579): ClassLoader referenced unknown path: /data/app/com.evancharlton.mileage.test-1/lib/x86
06-06 17:45:46.121 W/System  (17579): ClassLoader referenced unknown path: /data/app/com.evancharlton.mileage-1/lib/x86
06-06 17:45:46.124 W/System  (17579): ClassLoader referenced unknown path: 
06-06 17:45:46.129 I/System.out(17579): Main activity name automatically set to: com.evancharlton.mileage.Mileage
06-06 17:45:46.129 I/System.out(17579): Calabash did not load Mono. This is only a problem if you are trying to test a Mono application
06-06 17:45:46.130 I/calabash(17579): Test server port: 7102
06-06 17:45:46.130 I/InstrumentationBackend(17579): Added:'GetPreferences', with key:'get_preferences'
06-06 17:45:46.132 D/EGL_emulation( 1713): eglMakeCurrent: 0xa6a85780: ver 2 0 (tinfo 0xa6a83640)
06-06 17:45:46.134 D/EGL_emulation( 1713): eglMakeCurrent: 0xa6a85780: ver 2 0 (tinfo 0xa6a83640)
06-06 17:45:46.137 I/InstrumentationBackend(17579): Added:'SetPreferences', with key:'set_preferences'
06-06 17:45:46.137 I/InstrumentationBackend(17579): Added:'ClearPreferences', with key:'clear_preferences'
06-06 17:45:46.137 I/InstrumentationBackend(17579): Added:'PressElement', with key:'press_l10n_element'
06-06 17:45:46.137 I/InstrumentationBackend(17579): Added:'WaitForElement', with key:'wait_for_l10n_element'
06-06 17:45:46.137 I/InstrumentationBackend(17579): Added:'NullAction', with key:'nullAction'
06-06 17:45:46.137 I/InstrumentationBackend(17579): Added:'PressKey', with key:'press_key'
06-06 17:45:46.137 I/InstrumentationBackend(17579): Added:'SetActivityOrientation', with key:'set_activity_orientation'
06-06 17:45:46.137 I/InstrumentationBackend(17579): Added:'GetActivityOrientation', with key:'get_activity_orientation'
06-06 17:45:46.137 I/InstrumentationBackend(17579): Added:'FakeGPSLocation', with key:'set_gps_coordinates'
06-06 17:45:46.137 I/InstrumentationBackend(17579): Added:'SetPropertyByCssSelector', with key:'set_property_by_css_selector'
06-06 17:45:46.137 I/InstrumentationBackend(17579): Added:'GetUrl', with key:'get_url'
06-06 17:45:46.138 I/InstrumentationBackend(17579): Added:'ScrollTo', with key:'scroll_to'
06-06 17:45:46.138 I/InstrumentationBackend(17579): Added:'GetLoadProgress', with key:'get_load_progress'
06-06 17:45:46.138 I/InstrumentationBackend(17579): Added:'DumpHtml', with key:'dump_html'
06-06 17:45:46.138 I/InstrumentationBackend(17579): Added:'DumpBodyHtml', with key:'dump_body_html'
06-06 17:45:46.138 I/InstrumentationBackend(17579): Added:'EnterTextByCssSelector', with key:'enter_text_by_selector'
06-06 17:45:46.138 W/InputDispatcher( 1631): channel '755c2fc com.evancharlton.mileage/com.evancharlton.mileage.Mileage (server)' ~ Consumer closed input channel or an error occurred.  events=0x9
06-06 17:45:46.138 E/InputDispatcher( 1631): channel '755c2fc com.evancharlton.mileage/com.evancharlton.mileage.Mileage (server)' ~ Channel is unrecoverably broken and will be disposed!
06-06 17:45:46.138 W/InputDispatcher( 1631): channel 'd0de32c AtchDlg:com.evancharlton.mileage/com.evancharlton.mileage.VehicleListActivity (server)' ~ Consumer closed input channel or an error occurred.  events=0x9
06-06 17:45:46.138 E/InputDispatcher( 1631): channel 'd0de32c AtchDlg:com.evancharlton.mileage/com.evancharlton.mileage.VehicleListActivity (server)' ~ Channel is unrecoverably broken and will be disposed!
06-06 17:45:46.138 I/WindowManager( 1631): WIN DEATH: Window{755c2fc u0 com.evancharlton.mileage/com.evancharlton.mileage.Mileage EXITING}
06-06 17:45:46.138 W/InputDispatcher( 1631): Attempted to unregister already unregistered input channel '755c2fc com.evancharlton.mileage/com.evancharlton.mileage.Mileage (server)'
06-06 17:45:46.139 I/InstrumentationBackend(17579): Added:'AndroidSDKVersion', with key:'android_sdk_version'
06-06 17:45:46.139 I/InstrumentationBackend(17579): Added:'Version', with key:'version'
06-06 17:45:46.139 I/InstrumentationBackend(17579): Added:'Drag', with key:'drag'
06-06 17:45:46.139 I/InstrumentationBackend(17579): Added:'TouchCoordinates', with key:'touch_coordinate'
06-06 17:45:46.139 I/InstrumentationBackend(17579): Added:'LongPressCoordinate', with key:'long_press_coordinate'
06-06 17:45:46.139 I/InstrumentationBackend(17579): Added:'DragCoordinates', with key:'drag_coordinates'
06-06 17:45:46.139 I/InstrumentationBackend(17579): Added:'ResumeApplication', with key:'resume_application'
06-06 17:45:46.139 I/InstrumentationBackend(17579): Added:'Swipe', with key:'swipe'
06-06 17:45:46.139 I/InstrumentationBackend(17579): Added:'DoubleTapCoordinate', with key:'double_tap_coordinate'
06-06 17:45:46.139 I/InstrumentationBackend(17579): Added:'ClickOnScreen', with key:'click_on_screen'
06-06 17:45:46.139 I/InstrumentationBackend(17579): Added:'GetActivityName', with key:'get_activity_name'
06-06 17:45:46.139 I/InstrumentationBackend(17579): Added:'ScrollToView', with key:'scroll_to_view'
06-06 17:45:46.139 I/InstrumentationBackend(17579): Added:'ViewConfiguration', with key:'view_configuration'
06-06 17:45:46.139 I/InstrumentationBackend(17579): Added:'IsCurrentActivityFocused', with key:'is_current_activity_focused'
06-06 17:45:46.139 I/InstrumentationBackend(17579): Added:'SendTcp', with key:'send_tcp'
06-06 17:45:46.139 I/InstrumentationBackend(17579): Added:'DpToDevicePixel', with key:'dp_to_device_pixel'
06-06 17:45:46.139 I/InstrumentationBackend(17579): Added:'KeyboardEnterText', with key:'keyboard_enter_text'
06-06 17:45:46.139 I/InstrumentationBackend(17579): Added:'DeleteSurroundingText', with key:'delete_surrounding_text'
06-06 17:45:46.139 I/InstrumentationBackend(17579): Added:'SetComposingRegion', with key:'set_composing_region'
06-06 17:45:46.139 I/InstrumentationBackend(17579): Added:'SetSelection', with key:'set_selection'
06-06 17:45:46.139 I/InstrumentationBackend(17579): Added:'KeyboardKeyEvent', with key:'keyboard_key_event'
06-06 17:45:46.139 I/InstrumentationBackend(17579): Added:'PressUserActionButton', with key:'press_user_action_button'
06-06 17:45:46.139 I/InstrumentationBackend(17579): Added:'HideSoftKeyboard', with key:'hide_soft_keyboard'
06-06 17:45:46.140 I/InstrumentationBackend(17579): Added:'ListActions', with key:'list_actions'
06-06 17:45:46.140 I/calabash(17579): Instantiating http server at 7102
06-06 17:45:46.140 I/System.out(17579): HTTP Daemon listening on: 7102
06-06 17:45:46.141 I/WindowManager( 1631): WIN DEATH: Window{d0de32c u0 AtchDlg:com.evancharlton.mileage/com.evancharlton.mileage.VehicleListActivity EXITING}
06-06 17:45:46.141 W/InputDispatcher( 1631): Attempted to unregister already unregistered input channel 'd0de32c AtchDlg:com.evancharlton.mileage/com.evancharlton.mileage.VehicleListActivity (server)'
06-06 17:45:46.150 D/EGL_emulation( 1713): eglMakeCurrent: 0xa6a85780: ver 2 0 (tinfo 0xa6a83640)
06-06 17:45:46.154 D/EGL_emulation( 1713): eglMakeCurrent: 0xa6a85780: ver 2 0 (tinfo 0xa6a83640)
06-06 17:45:46.165 D/EGL_emulation( 1713): eglMakeCurrent: 0xa6a85780: ver 2 0 (tinfo 0xa6a83640)
06-06 17:45:46.167 D/EGL_emulation( 1713): eglMakeCurrent: 0xa6a85780: ver 2 0 (tinfo 0xa6a83640)
06-06 17:45:46.181 D/EGL_emulation( 1713): eglMakeCurrent: 0xa6a85780: ver 2 0 (tinfo 0xa6a83640)
06-06 17:45:46.183 D/EGL_emulation( 1713): eglMakeCurrent: 0xa6a85780: ver 2 0 (tinfo 0xa6a83640)
06-06 17:45:46.199 D/EGL_emulation( 1713): eglMakeCurrent: 0xa6a85780: ver 2 0 (tinfo 0xa6a83640)
06-06 17:45:46.215 D/EGL_emulation( 1713): eglMakeCurrent: 0xa6a85780: ver 2 0 (tinfo 0xa6a83640)
06-06 17:45:46.216 D/EGL_emulation( 1713): eglMakeCurrent: 0xa6a85780: ver 2 0 (tinfo 0xa6a83640)
06-06 17:45:46.225 I/System.out(17579): URI: //ping
06-06 17:45:46.225 I/System.out(17579): params: {json={}
06-06 17:45:46.225 I/System.out(17579): }
06-06 17:45:46.227 I/System.out(17579): URI: //ping
06-06 17:45:46.227 I/System.out(17579): params: {json={}
06-06 17:45:46.227 I/System.out(17579): }
06-06 17:45:46.232 I/WindowManager( 1631): Destroying surface Surface(name=AtchDlg:com.evancharlton.mileage/com.evancharlton.mileage.VehicleListActivity) called by com.android.server.wm.WindowStateAnimator.destroySurface:2016 com.android.server.wm.WindowStateAnimator.destroySurfaceLocked:882 com.android.server.wm.WindowState.removeLocked:1456 com.android.server.wm.WindowManagerService.removeWindowInnerLocked:2484 com.android.server.wm.AppWindowToken.destroySurfaces:365 com.android.server.wm.WindowStateAnimator.finishExit:565 com.android.server.wm.WindowStateAnimator.stepAnimationLocked:491 com.android.server.wm.WindowAnimator.updateWindowsLocked:303 
06-06 17:45:46.233 I/System.out(17579): URI: //ready
06-06 17:45:46.233 I/System.out(17579): params: {json={}
06-06 17:45:46.233 I/System.out(17579): }
06-06 17:45:46.235 I/System.out(17579): URI: //
06-06 17:45:46.235 I/System.out(17579): params: {json={"command":"version","arguments":[]}
06-06 17:45:46.235 I/System.out(17579): }
06-06 17:45:46.235 I/System.out(17579): header: {content-type=application/json;charset=utf-8, date=Sat, 06 Jun 2020 22:45:46 GMT, accept=*/*, host=127.0.0.1:34784, content-length=36, user-agent=HTTPClient/1.0 (2.8.3, ruby 2.5.1 (2018-03-29))}
06-06 17:45:46.235 I/System.out(17579): params: {json={"command":"version","arguments":[]}
06-06 17:45:46.235 I/System.out(17579): }
06-06 17:45:46.235 I/System.out(17579): ProP json = {"command":"version","arguments":[]}
06-06 17:45:46.235 I/System.out(17579): files: {}
06-06 17:45:46.235 I/System.out(17579): command: {"command":"version","arguments":[]}
06-06 17:45:46.238 I/InstrumentationBackend(17579): Got command:'Command:'Line:null,version', arguments:'[]'
06-06 17:45:46.245 I/System.out(17579): result:{"bonusInformation":[],"message":"0.9.8","success":true}
06-06 17:45:46.247 I/System.out(17579): URI: //start-application
06-06 17:45:46.247 I/System.out(17579): params: {json={"intent":null}
06-06 17:45:46.247 I/System.out(17579): }
06-06 17:45:46.257 I/ActivityManager( 1631): START u0 {act=android.intent.action.MAIN cat=[android.intent.category.LAUNCHER] flg=0x10200000 cmp=com.evancharlton.mileage/.Mileage} from uid 10728 on display 0
06-06 17:45:46.263 I/calabash(17579): newActivity1
06-06 17:45:46.272 I/calabash(17579): newActivity1
06-06 17:45:46.274 W/ActivityManager( 1631): Bad activity token: android.os.BinderProxy@23f4df4
06-06 17:45:46.274 W/ActivityManager( 1631): java.lang.ClassCastException: android.os.BinderProxy cannot be cast to com.android.server.am.ActivityRecord$Token
06-06 17:45:46.274 W/ActivityManager( 1631): 	at com.android.server.am.ActivityRecord.forTokenLocked(ActivityRecord.java:586)
06-06 17:45:46.274 W/ActivityManager( 1631): 	at com.android.server.am.ActivityRecord.isInStackLocked(ActivityRecord.java:1327)
06-06 17:45:46.274 W/ActivityManager( 1631): 	at com.android.server.am.ActivityRecord.getStackLocked(ActivityRecord.java:1332)
06-06 17:45:46.274 W/ActivityManager( 1631): 	at com.android.server.am.ActivityManagerService.getActivityDisplayId(ActivityManagerService.java:9806)
06-06 17:45:46.274 W/ActivityManager( 1631): 	at android.app.ActivityManagerNative.onTransact(ActivityManagerNative.java:2566)
06-06 17:45:46.274 W/ActivityManager( 1631): 	at com.android.server.am.ActivityManagerService.onTransact(ActivityManagerService.java:2757)
06-06 17:45:46.274 W/ActivityManager( 1631): 	at android.os.Binder.execTransact(Binder.java:565)
06-06 17:45:46.275 W/ActivityManager( 1631): Bad activity token: android.os.BinderProxy@23f4df4
06-06 17:45:46.275 W/ActivityManager( 1631): java.lang.ClassCastException: android.os.BinderProxy cannot be cast to com.android.server.am.ActivityRecord$Token
06-06 17:45:46.275 W/ActivityManager( 1631): 	at com.android.server.am.ActivityRecord.forTokenLocked(ActivityRecord.java:586)
06-06 17:45:46.275 W/ActivityManager( 1631): 	at com.android.server.am.ActivityRecord.isInStackLocked(ActivityRecord.java:1327)
06-06 17:45:46.275 W/ActivityManager( 1631): 	at com.android.server.am.ActivityManagerService.setTaskDescription(ActivityManagerService.java:9358)
06-06 17:45:46.275 W/ActivityManager( 1631): 	at android.app.ActivityManagerNative.onTransact(ActivityManagerNative.java:2639)
06-06 17:45:46.275 W/ActivityManager( 1631): 	at com.android.server.am.ActivityManagerService.onTransact(ActivityManagerService.java:2757)
06-06 17:45:46.275 W/ActivityManager( 1631): 	at android.os.Binder.execTransact(Binder.java:565)
06-06 17:45:46.275 W/ActivityManager( 1631): Bad activity token: android.os.BinderProxy@23f4df4
06-06 17:45:46.275 W/ActivityManager( 1631): java.lang.ClassCastException: android.os.BinderProxy cannot be cast to com.android.server.am.ActivityRecord$Token
06-06 17:45:46.275 W/ActivityManager( 1631): 	at com.android.server.am.ActivityRecord.forTokenLocked(ActivityRecord.java:586)
06-06 17:45:46.275 W/ActivityManager( 1631): 	at com.android.server.am.ActivityRecord.isInStackLocked(ActivityRecord.java:1327)
06-06 17:45:46.275 W/ActivityManager( 1631): 	at com.android.server.am.ActivityRecord.getStackLocked(ActivityRecord.java:1332)
06-06 17:45:46.275 W/ActivityManager( 1631): 	at com.android.server.am.ActivityManagerService.getActivityStackId(ActivityManagerService.java:9817)
06-06 17:45:46.275 W/ActivityManager( 1631): 	at android.app.ActivityManagerNative.onTransact(ActivityManagerNative.java:2856)
06-06 17:45:46.275 W/ActivityManager( 1631): 	at com.android.server.am.ActivityManagerService.onTransact(ActivityManagerService.java:2757)
06-06 17:45:46.275 W/ActivityManager( 1631): 	at android.os.Binder.execTransact(Binder.java:565)
06-06 17:45:46.281 D/gralloc_ranchu( 1348): gralloc_alloc: Creating ashmem region of size 9023488
06-06 17:45:46.296 W/ActivityManager( 1631): Bad activity token: android.os.BinderProxy@23f4df4
06-06 17:45:46.296 W/ActivityManager( 1631): java.lang.ClassCastException: android.os.BinderProxy cannot be cast to com.android.server.am.ActivityRecord$Token
06-06 17:45:46.296 W/ActivityManager( 1631): 	at com.android.server.am.ActivityRecord.forTokenLocked(ActivityRecord.java:586)
06-06 17:45:46.296 W/ActivityManager( 1631): 	at com.android.server.am.ActivityRecord.isInStackLocked(ActivityRecord.java:1327)
06-06 17:45:46.296 W/ActivityManager( 1631): 	at com.android.server.am.ActivityManagerService.getActivityOptions(ActivityManagerService.java:12559)
06-06 17:45:46.296 W/ActivityManager( 1631): 	at android.app.ActivityManagerNative.onTransact(ActivityManagerNative.java:1933)
06-06 17:45:46.296 W/ActivityManager( 1631): 	at com.android.server.am.ActivityManagerService.onTransact(ActivityManagerService.java:2757)
06-06 17:45:46.296 W/ActivityManager( 1631): 	at android.os.Binder.execTransact(Binder.java:565)
06-06 17:45:46.296 W/ActivityManager( 1631): Bad activity token: android.os.BinderProxy@23f4df4
06-06 17:45:46.296 W/ActivityManager( 1631): java.lang.ClassCastException: android.os.BinderProxy cannot be cast to com.android.server.am.ActivityRecord$Token
06-06 17:45:46.296 W/ActivityManager( 1631): 	at com.android.server.am.ActivityRecord.forTokenLocked(ActivityRecord.java:586)
06-06 17:45:46.296 W/ActivityManager( 1631): 	at com.android.server.am.ActivityRecord.isInStackLocked(ActivityRecord.java:1327)
06-06 17:45:46.296 W/ActivityManager( 1631): 	at com.android.server.am.ActivityManagerService.getActivityOptions(ActivityManagerService.java:12559)
06-06 17:45:46.296 W/ActivityManager( 1631): 	at android.app.ActivityManagerNative.onTransact(ActivityManagerNative.java:1933)
06-06 17:45:46.296 W/ActivityManager( 1631): 	at com.android.server.am.ActivityManagerService.onTransact(ActivityManagerService.java:2757)
06-06 17:45:46.296 W/ActivityManager( 1631): 	at android.os.Binder.execTransact(Binder.java:565)
06-06 17:45:46.313 V/PhoneStatusBar( 1713): setLightsOn(true)
06-06 17:45:46.316 D/EGL_emulation( 2106): eglMakeCurrent: 0xa6a85300: ver 2 0 (tinfo 0xa6a83220)
06-06 17:45:46.317 D/EGL_emulation( 1713): eglMakeCurrent: 0xa6a85780: ver 2 0 (tinfo 0xa6a83640)
06-06 17:45:46.331 D/gralloc_ranchu( 1348): gralloc_alloc: Creating ashmem region of size 9023488
06-06 17:45:46.335 D/EGL_emulation( 1713): eglMakeCurrent: 0xa6a85780: ver 2 0 (tinfo 0xa6a83640)
06-06 17:45:46.336 D/        (17579): HostConnection::get() New Host Connection established 0x95429540, tid 17579
06-06 17:45:46.383 D/EGL_emulation( 1713): eglMakeCurrent: 0xa6a85780: ver 2 0 (tinfo 0xa6a83640)
06-06 17:45:46.383 V/PhoneStatusBar( 1713): setLightsOn(true)
06-06 17:45:46.386 D/EGL_emulation( 1713): eglMakeCurrent: 0xa6a85780: ver 2 0 (tinfo 0xa6a83640)
06-06 17:45:46.389 D/EGL_emulation( 1713): eglMakeCurrent: 0xa6a85780: ver 2 0 (tinfo 0xa6a83640)
06-06 17:45:46.398 I/WindowManager( 1631): Destroying surface Surface(name=com.evancharlton.mileage/com.evancharlton.mileage.Mileage) called by com.android.server.wm.WindowStateAnimator.destroySurface:2016 com.android.server.wm.WindowStateAnimator.destroySurfaceLocked:882 com.android.server.wm.WindowState.destroyOrSaveSurface:2100 com.android.server.wm.AppWindowToken.destroySurfaces:363 com.android.server.wm.WindowStateAnimator.finishExit:565 com.android.server.wm.WindowStateAnimator.stepAnimationLocked:491 com.android.server.wm.WindowAnimator.updateWindowsLocked:303 com.android.server.wm.WindowAnimator.animateLocked:704 
06-06 17:45:46.401 D/EGL_emulation( 1713): eglMakeCurrent: 0xa6a85780: ver 2 0 (tinfo 0xa6a83640)
06-06 17:45:46.403 D/EGL_emulation( 1713): eglMakeCurrent: 0xa6a85780: ver 2 0 (tinfo 0xa6a83640)
06-06 17:45:46.415 D/EGL_emulation( 1713): eglMakeCurrent: 0xa6a85780: ver 2 0 (tinfo 0xa6a83640)
06-06 17:45:46.417 D/EGL_emulation( 1713): eglMakeCurrent: 0xa6a85780: ver 2 0 (tinfo 0xa6a83640)
06-06 17:45:46.432 I/ActivityManager( 1631): Displayed com.evancharlton.mileage/.Mileage: +171ms
06-06 17:45:46.432 D/EGL_emulation( 1713): eglMakeCurrent: 0xa6a85780: ver 2 0 (tinfo 0xa6a83640)
06-06 17:45:46.432 D/gralloc_ranchu( 1348): gralloc_alloc: Creating ashmem region of size 9023488
06-06 17:45:46.446 D/EGL_emulation( 1713): eglMakeCurrent: 0xa6a85780: ver 2 0 (tinfo 0xa6a83640)
06-06 17:45:46.447 V/PhoneStatusBar( 1713): setLightsOn(true)
06-06 17:45:46.450 D/EGL_emulation( 1713): eglMakeCurrent: 0xa6a85780: ver 2 0 (tinfo 0xa6a83640)
06-06 17:45:46.465 D/EGL_emulation( 1713): eglMakeCurrent: 0xa6a85780: ver 2 0 (tinfo 0xa6a83640)
06-06 17:45:46.467 D/EGL_emulation( 1713): eglMakeCurrent: 0xa6a85780: ver 2 0 (tinfo 0xa6a83640)
06-06 17:45:46.486 D/EGL_emulation( 1713): eglMakeCurrent: 0xa6a85780: ver 2 0 (tinfo 0xa6a83640)
06-06 17:45:46.487 V/PhoneStatusBar( 1713): setLightsOn(true)
06-06 17:45:46.488 D/EGL_emulation( 1713): eglMakeCurrent: 0xa6a85780: ver 2 0 (tinfo 0xa6a83640)
06-06 17:45:46.498 D/EGL_emulation( 1713): eglMakeCurrent: 0xa6a85780: ver 2 0 (tinfo 0xa6a83640)
06-06 17:45:46.499 D/EGL_emulation( 1713): eglMakeCurrent: 0xa6a85780: ver 2 0 (tinfo 0xa6a83640)
06-06 17:45:46.503 I/System.out(17579): URI: //map
06-06 17:45:46.503 I/System.out(17579): params: {json={"query":"* marked:'Vehicles'","operation":{"method_name":"query","arguments":[]}}
06-06 17:45:46.503 I/System.out(17579): }
06-06 17:45:46.515 D/EGL_emulation( 1713): eglMakeCurrent: 0xa6a85780: ver 2 0 (tinfo 0xa6a83640)
06-06 17:45:46.516 D/EGL_emulation( 1713): eglMakeCurrent: 0xa6a85780: ver 2 0 (tinfo 0xa6a83640)
06-06 17:45:46.519 W/ResourceType(17579): No package identifier when getting name for resource number 0x00000001
06-06 17:45:46.531 D/EGL_emulation( 1713): eglMakeCurrent: 0xa6a85780: ver 2 0 (tinfo 0xa6a83640)
06-06 17:45:46.532 D/EGL_emulation( 1713): eglMakeCurrent: 0xa6a85780: ver 2 0 (tinfo 0xa6a83640)
06-06 17:45:46.537 I/System.out(17579): URI: //gesture
06-06 17:45:46.537 I/System.out(17579): params: {json={"query_timeout":5.0,"gestures":[{"query_string":"* marked:'Vehicles'","touches":[{"x":50,"y":50,"offset_x":0,"offset_y":0,"wait":0.0,"time":0.2,"release":true,"query_string":null}]}]}
06-06 17:45:46.537 I/System.out(17579): }
06-06 17:45:46.542 W/ResourceType(17579): No package identifier when getting name for resource number 0x00000001
06-06 17:45:46.632 I/WindowManager( 1631): Destroying surface Surface(name=Starting com.evancharlton.mileage) called by com.android.server.wm.WindowStateAnimator.destroySurface:2016 com.android.server.wm.WindowStateAnimator.destroySurfaceLocked:882 com.android.server.wm.WindowState.destroyOrSaveSurface:2100 com.android.server.wm.AppWindowToken.destroySurfaces:363 com.android.server.wm.WindowStateAnimator.finishExit:565 com.android.server.wm.WindowStateAnimator.stepAnimationLocked:491 com.android.server.wm.WindowAnimator.updateWindowsLocked:303 com.android.server.wm.WindowAnimator.animateLocked:704 
06-06 17:45:46.637 V/PhoneStatusBar( 1713): setLightsOn(true)
06-06 17:45:46.668 V/PhoneStatusBar( 1713): setLightsOn(true)
06-06 17:45:46.765 V/PhoneStatusBar( 1713): setLightsOn(true)
06-06 17:45:46.768 I/calabash(17579): newActivity1
06-06 17:45:46.768 W/ActivityManager( 1631): Bad activity token: android.os.BinderProxy@5c94942
06-06 17:45:46.768 W/ActivityManager( 1631): java.lang.ClassCastException: android.os.BinderProxy cannot be cast to com.android.server.am.ActivityRecord$Token
06-06 17:45:46.768 W/ActivityManager( 1631): 	at com.android.server.am.ActivityRecord.forTokenLocked(ActivityRecord.java:586)
06-06 17:45:46.768 W/ActivityManager( 1631): 	at com.android.server.am.ActivityRecord.isInStackLocked(ActivityRecord.java:1327)
06-06 17:45:46.768 W/ActivityManager( 1631): 	at com.android.server.am.ActivityRecord.getStackLocked(ActivityRecord.java:1332)
06-06 17:45:46.768 W/ActivityManager( 1631): 	at com.android.server.am.ActivityManagerService.getActivityDisplayId(ActivityManagerService.java:9806)
06-06 17:45:46.768 W/ActivityManager( 1631): 	at android.app.ActivityManagerNative.onTransact(ActivityManagerNative.java:2566)
06-06 17:45:46.768 W/ActivityManager( 1631): 	at com.android.server.am.ActivityManagerService.onTransact(ActivityManagerService.java:2757)
06-06 17:45:46.768 W/ActivityManager( 1631): 	at android.os.Binder.execTransact(Binder.java:565)
06-06 17:45:46.770 W/ActivityManager( 1631): Bad activity token: android.os.BinderProxy@5c94942
06-06 17:45:46.770 W/ActivityManager( 1631): java.lang.ClassCastException: android.os.BinderProxy cannot be cast to com.android.server.am.ActivityRecord$Token
06-06 17:45:46.770 W/ActivityManager( 1631): 	at com.android.server.am.ActivityRecord.forTokenLocked(ActivityRecord.java:586)
06-06 17:45:46.770 W/ActivityManager( 1631): 	at com.android.server.am.ActivityRecord.isInStackLocked(ActivityRecord.java:1327)
06-06 17:45:46.770 W/ActivityManager( 1631): 	at com.android.server.am.ActivityManagerService.setTaskDescription(ActivityManagerService.java:9358)
06-06 17:45:46.770 W/ActivityManager( 1631): 	at android.app.ActivityManagerNative.onTransact(ActivityManagerNative.java:2639)
06-06 17:45:46.770 W/ActivityManager( 1631): 	at com.android.server.am.ActivityManagerService.onTransact(ActivityManagerService.java:2757)
06-06 17:45:46.770 W/ActivityManager( 1631): 	at android.os.Binder.execTransact(Binder.java:565)
06-06 17:45:46.770 W/ActivityManager( 1631): Bad activity token: android.os.BinderProxy@5c94942
06-06 17:45:46.770 W/ActivityManager( 1631): java.lang.ClassCastException: android.os.BinderProxy cannot be cast to com.android.server.am.ActivityRecord$Token
06-06 17:45:46.770 W/ActivityManager( 1631): 	at com.android.server.am.ActivityRecord.forTokenLocked(ActivityRecord.java:586)
06-06 17:45:46.770 W/ActivityManager( 1631): 	at com.android.server.am.ActivityRecord.isInStackLocked(ActivityRecord.java:1327)
06-06 17:45:46.770 W/ActivityManager( 1631): 	at com.android.server.am.ActivityRecord.getStackLocked(ActivityRecord.java:1332)
06-06 17:45:46.770 W/ActivityManager( 1631): 	at com.android.server.am.ActivityManagerService.getActivityStackId(ActivityManagerService.java:9817)
06-06 17:45:46.770 W/ActivityManager( 1631): 	at android.app.ActivityManagerNative.onTransact(ActivityManagerNative.java:2856)
06-06 17:45:46.770 W/ActivityManager( 1631): 	at com.android.server.am.ActivityManagerService.onTransact(ActivityManagerService.java:2757)
06-06 17:45:46.770 W/ActivityManager( 1631): 	at android.os.Binder.execTransact(Binder.java:565)
06-06 17:45:46.775 W/ActivityManager( 1631): Bad activity token: android.os.BinderProxy@5c94942
06-06 17:45:46.775 W/ActivityManager( 1631): java.lang.ClassCastException: android.os.BinderProxy cannot be cast to com.android.server.am.ActivityRecord$Token
06-06 17:45:46.775 W/ActivityManager( 1631): 	at com.android.server.am.ActivityRecord.forTokenLocked(ActivityRecord.java:586)
06-06 17:45:46.775 W/ActivityManager( 1631): 	at com.android.server.am.ActivityRecord.isInStackLocked(ActivityRecord.java:1327)
06-06 17:45:46.775 W/ActivityManager( 1631): 	at com.android.server.am.ActivityManagerService.getActivityOptions(ActivityManagerService.java:12559)
06-06 17:45:46.775 W/ActivityManager( 1631): 	at android.app.ActivityManagerNative.onTransact(ActivityManagerNative.java:1933)
06-06 17:45:46.775 W/ActivityManager( 1631): 	at com.android.server.am.ActivityManagerService.onTransact(ActivityManagerService.java:2757)
06-06 17:45:46.775 W/ActivityManager( 1631): 	at android.os.Binder.execTransact(Binder.java:565)
06-06 17:45:46.775 W/ActivityManager( 1631): Bad activity token: android.os.BinderProxy@5c94942
06-06 17:45:46.775 W/ActivityManager( 1631): java.lang.ClassCastException: android.os.BinderProxy cannot be cast to com.android.server.am.ActivityRecord$Token
06-06 17:45:46.775 W/ActivityManager( 1631): 	at com.android.server.am.ActivityRecord.forTokenLocked(ActivityRecord.java:586)
06-06 17:45:46.775 W/ActivityManager( 1631): 	at com.android.server.am.ActivityRecord.isInStackLocked(ActivityRecord.java:1327)
06-06 17:45:46.775 W/ActivityManager( 1631): 	at com.android.server.am.ActivityManagerService.getActivityOptions(ActivityManagerService.java:12559)
06-06 17:45:46.775 W/ActivityManager( 1631): 	at android.app.ActivityManagerNative.onTransact(ActivityManagerNative.java:1933)
06-06 17:45:46.775 W/ActivityManager( 1631): 	at com.android.server.am.ActivityManagerService.onTransact(ActivityManagerService.java:2757)
06-06 17:45:46.775 W/ActivityManager( 1631): 	at android.os.Binder.execTransact(Binder.java:565)
06-06 17:45:47.066 V/PhoneStatusBar( 1713): setLightsOn(true)
06-06 17:45:47.070 V/PhoneStatusBar( 1713): setLightsOn(true)
06-06 17:45:47.075 W/OpenGLRenderer( 2106): Incorrectly called buildLayer on View: ShortcutAndWidgetContainer, destroying layer...
06-06 17:45:47.083 I/WindowManager( 1631): Destroying surface Surface(name=com.android.launcher3/com.android.launcher3.Launcher) called by com.android.server.wm.WindowStateAnimator.destroySurface:2016 com.android.server.wm.WindowStateAnimator.destroySurfaceLocked:882 com.android.server.wm.WindowState.destroyOrSaveSurface:2100 com.android.server.wm.AppWindowToken.destroySurfaces:363 com.android.server.wm.AppWindowToken.notifyAppStopped:389 com.android.server.wm.WindowManagerService.notifyAppStopped:4463 com.android.server.am.ActivityStack.activityStoppedLocked:1252 com.android.server.am.ActivityManagerService.activityStopped:6903 
06-06 17:45:47.084 V/PhoneStatusBar( 1713): setLightsOn(true)
06-06 17:45:47.782 I/System.out(17579): URI: //
06-06 17:45:47.782 I/System.out(17579): params: {json={"command":"press_key","arguments":["KEYCODE_MENU"]}
06-06 17:45:47.782 I/System.out(17579): }
06-06 17:45:47.782 I/System.out(17579): header: {content-type=application/json;charset=utf-8, date=Sat, 06 Jun 2020 22:45:48 GMT, accept=*/*, host=127.0.0.1:34784, content-length=52, user-agent=HTTPClient/1.0 (2.8.3, ruby 2.5.1 (2018-03-29))}
06-06 17:45:47.782 I/System.out(17579): params: {json={"command":"press_key","arguments":["KEYCODE_MENU"]}
06-06 17:45:47.782 I/System.out(17579): }
06-06 17:45:47.782 I/System.out(17579): ProP json = {"command":"press_key","arguments":["KEYCODE_MENU"]}
06-06 17:45:47.782 I/System.out(17579): files: {}
06-06 17:45:47.782 I/System.out(17579): command: {"command":"press_key","arguments":["KEYCODE_MENU"]}
06-06 17:45:47.783 I/InstrumentationBackend(17579): Got command:'Command:'Line:null,press_key', arguments:'[KEYCODE_MENU]'
06-06 17:45:47.794 V/PhoneStatusBar( 1713): setLightsOn(true)
06-06 17:45:47.799 I/System.out(17579): result:{"bonusInformation":[],"message":"","success":true}
06-06 17:45:47.800 V/PhoneStatusBar( 1713): setLightsOn(true)
06-06 17:45:47.801 I/System.out(17579): URI: //map
06-06 17:45:47.801 I/System.out(17579): params: {json={"query":"* marked:'Add new vehicle'","operation":{"method_name":"query","arguments":[]}}
06-06 17:45:47.801 I/System.out(17579): }
06-06 17:45:47.815 V/PhoneStatusBar( 1713): setLightsOn(true)
06-06 17:45:47.832 V/PhoneStatusBar( 1713): setLightsOn(true)
06-06 17:45:47.833 D/gralloc_ranchu( 1348): gralloc_alloc: Creating ashmem region of size 1720320
06-06 17:45:47.849 V/PhoneStatusBar( 1713): setLightsOn(true)
06-06 17:45:47.850 W/ResourceType(17579): No package identifier when getting name for resource number 0x00000001
06-06 17:45:47.851 V/PhoneStatusBar( 1713): setLightsOn(true)
06-06 17:45:47.864 I/System.out(17579): URI: //gesture
06-06 17:45:47.864 I/System.out(17579): params: {json={"query_timeout":5.0,"gestures":[{"query_string":"* marked:'Add new vehicle'","touches":[{"x":50,"y":50,"offset_x":0,"offset_y":0,"wait":0.0,"time":0.2,"release":true,"query_string":null}]}]}
06-06 17:45:47.864 I/System.out(17579): }
06-06 17:45:47.865 V/PhoneStatusBar( 1713): setLightsOn(true)
06-06 17:45:47.869 W/ResourceType(17579): No package identifier when getting name for resource number 0x00000001
06-06 17:45:47.981 D/gralloc_ranchu( 1348): gralloc_alloc: Creating ashmem region of size 1720320
06-06 17:45:48.029 D/gralloc_ranchu( 1348): gralloc_alloc: Creating ashmem region of size 9023488
06-06 17:45:48.082 V/PhoneStatusBar( 1713): setLightsOn(true)
06-06 17:45:48.171 I/art     (17579): Do partial code cache collection, code=30KB, data=29KB
06-06 17:45:48.171 I/art     (17579): After code cache collection, code=29KB, data=29KB
06-06 17:45:48.171 I/art     (17579): Increasing code cache capacity to 128KB
06-06 17:45:48.180 I/System.out(17579): URI: //map
06-06 17:45:48.180 I/System.out(17579): params: {json={"query":"* {text CONTAINS[c] 'Vehicle'}","operation":{"method_name":"query","arguments":[]}}
06-06 17:45:48.180 I/System.out(17579): }
06-06 17:45:48.212 I/ActivityManager( 1631): START u0 {cmp=com.evancharlton.mileage/.VehicleActivity} from uid 10728 on display 0
06-06 17:45:48.213 V/PhoneStatusBar( 1713): setLightsOn(true)
06-06 17:45:48.215 V/PhoneStatusBar( 1713): setLightsOn(true)
06-06 17:45:48.257 I/WindowManager( 1631): Destroying surface Surface(name=AtchDlg:com.evancharlton.mileage/com.evancharlton.mileage.VehicleListActivity) called by com.android.server.wm.WindowStateAnimator.destroySurface:2016 com.android.server.wm.WindowStateAnimator.destroySurfaceLocked:882 com.android.server.wm.WindowState.removeLocked:1456 com.android.server.wm.WindowManagerService.removeWindowInnerLocked:2484 com.android.server.wm.WindowManagerService.removeWindowLocked:2442 com.android.server.wm.WindowManagerService.removeWindowLocked:2311 com.android.server.wm.WindowManagerService.removeWindow:2306 com.android.server.wm.Session.remove:202 
06-06 17:45:48.285 I/System.out(17579): URI: //map
06-06 17:45:48.285 I/System.out(17579): params: {json={"query":"* {text CONTAINS[c] 'Vehicle information'}","operation":{"method_name":"query","arguments":[]}}
06-06 17:45:48.285 I/System.out(17579): }
06-06 17:45:48.302 I/calabash(17579): newActivity1
06-06 17:45:48.328 V/PhoneStatusBar( 1713): setLightsOn(true)
06-06 17:45:48.331 V/PhoneStatusBar( 1713): setLightsOn(true)
06-06 17:45:48.335 D/gralloc_ranchu( 1348): gralloc_alloc: Creating ashmem region of size 9023488
06-06 17:45:48.348 V/PhoneStatusBar( 1713): setLightsOn(true)
06-06 17:45:48.376 W/InputMethodService( 1699): Window size has been changed. This may cause jankiness of resizing window: -1 -> -2
06-06 17:45:48.377 I/ActivityManager( 1631): Displayed com.evancharlton.mileage/.VehicleActivity: +125ms
06-06 17:45:48.381 D/gralloc_ranchu( 1348): gralloc_alloc: Creating ashmem region of size 9023488
06-06 17:45:48.382 V/PhoneStatusBar( 1713): setLightsOn(true)
06-06 17:45:48.385 I/LatinIME( 1699): Starting input. Cursor position = 0,0
06-06 17:45:48.415 V/PhoneStatusBar( 1713): setLightsOn(true)
06-06 17:45:48.481 V/PhoneStatusBar( 1713): setLightsOn(true)
06-06 17:45:48.518 D/EGL_emulation( 1713): eglMakeCurrent: 0xa6a85780: ver 2 0 (tinfo 0xa6a83640)
06-06 17:45:48.532 D/EGL_emulation( 1713): eglMakeCurrent: 0xa6a85780: ver 2 0 (tinfo 0xa6a83640)
06-06 17:45:48.532 V/PhoneStatusBar( 1713): setLightsOn(true)
06-06 17:45:48.535 D/EGL_emulation( 1699): eglMakeCurrent: 0xa6a85240: ver 2 0 (tinfo 0xa6a83470)
06-06 17:45:48.548 V/PhoneStatusBar( 1713): setLightsOn(true)
06-06 17:45:48.565 V/PhoneStatusBar( 1713): setLightsOn(true)
06-06 17:45:48.615 V/PhoneStatusBar( 1713): setLightsOn(true)
06-06 17:45:48.643 I/System.out(17579): URI: //map
06-06 17:45:48.643 I/System.out(17579): params: {json={"query":"* {text CONTAINS[c] 'Vehicle information'}","operation":{"method_name":"query","arguments":[]}}
06-06 17:45:48.643 I/System.out(17579): }
06-06 17:45:48.659 I/System.out(17579): URI: //map
06-06 17:45:48.659 I/System.out(17579): params: {json={"query":"* {text CONTAINS[c] 'Vehicle type'}","operation":{"method_name":"query","arguments":[]}}
06-06 17:45:48.659 I/System.out(17579): }
06-06 17:45:48.675 I/System.out(17579): URI: //map
06-06 17:45:48.675 I/System.out(17579): params: {json={"query":"* {text CONTAINS[c] 'Car'}","operation":{"method_name":"query","arguments":[]}}
06-06 17:45:48.675 I/System.out(17579): }
06-06 17:45:48.690 I/System.out(17579): URI: //
06-06 17:45:48.690 I/System.out(17579): params: {json={"command":"press_key","arguments":["KEYCODE_BACK"]}
06-06 17:45:48.690 I/System.out(17579): }
06-06 17:45:48.690 I/System.out(17579): header: {content-type=application/json;charset=utf-8, date=Sat, 06 Jun 2020 22:45:49 GMT, accept=*/*, host=127.0.0.1:34784, content-length=52, user-agent=HTTPClient/1.0 (2.8.3, ruby 2.5.1 (2018-03-29))}
06-06 17:45:48.690 I/System.out(17579): params: {json={"command":"press_key","arguments":["KEYCODE_BACK"]}
06-06 17:45:48.690 I/System.out(17579): }
06-06 17:45:48.690 I/System.out(17579): ProP json = {"command":"press_key","arguments":["KEYCODE_BACK"]}
06-06 17:45:48.690 I/System.out(17579): files: {}
06-06 17:45:48.690 I/System.out(17579): command: {"command":"press_key","arguments":["KEYCODE_BACK"]}
06-06 17:45:48.691 I/InstrumentationBackend(17579): Got command:'Command:'Line:null,press_key', arguments:'[KEYCODE_BACK]'
06-06 17:45:48.692 W/InputMethodService( 1699): Window size has been changed. This may cause jankiness of resizing window: -1 -> -2
06-06 17:45:48.695 I/System.out(17579): result:{"bonusInformation":[],"message":"","success":true}
06-06 17:45:48.698 I/System.out(17579): URI: //map
06-06 17:45:48.698 I/System.out(17579): params: {json={"query":"* {text CONTAINS[c] 'This is the default vehicle'}","operation":{"method_name":"query","arguments":[]}}
06-06 17:45:48.698 I/System.out(17579): }
06-06 17:45:48.699 D/EGL_emulation( 1713): eglMakeCurrent: 0xa6a85780: ver 2 0 (tinfo 0xa6a83640)
06-06 17:45:48.699 D/EGL_emulation( 1699): eglMakeCurrent: 0xa6a85240: ver 2 0 (tinfo 0xa6a83470)
06-06 17:45:48.701 D/EGL_emulation( 1713): eglMakeCurrent: 0xa6a85780: ver 2 0 (tinfo 0xa6a83640)
06-06 17:45:48.703 V/PhoneStatusBar( 1713): setLightsOn(true)
06-06 17:45:48.703 V/PhoneStatusBar( 1713): setLightsOn(true)
06-06 17:45:48.713 I/System.out(17579): URI: //map
06-06 17:45:48.713 I/System.out(17579): params: {json={"query":"* {text CONTAINS[c] 'Measurement units'}","operation":{"method_name":"query","arguments":[]}}
06-06 17:45:48.713 I/System.out(17579): }
06-06 17:45:48.716 V/PhoneStatusBar( 1713): setLightsOn(true)
06-06 17:45:48.732 V/PhoneStatusBar( 1713): setLightsOn(true)
06-06 17:45:48.733 V/PhoneStatusBar( 1713): setLightsOn(true)
06-06 17:45:48.744 I/System.out(17579): URI: //map
06-06 17:45:48.744 I/System.out(17579): params: {json={"query":"* marked:'Miles'","operation":{"method_name":"query","arguments":[]}}
06-06 17:45:48.744 I/System.out(17579): }
06-06 17:45:48.748 I/WindowManager( 1631): Destroying surface Surface(name=com.evancharlton.mileage/com.evancharlton.mileage.Mileage) called by com.android.server.wm.WindowStateAnimator.destroySurface:2016 com.android.server.wm.WindowStateAnimator.destroySurfaceLocked:882 com.android.server.wm.WindowState.destroyOrSaveSurface:2100 com.android.server.wm.WindowManagerService.tryStartExitingAnimation:3024 com.android.server.wm.WindowManagerService.relayoutWindow:2904 com.android.server.wm.Session.relayout:224 android.view.IWindowSession$Stub.onTransact:286 com.android.server.wm.Session.onTransact:145 
06-06 17:45:48.749 V/PhoneStatusBar( 1713): setLightsOn(true)
06-06 17:45:48.750 V/PhoneStatusBar( 1713): setLightsOn(true)
06-06 17:45:48.751 W/ResourceType(17579): No package identifier when getting name for resource number 0x00000001
06-06 17:45:48.761 I/System.out(17579): URI: //gesture
06-06 17:45:48.761 I/System.out(17579): params: {json={"query_timeout":5.0,"gestures":[{"query_string":"* marked:'Miles'","touches":[{"x":50,"y":50,"offset_x":0,"offset_y":0,"wait":0.0,"time":0.2,"release":true,"query_string":null}]}]}
06-06 17:45:48.761 I/System.out(17579): }
06-06 17:45:48.766 W/ResourceType(17579): No package identifier when getting name for resource number 0x00000001
06-06 17:45:48.882 V/PhoneStatusBar( 1713): setLightsOn(true)
06-06 17:45:48.882 I/WindowManager( 1631): Destroying surface Surface(name=InputMethod) called by com.android.server.wm.WindowStateAnimator.destroySurface:2016 com.android.server.wm.WindowStateAnimator.destroySurfaceLocked:882 com.android.server.wm.WindowState.destroyOrSaveSurface:2100 com.android.server.wm.WindowSurfacePlacer.performSurfacePlacementInner:429 com.android.server.wm.WindowSurfacePlacer.performSurfacePlacementLoop:232 com.android.server.wm.WindowSurfacePlacer.performSurfacePlacement:180 com.android.server.wm.WindowManagerService$H.handleMessage:8086 android.os.Handler.dispatchMessage:102 
06-06 17:45:48.914 D/gralloc_ranchu( 1348): gralloc_alloc: Creating ashmem region of size 9023488
06-06 17:45:49.003 V/PhoneStatusBar( 1713): setLightsOn(true)
06-06 17:45:49.005 I/System.out(17579): URI: //map
06-06 17:45:49.005 I/System.out(17579): params: {json={"query":"* {text CONTAINS[c] 'Kilometers'}","operation":{"method_name":"query","arguments":[]}}
06-06 17:45:49.005 I/System.out(17579): }
06-06 17:45:49.009 I/art     (17579): Do partial code cache collection, code=60KB, data=62KB
06-06 17:45:49.009 I/art     (17579): After code cache collection, code=59KB, data=62KB
06-06 17:45:49.009 I/art     (17579): Increasing code cache capacity to 256KB
06-06 17:45:49.018 V/PhoneStatusBar( 1713): setLightsOn(true)
06-06 17:45:49.032 V/PhoneStatusBar( 1713): setLightsOn(true)
06-06 17:45:49.057 D/gralloc_ranchu( 1348): gralloc_alloc: Creating ashmem region of size 1597440
06-06 17:45:49.063 V/PhoneStatusBar( 1713): setLightsOn(true)
06-06 17:45:49.064 V/PhoneStatusBar( 1713): setLightsOn(true)
06-06 17:45:49.065 D/gralloc_ranchu( 1348): gralloc_alloc: Creating ashmem region of size 1597440
06-06 17:45:49.082 V/PhoneStatusBar( 1713): setLightsOn(true)
06-06 17:45:49.332 V/PhoneStatusBar( 1713): setLightsOn(true)
06-06 17:45:49.371 I/System.out(17579): URI: //map
06-06 17:45:49.371 I/System.out(17579): params: {json={"query":"* {text CONTAINS[c] 'Kilometers'}","operation":{"method_name":"query","arguments":[]}}
06-06 17:45:49.371 I/System.out(17579): }
06-06 17:45:49.387 I/System.out(17579): URI: //map
06-06 17:45:49.387 I/System.out(17579): params: {json={"query":"* marked:'Miles'","operation":{"method_name":"query","arguments":[]}}
06-06 17:45:49.387 I/System.out(17579): }
06-06 17:45:49.391 W/ResourceType(17579): No package identifier when getting name for resource number 0x00000001
06-06 17:45:49.402 I/System.out(17579): URI: //gesture
06-06 17:45:49.402 I/System.out(17579): params: {json={"query_timeout":5.0,"gestures":[{"query_string":"* marked:'Miles'","touches":[{"x":50,"y":50,"offset_x":0,"offset_y":0,"wait":0.0,"time":0.2,"release":true,"query_string":null}]}]}
06-06 17:45:49.402 I/System.out(17579): }
06-06 17:45:49.408 W/ResourceType(17579): No package identifier when getting name for resource number 0x00000001
06-06 17:45:49.720 V/PhoneStatusBar( 1713): setLightsOn(true)
06-06 17:45:49.720 V/PhoneStatusBar( 1713): setLightsOn(true)
06-06 17:45:49.727 I/System.out(17579): URI: //map
06-06 17:45:49.727 I/System.out(17579): params: {json={"query":"* marked:'Gallons'","operation":{"method_name":"query","arguments":[]}}
06-06 17:45:49.727 I/System.out(17579): }
06-06 17:45:49.732 W/InputEventReceiver(17579): Attempted to finish an input event but the input event receiver has already been disposed.
06-06 17:45:49.782 W/InputMethodManagerService( 1631): Window already focused, ignoring focus gain of: com.android.internal.view.IInputMethodClient$Stub$Proxy@1416269 attribute=null, token = android.os.BinderProxy@b162a66
06-06 17:45:49.846 W/ResourceType(17579): No package identifier when getting name for resource number 0x00000001
06-06 17:45:49.860 I/System.out(17579): URI: //gesture
06-06 17:45:49.860 I/System.out(17579): params: {json={"query_timeout":5.0,"gestures":[{"query_string":"* marked:'Gallons'","touches":[{"x":50,"y":50,"offset_x":0,"offset_y":0,"wait":0.0,"time":0.2,"release":true,"query_string":null}]}]}
06-06 17:45:49.860 I/System.out(17579): }
06-06 17:45:49.894 W/ResourceType(17579): No package identifier when getting name for resource number 0x00000001
06-06 17:45:49.998 I/WindowManager( 1631): Destroying surface Surface(name=com.evancharlton.mileage/com.evancharlton.mileage.VehicleActivity) called by com.android.server.wm.WindowStateAnimator.destroySurface:2016 com.android.server.wm.WindowStateAnimator.destroySurfaceLocked:882 com.android.server.wm.WindowState.destroyOrSaveSurface:2100 com.android.server.wm.AppWindowToken.destroySurfaces:363 com.android.server.wm.WindowStateAnimator.finishExit:565 com.android.server.wm.WindowStateAnimator.stepAnimationLocked:491 com.android.server.wm.WindowAnimator.updateWindowsLocked:303 com.android.server.wm.WindowAnimator.animateLocked:704 
06-06 17:45:49.999 V/PhoneStatusBar( 1713): setLightsOn(true)
06-06 17:45:50.001 V/PhoneStatusBar( 1713): setLightsOn(true)
06-06 17:45:50.118 V/PhoneStatusBar( 1713): setLightsOn(true)
06-06 17:45:50.124 I/System.out(17579): URI: //map
06-06 17:45:50.125 I/System.out(17579): params: {json={"query":"* {text CONTAINS[c] 'Litres'}","operation":{"method_name":"query","arguments":[]}}
06-06 17:45:50.125 I/System.out(17579): }
06-06 17:45:50.133 V/PhoneStatusBar( 1713): setLightsOn(true)
06-06 17:45:50.148 V/PhoneStatusBar( 1713): setLightsOn(true)
06-06 17:45:50.189 D/gralloc_ranchu( 1348): gralloc_alloc: Creating ashmem region of size 2220032
06-06 17:45:50.198 V/PhoneStatusBar( 1713): setLightsOn(true)
06-06 17:45:50.199 V/PhoneStatusBar( 1713): setLightsOn(true)
06-06 17:45:50.199 D/gralloc_ranchu( 1348): gralloc_alloc: Creating ashmem region of size 2220032
06-06 17:45:50.215 V/PhoneStatusBar( 1713): setLightsOn(true)
06-06 17:45:50.467 V/PhoneStatusBar( 1713): setLightsOn(true)
06-06 17:45:50.509 I/System.out(17579): URI: //map
06-06 17:45:50.509 I/System.out(17579): params: {json={"query":"* {text CONTAINS[c] 'Litres'}","operation":{"method_name":"query","arguments":[]}}
06-06 17:45:50.509 I/System.out(17579): }
06-06 17:45:50.546 I/System.out(17579): URI: //map
06-06 17:45:50.546 I/System.out(17579): params: {json={"query":"* {text CONTAINS[c] 'Imperial Gallons'}","operation":{"method_name":"query","arguments":[]}}
06-06 17:45:50.546 I/System.out(17579): }
06-06 17:45:50.559 I/System.out(17579): URI: //map
06-06 17:45:50.559 I/System.out(17579): params: {json={"query":"* marked:'Gallons'","operation":{"method_name":"query","arguments":[]}}
06-06 17:45:50.559 I/System.out(17579): }
06-06 17:45:50.563 W/ResourceType(17579): No package identifier when getting name for resource number 0x00000001
06-06 17:45:50.564 I/art     (17579): Compiler allocated 7MB to compile sh.calaba.instrumentationbackend.actions.NanoHTTPD$Response sh.calaba.instrumentationbackend.actions.HttpServer.serve(java.lang.String, java.lang.String, java.util.Properties, java.util.Properties, java.util.Properties)
06-06 17:45:50.575 I/System.out(17579): URI: //gesture
06-06 17:45:50.575 I/System.out(17579): params: {json={"query_timeout":5.0,"gestures":[{"query_string":"* marked:'Gallons'","touches":[{"x":50,"y":50,"offset_x":0,"offset_y":0,"wait":0.0,"time":0.2,"release":true,"query_string":null}]}]}
06-06 17:45:50.575 I/System.out(17579): }
06-06 17:45:50.579 W/ResourceType(17579): No package identifier when getting name for resource number 0x00000001
