--------- beginning of system
06-05 23:01:04.840 W/ActivityManager( 1631): Finishing task with all activities already finished
06-05 23:01:04.840 W/ActivityManager( 1631): Duplicate finish request for ActivityRecord{b7046d u0 com.evancharlton.mileage/.Mileage t9027 f}
06-05 23:01:04.840 W/ActivityManager( 1631): Finishing task with all activities already finished
06-05 23:01:04.840 W/ActivityManager( 1631): Duplicate finish request for ActivityRecord{b7046d u0 com.evancharlton.mileage/.Mileage t9027 f}
--------- beginning of main
06-05 23:01:04.850 V/PhoneStatusBar( 1712): setLightsOn(true)
06-05 23:01:04.852 D/gralloc_ranchu( 1347): gralloc_alloc: Creating ashmem region of size 3145728
06-05 23:01:04.856 E/EGL_emulation( 1347): tid 1347: eglCreateSyncKHR(1901): error 0x3004 (EGL_BAD_ATTRIBUTE)
06-05 23:01:04.865 W/ActivityManager( 1631): Finishing task with all activities already finished
06-05 23:01:04.865 W/ActivityManager( 1631): Duplicate finish request for ActivityRecord{b7046d u0 com.evancharlton.mileage/.Mileage t9027 f}
06-05 23:01:04.865 W/ActivityManager( 1631): Finishing task with all activities already finished
06-05 23:01:04.865 W/ActivityManager( 1631): Duplicate finish request for ActivityRecord{b7046d u0 com.evancharlton.mileage/.Mileage t9027 f}
06-05 23:01:04.865 W/ActivityManager( 1631): Finishing task with all activities already finished
06-05 23:01:04.865 W/ActivityManager( 1631): Duplicate finish request for ActivityRecord{b7046d u0 com.evancharlton.mileage/.Mileage t9027 f}
06-05 23:01:04.865 W/ActivityManager( 1631): Finishing task with all activities already finished
06-05 23:01:04.865 W/ActivityManager( 1631): Duplicate finish request for ActivityRecord{116e76f u0 com.evancharlton.mileage/.charts.MinimumVolumeChart t9027 f}
06-05 23:01:04.865 W/ActivityManager( 1631): Finishing task with all activities already finished
06-05 23:01:04.866 W/ActivityManager( 1631): Duplicate finish request for ActivityRecord{116e76f u0 com.evancharlton.mileage/.charts.MinimumVolumeChart t9027 f}
06-05 23:01:04.866 W/ActivityManager( 1631): Finishing task with all activities already finished
06-05 23:01:04.866 W/ActivityManager( 1631): Duplicate finish request for ActivityRecord{b7046d u0 com.evancharlton.mileage/.Mileage t9027 f}
06-05 23:01:04.866 W/ActivityManager( 1631): Finishing task with all activities already finished
06-05 23:01:04.866 W/ActivityManager( 1631): Duplicate finish request for ActivityRecord{b7046d u0 com.evancharlton.mileage/.Mileage t9027 f}
06-05 23:01:04.901 D/EGL_emulation( 1712): eglMakeCurrent: 0xb0685360: ver 2 0 (tinfo 0xb06836c0)
06-05 23:01:04.902 D/EGL_emulation( 2076): eglMakeCurrent: 0xb0685360: ver 2 0 (tinfo 0xb06836b0)
06-05 23:01:04.917 D/EGL_emulation( 1712): eglMakeCurrent: 0xb0685360: ver 2 0 (tinfo 0xb06836c0)
06-05 23:01:04.934 D/EGL_emulation( 1712): eglMakeCurrent: 0xb0685360: ver 2 0 (tinfo 0xb06836c0)
06-05 23:01:04.950 D/EGL_emulation( 1712): eglMakeCurrent: 0xb0685360: ver 2 0 (tinfo 0xb06836c0)
06-05 23:01:04.952 D/EGL_emulation( 1712): eglMakeCurrent: 0xb0685360: ver 2 0 (tinfo 0xb06836c0)
06-05 23:01:04.967 D/EGL_emulation( 1712): eglMakeCurrent: 0xb0685360: ver 2 0 (tinfo 0xb06836c0)
06-05 23:01:04.968 D/EGL_emulation( 1712): eglMakeCurrent: 0xb0685360: ver 2 0 (tinfo 0xb06836c0)
06-05 23:01:04.976 D/AndroidRuntime(13573): >>>>>> START com.android.internal.os.RuntimeInit uid 2000 <<<<<<
06-05 23:01:04.977 D/AndroidRuntime(13573): CheckJNI is ON
06-05 23:01:04.983 D/EGL_emulation( 1712): eglMakeCurrent: 0xb0685360: ver 2 0 (tinfo 0xb06836c0)
06-05 23:01:04.985 D/EGL_emulation( 1712): eglMakeCurrent: 0xb0685360: ver 2 0 (tinfo 0xb06836c0)
06-05 23:01:04.990 W/art     (13573): Unexpected CPU variant for X86 using defaults: x86
06-05 23:01:04.991 D/ICU     (13573): No timezone override file found: /data/misc/zoneinfo/current/icu/icu_tzdata.dat
06-05 23:01:04.999 E/memtrack(13573): Couldn't load memtrack module (No such file or directory)
06-05 23:01:04.999 E/android.os.Debug(13573): failed to load memtrack module: -2
06-05 23:01:05.000 I/Radio-JNI(13573): register_android_hardware_Radio DONE
06-05 23:01:05.000 D/EGL_emulation( 1712): eglMakeCurrent: 0xb0685360: ver 2 0 (tinfo 0xb06836c0)
06-05 23:01:05.002 D/EGL_emulation( 1712): eglMakeCurrent: 0xb0685360: ver 2 0 (tinfo 0xb06836c0)
06-05 23:01:05.005 D/AndroidRuntime(13573): Calling main entry com.android.commands.am.Am
06-05 23:01:05.006 I/ActivityManager( 1631): Force stopping com.evancharlton.mileage appid=10326 user=0: start instr
06-05 23:01:05.006 I/ActivityManager( 1631): Killing 13521:com.evancharlton.mileage/u0a326 (adj 0): stop com.evancharlton.mileage
06-05 23:01:05.006 D/ActivityManager( 1631): cleanUpApplicationRecord -- 13521
06-05 23:01:05.006 I/WindowManager( 1631): Destroying surface Surface(name=com.evancharlton.mileage/com.evancharlton.mileage.charts.MinimumVolumeChart) called by com.android.server.wm.WindowStateAnimator.destroySurface:2016 com.android.server.wm.WindowStateAnimator.destroySurfaceLocked:882 com.android.server.wm.WindowState.removeLocked:1456 com.android.server.wm.WindowManagerService.removeWindowInnerLocked:2484 com.android.server.wm.WindowManagerService.removeWindowLocked:2442 com.android.server.wm.WindowManagerService.removeWindowLocked:2311 com.android.server.wm.AppWindowToken.removeAllWindows:530 com.android.server.wm.AppWindowToken.removeAppFromTaskLocked:326 
06-05 23:01:05.007 W/ActivityManager( 1631): Crash of app com.evancharlton.mileage running instrumentation ComponentInfo{com.evancharlton.mileage.test/sh.calaba.instrumentationbackend.CalabashInstrumentationTestRunner}
06-05 23:01:05.007 I/ActivityManager( 1631): Force stopping com.evancharlton.mileage appid=10326 user=0: finished inst
06-05 23:01:05.011 I/art     (13583): Not late-enabling -Xcheck:jni (already on)
06-05 23:01:05.012 W/art     (13583): Unexpected CPU variant for X86 using defaults: x86
06-05 23:01:05.017 D/EGL_emulation( 1712): eglMakeCurrent: 0xb0685360: ver 2 0 (tinfo 0xb06836c0)
06-05 23:01:05.018 D/EGL_emulation( 1712): eglMakeCurrent: 0xb0685360: ver 2 0 (tinfo 0xb06836c0)
06-05 23:01:05.019 I/ActivityManager( 1631): Start proc 13583:com.evancharlton.mileage/u0a326 for added application com.evancharlton.mileage
06-05 23:01:05.019 D/AndroidRuntime(13573): Shutting down VM
06-05 23:01:05.024 W/System  (13583): ClassLoader referenced unknown path: /data/app/com.evancharlton.mileage.test-1/lib/x86
06-05 23:01:05.024 W/System  (13583): ClassLoader referenced unknown path: /data/app/com.evancharlton.mileage-1/lib/x86
06-05 23:01:05.026 W/System  (13583): ClassLoader referenced unknown path: 
06-05 23:01:05.029 I/System.out(13583): Main activity name automatically set to: com.evancharlton.mileage.Mileage
06-05 23:01:05.030 I/System.out(13583): Calabash did not load Mono. This is only a problem if you are trying to test a Mono application
06-05 23:01:05.030 I/calabash(13583): Test server port: 7102
06-05 23:01:05.030 I/InstrumentationBackend(13583): Added:'GetPreferences', with key:'get_preferences'
06-05 23:01:05.033 D/EGL_emulation( 1712): eglMakeCurrent: 0xb0685360: ver 2 0 (tinfo 0xb06836c0)
06-05 23:01:05.034 I/InstrumentationBackend(13583): Added:'SetPreferences', with key:'set_preferences'
06-05 23:01:05.034 I/InstrumentationBackend(13583): Added:'ClearPreferences', with key:'clear_preferences'
06-05 23:01:05.034 I/InstrumentationBackend(13583): Added:'PressElement', with key:'press_l10n_element'
06-05 23:01:05.035 I/InstrumentationBackend(13583): Added:'WaitForElement', with key:'wait_for_l10n_element'
06-05 23:01:05.035 I/InstrumentationBackend(13583): Added:'NullAction', with key:'nullAction'
06-05 23:01:05.035 I/InstrumentationBackend(13583): Added:'PressKey', with key:'press_key'
06-05 23:01:05.035 I/InstrumentationBackend(13583): Added:'SetActivityOrientation', with key:'set_activity_orientation'
06-05 23:01:05.035 I/InstrumentationBackend(13583): Added:'GetActivityOrientation', with key:'get_activity_orientation'
06-05 23:01:05.035 I/InstrumentationBackend(13583): Added:'FakeGPSLocation', with key:'set_gps_coordinates'
06-05 23:01:05.035 I/InstrumentationBackend(13583): Added:'SetPropertyByCssSelector', with key:'set_property_by_css_selector'
06-05 23:01:05.035 I/InstrumentationBackend(13583): Added:'GetUrl', with key:'get_url'
06-05 23:01:05.035 I/InstrumentationBackend(13583): Added:'ScrollTo', with key:'scroll_to'
06-05 23:01:05.035 I/InstrumentationBackend(13583): Added:'GetLoadProgress', with key:'get_load_progress'
06-05 23:01:05.035 I/InstrumentationBackend(13583): Added:'DumpHtml', with key:'dump_html'
06-05 23:01:05.035 I/InstrumentationBackend(13583): Added:'DumpBodyHtml', with key:'dump_body_html'
06-05 23:01:05.035 I/InstrumentationBackend(13583): Added:'EnterTextByCssSelector', with key:'enter_text_by_selector'
06-05 23:01:05.035 I/InstrumentationBackend(13583): Added:'AndroidSDKVersion', with key:'android_sdk_version'
06-05 23:01:05.035 D/EGL_emulation( 1712): eglMakeCurrent: 0xb0685360: ver 2 0 (tinfo 0xb06836c0)
06-05 23:01:05.035 I/InstrumentationBackend(13583): Added:'Version', with key:'version'
06-05 23:01:05.036 I/InstrumentationBackend(13583): Added:'Drag', with key:'drag'
06-05 23:01:05.036 I/InstrumentationBackend(13583): Added:'TouchCoordinates', with key:'touch_coordinate'
06-05 23:01:05.036 I/InstrumentationBackend(13583): Added:'LongPressCoordinate', with key:'long_press_coordinate'
06-05 23:01:05.036 I/InstrumentationBackend(13583): Added:'DragCoordinates', with key:'drag_coordinates'
06-05 23:01:05.036 I/InstrumentationBackend(13583): Added:'ResumeApplication', with key:'resume_application'
06-05 23:01:05.036 I/InstrumentationBackend(13583): Added:'Swipe', with key:'swipe'
06-05 23:01:05.036 I/InstrumentationBackend(13583): Added:'DoubleTapCoordinate', with key:'double_tap_coordinate'
06-05 23:01:05.036 I/InstrumentationBackend(13583): Added:'ClickOnScreen', with key:'click_on_screen'
06-05 23:01:05.036 I/InstrumentationBackend(13583): Added:'GetActivityName', with key:'get_activity_name'
06-05 23:01:05.036 I/InstrumentationBackend(13583): Added:'ScrollToView', with key:'scroll_to_view'
06-05 23:01:05.036 I/InstrumentationBackend(13583): Added:'ViewConfiguration', with key:'view_configuration'
06-05 23:01:05.036 I/InstrumentationBackend(13583): Added:'IsCurrentActivityFocused', with key:'is_current_activity_focused'
06-05 23:01:05.036 I/InstrumentationBackend(13583): Added:'SendTcp', with key:'send_tcp'
06-05 23:01:05.036 I/InstrumentationBackend(13583): Added:'DpToDevicePixel', with key:'dp_to_device_pixel'
06-05 23:01:05.036 I/InstrumentationBackend(13583): Added:'KeyboardEnterText', with key:'keyboard_enter_text'
06-05 23:01:05.036 I/InstrumentationBackend(13583): Added:'DeleteSurroundingText', with key:'delete_surrounding_text'
06-05 23:01:05.036 I/InstrumentationBackend(13583): Added:'SetComposingRegion', with key:'set_composing_region'
06-05 23:01:05.036 I/InstrumentationBackend(13583): Added:'SetSelection', with key:'set_selection'
06-05 23:01:05.036 I/InstrumentationBackend(13583): Added:'KeyboardKeyEvent', with key:'keyboard_key_event'
06-05 23:01:05.036 I/InstrumentationBackend(13583): Added:'PressUserActionButton', with key:'press_user_action_button'
06-05 23:01:05.037 I/InstrumentationBackend(13583): Added:'HideSoftKeyboard', with key:'hide_soft_keyboard'
06-05 23:01:05.037 I/InstrumentationBackend(13583): Added:'ListActions', with key:'list_actions'
06-05 23:01:05.037 I/calabash(13583): Instantiating http server at 7102
06-05 23:01:05.037 I/System.out(13583): HTTP Daemon listening on: 7102
06-05 23:01:05.051 D/EGL_emulation( 1712): eglMakeCurrent: 0xb0685360: ver 2 0 (tinfo 0xb06836c0)
06-05 23:01:05.053 D/EGL_emulation( 1712): eglMakeCurrent: 0xb0685360: ver 2 0 (tinfo 0xb06836c0)
06-05 23:01:05.064 W/InputDispatcher( 1631): channel '4adda20 com.evancharlton.mileage/com.evancharlton.mileage.Mileage (server)' ~ Consumer closed input channel or an error occurred.  events=0x9
06-05 23:01:05.065 E/InputDispatcher( 1631): channel '4adda20 com.evancharlton.mileage/com.evancharlton.mileage.Mileage (server)' ~ Channel is unrecoverably broken and will be disposed!
06-05 23:01:05.066 I/WindowManager( 1631): WIN DEATH: Window{4adda20 u0 com.evancharlton.mileage/com.evancharlton.mileage.Mileage EXITING}
06-05 23:01:05.066 W/InputDispatcher( 1631): Attempted to unregister already unregistered input channel '4adda20 com.evancharlton.mileage/com.evancharlton.mileage.Mileage (server)'
06-05 23:01:05.093 D/EGL_emulation( 1712): eglMakeCurrent: 0xb0685360: ver 2 0 (tinfo 0xb06836c0)
06-05 23:01:05.098 D/EGL_emulation( 1712): eglMakeCurrent: 0xb0685360: ver 2 0 (tinfo 0xb06836c0)
06-05 23:01:05.101 D/EGL_emulation( 1712): eglMakeCurrent: 0xb0685360: ver 2 0 (tinfo 0xb06836c0)
06-05 23:01:05.103 D/EGL_emulation( 1712): eglMakeCurrent: 0xb0685360: ver 2 0 (tinfo 0xb06836c0)
06-05 23:01:05.117 D/EGL_emulation( 1712): eglMakeCurrent: 0xb0685360: ver 2 0 (tinfo 0xb06836c0)
06-05 23:01:05.120 D/EGL_emulation( 1712): eglMakeCurrent: 0xb0685360: ver 2 0 (tinfo 0xb06836c0)
06-05 23:01:05.129 I/System.out(13583): URI: //ping
06-05 23:01:05.129 I/System.out(13583): params: {json={}
06-05 23:01:05.129 I/System.out(13583): }
06-05 23:01:05.132 I/System.out(13583): URI: //ping
06-05 23:01:05.132 I/System.out(13583): params: {json={}
06-05 23:01:05.132 I/System.out(13583): }
06-05 23:01:05.134 D/EGL_emulation( 1712): eglMakeCurrent: 0xb0685360: ver 2 0 (tinfo 0xb06836c0)
06-05 23:01:05.135 I/System.out(13583): URI: //ready
06-05 23:01:05.135 I/System.out(13583): params: {json={}
06-05 23:01:05.135 I/System.out(13583): }
06-05 23:01:05.138 I/System.out(13583): URI: //
06-05 23:01:05.138 I/System.out(13583): params: {json={"command":"version","arguments":[]}
06-05 23:01:05.138 I/System.out(13583): }
06-05 23:01:05.138 I/System.out(13583): header: {content-type=application/json;charset=utf-8, date=Sat, 06 Jun 2020 04:01:05 GMT, accept=*/*, host=127.0.0.1:34777, content-length=36, user-agent=HTTPClient/1.0 (2.8.3, ruby 2.5.1 (2018-03-29))}
06-05 23:01:05.138 I/System.out(13583): params: {json={"command":"version","arguments":[]}
06-05 23:01:05.138 I/System.out(13583): }
06-05 23:01:05.138 I/System.out(13583): ProP json = {"command":"version","arguments":[]}
06-05 23:01:05.138 I/System.out(13583): files: {}
06-05 23:01:05.138 I/System.out(13583): command: {"command":"version","arguments":[]}
06-05 23:01:05.142 I/InstrumentationBackend(13583): Got command:'Command:'Line:null,version', arguments:'[]'
06-05 23:01:05.149 I/System.out(13583): result:{"bonusInformation":[],"message":"0.9.8","success":true}
06-05 23:01:05.152 I/System.out(13583): URI: //start-application
06-05 23:01:05.152 I/System.out(13583): params: {json={"intent":null}
06-05 23:01:05.152 I/System.out(13583): }
06-05 23:01:05.171 I/ActivityManager( 1631): START u0 {act=android.intent.action.MAIN cat=[android.intent.category.LAUNCHER] flg=0x10200000 cmp=com.evancharlton.mileage/.Mileage} from uid 10326 on display 0
06-05 23:01:05.200 I/calabash(13583): newActivity1
06-05 23:01:05.216 I/calabash(13583): newActivity1
06-05 23:01:05.217 D/gralloc_ranchu( 1347): gralloc_alloc: Creating ashmem region of size 9023488
06-05 23:01:05.221 W/ActivityManager( 1631): Bad activity token: android.os.BinderProxy@3f3c6c8
06-05 23:01:05.221 W/ActivityManager( 1631): java.lang.ClassCastException: android.os.BinderProxy cannot be cast to com.android.server.am.ActivityRecord$Token
06-05 23:01:05.221 W/ActivityManager( 1631): 	at com.android.server.am.ActivityRecord.forTokenLocked(ActivityRecord.java:586)
06-05 23:01:05.221 W/ActivityManager( 1631): 	at com.android.server.am.ActivityRecord.isInStackLocked(ActivityRecord.java:1327)
06-05 23:01:05.221 W/ActivityManager( 1631): 	at com.android.server.am.ActivityRecord.getStackLocked(ActivityRecord.java:1332)
06-05 23:01:05.221 W/ActivityManager( 1631): 	at com.android.server.am.ActivityManagerService.getActivityDisplayId(ActivityManagerService.java:9806)
06-05 23:01:05.221 W/ActivityManager( 1631): 	at android.app.ActivityManagerNative.onTransact(ActivityManagerNative.java:2566)
06-05 23:01:05.221 W/ActivityManager( 1631): 	at com.android.server.am.ActivityManagerService.onTransact(ActivityManagerService.java:2757)
06-05 23:01:05.221 W/ActivityManager( 1631): 	at android.os.Binder.execTransact(Binder.java:565)
06-05 23:01:05.223 W/ActivityManager( 1631): Bad activity token: android.os.BinderProxy@3f3c6c8
06-05 23:01:05.223 W/ActivityManager( 1631): java.lang.ClassCastException: android.os.BinderProxy cannot be cast to com.android.server.am.ActivityRecord$Token
06-05 23:01:05.223 W/ActivityManager( 1631): 	at com.android.server.am.ActivityRecord.forTokenLocked(ActivityRecord.java:586)
06-05 23:01:05.223 W/ActivityManager( 1631): 	at com.android.server.am.ActivityRecord.isInStackLocked(ActivityRecord.java:1327)
06-05 23:01:05.223 W/ActivityManager( 1631): 	at com.android.server.am.ActivityManagerService.setTaskDescription(ActivityManagerService.java:9358)
06-05 23:01:05.223 W/ActivityManager( 1631): 	at android.app.ActivityManagerNative.onTransact(ActivityManagerNative.java:2639)
06-05 23:01:05.223 W/ActivityManager( 1631): 	at com.android.server.am.ActivityManagerService.onTransact(ActivityManagerService.java:2757)
06-05 23:01:05.223 W/ActivityManager( 1631): 	at android.os.Binder.execTransact(Binder.java:565)
06-05 23:01:05.224 W/ActivityManager( 1631): Bad activity token: android.os.BinderProxy@3f3c6c8
06-05 23:01:05.224 W/ActivityManager( 1631): java.lang.ClassCastException: android.os.BinderProxy cannot be cast to com.android.server.am.ActivityRecord$Token
06-05 23:01:05.224 W/ActivityManager( 1631): 	at com.android.server.am.ActivityRecord.forTokenLocked(ActivityRecord.java:586)
06-05 23:01:05.224 W/ActivityManager( 1631): 	at com.android.server.am.ActivityRecord.isInStackLocked(ActivityRecord.java:1327)
06-05 23:01:05.224 W/ActivityManager( 1631): 	at com.android.server.am.ActivityRecord.getStackLocked(ActivityRecord.java:1332)
06-05 23:01:05.224 W/ActivityManager( 1631): 	at com.android.server.am.ActivityManagerService.getActivityStackId(ActivityManagerService.java:9817)
06-05 23:01:05.224 W/ActivityManager( 1631): 	at android.app.ActivityManagerNative.onTransact(ActivityManagerNative.java:2856)
06-05 23:01:05.224 W/ActivityManager( 1631): 	at com.android.server.am.ActivityManagerService.onTransact(ActivityManagerService.java:2757)
06-05 23:01:05.224 W/ActivityManager( 1631): 	at android.os.Binder.execTransact(Binder.java:565)
06-05 23:01:05.243 W/ActivityManager( 1631): Bad activity token: android.os.BinderProxy@3f3c6c8
06-05 23:01:05.243 W/ActivityManager( 1631): java.lang.ClassCastException: android.os.BinderProxy cannot be cast to com.android.server.am.ActivityRecord$Token
06-05 23:01:05.243 W/ActivityManager( 1631): 	at com.android.server.am.ActivityRecord.forTokenLocked(ActivityRecord.java:586)
06-05 23:01:05.243 W/ActivityManager( 1631): 	at com.android.server.am.ActivityRecord.isInStackLocked(ActivityRecord.java:1327)
06-05 23:01:05.243 W/ActivityManager( 1631): 	at com.android.server.am.ActivityManagerService.getActivityOptions(ActivityManagerService.java:12559)
06-05 23:01:05.243 W/ActivityManager( 1631): 	at android.app.ActivityManagerNative.onTransact(ActivityManagerNative.java:1933)
06-05 23:01:05.243 W/ActivityManager( 1631): 	at com.android.server.am.ActivityManagerService.onTransact(ActivityManagerService.java:2757)
06-05 23:01:05.243 W/ActivityManager( 1631): 	at android.os.Binder.execTransact(Binder.java:565)
06-05 23:01:05.243 W/ActivityManager( 1631): Bad activity token: android.os.BinderProxy@3f3c6c8
06-05 23:01:05.243 W/ActivityManager( 1631): java.lang.ClassCastException: android.os.BinderProxy cannot be cast to com.android.server.am.ActivityRecord$Token
06-05 23:01:05.243 W/ActivityManager( 1631): 	at com.android.server.am.ActivityRecord.forTokenLocked(ActivityRecord.java:586)
06-05 23:01:05.243 W/ActivityManager( 1631): 	at com.android.server.am.ActivityRecord.isInStackLocked(ActivityRecord.java:1327)
06-05 23:01:05.243 W/ActivityManager( 1631): 	at com.android.server.am.ActivityManagerService.getActivityOptions(ActivityManagerService.java:12559)
06-05 23:01:05.243 W/ActivityManager( 1631): 	at android.app.ActivityManagerNative.onTransact(ActivityManagerNative.java:1933)
06-05 23:01:05.243 W/ActivityManager( 1631): 	at com.android.server.am.ActivityManagerService.onTransact(ActivityManagerService.java:2757)
06-05 23:01:05.243 W/ActivityManager( 1631): 	at android.os.Binder.execTransact(Binder.java:565)
06-05 23:01:05.247 V/PhoneStatusBar( 1712): setLightsOn(true)
06-05 23:01:05.251 D/EGL_emulation( 2076): eglMakeCurrent: 0xb0685360: ver 2 0 (tinfo 0xb06836b0)
06-05 23:01:05.251 D/EGL_emulation( 1712): eglMakeCurrent: 0xb0685360: ver 2 0 (tinfo 0xb06836c0)
06-05 23:01:05.267 D/EGL_emulation( 1712): eglMakeCurrent: 0xb0685360: ver 2 0 (tinfo 0xb06836c0)
06-05 23:01:05.269 D/EGL_emulation( 1712): eglMakeCurrent: 0xb0685360: ver 2 0 (tinfo 0xb06836c0)
06-05 23:01:05.270 V/PhoneStatusBar( 1712): setLightsOn(true)
06-05 23:01:05.283 D/gralloc_ranchu( 1347): gralloc_alloc: Creating ashmem region of size 9023488
06-05 23:01:05.284 D/EGL_emulation( 1712): eglMakeCurrent: 0xb0685360: ver 2 0 (tinfo 0xb06836c0)
06-05 23:01:05.288 D/        (13583): HostConnection::get() New Host Connection established 0x9421f0c0, tid 13583
06-05 23:01:05.288 D/EGL_emulation( 1712): eglMakeCurrent: 0xb0685360: ver 2 0 (tinfo 0xb06836c0)
06-05 23:01:05.289 V/PhoneStatusBar( 1712): setLightsOn(true)
06-05 23:01:05.318 D/EGL_emulation( 1712): eglMakeCurrent: 0xb0685360: ver 2 0 (tinfo 0xb06836c0)
06-05 23:01:05.321 D/EGL_emulation( 1712): eglMakeCurrent: 0xb0685360: ver 2 0 (tinfo 0xb06836c0)
06-05 23:01:05.322 D/EGL_emulation( 1712): eglMakeCurrent: 0xb0685360: ver 2 0 (tinfo 0xb06836c0)
06-05 23:01:05.324 D/EGL_emulation( 1712): eglMakeCurrent: 0xb0685360: ver 2 0 (tinfo 0xb06836c0)
06-05 23:01:05.333 I/WindowManager( 1631): Destroying surface Surface(name=com.evancharlton.mileage/com.evancharlton.mileage.Mileage) called by com.android.server.wm.WindowStateAnimator.destroySurface:2016 com.android.server.wm.WindowStateAnimator.destroySurfaceLocked:882 com.android.server.wm.WindowState.removeLocked:1456 com.android.server.wm.WindowManagerService.removeWindowInnerLocked:2484 com.android.server.wm.AppWindowToken.destroySurfaces:365 com.android.server.wm.WindowStateAnimator.finishExit:565 com.android.server.wm.AppWindowAnimator.stepAnimationLocked:427 com.android.server.wm.WindowAnimator.updateAppWindowsLocked:196 
06-05 23:01:05.334 D/EGL_emulation( 1712): eglMakeCurrent: 0xb0685360: ver 2 0 (tinfo 0xb06836c0)
06-05 23:01:05.336 D/EGL_emulation( 1712): eglMakeCurrent: 0xb0685360: ver 2 0 (tinfo 0xb06836c0)
06-05 23:01:05.337 I/ActivityManager( 1631): Displayed com.evancharlton.mileage/.Mileage: +149ms
06-05 23:01:05.350 D/gralloc_ranchu( 1347): gralloc_alloc: Creating ashmem region of size 9023488
06-05 23:01:05.361 D/EGL_emulation( 1712): eglMakeCurrent: 0xb0685360: ver 2 0 (tinfo 0xb06836c0)
06-05 23:01:05.364 D/EGL_emulation( 1712): eglMakeCurrent: 0xb0685360: ver 2 0 (tinfo 0xb06836c0)
06-05 23:01:05.374 D/EGL_emulation( 1712): eglMakeCurrent: 0xb0685360: ver 2 0 (tinfo 0xb06836c0)
06-05 23:01:05.377 D/EGL_emulation( 1712): eglMakeCurrent: 0xb0685360: ver 2 0 (tinfo 0xb06836c0)
06-05 23:01:05.378 V/PhoneStatusBar( 1712): setLightsOn(true)
06-05 23:01:05.387 D/EGL_emulation( 1712): eglMakeCurrent: 0xb0685360: ver 2 0 (tinfo 0xb06836c0)
06-05 23:01:05.389 D/EGL_emulation( 1712): eglMakeCurrent: 0xb0685360: ver 2 0 (tinfo 0xb06836c0)
06-05 23:01:05.394 I/System.out(13583): URI: //map
06-05 23:01:05.394 I/System.out(13583): params: {json={"query":"* marked:'Statistics'","operation":{"method_name":"query","arguments":[]}}
06-05 23:01:05.394 I/System.out(13583): }
06-05 23:01:05.401 D/EGL_emulation( 1712): eglMakeCurrent: 0xb0685360: ver 2 0 (tinfo 0xb06836c0)
06-05 23:01:05.403 D/EGL_emulation( 1712): eglMakeCurrent: 0xb0685360: ver 2 0 (tinfo 0xb06836c0)
06-05 23:01:05.409 W/ResourceType(13583): No package identifier when getting name for resource number 0x00000001
06-05 23:01:05.417 D/EGL_emulation( 1712): eglMakeCurrent: 0xb0685360: ver 2 0 (tinfo 0xb06836c0)
06-05 23:01:05.419 D/EGL_emulation( 1712): eglMakeCurrent: 0xb0685360: ver 2 0 (tinfo 0xb06836c0)
06-05 23:01:05.423 I/System.out(13583): URI: //gesture
06-05 23:01:05.423 I/System.out(13583): params: {json={"query_timeout":5.0,"gestures":[{"query_string":"* marked:'Statistics'","touches":[{"x":50,"y":50,"offset_x":0,"offset_y":0,"wait":0.0,"time":0.2,"release":true,"query_string":null}]}]}
06-05 23:01:05.423 I/System.out(13583): }
06-05 23:01:05.428 W/ResourceType(13583): No package identifier when getting name for resource number 0x00000001
06-05 23:01:05.435 D/EGL_emulation( 1712): eglMakeCurrent: 0xb0685360: ver 2 0 (tinfo 0xb06836c0)
06-05 23:01:05.447 D/EGL_emulation( 1712): eglMakeCurrent: 0xb0685360: ver 2 0 (tinfo 0xb06836c0)
06-05 23:01:05.451 D/EGL_emulation( 1712): eglMakeCurrent: 0xb0685360: ver 2 0 (tinfo 0xb06836c0)
06-05 23:01:05.466 D/EGL_emulation( 1712): eglMakeCurrent: 0xb0685360: ver 2 0 (tinfo 0xb06836c0)
06-05 23:01:05.475 D/EGL_emulation( 1712): eglMakeCurrent: 0xb0685360: ver 2 0 (tinfo 0xb06836c0)
06-05 23:01:05.534 I/WindowManager( 1631): Destroying surface Surface(name=Starting com.evancharlton.mileage) called by com.android.server.wm.WindowStateAnimator.destroySurface:2016 com.android.server.wm.WindowStateAnimator.destroySurfaceLocked:882 com.android.server.wm.WindowState.destroyOrSaveSurface:2100 com.android.server.wm.AppWindowToken.destroySurfaces:363 com.android.server.wm.WindowStateAnimator.finishExit:565 com.android.server.wm.WindowStateAnimator.stepAnimationLocked:491 com.android.server.wm.WindowAnimator.updateWindowsLocked:303 com.android.server.wm.WindowAnimator.animateLocked:704 
06-05 23:01:05.538 V/PhoneStatusBar( 1712): setLightsOn(true)
06-05 23:01:05.544 V/PhoneStatusBar( 1712): setLightsOn(true)
06-05 23:01:05.655 I/calabash(13583): newActivity1
06-05 23:01:05.676 W/ActivityManager( 1631): Bad activity token: android.os.BinderProxy@1a33ec2
06-05 23:01:05.676 W/ActivityManager( 1631): java.lang.ClassCastException: android.os.BinderProxy cannot be cast to com.android.server.am.ActivityRecord$Token
06-05 23:01:05.676 W/ActivityManager( 1631): 	at com.android.server.am.ActivityRecord.forTokenLocked(ActivityRecord.java:586)
06-05 23:01:05.676 W/ActivityManager( 1631): 	at com.android.server.am.ActivityRecord.isInStackLocked(ActivityRecord.java:1327)
06-05 23:01:05.676 W/ActivityManager( 1631): 	at com.android.server.am.ActivityRecord.getStackLocked(ActivityRecord.java:1332)
06-05 23:01:05.676 W/ActivityManager( 1631): 	at com.android.server.am.ActivityManagerService.getActivityDisplayId(ActivityManagerService.java:9806)
06-05 23:01:05.676 W/ActivityManager( 1631): 	at android.app.ActivityManagerNative.onTransact(ActivityManagerNative.java:2566)
06-05 23:01:05.676 W/ActivityManager( 1631): 	at com.android.server.am.ActivityManagerService.onTransact(ActivityManagerService.java:2757)
06-05 23:01:05.676 W/ActivityManager( 1631): 	at android.os.Binder.execTransact(Binder.java:565)
06-05 23:01:05.676 I/System.out(13583): URI: //map
06-05 23:01:05.676 I/System.out(13583): params: {json={"query":"android.widget.ScrollView index:0","operation":{"method_name":"query","arguments":[]}}
06-05 23:01:05.676 I/System.out(13583): }
06-05 23:01:05.677 W/ActivityManager( 1631): Bad activity token: android.os.BinderProxy@1a33ec2
06-05 23:01:05.677 W/ActivityManager( 1631): java.lang.ClassCastException: android.os.BinderProxy cannot be cast to com.android.server.am.ActivityRecord$Token
06-05 23:01:05.677 W/ActivityManager( 1631): 	at com.android.server.am.ActivityRecord.forTokenLocked(ActivityRecord.java:586)
06-05 23:01:05.677 W/ActivityManager( 1631): 	at com.android.server.am.ActivityRecord.isInStackLocked(ActivityRecord.java:1327)
06-05 23:01:05.677 W/ActivityManager( 1631): 	at com.android.server.am.ActivityManagerService.setTaskDescription(ActivityManagerService.java:9358)
06-05 23:01:05.677 W/ActivityManager( 1631): 	at android.app.ActivityManagerNative.onTransact(ActivityManagerNative.java:2639)
06-05 23:01:05.677 W/ActivityManager( 1631): 	at com.android.server.am.ActivityManagerService.onTransact(ActivityManagerService.java:2757)
06-05 23:01:05.677 W/ActivityManager( 1631): 	at android.os.Binder.execTransact(Binder.java:565)
06-05 23:01:05.677 W/ActivityManager( 1631): Bad activity token: android.os.BinderProxy@1a33ec2
06-05 23:01:05.677 W/ActivityManager( 1631): java.lang.ClassCastException: android.os.BinderProxy cannot be cast to com.android.server.am.ActivityRecord$Token
06-05 23:01:05.677 W/ActivityManager( 1631): 	at com.android.server.am.ActivityRecord.forTokenLocked(ActivityRecord.java:586)
06-05 23:01:05.677 W/ActivityManager( 1631): 	at com.android.server.am.ActivityRecord.isInStackLocked(ActivityRecord.java:1327)
06-05 23:01:05.677 W/ActivityManager( 1631): 	at com.android.server.am.ActivityRecord.getStackLocked(ActivityRecord.java:1332)
06-05 23:01:05.677 W/ActivityManager( 1631): 	at com.android.server.am.ActivityManagerService.getActivityStackId(ActivityManagerService.java:9817)
06-05 23:01:05.677 W/ActivityManager( 1631): 	at android.app.ActivityManagerNative.onTransact(ActivityManagerNative.java:2856)
06-05 23:01:05.677 W/ActivityManager( 1631): 	at com.android.server.am.ActivityManagerService.onTransact(ActivityManagerService.java:2757)
06-05 23:01:05.677 W/ActivityManager( 1631): 	at android.os.Binder.execTransact(Binder.java:565)
06-05 23:01:05.682 D/VehicleStatisticsActivity(13583): Checking recalculation ...
06-05 23:01:05.683 D/VehicleStatisticsActivity(13583): Recalculation not necessary.
06-05 23:01:05.684 V/PhoneStatusBar( 1712): setLightsOn(true)
06-05 23:01:05.684 W/ActivityManager( 1631): Bad activity token: android.os.BinderProxy@1a33ec2
06-05 23:01:05.684 W/ActivityManager( 1631): java.lang.ClassCastException: android.os.BinderProxy cannot be cast to com.android.server.am.ActivityRecord$Token
06-05 23:01:05.684 W/ActivityManager( 1631): 	at com.android.server.am.ActivityRecord.forTokenLocked(ActivityRecord.java:586)
06-05 23:01:05.684 W/ActivityManager( 1631): 	at com.android.server.am.ActivityRecord.isInStackLocked(ActivityRecord.java:1327)
06-05 23:01:05.684 W/ActivityManager( 1631): 	at com.android.server.am.ActivityManagerService.getActivityOptions(ActivityManagerService.java:12559)
06-05 23:01:05.684 W/ActivityManager( 1631): 	at android.app.ActivityManagerNative.onTransact(ActivityManagerNative.java:1933)
06-05 23:01:05.684 W/ActivityManager( 1631): 	at com.android.server.am.ActivityManagerService.onTransact(ActivityManagerService.java:2757)
06-05 23:01:05.684 W/ActivityManager( 1631): 	at android.os.Binder.execTransact(Binder.java:565)
06-05 23:01:05.684 W/ActivityManager( 1631): Bad activity token: android.os.BinderProxy@1a33ec2
06-05 23:01:05.684 W/ActivityManager( 1631): java.lang.ClassCastException: android.os.BinderProxy cannot be cast to com.android.server.am.ActivityRecord$Token
06-05 23:01:05.684 W/ActivityManager( 1631): 	at com.android.server.am.ActivityRecord.forTokenLocked(ActivityRecord.java:586)
06-05 23:01:05.684 W/ActivityManager( 1631): 	at com.android.server.am.ActivityRecord.isInStackLocked(ActivityRecord.java:1327)
06-05 23:01:05.684 W/ActivityManager( 1631): 	at com.android.server.am.ActivityManagerService.getActivityOptions(ActivityManagerService.java:12559)
06-05 23:01:05.684 W/ActivityManager( 1631): 	at android.app.ActivityManagerNative.onTransact(ActivityManagerNative.java:1933)
06-05 23:01:05.684 W/ActivityManager( 1631): 	at com.android.server.am.ActivityManagerService.onTransact(ActivityManagerService.java:2757)
06-05 23:01:05.684 W/ActivityManager( 1631): 	at android.os.Binder.execTransact(Binder.java:565)
06-05 23:01:05.686 D/VehicleStatisticsActivity(13583): Checking recalculation ...
06-05 23:01:05.686 D/VehicleStatisticsActivity(13583): Recalculation not necessary.
06-05 23:01:05.736 I/System.out(13583): URI: //map
06-05 23:01:05.736 I/System.out(13583): params: {json={"query":"android.widget.AbsListView index:0","operation":{"method_name":"query","arguments":[]}}
06-05 23:01:05.736 I/System.out(13583): }
06-05 23:01:05.740 I/art     (13583): Do partial code cache collection, code=30KB, data=29KB
06-05 23:01:05.740 I/art     (13583): After code cache collection, code=29KB, data=28KB
06-05 23:01:05.740 I/art     (13583): Increasing code cache capacity to 128KB
06-05 23:01:05.749 I/System.out(13583): URI: //map
06-05 23:01:05.749 I/System.out(13583): params: {json={"query":"android.widget.AbsListView index:0","operation":{"method_name":"query","arguments":[]}}
06-05 23:01:05.749 I/System.out(13583): }
06-05 23:01:05.763 I/System.out(13583): URI: //map
06-05 23:01:05.763 I/System.out(13583): params: {json={"query":"android.widget.AbsListView index:0","operation":{"method_name":"query","arguments":[]}}
06-05 23:01:05.763 I/System.out(13583): }
06-05 23:01:05.779 I/System.out(13583): URI: //map
06-05 23:01:05.779 I/System.out(13583): params: {json={"query":"android.widget.AbsListView index:0","operation":{"method_name":"query","arguments":["getFirstVisiblePosition"]}}
06-05 23:01:05.779 I/System.out(13583): }
06-05 23:01:05.791 I/System.out(13583): URI: //map
06-05 23:01:05.791 I/System.out(13583): params: {json={"query":"android.widget.AbsListView index:0","operation":{"method_name":"query","arguments":["getLastVisiblePosition"]}}
06-05 23:01:05.791 I/System.out(13583): }
06-05 23:01:05.806 I/System.out(13583): URI: //map
06-05 23:01:05.806 I/System.out(13583): params: {json={"query":"android.widget.AbsListView index:0","operation":{"method_name":"query","arguments":[{"method_name":"setSelection","arguments":[26]}]}}
06-05 23:01:05.806 I/System.out(13583): }
06-05 23:01:05.825 I/System.out(13583): URI: //map
06-05 23:01:05.825 I/System.out(13583): params: {json={"query":"* marked:'Largest fillup'","operation":{"method_name":"query","arguments":[]}}
06-05 23:01:05.825 I/System.out(13583): }
06-05 23:01:05.857 D/gralloc_ranchu( 1347): gralloc_alloc: Creating ashmem region of size 9023488
06-05 23:01:05.896 W/ResourceType(13583): No package identifier when getting name for resource number 0x00000001
06-05 23:01:05.908 I/System.out(13583): URI: //gesture
06-05 23:01:05.908 I/System.out(13583): params: {json={"query_timeout":5.0,"gestures":[{"query_string":"* marked:'Largest fillup'","touches":[{"x":50,"y":50,"offset_x":0,"offset_y":0,"wait":0.0,"time":0.2,"release":true,"query_string":null}]}]}
06-05 23:01:05.908 I/System.out(13583): }
06-05 23:01:05.912 W/ResourceType(13583): No package identifier when getting name for resource number 0x00000001
06-05 23:01:05.983 V/PhoneStatusBar( 1712): setLightsOn(true)
06-05 23:01:05.984 V/PhoneStatusBar( 1712): setLightsOn(true)
06-05 23:01:05.985 W/OpenGLRenderer( 2076): Incorrectly called buildLayer on View: ShortcutAndWidgetContainer, destroying layer...
06-05 23:01:06.000 I/WindowManager( 1631): Destroying surface Surface(name=com.android.launcher3/com.android.launcher3.Launcher) called by com.android.server.wm.WindowStateAnimator.destroySurface:2016 com.android.server.wm.WindowStateAnimator.destroySurfaceLocked:882 com.android.server.wm.WindowState.destroyOrSaveSurface:2100 com.android.server.wm.AppWindowToken.destroySurfaces:363 com.android.server.wm.AppWindowToken.notifyAppStopped:389 com.android.server.wm.WindowManagerService.notifyAppStopped:4463 com.android.server.am.ActivityStack.activityStoppedLocked:1252 com.android.server.am.ActivityManagerService.activityStopped:6903 
06-05 23:01:06.001 V/PhoneStatusBar( 1712): setLightsOn(true)
06-05 23:01:06.134 I/ActivityManager( 1631): START u0 {cmp=com.evancharlton.mileage/.charts.MaximumVolumeChart (has extras)} from uid 10326 on display 0
06-05 23:01:06.135 V/PhoneStatusBar( 1712): setLightsOn(true)
06-05 23:01:06.136 V/PhoneStatusBar( 1712): setLightsOn(true)
06-05 23:01:06.145 I/System.out(13583): URI: //map
06-05 23:01:06.145 I/System.out(13583): params: {json={"query":"* {text CONTAINS[c] 'Largest fillup size'}","operation":{"method_name":"query","arguments":[]}}
06-05 23:01:06.145 I/System.out(13583): }
06-05 23:01:06.187 I/calabash(13583): newActivity1
06-05 23:01:06.189 W/aiCharts(13583): License file is invalid or missing. 
06-05 23:01:06.189 W/aiCharts(13583): Please place proper license.lic to /assets folder.
06-05 23:01:06.205 V/PhoneStatusBar( 1712): setLightsOn(true)
06-05 23:01:06.233 V/PhoneStatusBar( 1712): setLightsOn(true)
06-05 23:01:06.239 I/WindowManager( 1631): Destroying surface Surface(name=Creating chart…) called by com.android.server.wm.WindowStateAnimator.destroySurface:2016 com.android.server.wm.WindowStateAnimator.destroySurfaceLocked:882 com.android.server.wm.WindowState.removeLocked:1456 com.android.server.wm.WindowManagerService.removeWindowInnerLocked:2484 com.android.server.wm.WindowManagerService.removeWindowLocked:2442 com.android.server.wm.WindowManagerService.removeWindowLocked:2311 com.android.server.wm.WindowManagerService.removeWindow:2306 com.android.server.wm.Session.remove:202 
06-05 23:01:06.242 D/gralloc_ranchu( 1347): gralloc_alloc: Creating ashmem region of size 9023488
06-05 23:01:06.250 V/PhoneStatusBar( 1712): setLightsOn(true)
06-05 23:01:06.268 I/ActivityManager( 1631): Displayed com.evancharlton.mileage/.charts.MaximumVolumeChart: +83ms
06-05 23:01:06.283 V/PhoneStatusBar( 1712): setLightsOn(true)
06-05 23:01:06.300 V/PhoneStatusBar( 1712): setLightsOn(true)
06-05 23:01:06.500 V/PhoneStatusBar( 1712): setLightsOn(true)
06-05 23:01:06.519 I/System.out(13583): URI: //map
06-05 23:01:06.519 I/System.out(13583): params: {json={"query":"* {text CONTAINS[c] 'Largest fillup size'}","operation":{"method_name":"query","arguments":[]}}
06-05 23:01:06.519 I/System.out(13583): }
06-05 23:01:06.535 I/System.out(13583): URI: //
06-05 23:01:06.535 I/System.out(13583): params: {json={"command":"press_key","arguments":["KEYCODE_BACK"]}
06-05 23:01:06.535 I/System.out(13583): }
06-05 23:01:06.536 I/System.out(13583): header: {content-type=application/json;charset=utf-8, date=Sat, 06 Jun 2020 04:01:06 GMT, accept=*/*, host=127.0.0.1:34777, content-length=52, user-agent=HTTPClient/1.0 (2.8.3, ruby 2.5.1 (2018-03-29))}
06-05 23:01:06.536 I/System.out(13583): params: {json={"command":"press_key","arguments":["KEYCODE_BACK"]}
06-05 23:01:06.536 I/System.out(13583): }
06-05 23:01:06.536 I/System.out(13583): ProP json = {"command":"press_key","arguments":["KEYCODE_BACK"]}
06-05 23:01:06.536 I/System.out(13583): files: {}
06-05 23:01:06.536 I/System.out(13583): command: {"command":"press_key","arguments":["KEYCODE_BACK"]}
06-05 23:01:06.536 I/InstrumentationBackend(13583): Got command:'Command:'Line:null,press_key', arguments:'[KEYCODE_BACK]'
06-05 23:01:06.539 V/PhoneStatusBar( 1712): setLightsOn(true)
06-05 23:01:06.540 V/PhoneStatusBar( 1712): setLightsOn(true)
06-05 23:01:06.542 I/art     (13583): Do partial code cache collection, code=60KB, data=62KB
06-05 23:01:06.542 I/art     (13583): After code cache collection, code=59KB, data=61KB
06-05 23:01:06.542 I/art     (13583): Increasing code cache capacity to 256KB
06-05 23:01:06.542 D/VehicleStatisticsActivity(13583): Checking recalculation ...
06-05 23:01:06.543 D/VehicleStatisticsActivity(13583): Recalculation not necessary.
06-05 23:01:06.543 I/System.out(13583): result:{"bonusInformation":[],"message":"","success":true}
06-05 23:01:06.545 I/System.out(13583): URI: //map
06-05 23:01:06.545 I/System.out(13583): params: {json={"query":"* {text CONTAINS[c] 'Statistics'}","operation":{"method_name":"query","arguments":[]}}
06-05 23:01:06.545 I/System.out(13583): }
06-05 23:01:06.550 V/PhoneStatusBar( 1712): setLightsOn(true)
06-05 23:01:06.566 D/gralloc_ranchu( 1347): gralloc_alloc: Creating ashmem region of size 9023488
06-05 23:01:06.567 V/PhoneStatusBar( 1712): setLightsOn(true)
06-05 23:01:06.583 V/PhoneStatusBar( 1712): setLightsOn(true)
06-05 23:01:06.600 V/PhoneStatusBar( 1712): setLightsOn(true)
