--------- beginning of main
06-05 15:49:46.501 D/AndroidRuntime(17195): >>>>>> START com.android.internal.os.RuntimeInit uid 2000 <<<<<<
06-05 15:49:46.502 D/AndroidRuntime(17195): CheckJNI is ON
06-05 15:49:46.513 W/art     (17195): Unexpected CPU variant for X86 using defaults: x86
06-05 15:49:46.515 D/ICU     (17195): No timezone override file found: /data/misc/zoneinfo/current/icu/icu_tzdata.dat
06-05 15:49:46.522 E/memtrack(17195): Couldn't load memtrack module (No such file or directory)
06-05 15:49:46.522 E/android.os.Debug(17195): failed to load memtrack module: -2
06-05 15:49:46.523 I/Radio-JNI(17195): register_android_hardware_Radio DONE
06-05 15:49:46.526 D/AndroidRuntime(17195): Calling main entry com.android.commands.am.Am
--------- beginning of system
06-05 15:49:46.528 I/ActivityManager( 1630): Force stopping com.evancharlton.mileage appid=10086 user=0: start instr
06-05 15:49:46.530 I/art     (17205): Not late-enabling -Xcheck:jni (already on)
06-05 15:49:46.530 W/art     (17205): Unexpected CPU variant for X86 using defaults: x86
06-05 15:49:46.538 I/ActivityManager( 1630): Start proc 17205:com.evancharlton.mileage/u0a86 for added application com.evancharlton.mileage
06-05 15:49:46.539 D/AndroidRuntime(17195): Shutting down VM
06-05 15:49:46.543 W/System  (17205): ClassLoader referenced unknown path: /data/app/com.evancharlton.mileage.test-1/lib/x86
06-05 15:49:46.543 W/System  (17205): ClassLoader referenced unknown path: /data/app/com.evancharlton.mileage-1/lib/x86
06-05 15:49:46.544 W/System  (17205): ClassLoader referenced unknown path: 
06-05 15:49:46.548 I/System.out(17205): Main activity name automatically set to: com.evancharlton.mileage.Mileage
06-05 15:49:46.548 I/System.out(17205): Calabash did not load Mono. This is only a problem if you are trying to test a Mono application
06-05 15:49:46.549 I/calabash(17205): Test server port: 7102
06-05 15:49:46.549 I/InstrumentationBackend(17205): Added:'GetPreferences', with key:'get_preferences'
06-05 15:49:46.553 I/InstrumentationBackend(17205): Added:'SetPreferences', with key:'set_preferences'
06-05 15:49:46.553 I/InstrumentationBackend(17205): Added:'ClearPreferences', with key:'clear_preferences'
06-05 15:49:46.553 I/InstrumentationBackend(17205): Added:'PressElement', with key:'press_l10n_element'
06-05 15:49:46.553 I/InstrumentationBackend(17205): Added:'WaitForElement', with key:'wait_for_l10n_element'
06-05 15:49:46.553 I/InstrumentationBackend(17205): Added:'NullAction', with key:'nullAction'
06-05 15:49:46.553 I/InstrumentationBackend(17205): Added:'PressKey', with key:'press_key'
06-05 15:49:46.553 I/InstrumentationBackend(17205): Added:'SetActivityOrientation', with key:'set_activity_orientation'
06-05 15:49:46.553 I/InstrumentationBackend(17205): Added:'GetActivityOrientation', with key:'get_activity_orientation'
06-05 15:49:46.553 I/InstrumentationBackend(17205): Added:'FakeGPSLocation', with key:'set_gps_coordinates'
06-05 15:49:46.554 I/InstrumentationBackend(17205): Added:'SetPropertyByCssSelector', with key:'set_property_by_css_selector'
06-05 15:49:46.554 I/InstrumentationBackend(17205): Added:'GetUrl', with key:'get_url'
06-05 15:49:46.554 I/InstrumentationBackend(17205): Added:'ScrollTo', with key:'scroll_to'
06-05 15:49:46.554 I/InstrumentationBackend(17205): Added:'GetLoadProgress', with key:'get_load_progress'
06-05 15:49:46.554 I/InstrumentationBackend(17205): Added:'DumpHtml', with key:'dump_html'
06-05 15:49:46.554 I/InstrumentationBackend(17205): Added:'DumpBodyHtml', with key:'dump_body_html'
06-05 15:49:46.554 I/InstrumentationBackend(17205): Added:'EnterTextByCssSelector', with key:'enter_text_by_selector'
06-05 15:49:46.554 I/InstrumentationBackend(17205): Added:'AndroidSDKVersion', with key:'android_sdk_version'
06-05 15:49:46.554 I/InstrumentationBackend(17205): Added:'Version', with key:'version'
06-05 15:49:46.554 I/InstrumentationBackend(17205): Added:'Drag', with key:'drag'
06-05 15:49:46.554 I/InstrumentationBackend(17205): Added:'TouchCoordinates', with key:'touch_coordinate'
06-05 15:49:46.554 I/InstrumentationBackend(17205): Added:'LongPressCoordinate', with key:'long_press_coordinate'
06-05 15:49:46.555 I/InstrumentationBackend(17205): Added:'DragCoordinates', with key:'drag_coordinates'
06-05 15:49:46.555 I/InstrumentationBackend(17205): Added:'ResumeApplication', with key:'resume_application'
06-05 15:49:46.555 I/InstrumentationBackend(17205): Added:'Swipe', with key:'swipe'
06-05 15:49:46.555 I/InstrumentationBackend(17205): Added:'DoubleTapCoordinate', with key:'double_tap_coordinate'
06-05 15:49:46.555 I/InstrumentationBackend(17205): Added:'ClickOnScreen', with key:'click_on_screen'
06-05 15:49:46.555 I/InstrumentationBackend(17205): Added:'GetActivityName', with key:'get_activity_name'
06-05 15:49:46.555 I/InstrumentationBackend(17205): Added:'ScrollToView', with key:'scroll_to_view'
06-05 15:49:46.555 I/InstrumentationBackend(17205): Added:'ViewConfiguration', with key:'view_configuration'
06-05 15:49:46.555 I/InstrumentationBackend(17205): Added:'IsCurrentActivityFocused', with key:'is_current_activity_focused'
06-05 15:49:46.555 I/InstrumentationBackend(17205): Added:'SendTcp', with key:'send_tcp'
06-05 15:49:46.555 I/InstrumentationBackend(17205): Added:'DpToDevicePixel', with key:'dp_to_device_pixel'
06-05 15:49:46.555 I/InstrumentationBackend(17205): Added:'KeyboardEnterText', with key:'keyboard_enter_text'
06-05 15:49:46.555 I/InstrumentationBackend(17205): Added:'DeleteSurroundingText', with key:'delete_surrounding_text'
06-05 15:49:46.555 I/InstrumentationBackend(17205): Added:'SetComposingRegion', with key:'set_composing_region'
06-05 15:49:46.555 I/InstrumentationBackend(17205): Added:'SetSelection', with key:'set_selection'
06-05 15:49:46.555 I/InstrumentationBackend(17205): Added:'KeyboardKeyEvent', with key:'keyboard_key_event'
06-05 15:49:46.555 I/InstrumentationBackend(17205): Added:'PressUserActionButton', with key:'press_user_action_button'
06-05 15:49:46.555 I/InstrumentationBackend(17205): Added:'HideSoftKeyboard', with key:'hide_soft_keyboard'
06-05 15:49:46.555 I/InstrumentationBackend(17205): Added:'ListActions', with key:'list_actions'
06-05 15:49:46.555 I/calabash(17205): Instantiating http server at 7102
06-05 15:49:46.556 I/System.out(17205): HTTP Daemon listening on: 7102
06-05 15:49:46.559 W/OpenGLRenderer( 2099): Incorrectly called buildLayer on View: ShortcutAndWidgetContainer, destroying layer...
06-05 15:49:46.651 I/System.out(17205): URI: //ping
06-05 15:49:46.651 I/System.out(17205): params: {json={}
06-05 15:49:46.651 I/System.out(17205): }
06-05 15:49:46.658 I/System.out(17205): URI: //ping
06-05 15:49:46.658 I/System.out(17205): params: {json={}
06-05 15:49:46.658 I/System.out(17205): }
06-05 15:49:46.664 I/System.out(17205): URI: //ready
06-05 15:49:46.664 I/System.out(17205): params: {json={}
06-05 15:49:46.664 I/System.out(17205): }
06-05 15:49:46.670 I/System.out(17205): URI: //
06-05 15:49:46.670 I/System.out(17205): params: {json={"command":"version","arguments":[]}
06-05 15:49:46.670 I/System.out(17205): }
06-05 15:49:46.670 I/System.out(17205): header: {content-type=application/json;charset=utf-8, date=Fri, 05 Jun 2020 20:49:47 GMT, accept=*/*, host=127.0.0.1:34784, content-length=36, user-agent=HTTPClient/1.0 (2.8.3, ruby 2.5.1 (2018-03-29))}
06-05 15:49:46.670 I/System.out(17205): params: {json={"command":"version","arguments":[]}
06-05 15:49:46.670 I/System.out(17205): }
06-05 15:49:46.670 I/System.out(17205): ProP json = {"command":"version","arguments":[]}
06-05 15:49:46.671 I/System.out(17205): files: {}
06-05 15:49:46.671 I/System.out(17205): command: {"command":"version","arguments":[]}
06-05 15:49:46.681 I/InstrumentationBackend(17205): Got command:'Command:'Line:null,version', arguments:'[]'
06-05 15:49:46.701 I/System.out(17205): result:{"bonusInformation":[],"message":"0.9.8","success":true}
06-05 15:49:46.704 I/System.out(17205): URI: //start-application
06-05 15:49:46.704 I/System.out(17205): params: {json={"intent":null}
06-05 15:49:46.704 I/System.out(17205): }
06-05 15:49:46.717 I/ActivityManager( 1630): START u0 {act=android.intent.action.MAIN cat=[android.intent.category.LAUNCHER] flg=0x10200000 cmp=com.evancharlton.mileage/.Mileage} from uid 10086 on display 0
06-05 15:49:46.722 I/calabash(17205): newActivity1
06-05 15:49:46.729 I/calabash(17205): newActivity1
06-05 15:49:46.730 W/ActivityManager( 1630): Bad activity token: android.os.BinderProxy@d4e9744
06-05 15:49:46.730 W/ActivityManager( 1630): java.lang.ClassCastException: android.os.BinderProxy cannot be cast to com.android.server.am.ActivityRecord$Token
06-05 15:49:46.730 W/ActivityManager( 1630): 	at com.android.server.am.ActivityRecord.forTokenLocked(ActivityRecord.java:586)
06-05 15:49:46.730 W/ActivityManager( 1630): 	at com.android.server.am.ActivityRecord.isInStackLocked(ActivityRecord.java:1327)
06-05 15:49:46.730 W/ActivityManager( 1630): 	at com.android.server.am.ActivityRecord.getStackLocked(ActivityRecord.java:1332)
06-05 15:49:46.730 W/ActivityManager( 1630): 	at com.android.server.am.ActivityManagerService.getActivityDisplayId(ActivityManagerService.java:9806)
06-05 15:49:46.730 W/ActivityManager( 1630): 	at android.app.ActivityManagerNative.onTransact(ActivityManagerNative.java:2566)
06-05 15:49:46.730 W/ActivityManager( 1630): 	at com.android.server.am.ActivityManagerService.onTransact(ActivityManagerService.java:2757)
06-05 15:49:46.730 W/ActivityManager( 1630): 	at android.os.Binder.execTransact(Binder.java:565)
06-05 15:49:46.731 W/ActivityManager( 1630): Bad activity token: android.os.BinderProxy@d4e9744
06-05 15:49:46.731 W/ActivityManager( 1630): java.lang.ClassCastException: android.os.BinderProxy cannot be cast to com.android.server.am.ActivityRecord$Token
06-05 15:49:46.731 W/ActivityManager( 1630): 	at com.android.server.am.ActivityRecord.forTokenLocked(ActivityRecord.java:586)
06-05 15:49:46.731 W/ActivityManager( 1630): 	at com.android.server.am.ActivityRecord.isInStackLocked(ActivityRecord.java:1327)
06-05 15:49:46.731 W/ActivityManager( 1630): 	at com.android.server.am.ActivityManagerService.setTaskDescription(ActivityManagerService.java:9358)
06-05 15:49:46.731 W/ActivityManager( 1630): 	at android.app.ActivityManagerNative.onTransact(ActivityManagerNative.java:2639)
06-05 15:49:46.731 W/ActivityManager( 1630): 	at com.android.server.am.ActivityManagerService.onTransact(ActivityManagerService.java:2757)
06-05 15:49:46.731 W/ActivityManager( 1630): 	at android.os.Binder.execTransact(Binder.java:565)
06-05 15:49:46.731 W/ActivityManager( 1630): Bad activity token: android.os.BinderProxy@d4e9744
06-05 15:49:46.731 W/ActivityManager( 1630): java.lang.ClassCastException: android.os.BinderProxy cannot be cast to com.android.server.am.ActivityRecord$Token
06-05 15:49:46.731 W/ActivityManager( 1630): 	at com.android.server.am.ActivityRecord.forTokenLocked(ActivityRecord.java:586)
06-05 15:49:46.731 W/ActivityManager( 1630): 	at com.android.server.am.ActivityRecord.isInStackLocked(ActivityRecord.java:1327)
06-05 15:49:46.731 W/ActivityManager( 1630): 	at com.android.server.am.ActivityRecord.getStackLocked(ActivityRecord.java:1332)
06-05 15:49:46.731 W/ActivityManager( 1630): 	at com.android.server.am.ActivityManagerService.getActivityStackId(ActivityManagerService.java:9817)
06-05 15:49:46.731 W/ActivityManager( 1630): 	at android.app.ActivityManagerNative.onTransact(ActivityManagerNative.java:2856)
06-05 15:49:46.731 W/ActivityManager( 1630): 	at com.android.server.am.ActivityManagerService.onTransact(ActivityManagerService.java:2757)
06-05 15:49:46.731 W/ActivityManager( 1630): 	at android.os.Binder.execTransact(Binder.java:565)
06-05 15:49:46.744 D/gralloc_ranchu( 1346): gralloc_alloc: Creating ashmem region of size 9023488
06-05 15:49:46.747 W/ActivityManager( 1630): Bad activity token: android.os.BinderProxy@d4e9744
06-05 15:49:46.747 W/ActivityManager( 1630): java.lang.ClassCastException: android.os.BinderProxy cannot be cast to com.android.server.am.ActivityRecord$Token
06-05 15:49:46.747 W/ActivityManager( 1630): 	at com.android.server.am.ActivityRecord.forTokenLocked(ActivityRecord.java:586)
06-05 15:49:46.747 W/ActivityManager( 1630): 	at com.android.server.am.ActivityRecord.isInStackLocked(ActivityRecord.java:1327)
06-05 15:49:46.747 W/ActivityManager( 1630): 	at com.android.server.am.ActivityManagerService.getActivityOptions(ActivityManagerService.java:12559)
06-05 15:49:46.747 W/ActivityManager( 1630): 	at android.app.ActivityManagerNative.onTransact(ActivityManagerNative.java:1933)
06-05 15:49:46.747 W/ActivityManager( 1630): 	at com.android.server.am.ActivityManagerService.onTransact(ActivityManagerService.java:2757)
06-05 15:49:46.747 W/ActivityManager( 1630): 	at android.os.Binder.execTransact(Binder.java:565)
06-05 15:49:46.747 W/ActivityManager( 1630): Bad activity token: android.os.BinderProxy@d4e9744
06-05 15:49:46.747 W/ActivityManager( 1630): java.lang.ClassCastException: android.os.BinderProxy cannot be cast to com.android.server.am.ActivityRecord$Token
06-05 15:49:46.747 W/ActivityManager( 1630): 	at com.android.server.am.ActivityRecord.forTokenLocked(ActivityRecord.java:586)
06-05 15:49:46.747 W/ActivityManager( 1630): 	at com.android.server.am.ActivityRecord.isInStackLocked(ActivityRecord.java:1327)
06-05 15:49:46.747 W/ActivityManager( 1630): 	at com.android.server.am.ActivityManagerService.getActivityOptions(ActivityManagerService.java:12559)
06-05 15:49:46.747 W/ActivityManager( 1630): 	at android.app.ActivityManagerNative.onTransact(ActivityManagerNative.java:1933)
06-05 15:49:46.747 W/ActivityManager( 1630): 	at com.android.server.am.ActivityManagerService.onTransact(ActivityManagerService.java:2757)
06-05 15:49:46.747 W/ActivityManager( 1630): 	at android.os.Binder.execTransact(Binder.java:565)
06-05 15:49:46.764 V/PhoneStatusBar( 1712): setLightsOn(true)
06-05 15:49:46.776 D/EGL_emulation( 1712): eglMakeCurrent: 0xb4085540: ver 2 0 (tinfo 0xb4083740)
06-05 15:49:46.777 V/PhoneStatusBar( 1712): setLightsOn(true)
06-05 15:49:46.778 V/PhoneStatusBar( 1712): setLightsOn(true)
06-05 15:49:46.778 D/gralloc_ranchu( 1346): gralloc_alloc: Creating ashmem region of size 9023488
06-05 15:49:46.780 V/PhoneStatusBar( 1712): setLightsOn(true)
06-05 15:49:46.782 D/        (17205): HostConnection::get() New Host Connection established 0xa7c15540, tid 17205
06-05 15:49:46.810 D/EGL_emulation( 1712): eglMakeCurrent: 0xb4085540: ver 2 0 (tinfo 0xb4083740)
06-05 15:49:46.810 D/EGL_emulation( 2099): eglMakeCurrent: 0xb4085240: ver 2 0 (tinfo 0xb40832d0)
06-05 15:49:46.812 D/EGL_emulation( 1712): eglMakeCurrent: 0xb4085540: ver 2 0 (tinfo 0xb4083740)
06-05 15:49:46.813 D/EGL_emulation( 1712): eglMakeCurrent: 0xb4085540: ver 2 0 (tinfo 0xb4083740)
06-05 15:49:46.815 D/EGL_emulation( 1712): eglMakeCurrent: 0xb4085540: ver 2 0 (tinfo 0xb4083740)
06-05 15:49:46.825 I/ActivityManager( 1630): Displayed com.evancharlton.mileage/.Mileage: +105ms
06-05 15:49:46.826 D/gralloc_ranchu( 1346): gralloc_alloc: Creating ashmem region of size 9023488
06-05 15:49:46.826 D/EGL_emulation( 1712): eglMakeCurrent: 0xb4085540: ver 2 0 (tinfo 0xb4083740)
06-05 15:49:46.838 D/EGL_emulation( 1712): eglMakeCurrent: 0xb4085540: ver 2 0 (tinfo 0xb4083740)
06-05 15:49:46.848 D/EGL_emulation( 1712): eglMakeCurrent: 0xb4085540: ver 2 0 (tinfo 0xb4083740)
06-05 15:49:46.850 D/EGL_emulation( 1712): eglMakeCurrent: 0xb4085540: ver 2 0 (tinfo 0xb4083740)
06-05 15:49:46.851 V/PhoneStatusBar( 1712): setLightsOn(true)
06-05 15:49:46.860 D/EGL_emulation( 1712): eglMakeCurrent: 0xb4085540: ver 2 0 (tinfo 0xb4083740)
06-05 15:49:46.861 D/EGL_emulation( 1712): eglMakeCurrent: 0xb4085540: ver 2 0 (tinfo 0xb4083740)
06-05 15:49:46.866 I/System.out(17205): URI: //map
06-05 15:49:46.866 I/System.out(17205): params: {json={"query":"* marked:'Statistics'","operation":{"method_name":"query","arguments":[]}}
06-05 15:49:46.866 I/System.out(17205): }
06-05 15:49:46.876 D/EGL_emulation( 1712): eglMakeCurrent: 0xb4085540: ver 2 0 (tinfo 0xb4083740)
06-05 15:49:46.878 D/EGL_emulation( 1712): eglMakeCurrent: 0xb4085540: ver 2 0 (tinfo 0xb4083740)
06-05 15:49:46.878 W/ResourceType(17205): No package identifier when getting name for resource number 0x00000001
06-05 15:49:46.893 D/EGL_emulation( 1712): eglMakeCurrent: 0xb4085540: ver 2 0 (tinfo 0xb4083740)
06-05 15:49:46.893 I/System.out(17205): URI: //gesture
06-05 15:49:46.893 I/System.out(17205): params: {json={"query_timeout":5.0,"gestures":[{"query_string":"* marked:'Statistics'","touches":[{"x":50,"y":50,"offset_x":0,"offset_y":0,"wait":0.0,"time":0.2,"release":true,"query_string":null}]}]}
06-05 15:49:46.893 I/System.out(17205): }
06-05 15:49:46.894 D/EGL_emulation( 1712): eglMakeCurrent: 0xb4085540: ver 2 0 (tinfo 0xb4083740)
06-05 15:49:46.899 W/ResourceType(17205): No package identifier when getting name for resource number 0x00000001
06-05 15:49:46.910 D/EGL_emulation( 1712): eglMakeCurrent: 0xb4085540: ver 2 0 (tinfo 0xb4083740)
06-05 15:49:46.918 D/EGL_emulation( 1712): eglMakeCurrent: 0xb4085540: ver 2 0 (tinfo 0xb4083740)
06-05 15:49:46.929 D/EGL_emulation( 1712): eglMakeCurrent: 0xb4085540: ver 2 0 (tinfo 0xb4083740)
06-05 15:49:46.939 D/EGL_emulation( 1712): eglMakeCurrent: 0xb4085540: ver 2 0 (tinfo 0xb4083740)
06-05 15:49:46.943 D/EGL_emulation( 1712): eglMakeCurrent: 0xb4085540: ver 2 0 (tinfo 0xb4083740)
06-05 15:49:46.945 D/EGL_emulation( 1712): eglMakeCurrent: 0xb4085540: ver 2 0 (tinfo 0xb4083740)
06-05 15:49:46.960 D/EGL_emulation( 1712): eglMakeCurrent: 0xb4085540: ver 2 0 (tinfo 0xb4083740)
06-05 15:49:46.962 D/EGL_emulation( 1712): eglMakeCurrent: 0xb4085540: ver 2 0 (tinfo 0xb4083740)
06-05 15:49:46.976 D/EGL_emulation( 1712): eglMakeCurrent: 0xb4085540: ver 2 0 (tinfo 0xb4083740)
06-05 15:49:46.979 D/EGL_emulation( 1712): eglMakeCurrent: 0xb4085540: ver 2 0 (tinfo 0xb4083740)
06-05 15:49:46.993 D/EGL_emulation( 1712): eglMakeCurrent: 0xb4085540: ver 2 0 (tinfo 0xb4083740)
06-05 15:49:46.995 D/EGL_emulation( 1712): eglMakeCurrent: 0xb4085540: ver 2 0 (tinfo 0xb4083740)
06-05 15:49:47.009 I/WindowManager( 1630): Destroying surface Surface(name=Starting com.evancharlton.mileage) called by com.android.server.wm.WindowStateAnimator.destroySurface:2016 com.android.server.wm.WindowStateAnimator.destroySurfaceLocked:882 com.android.server.wm.WindowState.destroyOrSaveSurface:2100 com.android.server.wm.AppWindowToken.destroySurfaces:363 com.android.server.wm.WindowStateAnimator.finishExit:565 com.android.server.wm.WindowStateAnimator.stepAnimationLocked:491 com.android.server.wm.WindowAnimator.updateWindowsLocked:303 com.android.server.wm.WindowAnimator.animateLocked:704 
06-05 15:49:47.010 D/EGL_emulation( 1712): eglMakeCurrent: 0xb4085540: ver 2 0 (tinfo 0xb4083740)
06-05 15:49:47.011 V/PhoneStatusBar( 1712): setLightsOn(true)
06-05 15:49:47.012 V/PhoneStatusBar( 1712): setLightsOn(true)
06-05 15:49:47.129 I/calabash(17205): newActivity1
06-05 15:49:47.144 I/System.out(17205): URI: //map
06-05 15:49:47.144 I/System.out(17205): params: {json={"query":"* {text CONTAINS[c] 'Average cost'}","operation":{"method_name":"query","arguments":[]}}
06-05 15:49:47.144 I/System.out(17205): }
06-05 15:49:47.150 W/ActivityManager( 1630): Bad activity token: android.os.BinderProxy@f208f12
06-05 15:49:47.150 W/ActivityManager( 1630): java.lang.ClassCastException: android.os.BinderProxy cannot be cast to com.android.server.am.ActivityRecord$Token
06-05 15:49:47.150 W/ActivityManager( 1630): 	at com.android.server.am.ActivityRecord.forTokenLocked(ActivityRecord.java:586)
06-05 15:49:47.150 W/ActivityManager( 1630): 	at com.android.server.am.ActivityRecord.isInStackLocked(ActivityRecord.java:1327)
06-05 15:49:47.150 W/ActivityManager( 1630): 	at com.android.server.am.ActivityRecord.getStackLocked(ActivityRecord.java:1332)
06-05 15:49:47.150 W/ActivityManager( 1630): 	at com.android.server.am.ActivityManagerService.getActivityDisplayId(ActivityManagerService.java:9806)
06-05 15:49:47.150 W/ActivityManager( 1630): 	at android.app.ActivityManagerNative.onTransact(ActivityManagerNative.java:2566)
06-05 15:49:47.150 W/ActivityManager( 1630): 	at com.android.server.am.ActivityManagerService.onTransact(ActivityManagerService.java:2757)
06-05 15:49:47.150 W/ActivityManager( 1630): 	at android.os.Binder.execTransact(Binder.java:565)
06-05 15:49:47.151 W/ActivityManager( 1630): Bad activity token: android.os.BinderProxy@f208f12
06-05 15:49:47.151 W/ActivityManager( 1630): java.lang.ClassCastException: android.os.BinderProxy cannot be cast to com.android.server.am.ActivityRecord$Token
06-05 15:49:47.151 W/ActivityManager( 1630): 	at com.android.server.am.ActivityRecord.forTokenLocked(ActivityRecord.java:586)
06-05 15:49:47.151 W/ActivityManager( 1630): 	at com.android.server.am.ActivityRecord.isInStackLocked(ActivityRecord.java:1327)
06-05 15:49:47.151 W/ActivityManager( 1630): 	at com.android.server.am.ActivityManagerService.setTaskDescription(ActivityManagerService.java:9358)
06-05 15:49:47.151 W/ActivityManager( 1630): 	at android.app.ActivityManagerNative.onTransact(ActivityManagerNative.java:2639)
06-05 15:49:47.151 W/ActivityManager( 1630): 	at com.android.server.am.ActivityManagerService.onTransact(ActivityManagerService.java:2757)
06-05 15:49:47.151 W/ActivityManager( 1630): 	at android.os.Binder.execTransact(Binder.java:565)
06-05 15:49:47.152 W/ActivityManager( 1630): Bad activity token: android.os.BinderProxy@f208f12
06-05 15:49:47.152 W/ActivityManager( 1630): java.lang.ClassCastException: android.os.BinderProxy cannot be cast to com.android.server.am.ActivityRecord$Token
06-05 15:49:47.152 W/ActivityManager( 1630): 	at com.android.server.am.ActivityRecord.forTokenLocked(ActivityRecord.java:586)
06-05 15:49:47.152 W/ActivityManager( 1630): 	at com.android.server.am.ActivityRecord.isInStackLocked(ActivityRecord.java:1327)
06-05 15:49:47.152 W/ActivityManager( 1630): 	at com.android.server.am.ActivityRecord.getStackLocked(ActivityRecord.java:1332)
06-05 15:49:47.152 W/ActivityManager( 1630): 	at com.android.server.am.ActivityManagerService.getActivityStackId(ActivityManagerService.java:9817)
06-05 15:49:47.152 W/ActivityManager( 1630): 	at android.app.ActivityManagerNative.onTransact(ActivityManagerNative.java:2856)
06-05 15:49:47.152 W/ActivityManager( 1630): 	at com.android.server.am.ActivityManagerService.onTransact(ActivityManagerService.java:2757)
06-05 15:49:47.152 W/ActivityManager( 1630): 	at android.os.Binder.execTransact(Binder.java:565)
06-05 15:49:47.158 D/VehicleStatisticsActivity(17205): Checking recalculation ...
06-05 15:49:47.159 D/VehicleStatisticsActivity(17205): Recalculating statistics
06-05 15:49:47.159 D/VehicleStatisticsTask(17205): Calculation starting...
06-05 15:49:47.160 D/VehicleStatisticsActivity(17205): Recalculation started!
06-05 15:49:47.160 W/ResourceType(17205): No package identifier when getting value for resource number 0x00000000
06-05 15:49:47.160 D/AndroidRuntime(17205): Shutting down VM
--------- beginning of crash
06-05 15:49:47.161 E/AndroidRuntime(17205): FATAL EXCEPTION: main
06-05 15:49:47.161 E/AndroidRuntime(17205): Process: com.evancharlton.mileage, PID: 17205
06-05 15:49:47.161 E/AndroidRuntime(17205): java.lang.RuntimeException: Unable to start activity ComponentInfo{com.evancharlton.mileage/com.evancharlton.mileage.VehicleStatisticsActivity}: android.content.res.Resources$NotFoundException: String resource ID #0x0
06-05 15:49:47.161 E/AndroidRuntime(17205): 	at android.app.ActivityThread.performLaunchActivity(ActivityThread.java:2646)
06-05 15:49:47.161 E/AndroidRuntime(17205): 	at android.app.ActivityThread.startActivityNow(ActivityThread.java:2446)
06-05 15:49:47.161 E/AndroidRuntime(17205): 	at android.app.LocalActivityManager.moveToState(LocalActivityManager.java:136)
06-05 15:49:47.161 E/AndroidRuntime(17205): 	at android.app.LocalActivityManager.startActivity(LocalActivityManager.java:348)
06-05 15:49:47.161 E/AndroidRuntime(17205): 	at android.widget.TabHost$IntentContentStrategy.getContentView(TabHost.java:724)
06-05 15:49:47.161 E/AndroidRuntime(17205): 	at android.widget.TabHost.setCurrentTab(TabHost.java:388)
06-05 15:49:47.161 E/AndroidRuntime(17205): 	at android.widget.TabHost$2.onTabSelectionChanged(TabHost.java:158)
06-05 15:49:47.161 E/AndroidRuntime(17205): 	at android.widget.TabWidget$TabClickListener.onClick(TabWidget.java:532)
06-05 15:49:47.161 E/AndroidRuntime(17205): 	at android.view.View.performClick(View.java:5610)
06-05 15:49:47.161 E/AndroidRuntime(17205): 	at android.view.View$PerformClick.run(View.java:22265)
06-05 15:49:47.161 E/AndroidRuntime(17205): 	at android.os.Handler.handleCallback(Handler.java:751)
06-05 15:49:47.161 E/AndroidRuntime(17205): 	at android.os.Handler.dispatchMessage(Handler.java:95)
06-05 15:49:47.161 E/AndroidRuntime(17205): 	at android.os.Looper.loop(Looper.java:154)
06-05 15:49:47.161 E/AndroidRuntime(17205): 	at android.app.ActivityThread.main(ActivityThread.java:6077)
06-05 15:49:47.161 E/AndroidRuntime(17205): 	at java.lang.reflect.Method.invoke(Native Method)
06-05 15:49:47.161 E/AndroidRuntime(17205): 	at com.android.internal.os.ZygoteInit$MethodAndArgsCaller.run(ZygoteInit.java:866)
06-05 15:49:47.161 E/AndroidRuntime(17205): 	at com.android.internal.os.ZygoteInit.main(ZygoteInit.java:756)
06-05 15:49:47.161 E/AndroidRuntime(17205): Caused by: android.content.res.Resources$NotFoundException: String resource ID #0x0
06-05 15:49:47.161 E/AndroidRuntime(17205): 	at android.content.res.Resources.getText(Resources.java:331)
06-05 15:49:47.161 E/AndroidRuntime(17205): 	at android.content.res.Resources.getString(Resources.java:377)
06-05 15:49:47.161 E/AndroidRuntime(17205): 	at android.content.Context.getString(Context.java:476)
06-05 15:49:47.161 E/AndroidRuntime(17205): 	at com.evancharlton.mileage.provider.Statistic.getLabel(Statistic.java:37)
06-05 15:49:47.161 E/AndroidRuntime(17205): 	at com.evancharlton.mileage.adapters.VehicleStatisticsAdapter$StatisticHolder.<init>(VehicleStatisticsAdapter.java:203)
06-05 15:49:47.161 E/AndroidRuntime(17205): 	at com.evancharlton.mileage.adapters.VehicleStatisticsAdapter.<init>(VehicleStatisticsAdapter.java:50)
06-05 15:49:47.161 E/AndroidRuntime(17205): 	at com.evancharlton.mileage.VehicleStatisticsActivity.setAdapter(VehicleStatisticsActivity.java:197)
06-05 15:49:47.161 E/AndroidRuntime(17205): 	at com.evancharlton.mileage.VehicleStatisticsActivity.recalculate(VehicleStatisticsActivity.java:175)
06-05 15:49:47.161 E/AndroidRuntime(17205): 	at com.evancharlton.mileage.VehicleStatisticsActivity.onCreate(VehicleStatisticsActivity.java:131)
06-05 15:49:47.161 E/AndroidRuntime(17205): 	at android.app.Activity.performCreate(Activity.java:6662)
06-05 15:49:47.161 E/AndroidRuntime(17205): 	at android.app.Instrumentation.callActivityOnCreate(Instrumentation.java:1118)
06-05 15:49:47.161 E/AndroidRuntime(17205): 	at android.app.ActivityThread.performLaunchActivity(ActivityThread.java:2599)
06-05 15:49:47.161 E/AndroidRuntime(17205): 	... 16 more
06-05 15:49:47.161 I/Process (17205): Sending signal. PID: 17205 SIG: 9
06-05 15:49:47.165 W/InputDispatcher( 1630): channel 'b9d57e5 com.evancharlton.mileage/com.evancharlton.mileage.Mileage (server)' ~ Consumer closed input channel or an error occurred.  events=0x9
06-05 15:49:47.165 E/InputDispatcher( 1630): channel 'b9d57e5 com.evancharlton.mileage/com.evancharlton.mileage.Mileage (server)' ~ Channel is unrecoverably broken and will be disposed!
06-05 15:49:47.166 I/WindowManager( 1630): WIN DEATH: Window{b9d57e5 u0 com.evancharlton.mileage/com.evancharlton.mileage.Mileage}
06-05 15:49:47.166 W/InputDispatcher( 1630): Attempted to unregister already unregistered input channel 'b9d57e5 com.evancharlton.mileage/com.evancharlton.mileage.Mileage (server)'
06-05 15:49:47.166 I/ActivityManager( 1630): Process com.evancharlton.mileage (pid 17205) has died
06-05 15:49:47.166 D/ActivityManager( 1630): cleanUpApplicationRecord -- 17205
06-05 15:49:47.166 I/WindowManager( 1630): Destroying surface Surface(name=com.evancharlton.mileage/com.evancharlton.mileage.Mileage) called by com.android.server.wm.WindowStateAnimator.destroySurface:2016 com.android.server.wm.WindowStateAnimator.destroySurfaceLocked:882 com.android.server.wm.WindowState.removeLocked:1456 com.android.server.wm.WindowManagerService.removeWindowInnerLocked:2484 com.android.server.wm.WindowManagerService.removeWindowLocked:2442 com.android.server.wm.WindowState$DeathRecipient.binderDied:1787 android.os.BinderProxy.sendDeathNotice:688 <bottom of call stack> 
06-05 15:49:47.166 W/ActivityManager( 1630): Scheduling restart of crashed service com.evancharlton.mileage/.services.AutomaticBackupService in 1000ms
06-05 15:49:47.166 W/ActivityManager( 1630): Force removing ActivityRecord{cd2a775 u0 com.evancharlton.mileage/.Mileage t281}: app died, no saved state
06-05 15:49:47.168 W/ActivityManager( 1630): Crash of app com.evancharlton.mileage running instrumentation ComponentInfo{com.evancharlton.mileage.test/sh.calaba.instrumentationbackend.CalabashInstrumentationTestRunner}
06-05 15:49:47.168 I/ActivityManager( 1630): Force stopping com.evancharlton.mileage appid=10086 user=0: finished inst
06-05 15:49:47.168 I/ActivityManager( 1630):   Force stopping service ServiceRecord{4f48a5e u0 com.evancharlton.mileage/.services.AutomaticBackupService}
06-05 15:49:47.171 V/PhoneStatusBar( 1712): setLightsOn(true)
06-05 15:49:47.176 D/WindowManager( 1630): relayoutVisibleWindow: Window{151461c u0 com.android.launcher3/com.android.launcher3.Launcher EXITING} mAnimatingExit=true, mRemoveOnExit=false, mDestroying=false
06-05 15:49:47.211 D/EGL_emulation( 1712): eglMakeCurrent: 0xb4085540: ver 2 0 (tinfo 0xb4083740)
06-05 15:49:47.212 D/EGL_emulation( 2099): eglMakeCurrent: 0xb4085240: ver 2 0 (tinfo 0xb40832d0)
06-05 15:49:47.226 D/EGL_emulation( 1712): eglMakeCurrent: 0xb4085540: ver 2 0 (tinfo 0xb4083740)
06-05 15:49:47.229 D/EGL_emulation( 1712): eglMakeCurrent: 0xb4085540: ver 2 0 (tinfo 0xb4083740)
06-05 15:49:47.243 D/EGL_emulation( 1712): eglMakeCurrent: 0xb4085540: ver 2 0 (tinfo 0xb4083740)
06-05 15:49:47.245 D/EGL_emulation( 1712): eglMakeCurrent: 0xb4085540: ver 2 0 (tinfo 0xb4083740)
06-05 15:49:47.256 E/SurfaceFlinger( 1346): ro.sf.lcd_density must be defined as a build property
06-05 15:49:47.257 D/gralloc_ranchu( 1346): gralloc_alloc: Creating ashmem region of size 9592832
06-05 15:49:47.261 D/EGL_emulation( 1712): eglMakeCurrent: 0xb4085540: ver 2 0 (tinfo 0xb4083740)
06-05 15:49:47.261 D/        (17240): HostConnection::get() New Host Connection established 0xb189b2c0, tid 17240
06-05 15:49:47.264 E/EGL_emulation( 1346): tid 1346: eglCreateSyncKHR(1901): error 0x3004 (EGL_BAD_ATTRIBUTE)
06-05 15:49:47.293 D/EGL_emulation( 1712): eglMakeCurrent: 0xb4085540: ver 2 0 (tinfo 0xb4083740)
06-05 15:49:47.296 D/EGL_emulation( 1712): eglMakeCurrent: 0xb4085540: ver 2 0 (tinfo 0xb4083740)
06-05 15:49:47.299 D/EGL_emulation( 1712): eglMakeCurrent: 0xb4085540: ver 2 0 (tinfo 0xb4083740)
06-05 15:49:47.310 D/EGL_emulation( 1712): eglMakeCurrent: 0xb4085540: ver 2 0 (tinfo 0xb4083740)
06-05 15:49:47.311 D/EGL_emulation( 1712): eglMakeCurrent: 0xb4085540: ver 2 0 (tinfo 0xb4083740)
06-05 15:49:47.327 D/EGL_emulation( 1712): eglMakeCurrent: 0xb4085540: ver 2 0 (tinfo 0xb4083740)
06-05 15:49:47.329 D/EGL_emulation( 1712): eglMakeCurrent: 0xb4085540: ver 2 0 (tinfo 0xb4083740)
06-05 15:49:47.343 D/EGL_emulation( 1712): eglMakeCurrent: 0xb4085540: ver 2 0 (tinfo 0xb4083740)
06-05 15:49:47.346 D/EGL_emulation( 1712): eglMakeCurrent: 0xb4085540: ver 2 0 (tinfo 0xb4083740)
06-05 15:49:47.360 D/EGL_emulation( 1712): eglMakeCurrent: 0xb4085540: ver 2 0 (tinfo 0xb4083740)
06-05 15:49:47.361 D/EGL_emulation( 1712): eglMakeCurrent: 0xb4085540: ver 2 0 (tinfo 0xb4083740)
06-05 15:49:47.377 D/EGL_emulation( 1712): eglMakeCurrent: 0xb4085540: ver 2 0 (tinfo 0xb4083740)
06-05 15:49:47.379 D/EGL_emulation( 1712): eglMakeCurrent: 0xb4085540: ver 2 0 (tinfo 0xb4083740)
06-05 15:49:47.394 D/EGL_emulation( 1712): eglMakeCurrent: 0xb4085540: ver 2 0 (tinfo 0xb4083740)
