06-05 15:51:04.941 W/InputMethodService( 1697): Window size has been changed. This may cause jankiness of resizing window: -1 -> -2
06-05 15:51:04.943 D/EGL_emulation( 1712): eglMakeCurrent: 0xb4085540: ver 2 0 (tinfo 0xb4083740)
06-05 15:51:04.944 I/System.out(19541): result:{"bonusInformation":[],"message":"","success":true}
06-05 15:51:04.944 D/EGL_emulation( 1697): eglMakeCurrent: 0xb4085660: ver 2 0 (tinfo 0xb40834b0)
06-05 15:51:04.947 I/System.out(19541): URI: //map
06-05 15:51:04.947 I/System.out(19541): params: {json={"query":"* marked:'Save changes'","operation":{"method_name":"query","arguments":[]}}
06-05 15:51:04.947 I/System.out(19541): }
06-05 15:51:04.947 V/PhoneStatusBar( 1712): setLightsOn(true)
06-05 15:51:04.948 V/PhoneStatusBar( 1712): setLightsOn(true)
06-05 15:51:04.961 V/PhoneStatusBar( 1712): setLightsOn(true)
06-05 15:51:04.989 W/ResourceType(19541): No package identifier when getting name for resource number 0x00000001
06-05 15:51:04.999 I/System.out(19541): URI: //gesture
06-05 15:51:04.999 I/System.out(19541): params: {json={"query_timeout":5.0,"gestures":[{"query_string":"* marked:'Save changes'","touches":[{"x":50,"y":50,"offset_x":0,"offset_y":0,"wait":0.0,"time":0.2,"release":true,"query_string":null}]}]}
06-05 15:51:04.999 I/System.out(19541): }
06-05 15:51:05.004 W/ResourceType(19541): No package identifier when getting name for resource number 0x00000001
06-05 15:51:05.126 V/PhoneStatusBar( 1712): setLightsOn(true)
06-05 15:51:05.126 I/WindowManager( 1630): Destroying surface Surface(name=InputMethod) called by com.android.server.wm.WindowStateAnimator.destroySurface:2016 com.android.server.wm.WindowStateAnimator.destroySurfaceLocked:882 com.android.server.wm.WindowState.destroyOrSaveSurface:2100 com.android.server.wm.WindowSurfacePlacer.performSurfacePlacementInner:429 com.android.server.wm.WindowSurfacePlacer.performSurfacePlacementLoop:232 com.android.server.wm.WindowSurfacePlacer.performSurfacePlacement:180 com.android.server.wm.WindowManagerService$H.handleMessage:8086 android.os.Handler.dispatchMessage:102 
06-05 15:51:05.232 V/PhoneStatusBar( 1712): setLightsOn(true)
06-05 15:51:05.235 V/PhoneStatusBar( 1712): setLightsOn(true)
06-05 15:51:05.236 I/System.out(19541): URI: //map
06-05 15:51:05.236 I/System.out(19541): params: {json={"query":"* {text CONTAINS[c] 'Default Vehicle'}","operation":{"method_name":"query","arguments":[]}}
06-05 15:51:05.236 I/System.out(19541): }
06-05 15:51:05.237 D/Mileage.ABS(19541): Finished backup
06-05 15:51:05.254 D/EGL_emulation( 1712): eglMakeCurrent: 0xb4085540: ver 2 0 (tinfo 0xb4083740)
06-05 15:51:05.254 V/PhoneStatusBar( 1712): setLightsOn(true)
06-05 15:51:05.287 W/ActivityManager( 1630): Bad activity token: android.os.BinderProxy@2ff31d1
06-05 15:51:05.287 W/ActivityManager( 1630): java.lang.ClassCastException: android.os.BinderProxy cannot be cast to com.android.server.am.ActivityRecord$Token
06-05 15:51:05.287 W/ActivityManager( 1630): 	at com.android.server.am.ActivityRecord.forTokenLocked(ActivityRecord.java:586)
06-05 15:51:05.287 W/ActivityManager( 1630): 	at com.android.server.am.ActivityRecord.isInStackLocked(ActivityRecord.java:1327)
06-05 15:51:05.287 W/ActivityManager( 1630): 	at com.android.server.am.ActivityManagerService.getActivityOptions(ActivityManagerService.java:12559)
06-05 15:51:05.287 W/ActivityManager( 1630): 	at android.app.ActivityManagerNative.onTransact(ActivityManagerNative.java:1933)
06-05 15:51:05.287 W/ActivityManager( 1630): 	at com.android.server.am.ActivityManagerService.onTransact(ActivityManagerService.java:2757)
06-05 15:51:05.287 W/ActivityManager( 1630): 	at android.os.Binder.execTransact(Binder.java:565)
06-05 15:51:05.306 I/System.out(19541): URI: //map
06-05 15:51:05.306 I/System.out(19541): params: {json={"query":"* {text CONTAINS[c] 'Updated'}","operation":{"method_name":"query","arguments":[]}}
06-05 15:51:05.306 I/System.out(19541): }
06-05 15:51:05.309 D/gralloc_ranchu( 1346): gralloc_alloc: Creating ashmem region of size 9023488
06-05 15:51:05.309 V/PhoneStatusBar( 1712): setLightsOn(true)
06-05 15:51:05.343 V/PhoneStatusBar( 1712): setLightsOn(true)
06-05 15:51:05.360 V/PhoneStatusBar( 1712): setLightsOn(true)
06-05 15:51:05.367 W/IInputConnectionWrapper(19541): finishComposingText on inactive InputConnection
06-05 15:51:05.393 V/PhoneStatusBar( 1712): setLightsOn(true)
