--------- beginning of main
06-05 15:51:00.210 V/PhoneStatusBar( 1712): setLightsOn(true)
--------- beginning of system
06-05 15:51:00.219 W/ActivityManager( 1630): Duplicate finish request for ActivityRecord{8eee590 u0 com.evancharlton.mileage/.Mileage t321 f}
06-05 15:51:00.219 W/ActivityManager( 1630): Duplicate finish request for ActivityRecord{8eee590 u0 com.evancharlton.mileage/.Mileage t321 f}
06-05 15:51:00.219 W/ActivityManager( 1630): Duplicate finish request for ActivityRecord{8eee590 u0 com.evancharlton.mileage/.Mileage t321 f}
06-05 15:51:00.219 W/ActivityManager( 1630): Duplicate finish request for ActivityRecord{8eee590 u0 com.evancharlton.mileage/.Mileage t321 f}
06-05 15:51:00.220 W/ActivityManager( 1630): Duplicate finish request for ActivityRecord{8eee590 u0 com.evancharlton.mileage/.Mileage t321 f}
06-05 15:51:00.220 W/ActivityManager( 1630): Finishing task with all activities already finished
06-05 15:51:00.221 W/ActivityManager( 1630): Duplicate finish request for ActivityRecord{9fbcf25 u0 com.evancharlton.mileage/.VehicleTypeListActivity t321 f}
06-05 15:51:00.221 W/ActivityManager( 1630): Finishing task with all activities already finished
06-05 15:51:00.221 W/ActivityManager( 1630): Duplicate finish request for ActivityRecord{a96e37f u0 com.evancharlton.mileage/.VehicleTypeActivity t321 f}
06-05 15:51:00.221 W/ActivityManager( 1630): Finishing task with all activities already finished
06-05 15:51:00.221 W/ActivityManager( 1630): Duplicate finish request for ActivityRecord{a96e37f u0 com.evancharlton.mileage/.VehicleTypeActivity t321 f}
06-05 15:51:00.221 W/ActivityManager( 1630): Finishing task with all activities already finished
06-05 15:51:00.221 W/ActivityManager( 1630): Duplicate finish request for ActivityRecord{9fbcf25 u0 com.evancharlton.mileage/.VehicleTypeListActivity t321 f}
06-05 15:51:00.226 V/PhoneStatusBar( 1712): setLightsOn(true)
06-05 15:51:00.240 W/IInputConnectionWrapper(19463): finishComposingText on inactive InputConnection
06-05 15:51:00.243 V/PhoneStatusBar( 1712): setLightsOn(true)
06-05 15:51:00.261 D/gralloc_ranchu( 1346): gralloc_alloc: Creating ashmem region of size 3145728
06-05 15:51:00.265 E/EGL_emulation( 1346): tid 1346: eglCreateSyncKHR(1901): error 0x3004 (EGL_BAD_ATTRIBUTE)
06-05 15:51:00.311 D/EGL_emulation( 1712): eglMakeCurrent: 0xb4085540: ver 2 0 (tinfo 0xb4083740)
06-05 15:51:00.312 D/EGL_emulation( 2099): eglMakeCurrent: 0xb4085240: ver 2 0 (tinfo 0xb40832d0)
06-05 15:51:00.326 D/EGL_emulation( 1712): eglMakeCurrent: 0xb4085540: ver 2 0 (tinfo 0xb4083740)
06-05 15:51:00.344 D/EGL_emulation( 1712): eglMakeCurrent: 0xb4085540: ver 2 0 (tinfo 0xb4083740)
06-05 15:51:00.359 D/EGL_emulation( 1712): eglMakeCurrent: 0xb4085540: ver 2 0 (tinfo 0xb4083740)
06-05 15:51:00.362 D/EGL_emulation( 1712): eglMakeCurrent: 0xb4085540: ver 2 0 (tinfo 0xb4083740)
06-05 15:51:00.376 D/EGL_emulation( 1712): eglMakeCurrent: 0xb4085540: ver 2 0 (tinfo 0xb4083740)
06-05 15:51:00.378 D/EGL_emulation( 1712): eglMakeCurrent: 0xb4085540: ver 2 0 (tinfo 0xb4083740)
06-05 15:51:00.389 D/AndroidRuntime(19531): >>>>>> START com.android.internal.os.RuntimeInit uid 2000 <<<<<<
06-05 15:51:00.390 D/AndroidRuntime(19531): CheckJNI is ON
06-05 15:51:00.393 D/EGL_emulation( 1712): eglMakeCurrent: 0xb4085540: ver 2 0 (tinfo 0xb4083740)
06-05 15:51:00.394 D/EGL_emulation( 1712): eglMakeCurrent: 0xb4085540: ver 2 0 (tinfo 0xb4083740)
06-05 15:51:00.402 W/art     (19531): Unexpected CPU variant for X86 using defaults: x86
06-05 15:51:00.404 D/ICU     (19531): No timezone override file found: /data/misc/zoneinfo/current/icu/icu_tzdata.dat
06-05 15:51:00.409 D/EGL_emulation( 1712): eglMakeCurrent: 0xb4085540: ver 2 0 (tinfo 0xb4083740)
06-05 15:51:00.411 E/memtrack(19531): Couldn't load memtrack module (No such file or directory)
06-05 15:51:00.411 E/android.os.Debug(19531): failed to load memtrack module: -2
06-05 15:51:00.412 I/Radio-JNI(19531): register_android_hardware_Radio DONE
06-05 15:51:00.412 D/EGL_emulation( 1712): eglMakeCurrent: 0xb4085540: ver 2 0 (tinfo 0xb4083740)
06-05 15:51:00.416 D/AndroidRuntime(19531): Calling main entry com.android.commands.am.Am
06-05 15:51:00.417 I/ActivityManager( 1630): Force stopping com.evancharlton.mileage appid=10086 user=0: start instr
06-05 15:51:00.417 I/ActivityManager( 1630): Killing 19463:com.evancharlton.mileage/u0a86 (adj 0): stop com.evancharlton.mileage
06-05 15:51:00.417 D/ActivityManager( 1630): cleanUpApplicationRecord -- 19463
06-05 15:51:00.417 W/ActivityManager( 1630): Crash of app com.evancharlton.mileage running instrumentation ComponentInfo{com.evancharlton.mileage.test/sh.calaba.instrumentationbackend.CalabashInstrumentationTestRunner}
06-05 15:51:00.417 I/ActivityManager( 1630): Force stopping com.evancharlton.mileage appid=10086 user=0: finished inst
06-05 15:51:00.421 I/art     (19541): Not late-enabling -Xcheck:jni (already on)
06-05 15:51:00.421 W/art     (19541): Unexpected CPU variant for X86 using defaults: x86
06-05 15:51:00.426 D/EGL_emulation( 1712): eglMakeCurrent: 0xb4085540: ver 2 0 (tinfo 0xb4083740)
06-05 15:51:00.428 D/EGL_emulation( 1712): eglMakeCurrent: 0xb4085540: ver 2 0 (tinfo 0xb4083740)
06-05 15:51:00.428 I/ActivityManager( 1630): Start proc 19541:com.evancharlton.mileage/u0a86 for added application com.evancharlton.mileage
06-05 15:51:00.428 D/AndroidRuntime(19531): Shutting down VM
06-05 15:51:00.433 W/System  (19541): ClassLoader referenced unknown path: /data/app/com.evancharlton.mileage.test-1/lib/x86
06-05 15:51:00.433 W/System  (19541): ClassLoader referenced unknown path: /data/app/com.evancharlton.mileage-1/lib/x86
06-05 15:51:00.434 W/System  (19541): ClassLoader referenced unknown path: 
06-05 15:51:00.438 I/System.out(19541): Main activity name automatically set to: com.evancharlton.mileage.Mileage
06-05 15:51:00.438 I/System.out(19541): Calabash did not load Mono. This is only a problem if you are trying to test a Mono application
06-05 15:51:00.439 I/calabash(19541): Test server port: 7102
06-05 15:51:00.439 I/InstrumentationBackend(19541): Added:'GetPreferences', with key:'get_preferences'
06-05 15:51:00.443 D/EGL_emulation( 1712): eglMakeCurrent: 0xb4085540: ver 2 0 (tinfo 0xb4083740)
06-05 15:51:00.443 I/InstrumentationBackend(19541): Added:'SetPreferences', with key:'set_preferences'
06-05 15:51:00.443 I/InstrumentationBackend(19541): Added:'ClearPreferences', with key:'clear_preferences'
06-05 15:51:00.443 I/InstrumentationBackend(19541): Added:'PressElement', with key:'press_l10n_element'
06-05 15:51:00.443 I/InstrumentationBackend(19541): Added:'WaitForElement', with key:'wait_for_l10n_element'
06-05 15:51:00.444 I/InstrumentationBackend(19541): Added:'NullAction', with key:'nullAction'
06-05 15:51:00.444 I/InstrumentationBackend(19541): Added:'PressKey', with key:'press_key'
06-05 15:51:00.444 I/InstrumentationBackend(19541): Added:'SetActivityOrientation', with key:'set_activity_orientation'
06-05 15:51:00.444 I/InstrumentationBackend(19541): Added:'GetActivityOrientation', with key:'get_activity_orientation'
06-05 15:51:00.444 I/InstrumentationBackend(19541): Added:'FakeGPSLocation', with key:'set_gps_coordinates'
06-05 15:51:00.444 I/InstrumentationBackend(19541): Added:'SetPropertyByCssSelector', with key:'set_property_by_css_selector'
06-05 15:51:00.444 I/InstrumentationBackend(19541): Added:'GetUrl', with key:'get_url'
06-05 15:51:00.444 I/InstrumentationBackend(19541): Added:'ScrollTo', with key:'scroll_to'
06-05 15:51:00.444 I/InstrumentationBackend(19541): Added:'GetLoadProgress', with key:'get_load_progress'
06-05 15:51:00.444 D/EGL_emulation( 1712): eglMakeCurrent: 0xb4085540: ver 2 0 (tinfo 0xb4083740)
06-05 15:51:00.444 I/InstrumentationBackend(19541): Added:'DumpHtml', with key:'dump_html'
06-05 15:51:00.444 I/InstrumentationBackend(19541): Added:'DumpBodyHtml', with key:'dump_body_html'
06-05 15:51:00.444 I/InstrumentationBackend(19541): Added:'EnterTextByCssSelector', with key:'enter_text_by_selector'
06-05 15:51:00.445 I/InstrumentationBackend(19541): Added:'AndroidSDKVersion', with key:'android_sdk_version'
06-05 15:51:00.445 I/InstrumentationBackend(19541): Added:'Version', with key:'version'
06-05 15:51:00.445 I/InstrumentationBackend(19541): Added:'Drag', with key:'drag'
06-05 15:51:00.445 I/InstrumentationBackend(19541): Added:'TouchCoordinates', with key:'touch_coordinate'
06-05 15:51:00.445 I/InstrumentationBackend(19541): Added:'LongPressCoordinate', with key:'long_press_coordinate'
06-05 15:51:00.445 I/InstrumentationBackend(19541): Added:'DragCoordinates', with key:'drag_coordinates'
06-05 15:51:00.445 I/InstrumentationBackend(19541): Added:'ResumeApplication', with key:'resume_application'
06-05 15:51:00.445 I/InstrumentationBackend(19541): Added:'Swipe', with key:'swipe'
06-05 15:51:00.445 I/InstrumentationBackend(19541): Added:'DoubleTapCoordinate', with key:'double_tap_coordinate'
06-05 15:51:00.445 I/InstrumentationBackend(19541): Added:'ClickOnScreen', with key:'click_on_screen'
06-05 15:51:00.445 I/InstrumentationBackend(19541): Added:'GetActivityName', with key:'get_activity_name'
06-05 15:51:00.445 I/InstrumentationBackend(19541): Added:'ScrollToView', with key:'scroll_to_view'
06-05 15:51:00.445 I/InstrumentationBackend(19541): Added:'ViewConfiguration', with key:'view_configuration'
06-05 15:51:00.445 I/InstrumentationBackend(19541): Added:'IsCurrentActivityFocused', with key:'is_current_activity_focused'
06-05 15:51:00.445 I/InstrumentationBackend(19541): Added:'SendTcp', with key:'send_tcp'
06-05 15:51:00.445 I/InstrumentationBackend(19541): Added:'DpToDevicePixel', with key:'dp_to_device_pixel'
06-05 15:51:00.445 I/InstrumentationBackend(19541): Added:'KeyboardEnterText', with key:'keyboard_enter_text'
06-05 15:51:00.445 I/InstrumentationBackend(19541): Added:'DeleteSurroundingText', with key:'delete_surrounding_text'
06-05 15:51:00.445 I/InstrumentationBackend(19541): Added:'SetComposingRegion', with key:'set_composing_region'
06-05 15:51:00.445 I/InstrumentationBackend(19541): Added:'SetSelection', with key:'set_selection'
06-05 15:51:00.445 I/InstrumentationBackend(19541): Added:'KeyboardKeyEvent', with key:'keyboard_key_event'
06-05 15:51:00.445 I/InstrumentationBackend(19541): Added:'PressUserActionButton', with key:'press_user_action_button'
06-05 15:51:00.445 I/InstrumentationBackend(19541): Added:'HideSoftKeyboard', with key:'hide_soft_keyboard'
06-05 15:51:00.445 I/InstrumentationBackend(19541): Added:'ListActions', with key:'list_actions'
06-05 15:51:00.446 I/calabash(19541): Instantiating http server at 7102
06-05 15:51:00.446 I/System.out(19541): HTTP Daemon listening on: 7102
06-05 15:51:00.461 D/EGL_emulation( 1712): eglMakeCurrent: 0xb4085540: ver 2 0 (tinfo 0xb4083740)
06-05 15:51:00.463 I/WindowManager( 1630): WIN DEATH: Window{cbf38a1 u0 com.evancharlton.mileage/com.evancharlton.mileage.VehicleTypeListActivity EXITING}
06-05 15:51:00.463 W/InputDispatcher( 1630): channel 'c40389b com.evancharlton.mileage/com.evancharlton.mileage.VehicleTypeActivity (server)' ~ Consumer closed input channel or an error occurred.  events=0x9
06-05 15:51:00.463 E/InputDispatcher( 1630): channel 'c40389b com.evancharlton.mileage/com.evancharlton.mileage.VehicleTypeActivity (server)' ~ Channel is unrecoverably broken and will be disposed!
06-05 15:51:00.463 I/WindowManager( 1630): WIN DEATH: Window{c40389b u0 com.evancharlton.mileage/com.evancharlton.mileage.VehicleTypeActivity}
06-05 15:51:00.463 W/InputDispatcher( 1630): Attempted to unregister already unregistered input channel 'c40389b com.evancharlton.mileage/com.evancharlton.mileage.VehicleTypeActivity (server)'
06-05 15:51:00.463 I/WindowManager( 1630): Destroying surface Surface(name=com.evancharlton.mileage/com.evancharlton.mileage.VehicleTypeActivity) called by com.android.server.wm.WindowStateAnimator.destroySurface:2016 com.android.server.wm.WindowStateAnimator.destroySurfaceLocked:882 com.android.server.wm.WindowState.removeLocked:1456 com.android.server.wm.WindowManagerService.removeWindowInnerLocked:2484 com.android.server.wm.WindowManagerService.removeWindowLocked:2442 com.android.server.wm.WindowState$DeathRecipient.binderDied:1787 android.os.BinderProxy.sendDeathNotice:688 <bottom of call stack> 
06-05 15:51:00.476 D/EGL_emulation( 1712): eglMakeCurrent: 0xb4085540: ver 2 0 (tinfo 0xb4083740)
06-05 15:51:00.479 D/EGL_emulation( 1712): eglMakeCurrent: 0xb4085540: ver 2 0 (tinfo 0xb4083740)
06-05 15:51:00.493 D/EGL_emulation( 1712): eglMakeCurrent: 0xb4085540: ver 2 0 (tinfo 0xb4083740)
06-05 15:51:00.497 D/EGL_emulation( 1712): eglMakeCurrent: 0xb4085540: ver 2 0 (tinfo 0xb4083740)
06-05 15:51:00.510 D/EGL_emulation( 1712): eglMakeCurrent: 0xb4085540: ver 2 0 (tinfo 0xb4083740)
06-05 15:51:00.511 D/EGL_emulation( 1712): eglMakeCurrent: 0xb4085540: ver 2 0 (tinfo 0xb4083740)
06-05 15:51:00.526 D/EGL_emulation( 1712): eglMakeCurrent: 0xb4085540: ver 2 0 (tinfo 0xb4083740)
06-05 15:51:00.528 D/EGL_emulation( 1712): eglMakeCurrent: 0xb4085540: ver 2 0 (tinfo 0xb4083740)
06-05 15:51:00.537 I/System.out(19541): URI: //ping
06-05 15:51:00.537 I/System.out(19541): params: {json={}
06-05 15:51:00.537 I/System.out(19541): }
06-05 15:51:00.540 I/System.out(19541): URI: //ping
06-05 15:51:00.540 I/System.out(19541): params: {json={}
06-05 15:51:00.540 I/System.out(19541): }
06-05 15:51:00.542 I/System.out(19541): URI: //ready
06-05 15:51:00.542 I/System.out(19541): params: {json={}
06-05 15:51:00.542 I/System.out(19541): }
06-05 15:51:00.543 D/EGL_emulation( 1712): eglMakeCurrent: 0xb4085540: ver 2 0 (tinfo 0xb4083740)
06-05 15:51:00.543 I/System.out(19541): URI: //
06-05 15:51:00.543 I/System.out(19541): params: {json={"command":"version","arguments":[]}
06-05 15:51:00.543 I/System.out(19541): }
06-05 15:51:00.543 I/System.out(19541): header: {content-type=application/json;charset=utf-8, date=Fri, 05 Jun 2020 20:51:01 GMT, accept=*/*, host=127.0.0.1:34784, content-length=36, user-agent=HTTPClient/1.0 (2.8.3, ruby 2.5.1 (2018-03-29))}
06-05 15:51:00.543 I/System.out(19541): params: {json={"command":"version","arguments":[]}
06-05 15:51:00.544 I/System.out(19541): }
06-05 15:51:00.544 I/System.out(19541): ProP json = {"command":"version","arguments":[]}
06-05 15:51:00.544 I/System.out(19541): files: {}
06-05 15:51:00.544 I/System.out(19541): command: {"command":"version","arguments":[]}
06-05 15:51:00.544 D/EGL_emulation( 1712): eglMakeCurrent: 0xb4085540: ver 2 0 (tinfo 0xb4083740)
06-05 15:51:00.547 I/InstrumentationBackend(19541): Got command:'Command:'Line:null,version', arguments:'[]'
06-05 15:51:00.553 I/System.out(19541): result:{"bonusInformation":[],"message":"0.9.8","success":true}
06-05 15:51:00.556 I/System.out(19541): URI: //start-application
06-05 15:51:00.556 I/System.out(19541): params: {json={"intent":null}
06-05 15:51:00.556 I/System.out(19541): }
06-05 15:51:00.566 I/ActivityManager( 1630): START u0 {act=android.intent.action.MAIN cat=[android.intent.category.LAUNCHER] flg=0x10200000 cmp=com.evancharlton.mileage/.Mileage} from uid 10086 on display 0
06-05 15:51:00.571 I/calabash(19541): newActivity1
06-05 15:51:00.581 I/calabash(19541): newActivity1
06-05 15:51:00.583 W/ActivityManager( 1630): Bad activity token: android.os.BinderProxy@b90c4f
06-05 15:51:00.583 W/ActivityManager( 1630): java.lang.ClassCastException: android.os.BinderProxy cannot be cast to com.android.server.am.ActivityRecord$Token
06-05 15:51:00.583 W/ActivityManager( 1630): 	at com.android.server.am.ActivityRecord.forTokenLocked(ActivityRecord.java:586)
06-05 15:51:00.583 W/ActivityManager( 1630): 	at com.android.server.am.ActivityRecord.isInStackLocked(ActivityRecord.java:1327)
06-05 15:51:00.583 W/ActivityManager( 1630): 	at com.android.server.am.ActivityRecord.getStackLocked(ActivityRecord.java:1332)
06-05 15:51:00.583 W/ActivityManager( 1630): 	at com.android.server.am.ActivityManagerService.getActivityDisplayId(ActivityManagerService.java:9806)
06-05 15:51:00.583 W/ActivityManager( 1630): 	at android.app.ActivityManagerNative.onTransact(ActivityManagerNative.java:2566)
06-05 15:51:00.583 W/ActivityManager( 1630): 	at com.android.server.am.ActivityManagerService.onTransact(ActivityManagerService.java:2757)
06-05 15:51:00.583 W/ActivityManager( 1630): 	at android.os.Binder.execTransact(Binder.java:565)
06-05 15:51:00.584 W/ActivityManager( 1630): Bad activity token: android.os.BinderProxy@b90c4f
06-05 15:51:00.584 W/ActivityManager( 1630): java.lang.ClassCastException: android.os.BinderProxy cannot be cast to com.android.server.am.ActivityRecord$Token
06-05 15:51:00.584 W/ActivityManager( 1630): 	at com.android.server.am.ActivityRecord.forTokenLocked(ActivityRecord.java:586)
06-05 15:51:00.584 W/ActivityManager( 1630): 	at com.android.server.am.ActivityRecord.isInStackLocked(ActivityRecord.java:1327)
06-05 15:51:00.584 W/ActivityManager( 1630): 	at com.android.server.am.ActivityManagerService.setTaskDescription(ActivityManagerService.java:9358)
06-05 15:51:00.584 W/ActivityManager( 1630): 	at android.app.ActivityManagerNative.onTransact(ActivityManagerNative.java:2639)
06-05 15:51:00.584 W/ActivityManager( 1630): 	at com.android.server.am.ActivityManagerService.onTransact(ActivityManagerService.java:2757)
06-05 15:51:00.584 W/ActivityManager( 1630): 	at android.os.Binder.execTransact(Binder.java:565)
06-05 15:51:00.584 W/ActivityManager( 1630): Bad activity token: android.os.BinderProxy@b90c4f
06-05 15:51:00.584 W/ActivityManager( 1630): java.lang.ClassCastException: android.os.BinderProxy cannot be cast to com.android.server.am.ActivityRecord$Token
06-05 15:51:00.584 W/ActivityManager( 1630): 	at com.android.server.am.ActivityRecord.forTokenLocked(ActivityRecord.java:586)
06-05 15:51:00.584 W/ActivityManager( 1630): 	at com.android.server.am.ActivityRecord.isInStackLocked(ActivityRecord.java:1327)
06-05 15:51:00.584 W/ActivityManager( 1630): 	at com.android.server.am.ActivityRecord.getStackLocked(ActivityRecord.java:1332)
06-05 15:51:00.584 W/ActivityManager( 1630): 	at com.android.server.am.ActivityManagerService.getActivityStackId(ActivityManagerService.java:9817)
06-05 15:51:00.584 W/ActivityManager( 1630): 	at android.app.ActivityManagerNative.onTransact(ActivityManagerNative.java:2856)
06-05 15:51:00.584 W/ActivityManager( 1630): 	at com.android.server.am.ActivityManagerService.onTransact(ActivityManagerService.java:2757)
06-05 15:51:00.584 W/ActivityManager( 1630): 	at android.os.Binder.execTransact(Binder.java:565)
06-05 15:51:00.593 D/gralloc_ranchu( 1346): gralloc_alloc: Creating ashmem region of size 9023488
06-05 15:51:00.599 W/ActivityManager( 1630): Bad activity token: android.os.BinderProxy@b90c4f
06-05 15:51:00.599 W/ActivityManager( 1630): java.lang.ClassCastException: android.os.BinderProxy cannot be cast to com.android.server.am.ActivityRecord$Token
06-05 15:51:00.599 W/ActivityManager( 1630): 	at com.android.server.am.ActivityRecord.forTokenLocked(ActivityRecord.java:586)
06-05 15:51:00.599 W/ActivityManager( 1630): 	at com.android.server.am.ActivityRecord.isInStackLocked(ActivityRecord.java:1327)
06-05 15:51:00.599 W/ActivityManager( 1630): 	at com.android.server.am.ActivityManagerService.getActivityOptions(ActivityManagerService.java:12559)
06-05 15:51:00.599 W/ActivityManager( 1630): 	at android.app.ActivityManagerNative.onTransact(ActivityManagerNative.java:1933)
06-05 15:51:00.599 W/ActivityManager( 1630): 	at com.android.server.am.ActivityManagerService.onTransact(ActivityManagerService.java:2757)
06-05 15:51:00.599 W/ActivityManager( 1630): 	at android.os.Binder.execTransact(Binder.java:565)
06-05 15:51:00.600 W/ActivityManager( 1630): Bad activity token: android.os.BinderProxy@b90c4f
06-05 15:51:00.600 W/ActivityManager( 1630): java.lang.ClassCastException: android.os.BinderProxy cannot be cast to com.android.server.am.ActivityRecord$Token
06-05 15:51:00.600 W/ActivityManager( 1630): 	at com.android.server.am.ActivityRecord.forTokenLocked(ActivityRecord.java:586)
06-05 15:51:00.600 W/ActivityManager( 1630): 	at com.android.server.am.ActivityRecord.isInStackLocked(ActivityRecord.java:1327)
06-05 15:51:00.600 W/ActivityManager( 1630): 	at com.android.server.am.ActivityManagerService.getActivityOptions(ActivityManagerService.java:12559)
06-05 15:51:00.600 W/ActivityManager( 1630): 	at android.app.ActivityManagerNative.onTransact(ActivityManagerNative.java:1933)
06-05 15:51:00.600 W/ActivityManager( 1630): 	at com.android.server.am.ActivityManagerService.onTransact(ActivityManagerService.java:2757)
06-05 15:51:00.600 W/ActivityManager( 1630): 	at android.os.Binder.execTransact(Binder.java:565)
06-05 15:51:00.618 V/PhoneStatusBar( 1712): setLightsOn(true)
06-05 15:51:00.626 D/EGL_emulation( 1712): eglMakeCurrent: 0xb4085540: ver 2 0 (tinfo 0xb4083740)
06-05 15:51:00.627 V/PhoneStatusBar( 1712): setLightsOn(true)
06-05 15:51:00.627 V/PhoneStatusBar( 1712): setLightsOn(true)
06-05 15:51:00.628 D/gralloc_ranchu( 1346): gralloc_alloc: Creating ashmem region of size 9023488
06-05 15:51:00.629 V/PhoneStatusBar( 1712): setLightsOn(true)
06-05 15:51:00.633 D/        (19541): HostConnection::get() New Host Connection established 0xa7c14580, tid 19541
06-05 15:51:00.661 D/EGL_emulation( 1712): eglMakeCurrent: 0xb4085540: ver 2 0 (tinfo 0xb4083740)
06-05 15:51:00.661 D/EGL_emulation( 2099): eglMakeCurrent: 0xb4085240: ver 2 0 (tinfo 0xb40832d0)
06-05 15:51:00.664 D/EGL_emulation( 1712): eglMakeCurrent: 0xb4085540: ver 2 0 (tinfo 0xb4083740)
06-05 15:51:00.665 D/EGL_emulation( 1712): eglMakeCurrent: 0xb4085540: ver 2 0 (tinfo 0xb4083740)
06-05 15:51:00.666 D/EGL_emulation( 1712): eglMakeCurrent: 0xb4085540: ver 2 0 (tinfo 0xb4083740)
06-05 15:51:00.676 D/EGL_emulation( 1712): eglMakeCurrent: 0xb4085540: ver 2 0 (tinfo 0xb4083740)
06-05 15:51:00.678 D/EGL_emulation( 1712): eglMakeCurrent: 0xb4085540: ver 2 0 (tinfo 0xb4083740)
06-05 15:51:00.678 I/ActivityManager( 1630): Displayed com.evancharlton.mileage/.Mileage: +109ms
06-05 15:51:00.693 D/gralloc_ranchu( 1346): gralloc_alloc: Creating ashmem region of size 9023488
06-05 15:51:00.693 D/EGL_emulation( 1712): eglMakeCurrent: 0xb4085540: ver 2 0 (tinfo 0xb4083740)
06-05 15:51:00.705 D/EGL_emulation( 1712): eglMakeCurrent: 0xb4085540: ver 2 0 (tinfo 0xb4083740)
06-05 15:51:00.716 D/EGL_emulation( 1712): eglMakeCurrent: 0xb4085540: ver 2 0 (tinfo 0xb4083740)
06-05 15:51:00.718 D/EGL_emulation( 1712): eglMakeCurrent: 0xb4085540: ver 2 0 (tinfo 0xb4083740)
06-05 15:51:00.718 V/PhoneStatusBar( 1712): setLightsOn(true)
06-05 15:51:00.727 D/EGL_emulation( 1712): eglMakeCurrent: 0xb4085540: ver 2 0 (tinfo 0xb4083740)
06-05 15:51:00.734 D/EGL_emulation( 1712): eglMakeCurrent: 0xb4085540: ver 2 0 (tinfo 0xb4083740)
06-05 15:51:00.741 I/System.out(19541): URI: //map
06-05 15:51:00.741 I/System.out(19541): params: {json={"query":"* marked:'Vehicles'","operation":{"method_name":"query","arguments":[]}}
06-05 15:51:00.741 I/System.out(19541): }
06-05 15:51:00.743 I/WindowManager( 1630): Destroying surface Surface(name=com.evancharlton.mileage/com.evancharlton.mileage.VehicleTypeListActivity) called by com.android.server.wm.WindowStateAnimator.destroySurface:2016 com.android.server.wm.WindowStateAnimator.destroySurfaceLocked:882 com.android.server.wm.WindowState.removeLocked:1456 com.android.server.wm.WindowManagerService.removeWindowInnerLocked:2484 com.android.server.wm.AppWindowToken.destroySurfaces:365 com.android.server.wm.WindowStateAnimator.finishExit:565 com.android.server.wm.AppWindowAnimator.stepAnimationLocked:427 com.android.server.wm.WindowAnimator.updateAppWindowsLocked:196 
06-05 15:51:00.743 D/EGL_emulation( 1712): eglMakeCurrent: 0xb4085540: ver 2 0 (tinfo 0xb4083740)
06-05 15:51:00.745 D/EGL_emulation( 1712): eglMakeCurrent: 0xb4085540: ver 2 0 (tinfo 0xb4083740)
06-05 15:51:00.758 W/ResourceType(19541): No package identifier when getting name for resource number 0x00000001
06-05 15:51:00.760 D/EGL_emulation( 1712): eglMakeCurrent: 0xb4085540: ver 2 0 (tinfo 0xb4083740)
06-05 15:51:00.762 D/EGL_emulation( 1712): eglMakeCurrent: 0xb4085540: ver 2 0 (tinfo 0xb4083740)
06-05 15:51:00.762 V/PhoneStatusBar( 1712): setLightsOn(true)
06-05 15:51:00.774 I/System.out(19541): URI: //gesture
06-05 15:51:00.774 I/System.out(19541): params: {json={"query_timeout":5.0,"gestures":[{"query_string":"* marked:'Vehicles'","touches":[{"x":50,"y":50,"offset_x":0,"offset_y":0,"wait":0.0,"time":0.2,"release":true,"query_string":null}]}]}
06-05 15:51:00.774 I/System.out(19541): }
06-05 15:51:00.776 D/EGL_emulation( 1712): eglMakeCurrent: 0xb4085540: ver 2 0 (tinfo 0xb4083740)
06-05 15:51:00.778 D/EGL_emulation( 1712): eglMakeCurrent: 0xb4085540: ver 2 0 (tinfo 0xb4083740)
06-05 15:51:00.780 W/ResourceType(19541): No package identifier when getting name for resource number 0x00000001
06-05 15:51:00.793 D/EGL_emulation( 1712): eglMakeCurrent: 0xb4085540: ver 2 0 (tinfo 0xb4083740)
06-05 15:51:00.800 D/EGL_emulation( 1712): eglMakeCurrent: 0xb4085540: ver 2 0 (tinfo 0xb4083740)
06-05 15:51:00.812 D/EGL_emulation( 1712): eglMakeCurrent: 0xb4085540: ver 2 0 (tinfo 0xb4083740)
06-05 15:51:00.817 D/EGL_emulation( 1712): eglMakeCurrent: 0xb4085540: ver 2 0 (tinfo 0xb4083740)
06-05 15:51:00.826 D/EGL_emulation( 1712): eglMakeCurrent: 0xb4085540: ver 2 0 (tinfo 0xb4083740)
06-05 15:51:00.828 D/EGL_emulation( 1712): eglMakeCurrent: 0xb4085540: ver 2 0 (tinfo 0xb4083740)
06-05 15:51:00.843 D/EGL_emulation( 1712): eglMakeCurrent: 0xb4085540: ver 2 0 (tinfo 0xb4083740)
06-05 15:51:00.845 D/EGL_emulation( 1712): eglMakeCurrent: 0xb4085540: ver 2 0 (tinfo 0xb4083740)
06-05 15:51:00.860 D/EGL_emulation( 1712): eglMakeCurrent: 0xb4085540: ver 2 0 (tinfo 0xb4083740)
06-05 15:51:00.876 I/WindowManager( 1630): Destroying surface Surface(name=Starting com.evancharlton.mileage) called by com.android.server.wm.WindowStateAnimator.destroySurface:2016 com.android.server.wm.WindowStateAnimator.destroySurfaceLocked:882 com.android.server.wm.WindowState.destroyOrSaveSurface:2100 com.android.server.wm.AppWindowToken.destroySurfaces:363 com.android.server.wm.WindowStateAnimator.finishExit:565 com.android.server.wm.WindowStateAnimator.stepAnimationLocked:491 com.android.server.wm.WindowAnimator.updateWindowsLocked:303 com.android.server.wm.WindowAnimator.animateLocked:704 
06-05 15:51:00.877 V/PhoneStatusBar( 1712): setLightsOn(true)
06-05 15:51:00.878 V/PhoneStatusBar( 1712): setLightsOn(true)
06-05 15:51:01.011 I/calabash(19541): newActivity1
06-05 15:51:01.012 W/ActivityManager( 1630): Bad activity token: android.os.BinderProxy@2ff31d1
06-05 15:51:01.012 W/ActivityManager( 1630): java.lang.ClassCastException: android.os.BinderProxy cannot be cast to com.android.server.am.ActivityRecord$Token
06-05 15:51:01.012 W/ActivityManager( 1630): 	at com.android.server.am.ActivityRecord.forTokenLocked(ActivityRecord.java:586)
06-05 15:51:01.012 W/ActivityManager( 1630): 	at com.android.server.am.ActivityRecord.isInStackLocked(ActivityRecord.java:1327)
06-05 15:51:01.012 W/ActivityManager( 1630): 	at com.android.server.am.ActivityRecord.getStackLocked(ActivityRecord.java:1332)
06-05 15:51:01.012 W/ActivityManager( 1630): 	at com.android.server.am.ActivityManagerService.getActivityDisplayId(ActivityManagerService.java:9806)
06-05 15:51:01.012 W/ActivityManager( 1630): 	at android.app.ActivityManagerNative.onTransact(ActivityManagerNative.java:2566)
06-05 15:51:01.012 W/ActivityManager( 1630): 	at com.android.server.am.ActivityManagerService.onTransact(ActivityManagerService.java:2757)
06-05 15:51:01.012 W/ActivityManager( 1630): 	at android.os.Binder.execTransact(Binder.java:565)
06-05 15:51:01.013 W/ActivityManager( 1630): Bad activity token: android.os.BinderProxy@2ff31d1
06-05 15:51:01.013 W/ActivityManager( 1630): java.lang.ClassCastException: android.os.BinderProxy cannot be cast to com.android.server.am.ActivityRecord$Token
06-05 15:51:01.013 W/ActivityManager( 1630): 	at com.android.server.am.ActivityRecord.forTokenLocked(ActivityRecord.java:586)
06-05 15:51:01.013 W/ActivityManager( 1630): 	at com.android.server.am.ActivityRecord.isInStackLocked(ActivityRecord.java:1327)
06-05 15:51:01.013 W/ActivityManager( 1630): 	at com.android.server.am.ActivityManagerService.setTaskDescription(ActivityManagerService.java:9358)
06-05 15:51:01.013 W/ActivityManager( 1630): 	at android.app.ActivityManagerNative.onTransact(ActivityManagerNative.java:2639)
06-05 15:51:01.013 W/ActivityManager( 1630): 	at com.android.server.am.ActivityManagerService.onTransact(ActivityManagerService.java:2757)
06-05 15:51:01.013 W/ActivityManager( 1630): 	at android.os.Binder.execTransact(Binder.java:565)
06-05 15:51:01.013 W/ActivityManager( 1630): Bad activity token: android.os.BinderProxy@2ff31d1
06-05 15:51:01.013 W/ActivityManager( 1630): java.lang.ClassCastException: android.os.BinderProxy cannot be cast to com.android.server.am.ActivityRecord$Token
06-05 15:51:01.013 W/ActivityManager( 1630): 	at com.android.server.am.ActivityRecord.forTokenLocked(ActivityRecord.java:586)
06-05 15:51:01.013 W/ActivityManager( 1630): 	at com.android.server.am.ActivityRecord.isInStackLocked(ActivityRecord.java:1327)
06-05 15:51:01.013 W/ActivityManager( 1630): 	at com.android.server.am.ActivityRecord.getStackLocked(ActivityRecord.java:1332)
06-05 15:51:01.013 W/ActivityManager( 1630): 	at com.android.server.am.ActivityManagerService.getActivityStackId(ActivityManagerService.java:9817)
06-05 15:51:01.013 W/ActivityManager( 1630): 	at android.app.ActivityManagerNative.onTransact(ActivityManagerNative.java:2856)
06-05 15:51:01.013 W/ActivityManager( 1630): 	at com.android.server.am.ActivityManagerService.onTransact(ActivityManagerService.java:2757)
06-05 15:51:01.013 W/ActivityManager( 1630): 	at android.os.Binder.execTransact(Binder.java:565)
06-05 15:51:01.017 W/ActivityManager( 1630): Bad activity token: android.os.BinderProxy@2ff31d1
06-05 15:51:01.017 W/ActivityManager( 1630): java.lang.ClassCastException: android.os.BinderProxy cannot be cast to com.android.server.am.ActivityRecord$Token
06-05 15:51:01.017 W/ActivityManager( 1630): 	at com.android.server.am.ActivityRecord.forTokenLocked(ActivityRecord.java:586)
06-05 15:51:01.017 W/ActivityManager( 1630): 	at com.android.server.am.ActivityRecord.isInStackLocked(ActivityRecord.java:1327)
06-05 15:51:01.017 W/ActivityManager( 1630): 	at com.android.server.am.ActivityManagerService.getActivityOptions(ActivityManagerService.java:12559)
06-05 15:51:01.017 W/ActivityManager( 1630): 	at android.app.ActivityManagerNative.onTransact(ActivityManagerNative.java:1933)
06-05 15:51:01.017 W/ActivityManager( 1630): 	at com.android.server.am.ActivityManagerService.onTransact(ActivityManagerService.java:2757)
06-05 15:51:01.017 W/ActivityManager( 1630): 	at android.os.Binder.execTransact(Binder.java:565)
06-05 15:51:01.017 W/ActivityManager( 1630): Bad activity token: android.os.BinderProxy@2ff31d1
06-05 15:51:01.017 W/ActivityManager( 1630): java.lang.ClassCastException: android.os.BinderProxy cannot be cast to com.android.server.am.ActivityRecord$Token
06-05 15:51:01.017 W/ActivityManager( 1630): 	at com.android.server.am.ActivityRecord.forTokenLocked(ActivityRecord.java:586)
06-05 15:51:01.017 W/ActivityManager( 1630): 	at com.android.server.am.ActivityRecord.isInStackLocked(ActivityRecord.java:1327)
06-05 15:51:01.017 W/ActivityManager( 1630): 	at com.android.server.am.ActivityManagerService.getActivityOptions(ActivityManagerService.java:12559)
06-05 15:51:01.017 W/ActivityManager( 1630): 	at android.app.ActivityManagerNative.onTransact(ActivityManagerNative.java:1933)
06-05 15:51:01.017 W/ActivityManager( 1630): 	at com.android.server.am.ActivityManagerService.onTransact(ActivityManagerService.java:2757)
06-05 15:51:01.017 W/ActivityManager( 1630): 	at android.os.Binder.execTransact(Binder.java:565)
06-05 15:51:01.021 I/System.out(19541): URI: //map
06-05 15:51:01.021 I/System.out(19541): params: {json={"query":"* {text CONTAINS[c] 'Default Vehicle'}","operation":{"method_name":"query","arguments":[]}}
06-05 15:51:01.021 I/System.out(19541): }
06-05 15:51:01.070 I/System.out(19541): URI: //gesture
06-05 15:51:01.070 I/System.out(19541): params: {json={"query_timeout":5.0,"gestures":[{"query_string":"* {text CONTAINS[c] 'Default Vehicle'}","touches":[{"x":50,"y":50,"offset_x":0,"offset_y":0,"wait":0.0,"time":1.0,"release":true,"query_string":null}]}]}
06-05 15:51:01.070 I/System.out(19541): }
06-05 15:51:01.075 I/art     (19541): Do partial code cache collection, code=29KB, data=29KB
06-05 15:51:01.075 I/art     (19541): After code cache collection, code=29KB, data=29KB
06-05 15:51:01.075 I/art     (19541): Increasing code cache capacity to 128KB
06-05 15:51:01.076 V/PhoneStatusBar( 1712): setLightsOn(true)
06-05 15:51:01.233 D/gralloc_ranchu( 1346): gralloc_alloc: Creating ashmem region of size 9023488
06-05 15:51:01.376 V/PhoneStatusBar( 1712): setLightsOn(true)
06-05 15:51:01.377 V/PhoneStatusBar( 1712): setLightsOn(true)
06-05 15:51:01.378 W/OpenGLRenderer( 2099): Incorrectly called buildLayer on View: ShortcutAndWidgetContainer, destroying layer...
06-05 15:51:01.394 I/WindowManager( 1630): Destroying surface Surface(name=com.android.launcher3/com.android.launcher3.Launcher) called by com.android.server.wm.WindowStateAnimator.destroySurface:2016 com.android.server.wm.WindowStateAnimator.destroySurfaceLocked:882 com.android.server.wm.WindowState.destroyOrSaveSurface:2100 com.android.server.wm.AppWindowToken.destroySurfaces:363 com.android.server.wm.AppWindowToken.notifyAppStopped:389 com.android.server.wm.WindowManagerService.notifyAppStopped:4463 com.android.server.am.ActivityStack.activityStoppedLocked:1252 com.android.server.am.ActivityManagerService.activityStopped:6903 
06-05 15:51:01.395 V/PhoneStatusBar( 1712): setLightsOn(true)
06-05 15:51:01.736 V/PhoneStatusBar( 1712): setLightsOn(true)
06-05 15:51:01.740 V/PhoneStatusBar( 1712): setLightsOn(true)
06-05 15:51:01.743 V/PhoneStatusBar( 1712): setLightsOn(true)
06-05 15:51:01.767 D/gralloc_ranchu( 1346): gralloc_alloc: Creating ashmem region of size 868352
06-05 15:51:01.773 V/PhoneStatusBar( 1712): setLightsOn(true)
06-05 15:51:01.774 V/PhoneStatusBar( 1712): setLightsOn(true)
06-05 15:51:01.776 V/PhoneStatusBar( 1712): setLightsOn(true)
06-05 15:51:01.776 D/gralloc_ranchu( 1346): gralloc_alloc: Creating ashmem region of size 868352
06-05 15:51:02.028 V/PhoneStatusBar( 1712): setLightsOn(true)
06-05 15:51:02.142 I/System.out(19541): URI: //map
06-05 15:51:02.142 I/System.out(19541): params: {json={"query":"android.widget.ScrollView index:0","operation":{"method_name":"query","arguments":[]}}
06-05 15:51:02.142 I/System.out(19541): }
06-05 15:51:02.184 I/System.out(19541): URI: //map
06-05 15:51:02.184 I/System.out(19541): params: {json={"query":"android.widget.AbsListView index:0","operation":{"method_name":"query","arguments":[]}}
06-05 15:51:02.184 I/System.out(19541): }
06-05 15:51:02.197 I/System.out(19541): URI: //map
06-05 15:51:02.197 I/System.out(19541): params: {json={"query":"android.widget.AbsListView index:0","operation":{"method_name":"query","arguments":[]}}
06-05 15:51:02.197 I/System.out(19541): }
06-05 15:51:02.208 I/System.out(19541): URI: //map
06-05 15:51:02.208 I/System.out(19541): params: {json={"query":"android.widget.AbsListView index:0","operation":{"method_name":"query","arguments":[]}}
06-05 15:51:02.208 I/System.out(19541): }
06-05 15:51:02.220 I/System.out(19541): URI: //map
06-05 15:51:02.220 I/System.out(19541): params: {json={"query":"android.widget.AbsListView index:0","operation":{"method_name":"query","arguments":["getFirstVisiblePosition"]}}
06-05 15:51:02.220 I/System.out(19541): }
06-05 15:51:02.231 I/System.out(19541): URI: //map
06-05 15:51:02.231 I/System.out(19541): params: {json={"query":"android.widget.AbsListView index:0","operation":{"method_name":"query","arguments":["getLastVisiblePosition"]}}
06-05 15:51:02.231 I/System.out(19541): }
06-05 15:51:02.241 I/System.out(19541): URI: //map
06-05 15:51:02.241 I/System.out(19541): params: {json={"query":"android.widget.AbsListView index:0","operation":{"method_name":"query","arguments":[{"method_name":"setSelection","arguments":[1]}]}}
06-05 15:51:02.241 I/System.out(19541): }
06-05 15:51:02.257 I/System.out(19541): URI: //map
06-05 15:51:02.257 I/System.out(19541): params: {json={"query":"* {text CONTAINS[c] 'Edit'}","operation":{"method_name":"query","arguments":[]}}
06-05 15:51:02.257 I/System.out(19541): }
06-05 15:51:02.286 V/PhoneStatusBar( 1712): setLightsOn(true)
06-05 15:51:02.325 I/System.out(19541): URI: //map
06-05 15:51:02.325 I/System.out(19541): params: {json={"query":"* marked:'Edit'","operation":{"method_name":"query","arguments":[]}}
06-05 15:51:02.325 I/System.out(19541): }
06-05 15:51:02.328 W/ResourceType(19541): No package identifier when getting name for resource number 0x00000001
06-05 15:51:02.337 I/art     (19541): Do partial code cache collection, code=58KB, data=61KB
06-05 15:51:02.337 I/art     (19541): After code cache collection, code=58KB, data=61KB
06-05 15:51:02.337 I/art     (19541): Increasing code cache capacity to 256KB
06-05 15:51:02.339 I/System.out(19541): URI: //gesture
06-05 15:51:02.339 I/System.out(19541): params: {json={"query_timeout":5.0,"gestures":[{"query_string":"* marked:'Edit'","touches":[{"x":50,"y":50,"offset_x":0,"offset_y":0,"wait":0.0,"time":0.2,"release":true,"query_string":null}]}]}
06-05 15:51:02.339 I/System.out(19541): }
06-05 15:51:02.343 W/ResourceType(19541): No package identifier when getting name for resource number 0x00000001
06-05 15:51:02.577 I/ActivityManager( 1630): START u0 {cmp=com.evancharlton.mileage/.VehicleActivity (has extras)} from uid 10086 on display 0
06-05 15:51:02.578 V/PhoneStatusBar( 1712): setLightsOn(true)
06-05 15:51:02.579 V/PhoneStatusBar( 1712): setLightsOn(true)
06-05 15:51:02.581 V/PhoneStatusBar( 1712): setLightsOn(true)
06-05 15:51:02.581 W/InputEventReceiver(19541): Attempted to finish an input event but the input event receiver has already been disposed.
06-05 15:51:02.584 I/calabash(19541): newActivity1
06-05 15:51:02.589 I/System.out(19541): URI: //gesture
06-05 15:51:02.589 I/System.out(19541): params: {json={"query_timeout":5.0,"gestures":[{"query_string":"android.widget.EditText index:4","touches":[{"x":50,"y":50,"offset_x":0,"offset_y":0,"wait":0.0,"time":0.2,"release":true,"query_string":null}]}]}
06-05 15:51:02.589 I/System.out(19541): }
06-05 15:51:02.601 V/PhoneStatusBar( 1712): setLightsOn(true)
06-05 15:51:02.609 V/PhoneStatusBar( 1712): setLightsOn(true)
06-05 15:51:02.612 D/gralloc_ranchu( 1346): gralloc_alloc: Creating ashmem region of size 9023488
06-05 15:51:02.626 V/PhoneStatusBar( 1712): setLightsOn(true)
06-05 15:51:02.650 I/ActivityManager( 1630): Displayed com.evancharlton.mileage/.VehicleActivity: +68ms
06-05 15:51:02.650 W/InputMethodService( 1697): Window size has been changed. This may cause jankiness of resizing window: -1 -> -2
06-05 15:51:02.658 I/LatinIME( 1697): Starting input. Cursor position = 0,0
06-05 15:51:02.659 D/gralloc_ranchu( 1346): gralloc_alloc: Creating ashmem region of size 9023488
06-05 15:51:02.660 V/PhoneStatusBar( 1712): setLightsOn(true)
06-05 15:51:02.693 V/PhoneStatusBar( 1712): setLightsOn(true)
06-05 15:51:02.743 V/PhoneStatusBar( 1712): setLightsOn(true)
06-05 15:51:02.760 V/PhoneStatusBar( 1712): setLightsOn(true)
06-05 15:51:02.777 D/EGL_emulation( 1712): eglMakeCurrent: 0xb4085540: ver 2 0 (tinfo 0xb4083740)
06-05 15:51:02.778 V/PhoneStatusBar( 1712): setLightsOn(true)
06-05 15:51:02.778 D/EGL_emulation( 1697): eglMakeCurrent: 0xb4085660: ver 2 0 (tinfo 0xb40834b0)
06-05 15:51:02.793 D/EGL_emulation( 1712): eglMakeCurrent: 0xb4085540: ver 2 0 (tinfo 0xb4083740)
06-05 15:51:02.809 V/PhoneStatusBar( 1712): setLightsOn(true)
06-05 15:51:02.843 I/WindowManager( 1630): Destroying surface Surface(name=PopupWindow:ec7c5e1) called by com.android.server.wm.WindowStateAnimator.destroySurface:2016 com.android.server.wm.WindowStateAnimator.destroySurfaceLocked:882 com.android.server.wm.WindowState.destroyOrSaveSurface:2100 com.android.server.wm.AppWindowToken.destroySurfaces:363 com.android.server.wm.WindowStateAnimator.finishExit:565 com.android.server.wm.WindowStateAnimator.stepAnimationLocked:491 com.android.server.wm.WindowAnimator.updateWindowsLocked:303 com.android.server.wm.WindowAnimator.animateLocked:704 
06-05 15:51:02.860 V/PhoneStatusBar( 1712): setLightsOn(true)
06-05 15:51:02.893 V/PhoneStatusBar( 1712): setLightsOn(true)
06-05 15:51:03.010 V/PhoneStatusBar( 1712): setLightsOn(true)
06-05 15:51:03.026 V/PhoneStatusBar( 1712): setLightsOn(true)
06-05 15:51:03.026 V/PhoneStatusBar( 1712): setLightsOn(true)
06-05 15:51:03.043 V/PhoneStatusBar( 1712): setLightsOn(true)
06-05 15:51:03.043 I/WindowManager( 1630): Destroying surface Surface(name=com.evancharlton.mileage/com.evancharlton.mileage.Mileage) called by com.android.server.wm.WindowStateAnimator.destroySurface:2016 com.android.server.wm.WindowStateAnimator.destroySurfaceLocked:882 com.android.server.wm.WindowState.destroyOrSaveSurface:2100 com.android.server.wm.WindowManagerService.tryStartExitingAnimation:3024 com.android.server.wm.WindowManagerService.relayoutWindow:2904 com.android.server.wm.Session.relayout:224 android.view.IWindowSession$Stub.onTransact:286 com.android.server.wm.Session.onTransact:145 
06-05 15:51:03.044 V/PhoneStatusBar( 1712): setLightsOn(true)
06-05 15:51:03.348 I/LatinIME( 1697): Starting input. Cursor position = 22,22
06-05 15:51:03.391 W/IInputConnectionWrapper(19541): finishComposingText on inactive InputConnection
06-05 15:51:03.391 W/IInputConnectionWrapper(19541): finishComposingText on inactive InputConnection
06-05 15:51:03.392 V/PhoneStatusBar( 1712): setLightsOn(true)
06-05 15:51:03.393 V/PhoneStatusBar( 1712): setLightsOn(true)
06-05 15:51:03.409 D/gralloc_ranchu( 1346): gralloc_alloc: Creating ashmem region of size 49152
06-05 15:51:03.413 V/PhoneStatusBar( 1712): setLightsOn(true)
06-05 15:51:03.413 V/PhoneStatusBar( 1712): setLightsOn(true)
06-05 15:51:03.427 V/PhoneStatusBar( 1712): setLightsOn(true)
06-05 15:51:03.526 D/gralloc_ranchu( 1346): gralloc_alloc: Creating ashmem region of size 49152
06-05 15:51:03.526 V/PhoneStatusBar( 1712): setLightsOn(true)
06-05 15:51:03.857 I/System.out(19541): URI: //
06-05 15:51:03.857 I/System.out(19541): params: {json={"command":"set_selection","arguments":[-1,-1]}
06-05 15:51:03.857 I/System.out(19541): }
06-05 15:51:03.857 I/System.out(19541): header: {content-type=application/json;charset=utf-8, date=Fri, 05 Jun 2020 20:51:04 GMT, accept=*/*, host=127.0.0.1:34784, content-length=47, user-agent=HTTPClient/1.0 (2.8.3, ruby 2.5.1 (2018-03-29))}
06-05 15:51:03.857 I/System.out(19541): params: {json={"command":"set_selection","arguments":[-1,-1]}
06-05 15:51:03.857 I/System.out(19541): }
06-05 15:51:03.858 I/System.out(19541): ProP json = {"command":"set_selection","arguments":[-1,-1]}
06-05 15:51:03.858 I/System.out(19541): files: {}
06-05 15:51:03.858 I/System.out(19541): command: {"command":"set_selection","arguments":[-1,-1]}
06-05 15:51:03.861 I/InstrumentationBackend(19541): Got command:'Command:'Line:null,set_selection', arguments:'[-1, -1]'
06-05 15:51:03.879 I/System.out(19541): result:{"bonusInformation":[],"message":"","success":true}
06-05 15:51:03.962 D/gralloc_ranchu( 1346): gralloc_alloc: Creating ashmem region of size 9023488
06-05 15:51:03.982 I/System.out(19541): URI: //
06-05 15:51:03.982 I/System.out(19541): params: {json={"command":"delete_surrounding_text","arguments":[-1,0]}
06-05 15:51:03.982 I/System.out(19541): }
06-05 15:51:03.982 I/System.out(19541): header: {content-type=application/json;charset=utf-8, date=Fri, 05 Jun 2020 20:51:04 GMT, accept=*/*, host=127.0.0.1:34784, content-length=56, user-agent=HTTPClient/1.0 (2.8.3, ruby 2.5.1 (2018-03-29))}
06-05 15:51:03.982 I/System.out(19541): params: {json={"command":"delete_surrounding_text","arguments":[-1,0]}
06-05 15:51:03.982 I/System.out(19541): }
06-05 15:51:03.983 I/System.out(19541): ProP json = {"command":"delete_surrounding_text","arguments":[-1,0]}
06-05 15:51:03.983 I/System.out(19541): files: {}
06-05 15:51:03.983 I/System.out(19541): command: {"command":"delete_surrounding_text","arguments":[-1,0]}
06-05 15:51:03.984 I/InstrumentationBackend(19541): Got command:'Command:'Line:null,delete_surrounding_text', arguments:'[-1, 0]'
06-05 15:51:04.007 E/SpannableStringBuilder(19541): SPAN_EXCLUSIVE_EXCLUSIVE spans cannot have a zero length
06-05 15:51:04.007 E/SpannableStringBuilder(19541): SPAN_EXCLUSIVE_EXCLUSIVE spans cannot have a zero length
06-05 15:51:04.009 V/PhoneStatusBar( 1712): setLightsOn(true)
06-05 15:51:04.013 I/System.out(19541): result:{"bonusInformation":[],"message":"","success":true}
06-05 15:51:04.017 I/System.out(19541): URI: //map
06-05 15:51:04.017 I/System.out(19541): params: {json={"query":"android.widget.EditText index:4","operation":{"method_name":"query","arguments":[]}}
06-05 15:51:04.017 I/System.out(19541): }
06-05 15:51:04.075 I/System.out(19541): URI: //gesture
06-05 15:51:04.075 I/System.out(19541): params: {json={"query_timeout":5.0,"gestures":[{"query_string":"android.widget.EditText index:4","touches":[{"x":50,"y":50,"offset_x":0,"offset_y":0,"wait":0.0,"time":0.2,"release":true,"query_string":null}]}]}
06-05 15:51:04.075 I/System.out(19541): }
06-05 15:51:04.193 I/WindowManager( 1630): Destroying surface Surface(name=PopupWindow:4f091ba) called by com.android.server.wm.WindowStateAnimator.destroySurface:2016 com.android.server.wm.WindowStateAnimator.destroySurfaceLocked:882 com.android.server.wm.WindowState.destroyOrSaveSurface:2100 com.android.server.wm.AppWindowToken.destroySurfaces:363 com.android.server.wm.WindowStateAnimator.finishExit:565 com.android.server.wm.WindowStateAnimator.stepAnimationLocked:491 com.android.server.wm.WindowAnimator.updateWindowsLocked:303 com.android.server.wm.WindowAnimator.animateLocked:704 
06-05 15:51:04.195 V/PhoneStatusBar( 1712): setLightsOn(true)
06-05 15:51:04.200 V/PhoneStatusBar( 1712): setLightsOn(true)
06-05 15:51:04.853 I/System.out(19541): URI: //
06-05 15:51:04.853 I/System.out(19541): params: {json={"command":"set_selection","arguments":[-1,-1]}
06-05 15:51:04.853 I/System.out(19541): }
06-05 15:51:04.853 I/System.out(19541): header: {content-type=application/json;charset=utf-8, date=Fri, 05 Jun 2020 20:51:05 GMT, accept=*/*, host=127.0.0.1:34784, content-length=47, user-agent=HTTPClient/1.0 (2.8.3, ruby 2.5.1 (2018-03-29))}
06-05 15:51:04.853 I/System.out(19541): params: {json={"command":"set_selection","arguments":[-1,-1]}
06-05 15:51:04.854 I/System.out(19541): }
06-05 15:51:04.854 I/System.out(19541): ProP json = {"command":"set_selection","arguments":[-1,-1]}
06-05 15:51:04.854 I/System.out(19541): files: {}
06-05 15:51:04.854 I/System.out(19541): command: {"command":"set_selection","arguments":[-1,-1]}
06-05 15:51:04.855 I/InstrumentationBackend(19541): Got command:'Command:'Line:null,set_selection', arguments:'[-1, -1]'
06-05 15:51:04.859 I/System.out(19541): result:{"bonusInformation":[],"message":"","success":true}
06-05 15:51:04.883 I/System.out(19541): URI: //
06-05 15:51:04.883 I/System.out(19541): params: {json={"command":"keyboard_enter_text","arguments":["Updated"]}
06-05 15:51:04.883 I/System.out(19541): }
06-05 15:51:04.883 I/System.out(19541): header: {content-type=application/json;charset=utf-8, date=Fri, 05 Jun 2020 20:51:05 GMT, accept=*/*, host=127.0.0.1:34784, content-length=57, user-agent=HTTPClient/1.0 (2.8.3, ruby 2.5.1 (2018-03-29))}
06-05 15:51:04.884 I/System.out(19541): params: {json={"command":"keyboard_enter_text","arguments":["Updated"]}
06-05 15:51:04.884 I/System.out(19541): }
06-05 15:51:04.884 I/System.out(19541): ProP json = {"command":"keyboard_enter_text","arguments":["Updated"]}
06-05 15:51:04.884 I/System.out(19541): files: {}
06-05 15:51:04.884 I/System.out(19541): command: {"command":"keyboard_enter_text","arguments":["Updated"]}
06-05 15:51:04.885 I/InstrumentationBackend(19541): Got command:'Command:'Line:null,keyboard_enter_text', arguments:'[Updated]'
06-05 15:51:04.885 E/SpannableStringBuilder(19541): SPAN_EXCLUSIVE_EXCLUSIVE spans cannot have a zero length
06-05 15:51:04.885 E/SpannableStringBuilder(19541): SPAN_EXCLUSIVE_EXCLUSIVE spans cannot have a zero length
06-05 15:51:04.890 E/SpannableStringBuilder(19541): SPAN_EXCLUSIVE_EXCLUSIVE spans cannot have a zero length
06-05 15:51:04.890 E/SpannableStringBuilder(19541): SPAN_EXCLUSIVE_EXCLUSIVE spans cannot have a zero length
06-05 15:51:04.894 I/System.out(19541): result:{"bonusInformation":[],"message":"","success":true}
06-05 15:51:04.901 I/System.out(19541): URI: //
06-05 15:51:04.901 I/System.out(19541): params: {json={"command":"press_key","arguments":["KEYCODE_BACK"]}
06-05 15:51:04.901 I/System.out(19541): }
06-05 15:51:04.901 I/System.out(19541): header: {content-type=application/json;charset=utf-8, date=Fri, 05 Jun 2020 20:51:05 GMT, accept=*/*, host=127.0.0.1:34784, content-length=52, user-agent=HTTPClient/1.0 (2.8.3, ruby 2.5.1 (2018-03-29))}
06-05 15:51:04.901 I/System.out(19541): params: {json={"command":"press_key","arguments":["KEYCODE_BACK"]}
06-05 15:51:04.901 I/System.out(19541): }
06-05 15:51:04.901 I/System.out(19541): ProP json = {"command":"press_key","arguments":["KEYCODE_BACK"]}
06-05 15:51:04.901 I/System.out(19541): files: {}
06-05 15:51:04.902 I/System.out(19541): command: {"command":"press_key","arguments":["KEYCODE_BACK"]}
06-05 15:51:04.903 I/InstrumentationBackend(19541): Got command:'Command:'Line:null,press_key', arguments:'[KEYCODE_BACK]'
06-05 15:51:04.929 I/art     (19541): Compiler allocated 7MB to compile sh.calaba.instrumentationbackend.actions.NanoHTTPD$Response sh.calaba.instrumentationbackend.actions.HttpServer.serve(java.lang.String, java.lang.String, java.util.Properties, java.util.Properties, java.util.Properties)
