--------- beginning of main
06-05 18:34:46.754 V/PhoneStatusBar( 1711): setLightsOn(true)
06-05 18:34:46.775 D/gralloc_ranchu( 1346): gralloc_alloc: Creating ashmem region of size 3145728
06-05 18:34:46.784 E/EGL_emulation( 1346): tid 1346: eglCreateSyncKHR(1901): error 0x3004 (EGL_BAD_ATTRIBUTE)
--------- beginning of system
06-05 18:34:46.815 W/ActivityManager( 1629): Finishing task with all activities already finished
06-05 18:34:46.815 W/ActivityManager( 1629): Duplicate finish request for ActivityRecord{eee9003 u0 com.evancharlton.mileage/.Mileage t3091 f}
06-05 18:34:46.816 W/ActivityManager( 1629): Finishing task with all activities already finished
06-05 18:34:46.816 W/ActivityManager( 1629): Duplicate finish request for ActivityRecord{eee9003 u0 com.evancharlton.mileage/.Mileage t3091 f}
06-05 18:34:46.817 W/ActivityManager( 1629): Finishing task with all activities already finished
06-05 18:34:46.817 W/ActivityManager( 1629): Duplicate finish request for ActivityRecord{eee9003 u0 com.evancharlton.mileage/.Mileage t3091 f}
06-05 18:34:46.817 W/ActivityManager( 1629): Finishing task with all activities already finished
06-05 18:34:46.817 W/ActivityManager( 1629): Duplicate finish request for ActivityRecord{eee9003 u0 com.evancharlton.mileage/.Mileage t3091 f}
06-05 18:34:46.818 W/ActivityManager( 1629): Finishing task with all activities already finished
06-05 18:34:46.818 W/ActivityManager( 1629): Duplicate finish request for ActivityRecord{eee9003 u0 com.evancharlton.mileage/.Mileage t3091 f}
06-05 18:34:46.818 W/ActivityManager( 1629): Finishing task with all activities already finished
06-05 18:34:46.818 W/ActivityManager( 1629): Duplicate finish request for ActivityRecord{2131155 u0 com.evancharlton.mileage/.charts.MinimumVolumeChart t3091 f}
06-05 18:34:46.818 W/ActivityManager( 1629): Finishing task with all activities already finished
06-05 18:34:46.818 W/ActivityManager( 1629): Duplicate finish request for ActivityRecord{2131155 u0 com.evancharlton.mileage/.charts.MinimumVolumeChart t3091 f}
06-05 18:34:46.819 W/ActivityManager( 1629): Finishing task with all activities already finished
06-05 18:34:46.819 W/ActivityManager( 1629): Duplicate finish request for ActivityRecord{eee9003 u0 com.evancharlton.mileage/.Mileage t3091 f}
06-05 18:34:46.819 W/ActivityManager( 1629): Finishing task with all activities already finished
06-05 18:34:46.819 W/ActivityManager( 1629): Duplicate finish request for ActivityRecord{eee9003 u0 com.evancharlton.mileage/.Mileage t3091 f}
06-05 18:34:46.855 D/EGL_emulation( 1711): eglMakeCurrent: 0xa5b6bd80: ver 2 0 (tinfo 0xb1367140)
06-05 18:34:46.857 D/EGL_emulation( 1711): eglMakeCurrent: 0xa5b6bd80: ver 2 0 (tinfo 0xb1367140)
06-05 18:34:46.872 D/EGL_emulation( 2150): eglMakeCurrent: 0xb4f852a0: ver 2 0 (tinfo 0xb4f832e0)
06-05 18:34:46.905 D/EGL_emulation( 1711): eglMakeCurrent: 0xa5b6bd80: ver 2 0 (tinfo 0xb1367140)
06-05 18:34:46.920 D/EGL_emulation( 1711): eglMakeCurrent: 0xa5b6bd80: ver 2 0 (tinfo 0xb1367140)
06-05 18:34:46.922 D/EGL_emulation( 1711): eglMakeCurrent: 0xa5b6bd80: ver 2 0 (tinfo 0xb1367140)
06-05 18:34:46.937 D/EGL_emulation( 1711): eglMakeCurrent: 0xa5b6bd80: ver 2 0 (tinfo 0xb1367140)
06-05 18:34:46.939 D/EGL_emulation( 1711): eglMakeCurrent: 0xa5b6bd80: ver 2 0 (tinfo 0xb1367140)
06-05 18:34:46.954 D/EGL_emulation( 1711): eglMakeCurrent: 0xa5b6bd80: ver 2 0 (tinfo 0xb1367140)
06-05 18:34:46.956 D/EGL_emulation( 1711): eglMakeCurrent: 0xa5b6bd80: ver 2 0 (tinfo 0xb1367140)
06-05 18:34:46.971 D/EGL_emulation( 1711): eglMakeCurrent: 0xa5b6bd80: ver 2 0 (tinfo 0xb1367140)
06-05 18:34:46.972 D/EGL_emulation( 1711): eglMakeCurrent: 0xa5b6bd80: ver 2 0 (tinfo 0xb1367140)
06-05 18:34:46.987 D/EGL_emulation( 1711): eglMakeCurrent: 0xa5b6bd80: ver 2 0 (tinfo 0xb1367140)
06-05 18:34:46.989 D/EGL_emulation( 1711): eglMakeCurrent: 0xa5b6bd80: ver 2 0 (tinfo 0xb1367140)
06-05 18:34:46.999 D/AndroidRuntime( 6401): >>>>>> START com.android.internal.os.RuntimeInit uid 2000 <<<<<<
06-05 18:34:47.000 D/AndroidRuntime( 6401): CheckJNI is ON
06-05 18:34:47.004 D/EGL_emulation( 1711): eglMakeCurrent: 0xa5b6bd80: ver 2 0 (tinfo 0xb1367140)
06-05 18:34:47.006 D/EGL_emulation( 1711): eglMakeCurrent: 0xa5b6bd80: ver 2 0 (tinfo 0xb1367140)
06-05 18:34:47.014 W/art     ( 6401): Unexpected CPU variant for X86 using defaults: x86
06-05 18:34:47.017 D/ICU     ( 6401): No timezone override file found: /data/misc/zoneinfo/current/icu/icu_tzdata.dat
06-05 18:34:47.021 D/EGL_emulation( 1711): eglMakeCurrent: 0xa5b6bd80: ver 2 0 (tinfo 0xb1367140)
06-05 18:34:47.023 D/EGL_emulation( 1711): eglMakeCurrent: 0xa5b6bd80: ver 2 0 (tinfo 0xb1367140)
06-05 18:34:47.026 E/memtrack( 6401): Couldn't load memtrack module (No such file or directory)
06-05 18:34:47.026 E/android.os.Debug( 6401): failed to load memtrack module: -2
06-05 18:34:47.026 I/Radio-JNI( 6401): register_android_hardware_Radio DONE
06-05 18:34:47.030 D/AndroidRuntime( 6401): Calling main entry com.android.commands.am.Am
06-05 18:34:47.032 I/ActivityManager( 1629): Force stopping com.evancharlton.mileage appid=10160 user=0: start instr
06-05 18:34:47.032 I/ActivityManager( 1629): Killing 6349:com.evancharlton.mileage/u0a160 (adj 0): stop com.evancharlton.mileage
06-05 18:34:47.032 D/ActivityManager( 1629): cleanUpApplicationRecord -- 6349
06-05 18:34:47.032 I/WindowManager( 1629): Destroying surface Surface(name=com.evancharlton.mileage/com.evancharlton.mileage.charts.MinimumVolumeChart) called by com.android.server.wm.WindowStateAnimator.destroySurface:2016 com.android.server.wm.WindowStateAnimator.destroySurfaceLocked:882 com.android.server.wm.WindowState.removeLocked:1456 com.android.server.wm.WindowManagerService.removeWindowInnerLocked:2484 com.android.server.wm.WindowManagerService.removeWindowLocked:2442 com.android.server.wm.WindowManagerService.removeWindowLocked:2311 com.android.server.wm.AppWindowToken.removeAllWindows:530 com.android.server.wm.AppWindowToken.removeAppFromTaskLocked:326 
06-05 18:34:47.033 W/ActivityManager( 1629): Crash of app com.evancharlton.mileage running instrumentation ComponentInfo{com.evancharlton.mileage.test/sh.calaba.instrumentationbackend.CalabashInstrumentationTestRunner}
06-05 18:34:47.033 I/ActivityManager( 1629): Force stopping com.evancharlton.mileage appid=10160 user=0: finished inst
06-05 18:34:47.036 I/art     ( 6411): Not late-enabling -Xcheck:jni (already on)
06-05 18:34:47.036 W/art     ( 6411): Unexpected CPU variant for X86 using defaults: x86
06-05 18:34:47.037 D/EGL_emulation( 1711): eglMakeCurrent: 0xa5b6bd80: ver 2 0 (tinfo 0xb1367140)
06-05 18:34:47.039 D/EGL_emulation( 1711): eglMakeCurrent: 0xa5b6bd80: ver 2 0 (tinfo 0xb1367140)
06-05 18:34:47.044 I/ActivityManager( 1629): Start proc 6411:com.evancharlton.mileage/u0a160 for added application com.evancharlton.mileage
06-05 18:34:47.044 D/AndroidRuntime( 6401): Shutting down VM
06-05 18:34:47.048 W/System  ( 6411): ClassLoader referenced unknown path: /data/app/com.evancharlton.mileage.test-1/lib/x86
06-05 18:34:47.048 W/System  ( 6411): ClassLoader referenced unknown path: /data/app/com.evancharlton.mileage-1/lib/x86
06-05 18:34:47.050 W/System  ( 6411): ClassLoader referenced unknown path: 
06-05 18:34:47.055 D/EGL_emulation( 1711): eglMakeCurrent: 0xa5b6bd80: ver 2 0 (tinfo 0xb1367140)
06-05 18:34:47.055 I/System.out( 6411): Main activity name automatically set to: com.evancharlton.mileage.Mileage
06-05 18:34:47.055 I/System.out( 6411): Calabash did not load Mono. This is only a problem if you are trying to test a Mono application
06-05 18:34:47.055 I/calabash( 6411): Test server port: 7102
06-05 18:34:47.056 I/InstrumentationBackend( 6411): Added:'GetPreferences', with key:'get_preferences'
06-05 18:34:47.060 I/InstrumentationBackend( 6411): Added:'SetPreferences', with key:'set_preferences'
06-05 18:34:47.060 I/InstrumentationBackend( 6411): Added:'ClearPreferences', with key:'clear_preferences'
06-05 18:34:47.060 I/InstrumentationBackend( 6411): Added:'PressElement', with key:'press_l10n_element'
06-05 18:34:47.060 I/InstrumentationBackend( 6411): Added:'WaitForElement', with key:'wait_for_l10n_element'
06-05 18:34:47.060 I/InstrumentationBackend( 6411): Added:'NullAction', with key:'nullAction'
06-05 18:34:47.060 I/InstrumentationBackend( 6411): Added:'PressKey', with key:'press_key'
06-05 18:34:47.060 I/InstrumentationBackend( 6411): Added:'SetActivityOrientation', with key:'set_activity_orientation'
06-05 18:34:47.061 I/InstrumentationBackend( 6411): Added:'GetActivityOrientation', with key:'get_activity_orientation'
06-05 18:34:47.061 I/InstrumentationBackend( 6411): Added:'FakeGPSLocation', with key:'set_gps_coordinates'
06-05 18:34:47.061 I/InstrumentationBackend( 6411): Added:'SetPropertyByCssSelector', with key:'set_property_by_css_selector'
06-05 18:34:47.061 I/InstrumentationBackend( 6411): Added:'GetUrl', with key:'get_url'
06-05 18:34:47.061 I/InstrumentationBackend( 6411): Added:'ScrollTo', with key:'scroll_to'
06-05 18:34:47.061 I/InstrumentationBackend( 6411): Added:'GetLoadProgress', with key:'get_load_progress'
06-05 18:34:47.061 I/InstrumentationBackend( 6411): Added:'DumpHtml', with key:'dump_html'
06-05 18:34:47.061 I/InstrumentationBackend( 6411): Added:'DumpBodyHtml', with key:'dump_body_html'
06-05 18:34:47.061 I/InstrumentationBackend( 6411): Added:'EnterTextByCssSelector', with key:'enter_text_by_selector'
06-05 18:34:47.062 I/InstrumentationBackend( 6411): Added:'AndroidSDKVersion', with key:'android_sdk_version'
06-05 18:34:47.062 I/InstrumentationBackend( 6411): Added:'Version', with key:'version'
06-05 18:34:47.062 I/InstrumentationBackend( 6411): Added:'Drag', with key:'drag'
06-05 18:34:47.062 I/InstrumentationBackend( 6411): Added:'TouchCoordinates', with key:'touch_coordinate'
06-05 18:34:47.062 I/InstrumentationBackend( 6411): Added:'LongPressCoordinate', with key:'long_press_coordinate'
06-05 18:34:47.062 I/InstrumentationBackend( 6411): Added:'DragCoordinates', with key:'drag_coordinates'
06-05 18:34:47.062 I/InstrumentationBackend( 6411): Added:'ResumeApplication', with key:'resume_application'
06-05 18:34:47.062 I/InstrumentationBackend( 6411): Added:'Swipe', with key:'swipe'
06-05 18:34:47.062 I/InstrumentationBackend( 6411): Added:'DoubleTapCoordinate', with key:'double_tap_coordinate'
06-05 18:34:47.062 I/InstrumentationBackend( 6411): Added:'ClickOnScreen', with key:'click_on_screen'
06-05 18:34:47.062 I/InstrumentationBackend( 6411): Added:'GetActivityName', with key:'get_activity_name'
06-05 18:34:47.062 I/InstrumentationBackend( 6411): Added:'ScrollToView', with key:'scroll_to_view'
06-05 18:34:47.062 I/InstrumentationBackend( 6411): Added:'ViewConfiguration', with key:'view_configuration'
06-05 18:34:47.062 I/InstrumentationBackend( 6411): Added:'IsCurrentActivityFocused', with key:'is_current_activity_focused'
06-05 18:34:47.062 I/InstrumentationBackend( 6411): Added:'SendTcp', with key:'send_tcp'
06-05 18:34:47.062 I/InstrumentationBackend( 6411): Added:'DpToDevicePixel', with key:'dp_to_device_pixel'
06-05 18:34:47.062 I/InstrumentationBackend( 6411): Added:'KeyboardEnterText', with key:'keyboard_enter_text'
06-05 18:34:47.062 I/InstrumentationBackend( 6411): Added:'DeleteSurroundingText', with key:'delete_surrounding_text'
06-05 18:34:47.062 I/InstrumentationBackend( 6411): Added:'SetComposingRegion', with key:'set_composing_region'
06-05 18:34:47.062 I/InstrumentationBackend( 6411): Added:'SetSelection', with key:'set_selection'
06-05 18:34:47.062 I/InstrumentationBackend( 6411): Added:'KeyboardKeyEvent', with key:'keyboard_key_event'
06-05 18:34:47.062 I/InstrumentationBackend( 6411): Added:'PressUserActionButton', with key:'press_user_action_button'
06-05 18:34:47.063 I/InstrumentationBackend( 6411): Added:'HideSoftKeyboard', with key:'hide_soft_keyboard'
06-05 18:34:47.063 I/InstrumentationBackend( 6411): Added:'ListActions', with key:'list_actions'
06-05 18:34:47.063 I/calabash( 6411): Instantiating http server at 7102
06-05 18:34:47.063 I/System.out( 6411): HTTP Daemon listening on: 7102
06-05 18:34:47.071 D/EGL_emulation( 1711): eglMakeCurrent: 0xa5b6bd80: ver 2 0 (tinfo 0xb1367140)
06-05 18:34:47.072 D/EGL_emulation( 1711): eglMakeCurrent: 0xa5b6bd80: ver 2 0 (tinfo 0xb1367140)
06-05 18:34:47.087 D/EGL_emulation( 1711): eglMakeCurrent: 0xa5b6bd80: ver 2 0 (tinfo 0xb1367140)
06-05 18:34:47.089 D/EGL_emulation( 1711): eglMakeCurrent: 0xa5b6bd80: ver 2 0 (tinfo 0xb1367140)
06-05 18:34:47.091 I/WindowManager( 1629): WIN DEATH: Window{abb12ae u0 com.evancharlton.mileage/com.evancharlton.mileage.Mileage EXITING}
06-05 18:34:47.157 I/System.out( 6411): URI: //ping
06-05 18:34:47.157 I/System.out( 6411): params: {json={}
06-05 18:34:47.157 I/System.out( 6411): }
06-05 18:34:47.165 I/System.out( 6411): URI: //ping
06-05 18:34:47.165 I/System.out( 6411): params: {json={}
06-05 18:34:47.165 I/System.out( 6411): }
06-05 18:34:47.171 I/System.out( 6411): URI: //ready
06-05 18:34:47.171 I/System.out( 6411): params: {json={}
06-05 18:34:47.171 I/System.out( 6411): }
06-05 18:34:47.178 I/System.out( 6411): URI: //
06-05 18:34:47.179 I/System.out( 6411): params: {json={"command":"version","arguments":[]}
06-05 18:34:47.179 I/System.out( 6411): }
06-05 18:34:47.179 I/System.out( 6411): header: {content-type=application/json;charset=utf-8, date=Fri, 05 Jun 2020 23:34:47 GMT, accept=*/*, host=127.0.0.1:34783, content-length=36, user-agent=HTTPClient/1.0 (2.8.3, ruby 2.5.1 (2018-03-29))}
06-05 18:34:47.179 I/System.out( 6411): params: {json={"command":"version","arguments":[]}
06-05 18:34:47.179 I/System.out( 6411): }
06-05 18:34:47.179 I/System.out( 6411): ProP json = {"command":"version","arguments":[]}
06-05 18:34:47.179 I/System.out( 6411): files: {}
06-05 18:34:47.179 I/System.out( 6411): command: {"command":"version","arguments":[]}
06-05 18:34:47.189 I/InstrumentationBackend( 6411): Got command:'Command:'Line:null,version', arguments:'[]'
06-05 18:34:47.216 I/System.out( 6411): result:{"bonusInformation":[],"message":"0.9.8","success":true}
06-05 18:34:47.222 I/System.out( 6411): URI: //start-application
06-05 18:34:47.222 I/System.out( 6411): params: {json={"intent":null}
06-05 18:34:47.222 I/System.out( 6411): }
06-05 18:34:47.245 I/ActivityManager( 1629): START u0 {act=android.intent.action.MAIN cat=[android.intent.category.LAUNCHER] flg=0x10200000 cmp=com.evancharlton.mileage/.Mileage} from uid 10160 on display 0
06-05 18:34:47.268 I/calabash( 6411): newActivity1
06-05 18:34:47.272 D/gralloc_ranchu( 1346): gralloc_alloc: Creating ashmem region of size 9023488
06-05 18:34:47.298 I/calabash( 6411): newActivity1
06-05 18:34:47.301 W/ActivityManager( 1629): Bad activity token: android.os.BinderProxy@3e7196
06-05 18:34:47.301 W/ActivityManager( 1629): java.lang.ClassCastException: android.os.BinderProxy cannot be cast to com.android.server.am.ActivityRecord$Token
06-05 18:34:47.301 W/ActivityManager( 1629): 	at com.android.server.am.ActivityRecord.forTokenLocked(ActivityRecord.java:586)
06-05 18:34:47.301 W/ActivityManager( 1629): 	at com.android.server.am.ActivityRecord.isInStackLocked(ActivityRecord.java:1327)
06-05 18:34:47.301 W/ActivityManager( 1629): 	at com.android.server.am.ActivityRecord.getStackLocked(ActivityRecord.java:1332)
06-05 18:34:47.301 W/ActivityManager( 1629): 	at com.android.server.am.ActivityManagerService.getActivityDisplayId(ActivityManagerService.java:9806)
06-05 18:34:47.301 W/ActivityManager( 1629): 	at android.app.ActivityManagerNative.onTransact(ActivityManagerNative.java:2566)
06-05 18:34:47.301 W/ActivityManager( 1629): 	at com.android.server.am.ActivityManagerService.onTransact(ActivityManagerService.java:2757)
06-05 18:34:47.301 W/ActivityManager( 1629): 	at android.os.Binder.execTransact(Binder.java:565)
06-05 18:34:47.304 W/ActivityManager( 1629): Bad activity token: android.os.BinderProxy@3e7196
06-05 18:34:47.304 W/ActivityManager( 1629): java.lang.ClassCastException: android.os.BinderProxy cannot be cast to com.android.server.am.ActivityRecord$Token
06-05 18:34:47.304 W/ActivityManager( 1629): 	at com.android.server.am.ActivityRecord.forTokenLocked(ActivityRecord.java:586)
06-05 18:34:47.304 W/ActivityManager( 1629): 	at com.android.server.am.ActivityRecord.isInStackLocked(ActivityRecord.java:1327)
06-05 18:34:47.304 W/ActivityManager( 1629): 	at com.android.server.am.ActivityManagerService.setTaskDescription(ActivityManagerService.java:9358)
06-05 18:34:47.304 W/ActivityManager( 1629): 	at android.app.ActivityManagerNative.onTransact(ActivityManagerNative.java:2639)
06-05 18:34:47.304 W/ActivityManager( 1629): 	at com.android.server.am.ActivityManagerService.onTransact(ActivityManagerService.java:2757)
06-05 18:34:47.304 W/ActivityManager( 1629): 	at android.os.Binder.execTransact(Binder.java:565)
06-05 18:34:47.306 W/ActivityManager( 1629): Bad activity token: android.os.BinderProxy@3e7196
06-05 18:34:47.306 W/ActivityManager( 1629): java.lang.ClassCastException: android.os.BinderProxy cannot be cast to com.android.server.am.ActivityRecord$Token
06-05 18:34:47.306 W/ActivityManager( 1629): 	at com.android.server.am.ActivityRecord.forTokenLocked(ActivityRecord.java:586)
06-05 18:34:47.306 W/ActivityManager( 1629): 	at com.android.server.am.ActivityRecord.isInStackLocked(ActivityRecord.java:1327)
06-05 18:34:47.306 W/ActivityManager( 1629): 	at com.android.server.am.ActivityRecord.getStackLocked(ActivityRecord.java:1332)
06-05 18:34:47.306 W/ActivityManager( 1629): 	at com.android.server.am.ActivityManagerService.getActivityStackId(ActivityManagerService.java:9817)
06-05 18:34:47.306 W/ActivityManager( 1629): 	at android.app.ActivityManagerNative.onTransact(ActivityManagerNative.java:2856)
06-05 18:34:47.306 W/ActivityManager( 1629): 	at com.android.server.am.ActivityManagerService.onTransact(ActivityManagerService.java:2757)
06-05 18:34:47.306 W/ActivityManager( 1629): 	at android.os.Binder.execTransact(Binder.java:565)
06-05 18:34:47.332 I/WindowManager( 1629): Destroying surface Surface(name=com.evancharlton.mileage/com.evancharlton.mileage.Mileage) called by com.android.server.wm.WindowStateAnimator.destroySurface:2016 com.android.server.wm.WindowStateAnimator.destroySurfaceLocked:882 com.android.server.wm.WindowState.removeLocked:1456 com.android.server.wm.WindowManagerService.removeWindowInnerLocked:2484 com.android.server.wm.AppWindowToken.destroySurfaces:365 com.android.server.wm.WindowStateAnimator.finishExit:565 com.android.server.wm.AppWindowAnimator.stepAnimationLocked:427 com.android.server.wm.WindowAnimator.updateAppWindowsLocked:196 
06-05 18:34:47.338 D/EGL_emulation( 2150): eglMakeCurrent: 0xb4f852a0: ver 2 0 (tinfo 0xb4f832e0)
06-05 18:34:47.339 V/PhoneStatusBar( 1711): setLightsOn(true)
06-05 18:34:47.353 W/ActivityManager( 1629): Bad activity token: android.os.BinderProxy@3e7196
06-05 18:34:47.353 W/ActivityManager( 1629): java.lang.ClassCastException: android.os.BinderProxy cannot be cast to com.android.server.am.ActivityRecord$Token
06-05 18:34:47.353 W/ActivityManager( 1629): 	at com.android.server.am.ActivityRecord.forTokenLocked(ActivityRecord.java:586)
06-05 18:34:47.353 W/ActivityManager( 1629): 	at com.android.server.am.ActivityRecord.isInStackLocked(ActivityRecord.java:1327)
06-05 18:34:47.353 W/ActivityManager( 1629): 	at com.android.server.am.ActivityManagerService.getActivityOptions(ActivityManagerService.java:12559)
06-05 18:34:47.353 W/ActivityManager( 1629): 	at android.app.ActivityManagerNative.onTransact(ActivityManagerNative.java:1933)
06-05 18:34:47.353 W/ActivityManager( 1629): 	at com.android.server.am.ActivityManagerService.onTransact(ActivityManagerService.java:2757)
06-05 18:34:47.353 W/ActivityManager( 1629): 	at android.os.Binder.execTransact(Binder.java:565)
06-05 18:34:47.354 W/ActivityManager( 1629): Bad activity token: android.os.BinderProxy@3e7196
06-05 18:34:47.354 W/ActivityManager( 1629): java.lang.ClassCastException: android.os.BinderProxy cannot be cast to com.android.server.am.ActivityRecord$Token
06-05 18:34:47.354 W/ActivityManager( 1629): 	at com.android.server.am.ActivityRecord.forTokenLocked(ActivityRecord.java:586)
06-05 18:34:47.354 W/ActivityManager( 1629): 	at com.android.server.am.ActivityRecord.isInStackLocked(ActivityRecord.java:1327)
06-05 18:34:47.354 W/ActivityManager( 1629): 	at com.android.server.am.ActivityManagerService.getActivityOptions(ActivityManagerService.java:12559)
06-05 18:34:47.354 W/ActivityManager( 1629): 	at android.app.ActivityManagerNative.onTransact(ActivityManagerNative.java:1933)
06-05 18:34:47.354 W/ActivityManager( 1629): 	at com.android.server.am.ActivityManagerService.onTransact(ActivityManagerService.java:2757)
06-05 18:34:47.354 W/ActivityManager( 1629): 	at android.os.Binder.execTransact(Binder.java:565)
06-05 18:34:47.355 D/EGL_emulation( 1711): eglMakeCurrent: 0xa5b6bd80: ver 2 0 (tinfo 0xb1367140)
06-05 18:34:47.371 D/EGL_emulation( 1711): eglMakeCurrent: 0xa5b6bd80: ver 2 0 (tinfo 0xb1367140)
06-05 18:34:47.374 D/EGL_emulation( 1711): eglMakeCurrent: 0xa5b6bd80: ver 2 0 (tinfo 0xb1367140)
06-05 18:34:47.375 V/PhoneStatusBar( 1711): setLightsOn(true)
06-05 18:34:47.388 D/EGL_emulation( 1711): eglMakeCurrent: 0xa5b6bd80: ver 2 0 (tinfo 0xb1367140)
06-05 18:34:47.391 D/EGL_emulation( 1711): eglMakeCurrent: 0xa5b6bd80: ver 2 0 (tinfo 0xb1367140)
06-05 18:34:47.404 D/EGL_emulation( 1711): eglMakeCurrent: 0xa5b6bd80: ver 2 0 (tinfo 0xb1367140)
06-05 18:34:47.408 D/EGL_emulation( 1711): eglMakeCurrent: 0xa5b6bd80: ver 2 0 (tinfo 0xb1367140)
06-05 18:34:47.421 D/EGL_emulation( 1711): eglMakeCurrent: 0xa5b6bd80: ver 2 0 (tinfo 0xb1367140)
06-05 18:34:47.424 D/EGL_emulation( 1711): eglMakeCurrent: 0xa5b6bd80: ver 2 0 (tinfo 0xb1367140)
06-05 18:34:47.426 D/gralloc_ranchu( 1346): gralloc_alloc: Creating ashmem region of size 9023488
06-05 18:34:47.435 D/        ( 6411): HostConnection::get() New Host Connection established 0x98c274c0, tid 6411
06-05 18:34:47.504 D/EGL_emulation( 1711): eglMakeCurrent: 0xa5b6bd80: ver 2 0 (tinfo 0xb1367140)
06-05 18:34:47.509 D/EGL_emulation( 1711): eglMakeCurrent: 0xa5b6bd80: ver 2 0 (tinfo 0xb1367140)
06-05 18:34:47.509 V/PhoneStatusBar( 1711): setLightsOn(true)
06-05 18:34:47.511 D/EGL_emulation( 1711): eglMakeCurrent: 0xa5b6bd80: ver 2 0 (tinfo 0xb1367140)
06-05 18:34:47.514 D/EGL_emulation( 1711): eglMakeCurrent: 0xa5b6bd80: ver 2 0 (tinfo 0xb1367140)
06-05 18:34:47.521 D/EGL_emulation( 1711): eglMakeCurrent: 0xa5b6bd80: ver 2 0 (tinfo 0xb1367140)
06-05 18:34:47.533 D/EGL_emulation( 1711): eglMakeCurrent: 0xa5b6bd80: ver 2 0 (tinfo 0xb1367140)
06-05 18:34:47.538 D/EGL_emulation( 1711): eglMakeCurrent: 0xa5b6bd80: ver 2 0 (tinfo 0xb1367140)
06-05 18:34:47.541 D/EGL_emulation( 1711): eglMakeCurrent: 0xa5b6bd80: ver 2 0 (tinfo 0xb1367140)
06-05 18:34:47.556 D/EGL_emulation( 1711): eglMakeCurrent: 0xa5b6bd80: ver 2 0 (tinfo 0xb1367140)
06-05 18:34:47.556 D/gralloc_ranchu( 1346): gralloc_alloc: Creating ashmem region of size 9023488
06-05 18:34:47.556 V/PhoneStatusBar( 1711): setLightsOn(true)
06-05 18:34:47.557 V/PhoneStatusBar( 1711): setLightsOn(true)
06-05 18:34:47.577 I/ActivityManager( 1629): Displayed com.evancharlton.mileage/.Mileage: +321ms
06-05 18:34:47.590 V/PhoneStatusBar( 1711): setLightsOn(true)
06-05 18:34:47.593 V/PhoneStatusBar( 1711): setLightsOn(true)
06-05 18:34:47.632 I/System.out( 6411): URI: //map
06-05 18:34:47.632 I/System.out( 6411): params: {json={"query":"* marked:'Statistics'","operation":{"method_name":"query","arguments":[]}}
06-05 18:34:47.632 I/System.out( 6411): }
06-05 18:34:47.656 W/ResourceType( 6411): No package identifier when getting name for resource number 0x00000001
06-05 18:34:47.681 I/System.out( 6411): URI: //gesture
06-05 18:34:47.681 I/System.out( 6411): params: {json={"query_timeout":5.0,"gestures":[{"query_string":"* marked:'Statistics'","touches":[{"x":50,"y":50,"offset_x":0,"offset_y":0,"wait":0.0,"time":0.2,"release":true,"query_string":null}]}]}
06-05 18:34:47.681 I/System.out( 6411): }
06-05 18:34:47.693 W/ResourceType( 6411): No package identifier when getting name for resource number 0x00000001
06-05 18:34:47.771 V/PhoneStatusBar( 1711): setLightsOn(true)
06-05 18:34:47.772 I/WindowManager( 1629): Destroying surface Surface(name=Starting com.evancharlton.mileage) called by com.android.server.wm.WindowStateAnimator.destroySurface:2016 com.android.server.wm.WindowStateAnimator.destroySurfaceLocked:882 com.android.server.wm.WindowState.destroyOrSaveSurface:2100 com.android.server.wm.AppWindowToken.destroySurfaces:363 com.android.server.wm.WindowStateAnimator.finishExit:565 com.android.server.wm.WindowStateAnimator.stepAnimationLocked:491 com.android.server.wm.WindowAnimator.updateWindowsLocked:303 com.android.server.wm.WindowAnimator.animateLocked:704 
06-05 18:34:47.774 V/PhoneStatusBar( 1711): setLightsOn(true)
06-05 18:34:47.788 V/PhoneStatusBar( 1711): setLightsOn(true)
06-05 18:34:47.929 I/calabash( 6411): newActivity1
06-05 18:34:47.976 I/System.out( 6411): URI: //map
06-05 18:34:47.976 I/System.out( 6411): params: {json={"query":"android.widget.ScrollView index:0","operation":{"method_name":"query","arguments":[]}}
06-05 18:34:47.976 I/System.out( 6411): }
06-05 18:34:47.984 W/ActivityManager( 1629): Bad activity token: android.os.BinderProxy@d7036a0
06-05 18:34:47.984 W/ActivityManager( 1629): java.lang.ClassCastException: android.os.BinderProxy cannot be cast to com.android.server.am.ActivityRecord$Token
06-05 18:34:47.984 W/ActivityManager( 1629): 	at com.android.server.am.ActivityRecord.forTokenLocked(ActivityRecord.java:586)
06-05 18:34:47.984 W/ActivityManager( 1629): 	at com.android.server.am.ActivityRecord.isInStackLocked(ActivityRecord.java:1327)
06-05 18:34:47.984 W/ActivityManager( 1629): 	at com.android.server.am.ActivityRecord.getStackLocked(ActivityRecord.java:1332)
06-05 18:34:47.984 W/ActivityManager( 1629): 	at com.android.server.am.ActivityManagerService.getActivityDisplayId(ActivityManagerService.java:9806)
06-05 18:34:47.984 W/ActivityManager( 1629): 	at android.app.ActivityManagerNative.onTransact(ActivityManagerNative.java:2566)
06-05 18:34:47.984 W/ActivityManager( 1629): 	at com.android.server.am.ActivityManagerService.onTransact(ActivityManagerService.java:2757)
06-05 18:34:47.984 W/ActivityManager( 1629): 	at android.os.Binder.execTransact(Binder.java:565)
06-05 18:34:47.986 W/ActivityManager( 1629): Bad activity token: android.os.BinderProxy@d7036a0
06-05 18:34:47.986 W/ActivityManager( 1629): java.lang.ClassCastException: android.os.BinderProxy cannot be cast to com.android.server.am.ActivityRecord$Token
06-05 18:34:47.986 W/ActivityManager( 1629): 	at com.android.server.am.ActivityRecord.forTokenLocked(ActivityRecord.java:586)
06-05 18:34:47.986 W/ActivityManager( 1629): 	at com.android.server.am.ActivityRecord.isInStackLocked(ActivityRecord.java:1327)
06-05 18:34:47.986 W/ActivityManager( 1629): 	at com.android.server.am.ActivityManagerService.setTaskDescription(ActivityManagerService.java:9358)
06-05 18:34:47.986 W/ActivityManager( 1629): 	at android.app.ActivityManagerNative.onTransact(ActivityManagerNative.java:2639)
06-05 18:34:47.986 W/ActivityManager( 1629): 	at com.android.server.am.ActivityManagerService.onTransact(ActivityManagerService.java:2757)
06-05 18:34:47.986 W/ActivityManager( 1629): 	at android.os.Binder.execTransact(Binder.java:565)
06-05 18:34:47.986 W/ActivityManager( 1629): Bad activity token: android.os.BinderProxy@d7036a0
06-05 18:34:47.986 W/ActivityManager( 1629): java.lang.ClassCastException: android.os.BinderProxy cannot be cast to com.android.server.am.ActivityRecord$Token
06-05 18:34:47.986 W/ActivityManager( 1629): 	at com.android.server.am.ActivityRecord.forTokenLocked(ActivityRecord.java:586)
06-05 18:34:47.986 W/ActivityManager( 1629): 	at com.android.server.am.ActivityRecord.isInStackLocked(ActivityRecord.java:1327)
06-05 18:34:47.986 W/ActivityManager( 1629): 	at com.android.server.am.ActivityRecord.getStackLocked(ActivityRecord.java:1332)
06-05 18:34:47.986 W/ActivityManager( 1629): 	at com.android.server.am.ActivityManagerService.getActivityStackId(ActivityManagerService.java:9817)
06-05 18:34:47.986 W/ActivityManager( 1629): 	at android.app.ActivityManagerNative.onTransact(ActivityManagerNative.java:2856)
06-05 18:34:47.986 W/ActivityManager( 1629): 	at com.android.server.am.ActivityManagerService.onTransact(ActivityManagerService.java:2757)
06-05 18:34:47.986 W/ActivityManager( 1629): 	at android.os.Binder.execTransact(Binder.java:565)
06-05 18:34:47.996 D/VehicleStatisticsActivity( 6411): Checking recalculation ...
06-05 18:34:47.997 D/VehicleStatisticsActivity( 6411): Recalculation not necessary.
06-05 18:34:48.004 W/ActivityManager( 1629): Bad activity token: android.os.BinderProxy@d7036a0
06-05 18:34:48.004 W/ActivityManager( 1629): java.lang.ClassCastException: android.os.BinderProxy cannot be cast to com.android.server.am.ActivityRecord$Token
06-05 18:34:48.004 W/ActivityManager( 1629): 	at com.android.server.am.ActivityRecord.forTokenLocked(ActivityRecord.java:586)
06-05 18:34:48.004 W/ActivityManager( 1629): 	at com.android.server.am.ActivityRecord.isInStackLocked(ActivityRecord.java:1327)
06-05 18:34:48.004 W/ActivityManager( 1629): 	at com.android.server.am.ActivityManagerService.getActivityOptions(ActivityManagerService.java:12559)
06-05 18:34:48.004 W/ActivityManager( 1629): 	at android.app.ActivityManagerNative.onTransact(ActivityManagerNative.java:1933)
06-05 18:34:48.004 W/ActivityManager( 1629): 	at com.android.server.am.ActivityManagerService.onTransact(ActivityManagerService.java:2757)
06-05 18:34:48.004 W/ActivityManager( 1629): 	at android.os.Binder.execTransact(Binder.java:565)
06-05 18:34:48.004 W/ActivityManager( 1629): Bad activity token: android.os.BinderProxy@d7036a0
06-05 18:34:48.004 W/ActivityManager( 1629): java.lang.ClassCastException: android.os.BinderProxy cannot be cast to com.android.server.am.ActivityRecord$Token
06-05 18:34:48.004 W/ActivityManager( 1629): 	at com.android.server.am.ActivityRecord.forTokenLocked(ActivityRecord.java:586)
06-05 18:34:48.004 W/ActivityManager( 1629): 	at com.android.server.am.ActivityRecord.isInStackLocked(ActivityRecord.java:1327)
06-05 18:34:48.004 W/ActivityManager( 1629): 	at com.android.server.am.ActivityManagerService.getActivityOptions(ActivityManagerService.java:12559)
06-05 18:34:48.004 W/ActivityManager( 1629): 	at android.app.ActivityManagerNative.onTransact(ActivityManagerNative.java:1933)
06-05 18:34:48.004 W/ActivityManager( 1629): 	at com.android.server.am.ActivityManagerService.onTransact(ActivityManagerService.java:2757)
06-05 18:34:48.004 W/ActivityManager( 1629): 	at android.os.Binder.execTransact(Binder.java:565)
06-05 18:34:48.006 D/VehicleStatisticsActivity( 6411): Checking recalculation ...
06-05 18:34:48.007 D/VehicleStatisticsActivity( 6411): Recalculation not necessary.
06-05 18:34:48.087 V/PhoneStatusBar( 1711): setLightsOn(true)
06-05 18:34:48.088 V/PhoneStatusBar( 1711): setLightsOn(true)
06-05 18:34:48.090 W/OpenGLRenderer( 2150): Incorrectly called buildLayer on View: ShortcutAndWidgetContainer, destroying layer...
06-05 18:34:48.100 I/System.out( 6411): URI: //map
06-05 18:34:48.100 I/System.out( 6411): params: {json={"query":"android.widget.AbsListView index:0","operation":{"method_name":"query","arguments":[]}}
06-05 18:34:48.100 I/System.out( 6411): }
06-05 18:34:48.104 I/WindowManager( 1629): Destroying surface Surface(name=com.android.launcher3/com.android.launcher3.Launcher) called by com.android.server.wm.WindowStateAnimator.destroySurface:2016 com.android.server.wm.WindowStateAnimator.destroySurfaceLocked:882 com.android.server.wm.WindowState.destroyOrSaveSurface:2100 com.android.server.wm.AppWindowToken.destroySurfaces:363 com.android.server.wm.AppWindowToken.notifyAppStopped:389 com.android.server.wm.WindowManagerService.notifyAppStopped:4463 com.android.server.am.ActivityStack.activityStoppedLocked:1252 com.android.server.am.ActivityManagerService.activityStopped:6903 
06-05 18:34:48.105 V/PhoneStatusBar( 1711): setLightsOn(true)
06-05 18:34:48.106 I/art     ( 6411): Do partial code cache collection, code=30KB, data=29KB
06-05 18:34:48.107 I/art     ( 6411): After code cache collection, code=29KB, data=28KB
06-05 18:34:48.107 I/art     ( 6411): Increasing code cache capacity to 128KB
06-05 18:34:48.124 I/System.out( 6411): URI: //map
06-05 18:34:48.124 I/System.out( 6411): params: {json={"query":"android.widget.AbsListView index:0","operation":{"method_name":"query","arguments":[]}}
06-05 18:34:48.124 I/System.out( 6411): }
06-05 18:34:48.141 I/System.out( 6411): URI: //map
06-05 18:34:48.141 I/System.out( 6411): params: {json={"query":"android.widget.AbsListView index:0","operation":{"method_name":"query","arguments":[]}}
06-05 18:34:48.141 I/System.out( 6411): }
06-05 18:34:48.159 I/System.out( 6411): URI: //map
06-05 18:34:48.159 I/System.out( 6411): params: {json={"query":"android.widget.AbsListView index:0","operation":{"method_name":"query","arguments":["getFirstVisiblePosition"]}}
06-05 18:34:48.159 I/System.out( 6411): }
06-05 18:34:48.175 I/System.out( 6411): URI: //map
06-05 18:34:48.175 I/System.out( 6411): params: {json={"query":"android.widget.AbsListView index:0","operation":{"method_name":"query","arguments":["getLastVisiblePosition"]}}
06-05 18:34:48.175 I/System.out( 6411): }
06-05 18:34:48.189 I/System.out( 6411): URI: //map
06-05 18:34:48.189 I/System.out( 6411): params: {json={"query":"android.widget.AbsListView index:0","operation":{"method_name":"query","arguments":[{"method_name":"setSelection","arguments":[26]}]}}
06-05 18:34:48.189 I/System.out( 6411): }
06-05 18:34:48.209 I/System.out( 6411): URI: //map
06-05 18:34:48.209 I/System.out( 6411): params: {json={"query":"* marked:'Largest fillup'","operation":{"method_name":"query","arguments":[]}}
06-05 18:34:48.209 I/System.out( 6411): }
06-05 18:34:48.249 D/gralloc_ranchu( 1346): gralloc_alloc: Creating ashmem region of size 9023488
06-05 18:34:48.303 W/ResourceType( 6411): No package identifier when getting name for resource number 0x00000001
06-05 18:34:48.319 I/System.out( 6411): URI: //gesture
06-05 18:34:48.319 I/System.out( 6411): params: {json={"query_timeout":5.0,"gestures":[{"query_string":"* marked:'Largest fillup'","touches":[{"x":50,"y":50,"offset_x":0,"offset_y":0,"wait":0.0,"time":0.2,"release":true,"query_string":null}]}]}
06-05 18:34:48.319 I/System.out( 6411): }
06-05 18:34:48.323 W/ResourceType( 6411): No package identifier when getting name for resource number 0x00000001
06-05 18:34:48.555 I/ActivityManager( 1629): START u0 {cmp=com.evancharlton.mileage/.charts.MaximumVolumeChart (has extras)} from uid 10160 on display 0
06-05 18:34:48.558 V/PhoneStatusBar( 1711): setLightsOn(true)
06-05 18:34:48.559 V/PhoneStatusBar( 1711): setLightsOn(true)
06-05 18:34:48.585 I/System.out( 6411): URI: //map
06-05 18:34:48.585 I/System.out( 6411): params: {json={"query":"* {text CONTAINS[c] 'Largest fillup size'}","operation":{"method_name":"query","arguments":[]}}
06-05 18:34:48.585 I/System.out( 6411): }
06-05 18:34:48.634 I/calabash( 6411): newActivity1
06-05 18:34:48.637 W/aiCharts( 6411): License file is invalid or missing. 
06-05 18:34:48.637 W/aiCharts( 6411): Please place proper license.lic to /assets folder.
06-05 18:34:48.653 V/PhoneStatusBar( 1711): setLightsOn(true)
06-05 18:34:48.704 V/PhoneStatusBar( 1711): setLightsOn(true)
06-05 18:34:48.717 I/WindowManager( 1629): Destroying surface Surface(name=Creating chart…) called by com.android.server.wm.WindowStateAnimator.destroySurface:2016 com.android.server.wm.WindowStateAnimator.destroySurfaceLocked:882 com.android.server.wm.WindowState.removeLocked:1456 com.android.server.wm.WindowManagerService.removeWindowInnerLocked:2484 com.android.server.wm.WindowManagerService.removeWindowLocked:2442 com.android.server.wm.WindowManagerService.removeWindowLocked:2311 com.android.server.wm.WindowManagerService.removeWindow:2306 com.android.server.wm.Session.remove:202 
06-05 18:34:48.720 D/gralloc_ranchu( 1346): gralloc_alloc: Creating ashmem region of size 9023488
06-05 18:34:48.720 V/PhoneStatusBar( 1711): setLightsOn(true)
06-05 18:34:48.747 I/ActivityManager( 1629): Displayed com.evancharlton.mileage/.charts.MaximumVolumeChart: +117ms
06-05 18:34:48.754 V/PhoneStatusBar( 1711): setLightsOn(true)
06-05 18:34:48.787 V/PhoneStatusBar( 1711): setLightsOn(true)
06-05 18:34:48.804 V/PhoneStatusBar( 1711): setLightsOn(true)
06-05 18:34:48.989 V/PhoneStatusBar( 1711): setLightsOn(true)
06-05 18:34:49.022 I/System.out( 6411): URI: //map
06-05 18:34:49.022 I/System.out( 6411): params: {json={"query":"* {text CONTAINS[c] 'Largest fillup size'}","operation":{"method_name":"query","arguments":[]}}
06-05 18:34:49.022 I/System.out( 6411): }
06-05 18:34:49.037 I/System.out( 6411): URI: //
06-05 18:34:49.037 I/System.out( 6411): params: {json={"command":"press_key","arguments":["KEYCODE_BACK"]}
06-05 18:34:49.037 I/System.out( 6411): }
06-05 18:34:49.038 I/System.out( 6411): header: {content-type=application/json;charset=utf-8, date=Fri, 05 Jun 2020 23:34:49 GMT, accept=*/*, host=127.0.0.1:34783, content-length=52, user-agent=HTTPClient/1.0 (2.8.3, ruby 2.5.1 (2018-03-29))}
06-05 18:34:49.038 I/System.out( 6411): params: {json={"command":"press_key","arguments":["KEYCODE_BACK"]}
06-05 18:34:49.038 I/System.out( 6411): }
06-05 18:34:49.038 I/System.out( 6411): ProP json = {"command":"press_key","arguments":["KEYCODE_BACK"]}
06-05 18:34:49.038 I/System.out( 6411): files: {}
06-05 18:34:49.038 I/System.out( 6411): command: {"command":"press_key","arguments":["KEYCODE_BACK"]}
06-05 18:34:49.039 I/InstrumentationBackend( 6411): Got command:'Command:'Line:null,press_key', arguments:'[KEYCODE_BACK]'
06-05 18:34:49.041 V/PhoneStatusBar( 1711): setLightsOn(true)
06-05 18:34:49.046 I/art     ( 6411): Do partial code cache collection, code=60KB, data=62KB
06-05 18:34:49.046 I/art     ( 6411): After code cache collection, code=59KB, data=61KB
06-05 18:34:49.046 I/art     ( 6411): Increasing code cache capacity to 256KB
06-05 18:34:49.046 I/System.out( 6411): result:{"bonusInformation":[],"message":"","success":true}
06-05 18:34:49.047 D/VehicleStatisticsActivity( 6411): Checking recalculation ...
06-05 18:34:49.048 D/VehicleStatisticsActivity( 6411): Recalculation not necessary.
06-05 18:34:49.049 I/System.out( 6411): URI: //map
06-05 18:34:49.049 I/System.out( 6411): params: {json={"query":"* {text CONTAINS[c] 'Statistics'}","operation":{"method_name":"query","arguments":[]}}
06-05 18:34:49.049 I/System.out( 6411): }
06-05 18:34:49.054 V/PhoneStatusBar( 1711): setLightsOn(true)
06-05 18:34:49.070 D/gralloc_ranchu( 1346): gralloc_alloc: Creating ashmem region of size 9023488
06-05 18:34:49.071 V/PhoneStatusBar( 1711): setLightsOn(true)
06-05 18:34:49.087 V/PhoneStatusBar( 1711): setLightsOn(true)
06-05 18:34:49.104 V/PhoneStatusBar( 1711): setLightsOn(true)
