06-06 17:47:37.639 I/art     (18771): Compiler allocated 7MB to compile sh.calaba.instrumentationbackend.actions.NanoHTTPD$Response sh.calaba.instrumentationbackend.actions.HttpServer.serve(java.lang.String, java.lang.String, java.util.Properties, java.util.Properties, java.util.Properties)
06-06 17:47:37.650 V/PhoneStatusBar( 1713): setLightsOn(true)
06-06 17:47:37.665 V/PhoneStatusBar( 1713): setLightsOn(true)
06-06 17:47:37.666 W/IInputConnectionWrapper(18771): finishComposingText on inactive InputConnection
06-06 17:47:37.666 W/IInputConnectionWrapper(18771): finishComposingText on inactive InputConnection
06-06 17:47:37.681 D/gralloc_ranchu( 1348): gralloc_alloc: Creating ashmem region of size 278528
06-06 17:47:37.686 V/PhoneStatusBar( 1713): setLightsOn(true)
06-06 17:47:37.686 V/PhoneStatusBar( 1713): setLightsOn(true)
06-06 17:47:37.695 I/System.out(18771): URI: //map
06-06 17:47:37.695 I/System.out(18771): params: {json={"query":"android.widget.EditText index:1","operation":{"method_name":"query","arguments":[]}}
06-06 17:47:37.695 I/System.out(18771): }
06-06 17:47:37.699 V/PhoneStatusBar( 1713): setLightsOn(true)
06-06 17:47:37.715 V/PhoneStatusBar( 1713): setLightsOn(true)
06-06 17:47:37.723 V/PhoneStatusBar( 1713): setLightsOn(true)
06-06 17:47:37.729 I/System.out(18771): URI: //gesture
06-06 17:47:37.729 I/System.out(18771): params: {json={"query_timeout":5.0,"gestures":[{"query_string":"android.widget.EditText index:1","touches":[{"x":50,"y":50,"offset_x":0,"offset_y":0,"wait":0.0,"time":0.2,"release":true,"query_string":null}]}]}
06-06 17:47:37.729 I/System.out(18771): }
06-06 17:47:37.733 V/PhoneStatusBar( 1713): setLightsOn(true)
06-06 17:47:37.758 V/PhoneStatusBar( 1713): setLightsOn(true)
06-06 17:47:37.949 V/PhoneStatusBar( 1713): setLightsOn(true)
06-06 17:47:38.496 I/System.out(18771): URI: //
06-06 17:47:38.497 I/System.out(18771): params: {json={"command":"set_selection","arguments":[-1,-1]}
06-06 17:47:38.497 I/System.out(18771): }
06-06 17:47:38.497 I/System.out(18771): header: {content-type=application/json;charset=utf-8, date=Sat, 06 Jun 2020 22:47:38 GMT, accept=*/*, host=127.0.0.1:34784, content-length=47, user-agent=HTTPClient/1.0 (2.8.3, ruby 2.5.1 (2018-03-29))}
06-06 17:47:38.497 I/System.out(18771): params: {json={"command":"set_selection","arguments":[-1,-1]}
06-06 17:47:38.497 I/System.out(18771): }
06-06 17:47:38.497 I/System.out(18771): ProP json = {"command":"set_selection","arguments":[-1,-1]}
06-06 17:47:38.497 I/System.out(18771): files: {}
06-06 17:47:38.497 I/System.out(18771): command: {"command":"set_selection","arguments":[-1,-1]}
06-06 17:47:38.501 I/InstrumentationBackend(18771): Got command:'Command:'Line:null,set_selection', arguments:'[-1, -1]'
06-06 17:47:38.510 I/System.out(18771): result:{"bonusInformation":[],"message":"","success":true}
06-06 17:47:38.529 I/System.out(18771): URI: //
06-06 17:47:38.529 I/System.out(18771): params: {json={"command":"keyboard_enter_text","arguments":["0"]}
06-06 17:47:38.529 I/System.out(18771): }
06-06 17:47:38.529 I/System.out(18771): header: {content-type=application/json;charset=utf-8, date=Sat, 06 Jun 2020 22:47:38 GMT, accept=*/*, host=127.0.0.1:34784, content-length=51, user-agent=HTTPClient/1.0 (2.8.3, ruby 2.5.1 (2018-03-29))}
06-06 17:47:38.529 I/System.out(18771): params: {json={"command":"keyboard_enter_text","arguments":["0"]}
06-06 17:47:38.529 I/System.out(18771): }
06-06 17:47:38.529 I/System.out(18771): ProP json = {"command":"keyboard_enter_text","arguments":["0"]}
06-06 17:47:38.529 I/System.out(18771): files: {}
06-06 17:47:38.529 I/System.out(18771): command: {"command":"keyboard_enter_text","arguments":["0"]}
06-06 17:47:38.530 I/InstrumentationBackend(18771): Got command:'Command:'Line:null,keyboard_enter_text', arguments:'[0]'
06-06 17:47:38.530 E/SpannableStringBuilder(18771): SPAN_EXCLUSIVE_EXCLUSIVE spans cannot have a zero length
06-06 17:47:38.530 E/SpannableStringBuilder(18771): SPAN_EXCLUSIVE_EXCLUSIVE spans cannot have a zero length
06-06 17:47:38.532 V/PhoneStatusBar( 1713): setLightsOn(true)
06-06 17:47:38.533 E/SpannableStringBuilder(18771): SPAN_EXCLUSIVE_EXCLUSIVE spans cannot have a zero length
06-06 17:47:38.533 E/SpannableStringBuilder(18771): SPAN_EXCLUSIVE_EXCLUSIVE spans cannot have a zero length
06-06 17:47:38.535 I/System.out(18771): result:{"bonusInformation":[],"message":"","success":true}
06-06 17:47:38.538 I/System.out(18771): URI: //map
06-06 17:47:38.538 I/System.out(18771): params: {json={"query":"* marked:'Add new vehicle'","operation":{"method_name":"query","arguments":[]}}
06-06 17:47:38.538 I/System.out(18771): }
06-06 17:47:38.577 W/ResourceType(18771): No package identifier when getting name for resource number 0x00000001
06-06 17:47:38.586 I/System.out(18771): URI: //gesture
06-06 17:47:38.586 I/System.out(18771): params: {json={"query_timeout":5.0,"gestures":[{"query_string":"* marked:'Add new vehicle'","touches":[{"x":50,"y":50,"offset_x":0,"offset_y":0,"wait":0.0,"time":0.2,"release":true,"query_string":null}]}]}
06-06 17:47:38.586 I/System.out(18771): }
06-06 17:47:38.590 W/ResourceType(18771): No package identifier when getting name for resource number 0x00000001
06-06 17:47:38.798 I/WindowManager( 1631): Destroying surface Surface(name=PopupWindow:a83f688) called by com.android.server.wm.WindowStateAnimator.destroySurface:2016 com.android.server.wm.WindowStateAnimator.destroySurfaceLocked:882 com.android.server.wm.WindowState.destroyOrSaveSurface:2100 com.android.server.wm.AppWindowToken.destroySurfaces:363 com.android.server.wm.WindowStateAnimator.finishExit:565 com.android.server.wm.WindowStateAnimator.stepAnimationLocked:491 com.android.server.wm.WindowAnimator.updateWindowsLocked:303 com.android.server.wm.WindowAnimator.animateLocked:704 
06-06 17:47:38.801 V/PhoneStatusBar( 1713): setLightsOn(true)
06-06 17:47:38.806 V/PhoneStatusBar( 1713): setLightsOn(true)
06-06 17:47:38.840 I/System.out(18771): URI: //map
06-06 17:47:38.840 I/System.out(18771): params: {json={"query":"* {text CONTAINS[c] 'Invalid vehicle make'}","operation":{"method_name":"query","arguments":[]}}
06-06 17:47:38.840 I/System.out(18771): }
06-06 17:47:38.841 I/LatinIME( 1699): Starting input. Cursor position = 0,0
06-06 17:47:38.869 V/PhoneStatusBar( 1713): setLightsOn(true)
06-06 17:47:38.882 V/PhoneStatusBar( 1713): setLightsOn(true)
06-06 17:47:38.883 W/IInputConnectionWrapper(18771): finishComposingText on inactive InputConnection
06-06 17:47:38.898 D/gralloc_ranchu( 1348): gralloc_alloc: Creating ashmem region of size 294912
06-06 17:47:38.902 V/PhoneStatusBar( 1713): setLightsOn(true)
06-06 17:47:38.903 V/PhoneStatusBar( 1713): setLightsOn(true)
06-06 17:47:38.910 I/System.out(18771): URI: //map
06-06 17:47:38.910 I/System.out(18771): params: {json={"query":"android.widget.EditText index:2","operation":{"method_name":"query","arguments":[]}}
06-06 17:47:38.910 I/System.out(18771): }
06-06 17:47:38.915 V/PhoneStatusBar( 1713): setLightsOn(true)
06-06 17:47:38.933 V/PhoneStatusBar( 1713): setLightsOn(true)
06-06 17:47:38.947 I/System.out(18771): URI: //gesture
06-06 17:47:38.947 I/System.out(18771): params: {json={"query_timeout":5.0,"gestures":[{"query_string":"android.widget.EditText index:2","touches":[{"x":50,"y":50,"offset_x":0,"offset_y":0,"wait":0.0,"time":0.2,"release":true,"query_string":null}]}]}
06-06 17:47:38.947 I/System.out(18771): }
06-06 17:47:38.947 V/PhoneStatusBar( 1713): setLightsOn(true)
06-06 17:47:38.966 V/PhoneStatusBar( 1713): setLightsOn(true)
06-06 17:47:38.991 V/PhoneStatusBar( 1713): setLightsOn(true)
06-06 17:47:39.165 V/PhoneStatusBar( 1713): setLightsOn(true)
06-06 17:47:39.732 I/System.out(18771): URI: //
06-06 17:47:39.732 I/System.out(18771): params: {json={"command":"set_selection","arguments":[-1,-1]}
06-06 17:47:39.732 I/System.out(18771): }
06-06 17:47:39.732 I/System.out(18771): header: {content-type=application/json;charset=utf-8, date=Sat, 06 Jun 2020 22:47:40 GMT, accept=*/*, host=127.0.0.1:34784, content-length=47, user-agent=HTTPClient/1.0 (2.8.3, ruby 2.5.1 (2018-03-29))}
06-06 17:47:39.732 I/System.out(18771): params: {json={"command":"set_selection","arguments":[-1,-1]}
06-06 17:47:39.732 I/System.out(18771): }
06-06 17:47:39.732 I/System.out(18771): ProP json = {"command":"set_selection","arguments":[-1,-1]}
06-06 17:47:39.732 I/System.out(18771): files: {}
06-06 17:47:39.732 I/System.out(18771): command: {"command":"set_selection","arguments":[-1,-1]}
06-06 17:47:39.735 I/InstrumentationBackend(18771): Got command:'Command:'Line:null,set_selection', arguments:'[-1, -1]'
06-06 17:47:39.745 I/System.out(18771): result:{"bonusInformation":[],"message":"","success":true}
06-06 17:47:39.790 I/System.out(18771): URI: //
06-06 17:47:39.790 I/System.out(18771): params: {json={"command":"keyboard_enter_text","arguments":["Test"]}
06-06 17:47:39.790 I/System.out(18771): }
06-06 17:47:39.790 I/System.out(18771): header: {content-type=application/json;charset=utf-8, date=Sat, 06 Jun 2020 22:47:40 GMT, accept=*/*, host=127.0.0.1:34784, content-length=54, user-agent=HTTPClient/1.0 (2.8.3, ruby 2.5.1 (2018-03-29))}
06-06 17:47:39.790 I/System.out(18771): params: {json={"command":"keyboard_enter_text","arguments":["Test"]}
06-06 17:47:39.790 I/System.out(18771): }
06-06 17:47:39.790 I/System.out(18771): ProP json = {"command":"keyboard_enter_text","arguments":["Test"]}
06-06 17:47:39.790 I/System.out(18771): files: {}
06-06 17:47:39.790 I/System.out(18771): command: {"command":"keyboard_enter_text","arguments":["Test"]}
06-06 17:47:39.791 I/InstrumentationBackend(18771): Got command:'Command:'Line:null,keyboard_enter_text', arguments:'[Test]'
06-06 17:47:39.792 E/SpannableStringBuilder(18771): SPAN_EXCLUSIVE_EXCLUSIVE spans cannot have a zero length
06-06 17:47:39.792 E/SpannableStringBuilder(18771): SPAN_EXCLUSIVE_EXCLUSIVE spans cannot have a zero length
06-06 17:47:39.795 V/PhoneStatusBar( 1713): setLightsOn(true)
06-06 17:47:39.798 E/SpannableStringBuilder(18771): SPAN_EXCLUSIVE_EXCLUSIVE spans cannot have a zero length
06-06 17:47:39.798 E/SpannableStringBuilder(18771): SPAN_EXCLUSIVE_EXCLUSIVE spans cannot have a zero length
06-06 17:47:39.803 I/System.out(18771): result:{"bonusInformation":[],"message":"","success":true}
06-06 17:47:39.806 I/System.out(18771): URI: //map
06-06 17:47:39.806 I/System.out(18771): params: {json={"query":"* marked:'Add new vehicle'","operation":{"method_name":"query","arguments":[]}}
06-06 17:47:39.806 I/System.out(18771): }
06-06 17:47:39.828 W/ResourceType(18771): No package identifier when getting name for resource number 0x00000001
06-06 17:47:39.836 I/System.out(18771): URI: //gesture
06-06 17:47:39.836 I/System.out(18771): params: {json={"query_timeout":5.0,"gestures":[{"query_string":"* marked:'Add new vehicle'","touches":[{"x":50,"y":50,"offset_x":0,"offset_y":0,"wait":0.0,"time":0.2,"release":true,"query_string":null}]}]}
06-06 17:47:39.836 I/System.out(18771): }
06-06 17:47:39.840 W/ResourceType(18771): No package identifier when getting name for resource number 0x00000001
06-06 17:47:40.048 I/WindowManager( 1631): Destroying surface Surface(name=PopupWindow:242cf90) called by com.android.server.wm.WindowStateAnimator.destroySurface:2016 com.android.server.wm.WindowStateAnimator.destroySurfaceLocked:882 com.android.server.wm.WindowState.destroyOrSaveSurface:2100 com.android.server.wm.AppWindowToken.destroySurfaces:363 com.android.server.wm.WindowStateAnimator.finishExit:565 com.android.server.wm.WindowStateAnimator.stepAnimationLocked:491 com.android.server.wm.WindowAnimator.updateWindowsLocked:303 com.android.server.wm.WindowAnimator.animateLocked:704 
06-06 17:47:40.048 V/PhoneStatusBar( 1713): setLightsOn(true)
06-06 17:47:40.050 V/PhoneStatusBar( 1713): setLightsOn(true)
06-06 17:47:40.076 I/System.out(18771): URI: //map
06-06 17:47:40.076 I/System.out(18771): params: {json={"query":"* {text CONTAINS[c] 'Invalid vehicle model'}","operation":{"method_name":"query","arguments":[]}}
06-06 17:47:40.076 I/System.out(18771): }
06-06 17:47:40.091 I/LatinIME( 1699): Starting input. Cursor position = 0,0
06-06 17:47:40.126 V/PhoneStatusBar( 1713): setLightsOn(true)
06-06 17:47:40.132 V/PhoneStatusBar( 1713): setLightsOn(true)
06-06 17:47:40.133 W/IInputConnectionWrapper(18771): finishComposingText on inactive InputConnection
06-06 17:47:40.133 W/IInputConnectionWrapper(18771): finishComposingText on inactive InputConnection
06-06 17:47:40.148 D/gralloc_ranchu( 1348): gralloc_alloc: Creating ashmem region of size 303104
06-06 17:47:40.153 V/PhoneStatusBar( 1713): setLightsOn(true)
06-06 17:47:40.153 V/PhoneStatusBar( 1713): setLightsOn(true)
06-06 17:47:40.165 V/PhoneStatusBar( 1713): setLightsOn(true)
