--------- beginning of system
06-06 17:47:32.325 W/ActivityManager( 1631): Duplicate finish request for ActivityRecord{5164115 u0 com.evancharlton.mileage/.Mileage t24734 f}
06-06 17:47:32.325 W/ActivityManager( 1631): Duplicate finish request for ActivityRecord{5164115 u0 com.evancharlton.mileage/.Mileage t24734 f}
06-06 17:47:32.325 W/ActivityManager( 1631): Duplicate finish request for ActivityRecord{5164115 u0 com.evancharlton.mileage/.Mileage t24734 f}
06-06 17:47:32.325 W/ActivityManager( 1631): Duplicate finish request for ActivityRecord{5164115 u0 com.evancharlton.mileage/.Mileage t24734 f}
06-06 17:47:32.326 W/ActivityManager( 1631): Duplicate finish request for ActivityRecord{5164115 u0 com.evancharlton.mileage/.Mileage t24734 f}
--------- beginning of main
06-06 17:47:32.326 V/PhoneStatusBar( 1713): setLightsOn(true)
06-06 17:47:32.327 V/PhoneStatusBar( 1713): setLightsOn(true)
06-06 17:47:32.328 V/PhoneStatusBar( 1713): setLightsOn(true)
06-06 17:47:32.334 D/gralloc_ranchu( 1348): gralloc_alloc: Creating ashmem region of size 3145728
06-06 17:47:32.339 E/EGL_emulation( 1348): tid 1348: eglCreateSyncKHR(1901): error 0x3004 (EGL_BAD_ATTRIBUTE)
06-06 17:47:32.353 W/ActivityManager( 1631): Finishing task with all activities already finished
06-06 17:47:32.353 W/ActivityManager( 1631): Duplicate finish request for ActivityRecord{bf440a9 u0 com.evancharlton.mileage/.VehicleTypeListActivity t24734 f}
06-06 17:47:32.384 D/EGL_emulation( 1713): eglMakeCurrent: 0xa6a85780: ver 2 0 (tinfo 0xa6a83640)
06-06 17:47:32.398 D/EGL_emulation( 1713): eglMakeCurrent: 0xa6a85780: ver 2 0 (tinfo 0xa6a83640)
06-06 17:47:32.399 D/EGL_emulation( 2106): eglMakeCurrent: 0xa6a85300: ver 2 0 (tinfo 0xa6a83220)
06-06 17:47:32.432 D/EGL_emulation( 1713): eglMakeCurrent: 0xa6a85780: ver 2 0 (tinfo 0xa6a83640)
06-06 17:47:32.448 D/AndroidRuntime(18760): >>>>>> START com.android.internal.os.RuntimeInit uid 2000 <<<<<<
06-06 17:47:32.448 D/EGL_emulation( 1713): eglMakeCurrent: 0xa6a85780: ver 2 0 (tinfo 0xa6a83640)
06-06 17:47:32.449 D/AndroidRuntime(18760): CheckJNI is ON
06-06 17:47:32.450 D/EGL_emulation( 1713): eglMakeCurrent: 0xa6a85780: ver 2 0 (tinfo 0xa6a83640)
06-06 17:47:32.460 W/art     (18760): Unexpected CPU variant for X86 using defaults: x86
06-06 17:47:32.462 D/ICU     (18760): No timezone override file found: /data/misc/zoneinfo/current/icu/icu_tzdata.dat
06-06 17:47:32.465 D/EGL_emulation( 1713): eglMakeCurrent: 0xa6a85780: ver 2 0 (tinfo 0xa6a83640)
06-06 17:47:32.467 D/EGL_emulation( 1713): eglMakeCurrent: 0xa6a85780: ver 2 0 (tinfo 0xa6a83640)
06-06 17:47:32.471 E/memtrack(18760): Couldn't load memtrack module (No such file or directory)
06-06 17:47:32.471 E/android.os.Debug(18760): failed to load memtrack module: -2
06-06 17:47:32.471 I/Radio-JNI(18760): register_android_hardware_Radio DONE
06-06 17:47:32.475 D/AndroidRuntime(18760): Calling main entry com.android.commands.am.Am
06-06 17:47:32.477 I/ActivityManager( 1631): Force stopping com.evancharlton.mileage appid=10728 user=0: start instr
06-06 17:47:32.477 I/ActivityManager( 1631): Killing 18649:com.evancharlton.mileage/u0a728 (adj 0): stop com.evancharlton.mileage
06-06 17:47:32.477 D/ActivityManager( 1631): cleanUpApplicationRecord -- 18649
06-06 17:47:32.478 W/ActivityManager( 1631): Crash of app com.evancharlton.mileage running instrumentation ComponentInfo{com.evancharlton.mileage.test/sh.calaba.instrumentationbackend.CalabashInstrumentationTestRunner}
06-06 17:47:32.478 I/ActivityManager( 1631): Force stopping com.evancharlton.mileage appid=10728 user=0: finished inst
06-06 17:47:32.481 I/art     (18771): Not late-enabling -Xcheck:jni (already on)
06-06 17:47:32.482 D/EGL_emulation( 1713): eglMakeCurrent: 0xa6a85780: ver 2 0 (tinfo 0xa6a83640)
06-06 17:47:32.482 W/art     (18771): Unexpected CPU variant for X86 using defaults: x86
06-06 17:47:32.483 D/EGL_emulation( 1713): eglMakeCurrent: 0xa6a85780: ver 2 0 (tinfo 0xa6a83640)
06-06 17:47:32.489 I/ActivityManager( 1631): Start proc 18771:com.evancharlton.mileage/u0a728 for added application com.evancharlton.mileage
06-06 17:47:32.489 D/AndroidRuntime(18760): Shutting down VM
06-06 17:47:32.493 W/System  (18771): ClassLoader referenced unknown path: /data/app/com.evancharlton.mileage.test-1/lib/x86
06-06 17:47:32.493 W/System  (18771): ClassLoader referenced unknown path: /data/app/com.evancharlton.mileage-1/lib/x86
06-06 17:47:32.496 W/System  (18771): ClassLoader referenced unknown path: 
06-06 17:47:32.499 D/EGL_emulation( 1713): eglMakeCurrent: 0xa6a85780: ver 2 0 (tinfo 0xa6a83640)
06-06 17:47:32.502 D/EGL_emulation( 1713): eglMakeCurrent: 0xa6a85780: ver 2 0 (tinfo 0xa6a83640)
06-06 17:47:32.503 I/System.out(18771): Main activity name automatically set to: com.evancharlton.mileage.Mileage
06-06 17:47:32.503 I/System.out(18771): Calabash did not load Mono. This is only a problem if you are trying to test a Mono application
06-06 17:47:32.503 I/calabash(18771): Test server port: 7102
06-06 17:47:32.504 I/InstrumentationBackend(18771): Added:'GetPreferences', with key:'get_preferences'
06-06 17:47:32.509 I/InstrumentationBackend(18771): Added:'SetPreferences', with key:'set_preferences'
06-06 17:47:32.509 I/InstrumentationBackend(18771): Added:'ClearPreferences', with key:'clear_preferences'
06-06 17:47:32.509 I/InstrumentationBackend(18771): Added:'PressElement', with key:'press_l10n_element'
06-06 17:47:32.509 I/InstrumentationBackend(18771): Added:'WaitForElement', with key:'wait_for_l10n_element'
06-06 17:47:32.509 I/InstrumentationBackend(18771): Added:'NullAction', with key:'nullAction'
06-06 17:47:32.509 I/InstrumentationBackend(18771): Added:'PressKey', with key:'press_key'
06-06 17:47:32.509 I/InstrumentationBackend(18771): Added:'SetActivityOrientation', with key:'set_activity_orientation'
06-06 17:47:32.509 I/InstrumentationBackend(18771): Added:'GetActivityOrientation', with key:'get_activity_orientation'
06-06 17:47:32.509 I/InstrumentationBackend(18771): Added:'FakeGPSLocation', with key:'set_gps_coordinates'
06-06 17:47:32.509 I/InstrumentationBackend(18771): Added:'SetPropertyByCssSelector', with key:'set_property_by_css_selector'
06-06 17:47:32.509 I/InstrumentationBackend(18771): Added:'GetUrl', with key:'get_url'
06-06 17:47:32.510 I/InstrumentationBackend(18771): Added:'ScrollTo', with key:'scroll_to'
06-06 17:47:32.510 I/InstrumentationBackend(18771): Added:'GetLoadProgress', with key:'get_load_progress'
06-06 17:47:32.510 I/InstrumentationBackend(18771): Added:'DumpHtml', with key:'dump_html'
06-06 17:47:32.510 I/InstrumentationBackend(18771): Added:'DumpBodyHtml', with key:'dump_body_html'
06-06 17:47:32.510 I/InstrumentationBackend(18771): Added:'EnterTextByCssSelector', with key:'enter_text_by_selector'
06-06 17:47:32.510 I/InstrumentationBackend(18771): Added:'AndroidSDKVersion', with key:'android_sdk_version'
06-06 17:47:32.510 I/InstrumentationBackend(18771): Added:'Version', with key:'version'
06-06 17:47:32.510 I/InstrumentationBackend(18771): Added:'Drag', with key:'drag'
06-06 17:47:32.510 I/InstrumentationBackend(18771): Added:'TouchCoordinates', with key:'touch_coordinate'
06-06 17:47:32.510 I/InstrumentationBackend(18771): Added:'LongPressCoordinate', with key:'long_press_coordinate'
06-06 17:47:32.510 I/InstrumentationBackend(18771): Added:'DragCoordinates', with key:'drag_coordinates'
06-06 17:47:32.510 I/InstrumentationBackend(18771): Added:'ResumeApplication', with key:'resume_application'
06-06 17:47:32.510 I/InstrumentationBackend(18771): Added:'Swipe', with key:'swipe'
06-06 17:47:32.510 I/InstrumentationBackend(18771): Added:'DoubleTapCoordinate', with key:'double_tap_coordinate'
06-06 17:47:32.510 I/InstrumentationBackend(18771): Added:'ClickOnScreen', with key:'click_on_screen'
06-06 17:47:32.510 I/InstrumentationBackend(18771): Added:'GetActivityName', with key:'get_activity_name'
06-06 17:47:32.511 I/InstrumentationBackend(18771): Added:'ScrollToView', with key:'scroll_to_view'
06-06 17:47:32.511 I/InstrumentationBackend(18771): Added:'ViewConfiguration', with key:'view_configuration'
06-06 17:47:32.511 I/InstrumentationBackend(18771): Added:'IsCurrentActivityFocused', with key:'is_current_activity_focused'
06-06 17:47:32.511 I/InstrumentationBackend(18771): Added:'SendTcp', with key:'send_tcp'
06-06 17:47:32.511 I/InstrumentationBackend(18771): Added:'DpToDevicePixel', with key:'dp_to_device_pixel'
06-06 17:47:32.511 I/InstrumentationBackend(18771): Added:'KeyboardEnterText', with key:'keyboard_enter_text'
06-06 17:47:32.511 I/InstrumentationBackend(18771): Added:'DeleteSurroundingText', with key:'delete_surrounding_text'
06-06 17:47:32.511 I/InstrumentationBackend(18771): Added:'SetComposingRegion', with key:'set_composing_region'
06-06 17:47:32.511 I/InstrumentationBackend(18771): Added:'SetSelection', with key:'set_selection'
06-06 17:47:32.511 I/InstrumentationBackend(18771): Added:'KeyboardKeyEvent', with key:'keyboard_key_event'
06-06 17:47:32.511 I/InstrumentationBackend(18771): Added:'PressUserActionButton', with key:'press_user_action_button'
06-06 17:47:32.511 I/InstrumentationBackend(18771): Added:'HideSoftKeyboard', with key:'hide_soft_keyboard'
06-06 17:47:32.511 I/InstrumentationBackend(18771): Added:'ListActions', with key:'list_actions'
06-06 17:47:32.511 I/calabash(18771): Instantiating http server at 7102
06-06 17:47:32.512 I/System.out(18771): HTTP Daemon listening on: 7102
06-06 17:47:32.515 D/EGL_emulation( 1713): eglMakeCurrent: 0xa6a85780: ver 2 0 (tinfo 0xa6a83640)
06-06 17:47:32.517 D/EGL_emulation( 1713): eglMakeCurrent: 0xa6a85780: ver 2 0 (tinfo 0xa6a83640)
06-06 17:47:32.531 D/EGL_emulation( 1713): eglMakeCurrent: 0xa6a85780: ver 2 0 (tinfo 0xa6a83640)
06-06 17:47:32.533 D/EGL_emulation( 1713): eglMakeCurrent: 0xa6a85780: ver 2 0 (tinfo 0xa6a83640)
06-06 17:47:32.538 I/WindowManager( 1631): WIN DEATH: Window{fa73e65 u0 com.evancharlton.mileage/com.evancharlton.mileage.VehicleTypeListActivity EXITING}
06-06 17:47:32.538 W/InputDispatcher( 1631): channel '81559f4 PopupWindow:a9b832c (server)' ~ Consumer closed input channel or an error occurred.  events=0x9
06-06 17:47:32.538 E/InputDispatcher( 1631): channel '81559f4 PopupWindow:a9b832c (server)' ~ Channel is unrecoverably broken and will be disposed!
06-06 17:47:32.539 I/WindowManager( 1631): WIN DEATH: Window{81559f4 u0 PopupWindow:a9b832c EXITING}
06-06 17:47:32.539 W/InputDispatcher( 1631): Attempted to unregister already unregistered input channel '81559f4 PopupWindow:a9b832c (server)'
06-06 17:47:32.549 D/EGL_emulation( 1713): eglMakeCurrent: 0xa6a85780: ver 2 0 (tinfo 0xa6a83640)
06-06 17:47:32.552 D/EGL_emulation( 1713): eglMakeCurrent: 0xa6a85780: ver 2 0 (tinfo 0xa6a83640)
06-06 17:47:32.565 D/EGL_emulation( 1713): eglMakeCurrent: 0xa6a85780: ver 2 0 (tinfo 0xa6a83640)
06-06 17:47:32.569 D/EGL_emulation( 1713): eglMakeCurrent: 0xa6a85780: ver 2 0 (tinfo 0xa6a83640)
06-06 17:47:32.581 D/EGL_emulation( 1713): eglMakeCurrent: 0xa6a85780: ver 2 0 (tinfo 0xa6a83640)
06-06 17:47:32.583 D/EGL_emulation( 1713): eglMakeCurrent: 0xa6a85780: ver 2 0 (tinfo 0xa6a83640)
06-06 17:47:32.599 D/EGL_emulation( 1713): eglMakeCurrent: 0xa6a85780: ver 2 0 (tinfo 0xa6a83640)
06-06 17:47:32.601 I/System.out(18771): URI: //ping
06-06 17:47:32.601 I/System.out(18771): params: {json={}
06-06 17:47:32.601 I/System.out(18771): }
06-06 17:47:32.604 I/System.out(18771): URI: //ping
06-06 17:47:32.604 I/System.out(18771): params: {json={}
06-06 17:47:32.604 I/System.out(18771): }
06-06 17:47:32.606 I/System.out(18771): URI: //ready
06-06 17:47:32.606 I/System.out(18771): params: {json={}
06-06 17:47:32.606 I/System.out(18771): }
06-06 17:47:32.607 I/System.out(18771): URI: //
06-06 17:47:32.607 I/System.out(18771): params: {json={"command":"version","arguments":[]}
06-06 17:47:32.607 I/System.out(18771): }
06-06 17:47:32.607 I/System.out(18771): header: {content-type=application/json;charset=utf-8, date=Sat, 06 Jun 2020 22:47:33 GMT, accept=*/*, host=127.0.0.1:34784, content-length=36, user-agent=HTTPClient/1.0 (2.8.3, ruby 2.5.1 (2018-03-29))}
06-06 17:47:32.607 I/System.out(18771): params: {json={"command":"version","arguments":[]}
06-06 17:47:32.607 I/System.out(18771): }
06-06 17:47:32.607 I/System.out(18771): ProP json = {"command":"version","arguments":[]}
06-06 17:47:32.607 I/System.out(18771): files: {}
06-06 17:47:32.607 I/System.out(18771): command: {"command":"version","arguments":[]}
06-06 17:47:32.611 I/InstrumentationBackend(18771): Got command:'Command:'Line:null,version', arguments:'[]'
06-06 17:47:32.615 D/EGL_emulation( 1713): eglMakeCurrent: 0xa6a85780: ver 2 0 (tinfo 0xa6a83640)
06-06 17:47:32.616 D/EGL_emulation( 1713): eglMakeCurrent: 0xa6a85780: ver 2 0 (tinfo 0xa6a83640)
06-06 17:47:32.618 I/System.out(18771): result:{"bonusInformation":[],"message":"0.9.8","success":true}
06-06 17:47:32.619 I/System.out(18771): URI: //start-application
06-06 17:47:32.619 I/System.out(18771): params: {json={"intent":null}
06-06 17:47:32.619 I/System.out(18771): }
06-06 17:47:32.628 I/ActivityManager( 1631): START u0 {act=android.intent.action.MAIN cat=[android.intent.category.LAUNCHER] flg=0x10200000 cmp=com.evancharlton.mileage/.Mileage} from uid 10728 on display 0
06-06 17:47:32.636 I/calabash(18771): newActivity1
06-06 17:47:32.644 I/calabash(18771): newActivity1
06-06 17:47:32.645 W/ActivityManager( 1631): Bad activity token: android.os.BinderProxy@2c22a9a
06-06 17:47:32.645 W/ActivityManager( 1631): java.lang.ClassCastException: android.os.BinderProxy cannot be cast to com.android.server.am.ActivityRecord$Token
06-06 17:47:32.645 W/ActivityManager( 1631): 	at com.android.server.am.ActivityRecord.forTokenLocked(ActivityRecord.java:586)
06-06 17:47:32.645 W/ActivityManager( 1631): 	at com.android.server.am.ActivityRecord.isInStackLocked(ActivityRecord.java:1327)
06-06 17:47:32.645 W/ActivityManager( 1631): 	at com.android.server.am.ActivityRecord.getStackLocked(ActivityRecord.java:1332)
06-06 17:47:32.645 W/ActivityManager( 1631): 	at com.android.server.am.ActivityManagerService.getActivityDisplayId(ActivityManagerService.java:9806)
06-06 17:47:32.645 W/ActivityManager( 1631): 	at android.app.ActivityManagerNative.onTransact(ActivityManagerNative.java:2566)
06-06 17:47:32.645 W/ActivityManager( 1631): 	at com.android.server.am.ActivityManagerService.onTransact(ActivityManagerService.java:2757)
06-06 17:47:32.645 W/ActivityManager( 1631): 	at android.os.Binder.execTransact(Binder.java:565)
06-06 17:47:32.646 W/ActivityManager( 1631): Bad activity token: android.os.BinderProxy@2c22a9a
06-06 17:47:32.646 W/ActivityManager( 1631): java.lang.ClassCastException: android.os.BinderProxy cannot be cast to com.android.server.am.ActivityRecord$Token
06-06 17:47:32.646 W/ActivityManager( 1631): 	at com.android.server.am.ActivityRecord.forTokenLocked(ActivityRecord.java:586)
06-06 17:47:32.646 W/ActivityManager( 1631): 	at com.android.server.am.ActivityRecord.isInStackLocked(ActivityRecord.java:1327)
06-06 17:47:32.646 W/ActivityManager( 1631): 	at com.android.server.am.ActivityManagerService.setTaskDescription(ActivityManagerService.java:9358)
06-06 17:47:32.646 W/ActivityManager( 1631): 	at android.app.ActivityManagerNative.onTransact(ActivityManagerNative.java:2639)
06-06 17:47:32.646 W/ActivityManager( 1631): 	at com.android.server.am.ActivityManagerService.onTransact(ActivityManagerService.java:2757)
06-06 17:47:32.646 W/ActivityManager( 1631): 	at android.os.Binder.execTransact(Binder.java:565)
06-06 17:47:32.647 W/ActivityManager( 1631): Bad activity token: android.os.BinderProxy@2c22a9a
06-06 17:47:32.647 W/ActivityManager( 1631): java.lang.ClassCastException: android.os.BinderProxy cannot be cast to com.android.server.am.ActivityRecord$Token
06-06 17:47:32.647 W/ActivityManager( 1631): 	at com.android.server.am.ActivityRecord.forTokenLocked(ActivityRecord.java:586)
06-06 17:47:32.647 W/ActivityManager( 1631): 	at com.android.server.am.ActivityRecord.isInStackLocked(ActivityRecord.java:1327)
06-06 17:47:32.647 W/ActivityManager( 1631): 	at com.android.server.am.ActivityRecord.getStackLocked(ActivityRecord.java:1332)
06-06 17:47:32.647 W/ActivityManager( 1631): 	at com.android.server.am.ActivityManagerService.getActivityStackId(ActivityManagerService.java:9817)
06-06 17:47:32.647 W/ActivityManager( 1631): 	at android.app.ActivityManagerNative.onTransact(ActivityManagerNative.java:2856)
06-06 17:47:32.647 W/ActivityManager( 1631): 	at com.android.server.am.ActivityManagerService.onTransact(ActivityManagerService.java:2757)
06-06 17:47:32.647 W/ActivityManager( 1631): 	at android.os.Binder.execTransact(Binder.java:565)
06-06 17:47:32.649 D/gralloc_ranchu( 1348): gralloc_alloc: Creating ashmem region of size 9023488
06-06 17:47:32.664 W/ActivityManager( 1631): Bad activity token: android.os.BinderProxy@2c22a9a
06-06 17:47:32.664 W/ActivityManager( 1631): java.lang.ClassCastException: android.os.BinderProxy cannot be cast to com.android.server.am.ActivityRecord$Token
06-06 17:47:32.664 W/ActivityManager( 1631): 	at com.android.server.am.ActivityRecord.forTokenLocked(ActivityRecord.java:586)
06-06 17:47:32.664 W/ActivityManager( 1631): 	at com.android.server.am.ActivityRecord.isInStackLocked(ActivityRecord.java:1327)
06-06 17:47:32.664 W/ActivityManager( 1631): 	at com.android.server.am.ActivityManagerService.getActivityOptions(ActivityManagerService.java:12559)
06-06 17:47:32.664 W/ActivityManager( 1631): 	at android.app.ActivityManagerNative.onTransact(ActivityManagerNative.java:1933)
06-06 17:47:32.664 W/ActivityManager( 1631): 	at com.android.server.am.ActivityManagerService.onTransact(ActivityManagerService.java:2757)
06-06 17:47:32.664 W/ActivityManager( 1631): 	at android.os.Binder.execTransact(Binder.java:565)
06-06 17:47:32.665 W/ActivityManager( 1631): Bad activity token: android.os.BinderProxy@2c22a9a
06-06 17:47:32.665 W/ActivityManager( 1631): java.lang.ClassCastException: android.os.BinderProxy cannot be cast to com.android.server.am.ActivityRecord$Token
06-06 17:47:32.665 W/ActivityManager( 1631): 	at com.android.server.am.ActivityRecord.forTokenLocked(ActivityRecord.java:586)
06-06 17:47:32.665 W/ActivityManager( 1631): 	at com.android.server.am.ActivityRecord.isInStackLocked(ActivityRecord.java:1327)
06-06 17:47:32.665 W/ActivityManager( 1631): 	at com.android.server.am.ActivityManagerService.getActivityOptions(ActivityManagerService.java:12559)
06-06 17:47:32.665 W/ActivityManager( 1631): 	at android.app.ActivityManagerNative.onTransact(ActivityManagerNative.java:1933)
06-06 17:47:32.665 W/ActivityManager( 1631): 	at com.android.server.am.ActivityManagerService.onTransact(ActivityManagerService.java:2757)
06-06 17:47:32.665 W/ActivityManager( 1631): 	at android.os.Binder.execTransact(Binder.java:565)
06-06 17:47:32.688 V/PhoneStatusBar( 1713): setLightsOn(true)
06-06 17:47:32.698 D/gralloc_ranchu( 1348): gralloc_alloc: Creating ashmem region of size 9023488
06-06 17:47:32.698 I/WindowManager( 1631): Destroying surface Surface(name=PopupWindow:a9b832c) called by com.android.server.wm.WindowStateAnimator.destroySurface:2016 com.android.server.wm.WindowStateAnimator.destroySurfaceLocked:882 com.android.server.wm.WindowState.removeLocked:1456 com.android.server.wm.WindowManagerService.removeWindowInnerLocked:2484 com.android.server.wm.AppWindowToken.destroySurfaces:365 com.android.server.wm.WindowStateAnimator.finishExit:565 com.android.server.wm.WindowStateAnimator.stepAnimationLocked:491 com.android.server.wm.WindowAnimator.updateWindowsLocked:303 
06-06 17:47:32.707 D/EGL_emulation( 2106): eglMakeCurrent: 0xa6a85300: ver 2 0 (tinfo 0xa6a83220)
06-06 17:47:32.707 D/EGL_emulation( 1713): eglMakeCurrent: 0xa6a85780: ver 2 0 (tinfo 0xa6a83640)
06-06 17:47:32.707 D/        (18771): HostConnection::get() New Host Connection established 0x954ad480, tid 18771
06-06 17:47:32.767 D/EGL_emulation( 1713): eglMakeCurrent: 0xa6a85780: ver 2 0 (tinfo 0xa6a83640)
06-06 17:47:32.771 D/EGL_emulation( 1713): eglMakeCurrent: 0xa6a85780: ver 2 0 (tinfo 0xa6a83640)
06-06 17:47:32.772 V/PhoneStatusBar( 1713): setLightsOn(true)
06-06 17:47:32.774 D/EGL_emulation( 1713): eglMakeCurrent: 0xa6a85780: ver 2 0 (tinfo 0xa6a83640)
06-06 17:47:32.782 D/EGL_emulation( 1713): eglMakeCurrent: 0xa6a85780: ver 2 0 (tinfo 0xa6a83640)
06-06 17:47:32.792 D/EGL_emulation( 1713): eglMakeCurrent: 0xa6a85780: ver 2 0 (tinfo 0xa6a83640)
06-06 17:47:32.798 D/EGL_emulation( 1713): eglMakeCurrent: 0xa6a85780: ver 2 0 (tinfo 0xa6a83640)
06-06 17:47:32.800 D/EGL_emulation( 1713): eglMakeCurrent: 0xa6a85780: ver 2 0 (tinfo 0xa6a83640)
06-06 17:47:32.815 D/gralloc_ranchu( 1348): gralloc_alloc: Creating ashmem region of size 9023488
06-06 17:47:32.815 D/EGL_emulation( 1713): eglMakeCurrent: 0xa6a85780: ver 2 0 (tinfo 0xa6a83640)
06-06 17:47:32.815 I/ActivityManager( 1631): Displayed com.evancharlton.mileage/.Mileage: +183ms
06-06 17:47:32.839 D/EGL_emulation( 1713): eglMakeCurrent: 0xa6a85780: ver 2 0 (tinfo 0xa6a83640)
06-06 17:47:32.842 I/WindowManager( 1631): Destroying surface Surface(name=com.evancharlton.mileage/com.evancharlton.mileage.VehicleTypeListActivity) called by com.android.server.wm.WindowStateAnimator.destroySurface:2016 com.android.server.wm.WindowStateAnimator.destroySurfaceLocked:882 com.android.server.wm.WindowState.destroyOrSaveSurface:2100 com.android.server.wm.AppWindowToken.destroySurfaces:363 com.android.server.wm.WindowStateAnimator.finishExit:565 com.android.server.wm.AppWindowAnimator.stepAnimationLocked:427 com.android.server.wm.WindowAnimator.updateAppWindowsLocked:196 com.android.server.wm.WindowAnimator.animateLocked:678 
06-06 17:47:32.842 D/EGL_emulation( 1713): eglMakeCurrent: 0xa6a85780: ver 2 0 (tinfo 0xa6a83640)
06-06 17:47:32.851 D/EGL_emulation( 1713): eglMakeCurrent: 0xa6a85780: ver 2 0 (tinfo 0xa6a83640)
06-06 17:47:32.853 D/EGL_emulation( 1713): eglMakeCurrent: 0xa6a85780: ver 2 0 (tinfo 0xa6a83640)
06-06 17:47:32.854 V/PhoneStatusBar( 1713): setLightsOn(true)
06-06 17:47:32.855 D/EGL_emulation( 1713): eglMakeCurrent: 0xa6a85780: ver 2 0 (tinfo 0xa6a83640)
06-06 17:47:32.869 D/EGL_emulation( 1713): eglMakeCurrent: 0xa6a85780: ver 2 0 (tinfo 0xa6a83640)
06-06 17:47:32.871 D/EGL_emulation( 1713): eglMakeCurrent: 0xa6a85780: ver 2 0 (tinfo 0xa6a83640)
06-06 17:47:32.882 D/EGL_emulation( 1713): eglMakeCurrent: 0xa6a85780: ver 2 0 (tinfo 0xa6a83640)
06-06 17:47:32.883 D/EGL_emulation( 1713): eglMakeCurrent: 0xa6a85780: ver 2 0 (tinfo 0xa6a83640)
06-06 17:47:32.887 I/System.out(18771): URI: //map
06-06 17:47:32.887 I/System.out(18771): params: {json={"query":"* marked:'Vehicles'","operation":{"method_name":"query","arguments":[]}}
06-06 17:47:32.887 I/System.out(18771): }
06-06 17:47:32.898 D/EGL_emulation( 1713): eglMakeCurrent: 0xa6a85780: ver 2 0 (tinfo 0xa6a83640)
06-06 17:47:32.900 D/EGL_emulation( 1713): eglMakeCurrent: 0xa6a85780: ver 2 0 (tinfo 0xa6a83640)
06-06 17:47:32.905 W/ResourceType(18771): No package identifier when getting name for resource number 0x00000001
06-06 17:47:32.915 D/EGL_emulation( 1713): eglMakeCurrent: 0xa6a85780: ver 2 0 (tinfo 0xa6a83640)
06-06 17:47:32.916 D/EGL_emulation( 1713): eglMakeCurrent: 0xa6a85780: ver 2 0 (tinfo 0xa6a83640)
06-06 17:47:32.922 I/System.out(18771): URI: //gesture
06-06 17:47:32.922 I/System.out(18771): params: {json={"query_timeout":5.0,"gestures":[{"query_string":"* marked:'Vehicles'","touches":[{"x":50,"y":50,"offset_x":0,"offset_y":0,"wait":0.0,"time":0.2,"release":true,"query_string":null}]}]}
06-06 17:47:32.922 I/System.out(18771): }
06-06 17:47:32.926 W/ResourceType(18771): No package identifier when getting name for resource number 0x00000001
06-06 17:47:33.015 I/WindowManager( 1631): Destroying surface Surface(name=Starting com.evancharlton.mileage) called by com.android.server.wm.WindowStateAnimator.destroySurface:2016 com.android.server.wm.WindowStateAnimator.destroySurfaceLocked:882 com.android.server.wm.WindowState.destroyOrSaveSurface:2100 com.android.server.wm.AppWindowToken.destroySurfaces:363 com.android.server.wm.WindowStateAnimator.finishExit:565 com.android.server.wm.WindowStateAnimator.stepAnimationLocked:491 com.android.server.wm.WindowAnimator.updateWindowsLocked:303 com.android.server.wm.WindowAnimator.animateLocked:704 
06-06 17:47:33.016 V/PhoneStatusBar( 1713): setLightsOn(true)
06-06 17:47:33.048 V/PhoneStatusBar( 1713): setLightsOn(true)
06-06 17:47:33.148 V/PhoneStatusBar( 1713): setLightsOn(true)
06-06 17:47:33.150 I/calabash(18771): newActivity1
06-06 17:47:33.151 W/ActivityManager( 1631): Bad activity token: android.os.BinderProxy@5178884
06-06 17:47:33.151 W/ActivityManager( 1631): java.lang.ClassCastException: android.os.BinderProxy cannot be cast to com.android.server.am.ActivityRecord$Token
06-06 17:47:33.151 W/ActivityManager( 1631): 	at com.android.server.am.ActivityRecord.forTokenLocked(ActivityRecord.java:586)
06-06 17:47:33.151 W/ActivityManager( 1631): 	at com.android.server.am.ActivityRecord.isInStackLocked(ActivityRecord.java:1327)
06-06 17:47:33.151 W/ActivityManager( 1631): 	at com.android.server.am.ActivityRecord.getStackLocked(ActivityRecord.java:1332)
06-06 17:47:33.151 W/ActivityManager( 1631): 	at com.android.server.am.ActivityManagerService.getActivityDisplayId(ActivityManagerService.java:9806)
06-06 17:47:33.151 W/ActivityManager( 1631): 	at android.app.ActivityManagerNative.onTransact(ActivityManagerNative.java:2566)
06-06 17:47:33.151 W/ActivityManager( 1631): 	at com.android.server.am.ActivityManagerService.onTransact(ActivityManagerService.java:2757)
06-06 17:47:33.151 W/ActivityManager( 1631): 	at android.os.Binder.execTransact(Binder.java:565)
06-06 17:47:33.152 W/ActivityManager( 1631): Bad activity token: android.os.BinderProxy@5178884
06-06 17:47:33.152 W/ActivityManager( 1631): java.lang.ClassCastException: android.os.BinderProxy cannot be cast to com.android.server.am.ActivityRecord$Token
06-06 17:47:33.152 W/ActivityManager( 1631): 	at com.android.server.am.ActivityRecord.forTokenLocked(ActivityRecord.java:586)
06-06 17:47:33.152 W/ActivityManager( 1631): 	at com.android.server.am.ActivityRecord.isInStackLocked(ActivityRecord.java:1327)
06-06 17:47:33.152 W/ActivityManager( 1631): 	at com.android.server.am.ActivityManagerService.setTaskDescription(ActivityManagerService.java:9358)
06-06 17:47:33.152 W/ActivityManager( 1631): 	at android.app.ActivityManagerNative.onTransact(ActivityManagerNative.java:2639)
06-06 17:47:33.152 W/ActivityManager( 1631): 	at com.android.server.am.ActivityManagerService.onTransact(ActivityManagerService.java:2757)
06-06 17:47:33.152 W/ActivityManager( 1631): 	at android.os.Binder.execTransact(Binder.java:565)
06-06 17:47:33.153 W/ActivityManager( 1631): Bad activity token: android.os.BinderProxy@5178884
06-06 17:47:33.153 W/ActivityManager( 1631): java.lang.ClassCastException: android.os.BinderProxy cannot be cast to com.android.server.am.ActivityRecord$Token
06-06 17:47:33.153 W/ActivityManager( 1631): 	at com.android.server.am.ActivityRecord.forTokenLocked(ActivityRecord.java:586)
06-06 17:47:33.153 W/ActivityManager( 1631): 	at com.android.server.am.ActivityRecord.isInStackLocked(ActivityRecord.java:1327)
06-06 17:47:33.153 W/ActivityManager( 1631): 	at com.android.server.am.ActivityRecord.getStackLocked(ActivityRecord.java:1332)
06-06 17:47:33.153 W/ActivityManager( 1631): 	at com.android.server.am.ActivityManagerService.getActivityStackId(ActivityManagerService.java:9817)
06-06 17:47:33.153 W/ActivityManager( 1631): 	at android.app.ActivityManagerNative.onTransact(ActivityManagerNative.java:2856)
06-06 17:47:33.153 W/ActivityManager( 1631): 	at com.android.server.am.ActivityManagerService.onTransact(ActivityManagerService.java:2757)
06-06 17:47:33.153 W/ActivityManager( 1631): 	at android.os.Binder.execTransact(Binder.java:565)
06-06 17:47:33.154 W/audio_hw_generic( 1395): Not supplying enough data to HAL, expected position 306812356 , only wrote 306812160
06-06 17:47:33.156 W/ActivityManager( 1631): Bad activity token: android.os.BinderProxy@5178884
06-06 17:47:33.156 W/ActivityManager( 1631): java.lang.ClassCastException: android.os.BinderProxy cannot be cast to com.android.server.am.ActivityRecord$Token
06-06 17:47:33.156 W/ActivityManager( 1631): 	at com.android.server.am.ActivityRecord.forTokenLocked(ActivityRecord.java:586)
06-06 17:47:33.156 W/ActivityManager( 1631): 	at com.android.server.am.ActivityRecord.isInStackLocked(ActivityRecord.java:1327)
06-06 17:47:33.156 W/ActivityManager( 1631): 	at com.android.server.am.ActivityManagerService.getActivityOptions(ActivityManagerService.java:12559)
06-06 17:47:33.156 W/ActivityManager( 1631): 	at android.app.ActivityManagerNative.onTransact(ActivityManagerNative.java:1933)
06-06 17:47:33.156 W/ActivityManager( 1631): 	at com.android.server.am.ActivityManagerService.onTransact(ActivityManagerService.java:2757)
06-06 17:47:33.156 W/ActivityManager( 1631): 	at android.os.Binder.execTransact(Binder.java:565)
06-06 17:47:33.157 W/ActivityManager( 1631): Bad activity token: android.os.BinderProxy@5178884
06-06 17:47:33.157 W/ActivityManager( 1631): java.lang.ClassCastException: android.os.BinderProxy cannot be cast to com.android.server.am.ActivityRecord$Token
06-06 17:47:33.157 W/ActivityManager( 1631): 	at com.android.server.am.ActivityRecord.forTokenLocked(ActivityRecord.java:586)
06-06 17:47:33.157 W/ActivityManager( 1631): 	at com.android.server.am.ActivityRecord.isInStackLocked(ActivityRecord.java:1327)
06-06 17:47:33.157 W/ActivityManager( 1631): 	at com.android.server.am.ActivityManagerService.getActivityOptions(ActivityManagerService.java:12559)
06-06 17:47:33.157 W/ActivityManager( 1631): 	at android.app.ActivityManagerNative.onTransact(ActivityManagerNative.java:1933)
06-06 17:47:33.157 W/ActivityManager( 1631): 	at com.android.server.am.ActivityManagerService.onTransact(ActivityManagerService.java:2757)
06-06 17:47:33.157 W/ActivityManager( 1631): 	at android.os.Binder.execTransact(Binder.java:565)
06-06 17:47:33.431 V/PhoneStatusBar( 1713): setLightsOn(true)
06-06 17:47:33.432 V/PhoneStatusBar( 1713): setLightsOn(true)
06-06 17:47:33.433 W/OpenGLRenderer( 2106): Incorrectly called buildLayer on View: ShortcutAndWidgetContainer, destroying layer...
06-06 17:47:33.449 V/PhoneStatusBar( 1713): setLightsOn(true)
06-06 17:47:33.449 I/WindowManager( 1631): Destroying surface Surface(name=com.android.launcher3/com.android.launcher3.Launcher) called by com.android.server.wm.WindowStateAnimator.destroySurface:2016 com.android.server.wm.WindowStateAnimator.destroySurfaceLocked:882 com.android.server.wm.WindowState.destroyOrSaveSurface:2100 com.android.server.wm.AppWindowToken.destroySurfaces:363 com.android.server.wm.AppWindowToken.notifyAppStopped:389 com.android.server.wm.WindowManagerService.notifyAppStopped:4463 com.android.server.am.ActivityStack.activityStoppedLocked:1252 com.android.server.am.ActivityManagerService.activityStopped:6903 
06-06 17:47:34.162 I/System.out(18771): URI: //
06-06 17:47:34.162 I/System.out(18771): params: {json={"command":"press_key","arguments":["KEYCODE_MENU"]}
06-06 17:47:34.162 I/System.out(18771): }
06-06 17:47:34.162 I/System.out(18771): header: {content-type=application/json;charset=utf-8, date=Sat, 06 Jun 2020 22:47:34 GMT, accept=*/*, host=127.0.0.1:34784, content-length=52, user-agent=HTTPClient/1.0 (2.8.3, ruby 2.5.1 (2018-03-29))}
06-06 17:47:34.162 I/System.out(18771): params: {json={"command":"press_key","arguments":["KEYCODE_MENU"]}
06-06 17:47:34.162 I/System.out(18771): }
06-06 17:47:34.162 I/System.out(18771): ProP json = {"command":"press_key","arguments":["KEYCODE_MENU"]}
06-06 17:47:34.162 I/System.out(18771): files: {}
06-06 17:47:34.162 I/System.out(18771): command: {"command":"press_key","arguments":["KEYCODE_MENU"]}
06-06 17:47:34.163 I/InstrumentationBackend(18771): Got command:'Command:'Line:null,press_key', arguments:'[KEYCODE_MENU]'
06-06 17:47:34.172 V/PhoneStatusBar( 1713): setLightsOn(true)
06-06 17:47:34.176 I/System.out(18771): result:{"bonusInformation":[],"message":"","success":true}
06-06 17:47:34.179 I/System.out(18771): URI: //map
06-06 17:47:34.179 I/System.out(18771): params: {json={"query":"* marked:'Add new vehicle'","operation":{"method_name":"query","arguments":[]}}
06-06 17:47:34.179 I/System.out(18771): }
06-06 17:47:34.183 V/PhoneStatusBar( 1713): setLightsOn(true)
06-06 17:47:34.198 V/PhoneStatusBar( 1713): setLightsOn(true)
06-06 17:47:34.215 V/PhoneStatusBar( 1713): setLightsOn(true)
06-06 17:47:34.216 D/gralloc_ranchu( 1348): gralloc_alloc: Creating ashmem region of size 1720320
06-06 17:47:34.223 V/PhoneStatusBar( 1713): setLightsOn(true)
06-06 17:47:34.223 W/ResourceType(18771): No package identifier when getting name for resource number 0x00000001
06-06 17:47:34.223 V/PhoneStatusBar( 1713): setLightsOn(true)
06-06 17:47:34.232 V/PhoneStatusBar( 1713): setLightsOn(true)
06-06 17:47:34.235 I/System.out(18771): URI: //gesture
06-06 17:47:34.235 I/System.out(18771): params: {json={"query_timeout":5.0,"gestures":[{"query_string":"* marked:'Add new vehicle'","touches":[{"x":50,"y":50,"offset_x":0,"offset_y":0,"wait":0.0,"time":0.2,"release":true,"query_string":null}]}]}
06-06 17:47:34.235 I/System.out(18771): }
06-06 17:47:34.240 W/ResourceType(18771): No package identifier when getting name for resource number 0x00000001
06-06 17:47:34.349 D/gralloc_ranchu( 1348): gralloc_alloc: Creating ashmem region of size 1720320
06-06 17:47:34.430 D/gralloc_ranchu( 1348): gralloc_alloc: Creating ashmem region of size 9023488
06-06 17:47:34.456 V/PhoneStatusBar( 1713): setLightsOn(true)
06-06 17:47:34.553 I/art     (18771): Do partial code cache collection, code=30KB, data=29KB
06-06 17:47:34.554 I/art     (18771): After code cache collection, code=29KB, data=29KB
06-06 17:47:34.554 I/art     (18771): Increasing code cache capacity to 128KB
06-06 17:47:34.561 I/System.out(18771): URI: //gesture
06-06 17:47:34.561 I/System.out(18771): params: {json={"query_timeout":5.0,"gestures":[{"query_string":"android.widget.EditText index:0","touches":[{"x":50,"y":50,"offset_x":0,"offset_y":0,"wait":0.0,"time":0.2,"release":true,"query_string":null}]}]}
06-06 17:47:34.561 I/System.out(18771): }
06-06 17:47:34.577 I/ActivityManager( 1631): START u0 {cmp=com.evancharlton.mileage/.VehicleActivity} from uid 10728 on display 0
06-06 17:47:34.578 V/PhoneStatusBar( 1713): setLightsOn(true)
06-06 17:47:34.579 V/PhoneStatusBar( 1713): setLightsOn(true)
06-06 17:47:34.606 I/WindowManager( 1631): Destroying surface Surface(name=AtchDlg:com.evancharlton.mileage/com.evancharlton.mileage.VehicleListActivity) called by com.android.server.wm.WindowStateAnimator.destroySurface:2016 com.android.server.wm.WindowStateAnimator.destroySurfaceLocked:882 com.android.server.wm.WindowState.removeLocked:1456 com.android.server.wm.WindowManagerService.removeWindowInnerLocked:2484 com.android.server.wm.WindowManagerService.removeWindowLocked:2442 com.android.server.wm.WindowManagerService.removeWindowLocked:2311 com.android.server.wm.WindowManagerService.removeWindow:2306 com.android.server.wm.Session.remove:202 
06-06 17:47:34.637 I/calabash(18771): newActivity1
06-06 17:47:34.713 V/PhoneStatusBar( 1713): setLightsOn(true)
06-06 17:47:34.715 V/PhoneStatusBar( 1713): setLightsOn(true)
06-06 17:47:34.731 V/PhoneStatusBar( 1713): setLightsOn(true)
06-06 17:47:34.742 D/gralloc_ranchu( 1348): gralloc_alloc: Creating ashmem region of size 9023488
06-06 17:47:34.771 I/ActivityManager( 1631): Displayed com.evancharlton.mileage/.VehicleActivity: +167ms
06-06 17:47:34.771 W/InputMethodService( 1699): Window size has been changed. This may cause jankiness of resizing window: -1 -> -2
06-06 17:47:34.776 I/LatinIME( 1699): Starting input. Cursor position = 0,0
06-06 17:47:34.781 D/gralloc_ranchu( 1348): gralloc_alloc: Creating ashmem region of size 9023488
06-06 17:47:34.781 V/PhoneStatusBar( 1713): setLightsOn(true)
06-06 17:47:34.814 V/PhoneStatusBar( 1713): setLightsOn(true)
06-06 17:47:34.850 V/PhoneStatusBar( 1713): setLightsOn(true)
06-06 17:47:34.899 V/PhoneStatusBar( 1713): setLightsOn(true)
06-06 17:47:34.916 D/EGL_emulation( 1713): eglMakeCurrent: 0xa6a85780: ver 2 0 (tinfo 0xa6a83640)
06-06 17:47:34.916 V/PhoneStatusBar( 1713): setLightsOn(true)
06-06 17:47:34.917 D/EGL_emulation( 1699): eglMakeCurrent: 0xa6a85240: ver 2 0 (tinfo 0xa6a83470)
06-06 17:47:34.932 D/EGL_emulation( 1713): eglMakeCurrent: 0xa6a85780: ver 2 0 (tinfo 0xa6a83640)
06-06 17:47:34.932 V/PhoneStatusBar( 1713): setLightsOn(true)
06-06 17:47:34.948 V/PhoneStatusBar( 1713): setLightsOn(true)
06-06 17:47:35.015 V/PhoneStatusBar( 1713): setLightsOn(true)
06-06 17:47:35.132 V/PhoneStatusBar( 1713): setLightsOn(true)
06-06 17:47:35.133 V/PhoneStatusBar( 1713): setLightsOn(true)
06-06 17:47:35.149 I/WindowManager( 1631): Destroying surface Surface(name=com.evancharlton.mileage/com.evancharlton.mileage.Mileage) called by com.android.server.wm.WindowStateAnimator.destroySurface:2016 com.android.server.wm.WindowStateAnimator.destroySurfaceLocked:882 com.android.server.wm.WindowState.destroyOrSaveSurface:2100 com.android.server.wm.WindowManagerService.tryStartExitingAnimation:3024 com.android.server.wm.WindowManagerService.relayoutWindow:2904 com.android.server.wm.Session.relayout:224 android.view.IWindowSession$Stub.onTransact:286 com.android.server.wm.Session.onTransact:145 
06-06 17:47:35.149 V/PhoneStatusBar( 1713): setLightsOn(true)
06-06 17:47:35.150 V/PhoneStatusBar( 1713): setLightsOn(true)
06-06 17:47:35.864 I/System.out(18771): URI: //
06-06 17:47:35.864 I/System.out(18771): params: {json={"command":"set_selection","arguments":[-1,-1]}
06-06 17:47:35.864 I/System.out(18771): }
06-06 17:47:35.864 I/System.out(18771): header: {content-type=application/json;charset=utf-8, date=Sat, 06 Jun 2020 22:47:36 GMT, accept=*/*, host=127.0.0.1:34784, content-length=47, user-agent=HTTPClient/1.0 (2.8.3, ruby 2.5.1 (2018-03-29))}
06-06 17:47:35.864 I/System.out(18771): params: {json={"command":"set_selection","arguments":[-1,-1]}
06-06 17:47:35.864 I/System.out(18771): }
06-06 17:47:35.864 I/System.out(18771): ProP json = {"command":"set_selection","arguments":[-1,-1]}
06-06 17:47:35.864 I/System.out(18771): files: {}
06-06 17:47:35.864 I/System.out(18771): command: {"command":"set_selection","arguments":[-1,-1]}
06-06 17:47:35.865 I/InstrumentationBackend(18771): Got command:'Command:'Line:null,set_selection', arguments:'[-1, -1]'
06-06 17:47:35.870 I/System.out(18771): result:{"bonusInformation":[],"message":"","success":true}
06-06 17:47:35.953 D/gralloc_ranchu( 1348): gralloc_alloc: Creating ashmem region of size 9023488
06-06 17:47:35.973 I/System.out(18771): URI: //
06-06 17:47:35.973 I/System.out(18771): params: {json={"command":"delete_surrounding_text","arguments":[-1,0]}
06-06 17:47:35.973 I/System.out(18771): }
06-06 17:47:35.973 I/System.out(18771): header: {content-type=application/json;charset=utf-8, date=Sat, 06 Jun 2020 22:47:36 GMT, accept=*/*, host=127.0.0.1:34784, content-length=56, user-agent=HTTPClient/1.0 (2.8.3, ruby 2.5.1 (2018-03-29))}
06-06 17:47:35.973 I/System.out(18771): params: {json={"command":"delete_surrounding_text","arguments":[-1,0]}
06-06 17:47:35.973 I/System.out(18771): }
06-06 17:47:35.973 I/System.out(18771): ProP json = {"command":"delete_surrounding_text","arguments":[-1,0]}
06-06 17:47:35.973 I/System.out(18771): files: {}
06-06 17:47:35.973 I/System.out(18771): command: {"command":"delete_surrounding_text","arguments":[-1,0]}
06-06 17:47:35.974 I/InstrumentationBackend(18771): Got command:'Command:'Line:null,delete_surrounding_text', arguments:'[-1, 0]'
06-06 17:47:35.995 E/SpannableStringBuilder(18771): SPAN_EXCLUSIVE_EXCLUSIVE spans cannot have a zero length
06-06 17:47:35.995 E/SpannableStringBuilder(18771): SPAN_EXCLUSIVE_EXCLUSIVE spans cannot have a zero length
06-06 17:47:35.998 I/System.out(18771): result:{"bonusInformation":[],"message":"","success":true}
06-06 17:47:36.001 I/System.out(18771): URI: //
06-06 17:47:36.001 I/System.out(18771): params: {json={"command":"press_key","arguments":["KEYCODE_BACK"]}
06-06 17:47:36.001 I/System.out(18771): }
06-06 17:47:36.001 I/System.out(18771): header: {content-type=application/json;charset=utf-8, date=Sat, 06 Jun 2020 22:47:36 GMT, accept=*/*, host=127.0.0.1:34784, content-length=52, user-agent=HTTPClient/1.0 (2.8.3, ruby 2.5.1 (2018-03-29))}
06-06 17:47:36.001 I/System.out(18771): params: {json={"command":"press_key","arguments":["KEYCODE_BACK"]}
06-06 17:47:36.001 I/System.out(18771): }
06-06 17:47:36.001 I/System.out(18771): ProP json = {"command":"press_key","arguments":["KEYCODE_BACK"]}
06-06 17:47:36.001 I/System.out(18771): files: {}
06-06 17:47:36.001 I/System.out(18771): command: {"command":"press_key","arguments":["KEYCODE_BACK"]}
06-06 17:47:36.002 I/InstrumentationBackend(18771): Got command:'Command:'Line:null,press_key', arguments:'[KEYCODE_BACK]'
06-06 17:47:36.022 W/InputMethodService( 1699): Window size has been changed. This may cause jankiness of resizing window: -1 -> -2
06-06 17:47:36.025 I/System.out(18771): result:{"bonusInformation":[],"message":"","success":true}
06-06 17:47:36.027 I/System.out(18771): URI: //map
06-06 17:47:36.027 I/System.out(18771): params: {json={"query":"* marked:'Add new vehicle'","operation":{"method_name":"query","arguments":[]}}
06-06 17:47:36.027 I/System.out(18771): }
06-06 17:47:36.031 D/EGL_emulation( 1713): eglMakeCurrent: 0xa6a85780: ver 2 0 (tinfo 0xa6a83640)
06-06 17:47:36.041 D/EGL_emulation( 1699): eglMakeCurrent: 0xa6a85240: ver 2 0 (tinfo 0xa6a83470)
06-06 17:47:36.046 V/PhoneStatusBar( 1713): setLightsOn(true)
06-06 17:47:36.048 V/PhoneStatusBar( 1713): setLightsOn(true)
06-06 17:47:36.068 V/PhoneStatusBar( 1713): setLightsOn(true)
06-06 17:47:36.084 W/ResourceType(18771): No package identifier when getting name for resource number 0x00000001
06-06 17:47:36.093 I/System.out(18771): URI: //gesture
06-06 17:47:36.093 I/System.out(18771): params: {json={"query_timeout":5.0,"gestures":[{"query_string":"* marked:'Add new vehicle'","touches":[{"x":50,"y":50,"offset_x":0,"offset_y":0,"wait":0.0,"time":0.2,"release":true,"query_string":null}]}]}
06-06 17:47:36.093 I/System.out(18771): }
06-06 17:47:36.138 W/ResourceType(18771): No package identifier when getting name for resource number 0x00000001
06-06 17:47:36.233 V/PhoneStatusBar( 1713): setLightsOn(true)
06-06 17:47:36.235 I/WindowManager( 1631): Destroying surface Surface(name=InputMethod) called by com.android.server.wm.WindowStateAnimator.destroySurface:2016 com.android.server.wm.WindowStateAnimator.destroySurfaceLocked:882 com.android.server.wm.WindowState.destroyOrSaveSurface:2100 com.android.server.wm.WindowSurfacePlacer.performSurfacePlacementInner:429 com.android.server.wm.WindowSurfacePlacer.performSurfacePlacementLoop:232 com.android.server.wm.WindowSurfacePlacer.performSurfacePlacement:180 com.android.server.wm.WindowManagerService$H.handleMessage:8086 android.os.Handler.dispatchMessage:102 
06-06 17:47:36.398 I/System.out(18771): URI: //map
06-06 17:47:36.398 I/System.out(18771): params: {json={"query":"* {text CONTAINS[c] 'Invalid vehicle title'}","operation":{"method_name":"query","arguments":[]}}
06-06 17:47:36.398 I/System.out(18771): }
06-06 17:47:36.436 V/PhoneStatusBar( 1713): setLightsOn(true)
06-06 17:47:36.448 V/PhoneStatusBar( 1713): setLightsOn(true)
06-06 17:47:36.464 D/gralloc_ranchu( 1348): gralloc_alloc: Creating ashmem region of size 274432
06-06 17:47:36.470 V/PhoneStatusBar( 1713): setLightsOn(true)
06-06 17:47:36.470 V/PhoneStatusBar( 1713): setLightsOn(true)
06-06 17:47:36.482 V/PhoneStatusBar( 1713): setLightsOn(true)
06-06 17:47:36.483 I/System.out(18771): URI: //map
06-06 17:47:36.483 I/System.out(18771): params: {json={"query":"android.widget.EditText index:0","operation":{"method_name":"query","arguments":[]}}
06-06 17:47:36.483 I/System.out(18771): }
06-06 17:47:36.497 I/System.out(18771): URI: //gesture
06-06 17:47:36.497 I/System.out(18771): params: {json={"query_timeout":5.0,"gestures":[{"query_string":"android.widget.EditText index:0","touches":[{"x":50,"y":50,"offset_x":0,"offset_y":0,"wait":0.0,"time":0.2,"release":true,"query_string":null}]}]}
06-06 17:47:36.497 I/System.out(18771): }
06-06 17:47:36.732 W/InputMethodService( 1699): Window size has been changed. This may cause jankiness of resizing window: -1 -> -2
06-06 17:47:36.732 V/PhoneStatusBar( 1713): setLightsOn(true)
06-06 17:47:36.736 I/LatinIME( 1699): Starting input. Cursor position = 0,0
06-06 17:47:36.765 V/PhoneStatusBar( 1713): setLightsOn(true)
06-06 17:47:36.781 V/PhoneStatusBar( 1713): setLightsOn(true)
06-06 17:47:36.797 V/PhoneStatusBar( 1713): setLightsOn(true)
06-06 17:47:36.816 D/EGL_emulation( 1699): eglMakeCurrent: 0xa6a85240: ver 2 0 (tinfo 0xa6a83470)
06-06 17:47:36.822 V/PhoneStatusBar( 1713): setLightsOn(true)
06-06 17:47:36.823 V/PhoneStatusBar( 1713): setLightsOn(true)
06-06 17:47:36.834 V/PhoneStatusBar( 1713): setLightsOn(true)
06-06 17:47:36.840 V/PhoneStatusBar( 1713): setLightsOn(true)
06-06 17:47:36.878 V/PhoneStatusBar( 1713): setLightsOn(true)
06-06 17:47:37.049 V/PhoneStatusBar( 1713): setLightsOn(true)
06-06 17:47:37.244 I/System.out(18771): URI: //
06-06 17:47:37.244 I/System.out(18771): params: {json={"command":"set_selection","arguments":[-1,-1]}
06-06 17:47:37.244 I/System.out(18771): }
06-06 17:47:37.244 I/System.out(18771): header: {content-type=application/json;charset=utf-8, date=Sat, 06 Jun 2020 22:47:37 GMT, accept=*/*, host=127.0.0.1:34784, content-length=47, user-agent=HTTPClient/1.0 (2.8.3, ruby 2.5.1 (2018-03-29))}
06-06 17:47:37.244 I/System.out(18771): params: {json={"command":"set_selection","arguments":[-1,-1]}
06-06 17:47:37.244 I/System.out(18771): }
06-06 17:47:37.244 I/System.out(18771): ProP json = {"command":"set_selection","arguments":[-1,-1]}
06-06 17:47:37.244 I/System.out(18771): files: {}
06-06 17:47:37.244 I/System.out(18771): command: {"command":"set_selection","arguments":[-1,-1]}
06-06 17:47:37.248 I/InstrumentationBackend(18771): Got command:'Command:'Line:null,set_selection', arguments:'[-1, -1]'
06-06 17:47:37.259 I/System.out(18771): result:{"bonusInformation":[],"message":"","success":true}
06-06 17:47:37.322 I/System.out(18771): URI: //
06-06 17:47:37.322 I/System.out(18771): params: {json={"command":"keyboard_enter_text","arguments":["Test"]}
06-06 17:47:37.322 I/System.out(18771): }
06-06 17:47:37.322 I/System.out(18771): header: {content-type=application/json;charset=utf-8, date=Sat, 06 Jun 2020 22:47:37 GMT, accept=*/*, host=127.0.0.1:34784, content-length=54, user-agent=HTTPClient/1.0 (2.8.3, ruby 2.5.1 (2018-03-29))}
06-06 17:47:37.322 I/System.out(18771): params: {json={"command":"keyboard_enter_text","arguments":["Test"]}
06-06 17:47:37.322 I/System.out(18771): }
06-06 17:47:37.322 I/System.out(18771): ProP json = {"command":"keyboard_enter_text","arguments":["Test"]}
06-06 17:47:37.322 I/System.out(18771): files: {}
06-06 17:47:37.322 I/System.out(18771): command: {"command":"keyboard_enter_text","arguments":["Test"]}
06-06 17:47:37.323 I/InstrumentationBackend(18771): Got command:'Command:'Line:null,keyboard_enter_text', arguments:'[Test]'
06-06 17:47:37.323 E/SpannableStringBuilder(18771): SPAN_EXCLUSIVE_EXCLUSIVE spans cannot have a zero length
06-06 17:47:37.323 E/SpannableStringBuilder(18771): SPAN_EXCLUSIVE_EXCLUSIVE spans cannot have a zero length
06-06 17:47:37.326 I/art     (18771): Do partial code cache collection, code=57KB, data=61KB
06-06 17:47:37.326 I/art     (18771): After code cache collection, code=56KB, data=61KB
06-06 17:47:37.326 I/art     (18771): Increasing code cache capacity to 256KB
06-06 17:47:37.326 V/PhoneStatusBar( 1713): setLightsOn(true)
06-06 17:47:37.327 E/SpannableStringBuilder(18771): SPAN_EXCLUSIVE_EXCLUSIVE spans cannot have a zero length
06-06 17:47:37.328 E/SpannableStringBuilder(18771): SPAN_EXCLUSIVE_EXCLUSIVE spans cannot have a zero length
06-06 17:47:37.330 I/System.out(18771): result:{"bonusInformation":[],"message":"","success":true}
06-06 17:47:37.332 I/System.out(18771): URI: //map
06-06 17:47:37.332 I/System.out(18771): params: {json={"query":"* marked:'Add new vehicle'","operation":{"method_name":"query","arguments":[]}}
06-06 17:47:37.332 I/System.out(18771): }
06-06 17:47:37.354 W/ResourceType(18771): No package identifier when getting name for resource number 0x00000001
06-06 17:47:37.362 I/System.out(18771): URI: //gesture
06-06 17:47:37.363 I/System.out(18771): params: {json={"query_timeout":5.0,"gestures":[{"query_string":"* marked:'Add new vehicle'","touches":[{"x":50,"y":50,"offset_x":0,"offset_y":0,"wait":0.0,"time":0.2,"release":true,"query_string":null}]}]}
06-06 17:47:37.363 I/System.out(18771): }
06-06 17:47:37.366 W/ResourceType(18771): No package identifier when getting name for resource number 0x00000001
06-06 17:47:37.581 I/WindowManager( 1631): Destroying surface Surface(name=PopupWindow:3a84d26) called by com.android.server.wm.WindowStateAnimator.destroySurface:2016 com.android.server.wm.WindowStateAnimator.destroySurfaceLocked:882 com.android.server.wm.WindowState.destroyOrSaveSurface:2100 com.android.server.wm.AppWindowToken.destroySurfaces:363 com.android.server.wm.WindowStateAnimator.finishExit:565 com.android.server.wm.WindowStateAnimator.stepAnimationLocked:491 com.android.server.wm.WindowAnimator.updateWindowsLocked:303 com.android.server.wm.WindowAnimator.animateLocked:704 
06-06 17:47:37.582 V/PhoneStatusBar( 1713): setLightsOn(true)
06-06 17:47:37.584 V/PhoneStatusBar( 1713): setLightsOn(true)
06-06 17:47:37.607 I/System.out(18771): URI: //map
06-06 17:47:37.607 I/System.out(18771): params: {json={"query":"* {text CONTAINS[c] 'Invalid vehicle year'}","operation":{"method_name":"query","arguments":[]}}
06-06 17:47:37.607 I/System.out(18771): }
06-06 17:47:37.622 I/LatinIME( 1699): Starting input. Cursor position = 0,0
