--------- beginning of main
06-05 19:59:55.356 V/PhoneStatusBar( 1711): setLightsOn(true)
06-05 19:59:55.357 V/PhoneStatusBar( 1711): setLightsOn(true)
--------- beginning of system
06-05 19:59:55.358 W/ActivityManager( 1629): Finishing task with all activities already finished
06-05 19:59:55.358 W/ActivityManager( 1629): Duplicate finish request for ActivityRecord{692fa84 u0 com.evancharlton.mileage/.Mileage t4470 f}
06-05 19:59:55.358 W/ActivityManager( 1629): Finishing task with all activities already finished
06-05 19:59:55.358 W/ActivityManager( 1629): Duplicate finish request for ActivityRecord{692fa84 u0 com.evancharlton.mileage/.Mileage t4470 f}
06-05 19:59:55.358 W/ActivityManager( 1629): Finishing task with all activities already finished
06-05 19:59:55.358 W/ActivityManager( 1629): Duplicate finish request for ActivityRecord{692fa84 u0 com.evancharlton.mileage/.Mileage t4470 f}
06-05 19:59:55.358 W/ActivityManager( 1629): Finishing task with all activities already finished
06-05 19:59:55.358 W/ActivityManager( 1629): Duplicate finish request for ActivityRecord{692fa84 u0 com.evancharlton.mileage/.Mileage t4470 f}
06-05 19:59:55.358 W/ActivityManager( 1629): Finishing task with all activities already finished
06-05 19:59:55.358 W/ActivityManager( 1629): Duplicate finish request for ActivityRecord{692fa84 u0 com.evancharlton.mileage/.Mileage t4470 f}
06-05 19:59:55.370 D/gralloc_ranchu( 1348): gralloc_alloc: Creating ashmem region of size 1720320
06-05 19:59:55.403 D/gralloc_ranchu( 1348): gralloc_alloc: Creating ashmem region of size 3145728
06-05 19:59:55.407 E/EGL_emulation( 1348): tid 1348: eglCreateSyncKHR(1901): error 0x3004 (EGL_BAD_ATTRIBUTE)
06-05 19:59:55.430 D/EGL_emulation( 1711): eglMakeCurrent: 0x9f1709c0: ver 2 0 (tinfo 0xa0e61d00)
06-05 19:59:55.435 D/EGL_emulation( 1711): eglMakeCurrent: 0x9f1709c0: ver 2 0 (tinfo 0xa0e61d00)
06-05 19:59:55.436 D/EGL_emulation( 2147): eglMakeCurrent: 0xa3805360: ver 2 0 (tinfo 0xa3803630)
06-05 19:59:55.452 D/EGL_emulation( 1711): eglMakeCurrent: 0x9f1709c0: ver 2 0 (tinfo 0xa0e61d00)
06-05 19:59:55.468 D/EGL_emulation( 1711): eglMakeCurrent: 0x9f1709c0: ver 2 0 (tinfo 0xa0e61d00)
06-05 19:59:55.472 D/EGL_emulation( 1711): eglMakeCurrent: 0x9f1709c0: ver 2 0 (tinfo 0xa0e61d00)
06-05 19:59:55.482 D/AndroidRuntime(21232): >>>>>> START com.android.internal.os.RuntimeInit uid 2000 <<<<<<
06-05 19:59:55.483 D/AndroidRuntime(21232): CheckJNI is ON
06-05 19:59:55.485 D/EGL_emulation( 1711): eglMakeCurrent: 0x9f1709c0: ver 2 0 (tinfo 0xa0e61d00)
06-05 19:59:55.487 D/EGL_emulation( 1711): eglMakeCurrent: 0x9f1709c0: ver 2 0 (tinfo 0xa0e61d00)
06-05 19:59:55.498 W/art     (21232): Unexpected CPU variant for X86 using defaults: x86
06-05 19:59:55.500 D/ICU     (21232): No timezone override file found: /data/misc/zoneinfo/current/icu/icu_tzdata.dat
06-05 19:59:55.501 D/EGL_emulation( 1711): eglMakeCurrent: 0x9f1709c0: ver 2 0 (tinfo 0xa0e61d00)
06-05 19:59:55.503 D/EGL_emulation( 1711): eglMakeCurrent: 0x9f1709c0: ver 2 0 (tinfo 0xa0e61d00)
06-05 19:59:55.509 E/memtrack(21232): Couldn't load memtrack module (No such file or directory)
06-05 19:59:55.509 E/android.os.Debug(21232): failed to load memtrack module: -2
06-05 19:59:55.510 I/Radio-JNI(21232): register_android_hardware_Radio DONE
06-05 19:59:55.514 D/AndroidRuntime(21232): Calling main entry com.android.commands.am.Am
06-05 19:59:55.515 I/ActivityManager( 1629): Force stopping com.evancharlton.mileage appid=10196 user=0: start instr
06-05 19:59:55.515 I/ActivityManager( 1629): Killing 21186:com.evancharlton.mileage/u0a196 (adj 0): stop com.evancharlton.mileage
06-05 19:59:55.515 D/ActivityManager( 1629): cleanUpApplicationRecord -- 21186
06-05 19:59:55.516 W/ActivityManager( 1629): Crash of app com.evancharlton.mileage running instrumentation ComponentInfo{com.evancharlton.mileage.test/sh.calaba.instrumentationbackend.CalabashInstrumentationTestRunner}
06-05 19:59:55.516 I/ActivityManager( 1629): Force stopping com.evancharlton.mileage appid=10196 user=0: finished inst
06-05 19:59:55.518 D/EGL_emulation( 1711): eglMakeCurrent: 0x9f1709c0: ver 2 0 (tinfo 0xa0e61d00)
06-05 19:59:55.518 W/InputDispatcher( 1629): channel '21d4b13 AtchDlg:com.evancharlton.mileage/com.evancharlton.mileage.VehicleListActivity (server)' ~ Consumer closed input channel or an error occurred.  events=0x9
06-05 19:59:55.518 E/InputDispatcher( 1629): channel '21d4b13 AtchDlg:com.evancharlton.mileage/com.evancharlton.mileage.VehicleListActivity (server)' ~ Channel is unrecoverably broken and will be disposed!
06-05 19:59:55.518 W/InputDispatcher( 1629): channel '52bfe7f com.evancharlton.mileage/com.evancharlton.mileage.Mileage (server)' ~ Consumer closed input channel or an error occurred.  events=0x9
06-05 19:59:55.518 E/InputDispatcher( 1629): channel '52bfe7f com.evancharlton.mileage/com.evancharlton.mileage.Mileage (server)' ~ Channel is unrecoverably broken and will be disposed!
06-05 19:59:55.519 I/WindowManager( 1629): WIN DEATH: Window{52bfe7f u0 com.evancharlton.mileage/com.evancharlton.mileage.Mileage EXITING}
06-05 19:59:55.519 W/InputDispatcher( 1629): Attempted to unregister already unregistered input channel '52bfe7f com.evancharlton.mileage/com.evancharlton.mileage.Mileage (server)'
06-05 19:59:55.519 I/art     (21242): Not late-enabling -Xcheck:jni (already on)
06-05 19:59:55.520 W/art     (21242): Unexpected CPU variant for X86 using defaults: x86
06-05 19:59:55.520 I/WindowManager( 1629): WIN DEATH: Window{21d4b13 u0 AtchDlg:com.evancharlton.mileage/com.evancharlton.mileage.VehicleListActivity EXITING}
06-05 19:59:55.520 W/InputDispatcher( 1629): Attempted to unregister already unregistered input channel '21d4b13 AtchDlg:com.evancharlton.mileage/com.evancharlton.mileage.VehicleListActivity (server)'
06-05 19:59:55.526 I/ActivityManager( 1629): Start proc 21242:com.evancharlton.mileage/u0a196 for added application com.evancharlton.mileage
06-05 19:59:55.526 D/AndroidRuntime(21232): Shutting down VM
06-05 19:59:55.532 W/System  (21242): ClassLoader referenced unknown path: /data/app/com.evancharlton.mileage.test-1/lib/x86
06-05 19:59:55.532 W/System  (21242): ClassLoader referenced unknown path: /data/app/com.evancharlton.mileage-1/lib/x86
06-05 19:59:55.532 D/EGL_emulation( 1711): eglMakeCurrent: 0x9f1709c0: ver 2 0 (tinfo 0xa0e61d00)
06-05 19:59:55.534 W/System  (21242): ClassLoader referenced unknown path: 
06-05 19:59:55.535 D/EGL_emulation( 1711): eglMakeCurrent: 0x9f1709c0: ver 2 0 (tinfo 0xa0e61d00)
06-05 19:59:55.536 D/EGL_emulation( 1711): eglMakeCurrent: 0x9f1709c0: ver 2 0 (tinfo 0xa0e61d00)
06-05 19:59:55.539 I/System.out(21242): Main activity name automatically set to: com.evancharlton.mileage.Mileage
06-05 19:59:55.540 I/System.out(21242): Calabash did not load Mono. This is only a problem if you are trying to test a Mono application
06-05 19:59:55.540 I/calabash(21242): Test server port: 7102
06-05 19:59:55.541 I/InstrumentationBackend(21242): Added:'GetPreferences', with key:'get_preferences'
06-05 19:59:55.546 I/InstrumentationBackend(21242): Added:'SetPreferences', with key:'set_preferences'
06-05 19:59:55.546 I/InstrumentationBackend(21242): Added:'ClearPreferences', with key:'clear_preferences'
06-05 19:59:55.546 I/InstrumentationBackend(21242): Added:'PressElement', with key:'press_l10n_element'
06-05 19:59:55.546 I/InstrumentationBackend(21242): Added:'WaitForElement', with key:'wait_for_l10n_element'
06-05 19:59:55.546 I/InstrumentationBackend(21242): Added:'NullAction', with key:'nullAction'
06-05 19:59:55.546 I/InstrumentationBackend(21242): Added:'PressKey', with key:'press_key'
06-05 19:59:55.546 I/InstrumentationBackend(21242): Added:'SetActivityOrientation', with key:'set_activity_orientation'
06-05 19:59:55.547 I/InstrumentationBackend(21242): Added:'GetActivityOrientation', with key:'get_activity_orientation'
06-05 19:59:55.547 I/InstrumentationBackend(21242): Added:'FakeGPSLocation', with key:'set_gps_coordinates'
06-05 19:59:55.547 I/InstrumentationBackend(21242): Added:'SetPropertyByCssSelector', with key:'set_property_by_css_selector'
06-05 19:59:55.547 I/InstrumentationBackend(21242): Added:'GetUrl', with key:'get_url'
06-05 19:59:55.547 I/InstrumentationBackend(21242): Added:'ScrollTo', with key:'scroll_to'
06-05 19:59:55.547 I/InstrumentationBackend(21242): Added:'GetLoadProgress', with key:'get_load_progress'
06-05 19:59:55.547 I/InstrumentationBackend(21242): Added:'DumpHtml', with key:'dump_html'
06-05 19:59:55.547 I/InstrumentationBackend(21242): Added:'DumpBodyHtml', with key:'dump_body_html'
06-05 19:59:55.547 I/InstrumentationBackend(21242): Added:'EnterTextByCssSelector', with key:'enter_text_by_selector'
06-05 19:59:55.547 I/InstrumentationBackend(21242): Added:'AndroidSDKVersion', with key:'android_sdk_version'
06-05 19:59:55.547 I/InstrumentationBackend(21242): Added:'Version', with key:'version'
06-05 19:59:55.547 I/InstrumentationBackend(21242): Added:'Drag', with key:'drag'
06-05 19:59:55.547 I/InstrumentationBackend(21242): Added:'TouchCoordinates', with key:'touch_coordinate'
06-05 19:59:55.547 I/InstrumentationBackend(21242): Added:'LongPressCoordinate', with key:'long_press_coordinate'
06-05 19:59:55.547 I/InstrumentationBackend(21242): Added:'DragCoordinates', with key:'drag_coordinates'
06-05 19:59:55.547 I/InstrumentationBackend(21242): Added:'ResumeApplication', with key:'resume_application'
06-05 19:59:55.547 I/InstrumentationBackend(21242): Added:'Swipe', with key:'swipe'
06-05 19:59:55.547 I/InstrumentationBackend(21242): Added:'DoubleTapCoordinate', with key:'double_tap_coordinate'
06-05 19:59:55.548 I/InstrumentationBackend(21242): Added:'ClickOnScreen', with key:'click_on_screen'
06-05 19:59:55.548 I/InstrumentationBackend(21242): Added:'GetActivityName', with key:'get_activity_name'
06-05 19:59:55.548 I/InstrumentationBackend(21242): Added:'ScrollToView', with key:'scroll_to_view'
06-05 19:59:55.548 I/InstrumentationBackend(21242): Added:'ViewConfiguration', with key:'view_configuration'
06-05 19:59:55.548 I/InstrumentationBackend(21242): Added:'IsCurrentActivityFocused', with key:'is_current_activity_focused'
06-05 19:59:55.548 I/InstrumentationBackend(21242): Added:'SendTcp', with key:'send_tcp'
06-05 19:59:55.548 I/InstrumentationBackend(21242): Added:'DpToDevicePixel', with key:'dp_to_device_pixel'
06-05 19:59:55.548 I/InstrumentationBackend(21242): Added:'KeyboardEnterText', with key:'keyboard_enter_text'
06-05 19:59:55.548 I/InstrumentationBackend(21242): Added:'DeleteSurroundingText', with key:'delete_surrounding_text'
06-05 19:59:55.548 I/InstrumentationBackend(21242): Added:'SetComposingRegion', with key:'set_composing_region'
06-05 19:59:55.548 I/InstrumentationBackend(21242): Added:'SetSelection', with key:'set_selection'
06-05 19:59:55.548 I/InstrumentationBackend(21242): Added:'KeyboardKeyEvent', with key:'keyboard_key_event'
06-05 19:59:55.548 I/InstrumentationBackend(21242): Added:'PressUserActionButton', with key:'press_user_action_button'
06-05 19:59:55.548 I/InstrumentationBackend(21242): Added:'HideSoftKeyboard', with key:'hide_soft_keyboard'
06-05 19:59:55.548 I/InstrumentationBackend(21242): Added:'ListActions', with key:'list_actions'
06-05 19:59:55.548 I/calabash(21242): Instantiating http server at 7102
06-05 19:59:55.549 I/System.out(21242): HTTP Daemon listening on: 7102
06-05 19:59:55.551 D/EGL_emulation( 1711): eglMakeCurrent: 0x9f1709c0: ver 2 0 (tinfo 0xa0e61d00)
06-05 19:59:55.554 D/EGL_emulation( 1711): eglMakeCurrent: 0x9f1709c0: ver 2 0 (tinfo 0xa0e61d00)
06-05 19:59:55.568 D/EGL_emulation( 1711): eglMakeCurrent: 0x9f1709c0: ver 2 0 (tinfo 0xa0e61d00)
06-05 19:59:55.570 D/EGL_emulation( 1711): eglMakeCurrent: 0x9f1709c0: ver 2 0 (tinfo 0xa0e61d00)
06-05 19:59:55.585 D/EGL_emulation( 1711): eglMakeCurrent: 0x9f1709c0: ver 2 0 (tinfo 0xa0e61d00)
06-05 19:59:55.587 D/EGL_emulation( 1711): eglMakeCurrent: 0x9f1709c0: ver 2 0 (tinfo 0xa0e61d00)
06-05 19:59:55.601 D/EGL_emulation( 1711): eglMakeCurrent: 0x9f1709c0: ver 2 0 (tinfo 0xa0e61d00)
06-05 19:59:55.603 D/EGL_emulation( 1711): eglMakeCurrent: 0x9f1709c0: ver 2 0 (tinfo 0xa0e61d00)
06-05 19:59:55.618 D/EGL_emulation( 1711): eglMakeCurrent: 0x9f1709c0: ver 2 0 (tinfo 0xa0e61d00)
06-05 19:59:55.621 D/EGL_emulation( 1711): eglMakeCurrent: 0x9f1709c0: ver 2 0 (tinfo 0xa0e61d00)
06-05 19:59:55.636 D/EGL_emulation( 1711): eglMakeCurrent: 0x9f1709c0: ver 2 0 (tinfo 0xa0e61d00)
06-05 19:59:55.637 I/System.out(21242): URI: //ping
06-05 19:59:55.637 I/System.out(21242): params: {json={}
06-05 19:59:55.637 I/System.out(21242): }
06-05 19:59:55.639 I/System.out(21242): URI: //ping
06-05 19:59:55.640 I/System.out(21242): params: {json={}
06-05 19:59:55.640 I/System.out(21242): }
06-05 19:59:55.641 I/System.out(21242): URI: //ready
06-05 19:59:55.641 I/System.out(21242): params: {json={}
06-05 19:59:55.641 I/System.out(21242): }
06-05 19:59:55.643 I/System.out(21242): URI: //
06-05 19:59:55.643 I/System.out(21242): params: {json={"command":"version","arguments":[]}
06-05 19:59:55.643 I/System.out(21242): }
06-05 19:59:55.643 I/System.out(21242): header: {content-type=application/json;charset=utf-8, date=Sat, 06 Jun 2020 00:59:56 GMT, accept=*/*, host=127.0.0.1:34783, content-length=36, user-agent=HTTPClient/1.0 (2.8.3, ruby 2.5.1 (2018-03-29))}
06-05 19:59:55.643 I/System.out(21242): params: {json={"command":"version","arguments":[]}
06-05 19:59:55.643 I/System.out(21242): }
06-05 19:59:55.643 I/System.out(21242): ProP json = {"command":"version","arguments":[]}
06-05 19:59:55.643 I/System.out(21242): files: {}
06-05 19:59:55.643 I/System.out(21242): command: {"command":"version","arguments":[]}
06-05 19:59:55.646 I/InstrumentationBackend(21242): Got command:'Command:'Line:null,version', arguments:'[]'
06-05 19:59:55.651 D/EGL_emulation( 1711): eglMakeCurrent: 0x9f1709c0: ver 2 0 (tinfo 0xa0e61d00)
06-05 19:59:55.653 I/System.out(21242): result:{"bonusInformation":[],"message":"0.9.8","success":true}
06-05 19:59:55.653 D/EGL_emulation( 1711): eglMakeCurrent: 0x9f1709c0: ver 2 0 (tinfo 0xa0e61d00)
06-05 19:59:55.655 I/System.out(21242): URI: //start-application
06-05 19:59:55.655 I/System.out(21242): params: {json={"intent":null}
06-05 19:59:55.655 I/System.out(21242): }
06-05 19:59:55.663 I/ActivityManager( 1629): START u0 {act=android.intent.action.MAIN cat=[android.intent.category.LAUNCHER] flg=0x10200000 cmp=com.evancharlton.mileage/.Mileage} from uid 10196 on display 0
06-05 19:59:55.667 I/WindowManager( 1629): Destroying surface Surface(name=AtchDlg:com.evancharlton.mileage/com.evancharlton.mileage.VehicleListActivity) called by com.android.server.wm.WindowStateAnimator.destroySurface:2016 com.android.server.wm.WindowStateAnimator.destroySurfaceLocked:882 com.android.server.wm.WindowState.removeLocked:1456 com.android.server.wm.WindowManagerService.removeWindowInnerLocked:2484 com.android.server.wm.AppWindowToken.destroySurfaces:365 com.android.server.wm.WindowStateAnimator.finishExit:565 com.android.server.wm.WindowStateAnimator.stepAnimationLocked:491 com.android.server.wm.WindowAnimator.updateWindowsLocked:303 
06-05 19:59:55.670 I/calabash(21242): newActivity1
06-05 19:59:55.681 I/calabash(21242): newActivity1
06-05 19:59:55.682 W/ActivityManager( 1629): Bad activity token: android.os.BinderProxy@3db6b7b
06-05 19:59:55.682 W/ActivityManager( 1629): java.lang.ClassCastException: android.os.BinderProxy cannot be cast to com.android.server.am.ActivityRecord$Token
06-05 19:59:55.682 W/ActivityManager( 1629): 	at com.android.server.am.ActivityRecord.forTokenLocked(ActivityRecord.java:586)
06-05 19:59:55.682 W/ActivityManager( 1629): 	at com.android.server.am.ActivityRecord.isInStackLocked(ActivityRecord.java:1327)
06-05 19:59:55.682 W/ActivityManager( 1629): 	at com.android.server.am.ActivityRecord.getStackLocked(ActivityRecord.java:1332)
06-05 19:59:55.682 W/ActivityManager( 1629): 	at com.android.server.am.ActivityManagerService.getActivityDisplayId(ActivityManagerService.java:9806)
06-05 19:59:55.682 W/ActivityManager( 1629): 	at android.app.ActivityManagerNative.onTransact(ActivityManagerNative.java:2566)
06-05 19:59:55.682 W/ActivityManager( 1629): 	at com.android.server.am.ActivityManagerService.onTransact(ActivityManagerService.java:2757)
06-05 19:59:55.682 W/ActivityManager( 1629): 	at android.os.Binder.execTransact(Binder.java:565)
06-05 19:59:55.683 W/ActivityManager( 1629): Bad activity token: android.os.BinderProxy@3db6b7b
06-05 19:59:55.683 W/ActivityManager( 1629): java.lang.ClassCastException: android.os.BinderProxy cannot be cast to com.android.server.am.ActivityRecord$Token
06-05 19:59:55.683 W/ActivityManager( 1629): 	at com.android.server.am.ActivityRecord.forTokenLocked(ActivityRecord.java:586)
06-05 19:59:55.683 W/ActivityManager( 1629): 	at com.android.server.am.ActivityRecord.isInStackLocked(ActivityRecord.java:1327)
06-05 19:59:55.683 W/ActivityManager( 1629): 	at com.android.server.am.ActivityManagerService.setTaskDescription(ActivityManagerService.java:9358)
06-05 19:59:55.683 W/ActivityManager( 1629): 	at android.app.ActivityManagerNative.onTransact(ActivityManagerNative.java:2639)
06-05 19:59:55.683 W/ActivityManager( 1629): 	at com.android.server.am.ActivityManagerService.onTransact(ActivityManagerService.java:2757)
06-05 19:59:55.683 W/ActivityManager( 1629): 	at android.os.Binder.execTransact(Binder.java:565)
06-05 19:59:55.683 W/ActivityManager( 1629): Bad activity token: android.os.BinderProxy@3db6b7b
06-05 19:59:55.683 W/ActivityManager( 1629): java.lang.ClassCastException: android.os.BinderProxy cannot be cast to com.android.server.am.ActivityRecord$Token
06-05 19:59:55.683 W/ActivityManager( 1629): 	at com.android.server.am.ActivityRecord.forTokenLocked(ActivityRecord.java:586)
06-05 19:59:55.683 W/ActivityManager( 1629): 	at com.android.server.am.ActivityRecord.isInStackLocked(ActivityRecord.java:1327)
06-05 19:59:55.683 W/ActivityManager( 1629): 	at com.android.server.am.ActivityRecord.getStackLocked(ActivityRecord.java:1332)
06-05 19:59:55.683 W/ActivityManager( 1629): 	at com.android.server.am.ActivityManagerService.getActivityStackId(ActivityManagerService.java:9817)
06-05 19:59:55.683 W/ActivityManager( 1629): 	at android.app.ActivityManagerNative.onTransact(ActivityManagerNative.java:2856)
06-05 19:59:55.683 W/ActivityManager( 1629): 	at com.android.server.am.ActivityManagerService.onTransact(ActivityManagerService.java:2757)
06-05 19:59:55.683 W/ActivityManager( 1629): 	at android.os.Binder.execTransact(Binder.java:565)
06-05 19:59:55.685 D/gralloc_ranchu( 1348): gralloc_alloc: Creating ashmem region of size 9023488
06-05 19:59:55.702 W/ActivityManager( 1629): Bad activity token: android.os.BinderProxy@3db6b7b
06-05 19:59:55.702 W/ActivityManager( 1629): java.lang.ClassCastException: android.os.BinderProxy cannot be cast to com.android.server.am.ActivityRecord$Token
06-05 19:59:55.702 W/ActivityManager( 1629): 	at com.android.server.am.ActivityRecord.forTokenLocked(ActivityRecord.java:586)
06-05 19:59:55.702 W/ActivityManager( 1629): 	at com.android.server.am.ActivityRecord.isInStackLocked(ActivityRecord.java:1327)
06-05 19:59:55.702 W/ActivityManager( 1629): 	at com.android.server.am.ActivityManagerService.getActivityOptions(ActivityManagerService.java:12559)
06-05 19:59:55.702 W/ActivityManager( 1629): 	at android.app.ActivityManagerNative.onTransact(ActivityManagerNative.java:1933)
06-05 19:59:55.702 W/ActivityManager( 1629): 	at com.android.server.am.ActivityManagerService.onTransact(ActivityManagerService.java:2757)
06-05 19:59:55.702 W/ActivityManager( 1629): 	at android.os.Binder.execTransact(Binder.java:565)
06-05 19:59:55.703 W/ActivityManager( 1629): Bad activity token: android.os.BinderProxy@3db6b7b
06-05 19:59:55.703 W/ActivityManager( 1629): java.lang.ClassCastException: android.os.BinderProxy cannot be cast to com.android.server.am.ActivityRecord$Token
06-05 19:59:55.703 W/ActivityManager( 1629): 	at com.android.server.am.ActivityRecord.forTokenLocked(ActivityRecord.java:586)
06-05 19:59:55.703 W/ActivityManager( 1629): 	at com.android.server.am.ActivityRecord.isInStackLocked(ActivityRecord.java:1327)
06-05 19:59:55.703 W/ActivityManager( 1629): 	at com.android.server.am.ActivityManagerService.getActivityOptions(ActivityManagerService.java:12559)
06-05 19:59:55.703 W/ActivityManager( 1629): 	at android.app.ActivityManagerNative.onTransact(ActivityManagerNative.java:1933)
06-05 19:59:55.703 W/ActivityManager( 1629): 	at com.android.server.am.ActivityManagerService.onTransact(ActivityManagerService.java:2757)
06-05 19:59:55.703 W/ActivityManager( 1629): 	at android.os.Binder.execTransact(Binder.java:565)
06-05 19:59:55.721 V/PhoneStatusBar( 1711): setLightsOn(true)
06-05 19:59:55.734 D/gralloc_ranchu( 1348): gralloc_alloc: Creating ashmem region of size 9023488
06-05 19:59:55.739 D/EGL_emulation( 2147): eglMakeCurrent: 0xa3805360: ver 2 0 (tinfo 0xa3803630)
06-05 19:59:55.740 D/        (21242): HostConnection::get() New Host Connection established 0x91f22080, tid 21242
06-05 19:59:55.741 D/EGL_emulation( 1711): eglMakeCurrent: 0x9f1709c0: ver 2 0 (tinfo 0xa0e61d00)
06-05 19:59:55.800 D/EGL_emulation( 1711): eglMakeCurrent: 0x9f1709c0: ver 2 0 (tinfo 0xa0e61d00)
06-05 19:59:55.803 D/EGL_emulation( 1711): eglMakeCurrent: 0x9f1709c0: ver 2 0 (tinfo 0xa0e61d00)
06-05 19:59:55.804 V/PhoneStatusBar( 1711): setLightsOn(true)
06-05 19:59:55.805 D/EGL_emulation( 1711): eglMakeCurrent: 0x9f1709c0: ver 2 0 (tinfo 0xa0e61d00)
06-05 19:59:55.807 D/EGL_emulation( 1711): eglMakeCurrent: 0x9f1709c0: ver 2 0 (tinfo 0xa0e61d00)
06-05 19:59:55.819 D/EGL_emulation( 1711): eglMakeCurrent: 0x9f1709c0: ver 2 0 (tinfo 0xa0e61d00)
06-05 19:59:55.821 D/EGL_emulation( 1711): eglMakeCurrent: 0x9f1709c0: ver 2 0 (tinfo 0xa0e61d00)
06-05 19:59:55.835 I/WindowManager( 1629): Destroying surface Surface(name=com.evancharlton.mileage/com.evancharlton.mileage.Mileage) called by com.android.server.wm.WindowStateAnimator.destroySurface:2016 com.android.server.wm.WindowStateAnimator.destroySurfaceLocked:882 com.android.server.wm.WindowState.destroyOrSaveSurface:2100 com.android.server.wm.AppWindowToken.destroySurfaces:363 com.android.server.wm.WindowStateAnimator.finishExit:565 com.android.server.wm.WindowStateAnimator.stepAnimationLocked:491 com.android.server.wm.WindowAnimator.updateWindowsLocked:303 com.android.server.wm.WindowAnimator.animateLocked:704 
06-05 19:59:55.835 D/EGL_emulation( 1711): eglMakeCurrent: 0x9f1709c0: ver 2 0 (tinfo 0xa0e61d00)
06-05 19:59:55.837 D/EGL_emulation( 1711): eglMakeCurrent: 0x9f1709c0: ver 2 0 (tinfo 0xa0e61d00)
06-05 19:59:55.851 D/EGL_emulation( 1711): eglMakeCurrent: 0x9f1709c0: ver 2 0 (tinfo 0xa0e61d00)
06-05 19:59:55.853 D/gralloc_ranchu( 1348): gralloc_alloc: Creating ashmem region of size 9023488
06-05 19:59:55.853 I/ActivityManager( 1629): Displayed com.evancharlton.mileage/.Mileage: +187ms
06-05 19:59:55.861 D/EGL_emulation( 1711): eglMakeCurrent: 0x9f1709c0: ver 2 0 (tinfo 0xa0e61d00)
06-05 19:59:55.861 V/PhoneStatusBar( 1711): setLightsOn(true)
06-05 19:59:55.872 D/EGL_emulation( 1711): eglMakeCurrent: 0x9f1709c0: ver 2 0 (tinfo 0xa0e61d00)
06-05 19:59:55.884 D/EGL_emulation( 1711): eglMakeCurrent: 0x9f1709c0: ver 2 0 (tinfo 0xa0e61d00)
06-05 19:59:55.888 D/EGL_emulation( 1711): eglMakeCurrent: 0x9f1709c0: ver 2 0 (tinfo 0xa0e61d00)
06-05 19:59:55.891 D/EGL_emulation( 1711): eglMakeCurrent: 0x9f1709c0: ver 2 0 (tinfo 0xa0e61d00)
06-05 19:59:55.891 V/PhoneStatusBar( 1711): setLightsOn(true)
06-05 19:59:55.904 D/EGL_emulation( 1711): eglMakeCurrent: 0x9f1709c0: ver 2 0 (tinfo 0xa0e61d00)
06-05 19:59:55.907 D/EGL_emulation( 1711): eglMakeCurrent: 0x9f1709c0: ver 2 0 (tinfo 0xa0e61d00)
06-05 19:59:55.918 D/EGL_emulation( 1711): eglMakeCurrent: 0x9f1709c0: ver 2 0 (tinfo 0xa0e61d00)
06-05 19:59:55.920 D/EGL_emulation( 1711): eglMakeCurrent: 0x9f1709c0: ver 2 0 (tinfo 0xa0e61d00)
06-05 19:59:55.925 I/System.out(21242): URI: //map
06-05 19:59:55.925 I/System.out(21242): params: {json={"query":"* marked:'Vehicles'","operation":{"method_name":"query","arguments":[]}}
06-05 19:59:55.925 I/System.out(21242): }
06-05 19:59:55.935 D/EGL_emulation( 1711): eglMakeCurrent: 0x9f1709c0: ver 2 0 (tinfo 0xa0e61d00)
06-05 19:59:55.937 W/ResourceType(21242): No package identifier when getting name for resource number 0x00000001
06-05 19:59:55.938 D/EGL_emulation( 1711): eglMakeCurrent: 0x9f1709c0: ver 2 0 (tinfo 0xa0e61d00)
06-05 19:59:55.952 D/EGL_emulation( 1711): eglMakeCurrent: 0x9f1709c0: ver 2 0 (tinfo 0xa0e61d00)
06-05 19:59:55.954 I/System.out(21242): URI: //gesture
06-05 19:59:55.954 I/System.out(21242): params: {json={"query_timeout":5.0,"gestures":[{"query_string":"* marked:'Vehicles'","touches":[{"x":50,"y":50,"offset_x":0,"offset_y":0,"wait":0.0,"time":0.2,"release":true,"query_string":null}]}]}
06-05 19:59:55.954 I/System.out(21242): }
06-05 19:59:55.959 W/ResourceType(21242): No package identifier when getting name for resource number 0x00000001
06-05 19:59:56.051 I/WindowManager( 1629): Destroying surface Surface(name=Starting com.evancharlton.mileage) called by com.android.server.wm.WindowStateAnimator.destroySurface:2016 com.android.server.wm.WindowStateAnimator.destroySurfaceLocked:882 com.android.server.wm.WindowState.destroyOrSaveSurface:2100 com.android.server.wm.AppWindowToken.destroySurfaces:363 com.android.server.wm.WindowStateAnimator.finishExit:565 com.android.server.wm.WindowStateAnimator.stepAnimationLocked:491 com.android.server.wm.WindowAnimator.updateWindowsLocked:303 com.android.server.wm.WindowAnimator.animateLocked:704 
06-05 19:59:56.053 V/PhoneStatusBar( 1711): setLightsOn(true)
06-05 19:59:56.068 V/PhoneStatusBar( 1711): setLightsOn(true)
06-05 19:59:56.184 V/PhoneStatusBar( 1711): setLightsOn(true)
06-05 19:59:56.186 I/calabash(21242): newActivity1
06-05 19:59:56.186 W/ActivityManager( 1629): Bad activity token: android.os.BinderProxy@598c29d
06-05 19:59:56.186 W/ActivityManager( 1629): java.lang.ClassCastException: android.os.BinderProxy cannot be cast to com.android.server.am.ActivityRecord$Token
06-05 19:59:56.186 W/ActivityManager( 1629): 	at com.android.server.am.ActivityRecord.forTokenLocked(ActivityRecord.java:586)
06-05 19:59:56.186 W/ActivityManager( 1629): 	at com.android.server.am.ActivityRecord.isInStackLocked(ActivityRecord.java:1327)
06-05 19:59:56.186 W/ActivityManager( 1629): 	at com.android.server.am.ActivityRecord.getStackLocked(ActivityRecord.java:1332)
06-05 19:59:56.186 W/ActivityManager( 1629): 	at com.android.server.am.ActivityManagerService.getActivityDisplayId(ActivityManagerService.java:9806)
06-05 19:59:56.186 W/ActivityManager( 1629): 	at android.app.ActivityManagerNative.onTransact(ActivityManagerNative.java:2566)
06-05 19:59:56.186 W/ActivityManager( 1629): 	at com.android.server.am.ActivityManagerService.onTransact(ActivityManagerService.java:2757)
06-05 19:59:56.186 W/ActivityManager( 1629): 	at android.os.Binder.execTransact(Binder.java:565)
06-05 19:59:56.187 W/ActivityManager( 1629): Bad activity token: android.os.BinderProxy@598c29d
06-05 19:59:56.187 W/ActivityManager( 1629): java.lang.ClassCastException: android.os.BinderProxy cannot be cast to com.android.server.am.ActivityRecord$Token
06-05 19:59:56.187 W/ActivityManager( 1629): 	at com.android.server.am.ActivityRecord.forTokenLocked(ActivityRecord.java:586)
06-05 19:59:56.187 W/ActivityManager( 1629): 	at com.android.server.am.ActivityRecord.isInStackLocked(ActivityRecord.java:1327)
06-05 19:59:56.187 W/ActivityManager( 1629): 	at com.android.server.am.ActivityManagerService.setTaskDescription(ActivityManagerService.java:9358)
06-05 19:59:56.187 W/ActivityManager( 1629): 	at android.app.ActivityManagerNative.onTransact(ActivityManagerNative.java:2639)
06-05 19:59:56.187 W/ActivityManager( 1629): 	at com.android.server.am.ActivityManagerService.onTransact(ActivityManagerService.java:2757)
06-05 19:59:56.187 W/ActivityManager( 1629): 	at android.os.Binder.execTransact(Binder.java:565)
06-05 19:59:56.188 W/ActivityManager( 1629): Bad activity token: android.os.BinderProxy@598c29d
06-05 19:59:56.188 W/ActivityManager( 1629): java.lang.ClassCastException: android.os.BinderProxy cannot be cast to com.android.server.am.ActivityRecord$Token
06-05 19:59:56.188 W/ActivityManager( 1629): 	at com.android.server.am.ActivityRecord.forTokenLocked(ActivityRecord.java:586)
06-05 19:59:56.188 W/ActivityManager( 1629): 	at com.android.server.am.ActivityRecord.isInStackLocked(ActivityRecord.java:1327)
06-05 19:59:56.188 W/ActivityManager( 1629): 	at com.android.server.am.ActivityRecord.getStackLocked(ActivityRecord.java:1332)
06-05 19:59:56.188 W/ActivityManager( 1629): 	at com.android.server.am.ActivityManagerService.getActivityStackId(ActivityManagerService.java:9817)
06-05 19:59:56.188 W/ActivityManager( 1629): 	at android.app.ActivityManagerNative.onTransact(ActivityManagerNative.java:2856)
06-05 19:59:56.188 W/ActivityManager( 1629): 	at com.android.server.am.ActivityManagerService.onTransact(ActivityManagerService.java:2757)
06-05 19:59:56.188 W/ActivityManager( 1629): 	at android.os.Binder.execTransact(Binder.java:565)
06-05 19:59:56.190 W/ActivityManager( 1629): Bad activity token: android.os.BinderProxy@598c29d
06-05 19:59:56.190 W/ActivityManager( 1629): java.lang.ClassCastException: android.os.BinderProxy cannot be cast to com.android.server.am.ActivityRecord$Token
06-05 19:59:56.190 W/ActivityManager( 1629): 	at com.android.server.am.ActivityRecord.forTokenLocked(ActivityRecord.java:586)
06-05 19:59:56.190 W/ActivityManager( 1629): 	at com.android.server.am.ActivityRecord.isInStackLocked(ActivityRecord.java:1327)
06-05 19:59:56.190 W/ActivityManager( 1629): 	at com.android.server.am.ActivityManagerService.getActivityOptions(ActivityManagerService.java:12559)
06-05 19:59:56.190 W/ActivityManager( 1629): 	at android.app.ActivityManagerNative.onTransact(ActivityManagerNative.java:1933)
06-05 19:59:56.190 W/ActivityManager( 1629): 	at com.android.server.am.ActivityManagerService.onTransact(ActivityManagerService.java:2757)
06-05 19:59:56.190 W/ActivityManager( 1629): 	at android.os.Binder.execTransact(Binder.java:565)
06-05 19:59:56.190 W/ActivityManager( 1629): Bad activity token: android.os.BinderProxy@598c29d
06-05 19:59:56.190 W/ActivityManager( 1629): java.lang.ClassCastException: android.os.BinderProxy cannot be cast to com.android.server.am.ActivityRecord$Token
06-05 19:59:56.190 W/ActivityManager( 1629): 	at com.android.server.am.ActivityRecord.forTokenLocked(ActivityRecord.java:586)
06-05 19:59:56.190 W/ActivityManager( 1629): 	at com.android.server.am.ActivityRecord.isInStackLocked(ActivityRecord.java:1327)
06-05 19:59:56.190 W/ActivityManager( 1629): 	at com.android.server.am.ActivityManagerService.getActivityOptions(ActivityManagerService.java:12559)
06-05 19:59:56.190 W/ActivityManager( 1629): 	at android.app.ActivityManagerNative.onTransact(ActivityManagerNative.java:1933)
06-05 19:59:56.190 W/ActivityManager( 1629): 	at com.android.server.am.ActivityManagerService.onTransact(ActivityManagerService.java:2757)
06-05 19:59:56.190 W/ActivityManager( 1629): 	at android.os.Binder.execTransact(Binder.java:565)
06-05 19:59:56.485 V/PhoneStatusBar( 1711): setLightsOn(true)
06-05 19:59:56.485 V/PhoneStatusBar( 1711): setLightsOn(true)
06-05 19:59:56.486 W/OpenGLRenderer( 2147): Incorrectly called buildLayer on View: ShortcutAndWidgetContainer, destroying layer...
06-05 19:59:56.501 V/PhoneStatusBar( 1711): setLightsOn(true)
06-05 19:59:56.502 I/WindowManager( 1629): Destroying surface Surface(name=com.android.launcher3/com.android.launcher3.Launcher) called by com.android.server.wm.WindowStateAnimator.destroySurface:2016 com.android.server.wm.WindowStateAnimator.destroySurfaceLocked:882 com.android.server.wm.WindowState.destroyOrSaveSurface:2100 com.android.server.wm.AppWindowToken.destroySurfaces:363 com.android.server.wm.AppWindowToken.notifyAppStopped:389 com.android.server.wm.WindowManagerService.notifyAppStopped:4463 com.android.server.am.ActivityStack.activityStoppedLocked:1252 com.android.server.am.ActivityManagerService.activityStopped:6903 
06-05 19:59:57.200 I/System.out(21242): URI: //
06-05 19:59:57.200 I/System.out(21242): params: {json={"command":"press_key","arguments":["KEYCODE_MENU"]}
06-05 19:59:57.200 I/System.out(21242): }
06-05 19:59:57.200 I/System.out(21242): header: {content-type=application/json;charset=utf-8, date=Sat, 06 Jun 2020 00:59:57 GMT, accept=*/*, host=127.0.0.1:34783, content-length=52, user-agent=HTTPClient/1.0 (2.8.3, ruby 2.5.1 (2018-03-29))}
06-05 19:59:57.200 I/System.out(21242): params: {json={"command":"press_key","arguments":["KEYCODE_MENU"]}
06-05 19:59:57.200 I/System.out(21242): }
06-05 19:59:57.200 I/System.out(21242): ProP json = {"command":"press_key","arguments":["KEYCODE_MENU"]}
06-05 19:59:57.200 I/System.out(21242): files: {}
06-05 19:59:57.200 I/System.out(21242): command: {"command":"press_key","arguments":["KEYCODE_MENU"]}
06-05 19:59:57.206 I/InstrumentationBackend(21242): Got command:'Command:'Line:null,press_key', arguments:'[KEYCODE_MENU]'
06-05 19:59:57.232 V/PhoneStatusBar( 1711): setLightsOn(true)
06-05 19:59:57.236 V/PhoneStatusBar( 1711): setLightsOn(true)
06-05 19:59:57.238 I/System.out(21242): result:{"bonusInformation":[],"message":"","success":true}
06-05 19:59:57.240 I/System.out(21242): URI: //map
06-05 19:59:57.240 I/System.out(21242): params: {json={"query":"* marked:'Add new vehicle'","operation":{"method_name":"query","arguments":[]}}
06-05 19:59:57.240 I/System.out(21242): }
06-05 19:59:57.251 V/PhoneStatusBar( 1711): setLightsOn(true)
06-05 19:59:57.268 V/PhoneStatusBar( 1711): setLightsOn(true)
06-05 19:59:57.269 D/gralloc_ranchu( 1348): gralloc_alloc: Creating ashmem region of size 1720320
06-05 19:59:57.276 V/PhoneStatusBar( 1711): setLightsOn(true)
06-05 19:59:57.277 V/PhoneStatusBar( 1711): setLightsOn(true)
06-05 19:59:57.277 W/ResourceType(21242): No package identifier when getting name for resource number 0x00000001
06-05 19:59:57.285 V/PhoneStatusBar( 1711): setLightsOn(true)
06-05 19:59:57.287 I/System.out(21242): URI: //gesture
06-05 19:59:57.287 I/System.out(21242): params: {json={"query_timeout":5.0,"gestures":[{"query_string":"* marked:'Add new vehicle'","touches":[{"x":50,"y":50,"offset_x":0,"offset_y":0,"wait":0.0,"time":0.2,"release":true,"query_string":null}]}]}
06-05 19:59:57.287 I/System.out(21242): }
06-05 19:59:57.291 W/ResourceType(21242): No package identifier when getting name for resource number 0x00000001
06-05 19:59:57.401 D/gralloc_ranchu( 1348): gralloc_alloc: Creating ashmem region of size 1720320
06-05 19:59:57.453 D/gralloc_ranchu( 1348): gralloc_alloc: Creating ashmem region of size 9023488
06-05 19:59:57.501 V/PhoneStatusBar( 1711): setLightsOn(true)
06-05 19:59:57.581 I/art     (21242): Do partial code cache collection, code=30KB, data=29KB
06-05 19:59:57.581 I/art     (21242): After code cache collection, code=29KB, data=29KB
06-05 19:59:57.581 I/art     (21242): Increasing code cache capacity to 128KB
06-05 19:59:57.594 I/System.out(21242): URI: //map
06-05 19:59:57.594 I/System.out(21242): params: {json={"query":"* {text CONTAINS[c] 'Vehicle'}","operation":{"method_name":"query","arguments":[]}}
06-05 19:59:57.594 I/System.out(21242): }
06-05 19:59:57.616 I/ActivityManager( 1629): START u0 {cmp=com.evancharlton.mileage/.VehicleActivity} from uid 10196 on display 0
06-05 19:59:57.618 V/PhoneStatusBar( 1711): setLightsOn(true)
06-05 19:59:57.619 V/PhoneStatusBar( 1711): setLightsOn(true)
06-05 19:59:57.662 I/WindowManager( 1629): Destroying surface Surface(name=AtchDlg:com.evancharlton.mileage/com.evancharlton.mileage.VehicleListActivity) called by com.android.server.wm.WindowStateAnimator.destroySurface:2016 com.android.server.wm.WindowStateAnimator.destroySurfaceLocked:882 com.android.server.wm.WindowState.removeLocked:1456 com.android.server.wm.WindowManagerService.removeWindowInnerLocked:2484 com.android.server.wm.WindowManagerService.removeWindowLocked:2442 com.android.server.wm.WindowManagerService.removeWindowLocked:2311 com.android.server.wm.WindowManagerService.removeWindow:2306 com.android.server.wm.Session.remove:202 
06-05 19:59:57.692 I/System.out(21242): URI: //map
06-05 19:59:57.692 I/System.out(21242): params: {json={"query":"* {text CONTAINS[c] 'Vehicle information'}","operation":{"method_name":"query","arguments":[]}}
06-05 19:59:57.692 I/System.out(21242): }
06-05 19:59:57.700 I/calabash(21242): newActivity1
06-05 19:59:57.751 V/PhoneStatusBar( 1711): setLightsOn(true)
06-05 19:59:57.755 D/gralloc_ranchu( 1348): gralloc_alloc: Creating ashmem region of size 9023488
06-05 19:59:57.768 V/PhoneStatusBar( 1711): setLightsOn(true)
06-05 19:59:57.784 I/ActivityManager( 1629): Displayed com.evancharlton.mileage/.VehicleActivity: +126ms
06-05 19:59:57.784 W/InputMethodService( 1696): Window size has been changed. This may cause jankiness of resizing window: -1 -> -2
06-05 19:59:57.785 V/PhoneStatusBar( 1711): setLightsOn(true)
06-05 19:59:57.786 D/gralloc_ranchu( 1348): gralloc_alloc: Creating ashmem region of size 9023488
06-05 19:59:57.793 I/LatinIME( 1696): Starting input. Cursor position = 0,0
06-05 19:59:57.820 V/PhoneStatusBar( 1711): setLightsOn(true)
06-05 19:59:57.868 V/PhoneStatusBar( 1711): setLightsOn(true)
06-05 19:59:57.885 V/PhoneStatusBar( 1711): setLightsOn(true)
06-05 19:59:57.903 D/EGL_emulation( 1696): eglMakeCurrent: 0xa38054e0: ver 2 0 (tinfo 0xa38035d0)
06-05 19:59:57.903 D/EGL_emulation( 1711): eglMakeCurrent: 0x9f1709c0: ver 2 0 (tinfo 0xa0e61d00)
06-05 19:59:57.903 V/PhoneStatusBar( 1711): setLightsOn(true)
06-05 19:59:57.918 D/EGL_emulation( 1711): eglMakeCurrent: 0x9f1709c0: ver 2 0 (tinfo 0xa0e61d00)
06-05 19:59:57.935 V/PhoneStatusBar( 1711): setLightsOn(true)
06-05 19:59:58.020 V/PhoneStatusBar( 1711): setLightsOn(true)
06-05 19:59:58.097 I/System.out(21242): URI: //map
06-05 19:59:58.097 I/System.out(21242): params: {json={"query":"* {text CONTAINS[c] 'Vehicle information'}","operation":{"method_name":"query","arguments":[]}}
06-05 19:59:58.097 I/System.out(21242): }
06-05 19:59:58.140 V/PhoneStatusBar( 1711): setLightsOn(true)
06-05 19:59:58.150 I/System.out(21242): URI: //map
06-05 19:59:58.150 I/System.out(21242): params: {json={"query":"* {text CONTAINS[c] 'Vehicle type'}","operation":{"method_name":"query","arguments":[]}}
06-05 19:59:58.150 I/System.out(21242): }
06-05 19:59:58.153 V/PhoneStatusBar( 1711): setLightsOn(true)
06-05 19:59:58.156 V/PhoneStatusBar( 1711): setLightsOn(true)
06-05 19:59:58.170 V/PhoneStatusBar( 1711): setLightsOn(true)
06-05 19:59:58.172 I/WindowManager( 1629): Destroying surface Surface(name=com.evancharlton.mileage/com.evancharlton.mileage.Mileage) called by com.android.server.wm.WindowStateAnimator.destroySurface:2016 com.android.server.wm.WindowStateAnimator.destroySurfaceLocked:882 com.android.server.wm.WindowState.destroyOrSaveSurface:2100 com.android.server.wm.WindowManagerService.tryStartExitingAnimation:3024 com.android.server.wm.WindowManagerService.relayoutWindow:2904 com.android.server.wm.Session.relayout:224 android.view.IWindowSession$Stub.onTransact:286 com.android.server.wm.Session.onTransact:145 
06-05 19:59:58.174 V/PhoneStatusBar( 1711): setLightsOn(true)
06-05 19:59:58.215 I/System.out(21242): URI: //map
06-05 19:59:58.215 I/System.out(21242): params: {json={"query":"* {text CONTAINS[c] 'Car'}","operation":{"method_name":"query","arguments":[]}}
06-05 19:59:58.215 I/System.out(21242): }
06-05 19:59:58.248 I/System.out(21242): URI: //
06-05 19:59:58.248 I/System.out(21242): params: {json={"command":"press_key","arguments":["KEYCODE_BACK"]}
06-05 19:59:58.248 I/System.out(21242): }
06-05 19:59:58.248 I/System.out(21242): header: {content-type=application/json;charset=utf-8, date=Sat, 06 Jun 2020 00:59:58 GMT, accept=*/*, host=127.0.0.1:34783, content-length=52, user-agent=HTTPClient/1.0 (2.8.3, ruby 2.5.1 (2018-03-29))}
06-05 19:59:58.248 I/System.out(21242): params: {json={"command":"press_key","arguments":["KEYCODE_BACK"]}
06-05 19:59:58.248 I/System.out(21242): }
06-05 19:59:58.248 I/System.out(21242): ProP json = {"command":"press_key","arguments":["KEYCODE_BACK"]}
06-05 19:59:58.248 I/System.out(21242): files: {}
06-05 19:59:58.248 I/System.out(21242): command: {"command":"press_key","arguments":["KEYCODE_BACK"]}
06-05 19:59:58.251 I/InstrumentationBackend(21242): Got command:'Command:'Line:null,press_key', arguments:'[KEYCODE_BACK]'
06-05 19:59:58.255 W/InputMethodService( 1696): Window size has been changed. This may cause jankiness of resizing window: -1 -> -2
06-05 19:59:58.262 I/System.out(21242): result:{"bonusInformation":[],"message":"","success":true}
06-05 19:59:58.269 I/System.out(21242): URI: //map
06-05 19:59:58.269 I/System.out(21242): params: {json={"query":"* {text CONTAINS[c] 'This is the default vehicle'}","operation":{"method_name":"query","arguments":[]}}
06-05 19:59:58.269 I/System.out(21242): }
06-05 19:59:58.270 D/EGL_emulation( 1711): eglMakeCurrent: 0x9f1709c0: ver 2 0 (tinfo 0xa0e61d00)
06-05 19:59:58.271 D/EGL_emulation( 1696): eglMakeCurrent: 0xa38054e0: ver 2 0 (tinfo 0xa38035d0)
06-05 19:59:58.280 V/PhoneStatusBar( 1711): setLightsOn(true)
06-05 19:59:58.290 V/PhoneStatusBar( 1711): setLightsOn(true)
06-05 19:59:58.305 I/System.out(21242): URI: //map
06-05 19:59:58.305 I/System.out(21242): params: {json={"query":"* {text CONTAINS[c] 'Measurement units'}","operation":{"method_name":"query","arguments":[]}}
06-05 19:59:58.305 I/System.out(21242): }
06-05 19:59:58.398 I/System.out(21242): URI: //map
06-05 19:59:58.398 I/System.out(21242): params: {json={"query":"* marked:'Miles'","operation":{"method_name":"query","arguments":[]}}
06-05 19:59:58.399 I/System.out(21242): }
06-05 19:59:58.407 W/ResourceType(21242): No package identifier when getting name for resource number 0x00000001
06-05 19:59:58.424 I/System.out(21242): URI: //gesture
06-05 19:59:58.424 I/System.out(21242): params: {json={"query_timeout":5.0,"gestures":[{"query_string":"* marked:'Miles'","touches":[{"x":50,"y":50,"offset_x":0,"offset_y":0,"wait":0.0,"time":0.2,"release":true,"query_string":null}]}]}
06-05 19:59:58.424 I/System.out(21242): }
06-05 19:59:58.429 W/ResourceType(21242): No package identifier when getting name for resource number 0x00000001
06-05 19:59:58.451 V/PhoneStatusBar( 1711): setLightsOn(true)
06-05 19:59:58.452 I/WindowManager( 1629): Destroying surface Surface(name=InputMethod) called by com.android.server.wm.WindowStateAnimator.destroySurface:2016 com.android.server.wm.WindowStateAnimator.destroySurfaceLocked:882 com.android.server.wm.WindowState.destroyOrSaveSurface:2100 com.android.server.wm.WindowSurfacePlacer.performSurfacePlacementInner:429 com.android.server.wm.WindowSurfacePlacer.performSurfacePlacementLoop:232 com.android.server.wm.WindowSurfacePlacer.performSurfacePlacement:180 com.android.server.wm.WindowManagerService$H.handleMessage:8086 android.os.Handler.dispatchMessage:102 
06-05 19:59:58.657 V/PhoneStatusBar( 1711): setLightsOn(true)
06-05 19:59:58.661 I/System.out(21242): URI: //map
06-05 19:59:58.661 I/System.out(21242): params: {json={"query":"* {text CONTAINS[c] 'Kilometers'}","operation":{"method_name":"query","arguments":[]}}
06-05 19:59:58.661 I/System.out(21242): }
06-05 19:59:58.664 I/art     (21242): Do partial code cache collection, code=60KB, data=62KB
06-05 19:59:58.665 I/art     (21242): After code cache collection, code=59KB, data=62KB
06-05 19:59:58.665 I/art     (21242): Increasing code cache capacity to 256KB
06-05 19:59:58.672 V/PhoneStatusBar( 1711): setLightsOn(true)
06-05 19:59:58.685 V/PhoneStatusBar( 1711): setLightsOn(true)
06-05 19:59:58.726 D/gralloc_ranchu( 1348): gralloc_alloc: Creating ashmem region of size 1597440
06-05 19:59:58.735 V/PhoneStatusBar( 1711): setLightsOn(true)
06-05 19:59:58.735 V/PhoneStatusBar( 1711): setLightsOn(true)
06-05 19:59:58.736 D/gralloc_ranchu( 1348): gralloc_alloc: Creating ashmem region of size 1597440
06-05 19:59:58.752 V/PhoneStatusBar( 1711): setLightsOn(true)
06-05 19:59:59.002 D/gralloc_ranchu( 1348): gralloc_alloc: Creating ashmem region of size 9023488
06-05 19:59:59.002 V/PhoneStatusBar( 1711): setLightsOn(true)
06-05 19:59:59.046 I/System.out(21242): URI: //map
06-05 19:59:59.046 I/System.out(21242): params: {json={"query":"* {text CONTAINS[c] 'Kilometers'}","operation":{"method_name":"query","arguments":[]}}
06-05 19:59:59.046 I/System.out(21242): }
06-05 19:59:59.119 I/System.out(21242): URI: //map
06-05 19:59:59.119 I/System.out(21242): params: {json={"query":"* marked:'Miles'","operation":{"method_name":"query","arguments":[]}}
06-05 19:59:59.119 I/System.out(21242): }
06-05 19:59:59.204 W/ResourceType(21242): No package identifier when getting name for resource number 0x00000001
06-05 19:59:59.229 I/System.out(21242): URI: //gesture
06-05 19:59:59.229 I/System.out(21242): params: {json={"query_timeout":5.0,"gestures":[{"query_string":"* marked:'Miles'","touches":[{"x":50,"y":50,"offset_x":0,"offset_y":0,"wait":0.0,"time":0.2,"release":true,"query_string":null}]}]}
06-05 19:59:59.229 I/System.out(21242): }
06-05 19:59:59.245 W/ResourceType(21242): No package identifier when getting name for resource number 0x00000001
06-05 19:59:59.471 V/PhoneStatusBar( 1711): setLightsOn(true)
06-05 19:59:59.474 V/PhoneStatusBar( 1711): setLightsOn(true)
06-05 19:59:59.485 W/InputEventReceiver(21242): Attempted to finish an input event but the input event receiver has already been disposed.
06-05 19:59:59.487 I/System.out(21242): URI: //map
06-05 19:59:59.487 I/System.out(21242): params: {json={"query":"* marked:'Gallons'","operation":{"method_name":"query","arguments":[]}}
06-05 19:59:59.487 I/System.out(21242): }
06-05 19:59:59.525 W/InputMethodManagerService( 1629): Window already focused, ignoring focus gain of: com.android.internal.view.IInputMethodClient$Stub$Proxy@3aed5d4 attribute=null, token = android.os.BinderProxy@dae74d1
06-05 19:59:59.590 W/ResourceType(21242): No package identifier when getting name for resource number 0x00000001
06-05 19:59:59.603 I/System.out(21242): URI: //gesture
06-05 19:59:59.603 I/System.out(21242): params: {json={"query_timeout":5.0,"gestures":[{"query_string":"* marked:'Gallons'","touches":[{"x":50,"y":50,"offset_x":0,"offset_y":0,"wait":0.0,"time":0.2,"release":true,"query_string":null}]}]}
06-05 19:59:59.603 I/System.out(21242): }
06-05 19:59:59.611 W/ResourceType(21242): No package identifier when getting name for resource number 0x00000001
06-05 19:59:59.751 I/WindowManager( 1629): Destroying surface Surface(name=com.evancharlton.mileage/com.evancharlton.mileage.VehicleActivity) called by com.android.server.wm.WindowStateAnimator.destroySurface:2016 com.android.server.wm.WindowStateAnimator.destroySurfaceLocked:882 com.android.server.wm.WindowState.destroyOrSaveSurface:2100 com.android.server.wm.AppWindowToken.destroySurfaces:363 com.android.server.wm.WindowStateAnimator.finishExit:565 com.android.server.wm.WindowStateAnimator.stepAnimationLocked:491 com.android.server.wm.WindowAnimator.updateWindowsLocked:303 com.android.server.wm.WindowAnimator.animateLocked:704 
06-05 19:59:59.752 V/PhoneStatusBar( 1711): setLightsOn(true)
06-05 19:59:59.755 V/PhoneStatusBar( 1711): setLightsOn(true)
06-05 19:59:59.848 V/PhoneStatusBar( 1711): setLightsOn(true)
06-05 19:59:59.857 V/PhoneStatusBar( 1711): setLightsOn(true)
06-05 19:59:59.871 V/PhoneStatusBar( 1711): setLightsOn(true)
06-05 19:59:59.877 I/System.out(21242): URI: //map
06-05 19:59:59.877 I/System.out(21242): params: {json={"query":"* {text CONTAINS[c] 'Litres'}","operation":{"method_name":"query","arguments":[]}}
06-05 19:59:59.877 I/System.out(21242): }
06-05 19:59:59.937 D/gralloc_ranchu( 1348): gralloc_alloc: Creating ashmem region of size 2220032
06-05 19:59:59.955 V/PhoneStatusBar( 1711): setLightsOn(true)
06-05 19:59:59.956 D/gralloc_ranchu( 1348): gralloc_alloc: Creating ashmem region of size 2220032
06-05 19:59:59.957 V/PhoneStatusBar( 1711): setLightsOn(true)
06-05 19:59:59.970 V/PhoneStatusBar( 1711): setLightsOn(true)
06-05 20:00:00.023 D/EGL_emulation( 1711): eglMakeCurrent: 0x9f1709c0: ver 2 0 (tinfo 0xa0e61d00)
06-05 20:00:00.033 I/System.out(21242): URI: //map
06-05 20:00:00.033 I/System.out(21242): params: {json={"query":"* {text CONTAINS[c] 'Imperial Gallons'}","operation":{"method_name":"query","arguments":[]}}
06-05 20:00:00.033 I/System.out(21242): }
06-05 20:00:00.125 I/art     (21242): Compiler allocated 7MB to compile sh.calaba.instrumentationbackend.actions.NanoHTTPD$Response sh.calaba.instrumentationbackend.actions.HttpServer.serve(java.lang.String, java.lang.String, java.util.Properties, java.util.Properties, java.util.Properties)
06-05 20:00:00.132 I/System.out(21242): URI: //map
06-05 20:00:00.132 I/System.out(21242): params: {json={"query":"* marked:'Gallons'","operation":{"method_name":"query","arguments":[]}}
06-05 20:00:00.132 I/System.out(21242): }
06-05 20:00:00.137 W/ResourceType(21242): No package identifier when getting name for resource number 0x00000001
06-05 20:00:00.147 I/System.out(21242): URI: //gesture
06-05 20:00:00.147 I/System.out(21242): params: {json={"query_timeout":5.0,"gestures":[{"query_string":"* marked:'Gallons'","touches":[{"x":50,"y":50,"offset_x":0,"offset_y":0,"wait":0.0,"time":0.2,"release":true,"query_string":null}]}]}
06-05 20:00:00.147 I/System.out(21242): }
06-05 20:00:00.151 W/ResourceType(21242): No package identifier when getting name for resource number 0x00000001
06-05 20:00:00.218 V/PhoneStatusBar( 1711): setLightsOn(true)
06-05 20:00:00.388 V/PhoneStatusBar( 1711): setLightsOn(true)
06-05 20:00:00.389 V/PhoneStatusBar( 1711): setLightsOn(true)
06-05 20:00:00.401 I/System.out(21242): URI: //map
06-05 20:00:00.401 I/System.out(21242): params: {json={"query":"* marked:'Miles / Gallon'","operation":{"method_name":"query","arguments":[]}}
