06-05 20:00:00.402 I/System.out(21242): }
06-05 20:00:00.402 W/InputEventReceiver(21242): Attempted to finish an input event but the input event receiver has already been disposed.
06-05 20:00:00.442 W/InputMethodManagerService( 1629): Window already focused, ignoring focus gain of: com.android.internal.view.IInputMethodClient$Stub$Proxy@f2d06c3 attribute=null, token = android.os.BinderProxy@dae74d1
06-05 20:00:00.515 W/ResourceType(21242): No package identifier when getting name for resource number 0x00000001
06-05 20:00:00.525 I/System.out(21242): URI: //gesture
06-05 20:00:00.525 I/System.out(21242): params: {json={"query_timeout":5.0,"gestures":[{"query_string":"* marked:'Miles / Gallon'","touches":[{"x":50,"y":50,"offset_x":0,"offset_y":0,"wait":0.0,"time":0.2,"release":true,"query_string":null}]}]}
06-05 20:00:00.525 I/System.out(21242): }
06-05 20:00:00.529 W/ResourceType(21242): No package identifier when getting name for resource number 0x00000001
06-05 20:00:00.668 I/WindowManager( 1629): Destroying surface Surface(name=com.evancharlton.mileage/com.evancharlton.mileage.VehicleActivity) called by com.android.server.wm.WindowStateAnimator.destroySurface:2016 com.android.server.wm.WindowStateAnimator.destroySurfaceLocked:882 com.android.server.wm.WindowState.destroyOrSaveSurface:2100 com.android.server.wm.AppWindowToken.destroySurfaces:363 com.android.server.wm.WindowStateAnimator.finishExit:565 com.android.server.wm.WindowStateAnimator.stepAnimationLocked:491 com.android.server.wm.WindowAnimator.updateWindowsLocked:303 com.android.server.wm.WindowAnimator.animateLocked:704 
06-05 20:00:00.668 V/PhoneStatusBar( 1711): setLightsOn(true)
06-05 20:00:00.670 V/PhoneStatusBar( 1711): setLightsOn(true)
06-05 20:00:00.755 V/PhoneStatusBar( 1711): setLightsOn(true)
06-05 20:00:00.759 I/System.out(21242): URI: //map
06-05 20:00:00.759 I/System.out(21242): params: {json={"query":"* {text CONTAINS[c] 'Km / Gallon'}","operation":{"method_name":"query","arguments":[]}}
06-05 20:00:00.759 I/System.out(21242): }
06-05 20:00:00.770 V/PhoneStatusBar( 1711): setLightsOn(true)
06-05 20:00:00.785 V/PhoneStatusBar( 1711): setLightsOn(true)
06-05 20:00:00.817 D/gralloc_ranchu( 1348): gralloc_alloc: Creating ashmem region of size 5959680
06-05 20:00:00.834 V/PhoneStatusBar( 1711): setLightsOn(true)
06-05 20:00:00.835 V/PhoneStatusBar( 1711): setLightsOn(true)
06-05 20:00:00.835 D/gralloc_ranchu( 1348): gralloc_alloc: Creating ashmem region of size 5959680
06-05 20:00:00.852 V/PhoneStatusBar( 1711): setLightsOn(true)
06-05 20:00:01.104 V/PhoneStatusBar( 1711): setLightsOn(true)
06-05 20:00:01.145 I/System.out(21242): URI: //map
06-05 20:00:01.145 I/System.out(21242): params: {json={"query":"* {text CONTAINS[c] 'Km / Gallon'}","operation":{"method_name":"query","arguments":[]}}
06-05 20:00:01.145 I/System.out(21242): }
06-05 20:00:01.169 I/System.out(21242): URI: //map
06-05 20:00:01.169 I/System.out(21242): params: {json={"query":"* {text CONTAINS[c] 'Miles / Imp. Gal.'}","operation":{"method_name":"query","arguments":[]}}
06-05 20:00:01.169 I/System.out(21242): }
06-05 20:00:01.183 I/System.out(21242): URI: //map
06-05 20:00:01.183 I/System.out(21242): params: {json={"query":"* {text CONTAINS[c] 'Km / Imp. Gal.'}","operation":{"method_name":"query","arguments":[]}}
06-05 20:00:01.183 I/System.out(21242): }
06-05 20:00:01.194 I/System.out(21242): URI: //map
06-05 20:00:01.194 I/System.out(21242): params: {json={"query":"* {text CONTAINS[c] 'Miles / Litre'}","operation":{"method_name":"query","arguments":[]}}
06-05 20:00:01.194 I/System.out(21242): }
06-05 20:00:01.206 I/System.out(21242): URI: //map
06-05 20:00:01.206 I/System.out(21242): params: {json={"query":"* {text CONTAINS[c] 'Km / Litre'}","operation":{"method_name":"query","arguments":[]}}
06-05 20:00:01.206 I/System.out(21242): }
06-05 20:00:01.219 I/System.out(21242): URI: //map
06-05 20:00:01.219 I/System.out(21242): params: {json={"query":"* {text CONTAINS[c] 'Gallons / 100 km'}","operation":{"method_name":"query","arguments":[]}}
06-05 20:00:01.219 I/System.out(21242): }
06-05 20:00:01.231 I/System.out(21242): URI: //map
06-05 20:00:01.231 I/System.out(21242): params: {json={"query":"* {text CONTAINS[c] 'Litres / 100 km'}","operation":{"method_name":"query","arguments":[]}}
06-05 20:00:01.231 I/System.out(21242): }
06-05 20:00:01.242 I/System.out(21242): URI: //map
06-05 20:00:01.243 I/System.out(21242): params: {json={"query":"* {text CONTAINS[c] 'Imp. Gal. / 100 km'}","operation":{"method_name":"query","arguments":[]}}
06-05 20:00:01.243 I/System.out(21242): }
06-05 20:00:01.257 I/System.out(21242): URI: //map
06-05 20:00:01.257 I/System.out(21242): params: {json={"query":"* marked:'Miles / Gallon'","operation":{"method_name":"query","arguments":[]}}
06-05 20:00:01.257 I/System.out(21242): }
06-05 20:00:01.261 W/ResourceType(21242): No package identifier when getting name for resource number 0x00000001
06-05 20:00:01.269 I/System.out(21242): URI: //gesture
06-05 20:00:01.269 I/System.out(21242): params: {json={"query_timeout":5.0,"gestures":[{"query_string":"* marked:'Miles / Gallon'","touches":[{"x":50,"y":50,"offset_x":0,"offset_y":0,"wait":0.0,"time":0.2,"release":true,"query_string":null}]}]}
06-05 20:00:01.269 I/System.out(21242): }
06-05 20:00:01.273 W/ResourceType(21242): No package identifier when getting name for resource number 0x00000001
06-05 20:00:01.504 V/PhoneStatusBar( 1711): setLightsOn(true)
06-05 20:00:01.505 V/PhoneStatusBar( 1711): setLightsOn(true)
06-05 20:00:01.512 I/System.out(21242): URI: //map
06-05 20:00:01.512 I/System.out(21242): params: {json={"query":"* {text CONTAINS[c] 'Currency symbol'}","operation":{"method_name":"query","arguments":[]}}
06-05 20:00:01.512 I/System.out(21242): }
06-05 20:00:01.518 W/InputEventReceiver(21242): Attempted to finish an input event but the input event receiver has already been disposed.
06-05 20:00:01.571 W/InputMethodManagerService( 1629): Window already focused, ignoring focus gain of: com.android.internal.view.IInputMethodClient$Stub$Proxy@823be attribute=null, token = android.os.BinderProxy@dae74d1
06-05 20:00:01.640 I/System.out(21242): URI: //map
06-05 20:00:01.640 I/System.out(21242): params: {json={"query":"* {text CONTAINS[c] 'Add new vehicle'}","operation":{"method_name":"query","arguments":[]}}
06-05 20:00:01.640 I/System.out(21242): }
