--------- beginning of main
06-05 18:34:07.394 V/PhoneStatusBar( 1711): setLightsOn(true)
06-05 18:34:07.396 V/PhoneStatusBar( 1711): setLightsOn(true)
--------- beginning of system
06-05 18:34:07.396 W/ActivityManager( 1629): Finishing task with all activities already finished
06-05 18:34:07.396 W/ActivityManager( 1629): Duplicate finish request for ActivityRecord{c693314 u0 com.evancharlton.mileage/.Mileage t3069 f}
06-05 18:34:07.396 W/ActivityManager( 1629): Finishing task with all activities already finished
06-05 18:34:07.396 W/ActivityManager( 1629): Duplicate finish request for ActivityRecord{c693314 u0 com.evancharlton.mileage/.Mileage t3069 f}
06-05 18:34:07.406 D/gralloc_ranchu( 1346): gralloc_alloc: Creating ashmem region of size 3145728
06-05 18:34:07.410 E/EGL_emulation( 1346): tid 1346: eglCreateSyncKHR(1901): error 0x3004 (EGL_BAD_ATTRIBUTE)
06-05 18:34:07.419 W/ActivityManager( 1629): Finishing task with all activities already finished
06-05 18:34:07.419 W/ActivityManager( 1629): Duplicate finish request for ActivityRecord{c693314 u0 com.evancharlton.mileage/.Mileage t3069 f}
06-05 18:34:07.419 W/ActivityManager( 1629): Finishing task with all activities already finished
06-05 18:34:07.419 W/ActivityManager( 1629): Duplicate finish request for ActivityRecord{c693314 u0 com.evancharlton.mileage/.Mileage t3069 f}
06-05 18:34:07.419 W/ActivityManager( 1629): Finishing task with all activities already finished
06-05 18:34:07.419 W/ActivityManager( 1629): Duplicate finish request for ActivityRecord{c693314 u0 com.evancharlton.mileage/.Mileage t3069 f}
06-05 18:34:07.438 D/EGL_emulation( 1711): eglMakeCurrent: 0xa5b6bd80: ver 2 0 (tinfo 0xb1367140)
06-05 18:34:07.439 D/EGL_emulation( 2150): eglMakeCurrent: 0xb4f852a0: ver 2 0 (tinfo 0xb4f832e0)
06-05 18:34:07.454 D/EGL_emulation( 1711): eglMakeCurrent: 0xa5b6bd80: ver 2 0 (tinfo 0xb1367140)
06-05 18:34:07.471 D/EGL_emulation( 1711): eglMakeCurrent: 0xa5b6bd80: ver 2 0 (tinfo 0xb1367140)
06-05 18:34:07.480 D/AndroidRuntime( 5161): >>>>>> START com.android.internal.os.RuntimeInit uid 2000 <<<<<<
06-05 18:34:07.481 D/AndroidRuntime( 5161): CheckJNI is ON
06-05 18:34:07.487 D/EGL_emulation( 1711): eglMakeCurrent: 0xa5b6bd80: ver 2 0 (tinfo 0xb1367140)
06-05 18:34:07.489 D/EGL_emulation( 1711): eglMakeCurrent: 0xa5b6bd80: ver 2 0 (tinfo 0xb1367140)
06-05 18:34:07.492 W/art     ( 5161): Unexpected CPU variant for X86 using defaults: x86
06-05 18:34:07.494 D/ICU     ( 5161): No timezone override file found: /data/misc/zoneinfo/current/icu/icu_tzdata.dat
06-05 18:34:07.501 E/memtrack( 5161): Couldn't load memtrack module (No such file or directory)
06-05 18:34:07.501 E/android.os.Debug( 5161): failed to load memtrack module: -2
06-05 18:34:07.502 I/Radio-JNI( 5161): register_android_hardware_Radio DONE
06-05 18:34:07.504 D/EGL_emulation( 1711): eglMakeCurrent: 0xa5b6bd80: ver 2 0 (tinfo 0xb1367140)
06-05 18:34:07.505 D/EGL_emulation( 1711): eglMakeCurrent: 0xa5b6bd80: ver 2 0 (tinfo 0xb1367140)
06-05 18:34:07.506 D/AndroidRuntime( 5161): Calling main entry com.android.commands.am.Am
06-05 18:34:07.507 I/ActivityManager( 1629): Force stopping com.evancharlton.mileage appid=10160 user=0: start instr
06-05 18:34:07.507 I/ActivityManager( 1629): Killing 5111:com.evancharlton.mileage/u0a160 (adj 0): stop com.evancharlton.mileage
06-05 18:34:07.507 D/ActivityManager( 1629): cleanUpApplicationRecord -- 5111
06-05 18:34:07.509 W/InputDispatcher( 1629): channel '48424f3 com.evancharlton.mileage/com.evancharlton.mileage.Mileage (server)' ~ Consumer closed input channel or an error occurred.  events=0x9
06-05 18:34:07.509 E/InputDispatcher( 1629): channel '48424f3 com.evancharlton.mileage/com.evancharlton.mileage.Mileage (server)' ~ Channel is unrecoverably broken and will be disposed!
06-05 18:34:07.509 W/ActivityManager( 1629): Crash of app com.evancharlton.mileage running instrumentation ComponentInfo{com.evancharlton.mileage.test/sh.calaba.instrumentationbackend.CalabashInstrumentationTestRunner}
06-05 18:34:07.509 I/ActivityManager( 1629): Force stopping com.evancharlton.mileage appid=10160 user=0: finished inst
06-05 18:34:07.509 I/WindowManager( 1629): WIN DEATH: Window{48424f3 u0 com.evancharlton.mileage/com.evancharlton.mileage.Mileage EXITING}
06-05 18:34:07.509 W/InputDispatcher( 1629): Attempted to unregister already unregistered input channel '48424f3 com.evancharlton.mileage/com.evancharlton.mileage.Mileage (server)'
06-05 18:34:07.512 I/art     ( 5171): Not late-enabling -Xcheck:jni (already on)
06-05 18:34:07.512 W/art     ( 5171): Unexpected CPU variant for X86 using defaults: x86
06-05 18:34:07.520 I/ActivityManager( 1629): Start proc 5171:com.evancharlton.mileage/u0a160 for added application com.evancharlton.mileage
06-05 18:34:07.520 D/AndroidRuntime( 5161): Shutting down VM
06-05 18:34:07.521 D/EGL_emulation( 1711): eglMakeCurrent: 0xa5b6bd80: ver 2 0 (tinfo 0xb1367140)
06-05 18:34:07.524 D/EGL_emulation( 1711): eglMakeCurrent: 0xa5b6bd80: ver 2 0 (tinfo 0xb1367140)
06-05 18:34:07.525 W/System  ( 5171): ClassLoader referenced unknown path: /data/app/com.evancharlton.mileage.test-1/lib/x86
06-05 18:34:07.525 W/System  ( 5171): ClassLoader referenced unknown path: /data/app/com.evancharlton.mileage-1/lib/x86
06-05 18:34:07.527 W/System  ( 5171): ClassLoader referenced unknown path: 
06-05 18:34:07.532 I/System.out( 5171): Main activity name automatically set to: com.evancharlton.mileage.Mileage
06-05 18:34:07.532 I/System.out( 5171): Calabash did not load Mono. This is only a problem if you are trying to test a Mono application
06-05 18:34:07.532 I/calabash( 5171): Test server port: 7102
06-05 18:34:07.532 I/InstrumentationBackend( 5171): Added:'GetPreferences', with key:'get_preferences'
06-05 18:34:07.536 I/InstrumentationBackend( 5171): Added:'SetPreferences', with key:'set_preferences'
06-05 18:34:07.536 I/InstrumentationBackend( 5171): Added:'ClearPreferences', with key:'clear_preferences'
06-05 18:34:07.536 I/InstrumentationBackend( 5171): Added:'PressElement', with key:'press_l10n_element'
06-05 18:34:07.536 I/InstrumentationBackend( 5171): Added:'WaitForElement', with key:'wait_for_l10n_element'
06-05 18:34:07.536 I/InstrumentationBackend( 5171): Added:'NullAction', with key:'nullAction'
06-05 18:34:07.536 I/InstrumentationBackend( 5171): Added:'PressKey', with key:'press_key'
06-05 18:34:07.536 I/InstrumentationBackend( 5171): Added:'SetActivityOrientation', with key:'set_activity_orientation'
06-05 18:34:07.536 I/InstrumentationBackend( 5171): Added:'GetActivityOrientation', with key:'get_activity_orientation'
06-05 18:34:07.536 I/InstrumentationBackend( 5171): Added:'FakeGPSLocation', with key:'set_gps_coordinates'
06-05 18:34:07.536 I/InstrumentationBackend( 5171): Added:'SetPropertyByCssSelector', with key:'set_property_by_css_selector'
06-05 18:34:07.536 I/InstrumentationBackend( 5171): Added:'GetUrl', with key:'get_url'
06-05 18:34:07.537 I/InstrumentationBackend( 5171): Added:'ScrollTo', with key:'scroll_to'
06-05 18:34:07.537 I/InstrumentationBackend( 5171): Added:'GetLoadProgress', with key:'get_load_progress'
06-05 18:34:07.537 I/InstrumentationBackend( 5171): Added:'DumpHtml', with key:'dump_html'
06-05 18:34:07.537 I/InstrumentationBackend( 5171): Added:'DumpBodyHtml', with key:'dump_body_html'
06-05 18:34:07.537 D/EGL_emulation( 1711): eglMakeCurrent: 0xa5b6bd80: ver 2 0 (tinfo 0xb1367140)
06-05 18:34:07.537 I/InstrumentationBackend( 5171): Added:'EnterTextByCssSelector', with key:'enter_text_by_selector'
06-05 18:34:07.537 I/InstrumentationBackend( 5171): Added:'AndroidSDKVersion', with key:'android_sdk_version'
06-05 18:34:07.537 I/InstrumentationBackend( 5171): Added:'Version', with key:'version'
06-05 18:34:07.537 I/InstrumentationBackend( 5171): Added:'Drag', with key:'drag'
06-05 18:34:07.537 I/InstrumentationBackend( 5171): Added:'TouchCoordinates', with key:'touch_coordinate'
06-05 18:34:07.537 I/InstrumentationBackend( 5171): Added:'LongPressCoordinate', with key:'long_press_coordinate'
06-05 18:34:07.537 I/InstrumentationBackend( 5171): Added:'DragCoordinates', with key:'drag_coordinates'
06-05 18:34:07.537 I/InstrumentationBackend( 5171): Added:'ResumeApplication', with key:'resume_application'
06-05 18:34:07.538 I/InstrumentationBackend( 5171): Added:'Swipe', with key:'swipe'
06-05 18:34:07.538 I/InstrumentationBackend( 5171): Added:'DoubleTapCoordinate', with key:'double_tap_coordinate'
06-05 18:34:07.538 I/InstrumentationBackend( 5171): Added:'ClickOnScreen', with key:'click_on_screen'
06-05 18:34:07.538 I/InstrumentationBackend( 5171): Added:'GetActivityName', with key:'get_activity_name'
06-05 18:34:07.538 I/InstrumentationBackend( 5171): Added:'ScrollToView', with key:'scroll_to_view'
06-05 18:34:07.538 I/InstrumentationBackend( 5171): Added:'ViewConfiguration', with key:'view_configuration'
06-05 18:34:07.538 I/InstrumentationBackend( 5171): Added:'IsCurrentActivityFocused', with key:'is_current_activity_focused'
06-05 18:34:07.538 I/InstrumentationBackend( 5171): Added:'SendTcp', with key:'send_tcp'
06-05 18:34:07.538 I/InstrumentationBackend( 5171): Added:'DpToDevicePixel', with key:'dp_to_device_pixel'
06-05 18:34:07.538 I/InstrumentationBackend( 5171): Added:'KeyboardEnterText', with key:'keyboard_enter_text'
06-05 18:34:07.538 I/InstrumentationBackend( 5171): Added:'DeleteSurroundingText', with key:'delete_surrounding_text'
06-05 18:34:07.538 I/InstrumentationBackend( 5171): Added:'SetComposingRegion', with key:'set_composing_region'
06-05 18:34:07.538 I/InstrumentationBackend( 5171): Added:'SetSelection', with key:'set_selection'
06-05 18:34:07.538 I/InstrumentationBackend( 5171): Added:'KeyboardKeyEvent', with key:'keyboard_key_event'
06-05 18:34:07.538 I/InstrumentationBackend( 5171): Added:'PressUserActionButton', with key:'press_user_action_button'
06-05 18:34:07.538 I/InstrumentationBackend( 5171): Added:'HideSoftKeyboard', with key:'hide_soft_keyboard'
06-05 18:34:07.538 I/InstrumentationBackend( 5171): Added:'ListActions', with key:'list_actions'
06-05 18:34:07.538 I/calabash( 5171): Instantiating http server at 7102
06-05 18:34:07.539 D/EGL_emulation( 1711): eglMakeCurrent: 0xa5b6bd80: ver 2 0 (tinfo 0xb1367140)
06-05 18:34:07.539 I/System.out( 5171): HTTP Daemon listening on: 7102
06-05 18:34:07.554 D/EGL_emulation( 1711): eglMakeCurrent: 0xa5b6bd80: ver 2 0 (tinfo 0xb1367140)
06-05 18:34:07.555 D/EGL_emulation( 1711): eglMakeCurrent: 0xa5b6bd80: ver 2 0 (tinfo 0xb1367140)
06-05 18:34:07.572 D/EGL_emulation( 1711): eglMakeCurrent: 0xa5b6bd80: ver 2 0 (tinfo 0xb1367140)
06-05 18:34:07.581 D/EGL_emulation( 1711): eglMakeCurrent: 0xa5b6bd80: ver 2 0 (tinfo 0xb1367140)
06-05 18:34:07.589 D/EGL_emulation( 1711): eglMakeCurrent: 0xa5b6bd80: ver 2 0 (tinfo 0xb1367140)
06-05 18:34:07.595 D/EGL_emulation( 1711): eglMakeCurrent: 0xa5b6bd80: ver 2 0 (tinfo 0xb1367140)
06-05 18:34:07.606 D/EGL_emulation( 1711): eglMakeCurrent: 0xa5b6bd80: ver 2 0 (tinfo 0xb1367140)
06-05 18:34:07.612 D/EGL_emulation( 1711): eglMakeCurrent: 0xa5b6bd80: ver 2 0 (tinfo 0xb1367140)
06-05 18:34:07.622 D/EGL_emulation( 1711): eglMakeCurrent: 0xa5b6bd80: ver 2 0 (tinfo 0xb1367140)
06-05 18:34:07.628 D/EGL_emulation( 1711): eglMakeCurrent: 0xa5b6bd80: ver 2 0 (tinfo 0xb1367140)
06-05 18:34:07.634 I/System.out( 5171): URI: //ping
06-05 18:34:07.634 I/System.out( 5171): params: {json={}
06-05 18:34:07.634 I/System.out( 5171): }
06-05 18:34:07.639 D/EGL_emulation( 1711): eglMakeCurrent: 0xa5b6bd80: ver 2 0 (tinfo 0xb1367140)
06-05 18:34:07.643 I/System.out( 5171): URI: //ping
06-05 18:34:07.643 I/System.out( 5171): params: {json={}
06-05 18:34:07.643 I/System.out( 5171): }
06-05 18:34:07.646 D/EGL_emulation( 1711): eglMakeCurrent: 0xa5b6bd80: ver 2 0 (tinfo 0xb1367140)
06-05 18:34:07.649 I/System.out( 5171): URI: //ready
06-05 18:34:07.649 I/System.out( 5171): params: {json={}
06-05 18:34:07.649 I/System.out( 5171): }
06-05 18:34:07.656 I/System.out( 5171): URI: //
06-05 18:34:07.656 I/System.out( 5171): params: {json={"command":"version","arguments":[]}
06-05 18:34:07.656 I/System.out( 5171): }
06-05 18:34:07.656 I/System.out( 5171): header: {content-type=application/json;charset=utf-8, date=Fri, 05 Jun 2020 23:34:07 GMT, accept=*/*, host=127.0.0.1:34783, content-length=36, user-agent=HTTPClient/1.0 (2.8.3, ruby 2.5.1 (2018-03-29))}
06-05 18:34:07.656 I/System.out( 5171): params: {json={"command":"version","arguments":[]}
06-05 18:34:07.656 I/System.out( 5171): }
06-05 18:34:07.656 I/System.out( 5171): ProP json = {"command":"version","arguments":[]}
06-05 18:34:07.656 I/System.out( 5171): files: {}
06-05 18:34:07.657 I/System.out( 5171): command: {"command":"version","arguments":[]}
06-05 18:34:07.658 D/EGL_emulation( 1711): eglMakeCurrent: 0xa5b6bd80: ver 2 0 (tinfo 0xb1367140)
06-05 18:34:07.669 I/InstrumentationBackend( 5171): Got command:'Command:'Line:null,version', arguments:'[]'
06-05 18:34:07.672 D/EGL_emulation( 1711): eglMakeCurrent: 0xa5b6bd80: ver 2 0 (tinfo 0xb1367140)
06-05 18:34:07.678 D/EGL_emulation( 1711): eglMakeCurrent: 0xa5b6bd80: ver 2 0 (tinfo 0xb1367140)
06-05 18:34:07.696 I/System.out( 5171): result:{"bonusInformation":[],"message":"0.9.8","success":true}
06-05 18:34:07.703 I/System.out( 5171): URI: //start-application
06-05 18:34:07.704 I/System.out( 5171): params: {json={"intent":null}
06-05 18:34:07.704 I/System.out( 5171): }
06-05 18:34:07.736 I/ActivityManager( 1629): START u0 {act=android.intent.action.MAIN cat=[android.intent.category.LAUNCHER] flg=0x10200000 cmp=com.evancharlton.mileage/.Mileage} from uid 10160 on display 0
06-05 18:34:07.767 I/calabash( 5171): newActivity1
06-05 18:34:07.772 D/gralloc_ranchu( 1346): gralloc_alloc: Creating ashmem region of size 9023488
06-05 18:34:07.805 I/calabash( 5171): newActivity1
06-05 18:34:07.809 W/ActivityManager( 1629): Bad activity token: android.os.BinderProxy@9e86f2f
06-05 18:34:07.809 W/ActivityManager( 1629): java.lang.ClassCastException: android.os.BinderProxy cannot be cast to com.android.server.am.ActivityRecord$Token
06-05 18:34:07.809 W/ActivityManager( 1629): 	at com.android.server.am.ActivityRecord.forTokenLocked(ActivityRecord.java:586)
06-05 18:34:07.809 W/ActivityManager( 1629): 	at com.android.server.am.ActivityRecord.isInStackLocked(ActivityRecord.java:1327)
06-05 18:34:07.809 W/ActivityManager( 1629): 	at com.android.server.am.ActivityRecord.getStackLocked(ActivityRecord.java:1332)
06-05 18:34:07.809 W/ActivityManager( 1629): 	at com.android.server.am.ActivityManagerService.getActivityDisplayId(ActivityManagerService.java:9806)
06-05 18:34:07.809 W/ActivityManager( 1629): 	at android.app.ActivityManagerNative.onTransact(ActivityManagerNative.java:2566)
06-05 18:34:07.809 W/ActivityManager( 1629): 	at com.android.server.am.ActivityManagerService.onTransact(ActivityManagerService.java:2757)
06-05 18:34:07.809 W/ActivityManager( 1629): 	at android.os.Binder.execTransact(Binder.java:565)
06-05 18:34:07.812 W/ActivityManager( 1629): Bad activity token: android.os.BinderProxy@9e86f2f
06-05 18:34:07.812 W/ActivityManager( 1629): java.lang.ClassCastException: android.os.BinderProxy cannot be cast to com.android.server.am.ActivityRecord$Token
06-05 18:34:07.812 W/ActivityManager( 1629): 	at com.android.server.am.ActivityRecord.forTokenLocked(ActivityRecord.java:586)
06-05 18:34:07.812 W/ActivityManager( 1629): 	at com.android.server.am.ActivityRecord.isInStackLocked(ActivityRecord.java:1327)
06-05 18:34:07.812 W/ActivityManager( 1629): 	at com.android.server.am.ActivityManagerService.setTaskDescription(ActivityManagerService.java:9358)
06-05 18:34:07.812 W/ActivityManager( 1629): 	at android.app.ActivityManagerNative.onTransact(ActivityManagerNative.java:2639)
06-05 18:34:07.812 W/ActivityManager( 1629): 	at com.android.server.am.ActivityManagerService.onTransact(ActivityManagerService.java:2757)
06-05 18:34:07.812 W/ActivityManager( 1629): 	at android.os.Binder.execTransact(Binder.java:565)
06-05 18:34:07.813 W/ActivityManager( 1629): Bad activity token: android.os.BinderProxy@9e86f2f
06-05 18:34:07.813 W/ActivityManager( 1629): java.lang.ClassCastException: android.os.BinderProxy cannot be cast to com.android.server.am.ActivityRecord$Token
06-05 18:34:07.813 W/ActivityManager( 1629): 	at com.android.server.am.ActivityRecord.forTokenLocked(ActivityRecord.java:586)
06-05 18:34:07.813 W/ActivityManager( 1629): 	at com.android.server.am.ActivityRecord.isInStackLocked(ActivityRecord.java:1327)
06-05 18:34:07.813 W/ActivityManager( 1629): 	at com.android.server.am.ActivityRecord.getStackLocked(ActivityRecord.java:1332)
06-05 18:34:07.813 W/ActivityManager( 1629): 	at com.android.server.am.ActivityManagerService.getActivityStackId(ActivityManagerService.java:9817)
06-05 18:34:07.813 W/ActivityManager( 1629): 	at android.app.ActivityManagerNative.onTransact(ActivityManagerNative.java:2856)
06-05 18:34:07.813 W/ActivityManager( 1629): 	at com.android.server.am.ActivityManagerService.onTransact(ActivityManagerService.java:2757)
06-05 18:34:07.813 W/ActivityManager( 1629): 	at android.os.Binder.execTransact(Binder.java:565)
06-05 18:34:07.833 V/PhoneStatusBar( 1711): setLightsOn(true)
06-05 18:34:07.838 D/EGL_emulation( 2150): eglMakeCurrent: 0xb4f852a0: ver 2 0 (tinfo 0xb4f832e0)
06-05 18:34:07.841 D/EGL_emulation( 1711): eglMakeCurrent: 0xa5b6bd80: ver 2 0 (tinfo 0xb1367140)
06-05 18:34:07.848 W/ActivityManager( 1629): Bad activity token: android.os.BinderProxy@9e86f2f
06-05 18:34:07.848 W/ActivityManager( 1629): java.lang.ClassCastException: android.os.BinderProxy cannot be cast to com.android.server.am.ActivityRecord$Token
06-05 18:34:07.848 W/ActivityManager( 1629): 	at com.android.server.am.ActivityRecord.forTokenLocked(ActivityRecord.java:586)
06-05 18:34:07.848 W/ActivityManager( 1629): 	at com.android.server.am.ActivityRecord.isInStackLocked(ActivityRecord.java:1327)
06-05 18:34:07.848 W/ActivityManager( 1629): 	at com.android.server.am.ActivityManagerService.getActivityOptions(ActivityManagerService.java:12559)
06-05 18:34:07.848 W/ActivityManager( 1629): 	at android.app.ActivityManagerNative.onTransact(ActivityManagerNative.java:1933)
06-05 18:34:07.848 W/ActivityManager( 1629): 	at com.android.server.am.ActivityManagerService.onTransact(ActivityManagerService.java:2757)
06-05 18:34:07.848 W/ActivityManager( 1629): 	at android.os.Binder.execTransact(Binder.java:565)
06-05 18:34:07.848 W/ActivityManager( 1629): Bad activity token: android.os.BinderProxy@9e86f2f
06-05 18:34:07.848 W/ActivityManager( 1629): java.lang.ClassCastException: android.os.BinderProxy cannot be cast to com.android.server.am.ActivityRecord$Token
06-05 18:34:07.848 W/ActivityManager( 1629): 	at com.android.server.am.ActivityRecord.forTokenLocked(ActivityRecord.java:586)
06-05 18:34:07.848 W/ActivityManager( 1629): 	at com.android.server.am.ActivityRecord.isInStackLocked(ActivityRecord.java:1327)
06-05 18:34:07.848 W/ActivityManager( 1629): 	at com.android.server.am.ActivityManagerService.getActivityOptions(ActivityManagerService.java:12559)
06-05 18:34:07.848 W/ActivityManager( 1629): 	at android.app.ActivityManagerNative.onTransact(ActivityManagerNative.java:1933)
06-05 18:34:07.848 W/ActivityManager( 1629): 	at com.android.server.am.ActivityManagerService.onTransact(ActivityManagerService.java:2757)
06-05 18:34:07.848 W/ActivityManager( 1629): 	at android.os.Binder.execTransact(Binder.java:565)
06-05 18:34:07.854 D/EGL_emulation( 1711): eglMakeCurrent: 0xa5b6bd80: ver 2 0 (tinfo 0xb1367140)
06-05 18:34:07.857 D/EGL_emulation( 1711): eglMakeCurrent: 0xa5b6bd80: ver 2 0 (tinfo 0xb1367140)
06-05 18:34:07.858 V/PhoneStatusBar( 1711): setLightsOn(true)
06-05 18:34:07.870 I/WindowManager( 1629): Destroying surface Surface(name=com.evancharlton.mileage/com.evancharlton.mileage.Mileage) called by com.android.server.wm.WindowStateAnimator.destroySurface:2016 com.android.server.wm.WindowStateAnimator.destroySurfaceLocked:882 com.android.server.wm.WindowState.removeLocked:1456 com.android.server.wm.WindowManagerService.removeWindowInnerLocked:2484 com.android.server.wm.AppWindowToken.destroySurfaces:365 com.android.server.wm.WindowStateAnimator.finishExit:565 com.android.server.wm.AppWindowAnimator.stepAnimationLocked:427 com.android.server.wm.WindowAnimator.updateAppWindowsLocked:196 
06-05 18:34:07.871 D/EGL_emulation( 1711): eglMakeCurrent: 0xa5b6bd80: ver 2 0 (tinfo 0xb1367140)
06-05 18:34:07.873 D/EGL_emulation( 1711): eglMakeCurrent: 0xa5b6bd80: ver 2 0 (tinfo 0xb1367140)
06-05 18:34:07.887 D/gralloc_ranchu( 1346): gralloc_alloc: Creating ashmem region of size 9023488
06-05 18:34:07.888 D/EGL_emulation( 1711): eglMakeCurrent: 0xa5b6bd80: ver 2 0 (tinfo 0xb1367140)
06-05 18:34:07.892 D/EGL_emulation( 1711): eglMakeCurrent: 0xa5b6bd80: ver 2 0 (tinfo 0xb1367140)
06-05 18:34:07.893 D/        ( 5171): HostConnection::get() New Host Connection established 0x98c304c0, tid 5171
06-05 18:34:07.893 V/PhoneStatusBar( 1711): setLightsOn(true)
06-05 18:34:07.933 D/EGL_emulation( 1711): eglMakeCurrent: 0xa5b6bd80: ver 2 0 (tinfo 0xb1367140)
06-05 18:34:07.937 D/EGL_emulation( 1711): eglMakeCurrent: 0xa5b6bd80: ver 2 0 (tinfo 0xb1367140)
06-05 18:34:07.939 D/EGL_emulation( 1711): eglMakeCurrent: 0xa5b6bd80: ver 2 0 (tinfo 0xb1367140)
06-05 18:34:07.942 D/EGL_emulation( 1711): eglMakeCurrent: 0xa5b6bd80: ver 2 0 (tinfo 0xb1367140)
06-05 18:34:07.954 D/EGL_emulation( 1711): eglMakeCurrent: 0xa5b6bd80: ver 2 0 (tinfo 0xb1367140)
06-05 18:34:07.957 D/EGL_emulation( 1711): eglMakeCurrent: 0xa5b6bd80: ver 2 0 (tinfo 0xb1367140)
06-05 18:34:07.971 D/EGL_emulation( 1711): eglMakeCurrent: 0xa5b6bd80: ver 2 0 (tinfo 0xb1367140)
06-05 18:34:07.974 D/EGL_emulation( 1711): eglMakeCurrent: 0xa5b6bd80: ver 2 0 (tinfo 0xb1367140)
06-05 18:34:07.988 I/ActivityManager( 1629): Displayed com.evancharlton.mileage/.Mileage: +237ms
06-05 18:34:07.988 D/gralloc_ranchu( 1346): gralloc_alloc: Creating ashmem region of size 9023488
06-05 18:34:07.988 D/EGL_emulation( 1711): eglMakeCurrent: 0xa5b6bd80: ver 2 0 (tinfo 0xb1367140)
06-05 18:34:08.009 D/EGL_emulation( 1711): eglMakeCurrent: 0xa5b6bd80: ver 2 0 (tinfo 0xb1367140)
06-05 18:34:08.012 D/EGL_emulation( 1711): eglMakeCurrent: 0xa5b6bd80: ver 2 0 (tinfo 0xb1367140)
06-05 18:34:08.016 D/EGL_emulation( 1711): eglMakeCurrent: 0xa5b6bd80: ver 2 0 (tinfo 0xb1367140)
06-05 18:34:08.031 D/EGL_emulation( 1711): eglMakeCurrent: 0xa5b6bd80: ver 2 0 (tinfo 0xb1367140)
06-05 18:34:08.035 D/EGL_emulation( 1711): eglMakeCurrent: 0xa5b6bd80: ver 2 0 (tinfo 0xb1367140)
06-05 18:34:08.035 V/PhoneStatusBar( 1711): setLightsOn(true)
06-05 18:34:08.038 D/EGL_emulation( 1711): eglMakeCurrent: 0xa5b6bd80: ver 2 0 (tinfo 0xb1367140)
06-05 18:34:08.063 I/System.out( 5171): URI: //map
06-05 18:34:08.063 I/System.out( 5171): params: {json={"query":"* marked:'Statistics'","operation":{"method_name":"query","arguments":[]}}
06-05 18:34:08.063 I/System.out( 5171): }
06-05 18:34:08.082 W/ResourceType( 5171): No package identifier when getting name for resource number 0x00000001
06-05 18:34:08.101 I/System.out( 5171): URI: //gesture
06-05 18:34:08.101 I/System.out( 5171): params: {json={"query_timeout":5.0,"gestures":[{"query_string":"* marked:'Statistics'","touches":[{"x":50,"y":50,"offset_x":0,"offset_y":0,"wait":0.0,"time":0.2,"release":true,"query_string":null}]}]}
06-05 18:34:08.101 I/System.out( 5171): }
06-05 18:34:08.109 W/ResourceType( 5171): No package identifier when getting name for resource number 0x00000001
06-05 18:34:08.187 I/WindowManager( 1629): Destroying surface Surface(name=Starting com.evancharlton.mileage) called by com.android.server.wm.WindowStateAnimator.destroySurface:2016 com.android.server.wm.WindowStateAnimator.destroySurfaceLocked:882 com.android.server.wm.WindowState.destroyOrSaveSurface:2100 com.android.server.wm.AppWindowToken.destroySurfaces:363 com.android.server.wm.WindowStateAnimator.finishExit:565 com.android.server.wm.WindowStateAnimator.stepAnimationLocked:491 com.android.server.wm.WindowAnimator.updateWindowsLocked:303 com.android.server.wm.WindowAnimator.animateLocked:704 
06-05 18:34:08.189 V/PhoneStatusBar( 1711): setLightsOn(true)
06-05 18:34:08.221 V/PhoneStatusBar( 1711): setLightsOn(true)
06-05 18:34:08.287 V/PhoneStatusBar( 1711): setLightsOn(true)
06-05 18:34:08.343 I/calabash( 5171): newActivity1
06-05 18:34:08.375 I/System.out( 5171): URI: //map
06-05 18:34:08.375 I/System.out( 5171): params: {json={"query":"android.widget.ScrollView index:0","operation":{"method_name":"query","arguments":[]}}
06-05 18:34:08.375 I/System.out( 5171): }
06-05 18:34:08.377 W/ActivityManager( 1629): Bad activity token: android.os.BinderProxy@5f71b35
06-05 18:34:08.377 W/ActivityManager( 1629): java.lang.ClassCastException: android.os.BinderProxy cannot be cast to com.android.server.am.ActivityRecord$Token
06-05 18:34:08.377 W/ActivityManager( 1629): 	at com.android.server.am.ActivityRecord.forTokenLocked(ActivityRecord.java:586)
06-05 18:34:08.377 W/ActivityManager( 1629): 	at com.android.server.am.ActivityRecord.isInStackLocked(ActivityRecord.java:1327)
06-05 18:34:08.377 W/ActivityManager( 1629): 	at com.android.server.am.ActivityRecord.getStackLocked(ActivityRecord.java:1332)
06-05 18:34:08.377 W/ActivityManager( 1629): 	at com.android.server.am.ActivityManagerService.getActivityDisplayId(ActivityManagerService.java:9806)
06-05 18:34:08.377 W/ActivityManager( 1629): 	at android.app.ActivityManagerNative.onTransact(ActivityManagerNative.java:2566)
06-05 18:34:08.377 W/ActivityManager( 1629): 	at com.android.server.am.ActivityManagerService.onTransact(ActivityManagerService.java:2757)
06-05 18:34:08.377 W/ActivityManager( 1629): 	at android.os.Binder.execTransact(Binder.java:565)
06-05 18:34:08.379 W/ActivityManager( 1629): Bad activity token: android.os.BinderProxy@5f71b35
06-05 18:34:08.379 W/ActivityManager( 1629): java.lang.ClassCastException: android.os.BinderProxy cannot be cast to com.android.server.am.ActivityRecord$Token
06-05 18:34:08.379 W/ActivityManager( 1629): 	at com.android.server.am.ActivityRecord.forTokenLocked(ActivityRecord.java:586)
06-05 18:34:08.379 W/ActivityManager( 1629): 	at com.android.server.am.ActivityRecord.isInStackLocked(ActivityRecord.java:1327)
06-05 18:34:08.379 W/ActivityManager( 1629): 	at com.android.server.am.ActivityManagerService.setTaskDescription(ActivityManagerService.java:9358)
06-05 18:34:08.379 W/ActivityManager( 1629): 	at android.app.ActivityManagerNative.onTransact(ActivityManagerNative.java:2639)
06-05 18:34:08.379 W/ActivityManager( 1629): 	at com.android.server.am.ActivityManagerService.onTransact(ActivityManagerService.java:2757)
06-05 18:34:08.379 W/ActivityManager( 1629): 	at android.os.Binder.execTransact(Binder.java:565)
06-05 18:34:08.379 W/ActivityManager( 1629): Bad activity token: android.os.BinderProxy@5f71b35
06-05 18:34:08.379 W/ActivityManager( 1629): java.lang.ClassCastException: android.os.BinderProxy cannot be cast to com.android.server.am.ActivityRecord$Token
06-05 18:34:08.379 W/ActivityManager( 1629): 	at com.android.server.am.ActivityRecord.forTokenLocked(ActivityRecord.java:586)
06-05 18:34:08.379 W/ActivityManager( 1629): 	at com.android.server.am.ActivityRecord.isInStackLocked(ActivityRecord.java:1327)
06-05 18:34:08.379 W/ActivityManager( 1629): 	at com.android.server.am.ActivityRecord.getStackLocked(ActivityRecord.java:1332)
06-05 18:34:08.379 W/ActivityManager( 1629): 	at com.android.server.am.ActivityManagerService.getActivityStackId(ActivityManagerService.java:9817)
06-05 18:34:08.379 W/ActivityManager( 1629): 	at android.app.ActivityManagerNative.onTransact(ActivityManagerNative.java:2856)
06-05 18:34:08.379 W/ActivityManager( 1629): 	at com.android.server.am.ActivityManagerService.onTransact(ActivityManagerService.java:2757)
06-05 18:34:08.379 W/ActivityManager( 1629): 	at android.os.Binder.execTransact(Binder.java:565)
06-05 18:34:08.389 D/VehicleStatisticsActivity( 5171): Checking recalculation ...
06-05 18:34:08.390 D/VehicleStatisticsActivity( 5171): Recalculation not necessary.
06-05 18:34:08.404 W/ActivityManager( 1629): Bad activity token: android.os.BinderProxy@5f71b35
06-05 18:34:08.404 W/ActivityManager( 1629): java.lang.ClassCastException: android.os.BinderProxy cannot be cast to com.android.server.am.ActivityRecord$Token
06-05 18:34:08.404 W/ActivityManager( 1629): 	at com.android.server.am.ActivityRecord.forTokenLocked(ActivityRecord.java:586)
06-05 18:34:08.404 W/ActivityManager( 1629): 	at com.android.server.am.ActivityRecord.isInStackLocked(ActivityRecord.java:1327)
06-05 18:34:08.404 W/ActivityManager( 1629): 	at com.android.server.am.ActivityManagerService.getActivityOptions(ActivityManagerService.java:12559)
06-05 18:34:08.404 W/ActivityManager( 1629): 	at android.app.ActivityManagerNative.onTransact(ActivityManagerNative.java:1933)
06-05 18:34:08.404 W/ActivityManager( 1629): 	at com.android.server.am.ActivityManagerService.onTransact(ActivityManagerService.java:2757)
06-05 18:34:08.404 W/ActivityManager( 1629): 	at android.os.Binder.execTransact(Binder.java:565)
06-05 18:34:08.404 W/ActivityManager( 1629): Bad activity token: android.os.BinderProxy@5f71b35
06-05 18:34:08.404 W/ActivityManager( 1629): java.lang.ClassCastException: android.os.BinderProxy cannot be cast to com.android.server.am.ActivityRecord$Token
06-05 18:34:08.404 W/ActivityManager( 1629): 	at com.android.server.am.ActivityRecord.forTokenLocked(ActivityRecord.java:586)
06-05 18:34:08.404 W/ActivityManager( 1629): 	at com.android.server.am.ActivityRecord.isInStackLocked(ActivityRecord.java:1327)
06-05 18:34:08.404 W/ActivityManager( 1629): 	at com.android.server.am.ActivityManagerService.getActivityOptions(ActivityManagerService.java:12559)
06-05 18:34:08.404 W/ActivityManager( 1629): 	at android.app.ActivityManagerNative.onTransact(ActivityManagerNative.java:1933)
06-05 18:34:08.404 W/ActivityManager( 1629): 	at com.android.server.am.ActivityManagerService.onTransact(ActivityManagerService.java:2757)
06-05 18:34:08.404 W/ActivityManager( 1629): 	at android.os.Binder.execTransact(Binder.java:565)
06-05 18:34:08.406 D/VehicleStatisticsActivity( 5171): Checking recalculation ...
06-05 18:34:08.407 D/VehicleStatisticsActivity( 5171): Recalculation not necessary.
06-05 18:34:08.505 I/System.out( 5171): URI: //map
06-05 18:34:08.505 I/System.out( 5171): params: {json={"query":"android.widget.AbsListView index:0","operation":{"method_name":"query","arguments":[]}}
06-05 18:34:08.505 I/System.out( 5171): }
06-05 18:34:08.510 I/art     ( 5171): Do partial code cache collection, code=30KB, data=29KB
06-05 18:34:08.510 I/art     ( 5171): After code cache collection, code=29KB, data=28KB
06-05 18:34:08.510 I/art     ( 5171): Increasing code cache capacity to 128KB
06-05 18:34:08.520 I/System.out( 5171): URI: //map
06-05 18:34:08.520 I/System.out( 5171): params: {json={"query":"android.widget.AbsListView index:0","operation":{"method_name":"query","arguments":[]}}
06-05 18:34:08.520 I/System.out( 5171): }
06-05 18:34:08.535 I/System.out( 5171): URI: //map
06-05 18:34:08.535 I/System.out( 5171): params: {json={"query":"android.widget.AbsListView index:0","operation":{"method_name":"query","arguments":[]}}
06-05 18:34:08.535 I/System.out( 5171): }
06-05 18:34:08.549 I/System.out( 5171): URI: //map
06-05 18:34:08.549 I/System.out( 5171): params: {json={"query":"android.widget.AbsListView index:0","operation":{"method_name":"query","arguments":["getFirstVisiblePosition"]}}
06-05 18:34:08.549 I/System.out( 5171): }
06-05 18:34:08.563 I/System.out( 5171): URI: //map
06-05 18:34:08.563 I/System.out( 5171): params: {json={"query":"android.widget.AbsListView index:0","operation":{"method_name":"query","arguments":["getLastVisiblePosition"]}}
06-05 18:34:08.563 I/System.out( 5171): }
06-05 18:34:08.575 I/System.out( 5171): URI: //map
06-05 18:34:08.575 I/System.out( 5171): params: {json={"query":"android.widget.AbsListView index:0","operation":{"method_name":"query","arguments":[{"method_name":"setSelection","arguments":[26]}]}}
06-05 18:34:08.575 I/System.out( 5171): }
06-05 18:34:08.589 V/PhoneStatusBar( 1711): setLightsOn(true)
06-05 18:34:08.589 V/PhoneStatusBar( 1711): setLightsOn(true)
06-05 18:34:08.589 W/OpenGLRenderer( 2150): Incorrectly called buildLayer on View: ShortcutAndWidgetContainer, destroying layer...
06-05 18:34:08.600 I/System.out( 5171): URI: //map
06-05 18:34:08.600 I/System.out( 5171): params: {json={"query":"* {text CONTAINS[c] 'North'}","operation":{"method_name":"query","arguments":[]}}
06-05 18:34:08.600 I/System.out( 5171): }
06-05 18:34:08.605 I/WindowManager( 1629): Destroying surface Surface(name=com.android.launcher3/com.android.launcher3.Launcher) called by com.android.server.wm.WindowStateAnimator.destroySurface:2016 com.android.server.wm.WindowStateAnimator.destroySurfaceLocked:882 com.android.server.wm.WindowState.destroyOrSaveSurface:2100 com.android.server.wm.AppWindowToken.destroySurfaces:363 com.android.server.wm.AppWindowToken.notifyAppStopped:389 com.android.server.wm.WindowManagerService.notifyAppStopped:4463 com.android.server.am.ActivityStack.activityStoppedLocked:1252 com.android.server.am.ActivityManagerService.activityStopped:6903 
06-05 18:34:08.606 V/PhoneStatusBar( 1711): setLightsOn(true)
06-05 18:34:08.652 D/gralloc_ranchu( 1346): gralloc_alloc: Creating ashmem region of size 9023488
06-05 18:34:08.718 I/System.out( 5171): URI: //map
06-05 18:34:08.718 I/System.out( 5171): params: {json={"query":"* {text CONTAINS[c] 'South'}","operation":{"method_name":"query","arguments":[]}}
06-05 18:34:08.718 I/System.out( 5171): }
06-05 18:34:08.738 I/System.out( 5171): URI: //map
06-05 18:34:08.738 I/System.out( 5171): params: {json={"query":"* {text CONTAINS[c] 'East'}","operation":{"method_name":"query","arguments":[]}}
06-05 18:34:08.738 I/System.out( 5171): }
06-05 18:34:08.755 I/System.out( 5171): URI: //map
06-05 18:34:08.755 I/System.out( 5171): params: {json={"query":"* {text CONTAINS[c] 'West'}","operation":{"method_name":"query","arguments":[]}}
06-05 18:34:08.755 I/System.out( 5171): }
06-05 18:34:08.774 I/art     ( 5171): Do partial code cache collection, code=60KB, data=62KB
06-05 18:34:08.774 I/art     ( 5171): After code cache collection, code=60KB, data=62KB
06-05 18:34:08.774 I/art     ( 5171): Increasing code cache capacity to 256KB
