--------- beginning of main
06-06 03:15:36.933 D/AndroidRuntime( 2292): >>>>>> START com.android.internal.os.RuntimeInit uid 2000 <<<<<<
06-06 03:15:36.934 D/AndroidRuntime( 2292): CheckJNI is ON
06-06 03:15:36.945 W/art     ( 2292): Unexpected CPU variant for X86 using defaults: x86
06-06 03:15:36.946 W/OpenGLRenderer( 2078): Incorrectly called buildLayer on View: ShortcutAndWidgetContainer, destroying layer...
06-06 03:15:36.947 D/ICU     ( 2292): No timezone override file found: /data/misc/zoneinfo/current/icu/icu_tzdata.dat
06-06 03:15:36.956 E/memtrack( 2292): Couldn't load memtrack module (No such file or directory)
06-06 03:15:36.956 E/android.os.Debug( 2292): failed to load memtrack module: -2
06-06 03:15:36.957 I/Radio-JNI( 2292): register_android_hardware_Radio DONE
06-06 03:15:36.961 D/AndroidRuntime( 2292): Calling main entry com.android.commands.am.Am
--------- beginning of system
06-06 03:15:36.963 I/ActivityManager( 1630): Force stopping com.evancharlton.mileage appid=10422 user=0: start instr
06-06 03:15:36.966 I/art     ( 2309): Not late-enabling -Xcheck:jni (already on)
06-06 03:15:36.966 W/art     ( 2309): Unexpected CPU variant for X86 using defaults: x86
06-06 03:15:36.974 I/ActivityManager( 1630): Start proc 2309:com.evancharlton.mileage/u0a422 for added application com.evancharlton.mileage
06-06 03:15:36.974 D/AndroidRuntime( 2292): Shutting down VM
06-06 03:15:36.978 W/System  ( 2309): ClassLoader referenced unknown path: /data/app/com.evancharlton.mileage.test-1/lib/x86
06-06 03:15:36.978 W/System  ( 2309): ClassLoader referenced unknown path: /data/app/com.evancharlton.mileage-1/lib/x86
06-06 03:15:36.981 W/System  ( 2309): ClassLoader referenced unknown path: 
06-06 03:15:36.985 I/System.out( 2309): Main activity name automatically set to: com.evancharlton.mileage.Mileage
06-06 03:15:36.985 I/System.out( 2309): Calabash did not load Mono. This is only a problem if you are trying to test a Mono application
06-06 03:15:36.986 I/calabash( 2309): Test server port: 7102
06-06 03:15:36.986 I/InstrumentationBackend( 2309): Added:'GetPreferences', with key:'get_preferences'
06-06 03:15:36.990 I/InstrumentationBackend( 2309): Added:'SetPreferences', with key:'set_preferences'
06-06 03:15:36.991 I/InstrumentationBackend( 2309): Added:'ClearPreferences', with key:'clear_preferences'
06-06 03:15:36.991 I/InstrumentationBackend( 2309): Added:'PressElement', with key:'press_l10n_element'
06-06 03:15:36.991 I/InstrumentationBackend( 2309): Added:'WaitForElement', with key:'wait_for_l10n_element'
06-06 03:15:36.991 I/InstrumentationBackend( 2309): Added:'NullAction', with key:'nullAction'
06-06 03:15:36.991 I/InstrumentationBackend( 2309): Added:'PressKey', with key:'press_key'
06-06 03:15:36.991 I/InstrumentationBackend( 2309): Added:'SetActivityOrientation', with key:'set_activity_orientation'
06-06 03:15:36.991 I/InstrumentationBackend( 2309): Added:'GetActivityOrientation', with key:'get_activity_orientation'
06-06 03:15:36.991 I/InstrumentationBackend( 2309): Added:'FakeGPSLocation', with key:'set_gps_coordinates'
06-06 03:15:36.991 I/InstrumentationBackend( 2309): Added:'SetPropertyByCssSelector', with key:'set_property_by_css_selector'
06-06 03:15:36.991 I/InstrumentationBackend( 2309): Added:'GetUrl', with key:'get_url'
06-06 03:15:36.991 I/InstrumentationBackend( 2309): Added:'ScrollTo', with key:'scroll_to'
06-06 03:15:36.991 I/InstrumentationBackend( 2309): Added:'GetLoadProgress', with key:'get_load_progress'
06-06 03:15:36.991 I/InstrumentationBackend( 2309): Added:'DumpHtml', with key:'dump_html'
06-06 03:15:36.991 I/InstrumentationBackend( 2309): Added:'DumpBodyHtml', with key:'dump_body_html'
06-06 03:15:36.991 I/InstrumentationBackend( 2309): Added:'EnterTextByCssSelector', with key:'enter_text_by_selector'
06-06 03:15:36.992 I/InstrumentationBackend( 2309): Added:'AndroidSDKVersion', with key:'android_sdk_version'
06-06 03:15:36.992 I/InstrumentationBackend( 2309): Added:'Version', with key:'version'
06-06 03:15:36.992 I/InstrumentationBackend( 2309): Added:'Drag', with key:'drag'
06-06 03:15:36.992 I/InstrumentationBackend( 2309): Added:'TouchCoordinates', with key:'touch_coordinate'
06-06 03:15:36.992 I/InstrumentationBackend( 2309): Added:'LongPressCoordinate', with key:'long_press_coordinate'
06-06 03:15:36.992 I/InstrumentationBackend( 2309): Added:'DragCoordinates', with key:'drag_coordinates'
06-06 03:15:36.993 I/InstrumentationBackend( 2309): Added:'ResumeApplication', with key:'resume_application'
06-06 03:15:36.993 I/InstrumentationBackend( 2309): Added:'Swipe', with key:'swipe'
06-06 03:15:36.993 I/InstrumentationBackend( 2309): Added:'DoubleTapCoordinate', with key:'double_tap_coordinate'
06-06 03:15:36.993 I/InstrumentationBackend( 2309): Added:'ClickOnScreen', with key:'click_on_screen'
06-06 03:15:36.993 I/InstrumentationBackend( 2309): Added:'GetActivityName', with key:'get_activity_name'
06-06 03:15:36.993 I/InstrumentationBackend( 2309): Added:'ScrollToView', with key:'scroll_to_view'
06-06 03:15:36.993 I/InstrumentationBackend( 2309): Added:'ViewConfiguration', with key:'view_configuration'
06-06 03:15:36.993 I/InstrumentationBackend( 2309): Added:'IsCurrentActivityFocused', with key:'is_current_activity_focused'
06-06 03:15:36.993 I/InstrumentationBackend( 2309): Added:'SendTcp', with key:'send_tcp'
06-06 03:15:36.993 I/InstrumentationBackend( 2309): Added:'DpToDevicePixel', with key:'dp_to_device_pixel'
06-06 03:15:36.993 I/InstrumentationBackend( 2309): Added:'KeyboardEnterText', with key:'keyboard_enter_text'
06-06 03:15:36.993 I/InstrumentationBackend( 2309): Added:'DeleteSurroundingText', with key:'delete_surrounding_text'
06-06 03:15:36.993 I/InstrumentationBackend( 2309): Added:'SetComposingRegion', with key:'set_composing_region'
06-06 03:15:36.994 I/InstrumentationBackend( 2309): Added:'SetSelection', with key:'set_selection'
06-06 03:15:36.994 I/InstrumentationBackend( 2309): Added:'KeyboardKeyEvent', with key:'keyboard_key_event'
06-06 03:15:36.994 I/InstrumentationBackend( 2309): Added:'PressUserActionButton', with key:'press_user_action_button'
06-06 03:15:36.994 I/InstrumentationBackend( 2309): Added:'HideSoftKeyboard', with key:'hide_soft_keyboard'
06-06 03:15:36.994 I/InstrumentationBackend( 2309): Added:'ListActions', with key:'list_actions'
06-06 03:15:36.994 I/calabash( 2309): Instantiating http server at 7102
06-06 03:15:36.995 I/System.out( 2309): HTTP Daemon listening on: 7102
06-06 03:15:37.083 I/System.out( 2309): URI: //ping
06-06 03:15:37.083 I/System.out( 2309): params: {json={}
06-06 03:15:37.083 I/System.out( 2309): }
06-06 03:15:37.085 I/System.out( 2309): URI: //ping
06-06 03:15:37.085 I/System.out( 2309): params: {json={}
06-06 03:15:37.085 I/System.out( 2309): }
06-06 03:15:37.087 I/System.out( 2309): URI: //ready
06-06 03:15:37.087 I/System.out( 2309): params: {json={}
06-06 03:15:37.087 I/System.out( 2309): }
06-06 03:15:37.089 I/System.out( 2309): URI: //
06-06 03:15:37.089 I/System.out( 2309): params: {json={"command":"version","arguments":[]}
06-06 03:15:37.089 I/System.out( 2309): }
06-06 03:15:37.089 I/System.out( 2309): header: {content-type=application/json;charset=utf-8, date=Sat, 06 Jun 2020 08:15:37 GMT, accept=*/*, host=127.0.0.1:34777, content-length=36, user-agent=HTTPClient/1.0 (2.8.3, ruby 2.5.1 (2018-03-29))}
06-06 03:15:37.089 I/System.out( 2309): params: {json={"command":"version","arguments":[]}
06-06 03:15:37.089 I/System.out( 2309): }
06-06 03:15:37.089 I/System.out( 2309): ProP json = {"command":"version","arguments":[]}
06-06 03:15:37.089 I/System.out( 2309): files: {}
06-06 03:15:37.089 I/System.out( 2309): command: {"command":"version","arguments":[]}
06-06 03:15:37.092 I/InstrumentationBackend( 2309): Got command:'Command:'Line:null,version', arguments:'[]'
06-06 03:15:37.098 I/System.out( 2309): result:{"bonusInformation":[],"message":"0.9.8","success":true}
06-06 03:15:37.100 I/System.out( 2309): URI: //start-application
06-06 03:15:37.100 I/System.out( 2309): params: {json={"intent":null}
06-06 03:15:37.100 I/System.out( 2309): }
06-06 03:15:37.108 I/ActivityManager( 1630): START u0 {act=android.intent.action.MAIN cat=[android.intent.category.LAUNCHER] flg=0x10200000 cmp=com.evancharlton.mileage/.Mileage} from uid 10422 on display 0
06-06 03:15:37.112 I/calabash( 2309): newActivity1
06-06 03:15:37.120 I/calabash( 2309): newActivity1
06-06 03:15:37.121 W/ActivityManager( 1630): Bad activity token: android.os.BinderProxy@a9ce7a7
06-06 03:15:37.121 W/ActivityManager( 1630): java.lang.ClassCastException: android.os.BinderProxy cannot be cast to com.android.server.am.ActivityRecord$Token
06-06 03:15:37.121 W/ActivityManager( 1630): 	at com.android.server.am.ActivityRecord.forTokenLocked(ActivityRecord.java:586)
06-06 03:15:37.121 W/ActivityManager( 1630): 	at com.android.server.am.ActivityRecord.isInStackLocked(ActivityRecord.java:1327)
06-06 03:15:37.121 W/ActivityManager( 1630): 	at com.android.server.am.ActivityRecord.getStackLocked(ActivityRecord.java:1332)
06-06 03:15:37.121 W/ActivityManager( 1630): 	at com.android.server.am.ActivityManagerService.getActivityDisplayId(ActivityManagerService.java:9806)
06-06 03:15:37.121 W/ActivityManager( 1630): 	at android.app.ActivityManagerNative.onTransact(ActivityManagerNative.java:2566)
06-06 03:15:37.121 W/ActivityManager( 1630): 	at com.android.server.am.ActivityManagerService.onTransact(ActivityManagerService.java:2757)
06-06 03:15:37.121 W/ActivityManager( 1630): 	at android.os.Binder.execTransact(Binder.java:565)
06-06 03:15:37.122 W/ActivityManager( 1630): Bad activity token: android.os.BinderProxy@a9ce7a7
06-06 03:15:37.122 W/ActivityManager( 1630): java.lang.ClassCastException: android.os.BinderProxy cannot be cast to com.android.server.am.ActivityRecord$Token
06-06 03:15:37.122 W/ActivityManager( 1630): 	at com.android.server.am.ActivityRecord.forTokenLocked(ActivityRecord.java:586)
06-06 03:15:37.122 W/ActivityManager( 1630): 	at com.android.server.am.ActivityRecord.isInStackLocked(ActivityRecord.java:1327)
06-06 03:15:37.122 W/ActivityManager( 1630): 	at com.android.server.am.ActivityManagerService.setTaskDescription(ActivityManagerService.java:9358)
06-06 03:15:37.122 W/ActivityManager( 1630): 	at android.app.ActivityManagerNative.onTransact(ActivityManagerNative.java:2639)
06-06 03:15:37.122 W/ActivityManager( 1630): 	at com.android.server.am.ActivityManagerService.onTransact(ActivityManagerService.java:2757)
06-06 03:15:37.122 W/ActivityManager( 1630): 	at android.os.Binder.execTransact(Binder.java:565)
06-06 03:15:37.122 W/ActivityManager( 1630): Bad activity token: android.os.BinderProxy@a9ce7a7
06-06 03:15:37.122 W/ActivityManager( 1630): java.lang.ClassCastException: android.os.BinderProxy cannot be cast to com.android.server.am.ActivityRecord$Token
06-06 03:15:37.122 W/ActivityManager( 1630): 	at com.android.server.am.ActivityRecord.forTokenLocked(ActivityRecord.java:586)
06-06 03:15:37.122 W/ActivityManager( 1630): 	at com.android.server.am.ActivityRecord.isInStackLocked(ActivityRecord.java:1327)
06-06 03:15:37.122 W/ActivityManager( 1630): 	at com.android.server.am.ActivityRecord.getStackLocked(ActivityRecord.java:1332)
06-06 03:15:37.122 W/ActivityManager( 1630): 	at com.android.server.am.ActivityManagerService.getActivityStackId(ActivityManagerService.java:9817)
06-06 03:15:37.122 W/ActivityManager( 1630): 	at android.app.ActivityManagerNative.onTransact(ActivityManagerNative.java:2856)
06-06 03:15:37.122 W/ActivityManager( 1630): 	at com.android.server.am.ActivityManagerService.onTransact(ActivityManagerService.java:2757)
06-06 03:15:37.122 W/ActivityManager( 1630): 	at android.os.Binder.execTransact(Binder.java:565)
06-06 03:15:37.132 D/gralloc_ranchu( 1347): gralloc_alloc: Creating ashmem region of size 9023488
06-06 03:15:37.140 W/ActivityManager( 1630): Bad activity token: android.os.BinderProxy@a9ce7a7
06-06 03:15:37.140 W/ActivityManager( 1630): java.lang.ClassCastException: android.os.BinderProxy cannot be cast to com.android.server.am.ActivityRecord$Token
06-06 03:15:37.140 W/ActivityManager( 1630): 	at com.android.server.am.ActivityRecord.forTokenLocked(ActivityRecord.java:586)
06-06 03:15:37.140 W/ActivityManager( 1630): 	at com.android.server.am.ActivityRecord.isInStackLocked(ActivityRecord.java:1327)
06-06 03:15:37.140 W/ActivityManager( 1630): 	at com.android.server.am.ActivityManagerService.getActivityOptions(ActivityManagerService.java:12559)
06-06 03:15:37.140 W/ActivityManager( 1630): 	at android.app.ActivityManagerNative.onTransact(ActivityManagerNative.java:1933)
06-06 03:15:37.140 W/ActivityManager( 1630): 	at com.android.server.am.ActivityManagerService.onTransact(ActivityManagerService.java:2757)
06-06 03:15:37.140 W/ActivityManager( 1630): 	at android.os.Binder.execTransact(Binder.java:565)
06-06 03:15:37.140 W/ActivityManager( 1630): Bad activity token: android.os.BinderProxy@a9ce7a7
06-06 03:15:37.140 W/ActivityManager( 1630): java.lang.ClassCastException: android.os.BinderProxy cannot be cast to com.android.server.am.ActivityRecord$Token
06-06 03:15:37.140 W/ActivityManager( 1630): 	at com.android.server.am.ActivityRecord.forTokenLocked(ActivityRecord.java:586)
06-06 03:15:37.140 W/ActivityManager( 1630): 	at com.android.server.am.ActivityRecord.isInStackLocked(ActivityRecord.java:1327)
06-06 03:15:37.140 W/ActivityManager( 1630): 	at com.android.server.am.ActivityManagerService.getActivityOptions(ActivityManagerService.java:12559)
06-06 03:15:37.140 W/ActivityManager( 1630): 	at android.app.ActivityManagerNative.onTransact(ActivityManagerNative.java:1933)
06-06 03:15:37.140 W/ActivityManager( 1630): 	at com.android.server.am.ActivityManagerService.onTransact(ActivityManagerService.java:2757)
06-06 03:15:37.140 W/ActivityManager( 1630): 	at android.os.Binder.execTransact(Binder.java:565)
06-06 03:15:37.157 V/PhoneStatusBar( 1711): setLightsOn(true)
06-06 03:15:37.164 D/EGL_emulation( 2078): eglMakeCurrent: 0x9852d440: ver 2 0 (tinfo 0xa3d30310)
06-06 03:15:37.166 D/EGL_emulation( 1711): eglMakeCurrent: 0xa7985720: ver 2 0 (tinfo 0xa7983770)
06-06 03:15:37.180 D/gralloc_ranchu( 1347): gralloc_alloc: Creating ashmem region of size 9023488
06-06 03:15:37.180 D/EGL_emulation( 1711): eglMakeCurrent: 0xa7985720: ver 2 0 (tinfo 0xa7983770)
06-06 03:15:37.184 D/        ( 2309): HostConnection::get() New Host Connection established 0x9a2b84c0, tid 2309
06-06 03:15:37.185 D/EGL_emulation( 1711): eglMakeCurrent: 0xa7985720: ver 2 0 (tinfo 0xa7983770)
06-06 03:15:37.185 V/PhoneStatusBar( 1711): setLightsOn(true)
06-06 03:15:37.216 D/EGL_emulation( 1711): eglMakeCurrent: 0xa7985720: ver 2 0 (tinfo 0xa7983770)
06-06 03:15:37.218 D/EGL_emulation( 1711): eglMakeCurrent: 0xa7985720: ver 2 0 (tinfo 0xa7983770)
06-06 03:15:37.219 D/EGL_emulation( 1711): eglMakeCurrent: 0xa7985720: ver 2 0 (tinfo 0xa7983770)
06-06 03:15:37.232 D/EGL_emulation( 1711): eglMakeCurrent: 0xa7985720: ver 2 0 (tinfo 0xa7983770)
06-06 03:15:37.239 D/EGL_emulation( 1711): eglMakeCurrent: 0xa7985720: ver 2 0 (tinfo 0xa7983770)
06-06 03:15:37.248 D/gralloc_ranchu( 1347): gralloc_alloc: Creating ashmem region of size 9023488
06-06 03:15:37.254 D/EGL_emulation( 1711): eglMakeCurrent: 0xa7985720: ver 2 0 (tinfo 0xa7983770)
06-06 03:15:37.272 D/EGL_emulation( 1711): eglMakeCurrent: 0xa7985720: ver 2 0 (tinfo 0xa7983770)
06-06 03:15:37.280 I/ActivityManager( 1630): Displayed com.evancharlton.mileage/.Mileage: +170ms
06-06 03:15:37.288 D/EGL_emulation( 1711): eglMakeCurrent: 0xa7985720: ver 2 0 (tinfo 0xa7983770)
06-06 03:15:37.288 V/PhoneStatusBar( 1711): setLightsOn(true)
06-06 03:15:37.290 D/EGL_emulation( 1711): eglMakeCurrent: 0xa7985720: ver 2 0 (tinfo 0xa7983770)
06-06 03:15:37.294 D/EGL_emulation( 1711): eglMakeCurrent: 0xa7985720: ver 2 0 (tinfo 0xa7983770)
06-06 03:15:37.301 D/EGL_emulation( 1711): eglMakeCurrent: 0xa7985720: ver 2 0 (tinfo 0xa7983770)
06-06 03:15:37.308 D/EGL_emulation( 1711): eglMakeCurrent: 0xa7985720: ver 2 0 (tinfo 0xa7983770)
06-06 03:15:37.308 V/PhoneStatusBar( 1711): setLightsOn(true)
06-06 03:15:37.314 D/EGL_emulation( 1711): eglMakeCurrent: 0xa7985720: ver 2 0 (tinfo 0xa7983770)
06-06 03:15:37.315 I/System.out( 2309): URI: //map
06-06 03:15:37.315 I/System.out( 2309): params: {json={"query":"* marked:'Statistics'","operation":{"method_name":"query","arguments":[]}}
06-06 03:15:37.315 I/System.out( 2309): }
06-06 03:15:37.316 D/EGL_emulation( 1711): eglMakeCurrent: 0xa7985720: ver 2 0 (tinfo 0xa7983770)
06-06 03:15:37.326 W/ResourceType( 2309): No package identifier when getting name for resource number 0x00000001
06-06 03:15:37.330 D/EGL_emulation( 1711): eglMakeCurrent: 0xa7985720: ver 2 0 (tinfo 0xa7983770)
06-06 03:15:37.332 D/EGL_emulation( 1711): eglMakeCurrent: 0xa7985720: ver 2 0 (tinfo 0xa7983770)
06-06 03:15:37.340 I/System.out( 2309): URI: //gesture
06-06 03:15:37.340 I/System.out( 2309): params: {json={"query_timeout":5.0,"gestures":[{"query_string":"* marked:'Statistics'","touches":[{"x":50,"y":50,"offset_x":0,"offset_y":0,"wait":0.0,"time":0.2,"release":true,"query_string":null}]}]}
06-06 03:15:37.340 I/System.out( 2309): }
06-06 03:15:37.344 W/ResourceType( 2309): No package identifier when getting name for resource number 0x00000001
06-06 03:15:37.347 D/EGL_emulation( 1711): eglMakeCurrent: 0xa7985720: ver 2 0 (tinfo 0xa7983770)
06-06 03:15:37.348 D/EGL_emulation( 1711): eglMakeCurrent: 0xa7985720: ver 2 0 (tinfo 0xa7983770)
06-06 03:15:37.364 D/EGL_emulation( 1711): eglMakeCurrent: 0xa7985720: ver 2 0 (tinfo 0xa7983770)
06-06 03:15:37.372 D/EGL_emulation( 1711): eglMakeCurrent: 0xa7985720: ver 2 0 (tinfo 0xa7983770)
06-06 03:15:37.382 D/EGL_emulation( 1711): eglMakeCurrent: 0xa7985720: ver 2 0 (tinfo 0xa7983770)
06-06 03:15:37.481 I/WindowManager( 1630): Destroying surface Surface(name=Starting com.evancharlton.mileage) called by com.android.server.wm.WindowStateAnimator.destroySurface:2016 com.android.server.wm.WindowStateAnimator.destroySurfaceLocked:882 com.android.server.wm.WindowState.destroyOrSaveSurface:2100 com.android.server.wm.AppWindowToken.destroySurfaces:363 com.android.server.wm.WindowStateAnimator.finishExit:565 com.android.server.wm.WindowStateAnimator.stepAnimationLocked:491 com.android.server.wm.WindowAnimator.updateWindowsLocked:303 com.android.server.wm.WindowAnimator.animateLocked:704 
06-06 03:15:37.485 V/PhoneStatusBar( 1711): setLightsOn(true)
06-06 03:15:37.489 V/PhoneStatusBar( 1711): setLightsOn(true)
06-06 03:15:37.570 I/calabash( 2309): newActivity1
06-06 03:15:37.590 I/System.out( 2309): URI: //map
06-06 03:15:37.590 I/System.out( 2309): params: {json={"query":"* marked:'Minimum cost'","operation":{"method_name":"query","arguments":[]}}
06-06 03:15:37.590 I/System.out( 2309): }
06-06 03:15:37.595 W/ActivityManager( 1630): Bad activity token: android.os.BinderProxy@4f9726d
06-06 03:15:37.595 W/ActivityManager( 1630): java.lang.ClassCastException: android.os.BinderProxy cannot be cast to com.android.server.am.ActivityRecord$Token
06-06 03:15:37.595 W/ActivityManager( 1630): 	at com.android.server.am.ActivityRecord.forTokenLocked(ActivityRecord.java:586)
06-06 03:15:37.595 W/ActivityManager( 1630): 	at com.android.server.am.ActivityRecord.isInStackLocked(ActivityRecord.java:1327)
06-06 03:15:37.595 W/ActivityManager( 1630): 	at com.android.server.am.ActivityRecord.getStackLocked(ActivityRecord.java:1332)
06-06 03:15:37.595 W/ActivityManager( 1630): 	at com.android.server.am.ActivityManagerService.getActivityDisplayId(ActivityManagerService.java:9806)
06-06 03:15:37.595 W/ActivityManager( 1630): 	at android.app.ActivityManagerNative.onTransact(ActivityManagerNative.java:2566)
06-06 03:15:37.595 W/ActivityManager( 1630): 	at com.android.server.am.ActivityManagerService.onTransact(ActivityManagerService.java:2757)
06-06 03:15:37.595 W/ActivityManager( 1630): 	at android.os.Binder.execTransact(Binder.java:565)
06-06 03:15:37.597 V/PhoneStatusBar( 1711): setLightsOn(true)
06-06 03:15:37.598 W/ActivityManager( 1630): Bad activity token: android.os.BinderProxy@4f9726d
06-06 03:15:37.598 W/ActivityManager( 1630): java.lang.ClassCastException: android.os.BinderProxy cannot be cast to com.android.server.am.ActivityRecord$Token
06-06 03:15:37.598 W/ActivityManager( 1630): 	at com.android.server.am.ActivityRecord.forTokenLocked(ActivityRecord.java:586)
06-06 03:15:37.598 W/ActivityManager( 1630): 	at com.android.server.am.ActivityRecord.isInStackLocked(ActivityRecord.java:1327)
06-06 03:15:37.598 W/ActivityManager( 1630): 	at com.android.server.am.ActivityManagerService.setTaskDescription(ActivityManagerService.java:9358)
06-06 03:15:37.598 W/ActivityManager( 1630): 	at android.app.ActivityManagerNative.onTransact(ActivityManagerNative.java:2639)
06-06 03:15:37.598 W/ActivityManager( 1630): 	at com.android.server.am.ActivityManagerService.onTransact(ActivityManagerService.java:2757)
06-06 03:15:37.598 W/ActivityManager( 1630): 	at android.os.Binder.execTransact(Binder.java:565)
06-06 03:15:37.598 W/ActivityManager( 1630): Bad activity token: android.os.BinderProxy@4f9726d
06-06 03:15:37.598 W/ActivityManager( 1630): java.lang.ClassCastException: android.os.BinderProxy cannot be cast to com.android.server.am.ActivityRecord$Token
06-06 03:15:37.598 W/ActivityManager( 1630): 	at com.android.server.am.ActivityRecord.forTokenLocked(ActivityRecord.java:586)
06-06 03:15:37.598 W/ActivityManager( 1630): 	at com.android.server.am.ActivityRecord.isInStackLocked(ActivityRecord.java:1327)
06-06 03:15:37.598 W/ActivityManager( 1630): 	at com.android.server.am.ActivityRecord.getStackLocked(ActivityRecord.java:1332)
06-06 03:15:37.598 W/ActivityManager( 1630): 	at com.android.server.am.ActivityManagerService.getActivityStackId(ActivityManagerService.java:9817)
06-06 03:15:37.598 W/ActivityManager( 1630): 	at android.app.ActivityManagerNative.onTransact(ActivityManagerNative.java:2856)
06-06 03:15:37.598 W/ActivityManager( 1630): 	at com.android.server.am.ActivityManagerService.onTransact(ActivityManagerService.java:2757)
06-06 03:15:37.598 W/ActivityManager( 1630): 	at android.os.Binder.execTransact(Binder.java:565)
06-06 03:15:37.604 D/VehicleStatisticsActivity( 2309): Checking recalculation ...
06-06 03:15:37.605 D/VehicleStatisticsActivity( 2309): Recalculating statistics
06-06 03:15:37.605 D/VehicleStatisticsTask( 2309): Calculation starting...
06-06 03:15:37.605 D/VehicleStatisticsActivity( 2309): Recalculation started!
06-06 03:15:37.606 W/ResourceType( 2309): No package identifier when getting value for resource number 0x00000000
06-06 03:15:37.606 D/AndroidRuntime( 2309): Shutting down VM
--------- beginning of crash
06-06 03:15:37.606 E/AndroidRuntime( 2309): FATAL EXCEPTION: main
06-06 03:15:37.606 E/AndroidRuntime( 2309): Process: com.evancharlton.mileage, PID: 2309
06-06 03:15:37.606 E/AndroidRuntime( 2309): java.lang.RuntimeException: Unable to start activity ComponentInfo{com.evancharlton.mileage/com.evancharlton.mileage.VehicleStatisticsActivity}: android.content.res.Resources$NotFoundException: String resource ID #0x0
06-06 03:15:37.606 E/AndroidRuntime( 2309): 	at android.app.ActivityThread.performLaunchActivity(ActivityThread.java:2646)
06-06 03:15:37.606 E/AndroidRuntime( 2309): 	at android.app.ActivityThread.startActivityNow(ActivityThread.java:2446)
06-06 03:15:37.606 E/AndroidRuntime( 2309): 	at android.app.LocalActivityManager.moveToState(LocalActivityManager.java:136)
06-06 03:15:37.606 E/AndroidRuntime( 2309): 	at android.app.LocalActivityManager.startActivity(LocalActivityManager.java:348)
06-06 03:15:37.606 E/AndroidRuntime( 2309): 	at android.widget.TabHost$IntentContentStrategy.getContentView(TabHost.java:724)
06-06 03:15:37.606 E/AndroidRuntime( 2309): 	at android.widget.TabHost.setCurrentTab(TabHost.java:388)
06-06 03:15:37.606 E/AndroidRuntime( 2309): 	at android.widget.TabHost$2.onTabSelectionChanged(TabHost.java:158)
06-06 03:15:37.606 E/AndroidRuntime( 2309): 	at android.widget.TabWidget$TabClickListener.onClick(TabWidget.java:532)
06-06 03:15:37.606 E/AndroidRuntime( 2309): 	at android.view.View.performClick(View.java:5610)
06-06 03:15:37.606 E/AndroidRuntime( 2309): 	at android.view.View$PerformClick.run(View.java:22265)
06-06 03:15:37.606 E/AndroidRuntime( 2309): 	at android.os.Handler.handleCallback(Handler.java:751)
06-06 03:15:37.606 E/AndroidRuntime( 2309): 	at android.os.Handler.dispatchMessage(Handler.java:95)
06-06 03:15:37.606 E/AndroidRuntime( 2309): 	at android.os.Looper.loop(Looper.java:154)
06-06 03:15:37.606 E/AndroidRuntime( 2309): 	at android.app.ActivityThread.main(ActivityThread.java:6077)
06-06 03:15:37.606 E/AndroidRuntime( 2309): 	at java.lang.reflect.Method.invoke(Native Method)
06-06 03:15:37.606 E/AndroidRuntime( 2309): 	at com.android.internal.os.ZygoteInit$MethodAndArgsCaller.run(ZygoteInit.java:866)
06-06 03:15:37.606 E/AndroidRuntime( 2309): 	at com.android.internal.os.ZygoteInit.main(ZygoteInit.java:756)
06-06 03:15:37.606 E/AndroidRuntime( 2309): Caused by: android.content.res.Resources$NotFoundException: String resource ID #0x0
06-06 03:15:37.606 E/AndroidRuntime( 2309): 	at android.content.res.Resources.getText(Resources.java:331)
06-06 03:15:37.606 E/AndroidRuntime( 2309): 	at android.content.res.Resources.getString(Resources.java:377)
06-06 03:15:37.606 E/AndroidRuntime( 2309): 	at android.content.Context.getString(Context.java:476)
06-06 03:15:37.606 E/AndroidRuntime( 2309): 	at com.evancharlton.mileage.adapters.VehicleStatisticsAdapter$StatisticHolder.<init>(VehicleStatisticsAdapter.java:209)
06-06 03:15:37.606 E/AndroidRuntime( 2309): 	at com.evancharlton.mileage.adapters.VehicleStatisticsAdapter.<init>(VehicleStatisticsAdapter.java:48)
06-06 03:15:37.606 E/AndroidRuntime( 2309): 	at com.evancharlton.mileage.VehicleStatisticsActivity.setAdapter(VehicleStatisticsActivity.java:197)
06-06 03:15:37.606 E/AndroidRuntime( 2309): 	at com.evancharlton.mileage.VehicleStatisticsActivity.recalculate(VehicleStatisticsActivity.java:175)
06-06 03:15:37.606 E/AndroidRuntime( 2309): 	at com.evancharlton.mileage.VehicleStatisticsActivity.onCreate(VehicleStatisticsActivity.java:131)
06-06 03:15:37.606 E/AndroidRuntime( 2309): 	at android.app.Activity.performCreate(Activity.java:6662)
06-06 03:15:37.606 E/AndroidRuntime( 2309): 	at android.app.Instrumentation.callActivityOnCreate(Instrumentation.java:1118)
06-06 03:15:37.606 E/AndroidRuntime( 2309): 	at android.app.ActivityThread.performLaunchActivity(ActivityThread.java:2599)
06-06 03:15:37.606 E/AndroidRuntime( 2309): 	... 16 more
06-06 03:15:37.607 I/Process ( 2309): Sending signal. PID: 2309 SIG: 9
06-06 03:15:37.609 W/InputDispatcher( 1630): channel 'cfb39ec com.evancharlton.mileage/com.evancharlton.mileage.Mileage (server)' ~ Consumer closed input channel or an error occurred.  events=0x9
06-06 03:15:37.609 E/InputDispatcher( 1630): channel 'cfb39ec com.evancharlton.mileage/com.evancharlton.mileage.Mileage (server)' ~ Channel is unrecoverably broken and will be disposed!
06-06 03:15:37.610 I/WindowManager( 1630): WIN DEATH: Window{cfb39ec u0 com.evancharlton.mileage/com.evancharlton.mileage.Mileage}
06-06 03:15:37.610 W/InputDispatcher( 1630): Attempted to unregister already unregistered input channel 'cfb39ec com.evancharlton.mileage/com.evancharlton.mileage.Mileage (server)'
06-06 03:15:37.610 I/ActivityManager( 1630): Process com.evancharlton.mileage (pid 2309) has died
06-06 03:15:37.610 D/ActivityManager( 1630): cleanUpApplicationRecord -- 2309
06-06 03:15:37.610 I/WindowManager( 1630): Destroying surface Surface(name=com.evancharlton.mileage/com.evancharlton.mileage.Mileage) called by com.android.server.wm.WindowStateAnimator.destroySurface:2016 com.android.server.wm.WindowStateAnimator.destroySurfaceLocked:882 com.android.server.wm.WindowState.removeLocked:1456 com.android.server.wm.WindowManagerService.removeWindowInnerLocked:2484 com.android.server.wm.WindowManagerService.removeWindowLocked:2442 com.android.server.wm.WindowState$DeathRecipient.binderDied:1787 android.os.BinderProxy.sendDeathNotice:688 <bottom of call stack> 
06-06 03:15:37.610 W/ActivityManager( 1630): Scheduling restart of crashed service com.evancharlton.mileage/.services.AutomaticBackupService in 1000ms
06-06 03:15:37.610 W/ActivityManager( 1630): Force removing ActivityRecord{b0be9bc u0 com.evancharlton.mileage/.Mileage t12665}: app died, no saved state
06-06 03:15:37.613 W/ActivityManager( 1630): Crash of app com.evancharlton.mileage running instrumentation ComponentInfo{com.evancharlton.mileage.test/sh.calaba.instrumentationbackend.CalabashInstrumentationTestRunner}
06-06 03:15:37.613 I/ActivityManager( 1630): Force stopping com.evancharlton.mileage appid=10422 user=0: finished inst
06-06 03:15:37.613 I/ActivityManager( 1630):   Force stopping service ServiceRecord{f47c869 u0 com.evancharlton.mileage/.services.AutomaticBackupService}
06-06 03:15:37.617 V/PhoneStatusBar( 1711): setLightsOn(true)
06-06 03:15:37.651 D/EGL_emulation( 2078): eglMakeCurrent: 0x9852d440: ver 2 0 (tinfo 0xa3d30310)
06-06 03:15:37.664 D/EGL_emulation( 1711): eglMakeCurrent: 0xa7985720: ver 2 0 (tinfo 0xa7983770)
06-06 03:15:37.680 D/EGL_emulation( 1711): eglMakeCurrent: 0xa7985720: ver 2 0 (tinfo 0xa7983770)
06-06 03:15:37.683 D/EGL_emulation( 1711): eglMakeCurrent: 0xa7985720: ver 2 0 (tinfo 0xa7983770)
06-06 03:15:37.697 D/EGL_emulation( 1711): eglMakeCurrent: 0xa7985720: ver 2 0 (tinfo 0xa7983770)
06-06 03:15:37.698 D/EGL_emulation( 1711): eglMakeCurrent: 0xa7985720: ver 2 0 (tinfo 0xa7983770)
06-06 03:15:37.699 E/SurfaceFlinger( 1347): ro.sf.lcd_density must be defined as a build property
06-06 03:15:37.700 D/gralloc_ranchu( 1347): gralloc_alloc: Creating ashmem region of size 9592832
06-06 03:15:37.704 D/        ( 2351): HostConnection::get() New Host Connection established 0xa741b2c0, tid 2351
06-06 03:15:37.707 E/EGL_emulation( 1347): tid 1347: eglCreateSyncKHR(1901): error 0x3004 (EGL_BAD_ATTRIBUTE)
06-06 03:15:37.733 D/EGL_emulation( 1711): eglMakeCurrent: 0xa7985720: ver 2 0 (tinfo 0xa7983770)
06-06 03:15:37.736 D/EGL_emulation( 1711): eglMakeCurrent: 0xa7985720: ver 2 0 (tinfo 0xa7983770)
06-06 03:15:37.738 D/EGL_emulation( 1711): eglMakeCurrent: 0xa7985720: ver 2 0 (tinfo 0xa7983770)
06-06 03:15:37.740 D/EGL_emulation( 1711): eglMakeCurrent: 0xa7985720: ver 2 0 (tinfo 0xa7983770)
06-06 03:15:37.747 D/EGL_emulation( 1711): eglMakeCurrent: 0xa7985720: ver 2 0 (tinfo 0xa7983770)
06-06 03:15:37.748 D/EGL_emulation( 1711): eglMakeCurrent: 0xa7985720: ver 2 0 (tinfo 0xa7983770)
06-06 03:15:37.764 D/EGL_emulation( 1711): eglMakeCurrent: 0xa7985720: ver 2 0 (tinfo 0xa7983770)
06-06 03:15:37.765 D/EGL_emulation( 1711): eglMakeCurrent: 0xa7985720: ver 2 0 (tinfo 0xa7983770)
06-06 03:15:37.780 D/EGL_emulation( 1711): eglMakeCurrent: 0xa7985720: ver 2 0 (tinfo 0xa7983770)
06-06 03:15:37.782 D/EGL_emulation( 1711): eglMakeCurrent: 0xa7985720: ver 2 0 (tinfo 0xa7983770)
06-06 03:15:37.797 D/EGL_emulation( 1711): eglMakeCurrent: 0xa7985720: ver 2 0 (tinfo 0xa7983770)
06-06 03:15:37.798 D/EGL_emulation( 1711): eglMakeCurrent: 0xa7985720: ver 2 0 (tinfo 0xa7983770)
06-06 03:15:37.815 D/EGL_emulation( 1711): eglMakeCurrent: 0xa7985720: ver 2 0 (tinfo 0xa7983770)
06-06 03:15:37.816 D/EGL_emulation( 1711): eglMakeCurrent: 0xa7985720: ver 2 0 (tinfo 0xa7983770)
06-06 03:15:37.830 D/EGL_emulation( 1711): eglMakeCurrent: 0xa7985720: ver 2 0 (tinfo 0xa7983770)
06-06 03:15:37.832 D/EGL_emulation( 1711): eglMakeCurrent: 0xa7985720: ver 2 0 (tinfo 0xa7983770)
06-06 03:15:37.863 D/EGL_emulation( 1711): eglMakeCurrent: 0xa7985720: ver 2 0 (tinfo 0xa7983770)
