--------- beginning of system
06-05 15:50:41.658 W/ActivityManager( 1630): Finishing task with all activities already finished
06-05 15:50:41.658 W/ActivityManager( 1630): Duplicate finish request for ActivityRecord{d5b78f0 u0 com.evancharlton.mileage/.Mileage t318 f}
--------- beginning of main
06-05 15:50:41.659 V/PhoneStatusBar( 1712): setLightsOn(true)
06-05 15:50:41.676 D/gralloc_ranchu( 1346): gralloc_alloc: Creating ashmem region of size 3145728
06-05 15:50:41.680 E/EGL_emulation( 1346): tid 1346: eglCreateSyncKHR(1901): error 0x3004 (EGL_BAD_ATTRIBUTE)
06-05 15:50:41.693 W/ActivityManager( 1630): Finishing task with all activities already finished
06-05 15:50:41.693 W/ActivityManager( 1630): Duplicate finish request for ActivityRecord{d5b78f0 u0 com.evancharlton.mileage/.Mileage t318 f}
06-05 15:50:41.694 W/ActivityManager( 1630): Finishing task with all activities already finished
06-05 15:50:41.694 W/ActivityManager( 1630): Duplicate finish request for ActivityRecord{d5b78f0 u0 com.evancharlton.mileage/.Mileage t318 f}
06-05 15:50:41.694 W/ActivityManager( 1630): Finishing task with all activities already finished
06-05 15:50:41.694 W/ActivityManager( 1630): Duplicate finish request for ActivityRecord{d5b78f0 u0 com.evancharlton.mileage/.Mileage t318 f}
06-05 15:50:41.694 W/ActivityManager( 1630): Finishing task with all activities already finished
06-05 15:50:41.694 W/ActivityManager( 1630): Duplicate finish request for ActivityRecord{d5b78f0 u0 com.evancharlton.mileage/.Mileage t318 f}
06-05 15:50:41.694 W/ActivityManager( 1630): Finishing task with all activities already finished
06-05 15:50:41.694 W/ActivityManager( 1630): Duplicate finish request for ActivityRecord{c47515a u0 com.evancharlton.mileage/.VehicleActivity t318 f}
06-05 15:50:41.694 W/ActivityManager( 1630): Finishing task with all activities already finished
06-05 15:50:41.694 W/ActivityManager( 1630): Duplicate finish request for ActivityRecord{c47515a u0 com.evancharlton.mileage/.VehicleActivity t318 f}
06-05 15:50:41.694 W/ActivityManager( 1630): Finishing task with all activities already finished
06-05 15:50:41.694 W/ActivityManager( 1630): Duplicate finish request for ActivityRecord{d5b78f0 u0 com.evancharlton.mileage/.Mileage t318 f}
06-05 15:50:41.694 W/ActivityManager( 1630): Finishing task with all activities already finished
06-05 15:50:41.694 W/ActivityManager( 1630): Duplicate finish request for ActivityRecord{d5b78f0 u0 com.evancharlton.mileage/.Mileage t318 f}
06-05 15:50:41.744 D/EGL_emulation( 2099): eglMakeCurrent: 0xb4085240: ver 2 0 (tinfo 0xb40832d0)
06-05 15:50:41.745 D/EGL_emulation( 1712): eglMakeCurrent: 0xb4085540: ver 2 0 (tinfo 0xb4083740)
06-05 15:50:41.755 D/AndroidRuntime(19280): >>>>>> START com.android.internal.os.RuntimeInit uid 2000 <<<<<<
06-05 15:50:41.756 D/AndroidRuntime(19280): CheckJNI is ON
06-05 15:50:41.759 D/EGL_emulation( 1712): eglMakeCurrent: 0xb4085540: ver 2 0 (tinfo 0xb4083740)
06-05 15:50:41.768 W/art     (19280): Unexpected CPU variant for X86 using defaults: x86
06-05 15:50:41.769 D/ICU     (19280): No timezone override file found: /data/misc/zoneinfo/current/icu/icu_tzdata.dat
06-05 15:50:41.776 E/memtrack(19280): Couldn't load memtrack module (No such file or directory)
06-05 15:50:41.776 E/android.os.Debug(19280): failed to load memtrack module: -2
06-05 15:50:41.777 D/EGL_emulation( 1712): eglMakeCurrent: 0xb4085540: ver 2 0 (tinfo 0xb4083740)
06-05 15:50:41.777 I/Radio-JNI(19280): register_android_hardware_Radio DONE
06-05 15:50:41.781 D/AndroidRuntime(19280): Calling main entry com.android.commands.am.Am
06-05 15:50:41.782 I/ActivityManager( 1630): Force stopping com.evancharlton.mileage appid=10086 user=0: start instr
06-05 15:50:41.782 I/ActivityManager( 1630): Killing 19224:com.evancharlton.mileage/u0a86 (adj 0): stop com.evancharlton.mileage
06-05 15:50:41.782 D/ActivityManager( 1630): cleanUpApplicationRecord -- 19224
06-05 15:50:41.782 W/ActivityManager( 1630): Crash of app com.evancharlton.mileage running instrumentation ComponentInfo{com.evancharlton.mileage.test/sh.calaba.instrumentationbackend.CalabashInstrumentationTestRunner}
06-05 15:50:41.782 I/ActivityManager( 1630): Force stopping com.evancharlton.mileage appid=10086 user=0: finished inst
06-05 15:50:41.785 I/art     (19291): Not late-enabling -Xcheck:jni (already on)
06-05 15:50:41.785 W/art     (19291): Unexpected CPU variant for X86 using defaults: x86
06-05 15:50:41.793 D/EGL_emulation( 1712): eglMakeCurrent: 0xb4085540: ver 2 0 (tinfo 0xb4083740)
06-05 15:50:41.793 I/ActivityManager( 1630): Start proc 19291:com.evancharlton.mileage/u0a86 for added application com.evancharlton.mileage
06-05 15:50:41.793 D/AndroidRuntime(19280): Shutting down VM
06-05 15:50:41.795 D/EGL_emulation( 1712): eglMakeCurrent: 0xb4085540: ver 2 0 (tinfo 0xb4083740)
06-05 15:50:41.798 W/System  (19291): ClassLoader referenced unknown path: /data/app/com.evancharlton.mileage.test-1/lib/x86
06-05 15:50:41.798 W/System  (19291): ClassLoader referenced unknown path: /data/app/com.evancharlton.mileage-1/lib/x86
06-05 15:50:41.799 W/System  (19291): ClassLoader referenced unknown path: 
06-05 15:50:41.803 I/System.out(19291): Main activity name automatically set to: com.evancharlton.mileage.Mileage
06-05 15:50:41.803 I/System.out(19291): Calabash did not load Mono. This is only a problem if you are trying to test a Mono application
06-05 15:50:41.803 I/calabash(19291): Test server port: 7102
06-05 15:50:41.804 I/InstrumentationBackend(19291): Added:'GetPreferences', with key:'get_preferences'
06-05 15:50:41.807 I/InstrumentationBackend(19291): Added:'SetPreferences', with key:'set_preferences'
06-05 15:50:41.807 I/InstrumentationBackend(19291): Added:'ClearPreferences', with key:'clear_preferences'
06-05 15:50:41.807 I/InstrumentationBackend(19291): Added:'PressElement', with key:'press_l10n_element'
06-05 15:50:41.807 I/InstrumentationBackend(19291): Added:'WaitForElement', with key:'wait_for_l10n_element'
06-05 15:50:41.807 I/InstrumentationBackend(19291): Added:'NullAction', with key:'nullAction'
06-05 15:50:41.807 I/InstrumentationBackend(19291): Added:'PressKey', with key:'press_key'
06-05 15:50:41.807 I/InstrumentationBackend(19291): Added:'SetActivityOrientation', with key:'set_activity_orientation'
06-05 15:50:41.807 I/InstrumentationBackend(19291): Added:'GetActivityOrientation', with key:'get_activity_orientation'
06-05 15:50:41.807 I/InstrumentationBackend(19291): Added:'FakeGPSLocation', with key:'set_gps_coordinates'
06-05 15:50:41.807 I/InstrumentationBackend(19291): Added:'SetPropertyByCssSelector', with key:'set_property_by_css_selector'
06-05 15:50:41.807 I/InstrumentationBackend(19291): Added:'GetUrl', with key:'get_url'
06-05 15:50:41.808 I/InstrumentationBackend(19291): Added:'ScrollTo', with key:'scroll_to'
06-05 15:50:41.808 I/InstrumentationBackend(19291): Added:'GetLoadProgress', with key:'get_load_progress'
06-05 15:50:41.808 I/InstrumentationBackend(19291): Added:'DumpHtml', with key:'dump_html'
06-05 15:50:41.808 I/InstrumentationBackend(19291): Added:'DumpBodyHtml', with key:'dump_body_html'
06-05 15:50:41.808 I/InstrumentationBackend(19291): Added:'EnterTextByCssSelector', with key:'enter_text_by_selector'
06-05 15:50:41.808 I/InstrumentationBackend(19291): Added:'AndroidSDKVersion', with key:'android_sdk_version'
06-05 15:50:41.808 I/InstrumentationBackend(19291): Added:'Version', with key:'version'
06-05 15:50:41.808 I/InstrumentationBackend(19291): Added:'Drag', with key:'drag'
06-05 15:50:41.808 I/InstrumentationBackend(19291): Added:'TouchCoordinates', with key:'touch_coordinate'
06-05 15:50:41.808 I/InstrumentationBackend(19291): Added:'LongPressCoordinate', with key:'long_press_coordinate'
06-05 15:50:41.808 I/InstrumentationBackend(19291): Added:'DragCoordinates', with key:'drag_coordinates'
06-05 15:50:41.808 I/InstrumentationBackend(19291): Added:'ResumeApplication', with key:'resume_application'
06-05 15:50:41.808 I/InstrumentationBackend(19291): Added:'Swipe', with key:'swipe'
06-05 15:50:41.808 I/InstrumentationBackend(19291): Added:'DoubleTapCoordinate', with key:'double_tap_coordinate'
06-05 15:50:41.808 I/InstrumentationBackend(19291): Added:'ClickOnScreen', with key:'click_on_screen'
06-05 15:50:41.808 I/InstrumentationBackend(19291): Added:'GetActivityName', with key:'get_activity_name'
06-05 15:50:41.808 I/InstrumentationBackend(19291): Added:'ScrollToView', with key:'scroll_to_view'
06-05 15:50:41.808 I/InstrumentationBackend(19291): Added:'ViewConfiguration', with key:'view_configuration'
06-05 15:50:41.809 I/InstrumentationBackend(19291): Added:'IsCurrentActivityFocused', with key:'is_current_activity_focused'
06-05 15:50:41.809 I/InstrumentationBackend(19291): Added:'SendTcp', with key:'send_tcp'
06-05 15:50:41.809 I/InstrumentationBackend(19291): Added:'DpToDevicePixel', with key:'dp_to_device_pixel'
06-05 15:50:41.809 I/InstrumentationBackend(19291): Added:'KeyboardEnterText', with key:'keyboard_enter_text'
06-05 15:50:41.809 I/InstrumentationBackend(19291): Added:'DeleteSurroundingText', with key:'delete_surrounding_text'
06-05 15:50:41.809 I/InstrumentationBackend(19291): Added:'SetComposingRegion', with key:'set_composing_region'
06-05 15:50:41.809 I/InstrumentationBackend(19291): Added:'SetSelection', with key:'set_selection'
06-05 15:50:41.809 I/InstrumentationBackend(19291): Added:'KeyboardKeyEvent', with key:'keyboard_key_event'
06-05 15:50:41.809 I/InstrumentationBackend(19291): Added:'PressUserActionButton', with key:'press_user_action_button'
06-05 15:50:41.809 I/InstrumentationBackend(19291): Added:'HideSoftKeyboard', with key:'hide_soft_keyboard'
06-05 15:50:41.809 I/InstrumentationBackend(19291): Added:'ListActions', with key:'list_actions'
06-05 15:50:41.809 I/calabash(19291): Instantiating http server at 7102
06-05 15:50:41.810 D/EGL_emulation( 1712): eglMakeCurrent: 0xb4085540: ver 2 0 (tinfo 0xb4083740)
06-05 15:50:41.810 I/System.out(19291): HTTP Daemon listening on: 7102
06-05 15:50:41.811 D/EGL_emulation( 1712): eglMakeCurrent: 0xb4085540: ver 2 0 (tinfo 0xb4083740)
06-05 15:50:41.826 D/EGL_emulation( 1712): eglMakeCurrent: 0xb4085540: ver 2 0 (tinfo 0xb4083740)
06-05 15:50:41.828 D/EGL_emulation( 1712): eglMakeCurrent: 0xb4085540: ver 2 0 (tinfo 0xb4083740)
06-05 15:50:41.843 W/InputDispatcher( 1630): channel '65547f com.evancharlton.mileage/com.evancharlton.mileage.Mileage (server)' ~ Consumer closed input channel or an error occurred.  events=0x9
06-05 15:50:41.843 E/InputDispatcher( 1630): channel '65547f com.evancharlton.mileage/com.evancharlton.mileage.Mileage (server)' ~ Channel is unrecoverably broken and will be disposed!
06-05 15:50:41.843 W/InputDispatcher( 1630): channel 'c992926 com.evancharlton.mileage/com.evancharlton.mileage.VehicleActivity (server)' ~ Consumer closed input channel or an error occurred.  events=0x9
06-05 15:50:41.843 E/InputDispatcher( 1630): channel 'c992926 com.evancharlton.mileage/com.evancharlton.mileage.VehicleActivity (server)' ~ Channel is unrecoverably broken and will be disposed!
06-05 15:50:41.843 I/WindowManager( 1630): WIN DEATH: Window{65547f u0 com.evancharlton.mileage/com.evancharlton.mileage.Mileage EXITING}
06-05 15:50:41.843 W/InputDispatcher( 1630): Attempted to unregister already unregistered input channel '65547f com.evancharlton.mileage/com.evancharlton.mileage.Mileage (server)'
06-05 15:50:41.844 I/WindowManager( 1630): WIN DEATH: Window{c992926 u0 com.evancharlton.mileage/com.evancharlton.mileage.VehicleActivity}
06-05 15:50:41.844 W/InputDispatcher( 1630): Attempted to unregister already unregistered input channel 'c992926 com.evancharlton.mileage/com.evancharlton.mileage.VehicleActivity (server)'
06-05 15:50:41.844 I/WindowManager( 1630): Destroying surface Surface(name=com.evancharlton.mileage/com.evancharlton.mileage.VehicleActivity) called by com.android.server.wm.WindowStateAnimator.destroySurface:2016 com.android.server.wm.WindowStateAnimator.destroySurfaceLocked:882 com.android.server.wm.WindowState.removeLocked:1456 com.android.server.wm.WindowManagerService.removeWindowInnerLocked:2484 com.android.server.wm.WindowManagerService.removeWindowLocked:2442 com.android.server.wm.WindowState$DeathRecipient.binderDied:1787 android.os.BinderProxy.sendDeathNotice:688 <bottom of call stack> 
06-05 15:50:41.852 D/EGL_emulation( 1712): eglMakeCurrent: 0xb4085540: ver 2 0 (tinfo 0xb4083740)
06-05 15:50:41.856 D/EGL_emulation( 1712): eglMakeCurrent: 0xb4085540: ver 2 0 (tinfo 0xb4083740)
06-05 15:50:41.859 D/EGL_emulation( 1712): eglMakeCurrent: 0xb4085540: ver 2 0 (tinfo 0xb4083740)
06-05 15:50:41.861 D/EGL_emulation( 1712): eglMakeCurrent: 0xb4085540: ver 2 0 (tinfo 0xb4083740)
06-05 15:50:41.876 D/EGL_emulation( 1712): eglMakeCurrent: 0xb4085540: ver 2 0 (tinfo 0xb4083740)
06-05 15:50:41.878 D/EGL_emulation( 1712): eglMakeCurrent: 0xb4085540: ver 2 0 (tinfo 0xb4083740)
06-05 15:50:41.893 D/EGL_emulation( 1712): eglMakeCurrent: 0xb4085540: ver 2 0 (tinfo 0xb4083740)
06-05 15:50:41.895 D/EGL_emulation( 1712): eglMakeCurrent: 0xb4085540: ver 2 0 (tinfo 0xb4083740)
06-05 15:50:41.902 I/System.out(19291): URI: //ping
06-05 15:50:41.902 I/System.out(19291): params: {json={}
06-05 15:50:41.902 I/System.out(19291): }
06-05 15:50:41.904 I/System.out(19291): URI: //ping
06-05 15:50:41.904 I/System.out(19291): params: {json={}
06-05 15:50:41.904 I/System.out(19291): }
06-05 15:50:41.905 I/System.out(19291): URI: //ready
06-05 15:50:41.905 I/System.out(19291): params: {json={}
06-05 15:50:41.905 I/System.out(19291): }
06-05 15:50:41.907 I/System.out(19291): URI: //
06-05 15:50:41.907 I/System.out(19291): params: {json={"command":"version","arguments":[]}
06-05 15:50:41.907 I/System.out(19291): }
06-05 15:50:41.907 I/System.out(19291): header: {content-type=application/json;charset=utf-8, date=Fri, 05 Jun 2020 20:50:42 GMT, accept=*/*, host=127.0.0.1:34784, content-length=36, user-agent=HTTPClient/1.0 (2.8.3, ruby 2.5.1 (2018-03-29))}
06-05 15:50:41.907 I/System.out(19291): params: {json={"command":"version","arguments":[]}
06-05 15:50:41.907 I/System.out(19291): }
06-05 15:50:41.907 I/System.out(19291): ProP json = {"command":"version","arguments":[]}
06-05 15:50:41.907 I/System.out(19291): files: {}
06-05 15:50:41.907 I/System.out(19291): command: {"command":"version","arguments":[]}
06-05 15:50:41.910 D/EGL_emulation( 1712): eglMakeCurrent: 0xb4085540: ver 2 0 (tinfo 0xb4083740)
06-05 15:50:41.910 I/InstrumentationBackend(19291): Got command:'Command:'Line:null,version', arguments:'[]'
06-05 15:50:41.911 D/EGL_emulation( 1712): eglMakeCurrent: 0xb4085540: ver 2 0 (tinfo 0xb4083740)
06-05 15:50:41.916 I/System.out(19291): result:{"bonusInformation":[],"message":"0.9.8","success":true}
06-05 15:50:41.918 I/System.out(19291): URI: //start-application
06-05 15:50:41.918 I/System.out(19291): params: {json={"intent":null}
06-05 15:50:41.918 I/System.out(19291): }
06-05 15:50:41.926 D/EGL_emulation( 1712): eglMakeCurrent: 0xb4085540: ver 2 0 (tinfo 0xb4083740)
06-05 15:50:41.928 I/ActivityManager( 1630): START u0 {act=android.intent.action.MAIN cat=[android.intent.category.LAUNCHER] flg=0x10200000 cmp=com.evancharlton.mileage/.Mileage} from uid 10086 on display 0
06-05 15:50:41.928 D/EGL_emulation( 1712): eglMakeCurrent: 0xb4085540: ver 2 0 (tinfo 0xb4083740)
06-05 15:50:41.934 I/calabash(19291): newActivity1
06-05 15:50:41.942 I/calabash(19291): newActivity1
06-05 15:50:41.944 W/ActivityManager( 1630): Bad activity token: android.os.BinderProxy@40f112
06-05 15:50:41.944 W/ActivityManager( 1630): java.lang.ClassCastException: android.os.BinderProxy cannot be cast to com.android.server.am.ActivityRecord$Token
06-05 15:50:41.944 W/ActivityManager( 1630): 	at com.android.server.am.ActivityRecord.forTokenLocked(ActivityRecord.java:586)
06-05 15:50:41.944 W/ActivityManager( 1630): 	at com.android.server.am.ActivityRecord.isInStackLocked(ActivityRecord.java:1327)
06-05 15:50:41.944 W/ActivityManager( 1630): 	at com.android.server.am.ActivityRecord.getStackLocked(ActivityRecord.java:1332)
06-05 15:50:41.944 W/ActivityManager( 1630): 	at com.android.server.am.ActivityManagerService.getActivityDisplayId(ActivityManagerService.java:9806)
06-05 15:50:41.944 W/ActivityManager( 1630): 	at android.app.ActivityManagerNative.onTransact(ActivityManagerNative.java:2566)
06-05 15:50:41.944 W/ActivityManager( 1630): 	at com.android.server.am.ActivityManagerService.onTransact(ActivityManagerService.java:2757)
06-05 15:50:41.944 W/ActivityManager( 1630): 	at android.os.Binder.execTransact(Binder.java:565)
06-05 15:50:41.945 W/ActivityManager( 1630): Bad activity token: android.os.BinderProxy@40f112
06-05 15:50:41.945 W/ActivityManager( 1630): java.lang.ClassCastException: android.os.BinderProxy cannot be cast to com.android.server.am.ActivityRecord$Token
06-05 15:50:41.945 W/ActivityManager( 1630): 	at com.android.server.am.ActivityRecord.forTokenLocked(ActivityRecord.java:586)
06-05 15:50:41.945 W/ActivityManager( 1630): 	at com.android.server.am.ActivityRecord.isInStackLocked(ActivityRecord.java:1327)
06-05 15:50:41.945 W/ActivityManager( 1630): 	at com.android.server.am.ActivityManagerService.setTaskDescription(ActivityManagerService.java:9358)
06-05 15:50:41.945 W/ActivityManager( 1630): 	at android.app.ActivityManagerNative.onTransact(ActivityManagerNative.java:2639)
06-05 15:50:41.945 W/ActivityManager( 1630): 	at com.android.server.am.ActivityManagerService.onTransact(ActivityManagerService.java:2757)
06-05 15:50:41.945 W/ActivityManager( 1630): 	at android.os.Binder.execTransact(Binder.java:565)
06-05 15:50:41.945 D/EGL_emulation( 1712): eglMakeCurrent: 0xb4085540: ver 2 0 (tinfo 0xb4083740)
06-05 15:50:41.945 W/ActivityManager( 1630): Bad activity token: android.os.BinderProxy@40f112
06-05 15:50:41.945 W/ActivityManager( 1630): java.lang.ClassCastException: android.os.BinderProxy cannot be cast to com.android.server.am.ActivityRecord$Token
06-05 15:50:41.945 W/ActivityManager( 1630): 	at com.android.server.am.ActivityRecord.forTokenLocked(ActivityRecord.java:586)
06-05 15:50:41.945 W/ActivityManager( 1630): 	at com.android.server.am.ActivityRecord.isInStackLocked(ActivityRecord.java:1327)
06-05 15:50:41.945 W/ActivityManager( 1630): 	at com.android.server.am.ActivityRecord.getStackLocked(ActivityRecord.java:1332)
06-05 15:50:41.945 W/ActivityManager( 1630): 	at com.android.server.am.ActivityManagerService.getActivityStackId(ActivityManagerService.java:9817)
06-05 15:50:41.945 W/ActivityManager( 1630): 	at android.app.ActivityManagerNative.onTransact(ActivityManagerNative.java:2856)
06-05 15:50:41.945 W/ActivityManager( 1630): 	at com.android.server.am.ActivityManagerService.onTransact(ActivityManagerService.java:2757)
06-05 15:50:41.945 W/ActivityManager( 1630): 	at android.os.Binder.execTransact(Binder.java:565)
06-05 15:50:41.960 D/gralloc_ranchu( 1346): gralloc_alloc: Creating ashmem region of size 9023488
06-05 15:50:41.960 D/EGL_emulation( 1712): eglMakeCurrent: 0xb4085540: ver 2 0 (tinfo 0xb4083740)
06-05 15:50:41.964 W/ActivityManager( 1630): Bad activity token: android.os.BinderProxy@40f112
06-05 15:50:41.964 W/ActivityManager( 1630): java.lang.ClassCastException: android.os.BinderProxy cannot be cast to com.android.server.am.ActivityRecord$Token
06-05 15:50:41.964 W/ActivityManager( 1630): 	at com.android.server.am.ActivityRecord.forTokenLocked(ActivityRecord.java:586)
06-05 15:50:41.964 W/ActivityManager( 1630): 	at com.android.server.am.ActivityRecord.isInStackLocked(ActivityRecord.java:1327)
06-05 15:50:41.964 W/ActivityManager( 1630): 	at com.android.server.am.ActivityManagerService.getActivityOptions(ActivityManagerService.java:12559)
06-05 15:50:41.964 W/ActivityManager( 1630): 	at android.app.ActivityManagerNative.onTransact(ActivityManagerNative.java:1933)
06-05 15:50:41.964 W/ActivityManager( 1630): 	at com.android.server.am.ActivityManagerService.onTransact(ActivityManagerService.java:2757)
06-05 15:50:41.964 W/ActivityManager( 1630): 	at android.os.Binder.execTransact(Binder.java:565)
06-05 15:50:41.964 W/ActivityManager( 1630): Bad activity token: android.os.BinderProxy@40f112
06-05 15:50:41.964 W/ActivityManager( 1630): java.lang.ClassCastException: android.os.BinderProxy cannot be cast to com.android.server.am.ActivityRecord$Token
06-05 15:50:41.964 W/ActivityManager( 1630): 	at com.android.server.am.ActivityRecord.forTokenLocked(ActivityRecord.java:586)
06-05 15:50:41.964 W/ActivityManager( 1630): 	at com.android.server.am.ActivityRecord.isInStackLocked(ActivityRecord.java:1327)
06-05 15:50:41.964 W/ActivityManager( 1630): 	at com.android.server.am.ActivityManagerService.getActivityOptions(ActivityManagerService.java:12559)
06-05 15:50:41.964 W/ActivityManager( 1630): 	at android.app.ActivityManagerNative.onTransact(ActivityManagerNative.java:1933)
06-05 15:50:41.964 W/ActivityManager( 1630): 	at com.android.server.am.ActivityManagerService.onTransact(ActivityManagerService.java:2757)
06-05 15:50:41.964 W/ActivityManager( 1630): 	at android.os.Binder.execTransact(Binder.java:565)
06-05 15:50:41.976 D/EGL_emulation( 1712): eglMakeCurrent: 0xb4085540: ver 2 0 (tinfo 0xb4083740)
06-05 15:50:41.979 D/EGL_emulation( 1712): eglMakeCurrent: 0xb4085540: ver 2 0 (tinfo 0xb4083740)
06-05 15:50:41.980 D/EGL_emulation( 1712): eglMakeCurrent: 0xb4085540: ver 2 0 (tinfo 0xb4083740)
06-05 15:50:41.982 V/PhoneStatusBar( 1712): setLightsOn(true)
06-05 15:50:41.993 D/EGL_emulation( 1712): eglMakeCurrent: 0xb4085540: ver 2 0 (tinfo 0xb4083740)
06-05 15:50:41.994 D/EGL_emulation( 1712): eglMakeCurrent: 0xb4085540: ver 2 0 (tinfo 0xb4083740)
06-05 15:50:41.995 V/PhoneStatusBar( 1712): setLightsOn(true)
06-05 15:50:41.995 D/gralloc_ranchu( 1346): gralloc_alloc: Creating ashmem region of size 9023488
06-05 15:50:41.996 V/PhoneStatusBar( 1712): setLightsOn(true)
06-05 15:50:42.000 D/        (19291): HostConnection::get() New Host Connection established 0xa4c7c440, tid 19291
06-05 15:50:42.027 D/EGL_emulation( 2099): eglMakeCurrent: 0xb4085240: ver 2 0 (tinfo 0xb40832d0)
06-05 15:50:42.031 D/EGL_emulation( 1712): eglMakeCurrent: 0xb4085540: ver 2 0 (tinfo 0xb4083740)
06-05 15:50:42.033 D/EGL_emulation( 1712): eglMakeCurrent: 0xb4085540: ver 2 0 (tinfo 0xb4083740)
06-05 15:50:42.042 I/ActivityManager( 1630): Displayed com.evancharlton.mileage/.Mileage: +109ms
06-05 15:50:42.042 D/gralloc_ranchu( 1346): gralloc_alloc: Creating ashmem region of size 9023488
06-05 15:50:42.043 D/EGL_emulation( 1712): eglMakeCurrent: 0xb4085540: ver 2 0 (tinfo 0xb4083740)
06-05 15:50:42.056 D/EGL_emulation( 1712): eglMakeCurrent: 0xb4085540: ver 2 0 (tinfo 0xb4083740)
06-05 15:50:42.059 D/EGL_emulation( 1712): eglMakeCurrent: 0xb4085540: ver 2 0 (tinfo 0xb4083740)
06-05 15:50:42.061 V/PhoneStatusBar( 1712): setLightsOn(true)
06-05 15:50:42.067 D/EGL_emulation( 1712): eglMakeCurrent: 0xb4085540: ver 2 0 (tinfo 0xb4083740)
06-05 15:50:42.079 D/EGL_emulation( 1712): eglMakeCurrent: 0xb4085540: ver 2 0 (tinfo 0xb4083740)
06-05 15:50:42.080 D/EGL_emulation( 1712): eglMakeCurrent: 0xb4085540: ver 2 0 (tinfo 0xb4083740)
06-05 15:50:42.085 I/System.out(19291): URI: //map
06-05 15:50:42.085 I/System.out(19291): params: {json={"query":"* marked:'Vehicles'","operation":{"method_name":"query","arguments":[]}}
06-05 15:50:42.085 I/System.out(19291): }
06-05 15:50:42.093 D/EGL_emulation( 1712): eglMakeCurrent: 0xb4085540: ver 2 0 (tinfo 0xb4083740)
06-05 15:50:42.095 D/EGL_emulation( 1712): eglMakeCurrent: 0xb4085540: ver 2 0 (tinfo 0xb4083740)
06-05 15:50:42.097 W/ResourceType(19291): No package identifier when getting name for resource number 0x00000001
06-05 15:50:42.109 D/EGL_emulation( 1712): eglMakeCurrent: 0xb4085540: ver 2 0 (tinfo 0xb4083740)
06-05 15:50:42.111 I/System.out(19291): URI: //gesture
06-05 15:50:42.111 I/System.out(19291): params: {json={"query_timeout":5.0,"gestures":[{"query_string":"* marked:'Vehicles'","touches":[{"x":50,"y":50,"offset_x":0,"offset_y":0,"wait":0.0,"time":0.2,"release":true,"query_string":null}]}]}
06-05 15:50:42.111 I/System.out(19291): }
06-05 15:50:42.111 D/EGL_emulation( 1712): eglMakeCurrent: 0xb4085540: ver 2 0 (tinfo 0xb4083740)
06-05 15:50:42.115 W/ResourceType(19291): No package identifier when getting name for resource number 0x00000001
06-05 15:50:42.126 D/EGL_emulation( 1712): eglMakeCurrent: 0xb4085540: ver 2 0 (tinfo 0xb4083740)
06-05 15:50:42.133 D/EGL_emulation( 1712): eglMakeCurrent: 0xb4085540: ver 2 0 (tinfo 0xb4083740)
06-05 15:50:42.143 D/EGL_emulation( 1712): eglMakeCurrent: 0xb4085540: ver 2 0 (tinfo 0xb4083740)
06-05 15:50:42.148 D/EGL_emulation( 1712): eglMakeCurrent: 0xb4085540: ver 2 0 (tinfo 0xb4083740)
06-05 15:50:42.160 D/EGL_emulation( 1712): eglMakeCurrent: 0xb4085540: ver 2 0 (tinfo 0xb4083740)
06-05 15:50:42.161 D/EGL_emulation( 1712): eglMakeCurrent: 0xb4085540: ver 2 0 (tinfo 0xb4083740)
06-05 15:50:42.176 I/WindowManager( 1630): Destroying surface Surface(name=com.evancharlton.mileage/com.evancharlton.mileage.Mileage) called by com.android.server.wm.WindowStateAnimator.destroySurface:2016 com.android.server.wm.WindowStateAnimator.destroySurfaceLocked:882 com.android.server.wm.WindowState.removeLocked:1456 com.android.server.wm.WindowManagerService.removeWindowInnerLocked:2484 com.android.server.wm.AppWindowToken.destroySurfaces:365 com.android.server.wm.WindowStateAnimator.finishExit:565 com.android.server.wm.AppWindowAnimator.stepAnimationLocked:427 com.android.server.wm.WindowAnimator.updateAppWindowsLocked:196 
06-05 15:50:42.176 D/EGL_emulation( 1712): eglMakeCurrent: 0xb4085540: ver 2 0 (tinfo 0xb4083740)
06-05 15:50:42.177 D/EGL_emulation( 1712): eglMakeCurrent: 0xb4085540: ver 2 0 (tinfo 0xb4083740)
06-05 15:50:42.193 D/EGL_emulation( 1712): eglMakeCurrent: 0xb4085540: ver 2 0 (tinfo 0xb4083740)
06-05 15:50:42.194 V/PhoneStatusBar( 1712): setLightsOn(true)
06-05 15:50:42.195 D/EGL_emulation( 1712): eglMakeCurrent: 0xb4085540: ver 2 0 (tinfo 0xb4083740)
06-05 15:50:42.210 D/EGL_emulation( 1712): eglMakeCurrent: 0xb4085540: ver 2 0 (tinfo 0xb4083740)
06-05 15:50:42.212 D/EGL_emulation( 1712): eglMakeCurrent: 0xb4085540: ver 2 0 (tinfo 0xb4083740)
06-05 15:50:42.226 I/WindowManager( 1630): Destroying surface Surface(name=Starting com.evancharlton.mileage) called by com.android.server.wm.WindowStateAnimator.destroySurface:2016 com.android.server.wm.WindowStateAnimator.destroySurfaceLocked:882 com.android.server.wm.WindowState.destroyOrSaveSurface:2100 com.android.server.wm.AppWindowToken.destroySurfaces:363 com.android.server.wm.WindowStateAnimator.finishExit:565 com.android.server.wm.WindowStateAnimator.stepAnimationLocked:491 com.android.server.wm.WindowAnimator.updateWindowsLocked:303 com.android.server.wm.WindowAnimator.animateLocked:704 
06-05 15:50:42.232 V/PhoneStatusBar( 1712): setLightsOn(true)
06-05 15:50:42.235 V/PhoneStatusBar( 1712): setLightsOn(true)
06-05 15:50:42.345 I/calabash(19291): newActivity1
06-05 15:50:42.346 W/ActivityManager( 1630): Bad activity token: android.os.BinderProxy@273ac10
06-05 15:50:42.346 W/ActivityManager( 1630): java.lang.ClassCastException: android.os.BinderProxy cannot be cast to com.android.server.am.ActivityRecord$Token
06-05 15:50:42.346 W/ActivityManager( 1630): 	at com.android.server.am.ActivityRecord.forTokenLocked(ActivityRecord.java:586)
06-05 15:50:42.346 W/ActivityManager( 1630): 	at com.android.server.am.ActivityRecord.isInStackLocked(ActivityRecord.java:1327)
06-05 15:50:42.346 W/ActivityManager( 1630): 	at com.android.server.am.ActivityRecord.getStackLocked(ActivityRecord.java:1332)
06-05 15:50:42.346 W/ActivityManager( 1630): 	at com.android.server.am.ActivityManagerService.getActivityDisplayId(ActivityManagerService.java:9806)
06-05 15:50:42.346 W/ActivityManager( 1630): 	at android.app.ActivityManagerNative.onTransact(ActivityManagerNative.java:2566)
06-05 15:50:42.346 W/ActivityManager( 1630): 	at com.android.server.am.ActivityManagerService.onTransact(ActivityManagerService.java:2757)
06-05 15:50:42.346 W/ActivityManager( 1630): 	at android.os.Binder.execTransact(Binder.java:565)
06-05 15:50:42.347 W/ActivityManager( 1630): Bad activity token: android.os.BinderProxy@273ac10
06-05 15:50:42.347 W/ActivityManager( 1630): java.lang.ClassCastException: android.os.BinderProxy cannot be cast to com.android.server.am.ActivityRecord$Token
06-05 15:50:42.347 W/ActivityManager( 1630): 	at com.android.server.am.ActivityRecord.forTokenLocked(ActivityRecord.java:586)
06-05 15:50:42.347 W/ActivityManager( 1630): 	at com.android.server.am.ActivityRecord.isInStackLocked(ActivityRecord.java:1327)
06-05 15:50:42.347 W/ActivityManager( 1630): 	at com.android.server.am.ActivityManagerService.setTaskDescription(ActivityManagerService.java:9358)
06-05 15:50:42.347 W/ActivityManager( 1630): 	at android.app.ActivityManagerNative.onTransact(ActivityManagerNative.java:2639)
06-05 15:50:42.347 W/ActivityManager( 1630): 	at com.android.server.am.ActivityManagerService.onTransact(ActivityManagerService.java:2757)
06-05 15:50:42.347 W/ActivityManager( 1630): 	at android.os.Binder.execTransact(Binder.java:565)
06-05 15:50:42.348 W/ActivityManager( 1630): Bad activity token: android.os.BinderProxy@273ac10
06-05 15:50:42.348 W/ActivityManager( 1630): java.lang.ClassCastException: android.os.BinderProxy cannot be cast to com.android.server.am.ActivityRecord$Token
06-05 15:50:42.348 W/ActivityManager( 1630): 	at com.android.server.am.ActivityRecord.forTokenLocked(ActivityRecord.java:586)
06-05 15:50:42.348 W/ActivityManager( 1630): 	at com.android.server.am.ActivityRecord.isInStackLocked(ActivityRecord.java:1327)
06-05 15:50:42.348 W/ActivityManager( 1630): 	at com.android.server.am.ActivityRecord.getStackLocked(ActivityRecord.java:1332)
06-05 15:50:42.348 W/ActivityManager( 1630): 	at com.android.server.am.ActivityManagerService.getActivityStackId(ActivityManagerService.java:9817)
06-05 15:50:42.348 W/ActivityManager( 1630): 	at android.app.ActivityManagerNative.onTransact(ActivityManagerNative.java:2856)
06-05 15:50:42.348 W/ActivityManager( 1630): 	at com.android.server.am.ActivityManagerService.onTransact(ActivityManagerService.java:2757)
06-05 15:50:42.348 W/ActivityManager( 1630): 	at android.os.Binder.execTransact(Binder.java:565)
06-05 15:50:42.357 W/ActivityManager( 1630): Bad activity token: android.os.BinderProxy@273ac10
06-05 15:50:42.357 W/ActivityManager( 1630): java.lang.ClassCastException: android.os.BinderProxy cannot be cast to com.android.server.am.ActivityRecord$Token
06-05 15:50:42.357 W/ActivityManager( 1630): 	at com.android.server.am.ActivityRecord.forTokenLocked(ActivityRecord.java:586)
06-05 15:50:42.357 W/ActivityManager( 1630): 	at com.android.server.am.ActivityRecord.isInStackLocked(ActivityRecord.java:1327)
06-05 15:50:42.357 W/ActivityManager( 1630): 	at com.android.server.am.ActivityManagerService.getActivityOptions(ActivityManagerService.java:12559)
06-05 15:50:42.357 W/ActivityManager( 1630): 	at android.app.ActivityManagerNative.onTransact(ActivityManagerNative.java:1933)
06-05 15:50:42.357 W/ActivityManager( 1630): 	at com.android.server.am.ActivityManagerService.onTransact(ActivityManagerService.java:2757)
06-05 15:50:42.357 W/ActivityManager( 1630): 	at android.os.Binder.execTransact(Binder.java:565)
06-05 15:50:42.357 W/ActivityManager( 1630): Bad activity token: android.os.BinderProxy@273ac10
06-05 15:50:42.357 W/ActivityManager( 1630): java.lang.ClassCastException: android.os.BinderProxy cannot be cast to com.android.server.am.ActivityRecord$Token
06-05 15:50:42.357 W/ActivityManager( 1630): 	at com.android.server.am.ActivityRecord.forTokenLocked(ActivityRecord.java:586)
06-05 15:50:42.357 W/ActivityManager( 1630): 	at com.android.server.am.ActivityRecord.isInStackLocked(ActivityRecord.java:1327)
06-05 15:50:42.357 W/ActivityManager( 1630): 	at com.android.server.am.ActivityManagerService.getActivityOptions(ActivityManagerService.java:12559)
06-05 15:50:42.357 W/ActivityManager( 1630): 	at android.app.ActivityManagerNative.onTransact(ActivityManagerNative.java:1933)
06-05 15:50:42.357 W/ActivityManager( 1630): 	at com.android.server.am.ActivityManagerService.onTransact(ActivityManagerService.java:2757)
06-05 15:50:42.357 W/ActivityManager( 1630): 	at android.os.Binder.execTransact(Binder.java:565)
06-05 15:50:42.443 V/PhoneStatusBar( 1712): setLightsOn(true)
06-05 15:50:42.743 V/PhoneStatusBar( 1712): setLightsOn(true)
06-05 15:50:42.743 V/PhoneStatusBar( 1712): setLightsOn(true)
06-05 15:50:42.744 W/OpenGLRenderer( 2099): Incorrectly called buildLayer on View: ShortcutAndWidgetContainer, destroying layer...
06-05 15:50:42.759 I/WindowManager( 1630): Destroying surface Surface(name=com.android.launcher3/com.android.launcher3.Launcher) called by com.android.server.wm.WindowStateAnimator.destroySurface:2016 com.android.server.wm.WindowStateAnimator.destroySurfaceLocked:882 com.android.server.wm.WindowState.destroyOrSaveSurface:2100 com.android.server.wm.AppWindowToken.destroySurfaces:363 com.android.server.wm.AppWindowToken.notifyAppStopped:389 com.android.server.wm.WindowManagerService.notifyAppStopped:4463 com.android.server.am.ActivityStack.activityStoppedLocked:1252 com.android.server.am.ActivityManagerService.activityStopped:6903 
06-05 15:50:42.760 V/PhoneStatusBar( 1712): setLightsOn(true)
06-05 15:50:43.365 I/System.out(19291): URI: //
06-05 15:50:43.365 I/System.out(19291): params: {json={"command":"press_key","arguments":["KEYCODE_MENU"]}
06-05 15:50:43.365 I/System.out(19291): }
06-05 15:50:43.365 I/System.out(19291): header: {content-type=application/json;charset=utf-8, date=Fri, 05 Jun 2020 20:50:43 GMT, accept=*/*, host=127.0.0.1:34784, content-length=52, user-agent=HTTPClient/1.0 (2.8.3, ruby 2.5.1 (2018-03-29))}
06-05 15:50:43.365 I/System.out(19291): params: {json={"command":"press_key","arguments":["KEYCODE_MENU"]}
06-05 15:50:43.365 I/System.out(19291): }
06-05 15:50:43.365 I/System.out(19291): ProP json = {"command":"press_key","arguments":["KEYCODE_MENU"]}
06-05 15:50:43.365 I/System.out(19291): files: {}
06-05 15:50:43.365 I/System.out(19291): command: {"command":"press_key","arguments":["KEYCODE_MENU"]}
06-05 15:50:43.366 I/InstrumentationBackend(19291): Got command:'Command:'Line:null,press_key', arguments:'[KEYCODE_MENU]'
06-05 15:50:43.377 V/PhoneStatusBar( 1712): setLightsOn(true)
06-05 15:50:43.381 I/System.out(19291): result:{"bonusInformation":[],"message":"","success":true}
06-05 15:50:43.385 I/System.out(19291): URI: //map
06-05 15:50:43.385 I/System.out(19291): params: {json={"query":"* marked:'Edit vehicle types'","operation":{"method_name":"query","arguments":[]}}
06-05 15:50:43.385 I/System.out(19291): }
06-05 15:50:43.394 V/PhoneStatusBar( 1712): setLightsOn(true)
06-05 15:50:43.410 V/PhoneStatusBar( 1712): setLightsOn(true)
06-05 15:50:43.427 V/PhoneStatusBar( 1712): setLightsOn(true)
06-05 15:50:43.429 D/gralloc_ranchu( 1346): gralloc_alloc: Creating ashmem region of size 1720320
06-05 15:50:43.442 V/PhoneStatusBar( 1712): setLightsOn(true)
06-05 15:50:43.443 V/PhoneStatusBar( 1712): setLightsOn(true)
06-05 15:50:43.443 W/ResourceType(19291): No package identifier when getting name for resource number 0x00000001
06-05 15:50:43.444 V/PhoneStatusBar( 1712): setLightsOn(true)
06-05 15:50:43.454 I/System.out(19291): URI: //gesture
06-05 15:50:43.454 I/System.out(19291): params: {json={"query_timeout":5.0,"gestures":[{"query_string":"* marked:'Edit vehicle types'","touches":[{"x":50,"y":50,"offset_x":0,"offset_y":0,"wait":0.0,"time":0.2,"release":true,"query_string":null}]}]}
06-05 15:50:43.454 I/System.out(19291): }
06-05 15:50:43.458 W/ResourceType(19291): No package identifier when getting name for resource number 0x00000001
06-05 15:50:43.612 D/gralloc_ranchu( 1346): gralloc_alloc: Creating ashmem region of size 1720320
06-05 15:50:43.623 D/gralloc_ranchu( 1346): gralloc_alloc: Creating ashmem region of size 9023488
06-05 15:50:43.666 V/PhoneStatusBar( 1712): setLightsOn(true)
06-05 15:50:43.718 I/art     (19291): Do partial code cache collection, code=30KB, data=29KB
06-05 15:50:43.718 I/art     (19291): After code cache collection, code=29KB, data=29KB
06-05 15:50:43.718 I/art     (19291): Increasing code cache capacity to 128KB
06-05 15:50:43.727 I/System.out(19291): URI: //map
06-05 15:50:43.727 I/System.out(19291): params: {json={"query":"* {text CONTAINS[c] 'Car'}","operation":{"method_name":"query","arguments":[]}}
06-05 15:50:43.727 I/System.out(19291): }
06-05 15:50:43.740 I/ActivityManager( 1630): START u0 {cmp=com.evancharlton.mileage/.VehicleTypeListActivity} from uid 10086 on display 0
06-05 15:50:43.741 V/PhoneStatusBar( 1712): setLightsOn(true)
06-05 15:50:43.742 V/PhoneStatusBar( 1712): setLightsOn(true)
06-05 15:50:43.768 I/WindowManager( 1630): Destroying surface Surface(name=AtchDlg:com.evancharlton.mileage/com.evancharlton.mileage.VehicleListActivity) called by com.android.server.wm.WindowStateAnimator.destroySurface:2016 com.android.server.wm.WindowStateAnimator.destroySurfaceLocked:882 com.android.server.wm.WindowState.removeLocked:1456 com.android.server.wm.WindowManagerService.removeWindowInnerLocked:2484 com.android.server.wm.WindowManagerService.removeWindowLocked:2442 com.android.server.wm.WindowManagerService.removeWindowLocked:2311 com.android.server.wm.WindowManagerService.removeWindow:2306 com.android.server.wm.Session.remove:202 
06-05 15:50:43.798 I/calabash(19291): newActivity1
06-05 15:50:43.842 V/PhoneStatusBar( 1712): setLightsOn(true)
06-05 15:50:43.859 V/PhoneStatusBar( 1712): setLightsOn(true)
06-05 15:50:43.868 D/gralloc_ranchu( 1346): gralloc_alloc: Creating ashmem region of size 9023488
06-05 15:50:43.890 D/gralloc_ranchu( 1346): gralloc_alloc: Creating ashmem region of size 9023488
06-05 15:50:43.890 I/ActivityManager( 1630): Displayed com.evancharlton.mileage/.VehicleTypeListActivity: +125ms
06-05 15:50:43.893 V/PhoneStatusBar( 1712): setLightsOn(true)
06-05 15:50:43.926 V/PhoneStatusBar( 1712): setLightsOn(true)
06-05 15:50:43.959 V/PhoneStatusBar( 1712): setLightsOn(true)
06-05 15:50:44.079 I/System.out(19291): URI: //map
06-05 15:50:44.079 I/System.out(19291): params: {json={"query":"* {text CONTAINS[c] 'Car'}","operation":{"method_name":"query","arguments":[]}}
06-05 15:50:44.079 I/System.out(19291): }
06-05 15:50:44.094 I/System.out(19291): URI: //map
06-05 15:50:44.094 I/System.out(19291): params: {json={"query":"* marked:'Car'","operation":{"method_name":"query","arguments":[]}}
06-05 15:50:44.094 I/System.out(19291): }
06-05 15:50:44.100 W/ResourceType(19291): No package identifier when getting name for resource number 0x00000001
06-05 15:50:44.108 I/System.out(19291): URI: //gesture
06-05 15:50:44.108 I/System.out(19291): params: {json={"query_timeout":5.0,"gestures":[{"query_string":"* marked:'Car'","touches":[{"x":50,"y":50,"offset_x":0,"offset_y":0,"wait":0.0,"time":0.2,"release":true,"query_string":null}]}]}
06-05 15:50:44.108 I/System.out(19291): }
06-05 15:50:44.113 W/ResourceType(19291): No package identifier when getting name for resource number 0x00000001
06-05 15:50:44.126 V/PhoneStatusBar( 1712): setLightsOn(true)
06-05 15:50:44.243 V/PhoneStatusBar( 1712): setLightsOn(true)
06-05 15:50:44.243 V/PhoneStatusBar( 1712): setLightsOn(true)
06-05 15:50:44.259 V/PhoneStatusBar( 1712): setLightsOn(true)
06-05 15:50:44.260 D/gralloc_ranchu( 1346): gralloc_alloc: Creating ashmem region of size 9023488
06-05 15:50:44.321 I/WindowManager( 1630): Destroying surface Surface(name=com.evancharlton.mileage/com.evancharlton.mileage.Mileage) called by com.android.server.wm.WindowStateAnimator.destroySurface:2016 com.android.server.wm.WindowStateAnimator.destroySurfaceLocked:882 com.android.server.wm.WindowState.destroyOrSaveSurface:2100 com.android.server.wm.WindowManagerService.tryStartExitingAnimation:3024 com.android.server.wm.WindowManagerService.relayoutWindow:2904 com.android.server.wm.Session.relayout:224 android.view.IWindowSession$Stub.onTransact:286 com.android.server.wm.Session.onTransact:145 
06-05 15:50:44.322 V/PhoneStatusBar( 1712): setLightsOn(true)
06-05 15:50:44.394 I/System.out(19291): URI: //map
06-05 15:50:44.394 I/System.out(19291): params: {json={"query":"* {text CONTAINS[c] 'Car'}","operation":{"method_name":"query","arguments":[]}}
06-05 15:50:44.394 I/System.out(19291): }
06-05 15:50:44.437 I/System.out(19291): URI: //map
06-05 15:50:44.438 I/System.out(19291): params: {json={"query":"* {text CONTAINS[c] 'Passenger car'}","operation":{"method_name":"query","arguments":[]}}
06-05 15:50:44.438 I/System.out(19291): }
06-05 15:50:44.445 I/ActivityManager( 1630): START u0 {cmp=com.evancharlton.mileage/.VehicleTypeActivity (has extras)} from uid 10086 on display 0
06-05 15:50:44.446 V/PhoneStatusBar( 1712): setLightsOn(true)
06-05 15:50:44.447 V/PhoneStatusBar( 1712): setLightsOn(true)
06-05 15:50:44.450 I/System.out(19291): URI: //
06-05 15:50:44.450 I/System.out(19291): params: {json={"command":"press_key","arguments":["KEYCODE_BACK"]}
06-05 15:50:44.450 I/System.out(19291): }
06-05 15:50:44.450 I/System.out(19291): header: {content-type=application/json;charset=utf-8, date=Fri, 05 Jun 2020 20:50:44 GMT, accept=*/*, host=127.0.0.1:34784, content-length=52, user-agent=HTTPClient/1.0 (2.8.3, ruby 2.5.1 (2018-03-29))}
06-05 15:50:44.450 I/System.out(19291): params: {json={"command":"press_key","arguments":["KEYCODE_BACK"]}
06-05 15:50:44.450 I/System.out(19291): }
06-05 15:50:44.450 I/System.out(19291): ProP json = {"command":"press_key","arguments":["KEYCODE_BACK"]}
06-05 15:50:44.450 I/System.out(19291): files: {}
06-05 15:50:44.450 I/System.out(19291): command: {"command":"press_key","arguments":["KEYCODE_BACK"]}
06-05 15:50:44.451 I/InstrumentationBackend(19291): Got command:'Command:'Line:null,press_key', arguments:'[KEYCODE_BACK]'
06-05 15:50:44.490 I/calabash(19291): newActivity1
06-05 15:50:44.512 V/PhoneStatusBar( 1712): setLightsOn(true)
06-05 15:50:44.528 W/ViewRootImpl[VehicleTypeActivity](19291): Dropping event due to no window focus: KeyEvent { action=ACTION_DOWN, keyCode=KEYCODE_BACK, scanCode=0, metaState=0, flags=0x8, repeatCount=0, eventTime=790958, downTime=790958, deviceId=-1, source=0x101 }
06-05 15:50:44.528 D/gralloc_ranchu( 1346): gralloc_alloc: Creating ashmem region of size 9023488
06-05 15:50:44.543 V/PhoneStatusBar( 1712): setLightsOn(true)
06-05 15:50:44.556 W/ViewRootImpl[VehicleTypeActivity](19291): Cancelling event due to no window focus: KeyEvent { action=ACTION_UP, keyCode=KEYCODE_BACK, scanCode=0, metaState=0, flags=0x28, repeatCount=0, eventTime=791035, downTime=791035, deviceId=-1, source=0x101 }
06-05 15:50:44.556 W/ViewRootImpl[VehicleTypeActivity](19291): Cancelling event due to no window focus: KeyEvent { action=ACTION_UP, keyCode=KEYCODE_BACK, scanCode=0, metaState=0, flags=0x28, repeatCount=0, eventTime=791035, downTime=791035, deviceId=-1, source=0x101 }
06-05 15:50:44.556 W/ViewRootImpl[VehicleTypeActivity](19291): Cancelling event due to no window focus: KeyEvent { action=ACTION_UP, keyCode=KEYCODE_BACK, scanCode=0, metaState=0, flags=0x28, repeatCount=0, eventTime=791035, downTime=791035, deviceId=-1, source=0x101 }
06-05 15:50:44.556 W/ViewRootImpl[VehicleTypeActivity](19291): Cancelling event due to no window focus: KeyEvent { action=ACTION_UP, keyCode=KEYCODE_BACK, scanCode=0, metaState=0, flags=0x28, repeatCount=0, eventTime=791035, downTime=791035, deviceId=-1, source=0x101 }
06-05 15:50:44.556 W/ViewRootImpl[VehicleTypeActivity](19291): Cancelling event due to no window focus: KeyEvent { action=ACTION_UP, keyCode=KEYCODE_BACK, scanCode=0, metaState=0, flags=0x28, repeatCount=0, eventTime=791035, downTime=791035, deviceId=-1, source=0x101 }
06-05 15:50:44.556 W/ViewRootImpl[VehicleTypeActivity](19291): Cancelling event due to no window focus: KeyEvent { action=ACTION_UP, keyCode=KEYCODE_BACK, scanCode=0, metaState=0, flags=0x28, repeatCount=0, eventTime=791035, downTime=791035, deviceId=-1, source=0x101 }
06-05 15:50:44.556 W/ViewRootImpl[VehicleTypeActivity](19291): Cancelling event due to no window focus: KeyEvent { action=ACTION_UP, keyCode=KEYCODE_BACK, scanCode=0, metaState=0, flags=0x28, repeatCount=0, eventTime=791035, downTime=791035, deviceId=-1, source=0x101 }
06-05 15:50:44.556 W/ViewRootImpl[VehicleTypeActivity](19291): Cancelling event due to no window focus: KeyEvent { action=ACTION_UP, keyCode=KEYCODE_BACK, scanCode=0, metaState=0, flags=0x28, repeatCount=0, eventTime=791035, downTime=791035, deviceId=-1, source=0x101 }
06-05 15:50:44.556 W/ViewRootImpl[VehicleTypeActivity](19291): Cancelling event due to no window focus: KeyEvent { action=ACTION_UP, keyCode=KEYCODE_BACK, scanCode=0, metaState=0, flags=0x28, repeatCount=0, eventTime=791035, downTime=791035, deviceId=-1, source=0x101 }
06-05 15:50:44.559 W/InputMethodService( 1697): Window size has been changed. This may cause jankiness of resizing window: -1 -> -2
06-05 15:50:44.559 I/ActivityManager( 1630): Displayed com.evancharlton.mileage/.VehicleTypeActivity: +70ms
06-05 15:50:44.559 V/PhoneStatusBar( 1712): setLightsOn(true)
06-05 15:50:44.559 D/gralloc_ranchu( 1346): gralloc_alloc: Creating ashmem region of size 9023488
06-05 15:50:44.562 I/System.out(19291): result:{"bonusInformation":[],"message":"","success":true}
06-05 15:50:44.569 I/System.out(19291): URI: //
06-05 15:50:44.569 I/System.out(19291): params: {json={"command":"press_key","arguments":["KEYCODE_BACK"]}
06-05 15:50:44.569 I/System.out(19291): }
06-05 15:50:44.569 I/System.out(19291): header: {content-type=application/json;charset=utf-8, date=Fri, 05 Jun 2020 20:50:45 GMT, accept=*/*, host=127.0.0.1:34784, content-length=52, user-agent=HTTPClient/1.0 (2.8.3, ruby 2.5.1 (2018-03-29))}
06-05 15:50:44.569 I/System.out(19291): params: {json={"command":"press_key","arguments":["KEYCODE_BACK"]}
06-05 15:50:44.569 I/System.out(19291): }
06-05 15:50:44.569 I/System.out(19291): ProP json = {"command":"press_key","arguments":["KEYCODE_BACK"]}
06-05 15:50:44.569 I/System.out(19291): files: {}
06-05 15:50:44.569 I/System.out(19291): command: {"command":"press_key","arguments":["KEYCODE_BACK"]}
06-05 15:50:44.569 I/LatinIME( 1697): Starting input. Cursor position = 0,0
06-05 15:50:44.570 I/InstrumentationBackend(19291): Got command:'Command:'Line:null,press_key', arguments:'[KEYCODE_BACK]'
06-05 15:50:44.576 V/PhoneStatusBar( 1712): setLightsOn(true)
06-05 15:50:44.626 V/PhoneStatusBar( 1712): setLightsOn(true)
06-05 15:50:44.643 V/PhoneStatusBar( 1712): setLightsOn(true)
06-05 15:50:44.650 W/InputMethodService( 1697): Window size has been changed. This may cause jankiness of resizing window: -1 -> -2
06-05 15:50:44.653 I/System.out(19291): result:{"bonusInformation":[],"message":"","success":true}
06-05 15:50:44.656 I/System.out(19291): URI: //map
06-05 15:50:44.656 I/System.out(19291): params: {json={"query":"* {text CONTAINS[c] 'Car'}","operation":{"method_name":"query","arguments":[]}}
06-05 15:50:44.656 I/System.out(19291): }
06-05 15:50:44.661 D/EGL_emulation( 1712): eglMakeCurrent: 0xb4085540: ver 2 0 (tinfo 0xb4083740)
06-05 15:50:44.662 V/PhoneStatusBar( 1712): setLightsOn(true)
06-05 15:50:44.676 D/EGL_emulation( 1712): eglMakeCurrent: 0xb4085540: ver 2 0 (tinfo 0xb4083740)
06-05 15:50:44.677 I/WindowManager( 1630): Destroying surface Surface(name=InputMethod) called by com.android.server.wm.WindowStateAnimator.destroySurface:2016 com.android.server.wm.WindowStateAnimator.destroySurfaceLocked:882 com.android.server.wm.WindowState.destroyOrSaveSurface:2100 com.android.server.wm.WindowSurfacePlacer.performSurfacePlacementInner:429 com.android.server.wm.WindowSurfacePlacer.performSurfacePlacementLoop:232 com.android.server.wm.WindowSurfacePlacer.performSurfacePlacement:180 com.android.server.wm.WindowManagerService$H.handleMessage:8086 android.os.Handler.dispatchMessage:102 
06-05 15:50:44.679 D/EGL_emulation( 1712): eglMakeCurrent: 0xb4085540: ver 2 0 (tinfo 0xb4083740)
