--------- beginning of system
06-05 20:00:36.603 W/ActivityManager( 1629): Finishing task with all activities already finished
06-05 20:00:36.603 W/ActivityManager( 1629): Duplicate finish request for ActivityRecord{46d9b0d u0 com.evancharlton.mileage/.Mileage t4478 f}
--------- beginning of main
06-05 20:00:36.618 V/PhoneStatusBar( 1711): setLightsOn(true)
06-05 20:00:36.620 D/gralloc_ranchu( 1348): gralloc_alloc: Creating ashmem region of size 3145728
06-05 20:00:36.624 E/EGL_emulation( 1348): tid 1348: eglCreateSyncKHR(1901): error 0x3004 (EGL_BAD_ATTRIBUTE)
06-05 20:00:36.633 W/ActivityManager( 1629): Finishing task with all activities already finished
06-05 20:00:36.633 W/ActivityManager( 1629): Duplicate finish request for ActivityRecord{46d9b0d u0 com.evancharlton.mileage/.Mileage t4478 f}
06-05 20:00:36.633 W/ActivityManager( 1629): Finishing task with all activities already finished
06-05 20:00:36.633 W/ActivityManager( 1629): Duplicate finish request for ActivityRecord{46d9b0d u0 com.evancharlton.mileage/.Mileage t4478 f}
06-05 20:00:36.633 W/ActivityManager( 1629): Finishing task with all activities already finished
06-05 20:00:36.633 W/ActivityManager( 1629): Duplicate finish request for ActivityRecord{46d9b0d u0 com.evancharlton.mileage/.Mileage t4478 f}
06-05 20:00:36.633 W/ActivityManager( 1629): Finishing task with all activities already finished
06-05 20:00:36.633 W/ActivityManager( 1629): Duplicate finish request for ActivityRecord{46d9b0d u0 com.evancharlton.mileage/.Mileage t4478 f}
06-05 20:00:36.633 W/ActivityManager( 1629): Finishing task with all activities already finished
06-05 20:00:36.633 W/ActivityManager( 1629): Duplicate finish request for ActivityRecord{d31190f u0 com.evancharlton.mileage/.VehicleActivity t4478 f}
06-05 20:00:36.634 W/ActivityManager( 1629): Finishing task with all activities already finished
06-05 20:00:36.634 W/ActivityManager( 1629): Duplicate finish request for ActivityRecord{d31190f u0 com.evancharlton.mileage/.VehicleActivity t4478 f}
06-05 20:00:36.634 W/ActivityManager( 1629): Finishing task with all activities already finished
06-05 20:00:36.634 W/ActivityManager( 1629): Duplicate finish request for ActivityRecord{46d9b0d u0 com.evancharlton.mileage/.Mileage t4478 f}
06-05 20:00:36.636 W/ActivityManager( 1629): Finishing task with all activities already finished
06-05 20:00:36.636 W/ActivityManager( 1629): Duplicate finish request for ActivityRecord{46d9b0d u0 com.evancharlton.mileage/.Mileage t4478 f}
06-05 20:00:36.652 D/EGL_emulation( 2147): eglMakeCurrent: 0xa3805360: ver 2 0 (tinfo 0xa3803630)
06-05 20:00:36.670 D/EGL_emulation( 1711): eglMakeCurrent: 0x9f1709c0: ver 2 0 (tinfo 0xa0e61d00)
06-05 20:00:36.685 D/EGL_emulation( 1711): eglMakeCurrent: 0x9f1709c0: ver 2 0 (tinfo 0xa0e61d00)
06-05 20:00:36.687 D/EGL_emulation( 1711): eglMakeCurrent: 0x9f1709c0: ver 2 0 (tinfo 0xa0e61d00)
06-05 20:00:36.701 D/EGL_emulation( 1711): eglMakeCurrent: 0x9f1709c0: ver 2 0 (tinfo 0xa0e61d00)
06-05 20:00:36.704 D/EGL_emulation( 1711): eglMakeCurrent: 0x9f1709c0: ver 2 0 (tinfo 0xa0e61d00)
06-05 20:00:36.718 D/EGL_emulation( 1711): eglMakeCurrent: 0x9f1709c0: ver 2 0 (tinfo 0xa0e61d00)
06-05 20:00:36.720 D/EGL_emulation( 1711): eglMakeCurrent: 0x9f1709c0: ver 2 0 (tinfo 0xa0e61d00)
06-05 20:00:36.735 D/EGL_emulation( 1711): eglMakeCurrent: 0x9f1709c0: ver 2 0 (tinfo 0xa0e61d00)
06-05 20:00:36.736 D/EGL_emulation( 1711): eglMakeCurrent: 0x9f1709c0: ver 2 0 (tinfo 0xa0e61d00)
06-05 20:00:36.751 D/EGL_emulation( 1711): eglMakeCurrent: 0x9f1709c0: ver 2 0 (tinfo 0xa0e61d00)
06-05 20:00:36.753 D/EGL_emulation( 1711): eglMakeCurrent: 0x9f1709c0: ver 2 0 (tinfo 0xa0e61d00)
06-05 20:00:36.764 D/AndroidRuntime(21855): >>>>>> START com.android.internal.os.RuntimeInit uid 2000 <<<<<<
06-05 20:00:36.765 D/AndroidRuntime(21855): CheckJNI is ON
06-05 20:00:36.768 D/EGL_emulation( 1711): eglMakeCurrent: 0x9f1709c0: ver 2 0 (tinfo 0xa0e61d00)
06-05 20:00:36.770 D/EGL_emulation( 1711): eglMakeCurrent: 0x9f1709c0: ver 2 0 (tinfo 0xa0e61d00)
06-05 20:00:36.775 W/art     (21855): Unexpected CPU variant for X86 using defaults: x86
06-05 20:00:36.777 D/ICU     (21855): No timezone override file found: /data/misc/zoneinfo/current/icu/icu_tzdata.dat
06-05 20:00:36.784 D/EGL_emulation( 1711): eglMakeCurrent: 0x9f1709c0: ver 2 0 (tinfo 0xa0e61d00)
06-05 20:00:36.785 E/memtrack(21855): Couldn't load memtrack module (No such file or directory)
06-05 20:00:36.785 E/android.os.Debug(21855): failed to load memtrack module: -2
06-05 20:00:36.786 I/Radio-JNI(21855): register_android_hardware_Radio DONE
06-05 20:00:36.787 D/EGL_emulation( 1711): eglMakeCurrent: 0x9f1709c0: ver 2 0 (tinfo 0xa0e61d00)
06-05 20:00:36.790 D/AndroidRuntime(21855): Calling main entry com.android.commands.am.Am
06-05 20:00:36.791 I/ActivityManager( 1629): Force stopping com.evancharlton.mileage appid=10196 user=0: start instr
06-05 20:00:36.791 I/ActivityManager( 1629): Killing 21786:com.evancharlton.mileage/u0a196 (adj 0): stop com.evancharlton.mileage
06-05 20:00:36.791 D/ActivityManager( 1629): cleanUpApplicationRecord -- 21786
06-05 20:00:36.791 W/ActivityManager( 1629): Crash of app com.evancharlton.mileage running instrumentation ComponentInfo{com.evancharlton.mileage.test/sh.calaba.instrumentationbackend.CalabashInstrumentationTestRunner}
06-05 20:00:36.791 I/ActivityManager( 1629): Force stopping com.evancharlton.mileage appid=10196 user=0: finished inst
06-05 20:00:36.794 I/art     (21865): Not late-enabling -Xcheck:jni (already on)
06-05 20:00:36.794 W/art     (21865): Unexpected CPU variant for X86 using defaults: x86
06-05 20:00:36.801 D/EGL_emulation( 1711): eglMakeCurrent: 0x9f1709c0: ver 2 0 (tinfo 0xa0e61d00)
06-05 20:00:36.802 I/ActivityManager( 1629): Start proc 21865:com.evancharlton.mileage/u0a196 for added application com.evancharlton.mileage
06-05 20:00:36.802 D/AndroidRuntime(21855): Shutting down VM
06-05 20:00:36.803 D/EGL_emulation( 1711): eglMakeCurrent: 0x9f1709c0: ver 2 0 (tinfo 0xa0e61d00)
06-05 20:00:36.807 W/System  (21865): ClassLoader referenced unknown path: /data/app/com.evancharlton.mileage.test-1/lib/x86
06-05 20:00:36.807 W/System  (21865): ClassLoader referenced unknown path: /data/app/com.evancharlton.mileage-1/lib/x86
06-05 20:00:36.808 W/System  (21865): ClassLoader referenced unknown path: 
06-05 20:00:36.812 I/System.out(21865): Main activity name automatically set to: com.evancharlton.mileage.Mileage
06-05 20:00:36.812 I/System.out(21865): Calabash did not load Mono. This is only a problem if you are trying to test a Mono application
06-05 20:00:36.812 I/calabash(21865): Test server port: 7102
06-05 20:00:36.812 I/InstrumentationBackend(21865): Added:'GetPreferences', with key:'get_preferences'
06-05 20:00:36.816 I/InstrumentationBackend(21865): Added:'SetPreferences', with key:'set_preferences'
06-05 20:00:36.816 I/InstrumentationBackend(21865): Added:'ClearPreferences', with key:'clear_preferences'
06-05 20:00:36.816 I/InstrumentationBackend(21865): Added:'PressElement', with key:'press_l10n_element'
06-05 20:00:36.816 I/InstrumentationBackend(21865): Added:'WaitForElement', with key:'wait_for_l10n_element'
06-05 20:00:36.816 I/InstrumentationBackend(21865): Added:'NullAction', with key:'nullAction'
06-05 20:00:36.816 I/InstrumentationBackend(21865): Added:'PressKey', with key:'press_key'
06-05 20:00:36.816 I/InstrumentationBackend(21865): Added:'SetActivityOrientation', with key:'set_activity_orientation'
06-05 20:00:36.816 I/InstrumentationBackend(21865): Added:'GetActivityOrientation', with key:'get_activity_orientation'
06-05 20:00:36.816 I/InstrumentationBackend(21865): Added:'FakeGPSLocation', with key:'set_gps_coordinates'
06-05 20:00:36.816 I/InstrumentationBackend(21865): Added:'SetPropertyByCssSelector', with key:'set_property_by_css_selector'
06-05 20:00:36.816 I/InstrumentationBackend(21865): Added:'GetUrl', with key:'get_url'
06-05 20:00:36.817 I/InstrumentationBackend(21865): Added:'ScrollTo', with key:'scroll_to'
06-05 20:00:36.817 I/InstrumentationBackend(21865): Added:'GetLoadProgress', with key:'get_load_progress'
06-05 20:00:36.817 I/InstrumentationBackend(21865): Added:'DumpHtml', with key:'dump_html'
06-05 20:00:36.817 I/InstrumentationBackend(21865): Added:'DumpBodyHtml', with key:'dump_body_html'
06-05 20:00:36.817 I/InstrumentationBackend(21865): Added:'EnterTextByCssSelector', with key:'enter_text_by_selector'
06-05 20:00:36.817 I/InstrumentationBackend(21865): Added:'AndroidSDKVersion', with key:'android_sdk_version'
06-05 20:00:36.817 I/InstrumentationBackend(21865): Added:'Version', with key:'version'
06-05 20:00:36.817 I/InstrumentationBackend(21865): Added:'Drag', with key:'drag'
06-05 20:00:36.817 I/InstrumentationBackend(21865): Added:'TouchCoordinates', with key:'touch_coordinate'
06-05 20:00:36.817 I/InstrumentationBackend(21865): Added:'LongPressCoordinate', with key:'long_press_coordinate'
06-05 20:00:36.817 I/InstrumentationBackend(21865): Added:'DragCoordinates', with key:'drag_coordinates'
06-05 20:00:36.817 I/InstrumentationBackend(21865): Added:'ResumeApplication', with key:'resume_application'
06-05 20:00:36.817 I/InstrumentationBackend(21865): Added:'Swipe', with key:'swipe'
06-05 20:00:36.817 I/InstrumentationBackend(21865): Added:'DoubleTapCoordinate', with key:'double_tap_coordinate'
06-05 20:00:36.818 I/InstrumentationBackend(21865): Added:'ClickOnScreen', with key:'click_on_screen'
06-05 20:00:36.818 I/InstrumentationBackend(21865): Added:'GetActivityName', with key:'get_activity_name'
06-05 20:00:36.818 I/InstrumentationBackend(21865): Added:'ScrollToView', with key:'scroll_to_view'
06-05 20:00:36.818 D/EGL_emulation( 1711): eglMakeCurrent: 0x9f1709c0: ver 2 0 (tinfo 0xa0e61d00)
06-05 20:00:36.818 I/InstrumentationBackend(21865): Added:'ViewConfiguration', with key:'view_configuration'
06-05 20:00:36.818 I/InstrumentationBackend(21865): Added:'IsCurrentActivityFocused', with key:'is_current_activity_focused'
06-05 20:00:36.818 I/InstrumentationBackend(21865): Added:'SendTcp', with key:'send_tcp'
06-05 20:00:36.819 I/InstrumentationBackend(21865): Added:'DpToDevicePixel', with key:'dp_to_device_pixel'
06-05 20:00:36.819 I/InstrumentationBackend(21865): Added:'KeyboardEnterText', with key:'keyboard_enter_text'
06-05 20:00:36.819 I/InstrumentationBackend(21865): Added:'DeleteSurroundingText', with key:'delete_surrounding_text'
06-05 20:00:36.819 I/InstrumentationBackend(21865): Added:'SetComposingRegion', with key:'set_composing_region'
06-05 20:00:36.819 I/InstrumentationBackend(21865): Added:'SetSelection', with key:'set_selection'
06-05 20:00:36.819 I/InstrumentationBackend(21865): Added:'KeyboardKeyEvent', with key:'keyboard_key_event'
06-05 20:00:36.819 I/InstrumentationBackend(21865): Added:'PressUserActionButton', with key:'press_user_action_button'
06-05 20:00:36.819 I/InstrumentationBackend(21865): Added:'HideSoftKeyboard', with key:'hide_soft_keyboard'
06-05 20:00:36.819 I/InstrumentationBackend(21865): Added:'ListActions', with key:'list_actions'
06-05 20:00:36.819 I/calabash(21865): Instantiating http server at 7102
06-05 20:00:36.820 D/EGL_emulation( 1711): eglMakeCurrent: 0x9f1709c0: ver 2 0 (tinfo 0xa0e61d00)
06-05 20:00:36.820 I/System.out(21865): HTTP Daemon listening on: 7102
06-05 20:00:36.832 I/WindowManager( 1629): WIN DEATH: Window{311e140 u0 com.evancharlton.mileage/com.evancharlton.mileage.Mileage EXITING}
06-05 20:00:36.832 W/InputDispatcher( 1629): channel '311e140 com.evancharlton.mileage/com.evancharlton.mileage.Mileage (server)' ~ Consumer closed input channel or an error occurred.  events=0x9
06-05 20:00:36.832 E/InputDispatcher( 1629): channel '311e140 com.evancharlton.mileage/com.evancharlton.mileage.Mileage (server)' ~ Channel is unrecoverably broken and will be disposed!
06-05 20:00:36.832 W/InputDispatcher( 1629): channel 'a70372b com.evancharlton.mileage/com.evancharlton.mileage.VehicleActivity (server)' ~ Consumer closed input channel or an error occurred.  events=0x9
06-05 20:00:36.832 E/InputDispatcher( 1629): channel 'a70372b com.evancharlton.mileage/com.evancharlton.mileage.VehicleActivity (server)' ~ Channel is unrecoverably broken and will be disposed!
06-05 20:00:36.832 W/InputDispatcher( 1629): Attempted to unregister already unregistered input channel '311e140 com.evancharlton.mileage/com.evancharlton.mileage.Mileage (server)'
06-05 20:00:36.835 I/WindowManager( 1629): WIN DEATH: Window{a70372b u0 com.evancharlton.mileage/com.evancharlton.mileage.VehicleActivity}
06-05 20:00:36.835 W/InputDispatcher( 1629): Attempted to unregister already unregistered input channel 'a70372b com.evancharlton.mileage/com.evancharlton.mileage.VehicleActivity (server)'
06-05 20:00:36.836 I/WindowManager( 1629): Destroying surface Surface(name=com.evancharlton.mileage/com.evancharlton.mileage.VehicleActivity) called by com.android.server.wm.WindowStateAnimator.destroySurface:2016 com.android.server.wm.WindowStateAnimator.destroySurfaceLocked:882 com.android.server.wm.WindowState.removeLocked:1456 com.android.server.wm.WindowManagerService.removeWindowInnerLocked:2484 com.android.server.wm.WindowManagerService.removeWindowLocked:2442 com.android.server.wm.WindowState$DeathRecipient.binderDied:1787 android.os.BinderProxy.sendDeathNotice:688 <bottom of call stack> 
06-05 20:00:36.860 D/EGL_emulation( 1711): eglMakeCurrent: 0x9f1709c0: ver 2 0 (tinfo 0xa0e61d00)
06-05 20:00:36.867 D/EGL_emulation( 1711): eglMakeCurrent: 0x9f1709c0: ver 2 0 (tinfo 0xa0e61d00)
06-05 20:00:36.871 D/EGL_emulation( 1711): eglMakeCurrent: 0x9f1709c0: ver 2 0 (tinfo 0xa0e61d00)
06-05 20:00:36.875 D/EGL_emulation( 1711): eglMakeCurrent: 0x9f1709c0: ver 2 0 (tinfo 0xa0e61d00)
06-05 20:00:36.885 D/EGL_emulation( 1711): eglMakeCurrent: 0x9f1709c0: ver 2 0 (tinfo 0xa0e61d00)
06-05 20:00:36.912 I/System.out(21865): URI: //ping
06-05 20:00:36.913 I/System.out(21865): params: {json={}
06-05 20:00:36.913 I/System.out(21865): }
06-05 20:00:36.918 I/System.out(21865): URI: //ping
06-05 20:00:36.918 I/System.out(21865): params: {json={}
06-05 20:00:36.918 I/System.out(21865): }
06-05 20:00:36.922 I/System.out(21865): URI: //ready
06-05 20:00:36.923 I/System.out(21865): params: {json={}
06-05 20:00:36.923 I/System.out(21865): }
06-05 20:00:36.926 I/System.out(21865): URI: //
06-05 20:00:36.926 I/System.out(21865): params: {json={"command":"version","arguments":[]}
06-05 20:00:36.926 I/System.out(21865): }
06-05 20:00:36.926 I/System.out(21865): header: {content-type=application/json;charset=utf-8, date=Sat, 06 Jun 2020 01:00:37 GMT, accept=*/*, host=127.0.0.1:34783, content-length=36, user-agent=HTTPClient/1.0 (2.8.3, ruby 2.5.1 (2018-03-29))}
06-05 20:00:36.926 I/System.out(21865): params: {json={"command":"version","arguments":[]}
06-05 20:00:36.926 I/System.out(21865): }
06-05 20:00:36.926 I/System.out(21865): ProP json = {"command":"version","arguments":[]}
06-05 20:00:36.926 I/System.out(21865): files: {}
06-05 20:00:36.926 I/System.out(21865): command: {"command":"version","arguments":[]}
06-05 20:00:36.931 I/InstrumentationBackend(21865): Got command:'Command:'Line:null,version', arguments:'[]'
06-05 20:00:36.940 I/System.out(21865): result:{"bonusInformation":[],"message":"0.9.8","success":true}
06-05 20:00:36.942 I/System.out(21865): URI: //start-application
06-05 20:00:36.942 I/System.out(21865): params: {json={"intent":null}
06-05 20:00:36.942 I/System.out(21865): }
06-05 20:00:36.968 I/ActivityManager( 1629): START u0 {act=android.intent.action.MAIN cat=[android.intent.category.LAUNCHER] flg=0x10200000 cmp=com.evancharlton.mileage/.Mileage} from uid 10196 on display 0
06-05 20:00:37.087 I/WindowManager( 1629): Destroying surface Surface(name=com.evancharlton.mileage/com.evancharlton.mileage.Mileage) called by com.android.server.wm.WindowStateAnimator.destroySurface:2016 com.android.server.wm.WindowStateAnimator.destroySurfaceLocked:882 com.android.server.wm.WindowState.removeLocked:1456 com.android.server.wm.WindowManagerService.removeWindowInnerLocked:2484 com.android.server.wm.AppWindowToken.destroySurfaces:365 com.android.server.wm.WindowStateAnimator.finishExit:565 com.android.server.wm.AppWindowAnimator.stepAnimationLocked:427 com.android.server.wm.WindowAnimator.updateAppWindowsLocked:196 
06-05 20:00:37.104 I/calabash(21865): newActivity1
06-05 20:00:37.114 I/calabash(21865): newActivity1
06-05 20:00:37.115 W/ActivityManager( 1629): Bad activity token: android.os.BinderProxy@dcd68fb
06-05 20:00:37.115 W/ActivityManager( 1629): java.lang.ClassCastException: android.os.BinderProxy cannot be cast to com.android.server.am.ActivityRecord$Token
06-05 20:00:37.115 W/ActivityManager( 1629): 	at com.android.server.am.ActivityRecord.forTokenLocked(ActivityRecord.java:586)
06-05 20:00:37.115 W/ActivityManager( 1629): 	at com.android.server.am.ActivityRecord.isInStackLocked(ActivityRecord.java:1327)
06-05 20:00:37.115 W/ActivityManager( 1629): 	at com.android.server.am.ActivityRecord.getStackLocked(ActivityRecord.java:1332)
06-05 20:00:37.115 W/ActivityManager( 1629): 	at com.android.server.am.ActivityManagerService.getActivityDisplayId(ActivityManagerService.java:9806)
06-05 20:00:37.115 W/ActivityManager( 1629): 	at android.app.ActivityManagerNative.onTransact(ActivityManagerNative.java:2566)
06-05 20:00:37.115 W/ActivityManager( 1629): 	at com.android.server.am.ActivityManagerService.onTransact(ActivityManagerService.java:2757)
06-05 20:00:37.115 W/ActivityManager( 1629): 	at android.os.Binder.execTransact(Binder.java:565)
06-05 20:00:37.116 W/ActivityManager( 1629): Bad activity token: android.os.BinderProxy@dcd68fb
06-05 20:00:37.116 W/ActivityManager( 1629): java.lang.ClassCastException: android.os.BinderProxy cannot be cast to com.android.server.am.ActivityRecord$Token
06-05 20:00:37.116 W/ActivityManager( 1629): 	at com.android.server.am.ActivityRecord.forTokenLocked(ActivityRecord.java:586)
06-05 20:00:37.116 W/ActivityManager( 1629): 	at com.android.server.am.ActivityRecord.isInStackLocked(ActivityRecord.java:1327)
06-05 20:00:37.116 W/ActivityManager( 1629): 	at com.android.server.am.ActivityManagerService.setTaskDescription(ActivityManagerService.java:9358)
06-05 20:00:37.116 W/ActivityManager( 1629): 	at android.app.ActivityManagerNative.onTransact(ActivityManagerNative.java:2639)
06-05 20:00:37.116 W/ActivityManager( 1629): 	at com.android.server.am.ActivityManagerService.onTransact(ActivityManagerService.java:2757)
06-05 20:00:37.116 W/ActivityManager( 1629): 	at android.os.Binder.execTransact(Binder.java:565)
06-05 20:00:37.116 W/ActivityManager( 1629): Bad activity token: android.os.BinderProxy@dcd68fb
06-05 20:00:37.116 W/ActivityManager( 1629): java.lang.ClassCastException: android.os.BinderProxy cannot be cast to com.android.server.am.ActivityRecord$Token
06-05 20:00:37.116 W/ActivityManager( 1629): 	at com.android.server.am.ActivityRecord.forTokenLocked(ActivityRecord.java:586)
06-05 20:00:37.116 W/ActivityManager( 1629): 	at com.android.server.am.ActivityRecord.isInStackLocked(ActivityRecord.java:1327)
06-05 20:00:37.116 W/ActivityManager( 1629): 	at com.android.server.am.ActivityRecord.getStackLocked(ActivityRecord.java:1332)
06-05 20:00:37.116 W/ActivityManager( 1629): 	at com.android.server.am.ActivityManagerService.getActivityStackId(ActivityManagerService.java:9817)
06-05 20:00:37.116 W/ActivityManager( 1629): 	at android.app.ActivityManagerNative.onTransact(ActivityManagerNative.java:2856)
06-05 20:00:37.116 W/ActivityManager( 1629): 	at com.android.server.am.ActivityManagerService.onTransact(ActivityManagerService.java:2757)
06-05 20:00:37.116 W/ActivityManager( 1629): 	at android.os.Binder.execTransact(Binder.java:565)
06-05 20:00:37.117 D/gralloc_ranchu( 1348): gralloc_alloc: Creating ashmem region of size 9023488
06-05 20:00:37.134 W/ActivityManager( 1629): Bad activity token: android.os.BinderProxy@dcd68fb
06-05 20:00:37.134 W/ActivityManager( 1629): java.lang.ClassCastException: android.os.BinderProxy cannot be cast to com.android.server.am.ActivityRecord$Token
06-05 20:00:37.134 W/ActivityManager( 1629): 	at com.android.server.am.ActivityRecord.forTokenLocked(ActivityRecord.java:586)
06-05 20:00:37.134 W/ActivityManager( 1629): 	at com.android.server.am.ActivityRecord.isInStackLocked(ActivityRecord.java:1327)
06-05 20:00:37.134 W/ActivityManager( 1629): 	at com.android.server.am.ActivityManagerService.getActivityOptions(ActivityManagerService.java:12559)
06-05 20:00:37.134 W/ActivityManager( 1629): 	at android.app.ActivityManagerNative.onTransact(ActivityManagerNative.java:1933)
06-05 20:00:37.134 W/ActivityManager( 1629): 	at com.android.server.am.ActivityManagerService.onTransact(ActivityManagerService.java:2757)
06-05 20:00:37.134 W/ActivityManager( 1629): 	at android.os.Binder.execTransact(Binder.java:565)
06-05 20:00:37.135 W/ActivityManager( 1629): Bad activity token: android.os.BinderProxy@dcd68fb
06-05 20:00:37.135 W/ActivityManager( 1629): java.lang.ClassCastException: android.os.BinderProxy cannot be cast to com.android.server.am.ActivityRecord$Token
06-05 20:00:37.135 W/ActivityManager( 1629): 	at com.android.server.am.ActivityRecord.forTokenLocked(ActivityRecord.java:586)
06-05 20:00:37.135 W/ActivityManager( 1629): 	at com.android.server.am.ActivityRecord.isInStackLocked(ActivityRecord.java:1327)
06-05 20:00:37.135 W/ActivityManager( 1629): 	at com.android.server.am.ActivityManagerService.getActivityOptions(ActivityManagerService.java:12559)
06-05 20:00:37.135 W/ActivityManager( 1629): 	at android.app.ActivityManagerNative.onTransact(ActivityManagerNative.java:1933)
06-05 20:00:37.135 W/ActivityManager( 1629): 	at com.android.server.am.ActivityManagerService.onTransact(ActivityManagerService.java:2757)
06-05 20:00:37.135 W/ActivityManager( 1629): 	at android.os.Binder.execTransact(Binder.java:565)
06-05 20:00:37.142 V/PhoneStatusBar( 1711): setLightsOn(true)
06-05 20:00:37.152 D/EGL_emulation( 2147): eglMakeCurrent: 0xa3805360: ver 2 0 (tinfo 0xa3803630)
06-05 20:00:37.152 D/EGL_emulation( 1711): eglMakeCurrent: 0x9f1709c0: ver 2 0 (tinfo 0xa0e61d00)
06-05 20:00:37.168 D/gralloc_ranchu( 1348): gralloc_alloc: Creating ashmem region of size 9023488
06-05 20:00:37.171 D/EGL_emulation( 1711): eglMakeCurrent: 0x9f1709c0: ver 2 0 (tinfo 0xa0e61d00)
06-05 20:00:37.172 D/        (21865): HostConnection::get() New Host Connection established 0x921230c0, tid 21865
06-05 20:00:37.173 D/EGL_emulation( 1711): eglMakeCurrent: 0x9f1709c0: ver 2 0 (tinfo 0xa0e61d00)
06-05 20:00:37.173 V/PhoneStatusBar( 1711): setLightsOn(true)
06-05 20:00:37.204 D/EGL_emulation( 1711): eglMakeCurrent: 0x9f1709c0: ver 2 0 (tinfo 0xa0e61d00)
06-05 20:00:37.207 D/EGL_emulation( 1711): eglMakeCurrent: 0x9f1709c0: ver 2 0 (tinfo 0xa0e61d00)
06-05 20:00:37.218 D/EGL_emulation( 1711): eglMakeCurrent: 0x9f1709c0: ver 2 0 (tinfo 0xa0e61d00)
06-05 20:00:37.220 D/EGL_emulation( 1711): eglMakeCurrent: 0x9f1709c0: ver 2 0 (tinfo 0xa0e61d00)
06-05 20:00:37.235 D/EGL_emulation( 1711): eglMakeCurrent: 0x9f1709c0: ver 2 0 (tinfo 0xa0e61d00)
06-05 20:00:37.236 D/gralloc_ranchu( 1348): gralloc_alloc: Creating ashmem region of size 9023488
06-05 20:00:37.243 D/EGL_emulation( 1711): eglMakeCurrent: 0x9f1709c0: ver 2 0 (tinfo 0xa0e61d00)
06-05 20:00:37.251 I/ActivityManager( 1629): Displayed com.evancharlton.mileage/.Mileage: +164ms
06-05 20:00:37.251 D/EGL_emulation( 1711): eglMakeCurrent: 0x9f1709c0: ver 2 0 (tinfo 0xa0e61d00)
06-05 20:00:37.259 D/EGL_emulation( 1711): eglMakeCurrent: 0x9f1709c0: ver 2 0 (tinfo 0xa0e61d00)
06-05 20:00:37.260 V/PhoneStatusBar( 1711): setLightsOn(true)
06-05 20:00:37.276 D/EGL_emulation( 1711): eglMakeCurrent: 0x9f1709c0: ver 2 0 (tinfo 0xa0e61d00)
06-05 20:00:37.278 D/EGL_emulation( 1711): eglMakeCurrent: 0x9f1709c0: ver 2 0 (tinfo 0xa0e61d00)
06-05 20:00:37.285 D/EGL_emulation( 1711): eglMakeCurrent: 0x9f1709c0: ver 2 0 (tinfo 0xa0e61d00)
06-05 20:00:37.287 D/EGL_emulation( 1711): eglMakeCurrent: 0x9f1709c0: ver 2 0 (tinfo 0xa0e61d00)
06-05 20:00:37.287 V/PhoneStatusBar( 1711): setLightsOn(true)
06-05 20:00:37.291 I/System.out(21865): URI: //map
06-05 20:00:37.291 I/System.out(21865): params: {json={"query":"* marked:'Vehicles'","operation":{"method_name":"query","arguments":[]}}
06-05 20:00:37.291 I/System.out(21865): }
06-05 20:00:37.301 D/EGL_emulation( 1711): eglMakeCurrent: 0x9f1709c0: ver 2 0 (tinfo 0xa0e61d00)
06-05 20:00:37.301 W/ResourceType(21865): No package identifier when getting name for resource number 0x00000001
06-05 20:00:37.303 D/EGL_emulation( 1711): eglMakeCurrent: 0x9f1709c0: ver 2 0 (tinfo 0xa0e61d00)
06-05 20:00:37.314 I/System.out(21865): URI: //gesture
06-05 20:00:37.314 I/System.out(21865): params: {json={"query_timeout":5.0,"gestures":[{"query_string":"* marked:'Vehicles'","touches":[{"x":50,"y":50,"offset_x":0,"offset_y":0,"wait":0.0,"time":0.2,"release":true,"query_string":null}]}]}
06-05 20:00:37.314 I/System.out(21865): }
06-05 20:00:37.318 D/EGL_emulation( 1711): eglMakeCurrent: 0x9f1709c0: ver 2 0 (tinfo 0xa0e61d00)
06-05 20:00:37.319 W/ResourceType(21865): No package identifier when getting name for resource number 0x00000001
06-05 20:00:37.319 D/EGL_emulation( 1711): eglMakeCurrent: 0x9f1709c0: ver 2 0 (tinfo 0xa0e61d00)
06-05 20:00:37.341 D/EGL_emulation( 1711): eglMakeCurrent: 0x9f1709c0: ver 2 0 (tinfo 0xa0e61d00)
06-05 20:00:37.343 D/EGL_emulation( 1711): eglMakeCurrent: 0x9f1709c0: ver 2 0 (tinfo 0xa0e61d00)
06-05 20:00:37.353 D/EGL_emulation( 1711): eglMakeCurrent: 0x9f1709c0: ver 2 0 (tinfo 0xa0e61d00)
06-05 20:00:37.358 D/EGL_emulation( 1711): eglMakeCurrent: 0x9f1709c0: ver 2 0 (tinfo 0xa0e61d00)
06-05 20:00:37.369 D/EGL_emulation( 1711): eglMakeCurrent: 0x9f1709c0: ver 2 0 (tinfo 0xa0e61d00)
06-05 20:00:37.451 I/WindowManager( 1629): Destroying surface Surface(name=Starting com.evancharlton.mileage) called by com.android.server.wm.WindowStateAnimator.destroySurface:2016 com.android.server.wm.WindowStateAnimator.destroySurfaceLocked:882 com.android.server.wm.WindowState.destroyOrSaveSurface:2100 com.android.server.wm.AppWindowToken.destroySurfaces:363 com.android.server.wm.WindowStateAnimator.finishExit:565 com.android.server.wm.WindowStateAnimator.stepAnimationLocked:491 com.android.server.wm.WindowAnimator.updateWindowsLocked:303 com.android.server.wm.WindowAnimator.animateLocked:704 
06-05 20:00:37.453 V/PhoneStatusBar( 1711): setLightsOn(true)
06-05 20:00:37.468 V/PhoneStatusBar( 1711): setLightsOn(true)
06-05 20:00:37.555 I/calabash(21865): newActivity1
06-05 20:00:37.556 W/ActivityManager( 1629): Bad activity token: android.os.BinderProxy@a8cae1
06-05 20:00:37.556 W/ActivityManager( 1629): java.lang.ClassCastException: android.os.BinderProxy cannot be cast to com.android.server.am.ActivityRecord$Token
06-05 20:00:37.556 W/ActivityManager( 1629): 	at com.android.server.am.ActivityRecord.forTokenLocked(ActivityRecord.java:586)
06-05 20:00:37.556 W/ActivityManager( 1629): 	at com.android.server.am.ActivityRecord.isInStackLocked(ActivityRecord.java:1327)
06-05 20:00:37.556 W/ActivityManager( 1629): 	at com.android.server.am.ActivityRecord.getStackLocked(ActivityRecord.java:1332)
06-05 20:00:37.556 W/ActivityManager( 1629): 	at com.android.server.am.ActivityManagerService.getActivityDisplayId(ActivityManagerService.java:9806)
06-05 20:00:37.556 W/ActivityManager( 1629): 	at android.app.ActivityManagerNative.onTransact(ActivityManagerNative.java:2566)
06-05 20:00:37.556 W/ActivityManager( 1629): 	at com.android.server.am.ActivityManagerService.onTransact(ActivityManagerService.java:2757)
06-05 20:00:37.556 W/ActivityManager( 1629): 	at android.os.Binder.execTransact(Binder.java:565)
06-05 20:00:37.557 W/ActivityManager( 1629): Bad activity token: android.os.BinderProxy@a8cae1
06-05 20:00:37.557 W/ActivityManager( 1629): java.lang.ClassCastException: android.os.BinderProxy cannot be cast to com.android.server.am.ActivityRecord$Token
06-05 20:00:37.557 W/ActivityManager( 1629): 	at com.android.server.am.ActivityRecord.forTokenLocked(ActivityRecord.java:586)
06-05 20:00:37.557 W/ActivityManager( 1629): 	at com.android.server.am.ActivityRecord.isInStackLocked(ActivityRecord.java:1327)
06-05 20:00:37.557 W/ActivityManager( 1629): 	at com.android.server.am.ActivityManagerService.setTaskDescription(ActivityManagerService.java:9358)
06-05 20:00:37.557 W/ActivityManager( 1629): 	at android.app.ActivityManagerNative.onTransact(ActivityManagerNative.java:2639)
06-05 20:00:37.557 W/ActivityManager( 1629): 	at com.android.server.am.ActivityManagerService.onTransact(ActivityManagerService.java:2757)
06-05 20:00:37.557 W/ActivityManager( 1629): 	at android.os.Binder.execTransact(Binder.java:565)
06-05 20:00:37.558 W/ActivityManager( 1629): Bad activity token: android.os.BinderProxy@a8cae1
06-05 20:00:37.558 W/ActivityManager( 1629): java.lang.ClassCastException: android.os.BinderProxy cannot be cast to com.android.server.am.ActivityRecord$Token
06-05 20:00:37.558 W/ActivityManager( 1629): 	at com.android.server.am.ActivityRecord.forTokenLocked(ActivityRecord.java:586)
06-05 20:00:37.558 W/ActivityManager( 1629): 	at com.android.server.am.ActivityRecord.isInStackLocked(ActivityRecord.java:1327)
06-05 20:00:37.558 W/ActivityManager( 1629): 	at com.android.server.am.ActivityRecord.getStackLocked(ActivityRecord.java:1332)
06-05 20:00:37.558 W/ActivityManager( 1629): 	at com.android.server.am.ActivityManagerService.getActivityStackId(ActivityManagerService.java:9817)
06-05 20:00:37.558 W/ActivityManager( 1629): 	at android.app.ActivityManagerNative.onTransact(ActivityManagerNative.java:2856)
06-05 20:00:37.558 W/ActivityManager( 1629): 	at com.android.server.am.ActivityManagerService.onTransact(ActivityManagerService.java:2757)
06-05 20:00:37.558 W/ActivityManager( 1629): 	at android.os.Binder.execTransact(Binder.java:565)
06-05 20:00:37.563 W/ActivityManager( 1629): Bad activity token: android.os.BinderProxy@a8cae1
06-05 20:00:37.563 W/ActivityManager( 1629): java.lang.ClassCastException: android.os.BinderProxy cannot be cast to com.android.server.am.ActivityRecord$Token
06-05 20:00:37.563 W/ActivityManager( 1629): 	at com.android.server.am.ActivityRecord.forTokenLocked(ActivityRecord.java:586)
06-05 20:00:37.563 W/ActivityManager( 1629): 	at com.android.server.am.ActivityRecord.isInStackLocked(ActivityRecord.java:1327)
06-05 20:00:37.563 W/ActivityManager( 1629): 	at com.android.server.am.ActivityManagerService.getActivityOptions(ActivityManagerService.java:12559)
06-05 20:00:37.563 W/ActivityManager( 1629): 	at android.app.ActivityManagerNative.onTransact(ActivityManagerNative.java:1933)
06-05 20:00:37.563 W/ActivityManager( 1629): 	at com.android.server.am.ActivityManagerService.onTransact(ActivityManagerService.java:2757)
06-05 20:00:37.563 W/ActivityManager( 1629): 	at android.os.Binder.execTransact(Binder.java:565)
06-05 20:00:37.563 W/ActivityManager( 1629): Bad activity token: android.os.BinderProxy@a8cae1
06-05 20:00:37.563 W/ActivityManager( 1629): java.lang.ClassCastException: android.os.BinderProxy cannot be cast to com.android.server.am.ActivityRecord$Token
06-05 20:00:37.563 W/ActivityManager( 1629): 	at com.android.server.am.ActivityRecord.forTokenLocked(ActivityRecord.java:586)
06-05 20:00:37.563 W/ActivityManager( 1629): 	at com.android.server.am.ActivityRecord.isInStackLocked(ActivityRecord.java:1327)
06-05 20:00:37.563 W/ActivityManager( 1629): 	at com.android.server.am.ActivityManagerService.getActivityOptions(ActivityManagerService.java:12559)
06-05 20:00:37.563 W/ActivityManager( 1629): 	at android.app.ActivityManagerNative.onTransact(ActivityManagerNative.java:1933)
06-05 20:00:37.563 W/ActivityManager( 1629): 	at com.android.server.am.ActivityManagerService.onTransact(ActivityManagerService.java:2757)
06-05 20:00:37.563 W/ActivityManager( 1629): 	at android.os.Binder.execTransact(Binder.java:565)
06-05 20:00:37.618 V/PhoneStatusBar( 1711): setLightsOn(true)
06-05 20:00:37.903 V/PhoneStatusBar( 1711): setLightsOn(true)
06-05 20:00:37.904 W/OpenGLRenderer( 2147): Incorrectly called buildLayer on View: ShortcutAndWidgetContainer, destroying layer...
06-05 20:00:37.905 V/PhoneStatusBar( 1711): setLightsOn(true)
06-05 20:00:37.920 V/PhoneStatusBar( 1711): setLightsOn(true)
06-05 20:00:37.921 I/WindowManager( 1629): Destroying surface Surface(name=com.android.launcher3/com.android.launcher3.Launcher) called by com.android.server.wm.WindowStateAnimator.destroySurface:2016 com.android.server.wm.WindowStateAnimator.destroySurfaceLocked:882 com.android.server.wm.WindowState.destroyOrSaveSurface:2100 com.android.server.wm.AppWindowToken.destroySurfaces:363 com.android.server.wm.AppWindowToken.notifyAppStopped:389 com.android.server.wm.WindowManagerService.notifyAppStopped:4463 com.android.server.am.ActivityStack.activityStoppedLocked:1252 com.android.server.am.ActivityManagerService.activityStopped:6903 
06-05 20:00:38.574 I/System.out(21865): URI: //
06-05 20:00:38.575 I/System.out(21865): params: {json={"command":"press_key","arguments":["KEYCODE_MENU"]}
06-05 20:00:38.575 I/System.out(21865): }
06-05 20:00:38.575 I/System.out(21865): header: {content-type=application/json;charset=utf-8, date=Sat, 06 Jun 2020 01:00:39 GMT, accept=*/*, host=127.0.0.1:34783, content-length=52, user-agent=HTTPClient/1.0 (2.8.3, ruby 2.5.1 (2018-03-29))}
06-05 20:00:38.575 I/System.out(21865): params: {json={"command":"press_key","arguments":["KEYCODE_MENU"]}
06-05 20:00:38.575 I/System.out(21865): }
06-05 20:00:38.575 I/System.out(21865): ProP json = {"command":"press_key","arguments":["KEYCODE_MENU"]}
06-05 20:00:38.575 I/System.out(21865): files: {}
06-05 20:00:38.575 I/System.out(21865): command: {"command":"press_key","arguments":["KEYCODE_MENU"]}
06-05 20:00:38.579 I/InstrumentationBackend(21865): Got command:'Command:'Line:null,press_key', arguments:'[KEYCODE_MENU]'
06-05 20:00:38.624 V/PhoneStatusBar( 1711): setLightsOn(true)
06-05 20:00:38.641 I/System.out(21865): result:{"bonusInformation":[],"message":"","success":true}
06-05 20:00:38.641 V/PhoneStatusBar( 1711): setLightsOn(true)
06-05 20:00:38.654 V/PhoneStatusBar( 1711): setLightsOn(true)
06-05 20:00:38.656 I/System.out(21865): URI: //map
06-05 20:00:38.656 I/System.out(21865): params: {json={"query":"* marked:'Edit vehicle types'","operation":{"method_name":"query","arguments":[]}}
06-05 20:00:38.656 I/System.out(21865): }
06-05 20:00:38.670 V/PhoneStatusBar( 1711): setLightsOn(true)
06-05 20:00:38.675 D/gralloc_ranchu( 1348): gralloc_alloc: Creating ashmem region of size 1720320
06-05 20:00:38.700 V/PhoneStatusBar( 1711): setLightsOn(true)
06-05 20:00:38.702 V/PhoneStatusBar( 1711): setLightsOn(true)
06-05 20:00:38.705 W/ResourceType(21865): No package identifier when getting name for resource number 0x00000001
06-05 20:00:38.718 I/art     (21865): Do partial code cache collection, code=30KB, data=28KB
06-05 20:00:38.719 I/art     (21865): After code cache collection, code=29KB, data=28KB
06-05 20:00:38.719 I/art     (21865): Increasing code cache capacity to 128KB
06-05 20:00:38.720 V/PhoneStatusBar( 1711): setLightsOn(true)
06-05 20:00:38.748 I/System.out(21865): URI: //gesture
06-05 20:00:38.749 I/System.out(21865): params: {json={"query_timeout":5.0,"gestures":[{"query_string":"* marked:'Edit vehicle types'","touches":[{"x":50,"y":50,"offset_x":0,"offset_y":0,"wait":0.0,"time":0.2,"release":true,"query_string":null}]}]}
06-05 20:00:38.749 I/System.out(21865): }
06-05 20:00:38.769 W/ResourceType(21865): No package identifier when getting name for resource number 0x00000001
06-05 20:00:38.870 D/gralloc_ranchu( 1348): gralloc_alloc: Creating ashmem region of size 9023488
06-05 20:00:38.951 V/PhoneStatusBar( 1711): setLightsOn(true)
06-05 20:00:38.987 D/gralloc_ranchu( 1348): gralloc_alloc: Creating ashmem region of size 1720320
06-05 20:00:39.069 I/ActivityManager( 1629): START u0 {cmp=com.evancharlton.mileage/.VehicleTypeListActivity} from uid 10196 on display 0
06-05 20:00:39.070 V/PhoneStatusBar( 1711): setLightsOn(true)
06-05 20:00:39.071 V/PhoneStatusBar( 1711): setLightsOn(true)
06-05 20:00:39.075 I/WindowManager( 1629): Destroying surface Surface(name=AtchDlg:com.evancharlton.mileage/com.evancharlton.mileage.VehicleListActivity) called by com.android.server.wm.WindowStateAnimator.destroySurface:2016 com.android.server.wm.WindowStateAnimator.destroySurfaceLocked:882 com.android.server.wm.WindowState.removeLocked:1456 com.android.server.wm.WindowManagerService.removeWindowInnerLocked:2484 com.android.server.wm.WindowManagerService.removeWindowLocked:2442 com.android.server.wm.WindowManagerService.removeWindowLocked:2311 com.android.server.wm.WindowManagerService.removeWindow:2306 com.android.server.wm.Session.remove:202 
06-05 20:00:39.076 I/calabash(21865): newActivity1
06-05 20:00:39.085 I/System.out(21865): URI: //map
06-05 20:00:39.085 I/System.out(21865): params: {json={"query":"* {text CONTAINS[c] 'Car'}","operation":{"method_name":"query","arguments":[]}}
06-05 20:00:39.085 I/System.out(21865): }
06-05 20:00:39.088 V/PhoneStatusBar( 1711): setLightsOn(true)
06-05 20:00:39.106 D/gralloc_ranchu( 1348): gralloc_alloc: Creating ashmem region of size 9023488
06-05 20:00:39.118 V/PhoneStatusBar( 1711): setLightsOn(true)
06-05 20:00:39.141 I/ActivityManager( 1629): Displayed com.evancharlton.mileage/.VehicleTypeListActivity: +68ms
06-05 20:00:39.152 V/PhoneStatusBar( 1711): setLightsOn(true)
06-05 20:00:39.157 I/System.out(21865): URI: //gesture
06-05 20:00:39.157 I/System.out(21865): params: {json={"query_timeout":5.0,"gestures":[{"query_string":"* {text CONTAINS[c] 'Car'}","touches":[{"x":50,"y":50,"offset_x":0,"offset_y":0,"wait":0.0,"time":1.0,"release":true,"query_string":null}]}]}
06-05 20:00:39.157 I/System.out(21865): }
06-05 20:00:39.168 V/PhoneStatusBar( 1711): setLightsOn(true)
06-05 20:00:39.201 V/PhoneStatusBar( 1711): setLightsOn(true)
06-05 20:00:39.301 D/gralloc_ranchu( 1348): gralloc_alloc: Creating ashmem region of size 9023488
06-05 20:00:39.356 D/gralloc_ranchu( 1348): gralloc_alloc: Creating ashmem region of size 9023488
06-05 20:00:39.385 V/PhoneStatusBar( 1711): setLightsOn(true)
06-05 20:00:39.502 V/PhoneStatusBar( 1711): setLightsOn(true)
06-05 20:00:39.503 V/PhoneStatusBar( 1711): setLightsOn(true)
06-05 20:00:39.519 V/PhoneStatusBar( 1711): setLightsOn(true)
06-05 20:00:39.590 I/WindowManager( 1629): Destroying surface Surface(name=com.evancharlton.mileage/com.evancharlton.mileage.Mileage) called by com.android.server.wm.WindowStateAnimator.destroySurface:2016 com.android.server.wm.WindowStateAnimator.destroySurfaceLocked:882 com.android.server.wm.WindowState.destroyOrSaveSurface:2100 com.android.server.wm.WindowManagerService.tryStartExitingAnimation:3024 com.android.server.wm.WindowManagerService.relayoutWindow:2904 com.android.server.wm.Session.relayout:224 android.view.IWindowSession$Stub.onTransact:286 com.android.server.wm.Session.onTransact:145 
06-05 20:00:39.590 V/PhoneStatusBar( 1711): setLightsOn(true)
06-05 20:00:39.842 V/PhoneStatusBar( 1711): setLightsOn(true)
06-05 20:00:39.844 V/PhoneStatusBar( 1711): setLightsOn(true)
06-05 20:00:39.852 V/PhoneStatusBar( 1711): setLightsOn(true)
06-05 20:00:39.876 D/gralloc_ranchu( 1348): gralloc_alloc: Creating ashmem region of size 843776
06-05 20:00:39.881 V/PhoneStatusBar( 1711): setLightsOn(true)
06-05 20:00:39.882 V/PhoneStatusBar( 1711): setLightsOn(true)
06-05 20:00:39.885 V/PhoneStatusBar( 1711): setLightsOn(true)
06-05 20:00:39.885 D/gralloc_ranchu( 1348): gralloc_alloc: Creating ashmem region of size 843776
06-05 20:00:40.135 V/PhoneStatusBar( 1711): setLightsOn(true)
06-05 20:00:40.250 I/System.out(21865): URI: //map
06-05 20:00:40.250 I/System.out(21865): params: {json={"query":"android.widget.ScrollView index:0","operation":{"method_name":"query","arguments":[]}}
06-05 20:00:40.250 I/System.out(21865): }
06-05 20:00:40.303 I/System.out(21865): URI: //map
06-05 20:00:40.303 I/System.out(21865): params: {json={"query":"android.widget.AbsListView index:0","operation":{"method_name":"query","arguments":[]}}
06-05 20:00:40.303 I/System.out(21865): }
06-05 20:00:40.317 I/System.out(21865): URI: //map
06-05 20:00:40.317 I/System.out(21865): params: {json={"query":"android.widget.AbsListView index:0","operation":{"method_name":"query","arguments":[]}}
06-05 20:00:40.317 I/System.out(21865): }
06-05 20:00:40.327 I/System.out(21865): URI: //map
06-05 20:00:40.328 I/System.out(21865): params: {json={"query":"android.widget.AbsListView index:0","operation":{"method_name":"query","arguments":[]}}
06-05 20:00:40.328 I/System.out(21865): }
06-05 20:00:40.338 I/System.out(21865): URI: //map
06-05 20:00:40.338 I/System.out(21865): params: {json={"query":"android.widget.AbsListView index:0","operation":{"method_name":"query","arguments":["getFirstVisiblePosition"]}}
06-05 20:00:40.338 I/System.out(21865): }
06-05 20:00:40.348 I/System.out(21865): URI: //map
06-05 20:00:40.348 I/System.out(21865): params: {json={"query":"android.widget.AbsListView index:0","operation":{"method_name":"query","arguments":["getLastVisiblePosition"]}}
06-05 20:00:40.348 I/System.out(21865): }
06-05 20:00:40.359 I/System.out(21865): URI: //map
06-05 20:00:40.359 I/System.out(21865): params: {json={"query":"android.widget.AbsListView index:0","operation":{"method_name":"query","arguments":[{"method_name":"setSelection","arguments":[1]}]}}
06-05 20:00:40.359 I/System.out(21865): }
06-05 20:00:40.368 I/art     (21865): Do partial code cache collection, code=59KB, data=62KB
06-05 20:00:40.368 I/art     (21865): After code cache collection, code=58KB, data=62KB
06-05 20:00:40.368 I/art     (21865): Increasing code cache capacity to 256KB
06-05 20:00:40.375 I/System.out(21865): URI: //map
06-05 20:00:40.375 I/System.out(21865): params: {json={"query":"* {text CONTAINS[c] 'Edit'}","operation":{"method_name":"query","arguments":[]}}
06-05 20:00:40.375 I/System.out(21865): }
06-05 20:00:40.443 V/PhoneStatusBar( 1711): setLightsOn(true)
06-05 20:00:40.500 I/System.out(21865): URI: //map
06-05 20:00:40.500 I/System.out(21865): params: {json={"query":"* marked:'Edit'","operation":{"method_name":"query","arguments":[]}}
06-05 20:00:40.500 I/System.out(21865): }
06-05 20:00:40.504 W/ResourceType(21865): No package identifier when getting name for resource number 0x00000001
06-05 20:00:40.514 I/System.out(21865): URI: //gesture
06-05 20:00:40.514 I/System.out(21865): params: {json={"query_timeout":5.0,"gestures":[{"query_string":"* marked:'Edit'","touches":[{"x":50,"y":50,"offset_x":0,"offset_y":0,"wait":0.0,"time":0.2,"release":true,"query_string":null}]}]}
06-05 20:00:40.514 I/System.out(21865): }
06-05 20:00:40.517 W/ResourceType(21865): No package identifier when getting name for resource number 0x00000001
06-05 20:00:40.752 I/ActivityManager( 1629): START u0 {cmp=com.evancharlton.mileage/.VehicleTypeActivity (has extras)} from uid 10196 on display 0
06-05 20:00:40.753 V/PhoneStatusBar( 1711): setLightsOn(true)
06-05 20:00:40.754 V/PhoneStatusBar( 1711): setLightsOn(true)
06-05 20:00:40.756 V/PhoneStatusBar( 1711): setLightsOn(true)
06-05 20:00:40.756 W/InputEventReceiver(21865): Attempted to finish an input event but the input event receiver has already been disposed.
06-05 20:00:40.758 I/calabash(21865): newActivity1
06-05 20:00:40.763 I/System.out(21865): URI: //gesture
06-05 20:00:40.763 I/System.out(21865): params: {json={"query_timeout":5.0,"gestures":[{"query_string":"android.widget.EditText index:1","touches":[{"x":50,"y":50,"offset_x":0,"offset_y":0,"wait":0.0,"time":0.2,"release":true,"query_string":null}]}]}
06-05 20:00:40.763 I/System.out(21865): }
06-05 20:00:40.771 V/PhoneStatusBar( 1711): setLightsOn(true)
06-05 20:00:40.794 D/gralloc_ranchu( 1348): gralloc_alloc: Creating ashmem region of size 9023488
06-05 20:00:40.803 V/PhoneStatusBar( 1711): setLightsOn(true)
06-05 20:00:40.844 I/ActivityManager( 1629): Displayed com.evancharlton.mileage/.VehicleTypeActivity: +88ms
06-05 20:00:40.845 W/InputMethodService( 1696): Window size has been changed. This may cause jankiness of resizing window: -1 -> -2
06-05 20:00:40.851 D/gralloc_ranchu( 1348): gralloc_alloc: Creating ashmem region of size 9023488
06-05 20:00:40.857 I/LatinIME( 1696): Starting input. Cursor position = 0,0
06-05 20:00:40.868 V/PhoneStatusBar( 1711): setLightsOn(true)
06-05 20:00:40.918 V/PhoneStatusBar( 1711): setLightsOn(true)
06-05 20:00:40.935 V/PhoneStatusBar( 1711): setLightsOn(true)
06-05 20:00:40.954 D/EGL_emulation( 1696): eglMakeCurrent: 0xa38054e0: ver 2 0 (tinfo 0xa38035d0)
06-05 20:00:40.957 D/EGL_emulation( 1711): eglMakeCurrent: 0x9f1709c0: ver 2 0 (tinfo 0xa0e61d00)
06-05 20:00:40.957 V/PhoneStatusBar( 1711): setLightsOn(true)
06-05 20:00:40.970 D/EGL_emulation( 1711): eglMakeCurrent: 0x9f1709c0: ver 2 0 (tinfo 0xa0e61d00)
06-05 20:00:40.970 V/PhoneStatusBar( 1711): setLightsOn(true)
06-05 20:00:40.985 V/PhoneStatusBar( 1711): setLightsOn(true)
06-05 20:00:41.018 I/WindowManager( 1629): Destroying surface Surface(name=PopupWindow:78daecc) called by com.android.server.wm.WindowStateAnimator.destroySurface:2016 com.android.server.wm.WindowStateAnimator.destroySurfaceLocked:882 com.android.server.wm.WindowState.destroyOrSaveSurface:2100 com.android.server.wm.AppWindowToken.destroySurfaces:363 com.android.server.wm.WindowStateAnimator.finishExit:565 com.android.server.wm.WindowStateAnimator.stepAnimationLocked:491 com.android.server.wm.WindowAnimator.updateWindowsLocked:303 com.android.server.wm.WindowAnimator.animateLocked:704 
06-05 20:00:41.036 V/PhoneStatusBar( 1711): setLightsOn(true)
06-05 20:00:41.118 V/PhoneStatusBar( 1711): setLightsOn(true)
06-05 20:00:41.126 I/LatinIME( 1696): Starting input. Cursor position = 13,13
06-05 20:00:41.200 W/IInputConnectionWrapper(21865): finishComposingText on inactive InputConnection
06-05 20:00:41.200 W/IInputConnectionWrapper(21865): finishComposingText on inactive InputConnection
06-05 20:00:41.201 V/PhoneStatusBar( 1711): setLightsOn(true)
06-05 20:00:41.205 V/PhoneStatusBar( 1711): setLightsOn(true)
06-05 20:00:41.218 V/PhoneStatusBar( 1711): setLightsOn(true)
06-05 20:00:41.220 V/PhoneStatusBar( 1711): setLightsOn(true)
06-05 20:00:41.220 V/PhoneStatusBar( 1711): setLightsOn(true)
06-05 20:00:41.234 D/gralloc_ranchu( 1348): gralloc_alloc: Creating ashmem region of size 49152
06-05 20:00:41.237 V/PhoneStatusBar( 1711): setLightsOn(true)
06-05 20:00:41.238 V/PhoneStatusBar( 1711): setLightsOn(true)
06-05 20:00:41.251 V/PhoneStatusBar( 1711): setLightsOn(true)
06-05 20:00:41.351 V/PhoneStatusBar( 1711): setLightsOn(true)
06-05 20:00:41.368 I/WindowManager( 1629): Destroying surface Surface(name=com.evancharlton.mileage/com.evancharlton.mileage.VehicleTypeListActivity) called by com.android.server.wm.WindowStateAnimator.destroySurface:2016 com.android.server.wm.WindowStateAnimator.destroySurfaceLocked:882 com.android.server.wm.WindowState.destroyOrSaveSurface:2100 com.android.server.wm.WindowManagerService.tryStartExitingAnimation:3024 com.android.server.wm.WindowManagerService.relayoutWindow:2904 com.android.server.wm.Session.relayout:224 android.view.IWindowSession$Stub.onTransact:286 com.android.server.wm.Session.onTransact:145 
06-05 20:00:41.368 V/PhoneStatusBar( 1711): setLightsOn(true)
06-05 20:00:41.384 D/gralloc_ranchu( 1348): gralloc_alloc: Creating ashmem region of size 49152
06-05 20:00:41.635 I/System.out(21865): URI: //
06-05 20:00:41.635 I/System.out(21865): params: {json={"command":"set_selection","arguments":[-1,-1]}
06-05 20:00:41.636 I/System.out(21865): }
06-05 20:00:41.636 I/System.out(21865): header: {content-type=application/json;charset=utf-8, date=Sat, 06 Jun 2020 01:00:42 GMT, accept=*/*, host=127.0.0.1:34783, content-length=47, user-agent=HTTPClient/1.0 (2.8.3, ruby 2.5.1 (2018-03-29))}
06-05 20:00:41.636 I/System.out(21865): params: {json={"command":"set_selection","arguments":[-1,-1]}
06-05 20:00:41.636 I/System.out(21865): }
06-05 20:00:41.636 I/System.out(21865): ProP json = {"command":"set_selection","arguments":[-1,-1]}
06-05 20:00:41.636 I/System.out(21865): files: {}
06-05 20:00:41.636 I/System.out(21865): command: {"command":"set_selection","arguments":[-1,-1]}
06-05 20:00:41.641 I/InstrumentationBackend(21865): Got command:'Command:'Line:null,set_selection', arguments:'[-1, -1]'
06-05 20:00:41.657 I/System.out(21865): result:{"bonusInformation":[],"message":"","success":true}
06-05 20:00:41.763 I/System.out(21865): URI: //
06-05 20:00:41.763 I/System.out(21865): params: {json={"command":"delete_surrounding_text","arguments":[-1,0]}
06-05 20:00:41.763 I/System.out(21865): }
06-05 20:00:41.763 I/System.out(21865): header: {content-type=application/json;charset=utf-8, date=Sat, 06 Jun 2020 01:00:42 GMT, accept=*/*, host=127.0.0.1:34783, content-length=56, user-agent=HTTPClient/1.0 (2.8.3, ruby 2.5.1 (2018-03-29))}
06-05 20:00:41.763 I/System.out(21865): params: {json={"command":"delete_surrounding_text","arguments":[-1,0]}
06-05 20:00:41.763 I/System.out(21865): }
06-05 20:00:41.763 I/System.out(21865): ProP json = {"command":"delete_surrounding_text","arguments":[-1,0]}
06-05 20:00:41.763 I/System.out(21865): files: {}
06-05 20:00:41.763 I/System.out(21865): command: {"command":"delete_surrounding_text","arguments":[-1,0]}
06-05 20:00:41.764 I/InstrumentationBackend(21865): Got command:'Command:'Line:null,delete_surrounding_text', arguments:'[-1, 0]'
06-05 20:00:41.764 E/SpannableStringBuilder(21865): SPAN_EXCLUSIVE_EXCLUSIVE spans cannot have a zero length
06-05 20:00:41.764 E/SpannableStringBuilder(21865): SPAN_EXCLUSIVE_EXCLUSIVE spans cannot have a zero length
06-05 20:00:41.766 V/PhoneStatusBar( 1711): setLightsOn(true)
06-05 20:00:41.772 I/System.out(21865): result:{"bonusInformation":[],"message":"","success":true}
06-05 20:00:41.776 I/System.out(21865): URI: //map
06-05 20:00:41.776 I/System.out(21865): params: {json={"query":"android.widget.EditText index:1","operation":{"method_name":"query","arguments":[]}}
