--------- beginning of system
06-05 21:19:10.115 W/ActivityManager( 1630): Duplicate finish request for ActivityRecord{3b7c80 u0 com.evancharlton.mileage/.Mileage t7456 f}
06-05 21:19:10.115 W/ActivityManager( 1630): Duplicate finish request for ActivityRecord{3b7c80 u0 com.evancharlton.mileage/.Mileage t7456 f}
06-05 21:19:10.115 W/ActivityManager( 1630): Duplicate finish request for ActivityRecord{3b7c80 u0 com.evancharlton.mileage/.Mileage t7456 f}
06-05 21:19:10.115 W/ActivityManager( 1630): Duplicate finish request for ActivityRecord{97580e3 u0 com.evancharlton.mileage/.ImportExportActivity t7456 f}
--------- beginning of main
06-05 21:19:10.116 V/PhoneStatusBar( 1711): setLightsOn(true)
06-05 21:19:10.117 V/PhoneStatusBar( 1711): setLightsOn(true)
06-05 21:19:10.118 V/PhoneStatusBar( 1711): setLightsOn(true)
06-05 21:19:10.119 V/PhoneStatusBar( 1711): setLightsOn(true)
06-05 21:19:10.119 W/ActivityManager( 1630): Finishing task with all activities already finished
06-05 21:19:10.119 W/ActivityManager( 1630): Duplicate finish request for ActivityRecord{be3cad1 u0 com.evancharlton.mileage/.ImportActivity t7456 f}
06-05 21:19:10.163 D/gralloc_ranchu( 1347): gralloc_alloc: Creating ashmem region of size 3145728
06-05 21:19:10.167 E/EGL_emulation( 1347): tid 1347: eglCreateSyncKHR(1901): error 0x3004 (EGL_BAD_ATTRIBUTE)
06-05 21:19:10.195 D/EGL_emulation( 1711): eglMakeCurrent: 0xb0f853c0: ver 2 0 (tinfo 0xb0f833e0)
06-05 21:19:10.196 D/AndroidRuntime( 6625): >>>>>> START com.android.internal.os.RuntimeInit uid 2000 <<<<<<
06-05 21:19:10.197 D/AndroidRuntime( 6625): CheckJNI is ON
06-05 21:19:10.208 W/art     ( 6625): Unexpected CPU variant for X86 using defaults: x86
06-05 21:19:10.210 D/ICU     ( 6625): No timezone override file found: /data/misc/zoneinfo/current/icu/icu_tzdata.dat
06-05 21:19:10.211 D/EGL_emulation( 1711): eglMakeCurrent: 0xb0f853c0: ver 2 0 (tinfo 0xb0f833e0)
06-05 21:19:10.212 D/EGL_emulation( 2083): eglMakeCurrent: 0xb0f85240: ver 2 0 (tinfo 0xb0f832d0)
06-05 21:19:10.219 E/memtrack( 6625): Couldn't load memtrack module (No such file or directory)
06-05 21:19:10.219 E/android.os.Debug( 6625): failed to load memtrack module: -2
06-05 21:19:10.220 I/Radio-JNI( 6625): register_android_hardware_Radio DONE
06-05 21:19:10.223 D/AndroidRuntime( 6625): Calling main entry com.android.commands.am.Am
06-05 21:19:10.225 I/ActivityManager( 1630): Force stopping com.evancharlton.mileage appid=10286 user=0: start instr
06-05 21:19:10.225 I/ActivityManager( 1630): Killing 6567:com.evancharlton.mileage/u0a286 (adj 0): stop com.evancharlton.mileage
06-05 21:19:10.225 D/ActivityManager( 1630): cleanUpApplicationRecord -- 6567
06-05 21:19:10.225 W/ActivityManager( 1630): Crash of app com.evancharlton.mileage running instrumentation ComponentInfo{com.evancharlton.mileage.test/sh.calaba.instrumentationbackend.CalabashInstrumentationTestRunner}
06-05 21:19:10.225 I/ActivityManager( 1630): Force stopping com.evancharlton.mileage appid=10286 user=0: finished inst
06-05 21:19:10.227 I/WindowManager( 1630): Destroying surface Surface(name=com.evancharlton.mileage/com.evancharlton.mileage.ImportActivity) called by com.android.server.wm.WindowStateAnimator.destroySurface:2016 com.android.server.wm.WindowStateAnimator.destroySurfaceLocked:882 com.android.server.wm.WindowState.removeLocked:1456 com.android.server.wm.WindowManagerService.removeWindowInnerLocked:2484 com.android.server.wm.AppWindowToken.destroySurfaces:365 com.android.server.wm.WindowStateAnimator.finishExit:565 com.android.server.wm.WindowStateAnimator.stepAnimationLocked:491 com.android.server.wm.WindowAnimator.updateWindowsLocked:303 
06-05 21:19:10.228 I/art     ( 6635): Not late-enabling -Xcheck:jni (already on)
06-05 21:19:10.229 W/art     ( 6635): Unexpected CPU variant for X86 using defaults: x86
06-05 21:19:10.236 I/ActivityManager( 1630): Start proc 6635:com.evancharlton.mileage/u0a286 for added application com.evancharlton.mileage
06-05 21:19:10.236 D/AndroidRuntime( 6625): Shutting down VM
06-05 21:19:10.242 W/System  ( 6635): ClassLoader referenced unknown path: /data/app/com.evancharlton.mileage.test-1/lib/x86
06-05 21:19:10.242 W/System  ( 6635): ClassLoader referenced unknown path: /data/app/com.evancharlton.mileage-1/lib/x86
06-05 21:19:10.244 W/System  ( 6635): ClassLoader referenced unknown path: 
06-05 21:19:10.246 D/EGL_emulation( 1711): eglMakeCurrent: 0xb0f853c0: ver 2 0 (tinfo 0xb0f833e0)
06-05 21:19:10.249 I/System.out( 6635): Main activity name automatically set to: com.evancharlton.mileage.Mileage
06-05 21:19:10.250 I/System.out( 6635): Calabash did not load Mono. This is only a problem if you are trying to test a Mono application
06-05 21:19:10.250 I/calabash( 6635): Test server port: 7102
06-05 21:19:10.251 I/InstrumentationBackend( 6635): Added:'GetPreferences', with key:'get_preferences'
06-05 21:19:10.255 I/InstrumentationBackend( 6635): Added:'SetPreferences', with key:'set_preferences'
06-05 21:19:10.255 I/InstrumentationBackend( 6635): Added:'ClearPreferences', with key:'clear_preferences'
06-05 21:19:10.255 I/InstrumentationBackend( 6635): Added:'PressElement', with key:'press_l10n_element'
06-05 21:19:10.255 I/InstrumentationBackend( 6635): Added:'WaitForElement', with key:'wait_for_l10n_element'
06-05 21:19:10.255 I/InstrumentationBackend( 6635): Added:'NullAction', with key:'nullAction'
06-05 21:19:10.255 I/InstrumentationBackend( 6635): Added:'PressKey', with key:'press_key'
06-05 21:19:10.255 I/InstrumentationBackend( 6635): Added:'SetActivityOrientation', with key:'set_activity_orientation'
06-05 21:19:10.255 I/InstrumentationBackend( 6635): Added:'GetActivityOrientation', with key:'get_activity_orientation'
06-05 21:19:10.255 I/InstrumentationBackend( 6635): Added:'FakeGPSLocation', with key:'set_gps_coordinates'
06-05 21:19:10.255 I/InstrumentationBackend( 6635): Added:'SetPropertyByCssSelector', with key:'set_property_by_css_selector'
06-05 21:19:10.255 I/InstrumentationBackend( 6635): Added:'GetUrl', with key:'get_url'
06-05 21:19:10.256 I/InstrumentationBackend( 6635): Added:'ScrollTo', with key:'scroll_to'
06-05 21:19:10.256 I/InstrumentationBackend( 6635): Added:'GetLoadProgress', with key:'get_load_progress'
06-05 21:19:10.256 I/InstrumentationBackend( 6635): Added:'DumpHtml', with key:'dump_html'
06-05 21:19:10.256 I/InstrumentationBackend( 6635): Added:'DumpBodyHtml', with key:'dump_body_html'
06-05 21:19:10.256 I/InstrumentationBackend( 6635): Added:'EnterTextByCssSelector', with key:'enter_text_by_selector'
06-05 21:19:10.256 I/InstrumentationBackend( 6635): Added:'AndroidSDKVersion', with key:'android_sdk_version'
06-05 21:19:10.257 I/InstrumentationBackend( 6635): Added:'Version', with key:'version'
06-05 21:19:10.257 I/InstrumentationBackend( 6635): Added:'Drag', with key:'drag'
06-05 21:19:10.257 I/InstrumentationBackend( 6635): Added:'TouchCoordinates', with key:'touch_coordinate'
06-05 21:19:10.257 I/InstrumentationBackend( 6635): Added:'LongPressCoordinate', with key:'long_press_coordinate'
06-05 21:19:10.257 I/InstrumentationBackend( 6635): Added:'DragCoordinates', with key:'drag_coordinates'
06-05 21:19:10.257 I/InstrumentationBackend( 6635): Added:'ResumeApplication', with key:'resume_application'
06-05 21:19:10.257 I/InstrumentationBackend( 6635): Added:'Swipe', with key:'swipe'
06-05 21:19:10.257 I/InstrumentationBackend( 6635): Added:'DoubleTapCoordinate', with key:'double_tap_coordinate'
06-05 21:19:10.257 I/InstrumentationBackend( 6635): Added:'ClickOnScreen', with key:'click_on_screen'
06-05 21:19:10.257 I/InstrumentationBackend( 6635): Added:'GetActivityName', with key:'get_activity_name'
06-05 21:19:10.257 I/InstrumentationBackend( 6635): Added:'ScrollToView', with key:'scroll_to_view'
06-05 21:19:10.257 I/InstrumentationBackend( 6635): Added:'ViewConfiguration', with key:'view_configuration'
06-05 21:19:10.257 I/InstrumentationBackend( 6635): Added:'IsCurrentActivityFocused', with key:'is_current_activity_focused'
06-05 21:19:10.257 I/InstrumentationBackend( 6635): Added:'SendTcp', with key:'send_tcp'
06-05 21:19:10.257 I/InstrumentationBackend( 6635): Added:'DpToDevicePixel', with key:'dp_to_device_pixel'
06-05 21:19:10.257 I/InstrumentationBackend( 6635): Added:'KeyboardEnterText', with key:'keyboard_enter_text'
06-05 21:19:10.257 I/InstrumentationBackend( 6635): Added:'DeleteSurroundingText', with key:'delete_surrounding_text'
06-05 21:19:10.257 I/InstrumentationBackend( 6635): Added:'SetComposingRegion', with key:'set_composing_region'
06-05 21:19:10.258 I/InstrumentationBackend( 6635): Added:'SetSelection', with key:'set_selection'
06-05 21:19:10.258 I/InstrumentationBackend( 6635): Added:'KeyboardKeyEvent', with key:'keyboard_key_event'
06-05 21:19:10.258 I/InstrumentationBackend( 6635): Added:'PressUserActionButton', with key:'press_user_action_button'
06-05 21:19:10.258 I/InstrumentationBackend( 6635): Added:'HideSoftKeyboard', with key:'hide_soft_keyboard'
06-05 21:19:10.258 I/InstrumentationBackend( 6635): Added:'ListActions', with key:'list_actions'
06-05 21:19:10.258 I/calabash( 6635): Instantiating http server at 7102
06-05 21:19:10.258 I/System.out( 6635): HTTP Daemon listening on: 7102
06-05 21:19:10.261 D/EGL_emulation( 1711): eglMakeCurrent: 0xb0f853c0: ver 2 0 (tinfo 0xb0f833e0)
06-05 21:19:10.263 D/EGL_emulation( 1711): eglMakeCurrent: 0xb0f853c0: ver 2 0 (tinfo 0xb0f833e0)
06-05 21:19:10.278 D/EGL_emulation( 1711): eglMakeCurrent: 0xb0f853c0: ver 2 0 (tinfo 0xb0f833e0)
06-05 21:19:10.279 D/EGL_emulation( 1711): eglMakeCurrent: 0xb0f853c0: ver 2 0 (tinfo 0xb0f833e0)
06-05 21:19:10.294 D/EGL_emulation( 1711): eglMakeCurrent: 0xb0f853c0: ver 2 0 (tinfo 0xb0f833e0)
06-05 21:19:10.296 D/EGL_emulation( 1711): eglMakeCurrent: 0xb0f853c0: ver 2 0 (tinfo 0xb0f833e0)
06-05 21:19:10.298 I/WindowManager( 1630): WIN DEATH: Window{109430d u0 com.evancharlton.mileage/com.evancharlton.mileage.ImportActivity}
06-05 21:19:10.298 I/WindowManager( 1630): Destroying surface Surface(name=com.evancharlton.mileage/com.evancharlton.mileage.ImportActivity) called by com.android.server.wm.WindowStateAnimator.destroySurface:2016 com.android.server.wm.WindowStateAnimator.destroySurfaceLocked:882 com.android.server.wm.WindowState.removeLocked:1456 com.android.server.wm.WindowManagerService.removeWindowInnerLocked:2484 com.android.server.wm.WindowManagerService.removeWindowLocked:2442 com.android.server.wm.WindowState$DeathRecipient.binderDied:1787 android.os.BinderProxy.sendDeathNotice:688 <bottom of call stack> 
06-05 21:19:10.313 D/EGL_emulation( 1711): eglMakeCurrent: 0xb0f853c0: ver 2 0 (tinfo 0xb0f833e0)
06-05 21:19:10.318 D/EGL_emulation( 1711): eglMakeCurrent: 0xb0f853c0: ver 2 0 (tinfo 0xb0f833e0)
06-05 21:19:10.328 D/EGL_emulation( 1711): eglMakeCurrent: 0xb0f853c0: ver 2 0 (tinfo 0xb0f833e0)
06-05 21:19:10.330 D/EGL_emulation( 1711): eglMakeCurrent: 0xb0f853c0: ver 2 0 (tinfo 0xb0f833e0)
06-05 21:19:10.344 D/EGL_emulation( 1711): eglMakeCurrent: 0xb0f853c0: ver 2 0 (tinfo 0xb0f833e0)
06-05 21:19:10.347 D/EGL_emulation( 1711): eglMakeCurrent: 0xb0f853c0: ver 2 0 (tinfo 0xb0f833e0)
06-05 21:19:10.348 I/System.out( 6635): URI: //ping
06-05 21:19:10.348 I/System.out( 6635): params: {json={}
06-05 21:19:10.348 I/System.out( 6635): }
06-05 21:19:10.350 I/System.out( 6635): URI: //ping
06-05 21:19:10.351 I/System.out( 6635): params: {json={}
06-05 21:19:10.351 I/System.out( 6635): }
06-05 21:19:10.352 I/System.out( 6635): URI: //ready
06-05 21:19:10.352 I/System.out( 6635): params: {json={}
06-05 21:19:10.352 I/System.out( 6635): }
06-05 21:19:10.354 I/System.out( 6635): URI: //
06-05 21:19:10.354 I/System.out( 6635): params: {json={"command":"version","arguments":[]}
06-05 21:19:10.354 I/System.out( 6635): }
06-05 21:19:10.354 I/System.out( 6635): header: {content-type=application/json;charset=utf-8, date=Sat, 06 Jun 2020 02:19:10 GMT, accept=*/*, host=127.0.0.1:34777, content-length=36, user-agent=HTTPClient/1.0 (2.8.3, ruby 2.5.1 (2018-03-29))}
06-05 21:19:10.354 I/System.out( 6635): params: {json={"command":"version","arguments":[]}
06-05 21:19:10.354 I/System.out( 6635): }
06-05 21:19:10.354 I/System.out( 6635): ProP json = {"command":"version","arguments":[]}
06-05 21:19:10.354 I/System.out( 6635): files: {}
06-05 21:19:10.354 I/System.out( 6635): command: {"command":"version","arguments":[]}
06-05 21:19:10.358 I/InstrumentationBackend( 6635): Got command:'Command:'Line:null,version', arguments:'[]'
06-05 21:19:10.361 D/EGL_emulation( 1711): eglMakeCurrent: 0xb0f853c0: ver 2 0 (tinfo 0xb0f833e0)
06-05 21:19:10.363 D/EGL_emulation( 1711): eglMakeCurrent: 0xb0f853c0: ver 2 0 (tinfo 0xb0f833e0)
06-05 21:19:10.371 I/System.out( 6635): result:{"bonusInformation":[],"message":"0.9.8","success":true}
06-05 21:19:10.372 I/System.out( 6635): URI: //start-application
06-05 21:19:10.372 I/System.out( 6635): params: {json={"intent":null}
06-05 21:19:10.372 I/System.out( 6635): }
06-05 21:19:10.377 D/EGL_emulation( 1711): eglMakeCurrent: 0xb0f853c0: ver 2 0 (tinfo 0xb0f833e0)
06-05 21:19:10.379 D/EGL_emulation( 1711): eglMakeCurrent: 0xb0f853c0: ver 2 0 (tinfo 0xb0f833e0)
06-05 21:19:10.381 I/ActivityManager( 1630): START u0 {act=android.intent.action.MAIN cat=[android.intent.category.LAUNCHER] flg=0x10200000 cmp=com.evancharlton.mileage/.Mileage} from uid 10286 on display 0
06-05 21:19:10.388 I/calabash( 6635): newActivity1
06-05 21:19:10.394 D/EGL_emulation( 1711): eglMakeCurrent: 0xb0f853c0: ver 2 0 (tinfo 0xb0f833e0)
06-05 21:19:10.396 D/EGL_emulation( 1711): eglMakeCurrent: 0xb0f853c0: ver 2 0 (tinfo 0xb0f833e0)
06-05 21:19:10.400 I/calabash( 6635): newActivity1
06-05 21:19:10.401 W/ActivityManager( 1630): Bad activity token: android.os.BinderProxy@59bb9e9
06-05 21:19:10.401 W/ActivityManager( 1630): java.lang.ClassCastException: android.os.BinderProxy cannot be cast to com.android.server.am.ActivityRecord$Token
06-05 21:19:10.401 W/ActivityManager( 1630): 	at com.android.server.am.ActivityRecord.forTokenLocked(ActivityRecord.java:586)
06-05 21:19:10.401 W/ActivityManager( 1630): 	at com.android.server.am.ActivityRecord.isInStackLocked(ActivityRecord.java:1327)
06-05 21:19:10.401 W/ActivityManager( 1630): 	at com.android.server.am.ActivityRecord.getStackLocked(ActivityRecord.java:1332)
06-05 21:19:10.401 W/ActivityManager( 1630): 	at com.android.server.am.ActivityManagerService.getActivityDisplayId(ActivityManagerService.java:9806)
06-05 21:19:10.401 W/ActivityManager( 1630): 	at android.app.ActivityManagerNative.onTransact(ActivityManagerNative.java:2566)
06-05 21:19:10.401 W/ActivityManager( 1630): 	at com.android.server.am.ActivityManagerService.onTransact(ActivityManagerService.java:2757)
06-05 21:19:10.401 W/ActivityManager( 1630): 	at android.os.Binder.execTransact(Binder.java:565)
06-05 21:19:10.402 W/ActivityManager( 1630): Bad activity token: android.os.BinderProxy@59bb9e9
06-05 21:19:10.402 W/ActivityManager( 1630): java.lang.ClassCastException: android.os.BinderProxy cannot be cast to com.android.server.am.ActivityRecord$Token
06-05 21:19:10.402 W/ActivityManager( 1630): 	at com.android.server.am.ActivityRecord.forTokenLocked(ActivityRecord.java:586)
06-05 21:19:10.402 W/ActivityManager( 1630): 	at com.android.server.am.ActivityRecord.isInStackLocked(ActivityRecord.java:1327)
06-05 21:19:10.402 W/ActivityManager( 1630): 	at com.android.server.am.ActivityManagerService.setTaskDescription(ActivityManagerService.java:9358)
06-05 21:19:10.402 W/ActivityManager( 1630): 	at android.app.ActivityManagerNative.onTransact(ActivityManagerNative.java:2639)
06-05 21:19:10.402 W/ActivityManager( 1630): 	at com.android.server.am.ActivityManagerService.onTransact(ActivityManagerService.java:2757)
06-05 21:19:10.402 W/ActivityManager( 1630): 	at android.os.Binder.execTransact(Binder.java:565)
06-05 21:19:10.403 W/ActivityManager( 1630): Bad activity token: android.os.BinderProxy@59bb9e9
06-05 21:19:10.403 W/ActivityManager( 1630): java.lang.ClassCastException: android.os.BinderProxy cannot be cast to com.android.server.am.ActivityRecord$Token
06-05 21:19:10.403 W/ActivityManager( 1630): 	at com.android.server.am.ActivityRecord.forTokenLocked(ActivityRecord.java:586)
06-05 21:19:10.403 W/ActivityManager( 1630): 	at com.android.server.am.ActivityRecord.isInStackLocked(ActivityRecord.java:1327)
06-05 21:19:10.403 W/ActivityManager( 1630): 	at com.android.server.am.ActivityRecord.getStackLocked(ActivityRecord.java:1332)
06-05 21:19:10.403 W/ActivityManager( 1630): 	at com.android.server.am.ActivityManagerService.getActivityStackId(ActivityManagerService.java:9817)
06-05 21:19:10.403 W/ActivityManager( 1630): 	at android.app.ActivityManagerNative.onTransact(ActivityManagerNative.java:2856)
06-05 21:19:10.403 W/ActivityManager( 1630): 	at com.android.server.am.ActivityManagerService.onTransact(ActivityManagerService.java:2757)
06-05 21:19:10.403 W/ActivityManager( 1630): 	at android.os.Binder.execTransact(Binder.java:565)
06-05 21:19:10.411 D/EGL_emulation( 1711): eglMakeCurrent: 0xb0f853c0: ver 2 0 (tinfo 0xb0f833e0)
06-05 21:19:10.413 D/gralloc_ranchu( 1347): gralloc_alloc: Creating ashmem region of size 9023488
06-05 21:19:10.420 W/ActivityManager( 1630): Bad activity token: android.os.BinderProxy@59bb9e9
06-05 21:19:10.420 W/ActivityManager( 1630): java.lang.ClassCastException: android.os.BinderProxy cannot be cast to com.android.server.am.ActivityRecord$Token
06-05 21:19:10.420 W/ActivityManager( 1630): 	at com.android.server.am.ActivityRecord.forTokenLocked(ActivityRecord.java:586)
06-05 21:19:10.420 W/ActivityManager( 1630): 	at com.android.server.am.ActivityRecord.isInStackLocked(ActivityRecord.java:1327)
06-05 21:19:10.420 W/ActivityManager( 1630): 	at com.android.server.am.ActivityManagerService.getActivityOptions(ActivityManagerService.java:12559)
06-05 21:19:10.420 W/ActivityManager( 1630): 	at android.app.ActivityManagerNative.onTransact(ActivityManagerNative.java:1933)
06-05 21:19:10.420 W/ActivityManager( 1630): 	at com.android.server.am.ActivityManagerService.onTransact(ActivityManagerService.java:2757)
06-05 21:19:10.420 W/ActivityManager( 1630): 	at android.os.Binder.execTransact(Binder.java:565)
06-05 21:19:10.420 W/ActivityManager( 1630): Bad activity token: android.os.BinderProxy@59bb9e9
06-05 21:19:10.420 W/ActivityManager( 1630): java.lang.ClassCastException: android.os.BinderProxy cannot be cast to com.android.server.am.ActivityRecord$Token
06-05 21:19:10.420 W/ActivityManager( 1630): 	at com.android.server.am.ActivityRecord.forTokenLocked(ActivityRecord.java:586)
06-05 21:19:10.420 W/ActivityManager( 1630): 	at com.android.server.am.ActivityRecord.isInStackLocked(ActivityRecord.java:1327)
06-05 21:19:10.420 W/ActivityManager( 1630): 	at com.android.server.am.ActivityManagerService.getActivityOptions(ActivityManagerService.java:12559)
06-05 21:19:10.420 W/ActivityManager( 1630): 	at android.app.ActivityManagerNative.onTransact(ActivityManagerNative.java:1933)
06-05 21:19:10.420 W/ActivityManager( 1630): 	at com.android.server.am.ActivityManagerService.onTransact(ActivityManagerService.java:2757)
06-05 21:19:10.420 W/ActivityManager( 1630): 	at android.os.Binder.execTransact(Binder.java:565)
06-05 21:19:10.429 D/EGL_emulation( 1711): eglMakeCurrent: 0xb0f853c0: ver 2 0 (tinfo 0xb0f833e0)
06-05 21:19:10.430 D/EGL_emulation( 1711): eglMakeCurrent: 0xb0f853c0: ver 2 0 (tinfo 0xb0f833e0)
06-05 21:19:10.444 D/EGL_emulation( 1711): eglMakeCurrent: 0xb0f853c0: ver 2 0 (tinfo 0xb0f833e0)
06-05 21:19:10.445 D/EGL_emulation( 2083): eglMakeCurrent: 0xb0f85240: ver 2 0 (tinfo 0xb0f832d0)
06-05 21:19:10.446 D/EGL_emulation( 1711): eglMakeCurrent: 0xb0f853c0: ver 2 0 (tinfo 0xb0f833e0)
06-05 21:19:10.447 V/PhoneStatusBar( 1711): setLightsOn(true)
06-05 21:19:10.460 D/gralloc_ranchu( 1347): gralloc_alloc: Creating ashmem region of size 9023488
06-05 21:19:10.465 D/EGL_emulation( 1711): eglMakeCurrent: 0xb0f853c0: ver 2 0 (tinfo 0xb0f833e0)
06-05 21:19:10.466 V/PhoneStatusBar( 1711): setLightsOn(true)
06-05 21:19:10.466 D/        ( 6635): HostConnection::get() New Host Connection established 0x94b1f400, tid 6635
06-05 21:19:10.500 D/EGL_emulation( 1711): eglMakeCurrent: 0xb0f853c0: ver 2 0 (tinfo 0xb0f833e0)
06-05 21:19:10.503 D/EGL_emulation( 1711): eglMakeCurrent: 0xb0f853c0: ver 2 0 (tinfo 0xb0f833e0)
06-05 21:19:10.504 D/EGL_emulation( 1711): eglMakeCurrent: 0xb0f853c0: ver 2 0 (tinfo 0xb0f833e0)
06-05 21:19:10.506 D/EGL_emulation( 1711): eglMakeCurrent: 0xb0f853c0: ver 2 0 (tinfo 0xb0f833e0)
06-05 21:19:10.511 D/EGL_emulation( 1711): eglMakeCurrent: 0xb0f853c0: ver 2 0 (tinfo 0xb0f833e0)
06-05 21:19:10.517 D/EGL_emulation( 1711): eglMakeCurrent: 0xb0f853c0: ver 2 0 (tinfo 0xb0f833e0)
06-05 21:19:10.519 I/ActivityManager( 1630): Displayed com.evancharlton.mileage/.Mileage: +135ms
06-05 21:19:10.527 D/gralloc_ranchu( 1347): gralloc_alloc: Creating ashmem region of size 9023488
06-05 21:19:10.528 D/EGL_emulation( 1711): eglMakeCurrent: 0xb0f853c0: ver 2 0 (tinfo 0xb0f833e0)
06-05 21:19:10.541 D/EGL_emulation( 1711): eglMakeCurrent: 0xb0f853c0: ver 2 0 (tinfo 0xb0f833e0)
06-05 21:19:10.545 D/EGL_emulation( 1711): eglMakeCurrent: 0xb0f853c0: ver 2 0 (tinfo 0xb0f833e0)
06-05 21:19:10.554 D/EGL_emulation( 1711): eglMakeCurrent: 0xb0f853c0: ver 2 0 (tinfo 0xb0f833e0)
06-05 21:19:10.555 V/PhoneStatusBar( 1711): setLightsOn(true)
06-05 21:19:10.561 D/EGL_emulation( 1711): eglMakeCurrent: 0xb0f853c0: ver 2 0 (tinfo 0xb0f833e0)
06-05 21:19:10.570 D/EGL_emulation( 1711): eglMakeCurrent: 0xb0f853c0: ver 2 0 (tinfo 0xb0f833e0)
06-05 21:19:10.578 D/EGL_emulation( 1711): eglMakeCurrent: 0xb0f853c0: ver 2 0 (tinfo 0xb0f833e0)
06-05 21:19:10.580 D/EGL_emulation( 1711): eglMakeCurrent: 0xb0f853c0: ver 2 0 (tinfo 0xb0f833e0)
06-05 21:19:10.594 D/EGL_emulation( 1711): eglMakeCurrent: 0xb0f853c0: ver 2 0 (tinfo 0xb0f833e0)
06-05 21:19:10.596 D/EGL_emulation( 1711): eglMakeCurrent: 0xb0f853c0: ver 2 0 (tinfo 0xb0f833e0)
06-05 21:19:10.611 D/EGL_emulation( 1711): eglMakeCurrent: 0xb0f853c0: ver 2 0 (tinfo 0xb0f833e0)
06-05 21:19:10.613 D/EGL_emulation( 1711): eglMakeCurrent: 0xb0f853c0: ver 2 0 (tinfo 0xb0f833e0)
06-05 21:19:10.628 D/EGL_emulation( 1711): eglMakeCurrent: 0xb0f853c0: ver 2 0 (tinfo 0xb0f833e0)
06-05 21:19:10.630 D/EGL_emulation( 1711): eglMakeCurrent: 0xb0f853c0: ver 2 0 (tinfo 0xb0f833e0)
06-05 21:19:10.645 D/EGL_emulation( 1711): eglMakeCurrent: 0xb0f853c0: ver 2 0 (tinfo 0xb0f833e0)
06-05 21:19:10.646 D/EGL_emulation( 1711): eglMakeCurrent: 0xb0f853c0: ver 2 0 (tinfo 0xb0f833e0)
06-05 21:19:10.663 D/EGL_emulation( 1711): eglMakeCurrent: 0xb0f853c0: ver 2 0 (tinfo 0xb0f833e0)
06-05 21:19:10.670 D/EGL_emulation( 1711): eglMakeCurrent: 0xb0f853c0: ver 2 0 (tinfo 0xb0f833e0)
06-05 21:19:10.680 D/EGL_emulation( 1711): eglMakeCurrent: 0xb0f853c0: ver 2 0 (tinfo 0xb0f833e0)
06-05 21:19:10.712 I/WindowManager( 1630): Destroying surface Surface(name=Starting com.evancharlton.mileage) called by com.android.server.wm.WindowStateAnimator.destroySurface:2016 com.android.server.wm.WindowStateAnimator.destroySurfaceLocked:882 com.android.server.wm.WindowState.destroyOrSaveSurface:2100 com.android.server.wm.AppWindowToken.destroySurfaces:363 com.android.server.wm.WindowStateAnimator.finishExit:565 com.android.server.wm.WindowStateAnimator.stepAnimationLocked:491 com.android.server.wm.WindowAnimator.updateWindowsLocked:303 com.android.server.wm.WindowAnimator.animateLocked:704 
06-05 21:19:10.717 V/PhoneStatusBar( 1711): setLightsOn(true)
06-05 21:19:10.724 V/PhoneStatusBar( 1711): setLightsOn(true)
06-05 21:19:10.866 V/PhoneStatusBar( 1711): setLightsOn(true)
06-05 21:19:11.164 V/PhoneStatusBar( 1711): setLightsOn(true)
06-05 21:19:11.168 V/PhoneStatusBar( 1711): setLightsOn(true)
06-05 21:19:11.172 W/OpenGLRenderer( 2083): Incorrectly called buildLayer on View: ShortcutAndWidgetContainer, destroying layer...
06-05 21:19:11.180 I/WindowManager( 1630): Destroying surface Surface(name=com.android.launcher3/com.android.launcher3.Launcher) called by com.android.server.wm.WindowStateAnimator.destroySurface:2016 com.android.server.wm.WindowStateAnimator.destroySurfaceLocked:882 com.android.server.wm.WindowState.destroyOrSaveSurface:2100 com.android.server.wm.AppWindowToken.destroySurfaces:363 com.android.server.wm.AppWindowToken.notifyAppStopped:389 com.android.server.wm.WindowManagerService.notifyAppStopped:4463 com.android.server.am.ActivityStack.activityStoppedLocked:1252 com.android.server.am.ActivityManagerService.activityStopped:6903 
06-05 21:19:11.182 V/PhoneStatusBar( 1711): setLightsOn(true)
06-05 21:19:11.585 I/System.out( 6635): URI: //
06-05 21:19:11.586 I/System.out( 6635): params: {json={"command":"press_key","arguments":["KEYCODE_MENU"]}
06-05 21:19:11.586 I/System.out( 6635): }
06-05 21:19:11.586 I/System.out( 6635): header: {content-type=application/json;charset=utf-8, date=Sat, 06 Jun 2020 02:19:12 GMT, accept=*/*, host=127.0.0.1:34777, content-length=52, user-agent=HTTPClient/1.0 (2.8.3, ruby 2.5.1 (2018-03-29))}
06-05 21:19:11.586 I/System.out( 6635): params: {json={"command":"press_key","arguments":["KEYCODE_MENU"]}
06-05 21:19:11.586 I/System.out( 6635): }
06-05 21:19:11.586 I/System.out( 6635): ProP json = {"command":"press_key","arguments":["KEYCODE_MENU"]}
06-05 21:19:11.586 I/System.out( 6635): files: {}
06-05 21:19:11.586 I/System.out( 6635): command: {"command":"press_key","arguments":["KEYCODE_MENU"]}
06-05 21:19:11.591 I/InstrumentationBackend( 6635): Got command:'Command:'Line:null,press_key', arguments:'[KEYCODE_MENU]'
06-05 21:19:11.621 V/PhoneStatusBar( 1711): setLightsOn(true)
06-05 21:19:11.631 V/PhoneStatusBar( 1711): setLightsOn(true)
06-05 21:19:11.631 I/System.out( 6635): result:{"bonusInformation":[],"message":"","success":true}
06-05 21:19:11.635 I/System.out( 6635): URI: //map
06-05 21:19:11.635 I/System.out( 6635): params: {json={"query":"* marked:'Import / Export'","operation":{"method_name":"query","arguments":[]}}
06-05 21:19:11.635 I/System.out( 6635): }
06-05 21:19:11.646 V/PhoneStatusBar( 1711): setLightsOn(true)
06-05 21:19:11.662 V/PhoneStatusBar( 1711): setLightsOn(true)
06-05 21:19:11.665 D/gralloc_ranchu( 1347): gralloc_alloc: Creating ashmem region of size 1720320
06-05 21:19:11.683 V/PhoneStatusBar( 1711): setLightsOn(true)
06-05 21:19:11.685 V/PhoneStatusBar( 1711): setLightsOn(true)
06-05 21:19:11.697 V/PhoneStatusBar( 1711): setLightsOn(true)
06-05 21:19:11.802 W/ResourceType( 6635): No package identifier when getting name for resource number 0x00000001
06-05 21:19:11.821 I/System.out( 6635): URI: //gesture
06-05 21:19:11.821 I/System.out( 6635): params: {json={"query_timeout":5.0,"gestures":[{"query_string":"* marked:'Import / Export'","touches":[{"x":50,"y":50,"offset_x":0,"offset_y":0,"wait":0.0,"time":0.2,"release":true,"query_string":null}]}]}
06-05 21:19:11.822 I/System.out( 6635): }
06-05 21:19:11.829 D/gralloc_ranchu( 1347): gralloc_alloc: Creating ashmem region of size 9023488
06-05 21:19:11.884 W/ResourceType( 6635): No package identifier when getting name for resource number 0x00000001
06-05 21:19:11.912 V/PhoneStatusBar( 1711): setLightsOn(true)
06-05 21:19:11.994 D/gralloc_ranchu( 1347): gralloc_alloc: Creating ashmem region of size 1720320
06-05 21:19:12.112 I/ActivityManager( 1630): START u0 {cmp=com.evancharlton.mileage/.ImportExportActivity} from uid 10286 on display 0
06-05 21:19:12.115 V/PhoneStatusBar( 1711): setLightsOn(true)
06-05 21:19:12.117 V/PhoneStatusBar( 1711): setLightsOn(true)
06-05 21:19:12.126 I/System.out( 6635): URI: //map
06-05 21:19:12.126 I/System.out( 6635): params: {json={"query":"* {text CONTAINS[c] 'Import / Export data'}","operation":{"method_name":"query","arguments":[]}}
06-05 21:19:12.126 I/System.out( 6635): }
06-05 21:19:12.130 I/WindowManager( 1630): Destroying surface Surface(name=AtchDlg:com.evancharlton.mileage/com.evancharlton.mileage.FillupActivity) called by com.android.server.wm.WindowStateAnimator.destroySurface:2016 com.android.server.wm.WindowStateAnimator.destroySurfaceLocked:882 com.android.server.wm.WindowState.removeLocked:1456 com.android.server.wm.WindowManagerService.removeWindowInnerLocked:2484 com.android.server.wm.WindowManagerService.removeWindowLocked:2442 com.android.server.wm.WindowManagerService.removeWindowLocked:2311 com.android.server.wm.WindowManagerService.removeWindow:2306 com.android.server.wm.Session.remove:202 
06-05 21:19:12.131 I/calabash( 6635): newActivity1
06-05 21:19:12.161 V/PhoneStatusBar( 1711): setLightsOn(true)
06-05 21:19:12.164 D/gralloc_ranchu( 1347): gralloc_alloc: Creating ashmem region of size 9023488
06-05 21:19:12.177 V/PhoneStatusBar( 1711): setLightsOn(true)
06-05 21:19:12.194 V/PhoneStatusBar( 1711): setLightsOn(true)
06-05 21:19:12.195 I/ActivityManager( 1630): Displayed com.evancharlton.mileage/.ImportExportActivity: +73ms
06-05 21:19:12.199 D/gralloc_ranchu( 1347): gralloc_alloc: Creating ashmem region of size 9023488
06-05 21:19:12.229 V/PhoneStatusBar( 1711): setLightsOn(true)
06-05 21:19:12.277 V/PhoneStatusBar( 1711): setLightsOn(true)
06-05 21:19:12.428 V/PhoneStatusBar( 1711): setLightsOn(true)
06-05 21:19:12.510 I/System.out( 6635): URI: //map
06-05 21:19:12.510 I/System.out( 6635): params: {json={"query":"* {text CONTAINS[c] 'Import / Export data'}","operation":{"method_name":"query","arguments":[]}}
06-05 21:19:12.510 I/System.out( 6635): }
06-05 21:19:12.534 I/System.out( 6635): URI: //map
06-05 21:19:12.534 I/System.out( 6635): params: {json={"query":"* {text CONTAINS[c] 'If you need to get data'}","operation":{"method_name":"query","arguments":[]}}
06-05 21:19:12.534 I/System.out( 6635): }
06-05 21:19:12.539 I/art     ( 6635): Do partial code cache collection, code=29KB, data=30KB
06-05 21:19:12.540 I/art     ( 6635): After code cache collection, code=29KB, data=30KB
06-05 21:19:12.540 I/art     ( 6635): Increasing code cache capacity to 128KB
06-05 21:19:12.545 V/PhoneStatusBar( 1711): setLightsOn(true)
06-05 21:19:12.546 V/PhoneStatusBar( 1711): setLightsOn(true)
06-05 21:19:12.564 I/WindowManager( 1630): Destroying surface Surface(name=com.evancharlton.mileage/com.evancharlton.mileage.Mileage) called by com.android.server.wm.WindowStateAnimator.destroySurface:2016 com.android.server.wm.WindowStateAnimator.destroySurfaceLocked:882 com.android.server.wm.WindowState.destroyOrSaveSurface:2100 com.android.server.wm.WindowManagerService.tryStartExitingAnimation:3024 com.android.server.wm.WindowManagerService.relayoutWindow:2904 com.android.server.wm.Session.relayout:224 android.view.IWindowSession$Stub.onTransact:286 com.android.server.wm.Session.onTransact:145 
06-05 21:19:12.565 V/PhoneStatusBar( 1711): setLightsOn(true)
06-05 21:19:12.570 I/System.out( 6635): URI: //map
06-05 21:19:12.570 I/System.out( 6635): params: {json={"query":"* {text CONTAINS[c] 'to connect to your computer via USB for this'}","operation":{"method_name":"query","arguments":[]}}
06-05 21:19:12.570 I/System.out( 6635): }
06-05 21:19:12.571 V/PhoneStatusBar( 1711): setLightsOn(true)
06-05 21:19:12.621 I/System.out( 6635): URI: //map
06-05 21:19:12.621 I/System.out( 6635): params: {json={"query":"* marked:'Export data'","operation":{"method_name":"query","arguments":[]}}
06-05 21:19:12.621 I/System.out( 6635): }
06-05 21:19:12.627 W/ResourceType( 6635): No package identifier when getting name for resource number 0x00000001
06-05 21:19:12.644 I/System.out( 6635): URI: //gesture
06-05 21:19:12.644 I/System.out( 6635): params: {json={"query_timeout":5.0,"gestures":[{"query_string":"* marked:'Export data'","touches":[{"x":50,"y":50,"offset_x":0,"offset_y":0,"wait":0.0,"time":0.2,"release":true,"query_string":null}]}]}
06-05 21:19:12.644 I/System.out( 6635): }
06-05 21:19:12.651 W/ResourceType( 6635): No package identifier when getting name for resource number 0x00000001
06-05 21:19:12.878 I/ActivityManager( 1630): START u0 {cmp=com.evancharlton.mileage/.ExportActivity} from uid 10286 on display 0
06-05 21:19:12.879 V/PhoneStatusBar( 1711): setLightsOn(true)
06-05 21:19:12.881 V/PhoneStatusBar( 1711): setLightsOn(true)
06-05 21:19:12.893 I/System.out( 6635): URI: //map
06-05 21:19:12.893 I/System.out( 6635): params: {json={"query":"* {text CONTAINS[c] 'Export data'}","operation":{"method_name":"query","arguments":[]}}
06-05 21:19:12.893 I/System.out( 6635): }
06-05 21:19:12.924 I/calabash( 6635): newActivity1
06-05 21:19:12.961 V/PhoneStatusBar( 1711): setLightsOn(true)
06-05 21:19:12.966 D/gralloc_ranchu( 1347): gralloc_alloc: Creating ashmem region of size 9023488
06-05 21:19:12.978 V/PhoneStatusBar( 1711): setLightsOn(true)
06-05 21:19:12.992 I/System.out( 6635): URI: //map
06-05 21:19:12.992 I/System.out( 6635): params: {json={"query":"* {text CONTAINS[c] '.db'}","operation":{"method_name":"query","arguments":[]}}
06-05 21:19:12.992 I/System.out( 6635): }
06-05 21:19:13.003 W/InputMethodService( 1697): Window size has been changed. This may cause jankiness of resizing window: -1 -> -2
06-05 21:19:13.003 I/ActivityManager( 1630): Displayed com.evancharlton.mileage/.ExportActivity: +120ms
06-05 21:19:13.011 V/PhoneStatusBar( 1711): setLightsOn(true)
06-05 21:19:13.013 D/gralloc_ranchu( 1347): gralloc_alloc: Creating ashmem region of size 9023488
06-05 21:19:13.014 I/LatinIME( 1697): Starting input. Cursor position = 0,0
06-05 21:19:13.027 V/PhoneStatusBar( 1711): setLightsOn(true)
06-05 21:19:13.068 W/IInputConnectionWrapper( 6635): getSelectedText on inactive InputConnection
06-05 21:19:13.069 D/gralloc_ranchu( 1347): gralloc_alloc: Creating ashmem region of size 9023488
06-05 21:19:13.069 I/LatinIME:LogUtils( 1697): Dictionary info: dictionary = spellcheck_userunigram.en_US ; version = 1591409953 ; date = ?
06-05 21:19:13.078 I/System.out( 6635): URI: //map
06-05 21:19:13.078 I/System.out( 6635): params: {json={"query":"* marked:'Database (backups, SQLite)'","operation":{"method_name":"query","arguments":[]}}
06-05 21:19:13.078 I/System.out( 6635): }
06-05 21:19:13.078 I/LatinIME:LogUtils( 1697): Dictionary info: dictionary = main:en ; version = 54 ; date = 1414726273
06-05 21:19:13.109 W/IInputConnectionWrapper( 6635): requestCursorAnchorInfo on inactive InputConnection
06-05 21:19:13.110 W/IInputConnectionWrapper( 6635): getTextBeforeCursor on inactive InputConnection
06-05 21:19:13.110 E/RichInputConnection( 1697): Unable to connect to the editor to retrieve text.
06-05 21:19:13.110 D/RichInputConnection( 1697): Will try to retrieve text later.
06-05 21:19:13.111 W/ResourceType( 6635): No package identifier when getting name for resource number 0x00000001
06-05 21:19:13.112 V/PhoneStatusBar( 1711): setLightsOn(true)
06-05 21:19:13.140 W/IInputConnectionWrapper( 6635): getTextBeforeCursor on inactive InputConnection
06-05 21:19:13.140 E/RichInputConnection( 1697): Unable to connect to the editor to retrieve text.
06-05 21:19:13.140 W/RichInputConnection( 1697): Unable to connect to the editor. Setting caps mode without knowing text.
06-05 21:19:13.153 I/System.out( 6635): URI: //gesture
06-05 21:19:13.153 I/System.out( 6635): params: {json={"query_timeout":5.0,"gestures":[{"query_string":"* marked:'Database (backups, SQLite)'","touches":[{"x":50,"y":50,"offset_x":0,"offset_y":0,"wait":0.0,"time":0.2,"release":true,"query_string":null}]}]}
06-05 21:19:13.153 I/System.out( 6635): }
06-05 21:19:13.160 W/ResourceType( 6635): No package identifier when getting name for resource number 0x00000001
06-05 21:19:13.162 V/PhoneStatusBar( 1711): setLightsOn(true)
06-05 21:19:13.181 D/EGL_emulation( 1711): eglMakeCurrent: 0xb0f853c0: ver 2 0 (tinfo 0xb0f833e0)
06-05 21:19:13.188 I/LatinIME( 1697): Starting input. Cursor position = 0,0
06-05 21:19:13.194 D/EGL_emulation( 1711): eglMakeCurrent: 0xb0f853c0: ver 2 0 (tinfo 0xb0f833e0)
06-05 21:19:13.195 V/PhoneStatusBar( 1711): setLightsOn(true)
06-05 21:19:13.204 D/EGL_emulation( 1697): eglMakeCurrent: 0xb0f85180: ver 2 0 (tinfo 0xb0f83880)
06-05 21:19:13.213 V/PhoneStatusBar( 1711): setLightsOn(true)
06-05 21:19:13.215 V/PhoneStatusBar( 1711): setLightsOn(true)
06-05 21:19:13.228 V/PhoneStatusBar( 1711): setLightsOn(true)
06-05 21:19:13.230 V/PhoneStatusBar( 1711): setLightsOn(true)
06-05 21:19:13.245 V/PhoneStatusBar( 1711): setLightsOn(true)
06-05 21:19:13.379 V/PhoneStatusBar( 1711): setLightsOn(true)
06-05 21:19:13.380 V/PhoneStatusBar( 1711): setLightsOn(true)
06-05 21:19:13.395 I/WindowManager( 1630): Destroying surface Surface(name=com.evancharlton.mileage/com.evancharlton.mileage.ImportExportActivity) called by com.android.server.wm.WindowStateAnimator.destroySurface:2016 com.android.server.wm.WindowStateAnimator.destroySurfaceLocked:882 com.android.server.wm.WindowState.destroyOrSaveSurface:2100 com.android.server.wm.WindowManagerService.tryStartExitingAnimation:3024 com.android.server.wm.WindowManagerService.relayoutWindow:2904 com.android.server.wm.Session.relayout:224 android.view.IWindowSession$Stub.onTransact:286 com.android.server.wm.Session.onTransact:145 
06-05 21:19:13.396 V/PhoneStatusBar( 1711): setLightsOn(true)
06-05 21:19:13.397 V/PhoneStatusBar( 1711): setLightsOn(true)
06-05 21:19:13.406 V/PhoneStatusBar( 1711): setLightsOn(true)
06-05 21:19:13.406 I/System.out( 6635): URI: //map
06-05 21:19:13.406 I/System.out( 6635): params: {json={"query":"* marked:'Spreadsheet (Excel, Google Docs)'","operation":{"method_name":"query","arguments":[]}}
06-05 21:19:13.406 I/System.out( 6635): }
06-05 21:19:13.416 V/PhoneStatusBar( 1711): setLightsOn(true)
06-05 21:19:13.428 V/PhoneStatusBar( 1711): setLightsOn(true)
06-05 21:19:13.445 V/PhoneStatusBar( 1711): setLightsOn(true)
06-05 21:19:13.461 D/gralloc_ranchu( 1347): gralloc_alloc: Creating ashmem region of size 1597440
06-05 21:19:13.468 V/PhoneStatusBar( 1711): setLightsOn(true)
06-05 21:19:13.469 W/ResourceType( 6635): No package identifier when getting name for resource number 0x00000001
06-05 21:19:13.470 V/PhoneStatusBar( 1711): setLightsOn(true)
06-05 21:19:13.478 D/gralloc_ranchu( 1347): gralloc_alloc: Creating ashmem region of size 1597440
06-05 21:19:13.479 V/PhoneStatusBar( 1711): setLightsOn(true)
06-05 21:19:13.482 I/art     ( 6635): Do partial code cache collection, code=60KB, data=62KB
06-05 21:19:13.482 I/System.out( 6635): URI: //gesture
06-05 21:19:13.482 I/art     ( 6635): After code cache collection, code=59KB, data=62KB
06-05 21:19:13.482 I/art     ( 6635): Increasing code cache capacity to 256KB
06-05 21:19:13.482 I/System.out( 6635): params: {json={"query_timeout":5.0,"gestures":[{"query_string":"* marked:'Spreadsheet (Excel, Google Docs)'","touches":[{"x":50,"y":50,"offset_x":0,"offset_y":0,"wait":0.0,"time":0.2,"release":true,"query_string":null}]}]}
06-05 21:19:13.482 I/System.out( 6635): }
06-05 21:19:13.543 W/ResourceType( 6635): No package identifier when getting name for resource number 0x00000001
06-05 21:19:13.731 V/PhoneStatusBar( 1711): setLightsOn(true)
06-05 21:19:13.769 V/PhoneStatusBar( 1711): setLightsOn(true)
06-05 21:19:13.770 V/PhoneStatusBar( 1711): setLightsOn(true)
06-05 21:19:13.806 I/System.out( 6635): URI: //map
06-05 21:19:13.806 I/System.out( 6635): params: {json={"query":"* {text CONTAINS[c] '.csv'}","operation":{"method_name":"query","arguments":[]}}
06-05 21:19:13.806 I/System.out( 6635): }
06-05 21:19:13.813 W/InputEventReceiver( 6635): Attempted to finish an input event but the input event receiver has already been disposed.
06-05 21:19:13.854 W/InputMethodManagerService( 1630): Window already focused, ignoring focus gain of: com.android.internal.view.IInputMethodClient$Stub$Proxy@6fc50fb attribute=null, token = android.os.BinderProxy@7b6b2ef
06-05 21:19:13.915 I/LatinIME( 1697): Starting input. Cursor position = 0,0
