--------- beginning of system
06-06 00:59:34.814 W/ActivityManager( 1631): Finishing task with all activities already finished
06-06 00:59:34.814 W/ActivityManager( 1631): Duplicate finish request for ActivityRecord{1d0fa3 u0 com.evancharlton.mileage/.Mileage t10851 f}
--------- beginning of main
06-06 00:59:34.816 V/PhoneStatusBar( 1712): setLightsOn(true)
06-06 00:59:34.819 D/gralloc_ranchu( 1347): gralloc_alloc: Creating ashmem region of size 3145728
06-06 00:59:34.823 E/EGL_emulation( 1347): tid 1347: eglCreateSyncKHR(1901): error 0x3004 (EGL_BAD_ATTRIBUTE)
06-06 00:59:34.835 W/ActivityManager( 1631): Finishing task with all activities already finished
06-06 00:59:34.835 W/ActivityManager( 1631): Duplicate finish request for ActivityRecord{1d0fa3 u0 com.evancharlton.mileage/.Mileage t10851 f}
06-06 00:59:34.835 W/ActivityManager( 1631): Finishing task with all activities already finished
06-06 00:59:34.835 W/ActivityManager( 1631): Duplicate finish request for ActivityRecord{1d0fa3 u0 com.evancharlton.mileage/.Mileage t10851 f}
06-06 00:59:34.835 W/ActivityManager( 1631): Finishing task with all activities already finished
06-06 00:59:34.835 W/ActivityManager( 1631): Duplicate finish request for ActivityRecord{1d0fa3 u0 com.evancharlton.mileage/.Mileage t10851 f}
06-06 00:59:34.836 W/ActivityManager( 1631): Finishing task with all activities already finished
06-06 00:59:34.836 W/ActivityManager( 1631): Duplicate finish request for ActivityRecord{1d0fa3 u0 com.evancharlton.mileage/.Mileage t10851 f}
06-06 00:59:34.836 W/ActivityManager( 1631): Finishing task with all activities already finished
06-06 00:59:34.836 W/ActivityManager( 1631): Duplicate finish request for ActivityRecord{b652d39 u0 com.evancharlton.mileage/.charts.MinimumVolumeChart t10851 f}
06-06 00:59:34.836 W/ActivityManager( 1631): Finishing task with all activities already finished
06-06 00:59:34.836 W/ActivityManager( 1631): Duplicate finish request for ActivityRecord{b652d39 u0 com.evancharlton.mileage/.charts.MinimumVolumeChart t10851 f}
06-06 00:59:34.836 W/ActivityManager( 1631): Finishing task with all activities already finished
06-06 00:59:34.836 W/ActivityManager( 1631): Duplicate finish request for ActivityRecord{1d0fa3 u0 com.evancharlton.mileage/.Mileage t10851 f}
06-06 00:59:34.836 W/ActivityManager( 1631): Finishing task with all activities already finished
06-06 00:59:34.836 W/ActivityManager( 1631): Duplicate finish request for ActivityRecord{1d0fa3 u0 com.evancharlton.mileage/.Mileage t10851 f}
06-06 00:59:34.868 D/EGL_emulation( 2076): eglMakeCurrent: 0xb0685360: ver 2 0 (tinfo 0xb06836b0)
06-06 00:59:34.884 D/EGL_emulation( 1712): eglMakeCurrent: 0xb0685360: ver 2 0 (tinfo 0xb06836c0)
06-06 00:59:34.900 D/EGL_emulation( 1712): eglMakeCurrent: 0xb0685360: ver 2 0 (tinfo 0xb06836c0)
06-06 00:59:34.902 D/EGL_emulation( 1712): eglMakeCurrent: 0xb0685360: ver 2 0 (tinfo 0xb06836c0)
06-06 00:59:34.916 D/EGL_emulation( 1712): eglMakeCurrent: 0xb0685360: ver 2 0 (tinfo 0xb06836c0)
06-06 00:59:34.918 D/EGL_emulation( 1712): eglMakeCurrent: 0xb0685360: ver 2 0 (tinfo 0xb06836c0)
06-06 00:59:34.933 D/EGL_emulation( 1712): eglMakeCurrent: 0xb0685360: ver 2 0 (tinfo 0xb06836c0)
06-06 00:59:34.935 D/EGL_emulation( 1712): eglMakeCurrent: 0xb0685360: ver 2 0 (tinfo 0xb06836c0)
06-06 00:59:34.948 D/AndroidRuntime(23671): >>>>>> START com.android.internal.os.RuntimeInit uid 2000 <<<<<<
06-06 00:59:34.949 D/AndroidRuntime(23671): CheckJNI is ON
06-06 00:59:34.950 D/EGL_emulation( 1712): eglMakeCurrent: 0xb0685360: ver 2 0 (tinfo 0xb06836c0)
06-06 00:59:34.952 D/EGL_emulation( 1712): eglMakeCurrent: 0xb0685360: ver 2 0 (tinfo 0xb06836c0)
06-06 00:59:34.959 W/art     (23671): Unexpected CPU variant for X86 using defaults: x86
06-06 00:59:34.961 D/ICU     (23671): No timezone override file found: /data/misc/zoneinfo/current/icu/icu_tzdata.dat
06-06 00:59:34.966 D/EGL_emulation( 1712): eglMakeCurrent: 0xb0685360: ver 2 0 (tinfo 0xb06836c0)
06-06 00:59:34.968 D/EGL_emulation( 1712): eglMakeCurrent: 0xb0685360: ver 2 0 (tinfo 0xb06836c0)
06-06 00:59:34.968 E/memtrack(23671): Couldn't load memtrack module (No such file or directory)
06-06 00:59:34.968 E/android.os.Debug(23671): failed to load memtrack module: -2
06-06 00:59:34.969 I/Radio-JNI(23671): register_android_hardware_Radio DONE
06-06 00:59:34.973 D/AndroidRuntime(23671): Calling main entry com.android.commands.am.Am
06-06 00:59:34.974 I/ActivityManager( 1631): Force stopping com.evancharlton.mileage appid=10374 user=0: start instr
06-06 00:59:34.974 I/ActivityManager( 1631): Killing 23620:com.evancharlton.mileage/u0a374 (adj 0): stop com.evancharlton.mileage
06-06 00:59:34.974 D/ActivityManager( 1631): cleanUpApplicationRecord -- 23620
06-06 00:59:34.974 W/ActivityManager( 1631): Crash of app com.evancharlton.mileage running instrumentation ComponentInfo{com.evancharlton.mileage.test/sh.calaba.instrumentationbackend.CalabashInstrumentationTestRunner}
06-06 00:59:34.974 I/ActivityManager( 1631): Force stopping com.evancharlton.mileage appid=10374 user=0: finished inst
06-06 00:59:34.977 I/art     (23681): Not late-enabling -Xcheck:jni (already on)
06-06 00:59:34.977 W/art     (23681): Unexpected CPU variant for X86 using defaults: x86
06-06 00:59:34.983 D/EGL_emulation( 1712): eglMakeCurrent: 0xb0685360: ver 2 0 (tinfo 0xb06836c0)
06-06 00:59:34.985 I/ActivityManager( 1631): Start proc 23681:com.evancharlton.mileage/u0a374 for added application com.evancharlton.mileage
06-06 00:59:34.985 D/AndroidRuntime(23671): Shutting down VM
06-06 00:59:34.985 D/EGL_emulation( 1712): eglMakeCurrent: 0xb0685360: ver 2 0 (tinfo 0xb06836c0)
06-06 00:59:34.994 W/System  (23681): ClassLoader referenced unknown path: /data/app/com.evancharlton.mileage.test-1/lib/x86
06-06 00:59:34.994 W/System  (23681): ClassLoader referenced unknown path: /data/app/com.evancharlton.mileage-1/lib/x86
06-06 00:59:34.999 W/System  (23681): ClassLoader referenced unknown path: 
06-06 00:59:35.000 D/EGL_emulation( 1712): eglMakeCurrent: 0xb0685360: ver 2 0 (tinfo 0xb06836c0)
06-06 00:59:35.002 I/System.out(23681): Main activity name automatically set to: com.evancharlton.mileage.Mileage
06-06 00:59:35.002 I/System.out(23681): Calabash did not load Mono. This is only a problem if you are trying to test a Mono application
06-06 00:59:35.002 I/calabash(23681): Test server port: 7102
06-06 00:59:35.003 D/EGL_emulation( 1712): eglMakeCurrent: 0xb0685360: ver 2 0 (tinfo 0xb06836c0)
06-06 00:59:35.003 I/InstrumentationBackend(23681): Added:'GetPreferences', with key:'get_preferences'
06-06 00:59:35.006 I/InstrumentationBackend(23681): Added:'SetPreferences', with key:'set_preferences'
06-06 00:59:35.006 I/InstrumentationBackend(23681): Added:'ClearPreferences', with key:'clear_preferences'
06-06 00:59:35.006 I/InstrumentationBackend(23681): Added:'PressElement', with key:'press_l10n_element'
06-06 00:59:35.006 I/InstrumentationBackend(23681): Added:'WaitForElement', with key:'wait_for_l10n_element'
06-06 00:59:35.006 I/InstrumentationBackend(23681): Added:'NullAction', with key:'nullAction'
06-06 00:59:35.006 I/InstrumentationBackend(23681): Added:'PressKey', with key:'press_key'
06-06 00:59:35.006 I/InstrumentationBackend(23681): Added:'SetActivityOrientation', with key:'set_activity_orientation'
06-06 00:59:35.006 I/InstrumentationBackend(23681): Added:'GetActivityOrientation', with key:'get_activity_orientation'
06-06 00:59:35.007 I/InstrumentationBackend(23681): Added:'FakeGPSLocation', with key:'set_gps_coordinates'
06-06 00:59:35.007 I/InstrumentationBackend(23681): Added:'SetPropertyByCssSelector', with key:'set_property_by_css_selector'
06-06 00:59:35.007 I/InstrumentationBackend(23681): Added:'GetUrl', with key:'get_url'
06-06 00:59:35.007 I/InstrumentationBackend(23681): Added:'ScrollTo', with key:'scroll_to'
06-06 00:59:35.007 I/InstrumentationBackend(23681): Added:'GetLoadProgress', with key:'get_load_progress'
06-06 00:59:35.007 I/InstrumentationBackend(23681): Added:'DumpHtml', with key:'dump_html'
06-06 00:59:35.007 I/InstrumentationBackend(23681): Added:'DumpBodyHtml', with key:'dump_body_html'
06-06 00:59:35.007 I/InstrumentationBackend(23681): Added:'EnterTextByCssSelector', with key:'enter_text_by_selector'
06-06 00:59:35.007 I/InstrumentationBackend(23681): Added:'AndroidSDKVersion', with key:'android_sdk_version'
06-06 00:59:35.007 I/InstrumentationBackend(23681): Added:'Version', with key:'version'
06-06 00:59:35.007 I/InstrumentationBackend(23681): Added:'Drag', with key:'drag'
06-06 00:59:35.007 I/InstrumentationBackend(23681): Added:'TouchCoordinates', with key:'touch_coordinate'
06-06 00:59:35.007 I/InstrumentationBackend(23681): Added:'LongPressCoordinate', with key:'long_press_coordinate'
06-06 00:59:35.007 I/InstrumentationBackend(23681): Added:'DragCoordinates', with key:'drag_coordinates'
06-06 00:59:35.007 I/InstrumentationBackend(23681): Added:'ResumeApplication', with key:'resume_application'
06-06 00:59:35.007 I/InstrumentationBackend(23681): Added:'Swipe', with key:'swipe'
06-06 00:59:35.007 I/InstrumentationBackend(23681): Added:'DoubleTapCoordinate', with key:'double_tap_coordinate'
06-06 00:59:35.007 I/InstrumentationBackend(23681): Added:'ClickOnScreen', with key:'click_on_screen'
06-06 00:59:35.007 I/InstrumentationBackend(23681): Added:'GetActivityName', with key:'get_activity_name'
06-06 00:59:35.007 I/InstrumentationBackend(23681): Added:'ScrollToView', with key:'scroll_to_view'
06-06 00:59:35.007 I/InstrumentationBackend(23681): Added:'ViewConfiguration', with key:'view_configuration'
06-06 00:59:35.008 I/InstrumentationBackend(23681): Added:'IsCurrentActivityFocused', with key:'is_current_activity_focused'
06-06 00:59:35.008 I/InstrumentationBackend(23681): Added:'SendTcp', with key:'send_tcp'
06-06 00:59:35.008 I/InstrumentationBackend(23681): Added:'DpToDevicePixel', with key:'dp_to_device_pixel'
06-06 00:59:35.008 I/InstrumentationBackend(23681): Added:'KeyboardEnterText', with key:'keyboard_enter_text'
06-06 00:59:35.008 I/InstrumentationBackend(23681): Added:'DeleteSurroundingText', with key:'delete_surrounding_text'
06-06 00:59:35.008 I/InstrumentationBackend(23681): Added:'SetComposingRegion', with key:'set_composing_region'
06-06 00:59:35.008 I/InstrumentationBackend(23681): Added:'SetSelection', with key:'set_selection'
06-06 00:59:35.008 I/InstrumentationBackend(23681): Added:'KeyboardKeyEvent', with key:'keyboard_key_event'
06-06 00:59:35.008 I/InstrumentationBackend(23681): Added:'PressUserActionButton', with key:'press_user_action_button'
06-06 00:59:35.008 I/InstrumentationBackend(23681): Added:'HideSoftKeyboard', with key:'hide_soft_keyboard'
06-06 00:59:35.008 I/InstrumentationBackend(23681): Added:'ListActions', with key:'list_actions'
06-06 00:59:35.008 I/calabash(23681): Instantiating http server at 7102
06-06 00:59:35.008 I/System.out(23681): HTTP Daemon listening on: 7102
06-06 00:59:35.017 D/EGL_emulation( 1712): eglMakeCurrent: 0xb0685360: ver 2 0 (tinfo 0xb06836c0)
06-06 00:59:35.018 D/EGL_emulation( 1712): eglMakeCurrent: 0xb0685360: ver 2 0 (tinfo 0xb06836c0)
06-06 00:59:35.033 D/EGL_emulation( 1712): eglMakeCurrent: 0xb0685360: ver 2 0 (tinfo 0xb06836c0)
06-06 00:59:35.035 D/EGL_emulation( 1712): eglMakeCurrent: 0xb0685360: ver 2 0 (tinfo 0xb06836c0)
06-06 00:59:35.043 I/WindowManager( 1631): WIN DEATH: Window{5ec16ce u0 com.evancharlton.mileage/com.evancharlton.mileage.Mileage EXITING}
06-06 00:59:35.044 W/InputDispatcher( 1631): channel '1e277fb com.evancharlton.mileage/com.evancharlton.mileage.charts.MinimumVolumeChart (server)' ~ Consumer closed input channel or an error occurred.  events=0x9
06-06 00:59:35.044 E/InputDispatcher( 1631): channel '1e277fb com.evancharlton.mileage/com.evancharlton.mileage.charts.MinimumVolumeChart (server)' ~ Channel is unrecoverably broken and will be disposed!
06-06 00:59:35.045 I/WindowManager( 1631): WIN DEATH: Window{1e277fb u0 com.evancharlton.mileage/com.evancharlton.mileage.charts.MinimumVolumeChart}
06-06 00:59:35.045 W/InputDispatcher( 1631): Attempted to unregister already unregistered input channel '1e277fb com.evancharlton.mileage/com.evancharlton.mileage.charts.MinimumVolumeChart (server)'
06-06 00:59:35.045 I/WindowManager( 1631): Destroying surface Surface(name=com.evancharlton.mileage/com.evancharlton.mileage.charts.MinimumVolumeChart) called by com.android.server.wm.WindowStateAnimator.destroySurface:2016 com.android.server.wm.WindowStateAnimator.destroySurfaceLocked:882 com.android.server.wm.WindowState.removeLocked:1456 com.android.server.wm.WindowManagerService.removeWindowInnerLocked:2484 com.android.server.wm.WindowManagerService.removeWindowLocked:2442 com.android.server.wm.WindowState$DeathRecipient.binderDied:1787 android.os.BinderProxy.sendDeathNotice:688 <bottom of call stack> 
06-06 00:59:35.055 D/EGL_emulation( 1712): eglMakeCurrent: 0xb0685360: ver 2 0 (tinfo 0xb06836c0)
06-06 00:59:35.058 D/EGL_emulation( 1712): eglMakeCurrent: 0xb0685360: ver 2 0 (tinfo 0xb06836c0)
06-06 00:59:35.067 D/EGL_emulation( 1712): eglMakeCurrent: 0xb0685360: ver 2 0 (tinfo 0xb06836c0)
06-06 00:59:35.069 D/EGL_emulation( 1712): eglMakeCurrent: 0xb0685360: ver 2 0 (tinfo 0xb06836c0)
06-06 00:59:35.086 D/EGL_emulation( 1712): eglMakeCurrent: 0xb0685360: ver 2 0 (tinfo 0xb06836c0)
06-06 00:59:35.095 I/System.out(23681): URI: //ping
06-06 00:59:35.096 I/System.out(23681): params: {json={}
06-06 00:59:35.096 I/System.out(23681): }
06-06 00:59:35.102 D/EGL_emulation( 1712): eglMakeCurrent: 0xb0685360: ver 2 0 (tinfo 0xb06836c0)
06-06 00:59:35.104 I/System.out(23681): URI: //ping
06-06 00:59:35.104 I/System.out(23681): params: {json={}
06-06 00:59:35.104 I/System.out(23681): }
06-06 00:59:35.107 D/EGL_emulation( 1712): eglMakeCurrent: 0xb0685360: ver 2 0 (tinfo 0xb06836c0)
06-06 00:59:35.111 I/System.out(23681): URI: //ready
06-06 00:59:35.111 I/System.out(23681): params: {json={}
06-06 00:59:35.111 I/System.out(23681): }
06-06 00:59:35.117 I/System.out(23681): URI: //
06-06 00:59:35.117 I/System.out(23681): params: {json={"command":"version","arguments":[]}
06-06 00:59:35.117 I/System.out(23681): }
06-06 00:59:35.118 I/System.out(23681): header: {content-type=application/json;charset=utf-8, date=Sat, 06 Jun 2020 05:59:35 GMT, accept=*/*, host=127.0.0.1:34777, content-length=36, user-agent=HTTPClient/1.0 (2.8.3, ruby 2.5.1 (2018-03-29))}
06-06 00:59:35.118 I/System.out(23681): params: {json={"command":"version","arguments":[]}
06-06 00:59:35.118 I/System.out(23681): }
06-06 00:59:35.118 I/System.out(23681): ProP json = {"command":"version","arguments":[]}
06-06 00:59:35.118 I/System.out(23681): files: {}
06-06 00:59:35.118 I/System.out(23681): command: {"command":"version","arguments":[]}
06-06 00:59:35.129 I/InstrumentationBackend(23681): Got command:'Command:'Line:null,version', arguments:'[]'
06-06 00:59:35.144 I/System.out(23681): result:{"bonusInformation":[],"message":"0.9.8","success":true}
06-06 00:59:35.147 I/System.out(23681): URI: //start-application
06-06 00:59:35.148 I/System.out(23681): params: {json={"intent":null}
06-06 00:59:35.148 I/System.out(23681): }
06-06 00:59:35.159 I/ActivityManager( 1631): START u0 {act=android.intent.action.MAIN cat=[android.intent.category.LAUNCHER] flg=0x10200000 cmp=com.evancharlton.mileage/.Mileage} from uid 10374 on display 0
06-06 00:59:35.165 I/calabash(23681): newActivity1
06-06 00:59:35.174 I/calabash(23681): newActivity1
06-06 00:59:35.175 W/ActivityManager( 1631): Bad activity token: android.os.BinderProxy@df070ea
06-06 00:59:35.175 W/ActivityManager( 1631): java.lang.ClassCastException: android.os.BinderProxy cannot be cast to com.android.server.am.ActivityRecord$Token
06-06 00:59:35.175 W/ActivityManager( 1631): 	at com.android.server.am.ActivityRecord.forTokenLocked(ActivityRecord.java:586)
06-06 00:59:35.175 W/ActivityManager( 1631): 	at com.android.server.am.ActivityRecord.isInStackLocked(ActivityRecord.java:1327)
06-06 00:59:35.175 W/ActivityManager( 1631): 	at com.android.server.am.ActivityRecord.getStackLocked(ActivityRecord.java:1332)
06-06 00:59:35.175 W/ActivityManager( 1631): 	at com.android.server.am.ActivityManagerService.getActivityDisplayId(ActivityManagerService.java:9806)
06-06 00:59:35.175 W/ActivityManager( 1631): 	at android.app.ActivityManagerNative.onTransact(ActivityManagerNative.java:2566)
06-06 00:59:35.175 W/ActivityManager( 1631): 	at com.android.server.am.ActivityManagerService.onTransact(ActivityManagerService.java:2757)
06-06 00:59:35.175 W/ActivityManager( 1631): 	at android.os.Binder.execTransact(Binder.java:565)
06-06 00:59:35.176 W/ActivityManager( 1631): Bad activity token: android.os.BinderProxy@df070ea
06-06 00:59:35.176 W/ActivityManager( 1631): java.lang.ClassCastException: android.os.BinderProxy cannot be cast to com.android.server.am.ActivityRecord$Token
06-06 00:59:35.176 W/ActivityManager( 1631): 	at com.android.server.am.ActivityRecord.forTokenLocked(ActivityRecord.java:586)
06-06 00:59:35.176 W/ActivityManager( 1631): 	at com.android.server.am.ActivityRecord.isInStackLocked(ActivityRecord.java:1327)
06-06 00:59:35.176 W/ActivityManager( 1631): 	at com.android.server.am.ActivityManagerService.setTaskDescription(ActivityManagerService.java:9358)
06-06 00:59:35.176 W/ActivityManager( 1631): 	at android.app.ActivityManagerNative.onTransact(ActivityManagerNative.java:2639)
06-06 00:59:35.176 W/ActivityManager( 1631): 	at com.android.server.am.ActivityManagerService.onTransact(ActivityManagerService.java:2757)
06-06 00:59:35.176 W/ActivityManager( 1631): 	at android.os.Binder.execTransact(Binder.java:565)
06-06 00:59:35.176 W/ActivityManager( 1631): Bad activity token: android.os.BinderProxy@df070ea
06-06 00:59:35.176 W/ActivityManager( 1631): java.lang.ClassCastException: android.os.BinderProxy cannot be cast to com.android.server.am.ActivityRecord$Token
06-06 00:59:35.176 W/ActivityManager( 1631): 	at com.android.server.am.ActivityRecord.forTokenLocked(ActivityRecord.java:586)
06-06 00:59:35.176 W/ActivityManager( 1631): 	at com.android.server.am.ActivityRecord.isInStackLocked(ActivityRecord.java:1327)
06-06 00:59:35.176 W/ActivityManager( 1631): 	at com.android.server.am.ActivityRecord.getStackLocked(ActivityRecord.java:1332)
06-06 00:59:35.176 W/ActivityManager( 1631): 	at com.android.server.am.ActivityManagerService.getActivityStackId(ActivityManagerService.java:9817)
06-06 00:59:35.176 W/ActivityManager( 1631): 	at android.app.ActivityManagerNative.onTransact(ActivityManagerNative.java:2856)
06-06 00:59:35.176 W/ActivityManager( 1631): 	at com.android.server.am.ActivityManagerService.onTransact(ActivityManagerService.java:2757)
06-06 00:59:35.176 W/ActivityManager( 1631): 	at android.os.Binder.execTransact(Binder.java:565)
06-06 00:59:35.183 D/gralloc_ranchu( 1347): gralloc_alloc: Creating ashmem region of size 9023488
06-06 00:59:35.191 W/ActivityManager( 1631): Bad activity token: android.os.BinderProxy@df070ea
06-06 00:59:35.191 W/ActivityManager( 1631): java.lang.ClassCastException: android.os.BinderProxy cannot be cast to com.android.server.am.ActivityRecord$Token
06-06 00:59:35.191 W/ActivityManager( 1631): 	at com.android.server.am.ActivityRecord.forTokenLocked(ActivityRecord.java:586)
06-06 00:59:35.191 W/ActivityManager( 1631): 	at com.android.server.am.ActivityRecord.isInStackLocked(ActivityRecord.java:1327)
06-06 00:59:35.191 W/ActivityManager( 1631): 	at com.android.server.am.ActivityManagerService.getActivityOptions(ActivityManagerService.java:12559)
06-06 00:59:35.191 W/ActivityManager( 1631): 	at android.app.ActivityManagerNative.onTransact(ActivityManagerNative.java:1933)
06-06 00:59:35.191 W/ActivityManager( 1631): 	at com.android.server.am.ActivityManagerService.onTransact(ActivityManagerService.java:2757)
06-06 00:59:35.191 W/ActivityManager( 1631): 	at android.os.Binder.execTransact(Binder.java:565)
06-06 00:59:35.191 W/ActivityManager( 1631): Bad activity token: android.os.BinderProxy@df070ea
06-06 00:59:35.191 W/ActivityManager( 1631): java.lang.ClassCastException: android.os.BinderProxy cannot be cast to com.android.server.am.ActivityRecord$Token
06-06 00:59:35.191 W/ActivityManager( 1631): 	at com.android.server.am.ActivityRecord.forTokenLocked(ActivityRecord.java:586)
06-06 00:59:35.191 W/ActivityManager( 1631): 	at com.android.server.am.ActivityRecord.isInStackLocked(ActivityRecord.java:1327)
06-06 00:59:35.191 W/ActivityManager( 1631): 	at com.android.server.am.ActivityManagerService.getActivityOptions(ActivityManagerService.java:12559)
06-06 00:59:35.191 W/ActivityManager( 1631): 	at android.app.ActivityManagerNative.onTransact(ActivityManagerNative.java:1933)
06-06 00:59:35.191 W/ActivityManager( 1631): 	at com.android.server.am.ActivityManagerService.onTransact(ActivityManagerService.java:2757)
06-06 00:59:35.191 W/ActivityManager( 1631): 	at android.os.Binder.execTransact(Binder.java:565)
06-06 00:59:35.208 V/PhoneStatusBar( 1712): setLightsOn(true)
06-06 00:59:35.217 D/EGL_emulation( 2076): eglMakeCurrent: 0xb0685360: ver 2 0 (tinfo 0xb06836b0)
06-06 00:59:35.219 D/EGL_emulation( 1712): eglMakeCurrent: 0xb0685360: ver 2 0 (tinfo 0xb06836c0)
06-06 00:59:35.233 D/gralloc_ranchu( 1347): gralloc_alloc: Creating ashmem region of size 9023488
06-06 00:59:35.233 D/EGL_emulation( 1712): eglMakeCurrent: 0xb0685360: ver 2 0 (tinfo 0xb06836c0)
06-06 00:59:35.238 D/        (23681): HostConnection::get() New Host Connection established 0x9401e0c0, tid 23681
06-06 00:59:35.239 D/EGL_emulation( 1712): eglMakeCurrent: 0xb0685360: ver 2 0 (tinfo 0xb06836c0)
06-06 00:59:35.239 V/PhoneStatusBar( 1712): setLightsOn(true)
06-06 00:59:35.272 D/EGL_emulation( 1712): eglMakeCurrent: 0xb0685360: ver 2 0 (tinfo 0xb06836c0)
06-06 00:59:35.275 D/EGL_emulation( 1712): eglMakeCurrent: 0xb0685360: ver 2 0 (tinfo 0xb06836c0)
06-06 00:59:35.285 D/EGL_emulation( 1712): eglMakeCurrent: 0xb0685360: ver 2 0 (tinfo 0xb06836c0)
06-06 00:59:35.287 D/EGL_emulation( 1712): eglMakeCurrent: 0xb0685360: ver 2 0 (tinfo 0xb06836c0)
06-06 00:59:35.300 I/WindowManager( 1631): Destroying surface Surface(name=com.evancharlton.mileage/com.evancharlton.mileage.Mileage) called by com.android.server.wm.WindowStateAnimator.destroySurface:2016 com.android.server.wm.WindowStateAnimator.destroySurfaceLocked:882 com.android.server.wm.WindowState.removeLocked:1456 com.android.server.wm.WindowManagerService.removeWindowInnerLocked:2484 com.android.server.wm.AppWindowToken.destroySurfaces:365 com.android.server.wm.WindowStateAnimator.finishExit:565 com.android.server.wm.AppWindowAnimator.stepAnimationLocked:427 com.android.server.wm.WindowAnimator.updateAppWindowsLocked:196 
06-06 00:59:35.301 D/EGL_emulation( 1712): eglMakeCurrent: 0xb0685360: ver 2 0 (tinfo 0xb06836c0)
06-06 00:59:35.303 D/EGL_emulation( 1712): eglMakeCurrent: 0xb0685360: ver 2 0 (tinfo 0xb06836c0)
06-06 00:59:35.317 I/ActivityManager( 1631): Displayed com.evancharlton.mileage/.Mileage: +154ms
06-06 00:59:35.317 D/gralloc_ranchu( 1347): gralloc_alloc: Creating ashmem region of size 9023488
06-06 00:59:35.324 D/EGL_emulation( 1712): eglMakeCurrent: 0xb0685360: ver 2 0 (tinfo 0xb06836c0)
06-06 00:59:35.333 D/EGL_emulation( 1712): eglMakeCurrent: 0xb0685360: ver 2 0 (tinfo 0xb06836c0)
06-06 00:59:35.333 V/PhoneStatusBar( 1712): setLightsOn(true)
06-06 00:59:35.334 D/EGL_emulation( 1712): eglMakeCurrent: 0xb0685360: ver 2 0 (tinfo 0xb06836c0)
06-06 00:59:35.343 D/EGL_emulation( 1712): eglMakeCurrent: 0xb0685360: ver 2 0 (tinfo 0xb06836c0)
06-06 00:59:35.350 D/EGL_emulation( 1712): eglMakeCurrent: 0xb0685360: ver 2 0 (tinfo 0xb06836c0)
06-06 00:59:35.352 D/EGL_emulation( 1712): eglMakeCurrent: 0xb0685360: ver 2 0 (tinfo 0xb06836c0)
06-06 00:59:35.353 V/PhoneStatusBar( 1712): setLightsOn(true)
06-06 00:59:35.367 D/EGL_emulation( 1712): eglMakeCurrent: 0xb0685360: ver 2 0 (tinfo 0xb06836c0)
06-06 00:59:35.368 D/EGL_emulation( 1712): eglMakeCurrent: 0xb0685360: ver 2 0 (tinfo 0xb06836c0)
06-06 00:59:35.372 I/System.out(23681): URI: //map
06-06 00:59:35.373 I/System.out(23681): params: {json={"query":"* marked:'Statistics'","operation":{"method_name":"query","arguments":[]}}
06-06 00:59:35.373 I/System.out(23681): }
06-06 00:59:35.383 D/EGL_emulation( 1712): eglMakeCurrent: 0xb0685360: ver 2 0 (tinfo 0xb06836c0)
06-06 00:59:35.385 D/EGL_emulation( 1712): eglMakeCurrent: 0xb0685360: ver 2 0 (tinfo 0xb06836c0)
06-06 00:59:35.386 W/ResourceType(23681): No package identifier when getting name for resource number 0x00000001
06-06 00:59:35.399 I/System.out(23681): URI: //gesture
06-06 00:59:35.399 I/System.out(23681): params: {json={"query_timeout":5.0,"gestures":[{"query_string":"* marked:'Statistics'","touches":[{"x":50,"y":50,"offset_x":0,"offset_y":0,"wait":0.0,"time":0.2,"release":true,"query_string":null}]}]}
06-06 00:59:35.399 I/System.out(23681): }
06-06 00:59:35.400 D/EGL_emulation( 1712): eglMakeCurrent: 0xb0685360: ver 2 0 (tinfo 0xb06836c0)
06-06 00:59:35.402 D/EGL_emulation( 1712): eglMakeCurrent: 0xb0685360: ver 2 0 (tinfo 0xb06836c0)
06-06 00:59:35.405 W/ResourceType(23681): No package identifier when getting name for resource number 0x00000001
06-06 00:59:35.422 D/EGL_emulation( 1712): eglMakeCurrent: 0xb0685360: ver 2 0 (tinfo 0xb06836c0)
06-06 00:59:35.424 D/EGL_emulation( 1712): eglMakeCurrent: 0xb0685360: ver 2 0 (tinfo 0xb06836c0)
06-06 00:59:35.437 D/EGL_emulation( 1712): eglMakeCurrent: 0xb0685360: ver 2 0 (tinfo 0xb06836c0)
06-06 00:59:35.516 I/WindowManager( 1631): Destroying surface Surface(name=Starting com.evancharlton.mileage) called by com.android.server.wm.WindowStateAnimator.destroySurface:2016 com.android.server.wm.WindowStateAnimator.destroySurfaceLocked:882 com.android.server.wm.WindowState.destroyOrSaveSurface:2100 com.android.server.wm.AppWindowToken.destroySurfaces:363 com.android.server.wm.WindowStateAnimator.finishExit:565 com.android.server.wm.WindowStateAnimator.stepAnimationLocked:491 com.android.server.wm.WindowAnimator.updateWindowsLocked:303 com.android.server.wm.WindowAnimator.animateLocked:704 
06-06 00:59:35.517 V/PhoneStatusBar( 1712): setLightsOn(true)
06-06 00:59:35.533 V/PhoneStatusBar( 1712): setLightsOn(true)
06-06 00:59:35.635 I/calabash(23681): newActivity1
06-06 00:59:35.644 I/System.out(23681): URI: //map
06-06 00:59:35.644 I/System.out(23681): params: {json={"query":"android.widget.ScrollView index:0","operation":{"method_name":"query","arguments":[]}}
06-06 00:59:35.644 I/System.out(23681): }
06-06 00:59:35.648 W/ActivityManager( 1631): Bad activity token: android.os.BinderProxy@d4a21a8
06-06 00:59:35.648 W/ActivityManager( 1631): java.lang.ClassCastException: android.os.BinderProxy cannot be cast to com.android.server.am.ActivityRecord$Token
06-06 00:59:35.648 W/ActivityManager( 1631): 	at com.android.server.am.ActivityRecord.forTokenLocked(ActivityRecord.java:586)
06-06 00:59:35.648 W/ActivityManager( 1631): 	at com.android.server.am.ActivityRecord.isInStackLocked(ActivityRecord.java:1327)
06-06 00:59:35.648 W/ActivityManager( 1631): 	at com.android.server.am.ActivityRecord.getStackLocked(ActivityRecord.java:1332)
06-06 00:59:35.648 W/ActivityManager( 1631): 	at com.android.server.am.ActivityManagerService.getActivityDisplayId(ActivityManagerService.java:9806)
06-06 00:59:35.648 W/ActivityManager( 1631): 	at android.app.ActivityManagerNative.onTransact(ActivityManagerNative.java:2566)
06-06 00:59:35.648 W/ActivityManager( 1631): 	at com.android.server.am.ActivityManagerService.onTransact(ActivityManagerService.java:2757)
06-06 00:59:35.648 W/ActivityManager( 1631): 	at android.os.Binder.execTransact(Binder.java:565)
06-06 00:59:35.649 W/ActivityManager( 1631): Bad activity token: android.os.BinderProxy@d4a21a8
06-06 00:59:35.649 W/ActivityManager( 1631): java.lang.ClassCastException: android.os.BinderProxy cannot be cast to com.android.server.am.ActivityRecord$Token
06-06 00:59:35.649 W/ActivityManager( 1631): 	at com.android.server.am.ActivityRecord.forTokenLocked(ActivityRecord.java:586)
06-06 00:59:35.649 W/ActivityManager( 1631): 	at com.android.server.am.ActivityRecord.isInStackLocked(ActivityRecord.java:1327)
06-06 00:59:35.649 W/ActivityManager( 1631): 	at com.android.server.am.ActivityManagerService.setTaskDescription(ActivityManagerService.java:9358)
06-06 00:59:35.649 W/ActivityManager( 1631): 	at android.app.ActivityManagerNative.onTransact(ActivityManagerNative.java:2639)
06-06 00:59:35.649 W/ActivityManager( 1631): 	at com.android.server.am.ActivityManagerService.onTransact(ActivityManagerService.java:2757)
06-06 00:59:35.649 W/ActivityManager( 1631): 	at android.os.Binder.execTransact(Binder.java:565)
06-06 00:59:35.649 W/ActivityManager( 1631): Bad activity token: android.os.BinderProxy@d4a21a8
06-06 00:59:35.649 W/ActivityManager( 1631): java.lang.ClassCastException: android.os.BinderProxy cannot be cast to com.android.server.am.ActivityRecord$Token
06-06 00:59:35.649 W/ActivityManager( 1631): 	at com.android.server.am.ActivityRecord.forTokenLocked(ActivityRecord.java:586)
06-06 00:59:35.649 W/ActivityManager( 1631): 	at com.android.server.am.ActivityRecord.isInStackLocked(ActivityRecord.java:1327)
06-06 00:59:35.649 W/ActivityManager( 1631): 	at com.android.server.am.ActivityRecord.getStackLocked(ActivityRecord.java:1332)
06-06 00:59:35.649 W/ActivityManager( 1631): 	at com.android.server.am.ActivityManagerService.getActivityStackId(ActivityManagerService.java:9817)
06-06 00:59:35.649 W/ActivityManager( 1631): 	at android.app.ActivityManagerNative.onTransact(ActivityManagerNative.java:2856)
06-06 00:59:35.649 W/ActivityManager( 1631): 	at com.android.server.am.ActivityManagerService.onTransact(ActivityManagerService.java:2757)
06-06 00:59:35.649 W/ActivityManager( 1631): 	at android.os.Binder.execTransact(Binder.java:565)
06-06 00:59:35.655 D/VehicleStatisticsActivity(23681): Checking recalculation ...
06-06 00:59:35.656 D/VehicleStatisticsActivity(23681): Recalculation not necessary.
06-06 00:59:35.667 W/ActivityManager( 1631): Bad activity token: android.os.BinderProxy@d4a21a8
06-06 00:59:35.667 W/ActivityManager( 1631): java.lang.ClassCastException: android.os.BinderProxy cannot be cast to com.android.server.am.ActivityRecord$Token
06-06 00:59:35.667 W/ActivityManager( 1631): 	at com.android.server.am.ActivityRecord.forTokenLocked(ActivityRecord.java:586)
06-06 00:59:35.667 W/ActivityManager( 1631): 	at com.android.server.am.ActivityRecord.isInStackLocked(ActivityRecord.java:1327)
06-06 00:59:35.667 W/ActivityManager( 1631): 	at com.android.server.am.ActivityManagerService.getActivityOptions(ActivityManagerService.java:12559)
06-06 00:59:35.667 W/ActivityManager( 1631): 	at android.app.ActivityManagerNative.onTransact(ActivityManagerNative.java:1933)
06-06 00:59:35.667 W/ActivityManager( 1631): 	at com.android.server.am.ActivityManagerService.onTransact(ActivityManagerService.java:2757)
06-06 00:59:35.667 W/ActivityManager( 1631): 	at android.os.Binder.execTransact(Binder.java:565)
06-06 00:59:35.667 W/ActivityManager( 1631): Bad activity token: android.os.BinderProxy@d4a21a8
06-06 00:59:35.667 W/ActivityManager( 1631): java.lang.ClassCastException: android.os.BinderProxy cannot be cast to com.android.server.am.ActivityRecord$Token
06-06 00:59:35.667 W/ActivityManager( 1631): 	at com.android.server.am.ActivityRecord.forTokenLocked(ActivityRecord.java:586)
06-06 00:59:35.667 W/ActivityManager( 1631): 	at com.android.server.am.ActivityRecord.isInStackLocked(ActivityRecord.java:1327)
06-06 00:59:35.667 W/ActivityManager( 1631): 	at com.android.server.am.ActivityManagerService.getActivityOptions(ActivityManagerService.java:12559)
06-06 00:59:35.667 W/ActivityManager( 1631): 	at android.app.ActivityManagerNative.onTransact(ActivityManagerNative.java:1933)
06-06 00:59:35.667 W/ActivityManager( 1631): 	at com.android.server.am.ActivityManagerService.onTransact(ActivityManagerService.java:2757)
06-06 00:59:35.667 W/ActivityManager( 1631): 	at android.os.Binder.execTransact(Binder.java:565)
06-06 00:59:35.668 D/VehicleStatisticsActivity(23681): Checking recalculation ...
06-06 00:59:35.669 D/VehicleStatisticsActivity(23681): Recalculation not necessary.
06-06 00:59:35.683 V/PhoneStatusBar( 1712): setLightsOn(true)
06-06 00:59:35.730 I/System.out(23681): URI: //map
06-06 00:59:35.730 I/System.out(23681): params: {json={"query":"android.widget.AbsListView index:0","operation":{"method_name":"query","arguments":[]}}
06-06 00:59:35.730 I/System.out(23681): }
06-06 00:59:35.734 I/art     (23681): Do partial code cache collection, code=30KB, data=29KB
06-06 00:59:35.734 I/art     (23681): After code cache collection, code=29KB, data=28KB
06-06 00:59:35.734 I/art     (23681): Increasing code cache capacity to 128KB
06-06 00:59:35.744 I/System.out(23681): URI: //map
06-06 00:59:35.744 I/System.out(23681): params: {json={"query":"android.widget.AbsListView index:0","operation":{"method_name":"query","arguments":[]}}
06-06 00:59:35.744 I/System.out(23681): }
06-06 00:59:35.759 I/System.out(23681): URI: //map
06-06 00:59:35.759 I/System.out(23681): params: {json={"query":"android.widget.AbsListView index:0","operation":{"method_name":"query","arguments":[]}}
06-06 00:59:35.759 I/System.out(23681): }
06-06 00:59:35.772 I/System.out(23681): URI: //map
06-06 00:59:35.772 I/System.out(23681): params: {json={"query":"android.widget.AbsListView index:0","operation":{"method_name":"query","arguments":["getFirstVisiblePosition"]}}
06-06 00:59:35.772 I/System.out(23681): }
06-06 00:59:35.783 I/System.out(23681): URI: //map
06-06 00:59:35.783 I/System.out(23681): params: {json={"query":"android.widget.AbsListView index:0","operation":{"method_name":"query","arguments":["getLastVisiblePosition"]}}
06-06 00:59:35.783 I/System.out(23681): }
06-06 00:59:35.795 I/System.out(23681): URI: //map
06-06 00:59:35.795 I/System.out(23681): params: {json={"query":"android.widget.AbsListView index:0","operation":{"method_name":"query","arguments":[{"method_name":"setSelection","arguments":[26]}]}}
06-06 00:59:35.795 I/System.out(23681): }
06-06 00:59:35.813 I/System.out(23681): URI: //map
06-06 00:59:35.813 I/System.out(23681): params: {json={"query":"* marked:'Largest fillup'","operation":{"method_name":"query","arguments":[]}}
06-06 00:59:35.813 I/System.out(23681): }
06-06 00:59:35.854 D/gralloc_ranchu( 1347): gralloc_alloc: Creating ashmem region of size 9023488
06-06 00:59:35.898 W/ResourceType(23681): No package identifier when getting name for resource number 0x00000001
06-06 00:59:35.912 I/System.out(23681): URI: //gesture
06-06 00:59:35.912 I/System.out(23681): params: {json={"query_timeout":5.0,"gestures":[{"query_string":"* marked:'Largest fillup'","touches":[{"x":50,"y":50,"offset_x":0,"offset_y":0,"wait":0.0,"time":0.2,"release":true,"query_string":null}]}]}
06-06 00:59:35.912 I/System.out(23681): }
06-06 00:59:35.916 W/ResourceType(23681): No package identifier when getting name for resource number 0x00000001
06-06 00:59:35.966 V/PhoneStatusBar( 1712): setLightsOn(true)
06-06 00:59:35.968 V/PhoneStatusBar( 1712): setLightsOn(true)
06-06 00:59:35.969 W/OpenGLRenderer( 2076): Incorrectly called buildLayer on View: ShortcutAndWidgetContainer, destroying layer...
06-06 00:59:35.984 V/PhoneStatusBar( 1712): setLightsOn(true)
06-06 00:59:35.985 I/WindowManager( 1631): Destroying surface Surface(name=com.android.launcher3/com.android.launcher3.Launcher) called by com.android.server.wm.WindowStateAnimator.destroySurface:2016 com.android.server.wm.WindowStateAnimator.destroySurfaceLocked:882 com.android.server.wm.WindowState.destroyOrSaveSurface:2100 com.android.server.wm.AppWindowToken.destroySurfaces:363 com.android.server.wm.AppWindowToken.notifyAppStopped:389 com.android.server.wm.WindowManagerService.notifyAppStopped:4463 com.android.server.am.ActivityStack.activityStoppedLocked:1252 com.android.server.am.ActivityManagerService.activityStopped:6903 
06-06 00:59:36.150 I/ActivityManager( 1631): START u0 {cmp=com.evancharlton.mileage/.charts.MaximumVolumeChart (has extras)} from uid 10374 on display 0
06-06 00:59:36.151 V/PhoneStatusBar( 1712): setLightsOn(true)
06-06 00:59:36.152 V/PhoneStatusBar( 1712): setLightsOn(true)
06-06 00:59:36.160 I/System.out(23681): URI: //map
06-06 00:59:36.160 I/System.out(23681): params: {json={"query":"* {text CONTAINS[c] 'Largest fillup size'}","operation":{"method_name":"query","arguments":[]}}
06-06 00:59:36.160 I/System.out(23681): }
06-06 00:59:36.199 I/calabash(23681): newActivity1
06-06 00:59:36.203 W/aiCharts(23681): License file is invalid or missing. 
06-06 00:59:36.203 W/aiCharts(23681): Please place proper license.lic to /assets folder.
06-06 00:59:36.215 V/PhoneStatusBar( 1712): setLightsOn(true)
06-06 00:59:36.233 V/PhoneStatusBar( 1712): setLightsOn(true)
06-06 00:59:36.238 I/WindowManager( 1631): Destroying surface Surface(name=Creating chart…) called by com.android.server.wm.WindowStateAnimator.destroySurface:2016 com.android.server.wm.WindowStateAnimator.destroySurfaceLocked:882 com.android.server.wm.WindowState.removeLocked:1456 com.android.server.wm.WindowManagerService.removeWindowInnerLocked:2484 com.android.server.wm.WindowManagerService.removeWindowLocked:2442 com.android.server.wm.WindowManagerService.removeWindowLocked:2311 com.android.server.wm.WindowManagerService.removeWindow:2306 com.android.server.wm.Session.remove:202 
06-06 00:59:36.240 D/gralloc_ranchu( 1347): gralloc_alloc: Creating ashmem region of size 9023488
06-06 00:59:36.250 V/PhoneStatusBar( 1712): setLightsOn(true)
06-06 00:59:36.264 I/ActivityManager( 1631): Displayed com.evancharlton.mileage/.charts.MaximumVolumeChart: +66ms
06-06 00:59:36.266 V/PhoneStatusBar( 1712): setLightsOn(true)
06-06 00:59:36.299 V/PhoneStatusBar( 1712): setLightsOn(true)
06-06 00:59:36.318 V/PhoneStatusBar( 1712): setLightsOn(true)
06-06 00:59:36.482 D/WifiNative-HAL( 1631): Failing getSupportedFeatureset because HAL isn't started
06-06 00:59:36.482 E/BluetoothAdapter( 1631): Bluetooth binder is null
06-06 00:59:36.482 E/BatteryStatsService( 1631): no controller energy info supplied
06-06 00:59:36.484 E/KernelCpuSpeedReader( 1631): Failed to read cpu-freq: /sys/devices/system/cpu/cpu0/cpufreq/stats/time_in_state (No such file or directory)
06-06 00:59:36.485 E/KernelUidCpuTimeReader( 1631): Failed to read uid_cputime: /proc/uid_cputime/show_uid_stat (No such file or directory)
06-06 00:59:36.485 E/BatteryStatsService( 1631): modem info is invalid: ModemActivityInfo{ mTimestamp=0 mSleepTimeMs=0 mIdleTimeMs=0 mTxTimeMs[]=[0, 0, 0, 0, 0] mRxTimeMs=0 mEnergyUsed=0}
06-06 00:59:36.501 V/PhoneStatusBar( 1712): setLightsOn(true)
06-06 00:59:36.530 I/System.out(23681): URI: //map
06-06 00:59:36.530 I/System.out(23681): params: {json={"query":"* {text CONTAINS[c] 'Largest fillup size'}","operation":{"method_name":"query","arguments":[]}}
06-06 00:59:36.530 I/System.out(23681): }
06-06 00:59:36.548 I/System.out(23681): URI: //
06-06 00:59:36.548 I/System.out(23681): params: {json={"command":"press_key","arguments":["KEYCODE_BACK"]}
06-06 00:59:36.548 I/System.out(23681): }
06-06 00:59:36.548 I/System.out(23681): header: {content-type=application/json;charset=utf-8, date=Sat, 06 Jun 2020 05:59:36 GMT, accept=*/*, host=127.0.0.1:34777, content-length=52, user-agent=HTTPClient/1.0 (2.8.3, ruby 2.5.1 (2018-03-29))}
06-06 00:59:36.548 I/System.out(23681): params: {json={"command":"press_key","arguments":["KEYCODE_BACK"]}
06-06 00:59:36.548 I/System.out(23681): }
06-06 00:59:36.548 I/System.out(23681): ProP json = {"command":"press_key","arguments":["KEYCODE_BACK"]}
06-06 00:59:36.548 I/System.out(23681): files: {}
06-06 00:59:36.548 I/System.out(23681): command: {"command":"press_key","arguments":["KEYCODE_BACK"]}
06-06 00:59:36.549 I/InstrumentationBackend(23681): Got command:'Command:'Line:null,press_key', arguments:'[KEYCODE_BACK]'
06-06 00:59:36.552 V/PhoneStatusBar( 1712): setLightsOn(true)
06-06 00:59:36.556 I/System.out(23681): result:{"bonusInformation":[],"message":"","success":true}
06-06 00:59:36.557 I/art     (23681): Do partial code cache collection, code=60KB, data=62KB
06-06 00:59:36.557 I/art     (23681): After code cache collection, code=60KB, data=61KB
06-06 00:59:36.557 I/art     (23681): Increasing code cache capacity to 256KB
06-06 00:59:36.558 D/VehicleStatisticsActivity(23681): Checking recalculation ...
06-06 00:59:36.559 D/VehicleStatisticsActivity(23681): Recalculation not necessary.
06-06 00:59:36.559 I/System.out(23681): URI: //map
06-06 00:59:36.559 I/System.out(23681): params: {json={"query":"* {text CONTAINS[c] 'Statistics'}","operation":{"method_name":"query","arguments":[]}}
06-06 00:59:36.559 I/System.out(23681): }
06-06 00:59:36.566 V/PhoneStatusBar( 1712): setLightsOn(true)
06-06 00:59:36.583 D/gralloc_ranchu( 1347): gralloc_alloc: Creating ashmem region of size 9023488
06-06 00:59:36.584 V/PhoneStatusBar( 1712): setLightsOn(true)
06-06 00:59:36.600 V/PhoneStatusBar( 1712): setLightsOn(true)
06-06 00:59:36.633 V/PhoneStatusBar( 1712): setLightsOn(true)
