--------- beginning of main
06-05 18:17:03.059 V/PhoneStatusBar( 1712): setLightsOn(true)
06-05 18:17:03.061 D/gralloc_ranchu( 1346): gralloc_alloc: Creating ashmem region of size 3145728
06-05 18:17:03.066 E/EGL_emulation( 1346): tid 1346: eglCreateSyncKHR(1901): error 0x3004 (EGL_BAD_ATTRIBUTE)
--------- beginning of system
06-05 18:17:03.074 W/ActivityManager( 1630): Finishing task with all activities already finished
06-05 18:17:03.074 W/ActivityManager( 1630): Duplicate finish request for ActivityRecord{22ddb3b u0 com.evancharlton.mileage/.Mileage t2723 f}
06-05 18:17:03.074 W/ActivityManager( 1630): Finishing task with all activities already finished
06-05 18:17:03.074 W/ActivityManager( 1630): Duplicate finish request for ActivityRecord{22ddb3b u0 com.evancharlton.mileage/.Mileage t2723 f}
06-05 18:17:03.074 W/ActivityManager( 1630): Finishing task with all activities already finished
06-05 18:17:03.075 W/ActivityManager( 1630): Duplicate finish request for ActivityRecord{22ddb3b u0 com.evancharlton.mileage/.Mileage t2723 f}
06-05 18:17:03.075 W/ActivityManager( 1630): Finishing task with all activities already finished
06-05 18:17:03.075 W/ActivityManager( 1630): Duplicate finish request for ActivityRecord{22ddb3b u0 com.evancharlton.mileage/.Mileage t2723 f}
06-05 18:17:03.075 W/ActivityManager( 1630): Finishing task with all activities already finished
06-05 18:17:03.075 W/ActivityManager( 1630): Duplicate finish request for ActivityRecord{22ddb3b u0 com.evancharlton.mileage/.Mileage t2723 f}
06-05 18:17:03.075 W/ActivityManager( 1630): Finishing task with all activities already finished
06-05 18:17:03.075 W/ActivityManager( 1630): Duplicate finish request for ActivityRecord{8d95ecd u0 com.evancharlton.mileage/.charts.MinimumDistanceChart t2723 f}
06-05 18:17:03.075 W/ActivityManager( 1630): Finishing task with all activities already finished
06-05 18:17:03.075 W/ActivityManager( 1630): Duplicate finish request for ActivityRecord{8d95ecd u0 com.evancharlton.mileage/.charts.MinimumDistanceChart t2723 f}
06-05 18:17:03.076 W/ActivityManager( 1630): Finishing task with all activities already finished
06-05 18:17:03.076 W/ActivityManager( 1630): Duplicate finish request for ActivityRecord{22ddb3b u0 com.evancharlton.mileage/.Mileage t2723 f}
06-05 18:17:03.076 W/ActivityManager( 1630): Finishing task with all activities already finished
06-05 18:17:03.076 W/ActivityManager( 1630): Duplicate finish request for ActivityRecord{22ddb3b u0 com.evancharlton.mileage/.Mileage t2723 f}
06-05 18:17:03.094 D/EGL_emulation( 2099): eglMakeCurrent: 0xb4085240: ver 2 0 (tinfo 0xb40832d0)
06-05 18:17:03.111 D/EGL_emulation( 1712): eglMakeCurrent: 0xb4085540: ver 2 0 (tinfo 0xb4083740)
06-05 18:17:03.126 D/EGL_emulation( 1712): eglMakeCurrent: 0xb4085540: ver 2 0 (tinfo 0xb4083740)
06-05 18:17:03.128 D/EGL_emulation( 1712): eglMakeCurrent: 0xb4085540: ver 2 0 (tinfo 0xb4083740)
06-05 18:17:03.142 D/EGL_emulation( 1712): eglMakeCurrent: 0xb4085540: ver 2 0 (tinfo 0xb4083740)
06-05 18:17:03.144 D/EGL_emulation( 1712): eglMakeCurrent: 0xb4085540: ver 2 0 (tinfo 0xb4083740)
06-05 18:17:03.149 D/AndroidRuntime( 4406): >>>>>> START com.android.internal.os.RuntimeInit uid 2000 <<<<<<
06-05 18:17:03.150 D/AndroidRuntime( 4406): CheckJNI is ON
06-05 18:17:03.159 D/EGL_emulation( 1712): eglMakeCurrent: 0xb4085540: ver 2 0 (tinfo 0xb4083740)
06-05 18:17:03.161 W/art     ( 4406): Unexpected CPU variant for X86 using defaults: x86
06-05 18:17:03.161 D/EGL_emulation( 1712): eglMakeCurrent: 0xb4085540: ver 2 0 (tinfo 0xb4083740)
06-05 18:17:03.163 D/ICU     ( 4406): No timezone override file found: /data/misc/zoneinfo/current/icu/icu_tzdata.dat
06-05 18:17:03.170 E/memtrack( 4406): Couldn't load memtrack module (No such file or directory)
06-05 18:17:03.170 E/android.os.Debug( 4406): failed to load memtrack module: -2
06-05 18:17:03.170 I/Radio-JNI( 4406): register_android_hardware_Radio DONE
06-05 18:17:03.175 D/AndroidRuntime( 4406): Calling main entry com.android.commands.am.Am
06-05 18:17:03.176 D/EGL_emulation( 1712): eglMakeCurrent: 0xb4085540: ver 2 0 (tinfo 0xb4083740)
06-05 18:17:03.176 I/ActivityManager( 1630): Force stopping com.evancharlton.mileage appid=10150 user=0: start instr
06-05 18:17:03.177 I/ActivityManager( 1630): Killing 4361:com.evancharlton.mileage/u0a150 (adj 0): stop com.evancharlton.mileage
06-05 18:17:03.177 D/ActivityManager( 1630): cleanUpApplicationRecord -- 4361
06-05 18:17:03.177 I/WindowManager( 1630): Destroying surface Surface(name=com.evancharlton.mileage/com.evancharlton.mileage.charts.MinimumDistanceChart) called by com.android.server.wm.WindowStateAnimator.destroySurface:2016 com.android.server.wm.WindowStateAnimator.destroySurfaceLocked:882 com.android.server.wm.WindowState.removeLocked:1456 com.android.server.wm.WindowManagerService.removeWindowInnerLocked:2484 com.android.server.wm.WindowManagerService.removeWindowLocked:2442 com.android.server.wm.WindowManagerService.removeWindowLocked:2311 com.android.server.wm.AppWindowToken.removeAllWindows:530 com.android.server.wm.AppWindowToken.removeAppFromTaskLocked:326 
06-05 18:17:03.178 D/EGL_emulation( 1712): eglMakeCurrent: 0xb4085540: ver 2 0 (tinfo 0xb4083740)
06-05 18:17:03.179 W/ActivityManager( 1630): Crash of app com.evancharlton.mileage running instrumentation ComponentInfo{com.evancharlton.mileage.test/sh.calaba.instrumentationbackend.CalabashInstrumentationTestRunner}
06-05 18:17:03.179 I/ActivityManager( 1630): Force stopping com.evancharlton.mileage appid=10150 user=0: finished inst
06-05 18:17:03.182 I/art     ( 4416): Not late-enabling -Xcheck:jni (already on)
06-05 18:17:03.182 W/art     ( 4416): Unexpected CPU variant for X86 using defaults: x86
06-05 18:17:03.190 I/ActivityManager( 1630): Start proc 4416:com.evancharlton.mileage/u0a150 for added application com.evancharlton.mileage
06-05 18:17:03.190 D/AndroidRuntime( 4406): Shutting down VM
06-05 18:17:03.192 D/EGL_emulation( 1712): eglMakeCurrent: 0xb4085540: ver 2 0 (tinfo 0xb4083740)
06-05 18:17:03.195 W/System  ( 4416): ClassLoader referenced unknown path: /data/app/com.evancharlton.mileage.test-1/lib/x86
06-05 18:17:03.195 W/System  ( 4416): ClassLoader referenced unknown path: /data/app/com.evancharlton.mileage-1/lib/x86
06-05 18:17:03.196 D/EGL_emulation( 1712): eglMakeCurrent: 0xb4085540: ver 2 0 (tinfo 0xb4083740)
06-05 18:17:03.198 W/System  ( 4416): ClassLoader referenced unknown path: 
06-05 18:17:03.201 I/System.out( 4416): Main activity name automatically set to: com.evancharlton.mileage.Mileage
06-05 18:17:03.202 I/System.out( 4416): Calabash did not load Mono. This is only a problem if you are trying to test a Mono application
06-05 18:17:03.202 I/calabash( 4416): Test server port: 7102
06-05 18:17:03.203 I/InstrumentationBackend( 4416): Added:'GetPreferences', with key:'get_preferences'
06-05 18:17:03.207 I/InstrumentationBackend( 4416): Added:'SetPreferences', with key:'set_preferences'
06-05 18:17:03.207 I/InstrumentationBackend( 4416): Added:'ClearPreferences', with key:'clear_preferences'
06-05 18:17:03.207 I/InstrumentationBackend( 4416): Added:'PressElement', with key:'press_l10n_element'
06-05 18:17:03.207 I/InstrumentationBackend( 4416): Added:'WaitForElement', with key:'wait_for_l10n_element'
06-05 18:17:03.207 I/InstrumentationBackend( 4416): Added:'NullAction', with key:'nullAction'
06-05 18:17:03.207 I/InstrumentationBackend( 4416): Added:'PressKey', with key:'press_key'
06-05 18:17:03.207 I/InstrumentationBackend( 4416): Added:'SetActivityOrientation', with key:'set_activity_orientation'
06-05 18:17:03.207 I/InstrumentationBackend( 4416): Added:'GetActivityOrientation', with key:'get_activity_orientation'
06-05 18:17:03.207 I/InstrumentationBackend( 4416): Added:'FakeGPSLocation', with key:'set_gps_coordinates'
06-05 18:17:03.207 I/InstrumentationBackend( 4416): Added:'SetPropertyByCssSelector', with key:'set_property_by_css_selector'
06-05 18:17:03.207 I/InstrumentationBackend( 4416): Added:'GetUrl', with key:'get_url'
06-05 18:17:03.208 I/InstrumentationBackend( 4416): Added:'ScrollTo', with key:'scroll_to'
06-05 18:17:03.208 I/InstrumentationBackend( 4416): Added:'GetLoadProgress', with key:'get_load_progress'
06-05 18:17:03.208 I/InstrumentationBackend( 4416): Added:'DumpHtml', with key:'dump_html'
06-05 18:17:03.208 I/InstrumentationBackend( 4416): Added:'DumpBodyHtml', with key:'dump_body_html'
06-05 18:17:03.208 I/InstrumentationBackend( 4416): Added:'EnterTextByCssSelector', with key:'enter_text_by_selector'
06-05 18:17:03.208 I/InstrumentationBackend( 4416): Added:'AndroidSDKVersion', with key:'android_sdk_version'
06-05 18:17:03.208 I/InstrumentationBackend( 4416): Added:'Version', with key:'version'
06-05 18:17:03.208 I/InstrumentationBackend( 4416): Added:'Drag', with key:'drag'
06-05 18:17:03.208 I/InstrumentationBackend( 4416): Added:'TouchCoordinates', with key:'touch_coordinate'
06-05 18:17:03.208 I/InstrumentationBackend( 4416): Added:'LongPressCoordinate', with key:'long_press_coordinate'
06-05 18:17:03.208 I/InstrumentationBackend( 4416): Added:'DragCoordinates', with key:'drag_coordinates'
06-05 18:17:03.208 I/InstrumentationBackend( 4416): Added:'ResumeApplication', with key:'resume_application'
06-05 18:17:03.208 I/InstrumentationBackend( 4416): Added:'Swipe', with key:'swipe'
06-05 18:17:03.208 I/InstrumentationBackend( 4416): Added:'DoubleTapCoordinate', with key:'double_tap_coordinate'
06-05 18:17:03.208 I/InstrumentationBackend( 4416): Added:'ClickOnScreen', with key:'click_on_screen'
06-05 18:17:03.208 I/InstrumentationBackend( 4416): Added:'GetActivityName', with key:'get_activity_name'
06-05 18:17:03.208 I/InstrumentationBackend( 4416): Added:'ScrollToView', with key:'scroll_to_view'
06-05 18:17:03.209 I/InstrumentationBackend( 4416): Added:'ViewConfiguration', with key:'view_configuration'
06-05 18:17:03.209 I/InstrumentationBackend( 4416): Added:'IsCurrentActivityFocused', with key:'is_current_activity_focused'
06-05 18:17:03.209 I/InstrumentationBackend( 4416): Added:'SendTcp', with key:'send_tcp'
06-05 18:17:03.209 I/InstrumentationBackend( 4416): Added:'DpToDevicePixel', with key:'dp_to_device_pixel'
06-05 18:17:03.209 I/InstrumentationBackend( 4416): Added:'KeyboardEnterText', with key:'keyboard_enter_text'
06-05 18:17:03.209 I/InstrumentationBackend( 4416): Added:'DeleteSurroundingText', with key:'delete_surrounding_text'
06-05 18:17:03.209 I/InstrumentationBackend( 4416): Added:'SetComposingRegion', with key:'set_composing_region'
06-05 18:17:03.209 I/InstrumentationBackend( 4416): Added:'SetSelection', with key:'set_selection'
06-05 18:17:03.209 D/EGL_emulation( 1712): eglMakeCurrent: 0xb4085540: ver 2 0 (tinfo 0xb4083740)
06-05 18:17:03.209 I/InstrumentationBackend( 4416): Added:'KeyboardKeyEvent', with key:'keyboard_key_event'
06-05 18:17:03.209 I/InstrumentationBackend( 4416): Added:'PressUserActionButton', with key:'press_user_action_button'
06-05 18:17:03.210 I/InstrumentationBackend( 4416): Added:'HideSoftKeyboard', with key:'hide_soft_keyboard'
06-05 18:17:03.210 I/InstrumentationBackend( 4416): Added:'ListActions', with key:'list_actions'
06-05 18:17:03.210 I/calabash( 4416): Instantiating http server at 7102
06-05 18:17:03.210 I/System.out( 4416): HTTP Daemon listening on: 7102
06-05 18:17:03.212 D/EGL_emulation( 1712): eglMakeCurrent: 0xb4085540: ver 2 0 (tinfo 0xb4083740)
06-05 18:17:03.226 D/EGL_emulation( 1712): eglMakeCurrent: 0xb4085540: ver 2 0 (tinfo 0xb4083740)
06-05 18:17:03.228 D/EGL_emulation( 1712): eglMakeCurrent: 0xb4085540: ver 2 0 (tinfo 0xb4083740)
06-05 18:17:03.233 I/WindowManager( 1630): WIN DEATH: Window{f7581d2 u0 com.evancharlton.mileage/com.evancharlton.mileage.Mileage EXITING}
06-05 18:17:03.257 D/EGL_emulation( 1712): eglMakeCurrent: 0xb4085540: ver 2 0 (tinfo 0xb4083740)
06-05 18:17:03.262 D/EGL_emulation( 1712): eglMakeCurrent: 0xb4085540: ver 2 0 (tinfo 0xb4083740)
06-05 18:17:03.263 D/EGL_emulation( 1712): eglMakeCurrent: 0xb4085540: ver 2 0 (tinfo 0xb4083740)
06-05 18:17:03.265 D/EGL_emulation( 1712): eglMakeCurrent: 0xb4085540: ver 2 0 (tinfo 0xb4083740)
06-05 18:17:03.276 D/EGL_emulation( 1712): eglMakeCurrent: 0xb4085540: ver 2 0 (tinfo 0xb4083740)
06-05 18:17:03.278 D/EGL_emulation( 1712): eglMakeCurrent: 0xb4085540: ver 2 0 (tinfo 0xb4083740)
06-05 18:17:03.293 D/EGL_emulation( 1712): eglMakeCurrent: 0xb4085540: ver 2 0 (tinfo 0xb4083740)
06-05 18:17:03.294 D/EGL_emulation( 1712): eglMakeCurrent: 0xb4085540: ver 2 0 (tinfo 0xb4083740)
06-05 18:17:03.300 I/System.out( 4416): URI: //ping
06-05 18:17:03.300 I/System.out( 4416): params: {json={}
06-05 18:17:03.300 I/System.out( 4416): }
06-05 18:17:03.304 I/System.out( 4416): URI: //ping
06-05 18:17:03.304 I/System.out( 4416): params: {json={}
06-05 18:17:03.304 I/System.out( 4416): }
06-05 18:17:03.306 I/System.out( 4416): URI: //ready
06-05 18:17:03.306 I/System.out( 4416): params: {json={}
06-05 18:17:03.306 I/System.out( 4416): }
06-05 18:17:03.308 I/System.out( 4416): URI: //
06-05 18:17:03.308 I/System.out( 4416): params: {json={"command":"version","arguments":[]}
06-05 18:17:03.308 I/System.out( 4416): }
06-05 18:17:03.308 I/System.out( 4416): header: {content-type=application/json;charset=utf-8, date=Fri, 05 Jun 2020 23:17:03 GMT, accept=*/*, host=127.0.0.1:34784, content-length=36, user-agent=HTTPClient/1.0 (2.8.3, ruby 2.5.1 (2018-03-29))}
06-05 18:17:03.308 I/System.out( 4416): params: {json={"command":"version","arguments":[]}
06-05 18:17:03.308 I/System.out( 4416): }
06-05 18:17:03.308 I/System.out( 4416): ProP json = {"command":"version","arguments":[]}
06-05 18:17:03.308 I/System.out( 4416): files: {}
06-05 18:17:03.308 I/System.out( 4416): command: {"command":"version","arguments":[]}
06-05 18:17:03.310 D/EGL_emulation( 1712): eglMakeCurrent: 0xb4085540: ver 2 0 (tinfo 0xb4083740)
06-05 18:17:03.312 I/InstrumentationBackend( 4416): Got command:'Command:'Line:null,version', arguments:'[]'
06-05 18:17:03.318 I/System.out( 4416): result:{"bonusInformation":[],"message":"0.9.8","success":true}
06-05 18:17:03.321 I/System.out( 4416): URI: //start-application
06-05 18:17:03.321 I/System.out( 4416): params: {json={"intent":null}
06-05 18:17:03.321 I/System.out( 4416): }
06-05 18:17:03.326 D/EGL_emulation( 1712): eglMakeCurrent: 0xb4085540: ver 2 0 (tinfo 0xb4083740)
06-05 18:17:03.328 D/EGL_emulation( 1712): eglMakeCurrent: 0xb4085540: ver 2 0 (tinfo 0xb4083740)
06-05 18:17:03.331 I/ActivityManager( 1630): START u0 {act=android.intent.action.MAIN cat=[android.intent.category.LAUNCHER] flg=0x10200000 cmp=com.evancharlton.mileage/.Mileage} from uid 10150 on display 0
06-05 18:17:03.337 I/calabash( 4416): newActivity1
06-05 18:17:03.345 I/calabash( 4416): newActivity1
06-05 18:17:03.346 W/ActivityManager( 1630): Bad activity token: android.os.BinderProxy@a5b532e
06-05 18:17:03.346 W/ActivityManager( 1630): java.lang.ClassCastException: android.os.BinderProxy cannot be cast to com.android.server.am.ActivityRecord$Token
06-05 18:17:03.346 W/ActivityManager( 1630): 	at com.android.server.am.ActivityRecord.forTokenLocked(ActivityRecord.java:586)
06-05 18:17:03.346 W/ActivityManager( 1630): 	at com.android.server.am.ActivityRecord.isInStackLocked(ActivityRecord.java:1327)
06-05 18:17:03.346 W/ActivityManager( 1630): 	at com.android.server.am.ActivityRecord.getStackLocked(ActivityRecord.java:1332)
06-05 18:17:03.346 W/ActivityManager( 1630): 	at com.android.server.am.ActivityManagerService.getActivityDisplayId(ActivityManagerService.java:9806)
06-05 18:17:03.346 W/ActivityManager( 1630): 	at android.app.ActivityManagerNative.onTransact(ActivityManagerNative.java:2566)
06-05 18:17:03.346 W/ActivityManager( 1630): 	at com.android.server.am.ActivityManagerService.onTransact(ActivityManagerService.java:2757)
06-05 18:17:03.346 W/ActivityManager( 1630): 	at android.os.Binder.execTransact(Binder.java:565)
06-05 18:17:03.348 W/ActivityManager( 1630): Bad activity token: android.os.BinderProxy@a5b532e
06-05 18:17:03.348 W/ActivityManager( 1630): java.lang.ClassCastException: android.os.BinderProxy cannot be cast to com.android.server.am.ActivityRecord$Token
06-05 18:17:03.348 W/ActivityManager( 1630): 	at com.android.server.am.ActivityRecord.forTokenLocked(ActivityRecord.java:586)
06-05 18:17:03.348 W/ActivityManager( 1630): 	at com.android.server.am.ActivityRecord.isInStackLocked(ActivityRecord.java:1327)
06-05 18:17:03.348 W/ActivityManager( 1630): 	at com.android.server.am.ActivityManagerService.setTaskDescription(ActivityManagerService.java:9358)
06-05 18:17:03.348 W/ActivityManager( 1630): 	at android.app.ActivityManagerNative.onTransact(ActivityManagerNative.java:2639)
06-05 18:17:03.348 W/ActivityManager( 1630): 	at com.android.server.am.ActivityManagerService.onTransact(ActivityManagerService.java:2757)
06-05 18:17:03.348 W/ActivityManager( 1630): 	at android.os.Binder.execTransact(Binder.java:565)
06-05 18:17:03.348 W/ActivityManager( 1630): Bad activity token: android.os.BinderProxy@a5b532e
06-05 18:17:03.348 W/ActivityManager( 1630): java.lang.ClassCastException: android.os.BinderProxy cannot be cast to com.android.server.am.ActivityRecord$Token
06-05 18:17:03.348 W/ActivityManager( 1630): 	at com.android.server.am.ActivityRecord.forTokenLocked(ActivityRecord.java:586)
06-05 18:17:03.348 W/ActivityManager( 1630): 	at com.android.server.am.ActivityRecord.isInStackLocked(ActivityRecord.java:1327)
06-05 18:17:03.348 W/ActivityManager( 1630): 	at com.android.server.am.ActivityRecord.getStackLocked(ActivityRecord.java:1332)
06-05 18:17:03.348 W/ActivityManager( 1630): 	at com.android.server.am.ActivityManagerService.getActivityStackId(ActivityManagerService.java:9817)
06-05 18:17:03.348 W/ActivityManager( 1630): 	at android.app.ActivityManagerNative.onTransact(ActivityManagerNative.java:2856)
06-05 18:17:03.348 W/ActivityManager( 1630): 	at com.android.server.am.ActivityManagerService.onTransact(ActivityManagerService.java:2757)
06-05 18:17:03.348 W/ActivityManager( 1630): 	at android.os.Binder.execTransact(Binder.java:565)
06-05 18:17:03.360 D/gralloc_ranchu( 1346): gralloc_alloc: Creating ashmem region of size 9023488
06-05 18:17:03.367 W/ActivityManager( 1630): Bad activity token: android.os.BinderProxy@a5b532e
06-05 18:17:03.367 W/ActivityManager( 1630): java.lang.ClassCastException: android.os.BinderProxy cannot be cast to com.android.server.am.ActivityRecord$Token
06-05 18:17:03.367 W/ActivityManager( 1630): 	at com.android.server.am.ActivityRecord.forTokenLocked(ActivityRecord.java:586)
06-05 18:17:03.367 W/ActivityManager( 1630): 	at com.android.server.am.ActivityRecord.isInStackLocked(ActivityRecord.java:1327)
06-05 18:17:03.367 W/ActivityManager( 1630): 	at com.android.server.am.ActivityManagerService.getActivityOptions(ActivityManagerService.java:12559)
06-05 18:17:03.367 W/ActivityManager( 1630): 	at android.app.ActivityManagerNative.onTransact(ActivityManagerNative.java:1933)
06-05 18:17:03.367 W/ActivityManager( 1630): 	at com.android.server.am.ActivityManagerService.onTransact(ActivityManagerService.java:2757)
06-05 18:17:03.367 W/ActivityManager( 1630): 	at android.os.Binder.execTransact(Binder.java:565)
06-05 18:17:03.367 W/ActivityManager( 1630): Bad activity token: android.os.BinderProxy@a5b532e
06-05 18:17:03.367 W/ActivityManager( 1630): java.lang.ClassCastException: android.os.BinderProxy cannot be cast to com.android.server.am.ActivityRecord$Token
06-05 18:17:03.367 W/ActivityManager( 1630): 	at com.android.server.am.ActivityRecord.forTokenLocked(ActivityRecord.java:586)
06-05 18:17:03.367 W/ActivityManager( 1630): 	at com.android.server.am.ActivityRecord.isInStackLocked(ActivityRecord.java:1327)
06-05 18:17:03.367 W/ActivityManager( 1630): 	at com.android.server.am.ActivityManagerService.getActivityOptions(ActivityManagerService.java:12559)
06-05 18:17:03.367 W/ActivityManager( 1630): 	at android.app.ActivityManagerNative.onTransact(ActivityManagerNative.java:1933)
06-05 18:17:03.367 W/ActivityManager( 1630): 	at com.android.server.am.ActivityManagerService.onTransact(ActivityManagerService.java:2757)
06-05 18:17:03.367 W/ActivityManager( 1630): 	at android.os.Binder.execTransact(Binder.java:565)
06-05 18:17:03.400 V/PhoneStatusBar( 1712): setLightsOn(true)
06-05 18:17:03.409 D/gralloc_ranchu( 1346): gralloc_alloc: Creating ashmem region of size 9023488
06-05 18:17:03.417 D/EGL_emulation( 2099): eglMakeCurrent: 0xb4085240: ver 2 0 (tinfo 0xb40832d0)
06-05 18:17:03.418 D/        ( 4416): HostConnection::get() New Host Connection established 0xa4c7c540, tid 4416
06-05 18:17:03.419 D/EGL_emulation( 1712): eglMakeCurrent: 0xb4085540: ver 2 0 (tinfo 0xb4083740)
06-05 18:17:03.462 D/EGL_emulation( 1712): eglMakeCurrent: 0xb4085540: ver 2 0 (tinfo 0xb4083740)
06-05 18:17:03.465 D/EGL_emulation( 1712): eglMakeCurrent: 0xb4085540: ver 2 0 (tinfo 0xb4083740)
06-05 18:17:03.466 V/PhoneStatusBar( 1712): setLightsOn(true)
06-05 18:17:03.468 D/EGL_emulation( 1712): eglMakeCurrent: 0xb4085540: ver 2 0 (tinfo 0xb4083740)
06-05 18:17:03.469 D/EGL_emulation( 1712): eglMakeCurrent: 0xb4085540: ver 2 0 (tinfo 0xb4083740)
06-05 18:17:03.483 D/EGL_emulation( 1712): eglMakeCurrent: 0xb4085540: ver 2 0 (tinfo 0xb4083740)
06-05 18:17:03.486 D/EGL_emulation( 1712): eglMakeCurrent: 0xb4085540: ver 2 0 (tinfo 0xb4083740)
06-05 18:17:03.493 D/EGL_emulation( 1712): eglMakeCurrent: 0xb4085540: ver 2 0 (tinfo 0xb4083740)
06-05 18:17:03.494 D/EGL_emulation( 1712): eglMakeCurrent: 0xb4085540: ver 2 0 (tinfo 0xb4083740)
06-05 18:17:03.509 D/gralloc_ranchu( 1346): gralloc_alloc: Creating ashmem region of size 9023488
06-05 18:17:03.509 D/EGL_emulation( 1712): eglMakeCurrent: 0xb4085540: ver 2 0 (tinfo 0xb4083740)
06-05 18:17:03.510 I/ActivityManager( 1630): Displayed com.evancharlton.mileage/.Mileage: +175ms
06-05 18:17:03.529 D/EGL_emulation( 1712): eglMakeCurrent: 0xb4085540: ver 2 0 (tinfo 0xb4083740)
06-05 18:17:03.532 D/EGL_emulation( 1712): eglMakeCurrent: 0xb4085540: ver 2 0 (tinfo 0xb4083740)
06-05 18:17:03.534 I/WindowManager( 1630): Destroying surface Surface(name=com.evancharlton.mileage/com.evancharlton.mileage.Mileage) called by com.android.server.wm.WindowStateAnimator.destroySurface:2016 com.android.server.wm.WindowStateAnimator.destroySurfaceLocked:882 com.android.server.wm.WindowState.removeLocked:1456 com.android.server.wm.WindowManagerService.removeWindowInnerLocked:2484 com.android.server.wm.AppWindowToken.destroySurfaces:365 com.android.server.wm.WindowStateAnimator.finishExit:565 com.android.server.wm.AppWindowAnimator.stepAnimationLocked:427 com.android.server.wm.WindowAnimator.updateAppWindowsLocked:196 
06-05 18:17:03.549 D/EGL_emulation( 1712): eglMakeCurrent: 0xb4085540: ver 2 0 (tinfo 0xb4083740)
06-05 18:17:03.553 D/EGL_emulation( 1712): eglMakeCurrent: 0xb4085540: ver 2 0 (tinfo 0xb4083740)
06-05 18:17:03.556 D/EGL_emulation( 1712): eglMakeCurrent: 0xb4085540: ver 2 0 (tinfo 0xb4083740)
06-05 18:17:03.556 V/PhoneStatusBar( 1712): setLightsOn(true)
06-05 18:17:03.560 D/EGL_emulation( 1712): eglMakeCurrent: 0xb4085540: ver 2 0 (tinfo 0xb4083740)
06-05 18:17:03.562 D/EGL_emulation( 1712): eglMakeCurrent: 0xb4085540: ver 2 0 (tinfo 0xb4083740)
06-05 18:17:03.578 D/EGL_emulation( 1712): eglMakeCurrent: 0xb4085540: ver 2 0 (tinfo 0xb4083740)
06-05 18:17:03.580 D/EGL_emulation( 1712): eglMakeCurrent: 0xb4085540: ver 2 0 (tinfo 0xb4083740)
06-05 18:17:03.594 D/EGL_emulation( 1712): eglMakeCurrent: 0xb4085540: ver 2 0 (tinfo 0xb4083740)
06-05 18:17:03.597 D/EGL_emulation( 1712): eglMakeCurrent: 0xb4085540: ver 2 0 (tinfo 0xb4083740)
06-05 18:17:03.600 I/System.out( 4416): URI: //map
06-05 18:17:03.601 I/System.out( 4416): params: {json={"query":"* marked:'Statistics'","operation":{"method_name":"query","arguments":[]}}
06-05 18:17:03.601 I/System.out( 4416): }
06-05 18:17:03.610 D/EGL_emulation( 1712): eglMakeCurrent: 0xb4085540: ver 2 0 (tinfo 0xb4083740)
06-05 18:17:03.612 D/EGL_emulation( 1712): eglMakeCurrent: 0xb4085540: ver 2 0 (tinfo 0xb4083740)
06-05 18:17:03.613 W/ResourceType( 4416): No package identifier when getting name for resource number 0x00000001
06-05 18:17:03.626 D/EGL_emulation( 1712): eglMakeCurrent: 0xb4085540: ver 2 0 (tinfo 0xb4083740)
06-05 18:17:03.628 I/System.out( 4416): URI: //gesture
06-05 18:17:03.628 I/System.out( 4416): params: {json={"query_timeout":5.0,"gestures":[{"query_string":"* marked:'Statistics'","touches":[{"x":50,"y":50,"offset_x":0,"offset_y":0,"wait":0.0,"time":0.2,"release":true,"query_string":null}]}]}
06-05 18:17:03.628 I/System.out( 4416): }
06-05 18:17:03.635 W/ResourceType( 4416): No package identifier when getting name for resource number 0x00000001
06-05 18:17:03.709 I/WindowManager( 1630): Destroying surface Surface(name=Starting com.evancharlton.mileage) called by com.android.server.wm.WindowStateAnimator.destroySurface:2016 com.android.server.wm.WindowStateAnimator.destroySurfaceLocked:882 com.android.server.wm.WindowState.destroyOrSaveSurface:2100 com.android.server.wm.AppWindowToken.destroySurfaces:363 com.android.server.wm.WindowStateAnimator.finishExit:565 com.android.server.wm.WindowStateAnimator.stepAnimationLocked:491 com.android.server.wm.WindowAnimator.updateWindowsLocked:303 com.android.server.wm.WindowAnimator.animateLocked:704 
06-05 18:17:03.711 V/PhoneStatusBar( 1712): setLightsOn(true)
06-05 18:17:03.742 V/PhoneStatusBar( 1712): setLightsOn(true)
06-05 18:17:03.842 V/PhoneStatusBar( 1712): setLightsOn(true)
06-05 18:17:03.861 I/calabash( 4416): newActivity1
06-05 18:17:03.869 I/System.out( 4416): URI: //map
06-05 18:17:03.870 I/System.out( 4416): params: {json={"query":"* marked:'Maximum distance'","operation":{"method_name":"query","arguments":[]}}
06-05 18:17:03.870 I/System.out( 4416): }
06-05 18:17:03.874 W/ActivityManager( 1630): Bad activity token: android.os.BinderProxy@bcd3178
06-05 18:17:03.874 W/ActivityManager( 1630): java.lang.ClassCastException: android.os.BinderProxy cannot be cast to com.android.server.am.ActivityRecord$Token
06-05 18:17:03.874 W/ActivityManager( 1630): 	at com.android.server.am.ActivityRecord.forTokenLocked(ActivityRecord.java:586)
06-05 18:17:03.874 W/ActivityManager( 1630): 	at com.android.server.am.ActivityRecord.isInStackLocked(ActivityRecord.java:1327)
06-05 18:17:03.874 W/ActivityManager( 1630): 	at com.android.server.am.ActivityRecord.getStackLocked(ActivityRecord.java:1332)
06-05 18:17:03.874 W/ActivityManager( 1630): 	at com.android.server.am.ActivityManagerService.getActivityDisplayId(ActivityManagerService.java:9806)
06-05 18:17:03.874 W/ActivityManager( 1630): 	at android.app.ActivityManagerNative.onTransact(ActivityManagerNative.java:2566)
06-05 18:17:03.874 W/ActivityManager( 1630): 	at com.android.server.am.ActivityManagerService.onTransact(ActivityManagerService.java:2757)
06-05 18:17:03.874 W/ActivityManager( 1630): 	at android.os.Binder.execTransact(Binder.java:565)
06-05 18:17:03.875 W/ActivityManager( 1630): Bad activity token: android.os.BinderProxy@bcd3178
06-05 18:17:03.875 W/ActivityManager( 1630): java.lang.ClassCastException: android.os.BinderProxy cannot be cast to com.android.server.am.ActivityRecord$Token
06-05 18:17:03.875 W/ActivityManager( 1630): 	at com.android.server.am.ActivityRecord.forTokenLocked(ActivityRecord.java:586)
06-05 18:17:03.875 W/ActivityManager( 1630): 	at com.android.server.am.ActivityRecord.isInStackLocked(ActivityRecord.java:1327)
06-05 18:17:03.875 W/ActivityManager( 1630): 	at com.android.server.am.ActivityManagerService.setTaskDescription(ActivityManagerService.java:9358)
06-05 18:17:03.875 W/ActivityManager( 1630): 	at android.app.ActivityManagerNative.onTransact(ActivityManagerNative.java:2639)
06-05 18:17:03.875 W/ActivityManager( 1630): 	at com.android.server.am.ActivityManagerService.onTransact(ActivityManagerService.java:2757)
06-05 18:17:03.875 W/ActivityManager( 1630): 	at android.os.Binder.execTransact(Binder.java:565)
06-05 18:17:03.875 W/ActivityManager( 1630): Bad activity token: android.os.BinderProxy@bcd3178
06-05 18:17:03.875 W/ActivityManager( 1630): java.lang.ClassCastException: android.os.BinderProxy cannot be cast to com.android.server.am.ActivityRecord$Token
06-05 18:17:03.875 W/ActivityManager( 1630): 	at com.android.server.am.ActivityRecord.forTokenLocked(ActivityRecord.java:586)
06-05 18:17:03.875 W/ActivityManager( 1630): 	at com.android.server.am.ActivityRecord.isInStackLocked(ActivityRecord.java:1327)
06-05 18:17:03.875 W/ActivityManager( 1630): 	at com.android.server.am.ActivityRecord.getStackLocked(ActivityRecord.java:1332)
06-05 18:17:03.875 W/ActivityManager( 1630): 	at com.android.server.am.ActivityManagerService.getActivityStackId(ActivityManagerService.java:9817)
06-05 18:17:03.875 W/ActivityManager( 1630): 	at android.app.ActivityManagerNative.onTransact(ActivityManagerNative.java:2856)
06-05 18:17:03.875 W/ActivityManager( 1630): 	at com.android.server.am.ActivityManagerService.onTransact(ActivityManagerService.java:2757)
06-05 18:17:03.875 W/ActivityManager( 1630): 	at android.os.Binder.execTransact(Binder.java:565)
06-05 18:17:03.880 D/VehicleStatisticsActivity( 4416): Checking recalculation ...
06-05 18:17:03.881 D/VehicleStatisticsActivity( 4416): Recalculation not necessary.
06-05 18:17:03.893 W/ActivityManager( 1630): Bad activity token: android.os.BinderProxy@bcd3178
06-05 18:17:03.893 W/ActivityManager( 1630): java.lang.ClassCastException: android.os.BinderProxy cannot be cast to com.android.server.am.ActivityRecord$Token
06-05 18:17:03.893 W/ActivityManager( 1630): 	at com.android.server.am.ActivityRecord.forTokenLocked(ActivityRecord.java:586)
06-05 18:17:03.893 W/ActivityManager( 1630): 	at com.android.server.am.ActivityRecord.isInStackLocked(ActivityRecord.java:1327)
06-05 18:17:03.893 W/ActivityManager( 1630): 	at com.android.server.am.ActivityManagerService.getActivityOptions(ActivityManagerService.java:12559)
06-05 18:17:03.893 W/ActivityManager( 1630): 	at android.app.ActivityManagerNative.onTransact(ActivityManagerNative.java:1933)
06-05 18:17:03.893 W/ActivityManager( 1630): 	at com.android.server.am.ActivityManagerService.onTransact(ActivityManagerService.java:2757)
06-05 18:17:03.893 W/ActivityManager( 1630): 	at android.os.Binder.execTransact(Binder.java:565)
06-05 18:17:03.893 W/ActivityManager( 1630): Bad activity token: android.os.BinderProxy@bcd3178
06-05 18:17:03.893 W/ActivityManager( 1630): java.lang.ClassCastException: android.os.BinderProxy cannot be cast to com.android.server.am.ActivityRecord$Token
06-05 18:17:03.893 W/ActivityManager( 1630): 	at com.android.server.am.ActivityRecord.forTokenLocked(ActivityRecord.java:586)
06-05 18:17:03.893 W/ActivityManager( 1630): 	at com.android.server.am.ActivityRecord.isInStackLocked(ActivityRecord.java:1327)
06-05 18:17:03.893 W/ActivityManager( 1630): 	at com.android.server.am.ActivityManagerService.getActivityOptions(ActivityManagerService.java:12559)
06-05 18:17:03.893 W/ActivityManager( 1630): 	at android.app.ActivityManagerNative.onTransact(ActivityManagerNative.java:1933)
06-05 18:17:03.893 W/ActivityManager( 1630): 	at com.android.server.am.ActivityManagerService.onTransact(ActivityManagerService.java:2757)
06-05 18:17:03.893 W/ActivityManager( 1630): 	at android.os.Binder.execTransact(Binder.java:565)
06-05 18:17:03.894 D/VehicleStatisticsActivity( 4416): Checking recalculation ...
06-05 18:17:03.895 D/VehicleStatisticsActivity( 4416): Recalculation not necessary.
06-05 18:17:04.074 W/ResourceType( 4416): No package identifier when getting name for resource number 0x00000001
06-05 18:17:04.077 I/art     ( 4416): Do partial code cache collection, code=30KB, data=29KB
06-05 18:17:04.077 I/art     ( 4416): After code cache collection, code=29KB, data=29KB
06-05 18:17:04.077 I/art     ( 4416): Increasing code cache capacity to 128KB
06-05 18:17:04.104 I/System.out( 4416): URI: //gesture
06-05 18:17:04.104 I/System.out( 4416): params: {json={"query_timeout":5.0,"gestures":[{"query_string":"* marked:'Maximum distance'","touches":[{"x":50,"y":50,"offset_x":0,"offset_y":0,"wait":0.0,"time":0.2,"release":true,"query_string":null}]}]}
06-05 18:17:04.104 I/System.out( 4416): }
06-05 18:17:04.117 W/ResourceType( 4416): No package identifier when getting name for resource number 0x00000001
06-05 18:17:04.143 V/PhoneStatusBar( 1712): setLightsOn(true)
06-05 18:17:04.145 V/PhoneStatusBar( 1712): setLightsOn(true)
06-05 18:17:04.146 W/OpenGLRenderer( 2099): Incorrectly called buildLayer on View: ShortcutAndWidgetContainer, destroying layer...
06-05 18:17:04.160 V/PhoneStatusBar( 1712): setLightsOn(true)
06-05 18:17:04.161 I/WindowManager( 1630): Destroying surface Surface(name=com.android.launcher3/com.android.launcher3.Launcher) called by com.android.server.wm.WindowStateAnimator.destroySurface:2016 com.android.server.wm.WindowStateAnimator.destroySurfaceLocked:882 com.android.server.wm.WindowState.destroyOrSaveSurface:2100 com.android.server.wm.AppWindowToken.destroySurfaces:363 com.android.server.wm.AppWindowToken.notifyAppStopped:389 com.android.server.wm.WindowManagerService.notifyAppStopped:4463 com.android.server.am.ActivityStack.activityStoppedLocked:1252 com.android.server.am.ActivityManagerService.activityStopped:6903 
06-05 18:17:04.360 I/ActivityManager( 1630): START u0 {cmp=com.evancharlton.mileage/.charts.MaximumDistanceChart (has extras)} from uid 10150 on display 0
06-05 18:17:04.362 V/PhoneStatusBar( 1712): setLightsOn(true)
06-05 18:17:04.363 V/PhoneStatusBar( 1712): setLightsOn(true)
06-05 18:17:04.376 I/System.out( 4416): URI: //map
06-05 18:17:04.376 I/System.out( 4416): params: {json={"query":"* {text CONTAINS[c] 'Maximum distance between fillups'}","operation":{"method_name":"query","arguments":[]}}
06-05 18:17:04.376 I/System.out( 4416): }
06-05 18:17:04.413 I/calabash( 4416): newActivity1
06-05 18:17:04.416 W/aiCharts( 4416): License file is invalid or missing. 
06-05 18:17:04.416 W/aiCharts( 4416): Please place proper license.lic to /assets folder.
06-05 18:17:04.429 V/PhoneStatusBar( 1712): setLightsOn(true)
06-05 18:17:04.459 V/PhoneStatusBar( 1712): setLightsOn(true)
06-05 18:17:04.464 I/WindowManager( 1630): Destroying surface Surface(name=Creating chart…) called by com.android.server.wm.WindowStateAnimator.destroySurface:2016 com.android.server.wm.WindowStateAnimator.destroySurfaceLocked:882 com.android.server.wm.WindowState.removeLocked:1456 com.android.server.wm.WindowManagerService.removeWindowInnerLocked:2484 com.android.server.wm.WindowManagerService.removeWindowLocked:2442 com.android.server.wm.WindowManagerService.removeWindowLocked:2311 com.android.server.wm.WindowManagerService.removeWindow:2306 com.android.server.wm.Session.remove:202 
06-05 18:17:04.467 D/gralloc_ranchu( 1346): gralloc_alloc: Creating ashmem region of size 9023488
06-05 18:17:04.476 V/PhoneStatusBar( 1712): setLightsOn(true)
06-05 18:17:04.502 I/ActivityManager( 1630): Displayed com.evancharlton.mileage/.charts.MaximumDistanceChart: +93ms
06-05 18:17:04.509 V/PhoneStatusBar( 1712): setLightsOn(true)
06-05 18:17:04.542 V/PhoneStatusBar( 1712): setLightsOn(true)
06-05 18:17:04.559 V/PhoneStatusBar( 1712): setLightsOn(true)
06-05 18:17:04.743 V/PhoneStatusBar( 1712): setLightsOn(true)
06-05 18:17:04.744 I/System.out( 4416): URI: //map
06-05 18:17:04.744 I/System.out( 4416): params: {json={"query":"* {text CONTAINS[c] 'Maximum distance between fillups'}","operation":{"method_name":"query","arguments":[]}}
06-05 18:17:04.744 I/System.out( 4416): }
06-05 18:17:04.759 I/System.out( 4416): URI: //
06-05 18:17:04.759 I/System.out( 4416): params: {json={"command":"press_key","arguments":["KEYCODE_BACK"]}
06-05 18:17:04.759 I/System.out( 4416): }
06-05 18:17:04.759 I/System.out( 4416): header: {content-type=application/json;charset=utf-8, date=Fri, 05 Jun 2020 23:17:05 GMT, accept=*/*, host=127.0.0.1:34784, content-length=52, user-agent=HTTPClient/1.0 (2.8.3, ruby 2.5.1 (2018-03-29))}
06-05 18:17:04.759 I/System.out( 4416): params: {json={"command":"press_key","arguments":["KEYCODE_BACK"]}
06-05 18:17:04.759 I/System.out( 4416): }
06-05 18:17:04.759 I/System.out( 4416): ProP json = {"command":"press_key","arguments":["KEYCODE_BACK"]}
06-05 18:17:04.759 I/System.out( 4416): files: {}
06-05 18:17:04.759 I/System.out( 4416): command: {"command":"press_key","arguments":["KEYCODE_BACK"]}
06-05 18:17:04.760 I/InstrumentationBackend( 4416): Got command:'Command:'Line:null,press_key', arguments:'[KEYCODE_BACK]'
06-05 18:17:04.763 V/PhoneStatusBar( 1712): setLightsOn(true)
06-05 18:17:04.765 V/PhoneStatusBar( 1712): setLightsOn(true)
06-05 18:17:04.767 I/System.out( 4416): result:{"bonusInformation":[],"message":"","success":true}
06-05 18:17:04.767 D/VehicleStatisticsActivity( 4416): Checking recalculation ...
06-05 18:17:04.768 D/VehicleStatisticsActivity( 4416): Recalculation not necessary.
06-05 18:17:04.770 I/System.out( 4416): URI: //map
06-05 18:17:04.770 I/System.out( 4416): params: {json={"query":"* {text CONTAINS[c] 'Statistics'}","operation":{"method_name":"query","arguments":[]}}
06-05 18:17:04.770 I/System.out( 4416): }
06-05 18:17:04.776 V/PhoneStatusBar( 1712): setLightsOn(true)
06-05 18:17:04.792 D/gralloc_ranchu( 1346): gralloc_alloc: Creating ashmem region of size 9023488
06-05 18:17:04.793 V/PhoneStatusBar( 1712): setLightsOn(true)
06-05 18:17:04.809 V/PhoneStatusBar( 1712): setLightsOn(true)
06-05 18:17:04.825 V/PhoneStatusBar( 1712): setLightsOn(true)
