--------- beginning of main
06-06 17:45:23.464 V/PhoneStatusBar( 1713): setLightsOn(true)
06-06 17:45:23.485 D/gralloc_ranchu( 1348): gralloc_alloc: Creating ashmem region of size 3145728
06-06 17:45:23.490 E/EGL_emulation( 1348): tid 1348: eglCreateSyncKHR(1901): error 0x3004 (EGL_BAD_ATTRIBUTE)
--------- beginning of system
06-06 17:45:23.502 W/ActivityManager( 1631): Finishing task with all activities already finished
06-06 17:45:23.502 W/ActivityManager( 1631): Duplicate finish request for ActivityRecord{1ec13ee u0 com.evancharlton.mileage/.Mileage t24710 f}
06-06 17:45:23.503 W/ActivityManager( 1631): Finishing task with all activities already finished
06-06 17:45:23.503 W/ActivityManager( 1631): Duplicate finish request for ActivityRecord{1ec13ee u0 com.evancharlton.mileage/.Mileage t24710 f}
06-06 17:45:23.503 W/ActivityManager( 1631): Finishing task with all activities already finished
06-06 17:45:23.503 W/ActivityManager( 1631): Duplicate finish request for ActivityRecord{1ec13ee u0 com.evancharlton.mileage/.Mileage t24710 f}
06-06 17:45:23.503 W/ActivityManager( 1631): Finishing task with all activities already finished
06-06 17:45:23.503 W/ActivityManager( 1631): Duplicate finish request for ActivityRecord{1ec13ee u0 com.evancharlton.mileage/.Mileage t24710 f}
06-06 17:45:23.503 W/ActivityManager( 1631): Finishing task with all activities already finished
06-06 17:45:23.503 W/ActivityManager( 1631): Duplicate finish request for ActivityRecord{1ec13ee u0 com.evancharlton.mileage/.Mileage t24710 f}
06-06 17:45:23.503 W/ActivityManager( 1631): Finishing task with all activities already finished
06-06 17:45:23.503 W/ActivityManager( 1631): Duplicate finish request for ActivityRecord{f6d0368 u0 com.evancharlton.mileage/.charts.MaximumPriceChart t24710 f}
06-06 17:45:23.503 W/ActivityManager( 1631): Finishing task with all activities already finished
06-06 17:45:23.503 W/ActivityManager( 1631): Duplicate finish request for ActivityRecord{f6d0368 u0 com.evancharlton.mileage/.charts.MaximumPriceChart t24710 f}
06-06 17:45:23.503 W/ActivityManager( 1631): Finishing task with all activities already finished
06-06 17:45:23.503 W/ActivityManager( 1631): Duplicate finish request for ActivityRecord{1ec13ee u0 com.evancharlton.mileage/.Mileage t24710 f}
06-06 17:45:23.503 W/ActivityManager( 1631): Finishing task with all activities already finished
06-06 17:45:23.503 W/ActivityManager( 1631): Duplicate finish request for ActivityRecord{1ec13ee u0 com.evancharlton.mileage/.Mileage t24710 f}
06-06 17:45:23.549 D/EGL_emulation( 2106): eglMakeCurrent: 0xa6a85300: ver 2 0 (tinfo 0xa6a83220)
06-06 17:45:23.550 D/EGL_emulation( 1713): eglMakeCurrent: 0xa6a85780: ver 2 0 (tinfo 0xa6a83640)
06-06 17:45:23.565 D/EGL_emulation( 1713): eglMakeCurrent: 0xa6a85780: ver 2 0 (tinfo 0xa6a83640)
06-06 17:45:23.583 D/EGL_emulation( 1713): eglMakeCurrent: 0xa6a85780: ver 2 0 (tinfo 0xa6a83640)
06-06 17:45:23.598 D/EGL_emulation( 1713): eglMakeCurrent: 0xa6a85780: ver 2 0 (tinfo 0xa6a83640)
06-06 17:45:23.600 D/EGL_emulation( 1713): eglMakeCurrent: 0xa6a85780: ver 2 0 (tinfo 0xa6a83640)
06-06 17:45:23.601 D/AndroidRuntime(16888): >>>>>> START com.android.internal.os.RuntimeInit uid 2000 <<<<<<
06-06 17:45:23.602 D/AndroidRuntime(16888): CheckJNI is ON
06-06 17:45:23.612 W/art     (16888): Unexpected CPU variant for X86 using defaults: x86
06-06 17:45:23.614 D/ICU     (16888): No timezone override file found: /data/misc/zoneinfo/current/icu/icu_tzdata.dat
06-06 17:45:23.615 D/EGL_emulation( 1713): eglMakeCurrent: 0xa6a85780: ver 2 0 (tinfo 0xa6a83640)
06-06 17:45:23.616 D/EGL_emulation( 1713): eglMakeCurrent: 0xa6a85780: ver 2 0 (tinfo 0xa6a83640)
06-06 17:45:23.621 E/memtrack(16888): Couldn't load memtrack module (No such file or directory)
06-06 17:45:23.621 E/android.os.Debug(16888): failed to load memtrack module: -2
06-06 17:45:23.621 I/Radio-JNI(16888): register_android_hardware_Radio DONE
06-06 17:45:23.625 D/AndroidRuntime(16888): Calling main entry com.android.commands.am.Am
06-06 17:45:23.626 I/ActivityManager( 1631): Force stopping com.evancharlton.mileage appid=10728 user=0: start instr
06-06 17:45:23.626 I/ActivityManager( 1631): Killing 16836:com.evancharlton.mileage/u0a728 (adj 0): stop com.evancharlton.mileage
06-06 17:45:23.626 D/ActivityManager( 1631): cleanUpApplicationRecord -- 16836
06-06 17:45:23.626 W/ActivityManager( 1631): Crash of app com.evancharlton.mileage running instrumentation ComponentInfo{com.evancharlton.mileage.test/sh.calaba.instrumentationbackend.CalabashInstrumentationTestRunner}
06-06 17:45:23.626 I/ActivityManager( 1631): Force stopping com.evancharlton.mileage appid=10728 user=0: finished inst
06-06 17:45:23.628 W/InputDispatcher( 1631): channel '4afc4b2 com.evancharlton.mileage/com.evancharlton.mileage.charts.MaximumPriceChart (server)' ~ Consumer closed input channel or an error occurred.  events=0x9
06-06 17:45:23.628 E/InputDispatcher( 1631): channel '4afc4b2 com.evancharlton.mileage/com.evancharlton.mileage.charts.MaximumPriceChart (server)' ~ Channel is unrecoverably broken and will be disposed!
06-06 17:45:23.628 W/InputDispatcher( 1631): channel 'fbb4411 com.evancharlton.mileage/com.evancharlton.mileage.Mileage (server)' ~ Consumer closed input channel or an error occurred.  events=0x9
06-06 17:45:23.628 E/InputDispatcher( 1631): channel 'fbb4411 com.evancharlton.mileage/com.evancharlton.mileage.Mileage (server)' ~ Channel is unrecoverably broken and will be disposed!
06-06 17:45:23.629 I/WindowManager( 1631): WIN DEATH: Window{fbb4411 u0 com.evancharlton.mileage/com.evancharlton.mileage.Mileage EXITING}
06-06 17:45:23.629 W/InputDispatcher( 1631): Attempted to unregister already unregistered input channel 'fbb4411 com.evancharlton.mileage/com.evancharlton.mileage.Mileage (server)'
06-06 17:45:23.629 I/art     (16898): Not late-enabling -Xcheck:jni (already on)
06-06 17:45:23.629 W/art     (16898): Unexpected CPU variant for X86 using defaults: x86
06-06 17:45:23.630 I/WindowManager( 1631): WIN DEATH: Window{4afc4b2 u0 com.evancharlton.mileage/com.evancharlton.mileage.charts.MaximumPriceChart EXITING}
06-06 17:45:23.630 W/InputDispatcher( 1631): Attempted to unregister already unregistered input channel '4afc4b2 com.evancharlton.mileage/com.evancharlton.mileage.charts.MaximumPriceChart (server)'
06-06 17:45:23.631 I/WindowManager( 1631): Destroying surface Surface(name=com.evancharlton.mileage/com.evancharlton.mileage.charts.MaximumPriceChart) called by com.android.server.wm.WindowStateAnimator.destroySurface:2016 com.android.server.wm.WindowStateAnimator.destroySurfaceLocked:882 com.android.server.wm.WindowState.removeLocked:1456 com.android.server.wm.WindowManagerService.removeWindowInnerLocked:2484 com.android.server.wm.AppWindowToken.destroySurfaces:365 com.android.server.wm.WindowStateAnimator.finishExit:565 com.android.server.wm.AppWindowAnimator.stepAnimationLocked:427 com.android.server.wm.WindowAnimator.updateAppWindowsLocked:176 
06-06 17:45:23.637 I/ActivityManager( 1631): Start proc 16898:com.evancharlton.mileage/u0a728 for added application com.evancharlton.mileage
06-06 17:45:23.637 D/AndroidRuntime(16888): Shutting down VM
06-06 17:45:23.639 D/EGL_emulation( 1713): eglMakeCurrent: 0xa6a85780: ver 2 0 (tinfo 0xa6a83640)
06-06 17:45:23.642 W/System  (16898): ClassLoader referenced unknown path: /data/app/com.evancharlton.mileage.test-1/lib/x86
06-06 17:45:23.642 W/System  (16898): ClassLoader referenced unknown path: /data/app/com.evancharlton.mileage-1/lib/x86
06-06 17:45:23.642 D/EGL_emulation( 1713): eglMakeCurrent: 0xa6a85780: ver 2 0 (tinfo 0xa6a83640)
06-06 17:45:23.644 W/System  (16898): ClassLoader referenced unknown path: 
06-06 17:45:23.648 I/System.out(16898): Main activity name automatically set to: com.evancharlton.mileage.Mileage
06-06 17:45:23.648 I/System.out(16898): Calabash did not load Mono. This is only a problem if you are trying to test a Mono application
06-06 17:45:23.648 I/calabash(16898): Test server port: 7102
06-06 17:45:23.648 D/EGL_emulation( 1713): eglMakeCurrent: 0xa6a85780: ver 2 0 (tinfo 0xa6a83640)
06-06 17:45:23.648 I/InstrumentationBackend(16898): Added:'GetPreferences', with key:'get_preferences'
06-06 17:45:23.650 D/EGL_emulation( 1713): eglMakeCurrent: 0xa6a85780: ver 2 0 (tinfo 0xa6a83640)
06-06 17:45:23.652 I/InstrumentationBackend(16898): Added:'SetPreferences', with key:'set_preferences'
06-06 17:45:23.652 I/InstrumentationBackend(16898): Added:'ClearPreferences', with key:'clear_preferences'
06-06 17:45:23.652 I/InstrumentationBackend(16898): Added:'PressElement', with key:'press_l10n_element'
06-06 17:45:23.652 I/InstrumentationBackend(16898): Added:'WaitForElement', with key:'wait_for_l10n_element'
06-06 17:45:23.652 I/InstrumentationBackend(16898): Added:'NullAction', with key:'nullAction'
06-06 17:45:23.653 I/InstrumentationBackend(16898): Added:'PressKey', with key:'press_key'
06-06 17:45:23.653 I/InstrumentationBackend(16898): Added:'SetActivityOrientation', with key:'set_activity_orientation'
06-06 17:45:23.653 I/InstrumentationBackend(16898): Added:'GetActivityOrientation', with key:'get_activity_orientation'
06-06 17:45:23.653 I/InstrumentationBackend(16898): Added:'FakeGPSLocation', with key:'set_gps_coordinates'
06-06 17:45:23.653 I/InstrumentationBackend(16898): Added:'SetPropertyByCssSelector', with key:'set_property_by_css_selector'
06-06 17:45:23.653 I/InstrumentationBackend(16898): Added:'GetUrl', with key:'get_url'
06-06 17:45:23.653 I/InstrumentationBackend(16898): Added:'ScrollTo', with key:'scroll_to'
06-06 17:45:23.653 I/InstrumentationBackend(16898): Added:'GetLoadProgress', with key:'get_load_progress'
06-06 17:45:23.653 I/InstrumentationBackend(16898): Added:'DumpHtml', with key:'dump_html'
06-06 17:45:23.653 I/InstrumentationBackend(16898): Added:'DumpBodyHtml', with key:'dump_body_html'
06-06 17:45:23.653 I/InstrumentationBackend(16898): Added:'EnterTextByCssSelector', with key:'enter_text_by_selector'
06-06 17:45:23.653 I/InstrumentationBackend(16898): Added:'AndroidSDKVersion', with key:'android_sdk_version'
06-06 17:45:23.653 I/InstrumentationBackend(16898): Added:'Version', with key:'version'
06-06 17:45:23.653 I/InstrumentationBackend(16898): Added:'Drag', with key:'drag'
06-06 17:45:23.653 I/InstrumentationBackend(16898): Added:'TouchCoordinates', with key:'touch_coordinate'
06-06 17:45:23.653 I/InstrumentationBackend(16898): Added:'LongPressCoordinate', with key:'long_press_coordinate'
06-06 17:45:23.654 I/InstrumentationBackend(16898): Added:'DragCoordinates', with key:'drag_coordinates'
06-06 17:45:23.654 I/InstrumentationBackend(16898): Added:'ResumeApplication', with key:'resume_application'
06-06 17:45:23.654 I/InstrumentationBackend(16898): Added:'Swipe', with key:'swipe'
06-06 17:45:23.654 I/InstrumentationBackend(16898): Added:'DoubleTapCoordinate', with key:'double_tap_coordinate'
06-06 17:45:23.654 I/InstrumentationBackend(16898): Added:'ClickOnScreen', with key:'click_on_screen'
06-06 17:45:23.654 I/InstrumentationBackend(16898): Added:'GetActivityName', with key:'get_activity_name'
06-06 17:45:23.654 I/InstrumentationBackend(16898): Added:'ScrollToView', with key:'scroll_to_view'
06-06 17:45:23.654 I/InstrumentationBackend(16898): Added:'ViewConfiguration', with key:'view_configuration'
06-06 17:45:23.654 I/InstrumentationBackend(16898): Added:'IsCurrentActivityFocused', with key:'is_current_activity_focused'
06-06 17:45:23.654 I/InstrumentationBackend(16898): Added:'SendTcp', with key:'send_tcp'
06-06 17:45:23.654 I/InstrumentationBackend(16898): Added:'DpToDevicePixel', with key:'dp_to_device_pixel'
06-06 17:45:23.654 I/InstrumentationBackend(16898): Added:'KeyboardEnterText', with key:'keyboard_enter_text'
06-06 17:45:23.654 I/InstrumentationBackend(16898): Added:'DeleteSurroundingText', with key:'delete_surrounding_text'
06-06 17:45:23.654 I/InstrumentationBackend(16898): Added:'SetComposingRegion', with key:'set_composing_region'
06-06 17:45:23.654 I/InstrumentationBackend(16898): Added:'SetSelection', with key:'set_selection'
06-06 17:45:23.654 I/InstrumentationBackend(16898): Added:'KeyboardKeyEvent', with key:'keyboard_key_event'
06-06 17:45:23.654 I/InstrumentationBackend(16898): Added:'PressUserActionButton', with key:'press_user_action_button'
06-06 17:45:23.654 I/InstrumentationBackend(16898): Added:'HideSoftKeyboard', with key:'hide_soft_keyboard'
06-06 17:45:23.654 I/InstrumentationBackend(16898): Added:'ListActions', with key:'list_actions'
06-06 17:45:23.654 I/calabash(16898): Instantiating http server at 7102
06-06 17:45:23.655 I/System.out(16898): HTTP Daemon listening on: 7102
06-06 17:45:23.665 D/EGL_emulation( 1713): eglMakeCurrent: 0xa6a85780: ver 2 0 (tinfo 0xa6a83640)
06-06 17:45:23.667 D/EGL_emulation( 1713): eglMakeCurrent: 0xa6a85780: ver 2 0 (tinfo 0xa6a83640)
06-06 17:45:23.682 D/EGL_emulation( 1713): eglMakeCurrent: 0xa6a85780: ver 2 0 (tinfo 0xa6a83640)
06-06 17:45:23.683 D/EGL_emulation( 1713): eglMakeCurrent: 0xa6a85780: ver 2 0 (tinfo 0xa6a83640)
06-06 17:45:23.698 D/EGL_emulation( 1713): eglMakeCurrent: 0xa6a85780: ver 2 0 (tinfo 0xa6a83640)
06-06 17:45:23.700 D/EGL_emulation( 1713): eglMakeCurrent: 0xa6a85780: ver 2 0 (tinfo 0xa6a83640)
06-06 17:45:23.715 D/EGL_emulation( 1713): eglMakeCurrent: 0xa6a85780: ver 2 0 (tinfo 0xa6a83640)
06-06 17:45:23.716 D/EGL_emulation( 1713): eglMakeCurrent: 0xa6a85780: ver 2 0 (tinfo 0xa6a83640)
06-06 17:45:23.732 D/EGL_emulation( 1713): eglMakeCurrent: 0xa6a85780: ver 2 0 (tinfo 0xa6a83640)
06-06 17:45:23.734 D/EGL_emulation( 1713): eglMakeCurrent: 0xa6a85780: ver 2 0 (tinfo 0xa6a83640)
06-06 17:45:23.746 I/System.out(16898): URI: //ping
06-06 17:45:23.746 I/System.out(16898): params: {json={}
06-06 17:45:23.746 I/System.out(16898): }
06-06 17:45:23.749 D/EGL_emulation( 1713): eglMakeCurrent: 0xa6a85780: ver 2 0 (tinfo 0xa6a83640)
06-06 17:45:23.749 I/System.out(16898): URI: //ping
06-06 17:45:23.749 I/System.out(16898): params: {json={}
06-06 17:45:23.749 I/System.out(16898): }
06-06 17:45:23.750 I/System.out(16898): URI: //ready
06-06 17:45:23.750 I/System.out(16898): params: {json={}
06-06 17:45:23.750 I/System.out(16898): }
06-06 17:45:23.752 I/System.out(16898): URI: //
06-06 17:45:23.752 I/System.out(16898): params: {json={"command":"version","arguments":[]}
06-06 17:45:23.752 I/System.out(16898): }
06-06 17:45:23.752 I/System.out(16898): header: {content-type=application/json;charset=utf-8, date=Sat, 06 Jun 2020 22:45:24 GMT, accept=*/*, host=127.0.0.1:34784, content-length=36, user-agent=HTTPClient/1.0 (2.8.3, ruby 2.5.1 (2018-03-29))}
06-06 17:45:23.752 I/System.out(16898): params: {json={"command":"version","arguments":[]}
06-06 17:45:23.752 I/System.out(16898): }
06-06 17:45:23.752 I/System.out(16898): ProP json = {"command":"version","arguments":[]}
06-06 17:45:23.752 I/System.out(16898): files: {}
06-06 17:45:23.752 I/System.out(16898): command: {"command":"version","arguments":[]}
06-06 17:45:23.755 I/InstrumentationBackend(16898): Got command:'Command:'Line:null,version', arguments:'[]'
06-06 17:45:23.761 I/System.out(16898): result:{"bonusInformation":[],"message":"0.9.8","success":true}
06-06 17:45:23.763 I/System.out(16898): URI: //start-application
06-06 17:45:23.764 I/System.out(16898): params: {json={"intent":null}
06-06 17:45:23.764 I/System.out(16898): }
06-06 17:45:23.765 D/EGL_emulation( 1713): eglMakeCurrent: 0xa6a85780: ver 2 0 (tinfo 0xa6a83640)
06-06 17:45:23.768 D/EGL_emulation( 1713): eglMakeCurrent: 0xa6a85780: ver 2 0 (tinfo 0xa6a83640)
06-06 17:45:23.775 I/ActivityManager( 1631): START u0 {act=android.intent.action.MAIN cat=[android.intent.category.LAUNCHER] flg=0x10200000 cmp=com.evancharlton.mileage/.Mileage} from uid 10728 on display 0
06-06 17:45:23.781 I/calabash(16898): newActivity1
06-06 17:45:23.782 D/EGL_emulation( 1713): eglMakeCurrent: 0xa6a85780: ver 2 0 (tinfo 0xa6a83640)
06-06 17:45:23.783 D/EGL_emulation( 1713): eglMakeCurrent: 0xa6a85780: ver 2 0 (tinfo 0xa6a83640)
06-06 17:45:23.789 I/calabash(16898): newActivity1
06-06 17:45:23.790 W/ActivityManager( 1631): Bad activity token: android.os.BinderProxy@afd479d
06-06 17:45:23.790 W/ActivityManager( 1631): java.lang.ClassCastException: android.os.BinderProxy cannot be cast to com.android.server.am.ActivityRecord$Token
06-06 17:45:23.790 W/ActivityManager( 1631): 	at com.android.server.am.ActivityRecord.forTokenLocked(ActivityRecord.java:586)
06-06 17:45:23.790 W/ActivityManager( 1631): 	at com.android.server.am.ActivityRecord.isInStackLocked(ActivityRecord.java:1327)
06-06 17:45:23.790 W/ActivityManager( 1631): 	at com.android.server.am.ActivityRecord.getStackLocked(ActivityRecord.java:1332)
06-06 17:45:23.790 W/ActivityManager( 1631): 	at com.android.server.am.ActivityManagerService.getActivityDisplayId(ActivityManagerService.java:9806)
06-06 17:45:23.790 W/ActivityManager( 1631): 	at android.app.ActivityManagerNative.onTransact(ActivityManagerNative.java:2566)
06-06 17:45:23.790 W/ActivityManager( 1631): 	at com.android.server.am.ActivityManagerService.onTransact(ActivityManagerService.java:2757)
06-06 17:45:23.790 W/ActivityManager( 1631): 	at android.os.Binder.execTransact(Binder.java:565)
06-06 17:45:23.791 W/ActivityManager( 1631): Bad activity token: android.os.BinderProxy@afd479d
06-06 17:45:23.791 W/ActivityManager( 1631): java.lang.ClassCastException: android.os.BinderProxy cannot be cast to com.android.server.am.ActivityRecord$Token
06-06 17:45:23.791 W/ActivityManager( 1631): 	at com.android.server.am.ActivityRecord.forTokenLocked(ActivityRecord.java:586)
06-06 17:45:23.791 W/ActivityManager( 1631): 	at com.android.server.am.ActivityRecord.isInStackLocked(ActivityRecord.java:1327)
06-06 17:45:23.791 W/ActivityManager( 1631): 	at com.android.server.am.ActivityManagerService.setTaskDescription(ActivityManagerService.java:9358)
06-06 17:45:23.791 W/ActivityManager( 1631): 	at android.app.ActivityManagerNative.onTransact(ActivityManagerNative.java:2639)
06-06 17:45:23.791 W/ActivityManager( 1631): 	at com.android.server.am.ActivityManagerService.onTransact(ActivityManagerService.java:2757)
06-06 17:45:23.791 W/ActivityManager( 1631): 	at android.os.Binder.execTransact(Binder.java:565)
06-06 17:45:23.791 W/ActivityManager( 1631): Bad activity token: android.os.BinderProxy@afd479d
06-06 17:45:23.791 W/ActivityManager( 1631): java.lang.ClassCastException: android.os.BinderProxy cannot be cast to com.android.server.am.ActivityRecord$Token
06-06 17:45:23.791 W/ActivityManager( 1631): 	at com.android.server.am.ActivityRecord.forTokenLocked(ActivityRecord.java:586)
06-06 17:45:23.791 W/ActivityManager( 1631): 	at com.android.server.am.ActivityRecord.isInStackLocked(ActivityRecord.java:1327)
06-06 17:45:23.791 W/ActivityManager( 1631): 	at com.android.server.am.ActivityRecord.getStackLocked(ActivityRecord.java:1332)
06-06 17:45:23.791 W/ActivityManager( 1631): 	at com.android.server.am.ActivityManagerService.getActivityStackId(ActivityManagerService.java:9817)
06-06 17:45:23.791 W/ActivityManager( 1631): 	at android.app.ActivityManagerNative.onTransact(ActivityManagerNative.java:2856)
06-06 17:45:23.791 W/ActivityManager( 1631): 	at com.android.server.am.ActivityManagerService.onTransact(ActivityManagerService.java:2757)
06-06 17:45:23.791 W/ActivityManager( 1631): 	at android.os.Binder.execTransact(Binder.java:565)
06-06 17:45:23.798 D/gralloc_ranchu( 1348): gralloc_alloc: Creating ashmem region of size 9023488
06-06 17:45:23.810 W/ActivityManager( 1631): Bad activity token: android.os.BinderProxy@afd479d
06-06 17:45:23.810 W/ActivityManager( 1631): java.lang.ClassCastException: android.os.BinderProxy cannot be cast to com.android.server.am.ActivityRecord$Token
06-06 17:45:23.810 W/ActivityManager( 1631): 	at com.android.server.am.ActivityRecord.forTokenLocked(ActivityRecord.java:586)
06-06 17:45:23.810 W/ActivityManager( 1631): 	at com.android.server.am.ActivityRecord.isInStackLocked(ActivityRecord.java:1327)
06-06 17:45:23.810 W/ActivityManager( 1631): 	at com.android.server.am.ActivityManagerService.getActivityOptions(ActivityManagerService.java:12559)
06-06 17:45:23.810 W/ActivityManager( 1631): 	at android.app.ActivityManagerNative.onTransact(ActivityManagerNative.java:1933)
06-06 17:45:23.810 W/ActivityManager( 1631): 	at com.android.server.am.ActivityManagerService.onTransact(ActivityManagerService.java:2757)
06-06 17:45:23.810 W/ActivityManager( 1631): 	at android.os.Binder.execTransact(Binder.java:565)
06-06 17:45:23.810 W/ActivityManager( 1631): Bad activity token: android.os.BinderProxy@afd479d
06-06 17:45:23.810 W/ActivityManager( 1631): java.lang.ClassCastException: android.os.BinderProxy cannot be cast to com.android.server.am.ActivityRecord$Token
06-06 17:45:23.810 W/ActivityManager( 1631): 	at com.android.server.am.ActivityRecord.forTokenLocked(ActivityRecord.java:586)
06-06 17:45:23.810 W/ActivityManager( 1631): 	at com.android.server.am.ActivityRecord.isInStackLocked(ActivityRecord.java:1327)
06-06 17:45:23.810 W/ActivityManager( 1631): 	at com.android.server.am.ActivityManagerService.getActivityOptions(ActivityManagerService.java:12559)
06-06 17:45:23.810 W/ActivityManager( 1631): 	at android.app.ActivityManagerNative.onTransact(ActivityManagerNative.java:1933)
06-06 17:45:23.810 W/ActivityManager( 1631): 	at com.android.server.am.ActivityManagerService.onTransact(ActivityManagerService.java:2757)
06-06 17:45:23.810 W/ActivityManager( 1631): 	at android.os.Binder.execTransact(Binder.java:565)
06-06 17:45:23.824 V/PhoneStatusBar( 1713): setLightsOn(true)
06-06 17:45:23.832 D/EGL_emulation( 2106): eglMakeCurrent: 0xa6a85300: ver 2 0 (tinfo 0xa6a83220)
06-06 17:45:23.834 D/EGL_emulation( 1713): eglMakeCurrent: 0xa6a85780: ver 2 0 (tinfo 0xa6a83640)
06-06 17:45:23.848 D/gralloc_ranchu( 1348): gralloc_alloc: Creating ashmem region of size 9023488
06-06 17:45:23.848 D/EGL_emulation( 1713): eglMakeCurrent: 0xa6a85780: ver 2 0 (tinfo 0xa6a83640)
06-06 17:45:23.852 D/        (16898): HostConnection::get() New Host Connection established 0x954ab4c0, tid 16898
06-06 17:45:23.853 D/EGL_emulation( 1713): eglMakeCurrent: 0xa6a85780: ver 2 0 (tinfo 0xa6a83640)
06-06 17:45:23.854 V/PhoneStatusBar( 1713): setLightsOn(true)
06-06 17:45:23.887 D/EGL_emulation( 1713): eglMakeCurrent: 0xa6a85780: ver 2 0 (tinfo 0xa6a83640)
06-06 17:45:23.889 D/EGL_emulation( 1713): eglMakeCurrent: 0xa6a85780: ver 2 0 (tinfo 0xa6a83640)
06-06 17:45:23.892 D/EGL_emulation( 1713): eglMakeCurrent: 0xa6a85780: ver 2 0 (tinfo 0xa6a83640)
06-06 17:45:23.899 D/EGL_emulation( 1713): eglMakeCurrent: 0xa6a85780: ver 2 0 (tinfo 0xa6a83640)
06-06 17:45:23.901 D/EGL_emulation( 1713): eglMakeCurrent: 0xa6a85780: ver 2 0 (tinfo 0xa6a83640)
06-06 17:45:23.915 D/EGL_emulation( 1713): eglMakeCurrent: 0xa6a85780: ver 2 0 (tinfo 0xa6a83640)
06-06 17:45:23.917 D/EGL_emulation( 1713): eglMakeCurrent: 0xa6a85780: ver 2 0 (tinfo 0xa6a83640)
06-06 17:45:23.932 D/EGL_emulation( 1713): eglMakeCurrent: 0xa6a85780: ver 2 0 (tinfo 0xa6a83640)
06-06 17:45:23.932 I/ActivityManager( 1631): Displayed com.evancharlton.mileage/.Mileage: +153ms
06-06 17:45:23.932 D/gralloc_ranchu( 1348): gralloc_alloc: Creating ashmem region of size 9023488
06-06 17:45:23.946 D/EGL_emulation( 1713): eglMakeCurrent: 0xa6a85780: ver 2 0 (tinfo 0xa6a83640)
06-06 17:45:23.949 D/EGL_emulation( 1713): eglMakeCurrent: 0xa6a85780: ver 2 0 (tinfo 0xa6a83640)
06-06 17:45:23.959 D/EGL_emulation( 1713): eglMakeCurrent: 0xa6a85780: ver 2 0 (tinfo 0xa6a83640)
06-06 17:45:23.965 D/EGL_emulation( 1713): eglMakeCurrent: 0xa6a85780: ver 2 0 (tinfo 0xa6a83640)
06-06 17:45:23.965 V/PhoneStatusBar( 1713): setLightsOn(true)
06-06 17:45:23.966 D/EGL_emulation( 1713): eglMakeCurrent: 0xa6a85780: ver 2 0 (tinfo 0xa6a83640)
06-06 17:45:23.981 I/WindowManager( 1631): Destroying surface Surface(name=com.evancharlton.mileage/com.evancharlton.mileage.Mileage) called by com.android.server.wm.WindowStateAnimator.destroySurface:2016 com.android.server.wm.WindowStateAnimator.destroySurfaceLocked:882 com.android.server.wm.WindowState.removeLocked:1456 com.android.server.wm.WindowManagerService.removeWindowInnerLocked:2484 com.android.server.wm.AppWindowToken.destroySurfaces:365 com.android.server.wm.WindowStateAnimator.finishExit:565 com.android.server.wm.AppWindowAnimator.stepAnimationLocked:427 com.android.server.wm.WindowAnimator.updateAppWindowsLocked:196 
06-06 17:45:23.982 D/EGL_emulation( 1713): eglMakeCurrent: 0xa6a85780: ver 2 0 (tinfo 0xa6a83640)
06-06 17:45:23.985 D/EGL_emulation( 1713): eglMakeCurrent: 0xa6a85780: ver 2 0 (tinfo 0xa6a83640)
06-06 17:45:23.988 I/System.out(16898): URI: //map
06-06 17:45:23.988 I/System.out(16898): params: {json={"query":"* marked:'Statistics'","operation":{"method_name":"query","arguments":[]}}
06-06 17:45:23.988 I/System.out(16898): }
06-06 17:45:23.999 D/EGL_emulation( 1713): eglMakeCurrent: 0xa6a85780: ver 2 0 (tinfo 0xa6a83640)
06-06 17:45:23.999 V/PhoneStatusBar( 1713): setLightsOn(true)
06-06 17:45:24.000 D/EGL_emulation( 1713): eglMakeCurrent: 0xa6a85780: ver 2 0 (tinfo 0xa6a83640)
06-06 17:45:24.003 W/ResourceType(16898): No package identifier when getting name for resource number 0x00000001
06-06 17:45:24.015 D/EGL_emulation( 1713): eglMakeCurrent: 0xa6a85780: ver 2 0 (tinfo 0xa6a83640)
06-06 17:45:24.016 D/EGL_emulation( 1713): eglMakeCurrent: 0xa6a85780: ver 2 0 (tinfo 0xa6a83640)
06-06 17:45:24.018 I/System.out(16898): URI: //gesture
06-06 17:45:24.018 I/System.out(16898): params: {json={"query_timeout":5.0,"gestures":[{"query_string":"* marked:'Statistics'","touches":[{"x":50,"y":50,"offset_x":0,"offset_y":0,"wait":0.0,"time":0.2,"release":true,"query_string":null}]}]}
06-06 17:45:24.018 I/System.out(16898): }
06-06 17:45:24.023 W/ResourceType(16898): No package identifier when getting name for resource number 0x00000001
06-06 17:45:24.031 D/EGL_emulation( 1713): eglMakeCurrent: 0xa6a85780: ver 2 0 (tinfo 0xa6a83640)
06-06 17:45:24.044 D/EGL_emulation( 1713): eglMakeCurrent: 0xa6a85780: ver 2 0 (tinfo 0xa6a83640)
06-06 17:45:24.052 D/EGL_emulation( 1713): eglMakeCurrent: 0xa6a85780: ver 2 0 (tinfo 0xa6a83640)
06-06 17:45:24.066 D/EGL_emulation( 1713): eglMakeCurrent: 0xa6a85780: ver 2 0 (tinfo 0xa6a83640)
06-06 17:45:24.131 I/WindowManager( 1631): Destroying surface Surface(name=Starting com.evancharlton.mileage) called by com.android.server.wm.WindowStateAnimator.destroySurface:2016 com.android.server.wm.WindowStateAnimator.destroySurfaceLocked:882 com.android.server.wm.WindowState.destroyOrSaveSurface:2100 com.android.server.wm.AppWindowToken.destroySurfaces:363 com.android.server.wm.WindowStateAnimator.finishExit:565 com.android.server.wm.WindowStateAnimator.stepAnimationLocked:491 com.android.server.wm.WindowAnimator.updateWindowsLocked:303 com.android.server.wm.WindowAnimator.animateLocked:704 
06-06 17:45:24.133 V/PhoneStatusBar( 1713): setLightsOn(true)
06-06 17:45:24.148 V/PhoneStatusBar( 1713): setLightsOn(true)
06-06 17:45:24.253 I/calabash(16898): newActivity1
06-06 17:45:24.265 V/PhoneStatusBar( 1713): setLightsOn(true)
06-06 17:45:24.275 I/System.out(16898): URI: //map
06-06 17:45:24.275 I/System.out(16898): params: {json={"query":"android.widget.ScrollView index:0","operation":{"method_name":"query","arguments":[]}}
06-06 17:45:24.275 I/System.out(16898): }
06-06 17:45:24.286 W/ActivityManager( 1631): Bad activity token: android.os.BinderProxy@d41562f
06-06 17:45:24.286 W/ActivityManager( 1631): java.lang.ClassCastException: android.os.BinderProxy cannot be cast to com.android.server.am.ActivityRecord$Token
06-06 17:45:24.286 W/ActivityManager( 1631): 	at com.android.server.am.ActivityRecord.forTokenLocked(ActivityRecord.java:586)
06-06 17:45:24.286 W/ActivityManager( 1631): 	at com.android.server.am.ActivityRecord.isInStackLocked(ActivityRecord.java:1327)
06-06 17:45:24.286 W/ActivityManager( 1631): 	at com.android.server.am.ActivityRecord.getStackLocked(ActivityRecord.java:1332)
06-06 17:45:24.286 W/ActivityManager( 1631): 	at com.android.server.am.ActivityManagerService.getActivityDisplayId(ActivityManagerService.java:9806)
06-06 17:45:24.286 W/ActivityManager( 1631): 	at android.app.ActivityManagerNative.onTransact(ActivityManagerNative.java:2566)
06-06 17:45:24.286 W/ActivityManager( 1631): 	at com.android.server.am.ActivityManagerService.onTransact(ActivityManagerService.java:2757)
06-06 17:45:24.286 W/ActivityManager( 1631): 	at android.os.Binder.execTransact(Binder.java:565)
06-06 17:45:24.288 W/ActivityManager( 1631): Bad activity token: android.os.BinderProxy@d41562f
06-06 17:45:24.288 W/ActivityManager( 1631): java.lang.ClassCastException: android.os.BinderProxy cannot be cast to com.android.server.am.ActivityRecord$Token
06-06 17:45:24.288 W/ActivityManager( 1631): 	at com.android.server.am.ActivityRecord.forTokenLocked(ActivityRecord.java:586)
06-06 17:45:24.288 W/ActivityManager( 1631): 	at com.android.server.am.ActivityRecord.isInStackLocked(ActivityRecord.java:1327)
06-06 17:45:24.288 W/ActivityManager( 1631): 	at com.android.server.am.ActivityManagerService.setTaskDescription(ActivityManagerService.java:9358)
06-06 17:45:24.288 W/ActivityManager( 1631): 	at android.app.ActivityManagerNative.onTransact(ActivityManagerNative.java:2639)
06-06 17:45:24.288 W/ActivityManager( 1631): 	at com.android.server.am.ActivityManagerService.onTransact(ActivityManagerService.java:2757)
06-06 17:45:24.288 W/ActivityManager( 1631): 	at android.os.Binder.execTransact(Binder.java:565)
06-06 17:45:24.288 W/ActivityManager( 1631): Bad activity token: android.os.BinderProxy@d41562f
06-06 17:45:24.288 W/ActivityManager( 1631): java.lang.ClassCastException: android.os.BinderProxy cannot be cast to com.android.server.am.ActivityRecord$Token
06-06 17:45:24.288 W/ActivityManager( 1631): 	at com.android.server.am.ActivityRecord.forTokenLocked(ActivityRecord.java:586)
06-06 17:45:24.288 W/ActivityManager( 1631): 	at com.android.server.am.ActivityRecord.isInStackLocked(ActivityRecord.java:1327)
06-06 17:45:24.288 W/ActivityManager( 1631): 	at com.android.server.am.ActivityRecord.getStackLocked(ActivityRecord.java:1332)
06-06 17:45:24.288 W/ActivityManager( 1631): 	at com.android.server.am.ActivityManagerService.getActivityStackId(ActivityManagerService.java:9817)
06-06 17:45:24.288 W/ActivityManager( 1631): 	at android.app.ActivityManagerNative.onTransact(ActivityManagerNative.java:2856)
06-06 17:45:24.288 W/ActivityManager( 1631): 	at com.android.server.am.ActivityManagerService.onTransact(ActivityManagerService.java:2757)
06-06 17:45:24.288 W/ActivityManager( 1631): 	at android.os.Binder.execTransact(Binder.java:565)
06-06 17:45:24.299 D/VehicleStatisticsActivity(16898): Checking recalculation ...
06-06 17:45:24.301 D/VehicleStatisticsActivity(16898): Recalculation not necessary.
06-06 17:45:24.316 W/ActivityManager( 1631): Bad activity token: android.os.BinderProxy@d41562f
06-06 17:45:24.316 W/ActivityManager( 1631): java.lang.ClassCastException: android.os.BinderProxy cannot be cast to com.android.server.am.ActivityRecord$Token
06-06 17:45:24.316 W/ActivityManager( 1631): 	at com.android.server.am.ActivityRecord.forTokenLocked(ActivityRecord.java:586)
06-06 17:45:24.316 W/ActivityManager( 1631): 	at com.android.server.am.ActivityRecord.isInStackLocked(ActivityRecord.java:1327)
06-06 17:45:24.316 W/ActivityManager( 1631): 	at com.android.server.am.ActivityManagerService.getActivityOptions(ActivityManagerService.java:12559)
06-06 17:45:24.316 W/ActivityManager( 1631): 	at android.app.ActivityManagerNative.onTransact(ActivityManagerNative.java:1933)
06-06 17:45:24.316 W/ActivityManager( 1631): 	at com.android.server.am.ActivityManagerService.onTransact(ActivityManagerService.java:2757)
06-06 17:45:24.316 W/ActivityManager( 1631): 	at android.os.Binder.execTransact(Binder.java:565)
06-06 17:45:24.316 W/ActivityManager( 1631): Bad activity token: android.os.BinderProxy@d41562f
06-06 17:45:24.316 W/ActivityManager( 1631): java.lang.ClassCastException: android.os.BinderProxy cannot be cast to com.android.server.am.ActivityRecord$Token
06-06 17:45:24.316 W/ActivityManager( 1631): 	at com.android.server.am.ActivityRecord.forTokenLocked(ActivityRecord.java:586)
06-06 17:45:24.316 W/ActivityManager( 1631): 	at com.android.server.am.ActivityRecord.isInStackLocked(ActivityRecord.java:1327)
06-06 17:45:24.316 W/ActivityManager( 1631): 	at com.android.server.am.ActivityManagerService.getActivityOptions(ActivityManagerService.java:12559)
06-06 17:45:24.316 W/ActivityManager( 1631): 	at android.app.ActivityManagerNative.onTransact(ActivityManagerNative.java:1933)
06-06 17:45:24.316 W/ActivityManager( 1631): 	at com.android.server.am.ActivityManagerService.onTransact(ActivityManagerService.java:2757)
06-06 17:45:24.316 W/ActivityManager( 1631): 	at android.os.Binder.execTransact(Binder.java:565)
06-06 17:45:24.319 D/VehicleStatisticsActivity(16898): Checking recalculation ...
06-06 17:45:24.320 D/VehicleStatisticsActivity(16898): Recalculation not necessary.
06-06 17:45:24.453 I/System.out(16898): URI: //map
06-06 17:45:24.453 I/System.out(16898): params: {json={"query":"android.widget.AbsListView index:0","operation":{"method_name":"query","arguments":[]}}
06-06 17:45:24.453 I/System.out(16898): }
06-06 17:45:24.467 I/art     (16898): Do partial code cache collection, code=30KB, data=29KB
06-06 17:45:24.467 I/art     (16898): After code cache collection, code=29KB, data=28KB
06-06 17:45:24.467 I/art     (16898): Increasing code cache capacity to 128KB
06-06 17:45:24.486 I/System.out(16898): URI: //map
06-06 17:45:24.486 I/System.out(16898): params: {json={"query":"android.widget.AbsListView index:0","operation":{"method_name":"query","arguments":[]}}
06-06 17:45:24.486 I/System.out(16898): }
06-06 17:45:24.502 I/System.out(16898): URI: //map
06-06 17:45:24.502 I/System.out(16898): params: {json={"query":"android.widget.AbsListView index:0","operation":{"method_name":"query","arguments":[]}}
06-06 17:45:24.502 I/System.out(16898): }
06-06 17:45:24.520 I/System.out(16898): URI: //map
06-06 17:45:24.520 I/System.out(16898): params: {json={"query":"android.widget.AbsListView index:0","operation":{"method_name":"query","arguments":["getFirstVisiblePosition"]}}
06-06 17:45:24.520 I/System.out(16898): }
06-06 17:45:24.539 I/System.out(16898): URI: //map
06-06 17:45:24.539 I/System.out(16898): params: {json={"query":"android.widget.AbsListView index:0","operation":{"method_name":"query","arguments":["getLastVisiblePosition"]}}
06-06 17:45:24.539 I/System.out(16898): }
06-06 17:45:24.556 I/System.out(16898): URI: //map
06-06 17:45:24.556 I/System.out(16898): params: {json={"query":"android.widget.AbsListView index:0","operation":{"method_name":"query","arguments":[{"method_name":"setSelection","arguments":[26]}]}}
06-06 17:45:24.556 I/System.out(16898): }
06-06 17:45:24.565 V/PhoneStatusBar( 1713): setLightsOn(true)
06-06 17:45:24.566 V/PhoneStatusBar( 1713): setLightsOn(true)
06-06 17:45:24.567 W/OpenGLRenderer( 2106): Incorrectly called buildLayer on View: ShortcutAndWidgetContainer, destroying layer...
06-06 17:45:24.578 I/System.out(16898): URI: //map
06-06 17:45:24.578 I/System.out(16898): params: {json={"query":"* marked:'Smallest fillup'","operation":{"method_name":"query","arguments":[]}}
06-06 17:45:24.578 I/System.out(16898): }
06-06 17:45:24.582 V/PhoneStatusBar( 1713): setLightsOn(true)
06-06 17:45:24.583 I/WindowManager( 1631): Destroying surface Surface(name=com.android.launcher3/com.android.launcher3.Launcher) called by com.android.server.wm.WindowStateAnimator.destroySurface:2016 com.android.server.wm.WindowStateAnimator.destroySurfaceLocked:882 com.android.server.wm.WindowState.destroyOrSaveSurface:2100 com.android.server.wm.AppWindowToken.destroySurfaces:363 com.android.server.wm.AppWindowToken.notifyAppStopped:389 com.android.server.wm.WindowManagerService.notifyAppStopped:4463 com.android.server.am.ActivityStack.activityStoppedLocked:1252 com.android.server.am.ActivityManagerService.activityStopped:6903 
06-06 17:45:24.617 D/gralloc_ranchu( 1348): gralloc_alloc: Creating ashmem region of size 9023488
06-06 17:45:24.657 W/ResourceType(16898): No package identifier when getting name for resource number 0x00000001
06-06 17:45:24.669 I/System.out(16898): URI: //gesture
06-06 17:45:24.669 I/System.out(16898): params: {json={"query_timeout":5.0,"gestures":[{"query_string":"* marked:'Smallest fillup'","touches":[{"x":50,"y":50,"offset_x":0,"offset_y":0,"wait":0.0,"time":0.2,"release":true,"query_string":null}]}]}
06-06 17:45:24.669 I/System.out(16898): }
06-06 17:45:24.673 W/ResourceType(16898): No package identifier when getting name for resource number 0x00000001
06-06 17:45:24.899 I/ActivityManager( 1631): START u0 {cmp=com.evancharlton.mileage/.charts.MinimumVolumeChart (has extras)} from uid 10728 on display 0
06-06 17:45:24.900 V/PhoneStatusBar( 1713): setLightsOn(true)
06-06 17:45:24.901 V/PhoneStatusBar( 1713): setLightsOn(true)
06-06 17:45:24.911 I/System.out(16898): URI: //map
06-06 17:45:24.911 I/System.out(16898): params: {json={"query":"* {text CONTAINS[c] 'Smallest fillup size'}","operation":{"method_name":"query","arguments":[]}}
06-06 17:45:24.911 I/System.out(16898): }
06-06 17:45:24.972 I/calabash(16898): newActivity1
06-06 17:45:24.976 W/aiCharts(16898): License file is invalid or missing. 
06-06 17:45:24.976 W/aiCharts(16898): Please place proper license.lic to /assets folder.
06-06 17:45:24.995 V/PhoneStatusBar( 1713): setLightsOn(true)
06-06 17:45:25.015 V/PhoneStatusBar( 1713): setLightsOn(true)
06-06 17:45:25.021 I/WindowManager( 1631): Destroying surface Surface(name=Creating chart…) called by com.android.server.wm.WindowStateAnimator.destroySurface:2016 com.android.server.wm.WindowStateAnimator.destroySurfaceLocked:882 com.android.server.wm.WindowState.removeLocked:1456 com.android.server.wm.WindowManagerService.removeWindowInnerLocked:2484 com.android.server.wm.WindowManagerService.removeWindowLocked:2442 com.android.server.wm.WindowManagerService.removeWindowLocked:2311 com.android.server.wm.WindowManagerService.removeWindow:2306 com.android.server.wm.Session.remove:202 
06-06 17:45:25.024 D/gralloc_ranchu( 1348): gralloc_alloc: Creating ashmem region of size 9023488
06-06 17:45:25.032 V/PhoneStatusBar( 1713): setLightsOn(true)
06-06 17:45:25.064 V/PhoneStatusBar( 1713): setLightsOn(true)
06-06 17:45:25.066 I/ActivityManager( 1631): Displayed com.evancharlton.mileage/.charts.MinimumVolumeChart: +98ms
06-06 17:45:25.082 V/PhoneStatusBar( 1713): setLightsOn(true)
06-06 17:45:25.115 V/PhoneStatusBar( 1713): setLightsOn(true)
06-06 17:45:25.148 V/PhoneStatusBar( 1713): setLightsOn(true)
06-06 17:45:25.299 V/PhoneStatusBar( 1713): setLightsOn(true)
06-06 17:45:25.312 I/System.out(16898): URI: //map
06-06 17:45:25.312 I/System.out(16898): params: {json={"query":"* {text CONTAINS[c] 'Smallest fillup size'}","operation":{"method_name":"query","arguments":[]}}
06-06 17:45:25.312 I/System.out(16898): }
06-06 17:45:25.328 I/System.out(16898): URI: //
06-06 17:45:25.328 I/System.out(16898): params: {json={"command":"press_key","arguments":["KEYCODE_BACK"]}
06-06 17:45:25.328 I/System.out(16898): }
06-06 17:45:25.328 I/System.out(16898): header: {content-type=application/json;charset=utf-8, date=Sat, 06 Jun 2020 22:45:25 GMT, accept=*/*, host=127.0.0.1:34784, content-length=52, user-agent=HTTPClient/1.0 (2.8.3, ruby 2.5.1 (2018-03-29))}
06-06 17:45:25.328 I/System.out(16898): params: {json={"command":"press_key","arguments":["KEYCODE_BACK"]}
06-06 17:45:25.328 I/System.out(16898): }
06-06 17:45:25.328 I/System.out(16898): ProP json = {"command":"press_key","arguments":["KEYCODE_BACK"]}
06-06 17:45:25.328 I/System.out(16898): files: {}
06-06 17:45:25.328 I/System.out(16898): command: {"command":"press_key","arguments":["KEYCODE_BACK"]}
06-06 17:45:25.330 I/InstrumentationBackend(16898): Got command:'Command:'Line:null,press_key', arguments:'[KEYCODE_BACK]'
06-06 17:45:25.333 V/PhoneStatusBar( 1713): setLightsOn(true)
06-06 17:45:25.335 V/PhoneStatusBar( 1713): setLightsOn(true)
06-06 17:45:25.337 I/art     (16898): Do partial code cache collection, code=60KB, data=62KB
06-06 17:45:25.337 I/art     (16898): After code cache collection, code=59KB, data=61KB
06-06 17:45:25.337 I/art     (16898): Increasing code cache capacity to 256KB
06-06 17:45:25.338 I/System.out(16898): result:{"bonusInformation":[],"message":"","success":true}
06-06 17:45:25.338 D/VehicleStatisticsActivity(16898): Checking recalculation ...
06-06 17:45:25.339 D/VehicleStatisticsActivity(16898): Recalculation not necessary.
06-06 17:45:25.340 I/System.out(16898): URI: //map
06-06 17:45:25.340 I/System.out(16898): params: {json={"query":"* {text CONTAINS[c] 'Statistics'}","operation":{"method_name":"query","arguments":[]}}
06-06 17:45:25.340 I/System.out(16898): }
06-06 17:45:25.348 V/PhoneStatusBar( 1713): setLightsOn(true)
06-06 17:45:25.364 D/gralloc_ranchu( 1348): gralloc_alloc: Creating ashmem region of size 9023488
06-06 17:45:25.365 V/PhoneStatusBar( 1713): setLightsOn(true)
06-06 17:45:25.382 V/PhoneStatusBar( 1713): setLightsOn(true)
06-06 17:45:25.415 V/PhoneStatusBar( 1713): setLightsOn(true)
