--------- beginning of system
06-06 17:47:40.226 W/ActivityManager( 1631): Duplicate finish request for ActivityRecord{8bd2824 u0 com.evancharlton.mileage/.Mileage t24735 f}
06-06 17:47:40.226 W/ActivityManager( 1631): Duplicate finish request for ActivityRecord{8bd2824 u0 com.evancharlton.mileage/.Mileage t24735 f}
06-06 17:47:40.226 W/ActivityManager( 1631): Duplicate finish request for ActivityRecord{8bd2824 u0 com.evancharlton.mileage/.Mileage t24735 f}
06-06 17:47:40.226 W/ActivityManager( 1631): Duplicate finish request for ActivityRecord{8bd2824 u0 com.evancharlton.mileage/.Mileage t24735 f}
06-06 17:47:40.226 W/ActivityManager( 1631): Duplicate finish request for ActivityRecord{8bd2824 u0 com.evancharlton.mileage/.Mileage t24735 f}
--------- beginning of main
06-06 17:47:40.227 V/PhoneStatusBar( 1713): setLightsOn(true)
06-06 17:47:40.228 V/PhoneStatusBar( 1713): setLightsOn(true)
06-06 17:47:40.229 V/PhoneStatusBar( 1713): setLightsOn(true)
06-06 17:47:40.229 W/ActivityManager( 1631): Finishing task with all activities already finished
06-06 17:47:40.229 W/ActivityManager( 1631): Duplicate finish request for ActivityRecord{f745825 u0 com.evancharlton.mileage/.VehicleActivity t24735 f}
06-06 17:47:40.278 I/ActivityManager( 1631): Killing 8607:com.google.android.gms.unstable/u0a13 (adj 906): empty #17
06-06 17:47:40.284 D/gralloc_ranchu( 1348): gralloc_alloc: Creating ashmem region of size 3145728
06-06 17:47:40.301 E/EGL_emulation( 1348): tid 1348: eglCreateSyncKHR(1901): error 0x3004 (EGL_BAD_ATTRIBUTE)
06-06 17:47:40.315 D/ActivityManager( 1631): cleanUpApplicationRecord -- 8607
06-06 17:47:40.333 D/EGL_emulation( 1713): eglMakeCurrent: 0xa6a85780: ver 2 0 (tinfo 0xa6a83640)
06-06 17:47:40.346 W/InputMethodService( 1699): Window size has been changed. This may cause jankiness of resizing window: -1 -> -2
06-06 17:47:40.346 W/IInputConnectionWrapper(18771): finishComposingText on inactive InputConnection
06-06 17:47:40.346 W/IInputConnectionWrapper(18771): reportFullscreenMode on inexistent InputConnection
06-06 17:47:40.346 W/IInputConnectionWrapper(18771): finishComposingText on inactive InputConnection
06-06 17:47:40.347 D/AndroidRuntime(18851): >>>>>> START com.android.internal.os.RuntimeInit uid 2000 <<<<<<
06-06 17:47:40.349 D/AndroidRuntime(18851): CheckJNI is ON
06-06 17:47:40.349 D/EGL_emulation( 2106): eglMakeCurrent: 0xa6a85300: ver 2 0 (tinfo 0xa6a83220)
06-06 17:47:40.349 D/EGL_emulation( 1699): eglMakeCurrent: 0xa6a85240: ver 2 0 (tinfo 0xa6a83470)
06-06 17:47:40.360 W/art     (18851): Unexpected CPU variant for X86 using defaults: x86
06-06 17:47:40.362 D/ICU     (18851): No timezone override file found: /data/misc/zoneinfo/current/icu/icu_tzdata.dat
06-06 17:47:40.366 D/EGL_emulation( 1713): eglMakeCurrent: 0xa6a85780: ver 2 0 (tinfo 0xa6a83640)
06-06 17:47:40.371 E/memtrack(18851): Couldn't load memtrack module (No such file or directory)
06-06 17:47:40.371 E/android.os.Debug(18851): failed to load memtrack module: -2
06-06 17:47:40.372 I/Radio-JNI(18851): register_android_hardware_Radio DONE
06-06 17:47:40.376 D/AndroidRuntime(18851): Calling main entry com.android.commands.am.Am
06-06 17:47:40.377 I/ActivityManager( 1631): Force stopping com.evancharlton.mileage appid=10728 user=0: start instr
06-06 17:47:40.377 I/ActivityManager( 1631): Killing 18771:com.evancharlton.mileage/u0a728 (adj 0): stop com.evancharlton.mileage
06-06 17:47:40.377 D/ActivityManager( 1631): cleanUpApplicationRecord -- 18771
06-06 17:47:40.377 W/ActivityManager( 1631): Crash of app com.evancharlton.mileage running instrumentation ComponentInfo{com.evancharlton.mileage.test/sh.calaba.instrumentationbackend.CalabashInstrumentationTestRunner}
06-06 17:47:40.377 I/ActivityManager( 1631): Force stopping com.evancharlton.mileage appid=10728 user=0: finished inst
06-06 17:47:40.380 I/art     (18861): Not late-enabling -Xcheck:jni (already on)
06-06 17:47:40.380 W/art     (18861): Unexpected CPU variant for X86 using defaults: x86
06-06 17:47:40.381 D/EGL_emulation( 1713): eglMakeCurrent: 0xa6a85780: ver 2 0 (tinfo 0xa6a83640)
06-06 17:47:40.383 D/EGL_emulation( 1713): eglMakeCurrent: 0xa6a85780: ver 2 0 (tinfo 0xa6a83640)
06-06 17:47:40.388 I/ActivityManager( 1631): Start proc 18861:com.evancharlton.mileage/u0a728 for added application com.evancharlton.mileage
06-06 17:47:40.388 D/AndroidRuntime(18851): Shutting down VM
06-06 17:47:40.393 W/System  (18861): ClassLoader referenced unknown path: /data/app/com.evancharlton.mileage.test-1/lib/x86
06-06 17:47:40.393 W/System  (18861): ClassLoader referenced unknown path: /data/app/com.evancharlton.mileage-1/lib/x86
06-06 17:47:40.395 W/System  (18861): ClassLoader referenced unknown path: 
06-06 17:47:40.398 D/EGL_emulation( 1713): eglMakeCurrent: 0xa6a85780: ver 2 0 (tinfo 0xa6a83640)
06-06 17:47:40.400 I/System.out(18861): Main activity name automatically set to: com.evancharlton.mileage.Mileage
06-06 17:47:40.400 I/System.out(18861): Calabash did not load Mono. This is only a problem if you are trying to test a Mono application
06-06 17:47:40.400 I/calabash(18861): Test server port: 7102
06-06 17:47:40.400 D/EGL_emulation( 1713): eglMakeCurrent: 0xa6a85780: ver 2 0 (tinfo 0xa6a83640)
06-06 17:47:40.401 I/InstrumentationBackend(18861): Added:'GetPreferences', with key:'get_preferences'
06-06 17:47:40.405 I/InstrumentationBackend(18861): Added:'SetPreferences', with key:'set_preferences'
06-06 17:47:40.405 I/InstrumentationBackend(18861): Added:'ClearPreferences', with key:'clear_preferences'
06-06 17:47:40.405 I/InstrumentationBackend(18861): Added:'PressElement', with key:'press_l10n_element'
06-06 17:47:40.405 I/InstrumentationBackend(18861): Added:'WaitForElement', with key:'wait_for_l10n_element'
06-06 17:47:40.405 I/InstrumentationBackend(18861): Added:'NullAction', with key:'nullAction'
06-06 17:47:40.405 I/InstrumentationBackend(18861): Added:'PressKey', with key:'press_key'
06-06 17:47:40.405 I/InstrumentationBackend(18861): Added:'SetActivityOrientation', with key:'set_activity_orientation'
06-06 17:47:40.405 I/InstrumentationBackend(18861): Added:'GetActivityOrientation', with key:'get_activity_orientation'
06-06 17:47:40.405 I/InstrumentationBackend(18861): Added:'FakeGPSLocation', with key:'set_gps_coordinates'
06-06 17:47:40.405 I/InstrumentationBackend(18861): Added:'SetPropertyByCssSelector', with key:'set_property_by_css_selector'
06-06 17:47:40.405 I/InstrumentationBackend(18861): Added:'GetUrl', with key:'get_url'
06-06 17:47:40.406 I/InstrumentationBackend(18861): Added:'ScrollTo', with key:'scroll_to'
06-06 17:47:40.406 I/InstrumentationBackend(18861): Added:'GetLoadProgress', with key:'get_load_progress'
06-06 17:47:40.406 I/InstrumentationBackend(18861): Added:'DumpHtml', with key:'dump_html'
06-06 17:47:40.406 I/InstrumentationBackend(18861): Added:'DumpBodyHtml', with key:'dump_body_html'
06-06 17:47:40.406 I/InstrumentationBackend(18861): Added:'EnterTextByCssSelector', with key:'enter_text_by_selector'
06-06 17:47:40.406 I/InstrumentationBackend(18861): Added:'AndroidSDKVersion', with key:'android_sdk_version'
06-06 17:47:40.406 I/InstrumentationBackend(18861): Added:'Version', with key:'version'
06-06 17:47:40.406 I/InstrumentationBackend(18861): Added:'Drag', with key:'drag'
06-06 17:47:40.406 I/InstrumentationBackend(18861): Added:'TouchCoordinates', with key:'touch_coordinate'
06-06 17:47:40.406 I/InstrumentationBackend(18861): Added:'LongPressCoordinate', with key:'long_press_coordinate'
06-06 17:47:40.406 I/InstrumentationBackend(18861): Added:'DragCoordinates', with key:'drag_coordinates'
06-06 17:47:40.406 I/InstrumentationBackend(18861): Added:'ResumeApplication', with key:'resume_application'
06-06 17:47:40.406 I/InstrumentationBackend(18861): Added:'Swipe', with key:'swipe'
06-06 17:47:40.406 I/InstrumentationBackend(18861): Added:'DoubleTapCoordinate', with key:'double_tap_coordinate'
06-06 17:47:40.406 I/InstrumentationBackend(18861): Added:'ClickOnScreen', with key:'click_on_screen'
06-06 17:47:40.406 I/InstrumentationBackend(18861): Added:'GetActivityName', with key:'get_activity_name'
06-06 17:47:40.406 I/InstrumentationBackend(18861): Added:'ScrollToView', with key:'scroll_to_view'
06-06 17:47:40.406 I/InstrumentationBackend(18861): Added:'ViewConfiguration', with key:'view_configuration'
06-06 17:47:40.406 I/InstrumentationBackend(18861): Added:'IsCurrentActivityFocused', with key:'is_current_activity_focused'
06-06 17:47:40.407 I/InstrumentationBackend(18861): Added:'SendTcp', with key:'send_tcp'
06-06 17:47:40.407 I/InstrumentationBackend(18861): Added:'DpToDevicePixel', with key:'dp_to_device_pixel'
06-06 17:47:40.407 I/InstrumentationBackend(18861): Added:'KeyboardEnterText', with key:'keyboard_enter_text'
06-06 17:47:40.407 I/InstrumentationBackend(18861): Added:'DeleteSurroundingText', with key:'delete_surrounding_text'
06-06 17:47:40.407 I/InstrumentationBackend(18861): Added:'SetComposingRegion', with key:'set_composing_region'
06-06 17:47:40.407 I/InstrumentationBackend(18861): Added:'SetSelection', with key:'set_selection'
06-06 17:47:40.407 I/InstrumentationBackend(18861): Added:'KeyboardKeyEvent', with key:'keyboard_key_event'
06-06 17:47:40.407 I/InstrumentationBackend(18861): Added:'PressUserActionButton', with key:'press_user_action_button'
06-06 17:47:40.407 I/InstrumentationBackend(18861): Added:'HideSoftKeyboard', with key:'hide_soft_keyboard'
06-06 17:47:40.407 I/InstrumentationBackend(18861): Added:'ListActions', with key:'list_actions'
06-06 17:47:40.407 I/calabash(18861): Instantiating http server at 7102
06-06 17:47:40.407 I/System.out(18861): HTTP Daemon listening on: 7102
06-06 17:47:40.415 D/EGL_emulation( 1713): eglMakeCurrent: 0xa6a85780: ver 2 0 (tinfo 0xa6a83640)
06-06 17:47:40.417 D/EGL_emulation( 1713): eglMakeCurrent: 0xa6a85780: ver 2 0 (tinfo 0xa6a83640)
06-06 17:47:40.418 I/WindowManager( 1631): WIN DEATH: Window{bb751a1 u0 com.evancharlton.mileage/com.evancharlton.mileage.VehicleActivity EXITING}
06-06 17:47:40.418 W/InputDispatcher( 1631): channel '3da3481 PopupWindow:56bbb98 (server)' ~ Consumer closed input channel or an error occurred.  events=0x9
06-06 17:47:40.418 E/InputDispatcher( 1631): channel '3da3481 PopupWindow:56bbb98 (server)' ~ Channel is unrecoverably broken and will be disposed!
06-06 17:47:40.419 I/WindowManager( 1631): WIN DEATH: Window{3da3481 u0 PopupWindow:56bbb98 EXITING}
06-06 17:47:40.419 W/InputDispatcher( 1631): Attempted to unregister already unregistered input channel '3da3481 PopupWindow:56bbb98 (server)'
06-06 17:47:40.432 D/EGL_emulation( 1713): eglMakeCurrent: 0xa6a85780: ver 2 0 (tinfo 0xa6a83640)
06-06 17:47:40.435 D/EGL_emulation( 1713): eglMakeCurrent: 0xa6a85780: ver 2 0 (tinfo 0xa6a83640)
06-06 17:47:40.448 D/EGL_emulation( 1713): eglMakeCurrent: 0xa6a85780: ver 2 0 (tinfo 0xa6a83640)
06-06 17:47:40.451 D/EGL_emulation( 1713): eglMakeCurrent: 0xa6a85780: ver 2 0 (tinfo 0xa6a83640)
06-06 17:47:40.465 D/EGL_emulation( 1713): eglMakeCurrent: 0xa6a85780: ver 2 0 (tinfo 0xa6a83640)
06-06 17:47:40.467 D/EGL_emulation( 1713): eglMakeCurrent: 0xa6a85780: ver 2 0 (tinfo 0xa6a83640)
06-06 17:47:40.482 D/EGL_emulation( 1713): eglMakeCurrent: 0xa6a85780: ver 2 0 (tinfo 0xa6a83640)
06-06 17:47:40.483 D/EGL_emulation( 1713): eglMakeCurrent: 0xa6a85780: ver 2 0 (tinfo 0xa6a83640)
06-06 17:47:40.497 I/System.out(18861): URI: //ping
06-06 17:47:40.497 I/System.out(18861): params: {json={}
06-06 17:47:40.497 I/System.out(18861): }
06-06 17:47:40.498 D/EGL_emulation( 1713): eglMakeCurrent: 0xa6a85780: ver 2 0 (tinfo 0xa6a83640)
06-06 17:47:40.500 D/EGL_emulation( 1713): eglMakeCurrent: 0xa6a85780: ver 2 0 (tinfo 0xa6a83640)
06-06 17:47:40.505 I/System.out(18861): URI: //ping
06-06 17:47:40.505 I/System.out(18861): params: {json={}
06-06 17:47:40.505 I/System.out(18861): }
06-06 17:47:40.506 I/System.out(18861): URI: //ready
06-06 17:47:40.506 I/System.out(18861): params: {json={}
06-06 17:47:40.506 I/System.out(18861): }
06-06 17:47:40.508 I/System.out(18861): URI: //
06-06 17:47:40.508 I/System.out(18861): params: {json={"command":"version","arguments":[]}
06-06 17:47:40.508 I/System.out(18861): }
06-06 17:47:40.508 I/System.out(18861): header: {content-type=application/json;charset=utf-8, date=Sat, 06 Jun 2020 22:47:40 GMT, accept=*/*, host=127.0.0.1:34784, content-length=36, user-agent=HTTPClient/1.0 (2.8.3, ruby 2.5.1 (2018-03-29))}
06-06 17:47:40.508 I/System.out(18861): params: {json={"command":"version","arguments":[]}
06-06 17:47:40.508 I/System.out(18861): }
06-06 17:47:40.508 I/System.out(18861): ProP json = {"command":"version","arguments":[]}
06-06 17:47:40.508 I/System.out(18861): files: {}
06-06 17:47:40.508 I/System.out(18861): command: {"command":"version","arguments":[]}
06-06 17:47:40.511 I/InstrumentationBackend(18861): Got command:'Command:'Line:null,version', arguments:'[]'
06-06 17:47:40.515 D/EGL_emulation( 1713): eglMakeCurrent: 0xa6a85780: ver 2 0 (tinfo 0xa6a83640)
06-06 17:47:40.516 I/System.out(18861): result:{"bonusInformation":[],"message":"0.9.8","success":true}
06-06 17:47:40.517 D/EGL_emulation( 1713): eglMakeCurrent: 0xa6a85780: ver 2 0 (tinfo 0xa6a83640)
06-06 17:47:40.519 I/System.out(18861): URI: //start-application
06-06 17:47:40.519 I/System.out(18861): params: {json={"intent":null}
06-06 17:47:40.519 I/System.out(18861): }
06-06 17:47:40.527 I/ActivityManager( 1631): START u0 {act=android.intent.action.MAIN cat=[android.intent.category.LAUNCHER] flg=0x10200000 cmp=com.evancharlton.mileage/.Mileage} from uid 10728 on display 0
06-06 17:47:40.531 D/EGL_emulation( 1713): eglMakeCurrent: 0xa6a85780: ver 2 0 (tinfo 0xa6a83640)
06-06 17:47:40.533 D/EGL_emulation( 1713): eglMakeCurrent: 0xa6a85780: ver 2 0 (tinfo 0xa6a83640)
06-06 17:47:40.534 I/WindowManager( 1631): Destroying surface Surface(name=InputMethod) called by com.android.server.wm.WindowStateAnimator.destroySurface:2016 com.android.server.wm.WindowStateAnimator.destroySurfaceLocked:882 com.android.server.wm.WindowState.destroyOrSaveSurface:2100 com.android.server.wm.WindowSurfacePlacer.performSurfacePlacementInner:429 com.android.server.wm.WindowSurfacePlacer.performSurfacePlacementLoop:232 com.android.server.wm.WindowSurfacePlacer.performSurfacePlacement:180 com.android.server.wm.WindowManagerService.relayoutWindow:2943 com.android.server.wm.Session.relayout:224 
06-06 17:47:40.536 I/calabash(18861): newActivity1
06-06 17:47:40.544 I/calabash(18861): newActivity1
06-06 17:47:40.545 W/ActivityManager( 1631): Bad activity token: android.os.BinderProxy@62b2d4f
06-06 17:47:40.545 W/ActivityManager( 1631): java.lang.ClassCastException: android.os.BinderProxy cannot be cast to com.android.server.am.ActivityRecord$Token
06-06 17:47:40.545 W/ActivityManager( 1631): 	at com.android.server.am.ActivityRecord.forTokenLocked(ActivityRecord.java:586)
06-06 17:47:40.545 W/ActivityManager( 1631): 	at com.android.server.am.ActivityRecord.isInStackLocked(ActivityRecord.java:1327)
06-06 17:47:40.545 W/ActivityManager( 1631): 	at com.android.server.am.ActivityRecord.getStackLocked(ActivityRecord.java:1332)
06-06 17:47:40.545 W/ActivityManager( 1631): 	at com.android.server.am.ActivityManagerService.getActivityDisplayId(ActivityManagerService.java:9806)
06-06 17:47:40.545 W/ActivityManager( 1631): 	at android.app.ActivityManagerNative.onTransact(ActivityManagerNative.java:2566)
06-06 17:47:40.545 W/ActivityManager( 1631): 	at com.android.server.am.ActivityManagerService.onTransact(ActivityManagerService.java:2757)
06-06 17:47:40.545 W/ActivityManager( 1631): 	at android.os.Binder.execTransact(Binder.java:565)
06-06 17:47:40.546 W/ActivityManager( 1631): Bad activity token: android.os.BinderProxy@62b2d4f
06-06 17:47:40.546 W/ActivityManager( 1631): java.lang.ClassCastException: android.os.BinderProxy cannot be cast to com.android.server.am.ActivityRecord$Token
06-06 17:47:40.546 W/ActivityManager( 1631): 	at com.android.server.am.ActivityRecord.forTokenLocked(ActivityRecord.java:586)
06-06 17:47:40.546 W/ActivityManager( 1631): 	at com.android.server.am.ActivityRecord.isInStackLocked(ActivityRecord.java:1327)
06-06 17:47:40.546 W/ActivityManager( 1631): 	at com.android.server.am.ActivityManagerService.setTaskDescription(ActivityManagerService.java:9358)
06-06 17:47:40.546 W/ActivityManager( 1631): 	at android.app.ActivityManagerNative.onTransact(ActivityManagerNative.java:2639)
06-06 17:47:40.546 W/ActivityManager( 1631): 	at com.android.server.am.ActivityManagerService.onTransact(ActivityManagerService.java:2757)
06-06 17:47:40.546 W/ActivityManager( 1631): 	at android.os.Binder.execTransact(Binder.java:565)
06-06 17:47:40.546 W/ActivityManager( 1631): Bad activity token: android.os.BinderProxy@62b2d4f
06-06 17:47:40.546 W/ActivityManager( 1631): java.lang.ClassCastException: android.os.BinderProxy cannot be cast to com.android.server.am.ActivityRecord$Token
06-06 17:47:40.546 W/ActivityManager( 1631): 	at com.android.server.am.ActivityRecord.forTokenLocked(ActivityRecord.java:586)
06-06 17:47:40.546 W/ActivityManager( 1631): 	at com.android.server.am.ActivityRecord.isInStackLocked(ActivityRecord.java:1327)
06-06 17:47:40.546 W/ActivityManager( 1631): 	at com.android.server.am.ActivityRecord.getStackLocked(ActivityRecord.java:1332)
06-06 17:47:40.546 W/ActivityManager( 1631): 	at com.android.server.am.ActivityManagerService.getActivityStackId(ActivityManagerService.java:9817)
06-06 17:47:40.546 W/ActivityManager( 1631): 	at android.app.ActivityManagerNative.onTransact(ActivityManagerNative.java:2856)
06-06 17:47:40.546 W/ActivityManager( 1631): 	at com.android.server.am.ActivityManagerService.onTransact(ActivityManagerService.java:2757)
06-06 17:47:40.546 W/ActivityManager( 1631): 	at android.os.Binder.execTransact(Binder.java:565)
06-06 17:47:40.548 D/gralloc_ranchu( 1348): gralloc_alloc: Creating ashmem region of size 9023488
06-06 17:47:40.554 D/EGL_emulation( 1713): eglMakeCurrent: 0xa6a85780: ver 2 0 (tinfo 0xa6a83640)
06-06 17:47:40.563 W/ActivityManager( 1631): Bad activity token: android.os.BinderProxy@62b2d4f
06-06 17:47:40.563 W/ActivityManager( 1631): java.lang.ClassCastException: android.os.BinderProxy cannot be cast to com.android.server.am.ActivityRecord$Token
06-06 17:47:40.563 W/ActivityManager( 1631): 	at com.android.server.am.ActivityRecord.forTokenLocked(ActivityRecord.java:586)
06-06 17:47:40.563 W/ActivityManager( 1631): 	at com.android.server.am.ActivityRecord.isInStackLocked(ActivityRecord.java:1327)
06-06 17:47:40.563 W/ActivityManager( 1631): 	at com.android.server.am.ActivityManagerService.getActivityOptions(ActivityManagerService.java:12559)
06-06 17:47:40.563 W/ActivityManager( 1631): 	at android.app.ActivityManagerNative.onTransact(ActivityManagerNative.java:1933)
06-06 17:47:40.563 W/ActivityManager( 1631): 	at com.android.server.am.ActivityManagerService.onTransact(ActivityManagerService.java:2757)
06-06 17:47:40.563 W/ActivityManager( 1631): 	at android.os.Binder.execTransact(Binder.java:565)
06-06 17:47:40.563 W/ActivityManager( 1631): Bad activity token: android.os.BinderProxy@62b2d4f
06-06 17:47:40.563 W/ActivityManager( 1631): java.lang.ClassCastException: android.os.BinderProxy cannot be cast to com.android.server.am.ActivityRecord$Token
06-06 17:47:40.563 W/ActivityManager( 1631): 	at com.android.server.am.ActivityRecord.forTokenLocked(ActivityRecord.java:586)
06-06 17:47:40.563 W/ActivityManager( 1631): 	at com.android.server.am.ActivityRecord.isInStackLocked(ActivityRecord.java:1327)
06-06 17:47:40.563 W/ActivityManager( 1631): 	at com.android.server.am.ActivityManagerService.getActivityOptions(ActivityManagerService.java:12559)
06-06 17:47:40.563 W/ActivityManager( 1631): 	at android.app.ActivityManagerNative.onTransact(ActivityManagerNative.java:1933)
06-06 17:47:40.563 W/ActivityManager( 1631): 	at com.android.server.am.ActivityManagerService.onTransact(ActivityManagerService.java:2757)
06-06 17:47:40.563 W/ActivityManager( 1631): 	at android.os.Binder.execTransact(Binder.java:565)
06-06 17:47:40.576 D/EGL_emulation( 1713): eglMakeCurrent: 0xa6a85780: ver 2 0 (tinfo 0xa6a83640)
06-06 17:47:40.580 D/EGL_emulation( 1713): eglMakeCurrent: 0xa6a85780: ver 2 0 (tinfo 0xa6a83640)
06-06 17:47:40.582 D/EGL_emulation( 2106): eglMakeCurrent: 0xa6a85300: ver 2 0 (tinfo 0xa6a83220)
06-06 17:47:40.583 D/EGL_emulation( 1713): eglMakeCurrent: 0xa6a85780: ver 2 0 (tinfo 0xa6a83640)
06-06 17:47:40.586 D/EGL_emulation( 1713): eglMakeCurrent: 0xa6a85780: ver 2 0 (tinfo 0xa6a83640)
06-06 17:47:40.586 V/PhoneStatusBar( 1713): setLightsOn(true)
06-06 17:47:40.598 D/gralloc_ranchu( 1348): gralloc_alloc: Creating ashmem region of size 9023488
06-06 17:47:40.602 D/        (18861): HostConnection::get() New Host Connection established 0x954ba500, tid 18861
06-06 17:47:40.602 D/EGL_emulation( 1713): eglMakeCurrent: 0xa6a85780: ver 2 0 (tinfo 0xa6a83640)
06-06 17:47:40.602 V/PhoneStatusBar( 1713): setLightsOn(true)
06-06 17:47:40.631 I/WindowManager( 1631): Destroying surface Surface(name=PopupWindow:56bbb98) called by com.android.server.wm.WindowStateAnimator.destroySurface:2016 com.android.server.wm.WindowStateAnimator.destroySurfaceLocked:882 com.android.server.wm.WindowState.removeLocked:1456 com.android.server.wm.WindowManagerService.removeWindowInnerLocked:2484 com.android.server.wm.AppWindowToken.destroySurfaces:365 com.android.server.wm.WindowStateAnimator.finishExit:565 com.android.server.wm.WindowStateAnimator.stepAnimationLocked:491 com.android.server.wm.WindowAnimator.updateWindowsLocked:303 
06-06 17:47:40.633 D/EGL_emulation( 1713): eglMakeCurrent: 0xa6a85780: ver 2 0 (tinfo 0xa6a83640)
06-06 17:47:40.636 D/EGL_emulation( 1713): eglMakeCurrent: 0xa6a85780: ver 2 0 (tinfo 0xa6a83640)
06-06 17:47:40.637 D/EGL_emulation( 1713): eglMakeCurrent: 0xa6a85780: ver 2 0 (tinfo 0xa6a83640)
06-06 17:47:40.639 D/EGL_emulation( 1713): eglMakeCurrent: 0xa6a85780: ver 2 0 (tinfo 0xa6a83640)
06-06 17:47:40.648 D/EGL_emulation( 1713): eglMakeCurrent: 0xa6a85780: ver 2 0 (tinfo 0xa6a83640)
06-06 17:47:40.648 I/ActivityManager( 1631): Displayed com.evancharlton.mileage/.Mileage: +118ms
06-06 17:47:40.649 D/gralloc_ranchu( 1348): gralloc_alloc: Creating ashmem region of size 9023488
06-06 17:47:40.662 D/EGL_emulation( 1713): eglMakeCurrent: 0xa6a85780: ver 2 0 (tinfo 0xa6a83640)
06-06 17:47:40.671 D/EGL_emulation( 1713): eglMakeCurrent: 0xa6a85780: ver 2 0 (tinfo 0xa6a83640)
06-06 17:47:40.673 D/EGL_emulation( 1713): eglMakeCurrent: 0xa6a85780: ver 2 0 (tinfo 0xa6a83640)
06-06 17:47:40.673 V/PhoneStatusBar( 1713): setLightsOn(true)
06-06 17:47:40.685 D/EGL_emulation( 1713): eglMakeCurrent: 0xa6a85780: ver 2 0 (tinfo 0xa6a83640)
06-06 17:47:40.686 D/EGL_emulation( 1713): eglMakeCurrent: 0xa6a85780: ver 2 0 (tinfo 0xa6a83640)
06-06 17:47:40.691 I/System.out(18861): URI: //map
06-06 17:47:40.691 I/System.out(18861): params: {json={"query":"* marked:'Vehicles'","operation":{"method_name":"query","arguments":[]}}
06-06 17:47:40.691 I/System.out(18861): }
06-06 17:47:40.698 D/EGL_emulation( 1713): eglMakeCurrent: 0xa6a85780: ver 2 0 (tinfo 0xa6a83640)
06-06 17:47:40.699 D/EGL_emulation( 1713): eglMakeCurrent: 0xa6a85780: ver 2 0 (tinfo 0xa6a83640)
06-06 17:47:40.705 W/ResourceType(18861): No package identifier when getting name for resource number 0x00000001
06-06 17:47:40.715 D/EGL_emulation( 1713): eglMakeCurrent: 0xa6a85780: ver 2 0 (tinfo 0xa6a83640)
06-06 17:47:40.716 D/EGL_emulation( 1713): eglMakeCurrent: 0xa6a85780: ver 2 0 (tinfo 0xa6a83640)
06-06 17:47:40.717 I/System.out(18861): URI: //gesture
06-06 17:47:40.717 I/System.out(18861): params: {json={"query_timeout":5.0,"gestures":[{"query_string":"* marked:'Vehicles'","touches":[{"x":50,"y":50,"offset_x":0,"offset_y":0,"wait":0.0,"time":0.2,"release":true,"query_string":null}]}]}
06-06 17:47:40.717 I/System.out(18861): }
06-06 17:47:40.721 W/ResourceType(18861): No package identifier when getting name for resource number 0x00000001
06-06 17:47:40.733 D/EGL_emulation( 1713): eglMakeCurrent: 0xa6a85780: ver 2 0 (tinfo 0xa6a83640)
06-06 17:47:40.749 D/EGL_emulation( 1713): eglMakeCurrent: 0xa6a85780: ver 2 0 (tinfo 0xa6a83640)
06-06 17:47:40.754 D/EGL_emulation( 1713): eglMakeCurrent: 0xa6a85780: ver 2 0 (tinfo 0xa6a83640)
06-06 17:47:40.771 D/EGL_emulation( 1713): eglMakeCurrent: 0xa6a85780: ver 2 0 (tinfo 0xa6a83640)
06-06 17:47:40.782 D/EGL_emulation( 1713): eglMakeCurrent: 0xa6a85780: ver 2 0 (tinfo 0xa6a83640)
06-06 17:47:40.782 I/WindowManager( 1631): Destroying surface Surface(name=com.evancharlton.mileage/com.evancharlton.mileage.VehicleActivity) called by com.android.server.wm.WindowStateAnimator.destroySurface:2016 com.android.server.wm.WindowStateAnimator.destroySurfaceLocked:882 com.android.server.wm.WindowState.destroyOrSaveSurface:2100 com.android.server.wm.AppWindowToken.destroySurfaces:363 com.android.server.wm.WindowStateAnimator.finishExit:565 com.android.server.wm.AppWindowAnimator.stepAnimationLocked:427 com.android.server.wm.WindowAnimator.updateAppWindowsLocked:196 com.android.server.wm.WindowAnimator.animateLocked:678 
06-06 17:47:40.785 D/EGL_emulation( 1713): eglMakeCurrent: 0xa6a85780: ver 2 0 (tinfo 0xa6a83640)
06-06 17:47:40.787 D/EGL_emulation( 1713): eglMakeCurrent: 0xa6a85780: ver 2 0 (tinfo 0xa6a83640)
06-06 17:47:40.802 D/EGL_emulation( 1713): eglMakeCurrent: 0xa6a85780: ver 2 0 (tinfo 0xa6a83640)
06-06 17:47:40.803 V/PhoneStatusBar( 1713): setLightsOn(true)
06-06 17:47:40.808 D/EGL_emulation( 1713): eglMakeCurrent: 0xa6a85780: ver 2 0 (tinfo 0xa6a83640)
06-06 17:47:40.848 I/WindowManager( 1631): Destroying surface Surface(name=Starting com.evancharlton.mileage) called by com.android.server.wm.WindowStateAnimator.destroySurface:2016 com.android.server.wm.WindowStateAnimator.destroySurfaceLocked:882 com.android.server.wm.WindowState.destroyOrSaveSurface:2100 com.android.server.wm.AppWindowToken.destroySurfaces:363 com.android.server.wm.WindowStateAnimator.finishExit:565 com.android.server.wm.WindowStateAnimator.stepAnimationLocked:491 com.android.server.wm.WindowAnimator.updateWindowsLocked:303 com.android.server.wm.WindowAnimator.animateLocked:704 
06-06 17:47:40.849 V/PhoneStatusBar( 1713): setLightsOn(true)
06-06 17:47:40.882 V/PhoneStatusBar( 1713): setLightsOn(true)
06-06 17:47:40.950 I/calabash(18861): newActivity1
06-06 17:47:40.950 W/ActivityManager( 1631): Bad activity token: android.os.BinderProxy@5308ad1
06-06 17:47:40.950 W/ActivityManager( 1631): java.lang.ClassCastException: android.os.BinderProxy cannot be cast to com.android.server.am.ActivityRecord$Token
06-06 17:47:40.950 W/ActivityManager( 1631): 	at com.android.server.am.ActivityRecord.forTokenLocked(ActivityRecord.java:586)
06-06 17:47:40.950 W/ActivityManager( 1631): 	at com.android.server.am.ActivityRecord.isInStackLocked(ActivityRecord.java:1327)
06-06 17:47:40.950 W/ActivityManager( 1631): 	at com.android.server.am.ActivityRecord.getStackLocked(ActivityRecord.java:1332)
06-06 17:47:40.950 W/ActivityManager( 1631): 	at com.android.server.am.ActivityManagerService.getActivityDisplayId(ActivityManagerService.java:9806)
06-06 17:47:40.950 W/ActivityManager( 1631): 	at android.app.ActivityManagerNative.onTransact(ActivityManagerNative.java:2566)
06-06 17:47:40.950 W/ActivityManager( 1631): 	at com.android.server.am.ActivityManagerService.onTransact(ActivityManagerService.java:2757)
06-06 17:47:40.950 W/ActivityManager( 1631): 	at android.os.Binder.execTransact(Binder.java:565)
06-06 17:47:40.951 W/ActivityManager( 1631): Bad activity token: android.os.BinderProxy@5308ad1
06-06 17:47:40.951 W/ActivityManager( 1631): java.lang.ClassCastException: android.os.BinderProxy cannot be cast to com.android.server.am.ActivityRecord$Token
06-06 17:47:40.951 W/ActivityManager( 1631): 	at com.android.server.am.ActivityRecord.forTokenLocked(ActivityRecord.java:586)
06-06 17:47:40.951 W/ActivityManager( 1631): 	at com.android.server.am.ActivityRecord.isInStackLocked(ActivityRecord.java:1327)
06-06 17:47:40.951 W/ActivityManager( 1631): 	at com.android.server.am.ActivityManagerService.setTaskDescription(ActivityManagerService.java:9358)
06-06 17:47:40.951 W/ActivityManager( 1631): 	at android.app.ActivityManagerNative.onTransact(ActivityManagerNative.java:2639)
06-06 17:47:40.951 W/ActivityManager( 1631): 	at com.android.server.am.ActivityManagerService.onTransact(ActivityManagerService.java:2757)
06-06 17:47:40.951 W/ActivityManager( 1631): 	at android.os.Binder.execTransact(Binder.java:565)
06-06 17:47:40.952 W/ActivityManager( 1631): Bad activity token: android.os.BinderProxy@5308ad1
06-06 17:47:40.952 W/ActivityManager( 1631): java.lang.ClassCastException: android.os.BinderProxy cannot be cast to com.android.server.am.ActivityRecord$Token
06-06 17:47:40.952 W/ActivityManager( 1631): 	at com.android.server.am.ActivityRecord.forTokenLocked(ActivityRecord.java:586)
06-06 17:47:40.952 W/ActivityManager( 1631): 	at com.android.server.am.ActivityRecord.isInStackLocked(ActivityRecord.java:1327)
06-06 17:47:40.952 W/ActivityManager( 1631): 	at com.android.server.am.ActivityRecord.getStackLocked(ActivityRecord.java:1332)
06-06 17:47:40.952 W/ActivityManager( 1631): 	at com.android.server.am.ActivityManagerService.getActivityStackId(ActivityManagerService.java:9817)
06-06 17:47:40.952 W/ActivityManager( 1631): 	at android.app.ActivityManagerNative.onTransact(ActivityManagerNative.java:2856)
06-06 17:47:40.952 W/ActivityManager( 1631): 	at com.android.server.am.ActivityManagerService.onTransact(ActivityManagerService.java:2757)
06-06 17:47:40.952 W/ActivityManager( 1631): 	at android.os.Binder.execTransact(Binder.java:565)
06-06 17:47:40.955 W/ActivityManager( 1631): Bad activity token: android.os.BinderProxy@5308ad1
06-06 17:47:40.955 W/ActivityManager( 1631): java.lang.ClassCastException: android.os.BinderProxy cannot be cast to com.android.server.am.ActivityRecord$Token
06-06 17:47:40.955 W/ActivityManager( 1631): 	at com.android.server.am.ActivityRecord.forTokenLocked(ActivityRecord.java:586)
06-06 17:47:40.955 W/ActivityManager( 1631): 	at com.android.server.am.ActivityRecord.isInStackLocked(ActivityRecord.java:1327)
06-06 17:47:40.955 W/ActivityManager( 1631): 	at com.android.server.am.ActivityManagerService.getActivityOptions(ActivityManagerService.java:12559)
06-06 17:47:40.955 W/ActivityManager( 1631): 	at android.app.ActivityManagerNative.onTransact(ActivityManagerNative.java:1933)
06-06 17:47:40.955 W/ActivityManager( 1631): 	at com.android.server.am.ActivityManagerService.onTransact(ActivityManagerService.java:2757)
06-06 17:47:40.955 W/ActivityManager( 1631): 	at android.os.Binder.execTransact(Binder.java:565)
06-06 17:47:40.956 W/ActivityManager( 1631): Bad activity token: android.os.BinderProxy@5308ad1
06-06 17:47:40.956 W/ActivityManager( 1631): java.lang.ClassCastException: android.os.BinderProxy cannot be cast to com.android.server.am.ActivityRecord$Token
06-06 17:47:40.956 W/ActivityManager( 1631): 	at com.android.server.am.ActivityRecord.forTokenLocked(ActivityRecord.java:586)
06-06 17:47:40.956 W/ActivityManager( 1631): 	at com.android.server.am.ActivityRecord.isInStackLocked(ActivityRecord.java:1327)
06-06 17:47:40.956 W/ActivityManager( 1631): 	at com.android.server.am.ActivityManagerService.getActivityOptions(ActivityManagerService.java:12559)
06-06 17:47:40.956 W/ActivityManager( 1631): 	at android.app.ActivityManagerNative.onTransact(ActivityManagerNative.java:1933)
06-06 17:47:40.956 W/ActivityManager( 1631): 	at com.android.server.am.ActivityManagerService.onTransact(ActivityManagerService.java:2757)
06-06 17:47:40.956 W/ActivityManager( 1631): 	at android.os.Binder.execTransact(Binder.java:565)
06-06 17:47:41.048 V/PhoneStatusBar( 1713): setLightsOn(true)
06-06 17:47:41.333 V/PhoneStatusBar( 1713): setLightsOn(true)
06-06 17:47:41.336 V/PhoneStatusBar( 1713): setLightsOn(true)
06-06 17:47:41.339 W/OpenGLRenderer( 2106): Incorrectly called buildLayer on View: ShortcutAndWidgetContainer, destroying layer...
06-06 17:47:41.350 V/PhoneStatusBar( 1713): setLightsOn(true)
06-06 17:47:41.352 I/WindowManager( 1631): Destroying surface Surface(name=com.android.launcher3/com.android.launcher3.Launcher) called by com.android.server.wm.WindowStateAnimator.destroySurface:2016 com.android.server.wm.WindowStateAnimator.destroySurfaceLocked:882 com.android.server.wm.WindowState.destroyOrSaveSurface:2100 com.android.server.wm.AppWindowToken.destroySurfaces:363 com.android.server.wm.AppWindowToken.notifyAppStopped:389 com.android.server.wm.WindowManagerService.notifyAppStopped:4463 com.android.server.am.ActivityStack.activityStoppedLocked:1252 com.android.server.am.ActivityManagerService.activityStopped:6903 
06-06 17:47:41.966 I/System.out(18861): URI: //
06-06 17:47:41.966 I/System.out(18861): params: {json={"command":"press_key","arguments":["KEYCODE_MENU"]}
06-06 17:47:41.966 I/System.out(18861): }
06-06 17:47:41.966 I/System.out(18861): header: {content-type=application/json;charset=utf-8, date=Sat, 06 Jun 2020 22:47:42 GMT, accept=*/*, host=127.0.0.1:34784, content-length=52, user-agent=HTTPClient/1.0 (2.8.3, ruby 2.5.1 (2018-03-29))}
06-06 17:47:41.966 I/System.out(18861): params: {json={"command":"press_key","arguments":["KEYCODE_MENU"]}
06-06 17:47:41.966 I/System.out(18861): }
06-06 17:47:41.967 I/System.out(18861): ProP json = {"command":"press_key","arguments":["KEYCODE_MENU"]}
06-06 17:47:41.967 I/System.out(18861): files: {}
06-06 17:47:41.967 I/System.out(18861): command: {"command":"press_key","arguments":["KEYCODE_MENU"]}
06-06 17:47:41.971 I/InstrumentationBackend(18861): Got command:'Command:'Line:null,press_key', arguments:'[KEYCODE_MENU]'
06-06 17:47:42.005 V/PhoneStatusBar( 1713): setLightsOn(true)
06-06 17:47:42.021 V/PhoneStatusBar( 1713): setLightsOn(true)
06-06 17:47:42.022 I/System.out(18861): result:{"bonusInformation":[],"message":"","success":true}
06-06 17:47:42.029 I/System.out(18861): URI: //map
06-06 17:47:42.030 I/System.out(18861): params: {json={"query":"* marked:'Edit vehicle types'","operation":{"method_name":"query","arguments":[]}}
06-06 17:47:42.030 I/System.out(18861): }
06-06 17:47:42.033 V/PhoneStatusBar( 1713): setLightsOn(true)
06-06 17:47:42.050 V/PhoneStatusBar( 1713): setLightsOn(true)
06-06 17:47:42.053 D/gralloc_ranchu( 1348): gralloc_alloc: Creating ashmem region of size 1720320
06-06 17:47:42.068 V/PhoneStatusBar( 1713): setLightsOn(true)
06-06 17:47:42.070 V/PhoneStatusBar( 1713): setLightsOn(true)
06-06 17:47:42.073 W/ResourceType(18861): No package identifier when getting name for resource number 0x00000001
06-06 17:47:42.083 V/PhoneStatusBar( 1713): setLightsOn(true)
06-06 17:47:42.101 I/System.out(18861): URI: //gesture
06-06 17:47:42.101 I/System.out(18861): params: {json={"query_timeout":5.0,"gestures":[{"query_string":"* marked:'Edit vehicle types'","touches":[{"x":50,"y":50,"offset_x":0,"offset_y":0,"wait":0.0,"time":0.2,"release":true,"query_string":null}]}]}
06-06 17:47:42.101 I/System.out(18861): }
06-06 17:47:42.107 W/ResourceType(18861): No package identifier when getting name for resource number 0x00000001
06-06 17:47:42.208 D/gralloc_ranchu( 1348): gralloc_alloc: Creating ashmem region of size 9023488
06-06 17:47:42.265 D/gralloc_ranchu( 1348): gralloc_alloc: Creating ashmem region of size 1720320
06-06 17:47:42.298 V/PhoneStatusBar( 1713): setLightsOn(true)
06-06 17:47:42.382 I/art     (18861): Do partial code cache collection, code=30KB, data=29KB
06-06 17:47:42.382 I/art     (18861): After code cache collection, code=29KB, data=29KB
06-06 17:47:42.382 I/art     (18861): Increasing code cache capacity to 128KB
06-06 17:47:42.389 I/System.out(18861): URI: //map
06-06 17:47:42.389 I/System.out(18861): params: {json={"query":"* {text CONTAINS[c] 'Vehicle types'}","operation":{"method_name":"query","arguments":[]}}
06-06 17:47:42.389 I/System.out(18861): }
06-06 17:47:42.404 I/ActivityManager( 1631): START u0 {cmp=com.evancharlton.mileage/.VehicleTypeListActivity} from uid 10728 on display 0
06-06 17:47:42.405 V/PhoneStatusBar( 1713): setLightsOn(true)
06-06 17:47:42.406 V/PhoneStatusBar( 1713): setLightsOn(true)
06-06 17:47:42.447 I/WindowManager( 1631): Destroying surface Surface(name=AtchDlg:com.evancharlton.mileage/com.evancharlton.mileage.VehicleListActivity) called by com.android.server.wm.WindowStateAnimator.destroySurface:2016 com.android.server.wm.WindowStateAnimator.destroySurfaceLocked:882 com.android.server.wm.WindowState.removeLocked:1456 com.android.server.wm.WindowManagerService.removeWindowInnerLocked:2484 com.android.server.wm.WindowManagerService.removeWindowLocked:2442 com.android.server.wm.WindowManagerService.removeWindowLocked:2311 com.android.server.wm.WindowManagerService.removeWindow:2306 com.android.server.wm.Session.remove:202 
06-06 17:47:42.499 I/calabash(18861): newActivity1
06-06 17:47:42.519 V/PhoneStatusBar( 1713): setLightsOn(true)
06-06 17:47:42.532 V/PhoneStatusBar( 1713): setLightsOn(true)
06-06 17:47:42.537 D/gralloc_ranchu( 1348): gralloc_alloc: Creating ashmem region of size 9023488
06-06 17:47:42.551 V/PhoneStatusBar( 1713): setLightsOn(true)
06-06 17:47:42.604 I/ActivityManager( 1631): Displayed com.evancharlton.mileage/.VehicleTypeListActivity: +163ms
06-06 17:47:42.616 V/PhoneStatusBar( 1713): setLightsOn(true)
06-06 17:47:42.659 V/PhoneStatusBar( 1713): setLightsOn(true)
06-06 17:47:42.665 V/PhoneStatusBar( 1713): setLightsOn(true)
06-06 17:47:42.777 I/System.out(18861): URI: //map
06-06 17:47:42.777 I/System.out(18861): params: {json={"query":"* {text CONTAINS[c] 'Vehicle types'}","operation":{"method_name":"query","arguments":[]}}
06-06 17:47:42.777 I/System.out(18861): }
06-06 17:47:42.792 I/System.out(18861): URI: //
06-06 17:47:42.792 I/System.out(18861): params: {json={"command":"press_key","arguments":["KEYCODE_MENU"]}
06-06 17:47:42.792 I/System.out(18861): }
06-06 17:47:42.792 I/System.out(18861): header: {content-type=application/json;charset=utf-8, date=Sat, 06 Jun 2020 22:47:43 GMT, accept=*/*, host=127.0.0.1:34784, content-length=52, user-agent=HTTPClient/1.0 (2.8.3, ruby 2.5.1 (2018-03-29))}
06-06 17:47:42.792 I/System.out(18861): params: {json={"command":"press_key","arguments":["KEYCODE_MENU"]}
06-06 17:47:42.792 I/System.out(18861): }
06-06 17:47:42.792 I/System.out(18861): ProP json = {"command":"press_key","arguments":["KEYCODE_MENU"]}
06-06 17:47:42.792 I/System.out(18861): files: {}
06-06 17:47:42.792 I/System.out(18861): command: {"command":"press_key","arguments":["KEYCODE_MENU"]}
06-06 17:47:42.793 I/InstrumentationBackend(18861): Got command:'Command:'Line:null,press_key', arguments:'[KEYCODE_MENU]'
06-06 17:47:42.802 I/System.out(18861): result:{"bonusInformation":[],"message":"","success":true}
06-06 17:47:42.805 I/System.out(18861): URI: //map
06-06 17:47:42.805 I/System.out(18861): params: {json={"query":"* marked:'Add new vehicle type'","operation":{"method_name":"query","arguments":[]}}
06-06 17:47:42.805 I/System.out(18861): }
06-06 17:47:42.815 V/PhoneStatusBar( 1713): setLightsOn(true)
06-06 17:47:42.831 V/PhoneStatusBar( 1713): setLightsOn(true)
06-06 17:47:42.832 V/PhoneStatusBar( 1713): setLightsOn(true)
06-06 17:47:42.834 D/gralloc_ranchu( 1348): gralloc_alloc: Creating ashmem region of size 929792
06-06 17:47:42.839 V/PhoneStatusBar( 1713): setLightsOn(true)
06-06 17:47:42.839 W/ResourceType(18861): No package identifier when getting name for resource number 0x00000001
06-06 17:47:42.849 V/PhoneStatusBar( 1713): setLightsOn(true)
06-06 17:47:42.850 I/System.out(18861): URI: //gesture
06-06 17:47:42.850 I/System.out(18861): params: {json={"query_timeout":5.0,"gestures":[{"query_string":"* marked:'Add new vehicle type'","touches":[{"x":50,"y":50,"offset_x":0,"offset_y":0,"wait":0.0,"time":0.2,"release":true,"query_string":null}]}]}
06-06 17:47:42.850 I/System.out(18861): }
06-06 17:47:42.855 W/ResourceType(18861): No package identifier when getting name for resource number 0x00000001
06-06 17:47:42.965 D/gralloc_ranchu( 1348): gralloc_alloc: Creating ashmem region of size 929792
06-06 17:47:42.982 V/PhoneStatusBar( 1713): setLightsOn(true)
06-06 17:47:42.983 V/PhoneStatusBar( 1713): setLightsOn(true)
06-06 17:47:42.998 V/PhoneStatusBar( 1713): setLightsOn(true)
06-06 17:47:43.065 V/PhoneStatusBar( 1713): setLightsOn(true)
06-06 17:47:43.082 I/WindowManager( 1631): Destroying surface Surface(name=com.evancharlton.mileage/com.evancharlton.mileage.Mileage) called by com.android.server.wm.WindowStateAnimator.destroySurface:2016 com.android.server.wm.WindowStateAnimator.destroySurfaceLocked:882 com.android.server.wm.WindowState.destroyOrSaveSurface:2100 com.android.server.wm.WindowManagerService.tryStartExitingAnimation:3024 com.android.server.wm.WindowManagerService.relayoutWindow:2904 com.android.server.wm.Session.relayout:224 android.view.IWindowSession$Stub.onTransact:286 com.android.server.wm.Session.onTransact:145 
06-06 17:47:43.082 V/PhoneStatusBar( 1713): setLightsOn(true)
06-06 17:47:43.084 I/ActivityManager( 1631): START u0 {cmp=com.evancharlton.mileage/.VehicleTypeActivity} from uid 10728 on display 0
06-06 17:47:43.085 V/PhoneStatusBar( 1713): setLightsOn(true)
06-06 17:47:43.085 V/PhoneStatusBar( 1713): setLightsOn(true)
06-06 17:47:43.089 I/WindowManager( 1631): Destroying surface Surface(name=AtchDlg:com.evancharlton.mileage/com.evancharlton.mileage.VehicleTypeListActivity) called by com.android.server.wm.WindowStateAnimator.destroySurface:2016 com.android.server.wm.WindowStateAnimator.destroySurfaceLocked:882 com.android.server.wm.WindowState.removeLocked:1456 com.android.server.wm.WindowManagerService.removeWindowInnerLocked:2484 com.android.server.wm.WindowManagerService.removeWindowLocked:2442 com.android.server.wm.WindowManagerService.removeWindowLocked:2311 com.android.server.wm.WindowManagerService.removeWindow:2306 com.android.server.wm.Session.remove:202 
06-06 17:47:43.090 I/calabash(18861): newActivity1
06-06 17:47:43.093 I/System.out(18861): URI: //gesture
06-06 17:47:43.093 I/System.out(18861): params: {json={"query_timeout":5.0,"gestures":[{"query_string":"android.widget.EditText index:0","touches":[{"x":50,"y":50,"offset_x":0,"offset_y":0,"wait":0.0,"time":0.2,"release":true,"query_string":null}]}]}
06-06 17:47:43.093 I/System.out(18861): }
06-06 17:47:43.102 V/PhoneStatusBar( 1713): setLightsOn(true)
06-06 17:47:43.115 V/PhoneStatusBar( 1713): setLightsOn(true)
06-06 17:47:43.117 D/gralloc_ranchu( 1348): gralloc_alloc: Creating ashmem region of size 9023488
06-06 17:47:43.131 V/PhoneStatusBar( 1713): setLightsOn(true)
06-06 17:47:43.144 I/ActivityManager( 1631): Displayed com.evancharlton.mileage/.VehicleTypeActivity: +58ms
06-06 17:47:43.145 W/InputMethodService( 1699): Window size has been changed. This may cause jankiness of resizing window: -1 -> -2
06-06 17:47:43.148 D/gralloc_ranchu( 1348): gralloc_alloc: Creating ashmem region of size 9023488
06-06 17:47:43.148 V/PhoneStatusBar( 1713): setLightsOn(true)
06-06 17:47:43.151 I/LatinIME( 1699): Starting input. Cursor position = 0,0
06-06 17:47:43.165 V/PhoneStatusBar( 1713): setLightsOn(true)
06-06 17:47:43.198 V/PhoneStatusBar( 1713): setLightsOn(true)
06-06 17:47:43.215 V/PhoneStatusBar( 1713): setLightsOn(true)
06-06 17:47:43.233 D/EGL_emulation( 1699): eglMakeCurrent: 0xa6a85240: ver 2 0 (tinfo 0xa6a83470)
06-06 17:47:43.233 D/EGL_emulation( 1713): eglMakeCurrent: 0xa6a85780: ver 2 0 (tinfo 0xa6a83640)
06-06 17:47:43.234 V/PhoneStatusBar( 1713): setLightsOn(true)
06-06 17:47:43.248 D/EGL_emulation( 1713): eglMakeCurrent: 0xa6a85780: ver 2 0 (tinfo 0xa6a83640)
06-06 17:47:43.265 V/PhoneStatusBar( 1713): setLightsOn(true)
06-06 17:47:43.383 V/PhoneStatusBar( 1713): setLightsOn(true)
06-06 17:47:43.467 V/PhoneStatusBar( 1713): setLightsOn(true)
06-06 17:47:43.517 V/PhoneStatusBar( 1713): setLightsOn(true)
06-06 17:47:43.519 V/PhoneStatusBar( 1713): setLightsOn(true)
06-06 17:47:43.534 V/PhoneStatusBar( 1713): setLightsOn(true)
06-06 17:47:43.536 I/WindowManager( 1631): Destroying surface Surface(name=com.evancharlton.mileage/com.evancharlton.mileage.VehicleTypeListActivity) called by com.android.server.wm.WindowStateAnimator.destroySurface:2016 com.android.server.wm.WindowStateAnimator.destroySurfaceLocked:882 com.android.server.wm.WindowState.destroyOrSaveSurface:2100 com.android.server.wm.WindowManagerService.tryStartExitingAnimation:3024 com.android.server.wm.WindowManagerService.relayoutWindow:2904 com.android.server.wm.Session.relayout:224 android.view.IWindowSession$Stub.onTransact:286 com.android.server.wm.Session.onTransact:145 
06-06 17:47:43.538 V/PhoneStatusBar( 1713): setLightsOn(true)
06-06 17:47:43.883 I/System.out(18861): URI: //
06-06 17:47:43.883 I/System.out(18861): params: {json={"command":"set_selection","arguments":[-1,-1]}
06-06 17:47:43.883 I/System.out(18861): }
06-06 17:47:43.883 I/System.out(18861): header: {content-type=application/json;charset=utf-8, date=Sat, 06 Jun 2020 22:47:44 GMT, accept=*/*, host=127.0.0.1:34784, content-length=47, user-agent=HTTPClient/1.0 (2.8.3, ruby 2.5.1 (2018-03-29))}
06-06 17:47:43.883 I/System.out(18861): params: {json={"command":"set_selection","arguments":[-1,-1]}
06-06 17:47:43.883 I/System.out(18861): }
06-06 17:47:43.883 I/System.out(18861): ProP json = {"command":"set_selection","arguments":[-1,-1]}
06-06 17:47:43.883 I/System.out(18861): files: {}
06-06 17:47:43.883 I/System.out(18861): command: {"command":"set_selection","arguments":[-1,-1]}
06-06 17:47:43.887 I/InstrumentationBackend(18861): Got command:'Command:'Line:null,set_selection', arguments:'[-1, -1]'
06-06 17:47:43.899 I/System.out(18861): result:{"bonusInformation":[],"message":"","success":true}
06-06 17:47:44.004 I/System.out(18861): URI: //
06-06 17:47:44.004 I/System.out(18861): params: {json={"command":"delete_surrounding_text","arguments":[-1,0]}
06-06 17:47:44.004 I/System.out(18861): }
06-06 17:47:44.004 I/System.out(18861): header: {content-type=application/json;charset=utf-8, date=Sat, 06 Jun 2020 22:47:44 GMT, accept=*/*, host=127.0.0.1:34784, content-length=56, user-agent=HTTPClient/1.0 (2.8.3, ruby 2.5.1 (2018-03-29))}
06-06 17:47:44.004 I/System.out(18861): params: {json={"command":"delete_surrounding_text","arguments":[-1,0]}
06-06 17:47:44.004 I/System.out(18861): }
06-06 17:47:44.004 I/System.out(18861): ProP json = {"command":"delete_surrounding_text","arguments":[-1,0]}
06-06 17:47:44.004 I/System.out(18861): files: {}
06-06 17:47:44.004 I/System.out(18861): command: {"command":"delete_surrounding_text","arguments":[-1,0]}
06-06 17:47:44.005 I/InstrumentationBackend(18861): Got command:'Command:'Line:null,delete_surrounding_text', arguments:'[-1, 0]'
06-06 17:47:44.005 E/SpannableStringBuilder(18861): SPAN_EXCLUSIVE_EXCLUSIVE spans cannot have a zero length
06-06 17:47:44.005 E/SpannableStringBuilder(18861): SPAN_EXCLUSIVE_EXCLUSIVE spans cannot have a zero length
06-06 17:47:44.008 I/System.out(18861): result:{"bonusInformation":[],"message":"","success":true}
06-06 17:47:44.010 I/System.out(18861): URI: //
06-06 17:47:44.010 I/System.out(18861): params: {json={"command":"press_key","arguments":["KEYCODE_BACK"]}
06-06 17:47:44.010 I/System.out(18861): }
06-06 17:47:44.010 I/System.out(18861): header: {content-type=application/json;charset=utf-8, date=Sat, 06 Jun 2020 22:47:44 GMT, accept=*/*, host=127.0.0.1:34784, content-length=52, user-agent=HTTPClient/1.0 (2.8.3, ruby 2.5.1 (2018-03-29))}
06-06 17:47:44.010 I/System.out(18861): params: {json={"command":"press_key","arguments":["KEYCODE_BACK"]}
06-06 17:47:44.010 I/System.out(18861): }
06-06 17:47:44.010 I/System.out(18861): ProP json = {"command":"press_key","arguments":["KEYCODE_BACK"]}
06-06 17:47:44.010 I/System.out(18861): files: {}
06-06 17:47:44.010 I/System.out(18861): command: {"command":"press_key","arguments":["KEYCODE_BACK"]}
06-06 17:47:44.011 I/InstrumentationBackend(18861): Got command:'Command:'Line:null,press_key', arguments:'[KEYCODE_BACK]'
06-06 17:47:44.013 W/InputMethodService( 1699): Window size has been changed. This may cause jankiness of resizing window: -1 -> -2
06-06 17:47:44.016 I/System.out(18861): result:{"bonusInformation":[],"message":"","success":true}
06-06 17:47:44.018 I/System.out(18861): URI: //map
06-06 17:47:44.018 I/System.out(18861): params: {json={"query":"* marked:'Add new vehicle type'","operation":{"method_name":"query","arguments":[]}}
06-06 17:47:44.018 I/System.out(18861): }
06-06 17:47:44.022 W/ResourceType(18861): No package identifier when getting name for resource number 0x00000001
06-06 17:47:44.030 I/System.out(18861): URI: //gesture
06-06 17:47:44.030 I/System.out(18861): params: {json={"query_timeout":5.0,"gestures":[{"query_string":"* marked:'Add new vehicle type'","touches":[{"x":50,"y":50,"offset_x":0,"offset_y":0,"wait":0.0,"time":0.2,"release":true,"query_string":null}]}]}
06-06 17:47:44.030 I/System.out(18861): }
06-06 17:47:44.032 D/EGL_emulation( 1713): eglMakeCurrent: 0xa6a85780: ver 2 0 (tinfo 0xa6a83640)
06-06 17:47:44.032 D/EGL_emulation( 1699): eglMakeCurrent: 0xa6a85240: ver 2 0 (tinfo 0xa6a83470)
06-06 17:47:44.035 W/ResourceType(18861): No package identifier when getting name for resource number 0x00000001
06-06 17:47:44.036 I/art     (18861): Do partial code cache collection, code=55KB, data=60KB
06-06 17:47:44.036 I/art     (18861): After code cache collection, code=55KB, data=59KB
06-06 17:47:44.036 I/art     (18861): Increasing code cache capacity to 256KB
06-06 17:47:44.037 V/PhoneStatusBar( 1713): setLightsOn(true)
06-06 17:47:44.038 V/PhoneStatusBar( 1713): setLightsOn(true)
06-06 17:47:44.074 V/PhoneStatusBar( 1713): setLightsOn(true)
06-06 17:47:44.075 D/gralloc_ranchu( 1348): gralloc_alloc: Creating ashmem region of size 9023488
06-06 17:47:44.215 V/PhoneStatusBar( 1713): setLightsOn(true)
