--------- beginning of main
06-06 17:45:13.875 V/PhoneStatusBar( 1713): setLightsOn(true)
06-06 17:45:13.876 V/PhoneStatusBar( 1713): setLightsOn(true)
--------- beginning of system
06-06 17:45:13.876 W/ActivityManager( 1631): Finishing task with all activities already finished
06-06 17:45:13.876 W/ActivityManager( 1631): Duplicate finish request for ActivityRecord{2f4ca54 u0 com.evancharlton.mileage/.Mileage t24705 f}
06-06 17:45:13.883 D/gralloc_ranchu( 1348): gralloc_alloc: Creating ashmem region of size 3145728
06-06 17:45:13.890 E/EGL_emulation( 1348): tid 1348: eglCreateSyncKHR(1901): error 0x3004 (EGL_BAD_ATTRIBUTE)
06-06 17:45:13.903 W/ActivityManager( 1631): Finishing task with all activities already finished
06-06 17:45:13.903 W/ActivityManager( 1631): Duplicate finish request for ActivityRecord{2f4ca54 u0 com.evancharlton.mileage/.Mileage t24705 f}
06-06 17:45:13.903 W/ActivityManager( 1631): Finishing task with all activities already finished
06-06 17:45:13.903 W/ActivityManager( 1631): Duplicate finish request for ActivityRecord{2f4ca54 u0 com.evancharlton.mileage/.Mileage t24705 f}
06-06 17:45:13.903 W/ActivityManager( 1631): Finishing task with all activities already finished
06-06 17:45:13.903 W/ActivityManager( 1631): Duplicate finish request for ActivityRecord{2f4ca54 u0 com.evancharlton.mileage/.Mileage t24705 f}
06-06 17:45:13.903 W/ActivityManager( 1631): Finishing task with all activities already finished
06-06 17:45:13.903 W/ActivityManager( 1631): Duplicate finish request for ActivityRecord{2f4ca54 u0 com.evancharlton.mileage/.Mileage t24705 f}
06-06 17:45:13.949 D/EGL_emulation( 2106): eglMakeCurrent: 0xa6a85300: ver 2 0 (tinfo 0xa6a83220)
06-06 17:45:13.950 D/EGL_emulation( 1713): eglMakeCurrent: 0xa6a85780: ver 2 0 (tinfo 0xa6a83640)
06-06 17:45:13.965 D/EGL_emulation( 1713): eglMakeCurrent: 0xa6a85780: ver 2 0 (tinfo 0xa6a83640)
06-06 17:45:13.982 D/EGL_emulation( 1713): eglMakeCurrent: 0xa6a85780: ver 2 0 (tinfo 0xa6a83640)
06-06 17:45:13.998 D/EGL_emulation( 1713): eglMakeCurrent: 0xa6a85780: ver 2 0 (tinfo 0xa6a83640)
06-06 17:45:14.001 D/EGL_emulation( 1713): eglMakeCurrent: 0xa6a85780: ver 2 0 (tinfo 0xa6a83640)
06-06 17:45:14.015 D/EGL_emulation( 1713): eglMakeCurrent: 0xa6a85780: ver 2 0 (tinfo 0xa6a83640)
06-06 17:45:14.017 D/EGL_emulation( 1713): eglMakeCurrent: 0xa6a85780: ver 2 0 (tinfo 0xa6a83640)
06-06 17:45:14.031 D/EGL_emulation( 1713): eglMakeCurrent: 0xa6a85780: ver 2 0 (tinfo 0xa6a83640)
06-06 17:45:14.033 D/EGL_emulation( 1713): eglMakeCurrent: 0xa6a85780: ver 2 0 (tinfo 0xa6a83640)
06-06 17:45:14.048 D/AndroidRuntime(16585): >>>>>> START com.android.internal.os.RuntimeInit uid 2000 <<<<<<
06-06 17:45:14.048 D/EGL_emulation( 1713): eglMakeCurrent: 0xa6a85780: ver 2 0 (tinfo 0xa6a83640)
06-06 17:45:14.049 D/AndroidRuntime(16585): CheckJNI is ON
06-06 17:45:14.049 D/EGL_emulation( 1713): eglMakeCurrent: 0xa6a85780: ver 2 0 (tinfo 0xa6a83640)
06-06 17:45:14.059 W/art     (16585): Unexpected CPU variant for X86 using defaults: x86
06-06 17:45:14.061 D/ICU     (16585): No timezone override file found: /data/misc/zoneinfo/current/icu/icu_tzdata.dat
06-06 17:45:14.065 D/EGL_emulation( 1713): eglMakeCurrent: 0xa6a85780: ver 2 0 (tinfo 0xa6a83640)
06-06 17:45:14.066 D/EGL_emulation( 1713): eglMakeCurrent: 0xa6a85780: ver 2 0 (tinfo 0xa6a83640)
06-06 17:45:14.068 E/memtrack(16585): Couldn't load memtrack module (No such file or directory)
06-06 17:45:14.068 E/android.os.Debug(16585): failed to load memtrack module: -2
06-06 17:45:14.069 I/Radio-JNI(16585): register_android_hardware_Radio DONE
06-06 17:45:14.072 D/AndroidRuntime(16585): Calling main entry com.android.commands.am.Am
06-06 17:45:14.074 I/ActivityManager( 1631): Force stopping com.evancharlton.mileage appid=10728 user=0: start instr
06-06 17:45:14.074 I/ActivityManager( 1631): Killing 16537:com.evancharlton.mileage/u0a728 (adj 0): stop com.evancharlton.mileage
06-06 17:45:14.074 D/ActivityManager( 1631): cleanUpApplicationRecord -- 16537
06-06 17:45:14.074 W/ActivityManager( 1631): Crash of app com.evancharlton.mileage running instrumentation ComponentInfo{com.evancharlton.mileage.test/sh.calaba.instrumentationbackend.CalabashInstrumentationTestRunner}
06-06 17:45:14.074 I/ActivityManager( 1631): Force stopping com.evancharlton.mileage appid=10728 user=0: finished inst
06-06 17:45:14.075 W/InputDispatcher( 1631): channel '3209620 Toast (server)' ~ Consumer closed input channel or an error occurred.  events=0x9
06-06 17:45:14.075 E/InputDispatcher( 1631): channel '3209620 Toast (server)' ~ Channel is unrecoverably broken and will be disposed!
06-06 17:45:14.076 W/InputDispatcher( 1631): channel 'bab618f com.evancharlton.mileage/com.evancharlton.mileage.Mileage (server)' ~ Consumer closed input channel or an error occurred.  events=0x9
06-06 17:45:14.076 E/InputDispatcher( 1631): channel 'bab618f com.evancharlton.mileage/com.evancharlton.mileage.Mileage (server)' ~ Channel is unrecoverably broken and will be disposed!
06-06 17:45:14.076 I/WindowManager( 1631): WIN DEATH: Window{bab618f u0 com.evancharlton.mileage/com.evancharlton.mileage.Mileage EXITING}
06-06 17:45:14.076 W/InputDispatcher( 1631): Attempted to unregister already unregistered input channel 'bab618f com.evancharlton.mileage/com.evancharlton.mileage.Mileage (server)'
06-06 17:45:14.077 I/art     (16595): Not late-enabling -Xcheck:jni (already on)
06-06 17:45:14.077 I/WindowManager( 1631): WIN DEATH: Window{3209620 u0 Toast}
06-06 17:45:14.077 W/InputDispatcher( 1631): Attempted to unregister already unregistered input channel '3209620 Toast (server)'
06-06 17:45:14.077 W/art     (16595): Unexpected CPU variant for X86 using defaults: x86
06-06 17:45:14.085 I/ActivityManager( 1631): Start proc 16595:com.evancharlton.mileage/u0a728 for added application com.evancharlton.mileage
06-06 17:45:14.085 D/AndroidRuntime(16585): Shutting down VM
06-06 17:45:14.089 D/EGL_emulation( 1713): eglMakeCurrent: 0xa6a85780: ver 2 0 (tinfo 0xa6a83640)
06-06 17:45:14.091 W/System  (16595): ClassLoader referenced unknown path: /data/app/com.evancharlton.mileage.test-1/lib/x86
06-06 17:45:14.091 W/System  (16595): ClassLoader referenced unknown path: /data/app/com.evancharlton.mileage-1/lib/x86
06-06 17:45:14.094 W/System  (16595): ClassLoader referenced unknown path: 
06-06 17:45:14.094 D/EGL_emulation( 1713): eglMakeCurrent: 0xa6a85780: ver 2 0 (tinfo 0xa6a83640)
06-06 17:45:14.102 D/EGL_emulation( 1713): eglMakeCurrent: 0xa6a85780: ver 2 0 (tinfo 0xa6a83640)
06-06 17:45:14.102 I/System.out(16595): Main activity name automatically set to: com.evancharlton.mileage.Mileage
06-06 17:45:14.103 I/System.out(16595): Calabash did not load Mono. This is only a problem if you are trying to test a Mono application
06-06 17:45:14.103 I/calabash(16595): Test server port: 7102
06-06 17:45:14.103 I/InstrumentationBackend(16595): Added:'GetPreferences', with key:'get_preferences'
06-06 17:45:14.104 D/EGL_emulation( 1713): eglMakeCurrent: 0xa6a85780: ver 2 0 (tinfo 0xa6a83640)
06-06 17:45:14.107 I/InstrumentationBackend(16595): Added:'SetPreferences', with key:'set_preferences'
06-06 17:45:14.107 I/InstrumentationBackend(16595): Added:'ClearPreferences', with key:'clear_preferences'
06-06 17:45:14.107 I/InstrumentationBackend(16595): Added:'PressElement', with key:'press_l10n_element'
06-06 17:45:14.107 I/InstrumentationBackend(16595): Added:'WaitForElement', with key:'wait_for_l10n_element'
06-06 17:45:14.108 I/InstrumentationBackend(16595): Added:'NullAction', with key:'nullAction'
06-06 17:45:14.108 I/InstrumentationBackend(16595): Added:'PressKey', with key:'press_key'
06-06 17:45:14.108 I/InstrumentationBackend(16595): Added:'SetActivityOrientation', with key:'set_activity_orientation'
06-06 17:45:14.108 I/InstrumentationBackend(16595): Added:'GetActivityOrientation', with key:'get_activity_orientation'
06-06 17:45:14.108 I/InstrumentationBackend(16595): Added:'FakeGPSLocation', with key:'set_gps_coordinates'
06-06 17:45:14.108 I/InstrumentationBackend(16595): Added:'SetPropertyByCssSelector', with key:'set_property_by_css_selector'
06-06 17:45:14.108 I/InstrumentationBackend(16595): Added:'GetUrl', with key:'get_url'
06-06 17:45:14.108 I/InstrumentationBackend(16595): Added:'ScrollTo', with key:'scroll_to'
06-06 17:45:14.108 I/InstrumentationBackend(16595): Added:'GetLoadProgress', with key:'get_load_progress'
06-06 17:45:14.108 I/InstrumentationBackend(16595): Added:'DumpHtml', with key:'dump_html'
06-06 17:45:14.108 I/InstrumentationBackend(16595): Added:'DumpBodyHtml', with key:'dump_body_html'
06-06 17:45:14.108 I/InstrumentationBackend(16595): Added:'EnterTextByCssSelector', with key:'enter_text_by_selector'
06-06 17:45:14.109 I/InstrumentationBackend(16595): Added:'AndroidSDKVersion', with key:'android_sdk_version'
06-06 17:45:14.109 I/InstrumentationBackend(16595): Added:'Version', with key:'version'
06-06 17:45:14.109 I/InstrumentationBackend(16595): Added:'Drag', with key:'drag'
06-06 17:45:14.109 I/InstrumentationBackend(16595): Added:'TouchCoordinates', with key:'touch_coordinate'
06-06 17:45:14.109 I/InstrumentationBackend(16595): Added:'LongPressCoordinate', with key:'long_press_coordinate'
06-06 17:45:14.109 I/InstrumentationBackend(16595): Added:'DragCoordinates', with key:'drag_coordinates'
06-06 17:45:14.109 I/InstrumentationBackend(16595): Added:'ResumeApplication', with key:'resume_application'
06-06 17:45:14.109 I/InstrumentationBackend(16595): Added:'Swipe', with key:'swipe'
06-06 17:45:14.109 I/InstrumentationBackend(16595): Added:'DoubleTapCoordinate', with key:'double_tap_coordinate'
06-06 17:45:14.109 I/InstrumentationBackend(16595): Added:'ClickOnScreen', with key:'click_on_screen'
06-06 17:45:14.109 I/InstrumentationBackend(16595): Added:'GetActivityName', with key:'get_activity_name'
06-06 17:45:14.109 I/InstrumentationBackend(16595): Added:'ScrollToView', with key:'scroll_to_view'
06-06 17:45:14.109 I/InstrumentationBackend(16595): Added:'ViewConfiguration', with key:'view_configuration'
06-06 17:45:14.109 I/InstrumentationBackend(16595): Added:'IsCurrentActivityFocused', with key:'is_current_activity_focused'
06-06 17:45:14.109 I/InstrumentationBackend(16595): Added:'SendTcp', with key:'send_tcp'
06-06 17:45:14.109 I/InstrumentationBackend(16595): Added:'DpToDevicePixel', with key:'dp_to_device_pixel'
06-06 17:45:14.109 I/InstrumentationBackend(16595): Added:'KeyboardEnterText', with key:'keyboard_enter_text'
06-06 17:45:14.109 I/InstrumentationBackend(16595): Added:'DeleteSurroundingText', with key:'delete_surrounding_text'
06-06 17:45:14.109 I/InstrumentationBackend(16595): Added:'SetComposingRegion', with key:'set_composing_region'
06-06 17:45:14.109 I/InstrumentationBackend(16595): Added:'SetSelection', with key:'set_selection'
06-06 17:45:14.109 I/InstrumentationBackend(16595): Added:'KeyboardKeyEvent', with key:'keyboard_key_event'
06-06 17:45:14.109 I/InstrumentationBackend(16595): Added:'PressUserActionButton', with key:'press_user_action_button'
06-06 17:45:14.109 I/InstrumentationBackend(16595): Added:'HideSoftKeyboard', with key:'hide_soft_keyboard'
06-06 17:45:14.109 I/InstrumentationBackend(16595): Added:'ListActions', with key:'list_actions'
06-06 17:45:14.109 I/calabash(16595): Instantiating http server at 7102
06-06 17:45:14.110 I/System.out(16595): HTTP Daemon listening on: 7102
06-06 17:45:14.115 D/EGL_emulation( 1713): eglMakeCurrent: 0xa6a85780: ver 2 0 (tinfo 0xa6a83640)
06-06 17:45:14.116 D/EGL_emulation( 1713): eglMakeCurrent: 0xa6a85780: ver 2 0 (tinfo 0xa6a83640)
06-06 17:45:14.132 D/EGL_emulation( 1713): eglMakeCurrent: 0xa6a85780: ver 2 0 (tinfo 0xa6a83640)
06-06 17:45:14.133 D/EGL_emulation( 1713): eglMakeCurrent: 0xa6a85780: ver 2 0 (tinfo 0xa6a83640)
06-06 17:45:14.149 D/EGL_emulation( 1713): eglMakeCurrent: 0xa6a85780: ver 2 0 (tinfo 0xa6a83640)
06-06 17:45:14.165 D/EGL_emulation( 1713): eglMakeCurrent: 0xa6a85780: ver 2 0 (tinfo 0xa6a83640)
06-06 17:45:14.167 D/EGL_emulation( 1713): eglMakeCurrent: 0xa6a85780: ver 2 0 (tinfo 0xa6a83640)
06-06 17:45:14.182 D/EGL_emulation( 1713): eglMakeCurrent: 0xa6a85780: ver 2 0 (tinfo 0xa6a83640)
06-06 17:45:14.184 D/EGL_emulation( 1713): eglMakeCurrent: 0xa6a85780: ver 2 0 (tinfo 0xa6a83640)
06-06 17:45:14.200 I/System.out(16595): URI: //ping
06-06 17:45:14.200 I/System.out(16595): params: {json={}
06-06 17:45:14.200 I/System.out(16595): }
06-06 17:45:14.206 I/System.out(16595): URI: //ping
06-06 17:45:14.206 I/System.out(16595): params: {json={}
06-06 17:45:14.206 I/System.out(16595): }
06-06 17:45:14.211 I/System.out(16595): URI: //ready
06-06 17:45:14.211 I/System.out(16595): params: {json={}
06-06 17:45:14.211 I/System.out(16595): }
06-06 17:45:14.217 I/System.out(16595): URI: //
06-06 17:45:14.217 I/System.out(16595): params: {json={"command":"version","arguments":[]}
06-06 17:45:14.217 I/System.out(16595): }
06-06 17:45:14.217 I/System.out(16595): header: {content-type=application/json;charset=utf-8, date=Sat, 06 Jun 2020 22:45:14 GMT, accept=*/*, host=127.0.0.1:34784, content-length=36, user-agent=HTTPClient/1.0 (2.8.3, ruby 2.5.1 (2018-03-29))}
06-06 17:45:14.217 I/System.out(16595): params: {json={"command":"version","arguments":[]}
06-06 17:45:14.217 I/System.out(16595): }
06-06 17:45:14.217 I/System.out(16595): ProP json = {"command":"version","arguments":[]}
06-06 17:45:14.217 I/System.out(16595): files: {}
06-06 17:45:14.217 I/System.out(16595): command: {"command":"version","arguments":[]}
06-06 17:45:14.226 I/InstrumentationBackend(16595): Got command:'Command:'Line:null,version', arguments:'[]'
06-06 17:45:14.242 I/System.out(16595): result:{"bonusInformation":[],"message":"0.9.8","success":true}
06-06 17:45:14.245 I/System.out(16595): URI: //start-application
06-06 17:45:14.245 I/System.out(16595): params: {json={"intent":null}
06-06 17:45:14.245 I/System.out(16595): }
06-06 17:45:14.257 I/ActivityManager( 1631): START u0 {act=android.intent.action.MAIN cat=[android.intent.category.LAUNCHER] flg=0x10200000 cmp=com.evancharlton.mileage/.Mileage} from uid 10728 on display 0
06-06 17:45:14.263 I/calabash(16595): newActivity1
06-06 17:45:14.271 I/calabash(16595): newActivity1
06-06 17:45:14.272 W/ActivityManager( 1631): Bad activity token: android.os.BinderProxy@149378b
06-06 17:45:14.272 W/ActivityManager( 1631): java.lang.ClassCastException: android.os.BinderProxy cannot be cast to com.android.server.am.ActivityRecord$Token
06-06 17:45:14.272 W/ActivityManager( 1631): 	at com.android.server.am.ActivityRecord.forTokenLocked(ActivityRecord.java:586)
06-06 17:45:14.272 W/ActivityManager( 1631): 	at com.android.server.am.ActivityRecord.isInStackLocked(ActivityRecord.java:1327)
06-06 17:45:14.272 W/ActivityManager( 1631): 	at com.android.server.am.ActivityRecord.getStackLocked(ActivityRecord.java:1332)
06-06 17:45:14.272 W/ActivityManager( 1631): 	at com.android.server.am.ActivityManagerService.getActivityDisplayId(ActivityManagerService.java:9806)
06-06 17:45:14.272 W/ActivityManager( 1631): 	at android.app.ActivityManagerNative.onTransact(ActivityManagerNative.java:2566)
06-06 17:45:14.272 W/ActivityManager( 1631): 	at com.android.server.am.ActivityManagerService.onTransact(ActivityManagerService.java:2757)
06-06 17:45:14.272 W/ActivityManager( 1631): 	at android.os.Binder.execTransact(Binder.java:565)
06-06 17:45:14.273 W/ActivityManager( 1631): Bad activity token: android.os.BinderProxy@149378b
06-06 17:45:14.273 W/ActivityManager( 1631): java.lang.ClassCastException: android.os.BinderProxy cannot be cast to com.android.server.am.ActivityRecord$Token
06-06 17:45:14.273 W/ActivityManager( 1631): 	at com.android.server.am.ActivityRecord.forTokenLocked(ActivityRecord.java:586)
06-06 17:45:14.273 W/ActivityManager( 1631): 	at com.android.server.am.ActivityRecord.isInStackLocked(ActivityRecord.java:1327)
06-06 17:45:14.273 W/ActivityManager( 1631): 	at com.android.server.am.ActivityManagerService.setTaskDescription(ActivityManagerService.java:9358)
06-06 17:45:14.273 W/ActivityManager( 1631): 	at android.app.ActivityManagerNative.onTransact(ActivityManagerNative.java:2639)
06-06 17:45:14.273 W/ActivityManager( 1631): 	at com.android.server.am.ActivityManagerService.onTransact(ActivityManagerService.java:2757)
06-06 17:45:14.273 W/ActivityManager( 1631): 	at android.os.Binder.execTransact(Binder.java:565)
06-06 17:45:14.273 W/ActivityManager( 1631): Bad activity token: android.os.BinderProxy@149378b
06-06 17:45:14.273 W/ActivityManager( 1631): java.lang.ClassCastException: android.os.BinderProxy cannot be cast to com.android.server.am.ActivityRecord$Token
06-06 17:45:14.273 W/ActivityManager( 1631): 	at com.android.server.am.ActivityRecord.forTokenLocked(ActivityRecord.java:586)
06-06 17:45:14.273 W/ActivityManager( 1631): 	at com.android.server.am.ActivityRecord.isInStackLocked(ActivityRecord.java:1327)
06-06 17:45:14.273 W/ActivityManager( 1631): 	at com.android.server.am.ActivityRecord.getStackLocked(ActivityRecord.java:1332)
06-06 17:45:14.273 W/ActivityManager( 1631): 	at com.android.server.am.ActivityManagerService.getActivityStackId(ActivityManagerService.java:9817)
06-06 17:45:14.273 W/ActivityManager( 1631): 	at android.app.ActivityManagerNative.onTransact(ActivityManagerNative.java:2856)
06-06 17:45:14.273 W/ActivityManager( 1631): 	at com.android.server.am.ActivityManagerService.onTransact(ActivityManagerService.java:2757)
06-06 17:45:14.273 W/ActivityManager( 1631): 	at android.os.Binder.execTransact(Binder.java:565)
06-06 17:45:14.282 D/gralloc_ranchu( 1348): gralloc_alloc: Creating ashmem region of size 9023488
06-06 17:45:14.288 W/ActivityManager( 1631): Bad activity token: android.os.BinderProxy@149378b
06-06 17:45:14.288 W/ActivityManager( 1631): java.lang.ClassCastException: android.os.BinderProxy cannot be cast to com.android.server.am.ActivityRecord$Token
06-06 17:45:14.288 W/ActivityManager( 1631): 	at com.android.server.am.ActivityRecord.forTokenLocked(ActivityRecord.java:586)
06-06 17:45:14.288 W/ActivityManager( 1631): 	at com.android.server.am.ActivityRecord.isInStackLocked(ActivityRecord.java:1327)
06-06 17:45:14.288 W/ActivityManager( 1631): 	at com.android.server.am.ActivityManagerService.getActivityOptions(ActivityManagerService.java:12559)
06-06 17:45:14.288 W/ActivityManager( 1631): 	at android.app.ActivityManagerNative.onTransact(ActivityManagerNative.java:1933)
06-06 17:45:14.288 W/ActivityManager( 1631): 	at com.android.server.am.ActivityManagerService.onTransact(ActivityManagerService.java:2757)
06-06 17:45:14.288 W/ActivityManager( 1631): 	at android.os.Binder.execTransact(Binder.java:565)
06-06 17:45:14.288 W/ActivityManager( 1631): Bad activity token: android.os.BinderProxy@149378b
06-06 17:45:14.288 W/ActivityManager( 1631): java.lang.ClassCastException: android.os.BinderProxy cannot be cast to com.android.server.am.ActivityRecord$Token
06-06 17:45:14.288 W/ActivityManager( 1631): 	at com.android.server.am.ActivityRecord.forTokenLocked(ActivityRecord.java:586)
06-06 17:45:14.288 W/ActivityManager( 1631): 	at com.android.server.am.ActivityRecord.isInStackLocked(ActivityRecord.java:1327)
06-06 17:45:14.288 W/ActivityManager( 1631): 	at com.android.server.am.ActivityManagerService.getActivityOptions(ActivityManagerService.java:12559)
06-06 17:45:14.288 W/ActivityManager( 1631): 	at android.app.ActivityManagerNative.onTransact(ActivityManagerNative.java:1933)
06-06 17:45:14.288 W/ActivityManager( 1631): 	at com.android.server.am.ActivityManagerService.onTransact(ActivityManagerService.java:2757)
06-06 17:45:14.288 W/ActivityManager( 1631): 	at android.os.Binder.execTransact(Binder.java:565)
06-06 17:45:14.304 V/PhoneStatusBar( 1713): setLightsOn(true)
06-06 17:45:14.315 D/EGL_emulation( 1713): eglMakeCurrent: 0xa6a85780: ver 2 0 (tinfo 0xa6a83640)
06-06 17:45:14.315 V/PhoneStatusBar( 1713): setLightsOn(true)
06-06 17:45:14.317 V/PhoneStatusBar( 1713): setLightsOn(true)
06-06 17:45:14.317 D/gralloc_ranchu( 1348): gralloc_alloc: Creating ashmem region of size 9023488
06-06 17:45:14.319 V/PhoneStatusBar( 1713): setLightsOn(true)
06-06 17:45:14.322 D/        (16595): HostConnection::get() New Host Connection established 0x954ae440, tid 16595
06-06 17:45:14.371 D/EGL_emulation( 1713): eglMakeCurrent: 0xa6a85780: ver 2 0 (tinfo 0xa6a83640)
06-06 17:45:14.371 D/EGL_emulation( 2106): eglMakeCurrent: 0xa6a85300: ver 2 0 (tinfo 0xa6a83220)
06-06 17:45:14.375 D/EGL_emulation( 1713): eglMakeCurrent: 0xa6a85780: ver 2 0 (tinfo 0xa6a83640)
06-06 17:45:14.377 D/EGL_emulation( 1713): eglMakeCurrent: 0xa6a85780: ver 2 0 (tinfo 0xa6a83640)
06-06 17:45:14.379 D/EGL_emulation( 1713): eglMakeCurrent: 0xa6a85780: ver 2 0 (tinfo 0xa6a83640)
06-06 17:45:14.381 I/WindowManager( 1631): Destroying surface Surface(name=com.evancharlton.mileage/com.evancharlton.mileage.Mileage) called by com.android.server.wm.WindowStateAnimator.destroySurface:2016 com.android.server.wm.WindowStateAnimator.destroySurfaceLocked:882 com.android.server.wm.WindowState.removeLocked:1456 com.android.server.wm.WindowManagerService.removeWindowInnerLocked:2484 com.android.server.wm.AppWindowToken.destroySurfaces:365 com.android.server.wm.WindowStateAnimator.finishExit:565 com.android.server.wm.WindowStateAnimator.stepAnimationLocked:491 com.android.server.wm.WindowAnimator.updateWindowsLocked:303 
06-06 17:45:14.382 D/EGL_emulation( 1713): eglMakeCurrent: 0xa6a85780: ver 2 0 (tinfo 0xa6a83640)
06-06 17:45:14.384 D/EGL_emulation( 1713): eglMakeCurrent: 0xa6a85780: ver 2 0 (tinfo 0xa6a83640)
06-06 17:45:14.400 D/EGL_emulation( 1713): eglMakeCurrent: 0xa6a85780: ver 2 0 (tinfo 0xa6a83640)
06-06 17:45:14.402 D/EGL_emulation( 1713): eglMakeCurrent: 0xa6a85780: ver 2 0 (tinfo 0xa6a83640)
06-06 17:45:14.402 V/PhoneStatusBar( 1713): setLightsOn(true)
06-06 17:45:14.415 D/EGL_emulation( 1713): eglMakeCurrent: 0xa6a85780: ver 2 0 (tinfo 0xa6a83640)
06-06 17:45:14.417 D/gralloc_ranchu( 1348): gralloc_alloc: Creating ashmem region of size 9023488
06-06 17:45:14.430 D/EGL_emulation( 1713): eglMakeCurrent: 0xa6a85780: ver 2 0 (tinfo 0xa6a83640)
06-06 17:45:14.432 I/ActivityManager( 1631): Displayed com.evancharlton.mileage/.Mileage: +171ms
06-06 17:45:14.442 D/EGL_emulation( 1713): eglMakeCurrent: 0xa6a85780: ver 2 0 (tinfo 0xa6a83640)
06-06 17:45:14.444 D/EGL_emulation( 1713): eglMakeCurrent: 0xa6a85780: ver 2 0 (tinfo 0xa6a83640)
06-06 17:45:14.445 V/PhoneStatusBar( 1713): setLightsOn(true)
06-06 17:45:14.459 D/EGL_emulation( 1713): eglMakeCurrent: 0xa6a85780: ver 2 0 (tinfo 0xa6a83640)
06-06 17:45:14.464 D/EGL_emulation( 1713): eglMakeCurrent: 0xa6a85780: ver 2 0 (tinfo 0xa6a83640)
06-06 17:45:14.467 D/EGL_emulation( 1713): eglMakeCurrent: 0xa6a85780: ver 2 0 (tinfo 0xa6a83640)
06-06 17:45:14.469 D/EGL_emulation( 1713): eglMakeCurrent: 0xa6a85780: ver 2 0 (tinfo 0xa6a83640)
06-06 17:45:14.470 V/PhoneStatusBar( 1713): setLightsOn(true)
06-06 17:45:14.485 D/EGL_emulation( 1713): eglMakeCurrent: 0xa6a85780: ver 2 0 (tinfo 0xa6a83640)
06-06 17:45:14.487 D/EGL_emulation( 1713): eglMakeCurrent: 0xa6a85780: ver 2 0 (tinfo 0xa6a83640)
06-06 17:45:14.499 D/EGL_emulation( 1713): eglMakeCurrent: 0xa6a85780: ver 2 0 (tinfo 0xa6a83640)
06-06 17:45:14.501 D/EGL_emulation( 1713): eglMakeCurrent: 0xa6a85780: ver 2 0 (tinfo 0xa6a83640)
06-06 17:45:14.505 I/System.out(16595): URI: //map
06-06 17:45:14.505 I/System.out(16595): params: {json={"query":"* marked:'Statistics'","operation":{"method_name":"query","arguments":[]}}
06-06 17:45:14.505 I/System.out(16595): }
06-06 17:45:14.515 D/EGL_emulation( 1713): eglMakeCurrent: 0xa6a85780: ver 2 0 (tinfo 0xa6a83640)
06-06 17:45:14.517 D/EGL_emulation( 1713): eglMakeCurrent: 0xa6a85780: ver 2 0 (tinfo 0xa6a83640)
06-06 17:45:14.520 W/ResourceType(16595): No package identifier when getting name for resource number 0x00000001
06-06 17:45:14.532 D/EGL_emulation( 1713): eglMakeCurrent: 0xa6a85780: ver 2 0 (tinfo 0xa6a83640)
06-06 17:45:14.534 D/EGL_emulation( 1713): eglMakeCurrent: 0xa6a85780: ver 2 0 (tinfo 0xa6a83640)
06-06 17:45:14.542 I/System.out(16595): URI: //gesture
06-06 17:45:14.543 I/System.out(16595): params: {json={"query_timeout":5.0,"gestures":[{"query_string":"* marked:'Statistics'","touches":[{"x":50,"y":50,"offset_x":0,"offset_y":0,"wait":0.0,"time":0.2,"release":true,"query_string":null}]}]}
06-06 17:45:14.543 I/System.out(16595): }
06-06 17:45:14.548 W/ResourceType(16595): No package identifier when getting name for resource number 0x00000001
06-06 17:45:14.548 D/EGL_emulation( 1713): eglMakeCurrent: 0xa6a85780: ver 2 0 (tinfo 0xa6a83640)
06-06 17:45:14.615 V/PhoneStatusBar( 1713): setLightsOn(true)
06-06 17:45:14.615 I/WindowManager( 1631): Destroying surface Surface(name=Toast) called by com.android.server.wm.WindowStateAnimator.destroySurface:2016 com.android.server.wm.WindowStateAnimator.destroySurfaceLocked:882 com.android.server.wm.WindowState.destroyOrSaveSurface:2100 com.android.server.wm.WindowSurfacePlacer.performSurfacePlacementInner:429 com.android.server.wm.WindowSurfacePlacer.performSurfacePlacementLoop:232 com.android.server.wm.WindowSurfacePlacer.performSurfacePlacement:180 com.android.server.wm.WindowManagerService$H.handleMessage:8086 android.os.Handler.dispatchMessage:102 
06-06 17:45:14.616 V/PhoneStatusBar( 1713): setLightsOn(true)
06-06 17:45:14.631 I/WindowManager( 1631): Destroying surface Surface(name=Starting com.evancharlton.mileage) called by com.android.server.wm.WindowStateAnimator.destroySurface:2016 com.android.server.wm.WindowStateAnimator.destroySurfaceLocked:882 com.android.server.wm.WindowState.destroyOrSaveSurface:2100 com.android.server.wm.AppWindowToken.destroySurfaces:363 com.android.server.wm.WindowStateAnimator.finishExit:565 com.android.server.wm.WindowStateAnimator.stepAnimationLocked:491 com.android.server.wm.WindowAnimator.updateWindowsLocked:303 com.android.server.wm.WindowAnimator.animateLocked:704 
06-06 17:45:14.633 V/PhoneStatusBar( 1713): setLightsOn(true)
06-06 17:45:14.664 V/PhoneStatusBar( 1713): setLightsOn(true)
06-06 17:45:14.785 I/calabash(16595): newActivity1
06-06 17:45:14.798 V/PhoneStatusBar( 1713): setLightsOn(true)
06-06 17:45:14.804 I/System.out(16595): URI: //map
06-06 17:45:14.804 I/System.out(16595): params: {json={"query":"android.widget.ScrollView index:0","operation":{"method_name":"query","arguments":[]}}
06-06 17:45:14.804 I/System.out(16595): }
06-06 17:45:14.806 W/ActivityManager( 1631): Bad activity token: android.os.BinderProxy@997b22d
06-06 17:45:14.806 W/ActivityManager( 1631): java.lang.ClassCastException: android.os.BinderProxy cannot be cast to com.android.server.am.ActivityRecord$Token
06-06 17:45:14.806 W/ActivityManager( 1631): 	at com.android.server.am.ActivityRecord.forTokenLocked(ActivityRecord.java:586)
06-06 17:45:14.806 W/ActivityManager( 1631): 	at com.android.server.am.ActivityRecord.isInStackLocked(ActivityRecord.java:1327)
06-06 17:45:14.806 W/ActivityManager( 1631): 	at com.android.server.am.ActivityRecord.getStackLocked(ActivityRecord.java:1332)
06-06 17:45:14.806 W/ActivityManager( 1631): 	at com.android.server.am.ActivityManagerService.getActivityDisplayId(ActivityManagerService.java:9806)
06-06 17:45:14.806 W/ActivityManager( 1631): 	at android.app.ActivityManagerNative.onTransact(ActivityManagerNative.java:2566)
06-06 17:45:14.806 W/ActivityManager( 1631): 	at com.android.server.am.ActivityManagerService.onTransact(ActivityManagerService.java:2757)
06-06 17:45:14.806 W/ActivityManager( 1631): 	at android.os.Binder.execTransact(Binder.java:565)
06-06 17:45:14.807 W/ActivityManager( 1631): Bad activity token: android.os.BinderProxy@997b22d
06-06 17:45:14.807 W/ActivityManager( 1631): java.lang.ClassCastException: android.os.BinderProxy cannot be cast to com.android.server.am.ActivityRecord$Token
06-06 17:45:14.807 W/ActivityManager( 1631): 	at com.android.server.am.ActivityRecord.forTokenLocked(ActivityRecord.java:586)
06-06 17:45:14.807 W/ActivityManager( 1631): 	at com.android.server.am.ActivityRecord.isInStackLocked(ActivityRecord.java:1327)
06-06 17:45:14.807 W/ActivityManager( 1631): 	at com.android.server.am.ActivityManagerService.setTaskDescription(ActivityManagerService.java:9358)
06-06 17:45:14.807 W/ActivityManager( 1631): 	at android.app.ActivityManagerNative.onTransact(ActivityManagerNative.java:2639)
06-06 17:45:14.807 W/ActivityManager( 1631): 	at com.android.server.am.ActivityManagerService.onTransact(ActivityManagerService.java:2757)
06-06 17:45:14.807 W/ActivityManager( 1631): 	at android.os.Binder.execTransact(Binder.java:565)
06-06 17:45:14.808 W/ActivityManager( 1631): Bad activity token: android.os.BinderProxy@997b22d
06-06 17:45:14.808 W/ActivityManager( 1631): java.lang.ClassCastException: android.os.BinderProxy cannot be cast to com.android.server.am.ActivityRecord$Token
06-06 17:45:14.808 W/ActivityManager( 1631): 	at com.android.server.am.ActivityRecord.forTokenLocked(ActivityRecord.java:586)
06-06 17:45:14.808 W/ActivityManager( 1631): 	at com.android.server.am.ActivityRecord.isInStackLocked(ActivityRecord.java:1327)
06-06 17:45:14.808 W/ActivityManager( 1631): 	at com.android.server.am.ActivityRecord.getStackLocked(ActivityRecord.java:1332)
06-06 17:45:14.808 W/ActivityManager( 1631): 	at com.android.server.am.ActivityManagerService.getActivityStackId(ActivityManagerService.java:9817)
06-06 17:45:14.808 W/ActivityManager( 1631): 	at android.app.ActivityManagerNative.onTransact(ActivityManagerNative.java:2856)
06-06 17:45:14.808 W/ActivityManager( 1631): 	at com.android.server.am.ActivityManagerService.onTransact(ActivityManagerService.java:2757)
06-06 17:45:14.808 W/ActivityManager( 1631): 	at android.os.Binder.execTransact(Binder.java:565)
06-06 17:45:14.819 D/VehicleStatisticsActivity(16595): Checking recalculation ...
06-06 17:45:14.820 D/VehicleStatisticsActivity(16595): Recalculation not necessary.
06-06 17:45:14.832 W/ActivityManager( 1631): Bad activity token: android.os.BinderProxy@997b22d
06-06 17:45:14.832 W/ActivityManager( 1631): java.lang.ClassCastException: android.os.BinderProxy cannot be cast to com.android.server.am.ActivityRecord$Token
06-06 17:45:14.832 W/ActivityManager( 1631): 	at com.android.server.am.ActivityRecord.forTokenLocked(ActivityRecord.java:586)
06-06 17:45:14.832 W/ActivityManager( 1631): 	at com.android.server.am.ActivityRecord.isInStackLocked(ActivityRecord.java:1327)
06-06 17:45:14.832 W/ActivityManager( 1631): 	at com.android.server.am.ActivityManagerService.getActivityOptions(ActivityManagerService.java:12559)
06-06 17:45:14.832 W/ActivityManager( 1631): 	at android.app.ActivityManagerNative.onTransact(ActivityManagerNative.java:1933)
06-06 17:45:14.832 W/ActivityManager( 1631): 	at com.android.server.am.ActivityManagerService.onTransact(ActivityManagerService.java:2757)
06-06 17:45:14.832 W/ActivityManager( 1631): 	at android.os.Binder.execTransact(Binder.java:565)
06-06 17:45:14.832 W/ActivityManager( 1631): Bad activity token: android.os.BinderProxy@997b22d
06-06 17:45:14.832 W/ActivityManager( 1631): java.lang.ClassCastException: android.os.BinderProxy cannot be cast to com.android.server.am.ActivityRecord$Token
06-06 17:45:14.832 W/ActivityManager( 1631): 	at com.android.server.am.ActivityRecord.forTokenLocked(ActivityRecord.java:586)
06-06 17:45:14.832 W/ActivityManager( 1631): 	at com.android.server.am.ActivityRecord.isInStackLocked(ActivityRecord.java:1327)
06-06 17:45:14.832 W/ActivityManager( 1631): 	at com.android.server.am.ActivityManagerService.getActivityOptions(ActivityManagerService.java:12559)
06-06 17:45:14.832 W/ActivityManager( 1631): 	at android.app.ActivityManagerNative.onTransact(ActivityManagerNative.java:1933)
06-06 17:45:14.832 W/ActivityManager( 1631): 	at com.android.server.am.ActivityManagerService.onTransact(ActivityManagerService.java:2757)
06-06 17:45:14.832 W/ActivityManager( 1631): 	at android.os.Binder.execTransact(Binder.java:565)
06-06 17:45:14.834 D/VehicleStatisticsActivity(16595): Checking recalculation ...
06-06 17:45:14.835 D/VehicleStatisticsActivity(16595): Recalculation not necessary.
06-06 17:45:14.970 I/System.out(16595): URI: //map
06-06 17:45:14.970 I/System.out(16595): params: {json={"query":"android.widget.AbsListView index:0","operation":{"method_name":"query","arguments":[]}}
06-06 17:45:14.970 I/System.out(16595): }
06-06 17:45:14.975 I/art     (16595): Do partial code cache collection, code=30KB, data=29KB
06-06 17:45:14.975 I/art     (16595): After code cache collection, code=29KB, data=28KB
06-06 17:45:14.975 I/art     (16595): Increasing code cache capacity to 128KB
06-06 17:45:14.988 I/System.out(16595): URI: //map
06-06 17:45:14.988 I/System.out(16595): params: {json={"query":"android.widget.AbsListView index:0","operation":{"method_name":"query","arguments":[]}}
06-06 17:45:14.988 I/System.out(16595): }
06-06 17:45:15.004 I/System.out(16595): URI: //map
06-06 17:45:15.004 I/System.out(16595): params: {json={"query":"android.widget.AbsListView index:0","operation":{"method_name":"query","arguments":[]}}
06-06 17:45:15.004 I/System.out(16595): }
06-06 17:45:15.022 I/System.out(16595): URI: //map
06-06 17:45:15.022 I/System.out(16595): params: {json={"query":"android.widget.AbsListView index:0","operation":{"method_name":"query","arguments":["getFirstVisiblePosition"]}}
06-06 17:45:15.022 I/System.out(16595): }
06-06 17:45:15.038 I/System.out(16595): URI: //map
06-06 17:45:15.038 I/System.out(16595): params: {json={"query":"android.widget.AbsListView index:0","operation":{"method_name":"query","arguments":["getLastVisiblePosition"]}}
06-06 17:45:15.038 I/System.out(16595): }
06-06 17:45:15.052 I/System.out(16595): URI: //map
06-06 17:45:15.052 I/System.out(16595): params: {json={"query":"android.widget.AbsListView index:0","operation":{"method_name":"query","arguments":[{"method_name":"setSelection","arguments":[26]}]}}
06-06 17:45:15.052 I/System.out(16595): }
06-06 17:45:15.072 I/System.out(16595): URI: //map
06-06 17:45:15.072 I/System.out(16595): params: {json={"query":"* marked:'Minimum cost per mi'","operation":{"method_name":"query","arguments":[]}}
06-06 17:45:15.072 I/System.out(16595): }
06-06 17:45:15.081 V/PhoneStatusBar( 1713): setLightsOn(true)
06-06 17:45:15.083 V/PhoneStatusBar( 1713): setLightsOn(true)
06-06 17:45:15.087 W/OpenGLRenderer( 2106): Incorrectly called buildLayer on View: ShortcutAndWidgetContainer, destroying layer...
06-06 17:45:15.098 V/PhoneStatusBar( 1713): setLightsOn(true)
06-06 17:45:15.115 I/WindowManager( 1631): Destroying surface Surface(name=com.android.launcher3/com.android.launcher3.Launcher) called by com.android.server.wm.WindowStateAnimator.destroySurface:2016 com.android.server.wm.WindowStateAnimator.destroySurfaceLocked:882 com.android.server.wm.WindowState.destroyOrSaveSurface:2100 com.android.server.wm.AppWindowToken.destroySurfaces:363 com.android.server.wm.AppWindowToken.notifyAppStopped:389 com.android.server.wm.WindowManagerService.notifyAppStopped:4463 com.android.server.am.ActivityStack.activityStoppedLocked:1252 com.android.server.am.ActivityManagerService.activityStopped:6903 
06-06 17:45:15.125 D/gralloc_ranchu( 1348): gralloc_alloc: Creating ashmem region of size 9023488
06-06 17:45:15.161 W/ResourceType(16595): No package identifier when getting name for resource number 0x00000001
06-06 17:45:15.173 I/System.out(16595): URI: //gesture
06-06 17:45:15.173 I/System.out(16595): params: {json={"query_timeout":5.0,"gestures":[{"query_string":"* marked:'Minimum cost per mi'","touches":[{"x":50,"y":50,"offset_x":0,"offset_y":0,"wait":0.0,"time":0.2,"release":true,"query_string":null}]}]}
06-06 17:45:15.173 I/System.out(16595): }
06-06 17:45:15.177 W/ResourceType(16595): No package identifier when getting name for resource number 0x00000001
06-06 17:45:15.410 I/System.out(16595): URI: //map
06-06 17:45:15.410 I/System.out(16595): params: {json={"query":"* {text CONTAINS[c] 'No chart for this statistic (yet!)'}","operation":{"method_name":"query","arguments":[]}}
06-06 17:45:15.410 I/System.out(16595): }
06-06 17:45:15.507 W/NotificationService( 1631): Object died trying to hide notification android.app.ITransientNotification$Stub$Proxy@9e4b54f in package com.evancharlton.mileage
06-06 17:45:15.584 V/PhoneStatusBar( 1713): setLightsOn(true)
06-06 17:45:15.598 V/PhoneStatusBar( 1713): setLightsOn(true)
06-06 17:45:15.614 D/gralloc_ranchu( 1348): gralloc_alloc: Creating ashmem region of size 327680
06-06 17:45:15.619 V/PhoneStatusBar( 1713): setLightsOn(true)
06-06 17:45:15.632 V/PhoneStatusBar( 1713): setLightsOn(true)
06-06 17:45:15.766 I/System.out(16595): URI: //map
06-06 17:45:15.766 I/System.out(16595): params: {json={"query":"* {text CONTAINS[c] 'No chart for this statistic (yet!)'}","operation":{"method_name":"query","arguments":[]}}
06-06 17:45:15.766 I/System.out(16595): }
