--------- beginning of main
06-05 23:01:30.517 D/EGL_emulation( 1712): eglMakeCurrent: 0xb0685360: ver 2 0 (tinfo 0xb06836c0)
06-05 23:01:30.517 V/PhoneStatusBar( 1712): setLightsOn(true)
06-05 23:01:30.519 D/EGL_emulation( 1698): eglMakeCurrent: 0xb0685060: ver 2 0 (tinfo 0xb0683b60)
06-05 23:01:30.520 D/EGL_emulation( 1712): eglMakeCurrent: 0xb0685360: ver 2 0 (tinfo 0xb06836c0)
06-05 23:01:30.534 V/PhoneStatusBar( 1712): setLightsOn(true)
06-05 23:01:30.550 V/PhoneStatusBar( 1712): setLightsOn(true)
--------- beginning of system
06-05 23:01:30.553 W/ActivityManager( 1631): Duplicate finish request for ActivityRecord{ceb8a01 u0 com.evancharlton.mileage/.Mileage t9038 f}
06-05 23:01:30.554 W/ActivityManager( 1631): Duplicate finish request for ActivityRecord{ceb8a01 u0 com.evancharlton.mileage/.Mileage t9038 f}
06-05 23:01:30.554 W/ActivityManager( 1631): Duplicate finish request for ActivityRecord{ceb8a01 u0 com.evancharlton.mileage/.Mileage t9038 f}
06-05 23:01:30.554 W/ActivityManager( 1631): Duplicate finish request for ActivityRecord{ceb8a01 u0 com.evancharlton.mileage/.Mileage t9038 f}
06-05 23:01:30.554 W/ActivityManager( 1631): Duplicate finish request for ActivityRecord{ceb8a01 u0 com.evancharlton.mileage/.Mileage t9038 f}
06-05 23:01:30.555 W/ActivityManager( 1631): Duplicate finish request for ActivityRecord{ea9aa63 u0 com.evancharlton.mileage/.VehicleTypeListActivity t9038 f}
06-05 23:01:30.559 W/ActivityManager( 1631): Finishing task with all activities already finished
06-05 23:01:30.559 W/ActivityManager( 1631): Duplicate finish request for ActivityRecord{22e508d u0 com.evancharlton.mileage/.VehicleTypeActivity t9038 f}
06-05 23:01:30.567 V/PhoneStatusBar( 1712): setLightsOn(true)
06-05 23:01:30.603 D/gralloc_ranchu( 1347): gralloc_alloc: Creating ashmem region of size 3145728
06-05 23:01:30.613 E/EGL_emulation( 1347): tid 1347: eglCreateSyncKHR(1901): error 0x3004 (EGL_BAD_ATTRIBUTE)
06-05 23:01:30.625 I/WindowManager( 1631): Destroying surface Surface(name=com.evancharlton.mileage/com.evancharlton.mileage.VehicleTypeListActivity) called by com.android.server.wm.WindowStateAnimator.destroySurface:2016 com.android.server.wm.WindowStateAnimator.destroySurfaceLocked:882 com.android.server.wm.WindowState.destroyOrSaveSurface:2100 com.android.server.wm.AppWindowToken.destroySurfaces:363 com.android.server.wm.WindowStateAnimator.finishExit:565 com.android.server.wm.AppWindowAnimator.stepAnimationLocked:427 com.android.server.wm.WindowAnimator.updateAppWindowsLocked:196 com.android.server.wm.WindowAnimator.animateLocked:678 
06-05 23:01:30.702 W/InputMethodService( 1698): Window size has been changed. This may cause jankiness of resizing window: -1 -> -2
06-05 23:01:30.708 W/IInputConnectionWrapper(14261): finishComposingText on inactive InputConnection
06-05 23:01:30.708 D/EGL_emulation( 2076): eglMakeCurrent: 0xb0685360: ver 2 0 (tinfo 0xb06836b0)
06-05 23:01:30.708 W/IInputConnectionWrapper(14261): reportFullscreenMode on inexistent InputConnection
06-05 23:01:30.708 W/IInputConnectionWrapper(14261): finishComposingText on inactive InputConnection
06-05 23:01:30.718 D/EGL_emulation( 1698): eglMakeCurrent: 0xb0685060: ver 2 0 (tinfo 0xb0683b60)
06-05 23:01:30.760 D/AndroidRuntime(14311): >>>>>> START com.android.internal.os.RuntimeInit uid 2000 <<<<<<
06-05 23:01:30.761 D/AndroidRuntime(14311): CheckJNI is ON
06-05 23:01:30.775 D/EGL_emulation( 1712): eglMakeCurrent: 0xb0685360: ver 2 0 (tinfo 0xb06836c0)
06-05 23:01:30.777 W/art     (14311): Unexpected CPU variant for X86 using defaults: x86
06-05 23:01:30.780 D/ICU     (14311): No timezone override file found: /data/misc/zoneinfo/current/icu/icu_tzdata.dat
06-05 23:01:30.790 E/memtrack(14311): Couldn't load memtrack module (No such file or directory)
06-05 23:01:30.790 E/android.os.Debug(14311): failed to load memtrack module: -2
06-05 23:01:30.790 I/Radio-JNI(14311): register_android_hardware_Radio DONE
06-05 23:01:30.795 D/AndroidRuntime(14311): Calling main entry com.android.commands.am.Am
06-05 23:01:30.796 I/ActivityManager( 1631): Force stopping com.evancharlton.mileage appid=10326 user=0: start instr
06-05 23:01:30.797 I/ActivityManager( 1631): Killing 14261:com.evancharlton.mileage/u0a326 (adj 0): stop com.evancharlton.mileage
06-05 23:01:30.797 D/ActivityManager( 1631): cleanUpApplicationRecord -- 14261
06-05 23:01:30.801 W/ActivityManager( 1631): Crash of app com.evancharlton.mileage running instrumentation ComponentInfo{com.evancharlton.mileage.test/sh.calaba.instrumentationbackend.CalabashInstrumentationTestRunner}
06-05 23:01:30.801 I/ActivityManager( 1631): Force stopping com.evancharlton.mileage appid=10326 user=0: finished inst
06-05 23:01:30.801 D/EGL_emulation( 1712): eglMakeCurrent: 0xb0685360: ver 2 0 (tinfo 0xb06836c0)
06-05 23:01:30.804 I/art     (14321): Not late-enabling -Xcheck:jni (already on)
06-05 23:01:30.804 W/art     (14321): Unexpected CPU variant for X86 using defaults: x86
06-05 23:01:30.812 I/ActivityManager( 1631): Start proc 14321:com.evancharlton.mileage/u0a326 for added application com.evancharlton.mileage
06-05 23:01:30.812 D/AndroidRuntime(14311): Shutting down VM
06-05 23:01:30.817 D/EGL_emulation( 1712): eglMakeCurrent: 0xb0685360: ver 2 0 (tinfo 0xb06836c0)
06-05 23:01:30.818 W/System  (14321): ClassLoader referenced unknown path: /data/app/com.evancharlton.mileage.test-1/lib/x86
06-05 23:01:30.818 W/System  (14321): ClassLoader referenced unknown path: /data/app/com.evancharlton.mileage-1/lib/x86
06-05 23:01:30.821 W/System  (14321): ClassLoader referenced unknown path: 
06-05 23:01:30.826 I/System.out(14321): Main activity name automatically set to: com.evancharlton.mileage.Mileage
06-05 23:01:30.826 I/System.out(14321): Calabash did not load Mono. This is only a problem if you are trying to test a Mono application
06-05 23:01:30.826 I/calabash(14321): Test server port: 7102
06-05 23:01:30.827 I/InstrumentationBackend(14321): Added:'GetPreferences', with key:'get_preferences'
06-05 23:01:30.832 I/InstrumentationBackend(14321): Added:'SetPreferences', with key:'set_preferences'
06-05 23:01:30.832 I/InstrumentationBackend(14321): Added:'ClearPreferences', with key:'clear_preferences'
06-05 23:01:30.832 I/InstrumentationBackend(14321): Added:'PressElement', with key:'press_l10n_element'
06-05 23:01:30.832 I/InstrumentationBackend(14321): Added:'WaitForElement', with key:'wait_for_l10n_element'
06-05 23:01:30.832 I/InstrumentationBackend(14321): Added:'NullAction', with key:'nullAction'
06-05 23:01:30.832 I/InstrumentationBackend(14321): Added:'PressKey', with key:'press_key'
06-05 23:01:30.832 I/InstrumentationBackend(14321): Added:'SetActivityOrientation', with key:'set_activity_orientation'
06-05 23:01:30.832 I/InstrumentationBackend(14321): Added:'GetActivityOrientation', with key:'get_activity_orientation'
06-05 23:01:30.832 I/InstrumentationBackend(14321): Added:'FakeGPSLocation', with key:'set_gps_coordinates'
06-05 23:01:30.832 I/InstrumentationBackend(14321): Added:'SetPropertyByCssSelector', with key:'set_property_by_css_selector'
06-05 23:01:30.832 I/InstrumentationBackend(14321): Added:'GetUrl', with key:'get_url'
06-05 23:01:30.833 I/InstrumentationBackend(14321): Added:'ScrollTo', with key:'scroll_to'
06-05 23:01:30.833 I/InstrumentationBackend(14321): Added:'GetLoadProgress', with key:'get_load_progress'
06-05 23:01:30.833 I/InstrumentationBackend(14321): Added:'DumpHtml', with key:'dump_html'
06-05 23:01:30.833 I/InstrumentationBackend(14321): Added:'DumpBodyHtml', with key:'dump_body_html'
06-05 23:01:30.833 I/InstrumentationBackend(14321): Added:'EnterTextByCssSelector', with key:'enter_text_by_selector'
06-05 23:01:30.833 W/InputDispatcher( 1631): channel 'ebc6889 com.evancharlton.mileage/com.evancharlton.mileage.VehicleTypeActivity (server)' ~ Consumer closed input channel or an error occurred.  events=0x9
06-05 23:01:30.833 E/InputDispatcher( 1631): channel 'ebc6889 com.evancharlton.mileage/com.evancharlton.mileage.VehicleTypeActivity (server)' ~ Channel is unrecoverably broken and will be disposed!
06-05 23:01:30.834 D/EGL_emulation( 1712): eglMakeCurrent: 0xb0685360: ver 2 0 (tinfo 0xb06836c0)
06-05 23:01:30.835 I/InstrumentationBackend(14321): Added:'AndroidSDKVersion', with key:'android_sdk_version'
06-05 23:01:30.835 I/InstrumentationBackend(14321): Added:'Version', with key:'version'
06-05 23:01:30.835 I/InstrumentationBackend(14321): Added:'Drag', with key:'drag'
06-05 23:01:30.835 I/InstrumentationBackend(14321): Added:'TouchCoordinates', with key:'touch_coordinate'
06-05 23:01:30.835 I/InstrumentationBackend(14321): Added:'LongPressCoordinate', with key:'long_press_coordinate'
06-05 23:01:30.835 I/InstrumentationBackend(14321): Added:'DragCoordinates', with key:'drag_coordinates'
06-05 23:01:30.835 I/InstrumentationBackend(14321): Added:'ResumeApplication', with key:'resume_application'
06-05 23:01:30.835 I/InstrumentationBackend(14321): Added:'Swipe', with key:'swipe'
06-05 23:01:30.835 I/InstrumentationBackend(14321): Added:'DoubleTapCoordinate', with key:'double_tap_coordinate'
06-05 23:01:30.835 I/InstrumentationBackend(14321): Added:'ClickOnScreen', with key:'click_on_screen'
06-05 23:01:30.835 I/InstrumentationBackend(14321): Added:'GetActivityName', with key:'get_activity_name'
06-05 23:01:30.836 I/InstrumentationBackend(14321): Added:'ScrollToView', with key:'scroll_to_view'
06-05 23:01:30.836 I/InstrumentationBackend(14321): Added:'ViewConfiguration', with key:'view_configuration'
06-05 23:01:30.836 I/InstrumentationBackend(14321): Added:'IsCurrentActivityFocused', with key:'is_current_activity_focused'
06-05 23:01:30.836 I/InstrumentationBackend(14321): Added:'SendTcp', with key:'send_tcp'
06-05 23:01:30.836 I/InstrumentationBackend(14321): Added:'DpToDevicePixel', with key:'dp_to_device_pixel'
06-05 23:01:30.836 I/InstrumentationBackend(14321): Added:'KeyboardEnterText', with key:'keyboard_enter_text'
06-05 23:01:30.836 I/InstrumentationBackend(14321): Added:'DeleteSurroundingText', with key:'delete_surrounding_text'
06-05 23:01:30.836 I/InstrumentationBackend(14321): Added:'SetComposingRegion', with key:'set_composing_region'
06-05 23:01:30.836 I/InstrumentationBackend(14321): Added:'SetSelection', with key:'set_selection'
06-05 23:01:30.836 I/InstrumentationBackend(14321): Added:'KeyboardKeyEvent', with key:'keyboard_key_event'
06-05 23:01:30.836 I/InstrumentationBackend(14321): Added:'PressUserActionButton', with key:'press_user_action_button'
06-05 23:01:30.836 I/InstrumentationBackend(14321): Added:'HideSoftKeyboard', with key:'hide_soft_keyboard'
06-05 23:01:30.836 I/InstrumentationBackend(14321): Added:'ListActions', with key:'list_actions'
06-05 23:01:30.836 I/calabash(14321): Instantiating http server at 7102
06-05 23:01:30.837 I/System.out(14321): HTTP Daemon listening on: 7102
06-05 23:01:30.848 D/EGL_emulation( 1712): eglMakeCurrent: 0xb0685360: ver 2 0 (tinfo 0xb06836c0)
06-05 23:01:30.850 D/EGL_emulation( 1712): eglMakeCurrent: 0xb0685360: ver 2 0 (tinfo 0xb06836c0)
06-05 23:01:30.850 I/WindowManager( 1631): WIN DEATH: Window{ebc6889 u0 com.evancharlton.mileage/com.evancharlton.mileage.VehicleTypeActivity EXITING}
06-05 23:01:30.850 W/InputDispatcher( 1631): Attempted to unregister already unregistered input channel 'ebc6889 com.evancharlton.mileage/com.evancharlton.mileage.VehicleTypeActivity (server)'
06-05 23:01:30.852 D/EGL_emulation( 1712): eglMakeCurrent: 0xb0685360: ver 2 0 (tinfo 0xb06836c0)
06-05 23:01:30.867 D/EGL_emulation( 1712): eglMakeCurrent: 0xb0685360: ver 2 0 (tinfo 0xb06836c0)
06-05 23:01:30.869 D/EGL_emulation( 1712): eglMakeCurrent: 0xb0685360: ver 2 0 (tinfo 0xb06836c0)
06-05 23:01:30.885 D/EGL_emulation( 1712): eglMakeCurrent: 0xb0685360: ver 2 0 (tinfo 0xb06836c0)
06-05 23:01:30.892 D/EGL_emulation( 1712): eglMakeCurrent: 0xb0685360: ver 2 0 (tinfo 0xb06836c0)
06-05 23:01:30.902 D/EGL_emulation( 1712): eglMakeCurrent: 0xb0685360: ver 2 0 (tinfo 0xb06836c0)
06-05 23:01:30.910 D/EGL_emulation( 1712): eglMakeCurrent: 0xb0685360: ver 2 0 (tinfo 0xb06836c0)
06-05 23:01:30.921 D/EGL_emulation( 1712): eglMakeCurrent: 0xb0685360: ver 2 0 (tinfo 0xb06836c0)
06-05 23:01:30.928 I/System.out(14321): URI: //ping
06-05 23:01:30.928 I/System.out(14321): params: {json={}
06-05 23:01:30.928 I/System.out(14321): }
06-05 23:01:30.936 D/EGL_emulation( 1712): eglMakeCurrent: 0xb0685360: ver 2 0 (tinfo 0xb06836c0)
06-05 23:01:30.937 I/WindowManager( 1631): Destroying surface Surface(name=InputMethod) called by com.android.server.wm.WindowStateAnimator.destroySurface:2016 com.android.server.wm.WindowStateAnimator.destroySurfaceLocked:882 com.android.server.wm.WindowState.destroyOrSaveSurface:2100 com.android.server.wm.WindowSurfacePlacer.performSurfacePlacementInner:429 com.android.server.wm.WindowSurfacePlacer.performSurfacePlacementLoop:232 com.android.server.wm.WindowSurfacePlacer.performSurfacePlacement:180 com.android.server.wm.WindowManagerService$H.handleMessage:8086 android.os.Handler.dispatchMessage:102 
06-05 23:01:30.938 I/System.out(14321): URI: //ping
06-05 23:01:30.939 I/System.out(14321): params: {json={}
06-05 23:01:30.939 I/System.out(14321): }
06-05 23:01:30.943 D/EGL_emulation( 1712): eglMakeCurrent: 0xb0685360: ver 2 0 (tinfo 0xb06836c0)
06-05 23:01:30.946 I/System.out(14321): URI: //ready
06-05 23:01:30.946 I/System.out(14321): params: {json={}
06-05 23:01:30.946 I/System.out(14321): }
06-05 23:01:30.952 D/EGL_emulation( 1712): eglMakeCurrent: 0xb0685360: ver 2 0 (tinfo 0xb06836c0)
06-05 23:01:30.954 I/System.out(14321): URI: //
06-05 23:01:30.955 I/System.out(14321): params: {json={"command":"version","arguments":[]}
06-05 23:01:30.955 I/System.out(14321): }
06-05 23:01:30.955 I/System.out(14321): header: {content-type=application/json;charset=utf-8, date=Sat, 06 Jun 2020 04:01:31 GMT, accept=*/*, host=127.0.0.1:34777, content-length=36, user-agent=HTTPClient/1.0 (2.8.3, ruby 2.5.1 (2018-03-29))}
06-05 23:01:30.955 I/System.out(14321): params: {json={"command":"version","arguments":[]}
06-05 23:01:30.955 I/System.out(14321): }
06-05 23:01:30.955 I/System.out(14321): ProP json = {"command":"version","arguments":[]}
06-05 23:01:30.955 I/System.out(14321): files: {}
06-05 23:01:30.955 I/System.out(14321): command: {"command":"version","arguments":[]}
06-05 23:01:30.961 D/EGL_emulation( 1712): eglMakeCurrent: 0xb0685360: ver 2 0 (tinfo 0xb06836c0)
06-05 23:01:30.968 D/EGL_emulation( 1712): eglMakeCurrent: 0xb0685360: ver 2 0 (tinfo 0xb06836c0)
06-05 23:01:30.969 I/InstrumentationBackend(14321): Got command:'Command:'Line:null,version', arguments:'[]'
06-05 23:01:30.974 D/EGL_emulation( 1712): eglMakeCurrent: 0xb0685360: ver 2 0 (tinfo 0xb06836c0)
06-05 23:01:30.986 D/EGL_emulation( 1712): eglMakeCurrent: 0xb0685360: ver 2 0 (tinfo 0xb06836c0)
06-05 23:01:30.994 D/EGL_emulation( 1712): eglMakeCurrent: 0xb0685360: ver 2 0 (tinfo 0xb06836c0)
06-05 23:01:30.999 I/System.out(14321): result:{"bonusInformation":[],"message":"0.9.8","success":true}
06-05 23:01:31.002 D/EGL_emulation( 1712): eglMakeCurrent: 0xb0685360: ver 2 0 (tinfo 0xb06836c0)
06-05 23:01:31.007 I/System.out(14321): URI: //start-application
06-05 23:01:31.008 I/System.out(14321): params: {json={"intent":null}
06-05 23:01:31.008 I/System.out(14321): }
06-05 23:01:31.051 I/ActivityManager( 1631): START u0 {act=android.intent.action.MAIN cat=[android.intent.category.LAUNCHER] flg=0x10200000 cmp=com.evancharlton.mileage/.Mileage} from uid 10326 on display 0
06-05 23:01:31.158 I/WindowManager( 1631): Destroying surface Surface(name=com.evancharlton.mileage/com.evancharlton.mileage.VehicleTypeActivity) called by com.android.server.wm.WindowStateAnimator.destroySurface:2016 com.android.server.wm.WindowStateAnimator.destroySurfaceLocked:882 com.android.server.wm.WindowState.removeLocked:1456 com.android.server.wm.WindowManagerService.removeWindowInnerLocked:2484 com.android.server.wm.AppWindowToken.destroySurfaces:365 com.android.server.wm.WindowStateAnimator.finishExit:565 com.android.server.wm.AppWindowAnimator.stepAnimationLocked:427 com.android.server.wm.WindowAnimator.updateAppWindowsLocked:196 
06-05 23:01:31.178 I/calabash(14321): newActivity1
06-05 23:01:31.183 D/gralloc_ranchu( 1347): gralloc_alloc: Creating ashmem region of size 9023488
06-05 23:01:31.217 W/OpenGLRenderer( 2076): Incorrectly called buildLayer on View: ShortcutAndWidgetContainer, destroying layer...
06-05 23:01:31.217 I/calabash(14321): newActivity1
06-05 23:01:31.220 W/ActivityManager( 1631): Bad activity token: android.os.BinderProxy@4871633
06-05 23:01:31.220 W/ActivityManager( 1631): java.lang.ClassCastException: android.os.BinderProxy cannot be cast to com.android.server.am.ActivityRecord$Token
06-05 23:01:31.220 W/ActivityManager( 1631): 	at com.android.server.am.ActivityRecord.forTokenLocked(ActivityRecord.java:586)
06-05 23:01:31.220 W/ActivityManager( 1631): 	at com.android.server.am.ActivityRecord.isInStackLocked(ActivityRecord.java:1327)
06-05 23:01:31.220 W/ActivityManager( 1631): 	at com.android.server.am.ActivityRecord.getStackLocked(ActivityRecord.java:1332)
06-05 23:01:31.220 W/ActivityManager( 1631): 	at com.android.server.am.ActivityManagerService.getActivityDisplayId(ActivityManagerService.java:9806)
06-05 23:01:31.220 W/ActivityManager( 1631): 	at android.app.ActivityManagerNative.onTransact(ActivityManagerNative.java:2566)
06-05 23:01:31.220 W/ActivityManager( 1631): 	at com.android.server.am.ActivityManagerService.onTransact(ActivityManagerService.java:2757)
06-05 23:01:31.220 W/ActivityManager( 1631): 	at android.os.Binder.execTransact(Binder.java:565)
06-05 23:01:31.223 W/ActivityManager( 1631): Bad activity token: android.os.BinderProxy@4871633
06-05 23:01:31.223 W/ActivityManager( 1631): java.lang.ClassCastException: android.os.BinderProxy cannot be cast to com.android.server.am.ActivityRecord$Token
06-05 23:01:31.223 W/ActivityManager( 1631): 	at com.android.server.am.ActivityRecord.forTokenLocked(ActivityRecord.java:586)
06-05 23:01:31.223 W/ActivityManager( 1631): 	at com.android.server.am.ActivityRecord.isInStackLocked(ActivityRecord.java:1327)
06-05 23:01:31.223 W/ActivityManager( 1631): 	at com.android.server.am.ActivityManagerService.setTaskDescription(ActivityManagerService.java:9358)
06-05 23:01:31.223 W/ActivityManager( 1631): 	at android.app.ActivityManagerNative.onTransact(ActivityManagerNative.java:2639)
06-05 23:01:31.223 W/ActivityManager( 1631): 	at com.android.server.am.ActivityManagerService.onTransact(ActivityManagerService.java:2757)
06-05 23:01:31.223 W/ActivityManager( 1631): 	at android.os.Binder.execTransact(Binder.java:565)
06-05 23:01:31.225 W/ActivityManager( 1631): Bad activity token: android.os.BinderProxy@4871633
06-05 23:01:31.225 W/ActivityManager( 1631): java.lang.ClassCastException: android.os.BinderProxy cannot be cast to com.android.server.am.ActivityRecord$Token
06-05 23:01:31.225 W/ActivityManager( 1631): 	at com.android.server.am.ActivityRecord.forTokenLocked(ActivityRecord.java:586)
06-05 23:01:31.225 W/ActivityManager( 1631): 	at com.android.server.am.ActivityRecord.isInStackLocked(ActivityRecord.java:1327)
06-05 23:01:31.225 W/ActivityManager( 1631): 	at com.android.server.am.ActivityRecord.getStackLocked(ActivityRecord.java:1332)
06-05 23:01:31.225 W/ActivityManager( 1631): 	at com.android.server.am.ActivityManagerService.getActivityStackId(ActivityManagerService.java:9817)
06-05 23:01:31.225 W/ActivityManager( 1631): 	at android.app.ActivityManagerNative.onTransact(ActivityManagerNative.java:2856)
06-05 23:01:31.225 W/ActivityManager( 1631): 	at com.android.server.am.ActivityManagerService.onTransact(ActivityManagerService.java:2757)
06-05 23:01:31.225 W/ActivityManager( 1631): 	at android.os.Binder.execTransact(Binder.java:565)
06-05 23:01:31.251 D/EGL_emulation( 1712): eglMakeCurrent: 0xb0685360: ver 2 0 (tinfo 0xb06836c0)
06-05 23:01:31.253 D/EGL_emulation( 2076): eglMakeCurrent: 0xb0685360: ver 2 0 (tinfo 0xb06836b0)
06-05 23:01:31.258 D/EGL_emulation( 1712): eglMakeCurrent: 0xb0685360: ver 2 0 (tinfo 0xb06836c0)
06-05 23:01:31.266 W/ActivityManager( 1631): Bad activity token: android.os.BinderProxy@4871633
06-05 23:01:31.266 W/ActivityManager( 1631): java.lang.ClassCastException: android.os.BinderProxy cannot be cast to com.android.server.am.ActivityRecord$Token
06-05 23:01:31.266 W/ActivityManager( 1631): 	at com.android.server.am.ActivityRecord.forTokenLocked(ActivityRecord.java:586)
06-05 23:01:31.266 W/ActivityManager( 1631): 	at com.android.server.am.ActivityRecord.isInStackLocked(ActivityRecord.java:1327)
06-05 23:01:31.266 W/ActivityManager( 1631): 	at com.android.server.am.ActivityManagerService.getActivityOptions(ActivityManagerService.java:12559)
06-05 23:01:31.266 W/ActivityManager( 1631): 	at android.app.ActivityManagerNative.onTransact(ActivityManagerNative.java:1933)
06-05 23:01:31.266 W/ActivityManager( 1631): 	at com.android.server.am.ActivityManagerService.onTransact(ActivityManagerService.java:2757)
06-05 23:01:31.266 W/ActivityManager( 1631): 	at android.os.Binder.execTransact(Binder.java:565)
06-05 23:01:31.267 W/ActivityManager( 1631): Bad activity token: android.os.BinderProxy@4871633
06-05 23:01:31.267 W/ActivityManager( 1631): java.lang.ClassCastException: android.os.BinderProxy cannot be cast to com.android.server.am.ActivityRecord$Token
06-05 23:01:31.267 W/ActivityManager( 1631): 	at com.android.server.am.ActivityRecord.forTokenLocked(ActivityRecord.java:586)
06-05 23:01:31.267 W/ActivityManager( 1631): 	at com.android.server.am.ActivityRecord.isInStackLocked(ActivityRecord.java:1327)
06-05 23:01:31.267 W/ActivityManager( 1631): 	at com.android.server.am.ActivityManagerService.getActivityOptions(ActivityManagerService.java:12559)
06-05 23:01:31.267 W/ActivityManager( 1631): 	at android.app.ActivityManagerNative.onTransact(ActivityManagerNative.java:1933)
06-05 23:01:31.267 W/ActivityManager( 1631): 	at com.android.server.am.ActivityManagerService.onTransact(ActivityManagerService.java:2757)
06-05 23:01:31.267 W/ActivityManager( 1631): 	at android.os.Binder.execTransact(Binder.java:565)
06-05 23:01:31.267 D/EGL_emulation( 1712): eglMakeCurrent: 0xb0685360: ver 2 0 (tinfo 0xb06836c0)
06-05 23:01:31.270 D/EGL_emulation( 1712): eglMakeCurrent: 0xb0685360: ver 2 0 (tinfo 0xb06836c0)
06-05 23:01:31.270 V/PhoneStatusBar( 1712): setLightsOn(true)
06-05 23:01:31.284 D/EGL_emulation( 1712): eglMakeCurrent: 0xb0685360: ver 2 0 (tinfo 0xb06836c0)
06-05 23:01:31.286 D/EGL_emulation( 1712): eglMakeCurrent: 0xb0685360: ver 2 0 (tinfo 0xb06836c0)
06-05 23:01:31.300 D/EGL_emulation( 1712): eglMakeCurrent: 0xb0685360: ver 2 0 (tinfo 0xb06836c0)
06-05 23:01:31.303 D/EGL_emulation( 1712): eglMakeCurrent: 0xb0685360: ver 2 0 (tinfo 0xb06836c0)
06-05 23:01:31.304 D/gralloc_ranchu( 1347): gralloc_alloc: Creating ashmem region of size 9023488
06-05 23:01:31.312 D/        (14321): HostConnection::get() New Host Connection established 0xa1235f80, tid 14321
06-05 23:01:31.349 D/EGL_emulation( 1712): eglMakeCurrent: 0xb0685360: ver 2 0 (tinfo 0xb06836c0)
06-05 23:01:31.351 D/EGL_emulation( 1712): eglMakeCurrent: 0xb0685360: ver 2 0 (tinfo 0xb06836c0)
06-05 23:01:31.352 V/PhoneStatusBar( 1712): setLightsOn(true)
06-05 23:01:31.353 D/EGL_emulation( 1712): eglMakeCurrent: 0xb0685360: ver 2 0 (tinfo 0xb06836c0)
06-05 23:01:31.355 D/EGL_emulation( 1712): eglMakeCurrent: 0xb0685360: ver 2 0 (tinfo 0xb06836c0)
06-05 23:01:31.367 D/EGL_emulation( 1712): eglMakeCurrent: 0xb0685360: ver 2 0 (tinfo 0xb06836c0)
06-05 23:01:31.370 D/EGL_emulation( 1712): eglMakeCurrent: 0xb0685360: ver 2 0 (tinfo 0xb06836c0)
06-05 23:01:31.384 D/EGL_emulation( 1712): eglMakeCurrent: 0xb0685360: ver 2 0 (tinfo 0xb06836c0)
06-05 23:01:31.386 D/EGL_emulation( 1712): eglMakeCurrent: 0xb0685360: ver 2 0 (tinfo 0xb06836c0)
06-05 23:01:31.400 D/gralloc_ranchu( 1347): gralloc_alloc: Creating ashmem region of size 9023488
06-05 23:01:31.400 I/ActivityManager( 1631): Displayed com.evancharlton.mileage/.Mileage: +243ms
06-05 23:01:31.400 D/EGL_emulation( 1712): eglMakeCurrent: 0xb0685360: ver 2 0 (tinfo 0xb06836c0)
06-05 23:01:31.414 D/EGL_emulation( 1712): eglMakeCurrent: 0xb0685360: ver 2 0 (tinfo 0xb06836c0)
06-05 23:01:31.417 D/EGL_emulation( 1712): eglMakeCurrent: 0xb0685360: ver 2 0 (tinfo 0xb06836c0)
06-05 23:01:31.426 D/EGL_emulation( 1712): eglMakeCurrent: 0xb0685360: ver 2 0 (tinfo 0xb06836c0)
06-05 23:01:31.438 D/EGL_emulation( 1712): eglMakeCurrent: 0xb0685360: ver 2 0 (tinfo 0xb06836c0)
06-05 23:01:31.440 D/EGL_emulation( 1712): eglMakeCurrent: 0xb0685360: ver 2 0 (tinfo 0xb06836c0)
06-05 23:01:31.441 V/PhoneStatusBar( 1712): setLightsOn(true)
06-05 23:01:31.451 D/EGL_emulation( 1712): eglMakeCurrent: 0xb0685360: ver 2 0 (tinfo 0xb06836c0)
06-05 23:01:31.453 D/EGL_emulation( 1712): eglMakeCurrent: 0xb0685360: ver 2 0 (tinfo 0xb06836c0)
06-05 23:01:31.456 I/System.out(14321): URI: //map
06-05 23:01:31.456 I/System.out(14321): params: {json={"query":"* marked:'Vehicles'","operation":{"method_name":"query","arguments":[]}}
06-05 23:01:31.456 I/System.out(14321): }
06-05 23:01:31.467 D/EGL_emulation( 1712): eglMakeCurrent: 0xb0685360: ver 2 0 (tinfo 0xb06836c0)
06-05 23:01:31.471 W/ResourceType(14321): No package identifier when getting name for resource number 0x00000001
06-05 23:01:31.486 I/System.out(14321): URI: //gesture
06-05 23:01:31.486 I/System.out(14321): params: {json={"query_timeout":5.0,"gestures":[{"query_string":"* marked:'Vehicles'","touches":[{"x":50,"y":50,"offset_x":0,"offset_y":0,"wait":0.0,"time":0.2,"release":true,"query_string":null}]}]}
06-05 23:01:31.486 I/System.out(14321): }
06-05 23:01:31.491 W/ResourceType(14321): No package identifier when getting name for resource number 0x00000001
06-05 23:01:31.600 I/WindowManager( 1631): Destroying surface Surface(name=Starting com.evancharlton.mileage) called by com.android.server.wm.WindowStateAnimator.destroySurface:2016 com.android.server.wm.WindowStateAnimator.destroySurfaceLocked:882 com.android.server.wm.WindowState.destroyOrSaveSurface:2100 com.android.server.wm.AppWindowToken.destroySurfaces:363 com.android.server.wm.WindowStateAnimator.finishExit:565 com.android.server.wm.WindowStateAnimator.stepAnimationLocked:491 com.android.server.wm.WindowAnimator.updateWindowsLocked:303 com.android.server.wm.WindowAnimator.animateLocked:704 
06-05 23:01:31.602 V/PhoneStatusBar( 1712): setLightsOn(true)
06-05 23:01:31.633 V/PhoneStatusBar( 1712): setLightsOn(true)
06-05 23:01:31.700 V/PhoneStatusBar( 1712): setLightsOn(true)
06-05 23:01:31.719 I/calabash(14321): newActivity1
06-05 23:01:31.719 W/ActivityManager( 1631): Bad activity token: android.os.BinderProxy@f3774d9
06-05 23:01:31.719 W/ActivityManager( 1631): java.lang.ClassCastException: android.os.BinderProxy cannot be cast to com.android.server.am.ActivityRecord$Token
06-05 23:01:31.719 W/ActivityManager( 1631): 	at com.android.server.am.ActivityRecord.forTokenLocked(ActivityRecord.java:586)
06-05 23:01:31.719 W/ActivityManager( 1631): 	at com.android.server.am.ActivityRecord.isInStackLocked(ActivityRecord.java:1327)
06-05 23:01:31.719 W/ActivityManager( 1631): 	at com.android.server.am.ActivityRecord.getStackLocked(ActivityRecord.java:1332)
06-05 23:01:31.719 W/ActivityManager( 1631): 	at com.android.server.am.ActivityManagerService.getActivityDisplayId(ActivityManagerService.java:9806)
06-05 23:01:31.719 W/ActivityManager( 1631): 	at android.app.ActivityManagerNative.onTransact(ActivityManagerNative.java:2566)
06-05 23:01:31.719 W/ActivityManager( 1631): 	at com.android.server.am.ActivityManagerService.onTransact(ActivityManagerService.java:2757)
06-05 23:01:31.719 W/ActivityManager( 1631): 	at android.os.Binder.execTransact(Binder.java:565)
06-05 23:01:31.720 W/ActivityManager( 1631): Bad activity token: android.os.BinderProxy@f3774d9
06-05 23:01:31.720 W/ActivityManager( 1631): java.lang.ClassCastException: android.os.BinderProxy cannot be cast to com.android.server.am.ActivityRecord$Token
06-05 23:01:31.720 W/ActivityManager( 1631): 	at com.android.server.am.ActivityRecord.forTokenLocked(ActivityRecord.java:586)
06-05 23:01:31.720 W/ActivityManager( 1631): 	at com.android.server.am.ActivityRecord.isInStackLocked(ActivityRecord.java:1327)
06-05 23:01:31.720 W/ActivityManager( 1631): 	at com.android.server.am.ActivityManagerService.setTaskDescription(ActivityManagerService.java:9358)
06-05 23:01:31.720 W/ActivityManager( 1631): 	at android.app.ActivityManagerNative.onTransact(ActivityManagerNative.java:2639)
06-05 23:01:31.720 W/ActivityManager( 1631): 	at com.android.server.am.ActivityManagerService.onTransact(ActivityManagerService.java:2757)
06-05 23:01:31.720 W/ActivityManager( 1631): 	at android.os.Binder.execTransact(Binder.java:565)
06-05 23:01:31.721 W/ActivityManager( 1631): Bad activity token: android.os.BinderProxy@f3774d9
06-05 23:01:31.721 W/ActivityManager( 1631): java.lang.ClassCastException: android.os.BinderProxy cannot be cast to com.android.server.am.ActivityRecord$Token
06-05 23:01:31.721 W/ActivityManager( 1631): 	at com.android.server.am.ActivityRecord.forTokenLocked(ActivityRecord.java:586)
06-05 23:01:31.721 W/ActivityManager( 1631): 	at com.android.server.am.ActivityRecord.isInStackLocked(ActivityRecord.java:1327)
06-05 23:01:31.721 W/ActivityManager( 1631): 	at com.android.server.am.ActivityRecord.getStackLocked(ActivityRecord.java:1332)
06-05 23:01:31.721 W/ActivityManager( 1631): 	at com.android.server.am.ActivityManagerService.getActivityStackId(ActivityManagerService.java:9817)
06-05 23:01:31.721 W/ActivityManager( 1631): 	at android.app.ActivityManagerNative.onTransact(ActivityManagerNative.java:2856)
06-05 23:01:31.721 W/ActivityManager( 1631): 	at com.android.server.am.ActivityManagerService.onTransact(ActivityManagerService.java:2757)
06-05 23:01:31.721 W/ActivityManager( 1631): 	at android.os.Binder.execTransact(Binder.java:565)
06-05 23:01:31.725 W/ActivityManager( 1631): Bad activity token: android.os.BinderProxy@f3774d9
06-05 23:01:31.725 W/ActivityManager( 1631): java.lang.ClassCastException: android.os.BinderProxy cannot be cast to com.android.server.am.ActivityRecord$Token
06-05 23:01:31.725 W/ActivityManager( 1631): 	at com.android.server.am.ActivityRecord.forTokenLocked(ActivityRecord.java:586)
06-05 23:01:31.725 W/ActivityManager( 1631): 	at com.android.server.am.ActivityRecord.isInStackLocked(ActivityRecord.java:1327)
06-05 23:01:31.725 W/ActivityManager( 1631): 	at com.android.server.am.ActivityManagerService.getActivityOptions(ActivityManagerService.java:12559)
06-05 23:01:31.725 W/ActivityManager( 1631): 	at android.app.ActivityManagerNative.onTransact(ActivityManagerNative.java:1933)
06-05 23:01:31.725 W/ActivityManager( 1631): 	at com.android.server.am.ActivityManagerService.onTransact(ActivityManagerService.java:2757)
06-05 23:01:31.725 W/ActivityManager( 1631): 	at android.os.Binder.execTransact(Binder.java:565)
06-05 23:01:31.725 W/ActivityManager( 1631): Bad activity token: android.os.BinderProxy@f3774d9
06-05 23:01:31.725 W/ActivityManager( 1631): java.lang.ClassCastException: android.os.BinderProxy cannot be cast to com.android.server.am.ActivityRecord$Token
06-05 23:01:31.725 W/ActivityManager( 1631): 	at com.android.server.am.ActivityRecord.forTokenLocked(ActivityRecord.java:586)
06-05 23:01:31.725 W/ActivityManager( 1631): 	at com.android.server.am.ActivityRecord.isInStackLocked(ActivityRecord.java:1327)
06-05 23:01:31.725 W/ActivityManager( 1631): 	at com.android.server.am.ActivityManagerService.getActivityOptions(ActivityManagerService.java:12559)
06-05 23:01:31.725 W/ActivityManager( 1631): 	at android.app.ActivityManagerNative.onTransact(ActivityManagerNative.java:1933)
06-05 23:01:31.725 W/ActivityManager( 1631): 	at com.android.server.am.ActivityManagerService.onTransact(ActivityManagerService.java:2757)
06-05 23:01:31.725 W/ActivityManager( 1631): 	at android.os.Binder.execTransact(Binder.java:565)
06-05 23:01:31.727 I/System.out(14321): URI: //map
06-05 23:01:31.727 I/System.out(14321): params: {json={"query":"* {text CONTAINS[c] 'Default vehicle'}","operation":{"method_name":"query","arguments":[]}}
06-05 23:01:31.727 I/System.out(14321): }
06-05 23:01:31.833 I/System.out(14321): URI: //map
06-05 23:01:31.833 I/System.out(14321): params: {json={"query":"* marked:'Default vehicle'","operation":{"method_name":"query","arguments":[]}}
06-05 23:01:31.833 I/System.out(14321): }
06-05 23:01:31.840 W/ResourceType(14321): No package identifier when getting name for resource number 0x00000001
06-05 23:01:31.850 I/art     (14321): Do partial code cache collection, code=30KB, data=30KB
06-05 23:01:31.850 I/art     (14321): After code cache collection, code=29KB, data=29KB
06-05 23:01:31.851 I/art     (14321): Increasing code cache capacity to 128KB
06-05 23:01:31.858 I/System.out(14321): URI: //gesture
06-05 23:01:31.858 I/System.out(14321): params: {json={"query_timeout":5.0,"gestures":[{"query_string":"* marked:'Default vehicle'","touches":[{"x":50,"y":50,"offset_x":0,"offset_y":0,"wait":0.0,"time":0.2,"release":true,"query_string":null}]}]}
06-05 23:01:31.858 I/System.out(14321): }
06-05 23:01:31.863 W/ResourceType(14321): No package identifier when getting name for resource number 0x00000001
06-05 23:01:32.000 V/PhoneStatusBar( 1712): setLightsOn(true)
06-05 23:01:32.001 V/PhoneStatusBar( 1712): setLightsOn(true)
06-05 23:01:32.017 I/WindowManager( 1631): Destroying surface Surface(name=com.android.launcher3/com.android.launcher3.Launcher) called by com.android.server.wm.WindowStateAnimator.destroySurface:2016 com.android.server.wm.WindowStateAnimator.destroySurfaceLocked:882 com.android.server.wm.WindowState.destroyOrSaveSurface:2100 com.android.server.wm.AppWindowToken.destroySurfaces:363 com.android.server.wm.AppWindowToken.notifyAppStopped:389 com.android.server.wm.WindowManagerService.notifyAppStopped:4463 com.android.server.am.ActivityStack.activityStoppedLocked:1252 com.android.server.am.ActivityManagerService.activityStopped:6903 
06-05 23:01:32.018 V/PhoneStatusBar( 1712): setLightsOn(true)
06-05 23:01:32.024 D/gralloc_ranchu( 1347): gralloc_alloc: Creating ashmem region of size 9023488
06-05 23:01:32.144 I/System.out(14321): URI: //map
06-05 23:01:32.144 I/System.out(14321): params: {json={"query":"* {text CONTAINS[c] 'Default vehicle'}","operation":{"method_name":"query","arguments":[]}}
06-05 23:01:32.144 I/System.out(14321): }
06-05 23:01:32.173 I/System.out(14321): URI: //map
06-05 23:01:32.173 I/System.out(14321): params: {json={"query":"* {text CONTAINS[c] '2010'}","operation":{"method_name":"query","arguments":[]}}
06-05 23:01:32.173 I/System.out(14321): }
06-05 23:01:32.198 I/ActivityManager( 1631): START u0 {cmp=com.evancharlton.mileage/.VehicleActivity (has extras)} from uid 10326 on display 0
06-05 23:01:32.199 V/PhoneStatusBar( 1712): setLightsOn(true)
06-05 23:01:32.200 V/PhoneStatusBar( 1712): setLightsOn(true)
06-05 23:01:32.235 I/calabash(14321): newActivity1
06-05 23:01:32.235 D/AndroidRuntime(14321): Shutting down VM
--------- beginning of crash
06-05 23:01:32.235 E/AndroidRuntime(14321): FATAL EXCEPTION: main
06-05 23:01:32.235 E/AndroidRuntime(14321): Process: com.evancharlton.mileage, PID: 14321
06-05 23:01:32.235 E/AndroidRuntime(14321): java.lang.VerifyError: Verifier rejected class com.evancharlton.mileage.VehicleActivity: void com.evancharlton.mileage.VehicleActivity.initUI(): [0xFFFFFFFF] register index out of range (9 >= 3) (declaration of 'com.evancharlton.mileage.VehicleActivity' appears in /data/app/com.evancharlton.mileage-1/base.apk)
06-05 23:01:32.235 E/AndroidRuntime(14321): 	at java.lang.Class.newInstance(Native Method)
06-05 23:01:32.235 E/AndroidRuntime(14321): 	at android.app.Instrumentation.newActivity(Instrumentation.java:1078)
06-05 23:01:32.235 E/AndroidRuntime(14321): 	at sh.calaba.instrumentationbackend.CalabashInstrumentation.newActivity(CalabashInstrumentation.java:52)
06-05 23:01:32.235 E/AndroidRuntime(14321): 	at android.app.ActivityThread.performLaunchActivity(ActivityThread.java:2538)
06-05 23:01:32.235 E/AndroidRuntime(14321): 	at android.app.ActivityThread.handleLaunchActivity(ActivityThread.java:2707)
06-05 23:01:32.235 E/AndroidRuntime(14321): 	at android.app.ActivityThread.-wrap12(ActivityThread.java)
06-05 23:01:32.235 E/AndroidRuntime(14321): 	at android.app.ActivityThread$H.handleMessage(ActivityThread.java:1460)
06-05 23:01:32.235 E/AndroidRuntime(14321): 	at android.os.Handler.dispatchMessage(Handler.java:102)
06-05 23:01:32.235 E/AndroidRuntime(14321): 	at android.os.Looper.loop(Looper.java:154)
06-05 23:01:32.235 E/AndroidRuntime(14321): 	at android.app.ActivityThread.main(ActivityThread.java:6077)
06-05 23:01:32.235 E/AndroidRuntime(14321): 	at java.lang.reflect.Method.invoke(Native Method)
06-05 23:01:32.235 E/AndroidRuntime(14321): 	at com.android.internal.os.ZygoteInit$MethodAndArgsCaller.run(ZygoteInit.java:866)
06-05 23:01:32.235 E/AndroidRuntime(14321): 	at com.android.internal.os.ZygoteInit.main(ZygoteInit.java:756)
06-05 23:01:32.236 I/Process (14321): Sending signal. PID: 14321 SIG: 9
06-05 23:01:32.283 W/InputDispatcher( 1631): channel 'bc8fb4 com.evancharlton.mileage/com.evancharlton.mileage.Mileage (server)' ~ Consumer closed input channel or an error occurred.  events=0x9
06-05 23:01:32.283 E/InputDispatcher( 1631): channel 'bc8fb4 com.evancharlton.mileage/com.evancharlton.mileage.Mileage (server)' ~ Channel is unrecoverably broken and will be disposed!
06-05 23:01:32.283 I/ActivityManager( 1631): Process com.evancharlton.mileage (pid 14321) has died
06-05 23:01:32.283 D/ActivityManager( 1631): cleanUpApplicationRecord -- 14321
06-05 23:01:32.284 I/WindowManager( 1631): WIN DEATH: Window{bc8fb4 u0 com.evancharlton.mileage/com.evancharlton.mileage.Mileage}
06-05 23:01:32.284 W/InputDispatcher( 1631): Attempted to unregister already unregistered input channel 'bc8fb4 com.evancharlton.mileage/com.evancharlton.mileage.Mileage (server)'
06-05 23:01:32.284 W/ActivityManager( 1631): Force removing ActivityRecord{dfd88b5 u0 com.evancharlton.mileage/.Mileage t9039}: app died, no saved state
06-05 23:01:32.284 I/WindowManager( 1631): Destroying surface Surface(name=com.evancharlton.mileage/com.evancharlton.mileage.Mileage) called by com.android.server.wm.WindowStateAnimator.destroySurface:2016 com.android.server.wm.WindowStateAnimator.destroySurfaceLocked:882 com.android.server.wm.WindowState.removeLocked:1456 com.android.server.wm.WindowManagerService.removeWindowInnerLocked:2484 com.android.server.wm.WindowManagerService.removeWindowLocked:2442 com.android.server.wm.WindowState$DeathRecipient.binderDied:1787 android.os.BinderProxy.sendDeathNotice:688 <bottom of call stack> 
06-05 23:01:32.284 W/ActivityManager( 1631): Crash of app com.evancharlton.mileage running instrumentation ComponentInfo{com.evancharlton.mileage.test/sh.calaba.instrumentationbackend.CalabashInstrumentationTestRunner}
06-05 23:01:32.284 I/ActivityManager( 1631): Force stopping com.evancharlton.mileage appid=10326 user=0: finished inst
06-05 23:01:32.285 I/ActivityManager( 1631):   Force finishing activity ActivityRecord{d41829b u0 com.evancharlton.mileage/.VehicleActivity t9039}
06-05 23:01:32.286 I/ActivityManager( 1631):   Force finishing activity ActivityRecord{d41829b u0 com.evancharlton.mileage/.VehicleActivity t9039 f}
06-05 23:01:32.286 W/ActivityManager( 1631): Duplicate finish request for ActivityRecord{d41829b u0 com.evancharlton.mileage/.VehicleActivity t9039 f}
06-05 23:01:32.335 D/EGL_emulation( 2076): eglMakeCurrent: 0xb0685360: ver 2 0 (tinfo 0xb06836b0)
06-05 23:01:32.335 D/EGL_emulation( 1712): eglMakeCurrent: 0xb0685360: ver 2 0 (tinfo 0xb06836c0)
06-05 23:01:32.350 D/EGL_emulation( 1712): eglMakeCurrent: 0xb0685360: ver 2 0 (tinfo 0xb06836c0)
06-05 23:01:32.372 D/EGL_emulation( 1712): eglMakeCurrent: 0xb0685360: ver 2 0 (tinfo 0xb06836c0)
06-05 23:01:32.385 D/EGL_emulation( 1712): eglMakeCurrent: 0xb0685360: ver 2 0 (tinfo 0xb06836c0)
06-05 23:01:32.393 D/EGL_emulation( 1712): eglMakeCurrent: 0xb0685360: ver 2 0 (tinfo 0xb06836c0)
06-05 23:01:32.402 D/EGL_emulation( 1712): eglMakeCurrent: 0xb0685360: ver 2 0 (tinfo 0xb06836c0)
06-05 23:01:32.407 D/EGL_emulation( 1712): eglMakeCurrent: 0xb0685360: ver 2 0 (tinfo 0xb06836c0)
06-05 23:01:32.418 D/EGL_emulation( 1712): eglMakeCurrent: 0xb0685360: ver 2 0 (tinfo 0xb06836c0)
06-05 23:01:32.424 D/EGL_emulation( 1712): eglMakeCurrent: 0xb0685360: ver 2 0 (tinfo 0xb06836c0)
06-05 23:01:32.435 D/EGL_emulation( 1712): eglMakeCurrent: 0xb0685360: ver 2 0 (tinfo 0xb06836c0)
06-05 23:01:32.442 D/EGL_emulation( 1712): eglMakeCurrent: 0xb0685360: ver 2 0 (tinfo 0xb06836c0)
06-05 23:01:32.452 D/EGL_emulation( 1712): eglMakeCurrent: 0xb0685360: ver 2 0 (tinfo 0xb06836c0)
06-05 23:01:32.458 D/EGL_emulation( 1712): eglMakeCurrent: 0xb0685360: ver 2 0 (tinfo 0xb06836c0)
06-05 23:01:32.468 D/EGL_emulation( 1712): eglMakeCurrent: 0xb0685360: ver 2 0 (tinfo 0xb06836c0)
06-05 23:01:32.475 D/EGL_emulation( 1712): eglMakeCurrent: 0xb0685360: ver 2 0 (tinfo 0xb06836c0)
06-05 23:01:32.485 D/EGL_emulation( 1712): eglMakeCurrent: 0xb0685360: ver 2 0 (tinfo 0xb06836c0)
06-05 23:01:32.491 D/EGL_emulation( 1712): eglMakeCurrent: 0xb0685360: ver 2 0 (tinfo 0xb06836c0)
06-05 23:01:32.502 D/EGL_emulation( 1712): eglMakeCurrent: 0xb0685360: ver 2 0 (tinfo 0xb06836c0)
06-05 23:01:32.508 D/EGL_emulation( 1712): eglMakeCurrent: 0xb0685360: ver 2 0 (tinfo 0xb06836c0)
06-05 23:01:32.518 D/EGL_emulation( 1712): eglMakeCurrent: 0xb0685360: ver 2 0 (tinfo 0xb06836c0)
06-05 23:01:32.524 D/EGL_emulation( 1712): eglMakeCurrent: 0xb0685360: ver 2 0 (tinfo 0xb06836c0)
06-05 23:01:32.535 D/EGL_emulation( 1712): eglMakeCurrent: 0xb0685360: ver 2 0 (tinfo 0xb06836c0)
06-05 23:01:32.541 D/EGL_emulation( 1712): eglMakeCurrent: 0xb0685360: ver 2 0 (tinfo 0xb06836c0)
06-05 23:01:32.554 D/EGL_emulation( 1712): eglMakeCurrent: 0xb0685360: ver 2 0 (tinfo 0xb06836c0)
06-05 23:01:32.568 D/EGL_emulation( 1712): eglMakeCurrent: 0xb0685360: ver 2 0 (tinfo 0xb06836c0)
06-05 23:01:32.571 D/EGL_emulation( 1712): eglMakeCurrent: 0xb0685360: ver 2 0 (tinfo 0xb06836c0)
06-05 23:01:32.653 E/SurfaceFlinger( 1347): ro.sf.lcd_density must be defined as a build property
06-05 23:01:32.653 D/gralloc_ranchu( 1347): gralloc_alloc: Creating ashmem region of size 9592832
06-05 23:01:32.662 D/        (14358): HostConnection::get() New Host Connection established 0xb5d1b2c0, tid 14358
06-05 23:01:32.666 E/EGL_emulation( 1347): tid 1347: eglCreateSyncKHR(1901): error 0x3004 (EGL_BAD_ATTRIBUTE)
06-05 23:01:32.850 W/OpenGLRenderer( 2076): Incorrectly called buildLayer on View: ShortcutAndWidgetContainer, destroying layer...
