--------- beginning of main
06-05 21:21:39.561 V/PhoneStatusBar( 1711): setLightsOn(true)
06-05 21:21:39.580 D/gralloc_ranchu( 1347): gralloc_alloc: Creating ashmem region of size 3145728
06-05 21:21:39.586 E/EGL_emulation( 1347): tid 1347: eglCreateSyncKHR(1901): error 0x3004 (EGL_BAD_ATTRIBUTE)
--------- beginning of system
06-05 21:21:39.600 W/ActivityManager( 1630): Finishing task with all activities already finished
06-05 21:21:39.600 W/ActivityManager( 1630): Duplicate finish request for ActivityRecord{c7d4654 u0 com.evancharlton.mileage/.Mileage t7505 f}
06-05 21:21:39.600 W/ActivityManager( 1630): Finishing task with all activities already finished
06-05 21:21:39.600 W/ActivityManager( 1630): Duplicate finish request for ActivityRecord{c7d4654 u0 com.evancharlton.mileage/.Mileage t7505 f}
06-05 21:21:39.600 W/ActivityManager( 1630): Finishing task with all activities already finished
06-05 21:21:39.600 W/ActivityManager( 1630): Duplicate finish request for ActivityRecord{c7d4654 u0 com.evancharlton.mileage/.Mileage t7505 f}
06-05 21:21:39.601 W/ActivityManager( 1630): Finishing task with all activities already finished
06-05 21:21:39.601 W/ActivityManager( 1630): Duplicate finish request for ActivityRecord{c7d4654 u0 com.evancharlton.mileage/.Mileage t7505 f}
06-05 21:21:39.601 W/ActivityManager( 1630): Finishing task with all activities already finished
06-05 21:21:39.601 W/ActivityManager( 1630): Duplicate finish request for ActivityRecord{c7d4654 u0 com.evancharlton.mileage/.Mileage t7505 f}
06-05 21:21:39.601 W/ActivityManager( 1630): Finishing task with all activities already finished
06-05 21:21:39.601 W/ActivityManager( 1630): Duplicate finish request for ActivityRecord{5e25652 u0 com.evancharlton.mileage/.charts.MinimumVolumeChart t7505 f}
06-05 21:21:39.601 W/ActivityManager( 1630): Finishing task with all activities already finished
06-05 21:21:39.601 W/ActivityManager( 1630): Duplicate finish request for ActivityRecord{5e25652 u0 com.evancharlton.mileage/.charts.MinimumVolumeChart t7505 f}
06-05 21:21:39.601 W/ActivityManager( 1630): Finishing task with all activities already finished
06-05 21:21:39.601 W/ActivityManager( 1630): Duplicate finish request for ActivityRecord{c7d4654 u0 com.evancharlton.mileage/.Mileage t7505 f}
06-05 21:21:39.601 W/ActivityManager( 1630): Finishing task with all activities already finished
06-05 21:21:39.601 W/ActivityManager( 1630): Duplicate finish request for ActivityRecord{c7d4654 u0 com.evancharlton.mileage/.Mileage t7505 f}
06-05 21:21:39.637 D/EGL_emulation( 1711): eglMakeCurrent: 0xb0f853c0: ver 2 0 (tinfo 0xb0f833e0)
06-05 21:21:39.644 D/EGL_emulation( 1711): eglMakeCurrent: 0xb0f853c0: ver 2 0 (tinfo 0xb0f833e0)
06-05 21:21:39.645 D/EGL_emulation( 2083): eglMakeCurrent: 0xb0f85240: ver 2 0 (tinfo 0xb0f832d0)
06-05 21:21:39.660 D/AndroidRuntime(10015): >>>>>> START com.android.internal.os.RuntimeInit uid 2000 <<<<<<
06-05 21:21:39.661 D/AndroidRuntime(10015): CheckJNI is ON
06-05 21:21:39.673 W/art     (10015): Unexpected CPU variant for X86 using defaults: x86
06-05 21:21:39.674 D/ICU     (10015): No timezone override file found: /data/misc/zoneinfo/current/icu/icu_tzdata.dat
06-05 21:21:39.679 D/EGL_emulation( 1711): eglMakeCurrent: 0xb0f853c0: ver 2 0 (tinfo 0xb0f833e0)
06-05 21:21:39.683 E/memtrack(10015): Couldn't load memtrack module (No such file or directory)
06-05 21:21:39.683 E/android.os.Debug(10015): failed to load memtrack module: -2
06-05 21:21:39.683 I/Radio-JNI(10015): register_android_hardware_Radio DONE
06-05 21:21:39.687 D/AndroidRuntime(10015): Calling main entry com.android.commands.am.Am
06-05 21:21:39.688 I/ActivityManager( 1630): Force stopping com.evancharlton.mileage appid=10286 user=0: start instr
06-05 21:21:39.688 I/ActivityManager( 1630): Killing 9964:com.evancharlton.mileage/u0a286 (adj 0): stop com.evancharlton.mileage
06-05 21:21:39.688 D/ActivityManager( 1630): cleanUpApplicationRecord -- 9964
06-05 21:21:39.689 I/WindowManager( 1630): Destroying surface Surface(name=com.evancharlton.mileage/com.evancharlton.mileage.charts.MinimumVolumeChart) called by com.android.server.wm.WindowStateAnimator.destroySurface:2016 com.android.server.wm.WindowStateAnimator.destroySurfaceLocked:882 com.android.server.wm.WindowState.removeLocked:1456 com.android.server.wm.WindowManagerService.removeWindowInnerLocked:2484 com.android.server.wm.WindowManagerService.removeWindowLocked:2442 com.android.server.wm.WindowManagerService.removeWindowLocked:2311 com.android.server.wm.AppWindowToken.removeAllWindows:530 com.android.server.wm.AppWindowToken.removeAppFromTaskLocked:326 
06-05 21:21:39.690 W/ActivityManager( 1630): Crash of app com.evancharlton.mileage running instrumentation ComponentInfo{com.evancharlton.mileage.test/sh.calaba.instrumentationbackend.CalabashInstrumentationTestRunner}
06-05 21:21:39.690 I/ActivityManager( 1630): Force stopping com.evancharlton.mileage appid=10286 user=0: finished inst
06-05 21:21:39.693 I/art     (10025): Not late-enabling -Xcheck:jni (already on)
06-05 21:21:39.694 W/art     (10025): Unexpected CPU variant for X86 using defaults: x86
06-05 21:21:39.694 D/EGL_emulation( 1711): eglMakeCurrent: 0xb0f853c0: ver 2 0 (tinfo 0xb0f833e0)
06-05 21:21:39.697 D/EGL_emulation( 1711): eglMakeCurrent: 0xb0f853c0: ver 2 0 (tinfo 0xb0f833e0)
06-05 21:21:39.701 I/ActivityManager( 1630): Start proc 10025:com.evancharlton.mileage/u0a286 for added application com.evancharlton.mileage
06-05 21:21:39.701 D/AndroidRuntime(10015): Shutting down VM
06-05 21:21:39.706 W/System  (10025): ClassLoader referenced unknown path: /data/app/com.evancharlton.mileage.test-1/lib/x86
06-05 21:21:39.706 W/System  (10025): ClassLoader referenced unknown path: /data/app/com.evancharlton.mileage-1/lib/x86
06-05 21:21:39.708 W/System  (10025): ClassLoader referenced unknown path: 
06-05 21:21:39.711 D/EGL_emulation( 1711): eglMakeCurrent: 0xb0f853c0: ver 2 0 (tinfo 0xb0f833e0)
06-05 21:21:39.713 D/EGL_emulation( 1711): eglMakeCurrent: 0xb0f853c0: ver 2 0 (tinfo 0xb0f833e0)
06-05 21:21:39.714 I/System.out(10025): Main activity name automatically set to: com.evancharlton.mileage.Mileage
06-05 21:21:39.714 I/System.out(10025): Calabash did not load Mono. This is only a problem if you are trying to test a Mono application
06-05 21:21:39.714 I/calabash(10025): Test server port: 7102
06-05 21:21:39.715 I/InstrumentationBackend(10025): Added:'GetPreferences', with key:'get_preferences'
06-05 21:21:39.719 I/InstrumentationBackend(10025): Added:'SetPreferences', with key:'set_preferences'
06-05 21:21:39.719 I/InstrumentationBackend(10025): Added:'ClearPreferences', with key:'clear_preferences'
06-05 21:21:39.719 I/InstrumentationBackend(10025): Added:'PressElement', with key:'press_l10n_element'
06-05 21:21:39.719 I/InstrumentationBackend(10025): Added:'WaitForElement', with key:'wait_for_l10n_element'
06-05 21:21:39.719 I/InstrumentationBackend(10025): Added:'NullAction', with key:'nullAction'
06-05 21:21:39.719 I/InstrumentationBackend(10025): Added:'PressKey', with key:'press_key'
06-05 21:21:39.719 I/InstrumentationBackend(10025): Added:'SetActivityOrientation', with key:'set_activity_orientation'
06-05 21:21:39.719 I/InstrumentationBackend(10025): Added:'GetActivityOrientation', with key:'get_activity_orientation'
06-05 21:21:39.719 I/InstrumentationBackend(10025): Added:'FakeGPSLocation', with key:'set_gps_coordinates'
06-05 21:21:39.719 I/InstrumentationBackend(10025): Added:'SetPropertyByCssSelector', with key:'set_property_by_css_selector'
06-05 21:21:39.719 I/InstrumentationBackend(10025): Added:'GetUrl', with key:'get_url'
06-05 21:21:39.720 I/InstrumentationBackend(10025): Added:'ScrollTo', with key:'scroll_to'
06-05 21:21:39.720 I/InstrumentationBackend(10025): Added:'GetLoadProgress', with key:'get_load_progress'
06-05 21:21:39.720 I/InstrumentationBackend(10025): Added:'DumpHtml', with key:'dump_html'
06-05 21:21:39.720 I/InstrumentationBackend(10025): Added:'DumpBodyHtml', with key:'dump_body_html'
06-05 21:21:39.720 I/InstrumentationBackend(10025): Added:'EnterTextByCssSelector', with key:'enter_text_by_selector'
06-05 21:21:39.721 I/InstrumentationBackend(10025): Added:'AndroidSDKVersion', with key:'android_sdk_version'
06-05 21:21:39.721 I/InstrumentationBackend(10025): Added:'Version', with key:'version'
06-05 21:21:39.721 I/InstrumentationBackend(10025): Added:'Drag', with key:'drag'
06-05 21:21:39.721 I/InstrumentationBackend(10025): Added:'TouchCoordinates', with key:'touch_coordinate'
06-05 21:21:39.721 I/InstrumentationBackend(10025): Added:'LongPressCoordinate', with key:'long_press_coordinate'
06-05 21:21:39.721 I/InstrumentationBackend(10025): Added:'DragCoordinates', with key:'drag_coordinates'
06-05 21:21:39.721 I/InstrumentationBackend(10025): Added:'ResumeApplication', with key:'resume_application'
06-05 21:21:39.721 I/InstrumentationBackend(10025): Added:'Swipe', with key:'swipe'
06-05 21:21:39.721 I/InstrumentationBackend(10025): Added:'DoubleTapCoordinate', with key:'double_tap_coordinate'
06-05 21:21:39.721 I/InstrumentationBackend(10025): Added:'ClickOnScreen', with key:'click_on_screen'
06-05 21:21:39.721 I/InstrumentationBackend(10025): Added:'GetActivityName', with key:'get_activity_name'
06-05 21:21:39.721 I/InstrumentationBackend(10025): Added:'ScrollToView', with key:'scroll_to_view'
06-05 21:21:39.721 I/InstrumentationBackend(10025): Added:'ViewConfiguration', with key:'view_configuration'
06-05 21:21:39.721 I/InstrumentationBackend(10025): Added:'IsCurrentActivityFocused', with key:'is_current_activity_focused'
06-05 21:21:39.721 I/InstrumentationBackend(10025): Added:'SendTcp', with key:'send_tcp'
06-05 21:21:39.721 I/InstrumentationBackend(10025): Added:'DpToDevicePixel', with key:'dp_to_device_pixel'
06-05 21:21:39.721 I/InstrumentationBackend(10025): Added:'KeyboardEnterText', with key:'keyboard_enter_text'
06-05 21:21:39.721 I/InstrumentationBackend(10025): Added:'DeleteSurroundingText', with key:'delete_surrounding_text'
06-05 21:21:39.721 I/InstrumentationBackend(10025): Added:'SetComposingRegion', with key:'set_composing_region'
06-05 21:21:39.721 I/InstrumentationBackend(10025): Added:'SetSelection', with key:'set_selection'
06-05 21:21:39.721 I/InstrumentationBackend(10025): Added:'KeyboardKeyEvent', with key:'keyboard_key_event'
06-05 21:21:39.722 I/InstrumentationBackend(10025): Added:'PressUserActionButton', with key:'press_user_action_button'
06-05 21:21:39.722 I/InstrumentationBackend(10025): Added:'HideSoftKeyboard', with key:'hide_soft_keyboard'
06-05 21:21:39.722 I/InstrumentationBackend(10025): Added:'ListActions', with key:'list_actions'
06-05 21:21:39.722 I/calabash(10025): Instantiating http server at 7102
06-05 21:21:39.723 I/System.out(10025): HTTP Daemon listening on: 7102
06-05 21:21:39.727 D/EGL_emulation( 1711): eglMakeCurrent: 0xb0f853c0: ver 2 0 (tinfo 0xb0f833e0)
06-05 21:21:39.729 D/EGL_emulation( 1711): eglMakeCurrent: 0xb0f853c0: ver 2 0 (tinfo 0xb0f833e0)
06-05 21:21:39.738 I/WindowManager( 1630): WIN DEATH: Window{1fccd8f u0 com.evancharlton.mileage/com.evancharlton.mileage.Mileage EXITING}
06-05 21:21:39.748 D/EGL_emulation( 1711): eglMakeCurrent: 0xb0f853c0: ver 2 0 (tinfo 0xb0f833e0)
06-05 21:21:39.753 D/EGL_emulation( 1711): eglMakeCurrent: 0xb0f853c0: ver 2 0 (tinfo 0xb0f833e0)
06-05 21:21:39.761 D/EGL_emulation( 1711): eglMakeCurrent: 0xb0f853c0: ver 2 0 (tinfo 0xb0f833e0)
06-05 21:21:39.763 D/EGL_emulation( 1711): eglMakeCurrent: 0xb0f853c0: ver 2 0 (tinfo 0xb0f833e0)
06-05 21:21:39.778 D/EGL_emulation( 1711): eglMakeCurrent: 0xb0f853c0: ver 2 0 (tinfo 0xb0f833e0)
06-05 21:21:39.779 D/EGL_emulation( 1711): eglMakeCurrent: 0xb0f853c0: ver 2 0 (tinfo 0xb0f833e0)
06-05 21:21:39.794 D/EGL_emulation( 1711): eglMakeCurrent: 0xb0f853c0: ver 2 0 (tinfo 0xb0f833e0)
06-05 21:21:39.797 D/EGL_emulation( 1711): eglMakeCurrent: 0xb0f853c0: ver 2 0 (tinfo 0xb0f833e0)
06-05 21:21:39.811 D/EGL_emulation( 1711): eglMakeCurrent: 0xb0f853c0: ver 2 0 (tinfo 0xb0f833e0)
06-05 21:21:39.812 I/System.out(10025): URI: //ping
06-05 21:21:39.812 I/System.out(10025): params: {json={}
06-05 21:21:39.812 I/System.out(10025): }
06-05 21:21:39.813 D/EGL_emulation( 1711): eglMakeCurrent: 0xb0f853c0: ver 2 0 (tinfo 0xb0f833e0)
06-05 21:21:39.814 I/System.out(10025): URI: //ping
06-05 21:21:39.814 I/System.out(10025): params: {json={}
06-05 21:21:39.814 I/System.out(10025): }
06-05 21:21:39.816 I/System.out(10025): URI: //ready
06-05 21:21:39.816 I/System.out(10025): params: {json={}
06-05 21:21:39.816 I/System.out(10025): }
06-05 21:21:39.818 I/System.out(10025): URI: //
06-05 21:21:39.818 I/System.out(10025): params: {json={"command":"version","arguments":[]}
06-05 21:21:39.818 I/System.out(10025): }
06-05 21:21:39.818 I/System.out(10025): header: {content-type=application/json;charset=utf-8, date=Sat, 06 Jun 2020 02:21:40 GMT, accept=*/*, host=127.0.0.1:34777, content-length=36, user-agent=HTTPClient/1.0 (2.8.3, ruby 2.5.1 (2018-03-29))}
06-05 21:21:39.818 I/System.out(10025): params: {json={"command":"version","arguments":[]}
06-05 21:21:39.818 I/System.out(10025): }
06-05 21:21:39.818 I/System.out(10025): ProP json = {"command":"version","arguments":[]}
06-05 21:21:39.818 I/System.out(10025): files: {}
06-05 21:21:39.818 I/System.out(10025): command: {"command":"version","arguments":[]}
06-05 21:21:39.821 I/InstrumentationBackend(10025): Got command:'Command:'Line:null,version', arguments:'[]'
06-05 21:21:39.828 D/EGL_emulation( 1711): eglMakeCurrent: 0xb0f853c0: ver 2 0 (tinfo 0xb0f833e0)
06-05 21:21:39.828 I/System.out(10025): result:{"bonusInformation":[],"message":"0.9.8","success":true}
06-05 21:21:39.830 D/EGL_emulation( 1711): eglMakeCurrent: 0xb0f853c0: ver 2 0 (tinfo 0xb0f833e0)
06-05 21:21:39.831 I/System.out(10025): URI: //start-application
06-05 21:21:39.831 I/System.out(10025): params: {json={"intent":null}
06-05 21:21:39.831 I/System.out(10025): }
06-05 21:21:39.841 I/ActivityManager( 1630): START u0 {act=android.intent.action.MAIN cat=[android.intent.category.LAUNCHER] flg=0x10200000 cmp=com.evancharlton.mileage/.Mileage} from uid 10286 on display 0
06-05 21:21:39.845 D/EGL_emulation( 1711): eglMakeCurrent: 0xb0f853c0: ver 2 0 (tinfo 0xb0f833e0)
06-05 21:21:39.848 I/calabash(10025): newActivity1
06-05 21:21:39.859 I/calabash(10025): newActivity1
06-05 21:21:39.861 D/EGL_emulation( 1711): eglMakeCurrent: 0xb0f853c0: ver 2 0 (tinfo 0xb0f833e0)
06-05 21:21:39.861 W/ActivityManager( 1630): Bad activity token: android.os.BinderProxy@1f5e25f
06-05 21:21:39.861 W/ActivityManager( 1630): java.lang.ClassCastException: android.os.BinderProxy cannot be cast to com.android.server.am.ActivityRecord$Token
06-05 21:21:39.861 W/ActivityManager( 1630): 	at com.android.server.am.ActivityRecord.forTokenLocked(ActivityRecord.java:586)
06-05 21:21:39.861 W/ActivityManager( 1630): 	at com.android.server.am.ActivityRecord.isInStackLocked(ActivityRecord.java:1327)
06-05 21:21:39.861 W/ActivityManager( 1630): 	at com.android.server.am.ActivityRecord.getStackLocked(ActivityRecord.java:1332)
06-05 21:21:39.861 W/ActivityManager( 1630): 	at com.android.server.am.ActivityManagerService.getActivityDisplayId(ActivityManagerService.java:9806)
06-05 21:21:39.861 W/ActivityManager( 1630): 	at android.app.ActivityManagerNative.onTransact(ActivityManagerNative.java:2566)
06-05 21:21:39.861 W/ActivityManager( 1630): 	at com.android.server.am.ActivityManagerService.onTransact(ActivityManagerService.java:2757)
06-05 21:21:39.861 W/ActivityManager( 1630): 	at android.os.Binder.execTransact(Binder.java:565)
06-05 21:21:39.861 D/gralloc_ranchu( 1347): gralloc_alloc: Creating ashmem region of size 9023488
06-05 21:21:39.863 W/ActivityManager( 1630): Bad activity token: android.os.BinderProxy@1f5e25f
06-05 21:21:39.863 W/ActivityManager( 1630): java.lang.ClassCastException: android.os.BinderProxy cannot be cast to com.android.server.am.ActivityRecord$Token
06-05 21:21:39.863 W/ActivityManager( 1630): 	at com.android.server.am.ActivityRecord.forTokenLocked(ActivityRecord.java:586)
06-05 21:21:39.863 W/ActivityManager( 1630): 	at com.android.server.am.ActivityRecord.isInStackLocked(ActivityRecord.java:1327)
06-05 21:21:39.863 W/ActivityManager( 1630): 	at com.android.server.am.ActivityManagerService.setTaskDescription(ActivityManagerService.java:9358)
06-05 21:21:39.863 W/ActivityManager( 1630): 	at android.app.ActivityManagerNative.onTransact(ActivityManagerNative.java:2639)
06-05 21:21:39.863 W/ActivityManager( 1630): 	at com.android.server.am.ActivityManagerService.onTransact(ActivityManagerService.java:2757)
06-05 21:21:39.863 W/ActivityManager( 1630): 	at android.os.Binder.execTransact(Binder.java:565)
06-05 21:21:39.864 W/ActivityManager( 1630): Bad activity token: android.os.BinderProxy@1f5e25f
06-05 21:21:39.864 W/ActivityManager( 1630): java.lang.ClassCastException: android.os.BinderProxy cannot be cast to com.android.server.am.ActivityRecord$Token
06-05 21:21:39.864 W/ActivityManager( 1630): 	at com.android.server.am.ActivityRecord.forTokenLocked(ActivityRecord.java:586)
06-05 21:21:39.864 W/ActivityManager( 1630): 	at com.android.server.am.ActivityRecord.isInStackLocked(ActivityRecord.java:1327)
06-05 21:21:39.864 W/ActivityManager( 1630): 	at com.android.server.am.ActivityRecord.getStackLocked(ActivityRecord.java:1332)
06-05 21:21:39.864 W/ActivityManager( 1630): 	at com.android.server.am.ActivityManagerService.getActivityStackId(ActivityManagerService.java:9817)
06-05 21:21:39.864 W/ActivityManager( 1630): 	at android.app.ActivityManagerNative.onTransact(ActivityManagerNative.java:2856)
06-05 21:21:39.864 W/ActivityManager( 1630): 	at com.android.server.am.ActivityManagerService.onTransact(ActivityManagerService.java:2757)
06-05 21:21:39.864 W/ActivityManager( 1630): 	at android.os.Binder.execTransact(Binder.java:565)
06-05 21:21:39.872 D/EGL_emulation( 1711): eglMakeCurrent: 0xb0f853c0: ver 2 0 (tinfo 0xb0f833e0)
06-05 21:21:39.887 W/ActivityManager( 1630): Bad activity token: android.os.BinderProxy@1f5e25f
06-05 21:21:39.887 W/ActivityManager( 1630): java.lang.ClassCastException: android.os.BinderProxy cannot be cast to com.android.server.am.ActivityRecord$Token
06-05 21:21:39.887 W/ActivityManager( 1630): 	at com.android.server.am.ActivityRecord.forTokenLocked(ActivityRecord.java:586)
06-05 21:21:39.887 W/ActivityManager( 1630): 	at com.android.server.am.ActivityRecord.isInStackLocked(ActivityRecord.java:1327)
06-05 21:21:39.887 W/ActivityManager( 1630): 	at com.android.server.am.ActivityManagerService.getActivityOptions(ActivityManagerService.java:12559)
06-05 21:21:39.887 W/ActivityManager( 1630): 	at android.app.ActivityManagerNative.onTransact(ActivityManagerNative.java:1933)
06-05 21:21:39.887 W/ActivityManager( 1630): 	at com.android.server.am.ActivityManagerService.onTransact(ActivityManagerService.java:2757)
06-05 21:21:39.887 W/ActivityManager( 1630): 	at android.os.Binder.execTransact(Binder.java:565)
06-05 21:21:39.887 W/ActivityManager( 1630): Bad activity token: android.os.BinderProxy@1f5e25f
06-05 21:21:39.887 W/ActivityManager( 1630): java.lang.ClassCastException: android.os.BinderProxy cannot be cast to com.android.server.am.ActivityRecord$Token
06-05 21:21:39.887 W/ActivityManager( 1630): 	at com.android.server.am.ActivityRecord.forTokenLocked(ActivityRecord.java:586)
06-05 21:21:39.887 W/ActivityManager( 1630): 	at com.android.server.am.ActivityRecord.isInStackLocked(ActivityRecord.java:1327)
06-05 21:21:39.887 W/ActivityManager( 1630): 	at com.android.server.am.ActivityManagerService.getActivityOptions(ActivityManagerService.java:12559)
06-05 21:21:39.887 W/ActivityManager( 1630): 	at android.app.ActivityManagerNative.onTransact(ActivityManagerNative.java:1933)
06-05 21:21:39.887 W/ActivityManager( 1630): 	at com.android.server.am.ActivityManagerService.onTransact(ActivityManagerService.java:2757)
06-05 21:21:39.887 W/ActivityManager( 1630): 	at android.os.Binder.execTransact(Binder.java:565)
06-05 21:21:39.928 D/gralloc_ranchu( 1347): gralloc_alloc: Creating ashmem region of size 9023488
06-05 21:21:39.928 V/PhoneStatusBar( 1711): setLightsOn(true)
06-05 21:21:39.936 D/EGL_emulation( 2083): eglMakeCurrent: 0xb0f85240: ver 2 0 (tinfo 0xb0f832d0)
06-05 21:21:39.936 D/        (10025): HostConnection::get() New Host Connection established 0xa4a94480, tid 10025
06-05 21:21:40.004 D/EGL_emulation( 1711): eglMakeCurrent: 0xb0f853c0: ver 2 0 (tinfo 0xb0f833e0)
06-05 21:21:40.006 D/EGL_emulation( 1711): eglMakeCurrent: 0xb0f853c0: ver 2 0 (tinfo 0xb0f833e0)
06-05 21:21:40.015 D/EGL_emulation( 1711): eglMakeCurrent: 0xb0f853c0: ver 2 0 (tinfo 0xb0f833e0)
06-05 21:21:40.016 V/PhoneStatusBar( 1711): setLightsOn(true)
06-05 21:21:40.018 D/EGL_emulation( 1711): eglMakeCurrent: 0xb0f853c0: ver 2 0 (tinfo 0xb0f833e0)
06-05 21:21:40.028 D/EGL_emulation( 1711): eglMakeCurrent: 0xb0f853c0: ver 2 0 (tinfo 0xb0f833e0)
06-05 21:21:40.030 D/EGL_emulation( 1711): eglMakeCurrent: 0xb0f853c0: ver 2 0 (tinfo 0xb0f833e0)
06-05 21:21:40.044 D/gralloc_ranchu( 1347): gralloc_alloc: Creating ashmem region of size 9023488
06-05 21:21:40.044 D/EGL_emulation( 1711): eglMakeCurrent: 0xb0f853c0: ver 2 0 (tinfo 0xb0f833e0)
06-05 21:21:40.044 I/ActivityManager( 1630): Displayed com.evancharlton.mileage/.Mileage: +200ms
06-05 21:21:40.056 D/EGL_emulation( 1711): eglMakeCurrent: 0xb0f853c0: ver 2 0 (tinfo 0xb0f833e0)
06-05 21:21:40.066 D/EGL_emulation( 1711): eglMakeCurrent: 0xb0f853c0: ver 2 0 (tinfo 0xb0f833e0)
06-05 21:21:40.067 D/EGL_emulation( 1711): eglMakeCurrent: 0xb0f853c0: ver 2 0 (tinfo 0xb0f833e0)
06-05 21:21:40.078 I/WindowManager( 1630): Destroying surface Surface(name=com.evancharlton.mileage/com.evancharlton.mileage.Mileage) called by com.android.server.wm.WindowStateAnimator.destroySurface:2016 com.android.server.wm.WindowStateAnimator.destroySurfaceLocked:882 com.android.server.wm.WindowState.removeLocked:1456 com.android.server.wm.WindowManagerService.removeWindowInnerLocked:2484 com.android.server.wm.AppWindowToken.destroySurfaces:365 com.android.server.wm.WindowStateAnimator.finishExit:565 com.android.server.wm.AppWindowAnimator.stepAnimationLocked:427 com.android.server.wm.WindowAnimator.updateAppWindowsLocked:196 
06-05 21:21:40.079 D/EGL_emulation( 1711): eglMakeCurrent: 0xb0f853c0: ver 2 0 (tinfo 0xb0f833e0)
06-05 21:21:40.080 D/EGL_emulation( 1711): eglMakeCurrent: 0xb0f853c0: ver 2 0 (tinfo 0xb0f833e0)
06-05 21:21:40.095 D/EGL_emulation( 1711): eglMakeCurrent: 0xb0f853c0: ver 2 0 (tinfo 0xb0f833e0)
06-05 21:21:40.098 V/PhoneStatusBar( 1711): setLightsOn(true)
06-05 21:21:40.099 D/EGL_emulation( 1711): eglMakeCurrent: 0xb0f853c0: ver 2 0 (tinfo 0xb0f833e0)
06-05 21:21:40.101 I/System.out(10025): URI: //map
06-05 21:21:40.101 I/System.out(10025): params: {json={"query":"* marked:'Statistics'","operation":{"method_name":"query","arguments":[]}}
06-05 21:21:40.101 I/System.out(10025): }
06-05 21:21:40.111 D/EGL_emulation( 1711): eglMakeCurrent: 0xb0f853c0: ver 2 0 (tinfo 0xb0f833e0)
06-05 21:21:40.112 W/ResourceType(10025): No package identifier when getting name for resource number 0x00000001
06-05 21:21:40.112 D/EGL_emulation( 1711): eglMakeCurrent: 0xb0f853c0: ver 2 0 (tinfo 0xb0f833e0)
06-05 21:21:40.125 I/System.out(10025): URI: //gesture
06-05 21:21:40.125 I/System.out(10025): params: {json={"query_timeout":5.0,"gestures":[{"query_string":"* marked:'Statistics'","touches":[{"x":50,"y":50,"offset_x":0,"offset_y":0,"wait":0.0,"time":0.2,"release":true,"query_string":null}]}]}
06-05 21:21:40.125 I/System.out(10025): }
06-05 21:21:40.127 D/EGL_emulation( 1711): eglMakeCurrent: 0xb0f853c0: ver 2 0 (tinfo 0xb0f833e0)
06-05 21:21:40.129 D/EGL_emulation( 1711): eglMakeCurrent: 0xb0f853c0: ver 2 0 (tinfo 0xb0f833e0)
06-05 21:21:40.129 W/ResourceType(10025): No package identifier when getting name for resource number 0x00000001
06-05 21:21:40.146 D/EGL_emulation( 1711): eglMakeCurrent: 0xb0f853c0: ver 2 0 (tinfo 0xb0f833e0)
06-05 21:21:40.163 D/EGL_emulation( 1711): eglMakeCurrent: 0xb0f853c0: ver 2 0 (tinfo 0xb0f833e0)
06-05 21:21:40.244 I/WindowManager( 1630): Destroying surface Surface(name=Starting com.evancharlton.mileage) called by com.android.server.wm.WindowStateAnimator.destroySurface:2016 com.android.server.wm.WindowStateAnimator.destroySurfaceLocked:882 com.android.server.wm.WindowState.destroyOrSaveSurface:2100 com.android.server.wm.AppWindowToken.destroySurfaces:363 com.android.server.wm.WindowStateAnimator.finishExit:565 com.android.server.wm.WindowStateAnimator.stepAnimationLocked:491 com.android.server.wm.WindowAnimator.updateWindowsLocked:303 com.android.server.wm.WindowAnimator.animateLocked:704 
06-05 21:21:40.261 V/PhoneStatusBar( 1711): setLightsOn(true)
06-05 21:21:40.294 V/PhoneStatusBar( 1711): setLightsOn(true)
06-05 21:21:40.368 I/calabash(10025): newActivity1
06-05 21:21:40.379 V/PhoneStatusBar( 1711): setLightsOn(true)
06-05 21:21:40.393 I/System.out(10025): URI: //map
06-05 21:21:40.393 I/System.out(10025): params: {json={"query":"android.widget.ScrollView index:0","operation":{"method_name":"query","arguments":[]}}
06-05 21:21:40.393 I/System.out(10025): }
06-05 21:21:40.401 W/ActivityManager( 1630): Bad activity token: android.os.BinderProxy@4345e5
06-05 21:21:40.401 W/ActivityManager( 1630): java.lang.ClassCastException: android.os.BinderProxy cannot be cast to com.android.server.am.ActivityRecord$Token
06-05 21:21:40.401 W/ActivityManager( 1630): 	at com.android.server.am.ActivityRecord.forTokenLocked(ActivityRecord.java:586)
06-05 21:21:40.401 W/ActivityManager( 1630): 	at com.android.server.am.ActivityRecord.isInStackLocked(ActivityRecord.java:1327)
06-05 21:21:40.401 W/ActivityManager( 1630): 	at com.android.server.am.ActivityRecord.getStackLocked(ActivityRecord.java:1332)
06-05 21:21:40.401 W/ActivityManager( 1630): 	at com.android.server.am.ActivityManagerService.getActivityDisplayId(ActivityManagerService.java:9806)
06-05 21:21:40.401 W/ActivityManager( 1630): 	at android.app.ActivityManagerNative.onTransact(ActivityManagerNative.java:2566)
06-05 21:21:40.401 W/ActivityManager( 1630): 	at com.android.server.am.ActivityManagerService.onTransact(ActivityManagerService.java:2757)
06-05 21:21:40.401 W/ActivityManager( 1630): 	at android.os.Binder.execTransact(Binder.java:565)
06-05 21:21:40.403 W/ActivityManager( 1630): Bad activity token: android.os.BinderProxy@4345e5
06-05 21:21:40.403 W/ActivityManager( 1630): java.lang.ClassCastException: android.os.BinderProxy cannot be cast to com.android.server.am.ActivityRecord$Token
06-05 21:21:40.403 W/ActivityManager( 1630): 	at com.android.server.am.ActivityRecord.forTokenLocked(ActivityRecord.java:586)
06-05 21:21:40.403 W/ActivityManager( 1630): 	at com.android.server.am.ActivityRecord.isInStackLocked(ActivityRecord.java:1327)
06-05 21:21:40.403 W/ActivityManager( 1630): 	at com.android.server.am.ActivityManagerService.setTaskDescription(ActivityManagerService.java:9358)
06-05 21:21:40.403 W/ActivityManager( 1630): 	at android.app.ActivityManagerNative.onTransact(ActivityManagerNative.java:2639)
06-05 21:21:40.403 W/ActivityManager( 1630): 	at com.android.server.am.ActivityManagerService.onTransact(ActivityManagerService.java:2757)
06-05 21:21:40.403 W/ActivityManager( 1630): 	at android.os.Binder.execTransact(Binder.java:565)
06-05 21:21:40.403 W/ActivityManager( 1630): Bad activity token: android.os.BinderProxy@4345e5
06-05 21:21:40.403 W/ActivityManager( 1630): java.lang.ClassCastException: android.os.BinderProxy cannot be cast to com.android.server.am.ActivityRecord$Token
06-05 21:21:40.403 W/ActivityManager( 1630): 	at com.android.server.am.ActivityRecord.forTokenLocked(ActivityRecord.java:586)
06-05 21:21:40.403 W/ActivityManager( 1630): 	at com.android.server.am.ActivityRecord.isInStackLocked(ActivityRecord.java:1327)
06-05 21:21:40.403 W/ActivityManager( 1630): 	at com.android.server.am.ActivityRecord.getStackLocked(ActivityRecord.java:1332)
06-05 21:21:40.403 W/ActivityManager( 1630): 	at com.android.server.am.ActivityManagerService.getActivityStackId(ActivityManagerService.java:9817)
06-05 21:21:40.403 W/ActivityManager( 1630): 	at android.app.ActivityManagerNative.onTransact(ActivityManagerNative.java:2856)
06-05 21:21:40.403 W/ActivityManager( 1630): 	at com.android.server.am.ActivityManagerService.onTransact(ActivityManagerService.java:2757)
06-05 21:21:40.403 W/ActivityManager( 1630): 	at android.os.Binder.execTransact(Binder.java:565)
06-05 21:21:40.409 D/VehicleStatisticsActivity(10025): Checking recalculation ...
06-05 21:21:40.410 D/VehicleStatisticsActivity(10025): Recalculation not necessary.
06-05 21:21:40.428 W/ActivityManager( 1630): Bad activity token: android.os.BinderProxy@4345e5
06-05 21:21:40.428 W/ActivityManager( 1630): java.lang.ClassCastException: android.os.BinderProxy cannot be cast to com.android.server.am.ActivityRecord$Token
06-05 21:21:40.428 W/ActivityManager( 1630): 	at com.android.server.am.ActivityRecord.forTokenLocked(ActivityRecord.java:586)
06-05 21:21:40.428 W/ActivityManager( 1630): 	at com.android.server.am.ActivityRecord.isInStackLocked(ActivityRecord.java:1327)
06-05 21:21:40.428 W/ActivityManager( 1630): 	at com.android.server.am.ActivityManagerService.getActivityOptions(ActivityManagerService.java:12559)
06-05 21:21:40.428 W/ActivityManager( 1630): 	at android.app.ActivityManagerNative.onTransact(ActivityManagerNative.java:1933)
06-05 21:21:40.428 W/ActivityManager( 1630): 	at com.android.server.am.ActivityManagerService.onTransact(ActivityManagerService.java:2757)
06-05 21:21:40.428 W/ActivityManager( 1630): 	at android.os.Binder.execTransact(Binder.java:565)
06-05 21:21:40.428 W/ActivityManager( 1630): Bad activity token: android.os.BinderProxy@4345e5
06-05 21:21:40.428 W/ActivityManager( 1630): java.lang.ClassCastException: android.os.BinderProxy cannot be cast to com.android.server.am.ActivityRecord$Token
06-05 21:21:40.428 W/ActivityManager( 1630): 	at com.android.server.am.ActivityRecord.forTokenLocked(ActivityRecord.java:586)
06-05 21:21:40.428 W/ActivityManager( 1630): 	at com.android.server.am.ActivityRecord.isInStackLocked(ActivityRecord.java:1327)
06-05 21:21:40.428 W/ActivityManager( 1630): 	at com.android.server.am.ActivityManagerService.getActivityOptions(ActivityManagerService.java:12559)
06-05 21:21:40.428 W/ActivityManager( 1630): 	at android.app.ActivityManagerNative.onTransact(ActivityManagerNative.java:1933)
06-05 21:21:40.428 W/ActivityManager( 1630): 	at com.android.server.am.ActivityManagerService.onTransact(ActivityManagerService.java:2757)
06-05 21:21:40.428 W/ActivityManager( 1630): 	at android.os.Binder.execTransact(Binder.java:565)
06-05 21:21:40.430 D/VehicleStatisticsActivity(10025): Checking recalculation ...
06-05 21:21:40.430 D/VehicleStatisticsActivity(10025): Recalculation not necessary.
06-05 21:21:40.552 I/System.out(10025): URI: //map
06-05 21:21:40.552 I/System.out(10025): params: {json={"query":"android.widget.AbsListView index:0","operation":{"method_name":"query","arguments":[]}}
06-05 21:21:40.552 I/System.out(10025): }
06-05 21:21:40.560 I/art     (10025): Do partial code cache collection, code=30KB, data=29KB
06-05 21:21:40.560 I/art     (10025): After code cache collection, code=29KB, data=28KB
06-05 21:21:40.561 I/art     (10025): Increasing code cache capacity to 128KB
06-05 21:21:40.575 I/System.out(10025): URI: //map
06-05 21:21:40.575 I/System.out(10025): params: {json={"query":"android.widget.AbsListView index:0","operation":{"method_name":"query","arguments":[]}}
06-05 21:21:40.575 I/System.out(10025): }
06-05 21:21:40.598 I/System.out(10025): URI: //map
06-05 21:21:40.598 I/System.out(10025): params: {json={"query":"android.widget.AbsListView index:0","operation":{"method_name":"query","arguments":[]}}
06-05 21:21:40.598 I/System.out(10025): }
06-05 21:21:40.614 I/System.out(10025): URI: //map
06-05 21:21:40.614 I/System.out(10025): params: {json={"query":"android.widget.AbsListView index:0","operation":{"method_name":"query","arguments":["getFirstVisiblePosition"]}}
06-05 21:21:40.614 I/System.out(10025): }
06-05 21:21:40.626 I/System.out(10025): URI: //map
06-05 21:21:40.626 I/System.out(10025): params: {json={"query":"android.widget.AbsListView index:0","operation":{"method_name":"query","arguments":["getLastVisiblePosition"]}}
06-05 21:21:40.626 I/System.out(10025): }
06-05 21:21:40.638 I/System.out(10025): URI: //map
06-05 21:21:40.639 I/System.out(10025): params: {json={"query":"android.widget.AbsListView index:0","operation":{"method_name":"query","arguments":[{"method_name":"setSelection","arguments":[26]}]}}
06-05 21:21:40.639 I/System.out(10025): }
06-05 21:21:40.658 I/System.out(10025): URI: //map
06-05 21:21:40.658 I/System.out(10025): params: {json={"query":"* marked:'Largest fillup'","operation":{"method_name":"query","arguments":[]}}
06-05 21:21:40.658 I/System.out(10025): }
06-05 21:21:40.661 V/PhoneStatusBar( 1711): setLightsOn(true)
06-05 21:21:40.662 V/PhoneStatusBar( 1711): setLightsOn(true)
06-05 21:21:40.663 W/OpenGLRenderer( 2083): Incorrectly called buildLayer on View: ShortcutAndWidgetContainer, destroying layer...
06-05 21:21:40.678 V/PhoneStatusBar( 1711): setLightsOn(true)
06-05 21:21:40.679 I/WindowManager( 1630): Destroying surface Surface(name=com.android.launcher3/com.android.launcher3.Launcher) called by com.android.server.wm.WindowStateAnimator.destroySurface:2016 com.android.server.wm.WindowStateAnimator.destroySurfaceLocked:882 com.android.server.wm.WindowState.destroyOrSaveSurface:2100 com.android.server.wm.AppWindowToken.destroySurfaces:363 com.android.server.wm.AppWindowToken.notifyAppStopped:389 com.android.server.wm.WindowManagerService.notifyAppStopped:4463 com.android.server.am.ActivityStack.activityStoppedLocked:1252 com.android.server.am.ActivityManagerService.activityStopped:6903 
06-05 21:21:40.707 D/gralloc_ranchu( 1347): gralloc_alloc: Creating ashmem region of size 9023488
06-05 21:21:40.752 W/ResourceType(10025): No package identifier when getting name for resource number 0x00000001
06-05 21:21:40.764 I/System.out(10025): URI: //gesture
06-05 21:21:40.764 I/System.out(10025): params: {json={"query_timeout":5.0,"gestures":[{"query_string":"* marked:'Largest fillup'","touches":[{"x":50,"y":50,"offset_x":0,"offset_y":0,"wait":0.0,"time":0.2,"release":true,"query_string":null}]}]}
06-05 21:21:40.764 I/System.out(10025): }
06-05 21:21:40.768 W/ResourceType(10025): No package identifier when getting name for resource number 0x00000001
06-05 21:21:40.997 I/ActivityManager( 1630): START u0 {cmp=com.evancharlton.mileage/.charts.MaximumVolumeChart (has extras)} from uid 10286 on display 0
06-05 21:21:41.001 V/PhoneStatusBar( 1711): setLightsOn(true)
06-05 21:21:41.003 V/PhoneStatusBar( 1711): setLightsOn(true)
06-05 21:21:41.031 I/System.out(10025): URI: //map
06-05 21:21:41.031 I/System.out(10025): params: {json={"query":"* {text CONTAINS[c] 'Largest fillup size'}","operation":{"method_name":"query","arguments":[]}}
06-05 21:21:41.031 I/System.out(10025): }
06-05 21:21:41.062 I/calabash(10025): newActivity1
06-05 21:21:41.066 W/aiCharts(10025): License file is invalid or missing. 
06-05 21:21:41.066 W/aiCharts(10025): Please place proper license.lic to /assets folder.
06-05 21:21:41.078 V/PhoneStatusBar( 1711): setLightsOn(true)
06-05 21:21:41.111 V/PhoneStatusBar( 1711): setLightsOn(true)
06-05 21:21:41.116 I/WindowManager( 1630): Destroying surface Surface(name=Creating chart…) called by com.android.server.wm.WindowStateAnimator.destroySurface:2016 com.android.server.wm.WindowStateAnimator.destroySurfaceLocked:882 com.android.server.wm.WindowState.removeLocked:1456 com.android.server.wm.WindowManagerService.removeWindowInnerLocked:2484 com.android.server.wm.WindowManagerService.removeWindowLocked:2442 com.android.server.wm.WindowManagerService.removeWindowLocked:2311 com.android.server.wm.WindowManagerService.removeWindow:2306 com.android.server.wm.Session.remove:202 
06-05 21:21:41.119 D/gralloc_ranchu( 1347): gralloc_alloc: Creating ashmem region of size 9023488
06-05 21:21:41.127 V/PhoneStatusBar( 1711): setLightsOn(true)
06-05 21:21:41.144 V/PhoneStatusBar( 1711): setLightsOn(true)
06-05 21:21:41.161 I/ActivityManager( 1630): Displayed com.evancharlton.mileage/.charts.MaximumVolumeChart: +102ms
06-05 21:21:41.161 V/PhoneStatusBar( 1711): setLightsOn(true)
06-05 21:21:41.178 V/PhoneStatusBar( 1711): setLightsOn(true)
06-05 21:21:41.210 V/PhoneStatusBar( 1711): setLightsOn(true)
06-05 21:21:41.381 V/PhoneStatusBar( 1711): setLightsOn(true)
06-05 21:21:41.395 I/System.out(10025): URI: //map
06-05 21:21:41.395 I/System.out(10025): params: {json={"query":"* {text CONTAINS[c] 'Largest fillup size'}","operation":{"method_name":"query","arguments":[]}}
06-05 21:21:41.395 I/System.out(10025): }
06-05 21:21:41.424 I/System.out(10025): URI: //
06-05 21:21:41.424 I/System.out(10025): params: {json={"command":"press_key","arguments":["KEYCODE_BACK"]}
06-05 21:21:41.424 I/System.out(10025): }
06-05 21:21:41.424 I/System.out(10025): header: {content-type=application/json;charset=utf-8, date=Sat, 06 Jun 2020 02:21:41 GMT, accept=*/*, host=127.0.0.1:34777, content-length=52, user-agent=HTTPClient/1.0 (2.8.3, ruby 2.5.1 (2018-03-29))}
06-05 21:21:41.424 I/System.out(10025): params: {json={"command":"press_key","arguments":["KEYCODE_BACK"]}
06-05 21:21:41.424 I/System.out(10025): }
06-05 21:21:41.424 I/System.out(10025): ProP json = {"command":"press_key","arguments":["KEYCODE_BACK"]}
06-05 21:21:41.424 I/System.out(10025): files: {}
06-05 21:21:41.424 I/System.out(10025): command: {"command":"press_key","arguments":["KEYCODE_BACK"]}
06-05 21:21:41.425 I/InstrumentationBackend(10025): Got command:'Command:'Line:null,press_key', arguments:'[KEYCODE_BACK]'
06-05 21:21:41.428 V/PhoneStatusBar( 1711): setLightsOn(true)
06-05 21:21:41.430 V/PhoneStatusBar( 1711): setLightsOn(true)
06-05 21:21:41.432 I/art     (10025): Do partial code cache collection, code=60KB, data=62KB
06-05 21:21:41.433 I/art     (10025): After code cache collection, code=60KB, data=61KB
06-05 21:21:41.433 I/art     (10025): Increasing code cache capacity to 256KB
06-05 21:21:41.433 D/VehicleStatisticsActivity(10025): Checking recalculation ...
06-05 21:21:41.433 I/System.out(10025): result:{"bonusInformation":[],"message":"","success":true}
06-05 21:21:41.434 D/VehicleStatisticsActivity(10025): Recalculation not necessary.
06-05 21:21:41.436 I/System.out(10025): URI: //map
06-05 21:21:41.436 I/System.out(10025): params: {json={"query":"* {text CONTAINS[c] 'Statistics'}","operation":{"method_name":"query","arguments":[]}}
06-05 21:21:41.436 I/System.out(10025): }
06-05 21:21:41.444 V/PhoneStatusBar( 1711): setLightsOn(true)
06-05 21:21:41.461 D/gralloc_ranchu( 1347): gralloc_alloc: Creating ashmem region of size 9023488
06-05 21:21:41.463 V/PhoneStatusBar( 1711): setLightsOn(true)
06-05 21:21:41.479 V/PhoneStatusBar( 1711): setLightsOn(true)
06-05 21:21:41.562 V/PhoneStatusBar( 1711): setLightsOn(true)
