--------- beginning of system
06-06 03:17:23.955 W/ActivityManager( 1630): Duplicate finish request for ActivityRecord{ee56105 u0 com.evancharlton.mileage/.Mileage t12697 f}
06-06 03:17:23.955 W/ActivityManager( 1630): Duplicate finish request for ActivityRecord{ee56105 u0 com.evancharlton.mileage/.Mileage t12697 f}
06-06 03:17:23.955 W/ActivityManager( 1630): Duplicate finish request for ActivityRecord{ee56105 u0 com.evancharlton.mileage/.Mileage t12697 f}
06-06 03:17:23.955 W/ActivityManager( 1630): Duplicate finish request for ActivityRecord{ee56105 u0 com.evancharlton.mileage/.Mileage t12697 f}
06-06 03:17:23.955 W/ActivityManager( 1630): Duplicate finish request for ActivityRecord{ee56105 u0 com.evancharlton.mileage/.Mileage t12697 f}
--------- beginning of main
06-06 03:17:23.957 V/PhoneStatusBar( 1711): setLightsOn(true)
06-06 03:17:23.959 V/PhoneStatusBar( 1711): setLightsOn(true)
06-06 03:17:23.959 V/PhoneStatusBar( 1711): setLightsOn(true)
06-06 03:17:23.965 D/gralloc_ranchu( 1347): gralloc_alloc: Creating ashmem region of size 3145728
06-06 03:17:23.970 E/EGL_emulation( 1347): tid 1347: eglCreateSyncKHR(1901): error 0x3004 (EGL_BAD_ATTRIBUTE)
06-06 03:17:23.981 W/ActivityManager( 1630): Finishing task with all activities already finished
06-06 03:17:23.981 W/ActivityManager( 1630): Duplicate finish request for ActivityRecord{2962686 u0 com.evancharlton.mileage/.VehicleTypeListActivity t12697 f}
06-06 03:17:24.015 D/EGL_emulation( 1711): eglMakeCurrent: 0xa7985720: ver 2 0 (tinfo 0xa7983770)
06-06 03:17:24.016 D/EGL_emulation( 2078): eglMakeCurrent: 0x9852d440: ver 2 0 (tinfo 0xa3d30310)
06-06 03:17:24.031 D/EGL_emulation( 1711): eglMakeCurrent: 0xa7985720: ver 2 0 (tinfo 0xa7983770)
06-06 03:17:24.048 D/EGL_emulation( 1711): eglMakeCurrent: 0xa7985720: ver 2 0 (tinfo 0xa7983770)
06-06 03:17:24.064 D/EGL_emulation( 1711): eglMakeCurrent: 0xa7985720: ver 2 0 (tinfo 0xa7983770)
06-06 03:17:24.066 D/EGL_emulation( 1711): eglMakeCurrent: 0xa7985720: ver 2 0 (tinfo 0xa7983770)
06-06 03:17:24.080 D/EGL_emulation( 1711): eglMakeCurrent: 0xa7985720: ver 2 0 (tinfo 0xa7983770)
06-06 03:17:24.082 D/EGL_emulation( 1711): eglMakeCurrent: 0xa7985720: ver 2 0 (tinfo 0xa7983770)
06-06 03:17:24.096 D/AndroidRuntime( 4557): >>>>>> START com.android.internal.os.RuntimeInit uid 2000 <<<<<<
06-06 03:17:24.097 D/EGL_emulation( 1711): eglMakeCurrent: 0xa7985720: ver 2 0 (tinfo 0xa7983770)
06-06 03:17:24.097 D/AndroidRuntime( 4557): CheckJNI is ON
06-06 03:17:24.098 D/EGL_emulation( 1711): eglMakeCurrent: 0xa7985720: ver 2 0 (tinfo 0xa7983770)
06-06 03:17:24.109 W/art     ( 4557): Unexpected CPU variant for X86 using defaults: x86
06-06 03:17:24.111 D/ICU     ( 4557): No timezone override file found: /data/misc/zoneinfo/current/icu/icu_tzdata.dat
06-06 03:17:24.114 D/EGL_emulation( 1711): eglMakeCurrent: 0xa7985720: ver 2 0 (tinfo 0xa7983770)
06-06 03:17:24.115 D/EGL_emulation( 1711): eglMakeCurrent: 0xa7985720: ver 2 0 (tinfo 0xa7983770)
06-06 03:17:24.118 E/memtrack( 4557): Couldn't load memtrack module (No such file or directory)
06-06 03:17:24.118 E/android.os.Debug( 4557): failed to load memtrack module: -2
06-06 03:17:24.119 I/Radio-JNI( 4557): register_android_hardware_Radio DONE
06-06 03:17:24.122 D/AndroidRuntime( 4557): Calling main entry com.android.commands.am.Am
06-06 03:17:24.124 I/ActivityManager( 1630): Force stopping com.evancharlton.mileage appid=10422 user=0: start instr
06-06 03:17:24.124 I/ActivityManager( 1630): Killing 4417:com.evancharlton.mileage/u0a422 (adj 0): stop com.evancharlton.mileage
06-06 03:17:24.124 D/ActivityManager( 1630): cleanUpApplicationRecord -- 4417
06-06 03:17:24.124 W/ActivityManager( 1630): Crash of app com.evancharlton.mileage running instrumentation ComponentInfo{com.evancharlton.mileage.test/sh.calaba.instrumentationbackend.CalabashInstrumentationTestRunner}
06-06 03:17:24.124 I/ActivityManager( 1630): Force stopping com.evancharlton.mileage appid=10422 user=0: finished inst
06-06 03:17:24.128 I/art     ( 4568): Not late-enabling -Xcheck:jni (already on)
06-06 03:17:24.128 W/art     ( 4568): Unexpected CPU variant for X86 using defaults: x86
06-06 03:17:24.131 D/EGL_emulation( 1711): eglMakeCurrent: 0xa7985720: ver 2 0 (tinfo 0xa7983770)
06-06 03:17:24.132 D/EGL_emulation( 1711): eglMakeCurrent: 0xa7985720: ver 2 0 (tinfo 0xa7983770)
06-06 03:17:24.135 I/ActivityManager( 1630): Start proc 4568:com.evancharlton.mileage/u0a422 for added application com.evancharlton.mileage
06-06 03:17:24.135 D/AndroidRuntime( 4557): Shutting down VM
06-06 03:17:24.140 W/System  ( 4568): ClassLoader referenced unknown path: /data/app/com.evancharlton.mileage.test-1/lib/x86
06-06 03:17:24.140 W/System  ( 4568): ClassLoader referenced unknown path: /data/app/com.evancharlton.mileage-1/lib/x86
06-06 03:17:24.142 W/System  ( 4568): ClassLoader referenced unknown path: 
06-06 03:17:24.145 I/System.out( 4568): Main activity name automatically set to: com.evancharlton.mileage.Mileage
06-06 03:17:24.146 I/System.out( 4568): Calabash did not load Mono. This is only a problem if you are trying to test a Mono application
06-06 03:17:24.146 I/calabash( 4568): Test server port: 7102
06-06 03:17:24.146 I/InstrumentationBackend( 4568): Added:'GetPreferences', with key:'get_preferences'
06-06 03:17:24.147 D/EGL_emulation( 1711): eglMakeCurrent: 0xa7985720: ver 2 0 (tinfo 0xa7983770)
06-06 03:17:24.148 D/EGL_emulation( 1711): eglMakeCurrent: 0xa7985720: ver 2 0 (tinfo 0xa7983770)
06-06 03:17:24.150 I/InstrumentationBackend( 4568): Added:'SetPreferences', with key:'set_preferences'
06-06 03:17:24.151 I/InstrumentationBackend( 4568): Added:'ClearPreferences', with key:'clear_preferences'
06-06 03:17:24.151 I/InstrumentationBackend( 4568): Added:'PressElement', with key:'press_l10n_element'
06-06 03:17:24.151 I/InstrumentationBackend( 4568): Added:'WaitForElement', with key:'wait_for_l10n_element'
06-06 03:17:24.151 I/InstrumentationBackend( 4568): Added:'NullAction', with key:'nullAction'
06-06 03:17:24.151 I/InstrumentationBackend( 4568): Added:'PressKey', with key:'press_key'
06-06 03:17:24.151 I/InstrumentationBackend( 4568): Added:'SetActivityOrientation', with key:'set_activity_orientation'
06-06 03:17:24.151 I/InstrumentationBackend( 4568): Added:'GetActivityOrientation', with key:'get_activity_orientation'
06-06 03:17:24.151 I/InstrumentationBackend( 4568): Added:'FakeGPSLocation', with key:'set_gps_coordinates'
06-06 03:17:24.151 I/InstrumentationBackend( 4568): Added:'SetPropertyByCssSelector', with key:'set_property_by_css_selector'
06-06 03:17:24.151 I/InstrumentationBackend( 4568): Added:'GetUrl', with key:'get_url'
06-06 03:17:24.151 I/InstrumentationBackend( 4568): Added:'ScrollTo', with key:'scroll_to'
06-06 03:17:24.151 I/InstrumentationBackend( 4568): Added:'GetLoadProgress', with key:'get_load_progress'
06-06 03:17:24.151 I/InstrumentationBackend( 4568): Added:'DumpHtml', with key:'dump_html'
06-06 03:17:24.151 I/InstrumentationBackend( 4568): Added:'DumpBodyHtml', with key:'dump_body_html'
06-06 03:17:24.151 I/InstrumentationBackend( 4568): Added:'EnterTextByCssSelector', with key:'enter_text_by_selector'
06-06 03:17:24.152 I/InstrumentationBackend( 4568): Added:'AndroidSDKVersion', with key:'android_sdk_version'
06-06 03:17:24.152 I/InstrumentationBackend( 4568): Added:'Version', with key:'version'
06-06 03:17:24.152 I/InstrumentationBackend( 4568): Added:'Drag', with key:'drag'
06-06 03:17:24.152 I/InstrumentationBackend( 4568): Added:'TouchCoordinates', with key:'touch_coordinate'
06-06 03:17:24.152 I/InstrumentationBackend( 4568): Added:'LongPressCoordinate', with key:'long_press_coordinate'
06-06 03:17:24.152 I/InstrumentationBackend( 4568): Added:'DragCoordinates', with key:'drag_coordinates'
06-06 03:17:24.152 I/InstrumentationBackend( 4568): Added:'ResumeApplication', with key:'resume_application'
06-06 03:17:24.152 I/InstrumentationBackend( 4568): Added:'Swipe', with key:'swipe'
06-06 03:17:24.152 I/InstrumentationBackend( 4568): Added:'DoubleTapCoordinate', with key:'double_tap_coordinate'
06-06 03:17:24.152 I/InstrumentationBackend( 4568): Added:'ClickOnScreen', with key:'click_on_screen'
06-06 03:17:24.152 I/InstrumentationBackend( 4568): Added:'GetActivityName', with key:'get_activity_name'
06-06 03:17:24.152 I/InstrumentationBackend( 4568): Added:'ScrollToView', with key:'scroll_to_view'
06-06 03:17:24.152 I/InstrumentationBackend( 4568): Added:'ViewConfiguration', with key:'view_configuration'
06-06 03:17:24.152 I/InstrumentationBackend( 4568): Added:'IsCurrentActivityFocused', with key:'is_current_activity_focused'
06-06 03:17:24.152 I/InstrumentationBackend( 4568): Added:'SendTcp', with key:'send_tcp'
06-06 03:17:24.152 I/InstrumentationBackend( 4568): Added:'DpToDevicePixel', with key:'dp_to_device_pixel'
06-06 03:17:24.152 I/InstrumentationBackend( 4568): Added:'KeyboardEnterText', with key:'keyboard_enter_text'
06-06 03:17:24.152 I/InstrumentationBackend( 4568): Added:'DeleteSurroundingText', with key:'delete_surrounding_text'
06-06 03:17:24.152 I/InstrumentationBackend( 4568): Added:'SetComposingRegion', with key:'set_composing_region'
06-06 03:17:24.152 I/InstrumentationBackend( 4568): Added:'SetSelection', with key:'set_selection'
06-06 03:17:24.152 I/InstrumentationBackend( 4568): Added:'KeyboardKeyEvent', with key:'keyboard_key_event'
06-06 03:17:24.152 I/InstrumentationBackend( 4568): Added:'PressUserActionButton', with key:'press_user_action_button'
06-06 03:17:24.152 I/InstrumentationBackend( 4568): Added:'HideSoftKeyboard', with key:'hide_soft_keyboard'
06-06 03:17:24.153 I/InstrumentationBackend( 4568): Added:'ListActions', with key:'list_actions'
06-06 03:17:24.153 I/calabash( 4568): Instantiating http server at 7102
06-06 03:17:24.153 I/System.out( 4568): HTTP Daemon listening on: 7102
06-06 03:17:24.160 I/WindowManager( 1630): WIN DEATH: Window{a9e2512 u0 com.evancharlton.mileage/com.evancharlton.mileage.VehicleTypeListActivity EXITING}
06-06 03:17:24.172 D/EGL_emulation( 1711): eglMakeCurrent: 0xa7985720: ver 2 0 (tinfo 0xa7983770)
06-06 03:17:24.175 D/EGL_emulation( 1711): eglMakeCurrent: 0xa7985720: ver 2 0 (tinfo 0xa7983770)
06-06 03:17:24.180 D/EGL_emulation( 1711): eglMakeCurrent: 0xa7985720: ver 2 0 (tinfo 0xa7983770)
06-06 03:17:24.183 D/EGL_emulation( 1711): eglMakeCurrent: 0xa7985720: ver 2 0 (tinfo 0xa7983770)
06-06 03:17:24.197 D/EGL_emulation( 1711): eglMakeCurrent: 0xa7985720: ver 2 0 (tinfo 0xa7983770)
06-06 03:17:24.199 D/EGL_emulation( 1711): eglMakeCurrent: 0xa7985720: ver 2 0 (tinfo 0xa7983770)
06-06 03:17:24.214 D/EGL_emulation( 1711): eglMakeCurrent: 0xa7985720: ver 2 0 (tinfo 0xa7983770)
06-06 03:17:24.216 D/EGL_emulation( 1711): eglMakeCurrent: 0xa7985720: ver 2 0 (tinfo 0xa7983770)
06-06 03:17:24.231 D/EGL_emulation( 1711): eglMakeCurrent: 0xa7985720: ver 2 0 (tinfo 0xa7983770)
06-06 03:17:24.244 I/System.out( 4568): URI: //ping
06-06 03:17:24.244 I/System.out( 4568): params: {json={}
06-06 03:17:24.244 I/System.out( 4568): }
06-06 03:17:24.247 I/System.out( 4568): URI: //ping
06-06 03:17:24.247 I/System.out( 4568): params: {json={}
06-06 03:17:24.247 I/System.out( 4568): }
06-06 03:17:24.247 D/EGL_emulation( 1711): eglMakeCurrent: 0xa7985720: ver 2 0 (tinfo 0xa7983770)
06-06 03:17:24.249 I/System.out( 4568): URI: //ready
06-06 03:17:24.249 I/System.out( 4568): params: {json={}
06-06 03:17:24.249 I/System.out( 4568): }
06-06 03:17:24.251 I/System.out( 4568): URI: //
06-06 03:17:24.251 I/System.out( 4568): params: {json={"command":"version","arguments":[]}
06-06 03:17:24.251 I/System.out( 4568): }
06-06 03:17:24.252 I/System.out( 4568): header: {content-type=application/json;charset=utf-8, date=Sat, 06 Jun 2020 08:17:25 GMT, accept=*/*, host=127.0.0.1:34777, content-length=36, user-agent=HTTPClient/1.0 (2.8.3, ruby 2.5.1 (2018-03-29))}
06-06 03:17:24.252 I/System.out( 4568): params: {json={"command":"version","arguments":[]}
06-06 03:17:24.252 I/System.out( 4568): }
06-06 03:17:24.252 I/System.out( 4568): ProP json = {"command":"version","arguments":[]}
06-06 03:17:24.252 I/System.out( 4568): files: {}
06-06 03:17:24.252 I/System.out( 4568): command: {"command":"version","arguments":[]}
06-06 03:17:24.252 D/EGL_emulation( 1711): eglMakeCurrent: 0xa7985720: ver 2 0 (tinfo 0xa7983770)
06-06 03:17:24.256 I/InstrumentationBackend( 4568): Got command:'Command:'Line:null,version', arguments:'[]'
06-06 03:17:24.265 I/System.out( 4568): result:{"bonusInformation":[],"message":"0.9.8","success":true}
06-06 03:17:24.271 I/System.out( 4568): URI: //start-application
06-06 03:17:24.271 I/System.out( 4568): params: {json={"intent":null}
06-06 03:17:24.271 I/System.out( 4568): }
06-06 03:17:24.280 I/ActivityManager( 1630): START u0 {act=android.intent.action.MAIN cat=[android.intent.category.LAUNCHER] flg=0x10200000 cmp=com.evancharlton.mileage/.Mileage} from uid 10422 on display 0
06-06 03:17:24.288 I/calabash( 4568): newActivity1
06-06 03:17:24.299 I/calabash( 4568): newActivity1
06-06 03:17:24.300 W/ActivityManager( 1630): Bad activity token: android.os.BinderProxy@97f9c1a
06-06 03:17:24.300 W/ActivityManager( 1630): java.lang.ClassCastException: android.os.BinderProxy cannot be cast to com.android.server.am.ActivityRecord$Token
06-06 03:17:24.300 W/ActivityManager( 1630): 	at com.android.server.am.ActivityRecord.forTokenLocked(ActivityRecord.java:586)
06-06 03:17:24.300 W/ActivityManager( 1630): 	at com.android.server.am.ActivityRecord.isInStackLocked(ActivityRecord.java:1327)
06-06 03:17:24.300 W/ActivityManager( 1630): 	at com.android.server.am.ActivityRecord.getStackLocked(ActivityRecord.java:1332)
06-06 03:17:24.300 W/ActivityManager( 1630): 	at com.android.server.am.ActivityManagerService.getActivityDisplayId(ActivityManagerService.java:9806)
06-06 03:17:24.300 W/ActivityManager( 1630): 	at android.app.ActivityManagerNative.onTransact(ActivityManagerNative.java:2566)
06-06 03:17:24.300 W/ActivityManager( 1630): 	at com.android.server.am.ActivityManagerService.onTransact(ActivityManagerService.java:2757)
06-06 03:17:24.300 W/ActivityManager( 1630): 	at android.os.Binder.execTransact(Binder.java:565)
06-06 03:17:24.301 W/ActivityManager( 1630): Bad activity token: android.os.BinderProxy@97f9c1a
06-06 03:17:24.301 W/ActivityManager( 1630): java.lang.ClassCastException: android.os.BinderProxy cannot be cast to com.android.server.am.ActivityRecord$Token
06-06 03:17:24.301 W/ActivityManager( 1630): 	at com.android.server.am.ActivityRecord.forTokenLocked(ActivityRecord.java:586)
06-06 03:17:24.301 W/ActivityManager( 1630): 	at com.android.server.am.ActivityRecord.isInStackLocked(ActivityRecord.java:1327)
06-06 03:17:24.301 W/ActivityManager( 1630): 	at com.android.server.am.ActivityManagerService.setTaskDescription(ActivityManagerService.java:9358)
06-06 03:17:24.301 W/ActivityManager( 1630): 	at android.app.ActivityManagerNative.onTransact(ActivityManagerNative.java:2639)
06-06 03:17:24.301 W/ActivityManager( 1630): 	at com.android.server.am.ActivityManagerService.onTransact(ActivityManagerService.java:2757)
06-06 03:17:24.301 W/ActivityManager( 1630): 	at android.os.Binder.execTransact(Binder.java:565)
06-06 03:17:24.302 W/ActivityManager( 1630): Bad activity token: android.os.BinderProxy@97f9c1a
06-06 03:17:24.302 W/ActivityManager( 1630): java.lang.ClassCastException: android.os.BinderProxy cannot be cast to com.android.server.am.ActivityRecord$Token
06-06 03:17:24.302 W/ActivityManager( 1630): 	at com.android.server.am.ActivityRecord.forTokenLocked(ActivityRecord.java:586)
06-06 03:17:24.302 W/ActivityManager( 1630): 	at com.android.server.am.ActivityRecord.isInStackLocked(ActivityRecord.java:1327)
06-06 03:17:24.302 W/ActivityManager( 1630): 	at com.android.server.am.ActivityRecord.getStackLocked(ActivityRecord.java:1332)
06-06 03:17:24.302 W/ActivityManager( 1630): 	at com.android.server.am.ActivityManagerService.getActivityStackId(ActivityManagerService.java:9817)
06-06 03:17:24.302 W/ActivityManager( 1630): 	at android.app.ActivityManagerNative.onTransact(ActivityManagerNative.java:2856)
06-06 03:17:24.302 W/ActivityManager( 1630): 	at com.android.server.am.ActivityManagerService.onTransact(ActivityManagerService.java:2757)
06-06 03:17:24.302 W/ActivityManager( 1630): 	at android.os.Binder.execTransact(Binder.java:565)
06-06 03:17:24.314 D/gralloc_ranchu( 1347): gralloc_alloc: Creating ashmem region of size 9023488
06-06 03:17:24.325 W/ActivityManager( 1630): Bad activity token: android.os.BinderProxy@97f9c1a
06-06 03:17:24.325 W/ActivityManager( 1630): java.lang.ClassCastException: android.os.BinderProxy cannot be cast to com.android.server.am.ActivityRecord$Token
06-06 03:17:24.325 W/ActivityManager( 1630): 	at com.android.server.am.ActivityRecord.forTokenLocked(ActivityRecord.java:586)
06-06 03:17:24.325 W/ActivityManager( 1630): 	at com.android.server.am.ActivityRecord.isInStackLocked(ActivityRecord.java:1327)
06-06 03:17:24.325 W/ActivityManager( 1630): 	at com.android.server.am.ActivityManagerService.getActivityOptions(ActivityManagerService.java:12559)
06-06 03:17:24.325 W/ActivityManager( 1630): 	at android.app.ActivityManagerNative.onTransact(ActivityManagerNative.java:1933)
06-06 03:17:24.325 W/ActivityManager( 1630): 	at com.android.server.am.ActivityManagerService.onTransact(ActivityManagerService.java:2757)
06-06 03:17:24.325 W/ActivityManager( 1630): 	at android.os.Binder.execTransact(Binder.java:565)
06-06 03:17:24.325 W/ActivityManager( 1630): Bad activity token: android.os.BinderProxy@97f9c1a
06-06 03:17:24.325 W/ActivityManager( 1630): java.lang.ClassCastException: android.os.BinderProxy cannot be cast to com.android.server.am.ActivityRecord$Token
06-06 03:17:24.325 W/ActivityManager( 1630): 	at com.android.server.am.ActivityRecord.forTokenLocked(ActivityRecord.java:586)
06-06 03:17:24.325 W/ActivityManager( 1630): 	at com.android.server.am.ActivityRecord.isInStackLocked(ActivityRecord.java:1327)
06-06 03:17:24.325 W/ActivityManager( 1630): 	at com.android.server.am.ActivityManagerService.getActivityOptions(ActivityManagerService.java:12559)
06-06 03:17:24.325 W/ActivityManager( 1630): 	at android.app.ActivityManagerNative.onTransact(ActivityManagerNative.java:1933)
06-06 03:17:24.325 W/ActivityManager( 1630): 	at com.android.server.am.ActivityManagerService.onTransact(ActivityManagerService.java:2757)
06-06 03:17:24.325 W/ActivityManager( 1630): 	at android.os.Binder.execTransact(Binder.java:565)
06-06 03:17:24.353 V/PhoneStatusBar( 1711): setLightsOn(true)
06-06 03:17:24.363 D/gralloc_ranchu( 1347): gralloc_alloc: Creating ashmem region of size 9023488
06-06 03:17:24.369 D/EGL_emulation( 2078): eglMakeCurrent: 0x9852d440: ver 2 0 (tinfo 0xa3d30310)
06-06 03:17:24.369 D/        ( 4568): HostConnection::get() New Host Connection established 0x8b627580, tid 4568
06-06 03:17:24.370 D/EGL_emulation( 1711): eglMakeCurrent: 0xa7985720: ver 2 0 (tinfo 0xa7983770)
06-06 03:17:24.418 D/EGL_emulation( 1711): eglMakeCurrent: 0xa7985720: ver 2 0 (tinfo 0xa7983770)
06-06 03:17:24.422 D/EGL_emulation( 1711): eglMakeCurrent: 0xa7985720: ver 2 0 (tinfo 0xa7983770)
06-06 03:17:24.422 V/PhoneStatusBar( 1711): setLightsOn(true)
06-06 03:17:24.431 D/EGL_emulation( 1711): eglMakeCurrent: 0xa7985720: ver 2 0 (tinfo 0xa7983770)
06-06 03:17:24.437 D/EGL_emulation( 1711): eglMakeCurrent: 0xa7985720: ver 2 0 (tinfo 0xa7983770)
06-06 03:17:24.447 D/EGL_emulation( 1711): eglMakeCurrent: 0xa7985720: ver 2 0 (tinfo 0xa7983770)
06-06 03:17:24.449 I/WindowManager( 1630): Destroying surface Surface(name=com.evancharlton.mileage/com.evancharlton.mileage.VehicleTypeListActivity) called by com.android.server.wm.WindowStateAnimator.destroySurface:2016 com.android.server.wm.WindowStateAnimator.destroySurfaceLocked:882 com.android.server.wm.WindowState.removeLocked:1456 com.android.server.wm.WindowManagerService.removeWindowInnerLocked:2484 com.android.server.wm.AppWindowToken.destroySurfaces:365 com.android.server.wm.WindowStateAnimator.finishExit:565 com.android.server.wm.AppWindowAnimator.stepAnimationLocked:427 com.android.server.wm.WindowAnimator.updateAppWindowsLocked:196 
06-06 03:17:24.449 D/EGL_emulation( 1711): eglMakeCurrent: 0xa7985720: ver 2 0 (tinfo 0xa7983770)
06-06 03:17:24.463 I/ActivityManager( 1630): Displayed com.evancharlton.mileage/.Mileage: +178ms
06-06 03:17:24.465 D/EGL_emulation( 1711): eglMakeCurrent: 0xa7985720: ver 2 0 (tinfo 0xa7983770)
06-06 03:17:24.466 D/gralloc_ranchu( 1347): gralloc_alloc: Creating ashmem region of size 9023488
06-06 03:17:24.474 D/EGL_emulation( 1711): eglMakeCurrent: 0xa7985720: ver 2 0 (tinfo 0xa7983770)
06-06 03:17:24.475 V/PhoneStatusBar( 1711): setLightsOn(true)
06-06 03:17:24.483 D/EGL_emulation( 1711): eglMakeCurrent: 0xa7985720: ver 2 0 (tinfo 0xa7983770)
06-06 03:17:24.485 D/EGL_emulation( 1711): eglMakeCurrent: 0xa7985720: ver 2 0 (tinfo 0xa7983770)
06-06 03:17:24.497 D/EGL_emulation( 1711): eglMakeCurrent: 0xa7985720: ver 2 0 (tinfo 0xa7983770)
06-06 03:17:24.499 D/EGL_emulation( 1711): eglMakeCurrent: 0xa7985720: ver 2 0 (tinfo 0xa7983770)
06-06 03:17:24.500 V/PhoneStatusBar( 1711): setLightsOn(true)
06-06 03:17:24.518 D/EGL_emulation( 1711): eglMakeCurrent: 0xa7985720: ver 2 0 (tinfo 0xa7983770)
06-06 03:17:24.520 D/EGL_emulation( 1711): eglMakeCurrent: 0xa7985720: ver 2 0 (tinfo 0xa7983770)
06-06 03:17:24.531 D/EGL_emulation( 1711): eglMakeCurrent: 0xa7985720: ver 2 0 (tinfo 0xa7983770)
06-06 03:17:24.533 D/EGL_emulation( 1711): eglMakeCurrent: 0xa7985720: ver 2 0 (tinfo 0xa7983770)
06-06 03:17:24.539 I/System.out( 4568): URI: //map
06-06 03:17:24.539 I/System.out( 4568): params: {json={"query":"* marked:'Vehicles'","operation":{"method_name":"query","arguments":[]}}
06-06 03:17:24.539 I/System.out( 4568): }
06-06 03:17:24.547 D/EGL_emulation( 1711): eglMakeCurrent: 0xa7985720: ver 2 0 (tinfo 0xa7983770)
06-06 03:17:24.549 D/EGL_emulation( 1711): eglMakeCurrent: 0xa7985720: ver 2 0 (tinfo 0xa7983770)
06-06 03:17:24.555 W/ResourceType( 4568): No package identifier when getting name for resource number 0x00000001
06-06 03:17:24.564 D/EGL_emulation( 1711): eglMakeCurrent: 0xa7985720: ver 2 0 (tinfo 0xa7983770)
06-06 03:17:24.565 D/EGL_emulation( 1711): eglMakeCurrent: 0xa7985720: ver 2 0 (tinfo 0xa7983770)
06-06 03:17:24.570 I/System.out( 4568): URI: //gesture
06-06 03:17:24.570 I/System.out( 4568): params: {json={"query_timeout":5.0,"gestures":[{"query_string":"* marked:'Vehicles'","touches":[{"x":50,"y":50,"offset_x":0,"offset_y":0,"wait":0.0,"time":0.2,"release":true,"query_string":null}]}]}
06-06 03:17:24.570 I/System.out( 4568): }
06-06 03:17:24.575 W/ResourceType( 4568): No package identifier when getting name for resource number 0x00000001
06-06 03:17:24.585 D/EGL_emulation( 1711): eglMakeCurrent: 0xa7985720: ver 2 0 (tinfo 0xa7983770)
06-06 03:17:24.663 I/WindowManager( 1630): Destroying surface Surface(name=Starting com.evancharlton.mileage) called by com.android.server.wm.WindowStateAnimator.destroySurface:2016 com.android.server.wm.WindowStateAnimator.destroySurfaceLocked:882 com.android.server.wm.WindowState.destroyOrSaveSurface:2100 com.android.server.wm.AppWindowToken.destroySurfaces:363 com.android.server.wm.WindowStateAnimator.finishExit:565 com.android.server.wm.WindowStateAnimator.stepAnimationLocked:491 com.android.server.wm.WindowAnimator.updateWindowsLocked:303 com.android.server.wm.WindowAnimator.animateLocked:704 
06-06 03:17:24.665 V/PhoneStatusBar( 1711): setLightsOn(true)
06-06 03:17:24.680 V/PhoneStatusBar( 1711): setLightsOn(true)
06-06 03:17:24.799 I/calabash( 4568): newActivity1
06-06 03:17:24.799 W/ActivityManager( 1630): Bad activity token: android.os.BinderProxy@f1ce04
06-06 03:17:24.799 W/ActivityManager( 1630): java.lang.ClassCastException: android.os.BinderProxy cannot be cast to com.android.server.am.ActivityRecord$Token
06-06 03:17:24.799 W/ActivityManager( 1630): 	at com.android.server.am.ActivityRecord.forTokenLocked(ActivityRecord.java:586)
06-06 03:17:24.799 W/ActivityManager( 1630): 	at com.android.server.am.ActivityRecord.isInStackLocked(ActivityRecord.java:1327)
06-06 03:17:24.799 W/ActivityManager( 1630): 	at com.android.server.am.ActivityRecord.getStackLocked(ActivityRecord.java:1332)
06-06 03:17:24.799 W/ActivityManager( 1630): 	at com.android.server.am.ActivityManagerService.getActivityDisplayId(ActivityManagerService.java:9806)
06-06 03:17:24.799 W/ActivityManager( 1630): 	at android.app.ActivityManagerNative.onTransact(ActivityManagerNative.java:2566)
06-06 03:17:24.799 W/ActivityManager( 1630): 	at com.android.server.am.ActivityManagerService.onTransact(ActivityManagerService.java:2757)
06-06 03:17:24.799 W/ActivityManager( 1630): 	at android.os.Binder.execTransact(Binder.java:565)
06-06 03:17:24.801 W/ActivityManager( 1630): Bad activity token: android.os.BinderProxy@f1ce04
06-06 03:17:24.801 W/ActivityManager( 1630): java.lang.ClassCastException: android.os.BinderProxy cannot be cast to com.android.server.am.ActivityRecord$Token
06-06 03:17:24.801 W/ActivityManager( 1630): 	at com.android.server.am.ActivityRecord.forTokenLocked(ActivityRecord.java:586)
06-06 03:17:24.801 W/ActivityManager( 1630): 	at com.android.server.am.ActivityRecord.isInStackLocked(ActivityRecord.java:1327)
06-06 03:17:24.801 W/ActivityManager( 1630): 	at com.android.server.am.ActivityManagerService.setTaskDescription(ActivityManagerService.java:9358)
06-06 03:17:24.801 W/ActivityManager( 1630): 	at android.app.ActivityManagerNative.onTransact(ActivityManagerNative.java:2639)
06-06 03:17:24.801 W/ActivityManager( 1630): 	at com.android.server.am.ActivityManagerService.onTransact(ActivityManagerService.java:2757)
06-06 03:17:24.801 W/ActivityManager( 1630): 	at android.os.Binder.execTransact(Binder.java:565)
06-06 03:17:24.801 W/ActivityManager( 1630): Bad activity token: android.os.BinderProxy@f1ce04
06-06 03:17:24.801 W/ActivityManager( 1630): java.lang.ClassCastException: android.os.BinderProxy cannot be cast to com.android.server.am.ActivityRecord$Token
06-06 03:17:24.801 W/ActivityManager( 1630): 	at com.android.server.am.ActivityRecord.forTokenLocked(ActivityRecord.java:586)
06-06 03:17:24.801 W/ActivityManager( 1630): 	at com.android.server.am.ActivityRecord.isInStackLocked(ActivityRecord.java:1327)
06-06 03:17:24.801 W/ActivityManager( 1630): 	at com.android.server.am.ActivityRecord.getStackLocked(ActivityRecord.java:1332)
06-06 03:17:24.801 W/ActivityManager( 1630): 	at com.android.server.am.ActivityManagerService.getActivityStackId(ActivityManagerService.java:9817)
06-06 03:17:24.801 W/ActivityManager( 1630): 	at android.app.ActivityManagerNative.onTransact(ActivityManagerNative.java:2856)
06-06 03:17:24.801 W/ActivityManager( 1630): 	at com.android.server.am.ActivityManagerService.onTransact(ActivityManagerService.java:2757)
06-06 03:17:24.801 W/ActivityManager( 1630): 	at android.os.Binder.execTransact(Binder.java:565)
06-06 03:17:24.802 W/audio_hw_generic( 1395): Not supplying enough data to HAL, expected position 268084949 , only wrote 268084800
06-06 03:17:24.804 W/ActivityManager( 1630): Bad activity token: android.os.BinderProxy@f1ce04
06-06 03:17:24.804 W/ActivityManager( 1630): java.lang.ClassCastException: android.os.BinderProxy cannot be cast to com.android.server.am.ActivityRecord$Token
06-06 03:17:24.804 W/ActivityManager( 1630): 	at com.android.server.am.ActivityRecord.forTokenLocked(ActivityRecord.java:586)
06-06 03:17:24.804 W/ActivityManager( 1630): 	at com.android.server.am.ActivityRecord.isInStackLocked(ActivityRecord.java:1327)
06-06 03:17:24.804 W/ActivityManager( 1630): 	at com.android.server.am.ActivityManagerService.getActivityOptions(ActivityManagerService.java:12559)
06-06 03:17:24.804 W/ActivityManager( 1630): 	at android.app.ActivityManagerNative.onTransact(ActivityManagerNative.java:1933)
06-06 03:17:24.804 W/ActivityManager( 1630): 	at com.android.server.am.ActivityManagerService.onTransact(ActivityManagerService.java:2757)
06-06 03:17:24.804 W/ActivityManager( 1630): 	at android.os.Binder.execTransact(Binder.java:565)
06-06 03:17:24.804 W/ActivityManager( 1630): Bad activity token: android.os.BinderProxy@f1ce04
06-06 03:17:24.804 W/ActivityManager( 1630): java.lang.ClassCastException: android.os.BinderProxy cannot be cast to com.android.server.am.ActivityRecord$Token
06-06 03:17:24.804 W/ActivityManager( 1630): 	at com.android.server.am.ActivityRecord.forTokenLocked(ActivityRecord.java:586)
06-06 03:17:24.804 W/ActivityManager( 1630): 	at com.android.server.am.ActivityRecord.isInStackLocked(ActivityRecord.java:1327)
06-06 03:17:24.804 W/ActivityManager( 1630): 	at com.android.server.am.ActivityManagerService.getActivityOptions(ActivityManagerService.java:12559)
06-06 03:17:24.804 W/ActivityManager( 1630): 	at android.app.ActivityManagerNative.onTransact(ActivityManagerNative.java:1933)
06-06 03:17:24.804 W/ActivityManager( 1630): 	at com.android.server.am.ActivityManagerService.onTransact(ActivityManagerService.java:2757)
06-06 03:17:24.804 W/ActivityManager( 1630): 	at android.os.Binder.execTransact(Binder.java:565)
06-06 03:17:24.811 I/System.out( 4568): URI: //map
06-06 03:17:24.811 I/System.out( 4568): params: {json={"query":"* {text CONTAINS[c] 'Javier Vehicle'}","operation":{"method_name":"query","arguments":[]}}
06-06 03:17:24.811 I/System.out( 4568): }
06-06 03:17:24.830 V/PhoneStatusBar( 1711): setLightsOn(true)
06-06 03:17:24.895 I/System.out( 4568): URI: //gesture
06-06 03:17:24.895 I/System.out( 4568): params: {json={"query_timeout":5.0,"gestures":[{"query_string":"* {text CONTAINS[c] 'Javier Vehicle'}","touches":[{"x":50,"y":50,"offset_x":0,"offset_y":0,"wait":0.0,"time":1.0,"release":true,"query_string":null}]}]}
06-06 03:17:24.895 I/System.out( 4568): }
06-06 03:17:25.047 D/gralloc_ranchu( 1347): gralloc_alloc: Creating ashmem region of size 9023488
06-06 03:17:25.114 V/PhoneStatusBar( 1711): setLightsOn(true)
06-06 03:17:25.115 V/PhoneStatusBar( 1711): setLightsOn(true)
06-06 03:17:25.116 W/OpenGLRenderer( 2078): Incorrectly called buildLayer on View: ShortcutAndWidgetContainer, destroying layer...
06-06 03:17:25.131 I/WindowManager( 1630): Destroying surface Surface(name=com.android.launcher3/com.android.launcher3.Launcher) called by com.android.server.wm.WindowStateAnimator.destroySurface:2016 com.android.server.wm.WindowStateAnimator.destroySurfaceLocked:882 com.android.server.wm.WindowState.destroyOrSaveSurface:2100 com.android.server.wm.AppWindowToken.destroySurfaces:363 com.android.server.wm.AppWindowToken.notifyAppStopped:389 com.android.server.wm.WindowManagerService.notifyAppStopped:4463 com.android.server.am.ActivityStack.activityStoppedLocked:1252 com.android.server.am.ActivityManagerService.activityStopped:6903 
06-06 03:17:25.131 V/PhoneStatusBar( 1711): setLightsOn(true)
06-06 03:17:25.540 V/PhoneStatusBar( 1711): setLightsOn(true)
06-06 03:17:25.563 V/PhoneStatusBar( 1711): setLightsOn(true)
06-06 03:17:25.581 V/PhoneStatusBar( 1711): setLightsOn(true)
06-06 03:17:25.583 D/gralloc_ranchu( 1347): gralloc_alloc: Creating ashmem region of size 1355776
06-06 03:17:25.590 V/PhoneStatusBar( 1711): setLightsOn(true)
06-06 03:17:25.590 V/PhoneStatusBar( 1711): setLightsOn(true)
06-06 03:17:25.597 V/PhoneStatusBar( 1711): setLightsOn(true)
06-06 03:17:25.621 D/gralloc_ranchu( 1347): gralloc_alloc: Creating ashmem region of size 1355776
06-06 03:17:25.630 D/gralloc_ranchu( 1347): gralloc_alloc: Creating ashmem region of size 1355776
06-06 03:17:25.847 V/PhoneStatusBar( 1711): setLightsOn(true)
06-06 03:17:25.940 I/art     ( 4568): Do partial code cache collection, code=30KB, data=30KB
06-06 03:17:25.941 I/art     ( 4568): After code cache collection, code=29KB, data=30KB
06-06 03:17:25.941 I/art     ( 4568): Increasing code cache capacity to 128KB
06-06 03:17:25.964 I/System.out( 4568): URI: //map
06-06 03:17:25.964 I/System.out( 4568): params: {json={"query":"* {text CONTAINS[c] 'Set vehicle as default'}","operation":{"method_name":"query","arguments":[]}}
06-06 03:17:25.964 I/System.out( 4568): }
06-06 03:17:26.002 I/System.out( 4568): URI: //map
06-06 03:17:26.002 I/System.out( 4568): params: {json={"query":"* marked:'Set vehicle as default'","operation":{"method_name":"query","arguments":[]}}
06-06 03:17:26.002 I/System.out( 4568): }
06-06 03:17:26.008 W/ResourceType( 4568): No package identifier when getting name for resource number 0x00000001
06-06 03:17:26.020 I/System.out( 4568): URI: //gesture
06-06 03:17:26.020 I/System.out( 4568): params: {json={"query_timeout":5.0,"gestures":[{"query_string":"* marked:'Set vehicle as default'","touches":[{"x":50,"y":50,"offset_x":0,"offset_y":0,"wait":0.0,"time":0.2,"release":true,"query_string":null}]}]}
06-06 03:17:26.020 I/System.out( 4568): }
06-06 03:17:26.024 W/ResourceType( 4568): No package identifier when getting name for resource number 0x00000001
06-06 03:17:26.309 V/PhoneStatusBar( 1711): setLightsOn(true)
06-06 03:17:26.309 V/PhoneStatusBar( 1711): setLightsOn(true)
06-06 03:17:26.310 W/InputEventReceiver( 4568): Attempted to finish an input event but the input event receiver has already been disposed.
