--------- beginning of main
06-06 01:01:02.051 I/art     (25265): Compiler allocated 7MB to compile sh.calaba.instrumentationbackend.actions.NanoHTTPD$Response sh.calaba.instrumentationbackend.actions.HttpServer.serve(java.lang.String, java.lang.String, java.util.Properties, java.util.Properties, java.util.Properties)
06-06 01:01:02.083 D/AndroidRuntime(25265): Shutting down VM
--------- beginning of crash
06-06 01:01:02.084 E/AndroidRuntime(25265): FATAL EXCEPTION: main
06-06 01:01:02.084 E/AndroidRuntime(25265): Process: com.evancharlton.mileage, PID: 25265
06-06 01:01:02.084 E/AndroidRuntime(25265): java.lang.NullPointerException: Attempt to invoke interface method 'void android.database.Cursor.close()' on a null object reference
06-06 01:01:02.084 E/AndroidRuntime(25265): 	at com.evancharlton.mileage.views.CursorSpinner.onDetachedFromWindow(CursorSpinner.java:58)
06-06 01:01:02.084 E/AndroidRuntime(25265): 	at android.view.View.dispatchDetachedFromWindow(View.java:15446)
06-06 01:01:02.084 E/AndroidRuntime(25265): 	at android.view.ViewGroup.dispatchDetachedFromWindow(ViewGroup.java:3224)
06-06 01:01:02.084 E/AndroidRuntime(25265): 	at android.view.ViewGroup.dispatchDetachedFromWindow(ViewGroup.java:3216)
06-06 01:01:02.084 E/AndroidRuntime(25265): 	at android.view.ViewGroup.dispatchDetachedFromWindow(ViewGroup.java:3216)
06-06 01:01:02.084 E/AndroidRuntime(25265): 	at android.view.ViewGroup.dispatchDetachedFromWindow(ViewGroup.java:3216)
06-06 01:01:02.084 E/AndroidRuntime(25265): 	at android.view.ViewGroup.dispatchDetachedFromWindow(ViewGroup.java:3216)
06-06 01:01:02.084 E/AndroidRuntime(25265): 	at android.view.ViewGroup.dispatchDetachedFromWindow(ViewGroup.java:3216)
06-06 01:01:02.084 E/AndroidRuntime(25265): 	at android.view.ViewGroup.dispatchDetachedFromWindow(ViewGroup.java:3216)
06-06 01:01:02.084 E/AndroidRuntime(25265): 	at android.view.ViewGroup.dispatchDetachedFromWindow(ViewGroup.java:3216)
06-06 01:01:02.084 E/AndroidRuntime(25265): 	at android.view.ViewGroup.dispatchDetachedFromWindow(ViewGroup.java:3216)
06-06 01:01:02.084 E/AndroidRuntime(25265): 	at android.view.ViewGroup.dispatchDetachedFromWindow(ViewGroup.java:3216)
06-06 01:01:02.084 E/AndroidRuntime(25265): 	at android.view.ViewGroup.dispatchDetachedFromWindow(ViewGroup.java:3216)
06-06 01:01:02.084 E/AndroidRuntime(25265): 	at android.view.ViewGroup.dispatchDetachedFromWindow(ViewGroup.java:3216)
06-06 01:01:02.084 E/AndroidRuntime(25265): 	at android.view.ViewGroup.dispatchDetachedFromWindow(ViewGroup.java:3216)
06-06 01:01:02.084 E/AndroidRuntime(25265): 	at android.view.ViewRootImpl.dispatchDetachedFromWindow(ViewRootImpl.java:3255)
06-06 01:01:02.084 E/AndroidRuntime(25265): 	at android.view.ViewRootImpl.doDie(ViewRootImpl.java:5881)
06-06 01:01:02.084 E/AndroidRuntime(25265): 	at android.view.ViewRootImpl.die(ViewRootImpl.java:5858)
06-06 01:01:02.084 E/AndroidRuntime(25265): 	at android.view.WindowManagerGlobal.removeViewLocked(WindowManagerGlobal.java:446)
06-06 01:01:02.084 E/AndroidRuntime(25265): 	at android.view.WindowManagerGlobal.removeView(WindowManagerGlobal.java:384)
06-06 01:01:02.084 E/AndroidRuntime(25265): 	at android.view.WindowManagerImpl.removeViewImmediate(WindowManagerImpl.java:124)
06-06 01:01:02.084 E/AndroidRuntime(25265): 	at android.app.ActivityThread.handleDestroyActivity(ActivityThread.java:4207)
06-06 01:01:02.084 E/AndroidRuntime(25265): 	at android.app.ActivityThread.-wrap6(ActivityThread.java)
06-06 01:01:02.084 E/AndroidRuntime(25265): 	at android.app.ActivityThread$H.handleMessage(ActivityThread.java:1521)
06-06 01:01:02.084 E/AndroidRuntime(25265): 	at android.os.Handler.dispatchMessage(Handler.java:102)
06-06 01:01:02.084 E/AndroidRuntime(25265): 	at android.os.Looper.loop(Looper.java:154)
06-06 01:01:02.084 E/AndroidRuntime(25265): 	at android.app.ActivityThread.main(ActivityThread.java:6077)
06-06 01:01:02.084 E/AndroidRuntime(25265): 	at java.lang.reflect.Method.invoke(Native Method)
06-06 01:01:02.084 E/AndroidRuntime(25265): 	at com.android.internal.os.ZygoteInit$MethodAndArgsCaller.run(ZygoteInit.java:866)
06-06 01:01:02.084 E/AndroidRuntime(25265): 	at com.android.internal.os.ZygoteInit.main(ZygoteInit.java:756)
--------- beginning of system
06-06 01:01:02.084 W/ActivityManager( 1631): Duplicate finish request for ActivityRecord{b74ec4c u0 com.evancharlton.mileage/.Mileage t10874 f}
06-06 01:01:02.084 W/ActivityManager( 1631): Duplicate finish request for ActivityRecord{b74ec4c u0 com.evancharlton.mileage/.Mileage t10874 f}
06-06 01:01:02.085 W/ActivityManager( 1631): Duplicate finish request for ActivityRecord{b74ec4c u0 com.evancharlton.mileage/.Mileage t10874 f}
06-06 01:01:02.085 W/ActivityManager( 1631): Duplicate finish request for ActivityRecord{b74ec4c u0 com.evancharlton.mileage/.Mileage t10874 f}
06-06 01:01:02.085 I/Process (25265): Sending signal. PID: 25265 SIG: 9
06-06 01:01:02.085 W/ActivityManager( 1631): Duplicate finish request for ActivityRecord{b74ec4c u0 com.evancharlton.mileage/.Mileage t10874 f}
06-06 01:01:02.144 W/InputDispatcher( 1631): channel '3458f8b com.evancharlton.mileage/com.evancharlton.mileage.Mileage (server)' ~ Consumer closed input channel or an error occurred.  events=0x9
06-06 01:01:02.144 E/InputDispatcher( 1631): channel '3458f8b com.evancharlton.mileage/com.evancharlton.mileage.Mileage (server)' ~ Channel is unrecoverably broken and will be disposed!
06-06 01:01:02.145 I/WindowManager( 1631): WIN DEATH: Window{1347ac8 u0 com.evancharlton.mileage/com.evancharlton.mileage.VehicleTypeListActivity EXITING}
06-06 01:01:02.145 I/ActivityManager( 1631): Process com.evancharlton.mileage (pid 25265) has died
06-06 01:01:02.145 D/ActivityManager( 1631): cleanUpApplicationRecord -- 25265
06-06 01:01:02.145 V/PhoneStatusBar( 1712): setLightsOn(true)
06-06 01:01:02.145 W/ActivityManager( 1631): Force removing ActivityRecord{c899ff1 u0 com.evancharlton.mileage/.VehicleTypeListActivity t10874}: app died, no saved state
06-06 01:01:02.146 W/InputDispatcher( 1631): channel 'f874a2d com.evancharlton.mileage/com.evancharlton.mileage.VehicleTypeListActivity (server)' ~ Consumer closed input channel or an error occurred.  events=0x9
06-06 01:01:02.146 E/InputDispatcher( 1631): channel 'f874a2d com.evancharlton.mileage/com.evancharlton.mileage.VehicleTypeListActivity (server)' ~ Channel is unrecoverably broken and will be disposed!
06-06 01:01:02.153 I/WindowManager( 1631): WIN DEATH: Window{3458f8b u0 com.evancharlton.mileage/com.evancharlton.mileage.Mileage}
06-06 01:01:02.153 W/InputDispatcher( 1631): Attempted to unregister already unregistered input channel '3458f8b com.evancharlton.mileage/com.evancharlton.mileage.Mileage (server)'
06-06 01:01:02.155 I/WindowManager( 1631): WIN DEATH: Window{f874a2d u0 com.evancharlton.mileage/com.evancharlton.mileage.VehicleTypeListActivity}
06-06 01:01:02.155 W/InputDispatcher( 1631): Attempted to unregister already unregistered input channel 'f874a2d com.evancharlton.mileage/com.evancharlton.mileage.VehicleTypeListActivity (server)'
06-06 01:01:02.155 I/WindowManager( 1631): Destroying surface Surface(name=com.evancharlton.mileage/com.evancharlton.mileage.VehicleTypeListActivity) called by com.android.server.wm.WindowStateAnimator.destroySurface:2016 com.android.server.wm.WindowStateAnimator.destroySurfaceLocked:882 com.android.server.wm.WindowState.removeLocked:1456 com.android.server.wm.WindowManagerService.removeWindowInnerLocked:2484 com.android.server.wm.WindowManagerService.removeWindowLocked:2442 com.android.server.wm.WindowState$DeathRecipient.binderDied:1787 android.os.BinderProxy.sendDeathNotice:688 <bottom of call stack> 
06-06 01:01:02.160 W/ActivityManager( 1631): Crash of app com.evancharlton.mileage running instrumentation ComponentInfo{com.evancharlton.mileage.test/sh.calaba.instrumentationbackend.CalabashInstrumentationTestRunner}
06-06 01:01:02.160 I/ActivityManager( 1631): Force stopping com.evancharlton.mileage appid=10374 user=0: finished inst
06-06 01:01:02.164 V/PhoneStatusBar( 1712): setLightsOn(true)
06-06 01:01:02.165 V/PhoneStatusBar( 1712): setLightsOn(true)
06-06 01:01:02.166 I/WindowManager( 1631): Destroying surface Surface(name=com.evancharlton.mileage/com.evancharlton.mileage.VehicleTypeListActivity) called by com.android.server.wm.WindowStateAnimator.destroySurface:2016 com.android.server.wm.WindowStateAnimator.destroySurfaceLocked:882 com.android.server.wm.WindowState.destroyOrSaveSurface:2100 com.android.server.wm.AppWindowToken.destroySurfaces:363 com.android.server.wm.WindowStateAnimator.finishExit:565 com.android.server.wm.WindowStateAnimator.stepAnimationLocked:491 com.android.server.wm.WindowAnimator.updateWindowsLocked:303 com.android.server.wm.WindowAnimator.animateLocked:704 
06-06 01:01:02.218 D/EGL_emulation( 1712): eglMakeCurrent: 0xb0685360: ver 2 0 (tinfo 0xb06836c0)
06-06 01:01:02.219 D/EGL_emulation( 2076): eglMakeCurrent: 0xb0685360: ver 2 0 (tinfo 0xb06836b0)
06-06 01:01:02.232 D/AndroidRuntime(25326): >>>>>> START com.android.internal.os.RuntimeInit uid 2000 <<<<<<
06-06 01:01:02.233 D/EGL_emulation( 1712): eglMakeCurrent: 0xb0685360: ver 2 0 (tinfo 0xb06836c0)
06-06 01:01:02.235 D/AndroidRuntime(25326): CheckJNI is ON
06-06 01:01:02.249 W/art     (25326): Unexpected CPU variant for X86 using defaults: x86
06-06 01:01:02.251 D/EGL_emulation( 1712): eglMakeCurrent: 0xb0685360: ver 2 0 (tinfo 0xb06836c0)
06-06 01:01:02.252 D/ICU     (25326): No timezone override file found: /data/misc/zoneinfo/current/icu/icu_tzdata.dat
06-06 01:01:02.261 E/memtrack(25326): Couldn't load memtrack module (No such file or directory)
06-06 01:01:02.262 E/android.os.Debug(25326): failed to load memtrack module: -2
06-06 01:01:02.262 I/Radio-JNI(25326): register_android_hardware_Radio DONE
06-06 01:01:02.267 D/AndroidRuntime(25326): Calling main entry com.android.commands.am.Am
06-06 01:01:02.267 D/EGL_emulation( 1712): eglMakeCurrent: 0xb0685360: ver 2 0 (tinfo 0xb06836c0)
06-06 01:01:02.269 I/ActivityManager( 1631): Force stopping com.evancharlton.mileage appid=10374 user=0: start instr
06-06 01:01:02.269 D/EGL_emulation( 1712): eglMakeCurrent: 0xb0685360: ver 2 0 (tinfo 0xb06836c0)
06-06 01:01:02.273 I/art     (25338): Not late-enabling -Xcheck:jni (already on)
06-06 01:01:02.273 W/art     (25338): Unexpected CPU variant for X86 using defaults: x86
06-06 01:01:02.280 I/ActivityManager( 1631): Start proc 25338:com.evancharlton.mileage/u0a374 for added application com.evancharlton.mileage
06-06 01:01:02.280 D/AndroidRuntime(25326): Shutting down VM
06-06 01:01:02.284 D/EGL_emulation( 1712): eglMakeCurrent: 0xb0685360: ver 2 0 (tinfo 0xb06836c0)
06-06 01:01:02.285 D/EGL_emulation( 1712): eglMakeCurrent: 0xb0685360: ver 2 0 (tinfo 0xb06836c0)
06-06 01:01:02.287 W/System  (25338): ClassLoader referenced unknown path: /data/app/com.evancharlton.mileage.test-1/lib/x86
06-06 01:01:02.287 W/System  (25338): ClassLoader referenced unknown path: /data/app/com.evancharlton.mileage-1/lib/x86
06-06 01:01:02.289 W/System  (25338): ClassLoader referenced unknown path: 
06-06 01:01:02.294 I/System.out(25338): Main activity name automatically set to: com.evancharlton.mileage.Mileage
06-06 01:01:02.294 I/System.out(25338): Calabash did not load Mono. This is only a problem if you are trying to test a Mono application
06-06 01:01:02.294 I/calabash(25338): Test server port: 7102
06-06 01:01:02.295 I/InstrumentationBackend(25338): Added:'GetPreferences', with key:'get_preferences'
06-06 01:01:02.299 I/InstrumentationBackend(25338): Added:'SetPreferences', with key:'set_preferences'
06-06 01:01:02.299 I/InstrumentationBackend(25338): Added:'ClearPreferences', with key:'clear_preferences'
06-06 01:01:02.299 I/InstrumentationBackend(25338): Added:'PressElement', with key:'press_l10n_element'
06-06 01:01:02.299 I/InstrumentationBackend(25338): Added:'WaitForElement', with key:'wait_for_l10n_element'
06-06 01:01:02.299 I/InstrumentationBackend(25338): Added:'NullAction', with key:'nullAction'
06-06 01:01:02.299 I/InstrumentationBackend(25338): Added:'PressKey', with key:'press_key'
06-06 01:01:02.299 I/InstrumentationBackend(25338): Added:'SetActivityOrientation', with key:'set_activity_orientation'
06-06 01:01:02.300 I/InstrumentationBackend(25338): Added:'GetActivityOrientation', with key:'get_activity_orientation'
06-06 01:01:02.300 I/InstrumentationBackend(25338): Added:'FakeGPSLocation', with key:'set_gps_coordinates'
06-06 01:01:02.300 I/InstrumentationBackend(25338): Added:'SetPropertyByCssSelector', with key:'set_property_by_css_selector'
06-06 01:01:02.300 I/InstrumentationBackend(25338): Added:'GetUrl', with key:'get_url'
06-06 01:01:02.300 I/InstrumentationBackend(25338): Added:'ScrollTo', with key:'scroll_to'
06-06 01:01:02.300 I/InstrumentationBackend(25338): Added:'GetLoadProgress', with key:'get_load_progress'
06-06 01:01:02.300 D/EGL_emulation( 1712): eglMakeCurrent: 0xb0685360: ver 2 0 (tinfo 0xb06836c0)
06-06 01:01:02.300 I/InstrumentationBackend(25338): Added:'DumpHtml', with key:'dump_html'
06-06 01:01:02.300 I/InstrumentationBackend(25338): Added:'DumpBodyHtml', with key:'dump_body_html'
06-06 01:01:02.300 I/InstrumentationBackend(25338): Added:'EnterTextByCssSelector', with key:'enter_text_by_selector'
06-06 01:01:02.300 I/InstrumentationBackend(25338): Added:'AndroidSDKVersion', with key:'android_sdk_version'
06-06 01:01:02.301 I/InstrumentationBackend(25338): Added:'Version', with key:'version'
06-06 01:01:02.301 I/InstrumentationBackend(25338): Added:'Drag', with key:'drag'
06-06 01:01:02.301 I/InstrumentationBackend(25338): Added:'TouchCoordinates', with key:'touch_coordinate'
06-06 01:01:02.301 I/InstrumentationBackend(25338): Added:'LongPressCoordinate', with key:'long_press_coordinate'
06-06 01:01:02.301 I/InstrumentationBackend(25338): Added:'DragCoordinates', with key:'drag_coordinates'
06-06 01:01:02.301 I/InstrumentationBackend(25338): Added:'ResumeApplication', with key:'resume_application'
06-06 01:01:02.301 I/InstrumentationBackend(25338): Added:'Swipe', with key:'swipe'
06-06 01:01:02.301 I/InstrumentationBackend(25338): Added:'DoubleTapCoordinate', with key:'double_tap_coordinate'
06-06 01:01:02.301 I/InstrumentationBackend(25338): Added:'ClickOnScreen', with key:'click_on_screen'
06-06 01:01:02.301 I/InstrumentationBackend(25338): Added:'GetActivityName', with key:'get_activity_name'
06-06 01:01:02.301 I/InstrumentationBackend(25338): Added:'ScrollToView', with key:'scroll_to_view'
06-06 01:01:02.301 I/InstrumentationBackend(25338): Added:'ViewConfiguration', with key:'view_configuration'
06-06 01:01:02.301 I/InstrumentationBackend(25338): Added:'IsCurrentActivityFocused', with key:'is_current_activity_focused'
06-06 01:01:02.301 I/InstrumentationBackend(25338): Added:'SendTcp', with key:'send_tcp'
06-06 01:01:02.301 I/InstrumentationBackend(25338): Added:'DpToDevicePixel', with key:'dp_to_device_pixel'
06-06 01:01:02.301 I/InstrumentationBackend(25338): Added:'KeyboardEnterText', with key:'keyboard_enter_text'
06-06 01:01:02.301 I/InstrumentationBackend(25338): Added:'DeleteSurroundingText', with key:'delete_surrounding_text'
06-06 01:01:02.301 I/InstrumentationBackend(25338): Added:'SetComposingRegion', with key:'set_composing_region'
06-06 01:01:02.301 I/InstrumentationBackend(25338): Added:'SetSelection', with key:'set_selection'
06-06 01:01:02.301 I/InstrumentationBackend(25338): Added:'KeyboardKeyEvent', with key:'keyboard_key_event'
06-06 01:01:02.301 I/InstrumentationBackend(25338): Added:'PressUserActionButton', with key:'press_user_action_button'
06-06 01:01:02.302 I/InstrumentationBackend(25338): Added:'HideSoftKeyboard', with key:'hide_soft_keyboard'
06-06 01:01:02.302 I/InstrumentationBackend(25338): Added:'ListActions', with key:'list_actions'
06-06 01:01:02.302 I/calabash(25338): Instantiating http server at 7102
06-06 01:01:02.302 D/EGL_emulation( 1712): eglMakeCurrent: 0xb0685360: ver 2 0 (tinfo 0xb06836c0)
06-06 01:01:02.302 I/System.out(25338): HTTP Daemon listening on: 7102
06-06 01:01:02.317 D/EGL_emulation( 1712): eglMakeCurrent: 0xb0685360: ver 2 0 (tinfo 0xb06836c0)
06-06 01:01:02.319 D/EGL_emulation( 1712): eglMakeCurrent: 0xb0685360: ver 2 0 (tinfo 0xb06836c0)
06-06 01:01:02.333 D/EGL_emulation( 1712): eglMakeCurrent: 0xb0685360: ver 2 0 (tinfo 0xb06836c0)
06-06 01:01:02.335 D/EGL_emulation( 1712): eglMakeCurrent: 0xb0685360: ver 2 0 (tinfo 0xb06836c0)
06-06 01:01:02.350 D/EGL_emulation( 1712): eglMakeCurrent: 0xb0685360: ver 2 0 (tinfo 0xb06836c0)
06-06 01:01:02.352 D/EGL_emulation( 1712): eglMakeCurrent: 0xb0685360: ver 2 0 (tinfo 0xb06836c0)
06-06 01:01:02.367 D/EGL_emulation( 1712): eglMakeCurrent: 0xb0685360: ver 2 0 (tinfo 0xb06836c0)
06-06 01:01:02.368 D/EGL_emulation( 1712): eglMakeCurrent: 0xb0685360: ver 2 0 (tinfo 0xb06836c0)
06-06 01:01:02.384 D/EGL_emulation( 1712): eglMakeCurrent: 0xb0685360: ver 2 0 (tinfo 0xb06836c0)
06-06 01:01:02.391 I/System.out(25338): URI: //ping
06-06 01:01:02.391 I/System.out(25338): params: {json={}
06-06 01:01:02.391 I/System.out(25338): }
06-06 01:01:02.393 I/System.out(25338): URI: //ping
06-06 01:01:02.393 I/System.out(25338): params: {json={}
06-06 01:01:02.393 I/System.out(25338): }
06-06 01:01:02.395 I/System.out(25338): URI: //ready
06-06 01:01:02.395 I/System.out(25338): params: {json={}
06-06 01:01:02.395 I/System.out(25338): }
06-06 01:01:02.396 I/System.out(25338): URI: //
06-06 01:01:02.396 I/System.out(25338): params: {json={"command":"version","arguments":[]}
06-06 01:01:02.396 I/System.out(25338): }
06-06 01:01:02.396 I/System.out(25338): header: {content-type=application/json;charset=utf-8, date=Sat, 06 Jun 2020 06:01:02 GMT, accept=*/*, host=127.0.0.1:34777, content-length=36, user-agent=HTTPClient/1.0 (2.8.3, ruby 2.5.1 (2018-03-29))}
06-06 01:01:02.396 I/System.out(25338): params: {json={"command":"version","arguments":[]}
06-06 01:01:02.396 I/System.out(25338): }
06-06 01:01:02.396 I/System.out(25338): ProP json = {"command":"version","arguments":[]}
06-06 01:01:02.396 I/System.out(25338): files: {}
06-06 01:01:02.396 I/System.out(25338): command: {"command":"version","arguments":[]}
06-06 01:01:02.399 I/InstrumentationBackend(25338): Got command:'Command:'Line:null,version', arguments:'[]'
06-06 01:01:02.400 D/EGL_emulation( 1712): eglMakeCurrent: 0xb0685360: ver 2 0 (tinfo 0xb06836c0)
06-06 01:01:02.401 D/EGL_emulation( 1712): eglMakeCurrent: 0xb0685360: ver 2 0 (tinfo 0xb06836c0)
06-06 01:01:02.407 I/System.out(25338): result:{"bonusInformation":[],"message":"0.9.8","success":true}
06-06 01:01:02.409 I/System.out(25338): URI: //start-application
06-06 01:01:02.409 I/System.out(25338): params: {json={"intent":null}
06-06 01:01:02.409 I/System.out(25338): }
06-06 01:01:02.417 D/EGL_emulation( 1712): eglMakeCurrent: 0xb0685360: ver 2 0 (tinfo 0xb06836c0)
06-06 01:01:02.419 D/EGL_emulation( 1712): eglMakeCurrent: 0xb0685360: ver 2 0 (tinfo 0xb06836c0)
06-06 01:01:02.420 I/ActivityManager( 1631): START u0 {act=android.intent.action.MAIN cat=[android.intent.category.LAUNCHER] flg=0x10200000 cmp=com.evancharlton.mileage/.Mileage} from uid 10374 on display 0
06-06 01:01:02.425 I/calabash(25338): newActivity1
06-06 01:01:02.433 D/EGL_emulation( 1712): eglMakeCurrent: 0xb0685360: ver 2 0 (tinfo 0xb06836c0)
06-06 01:01:02.433 I/calabash(25338): newActivity1
06-06 01:01:02.435 W/ActivityManager( 1631): Bad activity token: android.os.BinderProxy@6d22a41
06-06 01:01:02.435 W/ActivityManager( 1631): java.lang.ClassCastException: android.os.BinderProxy cannot be cast to com.android.server.am.ActivityRecord$Token
06-06 01:01:02.435 W/ActivityManager( 1631): 	at com.android.server.am.ActivityRecord.forTokenLocked(ActivityRecord.java:586)
06-06 01:01:02.435 W/ActivityManager( 1631): 	at com.android.server.am.ActivityRecord.isInStackLocked(ActivityRecord.java:1327)
06-06 01:01:02.435 W/ActivityManager( 1631): 	at com.android.server.am.ActivityRecord.getStackLocked(ActivityRecord.java:1332)
06-06 01:01:02.435 W/ActivityManager( 1631): 	at com.android.server.am.ActivityManagerService.getActivityDisplayId(ActivityManagerService.java:9806)
06-06 01:01:02.435 W/ActivityManager( 1631): 	at android.app.ActivityManagerNative.onTransact(ActivityManagerNative.java:2566)
06-06 01:01:02.435 W/ActivityManager( 1631): 	at com.android.server.am.ActivityManagerService.onTransact(ActivityManagerService.java:2757)
06-06 01:01:02.435 W/ActivityManager( 1631): 	at android.os.Binder.execTransact(Binder.java:565)
06-06 01:01:02.435 D/EGL_emulation( 1712): eglMakeCurrent: 0xb0685360: ver 2 0 (tinfo 0xb06836c0)
06-06 01:01:02.436 W/ActivityManager( 1631): Bad activity token: android.os.BinderProxy@6d22a41
06-06 01:01:02.436 W/ActivityManager( 1631): java.lang.ClassCastException: android.os.BinderProxy cannot be cast to com.android.server.am.ActivityRecord$Token
06-06 01:01:02.436 W/ActivityManager( 1631): 	at com.android.server.am.ActivityRecord.forTokenLocked(ActivityRecord.java:586)
06-06 01:01:02.436 W/ActivityManager( 1631): 	at com.android.server.am.ActivityRecord.isInStackLocked(ActivityRecord.java:1327)
06-06 01:01:02.436 W/ActivityManager( 1631): 	at com.android.server.am.ActivityManagerService.setTaskDescription(ActivityManagerService.java:9358)
06-06 01:01:02.436 W/ActivityManager( 1631): 	at android.app.ActivityManagerNative.onTransact(ActivityManagerNative.java:2639)
06-06 01:01:02.436 W/ActivityManager( 1631): 	at com.android.server.am.ActivityManagerService.onTransact(ActivityManagerService.java:2757)
06-06 01:01:02.436 W/ActivityManager( 1631): 	at android.os.Binder.execTransact(Binder.java:565)
06-06 01:01:02.437 W/ActivityManager( 1631): Bad activity token: android.os.BinderProxy@6d22a41
06-06 01:01:02.437 W/ActivityManager( 1631): java.lang.ClassCastException: android.os.BinderProxy cannot be cast to com.android.server.am.ActivityRecord$Token
06-06 01:01:02.437 W/ActivityManager( 1631): 	at com.android.server.am.ActivityRecord.forTokenLocked(ActivityRecord.java:586)
06-06 01:01:02.437 W/ActivityManager( 1631): 	at com.android.server.am.ActivityRecord.isInStackLocked(ActivityRecord.java:1327)
06-06 01:01:02.437 W/ActivityManager( 1631): 	at com.android.server.am.ActivityRecord.getStackLocked(ActivityRecord.java:1332)
06-06 01:01:02.437 W/ActivityManager( 1631): 	at com.android.server.am.ActivityManagerService.getActivityStackId(ActivityManagerService.java:9817)
06-06 01:01:02.437 W/ActivityManager( 1631): 	at android.app.ActivityManagerNative.onTransact(ActivityManagerNative.java:2856)
06-06 01:01:02.437 W/ActivityManager( 1631): 	at com.android.server.am.ActivityManagerService.onTransact(ActivityManagerService.java:2757)
06-06 01:01:02.437 W/ActivityManager( 1631): 	at android.os.Binder.execTransact(Binder.java:565)
06-06 01:01:02.450 D/EGL_emulation( 1712): eglMakeCurrent: 0xb0685360: ver 2 0 (tinfo 0xb06836c0)
06-06 01:01:02.452 D/EGL_emulation( 1712): eglMakeCurrent: 0xb0685360: ver 2 0 (tinfo 0xb06836c0)
06-06 01:01:02.452 D/gralloc_ranchu( 1347): gralloc_alloc: Creating ashmem region of size 9023488
06-06 01:01:02.458 W/ActivityManager( 1631): Bad activity token: android.os.BinderProxy@6d22a41
06-06 01:01:02.458 W/ActivityManager( 1631): java.lang.ClassCastException: android.os.BinderProxy cannot be cast to com.android.server.am.ActivityRecord$Token
06-06 01:01:02.458 W/ActivityManager( 1631): 	at com.android.server.am.ActivityRecord.forTokenLocked(ActivityRecord.java:586)
06-06 01:01:02.458 W/ActivityManager( 1631): 	at com.android.server.am.ActivityRecord.isInStackLocked(ActivityRecord.java:1327)
06-06 01:01:02.458 W/ActivityManager( 1631): 	at com.android.server.am.ActivityManagerService.getActivityOptions(ActivityManagerService.java:12559)
06-06 01:01:02.458 W/ActivityManager( 1631): 	at android.app.ActivityManagerNative.onTransact(ActivityManagerNative.java:1933)
06-06 01:01:02.458 W/ActivityManager( 1631): 	at com.android.server.am.ActivityManagerService.onTransact(ActivityManagerService.java:2757)
06-06 01:01:02.458 W/ActivityManager( 1631): 	at android.os.Binder.execTransact(Binder.java:565)
06-06 01:01:02.458 W/ActivityManager( 1631): Bad activity token: android.os.BinderProxy@6d22a41
06-06 01:01:02.458 W/ActivityManager( 1631): java.lang.ClassCastException: android.os.BinderProxy cannot be cast to com.android.server.am.ActivityRecord$Token
06-06 01:01:02.458 W/ActivityManager( 1631): 	at com.android.server.am.ActivityRecord.forTokenLocked(ActivityRecord.java:586)
06-06 01:01:02.458 W/ActivityManager( 1631): 	at com.android.server.am.ActivityRecord.isInStackLocked(ActivityRecord.java:1327)
06-06 01:01:02.458 W/ActivityManager( 1631): 	at com.android.server.am.ActivityManagerService.getActivityOptions(ActivityManagerService.java:12559)
06-06 01:01:02.458 W/ActivityManager( 1631): 	at android.app.ActivityManagerNative.onTransact(ActivityManagerNative.java:1933)
06-06 01:01:02.458 W/ActivityManager( 1631): 	at com.android.server.am.ActivityManagerService.onTransact(ActivityManagerService.java:2757)
06-06 01:01:02.458 W/ActivityManager( 1631): 	at android.os.Binder.execTransact(Binder.java:565)
06-06 01:01:02.491 V/PhoneStatusBar( 1712): setLightsOn(true)
06-06 01:01:02.500 D/EGL_emulation( 1712): eglMakeCurrent: 0xb0685360: ver 2 0 (tinfo 0xb06836c0)
06-06 01:01:02.500 V/PhoneStatusBar( 1712): setLightsOn(true)
06-06 01:01:02.503 V/PhoneStatusBar( 1712): setLightsOn(true)
06-06 01:01:02.503 D/gralloc_ranchu( 1347): gralloc_alloc: Creating ashmem region of size 9023488
06-06 01:01:02.506 V/PhoneStatusBar( 1712): setLightsOn(true)
06-06 01:01:02.509 D/        (25338): HostConnection::get() New Host Connection established 0x940130c0, tid 25338
06-06 01:01:02.552 D/EGL_emulation( 1712): eglMakeCurrent: 0xb0685360: ver 2 0 (tinfo 0xb06836c0)
06-06 01:01:02.552 D/EGL_emulation( 2076): eglMakeCurrent: 0xb0685360: ver 2 0 (tinfo 0xb06836b0)
06-06 01:01:02.556 D/EGL_emulation( 1712): eglMakeCurrent: 0xb0685360: ver 2 0 (tinfo 0xb06836c0)
06-06 01:01:02.558 D/EGL_emulation( 1712): eglMakeCurrent: 0xb0685360: ver 2 0 (tinfo 0xb06836c0)
06-06 01:01:02.561 D/EGL_emulation( 1712): eglMakeCurrent: 0xb0685360: ver 2 0 (tinfo 0xb06836c0)
06-06 01:01:02.572 D/EGL_emulation( 1712): eglMakeCurrent: 0xb0685360: ver 2 0 (tinfo 0xb06836c0)
06-06 01:01:02.574 D/EGL_emulation( 1712): eglMakeCurrent: 0xb0685360: ver 2 0 (tinfo 0xb06836c0)
06-06 01:01:02.574 V/PhoneStatusBar( 1712): setLightsOn(true)
06-06 01:01:02.585 D/EGL_emulation( 1712): eglMakeCurrent: 0xb0685360: ver 2 0 (tinfo 0xb06836c0)
06-06 01:01:02.588 D/EGL_emulation( 1712): eglMakeCurrent: 0xb0685360: ver 2 0 (tinfo 0xb06836c0)
06-06 01:01:02.600 D/gralloc_ranchu( 1347): gralloc_alloc: Creating ashmem region of size 9023488
06-06 01:01:02.600 I/ActivityManager( 1631): Displayed com.evancharlton.mileage/.Mileage: +178ms
06-06 01:01:02.600 D/EGL_emulation( 1712): eglMakeCurrent: 0xb0685360: ver 2 0 (tinfo 0xb06836c0)
06-06 01:01:02.614 D/EGL_emulation( 1712): eglMakeCurrent: 0xb0685360: ver 2 0 (tinfo 0xb06836c0)
06-06 01:01:02.617 D/EGL_emulation( 1712): eglMakeCurrent: 0xb0685360: ver 2 0 (tinfo 0xb06836c0)
06-06 01:01:02.625 D/EGL_emulation( 1712): eglMakeCurrent: 0xb0685360: ver 2 0 (tinfo 0xb06836c0)
06-06 01:01:02.634 D/EGL_emulation( 1712): eglMakeCurrent: 0xb0685360: ver 2 0 (tinfo 0xb06836c0)
06-06 01:01:02.636 D/EGL_emulation( 1712): eglMakeCurrent: 0xb0685360: ver 2 0 (tinfo 0xb06836c0)
06-06 01:01:02.636 V/PhoneStatusBar( 1712): setLightsOn(true)
06-06 01:01:02.651 D/EGL_emulation( 1712): eglMakeCurrent: 0xb0685360: ver 2 0 (tinfo 0xb06836c0)
06-06 01:01:02.652 D/EGL_emulation( 1712): eglMakeCurrent: 0xb0685360: ver 2 0 (tinfo 0xb06836c0)
06-06 01:01:02.658 I/System.out(25338): URI: //map
06-06 01:01:02.659 I/System.out(25338): params: {json={"query":"* marked:'Vehicles'","operation":{"method_name":"query","arguments":[]}}
06-06 01:01:02.659 I/System.out(25338): }
06-06 01:01:02.667 D/EGL_emulation( 1712): eglMakeCurrent: 0xb0685360: ver 2 0 (tinfo 0xb06836c0)
06-06 01:01:02.669 D/EGL_emulation( 1712): eglMakeCurrent: 0xb0685360: ver 2 0 (tinfo 0xb06836c0)
06-06 01:01:02.672 W/ResourceType(25338): No package identifier when getting name for resource number 0x00000001
06-06 01:01:02.683 D/EGL_emulation( 1712): eglMakeCurrent: 0xb0685360: ver 2 0 (tinfo 0xb06836c0)
06-06 01:01:02.686 D/EGL_emulation( 1712): eglMakeCurrent: 0xb0685360: ver 2 0 (tinfo 0xb06836c0)
06-06 01:01:02.690 I/System.out(25338): URI: //gesture
06-06 01:01:02.690 I/System.out(25338): params: {json={"query_timeout":5.0,"gestures":[{"query_string":"* marked:'Vehicles'","touches":[{"x":50,"y":50,"offset_x":0,"offset_y":0,"wait":0.0,"time":0.2,"release":true,"query_string":null}]}]}
06-06 01:01:02.690 I/System.out(25338): }
06-06 01:01:02.694 W/ResourceType(25338): No package identifier when getting name for resource number 0x00000001
06-06 01:01:02.707 D/EGL_emulation( 1712): eglMakeCurrent: 0xb0685360: ver 2 0 (tinfo 0xb06836c0)
06-06 01:01:02.709 D/EGL_emulation( 1712): eglMakeCurrent: 0xb0685360: ver 2 0 (tinfo 0xb06836c0)
06-06 01:01:02.720 D/EGL_emulation( 1712): eglMakeCurrent: 0xb0685360: ver 2 0 (tinfo 0xb06836c0)
06-06 01:01:02.800 I/WindowManager( 1631): Destroying surface Surface(name=Starting com.evancharlton.mileage) called by com.android.server.wm.WindowStateAnimator.destroySurface:2016 com.android.server.wm.WindowStateAnimator.destroySurfaceLocked:882 com.android.server.wm.WindowState.destroyOrSaveSurface:2100 com.android.server.wm.AppWindowToken.destroySurfaces:363 com.android.server.wm.WindowStateAnimator.finishExit:565 com.android.server.wm.WindowStateAnimator.stepAnimationLocked:491 com.android.server.wm.WindowAnimator.updateWindowsLocked:303 com.android.server.wm.WindowAnimator.animateLocked:704 
06-06 01:01:02.801 V/PhoneStatusBar( 1712): setLightsOn(true)
06-06 01:01:02.833 V/PhoneStatusBar( 1712): setLightsOn(true)
06-06 01:01:02.918 I/calabash(25338): newActivity1
06-06 01:01:02.919 W/ActivityManager( 1631): Bad activity token: android.os.BinderProxy@9bfecb3
06-06 01:01:02.919 W/ActivityManager( 1631): java.lang.ClassCastException: android.os.BinderProxy cannot be cast to com.android.server.am.ActivityRecord$Token
06-06 01:01:02.919 W/ActivityManager( 1631): 	at com.android.server.am.ActivityRecord.forTokenLocked(ActivityRecord.java:586)
06-06 01:01:02.919 W/ActivityManager( 1631): 	at com.android.server.am.ActivityRecord.isInStackLocked(ActivityRecord.java:1327)
06-06 01:01:02.919 W/ActivityManager( 1631): 	at com.android.server.am.ActivityRecord.getStackLocked(ActivityRecord.java:1332)
06-06 01:01:02.919 W/ActivityManager( 1631): 	at com.android.server.am.ActivityManagerService.getActivityDisplayId(ActivityManagerService.java:9806)
06-06 01:01:02.919 W/ActivityManager( 1631): 	at android.app.ActivityManagerNative.onTransact(ActivityManagerNative.java:2566)
06-06 01:01:02.919 W/ActivityManager( 1631): 	at com.android.server.am.ActivityManagerService.onTransact(ActivityManagerService.java:2757)
06-06 01:01:02.919 W/ActivityManager( 1631): 	at android.os.Binder.execTransact(Binder.java:565)
06-06 01:01:02.920 W/ActivityManager( 1631): Bad activity token: android.os.BinderProxy@9bfecb3
06-06 01:01:02.920 W/ActivityManager( 1631): java.lang.ClassCastException: android.os.BinderProxy cannot be cast to com.android.server.am.ActivityRecord$Token
06-06 01:01:02.920 W/ActivityManager( 1631): 	at com.android.server.am.ActivityRecord.forTokenLocked(ActivityRecord.java:586)
06-06 01:01:02.920 W/ActivityManager( 1631): 	at com.android.server.am.ActivityRecord.isInStackLocked(ActivityRecord.java:1327)
06-06 01:01:02.920 W/ActivityManager( 1631): 	at com.android.server.am.ActivityManagerService.setTaskDescription(ActivityManagerService.java:9358)
06-06 01:01:02.920 W/ActivityManager( 1631): 	at android.app.ActivityManagerNative.onTransact(ActivityManagerNative.java:2639)
06-06 01:01:02.920 W/ActivityManager( 1631): 	at com.android.server.am.ActivityManagerService.onTransact(ActivityManagerService.java:2757)
06-06 01:01:02.920 W/ActivityManager( 1631): 	at android.os.Binder.execTransact(Binder.java:565)
06-06 01:01:02.920 W/ActivityManager( 1631): Bad activity token: android.os.BinderProxy@9bfecb3
06-06 01:01:02.920 W/ActivityManager( 1631): java.lang.ClassCastException: android.os.BinderProxy cannot be cast to com.android.server.am.ActivityRecord$Token
06-06 01:01:02.920 W/ActivityManager( 1631): 	at com.android.server.am.ActivityRecord.forTokenLocked(ActivityRecord.java:586)
06-06 01:01:02.920 W/ActivityManager( 1631): 	at com.android.server.am.ActivityRecord.isInStackLocked(ActivityRecord.java:1327)
06-06 01:01:02.920 W/ActivityManager( 1631): 	at com.android.server.am.ActivityRecord.getStackLocked(ActivityRecord.java:1332)
06-06 01:01:02.920 W/ActivityManager( 1631): 	at com.android.server.am.ActivityManagerService.getActivityStackId(ActivityManagerService.java:9817)
06-06 01:01:02.920 W/ActivityManager( 1631): 	at android.app.ActivityManagerNative.onTransact(ActivityManagerNative.java:2856)
06-06 01:01:02.920 W/ActivityManager( 1631): 	at com.android.server.am.ActivityManagerService.onTransact(ActivityManagerService.java:2757)
06-06 01:01:02.920 W/ActivityManager( 1631): 	at android.os.Binder.execTransact(Binder.java:565)
06-06 01:01:02.923 W/ActivityManager( 1631): Bad activity token: android.os.BinderProxy@9bfecb3
06-06 01:01:02.923 W/ActivityManager( 1631): java.lang.ClassCastException: android.os.BinderProxy cannot be cast to com.android.server.am.ActivityRecord$Token
06-06 01:01:02.923 W/ActivityManager( 1631): 	at com.android.server.am.ActivityRecord.forTokenLocked(ActivityRecord.java:586)
06-06 01:01:02.923 W/ActivityManager( 1631): 	at com.android.server.am.ActivityRecord.isInStackLocked(ActivityRecord.java:1327)
06-06 01:01:02.923 W/ActivityManager( 1631): 	at com.android.server.am.ActivityManagerService.getActivityOptions(ActivityManagerService.java:12559)
06-06 01:01:02.923 W/ActivityManager( 1631): 	at android.app.ActivityManagerNative.onTransact(ActivityManagerNative.java:1933)
06-06 01:01:02.923 W/ActivityManager( 1631): 	at com.android.server.am.ActivityManagerService.onTransact(ActivityManagerService.java:2757)
06-06 01:01:02.923 W/ActivityManager( 1631): 	at android.os.Binder.execTransact(Binder.java:565)
06-06 01:01:02.924 W/ActivityManager( 1631): Bad activity token: android.os.BinderProxy@9bfecb3
06-06 01:01:02.924 W/ActivityManager( 1631): java.lang.ClassCastException: android.os.BinderProxy cannot be cast to com.android.server.am.ActivityRecord$Token
06-06 01:01:02.924 W/ActivityManager( 1631): 	at com.android.server.am.ActivityRecord.forTokenLocked(ActivityRecord.java:586)
06-06 01:01:02.924 W/ActivityManager( 1631): 	at com.android.server.am.ActivityRecord.isInStackLocked(ActivityRecord.java:1327)
06-06 01:01:02.924 W/ActivityManager( 1631): 	at com.android.server.am.ActivityManagerService.getActivityOptions(ActivityManagerService.java:12559)
06-06 01:01:02.924 W/ActivityManager( 1631): 	at android.app.ActivityManagerNative.onTransact(ActivityManagerNative.java:1933)
06-06 01:01:02.924 W/ActivityManager( 1631): 	at com.android.server.am.ActivityManagerService.onTransact(ActivityManagerService.java:2757)
06-06 01:01:02.924 W/ActivityManager( 1631): 	at android.os.Binder.execTransact(Binder.java:565)
06-06 01:01:02.983 V/PhoneStatusBar( 1712): setLightsOn(true)
06-06 01:01:03.268 V/PhoneStatusBar( 1712): setLightsOn(true)
06-06 01:01:03.271 V/PhoneStatusBar( 1712): setLightsOn(true)
06-06 01:01:03.275 W/OpenGLRenderer( 2076): Incorrectly called buildLayer on View: ShortcutAndWidgetContainer, destroying layer...
06-06 01:01:03.285 I/WindowManager( 1631): Destroying surface Surface(name=com.android.launcher3/com.android.launcher3.Launcher) called by com.android.server.wm.WindowStateAnimator.destroySurface:2016 com.android.server.wm.WindowStateAnimator.destroySurfaceLocked:882 com.android.server.wm.WindowState.destroyOrSaveSurface:2100 com.android.server.wm.AppWindowToken.destroySurfaces:363 com.android.server.wm.AppWindowToken.notifyAppStopped:389 com.android.server.wm.WindowManagerService.notifyAppStopped:4463 com.android.server.am.ActivityStack.activityStoppedLocked:1252 com.android.server.am.ActivityManagerService.activityStopped:6903 
06-06 01:01:03.287 V/PhoneStatusBar( 1712): setLightsOn(true)
06-06 01:01:03.932 I/System.out(25338): URI: //
06-06 01:01:03.933 I/System.out(25338): params: {json={"command":"press_key","arguments":["KEYCODE_MENU"]}
06-06 01:01:03.933 I/System.out(25338): }
06-06 01:01:03.933 I/System.out(25338): header: {content-type=application/json;charset=utf-8, date=Sat, 06 Jun 2020 06:01:04 GMT, accept=*/*, host=127.0.0.1:34777, content-length=52, user-agent=HTTPClient/1.0 (2.8.3, ruby 2.5.1 (2018-03-29))}
06-06 01:01:03.933 I/System.out(25338): params: {json={"command":"press_key","arguments":["KEYCODE_MENU"]}
06-06 01:01:03.933 I/System.out(25338): }
06-06 01:01:03.933 I/System.out(25338): ProP json = {"command":"press_key","arguments":["KEYCODE_MENU"]}
06-06 01:01:03.933 I/System.out(25338): files: {}
06-06 01:01:03.933 I/System.out(25338): command: {"command":"press_key","arguments":["KEYCODE_MENU"]}
06-06 01:01:03.937 I/InstrumentationBackend(25338): Got command:'Command:'Line:null,press_key', arguments:'[KEYCODE_MENU]'
06-06 01:01:03.970 V/PhoneStatusBar( 1712): setLightsOn(true)
06-06 01:01:03.978 I/System.out(25338): result:{"bonusInformation":[],"message":"","success":true}
06-06 01:01:03.983 I/System.out(25338): URI: //map
06-06 01:01:03.983 I/System.out(25338): params: {json={"query":"* marked:'Add new vehicle'","operation":{"method_name":"query","arguments":[]}}
06-06 01:01:03.983 I/System.out(25338): }
06-06 01:01:03.987 V/PhoneStatusBar( 1712): setLightsOn(true)
06-06 01:01:04.001 V/PhoneStatusBar( 1712): setLightsOn(true)
06-06 01:01:04.020 V/PhoneStatusBar( 1712): setLightsOn(true)
06-06 01:01:04.024 D/gralloc_ranchu( 1347): gralloc_alloc: Creating ashmem region of size 1720320
06-06 01:01:04.044 V/PhoneStatusBar( 1712): setLightsOn(true)
06-06 01:01:04.045 W/ResourceType(25338): No package identifier when getting name for resource number 0x00000001
06-06 01:01:04.047 V/PhoneStatusBar( 1712): setLightsOn(true)
06-06 01:01:04.055 V/PhoneStatusBar( 1712): setLightsOn(true)
06-06 01:01:04.078 I/System.out(25338): URI: //gesture
06-06 01:01:04.078 I/System.out(25338): params: {json={"query_timeout":5.0,"gestures":[{"query_string":"* marked:'Add new vehicle'","touches":[{"x":50,"y":50,"offset_x":0,"offset_y":0,"wait":0.0,"time":0.2,"release":true,"query_string":null}]}]}
06-06 01:01:04.078 I/System.out(25338): }
06-06 01:01:04.085 W/ResourceType(25338): No package identifier when getting name for resource number 0x00000001
06-06 01:01:04.210 D/gralloc_ranchu( 1347): gralloc_alloc: Creating ashmem region of size 9023488
06-06 01:01:04.283 V/PhoneStatusBar( 1712): setLightsOn(true)
06-06 01:01:04.304 D/gralloc_ranchu( 1347): gralloc_alloc: Creating ashmem region of size 1720320
06-06 01:01:04.377 I/art     (25338): Do partial code cache collection, code=30KB, data=29KB
06-06 01:01:04.377 I/art     (25338): After code cache collection, code=29KB, data=29KB
06-06 01:01:04.377 I/art     (25338): Increasing code cache capacity to 128KB
06-06 01:01:04.387 I/System.out(25338): URI: //gesture
06-06 01:01:04.387 I/System.out(25338): params: {json={"query_timeout":5.0,"gestures":[{"query_string":"android.widget.EditText index:0","touches":[{"x":50,"y":50,"offset_x":0,"offset_y":0,"wait":0.0,"time":0.2,"release":true,"query_string":null}]}]}
06-06 01:01:04.387 I/System.out(25338): }
06-06 01:01:04.400 I/ActivityManager( 1631): START u0 {cmp=com.evancharlton.mileage/.VehicleActivity} from uid 10374 on display 0
06-06 01:01:04.401 V/PhoneStatusBar( 1712): setLightsOn(true)
06-06 01:01:04.402 V/PhoneStatusBar( 1712): setLightsOn(true)
06-06 01:01:04.440 I/WindowManager( 1631): Destroying surface Surface(name=AtchDlg:com.evancharlton.mileage/com.evancharlton.mileage.VehicleListActivity) called by com.android.server.wm.WindowStateAnimator.destroySurface:2016 com.android.server.wm.WindowStateAnimator.destroySurfaceLocked:882 com.android.server.wm.WindowState.removeLocked:1456 com.android.server.wm.WindowManagerService.removeWindowInnerLocked:2484 com.android.server.wm.WindowManagerService.removeWindowLocked:2442 com.android.server.wm.WindowManagerService.removeWindowLocked:2311 com.android.server.wm.WindowManagerService.removeWindow:2306 com.android.server.wm.Session.remove:202 
06-06 01:01:04.442 I/calabash(25338): newActivity1
06-06 01:01:04.466 V/PhoneStatusBar( 1712): setLightsOn(true)
06-06 01:01:04.469 D/gralloc_ranchu( 1347): gralloc_alloc: Creating ashmem region of size 9023488
06-06 01:01:04.483 V/PhoneStatusBar( 1712): setLightsOn(true)
06-06 01:01:04.494 I/ActivityManager( 1631): Displayed com.evancharlton.mileage/.VehicleActivity: +56ms
06-06 01:01:04.494 W/InputMethodService( 1698): Window size has been changed. This may cause jankiness of resizing window: -1 -> -2
06-06 01:01:04.499 D/gralloc_ranchu( 1347): gralloc_alloc: Creating ashmem region of size 9023488
06-06 01:01:04.500 I/LatinIME( 1698): Starting input. Cursor position = 0,0
06-06 01:01:04.500 V/PhoneStatusBar( 1712): setLightsOn(true)
06-06 01:01:04.533 V/PhoneStatusBar( 1712): setLightsOn(true)
06-06 01:01:04.567 V/PhoneStatusBar( 1712): setLightsOn(true)
06-06 01:01:04.601 D/EGL_emulation( 1712): eglMakeCurrent: 0xb0685360: ver 2 0 (tinfo 0xb06836c0)
06-06 01:01:04.602 D/EGL_emulation( 1698): eglMakeCurrent: 0xb0685060: ver 2 0 (tinfo 0xb0683b60)
06-06 01:01:04.602 V/PhoneStatusBar( 1712): setLightsOn(true)
06-06 01:01:04.617 D/EGL_emulation( 1712): eglMakeCurrent: 0xb0685360: ver 2 0 (tinfo 0xb06836c0)
06-06 01:01:04.633 V/PhoneStatusBar( 1712): setLightsOn(true)
06-06 01:01:04.734 V/PhoneStatusBar( 1712): setLightsOn(true)
06-06 01:01:04.836 V/PhoneStatusBar( 1712): setLightsOn(true)
06-06 01:01:04.853 V/PhoneStatusBar( 1712): setLightsOn(true)
06-06 01:01:04.856 V/PhoneStatusBar( 1712): setLightsOn(true)
06-06 01:01:04.869 V/PhoneStatusBar( 1712): setLightsOn(true)
06-06 01:01:04.872 I/WindowManager( 1631): Destroying surface Surface(name=com.evancharlton.mileage/com.evancharlton.mileage.Mileage) called by com.android.server.wm.WindowStateAnimator.destroySurface:2016 com.android.server.wm.WindowStateAnimator.destroySurfaceLocked:882 com.android.server.wm.WindowState.destroyOrSaveSurface:2100 com.android.server.wm.WindowManagerService.tryStartExitingAnimation:3024 com.android.server.wm.WindowManagerService.relayoutWindow:2904 com.android.server.wm.Session.relayout:224 android.view.IWindowSession$Stub.onTransact:286 com.android.server.wm.Session.onTransact:145 
06-06 01:01:04.874 V/PhoneStatusBar( 1712): setLightsOn(true)
06-06 01:01:05.658 I/System.out(25338): URI: //
06-06 01:01:05.658 I/System.out(25338): params: {json={"command":"set_selection","arguments":[-1,-1]}
06-06 01:01:05.658 I/System.out(25338): }
06-06 01:01:05.658 I/System.out(25338): header: {content-type=application/json;charset=utf-8, date=Sat, 06 Jun 2020 06:01:05 GMT, accept=*/*, host=127.0.0.1:34777, content-length=47, user-agent=HTTPClient/1.0 (2.8.3, ruby 2.5.1 (2018-03-29))}
06-06 01:01:05.658 I/System.out(25338): params: {json={"command":"set_selection","arguments":[-1,-1]}
06-06 01:01:05.658 I/System.out(25338): }
06-06 01:01:05.658 I/System.out(25338): ProP json = {"command":"set_selection","arguments":[-1,-1]}
06-06 01:01:05.658 I/System.out(25338): files: {}
06-06 01:01:05.658 I/System.out(25338): command: {"command":"set_selection","arguments":[-1,-1]}
06-06 01:01:05.659 I/InstrumentationBackend(25338): Got command:'Command:'Line:null,set_selection', arguments:'[-1, -1]'
06-06 01:01:05.715 I/System.out(25338): result:{"bonusInformation":[],"message":"","success":true}
06-06 01:01:05.750 D/gralloc_ranchu( 1347): gralloc_alloc: Creating ashmem region of size 9023488
06-06 01:01:05.819 I/System.out(25338): URI: //
06-06 01:01:05.819 I/System.out(25338): params: {json={"command":"delete_surrounding_text","arguments":[-1,0]}
06-06 01:01:05.819 I/System.out(25338): }
06-06 01:01:05.819 I/System.out(25338): header: {content-type=application/json;charset=utf-8, date=Sat, 06 Jun 2020 06:01:06 GMT, accept=*/*, host=127.0.0.1:34777, content-length=56, user-agent=HTTPClient/1.0 (2.8.3, ruby 2.5.1 (2018-03-29))}
06-06 01:01:05.819 I/System.out(25338): params: {json={"command":"delete_surrounding_text","arguments":[-1,0]}
06-06 01:01:05.819 I/System.out(25338): }
06-06 01:01:05.819 I/System.out(25338): ProP json = {"command":"delete_surrounding_text","arguments":[-1,0]}
06-06 01:01:05.819 I/System.out(25338): files: {}
06-06 01:01:05.819 I/System.out(25338): command: {"command":"delete_surrounding_text","arguments":[-1,0]}
06-06 01:01:05.820 I/InstrumentationBackend(25338): Got command:'Command:'Line:null,delete_surrounding_text', arguments:'[-1, 0]'
06-06 01:01:05.839 E/SpannableStringBuilder(25338): SPAN_EXCLUSIVE_EXCLUSIVE spans cannot have a zero length
06-06 01:01:05.839 E/SpannableStringBuilder(25338): SPAN_EXCLUSIVE_EXCLUSIVE spans cannot have a zero length
06-06 01:01:05.843 I/System.out(25338): result:{"bonusInformation":[],"message":"","success":true}
06-06 01:01:05.846 I/System.out(25338): URI: //
06-06 01:01:05.846 I/System.out(25338): params: {json={"command":"press_key","arguments":["KEYCODE_BACK"]}
06-06 01:01:05.846 I/System.out(25338): }
06-06 01:01:05.846 I/System.out(25338): header: {content-type=application/json;charset=utf-8, date=Sat, 06 Jun 2020 06:01:06 GMT, accept=*/*, host=127.0.0.1:34777, content-length=52, user-agent=HTTPClient/1.0 (2.8.3, ruby 2.5.1 (2018-03-29))}
06-06 01:01:05.846 I/System.out(25338): params: {json={"command":"press_key","arguments":["KEYCODE_BACK"]}
06-06 01:01:05.846 I/System.out(25338): }
06-06 01:01:05.846 I/System.out(25338): ProP json = {"command":"press_key","arguments":["KEYCODE_BACK"]}
06-06 01:01:05.846 I/System.out(25338): files: {}
06-06 01:01:05.846 I/System.out(25338): command: {"command":"press_key","arguments":["KEYCODE_BACK"]}
06-06 01:01:05.847 I/InstrumentationBackend(25338): Got command:'Command:'Line:null,press_key', arguments:'[KEYCODE_BACK]'
06-06 01:01:05.849 W/InputMethodService( 1698): Window size has been changed. This may cause jankiness of resizing window: -1 -> -2
06-06 01:01:05.850 D/EGL_emulation( 1712): eglMakeCurrent: 0xb0685360: ver 2 0 (tinfo 0xb06836c0)
06-06 01:01:05.852 I/System.out(25338): result:{"bonusInformation":[],"message":"","success":true}
06-06 01:01:05.856 I/System.out(25338): URI: //map
06-06 01:01:05.856 I/System.out(25338): params: {json={"query":"* marked:'Add new vehicle'","operation":{"method_name":"query","arguments":[]}}
06-06 01:01:05.856 I/System.out(25338): }
06-06 01:01:05.862 D/EGL_emulation( 1698): eglMakeCurrent: 0xb0685060: ver 2 0 (tinfo 0xb0683b60)
06-06 01:01:05.866 V/PhoneStatusBar( 1712): setLightsOn(true)
06-06 01:01:05.869 V/PhoneStatusBar( 1712): setLightsOn(true)
06-06 01:01:05.901 V/PhoneStatusBar( 1712): setLightsOn(true)
06-06 01:01:05.918 W/ResourceType(25338): No package identifier when getting name for resource number 0x00000001
06-06 01:01:05.929 I/System.out(25338): URI: //gesture
06-06 01:01:05.929 I/System.out(25338): params: {json={"query_timeout":5.0,"gestures":[{"query_string":"* marked:'Add new vehicle'","touches":[{"x":50,"y":50,"offset_x":0,"offset_y":0,"wait":0.0,"time":0.2,"release":true,"query_string":null}]}]}
06-06 01:01:05.929 I/System.out(25338): }
06-06 01:01:05.949 W/ResourceType(25338): No package identifier when getting name for resource number 0x00000001
06-06 01:01:06.050 V/PhoneStatusBar( 1712): setLightsOn(true)
06-06 01:01:06.051 I/WindowManager( 1631): Destroying surface Surface(name=InputMethod) called by com.android.server.wm.WindowStateAnimator.destroySurface:2016 com.android.server.wm.WindowStateAnimator.destroySurfaceLocked:882 com.android.server.wm.WindowState.destroyOrSaveSurface:2100 com.android.server.wm.WindowSurfacePlacer.performSurfacePlacementInner:429 com.android.server.wm.WindowSurfacePlacer.performSurfacePlacementLoop:232 com.android.server.wm.WindowSurfacePlacer.performSurfacePlacement:180 com.android.server.wm.WindowManagerService$H.handleMessage:8086 android.os.Handler.dispatchMessage:102 
06-06 01:01:06.193 I/System.out(25338): URI: //map
06-06 01:01:06.193 I/System.out(25338): params: {json={"query":"* {text CONTAINS[c] 'Invalid vehicle title'}","operation":{"method_name":"query","arguments":[]}}
06-06 01:01:06.193 I/System.out(25338): }
06-06 01:01:06.232 V/PhoneStatusBar( 1712): setLightsOn(true)
06-06 01:01:06.250 V/PhoneStatusBar( 1712): setLightsOn(true)
06-06 01:01:06.266 D/gralloc_ranchu( 1347): gralloc_alloc: Creating ashmem region of size 274432
06-06 01:01:06.270 V/PhoneStatusBar( 1712): setLightsOn(true)
06-06 01:01:06.271 V/PhoneStatusBar( 1712): setLightsOn(true)
06-06 01:01:06.284 V/PhoneStatusBar( 1712): setLightsOn(true)
06-06 01:01:06.284 I/System.out(25338): URI: //map
06-06 01:01:06.284 I/System.out(25338): params: {json={"query":"android.widget.EditText index:0","operation":{"method_name":"query","arguments":[]}}
06-06 01:01:06.284 I/System.out(25338): }
06-06 01:01:06.300 I/System.out(25338): URI: //gesture
06-06 01:01:06.300 I/System.out(25338): params: {json={"query_timeout":5.0,"gestures":[{"query_string":"android.widget.EditText index:0","touches":[{"x":50,"y":50,"offset_x":0,"offset_y":0,"wait":0.0,"time":0.2,"release":true,"query_string":null}]}]}
06-06 01:01:06.300 I/System.out(25338): }
06-06 01:01:06.547 V/PhoneStatusBar( 1712): setLightsOn(true)
06-06 01:01:06.568 W/InputMethodService( 1698): Window size has been changed. This may cause jankiness of resizing window: -1 -> -2
06-06 01:01:06.577 I/LatinIME( 1698): Starting input. Cursor position = 0,0
06-06 01:01:06.602 V/PhoneStatusBar( 1712): setLightsOn(true)
06-06 01:01:06.642 V/PhoneStatusBar( 1712): setLightsOn(true)
06-06 01:01:06.676 V/PhoneStatusBar( 1712): setLightsOn(true)
