06-05 12:38:42.020 E/SpannableStringBuilder(16263): SPAN_EXCLUSIVE_EXCLUSIVE spans cannot have a zero length
06-05 12:38:42.020 E/SpannableStringBuilder(16263): SPAN_EXCLUSIVE_EXCLUSIVE spans cannot have a zero length
06-05 12:38:42.029 I/LatinIME:LogUtils( 1755): Dictionary info: dictionary = spellcheck_userunigram.en_US ; version = 1591378722 ; date = ?
06-05 12:38:42.044 E/SpannableStringBuilder(16263): SPAN_EXCLUSIVE_EXCLUSIVE spans cannot have a zero length
06-05 12:38:42.044 E/SpannableStringBuilder(16263): SPAN_EXCLUSIVE_EXCLUSIVE spans cannot have a zero length
06-05 12:38:42.044 I/LatinIME:LogUtils( 1755): Dictionary info: dictionary = main:en ; version = 54 ; date = 1414726273
06-05 12:38:42.053 I/System.out(16263): result:{"bonusInformation":[],"message":"","success":true}
06-05 12:38:42.059 I/System.out(16263): URI: //
06-05 12:38:42.059 I/System.out(16263): params: {json={"command":"press_key","arguments":["KEYCODE_BACK"]}
06-05 12:38:42.059 I/System.out(16263): }
06-05 12:38:42.059 I/System.out(16263): header: {content-type=application/json;charset=utf-8, date=Fri, 05 Jun 2020 17:38:42 GMT, accept=*/*, host=127.0.0.1:34782, content-length=52, user-agent=HTTPClient/1.0 (2.8.3, ruby 2.5.1 (2018-03-29))}
06-05 12:38:42.059 I/System.out(16263): params: {json={"command":"press_key","arguments":["KEYCODE_BACK"]}
06-05 12:38:42.059 I/System.out(16263): }
06-05 12:38:42.059 I/System.out(16263): ProP json = {"command":"press_key","arguments":["KEYCODE_BACK"]}
06-05 12:38:42.059 I/System.out(16263): files: {}
06-05 12:38:42.059 I/System.out(16263): command: {"command":"press_key","arguments":["KEYCODE_BACK"]}
06-05 12:38:42.061 I/InstrumentationBackend(16263): Got command:'Command:'Line:null,press_key', arguments:'[KEYCODE_BACK]'
06-05 12:38:42.066 I/art     (16263): Do partial code cache collection, code=54KB, data=59KB
06-05 12:38:42.066 I/art     (16263): After code cache collection, code=54KB, data=59KB
06-05 12:38:42.066 I/art     (16263): Increasing code cache capacity to 256KB
06-05 12:38:42.081 W/InputMethodService( 1755): Window size has been changed. This may cause jankiness of resizing window: -1 -> -2
06-05 12:38:42.083 I/System.out(16263): result:{"bonusInformation":[],"message":"","success":true}
06-05 12:38:42.086 I/System.out(16263): URI: //map
06-05 12:38:42.086 I/System.out(16263): params: {json={"query":"* marked:'Save changes'","operation":{"method_name":"query","arguments":[]}}
06-05 12:38:42.086 I/System.out(16263): }
06-05 12:38:42.091 W/ResourceType(16263): No package identifier when getting name for resource number 0x00000001
06-05 12:38:42.096 D/EGL_emulation( 1792): eglMakeCurrent: 0x992abea0: ver 2 0 (tinfo 0xa5a6f110)
06-05 12:38:42.097 D/EGL_emulation( 1755): eglMakeCurrent: 0xb4f05720: ver 2 0 (tinfo 0xb4f03480)
06-05 12:38:42.099 V/PhoneStatusBar( 1792): setLightsOn(true)
06-05 12:38:42.100 V/PhoneStatusBar( 1792): setLightsOn(true)
06-05 12:38:42.101 I/System.out(16263): URI: //gesture
06-05 12:38:42.101 I/System.out(16263): params: {json={"query_timeout":5.0,"gestures":[{"query_string":"* marked:'Save changes'","touches":[{"x":50,"y":50,"offset_x":0,"offset_y":0,"wait":0.0,"time":0.2,"release":true,"query_string":null}]}]}
06-05 12:38:42.102 I/System.out(16263): }
06-05 12:38:42.113 V/PhoneStatusBar( 1792): setLightsOn(true)
06-05 12:38:42.128 W/ResourceType(16263): No package identifier when getting name for resource number 0x00000001
06-05 12:38:42.281 V/PhoneStatusBar( 1792): setLightsOn(true)
06-05 12:38:42.281 I/WindowManager( 1659): Destroying surface Surface(name=InputMethod) called by com.android.server.wm.WindowStateAnimator.destroySurface:2016 com.android.server.wm.WindowStateAnimator.destroySurfaceLocked:882 com.android.server.wm.WindowState.destroyOrSaveSurface:2100 com.android.server.wm.WindowSurfacePlacer.performSurfacePlacementInner:429 com.android.server.wm.WindowSurfacePlacer.performSurfacePlacementLoop:232 com.android.server.wm.WindowSurfacePlacer.performSurfacePlacement:180 com.android.server.wm.WindowManagerService$H.handleMessage:8086 android.os.Handler.dispatchMessage:102 
06-05 12:38:42.366 V/PhoneStatusBar( 1792): setLightsOn(true)
06-05 12:38:42.379 I/System.out(16263): URI: //map
06-05 12:38:42.379 I/System.out(16263): params: {json={"query":"* {text CONTAINS[c] '5 Passengers'}","operation":{"method_name":"query","arguments":[]}}
06-05 12:38:42.379 I/System.out(16263): }
06-05 12:38:42.426 V/PhoneStatusBar( 1792): setLightsOn(true)
06-05 12:38:42.428 D/Mileage.ABS(16263): Finished backup
06-05 12:38:42.430 D/EGL_emulation( 1792): eglMakeCurrent: 0x992abea0: ver 2 0 (tinfo 0xa5a6f110)
06-05 12:38:42.430 V/PhoneStatusBar( 1792): setLightsOn(true)
06-05 12:38:42.438 I/art     (16263): Compiler allocated 7MB to compile sh.calaba.instrumentationbackend.actions.NanoHTTPD$Response sh.calaba.instrumentationbackend.actions.HttpServer.serve(java.lang.String, java.lang.String, java.util.Properties, java.util.Properties, java.util.Properties)
06-05 12:38:42.446 D/gralloc_ranchu( 1352): gralloc_alloc: Creating ashmem region of size 9023488
06-05 12:38:42.446 V/PhoneStatusBar( 1792): setLightsOn(true)
