--------- beginning of system
06-06 17:45:29.273 W/ActivityManager( 1631): Finishing task with all activities already finished
06-06 17:45:29.273 W/ActivityManager( 1631): Duplicate finish request for ActivityRecord{ae1d465 u0 com.evancharlton.mileage/.Mileage t24713 f}
--------- beginning of main
06-06 17:45:29.282 V/PhoneStatusBar( 1713): setLightsOn(true)
06-06 17:45:29.285 D/gralloc_ranchu( 1348): gralloc_alloc: Creating ashmem region of size 3145728
06-06 17:45:29.290 E/EGL_emulation( 1348): tid 1348: eglCreateSyncKHR(1901): error 0x3004 (EGL_BAD_ATTRIBUTE)
06-06 17:45:29.303 W/ActivityManager( 1631): Finishing task with all activities already finished
06-06 17:45:29.303 W/ActivityManager( 1631): Duplicate finish request for ActivityRecord{ae1d465 u0 com.evancharlton.mileage/.Mileage t24713 f}
06-06 17:45:29.303 W/ActivityManager( 1631): Finishing task with all activities already finished
06-06 17:45:29.303 W/ActivityManager( 1631): Duplicate finish request for ActivityRecord{ae1d465 u0 com.evancharlton.mileage/.Mileage t24713 f}
06-06 17:45:29.303 W/ActivityManager( 1631): Finishing task with all activities already finished
06-06 17:45:29.303 W/ActivityManager( 1631): Duplicate finish request for ActivityRecord{ae1d465 u0 com.evancharlton.mileage/.Mileage t24713 f}
06-06 17:45:29.303 W/ActivityManager( 1631): Finishing task with all activities already finished
06-06 17:45:29.303 W/ActivityManager( 1631): Duplicate finish request for ActivityRecord{ae1d465 u0 com.evancharlton.mileage/.Mileage t24713 f}
06-06 17:45:29.303 W/ActivityManager( 1631): Finishing task with all activities already finished
06-06 17:45:29.304 W/ActivityManager( 1631): Duplicate finish request for ActivityRecord{ca4f3a7 u0 com.evancharlton.mileage/.charts.AverageVolumeChart t24713 f}
06-06 17:45:29.304 W/ActivityManager( 1631): Finishing task with all activities already finished
06-06 17:45:29.304 W/ActivityManager( 1631): Duplicate finish request for ActivityRecord{ca4f3a7 u0 com.evancharlton.mileage/.charts.AverageVolumeChart t24713 f}
06-06 17:45:29.304 W/ActivityManager( 1631): Finishing task with all activities already finished
06-06 17:45:29.304 W/ActivityManager( 1631): Duplicate finish request for ActivityRecord{ae1d465 u0 com.evancharlton.mileage/.Mileage t24713 f}
06-06 17:45:29.304 W/ActivityManager( 1631): Finishing task with all activities already finished
06-06 17:45:29.304 W/ActivityManager( 1631): Duplicate finish request for ActivityRecord{ae1d465 u0 com.evancharlton.mileage/.Mileage t24713 f}
06-06 17:45:29.350 D/EGL_emulation( 2106): eglMakeCurrent: 0xa6a85300: ver 2 0 (tinfo 0xa6a83220)
06-06 17:45:29.350 D/EGL_emulation( 1713): eglMakeCurrent: 0xa6a85780: ver 2 0 (tinfo 0xa6a83640)
06-06 17:45:29.365 D/EGL_emulation( 1713): eglMakeCurrent: 0xa6a85780: ver 2 0 (tinfo 0xa6a83640)
06-06 17:45:29.383 D/EGL_emulation( 1713): eglMakeCurrent: 0xa6a85780: ver 2 0 (tinfo 0xa6a83640)
06-06 17:45:29.399 D/EGL_emulation( 1713): eglMakeCurrent: 0xa6a85780: ver 2 0 (tinfo 0xa6a83640)
06-06 17:45:29.401 D/EGL_emulation( 1713): eglMakeCurrent: 0xa6a85780: ver 2 0 (tinfo 0xa6a83640)
06-06 17:45:29.415 D/EGL_emulation( 1713): eglMakeCurrent: 0xa6a85780: ver 2 0 (tinfo 0xa6a83640)
06-06 17:45:29.417 D/EGL_emulation( 1713): eglMakeCurrent: 0xa6a85780: ver 2 0 (tinfo 0xa6a83640)
06-06 17:45:29.422 D/AndroidRuntime(17073): >>>>>> START com.android.internal.os.RuntimeInit uid 2000 <<<<<<
06-06 17:45:29.423 D/AndroidRuntime(17073): CheckJNI is ON
06-06 17:45:29.431 D/EGL_emulation( 1713): eglMakeCurrent: 0xa6a85780: ver 2 0 (tinfo 0xa6a83640)
06-06 17:45:29.433 D/EGL_emulation( 1713): eglMakeCurrent: 0xa6a85780: ver 2 0 (tinfo 0xa6a83640)
06-06 17:45:29.435 W/art     (17073): Unexpected CPU variant for X86 using defaults: x86
06-06 17:45:29.437 D/ICU     (17073): No timezone override file found: /data/misc/zoneinfo/current/icu/icu_tzdata.dat
06-06 17:45:29.444 E/memtrack(17073): Couldn't load memtrack module (No such file or directory)
06-06 17:45:29.444 E/android.os.Debug(17073): failed to load memtrack module: -2
06-06 17:45:29.445 I/Radio-JNI(17073): register_android_hardware_Radio DONE
06-06 17:45:29.448 D/EGL_emulation( 1713): eglMakeCurrent: 0xa6a85780: ver 2 0 (tinfo 0xa6a83640)
06-06 17:45:29.450 D/EGL_emulation( 1713): eglMakeCurrent: 0xa6a85780: ver 2 0 (tinfo 0xa6a83640)
06-06 17:45:29.451 D/AndroidRuntime(17073): Calling main entry com.android.commands.am.Am
06-06 17:45:29.452 I/ActivityManager( 1631): Force stopping com.evancharlton.mileage appid=10728 user=0: start instr
06-06 17:45:29.452 I/ActivityManager( 1631): Killing 17021:com.evancharlton.mileage/u0a728 (adj 0): stop com.evancharlton.mileage
06-06 17:45:29.453 D/ActivityManager( 1631): cleanUpApplicationRecord -- 17021
06-06 17:45:29.453 I/WindowManager( 1631): Destroying surface Surface(name=com.evancharlton.mileage/com.evancharlton.mileage.charts.AverageVolumeChart) called by com.android.server.wm.WindowStateAnimator.destroySurface:2016 com.android.server.wm.WindowStateAnimator.destroySurfaceLocked:882 com.android.server.wm.WindowState.removeLocked:1456 com.android.server.wm.WindowManagerService.removeWindowInnerLocked:2484 com.android.server.wm.WindowManagerService.removeWindowLocked:2442 com.android.server.wm.WindowManagerService.removeWindowLocked:2311 com.android.server.wm.AppWindowToken.removeAllWindows:530 com.android.server.wm.AppWindowToken.removeAppFromTaskLocked:326 
06-06 17:45:29.455 W/ActivityManager( 1631): Crash of app com.evancharlton.mileage running instrumentation ComponentInfo{com.evancharlton.mileage.test/sh.calaba.instrumentationbackend.CalabashInstrumentationTestRunner}
06-06 17:45:29.455 I/ActivityManager( 1631): Force stopping com.evancharlton.mileage appid=10728 user=0: finished inst
06-06 17:45:29.458 I/art     (17083): Not late-enabling -Xcheck:jni (already on)
06-06 17:45:29.458 W/art     (17083): Unexpected CPU variant for X86 using defaults: x86
06-06 17:45:29.465 D/EGL_emulation( 1713): eglMakeCurrent: 0xa6a85780: ver 2 0 (tinfo 0xa6a83640)
06-06 17:45:29.466 I/ActivityManager( 1631): Start proc 17083:com.evancharlton.mileage/u0a728 for added application com.evancharlton.mileage
06-06 17:45:29.466 D/AndroidRuntime(17073): Shutting down VM
06-06 17:45:29.467 D/EGL_emulation( 1713): eglMakeCurrent: 0xa6a85780: ver 2 0 (tinfo 0xa6a83640)
06-06 17:45:29.472 W/System  (17083): ClassLoader referenced unknown path: /data/app/com.evancharlton.mileage.test-1/lib/x86
06-06 17:45:29.472 W/System  (17083): ClassLoader referenced unknown path: /data/app/com.evancharlton.mileage-1/lib/x86
06-06 17:45:29.475 W/System  (17083): ClassLoader referenced unknown path: 
06-06 17:45:29.480 I/System.out(17083): Main activity name automatically set to: com.evancharlton.mileage.Mileage
06-06 17:45:29.480 I/System.out(17083): Calabash did not load Mono. This is only a problem if you are trying to test a Mono application
06-06 17:45:29.480 I/calabash(17083): Test server port: 7102
06-06 17:45:29.481 I/InstrumentationBackend(17083): Added:'GetPreferences', with key:'get_preferences'
06-06 17:45:29.482 D/EGL_emulation( 1713): eglMakeCurrent: 0xa6a85780: ver 2 0 (tinfo 0xa6a83640)
06-06 17:45:29.484 D/EGL_emulation( 1713): eglMakeCurrent: 0xa6a85780: ver 2 0 (tinfo 0xa6a83640)
06-06 17:45:29.486 I/InstrumentationBackend(17083): Added:'SetPreferences', with key:'set_preferences'
06-06 17:45:29.486 I/InstrumentationBackend(17083): Added:'ClearPreferences', with key:'clear_preferences'
06-06 17:45:29.486 I/InstrumentationBackend(17083): Added:'PressElement', with key:'press_l10n_element'
06-06 17:45:29.486 I/InstrumentationBackend(17083): Added:'WaitForElement', with key:'wait_for_l10n_element'
06-06 17:45:29.486 I/InstrumentationBackend(17083): Added:'NullAction', with key:'nullAction'
06-06 17:45:29.486 I/InstrumentationBackend(17083): Added:'PressKey', with key:'press_key'
06-06 17:45:29.486 I/InstrumentationBackend(17083): Added:'SetActivityOrientation', with key:'set_activity_orientation'
06-06 17:45:29.486 I/InstrumentationBackend(17083): Added:'GetActivityOrientation', with key:'get_activity_orientation'
06-06 17:45:29.487 I/InstrumentationBackend(17083): Added:'FakeGPSLocation', with key:'set_gps_coordinates'
06-06 17:45:29.487 I/InstrumentationBackend(17083): Added:'SetPropertyByCssSelector', with key:'set_property_by_css_selector'
06-06 17:45:29.487 I/InstrumentationBackend(17083): Added:'GetUrl', with key:'get_url'
06-06 17:45:29.487 I/InstrumentationBackend(17083): Added:'ScrollTo', with key:'scroll_to'
06-06 17:45:29.487 I/InstrumentationBackend(17083): Added:'GetLoadProgress', with key:'get_load_progress'
06-06 17:45:29.487 I/InstrumentationBackend(17083): Added:'DumpHtml', with key:'dump_html'
06-06 17:45:29.487 I/InstrumentationBackend(17083): Added:'DumpBodyHtml', with key:'dump_body_html'
06-06 17:45:29.487 I/InstrumentationBackend(17083): Added:'EnterTextByCssSelector', with key:'enter_text_by_selector'
06-06 17:45:29.487 I/InstrumentationBackend(17083): Added:'AndroidSDKVersion', with key:'android_sdk_version'
06-06 17:45:29.487 I/InstrumentationBackend(17083): Added:'Version', with key:'version'
06-06 17:45:29.488 I/InstrumentationBackend(17083): Added:'Drag', with key:'drag'
06-06 17:45:29.488 I/InstrumentationBackend(17083): Added:'TouchCoordinates', with key:'touch_coordinate'
06-06 17:45:29.488 I/InstrumentationBackend(17083): Added:'LongPressCoordinate', with key:'long_press_coordinate'
06-06 17:45:29.488 I/InstrumentationBackend(17083): Added:'DragCoordinates', with key:'drag_coordinates'
06-06 17:45:29.488 I/InstrumentationBackend(17083): Added:'ResumeApplication', with key:'resume_application'
06-06 17:45:29.488 I/InstrumentationBackend(17083): Added:'Swipe', with key:'swipe'
06-06 17:45:29.488 I/InstrumentationBackend(17083): Added:'DoubleTapCoordinate', with key:'double_tap_coordinate'
06-06 17:45:29.488 I/InstrumentationBackend(17083): Added:'ClickOnScreen', with key:'click_on_screen'
06-06 17:45:29.488 I/InstrumentationBackend(17083): Added:'GetActivityName', with key:'get_activity_name'
06-06 17:45:29.488 I/InstrumentationBackend(17083): Added:'ScrollToView', with key:'scroll_to_view'
06-06 17:45:29.488 I/InstrumentationBackend(17083): Added:'ViewConfiguration', with key:'view_configuration'
06-06 17:45:29.488 I/InstrumentationBackend(17083): Added:'IsCurrentActivityFocused', with key:'is_current_activity_focused'
06-06 17:45:29.488 I/InstrumentationBackend(17083): Added:'SendTcp', with key:'send_tcp'
06-06 17:45:29.488 I/InstrumentationBackend(17083): Added:'DpToDevicePixel', with key:'dp_to_device_pixel'
06-06 17:45:29.488 I/InstrumentationBackend(17083): Added:'KeyboardEnterText', with key:'keyboard_enter_text'
06-06 17:45:29.489 I/InstrumentationBackend(17083): Added:'DeleteSurroundingText', with key:'delete_surrounding_text'
06-06 17:45:29.489 I/InstrumentationBackend(17083): Added:'SetComposingRegion', with key:'set_composing_region'
06-06 17:45:29.489 I/InstrumentationBackend(17083): Added:'SetSelection', with key:'set_selection'
06-06 17:45:29.489 I/InstrumentationBackend(17083): Added:'KeyboardKeyEvent', with key:'keyboard_key_event'
06-06 17:45:29.489 I/InstrumentationBackend(17083): Added:'PressUserActionButton', with key:'press_user_action_button'
06-06 17:45:29.489 I/InstrumentationBackend(17083): Added:'HideSoftKeyboard', with key:'hide_soft_keyboard'
06-06 17:45:29.489 I/InstrumentationBackend(17083): Added:'ListActions', with key:'list_actions'
06-06 17:45:29.489 I/calabash(17083): Instantiating http server at 7102
06-06 17:45:29.489 I/System.out(17083): HTTP Daemon listening on: 7102
06-06 17:45:29.498 D/EGL_emulation( 1713): eglMakeCurrent: 0xa6a85780: ver 2 0 (tinfo 0xa6a83640)
06-06 17:45:29.499 I/WindowManager( 1631): WIN DEATH: Window{2f04a78 u0 com.evancharlton.mileage/com.evancharlton.mileage.Mileage EXITING}
06-06 17:45:29.515 D/EGL_emulation( 1713): eglMakeCurrent: 0xa6a85780: ver 2 0 (tinfo 0xa6a83640)
06-06 17:45:29.518 D/EGL_emulation( 1713): eglMakeCurrent: 0xa6a85780: ver 2 0 (tinfo 0xa6a83640)
06-06 17:45:29.520 D/EGL_emulation( 1713): eglMakeCurrent: 0xa6a85780: ver 2 0 (tinfo 0xa6a83640)
06-06 17:45:29.532 D/EGL_emulation( 1713): eglMakeCurrent: 0xa6a85780: ver 2 0 (tinfo 0xa6a83640)
06-06 17:45:29.534 D/EGL_emulation( 1713): eglMakeCurrent: 0xa6a85780: ver 2 0 (tinfo 0xa6a83640)
06-06 17:45:29.568 D/EGL_emulation( 1713): eglMakeCurrent: 0xa6a85780: ver 2 0 (tinfo 0xa6a83640)
06-06 17:45:29.571 D/EGL_emulation( 1713): eglMakeCurrent: 0xa6a85780: ver 2 0 (tinfo 0xa6a83640)
06-06 17:45:29.577 I/System.out(17083): URI: //ping
06-06 17:45:29.577 I/System.out(17083): params: {json={}
06-06 17:45:29.577 I/System.out(17083): }
06-06 17:45:29.581 I/System.out(17083): URI: //ping
06-06 17:45:29.581 I/System.out(17083): params: {json={}
06-06 17:45:29.581 I/System.out(17083): }
06-06 17:45:29.582 D/EGL_emulation( 1713): eglMakeCurrent: 0xa6a85780: ver 2 0 (tinfo 0xa6a83640)
06-06 17:45:29.584 I/System.out(17083): URI: //ready
06-06 17:45:29.584 I/System.out(17083): params: {json={}
06-06 17:45:29.584 I/System.out(17083): }
06-06 17:45:29.592 I/System.out(17083): URI: //
06-06 17:45:29.592 I/System.out(17083): params: {json={"command":"version","arguments":[]}
06-06 17:45:29.592 I/System.out(17083): }
06-06 17:45:29.592 I/System.out(17083): header: {content-type=application/json;charset=utf-8, date=Sat, 06 Jun 2020 22:45:30 GMT, accept=*/*, host=127.0.0.1:34784, content-length=36, user-agent=HTTPClient/1.0 (2.8.3, ruby 2.5.1 (2018-03-29))}
06-06 17:45:29.592 I/System.out(17083): params: {json={"command":"version","arguments":[]}
06-06 17:45:29.592 I/System.out(17083): }
06-06 17:45:29.592 I/System.out(17083): ProP json = {"command":"version","arguments":[]}
06-06 17:45:29.592 I/System.out(17083): files: {}
06-06 17:45:29.592 I/System.out(17083): command: {"command":"version","arguments":[]}
06-06 17:45:29.595 I/InstrumentationBackend(17083): Got command:'Command:'Line:null,version', arguments:'[]'
06-06 17:45:29.604 I/System.out(17083): result:{"bonusInformation":[],"message":"0.9.8","success":true}
06-06 17:45:29.606 I/System.out(17083): URI: //start-application
06-06 17:45:29.606 I/System.out(17083): params: {json={"intent":null}
06-06 17:45:29.606 I/System.out(17083): }
06-06 17:45:29.616 I/ActivityManager( 1631): START u0 {act=android.intent.action.MAIN cat=[android.intent.category.LAUNCHER] flg=0x10200000 cmp=com.evancharlton.mileage/.Mileage} from uid 10728 on display 0
06-06 17:45:29.624 I/calabash(17083): newActivity1
06-06 17:45:29.637 I/calabash(17083): newActivity1
06-06 17:45:29.639 W/ActivityManager( 1631): Bad activity token: android.os.BinderProxy@2d3fc20
06-06 17:45:29.639 W/ActivityManager( 1631): java.lang.ClassCastException: android.os.BinderProxy cannot be cast to com.android.server.am.ActivityRecord$Token
06-06 17:45:29.639 W/ActivityManager( 1631): 	at com.android.server.am.ActivityRecord.forTokenLocked(ActivityRecord.java:586)
06-06 17:45:29.639 W/ActivityManager( 1631): 	at com.android.server.am.ActivityRecord.isInStackLocked(ActivityRecord.java:1327)
06-06 17:45:29.639 W/ActivityManager( 1631): 	at com.android.server.am.ActivityRecord.getStackLocked(ActivityRecord.java:1332)
06-06 17:45:29.639 W/ActivityManager( 1631): 	at com.android.server.am.ActivityManagerService.getActivityDisplayId(ActivityManagerService.java:9806)
06-06 17:45:29.639 W/ActivityManager( 1631): 	at android.app.ActivityManagerNative.onTransact(ActivityManagerNative.java:2566)
06-06 17:45:29.639 W/ActivityManager( 1631): 	at com.android.server.am.ActivityManagerService.onTransact(ActivityManagerService.java:2757)
06-06 17:45:29.639 W/ActivityManager( 1631): 	at android.os.Binder.execTransact(Binder.java:565)
06-06 17:45:29.640 W/ActivityManager( 1631): Bad activity token: android.os.BinderProxy@2d3fc20
06-06 17:45:29.640 W/ActivityManager( 1631): java.lang.ClassCastException: android.os.BinderProxy cannot be cast to com.android.server.am.ActivityRecord$Token
06-06 17:45:29.640 W/ActivityManager( 1631): 	at com.android.server.am.ActivityRecord.forTokenLocked(ActivityRecord.java:586)
06-06 17:45:29.640 W/ActivityManager( 1631): 	at com.android.server.am.ActivityRecord.isInStackLocked(ActivityRecord.java:1327)
06-06 17:45:29.640 W/ActivityManager( 1631): 	at com.android.server.am.ActivityManagerService.setTaskDescription(ActivityManagerService.java:9358)
06-06 17:45:29.640 W/ActivityManager( 1631): 	at android.app.ActivityManagerNative.onTransact(ActivityManagerNative.java:2639)
06-06 17:45:29.640 W/ActivityManager( 1631): 	at com.android.server.am.ActivityManagerService.onTransact(ActivityManagerService.java:2757)
06-06 17:45:29.640 W/ActivityManager( 1631): 	at android.os.Binder.execTransact(Binder.java:565)
06-06 17:45:29.641 W/ActivityManager( 1631): Bad activity token: android.os.BinderProxy@2d3fc20
06-06 17:45:29.641 W/ActivityManager( 1631): java.lang.ClassCastException: android.os.BinderProxy cannot be cast to com.android.server.am.ActivityRecord$Token
06-06 17:45:29.641 W/ActivityManager( 1631): 	at com.android.server.am.ActivityRecord.forTokenLocked(ActivityRecord.java:586)
06-06 17:45:29.641 W/ActivityManager( 1631): 	at com.android.server.am.ActivityRecord.isInStackLocked(ActivityRecord.java:1327)
06-06 17:45:29.641 W/ActivityManager( 1631): 	at com.android.server.am.ActivityRecord.getStackLocked(ActivityRecord.java:1332)
06-06 17:45:29.641 W/ActivityManager( 1631): 	at com.android.server.am.ActivityManagerService.getActivityStackId(ActivityManagerService.java:9817)
06-06 17:45:29.641 W/ActivityManager( 1631): 	at android.app.ActivityManagerNative.onTransact(ActivityManagerNative.java:2856)
06-06 17:45:29.641 W/ActivityManager( 1631): 	at com.android.server.am.ActivityManagerService.onTransact(ActivityManagerService.java:2757)
06-06 17:45:29.641 W/ActivityManager( 1631): 	at android.os.Binder.execTransact(Binder.java:565)
06-06 17:45:29.649 D/gralloc_ranchu( 1348): gralloc_alloc: Creating ashmem region of size 9023488
06-06 17:45:29.663 W/ActivityManager( 1631): Bad activity token: android.os.BinderProxy@2d3fc20
06-06 17:45:29.663 W/ActivityManager( 1631): java.lang.ClassCastException: android.os.BinderProxy cannot be cast to com.android.server.am.ActivityRecord$Token
06-06 17:45:29.663 W/ActivityManager( 1631): 	at com.android.server.am.ActivityRecord.forTokenLocked(ActivityRecord.java:586)
06-06 17:45:29.663 W/ActivityManager( 1631): 	at com.android.server.am.ActivityRecord.isInStackLocked(ActivityRecord.java:1327)
06-06 17:45:29.663 W/ActivityManager( 1631): 	at com.android.server.am.ActivityManagerService.getActivityOptions(ActivityManagerService.java:12559)
06-06 17:45:29.663 W/ActivityManager( 1631): 	at android.app.ActivityManagerNative.onTransact(ActivityManagerNative.java:1933)
06-06 17:45:29.663 W/ActivityManager( 1631): 	at com.android.server.am.ActivityManagerService.onTransact(ActivityManagerService.java:2757)
06-06 17:45:29.663 W/ActivityManager( 1631): 	at android.os.Binder.execTransact(Binder.java:565)
06-06 17:45:29.664 W/ActivityManager( 1631): Bad activity token: android.os.BinderProxy@2d3fc20
06-06 17:45:29.664 W/ActivityManager( 1631): java.lang.ClassCastException: android.os.BinderProxy cannot be cast to com.android.server.am.ActivityRecord$Token
06-06 17:45:29.664 W/ActivityManager( 1631): 	at com.android.server.am.ActivityRecord.forTokenLocked(ActivityRecord.java:586)
06-06 17:45:29.664 W/ActivityManager( 1631): 	at com.android.server.am.ActivityRecord.isInStackLocked(ActivityRecord.java:1327)
06-06 17:45:29.664 W/ActivityManager( 1631): 	at com.android.server.am.ActivityManagerService.getActivityOptions(ActivityManagerService.java:12559)
06-06 17:45:29.664 W/ActivityManager( 1631): 	at android.app.ActivityManagerNative.onTransact(ActivityManagerNative.java:1933)
06-06 17:45:29.664 W/ActivityManager( 1631): 	at com.android.server.am.ActivityManagerService.onTransact(ActivityManagerService.java:2757)
06-06 17:45:29.664 W/ActivityManager( 1631): 	at android.os.Binder.execTransact(Binder.java:565)
06-06 17:45:29.679 V/PhoneStatusBar( 1713): setLightsOn(true)
06-06 17:45:29.682 D/EGL_emulation( 2106): eglMakeCurrent: 0xa6a85300: ver 2 0 (tinfo 0xa6a83220)
06-06 17:45:29.684 D/EGL_emulation( 1713): eglMakeCurrent: 0xa6a85780: ver 2 0 (tinfo 0xa6a83640)
06-06 17:45:29.698 D/gralloc_ranchu( 1348): gralloc_alloc: Creating ashmem region of size 9023488
06-06 17:45:29.698 D/EGL_emulation( 1713): eglMakeCurrent: 0xa6a85780: ver 2 0 (tinfo 0xa6a83640)
06-06 17:45:29.704 D/        (17083): HostConnection::get() New Host Connection established 0x954ab4c0, tid 17083
06-06 17:45:29.705 D/EGL_emulation( 1713): eglMakeCurrent: 0xa6a85780: ver 2 0 (tinfo 0xa6a83640)
06-06 17:45:29.705 V/PhoneStatusBar( 1713): setLightsOn(true)
06-06 17:45:29.767 D/EGL_emulation( 1713): eglMakeCurrent: 0xa6a85780: ver 2 0 (tinfo 0xa6a83640)
06-06 17:45:29.770 D/EGL_emulation( 1713): eglMakeCurrent: 0xa6a85780: ver 2 0 (tinfo 0xa6a83640)
06-06 17:45:29.781 I/WindowManager( 1631): Destroying surface Surface(name=com.evancharlton.mileage/com.evancharlton.mileage.Mileage) called by com.android.server.wm.WindowStateAnimator.destroySurface:2016 com.android.server.wm.WindowStateAnimator.destroySurfaceLocked:882 com.android.server.wm.WindowState.removeLocked:1456 com.android.server.wm.WindowManagerService.removeWindowInnerLocked:2484 com.android.server.wm.AppWindowToken.destroySurfaces:365 com.android.server.wm.WindowStateAnimator.finishExit:565 com.android.server.wm.AppWindowAnimator.stepAnimationLocked:427 com.android.server.wm.WindowAnimator.updateAppWindowsLocked:196 
06-06 17:45:29.782 D/EGL_emulation( 1713): eglMakeCurrent: 0xa6a85780: ver 2 0 (tinfo 0xa6a83640)
06-06 17:45:29.783 D/EGL_emulation( 1713): eglMakeCurrent: 0xa6a85780: ver 2 0 (tinfo 0xa6a83640)
06-06 17:45:29.799 D/gralloc_ranchu( 1348): gralloc_alloc: Creating ashmem region of size 9023488
06-06 17:45:29.799 I/ActivityManager( 1631): Displayed com.evancharlton.mileage/.Mileage: +178ms
06-06 17:45:29.799 D/EGL_emulation( 1713): eglMakeCurrent: 0xa6a85780: ver 2 0 (tinfo 0xa6a83640)
06-06 17:45:29.812 D/EGL_emulation( 1713): eglMakeCurrent: 0xa6a85780: ver 2 0 (tinfo 0xa6a83640)
06-06 17:45:29.815 D/EGL_emulation( 1713): eglMakeCurrent: 0xa6a85780: ver 2 0 (tinfo 0xa6a83640)
06-06 17:45:29.826 D/EGL_emulation( 1713): eglMakeCurrent: 0xa6a85780: ver 2 0 (tinfo 0xa6a83640)
06-06 17:45:29.832 D/EGL_emulation( 1713): eglMakeCurrent: 0xa6a85780: ver 2 0 (tinfo 0xa6a83640)
06-06 17:45:29.833 D/EGL_emulation( 1713): eglMakeCurrent: 0xa6a85780: ver 2 0 (tinfo 0xa6a83640)
06-06 17:45:29.834 V/PhoneStatusBar( 1713): setLightsOn(true)
06-06 17:45:29.848 D/EGL_emulation( 1713): eglMakeCurrent: 0xa6a85780: ver 2 0 (tinfo 0xa6a83640)
06-06 17:45:29.850 D/EGL_emulation( 1713): eglMakeCurrent: 0xa6a85780: ver 2 0 (tinfo 0xa6a83640)
06-06 17:45:29.855 I/System.out(17083): URI: //map
06-06 17:45:29.855 I/System.out(17083): params: {json={"query":"* marked:'Statistics'","operation":{"method_name":"query","arguments":[]}}
06-06 17:45:29.855 I/System.out(17083): }
06-06 17:45:29.865 D/EGL_emulation( 1713): eglMakeCurrent: 0xa6a85780: ver 2 0 (tinfo 0xa6a83640)
06-06 17:45:29.867 D/EGL_emulation( 1713): eglMakeCurrent: 0xa6a85780: ver 2 0 (tinfo 0xa6a83640)
06-06 17:45:29.870 W/ResourceType(17083): No package identifier when getting name for resource number 0x00000001
06-06 17:45:29.882 D/EGL_emulation( 1713): eglMakeCurrent: 0xa6a85780: ver 2 0 (tinfo 0xa6a83640)
06-06 17:45:29.885 D/EGL_emulation( 1713): eglMakeCurrent: 0xa6a85780: ver 2 0 (tinfo 0xa6a83640)
06-06 17:45:29.886 I/System.out(17083): URI: //gesture
06-06 17:45:29.886 I/System.out(17083): params: {json={"query_timeout":5.0,"gestures":[{"query_string":"* marked:'Statistics'","touches":[{"x":50,"y":50,"offset_x":0,"offset_y":0,"wait":0.0,"time":0.2,"release":true,"query_string":null}]}]}
06-06 17:45:29.886 I/System.out(17083): }
06-06 17:45:29.891 W/ResourceType(17083): No package identifier when getting name for resource number 0x00000001
06-06 17:45:29.899 D/EGL_emulation( 1713): eglMakeCurrent: 0xa6a85780: ver 2 0 (tinfo 0xa6a83640)
06-06 17:45:29.998 I/WindowManager( 1631): Destroying surface Surface(name=Starting com.evancharlton.mileage) called by com.android.server.wm.WindowStateAnimator.destroySurface:2016 com.android.server.wm.WindowStateAnimator.destroySurfaceLocked:882 com.android.server.wm.WindowState.destroyOrSaveSurface:2100 com.android.server.wm.AppWindowToken.destroySurfaces:363 com.android.server.wm.WindowStateAnimator.finishExit:565 com.android.server.wm.WindowStateAnimator.stepAnimationLocked:491 com.android.server.wm.WindowAnimator.updateWindowsLocked:303 com.android.server.wm.WindowAnimator.animateLocked:704 
06-06 17:45:30.000 V/PhoneStatusBar( 1713): setLightsOn(true)
06-06 17:45:30.015 V/PhoneStatusBar( 1713): setLightsOn(true)
06-06 17:45:30.117 I/calabash(17083): newActivity1
06-06 17:45:30.127 I/System.out(17083): URI: //map
06-06 17:45:30.127 I/System.out(17083): params: {json={"query":"android.widget.ScrollView index:0","operation":{"method_name":"query","arguments":[]}}
06-06 17:45:30.127 I/System.out(17083): }
06-06 17:45:30.130 W/ActivityManager( 1631): Bad activity token: android.os.BinderProxy@b234c4e
06-06 17:45:30.130 W/ActivityManager( 1631): java.lang.ClassCastException: android.os.BinderProxy cannot be cast to com.android.server.am.ActivityRecord$Token
06-06 17:45:30.130 W/ActivityManager( 1631): 	at com.android.server.am.ActivityRecord.forTokenLocked(ActivityRecord.java:586)
06-06 17:45:30.130 W/ActivityManager( 1631): 	at com.android.server.am.ActivityRecord.isInStackLocked(ActivityRecord.java:1327)
06-06 17:45:30.130 W/ActivityManager( 1631): 	at com.android.server.am.ActivityRecord.getStackLocked(ActivityRecord.java:1332)
06-06 17:45:30.130 W/ActivityManager( 1631): 	at com.android.server.am.ActivityManagerService.getActivityDisplayId(ActivityManagerService.java:9806)
06-06 17:45:30.130 W/ActivityManager( 1631): 	at android.app.ActivityManagerNative.onTransact(ActivityManagerNative.java:2566)
06-06 17:45:30.130 W/ActivityManager( 1631): 	at com.android.server.am.ActivityManagerService.onTransact(ActivityManagerService.java:2757)
06-06 17:45:30.130 W/ActivityManager( 1631): 	at android.os.Binder.execTransact(Binder.java:565)
06-06 17:45:30.131 W/ActivityManager( 1631): Bad activity token: android.os.BinderProxy@b234c4e
06-06 17:45:30.131 W/ActivityManager( 1631): java.lang.ClassCastException: android.os.BinderProxy cannot be cast to com.android.server.am.ActivityRecord$Token
06-06 17:45:30.131 W/ActivityManager( 1631): 	at com.android.server.am.ActivityRecord.forTokenLocked(ActivityRecord.java:586)
06-06 17:45:30.131 W/ActivityManager( 1631): 	at com.android.server.am.ActivityRecord.isInStackLocked(ActivityRecord.java:1327)
06-06 17:45:30.131 W/ActivityManager( 1631): 	at com.android.server.am.ActivityManagerService.setTaskDescription(ActivityManagerService.java:9358)
06-06 17:45:30.131 W/ActivityManager( 1631): 	at android.app.ActivityManagerNative.onTransact(ActivityManagerNative.java:2639)
06-06 17:45:30.131 W/ActivityManager( 1631): 	at com.android.server.am.ActivityManagerService.onTransact(ActivityManagerService.java:2757)
06-06 17:45:30.131 W/ActivityManager( 1631): 	at android.os.Binder.execTransact(Binder.java:565)
06-06 17:45:30.132 W/ActivityManager( 1631): Bad activity token: android.os.BinderProxy@b234c4e
06-06 17:45:30.132 W/ActivityManager( 1631): java.lang.ClassCastException: android.os.BinderProxy cannot be cast to com.android.server.am.ActivityRecord$Token
06-06 17:45:30.132 W/ActivityManager( 1631): 	at com.android.server.am.ActivityRecord.forTokenLocked(ActivityRecord.java:586)
06-06 17:45:30.132 W/ActivityManager( 1631): 	at com.android.server.am.ActivityRecord.isInStackLocked(ActivityRecord.java:1327)
06-06 17:45:30.132 W/ActivityManager( 1631): 	at com.android.server.am.ActivityRecord.getStackLocked(ActivityRecord.java:1332)
06-06 17:45:30.132 W/ActivityManager( 1631): 	at com.android.server.am.ActivityManagerService.getActivityStackId(ActivityManagerService.java:9817)
06-06 17:45:30.132 W/ActivityManager( 1631): 	at android.app.ActivityManagerNative.onTransact(ActivityManagerNative.java:2856)
06-06 17:45:30.132 W/ActivityManager( 1631): 	at com.android.server.am.ActivityManagerService.onTransact(ActivityManagerService.java:2757)
06-06 17:45:30.132 W/ActivityManager( 1631): 	at android.os.Binder.execTransact(Binder.java:565)
06-06 17:45:30.137 D/VehicleStatisticsActivity(17083): Checking recalculation ...
06-06 17:45:30.138 D/VehicleStatisticsActivity(17083): Recalculation not necessary.
06-06 17:45:30.148 V/PhoneStatusBar( 1713): setLightsOn(true)
06-06 17:45:30.148 W/ActivityManager( 1631): Bad activity token: android.os.BinderProxy@b234c4e
06-06 17:45:30.148 W/ActivityManager( 1631): java.lang.ClassCastException: android.os.BinderProxy cannot be cast to com.android.server.am.ActivityRecord$Token
06-06 17:45:30.148 W/ActivityManager( 1631): 	at com.android.server.am.ActivityRecord.forTokenLocked(ActivityRecord.java:586)
06-06 17:45:30.148 W/ActivityManager( 1631): 	at com.android.server.am.ActivityRecord.isInStackLocked(ActivityRecord.java:1327)
06-06 17:45:30.148 W/ActivityManager( 1631): 	at com.android.server.am.ActivityManagerService.getActivityOptions(ActivityManagerService.java:12559)
06-06 17:45:30.148 W/ActivityManager( 1631): 	at android.app.ActivityManagerNative.onTransact(ActivityManagerNative.java:1933)
06-06 17:45:30.148 W/ActivityManager( 1631): 	at com.android.server.am.ActivityManagerService.onTransact(ActivityManagerService.java:2757)
06-06 17:45:30.148 W/ActivityManager( 1631): 	at android.os.Binder.execTransact(Binder.java:565)
06-06 17:45:30.148 W/ActivityManager( 1631): Bad activity token: android.os.BinderProxy@b234c4e
06-06 17:45:30.148 W/ActivityManager( 1631): java.lang.ClassCastException: android.os.BinderProxy cannot be cast to com.android.server.am.ActivityRecord$Token
06-06 17:45:30.148 W/ActivityManager( 1631): 	at com.android.server.am.ActivityRecord.forTokenLocked(ActivityRecord.java:586)
06-06 17:45:30.148 W/ActivityManager( 1631): 	at com.android.server.am.ActivityRecord.isInStackLocked(ActivityRecord.java:1327)
06-06 17:45:30.148 W/ActivityManager( 1631): 	at com.android.server.am.ActivityManagerService.getActivityOptions(ActivityManagerService.java:12559)
06-06 17:45:30.148 W/ActivityManager( 1631): 	at android.app.ActivityManagerNative.onTransact(ActivityManagerNative.java:1933)
06-06 17:45:30.148 W/ActivityManager( 1631): 	at com.android.server.am.ActivityManagerService.onTransact(ActivityManagerService.java:2757)
06-06 17:45:30.148 W/ActivityManager( 1631): 	at android.os.Binder.execTransact(Binder.java:565)
06-06 17:45:30.149 D/VehicleStatisticsActivity(17083): Checking recalculation ...
06-06 17:45:30.150 D/VehicleStatisticsActivity(17083): Recalculation not necessary.
06-06 17:45:30.237 I/System.out(17083): URI: //map
06-06 17:45:30.237 I/System.out(17083): params: {json={"query":"android.widget.AbsListView index:0","operation":{"method_name":"query","arguments":[]}}
06-06 17:45:30.237 I/System.out(17083): }
06-06 17:45:30.242 I/art     (17083): Do partial code cache collection, code=30KB, data=29KB
06-06 17:45:30.243 I/art     (17083): After code cache collection, code=29KB, data=28KB
06-06 17:45:30.243 I/art     (17083): Increasing code cache capacity to 128KB
06-06 17:45:30.256 I/System.out(17083): URI: //map
06-06 17:45:30.256 I/System.out(17083): params: {json={"query":"android.widget.AbsListView index:0","operation":{"method_name":"query","arguments":[]}}
06-06 17:45:30.256 I/System.out(17083): }
06-06 17:45:30.273 I/System.out(17083): URI: //map
06-06 17:45:30.273 I/System.out(17083): params: {json={"query":"android.widget.AbsListView index:0","operation":{"method_name":"query","arguments":[]}}
06-06 17:45:30.273 I/System.out(17083): }
06-06 17:45:30.289 I/System.out(17083): URI: //map
06-06 17:45:30.289 I/System.out(17083): params: {json={"query":"android.widget.AbsListView index:0","operation":{"method_name":"query","arguments":["getFirstVisiblePosition"]}}
06-06 17:45:30.289 I/System.out(17083): }
06-06 17:45:30.301 I/System.out(17083): URI: //map
06-06 17:45:30.301 I/System.out(17083): params: {json={"query":"android.widget.AbsListView index:0","operation":{"method_name":"query","arguments":["getLastVisiblePosition"]}}
06-06 17:45:30.301 I/System.out(17083): }
06-06 17:45:30.312 I/System.out(17083): URI: //map
06-06 17:45:30.312 I/System.out(17083): params: {json={"query":"android.widget.AbsListView index:0","operation":{"method_name":"query","arguments":[{"method_name":"setSelection","arguments":[26]}]}}
06-06 17:45:30.312 I/System.out(17083): }
06-06 17:45:30.335 I/System.out(17083): URI: //map
06-06 17:45:30.335 I/System.out(17083): params: {json={"query":"* marked:'Total fuel'","operation":{"method_name":"query","arguments":[]}}
06-06 17:45:30.335 I/System.out(17083): }
06-06 17:45:30.391 D/gralloc_ranchu( 1348): gralloc_alloc: Creating ashmem region of size 9023488
06-06 17:45:30.427 W/ResourceType(17083): No package identifier when getting name for resource number 0x00000001
06-06 17:45:30.431 V/PhoneStatusBar( 1713): setLightsOn(true)
06-06 17:45:30.432 V/PhoneStatusBar( 1713): setLightsOn(true)
06-06 17:45:30.433 W/OpenGLRenderer( 2106): Incorrectly called buildLayer on View: ShortcutAndWidgetContainer, destroying layer...
06-06 17:45:30.442 I/System.out(17083): URI: //gesture
06-06 17:45:30.442 I/System.out(17083): params: {json={"query_timeout":5.0,"gestures":[{"query_string":"* marked:'Total fuel'","touches":[{"x":50,"y":50,"offset_x":0,"offset_y":0,"wait":0.0,"time":0.2,"release":true,"query_string":null}]}]}
06-06 17:45:30.442 I/System.out(17083): }
06-06 17:45:30.446 W/ResourceType(17083): No package identifier when getting name for resource number 0x00000001
06-06 17:45:30.448 I/WindowManager( 1631): Destroying surface Surface(name=com.android.launcher3/com.android.launcher3.Launcher) called by com.android.server.wm.WindowStateAnimator.destroySurface:2016 com.android.server.wm.WindowStateAnimator.destroySurfaceLocked:882 com.android.server.wm.WindowState.destroyOrSaveSurface:2100 com.android.server.wm.AppWindowToken.destroySurfaces:363 com.android.server.wm.AppWindowToken.notifyAppStopped:389 com.android.server.wm.WindowManagerService.notifyAppStopped:4463 com.android.server.am.ActivityStack.activityStoppedLocked:1252 com.android.server.am.ActivityManagerService.activityStopped:6903 
06-06 17:45:30.449 V/PhoneStatusBar( 1713): setLightsOn(true)
06-06 17:45:30.682 I/ActivityManager( 1631): START u0 {cmp=com.evancharlton.mileage/.charts.TotalVolumeChart (has extras)} from uid 10728 on display 0
06-06 17:45:30.684 V/PhoneStatusBar( 1713): setLightsOn(true)
06-06 17:45:30.684 V/PhoneStatusBar( 1713): setLightsOn(true)
06-06 17:45:30.697 I/System.out(17083): URI: //map
06-06 17:45:30.697 I/System.out(17083): params: {json={"query":"* {text CONTAINS[c] 'Total fuel purchased'}","operation":{"method_name":"query","arguments":[]}}
06-06 17:45:30.697 I/System.out(17083): }
06-06 17:45:30.742 I/calabash(17083): newActivity1
06-06 17:45:30.746 W/aiCharts(17083): License file is invalid or missing. 
06-06 17:45:30.746 W/aiCharts(17083): Please place proper license.lic to /assets folder.
06-06 17:45:30.763 V/PhoneStatusBar( 1713): setLightsOn(true)
06-06 17:45:30.781 V/PhoneStatusBar( 1713): setLightsOn(true)
06-06 17:45:30.788 I/WindowManager( 1631): Destroying surface Surface(name=Creating chart…) called by com.android.server.wm.WindowStateAnimator.destroySurface:2016 com.android.server.wm.WindowStateAnimator.destroySurfaceLocked:882 com.android.server.wm.WindowState.removeLocked:1456 com.android.server.wm.WindowManagerService.removeWindowInnerLocked:2484 com.android.server.wm.WindowManagerService.removeWindowLocked:2442 com.android.server.wm.WindowManagerService.removeWindowLocked:2311 com.android.server.wm.WindowManagerService.removeWindow:2306 com.android.server.wm.Session.remove:202 
06-06 17:45:30.792 D/gralloc_ranchu( 1348): gralloc_alloc: Creating ashmem region of size 9023488
06-06 17:45:30.798 V/PhoneStatusBar( 1713): setLightsOn(true)
06-06 17:45:30.824 I/ActivityManager( 1631): Displayed com.evancharlton.mileage/.charts.TotalVolumeChart: +86ms
06-06 17:45:30.832 V/PhoneStatusBar( 1713): setLightsOn(true)
06-06 17:45:30.865 V/PhoneStatusBar( 1713): setLightsOn(true)
06-06 17:45:30.881 V/PhoneStatusBar( 1713): setLightsOn(true)
06-06 17:45:31.066 V/PhoneStatusBar( 1713): setLightsOn(true)
06-06 17:45:31.086 I/System.out(17083): URI: //map
06-06 17:45:31.086 I/System.out(17083): params: {json={"query":"* {text CONTAINS[c] 'Total fuel purchased'}","operation":{"method_name":"query","arguments":[]}}
06-06 17:45:31.086 I/System.out(17083): }
06-06 17:45:31.101 I/System.out(17083): URI: //
06-06 17:45:31.101 I/System.out(17083): params: {json={"command":"press_key","arguments":["KEYCODE_BACK"]}
06-06 17:45:31.101 I/System.out(17083): }
06-06 17:45:31.101 I/System.out(17083): header: {content-type=application/json;charset=utf-8, date=Sat, 06 Jun 2020 22:45:31 GMT, accept=*/*, host=127.0.0.1:34784, content-length=52, user-agent=HTTPClient/1.0 (2.8.3, ruby 2.5.1 (2018-03-29))}
06-06 17:45:31.101 I/System.out(17083): params: {json={"command":"press_key","arguments":["KEYCODE_BACK"]}
06-06 17:45:31.101 I/System.out(17083): }
06-06 17:45:31.101 I/System.out(17083): ProP json = {"command":"press_key","arguments":["KEYCODE_BACK"]}
06-06 17:45:31.101 I/System.out(17083): files: {}
06-06 17:45:31.101 I/System.out(17083): command: {"command":"press_key","arguments":["KEYCODE_BACK"]}
06-06 17:45:31.102 I/InstrumentationBackend(17083): Got command:'Command:'Line:null,press_key', arguments:'[KEYCODE_BACK]'
06-06 17:45:31.105 V/PhoneStatusBar( 1713): setLightsOn(true)
06-06 17:45:31.106 V/PhoneStatusBar( 1713): setLightsOn(true)
06-06 17:45:31.108 I/art     (17083): Do partial code cache collection, code=60KB, data=62KB
06-06 17:45:31.108 I/art     (17083): After code cache collection, code=59KB, data=61KB
06-06 17:45:31.108 I/art     (17083): Increasing code cache capacity to 256KB
06-06 17:45:31.108 I/System.out(17083): result:{"bonusInformation":[],"message":"","success":true}
06-06 17:45:31.109 D/VehicleStatisticsActivity(17083): Checking recalculation ...
06-06 17:45:31.110 D/VehicleStatisticsActivity(17083): Recalculation not necessary.
06-06 17:45:31.111 I/System.out(17083): URI: //map
06-06 17:45:31.111 I/System.out(17083): params: {json={"query":"* {text CONTAINS[c] 'Statistics'}","operation":{"method_name":"query","arguments":[]}}
06-06 17:45:31.111 I/System.out(17083): }
06-06 17:45:31.115 V/PhoneStatusBar( 1713): setLightsOn(true)
06-06 17:45:31.131 D/gralloc_ranchu( 1348): gralloc_alloc: Creating ashmem region of size 9023488
06-06 17:45:31.132 V/PhoneStatusBar( 1713): setLightsOn(true)
06-06 17:45:31.148 V/PhoneStatusBar( 1713): setLightsOn(true)
06-06 17:45:31.181 V/PhoneStatusBar( 1713): setLightsOn(true)
