--------- beginning of system
06-06 00:59:06.890 W/ActivityManager( 1631): Finishing task with all activities already finished
06-06 00:59:06.890 W/ActivityManager( 1631): Duplicate finish request for ActivityRecord{253c150 u0 com.evancharlton.mileage/.Mileage t10836 f}
--------- beginning of main
06-06 00:59:06.900 V/PhoneStatusBar( 1712): setLightsOn(true)
06-06 00:59:06.902 D/gralloc_ranchu( 1347): gralloc_alloc: Creating ashmem region of size 3145728
06-06 00:59:06.907 E/EGL_emulation( 1347): tid 1347: eglCreateSyncKHR(1901): error 0x3004 (EGL_BAD_ATTRIBUTE)
06-06 00:59:06.921 W/ActivityManager( 1631): Finishing task with all activities already finished
06-06 00:59:06.921 W/ActivityManager( 1631): Duplicate finish request for ActivityRecord{253c150 u0 com.evancharlton.mileage/.Mileage t10836 f}
06-06 00:59:06.921 W/ActivityManager( 1631): Finishing task with all activities already finished
06-06 00:59:06.921 W/ActivityManager( 1631): Duplicate finish request for ActivityRecord{253c150 u0 com.evancharlton.mileage/.Mileage t10836 f}
06-06 00:59:06.921 W/ActivityManager( 1631): Finishing task with all activities already finished
06-06 00:59:06.921 W/ActivityManager( 1631): Duplicate finish request for ActivityRecord{253c150 u0 com.evancharlton.mileage/.Mileage t10836 f}
06-06 00:59:06.921 W/ActivityManager( 1631): Finishing task with all activities already finished
06-06 00:59:06.921 W/ActivityManager( 1631): Duplicate finish request for ActivityRecord{253c150 u0 com.evancharlton.mileage/.Mileage t10836 f}
06-06 00:59:06.921 W/ActivityManager( 1631): Finishing task with all activities already finished
06-06 00:59:06.922 W/ActivityManager( 1631): Duplicate finish request for ActivityRecord{5963dae u0 com.evancharlton.mileage/.charts.MaximumDistanceChart t10836 f}
06-06 00:59:06.922 W/ActivityManager( 1631): Finishing task with all activities already finished
06-06 00:59:06.922 W/ActivityManager( 1631): Duplicate finish request for ActivityRecord{5963dae u0 com.evancharlton.mileage/.charts.MaximumDistanceChart t10836 f}
06-06 00:59:06.922 W/ActivityManager( 1631): Finishing task with all activities already finished
06-06 00:59:06.922 W/ActivityManager( 1631): Duplicate finish request for ActivityRecord{253c150 u0 com.evancharlton.mileage/.Mileage t10836 f}
06-06 00:59:06.922 W/ActivityManager( 1631): Finishing task with all activities already finished
06-06 00:59:06.922 W/ActivityManager( 1631): Duplicate finish request for ActivityRecord{253c150 u0 com.evancharlton.mileage/.Mileage t10836 f}
06-06 00:59:06.968 D/EGL_emulation( 2076): eglMakeCurrent: 0xb0685360: ver 2 0 (tinfo 0xb06836b0)
06-06 00:59:06.968 D/EGL_emulation( 1712): eglMakeCurrent: 0xb0685360: ver 2 0 (tinfo 0xb06836c0)
06-06 00:59:06.983 D/EGL_emulation( 1712): eglMakeCurrent: 0xb0685360: ver 2 0 (tinfo 0xb06836c0)
06-06 00:59:07.001 D/EGL_emulation( 1712): eglMakeCurrent: 0xb0685360: ver 2 0 (tinfo 0xb06836c0)
06-06 00:59:07.017 D/EGL_emulation( 1712): eglMakeCurrent: 0xb0685360: ver 2 0 (tinfo 0xb06836c0)
06-06 00:59:07.019 D/EGL_emulation( 1712): eglMakeCurrent: 0xb0685360: ver 2 0 (tinfo 0xb06836c0)
06-06 00:59:07.033 D/EGL_emulation( 1712): eglMakeCurrent: 0xb0685360: ver 2 0 (tinfo 0xb06836c0)
06-06 00:59:07.035 D/EGL_emulation( 1712): eglMakeCurrent: 0xb0685360: ver 2 0 (tinfo 0xb06836c0)
06-06 00:59:07.048 D/AndroidRuntime(22818): >>>>>> START com.android.internal.os.RuntimeInit uid 2000 <<<<<<
06-06 00:59:07.049 D/AndroidRuntime(22818): CheckJNI is ON
06-06 00:59:07.050 D/EGL_emulation( 1712): eglMakeCurrent: 0xb0685360: ver 2 0 (tinfo 0xb06836c0)
06-06 00:59:07.052 D/EGL_emulation( 1712): eglMakeCurrent: 0xb0685360: ver 2 0 (tinfo 0xb06836c0)
06-06 00:59:07.060 W/art     (22818): Unexpected CPU variant for X86 using defaults: x86
06-06 00:59:07.062 D/ICU     (22818): No timezone override file found: /data/misc/zoneinfo/current/icu/icu_tzdata.dat
06-06 00:59:07.066 D/EGL_emulation( 1712): eglMakeCurrent: 0xb0685360: ver 2 0 (tinfo 0xb06836c0)
06-06 00:59:07.068 D/EGL_emulation( 1712): eglMakeCurrent: 0xb0685360: ver 2 0 (tinfo 0xb06836c0)
06-06 00:59:07.070 E/memtrack(22818): Couldn't load memtrack module (No such file or directory)
06-06 00:59:07.070 E/android.os.Debug(22818): failed to load memtrack module: -2
06-06 00:59:07.071 I/Radio-JNI(22818): register_android_hardware_Radio DONE
06-06 00:59:07.075 D/AndroidRuntime(22818): Calling main entry com.android.commands.am.Am
06-06 00:59:07.076 I/ActivityManager( 1631): Force stopping com.evancharlton.mileage appid=10374 user=0: start instr
06-06 00:59:07.076 I/ActivityManager( 1631): Killing 22773:com.evancharlton.mileage/u0a374 (adj 0): stop com.evancharlton.mileage
06-06 00:59:07.076 D/ActivityManager( 1631): cleanUpApplicationRecord -- 22773
06-06 00:59:07.077 W/ActivityManager( 1631): Crash of app com.evancharlton.mileage running instrumentation ComponentInfo{com.evancharlton.mileage.test/sh.calaba.instrumentationbackend.CalabashInstrumentationTestRunner}
06-06 00:59:07.077 I/ActivityManager( 1631): Force stopping com.evancharlton.mileage appid=10374 user=0: finished inst
06-06 00:59:07.079 W/InputDispatcher( 1631): channel 'bbf3cc8 com.evancharlton.mileage/com.evancharlton.mileage.charts.MaximumDistanceChart (server)' ~ Consumer closed input channel or an error occurred.  events=0x9
06-06 00:59:07.079 E/InputDispatcher( 1631): channel 'bbf3cc8 com.evancharlton.mileage/com.evancharlton.mileage.charts.MaximumDistanceChart (server)' ~ Channel is unrecoverably broken and will be disposed!
06-06 00:59:07.079 W/InputDispatcher( 1631): channel 'edb7b7b com.evancharlton.mileage/com.evancharlton.mileage.Mileage (server)' ~ Consumer closed input channel or an error occurred.  events=0x9
06-06 00:59:07.079 E/InputDispatcher( 1631): channel 'edb7b7b com.evancharlton.mileage/com.evancharlton.mileage.Mileage (server)' ~ Channel is unrecoverably broken and will be disposed!
06-06 00:59:07.079 I/WindowManager( 1631): WIN DEATH: Window{edb7b7b u0 com.evancharlton.mileage/com.evancharlton.mileage.Mileage EXITING}
06-06 00:59:07.079 W/InputDispatcher( 1631): Attempted to unregister already unregistered input channel 'edb7b7b com.evancharlton.mileage/com.evancharlton.mileage.Mileage (server)'
06-06 00:59:07.080 I/art     (22828): Not late-enabling -Xcheck:jni (already on)
06-06 00:59:07.080 W/art     (22828): Unexpected CPU variant for X86 using defaults: x86
06-06 00:59:07.081 I/WindowManager( 1631): WIN DEATH: Window{bbf3cc8 u0 com.evancharlton.mileage/com.evancharlton.mileage.charts.MaximumDistanceChart EXITING}
06-06 00:59:07.081 W/InputDispatcher( 1631): Attempted to unregister already unregistered input channel 'bbf3cc8 com.evancharlton.mileage/com.evancharlton.mileage.charts.MaximumDistanceChart (server)'
06-06 00:59:07.083 I/WindowManager( 1631): Destroying surface Surface(name=com.evancharlton.mileage/com.evancharlton.mileage.charts.MaximumDistanceChart) called by com.android.server.wm.WindowStateAnimator.destroySurface:2016 com.android.server.wm.WindowStateAnimator.destroySurfaceLocked:882 com.android.server.wm.WindowState.removeLocked:1456 com.android.server.wm.WindowManagerService.removeWindowInnerLocked:2484 com.android.server.wm.AppWindowToken.destroySurfaces:365 com.android.server.wm.WindowStateAnimator.finishExit:565 com.android.server.wm.AppWindowAnimator.stepAnimationLocked:427 com.android.server.wm.WindowAnimator.updateAppWindowsLocked:176 
06-06 00:59:07.087 I/ActivityManager( 1631): Start proc 22828:com.evancharlton.mileage/u0a374 for added application com.evancharlton.mileage
06-06 00:59:07.088 D/AndroidRuntime(22818): Shutting down VM
06-06 00:59:07.090 D/EGL_emulation( 1712): eglMakeCurrent: 0xb0685360: ver 2 0 (tinfo 0xb06836c0)
06-06 00:59:07.093 W/System  (22828): ClassLoader referenced unknown path: /data/app/com.evancharlton.mileage.test-1/lib/x86
06-06 00:59:07.093 W/System  (22828): ClassLoader referenced unknown path: /data/app/com.evancharlton.mileage-1/lib/x86
06-06 00:59:07.093 D/EGL_emulation( 1712): eglMakeCurrent: 0xb0685360: ver 2 0 (tinfo 0xb06836c0)
06-06 00:59:07.096 W/System  (22828): ClassLoader referenced unknown path: 
06-06 00:59:07.100 D/EGL_emulation( 1712): eglMakeCurrent: 0xb0685360: ver 2 0 (tinfo 0xb06836c0)
06-06 00:59:07.100 I/System.out(22828): Main activity name automatically set to: com.evancharlton.mileage.Mileage
06-06 00:59:07.101 I/System.out(22828): Calabash did not load Mono. This is only a problem if you are trying to test a Mono application
06-06 00:59:07.101 I/calabash(22828): Test server port: 7102
06-06 00:59:07.101 D/EGL_emulation( 1712): eglMakeCurrent: 0xb0685360: ver 2 0 (tinfo 0xb06836c0)
06-06 00:59:07.101 I/InstrumentationBackend(22828): Added:'GetPreferences', with key:'get_preferences'
06-06 00:59:07.107 I/InstrumentationBackend(22828): Added:'SetPreferences', with key:'set_preferences'
06-06 00:59:07.107 I/InstrumentationBackend(22828): Added:'ClearPreferences', with key:'clear_preferences'
06-06 00:59:07.107 I/InstrumentationBackend(22828): Added:'PressElement', with key:'press_l10n_element'
06-06 00:59:07.107 I/InstrumentationBackend(22828): Added:'WaitForElement', with key:'wait_for_l10n_element'
06-06 00:59:07.107 I/InstrumentationBackend(22828): Added:'NullAction', with key:'nullAction'
06-06 00:59:07.107 I/InstrumentationBackend(22828): Added:'PressKey', with key:'press_key'
06-06 00:59:07.107 I/InstrumentationBackend(22828): Added:'SetActivityOrientation', with key:'set_activity_orientation'
06-06 00:59:07.107 I/InstrumentationBackend(22828): Added:'GetActivityOrientation', with key:'get_activity_orientation'
06-06 00:59:07.107 I/InstrumentationBackend(22828): Added:'FakeGPSLocation', with key:'set_gps_coordinates'
06-06 00:59:07.107 I/InstrumentationBackend(22828): Added:'SetPropertyByCssSelector', with key:'set_property_by_css_selector'
06-06 00:59:07.107 I/InstrumentationBackend(22828): Added:'GetUrl', with key:'get_url'
06-06 00:59:07.108 I/InstrumentationBackend(22828): Added:'ScrollTo', with key:'scroll_to'
06-06 00:59:07.108 I/InstrumentationBackend(22828): Added:'GetLoadProgress', with key:'get_load_progress'
06-06 00:59:07.108 I/InstrumentationBackend(22828): Added:'DumpHtml', with key:'dump_html'
06-06 00:59:07.108 I/InstrumentationBackend(22828): Added:'DumpBodyHtml', with key:'dump_body_html'
06-06 00:59:07.108 I/InstrumentationBackend(22828): Added:'EnterTextByCssSelector', with key:'enter_text_by_selector'
06-06 00:59:07.108 I/InstrumentationBackend(22828): Added:'AndroidSDKVersion', with key:'android_sdk_version'
06-06 00:59:07.108 I/InstrumentationBackend(22828): Added:'Version', with key:'version'
06-06 00:59:07.108 I/InstrumentationBackend(22828): Added:'Drag', with key:'drag'
06-06 00:59:07.108 I/InstrumentationBackend(22828): Added:'TouchCoordinates', with key:'touch_coordinate'
06-06 00:59:07.108 I/InstrumentationBackend(22828): Added:'LongPressCoordinate', with key:'long_press_coordinate'
06-06 00:59:07.108 I/InstrumentationBackend(22828): Added:'DragCoordinates', with key:'drag_coordinates'
06-06 00:59:07.108 I/InstrumentationBackend(22828): Added:'ResumeApplication', with key:'resume_application'
06-06 00:59:07.108 I/InstrumentationBackend(22828): Added:'Swipe', with key:'swipe'
06-06 00:59:07.108 I/InstrumentationBackend(22828): Added:'DoubleTapCoordinate', with key:'double_tap_coordinate'
06-06 00:59:07.108 I/InstrumentationBackend(22828): Added:'ClickOnScreen', with key:'click_on_screen'
06-06 00:59:07.108 I/InstrumentationBackend(22828): Added:'GetActivityName', with key:'get_activity_name'
06-06 00:59:07.109 I/InstrumentationBackend(22828): Added:'ScrollToView', with key:'scroll_to_view'
06-06 00:59:07.109 I/InstrumentationBackend(22828): Added:'ViewConfiguration', with key:'view_configuration'
06-06 00:59:07.109 I/InstrumentationBackend(22828): Added:'IsCurrentActivityFocused', with key:'is_current_activity_focused'
06-06 00:59:07.109 I/InstrumentationBackend(22828): Added:'SendTcp', with key:'send_tcp'
06-06 00:59:07.109 I/InstrumentationBackend(22828): Added:'DpToDevicePixel', with key:'dp_to_device_pixel'
06-06 00:59:07.109 I/InstrumentationBackend(22828): Added:'KeyboardEnterText', with key:'keyboard_enter_text'
06-06 00:59:07.109 I/InstrumentationBackend(22828): Added:'DeleteSurroundingText', with key:'delete_surrounding_text'
06-06 00:59:07.109 I/InstrumentationBackend(22828): Added:'SetComposingRegion', with key:'set_composing_region'
06-06 00:59:07.109 I/InstrumentationBackend(22828): Added:'SetSelection', with key:'set_selection'
06-06 00:59:07.109 I/InstrumentationBackend(22828): Added:'KeyboardKeyEvent', with key:'keyboard_key_event'
06-06 00:59:07.109 I/InstrumentationBackend(22828): Added:'PressUserActionButton', with key:'press_user_action_button'
06-06 00:59:07.109 I/InstrumentationBackend(22828): Added:'HideSoftKeyboard', with key:'hide_soft_keyboard'
06-06 00:59:07.109 I/InstrumentationBackend(22828): Added:'ListActions', with key:'list_actions'
06-06 00:59:07.109 I/calabash(22828): Instantiating http server at 7102
06-06 00:59:07.110 I/System.out(22828): HTTP Daemon listening on: 7102
06-06 00:59:07.117 D/EGL_emulation( 1712): eglMakeCurrent: 0xb0685360: ver 2 0 (tinfo 0xb06836c0)
06-06 00:59:07.118 D/EGL_emulation( 1712): eglMakeCurrent: 0xb0685360: ver 2 0 (tinfo 0xb06836c0)
06-06 00:59:07.133 D/EGL_emulation( 1712): eglMakeCurrent: 0xb0685360: ver 2 0 (tinfo 0xb06836c0)
06-06 00:59:07.135 D/EGL_emulation( 1712): eglMakeCurrent: 0xb0685360: ver 2 0 (tinfo 0xb06836c0)
06-06 00:59:07.151 D/EGL_emulation( 1712): eglMakeCurrent: 0xb0685360: ver 2 0 (tinfo 0xb06836c0)
06-06 00:59:07.157 D/EGL_emulation( 1712): eglMakeCurrent: 0xb0685360: ver 2 0 (tinfo 0xb06836c0)
06-06 00:59:07.171 D/EGL_emulation( 1712): eglMakeCurrent: 0xb0685360: ver 2 0 (tinfo 0xb06836c0)
06-06 00:59:07.185 D/EGL_emulation( 1712): eglMakeCurrent: 0xb0685360: ver 2 0 (tinfo 0xb06836c0)
06-06 00:59:07.190 D/EGL_emulation( 1712): eglMakeCurrent: 0xb0685360: ver 2 0 (tinfo 0xb06836c0)
06-06 00:59:07.201 I/System.out(22828): URI: //ping
06-06 00:59:07.201 I/System.out(22828): params: {json={}
06-06 00:59:07.201 I/System.out(22828): }
06-06 00:59:07.208 I/System.out(22828): URI: //ping
06-06 00:59:07.208 I/System.out(22828): params: {json={}
06-06 00:59:07.208 I/System.out(22828): }
06-06 00:59:07.213 I/System.out(22828): URI: //ready
06-06 00:59:07.213 I/System.out(22828): params: {json={}
06-06 00:59:07.213 I/System.out(22828): }
06-06 00:59:07.217 I/System.out(22828): URI: //
06-06 00:59:07.217 I/System.out(22828): params: {json={"command":"version","arguments":[]}
06-06 00:59:07.218 I/System.out(22828): }
06-06 00:59:07.218 I/System.out(22828): header: {content-type=application/json;charset=utf-8, date=Sat, 06 Jun 2020 05:59:07 GMT, accept=*/*, host=127.0.0.1:34777, content-length=36, user-agent=HTTPClient/1.0 (2.8.3, ruby 2.5.1 (2018-03-29))}
06-06 00:59:07.218 I/System.out(22828): params: {json={"command":"version","arguments":[]}
06-06 00:59:07.218 I/System.out(22828): }
06-06 00:59:07.218 I/System.out(22828): ProP json = {"command":"version","arguments":[]}
06-06 00:59:07.218 I/System.out(22828): files: {}
06-06 00:59:07.218 I/System.out(22828): command: {"command":"version","arguments":[]}
06-06 00:59:07.223 I/InstrumentationBackend(22828): Got command:'Command:'Line:null,version', arguments:'[]'
06-06 00:59:07.232 I/System.out(22828): result:{"bonusInformation":[],"message":"0.9.8","success":true}
06-06 00:59:07.235 I/System.out(22828): URI: //start-application
06-06 00:59:07.235 I/System.out(22828): params: {json={"intent":null}
06-06 00:59:07.235 I/System.out(22828): }
06-06 00:59:07.244 I/ActivityManager( 1631): START u0 {act=android.intent.action.MAIN cat=[android.intent.category.LAUNCHER] flg=0x10200000 cmp=com.evancharlton.mileage/.Mileage} from uid 10374 on display 0
06-06 00:59:07.252 I/calabash(22828): newActivity1
06-06 00:59:07.260 I/calabash(22828): newActivity1
06-06 00:59:07.261 W/ActivityManager( 1631): Bad activity token: android.os.BinderProxy@23cc94b
06-06 00:59:07.261 W/ActivityManager( 1631): java.lang.ClassCastException: android.os.BinderProxy cannot be cast to com.android.server.am.ActivityRecord$Token
06-06 00:59:07.261 W/ActivityManager( 1631): 	at com.android.server.am.ActivityRecord.forTokenLocked(ActivityRecord.java:586)
06-06 00:59:07.261 W/ActivityManager( 1631): 	at com.android.server.am.ActivityRecord.isInStackLocked(ActivityRecord.java:1327)
06-06 00:59:07.261 W/ActivityManager( 1631): 	at com.android.server.am.ActivityRecord.getStackLocked(ActivityRecord.java:1332)
06-06 00:59:07.261 W/ActivityManager( 1631): 	at com.android.server.am.ActivityManagerService.getActivityDisplayId(ActivityManagerService.java:9806)
06-06 00:59:07.261 W/ActivityManager( 1631): 	at android.app.ActivityManagerNative.onTransact(ActivityManagerNative.java:2566)
06-06 00:59:07.261 W/ActivityManager( 1631): 	at com.android.server.am.ActivityManagerService.onTransact(ActivityManagerService.java:2757)
06-06 00:59:07.261 W/ActivityManager( 1631): 	at android.os.Binder.execTransact(Binder.java:565)
06-06 00:59:07.262 W/ActivityManager( 1631): Bad activity token: android.os.BinderProxy@23cc94b
06-06 00:59:07.262 W/ActivityManager( 1631): java.lang.ClassCastException: android.os.BinderProxy cannot be cast to com.android.server.am.ActivityRecord$Token
06-06 00:59:07.262 W/ActivityManager( 1631): 	at com.android.server.am.ActivityRecord.forTokenLocked(ActivityRecord.java:586)
06-06 00:59:07.262 W/ActivityManager( 1631): 	at com.android.server.am.ActivityRecord.isInStackLocked(ActivityRecord.java:1327)
06-06 00:59:07.262 W/ActivityManager( 1631): 	at com.android.server.am.ActivityManagerService.setTaskDescription(ActivityManagerService.java:9358)
06-06 00:59:07.262 W/ActivityManager( 1631): 	at android.app.ActivityManagerNative.onTransact(ActivityManagerNative.java:2639)
06-06 00:59:07.262 W/ActivityManager( 1631): 	at com.android.server.am.ActivityManagerService.onTransact(ActivityManagerService.java:2757)
06-06 00:59:07.262 W/ActivityManager( 1631): 	at android.os.Binder.execTransact(Binder.java:565)
06-06 00:59:07.263 W/ActivityManager( 1631): Bad activity token: android.os.BinderProxy@23cc94b
06-06 00:59:07.263 W/ActivityManager( 1631): java.lang.ClassCastException: android.os.BinderProxy cannot be cast to com.android.server.am.ActivityRecord$Token
06-06 00:59:07.263 W/ActivityManager( 1631): 	at com.android.server.am.ActivityRecord.forTokenLocked(ActivityRecord.java:586)
06-06 00:59:07.263 W/ActivityManager( 1631): 	at com.android.server.am.ActivityRecord.isInStackLocked(ActivityRecord.java:1327)
06-06 00:59:07.263 W/ActivityManager( 1631): 	at com.android.server.am.ActivityRecord.getStackLocked(ActivityRecord.java:1332)
06-06 00:59:07.263 W/ActivityManager( 1631): 	at com.android.server.am.ActivityManagerService.getActivityStackId(ActivityManagerService.java:9817)
06-06 00:59:07.263 W/ActivityManager( 1631): 	at android.app.ActivityManagerNative.onTransact(ActivityManagerNative.java:2856)
06-06 00:59:07.263 W/ActivityManager( 1631): 	at com.android.server.am.ActivityManagerService.onTransact(ActivityManagerService.java:2757)
06-06 00:59:07.263 W/ActivityManager( 1631): 	at android.os.Binder.execTransact(Binder.java:565)
06-06 00:59:07.267 D/gralloc_ranchu( 1347): gralloc_alloc: Creating ashmem region of size 9023488
06-06 00:59:07.279 W/ActivityManager( 1631): Bad activity token: android.os.BinderProxy@23cc94b
06-06 00:59:07.279 W/ActivityManager( 1631): java.lang.ClassCastException: android.os.BinderProxy cannot be cast to com.android.server.am.ActivityRecord$Token
06-06 00:59:07.279 W/ActivityManager( 1631): 	at com.android.server.am.ActivityRecord.forTokenLocked(ActivityRecord.java:586)
06-06 00:59:07.279 W/ActivityManager( 1631): 	at com.android.server.am.ActivityRecord.isInStackLocked(ActivityRecord.java:1327)
06-06 00:59:07.279 W/ActivityManager( 1631): 	at com.android.server.am.ActivityManagerService.getActivityOptions(ActivityManagerService.java:12559)
06-06 00:59:07.279 W/ActivityManager( 1631): 	at android.app.ActivityManagerNative.onTransact(ActivityManagerNative.java:1933)
06-06 00:59:07.279 W/ActivityManager( 1631): 	at com.android.server.am.ActivityManagerService.onTransact(ActivityManagerService.java:2757)
06-06 00:59:07.279 W/ActivityManager( 1631): 	at android.os.Binder.execTransact(Binder.java:565)
06-06 00:59:07.280 W/ActivityManager( 1631): Bad activity token: android.os.BinderProxy@23cc94b
06-06 00:59:07.280 W/ActivityManager( 1631): java.lang.ClassCastException: android.os.BinderProxy cannot be cast to com.android.server.am.ActivityRecord$Token
06-06 00:59:07.280 W/ActivityManager( 1631): 	at com.android.server.am.ActivityRecord.forTokenLocked(ActivityRecord.java:586)
06-06 00:59:07.280 W/ActivityManager( 1631): 	at com.android.server.am.ActivityRecord.isInStackLocked(ActivityRecord.java:1327)
06-06 00:59:07.280 W/ActivityManager( 1631): 	at com.android.server.am.ActivityManagerService.getActivityOptions(ActivityManagerService.java:12559)
06-06 00:59:07.280 W/ActivityManager( 1631): 	at android.app.ActivityManagerNative.onTransact(ActivityManagerNative.java:1933)
06-06 00:59:07.280 W/ActivityManager( 1631): 	at com.android.server.am.ActivityManagerService.onTransact(ActivityManagerService.java:2757)
06-06 00:59:07.280 W/ActivityManager( 1631): 	at android.os.Binder.execTransact(Binder.java:565)
06-06 00:59:07.292 V/PhoneStatusBar( 1712): setLightsOn(true)
06-06 00:59:07.302 D/EGL_emulation( 2076): eglMakeCurrent: 0xb0685360: ver 2 0 (tinfo 0xb06836b0)
06-06 00:59:07.306 D/EGL_emulation( 1712): eglMakeCurrent: 0xb0685360: ver 2 0 (tinfo 0xb06836c0)
06-06 00:59:07.316 D/gralloc_ranchu( 1347): gralloc_alloc: Creating ashmem region of size 9023488
06-06 00:59:07.321 D/EGL_emulation( 1712): eglMakeCurrent: 0xb0685360: ver 2 0 (tinfo 0xb06836c0)
06-06 00:59:07.322 D/        (22828): HostConnection::get() New Host Connection established 0x9421d100, tid 22828
06-06 00:59:07.363 D/EGL_emulation( 1712): eglMakeCurrent: 0xb0685360: ver 2 0 (tinfo 0xb06836c0)
06-06 00:59:07.364 V/PhoneStatusBar( 1712): setLightsOn(true)
06-06 00:59:07.366 D/EGL_emulation( 1712): eglMakeCurrent: 0xb0685360: ver 2 0 (tinfo 0xb06836c0)
06-06 00:59:07.368 D/EGL_emulation( 1712): eglMakeCurrent: 0xb0685360: ver 2 0 (tinfo 0xb06836c0)
06-06 00:59:07.370 D/EGL_emulation( 1712): eglMakeCurrent: 0xb0685360: ver 2 0 (tinfo 0xb06836c0)
06-06 00:59:07.372 D/EGL_emulation( 1712): eglMakeCurrent: 0xb0685360: ver 2 0 (tinfo 0xb06836c0)
06-06 00:59:07.384 D/EGL_emulation( 1712): eglMakeCurrent: 0xb0685360: ver 2 0 (tinfo 0xb06836c0)
06-06 00:59:07.385 D/EGL_emulation( 1712): eglMakeCurrent: 0xb0685360: ver 2 0 (tinfo 0xb06836c0)
06-06 00:59:07.400 I/ActivityManager( 1631): Displayed com.evancharlton.mileage/.Mileage: +152ms
06-06 00:59:07.400 D/EGL_emulation( 1712): eglMakeCurrent: 0xb0685360: ver 2 0 (tinfo 0xb06836c0)
06-06 00:59:07.401 D/gralloc_ranchu( 1347): gralloc_alloc: Creating ashmem region of size 9023488
06-06 00:59:07.401 I/WindowManager( 1631): Destroying surface Surface(name=com.evancharlton.mileage/com.evancharlton.mileage.Mileage) called by com.android.server.wm.WindowStateAnimator.destroySurface:2016 com.android.server.wm.WindowStateAnimator.destroySurfaceLocked:882 com.android.server.wm.WindowState.removeLocked:1456 com.android.server.wm.WindowManagerService.removeWindowInnerLocked:2484 com.android.server.wm.AppWindowToken.destroySurfaces:365 com.android.server.wm.WindowStateAnimator.finishExit:565 com.android.server.wm.AppWindowAnimator.stepAnimationLocked:427 com.android.server.wm.WindowAnimator.updateAppWindowsLocked:196 
06-06 00:59:07.413 D/EGL_emulation( 1712): eglMakeCurrent: 0xb0685360: ver 2 0 (tinfo 0xb06836c0)
06-06 00:59:07.418 D/EGL_emulation( 1712): eglMakeCurrent: 0xb0685360: ver 2 0 (tinfo 0xb06836c0)
06-06 00:59:07.425 D/EGL_emulation( 1712): eglMakeCurrent: 0xb0685360: ver 2 0 (tinfo 0xb06836c0)
06-06 00:59:07.436 D/EGL_emulation( 1712): eglMakeCurrent: 0xb0685360: ver 2 0 (tinfo 0xb06836c0)
06-06 00:59:07.437 D/EGL_emulation( 1712): eglMakeCurrent: 0xb0685360: ver 2 0 (tinfo 0xb06836c0)
06-06 00:59:07.438 V/PhoneStatusBar( 1712): setLightsOn(true)
06-06 00:59:07.454 D/EGL_emulation( 1712): eglMakeCurrent: 0xb0685360: ver 2 0 (tinfo 0xb06836c0)
06-06 00:59:07.460 D/EGL_emulation( 1712): eglMakeCurrent: 0xb0685360: ver 2 0 (tinfo 0xb06836c0)
06-06 00:59:07.470 D/EGL_emulation( 1712): eglMakeCurrent: 0xb0685360: ver 2 0 (tinfo 0xb06836c0)
06-06 00:59:07.474 I/System.out(22828): URI: //map
06-06 00:59:07.474 I/System.out(22828): params: {json={"query":"* marked:'Statistics'","operation":{"method_name":"query","arguments":[]}}
06-06 00:59:07.474 I/System.out(22828): }
06-06 00:59:07.474 D/EGL_emulation( 1712): eglMakeCurrent: 0xb0685360: ver 2 0 (tinfo 0xb06836c0)
06-06 00:59:07.484 D/EGL_emulation( 1712): eglMakeCurrent: 0xb0685360: ver 2 0 (tinfo 0xb06836c0)
06-06 00:59:07.486 D/EGL_emulation( 1712): eglMakeCurrent: 0xb0685360: ver 2 0 (tinfo 0xb06836c0)
06-06 00:59:07.493 W/ResourceType(22828): No package identifier when getting name for resource number 0x00000001
06-06 00:59:07.500 D/EGL_emulation( 1712): eglMakeCurrent: 0xb0685360: ver 2 0 (tinfo 0xb06836c0)
06-06 00:59:07.502 D/EGL_emulation( 1712): eglMakeCurrent: 0xb0685360: ver 2 0 (tinfo 0xb06836c0)
06-06 00:59:07.507 I/System.out(22828): URI: //gesture
06-06 00:59:07.507 I/System.out(22828): params: {json={"query_timeout":5.0,"gestures":[{"query_string":"* marked:'Statistics'","touches":[{"x":50,"y":50,"offset_x":0,"offset_y":0,"wait":0.0,"time":0.2,"release":true,"query_string":null}]}]}
06-06 00:59:07.507 I/System.out(22828): }
06-06 00:59:07.512 W/ResourceType(22828): No package identifier when getting name for resource number 0x00000001
06-06 00:59:07.523 D/EGL_emulation( 1712): eglMakeCurrent: 0xb0685360: ver 2 0 (tinfo 0xb06836c0)
06-06 00:59:07.601 I/WindowManager( 1631): Destroying surface Surface(name=Starting com.evancharlton.mileage) called by com.android.server.wm.WindowStateAnimator.destroySurface:2016 com.android.server.wm.WindowStateAnimator.destroySurfaceLocked:882 com.android.server.wm.WindowState.destroyOrSaveSurface:2100 com.android.server.wm.AppWindowToken.destroySurfaces:363 com.android.server.wm.WindowStateAnimator.finishExit:565 com.android.server.wm.WindowStateAnimator.stepAnimationLocked:491 com.android.server.wm.WindowAnimator.updateWindowsLocked:303 com.android.server.wm.WindowAnimator.animateLocked:704 
06-06 00:59:07.606 V/PhoneStatusBar( 1712): setLightsOn(true)
06-06 00:59:07.634 V/PhoneStatusBar( 1712): setLightsOn(true)
06-06 00:59:07.738 I/calabash(22828): newActivity1
06-06 00:59:07.755 I/System.out(22828): URI: //map
06-06 00:59:07.755 I/System.out(22828): params: {json={"query":"* marked:'Average cost'","operation":{"method_name":"query","arguments":[]}}
06-06 00:59:07.755 I/System.out(22828): }
06-06 00:59:07.759 W/ActivityManager( 1631): Bad activity token: android.os.BinderProxy@793fb1
06-06 00:59:07.759 W/ActivityManager( 1631): java.lang.ClassCastException: android.os.BinderProxy cannot be cast to com.android.server.am.ActivityRecord$Token
06-06 00:59:07.759 W/ActivityManager( 1631): 	at com.android.server.am.ActivityRecord.forTokenLocked(ActivityRecord.java:586)
06-06 00:59:07.759 W/ActivityManager( 1631): 	at com.android.server.am.ActivityRecord.isInStackLocked(ActivityRecord.java:1327)
06-06 00:59:07.759 W/ActivityManager( 1631): 	at com.android.server.am.ActivityRecord.getStackLocked(ActivityRecord.java:1332)
06-06 00:59:07.759 W/ActivityManager( 1631): 	at com.android.server.am.ActivityManagerService.getActivityDisplayId(ActivityManagerService.java:9806)
06-06 00:59:07.759 W/ActivityManager( 1631): 	at android.app.ActivityManagerNative.onTransact(ActivityManagerNative.java:2566)
06-06 00:59:07.759 W/ActivityManager( 1631): 	at com.android.server.am.ActivityManagerService.onTransact(ActivityManagerService.java:2757)
06-06 00:59:07.759 W/ActivityManager( 1631): 	at android.os.Binder.execTransact(Binder.java:565)
06-06 00:59:07.760 W/ActivityManager( 1631): Bad activity token: android.os.BinderProxy@793fb1
06-06 00:59:07.760 W/ActivityManager( 1631): java.lang.ClassCastException: android.os.BinderProxy cannot be cast to com.android.server.am.ActivityRecord$Token
06-06 00:59:07.760 W/ActivityManager( 1631): 	at com.android.server.am.ActivityRecord.forTokenLocked(ActivityRecord.java:586)
06-06 00:59:07.760 W/ActivityManager( 1631): 	at com.android.server.am.ActivityRecord.isInStackLocked(ActivityRecord.java:1327)
06-06 00:59:07.760 W/ActivityManager( 1631): 	at com.android.server.am.ActivityManagerService.setTaskDescription(ActivityManagerService.java:9358)
06-06 00:59:07.760 W/ActivityManager( 1631): 	at android.app.ActivityManagerNative.onTransact(ActivityManagerNative.java:2639)
06-06 00:59:07.760 W/ActivityManager( 1631): 	at com.android.server.am.ActivityManagerService.onTransact(ActivityManagerService.java:2757)
06-06 00:59:07.760 W/ActivityManager( 1631): 	at android.os.Binder.execTransact(Binder.java:565)
06-06 00:59:07.760 W/ActivityManager( 1631): Bad activity token: android.os.BinderProxy@793fb1
06-06 00:59:07.760 W/ActivityManager( 1631): java.lang.ClassCastException: android.os.BinderProxy cannot be cast to com.android.server.am.ActivityRecord$Token
06-06 00:59:07.760 W/ActivityManager( 1631): 	at com.android.server.am.ActivityRecord.forTokenLocked(ActivityRecord.java:586)
06-06 00:59:07.760 W/ActivityManager( 1631): 	at com.android.server.am.ActivityRecord.isInStackLocked(ActivityRecord.java:1327)
06-06 00:59:07.760 W/ActivityManager( 1631): 	at com.android.server.am.ActivityRecord.getStackLocked(ActivityRecord.java:1332)
06-06 00:59:07.760 W/ActivityManager( 1631): 	at com.android.server.am.ActivityManagerService.getActivityStackId(ActivityManagerService.java:9817)
06-06 00:59:07.760 W/ActivityManager( 1631): 	at android.app.ActivityManagerNative.onTransact(ActivityManagerNative.java:2856)
06-06 00:59:07.760 W/ActivityManager( 1631): 	at com.android.server.am.ActivityManagerService.onTransact(ActivityManagerService.java:2757)
06-06 00:59:07.760 W/ActivityManager( 1631): 	at android.os.Binder.execTransact(Binder.java:565)
06-06 00:59:07.766 V/PhoneStatusBar( 1712): setLightsOn(true)
06-06 00:59:07.767 D/VehicleStatisticsActivity(22828): Checking recalculation ...
06-06 00:59:07.768 D/VehicleStatisticsActivity(22828): Recalculation not necessary.
06-06 00:59:07.783 W/ActivityManager( 1631): Bad activity token: android.os.BinderProxy@793fb1
06-06 00:59:07.783 W/ActivityManager( 1631): java.lang.ClassCastException: android.os.BinderProxy cannot be cast to com.android.server.am.ActivityRecord$Token
06-06 00:59:07.783 W/ActivityManager( 1631): 	at com.android.server.am.ActivityRecord.forTokenLocked(ActivityRecord.java:586)
06-06 00:59:07.783 W/ActivityManager( 1631): 	at com.android.server.am.ActivityRecord.isInStackLocked(ActivityRecord.java:1327)
06-06 00:59:07.783 W/ActivityManager( 1631): 	at com.android.server.am.ActivityManagerService.getActivityOptions(ActivityManagerService.java:12559)
06-06 00:59:07.783 W/ActivityManager( 1631): 	at android.app.ActivityManagerNative.onTransact(ActivityManagerNative.java:1933)
06-06 00:59:07.783 W/ActivityManager( 1631): 	at com.android.server.am.ActivityManagerService.onTransact(ActivityManagerService.java:2757)
06-06 00:59:07.783 W/ActivityManager( 1631): 	at android.os.Binder.execTransact(Binder.java:565)
06-06 00:59:07.783 W/ActivityManager( 1631): Bad activity token: android.os.BinderProxy@793fb1
06-06 00:59:07.783 W/ActivityManager( 1631): java.lang.ClassCastException: android.os.BinderProxy cannot be cast to com.android.server.am.ActivityRecord$Token
06-06 00:59:07.783 W/ActivityManager( 1631): 	at com.android.server.am.ActivityRecord.forTokenLocked(ActivityRecord.java:586)
06-06 00:59:07.783 W/ActivityManager( 1631): 	at com.android.server.am.ActivityRecord.isInStackLocked(ActivityRecord.java:1327)
06-06 00:59:07.783 W/ActivityManager( 1631): 	at com.android.server.am.ActivityManagerService.getActivityOptions(ActivityManagerService.java:12559)
06-06 00:59:07.783 W/ActivityManager( 1631): 	at android.app.ActivityManagerNative.onTransact(ActivityManagerNative.java:1933)
06-06 00:59:07.783 W/ActivityManager( 1631): 	at com.android.server.am.ActivityManagerService.onTransact(ActivityManagerService.java:2757)
06-06 00:59:07.783 W/ActivityManager( 1631): 	at android.os.Binder.execTransact(Binder.java:565)
06-06 00:59:07.785 D/VehicleStatisticsActivity(22828): Checking recalculation ...
06-06 00:59:07.786 D/VehicleStatisticsActivity(22828): Recalculation not necessary.
06-06 00:59:07.857 W/ResourceType(22828): No package identifier when getting name for resource number 0x00000001
06-06 00:59:07.858 I/art     (22828): Do partial code cache collection, code=30KB, data=29KB
06-06 00:59:07.858 I/art     (22828): After code cache collection, code=29KB, data=29KB
06-06 00:59:07.858 I/art     (22828): Increasing code cache capacity to 128KB
06-06 00:59:07.870 I/System.out(22828): URI: //gesture
06-06 00:59:07.870 I/System.out(22828): params: {json={"query_timeout":5.0,"gestures":[{"query_string":"* marked:'Average cost'","touches":[{"x":50,"y":50,"offset_x":0,"offset_y":0,"wait":0.0,"time":0.2,"release":true,"query_string":null}]}]}
06-06 00:59:07.870 I/System.out(22828): }
06-06 00:59:07.876 W/ResourceType(22828): No package identifier when getting name for resource number 0x00000001
06-06 00:59:08.050 V/PhoneStatusBar( 1712): setLightsOn(true)
06-06 00:59:08.051 V/PhoneStatusBar( 1712): setLightsOn(true)
06-06 00:59:08.051 W/OpenGLRenderer( 2076): Incorrectly called buildLayer on View: ShortcutAndWidgetContainer, destroying layer...
06-06 00:59:08.067 I/WindowManager( 1631): Destroying surface Surface(name=com.android.launcher3/com.android.launcher3.Launcher) called by com.android.server.wm.WindowStateAnimator.destroySurface:2016 com.android.server.wm.WindowStateAnimator.destroySurfaceLocked:882 com.android.server.wm.WindowState.destroyOrSaveSurface:2100 com.android.server.wm.AppWindowToken.destroySurfaces:363 com.android.server.wm.AppWindowToken.notifyAppStopped:389 com.android.server.wm.WindowManagerService.notifyAppStopped:4463 com.android.server.am.ActivityStack.activityStoppedLocked:1252 com.android.server.am.ActivityManagerService.activityStopped:6903 
06-06 00:59:08.067 V/PhoneStatusBar( 1712): setLightsOn(true)
06-06 00:59:08.100 I/ActivityManager( 1631): START u0 {cmp=com.evancharlton.mileage/.charts.AverageCostChart (has extras)} from uid 10374 on display 0
06-06 00:59:08.101 V/PhoneStatusBar( 1712): setLightsOn(true)
06-06 00:59:08.102 V/PhoneStatusBar( 1712): setLightsOn(true)
06-06 00:59:08.113 I/System.out(22828): URI: //map
06-06 00:59:08.113 I/System.out(22828): params: {json={"query":"* {text CONTAINS[c] 'Average cost per fillup'}","operation":{"method_name":"query","arguments":[]}}
06-06 00:59:08.113 I/System.out(22828): }
06-06 00:59:08.155 I/calabash(22828): newActivity1
06-06 00:59:08.158 W/aiCharts(22828): License file is invalid or missing. 
06-06 00:59:08.158 W/aiCharts(22828): Please place proper license.lic to /assets folder.
06-06 00:59:08.172 V/PhoneStatusBar( 1712): setLightsOn(true)
06-06 00:59:08.200 V/PhoneStatusBar( 1712): setLightsOn(true)
06-06 00:59:08.205 I/WindowManager( 1631): Destroying surface Surface(name=Creating chart…) called by com.android.server.wm.WindowStateAnimator.destroySurface:2016 com.android.server.wm.WindowStateAnimator.destroySurfaceLocked:882 com.android.server.wm.WindowState.removeLocked:1456 com.android.server.wm.WindowManagerService.removeWindowInnerLocked:2484 com.android.server.wm.WindowManagerService.removeWindowLocked:2442 com.android.server.wm.WindowManagerService.removeWindowLocked:2311 com.android.server.wm.WindowManagerService.removeWindow:2306 com.android.server.wm.Session.remove:202 
06-06 00:59:08.207 D/gralloc_ranchu( 1347): gralloc_alloc: Creating ashmem region of size 9023488
06-06 00:59:08.216 V/PhoneStatusBar( 1712): setLightsOn(true)
06-06 00:59:08.237 I/ActivityManager( 1631): Displayed com.evancharlton.mileage/.charts.AverageCostChart: +85ms
06-06 00:59:08.250 V/PhoneStatusBar( 1712): setLightsOn(true)
06-06 00:59:08.283 V/PhoneStatusBar( 1712): setLightsOn(true)
06-06 00:59:08.300 V/PhoneStatusBar( 1712): setLightsOn(true)
06-06 00:59:08.484 V/PhoneStatusBar( 1712): setLightsOn(true)
06-06 00:59:08.486 I/System.out(22828): URI: //map
06-06 00:59:08.486 I/System.out(22828): params: {json={"query":"* {text CONTAINS[c] 'Average cost per fillup'}","operation":{"method_name":"query","arguments":[]}}
06-06 00:59:08.486 I/System.out(22828): }
06-06 00:59:08.505 I/System.out(22828): URI: //
06-06 00:59:08.505 I/System.out(22828): params: {json={"command":"press_key","arguments":["KEYCODE_BACK"]}
06-06 00:59:08.505 I/System.out(22828): }
06-06 00:59:08.505 I/System.out(22828): header: {content-type=application/json;charset=utf-8, date=Sat, 06 Jun 2020 05:59:08 GMT, accept=*/*, host=127.0.0.1:34777, content-length=52, user-agent=HTTPClient/1.0 (2.8.3, ruby 2.5.1 (2018-03-29))}
06-06 00:59:08.505 I/System.out(22828): params: {json={"command":"press_key","arguments":["KEYCODE_BACK"]}
06-06 00:59:08.505 I/System.out(22828): }
06-06 00:59:08.505 I/System.out(22828): ProP json = {"command":"press_key","arguments":["KEYCODE_BACK"]}
06-06 00:59:08.505 I/System.out(22828): files: {}
06-06 00:59:08.505 I/System.out(22828): command: {"command":"press_key","arguments":["KEYCODE_BACK"]}
06-06 00:59:08.506 I/InstrumentationBackend(22828): Got command:'Command:'Line:null,press_key', arguments:'[KEYCODE_BACK]'
06-06 00:59:08.509 V/PhoneStatusBar( 1712): setLightsOn(true)
06-06 00:59:08.512 I/System.out(22828): result:{"bonusInformation":[],"message":"","success":true}
06-06 00:59:08.515 I/System.out(22828): URI: //map
06-06 00:59:08.515 I/System.out(22828): params: {json={"query":"* {text CONTAINS[c] 'Statistics'}","operation":{"method_name":"query","arguments":[]}}
06-06 00:59:08.515 I/System.out(22828): }
06-06 00:59:08.517 V/PhoneStatusBar( 1712): setLightsOn(true)
06-06 00:59:08.521 D/VehicleStatisticsActivity(22828): Checking recalculation ...
06-06 00:59:08.522 D/VehicleStatisticsActivity(22828): Recalculation not necessary.
06-06 00:59:08.549 D/gralloc_ranchu( 1347): gralloc_alloc: Creating ashmem region of size 9023488
06-06 00:59:08.550 V/PhoneStatusBar( 1712): setLightsOn(true)
