--------- beginning of main
06-06 17:46:36.298 V/PhoneStatusBar( 1713): setLightsOn(true)
06-06 17:46:36.315 V/PhoneStatusBar( 1713): setLightsOn(true)
06-06 17:46:36.317 W/IInputConnectionWrapper(18200): finishComposingText on inactive InputConnection
06-06 17:46:36.331 V/PhoneStatusBar( 1713): setLightsOn(true)
06-06 17:46:36.332 D/gralloc_ranchu( 1348): gralloc_alloc: Creating ashmem region of size 3145728
06-06 17:46:36.336 E/EGL_emulation( 1348): tid 1348: eglCreateSyncKHR(1901): error 0x3004 (EGL_BAD_ATTRIBUTE)
06-06 17:46:36.383 D/EGL_emulation( 2106): eglMakeCurrent: 0xa6a85300: ver 2 0 (tinfo 0xa6a83220)
06-06 17:46:36.383 D/EGL_emulation( 1713): eglMakeCurrent: 0xa6a85780: ver 2 0 (tinfo 0xa6a83640)
06-06 17:46:36.398 D/EGL_emulation( 1713): eglMakeCurrent: 0xa6a85780: ver 2 0 (tinfo 0xa6a83640)
06-06 17:46:36.416 D/EGL_emulation( 1713): eglMakeCurrent: 0xa6a85780: ver 2 0 (tinfo 0xa6a83640)
06-06 17:46:36.432 D/EGL_emulation( 1713): eglMakeCurrent: 0xa6a85780: ver 2 0 (tinfo 0xa6a83640)
06-06 17:46:36.434 D/EGL_emulation( 1713): eglMakeCurrent: 0xa6a85780: ver 2 0 (tinfo 0xa6a83640)
06-06 17:46:36.448 D/EGL_emulation( 1713): eglMakeCurrent: 0xa6a85780: ver 2 0 (tinfo 0xa6a83640)
06-06 17:46:36.450 D/EGL_emulation( 1713): eglMakeCurrent: 0xa6a85780: ver 2 0 (tinfo 0xa6a83640)
06-06 17:46:36.465 D/EGL_emulation( 1713): eglMakeCurrent: 0xa6a85780: ver 2 0 (tinfo 0xa6a83640)
06-06 17:46:36.466 D/EGL_emulation( 1713): eglMakeCurrent: 0xa6a85780: ver 2 0 (tinfo 0xa6a83640)
06-06 17:46:36.474 D/AndroidRuntime(18272): >>>>>> START com.android.internal.os.RuntimeInit uid 2000 <<<<<<
06-06 17:46:36.475 D/AndroidRuntime(18272): CheckJNI is ON
06-06 17:46:36.481 D/EGL_emulation( 1713): eglMakeCurrent: 0xa6a85780: ver 2 0 (tinfo 0xa6a83640)
06-06 17:46:36.483 D/EGL_emulation( 1713): eglMakeCurrent: 0xa6a85780: ver 2 0 (tinfo 0xa6a83640)
06-06 17:46:36.487 W/art     (18272): Unexpected CPU variant for X86 using defaults: x86
06-06 17:46:36.488 D/ICU     (18272): No timezone override file found: /data/misc/zoneinfo/current/icu/icu_tzdata.dat
06-06 17:46:36.496 E/memtrack(18272): Couldn't load memtrack module (No such file or directory)
06-06 17:46:36.496 E/android.os.Debug(18272): failed to load memtrack module: -2
06-06 17:46:36.496 I/Radio-JNI(18272): register_android_hardware_Radio DONE
06-06 17:46:36.498 D/EGL_emulation( 1713): eglMakeCurrent: 0xa6a85780: ver 2 0 (tinfo 0xa6a83640)
06-06 17:46:36.499 D/EGL_emulation( 1713): eglMakeCurrent: 0xa6a85780: ver 2 0 (tinfo 0xa6a83640)
06-06 17:46:36.501 D/AndroidRuntime(18272): Calling main entry com.android.commands.am.Am
--------- beginning of system
06-06 17:46:36.502 I/ActivityManager( 1631): Force stopping com.evancharlton.mileage appid=10728 user=0: start instr
06-06 17:46:36.502 I/ActivityManager( 1631): Killing 18200:com.evancharlton.mileage/u0a728 (adj 0): stop com.evancharlton.mileage
06-06 17:46:36.502 D/ActivityManager( 1631): cleanUpApplicationRecord -- 18200
06-06 17:46:36.502 W/ActivityManager( 1631): Crash of app com.evancharlton.mileage running instrumentation ComponentInfo{com.evancharlton.mileage.test/sh.calaba.instrumentationbackend.CalabashInstrumentationTestRunner}
06-06 17:46:36.502 I/ActivityManager( 1631): Force stopping com.evancharlton.mileage appid=10728 user=0: finished inst
06-06 17:46:36.504 W/InputDispatcher( 1631): channel '2e81279 com.evancharlton.mileage/com.evancharlton.mileage.VehicleTypeActivity (server)' ~ Consumer closed input channel or an error occurred.  events=0x9
06-06 17:46:36.504 E/InputDispatcher( 1631): channel '2e81279 com.evancharlton.mileage/com.evancharlton.mileage.VehicleTypeActivity (server)' ~ Channel is unrecoverably broken and will be disposed!
06-06 17:46:36.504 W/InputDispatcher( 1631): channel '565a30e com.evancharlton.mileage/com.evancharlton.mileage.VehicleTypeListActivity (server)' ~ Consumer closed input channel or an error occurred.  events=0x9
06-06 17:46:36.504 E/InputDispatcher( 1631): channel '565a30e com.evancharlton.mileage/com.evancharlton.mileage.VehicleTypeListActivity (server)' ~ Channel is unrecoverably broken and will be disposed!
06-06 17:46:36.504 I/WindowManager( 1631): WIN DEATH: Window{565a30e u0 com.evancharlton.mileage/com.evancharlton.mileage.VehicleTypeListActivity EXITING}
06-06 17:46:36.504 W/InputDispatcher( 1631): Attempted to unregister already unregistered input channel '565a30e com.evancharlton.mileage/com.evancharlton.mileage.VehicleTypeListActivity (server)'
06-06 17:46:36.505 I/WindowManager( 1631): WIN DEATH: Window{2e81279 u0 com.evancharlton.mileage/com.evancharlton.mileage.VehicleTypeActivity EXITING}
06-06 17:46:36.505 W/InputDispatcher( 1631): Attempted to unregister already unregistered input channel '2e81279 com.evancharlton.mileage/com.evancharlton.mileage.VehicleTypeActivity (server)'
06-06 17:46:36.505 I/art     (18282): Not late-enabling -Xcheck:jni (already on)
06-06 17:46:36.505 W/art     (18282): Unexpected CPU variant for X86 using defaults: x86
06-06 17:46:36.513 I/ActivityManager( 1631): Start proc 18282:com.evancharlton.mileage/u0a728 for added application com.evancharlton.mileage
06-06 17:46:36.513 D/AndroidRuntime(18272): Shutting down VM
06-06 17:46:36.514 I/WindowManager( 1631): Destroying surface Surface(name=com.evancharlton.mileage/com.evancharlton.mileage.VehicleTypeActivity) called by com.android.server.wm.WindowStateAnimator.destroySurface:2016 com.android.server.wm.WindowStateAnimator.destroySurfaceLocked:882 com.android.server.wm.WindowState.removeLocked:1456 com.android.server.wm.WindowManagerService.removeWindowInnerLocked:2484 com.android.server.wm.AppWindowToken.destroySurfaces:365 com.android.server.wm.WindowStateAnimator.finishExit:565 com.android.server.wm.AppWindowAnimator.stepAnimationLocked:427 com.android.server.wm.WindowAnimator.updateAppWindowsLocked:196 
06-06 17:46:36.515 D/EGL_emulation( 1713): eglMakeCurrent: 0xa6a85780: ver 2 0 (tinfo 0xa6a83640)
06-06 17:46:36.518 W/System  (18282): ClassLoader referenced unknown path: /data/app/com.evancharlton.mileage.test-1/lib/x86
06-06 17:46:36.518 W/System  (18282): ClassLoader referenced unknown path: /data/app/com.evancharlton.mileage-1/lib/x86
06-06 17:46:36.518 D/EGL_emulation( 1713): eglMakeCurrent: 0xa6a85780: ver 2 0 (tinfo 0xa6a83640)
06-06 17:46:36.520 W/System  (18282): ClassLoader referenced unknown path: 
06-06 17:46:36.523 I/System.out(18282): Main activity name automatically set to: com.evancharlton.mileage.Mileage
06-06 17:46:36.523 I/System.out(18282): Calabash did not load Mono. This is only a problem if you are trying to test a Mono application
06-06 17:46:36.523 I/calabash(18282): Test server port: 7102
06-06 17:46:36.524 I/InstrumentationBackend(18282): Added:'GetPreferences', with key:'get_preferences'
06-06 17:46:36.528 I/InstrumentationBackend(18282): Added:'SetPreferences', with key:'set_preferences'
06-06 17:46:36.528 I/InstrumentationBackend(18282): Added:'ClearPreferences', with key:'clear_preferences'
06-06 17:46:36.528 I/InstrumentationBackend(18282): Added:'PressElement', with key:'press_l10n_element'
06-06 17:46:36.528 I/InstrumentationBackend(18282): Added:'WaitForElement', with key:'wait_for_l10n_element'
06-06 17:46:36.528 I/InstrumentationBackend(18282): Added:'NullAction', with key:'nullAction'
06-06 17:46:36.528 I/InstrumentationBackend(18282): Added:'PressKey', with key:'press_key'
06-06 17:46:36.528 I/InstrumentationBackend(18282): Added:'SetActivityOrientation', with key:'set_activity_orientation'
06-06 17:46:36.528 I/InstrumentationBackend(18282): Added:'GetActivityOrientation', with key:'get_activity_orientation'
06-06 17:46:36.528 I/InstrumentationBackend(18282): Added:'FakeGPSLocation', with key:'set_gps_coordinates'
06-06 17:46:36.528 I/InstrumentationBackend(18282): Added:'SetPropertyByCssSelector', with key:'set_property_by_css_selector'
06-06 17:46:36.528 I/InstrumentationBackend(18282): Added:'GetUrl', with key:'get_url'
06-06 17:46:36.528 I/InstrumentationBackend(18282): Added:'ScrollTo', with key:'scroll_to'
06-06 17:46:36.528 I/InstrumentationBackend(18282): Added:'GetLoadProgress', with key:'get_load_progress'
06-06 17:46:36.528 I/InstrumentationBackend(18282): Added:'DumpHtml', with key:'dump_html'
06-06 17:46:36.529 I/InstrumentationBackend(18282): Added:'DumpBodyHtml', with key:'dump_body_html'
06-06 17:46:36.529 I/InstrumentationBackend(18282): Added:'EnterTextByCssSelector', with key:'enter_text_by_selector'
06-06 17:46:36.529 I/InstrumentationBackend(18282): Added:'AndroidSDKVersion', with key:'android_sdk_version'
06-06 17:46:36.529 I/InstrumentationBackend(18282): Added:'Version', with key:'version'
06-06 17:46:36.529 I/InstrumentationBackend(18282): Added:'Drag', with key:'drag'
06-06 17:46:36.529 I/InstrumentationBackend(18282): Added:'TouchCoordinates', with key:'touch_coordinate'
06-06 17:46:36.529 I/InstrumentationBackend(18282): Added:'LongPressCoordinate', with key:'long_press_coordinate'
06-06 17:46:36.529 I/InstrumentationBackend(18282): Added:'DragCoordinates', with key:'drag_coordinates'
06-06 17:46:36.529 I/InstrumentationBackend(18282): Added:'ResumeApplication', with key:'resume_application'
06-06 17:46:36.529 I/InstrumentationBackend(18282): Added:'Swipe', with key:'swipe'
06-06 17:46:36.529 I/InstrumentationBackend(18282): Added:'DoubleTapCoordinate', with key:'double_tap_coordinate'
06-06 17:46:36.529 I/InstrumentationBackend(18282): Added:'ClickOnScreen', with key:'click_on_screen'
06-06 17:46:36.529 I/InstrumentationBackend(18282): Added:'GetActivityName', with key:'get_activity_name'
06-06 17:46:36.529 I/InstrumentationBackend(18282): Added:'ScrollToView', with key:'scroll_to_view'
06-06 17:46:36.529 I/InstrumentationBackend(18282): Added:'ViewConfiguration', with key:'view_configuration'
06-06 17:46:36.529 I/InstrumentationBackend(18282): Added:'IsCurrentActivityFocused', with key:'is_current_activity_focused'
06-06 17:46:36.529 I/InstrumentationBackend(18282): Added:'SendTcp', with key:'send_tcp'
06-06 17:46:36.529 I/InstrumentationBackend(18282): Added:'DpToDevicePixel', with key:'dp_to_device_pixel'
06-06 17:46:36.529 I/InstrumentationBackend(18282): Added:'KeyboardEnterText', with key:'keyboard_enter_text'
06-06 17:46:36.529 I/InstrumentationBackend(18282): Added:'DeleteSurroundingText', with key:'delete_surrounding_text'
06-06 17:46:36.529 I/InstrumentationBackend(18282): Added:'SetComposingRegion', with key:'set_composing_region'
06-06 17:46:36.529 I/InstrumentationBackend(18282): Added:'SetSelection', with key:'set_selection'
06-06 17:46:36.529 I/InstrumentationBackend(18282): Added:'KeyboardKeyEvent', with key:'keyboard_key_event'
06-06 17:46:36.530 I/InstrumentationBackend(18282): Added:'PressUserActionButton', with key:'press_user_action_button'
06-06 17:46:36.530 I/InstrumentationBackend(18282): Added:'HideSoftKeyboard', with key:'hide_soft_keyboard'
06-06 17:46:36.530 I/InstrumentationBackend(18282): Added:'ListActions', with key:'list_actions'
06-06 17:46:36.530 I/calabash(18282): Instantiating http server at 7102
06-06 17:46:36.531 I/System.out(18282): HTTP Daemon listening on: 7102
06-06 17:46:36.532 D/EGL_emulation( 1713): eglMakeCurrent: 0xa6a85780: ver 2 0 (tinfo 0xa6a83640)
06-06 17:46:36.550 D/EGL_emulation( 1713): eglMakeCurrent: 0xa6a85780: ver 2 0 (tinfo 0xa6a83640)
06-06 17:46:36.554 D/EGL_emulation( 1713): eglMakeCurrent: 0xa6a85780: ver 2 0 (tinfo 0xa6a83640)
06-06 17:46:36.569 D/EGL_emulation( 1713): eglMakeCurrent: 0xa6a85780: ver 2 0 (tinfo 0xa6a83640)
06-06 17:46:36.574 D/EGL_emulation( 1713): eglMakeCurrent: 0xa6a85780: ver 2 0 (tinfo 0xa6a83640)
06-06 17:46:36.583 D/EGL_emulation( 1713): eglMakeCurrent: 0xa6a85780: ver 2 0 (tinfo 0xa6a83640)
06-06 17:46:36.588 D/EGL_emulation( 1713): eglMakeCurrent: 0xa6a85780: ver 2 0 (tinfo 0xa6a83640)
06-06 17:46:36.600 D/EGL_emulation( 1713): eglMakeCurrent: 0xa6a85780: ver 2 0 (tinfo 0xa6a83640)
06-06 17:46:36.604 D/EGL_emulation( 1713): eglMakeCurrent: 0xa6a85780: ver 2 0 (tinfo 0xa6a83640)
06-06 17:46:36.626 I/System.out(18282): URI: //ping
06-06 17:46:36.626 I/System.out(18282): params: {json={}
06-06 17:46:36.626 I/System.out(18282): }
06-06 17:46:36.635 I/System.out(18282): URI: //ping
06-06 17:46:36.636 I/System.out(18282): params: {json={}
06-06 17:46:36.636 I/System.out(18282): }
06-06 17:46:36.643 I/System.out(18282): URI: //ready
06-06 17:46:36.643 I/System.out(18282): params: {json={}
06-06 17:46:36.643 I/System.out(18282): }
06-06 17:46:36.650 I/System.out(18282): URI: //
06-06 17:46:36.651 I/System.out(18282): params: {json={"command":"version","arguments":[]}
06-06 17:46:36.651 I/System.out(18282): }
06-06 17:46:36.651 I/System.out(18282): header: {content-type=application/json;charset=utf-8, date=Sat, 06 Jun 2020 22:46:37 GMT, accept=*/*, host=127.0.0.1:34784, content-length=36, user-agent=HTTPClient/1.0 (2.8.3, ruby 2.5.1 (2018-03-29))}
06-06 17:46:36.651 I/System.out(18282): params: {json={"command":"version","arguments":[]}
06-06 17:46:36.651 I/System.out(18282): }
06-06 17:46:36.651 I/System.out(18282): ProP json = {"command":"version","arguments":[]}
06-06 17:46:36.651 I/System.out(18282): files: {}
06-06 17:46:36.651 I/System.out(18282): command: {"command":"version","arguments":[]}
06-06 17:46:36.665 I/InstrumentationBackend(18282): Got command:'Command:'Line:null,version', arguments:'[]'
06-06 17:46:36.684 I/System.out(18282): result:{"bonusInformation":[],"message":"0.9.8","success":true}
06-06 17:46:36.686 I/System.out(18282): URI: //start-application
06-06 17:46:36.686 I/System.out(18282): params: {json={"intent":null}
06-06 17:46:36.686 I/System.out(18282): }
06-06 17:46:36.700 I/ActivityManager( 1631): START u0 {act=android.intent.action.MAIN cat=[android.intent.category.LAUNCHER] flg=0x10200000 cmp=com.evancharlton.mileage/.Mileage} from uid 10728 on display 0
06-06 17:46:36.708 I/calabash(18282): newActivity1
06-06 17:46:36.727 I/calabash(18282): newActivity1
06-06 17:46:36.729 W/ActivityManager( 1631): Bad activity token: android.os.BinderProxy@65ad4ef
06-06 17:46:36.729 W/ActivityManager( 1631): java.lang.ClassCastException: android.os.BinderProxy cannot be cast to com.android.server.am.ActivityRecord$Token
06-06 17:46:36.729 W/ActivityManager( 1631): 	at com.android.server.am.ActivityRecord.forTokenLocked(ActivityRecord.java:586)
06-06 17:46:36.729 W/ActivityManager( 1631): 	at com.android.server.am.ActivityRecord.isInStackLocked(ActivityRecord.java:1327)
06-06 17:46:36.729 W/ActivityManager( 1631): 	at com.android.server.am.ActivityRecord.getStackLocked(ActivityRecord.java:1332)
06-06 17:46:36.729 W/ActivityManager( 1631): 	at com.android.server.am.ActivityManagerService.getActivityDisplayId(ActivityManagerService.java:9806)
06-06 17:46:36.729 W/ActivityManager( 1631): 	at android.app.ActivityManagerNative.onTransact(ActivityManagerNative.java:2566)
06-06 17:46:36.729 W/ActivityManager( 1631): 	at com.android.server.am.ActivityManagerService.onTransact(ActivityManagerService.java:2757)
06-06 17:46:36.729 W/ActivityManager( 1631): 	at android.os.Binder.execTransact(Binder.java:565)
06-06 17:46:36.730 W/ActivityManager( 1631): Bad activity token: android.os.BinderProxy@65ad4ef
06-06 17:46:36.730 W/ActivityManager( 1631): java.lang.ClassCastException: android.os.BinderProxy cannot be cast to com.android.server.am.ActivityRecord$Token
06-06 17:46:36.730 W/ActivityManager( 1631): 	at com.android.server.am.ActivityRecord.forTokenLocked(ActivityRecord.java:586)
06-06 17:46:36.730 W/ActivityManager( 1631): 	at com.android.server.am.ActivityRecord.isInStackLocked(ActivityRecord.java:1327)
06-06 17:46:36.730 W/ActivityManager( 1631): 	at com.android.server.am.ActivityManagerService.setTaskDescription(ActivityManagerService.java:9358)
06-06 17:46:36.730 W/ActivityManager( 1631): 	at android.app.ActivityManagerNative.onTransact(ActivityManagerNative.java:2639)
06-06 17:46:36.730 W/ActivityManager( 1631): 	at com.android.server.am.ActivityManagerService.onTransact(ActivityManagerService.java:2757)
06-06 17:46:36.730 W/ActivityManager( 1631): 	at android.os.Binder.execTransact(Binder.java:565)
06-06 17:46:36.731 W/ActivityManager( 1631): Bad activity token: android.os.BinderProxy@65ad4ef
06-06 17:46:36.731 W/ActivityManager( 1631): java.lang.ClassCastException: android.os.BinderProxy cannot be cast to com.android.server.am.ActivityRecord$Token
06-06 17:46:36.731 W/ActivityManager( 1631): 	at com.android.server.am.ActivityRecord.forTokenLocked(ActivityRecord.java:586)
06-06 17:46:36.731 W/ActivityManager( 1631): 	at com.android.server.am.ActivityRecord.isInStackLocked(ActivityRecord.java:1327)
06-06 17:46:36.731 W/ActivityManager( 1631): 	at com.android.server.am.ActivityRecord.getStackLocked(ActivityRecord.java:1332)
06-06 17:46:36.731 W/ActivityManager( 1631): 	at com.android.server.am.ActivityManagerService.getActivityStackId(ActivityManagerService.java:9817)
06-06 17:46:36.731 W/ActivityManager( 1631): 	at android.app.ActivityManagerNative.onTransact(ActivityManagerNative.java:2856)
06-06 17:46:36.731 W/ActivityManager( 1631): 	at com.android.server.am.ActivityManagerService.onTransact(ActivityManagerService.java:2757)
06-06 17:46:36.731 W/ActivityManager( 1631): 	at android.os.Binder.execTransact(Binder.java:565)
06-06 17:46:36.732 D/gralloc_ranchu( 1348): gralloc_alloc: Creating ashmem region of size 9023488
06-06 17:46:36.757 W/ActivityManager( 1631): Bad activity token: android.os.BinderProxy@65ad4ef
06-06 17:46:36.757 W/ActivityManager( 1631): java.lang.ClassCastException: android.os.BinderProxy cannot be cast to com.android.server.am.ActivityRecord$Token
06-06 17:46:36.757 W/ActivityManager( 1631): 	at com.android.server.am.ActivityRecord.forTokenLocked(ActivityRecord.java:586)
06-06 17:46:36.757 W/ActivityManager( 1631): 	at com.android.server.am.ActivityRecord.isInStackLocked(ActivityRecord.java:1327)
06-06 17:46:36.757 W/ActivityManager( 1631): 	at com.android.server.am.ActivityManagerService.getActivityOptions(ActivityManagerService.java:12559)
06-06 17:46:36.757 W/ActivityManager( 1631): 	at android.app.ActivityManagerNative.onTransact(ActivityManagerNative.java:1933)
06-06 17:46:36.757 W/ActivityManager( 1631): 	at com.android.server.am.ActivityManagerService.onTransact(ActivityManagerService.java:2757)
06-06 17:46:36.757 W/ActivityManager( 1631): 	at android.os.Binder.execTransact(Binder.java:565)
06-06 17:46:36.757 W/ActivityManager( 1631): Bad activity token: android.os.BinderProxy@65ad4ef
06-06 17:46:36.757 W/ActivityManager( 1631): java.lang.ClassCastException: android.os.BinderProxy cannot be cast to com.android.server.am.ActivityRecord$Token
06-06 17:46:36.757 W/ActivityManager( 1631): 	at com.android.server.am.ActivityRecord.forTokenLocked(ActivityRecord.java:586)
06-06 17:46:36.757 W/ActivityManager( 1631): 	at com.android.server.am.ActivityRecord.isInStackLocked(ActivityRecord.java:1327)
06-06 17:46:36.757 W/ActivityManager( 1631): 	at com.android.server.am.ActivityManagerService.getActivityOptions(ActivityManagerService.java:12559)
06-06 17:46:36.757 W/ActivityManager( 1631): 	at android.app.ActivityManagerNative.onTransact(ActivityManagerNative.java:1933)
06-06 17:46:36.757 W/ActivityManager( 1631): 	at com.android.server.am.ActivityManagerService.onTransact(ActivityManagerService.java:2757)
06-06 17:46:36.757 W/ActivityManager( 1631): 	at android.os.Binder.execTransact(Binder.java:565)
06-06 17:46:36.771 V/PhoneStatusBar( 1713): setLightsOn(true)
06-06 17:46:36.782 D/EGL_emulation( 2106): eglMakeCurrent: 0xa6a85300: ver 2 0 (tinfo 0xa6a83220)
06-06 17:46:36.784 D/EGL_emulation( 1713): eglMakeCurrent: 0xa6a85780: ver 2 0 (tinfo 0xa6a83640)
06-06 17:46:36.798 D/gralloc_ranchu( 1348): gralloc_alloc: Creating ashmem region of size 9023488
06-06 17:46:36.798 D/EGL_emulation( 1713): eglMakeCurrent: 0xa6a85780: ver 2 0 (tinfo 0xa6a83640)
06-06 17:46:36.808 D/        (18282): HostConnection::get() New Host Connection established 0x9542e580, tid 18282
06-06 17:46:36.809 D/EGL_emulation( 1713): eglMakeCurrent: 0xa6a85780: ver 2 0 (tinfo 0xa6a83640)
06-06 17:46:36.809 V/PhoneStatusBar( 1713): setLightsOn(true)
06-06 17:46:36.815 I/WindowManager( 1631): Destroying surface Surface(name=com.evancharlton.mileage/com.evancharlton.mileage.VehicleTypeListActivity) called by com.android.server.wm.WindowStateAnimator.destroySurface:2016 com.android.server.wm.WindowStateAnimator.destroySurfaceLocked:882 com.android.server.wm.WindowState.removeLocked:1456 com.android.server.wm.WindowManagerService.removeWindowInnerLocked:2484 com.android.server.wm.AppWindowToken.destroySurfaces:365 com.android.server.wm.WindowStateAnimator.finishExit:565 com.android.server.wm.AppWindowAnimator.stepAnimationLocked:427 com.android.server.wm.WindowAnimator.updateAppWindowsLocked:196 
06-06 17:46:36.854 D/EGL_emulation( 1713): eglMakeCurrent: 0xa6a85780: ver 2 0 (tinfo 0xa6a83640)
06-06 17:46:36.857 D/EGL_emulation( 1713): eglMakeCurrent: 0xa6a85780: ver 2 0 (tinfo 0xa6a83640)
06-06 17:46:36.861 D/EGL_emulation( 1713): eglMakeCurrent: 0xa6a85780: ver 2 0 (tinfo 0xa6a83640)
06-06 17:46:36.865 D/EGL_emulation( 1713): eglMakeCurrent: 0xa6a85780: ver 2 0 (tinfo 0xa6a83640)
06-06 17:46:36.865 V/PhoneStatusBar( 1713): setLightsOn(true)
06-06 17:46:36.879 D/EGL_emulation( 1713): eglMakeCurrent: 0xa6a85780: ver 2 0 (tinfo 0xa6a83640)
06-06 17:46:36.882 D/EGL_emulation( 1713): eglMakeCurrent: 0xa6a85780: ver 2 0 (tinfo 0xa6a83640)
06-06 17:46:36.885 D/EGL_emulation( 1713): eglMakeCurrent: 0xa6a85780: ver 2 0 (tinfo 0xa6a83640)
06-06 17:46:36.898 D/EGL_emulation( 1713): eglMakeCurrent: 0xa6a85780: ver 2 0 (tinfo 0xa6a83640)
06-06 17:46:36.900 D/EGL_emulation( 1713): eglMakeCurrent: 0xa6a85780: ver 2 0 (tinfo 0xa6a83640)
06-06 17:46:36.901 D/gralloc_ranchu( 1348): gralloc_alloc: Creating ashmem region of size 9023488
06-06 17:46:36.915 D/EGL_emulation( 1713): eglMakeCurrent: 0xa6a85780: ver 2 0 (tinfo 0xa6a83640)
06-06 17:46:36.915 I/ActivityManager( 1631): Displayed com.evancharlton.mileage/.Mileage: +210ms
06-06 17:46:36.919 D/EGL_emulation( 1713): eglMakeCurrent: 0xa6a85780: ver 2 0 (tinfo 0xa6a83640)
06-06 17:46:36.931 D/EGL_emulation( 1713): eglMakeCurrent: 0xa6a85780: ver 2 0 (tinfo 0xa6a83640)
06-06 17:46:36.935 D/EGL_emulation( 1713): eglMakeCurrent: 0xa6a85780: ver 2 0 (tinfo 0xa6a83640)
06-06 17:46:36.948 D/EGL_emulation( 1713): eglMakeCurrent: 0xa6a85780: ver 2 0 (tinfo 0xa6a83640)
06-06 17:46:36.949 V/PhoneStatusBar( 1713): setLightsOn(true)
06-06 17:46:36.950 D/EGL_emulation( 1713): eglMakeCurrent: 0xa6a85780: ver 2 0 (tinfo 0xa6a83640)
06-06 17:46:36.955 I/System.out(18282): URI: //map
06-06 17:46:36.955 I/System.out(18282): params: {json={"query":"* marked:'Vehicles'","operation":{"method_name":"query","arguments":[]}}
06-06 17:46:36.955 I/System.out(18282): }
06-06 17:46:36.965 D/EGL_emulation( 1713): eglMakeCurrent: 0xa6a85780: ver 2 0 (tinfo 0xa6a83640)
06-06 17:46:36.966 D/EGL_emulation( 1713): eglMakeCurrent: 0xa6a85780: ver 2 0 (tinfo 0xa6a83640)
06-06 17:46:36.970 W/ResourceType(18282): No package identifier when getting name for resource number 0x00000001
06-06 17:46:36.981 D/EGL_emulation( 1713): eglMakeCurrent: 0xa6a85780: ver 2 0 (tinfo 0xa6a83640)
06-06 17:46:36.983 D/EGL_emulation( 1713): eglMakeCurrent: 0xa6a85780: ver 2 0 (tinfo 0xa6a83640)
06-06 17:46:36.989 I/System.out(18282): URI: //gesture
06-06 17:46:36.989 I/System.out(18282): params: {json={"query_timeout":5.0,"gestures":[{"query_string":"* marked:'Vehicles'","touches":[{"x":50,"y":50,"offset_x":0,"offset_y":0,"wait":0.0,"time":0.2,"release":true,"query_string":null}]}]}
06-06 17:46:36.989 I/System.out(18282): }
06-06 17:46:36.994 W/ResourceType(18282): No package identifier when getting name for resource number 0x00000001
06-06 17:46:36.998 D/EGL_emulation( 1713): eglMakeCurrent: 0xa6a85780: ver 2 0 (tinfo 0xa6a83640)
06-06 17:46:37.005 D/EGL_emulation( 1713): eglMakeCurrent: 0xa6a85780: ver 2 0 (tinfo 0xa6a83640)
06-06 17:46:37.114 I/WindowManager( 1631): Destroying surface Surface(name=Starting com.evancharlton.mileage) called by com.android.server.wm.WindowStateAnimator.destroySurface:2016 com.android.server.wm.WindowStateAnimator.destroySurfaceLocked:882 com.android.server.wm.WindowState.destroyOrSaveSurface:2100 com.android.server.wm.AppWindowToken.destroySurfaces:363 com.android.server.wm.WindowStateAnimator.finishExit:565 com.android.server.wm.WindowStateAnimator.stepAnimationLocked:491 com.android.server.wm.WindowAnimator.updateWindowsLocked:303 com.android.server.wm.WindowAnimator.animateLocked:704 
06-06 17:46:37.116 V/PhoneStatusBar( 1713): setLightsOn(true)
06-06 17:46:37.148 V/PhoneStatusBar( 1713): setLightsOn(true)
06-06 17:46:37.218 I/calabash(18282): newActivity1
06-06 17:46:37.219 W/ActivityManager( 1631): Bad activity token: android.os.BinderProxy@13ec6f5
06-06 17:46:37.219 W/ActivityManager( 1631): java.lang.ClassCastException: android.os.BinderProxy cannot be cast to com.android.server.am.ActivityRecord$Token
06-06 17:46:37.219 W/ActivityManager( 1631): 	at com.android.server.am.ActivityRecord.forTokenLocked(ActivityRecord.java:586)
06-06 17:46:37.219 W/ActivityManager( 1631): 	at com.android.server.am.ActivityRecord.isInStackLocked(ActivityRecord.java:1327)
06-06 17:46:37.219 W/ActivityManager( 1631): 	at com.android.server.am.ActivityRecord.getStackLocked(ActivityRecord.java:1332)
06-06 17:46:37.219 W/ActivityManager( 1631): 	at com.android.server.am.ActivityManagerService.getActivityDisplayId(ActivityManagerService.java:9806)
06-06 17:46:37.219 W/ActivityManager( 1631): 	at android.app.ActivityManagerNative.onTransact(ActivityManagerNative.java:2566)
06-06 17:46:37.219 W/ActivityManager( 1631): 	at com.android.server.am.ActivityManagerService.onTransact(ActivityManagerService.java:2757)
06-06 17:46:37.219 W/ActivityManager( 1631): 	at android.os.Binder.execTransact(Binder.java:565)
06-06 17:46:37.225 W/ActivityManager( 1631): Bad activity token: android.os.BinderProxy@13ec6f5
06-06 17:46:37.225 W/ActivityManager( 1631): java.lang.ClassCastException: android.os.BinderProxy cannot be cast to com.android.server.am.ActivityRecord$Token
06-06 17:46:37.225 W/ActivityManager( 1631): 	at com.android.server.am.ActivityRecord.forTokenLocked(ActivityRecord.java:586)
06-06 17:46:37.225 W/ActivityManager( 1631): 	at com.android.server.am.ActivityRecord.isInStackLocked(ActivityRecord.java:1327)
06-06 17:46:37.225 W/ActivityManager( 1631): 	at com.android.server.am.ActivityManagerService.setTaskDescription(ActivityManagerService.java:9358)
06-06 17:46:37.225 W/ActivityManager( 1631): 	at android.app.ActivityManagerNative.onTransact(ActivityManagerNative.java:2639)
06-06 17:46:37.225 W/ActivityManager( 1631): 	at com.android.server.am.ActivityManagerService.onTransact(ActivityManagerService.java:2757)
06-06 17:46:37.225 W/ActivityManager( 1631): 	at android.os.Binder.execTransact(Binder.java:565)
06-06 17:46:37.226 W/ActivityManager( 1631): Bad activity token: android.os.BinderProxy@13ec6f5
06-06 17:46:37.226 W/ActivityManager( 1631): java.lang.ClassCastException: android.os.BinderProxy cannot be cast to com.android.server.am.ActivityRecord$Token
06-06 17:46:37.226 W/ActivityManager( 1631): 	at com.android.server.am.ActivityRecord.forTokenLocked(ActivityRecord.java:586)
06-06 17:46:37.226 W/ActivityManager( 1631): 	at com.android.server.am.ActivityRecord.isInStackLocked(ActivityRecord.java:1327)
06-06 17:46:37.226 W/ActivityManager( 1631): 	at com.android.server.am.ActivityRecord.getStackLocked(ActivityRecord.java:1332)
06-06 17:46:37.226 W/ActivityManager( 1631): 	at com.android.server.am.ActivityManagerService.getActivityStackId(ActivityManagerService.java:9817)
06-06 17:46:37.226 W/ActivityManager( 1631): 	at android.app.ActivityManagerNative.onTransact(ActivityManagerNative.java:2856)
06-06 17:46:37.226 W/ActivityManager( 1631): 	at com.android.server.am.ActivityManagerService.onTransact(ActivityManagerService.java:2757)
06-06 17:46:37.226 W/ActivityManager( 1631): 	at android.os.Binder.execTransact(Binder.java:565)
06-06 17:46:37.233 W/ActivityManager( 1631): Bad activity token: android.os.BinderProxy@13ec6f5
06-06 17:46:37.233 W/ActivityManager( 1631): java.lang.ClassCastException: android.os.BinderProxy cannot be cast to com.android.server.am.ActivityRecord$Token
06-06 17:46:37.233 W/ActivityManager( 1631): 	at com.android.server.am.ActivityRecord.forTokenLocked(ActivityRecord.java:586)
06-06 17:46:37.233 W/ActivityManager( 1631): 	at com.android.server.am.ActivityRecord.isInStackLocked(ActivityRecord.java:1327)
06-06 17:46:37.233 W/ActivityManager( 1631): 	at com.android.server.am.ActivityManagerService.getActivityOptions(ActivityManagerService.java:12559)
06-06 17:46:37.233 W/ActivityManager( 1631): 	at android.app.ActivityManagerNative.onTransact(ActivityManagerNative.java:1933)
06-06 17:46:37.233 W/ActivityManager( 1631): 	at com.android.server.am.ActivityManagerService.onTransact(ActivityManagerService.java:2757)
06-06 17:46:37.233 W/ActivityManager( 1631): 	at android.os.Binder.execTransact(Binder.java:565)
06-06 17:46:37.234 W/ActivityManager( 1631): Bad activity token: android.os.BinderProxy@13ec6f5
06-06 17:46:37.234 W/ActivityManager( 1631): java.lang.ClassCastException: android.os.BinderProxy cannot be cast to com.android.server.am.ActivityRecord$Token
06-06 17:46:37.234 W/ActivityManager( 1631): 	at com.android.server.am.ActivityRecord.forTokenLocked(ActivityRecord.java:586)
06-06 17:46:37.234 W/ActivityManager( 1631): 	at com.android.server.am.ActivityRecord.isInStackLocked(ActivityRecord.java:1327)
06-06 17:46:37.234 W/ActivityManager( 1631): 	at com.android.server.am.ActivityManagerService.getActivityOptions(ActivityManagerService.java:12559)
06-06 17:46:37.234 W/ActivityManager( 1631): 	at android.app.ActivityManagerNative.onTransact(ActivityManagerNative.java:1933)
06-06 17:46:37.234 W/ActivityManager( 1631): 	at com.android.server.am.ActivityManagerService.onTransact(ActivityManagerService.java:2757)
06-06 17:46:37.234 W/ActivityManager( 1631): 	at android.os.Binder.execTransact(Binder.java:565)
06-06 17:46:37.248 V/PhoneStatusBar( 1713): setLightsOn(true)
06-06 17:46:37.532 V/PhoneStatusBar( 1713): setLightsOn(true)
06-06 17:46:37.532 W/OpenGLRenderer( 2106): Incorrectly called buildLayer on View: ShortcutAndWidgetContainer, destroying layer...
06-06 17:46:37.533 V/PhoneStatusBar( 1713): setLightsOn(true)
06-06 17:46:37.549 I/WindowManager( 1631): Destroying surface Surface(name=com.android.launcher3/com.android.launcher3.Launcher) called by com.android.server.wm.WindowStateAnimator.destroySurface:2016 com.android.server.wm.WindowStateAnimator.destroySurfaceLocked:882 com.android.server.wm.WindowState.destroyOrSaveSurface:2100 com.android.server.wm.AppWindowToken.destroySurfaces:363 com.android.server.wm.AppWindowToken.notifyAppStopped:389 com.android.server.wm.WindowManagerService.notifyAppStopped:4463 com.android.server.am.ActivityStack.activityStoppedLocked:1252 com.android.server.am.ActivityManagerService.activityStopped:6903 
06-06 17:46:37.549 V/PhoneStatusBar( 1713): setLightsOn(true)
06-06 17:46:38.235 I/System.out(18282): URI: //
06-06 17:46:38.236 I/System.out(18282): params: {json={"command":"press_key","arguments":["KEYCODE_MENU"]}
06-06 17:46:38.236 I/System.out(18282): }
06-06 17:46:38.236 I/System.out(18282): header: {content-type=application/json;charset=utf-8, date=Sat, 06 Jun 2020 22:46:38 GMT, accept=*/*, host=127.0.0.1:34784, content-length=52, user-agent=HTTPClient/1.0 (2.8.3, ruby 2.5.1 (2018-03-29))}
06-06 17:46:38.236 I/System.out(18282): params: {json={"command":"press_key","arguments":["KEYCODE_MENU"]}
06-06 17:46:38.236 I/System.out(18282): }
06-06 17:46:38.236 I/System.out(18282): ProP json = {"command":"press_key","arguments":["KEYCODE_MENU"]}
06-06 17:46:38.236 I/System.out(18282): files: {}
06-06 17:46:38.236 I/System.out(18282): command: {"command":"press_key","arguments":["KEYCODE_MENU"]}
06-06 17:46:38.237 I/InstrumentationBackend(18282): Got command:'Command:'Line:null,press_key', arguments:'[KEYCODE_MENU]'
06-06 17:46:38.249 V/PhoneStatusBar( 1713): setLightsOn(true)
06-06 17:46:38.255 I/System.out(18282): result:{"bonusInformation":[],"message":"","success":true}
06-06 17:46:38.259 I/System.out(18282): URI: //map
06-06 17:46:38.259 I/System.out(18282): params: {json={"query":"* marked:'Edit vehicle types'","operation":{"method_name":"query","arguments":[]}}
06-06 17:46:38.259 I/System.out(18282): }
06-06 17:46:38.267 V/PhoneStatusBar( 1713): setLightsOn(true)
06-06 17:46:38.282 V/PhoneStatusBar( 1713): setLightsOn(true)
06-06 17:46:38.298 V/PhoneStatusBar( 1713): setLightsOn(true)
06-06 17:46:38.299 D/gralloc_ranchu( 1348): gralloc_alloc: Creating ashmem region of size 1720320
06-06 17:46:38.308 V/PhoneStatusBar( 1713): setLightsOn(true)
06-06 17:46:38.308 W/ResourceType(18282): No package identifier when getting name for resource number 0x00000001
06-06 17:46:38.309 V/PhoneStatusBar( 1713): setLightsOn(true)
06-06 17:46:38.311 I/art     (18282): Do partial code cache collection, code=29KB, data=27KB
06-06 17:46:38.311 I/art     (18282): After code cache collection, code=29KB, data=27KB
06-06 17:46:38.311 I/art     (18282): Increasing code cache capacity to 128KB
06-06 17:46:38.315 V/PhoneStatusBar( 1713): setLightsOn(true)
06-06 17:46:38.323 I/System.out(18282): URI: //gesture
06-06 17:46:38.323 I/System.out(18282): params: {json={"query_timeout":5.0,"gestures":[{"query_string":"* marked:'Edit vehicle types'","touches":[{"x":50,"y":50,"offset_x":0,"offset_y":0,"wait":0.0,"time":0.2,"release":true,"query_string":null}]}]}
06-06 17:46:38.323 I/System.out(18282): }
06-06 17:46:38.327 W/ResourceType(18282): No package identifier when getting name for resource number 0x00000001
06-06 17:46:38.432 D/gralloc_ranchu( 1348): gralloc_alloc: Creating ashmem region of size 1720320
06-06 17:46:38.493 D/gralloc_ranchu( 1348): gralloc_alloc: Creating ashmem region of size 9023488
06-06 17:46:38.533 V/PhoneStatusBar( 1713): setLightsOn(true)
06-06 17:46:38.619 I/System.out(18282): URI: //map
06-06 17:46:38.619 I/System.out(18282): params: {json={"query":"* marked:'Sedan'","operation":{"method_name":"query","arguments":[]}}
06-06 17:46:38.619 I/System.out(18282): }
06-06 17:46:38.634 I/ActivityManager( 1631): START u0 {cmp=com.evancharlton.mileage/.VehicleTypeListActivity} from uid 10728 on display 0
06-06 17:46:38.635 V/PhoneStatusBar( 1713): setLightsOn(true)
06-06 17:46:38.636 V/PhoneStatusBar( 1713): setLightsOn(true)
06-06 17:46:38.677 I/WindowManager( 1631): Destroying surface Surface(name=AtchDlg:com.evancharlton.mileage/com.evancharlton.mileage.VehicleListActivity) called by com.android.server.wm.WindowStateAnimator.destroySurface:2016 com.android.server.wm.WindowStateAnimator.destroySurfaceLocked:882 com.android.server.wm.WindowState.removeLocked:1456 com.android.server.wm.WindowManagerService.removeWindowInnerLocked:2484 com.android.server.wm.WindowManagerService.removeWindowLocked:2442 com.android.server.wm.WindowManagerService.removeWindowLocked:2311 com.android.server.wm.WindowManagerService.removeWindow:2306 com.android.server.wm.Session.remove:202 
06-06 17:46:38.678 W/ResourceType(18282): No package identifier when getting name for resource number 0x00000001
06-06 17:46:38.710 I/calabash(18282): newActivity1
06-06 17:46:38.748 V/PhoneStatusBar( 1713): setLightsOn(true)
06-06 17:46:38.765 V/PhoneStatusBar( 1713): setLightsOn(true)
06-06 17:46:38.776 D/gralloc_ranchu( 1348): gralloc_alloc: Creating ashmem region of size 9023488
06-06 17:46:38.798 V/PhoneStatusBar( 1713): setLightsOn(true)
06-06 17:46:38.801 D/gralloc_ranchu( 1348): gralloc_alloc: Creating ashmem region of size 9023488
06-06 17:46:38.815 I/ActivityManager( 1631): Displayed com.evancharlton.mileage/.VehicleTypeListActivity: +140ms
06-06 17:46:38.831 V/PhoneStatusBar( 1713): setLightsOn(true)
06-06 17:46:38.865 V/PhoneStatusBar( 1713): setLightsOn(true)
06-06 17:46:38.986 I/System.out(18282): URI: //map
06-06 17:46:38.986 I/System.out(18282): params: {json={"query":"* marked:'Sedan'","operation":{"method_name":"query","arguments":[]}}
06-06 17:46:38.986 I/System.out(18282): }
06-06 17:46:38.990 W/ResourceType(18282): No package identifier when getting name for resource number 0x00000001
06-06 17:46:39.032 V/PhoneStatusBar( 1713): setLightsOn(true)
06-06 17:46:39.165 V/PhoneStatusBar( 1713): setLightsOn(true)
06-06 17:46:39.166 V/PhoneStatusBar( 1713): setLightsOn(true)
06-06 17:46:39.182 I/WindowManager( 1631): Destroying surface Surface(name=com.evancharlton.mileage/com.evancharlton.mileage.Mileage) called by com.android.server.wm.WindowStateAnimator.destroySurface:2016 com.android.server.wm.WindowStateAnimator.destroySurfaceLocked:882 com.android.server.wm.WindowState.destroyOrSaveSurface:2100 com.android.server.wm.WindowManagerService.tryStartExitingAnimation:3024 com.android.server.wm.WindowManagerService.relayoutWindow:2904 com.android.server.wm.Session.relayout:224 android.view.IWindowSession$Stub.onTransact:286 com.android.server.wm.Session.onTransact:145 
06-06 17:46:39.182 V/PhoneStatusBar( 1713): setLightsOn(true)
06-06 17:46:39.184 V/PhoneStatusBar( 1713): setLightsOn(true)
06-06 17:46:39.304 I/System.out(18282): URI: //map
06-06 17:46:39.304 I/System.out(18282): params: {json={"query":"* marked:'Sedan'","operation":{"method_name":"query","arguments":[]}}
06-06 17:46:39.304 I/System.out(18282): }
06-06 17:46:39.308 W/ResourceType(18282): No package identifier when getting name for resource number 0x00000001
06-06 17:46:39.623 I/System.out(18282): URI: //map
06-06 17:46:39.623 I/System.out(18282): params: {json={"query":"* marked:'Sedan'","operation":{"method_name":"query","arguments":[]}}
06-06 17:46:39.623 I/System.out(18282): }
06-06 17:46:39.629 W/ResourceType(18282): No package identifier when getting name for resource number 0x00000001
06-06 17:46:39.939 I/System.out(18282): URI: //map
06-06 17:46:39.939 I/System.out(18282): params: {json={"query":"* marked:'Sedan'","operation":{"method_name":"query","arguments":[]}}
06-06 17:46:39.939 I/System.out(18282): }
06-06 17:46:39.944 W/ResourceType(18282): No package identifier when getting name for resource number 0x00000001
06-06 17:46:40.041 D/gralloc_ranchu( 1348): gralloc_alloc: Creating ashmem region of size 9023488
06-06 17:46:40.252 I/System.out(18282): URI: //map
06-06 17:46:40.252 I/System.out(18282): params: {json={"query":"* marked:'Sedan'","operation":{"method_name":"query","arguments":[]}}
06-06 17:46:40.252 I/System.out(18282): }
06-06 17:46:40.302 W/ResourceType(18282): No package identifier when getting name for resource number 0x00000001
06-06 17:46:40.612 I/System.out(18282): URI: //map
06-06 17:46:40.612 I/System.out(18282): params: {json={"query":"* marked:'Sedan'","operation":{"method_name":"query","arguments":[]}}
06-06 17:46:40.612 I/System.out(18282): }
06-06 17:46:40.627 W/ResourceType(18282): No package identifier when getting name for resource number 0x00000001
06-06 17:46:40.941 I/System.out(18282): URI: //map
06-06 17:46:40.941 I/System.out(18282): params: {json={"query":"* marked:'Sedan'","operation":{"method_name":"query","arguments":[]}}
06-06 17:46:40.941 I/System.out(18282): }
06-06 17:46:40.947 W/ResourceType(18282): No package identifier when getting name for resource number 0x00000001
06-06 17:46:41.257 I/System.out(18282): URI: //map
06-06 17:46:41.257 I/System.out(18282): params: {json={"query":"* marked:'Sedan'","operation":{"method_name":"query","arguments":[]}}
06-06 17:46:41.257 I/System.out(18282): }
06-06 17:46:41.261 W/ResourceType(18282): No package identifier when getting name for resource number 0x00000001
06-06 17:46:41.570 I/System.out(18282): URI: //map
06-06 17:46:41.570 I/System.out(18282): params: {json={"query":"* marked:'Sedan'","operation":{"method_name":"query","arguments":[]}}
06-06 17:46:41.570 I/System.out(18282): }
06-06 17:46:41.578 W/ResourceType(18282): No package identifier when getting name for resource number 0x00000001
06-06 17:46:41.860 W/audio_hw_generic( 1395): Not supplying enough data to HAL, expected position 306815273 , only wrote 306184320
06-06 17:46:41.893 I/System.out(18282): URI: //map
06-06 17:46:41.893 I/System.out(18282): params: {json={"query":"* marked:'Sedan'","operation":{"method_name":"query","arguments":[]}}
06-06 17:46:41.893 I/System.out(18282): }
06-06 17:46:41.903 W/ResourceType(18282): No package identifier when getting name for resource number 0x00000001
06-06 17:46:41.904 I/art     (18282): Do partial code cache collection, code=49KB, data=55KB
06-06 17:46:41.904 I/art     (18282): After code cache collection, code=49KB, data=55KB
06-06 17:46:41.904 I/art     (18282): Increasing code cache capacity to 256KB
06-06 17:46:42.218 I/System.out(18282): URI: //map
06-06 17:46:42.218 I/System.out(18282): params: {json={"query":"* marked:'Sedan'","operation":{"method_name":"query","arguments":[]}}
06-06 17:46:42.218 I/System.out(18282): }
06-06 17:46:42.232 W/ResourceType(18282): No package identifier when getting name for resource number 0x00000001
06-06 17:46:42.551 I/System.out(18282): URI: //map
06-06 17:46:42.551 I/System.out(18282): params: {json={"query":"* marked:'Sedan'","operation":{"method_name":"query","arguments":[]}}
06-06 17:46:42.551 I/System.out(18282): }
06-06 17:46:42.557 W/ResourceType(18282): No package identifier when getting name for resource number 0x00000001
06-06 17:46:42.864 I/System.out(18282): URI: //map
06-06 17:46:42.864 I/System.out(18282): params: {json={"query":"* marked:'Sedan'","operation":{"method_name":"query","arguments":[]}}
06-06 17:46:42.864 I/System.out(18282): }
06-06 17:46:42.868 W/ResourceType(18282): No package identifier when getting name for resource number 0x00000001
06-06 17:46:43.178 I/System.out(18282): URI: //map
06-06 17:46:43.178 I/System.out(18282): params: {json={"query":"* marked:'Sedan'","operation":{"method_name":"query","arguments":[]}}
06-06 17:46:43.178 I/System.out(18282): }
06-06 17:46:43.181 W/ResourceType(18282): No package identifier when getting name for resource number 0x00000001
06-06 17:46:43.489 I/System.out(18282): URI: //map
06-06 17:46:43.489 I/System.out(18282): params: {json={"query":"* marked:'Sedan'","operation":{"method_name":"query","arguments":[]}}
06-06 17:46:43.489 I/System.out(18282): }
06-06 17:46:43.493 W/ResourceType(18282): No package identifier when getting name for resource number 0x00000001
06-06 17:46:43.800 I/System.out(18282): URI: //map
06-06 17:46:43.800 I/System.out(18282): params: {json={"query":"* marked:'Sedan'","operation":{"method_name":"query","arguments":[]}}
06-06 17:46:43.800 I/System.out(18282): }
06-06 17:46:43.804 W/ResourceType(18282): No package identifier when getting name for resource number 0x00000001
06-06 17:46:44.115 I/System.out(18282): URI: //map
06-06 17:46:44.115 I/System.out(18282): params: {json={"query":"* marked:'Sedan'","operation":{"method_name":"query","arguments":[]}}
06-06 17:46:44.115 I/System.out(18282): }
06-06 17:46:44.129 W/ResourceType(18282): No package identifier when getting name for resource number 0x00000001
06-06 17:46:44.448 I/System.out(18282): URI: //map
06-06 17:46:44.448 I/System.out(18282): params: {json={"query":"* marked:'Sedan'","operation":{"method_name":"query","arguments":[]}}
06-06 17:46:44.448 I/System.out(18282): }
06-06 17:46:44.452 W/ResourceType(18282): No package identifier when getting name for resource number 0x00000001
06-06 17:46:44.478 I/art     (18282): Compiler allocated 7MB to compile sh.calaba.instrumentationbackend.actions.NanoHTTPD$Response sh.calaba.instrumentationbackend.actions.HttpServer.serve(java.lang.String, java.lang.String, java.util.Properties, java.util.Properties, java.util.Properties)
06-06 17:46:44.760 I/System.out(18282): URI: //map
06-06 17:46:44.760 I/System.out(18282): params: {json={"query":"* marked:'Sedan'","operation":{"method_name":"query","arguments":[]}}
06-06 17:46:44.760 I/System.out(18282): }
06-06 17:46:44.765 W/ResourceType(18282): No package identifier when getting name for resource number 0x00000001
06-06 17:46:45.075 I/System.out(18282): URI: //map
06-06 17:46:45.075 I/System.out(18282): params: {json={"query":"* marked:'Sedan'","operation":{"method_name":"query","arguments":[]}}
06-06 17:46:45.075 I/System.out(18282): }
06-06 17:46:45.085 W/ResourceType(18282): No package identifier when getting name for resource number 0x00000001
06-06 17:46:45.398 I/System.out(18282): URI: //map
06-06 17:46:45.398 I/System.out(18282): params: {json={"query":"* marked:'Sedan'","operation":{"method_name":"query","arguments":[]}}
06-06 17:46:45.398 I/System.out(18282): }
06-06 17:46:45.402 W/ResourceType(18282): No package identifier when getting name for resource number 0x00000001
06-06 17:46:45.713 I/System.out(18282): URI: //map
06-06 17:46:45.714 I/System.out(18282): params: {json={"query":"* marked:'Sedan'","operation":{"method_name":"query","arguments":[]}}
06-06 17:46:45.714 I/System.out(18282): }
06-06 17:46:45.726 W/ResourceType(18282): No package identifier when getting name for resource number 0x00000001
06-06 17:46:46.043 I/System.out(18282): URI: //map
06-06 17:46:46.043 I/System.out(18282): params: {json={"query":"* marked:'Sedan'","operation":{"method_name":"query","arguments":[]}}
06-06 17:46:46.043 I/System.out(18282): }
06-06 17:46:46.046 W/ResourceType(18282): No package identifier when getting name for resource number 0x00000001
06-06 17:46:46.353 I/System.out(18282): URI: //map
06-06 17:46:46.353 I/System.out(18282): params: {json={"query":"* marked:'Sedan'","operation":{"method_name":"query","arguments":[]}}
06-06 17:46:46.353 I/System.out(18282): }
06-06 17:46:46.357 W/ResourceType(18282): No package identifier when getting name for resource number 0x00000001
06-06 17:46:46.666 I/System.out(18282): URI: //map
06-06 17:46:46.666 I/System.out(18282): params: {json={"query":"* marked:'Sedan'","operation":{"method_name":"query","arguments":[]}}
06-06 17:46:46.666 I/System.out(18282): }
06-06 17:46:46.671 W/ResourceType(18282): No package identifier when getting name for resource number 0x00000001
06-06 17:46:46.978 I/System.out(18282): URI: //map
06-06 17:46:46.979 I/System.out(18282): params: {json={"query":"* marked:'Sedan'","operation":{"method_name":"query","arguments":[]}}
06-06 17:46:46.979 I/System.out(18282): }
06-06 17:46:46.983 W/ResourceType(18282): No package identifier when getting name for resource number 0x00000001
06-06 17:46:47.289 I/System.out(18282): URI: //map
06-06 17:46:47.289 I/System.out(18282): params: {json={"query":"* marked:'Sedan'","operation":{"method_name":"query","arguments":[]}}
06-06 17:46:47.289 I/System.out(18282): }
06-06 17:46:47.293 W/ResourceType(18282): No package identifier when getting name for resource number 0x00000001
06-06 17:46:47.602 I/System.out(18282): URI: //map
06-06 17:46:47.602 I/System.out(18282): params: {json={"query":"* marked:'Sedan'","operation":{"method_name":"query","arguments":[]}}
06-06 17:46:47.602 I/System.out(18282): }
06-06 17:46:47.618 W/ResourceType(18282): No package identifier when getting name for resource number 0x00000001
06-06 17:46:47.935 I/System.out(18282): URI: //map
06-06 17:46:47.935 I/System.out(18282): params: {json={"query":"* marked:'Sedan'","operation":{"method_name":"query","arguments":[]}}
06-06 17:46:47.935 I/System.out(18282): }
06-06 17:46:47.949 W/ResourceType(18282): No package identifier when getting name for resource number 0x00000001
06-06 17:46:48.263 I/System.out(18282): URI: //map
06-06 17:46:48.263 I/System.out(18282): params: {json={"query":"* marked:'Sedan'","operation":{"method_name":"query","arguments":[]}}
06-06 17:46:48.263 I/System.out(18282): }
06-06 17:46:48.267 W/ResourceType(18282): No package identifier when getting name for resource number 0x00000001
06-06 17:46:48.577 I/System.out(18282): URI: //map
06-06 17:46:48.577 I/System.out(18282): params: {json={"query":"* marked:'Sedan'","operation":{"method_name":"query","arguments":[]}}
06-06 17:46:48.578 I/System.out(18282): }
06-06 17:46:48.593 W/ResourceType(18282): No package identifier when getting name for resource number 0x00000001
06-06 17:46:48.915 I/System.out(18282): URI: //map
06-06 17:46:48.915 I/System.out(18282): params: {json={"query":"* marked:'Sedan'","operation":{"method_name":"query","arguments":[]}}
06-06 17:46:48.915 I/System.out(18282): }
06-06 17:46:48.925 W/ResourceType(18282): No package identifier when getting name for resource number 0x00000001
06-06 17:46:49.238 I/System.out(18282): URI: //map
06-06 17:46:49.238 I/System.out(18282): params: {json={"query":"* marked:'Sedan'","operation":{"method_name":"query","arguments":[]}}
06-06 17:46:49.238 I/System.out(18282): }
06-06 17:46:49.242 W/ResourceType(18282): No package identifier when getting name for resource number 0x00000001
06-06 17:46:49.551 I/System.out(18282): URI: //map
06-06 17:46:49.551 I/System.out(18282): params: {json={"query":"* marked:'Sedan'","operation":{"method_name":"query","arguments":[]}}
06-06 17:46:49.551 I/System.out(18282): }
06-06 17:46:49.555 W/ResourceType(18282): No package identifier when getting name for resource number 0x00000001
06-06 17:46:49.864 I/System.out(18282): URI: //map
06-06 17:46:49.864 I/System.out(18282): params: {json={"query":"* marked:'Sedan'","operation":{"method_name":"query","arguments":[]}}
06-06 17:46:49.864 I/System.out(18282): }
06-06 17:46:49.879 W/ResourceType(18282): No package identifier when getting name for resource number 0x00000001
06-06 17:46:50.196 I/System.out(18282): URI: //map
06-06 17:46:50.196 I/System.out(18282): params: {json={"query":"* marked:'Sedan'","operation":{"method_name":"query","arguments":[]}}
06-06 17:46:50.196 I/System.out(18282): }
06-06 17:46:50.200 W/ResourceType(18282): No package identifier when getting name for resource number 0x00000001
06-06 17:46:50.506 I/System.out(18282): URI: //map
