06-06 00:56:58.389 W/ResourceType(20137): No package identifier when getting name for resource number 0x00000001
06-06 00:56:58.402 I/System.out(20137): URI: //gesture
06-06 00:56:58.402 I/System.out(20137): params: {json={"query_timeout":5.0,"gestures":[{"query_string":"* marked:'Days'","touches":[{"x":50,"y":50,"offset_x":0,"offset_y":0,"wait":0.0,"time":0.2,"release":true,"query_string":null}]}]}
06-06 00:56:58.402 I/System.out(20137): }
06-06 00:56:58.408 W/ResourceType(20137): No package identifier when getting name for resource number 0x00000001
06-06 00:56:58.456 W/Finsky  ( 2532): [146] com.google.android.finsky.FinskyApp.i(1468): No account configured on this device.
06-06 00:56:58.457 I/Finsky  ( 2532): [146] com.google.android.finsky.c.e.run(1151): Replicating app states via AMAS.
06-06 00:56:58.544 I/Finsky  ( 2532): [146] com.google.android.finsky.c.c.a(311): Completed 0 account content syncs with 0 successful.
06-06 00:56:58.544 I/Finsky  ( 2532): [1] com.google.android.finsky.services.j.a(149): Installation state replication succeeded.
06-06 00:56:58.566 I/WindowManager( 1631): Destroying surface Surface(name=com.evancharlton.mileage/com.evancharlton.mileage.ServiceIntervalTemplateActivity) called by com.android.server.wm.WindowStateAnimator.destroySurface:2016 com.android.server.wm.WindowStateAnimator.destroySurfaceLocked:882 com.android.server.wm.WindowState.destroyOrSaveSurface:2100 com.android.server.wm.AppWindowToken.destroySurfaces:363 com.android.server.wm.WindowStateAnimator.finishExit:565 com.android.server.wm.WindowStateAnimator.stepAnimationLocked:491 com.android.server.wm.WindowAnimator.updateWindowsLocked:303 com.android.server.wm.WindowAnimator.animateLocked:704 
06-06 00:56:58.567 V/PhoneStatusBar( 1712): setLightsOn(true)
06-06 00:56:58.568 V/PhoneStatusBar( 1712): setLightsOn(true)
06-06 00:56:58.645 V/PhoneStatusBar( 1712): setLightsOn(true)
06-06 00:56:58.655 V/PhoneStatusBar( 1712): setLightsOn(true)
06-06 00:56:58.665 I/System.out(20137): URI: //map
06-06 00:56:58.665 I/System.out(20137): params: {json={"query":"* {text CONTAINS[c] 'Months'}","operation":{"method_name":"query","arguments":[]}}
06-06 00:56:58.665 I/System.out(20137): }
06-06 00:56:58.669 V/PhoneStatusBar( 1712): setLightsOn(true)
06-06 00:56:58.734 D/gralloc_ranchu( 1347): gralloc_alloc: Creating ashmem region of size 2842624
06-06 00:56:58.759 V/PhoneStatusBar( 1712): setLightsOn(true)
06-06 00:56:58.761 D/gralloc_ranchu( 1347): gralloc_alloc: Creating ashmem region of size 2842624
06-06 00:56:58.763 V/PhoneStatusBar( 1712): setLightsOn(true)
06-06 00:56:58.770 V/PhoneStatusBar( 1712): setLightsOn(true)
06-06 00:56:58.819 I/System.out(20137): URI: //map
06-06 00:56:58.819 I/System.out(20137): params: {json={"query":"* {text CONTAINS[c] 'Years'}","operation":{"method_name":"query","arguments":[]}}
06-06 00:56:58.819 I/System.out(20137): }
06-06 00:56:58.913 I/System.out(20137): URI: //map
06-06 00:56:58.913 I/System.out(20137): params: {json={"query":"* marked:'Weeks'","operation":{"method_name":"query","arguments":[]}}
06-06 00:56:58.913 I/System.out(20137): }
06-06 00:56:58.942 I/art     (20137): Compiler allocated 7MB to compile sh.calaba.instrumentationbackend.actions.NanoHTTPD$Response sh.calaba.instrumentationbackend.actions.HttpServer.serve(java.lang.String, java.lang.String, java.util.Properties, java.util.Properties, java.util.Properties)
06-06 00:56:58.974 W/ResourceType(20137): No package identifier when getting name for resource number 0x00000001
06-06 00:56:58.981 I/System.out(20137): URI: //gesture
06-06 00:56:58.981 I/System.out(20137): params: {json={"query_timeout":5.0,"gestures":[{"query_string":"* marked:'Weeks'","touches":[{"x":50,"y":50,"offset_x":0,"offset_y":0,"wait":0.0,"time":0.2,"release":true,"query_string":null}]}]}
06-06 00:56:58.981 I/System.out(20137): }
06-06 00:56:59.017 V/PhoneStatusBar( 1712): setLightsOn(true)
06-06 00:56:59.041 W/ResourceType(20137): No package identifier when getting name for resource number 0x00000001
06-06 00:56:59.072 D/gralloc_ranchu( 1347): gralloc_alloc: Creating ashmem region of size 9023488
06-06 00:56:59.270 V/PhoneStatusBar( 1712): setLightsOn(true)
06-06 00:56:59.270 V/PhoneStatusBar( 1712): setLightsOn(true)
06-06 00:56:59.278 I/System.out(20137): URI: //map
06-06 00:56:59.278 I/System.out(20137): params: {json={"query":"* {text CONTAINS[c] 'Add service interval template'}","operation":{"method_name":"query","arguments":[]}}
06-06 00:56:59.278 I/System.out(20137): }
06-06 00:56:59.283 W/InputEventReceiver(20137): Attempted to finish an input event but the input event receiver has already been disposed.
06-06 00:56:59.312 W/InputMethodManagerService( 1631): Window already focused, ignoring focus gain of: com.android.internal.view.IInputMethodClient$Stub$Proxy@5974917 attribute=null, token = android.os.BinderProxy@d5a022f
