--------- beginning of main
06-05 23:02:19.575 V/PhoneStatusBar( 1712): setLightsOn(true)
06-05 23:02:19.577 V/PhoneStatusBar( 1712): setLightsOn(true)
06-05 23:02:19.585 D/gralloc_ranchu( 1347): gralloc_alloc: Creating ashmem region of size 3145728
06-05 23:02:19.590 E/EGL_emulation( 1347): tid 1347: eglCreateSyncKHR(1901): error 0x3004 (EGL_BAD_ATTRIBUTE)
--------- beginning of system
06-05 23:02:19.601 W/ActivityManager( 1631): Finishing task with all activities already finished
06-05 23:02:19.601 W/ActivityManager( 1631): Duplicate finish request for ActivityRecord{b9f1167 u0 com.evancharlton.mileage/.Mileage t9044 f}
06-05 23:02:19.601 W/ActivityManager( 1631): Finishing task with all activities already finished
06-05 23:02:19.601 W/ActivityManager( 1631): Duplicate finish request for ActivityRecord{b9f1167 u0 com.evancharlton.mileage/.Mileage t9044 f}
06-05 23:02:19.602 W/ActivityManager( 1631): Finishing task with all activities already finished
06-05 23:02:19.602 W/ActivityManager( 1631): Duplicate finish request for ActivityRecord{b9f1167 u0 com.evancharlton.mileage/.Mileage t9044 f}
06-05 23:02:19.602 W/ActivityManager( 1631): Finishing task with all activities already finished
06-05 23:02:19.602 W/ActivityManager( 1631): Duplicate finish request for ActivityRecord{b9f1167 u0 com.evancharlton.mileage/.Mileage t9044 f}
06-05 23:02:19.602 W/ActivityManager( 1631): Finishing task with all activities already finished
06-05 23:02:19.602 W/ActivityManager( 1631): Duplicate finish request for ActivityRecord{b9f1167 u0 com.evancharlton.mileage/.Mileage t9044 f}
06-05 23:02:19.635 D/EGL_emulation( 1712): eglMakeCurrent: 0xb0685360: ver 2 0 (tinfo 0xb06836c0)
06-05 23:02:19.635 D/EGL_emulation( 2076): eglMakeCurrent: 0xb0685360: ver 2 0 (tinfo 0xb06836b0)
06-05 23:02:19.650 D/EGL_emulation( 1712): eglMakeCurrent: 0xb0685360: ver 2 0 (tinfo 0xb06836c0)
06-05 23:02:19.668 D/EGL_emulation( 1712): eglMakeCurrent: 0xb0685360: ver 2 0 (tinfo 0xb06836c0)
06-05 23:02:19.684 D/EGL_emulation( 1712): eglMakeCurrent: 0xb0685360: ver 2 0 (tinfo 0xb06836c0)
06-05 23:02:19.686 D/EGL_emulation( 1712): eglMakeCurrent: 0xb0685360: ver 2 0 (tinfo 0xb06836c0)
06-05 23:02:19.700 D/EGL_emulation( 1712): eglMakeCurrent: 0xb0685360: ver 2 0 (tinfo 0xb06836c0)
06-05 23:02:19.702 D/EGL_emulation( 1712): eglMakeCurrent: 0xb0685360: ver 2 0 (tinfo 0xb06836c0)
06-05 23:02:19.714 D/AndroidRuntime(14770): >>>>>> START com.android.internal.os.RuntimeInit uid 2000 <<<<<<
06-05 23:02:19.715 D/AndroidRuntime(14770): CheckJNI is ON
06-05 23:02:19.717 D/EGL_emulation( 1712): eglMakeCurrent: 0xb0685360: ver 2 0 (tinfo 0xb06836c0)
06-05 23:02:19.719 D/EGL_emulation( 1712): eglMakeCurrent: 0xb0685360: ver 2 0 (tinfo 0xb06836c0)
06-05 23:02:19.726 W/art     (14770): Unexpected CPU variant for X86 using defaults: x86
06-05 23:02:19.728 D/ICU     (14770): No timezone override file found: /data/misc/zoneinfo/current/icu/icu_tzdata.dat
06-05 23:02:19.734 D/EGL_emulation( 1712): eglMakeCurrent: 0xb0685360: ver 2 0 (tinfo 0xb06836c0)
06-05 23:02:19.736 D/EGL_emulation( 1712): eglMakeCurrent: 0xb0685360: ver 2 0 (tinfo 0xb06836c0)
06-05 23:02:19.736 E/memtrack(14770): Couldn't load memtrack module (No such file or directory)
06-05 23:02:19.737 E/android.os.Debug(14770): failed to load memtrack module: -2
06-05 23:02:19.737 I/Radio-JNI(14770): register_android_hardware_Radio DONE
06-05 23:02:19.741 D/AndroidRuntime(14770): Calling main entry com.android.commands.am.Am
06-05 23:02:19.743 I/ActivityManager( 1631): Force stopping com.evancharlton.mileage appid=10326 user=0: start instr
06-05 23:02:19.743 I/ActivityManager( 1631): Killing 14634:com.evancharlton.mileage/u0a326 (adj 0): stop com.evancharlton.mileage
06-05 23:02:19.743 D/ActivityManager( 1631): cleanUpApplicationRecord -- 14634
06-05 23:02:19.743 W/ActivityManager( 1631): Crash of app com.evancharlton.mileage running instrumentation ComponentInfo{com.evancharlton.mileage.test/sh.calaba.instrumentationbackend.CalabashInstrumentationTestRunner}
06-05 23:02:19.743 I/ActivityManager( 1631): Force stopping com.evancharlton.mileage appid=10326 user=0: finished inst
06-05 23:02:19.747 I/art     (14781): Not late-enabling -Xcheck:jni (already on)
06-05 23:02:19.747 W/art     (14781): Unexpected CPU variant for X86 using defaults: x86
06-05 23:02:19.750 D/EGL_emulation( 1712): eglMakeCurrent: 0xb0685360: ver 2 0 (tinfo 0xb06836c0)
06-05 23:02:19.752 D/EGL_emulation( 1712): eglMakeCurrent: 0xb0685360: ver 2 0 (tinfo 0xb06836c0)
06-05 23:02:19.754 I/ActivityManager( 1631): Start proc 14781:com.evancharlton.mileage/u0a326 for added application com.evancharlton.mileage
06-05 23:02:19.754 D/AndroidRuntime(14770): Shutting down VM
06-05 23:02:19.759 W/System  (14781): ClassLoader referenced unknown path: /data/app/com.evancharlton.mileage.test-1/lib/x86
06-05 23:02:19.759 W/System  (14781): ClassLoader referenced unknown path: /data/app/com.evancharlton.mileage-1/lib/x86
06-05 23:02:19.760 W/System  (14781): ClassLoader referenced unknown path: 
06-05 23:02:19.764 I/System.out(14781): Main activity name automatically set to: com.evancharlton.mileage.Mileage
06-05 23:02:19.764 I/System.out(14781): Calabash did not load Mono. This is only a problem if you are trying to test a Mono application
06-05 23:02:19.764 I/calabash(14781): Test server port: 7102
06-05 23:02:19.765 I/InstrumentationBackend(14781): Added:'GetPreferences', with key:'get_preferences'
06-05 23:02:19.767 D/EGL_emulation( 1712): eglMakeCurrent: 0xb0685360: ver 2 0 (tinfo 0xb06836c0)
06-05 23:02:19.770 I/InstrumentationBackend(14781): Added:'SetPreferences', with key:'set_preferences'
06-05 23:02:19.770 I/InstrumentationBackend(14781): Added:'ClearPreferences', with key:'clear_preferences'
06-05 23:02:19.770 I/InstrumentationBackend(14781): Added:'PressElement', with key:'press_l10n_element'
06-05 23:02:19.770 I/InstrumentationBackend(14781): Added:'WaitForElement', with key:'wait_for_l10n_element'
06-05 23:02:19.770 I/InstrumentationBackend(14781): Added:'NullAction', with key:'nullAction'
06-05 23:02:19.770 I/InstrumentationBackend(14781): Added:'PressKey', with key:'press_key'
06-05 23:02:19.770 I/InstrumentationBackend(14781): Added:'SetActivityOrientation', with key:'set_activity_orientation'
06-05 23:02:19.770 I/InstrumentationBackend(14781): Added:'GetActivityOrientation', with key:'get_activity_orientation'
06-05 23:02:19.770 I/InstrumentationBackend(14781): Added:'FakeGPSLocation', with key:'set_gps_coordinates'
06-05 23:02:19.770 I/InstrumentationBackend(14781): Added:'SetPropertyByCssSelector', with key:'set_property_by_css_selector'
06-05 23:02:19.770 I/InstrumentationBackend(14781): Added:'GetUrl', with key:'get_url'
06-05 23:02:19.771 I/InstrumentationBackend(14781): Added:'ScrollTo', with key:'scroll_to'
06-05 23:02:19.771 I/InstrumentationBackend(14781): Added:'GetLoadProgress', with key:'get_load_progress'
06-05 23:02:19.771 I/InstrumentationBackend(14781): Added:'DumpHtml', with key:'dump_html'
06-05 23:02:19.771 I/InstrumentationBackend(14781): Added:'DumpBodyHtml', with key:'dump_body_html'
06-05 23:02:19.771 I/InstrumentationBackend(14781): Added:'EnterTextByCssSelector', with key:'enter_text_by_selector'
06-05 23:02:19.771 D/EGL_emulation( 1712): eglMakeCurrent: 0xb0685360: ver 2 0 (tinfo 0xb06836c0)
06-05 23:02:19.772 I/InstrumentationBackend(14781): Added:'AndroidSDKVersion', with key:'android_sdk_version'
06-05 23:02:19.772 I/InstrumentationBackend(14781): Added:'Version', with key:'version'
06-05 23:02:19.772 I/InstrumentationBackend(14781): Added:'Drag', with key:'drag'
06-05 23:02:19.772 I/InstrumentationBackend(14781): Added:'TouchCoordinates', with key:'touch_coordinate'
06-05 23:02:19.772 I/InstrumentationBackend(14781): Added:'LongPressCoordinate', with key:'long_press_coordinate'
06-05 23:02:19.772 I/InstrumentationBackend(14781): Added:'DragCoordinates', with key:'drag_coordinates'
06-05 23:02:19.772 I/InstrumentationBackend(14781): Added:'ResumeApplication', with key:'resume_application'
06-05 23:02:19.772 I/InstrumentationBackend(14781): Added:'Swipe', with key:'swipe'
06-05 23:02:19.772 I/InstrumentationBackend(14781): Added:'DoubleTapCoordinate', with key:'double_tap_coordinate'
06-05 23:02:19.772 I/InstrumentationBackend(14781): Added:'ClickOnScreen', with key:'click_on_screen'
06-05 23:02:19.772 I/InstrumentationBackend(14781): Added:'GetActivityName', with key:'get_activity_name'
06-05 23:02:19.772 I/InstrumentationBackend(14781): Added:'ScrollToView', with key:'scroll_to_view'
06-05 23:02:19.772 I/InstrumentationBackend(14781): Added:'ViewConfiguration', with key:'view_configuration'
06-05 23:02:19.772 I/InstrumentationBackend(14781): Added:'IsCurrentActivityFocused', with key:'is_current_activity_focused'
06-05 23:02:19.772 I/InstrumentationBackend(14781): Added:'SendTcp', with key:'send_tcp'
06-05 23:02:19.772 I/InstrumentationBackend(14781): Added:'DpToDevicePixel', with key:'dp_to_device_pixel'
06-05 23:02:19.772 I/InstrumentationBackend(14781): Added:'KeyboardEnterText', with key:'keyboard_enter_text'
06-05 23:02:19.772 I/InstrumentationBackend(14781): Added:'DeleteSurroundingText', with key:'delete_surrounding_text'
06-05 23:02:19.772 I/InstrumentationBackend(14781): Added:'SetComposingRegion', with key:'set_composing_region'
06-05 23:02:19.772 I/InstrumentationBackend(14781): Added:'SetSelection', with key:'set_selection'
06-05 23:02:19.772 I/InstrumentationBackend(14781): Added:'KeyboardKeyEvent', with key:'keyboard_key_event'
06-05 23:02:19.772 I/InstrumentationBackend(14781): Added:'PressUserActionButton', with key:'press_user_action_button'
06-05 23:02:19.773 I/InstrumentationBackend(14781): Added:'HideSoftKeyboard', with key:'hide_soft_keyboard'
06-05 23:02:19.773 I/InstrumentationBackend(14781): Added:'ListActions', with key:'list_actions'
06-05 23:02:19.773 I/calabash(14781): Instantiating http server at 7102
06-05 23:02:19.773 I/System.out(14781): HTTP Daemon listening on: 7102
06-05 23:02:19.784 D/EGL_emulation( 1712): eglMakeCurrent: 0xb0685360: ver 2 0 (tinfo 0xb06836c0)
06-05 23:02:19.786 D/EGL_emulation( 1712): eglMakeCurrent: 0xb0685360: ver 2 0 (tinfo 0xb06836c0)
06-05 23:02:19.794 W/InputDispatcher( 1631): channel '9038cf3 com.evancharlton.mileage/com.evancharlton.mileage.Mileage (server)' ~ Consumer closed input channel or an error occurred.  events=0x9
06-05 23:02:19.794 I/WindowManager( 1631): WIN DEATH: Window{9038cf3 u0 com.evancharlton.mileage/com.evancharlton.mileage.Mileage EXITING}
06-05 23:02:19.794 E/InputDispatcher( 1631): channel '9038cf3 com.evancharlton.mileage/com.evancharlton.mileage.Mileage (server)' ~ Channel is unrecoverably broken and will be disposed!
06-05 23:02:19.794 W/InputDispatcher( 1631): Attempted to unregister already unregistered input channel '9038cf3 com.evancharlton.mileage/com.evancharlton.mileage.Mileage (server)'
06-05 23:02:19.804 D/EGL_emulation( 1712): eglMakeCurrent: 0xb0685360: ver 2 0 (tinfo 0xb06836c0)
06-05 23:02:19.808 D/EGL_emulation( 1712): eglMakeCurrent: 0xb0685360: ver 2 0 (tinfo 0xb06836c0)
06-05 23:02:19.817 D/EGL_emulation( 1712): eglMakeCurrent: 0xb0685360: ver 2 0 (tinfo 0xb06836c0)
06-05 23:02:19.820 D/EGL_emulation( 1712): eglMakeCurrent: 0xb0685360: ver 2 0 (tinfo 0xb06836c0)
06-05 23:02:19.834 D/EGL_emulation( 1712): eglMakeCurrent: 0xb0685360: ver 2 0 (tinfo 0xb06836c0)
06-05 23:02:19.850 D/EGL_emulation( 1712): eglMakeCurrent: 0xb0685360: ver 2 0 (tinfo 0xb06836c0)
06-05 23:02:19.853 D/EGL_emulation( 1712): eglMakeCurrent: 0xb0685360: ver 2 0 (tinfo 0xb06836c0)
06-05 23:02:19.863 I/System.out(14781): URI: //ping
06-05 23:02:19.863 I/System.out(14781): params: {json={}
06-05 23:02:19.863 I/System.out(14781): }
06-05 23:02:19.865 I/System.out(14781): URI: //ping
06-05 23:02:19.865 I/System.out(14781): params: {json={}
06-05 23:02:19.865 I/System.out(14781): }
06-05 23:02:19.867 I/System.out(14781): URI: //ready
06-05 23:02:19.867 I/System.out(14781): params: {json={}
06-05 23:02:19.867 I/System.out(14781): }
06-05 23:02:19.867 D/EGL_emulation( 1712): eglMakeCurrent: 0xb0685360: ver 2 0 (tinfo 0xb06836c0)
06-05 23:02:19.868 D/EGL_emulation( 1712): eglMakeCurrent: 0xb0685360: ver 2 0 (tinfo 0xb06836c0)
06-05 23:02:19.869 I/System.out(14781): URI: //
06-05 23:02:19.869 I/System.out(14781): params: {json={"command":"version","arguments":[]}
06-05 23:02:19.869 I/System.out(14781): }
06-05 23:02:19.869 I/System.out(14781): header: {content-type=application/json;charset=utf-8, date=Sat, 06 Jun 2020 04:02:20 GMT, accept=*/*, host=127.0.0.1:34777, content-length=36, user-agent=HTTPClient/1.0 (2.8.3, ruby 2.5.1 (2018-03-29))}
06-05 23:02:19.869 I/System.out(14781): params: {json={"command":"version","arguments":[]}
06-05 23:02:19.869 I/System.out(14781): }
06-05 23:02:19.869 I/System.out(14781): ProP json = {"command":"version","arguments":[]}
06-05 23:02:19.869 I/System.out(14781): files: {}
06-05 23:02:19.869 I/System.out(14781): command: {"command":"version","arguments":[]}
06-05 23:02:19.872 I/InstrumentationBackend(14781): Got command:'Command:'Line:null,version', arguments:'[]'
06-05 23:02:19.878 I/System.out(14781): result:{"bonusInformation":[],"message":"0.9.8","success":true}
06-05 23:02:19.880 I/System.out(14781): URI: //start-application
06-05 23:02:19.880 I/System.out(14781): params: {json={"intent":null}
06-05 23:02:19.880 I/System.out(14781): }
06-05 23:02:19.890 I/ActivityManager( 1631): START u0 {act=android.intent.action.MAIN cat=[android.intent.category.LAUNCHER] flg=0x10200000 cmp=com.evancharlton.mileage/.Mileage} from uid 10326 on display 0
06-05 23:02:19.895 I/calabash(14781): newActivity1
06-05 23:02:19.905 I/calabash(14781): newActivity1
06-05 23:02:19.906 W/ActivityManager( 1631): Bad activity token: android.os.BinderProxy@b069837
06-05 23:02:19.906 W/ActivityManager( 1631): java.lang.ClassCastException: android.os.BinderProxy cannot be cast to com.android.server.am.ActivityRecord$Token
06-05 23:02:19.906 W/ActivityManager( 1631): 	at com.android.server.am.ActivityRecord.forTokenLocked(ActivityRecord.java:586)
06-05 23:02:19.906 W/ActivityManager( 1631): 	at com.android.server.am.ActivityRecord.isInStackLocked(ActivityRecord.java:1327)
06-05 23:02:19.906 W/ActivityManager( 1631): 	at com.android.server.am.ActivityRecord.getStackLocked(ActivityRecord.java:1332)
06-05 23:02:19.906 W/ActivityManager( 1631): 	at com.android.server.am.ActivityManagerService.getActivityDisplayId(ActivityManagerService.java:9806)
06-05 23:02:19.906 W/ActivityManager( 1631): 	at android.app.ActivityManagerNative.onTransact(ActivityManagerNative.java:2566)
06-05 23:02:19.906 W/ActivityManager( 1631): 	at com.android.server.am.ActivityManagerService.onTransact(ActivityManagerService.java:2757)
06-05 23:02:19.906 W/ActivityManager( 1631): 	at android.os.Binder.execTransact(Binder.java:565)
06-05 23:02:19.907 W/ActivityManager( 1631): Bad activity token: android.os.BinderProxy@b069837
06-05 23:02:19.907 W/ActivityManager( 1631): java.lang.ClassCastException: android.os.BinderProxy cannot be cast to com.android.server.am.ActivityRecord$Token
06-05 23:02:19.907 W/ActivityManager( 1631): 	at com.android.server.am.ActivityRecord.forTokenLocked(ActivityRecord.java:586)
06-05 23:02:19.907 W/ActivityManager( 1631): 	at com.android.server.am.ActivityRecord.isInStackLocked(ActivityRecord.java:1327)
06-05 23:02:19.907 W/ActivityManager( 1631): 	at com.android.server.am.ActivityManagerService.setTaskDescription(ActivityManagerService.java:9358)
06-05 23:02:19.907 W/ActivityManager( 1631): 	at android.app.ActivityManagerNative.onTransact(ActivityManagerNative.java:2639)
06-05 23:02:19.907 W/ActivityManager( 1631): 	at com.android.server.am.ActivityManagerService.onTransact(ActivityManagerService.java:2757)
06-05 23:02:19.907 W/ActivityManager( 1631): 	at android.os.Binder.execTransact(Binder.java:565)
06-05 23:02:19.907 W/ActivityManager( 1631): Bad activity token: android.os.BinderProxy@b069837
06-05 23:02:19.907 W/ActivityManager( 1631): java.lang.ClassCastException: android.os.BinderProxy cannot be cast to com.android.server.am.ActivityRecord$Token
06-05 23:02:19.907 W/ActivityManager( 1631): 	at com.android.server.am.ActivityRecord.forTokenLocked(ActivityRecord.java:586)
06-05 23:02:19.907 W/ActivityManager( 1631): 	at com.android.server.am.ActivityRecord.isInStackLocked(ActivityRecord.java:1327)
06-05 23:02:19.907 W/ActivityManager( 1631): 	at com.android.server.am.ActivityRecord.getStackLocked(ActivityRecord.java:1332)
06-05 23:02:19.907 W/ActivityManager( 1631): 	at com.android.server.am.ActivityManagerService.getActivityStackId(ActivityManagerService.java:9817)
06-05 23:02:19.907 W/ActivityManager( 1631): 	at android.app.ActivityManagerNative.onTransact(ActivityManagerNative.java:2856)
06-05 23:02:19.907 W/ActivityManager( 1631): 	at com.android.server.am.ActivityManagerService.onTransact(ActivityManagerService.java:2757)
06-05 23:02:19.907 W/ActivityManager( 1631): 	at android.os.Binder.execTransact(Binder.java:565)
06-05 23:02:19.917 D/gralloc_ranchu( 1347): gralloc_alloc: Creating ashmem region of size 9023488
06-05 23:02:19.921 W/ActivityManager( 1631): Bad activity token: android.os.BinderProxy@b069837
06-05 23:02:19.921 W/ActivityManager( 1631): java.lang.ClassCastException: android.os.BinderProxy cannot be cast to com.android.server.am.ActivityRecord$Token
06-05 23:02:19.921 W/ActivityManager( 1631): 	at com.android.server.am.ActivityRecord.forTokenLocked(ActivityRecord.java:586)
06-05 23:02:19.921 W/ActivityManager( 1631): 	at com.android.server.am.ActivityRecord.isInStackLocked(ActivityRecord.java:1327)
06-05 23:02:19.921 W/ActivityManager( 1631): 	at com.android.server.am.ActivityManagerService.getActivityOptions(ActivityManagerService.java:12559)
06-05 23:02:19.921 W/ActivityManager( 1631): 	at android.app.ActivityManagerNative.onTransact(ActivityManagerNative.java:1933)
06-05 23:02:19.921 W/ActivityManager( 1631): 	at com.android.server.am.ActivityManagerService.onTransact(ActivityManagerService.java:2757)
06-05 23:02:19.921 W/ActivityManager( 1631): 	at android.os.Binder.execTransact(Binder.java:565)
06-05 23:02:19.921 W/ActivityManager( 1631): Bad activity token: android.os.BinderProxy@b069837
06-05 23:02:19.921 W/ActivityManager( 1631): java.lang.ClassCastException: android.os.BinderProxy cannot be cast to com.android.server.am.ActivityRecord$Token
06-05 23:02:19.921 W/ActivityManager( 1631): 	at com.android.server.am.ActivityRecord.forTokenLocked(ActivityRecord.java:586)
06-05 23:02:19.921 W/ActivityManager( 1631): 	at com.android.server.am.ActivityRecord.isInStackLocked(ActivityRecord.java:1327)
06-05 23:02:19.921 W/ActivityManager( 1631): 	at com.android.server.am.ActivityManagerService.getActivityOptions(ActivityManagerService.java:12559)
06-05 23:02:19.921 W/ActivityManager( 1631): 	at android.app.ActivityManagerNative.onTransact(ActivityManagerNative.java:1933)
06-05 23:02:19.921 W/ActivityManager( 1631): 	at com.android.server.am.ActivityManagerService.onTransact(ActivityManagerService.java:2757)
06-05 23:02:19.921 W/ActivityManager( 1631): 	at android.os.Binder.execTransact(Binder.java:565)
06-05 23:02:19.939 V/PhoneStatusBar( 1712): setLightsOn(true)
06-05 23:02:19.950 D/EGL_emulation( 1712): eglMakeCurrent: 0xb0685360: ver 2 0 (tinfo 0xb06836c0)
06-05 23:02:19.950 V/PhoneStatusBar( 1712): setLightsOn(true)
06-05 23:02:19.952 V/PhoneStatusBar( 1712): setLightsOn(true)
06-05 23:02:19.952 D/gralloc_ranchu( 1347): gralloc_alloc: Creating ashmem region of size 9023488
06-05 23:02:19.957 D/        (14781): HostConnection::get() New Host Connection established 0x942a6100, tid 14781
06-05 23:02:19.988 D/EGL_emulation( 1712): eglMakeCurrent: 0xb0685360: ver 2 0 (tinfo 0xb06836c0)
06-05 23:02:19.988 D/EGL_emulation( 2076): eglMakeCurrent: 0xb0685360: ver 2 0 (tinfo 0xb06836b0)
06-05 23:02:19.990 D/EGL_emulation( 1712): eglMakeCurrent: 0xb0685360: ver 2 0 (tinfo 0xb06836c0)
06-05 23:02:19.992 D/EGL_emulation( 1712): eglMakeCurrent: 0xb0685360: ver 2 0 (tinfo 0xb06836c0)
06-05 23:02:19.994 D/EGL_emulation( 1712): eglMakeCurrent: 0xb0685360: ver 2 0 (tinfo 0xb06836c0)
06-05 23:02:20.000 D/EGL_emulation( 1712): eglMakeCurrent: 0xb0685360: ver 2 0 (tinfo 0xb06836c0)
06-05 23:02:20.002 D/EGL_emulation( 1712): eglMakeCurrent: 0xb0685360: ver 2 0 (tinfo 0xb06836c0)
06-05 23:02:20.002 V/PhoneStatusBar( 1712): setLightsOn(true)
06-05 23:02:20.012 I/ActivityManager( 1631): Displayed com.evancharlton.mileage/.Mileage: +119ms
06-05 23:02:20.017 D/gralloc_ranchu( 1347): gralloc_alloc: Creating ashmem region of size 9023488
06-05 23:02:20.017 D/EGL_emulation( 1712): eglMakeCurrent: 0xb0685360: ver 2 0 (tinfo 0xb06836c0)
06-05 23:02:20.030 D/EGL_emulation( 1712): eglMakeCurrent: 0xb0685360: ver 2 0 (tinfo 0xb06836c0)
06-05 23:02:20.035 D/EGL_emulation( 1712): eglMakeCurrent: 0xb0685360: ver 2 0 (tinfo 0xb06836c0)
06-05 23:02:20.036 D/EGL_emulation( 1712): eglMakeCurrent: 0xb0685360: ver 2 0 (tinfo 0xb06836c0)
06-05 23:02:20.036 V/PhoneStatusBar( 1712): setLightsOn(true)
06-05 23:02:20.050 D/EGL_emulation( 1712): eglMakeCurrent: 0xb0685360: ver 2 0 (tinfo 0xb06836c0)
06-05 23:02:20.053 D/EGL_emulation( 1712): eglMakeCurrent: 0xb0685360: ver 2 0 (tinfo 0xb06836c0)
06-05 23:02:20.067 I/WindowManager( 1631): Destroying surface Surface(name=com.evancharlton.mileage/com.evancharlton.mileage.Mileage) called by com.android.server.wm.WindowStateAnimator.destroySurface:2016 com.android.server.wm.WindowStateAnimator.destroySurfaceLocked:882 com.android.server.wm.WindowState.removeLocked:1456 com.android.server.wm.WindowManagerService.removeWindowInnerLocked:2484 com.android.server.wm.AppWindowToken.destroySurfaces:365 com.android.server.wm.WindowStateAnimator.finishExit:565 com.android.server.wm.WindowStateAnimator.stepAnimationLocked:491 com.android.server.wm.WindowAnimator.updateWindowsLocked:303 
06-05 23:02:20.069 D/EGL_emulation( 1712): eglMakeCurrent: 0xb0685360: ver 2 0 (tinfo 0xb06836c0)
06-05 23:02:20.070 D/EGL_emulation( 1712): eglMakeCurrent: 0xb0685360: ver 2 0 (tinfo 0xb06836c0)
06-05 23:02:20.078 I/System.out(14781): URI: //map
06-05 23:02:20.078 I/System.out(14781): params: {json={"query":"* marked:'Vehicles'","operation":{"method_name":"query","arguments":[]}}
06-05 23:02:20.078 I/System.out(14781): }
06-05 23:02:20.084 D/EGL_emulation( 1712): eglMakeCurrent: 0xb0685360: ver 2 0 (tinfo 0xb06836c0)
06-05 23:02:20.087 D/EGL_emulation( 1712): eglMakeCurrent: 0xb0685360: ver 2 0 (tinfo 0xb06836c0)
06-05 23:02:20.087 V/PhoneStatusBar( 1712): setLightsOn(true)
06-05 23:02:20.094 W/ResourceType(14781): No package identifier when getting name for resource number 0x00000001
06-05 23:02:20.101 D/EGL_emulation( 1712): eglMakeCurrent: 0xb0685360: ver 2 0 (tinfo 0xb06836c0)
06-05 23:02:20.102 D/EGL_emulation( 1712): eglMakeCurrent: 0xb0685360: ver 2 0 (tinfo 0xb06836c0)
06-05 23:02:20.110 I/System.out(14781): URI: //gesture
06-05 23:02:20.110 I/System.out(14781): params: {json={"query_timeout":5.0,"gestures":[{"query_string":"* marked:'Vehicles'","touches":[{"x":50,"y":50,"offset_x":0,"offset_y":0,"wait":0.0,"time":0.2,"release":true,"query_string":null}]}]}
06-05 23:02:20.110 I/System.out(14781): }
06-05 23:02:20.114 W/ResourceType(14781): No package identifier when getting name for resource number 0x00000001
06-05 23:02:20.117 D/EGL_emulation( 1712): eglMakeCurrent: 0xb0685360: ver 2 0 (tinfo 0xb06836c0)
06-05 23:02:20.118 D/EGL_emulation( 1712): eglMakeCurrent: 0xb0685360: ver 2 0 (tinfo 0xb06836c0)
06-05 23:02:20.134 D/EGL_emulation( 1712): eglMakeCurrent: 0xb0685360: ver 2 0 (tinfo 0xb06836c0)
06-05 23:02:20.141 D/EGL_emulation( 1712): eglMakeCurrent: 0xb0685360: ver 2 0 (tinfo 0xb06836c0)
06-05 23:02:20.152 D/EGL_emulation( 1712): eglMakeCurrent: 0xb0685360: ver 2 0 (tinfo 0xb06836c0)
06-05 23:02:20.156 D/EGL_emulation( 1712): eglMakeCurrent: 0xb0685360: ver 2 0 (tinfo 0xb06836c0)
06-05 23:02:20.171 D/EGL_emulation( 1712): eglMakeCurrent: 0xb0685360: ver 2 0 (tinfo 0xb06836c0)
06-05 23:02:20.178 D/EGL_emulation( 1712): eglMakeCurrent: 0xb0685360: ver 2 0 (tinfo 0xb06836c0)
06-05 23:02:20.185 D/EGL_emulation( 1712): eglMakeCurrent: 0xb0685360: ver 2 0 (tinfo 0xb06836c0)
06-05 23:02:20.201 I/WindowManager( 1631): Destroying surface Surface(name=Starting com.evancharlton.mileage) called by com.android.server.wm.WindowStateAnimator.destroySurface:2016 com.android.server.wm.WindowStateAnimator.destroySurfaceLocked:882 com.android.server.wm.WindowState.destroyOrSaveSurface:2100 com.android.server.wm.AppWindowToken.destroySurfaces:363 com.android.server.wm.WindowStateAnimator.finishExit:565 com.android.server.wm.WindowStateAnimator.stepAnimationLocked:491 com.android.server.wm.WindowAnimator.updateWindowsLocked:303 com.android.server.wm.WindowAnimator.animateLocked:704 
06-05 23:02:20.205 V/PhoneStatusBar( 1712): setLightsOn(true)
06-05 23:02:20.209 V/PhoneStatusBar( 1712): setLightsOn(true)
06-05 23:02:20.338 I/calabash(14781): newActivity1
06-05 23:02:20.340 W/ActivityManager( 1631): Bad activity token: android.os.BinderProxy@8e09879
06-05 23:02:20.340 W/ActivityManager( 1631): java.lang.ClassCastException: android.os.BinderProxy cannot be cast to com.android.server.am.ActivityRecord$Token
06-05 23:02:20.340 W/ActivityManager( 1631): 	at com.android.server.am.ActivityRecord.forTokenLocked(ActivityRecord.java:586)
06-05 23:02:20.340 W/ActivityManager( 1631): 	at com.android.server.am.ActivityRecord.isInStackLocked(ActivityRecord.java:1327)
06-05 23:02:20.340 W/ActivityManager( 1631): 	at com.android.server.am.ActivityRecord.getStackLocked(ActivityRecord.java:1332)
06-05 23:02:20.340 W/ActivityManager( 1631): 	at com.android.server.am.ActivityManagerService.getActivityDisplayId(ActivityManagerService.java:9806)
06-05 23:02:20.340 W/ActivityManager( 1631): 	at android.app.ActivityManagerNative.onTransact(ActivityManagerNative.java:2566)
06-05 23:02:20.340 W/ActivityManager( 1631): 	at com.android.server.am.ActivityManagerService.onTransact(ActivityManagerService.java:2757)
06-05 23:02:20.340 W/ActivityManager( 1631): 	at android.os.Binder.execTransact(Binder.java:565)
06-05 23:02:20.342 W/ActivityManager( 1631): Bad activity token: android.os.BinderProxy@8e09879
06-05 23:02:20.342 W/ActivityManager( 1631): java.lang.ClassCastException: android.os.BinderProxy cannot be cast to com.android.server.am.ActivityRecord$Token
06-05 23:02:20.342 W/ActivityManager( 1631): 	at com.android.server.am.ActivityRecord.forTokenLocked(ActivityRecord.java:586)
06-05 23:02:20.342 W/ActivityManager( 1631): 	at com.android.server.am.ActivityRecord.isInStackLocked(ActivityRecord.java:1327)
06-05 23:02:20.342 W/ActivityManager( 1631): 	at com.android.server.am.ActivityManagerService.setTaskDescription(ActivityManagerService.java:9358)
06-05 23:02:20.342 W/ActivityManager( 1631): 	at android.app.ActivityManagerNative.onTransact(ActivityManagerNative.java:2639)
06-05 23:02:20.342 W/ActivityManager( 1631): 	at com.android.server.am.ActivityManagerService.onTransact(ActivityManagerService.java:2757)
06-05 23:02:20.342 W/ActivityManager( 1631): 	at android.os.Binder.execTransact(Binder.java:565)
06-05 23:02:20.343 W/ActivityManager( 1631): Bad activity token: android.os.BinderProxy@8e09879
06-05 23:02:20.343 W/ActivityManager( 1631): java.lang.ClassCastException: android.os.BinderProxy cannot be cast to com.android.server.am.ActivityRecord$Token
06-05 23:02:20.343 W/ActivityManager( 1631): 	at com.android.server.am.ActivityRecord.forTokenLocked(ActivityRecord.java:586)
06-05 23:02:20.343 W/ActivityManager( 1631): 	at com.android.server.am.ActivityRecord.isInStackLocked(ActivityRecord.java:1327)
06-05 23:02:20.343 W/ActivityManager( 1631): 	at com.android.server.am.ActivityRecord.getStackLocked(ActivityRecord.java:1332)
06-05 23:02:20.343 W/ActivityManager( 1631): 	at com.android.server.am.ActivityManagerService.getActivityStackId(ActivityManagerService.java:9817)
06-05 23:02:20.343 W/ActivityManager( 1631): 	at android.app.ActivityManagerNative.onTransact(ActivityManagerNative.java:2856)
06-05 23:02:20.343 W/ActivityManager( 1631): 	at com.android.server.am.ActivityManagerService.onTransact(ActivityManagerService.java:2757)
06-05 23:02:20.343 W/ActivityManager( 1631): 	at android.os.Binder.execTransact(Binder.java:565)
06-05 23:02:20.344 W/audio_hw_generic( 1394): Not supplying enough data to HAL, expected position 225162207 , only wrote 225162000
06-05 23:02:20.351 W/ActivityManager( 1631): Bad activity token: android.os.BinderProxy@8e09879
06-05 23:02:20.351 W/ActivityManager( 1631): java.lang.ClassCastException: android.os.BinderProxy cannot be cast to com.android.server.am.ActivityRecord$Token
06-05 23:02:20.351 W/ActivityManager( 1631): 	at com.android.server.am.ActivityRecord.forTokenLocked(ActivityRecord.java:586)
06-05 23:02:20.351 W/ActivityManager( 1631): 	at com.android.server.am.ActivityRecord.isInStackLocked(ActivityRecord.java:1327)
06-05 23:02:20.351 W/ActivityManager( 1631): 	at com.android.server.am.ActivityManagerService.getActivityOptions(ActivityManagerService.java:12559)
06-05 23:02:20.351 W/ActivityManager( 1631): 	at android.app.ActivityManagerNative.onTransact(ActivityManagerNative.java:1933)
06-05 23:02:20.351 W/ActivityManager( 1631): 	at com.android.server.am.ActivityManagerService.onTransact(ActivityManagerService.java:2757)
06-05 23:02:20.351 W/ActivityManager( 1631): 	at android.os.Binder.execTransact(Binder.java:565)
06-05 23:02:20.352 W/ActivityManager( 1631): Bad activity token: android.os.BinderProxy@8e09879
06-05 23:02:20.352 W/ActivityManager( 1631): java.lang.ClassCastException: android.os.BinderProxy cannot be cast to com.android.server.am.ActivityRecord$Token
06-05 23:02:20.352 W/ActivityManager( 1631): 	at com.android.server.am.ActivityRecord.forTokenLocked(ActivityRecord.java:586)
06-05 23:02:20.352 W/ActivityManager( 1631): 	at com.android.server.am.ActivityRecord.isInStackLocked(ActivityRecord.java:1327)
06-05 23:02:20.352 W/ActivityManager( 1631): 	at com.android.server.am.ActivityManagerService.getActivityOptions(ActivityManagerService.java:12559)
06-05 23:02:20.352 W/ActivityManager( 1631): 	at android.app.ActivityManagerNative.onTransact(ActivityManagerNative.java:1933)
06-05 23:02:20.352 W/ActivityManager( 1631): 	at com.android.server.am.ActivityManagerService.onTransact(ActivityManagerService.java:2757)
06-05 23:02:20.352 W/ActivityManager( 1631): 	at android.os.Binder.execTransact(Binder.java:565)
06-05 23:02:20.402 V/PhoneStatusBar( 1712): setLightsOn(true)
06-05 23:02:20.701 V/PhoneStatusBar( 1712): setLightsOn(true)
06-05 23:02:20.702 V/PhoneStatusBar( 1712): setLightsOn(true)
06-05 23:02:20.704 W/OpenGLRenderer( 2076): Incorrectly called buildLayer on View: ShortcutAndWidgetContainer, destroying layer...
06-05 23:02:20.717 V/PhoneStatusBar( 1712): setLightsOn(true)
06-05 23:02:20.718 I/WindowManager( 1631): Destroying surface Surface(name=com.android.launcher3/com.android.launcher3.Launcher) called by com.android.server.wm.WindowStateAnimator.destroySurface:2016 com.android.server.wm.WindowStateAnimator.destroySurfaceLocked:882 com.android.server.wm.WindowState.destroyOrSaveSurface:2100 com.android.server.wm.AppWindowToken.destroySurfaces:363 com.android.server.wm.AppWindowToken.notifyAppStopped:389 com.android.server.wm.WindowManagerService.notifyAppStopped:4463 com.android.server.am.ActivityStack.activityStoppedLocked:1252 com.android.server.am.ActivityManagerService.activityStopped:6903 
06-05 23:02:21.361 I/System.out(14781): URI: //
06-05 23:02:21.361 I/System.out(14781): params: {json={"command":"press_key","arguments":["KEYCODE_MENU"]}
06-05 23:02:21.361 I/System.out(14781): }
06-05 23:02:21.361 I/System.out(14781): header: {content-type=application/json;charset=utf-8, date=Sat, 06 Jun 2020 04:02:21 GMT, accept=*/*, host=127.0.0.1:34777, content-length=52, user-agent=HTTPClient/1.0 (2.8.3, ruby 2.5.1 (2018-03-29))}
06-05 23:02:21.361 I/System.out(14781): params: {json={"command":"press_key","arguments":["KEYCODE_MENU"]}
06-05 23:02:21.361 I/System.out(14781): }
06-05 23:02:21.361 I/System.out(14781): ProP json = {"command":"press_key","arguments":["KEYCODE_MENU"]}
06-05 23:02:21.361 I/System.out(14781): files: {}
06-05 23:02:21.361 I/System.out(14781): command: {"command":"press_key","arguments":["KEYCODE_MENU"]}
06-05 23:02:21.363 I/InstrumentationBackend(14781): Got command:'Command:'Line:null,press_key', arguments:'[KEYCODE_MENU]'
06-05 23:02:21.376 V/PhoneStatusBar( 1712): setLightsOn(true)
06-05 23:02:21.382 I/System.out(14781): result:{"bonusInformation":[],"message":"","success":true}
06-05 23:02:21.385 V/PhoneStatusBar( 1712): setLightsOn(true)
06-05 23:02:21.385 I/System.out(14781): URI: //map
06-05 23:02:21.385 I/System.out(14781): params: {json={"query":"* marked:'Edit vehicle types'","operation":{"method_name":"query","arguments":[]}}
06-05 23:02:21.385 I/System.out(14781): }
06-05 23:02:21.400 V/PhoneStatusBar( 1712): setLightsOn(true)
06-05 23:02:21.417 V/PhoneStatusBar( 1712): setLightsOn(true)
06-05 23:02:21.418 D/gralloc_ranchu( 1347): gralloc_alloc: Creating ashmem region of size 1720320
06-05 23:02:21.426 V/PhoneStatusBar( 1712): setLightsOn(true)
06-05 23:02:21.427 V/PhoneStatusBar( 1712): setLightsOn(true)
06-05 23:02:21.428 W/ResourceType(14781): No package identifier when getting name for resource number 0x00000001
06-05 23:02:21.434 V/PhoneStatusBar( 1712): setLightsOn(true)
06-05 23:02:21.440 I/System.out(14781): URI: //gesture
06-05 23:02:21.440 I/System.out(14781): params: {json={"query_timeout":5.0,"gestures":[{"query_string":"* marked:'Edit vehicle types'","touches":[{"x":50,"y":50,"offset_x":0,"offset_y":0,"wait":0.0,"time":0.2,"release":true,"query_string":null}]}]}
06-05 23:02:21.440 I/System.out(14781): }
06-05 23:02:21.445 W/ResourceType(14781): No package identifier when getting name for resource number 0x00000001
06-05 23:02:21.550 D/gralloc_ranchu( 1347): gralloc_alloc: Creating ashmem region of size 1720320
06-05 23:02:21.603 D/gralloc_ranchu( 1347): gralloc_alloc: Creating ashmem region of size 9023488
06-05 23:02:21.650 V/PhoneStatusBar( 1712): setLightsOn(true)
06-05 23:02:21.727 I/art     (14781): Do partial code cache collection, code=30KB, data=29KB
06-05 23:02:21.727 I/art     (14781): After code cache collection, code=29KB, data=29KB
06-05 23:02:21.727 I/art     (14781): Increasing code cache capacity to 128KB
06-05 23:02:21.739 I/System.out(14781): URI: //map
06-05 23:02:21.739 I/System.out(14781): params: {json={"query":"* {text CONTAINS[c] 'Car'}","operation":{"method_name":"query","arguments":[]}}
06-05 23:02:21.739 I/System.out(14781): }
06-05 23:02:21.755 I/ActivityManager( 1631): START u0 {cmp=com.evancharlton.mileage/.VehicleTypeListActivity} from uid 10326 on display 0
06-05 23:02:21.757 V/PhoneStatusBar( 1712): setLightsOn(true)
06-05 23:02:21.758 V/PhoneStatusBar( 1712): setLightsOn(true)
06-05 23:02:21.805 I/WindowManager( 1631): Destroying surface Surface(name=AtchDlg:com.evancharlton.mileage/com.evancharlton.mileage.VehicleListActivity) called by com.android.server.wm.WindowStateAnimator.destroySurface:2016 com.android.server.wm.WindowStateAnimator.destroySurfaceLocked:882 com.android.server.wm.WindowState.removeLocked:1456 com.android.server.wm.WindowManagerService.removeWindowInnerLocked:2484 com.android.server.wm.WindowManagerService.removeWindowLocked:2442 com.android.server.wm.WindowManagerService.removeWindowLocked:2311 com.android.server.wm.WindowManagerService.removeWindow:2306 com.android.server.wm.Session.remove:202 
06-05 23:02:21.846 I/calabash(14781): newActivity1
06-05 23:02:21.901 V/PhoneStatusBar( 1712): setLightsOn(true)
06-05 23:02:21.903 D/gralloc_ranchu( 1347): gralloc_alloc: Creating ashmem region of size 9023488
06-05 23:02:21.917 V/PhoneStatusBar( 1712): setLightsOn(true)
06-05 23:02:21.931 I/ActivityManager( 1631): Displayed com.evancharlton.mileage/.VehicleTypeListActivity: +129ms
06-05 23:02:21.931 D/gralloc_ranchu( 1347): gralloc_alloc: Creating ashmem region of size 9023488
06-05 23:02:21.934 V/PhoneStatusBar( 1712): setLightsOn(true)
06-05 23:02:21.967 V/PhoneStatusBar( 1712): setLightsOn(true)
06-05 23:02:22.000 V/PhoneStatusBar( 1712): setLightsOn(true)
06-05 23:02:22.119 I/System.out(14781): URI: //map
06-05 23:02:22.119 I/System.out(14781): params: {json={"query":"* {text CONTAINS[c] 'Car'}","operation":{"method_name":"query","arguments":[]}}
06-05 23:02:22.119 I/System.out(14781): }
06-05 23:02:22.133 I/System.out(14781): URI: //gesture
06-05 23:02:22.133 I/System.out(14781): params: {json={"query_timeout":5.0,"gestures":[{"query_string":"* {text CONTAINS[c] 'Car'}","touches":[{"x":50,"y":50,"offset_x":0,"offset_y":0,"wait":0.0,"time":1.0,"release":true,"query_string":null}]}]}
06-05 23:02:22.133 I/System.out(14781): }
06-05 23:02:22.167 V/PhoneStatusBar( 1712): setLightsOn(true)
06-05 23:02:22.281 D/gralloc_ranchu( 1347): gralloc_alloc: Creating ashmem region of size 9023488
06-05 23:02:22.301 V/PhoneStatusBar( 1712): setLightsOn(true)
06-05 23:02:22.301 V/PhoneStatusBar( 1712): setLightsOn(true)
06-05 23:02:22.318 V/PhoneStatusBar( 1712): setLightsOn(true)
06-05 23:02:22.402 I/WindowManager( 1631): Destroying surface Surface(name=com.evancharlton.mileage/com.evancharlton.mileage.Mileage) called by com.android.server.wm.WindowStateAnimator.destroySurface:2016 com.android.server.wm.WindowStateAnimator.destroySurfaceLocked:882 com.android.server.wm.WindowState.destroyOrSaveSurface:2100 com.android.server.wm.WindowManagerService.tryStartExitingAnimation:3024 com.android.server.wm.WindowManagerService.relayoutWindow:2904 com.android.server.wm.Session.relayout:224 android.view.IWindowSession$Stub.onTransact:286 com.android.server.wm.Session.onTransact:145 
06-05 23:02:22.402 V/PhoneStatusBar( 1712): setLightsOn(true)
06-05 23:02:22.790 V/PhoneStatusBar( 1712): setLightsOn(true)
06-05 23:02:22.792 V/PhoneStatusBar( 1712): setLightsOn(true)
06-05 23:02:22.800 V/PhoneStatusBar( 1712): setLightsOn(true)
06-05 23:02:22.832 D/gralloc_ranchu( 1347): gralloc_alloc: Creating ashmem region of size 446464
06-05 23:02:22.839 V/PhoneStatusBar( 1712): setLightsOn(true)
06-05 23:02:22.839 D/gralloc_ranchu( 1347): gralloc_alloc: Creating ashmem region of size 446464
06-05 23:02:22.840 V/PhoneStatusBar( 1712): setLightsOn(true)
06-05 23:02:22.850 D/gralloc_ranchu( 1347): gralloc_alloc: Creating ashmem region of size 446464
06-05 23:02:22.851 V/PhoneStatusBar( 1712): setLightsOn(true)
06-05 23:02:23.100 V/PhoneStatusBar( 1712): setLightsOn(true)
06-05 23:02:23.196 I/System.out(14781): URI: //map
06-05 23:02:23.196 I/System.out(14781): params: {json={"query":"android.widget.ScrollView index:0","operation":{"method_name":"query","arguments":[]}}
06-05 23:02:23.196 I/System.out(14781): }
06-05 23:02:23.228 I/System.out(14781): URI: //map
06-05 23:02:23.228 I/System.out(14781): params: {json={"query":"android.widget.AbsListView index:0","operation":{"method_name":"query","arguments":[]}}
06-05 23:02:23.228 I/System.out(14781): }
06-05 23:02:23.239 I/System.out(14781): URI: //map
06-05 23:02:23.239 I/System.out(14781): params: {json={"query":"android.widget.AbsListView index:0","operation":{"method_name":"query","arguments":[]}}
06-05 23:02:23.239 I/System.out(14781): }
06-05 23:02:23.250 I/System.out(14781): URI: //map
06-05 23:02:23.250 I/System.out(14781): params: {json={"query":"android.widget.AbsListView index:0","operation":{"method_name":"query","arguments":[]}}
06-05 23:02:23.250 I/System.out(14781): }
06-05 23:02:23.260 I/System.out(14781): URI: //map
06-05 23:02:23.260 I/System.out(14781): params: {json={"query":"android.widget.AbsListView index:0","operation":{"method_name":"query","arguments":["getFirstVisiblePosition"]}}
06-05 23:02:23.260 I/System.out(14781): }
06-05 23:02:23.271 I/System.out(14781): URI: //map
06-05 23:02:23.271 I/System.out(14781): params: {json={"query":"android.widget.AbsListView index:0","operation":{"method_name":"query","arguments":["getLastVisiblePosition"]}}
06-05 23:02:23.271 I/System.out(14781): }
06-05 23:02:23.282 I/System.out(14781): URI: //map
06-05 23:02:23.282 I/System.out(14781): params: {json={"query":"android.widget.AbsListView index:0","operation":{"method_name":"query","arguments":[{"method_name":"setSelection","arguments":[1]}]}}
06-05 23:02:23.282 I/System.out(14781): }
06-05 23:02:23.291 I/art     (14781): Do partial code cache collection, code=58KB, data=62KB
06-05 23:02:23.291 I/art     (14781): After code cache collection, code=57KB, data=62KB
06-05 23:02:23.291 I/art     (14781): Increasing code cache capacity to 256KB
06-05 23:02:23.297 I/System.out(14781): URI: //map
06-05 23:02:23.297 I/System.out(14781): params: {json={"query":"* {text CONTAINS[c] 'Edit'}","operation":{"method_name":"query","arguments":[]}}
06-05 23:02:23.297 I/System.out(14781): }
06-05 23:02:23.312 I/System.out(14781): URI: //map
06-05 23:02:23.312 I/System.out(14781): params: {json={"query":"* marked:'Edit'","operation":{"method_name":"query","arguments":[]}}
06-05 23:02:23.312 I/System.out(14781): }
06-05 23:02:23.317 W/ResourceType(14781): No package identifier when getting name for resource number 0x00000001
06-05 23:02:23.324 I/System.out(14781): URI: //gesture
06-05 23:02:23.324 I/System.out(14781): params: {json={"query_timeout":5.0,"gestures":[{"query_string":"* marked:'Edit'","touches":[{"x":50,"y":50,"offset_x":0,"offset_y":0,"wait":0.0,"time":0.2,"release":true,"query_string":null}]}]}
06-05 23:02:23.324 I/System.out(14781): }
06-05 23:02:23.329 W/ResourceType(14781): No package identifier when getting name for resource number 0x00000001
06-05 23:02:23.631 I/ActivityManager( 1631): START u0 {cmp=com.evancharlton.mileage/.VehicleTypeActivity (has extras)} from uid 10326 on display 0
06-05 23:02:23.633 V/PhoneStatusBar( 1712): setLightsOn(true)
06-05 23:02:23.634 V/PhoneStatusBar( 1712): setLightsOn(true)
06-05 23:02:23.636 V/PhoneStatusBar( 1712): setLightsOn(true)
06-05 23:02:23.637 W/InputEventReceiver(14781): Attempted to finish an input event but the input event receiver has already been disposed.
06-05 23:02:23.646 I/System.out(14781): URI: //gesture
06-05 23:02:23.646 I/System.out(14781): params: {json={"query_timeout":5.0,"gestures":[{"query_string":"android.widget.EditText index:1","touches":[{"x":50,"y":50,"offset_x":0,"offset_y":0,"wait":0.0,"time":0.2,"release":true,"query_string":null}]}]}
06-05 23:02:23.646 I/System.out(14781): }
06-05 23:02:23.702 I/calabash(14781): newActivity1
06-05 23:02:23.734 V/PhoneStatusBar( 1712): setLightsOn(true)
06-05 23:02:23.750 V/PhoneStatusBar( 1712): setLightsOn(true)
06-05 23:02:23.752 D/gralloc_ranchu( 1347): gralloc_alloc: Creating ashmem region of size 9023488
06-05 23:02:23.767 V/PhoneStatusBar( 1712): setLightsOn(true)
06-05 23:02:23.785 V/PhoneStatusBar( 1712): setLightsOn(true)
06-05 23:02:23.786 W/InputMethodService( 1698): Window size has been changed. This may cause jankiness of resizing window: -1 -> -2
06-05 23:02:23.786 D/gralloc_ranchu( 1347): gralloc_alloc: Creating ashmem region of size 9023488
06-05 23:02:23.787 I/ActivityManager( 1631): Displayed com.evancharlton.mileage/.VehicleTypeActivity: +119ms
06-05 23:02:23.793 I/LatinIME( 1698): Starting input. Cursor position = 0,0
06-05 23:02:23.800 V/PhoneStatusBar( 1712): setLightsOn(true)
06-05 23:02:23.851 V/PhoneStatusBar( 1712): setLightsOn(true)
06-05 23:02:23.885 V/PhoneStatusBar( 1712): setLightsOn(true)
06-05 23:02:23.901 I/WindowManager( 1631): Destroying surface Surface(name=PopupWindow:487760b) called by com.android.server.wm.WindowStateAnimator.destroySurface:2016 com.android.server.wm.WindowStateAnimator.destroySurfaceLocked:882 com.android.server.wm.WindowState.destroyOrSaveSurface:2100 com.android.server.wm.AppWindowToken.destroySurfaces:363 com.android.server.wm.WindowStateAnimator.finishExit:565 com.android.server.wm.WindowStateAnimator.stepAnimationLocked:491 com.android.server.wm.WindowAnimator.updateWindowsLocked:303 com.android.server.wm.WindowAnimator.animateLocked:704 
06-05 23:02:23.915 D/EGL_emulation( 1712): eglMakeCurrent: 0xb0685360: ver 2 0 (tinfo 0xb06836c0)
06-05 23:02:23.919 D/EGL_emulation( 1712): eglMakeCurrent: 0xb0685360: ver 2 0 (tinfo 0xb06836c0)
06-05 23:02:23.919 V/PhoneStatusBar( 1712): setLightsOn(true)
06-05 23:02:23.921 D/EGL_emulation( 1698): eglMakeCurrent: 0xb0685060: ver 2 0 (tinfo 0xb0683b60)
06-05 23:02:23.950 V/PhoneStatusBar( 1712): setLightsOn(true)
06-05 23:02:23.966 V/PhoneStatusBar( 1712): setLightsOn(true)
06-05 23:02:24.017 V/PhoneStatusBar( 1712): setLightsOn(true)
06-05 23:02:24.151 V/PhoneStatusBar( 1712): setLightsOn(true)
06-05 23:02:24.151 V/PhoneStatusBar( 1712): setLightsOn(true)
06-05 23:02:24.167 I/WindowManager( 1631): Destroying surface Surface(name=com.evancharlton.mileage/com.evancharlton.mileage.VehicleTypeListActivity) called by com.android.server.wm.WindowStateAnimator.destroySurface:2016 com.android.server.wm.WindowStateAnimator.destroySurfaceLocked:882 com.android.server.wm.WindowState.destroyOrSaveSurface:2100 com.android.server.wm.WindowManagerService.tryStartExitingAnimation:3024 com.android.server.wm.WindowManagerService.relayoutWindow:2904 com.android.server.wm.Session.relayout:224 android.view.IWindowSession$Stub.onTransact:286 com.android.server.wm.Session.onTransact:145 
06-05 23:02:24.167 V/PhoneStatusBar( 1712): setLightsOn(true)
06-05 23:02:24.168 V/PhoneStatusBar( 1712): setLightsOn(true)
06-05 23:02:24.412 I/LatinIME( 1698): Starting input. Cursor position = 13,13
06-05 23:02:24.459 W/IInputConnectionWrapper(14781): finishComposingText on inactive InputConnection
06-05 23:02:24.459 W/IInputConnectionWrapper(14781): finishComposingText on inactive InputConnection
06-05 23:02:24.461 V/PhoneStatusBar( 1712): setLightsOn(true)
06-05 23:02:24.467 V/PhoneStatusBar( 1712): setLightsOn(true)
06-05 23:02:24.483 D/gralloc_ranchu( 1347): gralloc_alloc: Creating ashmem region of size 49152
06-05 23:02:24.486 V/PhoneStatusBar( 1712): setLightsOn(true)
06-05 23:02:24.487 V/PhoneStatusBar( 1712): setLightsOn(true)
06-05 23:02:24.500 V/PhoneStatusBar( 1712): setLightsOn(true)
06-05 23:02:24.600 D/gralloc_ranchu( 1347): gralloc_alloc: Creating ashmem region of size 49152
06-05 23:02:24.600 V/PhoneStatusBar( 1712): setLightsOn(true)
06-05 23:02:24.919 I/System.out(14781): URI: //
06-05 23:02:24.919 I/System.out(14781): params: {json={"command":"set_selection","arguments":[-1,-1]}
06-05 23:02:24.919 I/System.out(14781): }
06-05 23:02:24.919 I/System.out(14781): header: {content-type=application/json;charset=utf-8, date=Sat, 06 Jun 2020 04:02:25 GMT, accept=*/*, host=127.0.0.1:34777, content-length=47, user-agent=HTTPClient/1.0 (2.8.3, ruby 2.5.1 (2018-03-29))}
06-05 23:02:24.919 I/System.out(14781): params: {json={"command":"set_selection","arguments":[-1,-1]}
06-05 23:02:24.919 I/System.out(14781): }
06-05 23:02:24.919 I/System.out(14781): ProP json = {"command":"set_selection","arguments":[-1,-1]}
06-05 23:02:24.919 I/System.out(14781): files: {}
06-05 23:02:24.919 I/System.out(14781): command: {"command":"set_selection","arguments":[-1,-1]}
06-05 23:02:24.920 I/InstrumentationBackend(14781): Got command:'Command:'Line:null,set_selection', arguments:'[-1, -1]'
06-05 23:02:24.925 I/System.out(14781): result:{"bonusInformation":[],"message":"","success":true}
06-05 23:02:24.987 D/gralloc_ranchu( 1347): gralloc_alloc: Creating ashmem region of size 9023488
06-05 23:02:25.028 I/System.out(14781): URI: //
06-05 23:02:25.028 I/System.out(14781): params: {json={"command":"delete_surrounding_text","arguments":[-1,0]}
06-05 23:02:25.028 I/System.out(14781): }
06-05 23:02:25.028 I/System.out(14781): header: {content-type=application/json;charset=utf-8, date=Sat, 06 Jun 2020 04:02:25 GMT, accept=*/*, host=127.0.0.1:34777, content-length=56, user-agent=HTTPClient/1.0 (2.8.3, ruby 2.5.1 (2018-03-29))}
06-05 23:02:25.028 I/System.out(14781): params: {json={"command":"delete_surrounding_text","arguments":[-1,0]}
06-05 23:02:25.028 I/System.out(14781): }
06-05 23:02:25.028 I/System.out(14781): ProP json = {"command":"delete_surrounding_text","arguments":[-1,0]}
06-05 23:02:25.028 I/System.out(14781): files: {}
06-05 23:02:25.028 I/System.out(14781): command: {"command":"delete_surrounding_text","arguments":[-1,0]}
06-05 23:02:25.029 I/InstrumentationBackend(14781): Got command:'Command:'Line:null,delete_surrounding_text', arguments:'[-1, 0]'
06-05 23:02:25.069 E/SpannableStringBuilder(14781): SPAN_EXCLUSIVE_EXCLUSIVE spans cannot have a zero length
06-05 23:02:25.069 E/SpannableStringBuilder(14781): SPAN_EXCLUSIVE_EXCLUSIVE spans cannot have a zero length
06-05 23:02:25.071 V/PhoneStatusBar( 1712): setLightsOn(true)
06-05 23:02:25.075 I/System.out(14781): result:{"bonusInformation":[],"message":"","success":true}
06-05 23:02:25.079 I/System.out(14781): URI: //map
06-05 23:02:25.079 I/System.out(14781): params: {json={"query":"android.widget.EditText index:1","operation":{"method_name":"query","arguments":[]}}
06-05 23:02:25.079 I/System.out(14781): }
06-05 23:02:25.113 I/art     (14781): Compiler allocated 7MB to compile sh.calaba.instrumentationbackend.actions.NanoHTTPD$Response sh.calaba.instrumentationbackend.actions.HttpServer.serve(java.lang.String, java.lang.String, java.util.Properties, java.util.Properties, java.util.Properties)
06-05 23:02:25.154 I/System.out(14781): URI: //gesture
06-05 23:02:25.154 I/System.out(14781): params: {json={"query_timeout":5.0,"gestures":[{"query_string":"android.widget.EditText index:1","touches":[{"x":50,"y":50,"offset_x":0,"offset_y":0,"wait":0.0,"time":0.2,"release":true,"query_string":null}]}]}
06-05 23:02:25.154 I/System.out(14781): }
