--------- beginning of main
06-06 03:15:58.481 D/EGL_emulation( 1711): eglMakeCurrent: 0xa7985720: ver 2 0 (tinfo 0xa7983770)
06-06 03:15:58.483 D/EGL_emulation( 2078): eglMakeCurrent: 0x9852d440: ver 2 0 (tinfo 0xa3d30310)
06-06 03:15:58.483 W/OpenGLRenderer( 2078): Incorrectly called buildLayer on View: ShortcutAndWidgetContainer, destroying layer...
06-06 03:15:58.497 D/EGL_emulation( 1711): eglMakeCurrent: 0xa7985720: ver 2 0 (tinfo 0xa7983770)
06-06 03:15:58.499 D/EGL_emulation( 1711): eglMakeCurrent: 0xa7985720: ver 2 0 (tinfo 0xa7983770)
06-06 03:15:58.513 D/EGL_emulation( 1711): eglMakeCurrent: 0xa7985720: ver 2 0 (tinfo 0xa7983770)
06-06 03:15:58.516 D/EGL_emulation( 1711): eglMakeCurrent: 0xa7985720: ver 2 0 (tinfo 0xa7983770)
06-06 03:15:58.530 D/EGL_emulation( 1711): eglMakeCurrent: 0xa7985720: ver 2 0 (tinfo 0xa7983770)
06-06 03:15:58.532 D/EGL_emulation( 1711): eglMakeCurrent: 0xa7985720: ver 2 0 (tinfo 0xa7983770)
06-06 03:15:58.547 D/EGL_emulation( 1711): eglMakeCurrent: 0xa7985720: ver 2 0 (tinfo 0xa7983770)
06-06 03:15:58.549 D/EGL_emulation( 1711): eglMakeCurrent: 0xa7985720: ver 2 0 (tinfo 0xa7983770)
06-06 03:15:58.563 D/EGL_emulation( 1711): eglMakeCurrent: 0xa7985720: ver 2 0 (tinfo 0xa7983770)
06-06 03:15:58.565 D/EGL_emulation( 1711): eglMakeCurrent: 0xa7985720: ver 2 0 (tinfo 0xa7983770)
06-06 03:15:58.580 D/EGL_emulation( 1711): eglMakeCurrent: 0xa7985720: ver 2 0 (tinfo 0xa7983770)
06-06 03:15:58.582 D/EGL_emulation( 1711): eglMakeCurrent: 0xa7985720: ver 2 0 (tinfo 0xa7983770)
06-06 03:15:58.597 D/EGL_emulation( 1711): eglMakeCurrent: 0xa7985720: ver 2 0 (tinfo 0xa7983770)
06-06 03:15:58.599 D/EGL_emulation( 1711): eglMakeCurrent: 0xa7985720: ver 2 0 (tinfo 0xa7983770)
06-06 03:15:58.614 D/EGL_emulation( 1711): eglMakeCurrent: 0xa7985720: ver 2 0 (tinfo 0xa7983770)
06-06 03:15:58.615 D/EGL_emulation( 1711): eglMakeCurrent: 0xa7985720: ver 2 0 (tinfo 0xa7983770)
06-06 03:15:58.626 D/AndroidRuntime( 3473): >>>>>> START com.android.internal.os.RuntimeInit uid 2000 <<<<<<
06-06 03:15:58.627 D/AndroidRuntime( 3473): CheckJNI is ON
06-06 03:15:58.630 D/EGL_emulation( 1711): eglMakeCurrent: 0xa7985720: ver 2 0 (tinfo 0xa7983770)
06-06 03:15:58.631 D/EGL_emulation( 1711): eglMakeCurrent: 0xa7985720: ver 2 0 (tinfo 0xa7983770)
06-06 03:15:58.637 W/art     ( 3473): Unexpected CPU variant for X86 using defaults: x86
06-06 03:15:58.639 D/ICU     ( 3473): No timezone override file found: /data/misc/zoneinfo/current/icu/icu_tzdata.dat
06-06 03:15:58.647 D/EGL_emulation( 1711): eglMakeCurrent: 0xa7985720: ver 2 0 (tinfo 0xa7983770)
06-06 03:15:58.647 E/memtrack( 3473): Couldn't load memtrack module (No such file or directory)
06-06 03:15:58.647 E/android.os.Debug( 3473): failed to load memtrack module: -2
06-06 03:15:58.647 I/Radio-JNI( 3473): register_android_hardware_Radio DONE
06-06 03:15:58.649 D/EGL_emulation( 1711): eglMakeCurrent: 0xa7985720: ver 2 0 (tinfo 0xa7983770)
06-06 03:15:58.652 D/AndroidRuntime( 3473): Calling main entry com.android.commands.am.Am
--------- beginning of system
06-06 03:15:58.653 I/ActivityManager( 1630): Force stopping com.evancharlton.mileage appid=10422 user=0: start instr
06-06 03:15:58.655 I/art     ( 3483): Not late-enabling -Xcheck:jni (already on)
06-06 03:15:58.656 W/art     ( 3483): Unexpected CPU variant for X86 using defaults: x86
06-06 03:15:58.664 I/ActivityManager( 1630): Start proc 3483:com.evancharlton.mileage/u0a422 for added application com.evancharlton.mileage
06-06 03:15:58.664 D/EGL_emulation( 1711): eglMakeCurrent: 0xa7985720: ver 2 0 (tinfo 0xa7983770)
06-06 03:15:58.664 D/AndroidRuntime( 3473): Shutting down VM
06-06 03:15:58.666 D/EGL_emulation( 1711): eglMakeCurrent: 0xa7985720: ver 2 0 (tinfo 0xa7983770)
06-06 03:15:58.669 W/System  ( 3483): ClassLoader referenced unknown path: /data/app/com.evancharlton.mileage.test-1/lib/x86
06-06 03:15:58.669 W/System  ( 3483): ClassLoader referenced unknown path: /data/app/com.evancharlton.mileage-1/lib/x86
06-06 03:15:58.671 W/System  ( 3483): ClassLoader referenced unknown path: 
06-06 03:15:58.675 I/System.out( 3483): Main activity name automatically set to: com.evancharlton.mileage.Mileage
06-06 03:15:58.675 I/System.out( 3483): Calabash did not load Mono. This is only a problem if you are trying to test a Mono application
06-06 03:15:58.676 I/calabash( 3483): Test server port: 7102
06-06 03:15:58.676 I/InstrumentationBackend( 3483): Added:'GetPreferences', with key:'get_preferences'
06-06 03:15:58.680 D/EGL_emulation( 1711): eglMakeCurrent: 0xa7985720: ver 2 0 (tinfo 0xa7983770)
06-06 03:15:58.680 I/InstrumentationBackend( 3483): Added:'SetPreferences', with key:'set_preferences'
06-06 03:15:58.680 I/InstrumentationBackend( 3483): Added:'ClearPreferences', with key:'clear_preferences'
06-06 03:15:58.680 I/InstrumentationBackend( 3483): Added:'PressElement', with key:'press_l10n_element'
06-06 03:15:58.680 I/InstrumentationBackend( 3483): Added:'WaitForElement', with key:'wait_for_l10n_element'
06-06 03:15:58.680 I/InstrumentationBackend( 3483): Added:'NullAction', with key:'nullAction'
06-06 03:15:58.681 I/InstrumentationBackend( 3483): Added:'PressKey', with key:'press_key'
06-06 03:15:58.681 I/InstrumentationBackend( 3483): Added:'SetActivityOrientation', with key:'set_activity_orientation'
06-06 03:15:58.681 I/InstrumentationBackend( 3483): Added:'GetActivityOrientation', with key:'get_activity_orientation'
06-06 03:15:58.681 I/InstrumentationBackend( 3483): Added:'FakeGPSLocation', with key:'set_gps_coordinates'
06-06 03:15:58.681 I/InstrumentationBackend( 3483): Added:'SetPropertyByCssSelector', with key:'set_property_by_css_selector'
06-06 03:15:58.681 I/InstrumentationBackend( 3483): Added:'GetUrl', with key:'get_url'
06-06 03:15:58.681 I/InstrumentationBackend( 3483): Added:'ScrollTo', with key:'scroll_to'
06-06 03:15:58.681 I/InstrumentationBackend( 3483): Added:'GetLoadProgress', with key:'get_load_progress'
06-06 03:15:58.681 I/InstrumentationBackend( 3483): Added:'DumpHtml', with key:'dump_html'
06-06 03:15:58.681 I/InstrumentationBackend( 3483): Added:'DumpBodyHtml', with key:'dump_body_html'
06-06 03:15:58.681 I/InstrumentationBackend( 3483): Added:'EnterTextByCssSelector', with key:'enter_text_by_selector'
06-06 03:15:58.682 I/InstrumentationBackend( 3483): Added:'AndroidSDKVersion', with key:'android_sdk_version'
06-06 03:15:58.682 I/InstrumentationBackend( 3483): Added:'Version', with key:'version'
06-06 03:15:58.682 I/InstrumentationBackend( 3483): Added:'Drag', with key:'drag'
06-06 03:15:58.682 I/InstrumentationBackend( 3483): Added:'TouchCoordinates', with key:'touch_coordinate'
06-06 03:15:58.682 I/InstrumentationBackend( 3483): Added:'LongPressCoordinate', with key:'long_press_coordinate'
06-06 03:15:58.682 I/InstrumentationBackend( 3483): Added:'DragCoordinates', with key:'drag_coordinates'
06-06 03:15:58.682 I/InstrumentationBackend( 3483): Added:'ResumeApplication', with key:'resume_application'
06-06 03:15:58.682 I/InstrumentationBackend( 3483): Added:'Swipe', with key:'swipe'
06-06 03:15:58.682 I/InstrumentationBackend( 3483): Added:'DoubleTapCoordinate', with key:'double_tap_coordinate'
06-06 03:15:58.682 I/InstrumentationBackend( 3483): Added:'ClickOnScreen', with key:'click_on_screen'
06-06 03:15:58.682 I/InstrumentationBackend( 3483): Added:'GetActivityName', with key:'get_activity_name'
06-06 03:15:58.682 I/InstrumentationBackend( 3483): Added:'ScrollToView', with key:'scroll_to_view'
06-06 03:15:58.682 I/InstrumentationBackend( 3483): Added:'ViewConfiguration', with key:'view_configuration'
06-06 03:15:58.683 I/InstrumentationBackend( 3483): Added:'IsCurrentActivityFocused', with key:'is_current_activity_focused'
06-06 03:15:58.683 I/InstrumentationBackend( 3483): Added:'SendTcp', with key:'send_tcp'
06-06 03:15:58.683 I/InstrumentationBackend( 3483): Added:'DpToDevicePixel', with key:'dp_to_device_pixel'
06-06 03:15:58.683 I/InstrumentationBackend( 3483): Added:'KeyboardEnterText', with key:'keyboard_enter_text'
06-06 03:15:58.683 I/InstrumentationBackend( 3483): Added:'DeleteSurroundingText', with key:'delete_surrounding_text'
06-06 03:15:58.683 I/InstrumentationBackend( 3483): Added:'SetComposingRegion', with key:'set_composing_region'
06-06 03:15:58.683 I/InstrumentationBackend( 3483): Added:'SetSelection', with key:'set_selection'
06-06 03:15:58.683 I/InstrumentationBackend( 3483): Added:'KeyboardKeyEvent', with key:'keyboard_key_event'
06-06 03:15:58.683 I/InstrumentationBackend( 3483): Added:'PressUserActionButton', with key:'press_user_action_button'
06-06 03:15:58.683 I/InstrumentationBackend( 3483): Added:'HideSoftKeyboard', with key:'hide_soft_keyboard'
06-06 03:15:58.683 I/InstrumentationBackend( 3483): Added:'ListActions', with key:'list_actions'
06-06 03:15:58.683 I/calabash( 3483): Instantiating http server at 7102
06-06 03:15:58.684 I/System.out( 3483): HTTP Daemon listening on: 7102
06-06 03:15:58.774 I/System.out( 3483): URI: //ping
06-06 03:15:58.774 I/System.out( 3483): params: {json={}
06-06 03:15:58.774 I/System.out( 3483): }
06-06 03:15:58.776 I/System.out( 3483): URI: //ping
06-06 03:15:58.777 I/System.out( 3483): params: {json={}
06-06 03:15:58.777 I/System.out( 3483): }
06-06 03:15:58.778 I/System.out( 3483): URI: //ready
06-06 03:15:58.778 I/System.out( 3483): params: {json={}
06-06 03:15:58.778 I/System.out( 3483): }
06-06 03:15:58.780 I/System.out( 3483): URI: //
06-06 03:15:58.780 I/System.out( 3483): params: {json={"command":"version","arguments":[]}
06-06 03:15:58.780 I/System.out( 3483): }
06-06 03:15:58.780 I/System.out( 3483): header: {content-type=application/json;charset=utf-8, date=Sat, 06 Jun 2020 08:15:59 GMT, accept=*/*, host=127.0.0.1:34777, content-length=36, user-agent=HTTPClient/1.0 (2.8.3, ruby 2.5.1 (2018-03-29))}
06-06 03:15:58.780 I/System.out( 3483): params: {json={"command":"version","arguments":[]}
06-06 03:15:58.780 I/System.out( 3483): }
06-06 03:15:58.780 I/System.out( 3483): ProP json = {"command":"version","arguments":[]}
06-06 03:15:58.780 I/System.out( 3483): files: {}
06-06 03:15:58.780 I/System.out( 3483): command: {"command":"version","arguments":[]}
06-06 03:15:58.784 I/InstrumentationBackend( 3483): Got command:'Command:'Line:null,version', arguments:'[]'
06-06 03:15:58.789 I/System.out( 3483): result:{"bonusInformation":[],"message":"0.9.8","success":true}
06-06 03:15:58.792 I/System.out( 3483): URI: //start-application
06-06 03:15:58.792 I/System.out( 3483): params: {json={"intent":null}
06-06 03:15:58.792 I/System.out( 3483): }
06-06 03:15:58.803 I/ActivityManager( 1630): START u0 {act=android.intent.action.MAIN cat=[android.intent.category.LAUNCHER] flg=0x10200000 cmp=com.evancharlton.mileage/.Mileage} from uid 10422 on display 0
06-06 03:15:58.807 I/calabash( 3483): newActivity1
06-06 03:15:58.816 I/calabash( 3483): newActivity1
06-06 03:15:58.817 W/ActivityManager( 1630): Bad activity token: android.os.BinderProxy@4c92c60
06-06 03:15:58.817 W/ActivityManager( 1630): java.lang.ClassCastException: android.os.BinderProxy cannot be cast to com.android.server.am.ActivityRecord$Token
06-06 03:15:58.817 W/ActivityManager( 1630): 	at com.android.server.am.ActivityRecord.forTokenLocked(ActivityRecord.java:586)
06-06 03:15:58.817 W/ActivityManager( 1630): 	at com.android.server.am.ActivityRecord.isInStackLocked(ActivityRecord.java:1327)
06-06 03:15:58.817 W/ActivityManager( 1630): 	at com.android.server.am.ActivityRecord.getStackLocked(ActivityRecord.java:1332)
06-06 03:15:58.817 W/ActivityManager( 1630): 	at com.android.server.am.ActivityManagerService.getActivityDisplayId(ActivityManagerService.java:9806)
06-06 03:15:58.817 W/ActivityManager( 1630): 	at android.app.ActivityManagerNative.onTransact(ActivityManagerNative.java:2566)
06-06 03:15:58.817 W/ActivityManager( 1630): 	at com.android.server.am.ActivityManagerService.onTransact(ActivityManagerService.java:2757)
06-06 03:15:58.817 W/ActivityManager( 1630): 	at android.os.Binder.execTransact(Binder.java:565)
06-06 03:15:58.818 W/ActivityManager( 1630): Bad activity token: android.os.BinderProxy@4c92c60
06-06 03:15:58.818 W/ActivityManager( 1630): java.lang.ClassCastException: android.os.BinderProxy cannot be cast to com.android.server.am.ActivityRecord$Token
06-06 03:15:58.818 W/ActivityManager( 1630): 	at com.android.server.am.ActivityRecord.forTokenLocked(ActivityRecord.java:586)
06-06 03:15:58.818 W/ActivityManager( 1630): 	at com.android.server.am.ActivityRecord.isInStackLocked(ActivityRecord.java:1327)
06-06 03:15:58.818 W/ActivityManager( 1630): 	at com.android.server.am.ActivityManagerService.setTaskDescription(ActivityManagerService.java:9358)
06-06 03:15:58.818 W/ActivityManager( 1630): 	at android.app.ActivityManagerNative.onTransact(ActivityManagerNative.java:2639)
06-06 03:15:58.818 W/ActivityManager( 1630): 	at com.android.server.am.ActivityManagerService.onTransact(ActivityManagerService.java:2757)
06-06 03:15:58.818 W/ActivityManager( 1630): 	at android.os.Binder.execTransact(Binder.java:565)
06-06 03:15:58.818 W/ActivityManager( 1630): Bad activity token: android.os.BinderProxy@4c92c60
06-06 03:15:58.818 W/ActivityManager( 1630): java.lang.ClassCastException: android.os.BinderProxy cannot be cast to com.android.server.am.ActivityRecord$Token
06-06 03:15:58.818 W/ActivityManager( 1630): 	at com.android.server.am.ActivityRecord.forTokenLocked(ActivityRecord.java:586)
06-06 03:15:58.818 W/ActivityManager( 1630): 	at com.android.server.am.ActivityRecord.isInStackLocked(ActivityRecord.java:1327)
06-06 03:15:58.818 W/ActivityManager( 1630): 	at com.android.server.am.ActivityRecord.getStackLocked(ActivityRecord.java:1332)
06-06 03:15:58.818 W/ActivityManager( 1630): 	at com.android.server.am.ActivityManagerService.getActivityStackId(ActivityManagerService.java:9817)
06-06 03:15:58.818 W/ActivityManager( 1630): 	at android.app.ActivityManagerNative.onTransact(ActivityManagerNative.java:2856)
06-06 03:15:58.818 W/ActivityManager( 1630): 	at com.android.server.am.ActivityManagerService.onTransact(ActivityManagerService.java:2757)
06-06 03:15:58.818 W/ActivityManager( 1630): 	at android.os.Binder.execTransact(Binder.java:565)
06-06 03:15:58.830 D/gralloc_ranchu( 1347): gralloc_alloc: Creating ashmem region of size 9023488
06-06 03:15:58.837 W/ActivityManager( 1630): Bad activity token: android.os.BinderProxy@4c92c60
06-06 03:15:58.837 W/ActivityManager( 1630): java.lang.ClassCastException: android.os.BinderProxy cannot be cast to com.android.server.am.ActivityRecord$Token
06-06 03:15:58.837 W/ActivityManager( 1630): 	at com.android.server.am.ActivityRecord.forTokenLocked(ActivityRecord.java:586)
06-06 03:15:58.837 W/ActivityManager( 1630): 	at com.android.server.am.ActivityRecord.isInStackLocked(ActivityRecord.java:1327)
06-06 03:15:58.837 W/ActivityManager( 1630): 	at com.android.server.am.ActivityManagerService.getActivityOptions(ActivityManagerService.java:12559)
06-06 03:15:58.837 W/ActivityManager( 1630): 	at android.app.ActivityManagerNative.onTransact(ActivityManagerNative.java:1933)
06-06 03:15:58.837 W/ActivityManager( 1630): 	at com.android.server.am.ActivityManagerService.onTransact(ActivityManagerService.java:2757)
06-06 03:15:58.837 W/ActivityManager( 1630): 	at android.os.Binder.execTransact(Binder.java:565)
06-06 03:15:58.837 W/ActivityManager( 1630): Bad activity token: android.os.BinderProxy@4c92c60
06-06 03:15:58.837 W/ActivityManager( 1630): java.lang.ClassCastException: android.os.BinderProxy cannot be cast to com.android.server.am.ActivityRecord$Token
06-06 03:15:58.837 W/ActivityManager( 1630): 	at com.android.server.am.ActivityRecord.forTokenLocked(ActivityRecord.java:586)
06-06 03:15:58.837 W/ActivityManager( 1630): 	at com.android.server.am.ActivityRecord.isInStackLocked(ActivityRecord.java:1327)
06-06 03:15:58.837 W/ActivityManager( 1630): 	at com.android.server.am.ActivityManagerService.getActivityOptions(ActivityManagerService.java:12559)
06-06 03:15:58.837 W/ActivityManager( 1630): 	at android.app.ActivityManagerNative.onTransact(ActivityManagerNative.java:1933)
06-06 03:15:58.837 W/ActivityManager( 1630): 	at com.android.server.am.ActivityManagerService.onTransact(ActivityManagerService.java:2757)
06-06 03:15:58.837 W/ActivityManager( 1630): 	at android.os.Binder.execTransact(Binder.java:565)
06-06 03:15:58.853 V/PhoneStatusBar( 1711): setLightsOn(true)
06-06 03:15:58.864 D/EGL_emulation( 1711): eglMakeCurrent: 0xa7985720: ver 2 0 (tinfo 0xa7983770)
06-06 03:15:58.865 V/PhoneStatusBar( 1711): setLightsOn(true)
06-06 03:15:58.866 V/PhoneStatusBar( 1711): setLightsOn(true)
06-06 03:15:58.867 D/gralloc_ranchu( 1347): gralloc_alloc: Creating ashmem region of size 9023488
06-06 03:15:58.868 V/PhoneStatusBar( 1711): setLightsOn(true)
06-06 03:15:58.871 D/        ( 3483): HostConnection::get() New Host Connection established 0x9a2b7480, tid 3483
06-06 03:15:58.900 D/EGL_emulation( 1711): eglMakeCurrent: 0xa7985720: ver 2 0 (tinfo 0xa7983770)
06-06 03:15:58.900 D/EGL_emulation( 2078): eglMakeCurrent: 0x9852d440: ver 2 0 (tinfo 0xa3d30310)
06-06 03:15:58.904 D/EGL_emulation( 1711): eglMakeCurrent: 0xa7985720: ver 2 0 (tinfo 0xa7983770)
06-06 03:15:58.906 D/EGL_emulation( 1711): eglMakeCurrent: 0xa7985720: ver 2 0 (tinfo 0xa7983770)
06-06 03:15:58.907 D/EGL_emulation( 1711): eglMakeCurrent: 0xa7985720: ver 2 0 (tinfo 0xa7983770)
06-06 03:15:58.907 V/PhoneStatusBar( 1711): setLightsOn(true)
06-06 03:15:58.914 D/EGL_emulation( 1711): eglMakeCurrent: 0xa7985720: ver 2 0 (tinfo 0xa7983770)
06-06 03:15:58.916 D/EGL_emulation( 1711): eglMakeCurrent: 0xa7985720: ver 2 0 (tinfo 0xa7983770)
06-06 03:15:58.916 I/ActivityManager( 1630): Displayed com.evancharlton.mileage/.Mileage: +111ms
06-06 03:15:58.930 D/gralloc_ranchu( 1347): gralloc_alloc: Creating ashmem region of size 9023488
06-06 03:15:58.930 D/EGL_emulation( 1711): eglMakeCurrent: 0xa7985720: ver 2 0 (tinfo 0xa7983770)
06-06 03:15:58.944 D/EGL_emulation( 1711): eglMakeCurrent: 0xa7985720: ver 2 0 (tinfo 0xa7983770)
06-06 03:15:58.947 D/EGL_emulation( 1711): eglMakeCurrent: 0xa7985720: ver 2 0 (tinfo 0xa7983770)
06-06 03:15:58.955 D/EGL_emulation( 1711): eglMakeCurrent: 0xa7985720: ver 2 0 (tinfo 0xa7983770)
06-06 03:15:58.956 V/PhoneStatusBar( 1711): setLightsOn(true)
06-06 03:15:58.968 D/EGL_emulation( 1711): eglMakeCurrent: 0xa7985720: ver 2 0 (tinfo 0xa7983770)
06-06 03:15:58.970 D/EGL_emulation( 1711): eglMakeCurrent: 0xa7985720: ver 2 0 (tinfo 0xa7983770)
06-06 03:15:58.975 I/System.out( 3483): URI: //map
06-06 03:15:58.975 I/System.out( 3483): params: {json={"query":"* marked:'Statistics'","operation":{"method_name":"query","arguments":[]}}
06-06 03:15:58.975 I/System.out( 3483): }
06-06 03:15:58.981 D/EGL_emulation( 1711): eglMakeCurrent: 0xa7985720: ver 2 0 (tinfo 0xa7983770)
06-06 03:15:58.984 D/EGL_emulation( 1711): eglMakeCurrent: 0xa7985720: ver 2 0 (tinfo 0xa7983770)
06-06 03:15:58.989 W/ResourceType( 3483): No package identifier when getting name for resource number 0x00000001
06-06 03:15:58.997 D/EGL_emulation( 1711): eglMakeCurrent: 0xa7985720: ver 2 0 (tinfo 0xa7983770)
06-06 03:15:58.999 D/EGL_emulation( 1711): eglMakeCurrent: 0xa7985720: ver 2 0 (tinfo 0xa7983770)
06-06 03:15:59.006 I/System.out( 3483): URI: //gesture
06-06 03:15:59.006 I/System.out( 3483): params: {json={"query_timeout":5.0,"gestures":[{"query_string":"* marked:'Statistics'","touches":[{"x":50,"y":50,"offset_x":0,"offset_y":0,"wait":0.0,"time":0.2,"release":true,"query_string":null}]}]}
06-06 03:15:59.006 I/System.out( 3483): }
06-06 03:15:59.011 W/ResourceType( 3483): No package identifier when getting name for resource number 0x00000001
06-06 03:15:59.014 D/EGL_emulation( 1711): eglMakeCurrent: 0xa7985720: ver 2 0 (tinfo 0xa7983770)
06-06 03:15:59.016 D/EGL_emulation( 1711): eglMakeCurrent: 0xa7985720: ver 2 0 (tinfo 0xa7983770)
06-06 03:15:59.037 D/EGL_emulation( 1711): eglMakeCurrent: 0xa7985720: ver 2 0 (tinfo 0xa7983770)
06-06 03:15:59.039 D/EGL_emulation( 1711): eglMakeCurrent: 0xa7985720: ver 2 0 (tinfo 0xa7983770)
06-06 03:15:59.050 D/EGL_emulation( 1711): eglMakeCurrent: 0xa7985720: ver 2 0 (tinfo 0xa7983770)
06-06 03:15:59.055 D/EGL_emulation( 1711): eglMakeCurrent: 0xa7985720: ver 2 0 (tinfo 0xa7983770)
06-06 03:15:59.064 D/EGL_emulation( 1711): eglMakeCurrent: 0xa7985720: ver 2 0 (tinfo 0xa7983770)
06-06 03:15:59.066 D/EGL_emulation( 1711): eglMakeCurrent: 0xa7985720: ver 2 0 (tinfo 0xa7983770)
06-06 03:15:59.080 D/EGL_emulation( 1711): eglMakeCurrent: 0xa7985720: ver 2 0 (tinfo 0xa7983770)
06-06 03:15:59.083 D/EGL_emulation( 1711): eglMakeCurrent: 0xa7985720: ver 2 0 (tinfo 0xa7983770)
06-06 03:15:59.097 D/EGL_emulation( 1711): eglMakeCurrent: 0xa7985720: ver 2 0 (tinfo 0xa7983770)
06-06 03:15:59.113 I/WindowManager( 1630): Destroying surface Surface(name=Starting com.evancharlton.mileage) called by com.android.server.wm.WindowStateAnimator.destroySurface:2016 com.android.server.wm.WindowStateAnimator.destroySurfaceLocked:882 com.android.server.wm.WindowState.destroyOrSaveSurface:2100 com.android.server.wm.AppWindowToken.destroySurfaces:363 com.android.server.wm.WindowStateAnimator.finishExit:565 com.android.server.wm.WindowStateAnimator.stepAnimationLocked:491 com.android.server.wm.WindowAnimator.updateWindowsLocked:303 com.android.server.wm.WindowAnimator.animateLocked:704 
06-06 03:15:59.114 V/PhoneStatusBar( 1711): setLightsOn(true)
06-06 03:15:59.115 V/PhoneStatusBar( 1711): setLightsOn(true)
06-06 03:15:59.248 I/calabash( 3483): newActivity1
06-06 03:15:59.259 I/System.out( 3483): URI: //map
06-06 03:15:59.259 I/System.out( 3483): params: {json={"query":"android.widget.ScrollView index:0","operation":{"method_name":"query","arguments":[]}}
06-06 03:15:59.259 I/System.out( 3483): }
06-06 03:15:59.263 W/ActivityManager( 1630): Bad activity token: android.os.BinderProxy@e359d9a
06-06 03:15:59.263 W/ActivityManager( 1630): java.lang.ClassCastException: android.os.BinderProxy cannot be cast to com.android.server.am.ActivityRecord$Token
06-06 03:15:59.263 W/ActivityManager( 1630): 	at com.android.server.am.ActivityRecord.forTokenLocked(ActivityRecord.java:586)
06-06 03:15:59.263 W/ActivityManager( 1630): 	at com.android.server.am.ActivityRecord.isInStackLocked(ActivityRecord.java:1327)
06-06 03:15:59.263 W/ActivityManager( 1630): 	at com.android.server.am.ActivityRecord.getStackLocked(ActivityRecord.java:1332)
06-06 03:15:59.263 W/ActivityManager( 1630): 	at com.android.server.am.ActivityManagerService.getActivityDisplayId(ActivityManagerService.java:9806)
06-06 03:15:59.263 W/ActivityManager( 1630): 	at android.app.ActivityManagerNative.onTransact(ActivityManagerNative.java:2566)
06-06 03:15:59.263 W/ActivityManager( 1630): 	at com.android.server.am.ActivityManagerService.onTransact(ActivityManagerService.java:2757)
06-06 03:15:59.263 W/ActivityManager( 1630): 	at android.os.Binder.execTransact(Binder.java:565)
06-06 03:15:59.265 W/ActivityManager( 1630): Bad activity token: android.os.BinderProxy@e359d9a
06-06 03:15:59.265 W/ActivityManager( 1630): java.lang.ClassCastException: android.os.BinderProxy cannot be cast to com.android.server.am.ActivityRecord$Token
06-06 03:15:59.265 W/ActivityManager( 1630): 	at com.android.server.am.ActivityRecord.forTokenLocked(ActivityRecord.java:586)
06-06 03:15:59.265 W/ActivityManager( 1630): 	at com.android.server.am.ActivityRecord.isInStackLocked(ActivityRecord.java:1327)
06-06 03:15:59.265 W/ActivityManager( 1630): 	at com.android.server.am.ActivityManagerService.setTaskDescription(ActivityManagerService.java:9358)
06-06 03:15:59.265 W/ActivityManager( 1630): 	at android.app.ActivityManagerNative.onTransact(ActivityManagerNative.java:2639)
06-06 03:15:59.265 W/ActivityManager( 1630): 	at com.android.server.am.ActivityManagerService.onTransact(ActivityManagerService.java:2757)
06-06 03:15:59.265 W/ActivityManager( 1630): 	at android.os.Binder.execTransact(Binder.java:565)
06-06 03:15:59.265 W/ActivityManager( 1630): Bad activity token: android.os.BinderProxy@e359d9a
06-06 03:15:59.265 W/ActivityManager( 1630): java.lang.ClassCastException: android.os.BinderProxy cannot be cast to com.android.server.am.ActivityRecord$Token
06-06 03:15:59.265 W/ActivityManager( 1630): 	at com.android.server.am.ActivityRecord.forTokenLocked(ActivityRecord.java:586)
06-06 03:15:59.265 W/ActivityManager( 1630): 	at com.android.server.am.ActivityRecord.isInStackLocked(ActivityRecord.java:1327)
06-06 03:15:59.265 W/ActivityManager( 1630): 	at com.android.server.am.ActivityRecord.getStackLocked(ActivityRecord.java:1332)
06-06 03:15:59.265 W/ActivityManager( 1630): 	at com.android.server.am.ActivityManagerService.getActivityStackId(ActivityManagerService.java:9817)
06-06 03:15:59.265 W/ActivityManager( 1630): 	at android.app.ActivityManagerNative.onTransact(ActivityManagerNative.java:2856)
06-06 03:15:59.265 W/ActivityManager( 1630): 	at com.android.server.am.ActivityManagerService.onTransact(ActivityManagerService.java:2757)
06-06 03:15:59.265 W/ActivityManager( 1630): 	at android.os.Binder.execTransact(Binder.java:565)
06-06 03:15:59.272 D/VehicleStatisticsActivity( 3483): Checking recalculation ...
06-06 03:15:59.273 D/VehicleStatisticsActivity( 3483): Recalculating statistics
06-06 03:15:59.273 D/VehicleStatisticsTask( 3483): Calculation starting...
06-06 03:15:59.273 D/VehicleStatisticsActivity( 3483): Recalculation started!
06-06 03:15:59.273 W/ResourceType( 3483): No package identifier when getting value for resource number 0x00000000
06-06 03:15:59.274 D/AndroidRuntime( 3483): Shutting down VM
--------- beginning of crash
06-06 03:15:59.274 E/AndroidRuntime( 3483): FATAL EXCEPTION: main
06-06 03:15:59.274 E/AndroidRuntime( 3483): Process: com.evancharlton.mileage, PID: 3483
06-06 03:15:59.274 E/AndroidRuntime( 3483): java.lang.RuntimeException: Unable to start activity ComponentInfo{com.evancharlton.mileage/com.evancharlton.mileage.VehicleStatisticsActivity}: android.content.res.Resources$NotFoundException: String resource ID #0x0
06-06 03:15:59.274 E/AndroidRuntime( 3483): 	at android.app.ActivityThread.performLaunchActivity(ActivityThread.java:2646)
06-06 03:15:59.274 E/AndroidRuntime( 3483): 	at android.app.ActivityThread.startActivityNow(ActivityThread.java:2446)
06-06 03:15:59.274 E/AndroidRuntime( 3483): 	at android.app.LocalActivityManager.moveToState(LocalActivityManager.java:136)
06-06 03:15:59.274 E/AndroidRuntime( 3483): 	at android.app.LocalActivityManager.startActivity(LocalActivityManager.java:348)
06-06 03:15:59.274 E/AndroidRuntime( 3483): 	at android.widget.TabHost$IntentContentStrategy.getContentView(TabHost.java:724)
06-06 03:15:59.274 E/AndroidRuntime( 3483): 	at android.widget.TabHost.setCurrentTab(TabHost.java:388)
06-06 03:15:59.274 E/AndroidRuntime( 3483): 	at android.widget.TabHost$2.onTabSelectionChanged(TabHost.java:158)
06-06 03:15:59.274 E/AndroidRuntime( 3483): 	at android.widget.TabWidget$TabClickListener.onClick(TabWidget.java:532)
06-06 03:15:59.274 E/AndroidRuntime( 3483): 	at android.view.View.performClick(View.java:5610)
06-06 03:15:59.274 E/AndroidRuntime( 3483): 	at android.view.View$PerformClick.run(View.java:22265)
06-06 03:15:59.274 E/AndroidRuntime( 3483): 	at android.os.Handler.handleCallback(Handler.java:751)
06-06 03:15:59.274 E/AndroidRuntime( 3483): 	at android.os.Handler.dispatchMessage(Handler.java:95)
06-06 03:15:59.274 E/AndroidRuntime( 3483): 	at android.os.Looper.loop(Looper.java:154)
06-06 03:15:59.274 E/AndroidRuntime( 3483): 	at android.app.ActivityThread.main(ActivityThread.java:6077)
06-06 03:15:59.274 E/AndroidRuntime( 3483): 	at java.lang.reflect.Method.invoke(Native Method)
06-06 03:15:59.274 E/AndroidRuntime( 3483): 	at com.android.internal.os.ZygoteInit$MethodAndArgsCaller.run(ZygoteInit.java:866)
06-06 03:15:59.274 E/AndroidRuntime( 3483): 	at com.android.internal.os.ZygoteInit.main(ZygoteInit.java:756)
06-06 03:15:59.274 E/AndroidRuntime( 3483): Caused by: android.content.res.Resources$NotFoundException: String resource ID #0x0
06-06 03:15:59.274 E/AndroidRuntime( 3483): 	at android.content.res.Resources.getText(Resources.java:331)
06-06 03:15:59.274 E/AndroidRuntime( 3483): 	at android.content.res.Resources.getString(Resources.java:377)
06-06 03:15:59.274 E/AndroidRuntime( 3483): 	at android.content.Context.getString(Context.java:476)
06-06 03:15:59.274 E/AndroidRuntime( 3483): 	at com.evancharlton.mileage.adapters.VehicleStatisticsAdapter$StatisticHolder.<init>(VehicleStatisticsAdapter.java:209)
06-06 03:15:59.274 E/AndroidRuntime( 3483): 	at com.evancharlton.mileage.adapters.VehicleStatisticsAdapter.<init>(VehicleStatisticsAdapter.java:48)
06-06 03:15:59.274 E/AndroidRuntime( 3483): 	at com.evancharlton.mileage.VehicleStatisticsActivity.setAdapter(VehicleStatisticsActivity.java:197)
06-06 03:15:59.274 E/AndroidRuntime( 3483): 	at com.evancharlton.mileage.VehicleStatisticsActivity.recalculate(VehicleStatisticsActivity.java:175)
06-06 03:15:59.274 E/AndroidRuntime( 3483): 	at com.evancharlton.mileage.VehicleStatisticsActivity.onCreate(VehicleStatisticsActivity.java:131)
06-06 03:15:59.274 E/AndroidRuntime( 3483): 	at android.app.Activity.performCreate(Activity.java:6662)
06-06 03:15:59.274 E/AndroidRuntime( 3483): 	at android.app.Instrumentation.callActivityOnCreate(Instrumentation.java:1118)
06-06 03:15:59.274 E/AndroidRuntime( 3483): 	at android.app.ActivityThread.performLaunchActivity(ActivityThread.java:2599)
06-06 03:15:59.274 E/AndroidRuntime( 3483): 	... 16 more
06-06 03:15:59.275 I/Process ( 3483): Sending signal. PID: 3483 SIG: 9
06-06 03:15:59.314 V/PhoneStatusBar( 1711): setLightsOn(true)
06-06 03:15:59.350 I/WindowManager( 1630): WIN DEATH: Window{ceb8e51 u0 com.evancharlton.mileage/com.evancharlton.mileage.Mileage}
06-06 03:15:59.350 I/WindowManager( 1630): Destroying surface Surface(name=com.evancharlton.mileage/com.evancharlton.mileage.Mileage) called by com.android.server.wm.WindowStateAnimator.destroySurface:2016 com.android.server.wm.WindowStateAnimator.destroySurfaceLocked:882 com.android.server.wm.WindowState.removeLocked:1456 com.android.server.wm.WindowManagerService.removeWindowInnerLocked:2484 com.android.server.wm.WindowManagerService.removeWindowLocked:2442 com.android.server.wm.WindowState$DeathRecipient.binderDied:1787 android.os.BinderProxy.sendDeathNotice:688 <bottom of call stack> 
06-06 03:15:59.351 I/ActivityManager( 1630): Process com.evancharlton.mileage (pid 3483) has died
06-06 03:15:59.351 D/ActivityManager( 1630): cleanUpApplicationRecord -- 3483
06-06 03:15:59.351 W/ActivityManager( 1630): Scheduling restart of crashed service com.evancharlton.mileage/.services.AutomaticBackupService in 1000ms
06-06 03:15:59.351 W/ActivityManager( 1630): Force removing ActivityRecord{a532ae1 u0 com.evancharlton.mileage/.Mileage t12685}: app died, no saved state
06-06 03:15:59.353 W/ActivityManager( 1630): Crash of app com.evancharlton.mileage running instrumentation ComponentInfo{com.evancharlton.mileage.test/sh.calaba.instrumentationbackend.CalabashInstrumentationTestRunner}
06-06 03:15:59.353 I/ActivityManager( 1630): Force stopping com.evancharlton.mileage appid=10422 user=0: finished inst
06-06 03:15:59.353 I/ActivityManager( 1630):   Force stopping service ServiceRecord{ebff966 u0 com.evancharlton.mileage/.services.AutomaticBackupService}
06-06 03:15:59.356 V/PhoneStatusBar( 1711): setLightsOn(true)
