--------- beginning of main
06-06 00:59:08.583 V/PhoneStatusBar( 1712): setLightsOn(true)
06-06 00:59:08.616 V/PhoneStatusBar( 1712): setLightsOn(true)
06-06 00:59:08.633 D/gralloc_ranchu( 1347): gralloc_alloc: Creating ashmem region of size 3145728
06-06 00:59:08.638 E/EGL_emulation( 1347): tid 1347: eglCreateSyncKHR(1901): error 0x3004 (EGL_BAD_ATTRIBUTE)
--------- beginning of system
06-06 00:59:08.648 W/ActivityManager( 1631): Finishing task with all activities already finished
06-06 00:59:08.648 W/ActivityManager( 1631): Duplicate finish request for ActivityRecord{55c1d0d u0 com.evancharlton.mileage/.Mileage t10837 f}
06-06 00:59:08.648 W/ActivityManager( 1631): Finishing task with all activities already finished
06-06 00:59:08.648 W/ActivityManager( 1631): Duplicate finish request for ActivityRecord{55c1d0d u0 com.evancharlton.mileage/.Mileage t10837 f}
06-06 00:59:08.648 W/ActivityManager( 1631): Finishing task with all activities already finished
06-06 00:59:08.648 W/ActivityManager( 1631): Duplicate finish request for ActivityRecord{55c1d0d u0 com.evancharlton.mileage/.Mileage t10837 f}
06-06 00:59:08.648 W/ActivityManager( 1631): Finishing task with all activities already finished
06-06 00:59:08.648 W/ActivityManager( 1631): Duplicate finish request for ActivityRecord{55c1d0d u0 com.evancharlton.mileage/.Mileage t10837 f}
06-06 00:59:08.648 W/ActivityManager( 1631): Finishing task with all activities already finished
06-06 00:59:08.648 W/ActivityManager( 1631): Duplicate finish request for ActivityRecord{55c1d0d u0 com.evancharlton.mileage/.Mileage t10837 f}
06-06 00:59:08.648 W/ActivityManager( 1631): Finishing task with all activities already finished
06-06 00:59:08.648 W/ActivityManager( 1631): Duplicate finish request for ActivityRecord{bcf36b3 u0 com.evancharlton.mileage/.charts.AverageCostChart t10837 f}
06-06 00:59:08.648 W/ActivityManager( 1631): Finishing task with all activities already finished
06-06 00:59:08.648 W/ActivityManager( 1631): Duplicate finish request for ActivityRecord{bcf36b3 u0 com.evancharlton.mileage/.charts.AverageCostChart t10837 f}
06-06 00:59:08.648 W/ActivityManager( 1631): Finishing task with all activities already finished
06-06 00:59:08.648 W/ActivityManager( 1631): Duplicate finish request for ActivityRecord{55c1d0d u0 com.evancharlton.mileage/.Mileage t10837 f}
06-06 00:59:08.648 W/ActivityManager( 1631): Finishing task with all activities already finished
06-06 00:59:08.648 W/ActivityManager( 1631): Duplicate finish request for ActivityRecord{55c1d0d u0 com.evancharlton.mileage/.Mileage t10837 f}
06-06 00:59:08.685 D/EGL_emulation( 2076): eglMakeCurrent: 0xb0685360: ver 2 0 (tinfo 0xb06836b0)
06-06 00:59:08.686 D/EGL_emulation( 1712): eglMakeCurrent: 0xb0685360: ver 2 0 (tinfo 0xb06836c0)
06-06 00:59:08.700 D/EGL_emulation( 1712): eglMakeCurrent: 0xb0685360: ver 2 0 (tinfo 0xb06836c0)
06-06 00:59:08.718 D/EGL_emulation( 1712): eglMakeCurrent: 0xb0685360: ver 2 0 (tinfo 0xb06836c0)
06-06 00:59:08.733 D/EGL_emulation( 1712): eglMakeCurrent: 0xb0685360: ver 2 0 (tinfo 0xb06836c0)
06-06 00:59:08.736 D/EGL_emulation( 1712): eglMakeCurrent: 0xb0685360: ver 2 0 (tinfo 0xb06836c0)
06-06 00:59:08.750 D/EGL_emulation( 1712): eglMakeCurrent: 0xb0685360: ver 2 0 (tinfo 0xb06836c0)
06-06 00:59:08.752 D/EGL_emulation( 1712): eglMakeCurrent: 0xb0685360: ver 2 0 (tinfo 0xb06836c0)
06-06 00:59:08.755 D/AndroidRuntime(22873): >>>>>> START com.android.internal.os.RuntimeInit uid 2000 <<<<<<
06-06 00:59:08.755 D/AndroidRuntime(22873): CheckJNI is ON
06-06 00:59:08.766 W/art     (22873): Unexpected CPU variant for X86 using defaults: x86
06-06 00:59:08.767 D/EGL_emulation( 1712): eglMakeCurrent: 0xb0685360: ver 2 0 (tinfo 0xb06836c0)
06-06 00:59:08.768 D/EGL_emulation( 1712): eglMakeCurrent: 0xb0685360: ver 2 0 (tinfo 0xb06836c0)
06-06 00:59:08.769 D/ICU     (22873): No timezone override file found: /data/misc/zoneinfo/current/icu/icu_tzdata.dat
06-06 00:59:08.776 E/memtrack(22873): Couldn't load memtrack module (No such file or directory)
06-06 00:59:08.776 E/android.os.Debug(22873): failed to load memtrack module: -2
06-06 00:59:08.776 I/Radio-JNI(22873): register_android_hardware_Radio DONE
06-06 00:59:08.780 D/AndroidRuntime(22873): Calling main entry com.android.commands.am.Am
06-06 00:59:08.782 I/ActivityManager( 1631): Force stopping com.evancharlton.mileage appid=10374 user=0: start instr
06-06 00:59:08.782 I/ActivityManager( 1631): Killing 22828:com.evancharlton.mileage/u0a374 (adj 0): stop com.evancharlton.mileage
06-06 00:59:08.782 D/ActivityManager( 1631): cleanUpApplicationRecord -- 22828
06-06 00:59:08.782 W/ActivityManager( 1631): Crash of app com.evancharlton.mileage running instrumentation ComponentInfo{com.evancharlton.mileage.test/sh.calaba.instrumentationbackend.CalabashInstrumentationTestRunner}
06-06 00:59:08.782 I/ActivityManager( 1631): Force stopping com.evancharlton.mileage appid=10374 user=0: finished inst
06-06 00:59:08.784 D/EGL_emulation( 1712): eglMakeCurrent: 0xb0685360: ver 2 0 (tinfo 0xb06836c0)
06-06 00:59:08.786 I/art     (22883): Not late-enabling -Xcheck:jni (already on)
06-06 00:59:08.786 W/art     (22883): Unexpected CPU variant for X86 using defaults: x86
06-06 00:59:08.788 D/EGL_emulation( 1712): eglMakeCurrent: 0xb0685360: ver 2 0 (tinfo 0xb06836c0)
06-06 00:59:08.793 I/ActivityManager( 1631): Start proc 22883:com.evancharlton.mileage/u0a374 for added application com.evancharlton.mileage
06-06 00:59:08.793 D/AndroidRuntime(22873): Shutting down VM
06-06 00:59:08.800 D/EGL_emulation( 1712): eglMakeCurrent: 0xb0685360: ver 2 0 (tinfo 0xb06836c0)
06-06 00:59:08.800 W/System  (22883): ClassLoader referenced unknown path: /data/app/com.evancharlton.mileage.test-1/lib/x86
06-06 00:59:08.800 W/System  (22883): ClassLoader referenced unknown path: /data/app/com.evancharlton.mileage-1/lib/x86
06-06 00:59:08.802 D/EGL_emulation( 1712): eglMakeCurrent: 0xb0685360: ver 2 0 (tinfo 0xb06836c0)
06-06 00:59:08.802 W/System  (22883): ClassLoader referenced unknown path: 
06-06 00:59:08.806 I/System.out(22883): Main activity name automatically set to: com.evancharlton.mileage.Mileage
06-06 00:59:08.806 I/System.out(22883): Calabash did not load Mono. This is only a problem if you are trying to test a Mono application
06-06 00:59:08.806 I/calabash(22883): Test server port: 7102
06-06 00:59:08.807 I/InstrumentationBackend(22883): Added:'GetPreferences', with key:'get_preferences'
06-06 00:59:08.813 I/InstrumentationBackend(22883): Added:'SetPreferences', with key:'set_preferences'
06-06 00:59:08.813 I/InstrumentationBackend(22883): Added:'ClearPreferences', with key:'clear_preferences'
06-06 00:59:08.813 I/InstrumentationBackend(22883): Added:'PressElement', with key:'press_l10n_element'
06-06 00:59:08.813 I/InstrumentationBackend(22883): Added:'WaitForElement', with key:'wait_for_l10n_element'
06-06 00:59:08.814 I/InstrumentationBackend(22883): Added:'NullAction', with key:'nullAction'
06-06 00:59:08.814 I/InstrumentationBackend(22883): Added:'PressKey', with key:'press_key'
06-06 00:59:08.814 I/InstrumentationBackend(22883): Added:'SetActivityOrientation', with key:'set_activity_orientation'
06-06 00:59:08.814 I/InstrumentationBackend(22883): Added:'GetActivityOrientation', with key:'get_activity_orientation'
06-06 00:59:08.814 I/InstrumentationBackend(22883): Added:'FakeGPSLocation', with key:'set_gps_coordinates'
06-06 00:59:08.814 I/InstrumentationBackend(22883): Added:'SetPropertyByCssSelector', with key:'set_property_by_css_selector'
06-06 00:59:08.814 I/InstrumentationBackend(22883): Added:'GetUrl', with key:'get_url'
06-06 00:59:08.815 I/InstrumentationBackend(22883): Added:'ScrollTo', with key:'scroll_to'
06-06 00:59:08.815 I/InstrumentationBackend(22883): Added:'GetLoadProgress', with key:'get_load_progress'
06-06 00:59:08.815 I/InstrumentationBackend(22883): Added:'DumpHtml', with key:'dump_html'
06-06 00:59:08.815 I/InstrumentationBackend(22883): Added:'DumpBodyHtml', with key:'dump_body_html'
06-06 00:59:08.815 I/InstrumentationBackend(22883): Added:'EnterTextByCssSelector', with key:'enter_text_by_selector'
06-06 00:59:08.816 I/InstrumentationBackend(22883): Added:'AndroidSDKVersion', with key:'android_sdk_version'
06-06 00:59:08.816 I/InstrumentationBackend(22883): Added:'Version', with key:'version'
06-06 00:59:08.816 I/InstrumentationBackend(22883): Added:'Drag', with key:'drag'
06-06 00:59:08.816 I/InstrumentationBackend(22883): Added:'TouchCoordinates', with key:'touch_coordinate'
06-06 00:59:08.816 I/InstrumentationBackend(22883): Added:'LongPressCoordinate', with key:'long_press_coordinate'
06-06 00:59:08.816 I/InstrumentationBackend(22883): Added:'DragCoordinates', with key:'drag_coordinates'
06-06 00:59:08.816 I/InstrumentationBackend(22883): Added:'ResumeApplication', with key:'resume_application'
06-06 00:59:08.816 I/InstrumentationBackend(22883): Added:'Swipe', with key:'swipe'
06-06 00:59:08.816 I/InstrumentationBackend(22883): Added:'DoubleTapCoordinate', with key:'double_tap_coordinate'
06-06 00:59:08.816 I/InstrumentationBackend(22883): Added:'ClickOnScreen', with key:'click_on_screen'
06-06 00:59:08.816 I/InstrumentationBackend(22883): Added:'GetActivityName', with key:'get_activity_name'
06-06 00:59:08.817 I/InstrumentationBackend(22883): Added:'ScrollToView', with key:'scroll_to_view'
06-06 00:59:08.817 D/EGL_emulation( 1712): eglMakeCurrent: 0xb0685360: ver 2 0 (tinfo 0xb06836c0)
06-06 00:59:08.817 I/InstrumentationBackend(22883): Added:'ViewConfiguration', with key:'view_configuration'
06-06 00:59:08.817 I/InstrumentationBackend(22883): Added:'IsCurrentActivityFocused', with key:'is_current_activity_focused'
06-06 00:59:08.817 I/InstrumentationBackend(22883): Added:'SendTcp', with key:'send_tcp'
06-06 00:59:08.817 I/InstrumentationBackend(22883): Added:'DpToDevicePixel', with key:'dp_to_device_pixel'
06-06 00:59:08.817 I/InstrumentationBackend(22883): Added:'KeyboardEnterText', with key:'keyboard_enter_text'
06-06 00:59:08.818 I/InstrumentationBackend(22883): Added:'DeleteSurroundingText', with key:'delete_surrounding_text'
06-06 00:59:08.818 I/InstrumentationBackend(22883): Added:'SetComposingRegion', with key:'set_composing_region'
06-06 00:59:08.818 I/InstrumentationBackend(22883): Added:'SetSelection', with key:'set_selection'
06-06 00:59:08.818 I/InstrumentationBackend(22883): Added:'KeyboardKeyEvent', with key:'keyboard_key_event'
06-06 00:59:08.818 I/InstrumentationBackend(22883): Added:'PressUserActionButton', with key:'press_user_action_button'
06-06 00:59:08.818 I/InstrumentationBackend(22883): Added:'HideSoftKeyboard', with key:'hide_soft_keyboard'
06-06 00:59:08.818 I/InstrumentationBackend(22883): Added:'ListActions', with key:'list_actions'
06-06 00:59:08.818 I/calabash(22883): Instantiating http server at 7102
06-06 00:59:08.819 D/EGL_emulation( 1712): eglMakeCurrent: 0xb0685360: ver 2 0 (tinfo 0xb06836c0)
06-06 00:59:08.819 I/System.out(22883): HTTP Daemon listening on: 7102
06-06 00:59:08.833 D/EGL_emulation( 1712): eglMakeCurrent: 0xb0685360: ver 2 0 (tinfo 0xb06836c0)
06-06 00:59:08.835 D/EGL_emulation( 1712): eglMakeCurrent: 0xb0685360: ver 2 0 (tinfo 0xb06836c0)
06-06 00:59:08.844 I/WindowManager( 1631): WIN DEATH: Window{158db6c u0 com.evancharlton.mileage/com.evancharlton.mileage.Mileage EXITING}
06-06 00:59:08.844 W/InputDispatcher( 1631): channel '51625a5 com.evancharlton.mileage/com.evancharlton.mileage.charts.AverageCostChart (server)' ~ Consumer closed input channel or an error occurred.  events=0x9
06-06 00:59:08.844 E/InputDispatcher( 1631): channel '51625a5 com.evancharlton.mileage/com.evancharlton.mileage.charts.AverageCostChart (server)' ~ Channel is unrecoverably broken and will be disposed!
06-06 00:59:08.845 I/WindowManager( 1631): WIN DEATH: Window{51625a5 u0 com.evancharlton.mileage/com.evancharlton.mileage.charts.AverageCostChart}
06-06 00:59:08.845 W/InputDispatcher( 1631): Attempted to unregister already unregistered input channel '51625a5 com.evancharlton.mileage/com.evancharlton.mileage.charts.AverageCostChart (server)'
06-06 00:59:08.845 I/WindowManager( 1631): Destroying surface Surface(name=com.evancharlton.mileage/com.evancharlton.mileage.charts.AverageCostChart) called by com.android.server.wm.WindowStateAnimator.destroySurface:2016 com.android.server.wm.WindowStateAnimator.destroySurfaceLocked:882 com.android.server.wm.WindowState.removeLocked:1456 com.android.server.wm.WindowManagerService.removeWindowInnerLocked:2484 com.android.server.wm.WindowManagerService.removeWindowLocked:2442 com.android.server.wm.WindowState$DeathRecipient.binderDied:1787 android.os.BinderProxy.sendDeathNotice:688 <bottom of call stack> 
06-06 00:59:08.854 D/EGL_emulation( 1712): eglMakeCurrent: 0xb0685360: ver 2 0 (tinfo 0xb06836c0)
06-06 00:59:08.857 D/EGL_emulation( 1712): eglMakeCurrent: 0xb0685360: ver 2 0 (tinfo 0xb06836c0)
06-06 00:59:08.866 D/EGL_emulation( 1712): eglMakeCurrent: 0xb0685360: ver 2 0 (tinfo 0xb06836c0)
06-06 00:59:08.868 D/EGL_emulation( 1712): eglMakeCurrent: 0xb0685360: ver 2 0 (tinfo 0xb06836c0)
06-06 00:59:08.884 D/EGL_emulation( 1712): eglMakeCurrent: 0xb0685360: ver 2 0 (tinfo 0xb06836c0)
06-06 00:59:08.900 D/EGL_emulation( 1712): eglMakeCurrent: 0xb0685360: ver 2 0 (tinfo 0xb06836c0)
06-06 00:59:08.902 D/EGL_emulation( 1712): eglMakeCurrent: 0xb0685360: ver 2 0 (tinfo 0xb06836c0)
06-06 00:59:08.905 I/System.out(22883): URI: //ping
06-06 00:59:08.905 I/System.out(22883): params: {json={}
06-06 00:59:08.905 I/System.out(22883): }
06-06 00:59:08.908 I/System.out(22883): URI: //ping
06-06 00:59:08.908 I/System.out(22883): params: {json={}
06-06 00:59:08.908 I/System.out(22883): }
06-06 00:59:08.911 I/System.out(22883): URI: //ready
06-06 00:59:08.911 I/System.out(22883): params: {json={}
06-06 00:59:08.911 I/System.out(22883): }
06-06 00:59:08.914 I/System.out(22883): URI: //
06-06 00:59:08.914 I/System.out(22883): params: {json={"command":"version","arguments":[]}
06-06 00:59:08.914 I/System.out(22883): }
06-06 00:59:08.914 I/System.out(22883): header: {content-type=application/json;charset=utf-8, date=Sat, 06 Jun 2020 05:59:09 GMT, accept=*/*, host=127.0.0.1:34777, content-length=36, user-agent=HTTPClient/1.0 (2.8.3, ruby 2.5.1 (2018-03-29))}
06-06 00:59:08.914 I/System.out(22883): params: {json={"command":"version","arguments":[]}
06-06 00:59:08.914 I/System.out(22883): }
06-06 00:59:08.915 I/System.out(22883): ProP json = {"command":"version","arguments":[]}
06-06 00:59:08.915 I/System.out(22883): files: {}
06-06 00:59:08.915 I/System.out(22883): command: {"command":"version","arguments":[]}
06-06 00:59:08.917 D/EGL_emulation( 1712): eglMakeCurrent: 0xb0685360: ver 2 0 (tinfo 0xb06836c0)
06-06 00:59:08.920 I/InstrumentationBackend(22883): Got command:'Command:'Line:null,version', arguments:'[]'
06-06 00:59:08.920 D/EGL_emulation( 1712): eglMakeCurrent: 0xb0685360: ver 2 0 (tinfo 0xb06836c0)
06-06 00:59:08.931 I/System.out(22883): result:{"bonusInformation":[],"message":"0.9.8","success":true}
06-06 00:59:08.936 I/System.out(22883): URI: //start-application
06-06 00:59:08.936 I/System.out(22883): params: {json={"intent":null}
06-06 00:59:08.936 I/System.out(22883): }
06-06 00:59:08.954 I/ActivityManager( 1631): START u0 {act=android.intent.action.MAIN cat=[android.intent.category.LAUNCHER] flg=0x10200000 cmp=com.evancharlton.mileage/.Mileage} from uid 10374 on display 0
06-06 00:59:08.963 I/calabash(22883): newActivity1
06-06 00:59:08.973 I/calabash(22883): newActivity1
06-06 00:59:08.974 W/ActivityManager( 1631): Bad activity token: android.os.BinderProxy@28773fc
06-06 00:59:08.974 W/ActivityManager( 1631): java.lang.ClassCastException: android.os.BinderProxy cannot be cast to com.android.server.am.ActivityRecord$Token
06-06 00:59:08.974 W/ActivityManager( 1631): 	at com.android.server.am.ActivityRecord.forTokenLocked(ActivityRecord.java:586)
06-06 00:59:08.974 W/ActivityManager( 1631): 	at com.android.server.am.ActivityRecord.isInStackLocked(ActivityRecord.java:1327)
06-06 00:59:08.974 W/ActivityManager( 1631): 	at com.android.server.am.ActivityRecord.getStackLocked(ActivityRecord.java:1332)
06-06 00:59:08.974 W/ActivityManager( 1631): 	at com.android.server.am.ActivityManagerService.getActivityDisplayId(ActivityManagerService.java:9806)
06-06 00:59:08.974 W/ActivityManager( 1631): 	at android.app.ActivityManagerNative.onTransact(ActivityManagerNative.java:2566)
06-06 00:59:08.974 W/ActivityManager( 1631): 	at com.android.server.am.ActivityManagerService.onTransact(ActivityManagerService.java:2757)
06-06 00:59:08.974 W/ActivityManager( 1631): 	at android.os.Binder.execTransact(Binder.java:565)
06-06 00:59:08.975 W/ActivityManager( 1631): Bad activity token: android.os.BinderProxy@28773fc
06-06 00:59:08.975 W/ActivityManager( 1631): java.lang.ClassCastException: android.os.BinderProxy cannot be cast to com.android.server.am.ActivityRecord$Token
06-06 00:59:08.975 W/ActivityManager( 1631): 	at com.android.server.am.ActivityRecord.forTokenLocked(ActivityRecord.java:586)
06-06 00:59:08.975 W/ActivityManager( 1631): 	at com.android.server.am.ActivityRecord.isInStackLocked(ActivityRecord.java:1327)
06-06 00:59:08.975 W/ActivityManager( 1631): 	at com.android.server.am.ActivityManagerService.setTaskDescription(ActivityManagerService.java:9358)
06-06 00:59:08.975 W/ActivityManager( 1631): 	at android.app.ActivityManagerNative.onTransact(ActivityManagerNative.java:2639)
06-06 00:59:08.975 W/ActivityManager( 1631): 	at com.android.server.am.ActivityManagerService.onTransact(ActivityManagerService.java:2757)
06-06 00:59:08.975 W/ActivityManager( 1631): 	at android.os.Binder.execTransact(Binder.java:565)
06-06 00:59:08.975 W/ActivityManager( 1631): Bad activity token: android.os.BinderProxy@28773fc
06-06 00:59:08.975 W/ActivityManager( 1631): java.lang.ClassCastException: android.os.BinderProxy cannot be cast to com.android.server.am.ActivityRecord$Token
06-06 00:59:08.975 W/ActivityManager( 1631): 	at com.android.server.am.ActivityRecord.forTokenLocked(ActivityRecord.java:586)
06-06 00:59:08.975 W/ActivityManager( 1631): 	at com.android.server.am.ActivityRecord.isInStackLocked(ActivityRecord.java:1327)
06-06 00:59:08.975 W/ActivityManager( 1631): 	at com.android.server.am.ActivityRecord.getStackLocked(ActivityRecord.java:1332)
06-06 00:59:08.975 W/ActivityManager( 1631): 	at com.android.server.am.ActivityManagerService.getActivityStackId(ActivityManagerService.java:9817)
06-06 00:59:08.975 W/ActivityManager( 1631): 	at android.app.ActivityManagerNative.onTransact(ActivityManagerNative.java:2856)
06-06 00:59:08.975 W/ActivityManager( 1631): 	at com.android.server.am.ActivityManagerService.onTransact(ActivityManagerService.java:2757)
06-06 00:59:08.975 W/ActivityManager( 1631): 	at android.os.Binder.execTransact(Binder.java:565)
06-06 00:59:08.983 D/gralloc_ranchu( 1347): gralloc_alloc: Creating ashmem region of size 9023488
06-06 00:59:08.990 W/ActivityManager( 1631): Bad activity token: android.os.BinderProxy@28773fc
06-06 00:59:08.990 W/ActivityManager( 1631): java.lang.ClassCastException: android.os.BinderProxy cannot be cast to com.android.server.am.ActivityRecord$Token
06-06 00:59:08.990 W/ActivityManager( 1631): 	at com.android.server.am.ActivityRecord.forTokenLocked(ActivityRecord.java:586)
06-06 00:59:08.990 W/ActivityManager( 1631): 	at com.android.server.am.ActivityRecord.isInStackLocked(ActivityRecord.java:1327)
06-06 00:59:08.990 W/ActivityManager( 1631): 	at com.android.server.am.ActivityManagerService.getActivityOptions(ActivityManagerService.java:12559)
06-06 00:59:08.990 W/ActivityManager( 1631): 	at android.app.ActivityManagerNative.onTransact(ActivityManagerNative.java:1933)
06-06 00:59:08.990 W/ActivityManager( 1631): 	at com.android.server.am.ActivityManagerService.onTransact(ActivityManagerService.java:2757)
06-06 00:59:08.990 W/ActivityManager( 1631): 	at android.os.Binder.execTransact(Binder.java:565)
06-06 00:59:08.990 W/ActivityManager( 1631): Bad activity token: android.os.BinderProxy@28773fc
06-06 00:59:08.990 W/ActivityManager( 1631): java.lang.ClassCastException: android.os.BinderProxy cannot be cast to com.android.server.am.ActivityRecord$Token
06-06 00:59:08.990 W/ActivityManager( 1631): 	at com.android.server.am.ActivityRecord.forTokenLocked(ActivityRecord.java:586)
06-06 00:59:08.990 W/ActivityManager( 1631): 	at com.android.server.am.ActivityRecord.isInStackLocked(ActivityRecord.java:1327)
06-06 00:59:08.990 W/ActivityManager( 1631): 	at com.android.server.am.ActivityManagerService.getActivityOptions(ActivityManagerService.java:12559)
06-06 00:59:08.990 W/ActivityManager( 1631): 	at android.app.ActivityManagerNative.onTransact(ActivityManagerNative.java:1933)
06-06 00:59:08.990 W/ActivityManager( 1631): 	at com.android.server.am.ActivityManagerService.onTransact(ActivityManagerService.java:2757)
06-06 00:59:08.990 W/ActivityManager( 1631): 	at android.os.Binder.execTransact(Binder.java:565)
06-06 00:59:09.008 V/PhoneStatusBar( 1712): setLightsOn(true)
06-06 00:59:09.017 D/EGL_emulation( 2076): eglMakeCurrent: 0xb0685360: ver 2 0 (tinfo 0xb06836b0)
06-06 00:59:09.018 D/EGL_emulation( 1712): eglMakeCurrent: 0xb0685360: ver 2 0 (tinfo 0xb06836c0)
06-06 00:59:09.033 D/gralloc_ranchu( 1347): gralloc_alloc: Creating ashmem region of size 9023488
06-06 00:59:09.033 D/EGL_emulation( 1712): eglMakeCurrent: 0xb0685360: ver 2 0 (tinfo 0xb06836c0)
06-06 00:59:09.037 D/        (22883): HostConnection::get() New Host Connection established 0x9421c000, tid 22883
06-06 00:59:09.038 D/EGL_emulation( 1712): eglMakeCurrent: 0xb0685360: ver 2 0 (tinfo 0xb06836c0)
06-06 00:59:09.038 V/PhoneStatusBar( 1712): setLightsOn(true)
06-06 00:59:09.077 D/EGL_emulation( 1712): eglMakeCurrent: 0xb0685360: ver 2 0 (tinfo 0xb06836c0)
06-06 00:59:09.081 D/EGL_emulation( 1712): eglMakeCurrent: 0xb0685360: ver 2 0 (tinfo 0xb06836c0)
06-06 00:59:09.083 D/EGL_emulation( 1712): eglMakeCurrent: 0xb0685360: ver 2 0 (tinfo 0xb06836c0)
06-06 00:59:09.085 D/EGL_emulation( 1712): eglMakeCurrent: 0xb0685360: ver 2 0 (tinfo 0xb06836c0)
06-06 00:59:09.088 D/EGL_emulation( 1712): eglMakeCurrent: 0xb0685360: ver 2 0 (tinfo 0xb06836c0)
06-06 00:59:09.100 D/EGL_emulation( 1712): eglMakeCurrent: 0xb0685360: ver 2 0 (tinfo 0xb06836c0)
06-06 00:59:09.101 D/EGL_emulation( 1712): eglMakeCurrent: 0xb0685360: ver 2 0 (tinfo 0xb06836c0)
06-06 00:59:09.117 D/EGL_emulation( 1712): eglMakeCurrent: 0xb0685360: ver 2 0 (tinfo 0xb06836c0)
06-06 00:59:09.118 I/WindowManager( 1631): Destroying surface Surface(name=com.evancharlton.mileage/com.evancharlton.mileage.Mileage) called by com.android.server.wm.WindowStateAnimator.destroySurface:2016 com.android.server.wm.WindowStateAnimator.destroySurfaceLocked:882 com.android.server.wm.WindowState.removeLocked:1456 com.android.server.wm.WindowManagerService.removeWindowInnerLocked:2484 com.android.server.wm.AppWindowToken.destroySurfaces:365 com.android.server.wm.WindowStateAnimator.finishExit:565 com.android.server.wm.AppWindowAnimator.stepAnimationLocked:427 com.android.server.wm.WindowAnimator.updateAppWindowsLocked:196 
06-06 00:59:09.119 D/EGL_emulation( 1712): eglMakeCurrent: 0xb0685360: ver 2 0 (tinfo 0xb06836c0)
06-06 00:59:09.119 D/gralloc_ranchu( 1347): gralloc_alloc: Creating ashmem region of size 9023488
06-06 00:59:09.133 I/ActivityManager( 1631): Displayed com.evancharlton.mileage/.Mileage: +173ms
06-06 00:59:09.134 D/EGL_emulation( 1712): eglMakeCurrent: 0xb0685360: ver 2 0 (tinfo 0xb06836c0)
06-06 00:59:09.142 D/EGL_emulation( 1712): eglMakeCurrent: 0xb0685360: ver 2 0 (tinfo 0xb06836c0)
06-06 00:59:09.154 D/EGL_emulation( 1712): eglMakeCurrent: 0xb0685360: ver 2 0 (tinfo 0xb06836c0)
06-06 00:59:09.156 D/EGL_emulation( 1712): eglMakeCurrent: 0xb0685360: ver 2 0 (tinfo 0xb06836c0)
06-06 00:59:09.167 D/EGL_emulation( 1712): eglMakeCurrent: 0xb0685360: ver 2 0 (tinfo 0xb06836c0)
06-06 00:59:09.167 V/PhoneStatusBar( 1712): setLightsOn(true)
06-06 00:59:09.169 D/EGL_emulation( 1712): eglMakeCurrent: 0xb0685360: ver 2 0 (tinfo 0xb06836c0)
06-06 00:59:09.173 I/System.out(22883): URI: //map
06-06 00:59:09.173 I/System.out(22883): params: {json={"query":"* marked:'Statistics'","operation":{"method_name":"query","arguments":[]}}
06-06 00:59:09.173 I/System.out(22883): }
06-06 00:59:09.183 D/EGL_emulation( 1712): eglMakeCurrent: 0xb0685360: ver 2 0 (tinfo 0xb06836c0)
06-06 00:59:09.183 W/ResourceType(22883): No package identifier when getting name for resource number 0x00000001
06-06 00:59:09.185 D/EGL_emulation( 1712): eglMakeCurrent: 0xb0685360: ver 2 0 (tinfo 0xb06836c0)
06-06 00:59:09.195 I/System.out(22883): URI: //gesture
06-06 00:59:09.195 I/System.out(22883): params: {json={"query_timeout":5.0,"gestures":[{"query_string":"* marked:'Statistics'","touches":[{"x":50,"y":50,"offset_x":0,"offset_y":0,"wait":0.0,"time":0.2,"release":true,"query_string":null}]}]}
06-06 00:59:09.195 I/System.out(22883): }
06-06 00:59:09.199 W/ResourceType(22883): No package identifier when getting name for resource number 0x00000001
06-06 00:59:09.200 D/EGL_emulation( 1712): eglMakeCurrent: 0xb0685360: ver 2 0 (tinfo 0xb06836c0)
06-06 00:59:09.201 D/EGL_emulation( 1712): eglMakeCurrent: 0xb0685360: ver 2 0 (tinfo 0xb06836c0)
06-06 00:59:09.216 D/EGL_emulation( 1712): eglMakeCurrent: 0xb0685360: ver 2 0 (tinfo 0xb06836c0)
06-06 00:59:09.223 D/EGL_emulation( 1712): eglMakeCurrent: 0xb0685360: ver 2 0 (tinfo 0xb06836c0)
06-06 00:59:09.234 D/EGL_emulation( 1712): eglMakeCurrent: 0xb0685360: ver 2 0 (tinfo 0xb06836c0)
06-06 00:59:09.239 D/EGL_emulation( 1712): eglMakeCurrent: 0xb0685360: ver 2 0 (tinfo 0xb06836c0)
06-06 00:59:09.333 I/WindowManager( 1631): Destroying surface Surface(name=Starting com.evancharlton.mileage) called by com.android.server.wm.WindowStateAnimator.destroySurface:2016 com.android.server.wm.WindowStateAnimator.destroySurfaceLocked:882 com.android.server.wm.WindowState.destroyOrSaveSurface:2100 com.android.server.wm.AppWindowToken.destroySurfaces:363 com.android.server.wm.WindowStateAnimator.finishExit:565 com.android.server.wm.WindowStateAnimator.stepAnimationLocked:491 com.android.server.wm.WindowAnimator.updateWindowsLocked:303 com.android.server.wm.WindowAnimator.animateLocked:704 
06-06 00:59:09.334 V/PhoneStatusBar( 1712): setLightsOn(true)
06-06 00:59:09.368 V/PhoneStatusBar( 1712): setLightsOn(true)
06-06 00:59:09.437 I/calabash(22883): newActivity1
06-06 00:59:09.453 I/System.out(22883): URI: //map
06-06 00:59:09.453 I/System.out(22883): params: {json={"query":"* marked:'Minimum cost'","operation":{"method_name":"query","arguments":[]}}
06-06 00:59:09.453 I/System.out(22883): }
06-06 00:59:09.455 W/ActivityManager( 1631): Bad activity token: android.os.BinderProxy@f82948a
06-06 00:59:09.455 W/ActivityManager( 1631): java.lang.ClassCastException: android.os.BinderProxy cannot be cast to com.android.server.am.ActivityRecord$Token
06-06 00:59:09.455 W/ActivityManager( 1631): 	at com.android.server.am.ActivityRecord.forTokenLocked(ActivityRecord.java:586)
06-06 00:59:09.455 W/ActivityManager( 1631): 	at com.android.server.am.ActivityRecord.isInStackLocked(ActivityRecord.java:1327)
06-06 00:59:09.455 W/ActivityManager( 1631): 	at com.android.server.am.ActivityRecord.getStackLocked(ActivityRecord.java:1332)
06-06 00:59:09.455 W/ActivityManager( 1631): 	at com.android.server.am.ActivityManagerService.getActivityDisplayId(ActivityManagerService.java:9806)
06-06 00:59:09.455 W/ActivityManager( 1631): 	at android.app.ActivityManagerNative.onTransact(ActivityManagerNative.java:2566)
06-06 00:59:09.455 W/ActivityManager( 1631): 	at com.android.server.am.ActivityManagerService.onTransact(ActivityManagerService.java:2757)
06-06 00:59:09.455 W/ActivityManager( 1631): 	at android.os.Binder.execTransact(Binder.java:565)
06-06 00:59:09.456 W/ActivityManager( 1631): Bad activity token: android.os.BinderProxy@f82948a
06-06 00:59:09.456 W/ActivityManager( 1631): java.lang.ClassCastException: android.os.BinderProxy cannot be cast to com.android.server.am.ActivityRecord$Token
06-06 00:59:09.456 W/ActivityManager( 1631): 	at com.android.server.am.ActivityRecord.forTokenLocked(ActivityRecord.java:586)
06-06 00:59:09.456 W/ActivityManager( 1631): 	at com.android.server.am.ActivityRecord.isInStackLocked(ActivityRecord.java:1327)
06-06 00:59:09.456 W/ActivityManager( 1631): 	at com.android.server.am.ActivityManagerService.setTaskDescription(ActivityManagerService.java:9358)
06-06 00:59:09.456 W/ActivityManager( 1631): 	at android.app.ActivityManagerNative.onTransact(ActivityManagerNative.java:2639)
06-06 00:59:09.456 W/ActivityManager( 1631): 	at com.android.server.am.ActivityManagerService.onTransact(ActivityManagerService.java:2757)
06-06 00:59:09.456 W/ActivityManager( 1631): 	at android.os.Binder.execTransact(Binder.java:565)
06-06 00:59:09.456 W/ActivityManager( 1631): Bad activity token: android.os.BinderProxy@f82948a
06-06 00:59:09.456 W/ActivityManager( 1631): java.lang.ClassCastException: android.os.BinderProxy cannot be cast to com.android.server.am.ActivityRecord$Token
06-06 00:59:09.456 W/ActivityManager( 1631): 	at com.android.server.am.ActivityRecord.forTokenLocked(ActivityRecord.java:586)
06-06 00:59:09.456 W/ActivityManager( 1631): 	at com.android.server.am.ActivityRecord.isInStackLocked(ActivityRecord.java:1327)
06-06 00:59:09.456 W/ActivityManager( 1631): 	at com.android.server.am.ActivityRecord.getStackLocked(ActivityRecord.java:1332)
06-06 00:59:09.456 W/ActivityManager( 1631): 	at com.android.server.am.ActivityManagerService.getActivityStackId(ActivityManagerService.java:9817)
06-06 00:59:09.456 W/ActivityManager( 1631): 	at android.app.ActivityManagerNative.onTransact(ActivityManagerNative.java:2856)
06-06 00:59:09.456 W/ActivityManager( 1631): 	at com.android.server.am.ActivityManagerService.onTransact(ActivityManagerService.java:2757)
06-06 00:59:09.456 W/ActivityManager( 1631): 	at android.os.Binder.execTransact(Binder.java:565)
06-06 00:59:09.462 D/VehicleStatisticsActivity(22883): Checking recalculation ...
06-06 00:59:09.463 D/VehicleStatisticsActivity(22883): Recalculation not necessary.
06-06 00:59:09.466 W/ActivityManager( 1631): Bad activity token: android.os.BinderProxy@f82948a
06-06 00:59:09.466 W/ActivityManager( 1631): java.lang.ClassCastException: android.os.BinderProxy cannot be cast to com.android.server.am.ActivityRecord$Token
06-06 00:59:09.466 W/ActivityManager( 1631): 	at com.android.server.am.ActivityRecord.forTokenLocked(ActivityRecord.java:586)
06-06 00:59:09.466 W/ActivityManager( 1631): 	at com.android.server.am.ActivityRecord.isInStackLocked(ActivityRecord.java:1327)
06-06 00:59:09.466 W/ActivityManager( 1631): 	at com.android.server.am.ActivityManagerService.getActivityOptions(ActivityManagerService.java:12559)
06-06 00:59:09.466 W/ActivityManager( 1631): 	at android.app.ActivityManagerNative.onTransact(ActivityManagerNative.java:1933)
06-06 00:59:09.466 W/ActivityManager( 1631): 	at com.android.server.am.ActivityManagerService.onTransact(ActivityManagerService.java:2757)
06-06 00:59:09.466 W/ActivityManager( 1631): 	at android.os.Binder.execTransact(Binder.java:565)
06-06 00:59:09.467 W/ActivityManager( 1631): Bad activity token: android.os.BinderProxy@f82948a
06-06 00:59:09.467 W/ActivityManager( 1631): java.lang.ClassCastException: android.os.BinderProxy cannot be cast to com.android.server.am.ActivityRecord$Token
06-06 00:59:09.467 W/ActivityManager( 1631): 	at com.android.server.am.ActivityRecord.forTokenLocked(ActivityRecord.java:586)
06-06 00:59:09.467 W/ActivityManager( 1631): 	at com.android.server.am.ActivityRecord.isInStackLocked(ActivityRecord.java:1327)
06-06 00:59:09.467 W/ActivityManager( 1631): 	at com.android.server.am.ActivityManagerService.getActivityOptions(ActivityManagerService.java:12559)
06-06 00:59:09.467 W/ActivityManager( 1631): 	at android.app.ActivityManagerNative.onTransact(ActivityManagerNative.java:1933)
06-06 00:59:09.467 W/ActivityManager( 1631): 	at com.android.server.am.ActivityManagerService.onTransact(ActivityManagerService.java:2757)
06-06 00:59:09.467 W/ActivityManager( 1631): 	at android.os.Binder.execTransact(Binder.java:565)
06-06 00:59:09.468 D/VehicleStatisticsActivity(22883): Checking recalculation ...
06-06 00:59:09.468 D/VehicleStatisticsActivity(22883): Recalculation not necessary.
06-06 00:59:09.483 V/PhoneStatusBar( 1712): setLightsOn(true)
06-06 00:59:09.572 W/ResourceType(22883): No package identifier when getting name for resource number 0x00000001
06-06 00:59:09.574 I/art     (22883): Do partial code cache collection, code=30KB, data=29KB
06-06 00:59:09.574 I/art     (22883): After code cache collection, code=29KB, data=29KB
06-06 00:59:09.574 I/art     (22883): Increasing code cache capacity to 128KB
06-06 00:59:09.590 I/System.out(22883): URI: //gesture
06-06 00:59:09.590 I/System.out(22883): params: {json={"query_timeout":5.0,"gestures":[{"query_string":"* marked:'Minimum cost'","touches":[{"x":50,"y":50,"offset_x":0,"offset_y":0,"wait":0.0,"time":0.2,"release":true,"query_string":null}]}]}
06-06 00:59:09.590 I/System.out(22883): }
06-06 00:59:09.596 W/ResourceType(22883): No package identifier when getting name for resource number 0x00000001
06-06 00:59:09.768 V/PhoneStatusBar( 1712): setLightsOn(true)
06-06 00:59:09.769 V/PhoneStatusBar( 1712): setLightsOn(true)
06-06 00:59:09.770 W/OpenGLRenderer( 2076): Incorrectly called buildLayer on View: ShortcutAndWidgetContainer, destroying layer...
06-06 00:59:09.783 I/WindowManager( 1631): Destroying surface Surface(name=com.android.launcher3/com.android.launcher3.Launcher) called by com.android.server.wm.WindowStateAnimator.destroySurface:2016 com.android.server.wm.WindowStateAnimator.destroySurfaceLocked:882 com.android.server.wm.WindowState.destroyOrSaveSurface:2100 com.android.server.wm.AppWindowToken.destroySurfaces:363 com.android.server.wm.AppWindowToken.notifyAppStopped:389 com.android.server.wm.WindowManagerService.notifyAppStopped:4463 com.android.server.am.ActivityStack.activityStoppedLocked:1252 com.android.server.am.ActivityManagerService.activityStopped:6903 
06-06 00:59:09.784 V/PhoneStatusBar( 1712): setLightsOn(true)
06-06 00:59:09.834 I/ActivityManager( 1631): START u0 {cmp=com.evancharlton.mileage/.charts.MinimumCostChart (has extras)} from uid 10374 on display 0
06-06 00:59:09.835 V/PhoneStatusBar( 1712): setLightsOn(true)
06-06 00:59:09.835 V/PhoneStatusBar( 1712): setLightsOn(true)
06-06 00:59:09.848 I/System.out(22883): URI: //map
06-06 00:59:09.848 I/System.out(22883): params: {json={"query":"* {text CONTAINS[c] 'Least expensive fillup'}","operation":{"method_name":"query","arguments":[]}}
06-06 00:59:09.848 I/System.out(22883): }
06-06 00:59:09.887 I/calabash(22883): newActivity1
06-06 00:59:09.890 W/aiCharts(22883): License file is invalid or missing. 
06-06 00:59:09.890 W/aiCharts(22883): Please place proper license.lic to /assets folder.
06-06 00:59:09.904 V/PhoneStatusBar( 1712): setLightsOn(true)
06-06 00:59:09.933 V/PhoneStatusBar( 1712): setLightsOn(true)
06-06 00:59:09.938 I/WindowManager( 1631): Destroying surface Surface(name=Creating chart…) called by com.android.server.wm.WindowStateAnimator.destroySurface:2016 com.android.server.wm.WindowStateAnimator.destroySurfaceLocked:882 com.android.server.wm.WindowState.removeLocked:1456 com.android.server.wm.WindowManagerService.removeWindowInnerLocked:2484 com.android.server.wm.WindowManagerService.removeWindowLocked:2442 com.android.server.wm.WindowManagerService.removeWindowLocked:2311 com.android.server.wm.WindowManagerService.removeWindow:2306 com.android.server.wm.Session.remove:202 
06-06 00:59:09.940 D/gralloc_ranchu( 1347): gralloc_alloc: Creating ashmem region of size 9023488
06-06 00:59:09.950 V/PhoneStatusBar( 1712): setLightsOn(true)
06-06 00:59:09.963 I/ActivityManager( 1631): Displayed com.evancharlton.mileage/.charts.MinimumCostChart: +78ms
06-06 00:59:09.966 V/PhoneStatusBar( 1712): setLightsOn(true)
06-06 00:59:10.000 V/PhoneStatusBar( 1712): setLightsOn(true)
06-06 00:59:10.016 V/PhoneStatusBar( 1712): setLightsOn(true)
06-06 00:59:10.201 V/PhoneStatusBar( 1712): setLightsOn(true)
06-06 00:59:10.218 I/System.out(22883): URI: //map
06-06 00:59:10.218 I/System.out(22883): params: {json={"query":"* {text CONTAINS[c] 'Least expensive fillup'}","operation":{"method_name":"query","arguments":[]}}
06-06 00:59:10.218 I/System.out(22883): }
06-06 00:59:10.246 I/System.out(22883): URI: //
06-06 00:59:10.246 I/System.out(22883): params: {json={"command":"press_key","arguments":["KEYCODE_BACK"]}
06-06 00:59:10.246 I/System.out(22883): }
06-06 00:59:10.246 I/System.out(22883): header: {content-type=application/json;charset=utf-8, date=Sat, 06 Jun 2020 05:59:10 GMT, accept=*/*, host=127.0.0.1:34777, content-length=52, user-agent=HTTPClient/1.0 (2.8.3, ruby 2.5.1 (2018-03-29))}
06-06 00:59:10.246 I/System.out(22883): params: {json={"command":"press_key","arguments":["KEYCODE_BACK"]}
06-06 00:59:10.246 I/System.out(22883): }
06-06 00:59:10.246 I/System.out(22883): ProP json = {"command":"press_key","arguments":["KEYCODE_BACK"]}
06-06 00:59:10.246 I/System.out(22883): files: {}
06-06 00:59:10.246 I/System.out(22883): command: {"command":"press_key","arguments":["KEYCODE_BACK"]}
06-06 00:59:10.247 I/InstrumentationBackend(22883): Got command:'Command:'Line:null,press_key', arguments:'[KEYCODE_BACK]'
06-06 00:59:10.249 V/PhoneStatusBar( 1712): setLightsOn(true)
06-06 00:59:10.252 V/PhoneStatusBar( 1712): setLightsOn(true)
06-06 00:59:10.254 I/System.out(22883): result:{"bonusInformation":[],"message":"","success":true}
06-06 00:59:10.254 D/VehicleStatisticsActivity(22883): Checking recalculation ...
06-06 00:59:10.255 D/VehicleStatisticsActivity(22883): Recalculation not necessary.
06-06 00:59:10.256 I/System.out(22883): URI: //map
06-06 00:59:10.256 I/System.out(22883): params: {json={"query":"* {text CONTAINS[c] 'Statistics'}","operation":{"method_name":"query","arguments":[]}}
06-06 00:59:10.256 I/System.out(22883): }
06-06 00:59:10.266 V/PhoneStatusBar( 1712): setLightsOn(true)
06-06 00:59:10.283 D/gralloc_ranchu( 1347): gralloc_alloc: Creating ashmem region of size 9023488
06-06 00:59:10.283 V/PhoneStatusBar( 1712): setLightsOn(true)
06-06 00:59:10.300 V/PhoneStatusBar( 1712): setLightsOn(true)
06-06 00:59:10.316 V/PhoneStatusBar( 1712): setLightsOn(true)
