--------- beginning of system
06-05 21:21:16.987 W/ActivityManager( 1630): Finishing task with all activities already finished
06-05 21:21:16.987 W/ActivityManager( 1630): Duplicate finish request for ActivityRecord{c1fbad6 u0 com.evancharlton.mileage/.Mileage t7493 f}
--------- beginning of main
06-05 21:21:16.994 W/OpenGLRenderer( 2083): Incorrectly called buildLayer on View: ShortcutAndWidgetContainer, destroying layer...
06-05 21:21:16.994 V/PhoneStatusBar( 1711): setLightsOn(true)
06-05 21:21:16.997 D/gralloc_ranchu( 1347): gralloc_alloc: Creating ashmem region of size 3145728
06-05 21:21:17.002 E/EGL_emulation( 1347): tid 1347: eglCreateSyncKHR(1901): error 0x3004 (EGL_BAD_ATTRIBUTE)
06-05 21:21:17.014 W/ActivityManager( 1630): Finishing task with all activities already finished
06-05 21:21:17.014 W/ActivityManager( 1630): Duplicate finish request for ActivityRecord{c1fbad6 u0 com.evancharlton.mileage/.Mileage t7493 f}
06-05 21:21:17.014 W/ActivityManager( 1630): Finishing task with all activities already finished
06-05 21:21:17.014 W/ActivityManager( 1630): Duplicate finish request for ActivityRecord{c1fbad6 u0 com.evancharlton.mileage/.Mileage t7493 f}
06-05 21:21:17.014 W/ActivityManager( 1630): Finishing task with all activities already finished
06-05 21:21:17.014 W/ActivityManager( 1630): Duplicate finish request for ActivityRecord{c1fbad6 u0 com.evancharlton.mileage/.Mileage t7493 f}
06-05 21:21:17.015 W/ActivityManager( 1630): Finishing task with all activities already finished
06-05 21:21:17.015 W/ActivityManager( 1630): Duplicate finish request for ActivityRecord{c1fbad6 u0 com.evancharlton.mileage/.Mileage t7493 f}
06-05 21:21:17.015 W/ActivityManager( 1630): Finishing task with all activities already finished
06-05 21:21:17.015 W/ActivityManager( 1630): Duplicate finish request for ActivityRecord{6364a4 u0 com.evancharlton.mileage/.charts.MaximumCostChart t7493 f}
06-05 21:21:17.015 W/ActivityManager( 1630): Finishing task with all activities already finished
06-05 21:21:17.015 W/ActivityManager( 1630): Duplicate finish request for ActivityRecord{6364a4 u0 com.evancharlton.mileage/.charts.MaximumCostChart t7493 f}
06-05 21:21:17.015 W/ActivityManager( 1630): Finishing task with all activities already finished
06-05 21:21:17.015 W/ActivityManager( 1630): Duplicate finish request for ActivityRecord{c1fbad6 u0 com.evancharlton.mileage/.Mileage t7493 f}
06-05 21:21:17.015 W/ActivityManager( 1630): Finishing task with all activities already finished
06-05 21:21:17.015 W/ActivityManager( 1630): Duplicate finish request for ActivityRecord{c1fbad6 u0 com.evancharlton.mileage/.Mileage t7493 f}
06-05 21:21:17.045 D/EGL_emulation( 2083): eglMakeCurrent: 0xb0f85240: ver 2 0 (tinfo 0xb0f832d0)
06-05 21:21:17.062 D/EGL_emulation( 1711): eglMakeCurrent: 0xb0f853c0: ver 2 0 (tinfo 0xb0f833e0)
06-05 21:21:17.078 D/EGL_emulation( 1711): eglMakeCurrent: 0xb0f853c0: ver 2 0 (tinfo 0xb0f833e0)
06-05 21:21:17.079 D/EGL_emulation( 1711): eglMakeCurrent: 0xb0f853c0: ver 2 0 (tinfo 0xb0f833e0)
06-05 21:21:17.094 D/EGL_emulation( 1711): eglMakeCurrent: 0xb0f853c0: ver 2 0 (tinfo 0xb0f833e0)
06-05 21:21:17.097 D/EGL_emulation( 1711): eglMakeCurrent: 0xb0f853c0: ver 2 0 (tinfo 0xb0f833e0)
06-05 21:21:17.111 D/EGL_emulation( 1711): eglMakeCurrent: 0xb0f853c0: ver 2 0 (tinfo 0xb0f833e0)
06-05 21:21:17.113 D/EGL_emulation( 1711): eglMakeCurrent: 0xb0f853c0: ver 2 0 (tinfo 0xb0f833e0)
06-05 21:21:17.125 D/AndroidRuntime( 9317): >>>>>> START com.android.internal.os.RuntimeInit uid 2000 <<<<<<
06-05 21:21:17.126 D/AndroidRuntime( 9317): CheckJNI is ON
06-05 21:21:17.128 D/EGL_emulation( 1711): eglMakeCurrent: 0xb0f853c0: ver 2 0 (tinfo 0xb0f833e0)
06-05 21:21:17.129 D/EGL_emulation( 1711): eglMakeCurrent: 0xb0f853c0: ver 2 0 (tinfo 0xb0f833e0)
06-05 21:21:17.138 W/art     ( 9317): Unexpected CPU variant for X86 using defaults: x86
06-05 21:21:17.140 D/ICU     ( 9317): No timezone override file found: /data/misc/zoneinfo/current/icu/icu_tzdata.dat
06-05 21:21:17.144 D/EGL_emulation( 1711): eglMakeCurrent: 0xb0f853c0: ver 2 0 (tinfo 0xb0f833e0)
06-05 21:21:17.146 D/EGL_emulation( 1711): eglMakeCurrent: 0xb0f853c0: ver 2 0 (tinfo 0xb0f833e0)
06-05 21:21:17.149 E/memtrack( 9317): Couldn't load memtrack module (No such file or directory)
06-05 21:21:17.149 E/android.os.Debug( 9317): failed to load memtrack module: -2
06-05 21:21:17.149 I/Radio-JNI( 9317): register_android_hardware_Radio DONE
06-05 21:21:17.153 D/AndroidRuntime( 9317): Calling main entry com.android.commands.am.Am
06-05 21:21:17.155 I/ActivityManager( 1630): Force stopping com.evancharlton.mileage appid=10286 user=0: start instr
06-05 21:21:17.155 I/ActivityManager( 1630): Killing 9273:com.evancharlton.mileage/u0a286 (adj 0): stop com.evancharlton.mileage
06-05 21:21:17.155 D/ActivityManager( 1630): cleanUpApplicationRecord -- 9273
06-05 21:21:17.155 I/WindowManager( 1630): Destroying surface Surface(name=com.evancharlton.mileage/com.evancharlton.mileage.charts.MaximumCostChart) called by com.android.server.wm.WindowStateAnimator.destroySurface:2016 com.android.server.wm.WindowStateAnimator.destroySurfaceLocked:882 com.android.server.wm.WindowState.removeLocked:1456 com.android.server.wm.WindowManagerService.removeWindowInnerLocked:2484 com.android.server.wm.WindowManagerService.removeWindowLocked:2442 com.android.server.wm.WindowManagerService.removeWindowLocked:2311 com.android.server.wm.AppWindowToken.removeAllWindows:530 com.android.server.wm.AppWindowToken.removeAppFromTaskLocked:326 
06-05 21:21:17.157 W/ActivityManager( 1630): Crash of app com.evancharlton.mileage running instrumentation ComponentInfo{com.evancharlton.mileage.test/sh.calaba.instrumentationbackend.CalabashInstrumentationTestRunner}
06-05 21:21:17.157 I/ActivityManager( 1630): Force stopping com.evancharlton.mileage appid=10286 user=0: finished inst
06-05 21:21:17.159 I/art     ( 9328): Not late-enabling -Xcheck:jni (already on)
06-05 21:21:17.160 W/art     ( 9328): Unexpected CPU variant for X86 using defaults: x86
06-05 21:21:17.161 D/EGL_emulation( 1711): eglMakeCurrent: 0xb0f853c0: ver 2 0 (tinfo 0xb0f833e0)
06-05 21:21:17.162 D/EGL_emulation( 1711): eglMakeCurrent: 0xb0f853c0: ver 2 0 (tinfo 0xb0f833e0)
06-05 21:21:17.168 I/ActivityManager( 1630): Start proc 9328:com.evancharlton.mileage/u0a286 for added application com.evancharlton.mileage
06-05 21:21:17.168 D/AndroidRuntime( 9317): Shutting down VM
06-05 21:21:17.172 W/System  ( 9328): ClassLoader referenced unknown path: /data/app/com.evancharlton.mileage.test-1/lib/x86
06-05 21:21:17.172 W/System  ( 9328): ClassLoader referenced unknown path: /data/app/com.evancharlton.mileage-1/lib/x86
06-05 21:21:17.174 W/System  ( 9328): ClassLoader referenced unknown path: 
06-05 21:21:17.177 D/EGL_emulation( 1711): eglMakeCurrent: 0xb0f853c0: ver 2 0 (tinfo 0xb0f833e0)
06-05 21:21:17.178 I/System.out( 9328): Main activity name automatically set to: com.evancharlton.mileage.Mileage
06-05 21:21:17.179 I/System.out( 9328): Calabash did not load Mono. This is only a problem if you are trying to test a Mono application
06-05 21:21:17.179 D/EGL_emulation( 1711): eglMakeCurrent: 0xb0f853c0: ver 2 0 (tinfo 0xb0f833e0)
06-05 21:21:17.179 I/calabash( 9328): Test server port: 7102
06-05 21:21:17.179 I/InstrumentationBackend( 9328): Added:'GetPreferences', with key:'get_preferences'
06-05 21:21:17.184 I/InstrumentationBackend( 9328): Added:'SetPreferences', with key:'set_preferences'
06-05 21:21:17.184 I/InstrumentationBackend( 9328): Added:'ClearPreferences', with key:'clear_preferences'
06-05 21:21:17.184 I/InstrumentationBackend( 9328): Added:'PressElement', with key:'press_l10n_element'
06-05 21:21:17.184 I/InstrumentationBackend( 9328): Added:'WaitForElement', with key:'wait_for_l10n_element'
06-05 21:21:17.184 I/InstrumentationBackend( 9328): Added:'NullAction', with key:'nullAction'
06-05 21:21:17.184 I/InstrumentationBackend( 9328): Added:'PressKey', with key:'press_key'
06-05 21:21:17.184 I/InstrumentationBackend( 9328): Added:'SetActivityOrientation', with key:'set_activity_orientation'
06-05 21:21:17.184 I/InstrumentationBackend( 9328): Added:'GetActivityOrientation', with key:'get_activity_orientation'
06-05 21:21:17.184 I/InstrumentationBackend( 9328): Added:'FakeGPSLocation', with key:'set_gps_coordinates'
06-05 21:21:17.184 I/InstrumentationBackend( 9328): Added:'SetPropertyByCssSelector', with key:'set_property_by_css_selector'
06-05 21:21:17.184 I/InstrumentationBackend( 9328): Added:'GetUrl', with key:'get_url'
06-05 21:21:17.185 I/InstrumentationBackend( 9328): Added:'ScrollTo', with key:'scroll_to'
06-05 21:21:17.185 I/InstrumentationBackend( 9328): Added:'GetLoadProgress', with key:'get_load_progress'
06-05 21:21:17.185 I/InstrumentationBackend( 9328): Added:'DumpHtml', with key:'dump_html'
06-05 21:21:17.185 I/InstrumentationBackend( 9328): Added:'DumpBodyHtml', with key:'dump_body_html'
06-05 21:21:17.185 I/InstrumentationBackend( 9328): Added:'EnterTextByCssSelector', with key:'enter_text_by_selector'
06-05 21:21:17.185 I/InstrumentationBackend( 9328): Added:'AndroidSDKVersion', with key:'android_sdk_version'
06-05 21:21:17.185 I/InstrumentationBackend( 9328): Added:'Version', with key:'version'
06-05 21:21:17.185 I/InstrumentationBackend( 9328): Added:'Drag', with key:'drag'
06-05 21:21:17.185 I/InstrumentationBackend( 9328): Added:'TouchCoordinates', with key:'touch_coordinate'
06-05 21:21:17.185 I/InstrumentationBackend( 9328): Added:'LongPressCoordinate', with key:'long_press_coordinate'
06-05 21:21:17.185 I/InstrumentationBackend( 9328): Added:'DragCoordinates', with key:'drag_coordinates'
06-05 21:21:17.185 I/InstrumentationBackend( 9328): Added:'ResumeApplication', with key:'resume_application'
06-05 21:21:17.185 I/InstrumentationBackend( 9328): Added:'Swipe', with key:'swipe'
06-05 21:21:17.185 I/InstrumentationBackend( 9328): Added:'DoubleTapCoordinate', with key:'double_tap_coordinate'
06-05 21:21:17.185 I/InstrumentationBackend( 9328): Added:'ClickOnScreen', with key:'click_on_screen'
06-05 21:21:17.185 I/InstrumentationBackend( 9328): Added:'GetActivityName', with key:'get_activity_name'
06-05 21:21:17.185 I/InstrumentationBackend( 9328): Added:'ScrollToView', with key:'scroll_to_view'
06-05 21:21:17.186 I/InstrumentationBackend( 9328): Added:'ViewConfiguration', with key:'view_configuration'
06-05 21:21:17.186 I/InstrumentationBackend( 9328): Added:'IsCurrentActivityFocused', with key:'is_current_activity_focused'
06-05 21:21:17.186 I/InstrumentationBackend( 9328): Added:'SendTcp', with key:'send_tcp'
06-05 21:21:17.186 I/InstrumentationBackend( 9328): Added:'DpToDevicePixel', with key:'dp_to_device_pixel'
06-05 21:21:17.186 I/InstrumentationBackend( 9328): Added:'KeyboardEnterText', with key:'keyboard_enter_text'
06-05 21:21:17.186 I/InstrumentationBackend( 9328): Added:'DeleteSurroundingText', with key:'delete_surrounding_text'
06-05 21:21:17.186 I/InstrumentationBackend( 9328): Added:'SetComposingRegion', with key:'set_composing_region'
06-05 21:21:17.186 I/InstrumentationBackend( 9328): Added:'SetSelection', with key:'set_selection'
06-05 21:21:17.186 I/InstrumentationBackend( 9328): Added:'KeyboardKeyEvent', with key:'keyboard_key_event'
06-05 21:21:17.186 I/InstrumentationBackend( 9328): Added:'PressUserActionButton', with key:'press_user_action_button'
06-05 21:21:17.186 I/InstrumentationBackend( 9328): Added:'HideSoftKeyboard', with key:'hide_soft_keyboard'
06-05 21:21:17.186 I/InstrumentationBackend( 9328): Added:'ListActions', with key:'list_actions'
06-05 21:21:17.186 I/calabash( 9328): Instantiating http server at 7102
06-05 21:21:17.187 I/System.out( 9328): HTTP Daemon listening on: 7102
06-05 21:21:17.194 D/EGL_emulation( 1711): eglMakeCurrent: 0xb0f853c0: ver 2 0 (tinfo 0xb0f833e0)
06-05 21:21:17.196 D/EGL_emulation( 1711): eglMakeCurrent: 0xb0f853c0: ver 2 0 (tinfo 0xb0f833e0)
06-05 21:21:17.208 W/InputDispatcher( 1630): channel 'ca0f79d com.evancharlton.mileage/com.evancharlton.mileage.Mileage (server)' ~ Consumer closed input channel or an error occurred.  events=0x9
06-05 21:21:17.208 E/InputDispatcher( 1630): channel 'ca0f79d com.evancharlton.mileage/com.evancharlton.mileage.Mileage (server)' ~ Channel is unrecoverably broken and will be disposed!
06-05 21:21:17.208 I/WindowManager( 1630): WIN DEATH: Window{ca0f79d u0 com.evancharlton.mileage/com.evancharlton.mileage.Mileage EXITING}
06-05 21:21:17.208 W/InputDispatcher( 1630): Attempted to unregister already unregistered input channel 'ca0f79d com.evancharlton.mileage/com.evancharlton.mileage.Mileage (server)'
06-05 21:21:17.218 D/EGL_emulation( 1711): eglMakeCurrent: 0xb0f853c0: ver 2 0 (tinfo 0xb0f833e0)
06-05 21:21:17.221 D/EGL_emulation( 1711): eglMakeCurrent: 0xb0f853c0: ver 2 0 (tinfo 0xb0f833e0)
06-05 21:21:17.227 D/EGL_emulation( 1711): eglMakeCurrent: 0xb0f853c0: ver 2 0 (tinfo 0xb0f833e0)
06-05 21:21:17.229 D/EGL_emulation( 1711): eglMakeCurrent: 0xb0f853c0: ver 2 0 (tinfo 0xb0f833e0)
06-05 21:21:17.244 D/EGL_emulation( 1711): eglMakeCurrent: 0xb0f853c0: ver 2 0 (tinfo 0xb0f833e0)
06-05 21:21:17.245 D/EGL_emulation( 1711): eglMakeCurrent: 0xb0f853c0: ver 2 0 (tinfo 0xb0f833e0)
06-05 21:21:17.262 D/EGL_emulation( 1711): eglMakeCurrent: 0xb0f853c0: ver 2 0 (tinfo 0xb0f833e0)
06-05 21:21:17.277 I/System.out( 9328): URI: //ping
06-05 21:21:17.278 D/EGL_emulation( 1711): eglMakeCurrent: 0xb0f853c0: ver 2 0 (tinfo 0xb0f833e0)
06-05 21:21:17.278 I/System.out( 9328): params: {json={}
06-05 21:21:17.278 I/System.out( 9328): }
06-05 21:21:17.281 I/System.out( 9328): URI: //ping
06-05 21:21:17.281 I/System.out( 9328): params: {json={}
06-05 21:21:17.281 I/System.out( 9328): }
06-05 21:21:17.282 D/EGL_emulation( 1711): eglMakeCurrent: 0xb0f853c0: ver 2 0 (tinfo 0xb0f833e0)
06-05 21:21:17.290 I/System.out( 9328): URI: //ready
06-05 21:21:17.290 I/System.out( 9328): params: {json={}
06-05 21:21:17.290 I/System.out( 9328): }
06-05 21:21:17.293 I/System.out( 9328): URI: //
06-05 21:21:17.293 I/System.out( 9328): params: {json={"command":"version","arguments":[]}
06-05 21:21:17.293 I/System.out( 9328): }
06-05 21:21:17.293 I/System.out( 9328): header: {content-type=application/json;charset=utf-8, date=Sat, 06 Jun 2020 02:21:17 GMT, accept=*/*, host=127.0.0.1:34777, content-length=36, user-agent=HTTPClient/1.0 (2.8.3, ruby 2.5.1 (2018-03-29))}
06-05 21:21:17.293 I/System.out( 9328): params: {json={"command":"version","arguments":[]}
06-05 21:21:17.293 I/System.out( 9328): }
06-05 21:21:17.293 I/System.out( 9328): ProP json = {"command":"version","arguments":[]}
06-05 21:21:17.293 I/System.out( 9328): files: {}
06-05 21:21:17.293 I/System.out( 9328): command: {"command":"version","arguments":[]}
06-05 21:21:17.297 I/InstrumentationBackend( 9328): Got command:'Command:'Line:null,version', arguments:'[]'
06-05 21:21:17.304 I/System.out( 9328): result:{"bonusInformation":[],"message":"0.9.8","success":true}
06-05 21:21:17.307 I/System.out( 9328): URI: //start-application
06-05 21:21:17.307 I/System.out( 9328): params: {json={"intent":null}
06-05 21:21:17.307 I/System.out( 9328): }
06-05 21:21:17.315 I/ActivityManager( 1630): START u0 {act=android.intent.action.MAIN cat=[android.intent.category.LAUNCHER] flg=0x10200000 cmp=com.evancharlton.mileage/.Mileage} from uid 10286 on display 0
06-05 21:21:17.320 I/calabash( 9328): newActivity1
06-05 21:21:17.328 I/calabash( 9328): newActivity1
06-05 21:21:17.329 W/ActivityManager( 1630): Bad activity token: android.os.BinderProxy@556e8e9
06-05 21:21:17.329 W/ActivityManager( 1630): java.lang.ClassCastException: android.os.BinderProxy cannot be cast to com.android.server.am.ActivityRecord$Token
06-05 21:21:17.329 W/ActivityManager( 1630): 	at com.android.server.am.ActivityRecord.forTokenLocked(ActivityRecord.java:586)
06-05 21:21:17.329 W/ActivityManager( 1630): 	at com.android.server.am.ActivityRecord.isInStackLocked(ActivityRecord.java:1327)
06-05 21:21:17.329 W/ActivityManager( 1630): 	at com.android.server.am.ActivityRecord.getStackLocked(ActivityRecord.java:1332)
06-05 21:21:17.329 W/ActivityManager( 1630): 	at com.android.server.am.ActivityManagerService.getActivityDisplayId(ActivityManagerService.java:9806)
06-05 21:21:17.329 W/ActivityManager( 1630): 	at android.app.ActivityManagerNative.onTransact(ActivityManagerNative.java:2566)
06-05 21:21:17.329 W/ActivityManager( 1630): 	at com.android.server.am.ActivityManagerService.onTransact(ActivityManagerService.java:2757)
06-05 21:21:17.329 W/ActivityManager( 1630): 	at android.os.Binder.execTransact(Binder.java:565)
06-05 21:21:17.330 W/ActivityManager( 1630): Bad activity token: android.os.BinderProxy@556e8e9
06-05 21:21:17.330 W/ActivityManager( 1630): java.lang.ClassCastException: android.os.BinderProxy cannot be cast to com.android.server.am.ActivityRecord$Token
06-05 21:21:17.330 W/ActivityManager( 1630): 	at com.android.server.am.ActivityRecord.forTokenLocked(ActivityRecord.java:586)
06-05 21:21:17.330 W/ActivityManager( 1630): 	at com.android.server.am.ActivityRecord.isInStackLocked(ActivityRecord.java:1327)
06-05 21:21:17.330 W/ActivityManager( 1630): 	at com.android.server.am.ActivityManagerService.setTaskDescription(ActivityManagerService.java:9358)
06-05 21:21:17.330 W/ActivityManager( 1630): 	at android.app.ActivityManagerNative.onTransact(ActivityManagerNative.java:2639)
06-05 21:21:17.330 W/ActivityManager( 1630): 	at com.android.server.am.ActivityManagerService.onTransact(ActivityManagerService.java:2757)
06-05 21:21:17.330 W/ActivityManager( 1630): 	at android.os.Binder.execTransact(Binder.java:565)
06-05 21:21:17.330 W/ActivityManager( 1630): Bad activity token: android.os.BinderProxy@556e8e9
06-05 21:21:17.330 W/ActivityManager( 1630): java.lang.ClassCastException: android.os.BinderProxy cannot be cast to com.android.server.am.ActivityRecord$Token
06-05 21:21:17.330 W/ActivityManager( 1630): 	at com.android.server.am.ActivityRecord.forTokenLocked(ActivityRecord.java:586)
06-05 21:21:17.330 W/ActivityManager( 1630): 	at com.android.server.am.ActivityRecord.isInStackLocked(ActivityRecord.java:1327)
06-05 21:21:17.330 W/ActivityManager( 1630): 	at com.android.server.am.ActivityRecord.getStackLocked(ActivityRecord.java:1332)
06-05 21:21:17.330 W/ActivityManager( 1630): 	at com.android.server.am.ActivityManagerService.getActivityStackId(ActivityManagerService.java:9817)
06-05 21:21:17.330 W/ActivityManager( 1630): 	at android.app.ActivityManagerNative.onTransact(ActivityManagerNative.java:2856)
06-05 21:21:17.330 W/ActivityManager( 1630): 	at com.android.server.am.ActivityManagerService.onTransact(ActivityManagerService.java:2757)
06-05 21:21:17.330 W/ActivityManager( 1630): 	at android.os.Binder.execTransact(Binder.java:565)
06-05 21:21:17.343 W/ActivityManager( 1630): Bad activity token: android.os.BinderProxy@556e8e9
06-05 21:21:17.343 W/ActivityManager( 1630): java.lang.ClassCastException: android.os.BinderProxy cannot be cast to com.android.server.am.ActivityRecord$Token
06-05 21:21:17.343 W/ActivityManager( 1630): 	at com.android.server.am.ActivityRecord.forTokenLocked(ActivityRecord.java:586)
06-05 21:21:17.343 W/ActivityManager( 1630): 	at com.android.server.am.ActivityRecord.isInStackLocked(ActivityRecord.java:1327)
06-05 21:21:17.343 W/ActivityManager( 1630): 	at com.android.server.am.ActivityManagerService.getActivityOptions(ActivityManagerService.java:12559)
06-05 21:21:17.343 W/ActivityManager( 1630): 	at android.app.ActivityManagerNative.onTransact(ActivityManagerNative.java:1933)
06-05 21:21:17.343 W/ActivityManager( 1630): 	at com.android.server.am.ActivityManagerService.onTransact(ActivityManagerService.java:2757)
06-05 21:21:17.343 W/ActivityManager( 1630): 	at android.os.Binder.execTransact(Binder.java:565)
06-05 21:21:17.343 W/ActivityManager( 1630): Bad activity token: android.os.BinderProxy@556e8e9
06-05 21:21:17.343 W/ActivityManager( 1630): java.lang.ClassCastException: android.os.BinderProxy cannot be cast to com.android.server.am.ActivityRecord$Token
06-05 21:21:17.343 W/ActivityManager( 1630): 	at com.android.server.am.ActivityRecord.forTokenLocked(ActivityRecord.java:586)
06-05 21:21:17.343 W/ActivityManager( 1630): 	at com.android.server.am.ActivityRecord.isInStackLocked(ActivityRecord.java:1327)
06-05 21:21:17.343 W/ActivityManager( 1630): 	at com.android.server.am.ActivityManagerService.getActivityOptions(ActivityManagerService.java:12559)
06-05 21:21:17.343 W/ActivityManager( 1630): 	at android.app.ActivityManagerNative.onTransact(ActivityManagerNative.java:1933)
06-05 21:21:17.343 W/ActivityManager( 1630): 	at com.android.server.am.ActivityManagerService.onTransact(ActivityManagerService.java:2757)
06-05 21:21:17.343 W/ActivityManager( 1630): 	at android.os.Binder.execTransact(Binder.java:565)
06-05 21:21:17.345 D/gralloc_ranchu( 1347): gralloc_alloc: Creating ashmem region of size 9023488
06-05 21:21:17.367 V/PhoneStatusBar( 1711): setLightsOn(true)
06-05 21:21:17.378 D/EGL_emulation( 1711): eglMakeCurrent: 0xb0f853c0: ver 2 0 (tinfo 0xb0f833e0)
06-05 21:21:17.378 V/PhoneStatusBar( 1711): setLightsOn(true)
06-05 21:21:17.380 D/gralloc_ranchu( 1347): gralloc_alloc: Creating ashmem region of size 9023488
06-05 21:21:17.380 V/PhoneStatusBar( 1711): setLightsOn(true)
06-05 21:21:17.382 V/PhoneStatusBar( 1711): setLightsOn(true)
06-05 21:21:17.384 D/        ( 9328): HostConnection::get() New Host Connection established 0x94c425c0, tid 9328
06-05 21:21:17.412 D/EGL_emulation( 1711): eglMakeCurrent: 0xb0f853c0: ver 2 0 (tinfo 0xb0f833e0)
06-05 21:21:17.412 D/EGL_emulation( 2083): eglMakeCurrent: 0xb0f85240: ver 2 0 (tinfo 0xb0f832d0)
06-05 21:21:17.415 D/EGL_emulation( 1711): eglMakeCurrent: 0xb0f853c0: ver 2 0 (tinfo 0xb0f833e0)
06-05 21:21:17.417 D/EGL_emulation( 1711): eglMakeCurrent: 0xb0f853c0: ver 2 0 (tinfo 0xb0f833e0)
06-05 21:21:17.418 D/EGL_emulation( 1711): eglMakeCurrent: 0xb0f853c0: ver 2 0 (tinfo 0xb0f833e0)
06-05 21:21:17.427 D/EGL_emulation( 1711): eglMakeCurrent: 0xb0f853c0: ver 2 0 (tinfo 0xb0f833e0)
06-05 21:21:17.430 D/gralloc_ranchu( 1347): gralloc_alloc: Creating ashmem region of size 9023488
06-05 21:21:17.430 D/EGL_emulation( 1711): eglMakeCurrent: 0xb0f853c0: ver 2 0 (tinfo 0xb0f833e0)
06-05 21:21:17.431 I/ActivityManager( 1630): Displayed com.evancharlton.mileage/.Mileage: +113ms
06-05 21:21:17.444 D/EGL_emulation( 1711): eglMakeCurrent: 0xb0f853c0: ver 2 0 (tinfo 0xb0f833e0)
06-05 21:21:17.454 D/EGL_emulation( 1711): eglMakeCurrent: 0xb0f853c0: ver 2 0 (tinfo 0xb0f833e0)
06-05 21:21:17.454 V/PhoneStatusBar( 1711): setLightsOn(true)
06-05 21:21:17.464 D/EGL_emulation( 1711): eglMakeCurrent: 0xb0f853c0: ver 2 0 (tinfo 0xb0f833e0)
06-05 21:21:17.466 D/EGL_emulation( 1711): eglMakeCurrent: 0xb0f853c0: ver 2 0 (tinfo 0xb0f833e0)
06-05 21:21:17.471 I/System.out( 9328): URI: //map
06-05 21:21:17.471 I/System.out( 9328): params: {json={"query":"* marked:'Statistics'","operation":{"method_name":"query","arguments":[]}}
06-05 21:21:17.471 I/System.out( 9328): }
06-05 21:21:17.477 I/WindowManager( 1630): Destroying surface Surface(name=com.evancharlton.mileage/com.evancharlton.mileage.Mileage) called by com.android.server.wm.WindowStateAnimator.destroySurface:2016 com.android.server.wm.WindowStateAnimator.destroySurfaceLocked:882 com.android.server.wm.WindowState.removeLocked:1456 com.android.server.wm.WindowManagerService.removeWindowInnerLocked:2484 com.android.server.wm.AppWindowToken.destroySurfaces:365 com.android.server.wm.WindowStateAnimator.finishExit:565 com.android.server.wm.AppWindowAnimator.stepAnimationLocked:427 com.android.server.wm.WindowAnimator.updateAppWindowsLocked:196 
06-05 21:21:17.478 D/EGL_emulation( 1711): eglMakeCurrent: 0xb0f853c0: ver 2 0 (tinfo 0xb0f833e0)
06-05 21:21:17.479 D/EGL_emulation( 1711): eglMakeCurrent: 0xb0f853c0: ver 2 0 (tinfo 0xb0f833e0)
06-05 21:21:17.482 W/ResourceType( 9328): No package identifier when getting name for resource number 0x00000001
06-05 21:21:17.493 I/System.out( 9328): URI: //gesture
06-05 21:21:17.494 I/System.out( 9328): params: {json={"query_timeout":5.0,"gestures":[{"query_string":"* marked:'Statistics'","touches":[{"x":50,"y":50,"offset_x":0,"offset_y":0,"wait":0.0,"time":0.2,"release":true,"query_string":null}]}]}
06-05 21:21:17.494 I/System.out( 9328): }
06-05 21:21:17.494 D/EGL_emulation( 1711): eglMakeCurrent: 0xb0f853c0: ver 2 0 (tinfo 0xb0f833e0)
06-05 21:21:17.496 D/EGL_emulation( 1711): eglMakeCurrent: 0xb0f853c0: ver 2 0 (tinfo 0xb0f833e0)
06-05 21:21:17.496 V/PhoneStatusBar( 1711): setLightsOn(true)
06-05 21:21:17.499 W/ResourceType( 9328): No package identifier when getting name for resource number 0x00000001
06-05 21:21:17.511 D/EGL_emulation( 1711): eglMakeCurrent: 0xb0f853c0: ver 2 0 (tinfo 0xb0f833e0)
06-05 21:21:17.519 D/EGL_emulation( 1711): eglMakeCurrent: 0xb0f853c0: ver 2 0 (tinfo 0xb0f833e0)
06-05 21:21:17.528 D/EGL_emulation( 1711): eglMakeCurrent: 0xb0f853c0: ver 2 0 (tinfo 0xb0f833e0)
06-05 21:21:17.533 D/EGL_emulation( 1711): eglMakeCurrent: 0xb0f853c0: ver 2 0 (tinfo 0xb0f833e0)
06-05 21:21:17.544 D/EGL_emulation( 1711): eglMakeCurrent: 0xb0f853c0: ver 2 0 (tinfo 0xb0f833e0)
06-05 21:21:17.546 D/EGL_emulation( 1711): eglMakeCurrent: 0xb0f853c0: ver 2 0 (tinfo 0xb0f833e0)
06-05 21:21:17.561 D/EGL_emulation( 1711): eglMakeCurrent: 0xb0f853c0: ver 2 0 (tinfo 0xb0f833e0)
06-05 21:21:17.563 D/EGL_emulation( 1711): eglMakeCurrent: 0xb0f853c0: ver 2 0 (tinfo 0xb0f833e0)
06-05 21:21:17.578 D/EGL_emulation( 1711): eglMakeCurrent: 0xb0f853c0: ver 2 0 (tinfo 0xb0f833e0)
06-05 21:21:17.580 D/EGL_emulation( 1711): eglMakeCurrent: 0xb0f853c0: ver 2 0 (tinfo 0xb0f833e0)
06-05 21:21:17.595 D/EGL_emulation( 1711): eglMakeCurrent: 0xb0f853c0: ver 2 0 (tinfo 0xb0f833e0)
06-05 21:21:17.597 D/EGL_emulation( 1711): eglMakeCurrent: 0xb0f853c0: ver 2 0 (tinfo 0xb0f833e0)
06-05 21:21:17.612 D/EGL_emulation( 1711): eglMakeCurrent: 0xb0f853c0: ver 2 0 (tinfo 0xb0f833e0)
06-05 21:21:17.629 I/WindowManager( 1630): Destroying surface Surface(name=Starting com.evancharlton.mileage) called by com.android.server.wm.WindowStateAnimator.destroySurface:2016 com.android.server.wm.WindowStateAnimator.destroySurfaceLocked:882 com.android.server.wm.WindowState.destroyOrSaveSurface:2100 com.android.server.wm.AppWindowToken.destroySurfaces:363 com.android.server.wm.WindowStateAnimator.finishExit:565 com.android.server.wm.WindowStateAnimator.stepAnimationLocked:491 com.android.server.wm.WindowAnimator.updateWindowsLocked:303 com.android.server.wm.WindowAnimator.animateLocked:704 
06-05 21:21:17.633 V/PhoneStatusBar( 1711): setLightsOn(true)
06-05 21:21:17.637 V/PhoneStatusBar( 1711): setLightsOn(true)
06-05 21:21:17.734 I/calabash( 9328): newActivity1
06-05 21:21:17.754 I/System.out( 9328): URI: //map
06-05 21:21:17.754 I/System.out( 9328): params: {json={"query":"* marked:'Total cost'","operation":{"method_name":"query","arguments":[]}}
06-05 21:21:17.754 I/System.out( 9328): }
06-05 21:21:17.760 W/ActivityManager( 1630): Bad activity token: android.os.BinderProxy@678d2ff
06-05 21:21:17.760 W/ActivityManager( 1630): java.lang.ClassCastException: android.os.BinderProxy cannot be cast to com.android.server.am.ActivityRecord$Token
06-05 21:21:17.760 W/ActivityManager( 1630): 	at com.android.server.am.ActivityRecord.forTokenLocked(ActivityRecord.java:586)
06-05 21:21:17.760 W/ActivityManager( 1630): 	at com.android.server.am.ActivityRecord.isInStackLocked(ActivityRecord.java:1327)
06-05 21:21:17.760 W/ActivityManager( 1630): 	at com.android.server.am.ActivityRecord.getStackLocked(ActivityRecord.java:1332)
06-05 21:21:17.760 W/ActivityManager( 1630): 	at com.android.server.am.ActivityManagerService.getActivityDisplayId(ActivityManagerService.java:9806)
06-05 21:21:17.760 W/ActivityManager( 1630): 	at android.app.ActivityManagerNative.onTransact(ActivityManagerNative.java:2566)
06-05 21:21:17.760 W/ActivityManager( 1630): 	at com.android.server.am.ActivityManagerService.onTransact(ActivityManagerService.java:2757)
06-05 21:21:17.760 W/ActivityManager( 1630): 	at android.os.Binder.execTransact(Binder.java:565)
06-05 21:21:17.762 W/ActivityManager( 1630): Bad activity token: android.os.BinderProxy@678d2ff
06-05 21:21:17.762 W/ActivityManager( 1630): java.lang.ClassCastException: android.os.BinderProxy cannot be cast to com.android.server.am.ActivityRecord$Token
06-05 21:21:17.762 W/ActivityManager( 1630): 	at com.android.server.am.ActivityRecord.forTokenLocked(ActivityRecord.java:586)
06-05 21:21:17.762 W/ActivityManager( 1630): 	at com.android.server.am.ActivityRecord.isInStackLocked(ActivityRecord.java:1327)
06-05 21:21:17.762 W/ActivityManager( 1630): 	at com.android.server.am.ActivityManagerService.setTaskDescription(ActivityManagerService.java:9358)
06-05 21:21:17.762 W/ActivityManager( 1630): 	at android.app.ActivityManagerNative.onTransact(ActivityManagerNative.java:2639)
06-05 21:21:17.762 W/ActivityManager( 1630): 	at com.android.server.am.ActivityManagerService.onTransact(ActivityManagerService.java:2757)
06-05 21:21:17.762 W/ActivityManager( 1630): 	at android.os.Binder.execTransact(Binder.java:565)
06-05 21:21:17.763 W/ActivityManager( 1630): Bad activity token: android.os.BinderProxy@678d2ff
06-05 21:21:17.763 W/ActivityManager( 1630): java.lang.ClassCastException: android.os.BinderProxy cannot be cast to com.android.server.am.ActivityRecord$Token
06-05 21:21:17.763 W/ActivityManager( 1630): 	at com.android.server.am.ActivityRecord.forTokenLocked(ActivityRecord.java:586)
06-05 21:21:17.763 W/ActivityManager( 1630): 	at com.android.server.am.ActivityRecord.isInStackLocked(ActivityRecord.java:1327)
06-05 21:21:17.763 W/ActivityManager( 1630): 	at com.android.server.am.ActivityRecord.getStackLocked(ActivityRecord.java:1332)
06-05 21:21:17.763 W/ActivityManager( 1630): 	at com.android.server.am.ActivityManagerService.getActivityStackId(ActivityManagerService.java:9817)
06-05 21:21:17.763 W/ActivityManager( 1630): 	at android.app.ActivityManagerNative.onTransact(ActivityManagerNative.java:2856)
06-05 21:21:17.763 W/ActivityManager( 1630): 	at com.android.server.am.ActivityManagerService.onTransact(ActivityManagerService.java:2757)
06-05 21:21:17.763 W/ActivityManager( 1630): 	at android.os.Binder.execTransact(Binder.java:565)
06-05 21:21:17.768 D/VehicleStatisticsActivity( 9328): Checking recalculation ...
06-05 21:21:17.769 D/VehicleStatisticsActivity( 9328): Recalculation not necessary.
06-05 21:21:17.770 W/ActivityManager( 1630): Bad activity token: android.os.BinderProxy@678d2ff
06-05 21:21:17.770 W/ActivityManager( 1630): java.lang.ClassCastException: android.os.BinderProxy cannot be cast to com.android.server.am.ActivityRecord$Token
06-05 21:21:17.770 W/ActivityManager( 1630): 	at com.android.server.am.ActivityRecord.forTokenLocked(ActivityRecord.java:586)
06-05 21:21:17.770 W/ActivityManager( 1630): 	at com.android.server.am.ActivityRecord.isInStackLocked(ActivityRecord.java:1327)
06-05 21:21:17.770 W/ActivityManager( 1630): 	at com.android.server.am.ActivityManagerService.getActivityOptions(ActivityManagerService.java:12559)
06-05 21:21:17.770 W/ActivityManager( 1630): 	at android.app.ActivityManagerNative.onTransact(ActivityManagerNative.java:1933)
06-05 21:21:17.770 W/ActivityManager( 1630): 	at com.android.server.am.ActivityManagerService.onTransact(ActivityManagerService.java:2757)
06-05 21:21:17.770 W/ActivityManager( 1630): 	at android.os.Binder.execTransact(Binder.java:565)
06-05 21:21:17.771 W/ActivityManager( 1630): Bad activity token: android.os.BinderProxy@678d2ff
06-05 21:21:17.771 W/ActivityManager( 1630): java.lang.ClassCastException: android.os.BinderProxy cannot be cast to com.android.server.am.ActivityRecord$Token
06-05 21:21:17.771 W/ActivityManager( 1630): 	at com.android.server.am.ActivityRecord.forTokenLocked(ActivityRecord.java:586)
06-05 21:21:17.771 W/ActivityManager( 1630): 	at com.android.server.am.ActivityRecord.isInStackLocked(ActivityRecord.java:1327)
06-05 21:21:17.771 W/ActivityManager( 1630): 	at com.android.server.am.ActivityManagerService.getActivityOptions(ActivityManagerService.java:12559)
06-05 21:21:17.771 W/ActivityManager( 1630): 	at android.app.ActivityManagerNative.onTransact(ActivityManagerNative.java:1933)
06-05 21:21:17.771 W/ActivityManager( 1630): 	at com.android.server.am.ActivityManagerService.onTransact(ActivityManagerService.java:2757)
06-05 21:21:17.771 W/ActivityManager( 1630): 	at android.os.Binder.execTransact(Binder.java:565)
06-05 21:21:17.772 D/VehicleStatisticsActivity( 9328): Checking recalculation ...
06-05 21:21:17.772 D/VehicleStatisticsActivity( 9328): Recalculation not necessary.
06-05 21:21:17.826 W/ResourceType( 9328): No package identifier when getting name for resource number 0x00000001
06-05 21:21:17.828 I/art     ( 9328): Do partial code cache collection, code=30KB, data=29KB
06-05 21:21:17.828 I/art     ( 9328): After code cache collection, code=29KB, data=29KB
06-05 21:21:17.828 I/art     ( 9328): Increasing code cache capacity to 128KB
06-05 21:21:17.828 V/PhoneStatusBar( 1711): setLightsOn(true)
06-05 21:21:17.842 I/System.out( 9328): URI: //gesture
06-05 21:21:17.842 I/System.out( 9328): params: {json={"query_timeout":5.0,"gestures":[{"query_string":"* marked:'Total cost'","touches":[{"x":50,"y":50,"offset_x":0,"offset_y":0,"wait":0.0,"time":0.2,"release":true,"query_string":null}]}]}
06-05 21:21:17.842 I/System.out( 9328): }
06-05 21:21:17.847 W/ResourceType( 9328): No package identifier when getting name for resource number 0x00000001
06-05 21:21:18.080 I/ActivityManager( 1630): START u0 {cmp=com.evancharlton.mileage/.charts.TotalCostChart (has extras)} from uid 10286 on display 0
06-05 21:21:18.084 V/PhoneStatusBar( 1711): setLightsOn(true)
06-05 21:21:18.086 V/PhoneStatusBar( 1711): setLightsOn(true)
06-05 21:21:18.114 I/System.out( 9328): URI: //map
06-05 21:21:18.114 I/System.out( 9328): params: {json={"query":"* {text CONTAINS[c] 'Total amount spent on fuel'}","operation":{"method_name":"query","arguments":[]}}
06-05 21:21:18.114 I/System.out( 9328): }
06-05 21:21:18.128 V/PhoneStatusBar( 1711): setLightsOn(true)
06-05 21:21:18.129 V/PhoneStatusBar( 1711): setLightsOn(true)
06-05 21:21:18.131 W/OpenGLRenderer( 2083): Incorrectly called buildLayer on View: ShortcutAndWidgetContainer, destroying layer...
06-05 21:21:18.140 I/calabash( 9328): newActivity1
06-05 21:21:18.144 W/aiCharts( 9328): License file is invalid or missing. 
06-05 21:21:18.144 W/aiCharts( 9328): Please place proper license.lic to /assets folder.
06-05 21:21:18.145 I/WindowManager( 1630): Destroying surface Surface(name=com.android.launcher3/com.android.launcher3.Launcher) called by com.android.server.wm.WindowStateAnimator.destroySurface:2016 com.android.server.wm.WindowStateAnimator.destroySurfaceLocked:882 com.android.server.wm.WindowState.destroyOrSaveSurface:2100 com.android.server.wm.AppWindowToken.destroySurfaces:363 com.android.server.wm.AppWindowToken.notifyAppStopped:389 com.android.server.wm.WindowManagerService.notifyAppStopped:4463 com.android.server.am.ActivityStack.activityStoppedLocked:1252 com.android.server.am.ActivityManagerService.activityStopped:6903 
06-05 21:21:18.159 V/PhoneStatusBar( 1711): setLightsOn(true)
06-05 21:21:18.177 V/PhoneStatusBar( 1711): setLightsOn(true)
06-05 21:21:18.183 I/WindowManager( 1630): Destroying surface Surface(name=Creating chart…) called by com.android.server.wm.WindowStateAnimator.destroySurface:2016 com.android.server.wm.WindowStateAnimator.destroySurfaceLocked:882 com.android.server.wm.WindowState.removeLocked:1456 com.android.server.wm.WindowManagerService.removeWindowInnerLocked:2484 com.android.server.wm.WindowManagerService.removeWindowLocked:2442 com.android.server.wm.WindowManagerService.removeWindowLocked:2311 com.android.server.wm.WindowManagerService.removeWindow:2306 com.android.server.wm.Session.remove:202 
06-05 21:21:18.185 D/gralloc_ranchu( 1347): gralloc_alloc: Creating ashmem region of size 9023488
06-05 21:21:18.194 V/PhoneStatusBar( 1711): setLightsOn(true)
06-05 21:21:18.216 I/ActivityManager( 1630): Displayed com.evancharlton.mileage/.charts.TotalCostChart: +78ms
06-05 21:21:18.228 V/PhoneStatusBar( 1711): setLightsOn(true)
06-05 21:21:18.262 V/PhoneStatusBar( 1711): setLightsOn(true)
06-05 21:21:18.278 V/PhoneStatusBar( 1711): setLightsOn(true)
06-05 21:21:18.464 V/PhoneStatusBar( 1711): setLightsOn(true)
06-05 21:21:18.476 I/System.out( 9328): URI: //map
06-05 21:21:18.476 I/System.out( 9328): params: {json={"query":"* {text CONTAINS[c] 'Total amount spent on fuel'}","operation":{"method_name":"query","arguments":[]}}
06-05 21:21:18.476 I/System.out( 9328): }
06-05 21:21:18.513 I/System.out( 9328): URI: //
06-05 21:21:18.514 I/System.out( 9328): params: {json={"command":"press_key","arguments":["KEYCODE_BACK"]}
06-05 21:21:18.514 I/System.out( 9328): }
06-05 21:21:18.514 I/System.out( 9328): header: {content-type=application/json;charset=utf-8, date=Sat, 06 Jun 2020 02:21:19 GMT, accept=*/*, host=127.0.0.1:34777, content-length=52, user-agent=HTTPClient/1.0 (2.8.3, ruby 2.5.1 (2018-03-29))}
06-05 21:21:18.514 I/System.out( 9328): params: {json={"command":"press_key","arguments":["KEYCODE_BACK"]}
06-05 21:21:18.514 I/System.out( 9328): }
06-05 21:21:18.514 I/System.out( 9328): ProP json = {"command":"press_key","arguments":["KEYCODE_BACK"]}
06-05 21:21:18.514 I/System.out( 9328): files: {}
06-05 21:21:18.514 I/System.out( 9328): command: {"command":"press_key","arguments":["KEYCODE_BACK"]}
06-05 21:21:18.515 I/InstrumentationBackend( 9328): Got command:'Command:'Line:null,press_key', arguments:'[KEYCODE_BACK]'
06-05 21:21:18.518 V/PhoneStatusBar( 1711): setLightsOn(true)
06-05 21:21:18.520 V/PhoneStatusBar( 1711): setLightsOn(true)
06-05 21:21:18.523 I/System.out( 9328): result:{"bonusInformation":[],"message":"","success":true}
06-05 21:21:18.524 D/VehicleStatisticsActivity( 9328): Checking recalculation ...
06-05 21:21:18.524 D/VehicleStatisticsActivity( 9328): Recalculation not necessary.
06-05 21:21:18.525 I/System.out( 9328): URI: //map
06-05 21:21:18.525 I/System.out( 9328): params: {json={"query":"* {text CONTAINS[c] 'Statistics'}","operation":{"method_name":"query","arguments":[]}}
06-05 21:21:18.525 I/System.out( 9328): }
06-05 21:21:18.527 V/PhoneStatusBar( 1711): setLightsOn(true)
06-05 21:21:18.544 D/gralloc_ranchu( 1347): gralloc_alloc: Creating ashmem region of size 9023488
06-05 21:21:18.545 V/PhoneStatusBar( 1711): setLightsOn(true)
06-05 21:21:18.562 V/PhoneStatusBar( 1711): setLightsOn(true)
06-05 21:21:18.644 V/PhoneStatusBar( 1711): setLightsOn(true)
