--------- beginning of system
06-05 18:16:46.527 I/WindowManager( 1630): Destroying surface Surface(name=com.android.launcher3/com.android.launcher3.Launcher) called by com.android.server.wm.WindowStateAnimator.destroySurface:2016 com.android.server.wm.WindowStateAnimator.destroySurfaceLocked:882 com.android.server.wm.WindowState.destroyOrSaveSurface:2100 com.android.server.wm.AppWindowToken.destroySurfaces:363 com.android.server.wm.AppWindowToken.notifyAppStopped:389 com.android.server.wm.WindowManagerService.notifyAppStopped:4463 com.android.server.am.ActivityStack.activityStoppedLocked:1252 com.android.server.am.ActivityManagerService.activityStopped:6903 
--------- beginning of main
06-05 18:16:46.527 V/PhoneStatusBar( 1712): setLightsOn(true)
06-05 18:16:46.536 V/PhoneStatusBar( 1712): setLightsOn(true)
06-05 18:16:46.537 V/PhoneStatusBar( 1712): setLightsOn(true)
06-05 18:16:46.544 D/gralloc_ranchu( 1346): gralloc_alloc: Creating ashmem region of size 3145728
06-05 18:16:46.550 E/EGL_emulation( 1346): tid 1346: eglCreateSyncKHR(1901): error 0x3004 (EGL_BAD_ATTRIBUTE)
06-05 18:16:46.567 W/ActivityManager( 1630): Finishing task with all activities already finished
06-05 18:16:46.567 W/ActivityManager( 1630): Duplicate finish request for ActivityRecord{27a955b u0 com.evancharlton.mileage/.Mileage t2712 f}
06-05 18:16:46.567 W/ActivityManager( 1630): Finishing task with all activities already finished
06-05 18:16:46.567 W/ActivityManager( 1630): Duplicate finish request for ActivityRecord{27a955b u0 com.evancharlton.mileage/.Mileage t2712 f}
06-05 18:16:46.568 W/ActivityManager( 1630): Finishing task with all activities already finished
06-05 18:16:46.568 W/ActivityManager( 1630): Duplicate finish request for ActivityRecord{27a955b u0 com.evancharlton.mileage/.Mileage t2712 f}
06-05 18:16:46.568 W/ActivityManager( 1630): Finishing task with all activities already finished
06-05 18:16:46.568 W/ActivityManager( 1630): Duplicate finish request for ActivityRecord{27a955b u0 com.evancharlton.mileage/.Mileage t2712 f}
06-05 18:16:46.568 W/ActivityManager( 1630): Finishing task with all activities already finished
06-05 18:16:46.568 W/ActivityManager( 1630): Duplicate finish request for ActivityRecord{27a955b u0 com.evancharlton.mileage/.Mileage t2712 f}
06-05 18:16:46.610 D/EGL_emulation( 2099): eglMakeCurrent: 0xb4085240: ver 2 0 (tinfo 0xb40832d0)
06-05 18:16:46.611 D/EGL_emulation( 1712): eglMakeCurrent: 0xb4085540: ver 2 0 (tinfo 0xb4083740)
06-05 18:16:46.626 D/EGL_emulation( 1712): eglMakeCurrent: 0xb4085540: ver 2 0 (tinfo 0xb4083740)
06-05 18:16:46.644 D/EGL_emulation( 1712): eglMakeCurrent: 0xb4085540: ver 2 0 (tinfo 0xb4083740)
06-05 18:16:46.660 D/EGL_emulation( 1712): eglMakeCurrent: 0xb4085540: ver 2 0 (tinfo 0xb4083740)
06-05 18:16:46.662 D/EGL_emulation( 1712): eglMakeCurrent: 0xb4085540: ver 2 0 (tinfo 0xb4083740)
06-05 18:16:46.676 D/EGL_emulation( 1712): eglMakeCurrent: 0xb4085540: ver 2 0 (tinfo 0xb4083740)
06-05 18:16:46.677 D/EGL_emulation( 1712): eglMakeCurrent: 0xb4085540: ver 2 0 (tinfo 0xb4083740)
06-05 18:16:46.693 D/EGL_emulation( 1712): eglMakeCurrent: 0xb4085540: ver 2 0 (tinfo 0xb4083740)
06-05 18:16:46.695 D/EGL_emulation( 1712): eglMakeCurrent: 0xb4085540: ver 2 0 (tinfo 0xb4083740)
06-05 18:16:46.710 D/EGL_emulation( 1712): eglMakeCurrent: 0xb4085540: ver 2 0 (tinfo 0xb4083740)
06-05 18:16:46.712 D/EGL_emulation( 1712): eglMakeCurrent: 0xb4085540: ver 2 0 (tinfo 0xb4083740)
06-05 18:16:46.726 D/AndroidRuntime( 3793): >>>>>> START com.android.internal.os.RuntimeInit uid 2000 <<<<<<
06-05 18:16:46.726 D/EGL_emulation( 1712): eglMakeCurrent: 0xb4085540: ver 2 0 (tinfo 0xb4083740)
06-05 18:16:46.727 D/AndroidRuntime( 3793): CheckJNI is ON
06-05 18:16:46.728 D/EGL_emulation( 1712): eglMakeCurrent: 0xb4085540: ver 2 0 (tinfo 0xb4083740)
06-05 18:16:46.739 W/art     ( 3793): Unexpected CPU variant for X86 using defaults: x86
06-05 18:16:46.741 D/ICU     ( 3793): No timezone override file found: /data/misc/zoneinfo/current/icu/icu_tzdata.dat
06-05 18:16:46.742 D/EGL_emulation( 1712): eglMakeCurrent: 0xb4085540: ver 2 0 (tinfo 0xb4083740)
06-05 18:16:46.744 D/EGL_emulation( 1712): eglMakeCurrent: 0xb4085540: ver 2 0 (tinfo 0xb4083740)
06-05 18:16:46.750 E/memtrack( 3793): Couldn't load memtrack module (No such file or directory)
06-05 18:16:46.750 E/android.os.Debug( 3793): failed to load memtrack module: -2
06-05 18:16:46.751 I/Radio-JNI( 3793): register_android_hardware_Radio DONE
06-05 18:16:46.755 D/AndroidRuntime( 3793): Calling main entry com.android.commands.am.Am
06-05 18:16:46.756 I/ActivityManager( 1630): Force stopping com.evancharlton.mileage appid=10150 user=0: start instr
06-05 18:16:46.756 I/ActivityManager( 1630): Killing 3752:com.evancharlton.mileage/u0a150 (adj 0): stop com.evancharlton.mileage
06-05 18:16:46.756 D/ActivityManager( 1630): cleanUpApplicationRecord -- 3752
06-05 18:16:46.757 W/ActivityManager( 1630): Crash of app com.evancharlton.mileage running instrumentation ComponentInfo{com.evancharlton.mileage.test/sh.calaba.instrumentationbackend.CalabashInstrumentationTestRunner}
06-05 18:16:46.757 I/ActivityManager( 1630): Force stopping com.evancharlton.mileage appid=10150 user=0: finished inst
06-05 18:16:46.759 D/EGL_emulation( 1712): eglMakeCurrent: 0xb4085540: ver 2 0 (tinfo 0xb4083740)
06-05 18:16:46.760 I/art     ( 3804): Not late-enabling -Xcheck:jni (already on)
06-05 18:16:46.760 W/art     ( 3804): Unexpected CPU variant for X86 using defaults: x86
06-05 18:16:46.761 D/EGL_emulation( 1712): eglMakeCurrent: 0xb4085540: ver 2 0 (tinfo 0xb4083740)
06-05 18:16:46.767 I/ActivityManager( 1630): Start proc 3804:com.evancharlton.mileage/u0a150 for added application com.evancharlton.mileage
06-05 18:16:46.767 D/AndroidRuntime( 3793): Shutting down VM
06-05 18:16:46.776 D/EGL_emulation( 1712): eglMakeCurrent: 0xb4085540: ver 2 0 (tinfo 0xb4083740)
06-05 18:16:46.777 D/EGL_emulation( 1712): eglMakeCurrent: 0xb4085540: ver 2 0 (tinfo 0xb4083740)
06-05 18:16:46.778 W/System  ( 3804): ClassLoader referenced unknown path: /data/app/com.evancharlton.mileage.test-1/lib/x86
06-05 18:16:46.778 W/System  ( 3804): ClassLoader referenced unknown path: /data/app/com.evancharlton.mileage-1/lib/x86
06-05 18:16:46.781 W/System  ( 3804): ClassLoader referenced unknown path: 
06-05 18:16:46.782 W/InputDispatcher( 1630): channel '9c36c72 com.evancharlton.mileage/com.evancharlton.mileage.Mileage (server)' ~ Consumer closed input channel or an error occurred.  events=0x9
06-05 18:16:46.782 E/InputDispatcher( 1630): channel '9c36c72 com.evancharlton.mileage/com.evancharlton.mileage.Mileage (server)' ~ Channel is unrecoverably broken and will be disposed!
06-05 18:16:46.783 I/WindowManager( 1630): WIN DEATH: Window{9c36c72 u0 com.evancharlton.mileage/com.evancharlton.mileage.Mileage EXITING}
06-05 18:16:46.783 W/InputDispatcher( 1630): Attempted to unregister already unregistered input channel '9c36c72 com.evancharlton.mileage/com.evancharlton.mileage.Mileage (server)'
06-05 18:16:46.785 I/System.out( 3804): Main activity name automatically set to: com.evancharlton.mileage.Mileage
06-05 18:16:46.785 I/System.out( 3804): Calabash did not load Mono. This is only a problem if you are trying to test a Mono application
06-05 18:16:46.785 I/calabash( 3804): Test server port: 7102
06-05 18:16:46.786 I/InstrumentationBackend( 3804): Added:'GetPreferences', with key:'get_preferences'
06-05 18:16:46.791 I/InstrumentationBackend( 3804): Added:'SetPreferences', with key:'set_preferences'
06-05 18:16:46.791 I/InstrumentationBackend( 3804): Added:'ClearPreferences', with key:'clear_preferences'
06-05 18:16:46.791 I/InstrumentationBackend( 3804): Added:'PressElement', with key:'press_l10n_element'
06-05 18:16:46.791 I/InstrumentationBackend( 3804): Added:'WaitForElement', with key:'wait_for_l10n_element'
06-05 18:16:46.791 I/InstrumentationBackend( 3804): Added:'NullAction', with key:'nullAction'
06-05 18:16:46.791 I/InstrumentationBackend( 3804): Added:'PressKey', with key:'press_key'
06-05 18:16:46.791 I/InstrumentationBackend( 3804): Added:'SetActivityOrientation', with key:'set_activity_orientation'
06-05 18:16:46.791 I/InstrumentationBackend( 3804): Added:'GetActivityOrientation', with key:'get_activity_orientation'
06-05 18:16:46.791 I/InstrumentationBackend( 3804): Added:'FakeGPSLocation', with key:'set_gps_coordinates'
06-05 18:16:46.791 I/InstrumentationBackend( 3804): Added:'SetPropertyByCssSelector', with key:'set_property_by_css_selector'
06-05 18:16:46.791 I/InstrumentationBackend( 3804): Added:'GetUrl', with key:'get_url'
06-05 18:16:46.793 I/InstrumentationBackend( 3804): Added:'ScrollTo', with key:'scroll_to'
06-05 18:16:46.793 I/InstrumentationBackend( 3804): Added:'GetLoadProgress', with key:'get_load_progress'
06-05 18:16:46.793 I/InstrumentationBackend( 3804): Added:'DumpHtml', with key:'dump_html'
06-05 18:16:46.793 I/InstrumentationBackend( 3804): Added:'DumpBodyHtml', with key:'dump_body_html'
06-05 18:16:46.793 I/InstrumentationBackend( 3804): Added:'EnterTextByCssSelector', with key:'enter_text_by_selector'
06-05 18:16:46.793 D/EGL_emulation( 1712): eglMakeCurrent: 0xb4085540: ver 2 0 (tinfo 0xb4083740)
06-05 18:16:46.793 I/InstrumentationBackend( 3804): Added:'AndroidSDKVersion', with key:'android_sdk_version'
06-05 18:16:46.793 I/InstrumentationBackend( 3804): Added:'Version', with key:'version'
06-05 18:16:46.794 I/InstrumentationBackend( 3804): Added:'Drag', with key:'drag'
06-05 18:16:46.794 I/InstrumentationBackend( 3804): Added:'TouchCoordinates', with key:'touch_coordinate'
06-05 18:16:46.794 I/InstrumentationBackend( 3804): Added:'LongPressCoordinate', with key:'long_press_coordinate'
06-05 18:16:46.794 I/InstrumentationBackend( 3804): Added:'DragCoordinates', with key:'drag_coordinates'
06-05 18:16:46.794 I/InstrumentationBackend( 3804): Added:'ResumeApplication', with key:'resume_application'
06-05 18:16:46.794 I/InstrumentationBackend( 3804): Added:'Swipe', with key:'swipe'
06-05 18:16:46.794 I/InstrumentationBackend( 3804): Added:'DoubleTapCoordinate', with key:'double_tap_coordinate'
06-05 18:16:46.794 I/InstrumentationBackend( 3804): Added:'ClickOnScreen', with key:'click_on_screen'
06-05 18:16:46.794 I/InstrumentationBackend( 3804): Added:'GetActivityName', with key:'get_activity_name'
06-05 18:16:46.794 I/InstrumentationBackend( 3804): Added:'ScrollToView', with key:'scroll_to_view'
06-05 18:16:46.794 I/InstrumentationBackend( 3804): Added:'ViewConfiguration', with key:'view_configuration'
06-05 18:16:46.794 I/InstrumentationBackend( 3804): Added:'IsCurrentActivityFocused', with key:'is_current_activity_focused'
06-05 18:16:46.794 I/InstrumentationBackend( 3804): Added:'SendTcp', with key:'send_tcp'
06-05 18:16:46.794 I/InstrumentationBackend( 3804): Added:'DpToDevicePixel', with key:'dp_to_device_pixel'
06-05 18:16:46.794 I/InstrumentationBackend( 3804): Added:'KeyboardEnterText', with key:'keyboard_enter_text'
06-05 18:16:46.794 I/InstrumentationBackend( 3804): Added:'DeleteSurroundingText', with key:'delete_surrounding_text'
06-05 18:16:46.794 I/InstrumentationBackend( 3804): Added:'SetComposingRegion', with key:'set_composing_region'
06-05 18:16:46.794 I/InstrumentationBackend( 3804): Added:'SetSelection', with key:'set_selection'
06-05 18:16:46.794 I/InstrumentationBackend( 3804): Added:'KeyboardKeyEvent', with key:'keyboard_key_event'
06-05 18:16:46.794 I/InstrumentationBackend( 3804): Added:'PressUserActionButton', with key:'press_user_action_button'
06-05 18:16:46.794 I/InstrumentationBackend( 3804): Added:'HideSoftKeyboard', with key:'hide_soft_keyboard'
06-05 18:16:46.794 I/InstrumentationBackend( 3804): Added:'ListActions', with key:'list_actions'
06-05 18:16:46.794 I/calabash( 3804): Instantiating http server at 7102
06-05 18:16:46.795 I/System.out( 3804): HTTP Daemon listening on: 7102
06-05 18:16:46.796 D/EGL_emulation( 1712): eglMakeCurrent: 0xb4085540: ver 2 0 (tinfo 0xb4083740)
06-05 18:16:46.810 D/EGL_emulation( 1712): eglMakeCurrent: 0xb4085540: ver 2 0 (tinfo 0xb4083740)
06-05 18:16:46.826 D/EGL_emulation( 1712): eglMakeCurrent: 0xb4085540: ver 2 0 (tinfo 0xb4083740)
06-05 18:16:46.828 D/EGL_emulation( 1712): eglMakeCurrent: 0xb4085540: ver 2 0 (tinfo 0xb4083740)
06-05 18:16:46.844 D/EGL_emulation( 1712): eglMakeCurrent: 0xb4085540: ver 2 0 (tinfo 0xb4083740)
06-05 18:16:46.849 D/EGL_emulation( 1712): eglMakeCurrent: 0xb4085540: ver 2 0 (tinfo 0xb4083740)
06-05 18:16:46.881 I/System.out( 3804): URI: //ping
06-05 18:16:46.881 I/System.out( 3804): params: {json={}
06-05 18:16:46.881 I/System.out( 3804): }
06-05 18:16:46.888 I/System.out( 3804): URI: //ping
06-05 18:16:46.888 I/System.out( 3804): params: {json={}
06-05 18:16:46.888 I/System.out( 3804): }
06-05 18:16:46.895 I/System.out( 3804): URI: //ready
06-05 18:16:46.895 I/System.out( 3804): params: {json={}
06-05 18:16:46.895 I/System.out( 3804): }
06-05 18:16:46.903 I/System.out( 3804): URI: //
06-05 18:16:46.904 I/System.out( 3804): params: {json={"command":"version","arguments":[]}
06-05 18:16:46.904 I/System.out( 3804): }
06-05 18:16:46.904 I/System.out( 3804): header: {content-type=application/json;charset=utf-8, date=Fri, 05 Jun 2020 23:16:47 GMT, accept=*/*, host=127.0.0.1:34784, content-length=36, user-agent=HTTPClient/1.0 (2.8.3, ruby 2.5.1 (2018-03-29))}
06-05 18:16:46.904 I/System.out( 3804): params: {json={"command":"version","arguments":[]}
06-05 18:16:46.904 I/System.out( 3804): }
06-05 18:16:46.904 I/System.out( 3804): ProP json = {"command":"version","arguments":[]}
06-05 18:16:46.904 I/System.out( 3804): files: {}
06-05 18:16:46.904 I/System.out( 3804): command: {"command":"version","arguments":[]}
06-05 18:16:46.915 I/InstrumentationBackend( 3804): Got command:'Command:'Line:null,version', arguments:'[]'
06-05 18:16:46.936 I/System.out( 3804): result:{"bonusInformation":[],"message":"0.9.8","success":true}
06-05 18:16:46.943 I/System.out( 3804): URI: //start-application
06-05 18:16:46.943 I/System.out( 3804): params: {json={"intent":null}
06-05 18:16:46.943 I/System.out( 3804): }
06-05 18:16:46.975 I/ActivityManager( 1630): START u0 {act=android.intent.action.MAIN cat=[android.intent.category.LAUNCHER] flg=0x10200000 cmp=com.evancharlton.mileage/.Mileage} from uid 10150 on display 0
06-05 18:16:46.998 I/calabash( 3804): newActivity1
06-05 18:16:47.011 D/gralloc_ranchu( 1346): gralloc_alloc: Creating ashmem region of size 9023488
06-05 18:16:47.044 I/calabash( 3804): newActivity1
06-05 18:16:47.048 W/ActivityManager( 1630): Bad activity token: android.os.BinderProxy@d3d2146
06-05 18:16:47.048 W/ActivityManager( 1630): java.lang.ClassCastException: android.os.BinderProxy cannot be cast to com.android.server.am.ActivityRecord$Token
06-05 18:16:47.048 W/ActivityManager( 1630): 	at com.android.server.am.ActivityRecord.forTokenLocked(ActivityRecord.java:586)
06-05 18:16:47.048 W/ActivityManager( 1630): 	at com.android.server.am.ActivityRecord.isInStackLocked(ActivityRecord.java:1327)
06-05 18:16:47.048 W/ActivityManager( 1630): 	at com.android.server.am.ActivityRecord.getStackLocked(ActivityRecord.java:1332)
06-05 18:16:47.048 W/ActivityManager( 1630): 	at com.android.server.am.ActivityManagerService.getActivityDisplayId(ActivityManagerService.java:9806)
06-05 18:16:47.048 W/ActivityManager( 1630): 	at android.app.ActivityManagerNative.onTransact(ActivityManagerNative.java:2566)
06-05 18:16:47.048 W/ActivityManager( 1630): 	at com.android.server.am.ActivityManagerService.onTransact(ActivityManagerService.java:2757)
06-05 18:16:47.048 W/ActivityManager( 1630): 	at android.os.Binder.execTransact(Binder.java:565)
06-05 18:16:47.051 W/ActivityManager( 1630): Bad activity token: android.os.BinderProxy@d3d2146
06-05 18:16:47.051 W/ActivityManager( 1630): java.lang.ClassCastException: android.os.BinderProxy cannot be cast to com.android.server.am.ActivityRecord$Token
06-05 18:16:47.051 W/ActivityManager( 1630): 	at com.android.server.am.ActivityRecord.forTokenLocked(ActivityRecord.java:586)
06-05 18:16:47.051 W/ActivityManager( 1630): 	at com.android.server.am.ActivityRecord.isInStackLocked(ActivityRecord.java:1327)
06-05 18:16:47.051 W/ActivityManager( 1630): 	at com.android.server.am.ActivityManagerService.setTaskDescription(ActivityManagerService.java:9358)
06-05 18:16:47.051 W/ActivityManager( 1630): 	at android.app.ActivityManagerNative.onTransact(ActivityManagerNative.java:2639)
06-05 18:16:47.051 W/ActivityManager( 1630): 	at com.android.server.am.ActivityManagerService.onTransact(ActivityManagerService.java:2757)
06-05 18:16:47.051 W/ActivityManager( 1630): 	at android.os.Binder.execTransact(Binder.java:565)
06-05 18:16:47.053 W/ActivityManager( 1630): Bad activity token: android.os.BinderProxy@d3d2146
06-05 18:16:47.053 W/ActivityManager( 1630): java.lang.ClassCastException: android.os.BinderProxy cannot be cast to com.android.server.am.ActivityRecord$Token
06-05 18:16:47.053 W/ActivityManager( 1630): 	at com.android.server.am.ActivityRecord.forTokenLocked(ActivityRecord.java:586)
06-05 18:16:47.053 W/ActivityManager( 1630): 	at com.android.server.am.ActivityRecord.isInStackLocked(ActivityRecord.java:1327)
06-05 18:16:47.053 W/ActivityManager( 1630): 	at com.android.server.am.ActivityRecord.getStackLocked(ActivityRecord.java:1332)
06-05 18:16:47.053 W/ActivityManager( 1630): 	at com.android.server.am.ActivityManagerService.getActivityStackId(ActivityManagerService.java:9817)
06-05 18:16:47.053 W/ActivityManager( 1630): 	at android.app.ActivityManagerNative.onTransact(ActivityManagerNative.java:2856)
06-05 18:16:47.053 W/ActivityManager( 1630): 	at com.android.server.am.ActivityManagerService.onTransact(ActivityManagerService.java:2757)
06-05 18:16:47.053 W/ActivityManager( 1630): 	at android.os.Binder.execTransact(Binder.java:565)
06-05 18:16:47.076 I/WindowManager( 1630): Destroying surface Surface(name=com.evancharlton.mileage/com.evancharlton.mileage.Mileage) called by com.android.server.wm.WindowStateAnimator.destroySurface:2016 com.android.server.wm.WindowStateAnimator.destroySurfaceLocked:882 com.android.server.wm.WindowState.removeLocked:1456 com.android.server.wm.WindowManagerService.removeWindowInnerLocked:2484 com.android.server.wm.AppWindowToken.destroySurfaces:365 com.android.server.wm.WindowStateAnimator.finishExit:565 com.android.server.wm.WindowStateAnimator.stepAnimationLocked:491 com.android.server.wm.WindowAnimator.updateWindowsLocked:303 
06-05 18:16:47.080 V/PhoneStatusBar( 1712): setLightsOn(true)
06-05 18:16:47.094 D/EGL_emulation( 2099): eglMakeCurrent: 0xb4085240: ver 2 0 (tinfo 0xb40832d0)
06-05 18:16:47.095 W/ActivityManager( 1630): Bad activity token: android.os.BinderProxy@d3d2146
06-05 18:16:47.095 W/ActivityManager( 1630): java.lang.ClassCastException: android.os.BinderProxy cannot be cast to com.android.server.am.ActivityRecord$Token
06-05 18:16:47.095 W/ActivityManager( 1630): 	at com.android.server.am.ActivityRecord.forTokenLocked(ActivityRecord.java:586)
06-05 18:16:47.095 W/ActivityManager( 1630): 	at com.android.server.am.ActivityRecord.isInStackLocked(ActivityRecord.java:1327)
06-05 18:16:47.095 W/ActivityManager( 1630): 	at com.android.server.am.ActivityManagerService.getActivityOptions(ActivityManagerService.java:12559)
06-05 18:16:47.095 W/ActivityManager( 1630): 	at android.app.ActivityManagerNative.onTransact(ActivityManagerNative.java:1933)
06-05 18:16:47.095 W/ActivityManager( 1630): 	at com.android.server.am.ActivityManagerService.onTransact(ActivityManagerService.java:2757)
06-05 18:16:47.095 W/ActivityManager( 1630): 	at android.os.Binder.execTransact(Binder.java:565)
06-05 18:16:47.096 W/ActivityManager( 1630): Bad activity token: android.os.BinderProxy@d3d2146
06-05 18:16:47.096 W/ActivityManager( 1630): java.lang.ClassCastException: android.os.BinderProxy cannot be cast to com.android.server.am.ActivityRecord$Token
06-05 18:16:47.096 W/ActivityManager( 1630): 	at com.android.server.am.ActivityRecord.forTokenLocked(ActivityRecord.java:586)
06-05 18:16:47.096 W/ActivityManager( 1630): 	at com.android.server.am.ActivityRecord.isInStackLocked(ActivityRecord.java:1327)
06-05 18:16:47.096 W/ActivityManager( 1630): 	at com.android.server.am.ActivityManagerService.getActivityOptions(ActivityManagerService.java:12559)
06-05 18:16:47.096 W/ActivityManager( 1630): 	at android.app.ActivityManagerNative.onTransact(ActivityManagerNative.java:1933)
06-05 18:16:47.096 W/ActivityManager( 1630): 	at com.android.server.am.ActivityManagerService.onTransact(ActivityManagerService.java:2757)
06-05 18:16:47.096 W/ActivityManager( 1630): 	at android.os.Binder.execTransact(Binder.java:565)
06-05 18:16:47.096 D/EGL_emulation( 1712): eglMakeCurrent: 0xb4085540: ver 2 0 (tinfo 0xb4083740)
06-05 18:16:47.109 D/EGL_emulation( 1712): eglMakeCurrent: 0xb4085540: ver 2 0 (tinfo 0xb4083740)
06-05 18:16:47.113 D/EGL_emulation( 1712): eglMakeCurrent: 0xb4085540: ver 2 0 (tinfo 0xb4083740)
06-05 18:16:47.113 V/PhoneStatusBar( 1712): setLightsOn(true)
06-05 18:16:47.126 D/EGL_emulation( 1712): eglMakeCurrent: 0xb4085540: ver 2 0 (tinfo 0xb4083740)
06-05 18:16:47.128 D/EGL_emulation( 1712): eglMakeCurrent: 0xb4085540: ver 2 0 (tinfo 0xb4083740)
06-05 18:16:47.143 D/EGL_emulation( 1712): eglMakeCurrent: 0xb4085540: ver 2 0 (tinfo 0xb4083740)
06-05 18:16:47.145 D/EGL_emulation( 1712): eglMakeCurrent: 0xb4085540: ver 2 0 (tinfo 0xb4083740)
06-05 18:16:47.147 D/gralloc_ranchu( 1346): gralloc_alloc: Creating ashmem region of size 9023488
06-05 18:16:47.153 D/        ( 3804): HostConnection::get() New Host Connection established 0x97d2b4c0, tid 3804
06-05 18:16:47.190 D/EGL_emulation( 1712): eglMakeCurrent: 0xb4085540: ver 2 0 (tinfo 0xb4083740)
06-05 18:16:47.193 D/EGL_emulation( 1712): eglMakeCurrent: 0xb4085540: ver 2 0 (tinfo 0xb4083740)
06-05 18:16:47.194 V/PhoneStatusBar( 1712): setLightsOn(true)
06-05 18:16:47.196 D/EGL_emulation( 1712): eglMakeCurrent: 0xb4085540: ver 2 0 (tinfo 0xb4083740)
06-05 18:16:47.198 D/EGL_emulation( 1712): eglMakeCurrent: 0xb4085540: ver 2 0 (tinfo 0xb4083740)
06-05 18:16:47.210 D/EGL_emulation( 1712): eglMakeCurrent: 0xb4085540: ver 2 0 (tinfo 0xb4083740)
06-05 18:16:47.213 D/EGL_emulation( 1712): eglMakeCurrent: 0xb4085540: ver 2 0 (tinfo 0xb4083740)
06-05 18:16:47.228 I/ActivityManager( 1630): Displayed com.evancharlton.mileage/.Mileage: +240ms
06-05 18:16:47.229 D/gralloc_ranchu( 1346): gralloc_alloc: Creating ashmem region of size 9023488
06-05 18:16:47.229 D/EGL_emulation( 1712): eglMakeCurrent: 0xb4085540: ver 2 0 (tinfo 0xb4083740)
06-05 18:16:47.262 D/EGL_emulation( 1712): eglMakeCurrent: 0xb4085540: ver 2 0 (tinfo 0xb4083740)
06-05 18:16:47.265 V/PhoneStatusBar( 1712): setLightsOn(true)
06-05 18:16:47.269 D/EGL_emulation( 1712): eglMakeCurrent: 0xb4085540: ver 2 0 (tinfo 0xb4083740)
06-05 18:16:47.291 D/EGL_emulation( 1712): eglMakeCurrent: 0xb4085540: ver 2 0 (tinfo 0xb4083740)
06-05 18:16:47.300 D/EGL_emulation( 1712): eglMakeCurrent: 0xb4085540: ver 2 0 (tinfo 0xb4083740)
06-05 18:16:47.308 D/EGL_emulation( 1712): eglMakeCurrent: 0xb4085540: ver 2 0 (tinfo 0xb4083740)
06-05 18:16:47.309 V/PhoneStatusBar( 1712): setLightsOn(true)
06-05 18:16:47.314 D/EGL_emulation( 1712): eglMakeCurrent: 0xb4085540: ver 2 0 (tinfo 0xb4083740)
06-05 18:16:47.370 I/System.out( 3804): URI: //map
06-05 18:16:47.370 I/System.out( 3804): params: {json={"query":"* marked:'Statistics'","operation":{"method_name":"query","arguments":[]}}
06-05 18:16:47.370 I/System.out( 3804): }
06-05 18:16:47.426 W/ResourceType( 3804): No package identifier when getting name for resource number 0x00000001
06-05 18:16:47.443 I/WindowManager( 1630): Destroying surface Surface(name=Starting com.evancharlton.mileage) called by com.android.server.wm.WindowStateAnimator.destroySurface:2016 com.android.server.wm.WindowStateAnimator.destroySurfaceLocked:882 com.android.server.wm.WindowState.destroyOrSaveSurface:2100 com.android.server.wm.AppWindowToken.destroySurfaces:363 com.android.server.wm.WindowStateAnimator.finishExit:565 com.android.server.wm.WindowStateAnimator.stepAnimationLocked:491 com.android.server.wm.WindowAnimator.updateWindowsLocked:303 com.android.server.wm.WindowAnimator.animateLocked:704 
06-05 18:16:47.447 V/PhoneStatusBar( 1712): setLightsOn(true)
06-05 18:16:47.460 V/PhoneStatusBar( 1712): setLightsOn(true)
06-05 18:16:47.473 I/System.out( 3804): URI: //gesture
06-05 18:16:47.473 I/System.out( 3804): params: {json={"query_timeout":5.0,"gestures":[{"query_string":"* marked:'Statistics'","touches":[{"x":50,"y":50,"offset_x":0,"offset_y":0,"wait":0.0,"time":0.2,"release":true,"query_string":null}]}]}
06-05 18:16:47.473 I/System.out( 3804): }
06-05 18:16:47.485 W/ResourceType( 3804): No package identifier when getting name for resource number 0x00000001
06-05 18:16:47.543 V/PhoneStatusBar( 1712): setLightsOn(true)
06-05 18:16:47.715 I/calabash( 3804): newActivity1
06-05 18:16:47.738 I/System.out( 3804): URI: //map
06-05 18:16:47.738 I/System.out( 3804): params: {json={"query":"* {text CONTAINS[c] 'Average distance'}","operation":{"method_name":"query","arguments":[]}}
06-05 18:16:47.738 I/System.out( 3804): }
06-05 18:16:47.741 W/ActivityManager( 1630): Bad activity token: android.os.BinderProxy@462b664
06-05 18:16:47.741 W/ActivityManager( 1630): java.lang.ClassCastException: android.os.BinderProxy cannot be cast to com.android.server.am.ActivityRecord$Token
06-05 18:16:47.741 W/ActivityManager( 1630): 	at com.android.server.am.ActivityRecord.forTokenLocked(ActivityRecord.java:586)
06-05 18:16:47.741 W/ActivityManager( 1630): 	at com.android.server.am.ActivityRecord.isInStackLocked(ActivityRecord.java:1327)
06-05 18:16:47.741 W/ActivityManager( 1630): 	at com.android.server.am.ActivityRecord.getStackLocked(ActivityRecord.java:1332)
06-05 18:16:47.741 W/ActivityManager( 1630): 	at com.android.server.am.ActivityManagerService.getActivityDisplayId(ActivityManagerService.java:9806)
06-05 18:16:47.741 W/ActivityManager( 1630): 	at android.app.ActivityManagerNative.onTransact(ActivityManagerNative.java:2566)
06-05 18:16:47.741 W/ActivityManager( 1630): 	at com.android.server.am.ActivityManagerService.onTransact(ActivityManagerService.java:2757)
06-05 18:16:47.741 W/ActivityManager( 1630): 	at android.os.Binder.execTransact(Binder.java:565)
06-05 18:16:47.743 W/ActivityManager( 1630): Bad activity token: android.os.BinderProxy@462b664
06-05 18:16:47.743 W/ActivityManager( 1630): java.lang.ClassCastException: android.os.BinderProxy cannot be cast to com.android.server.am.ActivityRecord$Token
06-05 18:16:47.743 W/ActivityManager( 1630): 	at com.android.server.am.ActivityRecord.forTokenLocked(ActivityRecord.java:586)
06-05 18:16:47.743 W/ActivityManager( 1630): 	at com.android.server.am.ActivityRecord.isInStackLocked(ActivityRecord.java:1327)
06-05 18:16:47.743 W/ActivityManager( 1630): 	at com.android.server.am.ActivityManagerService.setTaskDescription(ActivityManagerService.java:9358)
06-05 18:16:47.743 W/ActivityManager( 1630): 	at android.app.ActivityManagerNative.onTransact(ActivityManagerNative.java:2639)
06-05 18:16:47.743 W/ActivityManager( 1630): 	at com.android.server.am.ActivityManagerService.onTransact(ActivityManagerService.java:2757)
06-05 18:16:47.743 W/ActivityManager( 1630): 	at android.os.Binder.execTransact(Binder.java:565)
06-05 18:16:47.743 W/ActivityManager( 1630): Bad activity token: android.os.BinderProxy@462b664
06-05 18:16:47.743 W/ActivityManager( 1630): java.lang.ClassCastException: android.os.BinderProxy cannot be cast to com.android.server.am.ActivityRecord$Token
06-05 18:16:47.743 W/ActivityManager( 1630): 	at com.android.server.am.ActivityRecord.forTokenLocked(ActivityRecord.java:586)
06-05 18:16:47.743 W/ActivityManager( 1630): 	at com.android.server.am.ActivityRecord.isInStackLocked(ActivityRecord.java:1327)
06-05 18:16:47.743 W/ActivityManager( 1630): 	at com.android.server.am.ActivityRecord.getStackLocked(ActivityRecord.java:1332)
06-05 18:16:47.743 W/ActivityManager( 1630): 	at com.android.server.am.ActivityManagerService.getActivityStackId(ActivityManagerService.java:9817)
06-05 18:16:47.743 W/ActivityManager( 1630): 	at android.app.ActivityManagerNative.onTransact(ActivityManagerNative.java:2856)
06-05 18:16:47.743 W/ActivityManager( 1630): 	at com.android.server.am.ActivityManagerService.onTransact(ActivityManagerService.java:2757)
06-05 18:16:47.743 W/ActivityManager( 1630): 	at android.os.Binder.execTransact(Binder.java:565)
06-05 18:16:47.749 D/VehicleStatisticsActivity( 3804): Checking recalculation ...
06-05 18:16:47.750 D/VehicleStatisticsActivity( 3804): Recalculation not necessary.
06-05 18:16:47.759 W/ActivityManager( 1630): Bad activity token: android.os.BinderProxy@462b664
06-05 18:16:47.759 W/ActivityManager( 1630): java.lang.ClassCastException: android.os.BinderProxy cannot be cast to com.android.server.am.ActivityRecord$Token
06-05 18:16:47.759 W/ActivityManager( 1630): 	at com.android.server.am.ActivityRecord.forTokenLocked(ActivityRecord.java:586)
06-05 18:16:47.759 W/ActivityManager( 1630): 	at com.android.server.am.ActivityRecord.isInStackLocked(ActivityRecord.java:1327)
06-05 18:16:47.759 W/ActivityManager( 1630): 	at com.android.server.am.ActivityManagerService.getActivityOptions(ActivityManagerService.java:12559)
06-05 18:16:47.759 W/ActivityManager( 1630): 	at android.app.ActivityManagerNative.onTransact(ActivityManagerNative.java:1933)
06-05 18:16:47.759 W/ActivityManager( 1630): 	at com.android.server.am.ActivityManagerService.onTransact(ActivityManagerService.java:2757)
06-05 18:16:47.759 W/ActivityManager( 1630): 	at android.os.Binder.execTransact(Binder.java:565)
06-05 18:16:47.759 W/ActivityManager( 1630): Bad activity token: android.os.BinderProxy@462b664
06-05 18:16:47.759 W/ActivityManager( 1630): java.lang.ClassCastException: android.os.BinderProxy cannot be cast to com.android.server.am.ActivityRecord$Token
06-05 18:16:47.759 W/ActivityManager( 1630): 	at com.android.server.am.ActivityRecord.forTokenLocked(ActivityRecord.java:586)
06-05 18:16:47.759 W/ActivityManager( 1630): 	at com.android.server.am.ActivityRecord.isInStackLocked(ActivityRecord.java:1327)
06-05 18:16:47.759 W/ActivityManager( 1630): 	at com.android.server.am.ActivityManagerService.getActivityOptions(ActivityManagerService.java:12559)
06-05 18:16:47.759 W/ActivityManager( 1630): 	at android.app.ActivityManagerNative.onTransact(ActivityManagerNative.java:1933)
06-05 18:16:47.759 W/ActivityManager( 1630): 	at com.android.server.am.ActivityManagerService.onTransact(ActivityManagerService.java:2757)
06-05 18:16:47.759 W/ActivityManager( 1630): 	at android.os.Binder.execTransact(Binder.java:565)
06-05 18:16:47.761 D/VehicleStatisticsActivity( 3804): Checking recalculation ...
06-05 18:16:47.761 D/VehicleStatisticsActivity( 3804): Recalculation not necessary.
06-05 18:16:47.842 V/PhoneStatusBar( 1712): setLightsOn(true)
06-05 18:16:47.843 V/PhoneStatusBar( 1712): setLightsOn(true)
06-05 18:16:47.844 W/OpenGLRenderer( 2099): Incorrectly called buildLayer on View: ShortcutAndWidgetContainer, destroying layer...
06-05 18:16:47.844 I/art     ( 3804): Do partial code cache collection, code=30KB, data=30KB
06-05 18:16:47.844 I/art     ( 3804): After code cache collection, code=29KB, data=29KB
06-05 18:16:47.844 I/art     ( 3804): Increasing code cache capacity to 128KB
06-05 18:16:47.856 I/System.out( 3804): URI: //map
06-05 18:16:47.856 I/System.out( 3804): params: {json={"query":"* {text CONTAINS[c] 'Minimum distance'}","operation":{"method_name":"query","arguments":[]}}
06-05 18:16:47.856 I/System.out( 3804): }
06-05 18:16:47.860 V/PhoneStatusBar( 1712): setLightsOn(true)
06-05 18:16:47.860 I/WindowManager( 1630): Destroying surface Surface(name=com.android.launcher3/com.android.launcher3.Launcher) called by com.android.server.wm.WindowStateAnimator.destroySurface:2016 com.android.server.wm.WindowStateAnimator.destroySurfaceLocked:882 com.android.server.wm.WindowState.destroyOrSaveSurface:2100 com.android.server.wm.AppWindowToken.destroySurfaces:363 com.android.server.wm.AppWindowToken.notifyAppStopped:389 com.android.server.wm.WindowManagerService.notifyAppStopped:4463 com.android.server.am.ActivityStack.activityStoppedLocked:1252 com.android.server.am.ActivityManagerService.activityStopped:6903 
06-05 18:16:47.874 I/System.out( 3804): URI: //map
06-05 18:16:47.874 I/System.out( 3804): params: {json={"query":"* {text CONTAINS[c] 'Maximum distance'}","operation":{"method_name":"query","arguments":[]}}
06-05 18:16:47.874 I/System.out( 3804): }
