06-06 01:00:35.628 I/System.out(24853): command: {"command":"keyboard_enter_text","arguments":["Gray Brown"]}
06-06 01:00:35.629 I/InstrumentationBackend(24853): Got command:'Command:'Line:null,keyboard_enter_text', arguments:'[Gray Brown]'
06-06 01:00:35.630 E/SpannableStringBuilder(24853): SPAN_EXCLUSIVE_EXCLUSIVE spans cannot have a zero length
06-06 01:00:35.630 E/SpannableStringBuilder(24853): SPAN_EXCLUSIVE_EXCLUSIVE spans cannot have a zero length
06-06 01:00:35.636 I/LatinIME:LogUtils( 1698): Dictionary info: dictionary = spellcheck_userunigram.en_US ; version = 1591423235 ; date = ?
06-06 01:00:35.638 E/SpannableStringBuilder(24853): SPAN_EXCLUSIVE_EXCLUSIVE spans cannot have a zero length
06-06 01:00:35.638 E/SpannableStringBuilder(24853): SPAN_EXCLUSIVE_EXCLUSIVE spans cannot have a zero length
06-06 01:00:35.643 I/System.out(24853): result:{"bonusInformation":[],"message":"","success":true}
06-06 01:00:35.645 I/LatinIME:LogUtils( 1698): Dictionary info: dictionary = main:en ; version = 54 ; date = 1414726273
06-06 01:00:35.647 I/System.out(24853): URI: //
06-06 01:00:35.647 I/System.out(24853): params: {json={"command":"press_key","arguments":["KEYCODE_BACK"]}
06-06 01:00:35.647 I/System.out(24853): }
06-06 01:00:35.647 I/System.out(24853): header: {content-type=application/json;charset=utf-8, date=Sat, 06 Jun 2020 06:00:35 GMT, accept=*/*, host=127.0.0.1:34777, content-length=52, user-agent=HTTPClient/1.0 (2.8.3, ruby 2.5.1 (2018-03-29))}
06-06 01:00:35.647 I/System.out(24853): params: {json={"command":"press_key","arguments":["KEYCODE_BACK"]}
06-06 01:00:35.647 I/System.out(24853): }
06-06 01:00:35.647 I/System.out(24853): ProP json = {"command":"press_key","arguments":["KEYCODE_BACK"]}
06-06 01:00:35.647 I/System.out(24853): files: {}
06-06 01:00:35.647 I/System.out(24853): command: {"command":"press_key","arguments":["KEYCODE_BACK"]}
06-06 01:00:35.649 I/InstrumentationBackend(24853): Got command:'Command:'Line:null,press_key', arguments:'[KEYCODE_BACK]'
06-06 01:00:35.651 I/art     (24853): Compiler allocated 7MB to compile sh.calaba.instrumentationbackend.actions.NanoHTTPD$Response sh.calaba.instrumentationbackend.actions.HttpServer.serve(java.lang.String, java.lang.String, java.util.Properties, java.util.Properties, java.util.Properties)
06-06 01:00:35.680 W/InputMethodService( 1698): Window size has been changed. This may cause jankiness of resizing window: -1 -> -2
06-06 01:00:35.681 I/System.out(24853): result:{"bonusInformation":[],"message":"","success":true}
06-06 01:00:35.684 D/EGL_emulation( 1712): eglMakeCurrent: 0xb0685360: ver 2 0 (tinfo 0xb06836c0)
06-06 01:00:35.684 I/System.out(24853): URI: //map
06-06 01:00:35.685 I/System.out(24853): params: {json={"query":"* marked:'Save changes'","operation":{"method_name":"query","arguments":[]}}
06-06 01:00:35.685 I/System.out(24853): }
06-06 01:00:35.685 D/EGL_emulation( 1698): eglMakeCurrent: 0xb0685060: ver 2 0 (tinfo 0xb0683b60)
06-06 01:00:35.689 V/PhoneStatusBar( 1712): setLightsOn(true)
06-06 01:00:35.691 W/ResourceType(24853): No package identifier when getting name for resource number 0x00000001
06-06 01:00:35.691 V/PhoneStatusBar( 1712): setLightsOn(true)
06-06 01:00:35.701 I/System.out(24853): URI: //gesture
06-06 01:00:35.701 I/System.out(24853): params: {json={"query_timeout":5.0,"gestures":[{"query_string":"* marked:'Save changes'","touches":[{"x":50,"y":50,"offset_x":0,"offset_y":0,"wait":0.0,"time":0.2,"release":true,"query_string":null}]}]}
06-06 01:00:35.701 I/System.out(24853): }
06-06 01:00:35.703 V/PhoneStatusBar( 1712): setLightsOn(true)
06-06 01:00:35.727 W/ResourceType(24853): No package identifier when getting name for resource number 0x00000001
06-06 01:00:35.869 V/PhoneStatusBar( 1712): setLightsOn(true)
06-06 01:00:35.871 I/WindowManager( 1631): Destroying surface Surface(name=InputMethod) called by com.android.server.wm.WindowStateAnimator.destroySurface:2016 com.android.server.wm.WindowStateAnimator.destroySurfaceLocked:882 com.android.server.wm.WindowState.destroyOrSaveSurface:2100 com.android.server.wm.WindowSurfacePlacer.performSurfacePlacementInner:429 com.android.server.wm.WindowSurfacePlacer.performSurfacePlacementLoop:232 com.android.server.wm.WindowSurfacePlacer.performSurfacePlacement:180 com.android.server.wm.WindowManagerService$H.handleMessage:8086 android.os.Handler.dispatchMessage:102 
06-06 01:00:35.959 W/audio_hw_generic( 1394): Not supplying enough data to HAL, expected position 516102641 , only wrote 516102480
06-06 01:00:35.980 V/PhoneStatusBar( 1712): setLightsOn(true)
06-06 01:00:35.999 I/System.out(24853): URI: //map
06-06 01:00:35.999 I/System.out(24853): params: {json={"query":"* {text CONTAINS[c] 'Javier Vehicle'}","operation":{"method_name":"query","arguments":[]}}
06-06 01:00:36.000 I/System.out(24853): }
06-06 01:00:36.093 V/PhoneStatusBar( 1712): setLightsOn(true)
06-06 01:00:36.094 D/Mileage.ABS(24853): Finished backup
06-06 01:00:36.100 D/Mileage.ABS(24853): Not backing up; 18
06-06 01:00:36.101 D/Mileage.ABS(24853): Not backing up; 19
06-06 01:00:36.101 D/EGL_emulation( 1712): eglMakeCurrent: 0xb0685360: ver 2 0 (tinfo 0xb06836c0)
06-06 01:00:36.105 W/ActivityManager( 1631): Bad activity token: android.os.BinderProxy@7d818c5
06-06 01:00:36.105 W/ActivityManager( 1631): java.lang.ClassCastException: android.os.BinderProxy cannot be cast to com.android.server.am.ActivityRecord$Token
06-06 01:00:36.105 W/ActivityManager( 1631): 	at com.android.server.am.ActivityRecord.forTokenLocked(ActivityRecord.java:586)
06-06 01:00:36.105 W/ActivityManager( 1631): 	at com.android.server.am.ActivityRecord.isInStackLocked(ActivityRecord.java:1327)
06-06 01:00:36.105 W/ActivityManager( 1631): 	at com.android.server.am.ActivityManagerService.getActivityOptions(ActivityManagerService.java:12559)
06-06 01:00:36.105 W/ActivityManager( 1631): 	at android.app.ActivityManagerNative.onTransact(ActivityManagerNative.java:1933)
06-06 01:00:36.105 W/ActivityManager( 1631): 	at com.android.server.am.ActivityManagerService.onTransact(ActivityManagerService.java:2757)
06-06 01:00:36.105 W/ActivityManager( 1631): 	at android.os.Binder.execTransact(Binder.java:565)
06-06 01:00:36.117 V/PhoneStatusBar( 1712): setLightsOn(true)
06-06 01:00:36.133 V/PhoneStatusBar( 1712): setLightsOn(true)
06-06 01:00:36.142 D/gralloc_ranchu( 1347): gralloc_alloc: Creating ashmem region of size 9023488
06-06 01:00:36.167 I/System.out(24853): URI: //map
06-06 01:00:36.173 I/System.out(24853): params: {json={"query":"* {text CONTAINS[c] 'Gray Brown'}","operation":{"method_name":"query","arguments":[]}}
06-06 01:00:36.173 I/System.out(24853): }
06-06 01:00:36.183 V/PhoneStatusBar( 1712): setLightsOn(true)
06-06 01:00:36.200 V/PhoneStatusBar( 1712): setLightsOn(true)
06-06 01:00:36.225 W/IInputConnectionWrapper(24853): finishComposingText on inactive InputConnection
06-06 01:00:36.250 V/PhoneStatusBar( 1712): setLightsOn(true)
