--------- beginning of main
06-06 01:00:30.283 V/PhoneStatusBar( 1712): setLightsOn(true)
06-06 01:00:30.286 D/gralloc_ranchu( 1347): gralloc_alloc: Creating ashmem region of size 3145728
06-06 01:00:30.295 E/EGL_emulation( 1347): tid 1347: eglCreateSyncKHR(1901): error 0x3004 (EGL_BAD_ATTRIBUTE)
--------- beginning of system
06-06 01:00:30.314 W/ActivityManager( 1631): Finishing task with all activities already finished
06-06 01:00:30.314 W/ActivityManager( 1631): Duplicate finish request for ActivityRecord{8ff4c9f u0 com.evancharlton.mileage/.Mileage t10867 f}
06-06 01:00:30.315 W/ActivityManager( 1631): Finishing task with all activities already finished
06-06 01:00:30.315 W/ActivityManager( 1631): Duplicate finish request for ActivityRecord{8ff4c9f u0 com.evancharlton.mileage/.Mileage t10867 f}
06-06 01:00:30.315 W/ActivityManager( 1631): Finishing task with all activities already finished
06-06 01:00:30.315 W/ActivityManager( 1631): Duplicate finish request for ActivityRecord{8ff4c9f u0 com.evancharlton.mileage/.Mileage t10867 f}
06-06 01:00:30.315 W/ActivityManager( 1631): Finishing task with all activities already finished
06-06 01:00:30.315 W/ActivityManager( 1631): Duplicate finish request for ActivityRecord{8ff4c9f u0 com.evancharlton.mileage/.Mileage t10867 f}
06-06 01:00:30.315 W/ActivityManager( 1631): Finishing task with all activities already finished
06-06 01:00:30.315 W/ActivityManager( 1631): Duplicate finish request for ActivityRecord{8ff4c9f u0 com.evancharlton.mileage/.Mileage t10867 f}
06-06 01:00:30.316 W/ActivityManager( 1631): Finishing task with all activities already finished
06-06 01:00:30.316 W/ActivityManager( 1631): Duplicate finish request for ActivityRecord{e713076 u0 com.evancharlton.mileage/.VehicleActivity t10867 f}
06-06 01:00:30.316 W/ActivityManager( 1631): Finishing task with all activities already finished
06-06 01:00:30.316 W/ActivityManager( 1631): Duplicate finish request for ActivityRecord{e713076 u0 com.evancharlton.mileage/.VehicleActivity t10867 f}
06-06 01:00:30.316 W/ActivityManager( 1631): Finishing task with all activities already finished
06-06 01:00:30.316 W/ActivityManager( 1631): Duplicate finish request for ActivityRecord{8ff4c9f u0 com.evancharlton.mileage/.Mileage t10867 f}
06-06 01:00:30.316 W/ActivityManager( 1631): Finishing task with all activities already finished
06-06 01:00:30.316 W/ActivityManager( 1631): Duplicate finish request for ActivityRecord{8ff4c9f u0 com.evancharlton.mileage/.Mileage t10867 f}
06-06 01:00:30.345 D/EGL_emulation( 1712): eglMakeCurrent: 0xb0685360: ver 2 0 (tinfo 0xb06836c0)
06-06 01:00:30.350 D/EGL_emulation( 1712): eglMakeCurrent: 0xb0685360: ver 2 0 (tinfo 0xb06836c0)
06-06 01:00:30.351 D/EGL_emulation( 2076): eglMakeCurrent: 0xb0685360: ver 2 0 (tinfo 0xb06836b0)
06-06 01:00:30.384 D/EGL_emulation( 1712): eglMakeCurrent: 0xb0685360: ver 2 0 (tinfo 0xb06836c0)
06-06 01:00:30.400 D/EGL_emulation( 1712): eglMakeCurrent: 0xb0685360: ver 2 0 (tinfo 0xb06836c0)
06-06 01:00:30.403 D/EGL_emulation( 1712): eglMakeCurrent: 0xb0685360: ver 2 0 (tinfo 0xb06836c0)
06-06 01:00:30.405 D/AndroidRuntime(24843): >>>>>> START com.android.internal.os.RuntimeInit uid 2000 <<<<<<
06-06 01:00:30.406 D/AndroidRuntime(24843): CheckJNI is ON
06-06 01:00:30.417 D/EGL_emulation( 1712): eglMakeCurrent: 0xb0685360: ver 2 0 (tinfo 0xb06836c0)
06-06 01:00:30.419 D/EGL_emulation( 1712): eglMakeCurrent: 0xb0685360: ver 2 0 (tinfo 0xb06836c0)
06-06 01:00:30.419 W/art     (24843): Unexpected CPU variant for X86 using defaults: x86
06-06 01:00:30.421 D/ICU     (24843): No timezone override file found: /data/misc/zoneinfo/current/icu/icu_tzdata.dat
06-06 01:00:30.429 E/memtrack(24843): Couldn't load memtrack module (No such file or directory)
06-06 01:00:30.429 E/android.os.Debug(24843): failed to load memtrack module: -2
06-06 01:00:30.430 I/Radio-JNI(24843): register_android_hardware_Radio DONE
06-06 01:00:30.433 D/EGL_emulation( 1712): eglMakeCurrent: 0xb0685360: ver 2 0 (tinfo 0xb06836c0)
06-06 01:00:30.435 D/AndroidRuntime(24843): Calling main entry com.android.commands.am.Am
06-06 01:00:30.435 D/EGL_emulation( 1712): eglMakeCurrent: 0xb0685360: ver 2 0 (tinfo 0xb06836c0)
06-06 01:00:30.436 I/ActivityManager( 1631): Force stopping com.evancharlton.mileage appid=10374 user=0: start instr
06-06 01:00:30.436 I/ActivityManager( 1631): Killing 24775:com.evancharlton.mileage/u0a374 (adj 0): stop com.evancharlton.mileage
06-06 01:00:30.437 D/ActivityManager( 1631): cleanUpApplicationRecord -- 24775
06-06 01:00:30.437 I/WindowManager( 1631): Destroying surface Surface(name=com.evancharlton.mileage/com.evancharlton.mileage.VehicleActivity) called by com.android.server.wm.WindowStateAnimator.destroySurface:2016 com.android.server.wm.WindowStateAnimator.destroySurfaceLocked:882 com.android.server.wm.WindowState.removeLocked:1456 com.android.server.wm.WindowManagerService.removeWindowInnerLocked:2484 com.android.server.wm.WindowManagerService.removeWindowLocked:2442 com.android.server.wm.WindowManagerService.removeWindowLocked:2311 com.android.server.wm.AppWindowToken.removeAllWindows:530 com.android.server.wm.AppWindowToken.removeAppFromTaskLocked:326 
06-06 01:00:30.439 W/ActivityManager( 1631): Crash of app com.evancharlton.mileage running instrumentation ComponentInfo{com.evancharlton.mileage.test/sh.calaba.instrumentationbackend.CalabashInstrumentationTestRunner}
06-06 01:00:30.439 I/ActivityManager( 1631): Force stopping com.evancharlton.mileage appid=10374 user=0: finished inst
06-06 01:00:30.443 I/art     (24853): Not late-enabling -Xcheck:jni (already on)
06-06 01:00:30.444 W/art     (24853): Unexpected CPU variant for X86 using defaults: x86
06-06 01:00:30.450 I/ActivityManager( 1631): Start proc 24853:com.evancharlton.mileage/u0a374 for added application com.evancharlton.mileage
06-06 01:00:30.450 D/AndroidRuntime(24843): Shutting down VM
06-06 01:00:30.450 D/EGL_emulation( 1712): eglMakeCurrent: 0xb0685360: ver 2 0 (tinfo 0xb06836c0)
06-06 01:00:30.452 D/EGL_emulation( 1712): eglMakeCurrent: 0xb0685360: ver 2 0 (tinfo 0xb06836c0)
06-06 01:00:30.455 W/System  (24853): ClassLoader referenced unknown path: /data/app/com.evancharlton.mileage.test-1/lib/x86
06-06 01:00:30.455 W/System  (24853): ClassLoader referenced unknown path: /data/app/com.evancharlton.mileage-1/lib/x86
06-06 01:00:30.458 W/System  (24853): ClassLoader referenced unknown path: 
06-06 01:00:30.462 I/System.out(24853): Main activity name automatically set to: com.evancharlton.mileage.Mileage
06-06 01:00:30.462 I/System.out(24853): Calabash did not load Mono. This is only a problem if you are trying to test a Mono application
06-06 01:00:30.462 I/calabash(24853): Test server port: 7102
06-06 01:00:30.463 I/InstrumentationBackend(24853): Added:'GetPreferences', with key:'get_preferences'
06-06 01:00:30.467 D/EGL_emulation( 1712): eglMakeCurrent: 0xb0685360: ver 2 0 (tinfo 0xb06836c0)
06-06 01:00:30.469 D/EGL_emulation( 1712): eglMakeCurrent: 0xb0685360: ver 2 0 (tinfo 0xb06836c0)
06-06 01:00:30.469 I/InstrumentationBackend(24853): Added:'SetPreferences', with key:'set_preferences'
06-06 01:00:30.469 I/InstrumentationBackend(24853): Added:'ClearPreferences', with key:'clear_preferences'
06-06 01:00:30.469 I/InstrumentationBackend(24853): Added:'PressElement', with key:'press_l10n_element'
06-06 01:00:30.469 I/InstrumentationBackend(24853): Added:'WaitForElement', with key:'wait_for_l10n_element'
06-06 01:00:30.469 I/InstrumentationBackend(24853): Added:'NullAction', with key:'nullAction'
06-06 01:00:30.469 I/InstrumentationBackend(24853): Added:'PressKey', with key:'press_key'
06-06 01:00:30.469 I/InstrumentationBackend(24853): Added:'SetActivityOrientation', with key:'set_activity_orientation'
06-06 01:00:30.469 I/InstrumentationBackend(24853): Added:'GetActivityOrientation', with key:'get_activity_orientation'
06-06 01:00:30.469 I/InstrumentationBackend(24853): Added:'FakeGPSLocation', with key:'set_gps_coordinates'
06-06 01:00:30.469 I/InstrumentationBackend(24853): Added:'SetPropertyByCssSelector', with key:'set_property_by_css_selector'
06-06 01:00:30.469 I/InstrumentationBackend(24853): Added:'GetUrl', with key:'get_url'
06-06 01:00:30.470 I/InstrumentationBackend(24853): Added:'ScrollTo', with key:'scroll_to'
06-06 01:00:30.470 I/InstrumentationBackend(24853): Added:'GetLoadProgress', with key:'get_load_progress'
06-06 01:00:30.470 I/InstrumentationBackend(24853): Added:'DumpHtml', with key:'dump_html'
06-06 01:00:30.470 I/InstrumentationBackend(24853): Added:'DumpBodyHtml', with key:'dump_body_html'
06-06 01:00:30.470 I/InstrumentationBackend(24853): Added:'EnterTextByCssSelector', with key:'enter_text_by_selector'
06-06 01:00:30.470 I/InstrumentationBackend(24853): Added:'AndroidSDKVersion', with key:'android_sdk_version'
06-06 01:00:30.471 I/InstrumentationBackend(24853): Added:'Version', with key:'version'
06-06 01:00:30.471 I/InstrumentationBackend(24853): Added:'Drag', with key:'drag'
06-06 01:00:30.471 I/InstrumentationBackend(24853): Added:'TouchCoordinates', with key:'touch_coordinate'
06-06 01:00:30.471 I/InstrumentationBackend(24853): Added:'LongPressCoordinate', with key:'long_press_coordinate'
06-06 01:00:30.471 I/InstrumentationBackend(24853): Added:'DragCoordinates', with key:'drag_coordinates'
06-06 01:00:30.471 I/InstrumentationBackend(24853): Added:'ResumeApplication', with key:'resume_application'
06-06 01:00:30.471 I/InstrumentationBackend(24853): Added:'Swipe', with key:'swipe'
06-06 01:00:30.471 I/InstrumentationBackend(24853): Added:'DoubleTapCoordinate', with key:'double_tap_coordinate'
06-06 01:00:30.471 I/InstrumentationBackend(24853): Added:'ClickOnScreen', with key:'click_on_screen'
06-06 01:00:30.471 I/InstrumentationBackend(24853): Added:'GetActivityName', with key:'get_activity_name'
06-06 01:00:30.471 I/InstrumentationBackend(24853): Added:'ScrollToView', with key:'scroll_to_view'
06-06 01:00:30.471 I/InstrumentationBackend(24853): Added:'ViewConfiguration', with key:'view_configuration'
06-06 01:00:30.471 I/InstrumentationBackend(24853): Added:'IsCurrentActivityFocused', with key:'is_current_activity_focused'
06-06 01:00:30.471 I/InstrumentationBackend(24853): Added:'SendTcp', with key:'send_tcp'
06-06 01:00:30.471 I/InstrumentationBackend(24853): Added:'DpToDevicePixel', with key:'dp_to_device_pixel'
06-06 01:00:30.472 I/InstrumentationBackend(24853): Added:'KeyboardEnterText', with key:'keyboard_enter_text'
06-06 01:00:30.472 I/InstrumentationBackend(24853): Added:'DeleteSurroundingText', with key:'delete_surrounding_text'
06-06 01:00:30.472 I/InstrumentationBackend(24853): Added:'SetComposingRegion', with key:'set_composing_region'
06-06 01:00:30.472 I/InstrumentationBackend(24853): Added:'SetSelection', with key:'set_selection'
06-06 01:00:30.472 I/InstrumentationBackend(24853): Added:'KeyboardKeyEvent', with key:'keyboard_key_event'
06-06 01:00:30.472 I/InstrumentationBackend(24853): Added:'PressUserActionButton', with key:'press_user_action_button'
06-06 01:00:30.472 I/InstrumentationBackend(24853): Added:'HideSoftKeyboard', with key:'hide_soft_keyboard'
06-06 01:00:30.472 I/InstrumentationBackend(24853): Added:'ListActions', with key:'list_actions'
06-06 01:00:30.472 I/calabash(24853): Instantiating http server at 7102
06-06 01:00:30.473 I/System.out(24853): HTTP Daemon listening on: 7102
06-06 01:00:30.483 D/EGL_emulation( 1712): eglMakeCurrent: 0xb0685360: ver 2 0 (tinfo 0xb06836c0)
06-06 01:00:30.484 I/WindowManager( 1631): WIN DEATH: Window{bda9b8f u0 com.evancharlton.mileage/com.evancharlton.mileage.Mileage EXITING}
06-06 01:00:30.497 D/EGL_emulation( 1712): eglMakeCurrent: 0xb0685360: ver 2 0 (tinfo 0xb06836c0)
06-06 01:00:30.500 D/EGL_emulation( 1712): eglMakeCurrent: 0xb0685360: ver 2 0 (tinfo 0xb06836c0)
06-06 01:00:30.502 D/EGL_emulation( 1712): eglMakeCurrent: 0xb0685360: ver 2 0 (tinfo 0xb06836c0)
06-06 01:00:30.517 D/EGL_emulation( 1712): eglMakeCurrent: 0xb0685360: ver 2 0 (tinfo 0xb06836c0)
06-06 01:00:30.519 D/EGL_emulation( 1712): eglMakeCurrent: 0xb0685360: ver 2 0 (tinfo 0xb06836c0)
06-06 01:00:30.533 D/EGL_emulation( 1712): eglMakeCurrent: 0xb0685360: ver 2 0 (tinfo 0xb06836c0)
06-06 01:00:30.536 D/EGL_emulation( 1712): eglMakeCurrent: 0xb0685360: ver 2 0 (tinfo 0xb06836c0)
06-06 01:00:30.551 D/EGL_emulation( 1712): eglMakeCurrent: 0xb0685360: ver 2 0 (tinfo 0xb06836c0)
06-06 01:00:30.560 I/System.out(24853): URI: //ping
06-06 01:00:30.560 I/System.out(24853): params: {json={}
06-06 01:00:30.560 I/System.out(24853): }
06-06 01:00:30.563 I/System.out(24853): URI: //ping
06-06 01:00:30.563 I/System.out(24853): params: {json={}
06-06 01:00:30.563 I/System.out(24853): }
06-06 01:00:30.565 I/System.out(24853): URI: //ready
06-06 01:00:30.565 I/System.out(24853): params: {json={}
06-06 01:00:30.565 I/System.out(24853): }
06-06 01:00:30.567 D/EGL_emulation( 1712): eglMakeCurrent: 0xb0685360: ver 2 0 (tinfo 0xb06836c0)
06-06 01:00:30.568 I/System.out(24853): URI: //
06-06 01:00:30.568 I/System.out(24853): params: {json={"command":"version","arguments":[]}
06-06 01:00:30.568 I/System.out(24853): }
06-06 01:00:30.568 I/System.out(24853): header: {content-type=application/json;charset=utf-8, date=Sat, 06 Jun 2020 06:00:30 GMT, accept=*/*, host=127.0.0.1:34777, content-length=36, user-agent=HTTPClient/1.0 (2.8.3, ruby 2.5.1 (2018-03-29))}
06-06 01:00:30.568 I/System.out(24853): params: {json={"command":"version","arguments":[]}
06-06 01:00:30.568 I/System.out(24853): }
06-06 01:00:30.568 I/System.out(24853): ProP json = {"command":"version","arguments":[]}
06-06 01:00:30.568 I/System.out(24853): files: {}
06-06 01:00:30.568 I/System.out(24853): command: {"command":"version","arguments":[]}
06-06 01:00:30.569 D/EGL_emulation( 1712): eglMakeCurrent: 0xb0685360: ver 2 0 (tinfo 0xb06836c0)
06-06 01:00:30.572 I/InstrumentationBackend(24853): Got command:'Command:'Line:null,version', arguments:'[]'
06-06 01:00:30.579 I/System.out(24853): result:{"bonusInformation":[],"message":"0.9.8","success":true}
06-06 01:00:30.582 I/System.out(24853): URI: //start-application
06-06 01:00:30.582 I/System.out(24853): params: {json={"intent":null}
06-06 01:00:30.582 I/System.out(24853): }
06-06 01:00:30.590 I/ActivityManager( 1631): START u0 {act=android.intent.action.MAIN cat=[android.intent.category.LAUNCHER] flg=0x10200000 cmp=com.evancharlton.mileage/.Mileage} from uid 10374 on display 0
06-06 01:00:30.597 I/calabash(24853): newActivity1
06-06 01:00:30.606 I/calabash(24853): newActivity1
06-06 01:00:30.607 W/ActivityManager( 1631): Bad activity token: android.os.BinderProxy@dc362e3
06-06 01:00:30.607 W/ActivityManager( 1631): java.lang.ClassCastException: android.os.BinderProxy cannot be cast to com.android.server.am.ActivityRecord$Token
06-06 01:00:30.607 W/ActivityManager( 1631): 	at com.android.server.am.ActivityRecord.forTokenLocked(ActivityRecord.java:586)
06-06 01:00:30.607 W/ActivityManager( 1631): 	at com.android.server.am.ActivityRecord.isInStackLocked(ActivityRecord.java:1327)
06-06 01:00:30.607 W/ActivityManager( 1631): 	at com.android.server.am.ActivityRecord.getStackLocked(ActivityRecord.java:1332)
06-06 01:00:30.607 W/ActivityManager( 1631): 	at com.android.server.am.ActivityManagerService.getActivityDisplayId(ActivityManagerService.java:9806)
06-06 01:00:30.607 W/ActivityManager( 1631): 	at android.app.ActivityManagerNative.onTransact(ActivityManagerNative.java:2566)
06-06 01:00:30.607 W/ActivityManager( 1631): 	at com.android.server.am.ActivityManagerService.onTransact(ActivityManagerService.java:2757)
06-06 01:00:30.607 W/ActivityManager( 1631): 	at android.os.Binder.execTransact(Binder.java:565)
06-06 01:00:30.608 W/ActivityManager( 1631): Bad activity token: android.os.BinderProxy@dc362e3
06-06 01:00:30.608 W/ActivityManager( 1631): java.lang.ClassCastException: android.os.BinderProxy cannot be cast to com.android.server.am.ActivityRecord$Token
06-06 01:00:30.608 W/ActivityManager( 1631): 	at com.android.server.am.ActivityRecord.forTokenLocked(ActivityRecord.java:586)
06-06 01:00:30.608 W/ActivityManager( 1631): 	at com.android.server.am.ActivityRecord.isInStackLocked(ActivityRecord.java:1327)
06-06 01:00:30.608 W/ActivityManager( 1631): 	at com.android.server.am.ActivityManagerService.setTaskDescription(ActivityManagerService.java:9358)
06-06 01:00:30.608 W/ActivityManager( 1631): 	at android.app.ActivityManagerNative.onTransact(ActivityManagerNative.java:2639)
06-06 01:00:30.608 W/ActivityManager( 1631): 	at com.android.server.am.ActivityManagerService.onTransact(ActivityManagerService.java:2757)
06-06 01:00:30.608 W/ActivityManager( 1631): 	at android.os.Binder.execTransact(Binder.java:565)
06-06 01:00:30.608 W/ActivityManager( 1631): Bad activity token: android.os.BinderProxy@dc362e3
06-06 01:00:30.608 W/ActivityManager( 1631): java.lang.ClassCastException: android.os.BinderProxy cannot be cast to com.android.server.am.ActivityRecord$Token
06-06 01:00:30.608 W/ActivityManager( 1631): 	at com.android.server.am.ActivityRecord.forTokenLocked(ActivityRecord.java:586)
06-06 01:00:30.608 W/ActivityManager( 1631): 	at com.android.server.am.ActivityRecord.isInStackLocked(ActivityRecord.java:1327)
06-06 01:00:30.608 W/ActivityManager( 1631): 	at com.android.server.am.ActivityRecord.getStackLocked(ActivityRecord.java:1332)
06-06 01:00:30.608 W/ActivityManager( 1631): 	at com.android.server.am.ActivityManagerService.getActivityStackId(ActivityManagerService.java:9817)
06-06 01:00:30.608 W/ActivityManager( 1631): 	at android.app.ActivityManagerNative.onTransact(ActivityManagerNative.java:2856)
06-06 01:00:30.608 W/ActivityManager( 1631): 	at com.android.server.am.ActivityManagerService.onTransact(ActivityManagerService.java:2757)
06-06 01:00:30.608 W/ActivityManager( 1631): 	at android.os.Binder.execTransact(Binder.java:565)
06-06 01:00:30.617 D/gralloc_ranchu( 1347): gralloc_alloc: Creating ashmem region of size 9023488
06-06 01:00:30.628 W/ActivityManager( 1631): Bad activity token: android.os.BinderProxy@dc362e3
06-06 01:00:30.628 W/ActivityManager( 1631): java.lang.ClassCastException: android.os.BinderProxy cannot be cast to com.android.server.am.ActivityRecord$Token
06-06 01:00:30.628 W/ActivityManager( 1631): 	at com.android.server.am.ActivityRecord.forTokenLocked(ActivityRecord.java:586)
06-06 01:00:30.628 W/ActivityManager( 1631): 	at com.android.server.am.ActivityRecord.isInStackLocked(ActivityRecord.java:1327)
06-06 01:00:30.628 W/ActivityManager( 1631): 	at com.android.server.am.ActivityManagerService.getActivityOptions(ActivityManagerService.java:12559)
06-06 01:00:30.628 W/ActivityManager( 1631): 	at android.app.ActivityManagerNative.onTransact(ActivityManagerNative.java:1933)
06-06 01:00:30.628 W/ActivityManager( 1631): 	at com.android.server.am.ActivityManagerService.onTransact(ActivityManagerService.java:2757)
06-06 01:00:30.628 W/ActivityManager( 1631): 	at android.os.Binder.execTransact(Binder.java:565)
06-06 01:00:30.629 W/ActivityManager( 1631): Bad activity token: android.os.BinderProxy@dc362e3
06-06 01:00:30.629 W/ActivityManager( 1631): java.lang.ClassCastException: android.os.BinderProxy cannot be cast to com.android.server.am.ActivityRecord$Token
06-06 01:00:30.629 W/ActivityManager( 1631): 	at com.android.server.am.ActivityRecord.forTokenLocked(ActivityRecord.java:586)
06-06 01:00:30.629 W/ActivityManager( 1631): 	at com.android.server.am.ActivityRecord.isInStackLocked(ActivityRecord.java:1327)
06-06 01:00:30.629 W/ActivityManager( 1631): 	at com.android.server.am.ActivityManagerService.getActivityOptions(ActivityManagerService.java:12559)
06-06 01:00:30.629 W/ActivityManager( 1631): 	at android.app.ActivityManagerNative.onTransact(ActivityManagerNative.java:1933)
06-06 01:00:30.629 W/ActivityManager( 1631): 	at com.android.server.am.ActivityManagerService.onTransact(ActivityManagerService.java:2757)
06-06 01:00:30.629 W/ActivityManager( 1631): 	at android.os.Binder.execTransact(Binder.java:565)
06-06 01:00:30.645 V/PhoneStatusBar( 1712): setLightsOn(true)
06-06 01:00:30.651 D/EGL_emulation( 2076): eglMakeCurrent: 0xb0685360: ver 2 0 (tinfo 0xb06836b0)
06-06 01:00:30.651 D/EGL_emulation( 1712): eglMakeCurrent: 0xb0685360: ver 2 0 (tinfo 0xb06836c0)
06-06 01:00:30.651 V/PhoneStatusBar( 1712): setLightsOn(true)
06-06 01:00:30.666 D/gralloc_ranchu( 1347): gralloc_alloc: Creating ashmem region of size 9023488
06-06 01:00:30.667 D/EGL_emulation( 1712): eglMakeCurrent: 0xb0685360: ver 2 0 (tinfo 0xb06836c0)
06-06 01:00:30.671 D/        (24853): HostConnection::get() New Host Connection established 0x9401a180, tid 24853
06-06 01:00:30.672 D/EGL_emulation( 1712): eglMakeCurrent: 0xb0685360: ver 2 0 (tinfo 0xb06836c0)
06-06 01:00:30.672 V/PhoneStatusBar( 1712): setLightsOn(true)
06-06 01:00:30.723 D/EGL_emulation( 1712): eglMakeCurrent: 0xb0685360: ver 2 0 (tinfo 0xb06836c0)
06-06 01:00:30.725 D/EGL_emulation( 1712): eglMakeCurrent: 0xb0685360: ver 2 0 (tinfo 0xb06836c0)
06-06 01:00:30.726 D/EGL_emulation( 1712): eglMakeCurrent: 0xb0685360: ver 2 0 (tinfo 0xb06836c0)
06-06 01:00:30.733 D/EGL_emulation( 1712): eglMakeCurrent: 0xb0685360: ver 2 0 (tinfo 0xb06836c0)
06-06 01:00:30.743 D/EGL_emulation( 1712): eglMakeCurrent: 0xb0685360: ver 2 0 (tinfo 0xb06836c0)
06-06 01:00:30.750 D/EGL_emulation( 1712): eglMakeCurrent: 0xb0685360: ver 2 0 (tinfo 0xb06836c0)
06-06 01:00:30.752 D/EGL_emulation( 1712): eglMakeCurrent: 0xb0685360: ver 2 0 (tinfo 0xb06836c0)
06-06 01:00:30.767 D/EGL_emulation( 1712): eglMakeCurrent: 0xb0685360: ver 2 0 (tinfo 0xb06836c0)
06-06 01:00:30.768 D/EGL_emulation( 1712): eglMakeCurrent: 0xb0685360: ver 2 0 (tinfo 0xb06836c0)
06-06 01:00:30.769 D/gralloc_ranchu( 1347): gralloc_alloc: Creating ashmem region of size 9023488
06-06 01:00:30.784 I/ActivityManager( 1631): Displayed com.evancharlton.mileage/.Mileage: +189ms
06-06 01:00:30.785 I/WindowManager( 1631): Destroying surface Surface(name=com.evancharlton.mileage/com.evancharlton.mileage.Mileage) called by com.android.server.wm.WindowStateAnimator.destroySurface:2016 com.android.server.wm.WindowStateAnimator.destroySurfaceLocked:882 com.android.server.wm.WindowState.removeLocked:1456 com.android.server.wm.WindowManagerService.removeWindowInnerLocked:2484 com.android.server.wm.AppWindowToken.destroySurfaces:365 com.android.server.wm.WindowStateAnimator.finishExit:565 com.android.server.wm.AppWindowAnimator.stepAnimationLocked:427 com.android.server.wm.WindowAnimator.updateAppWindowsLocked:196 
06-06 01:00:30.790 D/EGL_emulation( 1712): eglMakeCurrent: 0xb0685360: ver 2 0 (tinfo 0xb06836c0)
06-06 01:00:30.792 D/EGL_emulation( 1712): eglMakeCurrent: 0xb0685360: ver 2 0 (tinfo 0xb06836c0)
06-06 01:00:30.805 D/EGL_emulation( 1712): eglMakeCurrent: 0xb0685360: ver 2 0 (tinfo 0xb06836c0)
06-06 01:00:30.807 D/EGL_emulation( 1712): eglMakeCurrent: 0xb0685360: ver 2 0 (tinfo 0xb06836c0)
06-06 01:00:30.827 D/EGL_emulation( 1712): eglMakeCurrent: 0xb0685360: ver 2 0 (tinfo 0xb06836c0)
06-06 01:00:30.827 V/PhoneStatusBar( 1712): setLightsOn(true)
06-06 01:00:30.829 D/EGL_emulation( 1712): eglMakeCurrent: 0xb0685360: ver 2 0 (tinfo 0xb06836c0)
06-06 01:00:30.833 D/EGL_emulation( 1712): eglMakeCurrent: 0xb0685360: ver 2 0 (tinfo 0xb06836c0)
06-06 01:00:30.835 D/EGL_emulation( 1712): eglMakeCurrent: 0xb0685360: ver 2 0 (tinfo 0xb06836c0)
06-06 01:00:30.842 I/System.out(24853): URI: //map
06-06 01:00:30.842 I/System.out(24853): params: {json={"query":"* marked:'Vehicles'","operation":{"method_name":"query","arguments":[]}}
06-06 01:00:30.842 I/System.out(24853): }
06-06 01:00:30.850 D/EGL_emulation( 1712): eglMakeCurrent: 0xb0685360: ver 2 0 (tinfo 0xb06836c0)
06-06 01:00:30.853 D/EGL_emulation( 1712): eglMakeCurrent: 0xb0685360: ver 2 0 (tinfo 0xb06836c0)
06-06 01:00:30.858 W/ResourceType(24853): No package identifier when getting name for resource number 0x00000001
06-06 01:00:30.866 D/EGL_emulation( 1712): eglMakeCurrent: 0xb0685360: ver 2 0 (tinfo 0xb06836c0)
06-06 01:00:30.868 D/EGL_emulation( 1712): eglMakeCurrent: 0xb0685360: ver 2 0 (tinfo 0xb06836c0)
06-06 01:00:30.874 I/System.out(24853): URI: //gesture
06-06 01:00:30.874 I/System.out(24853): params: {json={"query_timeout":5.0,"gestures":[{"query_string":"* marked:'Vehicles'","touches":[{"x":50,"y":50,"offset_x":0,"offset_y":0,"wait":0.0,"time":0.2,"release":true,"query_string":null}]}]}
06-06 01:00:30.874 I/System.out(24853): }
06-06 01:00:30.881 W/ResourceType(24853): No package identifier when getting name for resource number 0x00000001
06-06 01:00:30.983 I/WindowManager( 1631): Destroying surface Surface(name=Starting com.evancharlton.mileage) called by com.android.server.wm.WindowStateAnimator.destroySurface:2016 com.android.server.wm.WindowStateAnimator.destroySurfaceLocked:882 com.android.server.wm.WindowState.destroyOrSaveSurface:2100 com.android.server.wm.AppWindowToken.destroySurfaces:363 com.android.server.wm.WindowStateAnimator.finishExit:565 com.android.server.wm.WindowStateAnimator.stepAnimationLocked:491 com.android.server.wm.WindowAnimator.updateWindowsLocked:303 com.android.server.wm.WindowAnimator.animateLocked:704 
06-06 01:00:30.985 V/PhoneStatusBar( 1712): setLightsOn(true)
06-06 01:00:31.016 V/PhoneStatusBar( 1712): setLightsOn(true)
06-06 01:00:31.083 V/PhoneStatusBar( 1712): setLightsOn(true)
06-06 01:00:31.120 I/calabash(24853): newActivity1
06-06 01:00:31.120 W/ActivityManager( 1631): Bad activity token: android.os.BinderProxy@7d818c5
06-06 01:00:31.120 W/ActivityManager( 1631): java.lang.ClassCastException: android.os.BinderProxy cannot be cast to com.android.server.am.ActivityRecord$Token
06-06 01:00:31.120 W/ActivityManager( 1631): 	at com.android.server.am.ActivityRecord.forTokenLocked(ActivityRecord.java:586)
06-06 01:00:31.120 W/ActivityManager( 1631): 	at com.android.server.am.ActivityRecord.isInStackLocked(ActivityRecord.java:1327)
06-06 01:00:31.120 W/ActivityManager( 1631): 	at com.android.server.am.ActivityRecord.getStackLocked(ActivityRecord.java:1332)
06-06 01:00:31.120 W/ActivityManager( 1631): 	at com.android.server.am.ActivityManagerService.getActivityDisplayId(ActivityManagerService.java:9806)
06-06 01:00:31.120 W/ActivityManager( 1631): 	at android.app.ActivityManagerNative.onTransact(ActivityManagerNative.java:2566)
06-06 01:00:31.120 W/ActivityManager( 1631): 	at com.android.server.am.ActivityManagerService.onTransact(ActivityManagerService.java:2757)
06-06 01:00:31.120 W/ActivityManager( 1631): 	at android.os.Binder.execTransact(Binder.java:565)
06-06 01:00:31.122 W/ActivityManager( 1631): Bad activity token: android.os.BinderProxy@7d818c5
06-06 01:00:31.122 W/ActivityManager( 1631): java.lang.ClassCastException: android.os.BinderProxy cannot be cast to com.android.server.am.ActivityRecord$Token
06-06 01:00:31.122 W/ActivityManager( 1631): 	at com.android.server.am.ActivityRecord.forTokenLocked(ActivityRecord.java:586)
06-06 01:00:31.122 W/ActivityManager( 1631): 	at com.android.server.am.ActivityRecord.isInStackLocked(ActivityRecord.java:1327)
06-06 01:00:31.122 W/ActivityManager( 1631): 	at com.android.server.am.ActivityManagerService.setTaskDescription(ActivityManagerService.java:9358)
06-06 01:00:31.122 W/ActivityManager( 1631): 	at android.app.ActivityManagerNative.onTransact(ActivityManagerNative.java:2639)
06-06 01:00:31.122 W/ActivityManager( 1631): 	at com.android.server.am.ActivityManagerService.onTransact(ActivityManagerService.java:2757)
06-06 01:00:31.122 W/ActivityManager( 1631): 	at android.os.Binder.execTransact(Binder.java:565)
06-06 01:00:31.123 W/ActivityManager( 1631): Bad activity token: android.os.BinderProxy@7d818c5
06-06 01:00:31.123 W/ActivityManager( 1631): java.lang.ClassCastException: android.os.BinderProxy cannot be cast to com.android.server.am.ActivityRecord$Token
06-06 01:00:31.123 W/ActivityManager( 1631): 	at com.android.server.am.ActivityRecord.forTokenLocked(ActivityRecord.java:586)
06-06 01:00:31.123 W/ActivityManager( 1631): 	at com.android.server.am.ActivityRecord.isInStackLocked(ActivityRecord.java:1327)
06-06 01:00:31.123 W/ActivityManager( 1631): 	at com.android.server.am.ActivityRecord.getStackLocked(ActivityRecord.java:1332)
06-06 01:00:31.123 W/ActivityManager( 1631): 	at com.android.server.am.ActivityManagerService.getActivityStackId(ActivityManagerService.java:9817)
06-06 01:00:31.123 W/ActivityManager( 1631): 	at android.app.ActivityManagerNative.onTransact(ActivityManagerNative.java:2856)
06-06 01:00:31.123 W/ActivityManager( 1631): 	at com.android.server.am.ActivityManagerService.onTransact(ActivityManagerService.java:2757)
06-06 01:00:31.123 W/ActivityManager( 1631): 	at android.os.Binder.execTransact(Binder.java:565)
06-06 01:00:31.128 W/ActivityManager( 1631): Bad activity token: android.os.BinderProxy@7d818c5
06-06 01:00:31.128 W/ActivityManager( 1631): java.lang.ClassCastException: android.os.BinderProxy cannot be cast to com.android.server.am.ActivityRecord$Token
06-06 01:00:31.128 W/ActivityManager( 1631): 	at com.android.server.am.ActivityRecord.forTokenLocked(ActivityRecord.java:586)
06-06 01:00:31.128 W/ActivityManager( 1631): 	at com.android.server.am.ActivityRecord.isInStackLocked(ActivityRecord.java:1327)
06-06 01:00:31.128 W/ActivityManager( 1631): 	at com.android.server.am.ActivityManagerService.getActivityOptions(ActivityManagerService.java:12559)
06-06 01:00:31.128 W/ActivityManager( 1631): 	at android.app.ActivityManagerNative.onTransact(ActivityManagerNative.java:1933)
06-06 01:00:31.128 W/ActivityManager( 1631): 	at com.android.server.am.ActivityManagerService.onTransact(ActivityManagerService.java:2757)
06-06 01:00:31.128 W/ActivityManager( 1631): 	at android.os.Binder.execTransact(Binder.java:565)
06-06 01:00:31.129 W/ActivityManager( 1631): Bad activity token: android.os.BinderProxy@7d818c5
06-06 01:00:31.129 W/ActivityManager( 1631): java.lang.ClassCastException: android.os.BinderProxy cannot be cast to com.android.server.am.ActivityRecord$Token
06-06 01:00:31.129 W/ActivityManager( 1631): 	at com.android.server.am.ActivityRecord.forTokenLocked(ActivityRecord.java:586)
06-06 01:00:31.129 W/ActivityManager( 1631): 	at com.android.server.am.ActivityRecord.isInStackLocked(ActivityRecord.java:1327)
06-06 01:00:31.129 W/ActivityManager( 1631): 	at com.android.server.am.ActivityManagerService.getActivityOptions(ActivityManagerService.java:12559)
06-06 01:00:31.129 W/ActivityManager( 1631): 	at android.app.ActivityManagerNative.onTransact(ActivityManagerNative.java:1933)
06-06 01:00:31.129 W/ActivityManager( 1631): 	at com.android.server.am.ActivityManagerService.onTransact(ActivityManagerService.java:2757)
06-06 01:00:31.129 W/ActivityManager( 1631): 	at android.os.Binder.execTransact(Binder.java:565)
06-06 01:00:31.136 I/System.out(24853): URI: //map
06-06 01:00:31.136 I/System.out(24853): params: {json={"query":"* marked:'Javier Vehicle'","operation":{"method_name":"query","arguments":[]}}
06-06 01:00:31.136 I/System.out(24853): }
06-06 01:00:31.206 W/ResourceType(24853): No package identifier when getting name for resource number 0x00000001
06-06 01:00:31.221 I/System.out(24853): URI: //gesture
06-06 01:00:31.221 I/System.out(24853): params: {json={"query_timeout":5.0,"gestures":[{"query_string":"* marked:'Javier Vehicle'","touches":[{"x":50,"y":50,"offset_x":0,"offset_y":0,"wait":0.0,"time":0.2,"release":true,"query_string":null}]}]}
06-06 01:00:31.221 I/System.out(24853): }
06-06 01:00:31.223 I/art     (24853): Do partial code cache collection, code=30KB, data=28KB
06-06 01:00:31.223 I/art     (24853): After code cache collection, code=29KB, data=28KB
06-06 01:00:31.223 I/art     (24853): Increasing code cache capacity to 128KB
06-06 01:00:31.227 W/ResourceType(24853): No package identifier when getting name for resource number 0x00000001
06-06 01:00:31.371 D/gralloc_ranchu( 1347): gralloc_alloc: Creating ashmem region of size 9023488
06-06 01:00:31.384 V/PhoneStatusBar( 1712): setLightsOn(true)
06-06 01:00:31.385 V/PhoneStatusBar( 1712): setLightsOn(true)
06-06 01:00:31.388 W/OpenGLRenderer( 2076): Incorrectly called buildLayer on View: ShortcutAndWidgetContainer, destroying layer...
06-06 01:00:31.401 I/WindowManager( 1631): Destroying surface Surface(name=com.android.launcher3/com.android.launcher3.Launcher) called by com.android.server.wm.WindowStateAnimator.destroySurface:2016 com.android.server.wm.WindowStateAnimator.destroySurfaceLocked:882 com.android.server.wm.WindowState.destroyOrSaveSurface:2100 com.android.server.wm.AppWindowToken.destroySurfaces:363 com.android.server.wm.AppWindowToken.notifyAppStopped:389 com.android.server.wm.WindowManagerService.notifyAppStopped:4463 com.android.server.am.ActivityStack.activityStoppedLocked:1252 com.android.server.am.ActivityManagerService.activityStopped:6903 
06-06 01:00:31.402 V/PhoneStatusBar( 1712): setLightsOn(true)
06-06 01:00:31.526 I/System.out(24853): URI: //gesture
06-06 01:00:31.526 I/System.out(24853): params: {json={"query_timeout":5.0,"gestures":[{"query_string":"android.widget.EditText index:1","touches":[{"x":50,"y":50,"offset_x":0,"offset_y":0,"wait":0.0,"time":0.2,"release":true,"query_string":null}]}]}
06-06 01:00:31.526 I/System.out(24853): }
06-06 01:00:31.581 I/ActivityManager( 1631): START u0 {cmp=com.evancharlton.mileage/.VehicleActivity (has extras)} from uid 10374 on display 0
06-06 01:00:31.582 V/PhoneStatusBar( 1712): setLightsOn(true)
06-06 01:00:31.582 V/PhoneStatusBar( 1712): setLightsOn(true)
06-06 01:00:31.612 I/calabash(24853): newActivity1
06-06 01:00:31.642 V/PhoneStatusBar( 1712): setLightsOn(true)
06-06 01:00:31.650 V/PhoneStatusBar( 1712): setLightsOn(true)
06-06 01:00:31.653 D/gralloc_ranchu( 1347): gralloc_alloc: Creating ashmem region of size 9023488
06-06 01:00:31.666 V/PhoneStatusBar( 1712): setLightsOn(true)
06-06 01:00:31.683 V/PhoneStatusBar( 1712): setLightsOn(true)
06-06 01:00:31.684 W/InputMethodService( 1698): Window size has been changed. This may cause jankiness of resizing window: -1 -> -2
06-06 01:00:31.684 I/ActivityManager( 1631): Displayed com.evancharlton.mileage/.VehicleActivity: +75ms
06-06 01:00:31.685 D/gralloc_ranchu( 1347): gralloc_alloc: Creating ashmem region of size 9023488
06-06 01:00:31.692 I/LatinIME( 1698): Starting input. Cursor position = 0,0
06-06 01:00:31.716 V/PhoneStatusBar( 1712): setLightsOn(true)
06-06 01:00:31.766 V/PhoneStatusBar( 1712): setLightsOn(true)
06-06 01:00:31.783 V/PhoneStatusBar( 1712): setLightsOn(true)
06-06 01:00:31.801 D/EGL_emulation( 1698): eglMakeCurrent: 0xb0685060: ver 2 0 (tinfo 0xb0683b60)
06-06 01:00:31.802 D/EGL_emulation( 1712): eglMakeCurrent: 0xb0685360: ver 2 0 (tinfo 0xb06836c0)
06-06 01:00:31.802 V/PhoneStatusBar( 1712): setLightsOn(true)
06-06 01:00:31.816 D/EGL_emulation( 1712): eglMakeCurrent: 0xb0685360: ver 2 0 (tinfo 0xb06836c0)
06-06 01:00:31.833 V/PhoneStatusBar( 1712): setLightsOn(true)
06-06 01:00:31.920 V/PhoneStatusBar( 1712): setLightsOn(true)
06-06 01:00:32.036 V/PhoneStatusBar( 1712): setLightsOn(true)
06-06 01:00:32.053 V/PhoneStatusBar( 1712): setLightsOn(true)
06-06 01:00:32.056 V/PhoneStatusBar( 1712): setLightsOn(true)
06-06 01:00:32.069 I/WindowManager( 1631): Destroying surface Surface(name=com.evancharlton.mileage/com.evancharlton.mileage.Mileage) called by com.android.server.wm.WindowStateAnimator.destroySurface:2016 com.android.server.wm.WindowStateAnimator.destroySurfaceLocked:882 com.android.server.wm.WindowState.destroyOrSaveSurface:2100 com.android.server.wm.WindowManagerService.tryStartExitingAnimation:3024 com.android.server.wm.WindowManagerService.relayoutWindow:2904 com.android.server.wm.Session.relayout:224 android.view.IWindowSession$Stub.onTransact:286 com.android.server.wm.Session.onTransact:145 
06-06 01:00:32.070 V/PhoneStatusBar( 1712): setLightsOn(true)
06-06 01:00:32.074 V/PhoneStatusBar( 1712): setLightsOn(true)
06-06 01:00:32.320 I/LatinIME( 1698): Starting input. Cursor position = 4,4
06-06 01:00:32.361 W/IInputConnectionWrapper(24853): finishComposingText on inactive InputConnection
06-06 01:00:32.361 W/IInputConnectionWrapper(24853): finishComposingText on inactive InputConnection
06-06 01:00:32.363 V/PhoneStatusBar( 1712): setLightsOn(true)
06-06 01:00:32.367 V/PhoneStatusBar( 1712): setLightsOn(true)
06-06 01:00:32.383 D/gralloc_ranchu( 1347): gralloc_alloc: Creating ashmem region of size 49152
06-06 01:00:32.386 V/PhoneStatusBar( 1712): setLightsOn(true)
06-06 01:00:32.387 V/PhoneStatusBar( 1712): setLightsOn(true)
06-06 01:00:32.400 V/PhoneStatusBar( 1712): setLightsOn(true)
06-06 01:00:32.501 V/PhoneStatusBar( 1712): setLightsOn(true)
06-06 01:00:32.835 I/System.out(24853): URI: //
06-06 01:00:32.835 I/System.out(24853): params: {json={"command":"set_selection","arguments":[-1,-1]}
06-06 01:00:32.835 I/System.out(24853): }
06-06 01:00:32.835 I/System.out(24853): header: {content-type=application/json;charset=utf-8, date=Sat, 06 Jun 2020 06:00:33 GMT, accept=*/*, host=127.0.0.1:34777, content-length=47, user-agent=HTTPClient/1.0 (2.8.3, ruby 2.5.1 (2018-03-29))}
06-06 01:00:32.835 I/System.out(24853): params: {json={"command":"set_selection","arguments":[-1,-1]}
06-06 01:00:32.835 I/System.out(24853): }
06-06 01:00:32.835 I/System.out(24853): ProP json = {"command":"set_selection","arguments":[-1,-1]}
06-06 01:00:32.835 I/System.out(24853): files: {}
06-06 01:00:32.835 I/System.out(24853): command: {"command":"set_selection","arguments":[-1,-1]}
06-06 01:00:32.836 I/InstrumentationBackend(24853): Got command:'Command:'Line:null,set_selection', arguments:'[-1, -1]'
06-06 01:00:32.871 I/System.out(24853): result:{"bonusInformation":[],"message":"","success":true}
06-06 01:00:32.933 D/gralloc_ranchu( 1347): gralloc_alloc: Creating ashmem region of size 9023488
06-06 01:00:32.973 I/System.out(24853): URI: //
06-06 01:00:32.974 I/System.out(24853): params: {json={"command":"delete_surrounding_text","arguments":[-1,0]}
06-06 01:00:32.974 I/System.out(24853): }
06-06 01:00:32.974 I/System.out(24853): header: {content-type=application/json;charset=utf-8, date=Sat, 06 Jun 2020 06:00:33 GMT, accept=*/*, host=127.0.0.1:34777, content-length=56, user-agent=HTTPClient/1.0 (2.8.3, ruby 2.5.1 (2018-03-29))}
06-06 01:00:32.974 I/System.out(24853): params: {json={"command":"delete_surrounding_text","arguments":[-1,0]}
06-06 01:00:32.974 I/System.out(24853): }
06-06 01:00:32.974 I/System.out(24853): ProP json = {"command":"delete_surrounding_text","arguments":[-1,0]}
06-06 01:00:32.974 I/System.out(24853): files: {}
06-06 01:00:32.974 I/System.out(24853): command: {"command":"delete_surrounding_text","arguments":[-1,0]}
06-06 01:00:32.974 I/InstrumentationBackend(24853): Got command:'Command:'Line:null,delete_surrounding_text', arguments:'[-1, 0]'
06-06 01:00:33.009 E/SpannableStringBuilder(24853): SPAN_EXCLUSIVE_EXCLUSIVE spans cannot have a zero length
06-06 01:00:33.009 E/SpannableStringBuilder(24853): SPAN_EXCLUSIVE_EXCLUSIVE spans cannot have a zero length
06-06 01:00:33.010 V/PhoneStatusBar( 1712): setLightsOn(true)
06-06 01:00:33.014 I/System.out(24853): result:{"bonusInformation":[],"message":"","success":true}
06-06 01:00:33.017 I/System.out(24853): URI: //map
06-06 01:00:33.017 I/System.out(24853): params: {json={"query":"android.widget.EditText index:1","operation":{"method_name":"query","arguments":[]}}
06-06 01:00:33.017 I/System.out(24853): }
06-06 01:00:33.116 I/System.out(24853): URI: //gesture
06-06 01:00:33.116 I/System.out(24853): params: {json={"query_timeout":5.0,"gestures":[{"query_string":"android.widget.EditText index:1","touches":[{"x":50,"y":50,"offset_x":0,"offset_y":0,"wait":0.0,"time":0.2,"release":true,"query_string":null}]}]}
06-06 01:00:33.116 I/System.out(24853): }
06-06 01:00:33.183 I/WindowManager( 1631): Destroying surface Surface(name=PopupWindow:e3644f) called by com.android.server.wm.WindowStateAnimator.destroySurface:2016 com.android.server.wm.WindowStateAnimator.destroySurfaceLocked:882 com.android.server.wm.WindowState.destroyOrSaveSurface:2100 com.android.server.wm.AppWindowToken.destroySurfaces:363 com.android.server.wm.WindowStateAnimator.finishExit:565 com.android.server.wm.WindowStateAnimator.stepAnimationLocked:491 com.android.server.wm.WindowAnimator.updateWindowsLocked:303 com.android.server.wm.WindowAnimator.animateLocked:704 
06-06 01:00:33.184 V/PhoneStatusBar( 1712): setLightsOn(true)
06-06 01:00:33.186 V/PhoneStatusBar( 1712): setLightsOn(true)
06-06 01:00:33.908 I/System.out(24853): URI: //
06-06 01:00:33.908 I/System.out(24853): params: {json={"command":"set_selection","arguments":[-1,-1]}
06-06 01:00:33.908 I/System.out(24853): }
06-06 01:00:33.908 I/System.out(24853): header: {content-type=application/json;charset=utf-8, date=Sat, 06 Jun 2020 06:00:34 GMT, accept=*/*, host=127.0.0.1:34777, content-length=47, user-agent=HTTPClient/1.0 (2.8.3, ruby 2.5.1 (2018-03-29))}
06-06 01:00:33.908 I/System.out(24853): params: {json={"command":"set_selection","arguments":[-1,-1]}
06-06 01:00:33.908 I/System.out(24853): }
06-06 01:00:33.908 I/System.out(24853): ProP json = {"command":"set_selection","arguments":[-1,-1]}
06-06 01:00:33.908 I/System.out(24853): files: {}
06-06 01:00:33.908 I/System.out(24853): command: {"command":"set_selection","arguments":[-1,-1]}
06-06 01:00:33.909 I/InstrumentationBackend(24853): Got command:'Command:'Line:null,set_selection', arguments:'[-1, -1]'
06-06 01:00:33.911 I/System.out(24853): result:{"bonusInformation":[],"message":"","success":true}
06-06 01:00:33.924 I/System.out(24853): URI: //
06-06 01:00:33.924 I/System.out(24853): params: {json={"command":"keyboard_enter_text","arguments":["2017"]}
06-06 01:00:33.924 I/System.out(24853): }
06-06 01:00:33.925 I/System.out(24853): header: {content-type=application/json;charset=utf-8, date=Sat, 06 Jun 2020 06:00:34 GMT, accept=*/*, host=127.0.0.1:34777, content-length=54, user-agent=HTTPClient/1.0 (2.8.3, ruby 2.5.1 (2018-03-29))}
06-06 01:00:33.925 I/System.out(24853): params: {json={"command":"keyboard_enter_text","arguments":["2017"]}
06-06 01:00:33.925 I/System.out(24853): }
06-06 01:00:33.925 I/System.out(24853): ProP json = {"command":"keyboard_enter_text","arguments":["2017"]}
06-06 01:00:33.925 I/System.out(24853): files: {}
06-06 01:00:33.925 I/System.out(24853): command: {"command":"keyboard_enter_text","arguments":["2017"]}
06-06 01:00:33.925 I/InstrumentationBackend(24853): Got command:'Command:'Line:null,keyboard_enter_text', arguments:'[2017]'
06-06 01:00:33.926 E/SpannableStringBuilder(24853): SPAN_EXCLUSIVE_EXCLUSIVE spans cannot have a zero length
06-06 01:00:33.926 E/SpannableStringBuilder(24853): SPAN_EXCLUSIVE_EXCLUSIVE spans cannot have a zero length
06-06 01:00:33.927 E/SpannableStringBuilder(24853): SPAN_EXCLUSIVE_EXCLUSIVE spans cannot have a zero length
06-06 01:00:33.927 E/SpannableStringBuilder(24853): SPAN_EXCLUSIVE_EXCLUSIVE spans cannot have a zero length
06-06 01:00:33.929 I/System.out(24853): result:{"bonusInformation":[],"message":"","success":true}
06-06 01:00:33.932 I/System.out(24853): URI: //gesture
06-06 01:00:33.932 I/System.out(24853): params: {json={"query_timeout":5.0,"gestures":[{"query_string":"android.widget.EditText index:4","touches":[{"x":50,"y":50,"offset_x":0,"offset_y":0,"wait":0.0,"time":0.2,"release":true,"query_string":null}]}]}
06-06 01:00:33.932 I/System.out(24853): }
06-06 01:00:34.188 I/LatinIME( 1698): Starting input. Cursor position = 10,10
06-06 01:00:34.227 W/IInputConnectionWrapper(24853): finishComposingText on inactive InputConnection
06-06 01:00:34.228 V/PhoneStatusBar( 1712): setLightsOn(true)
06-06 01:00:34.233 V/PhoneStatusBar( 1712): setLightsOn(true)
06-06 01:00:34.250 D/gralloc_ranchu( 1347): gralloc_alloc: Creating ashmem region of size 49152
06-06 01:00:34.253 V/PhoneStatusBar( 1712): setLightsOn(true)
06-06 01:00:34.254 V/PhoneStatusBar( 1712): setLightsOn(true)
06-06 01:00:34.267 V/PhoneStatusBar( 1712): setLightsOn(true)
06-06 01:00:34.366 D/gralloc_ranchu( 1347): gralloc_alloc: Creating ashmem region of size 49152
06-06 01:00:34.368 V/PhoneStatusBar( 1712): setLightsOn(true)
06-06 01:00:34.693 I/System.out(24853): URI: //
06-06 01:00:34.693 I/System.out(24853): params: {json={"command":"set_selection","arguments":[-1,-1]}
06-06 01:00:34.693 I/System.out(24853): }
06-06 01:00:34.693 I/System.out(24853): header: {content-type=application/json;charset=utf-8, date=Sat, 06 Jun 2020 06:00:34 GMT, accept=*/*, host=127.0.0.1:34777, content-length=47, user-agent=HTTPClient/1.0 (2.8.3, ruby 2.5.1 (2018-03-29))}
06-06 01:00:34.693 I/System.out(24853): params: {json={"command":"set_selection","arguments":[-1,-1]}
06-06 01:00:34.693 I/System.out(24853): }
06-06 01:00:34.693 I/System.out(24853): ProP json = {"command":"set_selection","arguments":[-1,-1]}
06-06 01:00:34.693 I/System.out(24853): files: {}
06-06 01:00:34.693 I/System.out(24853): command: {"command":"set_selection","arguments":[-1,-1]}
06-06 01:00:34.695 I/InstrumentationBackend(24853): Got command:'Command:'Line:null,set_selection', arguments:'[-1, -1]'
06-06 01:00:34.700 I/System.out(24853): result:{"bonusInformation":[],"message":"","success":true}
06-06 01:00:34.788 W/audio_hw_generic( 1394): Not supplying enough data to HAL, expected position 516958768 , only wrote 516102480
06-06 01:00:34.804 I/System.out(24853): URI: //
06-06 01:00:34.804 I/System.out(24853): params: {json={"command":"delete_surrounding_text","arguments":[-1,0]}
06-06 01:00:34.804 I/System.out(24853): }
06-06 01:00:34.804 I/System.out(24853): header: {content-type=application/json;charset=utf-8, date=Sat, 06 Jun 2020 06:00:35 GMT, accept=*/*, host=127.0.0.1:34777, content-length=56, user-agent=HTTPClient/1.0 (2.8.3, ruby 2.5.1 (2018-03-29))}
06-06 01:00:34.804 I/System.out(24853): params: {json={"command":"delete_surrounding_text","arguments":[-1,0]}
06-06 01:00:34.804 I/System.out(24853): }
06-06 01:00:34.804 I/System.out(24853): ProP json = {"command":"delete_surrounding_text","arguments":[-1,0]}
06-06 01:00:34.804 I/System.out(24853): files: {}
06-06 01:00:34.804 I/System.out(24853): command: {"command":"delete_surrounding_text","arguments":[-1,0]}
06-06 01:00:34.806 I/InstrumentationBackend(24853): Got command:'Command:'Line:null,delete_surrounding_text', arguments:'[-1, 0]'
06-06 01:00:34.806 E/SpannableStringBuilder(24853): SPAN_EXCLUSIVE_EXCLUSIVE spans cannot have a zero length
06-06 01:00:34.806 E/SpannableStringBuilder(24853): SPAN_EXCLUSIVE_EXCLUSIVE spans cannot have a zero length
06-06 01:00:34.810 V/PhoneStatusBar( 1712): setLightsOn(true)
06-06 01:00:34.815 I/System.out(24853): result:{"bonusInformation":[],"message":"","success":true}
06-06 01:00:34.818 I/System.out(24853): URI: //map
06-06 01:00:34.818 I/System.out(24853): params: {json={"query":"android.widget.EditText index:4","operation":{"method_name":"query","arguments":[]}}
06-06 01:00:34.818 I/System.out(24853): }
06-06 01:00:34.874 I/System.out(24853): URI: //gesture
06-06 01:00:34.874 I/System.out(24853): params: {json={"query_timeout":5.0,"gestures":[{"query_string":"android.widget.EditText index:4","touches":[{"x":50,"y":50,"offset_x":0,"offset_y":0,"wait":0.0,"time":0.2,"release":true,"query_string":null}]}]}
06-06 01:00:34.874 I/System.out(24853): }
06-06 01:00:34.878 I/art     (24853): Do partial code cache collection, code=55KB, data=59KB
06-06 01:00:34.878 I/art     (24853): After code cache collection, code=55KB, data=59KB
06-06 01:00:34.878 I/art     (24853): Increasing code cache capacity to 256KB
06-06 01:00:34.983 I/WindowManager( 1631): Destroying surface Surface(name=PopupWindow:ec4c96e) called by com.android.server.wm.WindowStateAnimator.destroySurface:2016 com.android.server.wm.WindowStateAnimator.destroySurfaceLocked:882 com.android.server.wm.WindowState.destroyOrSaveSurface:2100 com.android.server.wm.AppWindowToken.destroySurfaces:363 com.android.server.wm.WindowStateAnimator.finishExit:565 com.android.server.wm.WindowStateAnimator.stepAnimationLocked:491 com.android.server.wm.WindowAnimator.updateWindowsLocked:303 com.android.server.wm.WindowAnimator.animateLocked:704 
06-06 01:00:34.983 V/PhoneStatusBar( 1712): setLightsOn(true)
06-06 01:00:34.986 V/PhoneStatusBar( 1712): setLightsOn(true)
06-06 01:00:35.609 I/System.out(24853): URI: //
06-06 01:00:35.609 I/System.out(24853): params: {json={"command":"set_selection","arguments":[-1,-1]}
06-06 01:00:35.609 I/System.out(24853): }
06-06 01:00:35.609 I/System.out(24853): header: {content-type=application/json;charset=utf-8, date=Sat, 06 Jun 2020 06:00:35 GMT, accept=*/*, host=127.0.0.1:34777, content-length=47, user-agent=HTTPClient/1.0 (2.8.3, ruby 2.5.1 (2018-03-29))}
06-06 01:00:35.609 I/System.out(24853): params: {json={"command":"set_selection","arguments":[-1,-1]}
06-06 01:00:35.609 I/System.out(24853): }
06-06 01:00:35.609 I/System.out(24853): ProP json = {"command":"set_selection","arguments":[-1,-1]}
06-06 01:00:35.609 I/System.out(24853): files: {}
06-06 01:00:35.609 I/System.out(24853): command: {"command":"set_selection","arguments":[-1,-1]}
06-06 01:00:35.610 I/InstrumentationBackend(24853): Got command:'Command:'Line:null,set_selection', arguments:'[-1, -1]'
06-06 01:00:35.612 I/System.out(24853): result:{"bonusInformation":[],"message":"","success":true}
06-06 01:00:35.628 I/System.out(24853): URI: //
06-06 01:00:35.628 I/System.out(24853): params: {json={"command":"keyboard_enter_text","arguments":["Gray Brown"]}
06-06 01:00:35.628 I/System.out(24853): }
06-06 01:00:35.628 I/System.out(24853): header: {content-type=application/json;charset=utf-8, date=Sat, 06 Jun 2020 06:00:35 GMT, accept=*/*, host=127.0.0.1:34777, content-length=60, user-agent=HTTPClient/1.0 (2.8.3, ruby 2.5.1 (2018-03-29))}
06-06 01:00:35.628 I/System.out(24853): params: {json={"command":"keyboard_enter_text","arguments":["Gray Brown"]}
06-06 01:00:35.628 I/System.out(24853): }
06-06 01:00:35.628 I/System.out(24853): ProP json = {"command":"keyboard_enter_text","arguments":["Gray Brown"]}
06-06 01:00:35.628 I/System.out(24853): files: {}
