--------- beginning of main
06-05 12:37:12.404 D/AndroidRuntime(13985): >>>>>> START com.android.internal.os.RuntimeInit uid 2000 <<<<<<
06-05 12:37:12.405 D/AndroidRuntime(13985): CheckJNI is ON
06-05 12:37:12.415 W/art     (13985): Unexpected CPU variant for X86 using defaults: x86
06-05 12:37:12.417 D/ICU     (13985): No timezone override file found: /data/misc/zoneinfo/current/icu/icu_tzdata.dat
06-05 12:37:12.424 E/memtrack(13985): Couldn't load memtrack module (No such file or directory)
06-05 12:37:12.424 E/android.os.Debug(13985): failed to load memtrack module: -2
06-05 12:37:12.424 I/Radio-JNI(13985): register_android_hardware_Radio DONE
06-05 12:37:12.428 D/AndroidRuntime(13985): Calling main entry com.android.commands.am.Am
--------- beginning of system
06-05 12:37:12.429 I/ActivityManager( 1659): Force stopping com.evancharlton.mileage appid=10082 user=0: start instr
06-05 12:37:12.432 I/art     (13995): Not late-enabling -Xcheck:jni (already on)
06-05 12:37:12.432 W/art     (13995): Unexpected CPU variant for X86 using defaults: x86
06-05 12:37:12.440 I/ActivityManager( 1659): Start proc 13995:com.evancharlton.mileage/u0a82 for added application com.evancharlton.mileage
06-05 12:37:12.440 D/AndroidRuntime(13985): Shutting down VM
06-05 12:37:12.444 W/System  (13995): ClassLoader referenced unknown path: /data/app/com.evancharlton.mileage.test-1/lib/x86
06-05 12:37:12.444 W/System  (13995): ClassLoader referenced unknown path: /data/app/com.evancharlton.mileage-1/lib/x86
06-05 12:37:12.446 W/System  (13995): ClassLoader referenced unknown path: 
06-05 12:37:12.450 I/System.out(13995): Main activity name automatically set to: com.evancharlton.mileage.Mileage
06-05 12:37:12.450 I/System.out(13995): Calabash did not load Mono. This is only a problem if you are trying to test a Mono application
06-05 12:37:12.450 I/calabash(13995): Test server port: 7102
06-05 12:37:12.450 I/InstrumentationBackend(13995): Added:'GetPreferences', with key:'get_preferences'
06-05 12:37:12.454 I/InstrumentationBackend(13995): Added:'SetPreferences', with key:'set_preferences'
06-05 12:37:12.454 I/InstrumentationBackend(13995): Added:'ClearPreferences', with key:'clear_preferences'
06-05 12:37:12.454 I/InstrumentationBackend(13995): Added:'PressElement', with key:'press_l10n_element'
06-05 12:37:12.455 I/InstrumentationBackend(13995): Added:'WaitForElement', with key:'wait_for_l10n_element'
06-05 12:37:12.455 I/InstrumentationBackend(13995): Added:'NullAction', with key:'nullAction'
06-05 12:37:12.455 I/InstrumentationBackend(13995): Added:'PressKey', with key:'press_key'
06-05 12:37:12.455 I/InstrumentationBackend(13995): Added:'SetActivityOrientation', with key:'set_activity_orientation'
06-05 12:37:12.455 I/InstrumentationBackend(13995): Added:'GetActivityOrientation', with key:'get_activity_orientation'
06-05 12:37:12.455 I/InstrumentationBackend(13995): Added:'FakeGPSLocation', with key:'set_gps_coordinates'
06-05 12:37:12.455 I/InstrumentationBackend(13995): Added:'SetPropertyByCssSelector', with key:'set_property_by_css_selector'
06-05 12:37:12.455 I/InstrumentationBackend(13995): Added:'GetUrl', with key:'get_url'
06-05 12:37:12.455 I/InstrumentationBackend(13995): Added:'ScrollTo', with key:'scroll_to'
06-05 12:37:12.455 I/InstrumentationBackend(13995): Added:'GetLoadProgress', with key:'get_load_progress'
06-05 12:37:12.456 I/InstrumentationBackend(13995): Added:'DumpHtml', with key:'dump_html'
06-05 12:37:12.456 I/InstrumentationBackend(13995): Added:'DumpBodyHtml', with key:'dump_body_html'
06-05 12:37:12.456 I/InstrumentationBackend(13995): Added:'EnterTextByCssSelector', with key:'enter_text_by_selector'
06-05 12:37:12.456 I/InstrumentationBackend(13995): Added:'AndroidSDKVersion', with key:'android_sdk_version'
06-05 12:37:12.456 I/InstrumentationBackend(13995): Added:'Version', with key:'version'
06-05 12:37:12.456 I/InstrumentationBackend(13995): Added:'Drag', with key:'drag'
06-05 12:37:12.456 I/InstrumentationBackend(13995): Added:'TouchCoordinates', with key:'touch_coordinate'
06-05 12:37:12.456 I/InstrumentationBackend(13995): Added:'LongPressCoordinate', with key:'long_press_coordinate'
06-05 12:37:12.456 I/InstrumentationBackend(13995): Added:'DragCoordinates', with key:'drag_coordinates'
06-05 12:37:12.456 I/InstrumentationBackend(13995): Added:'ResumeApplication', with key:'resume_application'
06-05 12:37:12.456 I/InstrumentationBackend(13995): Added:'Swipe', with key:'swipe'
06-05 12:37:12.456 I/InstrumentationBackend(13995): Added:'DoubleTapCoordinate', with key:'double_tap_coordinate'
06-05 12:37:12.456 I/InstrumentationBackend(13995): Added:'ClickOnScreen', with key:'click_on_screen'
06-05 12:37:12.457 I/InstrumentationBackend(13995): Added:'GetActivityName', with key:'get_activity_name'
06-05 12:37:12.457 I/InstrumentationBackend(13995): Added:'ScrollToView', with key:'scroll_to_view'
06-05 12:37:12.457 I/InstrumentationBackend(13995): Added:'ViewConfiguration', with key:'view_configuration'
06-05 12:37:12.457 I/InstrumentationBackend(13995): Added:'IsCurrentActivityFocused', with key:'is_current_activity_focused'
06-05 12:37:12.457 I/InstrumentationBackend(13995): Added:'SendTcp', with key:'send_tcp'
06-05 12:37:12.457 I/InstrumentationBackend(13995): Added:'DpToDevicePixel', with key:'dp_to_device_pixel'
06-05 12:37:12.457 I/InstrumentationBackend(13995): Added:'KeyboardEnterText', with key:'keyboard_enter_text'
06-05 12:37:12.457 I/InstrumentationBackend(13995): Added:'DeleteSurroundingText', with key:'delete_surrounding_text'
06-05 12:37:12.457 I/InstrumentationBackend(13995): Added:'SetComposingRegion', with key:'set_composing_region'
06-05 12:37:12.457 I/InstrumentationBackend(13995): Added:'SetSelection', with key:'set_selection'
06-05 12:37:12.457 I/InstrumentationBackend(13995): Added:'KeyboardKeyEvent', with key:'keyboard_key_event'
06-05 12:37:12.457 I/InstrumentationBackend(13995): Added:'PressUserActionButton', with key:'press_user_action_button'
06-05 12:37:12.457 I/InstrumentationBackend(13995): Added:'HideSoftKeyboard', with key:'hide_soft_keyboard'
06-05 12:37:12.457 I/InstrumentationBackend(13995): Added:'ListActions', with key:'list_actions'
06-05 12:37:12.457 I/calabash(13995): Instantiating http server at 7102
06-05 12:37:12.459 I/System.out(13995): HTTP Daemon listening on: 7102
06-05 12:37:12.479 W/OpenGLRenderer( 2389): Incorrectly called buildLayer on View: ShortcutAndWidgetContainer, destroying layer...
06-05 12:37:12.552 I/System.out(13995): URI: //ping
06-05 12:37:12.552 I/System.out(13995): params: {json={}
06-05 12:37:12.552 I/System.out(13995): }
06-05 12:37:12.560 I/System.out(13995): URI: //ping
06-05 12:37:12.560 I/System.out(13995): params: {json={}
06-05 12:37:12.560 I/System.out(13995): }
06-05 12:37:12.566 I/System.out(13995): URI: //ready
06-05 12:37:12.566 I/System.out(13995): params: {json={}
06-05 12:37:12.566 I/System.out(13995): }
06-05 12:37:12.574 I/System.out(13995): URI: //
06-05 12:37:12.574 I/System.out(13995): params: {json={"command":"version","arguments":[]}
06-05 12:37:12.574 I/System.out(13995): }
06-05 12:37:12.574 I/System.out(13995): header: {content-type=application/json;charset=utf-8, date=Fri, 05 Jun 2020 17:37:13 GMT, accept=*/*, host=127.0.0.1:34782, content-length=36, user-agent=HTTPClient/1.0 (2.8.3, ruby 2.5.1 (2018-03-29))}
06-05 12:37:12.574 I/System.out(13995): params: {json={"command":"version","arguments":[]}
06-05 12:37:12.574 I/System.out(13995): }
06-05 12:37:12.574 I/System.out(13995): ProP json = {"command":"version","arguments":[]}
06-05 12:37:12.574 I/System.out(13995): files: {}
06-05 12:37:12.574 I/System.out(13995): command: {"command":"version","arguments":[]}
06-05 12:37:12.584 I/InstrumentationBackend(13995): Got command:'Command:'Line:null,version', arguments:'[]'
06-05 12:37:12.602 I/System.out(13995): result:{"bonusInformation":[],"message":"0.9.8","success":true}
06-05 12:37:12.606 I/System.out(13995): URI: //start-application
06-05 12:37:12.606 I/System.out(13995): params: {json={"intent":null}
06-05 12:37:12.606 I/System.out(13995): }
06-05 12:37:12.618 I/ActivityManager( 1659): START u0 {act=android.intent.action.MAIN cat=[android.intent.category.LAUNCHER] flg=0x10200000 cmp=com.evancharlton.mileage/.Mileage} from uid 10082 on display 0
06-05 12:37:12.622 I/calabash(13995): newActivity1
06-05 12:37:12.630 I/calabash(13995): newActivity1
06-05 12:37:12.631 W/ActivityManager( 1659): Bad activity token: android.os.BinderProxy@8c6df39
06-05 12:37:12.631 W/ActivityManager( 1659): java.lang.ClassCastException: android.os.BinderProxy cannot be cast to com.android.server.am.ActivityRecord$Token
06-05 12:37:12.631 W/ActivityManager( 1659): 	at com.android.server.am.ActivityRecord.forTokenLocked(ActivityRecord.java:586)
06-05 12:37:12.631 W/ActivityManager( 1659): 	at com.android.server.am.ActivityRecord.isInStackLocked(ActivityRecord.java:1327)
06-05 12:37:12.631 W/ActivityManager( 1659): 	at com.android.server.am.ActivityRecord.getStackLocked(ActivityRecord.java:1332)
06-05 12:37:12.631 W/ActivityManager( 1659): 	at com.android.server.am.ActivityManagerService.getActivityDisplayId(ActivityManagerService.java:9806)
06-05 12:37:12.631 W/ActivityManager( 1659): 	at android.app.ActivityManagerNative.onTransact(ActivityManagerNative.java:2566)
06-05 12:37:12.631 W/ActivityManager( 1659): 	at com.android.server.am.ActivityManagerService.onTransact(ActivityManagerService.java:2757)
06-05 12:37:12.631 W/ActivityManager( 1659): 	at android.os.Binder.execTransact(Binder.java:565)
06-05 12:37:12.632 W/ActivityManager( 1659): Bad activity token: android.os.BinderProxy@8c6df39
06-05 12:37:12.632 W/ActivityManager( 1659): java.lang.ClassCastException: android.os.BinderProxy cannot be cast to com.android.server.am.ActivityRecord$Token
06-05 12:37:12.632 W/ActivityManager( 1659): 	at com.android.server.am.ActivityRecord.forTokenLocked(ActivityRecord.java:586)
06-05 12:37:12.632 W/ActivityManager( 1659): 	at com.android.server.am.ActivityRecord.isInStackLocked(ActivityRecord.java:1327)
06-05 12:37:12.632 W/ActivityManager( 1659): 	at com.android.server.am.ActivityManagerService.setTaskDescription(ActivityManagerService.java:9358)
06-05 12:37:12.632 W/ActivityManager( 1659): 	at android.app.ActivityManagerNative.onTransact(ActivityManagerNative.java:2639)
06-05 12:37:12.632 W/ActivityManager( 1659): 	at com.android.server.am.ActivityManagerService.onTransact(ActivityManagerService.java:2757)
06-05 12:37:12.632 W/ActivityManager( 1659): 	at android.os.Binder.execTransact(Binder.java:565)
06-05 12:37:12.632 W/ActivityManager( 1659): Bad activity token: android.os.BinderProxy@8c6df39
06-05 12:37:12.632 W/ActivityManager( 1659): java.lang.ClassCastException: android.os.BinderProxy cannot be cast to com.android.server.am.ActivityRecord$Token
06-05 12:37:12.632 W/ActivityManager( 1659): 	at com.android.server.am.ActivityRecord.forTokenLocked(ActivityRecord.java:586)
06-05 12:37:12.632 W/ActivityManager( 1659): 	at com.android.server.am.ActivityRecord.isInStackLocked(ActivityRecord.java:1327)
06-05 12:37:12.632 W/ActivityManager( 1659): 	at com.android.server.am.ActivityRecord.getStackLocked(ActivityRecord.java:1332)
06-05 12:37:12.632 W/ActivityManager( 1659): 	at com.android.server.am.ActivityManagerService.getActivityStackId(ActivityManagerService.java:9817)
06-05 12:37:12.632 W/ActivityManager( 1659): 	at android.app.ActivityManagerNative.onTransact(ActivityManagerNative.java:2856)
06-05 12:37:12.632 W/ActivityManager( 1659): 	at com.android.server.am.ActivityManagerService.onTransact(ActivityManagerService.java:2757)
06-05 12:37:12.632 W/ActivityManager( 1659): 	at android.os.Binder.execTransact(Binder.java:565)
06-05 12:37:12.645 W/ActivityManager( 1659): Bad activity token: android.os.BinderProxy@8c6df39
06-05 12:37:12.645 W/ActivityManager( 1659): java.lang.ClassCastException: android.os.BinderProxy cannot be cast to com.android.server.am.ActivityRecord$Token
06-05 12:37:12.645 W/ActivityManager( 1659): 	at com.android.server.am.ActivityRecord.forTokenLocked(ActivityRecord.java:586)
06-05 12:37:12.645 W/ActivityManager( 1659): 	at com.android.server.am.ActivityRecord.isInStackLocked(ActivityRecord.java:1327)
06-05 12:37:12.645 W/ActivityManager( 1659): 	at com.android.server.am.ActivityManagerService.getActivityOptions(ActivityManagerService.java:12559)
06-05 12:37:12.645 W/ActivityManager( 1659): 	at android.app.ActivityManagerNative.onTransact(ActivityManagerNative.java:1933)
06-05 12:37:12.645 W/ActivityManager( 1659): 	at com.android.server.am.ActivityManagerService.onTransact(ActivityManagerService.java:2757)
06-05 12:37:12.645 W/ActivityManager( 1659): 	at android.os.Binder.execTransact(Binder.java:565)
06-05 12:37:12.645 W/ActivityManager( 1659): Bad activity token: android.os.BinderProxy@8c6df39
06-05 12:37:12.645 W/ActivityManager( 1659): java.lang.ClassCastException: android.os.BinderProxy cannot be cast to com.android.server.am.ActivityRecord$Token
06-05 12:37:12.645 W/ActivityManager( 1659): 	at com.android.server.am.ActivityRecord.forTokenLocked(ActivityRecord.java:586)
06-05 12:37:12.645 W/ActivityManager( 1659): 	at com.android.server.am.ActivityRecord.isInStackLocked(ActivityRecord.java:1327)
06-05 12:37:12.645 W/ActivityManager( 1659): 	at com.android.server.am.ActivityManagerService.getActivityOptions(ActivityManagerService.java:12559)
06-05 12:37:12.645 W/ActivityManager( 1659): 	at android.app.ActivityManagerNative.onTransact(ActivityManagerNative.java:1933)
06-05 12:37:12.645 W/ActivityManager( 1659): 	at com.android.server.am.ActivityManagerService.onTransact(ActivityManagerService.java:2757)
06-05 12:37:12.645 W/ActivityManager( 1659): 	at android.os.Binder.execTransact(Binder.java:565)
06-05 12:37:12.647 D/gralloc_ranchu( 1352): gralloc_alloc: Creating ashmem region of size 9023488
06-05 12:37:12.668 V/PhoneStatusBar( 1792): setLightsOn(true)
06-05 12:37:12.668 V/PhoneStatusBar( 1792): setLightsOn(true)
06-05 12:37:12.681 D/EGL_emulation( 1792): eglMakeCurrent: 0x992abea0: ver 2 0 (tinfo 0xa5a6f110)
06-05 12:37:12.682 V/PhoneStatusBar( 1792): setLightsOn(true)
06-05 12:37:12.687 V/PhoneStatusBar( 1792): setLightsOn(true)
06-05 12:37:12.689 D/gralloc_ranchu( 1352): gralloc_alloc: Creating ashmem region of size 9023488
06-05 12:37:12.699 D/EGL_emulation( 1792): eglMakeCurrent: 0x992abea0: ver 2 0 (tinfo 0xa5a6f110)
06-05 12:37:12.700 D/EGL_emulation( 2389): eglMakeCurrent: 0xb1284ec0: ver 2 0 (tinfo 0x98c170c0)
06-05 12:37:12.701 D/        (13995): HostConnection::get() New Host Connection established 0x99f2b4c0, tid 13995
06-05 12:37:12.749 D/EGL_emulation( 1792): eglMakeCurrent: 0x992abea0: ver 2 0 (tinfo 0xa5a6f110)
06-05 12:37:12.752 D/EGL_emulation( 1792): eglMakeCurrent: 0x992abea0: ver 2 0 (tinfo 0xa5a6f110)
06-05 12:37:12.755 D/EGL_emulation( 1792): eglMakeCurrent: 0x992abea0: ver 2 0 (tinfo 0xa5a6f110)
06-05 12:37:12.755 V/PhoneStatusBar( 1792): setLightsOn(true)
06-05 12:37:12.763 D/EGL_emulation( 1792): eglMakeCurrent: 0x992abea0: ver 2 0 (tinfo 0xa5a6f110)
06-05 12:37:12.765 D/EGL_emulation( 1792): eglMakeCurrent: 0x992abea0: ver 2 0 (tinfo 0xa5a6f110)
06-05 12:37:12.780 D/gralloc_ranchu( 1352): gralloc_alloc: Creating ashmem region of size 9023488
06-05 12:37:12.780 I/ActivityManager( 1659): Displayed com.evancharlton.mileage/.Mileage: +160ms
06-05 12:37:12.780 D/EGL_emulation( 1792): eglMakeCurrent: 0x992abea0: ver 2 0 (tinfo 0xa5a6f110)
06-05 12:37:12.793 D/EGL_emulation( 1792): eglMakeCurrent: 0x992abea0: ver 2 0 (tinfo 0xa5a6f110)
06-05 12:37:12.801 D/EGL_emulation( 1792): eglMakeCurrent: 0x992abea0: ver 2 0 (tinfo 0xa5a6f110)
06-05 12:37:12.804 D/EGL_emulation( 1792): eglMakeCurrent: 0x992abea0: ver 2 0 (tinfo 0xa5a6f110)
06-05 12:37:12.814 D/EGL_emulation( 1792): eglMakeCurrent: 0x992abea0: ver 2 0 (tinfo 0xa5a6f110)
06-05 12:37:12.816 D/EGL_emulation( 1792): eglMakeCurrent: 0x992abea0: ver 2 0 (tinfo 0xa5a6f110)
06-05 12:37:12.816 V/PhoneStatusBar( 1792): setLightsOn(true)
06-05 12:37:12.830 D/EGL_emulation( 1792): eglMakeCurrent: 0x992abea0: ver 2 0 (tinfo 0xa5a6f110)
06-05 12:37:12.832 D/EGL_emulation( 1792): eglMakeCurrent: 0x992abea0: ver 2 0 (tinfo 0xa5a6f110)
06-05 12:37:12.849 D/EGL_emulation( 1792): eglMakeCurrent: 0x992abea0: ver 2 0 (tinfo 0xa5a6f110)
06-05 12:37:12.856 D/EGL_emulation( 1792): eglMakeCurrent: 0x992abea0: ver 2 0 (tinfo 0xa5a6f110)
06-05 12:37:12.865 D/EGL_emulation( 1792): eglMakeCurrent: 0x992abea0: ver 2 0 (tinfo 0xa5a6f110)
06-05 12:37:12.871 D/EGL_emulation( 1792): eglMakeCurrent: 0x992abea0: ver 2 0 (tinfo 0xa5a6f110)
06-05 12:37:12.873 I/System.out(13995): URI: //map
06-05 12:37:12.874 I/System.out(13995): params: {json={"query":"* marked:'Statistics'","operation":{"method_name":"query","arguments":[]}}
06-05 12:37:12.874 I/System.out(13995): }
06-05 12:37:12.881 D/EGL_emulation( 1792): eglMakeCurrent: 0x992abea0: ver 2 0 (tinfo 0xa5a6f110)
06-05 12:37:12.885 D/EGL_emulation( 1792): eglMakeCurrent: 0x992abea0: ver 2 0 (tinfo 0xa5a6f110)
06-05 12:37:12.898 D/EGL_emulation( 1792): eglMakeCurrent: 0x992abea0: ver 2 0 (tinfo 0xa5a6f110)
06-05 12:37:12.902 D/EGL_emulation( 1792): eglMakeCurrent: 0x992abea0: ver 2 0 (tinfo 0xa5a6f110)
06-05 12:37:12.905 W/ResourceType(13995): No package identifier when getting name for resource number 0x00000001
06-05 12:37:12.915 D/EGL_emulation( 1792): eglMakeCurrent: 0x992abea0: ver 2 0 (tinfo 0xa5a6f110)
06-05 12:37:12.932 I/System.out(13995): URI: //gesture
06-05 12:37:12.932 I/System.out(13995): params: {json={"query_timeout":5.0,"gestures":[{"query_string":"* marked:'Statistics'","touches":[{"x":50,"y":50,"offset_x":0,"offset_y":0,"wait":0.0,"time":0.2,"release":true,"query_string":null}]}]}
06-05 12:37:12.932 I/System.out(13995): }
06-05 12:37:12.937 W/ResourceType(13995): No package identifier when getting name for resource number 0x00000001
06-05 12:37:12.981 I/WindowManager( 1659): Destroying surface Surface(name=Starting com.evancharlton.mileage) called by com.android.server.wm.WindowStateAnimator.destroySurface:2016 com.android.server.wm.WindowStateAnimator.destroySurfaceLocked:882 com.android.server.wm.WindowState.destroyOrSaveSurface:2100 com.android.server.wm.AppWindowToken.destroySurfaces:363 com.android.server.wm.WindowStateAnimator.finishExit:565 com.android.server.wm.WindowStateAnimator.stepAnimationLocked:491 com.android.server.wm.WindowAnimator.updateWindowsLocked:303 com.android.server.wm.WindowAnimator.animateLocked:704 
06-05 12:37:12.987 V/PhoneStatusBar( 1792): setLightsOn(true)
06-05 12:37:13.014 V/PhoneStatusBar( 1792): setLightsOn(true)
06-05 12:37:13.165 V/PhoneStatusBar( 1792): setLightsOn(true)
06-05 12:37:13.169 I/calabash(13995): newActivity1
06-05 12:37:13.194 I/System.out(13995): URI: //map
06-05 12:37:13.194 I/System.out(13995): params: {json={"query":"* marked:'Worst fuel economy'","operation":{"method_name":"query","arguments":[]}}
06-05 12:37:13.194 I/System.out(13995): }
06-05 12:37:13.199 W/ActivityManager( 1659): Bad activity token: android.os.BinderProxy@304dcf
06-05 12:37:13.199 W/ActivityManager( 1659): java.lang.ClassCastException: android.os.BinderProxy cannot be cast to com.android.server.am.ActivityRecord$Token
06-05 12:37:13.199 W/ActivityManager( 1659): 	at com.android.server.am.ActivityRecord.forTokenLocked(ActivityRecord.java:586)
06-05 12:37:13.199 W/ActivityManager( 1659): 	at com.android.server.am.ActivityRecord.isInStackLocked(ActivityRecord.java:1327)
06-05 12:37:13.199 W/ActivityManager( 1659): 	at com.android.server.am.ActivityRecord.getStackLocked(ActivityRecord.java:1332)
06-05 12:37:13.199 W/ActivityManager( 1659): 	at com.android.server.am.ActivityManagerService.getActivityDisplayId(ActivityManagerService.java:9806)
06-05 12:37:13.199 W/ActivityManager( 1659): 	at android.app.ActivityManagerNative.onTransact(ActivityManagerNative.java:2566)
06-05 12:37:13.199 W/ActivityManager( 1659): 	at com.android.server.am.ActivityManagerService.onTransact(ActivityManagerService.java:2757)
06-05 12:37:13.199 W/ActivityManager( 1659): 	at android.os.Binder.execTransact(Binder.java:565)
06-05 12:37:13.201 W/ActivityManager( 1659): Bad activity token: android.os.BinderProxy@304dcf
06-05 12:37:13.201 W/ActivityManager( 1659): java.lang.ClassCastException: android.os.BinderProxy cannot be cast to com.android.server.am.ActivityRecord$Token
06-05 12:37:13.201 W/ActivityManager( 1659): 	at com.android.server.am.ActivityRecord.forTokenLocked(ActivityRecord.java:586)
06-05 12:37:13.201 W/ActivityManager( 1659): 	at com.android.server.am.ActivityRecord.isInStackLocked(ActivityRecord.java:1327)
06-05 12:37:13.201 W/ActivityManager( 1659): 	at com.android.server.am.ActivityManagerService.setTaskDescription(ActivityManagerService.java:9358)
06-05 12:37:13.201 W/ActivityManager( 1659): 	at android.app.ActivityManagerNative.onTransact(ActivityManagerNative.java:2639)
06-05 12:37:13.201 W/ActivityManager( 1659): 	at com.android.server.am.ActivityManagerService.onTransact(ActivityManagerService.java:2757)
06-05 12:37:13.201 W/ActivityManager( 1659): 	at android.os.Binder.execTransact(Binder.java:565)
06-05 12:37:13.201 W/ActivityManager( 1659): Bad activity token: android.os.BinderProxy@304dcf
06-05 12:37:13.201 W/ActivityManager( 1659): java.lang.ClassCastException: android.os.BinderProxy cannot be cast to com.android.server.am.ActivityRecord$Token
06-05 12:37:13.201 W/ActivityManager( 1659): 	at com.android.server.am.ActivityRecord.forTokenLocked(ActivityRecord.java:586)
06-05 12:37:13.201 W/ActivityManager( 1659): 	at com.android.server.am.ActivityRecord.isInStackLocked(ActivityRecord.java:1327)
06-05 12:37:13.201 W/ActivityManager( 1659): 	at com.android.server.am.ActivityRecord.getStackLocked(ActivityRecord.java:1332)
06-05 12:37:13.201 W/ActivityManager( 1659): 	at com.android.server.am.ActivityManagerService.getActivityStackId(ActivityManagerService.java:9817)
06-05 12:37:13.201 W/ActivityManager( 1659): 	at android.app.ActivityManagerNative.onTransact(ActivityManagerNative.java:2856)
06-05 12:37:13.201 W/ActivityManager( 1659): 	at com.android.server.am.ActivityManagerService.onTransact(ActivityManagerService.java:2757)
06-05 12:37:13.201 W/ActivityManager( 1659): 	at android.os.Binder.execTransact(Binder.java:565)
06-05 12:37:13.207 D/VehicleStatisticsActivity(13995): Checking recalculation ...
06-05 12:37:13.208 D/VehicleStatisticsActivity(13995): Recalculating statistics
06-05 12:37:13.208 D/VehicleStatisticsTask(13995): Calculation starting...
06-05 12:37:13.208 D/VehicleStatisticsActivity(13995): Recalculation started!
06-05 12:37:13.209 D/AndroidRuntime(13995): Shutting down VM
--------- beginning of crash
06-05 12:37:13.209 E/AndroidRuntime(13995): FATAL EXCEPTION: main
06-05 12:37:13.209 E/AndroidRuntime(13995): Process: com.evancharlton.mileage, PID: 13995
06-05 12:37:13.209 E/AndroidRuntime(13995): java.lang.RuntimeException: Unable to start activity ComponentInfo{com.evancharlton.mileage/com.evancharlton.mileage.VehicleStatisticsActivity}: java.lang.NullPointerException: Attempt to invoke virtual method 'void android.widget.ListView.setAdapter(android.widget.ListAdapter)' on a null object reference
06-05 12:37:13.209 E/AndroidRuntime(13995): 	at android.app.ActivityThread.performLaunchActivity(ActivityThread.java:2646)
06-05 12:37:13.209 E/AndroidRuntime(13995): 	at android.app.ActivityThread.startActivityNow(ActivityThread.java:2446)
06-05 12:37:13.209 E/AndroidRuntime(13995): 	at android.app.LocalActivityManager.moveToState(LocalActivityManager.java:136)
06-05 12:37:13.209 E/AndroidRuntime(13995): 	at android.app.LocalActivityManager.startActivity(LocalActivityManager.java:348)
06-05 12:37:13.209 E/AndroidRuntime(13995): 	at android.widget.TabHost$IntentContentStrategy.getContentView(TabHost.java:724)
06-05 12:37:13.209 E/AndroidRuntime(13995): 	at android.widget.TabHost.setCurrentTab(TabHost.java:388)
06-05 12:37:13.209 E/AndroidRuntime(13995): 	at android.widget.TabHost$2.onTabSelectionChanged(TabHost.java:158)
06-05 12:37:13.209 E/AndroidRuntime(13995): 	at android.widget.TabWidget$TabClickListener.onClick(TabWidget.java:532)
06-05 12:37:13.209 E/AndroidRuntime(13995): 	at android.view.View.performClick(View.java:5610)
06-05 12:37:13.209 E/AndroidRuntime(13995): 	at android.view.View$PerformClick.run(View.java:22265)
06-05 12:37:13.209 E/AndroidRuntime(13995): 	at android.os.Handler.handleCallback(Handler.java:751)
06-05 12:37:13.209 E/AndroidRuntime(13995): 	at android.os.Handler.dispatchMessage(Handler.java:95)
06-05 12:37:13.209 E/AndroidRuntime(13995): 	at android.os.Looper.loop(Looper.java:154)
06-05 12:37:13.209 E/AndroidRuntime(13995): 	at android.app.ActivityThread.main(ActivityThread.java:6077)
06-05 12:37:13.209 E/AndroidRuntime(13995): 	at java.lang.reflect.Method.invoke(Native Method)
06-05 12:37:13.209 E/AndroidRuntime(13995): 	at com.android.internal.os.ZygoteInit$MethodAndArgsCaller.run(ZygoteInit.java:866)
06-05 12:37:13.209 E/AndroidRuntime(13995): 	at com.android.internal.os.ZygoteInit.main(ZygoteInit.java:756)
06-05 12:37:13.209 E/AndroidRuntime(13995): Caused by: java.lang.NullPointerException: Attempt to invoke virtual method 'void android.widget.ListView.setAdapter(android.widget.ListAdapter)' on a null object reference
06-05 12:37:13.209 E/AndroidRuntime(13995): 	at com.evancharlton.mileage.VehicleStatisticsActivity.setAdapter(VehicleStatisticsActivity.java:200)
06-05 12:37:13.209 E/AndroidRuntime(13995): 	at com.evancharlton.mileage.VehicleStatisticsActivity.recalculate(VehicleStatisticsActivity.java:175)
06-05 12:37:13.209 E/AndroidRuntime(13995): 	at com.evancharlton.mileage.VehicleStatisticsActivity.onCreate(VehicleStatisticsActivity.java:131)
06-05 12:37:13.209 E/AndroidRuntime(13995): 	at android.app.Activity.performCreate(Activity.java:6662)
06-05 12:37:13.209 E/AndroidRuntime(13995): 	at android.app.Instrumentation.callActivityOnCreate(Instrumentation.java:1118)
06-05 12:37:13.209 E/AndroidRuntime(13995): 	at android.app.ActivityThread.performLaunchActivity(ActivityThread.java:2599)
06-05 12:37:13.209 E/AndroidRuntime(13995): 	... 16 more
06-05 12:37:13.210 I/Process (13995): Sending signal. PID: 13995 SIG: 9
06-05 12:37:13.212 W/InputDispatcher( 1659): channel 'd325a56 com.evancharlton.mileage/com.evancharlton.mileage.Mileage (server)' ~ Consumer closed input channel or an error occurred.  events=0x9
06-05 12:37:13.212 E/InputDispatcher( 1659): channel 'd325a56 com.evancharlton.mileage/com.evancharlton.mileage.Mileage (server)' ~ Channel is unrecoverably broken and will be disposed!
06-05 12:37:13.213 I/ActivityManager( 1659): Process com.evancharlton.mileage (pid 13995) has died
06-05 12:37:13.213 D/ActivityManager( 1659): cleanUpApplicationRecord -- 13995
06-05 12:37:13.213 W/ActivityManager( 1659): Scheduling restart of crashed service com.evancharlton.mileage/.services.AutomaticBackupService in 1000ms
06-05 12:37:13.213 W/ActivityManager( 1659): Force removing ActivityRecord{22dbba6 u0 com.evancharlton.mileage/.Mileage t126}: app died, no saved state
06-05 12:37:13.229 I/WindowManager( 1659): WIN DEATH: Window{d325a56 u0 com.evancharlton.mileage/com.evancharlton.mileage.Mileage}
06-05 12:37:13.229 W/InputDispatcher( 1659): Attempted to unregister already unregistered input channel 'd325a56 com.evancharlton.mileage/com.evancharlton.mileage.Mileage (server)'
06-05 12:37:13.229 I/WindowManager( 1659): Destroying surface Surface(name=com.evancharlton.mileage/com.evancharlton.mileage.Mileage) called by com.android.server.wm.WindowStateAnimator.destroySurface:2016 com.android.server.wm.WindowStateAnimator.destroySurfaceLocked:882 com.android.server.wm.WindowState.removeLocked:1456 com.android.server.wm.WindowManagerService.removeWindowInnerLocked:2484 com.android.server.wm.WindowManagerService.removeWindowLocked:2442 com.android.server.wm.WindowState$DeathRecipient.binderDied:1787 android.os.BinderProxy.sendDeathNotice:688 <bottom of call stack> 
06-05 12:37:13.246 W/ActivityManager( 1659): Crash of app com.evancharlton.mileage running instrumentation ComponentInfo{com.evancharlton.mileage.test/sh.calaba.instrumentationbackend.CalabashInstrumentationTestRunner}
06-05 12:37:13.246 I/ActivityManager( 1659): Force stopping com.evancharlton.mileage appid=10082 user=0: finished inst
06-05 12:37:13.247 I/ActivityManager( 1659):   Force stopping service ServiceRecord{50df7eb u0 com.evancharlton.mileage/.services.AutomaticBackupService}
06-05 12:37:13.249 V/PhoneStatusBar( 1792): setLightsOn(true)
06-05 12:37:13.282 D/EGL_emulation( 2389): eglMakeCurrent: 0xb1284ec0: ver 2 0 (tinfo 0x98c170c0)
06-05 12:37:13.297 D/EGL_emulation( 1792): eglMakeCurrent: 0x992abea0: ver 2 0 (tinfo 0xa5a6f110)
06-05 12:37:13.300 E/SurfaceFlinger( 1352): ro.sf.lcd_density must be defined as a build property
06-05 12:37:13.300 D/gralloc_ranchu( 1352): gralloc_alloc: Creating ashmem region of size 9592832
06-05 12:37:13.305 D/        (14029): HostConnection::get() New Host Connection established 0xb3c1b2c0, tid 14029
06-05 12:37:13.309 E/EGL_emulation( 1352): tid 1352: eglCreateSyncKHR(1901): error 0x3004 (EGL_BAD_ATTRIBUTE)
06-05 12:37:13.330 D/EGL_emulation( 1792): eglMakeCurrent: 0x992abea0: ver 2 0 (tinfo 0xa5a6f110)
06-05 12:37:13.332 D/EGL_emulation( 1792): eglMakeCurrent: 0x992abea0: ver 2 0 (tinfo 0xa5a6f110)
06-05 12:37:13.334 D/EGL_emulation( 1792): eglMakeCurrent: 0x992abea0: ver 2 0 (tinfo 0xa5a6f110)
06-05 12:37:13.337 D/EGL_emulation( 1792): eglMakeCurrent: 0x992abea0: ver 2 0 (tinfo 0xa5a6f110)
06-05 12:37:13.346 D/EGL_emulation( 1792): eglMakeCurrent: 0x992abea0: ver 2 0 (tinfo 0xa5a6f110)
06-05 12:37:13.348 D/EGL_emulation( 1792): eglMakeCurrent: 0x992abea0: ver 2 0 (tinfo 0xa5a6f110)
06-05 12:37:13.363 D/EGL_emulation( 1792): eglMakeCurrent: 0x992abea0: ver 2 0 (tinfo 0xa5a6f110)
06-05 12:37:13.365 D/EGL_emulation( 1792): eglMakeCurrent: 0x992abea0: ver 2 0 (tinfo 0xa5a6f110)
06-05 12:37:13.379 D/EGL_emulation( 1792): eglMakeCurrent: 0x992abea0: ver 2 0 (tinfo 0xa5a6f110)
06-05 12:37:13.381 D/EGL_emulation( 1792): eglMakeCurrent: 0x992abea0: ver 2 0 (tinfo 0xa5a6f110)
06-05 12:37:13.396 D/EGL_emulation( 1792): eglMakeCurrent: 0x992abea0: ver 2 0 (tinfo 0xa5a6f110)
06-05 12:37:13.399 D/EGL_emulation( 1792): eglMakeCurrent: 0x992abea0: ver 2 0 (tinfo 0xa5a6f110)
06-05 12:37:13.413 D/EGL_emulation( 1792): eglMakeCurrent: 0x992abea0: ver 2 0 (tinfo 0xa5a6f110)
06-05 12:37:13.414 D/EGL_emulation( 1792): eglMakeCurrent: 0x992abea0: ver 2 0 (tinfo 0xa5a6f110)
06-05 12:37:13.430 D/EGL_emulation( 1792): eglMakeCurrent: 0x992abea0: ver 2 0 (tinfo 0xa5a6f110)
06-05 12:37:13.432 D/EGL_emulation( 1792): eglMakeCurrent: 0x992abea0: ver 2 0 (tinfo 0xa5a6f110)
06-05 12:37:13.447 D/EGL_emulation( 1792): eglMakeCurrent: 0x992abea0: ver 2 0 (tinfo 0xa5a6f110)
06-05 12:37:13.449 D/EGL_emulation( 1792): eglMakeCurrent: 0x992abea0: ver 2 0 (tinfo 0xa5a6f110)
06-05 12:37:13.463 D/EGL_emulation( 1792): eglMakeCurrent: 0x992abea0: ver 2 0 (tinfo 0xa5a6f110)
06-05 12:37:13.465 D/EGL_emulation( 1792): eglMakeCurrent: 0x992abea0: ver 2 0 (tinfo 0xa5a6f110)
06-05 12:37:13.496 D/EGL_emulation( 1792): eglMakeCurrent: 0x992abea0: ver 2 0 (tinfo 0xa5a6f110)
