--------- beginning of main
06-05 12:37:20.064 D/AndroidRuntime(14309): >>>>>> START com.android.internal.os.RuntimeInit uid 2000 <<<<<<
06-05 12:37:20.065 D/AndroidRuntime(14309): CheckJNI is ON
06-05 12:37:20.076 W/art     (14309): Unexpected CPU variant for X86 using defaults: x86
06-05 12:37:20.077 D/ICU     (14309): No timezone override file found: /data/misc/zoneinfo/current/icu/icu_tzdata.dat
06-05 12:37:20.084 E/memtrack(14309): Couldn't load memtrack module (No such file or directory)
06-05 12:37:20.084 E/android.os.Debug(14309): failed to load memtrack module: -2
06-05 12:37:20.085 I/Radio-JNI(14309): register_android_hardware_Radio DONE
06-05 12:37:20.088 D/AndroidRuntime(14309): Calling main entry com.android.commands.am.Am
--------- beginning of system
06-05 12:37:20.090 I/ActivityManager( 1659): Force stopping com.evancharlton.mileage appid=10082 user=0: start instr
06-05 12:37:20.092 I/art     (14319): Not late-enabling -Xcheck:jni (already on)
06-05 12:37:20.092 W/art     (14319): Unexpected CPU variant for X86 using defaults: x86
06-05 12:37:20.096 W/OpenGLRenderer( 2389): Incorrectly called buildLayer on View: ShortcutAndWidgetContainer, destroying layer...
06-05 12:37:20.100 I/ActivityManager( 1659): Start proc 14319:com.evancharlton.mileage/u0a82 for added application com.evancharlton.mileage
06-05 12:37:20.100 D/AndroidRuntime(14309): Shutting down VM
06-05 12:37:20.105 W/System  (14319): ClassLoader referenced unknown path: /data/app/com.evancharlton.mileage.test-1/lib/x86
06-05 12:37:20.105 W/System  (14319): ClassLoader referenced unknown path: /data/app/com.evancharlton.mileage-1/lib/x86
06-05 12:37:20.108 W/System  (14319): ClassLoader referenced unknown path: 
06-05 12:37:20.111 I/System.out(14319): Main activity name automatically set to: com.evancharlton.mileage.Mileage
06-05 12:37:20.111 I/System.out(14319): Calabash did not load Mono. This is only a problem if you are trying to test a Mono application
06-05 12:37:20.112 I/calabash(14319): Test server port: 7102
06-05 12:37:20.112 I/InstrumentationBackend(14319): Added:'GetPreferences', with key:'get_preferences'
06-05 12:37:20.118 I/InstrumentationBackend(14319): Added:'SetPreferences', with key:'set_preferences'
06-05 12:37:20.118 I/InstrumentationBackend(14319): Added:'ClearPreferences', with key:'clear_preferences'
06-05 12:37:20.118 I/InstrumentationBackend(14319): Added:'PressElement', with key:'press_l10n_element'
06-05 12:37:20.118 I/InstrumentationBackend(14319): Added:'WaitForElement', with key:'wait_for_l10n_element'
06-05 12:37:20.118 I/InstrumentationBackend(14319): Added:'NullAction', with key:'nullAction'
06-05 12:37:20.118 I/InstrumentationBackend(14319): Added:'PressKey', with key:'press_key'
06-05 12:37:20.118 I/InstrumentationBackend(14319): Added:'SetActivityOrientation', with key:'set_activity_orientation'
06-05 12:37:20.118 I/InstrumentationBackend(14319): Added:'GetActivityOrientation', with key:'get_activity_orientation'
06-05 12:37:20.118 I/InstrumentationBackend(14319): Added:'FakeGPSLocation', with key:'set_gps_coordinates'
06-05 12:37:20.118 I/InstrumentationBackend(14319): Added:'SetPropertyByCssSelector', with key:'set_property_by_css_selector'
06-05 12:37:20.118 I/InstrumentationBackend(14319): Added:'GetUrl', with key:'get_url'
06-05 12:37:20.119 I/InstrumentationBackend(14319): Added:'ScrollTo', with key:'scroll_to'
06-05 12:37:20.119 I/InstrumentationBackend(14319): Added:'GetLoadProgress', with key:'get_load_progress'
06-05 12:37:20.119 I/InstrumentationBackend(14319): Added:'DumpHtml', with key:'dump_html'
06-05 12:37:20.119 I/InstrumentationBackend(14319): Added:'DumpBodyHtml', with key:'dump_body_html'
06-05 12:37:20.119 I/InstrumentationBackend(14319): Added:'EnterTextByCssSelector', with key:'enter_text_by_selector'
06-05 12:37:20.119 I/InstrumentationBackend(14319): Added:'AndroidSDKVersion', with key:'android_sdk_version'
06-05 12:37:20.119 I/InstrumentationBackend(14319): Added:'Version', with key:'version'
06-05 12:37:20.119 I/InstrumentationBackend(14319): Added:'Drag', with key:'drag'
06-05 12:37:20.119 I/InstrumentationBackend(14319): Added:'TouchCoordinates', with key:'touch_coordinate'
06-05 12:37:20.119 I/InstrumentationBackend(14319): Added:'LongPressCoordinate', with key:'long_press_coordinate'
06-05 12:37:20.119 I/InstrumentationBackend(14319): Added:'DragCoordinates', with key:'drag_coordinates'
06-05 12:37:20.119 I/InstrumentationBackend(14319): Added:'ResumeApplication', with key:'resume_application'
06-05 12:37:20.119 I/InstrumentationBackend(14319): Added:'Swipe', with key:'swipe'
06-05 12:37:20.119 I/InstrumentationBackend(14319): Added:'DoubleTapCoordinate', with key:'double_tap_coordinate'
06-05 12:37:20.119 I/InstrumentationBackend(14319): Added:'ClickOnScreen', with key:'click_on_screen'
06-05 12:37:20.119 I/InstrumentationBackend(14319): Added:'GetActivityName', with key:'get_activity_name'
06-05 12:37:20.119 I/InstrumentationBackend(14319): Added:'ScrollToView', with key:'scroll_to_view'
06-05 12:37:20.119 I/InstrumentationBackend(14319): Added:'ViewConfiguration', with key:'view_configuration'
06-05 12:37:20.119 I/InstrumentationBackend(14319): Added:'IsCurrentActivityFocused', with key:'is_current_activity_focused'
06-05 12:37:20.119 I/InstrumentationBackend(14319): Added:'SendTcp', with key:'send_tcp'
06-05 12:37:20.119 I/InstrumentationBackend(14319): Added:'DpToDevicePixel', with key:'dp_to_device_pixel'
06-05 12:37:20.119 I/InstrumentationBackend(14319): Added:'KeyboardEnterText', with key:'keyboard_enter_text'
06-05 12:37:20.119 I/InstrumentationBackend(14319): Added:'DeleteSurroundingText', with key:'delete_surrounding_text'
06-05 12:37:20.119 I/InstrumentationBackend(14319): Added:'SetComposingRegion', with key:'set_composing_region'
06-05 12:37:20.119 I/InstrumentationBackend(14319): Added:'SetSelection', with key:'set_selection'
06-05 12:37:20.119 I/InstrumentationBackend(14319): Added:'KeyboardKeyEvent', with key:'keyboard_key_event'
06-05 12:37:20.120 I/InstrumentationBackend(14319): Added:'PressUserActionButton', with key:'press_user_action_button'
06-05 12:37:20.120 I/InstrumentationBackend(14319): Added:'HideSoftKeyboard', with key:'hide_soft_keyboard'
06-05 12:37:20.120 I/InstrumentationBackend(14319): Added:'ListActions', with key:'list_actions'
06-05 12:37:20.120 I/calabash(14319): Instantiating http server at 7102
06-05 12:37:20.120 I/System.out(14319): HTTP Daemon listening on: 7102
06-05 12:37:20.213 I/System.out(14319): URI: //ping
06-05 12:37:20.213 I/System.out(14319): params: {json={}
06-05 12:37:20.213 I/System.out(14319): }
06-05 12:37:20.220 I/System.out(14319): URI: //ping
06-05 12:37:20.220 I/System.out(14319): params: {json={}
06-05 12:37:20.220 I/System.out(14319): }
06-05 12:37:20.226 I/System.out(14319): URI: //ready
06-05 12:37:20.226 I/System.out(14319): params: {json={}
06-05 12:37:20.226 I/System.out(14319): }
06-05 12:37:20.232 I/System.out(14319): URI: //
06-05 12:37:20.232 I/System.out(14319): params: {json={"command":"version","arguments":[]}
06-05 12:37:20.232 I/System.out(14319): }
06-05 12:37:20.232 I/System.out(14319): header: {content-type=application/json;charset=utf-8, date=Fri, 05 Jun 2020 17:37:21 GMT, accept=*/*, host=127.0.0.1:34782, content-length=36, user-agent=HTTPClient/1.0 (2.8.3, ruby 2.5.1 (2018-03-29))}
06-05 12:37:20.232 I/System.out(14319): params: {json={"command":"version","arguments":[]}
06-05 12:37:20.232 I/System.out(14319): }
06-05 12:37:20.232 I/System.out(14319): ProP json = {"command":"version","arguments":[]}
06-05 12:37:20.232 I/System.out(14319): files: {}
06-05 12:37:20.232 I/System.out(14319): command: {"command":"version","arguments":[]}
06-05 12:37:20.241 I/InstrumentationBackend(14319): Got command:'Command:'Line:null,version', arguments:'[]'
06-05 12:37:20.258 I/System.out(14319): result:{"bonusInformation":[],"message":"0.9.8","success":true}
06-05 12:37:20.262 I/System.out(14319): URI: //start-application
06-05 12:37:20.262 I/System.out(14319): params: {json={"intent":null}
06-05 12:37:20.262 I/System.out(14319): }
06-05 12:37:20.273 I/ActivityManager( 1659): START u0 {act=android.intent.action.MAIN cat=[android.intent.category.LAUNCHER] flg=0x10200000 cmp=com.evancharlton.mileage/.Mileage} from uid 10082 on display 0
06-05 12:37:20.277 I/calabash(14319): newActivity1
06-05 12:37:20.286 I/calabash(14319): newActivity1
06-05 12:37:20.287 W/ActivityManager( 1659): Bad activity token: android.os.BinderProxy@97d3015
06-05 12:37:20.287 W/ActivityManager( 1659): java.lang.ClassCastException: android.os.BinderProxy cannot be cast to com.android.server.am.ActivityRecord$Token
06-05 12:37:20.287 W/ActivityManager( 1659): 	at com.android.server.am.ActivityRecord.forTokenLocked(ActivityRecord.java:586)
06-05 12:37:20.287 W/ActivityManager( 1659): 	at com.android.server.am.ActivityRecord.isInStackLocked(ActivityRecord.java:1327)
06-05 12:37:20.287 W/ActivityManager( 1659): 	at com.android.server.am.ActivityRecord.getStackLocked(ActivityRecord.java:1332)
06-05 12:37:20.287 W/ActivityManager( 1659): 	at com.android.server.am.ActivityManagerService.getActivityDisplayId(ActivityManagerService.java:9806)
06-05 12:37:20.287 W/ActivityManager( 1659): 	at android.app.ActivityManagerNative.onTransact(ActivityManagerNative.java:2566)
06-05 12:37:20.287 W/ActivityManager( 1659): 	at com.android.server.am.ActivityManagerService.onTransact(ActivityManagerService.java:2757)
06-05 12:37:20.287 W/ActivityManager( 1659): 	at android.os.Binder.execTransact(Binder.java:565)
06-05 12:37:20.287 W/ActivityManager( 1659): Bad activity token: android.os.BinderProxy@97d3015
06-05 12:37:20.287 W/ActivityManager( 1659): java.lang.ClassCastException: android.os.BinderProxy cannot be cast to com.android.server.am.ActivityRecord$Token
06-05 12:37:20.287 W/ActivityManager( 1659): 	at com.android.server.am.ActivityRecord.forTokenLocked(ActivityRecord.java:586)
06-05 12:37:20.287 W/ActivityManager( 1659): 	at com.android.server.am.ActivityRecord.isInStackLocked(ActivityRecord.java:1327)
06-05 12:37:20.287 W/ActivityManager( 1659): 	at com.android.server.am.ActivityManagerService.setTaskDescription(ActivityManagerService.java:9358)
06-05 12:37:20.287 W/ActivityManager( 1659): 	at android.app.ActivityManagerNative.onTransact(ActivityManagerNative.java:2639)
06-05 12:37:20.287 W/ActivityManager( 1659): 	at com.android.server.am.ActivityManagerService.onTransact(ActivityManagerService.java:2757)
06-05 12:37:20.287 W/ActivityManager( 1659): 	at android.os.Binder.execTransact(Binder.java:565)
06-05 12:37:20.288 W/ActivityManager( 1659): Bad activity token: android.os.BinderProxy@97d3015
06-05 12:37:20.288 W/ActivityManager( 1659): java.lang.ClassCastException: android.os.BinderProxy cannot be cast to com.android.server.am.ActivityRecord$Token
06-05 12:37:20.288 W/ActivityManager( 1659): 	at com.android.server.am.ActivityRecord.forTokenLocked(ActivityRecord.java:586)
06-05 12:37:20.288 W/ActivityManager( 1659): 	at com.android.server.am.ActivityRecord.isInStackLocked(ActivityRecord.java:1327)
06-05 12:37:20.288 W/ActivityManager( 1659): 	at com.android.server.am.ActivityRecord.getStackLocked(ActivityRecord.java:1332)
06-05 12:37:20.288 W/ActivityManager( 1659): 	at com.android.server.am.ActivityManagerService.getActivityStackId(ActivityManagerService.java:9817)
06-05 12:37:20.288 W/ActivityManager( 1659): 	at android.app.ActivityManagerNative.onTransact(ActivityManagerNative.java:2856)
06-05 12:37:20.288 W/ActivityManager( 1659): 	at com.android.server.am.ActivityManagerService.onTransact(ActivityManagerService.java:2757)
06-05 12:37:20.288 W/ActivityManager( 1659): 	at android.os.Binder.execTransact(Binder.java:565)
06-05 12:37:20.297 D/gralloc_ranchu( 1352): gralloc_alloc: Creating ashmem region of size 9023488
06-05 12:37:20.301 W/ActivityManager( 1659): Bad activity token: android.os.BinderProxy@97d3015
06-05 12:37:20.301 W/ActivityManager( 1659): java.lang.ClassCastException: android.os.BinderProxy cannot be cast to com.android.server.am.ActivityRecord$Token
06-05 12:37:20.301 W/ActivityManager( 1659): 	at com.android.server.am.ActivityRecord.forTokenLocked(ActivityRecord.java:586)
06-05 12:37:20.301 W/ActivityManager( 1659): 	at com.android.server.am.ActivityRecord.isInStackLocked(ActivityRecord.java:1327)
06-05 12:37:20.301 W/ActivityManager( 1659): 	at com.android.server.am.ActivityManagerService.getActivityOptions(ActivityManagerService.java:12559)
06-05 12:37:20.301 W/ActivityManager( 1659): 	at android.app.ActivityManagerNative.onTransact(ActivityManagerNative.java:1933)
06-05 12:37:20.301 W/ActivityManager( 1659): 	at com.android.server.am.ActivityManagerService.onTransact(ActivityManagerService.java:2757)
06-05 12:37:20.301 W/ActivityManager( 1659): 	at android.os.Binder.execTransact(Binder.java:565)
06-05 12:37:20.302 W/ActivityManager( 1659): Bad activity token: android.os.BinderProxy@97d3015
06-05 12:37:20.302 W/ActivityManager( 1659): java.lang.ClassCastException: android.os.BinderProxy cannot be cast to com.android.server.am.ActivityRecord$Token
06-05 12:37:20.302 W/ActivityManager( 1659): 	at com.android.server.am.ActivityRecord.forTokenLocked(ActivityRecord.java:586)
06-05 12:37:20.302 W/ActivityManager( 1659): 	at com.android.server.am.ActivityRecord.isInStackLocked(ActivityRecord.java:1327)
06-05 12:37:20.302 W/ActivityManager( 1659): 	at com.android.server.am.ActivityManagerService.getActivityOptions(ActivityManagerService.java:12559)
06-05 12:37:20.302 W/ActivityManager( 1659): 	at android.app.ActivityManagerNative.onTransact(ActivityManagerNative.java:1933)
06-05 12:37:20.302 W/ActivityManager( 1659): 	at com.android.server.am.ActivityManagerService.onTransact(ActivityManagerService.java:2757)
06-05 12:37:20.302 W/ActivityManager( 1659): 	at android.os.Binder.execTransact(Binder.java:565)
06-05 12:37:20.316 V/PhoneStatusBar( 1792): setLightsOn(true)
06-05 12:37:20.330 D/gralloc_ranchu( 1352): gralloc_alloc: Creating ashmem region of size 9023488
06-05 12:37:20.340 D/EGL_emulation( 2389): eglMakeCurrent: 0xb1284ec0: ver 2 0 (tinfo 0x98c170c0)
06-05 12:37:20.342 D/EGL_emulation( 1792): eglMakeCurrent: 0x992abea0: ver 2 0 (tinfo 0xa5a6f110)
06-05 12:37:20.342 D/        (14319): HostConnection::get() New Host Connection established 0x99f27400, tid 14319
06-05 12:37:20.398 D/EGL_emulation( 1792): eglMakeCurrent: 0x992abea0: ver 2 0 (tinfo 0xa5a6f110)
06-05 12:37:20.401 D/EGL_emulation( 1792): eglMakeCurrent: 0x992abea0: ver 2 0 (tinfo 0xa5a6f110)
06-05 12:37:20.402 V/PhoneStatusBar( 1792): setLightsOn(true)
06-05 12:37:20.403 D/EGL_emulation( 1792): eglMakeCurrent: 0x992abea0: ver 2 0 (tinfo 0xa5a6f110)
06-05 12:37:20.414 D/EGL_emulation( 1792): eglMakeCurrent: 0x992abea0: ver 2 0 (tinfo 0xa5a6f110)
06-05 12:37:20.416 D/EGL_emulation( 1792): eglMakeCurrent: 0x992abea0: ver 2 0 (tinfo 0xa5a6f110)
06-05 12:37:20.431 D/EGL_emulation( 1792): eglMakeCurrent: 0x992abea0: ver 2 0 (tinfo 0xa5a6f110)
06-05 12:37:20.432 D/gralloc_ranchu( 1352): gralloc_alloc: Creating ashmem region of size 9023488
06-05 12:37:20.451 D/EGL_emulation( 1792): eglMakeCurrent: 0x992abea0: ver 2 0 (tinfo 0xa5a6f110)
06-05 12:37:20.471 D/EGL_emulation( 1792): eglMakeCurrent: 0x992abea0: ver 2 0 (tinfo 0xa5a6f110)
06-05 12:37:20.471 I/ActivityManager( 1659): Displayed com.evancharlton.mileage/.Mileage: +195ms
06-05 12:37:20.477 D/EGL_emulation( 1792): eglMakeCurrent: 0x992abea0: ver 2 0 (tinfo 0xa5a6f110)
06-05 12:37:20.495 D/EGL_emulation( 1792): eglMakeCurrent: 0x992abea0: ver 2 0 (tinfo 0xa5a6f110)
06-05 12:37:20.498 D/EGL_emulation( 1792): eglMakeCurrent: 0x992abea0: ver 2 0 (tinfo 0xa5a6f110)
06-05 12:37:20.501 D/EGL_emulation( 1792): eglMakeCurrent: 0x992abea0: ver 2 0 (tinfo 0xa5a6f110)
06-05 12:37:20.501 V/PhoneStatusBar( 1792): setLightsOn(true)
06-05 12:37:20.503 D/EGL_emulation( 1792): eglMakeCurrent: 0x992abea0: ver 2 0 (tinfo 0xa5a6f110)
06-05 12:37:20.514 D/EGL_emulation( 1792): eglMakeCurrent: 0x992abea0: ver 2 0 (tinfo 0xa5a6f110)
06-05 12:37:20.516 D/EGL_emulation( 1792): eglMakeCurrent: 0x992abea0: ver 2 0 (tinfo 0xa5a6f110)
06-05 12:37:20.523 I/System.out(14319): URI: //map
06-05 12:37:20.523 I/System.out(14319): params: {json={"query":"* marked:'Statistics'","operation":{"method_name":"query","arguments":[]}}
06-05 12:37:20.523 I/System.out(14319): }
06-05 12:37:20.530 D/EGL_emulation( 1792): eglMakeCurrent: 0x992abea0: ver 2 0 (tinfo 0xa5a6f110)
06-05 12:37:20.532 D/EGL_emulation( 1792): eglMakeCurrent: 0x992abea0: ver 2 0 (tinfo 0xa5a6f110)
06-05 12:37:20.544 W/ResourceType(14319): No package identifier when getting name for resource number 0x00000001
06-05 12:37:20.559 I/System.out(14319): URI: //gesture
06-05 12:37:20.559 I/System.out(14319): params: {json={"query_timeout":5.0,"gestures":[{"query_string":"* marked:'Statistics'","touches":[{"x":50,"y":50,"offset_x":0,"offset_y":0,"wait":0.0,"time":0.2,"release":true,"query_string":null}]}]}
06-05 12:37:20.559 I/System.out(14319): }
06-05 12:37:20.563 W/ResourceType(14319): No package identifier when getting name for resource number 0x00000001
06-05 12:37:20.680 I/WindowManager( 1659): Destroying surface Surface(name=Starting com.evancharlton.mileage) called by com.android.server.wm.WindowStateAnimator.destroySurface:2016 com.android.server.wm.WindowStateAnimator.destroySurfaceLocked:882 com.android.server.wm.WindowState.destroyOrSaveSurface:2100 com.android.server.wm.AppWindowToken.destroySurfaces:363 com.android.server.wm.WindowStateAnimator.finishExit:565 com.android.server.wm.WindowStateAnimator.stepAnimationLocked:491 com.android.server.wm.WindowAnimator.updateWindowsLocked:303 com.android.server.wm.WindowAnimator.animateLocked:704 
06-05 12:37:20.685 V/PhoneStatusBar( 1792): setLightsOn(true)
06-05 12:37:20.689 V/PhoneStatusBar( 1792): setLightsOn(true)
06-05 12:37:20.765 V/PhoneStatusBar( 1792): setLightsOn(true)
06-05 12:37:20.803 I/calabash(14319): newActivity1
06-05 12:37:20.830 I/System.out(14319): URI: //map
06-05 12:37:20.831 I/System.out(14319): params: {json={"query":"* marked:'Minimum cost'","operation":{"method_name":"query","arguments":[]}}
06-05 12:37:20.831 I/System.out(14319): }
06-05 12:37:20.836 W/ActivityManager( 1659): Bad activity token: android.os.BinderProxy@306d70b
06-05 12:37:20.836 W/ActivityManager( 1659): java.lang.ClassCastException: android.os.BinderProxy cannot be cast to com.android.server.am.ActivityRecord$Token
06-05 12:37:20.836 W/ActivityManager( 1659): 	at com.android.server.am.ActivityRecord.forTokenLocked(ActivityRecord.java:586)
06-05 12:37:20.836 W/ActivityManager( 1659): 	at com.android.server.am.ActivityRecord.isInStackLocked(ActivityRecord.java:1327)
06-05 12:37:20.836 W/ActivityManager( 1659): 	at com.android.server.am.ActivityRecord.getStackLocked(ActivityRecord.java:1332)
06-05 12:37:20.836 W/ActivityManager( 1659): 	at com.android.server.am.ActivityManagerService.getActivityDisplayId(ActivityManagerService.java:9806)
06-05 12:37:20.836 W/ActivityManager( 1659): 	at android.app.ActivityManagerNative.onTransact(ActivityManagerNative.java:2566)
06-05 12:37:20.836 W/ActivityManager( 1659): 	at com.android.server.am.ActivityManagerService.onTransact(ActivityManagerService.java:2757)
06-05 12:37:20.836 W/ActivityManager( 1659): 	at android.os.Binder.execTransact(Binder.java:565)
06-05 12:37:20.838 W/ActivityManager( 1659): Bad activity token: android.os.BinderProxy@306d70b
06-05 12:37:20.838 W/ActivityManager( 1659): java.lang.ClassCastException: android.os.BinderProxy cannot be cast to com.android.server.am.ActivityRecord$Token
06-05 12:37:20.838 W/ActivityManager( 1659): 	at com.android.server.am.ActivityRecord.forTokenLocked(ActivityRecord.java:586)
06-05 12:37:20.838 W/ActivityManager( 1659): 	at com.android.server.am.ActivityRecord.isInStackLocked(ActivityRecord.java:1327)
06-05 12:37:20.838 W/ActivityManager( 1659): 	at com.android.server.am.ActivityManagerService.setTaskDescription(ActivityManagerService.java:9358)
06-05 12:37:20.838 W/ActivityManager( 1659): 	at android.app.ActivityManagerNative.onTransact(ActivityManagerNative.java:2639)
06-05 12:37:20.838 W/ActivityManager( 1659): 	at com.android.server.am.ActivityManagerService.onTransact(ActivityManagerService.java:2757)
06-05 12:37:20.838 W/ActivityManager( 1659): 	at android.os.Binder.execTransact(Binder.java:565)
06-05 12:37:20.839 W/ActivityManager( 1659): Bad activity token: android.os.BinderProxy@306d70b
06-05 12:37:20.839 W/ActivityManager( 1659): java.lang.ClassCastException: android.os.BinderProxy cannot be cast to com.android.server.am.ActivityRecord$Token
06-05 12:37:20.839 W/ActivityManager( 1659): 	at com.android.server.am.ActivityRecord.forTokenLocked(ActivityRecord.java:586)
06-05 12:37:20.839 W/ActivityManager( 1659): 	at com.android.server.am.ActivityRecord.isInStackLocked(ActivityRecord.java:1327)
06-05 12:37:20.839 W/ActivityManager( 1659): 	at com.android.server.am.ActivityRecord.getStackLocked(ActivityRecord.java:1332)
06-05 12:37:20.839 W/ActivityManager( 1659): 	at com.android.server.am.ActivityManagerService.getActivityStackId(ActivityManagerService.java:9817)
06-05 12:37:20.839 W/ActivityManager( 1659): 	at android.app.ActivityManagerNative.onTransact(ActivityManagerNative.java:2856)
06-05 12:37:20.839 W/ActivityManager( 1659): 	at com.android.server.am.ActivityManagerService.onTransact(ActivityManagerService.java:2757)
06-05 12:37:20.839 W/ActivityManager( 1659): 	at android.os.Binder.execTransact(Binder.java:565)
06-05 12:37:20.845 D/VehicleStatisticsActivity(14319): Checking recalculation ...
06-05 12:37:20.846 D/VehicleStatisticsActivity(14319): Recalculating statistics
06-05 12:37:20.846 D/VehicleStatisticsTask(14319): Calculation starting...
06-05 12:37:20.846 D/VehicleStatisticsActivity(14319): Recalculation started!
06-05 12:37:20.847 D/AndroidRuntime(14319): Shutting down VM
--------- beginning of crash
06-05 12:37:20.847 E/AndroidRuntime(14319): FATAL EXCEPTION: main
06-05 12:37:20.847 E/AndroidRuntime(14319): Process: com.evancharlton.mileage, PID: 14319
06-05 12:37:20.847 E/AndroidRuntime(14319): java.lang.RuntimeException: Unable to start activity ComponentInfo{com.evancharlton.mileage/com.evancharlton.mileage.VehicleStatisticsActivity}: java.lang.NullPointerException: Attempt to invoke virtual method 'void android.widget.ListView.setAdapter(android.widget.ListAdapter)' on a null object reference
06-05 12:37:20.847 E/AndroidRuntime(14319): 	at android.app.ActivityThread.performLaunchActivity(ActivityThread.java:2646)
06-05 12:37:20.847 E/AndroidRuntime(14319): 	at android.app.ActivityThread.startActivityNow(ActivityThread.java:2446)
06-05 12:37:20.847 E/AndroidRuntime(14319): 	at android.app.LocalActivityManager.moveToState(LocalActivityManager.java:136)
06-05 12:37:20.847 E/AndroidRuntime(14319): 	at android.app.LocalActivityManager.startActivity(LocalActivityManager.java:348)
06-05 12:37:20.847 E/AndroidRuntime(14319): 	at android.widget.TabHost$IntentContentStrategy.getContentView(TabHost.java:724)
06-05 12:37:20.847 E/AndroidRuntime(14319): 	at android.widget.TabHost.setCurrentTab(TabHost.java:388)
06-05 12:37:20.847 E/AndroidRuntime(14319): 	at android.widget.TabHost$2.onTabSelectionChanged(TabHost.java:158)
06-05 12:37:20.847 E/AndroidRuntime(14319): 	at android.widget.TabWidget$TabClickListener.onClick(TabWidget.java:532)
06-05 12:37:20.847 E/AndroidRuntime(14319): 	at android.view.View.performClick(View.java:5610)
06-05 12:37:20.847 E/AndroidRuntime(14319): 	at android.view.View$PerformClick.run(View.java:22265)
06-05 12:37:20.847 E/AndroidRuntime(14319): 	at android.os.Handler.handleCallback(Handler.java:751)
06-05 12:37:20.847 E/AndroidRuntime(14319): 	at android.os.Handler.dispatchMessage(Handler.java:95)
06-05 12:37:20.847 E/AndroidRuntime(14319): 	at android.os.Looper.loop(Looper.java:154)
06-05 12:37:20.847 E/AndroidRuntime(14319): 	at android.app.ActivityThread.main(ActivityThread.java:6077)
06-05 12:37:20.847 E/AndroidRuntime(14319): 	at java.lang.reflect.Method.invoke(Native Method)
06-05 12:37:20.847 E/AndroidRuntime(14319): 	at com.android.internal.os.ZygoteInit$MethodAndArgsCaller.run(ZygoteInit.java:866)
06-05 12:37:20.847 E/AndroidRuntime(14319): 	at com.android.internal.os.ZygoteInit.main(ZygoteInit.java:756)
06-05 12:37:20.847 E/AndroidRuntime(14319): Caused by: java.lang.NullPointerException: Attempt to invoke virtual method 'void android.widget.ListView.setAdapter(android.widget.ListAdapter)' on a null object reference
06-05 12:37:20.847 E/AndroidRuntime(14319): 	at com.evancharlton.mileage.VehicleStatisticsActivity.setAdapter(VehicleStatisticsActivity.java:200)
06-05 12:37:20.847 E/AndroidRuntime(14319): 	at com.evancharlton.mileage.VehicleStatisticsActivity.recalculate(VehicleStatisticsActivity.java:175)
06-05 12:37:20.847 E/AndroidRuntime(14319): 	at com.evancharlton.mileage.VehicleStatisticsActivity.onCreate(VehicleStatisticsActivity.java:131)
06-05 12:37:20.847 E/AndroidRuntime(14319): 	at android.app.Activity.performCreate(Activity.java:6662)
06-05 12:37:20.847 E/AndroidRuntime(14319): 	at android.app.Instrumentation.callActivityOnCreate(Instrumentation.java:1118)
06-05 12:37:20.847 E/AndroidRuntime(14319): 	at android.app.ActivityThread.performLaunchActivity(ActivityThread.java:2599)
06-05 12:37:20.847 E/AndroidRuntime(14319): 	... 16 more
06-05 12:37:20.847 I/Process (14319): Sending signal. PID: 14319 SIG: 9
06-05 12:37:20.850 W/InputDispatcher( 1659): channel '95982 com.evancharlton.mileage/com.evancharlton.mileage.Mileage (server)' ~ Consumer closed input channel or an error occurred.  events=0x9
06-05 12:37:20.850 E/InputDispatcher( 1659): channel '95982 com.evancharlton.mileage/com.evancharlton.mileage.Mileage (server)' ~ Channel is unrecoverably broken and will be disposed!
06-05 12:37:20.850 I/WindowManager( 1659): WIN DEATH: Window{95982 u0 com.evancharlton.mileage/com.evancharlton.mileage.Mileage}
06-05 12:37:20.850 W/InputDispatcher( 1659): Attempted to unregister already unregistered input channel '95982 com.evancharlton.mileage/com.evancharlton.mileage.Mileage (server)'
06-05 12:37:20.851 I/ActivityManager( 1659): Process com.evancharlton.mileage (pid 14319) has died
06-05 12:37:20.851 D/ActivityManager( 1659): cleanUpApplicationRecord -- 14319
06-05 12:37:20.851 I/WindowManager( 1659): Destroying surface Surface(name=com.evancharlton.mileage/com.evancharlton.mileage.Mileage) called by com.android.server.wm.WindowStateAnimator.destroySurface:2016 com.android.server.wm.WindowStateAnimator.destroySurfaceLocked:882 com.android.server.wm.WindowState.removeLocked:1456 com.android.server.wm.WindowManagerService.removeWindowInnerLocked:2484 com.android.server.wm.WindowManagerService.removeWindowLocked:2442 com.android.server.wm.WindowState$DeathRecipient.binderDied:1787 android.os.BinderProxy.sendDeathNotice:688 <bottom of call stack> 
06-05 12:37:20.851 W/ActivityManager( 1659): Scheduling restart of crashed service com.evancharlton.mileage/.services.AutomaticBackupService in 1000ms
06-05 12:37:20.851 W/ActivityManager( 1659): Force removing ActivityRecord{f5f57d2 u0 com.evancharlton.mileage/.Mileage t132}: app died, no saved state
06-05 12:37:20.853 W/ActivityManager( 1659): Crash of app com.evancharlton.mileage running instrumentation ComponentInfo{com.evancharlton.mileage.test/sh.calaba.instrumentationbackend.CalabashInstrumentationTestRunner}
06-05 12:37:20.853 I/ActivityManager( 1659): Force stopping com.evancharlton.mileage appid=10082 user=0: finished inst
06-05 12:37:20.853 I/ActivityManager( 1659):   Force stopping service ServiceRecord{2c9d8e7 u0 com.evancharlton.mileage/.services.AutomaticBackupService}
06-05 12:37:20.855 V/PhoneStatusBar( 1792): setLightsOn(true)
06-05 12:37:20.882 D/EGL_emulation( 2389): eglMakeCurrent: 0xb1284ec0: ver 2 0 (tinfo 0x98c170c0)
06-05 12:37:20.897 D/EGL_emulation( 1792): eglMakeCurrent: 0x992abea0: ver 2 0 (tinfo 0xa5a6f110)
06-05 12:37:20.913 D/EGL_emulation( 1792): eglMakeCurrent: 0x992abea0: ver 2 0 (tinfo 0xa5a6f110)
06-05 12:37:20.916 D/EGL_emulation( 1792): eglMakeCurrent: 0x992abea0: ver 2 0 (tinfo 0xa5a6f110)
06-05 12:37:20.930 D/EGL_emulation( 1792): eglMakeCurrent: 0x992abea0: ver 2 0 (tinfo 0xa5a6f110)
06-05 12:37:20.931 D/EGL_emulation( 1792): eglMakeCurrent: 0x992abea0: ver 2 0 (tinfo 0xa5a6f110)
06-05 12:37:20.944 E/SurfaceFlinger( 1352): ro.sf.lcd_density must be defined as a build property
06-05 12:37:20.944 D/gralloc_ranchu( 1352): gralloc_alloc: Creating ashmem region of size 9592832
06-05 12:37:20.948 D/EGL_emulation( 1792): eglMakeCurrent: 0x992abea0: ver 2 0 (tinfo 0xa5a6f110)
06-05 12:37:20.949 D/        (14350): HostConnection::get() New Host Connection established 0xa941b2c0, tid 14350
06-05 12:37:20.952 E/EGL_emulation( 1352): tid 1352: eglCreateSyncKHR(1901): error 0x3004 (EGL_BAD_ATTRIBUTE)
06-05 12:37:20.953 D/EGL_emulation( 1792): eglMakeCurrent: 0x992abea0: ver 2 0 (tinfo 0xa5a6f110)
06-05 12:37:20.974 D/EGL_emulation( 1792): eglMakeCurrent: 0x992abea0: ver 2 0 (tinfo 0xa5a6f110)
06-05 12:37:20.976 D/EGL_emulation( 1792): eglMakeCurrent: 0x992abea0: ver 2 0 (tinfo 0xa5a6f110)
06-05 12:37:20.979 D/EGL_emulation( 1792): eglMakeCurrent: 0x992abea0: ver 2 0 (tinfo 0xa5a6f110)
06-05 12:37:20.981 D/EGL_emulation( 1792): eglMakeCurrent: 0x992abea0: ver 2 0 (tinfo 0xa5a6f110)
06-05 12:37:20.996 D/EGL_emulation( 1792): eglMakeCurrent: 0x992abea0: ver 2 0 (tinfo 0xa5a6f110)
06-05 12:37:20.998 D/EGL_emulation( 1792): eglMakeCurrent: 0x992abea0: ver 2 0 (tinfo 0xa5a6f110)
06-05 12:37:21.013 D/EGL_emulation( 1792): eglMakeCurrent: 0x992abea0: ver 2 0 (tinfo 0xa5a6f110)
06-05 12:37:21.015 D/EGL_emulation( 1792): eglMakeCurrent: 0x992abea0: ver 2 0 (tinfo 0xa5a6f110)
06-05 12:37:21.029 D/EGL_emulation( 1792): eglMakeCurrent: 0x992abea0: ver 2 0 (tinfo 0xa5a6f110)
06-05 12:37:21.031 D/EGL_emulation( 1792): eglMakeCurrent: 0x992abea0: ver 2 0 (tinfo 0xa5a6f110)
06-05 12:37:21.046 D/EGL_emulation( 1792): eglMakeCurrent: 0x992abea0: ver 2 0 (tinfo 0xa5a6f110)
06-05 12:37:21.048 D/EGL_emulation( 1792): eglMakeCurrent: 0x992abea0: ver 2 0 (tinfo 0xa5a6f110)
06-05 12:37:21.063 D/EGL_emulation( 1792): eglMakeCurrent: 0x992abea0: ver 2 0 (tinfo 0xa5a6f110)
06-05 12:37:21.065 D/EGL_emulation( 1792): eglMakeCurrent: 0x992abea0: ver 2 0 (tinfo 0xa5a6f110)
06-05 12:37:21.080 D/EGL_emulation( 1792): eglMakeCurrent: 0x992abea0: ver 2 0 (tinfo 0xa5a6f110)
