--------- beginning of system
06-06 00:58:58.297 W/ActivityManager( 1631): Duplicate finish request for ActivityRecord{c9b6d u0 com.evancharlton.mileage/.Mileage t10831 f}
06-06 00:58:58.297 W/ActivityManager( 1631): Duplicate finish request for ActivityRecord{c9b6d u0 com.evancharlton.mileage/.Mileage t10831 f}
06-06 00:58:58.297 W/ActivityManager( 1631): Duplicate finish request for ActivityRecord{c9b6d u0 com.evancharlton.mileage/.Mileage t10831 f}
06-06 00:58:58.297 W/ActivityManager( 1631): Duplicate finish request for ActivityRecord{c9b6d u0 com.evancharlton.mileage/.Mileage t10831 f}
06-06 00:58:58.297 W/ActivityManager( 1631): Duplicate finish request for ActivityRecord{c9b6d u0 com.evancharlton.mileage/.Mileage t10831 f}
--------- beginning of main
06-06 00:58:58.298 D/AndroidRuntime(22496): Shutting down VM
--------- beginning of crash
06-06 00:58:58.298 E/AndroidRuntime(22496): FATAL EXCEPTION: main
06-06 00:58:58.298 E/AndroidRuntime(22496): Process: com.evancharlton.mileage, PID: 22496
06-06 00:58:58.298 E/AndroidRuntime(22496): java.lang.NullPointerException: Attempt to invoke interface method 'void android.database.Cursor.close()' on a null object reference
06-06 00:58:58.298 E/AndroidRuntime(22496): 	at com.evancharlton.mileage.views.CursorSpinner.onDetachedFromWindow(CursorSpinner.java:58)
06-06 00:58:58.298 E/AndroidRuntime(22496): 	at android.view.View.dispatchDetachedFromWindow(View.java:15446)
06-06 00:58:58.298 E/AndroidRuntime(22496): 	at android.view.ViewGroup.dispatchDetachedFromWindow(ViewGroup.java:3224)
06-06 00:58:58.298 E/AndroidRuntime(22496): 	at android.view.ViewGroup.dispatchDetachedFromWindow(ViewGroup.java:3216)
06-06 00:58:58.298 E/AndroidRuntime(22496): 	at android.view.ViewGroup.dispatchDetachedFromWindow(ViewGroup.java:3216)
06-06 00:58:58.298 E/AndroidRuntime(22496): 	at android.view.ViewGroup.dispatchDetachedFromWindow(ViewGroup.java:3216)
06-06 00:58:58.298 E/AndroidRuntime(22496): 	at android.view.ViewGroup.dispatchDetachedFromWindow(ViewGroup.java:3216)
06-06 00:58:58.298 E/AndroidRuntime(22496): 	at android.view.ViewGroup.dispatchDetachedFromWindow(ViewGroup.java:3216)
06-06 00:58:58.298 E/AndroidRuntime(22496): 	at android.view.ViewGroup.dispatchDetachedFromWindow(ViewGroup.java:3216)
06-06 00:58:58.298 E/AndroidRuntime(22496): 	at android.view.ViewGroup.dispatchDetachedFromWindow(ViewGroup.java:3216)
06-06 00:58:58.298 E/AndroidRuntime(22496): 	at android.view.ViewGroup.dispatchDetachedFromWindow(ViewGroup.java:3216)
06-06 00:58:58.298 E/AndroidRuntime(22496): 	at android.view.ViewGroup.dispatchDetachedFromWindow(ViewGroup.java:3216)
06-06 00:58:58.298 E/AndroidRuntime(22496): 	at android.view.ViewGroup.dispatchDetachedFromWindow(ViewGroup.java:3216)
06-06 00:58:58.298 E/AndroidRuntime(22496): 	at android.view.ViewGroup.dispatchDetachedFromWindow(ViewGroup.java:3216)
06-06 00:58:58.298 E/AndroidRuntime(22496): 	at android.view.ViewGroup.dispatchDetachedFromWindow(ViewGroup.java:3216)
06-06 00:58:58.298 E/AndroidRuntime(22496): 	at android.view.ViewRootImpl.dispatchDetachedFromWindow(ViewRootImpl.java:3255)
06-06 00:58:58.298 E/AndroidRuntime(22496): 	at android.view.ViewRootImpl.doDie(ViewRootImpl.java:5881)
06-06 00:58:58.298 E/AndroidRuntime(22496): 	at android.view.ViewRootImpl.die(ViewRootImpl.java:5858)
06-06 00:58:58.298 E/AndroidRuntime(22496): 	at android.view.WindowManagerGlobal.removeViewLocked(WindowManagerGlobal.java:446)
06-06 00:58:58.298 E/AndroidRuntime(22496): 	at android.view.WindowManagerGlobal.removeView(WindowManagerGlobal.java:384)
06-06 00:58:58.298 E/AndroidRuntime(22496): 	at android.view.WindowManagerImpl.removeViewImmediate(WindowManagerImpl.java:124)
06-06 00:58:58.298 E/AndroidRuntime(22496): 	at android.app.ActivityThread.handleDestroyActivity(ActivityThread.java:4207)
06-06 00:58:58.298 E/AndroidRuntime(22496): 	at android.app.ActivityThread.-wrap6(ActivityThread.java)
06-06 00:58:58.298 E/AndroidRuntime(22496): 	at android.app.ActivityThread$H.handleMessage(ActivityThread.java:1521)
06-06 00:58:58.298 E/AndroidRuntime(22496): 	at android.os.Handler.dispatchMessage(Handler.java:102)
06-06 00:58:58.298 E/AndroidRuntime(22496): 	at android.os.Looper.loop(Looper.java:154)
06-06 00:58:58.298 E/AndroidRuntime(22496): 	at android.app.ActivityThread.main(ActivityThread.java:6077)
06-06 00:58:58.298 E/AndroidRuntime(22496): 	at java.lang.reflect.Method.invoke(Native Method)
06-06 00:58:58.298 E/AndroidRuntime(22496): 	at com.android.internal.os.ZygoteInit$MethodAndArgsCaller.run(ZygoteInit.java:866)
06-06 00:58:58.298 E/AndroidRuntime(22496): 	at com.android.internal.os.ZygoteInit.main(ZygoteInit.java:756)
06-06 00:58:58.299 V/PhoneStatusBar( 1712): setLightsOn(true)
06-06 00:58:58.300 I/Process (22496): Sending signal. PID: 22496 SIG: 9
06-06 00:58:58.343 W/InputDispatcher( 1631): channel '12a2b4c com.evancharlton.mileage/com.evancharlton.mileage.Mileage (server)' ~ Consumer closed input channel or an error occurred.  events=0x9
06-06 00:58:58.343 E/InputDispatcher( 1631): channel '12a2b4c com.evancharlton.mileage/com.evancharlton.mileage.Mileage (server)' ~ Channel is unrecoverably broken and will be disposed!
06-06 00:58:58.344 W/InputDispatcher( 1631): channel 'b50c005 com.evancharlton.mileage/com.evancharlton.mileage.charts.AverageFuelEconomyChart (server)' ~ Consumer closed input channel or an error occurred.  events=0x9
06-06 00:58:58.344 E/InputDispatcher( 1631): channel 'b50c005 com.evancharlton.mileage/com.evancharlton.mileage.charts.AverageFuelEconomyChart (server)' ~ Channel is unrecoverably broken and will be disposed!
06-06 00:58:58.344 I/WindowManager( 1631): WIN DEATH: Window{12a2b4c u0 com.evancharlton.mileage/com.evancharlton.mileage.Mileage EXITING}
06-06 00:58:58.344 W/InputDispatcher( 1631): Attempted to unregister already unregistered input channel '12a2b4c com.evancharlton.mileage/com.evancharlton.mileage.Mileage (server)'
06-06 00:58:58.344 I/ActivityManager( 1631): Process com.evancharlton.mileage (pid 22496) has died
06-06 00:58:58.344 D/ActivityManager( 1631): cleanUpApplicationRecord -- 22496
06-06 00:58:58.345 I/WindowManager( 1631): WIN DEATH: Window{b50c005 u0 com.evancharlton.mileage/com.evancharlton.mileage.charts.AverageFuelEconomyChart}
06-06 00:58:58.345 W/InputDispatcher( 1631): Attempted to unregister already unregistered input channel 'b50c005 com.evancharlton.mileage/com.evancharlton.mileage.charts.AverageFuelEconomyChart (server)'
06-06 00:58:58.345 I/WindowManager( 1631): Destroying surface Surface(name=com.evancharlton.mileage/com.evancharlton.mileage.charts.AverageFuelEconomyChart) called by com.android.server.wm.WindowStateAnimator.destroySurface:2016 com.android.server.wm.WindowStateAnimator.destroySurfaceLocked:882 com.android.server.wm.WindowState.removeLocked:1456 com.android.server.wm.WindowManagerService.removeWindowInnerLocked:2484 com.android.server.wm.WindowManagerService.removeWindowLocked:2442 com.android.server.wm.WindowState$DeathRecipient.binderDied:1787 android.os.BinderProxy.sendDeathNotice:688 <bottom of call stack> 
06-06 00:58:58.346 W/ActivityManager( 1631): Crash of app com.evancharlton.mileage running instrumentation ComponentInfo{com.evancharlton.mileage.test/sh.calaba.instrumentationbackend.CalabashInstrumentationTestRunner}
06-06 00:58:58.346 I/ActivityManager( 1631): Force stopping com.evancharlton.mileage appid=10374 user=0: finished inst
06-06 00:58:58.386 D/EGL_emulation( 2076): eglMakeCurrent: 0xb0685360: ver 2 0 (tinfo 0xb06836b0)
06-06 00:58:58.401 D/EGL_emulation( 1712): eglMakeCurrent: 0xb0685360: ver 2 0 (tinfo 0xb06836c0)
06-06 00:58:58.417 D/EGL_emulation( 1712): eglMakeCurrent: 0xb0685360: ver 2 0 (tinfo 0xb06836c0)
06-06 00:58:58.419 D/EGL_emulation( 1712): eglMakeCurrent: 0xb0685360: ver 2 0 (tinfo 0xb06836c0)
06-06 00:58:58.433 D/EGL_emulation( 1712): eglMakeCurrent: 0xb0685360: ver 2 0 (tinfo 0xb06836c0)
06-06 00:58:58.436 D/EGL_emulation( 1712): eglMakeCurrent: 0xb0685360: ver 2 0 (tinfo 0xb06836c0)
06-06 00:58:58.450 D/EGL_emulation( 1712): eglMakeCurrent: 0xb0685360: ver 2 0 (tinfo 0xb06836c0)
06-06 00:58:58.453 D/EGL_emulation( 1712): eglMakeCurrent: 0xb0685360: ver 2 0 (tinfo 0xb06836c0)
06-06 00:58:58.454 D/AndroidRuntime(22539): >>>>>> START com.android.internal.os.RuntimeInit uid 2000 <<<<<<
06-06 00:58:58.455 D/AndroidRuntime(22539): CheckJNI is ON
06-06 00:58:58.466 W/art     (22539): Unexpected CPU variant for X86 using defaults: x86
06-06 00:58:58.467 D/EGL_emulation( 1712): eglMakeCurrent: 0xb0685360: ver 2 0 (tinfo 0xb06836c0)
06-06 00:58:58.468 D/ICU     (22539): No timezone override file found: /data/misc/zoneinfo/current/icu/icu_tzdata.dat
06-06 00:58:58.468 D/EGL_emulation( 1712): eglMakeCurrent: 0xb0685360: ver 2 0 (tinfo 0xb06836c0)
06-06 00:58:58.476 E/memtrack(22539): Couldn't load memtrack module (No such file or directory)
06-06 00:58:58.476 E/android.os.Debug(22539): failed to load memtrack module: -2
06-06 00:58:58.477 I/Radio-JNI(22539): register_android_hardware_Radio DONE
06-06 00:58:58.481 D/AndroidRuntime(22539): Calling main entry com.android.commands.am.Am
06-06 00:58:58.482 I/ActivityManager( 1631): Force stopping com.evancharlton.mileage appid=10374 user=0: start instr
06-06 00:58:58.483 D/EGL_emulation( 1712): eglMakeCurrent: 0xb0685360: ver 2 0 (tinfo 0xb06836c0)
06-06 00:58:58.485 D/EGL_emulation( 1712): eglMakeCurrent: 0xb0685360: ver 2 0 (tinfo 0xb06836c0)
06-06 00:58:58.486 I/art     (22551): Not late-enabling -Xcheck:jni (already on)
06-06 00:58:58.486 W/art     (22551): Unexpected CPU variant for X86 using defaults: x86
06-06 00:58:58.493 I/ActivityManager( 1631): Start proc 22551:com.evancharlton.mileage/u0a374 for added application com.evancharlton.mileage
06-06 00:58:58.493 D/AndroidRuntime(22539): Shutting down VM
06-06 00:58:58.499 W/System  (22551): ClassLoader referenced unknown path: /data/app/com.evancharlton.mileage.test-1/lib/x86
06-06 00:58:58.499 W/System  (22551): ClassLoader referenced unknown path: /data/app/com.evancharlton.mileage-1/lib/x86
06-06 00:58:58.500 D/EGL_emulation( 1712): eglMakeCurrent: 0xb0685360: ver 2 0 (tinfo 0xb06836c0)
06-06 00:58:58.503 D/EGL_emulation( 1712): eglMakeCurrent: 0xb0685360: ver 2 0 (tinfo 0xb06836c0)
06-06 00:58:58.503 W/System  (22551): ClassLoader referenced unknown path: 
06-06 00:58:58.507 I/System.out(22551): Main activity name automatically set to: com.evancharlton.mileage.Mileage
06-06 00:58:58.507 I/System.out(22551): Calabash did not load Mono. This is only a problem if you are trying to test a Mono application
06-06 00:58:58.507 I/calabash(22551): Test server port: 7102
06-06 00:58:58.508 I/InstrumentationBackend(22551): Added:'GetPreferences', with key:'get_preferences'
06-06 00:58:58.513 I/InstrumentationBackend(22551): Added:'SetPreferences', with key:'set_preferences'
06-06 00:58:58.513 I/InstrumentationBackend(22551): Added:'ClearPreferences', with key:'clear_preferences'
06-06 00:58:58.513 I/InstrumentationBackend(22551): Added:'PressElement', with key:'press_l10n_element'
06-06 00:58:58.513 I/InstrumentationBackend(22551): Added:'WaitForElement', with key:'wait_for_l10n_element'
06-06 00:58:58.513 I/InstrumentationBackend(22551): Added:'NullAction', with key:'nullAction'
06-06 00:58:58.513 I/InstrumentationBackend(22551): Added:'PressKey', with key:'press_key'
06-06 00:58:58.513 I/InstrumentationBackend(22551): Added:'SetActivityOrientation', with key:'set_activity_orientation'
06-06 00:58:58.513 I/InstrumentationBackend(22551): Added:'GetActivityOrientation', with key:'get_activity_orientation'
06-06 00:58:58.513 I/InstrumentationBackend(22551): Added:'FakeGPSLocation', with key:'set_gps_coordinates'
06-06 00:58:58.513 I/InstrumentationBackend(22551): Added:'SetPropertyByCssSelector', with key:'set_property_by_css_selector'
06-06 00:58:58.513 I/InstrumentationBackend(22551): Added:'GetUrl', with key:'get_url'
06-06 00:58:58.513 I/InstrumentationBackend(22551): Added:'ScrollTo', with key:'scroll_to'
06-06 00:58:58.513 I/InstrumentationBackend(22551): Added:'GetLoadProgress', with key:'get_load_progress'
06-06 00:58:58.513 I/InstrumentationBackend(22551): Added:'DumpHtml', with key:'dump_html'
06-06 00:58:58.514 I/InstrumentationBackend(22551): Added:'DumpBodyHtml', with key:'dump_body_html'
06-06 00:58:58.514 I/InstrumentationBackend(22551): Added:'EnterTextByCssSelector', with key:'enter_text_by_selector'
06-06 00:58:58.515 I/InstrumentationBackend(22551): Added:'AndroidSDKVersion', with key:'android_sdk_version'
06-06 00:58:58.515 I/InstrumentationBackend(22551): Added:'Version', with key:'version'
06-06 00:58:58.515 I/InstrumentationBackend(22551): Added:'Drag', with key:'drag'
06-06 00:58:58.515 I/InstrumentationBackend(22551): Added:'TouchCoordinates', with key:'touch_coordinate'
06-06 00:58:58.515 I/InstrumentationBackend(22551): Added:'LongPressCoordinate', with key:'long_press_coordinate'
06-06 00:58:58.515 I/InstrumentationBackend(22551): Added:'DragCoordinates', with key:'drag_coordinates'
06-06 00:58:58.515 I/InstrumentationBackend(22551): Added:'ResumeApplication', with key:'resume_application'
06-06 00:58:58.515 I/InstrumentationBackend(22551): Added:'Swipe', with key:'swipe'
06-06 00:58:58.515 I/InstrumentationBackend(22551): Added:'DoubleTapCoordinate', with key:'double_tap_coordinate'
06-06 00:58:58.515 I/InstrumentationBackend(22551): Added:'ClickOnScreen', with key:'click_on_screen'
06-06 00:58:58.515 I/InstrumentationBackend(22551): Added:'GetActivityName', with key:'get_activity_name'
06-06 00:58:58.515 I/InstrumentationBackend(22551): Added:'ScrollToView', with key:'scroll_to_view'
06-06 00:58:58.515 I/InstrumentationBackend(22551): Added:'ViewConfiguration', with key:'view_configuration'
06-06 00:58:58.515 I/InstrumentationBackend(22551): Added:'IsCurrentActivityFocused', with key:'is_current_activity_focused'
06-06 00:58:58.515 I/InstrumentationBackend(22551): Added:'SendTcp', with key:'send_tcp'
06-06 00:58:58.515 I/InstrumentationBackend(22551): Added:'DpToDevicePixel', with key:'dp_to_device_pixel'
06-06 00:58:58.515 I/InstrumentationBackend(22551): Added:'KeyboardEnterText', with key:'keyboard_enter_text'
06-06 00:58:58.515 I/InstrumentationBackend(22551): Added:'DeleteSurroundingText', with key:'delete_surrounding_text'
06-06 00:58:58.515 I/InstrumentationBackend(22551): Added:'SetComposingRegion', with key:'set_composing_region'
06-06 00:58:58.516 I/InstrumentationBackend(22551): Added:'SetSelection', with key:'set_selection'
06-06 00:58:58.516 I/InstrumentationBackend(22551): Added:'KeyboardKeyEvent', with key:'keyboard_key_event'
06-06 00:58:58.516 I/InstrumentationBackend(22551): Added:'PressUserActionButton', with key:'press_user_action_button'
06-06 00:58:58.516 D/EGL_emulation( 1712): eglMakeCurrent: 0xb0685360: ver 2 0 (tinfo 0xb06836c0)
06-06 00:58:58.517 I/InstrumentationBackend(22551): Added:'HideSoftKeyboard', with key:'hide_soft_keyboard'
06-06 00:58:58.517 I/InstrumentationBackend(22551): Added:'ListActions', with key:'list_actions'
06-06 00:58:58.518 I/calabash(22551): Instantiating http server at 7102
06-06 00:58:58.518 I/System.out(22551): HTTP Daemon listening on: 7102
06-06 00:58:58.519 D/EGL_emulation( 1712): eglMakeCurrent: 0xb0685360: ver 2 0 (tinfo 0xb06836c0)
06-06 00:58:58.533 D/EGL_emulation( 1712): eglMakeCurrent: 0xb0685360: ver 2 0 (tinfo 0xb06836c0)
06-06 00:58:58.535 D/EGL_emulation( 1712): eglMakeCurrent: 0xb0685360: ver 2 0 (tinfo 0xb06836c0)
06-06 00:58:58.550 D/EGL_emulation( 1712): eglMakeCurrent: 0xb0685360: ver 2 0 (tinfo 0xb06836c0)
06-06 00:58:58.553 D/EGL_emulation( 1712): eglMakeCurrent: 0xb0685360: ver 2 0 (tinfo 0xb06836c0)
06-06 00:58:58.567 D/EGL_emulation( 1712): eglMakeCurrent: 0xb0685360: ver 2 0 (tinfo 0xb06836c0)
06-06 00:58:58.569 D/EGL_emulation( 1712): eglMakeCurrent: 0xb0685360: ver 2 0 (tinfo 0xb06836c0)
06-06 00:58:58.583 D/EGL_emulation( 1712): eglMakeCurrent: 0xb0685360: ver 2 0 (tinfo 0xb06836c0)
06-06 00:58:58.585 D/EGL_emulation( 1712): eglMakeCurrent: 0xb0685360: ver 2 0 (tinfo 0xb06836c0)
06-06 00:58:58.601 D/EGL_emulation( 1712): eglMakeCurrent: 0xb0685360: ver 2 0 (tinfo 0xb06836c0)
06-06 00:58:58.608 I/System.out(22551): URI: //ping
06-06 00:58:58.608 I/System.out(22551): params: {json={}
06-06 00:58:58.608 I/System.out(22551): }
06-06 00:58:58.617 D/EGL_emulation( 1712): eglMakeCurrent: 0xb0685360: ver 2 0 (tinfo 0xb06836c0)
06-06 00:58:58.617 I/System.out(22551): URI: //ping
06-06 00:58:58.617 I/System.out(22551): params: {json={}
06-06 00:58:58.617 I/System.out(22551): }
06-06 00:58:58.618 D/EGL_emulation( 1712): eglMakeCurrent: 0xb0685360: ver 2 0 (tinfo 0xb06836c0)
06-06 00:58:58.620 I/System.out(22551): URI: //ready
06-06 00:58:58.620 I/System.out(22551): params: {json={}
06-06 00:58:58.620 I/System.out(22551): }
06-06 00:58:58.622 I/System.out(22551): URI: //
06-06 00:58:58.622 I/System.out(22551): params: {json={"command":"version","arguments":[]}
06-06 00:58:58.622 I/System.out(22551): }
06-06 00:58:58.622 I/System.out(22551): header: {content-type=application/json;charset=utf-8, date=Sat, 06 Jun 2020 05:58:58 GMT, accept=*/*, host=127.0.0.1:34777, content-length=36, user-agent=HTTPClient/1.0 (2.8.3, ruby 2.5.1 (2018-03-29))}
06-06 00:58:58.622 I/System.out(22551): params: {json={"command":"version","arguments":[]}
06-06 00:58:58.622 I/System.out(22551): }
06-06 00:58:58.622 I/System.out(22551): ProP json = {"command":"version","arguments":[]}
06-06 00:58:58.622 I/System.out(22551): files: {}
06-06 00:58:58.622 I/System.out(22551): command: {"command":"version","arguments":[]}
06-06 00:58:58.627 I/InstrumentationBackend(22551): Got command:'Command:'Line:null,version', arguments:'[]'
06-06 00:58:58.634 I/System.out(22551): result:{"bonusInformation":[],"message":"0.9.8","success":true}
06-06 00:58:58.637 I/System.out(22551): URI: //start-application
06-06 00:58:58.637 I/System.out(22551): params: {json={"intent":null}
06-06 00:58:58.637 I/System.out(22551): }
06-06 00:58:58.646 I/ActivityManager( 1631): START u0 {act=android.intent.action.MAIN cat=[android.intent.category.LAUNCHER] flg=0x10200000 cmp=com.evancharlton.mileage/.Mileage} from uid 10374 on display 0
06-06 00:58:58.657 I/calabash(22551): newActivity1
06-06 00:58:58.667 D/gralloc_ranchu( 1347): gralloc_alloc: Creating ashmem region of size 9023488
06-06 00:58:58.670 I/calabash(22551): newActivity1
06-06 00:58:58.672 W/ActivityManager( 1631): Bad activity token: android.os.BinderProxy@b8be9c8
06-06 00:58:58.672 W/ActivityManager( 1631): java.lang.ClassCastException: android.os.BinderProxy cannot be cast to com.android.server.am.ActivityRecord$Token
06-06 00:58:58.672 W/ActivityManager( 1631): 	at com.android.server.am.ActivityRecord.forTokenLocked(ActivityRecord.java:586)
06-06 00:58:58.672 W/ActivityManager( 1631): 	at com.android.server.am.ActivityRecord.isInStackLocked(ActivityRecord.java:1327)
06-06 00:58:58.672 W/ActivityManager( 1631): 	at com.android.server.am.ActivityRecord.getStackLocked(ActivityRecord.java:1332)
06-06 00:58:58.672 W/ActivityManager( 1631): 	at com.android.server.am.ActivityManagerService.getActivityDisplayId(ActivityManagerService.java:9806)
06-06 00:58:58.672 W/ActivityManager( 1631): 	at android.app.ActivityManagerNative.onTransact(ActivityManagerNative.java:2566)
06-06 00:58:58.672 W/ActivityManager( 1631): 	at com.android.server.am.ActivityManagerService.onTransact(ActivityManagerService.java:2757)
06-06 00:58:58.672 W/ActivityManager( 1631): 	at android.os.Binder.execTransact(Binder.java:565)
06-06 00:58:58.673 W/ActivityManager( 1631): Bad activity token: android.os.BinderProxy@b8be9c8
06-06 00:58:58.673 W/ActivityManager( 1631): java.lang.ClassCastException: android.os.BinderProxy cannot be cast to com.android.server.am.ActivityRecord$Token
06-06 00:58:58.673 W/ActivityManager( 1631): 	at com.android.server.am.ActivityRecord.forTokenLocked(ActivityRecord.java:586)
06-06 00:58:58.673 W/ActivityManager( 1631): 	at com.android.server.am.ActivityRecord.isInStackLocked(ActivityRecord.java:1327)
06-06 00:58:58.673 W/ActivityManager( 1631): 	at com.android.server.am.ActivityManagerService.setTaskDescription(ActivityManagerService.java:9358)
06-06 00:58:58.673 W/ActivityManager( 1631): 	at android.app.ActivityManagerNative.onTransact(ActivityManagerNative.java:2639)
06-06 00:58:58.673 W/ActivityManager( 1631): 	at com.android.server.am.ActivityManagerService.onTransact(ActivityManagerService.java:2757)
06-06 00:58:58.673 W/ActivityManager( 1631): 	at android.os.Binder.execTransact(Binder.java:565)
06-06 00:58:58.674 W/ActivityManager( 1631): Bad activity token: android.os.BinderProxy@b8be9c8
06-06 00:58:58.674 W/ActivityManager( 1631): java.lang.ClassCastException: android.os.BinderProxy cannot be cast to com.android.server.am.ActivityRecord$Token
06-06 00:58:58.674 W/ActivityManager( 1631): 	at com.android.server.am.ActivityRecord.forTokenLocked(ActivityRecord.java:586)
06-06 00:58:58.674 W/ActivityManager( 1631): 	at com.android.server.am.ActivityRecord.isInStackLocked(ActivityRecord.java:1327)
06-06 00:58:58.674 W/ActivityManager( 1631): 	at com.android.server.am.ActivityRecord.getStackLocked(ActivityRecord.java:1332)
06-06 00:58:58.674 W/ActivityManager( 1631): 	at com.android.server.am.ActivityManagerService.getActivityStackId(ActivityManagerService.java:9817)
06-06 00:58:58.674 W/ActivityManager( 1631): 	at android.app.ActivityManagerNative.onTransact(ActivityManagerNative.java:2856)
06-06 00:58:58.674 W/ActivityManager( 1631): 	at com.android.server.am.ActivityManagerService.onTransact(ActivityManagerService.java:2757)
06-06 00:58:58.674 W/ActivityManager( 1631): 	at android.os.Binder.execTransact(Binder.java:565)
06-06 00:58:58.698 W/ActivityManager( 1631): Bad activity token: android.os.BinderProxy@b8be9c8
06-06 00:58:58.698 W/ActivityManager( 1631): java.lang.ClassCastException: android.os.BinderProxy cannot be cast to com.android.server.am.ActivityRecord$Token
06-06 00:58:58.698 W/ActivityManager( 1631): 	at com.android.server.am.ActivityRecord.forTokenLocked(ActivityRecord.java:586)
06-06 00:58:58.698 W/ActivityManager( 1631): 	at com.android.server.am.ActivityRecord.isInStackLocked(ActivityRecord.java:1327)
06-06 00:58:58.698 W/ActivityManager( 1631): 	at com.android.server.am.ActivityManagerService.getActivityOptions(ActivityManagerService.java:12559)
06-06 00:58:58.698 W/ActivityManager( 1631): 	at android.app.ActivityManagerNative.onTransact(ActivityManagerNative.java:1933)
06-06 00:58:58.698 W/ActivityManager( 1631): 	at com.android.server.am.ActivityManagerService.onTransact(ActivityManagerService.java:2757)
06-06 00:58:58.698 W/ActivityManager( 1631): 	at android.os.Binder.execTransact(Binder.java:565)
06-06 00:58:58.698 W/ActivityManager( 1631): Bad activity token: android.os.BinderProxy@b8be9c8
06-06 00:58:58.698 W/ActivityManager( 1631): java.lang.ClassCastException: android.os.BinderProxy cannot be cast to com.android.server.am.ActivityRecord$Token
06-06 00:58:58.698 W/ActivityManager( 1631): 	at com.android.server.am.ActivityRecord.forTokenLocked(ActivityRecord.java:586)
06-06 00:58:58.698 W/ActivityManager( 1631): 	at com.android.server.am.ActivityRecord.isInStackLocked(ActivityRecord.java:1327)
06-06 00:58:58.698 W/ActivityManager( 1631): 	at com.android.server.am.ActivityManagerService.getActivityOptions(ActivityManagerService.java:12559)
06-06 00:58:58.698 W/ActivityManager( 1631): 	at android.app.ActivityManagerNative.onTransact(ActivityManagerNative.java:1933)
06-06 00:58:58.698 W/ActivityManager( 1631): 	at com.android.server.am.ActivityManagerService.onTransact(ActivityManagerService.java:2757)
06-06 00:58:58.698 W/ActivityManager( 1631): 	at android.os.Binder.execTransact(Binder.java:565)
06-06 00:58:58.704 V/PhoneStatusBar( 1712): setLightsOn(true)
06-06 00:58:58.717 D/EGL_emulation( 2076): eglMakeCurrent: 0xb0685360: ver 2 0 (tinfo 0xb06836b0)
06-06 00:58:58.720 D/EGL_emulation( 1712): eglMakeCurrent: 0xb0685360: ver 2 0 (tinfo 0xb06836c0)
06-06 00:58:58.733 D/gralloc_ranchu( 1347): gralloc_alloc: Creating ashmem region of size 9023488
06-06 00:58:58.733 D/EGL_emulation( 1712): eglMakeCurrent: 0xb0685360: ver 2 0 (tinfo 0xb06836c0)
06-06 00:58:58.741 D/        (22551): HostConnection::get() New Host Connection established 0x9421e0c0, tid 22551
06-06 00:58:58.798 D/EGL_emulation( 1712): eglMakeCurrent: 0xb0685360: ver 2 0 (tinfo 0xb06836c0)
06-06 00:58:58.798 V/PhoneStatusBar( 1712): setLightsOn(true)
06-06 00:58:58.800 D/EGL_emulation( 1712): eglMakeCurrent: 0xb0685360: ver 2 0 (tinfo 0xb06836c0)
06-06 00:58:58.803 D/EGL_emulation( 1712): eglMakeCurrent: 0xb0685360: ver 2 0 (tinfo 0xb06836c0)
06-06 00:58:58.817 I/WindowManager( 1631): Destroying surface Surface(name=com.evancharlton.mileage/com.evancharlton.mileage.Mileage) called by com.android.server.wm.WindowStateAnimator.destroySurface:2016 com.android.server.wm.WindowStateAnimator.destroySurfaceLocked:882 com.android.server.wm.WindowState.removeLocked:1456 com.android.server.wm.WindowManagerService.removeWindowInnerLocked:2484 com.android.server.wm.AppWindowToken.destroySurfaces:365 com.android.server.wm.WindowStateAnimator.finishExit:565 com.android.server.wm.WindowStateAnimator.stepAnimationLocked:491 com.android.server.wm.WindowAnimator.updateWindowsLocked:303 
06-06 00:58:58.817 D/EGL_emulation( 1712): eglMakeCurrent: 0xb0685360: ver 2 0 (tinfo 0xb06836c0)
06-06 00:58:58.819 D/EGL_emulation( 1712): eglMakeCurrent: 0xb0685360: ver 2 0 (tinfo 0xb06836c0)
06-06 00:58:58.834 I/ActivityManager( 1631): Displayed com.evancharlton.mileage/.Mileage: +182ms
06-06 00:58:58.834 D/EGL_emulation( 1712): eglMakeCurrent: 0xb0685360: ver 2 0 (tinfo 0xb06836c0)
06-06 00:58:58.835 D/gralloc_ranchu( 1347): gralloc_alloc: Creating ashmem region of size 9023488
06-06 00:58:58.842 D/EGL_emulation( 1712): eglMakeCurrent: 0xb0685360: ver 2 0 (tinfo 0xb06836c0)
06-06 00:58:58.851 D/EGL_emulation( 1712): eglMakeCurrent: 0xb0685360: ver 2 0 (tinfo 0xb06836c0)
06-06 00:58:58.852 D/EGL_emulation( 1712): eglMakeCurrent: 0xb0685360: ver 2 0 (tinfo 0xb06836c0)
06-06 00:58:58.867 D/EGL_emulation( 1712): eglMakeCurrent: 0xb0685360: ver 2 0 (tinfo 0xb06836c0)
06-06 00:58:58.875 D/EGL_emulation( 1712): eglMakeCurrent: 0xb0685360: ver 2 0 (tinfo 0xb06836c0)
06-06 00:58:58.875 V/PhoneStatusBar( 1712): setLightsOn(true)
06-06 00:58:58.884 D/EGL_emulation( 1712): eglMakeCurrent: 0xb0685360: ver 2 0 (tinfo 0xb06836c0)
06-06 00:58:58.886 D/EGL_emulation( 1712): eglMakeCurrent: 0xb0685360: ver 2 0 (tinfo 0xb06836c0)
06-06 00:58:58.890 I/System.out(22551): URI: //map
06-06 00:58:58.890 I/System.out(22551): params: {json={"query":"* marked:'Statistics'","operation":{"method_name":"query","arguments":[]}}
06-06 00:58:58.890 I/System.out(22551): }
06-06 00:58:58.900 D/EGL_emulation( 1712): eglMakeCurrent: 0xb0685360: ver 2 0 (tinfo 0xb06836c0)
06-06 00:58:58.902 D/EGL_emulation( 1712): eglMakeCurrent: 0xb0685360: ver 2 0 (tinfo 0xb06836c0)
06-06 00:58:58.905 W/ResourceType(22551): No package identifier when getting name for resource number 0x00000001
06-06 00:58:58.917 D/EGL_emulation( 1712): eglMakeCurrent: 0xb0685360: ver 2 0 (tinfo 0xb06836c0)
06-06 00:58:58.919 D/EGL_emulation( 1712): eglMakeCurrent: 0xb0685360: ver 2 0 (tinfo 0xb06836c0)
06-06 00:58:58.922 I/System.out(22551): URI: //gesture
06-06 00:58:58.922 I/System.out(22551): params: {json={"query_timeout":5.0,"gestures":[{"query_string":"* marked:'Statistics'","touches":[{"x":50,"y":50,"offset_x":0,"offset_y":0,"wait":0.0,"time":0.2,"release":true,"query_string":null}]}]}
06-06 00:58:58.922 I/System.out(22551): }
06-06 00:58:58.927 W/ResourceType(22551): No package identifier when getting name for resource number 0x00000001
06-06 00:58:58.939 D/EGL_emulation( 1712): eglMakeCurrent: 0xb0685360: ver 2 0 (tinfo 0xb06836c0)
06-06 00:58:59.033 I/WindowManager( 1631): Destroying surface Surface(name=Starting com.evancharlton.mileage) called by com.android.server.wm.WindowStateAnimator.destroySurface:2016 com.android.server.wm.WindowStateAnimator.destroySurfaceLocked:882 com.android.server.wm.WindowState.destroyOrSaveSurface:2100 com.android.server.wm.AppWindowToken.destroySurfaces:363 com.android.server.wm.WindowStateAnimator.finishExit:565 com.android.server.wm.WindowStateAnimator.stepAnimationLocked:491 com.android.server.wm.WindowAnimator.updateWindowsLocked:303 com.android.server.wm.WindowAnimator.animateLocked:704 
06-06 00:58:59.035 V/PhoneStatusBar( 1712): setLightsOn(true)
06-06 00:58:59.050 V/PhoneStatusBar( 1712): setLightsOn(true)
06-06 00:58:59.152 I/calabash(22551): newActivity1
06-06 00:58:59.161 I/System.out(22551): URI: //map
06-06 00:58:59.161 I/System.out(22551): params: {json={"query":"* marked:'Worst fuel economy'","operation":{"method_name":"query","arguments":[]}}
06-06 00:58:59.161 I/System.out(22551): }
06-06 00:58:59.165 W/ActivityManager( 1631): Bad activity token: android.os.BinderProxy@ee52036
06-06 00:58:59.165 W/ActivityManager( 1631): java.lang.ClassCastException: android.os.BinderProxy cannot be cast to com.android.server.am.ActivityRecord$Token
06-06 00:58:59.165 W/ActivityManager( 1631): 	at com.android.server.am.ActivityRecord.forTokenLocked(ActivityRecord.java:586)
06-06 00:58:59.165 W/ActivityManager( 1631): 	at com.android.server.am.ActivityRecord.isInStackLocked(ActivityRecord.java:1327)
06-06 00:58:59.165 W/ActivityManager( 1631): 	at com.android.server.am.ActivityRecord.getStackLocked(ActivityRecord.java:1332)
06-06 00:58:59.165 W/ActivityManager( 1631): 	at com.android.server.am.ActivityManagerService.getActivityDisplayId(ActivityManagerService.java:9806)
06-06 00:58:59.165 W/ActivityManager( 1631): 	at android.app.ActivityManagerNative.onTransact(ActivityManagerNative.java:2566)
06-06 00:58:59.165 W/ActivityManager( 1631): 	at com.android.server.am.ActivityManagerService.onTransact(ActivityManagerService.java:2757)
06-06 00:58:59.165 W/ActivityManager( 1631): 	at android.os.Binder.execTransact(Binder.java:565)
06-06 00:58:59.166 W/ActivityManager( 1631): Bad activity token: android.os.BinderProxy@ee52036
06-06 00:58:59.166 W/ActivityManager( 1631): java.lang.ClassCastException: android.os.BinderProxy cannot be cast to com.android.server.am.ActivityRecord$Token
06-06 00:58:59.166 W/ActivityManager( 1631): 	at com.android.server.am.ActivityRecord.forTokenLocked(ActivityRecord.java:586)
06-06 00:58:59.166 W/ActivityManager( 1631): 	at com.android.server.am.ActivityRecord.isInStackLocked(ActivityRecord.java:1327)
06-06 00:58:59.166 W/ActivityManager( 1631): 	at com.android.server.am.ActivityManagerService.setTaskDescription(ActivityManagerService.java:9358)
06-06 00:58:59.166 W/ActivityManager( 1631): 	at android.app.ActivityManagerNative.onTransact(ActivityManagerNative.java:2639)
06-06 00:58:59.166 W/ActivityManager( 1631): 	at com.android.server.am.ActivityManagerService.onTransact(ActivityManagerService.java:2757)
06-06 00:58:59.166 W/ActivityManager( 1631): 	at android.os.Binder.execTransact(Binder.java:565)
06-06 00:58:59.167 V/PhoneStatusBar( 1712): setLightsOn(true)
06-06 00:58:59.169 W/ActivityManager( 1631): Bad activity token: android.os.BinderProxy@ee52036
06-06 00:58:59.169 W/ActivityManager( 1631): java.lang.ClassCastException: android.os.BinderProxy cannot be cast to com.android.server.am.ActivityRecord$Token
06-06 00:58:59.169 W/ActivityManager( 1631): 	at com.android.server.am.ActivityRecord.forTokenLocked(ActivityRecord.java:586)
06-06 00:58:59.169 W/ActivityManager( 1631): 	at com.android.server.am.ActivityRecord.isInStackLocked(ActivityRecord.java:1327)
06-06 00:58:59.169 W/ActivityManager( 1631): 	at com.android.server.am.ActivityRecord.getStackLocked(ActivityRecord.java:1332)
06-06 00:58:59.169 W/ActivityManager( 1631): 	at com.android.server.am.ActivityManagerService.getActivityStackId(ActivityManagerService.java:9817)
06-06 00:58:59.169 W/ActivityManager( 1631): 	at android.app.ActivityManagerNative.onTransact(ActivityManagerNative.java:2856)
06-06 00:58:59.169 W/ActivityManager( 1631): 	at com.android.server.am.ActivityManagerService.onTransact(ActivityManagerService.java:2757)
06-06 00:58:59.169 W/ActivityManager( 1631): 	at android.os.Binder.execTransact(Binder.java:565)
06-06 00:58:59.175 D/VehicleStatisticsActivity(22551): Checking recalculation ...
06-06 00:58:59.176 D/VehicleStatisticsActivity(22551): Recalculation not necessary.
06-06 00:58:59.184 W/ActivityManager( 1631): Bad activity token: android.os.BinderProxy@ee52036
06-06 00:58:59.184 W/ActivityManager( 1631): java.lang.ClassCastException: android.os.BinderProxy cannot be cast to com.android.server.am.ActivityRecord$Token
06-06 00:58:59.184 W/ActivityManager( 1631): 	at com.android.server.am.ActivityRecord.forTokenLocked(ActivityRecord.java:586)
06-06 00:58:59.184 W/ActivityManager( 1631): 	at com.android.server.am.ActivityRecord.isInStackLocked(ActivityRecord.java:1327)
06-06 00:58:59.184 W/ActivityManager( 1631): 	at com.android.server.am.ActivityManagerService.getActivityOptions(ActivityManagerService.java:12559)
06-06 00:58:59.184 W/ActivityManager( 1631): 	at android.app.ActivityManagerNative.onTransact(ActivityManagerNative.java:1933)
06-06 00:58:59.184 W/ActivityManager( 1631): 	at com.android.server.am.ActivityManagerService.onTransact(ActivityManagerService.java:2757)
06-06 00:58:59.184 W/ActivityManager( 1631): 	at android.os.Binder.execTransact(Binder.java:565)
06-06 00:58:59.185 W/ActivityManager( 1631): Bad activity token: android.os.BinderProxy@ee52036
06-06 00:58:59.185 W/ActivityManager( 1631): java.lang.ClassCastException: android.os.BinderProxy cannot be cast to com.android.server.am.ActivityRecord$Token
06-06 00:58:59.185 W/ActivityManager( 1631): 	at com.android.server.am.ActivityRecord.forTokenLocked(ActivityRecord.java:586)
06-06 00:58:59.185 W/ActivityManager( 1631): 	at com.android.server.am.ActivityRecord.isInStackLocked(ActivityRecord.java:1327)
06-06 00:58:59.185 W/ActivityManager( 1631): 	at com.android.server.am.ActivityManagerService.getActivityOptions(ActivityManagerService.java:12559)
06-06 00:58:59.185 W/ActivityManager( 1631): 	at android.app.ActivityManagerNative.onTransact(ActivityManagerNative.java:1933)
06-06 00:58:59.185 W/ActivityManager( 1631): 	at com.android.server.am.ActivityManagerService.onTransact(ActivityManagerService.java:2757)
06-06 00:58:59.185 W/ActivityManager( 1631): 	at android.os.Binder.execTransact(Binder.java:565)
06-06 00:58:59.187 D/VehicleStatisticsActivity(22551): Checking recalculation ...
06-06 00:58:59.189 D/VehicleStatisticsActivity(22551): Recalculation not necessary.
06-06 00:58:59.288 W/ResourceType(22551): No package identifier when getting name for resource number 0x00000001
06-06 00:58:59.290 I/art     (22551): Do partial code cache collection, code=30KB, data=29KB
06-06 00:58:59.290 I/art     (22551): After code cache collection, code=29KB, data=29KB
06-06 00:58:59.290 I/art     (22551): Increasing code cache capacity to 128KB
06-06 00:58:59.304 I/System.out(22551): URI: //gesture
06-06 00:58:59.304 I/System.out(22551): params: {json={"query_timeout":5.0,"gestures":[{"query_string":"* marked:'Worst fuel economy'","touches":[{"x":50,"y":50,"offset_x":0,"offset_y":0,"wait":0.0,"time":0.2,"release":true,"query_string":null}]}]}
06-06 00:58:59.304 I/System.out(22551): }
06-06 00:58:59.308 W/ResourceType(22551): No package identifier when getting name for resource number 0x00000001
06-06 00:58:59.467 V/PhoneStatusBar( 1712): setLightsOn(true)
06-06 00:58:59.467 W/OpenGLRenderer( 2076): Incorrectly called buildLayer on View: ShortcutAndWidgetContainer, destroying layer...
06-06 00:58:59.468 V/PhoneStatusBar( 1712): setLightsOn(true)
06-06 00:58:59.484 I/WindowManager( 1631): Destroying surface Surface(name=com.android.launcher3/com.android.launcher3.Launcher) called by com.android.server.wm.WindowStateAnimator.destroySurface:2016 com.android.server.wm.WindowStateAnimator.destroySurfaceLocked:882 com.android.server.wm.WindowState.destroyOrSaveSurface:2100 com.android.server.wm.AppWindowToken.destroySurfaces:363 com.android.server.wm.AppWindowToken.notifyAppStopped:389 com.android.server.wm.WindowManagerService.notifyAppStopped:4463 com.android.server.am.ActivityStack.activityStoppedLocked:1252 com.android.server.am.ActivityManagerService.activityStopped:6903 
06-06 00:58:59.485 V/PhoneStatusBar( 1712): setLightsOn(true)
06-06 00:58:59.534 I/ActivityManager( 1631): START u0 {cmp=com.evancharlton.mileage/.charts.WorstFuelEconomyChart (has extras)} from uid 10374 on display 0
06-06 00:58:59.535 V/PhoneStatusBar( 1712): setLightsOn(true)
06-06 00:58:59.536 V/PhoneStatusBar( 1712): setLightsOn(true)
06-06 00:58:59.546 I/System.out(22551): URI: //map
06-06 00:58:59.546 I/System.out(22551): params: {json={"query":"* {text CONTAINS[c] 'Worst fuel economy'}","operation":{"method_name":"query","arguments":[]}}
06-06 00:58:59.546 I/System.out(22551): }
06-06 00:58:59.600 I/calabash(22551): newActivity1
06-06 00:58:59.604 W/aiCharts(22551): License file is invalid or missing. 
06-06 00:58:59.604 W/aiCharts(22551): Please place proper license.lic to /assets folder.
06-06 00:58:59.621 V/PhoneStatusBar( 1712): setLightsOn(true)
06-06 00:58:59.642 I/System.out(22551): URI: //
06-06 00:58:59.642 I/System.out(22551): params: {json={"command":"press_key","arguments":["KEYCODE_BACK"]}
06-06 00:58:59.642 I/System.out(22551): }
06-06 00:58:59.642 I/System.out(22551): header: {content-type=application/json;charset=utf-8, date=Sat, 06 Jun 2020 05:58:59 GMT, accept=*/*, host=127.0.0.1:34777, content-length=52, user-agent=HTTPClient/1.0 (2.8.3, ruby 2.5.1 (2018-03-29))}
06-06 00:58:59.642 I/System.out(22551): params: {json={"command":"press_key","arguments":["KEYCODE_BACK"]}
06-06 00:58:59.642 I/System.out(22551): }
06-06 00:58:59.642 I/System.out(22551): ProP json = {"command":"press_key","arguments":["KEYCODE_BACK"]}
06-06 00:58:59.642 I/System.out(22551): files: {}
06-06 00:58:59.642 I/System.out(22551): command: {"command":"press_key","arguments":["KEYCODE_BACK"]}
06-06 00:58:59.643 I/InstrumentationBackend(22551): Got command:'Command:'Line:null,press_key', arguments:'[KEYCODE_BACK]'
06-06 00:58:59.650 V/PhoneStatusBar( 1712): setLightsOn(true)
06-06 00:58:59.654 W/ViewRootImpl[Creating chart…](22551): Dropping event due to no window focus: KeyEvent { action=ACTION_DOWN, keyCode=KEYCODE_BACK, scanCode=0, metaState=0, flags=0x8, repeatCount=0, eventTime=12563210, downTime=12563210, deviceId=-1, source=0x101 }
06-06 00:58:59.655 I/WindowManager( 1631): Destroying surface Surface(name=Creating chart…) called by com.android.server.wm.WindowStateAnimator.destroySurface:2016 com.android.server.wm.WindowStateAnimator.destroySurfaceLocked:882 com.android.server.wm.WindowState.removeLocked:1456 com.android.server.wm.WindowManagerService.removeWindowInnerLocked:2484 com.android.server.wm.WindowManagerService.removeWindowLocked:2442 com.android.server.wm.WindowManagerService.removeWindowLocked:2311 com.android.server.wm.WindowManagerService.removeWindow:2306 com.android.server.wm.Session.remove:202 
06-06 00:58:59.657 W/ViewRootImpl[WorstFuelEconomyChart](22551): Cancelling event due to no window focus: KeyEvent { action=ACTION_UP, keyCode=KEYCODE_BACK, scanCode=0, metaState=0, flags=0x28, repeatCount=0, eventTime=12563221, downTime=12563221, deviceId=-1, source=0x101 }
06-06 00:58:59.657 W/ViewRootImpl[WorstFuelEconomyChart](22551): Cancelling event due to no window focus: KeyEvent { action=ACTION_UP, keyCode=KEYCODE_BACK, scanCode=0, metaState=0, flags=0x28, repeatCount=0, eventTime=12563221, downTime=12563221, deviceId=-1, source=0x101 }
06-06 00:58:59.657 W/ViewRootImpl[WorstFuelEconomyChart](22551): Cancelling event due to no window focus: KeyEvent { action=ACTION_UP, keyCode=KEYCODE_BACK, scanCode=0, metaState=0, flags=0x28, repeatCount=0, eventTime=12563221, downTime=12563221, deviceId=-1, source=0x101 }
06-06 00:58:59.657 W/ViewRootImpl[WorstFuelEconomyChart](22551): Cancelling event due to no window focus: KeyEvent { action=ACTION_UP, keyCode=KEYCODE_BACK, scanCode=0, metaState=0, flags=0x28, repeatCount=0, eventTime=12563221, downTime=12563221, deviceId=-1, source=0x101 }
06-06 00:58:59.657 W/ViewRootImpl[WorstFuelEconomyChart](22551): Cancelling event due to no window focus: KeyEvent { action=ACTION_UP, keyCode=KEYCODE_BACK, scanCode=0, metaState=0, flags=0x28, repeatCount=0, eventTime=12563221, downTime=12563221, deviceId=-1, source=0x101 }
06-06 00:58:59.657 W/ViewRootImpl[WorstFuelEconomyChart](22551): Cancelling event due to no window focus: KeyEvent { action=ACTION_UP, keyCode=KEYCODE_BACK, scanCode=0, metaState=0, flags=0x28, repeatCount=0, eventTime=12563221, downTime=12563221, deviceId=-1, source=0x101 }
06-06 00:58:59.657 W/ViewRootImpl[WorstFuelEconomyChart](22551): Cancelling event due to no window focus: KeyEvent { action=ACTION_UP, keyCode=KEYCODE_BACK, scanCode=0, metaState=0, flags=0x28, repeatCount=0, eventTime=12563221, downTime=12563221, deviceId=-1, source=0x101 }
06-06 00:58:59.657 W/ViewRootImpl[WorstFuelEconomyChart](22551): Cancelling event due to no window focus: KeyEvent { action=ACTION_UP, keyCode=KEYCODE_BACK, scanCode=0, metaState=0, flags=0x28, repeatCount=0, eventTime=12563221, downTime=12563221, deviceId=-1, source=0x101 }
06-06 00:58:59.657 W/ViewRootImpl[WorstFuelEconomyChart](22551): Cancelling event due to no window focus: KeyEvent { action=ACTION_UP, keyCode=KEYCODE_BACK, scanCode=0, metaState=0, flags=0x28, repeatCount=0, eventTime=12563221, downTime=12563221, deviceId=-1, source=0x101 }
06-06 00:58:59.658 D/gralloc_ranchu( 1347): gralloc_alloc: Creating ashmem region of size 9023488
06-06 00:58:59.663 I/System.out(22551): result:{"bonusInformation":[],"message":"","success":true}
06-06 00:58:59.666 I/System.out(22551): URI: //map
06-06 00:58:59.666 I/System.out(22551): params: {json={"query":"* {text CONTAINS[c] 'Statistics'}","operation":{"method_name":"query","arguments":[]}}
06-06 00:58:59.666 I/System.out(22551): }
06-06 00:58:59.666 V/PhoneStatusBar( 1712): setLightsOn(true)
06-06 00:58:59.682 I/ActivityManager( 1631): Displayed com.evancharlton.mileage/.charts.WorstFuelEconomyChart: +85ms
06-06 00:58:59.683 V/PhoneStatusBar( 1712): setLightsOn(true)
06-06 00:58:59.719 V/PhoneStatusBar( 1712): setLightsOn(true)
