--------- beginning of main
06-06 03:15:32.696 W/OpenGLRenderer( 2078): Incorrectly called buildLayer on View: ShortcutAndWidgetContainer, destroying layer...
06-06 03:15:32.714 D/AndroidRuntime( 2011): >>>>>> START com.android.internal.os.RuntimeInit uid 2000 <<<<<<
06-06 03:15:32.715 D/AndroidRuntime( 2011): CheckJNI is ON
06-06 03:15:32.726 W/art     ( 2011): Unexpected CPU variant for X86 using defaults: x86
06-06 03:15:32.728 D/ICU     ( 2011): No timezone override file found: /data/misc/zoneinfo/current/icu/icu_tzdata.dat
06-06 03:15:32.735 E/memtrack( 2011): Couldn't load memtrack module (No such file or directory)
06-06 03:15:32.735 E/android.os.Debug( 2011): failed to load memtrack module: -2
06-06 03:15:32.735 I/Radio-JNI( 2011): register_android_hardware_Radio DONE
06-06 03:15:32.739 D/AndroidRuntime( 2011): Calling main entry com.android.commands.am.Am
--------- beginning of system
06-06 03:15:32.740 I/ActivityManager( 1630): Force stopping com.evancharlton.mileage appid=10422 user=0: start instr
06-06 03:15:32.743 I/art     ( 2029): Not late-enabling -Xcheck:jni (already on)
06-06 03:15:32.743 W/art     ( 2029): Unexpected CPU variant for X86 using defaults: x86
06-06 03:15:32.751 I/ActivityManager( 1630): Start proc 2029:com.evancharlton.mileage/u0a422 for added application com.evancharlton.mileage
06-06 03:15:32.751 D/AndroidRuntime( 2011): Shutting down VM
06-06 03:15:32.760 W/System  ( 2029): ClassLoader referenced unknown path: /data/app/com.evancharlton.mileage.test-1/lib/x86
06-06 03:15:32.760 W/System  ( 2029): ClassLoader referenced unknown path: /data/app/com.evancharlton.mileage-1/lib/x86
06-06 03:15:32.762 W/System  ( 2029): ClassLoader referenced unknown path: 
06-06 03:15:32.765 I/System.out( 2029): Main activity name automatically set to: com.evancharlton.mileage.Mileage
06-06 03:15:32.766 I/System.out( 2029): Calabash did not load Mono. This is only a problem if you are trying to test a Mono application
06-06 03:15:32.766 I/calabash( 2029): Test server port: 7102
06-06 03:15:32.767 I/InstrumentationBackend( 2029): Added:'GetPreferences', with key:'get_preferences'
06-06 03:15:32.772 I/InstrumentationBackend( 2029): Added:'SetPreferences', with key:'set_preferences'
06-06 03:15:32.772 I/InstrumentationBackend( 2029): Added:'ClearPreferences', with key:'clear_preferences'
06-06 03:15:32.772 I/InstrumentationBackend( 2029): Added:'PressElement', with key:'press_l10n_element'
06-06 03:15:32.772 I/InstrumentationBackend( 2029): Added:'WaitForElement', with key:'wait_for_l10n_element'
06-06 03:15:32.772 I/InstrumentationBackend( 2029): Added:'NullAction', with key:'nullAction'
06-06 03:15:32.772 I/InstrumentationBackend( 2029): Added:'PressKey', with key:'press_key'
06-06 03:15:32.772 I/InstrumentationBackend( 2029): Added:'SetActivityOrientation', with key:'set_activity_orientation'
06-06 03:15:32.772 I/InstrumentationBackend( 2029): Added:'GetActivityOrientation', with key:'get_activity_orientation'
06-06 03:15:32.772 I/InstrumentationBackend( 2029): Added:'FakeGPSLocation', with key:'set_gps_coordinates'
06-06 03:15:32.772 I/InstrumentationBackend( 2029): Added:'SetPropertyByCssSelector', with key:'set_property_by_css_selector'
06-06 03:15:32.772 I/InstrumentationBackend( 2029): Added:'GetUrl', with key:'get_url'
06-06 03:15:32.772 I/InstrumentationBackend( 2029): Added:'ScrollTo', with key:'scroll_to'
06-06 03:15:32.772 I/InstrumentationBackend( 2029): Added:'GetLoadProgress', with key:'get_load_progress'
06-06 03:15:32.772 I/InstrumentationBackend( 2029): Added:'DumpHtml', with key:'dump_html'
06-06 03:15:32.772 I/InstrumentationBackend( 2029): Added:'DumpBodyHtml', with key:'dump_body_html'
06-06 03:15:32.772 I/InstrumentationBackend( 2029): Added:'EnterTextByCssSelector', with key:'enter_text_by_selector'
06-06 03:15:32.773 I/InstrumentationBackend( 2029): Added:'AndroidSDKVersion', with key:'android_sdk_version'
06-06 03:15:32.773 I/InstrumentationBackend( 2029): Added:'Version', with key:'version'
06-06 03:15:32.773 I/InstrumentationBackend( 2029): Added:'Drag', with key:'drag'
06-06 03:15:32.774 I/InstrumentationBackend( 2029): Added:'TouchCoordinates', with key:'touch_coordinate'
06-06 03:15:32.774 I/InstrumentationBackend( 2029): Added:'LongPressCoordinate', with key:'long_press_coordinate'
06-06 03:15:32.774 I/InstrumentationBackend( 2029): Added:'DragCoordinates', with key:'drag_coordinates'
06-06 03:15:32.774 I/InstrumentationBackend( 2029): Added:'ResumeApplication', with key:'resume_application'
06-06 03:15:32.774 I/InstrumentationBackend( 2029): Added:'Swipe', with key:'swipe'
06-06 03:15:32.774 I/InstrumentationBackend( 2029): Added:'DoubleTapCoordinate', with key:'double_tap_coordinate'
06-06 03:15:32.774 I/InstrumentationBackend( 2029): Added:'ClickOnScreen', with key:'click_on_screen'
06-06 03:15:32.774 I/InstrumentationBackend( 2029): Added:'GetActivityName', with key:'get_activity_name'
06-06 03:15:32.774 I/InstrumentationBackend( 2029): Added:'ScrollToView', with key:'scroll_to_view'
06-06 03:15:32.774 I/InstrumentationBackend( 2029): Added:'ViewConfiguration', with key:'view_configuration'
06-06 03:15:32.774 I/InstrumentationBackend( 2029): Added:'IsCurrentActivityFocused', with key:'is_current_activity_focused'
06-06 03:15:32.774 I/InstrumentationBackend( 2029): Added:'SendTcp', with key:'send_tcp'
06-06 03:15:32.774 I/InstrumentationBackend( 2029): Added:'DpToDevicePixel', with key:'dp_to_device_pixel'
06-06 03:15:32.774 I/InstrumentationBackend( 2029): Added:'KeyboardEnterText', with key:'keyboard_enter_text'
06-06 03:15:32.774 I/InstrumentationBackend( 2029): Added:'DeleteSurroundingText', with key:'delete_surrounding_text'
06-06 03:15:32.774 I/InstrumentationBackend( 2029): Added:'SetComposingRegion', with key:'set_composing_region'
06-06 03:15:32.774 I/InstrumentationBackend( 2029): Added:'SetSelection', with key:'set_selection'
06-06 03:15:32.774 I/InstrumentationBackend( 2029): Added:'KeyboardKeyEvent', with key:'keyboard_key_event'
06-06 03:15:32.774 I/InstrumentationBackend( 2029): Added:'PressUserActionButton', with key:'press_user_action_button'
06-06 03:15:32.775 I/InstrumentationBackend( 2029): Added:'HideSoftKeyboard', with key:'hide_soft_keyboard'
06-06 03:15:32.775 I/InstrumentationBackend( 2029): Added:'ListActions', with key:'list_actions'
06-06 03:15:32.775 I/calabash( 2029): Instantiating http server at 7102
06-06 03:15:32.776 I/System.out( 2029): HTTP Daemon listening on: 7102
06-06 03:15:32.862 I/System.out( 2029): URI: //ping
06-06 03:15:32.862 I/System.out( 2029): params: {json={}
06-06 03:15:32.862 I/System.out( 2029): }
06-06 03:15:32.869 I/System.out( 2029): URI: //ping
06-06 03:15:32.869 I/System.out( 2029): params: {json={}
06-06 03:15:32.869 I/System.out( 2029): }
06-06 03:15:32.874 I/System.out( 2029): URI: //ready
06-06 03:15:32.874 I/System.out( 2029): params: {json={}
06-06 03:15:32.874 I/System.out( 2029): }
06-06 03:15:32.879 I/System.out( 2029): URI: //
06-06 03:15:32.879 I/System.out( 2029): params: {json={"command":"version","arguments":[]}
06-06 03:15:32.879 I/System.out( 2029): }
06-06 03:15:32.879 I/System.out( 2029): header: {content-type=application/json;charset=utf-8, date=Sat, 06 Jun 2020 08:15:33 GMT, accept=*/*, host=127.0.0.1:34777, content-length=36, user-agent=HTTPClient/1.0 (2.8.3, ruby 2.5.1 (2018-03-29))}
06-06 03:15:32.880 I/System.out( 2029): params: {json={"command":"version","arguments":[]}
06-06 03:15:32.880 I/System.out( 2029): }
06-06 03:15:32.880 I/System.out( 2029): ProP json = {"command":"version","arguments":[]}
06-06 03:15:32.880 I/System.out( 2029): files: {}
06-06 03:15:32.880 I/System.out( 2029): command: {"command":"version","arguments":[]}
06-06 03:15:32.887 I/InstrumentationBackend( 2029): Got command:'Command:'Line:null,version', arguments:'[]'
06-06 03:15:32.898 I/System.out( 2029): result:{"bonusInformation":[],"message":"0.9.8","success":true}
06-06 03:15:32.901 I/System.out( 2029): URI: //start-application
06-06 03:15:32.901 I/System.out( 2029): params: {json={"intent":null}
06-06 03:15:32.901 I/System.out( 2029): }
06-06 03:15:32.910 I/ActivityManager( 1630): START u0 {act=android.intent.action.MAIN cat=[android.intent.category.LAUNCHER] flg=0x10200000 cmp=com.evancharlton.mileage/.Mileage} from uid 10422 on display 0
06-06 03:15:32.915 I/calabash( 2029): newActivity1
06-06 03:15:32.923 I/calabash( 2029): newActivity1
06-06 03:15:32.924 W/ActivityManager( 1630): Bad activity token: android.os.BinderProxy@243bf58
06-06 03:15:32.924 W/ActivityManager( 1630): java.lang.ClassCastException: android.os.BinderProxy cannot be cast to com.android.server.am.ActivityRecord$Token
06-06 03:15:32.924 W/ActivityManager( 1630): 	at com.android.server.am.ActivityRecord.forTokenLocked(ActivityRecord.java:586)
06-06 03:15:32.924 W/ActivityManager( 1630): 	at com.android.server.am.ActivityRecord.isInStackLocked(ActivityRecord.java:1327)
06-06 03:15:32.924 W/ActivityManager( 1630): 	at com.android.server.am.ActivityRecord.getStackLocked(ActivityRecord.java:1332)
06-06 03:15:32.924 W/ActivityManager( 1630): 	at com.android.server.am.ActivityManagerService.getActivityDisplayId(ActivityManagerService.java:9806)
06-06 03:15:32.924 W/ActivityManager( 1630): 	at android.app.ActivityManagerNative.onTransact(ActivityManagerNative.java:2566)
06-06 03:15:32.924 W/ActivityManager( 1630): 	at com.android.server.am.ActivityManagerService.onTransact(ActivityManagerService.java:2757)
06-06 03:15:32.924 W/ActivityManager( 1630): 	at android.os.Binder.execTransact(Binder.java:565)
06-06 03:15:32.924 W/ActivityManager( 1630): Bad activity token: android.os.BinderProxy@243bf58
06-06 03:15:32.924 W/ActivityManager( 1630): java.lang.ClassCastException: android.os.BinderProxy cannot be cast to com.android.server.am.ActivityRecord$Token
06-06 03:15:32.924 W/ActivityManager( 1630): 	at com.android.server.am.ActivityRecord.forTokenLocked(ActivityRecord.java:586)
06-06 03:15:32.924 W/ActivityManager( 1630): 	at com.android.server.am.ActivityRecord.isInStackLocked(ActivityRecord.java:1327)
06-06 03:15:32.924 W/ActivityManager( 1630): 	at com.android.server.am.ActivityManagerService.setTaskDescription(ActivityManagerService.java:9358)
06-06 03:15:32.924 W/ActivityManager( 1630): 	at android.app.ActivityManagerNative.onTransact(ActivityManagerNative.java:2639)
06-06 03:15:32.924 W/ActivityManager( 1630): 	at com.android.server.am.ActivityManagerService.onTransact(ActivityManagerService.java:2757)
06-06 03:15:32.924 W/ActivityManager( 1630): 	at android.os.Binder.execTransact(Binder.java:565)
06-06 03:15:32.925 W/ActivityManager( 1630): Bad activity token: android.os.BinderProxy@243bf58
06-06 03:15:32.925 W/ActivityManager( 1630): java.lang.ClassCastException: android.os.BinderProxy cannot be cast to com.android.server.am.ActivityRecord$Token
06-06 03:15:32.925 W/ActivityManager( 1630): 	at com.android.server.am.ActivityRecord.forTokenLocked(ActivityRecord.java:586)
06-06 03:15:32.925 W/ActivityManager( 1630): 	at com.android.server.am.ActivityRecord.isInStackLocked(ActivityRecord.java:1327)
06-06 03:15:32.925 W/ActivityManager( 1630): 	at com.android.server.am.ActivityRecord.getStackLocked(ActivityRecord.java:1332)
06-06 03:15:32.925 W/ActivityManager( 1630): 	at com.android.server.am.ActivityManagerService.getActivityStackId(ActivityManagerService.java:9817)
06-06 03:15:32.925 W/ActivityManager( 1630): 	at android.app.ActivityManagerNative.onTransact(ActivityManagerNative.java:2856)
06-06 03:15:32.925 W/ActivityManager( 1630): 	at com.android.server.am.ActivityManagerService.onTransact(ActivityManagerService.java:2757)
06-06 03:15:32.925 W/ActivityManager( 1630): 	at android.os.Binder.execTransact(Binder.java:565)
06-06 03:15:32.939 W/ActivityManager( 1630): Bad activity token: android.os.BinderProxy@243bf58
06-06 03:15:32.939 W/ActivityManager( 1630): java.lang.ClassCastException: android.os.BinderProxy cannot be cast to com.android.server.am.ActivityRecord$Token
06-06 03:15:32.939 W/ActivityManager( 1630): 	at com.android.server.am.ActivityRecord.forTokenLocked(ActivityRecord.java:586)
06-06 03:15:32.939 W/ActivityManager( 1630): 	at com.android.server.am.ActivityRecord.isInStackLocked(ActivityRecord.java:1327)
06-06 03:15:32.939 W/ActivityManager( 1630): 	at com.android.server.am.ActivityManagerService.getActivityOptions(ActivityManagerService.java:12559)
06-06 03:15:32.939 W/ActivityManager( 1630): 	at android.app.ActivityManagerNative.onTransact(ActivityManagerNative.java:1933)
06-06 03:15:32.939 W/ActivityManager( 1630): 	at com.android.server.am.ActivityManagerService.onTransact(ActivityManagerService.java:2757)
06-06 03:15:32.939 W/ActivityManager( 1630): 	at android.os.Binder.execTransact(Binder.java:565)
06-06 03:15:32.939 W/ActivityManager( 1630): Bad activity token: android.os.BinderProxy@243bf58
06-06 03:15:32.939 W/ActivityManager( 1630): java.lang.ClassCastException: android.os.BinderProxy cannot be cast to com.android.server.am.ActivityRecord$Token
06-06 03:15:32.939 W/ActivityManager( 1630): 	at com.android.server.am.ActivityRecord.forTokenLocked(ActivityRecord.java:586)
06-06 03:15:32.939 W/ActivityManager( 1630): 	at com.android.server.am.ActivityRecord.isInStackLocked(ActivityRecord.java:1327)
06-06 03:15:32.939 W/ActivityManager( 1630): 	at com.android.server.am.ActivityManagerService.getActivityOptions(ActivityManagerService.java:12559)
06-06 03:15:32.939 W/ActivityManager( 1630): 	at android.app.ActivityManagerNative.onTransact(ActivityManagerNative.java:1933)
06-06 03:15:32.939 W/ActivityManager( 1630): 	at com.android.server.am.ActivityManagerService.onTransact(ActivityManagerService.java:2757)
06-06 03:15:32.939 W/ActivityManager( 1630): 	at android.os.Binder.execTransact(Binder.java:565)
06-06 03:15:32.948 D/gralloc_ranchu( 1347): gralloc_alloc: Creating ashmem region of size 9023488
06-06 03:15:32.970 V/PhoneStatusBar( 1711): setLightsOn(true)
06-06 03:15:32.980 D/EGL_emulation( 1711): eglMakeCurrent: 0xa7985720: ver 2 0 (tinfo 0xa7983770)
06-06 03:15:32.981 V/PhoneStatusBar( 1711): setLightsOn(true)
06-06 03:15:32.982 V/PhoneStatusBar( 1711): setLightsOn(true)
06-06 03:15:32.983 D/gralloc_ranchu( 1347): gralloc_alloc: Creating ashmem region of size 9023488
06-06 03:15:32.984 V/PhoneStatusBar( 1711): setLightsOn(true)
06-06 03:15:32.988 D/        ( 2029): HostConnection::get() New Host Connection established 0x9a2b84c0, tid 2029
06-06 03:15:33.020 D/EGL_emulation( 1711): eglMakeCurrent: 0xa7985720: ver 2 0 (tinfo 0xa7983770)
06-06 03:15:33.021 D/EGL_emulation( 2078): eglMakeCurrent: 0x9852d440: ver 2 0 (tinfo 0xa3d30310)
06-06 03:15:33.023 D/EGL_emulation( 1711): eglMakeCurrent: 0xa7985720: ver 2 0 (tinfo 0xa7983770)
06-06 03:15:33.025 D/EGL_emulation( 1711): eglMakeCurrent: 0xa7985720: ver 2 0 (tinfo 0xa7983770)
06-06 03:15:33.026 D/EGL_emulation( 1711): eglMakeCurrent: 0xa7985720: ver 2 0 (tinfo 0xa7983770)
06-06 03:15:33.035 D/EGL_emulation( 1711): eglMakeCurrent: 0xa7985720: ver 2 0 (tinfo 0xa7983770)
06-06 03:15:33.036 D/EGL_emulation( 1711): eglMakeCurrent: 0xa7985720: ver 2 0 (tinfo 0xa7983770)
06-06 03:15:33.037 I/ActivityManager( 1630): Displayed com.evancharlton.mileage/.Mileage: +124ms
06-06 03:15:33.047 D/gralloc_ranchu( 1347): gralloc_alloc: Creating ashmem region of size 9023488
06-06 03:15:33.047 D/EGL_emulation( 1711): eglMakeCurrent: 0xa7985720: ver 2 0 (tinfo 0xa7983770)
06-06 03:15:33.060 D/EGL_emulation( 1711): eglMakeCurrent: 0xa7985720: ver 2 0 (tinfo 0xa7983770)
06-06 03:15:33.074 D/EGL_emulation( 1711): eglMakeCurrent: 0xa7985720: ver 2 0 (tinfo 0xa7983770)
06-06 03:15:33.077 D/EGL_emulation( 1711): eglMakeCurrent: 0xa7985720: ver 2 0 (tinfo 0xa7983770)
06-06 03:15:33.078 V/PhoneStatusBar( 1711): setLightsOn(true)
06-06 03:15:33.081 D/EGL_emulation( 1711): eglMakeCurrent: 0xa7985720: ver 2 0 (tinfo 0xa7983770)
06-06 03:15:33.083 D/EGL_emulation( 1711): eglMakeCurrent: 0xa7985720: ver 2 0 (tinfo 0xa7983770)
06-06 03:15:33.097 D/EGL_emulation( 1711): eglMakeCurrent: 0xa7985720: ver 2 0 (tinfo 0xa7983770)
06-06 03:15:33.099 D/EGL_emulation( 1711): eglMakeCurrent: 0xa7985720: ver 2 0 (tinfo 0xa7983770)
06-06 03:15:33.100 I/System.out( 2029): URI: //map
06-06 03:15:33.100 I/System.out( 2029): params: {json={"query":"* marked:'Statistics'","operation":{"method_name":"query","arguments":[]}}
06-06 03:15:33.100 I/System.out( 2029): }
06-06 03:15:33.111 W/ResourceType( 2029): No package identifier when getting name for resource number 0x00000001
06-06 03:15:33.114 D/EGL_emulation( 1711): eglMakeCurrent: 0xa7985720: ver 2 0 (tinfo 0xa7983770)
06-06 03:15:33.115 D/EGL_emulation( 1711): eglMakeCurrent: 0xa7985720: ver 2 0 (tinfo 0xa7983770)
06-06 03:15:33.125 I/System.out( 2029): URI: //gesture
06-06 03:15:33.126 I/System.out( 2029): params: {json={"query_timeout":5.0,"gestures":[{"query_string":"* marked:'Statistics'","touches":[{"x":50,"y":50,"offset_x":0,"offset_y":0,"wait":0.0,"time":0.2,"release":true,"query_string":null}]}]}
06-06 03:15:33.126 I/System.out( 2029): }
06-06 03:15:33.130 D/EGL_emulation( 1711): eglMakeCurrent: 0xa7985720: ver 2 0 (tinfo 0xa7983770)
06-06 03:15:33.131 W/ResourceType( 2029): No package identifier when getting name for resource number 0x00000001
06-06 03:15:33.132 D/EGL_emulation( 1711): eglMakeCurrent: 0xa7985720: ver 2 0 (tinfo 0xa7983770)
06-06 03:15:33.147 D/EGL_emulation( 1711): eglMakeCurrent: 0xa7985720: ver 2 0 (tinfo 0xa7983770)
06-06 03:15:33.156 D/EGL_emulation( 1711): eglMakeCurrent: 0xa7985720: ver 2 0 (tinfo 0xa7983770)
06-06 03:15:33.172 D/EGL_emulation( 1711): eglMakeCurrent: 0xa7985720: ver 2 0 (tinfo 0xa7983770)
06-06 03:15:33.180 D/EGL_emulation( 1711): eglMakeCurrent: 0xa7985720: ver 2 0 (tinfo 0xa7983770)
06-06 03:15:33.182 D/EGL_emulation( 1711): eglMakeCurrent: 0xa7985720: ver 2 0 (tinfo 0xa7983770)
06-06 03:15:33.183 D/EGL_emulation( 1711): eglMakeCurrent: 0xa7985720: ver 2 0 (tinfo 0xa7983770)
06-06 03:15:33.197 D/EGL_emulation( 1711): eglMakeCurrent: 0xa7985720: ver 2 0 (tinfo 0xa7983770)
06-06 03:15:33.200 D/EGL_emulation( 1711): eglMakeCurrent: 0xa7985720: ver 2 0 (tinfo 0xa7983770)
06-06 03:15:33.214 D/EGL_emulation( 1711): eglMakeCurrent: 0xa7985720: ver 2 0 (tinfo 0xa7983770)
06-06 03:15:33.230 I/WindowManager( 1630): Destroying surface Surface(name=Starting com.evancharlton.mileage) called by com.android.server.wm.WindowStateAnimator.destroySurface:2016 com.android.server.wm.WindowStateAnimator.destroySurfaceLocked:882 com.android.server.wm.WindowState.destroyOrSaveSurface:2100 com.android.server.wm.AppWindowToken.destroySurfaces:363 com.android.server.wm.WindowStateAnimator.finishExit:565 com.android.server.wm.WindowStateAnimator.stepAnimationLocked:491 com.android.server.wm.WindowAnimator.updateWindowsLocked:303 com.android.server.wm.WindowAnimator.animateLocked:704 
06-06 03:15:33.231 V/PhoneStatusBar( 1711): setLightsOn(true)
06-06 03:15:33.233 V/PhoneStatusBar( 1711): setLightsOn(true)
06-06 03:15:33.371 I/calabash( 2029): newActivity1
06-06 03:15:33.391 I/System.out( 2029): URI: //map
06-06 03:15:33.391 I/System.out( 2029): params: {json={"query":"* marked:'Minimum distance'","operation":{"method_name":"query","arguments":[]}}
06-06 03:15:33.391 I/System.out( 2029): }
06-06 03:15:33.400 W/ActivityManager( 1630): Bad activity token: android.os.BinderProxy@bc216d2
06-06 03:15:33.400 W/ActivityManager( 1630): java.lang.ClassCastException: android.os.BinderProxy cannot be cast to com.android.server.am.ActivityRecord$Token
06-06 03:15:33.400 W/ActivityManager( 1630): 	at com.android.server.am.ActivityRecord.forTokenLocked(ActivityRecord.java:586)
06-06 03:15:33.400 W/ActivityManager( 1630): 	at com.android.server.am.ActivityRecord.isInStackLocked(ActivityRecord.java:1327)
06-06 03:15:33.400 W/ActivityManager( 1630): 	at com.android.server.am.ActivityRecord.getStackLocked(ActivityRecord.java:1332)
06-06 03:15:33.400 W/ActivityManager( 1630): 	at com.android.server.am.ActivityManagerService.getActivityDisplayId(ActivityManagerService.java:9806)
06-06 03:15:33.400 W/ActivityManager( 1630): 	at android.app.ActivityManagerNative.onTransact(ActivityManagerNative.java:2566)
06-06 03:15:33.400 W/ActivityManager( 1630): 	at com.android.server.am.ActivityManagerService.onTransact(ActivityManagerService.java:2757)
06-06 03:15:33.400 W/ActivityManager( 1630): 	at android.os.Binder.execTransact(Binder.java:565)
06-06 03:15:33.401 W/ActivityManager( 1630): Bad activity token: android.os.BinderProxy@bc216d2
06-06 03:15:33.401 W/ActivityManager( 1630): java.lang.ClassCastException: android.os.BinderProxy cannot be cast to com.android.server.am.ActivityRecord$Token
06-06 03:15:33.401 W/ActivityManager( 1630): 	at com.android.server.am.ActivityRecord.forTokenLocked(ActivityRecord.java:586)
06-06 03:15:33.401 W/ActivityManager( 1630): 	at com.android.server.am.ActivityRecord.isInStackLocked(ActivityRecord.java:1327)
06-06 03:15:33.401 W/ActivityManager( 1630): 	at com.android.server.am.ActivityManagerService.setTaskDescription(ActivityManagerService.java:9358)
06-06 03:15:33.401 W/ActivityManager( 1630): 	at android.app.ActivityManagerNative.onTransact(ActivityManagerNative.java:2639)
06-06 03:15:33.401 W/ActivityManager( 1630): 	at com.android.server.am.ActivityManagerService.onTransact(ActivityManagerService.java:2757)
06-06 03:15:33.401 W/ActivityManager( 1630): 	at android.os.Binder.execTransact(Binder.java:565)
06-06 03:15:33.401 W/ActivityManager( 1630): Bad activity token: android.os.BinderProxy@bc216d2
06-06 03:15:33.401 W/ActivityManager( 1630): java.lang.ClassCastException: android.os.BinderProxy cannot be cast to com.android.server.am.ActivityRecord$Token
06-06 03:15:33.401 W/ActivityManager( 1630): 	at com.android.server.am.ActivityRecord.forTokenLocked(ActivityRecord.java:586)
06-06 03:15:33.401 W/ActivityManager( 1630): 	at com.android.server.am.ActivityRecord.isInStackLocked(ActivityRecord.java:1327)
06-06 03:15:33.401 W/ActivityManager( 1630): 	at com.android.server.am.ActivityRecord.getStackLocked(ActivityRecord.java:1332)
06-06 03:15:33.401 W/ActivityManager( 1630): 	at com.android.server.am.ActivityManagerService.getActivityStackId(ActivityManagerService.java:9817)
06-06 03:15:33.401 W/ActivityManager( 1630): 	at android.app.ActivityManagerNative.onTransact(ActivityManagerNative.java:2856)
06-06 03:15:33.401 W/ActivityManager( 1630): 	at com.android.server.am.ActivityManagerService.onTransact(ActivityManagerService.java:2757)
06-06 03:15:33.401 W/ActivityManager( 1630): 	at android.os.Binder.execTransact(Binder.java:565)
06-06 03:15:33.406 D/VehicleStatisticsActivity( 2029): Checking recalculation ...
06-06 03:15:33.406 D/VehicleStatisticsActivity( 2029): Recalculating statistics
06-06 03:15:33.406 D/VehicleStatisticsTask( 2029): Calculation starting...
06-06 03:15:33.406 D/VehicleStatisticsActivity( 2029): Recalculation started!
06-06 03:15:33.407 W/ResourceType( 2029): No package identifier when getting value for resource number 0x00000000
06-06 03:15:33.407 D/AndroidRuntime( 2029): Shutting down VM
--------- beginning of crash
06-06 03:15:33.407 E/AndroidRuntime( 2029): FATAL EXCEPTION: main
06-06 03:15:33.407 E/AndroidRuntime( 2029): Process: com.evancharlton.mileage, PID: 2029
06-06 03:15:33.407 E/AndroidRuntime( 2029): java.lang.RuntimeException: Unable to start activity ComponentInfo{com.evancharlton.mileage/com.evancharlton.mileage.VehicleStatisticsActivity}: android.content.res.Resources$NotFoundException: String resource ID #0x0
06-06 03:15:33.407 E/AndroidRuntime( 2029): 	at android.app.ActivityThread.performLaunchActivity(ActivityThread.java:2646)
06-06 03:15:33.407 E/AndroidRuntime( 2029): 	at android.app.ActivityThread.startActivityNow(ActivityThread.java:2446)
06-06 03:15:33.407 E/AndroidRuntime( 2029): 	at android.app.LocalActivityManager.moveToState(LocalActivityManager.java:136)
06-06 03:15:33.407 E/AndroidRuntime( 2029): 	at android.app.LocalActivityManager.startActivity(LocalActivityManager.java:348)
06-06 03:15:33.407 E/AndroidRuntime( 2029): 	at android.widget.TabHost$IntentContentStrategy.getContentView(TabHost.java:724)
06-06 03:15:33.407 E/AndroidRuntime( 2029): 	at android.widget.TabHost.setCurrentTab(TabHost.java:388)
06-06 03:15:33.407 E/AndroidRuntime( 2029): 	at android.widget.TabHost$2.onTabSelectionChanged(TabHost.java:158)
06-06 03:15:33.407 E/AndroidRuntime( 2029): 	at android.widget.TabWidget$TabClickListener.onClick(TabWidget.java:532)
06-06 03:15:33.407 E/AndroidRuntime( 2029): 	at android.view.View.performClick(View.java:5610)
06-06 03:15:33.407 E/AndroidRuntime( 2029): 	at android.view.View$PerformClick.run(View.java:22265)
06-06 03:15:33.407 E/AndroidRuntime( 2029): 	at android.os.Handler.handleCallback(Handler.java:751)
06-06 03:15:33.407 E/AndroidRuntime( 2029): 	at android.os.Handler.dispatchMessage(Handler.java:95)
06-06 03:15:33.407 E/AndroidRuntime( 2029): 	at android.os.Looper.loop(Looper.java:154)
06-06 03:15:33.407 E/AndroidRuntime( 2029): 	at android.app.ActivityThread.main(ActivityThread.java:6077)
06-06 03:15:33.407 E/AndroidRuntime( 2029): 	at java.lang.reflect.Method.invoke(Native Method)
06-06 03:15:33.407 E/AndroidRuntime( 2029): 	at com.android.internal.os.ZygoteInit$MethodAndArgsCaller.run(ZygoteInit.java:866)
06-06 03:15:33.407 E/AndroidRuntime( 2029): 	at com.android.internal.os.ZygoteInit.main(ZygoteInit.java:756)
06-06 03:15:33.407 E/AndroidRuntime( 2029): Caused by: android.content.res.Resources$NotFoundException: String resource ID #0x0
06-06 03:15:33.407 E/AndroidRuntime( 2029): 	at android.content.res.Resources.getText(Resources.java:331)
06-06 03:15:33.407 E/AndroidRuntime( 2029): 	at android.content.res.Resources.getString(Resources.java:377)
06-06 03:15:33.407 E/AndroidRuntime( 2029): 	at android.content.Context.getString(Context.java:476)
06-06 03:15:33.407 E/AndroidRuntime( 2029): 	at com.evancharlton.mileage.adapters.VehicleStatisticsAdapter$StatisticHolder.<init>(VehicleStatisticsAdapter.java:209)
06-06 03:15:33.407 E/AndroidRuntime( 2029): 	at com.evancharlton.mileage.adapters.VehicleStatisticsAdapter.<init>(VehicleStatisticsAdapter.java:48)
06-06 03:15:33.407 E/AndroidRuntime( 2029): 	at com.evancharlton.mileage.VehicleStatisticsActivity.setAdapter(VehicleStatisticsActivity.java:197)
06-06 03:15:33.407 E/AndroidRuntime( 2029): 	at com.evancharlton.mileage.VehicleStatisticsActivity.recalculate(VehicleStatisticsActivity.java:175)
06-06 03:15:33.407 E/AndroidRuntime( 2029): 	at com.evancharlton.mileage.VehicleStatisticsActivity.onCreate(VehicleStatisticsActivity.java:131)
06-06 03:15:33.407 E/AndroidRuntime( 2029): 	at android.app.Activity.performCreate(Activity.java:6662)
06-06 03:15:33.407 E/AndroidRuntime( 2029): 	at android.app.Instrumentation.callActivityOnCreate(Instrumentation.java:1118)
06-06 03:15:33.407 E/AndroidRuntime( 2029): 	at android.app.ActivityThread.performLaunchActivity(ActivityThread.java:2599)
06-06 03:15:33.407 E/AndroidRuntime( 2029): 	... 16 more
06-06 03:15:33.408 I/Process ( 2029): Sending signal. PID: 2029 SIG: 9
06-06 03:15:33.432 V/PhoneStatusBar( 1711): setLightsOn(true)
06-06 03:15:33.461 W/InputDispatcher( 1630): channel '8f18ce9 com.evancharlton.mileage/com.evancharlton.mileage.Mileage (server)' ~ Consumer closed input channel or an error occurred.  events=0x9
06-06 03:15:33.461 E/InputDispatcher( 1630): channel '8f18ce9 com.evancharlton.mileage/com.evancharlton.mileage.Mileage (server)' ~ Channel is unrecoverably broken and will be disposed!
06-06 03:15:33.463 I/WindowManager( 1630): WIN DEATH: Window{8f18ce9 u0 com.evancharlton.mileage/com.evancharlton.mileage.Mileage}
06-06 03:15:33.463 W/InputDispatcher( 1630): Attempted to unregister already unregistered input channel '8f18ce9 com.evancharlton.mileage/com.evancharlton.mileage.Mileage (server)'
06-06 03:15:33.463 I/WindowManager( 1630): Destroying surface Surface(name=com.evancharlton.mileage/com.evancharlton.mileage.Mileage) called by com.android.server.wm.WindowStateAnimator.destroySurface:2016 com.android.server.wm.WindowStateAnimator.destroySurfaceLocked:882 com.android.server.wm.WindowState.removeLocked:1456 com.android.server.wm.WindowManagerService.removeWindowInnerLocked:2484 com.android.server.wm.WindowManagerService.removeWindowLocked:2442 com.android.server.wm.WindowState$DeathRecipient.binderDied:1787 android.os.BinderProxy.sendDeathNotice:688 <bottom of call stack> 
06-06 03:15:33.464 I/ActivityManager( 1630): Process com.evancharlton.mileage (pid 2029) has died
06-06 03:15:33.465 D/ActivityManager( 1630): cleanUpApplicationRecord -- 2029
06-06 03:15:33.465 W/ActivityManager( 1630): Scheduling restart of crashed service com.evancharlton.mileage/.services.AutomaticBackupService in 1000ms
06-06 03:15:33.465 W/ActivityManager( 1630): Force removing ActivityRecord{31d379 u0 com.evancharlton.mileage/.Mileage t12662}: app died, no saved state
06-06 03:15:33.465 V/PhoneStatusBar( 1711): setLightsOn(true)
06-06 03:15:33.473 W/ActivityManager( 1630): Crash of app com.evancharlton.mileage running instrumentation ComponentInfo{com.evancharlton.mileage.test/sh.calaba.instrumentationbackend.CalabashInstrumentationTestRunner}
06-06 03:15:33.473 I/ActivityManager( 1630): Force stopping com.evancharlton.mileage appid=10422 user=0: finished inst
06-06 03:15:33.474 I/ActivityManager( 1630):   Force stopping service ServiceRecord{c86ce1e u0 com.evancharlton.mileage/.services.AutomaticBackupService}
06-06 03:15:33.515 D/EGL_emulation( 1711): eglMakeCurrent: 0xa7985720: ver 2 0 (tinfo 0xa7983770)
06-06 03:15:33.516 D/EGL_emulation( 2078): eglMakeCurrent: 0x9852d440: ver 2 0 (tinfo 0xa3d30310)
06-06 03:15:33.530 D/EGL_emulation( 1711): eglMakeCurrent: 0xa7985720: ver 2 0 (tinfo 0xa7983770)
06-06 03:15:33.534 D/EGL_emulation( 1711): eglMakeCurrent: 0xa7985720: ver 2 0 (tinfo 0xa7983770)
06-06 03:15:33.547 D/EGL_emulation( 1711): eglMakeCurrent: 0xa7985720: ver 2 0 (tinfo 0xa7983770)
06-06 03:15:33.548 D/EGL_emulation( 1711): eglMakeCurrent: 0xa7985720: ver 2 0 (tinfo 0xa7983770)
06-06 03:15:33.564 D/EGL_emulation( 1711): eglMakeCurrent: 0xa7985720: ver 2 0 (tinfo 0xa7983770)
06-06 03:15:33.565 D/EGL_emulation( 1711): eglMakeCurrent: 0xa7985720: ver 2 0 (tinfo 0xa7983770)
06-06 03:15:33.580 E/SurfaceFlinger( 1347): ro.sf.lcd_density must be defined as a build property
06-06 03:15:33.580 D/EGL_emulation( 1711): eglMakeCurrent: 0xa7985720: ver 2 0 (tinfo 0xa7983770)
06-06 03:15:33.581 D/gralloc_ranchu( 1347): gralloc_alloc: Creating ashmem region of size 9592832
06-06 03:15:33.585 D/EGL_emulation( 1711): eglMakeCurrent: 0xa7985720: ver 2 0 (tinfo 0xa7983770)
06-06 03:15:33.585 D/        ( 2113): HostConnection::get() New Host Connection established 0xb411b2c0, tid 2113
06-06 03:15:33.588 E/EGL_emulation( 1347): tid 1347: eglCreateSyncKHR(1901): error 0x3004 (EGL_BAD_ATTRIBUTE)
06-06 03:15:33.612 D/EGL_emulation( 1711): eglMakeCurrent: 0xa7985720: ver 2 0 (tinfo 0xa7983770)
06-06 03:15:33.616 D/EGL_emulation( 1711): eglMakeCurrent: 0xa7985720: ver 2 0 (tinfo 0xa7983770)
06-06 03:15:33.617 D/EGL_emulation( 1711): eglMakeCurrent: 0xa7985720: ver 2 0 (tinfo 0xa7983770)
06-06 03:15:33.630 D/EGL_emulation( 1711): eglMakeCurrent: 0xa7985720: ver 2 0 (tinfo 0xa7983770)
06-06 03:15:33.632 D/EGL_emulation( 1711): eglMakeCurrent: 0xa7985720: ver 2 0 (tinfo 0xa7983770)
06-06 03:15:33.647 D/EGL_emulation( 1711): eglMakeCurrent: 0xa7985720: ver 2 0 (tinfo 0xa7983770)
06-06 03:15:33.649 D/EGL_emulation( 1711): eglMakeCurrent: 0xa7985720: ver 2 0 (tinfo 0xa7983770)
06-06 03:15:33.663 D/EGL_emulation( 1711): eglMakeCurrent: 0xa7985720: ver 2 0 (tinfo 0xa7983770)
06-06 03:15:33.676 D/EGL_emulation( 1711): eglMakeCurrent: 0xa7985720: ver 2 0 (tinfo 0xa7983770)
06-06 03:15:33.680 D/EGL_emulation( 1711): eglMakeCurrent: 0xa7985720: ver 2 0 (tinfo 0xa7983770)
06-06 03:15:33.697 D/EGL_emulation( 1711): eglMakeCurrent: 0xa7985720: ver 2 0 (tinfo 0xa7983770)
06-06 03:15:33.700 D/EGL_emulation( 1711): eglMakeCurrent: 0xa7985720: ver 2 0 (tinfo 0xa7983770)
06-06 03:15:33.714 D/EGL_emulation( 1711): eglMakeCurrent: 0xa7985720: ver 2 0 (tinfo 0xa7983770)
