--------- beginning of system
06-06 17:45:39.504 W/ActivityManager( 1631): Finishing task with all activities already finished
06-06 17:45:39.504 W/ActivityManager( 1631): Duplicate finish request for ActivityRecord{a1cae16 u0 com.evancharlton.mileage/.Mileage t24718 f}
--------- beginning of main
06-06 17:45:39.514 V/PhoneStatusBar( 1713): setLightsOn(true)
06-06 17:45:39.517 D/gralloc_ranchu( 1348): gralloc_alloc: Creating ashmem region of size 3145728
06-06 17:45:39.523 E/EGL_emulation( 1348): tid 1348: eglCreateSyncKHR(1901): error 0x3004 (EGL_BAD_ATTRIBUTE)
06-06 17:45:39.536 W/ActivityManager( 1631): Finishing task with all activities already finished
06-06 17:45:39.536 W/ActivityManager( 1631): Duplicate finish request for ActivityRecord{a1cae16 u0 com.evancharlton.mileage/.Mileage t24718 f}
06-06 17:45:39.537 W/ActivityManager( 1631): Finishing task with all activities already finished
06-06 17:45:39.537 W/ActivityManager( 1631): Duplicate finish request for ActivityRecord{a1cae16 u0 com.evancharlton.mileage/.Mileage t24718 f}
06-06 17:45:39.537 W/ActivityManager( 1631): Finishing task with all activities already finished
06-06 17:45:39.537 W/ActivityManager( 1631): Duplicate finish request for ActivityRecord{a1cae16 u0 com.evancharlton.mileage/.Mileage t24718 f}
06-06 17:45:39.537 W/ActivityManager( 1631): Finishing task with all activities already finished
06-06 17:45:39.537 W/ActivityManager( 1631): Duplicate finish request for ActivityRecord{a1cae16 u0 com.evancharlton.mileage/.Mileage t24718 f}
06-06 17:45:39.537 W/ActivityManager( 1631): Finishing task with all activities already finished
06-06 17:45:39.537 W/ActivityManager( 1631): Duplicate finish request for ActivityRecord{29d2050 u0 com.evancharlton.mileage/.charts.EastChart t24718 f}
06-06 17:45:39.537 W/ActivityManager( 1631): Finishing task with all activities already finished
06-06 17:45:39.537 W/ActivityManager( 1631): Duplicate finish request for ActivityRecord{29d2050 u0 com.evancharlton.mileage/.charts.EastChart t24718 f}
06-06 17:45:39.537 W/ActivityManager( 1631): Finishing task with all activities already finished
06-06 17:45:39.537 W/ActivityManager( 1631): Duplicate finish request for ActivityRecord{a1cae16 u0 com.evancharlton.mileage/.Mileage t24718 f}
06-06 17:45:39.538 W/ActivityManager( 1631): Finishing task with all activities already finished
06-06 17:45:39.538 W/ActivityManager( 1631): Duplicate finish request for ActivityRecord{a1cae16 u0 com.evancharlton.mileage/.Mileage t24718 f}
06-06 17:45:39.538 I/WindowManager( 1631): Destroying surface Surface(name=com.evancharlton.mileage/com.evancharlton.mileage.charts.EastChart) called by com.android.server.wm.WindowStateAnimator.destroySurface:2016 com.android.server.wm.WindowStateAnimator.destroySurfaceLocked:882 com.android.server.wm.WindowState.removeLocked:1456 com.android.server.wm.WindowManagerService.removeWindowInnerLocked:2484 com.android.server.wm.WindowManagerService.removeWindowLocked:2442 com.android.server.wm.WindowManagerService.removeWindowLocked:2311 com.android.server.wm.WindowManagerService.removeWindow:2306 com.android.server.wm.Session.remove:202 
06-06 17:45:39.583 D/EGL_emulation( 2106): eglMakeCurrent: 0xa6a85300: ver 2 0 (tinfo 0xa6a83220)
06-06 17:45:39.598 D/EGL_emulation( 1713): eglMakeCurrent: 0xa6a85780: ver 2 0 (tinfo 0xa6a83640)
06-06 17:45:39.600 D/EGL_emulation( 1713): eglMakeCurrent: 0xa6a85780: ver 2 0 (tinfo 0xa6a83640)
06-06 17:45:39.631 D/EGL_emulation( 1713): eglMakeCurrent: 0xa6a85780: ver 2 0 (tinfo 0xa6a83640)
06-06 17:45:39.633 D/EGL_emulation( 1713): eglMakeCurrent: 0xa6a85780: ver 2 0 (tinfo 0xa6a83640)
06-06 17:45:39.648 D/EGL_emulation( 1713): eglMakeCurrent: 0xa6a85780: ver 2 0 (tinfo 0xa6a83640)
06-06 17:45:39.649 D/EGL_emulation( 1713): eglMakeCurrent: 0xa6a85780: ver 2 0 (tinfo 0xa6a83640)
06-06 17:45:39.665 D/EGL_emulation( 1713): eglMakeCurrent: 0xa6a85780: ver 2 0 (tinfo 0xa6a83640)
06-06 17:45:39.666 D/EGL_emulation( 1713): eglMakeCurrent: 0xa6a85780: ver 2 0 (tinfo 0xa6a83640)
06-06 17:45:39.668 D/AndroidRuntime(17378): >>>>>> START com.android.internal.os.RuntimeInit uid 2000 <<<<<<
06-06 17:45:39.668 D/AndroidRuntime(17378): CheckJNI is ON
06-06 17:45:39.679 W/art     (17378): Unexpected CPU variant for X86 using defaults: x86
06-06 17:45:39.681 D/ICU     (17378): No timezone override file found: /data/misc/zoneinfo/current/icu/icu_tzdata.dat
06-06 17:45:39.681 D/EGL_emulation( 1713): eglMakeCurrent: 0xa6a85780: ver 2 0 (tinfo 0xa6a83640)
06-06 17:45:39.683 D/EGL_emulation( 1713): eglMakeCurrent: 0xa6a85780: ver 2 0 (tinfo 0xa6a83640)
06-06 17:45:39.688 E/memtrack(17378): Couldn't load memtrack module (No such file or directory)
06-06 17:45:39.688 E/android.os.Debug(17378): failed to load memtrack module: -2
06-06 17:45:39.689 I/Radio-JNI(17378): register_android_hardware_Radio DONE
06-06 17:45:39.692 D/AndroidRuntime(17378): Calling main entry com.android.commands.am.Am
06-06 17:45:39.694 I/ActivityManager( 1631): Force stopping com.evancharlton.mileage appid=10728 user=0: start instr
06-06 17:45:39.694 I/ActivityManager( 1631): Killing 17327:com.evancharlton.mileage/u0a728 (adj 0): stop com.evancharlton.mileage
06-06 17:45:39.694 D/ActivityManager( 1631): cleanUpApplicationRecord -- 17327
06-06 17:45:39.694 W/ActivityManager( 1631): Crash of app com.evancharlton.mileage running instrumentation ComponentInfo{com.evancharlton.mileage.test/sh.calaba.instrumentationbackend.CalabashInstrumentationTestRunner}
06-06 17:45:39.694 I/ActivityManager( 1631): Force stopping com.evancharlton.mileage appid=10728 user=0: finished inst
06-06 17:45:39.696 I/art     (17388): Not late-enabling -Xcheck:jni (already on)
06-06 17:45:39.697 W/art     (17388): Unexpected CPU variant for X86 using defaults: x86
06-06 17:45:39.698 D/EGL_emulation( 1713): eglMakeCurrent: 0xa6a85780: ver 2 0 (tinfo 0xa6a83640)
06-06 17:45:39.699 D/EGL_emulation( 1713): eglMakeCurrent: 0xa6a85780: ver 2 0 (tinfo 0xa6a83640)
06-06 17:45:39.705 I/ActivityManager( 1631): Start proc 17388:com.evancharlton.mileage/u0a728 for added application com.evancharlton.mileage
06-06 17:45:39.705 D/AndroidRuntime(17378): Shutting down VM
06-06 17:45:39.709 W/System  (17388): ClassLoader referenced unknown path: /data/app/com.evancharlton.mileage.test-1/lib/x86
06-06 17:45:39.709 W/System  (17388): ClassLoader referenced unknown path: /data/app/com.evancharlton.mileage-1/lib/x86
06-06 17:45:39.711 W/System  (17388): ClassLoader referenced unknown path: 
06-06 17:45:39.715 D/EGL_emulation( 1713): eglMakeCurrent: 0xa6a85780: ver 2 0 (tinfo 0xa6a83640)
06-06 17:45:39.716 I/System.out(17388): Main activity name automatically set to: com.evancharlton.mileage.Mileage
06-06 17:45:39.716 I/System.out(17388): Calabash did not load Mono. This is only a problem if you are trying to test a Mono application
06-06 17:45:39.716 I/calabash(17388): Test server port: 7102
06-06 17:45:39.716 D/EGL_emulation( 1713): eglMakeCurrent: 0xa6a85780: ver 2 0 (tinfo 0xa6a83640)
06-06 17:45:39.717 I/InstrumentationBackend(17388): Added:'GetPreferences', with key:'get_preferences'
06-06 17:45:39.721 I/InstrumentationBackend(17388): Added:'SetPreferences', with key:'set_preferences'
06-06 17:45:39.721 I/InstrumentationBackend(17388): Added:'ClearPreferences', with key:'clear_preferences'
06-06 17:45:39.721 I/InstrumentationBackend(17388): Added:'PressElement', with key:'press_l10n_element'
06-06 17:45:39.721 I/InstrumentationBackend(17388): Added:'WaitForElement', with key:'wait_for_l10n_element'
06-06 17:45:39.721 I/InstrumentationBackend(17388): Added:'NullAction', with key:'nullAction'
06-06 17:45:39.721 I/InstrumentationBackend(17388): Added:'PressKey', with key:'press_key'
06-06 17:45:39.722 I/InstrumentationBackend(17388): Added:'SetActivityOrientation', with key:'set_activity_orientation'
06-06 17:45:39.722 I/InstrumentationBackend(17388): Added:'GetActivityOrientation', with key:'get_activity_orientation'
06-06 17:45:39.722 I/InstrumentationBackend(17388): Added:'FakeGPSLocation', with key:'set_gps_coordinates'
06-06 17:45:39.722 I/InstrumentationBackend(17388): Added:'SetPropertyByCssSelector', with key:'set_property_by_css_selector'
06-06 17:45:39.722 I/InstrumentationBackend(17388): Added:'GetUrl', with key:'get_url'
06-06 17:45:39.722 I/InstrumentationBackend(17388): Added:'ScrollTo', with key:'scroll_to'
06-06 17:45:39.722 I/InstrumentationBackend(17388): Added:'GetLoadProgress', with key:'get_load_progress'
06-06 17:45:39.722 I/InstrumentationBackend(17388): Added:'DumpHtml', with key:'dump_html'
06-06 17:45:39.722 I/InstrumentationBackend(17388): Added:'DumpBodyHtml', with key:'dump_body_html'
06-06 17:45:39.722 I/InstrumentationBackend(17388): Added:'EnterTextByCssSelector', with key:'enter_text_by_selector'
06-06 17:45:39.722 I/InstrumentationBackend(17388): Added:'AndroidSDKVersion', with key:'android_sdk_version'
06-06 17:45:39.722 I/InstrumentationBackend(17388): Added:'Version', with key:'version'
06-06 17:45:39.722 I/InstrumentationBackend(17388): Added:'Drag', with key:'drag'
06-06 17:45:39.722 I/InstrumentationBackend(17388): Added:'TouchCoordinates', with key:'touch_coordinate'
06-06 17:45:39.722 I/InstrumentationBackend(17388): Added:'LongPressCoordinate', with key:'long_press_coordinate'
06-06 17:45:39.722 I/InstrumentationBackend(17388): Added:'DragCoordinates', with key:'drag_coordinates'
06-06 17:45:39.722 I/InstrumentationBackend(17388): Added:'ResumeApplication', with key:'resume_application'
06-06 17:45:39.722 I/InstrumentationBackend(17388): Added:'Swipe', with key:'swipe'
06-06 17:45:39.723 I/InstrumentationBackend(17388): Added:'DoubleTapCoordinate', with key:'double_tap_coordinate'
06-06 17:45:39.723 I/InstrumentationBackend(17388): Added:'ClickOnScreen', with key:'click_on_screen'
06-06 17:45:39.723 I/InstrumentationBackend(17388): Added:'GetActivityName', with key:'get_activity_name'
06-06 17:45:39.723 I/InstrumentationBackend(17388): Added:'ScrollToView', with key:'scroll_to_view'
06-06 17:45:39.723 I/InstrumentationBackend(17388): Added:'ViewConfiguration', with key:'view_configuration'
06-06 17:45:39.723 I/InstrumentationBackend(17388): Added:'IsCurrentActivityFocused', with key:'is_current_activity_focused'
06-06 17:45:39.723 I/InstrumentationBackend(17388): Added:'SendTcp', with key:'send_tcp'
06-06 17:45:39.723 I/InstrumentationBackend(17388): Added:'DpToDevicePixel', with key:'dp_to_device_pixel'
06-06 17:45:39.723 I/InstrumentationBackend(17388): Added:'KeyboardEnterText', with key:'keyboard_enter_text'
06-06 17:45:39.723 I/InstrumentationBackend(17388): Added:'DeleteSurroundingText', with key:'delete_surrounding_text'
06-06 17:45:39.723 I/InstrumentationBackend(17388): Added:'SetComposingRegion', with key:'set_composing_region'
06-06 17:45:39.723 I/InstrumentationBackend(17388): Added:'SetSelection', with key:'set_selection'
06-06 17:45:39.723 I/InstrumentationBackend(17388): Added:'KeyboardKeyEvent', with key:'keyboard_key_event'
06-06 17:45:39.723 I/InstrumentationBackend(17388): Added:'PressUserActionButton', with key:'press_user_action_button'
06-06 17:45:39.723 I/InstrumentationBackend(17388): Added:'HideSoftKeyboard', with key:'hide_soft_keyboard'
06-06 17:45:39.723 I/InstrumentationBackend(17388): Added:'ListActions', with key:'list_actions'
06-06 17:45:39.723 I/calabash(17388): Instantiating http server at 7102
06-06 17:45:39.723 I/System.out(17388): HTTP Daemon listening on: 7102
06-06 17:45:39.731 D/EGL_emulation( 1713): eglMakeCurrent: 0xa6a85780: ver 2 0 (tinfo 0xa6a83640)
06-06 17:45:39.733 D/EGL_emulation( 1713): eglMakeCurrent: 0xa6a85780: ver 2 0 (tinfo 0xa6a83640)
06-06 17:45:39.738 I/WindowManager( 1631): WIN DEATH: Window{e6980d9 u0 com.evancharlton.mileage/com.evancharlton.mileage.Mileage EXITING}
06-06 17:45:39.749 D/EGL_emulation( 1713): eglMakeCurrent: 0xa6a85780: ver 2 0 (tinfo 0xa6a83640)
06-06 17:45:39.753 D/EGL_emulation( 1713): eglMakeCurrent: 0xa6a85780: ver 2 0 (tinfo 0xa6a83640)
06-06 17:45:39.765 D/EGL_emulation( 1713): eglMakeCurrent: 0xa6a85780: ver 2 0 (tinfo 0xa6a83640)
06-06 17:45:39.766 D/EGL_emulation( 1713): eglMakeCurrent: 0xa6a85780: ver 2 0 (tinfo 0xa6a83640)
06-06 17:45:39.781 D/EGL_emulation( 1713): eglMakeCurrent: 0xa6a85780: ver 2 0 (tinfo 0xa6a83640)
06-06 17:45:39.798 D/EGL_emulation( 1713): eglMakeCurrent: 0xa6a85780: ver 2 0 (tinfo 0xa6a83640)
06-06 17:45:39.799 D/EGL_emulation( 1713): eglMakeCurrent: 0xa6a85780: ver 2 0 (tinfo 0xa6a83640)
06-06 17:45:39.815 I/System.out(17388): URI: //ping
06-06 17:45:39.815 I/System.out(17388): params: {json={}
06-06 17:45:39.815 I/System.out(17388): }
06-06 17:45:39.815 D/EGL_emulation( 1713): eglMakeCurrent: 0xa6a85780: ver 2 0 (tinfo 0xa6a83640)
06-06 17:45:39.816 D/EGL_emulation( 1713): eglMakeCurrent: 0xa6a85780: ver 2 0 (tinfo 0xa6a83640)
06-06 17:45:39.817 I/System.out(17388): URI: //ping
06-06 17:45:39.817 I/System.out(17388): params: {json={}
06-06 17:45:39.817 I/System.out(17388): }
06-06 17:45:39.818 I/System.out(17388): URI: //ready
06-06 17:45:39.818 I/System.out(17388): params: {json={}
06-06 17:45:39.818 I/System.out(17388): }
06-06 17:45:39.820 I/System.out(17388): URI: //
06-06 17:45:39.820 I/System.out(17388): params: {json={"command":"version","arguments":[]}
06-06 17:45:39.820 I/System.out(17388): }
06-06 17:45:39.820 I/System.out(17388): header: {content-type=application/json;charset=utf-8, date=Sat, 06 Jun 2020 22:45:40 GMT, accept=*/*, host=127.0.0.1:34784, content-length=36, user-agent=HTTPClient/1.0 (2.8.3, ruby 2.5.1 (2018-03-29))}
06-06 17:45:39.820 I/System.out(17388): params: {json={"command":"version","arguments":[]}
06-06 17:45:39.820 I/System.out(17388): }
06-06 17:45:39.820 I/System.out(17388): ProP json = {"command":"version","arguments":[]}
06-06 17:45:39.820 I/System.out(17388): files: {}
06-06 17:45:39.820 I/System.out(17388): command: {"command":"version","arguments":[]}
06-06 17:45:39.823 I/InstrumentationBackend(17388): Got command:'Command:'Line:null,version', arguments:'[]'
06-06 17:45:39.828 I/System.out(17388): result:{"bonusInformation":[],"message":"0.9.8","success":true}
06-06 17:45:39.832 D/EGL_emulation( 1713): eglMakeCurrent: 0xa6a85780: ver 2 0 (tinfo 0xa6a83640)
06-06 17:45:39.836 I/System.out(17388): URI: //start-application
06-06 17:45:39.836 I/System.out(17388): params: {json={"intent":null}
06-06 17:45:39.836 I/System.out(17388): }
06-06 17:45:39.844 I/ActivityManager( 1631): START u0 {act=android.intent.action.MAIN cat=[android.intent.category.LAUNCHER] flg=0x10200000 cmp=com.evancharlton.mileage/.Mileage} from uid 10728 on display 0
06-06 17:45:39.852 I/calabash(17388): newActivity1
06-06 17:45:39.861 I/calabash(17388): newActivity1
06-06 17:45:39.862 W/ActivityManager( 1631): Bad activity token: android.os.BinderProxy@d40aee5
06-06 17:45:39.862 W/ActivityManager( 1631): java.lang.ClassCastException: android.os.BinderProxy cannot be cast to com.android.server.am.ActivityRecord$Token
06-06 17:45:39.862 W/ActivityManager( 1631): 	at com.android.server.am.ActivityRecord.forTokenLocked(ActivityRecord.java:586)
06-06 17:45:39.862 W/ActivityManager( 1631): 	at com.android.server.am.ActivityRecord.isInStackLocked(ActivityRecord.java:1327)
06-06 17:45:39.862 W/ActivityManager( 1631): 	at com.android.server.am.ActivityRecord.getStackLocked(ActivityRecord.java:1332)
06-06 17:45:39.862 W/ActivityManager( 1631): 	at com.android.server.am.ActivityManagerService.getActivityDisplayId(ActivityManagerService.java:9806)
06-06 17:45:39.862 W/ActivityManager( 1631): 	at android.app.ActivityManagerNative.onTransact(ActivityManagerNative.java:2566)
06-06 17:45:39.862 W/ActivityManager( 1631): 	at com.android.server.am.ActivityManagerService.onTransact(ActivityManagerService.java:2757)
06-06 17:45:39.862 W/ActivityManager( 1631): 	at android.os.Binder.execTransact(Binder.java:565)
06-06 17:45:39.863 W/ActivityManager( 1631): Bad activity token: android.os.BinderProxy@d40aee5
06-06 17:45:39.863 W/ActivityManager( 1631): java.lang.ClassCastException: android.os.BinderProxy cannot be cast to com.android.server.am.ActivityRecord$Token
06-06 17:45:39.863 W/ActivityManager( 1631): 	at com.android.server.am.ActivityRecord.forTokenLocked(ActivityRecord.java:586)
06-06 17:45:39.863 W/ActivityManager( 1631): 	at com.android.server.am.ActivityRecord.isInStackLocked(ActivityRecord.java:1327)
06-06 17:45:39.863 W/ActivityManager( 1631): 	at com.android.server.am.ActivityManagerService.setTaskDescription(ActivityManagerService.java:9358)
06-06 17:45:39.863 W/ActivityManager( 1631): 	at android.app.ActivityManagerNative.onTransact(ActivityManagerNative.java:2639)
06-06 17:45:39.863 W/ActivityManager( 1631): 	at com.android.server.am.ActivityManagerService.onTransact(ActivityManagerService.java:2757)
06-06 17:45:39.863 W/ActivityManager( 1631): 	at android.os.Binder.execTransact(Binder.java:565)
06-06 17:45:39.863 W/ActivityManager( 1631): Bad activity token: android.os.BinderProxy@d40aee5
06-06 17:45:39.863 W/ActivityManager( 1631): java.lang.ClassCastException: android.os.BinderProxy cannot be cast to com.android.server.am.ActivityRecord$Token
06-06 17:45:39.863 W/ActivityManager( 1631): 	at com.android.server.am.ActivityRecord.forTokenLocked(ActivityRecord.java:586)
06-06 17:45:39.863 W/ActivityManager( 1631): 	at com.android.server.am.ActivityRecord.isInStackLocked(ActivityRecord.java:1327)
06-06 17:45:39.863 W/ActivityManager( 1631): 	at com.android.server.am.ActivityRecord.getStackLocked(ActivityRecord.java:1332)
06-06 17:45:39.863 W/ActivityManager( 1631): 	at com.android.server.am.ActivityManagerService.getActivityStackId(ActivityManagerService.java:9817)
06-06 17:45:39.863 W/ActivityManager( 1631): 	at android.app.ActivityManagerNative.onTransact(ActivityManagerNative.java:2856)
06-06 17:45:39.863 W/ActivityManager( 1631): 	at com.android.server.am.ActivityManagerService.onTransact(ActivityManagerService.java:2757)
06-06 17:45:39.863 W/ActivityManager( 1631): 	at android.os.Binder.execTransact(Binder.java:565)
06-06 17:45:39.865 D/gralloc_ranchu( 1348): gralloc_alloc: Creating ashmem region of size 9023488
06-06 17:45:39.884 W/ActivityManager( 1631): Bad activity token: android.os.BinderProxy@d40aee5
06-06 17:45:39.884 W/ActivityManager( 1631): java.lang.ClassCastException: android.os.BinderProxy cannot be cast to com.android.server.am.ActivityRecord$Token
06-06 17:45:39.884 W/ActivityManager( 1631): 	at com.android.server.am.ActivityRecord.forTokenLocked(ActivityRecord.java:586)
06-06 17:45:39.884 W/ActivityManager( 1631): 	at com.android.server.am.ActivityRecord.isInStackLocked(ActivityRecord.java:1327)
06-06 17:45:39.884 W/ActivityManager( 1631): 	at com.android.server.am.ActivityManagerService.getActivityOptions(ActivityManagerService.java:12559)
06-06 17:45:39.884 W/ActivityManager( 1631): 	at android.app.ActivityManagerNative.onTransact(ActivityManagerNative.java:1933)
06-06 17:45:39.884 W/ActivityManager( 1631): 	at com.android.server.am.ActivityManagerService.onTransact(ActivityManagerService.java:2757)
06-06 17:45:39.884 W/ActivityManager( 1631): 	at android.os.Binder.execTransact(Binder.java:565)
06-06 17:45:39.884 W/ActivityManager( 1631): Bad activity token: android.os.BinderProxy@d40aee5
06-06 17:45:39.884 W/ActivityManager( 1631): java.lang.ClassCastException: android.os.BinderProxy cannot be cast to com.android.server.am.ActivityRecord$Token
06-06 17:45:39.884 W/ActivityManager( 1631): 	at com.android.server.am.ActivityRecord.forTokenLocked(ActivityRecord.java:586)
06-06 17:45:39.884 W/ActivityManager( 1631): 	at com.android.server.am.ActivityRecord.isInStackLocked(ActivityRecord.java:1327)
06-06 17:45:39.884 W/ActivityManager( 1631): 	at com.android.server.am.ActivityManagerService.getActivityOptions(ActivityManagerService.java:12559)
06-06 17:45:39.884 W/ActivityManager( 1631): 	at android.app.ActivityManagerNative.onTransact(ActivityManagerNative.java:1933)
06-06 17:45:39.884 W/ActivityManager( 1631): 	at com.android.server.am.ActivityManagerService.onTransact(ActivityManagerService.java:2757)
06-06 17:45:39.884 W/ActivityManager( 1631): 	at android.os.Binder.execTransact(Binder.java:565)
06-06 17:45:39.906 V/PhoneStatusBar( 1713): setLightsOn(true)
06-06 17:45:39.915 D/gralloc_ranchu( 1348): gralloc_alloc: Creating ashmem region of size 9023488
06-06 17:45:39.922 D/EGL_emulation( 2106): eglMakeCurrent: 0xa6a85300: ver 2 0 (tinfo 0xa6a83220)
06-06 17:45:39.923 D/EGL_emulation( 1713): eglMakeCurrent: 0xa6a85780: ver 2 0 (tinfo 0xa6a83640)
06-06 17:45:39.923 D/        (17388): HostConnection::get() New Host Connection established 0x954bd6c0, tid 17388
06-06 17:45:39.965 D/EGL_emulation( 1713): eglMakeCurrent: 0xa6a85780: ver 2 0 (tinfo 0xa6a83640)
06-06 17:45:39.967 D/EGL_emulation( 1713): eglMakeCurrent: 0xa6a85780: ver 2 0 (tinfo 0xa6a83640)
06-06 17:45:39.968 V/PhoneStatusBar( 1713): setLightsOn(true)
06-06 17:45:39.969 D/EGL_emulation( 1713): eglMakeCurrent: 0xa6a85780: ver 2 0 (tinfo 0xa6a83640)
06-06 17:45:39.981 D/EGL_emulation( 1713): eglMakeCurrent: 0xa6a85780: ver 2 0 (tinfo 0xa6a83640)
06-06 17:45:39.984 D/EGL_emulation( 1713): eglMakeCurrent: 0xa6a85780: ver 2 0 (tinfo 0xa6a83640)
06-06 17:45:40.001 D/EGL_emulation( 1713): eglMakeCurrent: 0xa6a85780: ver 2 0 (tinfo 0xa6a83640)
06-06 17:45:40.003 D/EGL_emulation( 1713): eglMakeCurrent: 0xa6a85780: ver 2 0 (tinfo 0xa6a83640)
06-06 17:45:40.015 D/EGL_emulation( 1713): eglMakeCurrent: 0xa6a85780: ver 2 0 (tinfo 0xa6a83640)
06-06 17:45:40.017 D/gralloc_ranchu( 1348): gralloc_alloc: Creating ashmem region of size 9023488
06-06 17:45:40.019 I/WindowManager( 1631): Destroying surface Surface(name=com.evancharlton.mileage/com.evancharlton.mileage.Mileage) called by com.android.server.wm.WindowStateAnimator.destroySurface:2016 com.android.server.wm.WindowStateAnimator.destroySurfaceLocked:882 com.android.server.wm.WindowState.removeLocked:1456 com.android.server.wm.WindowManagerService.removeWindowInnerLocked:2484 com.android.server.wm.AppWindowToken.destroySurfaces:365 com.android.server.wm.WindowStateAnimator.finishExit:565 com.android.server.wm.AppWindowAnimator.stepAnimationLocked:427 com.android.server.wm.WindowAnimator.updateAppWindowsLocked:196 
06-06 17:45:40.030 D/EGL_emulation( 1713): eglMakeCurrent: 0xa6a85780: ver 2 0 (tinfo 0xa6a83640)
06-06 17:45:40.045 I/ActivityManager( 1631): Displayed com.evancharlton.mileage/.Mileage: +198ms
06-06 17:45:40.045 D/EGL_emulation( 1713): eglMakeCurrent: 0xa6a85780: ver 2 0 (tinfo 0xa6a83640)
06-06 17:45:40.055 D/EGL_emulation( 1713): eglMakeCurrent: 0xa6a85780: ver 2 0 (tinfo 0xa6a83640)
06-06 17:45:40.058 D/EGL_emulation( 1713): eglMakeCurrent: 0xa6a85780: ver 2 0 (tinfo 0xa6a83640)
06-06 17:45:40.059 D/EGL_emulation( 1713): eglMakeCurrent: 0xa6a85780: ver 2 0 (tinfo 0xa6a83640)
06-06 17:45:40.065 D/EGL_emulation( 1713): eglMakeCurrent: 0xa6a85780: ver 2 0 (tinfo 0xa6a83640)
06-06 17:45:40.071 D/EGL_emulation( 1713): eglMakeCurrent: 0xa6a85780: ver 2 0 (tinfo 0xa6a83640)
06-06 17:45:40.082 D/EGL_emulation( 1713): eglMakeCurrent: 0xa6a85780: ver 2 0 (tinfo 0xa6a83640)
06-06 17:45:40.082 V/PhoneStatusBar( 1713): setLightsOn(true)
06-06 17:45:40.083 D/EGL_emulation( 1713): eglMakeCurrent: 0xa6a85780: ver 2 0 (tinfo 0xa6a83640)
06-06 17:45:40.090 I/System.out(17388): URI: //map
06-06 17:45:40.090 I/System.out(17388): params: {json={"query":"* marked:'Statistics'","operation":{"method_name":"query","arguments":[]}}
06-06 17:45:40.090 I/System.out(17388): }
06-06 17:45:40.098 D/EGL_emulation( 1713): eglMakeCurrent: 0xa6a85780: ver 2 0 (tinfo 0xa6a83640)
06-06 17:45:40.102 D/EGL_emulation( 1713): eglMakeCurrent: 0xa6a85780: ver 2 0 (tinfo 0xa6a83640)
06-06 17:45:40.107 W/ResourceType(17388): No package identifier when getting name for resource number 0x00000001
06-06 17:45:40.115 D/EGL_emulation( 1713): eglMakeCurrent: 0xa6a85780: ver 2 0 (tinfo 0xa6a83640)
06-06 17:45:40.116 D/EGL_emulation( 1713): eglMakeCurrent: 0xa6a85780: ver 2 0 (tinfo 0xa6a83640)
06-06 17:45:40.121 I/System.out(17388): URI: //gesture
06-06 17:45:40.121 I/System.out(17388): params: {json={"query_timeout":5.0,"gestures":[{"query_string":"* marked:'Statistics'","touches":[{"x":50,"y":50,"offset_x":0,"offset_y":0,"wait":0.0,"time":0.2,"release":true,"query_string":null}]}]}
06-06 17:45:40.121 I/System.out(17388): }
06-06 17:45:40.126 W/ResourceType(17388): No package identifier when getting name for resource number 0x00000001
06-06 17:45:40.131 D/EGL_emulation( 1713): eglMakeCurrent: 0xa6a85780: ver 2 0 (tinfo 0xa6a83640)
06-06 17:45:40.138 D/EGL_emulation( 1713): eglMakeCurrent: 0xa6a85780: ver 2 0 (tinfo 0xa6a83640)
06-06 17:45:40.231 I/WindowManager( 1631): Destroying surface Surface(name=Starting com.evancharlton.mileage) called by com.android.server.wm.WindowStateAnimator.destroySurface:2016 com.android.server.wm.WindowStateAnimator.destroySurfaceLocked:882 com.android.server.wm.WindowState.destroyOrSaveSurface:2100 com.android.server.wm.AppWindowToken.destroySurfaces:363 com.android.server.wm.WindowStateAnimator.finishExit:565 com.android.server.wm.WindowStateAnimator.stepAnimationLocked:491 com.android.server.wm.WindowAnimator.updateWindowsLocked:303 com.android.server.wm.WindowAnimator.animateLocked:704 
06-06 17:45:40.233 V/PhoneStatusBar( 1713): setLightsOn(true)
06-06 17:45:40.248 V/PhoneStatusBar( 1713): setLightsOn(true)
06-06 17:45:40.350 I/calabash(17388): newActivity1
06-06 17:45:40.360 I/System.out(17388): URI: //map
06-06 17:45:40.360 I/System.out(17388): params: {json={"query":"android.widget.ScrollView index:0","operation":{"method_name":"query","arguments":[]}}
06-06 17:45:40.360 I/System.out(17388): }
06-06 17:45:40.363 W/ActivityManager( 1631): Bad activity token: android.os.BinderProxy@d039537
06-06 17:45:40.363 W/ActivityManager( 1631): java.lang.ClassCastException: android.os.BinderProxy cannot be cast to com.android.server.am.ActivityRecord$Token
06-06 17:45:40.363 W/ActivityManager( 1631): 	at com.android.server.am.ActivityRecord.forTokenLocked(ActivityRecord.java:586)
06-06 17:45:40.363 W/ActivityManager( 1631): 	at com.android.server.am.ActivityRecord.isInStackLocked(ActivityRecord.java:1327)
06-06 17:45:40.363 W/ActivityManager( 1631): 	at com.android.server.am.ActivityRecord.getStackLocked(ActivityRecord.java:1332)
06-06 17:45:40.363 W/ActivityManager( 1631): 	at com.android.server.am.ActivityManagerService.getActivityDisplayId(ActivityManagerService.java:9806)
06-06 17:45:40.363 W/ActivityManager( 1631): 	at android.app.ActivityManagerNative.onTransact(ActivityManagerNative.java:2566)
06-06 17:45:40.363 W/ActivityManager( 1631): 	at com.android.server.am.ActivityManagerService.onTransact(ActivityManagerService.java:2757)
06-06 17:45:40.363 W/ActivityManager( 1631): 	at android.os.Binder.execTransact(Binder.java:565)
06-06 17:45:40.364 W/ActivityManager( 1631): Bad activity token: android.os.BinderProxy@d039537
06-06 17:45:40.364 W/ActivityManager( 1631): java.lang.ClassCastException: android.os.BinderProxy cannot be cast to com.android.server.am.ActivityRecord$Token
06-06 17:45:40.364 W/ActivityManager( 1631): 	at com.android.server.am.ActivityRecord.forTokenLocked(ActivityRecord.java:586)
06-06 17:45:40.364 W/ActivityManager( 1631): 	at com.android.server.am.ActivityRecord.isInStackLocked(ActivityRecord.java:1327)
06-06 17:45:40.364 W/ActivityManager( 1631): 	at com.android.server.am.ActivityManagerService.setTaskDescription(ActivityManagerService.java:9358)
06-06 17:45:40.364 W/ActivityManager( 1631): 	at android.app.ActivityManagerNative.onTransact(ActivityManagerNative.java:2639)
06-06 17:45:40.364 W/ActivityManager( 1631): 	at com.android.server.am.ActivityManagerService.onTransact(ActivityManagerService.java:2757)
06-06 17:45:40.364 W/ActivityManager( 1631): 	at android.os.Binder.execTransact(Binder.java:565)
06-06 17:45:40.365 V/PhoneStatusBar( 1713): setLightsOn(true)
06-06 17:45:40.365 W/ActivityManager( 1631): Bad activity token: android.os.BinderProxy@d039537
06-06 17:45:40.365 W/ActivityManager( 1631): java.lang.ClassCastException: android.os.BinderProxy cannot be cast to com.android.server.am.ActivityRecord$Token
06-06 17:45:40.365 W/ActivityManager( 1631): 	at com.android.server.am.ActivityRecord.forTokenLocked(ActivityRecord.java:586)
06-06 17:45:40.365 W/ActivityManager( 1631): 	at com.android.server.am.ActivityRecord.isInStackLocked(ActivityRecord.java:1327)
06-06 17:45:40.365 W/ActivityManager( 1631): 	at com.android.server.am.ActivityRecord.getStackLocked(ActivityRecord.java:1332)
06-06 17:45:40.365 W/ActivityManager( 1631): 	at com.android.server.am.ActivityManagerService.getActivityStackId(ActivityManagerService.java:9817)
06-06 17:45:40.365 W/ActivityManager( 1631): 	at android.app.ActivityManagerNative.onTransact(ActivityManagerNative.java:2856)
06-06 17:45:40.365 W/ActivityManager( 1631): 	at com.android.server.am.ActivityManagerService.onTransact(ActivityManagerService.java:2757)
06-06 17:45:40.365 W/ActivityManager( 1631): 	at android.os.Binder.execTransact(Binder.java:565)
06-06 17:45:40.371 D/VehicleStatisticsActivity(17388): Checking recalculation ...
06-06 17:45:40.372 D/VehicleStatisticsActivity(17388): Recalculation not necessary.
06-06 17:45:40.382 W/ActivityManager( 1631): Bad activity token: android.os.BinderProxy@d039537
06-06 17:45:40.382 W/ActivityManager( 1631): java.lang.ClassCastException: android.os.BinderProxy cannot be cast to com.android.server.am.ActivityRecord$Token
06-06 17:45:40.382 W/ActivityManager( 1631): 	at com.android.server.am.ActivityRecord.forTokenLocked(ActivityRecord.java:586)
06-06 17:45:40.382 W/ActivityManager( 1631): 	at com.android.server.am.ActivityRecord.isInStackLocked(ActivityRecord.java:1327)
06-06 17:45:40.382 W/ActivityManager( 1631): 	at com.android.server.am.ActivityManagerService.getActivityOptions(ActivityManagerService.java:12559)
06-06 17:45:40.382 W/ActivityManager( 1631): 	at android.app.ActivityManagerNative.onTransact(ActivityManagerNative.java:1933)
06-06 17:45:40.382 W/ActivityManager( 1631): 	at com.android.server.am.ActivityManagerService.onTransact(ActivityManagerService.java:2757)
06-06 17:45:40.382 W/ActivityManager( 1631): 	at android.os.Binder.execTransact(Binder.java:565)
06-06 17:45:40.382 W/ActivityManager( 1631): Bad activity token: android.os.BinderProxy@d039537
06-06 17:45:40.382 W/ActivityManager( 1631): java.lang.ClassCastException: android.os.BinderProxy cannot be cast to com.android.server.am.ActivityRecord$Token
06-06 17:45:40.382 W/ActivityManager( 1631): 	at com.android.server.am.ActivityRecord.forTokenLocked(ActivityRecord.java:586)
06-06 17:45:40.382 W/ActivityManager( 1631): 	at com.android.server.am.ActivityRecord.isInStackLocked(ActivityRecord.java:1327)
06-06 17:45:40.382 W/ActivityManager( 1631): 	at com.android.server.am.ActivityManagerService.getActivityOptions(ActivityManagerService.java:12559)
06-06 17:45:40.382 W/ActivityManager( 1631): 	at android.app.ActivityManagerNative.onTransact(ActivityManagerNative.java:1933)
06-06 17:45:40.382 W/ActivityManager( 1631): 	at com.android.server.am.ActivityManagerService.onTransact(ActivityManagerService.java:2757)
06-06 17:45:40.382 W/ActivityManager( 1631): 	at android.os.Binder.execTransact(Binder.java:565)
06-06 17:45:40.384 D/VehicleStatisticsActivity(17388): Checking recalculation ...
06-06 17:45:40.384 D/VehicleStatisticsActivity(17388): Recalculation not necessary.
06-06 17:45:40.483 I/System.out(17388): URI: //map
06-06 17:45:40.483 I/System.out(17388): params: {json={"query":"android.widget.AbsListView index:0","operation":{"method_name":"query","arguments":[]}}
06-06 17:45:40.483 I/System.out(17388): }
06-06 17:45:40.488 I/art     (17388): Do partial code cache collection, code=30KB, data=29KB
06-06 17:45:40.489 I/art     (17388): After code cache collection, code=29KB, data=28KB
06-06 17:45:40.489 I/art     (17388): Increasing code cache capacity to 128KB
06-06 17:45:40.503 I/System.out(17388): URI: //map
06-06 17:45:40.503 I/System.out(17388): params: {json={"query":"android.widget.AbsListView index:0","operation":{"method_name":"query","arguments":[]}}
06-06 17:45:40.503 I/System.out(17388): }
06-06 17:45:40.519 I/System.out(17388): URI: //map
06-06 17:45:40.519 I/System.out(17388): params: {json={"query":"android.widget.AbsListView index:0","operation":{"method_name":"query","arguments":[]}}
06-06 17:45:40.519 I/System.out(17388): }
06-06 17:45:40.536 I/System.out(17388): URI: //map
06-06 17:45:40.536 I/System.out(17388): params: {json={"query":"android.widget.AbsListView index:0","operation":{"method_name":"query","arguments":["getFirstVisiblePosition"]}}
06-06 17:45:40.536 I/System.out(17388): }
06-06 17:45:40.548 I/System.out(17388): URI: //map
06-06 17:45:40.548 I/System.out(17388): params: {json={"query":"android.widget.AbsListView index:0","operation":{"method_name":"query","arguments":["getLastVisiblePosition"]}}
06-06 17:45:40.548 I/System.out(17388): }
06-06 17:45:40.563 I/System.out(17388): URI: //map
06-06 17:45:40.563 I/System.out(17388): params: {json={"query":"android.widget.AbsListView index:0","operation":{"method_name":"query","arguments":[{"method_name":"setSelection","arguments":[26]}]}}
06-06 17:45:40.563 I/System.out(17388): }
06-06 17:45:40.587 I/System.out(17388): URI: //map
06-06 17:45:40.587 I/System.out(17388): params: {json={"query":"* marked:'West'","operation":{"method_name":"query","arguments":[]}}
06-06 17:45:40.587 I/System.out(17388): }
06-06 17:45:40.629 D/gralloc_ranchu( 1348): gralloc_alloc: Creating ashmem region of size 9023488
06-06 17:45:40.665 V/PhoneStatusBar( 1713): setLightsOn(true)
06-06 17:45:40.666 V/PhoneStatusBar( 1713): setLightsOn(true)
06-06 17:45:40.667 W/OpenGLRenderer( 2106): Incorrectly called buildLayer on View: ShortcutAndWidgetContainer, destroying layer...
06-06 17:45:40.671 W/ResourceType(17388): No package identifier when getting name for resource number 0x00000001
06-06 17:45:40.681 I/WindowManager( 1631): Destroying surface Surface(name=com.android.launcher3/com.android.launcher3.Launcher) called by com.android.server.wm.WindowStateAnimator.destroySurface:2016 com.android.server.wm.WindowStateAnimator.destroySurfaceLocked:882 com.android.server.wm.WindowState.destroyOrSaveSurface:2100 com.android.server.wm.AppWindowToken.destroySurfaces:363 com.android.server.wm.AppWindowToken.notifyAppStopped:389 com.android.server.wm.WindowManagerService.notifyAppStopped:4463 com.android.server.am.ActivityStack.activityStoppedLocked:1252 com.android.server.am.ActivityManagerService.activityStopped:6903 
06-06 17:45:40.683 V/PhoneStatusBar( 1713): setLightsOn(true)
06-06 17:45:40.684 I/System.out(17388): URI: //gesture
06-06 17:45:40.684 I/System.out(17388): params: {json={"query_timeout":5.0,"gestures":[{"query_string":"* marked:'West'","touches":[{"x":50,"y":50,"offset_x":0,"offset_y":0,"wait":0.0,"time":0.2,"release":true,"query_string":null}]}]}
06-06 17:45:40.684 I/System.out(17388): }
06-06 17:45:40.690 W/ResourceType(17388): No package identifier when getting name for resource number 0x00000001
06-06 17:45:40.915 I/ActivityManager( 1631): START u0 {cmp=com.evancharlton.mileage/.charts.WestChart (has extras)} from uid 10728 on display 0
06-06 17:45:40.917 V/PhoneStatusBar( 1713): setLightsOn(true)
06-06 17:45:40.917 V/PhoneStatusBar( 1713): setLightsOn(true)
06-06 17:45:40.927 I/System.out(17388): URI: //map
06-06 17:45:40.927 I/System.out(17388): params: {json={"query":"* {text CONTAINS[c] 'Farthest west fillup'}","operation":{"method_name":"query","arguments":[]}}
06-06 17:45:40.927 I/System.out(17388): }
06-06 17:45:40.983 I/calabash(17388): newActivity1
06-06 17:45:40.986 W/aiCharts(17388): License file is invalid or missing. 
06-06 17:45:40.986 W/aiCharts(17388): Please place proper license.lic to /assets folder.
06-06 17:45:41.002 V/PhoneStatusBar( 1713): setLightsOn(true)
06-06 17:45:41.032 V/PhoneStatusBar( 1713): setLightsOn(true)
06-06 17:45:41.039 I/WindowManager( 1631): Destroying surface Surface(name=Creating chart…) called by com.android.server.wm.WindowStateAnimator.destroySurface:2016 com.android.server.wm.WindowStateAnimator.destroySurfaceLocked:882 com.android.server.wm.WindowState.removeLocked:1456 com.android.server.wm.WindowManagerService.removeWindowInnerLocked:2484 com.android.server.wm.WindowManagerService.removeWindowLocked:2442 com.android.server.wm.WindowManagerService.removeWindowLocked:2311 com.android.server.wm.WindowManagerService.removeWindow:2306 com.android.server.wm.Session.remove:202 
06-06 17:45:41.042 D/gralloc_ranchu( 1348): gralloc_alloc: Creating ashmem region of size 9023488
06-06 17:45:41.048 V/PhoneStatusBar( 1713): setLightsOn(true)
06-06 17:45:41.077 I/ActivityManager( 1631): Displayed com.evancharlton.mileage/.charts.WestChart: +97ms
06-06 17:45:41.082 V/PhoneStatusBar( 1713): setLightsOn(true)
06-06 17:45:41.115 V/PhoneStatusBar( 1713): setLightsOn(true)
06-06 17:45:41.131 V/PhoneStatusBar( 1713): setLightsOn(true)
06-06 17:45:41.321 V/PhoneStatusBar( 1713): setLightsOn(true)
06-06 17:45:41.324 I/System.out(17388): URI: //map
06-06 17:45:41.324 I/System.out(17388): params: {json={"query":"* {text CONTAINS[c] 'Farthest west fillup'}","operation":{"method_name":"query","arguments":[]}}
06-06 17:45:41.324 I/System.out(17388): }
06-06 17:45:41.342 I/System.out(17388): URI: //
06-06 17:45:41.342 I/System.out(17388): params: {json={"command":"press_key","arguments":["KEYCODE_BACK"]}
06-06 17:45:41.342 I/System.out(17388): }
06-06 17:45:41.342 I/System.out(17388): header: {content-type=application/json;charset=utf-8, date=Sat, 06 Jun 2020 22:45:41 GMT, accept=*/*, host=127.0.0.1:34784, content-length=52, user-agent=HTTPClient/1.0 (2.8.3, ruby 2.5.1 (2018-03-29))}
06-06 17:45:41.342 I/System.out(17388): params: {json={"command":"press_key","arguments":["KEYCODE_BACK"]}
06-06 17:45:41.342 I/System.out(17388): }
06-06 17:45:41.342 I/System.out(17388): ProP json = {"command":"press_key","arguments":["KEYCODE_BACK"]}
06-06 17:45:41.342 I/System.out(17388): files: {}
06-06 17:45:41.342 I/System.out(17388): command: {"command":"press_key","arguments":["KEYCODE_BACK"]}
06-06 17:45:41.344 I/InstrumentationBackend(17388): Got command:'Command:'Line:null,press_key', arguments:'[KEYCODE_BACK]'
06-06 17:45:41.347 V/PhoneStatusBar( 1713): setLightsOn(true)
06-06 17:45:41.350 V/PhoneStatusBar( 1713): setLightsOn(true)
06-06 17:45:41.353 I/art     (17388): Do partial code cache collection, code=60KB, data=62KB
06-06 17:45:41.353 I/art     (17388): After code cache collection, code=60KB, data=62KB
06-06 17:45:41.354 I/art     (17388): Increasing code cache capacity to 256KB
06-06 17:45:41.354 D/VehicleStatisticsActivity(17388): Checking recalculation ...
06-06 17:45:41.355 I/System.out(17388): result:{"bonusInformation":[],"message":"","success":true}
06-06 17:45:41.355 D/VehicleStatisticsActivity(17388): Recalculation not necessary.
06-06 17:45:41.358 I/System.out(17388): URI: //map
06-06 17:45:41.358 I/System.out(17388): params: {json={"query":"* {text CONTAINS[c] 'Statistics'}","operation":{"method_name":"query","arguments":[]}}
06-06 17:45:41.358 I/System.out(17388): }
06-06 17:45:41.365 V/PhoneStatusBar( 1713): setLightsOn(true)
06-06 17:45:41.381 D/gralloc_ranchu( 1348): gralloc_alloc: Creating ashmem region of size 9023488
06-06 17:45:41.382 V/PhoneStatusBar( 1713): setLightsOn(true)
06-06 17:45:41.398 V/PhoneStatusBar( 1713): setLightsOn(true)
06-06 17:45:41.415 V/PhoneStatusBar( 1713): setLightsOn(true)
