--------- beginning of main
06-05 18:34:59.754 V/PhoneStatusBar( 1711): setLightsOn(true)
06-05 18:34:59.756 D/gralloc_ranchu( 1346): gralloc_alloc: Creating ashmem region of size 3145728
06-05 18:34:59.760 E/EGL_emulation( 1346): tid 1346: eglCreateSyncKHR(1901): error 0x3004 (EGL_BAD_ATTRIBUTE)
--------- beginning of system
06-05 18:34:59.776 W/ActivityManager( 1629): Finishing task with all activities already finished
06-05 18:34:59.776 W/ActivityManager( 1629): Duplicate finish request for ActivityRecord{3ff9ecd u0 com.evancharlton.mileage/.Mileage t3097 f}
06-05 18:34:59.777 W/ActivityManager( 1629): Finishing task with all activities already finished
06-05 18:34:59.777 W/ActivityManager( 1629): Duplicate finish request for ActivityRecord{3ff9ecd u0 com.evancharlton.mileage/.Mileage t3097 f}
06-05 18:34:59.777 W/ActivityManager( 1629): Finishing task with all activities already finished
06-05 18:34:59.777 W/ActivityManager( 1629): Duplicate finish request for ActivityRecord{3ff9ecd u0 com.evancharlton.mileage/.Mileage t3097 f}
06-05 18:34:59.777 W/ActivityManager( 1629): Finishing task with all activities already finished
06-05 18:34:59.777 W/ActivityManager( 1629): Duplicate finish request for ActivityRecord{3ff9ecd u0 com.evancharlton.mileage/.Mileage t3097 f}
06-05 18:34:59.778 W/ActivityManager( 1629): Finishing task with all activities already finished
06-05 18:34:59.778 W/ActivityManager( 1629): Duplicate finish request for ActivityRecord{3ff9ecd u0 com.evancharlton.mileage/.Mileage t3097 f}
06-05 18:34:59.778 W/ActivityManager( 1629): Finishing task with all activities already finished
06-05 18:34:59.778 W/ActivityManager( 1629): Duplicate finish request for ActivityRecord{a23ce73 u0 com.evancharlton.mileage/.charts.SouthChart t3097 f}
06-05 18:34:59.778 W/ActivityManager( 1629): Finishing task with all activities already finished
06-05 18:34:59.778 W/ActivityManager( 1629): Duplicate finish request for ActivityRecord{a23ce73 u0 com.evancharlton.mileage/.charts.SouthChart t3097 f}
06-05 18:34:59.778 W/ActivityManager( 1629): Finishing task with all activities already finished
06-05 18:34:59.778 W/ActivityManager( 1629): Duplicate finish request for ActivityRecord{3ff9ecd u0 com.evancharlton.mileage/.Mileage t3097 f}
06-05 18:34:59.778 W/ActivityManager( 1629): Finishing task with all activities already finished
06-05 18:34:59.778 W/ActivityManager( 1629): Duplicate finish request for ActivityRecord{3ff9ecd u0 com.evancharlton.mileage/.Mileage t3097 f}
06-05 18:34:59.822 D/EGL_emulation( 2150): eglMakeCurrent: 0xb4f852a0: ver 2 0 (tinfo 0xb4f832e0)
06-05 18:34:59.822 D/EGL_emulation( 1711): eglMakeCurrent: 0xa5b6bd80: ver 2 0 (tinfo 0xb1367140)
06-05 18:34:59.837 D/EGL_emulation( 1711): eglMakeCurrent: 0xa5b6bd80: ver 2 0 (tinfo 0xb1367140)
06-05 18:34:59.855 D/EGL_emulation( 1711): eglMakeCurrent: 0xa5b6bd80: ver 2 0 (tinfo 0xb1367140)
06-05 18:34:59.871 D/EGL_emulation( 1711): eglMakeCurrent: 0xa5b6bd80: ver 2 0 (tinfo 0xb1367140)
06-05 18:34:59.874 D/EGL_emulation( 1711): eglMakeCurrent: 0xa5b6bd80: ver 2 0 (tinfo 0xb1367140)
06-05 18:34:59.887 D/EGL_emulation( 1711): eglMakeCurrent: 0xa5b6bd80: ver 2 0 (tinfo 0xb1367140)
06-05 18:34:59.889 D/EGL_emulation( 1711): eglMakeCurrent: 0xa5b6bd80: ver 2 0 (tinfo 0xb1367140)
06-05 18:34:59.904 D/EGL_emulation( 1711): eglMakeCurrent: 0xa5b6bd80: ver 2 0 (tinfo 0xb1367140)
06-05 18:34:59.905 D/EGL_emulation( 1711): eglMakeCurrent: 0xa5b6bd80: ver 2 0 (tinfo 0xb1367140)
06-05 18:34:59.921 D/EGL_emulation( 1711): eglMakeCurrent: 0xa5b6bd80: ver 2 0 (tinfo 0xb1367140)
06-05 18:34:59.922 D/EGL_emulation( 1711): eglMakeCurrent: 0xa5b6bd80: ver 2 0 (tinfo 0xb1367140)
06-05 18:34:59.937 D/EGL_emulation( 1711): eglMakeCurrent: 0xa5b6bd80: ver 2 0 (tinfo 0xb1367140)
06-05 18:34:59.941 D/EGL_emulation( 1711): eglMakeCurrent: 0xa5b6bd80: ver 2 0 (tinfo 0xb1367140)
06-05 18:34:59.954 D/EGL_emulation( 1711): eglMakeCurrent: 0xa5b6bd80: ver 2 0 (tinfo 0xb1367140)
06-05 18:34:59.957 D/EGL_emulation( 1711): eglMakeCurrent: 0xa5b6bd80: ver 2 0 (tinfo 0xb1367140)
06-05 18:34:59.958 D/AndroidRuntime( 6770): >>>>>> START com.android.internal.os.RuntimeInit uid 2000 <<<<<<
06-05 18:34:59.959 D/AndroidRuntime( 6770): CheckJNI is ON
06-05 18:34:59.971 D/EGL_emulation( 1711): eglMakeCurrent: 0xa5b6bd80: ver 2 0 (tinfo 0xb1367140)
06-05 18:34:59.972 D/EGL_emulation( 1711): eglMakeCurrent: 0xa5b6bd80: ver 2 0 (tinfo 0xb1367140)
06-05 18:34:59.973 W/art     ( 6770): Unexpected CPU variant for X86 using defaults: x86
06-05 18:34:59.975 D/ICU     ( 6770): No timezone override file found: /data/misc/zoneinfo/current/icu/icu_tzdata.dat
06-05 18:34:59.984 E/memtrack( 6770): Couldn't load memtrack module (No such file or directory)
06-05 18:34:59.984 E/android.os.Debug( 6770): failed to load memtrack module: -2
06-05 18:34:59.984 I/Radio-JNI( 6770): register_android_hardware_Radio DONE
06-05 18:34:59.987 D/EGL_emulation( 1711): eglMakeCurrent: 0xa5b6bd80: ver 2 0 (tinfo 0xb1367140)
06-05 18:34:59.989 D/EGL_emulation( 1711): eglMakeCurrent: 0xa5b6bd80: ver 2 0 (tinfo 0xb1367140)
06-05 18:34:59.991 D/AndroidRuntime( 6770): Calling main entry com.android.commands.am.Am
06-05 18:34:59.992 I/ActivityManager( 1629): Force stopping com.evancharlton.mileage appid=10160 user=0: start instr
06-05 18:34:59.992 I/ActivityManager( 1629): Killing 6718:com.evancharlton.mileage/u0a160 (adj 0): stop com.evancharlton.mileage
06-05 18:34:59.992 D/ActivityManager( 1629): cleanUpApplicationRecord -- 6718
06-05 18:34:59.995 I/WindowManager( 1629): Destroying surface Surface(name=com.evancharlton.mileage/com.evancharlton.mileage.charts.SouthChart) called by com.android.server.wm.WindowStateAnimator.destroySurface:2016 com.android.server.wm.WindowStateAnimator.destroySurfaceLocked:882 com.android.server.wm.WindowState.removeLocked:1456 com.android.server.wm.WindowManagerService.removeWindowInnerLocked:2484 com.android.server.wm.WindowManagerService.removeWindowLocked:2442 com.android.server.wm.WindowManagerService.removeWindowLocked:2311 com.android.server.wm.AppWindowToken.removeAllWindows:530 com.android.server.wm.AppWindowToken.removeAppFromTaskLocked:326 
06-05 18:34:59.997 W/ActivityManager( 1629): Crash of app com.evancharlton.mileage running instrumentation ComponentInfo{com.evancharlton.mileage.test/sh.calaba.instrumentationbackend.CalabashInstrumentationTestRunner}
06-05 18:34:59.997 I/ActivityManager( 1629): Force stopping com.evancharlton.mileage appid=10160 user=0: finished inst
06-05 18:35:00.000 I/art     ( 6780): Not late-enabling -Xcheck:jni (already on)
06-05 18:35:00.000 W/art     ( 6780): Unexpected CPU variant for X86 using defaults: x86
06-05 18:35:00.004 D/EGL_emulation( 1711): eglMakeCurrent: 0xa5b6bd80: ver 2 0 (tinfo 0xb1367140)
06-05 18:35:00.006 D/EGL_emulation( 1711): eglMakeCurrent: 0xa5b6bd80: ver 2 0 (tinfo 0xb1367140)
06-05 18:35:00.008 I/ActivityManager( 1629): Start proc 6780:com.evancharlton.mileage/u0a160 for added application com.evancharlton.mileage
06-05 18:35:00.008 D/AndroidRuntime( 6770): Shutting down VM
06-05 18:35:00.014 W/System  ( 6780): ClassLoader referenced unknown path: /data/app/com.evancharlton.mileage.test-1/lib/x86
06-05 18:35:00.014 W/System  ( 6780): ClassLoader referenced unknown path: /data/app/com.evancharlton.mileage-1/lib/x86
06-05 18:35:00.016 W/System  ( 6780): ClassLoader referenced unknown path: 
06-05 18:35:00.021 I/System.out( 6780): Main activity name automatically set to: com.evancharlton.mileage.Mileage
06-05 18:35:00.021 I/System.out( 6780): Calabash did not load Mono. This is only a problem if you are trying to test a Mono application
06-05 18:35:00.021 I/calabash( 6780): Test server port: 7102
06-05 18:35:00.022 D/EGL_emulation( 1711): eglMakeCurrent: 0xa5b6bd80: ver 2 0 (tinfo 0xb1367140)
06-05 18:35:00.022 I/InstrumentationBackend( 6780): Added:'GetPreferences', with key:'get_preferences'
06-05 18:35:00.028 I/InstrumentationBackend( 6780): Added:'SetPreferences', with key:'set_preferences'
06-05 18:35:00.028 I/InstrumentationBackend( 6780): Added:'ClearPreferences', with key:'clear_preferences'
06-05 18:35:00.028 I/InstrumentationBackend( 6780): Added:'PressElement', with key:'press_l10n_element'
06-05 18:35:00.028 I/InstrumentationBackend( 6780): Added:'WaitForElement', with key:'wait_for_l10n_element'
06-05 18:35:00.028 I/InstrumentationBackend( 6780): Added:'NullAction', with key:'nullAction'
06-05 18:35:00.028 I/InstrumentationBackend( 6780): Added:'PressKey', with key:'press_key'
06-05 18:35:00.028 I/InstrumentationBackend( 6780): Added:'SetActivityOrientation', with key:'set_activity_orientation'
06-05 18:35:00.028 I/InstrumentationBackend( 6780): Added:'GetActivityOrientation', with key:'get_activity_orientation'
06-05 18:35:00.028 I/InstrumentationBackend( 6780): Added:'FakeGPSLocation', with key:'set_gps_coordinates'
06-05 18:35:00.029 I/InstrumentationBackend( 6780): Added:'SetPropertyByCssSelector', with key:'set_property_by_css_selector'
06-05 18:35:00.029 I/InstrumentationBackend( 6780): Added:'GetUrl', with key:'get_url'
06-05 18:35:00.029 I/InstrumentationBackend( 6780): Added:'ScrollTo', with key:'scroll_to'
06-05 18:35:00.029 I/InstrumentationBackend( 6780): Added:'GetLoadProgress', with key:'get_load_progress'
06-05 18:35:00.029 I/InstrumentationBackend( 6780): Added:'DumpHtml', with key:'dump_html'
06-05 18:35:00.029 I/InstrumentationBackend( 6780): Added:'DumpBodyHtml', with key:'dump_body_html'
06-05 18:35:00.029 I/InstrumentationBackend( 6780): Added:'EnterTextByCssSelector', with key:'enter_text_by_selector'
06-05 18:35:00.030 I/InstrumentationBackend( 6780): Added:'AndroidSDKVersion', with key:'android_sdk_version'
06-05 18:35:00.030 I/InstrumentationBackend( 6780): Added:'Version', with key:'version'
06-05 18:35:00.030 I/InstrumentationBackend( 6780): Added:'Drag', with key:'drag'
06-05 18:35:00.030 I/InstrumentationBackend( 6780): Added:'TouchCoordinates', with key:'touch_coordinate'
06-05 18:35:00.030 I/InstrumentationBackend( 6780): Added:'LongPressCoordinate', with key:'long_press_coordinate'
06-05 18:35:00.030 I/InstrumentationBackend( 6780): Added:'DragCoordinates', with key:'drag_coordinates'
06-05 18:35:00.030 I/InstrumentationBackend( 6780): Added:'ResumeApplication', with key:'resume_application'
06-05 18:35:00.030 I/InstrumentationBackend( 6780): Added:'Swipe', with key:'swipe'
06-05 18:35:00.030 I/InstrumentationBackend( 6780): Added:'DoubleTapCoordinate', with key:'double_tap_coordinate'
06-05 18:35:00.030 I/InstrumentationBackend( 6780): Added:'ClickOnScreen', with key:'click_on_screen'
06-05 18:35:00.030 I/InstrumentationBackend( 6780): Added:'GetActivityName', with key:'get_activity_name'
06-05 18:35:00.030 I/InstrumentationBackend( 6780): Added:'ScrollToView', with key:'scroll_to_view'
06-05 18:35:00.030 I/InstrumentationBackend( 6780): Added:'ViewConfiguration', with key:'view_configuration'
06-05 18:35:00.030 I/InstrumentationBackend( 6780): Added:'IsCurrentActivityFocused', with key:'is_current_activity_focused'
06-05 18:35:00.030 I/InstrumentationBackend( 6780): Added:'SendTcp', with key:'send_tcp'
06-05 18:35:00.030 I/InstrumentationBackend( 6780): Added:'DpToDevicePixel', with key:'dp_to_device_pixel'
06-05 18:35:00.030 I/InstrumentationBackend( 6780): Added:'KeyboardEnterText', with key:'keyboard_enter_text'
06-05 18:35:00.030 I/InstrumentationBackend( 6780): Added:'DeleteSurroundingText', with key:'delete_surrounding_text'
06-05 18:35:00.030 I/InstrumentationBackend( 6780): Added:'SetComposingRegion', with key:'set_composing_region'
06-05 18:35:00.031 I/InstrumentationBackend( 6780): Added:'SetSelection', with key:'set_selection'
06-05 18:35:00.031 I/InstrumentationBackend( 6780): Added:'KeyboardKeyEvent', with key:'keyboard_key_event'
06-05 18:35:00.031 I/InstrumentationBackend( 6780): Added:'PressUserActionButton', with key:'press_user_action_button'
06-05 18:35:00.031 I/InstrumentationBackend( 6780): Added:'HideSoftKeyboard', with key:'hide_soft_keyboard'
06-05 18:35:00.031 I/InstrumentationBackend( 6780): Added:'ListActions', with key:'list_actions'
06-05 18:35:00.031 I/calabash( 6780): Instantiating http server at 7102
06-05 18:35:00.031 I/System.out( 6780): HTTP Daemon listening on: 7102
06-05 18:35:00.037 D/EGL_emulation( 1711): eglMakeCurrent: 0xa5b6bd80: ver 2 0 (tinfo 0xb1367140)
06-05 18:35:00.039 D/EGL_emulation( 1711): eglMakeCurrent: 0xa5b6bd80: ver 2 0 (tinfo 0xb1367140)
06-05 18:35:00.041 I/WindowManager( 1629): WIN DEATH: Window{bff542c u0 com.evancharlton.mileage/com.evancharlton.mileage.Mileage EXITING}
06-05 18:35:00.054 D/EGL_emulation( 1711): eglMakeCurrent: 0xa5b6bd80: ver 2 0 (tinfo 0xb1367140)
06-05 18:35:00.057 D/EGL_emulation( 1711): eglMakeCurrent: 0xa5b6bd80: ver 2 0 (tinfo 0xb1367140)
06-05 18:35:00.119 I/System.out( 6780): URI: //ping
06-05 18:35:00.119 I/System.out( 6780): params: {json={}
06-05 18:35:00.119 I/System.out( 6780): }
06-05 18:35:00.121 I/System.out( 6780): URI: //ping
06-05 18:35:00.121 I/System.out( 6780): params: {json={}
06-05 18:35:00.121 I/System.out( 6780): }
06-05 18:35:00.123 I/System.out( 6780): URI: //ready
06-05 18:35:00.123 I/System.out( 6780): params: {json={}
06-05 18:35:00.123 I/System.out( 6780): }
06-05 18:35:00.125 I/System.out( 6780): URI: //
06-05 18:35:00.125 I/System.out( 6780): params: {json={"command":"version","arguments":[]}
06-05 18:35:00.125 I/System.out( 6780): }
06-05 18:35:00.125 I/System.out( 6780): header: {content-type=application/json;charset=utf-8, date=Fri, 05 Jun 2020 23:35:00 GMT, accept=*/*, host=127.0.0.1:34783, content-length=36, user-agent=HTTPClient/1.0 (2.8.3, ruby 2.5.1 (2018-03-29))}
06-05 18:35:00.125 I/System.out( 6780): params: {json={"command":"version","arguments":[]}
06-05 18:35:00.125 I/System.out( 6780): }
06-05 18:35:00.125 I/System.out( 6780): ProP json = {"command":"version","arguments":[]}
06-05 18:35:00.125 I/System.out( 6780): files: {}
06-05 18:35:00.125 I/System.out( 6780): command: {"command":"version","arguments":[]}
06-05 18:35:00.129 I/InstrumentationBackend( 6780): Got command:'Command:'Line:null,version', arguments:'[]'
06-05 18:35:00.139 I/System.out( 6780): result:{"bonusInformation":[],"message":"0.9.8","success":true}
06-05 18:35:00.141 I/System.out( 6780): URI: //start-application
06-05 18:35:00.141 I/System.out( 6780): params: {json={"intent":null}
06-05 18:35:00.141 I/System.out( 6780): }
06-05 18:35:00.155 I/ActivityManager( 1629): START u0 {act=android.intent.action.MAIN cat=[android.intent.category.LAUNCHER] flg=0x10200000 cmp=com.evancharlton.mileage/.Mileage} from uid 10160 on display 0
06-05 18:35:00.161 I/calabash( 6780): newActivity1
06-05 18:35:00.170 I/calabash( 6780): newActivity1
06-05 18:35:00.171 W/ActivityManager( 1629): Bad activity token: android.os.BinderProxy@fe0fcbc
06-05 18:35:00.171 W/ActivityManager( 1629): java.lang.ClassCastException: android.os.BinderProxy cannot be cast to com.android.server.am.ActivityRecord$Token
06-05 18:35:00.171 W/ActivityManager( 1629): 	at com.android.server.am.ActivityRecord.forTokenLocked(ActivityRecord.java:586)
06-05 18:35:00.171 W/ActivityManager( 1629): 	at com.android.server.am.ActivityRecord.isInStackLocked(ActivityRecord.java:1327)
06-05 18:35:00.171 W/ActivityManager( 1629): 	at com.android.server.am.ActivityRecord.getStackLocked(ActivityRecord.java:1332)
06-05 18:35:00.171 W/ActivityManager( 1629): 	at com.android.server.am.ActivityManagerService.getActivityDisplayId(ActivityManagerService.java:9806)
06-05 18:35:00.171 W/ActivityManager( 1629): 	at android.app.ActivityManagerNative.onTransact(ActivityManagerNative.java:2566)
06-05 18:35:00.171 W/ActivityManager( 1629): 	at com.android.server.am.ActivityManagerService.onTransact(ActivityManagerService.java:2757)
06-05 18:35:00.171 W/ActivityManager( 1629): 	at android.os.Binder.execTransact(Binder.java:565)
06-05 18:35:00.172 W/ActivityManager( 1629): Bad activity token: android.os.BinderProxy@fe0fcbc
06-05 18:35:00.172 W/ActivityManager( 1629): java.lang.ClassCastException: android.os.BinderProxy cannot be cast to com.android.server.am.ActivityRecord$Token
06-05 18:35:00.172 W/ActivityManager( 1629): 	at com.android.server.am.ActivityRecord.forTokenLocked(ActivityRecord.java:586)
06-05 18:35:00.172 W/ActivityManager( 1629): 	at com.android.server.am.ActivityRecord.isInStackLocked(ActivityRecord.java:1327)
06-05 18:35:00.172 W/ActivityManager( 1629): 	at com.android.server.am.ActivityManagerService.setTaskDescription(ActivityManagerService.java:9358)
06-05 18:35:00.172 W/ActivityManager( 1629): 	at android.app.ActivityManagerNative.onTransact(ActivityManagerNative.java:2639)
06-05 18:35:00.172 W/ActivityManager( 1629): 	at com.android.server.am.ActivityManagerService.onTransact(ActivityManagerService.java:2757)
06-05 18:35:00.172 W/ActivityManager( 1629): 	at android.os.Binder.execTransact(Binder.java:565)
06-05 18:35:00.172 W/ActivityManager( 1629): Bad activity token: android.os.BinderProxy@fe0fcbc
06-05 18:35:00.172 W/ActivityManager( 1629): java.lang.ClassCastException: android.os.BinderProxy cannot be cast to com.android.server.am.ActivityRecord$Token
06-05 18:35:00.172 W/ActivityManager( 1629): 	at com.android.server.am.ActivityRecord.forTokenLocked(ActivityRecord.java:586)
06-05 18:35:00.172 W/ActivityManager( 1629): 	at com.android.server.am.ActivityRecord.isInStackLocked(ActivityRecord.java:1327)
06-05 18:35:00.172 W/ActivityManager( 1629): 	at com.android.server.am.ActivityRecord.getStackLocked(ActivityRecord.java:1332)
06-05 18:35:00.172 W/ActivityManager( 1629): 	at com.android.server.am.ActivityManagerService.getActivityStackId(ActivityManagerService.java:9817)
06-05 18:35:00.172 W/ActivityManager( 1629): 	at android.app.ActivityManagerNative.onTransact(ActivityManagerNative.java:2856)
06-05 18:35:00.172 W/ActivityManager( 1629): 	at com.android.server.am.ActivityManagerService.onTransact(ActivityManagerService.java:2757)
06-05 18:35:00.172 W/ActivityManager( 1629): 	at android.os.Binder.execTransact(Binder.java:565)
06-05 18:35:00.187 D/gralloc_ranchu( 1346): gralloc_alloc: Creating ashmem region of size 9023488
06-05 18:35:00.190 W/ActivityManager( 1629): Bad activity token: android.os.BinderProxy@fe0fcbc
06-05 18:35:00.190 W/ActivityManager( 1629): java.lang.ClassCastException: android.os.BinderProxy cannot be cast to com.android.server.am.ActivityRecord$Token
06-05 18:35:00.190 W/ActivityManager( 1629): 	at com.android.server.am.ActivityRecord.forTokenLocked(ActivityRecord.java:586)
06-05 18:35:00.190 W/ActivityManager( 1629): 	at com.android.server.am.ActivityRecord.isInStackLocked(ActivityRecord.java:1327)
06-05 18:35:00.190 W/ActivityManager( 1629): 	at com.android.server.am.ActivityManagerService.getActivityOptions(ActivityManagerService.java:12559)
06-05 18:35:00.190 W/ActivityManager( 1629): 	at android.app.ActivityManagerNative.onTransact(ActivityManagerNative.java:1933)
06-05 18:35:00.190 W/ActivityManager( 1629): 	at com.android.server.am.ActivityManagerService.onTransact(ActivityManagerService.java:2757)
06-05 18:35:00.190 W/ActivityManager( 1629): 	at android.os.Binder.execTransact(Binder.java:565)
06-05 18:35:00.190 W/ActivityManager( 1629): Bad activity token: android.os.BinderProxy@fe0fcbc
06-05 18:35:00.190 W/ActivityManager( 1629): java.lang.ClassCastException: android.os.BinderProxy cannot be cast to com.android.server.am.ActivityRecord$Token
06-05 18:35:00.190 W/ActivityManager( 1629): 	at com.android.server.am.ActivityRecord.forTokenLocked(ActivityRecord.java:586)
06-05 18:35:00.190 W/ActivityManager( 1629): 	at com.android.server.am.ActivityRecord.isInStackLocked(ActivityRecord.java:1327)
06-05 18:35:00.190 W/ActivityManager( 1629): 	at com.android.server.am.ActivityManagerService.getActivityOptions(ActivityManagerService.java:12559)
06-05 18:35:00.190 W/ActivityManager( 1629): 	at android.app.ActivityManagerNative.onTransact(ActivityManagerNative.java:1933)
06-05 18:35:00.190 W/ActivityManager( 1629): 	at com.android.server.am.ActivityManagerService.onTransact(ActivityManagerService.java:2757)
06-05 18:35:00.190 W/ActivityManager( 1629): 	at android.os.Binder.execTransact(Binder.java:565)
06-05 18:35:00.213 V/PhoneStatusBar( 1711): setLightsOn(true)
06-05 18:35:00.221 D/EGL_emulation( 1711): eglMakeCurrent: 0xa5b6bd80: ver 2 0 (tinfo 0xb1367140)
06-05 18:35:00.221 V/PhoneStatusBar( 1711): setLightsOn(true)
06-05 18:35:00.223 V/PhoneStatusBar( 1711): setLightsOn(true)
06-05 18:35:00.223 D/gralloc_ranchu( 1346): gralloc_alloc: Creating ashmem region of size 9023488
06-05 18:35:00.225 V/PhoneStatusBar( 1711): setLightsOn(true)
06-05 18:35:00.228 D/        ( 6780): HostConnection::get() New Host Connection established 0x98c2e4c0, tid 6780
06-05 18:35:00.254 I/WindowManager( 1629): Destroying surface Surface(name=com.evancharlton.mileage/com.evancharlton.mileage.Mileage) called by com.android.server.wm.WindowStateAnimator.destroySurface:2016 com.android.server.wm.WindowStateAnimator.destroySurfaceLocked:882 com.android.server.wm.WindowState.removeLocked:1456 com.android.server.wm.WindowManagerService.removeWindowInnerLocked:2484 com.android.server.wm.AppWindowToken.destroySurfaces:365 com.android.server.wm.WindowStateAnimator.finishExit:565 com.android.server.wm.AppWindowAnimator.stepAnimationLocked:427 com.android.server.wm.WindowAnimator.updateAppWindowsLocked:196 
06-05 18:35:00.259 D/EGL_emulation( 1711): eglMakeCurrent: 0xa5b6bd80: ver 2 0 (tinfo 0xb1367140)
06-05 18:35:00.260 D/EGL_emulation( 2150): eglMakeCurrent: 0xb4f852a0: ver 2 0 (tinfo 0xb4f832e0)
06-05 18:35:00.263 D/EGL_emulation( 1711): eglMakeCurrent: 0xa5b6bd80: ver 2 0 (tinfo 0xb1367140)
06-05 18:35:00.265 D/EGL_emulation( 1711): eglMakeCurrent: 0xa5b6bd80: ver 2 0 (tinfo 0xb1367140)
06-05 18:35:00.267 D/EGL_emulation( 1711): eglMakeCurrent: 0xa5b6bd80: ver 2 0 (tinfo 0xb1367140)
06-05 18:35:00.271 D/EGL_emulation( 1711): eglMakeCurrent: 0xa5b6bd80: ver 2 0 (tinfo 0xb1367140)
06-05 18:35:00.277 D/EGL_emulation( 1711): eglMakeCurrent: 0xa5b6bd80: ver 2 0 (tinfo 0xb1367140)
06-05 18:35:00.280 I/ActivityManager( 1629): Displayed com.evancharlton.mileage/.Mileage: +123ms
06-05 18:35:00.287 D/gralloc_ranchu( 1346): gralloc_alloc: Creating ashmem region of size 9023488
06-05 18:35:00.294 D/EGL_emulation( 1711): eglMakeCurrent: 0xa5b6bd80: ver 2 0 (tinfo 0xb1367140)
06-05 18:35:00.302 D/EGL_emulation( 1711): eglMakeCurrent: 0xa5b6bd80: ver 2 0 (tinfo 0xb1367140)
06-05 18:35:00.304 D/EGL_emulation( 1711): eglMakeCurrent: 0xa5b6bd80: ver 2 0 (tinfo 0xb1367140)
06-05 18:35:00.313 D/EGL_emulation( 1711): eglMakeCurrent: 0xa5b6bd80: ver 2 0 (tinfo 0xb1367140)
06-05 18:35:00.313 V/PhoneStatusBar( 1711): setLightsOn(true)
06-05 18:35:00.325 D/EGL_emulation( 1711): eglMakeCurrent: 0xa5b6bd80: ver 2 0 (tinfo 0xb1367140)
06-05 18:35:00.327 D/EGL_emulation( 1711): eglMakeCurrent: 0xa5b6bd80: ver 2 0 (tinfo 0xb1367140)
06-05 18:35:00.332 I/System.out( 6780): URI: //map
06-05 18:35:00.332 I/System.out( 6780): params: {json={"query":"* marked:'Statistics'","operation":{"method_name":"query","arguments":[]}}
06-05 18:35:00.332 I/System.out( 6780): }
06-05 18:35:00.338 D/EGL_emulation( 1711): eglMakeCurrent: 0xa5b6bd80: ver 2 0 (tinfo 0xb1367140)
06-05 18:35:00.339 D/EGL_emulation( 1711): eglMakeCurrent: 0xa5b6bd80: ver 2 0 (tinfo 0xb1367140)
06-05 18:35:00.352 W/ResourceType( 6780): No package identifier when getting name for resource number 0x00000001
06-05 18:35:00.354 D/EGL_emulation( 1711): eglMakeCurrent: 0xa5b6bd80: ver 2 0 (tinfo 0xb1367140)
06-05 18:35:00.356 D/EGL_emulation( 1711): eglMakeCurrent: 0xa5b6bd80: ver 2 0 (tinfo 0xb1367140)
06-05 18:35:00.371 D/EGL_emulation( 1711): eglMakeCurrent: 0xa5b6bd80: ver 2 0 (tinfo 0xb1367140)
06-05 18:35:00.371 I/System.out( 6780): URI: //gesture
06-05 18:35:00.371 I/System.out( 6780): params: {json={"query_timeout":5.0,"gestures":[{"query_string":"* marked:'Statistics'","touches":[{"x":50,"y":50,"offset_x":0,"offset_y":0,"wait":0.0,"time":0.2,"release":true,"query_string":null}]}]}
06-05 18:35:00.371 I/System.out( 6780): }
06-05 18:35:00.372 D/EGL_emulation( 1711): eglMakeCurrent: 0xa5b6bd80: ver 2 0 (tinfo 0xb1367140)
06-05 18:35:00.377 W/ResourceType( 6780): No package identifier when getting name for resource number 0x00000001
06-05 18:35:00.394 D/EGL_emulation( 1711): eglMakeCurrent: 0xa5b6bd80: ver 2 0 (tinfo 0xb1367140)
06-05 18:35:00.396 D/EGL_emulation( 1711): eglMakeCurrent: 0xa5b6bd80: ver 2 0 (tinfo 0xb1367140)
06-05 18:35:00.407 D/EGL_emulation( 1711): eglMakeCurrent: 0xa5b6bd80: ver 2 0 (tinfo 0xb1367140)
06-05 18:35:00.413 D/EGL_emulation( 1711): eglMakeCurrent: 0xa5b6bd80: ver 2 0 (tinfo 0xb1367140)
06-05 18:35:00.421 D/EGL_emulation( 1711): eglMakeCurrent: 0xa5b6bd80: ver 2 0 (tinfo 0xb1367140)
06-05 18:35:00.422 D/EGL_emulation( 1711): eglMakeCurrent: 0xa5b6bd80: ver 2 0 (tinfo 0xb1367140)
06-05 18:35:00.437 D/EGL_emulation( 1711): eglMakeCurrent: 0xa5b6bd80: ver 2 0 (tinfo 0xb1367140)
06-05 18:35:00.439 D/EGL_emulation( 1711): eglMakeCurrent: 0xa5b6bd80: ver 2 0 (tinfo 0xb1367140)
06-05 18:35:00.454 D/EGL_emulation( 1711): eglMakeCurrent: 0xa5b6bd80: ver 2 0 (tinfo 0xb1367140)
06-05 18:35:00.470 I/WindowManager( 1629): Destroying surface Surface(name=Starting com.evancharlton.mileage) called by com.android.server.wm.WindowStateAnimator.destroySurface:2016 com.android.server.wm.WindowStateAnimator.destroySurfaceLocked:882 com.android.server.wm.WindowState.destroyOrSaveSurface:2100 com.android.server.wm.AppWindowToken.destroySurfaces:363 com.android.server.wm.WindowStateAnimator.finishExit:565 com.android.server.wm.WindowStateAnimator.stepAnimationLocked:491 com.android.server.wm.WindowAnimator.updateWindowsLocked:303 com.android.server.wm.WindowAnimator.animateLocked:704 
06-05 18:35:00.471 V/PhoneStatusBar( 1711): setLightsOn(true)
06-05 18:35:00.473 V/PhoneStatusBar( 1711): setLightsOn(true)
06-05 18:35:00.608 I/calabash( 6780): newActivity1
06-05 18:35:00.615 I/System.out( 6780): URI: //map
06-05 18:35:00.616 I/System.out( 6780): params: {json={"query":"android.widget.ScrollView index:0","operation":{"method_name":"query","arguments":[]}}
06-05 18:35:00.616 I/System.out( 6780): }
06-05 18:35:00.619 W/ActivityManager( 1629): Bad activity token: android.os.BinderProxy@e42e216
06-05 18:35:00.619 W/ActivityManager( 1629): java.lang.ClassCastException: android.os.BinderProxy cannot be cast to com.android.server.am.ActivityRecord$Token
06-05 18:35:00.619 W/ActivityManager( 1629): 	at com.android.server.am.ActivityRecord.forTokenLocked(ActivityRecord.java:586)
06-05 18:35:00.619 W/ActivityManager( 1629): 	at com.android.server.am.ActivityRecord.isInStackLocked(ActivityRecord.java:1327)
06-05 18:35:00.619 W/ActivityManager( 1629): 	at com.android.server.am.ActivityRecord.getStackLocked(ActivityRecord.java:1332)
06-05 18:35:00.619 W/ActivityManager( 1629): 	at com.android.server.am.ActivityManagerService.getActivityDisplayId(ActivityManagerService.java:9806)
06-05 18:35:00.619 W/ActivityManager( 1629): 	at android.app.ActivityManagerNative.onTransact(ActivityManagerNative.java:2566)
06-05 18:35:00.619 W/ActivityManager( 1629): 	at com.android.server.am.ActivityManagerService.onTransact(ActivityManagerService.java:2757)
06-05 18:35:00.619 W/ActivityManager( 1629): 	at android.os.Binder.execTransact(Binder.java:565)
06-05 18:35:00.620 W/ActivityManager( 1629): Bad activity token: android.os.BinderProxy@e42e216
06-05 18:35:00.620 W/ActivityManager( 1629): java.lang.ClassCastException: android.os.BinderProxy cannot be cast to com.android.server.am.ActivityRecord$Token
06-05 18:35:00.620 W/ActivityManager( 1629): 	at com.android.server.am.ActivityRecord.forTokenLocked(ActivityRecord.java:586)
06-05 18:35:00.620 W/ActivityManager( 1629): 	at com.android.server.am.ActivityRecord.isInStackLocked(ActivityRecord.java:1327)
06-05 18:35:00.620 W/ActivityManager( 1629): 	at com.android.server.am.ActivityManagerService.setTaskDescription(ActivityManagerService.java:9358)
06-05 18:35:00.620 W/ActivityManager( 1629): 	at android.app.ActivityManagerNative.onTransact(ActivityManagerNative.java:2639)
06-05 18:35:00.620 W/ActivityManager( 1629): 	at com.android.server.am.ActivityManagerService.onTransact(ActivityManagerService.java:2757)
06-05 18:35:00.620 W/ActivityManager( 1629): 	at android.os.Binder.execTransact(Binder.java:565)
06-05 18:35:00.621 W/ActivityManager( 1629): Bad activity token: android.os.BinderProxy@e42e216
06-05 18:35:00.621 W/ActivityManager( 1629): java.lang.ClassCastException: android.os.BinderProxy cannot be cast to com.android.server.am.ActivityRecord$Token
06-05 18:35:00.621 W/ActivityManager( 1629): 	at com.android.server.am.ActivityRecord.forTokenLocked(ActivityRecord.java:586)
06-05 18:35:00.621 W/ActivityManager( 1629): 	at com.android.server.am.ActivityRecord.isInStackLocked(ActivityRecord.java:1327)
06-05 18:35:00.621 W/ActivityManager( 1629): 	at com.android.server.am.ActivityRecord.getStackLocked(ActivityRecord.java:1332)
06-05 18:35:00.621 W/ActivityManager( 1629): 	at com.android.server.am.ActivityManagerService.getActivityStackId(ActivityManagerService.java:9817)
06-05 18:35:00.621 W/ActivityManager( 1629): 	at android.app.ActivityManagerNative.onTransact(ActivityManagerNative.java:2856)
06-05 18:35:00.621 W/ActivityManager( 1629): 	at com.android.server.am.ActivityManagerService.onTransact(ActivityManagerService.java:2757)
06-05 18:35:00.621 W/ActivityManager( 1629): 	at android.os.Binder.execTransact(Binder.java:565)
06-05 18:35:00.627 D/VehicleStatisticsActivity( 6780): Checking recalculation ...
06-05 18:35:00.628 D/VehicleStatisticsActivity( 6780): Recalculation not necessary.
06-05 18:35:00.629 W/ActivityManager( 1629): Bad activity token: android.os.BinderProxy@e42e216
06-05 18:35:00.629 W/ActivityManager( 1629): java.lang.ClassCastException: android.os.BinderProxy cannot be cast to com.android.server.am.ActivityRecord$Token
06-05 18:35:00.629 W/ActivityManager( 1629): 	at com.android.server.am.ActivityRecord.forTokenLocked(ActivityRecord.java:586)
06-05 18:35:00.629 W/ActivityManager( 1629): 	at com.android.server.am.ActivityRecord.isInStackLocked(ActivityRecord.java:1327)
06-05 18:35:00.629 W/ActivityManager( 1629): 	at com.android.server.am.ActivityManagerService.getActivityOptions(ActivityManagerService.java:12559)
06-05 18:35:00.629 W/ActivityManager( 1629): 	at android.app.ActivityManagerNative.onTransact(ActivityManagerNative.java:1933)
06-05 18:35:00.629 W/ActivityManager( 1629): 	at com.android.server.am.ActivityManagerService.onTransact(ActivityManagerService.java:2757)
06-05 18:35:00.629 W/ActivityManager( 1629): 	at android.os.Binder.execTransact(Binder.java:565)
06-05 18:35:00.629 W/ActivityManager( 1629): Bad activity token: android.os.BinderProxy@e42e216
06-05 18:35:00.629 W/ActivityManager( 1629): java.lang.ClassCastException: android.os.BinderProxy cannot be cast to com.android.server.am.ActivityRecord$Token
06-05 18:35:00.629 W/ActivityManager( 1629): 	at com.android.server.am.ActivityRecord.forTokenLocked(ActivityRecord.java:586)
06-05 18:35:00.629 W/ActivityManager( 1629): 	at com.android.server.am.ActivityRecord.isInStackLocked(ActivityRecord.java:1327)
06-05 18:35:00.629 W/ActivityManager( 1629): 	at com.android.server.am.ActivityManagerService.getActivityOptions(ActivityManagerService.java:12559)
06-05 18:35:00.629 W/ActivityManager( 1629): 	at android.app.ActivityManagerNative.onTransact(ActivityManagerNative.java:1933)
06-05 18:35:00.629 W/ActivityManager( 1629): 	at com.android.server.am.ActivityManagerService.onTransact(ActivityManagerService.java:2757)
06-05 18:35:00.629 W/ActivityManager( 1629): 	at android.os.Binder.execTransact(Binder.java:565)
06-05 18:35:00.631 D/VehicleStatisticsActivity( 6780): Checking recalculation ...
06-05 18:35:00.631 D/VehicleStatisticsActivity( 6780): Recalculation not necessary.
06-05 18:35:00.671 V/PhoneStatusBar( 1711): setLightsOn(true)
06-05 18:35:00.681 I/System.out( 6780): URI: //map
06-05 18:35:00.681 I/System.out( 6780): params: {json={"query":"android.widget.AbsListView index:0","operation":{"method_name":"query","arguments":[]}}
06-05 18:35:00.681 I/System.out( 6780): }
06-05 18:35:00.686 I/art     ( 6780): Do partial code cache collection, code=30KB, data=29KB
06-05 18:35:00.686 I/art     ( 6780): After code cache collection, code=29KB, data=28KB
06-05 18:35:00.686 I/art     ( 6780): Increasing code cache capacity to 128KB
06-05 18:35:00.696 I/System.out( 6780): URI: //map
06-05 18:35:00.696 I/System.out( 6780): params: {json={"query":"android.widget.AbsListView index:0","operation":{"method_name":"query","arguments":[]}}
06-05 18:35:00.696 I/System.out( 6780): }
06-05 18:35:00.711 I/System.out( 6780): URI: //map
06-05 18:35:00.711 I/System.out( 6780): params: {json={"query":"android.widget.AbsListView index:0","operation":{"method_name":"query","arguments":[]}}
06-05 18:35:00.711 I/System.out( 6780): }
06-05 18:35:00.726 I/System.out( 6780): URI: //map
06-05 18:35:00.726 I/System.out( 6780): params: {json={"query":"android.widget.AbsListView index:0","operation":{"method_name":"query","arguments":["getFirstVisiblePosition"]}}
06-05 18:35:00.726 I/System.out( 6780): }
06-05 18:35:00.738 I/System.out( 6780): URI: //map
06-05 18:35:00.738 I/System.out( 6780): params: {json={"query":"android.widget.AbsListView index:0","operation":{"method_name":"query","arguments":["getLastVisiblePosition"]}}
06-05 18:35:00.738 I/System.out( 6780): }
06-05 18:35:00.750 I/System.out( 6780): URI: //map
06-05 18:35:00.750 I/System.out( 6780): params: {json={"query":"android.widget.AbsListView index:0","operation":{"method_name":"query","arguments":[{"method_name":"setSelection","arguments":[26]}]}}
06-05 18:35:00.750 I/System.out( 6780): }
06-05 18:35:00.770 I/System.out( 6780): URI: //map
06-05 18:35:00.770 I/System.out( 6780): params: {json={"query":"* marked:'East'","operation":{"method_name":"query","arguments":[]}}
06-05 18:35:00.770 I/System.out( 6780): }
06-05 18:35:00.811 D/gralloc_ranchu( 1346): gralloc_alloc: Creating ashmem region of size 9023488
06-05 18:35:00.848 W/ResourceType( 6780): No package identifier when getting name for resource number 0x00000001
06-05 18:35:00.860 I/System.out( 6780): URI: //gesture
06-05 18:35:00.860 I/System.out( 6780): params: {json={"query_timeout":5.0,"gestures":[{"query_string":"* marked:'East'","touches":[{"x":50,"y":50,"offset_x":0,"offset_y":0,"wait":0.0,"time":0.2,"release":true,"query_string":null}]}]}
06-05 18:35:00.860 I/System.out( 6780): }
06-05 18:35:00.864 W/ResourceType( 6780): No package identifier when getting name for resource number 0x00000001
06-05 18:35:00.972 V/PhoneStatusBar( 1711): setLightsOn(true)
06-05 18:35:00.973 V/PhoneStatusBar( 1711): setLightsOn(true)
06-05 18:35:00.975 W/OpenGLRenderer( 2150): Incorrectly called buildLayer on View: ShortcutAndWidgetContainer, destroying layer...
06-05 18:35:00.989 V/PhoneStatusBar( 1711): setLightsOn(true)
06-05 18:35:00.991 I/WindowManager( 1629): Destroying surface Surface(name=com.android.launcher3/com.android.launcher3.Launcher) called by com.android.server.wm.WindowStateAnimator.destroySurface:2016 com.android.server.wm.WindowStateAnimator.destroySurfaceLocked:882 com.android.server.wm.WindowState.destroyOrSaveSurface:2100 com.android.server.wm.AppWindowToken.destroySurfaces:363 com.android.server.wm.AppWindowToken.notifyAppStopped:389 com.android.server.wm.WindowManagerService.notifyAppStopped:4463 com.android.server.am.ActivityStack.activityStoppedLocked:1252 com.android.server.am.ActivityManagerService.activityStopped:6903 
06-05 18:35:01.091 I/ActivityManager( 1629): START u0 {cmp=com.evancharlton.mileage/.charts.EastChart (has extras)} from uid 10160 on display 0
06-05 18:35:01.095 V/PhoneStatusBar( 1711): setLightsOn(true)
06-05 18:35:01.098 V/PhoneStatusBar( 1711): setLightsOn(true)
06-05 18:35:01.134 I/System.out( 6780): URI: //map
06-05 18:35:01.134 I/System.out( 6780): params: {json={"query":"* {text CONTAINS[c] 'Farthest east fillup'}","operation":{"method_name":"query","arguments":[]}}
06-05 18:35:01.134 I/System.out( 6780): }
06-05 18:35:01.162 I/calabash( 6780): newActivity1
06-05 18:35:01.166 W/aiCharts( 6780): License file is invalid or missing. 
06-05 18:35:01.166 W/aiCharts( 6780): Please place proper license.lic to /assets folder.
06-05 18:35:01.181 V/PhoneStatusBar( 1711): setLightsOn(true)
06-05 18:35:01.204 V/PhoneStatusBar( 1711): setLightsOn(true)
06-05 18:35:01.211 I/WindowManager( 1629): Destroying surface Surface(name=Creating chart…) called by com.android.server.wm.WindowStateAnimator.destroySurface:2016 com.android.server.wm.WindowStateAnimator.destroySurfaceLocked:882 com.android.server.wm.WindowState.removeLocked:1456 com.android.server.wm.WindowManagerService.removeWindowInnerLocked:2484 com.android.server.wm.WindowManagerService.removeWindowLocked:2442 com.android.server.wm.WindowManagerService.removeWindowLocked:2311 com.android.server.wm.WindowManagerService.removeWindow:2306 com.android.server.wm.Session.remove:202 
06-05 18:35:01.213 D/gralloc_ranchu( 1346): gralloc_alloc: Creating ashmem region of size 9023488
06-05 18:35:01.220 V/PhoneStatusBar( 1711): setLightsOn(true)
06-05 18:35:01.237 I/ActivityManager( 1629): Displayed com.evancharlton.mileage/.charts.EastChart: +79ms
06-05 18:35:01.237 V/PhoneStatusBar( 1711): setLightsOn(true)
06-05 18:35:01.271 V/PhoneStatusBar( 1711): setLightsOn(true)
06-05 18:35:01.474 V/PhoneStatusBar( 1711): setLightsOn(true)
06-05 18:35:01.497 I/System.out( 6780): URI: //map
06-05 18:35:01.497 I/System.out( 6780): params: {json={"query":"* {text CONTAINS[c] 'Farthest east fillup'}","operation":{"method_name":"query","arguments":[]}}
06-05 18:35:01.497 I/System.out( 6780): }
06-05 18:35:01.548 I/System.out( 6780): URI: //
06-05 18:35:01.548 I/System.out( 6780): params: {json={"command":"press_key","arguments":["KEYCODE_BACK"]}
06-05 18:35:01.548 I/System.out( 6780): }
06-05 18:35:01.548 I/System.out( 6780): header: {content-type=application/json;charset=utf-8, date=Fri, 05 Jun 2020 23:35:01 GMT, accept=*/*, host=127.0.0.1:34783, content-length=52, user-agent=HTTPClient/1.0 (2.8.3, ruby 2.5.1 (2018-03-29))}
06-05 18:35:01.548 I/System.out( 6780): params: {json={"command":"press_key","arguments":["KEYCODE_BACK"]}
06-05 18:35:01.548 I/System.out( 6780): }
06-05 18:35:01.548 I/System.out( 6780): ProP json = {"command":"press_key","arguments":["KEYCODE_BACK"]}
06-05 18:35:01.548 I/System.out( 6780): files: {}
06-05 18:35:01.548 I/System.out( 6780): command: {"command":"press_key","arguments":["KEYCODE_BACK"]}
06-05 18:35:01.550 I/InstrumentationBackend( 6780): Got command:'Command:'Line:null,press_key', arguments:'[KEYCODE_BACK]'
06-05 18:35:01.554 V/PhoneStatusBar( 1711): setLightsOn(true)
06-05 18:35:01.558 V/PhoneStatusBar( 1711): setLightsOn(true)
06-05 18:35:01.561 I/art     ( 6780): Do partial code cache collection, code=60KB, data=62KB
06-05 18:35:01.561 I/art     ( 6780): After code cache collection, code=59KB, data=61KB
06-05 18:35:01.561 I/art     ( 6780): Increasing code cache capacity to 256KB
06-05 18:35:01.562 D/VehicleStatisticsActivity( 6780): Checking recalculation ...
06-05 18:35:01.562 I/System.out( 6780): result:{"bonusInformation":[],"message":"","success":true}
06-05 18:35:01.563 D/VehicleStatisticsActivity( 6780): Recalculation not necessary.
06-05 18:35:01.565 I/System.out( 6780): URI: //map
06-05 18:35:01.565 I/System.out( 6780): params: {json={"query":"* {text CONTAINS[c] 'Statistics'}","operation":{"method_name":"query","arguments":[]}}
06-05 18:35:01.565 I/System.out( 6780): }
06-05 18:35:01.570 V/PhoneStatusBar( 1711): setLightsOn(true)
06-05 18:35:01.587 D/gralloc_ranchu( 1346): gralloc_alloc: Creating ashmem region of size 9023488
06-05 18:35:01.587 V/PhoneStatusBar( 1711): setLightsOn(true)
06-05 18:35:01.604 V/PhoneStatusBar( 1711): setLightsOn(true)
06-05 18:35:01.620 V/PhoneStatusBar( 1711): setLightsOn(true)
