--------- beginning of system
06-05 15:51:05.457 W/ActivityManager( 1630): Finishing task with all activities already finished
06-05 15:51:05.457 W/ActivityManager( 1630): Duplicate finish request for ActivityRecord{cc766f1 u0 com.evancharlton.mileage/.Mileage t322 f}
--------- beginning of main
06-05 15:51:05.459 V/PhoneStatusBar( 1712): setLightsOn(true)
06-05 15:51:05.461 D/gralloc_ranchu( 1346): gralloc_alloc: Creating ashmem region of size 3145728
06-05 15:51:05.466 E/EGL_emulation( 1346): tid 1346: eglCreateSyncKHR(1901): error 0x3004 (EGL_BAD_ATTRIBUTE)
06-05 15:51:05.477 W/ActivityManager( 1630): Finishing task with all activities already finished
06-05 15:51:05.477 W/ActivityManager( 1630): Duplicate finish request for ActivityRecord{cc766f1 u0 com.evancharlton.mileage/.Mileage t322 f}
06-05 15:51:05.478 W/ActivityManager( 1630): Finishing task with all activities already finished
06-05 15:51:05.478 W/ActivityManager( 1630): Duplicate finish request for ActivityRecord{cc766f1 u0 com.evancharlton.mileage/.Mileage t322 f}
06-05 15:51:05.478 W/ActivityManager( 1630): Finishing task with all activities already finished
06-05 15:51:05.478 W/ActivityManager( 1630): Duplicate finish request for ActivityRecord{cc766f1 u0 com.evancharlton.mileage/.Mileage t322 f}
06-05 15:51:05.478 W/ActivityManager( 1630): Finishing task with all activities already finished
06-05 15:51:05.478 W/ActivityManager( 1630): Duplicate finish request for ActivityRecord{cc766f1 u0 com.evancharlton.mileage/.Mileage t322 f}
06-05 15:51:05.478 W/ActivityManager( 1630): Finishing task with all activities already finished
06-05 15:51:05.478 W/ActivityManager( 1630): Duplicate finish request for ActivityRecord{192de2f u0 com.evancharlton.mileage/.VehicleActivity t322 f}
06-05 15:51:05.478 W/ActivityManager( 1630): Finishing task with all activities already finished
06-05 15:51:05.478 W/ActivityManager( 1630): Duplicate finish request for ActivityRecord{192de2f u0 com.evancharlton.mileage/.VehicleActivity t322 f}
06-05 15:51:05.478 W/ActivityManager( 1630): Finishing task with all activities already finished
06-05 15:51:05.478 W/ActivityManager( 1630): Duplicate finish request for ActivityRecord{cc766f1 u0 com.evancharlton.mileage/.Mileage t322 f}
06-05 15:51:05.479 W/ActivityManager( 1630): Finishing task with all activities already finished
06-05 15:51:05.479 W/ActivityManager( 1630): Duplicate finish request for ActivityRecord{cc766f1 u0 com.evancharlton.mileage/.Mileage t322 f}
06-05 15:51:05.527 D/EGL_emulation( 2099): eglMakeCurrent: 0xb4085240: ver 2 0 (tinfo 0xb40832d0)
06-05 15:51:05.544 D/EGL_emulation( 1712): eglMakeCurrent: 0xb4085540: ver 2 0 (tinfo 0xb4083740)
06-05 15:51:05.560 D/EGL_emulation( 1712): eglMakeCurrent: 0xb4085540: ver 2 0 (tinfo 0xb4083740)
06-05 15:51:05.562 D/EGL_emulation( 1712): eglMakeCurrent: 0xb4085540: ver 2 0 (tinfo 0xb4083740)
06-05 15:51:05.576 D/EGL_emulation( 1712): eglMakeCurrent: 0xb4085540: ver 2 0 (tinfo 0xb4083740)
06-05 15:51:05.578 D/EGL_emulation( 1712): eglMakeCurrent: 0xb4085540: ver 2 0 (tinfo 0xb4083740)
06-05 15:51:05.592 D/AndroidRuntime(19609): >>>>>> START com.android.internal.os.RuntimeInit uid 2000 <<<<<<
06-05 15:51:05.593 D/EGL_emulation( 1712): eglMakeCurrent: 0xb4085540: ver 2 0 (tinfo 0xb4083740)
06-05 15:51:05.593 D/AndroidRuntime(19609): CheckJNI is ON
06-05 15:51:05.595 D/EGL_emulation( 1712): eglMakeCurrent: 0xb4085540: ver 2 0 (tinfo 0xb4083740)
06-05 15:51:05.604 W/art     (19609): Unexpected CPU variant for X86 using defaults: x86
06-05 15:51:05.606 D/ICU     (19609): No timezone override file found: /data/misc/zoneinfo/current/icu/icu_tzdata.dat
06-05 15:51:05.610 D/EGL_emulation( 1712): eglMakeCurrent: 0xb4085540: ver 2 0 (tinfo 0xb4083740)
06-05 15:51:05.611 D/EGL_emulation( 1712): eglMakeCurrent: 0xb4085540: ver 2 0 (tinfo 0xb4083740)
06-05 15:51:05.613 E/memtrack(19609): Couldn't load memtrack module (No such file or directory)
06-05 15:51:05.613 E/android.os.Debug(19609): failed to load memtrack module: -2
06-05 15:51:05.614 I/Radio-JNI(19609): register_android_hardware_Radio DONE
06-05 15:51:05.618 D/AndroidRuntime(19609): Calling main entry com.android.commands.am.Am
06-05 15:51:05.619 I/ActivityManager( 1630): Force stopping com.evancharlton.mileage appid=10086 user=0: start instr
06-05 15:51:05.619 I/ActivityManager( 1630): Killing 19541:com.evancharlton.mileage/u0a86 (adj 0): stop com.evancharlton.mileage
06-05 15:51:05.620 D/ActivityManager( 1630): cleanUpApplicationRecord -- 19541
06-05 15:51:05.620 I/WindowManager( 1630): Destroying surface Surface(name=com.evancharlton.mileage/com.evancharlton.mileage.VehicleActivity) called by com.android.server.wm.WindowStateAnimator.destroySurface:2016 com.android.server.wm.WindowStateAnimator.destroySurfaceLocked:882 com.android.server.wm.WindowState.removeLocked:1456 com.android.server.wm.WindowManagerService.removeWindowInnerLocked:2484 com.android.server.wm.WindowManagerService.removeWindowLocked:2442 com.android.server.wm.WindowManagerService.removeWindowLocked:2311 com.android.server.wm.AppWindowToken.removeAllWindows:530 com.android.server.wm.AppWindowToken.removeAppFromTaskLocked:326 
06-05 15:51:05.621 W/ActivityManager( 1630): Crash of app com.evancharlton.mileage running instrumentation ComponentInfo{com.evancharlton.mileage.test/sh.calaba.instrumentationbackend.CalabashInstrumentationTestRunner}
06-05 15:51:05.621 I/ActivityManager( 1630): Force stopping com.evancharlton.mileage appid=10086 user=0: finished inst
06-05 15:51:05.621 W/InputDispatcher( 1630): channel '69eee74 com.evancharlton.mileage/com.evancharlton.mileage.Mileage (server)' ~ Consumer closed input channel or an error occurred.  events=0x9
06-05 15:51:05.622 E/InputDispatcher( 1630): channel '69eee74 com.evancharlton.mileage/com.evancharlton.mileage.Mileage (server)' ~ Channel is unrecoverably broken and will be disposed!
06-05 15:51:05.622 I/WindowManager( 1630): WIN DEATH: Window{69eee74 u0 com.evancharlton.mileage/com.evancharlton.mileage.Mileage EXITING}
06-05 15:51:05.622 W/InputDispatcher( 1630): Attempted to unregister already unregistered input channel '69eee74 com.evancharlton.mileage/com.evancharlton.mileage.Mileage (server)'
06-05 15:51:05.624 I/art     (19619): Not late-enabling -Xcheck:jni (already on)
06-05 15:51:05.624 W/art     (19619): Unexpected CPU variant for X86 using defaults: x86
06-05 15:51:05.632 I/ActivityManager( 1630): Start proc 19619:com.evancharlton.mileage/u0a86 for added application com.evancharlton.mileage
06-05 15:51:05.632 D/AndroidRuntime(19609): Shutting down VM
06-05 15:51:05.633 D/EGL_emulation( 1712): eglMakeCurrent: 0xb4085540: ver 2 0 (tinfo 0xb4083740)
06-05 15:51:05.638 D/EGL_emulation( 1712): eglMakeCurrent: 0xb4085540: ver 2 0 (tinfo 0xb4083740)
06-05 15:51:05.638 W/System  (19619): ClassLoader referenced unknown path: /data/app/com.evancharlton.mileage.test-1/lib/x86
06-05 15:51:05.639 W/System  (19619): ClassLoader referenced unknown path: /data/app/com.evancharlton.mileage-1/lib/x86
06-05 15:51:05.641 W/System  (19619): ClassLoader referenced unknown path: 
06-05 15:51:05.643 D/EGL_emulation( 1712): eglMakeCurrent: 0xb4085540: ver 2 0 (tinfo 0xb4083740)
06-05 15:51:05.645 I/System.out(19619): Main activity name automatically set to: com.evancharlton.mileage.Mileage
06-05 15:51:05.646 I/System.out(19619): Calabash did not load Mono. This is only a problem if you are trying to test a Mono application
06-05 15:51:05.646 I/calabash(19619): Test server port: 7102
06-05 15:51:05.647 D/EGL_emulation( 1712): eglMakeCurrent: 0xb4085540: ver 2 0 (tinfo 0xb4083740)
06-05 15:51:05.647 I/InstrumentationBackend(19619): Added:'GetPreferences', with key:'get_preferences'
06-05 15:51:05.651 I/InstrumentationBackend(19619): Added:'SetPreferences', with key:'set_preferences'
06-05 15:51:05.651 I/InstrumentationBackend(19619): Added:'ClearPreferences', with key:'clear_preferences'
06-05 15:51:05.651 I/InstrumentationBackend(19619): Added:'PressElement', with key:'press_l10n_element'
06-05 15:51:05.651 I/InstrumentationBackend(19619): Added:'WaitForElement', with key:'wait_for_l10n_element'
06-05 15:51:05.651 I/InstrumentationBackend(19619): Added:'NullAction', with key:'nullAction'
06-05 15:51:05.651 I/InstrumentationBackend(19619): Added:'PressKey', with key:'press_key'
06-05 15:51:05.651 I/InstrumentationBackend(19619): Added:'SetActivityOrientation', with key:'set_activity_orientation'
06-05 15:51:05.651 I/InstrumentationBackend(19619): Added:'GetActivityOrientation', with key:'get_activity_orientation'
06-05 15:51:05.651 I/InstrumentationBackend(19619): Added:'FakeGPSLocation', with key:'set_gps_coordinates'
06-05 15:51:05.651 I/InstrumentationBackend(19619): Added:'SetPropertyByCssSelector', with key:'set_property_by_css_selector'
06-05 15:51:05.651 I/InstrumentationBackend(19619): Added:'GetUrl', with key:'get_url'
06-05 15:51:05.652 I/InstrumentationBackend(19619): Added:'ScrollTo', with key:'scroll_to'
06-05 15:51:05.652 I/InstrumentationBackend(19619): Added:'GetLoadProgress', with key:'get_load_progress'
06-05 15:51:05.652 I/InstrumentationBackend(19619): Added:'DumpHtml', with key:'dump_html'
06-05 15:51:05.652 I/InstrumentationBackend(19619): Added:'DumpBodyHtml', with key:'dump_body_html'
06-05 15:51:05.652 I/InstrumentationBackend(19619): Added:'EnterTextByCssSelector', with key:'enter_text_by_selector'
06-05 15:51:05.652 I/InstrumentationBackend(19619): Added:'AndroidSDKVersion', with key:'android_sdk_version'
06-05 15:51:05.652 I/InstrumentationBackend(19619): Added:'Version', with key:'version'
06-05 15:51:05.652 I/InstrumentationBackend(19619): Added:'Drag', with key:'drag'
06-05 15:51:05.652 I/InstrumentationBackend(19619): Added:'TouchCoordinates', with key:'touch_coordinate'
06-05 15:51:05.653 I/InstrumentationBackend(19619): Added:'LongPressCoordinate', with key:'long_press_coordinate'
06-05 15:51:05.653 I/InstrumentationBackend(19619): Added:'DragCoordinates', with key:'drag_coordinates'
06-05 15:51:05.653 I/InstrumentationBackend(19619): Added:'ResumeApplication', with key:'resume_application'
06-05 15:51:05.653 I/InstrumentationBackend(19619): Added:'Swipe', with key:'swipe'
06-05 15:51:05.653 I/InstrumentationBackend(19619): Added:'DoubleTapCoordinate', with key:'double_tap_coordinate'
06-05 15:51:05.653 I/InstrumentationBackend(19619): Added:'ClickOnScreen', with key:'click_on_screen'
06-05 15:51:05.653 I/InstrumentationBackend(19619): Added:'GetActivityName', with key:'get_activity_name'
06-05 15:51:05.653 I/InstrumentationBackend(19619): Added:'ScrollToView', with key:'scroll_to_view'
06-05 15:51:05.653 I/InstrumentationBackend(19619): Added:'ViewConfiguration', with key:'view_configuration'
06-05 15:51:05.653 I/InstrumentationBackend(19619): Added:'IsCurrentActivityFocused', with key:'is_current_activity_focused'
06-05 15:51:05.653 I/InstrumentationBackend(19619): Added:'SendTcp', with key:'send_tcp'
06-05 15:51:05.653 I/InstrumentationBackend(19619): Added:'DpToDevicePixel', with key:'dp_to_device_pixel'
06-05 15:51:05.653 I/InstrumentationBackend(19619): Added:'KeyboardEnterText', with key:'keyboard_enter_text'
06-05 15:51:05.653 I/InstrumentationBackend(19619): Added:'DeleteSurroundingText', with key:'delete_surrounding_text'
06-05 15:51:05.653 I/InstrumentationBackend(19619): Added:'SetComposingRegion', with key:'set_composing_region'
06-05 15:51:05.653 I/InstrumentationBackend(19619): Added:'SetSelection', with key:'set_selection'
06-05 15:51:05.653 I/InstrumentationBackend(19619): Added:'KeyboardKeyEvent', with key:'keyboard_key_event'
06-05 15:51:05.653 I/InstrumentationBackend(19619): Added:'PressUserActionButton', with key:'press_user_action_button'
06-05 15:51:05.653 I/InstrumentationBackend(19619): Added:'HideSoftKeyboard', with key:'hide_soft_keyboard'
06-05 15:51:05.653 I/InstrumentationBackend(19619): Added:'ListActions', with key:'list_actions'
06-05 15:51:05.654 I/calabash(19619): Instantiating http server at 7102
06-05 15:51:05.654 I/System.out(19619): HTTP Daemon listening on: 7102
06-05 15:51:05.660 D/EGL_emulation( 1712): eglMakeCurrent: 0xb4085540: ver 2 0 (tinfo 0xb4083740)
06-05 15:51:05.661 D/EGL_emulation( 1712): eglMakeCurrent: 0xb4085540: ver 2 0 (tinfo 0xb4083740)
06-05 15:51:05.676 D/EGL_emulation( 1712): eglMakeCurrent: 0xb4085540: ver 2 0 (tinfo 0xb4083740)
06-05 15:51:05.678 D/EGL_emulation( 1712): eglMakeCurrent: 0xb4085540: ver 2 0 (tinfo 0xb4083740)
06-05 15:51:05.693 D/EGL_emulation( 1712): eglMakeCurrent: 0xb4085540: ver 2 0 (tinfo 0xb4083740)
06-05 15:51:05.695 D/EGL_emulation( 1712): eglMakeCurrent: 0xb4085540: ver 2 0 (tinfo 0xb4083740)
06-05 15:51:05.709 D/EGL_emulation( 1712): eglMakeCurrent: 0xb4085540: ver 2 0 (tinfo 0xb4083740)
06-05 15:51:05.711 D/EGL_emulation( 1712): eglMakeCurrent: 0xb4085540: ver 2 0 (tinfo 0xb4083740)
06-05 15:51:05.726 D/EGL_emulation( 1712): eglMakeCurrent: 0xb4085540: ver 2 0 (tinfo 0xb4083740)
06-05 15:51:05.728 D/EGL_emulation( 1712): eglMakeCurrent: 0xb4085540: ver 2 0 (tinfo 0xb4083740)
06-05 15:51:05.742 I/System.out(19619): URI: //ping
06-05 15:51:05.742 I/System.out(19619): params: {json={}
06-05 15:51:05.742 I/System.out(19619): }
06-05 15:51:05.744 D/EGL_emulation( 1712): eglMakeCurrent: 0xb4085540: ver 2 0 (tinfo 0xb4083740)
06-05 15:51:05.744 I/System.out(19619): URI: //ping
06-05 15:51:05.744 I/System.out(19619): params: {json={}
06-05 15:51:05.744 I/System.out(19619): }
06-05 15:51:05.746 I/System.out(19619): URI: //ready
06-05 15:51:05.746 I/System.out(19619): params: {json={}
06-05 15:51:05.746 I/System.out(19619): }
06-05 15:51:05.747 I/System.out(19619): URI: //
06-05 15:51:05.747 I/System.out(19619): params: {json={"command":"version","arguments":[]}
06-05 15:51:05.747 I/System.out(19619): }
06-05 15:51:05.748 I/System.out(19619): header: {content-type=application/json;charset=utf-8, date=Fri, 05 Jun 2020 20:51:06 GMT, accept=*/*, host=127.0.0.1:34784, content-length=36, user-agent=HTTPClient/1.0 (2.8.3, ruby 2.5.1 (2018-03-29))}
06-05 15:51:05.748 I/System.out(19619): params: {json={"command":"version","arguments":[]}
06-05 15:51:05.748 I/System.out(19619): }
06-05 15:51:05.748 I/System.out(19619): ProP json = {"command":"version","arguments":[]}
06-05 15:51:05.748 I/System.out(19619): files: {}
06-05 15:51:05.748 I/System.out(19619): command: {"command":"version","arguments":[]}
06-05 15:51:05.750 I/InstrumentationBackend(19619): Got command:'Command:'Line:null,version', arguments:'[]'
06-05 15:51:05.756 I/System.out(19619): result:{"bonusInformation":[],"message":"0.9.8","success":true}
06-05 15:51:05.758 I/System.out(19619): URI: //start-application
06-05 15:51:05.758 I/System.out(19619): params: {json={"intent":null}
06-05 15:51:05.758 I/System.out(19619): }
06-05 15:51:05.759 D/EGL_emulation( 1712): eglMakeCurrent: 0xb4085540: ver 2 0 (tinfo 0xb4083740)
06-05 15:51:05.761 D/EGL_emulation( 1712): eglMakeCurrent: 0xb4085540: ver 2 0 (tinfo 0xb4083740)
06-05 15:51:05.768 I/ActivityManager( 1630): START u0 {act=android.intent.action.MAIN cat=[android.intent.category.LAUNCHER] flg=0x10200000 cmp=com.evancharlton.mileage/.Mileage} from uid 10086 on display 0
06-05 15:51:05.773 I/calabash(19619): newActivity1
06-05 15:51:05.784 I/calabash(19619): newActivity1
06-05 15:51:05.786 W/ActivityManager( 1630): Bad activity token: android.os.BinderProxy@40781b
06-05 15:51:05.786 W/ActivityManager( 1630): java.lang.ClassCastException: android.os.BinderProxy cannot be cast to com.android.server.am.ActivityRecord$Token
06-05 15:51:05.786 W/ActivityManager( 1630): 	at com.android.server.am.ActivityRecord.forTokenLocked(ActivityRecord.java:586)
06-05 15:51:05.786 W/ActivityManager( 1630): 	at com.android.server.am.ActivityRecord.isInStackLocked(ActivityRecord.java:1327)
06-05 15:51:05.786 W/ActivityManager( 1630): 	at com.android.server.am.ActivityRecord.getStackLocked(ActivityRecord.java:1332)
06-05 15:51:05.786 W/ActivityManager( 1630): 	at com.android.server.am.ActivityManagerService.getActivityDisplayId(ActivityManagerService.java:9806)
06-05 15:51:05.786 W/ActivityManager( 1630): 	at android.app.ActivityManagerNative.onTransact(ActivityManagerNative.java:2566)
06-05 15:51:05.786 W/ActivityManager( 1630): 	at com.android.server.am.ActivityManagerService.onTransact(ActivityManagerService.java:2757)
06-05 15:51:05.786 W/ActivityManager( 1630): 	at android.os.Binder.execTransact(Binder.java:565)
06-05 15:51:05.788 W/ActivityManager( 1630): Bad activity token: android.os.BinderProxy@40781b
06-05 15:51:05.788 W/ActivityManager( 1630): java.lang.ClassCastException: android.os.BinderProxy cannot be cast to com.android.server.am.ActivityRecord$Token
06-05 15:51:05.788 W/ActivityManager( 1630): 	at com.android.server.am.ActivityRecord.forTokenLocked(ActivityRecord.java:586)
06-05 15:51:05.788 W/ActivityManager( 1630): 	at com.android.server.am.ActivityRecord.isInStackLocked(ActivityRecord.java:1327)
06-05 15:51:05.788 W/ActivityManager( 1630): 	at com.android.server.am.ActivityManagerService.setTaskDescription(ActivityManagerService.java:9358)
06-05 15:51:05.788 W/ActivityManager( 1630): 	at android.app.ActivityManagerNative.onTransact(ActivityManagerNative.java:2639)
06-05 15:51:05.788 W/ActivityManager( 1630): 	at com.android.server.am.ActivityManagerService.onTransact(ActivityManagerService.java:2757)
06-05 15:51:05.788 W/ActivityManager( 1630): 	at android.os.Binder.execTransact(Binder.java:565)
06-05 15:51:05.788 W/ActivityManager( 1630): Bad activity token: android.os.BinderProxy@40781b
06-05 15:51:05.788 W/ActivityManager( 1630): java.lang.ClassCastException: android.os.BinderProxy cannot be cast to com.android.server.am.ActivityRecord$Token
06-05 15:51:05.788 W/ActivityManager( 1630): 	at com.android.server.am.ActivityRecord.forTokenLocked(ActivityRecord.java:586)
06-05 15:51:05.788 W/ActivityManager( 1630): 	at com.android.server.am.ActivityRecord.isInStackLocked(ActivityRecord.java:1327)
06-05 15:51:05.788 W/ActivityManager( 1630): 	at com.android.server.am.ActivityRecord.getStackLocked(ActivityRecord.java:1332)
06-05 15:51:05.788 W/ActivityManager( 1630): 	at com.android.server.am.ActivityManagerService.getActivityStackId(ActivityManagerService.java:9817)
06-05 15:51:05.788 W/ActivityManager( 1630): 	at android.app.ActivityManagerNative.onTransact(ActivityManagerNative.java:2856)
06-05 15:51:05.788 W/ActivityManager( 1630): 	at com.android.server.am.ActivityManagerService.onTransact(ActivityManagerService.java:2757)
06-05 15:51:05.788 W/ActivityManager( 1630): 	at android.os.Binder.execTransact(Binder.java:565)
06-05 15:51:05.793 D/gralloc_ranchu( 1346): gralloc_alloc: Creating ashmem region of size 9023488
06-05 15:51:05.807 W/ActivityManager( 1630): Bad activity token: android.os.BinderProxy@40781b
06-05 15:51:05.807 W/ActivityManager( 1630): java.lang.ClassCastException: android.os.BinderProxy cannot be cast to com.android.server.am.ActivityRecord$Token
06-05 15:51:05.807 W/ActivityManager( 1630): 	at com.android.server.am.ActivityRecord.forTokenLocked(ActivityRecord.java:586)
06-05 15:51:05.807 W/ActivityManager( 1630): 	at com.android.server.am.ActivityRecord.isInStackLocked(ActivityRecord.java:1327)
06-05 15:51:05.807 W/ActivityManager( 1630): 	at com.android.server.am.ActivityManagerService.getActivityOptions(ActivityManagerService.java:12559)
06-05 15:51:05.807 W/ActivityManager( 1630): 	at android.app.ActivityManagerNative.onTransact(ActivityManagerNative.java:1933)
06-05 15:51:05.807 W/ActivityManager( 1630): 	at com.android.server.am.ActivityManagerService.onTransact(ActivityManagerService.java:2757)
06-05 15:51:05.807 W/ActivityManager( 1630): 	at android.os.Binder.execTransact(Binder.java:565)
06-05 15:51:05.807 W/ActivityManager( 1630): Bad activity token: android.os.BinderProxy@40781b
06-05 15:51:05.807 W/ActivityManager( 1630): java.lang.ClassCastException: android.os.BinderProxy cannot be cast to com.android.server.am.ActivityRecord$Token
06-05 15:51:05.807 W/ActivityManager( 1630): 	at com.android.server.am.ActivityRecord.forTokenLocked(ActivityRecord.java:586)
06-05 15:51:05.807 W/ActivityManager( 1630): 	at com.android.server.am.ActivityRecord.isInStackLocked(ActivityRecord.java:1327)
06-05 15:51:05.807 W/ActivityManager( 1630): 	at com.android.server.am.ActivityManagerService.getActivityOptions(ActivityManagerService.java:12559)
06-05 15:51:05.807 W/ActivityManager( 1630): 	at android.app.ActivityManagerNative.onTransact(ActivityManagerNative.java:1933)
06-05 15:51:05.807 W/ActivityManager( 1630): 	at com.android.server.am.ActivityManagerService.onTransact(ActivityManagerService.java:2757)
06-05 15:51:05.807 W/ActivityManager( 1630): 	at android.os.Binder.execTransact(Binder.java:565)
06-05 15:51:05.828 V/PhoneStatusBar( 1712): setLightsOn(true)
06-05 15:51:05.843 D/gralloc_ranchu( 1346): gralloc_alloc: Creating ashmem region of size 9023488
06-05 15:51:05.847 D/EGL_emulation( 2099): eglMakeCurrent: 0xb4085240: ver 2 0 (tinfo 0xb40832d0)
06-05 15:51:05.847 D/EGL_emulation( 1712): eglMakeCurrent: 0xb4085540: ver 2 0 (tinfo 0xb4083740)
06-05 15:51:05.848 D/        (19619): HostConnection::get() New Host Connection established 0xa7c15580, tid 19619
06-05 15:51:05.848 V/PhoneStatusBar( 1712): setLightsOn(true)
06-05 15:51:05.877 D/EGL_emulation( 1712): eglMakeCurrent: 0xb4085540: ver 2 0 (tinfo 0xb4083740)
06-05 15:51:05.880 D/EGL_emulation( 1712): eglMakeCurrent: 0xb4085540: ver 2 0 (tinfo 0xb4083740)
06-05 15:51:05.880 V/PhoneStatusBar( 1712): setLightsOn(true)
06-05 15:51:05.881 D/EGL_emulation( 1712): eglMakeCurrent: 0xb4085540: ver 2 0 (tinfo 0xb4083740)
06-05 15:51:05.893 D/EGL_emulation( 1712): eglMakeCurrent: 0xb4085540: ver 2 0 (tinfo 0xb4083740)
06-05 15:51:05.896 D/EGL_emulation( 1712): eglMakeCurrent: 0xb4085540: ver 2 0 (tinfo 0xb4083740)
06-05 15:51:05.911 D/EGL_emulation( 1712): eglMakeCurrent: 0xb4085540: ver 2 0 (tinfo 0xb4083740)
06-05 15:51:05.916 D/EGL_emulation( 1712): eglMakeCurrent: 0xb4085540: ver 2 0 (tinfo 0xb4083740)
06-05 15:51:05.917 D/gralloc_ranchu( 1346): gralloc_alloc: Creating ashmem region of size 9023488
06-05 15:51:05.938 I/ActivityManager( 1630): Displayed com.evancharlton.mileage/.Mileage: +166ms
06-05 15:51:05.948 D/EGL_emulation( 1712): eglMakeCurrent: 0xb4085540: ver 2 0 (tinfo 0xb4083740)
06-05 15:51:05.958 D/EGL_emulation( 1712): eglMakeCurrent: 0xb4085540: ver 2 0 (tinfo 0xb4083740)
06-05 15:51:05.975 D/EGL_emulation( 1712): eglMakeCurrent: 0xb4085540: ver 2 0 (tinfo 0xb4083740)
06-05 15:51:05.976 I/WindowManager( 1630): Destroying surface Surface(name=com.evancharlton.mileage/com.evancharlton.mileage.Mileage) called by com.android.server.wm.WindowStateAnimator.destroySurface:2016 com.android.server.wm.WindowStateAnimator.destroySurfaceLocked:882 com.android.server.wm.WindowState.removeLocked:1456 com.android.server.wm.WindowManagerService.removeWindowInnerLocked:2484 com.android.server.wm.AppWindowToken.destroySurfaces:365 com.android.server.wm.WindowStateAnimator.finishExit:565 com.android.server.wm.AppWindowAnimator.stepAnimationLocked:427 com.android.server.wm.WindowAnimator.updateAppWindowsLocked:196 
06-05 15:51:05.979 D/EGL_emulation( 1712): eglMakeCurrent: 0xb4085540: ver 2 0 (tinfo 0xb4083740)
06-05 15:51:05.982 D/EGL_emulation( 1712): eglMakeCurrent: 0xb4085540: ver 2 0 (tinfo 0xb4083740)
06-05 15:51:05.998 D/EGL_emulation( 1712): eglMakeCurrent: 0xb4085540: ver 2 0 (tinfo 0xb4083740)
06-05 15:51:06.000 D/EGL_emulation( 1712): eglMakeCurrent: 0xb4085540: ver 2 0 (tinfo 0xb4083740)
06-05 15:51:06.000 V/PhoneStatusBar( 1712): setLightsOn(true)
06-05 15:51:06.005 I/System.out(19619): URI: //map
06-05 15:51:06.005 I/System.out(19619): params: {json={"query":"* marked:'Vehicles'","operation":{"method_name":"query","arguments":[]}}
06-05 15:51:06.005 I/System.out(19619): }
06-05 15:51:06.010 D/EGL_emulation( 1712): eglMakeCurrent: 0xb4085540: ver 2 0 (tinfo 0xb4083740)
06-05 15:51:06.011 D/EGL_emulation( 1712): eglMakeCurrent: 0xb4085540: ver 2 0 (tinfo 0xb4083740)
06-05 15:51:06.018 W/ResourceType(19619): No package identifier when getting name for resource number 0x00000001
06-05 15:51:06.026 D/EGL_emulation( 1712): eglMakeCurrent: 0xb4085540: ver 2 0 (tinfo 0xb4083740)
06-05 15:51:06.028 D/EGL_emulation( 1712): eglMakeCurrent: 0xb4085540: ver 2 0 (tinfo 0xb4083740)
06-05 15:51:06.032 I/System.out(19619): URI: //gesture
06-05 15:51:06.032 I/System.out(19619): params: {json={"query_timeout":5.0,"gestures":[{"query_string":"* marked:'Vehicles'","touches":[{"x":50,"y":50,"offset_x":0,"offset_y":0,"wait":0.0,"time":0.2,"release":true,"query_string":null}]}]}
06-05 15:51:06.032 I/System.out(19619): }
06-05 15:51:06.036 W/ResourceType(19619): No package identifier when getting name for resource number 0x00000001
06-05 15:51:06.043 D/EGL_emulation( 1712): eglMakeCurrent: 0xb4085540: ver 2 0 (tinfo 0xb4083740)
06-05 15:51:06.051 D/EGL_emulation( 1712): eglMakeCurrent: 0xb4085540: ver 2 0 (tinfo 0xb4083740)
06-05 15:51:06.060 D/EGL_emulation( 1712): eglMakeCurrent: 0xb4085540: ver 2 0 (tinfo 0xb4083740)
06-05 15:51:06.142 I/WindowManager( 1630): Destroying surface Surface(name=Starting com.evancharlton.mileage) called by com.android.server.wm.WindowStateAnimator.destroySurface:2016 com.android.server.wm.WindowStateAnimator.destroySurfaceLocked:882 com.android.server.wm.WindowState.destroyOrSaveSurface:2100 com.android.server.wm.AppWindowToken.destroySurfaces:363 com.android.server.wm.WindowStateAnimator.finishExit:565 com.android.server.wm.WindowStateAnimator.stepAnimationLocked:491 com.android.server.wm.WindowAnimator.updateWindowsLocked:303 com.android.server.wm.WindowAnimator.animateLocked:704 
06-05 15:51:06.144 V/PhoneStatusBar( 1712): setLightsOn(true)
06-05 15:51:06.144 V/PhoneStatusBar( 1712): setLightsOn(true)
06-05 15:51:06.262 V/PhoneStatusBar( 1712): setLightsOn(true)
06-05 15:51:06.266 I/calabash(19619): newActivity1
06-05 15:51:06.267 W/ActivityManager( 1630): Bad activity token: android.os.BinderProxy@b488701
06-05 15:51:06.267 W/ActivityManager( 1630): java.lang.ClassCastException: android.os.BinderProxy cannot be cast to com.android.server.am.ActivityRecord$Token
06-05 15:51:06.267 W/ActivityManager( 1630): 	at com.android.server.am.ActivityRecord.forTokenLocked(ActivityRecord.java:586)
06-05 15:51:06.267 W/ActivityManager( 1630): 	at com.android.server.am.ActivityRecord.isInStackLocked(ActivityRecord.java:1327)
06-05 15:51:06.267 W/ActivityManager( 1630): 	at com.android.server.am.ActivityRecord.getStackLocked(ActivityRecord.java:1332)
06-05 15:51:06.267 W/ActivityManager( 1630): 	at com.android.server.am.ActivityManagerService.getActivityDisplayId(ActivityManagerService.java:9806)
06-05 15:51:06.267 W/ActivityManager( 1630): 	at android.app.ActivityManagerNative.onTransact(ActivityManagerNative.java:2566)
06-05 15:51:06.267 W/ActivityManager( 1630): 	at com.android.server.am.ActivityManagerService.onTransact(ActivityManagerService.java:2757)
06-05 15:51:06.267 W/ActivityManager( 1630): 	at android.os.Binder.execTransact(Binder.java:565)
06-05 15:51:06.270 W/ActivityManager( 1630): Bad activity token: android.os.BinderProxy@b488701
06-05 15:51:06.270 W/ActivityManager( 1630): java.lang.ClassCastException: android.os.BinderProxy cannot be cast to com.android.server.am.ActivityRecord$Token
06-05 15:51:06.270 W/ActivityManager( 1630): 	at com.android.server.am.ActivityRecord.forTokenLocked(ActivityRecord.java:586)
06-05 15:51:06.270 W/ActivityManager( 1630): 	at com.android.server.am.ActivityRecord.isInStackLocked(ActivityRecord.java:1327)
06-05 15:51:06.270 W/ActivityManager( 1630): 	at com.android.server.am.ActivityManagerService.setTaskDescription(ActivityManagerService.java:9358)
06-05 15:51:06.270 W/ActivityManager( 1630): 	at android.app.ActivityManagerNative.onTransact(ActivityManagerNative.java:2639)
06-05 15:51:06.270 W/ActivityManager( 1630): 	at com.android.server.am.ActivityManagerService.onTransact(ActivityManagerService.java:2757)
06-05 15:51:06.270 W/ActivityManager( 1630): 	at android.os.Binder.execTransact(Binder.java:565)
06-05 15:51:06.271 W/ActivityManager( 1630): Bad activity token: android.os.BinderProxy@b488701
06-05 15:51:06.271 W/ActivityManager( 1630): java.lang.ClassCastException: android.os.BinderProxy cannot be cast to com.android.server.am.ActivityRecord$Token
06-05 15:51:06.271 W/ActivityManager( 1630): 	at com.android.server.am.ActivityRecord.forTokenLocked(ActivityRecord.java:586)
06-05 15:51:06.271 W/ActivityManager( 1630): 	at com.android.server.am.ActivityRecord.isInStackLocked(ActivityRecord.java:1327)
06-05 15:51:06.271 W/ActivityManager( 1630): 	at com.android.server.am.ActivityRecord.getStackLocked(ActivityRecord.java:1332)
06-05 15:51:06.271 W/ActivityManager( 1630): 	at com.android.server.am.ActivityManagerService.getActivityStackId(ActivityManagerService.java:9817)
06-05 15:51:06.271 W/ActivityManager( 1630): 	at android.app.ActivityManagerNative.onTransact(ActivityManagerNative.java:2856)
06-05 15:51:06.271 W/ActivityManager( 1630): 	at com.android.server.am.ActivityManagerService.onTransact(ActivityManagerService.java:2757)
06-05 15:51:06.271 W/ActivityManager( 1630): 	at android.os.Binder.execTransact(Binder.java:565)
06-05 15:51:06.285 W/ActivityManager( 1630): Bad activity token: android.os.BinderProxy@b488701
06-05 15:51:06.285 W/ActivityManager( 1630): java.lang.ClassCastException: android.os.BinderProxy cannot be cast to com.android.server.am.ActivityRecord$Token
06-05 15:51:06.285 W/ActivityManager( 1630): 	at com.android.server.am.ActivityRecord.forTokenLocked(ActivityRecord.java:586)
06-05 15:51:06.285 W/ActivityManager( 1630): 	at com.android.server.am.ActivityRecord.isInStackLocked(ActivityRecord.java:1327)
06-05 15:51:06.285 W/ActivityManager( 1630): 	at com.android.server.am.ActivityManagerService.getActivityOptions(ActivityManagerService.java:12559)
06-05 15:51:06.285 W/ActivityManager( 1630): 	at android.app.ActivityManagerNative.onTransact(ActivityManagerNative.java:1933)
06-05 15:51:06.285 W/ActivityManager( 1630): 	at com.android.server.am.ActivityManagerService.onTransact(ActivityManagerService.java:2757)
06-05 15:51:06.285 W/ActivityManager( 1630): 	at android.os.Binder.execTransact(Binder.java:565)
06-05 15:51:06.287 W/ActivityManager( 1630): Bad activity token: android.os.BinderProxy@b488701
06-05 15:51:06.287 W/ActivityManager( 1630): java.lang.ClassCastException: android.os.BinderProxy cannot be cast to com.android.server.am.ActivityRecord$Token
06-05 15:51:06.287 W/ActivityManager( 1630): 	at com.android.server.am.ActivityRecord.forTokenLocked(ActivityRecord.java:586)
06-05 15:51:06.287 W/ActivityManager( 1630): 	at com.android.server.am.ActivityRecord.isInStackLocked(ActivityRecord.java:1327)
06-05 15:51:06.287 W/ActivityManager( 1630): 	at com.android.server.am.ActivityManagerService.getActivityOptions(ActivityManagerService.java:12559)
06-05 15:51:06.287 W/ActivityManager( 1630): 	at android.app.ActivityManagerNative.onTransact(ActivityManagerNative.java:1933)
06-05 15:51:06.287 W/ActivityManager( 1630): 	at com.android.server.am.ActivityManagerService.onTransact(ActivityManagerService.java:2757)
06-05 15:51:06.287 W/ActivityManager( 1630): 	at android.os.Binder.execTransact(Binder.java:565)
06-05 15:51:06.298 I/System.out(19619): URI: //map
06-05 15:51:06.298 I/System.out(19619): params: {json={"query":"* marked:'Javier Vehicle'","operation":{"method_name":"query","arguments":[]}}
06-05 15:51:06.298 I/System.out(19619): }
06-05 15:51:06.335 W/ResourceType(19619): No package identifier when getting name for resource number 0x00000001
06-05 15:51:06.347 I/System.out(19619): URI: //gesture
06-05 15:51:06.347 I/System.out(19619): params: {json={"query_timeout":5.0,"gestures":[{"query_string":"* marked:'Javier Vehicle'","touches":[{"x":50,"y":50,"offset_x":0,"offset_y":0,"wait":0.0,"time":0.2,"release":true,"query_string":null}]}]}
06-05 15:51:06.347 I/System.out(19619): }
06-05 15:51:06.348 I/art     (19619): Do partial code cache collection, code=30KB, data=28KB
06-05 15:51:06.348 I/art     (19619): After code cache collection, code=29KB, data=28KB
06-05 15:51:06.348 I/art     (19619): Increasing code cache capacity to 128KB
06-05 15:51:06.351 W/ResourceType(19619): No package identifier when getting name for resource number 0x00000001
06-05 15:51:06.510 D/gralloc_ranchu( 1346): gralloc_alloc: Creating ashmem region of size 9023488
06-05 15:51:06.568 V/PhoneStatusBar( 1712): setLightsOn(true)
06-05 15:51:06.569 V/PhoneStatusBar( 1712): setLightsOn(true)
06-05 15:51:06.570 W/OpenGLRenderer( 2099): Incorrectly called buildLayer on View: ShortcutAndWidgetContainer, destroying layer...
06-05 15:51:06.583 V/PhoneStatusBar( 1712): setLightsOn(true)
06-05 15:51:06.593 I/WindowManager( 1630): Destroying surface Surface(name=com.android.launcher3/com.android.launcher3.Launcher) called by com.android.server.wm.WindowStateAnimator.destroySurface:2016 com.android.server.wm.WindowStateAnimator.destroySurfaceLocked:882 com.android.server.wm.WindowState.destroyOrSaveSurface:2100 com.android.server.wm.AppWindowToken.destroySurfaces:363 com.android.server.wm.AppWindowToken.notifyAppStopped:389 com.android.server.wm.WindowManagerService.notifyAppStopped:4463 com.android.server.am.ActivityStack.activityStoppedLocked:1252 com.android.server.am.ActivityManagerService.activityStopped:6903 
06-05 15:51:06.657 I/System.out(19619): URI: //gesture
06-05 15:51:06.657 I/System.out(19619): params: {json={"query_timeout":5.0,"gestures":[{"query_string":"android.widget.EditText index:1","touches":[{"x":50,"y":50,"offset_x":0,"offset_y":0,"wait":0.0,"time":0.2,"release":true,"query_string":null}]}]}
06-05 15:51:06.657 I/System.out(19619): }
06-05 15:51:06.708 I/ActivityManager( 1630): START u0 {cmp=com.evancharlton.mileage/.VehicleActivity (has extras)} from uid 10086 on display 0
06-05 15:51:06.710 V/PhoneStatusBar( 1712): setLightsOn(true)
06-05 15:51:06.711 V/PhoneStatusBar( 1712): setLightsOn(true)
06-05 15:51:06.759 I/calabash(19619): newActivity1
06-05 15:51:06.793 V/PhoneStatusBar( 1712): setLightsOn(true)
06-05 15:51:06.795 D/gralloc_ranchu( 1346): gralloc_alloc: Creating ashmem region of size 9023488
06-05 15:51:06.809 V/PhoneStatusBar( 1712): setLightsOn(true)
06-05 15:51:06.821 I/ActivityManager( 1630): Displayed com.evancharlton.mileage/.VehicleActivity: +64ms
06-05 15:51:06.821 W/InputMethodService( 1697): Window size has been changed. This may cause jankiness of resizing window: -1 -> -2
06-05 15:51:06.826 D/gralloc_ranchu( 1346): gralloc_alloc: Creating ashmem region of size 9023488
06-05 15:51:06.826 V/PhoneStatusBar( 1712): setLightsOn(true)
06-05 15:51:06.827 I/LatinIME( 1697): Starting input. Cursor position = 0,0
06-05 15:51:06.859 V/PhoneStatusBar( 1712): setLightsOn(true)
06-05 15:51:06.892 V/PhoneStatusBar( 1712): setLightsOn(true)
06-05 15:51:06.910 V/PhoneStatusBar( 1712): setLightsOn(true)
06-05 15:51:06.927 D/EGL_emulation( 1697): eglMakeCurrent: 0xb4085660: ver 2 0 (tinfo 0xb40834b0)
06-05 15:51:06.927 D/EGL_emulation( 1712): eglMakeCurrent: 0xb4085540: ver 2 0 (tinfo 0xb4083740)
06-05 15:51:06.928 V/PhoneStatusBar( 1712): setLightsOn(true)
06-05 15:51:06.945 D/EGL_emulation( 1712): eglMakeCurrent: 0xb4085540: ver 2 0 (tinfo 0xb4083740)
06-05 15:51:06.961 V/PhoneStatusBar( 1712): setLightsOn(true)
06-05 15:51:07.126 V/PhoneStatusBar( 1712): setLightsOn(true)
06-05 15:51:07.176 V/PhoneStatusBar( 1712): setLightsOn(true)
06-05 15:51:07.209 V/PhoneStatusBar( 1712): setLightsOn(true)
06-05 15:51:07.210 V/PhoneStatusBar( 1712): setLightsOn(true)
06-05 15:51:07.226 V/PhoneStatusBar( 1712): setLightsOn(true)
06-05 15:51:07.226 I/WindowManager( 1630): Destroying surface Surface(name=com.evancharlton.mileage/com.evancharlton.mileage.Mileage) called by com.android.server.wm.WindowStateAnimator.destroySurface:2016 com.android.server.wm.WindowStateAnimator.destroySurfaceLocked:882 com.android.server.wm.WindowState.destroyOrSaveSurface:2100 com.android.server.wm.WindowManagerService.tryStartExitingAnimation:3024 com.android.server.wm.WindowManagerService.relayoutWindow:2904 com.android.server.wm.Session.relayout:224 android.view.IWindowSession$Stub.onTransact:286 com.android.server.wm.Session.onTransact:145 
06-05 15:51:07.227 V/PhoneStatusBar( 1712): setLightsOn(true)
06-05 15:51:07.431 I/LatinIME( 1697): Starting input. Cursor position = 4,4
06-05 15:51:07.467 W/IInputConnectionWrapper(19619): finishComposingText on inactive InputConnection
06-05 15:51:07.467 W/IInputConnectionWrapper(19619): finishComposingText on inactive InputConnection
06-05 15:51:07.469 V/PhoneStatusBar( 1712): setLightsOn(true)
06-05 15:51:07.476 V/PhoneStatusBar( 1712): setLightsOn(true)
06-05 15:51:07.493 D/gralloc_ranchu( 1346): gralloc_alloc: Creating ashmem region of size 49152
06-05 15:51:07.496 V/PhoneStatusBar( 1712): setLightsOn(true)
06-05 15:51:07.497 V/PhoneStatusBar( 1712): setLightsOn(true)
06-05 15:51:07.509 V/PhoneStatusBar( 1712): setLightsOn(true)
06-05 15:51:07.610 V/PhoneStatusBar( 1712): setLightsOn(true)
06-05 15:51:07.938 I/System.out(19619): URI: //
06-05 15:51:07.938 I/System.out(19619): params: {json={"command":"set_selection","arguments":[-1,-1]}
06-05 15:51:07.938 I/System.out(19619): }
06-05 15:51:07.938 I/System.out(19619): header: {content-type=application/json;charset=utf-8, date=Fri, 05 Jun 2020 20:51:08 GMT, accept=*/*, host=127.0.0.1:34784, content-length=47, user-agent=HTTPClient/1.0 (2.8.3, ruby 2.5.1 (2018-03-29))}
06-05 15:51:07.938 I/System.out(19619): params: {json={"command":"set_selection","arguments":[-1,-1]}
06-05 15:51:07.938 I/System.out(19619): }
06-05 15:51:07.938 I/System.out(19619): ProP json = {"command":"set_selection","arguments":[-1,-1]}
06-05 15:51:07.938 I/System.out(19619): files: {}
06-05 15:51:07.938 I/System.out(19619): command: {"command":"set_selection","arguments":[-1,-1]}
06-05 15:51:07.940 I/InstrumentationBackend(19619): Got command:'Command:'Line:null,set_selection', arguments:'[-1, -1]'
06-05 15:51:07.979 I/System.out(19619): result:{"bonusInformation":[],"message":"","success":true}
06-05 15:51:08.079 D/gralloc_ranchu( 1346): gralloc_alloc: Creating ashmem region of size 9023488
06-05 15:51:08.083 I/System.out(19619): URI: //
06-05 15:51:08.083 I/System.out(19619): params: {json={"command":"delete_surrounding_text","arguments":[-1,0]}
06-05 15:51:08.083 I/System.out(19619): }
06-05 15:51:08.083 I/System.out(19619): header: {content-type=application/json;charset=utf-8, date=Fri, 05 Jun 2020 20:51:08 GMT, accept=*/*, host=127.0.0.1:34784, content-length=56, user-agent=HTTPClient/1.0 (2.8.3, ruby 2.5.1 (2018-03-29))}
06-05 15:51:08.084 I/System.out(19619): params: {json={"command":"delete_surrounding_text","arguments":[-1,0]}
06-05 15:51:08.084 I/System.out(19619): }
06-05 15:51:08.084 I/System.out(19619): ProP json = {"command":"delete_surrounding_text","arguments":[-1,0]}
06-05 15:51:08.084 I/System.out(19619): files: {}
06-05 15:51:08.084 I/System.out(19619): command: {"command":"delete_surrounding_text","arguments":[-1,0]}
06-05 15:51:08.086 I/InstrumentationBackend(19619): Got command:'Command:'Line:null,delete_surrounding_text', arguments:'[-1, 0]'
06-05 15:51:08.126 E/SpannableStringBuilder(19619): SPAN_EXCLUSIVE_EXCLUSIVE spans cannot have a zero length
06-05 15:51:08.126 E/SpannableStringBuilder(19619): SPAN_EXCLUSIVE_EXCLUSIVE spans cannot have a zero length
06-05 15:51:08.128 V/PhoneStatusBar( 1712): setLightsOn(true)
06-05 15:51:08.135 I/System.out(19619): result:{"bonusInformation":[],"message":"","success":true}
06-05 15:51:08.140 I/System.out(19619): URI: //map
06-05 15:51:08.140 I/System.out(19619): params: {json={"query":"android.widget.EditText index:1","operation":{"method_name":"query","arguments":[]}}
06-05 15:51:08.140 I/System.out(19619): }
06-05 15:51:08.197 I/System.out(19619): URI: //gesture
06-05 15:51:08.197 I/System.out(19619): params: {json={"query_timeout":5.0,"gestures":[{"query_string":"android.widget.EditText index:1","touches":[{"x":50,"y":50,"offset_x":0,"offset_y":0,"wait":0.0,"time":0.2,"release":true,"query_string":null}]}]}
06-05 15:51:08.197 I/System.out(19619): }
06-05 15:51:08.309 I/WindowManager( 1630): Destroying surface Surface(name=PopupWindow:1a63edc) called by com.android.server.wm.WindowStateAnimator.destroySurface:2016 com.android.server.wm.WindowStateAnimator.destroySurfaceLocked:882 com.android.server.wm.WindowState.destroyOrSaveSurface:2100 com.android.server.wm.AppWindowToken.destroySurfaces:363 com.android.server.wm.WindowStateAnimator.finishExit:565 com.android.server.wm.WindowStateAnimator.stepAnimationLocked:491 com.android.server.wm.WindowAnimator.updateWindowsLocked:303 com.android.server.wm.WindowAnimator.animateLocked:704 
06-05 15:51:08.310 V/PhoneStatusBar( 1712): setLightsOn(true)
06-05 15:51:08.311 V/PhoneStatusBar( 1712): setLightsOn(true)
06-05 15:51:09.020 I/System.out(19619): URI: //
06-05 15:51:09.020 I/System.out(19619): params: {json={"command":"set_selection","arguments":[-1,-1]}
06-05 15:51:09.020 I/System.out(19619): }
06-05 15:51:09.020 I/System.out(19619): header: {content-type=application/json;charset=utf-8, date=Fri, 05 Jun 2020 20:51:09 GMT, accept=*/*, host=127.0.0.1:34784, content-length=47, user-agent=HTTPClient/1.0 (2.8.3, ruby 2.5.1 (2018-03-29))}
06-05 15:51:09.020 I/System.out(19619): params: {json={"command":"set_selection","arguments":[-1,-1]}
06-05 15:51:09.020 I/System.out(19619): }
06-05 15:51:09.020 I/System.out(19619): ProP json = {"command":"set_selection","arguments":[-1,-1]}
06-05 15:51:09.020 I/System.out(19619): files: {}
06-05 15:51:09.020 I/System.out(19619): command: {"command":"set_selection","arguments":[-1,-1]}
06-05 15:51:09.022 I/InstrumentationBackend(19619): Got command:'Command:'Line:null,set_selection', arguments:'[-1, -1]'
06-05 15:51:09.024 I/System.out(19619): result:{"bonusInformation":[],"message":"","success":true}
06-05 15:51:09.040 I/System.out(19619): URI: //
06-05 15:51:09.040 I/System.out(19619): params: {json={"command":"keyboard_enter_text","arguments":["2017"]}
06-05 15:51:09.040 I/System.out(19619): }
06-05 15:51:09.040 I/System.out(19619): header: {content-type=application/json;charset=utf-8, date=Fri, 05 Jun 2020 20:51:09 GMT, accept=*/*, host=127.0.0.1:34784, content-length=54, user-agent=HTTPClient/1.0 (2.8.3, ruby 2.5.1 (2018-03-29))}
06-05 15:51:09.040 I/System.out(19619): params: {json={"command":"keyboard_enter_text","arguments":["2017"]}
06-05 15:51:09.040 I/System.out(19619): }
06-05 15:51:09.040 I/System.out(19619): ProP json = {"command":"keyboard_enter_text","arguments":["2017"]}
06-05 15:51:09.040 I/System.out(19619): files: {}
06-05 15:51:09.040 I/System.out(19619): command: {"command":"keyboard_enter_text","arguments":["2017"]}
06-05 15:51:09.041 I/InstrumentationBackend(19619): Got command:'Command:'Line:null,keyboard_enter_text', arguments:'[2017]'
06-05 15:51:09.041 E/SpannableStringBuilder(19619): SPAN_EXCLUSIVE_EXCLUSIVE spans cannot have a zero length
06-05 15:51:09.041 E/SpannableStringBuilder(19619): SPAN_EXCLUSIVE_EXCLUSIVE spans cannot have a zero length
06-05 15:51:09.042 E/SpannableStringBuilder(19619): SPAN_EXCLUSIVE_EXCLUSIVE spans cannot have a zero length
06-05 15:51:09.042 E/SpannableStringBuilder(19619): SPAN_EXCLUSIVE_EXCLUSIVE spans cannot have a zero length
06-05 15:51:09.045 I/System.out(19619): result:{"bonusInformation":[],"message":"","success":true}
06-05 15:51:09.048 I/System.out(19619): URI: //gesture
06-05 15:51:09.048 I/System.out(19619): params: {json={"query_timeout":5.0,"gestures":[{"query_string":"android.widget.EditText index:4","touches":[{"x":50,"y":50,"offset_x":0,"offset_y":0,"wait":0.0,"time":0.2,"release":true,"query_string":null}]}]}
06-05 15:51:09.048 I/System.out(19619): }
06-05 15:51:09.332 I/LatinIME( 1697): Starting input. Cursor position = 10,10
06-05 15:51:09.369 W/IInputConnectionWrapper(19619): finishComposingText on inactive InputConnection
06-05 15:51:09.371 V/PhoneStatusBar( 1712): setLightsOn(true)
06-05 15:51:09.377 V/PhoneStatusBar( 1712): setLightsOn(true)
06-05 15:51:09.393 D/gralloc_ranchu( 1346): gralloc_alloc: Creating ashmem region of size 49152
06-05 15:51:09.396 V/PhoneStatusBar( 1712): setLightsOn(true)
06-05 15:51:09.397 V/PhoneStatusBar( 1712): setLightsOn(true)
06-05 15:51:09.410 V/PhoneStatusBar( 1712): setLightsOn(true)
06-05 15:51:09.509 D/gralloc_ranchu( 1346): gralloc_alloc: Creating ashmem region of size 49152
06-05 15:51:09.510 V/PhoneStatusBar( 1712): setLightsOn(true)
06-05 15:51:09.836 I/System.out(19619): URI: //
06-05 15:51:09.836 I/System.out(19619): params: {json={"command":"set_selection","arguments":[-1,-1]}
06-05 15:51:09.836 I/System.out(19619): }
06-05 15:51:09.836 I/System.out(19619): header: {content-type=application/json;charset=utf-8, date=Fri, 05 Jun 2020 20:51:10 GMT, accept=*/*, host=127.0.0.1:34784, content-length=47, user-agent=HTTPClient/1.0 (2.8.3, ruby 2.5.1 (2018-03-29))}
06-05 15:51:09.836 I/System.out(19619): params: {json={"command":"set_selection","arguments":[-1,-1]}
06-05 15:51:09.836 I/System.out(19619): }
06-05 15:51:09.836 I/System.out(19619): ProP json = {"command":"set_selection","arguments":[-1,-1]}
06-05 15:51:09.836 I/System.out(19619): files: {}
06-05 15:51:09.836 I/System.out(19619): command: {"command":"set_selection","arguments":[-1,-1]}
06-05 15:51:09.837 I/InstrumentationBackend(19619): Got command:'Command:'Line:null,set_selection', arguments:'[-1, -1]'
06-05 15:51:09.840 I/System.out(19619): result:{"bonusInformation":[],"message":"","success":true}
06-05 15:51:09.904 W/audio_hw_generic( 1395): Not supplying enough data to HAL, expected position 33779073 , only wrote 32955120
06-05 15:51:09.943 I/System.out(19619): URI: //
06-05 15:51:09.943 I/System.out(19619): params: {json={"command":"delete_surrounding_text","arguments":[-1,0]}
06-05 15:51:09.943 I/System.out(19619): }
06-05 15:51:09.943 I/System.out(19619): header: {content-type=application/json;charset=utf-8, date=Fri, 05 Jun 2020 20:51:10 GMT, accept=*/*, host=127.0.0.1:34784, content-length=56, user-agent=HTTPClient/1.0 (2.8.3, ruby 2.5.1 (2018-03-29))}
06-05 15:51:09.943 I/System.out(19619): params: {json={"command":"delete_surrounding_text","arguments":[-1,0]}
06-05 15:51:09.943 I/System.out(19619): }
06-05 15:51:09.943 I/System.out(19619): ProP json = {"command":"delete_surrounding_text","arguments":[-1,0]}
06-05 15:51:09.943 I/System.out(19619): files: {}
06-05 15:51:09.943 I/System.out(19619): command: {"command":"delete_surrounding_text","arguments":[-1,0]}
06-05 15:51:09.944 I/InstrumentationBackend(19619): Got command:'Command:'Line:null,delete_surrounding_text', arguments:'[-1, 0]'
06-05 15:51:09.944 E/SpannableStringBuilder(19619): SPAN_EXCLUSIVE_EXCLUSIVE spans cannot have a zero length
06-05 15:51:09.944 E/SpannableStringBuilder(19619): SPAN_EXCLUSIVE_EXCLUSIVE spans cannot have a zero length
06-05 15:51:09.947 V/PhoneStatusBar( 1712): setLightsOn(true)
06-05 15:51:09.949 I/System.out(19619): result:{"bonusInformation":[],"message":"","success":true}
06-05 15:51:09.952 I/System.out(19619): URI: //map
06-05 15:51:09.952 I/System.out(19619): params: {json={"query":"android.widget.EditText index:4","operation":{"method_name":"query","arguments":[]}}
06-05 15:51:09.952 I/System.out(19619): }
06-05 15:51:09.994 I/System.out(19619): URI: //gesture
06-05 15:51:09.994 I/System.out(19619): params: {json={"query_timeout":5.0,"gestures":[{"query_string":"android.widget.EditText index:4","touches":[{"x":50,"y":50,"offset_x":0,"offset_y":0,"wait":0.0,"time":0.2,"release":true,"query_string":null}]}]}
06-05 15:51:09.994 I/System.out(19619): }
06-05 15:51:09.998 I/art     (19619): Do partial code cache collection, code=55KB, data=59KB
06-05 15:51:09.998 I/art     (19619): After code cache collection, code=55KB, data=59KB
06-05 15:51:09.998 I/art     (19619): Increasing code cache capacity to 256KB
06-05 15:51:10.126 I/WindowManager( 1630): Destroying surface Surface(name=PopupWindow:f537b0f) called by com.android.server.wm.WindowStateAnimator.destroySurface:2016 com.android.server.wm.WindowStateAnimator.destroySurfaceLocked:882 com.android.server.wm.WindowState.destroyOrSaveSurface:2100 com.android.server.wm.AppWindowToken.destroySurfaces:363 com.android.server.wm.WindowStateAnimator.finishExit:565 com.android.server.wm.WindowStateAnimator.stepAnimationLocked:491 com.android.server.wm.WindowAnimator.updateWindowsLocked:303 com.android.server.wm.WindowAnimator.animateLocked:704 
06-05 15:51:10.128 V/PhoneStatusBar( 1712): setLightsOn(true)
06-05 15:51:10.132 V/PhoneStatusBar( 1712): setLightsOn(true)
06-05 15:51:10.735 I/System.out(19619): URI: //
06-05 15:51:10.735 I/System.out(19619): params: {json={"command":"set_selection","arguments":[-1,-1]}
06-05 15:51:10.735 I/System.out(19619): }
06-05 15:51:10.735 I/System.out(19619): header: {content-type=application/json;charset=utf-8, date=Fri, 05 Jun 2020 20:51:11 GMT, accept=*/*, host=127.0.0.1:34784, content-length=47, user-agent=HTTPClient/1.0 (2.8.3, ruby 2.5.1 (2018-03-29))}
06-05 15:51:10.735 I/System.out(19619): params: {json={"command":"set_selection","arguments":[-1,-1]}
06-05 15:51:10.735 I/System.out(19619): }
06-05 15:51:10.735 I/System.out(19619): ProP json = {"command":"set_selection","arguments":[-1,-1]}
06-05 15:51:10.735 I/System.out(19619): files: {}
06-05 15:51:10.735 I/System.out(19619): command: {"command":"set_selection","arguments":[-1,-1]}
06-05 15:51:10.737 I/InstrumentationBackend(19619): Got command:'Command:'Line:null,set_selection', arguments:'[-1, -1]'
06-05 15:51:10.740 I/System.out(19619): result:{"bonusInformation":[],"message":"","success":true}
06-05 15:51:10.756 I/System.out(19619): URI: //
06-05 15:51:10.757 I/System.out(19619): params: {json={"command":"keyboard_enter_text","arguments":["Gray Brown"]}
06-05 15:51:10.757 I/System.out(19619): }
