--------- beginning of main
06-05 18:34:16.987 V/PhoneStatusBar( 1711): setLightsOn(true)
06-05 18:34:17.006 D/gralloc_ranchu( 1346): gralloc_alloc: Creating ashmem region of size 3145728
06-05 18:34:17.011 E/EGL_emulation( 1346): tid 1346: eglCreateSyncKHR(1901): error 0x3004 (EGL_BAD_ATTRIBUTE)
--------- beginning of system
06-05 18:34:17.020 W/ActivityManager( 1629): Finishing task with all activities already finished
06-05 18:34:17.020 W/ActivityManager( 1629): Duplicate finish request for ActivityRecord{31c203b u0 com.evancharlton.mileage/.Mileage t3075 f}
06-05 18:34:17.021 W/ActivityManager( 1629): Finishing task with all activities already finished
06-05 18:34:17.021 W/ActivityManager( 1629): Duplicate finish request for ActivityRecord{31c203b u0 com.evancharlton.mileage/.Mileage t3075 f}
06-05 18:34:17.021 W/ActivityManager( 1629): Finishing task with all activities already finished
06-05 18:34:17.021 W/ActivityManager( 1629): Duplicate finish request for ActivityRecord{31c203b u0 com.evancharlton.mileage/.Mileage t3075 f}
06-05 18:34:17.021 W/ActivityManager( 1629): Finishing task with all activities already finished
06-05 18:34:17.021 W/ActivityManager( 1629): Duplicate finish request for ActivityRecord{31c203b u0 com.evancharlton.mileage/.Mileage t3075 f}
06-05 18:34:17.022 W/ActivityManager( 1629): Finishing task with all activities already finished
06-05 18:34:17.022 W/ActivityManager( 1629): Duplicate finish request for ActivityRecord{31c203b u0 com.evancharlton.mileage/.Mileage t3075 f}
06-05 18:34:17.022 W/ActivityManager( 1629): Finishing task with all activities already finished
06-05 18:34:17.022 W/ActivityManager( 1629): Duplicate finish request for ActivityRecord{85ffbcd u0 com.evancharlton.mileage/.charts.MinimumDistanceChart t3075 f}
06-05 18:34:17.022 W/ActivityManager( 1629): Finishing task with all activities already finished
06-05 18:34:17.022 W/ActivityManager( 1629): Duplicate finish request for ActivityRecord{85ffbcd u0 com.evancharlton.mileage/.charts.MinimumDistanceChart t3075 f}
06-05 18:34:17.022 W/ActivityManager( 1629): Finishing task with all activities already finished
06-05 18:34:17.022 W/ActivityManager( 1629): Duplicate finish request for ActivityRecord{31c203b u0 com.evancharlton.mileage/.Mileage t3075 f}
06-05 18:34:17.022 W/ActivityManager( 1629): Finishing task with all activities already finished
06-05 18:34:17.022 W/ActivityManager( 1629): Duplicate finish request for ActivityRecord{31c203b u0 com.evancharlton.mileage/.Mileage t3075 f}
06-05 18:34:17.055 D/EGL_emulation( 2150): eglMakeCurrent: 0xb4f852a0: ver 2 0 (tinfo 0xb4f832e0)
06-05 18:34:17.055 D/EGL_emulation( 1711): eglMakeCurrent: 0xa5b6bd80: ver 2 0 (tinfo 0xb1367140)
06-05 18:34:17.071 D/EGL_emulation( 1711): eglMakeCurrent: 0xa5b6bd80: ver 2 0 (tinfo 0xb1367140)
06-05 18:34:17.085 D/AndroidRuntime( 5490): >>>>>> START com.android.internal.os.RuntimeInit uid 2000 <<<<<<
06-05 18:34:17.087 D/AndroidRuntime( 5490): CheckJNI is ON
06-05 18:34:17.088 D/EGL_emulation( 1711): eglMakeCurrent: 0xa5b6bd80: ver 2 0 (tinfo 0xb1367140)
06-05 18:34:17.097 W/art     ( 5490): Unexpected CPU variant for X86 using defaults: x86
06-05 18:34:17.099 D/ICU     ( 5490): No timezone override file found: /data/misc/zoneinfo/current/icu/icu_tzdata.dat
06-05 18:34:17.104 D/EGL_emulation( 1711): eglMakeCurrent: 0xa5b6bd80: ver 2 0 (tinfo 0xb1367140)
06-05 18:34:17.106 D/EGL_emulation( 1711): eglMakeCurrent: 0xa5b6bd80: ver 2 0 (tinfo 0xb1367140)
06-05 18:34:17.106 E/memtrack( 5490): Couldn't load memtrack module (No such file or directory)
06-05 18:34:17.106 E/android.os.Debug( 5490): failed to load memtrack module: -2
06-05 18:34:17.107 I/Radio-JNI( 5490): register_android_hardware_Radio DONE
06-05 18:34:17.111 D/AndroidRuntime( 5490): Calling main entry com.android.commands.am.Am
06-05 18:34:17.112 I/ActivityManager( 1629): Force stopping com.evancharlton.mileage appid=10160 user=0: start instr
06-05 18:34:17.112 I/ActivityManager( 1629): Killing 5445:com.evancharlton.mileage/u0a160 (adj 0): stop com.evancharlton.mileage
06-05 18:34:17.112 D/ActivityManager( 1629): cleanUpApplicationRecord -- 5445
06-05 18:34:17.112 W/ActivityManager( 1629): Crash of app com.evancharlton.mileage running instrumentation ComponentInfo{com.evancharlton.mileage.test/sh.calaba.instrumentationbackend.CalabashInstrumentationTestRunner}
06-05 18:34:17.112 I/ActivityManager( 1629): Force stopping com.evancharlton.mileage appid=10160 user=0: finished inst
06-05 18:34:17.114 I/art     ( 5500): Not late-enabling -Xcheck:jni (already on)
06-05 18:34:17.115 W/art     ( 5500): Unexpected CPU variant for X86 using defaults: x86
06-05 18:34:17.121 D/EGL_emulation( 1711): eglMakeCurrent: 0xa5b6bd80: ver 2 0 (tinfo 0xb1367140)
06-05 18:34:17.123 I/ActivityManager( 1629): Start proc 5500:com.evancharlton.mileage/u0a160 for added application com.evancharlton.mileage
06-05 18:34:17.123 D/EGL_emulation( 1711): eglMakeCurrent: 0xa5b6bd80: ver 2 0 (tinfo 0xb1367140)
06-05 18:34:17.123 D/AndroidRuntime( 5490): Shutting down VM
06-05 18:34:17.127 W/System  ( 5500): ClassLoader referenced unknown path: /data/app/com.evancharlton.mileage.test-1/lib/x86
06-05 18:34:17.128 W/System  ( 5500): ClassLoader referenced unknown path: /data/app/com.evancharlton.mileage-1/lib/x86
06-05 18:34:17.130 W/System  ( 5500): ClassLoader referenced unknown path: 
06-05 18:34:17.134 I/System.out( 5500): Main activity name automatically set to: com.evancharlton.mileage.Mileage
06-05 18:34:17.134 I/System.out( 5500): Calabash did not load Mono. This is only a problem if you are trying to test a Mono application
06-05 18:34:17.134 I/calabash( 5500): Test server port: 7102
06-05 18:34:17.135 I/InstrumentationBackend( 5500): Added:'GetPreferences', with key:'get_preferences'
06-05 18:34:17.137 D/EGL_emulation( 1711): eglMakeCurrent: 0xa5b6bd80: ver 2 0 (tinfo 0xb1367140)
06-05 18:34:17.139 D/EGL_emulation( 1711): eglMakeCurrent: 0xa5b6bd80: ver 2 0 (tinfo 0xb1367140)
06-05 18:34:17.140 I/InstrumentationBackend( 5500): Added:'SetPreferences', with key:'set_preferences'
06-05 18:34:17.140 I/InstrumentationBackend( 5500): Added:'ClearPreferences', with key:'clear_preferences'
06-05 18:34:17.140 I/InstrumentationBackend( 5500): Added:'PressElement', with key:'press_l10n_element'
06-05 18:34:17.140 I/InstrumentationBackend( 5500): Added:'WaitForElement', with key:'wait_for_l10n_element'
06-05 18:34:17.140 I/InstrumentationBackend( 5500): Added:'NullAction', with key:'nullAction'
06-05 18:34:17.140 I/InstrumentationBackend( 5500): Added:'PressKey', with key:'press_key'
06-05 18:34:17.140 I/InstrumentationBackend( 5500): Added:'SetActivityOrientation', with key:'set_activity_orientation'
06-05 18:34:17.140 I/InstrumentationBackend( 5500): Added:'GetActivityOrientation', with key:'get_activity_orientation'
06-05 18:34:17.140 I/InstrumentationBackend( 5500): Added:'FakeGPSLocation', with key:'set_gps_coordinates'
06-05 18:34:17.140 I/InstrumentationBackend( 5500): Added:'SetPropertyByCssSelector', with key:'set_property_by_css_selector'
06-05 18:34:17.140 I/InstrumentationBackend( 5500): Added:'GetUrl', with key:'get_url'
06-05 18:34:17.140 I/InstrumentationBackend( 5500): Added:'ScrollTo', with key:'scroll_to'
06-05 18:34:17.141 I/InstrumentationBackend( 5500): Added:'GetLoadProgress', with key:'get_load_progress'
06-05 18:34:17.141 I/InstrumentationBackend( 5500): Added:'DumpHtml', with key:'dump_html'
06-05 18:34:17.141 I/InstrumentationBackend( 5500): Added:'DumpBodyHtml', with key:'dump_body_html'
06-05 18:34:17.141 I/InstrumentationBackend( 5500): Added:'EnterTextByCssSelector', with key:'enter_text_by_selector'
06-05 18:34:17.141 I/InstrumentationBackend( 5500): Added:'AndroidSDKVersion', with key:'android_sdk_version'
06-05 18:34:17.141 I/InstrumentationBackend( 5500): Added:'Version', with key:'version'
06-05 18:34:17.141 I/InstrumentationBackend( 5500): Added:'Drag', with key:'drag'
06-05 18:34:17.141 I/InstrumentationBackend( 5500): Added:'TouchCoordinates', with key:'touch_coordinate'
06-05 18:34:17.141 I/InstrumentationBackend( 5500): Added:'LongPressCoordinate', with key:'long_press_coordinate'
06-05 18:34:17.141 I/InstrumentationBackend( 5500): Added:'DragCoordinates', with key:'drag_coordinates'
06-05 18:34:17.141 I/InstrumentationBackend( 5500): Added:'ResumeApplication', with key:'resume_application'
06-05 18:34:17.141 I/InstrumentationBackend( 5500): Added:'Swipe', with key:'swipe'
06-05 18:34:17.141 I/InstrumentationBackend( 5500): Added:'DoubleTapCoordinate', with key:'double_tap_coordinate'
06-05 18:34:17.141 I/InstrumentationBackend( 5500): Added:'ClickOnScreen', with key:'click_on_screen'
06-05 18:34:17.141 I/InstrumentationBackend( 5500): Added:'GetActivityName', with key:'get_activity_name'
06-05 18:34:17.141 I/InstrumentationBackend( 5500): Added:'ScrollToView', with key:'scroll_to_view'
06-05 18:34:17.141 I/InstrumentationBackend( 5500): Added:'ViewConfiguration', with key:'view_configuration'
06-05 18:34:17.141 I/InstrumentationBackend( 5500): Added:'IsCurrentActivityFocused', with key:'is_current_activity_focused'
06-05 18:34:17.142 I/InstrumentationBackend( 5500): Added:'SendTcp', with key:'send_tcp'
06-05 18:34:17.142 I/InstrumentationBackend( 5500): Added:'DpToDevicePixel', with key:'dp_to_device_pixel'
06-05 18:34:17.142 I/InstrumentationBackend( 5500): Added:'KeyboardEnterText', with key:'keyboard_enter_text'
06-05 18:34:17.142 I/InstrumentationBackend( 5500): Added:'DeleteSurroundingText', with key:'delete_surrounding_text'
06-05 18:34:17.142 I/InstrumentationBackend( 5500): Added:'SetComposingRegion', with key:'set_composing_region'
06-05 18:34:17.142 I/InstrumentationBackend( 5500): Added:'SetSelection', with key:'set_selection'
06-05 18:34:17.142 I/InstrumentationBackend( 5500): Added:'KeyboardKeyEvent', with key:'keyboard_key_event'
06-05 18:34:17.142 I/InstrumentationBackend( 5500): Added:'PressUserActionButton', with key:'press_user_action_button'
06-05 18:34:17.142 I/InstrumentationBackend( 5500): Added:'HideSoftKeyboard', with key:'hide_soft_keyboard'
06-05 18:34:17.142 I/InstrumentationBackend( 5500): Added:'ListActions', with key:'list_actions'
06-05 18:34:17.142 I/calabash( 5500): Instantiating http server at 7102
06-05 18:34:17.143 I/System.out( 5500): HTTP Daemon listening on: 7102
06-05 18:34:17.151 I/WindowManager( 1629): WIN DEATH: Window{139b1ef u0 com.evancharlton.mileage/com.evancharlton.mileage.charts.MinimumDistanceChart}
06-05 18:34:17.151 W/InputDispatcher( 1629): channel 'c441ad2 com.evancharlton.mileage/com.evancharlton.mileage.Mileage (server)' ~ Consumer closed input channel or an error occurred.  events=0x9
06-05 18:34:17.151 E/InputDispatcher( 1629): channel 'c441ad2 com.evancharlton.mileage/com.evancharlton.mileage.Mileage (server)' ~ Channel is unrecoverably broken and will be disposed!
06-05 18:34:17.151 I/WindowManager( 1629): Destroying surface Surface(name=com.evancharlton.mileage/com.evancharlton.mileage.charts.MinimumDistanceChart) called by com.android.server.wm.WindowStateAnimator.destroySurface:2016 com.android.server.wm.WindowStateAnimator.destroySurfaceLocked:882 com.android.server.wm.WindowState.removeLocked:1456 com.android.server.wm.WindowManagerService.removeWindowInnerLocked:2484 com.android.server.wm.WindowManagerService.removeWindowLocked:2442 com.android.server.wm.WindowState$DeathRecipient.binderDied:1787 android.os.BinderProxy.sendDeathNotice:688 <bottom of call stack> 
06-05 18:34:17.152 I/WindowManager( 1629): WIN DEATH: Window{c441ad2 u0 com.evancharlton.mileage/com.evancharlton.mileage.Mileage EXITING}
06-05 18:34:17.152 W/InputDispatcher( 1629): Attempted to unregister already unregistered input channel 'c441ad2 com.evancharlton.mileage/com.evancharlton.mileage.Mileage (server)'
06-05 18:34:17.163 D/EGL_emulation( 1711): eglMakeCurrent: 0xa5b6bd80: ver 2 0 (tinfo 0xb1367140)
06-05 18:34:17.166 D/EGL_emulation( 1711): eglMakeCurrent: 0xa5b6bd80: ver 2 0 (tinfo 0xb1367140)
06-05 18:34:17.170 D/EGL_emulation( 1711): eglMakeCurrent: 0xa5b6bd80: ver 2 0 (tinfo 0xb1367140)
06-05 18:34:17.174 D/EGL_emulation( 1711): eglMakeCurrent: 0xa5b6bd80: ver 2 0 (tinfo 0xb1367140)
06-05 18:34:17.187 D/EGL_emulation( 1711): eglMakeCurrent: 0xa5b6bd80: ver 2 0 (tinfo 0xb1367140)
06-05 18:34:17.189 D/EGL_emulation( 1711): eglMakeCurrent: 0xa5b6bd80: ver 2 0 (tinfo 0xb1367140)
06-05 18:34:17.204 D/EGL_emulation( 1711): eglMakeCurrent: 0xa5b6bd80: ver 2 0 (tinfo 0xb1367140)
06-05 18:34:17.206 D/EGL_emulation( 1711): eglMakeCurrent: 0xa5b6bd80: ver 2 0 (tinfo 0xb1367140)
06-05 18:34:17.221 D/EGL_emulation( 1711): eglMakeCurrent: 0xa5b6bd80: ver 2 0 (tinfo 0xb1367140)
06-05 18:34:17.222 D/EGL_emulation( 1711): eglMakeCurrent: 0xa5b6bd80: ver 2 0 (tinfo 0xb1367140)
06-05 18:34:17.232 I/System.out( 5500): URI: //ping
06-05 18:34:17.232 I/System.out( 5500): params: {json={}
06-05 18:34:17.232 I/System.out( 5500): }
06-05 18:34:17.234 I/System.out( 5500): URI: //ping
06-05 18:34:17.234 I/System.out( 5500): params: {json={}
06-05 18:34:17.234 I/System.out( 5500): }
06-05 18:34:17.236 I/System.out( 5500): URI: //ready
06-05 18:34:17.236 I/System.out( 5500): params: {json={}
06-05 18:34:17.236 I/System.out( 5500): }
06-05 18:34:17.237 D/EGL_emulation( 1711): eglMakeCurrent: 0xa5b6bd80: ver 2 0 (tinfo 0xb1367140)
06-05 18:34:17.238 I/System.out( 5500): URI: //
06-05 18:34:17.238 I/System.out( 5500): params: {json={"command":"version","arguments":[]}
06-05 18:34:17.238 I/System.out( 5500): }
06-05 18:34:17.238 I/System.out( 5500): header: {content-type=application/json;charset=utf-8, date=Fri, 05 Jun 2020 23:34:17 GMT, accept=*/*, host=127.0.0.1:34783, content-length=36, user-agent=HTTPClient/1.0 (2.8.3, ruby 2.5.1 (2018-03-29))}
06-05 18:34:17.238 I/System.out( 5500): params: {json={"command":"version","arguments":[]}
06-05 18:34:17.238 I/System.out( 5500): }
06-05 18:34:17.238 I/System.out( 5500): ProP json = {"command":"version","arguments":[]}
06-05 18:34:17.238 I/System.out( 5500): files: {}
06-05 18:34:17.238 I/System.out( 5500): command: {"command":"version","arguments":[]}
06-05 18:34:17.238 D/EGL_emulation( 1711): eglMakeCurrent: 0xa5b6bd80: ver 2 0 (tinfo 0xb1367140)
06-05 18:34:17.241 I/InstrumentationBackend( 5500): Got command:'Command:'Line:null,version', arguments:'[]'
06-05 18:34:17.248 I/System.out( 5500): result:{"bonusInformation":[],"message":"0.9.8","success":true}
06-05 18:34:17.250 I/System.out( 5500): URI: //start-application
06-05 18:34:17.250 I/System.out( 5500): params: {json={"intent":null}
06-05 18:34:17.250 I/System.out( 5500): }
06-05 18:34:17.255 D/EGL_emulation( 1711): eglMakeCurrent: 0xa5b6bd80: ver 2 0 (tinfo 0xb1367140)
06-05 18:34:17.261 I/ActivityManager( 1629): START u0 {act=android.intent.action.MAIN cat=[android.intent.category.LAUNCHER] flg=0x10200000 cmp=com.evancharlton.mileage/.Mileage} from uid 10160 on display 0
06-05 18:34:17.269 I/calabash( 5500): newActivity1
06-05 18:34:17.271 D/EGL_emulation( 1711): eglMakeCurrent: 0xa5b6bd80: ver 2 0 (tinfo 0xb1367140)
06-05 18:34:17.272 D/EGL_emulation( 1711): eglMakeCurrent: 0xa5b6bd80: ver 2 0 (tinfo 0xb1367140)
06-05 18:34:17.280 I/calabash( 5500): newActivity1
06-05 18:34:17.281 W/ActivityManager( 1629): Bad activity token: android.os.BinderProxy@67f3c2e
06-05 18:34:17.281 W/ActivityManager( 1629): java.lang.ClassCastException: android.os.BinderProxy cannot be cast to com.android.server.am.ActivityRecord$Token
06-05 18:34:17.281 W/ActivityManager( 1629): 	at com.android.server.am.ActivityRecord.forTokenLocked(ActivityRecord.java:586)
06-05 18:34:17.281 W/ActivityManager( 1629): 	at com.android.server.am.ActivityRecord.isInStackLocked(ActivityRecord.java:1327)
06-05 18:34:17.281 W/ActivityManager( 1629): 	at com.android.server.am.ActivityRecord.getStackLocked(ActivityRecord.java:1332)
06-05 18:34:17.281 W/ActivityManager( 1629): 	at com.android.server.am.ActivityManagerService.getActivityDisplayId(ActivityManagerService.java:9806)
06-05 18:34:17.281 W/ActivityManager( 1629): 	at android.app.ActivityManagerNative.onTransact(ActivityManagerNative.java:2566)
06-05 18:34:17.281 W/ActivityManager( 1629): 	at com.android.server.am.ActivityManagerService.onTransact(ActivityManagerService.java:2757)
06-05 18:34:17.281 W/ActivityManager( 1629): 	at android.os.Binder.execTransact(Binder.java:565)
06-05 18:34:17.282 W/ActivityManager( 1629): Bad activity token: android.os.BinderProxy@67f3c2e
06-05 18:34:17.282 W/ActivityManager( 1629): java.lang.ClassCastException: android.os.BinderProxy cannot be cast to com.android.server.am.ActivityRecord$Token
06-05 18:34:17.282 W/ActivityManager( 1629): 	at com.android.server.am.ActivityRecord.forTokenLocked(ActivityRecord.java:586)
06-05 18:34:17.282 W/ActivityManager( 1629): 	at com.android.server.am.ActivityRecord.isInStackLocked(ActivityRecord.java:1327)
06-05 18:34:17.282 W/ActivityManager( 1629): 	at com.android.server.am.ActivityManagerService.setTaskDescription(ActivityManagerService.java:9358)
06-05 18:34:17.282 W/ActivityManager( 1629): 	at android.app.ActivityManagerNative.onTransact(ActivityManagerNative.java:2639)
06-05 18:34:17.282 W/ActivityManager( 1629): 	at com.android.server.am.ActivityManagerService.onTransact(ActivityManagerService.java:2757)
06-05 18:34:17.282 W/ActivityManager( 1629): 	at android.os.Binder.execTransact(Binder.java:565)
06-05 18:34:17.283 W/ActivityManager( 1629): Bad activity token: android.os.BinderProxy@67f3c2e
06-05 18:34:17.283 W/ActivityManager( 1629): java.lang.ClassCastException: android.os.BinderProxy cannot be cast to com.android.server.am.ActivityRecord$Token
06-05 18:34:17.283 W/ActivityManager( 1629): 	at com.android.server.am.ActivityRecord.forTokenLocked(ActivityRecord.java:586)
06-05 18:34:17.283 W/ActivityManager( 1629): 	at com.android.server.am.ActivityRecord.isInStackLocked(ActivityRecord.java:1327)
06-05 18:34:17.283 W/ActivityManager( 1629): 	at com.android.server.am.ActivityRecord.getStackLocked(ActivityRecord.java:1332)
06-05 18:34:17.283 W/ActivityManager( 1629): 	at com.android.server.am.ActivityManagerService.getActivityStackId(ActivityManagerService.java:9817)
06-05 18:34:17.283 W/ActivityManager( 1629): 	at android.app.ActivityManagerNative.onTransact(ActivityManagerNative.java:2856)
06-05 18:34:17.283 W/ActivityManager( 1629): 	at com.android.server.am.ActivityManagerService.onTransact(ActivityManagerService.java:2757)
06-05 18:34:17.283 W/ActivityManager( 1629): 	at android.os.Binder.execTransact(Binder.java:565)
06-05 18:34:17.287 D/EGL_emulation( 1711): eglMakeCurrent: 0xa5b6bd80: ver 2 0 (tinfo 0xb1367140)
06-05 18:34:17.287 D/gralloc_ranchu( 1346): gralloc_alloc: Creating ashmem region of size 9023488
06-05 18:34:17.293 D/EGL_emulation( 1711): eglMakeCurrent: 0xa5b6bd80: ver 2 0 (tinfo 0xb1367140)
06-05 18:34:17.306 W/ActivityManager( 1629): Bad activity token: android.os.BinderProxy@67f3c2e
06-05 18:34:17.306 W/ActivityManager( 1629): java.lang.ClassCastException: android.os.BinderProxy cannot be cast to com.android.server.am.ActivityRecord$Token
06-05 18:34:17.306 W/ActivityManager( 1629): 	at com.android.server.am.ActivityRecord.forTokenLocked(ActivityRecord.java:586)
06-05 18:34:17.306 W/ActivityManager( 1629): 	at com.android.server.am.ActivityRecord.isInStackLocked(ActivityRecord.java:1327)
06-05 18:34:17.306 W/ActivityManager( 1629): 	at com.android.server.am.ActivityManagerService.getActivityOptions(ActivityManagerService.java:12559)
06-05 18:34:17.306 W/ActivityManager( 1629): 	at android.app.ActivityManagerNative.onTransact(ActivityManagerNative.java:1933)
06-05 18:34:17.306 W/ActivityManager( 1629): 	at com.android.server.am.ActivityManagerService.onTransact(ActivityManagerService.java:2757)
06-05 18:34:17.306 W/ActivityManager( 1629): 	at android.os.Binder.execTransact(Binder.java:565)
06-05 18:34:17.306 W/ActivityManager( 1629): Bad activity token: android.os.BinderProxy@67f3c2e
06-05 18:34:17.306 W/ActivityManager( 1629): java.lang.ClassCastException: android.os.BinderProxy cannot be cast to com.android.server.am.ActivityRecord$Token
06-05 18:34:17.306 W/ActivityManager( 1629): 	at com.android.server.am.ActivityRecord.forTokenLocked(ActivityRecord.java:586)
06-05 18:34:17.306 W/ActivityManager( 1629): 	at com.android.server.am.ActivityRecord.isInStackLocked(ActivityRecord.java:1327)
06-05 18:34:17.306 W/ActivityManager( 1629): 	at com.android.server.am.ActivityManagerService.getActivityOptions(ActivityManagerService.java:12559)
06-05 18:34:17.306 W/ActivityManager( 1629): 	at android.app.ActivityManagerNative.onTransact(ActivityManagerNative.java:1933)
06-05 18:34:17.306 W/ActivityManager( 1629): 	at com.android.server.am.ActivityManagerService.onTransact(ActivityManagerService.java:2757)
06-05 18:34:17.306 W/ActivityManager( 1629): 	at android.os.Binder.execTransact(Binder.java:565)
06-05 18:34:17.316 V/PhoneStatusBar( 1711): setLightsOn(true)
06-05 18:34:17.321 D/EGL_emulation( 2150): eglMakeCurrent: 0xb4f852a0: ver 2 0 (tinfo 0xb4f832e0)
06-05 18:34:17.322 D/EGL_emulation( 1711): eglMakeCurrent: 0xa5b6bd80: ver 2 0 (tinfo 0xb1367140)
06-05 18:34:17.337 D/gralloc_ranchu( 1346): gralloc_alloc: Creating ashmem region of size 9023488
06-05 18:34:17.341 D/EGL_emulation( 1711): eglMakeCurrent: 0xa5b6bd80: ver 2 0 (tinfo 0xb1367140)
06-05 18:34:17.341 D/        ( 5500): HostConnection::get() New Host Connection established 0x98c36580, tid 5500
06-05 18:34:17.380 D/EGL_emulation( 1711): eglMakeCurrent: 0xa5b6bd80: ver 2 0 (tinfo 0xb1367140)
06-05 18:34:17.380 V/PhoneStatusBar( 1711): setLightsOn(true)
06-05 18:34:17.381 D/EGL_emulation( 1711): eglMakeCurrent: 0xa5b6bd80: ver 2 0 (tinfo 0xb1367140)
06-05 18:34:17.383 D/EGL_emulation( 1711): eglMakeCurrent: 0xa5b6bd80: ver 2 0 (tinfo 0xb1367140)
06-05 18:34:17.387 D/EGL_emulation( 1711): eglMakeCurrent: 0xa5b6bd80: ver 2 0 (tinfo 0xb1367140)
06-05 18:34:17.388 D/EGL_emulation( 1711): eglMakeCurrent: 0xa5b6bd80: ver 2 0 (tinfo 0xb1367140)
06-05 18:34:17.396 I/ActivityManager( 1629): Displayed com.evancharlton.mileage/.Mileage: +129ms
06-05 18:34:17.404 D/gralloc_ranchu( 1346): gralloc_alloc: Creating ashmem region of size 9023488
06-05 18:34:17.404 D/EGL_emulation( 1711): eglMakeCurrent: 0xa5b6bd80: ver 2 0 (tinfo 0xb1367140)
06-05 18:34:17.417 D/EGL_emulation( 1711): eglMakeCurrent: 0xa5b6bd80: ver 2 0 (tinfo 0xb1367140)
06-05 18:34:17.426 D/EGL_emulation( 1711): eglMakeCurrent: 0xa5b6bd80: ver 2 0 (tinfo 0xb1367140)
06-05 18:34:17.429 D/EGL_emulation( 1711): eglMakeCurrent: 0xa5b6bd80: ver 2 0 (tinfo 0xb1367140)
06-05 18:34:17.429 V/PhoneStatusBar( 1711): setLightsOn(true)
06-05 18:34:17.438 D/EGL_emulation( 1711): eglMakeCurrent: 0xa5b6bd80: ver 2 0 (tinfo 0xb1367140)
06-05 18:34:17.439 D/EGL_emulation( 1711): eglMakeCurrent: 0xa5b6bd80: ver 2 0 (tinfo 0xb1367140)
06-05 18:34:17.445 I/System.out( 5500): URI: //map
06-05 18:34:17.445 I/System.out( 5500): params: {json={"query":"* marked:'Statistics'","operation":{"method_name":"query","arguments":[]}}
06-05 18:34:17.445 I/System.out( 5500): }
06-05 18:34:17.454 D/EGL_emulation( 1711): eglMakeCurrent: 0xa5b6bd80: ver 2 0 (tinfo 0xb1367140)
06-05 18:34:17.455 D/EGL_emulation( 1711): eglMakeCurrent: 0xa5b6bd80: ver 2 0 (tinfo 0xb1367140)
06-05 18:34:17.458 W/ResourceType( 5500): No package identifier when getting name for resource number 0x00000001
06-05 18:34:17.470 D/EGL_emulation( 1711): eglMakeCurrent: 0xa5b6bd80: ver 2 0 (tinfo 0xb1367140)
06-05 18:34:17.471 I/System.out( 5500): URI: //gesture
06-05 18:34:17.471 I/System.out( 5500): params: {json={"query_timeout":5.0,"gestures":[{"query_string":"* marked:'Statistics'","touches":[{"x":50,"y":50,"offset_x":0,"offset_y":0,"wait":0.0,"time":0.2,"release":true,"query_string":null}]}]}
06-05 18:34:17.471 I/System.out( 5500): }
06-05 18:34:17.472 D/EGL_emulation( 1711): eglMakeCurrent: 0xa5b6bd80: ver 2 0 (tinfo 0xb1367140)
06-05 18:34:17.476 W/ResourceType( 5500): No package identifier when getting name for resource number 0x00000001
06-05 18:34:17.487 I/WindowManager( 1629): Destroying surface Surface(name=com.evancharlton.mileage/com.evancharlton.mileage.Mileage) called by com.android.server.wm.WindowStateAnimator.destroySurface:2016 com.android.server.wm.WindowStateAnimator.destroySurfaceLocked:882 com.android.server.wm.WindowState.removeLocked:1456 com.android.server.wm.WindowManagerService.removeWindowInnerLocked:2484 com.android.server.wm.AppWindowToken.destroySurfaces:365 com.android.server.wm.WindowStateAnimator.finishExit:565 com.android.server.wm.AppWindowAnimator.stepAnimationLocked:427 com.android.server.wm.WindowAnimator.updateAppWindowsLocked:196 
06-05 18:34:17.487 D/EGL_emulation( 1711): eglMakeCurrent: 0xa5b6bd80: ver 2 0 (tinfo 0xb1367140)
06-05 18:34:17.499 D/EGL_emulation( 1711): eglMakeCurrent: 0xa5b6bd80: ver 2 0 (tinfo 0xb1367140)
06-05 18:34:17.505 D/EGL_emulation( 1711): eglMakeCurrent: 0xa5b6bd80: ver 2 0 (tinfo 0xb1367140)
06-05 18:34:17.515 D/EGL_emulation( 1711): eglMakeCurrent: 0xa5b6bd80: ver 2 0 (tinfo 0xb1367140)
06-05 18:34:17.515 V/PhoneStatusBar( 1711): setLightsOn(true)
06-05 18:34:17.520 D/EGL_emulation( 1711): eglMakeCurrent: 0xa5b6bd80: ver 2 0 (tinfo 0xb1367140)
06-05 18:34:17.521 D/EGL_emulation( 1711): eglMakeCurrent: 0xa5b6bd80: ver 2 0 (tinfo 0xb1367140)
06-05 18:34:17.537 D/EGL_emulation( 1711): eglMakeCurrent: 0xa5b6bd80: ver 2 0 (tinfo 0xb1367140)
06-05 18:34:17.587 I/WindowManager( 1629): Destroying surface Surface(name=Starting com.evancharlton.mileage) called by com.android.server.wm.WindowStateAnimator.destroySurface:2016 com.android.server.wm.WindowStateAnimator.destroySurfaceLocked:882 com.android.server.wm.WindowState.destroyOrSaveSurface:2100 com.android.server.wm.AppWindowToken.destroySurfaces:363 com.android.server.wm.WindowStateAnimator.finishExit:565 com.android.server.wm.WindowStateAnimator.stepAnimationLocked:491 com.android.server.wm.WindowAnimator.updateWindowsLocked:303 com.android.server.wm.WindowAnimator.animateLocked:704 
06-05 18:34:17.590 V/PhoneStatusBar( 1711): setLightsOn(true)
06-05 18:34:17.592 V/PhoneStatusBar( 1711): setLightsOn(true)
06-05 18:34:17.705 I/calabash( 5500): newActivity1
06-05 18:34:17.714 I/System.out( 5500): URI: //map
06-05 18:34:17.714 I/System.out( 5500): params: {json={"query":"* marked:'Maximum distance'","operation":{"method_name":"query","arguments":[]}}
06-05 18:34:17.714 I/System.out( 5500): }
06-05 18:34:17.717 W/ActivityManager( 1629): Bad activity token: android.os.BinderProxy@68be98c
06-05 18:34:17.717 W/ActivityManager( 1629): java.lang.ClassCastException: android.os.BinderProxy cannot be cast to com.android.server.am.ActivityRecord$Token
06-05 18:34:17.717 W/ActivityManager( 1629): 	at com.android.server.am.ActivityRecord.forTokenLocked(ActivityRecord.java:586)
06-05 18:34:17.717 W/ActivityManager( 1629): 	at com.android.server.am.ActivityRecord.isInStackLocked(ActivityRecord.java:1327)
06-05 18:34:17.717 W/ActivityManager( 1629): 	at com.android.server.am.ActivityRecord.getStackLocked(ActivityRecord.java:1332)
06-05 18:34:17.717 W/ActivityManager( 1629): 	at com.android.server.am.ActivityManagerService.getActivityDisplayId(ActivityManagerService.java:9806)
06-05 18:34:17.717 W/ActivityManager( 1629): 	at android.app.ActivityManagerNative.onTransact(ActivityManagerNative.java:2566)
06-05 18:34:17.717 W/ActivityManager( 1629): 	at com.android.server.am.ActivityManagerService.onTransact(ActivityManagerService.java:2757)
06-05 18:34:17.717 W/ActivityManager( 1629): 	at android.os.Binder.execTransact(Binder.java:565)
06-05 18:34:17.718 W/ActivityManager( 1629): Bad activity token: android.os.BinderProxy@68be98c
06-05 18:34:17.718 W/ActivityManager( 1629): java.lang.ClassCastException: android.os.BinderProxy cannot be cast to com.android.server.am.ActivityRecord$Token
06-05 18:34:17.718 W/ActivityManager( 1629): 	at com.android.server.am.ActivityRecord.forTokenLocked(ActivityRecord.java:586)
06-05 18:34:17.718 W/ActivityManager( 1629): 	at com.android.server.am.ActivityRecord.isInStackLocked(ActivityRecord.java:1327)
06-05 18:34:17.718 W/ActivityManager( 1629): 	at com.android.server.am.ActivityManagerService.setTaskDescription(ActivityManagerService.java:9358)
06-05 18:34:17.718 W/ActivityManager( 1629): 	at android.app.ActivityManagerNative.onTransact(ActivityManagerNative.java:2639)
06-05 18:34:17.718 W/ActivityManager( 1629): 	at com.android.server.am.ActivityManagerService.onTransact(ActivityManagerService.java:2757)
06-05 18:34:17.718 W/ActivityManager( 1629): 	at android.os.Binder.execTransact(Binder.java:565)
06-05 18:34:17.718 W/ActivityManager( 1629): Bad activity token: android.os.BinderProxy@68be98c
06-05 18:34:17.718 W/ActivityManager( 1629): java.lang.ClassCastException: android.os.BinderProxy cannot be cast to com.android.server.am.ActivityRecord$Token
06-05 18:34:17.718 W/ActivityManager( 1629): 	at com.android.server.am.ActivityRecord.forTokenLocked(ActivityRecord.java:586)
06-05 18:34:17.718 W/ActivityManager( 1629): 	at com.android.server.am.ActivityRecord.isInStackLocked(ActivityRecord.java:1327)
06-05 18:34:17.718 W/ActivityManager( 1629): 	at com.android.server.am.ActivityRecord.getStackLocked(ActivityRecord.java:1332)
06-05 18:34:17.718 W/ActivityManager( 1629): 	at com.android.server.am.ActivityManagerService.getActivityStackId(ActivityManagerService.java:9817)
06-05 18:34:17.718 W/ActivityManager( 1629): 	at android.app.ActivityManagerNative.onTransact(ActivityManagerNative.java:2856)
06-05 18:34:17.718 W/ActivityManager( 1629): 	at com.android.server.am.ActivityManagerService.onTransact(ActivityManagerService.java:2757)
06-05 18:34:17.718 W/ActivityManager( 1629): 	at android.os.Binder.execTransact(Binder.java:565)
06-05 18:34:17.723 D/VehicleStatisticsActivity( 5500): Checking recalculation ...
06-05 18:34:17.724 D/VehicleStatisticsActivity( 5500): Recalculation not necessary.
06-05 18:34:17.725 W/ActivityManager( 1629): Bad activity token: android.os.BinderProxy@68be98c
06-05 18:34:17.725 W/ActivityManager( 1629): java.lang.ClassCastException: android.os.BinderProxy cannot be cast to com.android.server.am.ActivityRecord$Token
06-05 18:34:17.725 W/ActivityManager( 1629): 	at com.android.server.am.ActivityRecord.forTokenLocked(ActivityRecord.java:586)
06-05 18:34:17.725 W/ActivityManager( 1629): 	at com.android.server.am.ActivityRecord.isInStackLocked(ActivityRecord.java:1327)
06-05 18:34:17.725 W/ActivityManager( 1629): 	at com.android.server.am.ActivityManagerService.getActivityOptions(ActivityManagerService.java:12559)
06-05 18:34:17.725 W/ActivityManager( 1629): 	at android.app.ActivityManagerNative.onTransact(ActivityManagerNative.java:1933)
06-05 18:34:17.725 W/ActivityManager( 1629): 	at com.android.server.am.ActivityManagerService.onTransact(ActivityManagerService.java:2757)
06-05 18:34:17.725 W/ActivityManager( 1629): 	at android.os.Binder.execTransact(Binder.java:565)
06-05 18:34:17.726 W/ActivityManager( 1629): Bad activity token: android.os.BinderProxy@68be98c
06-05 18:34:17.726 W/ActivityManager( 1629): java.lang.ClassCastException: android.os.BinderProxy cannot be cast to com.android.server.am.ActivityRecord$Token
06-05 18:34:17.726 W/ActivityManager( 1629): 	at com.android.server.am.ActivityRecord.forTokenLocked(ActivityRecord.java:586)
06-05 18:34:17.726 W/ActivityManager( 1629): 	at com.android.server.am.ActivityRecord.isInStackLocked(ActivityRecord.java:1327)
06-05 18:34:17.726 W/ActivityManager( 1629): 	at com.android.server.am.ActivityManagerService.getActivityOptions(ActivityManagerService.java:12559)
06-05 18:34:17.726 W/ActivityManager( 1629): 	at android.app.ActivityManagerNative.onTransact(ActivityManagerNative.java:1933)
06-05 18:34:17.726 W/ActivityManager( 1629): 	at com.android.server.am.ActivityManagerService.onTransact(ActivityManagerService.java:2757)
06-05 18:34:17.726 W/ActivityManager( 1629): 	at android.os.Binder.execTransact(Binder.java:565)
06-05 18:34:17.728 D/VehicleStatisticsActivity( 5500): Checking recalculation ...
06-05 18:34:17.729 D/VehicleStatisticsActivity( 5500): Recalculation not necessary.
06-05 18:34:17.738 V/PhoneStatusBar( 1711): setLightsOn(true)
06-05 18:34:17.777 W/ResourceType( 5500): No package identifier when getting name for resource number 0x00000001
06-05 18:34:17.779 I/art     ( 5500): Do partial code cache collection, code=30KB, data=29KB
06-05 18:34:17.779 I/art     ( 5500): After code cache collection, code=29KB, data=29KB
06-05 18:34:17.779 I/art     ( 5500): Increasing code cache capacity to 128KB
06-05 18:34:17.791 I/System.out( 5500): URI: //gesture
06-05 18:34:17.791 I/System.out( 5500): params: {json={"query_timeout":5.0,"gestures":[{"query_string":"* marked:'Maximum distance'","touches":[{"x":50,"y":50,"offset_x":0,"offset_y":0,"wait":0.0,"time":0.2,"release":true,"query_string":null}]}]}
06-05 18:34:17.791 I/System.out( 5500): }
06-05 18:34:17.796 W/ResourceType( 5500): No package identifier when getting name for resource number 0x00000001
06-05 18:34:18.024 I/ActivityManager( 1629): START u0 {cmp=com.evancharlton.mileage/.charts.MaximumDistanceChart (has extras)} from uid 10160 on display 0
06-05 18:34:18.028 V/PhoneStatusBar( 1711): setLightsOn(true)
06-05 18:34:18.030 V/PhoneStatusBar( 1711): setLightsOn(true)
06-05 18:34:18.040 V/PhoneStatusBar( 1711): setLightsOn(true)
06-05 18:34:18.042 V/PhoneStatusBar( 1711): setLightsOn(true)
06-05 18:34:18.045 W/OpenGLRenderer( 2150): Incorrectly called buildLayer on View: ShortcutAndWidgetContainer, destroying layer...
06-05 18:34:18.059 I/System.out( 5500): URI: //map
06-05 18:34:18.059 I/System.out( 5500): params: {json={"query":"* {text CONTAINS[c] 'Maximum distance between fillups'}","operation":{"method_name":"query","arguments":[]}}
06-05 18:34:18.059 I/System.out( 5500): }
06-05 18:34:18.061 V/PhoneStatusBar( 1711): setLightsOn(true)
06-05 18:34:18.062 I/WindowManager( 1629): Destroying surface Surface(name=com.android.launcher3/com.android.launcher3.Launcher) called by com.android.server.wm.WindowStateAnimator.destroySurface:2016 com.android.server.wm.WindowStateAnimator.destroySurfaceLocked:882 com.android.server.wm.WindowState.destroyOrSaveSurface:2100 com.android.server.wm.AppWindowToken.destroySurfaces:363 com.android.server.wm.AppWindowToken.notifyAppStopped:389 com.android.server.wm.WindowManagerService.notifyAppStopped:4463 com.android.server.am.ActivityStack.activityStoppedLocked:1252 com.android.server.am.ActivityManagerService.activityStopped:6903 
06-05 18:34:18.071 V/PhoneStatusBar( 1711): setLightsOn(true)
06-05 18:34:18.083 I/calabash( 5500): newActivity1
06-05 18:34:18.086 W/aiCharts( 5500): License file is invalid or missing. 
06-05 18:34:18.086 W/aiCharts( 5500): Please place proper license.lic to /assets folder.
06-05 18:34:18.101 V/PhoneStatusBar( 1711): setLightsOn(true)
06-05 18:34:18.120 V/PhoneStatusBar( 1711): setLightsOn(true)
06-05 18:34:18.125 I/WindowManager( 1629): Destroying surface Surface(name=Creating chart…) called by com.android.server.wm.WindowStateAnimator.destroySurface:2016 com.android.server.wm.WindowStateAnimator.destroySurfaceLocked:882 com.android.server.wm.WindowState.removeLocked:1456 com.android.server.wm.WindowManagerService.removeWindowInnerLocked:2484 com.android.server.wm.WindowManagerService.removeWindowLocked:2442 com.android.server.wm.WindowManagerService.removeWindowLocked:2311 com.android.server.wm.WindowManagerService.removeWindow:2306 com.android.server.wm.Session.remove:202 
06-05 18:34:18.128 D/gralloc_ranchu( 1346): gralloc_alloc: Creating ashmem region of size 9023488
06-05 18:34:18.137 V/PhoneStatusBar( 1711): setLightsOn(true)
06-05 18:34:18.159 I/ActivityManager( 1629): Displayed com.evancharlton.mileage/.charts.MaximumDistanceChart: +78ms
06-05 18:34:18.171 V/PhoneStatusBar( 1711): setLightsOn(true)
06-05 18:34:18.204 V/PhoneStatusBar( 1711): setLightsOn(true)
06-05 18:34:18.221 V/PhoneStatusBar( 1711): setLightsOn(true)
06-05 18:34:18.404 V/PhoneStatusBar( 1711): setLightsOn(true)
06-05 18:34:18.417 I/System.out( 5500): URI: //map
06-05 18:34:18.417 I/System.out( 5500): params: {json={"query":"* {text CONTAINS[c] 'Maximum distance between fillups'}","operation":{"method_name":"query","arguments":[]}}
06-05 18:34:18.417 I/System.out( 5500): }
06-05 18:34:18.437 I/System.out( 5500): URI: //
06-05 18:34:18.437 I/System.out( 5500): params: {json={"command":"press_key","arguments":["KEYCODE_BACK"]}
06-05 18:34:18.437 I/System.out( 5500): }
06-05 18:34:18.437 I/System.out( 5500): header: {content-type=application/json;charset=utf-8, date=Fri, 05 Jun 2020 23:34:18 GMT, accept=*/*, host=127.0.0.1:34783, content-length=52, user-agent=HTTPClient/1.0 (2.8.3, ruby 2.5.1 (2018-03-29))}
06-05 18:34:18.437 I/System.out( 5500): params: {json={"command":"press_key","arguments":["KEYCODE_BACK"]}
06-05 18:34:18.437 I/System.out( 5500): }
06-05 18:34:18.437 I/System.out( 5500): ProP json = {"command":"press_key","arguments":["KEYCODE_BACK"]}
06-05 18:34:18.437 I/System.out( 5500): files: {}
06-05 18:34:18.437 I/System.out( 5500): command: {"command":"press_key","arguments":["KEYCODE_BACK"]}
06-05 18:34:18.438 I/InstrumentationBackend( 5500): Got command:'Command:'Line:null,press_key', arguments:'[KEYCODE_BACK]'
06-05 18:34:18.441 V/PhoneStatusBar( 1711): setLightsOn(true)
06-05 18:34:18.443 V/PhoneStatusBar( 1711): setLightsOn(true)
06-05 18:34:18.446 D/VehicleStatisticsActivity( 5500): Checking recalculation ...
06-05 18:34:18.446 I/System.out( 5500): result:{"bonusInformation":[],"message":"","success":true}
06-05 18:34:18.447 D/VehicleStatisticsActivity( 5500): Recalculation not necessary.
06-05 18:34:18.449 I/System.out( 5500): URI: //map
06-05 18:34:18.449 I/System.out( 5500): params: {json={"query":"* {text CONTAINS[c] 'Statistics'}","operation":{"method_name":"query","arguments":[]}}
06-05 18:34:18.449 I/System.out( 5500): }
06-05 18:34:18.454 V/PhoneStatusBar( 1711): setLightsOn(true)
06-05 18:34:18.470 D/gralloc_ranchu( 1346): gralloc_alloc: Creating ashmem region of size 9023488
06-05 18:34:18.470 V/PhoneStatusBar( 1711): setLightsOn(true)
06-05 18:34:18.487 V/PhoneStatusBar( 1711): setLightsOn(true)
06-05 18:34:18.504 V/PhoneStatusBar( 1711): setLightsOn(true)
