--------- beginning of system
06-05 19:59:00.669 W/ActivityManager( 1629): Duplicate finish request for ActivityRecord{5840ae u0 com.evancharlton.mileage/.Mileage t4442 f}
06-05 19:59:00.669 W/ActivityManager( 1629): Duplicate finish request for ActivityRecord{5840ae u0 com.evancharlton.mileage/.Mileage t4442 f}
06-05 19:59:00.669 W/ActivityManager( 1629): Duplicate finish request for ActivityRecord{5840ae u0 com.evancharlton.mileage/.Mileage t4442 f}
06-05 19:59:00.669 W/ActivityManager( 1629): Duplicate finish request for ActivityRecord{5840ae u0 com.evancharlton.mileage/.Mileage t4442 f}
06-05 19:59:00.669 W/ActivityManager( 1629): Duplicate finish request for ActivityRecord{5840ae u0 com.evancharlton.mileage/.Mileage t4442 f}
06-05 19:59:00.672 W/ActivityManager( 1629): Finishing task with all activities already finished
06-05 19:59:00.672 W/ActivityManager( 1629): Duplicate finish request for ActivityRecord{230e63c u0 com.evancharlton.mileage/.charts.WorstFuelEconomyChart t4442 f}
--------- beginning of main
06-05 19:59:00.684 V/PhoneStatusBar( 1711): setLightsOn(true)
06-05 19:59:00.687 D/gralloc_ranchu( 1348): gralloc_alloc: Creating ashmem region of size 3145728
06-05 19:59:00.691 E/EGL_emulation( 1348): tid 1348: eglCreateSyncKHR(1901): error 0x3004 (EGL_BAD_ATTRIBUTE)
06-05 19:59:00.719 D/EGL_emulation( 2147): eglMakeCurrent: 0xa3805360: ver 2 0 (tinfo 0xa3803630)
06-05 19:59:00.736 D/EGL_emulation( 1711): eglMakeCurrent: 0x9f1709c0: ver 2 0 (tinfo 0xa0e61d00)
06-05 19:59:00.751 D/EGL_emulation( 1711): eglMakeCurrent: 0x9f1709c0: ver 2 0 (tinfo 0xa0e61d00)
06-05 19:59:00.754 D/EGL_emulation( 1711): eglMakeCurrent: 0x9f1709c0: ver 2 0 (tinfo 0xa0e61d00)
06-05 19:59:00.768 D/EGL_emulation( 1711): eglMakeCurrent: 0x9f1709c0: ver 2 0 (tinfo 0xa0e61d00)
06-05 19:59:00.770 D/EGL_emulation( 1711): eglMakeCurrent: 0x9f1709c0: ver 2 0 (tinfo 0xa0e61d00)
06-05 19:59:00.785 D/EGL_emulation( 1711): eglMakeCurrent: 0x9f1709c0: ver 2 0 (tinfo 0xa0e61d00)
06-05 19:59:00.786 D/EGL_emulation( 1711): eglMakeCurrent: 0x9f1709c0: ver 2 0 (tinfo 0xa0e61d00)
06-05 19:59:00.801 D/EGL_emulation( 1711): eglMakeCurrent: 0x9f1709c0: ver 2 0 (tinfo 0xa0e61d00)
06-05 19:59:00.803 D/EGL_emulation( 1711): eglMakeCurrent: 0x9f1709c0: ver 2 0 (tinfo 0xa0e61d00)
06-05 19:59:00.818 D/EGL_emulation( 1711): eglMakeCurrent: 0x9f1709c0: ver 2 0 (tinfo 0xa0e61d00)
06-05 19:59:00.820 D/EGL_emulation( 1711): eglMakeCurrent: 0x9f1709c0: ver 2 0 (tinfo 0xa0e61d00)
06-05 19:59:00.823 D/AndroidRuntime(19535): >>>>>> START com.android.internal.os.RuntimeInit uid 2000 <<<<<<
06-05 19:59:00.824 D/AndroidRuntime(19535): CheckJNI is ON
06-05 19:59:00.834 W/art     (19535): Unexpected CPU variant for X86 using defaults: x86
06-05 19:59:00.835 D/EGL_emulation( 1711): eglMakeCurrent: 0x9f1709c0: ver 2 0 (tinfo 0xa0e61d00)
06-05 19:59:00.836 D/ICU     (19535): No timezone override file found: /data/misc/zoneinfo/current/icu/icu_tzdata.dat
06-05 19:59:00.836 D/EGL_emulation( 1711): eglMakeCurrent: 0x9f1709c0: ver 2 0 (tinfo 0xa0e61d00)
06-05 19:59:00.843 E/memtrack(19535): Couldn't load memtrack module (No such file or directory)
06-05 19:59:00.843 E/android.os.Debug(19535): failed to load memtrack module: -2
06-05 19:59:00.844 I/Radio-JNI(19535): register_android_hardware_Radio DONE
06-05 19:59:00.847 D/AndroidRuntime(19535): Calling main entry com.android.commands.am.Am
06-05 19:59:00.849 I/ActivityManager( 1629): Force stopping com.evancharlton.mileage appid=10196 user=0: start instr
06-05 19:59:00.849 I/ActivityManager( 1629): Killing 19491:com.evancharlton.mileage/u0a196 (adj 0): stop com.evancharlton.mileage
06-05 19:59:00.849 D/ActivityManager( 1629): cleanUpApplicationRecord -- 19491
06-05 19:59:00.849 W/ActivityManager( 1629): Crash of app com.evancharlton.mileage running instrumentation ComponentInfo{com.evancharlton.mileage.test/sh.calaba.instrumentationbackend.CalabashInstrumentationTestRunner}
06-05 19:59:00.849 I/ActivityManager( 1629): Force stopping com.evancharlton.mileage appid=10196 user=0: finished inst
06-05 19:59:00.851 D/EGL_emulation( 1711): eglMakeCurrent: 0x9f1709c0: ver 2 0 (tinfo 0xa0e61d00)
06-05 19:59:00.852 I/art     (19545): Not late-enabling -Xcheck:jni (already on)
06-05 19:59:00.852 W/art     (19545): Unexpected CPU variant for X86 using defaults: x86
06-05 19:59:00.853 D/EGL_emulation( 1711): eglMakeCurrent: 0x9f1709c0: ver 2 0 (tinfo 0xa0e61d00)
06-05 19:59:00.860 I/ActivityManager( 1629): Start proc 19545:com.evancharlton.mileage/u0a196 for added application com.evancharlton.mileage
06-05 19:59:00.860 D/AndroidRuntime(19535): Shutting down VM
06-05 19:59:00.864 W/System  (19545): ClassLoader referenced unknown path: /data/app/com.evancharlton.mileage.test-1/lib/x86
06-05 19:59:00.864 W/System  (19545): ClassLoader referenced unknown path: /data/app/com.evancharlton.mileage-1/lib/x86
06-05 19:59:00.866 W/System  (19545): ClassLoader referenced unknown path: 
06-05 19:59:00.868 D/EGL_emulation( 1711): eglMakeCurrent: 0x9f1709c0: ver 2 0 (tinfo 0xa0e61d00)
06-05 19:59:00.869 D/EGL_emulation( 1711): eglMakeCurrent: 0x9f1709c0: ver 2 0 (tinfo 0xa0e61d00)
06-05 19:59:00.871 I/System.out(19545): Main activity name automatically set to: com.evancharlton.mileage.Mileage
06-05 19:59:00.871 I/System.out(19545): Calabash did not load Mono. This is only a problem if you are trying to test a Mono application
06-05 19:59:00.871 I/calabash(19545): Test server port: 7102
06-05 19:59:00.872 I/InstrumentationBackend(19545): Added:'GetPreferences', with key:'get_preferences'
06-05 19:59:00.875 I/InstrumentationBackend(19545): Added:'SetPreferences', with key:'set_preferences'
06-05 19:59:00.875 I/InstrumentationBackend(19545): Added:'ClearPreferences', with key:'clear_preferences'
06-05 19:59:00.875 I/InstrumentationBackend(19545): Added:'PressElement', with key:'press_l10n_element'
06-05 19:59:00.875 I/InstrumentationBackend(19545): Added:'WaitForElement', with key:'wait_for_l10n_element'
06-05 19:59:00.876 I/InstrumentationBackend(19545): Added:'NullAction', with key:'nullAction'
06-05 19:59:00.876 I/InstrumentationBackend(19545): Added:'PressKey', with key:'press_key'
06-05 19:59:00.876 I/InstrumentationBackend(19545): Added:'SetActivityOrientation', with key:'set_activity_orientation'
06-05 19:59:00.876 I/InstrumentationBackend(19545): Added:'GetActivityOrientation', with key:'get_activity_orientation'
06-05 19:59:00.876 I/InstrumentationBackend(19545): Added:'FakeGPSLocation', with key:'set_gps_coordinates'
06-05 19:59:00.876 I/InstrumentationBackend(19545): Added:'SetPropertyByCssSelector', with key:'set_property_by_css_selector'
06-05 19:59:00.876 I/InstrumentationBackend(19545): Added:'GetUrl', with key:'get_url'
06-05 19:59:00.876 I/InstrumentationBackend(19545): Added:'ScrollTo', with key:'scroll_to'
06-05 19:59:00.876 I/InstrumentationBackend(19545): Added:'GetLoadProgress', with key:'get_load_progress'
06-05 19:59:00.876 I/InstrumentationBackend(19545): Added:'DumpHtml', with key:'dump_html'
06-05 19:59:00.876 I/InstrumentationBackend(19545): Added:'DumpBodyHtml', with key:'dump_body_html'
06-05 19:59:00.876 I/InstrumentationBackend(19545): Added:'EnterTextByCssSelector', with key:'enter_text_by_selector'
06-05 19:59:00.876 I/InstrumentationBackend(19545): Added:'AndroidSDKVersion', with key:'android_sdk_version'
06-05 19:59:00.876 I/InstrumentationBackend(19545): Added:'Version', with key:'version'
06-05 19:59:00.876 I/InstrumentationBackend(19545): Added:'Drag', with key:'drag'
06-05 19:59:00.876 I/InstrumentationBackend(19545): Added:'TouchCoordinates', with key:'touch_coordinate'
06-05 19:59:00.876 I/InstrumentationBackend(19545): Added:'LongPressCoordinate', with key:'long_press_coordinate'
06-05 19:59:00.877 I/InstrumentationBackend(19545): Added:'DragCoordinates', with key:'drag_coordinates'
06-05 19:59:00.877 I/InstrumentationBackend(19545): Added:'ResumeApplication', with key:'resume_application'
06-05 19:59:00.877 I/InstrumentationBackend(19545): Added:'Swipe', with key:'swipe'
06-05 19:59:00.877 I/InstrumentationBackend(19545): Added:'DoubleTapCoordinate', with key:'double_tap_coordinate'
06-05 19:59:00.877 I/InstrumentationBackend(19545): Added:'ClickOnScreen', with key:'click_on_screen'
06-05 19:59:00.877 I/InstrumentationBackend(19545): Added:'GetActivityName', with key:'get_activity_name'
06-05 19:59:00.877 I/InstrumentationBackend(19545): Added:'ScrollToView', with key:'scroll_to_view'
06-05 19:59:00.877 I/InstrumentationBackend(19545): Added:'ViewConfiguration', with key:'view_configuration'
06-05 19:59:00.877 I/InstrumentationBackend(19545): Added:'IsCurrentActivityFocused', with key:'is_current_activity_focused'
06-05 19:59:00.877 I/InstrumentationBackend(19545): Added:'SendTcp', with key:'send_tcp'
06-05 19:59:00.877 I/InstrumentationBackend(19545): Added:'DpToDevicePixel', with key:'dp_to_device_pixel'
06-05 19:59:00.877 I/InstrumentationBackend(19545): Added:'KeyboardEnterText', with key:'keyboard_enter_text'
06-05 19:59:00.877 I/InstrumentationBackend(19545): Added:'DeleteSurroundingText', with key:'delete_surrounding_text'
06-05 19:59:00.877 I/InstrumentationBackend(19545): Added:'SetComposingRegion', with key:'set_composing_region'
06-05 19:59:00.877 I/InstrumentationBackend(19545): Added:'SetSelection', with key:'set_selection'
06-05 19:59:00.877 I/InstrumentationBackend(19545): Added:'KeyboardKeyEvent', with key:'keyboard_key_event'
06-05 19:59:00.877 I/InstrumentationBackend(19545): Added:'PressUserActionButton', with key:'press_user_action_button'
06-05 19:59:00.877 I/InstrumentationBackend(19545): Added:'HideSoftKeyboard', with key:'hide_soft_keyboard'
06-05 19:59:00.877 I/InstrumentationBackend(19545): Added:'ListActions', with key:'list_actions'
06-05 19:59:00.877 I/calabash(19545): Instantiating http server at 7102
06-05 19:59:00.878 I/System.out(19545): HTTP Daemon listening on: 7102
06-05 19:59:00.885 D/EGL_emulation( 1711): eglMakeCurrent: 0x9f1709c0: ver 2 0 (tinfo 0xa0e61d00)
06-05 19:59:00.887 D/EGL_emulation( 1711): eglMakeCurrent: 0x9f1709c0: ver 2 0 (tinfo 0xa0e61d00)
06-05 19:59:00.901 D/EGL_emulation( 1711): eglMakeCurrent: 0x9f1709c0: ver 2 0 (tinfo 0xa0e61d00)
06-05 19:59:00.903 D/EGL_emulation( 1711): eglMakeCurrent: 0x9f1709c0: ver 2 0 (tinfo 0xa0e61d00)
06-05 19:59:00.911 I/WindowManager( 1629): WIN DEATH: Window{66a1755 u0 com.evancharlton.mileage/com.evancharlton.mileage.Mileage EXITING}
06-05 19:59:00.911 W/InputDispatcher( 1629): channel '17d70e6 com.evancharlton.mileage/com.evancharlton.mileage.charts.WorstFuelEconomyChart (server)' ~ Consumer closed input channel or an error occurred.  events=0x9
06-05 19:59:00.911 E/InputDispatcher( 1629): channel '17d70e6 com.evancharlton.mileage/com.evancharlton.mileage.charts.WorstFuelEconomyChart (server)' ~ Channel is unrecoverably broken and will be disposed!
06-05 19:59:00.912 I/WindowManager( 1629): WIN DEATH: Window{17d70e6 u0 com.evancharlton.mileage/com.evancharlton.mileage.charts.WorstFuelEconomyChart EXITING}
06-05 19:59:00.912 W/InputDispatcher( 1629): Attempted to unregister already unregistered input channel '17d70e6 com.evancharlton.mileage/com.evancharlton.mileage.charts.WorstFuelEconomyChart (server)'
06-05 19:59:00.921 D/EGL_emulation( 1711): eglMakeCurrent: 0x9f1709c0: ver 2 0 (tinfo 0xa0e61d00)
06-05 19:59:00.924 D/EGL_emulation( 1711): eglMakeCurrent: 0x9f1709c0: ver 2 0 (tinfo 0xa0e61d00)
06-05 19:59:00.935 D/EGL_emulation( 1711): eglMakeCurrent: 0x9f1709c0: ver 2 0 (tinfo 0xa0e61d00)
06-05 19:59:00.953 D/EGL_emulation( 1711): eglMakeCurrent: 0x9f1709c0: ver 2 0 (tinfo 0xa0e61d00)
06-05 19:59:00.958 D/EGL_emulation( 1711): eglMakeCurrent: 0x9f1709c0: ver 2 0 (tinfo 0xa0e61d00)
06-05 19:59:00.973 I/System.out(19545): URI: //ping
06-05 19:59:00.974 I/System.out(19545): params: {json={}
06-05 19:59:00.974 I/System.out(19545): }
06-05 19:59:00.980 I/System.out(19545): URI: //ping
06-05 19:59:00.980 I/System.out(19545): params: {json={}
06-05 19:59:00.980 I/System.out(19545): }
06-05 19:59:00.985 I/System.out(19545): URI: //ready
06-05 19:59:00.985 I/System.out(19545): params: {json={}
06-05 19:59:00.985 I/System.out(19545): }
06-05 19:59:00.990 I/System.out(19545): URI: //
06-05 19:59:00.990 I/System.out(19545): params: {json={"command":"version","arguments":[]}
06-05 19:59:00.990 I/System.out(19545): }
06-05 19:59:00.990 I/System.out(19545): header: {content-type=application/json;charset=utf-8, date=Sat, 06 Jun 2020 00:59:01 GMT, accept=*/*, host=127.0.0.1:34783, content-length=36, user-agent=HTTPClient/1.0 (2.8.3, ruby 2.5.1 (2018-03-29))}
06-05 19:59:00.990 I/System.out(19545): params: {json={"command":"version","arguments":[]}
06-05 19:59:00.990 I/System.out(19545): }
06-05 19:59:00.990 I/System.out(19545): ProP json = {"command":"version","arguments":[]}
06-05 19:59:00.990 I/System.out(19545): files: {}
06-05 19:59:00.990 I/System.out(19545): command: {"command":"version","arguments":[]}
06-05 19:59:00.994 I/InstrumentationBackend(19545): Got command:'Command:'Line:null,version', arguments:'[]'
06-05 19:59:01.002 I/System.out(19545): result:{"bonusInformation":[],"message":"0.9.8","success":true}
06-05 19:59:01.004 I/System.out(19545): URI: //start-application
06-05 19:59:01.004 I/System.out(19545): params: {json={"intent":null}
06-05 19:59:01.004 I/System.out(19545): }
06-05 19:59:01.014 I/ActivityManager( 1629): START u0 {act=android.intent.action.MAIN cat=[android.intent.category.LAUNCHER] flg=0x10200000 cmp=com.evancharlton.mileage/.Mileage} from uid 10196 on display 0
06-05 19:59:01.019 I/calabash(19545): newActivity1
06-05 19:59:01.027 I/calabash(19545): newActivity1
06-05 19:59:01.029 W/ActivityManager( 1629): Bad activity token: android.os.BinderProxy@394329c
06-05 19:59:01.029 W/ActivityManager( 1629): java.lang.ClassCastException: android.os.BinderProxy cannot be cast to com.android.server.am.ActivityRecord$Token
06-05 19:59:01.029 W/ActivityManager( 1629): 	at com.android.server.am.ActivityRecord.forTokenLocked(ActivityRecord.java:586)
06-05 19:59:01.029 W/ActivityManager( 1629): 	at com.android.server.am.ActivityRecord.isInStackLocked(ActivityRecord.java:1327)
06-05 19:59:01.029 W/ActivityManager( 1629): 	at com.android.server.am.ActivityRecord.getStackLocked(ActivityRecord.java:1332)
06-05 19:59:01.029 W/ActivityManager( 1629): 	at com.android.server.am.ActivityManagerService.getActivityDisplayId(ActivityManagerService.java:9806)
06-05 19:59:01.029 W/ActivityManager( 1629): 	at android.app.ActivityManagerNative.onTransact(ActivityManagerNative.java:2566)
06-05 19:59:01.029 W/ActivityManager( 1629): 	at com.android.server.am.ActivityManagerService.onTransact(ActivityManagerService.java:2757)
06-05 19:59:01.029 W/ActivityManager( 1629): 	at android.os.Binder.execTransact(Binder.java:565)
06-05 19:59:01.030 W/ActivityManager( 1629): Bad activity token: android.os.BinderProxy@394329c
06-05 19:59:01.030 W/ActivityManager( 1629): java.lang.ClassCastException: android.os.BinderProxy cannot be cast to com.android.server.am.ActivityRecord$Token
06-05 19:59:01.030 W/ActivityManager( 1629): 	at com.android.server.am.ActivityRecord.forTokenLocked(ActivityRecord.java:586)
06-05 19:59:01.030 W/ActivityManager( 1629): 	at com.android.server.am.ActivityRecord.isInStackLocked(ActivityRecord.java:1327)
06-05 19:59:01.030 W/ActivityManager( 1629): 	at com.android.server.am.ActivityManagerService.setTaskDescription(ActivityManagerService.java:9358)
06-05 19:59:01.030 W/ActivityManager( 1629): 	at android.app.ActivityManagerNative.onTransact(ActivityManagerNative.java:2639)
06-05 19:59:01.030 W/ActivityManager( 1629): 	at com.android.server.am.ActivityManagerService.onTransact(ActivityManagerService.java:2757)
06-05 19:59:01.030 W/ActivityManager( 1629): 	at android.os.Binder.execTransact(Binder.java:565)
06-05 19:59:01.030 W/ActivityManager( 1629): Bad activity token: android.os.BinderProxy@394329c
06-05 19:59:01.030 W/ActivityManager( 1629): java.lang.ClassCastException: android.os.BinderProxy cannot be cast to com.android.server.am.ActivityRecord$Token
06-05 19:59:01.030 W/ActivityManager( 1629): 	at com.android.server.am.ActivityRecord.forTokenLocked(ActivityRecord.java:586)
06-05 19:59:01.030 W/ActivityManager( 1629): 	at com.android.server.am.ActivityRecord.isInStackLocked(ActivityRecord.java:1327)
06-05 19:59:01.030 W/ActivityManager( 1629): 	at com.android.server.am.ActivityRecord.getStackLocked(ActivityRecord.java:1332)
06-05 19:59:01.030 W/ActivityManager( 1629): 	at com.android.server.am.ActivityManagerService.getActivityStackId(ActivityManagerService.java:9817)
06-05 19:59:01.030 W/ActivityManager( 1629): 	at android.app.ActivityManagerNative.onTransact(ActivityManagerNative.java:2856)
06-05 19:59:01.030 W/ActivityManager( 1629): 	at com.android.server.am.ActivityManagerService.onTransact(ActivityManagerService.java:2757)
06-05 19:59:01.030 W/ActivityManager( 1629): 	at android.os.Binder.execTransact(Binder.java:565)
06-05 19:59:01.035 D/gralloc_ranchu( 1348): gralloc_alloc: Creating ashmem region of size 9023488
06-05 19:59:01.048 W/ActivityManager( 1629): Bad activity token: android.os.BinderProxy@394329c
06-05 19:59:01.048 W/ActivityManager( 1629): java.lang.ClassCastException: android.os.BinderProxy cannot be cast to com.android.server.am.ActivityRecord$Token
06-05 19:59:01.048 W/ActivityManager( 1629): 	at com.android.server.am.ActivityRecord.forTokenLocked(ActivityRecord.java:586)
06-05 19:59:01.048 W/ActivityManager( 1629): 	at com.android.server.am.ActivityRecord.isInStackLocked(ActivityRecord.java:1327)
06-05 19:59:01.048 W/ActivityManager( 1629): 	at com.android.server.am.ActivityManagerService.getActivityOptions(ActivityManagerService.java:12559)
06-05 19:59:01.048 W/ActivityManager( 1629): 	at android.app.ActivityManagerNative.onTransact(ActivityManagerNative.java:1933)
06-05 19:59:01.048 W/ActivityManager( 1629): 	at com.android.server.am.ActivityManagerService.onTransact(ActivityManagerService.java:2757)
06-05 19:59:01.048 W/ActivityManager( 1629): 	at android.os.Binder.execTransact(Binder.java:565)
06-05 19:59:01.048 W/ActivityManager( 1629): Bad activity token: android.os.BinderProxy@394329c
06-05 19:59:01.048 W/ActivityManager( 1629): java.lang.ClassCastException: android.os.BinderProxy cannot be cast to com.android.server.am.ActivityRecord$Token
06-05 19:59:01.048 W/ActivityManager( 1629): 	at com.android.server.am.ActivityRecord.forTokenLocked(ActivityRecord.java:586)
06-05 19:59:01.048 W/ActivityManager( 1629): 	at com.android.server.am.ActivityRecord.isInStackLocked(ActivityRecord.java:1327)
06-05 19:59:01.048 W/ActivityManager( 1629): 	at com.android.server.am.ActivityManagerService.getActivityOptions(ActivityManagerService.java:12559)
06-05 19:59:01.048 W/ActivityManager( 1629): 	at android.app.ActivityManagerNative.onTransact(ActivityManagerNative.java:1933)
06-05 19:59:01.048 W/ActivityManager( 1629): 	at com.android.server.am.ActivityManagerService.onTransact(ActivityManagerService.java:2757)
06-05 19:59:01.048 W/ActivityManager( 1629): 	at android.os.Binder.execTransact(Binder.java:565)
06-05 19:59:01.068 V/PhoneStatusBar( 1711): setLightsOn(true)
06-05 19:59:01.069 D/EGL_emulation( 2147): eglMakeCurrent: 0xa3805360: ver 2 0 (tinfo 0xa3803630)
06-05 19:59:01.084 D/gralloc_ranchu( 1348): gralloc_alloc: Creating ashmem region of size 9023488
06-05 19:59:01.090 D/        (19545): HostConnection::get() New Host Connection established 0x91f1f040, tid 19545
06-05 19:59:01.091 D/EGL_emulation( 1711): eglMakeCurrent: 0x9f1709c0: ver 2 0 (tinfo 0xa0e61d00)
06-05 19:59:01.092 V/PhoneStatusBar( 1711): setLightsOn(true)
06-05 19:59:01.138 D/EGL_emulation( 1711): eglMakeCurrent: 0x9f1709c0: ver 2 0 (tinfo 0xa0e61d00)
06-05 19:59:01.141 D/EGL_emulation( 1711): eglMakeCurrent: 0x9f1709c0: ver 2 0 (tinfo 0xa0e61d00)
06-05 19:59:01.143 D/EGL_emulation( 1711): eglMakeCurrent: 0x9f1709c0: ver 2 0 (tinfo 0xa0e61d00)
06-05 19:59:01.145 D/EGL_emulation( 1711): eglMakeCurrent: 0x9f1709c0: ver 2 0 (tinfo 0xa0e61d00)
06-05 19:59:01.151 I/WindowManager( 1629): Destroying surface Surface(name=com.evancharlton.mileage/com.evancharlton.mileage.Mileage) called by com.android.server.wm.WindowStateAnimator.destroySurface:2016 com.android.server.wm.WindowStateAnimator.destroySurfaceLocked:882 com.android.server.wm.WindowState.removeLocked:1456 com.android.server.wm.WindowManagerService.removeWindowInnerLocked:2484 com.android.server.wm.AppWindowToken.destroySurfaces:365 com.android.server.wm.WindowStateAnimator.finishExit:565 com.android.server.wm.AppWindowAnimator.stepAnimationLocked:427 com.android.server.wm.WindowAnimator.updateAppWindowsLocked:196 
06-05 19:59:01.151 D/EGL_emulation( 1711): eglMakeCurrent: 0x9f1709c0: ver 2 0 (tinfo 0xa0e61d00)
06-05 19:59:01.152 I/WindowManager( 1629): Destroying surface Surface(name=com.evancharlton.mileage/com.evancharlton.mileage.charts.WorstFuelEconomyChart) called by com.android.server.wm.WindowStateAnimator.destroySurface:2016 com.android.server.wm.WindowStateAnimator.destroySurfaceLocked:882 com.android.server.wm.WindowState.removeLocked:1456 com.android.server.wm.WindowManagerService.removeWindowInnerLocked:2484 com.android.server.wm.AppWindowToken.destroySurfaces:365 com.android.server.wm.WindowStateAnimator.finishExit:565 com.android.server.wm.AppWindowAnimator.stepAnimationLocked:427 com.android.server.wm.WindowAnimator.updateAppWindowsLocked:196 
06-05 19:59:01.153 D/EGL_emulation( 1711): eglMakeCurrent: 0x9f1709c0: ver 2 0 (tinfo 0xa0e61d00)
06-05 19:59:01.169 D/EGL_emulation( 1711): eglMakeCurrent: 0x9f1709c0: ver 2 0 (tinfo 0xa0e61d00)
06-05 19:59:01.172 D/EGL_emulation( 1711): eglMakeCurrent: 0x9f1709c0: ver 2 0 (tinfo 0xa0e61d00)
06-05 19:59:01.172 V/PhoneStatusBar( 1711): setLightsOn(true)
06-05 19:59:01.185 D/EGL_emulation( 1711): eglMakeCurrent: 0x9f1709c0: ver 2 0 (tinfo 0xa0e61d00)
06-05 19:59:01.186 D/gralloc_ranchu( 1348): gralloc_alloc: Creating ashmem region of size 9023488
06-05 19:59:01.195 D/EGL_emulation( 1711): eglMakeCurrent: 0x9f1709c0: ver 2 0 (tinfo 0xa0e61d00)
06-05 19:59:01.206 I/ActivityManager( 1629): Displayed com.evancharlton.mileage/.Mileage: +190ms
06-05 19:59:01.207 D/EGL_emulation( 1711): eglMakeCurrent: 0x9f1709c0: ver 2 0 (tinfo 0xa0e61d00)
06-05 19:59:01.209 D/EGL_emulation( 1711): eglMakeCurrent: 0x9f1709c0: ver 2 0 (tinfo 0xa0e61d00)
06-05 19:59:01.209 V/PhoneStatusBar( 1711): setLightsOn(true)
06-05 19:59:01.221 D/EGL_emulation( 1711): eglMakeCurrent: 0x9f1709c0: ver 2 0 (tinfo 0xa0e61d00)
06-05 19:59:01.224 D/EGL_emulation( 1711): eglMakeCurrent: 0x9f1709c0: ver 2 0 (tinfo 0xa0e61d00)
06-05 19:59:01.238 D/EGL_emulation( 1711): eglMakeCurrent: 0x9f1709c0: ver 2 0 (tinfo 0xa0e61d00)
06-05 19:59:01.240 D/EGL_emulation( 1711): eglMakeCurrent: 0x9f1709c0: ver 2 0 (tinfo 0xa0e61d00)
06-05 19:59:01.240 V/PhoneStatusBar( 1711): setLightsOn(true)
06-05 19:59:01.252 D/EGL_emulation( 1711): eglMakeCurrent: 0x9f1709c0: ver 2 0 (tinfo 0xa0e61d00)
06-05 19:59:01.253 I/UsageStatsService( 1629): User[0] Flushing usage stats to disk
06-05 19:59:01.254 D/EGL_emulation( 1711): eglMakeCurrent: 0x9f1709c0: ver 2 0 (tinfo 0xa0e61d00)
06-05 19:59:01.258 I/System.out(19545): URI: //map
06-05 19:59:01.258 I/System.out(19545): params: {json={"query":"* marked:'Statistics'","operation":{"method_name":"query","arguments":[]}}
06-05 19:59:01.258 I/System.out(19545): }
06-05 19:59:01.268 D/EGL_emulation( 1711): eglMakeCurrent: 0x9f1709c0: ver 2 0 (tinfo 0xa0e61d00)
06-05 19:59:01.270 W/ResourceType(19545): No package identifier when getting name for resource number 0x00000001
06-05 19:59:01.273 D/EGL_emulation( 1711): eglMakeCurrent: 0x9f1709c0: ver 2 0 (tinfo 0xa0e61d00)
06-05 19:59:01.283 I/System.out(19545): URI: //gesture
06-05 19:59:01.283 I/System.out(19545): params: {json={"query_timeout":5.0,"gestures":[{"query_string":"* marked:'Statistics'","touches":[{"x":50,"y":50,"offset_x":0,"offset_y":0,"wait":0.0,"time":0.2,"release":true,"query_string":null}]}]}
06-05 19:59:01.283 I/System.out(19545): }
06-05 19:59:01.285 D/EGL_emulation( 1711): eglMakeCurrent: 0x9f1709c0: ver 2 0 (tinfo 0xa0e61d00)
06-05 19:59:01.289 W/ResourceType(19545): No package identifier when getting name for resource number 0x00000001
06-05 19:59:01.401 I/WindowManager( 1629): Destroying surface Surface(name=Starting com.evancharlton.mileage) called by com.android.server.wm.WindowStateAnimator.destroySurface:2016 com.android.server.wm.WindowStateAnimator.destroySurfaceLocked:882 com.android.server.wm.WindowState.destroyOrSaveSurface:2100 com.android.server.wm.AppWindowToken.destroySurfaces:363 com.android.server.wm.WindowStateAnimator.finishExit:565 com.android.server.wm.WindowStateAnimator.stepAnimationLocked:491 com.android.server.wm.WindowAnimator.updateWindowsLocked:303 com.android.server.wm.WindowAnimator.animateLocked:704 
06-05 19:59:01.403 V/PhoneStatusBar( 1711): setLightsOn(true)
06-05 19:59:01.418 V/PhoneStatusBar( 1711): setLightsOn(true)
06-05 19:59:01.525 I/calabash(19545): newActivity1
06-05 19:59:01.535 V/PhoneStatusBar( 1711): setLightsOn(true)
06-05 19:59:01.551 I/System.out(19545): URI: //map
06-05 19:59:01.551 I/System.out(19545): params: {json={"query":"* marked:'Best fuel economy'","operation":{"method_name":"query","arguments":[]}}
06-05 19:59:01.551 I/System.out(19545): }
06-05 19:59:01.556 W/ActivityManager( 1629): Bad activity token: android.os.BinderProxy@c742c2a
06-05 19:59:01.556 W/ActivityManager( 1629): java.lang.ClassCastException: android.os.BinderProxy cannot be cast to com.android.server.am.ActivityRecord$Token
06-05 19:59:01.556 W/ActivityManager( 1629): 	at com.android.server.am.ActivityRecord.forTokenLocked(ActivityRecord.java:586)
06-05 19:59:01.556 W/ActivityManager( 1629): 	at com.android.server.am.ActivityRecord.isInStackLocked(ActivityRecord.java:1327)
06-05 19:59:01.556 W/ActivityManager( 1629): 	at com.android.server.am.ActivityRecord.getStackLocked(ActivityRecord.java:1332)
06-05 19:59:01.556 W/ActivityManager( 1629): 	at com.android.server.am.ActivityManagerService.getActivityDisplayId(ActivityManagerService.java:9806)
06-05 19:59:01.556 W/ActivityManager( 1629): 	at android.app.ActivityManagerNative.onTransact(ActivityManagerNative.java:2566)
06-05 19:59:01.556 W/ActivityManager( 1629): 	at com.android.server.am.ActivityManagerService.onTransact(ActivityManagerService.java:2757)
06-05 19:59:01.556 W/ActivityManager( 1629): 	at android.os.Binder.execTransact(Binder.java:565)
06-05 19:59:01.557 W/ActivityManager( 1629): Bad activity token: android.os.BinderProxy@c742c2a
06-05 19:59:01.557 W/ActivityManager( 1629): java.lang.ClassCastException: android.os.BinderProxy cannot be cast to com.android.server.am.ActivityRecord$Token
06-05 19:59:01.557 W/ActivityManager( 1629): 	at com.android.server.am.ActivityRecord.forTokenLocked(ActivityRecord.java:586)
06-05 19:59:01.557 W/ActivityManager( 1629): 	at com.android.server.am.ActivityRecord.isInStackLocked(ActivityRecord.java:1327)
06-05 19:59:01.557 W/ActivityManager( 1629): 	at com.android.server.am.ActivityManagerService.setTaskDescription(ActivityManagerService.java:9358)
06-05 19:59:01.557 W/ActivityManager( 1629): 	at android.app.ActivityManagerNative.onTransact(ActivityManagerNative.java:2639)
06-05 19:59:01.557 W/ActivityManager( 1629): 	at com.android.server.am.ActivityManagerService.onTransact(ActivityManagerService.java:2757)
06-05 19:59:01.557 W/ActivityManager( 1629): 	at android.os.Binder.execTransact(Binder.java:565)
06-05 19:59:01.558 W/ActivityManager( 1629): Bad activity token: android.os.BinderProxy@c742c2a
06-05 19:59:01.558 W/ActivityManager( 1629): java.lang.ClassCastException: android.os.BinderProxy cannot be cast to com.android.server.am.ActivityRecord$Token
06-05 19:59:01.558 W/ActivityManager( 1629): 	at com.android.server.am.ActivityRecord.forTokenLocked(ActivityRecord.java:586)
06-05 19:59:01.558 W/ActivityManager( 1629): 	at com.android.server.am.ActivityRecord.isInStackLocked(ActivityRecord.java:1327)
06-05 19:59:01.558 W/ActivityManager( 1629): 	at com.android.server.am.ActivityRecord.getStackLocked(ActivityRecord.java:1332)
06-05 19:59:01.558 W/ActivityManager( 1629): 	at com.android.server.am.ActivityManagerService.getActivityStackId(ActivityManagerService.java:9817)
06-05 19:59:01.558 W/ActivityManager( 1629): 	at android.app.ActivityManagerNative.onTransact(ActivityManagerNative.java:2856)
06-05 19:59:01.558 W/ActivityManager( 1629): 	at com.android.server.am.ActivityManagerService.onTransact(ActivityManagerService.java:2757)
06-05 19:59:01.558 W/ActivityManager( 1629): 	at android.os.Binder.execTransact(Binder.java:565)
06-05 19:59:01.563 D/VehicleStatisticsActivity(19545): Checking recalculation ...
06-05 19:59:01.563 D/VehicleStatisticsActivity(19545): Recalculation not necessary.
06-05 19:59:01.569 W/ActivityManager( 1629): Bad activity token: android.os.BinderProxy@c742c2a
06-05 19:59:01.569 W/ActivityManager( 1629): java.lang.ClassCastException: android.os.BinderProxy cannot be cast to com.android.server.am.ActivityRecord$Token
06-05 19:59:01.569 W/ActivityManager( 1629): 	at com.android.server.am.ActivityRecord.forTokenLocked(ActivityRecord.java:586)
06-05 19:59:01.569 W/ActivityManager( 1629): 	at com.android.server.am.ActivityRecord.isInStackLocked(ActivityRecord.java:1327)
06-05 19:59:01.569 W/ActivityManager( 1629): 	at com.android.server.am.ActivityManagerService.getActivityOptions(ActivityManagerService.java:12559)
06-05 19:59:01.569 W/ActivityManager( 1629): 	at android.app.ActivityManagerNative.onTransact(ActivityManagerNative.java:1933)
06-05 19:59:01.569 W/ActivityManager( 1629): 	at com.android.server.am.ActivityManagerService.onTransact(ActivityManagerService.java:2757)
06-05 19:59:01.569 W/ActivityManager( 1629): 	at android.os.Binder.execTransact(Binder.java:565)
06-05 19:59:01.570 W/ActivityManager( 1629): Bad activity token: android.os.BinderProxy@c742c2a
06-05 19:59:01.570 W/ActivityManager( 1629): java.lang.ClassCastException: android.os.BinderProxy cannot be cast to com.android.server.am.ActivityRecord$Token
06-05 19:59:01.570 W/ActivityManager( 1629): 	at com.android.server.am.ActivityRecord.forTokenLocked(ActivityRecord.java:586)
06-05 19:59:01.570 W/ActivityManager( 1629): 	at com.android.server.am.ActivityRecord.isInStackLocked(ActivityRecord.java:1327)
06-05 19:59:01.570 W/ActivityManager( 1629): 	at com.android.server.am.ActivityManagerService.getActivityOptions(ActivityManagerService.java:12559)
06-05 19:59:01.570 W/ActivityManager( 1629): 	at android.app.ActivityManagerNative.onTransact(ActivityManagerNative.java:1933)
06-05 19:59:01.570 W/ActivityManager( 1629): 	at com.android.server.am.ActivityManagerService.onTransact(ActivityManagerService.java:2757)
06-05 19:59:01.570 W/ActivityManager( 1629): 	at android.os.Binder.execTransact(Binder.java:565)
06-05 19:59:01.573 D/VehicleStatisticsActivity(19545): Checking recalculation ...
06-05 19:59:01.574 D/VehicleStatisticsActivity(19545): Recalculation not necessary.
06-05 19:59:01.648 W/ResourceType(19545): No package identifier when getting name for resource number 0x00000001
06-05 19:59:01.649 I/art     (19545): Do partial code cache collection, code=30KB, data=29KB
06-05 19:59:01.649 I/art     (19545): After code cache collection, code=29KB, data=29KB
06-05 19:59:01.649 I/art     (19545): Increasing code cache capacity to 128KB
06-05 19:59:01.660 I/System.out(19545): URI: //gesture
06-05 19:59:01.660 I/System.out(19545): params: {json={"query_timeout":5.0,"gestures":[{"query_string":"* marked:'Best fuel economy'","touches":[{"x":50,"y":50,"offset_x":0,"offset_y":0,"wait":0.0,"time":0.2,"release":true,"query_string":null}]}]}
06-05 19:59:01.660 I/System.out(19545): }
06-05 19:59:01.664 W/ResourceType(19545): No package identifier when getting name for resource number 0x00000001
06-05 19:59:01.818 V/PhoneStatusBar( 1711): setLightsOn(true)
06-05 19:59:01.819 V/PhoneStatusBar( 1711): setLightsOn(true)
06-05 19:59:01.820 W/OpenGLRenderer( 2147): Incorrectly called buildLayer on View: ShortcutAndWidgetContainer, destroying layer...
06-05 19:59:01.834 V/PhoneStatusBar( 1711): setLightsOn(true)
06-05 19:59:01.835 I/WindowManager( 1629): Destroying surface Surface(name=com.android.launcher3/com.android.launcher3.Launcher) called by com.android.server.wm.WindowStateAnimator.destroySurface:2016 com.android.server.wm.WindowStateAnimator.destroySurfaceLocked:882 com.android.server.wm.WindowState.destroyOrSaveSurface:2100 com.android.server.wm.AppWindowToken.destroySurfaces:363 com.android.server.wm.AppWindowToken.notifyAppStopped:389 com.android.server.wm.WindowManagerService.notifyAppStopped:4463 com.android.server.am.ActivityStack.activityStoppedLocked:1252 com.android.server.am.ActivityManagerService.activityStopped:6903 
06-05 19:59:01.885 I/ActivityManager( 1629): START u0 {cmp=com.evancharlton.mileage/.charts.BestFuelEconomyChart (has extras)} from uid 10196 on display 0
06-05 19:59:01.887 V/PhoneStatusBar( 1711): setLightsOn(true)
06-05 19:59:01.888 V/PhoneStatusBar( 1711): setLightsOn(true)
06-05 19:59:01.901 I/System.out(19545): URI: //map
06-05 19:59:01.901 I/System.out(19545): params: {json={"query":"* {text CONTAINS[c] 'Best fuel economy'}","operation":{"method_name":"query","arguments":[]}}
06-05 19:59:01.901 I/System.out(19545): }
06-05 19:59:01.965 I/calabash(19545): newActivity1
06-05 19:59:01.970 W/aiCharts(19545): License file is invalid or missing. 
06-05 19:59:01.970 W/aiCharts(19545): Please place proper license.lic to /assets folder.
06-05 19:59:01.991 V/PhoneStatusBar( 1711): setLightsOn(true)
06-05 19:59:02.014 I/System.out(19545): URI: //
06-05 19:59:02.014 I/System.out(19545): params: {json={"command":"press_key","arguments":["KEYCODE_BACK"]}
06-05 19:59:02.014 I/System.out(19545): }
06-05 19:59:02.014 I/System.out(19545): header: {content-type=application/json;charset=utf-8, date=Sat, 06 Jun 2020 00:59:02 GMT, accept=*/*, host=127.0.0.1:34783, content-length=52, user-agent=HTTPClient/1.0 (2.8.3, ruby 2.5.1 (2018-03-29))}
06-05 19:59:02.014 I/System.out(19545): params: {json={"command":"press_key","arguments":["KEYCODE_BACK"]}
06-05 19:59:02.014 I/System.out(19545): }
06-05 19:59:02.014 I/System.out(19545): ProP json = {"command":"press_key","arguments":["KEYCODE_BACK"]}
06-05 19:59:02.014 I/System.out(19545): files: {}
06-05 19:59:02.014 I/System.out(19545): command: {"command":"press_key","arguments":["KEYCODE_BACK"]}
06-05 19:59:02.015 I/InstrumentationBackend(19545): Got command:'Command:'Line:null,press_key', arguments:'[KEYCODE_BACK]'
06-05 19:59:02.018 V/PhoneStatusBar( 1711): setLightsOn(true)
06-05 19:59:02.022 W/ViewRootImpl[Creating chart…](19545): Dropping event due to no window focus: KeyEvent { action=ACTION_DOWN, keyCode=KEYCODE_BACK, scanCode=0, metaState=0, flags=0x8, repeatCount=0, eventTime=2406364, downTime=2406364, deviceId=-1, source=0x101 }
06-05 19:59:02.023 I/WindowManager( 1629): Destroying surface Surface(name=Creating chart…) called by com.android.server.wm.WindowStateAnimator.destroySurface:2016 com.android.server.wm.WindowStateAnimator.destroySurfaceLocked:882 com.android.server.wm.WindowState.removeLocked:1456 com.android.server.wm.WindowManagerService.removeWindowInnerLocked:2484 com.android.server.wm.WindowManagerService.removeWindowLocked:2442 com.android.server.wm.WindowManagerService.removeWindowLocked:2311 com.android.server.wm.WindowManagerService.removeWindow:2306 com.android.server.wm.Session.remove:202 
06-05 19:59:02.026 D/gralloc_ranchu( 1348): gralloc_alloc: Creating ashmem region of size 9023488
06-05 19:59:02.028 I/System.out(19545): result:{"bonusInformation":[],"message":"","success":true}
06-05 19:59:02.033 I/System.out(19545): URI: //map
06-05 19:59:02.033 I/System.out(19545): params: {json={"query":"* {text CONTAINS[c] 'Statistics'}","operation":{"method_name":"query","arguments":[]}}
06-05 19:59:02.033 I/System.out(19545): }
06-05 19:59:02.035 V/PhoneStatusBar( 1711): setLightsOn(true)
06-05 19:59:02.063 I/ActivityManager( 1629): Displayed com.evancharlton.mileage/.charts.BestFuelEconomyChart: +101ms
06-05 19:59:02.068 V/PhoneStatusBar( 1711): setLightsOn(true)
06-05 19:59:02.101 V/PhoneStatusBar( 1711): setLightsOn(true)
