--------- beginning of system
06-05 18:34:30.670 W/ActivityManager( 1629): Finishing task with all activities already finished
06-05 18:34:30.670 W/ActivityManager( 1629): Duplicate finish request for ActivityRecord{3892a0e u0 com.evancharlton.mileage/.Mileage t3083 f}
--------- beginning of main
06-05 18:34:30.687 V/PhoneStatusBar( 1711): setLightsOn(true)
06-05 18:34:30.687 D/gralloc_ranchu( 1346): gralloc_alloc: Creating ashmem region of size 3145728
06-05 18:34:30.692 E/EGL_emulation( 1346): tid 1346: eglCreateSyncKHR(1901): error 0x3004 (EGL_BAD_ATTRIBUTE)
06-05 18:34:30.711 W/ActivityManager( 1629): Finishing task with all activities already finished
06-05 18:34:30.711 W/ActivityManager( 1629): Duplicate finish request for ActivityRecord{3892a0e u0 com.evancharlton.mileage/.Mileage t3083 f}
06-05 18:34:30.712 W/ActivityManager( 1629): Finishing task with all activities already finished
06-05 18:34:30.712 W/ActivityManager( 1629): Duplicate finish request for ActivityRecord{3892a0e u0 com.evancharlton.mileage/.Mileage t3083 f}
06-05 18:34:30.712 W/ActivityManager( 1629): Finishing task with all activities already finished
06-05 18:34:30.712 W/ActivityManager( 1629): Duplicate finish request for ActivityRecord{3892a0e u0 com.evancharlton.mileage/.Mileage t3083 f}
06-05 18:34:30.712 W/ActivityManager( 1629): Finishing task with all activities already finished
06-05 18:34:30.712 W/ActivityManager( 1629): Duplicate finish request for ActivityRecord{3892a0e u0 com.evancharlton.mileage/.Mileage t3083 f}
06-05 18:34:30.712 W/ActivityManager( 1629): Finishing task with all activities already finished
06-05 18:34:30.712 W/ActivityManager( 1629): Duplicate finish request for ActivityRecord{cc80e9c u0 com.evancharlton.mileage/.charts.LastYearCostChart t3083 f}
06-05 18:34:30.712 W/ActivityManager( 1629): Finishing task with all activities already finished
06-05 18:34:30.712 W/ActivityManager( 1629): Duplicate finish request for ActivityRecord{cc80e9c u0 com.evancharlton.mileage/.charts.LastYearCostChart t3083 f}
06-05 18:34:30.712 W/ActivityManager( 1629): Finishing task with all activities already finished
06-05 18:34:30.712 W/ActivityManager( 1629): Duplicate finish request for ActivityRecord{3892a0e u0 com.evancharlton.mileage/.Mileage t3083 f}
06-05 18:34:30.712 W/ActivityManager( 1629): Finishing task with all activities already finished
06-05 18:34:30.712 W/ActivityManager( 1629): Duplicate finish request for ActivityRecord{3892a0e u0 com.evancharlton.mileage/.Mileage t3083 f}
06-05 18:34:30.721 D/EGL_emulation( 2150): eglMakeCurrent: 0xb4f852a0: ver 2 0 (tinfo 0xb4f832e0)
06-05 18:34:30.722 W/OpenGLRenderer( 2150): Incorrectly called buildLayer on View: ShortcutAndWidgetContainer, destroying layer...
06-05 18:34:30.738 D/EGL_emulation( 1711): eglMakeCurrent: 0xa5b6bd80: ver 2 0 (tinfo 0xb1367140)
06-05 18:34:30.754 D/EGL_emulation( 1711): eglMakeCurrent: 0xa5b6bd80: ver 2 0 (tinfo 0xb1367140)
06-05 18:34:30.756 D/EGL_emulation( 1711): eglMakeCurrent: 0xa5b6bd80: ver 2 0 (tinfo 0xb1367140)
06-05 18:34:30.771 D/EGL_emulation( 1711): eglMakeCurrent: 0xa5b6bd80: ver 2 0 (tinfo 0xb1367140)
06-05 18:34:30.773 D/EGL_emulation( 1711): eglMakeCurrent: 0xa5b6bd80: ver 2 0 (tinfo 0xb1367140)
06-05 18:34:30.777 D/AndroidRuntime( 5926): >>>>>> START com.android.internal.os.RuntimeInit uid 2000 <<<<<<
06-05 18:34:30.778 D/AndroidRuntime( 5926): CheckJNI is ON
06-05 18:34:30.787 D/EGL_emulation( 1711): eglMakeCurrent: 0xa5b6bd80: ver 2 0 (tinfo 0xb1367140)
06-05 18:34:30.789 D/EGL_emulation( 1711): eglMakeCurrent: 0xa5b6bd80: ver 2 0 (tinfo 0xb1367140)
06-05 18:34:30.789 W/art     ( 5926): Unexpected CPU variant for X86 using defaults: x86
06-05 18:34:30.791 D/ICU     ( 5926): No timezone override file found: /data/misc/zoneinfo/current/icu/icu_tzdata.dat
06-05 18:34:30.799 E/memtrack( 5926): Couldn't load memtrack module (No such file or directory)
06-05 18:34:30.799 E/android.os.Debug( 5926): failed to load memtrack module: -2
06-05 18:34:30.799 I/Radio-JNI( 5926): register_android_hardware_Radio DONE
06-05 18:34:30.803 D/AndroidRuntime( 5926): Calling main entry com.android.commands.am.Am
06-05 18:34:30.804 D/EGL_emulation( 1711): eglMakeCurrent: 0xa5b6bd80: ver 2 0 (tinfo 0xb1367140)
06-05 18:34:30.805 I/ActivityManager( 1629): Force stopping com.evancharlton.mileage appid=10160 user=0: start instr
06-05 18:34:30.805 I/ActivityManager( 1629): Killing 5882:com.evancharlton.mileage/u0a160 (adj 0): stop com.evancharlton.mileage
06-05 18:34:30.805 D/ActivityManager( 1629): cleanUpApplicationRecord -- 5882
06-05 18:34:30.806 D/EGL_emulation( 1711): eglMakeCurrent: 0xa5b6bd80: ver 2 0 (tinfo 0xb1367140)
06-05 18:34:30.806 I/WindowManager( 1629): Destroying surface Surface(name=com.evancharlton.mileage/com.evancharlton.mileage.charts.LastYearCostChart) called by com.android.server.wm.WindowStateAnimator.destroySurface:2016 com.android.server.wm.WindowStateAnimator.destroySurfaceLocked:882 com.android.server.wm.WindowState.removeLocked:1456 com.android.server.wm.WindowManagerService.removeWindowInnerLocked:2484 com.android.server.wm.WindowManagerService.removeWindowLocked:2442 com.android.server.wm.WindowManagerService.removeWindowLocked:2311 com.android.server.wm.AppWindowToken.removeAllWindows:530 com.android.server.wm.AppWindowToken.removeAppFromTaskLocked:326 
06-05 18:34:30.807 W/ActivityManager( 1629): Crash of app com.evancharlton.mileage running instrumentation ComponentInfo{com.evancharlton.mileage.test/sh.calaba.instrumentationbackend.CalabashInstrumentationTestRunner}
06-05 18:34:30.807 I/ActivityManager( 1629): Force stopping com.evancharlton.mileage appid=10160 user=0: finished inst
06-05 18:34:30.810 I/art     ( 5937): Not late-enabling -Xcheck:jni (already on)
06-05 18:34:30.811 W/art     ( 5937): Unexpected CPU variant for X86 using defaults: x86
06-05 18:34:30.818 I/ActivityManager( 1629): Start proc 5937:com.evancharlton.mileage/u0a160 for added application com.evancharlton.mileage
06-05 18:34:30.818 D/AndroidRuntime( 5926): Shutting down VM
06-05 18:34:30.821 D/EGL_emulation( 1711): eglMakeCurrent: 0xa5b6bd80: ver 2 0 (tinfo 0xb1367140)
06-05 18:34:30.823 D/EGL_emulation( 1711): eglMakeCurrent: 0xa5b6bd80: ver 2 0 (tinfo 0xb1367140)
06-05 18:34:30.823 W/System  ( 5937): ClassLoader referenced unknown path: /data/app/com.evancharlton.mileage.test-1/lib/x86
06-05 18:34:30.823 W/System  ( 5937): ClassLoader referenced unknown path: /data/app/com.evancharlton.mileage-1/lib/x86
06-05 18:34:30.825 W/System  ( 5937): ClassLoader referenced unknown path: 
06-05 18:34:30.829 I/System.out( 5937): Main activity name automatically set to: com.evancharlton.mileage.Mileage
06-05 18:34:30.829 I/System.out( 5937): Calabash did not load Mono. This is only a problem if you are trying to test a Mono application
06-05 18:34:30.829 I/calabash( 5937): Test server port: 7102
06-05 18:34:30.830 I/InstrumentationBackend( 5937): Added:'GetPreferences', with key:'get_preferences'
06-05 18:34:30.835 I/InstrumentationBackend( 5937): Added:'SetPreferences', with key:'set_preferences'
06-05 18:34:30.835 I/InstrumentationBackend( 5937): Added:'ClearPreferences', with key:'clear_preferences'
06-05 18:34:30.835 I/InstrumentationBackend( 5937): Added:'PressElement', with key:'press_l10n_element'
06-05 18:34:30.835 I/InstrumentationBackend( 5937): Added:'WaitForElement', with key:'wait_for_l10n_element'
06-05 18:34:30.835 I/InstrumentationBackend( 5937): Added:'NullAction', with key:'nullAction'
06-05 18:34:30.835 I/InstrumentationBackend( 5937): Added:'PressKey', with key:'press_key'
06-05 18:34:30.835 I/InstrumentationBackend( 5937): Added:'SetActivityOrientation', with key:'set_activity_orientation'
06-05 18:34:30.835 I/InstrumentationBackend( 5937): Added:'GetActivityOrientation', with key:'get_activity_orientation'
06-05 18:34:30.836 I/InstrumentationBackend( 5937): Added:'FakeGPSLocation', with key:'set_gps_coordinates'
06-05 18:34:30.836 I/InstrumentationBackend( 5937): Added:'SetPropertyByCssSelector', with key:'set_property_by_css_selector'
06-05 18:34:30.836 I/InstrumentationBackend( 5937): Added:'GetUrl', with key:'get_url'
06-05 18:34:30.836 I/InstrumentationBackend( 5937): Added:'ScrollTo', with key:'scroll_to'
06-05 18:34:30.836 I/InstrumentationBackend( 5937): Added:'GetLoadProgress', with key:'get_load_progress'
06-05 18:34:30.836 I/InstrumentationBackend( 5937): Added:'DumpHtml', with key:'dump_html'
06-05 18:34:30.836 I/InstrumentationBackend( 5937): Added:'DumpBodyHtml', with key:'dump_body_html'
06-05 18:34:30.836 I/InstrumentationBackend( 5937): Added:'EnterTextByCssSelector', with key:'enter_text_by_selector'
06-05 18:34:30.837 D/EGL_emulation( 1711): eglMakeCurrent: 0xa5b6bd80: ver 2 0 (tinfo 0xb1367140)
06-05 18:34:30.837 I/InstrumentationBackend( 5937): Added:'AndroidSDKVersion', with key:'android_sdk_version'
06-05 18:34:30.838 I/InstrumentationBackend( 5937): Added:'Version', with key:'version'
06-05 18:34:30.838 I/InstrumentationBackend( 5937): Added:'Drag', with key:'drag'
06-05 18:34:30.838 I/InstrumentationBackend( 5937): Added:'TouchCoordinates', with key:'touch_coordinate'
06-05 18:34:30.838 I/InstrumentationBackend( 5937): Added:'LongPressCoordinate', with key:'long_press_coordinate'
06-05 18:34:30.838 I/InstrumentationBackend( 5937): Added:'DragCoordinates', with key:'drag_coordinates'
06-05 18:34:30.838 I/InstrumentationBackend( 5937): Added:'ResumeApplication', with key:'resume_application'
06-05 18:34:30.838 I/InstrumentationBackend( 5937): Added:'Swipe', with key:'swipe'
06-05 18:34:30.838 I/InstrumentationBackend( 5937): Added:'DoubleTapCoordinate', with key:'double_tap_coordinate'
06-05 18:34:30.839 I/InstrumentationBackend( 5937): Added:'ClickOnScreen', with key:'click_on_screen'
06-05 18:34:30.839 D/EGL_emulation( 1711): eglMakeCurrent: 0xa5b6bd80: ver 2 0 (tinfo 0xb1367140)
06-05 18:34:30.839 I/InstrumentationBackend( 5937): Added:'GetActivityName', with key:'get_activity_name'
06-05 18:34:30.839 I/InstrumentationBackend( 5937): Added:'ScrollToView', with key:'scroll_to_view'
06-05 18:34:30.839 I/InstrumentationBackend( 5937): Added:'ViewConfiguration', with key:'view_configuration'
06-05 18:34:30.839 I/InstrumentationBackend( 5937): Added:'IsCurrentActivityFocused', with key:'is_current_activity_focused'
06-05 18:34:30.839 I/InstrumentationBackend( 5937): Added:'SendTcp', with key:'send_tcp'
06-05 18:34:30.839 I/InstrumentationBackend( 5937): Added:'DpToDevicePixel', with key:'dp_to_device_pixel'
06-05 18:34:30.839 I/InstrumentationBackend( 5937): Added:'KeyboardEnterText', with key:'keyboard_enter_text'
06-05 18:34:30.839 I/InstrumentationBackend( 5937): Added:'DeleteSurroundingText', with key:'delete_surrounding_text'
06-05 18:34:30.839 I/InstrumentationBackend( 5937): Added:'SetComposingRegion', with key:'set_composing_region'
06-05 18:34:30.839 I/InstrumentationBackend( 5937): Added:'SetSelection', with key:'set_selection'
06-05 18:34:30.839 I/InstrumentationBackend( 5937): Added:'KeyboardKeyEvent', with key:'keyboard_key_event'
06-05 18:34:30.840 I/InstrumentationBackend( 5937): Added:'PressUserActionButton', with key:'press_user_action_button'
06-05 18:34:30.840 I/InstrumentationBackend( 5937): Added:'HideSoftKeyboard', with key:'hide_soft_keyboard'
06-05 18:34:30.840 I/InstrumentationBackend( 5937): Added:'ListActions', with key:'list_actions'
06-05 18:34:30.840 I/calabash( 5937): Instantiating http server at 7102
06-05 18:34:30.840 I/System.out( 5937): HTTP Daemon listening on: 7102
06-05 18:34:30.841 I/WindowManager( 1629): WIN DEATH: Window{2139035 u0 com.evancharlton.mileage/com.evancharlton.mileage.Mileage EXITING}
06-05 18:34:30.854 D/EGL_emulation( 1711): eglMakeCurrent: 0xa5b6bd80: ver 2 0 (tinfo 0xb1367140)
06-05 18:34:30.858 D/EGL_emulation( 1711): eglMakeCurrent: 0xa5b6bd80: ver 2 0 (tinfo 0xb1367140)
06-05 18:34:30.871 D/EGL_emulation( 1711): eglMakeCurrent: 0xa5b6bd80: ver 2 0 (tinfo 0xb1367140)
06-05 18:34:30.872 D/EGL_emulation( 1711): eglMakeCurrent: 0xa5b6bd80: ver 2 0 (tinfo 0xb1367140)
06-05 18:34:30.887 D/EGL_emulation( 1711): eglMakeCurrent: 0xa5b6bd80: ver 2 0 (tinfo 0xb1367140)
06-05 18:34:30.889 D/EGL_emulation( 1711): eglMakeCurrent: 0xa5b6bd80: ver 2 0 (tinfo 0xb1367140)
06-05 18:34:30.904 D/EGL_emulation( 1711): eglMakeCurrent: 0xa5b6bd80: ver 2 0 (tinfo 0xb1367140)
06-05 18:34:30.905 D/EGL_emulation( 1711): eglMakeCurrent: 0xa5b6bd80: ver 2 0 (tinfo 0xb1367140)
06-05 18:34:30.921 D/EGL_emulation( 1711): eglMakeCurrent: 0xa5b6bd80: ver 2 0 (tinfo 0xb1367140)
06-05 18:34:30.923 D/EGL_emulation( 1711): eglMakeCurrent: 0xa5b6bd80: ver 2 0 (tinfo 0xb1367140)
06-05 18:34:30.927 I/System.out( 5937): URI: //ping
06-05 18:34:30.928 I/System.out( 5937): params: {json={}
06-05 18:34:30.928 I/System.out( 5937): }
06-05 18:34:30.930 I/System.out( 5937): URI: //ping
06-05 18:34:30.930 I/System.out( 5937): params: {json={}
06-05 18:34:30.930 I/System.out( 5937): }
06-05 18:34:30.931 I/System.out( 5937): URI: //ready
06-05 18:34:30.931 I/System.out( 5937): params: {json={}
06-05 18:34:30.931 I/System.out( 5937): }
06-05 18:34:30.933 I/System.out( 5937): URI: //
06-05 18:34:30.933 I/System.out( 5937): params: {json={"command":"version","arguments":[]}
06-05 18:34:30.933 I/System.out( 5937): }
06-05 18:34:30.933 I/System.out( 5937): header: {content-type=application/json;charset=utf-8, date=Fri, 05 Jun 2020 23:34:31 GMT, accept=*/*, host=127.0.0.1:34783, content-length=36, user-agent=HTTPClient/1.0 (2.8.3, ruby 2.5.1 (2018-03-29))}
06-05 18:34:30.933 I/System.out( 5937): params: {json={"command":"version","arguments":[]}
06-05 18:34:30.933 I/System.out( 5937): }
06-05 18:34:30.933 I/System.out( 5937): ProP json = {"command":"version","arguments":[]}
06-05 18:34:30.933 I/System.out( 5937): files: {}
06-05 18:34:30.933 I/System.out( 5937): command: {"command":"version","arguments":[]}
06-05 18:34:30.937 I/InstrumentationBackend( 5937): Got command:'Command:'Line:null,version', arguments:'[]'
06-05 18:34:30.937 D/EGL_emulation( 1711): eglMakeCurrent: 0xa5b6bd80: ver 2 0 (tinfo 0xb1367140)
06-05 18:34:30.943 I/System.out( 5937): result:{"bonusInformation":[],"message":"0.9.8","success":true}
06-05 18:34:30.946 I/System.out( 5937): URI: //start-application
06-05 18:34:30.946 I/System.out( 5937): params: {json={"intent":null}
06-05 18:34:30.946 I/System.out( 5937): }
06-05 18:34:30.957 I/ActivityManager( 1629): START u0 {act=android.intent.action.MAIN cat=[android.intent.category.LAUNCHER] flg=0x10200000 cmp=com.evancharlton.mileage/.Mileage} from uid 10160 on display 0
06-05 18:34:30.963 I/calabash( 5937): newActivity1
06-05 18:34:30.972 I/calabash( 5937): newActivity1
06-05 18:34:30.973 W/ActivityManager( 1629): Bad activity token: android.os.BinderProxy@b646fa6
06-05 18:34:30.973 W/ActivityManager( 1629): java.lang.ClassCastException: android.os.BinderProxy cannot be cast to com.android.server.am.ActivityRecord$Token
06-05 18:34:30.973 W/ActivityManager( 1629): 	at com.android.server.am.ActivityRecord.forTokenLocked(ActivityRecord.java:586)
06-05 18:34:30.973 W/ActivityManager( 1629): 	at com.android.server.am.ActivityRecord.isInStackLocked(ActivityRecord.java:1327)
06-05 18:34:30.973 W/ActivityManager( 1629): 	at com.android.server.am.ActivityRecord.getStackLocked(ActivityRecord.java:1332)
06-05 18:34:30.973 W/ActivityManager( 1629): 	at com.android.server.am.ActivityManagerService.getActivityDisplayId(ActivityManagerService.java:9806)
06-05 18:34:30.973 W/ActivityManager( 1629): 	at android.app.ActivityManagerNative.onTransact(ActivityManagerNative.java:2566)
06-05 18:34:30.973 W/ActivityManager( 1629): 	at com.android.server.am.ActivityManagerService.onTransact(ActivityManagerService.java:2757)
06-05 18:34:30.973 W/ActivityManager( 1629): 	at android.os.Binder.execTransact(Binder.java:565)
06-05 18:34:30.974 W/ActivityManager( 1629): Bad activity token: android.os.BinderProxy@b646fa6
06-05 18:34:30.974 W/ActivityManager( 1629): java.lang.ClassCastException: android.os.BinderProxy cannot be cast to com.android.server.am.ActivityRecord$Token
06-05 18:34:30.974 W/ActivityManager( 1629): 	at com.android.server.am.ActivityRecord.forTokenLocked(ActivityRecord.java:586)
06-05 18:34:30.974 W/ActivityManager( 1629): 	at com.android.server.am.ActivityRecord.isInStackLocked(ActivityRecord.java:1327)
06-05 18:34:30.974 W/ActivityManager( 1629): 	at com.android.server.am.ActivityManagerService.setTaskDescription(ActivityManagerService.java:9358)
06-05 18:34:30.974 W/ActivityManager( 1629): 	at android.app.ActivityManagerNative.onTransact(ActivityManagerNative.java:2639)
06-05 18:34:30.974 W/ActivityManager( 1629): 	at com.android.server.am.ActivityManagerService.onTransact(ActivityManagerService.java:2757)
06-05 18:34:30.974 W/ActivityManager( 1629): 	at android.os.Binder.execTransact(Binder.java:565)
06-05 18:34:30.974 W/ActivityManager( 1629): Bad activity token: android.os.BinderProxy@b646fa6
06-05 18:34:30.974 W/ActivityManager( 1629): java.lang.ClassCastException: android.os.BinderProxy cannot be cast to com.android.server.am.ActivityRecord$Token
06-05 18:34:30.974 W/ActivityManager( 1629): 	at com.android.server.am.ActivityRecord.forTokenLocked(ActivityRecord.java:586)
06-05 18:34:30.974 W/ActivityManager( 1629): 	at com.android.server.am.ActivityRecord.isInStackLocked(ActivityRecord.java:1327)
06-05 18:34:30.974 W/ActivityManager( 1629): 	at com.android.server.am.ActivityRecord.getStackLocked(ActivityRecord.java:1332)
06-05 18:34:30.974 W/ActivityManager( 1629): 	at com.android.server.am.ActivityManagerService.getActivityStackId(ActivityManagerService.java:9817)
06-05 18:34:30.974 W/ActivityManager( 1629): 	at android.app.ActivityManagerNative.onTransact(ActivityManagerNative.java:2856)
06-05 18:34:30.974 W/ActivityManager( 1629): 	at com.android.server.am.ActivityManagerService.onTransact(ActivityManagerService.java:2757)
06-05 18:34:30.974 W/ActivityManager( 1629): 	at android.os.Binder.execTransact(Binder.java:565)
06-05 18:34:30.988 D/gralloc_ranchu( 1346): gralloc_alloc: Creating ashmem region of size 9023488
06-05 18:34:30.991 W/ActivityManager( 1629): Bad activity token: android.os.BinderProxy@b646fa6
06-05 18:34:30.991 W/ActivityManager( 1629): java.lang.ClassCastException: android.os.BinderProxy cannot be cast to com.android.server.am.ActivityRecord$Token
06-05 18:34:30.991 W/ActivityManager( 1629): 	at com.android.server.am.ActivityRecord.forTokenLocked(ActivityRecord.java:586)
06-05 18:34:30.991 W/ActivityManager( 1629): 	at com.android.server.am.ActivityRecord.isInStackLocked(ActivityRecord.java:1327)
06-05 18:34:30.991 W/ActivityManager( 1629): 	at com.android.server.am.ActivityManagerService.getActivityOptions(ActivityManagerService.java:12559)
06-05 18:34:30.991 W/ActivityManager( 1629): 	at android.app.ActivityManagerNative.onTransact(ActivityManagerNative.java:1933)
06-05 18:34:30.991 W/ActivityManager( 1629): 	at com.android.server.am.ActivityManagerService.onTransact(ActivityManagerService.java:2757)
06-05 18:34:30.991 W/ActivityManager( 1629): 	at android.os.Binder.execTransact(Binder.java:565)
06-05 18:34:30.991 W/ActivityManager( 1629): Bad activity token: android.os.BinderProxy@b646fa6
06-05 18:34:30.991 W/ActivityManager( 1629): java.lang.ClassCastException: android.os.BinderProxy cannot be cast to com.android.server.am.ActivityRecord$Token
06-05 18:34:30.991 W/ActivityManager( 1629): 	at com.android.server.am.ActivityRecord.forTokenLocked(ActivityRecord.java:586)
06-05 18:34:30.991 W/ActivityManager( 1629): 	at com.android.server.am.ActivityRecord.isInStackLocked(ActivityRecord.java:1327)
06-05 18:34:30.991 W/ActivityManager( 1629): 	at com.android.server.am.ActivityManagerService.getActivityOptions(ActivityManagerService.java:12559)
06-05 18:34:30.991 W/ActivityManager( 1629): 	at android.app.ActivityManagerNative.onTransact(ActivityManagerNative.java:1933)
06-05 18:34:30.991 W/ActivityManager( 1629): 	at com.android.server.am.ActivityManagerService.onTransact(ActivityManagerService.java:2757)
06-05 18:34:30.991 W/ActivityManager( 1629): 	at android.os.Binder.execTransact(Binder.java:565)
06-05 18:34:31.011 V/PhoneStatusBar( 1711): setLightsOn(true)
06-05 18:34:31.021 D/EGL_emulation( 1711): eglMakeCurrent: 0xa5b6bd80: ver 2 0 (tinfo 0xb1367140)
06-05 18:34:31.022 D/EGL_emulation( 1711): eglMakeCurrent: 0xa5b6bd80: ver 2 0 (tinfo 0xb1367140)
06-05 18:34:31.022 V/PhoneStatusBar( 1711): setLightsOn(true)
06-05 18:34:31.023 D/gralloc_ranchu( 1346): gralloc_alloc: Creating ashmem region of size 9023488
06-05 18:34:31.024 V/PhoneStatusBar( 1711): setLightsOn(true)
06-05 18:34:31.026 V/PhoneStatusBar( 1711): setLightsOn(true)
06-05 18:34:31.028 D/        ( 5937): HostConnection::get() New Host Connection established 0x98c27500, tid 5937
06-05 18:34:31.055 D/EGL_emulation( 2150): eglMakeCurrent: 0xb4f852a0: ver 2 0 (tinfo 0xb4f832e0)
06-05 18:34:31.057 D/EGL_emulation( 1711): eglMakeCurrent: 0xa5b6bd80: ver 2 0 (tinfo 0xb1367140)
06-05 18:34:31.058 D/EGL_emulation( 1711): eglMakeCurrent: 0xa5b6bd80: ver 2 0 (tinfo 0xb1367140)
06-05 18:34:31.060 D/EGL_emulation( 1711): eglMakeCurrent: 0xa5b6bd80: ver 2 0 (tinfo 0xb1367140)
06-05 18:34:31.070 D/EGL_emulation( 1711): eglMakeCurrent: 0xa5b6bd80: ver 2 0 (tinfo 0xb1367140)
06-05 18:34:31.072 D/EGL_emulation( 1711): eglMakeCurrent: 0xa5b6bd80: ver 2 0 (tinfo 0xb1367140)
06-05 18:34:31.072 D/gralloc_ranchu( 1346): gralloc_alloc: Creating ashmem region of size 9023488
06-05 18:34:31.073 I/ActivityManager( 1629): Displayed com.evancharlton.mileage/.Mileage: +112ms
06-05 18:34:31.087 D/EGL_emulation( 1711): eglMakeCurrent: 0xa5b6bd80: ver 2 0 (tinfo 0xb1367140)
06-05 18:34:31.096 D/EGL_emulation( 1711): eglMakeCurrent: 0xa5b6bd80: ver 2 0 (tinfo 0xb1367140)
06-05 18:34:31.096 V/PhoneStatusBar( 1711): setLightsOn(true)
06-05 18:34:31.107 D/EGL_emulation( 1711): eglMakeCurrent: 0xa5b6bd80: ver 2 0 (tinfo 0xb1367140)
06-05 18:34:31.109 D/EGL_emulation( 1711): eglMakeCurrent: 0xa5b6bd80: ver 2 0 (tinfo 0xb1367140)
06-05 18:34:31.113 I/System.out( 5937): URI: //map
06-05 18:34:31.113 I/System.out( 5937): params: {json={"query":"* marked:'Statistics'","operation":{"method_name":"query","arguments":[]}}
06-05 18:34:31.113 I/System.out( 5937): }
06-05 18:34:31.120 I/WindowManager( 1629): Destroying surface Surface(name=com.evancharlton.mileage/com.evancharlton.mileage.Mileage) called by com.android.server.wm.WindowStateAnimator.destroySurface:2016 com.android.server.wm.WindowStateAnimator.destroySurfaceLocked:882 com.android.server.wm.WindowState.removeLocked:1456 com.android.server.wm.WindowManagerService.removeWindowInnerLocked:2484 com.android.server.wm.AppWindowToken.destroySurfaces:365 com.android.server.wm.WindowStateAnimator.finishExit:565 com.android.server.wm.AppWindowAnimator.stepAnimationLocked:427 com.android.server.wm.WindowAnimator.updateAppWindowsLocked:196 
06-05 18:34:31.121 D/EGL_emulation( 1711): eglMakeCurrent: 0xa5b6bd80: ver 2 0 (tinfo 0xb1367140)
06-05 18:34:31.122 D/EGL_emulation( 1711): eglMakeCurrent: 0xa5b6bd80: ver 2 0 (tinfo 0xb1367140)
06-05 18:34:31.127 W/ResourceType( 5937): No package identifier when getting name for resource number 0x00000001
06-05 18:34:31.137 D/EGL_emulation( 1711): eglMakeCurrent: 0xa5b6bd80: ver 2 0 (tinfo 0xb1367140)
06-05 18:34:31.139 D/EGL_emulation( 1711): eglMakeCurrent: 0xa5b6bd80: ver 2 0 (tinfo 0xb1367140)
06-05 18:34:31.140 V/PhoneStatusBar( 1711): setLightsOn(true)
06-05 18:34:31.140 I/System.out( 5937): URI: //gesture
06-05 18:34:31.140 I/System.out( 5937): params: {json={"query_timeout":5.0,"gestures":[{"query_string":"* marked:'Statistics'","touches":[{"x":50,"y":50,"offset_x":0,"offset_y":0,"wait":0.0,"time":0.2,"release":true,"query_string":null}]}]}
06-05 18:34:31.140 I/System.out( 5937): }
06-05 18:34:31.145 W/ResourceType( 5937): No package identifier when getting name for resource number 0x00000001
06-05 18:34:31.154 D/EGL_emulation( 1711): eglMakeCurrent: 0xa5b6bd80: ver 2 0 (tinfo 0xb1367140)
06-05 18:34:31.163 D/EGL_emulation( 1711): eglMakeCurrent: 0xa5b6bd80: ver 2 0 (tinfo 0xb1367140)
06-05 18:34:31.172 D/EGL_emulation( 1711): eglMakeCurrent: 0xa5b6bd80: ver 2 0 (tinfo 0xb1367140)
06-05 18:34:31.177 D/EGL_emulation( 1711): eglMakeCurrent: 0xa5b6bd80: ver 2 0 (tinfo 0xb1367140)
06-05 18:34:31.188 D/EGL_emulation( 1711): eglMakeCurrent: 0xa5b6bd80: ver 2 0 (tinfo 0xb1367140)
06-05 18:34:31.189 D/EGL_emulation( 1711): eglMakeCurrent: 0xa5b6bd80: ver 2 0 (tinfo 0xb1367140)
06-05 18:34:31.204 D/EGL_emulation( 1711): eglMakeCurrent: 0xa5b6bd80: ver 2 0 (tinfo 0xb1367140)
06-05 18:34:31.206 D/EGL_emulation( 1711): eglMakeCurrent: 0xa5b6bd80: ver 2 0 (tinfo 0xb1367140)
06-05 18:34:31.221 D/EGL_emulation( 1711): eglMakeCurrent: 0xa5b6bd80: ver 2 0 (tinfo 0xb1367140)
06-05 18:34:31.223 D/EGL_emulation( 1711): eglMakeCurrent: 0xa5b6bd80: ver 2 0 (tinfo 0xb1367140)
06-05 18:34:31.238 D/EGL_emulation( 1711): eglMakeCurrent: 0xa5b6bd80: ver 2 0 (tinfo 0xb1367140)
06-05 18:34:31.241 D/EGL_emulation( 1711): eglMakeCurrent: 0xa5b6bd80: ver 2 0 (tinfo 0xb1367140)
06-05 18:34:31.255 D/EGL_emulation( 1711): eglMakeCurrent: 0xa5b6bd80: ver 2 0 (tinfo 0xb1367140)
06-05 18:34:31.272 I/WindowManager( 1629): Destroying surface Surface(name=Starting com.evancharlton.mileage) called by com.android.server.wm.WindowStateAnimator.destroySurface:2016 com.android.server.wm.WindowStateAnimator.destroySurfaceLocked:882 com.android.server.wm.WindowState.destroyOrSaveSurface:2100 com.android.server.wm.AppWindowToken.destroySurfaces:363 com.android.server.wm.WindowStateAnimator.finishExit:565 com.android.server.wm.WindowStateAnimator.stepAnimationLocked:491 com.android.server.wm.WindowAnimator.updateWindowsLocked:303 com.android.server.wm.WindowAnimator.animateLocked:704 
06-05 18:34:31.276 V/PhoneStatusBar( 1711): setLightsOn(true)
06-05 18:34:31.282 V/PhoneStatusBar( 1711): setLightsOn(true)
06-05 18:34:31.376 I/calabash( 5937): newActivity1
06-05 18:34:31.400 I/System.out( 5937): URI: //map
06-05 18:34:31.400 I/System.out( 5937): params: {json={"query":"* marked:'Estimated cost per year'","operation":{"method_name":"query","arguments":[]}}
06-05 18:34:31.400 I/System.out( 5937): }
06-05 18:34:31.402 W/ActivityManager( 1629): Bad activity token: android.os.BinderProxy@a824830
06-05 18:34:31.402 W/ActivityManager( 1629): java.lang.ClassCastException: android.os.BinderProxy cannot be cast to com.android.server.am.ActivityRecord$Token
06-05 18:34:31.402 W/ActivityManager( 1629): 	at com.android.server.am.ActivityRecord.forTokenLocked(ActivityRecord.java:586)
06-05 18:34:31.402 W/ActivityManager( 1629): 	at com.android.server.am.ActivityRecord.isInStackLocked(ActivityRecord.java:1327)
06-05 18:34:31.402 W/ActivityManager( 1629): 	at com.android.server.am.ActivityRecord.getStackLocked(ActivityRecord.java:1332)
06-05 18:34:31.402 W/ActivityManager( 1629): 	at com.android.server.am.ActivityManagerService.getActivityDisplayId(ActivityManagerService.java:9806)
06-05 18:34:31.402 W/ActivityManager( 1629): 	at android.app.ActivityManagerNative.onTransact(ActivityManagerNative.java:2566)
06-05 18:34:31.402 W/ActivityManager( 1629): 	at com.android.server.am.ActivityManagerService.onTransact(ActivityManagerService.java:2757)
06-05 18:34:31.402 W/ActivityManager( 1629): 	at android.os.Binder.execTransact(Binder.java:565)
06-05 18:34:31.403 W/ActivityManager( 1629): Bad activity token: android.os.BinderProxy@a824830
06-05 18:34:31.403 W/ActivityManager( 1629): java.lang.ClassCastException: android.os.BinderProxy cannot be cast to com.android.server.am.ActivityRecord$Token
06-05 18:34:31.403 W/ActivityManager( 1629): 	at com.android.server.am.ActivityRecord.forTokenLocked(ActivityRecord.java:586)
06-05 18:34:31.403 W/ActivityManager( 1629): 	at com.android.server.am.ActivityRecord.isInStackLocked(ActivityRecord.java:1327)
06-05 18:34:31.403 W/ActivityManager( 1629): 	at com.android.server.am.ActivityManagerService.setTaskDescription(ActivityManagerService.java:9358)
06-05 18:34:31.403 W/ActivityManager( 1629): 	at android.app.ActivityManagerNative.onTransact(ActivityManagerNative.java:2639)
06-05 18:34:31.403 W/ActivityManager( 1629): 	at com.android.server.am.ActivityManagerService.onTransact(ActivityManagerService.java:2757)
06-05 18:34:31.403 W/ActivityManager( 1629): 	at android.os.Binder.execTransact(Binder.java:565)
06-05 18:34:31.404 W/ActivityManager( 1629): Bad activity token: android.os.BinderProxy@a824830
06-05 18:34:31.404 W/ActivityManager( 1629): java.lang.ClassCastException: android.os.BinderProxy cannot be cast to com.android.server.am.ActivityRecord$Token
06-05 18:34:31.404 W/ActivityManager( 1629): 	at com.android.server.am.ActivityRecord.forTokenLocked(ActivityRecord.java:586)
06-05 18:34:31.404 W/ActivityManager( 1629): 	at com.android.server.am.ActivityRecord.isInStackLocked(ActivityRecord.java:1327)
06-05 18:34:31.404 W/ActivityManager( 1629): 	at com.android.server.am.ActivityRecord.getStackLocked(ActivityRecord.java:1332)
06-05 18:34:31.404 W/ActivityManager( 1629): 	at com.android.server.am.ActivityManagerService.getActivityStackId(ActivityManagerService.java:9817)
06-05 18:34:31.404 W/ActivityManager( 1629): 	at android.app.ActivityManagerNative.onTransact(ActivityManagerNative.java:2856)
06-05 18:34:31.404 W/ActivityManager( 1629): 	at com.android.server.am.ActivityManagerService.onTransact(ActivityManagerService.java:2757)
06-05 18:34:31.404 W/ActivityManager( 1629): 	at android.os.Binder.execTransact(Binder.java:565)
06-05 18:34:31.413 D/VehicleStatisticsActivity( 5937): Checking recalculation ...
06-05 18:34:31.413 D/VehicleStatisticsActivity( 5937): Recalculation not necessary.
06-05 18:34:31.415 W/ActivityManager( 1629): Bad activity token: android.os.BinderProxy@a824830
06-05 18:34:31.415 W/ActivityManager( 1629): java.lang.ClassCastException: android.os.BinderProxy cannot be cast to com.android.server.am.ActivityRecord$Token
06-05 18:34:31.415 W/ActivityManager( 1629): 	at com.android.server.am.ActivityRecord.forTokenLocked(ActivityRecord.java:586)
06-05 18:34:31.415 W/ActivityManager( 1629): 	at com.android.server.am.ActivityRecord.isInStackLocked(ActivityRecord.java:1327)
06-05 18:34:31.415 W/ActivityManager( 1629): 	at com.android.server.am.ActivityManagerService.getActivityOptions(ActivityManagerService.java:12559)
06-05 18:34:31.415 W/ActivityManager( 1629): 	at android.app.ActivityManagerNative.onTransact(ActivityManagerNative.java:1933)
06-05 18:34:31.415 W/ActivityManager( 1629): 	at com.android.server.am.ActivityManagerService.onTransact(ActivityManagerService.java:2757)
06-05 18:34:31.415 W/ActivityManager( 1629): 	at android.os.Binder.execTransact(Binder.java:565)
06-05 18:34:31.415 W/ActivityManager( 1629): Bad activity token: android.os.BinderProxy@a824830
06-05 18:34:31.415 W/ActivityManager( 1629): java.lang.ClassCastException: android.os.BinderProxy cannot be cast to com.android.server.am.ActivityRecord$Token
06-05 18:34:31.415 W/ActivityManager( 1629): 	at com.android.server.am.ActivityRecord.forTokenLocked(ActivityRecord.java:586)
06-05 18:34:31.415 W/ActivityManager( 1629): 	at com.android.server.am.ActivityRecord.isInStackLocked(ActivityRecord.java:1327)
06-05 18:34:31.415 W/ActivityManager( 1629): 	at com.android.server.am.ActivityManagerService.getActivityOptions(ActivityManagerService.java:12559)
06-05 18:34:31.415 W/ActivityManager( 1629): 	at android.app.ActivityManagerNative.onTransact(ActivityManagerNative.java:1933)
06-05 18:34:31.415 W/ActivityManager( 1629): 	at com.android.server.am.ActivityManagerService.onTransact(ActivityManagerService.java:2757)
06-05 18:34:31.415 W/ActivityManager( 1629): 	at android.os.Binder.execTransact(Binder.java:565)
06-05 18:34:31.417 D/VehicleStatisticsActivity( 5937): Checking recalculation ...
06-05 18:34:31.417 D/VehicleStatisticsActivity( 5937): Recalculation not necessary.
06-05 18:34:31.462 W/ResourceType( 5937): No package identifier when getting name for resource number 0x00000001
06-05 18:34:31.464 I/art     ( 5937): Do partial code cache collection, code=30KB, data=29KB
06-05 18:34:31.464 I/art     ( 5937): After code cache collection, code=29KB, data=29KB
06-05 18:34:31.464 I/art     ( 5937): Increasing code cache capacity to 128KB
06-05 18:34:31.471 V/PhoneStatusBar( 1711): setLightsOn(true)
06-05 18:34:31.482 I/System.out( 5937): URI: //gesture
06-05 18:34:31.482 I/System.out( 5937): params: {json={"query_timeout":5.0,"gestures":[{"query_string":"* marked:'Estimated cost per year'","touches":[{"x":50,"y":50,"offset_x":0,"offset_y":0,"wait":0.0,"time":0.2,"release":true,"query_string":null}]}]}
06-05 18:34:31.482 I/System.out( 5937): }
06-05 18:34:31.488 W/ResourceType( 5937): No package identifier when getting name for resource number 0x00000001
06-05 18:34:31.742 I/System.out( 5937): URI: //map
06-05 18:34:31.742 I/System.out( 5937): params: {json={"query":"* {text CONTAINS[c] 'No chart for this statistic (yet!)'}","operation":{"method_name":"query","arguments":[]}}
06-05 18:34:31.742 I/System.out( 5937): }
06-05 18:34:31.772 V/PhoneStatusBar( 1711): setLightsOn(true)
06-05 18:34:31.773 V/PhoneStatusBar( 1711): setLightsOn(true)
06-05 18:34:31.774 W/OpenGLRenderer( 2150): Incorrectly called buildLayer on View: ShortcutAndWidgetContainer, destroying layer...
06-05 18:34:31.788 I/WindowManager( 1629): Destroying surface Surface(name=com.android.launcher3/com.android.launcher3.Launcher) called by com.android.server.wm.WindowStateAnimator.destroySurface:2016 com.android.server.wm.WindowStateAnimator.destroySurfaceLocked:882 com.android.server.wm.WindowState.destroyOrSaveSurface:2100 com.android.server.wm.AppWindowToken.destroySurfaces:363 com.android.server.wm.AppWindowToken.notifyAppStopped:389 com.android.server.wm.WindowManagerService.notifyAppStopped:4463 com.android.server.am.ActivityStack.activityStoppedLocked:1252 com.android.server.am.ActivityManagerService.activityStopped:6903 
06-05 18:34:31.788 V/PhoneStatusBar( 1711): setLightsOn(true)
06-05 18:34:31.792 V/PhoneStatusBar( 1711): setLightsOn(true)
06-05 18:34:31.805 V/PhoneStatusBar( 1711): setLightsOn(true)
06-05 18:34:31.820 D/gralloc_ranchu( 1346): gralloc_alloc: Creating ashmem region of size 327680
06-05 18:34:31.826 V/PhoneStatusBar( 1711): setLightsOn(true)
06-05 18:34:31.838 V/PhoneStatusBar( 1711): setLightsOn(true)
06-05 18:34:32.123 I/System.out( 5937): URI: //map
06-05 18:34:32.123 I/System.out( 5937): params: {json={"query":"* {text CONTAINS[c] 'No chart for this statistic (yet!)'}","operation":{"method_name":"query","arguments":[]}}
06-05 18:34:32.123 I/System.out( 5937): }
