--------- beginning of main
06-05 15:50:07.376 W/OpenGLRenderer( 2099): Incorrectly called buildLayer on View: ShortcutAndWidgetContainer, destroying layer...
06-05 15:50:07.414 D/AndroidRuntime(18037): >>>>>> START com.android.internal.os.RuntimeInit uid 2000 <<<<<<
06-05 15:50:07.416 D/AndroidRuntime(18037): CheckJNI is ON
06-05 15:50:07.427 W/art     (18037): Unexpected CPU variant for X86 using defaults: x86
06-05 15:50:07.429 D/ICU     (18037): No timezone override file found: /data/misc/zoneinfo/current/icu/icu_tzdata.dat
06-05 15:50:07.436 E/memtrack(18037): Couldn't load memtrack module (No such file or directory)
06-05 15:50:07.436 E/android.os.Debug(18037): failed to load memtrack module: -2
06-05 15:50:07.437 I/Radio-JNI(18037): register_android_hardware_Radio DONE
06-05 15:50:07.441 D/AndroidRuntime(18037): Calling main entry com.android.commands.am.Am
--------- beginning of system
06-05 15:50:07.442 I/ActivityManager( 1630): Force stopping com.evancharlton.mileage appid=10086 user=0: start instr
06-05 15:50:07.445 I/art     (18047): Not late-enabling -Xcheck:jni (already on)
06-05 15:50:07.445 W/art     (18047): Unexpected CPU variant for X86 using defaults: x86
06-05 15:50:07.453 I/ActivityManager( 1630): Start proc 18047:com.evancharlton.mileage/u0a86 for added application com.evancharlton.mileage
06-05 15:50:07.453 D/AndroidRuntime(18037): Shutting down VM
06-05 15:50:07.458 W/System  (18047): ClassLoader referenced unknown path: /data/app/com.evancharlton.mileage.test-1/lib/x86
06-05 15:50:07.458 W/System  (18047): ClassLoader referenced unknown path: /data/app/com.evancharlton.mileage-1/lib/x86
06-05 15:50:07.460 W/System  (18047): ClassLoader referenced unknown path: 
06-05 15:50:07.464 I/System.out(18047): Main activity name automatically set to: com.evancharlton.mileage.Mileage
06-05 15:50:07.465 I/System.out(18047): Calabash did not load Mono. This is only a problem if you are trying to test a Mono application
06-05 15:50:07.465 I/calabash(18047): Test server port: 7102
06-05 15:50:07.466 I/InstrumentationBackend(18047): Added:'GetPreferences', with key:'get_preferences'
06-05 15:50:07.471 I/InstrumentationBackend(18047): Added:'SetPreferences', with key:'set_preferences'
06-05 15:50:07.471 I/InstrumentationBackend(18047): Added:'ClearPreferences', with key:'clear_preferences'
06-05 15:50:07.471 I/InstrumentationBackend(18047): Added:'PressElement', with key:'press_l10n_element'
06-05 15:50:07.471 I/InstrumentationBackend(18047): Added:'WaitForElement', with key:'wait_for_l10n_element'
06-05 15:50:07.471 I/InstrumentationBackend(18047): Added:'NullAction', with key:'nullAction'
06-05 15:50:07.471 I/InstrumentationBackend(18047): Added:'PressKey', with key:'press_key'
06-05 15:50:07.471 I/InstrumentationBackend(18047): Added:'SetActivityOrientation', with key:'set_activity_orientation'
06-05 15:50:07.471 I/InstrumentationBackend(18047): Added:'GetActivityOrientation', with key:'get_activity_orientation'
06-05 15:50:07.471 I/InstrumentationBackend(18047): Added:'FakeGPSLocation', with key:'set_gps_coordinates'
06-05 15:50:07.471 I/InstrumentationBackend(18047): Added:'SetPropertyByCssSelector', with key:'set_property_by_css_selector'
06-05 15:50:07.471 I/InstrumentationBackend(18047): Added:'GetUrl', with key:'get_url'
06-05 15:50:07.472 I/InstrumentationBackend(18047): Added:'ScrollTo', with key:'scroll_to'
06-05 15:50:07.472 I/InstrumentationBackend(18047): Added:'GetLoadProgress', with key:'get_load_progress'
06-05 15:50:07.472 I/InstrumentationBackend(18047): Added:'DumpHtml', with key:'dump_html'
06-05 15:50:07.472 I/InstrumentationBackend(18047): Added:'DumpBodyHtml', with key:'dump_body_html'
06-05 15:50:07.472 I/InstrumentationBackend(18047): Added:'EnterTextByCssSelector', with key:'enter_text_by_selector'
06-05 15:50:07.472 I/InstrumentationBackend(18047): Added:'AndroidSDKVersion', with key:'android_sdk_version'
06-05 15:50:07.472 I/InstrumentationBackend(18047): Added:'Version', with key:'version'
06-05 15:50:07.472 I/InstrumentationBackend(18047): Added:'Drag', with key:'drag'
06-05 15:50:07.472 I/InstrumentationBackend(18047): Added:'TouchCoordinates', with key:'touch_coordinate'
06-05 15:50:07.472 I/InstrumentationBackend(18047): Added:'LongPressCoordinate', with key:'long_press_coordinate'
06-05 15:50:07.472 I/InstrumentationBackend(18047): Added:'DragCoordinates', with key:'drag_coordinates'
06-05 15:50:07.472 I/InstrumentationBackend(18047): Added:'ResumeApplication', with key:'resume_application'
06-05 15:50:07.472 I/InstrumentationBackend(18047): Added:'Swipe', with key:'swipe'
06-05 15:50:07.472 I/InstrumentationBackend(18047): Added:'DoubleTapCoordinate', with key:'double_tap_coordinate'
06-05 15:50:07.472 I/InstrumentationBackend(18047): Added:'ClickOnScreen', with key:'click_on_screen'
06-05 15:50:07.472 I/InstrumentationBackend(18047): Added:'GetActivityName', with key:'get_activity_name'
06-05 15:50:07.472 I/InstrumentationBackend(18047): Added:'ScrollToView', with key:'scroll_to_view'
06-05 15:50:07.473 I/InstrumentationBackend(18047): Added:'ViewConfiguration', with key:'view_configuration'
06-05 15:50:07.473 I/InstrumentationBackend(18047): Added:'IsCurrentActivityFocused', with key:'is_current_activity_focused'
06-05 15:50:07.473 I/InstrumentationBackend(18047): Added:'SendTcp', with key:'send_tcp'
06-05 15:50:07.473 I/InstrumentationBackend(18047): Added:'DpToDevicePixel', with key:'dp_to_device_pixel'
06-05 15:50:07.473 I/InstrumentationBackend(18047): Added:'KeyboardEnterText', with key:'keyboard_enter_text'
06-05 15:50:07.473 I/InstrumentationBackend(18047): Added:'DeleteSurroundingText', with key:'delete_surrounding_text'
06-05 15:50:07.473 I/InstrumentationBackend(18047): Added:'SetComposingRegion', with key:'set_composing_region'
06-05 15:50:07.473 I/InstrumentationBackend(18047): Added:'SetSelection', with key:'set_selection'
06-05 15:50:07.473 I/InstrumentationBackend(18047): Added:'KeyboardKeyEvent', with key:'keyboard_key_event'
06-05 15:50:07.473 I/InstrumentationBackend(18047): Added:'PressUserActionButton', with key:'press_user_action_button'
06-05 15:50:07.473 I/InstrumentationBackend(18047): Added:'HideSoftKeyboard', with key:'hide_soft_keyboard'
06-05 15:50:07.473 I/InstrumentationBackend(18047): Added:'ListActions', with key:'list_actions'
06-05 15:50:07.473 I/calabash(18047): Instantiating http server at 7102
06-05 15:50:07.474 I/System.out(18047): HTTP Daemon listening on: 7102
06-05 15:50:07.563 I/System.out(18047): URI: //ping
06-05 15:50:07.563 I/System.out(18047): params: {json={}
06-05 15:50:07.563 I/System.out(18047): }
06-05 15:50:07.566 I/System.out(18047): URI: //ping
06-05 15:50:07.566 I/System.out(18047): params: {json={}
06-05 15:50:07.566 I/System.out(18047): }
06-05 15:50:07.569 I/System.out(18047): URI: //ready
06-05 15:50:07.569 I/System.out(18047): params: {json={}
06-05 15:50:07.569 I/System.out(18047): }
06-05 15:50:07.571 I/System.out(18047): URI: //
06-05 15:50:07.571 I/System.out(18047): params: {json={"command":"version","arguments":[]}
06-05 15:50:07.571 I/System.out(18047): }
06-05 15:50:07.571 I/System.out(18047): header: {content-type=application/json;charset=utf-8, date=Fri, 05 Jun 2020 20:50:08 GMT, accept=*/*, host=127.0.0.1:34784, content-length=36, user-agent=HTTPClient/1.0 (2.8.3, ruby 2.5.1 (2018-03-29))}
06-05 15:50:07.571 I/System.out(18047): params: {json={"command":"version","arguments":[]}
06-05 15:50:07.571 I/System.out(18047): }
06-05 15:50:07.571 I/System.out(18047): ProP json = {"command":"version","arguments":[]}
06-05 15:50:07.571 I/System.out(18047): files: {}
06-05 15:50:07.571 I/System.out(18047): command: {"command":"version","arguments":[]}
06-05 15:50:07.575 I/InstrumentationBackend(18047): Got command:'Command:'Line:null,version', arguments:'[]'
06-05 15:50:07.583 I/System.out(18047): result:{"bonusInformation":[],"message":"0.9.8","success":true}
06-05 15:50:07.585 I/System.out(18047): URI: //start-application
06-05 15:50:07.585 I/System.out(18047): params: {json={"intent":null}
06-05 15:50:07.585 I/System.out(18047): }
06-05 15:50:07.594 I/ActivityManager( 1630): START u0 {act=android.intent.action.MAIN cat=[android.intent.category.LAUNCHER] flg=0x10200000 cmp=com.evancharlton.mileage/.Mileage} from uid 10086 on display 0
06-05 15:50:07.598 I/calabash(18047): newActivity1
06-05 15:50:07.607 I/calabash(18047): newActivity1
06-05 15:50:07.608 W/ActivityManager( 1630): Bad activity token: android.os.BinderProxy@ef013d2
06-05 15:50:07.608 W/ActivityManager( 1630): java.lang.ClassCastException: android.os.BinderProxy cannot be cast to com.android.server.am.ActivityRecord$Token
06-05 15:50:07.608 W/ActivityManager( 1630): 	at com.android.server.am.ActivityRecord.forTokenLocked(ActivityRecord.java:586)
06-05 15:50:07.608 W/ActivityManager( 1630): 	at com.android.server.am.ActivityRecord.isInStackLocked(ActivityRecord.java:1327)
06-05 15:50:07.608 W/ActivityManager( 1630): 	at com.android.server.am.ActivityRecord.getStackLocked(ActivityRecord.java:1332)
06-05 15:50:07.608 W/ActivityManager( 1630): 	at com.android.server.am.ActivityManagerService.getActivityDisplayId(ActivityManagerService.java:9806)
06-05 15:50:07.608 W/ActivityManager( 1630): 	at android.app.ActivityManagerNative.onTransact(ActivityManagerNative.java:2566)
06-05 15:50:07.608 W/ActivityManager( 1630): 	at com.android.server.am.ActivityManagerService.onTransact(ActivityManagerService.java:2757)
06-05 15:50:07.608 W/ActivityManager( 1630): 	at android.os.Binder.execTransact(Binder.java:565)
06-05 15:50:07.610 W/ActivityManager( 1630): Bad activity token: android.os.BinderProxy@ef013d2
06-05 15:50:07.610 W/ActivityManager( 1630): java.lang.ClassCastException: android.os.BinderProxy cannot be cast to com.android.server.am.ActivityRecord$Token
06-05 15:50:07.610 W/ActivityManager( 1630): 	at com.android.server.am.ActivityRecord.forTokenLocked(ActivityRecord.java:586)
06-05 15:50:07.610 W/ActivityManager( 1630): 	at com.android.server.am.ActivityRecord.isInStackLocked(ActivityRecord.java:1327)
06-05 15:50:07.610 W/ActivityManager( 1630): 	at com.android.server.am.ActivityManagerService.setTaskDescription(ActivityManagerService.java:9358)
06-05 15:50:07.610 W/ActivityManager( 1630): 	at android.app.ActivityManagerNative.onTransact(ActivityManagerNative.java:2639)
06-05 15:50:07.610 W/ActivityManager( 1630): 	at com.android.server.am.ActivityManagerService.onTransact(ActivityManagerService.java:2757)
06-05 15:50:07.610 W/ActivityManager( 1630): 	at android.os.Binder.execTransact(Binder.java:565)
06-05 15:50:07.610 W/ActivityManager( 1630): Bad activity token: android.os.BinderProxy@ef013d2
06-05 15:50:07.610 W/ActivityManager( 1630): java.lang.ClassCastException: android.os.BinderProxy cannot be cast to com.android.server.am.ActivityRecord$Token
06-05 15:50:07.610 W/ActivityManager( 1630): 	at com.android.server.am.ActivityRecord.forTokenLocked(ActivityRecord.java:586)
06-05 15:50:07.610 W/ActivityManager( 1630): 	at com.android.server.am.ActivityRecord.isInStackLocked(ActivityRecord.java:1327)
06-05 15:50:07.610 W/ActivityManager( 1630): 	at com.android.server.am.ActivityRecord.getStackLocked(ActivityRecord.java:1332)
06-05 15:50:07.610 W/ActivityManager( 1630): 	at com.android.server.am.ActivityManagerService.getActivityStackId(ActivityManagerService.java:9817)
06-05 15:50:07.610 W/ActivityManager( 1630): 	at android.app.ActivityManagerNative.onTransact(ActivityManagerNative.java:2856)
06-05 15:50:07.610 W/ActivityManager( 1630): 	at com.android.server.am.ActivityManagerService.onTransact(ActivityManagerService.java:2757)
06-05 15:50:07.610 W/ActivityManager( 1630): 	at android.os.Binder.execTransact(Binder.java:565)
06-05 15:50:07.626 D/gralloc_ranchu( 1346): gralloc_alloc: Creating ashmem region of size 9023488
06-05 15:50:07.630 W/ActivityManager( 1630): Bad activity token: android.os.BinderProxy@ef013d2
06-05 15:50:07.630 W/ActivityManager( 1630): java.lang.ClassCastException: android.os.BinderProxy cannot be cast to com.android.server.am.ActivityRecord$Token
06-05 15:50:07.630 W/ActivityManager( 1630): 	at com.android.server.am.ActivityRecord.forTokenLocked(ActivityRecord.java:586)
06-05 15:50:07.630 W/ActivityManager( 1630): 	at com.android.server.am.ActivityRecord.isInStackLocked(ActivityRecord.java:1327)
06-05 15:50:07.630 W/ActivityManager( 1630): 	at com.android.server.am.ActivityManagerService.getActivityOptions(ActivityManagerService.java:12559)
06-05 15:50:07.630 W/ActivityManager( 1630): 	at android.app.ActivityManagerNative.onTransact(ActivityManagerNative.java:1933)
06-05 15:50:07.630 W/ActivityManager( 1630): 	at com.android.server.am.ActivityManagerService.onTransact(ActivityManagerService.java:2757)
06-05 15:50:07.630 W/ActivityManager( 1630): 	at android.os.Binder.execTransact(Binder.java:565)
06-05 15:50:07.631 W/ActivityManager( 1630): Bad activity token: android.os.BinderProxy@ef013d2
06-05 15:50:07.631 W/ActivityManager( 1630): java.lang.ClassCastException: android.os.BinderProxy cannot be cast to com.android.server.am.ActivityRecord$Token
06-05 15:50:07.631 W/ActivityManager( 1630): 	at com.android.server.am.ActivityRecord.forTokenLocked(ActivityRecord.java:586)
06-05 15:50:07.631 W/ActivityManager( 1630): 	at com.android.server.am.ActivityRecord.isInStackLocked(ActivityRecord.java:1327)
06-05 15:50:07.631 W/ActivityManager( 1630): 	at com.android.server.am.ActivityManagerService.getActivityOptions(ActivityManagerService.java:12559)
06-05 15:50:07.631 W/ActivityManager( 1630): 	at android.app.ActivityManagerNative.onTransact(ActivityManagerNative.java:1933)
06-05 15:50:07.631 W/ActivityManager( 1630): 	at com.android.server.am.ActivityManagerService.onTransact(ActivityManagerService.java:2757)
06-05 15:50:07.631 W/ActivityManager( 1630): 	at android.os.Binder.execTransact(Binder.java:565)
06-05 15:50:07.653 V/PhoneStatusBar( 1712): setLightsOn(true)
06-05 15:50:07.660 D/EGL_emulation( 1712): eglMakeCurrent: 0xb4085540: ver 2 0 (tinfo 0xb4083740)
06-05 15:50:07.660 V/PhoneStatusBar( 1712): setLightsOn(true)
06-05 15:50:07.661 V/PhoneStatusBar( 1712): setLightsOn(true)
06-05 15:50:07.661 D/gralloc_ranchu( 1346): gralloc_alloc: Creating ashmem region of size 9023488
06-05 15:50:07.664 V/PhoneStatusBar( 1712): setLightsOn(true)
06-05 15:50:07.669 D/        (18047): HostConnection::get() New Host Connection established 0xa4c7c500, tid 18047
06-05 15:50:07.711 D/EGL_emulation( 1712): eglMakeCurrent: 0xb4085540: ver 2 0 (tinfo 0xb4083740)
06-05 15:50:07.712 D/EGL_emulation( 2099): eglMakeCurrent: 0xb4085240: ver 2 0 (tinfo 0xb40832d0)
06-05 15:50:07.715 D/EGL_emulation( 1712): eglMakeCurrent: 0xb4085540: ver 2 0 (tinfo 0xb4083740)
06-05 15:50:07.716 D/EGL_emulation( 1712): eglMakeCurrent: 0xb4085540: ver 2 0 (tinfo 0xb4083740)
06-05 15:50:07.718 D/EGL_emulation( 1712): eglMakeCurrent: 0xb4085540: ver 2 0 (tinfo 0xb4083740)
06-05 15:50:07.731 D/EGL_emulation( 1712): eglMakeCurrent: 0xb4085540: ver 2 0 (tinfo 0xb4083740)
06-05 15:50:07.733 D/EGL_emulation( 1712): eglMakeCurrent: 0xb4085540: ver 2 0 (tinfo 0xb4083740)
06-05 15:50:07.733 V/PhoneStatusBar( 1712): setLightsOn(true)
06-05 15:50:07.743 D/EGL_emulation( 1712): eglMakeCurrent: 0xb4085540: ver 2 0 (tinfo 0xb4083740)
06-05 15:50:07.745 D/EGL_emulation( 1712): eglMakeCurrent: 0xb4085540: ver 2 0 (tinfo 0xb4083740)
06-05 15:50:07.760 D/EGL_emulation( 1712): eglMakeCurrent: 0xb4085540: ver 2 0 (tinfo 0xb4083740)
06-05 15:50:07.761 D/gralloc_ranchu( 1346): gralloc_alloc: Creating ashmem region of size 9023488
06-05 15:50:07.769 D/EGL_emulation( 1712): eglMakeCurrent: 0xb4085540: ver 2 0 (tinfo 0xb4083740)
06-05 15:50:07.780 D/EGL_emulation( 1712): eglMakeCurrent: 0xb4085540: ver 2 0 (tinfo 0xb4083740)
06-05 15:50:07.780 I/ActivityManager( 1630): Displayed com.evancharlton.mileage/.Mileage: +184ms
06-05 15:50:07.782 D/EGL_emulation( 1712): eglMakeCurrent: 0xb4085540: ver 2 0 (tinfo 0xb4083740)
06-05 15:50:07.782 V/PhoneStatusBar( 1712): setLightsOn(true)
06-05 15:50:07.793 D/EGL_emulation( 1712): eglMakeCurrent: 0xb4085540: ver 2 0 (tinfo 0xb4083740)
06-05 15:50:07.797 D/EGL_emulation( 1712): eglMakeCurrent: 0xb4085540: ver 2 0 (tinfo 0xb4083740)
06-05 15:50:07.819 D/EGL_emulation( 1712): eglMakeCurrent: 0xb4085540: ver 2 0 (tinfo 0xb4083740)
06-05 15:50:07.821 D/EGL_emulation( 1712): eglMakeCurrent: 0xb4085540: ver 2 0 (tinfo 0xb4083740)
06-05 15:50:07.821 V/PhoneStatusBar( 1712): setLightsOn(true)
06-05 15:50:07.827 D/EGL_emulation( 1712): eglMakeCurrent: 0xb4085540: ver 2 0 (tinfo 0xb4083740)
06-05 15:50:07.829 D/EGL_emulation( 1712): eglMakeCurrent: 0xb4085540: ver 2 0 (tinfo 0xb4083740)
06-05 15:50:07.836 I/System.out(18047): URI: //map
06-05 15:50:07.836 I/System.out(18047): params: {json={"query":"* marked:'Statistics'","operation":{"method_name":"query","arguments":[]}}
06-05 15:50:07.836 I/System.out(18047): }
06-05 15:50:07.843 D/EGL_emulation( 1712): eglMakeCurrent: 0xb4085540: ver 2 0 (tinfo 0xb4083740)
06-05 15:50:07.846 D/EGL_emulation( 1712): eglMakeCurrent: 0xb4085540: ver 2 0 (tinfo 0xb4083740)
06-05 15:50:07.850 W/ResourceType(18047): No package identifier when getting name for resource number 0x00000001
06-05 15:50:07.860 D/EGL_emulation( 1712): eglMakeCurrent: 0xb4085540: ver 2 0 (tinfo 0xb4083740)
06-05 15:50:07.862 D/EGL_emulation( 1712): eglMakeCurrent: 0xb4085540: ver 2 0 (tinfo 0xb4083740)
06-05 15:50:07.866 I/System.out(18047): URI: //gesture
06-05 15:50:07.866 I/System.out(18047): params: {json={"query_timeout":5.0,"gestures":[{"query_string":"* marked:'Statistics'","touches":[{"x":50,"y":50,"offset_x":0,"offset_y":0,"wait":0.0,"time":0.2,"release":true,"query_string":null}]}]}
06-05 15:50:07.866 I/System.out(18047): }
06-05 15:50:07.874 W/ResourceType(18047): No package identifier when getting name for resource number 0x00000001
06-05 15:50:07.877 D/EGL_emulation( 1712): eglMakeCurrent: 0xb4085540: ver 2 0 (tinfo 0xb4083740)
06-05 15:50:07.879 D/EGL_emulation( 1712): eglMakeCurrent: 0xb4085540: ver 2 0 (tinfo 0xb4083740)
06-05 15:50:07.893 D/EGL_emulation( 1712): eglMakeCurrent: 0xb4085540: ver 2 0 (tinfo 0xb4083740)
06-05 15:50:07.976 I/WindowManager( 1630): Destroying surface Surface(name=Starting com.evancharlton.mileage) called by com.android.server.wm.WindowStateAnimator.destroySurface:2016 com.android.server.wm.WindowStateAnimator.destroySurfaceLocked:882 com.android.server.wm.WindowState.destroyOrSaveSurface:2100 com.android.server.wm.AppWindowToken.destroySurfaces:363 com.android.server.wm.WindowStateAnimator.finishExit:565 com.android.server.wm.WindowStateAnimator.stepAnimationLocked:491 com.android.server.wm.WindowAnimator.updateWindowsLocked:303 com.android.server.wm.WindowAnimator.animateLocked:704 
06-05 15:50:07.978 V/PhoneStatusBar( 1712): setLightsOn(true)
06-05 15:50:08.010 V/PhoneStatusBar( 1712): setLightsOn(true)
06-05 15:50:08.111 I/calabash(18047): newActivity1
06-05 15:50:08.120 I/System.out(18047): URI: //map
06-05 15:50:08.120 I/System.out(18047): params: {json={"query":"* marked:'Estimated cost per month'","operation":{"method_name":"query","arguments":[]}}
06-05 15:50:08.120 I/System.out(18047): }
06-05 15:50:08.124 W/ActivityManager( 1630): Bad activity token: android.os.BinderProxy@c7435fc
06-05 15:50:08.124 W/ActivityManager( 1630): java.lang.ClassCastException: android.os.BinderProxy cannot be cast to com.android.server.am.ActivityRecord$Token
06-05 15:50:08.124 W/ActivityManager( 1630): 	at com.android.server.am.ActivityRecord.forTokenLocked(ActivityRecord.java:586)
06-05 15:50:08.124 W/ActivityManager( 1630): 	at com.android.server.am.ActivityRecord.isInStackLocked(ActivityRecord.java:1327)
06-05 15:50:08.124 W/ActivityManager( 1630): 	at com.android.server.am.ActivityRecord.getStackLocked(ActivityRecord.java:1332)
06-05 15:50:08.124 W/ActivityManager( 1630): 	at com.android.server.am.ActivityManagerService.getActivityDisplayId(ActivityManagerService.java:9806)
06-05 15:50:08.124 W/ActivityManager( 1630): 	at android.app.ActivityManagerNative.onTransact(ActivityManagerNative.java:2566)
06-05 15:50:08.124 W/ActivityManager( 1630): 	at com.android.server.am.ActivityManagerService.onTransact(ActivityManagerService.java:2757)
06-05 15:50:08.124 W/ActivityManager( 1630): 	at android.os.Binder.execTransact(Binder.java:565)
06-05 15:50:08.124 W/ActivityManager( 1630): Bad activity token: android.os.BinderProxy@c7435fc
06-05 15:50:08.124 W/ActivityManager( 1630): java.lang.ClassCastException: android.os.BinderProxy cannot be cast to com.android.server.am.ActivityRecord$Token
06-05 15:50:08.124 W/ActivityManager( 1630): 	at com.android.server.am.ActivityRecord.forTokenLocked(ActivityRecord.java:586)
06-05 15:50:08.124 W/ActivityManager( 1630): 	at com.android.server.am.ActivityRecord.isInStackLocked(ActivityRecord.java:1327)
06-05 15:50:08.124 W/ActivityManager( 1630): 	at com.android.server.am.ActivityManagerService.setTaskDescription(ActivityManagerService.java:9358)
06-05 15:50:08.124 W/ActivityManager( 1630): 	at android.app.ActivityManagerNative.onTransact(ActivityManagerNative.java:2639)
06-05 15:50:08.124 W/ActivityManager( 1630): 	at com.android.server.am.ActivityManagerService.onTransact(ActivityManagerService.java:2757)
06-05 15:50:08.124 W/ActivityManager( 1630): 	at android.os.Binder.execTransact(Binder.java:565)
06-05 15:50:08.125 W/ActivityManager( 1630): Bad activity token: android.os.BinderProxy@c7435fc
06-05 15:50:08.125 W/ActivityManager( 1630): java.lang.ClassCastException: android.os.BinderProxy cannot be cast to com.android.server.am.ActivityRecord$Token
06-05 15:50:08.125 W/ActivityManager( 1630): 	at com.android.server.am.ActivityRecord.forTokenLocked(ActivityRecord.java:586)
06-05 15:50:08.125 W/ActivityManager( 1630): 	at com.android.server.am.ActivityRecord.isInStackLocked(ActivityRecord.java:1327)
06-05 15:50:08.125 W/ActivityManager( 1630): 	at com.android.server.am.ActivityRecord.getStackLocked(ActivityRecord.java:1332)
06-05 15:50:08.125 W/ActivityManager( 1630): 	at com.android.server.am.ActivityManagerService.getActivityStackId(ActivityManagerService.java:9817)
06-05 15:50:08.125 W/ActivityManager( 1630): 	at android.app.ActivityManagerNative.onTransact(ActivityManagerNative.java:2856)
06-05 15:50:08.125 W/ActivityManager( 1630): 	at com.android.server.am.ActivityManagerService.onTransact(ActivityManagerService.java:2757)
06-05 15:50:08.125 W/ActivityManager( 1630): 	at android.os.Binder.execTransact(Binder.java:565)
06-05 15:50:08.126 V/PhoneStatusBar( 1712): setLightsOn(true)
06-05 15:50:08.131 D/VehicleStatisticsActivity(18047): Checking recalculation ...
06-05 15:50:08.131 D/VehicleStatisticsActivity(18047): Recalculating statistics
06-05 15:50:08.132 D/VehicleStatisticsTask(18047): Calculation starting...
06-05 15:50:08.132 D/VehicleStatisticsActivity(18047): Recalculation started!
06-05 15:50:08.132 W/ResourceType(18047): No package identifier when getting value for resource number 0x00000000
06-05 15:50:08.133 D/AndroidRuntime(18047): Shutting down VM
--------- beginning of crash
06-05 15:50:08.133 E/AndroidRuntime(18047): FATAL EXCEPTION: main
06-05 15:50:08.133 E/AndroidRuntime(18047): Process: com.evancharlton.mileage, PID: 18047
06-05 15:50:08.133 E/AndroidRuntime(18047): java.lang.RuntimeException: Unable to start activity ComponentInfo{com.evancharlton.mileage/com.evancharlton.mileage.VehicleStatisticsActivity}: android.content.res.Resources$NotFoundException: String resource ID #0x0
06-05 15:50:08.133 E/AndroidRuntime(18047): 	at android.app.ActivityThread.performLaunchActivity(ActivityThread.java:2646)
06-05 15:50:08.133 E/AndroidRuntime(18047): 	at android.app.ActivityThread.startActivityNow(ActivityThread.java:2446)
06-05 15:50:08.133 E/AndroidRuntime(18047): 	at android.app.LocalActivityManager.moveToState(LocalActivityManager.java:136)
06-05 15:50:08.133 E/AndroidRuntime(18047): 	at android.app.LocalActivityManager.startActivity(LocalActivityManager.java:348)
06-05 15:50:08.133 E/AndroidRuntime(18047): 	at android.widget.TabHost$IntentContentStrategy.getContentView(TabHost.java:724)
06-05 15:50:08.133 E/AndroidRuntime(18047): 	at android.widget.TabHost.setCurrentTab(TabHost.java:388)
06-05 15:50:08.133 E/AndroidRuntime(18047): 	at android.widget.TabHost$2.onTabSelectionChanged(TabHost.java:158)
06-05 15:50:08.133 E/AndroidRuntime(18047): 	at android.widget.TabWidget$TabClickListener.onClick(TabWidget.java:532)
06-05 15:50:08.133 E/AndroidRuntime(18047): 	at android.view.View.performClick(View.java:5610)
06-05 15:50:08.133 E/AndroidRuntime(18047): 	at android.view.View$PerformClick.run(View.java:22265)
06-05 15:50:08.133 E/AndroidRuntime(18047): 	at android.os.Handler.handleCallback(Handler.java:751)
06-05 15:50:08.133 E/AndroidRuntime(18047): 	at android.os.Handler.dispatchMessage(Handler.java:95)
06-05 15:50:08.133 E/AndroidRuntime(18047): 	at android.os.Looper.loop(Looper.java:154)
06-05 15:50:08.133 E/AndroidRuntime(18047): 	at android.app.ActivityThread.main(ActivityThread.java:6077)
06-05 15:50:08.133 E/AndroidRuntime(18047): 	at java.lang.reflect.Method.invoke(Native Method)
06-05 15:50:08.133 E/AndroidRuntime(18047): 	at com.android.internal.os.ZygoteInit$MethodAndArgsCaller.run(ZygoteInit.java:866)
06-05 15:50:08.133 E/AndroidRuntime(18047): 	at com.android.internal.os.ZygoteInit.main(ZygoteInit.java:756)
06-05 15:50:08.133 E/AndroidRuntime(18047): Caused by: android.content.res.Resources$NotFoundException: String resource ID #0x0
06-05 15:50:08.133 E/AndroidRuntime(18047): 	at android.content.res.Resources.getText(Resources.java:331)
06-05 15:50:08.133 E/AndroidRuntime(18047): 	at android.content.res.Resources.getString(Resources.java:377)
06-05 15:50:08.133 E/AndroidRuntime(18047): 	at android.content.Context.getString(Context.java:476)
06-05 15:50:08.133 E/AndroidRuntime(18047): 	at com.evancharlton.mileage.provider.Statistic.getLabel(Statistic.java:37)
06-05 15:50:08.133 E/AndroidRuntime(18047): 	at com.evancharlton.mileage.adapters.VehicleStatisticsAdapter$StatisticHolder.<init>(VehicleStatisticsAdapter.java:203)
06-05 15:50:08.133 E/AndroidRuntime(18047): 	at com.evancharlton.mileage.adapters.VehicleStatisticsAdapter.<init>(VehicleStatisticsAdapter.java:50)
06-05 15:50:08.133 E/AndroidRuntime(18047): 	at com.evancharlton.mileage.VehicleStatisticsActivity.setAdapter(VehicleStatisticsActivity.java:197)
06-05 15:50:08.133 E/AndroidRuntime(18047): 	at com.evancharlton.mileage.VehicleStatisticsActivity.recalculate(VehicleStatisticsActivity.java:175)
06-05 15:50:08.133 E/AndroidRuntime(18047): 	at com.evancharlton.mileage.VehicleStatisticsActivity.onCreate(VehicleStatisticsActivity.java:131)
06-05 15:50:08.133 E/AndroidRuntime(18047): 	at android.app.Activity.performCreate(Activity.java:6662)
06-05 15:50:08.133 E/AndroidRuntime(18047): 	at android.app.Instrumentation.callActivityOnCreate(Instrumentation.java:1118)
06-05 15:50:08.133 E/AndroidRuntime(18047): 	at android.app.ActivityThread.performLaunchActivity(ActivityThread.java:2599)
06-05 15:50:08.133 E/AndroidRuntime(18047): 	... 16 more
06-05 15:50:08.133 D/VehicleStatisticsTask(18047): Not enough fillups to calculate statistics
06-05 15:50:08.133 I/Process (18047): Sending signal. PID: 18047 SIG: 9
06-05 15:50:08.173 W/InputDispatcher( 1630): channel 'bc8fd1b com.evancharlton.mileage/com.evancharlton.mileage.Mileage (server)' ~ Consumer closed input channel or an error occurred.  events=0x9
06-05 15:50:08.173 E/InputDispatcher( 1630): channel 'bc8fd1b com.evancharlton.mileage/com.evancharlton.mileage.Mileage (server)' ~ Channel is unrecoverably broken and will be disposed!
06-05 15:50:08.173 I/ActivityManager( 1630): Process com.evancharlton.mileage (pid 18047) has died
06-05 15:50:08.173 D/ActivityManager( 1630): cleanUpApplicationRecord -- 18047
06-05 15:50:08.173 W/ActivityManager( 1630): Scheduling restart of crashed service com.evancharlton.mileage/.services.AutomaticBackupService in 1000ms
06-05 15:50:08.174 W/ActivityManager( 1630): Force removing ActivityRecord{680f32b u0 com.evancharlton.mileage/.Mileage t297}: app died, no saved state
06-05 15:50:08.176 I/WindowManager( 1630): WIN DEATH: Window{bc8fd1b u0 com.evancharlton.mileage/com.evancharlton.mileage.Mileage}
06-05 15:50:08.176 W/InputDispatcher( 1630): Attempted to unregister already unregistered input channel 'bc8fd1b com.evancharlton.mileage/com.evancharlton.mileage.Mileage (server)'
06-05 15:50:08.176 I/WindowManager( 1630): Destroying surface Surface(name=com.evancharlton.mileage/com.evancharlton.mileage.Mileage) called by com.android.server.wm.WindowStateAnimator.destroySurface:2016 com.android.server.wm.WindowStateAnimator.destroySurfaceLocked:882 com.android.server.wm.WindowState.removeLocked:1456 com.android.server.wm.WindowManagerService.removeWindowInnerLocked:2484 com.android.server.wm.WindowManagerService.removeWindowLocked:2442 com.android.server.wm.WindowState$DeathRecipient.binderDied:1787 android.os.BinderProxy.sendDeathNotice:688 <bottom of call stack> 
06-05 15:50:08.194 W/ActivityManager( 1630): Crash of app com.evancharlton.mileage running instrumentation ComponentInfo{com.evancharlton.mileage.test/sh.calaba.instrumentationbackend.CalabashInstrumentationTestRunner}
06-05 15:50:08.194 I/ActivityManager( 1630): Force stopping com.evancharlton.mileage appid=10086 user=0: finished inst
06-05 15:50:08.195 I/ActivityManager( 1630):   Force stopping service ServiceRecord{cccb5e8 u0 com.evancharlton.mileage/.services.AutomaticBackupService}
06-05 15:50:08.197 V/PhoneStatusBar( 1712): setLightsOn(true)
06-05 15:50:08.244 D/EGL_emulation( 1712): eglMakeCurrent: 0xb4085540: ver 2 0 (tinfo 0xb4083740)
06-05 15:50:08.245 D/EGL_emulation( 2099): eglMakeCurrent: 0xb4085240: ver 2 0 (tinfo 0xb40832d0)
06-05 15:50:08.260 D/EGL_emulation( 1712): eglMakeCurrent: 0xb4085540: ver 2 0 (tinfo 0xb4083740)
06-05 15:50:08.262 D/EGL_emulation( 1712): eglMakeCurrent: 0xb4085540: ver 2 0 (tinfo 0xb4083740)
06-05 15:50:08.269 E/SurfaceFlinger( 1346): ro.sf.lcd_density must be defined as a build property
06-05 15:50:08.270 D/gralloc_ranchu( 1346): gralloc_alloc: Creating ashmem region of size 9592832
06-05 15:50:08.275 D/        (18081): HostConnection::get() New Host Connection established 0xb0d1b2c0, tid 18081
06-05 15:50:08.276 D/EGL_emulation( 1712): eglMakeCurrent: 0xb4085540: ver 2 0 (tinfo 0xb4083740)
06-05 15:50:08.279 E/EGL_emulation( 1346): tid 1346: eglCreateSyncKHR(1901): error 0x3004 (EGL_BAD_ATTRIBUTE)
06-05 15:50:08.307 D/EGL_emulation( 1712): eglMakeCurrent: 0xb4085540: ver 2 0 (tinfo 0xb4083740)
06-05 15:50:08.308 D/EGL_emulation( 1712): eglMakeCurrent: 0xb4085540: ver 2 0 (tinfo 0xb4083740)
06-05 15:50:08.310 D/EGL_emulation( 1712): eglMakeCurrent: 0xb4085540: ver 2 0 (tinfo 0xb4083740)
06-05 15:50:08.313 D/EGL_emulation( 1712): eglMakeCurrent: 0xb4085540: ver 2 0 (tinfo 0xb4083740)
06-05 15:50:08.326 D/EGL_emulation( 1712): eglMakeCurrent: 0xb4085540: ver 2 0 (tinfo 0xb4083740)
06-05 15:50:08.328 D/EGL_emulation( 1712): eglMakeCurrent: 0xb4085540: ver 2 0 (tinfo 0xb4083740)
06-05 15:50:08.343 D/EGL_emulation( 1712): eglMakeCurrent: 0xb4085540: ver 2 0 (tinfo 0xb4083740)
06-05 15:50:08.344 D/EGL_emulation( 1712): eglMakeCurrent: 0xb4085540: ver 2 0 (tinfo 0xb4083740)
06-05 15:50:08.369 D/EGL_emulation( 1712): eglMakeCurrent: 0xb4085540: ver 2 0 (tinfo 0xb4083740)
06-05 15:50:08.370 D/EGL_emulation( 1712): eglMakeCurrent: 0xb4085540: ver 2 0 (tinfo 0xb4083740)
06-05 15:50:08.377 D/EGL_emulation( 1712): eglMakeCurrent: 0xb4085540: ver 2 0 (tinfo 0xb4083740)
06-05 15:50:08.379 D/EGL_emulation( 1712): eglMakeCurrent: 0xb4085540: ver 2 0 (tinfo 0xb4083740)
06-05 15:50:08.393 D/EGL_emulation( 1712): eglMakeCurrent: 0xb4085540: ver 2 0 (tinfo 0xb4083740)
06-05 15:50:08.395 D/EGL_emulation( 1712): eglMakeCurrent: 0xb4085540: ver 2 0 (tinfo 0xb4083740)
06-05 15:50:08.410 D/EGL_emulation( 1712): eglMakeCurrent: 0xb4085540: ver 2 0 (tinfo 0xb4083740)
06-05 15:50:08.412 D/EGL_emulation( 1712): eglMakeCurrent: 0xb4085540: ver 2 0 (tinfo 0xb4083740)
06-05 15:50:08.426 D/EGL_emulation( 1712): eglMakeCurrent: 0xb4085540: ver 2 0 (tinfo 0xb4083740)
06-05 15:50:08.443 D/EGL_emulation( 1712): eglMakeCurrent: 0xb4085540: ver 2 0 (tinfo 0xb4083740)
