--------- beginning of main
06-06 17:45:37.014 W/OpenGLRenderer( 2106): Incorrectly called buildLayer on View: ShortcutAndWidgetContainer, destroying layer...
06-06 17:45:37.014 V/PhoneStatusBar( 1713): setLightsOn(true)
06-06 17:45:37.017 D/gralloc_ranchu( 1348): gralloc_alloc: Creating ashmem region of size 3145728
06-06 17:45:37.022 E/EGL_emulation( 1348): tid 1348: eglCreateSyncKHR(1901): error 0x3004 (EGL_BAD_ATTRIBUTE)
--------- beginning of system
06-06 17:45:37.034 W/ActivityManager( 1631): Finishing task with all activities already finished
06-06 17:45:37.034 W/ActivityManager( 1631): Duplicate finish request for ActivityRecord{42f8171 u0 com.evancharlton.mileage/.Mileage t24717 f}
06-06 17:45:37.034 W/ActivityManager( 1631): Finishing task with all activities already finished
06-06 17:45:37.034 W/ActivityManager( 1631): Duplicate finish request for ActivityRecord{42f8171 u0 com.evancharlton.mileage/.Mileage t24717 f}
06-06 17:45:37.034 W/ActivityManager( 1631): Finishing task with all activities already finished
06-06 17:45:37.034 W/ActivityManager( 1631): Duplicate finish request for ActivityRecord{42f8171 u0 com.evancharlton.mileage/.Mileage t24717 f}
06-06 17:45:37.034 W/ActivityManager( 1631): Finishing task with all activities already finished
06-06 17:45:37.034 W/ActivityManager( 1631): Duplicate finish request for ActivityRecord{42f8171 u0 com.evancharlton.mileage/.Mileage t24717 f}
06-06 17:45:37.034 W/ActivityManager( 1631): Finishing task with all activities already finished
06-06 17:45:37.034 W/ActivityManager( 1631): Duplicate finish request for ActivityRecord{2491e53 u0 com.evancharlton.mileage/.charts.SouthChart t24717 f}
06-06 17:45:37.034 W/ActivityManager( 1631): Finishing task with all activities already finished
06-06 17:45:37.034 W/ActivityManager( 1631): Duplicate finish request for ActivityRecord{2491e53 u0 com.evancharlton.mileage/.charts.SouthChart t24717 f}
06-06 17:45:37.035 W/ActivityManager( 1631): Finishing task with all activities already finished
06-06 17:45:37.035 W/ActivityManager( 1631): Duplicate finish request for ActivityRecord{42f8171 u0 com.evancharlton.mileage/.Mileage t24717 f}
06-06 17:45:37.035 W/ActivityManager( 1631): Finishing task with all activities already finished
06-06 17:45:37.035 W/ActivityManager( 1631): Duplicate finish request for ActivityRecord{42f8171 u0 com.evancharlton.mileage/.Mileage t24717 f}
06-06 17:45:37.067 D/EGL_emulation( 2106): eglMakeCurrent: 0xa6a85300: ver 2 0 (tinfo 0xa6a83220)
06-06 17:45:37.083 D/EGL_emulation( 1713): eglMakeCurrent: 0xa6a85780: ver 2 0 (tinfo 0xa6a83640)
06-06 17:45:37.099 D/EGL_emulation( 1713): eglMakeCurrent: 0xa6a85780: ver 2 0 (tinfo 0xa6a83640)
06-06 17:45:37.101 D/EGL_emulation( 1713): eglMakeCurrent: 0xa6a85780: ver 2 0 (tinfo 0xa6a83640)
06-06 17:45:37.115 D/EGL_emulation( 1713): eglMakeCurrent: 0xa6a85780: ver 2 0 (tinfo 0xa6a83640)
06-06 17:45:37.118 D/EGL_emulation( 1713): eglMakeCurrent: 0xa6a85780: ver 2 0 (tinfo 0xa6a83640)
06-06 17:45:37.132 D/EGL_emulation( 1713): eglMakeCurrent: 0xa6a85780: ver 2 0 (tinfo 0xa6a83640)
06-06 17:45:37.133 D/EGL_emulation( 1713): eglMakeCurrent: 0xa6a85780: ver 2 0 (tinfo 0xa6a83640)
06-06 17:45:37.148 D/EGL_emulation( 1713): eglMakeCurrent: 0xa6a85780: ver 2 0 (tinfo 0xa6a83640)
06-06 17:45:37.150 D/EGL_emulation( 1713): eglMakeCurrent: 0xa6a85780: ver 2 0 (tinfo 0xa6a83640)
06-06 17:45:37.165 D/EGL_emulation( 1713): eglMakeCurrent: 0xa6a85780: ver 2 0 (tinfo 0xa6a83640)
06-06 17:45:37.167 D/EGL_emulation( 1713): eglMakeCurrent: 0xa6a85780: ver 2 0 (tinfo 0xa6a83640)
06-06 17:45:37.181 D/EGL_emulation( 1713): eglMakeCurrent: 0xa6a85780: ver 2 0 (tinfo 0xa6a83640)
06-06 17:45:37.185 D/EGL_emulation( 1713): eglMakeCurrent: 0xa6a85780: ver 2 0 (tinfo 0xa6a83640)
06-06 17:45:37.198 D/EGL_emulation( 1713): eglMakeCurrent: 0xa6a85780: ver 2 0 (tinfo 0xa6a83640)
06-06 17:45:37.199 D/AndroidRuntime(17317): >>>>>> START com.android.internal.os.RuntimeInit uid 2000 <<<<<<
06-06 17:45:37.200 D/EGL_emulation( 1713): eglMakeCurrent: 0xa6a85780: ver 2 0 (tinfo 0xa6a83640)
06-06 17:45:37.201 D/AndroidRuntime(17317): CheckJNI is ON
06-06 17:45:37.212 W/art     (17317): Unexpected CPU variant for X86 using defaults: x86
06-06 17:45:37.214 D/ICU     (17317): No timezone override file found: /data/misc/zoneinfo/current/icu/icu_tzdata.dat
06-06 17:45:37.215 D/EGL_emulation( 1713): eglMakeCurrent: 0xa6a85780: ver 2 0 (tinfo 0xa6a83640)
06-06 17:45:37.217 D/EGL_emulation( 1713): eglMakeCurrent: 0xa6a85780: ver 2 0 (tinfo 0xa6a83640)
06-06 17:45:37.222 E/memtrack(17317): Couldn't load memtrack module (No such file or directory)
06-06 17:45:37.222 E/android.os.Debug(17317): failed to load memtrack module: -2
06-06 17:45:37.223 I/Radio-JNI(17317): register_android_hardware_Radio DONE
06-06 17:45:37.227 D/AndroidRuntime(17317): Calling main entry com.android.commands.am.Am
06-06 17:45:37.228 I/ActivityManager( 1631): Force stopping com.evancharlton.mileage appid=10728 user=0: start instr
06-06 17:45:37.228 I/ActivityManager( 1631): Killing 17265:com.evancharlton.mileage/u0a728 (adj 0): stop com.evancharlton.mileage
06-06 17:45:37.228 D/ActivityManager( 1631): cleanUpApplicationRecord -- 17265
06-06 17:45:37.228 I/WindowManager( 1631): Destroying surface Surface(name=com.evancharlton.mileage/com.evancharlton.mileage.charts.SouthChart) called by com.android.server.wm.WindowStateAnimator.destroySurface:2016 com.android.server.wm.WindowStateAnimator.destroySurfaceLocked:882 com.android.server.wm.WindowState.removeLocked:1456 com.android.server.wm.WindowManagerService.removeWindowInnerLocked:2484 com.android.server.wm.WindowManagerService.removeWindowLocked:2442 com.android.server.wm.WindowManagerService.removeWindowLocked:2311 com.android.server.wm.AppWindowToken.removeAllWindows:530 com.android.server.wm.AppWindowToken.removeAppFromTaskLocked:326 
06-06 17:45:37.230 W/ActivityManager( 1631): Crash of app com.evancharlton.mileage running instrumentation ComponentInfo{com.evancharlton.mileage.test/sh.calaba.instrumentationbackend.CalabashInstrumentationTestRunner}
06-06 17:45:37.230 I/ActivityManager( 1631): Force stopping com.evancharlton.mileage appid=10728 user=0: finished inst
06-06 17:45:37.231 D/EGL_emulation( 1713): eglMakeCurrent: 0xa6a85780: ver 2 0 (tinfo 0xa6a83640)
06-06 17:45:37.231 W/InputDispatcher( 1631): channel '517caf4 com.evancharlton.mileage/com.evancharlton.mileage.Mileage (server)' ~ Consumer closed input channel or an error occurred.  events=0x9
06-06 17:45:37.231 E/InputDispatcher( 1631): channel '517caf4 com.evancharlton.mileage/com.evancharlton.mileage.Mileage (server)' ~ Channel is unrecoverably broken and will be disposed!
06-06 17:45:37.231 I/WindowManager( 1631): WIN DEATH: Window{517caf4 u0 com.evancharlton.mileage/com.evancharlton.mileage.Mileage EXITING}
06-06 17:45:37.231 W/InputDispatcher( 1631): Attempted to unregister already unregistered input channel '517caf4 com.evancharlton.mileage/com.evancharlton.mileage.Mileage (server)'
06-06 17:45:37.234 I/art     (17327): Not late-enabling -Xcheck:jni (already on)
06-06 17:45:37.234 W/art     (17327): Unexpected CPU variant for X86 using defaults: x86
06-06 17:45:37.241 I/ActivityManager( 1631): Start proc 17327:com.evancharlton.mileage/u0a728 for added application com.evancharlton.mileage
06-06 17:45:37.241 D/AndroidRuntime(17317): Shutting down VM
06-06 17:45:37.244 D/EGL_emulation( 1713): eglMakeCurrent: 0xa6a85780: ver 2 0 (tinfo 0xa6a83640)
06-06 17:45:37.247 W/System  (17327): ClassLoader referenced unknown path: /data/app/com.evancharlton.mileage.test-1/lib/x86
06-06 17:45:37.247 W/System  (17327): ClassLoader referenced unknown path: /data/app/com.evancharlton.mileage-1/lib/x86
06-06 17:45:37.248 D/EGL_emulation( 1713): eglMakeCurrent: 0xa6a85780: ver 2 0 (tinfo 0xa6a83640)
06-06 17:45:37.249 D/EGL_emulation( 1713): eglMakeCurrent: 0xa6a85780: ver 2 0 (tinfo 0xa6a83640)
06-06 17:45:37.250 W/System  (17327): ClassLoader referenced unknown path: 
06-06 17:45:37.254 I/System.out(17327): Main activity name automatically set to: com.evancharlton.mileage.Mileage
06-06 17:45:37.254 I/System.out(17327): Calabash did not load Mono. This is only a problem if you are trying to test a Mono application
06-06 17:45:37.255 I/calabash(17327): Test server port: 7102
06-06 17:45:37.255 I/InstrumentationBackend(17327): Added:'GetPreferences', with key:'get_preferences'
06-06 17:45:37.259 I/InstrumentationBackend(17327): Added:'SetPreferences', with key:'set_preferences'
06-06 17:45:37.259 I/InstrumentationBackend(17327): Added:'ClearPreferences', with key:'clear_preferences'
06-06 17:45:37.259 I/InstrumentationBackend(17327): Added:'PressElement', with key:'press_l10n_element'
06-06 17:45:37.259 I/InstrumentationBackend(17327): Added:'WaitForElement', with key:'wait_for_l10n_element'
06-06 17:45:37.259 I/InstrumentationBackend(17327): Added:'NullAction', with key:'nullAction'
06-06 17:45:37.259 I/InstrumentationBackend(17327): Added:'PressKey', with key:'press_key'
06-06 17:45:37.259 I/InstrumentationBackend(17327): Added:'SetActivityOrientation', with key:'set_activity_orientation'
06-06 17:45:37.259 I/InstrumentationBackend(17327): Added:'GetActivityOrientation', with key:'get_activity_orientation'
06-06 17:45:37.260 I/InstrumentationBackend(17327): Added:'FakeGPSLocation', with key:'set_gps_coordinates'
06-06 17:45:37.260 I/InstrumentationBackend(17327): Added:'SetPropertyByCssSelector', with key:'set_property_by_css_selector'
06-06 17:45:37.260 I/InstrumentationBackend(17327): Added:'GetUrl', with key:'get_url'
06-06 17:45:37.260 I/InstrumentationBackend(17327): Added:'ScrollTo', with key:'scroll_to'
06-06 17:45:37.260 I/InstrumentationBackend(17327): Added:'GetLoadProgress', with key:'get_load_progress'
06-06 17:45:37.260 I/InstrumentationBackend(17327): Added:'DumpHtml', with key:'dump_html'
06-06 17:45:37.260 I/InstrumentationBackend(17327): Added:'DumpBodyHtml', with key:'dump_body_html'
06-06 17:45:37.260 I/InstrumentationBackend(17327): Added:'EnterTextByCssSelector', with key:'enter_text_by_selector'
06-06 17:45:37.261 I/InstrumentationBackend(17327): Added:'AndroidSDKVersion', with key:'android_sdk_version'
06-06 17:45:37.261 I/InstrumentationBackend(17327): Added:'Version', with key:'version'
06-06 17:45:37.261 I/InstrumentationBackend(17327): Added:'Drag', with key:'drag'
06-06 17:45:37.261 I/InstrumentationBackend(17327): Added:'TouchCoordinates', with key:'touch_coordinate'
06-06 17:45:37.261 I/InstrumentationBackend(17327): Added:'LongPressCoordinate', with key:'long_press_coordinate'
06-06 17:45:37.261 I/InstrumentationBackend(17327): Added:'DragCoordinates', with key:'drag_coordinates'
06-06 17:45:37.261 I/InstrumentationBackend(17327): Added:'ResumeApplication', with key:'resume_application'
06-06 17:45:37.261 I/InstrumentationBackend(17327): Added:'Swipe', with key:'swipe'
06-06 17:45:37.261 I/InstrumentationBackend(17327): Added:'DoubleTapCoordinate', with key:'double_tap_coordinate'
06-06 17:45:37.261 I/InstrumentationBackend(17327): Added:'ClickOnScreen', with key:'click_on_screen'
06-06 17:45:37.261 I/InstrumentationBackend(17327): Added:'GetActivityName', with key:'get_activity_name'
06-06 17:45:37.261 I/InstrumentationBackend(17327): Added:'ScrollToView', with key:'scroll_to_view'
06-06 17:45:37.261 I/InstrumentationBackend(17327): Added:'ViewConfiguration', with key:'view_configuration'
06-06 17:45:37.261 I/InstrumentationBackend(17327): Added:'IsCurrentActivityFocused', with key:'is_current_activity_focused'
06-06 17:45:37.261 I/InstrumentationBackend(17327): Added:'SendTcp', with key:'send_tcp'
06-06 17:45:37.261 I/InstrumentationBackend(17327): Added:'DpToDevicePixel', with key:'dp_to_device_pixel'
06-06 17:45:37.261 I/InstrumentationBackend(17327): Added:'KeyboardEnterText', with key:'keyboard_enter_text'
06-06 17:45:37.261 I/InstrumentationBackend(17327): Added:'DeleteSurroundingText', with key:'delete_surrounding_text'
06-06 17:45:37.261 I/InstrumentationBackend(17327): Added:'SetComposingRegion', with key:'set_composing_region'
06-06 17:45:37.261 I/InstrumentationBackend(17327): Added:'SetSelection', with key:'set_selection'
06-06 17:45:37.261 I/InstrumentationBackend(17327): Added:'KeyboardKeyEvent', with key:'keyboard_key_event'
06-06 17:45:37.262 I/InstrumentationBackend(17327): Added:'PressUserActionButton', with key:'press_user_action_button'
06-06 17:45:37.262 I/InstrumentationBackend(17327): Added:'HideSoftKeyboard', with key:'hide_soft_keyboard'
06-06 17:45:37.262 I/InstrumentationBackend(17327): Added:'ListActions', with key:'list_actions'
06-06 17:45:37.262 I/calabash(17327): Instantiating http server at 7102
06-06 17:45:37.262 I/System.out(17327): HTTP Daemon listening on: 7102
06-06 17:45:37.265 D/EGL_emulation( 1713): eglMakeCurrent: 0xa6a85780: ver 2 0 (tinfo 0xa6a83640)
06-06 17:45:37.266 D/EGL_emulation( 1713): eglMakeCurrent: 0xa6a85780: ver 2 0 (tinfo 0xa6a83640)
06-06 17:45:37.282 D/EGL_emulation( 1713): eglMakeCurrent: 0xa6a85780: ver 2 0 (tinfo 0xa6a83640)
06-06 17:45:37.300 D/EGL_emulation( 1713): eglMakeCurrent: 0xa6a85780: ver 2 0 (tinfo 0xa6a83640)
06-06 17:45:37.305 D/EGL_emulation( 1713): eglMakeCurrent: 0xa6a85780: ver 2 0 (tinfo 0xa6a83640)
06-06 17:45:37.352 I/System.out(17327): URI: //ping
06-06 17:45:37.352 I/System.out(17327): params: {json={}
06-06 17:45:37.352 I/System.out(17327): }
06-06 17:45:37.357 I/System.out(17327): URI: //ping
06-06 17:45:37.357 I/System.out(17327): params: {json={}
06-06 17:45:37.357 I/System.out(17327): }
06-06 17:45:37.360 I/System.out(17327): URI: //ready
06-06 17:45:37.360 I/System.out(17327): params: {json={}
06-06 17:45:37.360 I/System.out(17327): }
06-06 17:45:37.363 I/System.out(17327): URI: //
06-06 17:45:37.363 I/System.out(17327): params: {json={"command":"version","arguments":[]}
06-06 17:45:37.363 I/System.out(17327): }
06-06 17:45:37.363 I/System.out(17327): header: {content-type=application/json;charset=utf-8, date=Sat, 06 Jun 2020 22:45:37 GMT, accept=*/*, host=127.0.0.1:34784, content-length=36, user-agent=HTTPClient/1.0 (2.8.3, ruby 2.5.1 (2018-03-29))}
06-06 17:45:37.363 I/System.out(17327): params: {json={"command":"version","arguments":[]}
06-06 17:45:37.363 I/System.out(17327): }
06-06 17:45:37.363 I/System.out(17327): ProP json = {"command":"version","arguments":[]}
06-06 17:45:37.363 I/System.out(17327): files: {}
06-06 17:45:37.363 I/System.out(17327): command: {"command":"version","arguments":[]}
06-06 17:45:37.370 I/InstrumentationBackend(17327): Got command:'Command:'Line:null,version', arguments:'[]'
06-06 17:45:37.382 I/System.out(17327): result:{"bonusInformation":[],"message":"0.9.8","success":true}
06-06 17:45:37.386 I/System.out(17327): URI: //start-application
06-06 17:45:37.386 I/System.out(17327): params: {json={"intent":null}
06-06 17:45:37.386 I/System.out(17327): }
06-06 17:45:37.407 I/ActivityManager( 1631): START u0 {act=android.intent.action.MAIN cat=[android.intent.category.LAUNCHER] flg=0x10200000 cmp=com.evancharlton.mileage/.Mileage} from uid 10728 on display 0
06-06 17:45:37.422 I/calabash(17327): newActivity1
06-06 17:45:37.432 D/gralloc_ranchu( 1348): gralloc_alloc: Creating ashmem region of size 9023488
06-06 17:45:37.443 I/calabash(17327): newActivity1
06-06 17:45:37.446 W/ActivityManager( 1631): Bad activity token: android.os.BinderProxy@687b51c
06-06 17:45:37.446 W/ActivityManager( 1631): java.lang.ClassCastException: android.os.BinderProxy cannot be cast to com.android.server.am.ActivityRecord$Token
06-06 17:45:37.446 W/ActivityManager( 1631): 	at com.android.server.am.ActivityRecord.forTokenLocked(ActivityRecord.java:586)
06-06 17:45:37.446 W/ActivityManager( 1631): 	at com.android.server.am.ActivityRecord.isInStackLocked(ActivityRecord.java:1327)
06-06 17:45:37.446 W/ActivityManager( 1631): 	at com.android.server.am.ActivityRecord.getStackLocked(ActivityRecord.java:1332)
06-06 17:45:37.446 W/ActivityManager( 1631): 	at com.android.server.am.ActivityManagerService.getActivityDisplayId(ActivityManagerService.java:9806)
06-06 17:45:37.446 W/ActivityManager( 1631): 	at android.app.ActivityManagerNative.onTransact(ActivityManagerNative.java:2566)
06-06 17:45:37.446 W/ActivityManager( 1631): 	at com.android.server.am.ActivityManagerService.onTransact(ActivityManagerService.java:2757)
06-06 17:45:37.446 W/ActivityManager( 1631): 	at android.os.Binder.execTransact(Binder.java:565)
06-06 17:45:37.448 W/ActivityManager( 1631): Bad activity token: android.os.BinderProxy@687b51c
06-06 17:45:37.448 W/ActivityManager( 1631): java.lang.ClassCastException: android.os.BinderProxy cannot be cast to com.android.server.am.ActivityRecord$Token
06-06 17:45:37.448 W/ActivityManager( 1631): 	at com.android.server.am.ActivityRecord.forTokenLocked(ActivityRecord.java:586)
06-06 17:45:37.448 W/ActivityManager( 1631): 	at com.android.server.am.ActivityRecord.isInStackLocked(ActivityRecord.java:1327)
06-06 17:45:37.448 W/ActivityManager( 1631): 	at com.android.server.am.ActivityManagerService.setTaskDescription(ActivityManagerService.java:9358)
06-06 17:45:37.448 W/ActivityManager( 1631): 	at android.app.ActivityManagerNative.onTransact(ActivityManagerNative.java:2639)
06-06 17:45:37.448 W/ActivityManager( 1631): 	at com.android.server.am.ActivityManagerService.onTransact(ActivityManagerService.java:2757)
06-06 17:45:37.448 W/ActivityManager( 1631): 	at android.os.Binder.execTransact(Binder.java:565)
06-06 17:45:37.449 W/ActivityManager( 1631): Bad activity token: android.os.BinderProxy@687b51c
06-06 17:45:37.449 W/ActivityManager( 1631): java.lang.ClassCastException: android.os.BinderProxy cannot be cast to com.android.server.am.ActivityRecord$Token
06-06 17:45:37.449 W/ActivityManager( 1631): 	at com.android.server.am.ActivityRecord.forTokenLocked(ActivityRecord.java:586)
06-06 17:45:37.449 W/ActivityManager( 1631): 	at com.android.server.am.ActivityRecord.isInStackLocked(ActivityRecord.java:1327)
06-06 17:45:37.449 W/ActivityManager( 1631): 	at com.android.server.am.ActivityRecord.getStackLocked(ActivityRecord.java:1332)
06-06 17:45:37.449 W/ActivityManager( 1631): 	at com.android.server.am.ActivityManagerService.getActivityStackId(ActivityManagerService.java:9817)
06-06 17:45:37.449 W/ActivityManager( 1631): 	at android.app.ActivityManagerNative.onTransact(ActivityManagerNative.java:2856)
06-06 17:45:37.449 W/ActivityManager( 1631): 	at com.android.server.am.ActivityManagerService.onTransact(ActivityManagerService.java:2757)
06-06 17:45:37.449 W/ActivityManager( 1631): 	at android.os.Binder.execTransact(Binder.java:565)
06-06 17:45:37.479 V/PhoneStatusBar( 1713): setLightsOn(true)
06-06 17:45:37.483 D/EGL_emulation( 2106): eglMakeCurrent: 0xa6a85300: ver 2 0 (tinfo 0xa6a83220)
06-06 17:45:37.486 D/EGL_emulation( 1713): eglMakeCurrent: 0xa6a85780: ver 2 0 (tinfo 0xa6a83640)
06-06 17:45:37.493 W/ActivityManager( 1631): Bad activity token: android.os.BinderProxy@687b51c
06-06 17:45:37.493 W/ActivityManager( 1631): java.lang.ClassCastException: android.os.BinderProxy cannot be cast to com.android.server.am.ActivityRecord$Token
06-06 17:45:37.493 W/ActivityManager( 1631): 	at com.android.server.am.ActivityRecord.forTokenLocked(ActivityRecord.java:586)
06-06 17:45:37.493 W/ActivityManager( 1631): 	at com.android.server.am.ActivityRecord.isInStackLocked(ActivityRecord.java:1327)
06-06 17:45:37.493 W/ActivityManager( 1631): 	at com.android.server.am.ActivityManagerService.getActivityOptions(ActivityManagerService.java:12559)
06-06 17:45:37.493 W/ActivityManager( 1631): 	at android.app.ActivityManagerNative.onTransact(ActivityManagerNative.java:1933)
06-06 17:45:37.493 W/ActivityManager( 1631): 	at com.android.server.am.ActivityManagerService.onTransact(ActivityManagerService.java:2757)
06-06 17:45:37.493 W/ActivityManager( 1631): 	at android.os.Binder.execTransact(Binder.java:565)
06-06 17:45:37.494 W/ActivityManager( 1631): Bad activity token: android.os.BinderProxy@687b51c
06-06 17:45:37.494 W/ActivityManager( 1631): java.lang.ClassCastException: android.os.BinderProxy cannot be cast to com.android.server.am.ActivityRecord$Token
06-06 17:45:37.494 W/ActivityManager( 1631): 	at com.android.server.am.ActivityRecord.forTokenLocked(ActivityRecord.java:586)
06-06 17:45:37.494 W/ActivityManager( 1631): 	at com.android.server.am.ActivityRecord.isInStackLocked(ActivityRecord.java:1327)
06-06 17:45:37.494 W/ActivityManager( 1631): 	at com.android.server.am.ActivityManagerService.getActivityOptions(ActivityManagerService.java:12559)
06-06 17:45:37.494 W/ActivityManager( 1631): 	at android.app.ActivityManagerNative.onTransact(ActivityManagerNative.java:1933)
06-06 17:45:37.494 W/ActivityManager( 1631): 	at com.android.server.am.ActivityManagerService.onTransact(ActivityManagerService.java:2757)
06-06 17:45:37.494 W/ActivityManager( 1631): 	at android.os.Binder.execTransact(Binder.java:565)
06-06 17:45:37.498 I/WindowManager( 1631): Destroying surface Surface(name=com.evancharlton.mileage/com.evancharlton.mileage.Mileage) called by com.android.server.wm.WindowStateAnimator.destroySurface:2016 com.android.server.wm.WindowStateAnimator.destroySurfaceLocked:882 com.android.server.wm.WindowState.removeLocked:1456 com.android.server.wm.WindowManagerService.removeWindowInnerLocked:2484 com.android.server.wm.AppWindowToken.destroySurfaces:365 com.android.server.wm.WindowStateAnimator.finishExit:565 com.android.server.wm.AppWindowAnimator.stepAnimationLocked:427 com.android.server.wm.WindowAnimator.updateAppWindowsLocked:196 
06-06 17:45:37.499 D/EGL_emulation( 1713): eglMakeCurrent: 0xa6a85780: ver 2 0 (tinfo 0xa6a83640)
06-06 17:45:37.503 D/EGL_emulation( 1713): eglMakeCurrent: 0xa6a85780: ver 2 0 (tinfo 0xa6a83640)
06-06 17:45:37.515 D/EGL_emulation( 1713): eglMakeCurrent: 0xa6a85780: ver 2 0 (tinfo 0xa6a83640)
06-06 17:45:37.517 D/EGL_emulation( 1713): eglMakeCurrent: 0xa6a85780: ver 2 0 (tinfo 0xa6a83640)
06-06 17:45:37.531 D/gralloc_ranchu( 1348): gralloc_alloc: Creating ashmem region of size 9023488
06-06 17:45:37.536 D/EGL_emulation( 1713): eglMakeCurrent: 0xa6a85780: ver 2 0 (tinfo 0xa6a83640)
06-06 17:45:37.537 D/        (17327): HostConnection::get() New Host Connection established 0x954aa400, tid 17327
06-06 17:45:37.538 D/EGL_emulation( 1713): eglMakeCurrent: 0xa6a85780: ver 2 0 (tinfo 0xa6a83640)
06-06 17:45:37.539 V/PhoneStatusBar( 1713): setLightsOn(true)
06-06 17:45:37.583 D/EGL_emulation( 1713): eglMakeCurrent: 0xa6a85780: ver 2 0 (tinfo 0xa6a83640)
06-06 17:45:37.586 D/EGL_emulation( 1713): eglMakeCurrent: 0xa6a85780: ver 2 0 (tinfo 0xa6a83640)
06-06 17:45:37.588 D/EGL_emulation( 1713): eglMakeCurrent: 0xa6a85780: ver 2 0 (tinfo 0xa6a83640)
06-06 17:45:37.594 D/EGL_emulation( 1713): eglMakeCurrent: 0xa6a85780: ver 2 0 (tinfo 0xa6a83640)
06-06 17:45:37.598 D/EGL_emulation( 1713): eglMakeCurrent: 0xa6a85780: ver 2 0 (tinfo 0xa6a83640)
06-06 17:45:37.600 D/EGL_emulation( 1713): eglMakeCurrent: 0xa6a85780: ver 2 0 (tinfo 0xa6a83640)
06-06 17:45:37.615 I/ActivityManager( 1631): Displayed com.evancharlton.mileage/.Mileage: +200ms
06-06 17:45:37.615 D/gralloc_ranchu( 1348): gralloc_alloc: Creating ashmem region of size 9023488
06-06 17:45:37.615 D/EGL_emulation( 1713): eglMakeCurrent: 0xa6a85780: ver 2 0 (tinfo 0xa6a83640)
06-06 17:45:37.627 D/EGL_emulation( 1713): eglMakeCurrent: 0xa6a85780: ver 2 0 (tinfo 0xa6a83640)
06-06 17:45:37.638 D/EGL_emulation( 1713): eglMakeCurrent: 0xa6a85780: ver 2 0 (tinfo 0xa6a83640)
06-06 17:45:37.641 D/EGL_emulation( 1713): eglMakeCurrent: 0xa6a85780: ver 2 0 (tinfo 0xa6a83640)
06-06 17:45:37.652 D/EGL_emulation( 1713): eglMakeCurrent: 0xa6a85780: ver 2 0 (tinfo 0xa6a83640)
06-06 17:45:37.654 D/EGL_emulation( 1713): eglMakeCurrent: 0xa6a85780: ver 2 0 (tinfo 0xa6a83640)
06-06 17:45:37.654 V/PhoneStatusBar( 1713): setLightsOn(true)
06-06 17:45:37.665 D/EGL_emulation( 1713): eglMakeCurrent: 0xa6a85780: ver 2 0 (tinfo 0xa6a83640)
06-06 17:45:37.667 D/EGL_emulation( 1713): eglMakeCurrent: 0xa6a85780: ver 2 0 (tinfo 0xa6a83640)
06-06 17:45:37.671 I/System.out(17327): URI: //map
06-06 17:45:37.671 I/System.out(17327): params: {json={"query":"* marked:'Statistics'","operation":{"method_name":"query","arguments":[]}}
06-06 17:45:37.671 I/System.out(17327): }
06-06 17:45:37.681 D/EGL_emulation( 1713): eglMakeCurrent: 0xa6a85780: ver 2 0 (tinfo 0xa6a83640)
06-06 17:45:37.683 D/EGL_emulation( 1713): eglMakeCurrent: 0xa6a85780: ver 2 0 (tinfo 0xa6a83640)
06-06 17:45:37.684 W/ResourceType(17327): No package identifier when getting name for resource number 0x00000001
06-06 17:45:37.696 I/System.out(17327): URI: //gesture
06-06 17:45:37.696 I/System.out(17327): params: {json={"query_timeout":5.0,"gestures":[{"query_string":"* marked:'Statistics'","touches":[{"x":50,"y":50,"offset_x":0,"offset_y":0,"wait":0.0,"time":0.2,"release":true,"query_string":null}]}]}
06-06 17:45:37.696 I/System.out(17327): }
06-06 17:45:37.698 D/EGL_emulation( 1713): eglMakeCurrent: 0xa6a85780: ver 2 0 (tinfo 0xa6a83640)
06-06 17:45:37.698 V/PhoneStatusBar( 1713): setLightsOn(true)
06-06 17:45:37.702 W/ResourceType(17327): No package identifier when getting name for resource number 0x00000001
06-06 17:45:37.815 I/WindowManager( 1631): Destroying surface Surface(name=Starting com.evancharlton.mileage) called by com.android.server.wm.WindowStateAnimator.destroySurface:2016 com.android.server.wm.WindowStateAnimator.destroySurfaceLocked:882 com.android.server.wm.WindowState.destroyOrSaveSurface:2100 com.android.server.wm.AppWindowToken.destroySurfaces:363 com.android.server.wm.WindowStateAnimator.finishExit:565 com.android.server.wm.WindowStateAnimator.stepAnimationLocked:491 com.android.server.wm.WindowAnimator.updateWindowsLocked:303 com.android.server.wm.WindowAnimator.animateLocked:704 
06-06 17:45:37.817 V/PhoneStatusBar( 1713): setLightsOn(true)
06-06 17:45:37.848 V/PhoneStatusBar( 1713): setLightsOn(true)
06-06 17:45:37.933 I/calabash(17327): newActivity1
06-06 17:45:37.941 I/System.out(17327): URI: //map
06-06 17:45:37.941 I/System.out(17327): params: {json={"query":"android.widget.ScrollView index:0","operation":{"method_name":"query","arguments":[]}}
06-06 17:45:37.941 I/System.out(17327): }
06-06 17:45:37.947 W/ActivityManager( 1631): Bad activity token: android.os.BinderProxy@42cef76
06-06 17:45:37.947 W/ActivityManager( 1631): java.lang.ClassCastException: android.os.BinderProxy cannot be cast to com.android.server.am.ActivityRecord$Token
06-06 17:45:37.947 W/ActivityManager( 1631): 	at com.android.server.am.ActivityRecord.forTokenLocked(ActivityRecord.java:586)
06-06 17:45:37.947 W/ActivityManager( 1631): 	at com.android.server.am.ActivityRecord.isInStackLocked(ActivityRecord.java:1327)
06-06 17:45:37.947 W/ActivityManager( 1631): 	at com.android.server.am.ActivityRecord.getStackLocked(ActivityRecord.java:1332)
06-06 17:45:37.947 W/ActivityManager( 1631): 	at com.android.server.am.ActivityManagerService.getActivityDisplayId(ActivityManagerService.java:9806)
06-06 17:45:37.947 W/ActivityManager( 1631): 	at android.app.ActivityManagerNative.onTransact(ActivityManagerNative.java:2566)
06-06 17:45:37.947 W/ActivityManager( 1631): 	at com.android.server.am.ActivityManagerService.onTransact(ActivityManagerService.java:2757)
06-06 17:45:37.947 W/ActivityManager( 1631): 	at android.os.Binder.execTransact(Binder.java:565)
06-06 17:45:37.948 W/ActivityManager( 1631): Bad activity token: android.os.BinderProxy@42cef76
06-06 17:45:37.948 W/ActivityManager( 1631): java.lang.ClassCastException: android.os.BinderProxy cannot be cast to com.android.server.am.ActivityRecord$Token
06-06 17:45:37.948 W/ActivityManager( 1631): 	at com.android.server.am.ActivityRecord.forTokenLocked(ActivityRecord.java:586)
06-06 17:45:37.948 W/ActivityManager( 1631): 	at com.android.server.am.ActivityRecord.isInStackLocked(ActivityRecord.java:1327)
06-06 17:45:37.948 W/ActivityManager( 1631): 	at com.android.server.am.ActivityManagerService.setTaskDescription(ActivityManagerService.java:9358)
06-06 17:45:37.948 W/ActivityManager( 1631): 	at android.app.ActivityManagerNative.onTransact(ActivityManagerNative.java:2639)
06-06 17:45:37.948 W/ActivityManager( 1631): 	at com.android.server.am.ActivityManagerService.onTransact(ActivityManagerService.java:2757)
06-06 17:45:37.948 W/ActivityManager( 1631): 	at android.os.Binder.execTransact(Binder.java:565)
06-06 17:45:37.948 V/PhoneStatusBar( 1713): setLightsOn(true)
06-06 17:45:37.948 W/ActivityManager( 1631): Bad activity token: android.os.BinderProxy@42cef76
06-06 17:45:37.948 W/ActivityManager( 1631): java.lang.ClassCastException: android.os.BinderProxy cannot be cast to com.android.server.am.ActivityRecord$Token
06-06 17:45:37.948 W/ActivityManager( 1631): 	at com.android.server.am.ActivityRecord.forTokenLocked(ActivityRecord.java:586)
06-06 17:45:37.948 W/ActivityManager( 1631): 	at com.android.server.am.ActivityRecord.isInStackLocked(ActivityRecord.java:1327)
06-06 17:45:37.948 W/ActivityManager( 1631): 	at com.android.server.am.ActivityRecord.getStackLocked(ActivityRecord.java:1332)
06-06 17:45:37.948 W/ActivityManager( 1631): 	at com.android.server.am.ActivityManagerService.getActivityStackId(ActivityManagerService.java:9817)
06-06 17:45:37.948 W/ActivityManager( 1631): 	at android.app.ActivityManagerNative.onTransact(ActivityManagerNative.java:2856)
06-06 17:45:37.948 W/ActivityManager( 1631): 	at com.android.server.am.ActivityManagerService.onTransact(ActivityManagerService.java:2757)
06-06 17:45:37.948 W/ActivityManager( 1631): 	at android.os.Binder.execTransact(Binder.java:565)
06-06 17:45:37.955 D/VehicleStatisticsActivity(17327): Checking recalculation ...
06-06 17:45:37.956 D/VehicleStatisticsActivity(17327): Recalculation not necessary.
06-06 17:45:37.965 W/ActivityManager( 1631): Bad activity token: android.os.BinderProxy@42cef76
06-06 17:45:37.965 W/ActivityManager( 1631): java.lang.ClassCastException: android.os.BinderProxy cannot be cast to com.android.server.am.ActivityRecord$Token
06-06 17:45:37.965 W/ActivityManager( 1631): 	at com.android.server.am.ActivityRecord.forTokenLocked(ActivityRecord.java:586)
06-06 17:45:37.965 W/ActivityManager( 1631): 	at com.android.server.am.ActivityRecord.isInStackLocked(ActivityRecord.java:1327)
06-06 17:45:37.965 W/ActivityManager( 1631): 	at com.android.server.am.ActivityManagerService.getActivityOptions(ActivityManagerService.java:12559)
06-06 17:45:37.965 W/ActivityManager( 1631): 	at android.app.ActivityManagerNative.onTransact(ActivityManagerNative.java:1933)
06-06 17:45:37.965 W/ActivityManager( 1631): 	at com.android.server.am.ActivityManagerService.onTransact(ActivityManagerService.java:2757)
06-06 17:45:37.965 W/ActivityManager( 1631): 	at android.os.Binder.execTransact(Binder.java:565)
06-06 17:45:37.965 W/ActivityManager( 1631): Bad activity token: android.os.BinderProxy@42cef76
06-06 17:45:37.965 W/ActivityManager( 1631): java.lang.ClassCastException: android.os.BinderProxy cannot be cast to com.android.server.am.ActivityRecord$Token
06-06 17:45:37.965 W/ActivityManager( 1631): 	at com.android.server.am.ActivityRecord.forTokenLocked(ActivityRecord.java:586)
06-06 17:45:37.965 W/ActivityManager( 1631): 	at com.android.server.am.ActivityRecord.isInStackLocked(ActivityRecord.java:1327)
06-06 17:45:37.965 W/ActivityManager( 1631): 	at com.android.server.am.ActivityManagerService.getActivityOptions(ActivityManagerService.java:12559)
06-06 17:45:37.965 W/ActivityManager( 1631): 	at android.app.ActivityManagerNative.onTransact(ActivityManagerNative.java:1933)
06-06 17:45:37.965 W/ActivityManager( 1631): 	at com.android.server.am.ActivityManagerService.onTransact(ActivityManagerService.java:2757)
06-06 17:45:37.965 W/ActivityManager( 1631): 	at android.os.Binder.execTransact(Binder.java:565)
06-06 17:45:37.967 D/VehicleStatisticsActivity(17327): Checking recalculation ...
06-06 17:45:37.967 D/VehicleStatisticsActivity(17327): Recalculation not necessary.
06-06 17:45:38.120 I/System.out(17327): URI: //map
06-06 17:45:38.120 I/System.out(17327): params: {json={"query":"android.widget.AbsListView index:0","operation":{"method_name":"query","arguments":[]}}
06-06 17:45:38.120 I/System.out(17327): }
06-06 17:45:38.136 I/art     (17327): Do partial code cache collection, code=30KB, data=29KB
06-06 17:45:38.136 I/art     (17327): After code cache collection, code=29KB, data=28KB
06-06 17:45:38.136 I/art     (17327): Increasing code cache capacity to 128KB
06-06 17:45:38.164 I/System.out(17327): URI: //map
06-06 17:45:38.164 I/System.out(17327): params: {json={"query":"android.widget.AbsListView index:0","operation":{"method_name":"query","arguments":[]}}
06-06 17:45:38.164 I/System.out(17327): }
06-06 17:45:38.210 I/System.out(17327): URI: //map
06-06 17:45:38.210 I/System.out(17327): params: {json={"query":"android.widget.AbsListView index:0","operation":{"method_name":"query","arguments":[]}}
06-06 17:45:38.210 I/System.out(17327): }
06-06 17:45:38.232 V/PhoneStatusBar( 1713): setLightsOn(true)
06-06 17:45:38.233 V/PhoneStatusBar( 1713): setLightsOn(true)
06-06 17:45:38.236 W/OpenGLRenderer( 2106): Incorrectly called buildLayer on View: ShortcutAndWidgetContainer, destroying layer...
06-06 17:45:38.247 I/System.out(17327): URI: //map
06-06 17:45:38.247 I/System.out(17327): params: {json={"query":"android.widget.AbsListView index:0","operation":{"method_name":"query","arguments":["getFirstVisiblePosition"]}}
06-06 17:45:38.247 I/System.out(17327): }
06-06 17:45:38.249 I/WindowManager( 1631): Destroying surface Surface(name=com.android.launcher3/com.android.launcher3.Launcher) called by com.android.server.wm.WindowStateAnimator.destroySurface:2016 com.android.server.wm.WindowStateAnimator.destroySurfaceLocked:882 com.android.server.wm.WindowState.destroyOrSaveSurface:2100 com.android.server.wm.AppWindowToken.destroySurfaces:363 com.android.server.wm.AppWindowToken.notifyAppStopped:389 com.android.server.wm.WindowManagerService.notifyAppStopped:4463 com.android.server.am.ActivityStack.activityStoppedLocked:1252 com.android.server.am.ActivityManagerService.activityStopped:6903 
06-06 17:45:38.250 V/PhoneStatusBar( 1713): setLightsOn(true)
06-06 17:45:38.267 I/System.out(17327): URI: //map
06-06 17:45:38.267 I/System.out(17327): params: {json={"query":"android.widget.AbsListView index:0","operation":{"method_name":"query","arguments":["getLastVisiblePosition"]}}
06-06 17:45:38.267 I/System.out(17327): }
06-06 17:45:38.288 I/System.out(17327): URI: //map
06-06 17:45:38.288 I/System.out(17327): params: {json={"query":"android.widget.AbsListView index:0","operation":{"method_name":"query","arguments":[{"method_name":"setSelection","arguments":[26]}]}}
06-06 17:45:38.288 I/System.out(17327): }
06-06 17:45:38.320 I/System.out(17327): URI: //map
06-06 17:45:38.320 I/System.out(17327): params: {json={"query":"* marked:'East'","operation":{"method_name":"query","arguments":[]}}
06-06 17:45:38.320 I/System.out(17327): }
06-06 17:45:38.366 D/gralloc_ranchu( 1348): gralloc_alloc: Creating ashmem region of size 9023488
06-06 17:45:38.419 W/ResourceType(17327): No package identifier when getting name for resource number 0x00000001
06-06 17:45:38.445 I/System.out(17327): URI: //gesture
06-06 17:45:38.445 I/System.out(17327): params: {json={"query_timeout":5.0,"gestures":[{"query_string":"* marked:'East'","touches":[{"x":50,"y":50,"offset_x":0,"offset_y":0,"wait":0.0,"time":0.2,"release":true,"query_string":null}]}]}
06-06 17:45:38.445 I/System.out(17327): }
06-06 17:45:38.451 W/ResourceType(17327): No package identifier when getting name for resource number 0x00000001
06-06 17:45:38.682 I/ActivityManager( 1631): START u0 {cmp=com.evancharlton.mileage/.charts.EastChart (has extras)} from uid 10728 on display 0
06-06 17:45:38.684 V/PhoneStatusBar( 1713): setLightsOn(true)
06-06 17:45:38.684 V/PhoneStatusBar( 1713): setLightsOn(true)
06-06 17:45:38.693 I/System.out(17327): URI: //map
06-06 17:45:38.693 I/System.out(17327): params: {json={"query":"* {text CONTAINS[c] 'Farthest east fillup'}","operation":{"method_name":"query","arguments":[]}}
06-06 17:45:38.693 I/System.out(17327): }
06-06 17:45:38.730 I/calabash(17327): newActivity1
06-06 17:45:38.734 W/aiCharts(17327): License file is invalid or missing. 
06-06 17:45:38.734 W/aiCharts(17327): Please place proper license.lic to /assets folder.
06-06 17:45:38.746 V/PhoneStatusBar( 1713): setLightsOn(true)
06-06 17:45:38.798 V/PhoneStatusBar( 1713): setLightsOn(true)
06-06 17:45:38.811 I/WindowManager( 1631): Destroying surface Surface(name=Creating chart…) called by com.android.server.wm.WindowStateAnimator.destroySurface:2016 com.android.server.wm.WindowStateAnimator.destroySurfaceLocked:882 com.android.server.wm.WindowState.removeLocked:1456 com.android.server.wm.WindowManagerService.removeWindowInnerLocked:2484 com.android.server.wm.WindowManagerService.removeWindowLocked:2442 com.android.server.wm.WindowManagerService.removeWindowLocked:2311 com.android.server.wm.WindowManagerService.removeWindow:2306 com.android.server.wm.Session.remove:202 
06-06 17:45:38.815 V/PhoneStatusBar( 1713): setLightsOn(true)
06-06 17:45:38.816 D/gralloc_ranchu( 1348): gralloc_alloc: Creating ashmem region of size 9023488
06-06 17:45:38.842 I/ActivityManager( 1631): Displayed com.evancharlton.mileage/.charts.EastChart: +115ms
06-06 17:45:38.848 V/PhoneStatusBar( 1713): setLightsOn(true)
06-06 17:45:38.881 V/PhoneStatusBar( 1713): setLightsOn(true)
06-06 17:45:38.898 V/PhoneStatusBar( 1713): setLightsOn(true)
06-06 17:45:39.082 V/PhoneStatusBar( 1713): setLightsOn(true)
06-06 17:45:39.124 I/System.out(17327): URI: //map
06-06 17:45:39.124 I/System.out(17327): params: {json={"query":"* {text CONTAINS[c] 'Farthest east fillup'}","operation":{"method_name":"query","arguments":[]}}
06-06 17:45:39.124 I/System.out(17327): }
06-06 17:45:39.184 I/System.out(17327): URI: //
06-06 17:45:39.184 I/System.out(17327): params: {json={"command":"press_key","arguments":["KEYCODE_BACK"]}
06-06 17:45:39.184 I/System.out(17327): }
06-06 17:45:39.184 I/System.out(17327): header: {content-type=application/json;charset=utf-8, date=Sat, 06 Jun 2020 22:45:39 GMT, accept=*/*, host=127.0.0.1:34784, content-length=52, user-agent=HTTPClient/1.0 (2.8.3, ruby 2.5.1 (2018-03-29))}
06-06 17:45:39.184 I/System.out(17327): params: {json={"command":"press_key","arguments":["KEYCODE_BACK"]}
06-06 17:45:39.184 I/System.out(17327): }
06-06 17:45:39.184 I/System.out(17327): ProP json = {"command":"press_key","arguments":["KEYCODE_BACK"]}
06-06 17:45:39.184 I/System.out(17327): files: {}
06-06 17:45:39.184 I/System.out(17327): command: {"command":"press_key","arguments":["KEYCODE_BACK"]}
06-06 17:45:39.188 I/InstrumentationBackend(17327): Got command:'Command:'Line:null,press_key', arguments:'[KEYCODE_BACK]'
06-06 17:45:39.197 V/PhoneStatusBar( 1713): setLightsOn(true)
06-06 17:45:39.212 I/art     (17327): Do partial code cache collection, code=60KB, data=62KB
06-06 17:45:39.212 I/art     (17327): After code cache collection, code=59KB, data=61KB
06-06 17:45:39.212 I/art     (17327): Increasing code cache capacity to 256KB
06-06 17:45:39.214 D/VehicleStatisticsActivity(17327): Checking recalculation ...
06-06 17:45:39.215 V/PhoneStatusBar( 1713): setLightsOn(true)
06-06 17:45:39.217 I/System.out(17327): result:{"bonusInformation":[],"message":"","success":true}
06-06 17:45:39.217 D/VehicleStatisticsActivity(17327): Recalculation not necessary.
06-06 17:45:39.226 I/System.out(17327): URI: //map
06-06 17:45:39.226 I/System.out(17327): params: {json={"query":"* {text CONTAINS[c] 'Statistics'}","operation":{"method_name":"query","arguments":[]}}
06-06 17:45:39.226 I/System.out(17327): }
06-06 17:45:39.234 V/PhoneStatusBar( 1713): setLightsOn(true)
06-06 17:45:39.251 V/PhoneStatusBar( 1713): setLightsOn(true)
06-06 17:45:39.254 D/gralloc_ranchu( 1348): gralloc_alloc: Creating ashmem region of size 9023488
06-06 17:45:39.365 V/PhoneStatusBar( 1713): setLightsOn(true)
