--------- beginning of main
06-05 12:37:41.096 D/EGL_emulation( 1792): eglMakeCurrent: 0x992abea0: ver 2 0 (tinfo 0xa5a6f110)
06-05 12:37:41.098 D/EGL_emulation( 1792): eglMakeCurrent: 0x992abea0: ver 2 0 (tinfo 0xa5a6f110)
06-05 12:37:41.099 D/EGL_emulation( 2389): eglMakeCurrent: 0xb1284ec0: ver 2 0 (tinfo 0x98c170c0)
06-05 12:37:41.100 W/OpenGLRenderer( 2389): Incorrectly called buildLayer on View: ShortcutAndWidgetContainer, destroying layer...
06-05 12:37:41.113 D/EGL_emulation( 1792): eglMakeCurrent: 0x992abea0: ver 2 0 (tinfo 0xa5a6f110)
06-05 12:37:41.115 D/EGL_emulation( 1792): eglMakeCurrent: 0x992abea0: ver 2 0 (tinfo 0xa5a6f110)
06-05 12:37:41.130 D/EGL_emulation( 1792): eglMakeCurrent: 0x992abea0: ver 2 0 (tinfo 0xa5a6f110)
06-05 12:37:41.133 D/EGL_emulation( 1792): eglMakeCurrent: 0x992abea0: ver 2 0 (tinfo 0xa5a6f110)
06-05 12:37:41.146 D/EGL_emulation( 1792): eglMakeCurrent: 0x992abea0: ver 2 0 (tinfo 0xa5a6f110)
06-05 12:37:41.148 D/EGL_emulation( 1792): eglMakeCurrent: 0x992abea0: ver 2 0 (tinfo 0xa5a6f110)
06-05 12:37:41.163 D/EGL_emulation( 1792): eglMakeCurrent: 0x992abea0: ver 2 0 (tinfo 0xa5a6f110)
06-05 12:37:41.164 D/EGL_emulation( 1792): eglMakeCurrent: 0x992abea0: ver 2 0 (tinfo 0xa5a6f110)
06-05 12:37:41.180 D/EGL_emulation( 1792): eglMakeCurrent: 0x992abea0: ver 2 0 (tinfo 0xa5a6f110)
06-05 12:37:41.181 D/EGL_emulation( 1792): eglMakeCurrent: 0x992abea0: ver 2 0 (tinfo 0xa5a6f110)
06-05 12:37:41.196 D/EGL_emulation( 1792): eglMakeCurrent: 0x992abea0: ver 2 0 (tinfo 0xa5a6f110)
06-05 12:37:41.198 D/EGL_emulation( 1792): eglMakeCurrent: 0x992abea0: ver 2 0 (tinfo 0xa5a6f110)
06-05 12:37:41.213 D/EGL_emulation( 1792): eglMakeCurrent: 0x992abea0: ver 2 0 (tinfo 0xa5a6f110)
06-05 12:37:41.215 D/EGL_emulation( 1792): eglMakeCurrent: 0x992abea0: ver 2 0 (tinfo 0xa5a6f110)
06-05 12:37:41.230 D/EGL_emulation( 1792): eglMakeCurrent: 0x992abea0: ver 2 0 (tinfo 0xa5a6f110)
06-05 12:37:41.231 D/AndroidRuntime(15325): >>>>>> START com.android.internal.os.RuntimeInit uid 2000 <<<<<<
06-05 12:37:41.231 D/EGL_emulation( 1792): eglMakeCurrent: 0x992abea0: ver 2 0 (tinfo 0xa5a6f110)
06-05 12:37:41.232 D/AndroidRuntime(15325): CheckJNI is ON
06-05 12:37:41.242 W/art     (15325): Unexpected CPU variant for X86 using defaults: x86
06-05 12:37:41.244 D/ICU     (15325): No timezone override file found: /data/misc/zoneinfo/current/icu/icu_tzdata.dat
06-05 12:37:41.246 D/EGL_emulation( 1792): eglMakeCurrent: 0x992abea0: ver 2 0 (tinfo 0xa5a6f110)
06-05 12:37:41.248 D/EGL_emulation( 1792): eglMakeCurrent: 0x992abea0: ver 2 0 (tinfo 0xa5a6f110)
06-05 12:37:41.251 E/memtrack(15325): Couldn't load memtrack module (No such file or directory)
06-05 12:37:41.251 E/android.os.Debug(15325): failed to load memtrack module: -2
06-05 12:37:41.251 I/Radio-JNI(15325): register_android_hardware_Radio DONE
06-05 12:37:41.255 D/AndroidRuntime(15325): Calling main entry com.android.commands.am.Am
--------- beginning of system
06-05 12:37:41.256 I/ActivityManager( 1659): Force stopping com.evancharlton.mileage appid=10082 user=0: start instr
06-05 12:37:41.259 I/art     (15335): Not late-enabling -Xcheck:jni (already on)
06-05 12:37:41.259 W/art     (15335): Unexpected CPU variant for X86 using defaults: x86
06-05 12:37:41.263 D/EGL_emulation( 1792): eglMakeCurrent: 0x992abea0: ver 2 0 (tinfo 0xa5a6f110)
06-05 12:37:41.264 D/EGL_emulation( 1792): eglMakeCurrent: 0x992abea0: ver 2 0 (tinfo 0xa5a6f110)
06-05 12:37:41.267 I/ActivityManager( 1659): Start proc 15335:com.evancharlton.mileage/u0a82 for added application com.evancharlton.mileage
06-05 12:37:41.267 D/AndroidRuntime(15325): Shutting down VM
06-05 12:37:41.271 W/System  (15335): ClassLoader referenced unknown path: /data/app/com.evancharlton.mileage.test-1/lib/x86
06-05 12:37:41.271 W/System  (15335): ClassLoader referenced unknown path: /data/app/com.evancharlton.mileage-1/lib/x86
06-05 12:37:41.272 W/System  (15335): ClassLoader referenced unknown path: 
06-05 12:37:41.276 I/System.out(15335): Main activity name automatically set to: com.evancharlton.mileage.Mileage
06-05 12:37:41.276 I/System.out(15335): Calabash did not load Mono. This is only a problem if you are trying to test a Mono application
06-05 12:37:41.276 I/calabash(15335): Test server port: 7102
06-05 12:37:41.276 I/InstrumentationBackend(15335): Added:'GetPreferences', with key:'get_preferences'
06-05 12:37:41.279 D/EGL_emulation( 1792): eglMakeCurrent: 0x992abea0: ver 2 0 (tinfo 0xa5a6f110)
06-05 12:37:41.280 I/InstrumentationBackend(15335): Added:'SetPreferences', with key:'set_preferences'
06-05 12:37:41.280 I/InstrumentationBackend(15335): Added:'ClearPreferences', with key:'clear_preferences'
06-05 12:37:41.280 I/InstrumentationBackend(15335): Added:'PressElement', with key:'press_l10n_element'
06-05 12:37:41.280 I/InstrumentationBackend(15335): Added:'WaitForElement', with key:'wait_for_l10n_element'
06-05 12:37:41.280 I/InstrumentationBackend(15335): Added:'NullAction', with key:'nullAction'
06-05 12:37:41.281 I/InstrumentationBackend(15335): Added:'PressKey', with key:'press_key'
06-05 12:37:41.281 I/InstrumentationBackend(15335): Added:'SetActivityOrientation', with key:'set_activity_orientation'
06-05 12:37:41.281 I/InstrumentationBackend(15335): Added:'GetActivityOrientation', with key:'get_activity_orientation'
06-05 12:37:41.281 I/InstrumentationBackend(15335): Added:'FakeGPSLocation', with key:'set_gps_coordinates'
06-05 12:37:41.281 I/InstrumentationBackend(15335): Added:'SetPropertyByCssSelector', with key:'set_property_by_css_selector'
06-05 12:37:41.281 I/InstrumentationBackend(15335): Added:'GetUrl', with key:'get_url'
06-05 12:37:41.281 I/InstrumentationBackend(15335): Added:'ScrollTo', with key:'scroll_to'
06-05 12:37:41.281 I/InstrumentationBackend(15335): Added:'GetLoadProgress', with key:'get_load_progress'
06-05 12:37:41.281 I/InstrumentationBackend(15335): Added:'DumpHtml', with key:'dump_html'
06-05 12:37:41.281 I/InstrumentationBackend(15335): Added:'DumpBodyHtml', with key:'dump_body_html'
06-05 12:37:41.281 I/InstrumentationBackend(15335): Added:'EnterTextByCssSelector', with key:'enter_text_by_selector'
06-05 12:37:41.281 I/InstrumentationBackend(15335): Added:'AndroidSDKVersion', with key:'android_sdk_version'
06-05 12:37:41.281 D/EGL_emulation( 1792): eglMakeCurrent: 0x992abea0: ver 2 0 (tinfo 0xa5a6f110)
06-05 12:37:41.281 I/InstrumentationBackend(15335): Added:'Version', with key:'version'
06-05 12:37:41.281 I/InstrumentationBackend(15335): Added:'Drag', with key:'drag'
06-05 12:37:41.281 I/InstrumentationBackend(15335): Added:'TouchCoordinates', with key:'touch_coordinate'
06-05 12:37:41.281 I/InstrumentationBackend(15335): Added:'LongPressCoordinate', with key:'long_press_coordinate'
06-05 12:37:41.282 I/InstrumentationBackend(15335): Added:'DragCoordinates', with key:'drag_coordinates'
06-05 12:37:41.282 I/InstrumentationBackend(15335): Added:'ResumeApplication', with key:'resume_application'
06-05 12:37:41.282 I/InstrumentationBackend(15335): Added:'Swipe', with key:'swipe'
06-05 12:37:41.282 I/InstrumentationBackend(15335): Added:'DoubleTapCoordinate', with key:'double_tap_coordinate'
06-05 12:37:41.282 I/InstrumentationBackend(15335): Added:'ClickOnScreen', with key:'click_on_screen'
06-05 12:37:41.282 I/InstrumentationBackend(15335): Added:'GetActivityName', with key:'get_activity_name'
06-05 12:37:41.282 I/InstrumentationBackend(15335): Added:'ScrollToView', with key:'scroll_to_view'
06-05 12:37:41.282 I/InstrumentationBackend(15335): Added:'ViewConfiguration', with key:'view_configuration'
06-05 12:37:41.282 I/InstrumentationBackend(15335): Added:'IsCurrentActivityFocused', with key:'is_current_activity_focused'
06-05 12:37:41.282 I/InstrumentationBackend(15335): Added:'SendTcp', with key:'send_tcp'
06-05 12:37:41.282 I/InstrumentationBackend(15335): Added:'DpToDevicePixel', with key:'dp_to_device_pixel'
06-05 12:37:41.282 I/InstrumentationBackend(15335): Added:'KeyboardEnterText', with key:'keyboard_enter_text'
06-05 12:37:41.282 I/InstrumentationBackend(15335): Added:'DeleteSurroundingText', with key:'delete_surrounding_text'
06-05 12:37:41.282 I/InstrumentationBackend(15335): Added:'SetComposingRegion', with key:'set_composing_region'
06-05 12:37:41.282 I/InstrumentationBackend(15335): Added:'SetSelection', with key:'set_selection'
06-05 12:37:41.282 I/InstrumentationBackend(15335): Added:'KeyboardKeyEvent', with key:'keyboard_key_event'
06-05 12:37:41.282 I/InstrumentationBackend(15335): Added:'PressUserActionButton', with key:'press_user_action_button'
06-05 12:37:41.282 I/InstrumentationBackend(15335): Added:'HideSoftKeyboard', with key:'hide_soft_keyboard'
06-05 12:37:41.282 I/InstrumentationBackend(15335): Added:'ListActions', with key:'list_actions'
06-05 12:37:41.282 I/calabash(15335): Instantiating http server at 7102
06-05 12:37:41.283 I/System.out(15335): HTTP Daemon listening on: 7102
06-05 12:37:41.297 D/EGL_emulation( 1792): eglMakeCurrent: 0x992abea0: ver 2 0 (tinfo 0xa5a6f110)
06-05 12:37:41.378 I/System.out(15335): URI: //ping
06-05 12:37:41.379 I/System.out(15335): params: {json={}
06-05 12:37:41.379 I/System.out(15335): }
06-05 12:37:41.387 I/System.out(15335): URI: //ping
06-05 12:37:41.387 I/System.out(15335): params: {json={}
06-05 12:37:41.387 I/System.out(15335): }
06-05 12:37:41.393 I/System.out(15335): URI: //ready
06-05 12:37:41.393 I/System.out(15335): params: {json={}
06-05 12:37:41.393 I/System.out(15335): }
06-05 12:37:41.399 I/System.out(15335): URI: //
06-05 12:37:41.399 I/System.out(15335): params: {json={"command":"version","arguments":[]}
06-05 12:37:41.399 I/System.out(15335): }
06-05 12:37:41.400 I/System.out(15335): header: {content-type=application/json;charset=utf-8, date=Fri, 05 Jun 2020 17:37:42 GMT, accept=*/*, host=127.0.0.1:34782, content-length=36, user-agent=HTTPClient/1.0 (2.8.3, ruby 2.5.1 (2018-03-29))}
06-05 12:37:41.400 I/System.out(15335): params: {json={"command":"version","arguments":[]}
06-05 12:37:41.400 I/System.out(15335): }
06-05 12:37:41.400 I/System.out(15335): ProP json = {"command":"version","arguments":[]}
06-05 12:37:41.400 I/System.out(15335): files: {}
06-05 12:37:41.400 I/System.out(15335): command: {"command":"version","arguments":[]}
06-05 12:37:41.410 I/InstrumentationBackend(15335): Got command:'Command:'Line:null,version', arguments:'[]'
06-05 12:37:41.423 I/System.out(15335): result:{"bonusInformation":[],"message":"0.9.8","success":true}
06-05 12:37:41.426 I/System.out(15335): URI: //start-application
06-05 12:37:41.426 I/System.out(15335): params: {json={"intent":null}
06-05 12:37:41.426 I/System.out(15335): }
06-05 12:37:41.437 I/ActivityManager( 1659): START u0 {act=android.intent.action.MAIN cat=[android.intent.category.LAUNCHER] flg=0x10200000 cmp=com.evancharlton.mileage/.Mileage} from uid 10082 on display 0
06-05 12:37:41.442 I/calabash(15335): newActivity1
06-05 12:37:41.451 I/calabash(15335): newActivity1
06-05 12:37:41.452 W/ActivityManager( 1659): Bad activity token: android.os.BinderProxy@81faa4
06-05 12:37:41.452 W/ActivityManager( 1659): java.lang.ClassCastException: android.os.BinderProxy cannot be cast to com.android.server.am.ActivityRecord$Token
06-05 12:37:41.452 W/ActivityManager( 1659): 	at com.android.server.am.ActivityRecord.forTokenLocked(ActivityRecord.java:586)
06-05 12:37:41.452 W/ActivityManager( 1659): 	at com.android.server.am.ActivityRecord.isInStackLocked(ActivityRecord.java:1327)
06-05 12:37:41.452 W/ActivityManager( 1659): 	at com.android.server.am.ActivityRecord.getStackLocked(ActivityRecord.java:1332)
06-05 12:37:41.452 W/ActivityManager( 1659): 	at com.android.server.am.ActivityManagerService.getActivityDisplayId(ActivityManagerService.java:9806)
06-05 12:37:41.452 W/ActivityManager( 1659): 	at android.app.ActivityManagerNative.onTransact(ActivityManagerNative.java:2566)
06-05 12:37:41.452 W/ActivityManager( 1659): 	at com.android.server.am.ActivityManagerService.onTransact(ActivityManagerService.java:2757)
06-05 12:37:41.452 W/ActivityManager( 1659): 	at android.os.Binder.execTransact(Binder.java:565)
06-05 12:37:41.453 W/ActivityManager( 1659): Bad activity token: android.os.BinderProxy@81faa4
06-05 12:37:41.453 W/ActivityManager( 1659): java.lang.ClassCastException: android.os.BinderProxy cannot be cast to com.android.server.am.ActivityRecord$Token
06-05 12:37:41.453 W/ActivityManager( 1659): 	at com.android.server.am.ActivityRecord.forTokenLocked(ActivityRecord.java:586)
06-05 12:37:41.453 W/ActivityManager( 1659): 	at com.android.server.am.ActivityRecord.isInStackLocked(ActivityRecord.java:1327)
06-05 12:37:41.453 W/ActivityManager( 1659): 	at com.android.server.am.ActivityManagerService.setTaskDescription(ActivityManagerService.java:9358)
06-05 12:37:41.453 W/ActivityManager( 1659): 	at android.app.ActivityManagerNative.onTransact(ActivityManagerNative.java:2639)
06-05 12:37:41.453 W/ActivityManager( 1659): 	at com.android.server.am.ActivityManagerService.onTransact(ActivityManagerService.java:2757)
06-05 12:37:41.453 W/ActivityManager( 1659): 	at android.os.Binder.execTransact(Binder.java:565)
06-05 12:37:41.453 W/ActivityManager( 1659): Bad activity token: android.os.BinderProxy@81faa4
06-05 12:37:41.453 W/ActivityManager( 1659): java.lang.ClassCastException: android.os.BinderProxy cannot be cast to com.android.server.am.ActivityRecord$Token
06-05 12:37:41.453 W/ActivityManager( 1659): 	at com.android.server.am.ActivityRecord.forTokenLocked(ActivityRecord.java:586)
06-05 12:37:41.453 W/ActivityManager( 1659): 	at com.android.server.am.ActivityRecord.isInStackLocked(ActivityRecord.java:1327)
06-05 12:37:41.453 W/ActivityManager( 1659): 	at com.android.server.am.ActivityRecord.getStackLocked(ActivityRecord.java:1332)
06-05 12:37:41.453 W/ActivityManager( 1659): 	at com.android.server.am.ActivityManagerService.getActivityStackId(ActivityManagerService.java:9817)
06-05 12:37:41.453 W/ActivityManager( 1659): 	at android.app.ActivityManagerNative.onTransact(ActivityManagerNative.java:2856)
06-05 12:37:41.453 W/ActivityManager( 1659): 	at com.android.server.am.ActivityManagerService.onTransact(ActivityManagerService.java:2757)
06-05 12:37:41.453 W/ActivityManager( 1659): 	at android.os.Binder.execTransact(Binder.java:565)
06-05 12:37:41.464 D/gralloc_ranchu( 1352): gralloc_alloc: Creating ashmem region of size 9023488
06-05 12:37:41.472 W/ActivityManager( 1659): Bad activity token: android.os.BinderProxy@81faa4
06-05 12:37:41.472 W/ActivityManager( 1659): java.lang.ClassCastException: android.os.BinderProxy cannot be cast to com.android.server.am.ActivityRecord$Token
06-05 12:37:41.472 W/ActivityManager( 1659): 	at com.android.server.am.ActivityRecord.forTokenLocked(ActivityRecord.java:586)
06-05 12:37:41.472 W/ActivityManager( 1659): 	at com.android.server.am.ActivityRecord.isInStackLocked(ActivityRecord.java:1327)
06-05 12:37:41.472 W/ActivityManager( 1659): 	at com.android.server.am.ActivityManagerService.getActivityOptions(ActivityManagerService.java:12559)
06-05 12:37:41.472 W/ActivityManager( 1659): 	at android.app.ActivityManagerNative.onTransact(ActivityManagerNative.java:1933)
06-05 12:37:41.472 W/ActivityManager( 1659): 	at com.android.server.am.ActivityManagerService.onTransact(ActivityManagerService.java:2757)
06-05 12:37:41.472 W/ActivityManager( 1659): 	at android.os.Binder.execTransact(Binder.java:565)
06-05 12:37:41.472 W/ActivityManager( 1659): Bad activity token: android.os.BinderProxy@81faa4
06-05 12:37:41.472 W/ActivityManager( 1659): java.lang.ClassCastException: android.os.BinderProxy cannot be cast to com.android.server.am.ActivityRecord$Token
06-05 12:37:41.472 W/ActivityManager( 1659): 	at com.android.server.am.ActivityRecord.forTokenLocked(ActivityRecord.java:586)
06-05 12:37:41.472 W/ActivityManager( 1659): 	at com.android.server.am.ActivityRecord.isInStackLocked(ActivityRecord.java:1327)
06-05 12:37:41.472 W/ActivityManager( 1659): 	at com.android.server.am.ActivityManagerService.getActivityOptions(ActivityManagerService.java:12559)
06-05 12:37:41.472 W/ActivityManager( 1659): 	at android.app.ActivityManagerNative.onTransact(ActivityManagerNative.java:1933)
06-05 12:37:41.472 W/ActivityManager( 1659): 	at com.android.server.am.ActivityManagerService.onTransact(ActivityManagerService.java:2757)
06-05 12:37:41.472 W/ActivityManager( 1659): 	at android.os.Binder.execTransact(Binder.java:565)
06-05 12:37:41.485 V/PhoneStatusBar( 1792): setLightsOn(true)
06-05 12:37:41.498 D/EGL_emulation( 2389): eglMakeCurrent: 0xb1284ec0: ver 2 0 (tinfo 0x98c170c0)
06-05 12:37:41.498 D/EGL_emulation( 1792): eglMakeCurrent: 0x992abea0: ver 2 0 (tinfo 0xa5a6f110)
06-05 12:37:41.513 D/gralloc_ranchu( 1352): gralloc_alloc: Creating ashmem region of size 9023488
06-05 12:37:41.514 D/EGL_emulation( 1792): eglMakeCurrent: 0x992abea0: ver 2 0 (tinfo 0xa5a6f110)
06-05 12:37:41.518 D/        (15335): HostConnection::get() New Host Connection established 0x99fb2480, tid 15335
06-05 12:37:41.519 D/EGL_emulation( 1792): eglMakeCurrent: 0x992abea0: ver 2 0 (tinfo 0xa5a6f110)
06-05 12:37:41.519 V/PhoneStatusBar( 1792): setLightsOn(true)
06-05 12:37:41.543 D/EGL_emulation( 1792): eglMakeCurrent: 0x992abea0: ver 2 0 (tinfo 0xa5a6f110)
06-05 12:37:41.545 D/EGL_emulation( 1792): eglMakeCurrent: 0x992abea0: ver 2 0 (tinfo 0xa5a6f110)
06-05 12:37:41.547 D/EGL_emulation( 1792): eglMakeCurrent: 0x992abea0: ver 2 0 (tinfo 0xa5a6f110)
06-05 12:37:41.548 D/EGL_emulation( 1792): eglMakeCurrent: 0x992abea0: ver 2 0 (tinfo 0xa5a6f110)
06-05 12:37:41.556 I/ActivityManager( 1659): Displayed com.evancharlton.mileage/.Mileage: +116ms
06-05 12:37:41.563 D/EGL_emulation( 1792): eglMakeCurrent: 0x992abea0: ver 2 0 (tinfo 0xa5a6f110)
06-05 12:37:41.563 D/gralloc_ranchu( 1352): gralloc_alloc: Creating ashmem region of size 9023488
06-05 12:37:41.575 D/EGL_emulation( 1792): eglMakeCurrent: 0x992abea0: ver 2 0 (tinfo 0xa5a6f110)
06-05 12:37:41.584 D/EGL_emulation( 1792): eglMakeCurrent: 0x992abea0: ver 2 0 (tinfo 0xa5a6f110)
06-05 12:37:41.586 D/EGL_emulation( 1792): eglMakeCurrent: 0x992abea0: ver 2 0 (tinfo 0xa5a6f110)
06-05 12:37:41.586 V/PhoneStatusBar( 1792): setLightsOn(true)
06-05 12:37:41.596 D/EGL_emulation( 1792): eglMakeCurrent: 0x992abea0: ver 2 0 (tinfo 0xa5a6f110)
06-05 12:37:41.598 D/EGL_emulation( 1792): eglMakeCurrent: 0x992abea0: ver 2 0 (tinfo 0xa5a6f110)
06-05 12:37:41.602 I/System.out(15335): URI: //map
06-05 12:37:41.602 I/System.out(15335): params: {json={"query":"* marked:'Statistics'","operation":{"method_name":"query","arguments":[]}}
06-05 12:37:41.602 I/System.out(15335): }
06-05 12:37:41.613 W/ResourceType(15335): No package identifier when getting name for resource number 0x00000001
06-05 12:37:41.613 D/EGL_emulation( 1792): eglMakeCurrent: 0x992abea0: ver 2 0 (tinfo 0xa5a6f110)
06-05 12:37:41.614 D/EGL_emulation( 1792): eglMakeCurrent: 0x992abea0: ver 2 0 (tinfo 0xa5a6f110)
06-05 12:37:41.626 I/System.out(15335): URI: //gesture
06-05 12:37:41.626 I/System.out(15335): params: {json={"query_timeout":5.0,"gestures":[{"query_string":"* marked:'Statistics'","touches":[{"x":50,"y":50,"offset_x":0,"offset_y":0,"wait":0.0,"time":0.2,"release":true,"query_string":null}]}]}
06-05 12:37:41.626 I/System.out(15335): }
06-05 12:37:41.630 D/EGL_emulation( 1792): eglMakeCurrent: 0x992abea0: ver 2 0 (tinfo 0xa5a6f110)
06-05 12:37:41.630 W/ResourceType(15335): No package identifier when getting name for resource number 0x00000001
06-05 12:37:41.632 D/EGL_emulation( 1792): eglMakeCurrent: 0x992abea0: ver 2 0 (tinfo 0xa5a6f110)
06-05 12:37:41.647 D/EGL_emulation( 1792): eglMakeCurrent: 0x992abea0: ver 2 0 (tinfo 0xa5a6f110)
06-05 12:37:41.654 D/EGL_emulation( 1792): eglMakeCurrent: 0x992abea0: ver 2 0 (tinfo 0xa5a6f110)
06-05 12:37:41.664 D/EGL_emulation( 1792): eglMakeCurrent: 0x992abea0: ver 2 0 (tinfo 0xa5a6f110)
06-05 12:37:41.668 D/EGL_emulation( 1792): eglMakeCurrent: 0x992abea0: ver 2 0 (tinfo 0xa5a6f110)
06-05 12:37:41.680 D/EGL_emulation( 1792): eglMakeCurrent: 0x992abea0: ver 2 0 (tinfo 0xa5a6f110)
06-05 12:37:41.681 D/EGL_emulation( 1792): eglMakeCurrent: 0x992abea0: ver 2 0 (tinfo 0xa5a6f110)
06-05 12:37:41.697 D/EGL_emulation( 1792): eglMakeCurrent: 0x992abea0: ver 2 0 (tinfo 0xa5a6f110)
06-05 12:37:41.699 D/EGL_emulation( 1792): eglMakeCurrent: 0x992abea0: ver 2 0 (tinfo 0xa5a6f110)
06-05 12:37:41.713 D/EGL_emulation( 1792): eglMakeCurrent: 0x992abea0: ver 2 0 (tinfo 0xa5a6f110)
06-05 12:37:41.747 I/WindowManager( 1659): Destroying surface Surface(name=Starting com.evancharlton.mileage) called by com.android.server.wm.WindowStateAnimator.destroySurface:2016 com.android.server.wm.WindowStateAnimator.destroySurfaceLocked:882 com.android.server.wm.WindowState.destroyOrSaveSurface:2100 com.android.server.wm.AppWindowToken.destroySurfaces:363 com.android.server.wm.WindowStateAnimator.finishExit:565 com.android.server.wm.WindowStateAnimator.stepAnimationLocked:491 com.android.server.wm.WindowAnimator.updateWindowsLocked:303 com.android.server.wm.WindowAnimator.animateLocked:704 
06-05 12:37:41.752 V/PhoneStatusBar( 1792): setLightsOn(true)
06-05 12:37:41.756 V/PhoneStatusBar( 1792): setLightsOn(true)
06-05 12:37:41.870 I/calabash(15335): newActivity1
06-05 12:37:41.895 I/System.out(15335): URI: //map
06-05 12:37:41.895 I/System.out(15335): params: {json={"query":"android.widget.ScrollView index:0","operation":{"method_name":"query","arguments":[]}}
06-05 12:37:41.895 I/System.out(15335): }
06-05 12:37:41.901 W/ActivityManager( 1659): Bad activity token: android.os.BinderProxy@e516972
06-05 12:37:41.901 W/ActivityManager( 1659): java.lang.ClassCastException: android.os.BinderProxy cannot be cast to com.android.server.am.ActivityRecord$Token
06-05 12:37:41.901 W/ActivityManager( 1659): 	at com.android.server.am.ActivityRecord.forTokenLocked(ActivityRecord.java:586)
06-05 12:37:41.901 W/ActivityManager( 1659): 	at com.android.server.am.ActivityRecord.isInStackLocked(ActivityRecord.java:1327)
06-05 12:37:41.901 W/ActivityManager( 1659): 	at com.android.server.am.ActivityRecord.getStackLocked(ActivityRecord.java:1332)
06-05 12:37:41.901 W/ActivityManager( 1659): 	at com.android.server.am.ActivityManagerService.getActivityDisplayId(ActivityManagerService.java:9806)
06-05 12:37:41.901 W/ActivityManager( 1659): 	at android.app.ActivityManagerNative.onTransact(ActivityManagerNative.java:2566)
06-05 12:37:41.901 W/ActivityManager( 1659): 	at com.android.server.am.ActivityManagerService.onTransact(ActivityManagerService.java:2757)
06-05 12:37:41.901 W/ActivityManager( 1659): 	at android.os.Binder.execTransact(Binder.java:565)
06-05 12:37:41.902 W/ActivityManager( 1659): Bad activity token: android.os.BinderProxy@e516972
06-05 12:37:41.902 W/ActivityManager( 1659): java.lang.ClassCastException: android.os.BinderProxy cannot be cast to com.android.server.am.ActivityRecord$Token
06-05 12:37:41.902 W/ActivityManager( 1659): 	at com.android.server.am.ActivityRecord.forTokenLocked(ActivityRecord.java:586)
06-05 12:37:41.902 W/ActivityManager( 1659): 	at com.android.server.am.ActivityRecord.isInStackLocked(ActivityRecord.java:1327)
06-05 12:37:41.902 W/ActivityManager( 1659): 	at com.android.server.am.ActivityManagerService.setTaskDescription(ActivityManagerService.java:9358)
06-05 12:37:41.902 W/ActivityManager( 1659): 	at android.app.ActivityManagerNative.onTransact(ActivityManagerNative.java:2639)
06-05 12:37:41.902 W/ActivityManager( 1659): 	at com.android.server.am.ActivityManagerService.onTransact(ActivityManagerService.java:2757)
06-05 12:37:41.902 W/ActivityManager( 1659): 	at android.os.Binder.execTransact(Binder.java:565)
06-05 12:37:41.902 W/ActivityManager( 1659): Bad activity token: android.os.BinderProxy@e516972
06-05 12:37:41.902 W/ActivityManager( 1659): java.lang.ClassCastException: android.os.BinderProxy cannot be cast to com.android.server.am.ActivityRecord$Token
06-05 12:37:41.902 W/ActivityManager( 1659): 	at com.android.server.am.ActivityRecord.forTokenLocked(ActivityRecord.java:586)
06-05 12:37:41.902 W/ActivityManager( 1659): 	at com.android.server.am.ActivityRecord.isInStackLocked(ActivityRecord.java:1327)
06-05 12:37:41.902 W/ActivityManager( 1659): 	at com.android.server.am.ActivityRecord.getStackLocked(ActivityRecord.java:1332)
06-05 12:37:41.902 W/ActivityManager( 1659): 	at com.android.server.am.ActivityManagerService.getActivityStackId(ActivityManagerService.java:9817)
06-05 12:37:41.902 W/ActivityManager( 1659): 	at android.app.ActivityManagerNative.onTransact(ActivityManagerNative.java:2856)
06-05 12:37:41.902 W/ActivityManager( 1659): 	at com.android.server.am.ActivityManagerService.onTransact(ActivityManagerService.java:2757)
06-05 12:37:41.902 W/ActivityManager( 1659): 	at android.os.Binder.execTransact(Binder.java:565)
06-05 12:37:41.908 D/VehicleStatisticsActivity(15335): Checking recalculation ...
06-05 12:37:41.909 D/VehicleStatisticsActivity(15335): Recalculating statistics
06-05 12:37:41.909 D/VehicleStatisticsTask(15335): Calculation starting...
06-05 12:37:41.909 D/VehicleStatisticsActivity(15335): Recalculation started!
06-05 12:37:41.910 D/AndroidRuntime(15335): Shutting down VM
--------- beginning of crash
06-05 12:37:41.910 E/AndroidRuntime(15335): FATAL EXCEPTION: main
06-05 12:37:41.910 E/AndroidRuntime(15335): Process: com.evancharlton.mileage, PID: 15335
06-05 12:37:41.910 E/AndroidRuntime(15335): java.lang.RuntimeException: Unable to start activity ComponentInfo{com.evancharlton.mileage/com.evancharlton.mileage.VehicleStatisticsActivity}: java.lang.NullPointerException: Attempt to invoke virtual method 'void android.widget.ListView.setAdapter(android.widget.ListAdapter)' on a null object reference
06-05 12:37:41.910 E/AndroidRuntime(15335): 	at android.app.ActivityThread.performLaunchActivity(ActivityThread.java:2646)
06-05 12:37:41.910 E/AndroidRuntime(15335): 	at android.app.ActivityThread.startActivityNow(ActivityThread.java:2446)
06-05 12:37:41.910 E/AndroidRuntime(15335): 	at android.app.LocalActivityManager.moveToState(LocalActivityManager.java:136)
06-05 12:37:41.910 E/AndroidRuntime(15335): 	at android.app.LocalActivityManager.startActivity(LocalActivityManager.java:348)
06-05 12:37:41.910 E/AndroidRuntime(15335): 	at android.widget.TabHost$IntentContentStrategy.getContentView(TabHost.java:724)
06-05 12:37:41.910 E/AndroidRuntime(15335): 	at android.widget.TabHost.setCurrentTab(TabHost.java:388)
06-05 12:37:41.910 E/AndroidRuntime(15335): 	at android.widget.TabHost$2.onTabSelectionChanged(TabHost.java:158)
06-05 12:37:41.910 E/AndroidRuntime(15335): 	at android.widget.TabWidget$TabClickListener.onClick(TabWidget.java:532)
06-05 12:37:41.910 E/AndroidRuntime(15335): 	at android.view.View.performClick(View.java:5610)
06-05 12:37:41.910 E/AndroidRuntime(15335): 	at android.view.View$PerformClick.run(View.java:22265)
06-05 12:37:41.910 E/AndroidRuntime(15335): 	at android.os.Handler.handleCallback(Handler.java:751)
06-05 12:37:41.910 E/AndroidRuntime(15335): 	at android.os.Handler.dispatchMessage(Handler.java:95)
06-05 12:37:41.910 E/AndroidRuntime(15335): 	at android.os.Looper.loop(Looper.java:154)
06-05 12:37:41.910 E/AndroidRuntime(15335): 	at android.app.ActivityThread.main(ActivityThread.java:6077)
06-05 12:37:41.910 E/AndroidRuntime(15335): 	at java.lang.reflect.Method.invoke(Native Method)
06-05 12:37:41.910 E/AndroidRuntime(15335): 	at com.android.internal.os.ZygoteInit$MethodAndArgsCaller.run(ZygoteInit.java:866)
06-05 12:37:41.910 E/AndroidRuntime(15335): 	at com.android.internal.os.ZygoteInit.main(ZygoteInit.java:756)
06-05 12:37:41.910 E/AndroidRuntime(15335): Caused by: java.lang.NullPointerException: Attempt to invoke virtual method 'void android.widget.ListView.setAdapter(android.widget.ListAdapter)' on a null object reference
06-05 12:37:41.910 E/AndroidRuntime(15335): 	at com.evancharlton.mileage.VehicleStatisticsActivity.setAdapter(VehicleStatisticsActivity.java:200)
06-05 12:37:41.910 E/AndroidRuntime(15335): 	at com.evancharlton.mileage.VehicleStatisticsActivity.recalculate(VehicleStatisticsActivity.java:175)
06-05 12:37:41.910 E/AndroidRuntime(15335): 	at com.evancharlton.mileage.VehicleStatisticsActivity.onCreate(VehicleStatisticsActivity.java:131)
06-05 12:37:41.910 E/AndroidRuntime(15335): 	at android.app.Activity.performCreate(Activity.java:6662)
06-05 12:37:41.910 E/AndroidRuntime(15335): 	at android.app.Instrumentation.callActivityOnCreate(Instrumentation.java:1118)
06-05 12:37:41.910 E/AndroidRuntime(15335): 	at android.app.ActivityThread.performLaunchActivity(ActivityThread.java:2599)
06-05 12:37:41.910 E/AndroidRuntime(15335): 	... 16 more
06-05 12:37:41.910 I/Process (15335): Sending signal. PID: 15335 SIG: 9
06-05 12:37:41.930 V/PhoneStatusBar( 1792): setLightsOn(true)
06-05 12:37:41.967 I/WindowManager( 1659): WIN DEATH: Window{3cc03c5 u0 com.evancharlton.mileage/com.evancharlton.mileage.Mileage}
06-05 12:37:41.967 I/WindowManager( 1659): Destroying surface Surface(name=com.evancharlton.mileage/com.evancharlton.mileage.Mileage) called by com.android.server.wm.WindowStateAnimator.destroySurface:2016 com.android.server.wm.WindowStateAnimator.destroySurfaceLocked:882 com.android.server.wm.WindowState.removeLocked:1456 com.android.server.wm.WindowManagerService.removeWindowInnerLocked:2484 com.android.server.wm.WindowManagerService.removeWindowLocked:2442 com.android.server.wm.WindowState$DeathRecipient.binderDied:1787 android.os.BinderProxy.sendDeathNotice:688 <bottom of call stack> 
06-05 12:37:41.967 I/ActivityManager( 1659): Process com.evancharlton.mileage (pid 15335) has died
06-05 12:37:41.967 D/ActivityManager( 1659): cleanUpApplicationRecord -- 15335
06-05 12:37:41.967 W/ActivityManager( 1659): Scheduling restart of crashed service com.evancharlton.mileage/.services.AutomaticBackupService in 1000ms
06-05 12:37:41.968 W/ActivityManager( 1659): Force removing ActivityRecord{f2c9b55 u0 com.evancharlton.mileage/.Mileage t152}: app died, no saved state
06-05 12:37:41.972 W/ActivityManager( 1659): Crash of app com.evancharlton.mileage running instrumentation ComponentInfo{com.evancharlton.mileage.test/sh.calaba.instrumentationbackend.CalabashInstrumentationTestRunner}
06-05 12:37:41.972 I/ActivityManager( 1659): Force stopping com.evancharlton.mileage appid=10082 user=0: finished inst
06-05 12:37:41.973 I/ActivityManager( 1659):   Force stopping service ServiceRecord{1c8aabe u0 com.evancharlton.mileage/.services.AutomaticBackupService}
06-05 12:37:41.978 V/PhoneStatusBar( 1792): setLightsOn(true)
