--------- beginning of system
06-05 23:00:38.825 W/ActivityManager( 1631): Finishing task with all activities already finished
06-05 23:00:38.825 W/ActivityManager( 1631): Duplicate finish request for ActivityRecord{56bd908 u0 com.evancharlton.mileage/.Mileage t9014 f}
--------- beginning of main
06-05 23:00:38.833 V/PhoneStatusBar( 1712): setLightsOn(true)
06-05 23:00:38.834 D/gralloc_ranchu( 1347): gralloc_alloc: Creating ashmem region of size 3145728
06-05 23:00:38.845 E/EGL_emulation( 1347): tid 1347: eglCreateSyncKHR(1901): error 0x3004 (EGL_BAD_ATTRIBUTE)
06-05 23:00:38.859 W/ActivityManager( 1631): Finishing task with all activities already finished
06-05 23:00:38.859 W/ActivityManager( 1631): Duplicate finish request for ActivityRecord{56bd908 u0 com.evancharlton.mileage/.Mileage t9014 f}
06-05 23:00:38.859 W/ActivityManager( 1631): Finishing task with all activities already finished
06-05 23:00:38.859 W/ActivityManager( 1631): Duplicate finish request for ActivityRecord{56bd908 u0 com.evancharlton.mileage/.Mileage t9014 f}
06-05 23:00:38.860 W/ActivityManager( 1631): Finishing task with all activities already finished
06-05 23:00:38.860 W/ActivityManager( 1631): Duplicate finish request for ActivityRecord{56bd908 u0 com.evancharlton.mileage/.Mileage t9014 f}
06-05 23:00:38.860 W/ActivityManager( 1631): Finishing task with all activities already finished
06-05 23:00:38.860 W/ActivityManager( 1631): Duplicate finish request for ActivityRecord{56bd908 u0 com.evancharlton.mileage/.Mileage t9014 f}
06-05 23:00:38.860 W/ActivityManager( 1631): Finishing task with all activities already finished
06-05 23:00:38.860 W/ActivityManager( 1631): Duplicate finish request for ActivityRecord{68f7cb2 u0 com.evancharlton.mileage/.charts.MinimumCostChart t9014 f}
06-05 23:00:38.860 W/ActivityManager( 1631): Finishing task with all activities already finished
06-05 23:00:38.860 W/ActivityManager( 1631): Duplicate finish request for ActivityRecord{68f7cb2 u0 com.evancharlton.mileage/.charts.MinimumCostChart t9014 f}
06-05 23:00:38.860 W/ActivityManager( 1631): Finishing task with all activities already finished
06-05 23:00:38.860 W/ActivityManager( 1631): Duplicate finish request for ActivityRecord{56bd908 u0 com.evancharlton.mileage/.Mileage t9014 f}
06-05 23:00:38.861 W/ActivityManager( 1631): Finishing task with all activities already finished
06-05 23:00:38.861 W/ActivityManager( 1631): Duplicate finish request for ActivityRecord{56bd908 u0 com.evancharlton.mileage/.Mileage t9014 f}
06-05 23:00:38.903 D/EGL_emulation( 2076): eglMakeCurrent: 0xb0685360: ver 2 0 (tinfo 0xb06836b0)
06-05 23:00:38.904 D/EGL_emulation( 1712): eglMakeCurrent: 0xb0685360: ver 2 0 (tinfo 0xb06836c0)
06-05 23:00:38.917 D/EGL_emulation( 1712): eglMakeCurrent: 0xb0685360: ver 2 0 (tinfo 0xb06836c0)
06-05 23:00:38.935 D/EGL_emulation( 1712): eglMakeCurrent: 0xb0685360: ver 2 0 (tinfo 0xb06836c0)
06-05 23:00:38.950 D/EGL_emulation( 1712): eglMakeCurrent: 0xb0685360: ver 2 0 (tinfo 0xb06836c0)
06-05 23:00:38.952 D/EGL_emulation( 1712): eglMakeCurrent: 0xb0685360: ver 2 0 (tinfo 0xb06836c0)
06-05 23:00:38.967 D/EGL_emulation( 1712): eglMakeCurrent: 0xb0685360: ver 2 0 (tinfo 0xb06836c0)
06-05 23:00:38.969 D/EGL_emulation( 1712): eglMakeCurrent: 0xb0685360: ver 2 0 (tinfo 0xb06836c0)
06-05 23:00:38.983 D/EGL_emulation( 1712): eglMakeCurrent: 0xb0685360: ver 2 0 (tinfo 0xb06836c0)
06-05 23:00:38.986 D/EGL_emulation( 1712): eglMakeCurrent: 0xb0685360: ver 2 0 (tinfo 0xb06836c0)
06-05 23:00:39.000 D/EGL_emulation( 1712): eglMakeCurrent: 0xb0685360: ver 2 0 (tinfo 0xb06836c0)
06-05 23:00:39.002 D/EGL_emulation( 1712): eglMakeCurrent: 0xb0685360: ver 2 0 (tinfo 0xb06836c0)
06-05 23:00:39.017 D/EGL_emulation( 1712): eglMakeCurrent: 0xb0685360: ver 2 0 (tinfo 0xb06836c0)
06-05 23:00:39.019 D/EGL_emulation( 1712): eglMakeCurrent: 0xb0685360: ver 2 0 (tinfo 0xb06836c0)
06-05 23:00:39.034 D/EGL_emulation( 1712): eglMakeCurrent: 0xb0685360: ver 2 0 (tinfo 0xb06836c0)
06-05 23:00:39.035 D/EGL_emulation( 1712): eglMakeCurrent: 0xb0685360: ver 2 0 (tinfo 0xb06836c0)
06-05 23:00:39.050 D/EGL_emulation( 1712): eglMakeCurrent: 0xb0685360: ver 2 0 (tinfo 0xb06836c0)
06-05 23:00:39.053 D/EGL_emulation( 1712): eglMakeCurrent: 0xb0685360: ver 2 0 (tinfo 0xb06836c0)
06-05 23:00:39.062 D/AndroidRuntime(12823): >>>>>> START com.android.internal.os.RuntimeInit uid 2000 <<<<<<
06-05 23:00:39.063 D/AndroidRuntime(12823): CheckJNI is ON
06-05 23:00:39.067 D/EGL_emulation( 1712): eglMakeCurrent: 0xb0685360: ver 2 0 (tinfo 0xb06836c0)
06-05 23:00:39.068 D/EGL_emulation( 1712): eglMakeCurrent: 0xb0685360: ver 2 0 (tinfo 0xb06836c0)
06-05 23:00:39.074 W/art     (12823): Unexpected CPU variant for X86 using defaults: x86
06-05 23:00:39.076 D/ICU     (12823): No timezone override file found: /data/misc/zoneinfo/current/icu/icu_tzdata.dat
06-05 23:00:39.084 D/EGL_emulation( 1712): eglMakeCurrent: 0xb0685360: ver 2 0 (tinfo 0xb06836c0)
06-05 23:00:39.084 E/memtrack(12823): Couldn't load memtrack module (No such file or directory)
06-05 23:00:39.084 E/android.os.Debug(12823): failed to load memtrack module: -2
06-05 23:00:39.084 I/Radio-JNI(12823): register_android_hardware_Radio DONE
06-05 23:00:39.085 D/EGL_emulation( 1712): eglMakeCurrent: 0xb0685360: ver 2 0 (tinfo 0xb06836c0)
06-05 23:00:39.089 D/AndroidRuntime(12823): Calling main entry com.android.commands.am.Am
06-05 23:00:39.090 I/ActivityManager( 1631): Force stopping com.evancharlton.mileage appid=10326 user=0: start instr
06-05 23:00:39.090 I/ActivityManager( 1631): Killing 12778:com.evancharlton.mileage/u0a326 (adj 0): stop com.evancharlton.mileage
06-05 23:00:39.090 D/ActivityManager( 1631): cleanUpApplicationRecord -- 12778
06-05 23:00:39.091 I/WindowManager( 1631): Destroying surface Surface(name=com.evancharlton.mileage/com.evancharlton.mileage.charts.MinimumCostChart) called by com.android.server.wm.WindowStateAnimator.destroySurface:2016 com.android.server.wm.WindowStateAnimator.destroySurfaceLocked:882 com.android.server.wm.WindowState.removeLocked:1456 com.android.server.wm.WindowManagerService.removeWindowInnerLocked:2484 com.android.server.wm.WindowManagerService.removeWindowLocked:2442 com.android.server.wm.WindowManagerService.removeWindowLocked:2311 com.android.server.wm.AppWindowToken.removeAllWindows:530 com.android.server.wm.AppWindowToken.removeAppFromTaskLocked:326 
06-05 23:00:39.092 W/ActivityManager( 1631): Crash of app com.evancharlton.mileage running instrumentation ComponentInfo{com.evancharlton.mileage.test/sh.calaba.instrumentationbackend.CalabashInstrumentationTestRunner}
06-05 23:00:39.092 I/ActivityManager( 1631): Force stopping com.evancharlton.mileage appid=10326 user=0: finished inst
06-05 23:00:39.095 I/art     (12833): Not late-enabling -Xcheck:jni (already on)
06-05 23:00:39.095 W/art     (12833): Unexpected CPU variant for X86 using defaults: x86
06-05 23:00:39.101 D/EGL_emulation( 1712): eglMakeCurrent: 0xb0685360: ver 2 0 (tinfo 0xb06836c0)
06-05 23:00:39.103 I/ActivityManager( 1631): Start proc 12833:com.evancharlton.mileage/u0a326 for added application com.evancharlton.mileage
06-05 23:00:39.103 D/AndroidRuntime(12823): Shutting down VM
06-05 23:00:39.108 W/System  (12833): ClassLoader referenced unknown path: /data/app/com.evancharlton.mileage.test-1/lib/x86
06-05 23:00:39.108 W/System  (12833): ClassLoader referenced unknown path: /data/app/com.evancharlton.mileage-1/lib/x86
06-05 23:00:39.110 W/System  (12833): ClassLoader referenced unknown path: 
06-05 23:00:39.114 I/System.out(12833): Main activity name automatically set to: com.evancharlton.mileage.Mileage
06-05 23:00:39.114 I/System.out(12833): Calabash did not load Mono. This is only a problem if you are trying to test a Mono application
06-05 23:00:39.114 I/calabash(12833): Test server port: 7102
06-05 23:00:39.115 I/InstrumentationBackend(12833): Added:'GetPreferences', with key:'get_preferences'
06-05 23:00:39.117 D/EGL_emulation( 1712): eglMakeCurrent: 0xb0685360: ver 2 0 (tinfo 0xb06836c0)
06-05 23:00:39.118 D/EGL_emulation( 1712): eglMakeCurrent: 0xb0685360: ver 2 0 (tinfo 0xb06836c0)
06-05 23:00:39.119 I/InstrumentationBackend(12833): Added:'SetPreferences', with key:'set_preferences'
06-05 23:00:39.119 I/InstrumentationBackend(12833): Added:'ClearPreferences', with key:'clear_preferences'
06-05 23:00:39.119 I/InstrumentationBackend(12833): Added:'PressElement', with key:'press_l10n_element'
06-05 23:00:39.119 I/InstrumentationBackend(12833): Added:'WaitForElement', with key:'wait_for_l10n_element'
06-05 23:00:39.119 I/InstrumentationBackend(12833): Added:'NullAction', with key:'nullAction'
06-05 23:00:39.119 I/InstrumentationBackend(12833): Added:'PressKey', with key:'press_key'
06-05 23:00:39.119 I/InstrumentationBackend(12833): Added:'SetActivityOrientation', with key:'set_activity_orientation'
06-05 23:00:39.119 I/InstrumentationBackend(12833): Added:'GetActivityOrientation', with key:'get_activity_orientation'
06-05 23:00:39.119 I/InstrumentationBackend(12833): Added:'FakeGPSLocation', with key:'set_gps_coordinates'
06-05 23:00:39.119 I/InstrumentationBackend(12833): Added:'SetPropertyByCssSelector', with key:'set_property_by_css_selector'
06-05 23:00:39.119 I/InstrumentationBackend(12833): Added:'GetUrl', with key:'get_url'
06-05 23:00:39.119 I/InstrumentationBackend(12833): Added:'ScrollTo', with key:'scroll_to'
06-05 23:00:39.120 I/InstrumentationBackend(12833): Added:'GetLoadProgress', with key:'get_load_progress'
06-05 23:00:39.120 I/InstrumentationBackend(12833): Added:'DumpHtml', with key:'dump_html'
06-05 23:00:39.120 I/InstrumentationBackend(12833): Added:'DumpBodyHtml', with key:'dump_body_html'
06-05 23:00:39.120 I/InstrumentationBackend(12833): Added:'EnterTextByCssSelector', with key:'enter_text_by_selector'
06-05 23:00:39.120 I/InstrumentationBackend(12833): Added:'AndroidSDKVersion', with key:'android_sdk_version'
06-05 23:00:39.120 I/InstrumentationBackend(12833): Added:'Version', with key:'version'
06-05 23:00:39.120 I/InstrumentationBackend(12833): Added:'Drag', with key:'drag'
06-05 23:00:39.120 I/InstrumentationBackend(12833): Added:'TouchCoordinates', with key:'touch_coordinate'
06-05 23:00:39.120 I/InstrumentationBackend(12833): Added:'LongPressCoordinate', with key:'long_press_coordinate'
06-05 23:00:39.120 I/InstrumentationBackend(12833): Added:'DragCoordinates', with key:'drag_coordinates'
06-05 23:00:39.120 I/InstrumentationBackend(12833): Added:'ResumeApplication', with key:'resume_application'
06-05 23:00:39.120 I/InstrumentationBackend(12833): Added:'Swipe', with key:'swipe'
06-05 23:00:39.120 I/InstrumentationBackend(12833): Added:'DoubleTapCoordinate', with key:'double_tap_coordinate'
06-05 23:00:39.120 I/InstrumentationBackend(12833): Added:'ClickOnScreen', with key:'click_on_screen'
06-05 23:00:39.120 I/InstrumentationBackend(12833): Added:'GetActivityName', with key:'get_activity_name'
06-05 23:00:39.120 I/InstrumentationBackend(12833): Added:'ScrollToView', with key:'scroll_to_view'
06-05 23:00:39.121 I/InstrumentationBackend(12833): Added:'ViewConfiguration', with key:'view_configuration'
06-05 23:00:39.121 I/InstrumentationBackend(12833): Added:'IsCurrentActivityFocused', with key:'is_current_activity_focused'
06-05 23:00:39.121 I/InstrumentationBackend(12833): Added:'SendTcp', with key:'send_tcp'
06-05 23:00:39.121 I/InstrumentationBackend(12833): Added:'DpToDevicePixel', with key:'dp_to_device_pixel'
06-05 23:00:39.121 I/InstrumentationBackend(12833): Added:'KeyboardEnterText', with key:'keyboard_enter_text'
06-05 23:00:39.121 I/InstrumentationBackend(12833): Added:'DeleteSurroundingText', with key:'delete_surrounding_text'
06-05 23:00:39.121 I/InstrumentationBackend(12833): Added:'SetComposingRegion', with key:'set_composing_region'
06-05 23:00:39.121 I/InstrumentationBackend(12833): Added:'SetSelection', with key:'set_selection'
06-05 23:00:39.121 I/InstrumentationBackend(12833): Added:'KeyboardKeyEvent', with key:'keyboard_key_event'
06-05 23:00:39.121 I/InstrumentationBackend(12833): Added:'PressUserActionButton', with key:'press_user_action_button'
06-05 23:00:39.121 I/InstrumentationBackend(12833): Added:'HideSoftKeyboard', with key:'hide_soft_keyboard'
06-05 23:00:39.121 I/InstrumentationBackend(12833): Added:'ListActions', with key:'list_actions'
06-05 23:00:39.121 I/calabash(12833): Instantiating http server at 7102
06-05 23:00:39.122 I/System.out(12833): HTTP Daemon listening on: 7102
06-05 23:00:39.134 D/EGL_emulation( 1712): eglMakeCurrent: 0xb0685360: ver 2 0 (tinfo 0xb06836c0)
06-05 23:00:39.135 D/EGL_emulation( 1712): eglMakeCurrent: 0xb0685360: ver 2 0 (tinfo 0xb06836c0)
06-05 23:00:39.153 I/WindowManager( 1631): WIN DEATH: Window{9a51377 u0 com.evancharlton.mileage/com.evancharlton.mileage.Mileage EXITING}
06-05 23:00:39.212 I/System.out(12833): URI: //ping
06-05 23:00:39.212 I/System.out(12833): params: {json={}
06-05 23:00:39.212 I/System.out(12833): }
06-05 23:00:39.215 I/System.out(12833): URI: //ping
06-05 23:00:39.215 I/System.out(12833): params: {json={}
06-05 23:00:39.215 I/System.out(12833): }
06-05 23:00:39.216 I/System.out(12833): URI: //ready
06-05 23:00:39.216 I/System.out(12833): params: {json={}
06-05 23:00:39.216 I/System.out(12833): }
06-05 23:00:39.219 I/System.out(12833): URI: //
06-05 23:00:39.219 I/System.out(12833): params: {json={"command":"version","arguments":[]}
06-05 23:00:39.219 I/System.out(12833): }
06-05 23:00:39.219 I/System.out(12833): header: {content-type=application/json;charset=utf-8, date=Sat, 06 Jun 2020 04:00:39 GMT, accept=*/*, host=127.0.0.1:34777, content-length=36, user-agent=HTTPClient/1.0 (2.8.3, ruby 2.5.1 (2018-03-29))}
06-05 23:00:39.219 I/System.out(12833): params: {json={"command":"version","arguments":[]}
06-05 23:00:39.219 I/System.out(12833): }
06-05 23:00:39.219 I/System.out(12833): ProP json = {"command":"version","arguments":[]}
06-05 23:00:39.219 I/System.out(12833): files: {}
06-05 23:00:39.219 I/System.out(12833): command: {"command":"version","arguments":[]}
06-05 23:00:39.221 I/InstrumentationBackend(12833): Got command:'Command:'Line:null,version', arguments:'[]'
06-05 23:00:39.228 I/System.out(12833): result:{"bonusInformation":[],"message":"0.9.8","success":true}
06-05 23:00:39.230 I/System.out(12833): URI: //start-application
06-05 23:00:39.230 I/System.out(12833): params: {json={"intent":null}
06-05 23:00:39.230 I/System.out(12833): }
06-05 23:00:39.238 I/ActivityManager( 1631): START u0 {act=android.intent.action.MAIN cat=[android.intent.category.LAUNCHER] flg=0x10200000 cmp=com.evancharlton.mileage/.Mileage} from uid 10326 on display 0
06-05 23:00:39.244 I/calabash(12833): newActivity1
06-05 23:00:39.254 I/calabash(12833): newActivity1
06-05 23:00:39.256 W/ActivityManager( 1631): Bad activity token: android.os.BinderProxy@e16f73f
06-05 23:00:39.256 W/ActivityManager( 1631): java.lang.ClassCastException: android.os.BinderProxy cannot be cast to com.android.server.am.ActivityRecord$Token
06-05 23:00:39.256 W/ActivityManager( 1631): 	at com.android.server.am.ActivityRecord.forTokenLocked(ActivityRecord.java:586)
06-05 23:00:39.256 W/ActivityManager( 1631): 	at com.android.server.am.ActivityRecord.isInStackLocked(ActivityRecord.java:1327)
06-05 23:00:39.256 W/ActivityManager( 1631): 	at com.android.server.am.ActivityRecord.getStackLocked(ActivityRecord.java:1332)
06-05 23:00:39.256 W/ActivityManager( 1631): 	at com.android.server.am.ActivityManagerService.getActivityDisplayId(ActivityManagerService.java:9806)
06-05 23:00:39.256 W/ActivityManager( 1631): 	at android.app.ActivityManagerNative.onTransact(ActivityManagerNative.java:2566)
06-05 23:00:39.256 W/ActivityManager( 1631): 	at com.android.server.am.ActivityManagerService.onTransact(ActivityManagerService.java:2757)
06-05 23:00:39.256 W/ActivityManager( 1631): 	at android.os.Binder.execTransact(Binder.java:565)
06-05 23:00:39.257 W/ActivityManager( 1631): Bad activity token: android.os.BinderProxy@e16f73f
06-05 23:00:39.257 W/ActivityManager( 1631): java.lang.ClassCastException: android.os.BinderProxy cannot be cast to com.android.server.am.ActivityRecord$Token
06-05 23:00:39.257 W/ActivityManager( 1631): 	at com.android.server.am.ActivityRecord.forTokenLocked(ActivityRecord.java:586)
06-05 23:00:39.257 W/ActivityManager( 1631): 	at com.android.server.am.ActivityRecord.isInStackLocked(ActivityRecord.java:1327)
06-05 23:00:39.257 W/ActivityManager( 1631): 	at com.android.server.am.ActivityManagerService.setTaskDescription(ActivityManagerService.java:9358)
06-05 23:00:39.257 W/ActivityManager( 1631): 	at android.app.ActivityManagerNative.onTransact(ActivityManagerNative.java:2639)
06-05 23:00:39.257 W/ActivityManager( 1631): 	at com.android.server.am.ActivityManagerService.onTransact(ActivityManagerService.java:2757)
06-05 23:00:39.257 W/ActivityManager( 1631): 	at android.os.Binder.execTransact(Binder.java:565)
06-05 23:00:39.257 W/ActivityManager( 1631): Bad activity token: android.os.BinderProxy@e16f73f
06-05 23:00:39.257 W/ActivityManager( 1631): java.lang.ClassCastException: android.os.BinderProxy cannot be cast to com.android.server.am.ActivityRecord$Token
06-05 23:00:39.257 W/ActivityManager( 1631): 	at com.android.server.am.ActivityRecord.forTokenLocked(ActivityRecord.java:586)
06-05 23:00:39.257 W/ActivityManager( 1631): 	at com.android.server.am.ActivityRecord.isInStackLocked(ActivityRecord.java:1327)
06-05 23:00:39.257 W/ActivityManager( 1631): 	at com.android.server.am.ActivityRecord.getStackLocked(ActivityRecord.java:1332)
06-05 23:00:39.257 W/ActivityManager( 1631): 	at com.android.server.am.ActivityManagerService.getActivityStackId(ActivityManagerService.java:9817)
06-05 23:00:39.257 W/ActivityManager( 1631): 	at android.app.ActivityManagerNative.onTransact(ActivityManagerNative.java:2856)
06-05 23:00:39.257 W/ActivityManager( 1631): 	at com.android.server.am.ActivityManagerService.onTransact(ActivityManagerService.java:2757)
06-05 23:00:39.257 W/ActivityManager( 1631): 	at android.os.Binder.execTransact(Binder.java:565)
06-05 23:00:39.267 D/gralloc_ranchu( 1347): gralloc_alloc: Creating ashmem region of size 9023488
06-05 23:00:39.280 W/ActivityManager( 1631): Bad activity token: android.os.BinderProxy@e16f73f
06-05 23:00:39.280 W/ActivityManager( 1631): java.lang.ClassCastException: android.os.BinderProxy cannot be cast to com.android.server.am.ActivityRecord$Token
06-05 23:00:39.280 W/ActivityManager( 1631): 	at com.android.server.am.ActivityRecord.forTokenLocked(ActivityRecord.java:586)
06-05 23:00:39.280 W/ActivityManager( 1631): 	at com.android.server.am.ActivityRecord.isInStackLocked(ActivityRecord.java:1327)
06-05 23:00:39.280 W/ActivityManager( 1631): 	at com.android.server.am.ActivityManagerService.getActivityOptions(ActivityManagerService.java:12559)
06-05 23:00:39.280 W/ActivityManager( 1631): 	at android.app.ActivityManagerNative.onTransact(ActivityManagerNative.java:1933)
06-05 23:00:39.280 W/ActivityManager( 1631): 	at com.android.server.am.ActivityManagerService.onTransact(ActivityManagerService.java:2757)
06-05 23:00:39.280 W/ActivityManager( 1631): 	at android.os.Binder.execTransact(Binder.java:565)
06-05 23:00:39.280 W/ActivityManager( 1631): Bad activity token: android.os.BinderProxy@e16f73f
06-05 23:00:39.280 W/ActivityManager( 1631): java.lang.ClassCastException: android.os.BinderProxy cannot be cast to com.android.server.am.ActivityRecord$Token
06-05 23:00:39.280 W/ActivityManager( 1631): 	at com.android.server.am.ActivityRecord.forTokenLocked(ActivityRecord.java:586)
06-05 23:00:39.280 W/ActivityManager( 1631): 	at com.android.server.am.ActivityRecord.isInStackLocked(ActivityRecord.java:1327)
06-05 23:00:39.280 W/ActivityManager( 1631): 	at com.android.server.am.ActivityManagerService.getActivityOptions(ActivityManagerService.java:12559)
06-05 23:00:39.280 W/ActivityManager( 1631): 	at android.app.ActivityManagerNative.onTransact(ActivityManagerNative.java:1933)
06-05 23:00:39.280 W/ActivityManager( 1631): 	at com.android.server.am.ActivityManagerService.onTransact(ActivityManagerService.java:2757)
06-05 23:00:39.280 W/ActivityManager( 1631): 	at android.os.Binder.execTransact(Binder.java:565)
06-05 23:00:39.305 V/PhoneStatusBar( 1712): setLightsOn(true)
06-05 23:00:39.317 D/gralloc_ranchu( 1347): gralloc_alloc: Creating ashmem region of size 9023488
06-05 23:00:39.318 D/EGL_emulation( 2076): eglMakeCurrent: 0xb0685360: ver 2 0 (tinfo 0xb06836b0)
06-05 23:00:39.323 D/EGL_emulation( 1712): eglMakeCurrent: 0xb0685360: ver 2 0 (tinfo 0xb06836c0)
06-05 23:00:39.323 D/        (12833): HostConnection::get() New Host Connection established 0x941a70c0, tid 12833
06-05 23:00:39.333 I/WindowManager( 1631): Destroying surface Surface(name=com.evancharlton.mileage/com.evancharlton.mileage.Mileage) called by com.android.server.wm.WindowStateAnimator.destroySurface:2016 com.android.server.wm.WindowStateAnimator.destroySurfaceLocked:882 com.android.server.wm.WindowState.removeLocked:1456 com.android.server.wm.WindowManagerService.removeWindowInnerLocked:2484 com.android.server.wm.AppWindowToken.destroySurfaces:365 com.android.server.wm.WindowStateAnimator.finishExit:565 com.android.server.wm.AppWindowAnimator.stepAnimationLocked:427 com.android.server.wm.WindowAnimator.updateAppWindowsLocked:196 
06-05 23:00:39.361 D/EGL_emulation( 1712): eglMakeCurrent: 0xb0685360: ver 2 0 (tinfo 0xb06836c0)
06-05 23:00:39.365 D/EGL_emulation( 1712): eglMakeCurrent: 0xb0685360: ver 2 0 (tinfo 0xb06836c0)
06-05 23:00:39.367 D/EGL_emulation( 1712): eglMakeCurrent: 0xb0685360: ver 2 0 (tinfo 0xb06836c0)
06-05 23:00:39.369 D/EGL_emulation( 1712): eglMakeCurrent: 0xb0685360: ver 2 0 (tinfo 0xb06836c0)
06-05 23:00:39.369 V/PhoneStatusBar( 1712): setLightsOn(true)
06-05 23:00:39.384 D/EGL_emulation( 1712): eglMakeCurrent: 0xb0685360: ver 2 0 (tinfo 0xb06836c0)
06-05 23:00:39.385 D/EGL_emulation( 1712): eglMakeCurrent: 0xb0685360: ver 2 0 (tinfo 0xb06836c0)
06-05 23:00:39.400 D/gralloc_ranchu( 1347): gralloc_alloc: Creating ashmem region of size 9023488
06-05 23:00:39.400 I/ActivityManager( 1631): Displayed com.evancharlton.mileage/.Mileage: +158ms
06-05 23:00:39.400 D/EGL_emulation( 1712): eglMakeCurrent: 0xb0685360: ver 2 0 (tinfo 0xb06836c0)
06-05 23:00:39.415 D/EGL_emulation( 1712): eglMakeCurrent: 0xb0685360: ver 2 0 (tinfo 0xb06836c0)
06-05 23:00:39.417 D/EGL_emulation( 1712): eglMakeCurrent: 0xb0685360: ver 2 0 (tinfo 0xb06836c0)
06-05 23:00:39.427 D/EGL_emulation( 1712): eglMakeCurrent: 0xb0685360: ver 2 0 (tinfo 0xb06836c0)
06-05 23:00:39.434 D/EGL_emulation( 1712): eglMakeCurrent: 0xb0685360: ver 2 0 (tinfo 0xb06836c0)
06-05 23:00:39.435 D/EGL_emulation( 1712): eglMakeCurrent: 0xb0685360: ver 2 0 (tinfo 0xb06836c0)
06-05 23:00:39.436 V/PhoneStatusBar( 1712): setLightsOn(true)
06-05 23:00:39.450 D/EGL_emulation( 1712): eglMakeCurrent: 0xb0685360: ver 2 0 (tinfo 0xb06836c0)
06-05 23:00:39.453 D/EGL_emulation( 1712): eglMakeCurrent: 0xb0685360: ver 2 0 (tinfo 0xb06836c0)
06-05 23:00:39.458 I/System.out(12833): URI: //map
06-05 23:00:39.459 I/System.out(12833): params: {json={"query":"* marked:'Statistics'","operation":{"method_name":"query","arguments":[]}}
06-05 23:00:39.459 I/System.out(12833): }
06-05 23:00:39.467 D/EGL_emulation( 1712): eglMakeCurrent: 0xb0685360: ver 2 0 (tinfo 0xb06836c0)
06-05 23:00:39.469 D/EGL_emulation( 1712): eglMakeCurrent: 0xb0685360: ver 2 0 (tinfo 0xb06836c0)
06-05 23:00:39.476 W/ResourceType(12833): No package identifier when getting name for resource number 0x00000001
06-05 23:00:39.484 D/EGL_emulation( 1712): eglMakeCurrent: 0xb0685360: ver 2 0 (tinfo 0xb06836c0)
06-05 23:00:39.487 D/EGL_emulation( 1712): eglMakeCurrent: 0xb0685360: ver 2 0 (tinfo 0xb06836c0)
06-05 23:00:39.491 I/System.out(12833): URI: //gesture
06-05 23:00:39.491 I/System.out(12833): params: {json={"query_timeout":5.0,"gestures":[{"query_string":"* marked:'Statistics'","touches":[{"x":50,"y":50,"offset_x":0,"offset_y":0,"wait":0.0,"time":0.2,"release":true,"query_string":null}]}]}
06-05 23:00:39.491 I/System.out(12833): }
06-05 23:00:39.496 W/ResourceType(12833): No package identifier when getting name for resource number 0x00000001
06-05 23:00:39.500 D/EGL_emulation( 1712): eglMakeCurrent: 0xb0685360: ver 2 0 (tinfo 0xb06836c0)
06-05 23:00:39.502 D/EGL_emulation( 1712): eglMakeCurrent: 0xb0685360: ver 2 0 (tinfo 0xb06836c0)
06-05 23:00:39.517 D/EGL_emulation( 1712): eglMakeCurrent: 0xb0685360: ver 2 0 (tinfo 0xb06836c0)
06-05 23:00:39.529 D/EGL_emulation( 1712): eglMakeCurrent: 0xb0685360: ver 2 0 (tinfo 0xb06836c0)
06-05 23:00:39.533 D/EGL_emulation( 1712): eglMakeCurrent: 0xb0685360: ver 2 0 (tinfo 0xb06836c0)
06-05 23:00:39.600 I/WindowManager( 1631): Destroying surface Surface(name=Starting com.evancharlton.mileage) called by com.android.server.wm.WindowStateAnimator.destroySurface:2016 com.android.server.wm.WindowStateAnimator.destroySurfaceLocked:882 com.android.server.wm.WindowState.destroyOrSaveSurface:2100 com.android.server.wm.AppWindowToken.destroySurfaces:363 com.android.server.wm.WindowStateAnimator.finishExit:565 com.android.server.wm.WindowStateAnimator.stepAnimationLocked:491 com.android.server.wm.WindowAnimator.updateWindowsLocked:303 com.android.server.wm.WindowAnimator.animateLocked:704 
06-05 23:00:39.601 V/PhoneStatusBar( 1712): setLightsOn(true)
06-05 23:00:39.633 V/PhoneStatusBar( 1712): setLightsOn(true)
06-05 23:00:39.736 I/calabash(12833): newActivity1
06-05 23:00:39.747 I/System.out(12833): URI: //map
06-05 23:00:39.747 I/System.out(12833): params: {json={"query":"* marked:'Maximum cost'","operation":{"method_name":"query","arguments":[]}}
06-05 23:00:39.747 I/System.out(12833): }
06-05 23:00:39.762 W/ActivityManager( 1631): Bad activity token: android.os.BinderProxy@8474dc5
06-05 23:00:39.762 W/ActivityManager( 1631): java.lang.ClassCastException: android.os.BinderProxy cannot be cast to com.android.server.am.ActivityRecord$Token
06-05 23:00:39.762 W/ActivityManager( 1631): 	at com.android.server.am.ActivityRecord.forTokenLocked(ActivityRecord.java:586)
06-05 23:00:39.762 W/ActivityManager( 1631): 	at com.android.server.am.ActivityRecord.isInStackLocked(ActivityRecord.java:1327)
06-05 23:00:39.762 W/ActivityManager( 1631): 	at com.android.server.am.ActivityRecord.getStackLocked(ActivityRecord.java:1332)
06-05 23:00:39.762 W/ActivityManager( 1631): 	at com.android.server.am.ActivityManagerService.getActivityDisplayId(ActivityManagerService.java:9806)
06-05 23:00:39.762 W/ActivityManager( 1631): 	at android.app.ActivityManagerNative.onTransact(ActivityManagerNative.java:2566)
06-05 23:00:39.762 W/ActivityManager( 1631): 	at com.android.server.am.ActivityManagerService.onTransact(ActivityManagerService.java:2757)
06-05 23:00:39.762 W/ActivityManager( 1631): 	at android.os.Binder.execTransact(Binder.java:565)
06-05 23:00:39.764 W/ActivityManager( 1631): Bad activity token: android.os.BinderProxy@8474dc5
06-05 23:00:39.764 W/ActivityManager( 1631): java.lang.ClassCastException: android.os.BinderProxy cannot be cast to com.android.server.am.ActivityRecord$Token
06-05 23:00:39.764 W/ActivityManager( 1631): 	at com.android.server.am.ActivityRecord.forTokenLocked(ActivityRecord.java:586)
06-05 23:00:39.764 W/ActivityManager( 1631): 	at com.android.server.am.ActivityRecord.isInStackLocked(ActivityRecord.java:1327)
06-05 23:00:39.764 W/ActivityManager( 1631): 	at com.android.server.am.ActivityManagerService.setTaskDescription(ActivityManagerService.java:9358)
06-05 23:00:39.764 W/ActivityManager( 1631): 	at android.app.ActivityManagerNative.onTransact(ActivityManagerNative.java:2639)
06-05 23:00:39.764 W/ActivityManager( 1631): 	at com.android.server.am.ActivityManagerService.onTransact(ActivityManagerService.java:2757)
06-05 23:00:39.764 W/ActivityManager( 1631): 	at android.os.Binder.execTransact(Binder.java:565)
06-05 23:00:39.765 W/ActivityManager( 1631): Bad activity token: android.os.BinderProxy@8474dc5
06-05 23:00:39.765 W/ActivityManager( 1631): java.lang.ClassCastException: android.os.BinderProxy cannot be cast to com.android.server.am.ActivityRecord$Token
06-05 23:00:39.765 W/ActivityManager( 1631): 	at com.android.server.am.ActivityRecord.forTokenLocked(ActivityRecord.java:586)
06-05 23:00:39.765 W/ActivityManager( 1631): 	at com.android.server.am.ActivityRecord.isInStackLocked(ActivityRecord.java:1327)
06-05 23:00:39.765 W/ActivityManager( 1631): 	at com.android.server.am.ActivityRecord.getStackLocked(ActivityRecord.java:1332)
06-05 23:00:39.765 W/ActivityManager( 1631): 	at com.android.server.am.ActivityManagerService.getActivityStackId(ActivityManagerService.java:9817)
06-05 23:00:39.765 W/ActivityManager( 1631): 	at android.app.ActivityManagerNative.onTransact(ActivityManagerNative.java:2856)
06-05 23:00:39.765 W/ActivityManager( 1631): 	at com.android.server.am.ActivityManagerService.onTransact(ActivityManagerService.java:2757)
06-05 23:00:39.765 W/ActivityManager( 1631): 	at android.os.Binder.execTransact(Binder.java:565)
06-05 23:00:39.774 D/VehicleStatisticsActivity(12833): Checking recalculation ...
06-05 23:00:39.775 D/VehicleStatisticsActivity(12833): Recalculation not necessary.
06-05 23:00:39.784 W/ActivityManager( 1631): Bad activity token: android.os.BinderProxy@8474dc5
06-05 23:00:39.784 W/ActivityManager( 1631): java.lang.ClassCastException: android.os.BinderProxy cannot be cast to com.android.server.am.ActivityRecord$Token
06-05 23:00:39.784 W/ActivityManager( 1631): 	at com.android.server.am.ActivityRecord.forTokenLocked(ActivityRecord.java:586)
06-05 23:00:39.784 W/ActivityManager( 1631): 	at com.android.server.am.ActivityRecord.isInStackLocked(ActivityRecord.java:1327)
06-05 23:00:39.784 W/ActivityManager( 1631): 	at com.android.server.am.ActivityManagerService.getActivityOptions(ActivityManagerService.java:12559)
06-05 23:00:39.784 W/ActivityManager( 1631): 	at android.app.ActivityManagerNative.onTransact(ActivityManagerNative.java:1933)
06-05 23:00:39.784 W/ActivityManager( 1631): 	at com.android.server.am.ActivityManagerService.onTransact(ActivityManagerService.java:2757)
06-05 23:00:39.784 W/ActivityManager( 1631): 	at android.os.Binder.execTransact(Binder.java:565)
06-05 23:00:39.784 V/PhoneStatusBar( 1712): setLightsOn(true)
06-05 23:00:39.785 W/ActivityManager( 1631): Bad activity token: android.os.BinderProxy@8474dc5
06-05 23:00:39.785 W/ActivityManager( 1631): java.lang.ClassCastException: android.os.BinderProxy cannot be cast to com.android.server.am.ActivityRecord$Token
06-05 23:00:39.785 W/ActivityManager( 1631): 	at com.android.server.am.ActivityRecord.forTokenLocked(ActivityRecord.java:586)
06-05 23:00:39.785 W/ActivityManager( 1631): 	at com.android.server.am.ActivityRecord.isInStackLocked(ActivityRecord.java:1327)
06-05 23:00:39.785 W/ActivityManager( 1631): 	at com.android.server.am.ActivityManagerService.getActivityOptions(ActivityManagerService.java:12559)
06-05 23:00:39.785 W/ActivityManager( 1631): 	at android.app.ActivityManagerNative.onTransact(ActivityManagerNative.java:1933)
06-05 23:00:39.785 W/ActivityManager( 1631): 	at com.android.server.am.ActivityManagerService.onTransact(ActivityManagerService.java:2757)
06-05 23:00:39.785 W/ActivityManager( 1631): 	at android.os.Binder.execTransact(Binder.java:565)
06-05 23:00:39.787 D/VehicleStatisticsActivity(12833): Checking recalculation ...
06-05 23:00:39.788 D/VehicleStatisticsActivity(12833): Recalculation not necessary.
06-05 23:00:39.876 W/ResourceType(12833): No package identifier when getting name for resource number 0x00000001
06-05 23:00:39.878 I/art     (12833): Do partial code cache collection, code=30KB, data=29KB
06-05 23:00:39.878 I/art     (12833): After code cache collection, code=29KB, data=29KB
06-05 23:00:39.878 I/art     (12833): Increasing code cache capacity to 128KB
06-05 23:00:39.893 I/System.out(12833): URI: //gesture
06-05 23:00:39.893 I/System.out(12833): params: {json={"query_timeout":5.0,"gestures":[{"query_string":"* marked:'Maximum cost'","touches":[{"x":50,"y":50,"offset_x":0,"offset_y":0,"wait":0.0,"time":0.2,"release":true,"query_string":null}]}]}
06-05 23:00:39.893 I/System.out(12833): }
06-05 23:00:39.898 W/ResourceType(12833): No package identifier when getting name for resource number 0x00000001
06-05 23:00:40.072 V/PhoneStatusBar( 1712): setLightsOn(true)
06-05 23:00:40.073 V/PhoneStatusBar( 1712): setLightsOn(true)
06-05 23:00:40.074 W/OpenGLRenderer( 2076): Incorrectly called buildLayer on View: ShortcutAndWidgetContainer, destroying layer...
06-05 23:00:40.102 V/PhoneStatusBar( 1712): setLightsOn(true)
06-05 23:00:40.103 I/WindowManager( 1631): Destroying surface Surface(name=com.android.launcher3/com.android.launcher3.Launcher) called by com.android.server.wm.WindowStateAnimator.destroySurface:2016 com.android.server.wm.WindowStateAnimator.destroySurfaceLocked:882 com.android.server.wm.WindowState.destroyOrSaveSurface:2100 com.android.server.wm.AppWindowToken.destroySurfaces:363 com.android.server.wm.AppWindowToken.notifyAppStopped:389 com.android.server.wm.WindowManagerService.notifyAppStopped:4463 com.android.server.am.ActivityStack.activityStoppedLocked:1252 com.android.server.am.ActivityManagerService.activityStopped:6903 
06-05 23:00:40.134 I/ActivityManager( 1631): START u0 {cmp=com.evancharlton.mileage/.charts.MaximumCostChart (has extras)} from uid 10326 on display 0
06-05 23:00:40.136 V/PhoneStatusBar( 1712): setLightsOn(true)
06-05 23:00:40.136 V/PhoneStatusBar( 1712): setLightsOn(true)
06-05 23:00:40.148 I/System.out(12833): URI: //map
06-05 23:00:40.148 I/System.out(12833): params: {json={"query":"* {text CONTAINS[c] 'Most expensive fillup'}","operation":{"method_name":"query","arguments":[]}}
06-05 23:00:40.148 I/System.out(12833): }
06-05 23:00:40.189 I/calabash(12833): newActivity1
06-05 23:00:40.191 W/aiCharts(12833): License file is invalid or missing. 
06-05 23:00:40.191 W/aiCharts(12833): Please place proper license.lic to /assets folder.
06-05 23:00:40.206 V/PhoneStatusBar( 1712): setLightsOn(true)
06-05 23:00:40.234 V/PhoneStatusBar( 1712): setLightsOn(true)
06-05 23:00:40.250 I/WindowManager( 1631): Destroying surface Surface(name=Creating chart…) called by com.android.server.wm.WindowStateAnimator.destroySurface:2016 com.android.server.wm.WindowStateAnimator.destroySurfaceLocked:882 com.android.server.wm.WindowState.removeLocked:1456 com.android.server.wm.WindowManagerService.removeWindowInnerLocked:2484 com.android.server.wm.WindowManagerService.removeWindowLocked:2442 com.android.server.wm.WindowManagerService.removeWindowLocked:2311 com.android.server.wm.WindowManagerService.removeWindow:2306 com.android.server.wm.Session.remove:202 
06-05 23:00:40.251 V/PhoneStatusBar( 1712): setLightsOn(true)
06-05 23:00:40.260 D/gralloc_ranchu( 1347): gralloc_alloc: Creating ashmem region of size 9023488
06-05 23:00:40.268 V/PhoneStatusBar( 1712): setLightsOn(true)
06-05 23:00:40.330 I/ActivityManager( 1631): Displayed com.evancharlton.mileage/.charts.MaximumCostChart: +144ms
06-05 23:00:40.335 V/PhoneStatusBar( 1712): setLightsOn(true)
06-05 23:00:40.368 V/PhoneStatusBar( 1712): setLightsOn(true)
06-05 23:00:40.384 V/PhoneStatusBar( 1712): setLightsOn(true)
06-05 23:00:40.520 I/System.out(12833): URI: //map
06-05 23:00:40.520 I/System.out(12833): params: {json={"query":"* {text CONTAINS[c] 'Most expensive fillup'}","operation":{"method_name":"query","arguments":[]}}
06-05 23:00:40.520 I/System.out(12833): }
06-05 23:00:40.538 I/System.out(12833): URI: //
06-05 23:00:40.538 I/System.out(12833): params: {json={"command":"press_key","arguments":["KEYCODE_BACK"]}
06-05 23:00:40.538 I/System.out(12833): }
06-05 23:00:40.538 I/System.out(12833): header: {content-type=application/json;charset=utf-8, date=Sat, 06 Jun 2020 04:00:40 GMT, accept=*/*, host=127.0.0.1:34777, content-length=52, user-agent=HTTPClient/1.0 (2.8.3, ruby 2.5.1 (2018-03-29))}
06-05 23:00:40.538 I/System.out(12833): params: {json={"command":"press_key","arguments":["KEYCODE_BACK"]}
06-05 23:00:40.538 I/System.out(12833): }
06-05 23:00:40.538 I/System.out(12833): ProP json = {"command":"press_key","arguments":["KEYCODE_BACK"]}
06-05 23:00:40.538 I/System.out(12833): files: {}
06-05 23:00:40.538 I/System.out(12833): command: {"command":"press_key","arguments":["KEYCODE_BACK"]}
06-05 23:00:40.539 I/InstrumentationBackend(12833): Got command:'Command:'Line:null,press_key', arguments:'[KEYCODE_BACK]'
06-05 23:00:40.546 I/System.out(12833): result:{"bonusInformation":[],"message":"","success":true}
06-05 23:00:40.546 D/VehicleStatisticsActivity(12833): Checking recalculation ...
06-05 23:00:40.547 D/VehicleStatisticsActivity(12833): Recalculation not necessary.
06-05 23:00:40.549 I/System.out(12833): URI: //map
06-05 23:00:40.549 I/System.out(12833): params: {json={"query":"* {text CONTAINS[c] 'Statistics'}","operation":{"method_name":"query","arguments":[]}}
06-05 23:00:40.549 I/System.out(12833): }
06-05 23:00:40.550 D/WindowManager( 1631): relayoutVisibleWindow: Window{387eca4 u0 com.evancharlton.mileage/com.evancharlton.mileage.Mileage EXITING} mAnimatingExit=true, mRemoveOnExit=false, mDestroying=false
06-05 23:00:40.567 D/gralloc_ranchu( 1347): gralloc_alloc: Creating ashmem region of size 9023488
06-05 23:00:40.605 V/PhoneStatusBar( 1712): setLightsOn(true)
06-05 23:00:40.668 V/PhoneStatusBar( 1712): setLightsOn(true)
