--------- beginning of system
06-06 00:59:48.541 W/ActivityManager( 1631): Finishing task with all activities already finished
06-06 00:59:48.541 W/ActivityManager( 1631): Duplicate finish request for ActivityRecord{3c69462 u0 com.evancharlton.mileage/.Mileage t10858 f}
--------- beginning of main
06-06 00:59:48.550 V/PhoneStatusBar( 1712): setLightsOn(true)
06-06 00:59:48.553 D/gralloc_ranchu( 1347): gralloc_alloc: Creating ashmem region of size 3145728
06-06 00:59:48.559 E/EGL_emulation( 1347): tid 1347: eglCreateSyncKHR(1901): error 0x3004 (EGL_BAD_ATTRIBUTE)
06-06 00:59:48.573 W/ActivityManager( 1631): Finishing task with all activities already finished
06-06 00:59:48.573 W/ActivityManager( 1631): Duplicate finish request for ActivityRecord{3c69462 u0 com.evancharlton.mileage/.Mileage t10858 f}
06-06 00:59:48.573 W/ActivityManager( 1631): Finishing task with all activities already finished
06-06 00:59:48.573 W/ActivityManager( 1631): Duplicate finish request for ActivityRecord{3c69462 u0 com.evancharlton.mileage/.Mileage t10858 f}
06-06 00:59:48.574 W/ActivityManager( 1631): Finishing task with all activities already finished
06-06 00:59:48.574 W/ActivityManager( 1631): Duplicate finish request for ActivityRecord{3c69462 u0 com.evancharlton.mileage/.Mileage t10858 f}
06-06 00:59:48.574 W/ActivityManager( 1631): Finishing task with all activities already finished
06-06 00:59:48.574 W/ActivityManager( 1631): Duplicate finish request for ActivityRecord{3c69462 u0 com.evancharlton.mileage/.Mileage t10858 f}
06-06 00:59:48.574 W/ActivityManager( 1631): Finishing task with all activities already finished
06-06 00:59:48.574 W/ActivityManager( 1631): Duplicate finish request for ActivityRecord{85a7d10 u0 com.evancharlton.mileage/.charts.EastChart t10858 f}
06-06 00:59:48.574 W/ActivityManager( 1631): Finishing task with all activities already finished
06-06 00:59:48.574 W/ActivityManager( 1631): Duplicate finish request for ActivityRecord{85a7d10 u0 com.evancharlton.mileage/.charts.EastChart t10858 f}
06-06 00:59:48.574 W/ActivityManager( 1631): Finishing task with all activities already finished
06-06 00:59:48.574 W/ActivityManager( 1631): Duplicate finish request for ActivityRecord{3c69462 u0 com.evancharlton.mileage/.Mileage t10858 f}
06-06 00:59:48.574 W/ActivityManager( 1631): Finishing task with all activities already finished
06-06 00:59:48.574 W/ActivityManager( 1631): Duplicate finish request for ActivityRecord{3c69462 u0 com.evancharlton.mileage/.Mileage t10858 f}
06-06 00:59:48.605 D/EGL_emulation( 1712): eglMakeCurrent: 0xb0685360: ver 2 0 (tinfo 0xb06836c0)
06-06 00:59:48.617 D/EGL_emulation( 1712): eglMakeCurrent: 0xb0685360: ver 2 0 (tinfo 0xb06836c0)
06-06 00:59:48.617 D/EGL_emulation( 2076): eglMakeCurrent: 0xb0685360: ver 2 0 (tinfo 0xb06836b0)
06-06 00:59:48.650 D/AndroidRuntime(24101): >>>>>> START com.android.internal.os.RuntimeInit uid 2000 <<<<<<
06-06 00:59:48.651 D/AndroidRuntime(24101): CheckJNI is ON
06-06 00:59:48.651 D/EGL_emulation( 1712): eglMakeCurrent: 0xb0685360: ver 2 0 (tinfo 0xb06836c0)
06-06 00:59:48.663 W/art     (24101): Unexpected CPU variant for X86 using defaults: x86
06-06 00:59:48.665 D/ICU     (24101): No timezone override file found: /data/misc/zoneinfo/current/icu/icu_tzdata.dat
06-06 00:59:48.667 D/EGL_emulation( 1712): eglMakeCurrent: 0xb0685360: ver 2 0 (tinfo 0xb06836c0)
06-06 00:59:48.669 D/EGL_emulation( 1712): eglMakeCurrent: 0xb0685360: ver 2 0 (tinfo 0xb06836c0)
06-06 00:59:48.673 E/memtrack(24101): Couldn't load memtrack module (No such file or directory)
06-06 00:59:48.673 E/android.os.Debug(24101): failed to load memtrack module: -2
06-06 00:59:48.674 I/Radio-JNI(24101): register_android_hardware_Radio DONE
06-06 00:59:48.679 D/AndroidRuntime(24101): Calling main entry com.android.commands.am.Am
06-06 00:59:48.680 I/ActivityManager( 1631): Force stopping com.evancharlton.mileage appid=10374 user=0: start instr
06-06 00:59:48.680 I/ActivityManager( 1631): Killing 24049:com.evancharlton.mileage/u0a374 (adj 0): stop com.evancharlton.mileage
06-06 00:59:48.680 D/ActivityManager( 1631): cleanUpApplicationRecord -- 24049
06-06 00:59:48.680 I/WindowManager( 1631): Destroying surface Surface(name=com.evancharlton.mileage/com.evancharlton.mileage.charts.EastChart) called by com.android.server.wm.WindowStateAnimator.destroySurface:2016 com.android.server.wm.WindowStateAnimator.destroySurfaceLocked:882 com.android.server.wm.WindowState.removeLocked:1456 com.android.server.wm.WindowManagerService.removeWindowInnerLocked:2484 com.android.server.wm.WindowManagerService.removeWindowLocked:2442 com.android.server.wm.WindowManagerService.removeWindowLocked:2311 com.android.server.wm.AppWindowToken.removeAllWindows:530 com.android.server.wm.AppWindowToken.removeAppFromTaskLocked:326 
06-06 00:59:48.682 W/ActivityManager( 1631): Crash of app com.evancharlton.mileage running instrumentation ComponentInfo{com.evancharlton.mileage.test/sh.calaba.instrumentationbackend.CalabashInstrumentationTestRunner}
06-06 00:59:48.682 I/ActivityManager( 1631): Force stopping com.evancharlton.mileage appid=10374 user=0: finished inst
06-06 00:59:48.683 D/EGL_emulation( 1712): eglMakeCurrent: 0xb0685360: ver 2 0 (tinfo 0xb06836c0)
06-06 00:59:48.685 D/EGL_emulation( 1712): eglMakeCurrent: 0xb0685360: ver 2 0 (tinfo 0xb06836c0)
06-06 00:59:48.686 I/art     (24111): Not late-enabling -Xcheck:jni (already on)
06-06 00:59:48.686 W/art     (24111): Unexpected CPU variant for X86 using defaults: x86
06-06 00:59:48.693 I/ActivityManager( 1631): Start proc 24111:com.evancharlton.mileage/u0a374 for added application com.evancharlton.mileage
06-06 00:59:48.693 D/AndroidRuntime(24101): Shutting down VM
06-06 00:59:48.698 W/System  (24111): ClassLoader referenced unknown path: /data/app/com.evancharlton.mileage.test-1/lib/x86
06-06 00:59:48.698 W/System  (24111): ClassLoader referenced unknown path: /data/app/com.evancharlton.mileage-1/lib/x86
06-06 00:59:48.700 D/EGL_emulation( 1712): eglMakeCurrent: 0xb0685360: ver 2 0 (tinfo 0xb06836c0)
06-06 00:59:48.701 D/EGL_emulation( 1712): eglMakeCurrent: 0xb0685360: ver 2 0 (tinfo 0xb06836c0)
06-06 00:59:48.702 W/System  (24111): ClassLoader referenced unknown path: 
06-06 00:59:48.706 I/System.out(24111): Main activity name automatically set to: com.evancharlton.mileage.Mileage
06-06 00:59:48.706 I/System.out(24111): Calabash did not load Mono. This is only a problem if you are trying to test a Mono application
06-06 00:59:48.706 I/calabash(24111): Test server port: 7102
06-06 00:59:48.707 I/InstrumentationBackend(24111): Added:'GetPreferences', with key:'get_preferences'
06-06 00:59:48.711 I/InstrumentationBackend(24111): Added:'SetPreferences', with key:'set_preferences'
06-06 00:59:48.711 I/InstrumentationBackend(24111): Added:'ClearPreferences', with key:'clear_preferences'
06-06 00:59:48.711 I/InstrumentationBackend(24111): Added:'PressElement', with key:'press_l10n_element'
06-06 00:59:48.711 I/InstrumentationBackend(24111): Added:'WaitForElement', with key:'wait_for_l10n_element'
06-06 00:59:48.711 I/InstrumentationBackend(24111): Added:'NullAction', with key:'nullAction'
06-06 00:59:48.711 I/InstrumentationBackend(24111): Added:'PressKey', with key:'press_key'
06-06 00:59:48.711 I/InstrumentationBackend(24111): Added:'SetActivityOrientation', with key:'set_activity_orientation'
06-06 00:59:48.711 I/InstrumentationBackend(24111): Added:'GetActivityOrientation', with key:'get_activity_orientation'
06-06 00:59:48.711 I/InstrumentationBackend(24111): Added:'FakeGPSLocation', with key:'set_gps_coordinates'
06-06 00:59:48.712 I/InstrumentationBackend(24111): Added:'SetPropertyByCssSelector', with key:'set_property_by_css_selector'
06-06 00:59:48.712 I/InstrumentationBackend(24111): Added:'GetUrl', with key:'get_url'
06-06 00:59:48.712 I/InstrumentationBackend(24111): Added:'ScrollTo', with key:'scroll_to'
06-06 00:59:48.712 I/InstrumentationBackend(24111): Added:'GetLoadProgress', with key:'get_load_progress'
06-06 00:59:48.712 I/InstrumentationBackend(24111): Added:'DumpHtml', with key:'dump_html'
06-06 00:59:48.712 I/InstrumentationBackend(24111): Added:'DumpBodyHtml', with key:'dump_body_html'
06-06 00:59:48.712 I/InstrumentationBackend(24111): Added:'EnterTextByCssSelector', with key:'enter_text_by_selector'
06-06 00:59:48.713 I/InstrumentationBackend(24111): Added:'AndroidSDKVersion', with key:'android_sdk_version'
06-06 00:59:48.713 I/InstrumentationBackend(24111): Added:'Version', with key:'version'
06-06 00:59:48.713 I/InstrumentationBackend(24111): Added:'Drag', with key:'drag'
06-06 00:59:48.713 I/InstrumentationBackend(24111): Added:'TouchCoordinates', with key:'touch_coordinate'
06-06 00:59:48.713 I/InstrumentationBackend(24111): Added:'LongPressCoordinate', with key:'long_press_coordinate'
06-06 00:59:48.713 I/InstrumentationBackend(24111): Added:'DragCoordinates', with key:'drag_coordinates'
06-06 00:59:48.713 I/InstrumentationBackend(24111): Added:'ResumeApplication', with key:'resume_application'
06-06 00:59:48.713 I/InstrumentationBackend(24111): Added:'Swipe', with key:'swipe'
06-06 00:59:48.713 I/InstrumentationBackend(24111): Added:'DoubleTapCoordinate', with key:'double_tap_coordinate'
06-06 00:59:48.713 I/InstrumentationBackend(24111): Added:'ClickOnScreen', with key:'click_on_screen'
06-06 00:59:48.713 I/InstrumentationBackend(24111): Added:'GetActivityName', with key:'get_activity_name'
06-06 00:59:48.713 I/InstrumentationBackend(24111): Added:'ScrollToView', with key:'scroll_to_view'
06-06 00:59:48.713 I/InstrumentationBackend(24111): Added:'ViewConfiguration', with key:'view_configuration'
06-06 00:59:48.713 I/InstrumentationBackend(24111): Added:'IsCurrentActivityFocused', with key:'is_current_activity_focused'
06-06 00:59:48.713 I/InstrumentationBackend(24111): Added:'SendTcp', with key:'send_tcp'
06-06 00:59:48.713 I/InstrumentationBackend(24111): Added:'DpToDevicePixel', with key:'dp_to_device_pixel'
06-06 00:59:48.713 I/InstrumentationBackend(24111): Added:'KeyboardEnterText', with key:'keyboard_enter_text'
06-06 00:59:48.713 I/InstrumentationBackend(24111): Added:'DeleteSurroundingText', with key:'delete_surrounding_text'
06-06 00:59:48.713 I/InstrumentationBackend(24111): Added:'SetComposingRegion', with key:'set_composing_region'
06-06 00:59:48.713 I/InstrumentationBackend(24111): Added:'SetSelection', with key:'set_selection'
06-06 00:59:48.714 I/InstrumentationBackend(24111): Added:'KeyboardKeyEvent', with key:'keyboard_key_event'
06-06 00:59:48.714 I/InstrumentationBackend(24111): Added:'PressUserActionButton', with key:'press_user_action_button'
06-06 00:59:48.714 I/InstrumentationBackend(24111): Added:'HideSoftKeyboard', with key:'hide_soft_keyboard'
06-06 00:59:48.714 I/InstrumentationBackend(24111): Added:'ListActions', with key:'list_actions'
06-06 00:59:48.714 I/calabash(24111): Instantiating http server at 7102
06-06 00:59:48.714 I/System.out(24111): HTTP Daemon listening on: 7102
06-06 00:59:48.716 D/EGL_emulation( 1712): eglMakeCurrent: 0xb0685360: ver 2 0 (tinfo 0xb06836c0)
06-06 00:59:48.718 D/EGL_emulation( 1712): eglMakeCurrent: 0xb0685360: ver 2 0 (tinfo 0xb06836c0)
06-06 00:59:48.723 W/InputDispatcher( 1631): channel 'e5f7b55 com.evancharlton.mileage/com.evancharlton.mileage.Mileage (server)' ~ Consumer closed input channel or an error occurred.  events=0x9
06-06 00:59:48.723 E/InputDispatcher( 1631): channel 'e5f7b55 com.evancharlton.mileage/com.evancharlton.mileage.Mileage (server)' ~ Channel is unrecoverably broken and will be disposed!
06-06 00:59:48.723 I/WindowManager( 1631): WIN DEATH: Window{e5f7b55 u0 com.evancharlton.mileage/com.evancharlton.mileage.Mileage EXITING}
06-06 00:59:48.723 W/InputDispatcher( 1631): Attempted to unregister already unregistered input channel 'e5f7b55 com.evancharlton.mileage/com.evancharlton.mileage.Mileage (server)'
06-06 00:59:48.734 D/EGL_emulation( 1712): eglMakeCurrent: 0xb0685360: ver 2 0 (tinfo 0xb06836c0)
06-06 00:59:48.738 D/EGL_emulation( 1712): eglMakeCurrent: 0xb0685360: ver 2 0 (tinfo 0xb06836c0)
06-06 00:59:48.750 D/EGL_emulation( 1712): eglMakeCurrent: 0xb0685360: ver 2 0 (tinfo 0xb06836c0)
06-06 00:59:48.752 D/EGL_emulation( 1712): eglMakeCurrent: 0xb0685360: ver 2 0 (tinfo 0xb06836c0)
06-06 00:59:48.767 D/EGL_emulation( 1712): eglMakeCurrent: 0xb0685360: ver 2 0 (tinfo 0xb06836c0)
06-06 00:59:48.768 D/EGL_emulation( 1712): eglMakeCurrent: 0xb0685360: ver 2 0 (tinfo 0xb06836c0)
06-06 00:59:48.783 D/EGL_emulation( 1712): eglMakeCurrent: 0xb0685360: ver 2 0 (tinfo 0xb06836c0)
06-06 00:59:48.787 D/EGL_emulation( 1712): eglMakeCurrent: 0xb0685360: ver 2 0 (tinfo 0xb06836c0)
06-06 00:59:48.800 D/EGL_emulation( 1712): eglMakeCurrent: 0xb0685360: ver 2 0 (tinfo 0xb06836c0)
06-06 00:59:48.801 D/EGL_emulation( 1712): eglMakeCurrent: 0xb0685360: ver 2 0 (tinfo 0xb06836c0)
06-06 00:59:48.804 I/System.out(24111): URI: //ping
06-06 00:59:48.804 I/System.out(24111): params: {json={}
06-06 00:59:48.804 I/System.out(24111): }
06-06 00:59:48.806 I/System.out(24111): URI: //ping
06-06 00:59:48.806 I/System.out(24111): params: {json={}
06-06 00:59:48.806 I/System.out(24111): }
06-06 00:59:48.807 I/System.out(24111): URI: //ready
06-06 00:59:48.807 I/System.out(24111): params: {json={}
06-06 00:59:48.807 I/System.out(24111): }
06-06 00:59:48.809 I/System.out(24111): URI: //
06-06 00:59:48.809 I/System.out(24111): params: {json={"command":"version","arguments":[]}
06-06 00:59:48.809 I/System.out(24111): }
06-06 00:59:48.809 I/System.out(24111): header: {content-type=application/json;charset=utf-8, date=Sat, 06 Jun 2020 05:59:49 GMT, accept=*/*, host=127.0.0.1:34777, content-length=36, user-agent=HTTPClient/1.0 (2.8.3, ruby 2.5.1 (2018-03-29))}
06-06 00:59:48.809 I/System.out(24111): params: {json={"command":"version","arguments":[]}
06-06 00:59:48.809 I/System.out(24111): }
06-06 00:59:48.809 I/System.out(24111): ProP json = {"command":"version","arguments":[]}
06-06 00:59:48.809 I/System.out(24111): files: {}
06-06 00:59:48.809 I/System.out(24111): command: {"command":"version","arguments":[]}
06-06 00:59:48.812 I/InstrumentationBackend(24111): Got command:'Command:'Line:null,version', arguments:'[]'
06-06 00:59:48.817 D/EGL_emulation( 1712): eglMakeCurrent: 0xb0685360: ver 2 0 (tinfo 0xb06836c0)
06-06 00:59:48.818 I/System.out(24111): result:{"bonusInformation":[],"message":"0.9.8","success":true}
06-06 00:59:48.820 I/System.out(24111): URI: //start-application
06-06 00:59:48.820 I/System.out(24111): params: {json={"intent":null}
06-06 00:59:48.820 I/System.out(24111): }
06-06 00:59:48.829 I/ActivityManager( 1631): START u0 {act=android.intent.action.MAIN cat=[android.intent.category.LAUNCHER] flg=0x10200000 cmp=com.evancharlton.mileage/.Mileage} from uid 10374 on display 0
06-06 00:59:48.833 D/EGL_emulation( 1712): eglMakeCurrent: 0xb0685360: ver 2 0 (tinfo 0xb06836c0)
06-06 00:59:48.836 D/EGL_emulation( 1712): eglMakeCurrent: 0xb0685360: ver 2 0 (tinfo 0xb06836c0)
06-06 00:59:48.838 I/calabash(24111): newActivity1
06-06 00:59:48.846 I/calabash(24111): newActivity1
06-06 00:59:48.847 W/ActivityManager( 1631): Bad activity token: android.os.BinderProxy@345a8a5
06-06 00:59:48.847 W/ActivityManager( 1631): java.lang.ClassCastException: android.os.BinderProxy cannot be cast to com.android.server.am.ActivityRecord$Token
06-06 00:59:48.847 W/ActivityManager( 1631): 	at com.android.server.am.ActivityRecord.forTokenLocked(ActivityRecord.java:586)
06-06 00:59:48.847 W/ActivityManager( 1631): 	at com.android.server.am.ActivityRecord.isInStackLocked(ActivityRecord.java:1327)
06-06 00:59:48.847 W/ActivityManager( 1631): 	at com.android.server.am.ActivityRecord.getStackLocked(ActivityRecord.java:1332)
06-06 00:59:48.847 W/ActivityManager( 1631): 	at com.android.server.am.ActivityManagerService.getActivityDisplayId(ActivityManagerService.java:9806)
06-06 00:59:48.847 W/ActivityManager( 1631): 	at android.app.ActivityManagerNative.onTransact(ActivityManagerNative.java:2566)
06-06 00:59:48.847 W/ActivityManager( 1631): 	at com.android.server.am.ActivityManagerService.onTransact(ActivityManagerService.java:2757)
06-06 00:59:48.847 W/ActivityManager( 1631): 	at android.os.Binder.execTransact(Binder.java:565)
06-06 00:59:48.848 W/ActivityManager( 1631): Bad activity token: android.os.BinderProxy@345a8a5
06-06 00:59:48.848 W/ActivityManager( 1631): java.lang.ClassCastException: android.os.BinderProxy cannot be cast to com.android.server.am.ActivityRecord$Token
06-06 00:59:48.848 W/ActivityManager( 1631): 	at com.android.server.am.ActivityRecord.forTokenLocked(ActivityRecord.java:586)
06-06 00:59:48.848 W/ActivityManager( 1631): 	at com.android.server.am.ActivityRecord.isInStackLocked(ActivityRecord.java:1327)
06-06 00:59:48.848 W/ActivityManager( 1631): 	at com.android.server.am.ActivityManagerService.setTaskDescription(ActivityManagerService.java:9358)
06-06 00:59:48.848 W/ActivityManager( 1631): 	at android.app.ActivityManagerNative.onTransact(ActivityManagerNative.java:2639)
06-06 00:59:48.848 W/ActivityManager( 1631): 	at com.android.server.am.ActivityManagerService.onTransact(ActivityManagerService.java:2757)
06-06 00:59:48.848 W/ActivityManager( 1631): 	at android.os.Binder.execTransact(Binder.java:565)
06-06 00:59:48.849 W/ActivityManager( 1631): Bad activity token: android.os.BinderProxy@345a8a5
06-06 00:59:48.849 W/ActivityManager( 1631): java.lang.ClassCastException: android.os.BinderProxy cannot be cast to com.android.server.am.ActivityRecord$Token
06-06 00:59:48.849 W/ActivityManager( 1631): 	at com.android.server.am.ActivityRecord.forTokenLocked(ActivityRecord.java:586)
06-06 00:59:48.849 W/ActivityManager( 1631): 	at com.android.server.am.ActivityRecord.isInStackLocked(ActivityRecord.java:1327)
06-06 00:59:48.849 W/ActivityManager( 1631): 	at com.android.server.am.ActivityRecord.getStackLocked(ActivityRecord.java:1332)
06-06 00:59:48.849 W/ActivityManager( 1631): 	at com.android.server.am.ActivityManagerService.getActivityStackId(ActivityManagerService.java:9817)
06-06 00:59:48.849 W/ActivityManager( 1631): 	at android.app.ActivityManagerNative.onTransact(ActivityManagerNative.java:2856)
06-06 00:59:48.849 W/ActivityManager( 1631): 	at com.android.server.am.ActivityManagerService.onTransact(ActivityManagerService.java:2757)
06-06 00:59:48.849 W/ActivityManager( 1631): 	at android.os.Binder.execTransact(Binder.java:565)
06-06 00:59:48.850 D/EGL_emulation( 1712): eglMakeCurrent: 0xb0685360: ver 2 0 (tinfo 0xb06836c0)
06-06 00:59:48.850 D/gralloc_ranchu( 1347): gralloc_alloc: Creating ashmem region of size 9023488
06-06 00:59:48.854 D/EGL_emulation( 1712): eglMakeCurrent: 0xb0685360: ver 2 0 (tinfo 0xb06836c0)
06-06 00:59:48.869 W/ActivityManager( 1631): Bad activity token: android.os.BinderProxy@345a8a5
06-06 00:59:48.869 W/ActivityManager( 1631): java.lang.ClassCastException: android.os.BinderProxy cannot be cast to com.android.server.am.ActivityRecord$Token
06-06 00:59:48.869 W/ActivityManager( 1631): 	at com.android.server.am.ActivityRecord.forTokenLocked(ActivityRecord.java:586)
06-06 00:59:48.869 W/ActivityManager( 1631): 	at com.android.server.am.ActivityRecord.isInStackLocked(ActivityRecord.java:1327)
06-06 00:59:48.869 W/ActivityManager( 1631): 	at com.android.server.am.ActivityManagerService.getActivityOptions(ActivityManagerService.java:12559)
06-06 00:59:48.869 W/ActivityManager( 1631): 	at android.app.ActivityManagerNative.onTransact(ActivityManagerNative.java:1933)
06-06 00:59:48.869 W/ActivityManager( 1631): 	at com.android.server.am.ActivityManagerService.onTransact(ActivityManagerService.java:2757)
06-06 00:59:48.869 W/ActivityManager( 1631): 	at android.os.Binder.execTransact(Binder.java:565)
06-06 00:59:48.869 W/ActivityManager( 1631): Bad activity token: android.os.BinderProxy@345a8a5
06-06 00:59:48.869 W/ActivityManager( 1631): java.lang.ClassCastException: android.os.BinderProxy cannot be cast to com.android.server.am.ActivityRecord$Token
06-06 00:59:48.869 W/ActivityManager( 1631): 	at com.android.server.am.ActivityRecord.forTokenLocked(ActivityRecord.java:586)
06-06 00:59:48.869 W/ActivityManager( 1631): 	at com.android.server.am.ActivityRecord.isInStackLocked(ActivityRecord.java:1327)
06-06 00:59:48.869 W/ActivityManager( 1631): 	at com.android.server.am.ActivityManagerService.getActivityOptions(ActivityManagerService.java:12559)
06-06 00:59:48.869 W/ActivityManager( 1631): 	at android.app.ActivityManagerNative.onTransact(ActivityManagerNative.java:1933)
06-06 00:59:48.869 W/ActivityManager( 1631): 	at com.android.server.am.ActivityManagerService.onTransact(ActivityManagerService.java:2757)
06-06 00:59:48.869 W/ActivityManager( 1631): 	at android.os.Binder.execTransact(Binder.java:565)
06-06 00:59:48.874 V/PhoneStatusBar( 1712): setLightsOn(true)
06-06 00:59:48.883 D/EGL_emulation( 2076): eglMakeCurrent: 0xb0685360: ver 2 0 (tinfo 0xb06836b0)
06-06 00:59:48.884 D/EGL_emulation( 1712): eglMakeCurrent: 0xb0685360: ver 2 0 (tinfo 0xb06836c0)
06-06 00:59:48.899 D/gralloc_ranchu( 1347): gralloc_alloc: Creating ashmem region of size 9023488
06-06 00:59:48.903 D/EGL_emulation( 1712): eglMakeCurrent: 0xb0685360: ver 2 0 (tinfo 0xb06836c0)
06-06 00:59:48.904 D/        (24111): HostConnection::get() New Host Connection established 0x94018080, tid 24111
06-06 00:59:48.905 D/EGL_emulation( 1712): eglMakeCurrent: 0xb0685360: ver 2 0 (tinfo 0xb06836c0)
06-06 00:59:48.905 V/PhoneStatusBar( 1712): setLightsOn(true)
06-06 00:59:48.938 D/EGL_emulation( 1712): eglMakeCurrent: 0xb0685360: ver 2 0 (tinfo 0xb06836c0)
06-06 00:59:48.941 D/EGL_emulation( 1712): eglMakeCurrent: 0xb0685360: ver 2 0 (tinfo 0xb06836c0)
06-06 00:59:48.952 D/EGL_emulation( 1712): eglMakeCurrent: 0xb0685360: ver 2 0 (tinfo 0xb06836c0)
06-06 00:59:48.954 D/EGL_emulation( 1712): eglMakeCurrent: 0xb0685360: ver 2 0 (tinfo 0xb06836c0)
06-06 00:59:48.967 D/EGL_emulation( 1712): eglMakeCurrent: 0xb0685360: ver 2 0 (tinfo 0xb06836c0)
06-06 00:59:48.969 D/EGL_emulation( 1712): eglMakeCurrent: 0xb0685360: ver 2 0 (tinfo 0xb06836c0)
06-06 00:59:48.984 D/EGL_emulation( 1712): eglMakeCurrent: 0xb0685360: ver 2 0 (tinfo 0xb06836c0)
06-06 00:59:48.984 D/gralloc_ranchu( 1347): gralloc_alloc: Creating ashmem region of size 9023488
06-06 00:59:49.000 D/EGL_emulation( 1712): eglMakeCurrent: 0xb0685360: ver 2 0 (tinfo 0xb06836c0)
06-06 00:59:49.000 I/ActivityManager( 1631): Displayed com.evancharlton.mileage/.Mileage: +168ms
06-06 00:59:49.003 D/EGL_emulation( 1712): eglMakeCurrent: 0xb0685360: ver 2 0 (tinfo 0xb06836c0)
06-06 00:59:49.005 D/EGL_emulation( 1712): eglMakeCurrent: 0xb0685360: ver 2 0 (tinfo 0xb06836c0)
06-06 00:59:49.005 V/PhoneStatusBar( 1712): setLightsOn(true)
06-06 00:59:49.017 D/EGL_emulation( 1712): eglMakeCurrent: 0xb0685360: ver 2 0 (tinfo 0xb06836c0)
06-06 00:59:49.020 D/EGL_emulation( 1712): eglMakeCurrent: 0xb0685360: ver 2 0 (tinfo 0xb06836c0)
06-06 00:59:49.034 D/EGL_emulation( 1712): eglMakeCurrent: 0xb0685360: ver 2 0 (tinfo 0xb06836c0)
06-06 00:59:49.035 D/EGL_emulation( 1712): eglMakeCurrent: 0xb0685360: ver 2 0 (tinfo 0xb06836c0)
06-06 00:59:49.036 V/PhoneStatusBar( 1712): setLightsOn(true)
06-06 00:59:49.041 I/System.out(24111): URI: //map
06-06 00:59:49.041 I/System.out(24111): params: {json={"query":"* marked:'Statistics'","operation":{"method_name":"query","arguments":[]}}
06-06 00:59:49.041 I/System.out(24111): }
06-06 00:59:49.050 I/WindowManager( 1631): Destroying surface Surface(name=com.evancharlton.mileage/com.evancharlton.mileage.Mileage) called by com.android.server.wm.WindowStateAnimator.destroySurface:2016 com.android.server.wm.WindowStateAnimator.destroySurfaceLocked:882 com.android.server.wm.WindowState.removeLocked:1456 com.android.server.wm.WindowManagerService.removeWindowInnerLocked:2484 com.android.server.wm.AppWindowToken.destroySurfaces:365 com.android.server.wm.WindowStateAnimator.finishExit:565 com.android.server.wm.AppWindowAnimator.stepAnimationLocked:427 com.android.server.wm.WindowAnimator.updateAppWindowsLocked:196 
06-06 00:59:49.050 D/EGL_emulation( 1712): eglMakeCurrent: 0xb0685360: ver 2 0 (tinfo 0xb06836c0)
06-06 00:59:49.052 D/EGL_emulation( 1712): eglMakeCurrent: 0xb0685360: ver 2 0 (tinfo 0xb06836c0)
06-06 00:59:49.055 W/ResourceType(24111): No package identifier when getting name for resource number 0x00000001
06-06 00:59:49.067 D/EGL_emulation( 1712): eglMakeCurrent: 0xb0685360: ver 2 0 (tinfo 0xb06836c0)
06-06 00:59:49.068 I/System.out(24111): URI: //gesture
06-06 00:59:49.068 I/System.out(24111): params: {json={"query_timeout":5.0,"gestures":[{"query_string":"* marked:'Statistics'","touches":[{"x":50,"y":50,"offset_x":0,"offset_y":0,"wait":0.0,"time":0.2,"release":true,"query_string":null}]}]}
06-06 00:59:49.068 I/System.out(24111): }
06-06 00:59:49.068 D/EGL_emulation( 1712): eglMakeCurrent: 0xb0685360: ver 2 0 (tinfo 0xb06836c0)
06-06 00:59:49.069 V/PhoneStatusBar( 1712): setLightsOn(true)
06-06 00:59:49.072 W/ResourceType(24111): No package identifier when getting name for resource number 0x00000001
06-06 00:59:49.083 D/EGL_emulation( 1712): eglMakeCurrent: 0xb0685360: ver 2 0 (tinfo 0xb06836c0)
06-06 00:59:49.095 D/EGL_emulation( 1712): eglMakeCurrent: 0xb0685360: ver 2 0 (tinfo 0xb06836c0)
06-06 00:59:49.111 D/EGL_emulation( 1712): eglMakeCurrent: 0xb0685360: ver 2 0 (tinfo 0xb06836c0)
06-06 00:59:49.200 I/WindowManager( 1631): Destroying surface Surface(name=Starting com.evancharlton.mileage) called by com.android.server.wm.WindowStateAnimator.destroySurface:2016 com.android.server.wm.WindowStateAnimator.destroySurfaceLocked:882 com.android.server.wm.WindowState.destroyOrSaveSurface:2100 com.android.server.wm.AppWindowToken.destroySurfaces:363 com.android.server.wm.WindowStateAnimator.finishExit:565 com.android.server.wm.WindowStateAnimator.stepAnimationLocked:491 com.android.server.wm.WindowAnimator.updateWindowsLocked:303 com.android.server.wm.WindowAnimator.animateLocked:704 
06-06 00:59:49.201 V/PhoneStatusBar( 1712): setLightsOn(true)
06-06 00:59:49.233 V/PhoneStatusBar( 1712): setLightsOn(true)
06-06 00:59:49.306 I/calabash(24111): newActivity1
06-06 00:59:49.330 I/System.out(24111): URI: //map
06-06 00:59:49.330 I/System.out(24111): params: {json={"query":"android.widget.ScrollView index:0","operation":{"method_name":"query","arguments":[]}}
06-06 00:59:49.330 I/System.out(24111): }
06-06 00:59:49.333 V/PhoneStatusBar( 1712): setLightsOn(true)
06-06 00:59:49.334 W/ActivityManager( 1631): Bad activity token: android.os.BinderProxy@ed9ce1b
06-06 00:59:49.334 W/ActivityManager( 1631): java.lang.ClassCastException: android.os.BinderProxy cannot be cast to com.android.server.am.ActivityRecord$Token
06-06 00:59:49.334 W/ActivityManager( 1631): 	at com.android.server.am.ActivityRecord.forTokenLocked(ActivityRecord.java:586)
06-06 00:59:49.334 W/ActivityManager( 1631): 	at com.android.server.am.ActivityRecord.isInStackLocked(ActivityRecord.java:1327)
06-06 00:59:49.334 W/ActivityManager( 1631): 	at com.android.server.am.ActivityRecord.getStackLocked(ActivityRecord.java:1332)
06-06 00:59:49.334 W/ActivityManager( 1631): 	at com.android.server.am.ActivityManagerService.getActivityDisplayId(ActivityManagerService.java:9806)
06-06 00:59:49.334 W/ActivityManager( 1631): 	at android.app.ActivityManagerNative.onTransact(ActivityManagerNative.java:2566)
06-06 00:59:49.334 W/ActivityManager( 1631): 	at com.android.server.am.ActivityManagerService.onTransact(ActivityManagerService.java:2757)
06-06 00:59:49.334 W/ActivityManager( 1631): 	at android.os.Binder.execTransact(Binder.java:565)
06-06 00:59:49.335 W/ActivityManager( 1631): Bad activity token: android.os.BinderProxy@ed9ce1b
06-06 00:59:49.335 W/ActivityManager( 1631): java.lang.ClassCastException: android.os.BinderProxy cannot be cast to com.android.server.am.ActivityRecord$Token
06-06 00:59:49.335 W/ActivityManager( 1631): 	at com.android.server.am.ActivityRecord.forTokenLocked(ActivityRecord.java:586)
06-06 00:59:49.335 W/ActivityManager( 1631): 	at com.android.server.am.ActivityRecord.isInStackLocked(ActivityRecord.java:1327)
06-06 00:59:49.335 W/ActivityManager( 1631): 	at com.android.server.am.ActivityManagerService.setTaskDescription(ActivityManagerService.java:9358)
06-06 00:59:49.335 W/ActivityManager( 1631): 	at android.app.ActivityManagerNative.onTransact(ActivityManagerNative.java:2639)
06-06 00:59:49.335 W/ActivityManager( 1631): 	at com.android.server.am.ActivityManagerService.onTransact(ActivityManagerService.java:2757)
06-06 00:59:49.335 W/ActivityManager( 1631): 	at android.os.Binder.execTransact(Binder.java:565)
06-06 00:59:49.336 W/ActivityManager( 1631): Bad activity token: android.os.BinderProxy@ed9ce1b
06-06 00:59:49.336 W/ActivityManager( 1631): java.lang.ClassCastException: android.os.BinderProxy cannot be cast to com.android.server.am.ActivityRecord$Token
06-06 00:59:49.336 W/ActivityManager( 1631): 	at com.android.server.am.ActivityRecord.forTokenLocked(ActivityRecord.java:586)
06-06 00:59:49.336 W/ActivityManager( 1631): 	at com.android.server.am.ActivityRecord.isInStackLocked(ActivityRecord.java:1327)
06-06 00:59:49.336 W/ActivityManager( 1631): 	at com.android.server.am.ActivityRecord.getStackLocked(ActivityRecord.java:1332)
06-06 00:59:49.336 W/ActivityManager( 1631): 	at com.android.server.am.ActivityManagerService.getActivityStackId(ActivityManagerService.java:9817)
06-06 00:59:49.336 W/ActivityManager( 1631): 	at android.app.ActivityManagerNative.onTransact(ActivityManagerNative.java:2856)
06-06 00:59:49.336 W/ActivityManager( 1631): 	at com.android.server.am.ActivityManagerService.onTransact(ActivityManagerService.java:2757)
06-06 00:59:49.336 W/ActivityManager( 1631): 	at android.os.Binder.execTransact(Binder.java:565)
06-06 00:59:49.342 D/VehicleStatisticsActivity(24111): Checking recalculation ...
06-06 00:59:49.343 D/VehicleStatisticsActivity(24111): Recalculation not necessary.
06-06 00:59:49.350 W/ActivityManager( 1631): Bad activity token: android.os.BinderProxy@ed9ce1b
06-06 00:59:49.350 W/ActivityManager( 1631): java.lang.ClassCastException: android.os.BinderProxy cannot be cast to com.android.server.am.ActivityRecord$Token
06-06 00:59:49.350 W/ActivityManager( 1631): 	at com.android.server.am.ActivityRecord.forTokenLocked(ActivityRecord.java:586)
06-06 00:59:49.350 W/ActivityManager( 1631): 	at com.android.server.am.ActivityRecord.isInStackLocked(ActivityRecord.java:1327)
06-06 00:59:49.350 W/ActivityManager( 1631): 	at com.android.server.am.ActivityManagerService.getActivityOptions(ActivityManagerService.java:12559)
06-06 00:59:49.350 W/ActivityManager( 1631): 	at android.app.ActivityManagerNative.onTransact(ActivityManagerNative.java:1933)
06-06 00:59:49.350 W/ActivityManager( 1631): 	at com.android.server.am.ActivityManagerService.onTransact(ActivityManagerService.java:2757)
06-06 00:59:49.350 W/ActivityManager( 1631): 	at android.os.Binder.execTransact(Binder.java:565)
06-06 00:59:49.350 W/ActivityManager( 1631): Bad activity token: android.os.BinderProxy@ed9ce1b
06-06 00:59:49.350 W/ActivityManager( 1631): java.lang.ClassCastException: android.os.BinderProxy cannot be cast to com.android.server.am.ActivityRecord$Token
06-06 00:59:49.350 W/ActivityManager( 1631): 	at com.android.server.am.ActivityRecord.forTokenLocked(ActivityRecord.java:586)
06-06 00:59:49.350 W/ActivityManager( 1631): 	at com.android.server.am.ActivityRecord.isInStackLocked(ActivityRecord.java:1327)
06-06 00:59:49.350 W/ActivityManager( 1631): 	at com.android.server.am.ActivityManagerService.getActivityOptions(ActivityManagerService.java:12559)
06-06 00:59:49.350 W/ActivityManager( 1631): 	at android.app.ActivityManagerNative.onTransact(ActivityManagerNative.java:1933)
06-06 00:59:49.350 W/ActivityManager( 1631): 	at com.android.server.am.ActivityManagerService.onTransact(ActivityManagerService.java:2757)
06-06 00:59:49.350 W/ActivityManager( 1631): 	at android.os.Binder.execTransact(Binder.java:565)
06-06 00:59:49.351 D/VehicleStatisticsActivity(24111): Checking recalculation ...
06-06 00:59:49.352 D/VehicleStatisticsActivity(24111): Recalculation not necessary.
06-06 00:59:49.455 I/System.out(24111): URI: //map
06-06 00:59:49.455 I/System.out(24111): params: {json={"query":"android.widget.AbsListView index:0","operation":{"method_name":"query","arguments":[]}}
06-06 00:59:49.455 I/System.out(24111): }
06-06 00:59:49.462 I/art     (24111): Do partial code cache collection, code=30KB, data=29KB
06-06 00:59:49.462 I/art     (24111): After code cache collection, code=29KB, data=28KB
06-06 00:59:49.462 I/art     (24111): Increasing code cache capacity to 128KB
06-06 00:59:49.473 I/System.out(24111): URI: //map
06-06 00:59:49.473 I/System.out(24111): params: {json={"query":"android.widget.AbsListView index:0","operation":{"method_name":"query","arguments":[]}}
06-06 00:59:49.473 I/System.out(24111): }
06-06 00:59:49.487 I/System.out(24111): URI: //map
06-06 00:59:49.487 I/System.out(24111): params: {json={"query":"android.widget.AbsListView index:0","operation":{"method_name":"query","arguments":[]}}
06-06 00:59:49.487 I/System.out(24111): }
06-06 00:59:49.500 I/System.out(24111): URI: //map
06-06 00:59:49.500 I/System.out(24111): params: {json={"query":"android.widget.AbsListView index:0","operation":{"method_name":"query","arguments":["getFirstVisiblePosition"]}}
06-06 00:59:49.500 I/System.out(24111): }
06-06 00:59:49.511 I/System.out(24111): URI: //map
06-06 00:59:49.511 I/System.out(24111): params: {json={"query":"android.widget.AbsListView index:0","operation":{"method_name":"query","arguments":["getLastVisiblePosition"]}}
06-06 00:59:49.511 I/System.out(24111): }
06-06 00:59:49.523 I/System.out(24111): URI: //map
06-06 00:59:49.523 I/System.out(24111): params: {json={"query":"android.widget.AbsListView index:0","operation":{"method_name":"query","arguments":[{"method_name":"setSelection","arguments":[26]}]}}
06-06 00:59:49.523 I/System.out(24111): }
06-06 00:59:49.539 I/System.out(24111): URI: //map
06-06 00:59:49.539 I/System.out(24111): params: {json={"query":"* marked:'West'","operation":{"method_name":"query","arguments":[]}}
06-06 00:59:49.539 I/System.out(24111): }
06-06 00:59:49.586 D/gralloc_ranchu( 1347): gralloc_alloc: Creating ashmem region of size 9023488
06-06 00:59:49.616 V/PhoneStatusBar( 1712): setLightsOn(true)
06-06 00:59:49.618 V/PhoneStatusBar( 1712): setLightsOn(true)
06-06 00:59:49.618 W/OpenGLRenderer( 2076): Incorrectly called buildLayer on View: ShortcutAndWidgetContainer, destroying layer...
06-06 00:59:49.622 W/ResourceType(24111): No package identifier when getting name for resource number 0x00000001
06-06 00:59:49.631 I/System.out(24111): URI: //gesture
06-06 00:59:49.631 I/System.out(24111): params: {json={"query_timeout":5.0,"gestures":[{"query_string":"* marked:'West'","touches":[{"x":50,"y":50,"offset_x":0,"offset_y":0,"wait":0.0,"time":0.2,"release":true,"query_string":null}]}]}
06-06 00:59:49.631 I/System.out(24111): }
06-06 00:59:49.633 I/WindowManager( 1631): Destroying surface Surface(name=com.android.launcher3/com.android.launcher3.Launcher) called by com.android.server.wm.WindowStateAnimator.destroySurface:2016 com.android.server.wm.WindowStateAnimator.destroySurfaceLocked:882 com.android.server.wm.WindowState.destroyOrSaveSurface:2100 com.android.server.wm.AppWindowToken.destroySurfaces:363 com.android.server.wm.AppWindowToken.notifyAppStopped:389 com.android.server.wm.WindowManagerService.notifyAppStopped:4463 com.android.server.am.ActivityStack.activityStoppedLocked:1252 com.android.server.am.ActivityManagerService.activityStopped:6903 
06-06 00:59:49.634 V/PhoneStatusBar( 1712): setLightsOn(true)
06-06 00:59:49.636 W/ResourceType(24111): No package identifier when getting name for resource number 0x00000001
06-06 00:59:49.870 I/ActivityManager( 1631): START u0 {cmp=com.evancharlton.mileage/.charts.WestChart (has extras)} from uid 10374 on display 0
06-06 00:59:49.874 V/PhoneStatusBar( 1712): setLightsOn(true)
06-06 00:59:49.877 V/PhoneStatusBar( 1712): setLightsOn(true)
06-06 00:59:49.907 I/System.out(24111): URI: //map
06-06 00:59:49.907 I/System.out(24111): params: {json={"query":"* {text CONTAINS[c] 'Farthest west fillup'}","operation":{"method_name":"query","arguments":[]}}
06-06 00:59:49.907 I/System.out(24111): }
06-06 00:59:49.944 I/calabash(24111): newActivity1
06-06 00:59:49.952 W/aiCharts(24111): License file is invalid or missing. 
06-06 00:59:49.952 W/aiCharts(24111): Please place proper license.lic to /assets folder.
06-06 00:59:49.974 V/PhoneStatusBar( 1712): setLightsOn(true)
06-06 00:59:50.000 V/PhoneStatusBar( 1712): setLightsOn(true)
06-06 00:59:50.005 I/WindowManager( 1631): Destroying surface Surface(name=Creating chart…) called by com.android.server.wm.WindowStateAnimator.destroySurface:2016 com.android.server.wm.WindowStateAnimator.destroySurfaceLocked:882 com.android.server.wm.WindowState.removeLocked:1456 com.android.server.wm.WindowManagerService.removeWindowInnerLocked:2484 com.android.server.wm.WindowManagerService.removeWindowLocked:2442 com.android.server.wm.WindowManagerService.removeWindowLocked:2311 com.android.server.wm.WindowManagerService.removeWindow:2306 com.android.server.wm.Session.remove:202 
06-06 00:59:50.007 D/gralloc_ranchu( 1347): gralloc_alloc: Creating ashmem region of size 9023488
06-06 00:59:50.016 V/PhoneStatusBar( 1712): setLightsOn(true)
06-06 00:59:50.029 I/ActivityManager( 1631): Displayed com.evancharlton.mileage/.charts.WestChart: +89ms
06-06 00:59:50.033 V/PhoneStatusBar( 1712): setLightsOn(true)
06-06 00:59:50.067 V/PhoneStatusBar( 1712): setLightsOn(true)
06-06 00:59:50.084 V/PhoneStatusBar( 1712): setLightsOn(true)
06-06 00:59:50.267 V/PhoneStatusBar( 1712): setLightsOn(true)
06-06 00:59:50.289 I/System.out(24111): URI: //map
06-06 00:59:50.289 I/System.out(24111): params: {json={"query":"* {text CONTAINS[c] 'Farthest west fillup'}","operation":{"method_name":"query","arguments":[]}}
06-06 00:59:50.289 I/System.out(24111): }
06-06 00:59:50.305 I/System.out(24111): URI: //
06-06 00:59:50.305 I/System.out(24111): params: {json={"command":"press_key","arguments":["KEYCODE_BACK"]}
06-06 00:59:50.305 I/System.out(24111): }
06-06 00:59:50.305 I/System.out(24111): header: {content-type=application/json;charset=utf-8, date=Sat, 06 Jun 2020 05:59:50 GMT, accept=*/*, host=127.0.0.1:34777, content-length=52, user-agent=HTTPClient/1.0 (2.8.3, ruby 2.5.1 (2018-03-29))}
06-06 00:59:50.305 I/System.out(24111): params: {json={"command":"press_key","arguments":["KEYCODE_BACK"]}
06-06 00:59:50.305 I/System.out(24111): }
06-06 00:59:50.305 I/System.out(24111): ProP json = {"command":"press_key","arguments":["KEYCODE_BACK"]}
06-06 00:59:50.305 I/System.out(24111): files: {}
06-06 00:59:50.305 I/System.out(24111): command: {"command":"press_key","arguments":["KEYCODE_BACK"]}
06-06 00:59:50.306 I/InstrumentationBackend(24111): Got command:'Command:'Line:null,press_key', arguments:'[KEYCODE_BACK]'
06-06 00:59:50.309 V/PhoneStatusBar( 1712): setLightsOn(true)
06-06 00:59:50.310 V/PhoneStatusBar( 1712): setLightsOn(true)
06-06 00:59:50.313 I/System.out(24111): result:{"bonusInformation":[],"message":"","success":true}
06-06 00:59:50.313 I/art     (24111): Do partial code cache collection, code=60KB, data=62KB
06-06 00:59:50.313 I/art     (24111): After code cache collection, code=59KB, data=61KB
06-06 00:59:50.313 I/art     (24111): Increasing code cache capacity to 256KB
06-06 00:59:50.314 D/VehicleStatisticsActivity(24111): Checking recalculation ...
06-06 00:59:50.314 D/VehicleStatisticsActivity(24111): Recalculation not necessary.
06-06 00:59:50.315 I/System.out(24111): URI: //map
06-06 00:59:50.315 I/System.out(24111): params: {json={"query":"* {text CONTAINS[c] 'Statistics'}","operation":{"method_name":"query","arguments":[]}}
06-06 00:59:50.315 I/System.out(24111): }
06-06 00:59:50.316 V/PhoneStatusBar( 1712): setLightsOn(true)
06-06 00:59:50.333 D/gralloc_ranchu( 1347): gralloc_alloc: Creating ashmem region of size 9023488
06-06 00:59:50.333 V/PhoneStatusBar( 1712): setLightsOn(true)
06-06 00:59:50.350 V/PhoneStatusBar( 1712): setLightsOn(true)
06-06 00:59:50.366 V/PhoneStatusBar( 1712): setLightsOn(true)
