--------- beginning of main
06-05 18:14:42.012 D/AndroidRuntime( 1173): >>>>>> START com.android.internal.os.RuntimeInit uid 2000 <<<<<<
06-05 18:14:42.013 D/AndroidRuntime( 1173): CheckJNI is ON
06-05 18:14:42.024 W/art     ( 1173): Unexpected CPU variant for X86 using defaults: x86
06-05 18:14:42.025 D/ICU     ( 1173): No timezone override file found: /data/misc/zoneinfo/current/icu/icu_tzdata.dat
06-05 18:14:42.032 E/memtrack( 1173): Couldn't load memtrack module (No such file or directory)
06-05 18:14:42.032 E/android.os.Debug( 1173): failed to load memtrack module: -2
06-05 18:14:42.033 I/Radio-JNI( 1173): register_android_hardware_Radio DONE
06-05 18:14:42.037 D/AndroidRuntime( 1173): Calling main entry com.android.commands.am.Am
--------- beginning of system
06-05 18:14:42.038 I/ActivityManager( 1630): Force stopping com.evancharlton.mileage appid=10150 user=0: start instr
06-05 18:14:42.039 I/ActivityManager( 1630): Killing 1138:com.evancharlton.mileage/u0a150 (adj 0): stop com.evancharlton.mileage
06-05 18:14:42.039 D/ActivityManager( 1630): cleanUpApplicationRecord -- 1138
06-05 18:14:42.039 W/ActivityManager( 1630): Crash of app com.evancharlton.mileage running instrumentation ComponentInfo{com.evancharlton.mileage.test/sh.calaba.instrumentationbackend.ClearAppData2}
06-05 18:14:42.039 I/ActivityManager( 1630): Force stopping com.evancharlton.mileage appid=10150 user=0: finished inst
06-05 18:14:42.042 I/art     ( 1183): Not late-enabling -Xcheck:jni (already on)
06-05 18:14:42.042 W/art     ( 1183): Unexpected CPU variant for X86 using defaults: x86
06-05 18:14:42.050 I/ActivityManager( 1630): Start proc 1183:com.evancharlton.mileage/u0a150 for added application com.evancharlton.mileage
06-05 18:14:42.050 D/AndroidRuntime( 1173): Shutting down VM
06-05 18:14:42.055 W/System  ( 1183): ClassLoader referenced unknown path: /data/app/com.evancharlton.mileage.test-1/lib/x86
06-05 18:14:42.055 W/System  ( 1183): ClassLoader referenced unknown path: /data/app/com.evancharlton.mileage-1/lib/x86
06-05 18:14:42.057 W/System  ( 1183): ClassLoader referenced unknown path: 
06-05 18:14:42.061 I/System.out( 1183): Main activity name automatically set to: com.evancharlton.mileage.Mileage
06-05 18:14:42.062 I/System.out( 1183): Calabash did not load Mono. This is only a problem if you are trying to test a Mono application
06-05 18:14:42.062 I/calabash( 1183): Test server port: 7102
06-05 18:14:42.063 I/InstrumentationBackend( 1183): Added:'GetPreferences', with key:'get_preferences'
06-05 18:14:42.068 I/InstrumentationBackend( 1183): Added:'SetPreferences', with key:'set_preferences'
06-05 18:14:42.068 I/InstrumentationBackend( 1183): Added:'ClearPreferences', with key:'clear_preferences'
06-05 18:14:42.068 I/InstrumentationBackend( 1183): Added:'PressElement', with key:'press_l10n_element'
06-05 18:14:42.068 I/InstrumentationBackend( 1183): Added:'WaitForElement', with key:'wait_for_l10n_element'
06-05 18:14:42.068 I/InstrumentationBackend( 1183): Added:'NullAction', with key:'nullAction'
06-05 18:14:42.068 I/InstrumentationBackend( 1183): Added:'PressKey', with key:'press_key'
06-05 18:14:42.068 I/InstrumentationBackend( 1183): Added:'SetActivityOrientation', with key:'set_activity_orientation'
06-05 18:14:42.068 I/InstrumentationBackend( 1183): Added:'GetActivityOrientation', with key:'get_activity_orientation'
06-05 18:14:42.069 I/InstrumentationBackend( 1183): Added:'FakeGPSLocation', with key:'set_gps_coordinates'
06-05 18:14:42.069 I/InstrumentationBackend( 1183): Added:'SetPropertyByCssSelector', with key:'set_property_by_css_selector'
06-05 18:14:42.069 I/InstrumentationBackend( 1183): Added:'GetUrl', with key:'get_url'
06-05 18:14:42.069 I/InstrumentationBackend( 1183): Added:'ScrollTo', with key:'scroll_to'
06-05 18:14:42.069 I/InstrumentationBackend( 1183): Added:'GetLoadProgress', with key:'get_load_progress'
06-05 18:14:42.069 I/InstrumentationBackend( 1183): Added:'DumpHtml', with key:'dump_html'
06-05 18:14:42.069 I/InstrumentationBackend( 1183): Added:'DumpBodyHtml', with key:'dump_body_html'
06-05 18:14:42.069 I/InstrumentationBackend( 1183): Added:'EnterTextByCssSelector', with key:'enter_text_by_selector'
06-05 18:14:42.069 I/InstrumentationBackend( 1183): Added:'AndroidSDKVersion', with key:'android_sdk_version'
06-05 18:14:42.069 I/InstrumentationBackend( 1183): Added:'Version', with key:'version'
06-05 18:14:42.069 I/InstrumentationBackend( 1183): Added:'Drag', with key:'drag'
06-05 18:14:42.070 I/InstrumentationBackend( 1183): Added:'TouchCoordinates', with key:'touch_coordinate'
06-05 18:14:42.070 I/InstrumentationBackend( 1183): Added:'LongPressCoordinate', with key:'long_press_coordinate'
06-05 18:14:42.070 I/InstrumentationBackend( 1183): Added:'DragCoordinates', with key:'drag_coordinates'
06-05 18:14:42.070 I/InstrumentationBackend( 1183): Added:'ResumeApplication', with key:'resume_application'
06-05 18:14:42.070 I/InstrumentationBackend( 1183): Added:'Swipe', with key:'swipe'
06-05 18:14:42.070 I/InstrumentationBackend( 1183): Added:'DoubleTapCoordinate', with key:'double_tap_coordinate'
06-05 18:14:42.070 I/InstrumentationBackend( 1183): Added:'ClickOnScreen', with key:'click_on_screen'
06-05 18:14:42.070 I/InstrumentationBackend( 1183): Added:'GetActivityName', with key:'get_activity_name'
06-05 18:14:42.070 I/InstrumentationBackend( 1183): Added:'ScrollToView', with key:'scroll_to_view'
06-05 18:14:42.070 I/InstrumentationBackend( 1183): Added:'ViewConfiguration', with key:'view_configuration'
06-05 18:14:42.070 I/InstrumentationBackend( 1183): Added:'IsCurrentActivityFocused', with key:'is_current_activity_focused'
06-05 18:14:42.070 I/InstrumentationBackend( 1183): Added:'SendTcp', with key:'send_tcp'
06-05 18:14:42.070 I/InstrumentationBackend( 1183): Added:'DpToDevicePixel', with key:'dp_to_device_pixel'
06-05 18:14:42.070 I/InstrumentationBackend( 1183): Added:'KeyboardEnterText', with key:'keyboard_enter_text'
06-05 18:14:42.070 I/InstrumentationBackend( 1183): Added:'DeleteSurroundingText', with key:'delete_surrounding_text'
06-05 18:14:42.070 I/InstrumentationBackend( 1183): Added:'SetComposingRegion', with key:'set_composing_region'
06-05 18:14:42.070 I/InstrumentationBackend( 1183): Added:'SetSelection', with key:'set_selection'
06-05 18:14:42.070 I/InstrumentationBackend( 1183): Added:'KeyboardKeyEvent', with key:'keyboard_key_event'
06-05 18:14:42.070 I/InstrumentationBackend( 1183): Added:'PressUserActionButton', with key:'press_user_action_button'
06-05 18:14:42.070 I/InstrumentationBackend( 1183): Added:'HideSoftKeyboard', with key:'hide_soft_keyboard'
06-05 18:14:42.070 I/InstrumentationBackend( 1183): Added:'ListActions', with key:'list_actions'
06-05 18:14:42.070 I/calabash( 1183): Instantiating http server at 7102
06-05 18:14:42.071 I/System.out( 1183): HTTP Daemon listening on: 7102
06-05 18:14:42.159 I/System.out( 1183): URI: //ping
06-05 18:14:42.159 I/System.out( 1183): params: {json={}
06-05 18:14:42.159 I/System.out( 1183): }
06-05 18:14:42.162 I/System.out( 1183): URI: //ping
06-05 18:14:42.162 I/System.out( 1183): params: {json={}
06-05 18:14:42.162 I/System.out( 1183): }
06-05 18:14:42.164 I/System.out( 1183): URI: //ready
06-05 18:14:42.164 I/System.out( 1183): params: {json={}
06-05 18:14:42.164 I/System.out( 1183): }
06-05 18:14:42.166 I/System.out( 1183): URI: //
06-05 18:14:42.166 I/System.out( 1183): params: {json={"command":"version","arguments":[]}
06-05 18:14:42.166 I/System.out( 1183): }
06-05 18:14:42.166 I/System.out( 1183): header: {content-type=application/json;charset=utf-8, date=Fri, 05 Jun 2020 23:14:42 GMT, accept=*/*, host=127.0.0.1:34784, content-length=36, user-agent=HTTPClient/1.0 (2.8.3, ruby 2.5.1 (2018-03-29))}
06-05 18:14:42.166 I/System.out( 1183): params: {json={"command":"version","arguments":[]}
06-05 18:14:42.166 I/System.out( 1183): }
06-05 18:14:42.166 I/System.out( 1183): ProP json = {"command":"version","arguments":[]}
06-05 18:14:42.166 I/System.out( 1183): files: {}
06-05 18:14:42.166 I/System.out( 1183): command: {"command":"version","arguments":[]}
06-05 18:14:42.169 I/InstrumentationBackend( 1183): Got command:'Command:'Line:null,version', arguments:'[]'
06-05 18:14:42.175 I/System.out( 1183): result:{"bonusInformation":[],"message":"0.9.8","success":true}
06-05 18:14:42.177 I/System.out( 1183): URI: //start-application
06-05 18:14:42.177 I/System.out( 1183): params: {json={"intent":null}
06-05 18:14:42.177 I/System.out( 1183): }
06-05 18:14:42.185 I/ActivityManager( 1630): START u0 {act=android.intent.action.MAIN cat=[android.intent.category.LAUNCHER] flg=0x10200000 cmp=com.evancharlton.mileage/.Mileage} from uid 10150 on display 0
06-05 18:14:42.191 I/calabash( 1183): newActivity1
06-05 18:14:42.204 I/calabash( 1183): newActivity1
06-05 18:14:42.206 W/ActivityManager( 1630): Bad activity token: android.os.BinderProxy@3d8e783
06-05 18:14:42.206 W/ActivityManager( 1630): java.lang.ClassCastException: android.os.BinderProxy cannot be cast to com.android.server.am.ActivityRecord$Token
06-05 18:14:42.206 W/ActivityManager( 1630): 	at com.android.server.am.ActivityRecord.forTokenLocked(ActivityRecord.java:586)
06-05 18:14:42.206 W/ActivityManager( 1630): 	at com.android.server.am.ActivityRecord.isInStackLocked(ActivityRecord.java:1327)
06-05 18:14:42.206 W/ActivityManager( 1630): 	at com.android.server.am.ActivityRecord.getStackLocked(ActivityRecord.java:1332)
06-05 18:14:42.206 W/ActivityManager( 1630): 	at com.android.server.am.ActivityManagerService.getActivityDisplayId(ActivityManagerService.java:9806)
06-05 18:14:42.206 W/ActivityManager( 1630): 	at android.app.ActivityManagerNative.onTransact(ActivityManagerNative.java:2566)
06-05 18:14:42.206 W/ActivityManager( 1630): 	at com.android.server.am.ActivityManagerService.onTransact(ActivityManagerService.java:2757)
06-05 18:14:42.206 W/ActivityManager( 1630): 	at android.os.Binder.execTransact(Binder.java:565)
06-05 18:14:42.207 W/ActivityManager( 1630): Bad activity token: android.os.BinderProxy@3d8e783
06-05 18:14:42.207 W/ActivityManager( 1630): java.lang.ClassCastException: android.os.BinderProxy cannot be cast to com.android.server.am.ActivityRecord$Token
06-05 18:14:42.207 W/ActivityManager( 1630): 	at com.android.server.am.ActivityRecord.forTokenLocked(ActivityRecord.java:586)
06-05 18:14:42.207 W/ActivityManager( 1630): 	at com.android.server.am.ActivityRecord.isInStackLocked(ActivityRecord.java:1327)
06-05 18:14:42.207 W/ActivityManager( 1630): 	at com.android.server.am.ActivityManagerService.setTaskDescription(ActivityManagerService.java:9358)
06-05 18:14:42.207 W/ActivityManager( 1630): 	at android.app.ActivityManagerNative.onTransact(ActivityManagerNative.java:2639)
06-05 18:14:42.207 W/ActivityManager( 1630): 	at com.android.server.am.ActivityManagerService.onTransact(ActivityManagerService.java:2757)
06-05 18:14:42.207 W/ActivityManager( 1630): 	at android.os.Binder.execTransact(Binder.java:565)
06-05 18:14:42.207 W/ActivityManager( 1630): Bad activity token: android.os.BinderProxy@3d8e783
06-05 18:14:42.207 W/ActivityManager( 1630): java.lang.ClassCastException: android.os.BinderProxy cannot be cast to com.android.server.am.ActivityRecord$Token
06-05 18:14:42.207 W/ActivityManager( 1630): 	at com.android.server.am.ActivityRecord.forTokenLocked(ActivityRecord.java:586)
06-05 18:14:42.207 W/ActivityManager( 1630): 	at com.android.server.am.ActivityRecord.isInStackLocked(ActivityRecord.java:1327)
06-05 18:14:42.207 W/ActivityManager( 1630): 	at com.android.server.am.ActivityRecord.getStackLocked(ActivityRecord.java:1332)
06-05 18:14:42.207 W/ActivityManager( 1630): 	at com.android.server.am.ActivityManagerService.getActivityStackId(ActivityManagerService.java:9817)
06-05 18:14:42.207 W/ActivityManager( 1630): 	at android.app.ActivityManagerNative.onTransact(ActivityManagerNative.java:2856)
06-05 18:14:42.207 W/ActivityManager( 1630): 	at com.android.server.am.ActivityManagerService.onTransact(ActivityManagerService.java:2757)
06-05 18:14:42.207 W/ActivityManager( 1630): 	at android.os.Binder.execTransact(Binder.java:565)
06-05 18:14:42.213 D/gralloc_ranchu( 1346): gralloc_alloc: Creating ashmem region of size 9023488
06-05 18:14:42.231 D/FillupsProvider( 1183): Creating database
06-05 18:14:42.250 W/ActivityManager( 1630): Bad activity token: android.os.BinderProxy@3d8e783
06-05 18:14:42.250 W/ActivityManager( 1630): java.lang.ClassCastException: android.os.BinderProxy cannot be cast to com.android.server.am.ActivityRecord$Token
06-05 18:14:42.250 W/ActivityManager( 1630): 	at com.android.server.am.ActivityRecord.forTokenLocked(ActivityRecord.java:586)
06-05 18:14:42.250 W/ActivityManager( 1630): 	at com.android.server.am.ActivityRecord.isInStackLocked(ActivityRecord.java:1327)
06-05 18:14:42.250 W/ActivityManager( 1630): 	at com.android.server.am.ActivityManagerService.getActivityOptions(ActivityManagerService.java:12559)
06-05 18:14:42.250 W/ActivityManager( 1630): 	at android.app.ActivityManagerNative.onTransact(ActivityManagerNative.java:1933)
06-05 18:14:42.250 W/ActivityManager( 1630): 	at com.android.server.am.ActivityManagerService.onTransact(ActivityManagerService.java:2757)
06-05 18:14:42.250 W/ActivityManager( 1630): 	at android.os.Binder.execTransact(Binder.java:565)
06-05 18:14:42.250 W/ActivityManager( 1630): Bad activity token: android.os.BinderProxy@3d8e783
06-05 18:14:42.250 W/ActivityManager( 1630): java.lang.ClassCastException: android.os.BinderProxy cannot be cast to com.android.server.am.ActivityRecord$Token
06-05 18:14:42.250 W/ActivityManager( 1630): 	at com.android.server.am.ActivityRecord.forTokenLocked(ActivityRecord.java:586)
06-05 18:14:42.250 W/ActivityManager( 1630): 	at com.android.server.am.ActivityRecord.isInStackLocked(ActivityRecord.java:1327)
06-05 18:14:42.250 W/ActivityManager( 1630): 	at com.android.server.am.ActivityManagerService.getActivityOptions(ActivityManagerService.java:12559)
06-05 18:14:42.250 W/ActivityManager( 1630): 	at android.app.ActivityManagerNative.onTransact(ActivityManagerNative.java:1933)
06-05 18:14:42.250 W/ActivityManager( 1630): 	at com.android.server.am.ActivityManagerService.onTransact(ActivityManagerService.java:2757)
06-05 18:14:42.250 W/ActivityManager( 1630): 	at android.os.Binder.execTransact(Binder.java:565)
06-05 18:14:42.255 V/PhoneStatusBar( 1712): setLightsOn(true)
06-05 18:14:42.261 D/EGL_emulation( 2099): eglMakeCurrent: 0xb4085240: ver 2 0 (tinfo 0xb40832d0)
06-05 18:14:42.263 D/EGL_emulation( 1712): eglMakeCurrent: 0xb4085540: ver 2 0 (tinfo 0xb4083740)
06-05 18:14:42.276 D/EGL_emulation( 1712): eglMakeCurrent: 0xb4085540: ver 2 0 (tinfo 0xb4083740)
06-05 18:14:42.279 D/EGL_emulation( 1712): eglMakeCurrent: 0xb4085540: ver 2 0 (tinfo 0xb4083740)
06-05 18:14:42.293 D/EGL_emulation( 1712): eglMakeCurrent: 0xb4085540: ver 2 0 (tinfo 0xb4083740)
06-05 18:14:42.294 D/EGL_emulation( 1712): eglMakeCurrent: 0xb4085540: ver 2 0 (tinfo 0xb4083740)
06-05 18:14:42.294 D/gralloc_ranchu( 1346): gralloc_alloc: Creating ashmem region of size 9023488
06-05 18:14:42.300 D/        ( 1183): HostConnection::get() New Host Connection established 0x97cb1500, tid 1183
06-05 18:14:42.346 D/EGL_emulation( 1712): eglMakeCurrent: 0xb4085540: ver 2 0 (tinfo 0xb4083740)
06-05 18:14:42.351 D/EGL_emulation( 1712): eglMakeCurrent: 0xb4085540: ver 2 0 (tinfo 0xb4083740)
06-05 18:14:42.351 V/PhoneStatusBar( 1712): setLightsOn(true)
06-05 18:14:42.353 D/EGL_emulation( 1712): eglMakeCurrent: 0xb4085540: ver 2 0 (tinfo 0xb4083740)
06-05 18:14:42.355 D/EGL_emulation( 1712): eglMakeCurrent: 0xb4085540: ver 2 0 (tinfo 0xb4083740)
06-05 18:14:42.363 D/EGL_emulation( 1712): eglMakeCurrent: 0xb4085540: ver 2 0 (tinfo 0xb4083740)
06-05 18:14:42.365 D/EGL_emulation( 1712): eglMakeCurrent: 0xb4085540: ver 2 0 (tinfo 0xb4083740)
06-05 18:14:42.376 D/EGL_emulation( 1712): eglMakeCurrent: 0xb4085540: ver 2 0 (tinfo 0xb4083740)
06-05 18:14:42.378 D/EGL_emulation( 1712): eglMakeCurrent: 0xb4085540: ver 2 0 (tinfo 0xb4083740)
06-05 18:14:42.393 D/EGL_emulation( 1712): eglMakeCurrent: 0xb4085540: ver 2 0 (tinfo 0xb4083740)
06-05 18:14:42.394 D/gralloc_ranchu( 1346): gralloc_alloc: Creating ashmem region of size 9023488
06-05 18:14:42.400 D/EGL_emulation( 1712): eglMakeCurrent: 0xb4085540: ver 2 0 (tinfo 0xb4083740)
06-05 18:14:42.409 I/ActivityManager( 1630): Displayed com.evancharlton.mileage/.Mileage: +220ms
06-05 18:14:42.416 D/EGL_emulation( 1712): eglMakeCurrent: 0xb4085540: ver 2 0 (tinfo 0xb4083740)
06-05 18:14:42.418 D/EGL_emulation( 1712): eglMakeCurrent: 0xb4085540: ver 2 0 (tinfo 0xb4083740)
06-05 18:14:42.429 D/EGL_emulation( 1712): eglMakeCurrent: 0xb4085540: ver 2 0 (tinfo 0xb4083740)
06-05 18:14:42.430 D/EGL_emulation( 1712): eglMakeCurrent: 0xb4085540: ver 2 0 (tinfo 0xb4083740)
06-05 18:14:42.444 D/EGL_emulation( 1712): eglMakeCurrent: 0xb4085540: ver 2 0 (tinfo 0xb4083740)
06-05 18:14:42.446 D/EGL_emulation( 1712): eglMakeCurrent: 0xb4085540: ver 2 0 (tinfo 0xb4083740)
06-05 18:14:42.446 V/PhoneStatusBar( 1712): setLightsOn(true)
06-05 18:14:42.460 D/EGL_emulation( 1712): eglMakeCurrent: 0xb4085540: ver 2 0 (tinfo 0xb4083740)
06-05 18:14:42.462 D/EGL_emulation( 1712): eglMakeCurrent: 0xb4085540: ver 2 0 (tinfo 0xb4083740)
06-05 18:14:42.482 D/EGL_emulation( 1712): eglMakeCurrent: 0xb4085540: ver 2 0 (tinfo 0xb4083740)
06-05 18:14:42.610 I/WindowManager( 1630): Destroying surface Surface(name=Starting com.evancharlton.mileage) called by com.android.server.wm.WindowStateAnimator.destroySurface:2016 com.android.server.wm.WindowStateAnimator.destroySurfaceLocked:882 com.android.server.wm.WindowState.destroyOrSaveSurface:2100 com.android.server.wm.AppWindowToken.destroySurfaces:363 com.android.server.wm.WindowStateAnimator.finishExit:565 com.android.server.wm.WindowStateAnimator.stepAnimationLocked:491 com.android.server.wm.WindowAnimator.updateWindowsLocked:303 com.android.server.wm.WindowAnimator.animateLocked:704 
06-05 18:14:42.616 V/PhoneStatusBar( 1712): setLightsOn(true)
06-05 18:14:42.644 V/PhoneStatusBar( 1712): setLightsOn(true)
06-05 18:14:42.727 V/PhoneStatusBar( 1712): setLightsOn(true)
06-05 18:14:43.009 V/PhoneStatusBar( 1712): setLightsOn(true)
06-05 18:14:43.010 V/PhoneStatusBar( 1712): setLightsOn(true)
06-05 18:14:43.026 I/WindowManager( 1630): Destroying surface Surface(name=com.android.launcher3/com.android.launcher3.Launcher) called by com.android.server.wm.WindowStateAnimator.destroySurface:2016 com.android.server.wm.WindowStateAnimator.destroySurfaceLocked:882 com.android.server.wm.WindowState.destroyOrSaveSurface:2100 com.android.server.wm.AppWindowToken.destroySurfaces:363 com.android.server.wm.AppWindowToken.notifyAppStopped:389 com.android.server.wm.WindowManagerService.notifyAppStopped:4463 com.android.server.am.ActivityStack.activityStoppedLocked:1252 com.android.server.am.ActivityManagerService.activityStopped:6903 
06-05 18:14:43.026 V/PhoneStatusBar( 1712): setLightsOn(true)
06-05 18:14:43.455 I/System.out( 1183): URI: //
06-05 18:14:43.456 I/System.out( 1183): params: {json={"command":"press_key","arguments":["KEYCODE_MENU"]}
06-05 18:14:43.456 I/System.out( 1183): }
06-05 18:14:43.456 I/System.out( 1183): header: {content-type=application/json;charset=utf-8, date=Fri, 05 Jun 2020 23:14:43 GMT, accept=*/*, host=127.0.0.1:34784, content-length=52, user-agent=HTTPClient/1.0 (2.8.3, ruby 2.5.1 (2018-03-29))}
06-05 18:14:43.456 I/System.out( 1183): params: {json={"command":"press_key","arguments":["KEYCODE_MENU"]}
06-05 18:14:43.456 I/System.out( 1183): }
06-05 18:14:43.456 I/System.out( 1183): ProP json = {"command":"press_key","arguments":["KEYCODE_MENU"]}
06-05 18:14:43.456 I/System.out( 1183): files: {}
06-05 18:14:43.456 I/System.out( 1183): command: {"command":"press_key","arguments":["KEYCODE_MENU"]}
06-05 18:14:43.460 I/InstrumentationBackend( 1183): Got command:'Command:'Line:null,press_key', arguments:'[KEYCODE_MENU]'
06-05 18:14:43.491 V/PhoneStatusBar( 1712): setLightsOn(true)
06-05 18:14:43.500 W/audio_hw_generic( 1395): Not supplying enough data to HAL, expected position 393051033 , only wrote 393050880
06-05 18:14:43.500 V/PhoneStatusBar( 1712): setLightsOn(true)
06-05 18:14:43.505 I/System.out( 1183): result:{"bonusInformation":[],"message":"","success":true}
06-05 18:14:43.509 I/System.out( 1183): URI: //map
06-05 18:14:43.509 I/System.out( 1183): params: {json={"query":"* marked:'Service intervals'","operation":{"method_name":"query","arguments":[]}}
06-05 18:14:43.509 I/System.out( 1183): }
06-05 18:14:43.510 V/PhoneStatusBar( 1712): setLightsOn(true)
06-05 18:14:43.550 V/PhoneStatusBar( 1712): setLightsOn(true)
06-05 18:14:43.552 D/gralloc_ranchu( 1346): gralloc_alloc: Creating ashmem region of size 1720320
06-05 18:14:43.561 V/PhoneStatusBar( 1712): setLightsOn(true)
06-05 18:14:43.562 V/PhoneStatusBar( 1712): setLightsOn(true)
06-05 18:14:43.577 V/PhoneStatusBar( 1712): setLightsOn(true)
06-05 18:14:43.592 D/gralloc_ranchu( 1346): gralloc_alloc: Creating ashmem region of size 9023488
06-05 18:14:43.623 I/WearableService( 2045): Wearable Services stopping
06-05 18:14:43.646 W/ResourceType( 1183): No package identifier when getting name for resource number 0x00000001
06-05 18:14:43.661 I/System.out( 1183): URI: //gesture
06-05 18:14:43.662 I/System.out( 1183): params: {json={"query_timeout":5.0,"gestures":[{"query_string":"* marked:'Service intervals'","touches":[{"x":50,"y":50,"offset_x":0,"offset_y":0,"wait":0.0,"time":0.2,"release":true,"query_string":null}]}]}
06-05 18:14:43.662 I/System.out( 1183): }
06-05 18:14:43.712 W/ResourceType( 1183): No package identifier when getting name for resource number 0x00000001
06-05 18:14:43.793 V/PhoneStatusBar( 1712): setLightsOn(true)
06-05 18:14:43.859 D/gralloc_ranchu( 1346): gralloc_alloc: Creating ashmem region of size 1720320
06-05 18:14:43.978 I/ActivityManager( 1630): START u0 {cmp=com.evancharlton.mileage/.ServiceIntervalsListActivity} from uid 10150 on display 0
06-05 18:14:43.980 V/PhoneStatusBar( 1712): setLightsOn(true)
06-05 18:14:43.982 V/PhoneStatusBar( 1712): setLightsOn(true)
06-05 18:14:43.990 I/WindowManager( 1630): Destroying surface Surface(name=AtchDlg:com.evancharlton.mileage/com.evancharlton.mileage.FillupActivity) called by com.android.server.wm.WindowStateAnimator.destroySurface:2016 com.android.server.wm.WindowStateAnimator.destroySurfaceLocked:882 com.android.server.wm.WindowState.removeLocked:1456 com.android.server.wm.WindowManagerService.removeWindowInnerLocked:2484 com.android.server.wm.WindowManagerService.removeWindowLocked:2442 com.android.server.wm.WindowManagerService.removeWindowLocked:2311 com.android.server.wm.WindowManagerService.removeWindow:2306 com.android.server.wm.Session.remove:202 
06-05 18:14:43.992 I/calabash( 1183): newActivity1
06-05 18:14:43.996 I/System.out( 1183): URI: //map
06-05 18:14:43.996 I/System.out( 1183): params: {json={"query":"* {text CONTAINS[c] 'Service intervals'}","operation":{"method_name":"query","arguments":[]}}
06-05 18:14:43.996 I/System.out( 1183): }
06-05 18:14:44.006 V/PhoneStatusBar( 1712): setLightsOn(true)
06-05 18:14:44.009 V/PhoneStatusBar( 1712): setLightsOn(true)
06-05 18:14:44.011 D/gralloc_ranchu( 1346): gralloc_alloc: Creating ashmem region of size 9023488
06-05 18:14:44.026 V/PhoneStatusBar( 1712): setLightsOn(true)
06-05 18:14:44.031 I/ActivityManager( 1630): Displayed com.evancharlton.mileage/.ServiceIntervalsListActivity: +46ms
06-05 18:14:44.042 D/gralloc_ranchu( 1346): gralloc_alloc: Creating ashmem region of size 9023488
06-05 18:14:44.042 V/PhoneStatusBar( 1712): setLightsOn(true)
06-05 18:14:44.076 V/PhoneStatusBar( 1712): setLightsOn(true)
06-05 18:14:44.109 V/PhoneStatusBar( 1712): setLightsOn(true)
06-05 18:14:44.278 V/PhoneStatusBar( 1712): setLightsOn(true)
06-05 18:14:44.344 I/System.out( 1183): URI: //map
06-05 18:14:44.344 I/System.out( 1183): params: {json={"query":"* {text CONTAINS[c] 'Service intervals'}","operation":{"method_name":"query","arguments":[]}}
06-05 18:14:44.344 I/System.out( 1183): }
06-05 18:14:44.366 I/art     ( 1183): Do partial code cache collection, code=30KB, data=30KB
06-05 18:14:44.366 I/art     ( 1183): After code cache collection, code=27KB, data=29KB
06-05 18:14:44.366 I/art     ( 1183): Increasing code cache capacity to 128KB
06-05 18:14:44.395 I/System.out( 1183): URI: //map
06-05 18:14:44.395 I/System.out( 1183): params: {json={"query":"* {text CONTAINS[c] 'You haven'}","operation":{"method_name":"query","arguments":[]}}
06-05 18:14:44.395 I/System.out( 1183): }
06-05 18:14:44.409 V/PhoneStatusBar( 1712): setLightsOn(true)
06-05 18:14:44.410 V/PhoneStatusBar( 1712): setLightsOn(true)
06-05 18:14:44.412 I/System.out( 1183): URI: //map
06-05 18:14:44.412 I/System.out( 1183): params: {json={"query":"* {text CONTAINS[c] 't set any service intervals!'}","operation":{"method_name":"query","arguments":[]}}
06-05 18:14:44.412 I/System.out( 1183): }
06-05 18:14:44.427 V/PhoneStatusBar( 1712): setLightsOn(true)
06-05 18:14:44.427 I/WindowManager( 1630): Destroying surface Surface(name=com.evancharlton.mileage/com.evancharlton.mileage.Mileage) called by com.android.server.wm.WindowStateAnimator.destroySurface:2016 com.android.server.wm.WindowStateAnimator.destroySurfaceLocked:882 com.android.server.wm.WindowState.destroyOrSaveSurface:2100 com.android.server.wm.WindowManagerService.tryStartExitingAnimation:3024 com.android.server.wm.WindowManagerService.relayoutWindow:2904 com.android.server.wm.Session.relayout:224 android.view.IWindowSession$Stub.onTransact:286 com.android.server.wm.Session.onTransact:145 
06-05 18:14:44.427 V/PhoneStatusBar( 1712): setLightsOn(true)
06-05 18:14:44.437 I/System.out( 1183): URI: //map
06-05 18:14:44.437 I/System.out( 1183): params: {json={"query":"* {text CONTAINS[c] 'Press menu or use the buttons below to add some!'}","operation":{"method_name":"query","arguments":[]}}
06-05 18:14:44.437 I/System.out( 1183): }
06-05 18:14:44.448 I/System.out( 1183): URI: //map
06-05 18:14:44.448 I/System.out( 1183): params: {json={"query":"* {text CONTAINS[c] 'Add service interval'}","operation":{"method_name":"query","arguments":[]}}
06-05 18:14:44.448 I/System.out( 1183): }
06-05 18:14:44.460 I/System.out( 1183): URI: //map
06-05 18:14:44.460 I/System.out( 1183): params: {json={"query":"* {text CONTAINS[c] 'Edit templates'}","operation":{"method_name":"query","arguments":[]}}
06-05 18:14:44.460 I/System.out( 1183): }
06-05 18:14:44.473 I/System.out( 1183): URI: //map
06-05 18:14:44.473 I/System.out( 1183): params: {json={"query":"* marked:'Add service interval'","operation":{"method_name":"query","arguments":[]}}
06-05 18:14:44.473 I/System.out( 1183): }
06-05 18:14:44.477 W/ResourceType( 1183): No package identifier when getting name for resource number 0x00000001
06-05 18:14:44.486 I/System.out( 1183): URI: //gesture
06-05 18:14:44.486 I/System.out( 1183): params: {json={"query_timeout":5.0,"gestures":[{"query_string":"* marked:'Add service interval'","touches":[{"x":50,"y":50,"offset_x":0,"offset_y":0,"wait":0.0,"time":0.2,"release":true,"query_string":null}]}]}
06-05 18:14:44.486 I/System.out( 1183): }
06-05 18:14:44.489 W/ResourceType( 1183): No package identifier when getting name for resource number 0x00000001
06-05 18:14:44.712 I/ActivityManager( 1630): START u0 {cmp=com.evancharlton.mileage/.ServiceIntervalActivity} from uid 10150 on display 0
06-05 18:14:44.717 V/PhoneStatusBar( 1712): setLightsOn(true)
06-05 18:14:44.721 V/PhoneStatusBar( 1712): setLightsOn(true)
06-05 18:14:44.741 I/System.out( 1183): URI: //map
06-05 18:14:44.741 I/System.out( 1183): params: {json={"query":"* {text CONTAINS[c] 'Vehicle'}","operation":{"method_name":"query","arguments":[]}}
06-05 18:14:44.741 I/System.out( 1183): }
06-05 18:14:44.771 I/calabash( 1183): newActivity1
06-05 18:14:44.810 V/PhoneStatusBar( 1712): setLightsOn(true)
06-05 18:14:44.826 V/PhoneStatusBar( 1712): setLightsOn(true)
06-05 18:14:44.832 D/gralloc_ranchu( 1346): gralloc_alloc: Creating ashmem region of size 9023488
06-05 18:14:44.842 V/PhoneStatusBar( 1712): setLightsOn(true)
06-05 18:14:44.859 V/PhoneStatusBar( 1712): setLightsOn(true)
06-05 18:14:44.861 W/InputMethodService( 1697): Window size has been changed. This may cause jankiness of resizing window: -1 -> -2
06-05 18:14:44.861 I/ActivityManager( 1630): Displayed com.evancharlton.mileage/.ServiceIntervalActivity: +136ms
06-05 18:14:44.861 I/art     ( 1183): Do partial code cache collection, code=58KB, data=62KB
06-05 18:14:44.862 I/art     ( 1183): After code cache collection, code=58KB, data=62KB
06-05 18:14:44.862 I/art     ( 1183): Increasing code cache capacity to 256KB
06-05 18:14:44.866 I/LatinIME( 1697): Starting input. Cursor position = 0,0
06-05 18:14:44.872 D/gralloc_ranchu( 1346): gralloc_alloc: Creating ashmem region of size 9023488
06-05 18:14:44.872 I/LatinIME:LogUtils( 1697): Dictionary info: dictionary = spellcheck_userunigram.en_US ; version = 1591398884 ; date = ?
06-05 18:14:44.876 V/PhoneStatusBar( 1712): setLightsOn(true)
06-05 18:14:44.877 I/LatinIME:LogUtils( 1697): Dictionary info: dictionary = main:en ; version = 54 ; date = 1414726273
06-05 18:14:44.909 W/IInputConnectionWrapper( 1183): getSelectedText on inactive InputConnection
06-05 18:14:44.942 V/PhoneStatusBar( 1712): setLightsOn(true)
06-05 18:14:44.958 W/IInputConnectionWrapper( 1183): requestCursorAnchorInfo on inactive InputConnection
06-05 18:14:44.958 W/IInputConnectionWrapper( 1183): getTextBeforeCursor on inactive InputConnection
06-05 18:14:44.959 E/RichInputConnection( 1697): Unable to connect to the editor to retrieve text.
06-05 18:14:44.959 D/RichInputConnection( 1697): Will try to retrieve text later.
06-05 18:14:44.960 W/IInputConnectionWrapper( 1183): getTextBeforeCursor on inactive InputConnection
06-05 18:14:44.960 E/RichInputConnection( 1697): Unable to connect to the editor to retrieve text.
06-05 18:14:44.960 W/RichInputConnection( 1697): Unable to connect to the editor. Setting caps mode without knowing text.
06-05 18:14:44.974 I/LatinIME( 1697): Starting input. Cursor position = 0,0
06-05 18:14:44.975 W/IInputConnectionWrapper( 1183): getTextBeforeCursor on inactive InputConnection
06-05 18:14:44.975 W/IInputConnectionWrapper( 1183): getSelectedText on inactive InputConnection
06-05 18:14:44.975 W/IInputConnectionWrapper( 1183): requestCursorAnchorInfo on inactive InputConnection
06-05 18:14:44.975 W/IInputConnectionWrapper( 1183): getTextBeforeCursor on inactive InputConnection
06-05 18:14:44.976 E/RichInputConnection( 1697): Unable to connect to the editor to retrieve text.
06-05 18:14:44.976 D/RichInputConnection( 1697): Will try to retrieve text later.
06-05 18:14:44.976 W/IInputConnectionWrapper( 1183): getTextBeforeCursor on inactive InputConnection
06-05 18:14:44.976 E/RichInputConnection( 1697): Unable to connect to the editor to retrieve text.
06-05 18:14:44.976 W/RichInputConnection( 1697): Unable to connect to the editor. Setting caps mode without knowing text.
06-05 18:14:44.976 W/IInputConnectionWrapper( 1183): getTextBeforeCursor on inactive InputConnection
06-05 18:14:44.976 E/RichInputConnection( 1697): Unable to connect to the editor to retrieve text.
06-05 18:14:44.976 W/RichInputConnection( 1697): Unable to connect to the editor. Setting caps mode without knowing text.
06-05 18:14:44.994 D/EGL_emulation( 1712): eglMakeCurrent: 0xb4085540: ver 2 0 (tinfo 0xb4083740)
06-05 18:14:44.999 I/LatinIME( 1697): Starting input. Cursor position = 0,0
06-05 18:14:45.009 D/EGL_emulation( 1712): eglMakeCurrent: 0xb4085540: ver 2 0 (tinfo 0xb4083740)
06-05 18:14:45.010 V/PhoneStatusBar( 1712): setLightsOn(true)
06-05 18:14:45.017 D/EGL_emulation( 1697): eglMakeCurrent: 0xb4085660: ver 2 0 (tinfo 0xb40834b0)
06-05 18:14:45.026 V/PhoneStatusBar( 1712): setLightsOn(true)
06-05 18:14:45.042 V/PhoneStatusBar( 1712): setLightsOn(true)
06-05 18:14:45.095 V/PhoneStatusBar( 1712): setLightsOn(true)
06-05 18:14:45.141 I/System.out( 1183): URI: //map
06-05 18:14:45.141 I/System.out( 1183): params: {json={"query":"* {text CONTAINS[c] 'Vehicle'}","operation":{"method_name":"query","arguments":[]}}
06-05 18:14:45.141 I/System.out( 1183): }
06-05 18:14:45.175 I/System.out( 1183): URI: //map
06-05 18:14:45.175 I/System.out( 1183): params: {json={"query":"* {text CONTAINS[c] 'Template to use (optional)'}","operation":{"method_name":"query","arguments":[]}}
06-05 18:14:45.175 I/System.out( 1183): }
06-05 18:14:45.189 I/System.out( 1183): URI: //map
06-05 18:14:45.189 I/System.out( 1183): params: {json={"query":"* {text CONTAINS[c] 'Service interval information'}","operation":{"method_name":"query","arguments":[]}}
06-05 18:14:45.189 I/System.out( 1183): }
06-05 18:14:45.201 I/System.out( 1183): URI: //
06-05 18:14:45.201 I/System.out( 1183): params: {json={"command":"press_key","arguments":["KEYCODE_BACK"]}
06-05 18:14:45.201 I/System.out( 1183): }
06-05 18:14:45.201 I/System.out( 1183): header: {content-type=application/json;charset=utf-8, date=Fri, 05 Jun 2020 23:14:45 GMT, accept=*/*, host=127.0.0.1:34784, content-length=52, user-agent=HTTPClient/1.0 (2.8.3, ruby 2.5.1 (2018-03-29))}
06-05 18:14:45.201 I/System.out( 1183): params: {json={"command":"press_key","arguments":["KEYCODE_BACK"]}
06-05 18:14:45.201 I/System.out( 1183): }
06-05 18:14:45.201 I/System.out( 1183): ProP json = {"command":"press_key","arguments":["KEYCODE_BACK"]}
06-05 18:14:45.201 I/System.out( 1183): files: {}
06-05 18:14:45.201 I/System.out( 1183): command: {"command":"press_key","arguments":["KEYCODE_BACK"]}
06-05 18:14:45.202 I/InstrumentationBackend( 1183): Got command:'Command:'Line:null,press_key', arguments:'[KEYCODE_BACK]'
06-05 18:14:45.203 W/InputMethodService( 1697): Window size has been changed. This may cause jankiness of resizing window: -1 -> -2
06-05 18:14:45.206 I/System.out( 1183): result:{"bonusInformation":[],"message":"","success":true}
06-05 18:14:45.208 I/System.out( 1183): URI: //map
06-05 18:14:45.208 I/System.out( 1183): params: {json={"query":"* {text CONTAINS[c] 'When to remind'}","operation":{"method_name":"query","arguments":[]}}
06-05 18:14:45.208 I/System.out( 1183): }
06-05 18:14:45.209 D/EGL_emulation( 1712): eglMakeCurrent: 0xb4085540: ver 2 0 (tinfo 0xb4083740)
06-05 18:14:45.209 D/EGL_emulation( 1697): eglMakeCurrent: 0xb4085660: ver 2 0 (tinfo 0xb40834b0)
06-05 18:14:45.212 V/PhoneStatusBar( 1712): setLightsOn(true)
06-05 18:14:45.213 V/PhoneStatusBar( 1712): setLightsOn(true)
06-05 18:14:45.220 I/System.out( 1183): URI: //map
06-05 18:14:45.220 I/System.out( 1183): params: {json={"query":"* marked:'Miles'","operation":{"method_name":"query","arguments":[]}}
06-05 18:14:45.220 I/System.out( 1183): }
06-05 18:14:45.228 V/PhoneStatusBar( 1712): setLightsOn(true)
06-05 18:14:45.230 V/PhoneStatusBar( 1712): setLightsOn(true)
06-05 18:14:45.233 V/PhoneStatusBar( 1712): setLightsOn(true)
06-05 18:14:45.245 V/PhoneStatusBar( 1712): setLightsOn(true)
06-05 18:14:45.279 W/ResourceType( 1183): No package identifier when getting name for resource number 0x00000001
06-05 18:14:45.290 I/System.out( 1183): URI: //gesture
06-05 18:14:45.290 I/System.out( 1183): params: {json={"query_timeout":5.0,"gestures":[{"query_string":"* marked:'Miles'","touches":[{"x":50,"y":50,"offset_x":0,"offset_y":0,"wait":0.0,"time":0.2,"release":true,"query_string":null}]}]}
06-05 18:14:45.290 I/System.out( 1183): }
06-05 18:14:45.293 I/WindowManager( 1630): Destroying surface Surface(name=com.evancharlton.mileage/com.evancharlton.mileage.ServiceIntervalsListActivity) called by com.android.server.wm.WindowStateAnimator.destroySurface:2016 com.android.server.wm.WindowStateAnimator.destroySurfaceLocked:882 com.android.server.wm.WindowState.destroyOrSaveSurface:2100 com.android.server.wm.AppWindowToken.destroySurfaces:363 com.android.server.wm.AppWindowToken.notifyAppStopped:389 com.android.server.wm.WindowManagerService.notifyAppStopped:4463 com.android.server.am.ActivityStack.activityStoppedLocked:1252 com.android.server.am.ActivityManagerService.activityStopped:6903 
06-05 18:14:45.297 W/ResourceType( 1183): No package identifier when getting name for resource number 0x00000001
06-05 18:14:45.393 V/PhoneStatusBar( 1712): setLightsOn(true)
06-05 18:14:45.394 I/WindowManager( 1630): Destroying surface Surface(name=InputMethod) called by com.android.server.wm.WindowStateAnimator.destroySurface:2016 com.android.server.wm.WindowStateAnimator.destroySurfaceLocked:882 com.android.server.wm.WindowState.destroyOrSaveSurface:2100 com.android.server.wm.WindowSurfacePlacer.performSurfacePlacementInner:429 com.android.server.wm.WindowSurfacePlacer.performSurfacePlacementLoop:232 com.android.server.wm.WindowSurfacePlacer.performSurfacePlacement:180 com.android.server.wm.WindowManagerService$H.handleMessage:8086 android.os.Handler.dispatchMessage:102 
06-05 18:14:45.451 D/gralloc_ranchu( 1346): gralloc_alloc: Creating ashmem region of size 9023488
06-05 18:14:45.530 V/PhoneStatusBar( 1712): setLightsOn(true)
06-05 18:14:45.532 I/System.out( 1183): URI: //map
06-05 18:14:45.532 I/System.out( 1183): params: {json={"query":"* marked:'Kilometers'","operation":{"method_name":"query","arguments":[]}}
06-05 18:14:45.532 I/System.out( 1183): }
06-05 18:14:45.546 V/PhoneStatusBar( 1712): setLightsOn(true)
06-05 18:14:45.559 V/PhoneStatusBar( 1712): setLightsOn(true)
06-05 18:14:45.583 D/gralloc_ranchu( 1346): gralloc_alloc: Creating ashmem region of size 1597440
06-05 18:14:45.591 V/PhoneStatusBar( 1712): setLightsOn(true)
06-05 18:14:45.592 W/ResourceType( 1183): No package identifier when getting name for resource number 0x00000001
06-05 18:14:45.592 V/PhoneStatusBar( 1712): setLightsOn(true)
06-05 18:14:45.593 D/gralloc_ranchu( 1346): gralloc_alloc: Creating ashmem region of size 1597440
06-05 18:14:45.609 V/PhoneStatusBar( 1712): setLightsOn(true)
06-05 18:14:45.859 V/PhoneStatusBar( 1712): setLightsOn(true)
06-05 18:14:45.900 I/System.out( 1183): URI: //map
06-05 18:14:45.900 I/System.out( 1183): params: {json={"query":"* marked:'Kilometers'","operation":{"method_name":"query","arguments":[]}}
06-05 18:14:45.900 I/System.out( 1183): }
06-05 18:14:45.905 W/ResourceType( 1183): No package identifier when getting name for resource number 0x00000001
06-05 18:14:45.913 I/System.out( 1183): URI: //gesture
06-05 18:14:45.913 I/System.out( 1183): params: {json={"query_timeout":5.0,"gestures":[{"query_string":"* marked:'Kilometers'","touches":[{"x":50,"y":50,"offset_x":0,"offset_y":0,"wait":0.0,"time":0.2,"release":true,"query_string":null}]}]}
06-05 18:14:45.913 I/System.out( 1183): }
06-05 18:14:45.918 W/ResourceType( 1183): No package identifier when getting name for resource number 0x00000001
06-05 18:14:45.939 I/art     ( 1183): Compiler allocated 7MB to compile sh.calaba.instrumentationbackend.actions.NanoHTTPD$Response sh.calaba.instrumentationbackend.actions.HttpServer.serve(java.lang.String, java.lang.String, java.util.Properties, java.util.Properties, java.util.Properties)
06-05 18:14:46.220 V/PhoneStatusBar( 1712): setLightsOn(true)
06-05 18:14:46.226 W/InputEventReceiver( 1183): Attempted to finish an input event but the input event receiver has already been disposed.
06-05 18:14:46.231 I/System.out( 1183): URI: //map
06-05 18:14:46.231 I/System.out( 1183): params: {json={"query":"* marked:'Days'","operation":{"method_name":"query","arguments":[]}}
06-05 18:14:46.231 I/System.out( 1183): }
06-05 18:14:46.260 W/InputMethodManagerService( 1630): Window already focused, ignoring focus gain of: com.android.internal.view.IInputMethodClient$Stub$Proxy@cf67da8 attribute=null, token = android.os.BinderProxy@eb26cd5
06-05 18:14:46.295 W/ResourceType( 1183): No package identifier when getting name for resource number 0x00000001
06-05 18:14:46.304 I/System.out( 1183): URI: //gesture
06-05 18:14:46.304 I/System.out( 1183): params: {json={"query_timeout":5.0,"gestures":[{"query_string":"* marked:'Days'","touches":[{"x":50,"y":50,"offset_x":0,"offset_y":0,"wait":0.0,"time":0.2,"release":true,"query_string":null}]}]}
06-05 18:14:46.304 I/System.out( 1183): }
06-05 18:14:46.309 W/ResourceType( 1183): No package identifier when getting name for resource number 0x00000001
06-05 18:14:46.493 I/WindowManager( 1630): Destroying surface Surface(name=com.evancharlton.mileage/com.evancharlton.mileage.ServiceIntervalActivity) called by com.android.server.wm.WindowStateAnimator.destroySurface:2016 com.android.server.wm.WindowStateAnimator.destroySurfaceLocked:882 com.android.server.wm.WindowState.destroyOrSaveSurface:2100 com.android.server.wm.AppWindowToken.destroySurfaces:363 com.android.server.wm.WindowStateAnimator.finishExit:565 com.android.server.wm.WindowStateAnimator.stepAnimationLocked:491 com.android.server.wm.WindowAnimator.updateWindowsLocked:303 com.android.server.wm.WindowAnimator.animateLocked:704 
06-05 18:14:46.497 V/PhoneStatusBar( 1712): setLightsOn(true)
06-05 18:14:46.503 V/PhoneStatusBar( 1712): setLightsOn(true)
06-05 18:14:46.619 V/PhoneStatusBar( 1712): setLightsOn(true)
06-05 18:14:46.622 V/PhoneStatusBar( 1712): setLightsOn(true)
06-05 18:14:46.626 I/System.out( 1183): URI: //map
06-05 18:14:46.626 V/PhoneStatusBar( 1712): setLightsOn(true)
06-05 18:14:46.626 I/System.out( 1183): params: {json={"query":"* {text CONTAINS[c] 'Months'}","operation":{"method_name":"query","arguments":[]}}
06-05 18:14:46.626 I/System.out( 1183): }
06-05 18:14:46.665 D/gralloc_ranchu( 1346): gralloc_alloc: Creating ashmem region of size 2842624
06-05 18:14:46.675 V/PhoneStatusBar( 1712): setLightsOn(true)
06-05 18:14:46.676 D/gralloc_ranchu( 1346): gralloc_alloc: Creating ashmem region of size 2842624
06-05 18:14:46.676 V/PhoneStatusBar( 1712): setLightsOn(true)
06-05 18:14:46.693 V/PhoneStatusBar( 1712): setLightsOn(true)
06-05 18:14:46.705 I/System.out( 1183): URI: //map
06-05 18:14:46.705 I/System.out( 1183): params: {json={"query":"* {text CONTAINS[c] 'Years'}","operation":{"method_name":"query","arguments":[]}}
06-05 18:14:46.705 I/System.out( 1183): }
06-05 18:14:46.755 I/System.out( 1183): URI: //map
06-05 18:14:46.755 I/System.out( 1183): params: {json={"query":"* marked:'Weeks'","operation":{"method_name":"query","arguments":[]}}
06-05 18:14:46.755 I/System.out( 1183): }
06-05 18:14:46.760 W/ResourceType( 1183): No package identifier when getting name for resource number 0x00000001
06-05 18:14:46.767 I/System.out( 1183): URI: //gesture
06-05 18:14:46.768 I/System.out( 1183): params: {json={"query_timeout":5.0,"gestures":[{"query_string":"* marked:'Weeks'","touches":[{"x":50,"y":50,"offset_x":0,"offset_y":0,"wait":0.0,"time":0.2,"release":true,"query_string":null}]}]}
06-05 18:14:46.768 I/System.out( 1183): }
06-05 18:14:46.772 W/ResourceType( 1183): No package identifier when getting name for resource number 0x00000001
06-05 18:14:46.944 V/PhoneStatusBar( 1712): setLightsOn(true)
06-05 18:14:47.000 V/PhoneStatusBar( 1712): setLightsOn(true)
06-05 18:14:47.002 V/PhoneStatusBar( 1712): setLightsOn(true)
06-05 18:14:47.028 W/InputEventReceiver( 1183): Attempted to finish an input event but the input event receiver has already been disposed.
06-05 18:14:47.030 I/System.out( 1183): URI: //map
06-05 18:14:47.031 I/System.out( 1183): params: {json={"query":"* {text CONTAINS[c] 'When to start'}","operation":{"method_name":"query","arguments":[]}}
06-05 18:14:47.031 I/System.out( 1183): }
06-05 18:14:47.092 W/InputMethodManagerService( 1630): Window already focused, ignoring focus gain of: com.android.internal.view.IInputMethodClient$Stub$Proxy@9a5fa7 attribute=null, token = android.os.BinderProxy@eb26cd5
06-05 18:14:47.250 I/System.out( 1183): URI: //map
06-05 18:14:47.250 I/System.out( 1183): params: {json={"query":"* {text CONTAINS[c] 'Add service interval'}","operation":{"method_name":"query","arguments":[]}}
06-05 18:14:47.250 I/System.out( 1183): }
06-05 18:14:47.294 I/WindowManager( 1630): Destroying surface Surface(name=com.evancharlton.mileage/com.evancharlton.mileage.ServiceIntervalActivity) called by com.android.server.wm.WindowStateAnimator.destroySurface:2016 com.android.server.wm.WindowStateAnimator.destroySurfaceLocked:882 com.android.server.wm.WindowState.destroyOrSaveSurface:2100 com.android.server.wm.AppWindowToken.destroySurfaces:363 com.android.server.wm.WindowStateAnimator.finishExit:565 com.android.server.wm.WindowStateAnimator.stepAnimationLocked:491 com.android.server.wm.WindowAnimator.updateWindowsLocked:303 com.android.server.wm.WindowAnimator.animateLocked:704 
06-05 18:14:47.297 V/PhoneStatusBar( 1712): setLightsOn(true)
06-05 18:14:47.310 V/PhoneStatusBar( 1712): setLightsOn(true)
