--------- beginning of system
06-05 21:22:05.012 W/ActivityManager( 1630): Duplicate finish request for ActivityRecord{42e8ff8 u0 com.evancharlton.mileage/.Mileage t7515 f}
06-05 21:22:05.012 W/ActivityManager( 1630): Duplicate finish request for ActivityRecord{42e8ff8 u0 com.evancharlton.mileage/.Mileage t7515 f}
06-05 21:22:05.013 W/ActivityManager( 1630): Duplicate finish request for ActivityRecord{42e8ff8 u0 com.evancharlton.mileage/.Mileage t7515 f}
06-05 21:22:05.013 W/ActivityManager( 1630): Duplicate finish request for ActivityRecord{42e8ff8 u0 com.evancharlton.mileage/.Mileage t7515 f}
06-05 21:22:05.013 W/ActivityManager( 1630): Duplicate finish request for ActivityRecord{42e8ff8 u0 com.evancharlton.mileage/.Mileage t7515 f}
06-05 21:22:05.016 W/ActivityManager( 1630): Finishing task with all activities already finished
06-05 21:22:05.016 W/ActivityManager( 1630): Duplicate finish request for ActivityRecord{1483be9 u0 com.evancharlton.mileage/.VehicleActivity t7515 f}
--------- beginning of main
06-05 21:22:05.016 V/PhoneStatusBar( 1711): setLightsOn(true)
06-05 21:22:05.016 V/PhoneStatusBar( 1711): setLightsOn(true)
06-05 21:22:05.030 D/gralloc_ranchu( 1347): gralloc_alloc: Creating ashmem region of size 3145728
06-05 21:22:05.035 E/EGL_emulation( 1347): tid 1347: eglCreateSyncKHR(1901): error 0x3004 (EGL_BAD_ATTRIBUTE)
06-05 21:22:05.085 D/EGL_emulation( 1711): eglMakeCurrent: 0xb0f853c0: ver 2 0 (tinfo 0xb0f833e0)
06-05 21:22:05.086 W/IInputConnectionWrapper(10646): reportFullscreenMode on inexistent InputConnection
06-05 21:22:05.086 W/IInputConnectionWrapper(10646): finishComposingText on inactive InputConnection
06-05 21:22:05.088 D/EGL_emulation( 1711): eglMakeCurrent: 0xb0f853c0: ver 2 0 (tinfo 0xb0f833e0)
06-05 21:22:05.094 D/EGL_emulation( 1711): eglMakeCurrent: 0xb0f853c0: ver 2 0 (tinfo 0xb0f833e0)
06-05 21:22:05.095 D/EGL_emulation( 2083): eglMakeCurrent: 0xb0f85240: ver 2 0 (tinfo 0xb0f832d0)
06-05 21:22:05.129 D/EGL_emulation( 1711): eglMakeCurrent: 0xb0f853c0: ver 2 0 (tinfo 0xb0f833e0)
06-05 21:22:05.144 D/EGL_emulation( 1711): eglMakeCurrent: 0xb0f853c0: ver 2 0 (tinfo 0xb0f833e0)
06-05 21:22:05.146 D/EGL_emulation( 1711): eglMakeCurrent: 0xb0f853c0: ver 2 0 (tinfo 0xb0f833e0)
06-05 21:22:05.161 I/WindowManager( 1630): Destroying surface Surface(name=com.evancharlton.mileage/com.evancharlton.mileage.VehicleActivity) called by com.android.server.wm.WindowStateAnimator.destroySurface:2016 com.android.server.wm.WindowStateAnimator.destroySurfaceLocked:882 com.android.server.wm.WindowState.removeLocked:1456 com.android.server.wm.WindowManagerService.removeWindowInnerLocked:2484 com.android.server.wm.AppWindowToken.destroySurfaces:365 com.android.server.wm.WindowStateAnimator.finishExit:565 com.android.server.wm.WindowStateAnimator.stepAnimationLocked:491 com.android.server.wm.WindowAnimator.updateWindowsLocked:303 
06-05 21:22:05.161 D/EGL_emulation( 1711): eglMakeCurrent: 0xb0f853c0: ver 2 0 (tinfo 0xb0f833e0)
06-05 21:22:05.163 D/EGL_emulation( 1711): eglMakeCurrent: 0xb0f853c0: ver 2 0 (tinfo 0xb0f833e0)
06-05 21:22:05.178 D/EGL_emulation( 1711): eglMakeCurrent: 0xb0f853c0: ver 2 0 (tinfo 0xb0f833e0)
06-05 21:22:05.179 D/EGL_emulation( 1711): eglMakeCurrent: 0xb0f853c0: ver 2 0 (tinfo 0xb0f833e0)
06-05 21:22:05.189 D/AndroidRuntime(10723): >>>>>> START com.android.internal.os.RuntimeInit uid 2000 <<<<<<
06-05 21:22:05.190 D/AndroidRuntime(10723): CheckJNI is ON
06-05 21:22:05.194 D/EGL_emulation( 1711): eglMakeCurrent: 0xb0f853c0: ver 2 0 (tinfo 0xb0f833e0)
06-05 21:22:05.196 D/EGL_emulation( 1711): eglMakeCurrent: 0xb0f853c0: ver 2 0 (tinfo 0xb0f833e0)
06-05 21:22:05.201 W/art     (10723): Unexpected CPU variant for X86 using defaults: x86
06-05 21:22:05.202 D/ICU     (10723): No timezone override file found: /data/misc/zoneinfo/current/icu/icu_tzdata.dat
06-05 21:22:05.210 E/memtrack(10723): Couldn't load memtrack module (No such file or directory)
06-05 21:22:05.210 E/android.os.Debug(10723): failed to load memtrack module: -2
06-05 21:22:05.210 I/Radio-JNI(10723): register_android_hardware_Radio DONE
06-05 21:22:05.211 D/EGL_emulation( 1711): eglMakeCurrent: 0xb0f853c0: ver 2 0 (tinfo 0xb0f833e0)
06-05 21:22:05.212 D/EGL_emulation( 1711): eglMakeCurrent: 0xb0f853c0: ver 2 0 (tinfo 0xb0f833e0)
06-05 21:22:05.214 D/AndroidRuntime(10723): Calling main entry com.android.commands.am.Am
06-05 21:22:05.215 I/ActivityManager( 1630): Force stopping com.evancharlton.mileage appid=10286 user=0: start instr
06-05 21:22:05.216 I/ActivityManager( 1630): Killing 10646:com.evancharlton.mileage/u0a286 (adj 0): stop com.evancharlton.mileage
06-05 21:22:05.216 D/ActivityManager( 1630): cleanUpApplicationRecord -- 10646
06-05 21:22:05.216 W/ActivityManager( 1630): Crash of app com.evancharlton.mileage running instrumentation ComponentInfo{com.evancharlton.mileage.test/sh.calaba.instrumentationbackend.CalabashInstrumentationTestRunner}
06-05 21:22:05.216 I/ActivityManager( 1630): Force stopping com.evancharlton.mileage appid=10286 user=0: finished inst
06-05 21:22:05.220 I/art     (10733): Not late-enabling -Xcheck:jni (already on)
06-05 21:22:05.220 W/art     (10733): Unexpected CPU variant for X86 using defaults: x86
06-05 21:22:05.228 D/EGL_emulation( 1711): eglMakeCurrent: 0xb0f853c0: ver 2 0 (tinfo 0xb0f833e0)
06-05 21:22:05.228 I/ActivityManager( 1630): Start proc 10733:com.evancharlton.mileage/u0a286 for added application com.evancharlton.mileage
06-05 21:22:05.228 D/AndroidRuntime(10723): Shutting down VM
06-05 21:22:05.231 D/EGL_emulation( 1711): eglMakeCurrent: 0xb0f853c0: ver 2 0 (tinfo 0xb0f833e0)
06-05 21:22:05.233 W/System  (10733): ClassLoader referenced unknown path: /data/app/com.evancharlton.mileage.test-1/lib/x86
06-05 21:22:05.233 W/System  (10733): ClassLoader referenced unknown path: /data/app/com.evancharlton.mileage-1/lib/x86
06-05 21:22:05.236 W/System  (10733): ClassLoader referenced unknown path: 
06-05 21:22:05.240 I/System.out(10733): Main activity name automatically set to: com.evancharlton.mileage.Mileage
06-05 21:22:05.240 I/System.out(10733): Calabash did not load Mono. This is only a problem if you are trying to test a Mono application
06-05 21:22:05.240 I/calabash(10733): Test server port: 7102
06-05 21:22:05.242 I/InstrumentationBackend(10733): Added:'GetPreferences', with key:'get_preferences'
06-05 21:22:05.244 D/EGL_emulation( 1711): eglMakeCurrent: 0xb0f853c0: ver 2 0 (tinfo 0xb0f833e0)
06-05 21:22:05.246 D/EGL_emulation( 1711): eglMakeCurrent: 0xb0f853c0: ver 2 0 (tinfo 0xb0f833e0)
06-05 21:22:05.249 I/InstrumentationBackend(10733): Added:'SetPreferences', with key:'set_preferences'
06-05 21:22:05.249 I/InstrumentationBackend(10733): Added:'ClearPreferences', with key:'clear_preferences'
06-05 21:22:05.249 I/InstrumentationBackend(10733): Added:'PressElement', with key:'press_l10n_element'
06-05 21:22:05.249 I/InstrumentationBackend(10733): Added:'WaitForElement', with key:'wait_for_l10n_element'
06-05 21:22:05.249 I/InstrumentationBackend(10733): Added:'NullAction', with key:'nullAction'
06-05 21:22:05.250 I/InstrumentationBackend(10733): Added:'PressKey', with key:'press_key'
06-05 21:22:05.250 I/InstrumentationBackend(10733): Added:'SetActivityOrientation', with key:'set_activity_orientation'
06-05 21:22:05.250 I/InstrumentationBackend(10733): Added:'GetActivityOrientation', with key:'get_activity_orientation'
06-05 21:22:05.250 I/InstrumentationBackend(10733): Added:'FakeGPSLocation', with key:'set_gps_coordinates'
06-05 21:22:05.250 I/InstrumentationBackend(10733): Added:'SetPropertyByCssSelector', with key:'set_property_by_css_selector'
06-05 21:22:05.250 I/InstrumentationBackend(10733): Added:'GetUrl', with key:'get_url'
06-05 21:22:05.250 I/InstrumentationBackend(10733): Added:'ScrollTo', with key:'scroll_to'
06-05 21:22:05.250 I/InstrumentationBackend(10733): Added:'GetLoadProgress', with key:'get_load_progress'
06-05 21:22:05.250 I/InstrumentationBackend(10733): Added:'DumpHtml', with key:'dump_html'
06-05 21:22:05.250 I/InstrumentationBackend(10733): Added:'DumpBodyHtml', with key:'dump_body_html'
06-05 21:22:05.250 I/InstrumentationBackend(10733): Added:'EnterTextByCssSelector', with key:'enter_text_by_selector'
06-05 21:22:05.251 I/InstrumentationBackend(10733): Added:'AndroidSDKVersion', with key:'android_sdk_version'
06-05 21:22:05.251 I/InstrumentationBackend(10733): Added:'Version', with key:'version'
06-05 21:22:05.251 I/InstrumentationBackend(10733): Added:'Drag', with key:'drag'
06-05 21:22:05.251 I/InstrumentationBackend(10733): Added:'TouchCoordinates', with key:'touch_coordinate'
06-05 21:22:05.251 I/InstrumentationBackend(10733): Added:'LongPressCoordinate', with key:'long_press_coordinate'
06-05 21:22:05.251 I/InstrumentationBackend(10733): Added:'DragCoordinates', with key:'drag_coordinates'
06-05 21:22:05.251 I/InstrumentationBackend(10733): Added:'ResumeApplication', with key:'resume_application'
06-05 21:22:05.251 I/InstrumentationBackend(10733): Added:'Swipe', with key:'swipe'
06-05 21:22:05.251 I/InstrumentationBackend(10733): Added:'DoubleTapCoordinate', with key:'double_tap_coordinate'
06-05 21:22:05.251 I/InstrumentationBackend(10733): Added:'ClickOnScreen', with key:'click_on_screen'
06-05 21:22:05.251 I/InstrumentationBackend(10733): Added:'GetActivityName', with key:'get_activity_name'
06-05 21:22:05.251 I/InstrumentationBackend(10733): Added:'ScrollToView', with key:'scroll_to_view'
06-05 21:22:05.252 I/InstrumentationBackend(10733): Added:'ViewConfiguration', with key:'view_configuration'
06-05 21:22:05.252 I/InstrumentationBackend(10733): Added:'IsCurrentActivityFocused', with key:'is_current_activity_focused'
06-05 21:22:05.252 I/InstrumentationBackend(10733): Added:'SendTcp', with key:'send_tcp'
06-05 21:22:05.252 I/InstrumentationBackend(10733): Added:'DpToDevicePixel', with key:'dp_to_device_pixel'
06-05 21:22:05.252 I/InstrumentationBackend(10733): Added:'KeyboardEnterText', with key:'keyboard_enter_text'
06-05 21:22:05.252 I/InstrumentationBackend(10733): Added:'DeleteSurroundingText', with key:'delete_surrounding_text'
06-05 21:22:05.252 I/InstrumentationBackend(10733): Added:'SetComposingRegion', with key:'set_composing_region'
06-05 21:22:05.252 I/InstrumentationBackend(10733): Added:'SetSelection', with key:'set_selection'
06-05 21:22:05.252 I/InstrumentationBackend(10733): Added:'KeyboardKeyEvent', with key:'keyboard_key_event'
06-05 21:22:05.252 I/InstrumentationBackend(10733): Added:'PressUserActionButton', with key:'press_user_action_button'
06-05 21:22:05.252 I/InstrumentationBackend(10733): Added:'HideSoftKeyboard', with key:'hide_soft_keyboard'
06-05 21:22:05.252 I/InstrumentationBackend(10733): Added:'ListActions', with key:'list_actions'
06-05 21:22:05.253 I/calabash(10733): Instantiating http server at 7102
06-05 21:22:05.253 I/System.out(10733): HTTP Daemon listening on: 7102
06-05 21:22:05.261 D/EGL_emulation( 1711): eglMakeCurrent: 0xb0f853c0: ver 2 0 (tinfo 0xb0f833e0)
06-05 21:22:05.263 D/EGL_emulation( 1711): eglMakeCurrent: 0xb0f853c0: ver 2 0 (tinfo 0xb0f833e0)
06-05 21:22:05.278 D/EGL_emulation( 1711): eglMakeCurrent: 0xb0f853c0: ver 2 0 (tinfo 0xb0f833e0)
06-05 21:22:05.278 W/InputDispatcher( 1630): channel '75fada5 com.evancharlton.mileage/com.evancharlton.mileage.VehicleActivity (server)' ~ Consumer closed input channel or an error occurred.  events=0x9
06-05 21:22:05.278 E/InputDispatcher( 1630): channel '75fada5 com.evancharlton.mileage/com.evancharlton.mileage.VehicleActivity (server)' ~ Channel is unrecoverably broken and will be disposed!
06-05 21:22:05.278 I/WindowManager( 1630): WIN DEATH: Window{75fada5 u0 com.evancharlton.mileage/com.evancharlton.mileage.VehicleActivity EXITING}
06-05 21:22:05.278 W/InputDispatcher( 1630): Attempted to unregister already unregistered input channel '75fada5 com.evancharlton.mileage/com.evancharlton.mileage.VehicleActivity (server)'
06-05 21:22:05.293 D/EGL_emulation( 1711): eglMakeCurrent: 0xb0f853c0: ver 2 0 (tinfo 0xb0f833e0)
06-05 21:22:05.295 D/EGL_emulation( 1711): eglMakeCurrent: 0xb0f853c0: ver 2 0 (tinfo 0xb0f833e0)
06-05 21:22:05.311 D/EGL_emulation( 1711): eglMakeCurrent: 0xb0f853c0: ver 2 0 (tinfo 0xb0f833e0)
06-05 21:22:05.312 D/EGL_emulation( 1711): eglMakeCurrent: 0xb0f853c0: ver 2 0 (tinfo 0xb0f833e0)
06-05 21:22:05.343 I/System.out(10733): URI: //ping
06-05 21:22:05.343 I/System.out(10733): params: {json={}
06-05 21:22:05.343 I/System.out(10733): }
06-05 21:22:05.345 I/System.out(10733): URI: //ping
06-05 21:22:05.345 I/System.out(10733): params: {json={}
06-05 21:22:05.345 I/System.out(10733): }
06-05 21:22:05.347 I/System.out(10733): URI: //ready
06-05 21:22:05.347 I/System.out(10733): params: {json={}
06-05 21:22:05.347 I/System.out(10733): }
06-05 21:22:05.348 I/System.out(10733): URI: //
06-05 21:22:05.348 I/System.out(10733): params: {json={"command":"version","arguments":[]}
06-05 21:22:05.348 I/System.out(10733): }
06-05 21:22:05.348 I/System.out(10733): header: {content-type=application/json;charset=utf-8, date=Sat, 06 Jun 2020 02:22:05 GMT, accept=*/*, host=127.0.0.1:34777, content-length=36, user-agent=HTTPClient/1.0 (2.8.3, ruby 2.5.1 (2018-03-29))}
06-05 21:22:05.348 I/System.out(10733): params: {json={"command":"version","arguments":[]}
06-05 21:22:05.348 I/System.out(10733): }
06-05 21:22:05.348 I/System.out(10733): ProP json = {"command":"version","arguments":[]}
06-05 21:22:05.348 I/System.out(10733): files: {}
06-05 21:22:05.348 I/System.out(10733): command: {"command":"version","arguments":[]}
06-05 21:22:05.351 I/InstrumentationBackend(10733): Got command:'Command:'Line:null,version', arguments:'[]'
06-05 21:22:05.356 I/System.out(10733): result:{"bonusInformation":[],"message":"0.9.8","success":true}
06-05 21:22:05.358 I/System.out(10733): URI: //start-application
06-05 21:22:05.358 I/System.out(10733): params: {json={"intent":null}
06-05 21:22:05.358 I/System.out(10733): }
06-05 21:22:05.367 I/ActivityManager( 1630): START u0 {act=android.intent.action.MAIN cat=[android.intent.category.LAUNCHER] flg=0x10200000 cmp=com.evancharlton.mileage/.Mileage} from uid 10286 on display 0
06-05 21:22:05.372 I/calabash(10733): newActivity1
06-05 21:22:05.380 I/calabash(10733): newActivity1
06-05 21:22:05.382 W/ActivityManager( 1630): Bad activity token: android.os.BinderProxy@8e81039
06-05 21:22:05.382 W/ActivityManager( 1630): java.lang.ClassCastException: android.os.BinderProxy cannot be cast to com.android.server.am.ActivityRecord$Token
06-05 21:22:05.382 W/ActivityManager( 1630): 	at com.android.server.am.ActivityRecord.forTokenLocked(ActivityRecord.java:586)
06-05 21:22:05.382 W/ActivityManager( 1630): 	at com.android.server.am.ActivityRecord.isInStackLocked(ActivityRecord.java:1327)
06-05 21:22:05.382 W/ActivityManager( 1630): 	at com.android.server.am.ActivityRecord.getStackLocked(ActivityRecord.java:1332)
06-05 21:22:05.382 W/ActivityManager( 1630): 	at com.android.server.am.ActivityManagerService.getActivityDisplayId(ActivityManagerService.java:9806)
06-05 21:22:05.382 W/ActivityManager( 1630): 	at android.app.ActivityManagerNative.onTransact(ActivityManagerNative.java:2566)
06-05 21:22:05.382 W/ActivityManager( 1630): 	at com.android.server.am.ActivityManagerService.onTransact(ActivityManagerService.java:2757)
06-05 21:22:05.382 W/ActivityManager( 1630): 	at android.os.Binder.execTransact(Binder.java:565)
06-05 21:22:05.382 W/ActivityManager( 1630): Bad activity token: android.os.BinderProxy@8e81039
06-05 21:22:05.382 W/ActivityManager( 1630): java.lang.ClassCastException: android.os.BinderProxy cannot be cast to com.android.server.am.ActivityRecord$Token
06-05 21:22:05.382 W/ActivityManager( 1630): 	at com.android.server.am.ActivityRecord.forTokenLocked(ActivityRecord.java:586)
06-05 21:22:05.382 W/ActivityManager( 1630): 	at com.android.server.am.ActivityRecord.isInStackLocked(ActivityRecord.java:1327)
06-05 21:22:05.382 W/ActivityManager( 1630): 	at com.android.server.am.ActivityManagerService.setTaskDescription(ActivityManagerService.java:9358)
06-05 21:22:05.382 W/ActivityManager( 1630): 	at android.app.ActivityManagerNative.onTransact(ActivityManagerNative.java:2639)
06-05 21:22:05.382 W/ActivityManager( 1630): 	at com.android.server.am.ActivityManagerService.onTransact(ActivityManagerService.java:2757)
06-05 21:22:05.382 W/ActivityManager( 1630): 	at android.os.Binder.execTransact(Binder.java:565)
06-05 21:22:05.383 W/ActivityManager( 1630): Bad activity token: android.os.BinderProxy@8e81039
06-05 21:22:05.383 W/ActivityManager( 1630): java.lang.ClassCastException: android.os.BinderProxy cannot be cast to com.android.server.am.ActivityRecord$Token
06-05 21:22:05.383 W/ActivityManager( 1630): 	at com.android.server.am.ActivityRecord.forTokenLocked(ActivityRecord.java:586)
06-05 21:22:05.383 W/ActivityManager( 1630): 	at com.android.server.am.ActivityRecord.isInStackLocked(ActivityRecord.java:1327)
06-05 21:22:05.383 W/ActivityManager( 1630): 	at com.android.server.am.ActivityRecord.getStackLocked(ActivityRecord.java:1332)
06-05 21:22:05.383 W/ActivityManager( 1630): 	at com.android.server.am.ActivityManagerService.getActivityStackId(ActivityManagerService.java:9817)
06-05 21:22:05.383 W/ActivityManager( 1630): 	at android.app.ActivityManagerNative.onTransact(ActivityManagerNative.java:2856)
06-05 21:22:05.383 W/ActivityManager( 1630): 	at com.android.server.am.ActivityManagerService.onTransact(ActivityManagerService.java:2757)
06-05 21:22:05.383 W/ActivityManager( 1630): 	at android.os.Binder.execTransact(Binder.java:565)
06-05 21:22:05.394 D/gralloc_ranchu( 1347): gralloc_alloc: Creating ashmem region of size 9023488
06-05 21:22:05.397 W/ActivityManager( 1630): Bad activity token: android.os.BinderProxy@8e81039
06-05 21:22:05.397 W/ActivityManager( 1630): java.lang.ClassCastException: android.os.BinderProxy cannot be cast to com.android.server.am.ActivityRecord$Token
06-05 21:22:05.397 W/ActivityManager( 1630): 	at com.android.server.am.ActivityRecord.forTokenLocked(ActivityRecord.java:586)
06-05 21:22:05.397 W/ActivityManager( 1630): 	at com.android.server.am.ActivityRecord.isInStackLocked(ActivityRecord.java:1327)
06-05 21:22:05.397 W/ActivityManager( 1630): 	at com.android.server.am.ActivityManagerService.getActivityOptions(ActivityManagerService.java:12559)
06-05 21:22:05.397 W/ActivityManager( 1630): 	at android.app.ActivityManagerNative.onTransact(ActivityManagerNative.java:1933)
06-05 21:22:05.397 W/ActivityManager( 1630): 	at com.android.server.am.ActivityManagerService.onTransact(ActivityManagerService.java:2757)
06-05 21:22:05.397 W/ActivityManager( 1630): 	at android.os.Binder.execTransact(Binder.java:565)
06-05 21:22:05.398 W/ActivityManager( 1630): Bad activity token: android.os.BinderProxy@8e81039
06-05 21:22:05.398 W/ActivityManager( 1630): java.lang.ClassCastException: android.os.BinderProxy cannot be cast to com.android.server.am.ActivityRecord$Token
06-05 21:22:05.398 W/ActivityManager( 1630): 	at com.android.server.am.ActivityRecord.forTokenLocked(ActivityRecord.java:586)
06-05 21:22:05.398 W/ActivityManager( 1630): 	at com.android.server.am.ActivityRecord.isInStackLocked(ActivityRecord.java:1327)
06-05 21:22:05.398 W/ActivityManager( 1630): 	at com.android.server.am.ActivityManagerService.getActivityOptions(ActivityManagerService.java:12559)
06-05 21:22:05.398 W/ActivityManager( 1630): 	at android.app.ActivityManagerNative.onTransact(ActivityManagerNative.java:1933)
06-05 21:22:05.398 W/ActivityManager( 1630): 	at com.android.server.am.ActivityManagerService.onTransact(ActivityManagerService.java:2757)
06-05 21:22:05.398 W/ActivityManager( 1630): 	at android.os.Binder.execTransact(Binder.java:565)
06-05 21:22:05.416 V/PhoneStatusBar( 1711): setLightsOn(true)
06-05 21:22:05.429 D/EGL_emulation( 1711): eglMakeCurrent: 0xb0f853c0: ver 2 0 (tinfo 0xb0f833e0)
06-05 21:22:05.430 V/PhoneStatusBar( 1711): setLightsOn(true)
06-05 21:22:05.437 V/PhoneStatusBar( 1711): setLightsOn(true)
06-05 21:22:05.439 D/gralloc_ranchu( 1347): gralloc_alloc: Creating ashmem region of size 9023488
06-05 21:22:05.444 V/PhoneStatusBar( 1711): setLightsOn(true)
06-05 21:22:05.449 D/EGL_emulation( 2083): eglMakeCurrent: 0xb0f85240: ver 2 0 (tinfo 0xb0f832d0)
06-05 21:22:05.451 D/        (10733): HostConnection::get() New Host Connection established 0xa1b7c540, tid 10733
06-05 21:22:05.497 D/EGL_emulation( 1711): eglMakeCurrent: 0xb0f853c0: ver 2 0 (tinfo 0xb0f833e0)
06-05 21:22:05.500 D/EGL_emulation( 1711): eglMakeCurrent: 0xb0f853c0: ver 2 0 (tinfo 0xb0f833e0)
06-05 21:22:05.500 V/PhoneStatusBar( 1711): setLightsOn(true)
06-05 21:22:05.501 D/EGL_emulation( 1711): eglMakeCurrent: 0xb0f853c0: ver 2 0 (tinfo 0xb0f833e0)
06-05 21:22:05.503 D/EGL_emulation( 1711): eglMakeCurrent: 0xb0f853c0: ver 2 0 (tinfo 0xb0f833e0)
06-05 21:22:05.511 D/EGL_emulation( 1711): eglMakeCurrent: 0xb0f853c0: ver 2 0 (tinfo 0xb0f833e0)
06-05 21:22:05.513 D/EGL_emulation( 1711): eglMakeCurrent: 0xb0f853c0: ver 2 0 (tinfo 0xb0f833e0)
06-05 21:22:05.528 D/EGL_emulation( 1711): eglMakeCurrent: 0xb0f853c0: ver 2 0 (tinfo 0xb0f833e0)
06-05 21:22:05.528 D/gralloc_ranchu( 1347): gralloc_alloc: Creating ashmem region of size 9023488
06-05 21:22:05.530 I/WindowManager( 1630): Destroying surface Surface(name=com.evancharlton.mileage/com.evancharlton.mileage.VehicleActivity) called by com.android.server.wm.WindowStateAnimator.destroySurface:2016 com.android.server.wm.WindowStateAnimator.destroySurfaceLocked:882 com.android.server.wm.WindowState.destroyOrSaveSurface:2100 com.android.server.wm.AppWindowToken.destroySurfaces:363 com.android.server.wm.WindowStateAnimator.finishExit:565 com.android.server.wm.AppWindowAnimator.stepAnimationLocked:427 com.android.server.wm.WindowAnimator.updateAppWindowsLocked:196 com.android.server.wm.WindowAnimator.animateLocked:678 
06-05 21:22:05.542 D/EGL_emulation( 1711): eglMakeCurrent: 0xb0f853c0: ver 2 0 (tinfo 0xb0f833e0)
06-05 21:22:05.544 I/ActivityManager( 1630): Displayed com.evancharlton.mileage/.Mileage: +175ms
06-05 21:22:05.551 D/EGL_emulation( 1711): eglMakeCurrent: 0xb0f853c0: ver 2 0 (tinfo 0xb0f833e0)
06-05 21:22:05.553 D/EGL_emulation( 1711): eglMakeCurrent: 0xb0f853c0: ver 2 0 (tinfo 0xb0f833e0)
06-05 21:22:05.554 V/PhoneStatusBar( 1711): setLightsOn(true)
06-05 21:22:05.563 D/EGL_emulation( 1711): eglMakeCurrent: 0xb0f853c0: ver 2 0 (tinfo 0xb0f833e0)
06-05 21:22:05.565 D/EGL_emulation( 1711): eglMakeCurrent: 0xb0f853c0: ver 2 0 (tinfo 0xb0f833e0)
06-05 21:22:05.578 D/EGL_emulation( 1711): eglMakeCurrent: 0xb0f853c0: ver 2 0 (tinfo 0xb0f833e0)
06-05 21:22:05.579 D/EGL_emulation( 1711): eglMakeCurrent: 0xb0f853c0: ver 2 0 (tinfo 0xb0f833e0)
06-05 21:22:05.580 V/PhoneStatusBar( 1711): setLightsOn(true)
06-05 21:22:05.584 I/System.out(10733): URI: //map
06-05 21:22:05.584 I/System.out(10733): params: {json={"query":"* marked:'Vehicles'","operation":{"method_name":"query","arguments":[]}}
06-05 21:22:05.584 I/System.out(10733): }
06-05 21:22:05.594 D/EGL_emulation( 1711): eglMakeCurrent: 0xb0f853c0: ver 2 0 (tinfo 0xb0f833e0)
06-05 21:22:05.596 D/EGL_emulation( 1711): eglMakeCurrent: 0xb0f853c0: ver 2 0 (tinfo 0xb0f833e0)
06-05 21:22:05.597 W/ResourceType(10733): No package identifier when getting name for resource number 0x00000001
06-05 21:22:05.609 I/System.out(10733): URI: //gesture
06-05 21:22:05.609 I/System.out(10733): params: {json={"query_timeout":5.0,"gestures":[{"query_string":"* marked:'Vehicles'","touches":[{"x":50,"y":50,"offset_x":0,"offset_y":0,"wait":0.0,"time":0.2,"release":true,"query_string":null}]}]}
06-05 21:22:05.609 I/System.out(10733): }
06-05 21:22:05.611 D/EGL_emulation( 1711): eglMakeCurrent: 0xb0f853c0: ver 2 0 (tinfo 0xb0f833e0)
06-05 21:22:05.612 D/EGL_emulation( 1711): eglMakeCurrent: 0xb0f853c0: ver 2 0 (tinfo 0xb0f833e0)
06-05 21:22:05.615 W/ResourceType(10733): No package identifier when getting name for resource number 0x00000001
06-05 21:22:05.633 D/EGL_emulation( 1711): eglMakeCurrent: 0xb0f853c0: ver 2 0 (tinfo 0xb0f833e0)
06-05 21:22:05.635 D/EGL_emulation( 1711): eglMakeCurrent: 0xb0f853c0: ver 2 0 (tinfo 0xb0f833e0)
06-05 21:22:05.645 D/EGL_emulation( 1711): eglMakeCurrent: 0xb0f853c0: ver 2 0 (tinfo 0xb0f833e0)
06-05 21:22:05.650 D/EGL_emulation( 1711): eglMakeCurrent: 0xb0f853c0: ver 2 0 (tinfo 0xb0f833e0)
06-05 21:22:05.662 D/EGL_emulation( 1711): eglMakeCurrent: 0xb0f853c0: ver 2 0 (tinfo 0xb0f833e0)
06-05 21:22:05.745 I/WindowManager( 1630): Destroying surface Surface(name=Starting com.evancharlton.mileage) called by com.android.server.wm.WindowStateAnimator.destroySurface:2016 com.android.server.wm.WindowStateAnimator.destroySurfaceLocked:882 com.android.server.wm.WindowState.destroyOrSaveSurface:2100 com.android.server.wm.AppWindowToken.destroySurfaces:363 com.android.server.wm.WindowStateAnimator.finishExit:565 com.android.server.wm.WindowStateAnimator.stepAnimationLocked:491 com.android.server.wm.WindowAnimator.updateWindowsLocked:303 com.android.server.wm.WindowAnimator.animateLocked:704 
06-05 21:22:05.749 V/PhoneStatusBar( 1711): setLightsOn(true)
06-05 21:22:05.779 V/PhoneStatusBar( 1711): setLightsOn(true)
06-05 21:22:05.848 I/calabash(10733): newActivity1
06-05 21:22:05.849 W/ActivityManager( 1630): Bad activity token: android.os.BinderProxy@bbfa6cf
06-05 21:22:05.849 W/ActivityManager( 1630): java.lang.ClassCastException: android.os.BinderProxy cannot be cast to com.android.server.am.ActivityRecord$Token
06-05 21:22:05.849 W/ActivityManager( 1630): 	at com.android.server.am.ActivityRecord.forTokenLocked(ActivityRecord.java:586)
06-05 21:22:05.849 W/ActivityManager( 1630): 	at com.android.server.am.ActivityRecord.isInStackLocked(ActivityRecord.java:1327)
06-05 21:22:05.849 W/ActivityManager( 1630): 	at com.android.server.am.ActivityRecord.getStackLocked(ActivityRecord.java:1332)
06-05 21:22:05.849 W/ActivityManager( 1630): 	at com.android.server.am.ActivityManagerService.getActivityDisplayId(ActivityManagerService.java:9806)
06-05 21:22:05.849 W/ActivityManager( 1630): 	at android.app.ActivityManagerNative.onTransact(ActivityManagerNative.java:2566)
06-05 21:22:05.849 W/ActivityManager( 1630): 	at com.android.server.am.ActivityManagerService.onTransact(ActivityManagerService.java:2757)
06-05 21:22:05.849 W/ActivityManager( 1630): 	at android.os.Binder.execTransact(Binder.java:565)
06-05 21:22:05.851 W/ActivityManager( 1630): Bad activity token: android.os.BinderProxy@bbfa6cf
06-05 21:22:05.851 W/ActivityManager( 1630): java.lang.ClassCastException: android.os.BinderProxy cannot be cast to com.android.server.am.ActivityRecord$Token
06-05 21:22:05.851 W/ActivityManager( 1630): 	at com.android.server.am.ActivityRecord.forTokenLocked(ActivityRecord.java:586)
06-05 21:22:05.851 W/ActivityManager( 1630): 	at com.android.server.am.ActivityRecord.isInStackLocked(ActivityRecord.java:1327)
06-05 21:22:05.851 W/ActivityManager( 1630): 	at com.android.server.am.ActivityManagerService.setTaskDescription(ActivityManagerService.java:9358)
06-05 21:22:05.851 W/ActivityManager( 1630): 	at android.app.ActivityManagerNative.onTransact(ActivityManagerNative.java:2639)
06-05 21:22:05.851 W/ActivityManager( 1630): 	at com.android.server.am.ActivityManagerService.onTransact(ActivityManagerService.java:2757)
06-05 21:22:05.851 W/ActivityManager( 1630): 	at android.os.Binder.execTransact(Binder.java:565)
06-05 21:22:05.852 W/ActivityManager( 1630): Bad activity token: android.os.BinderProxy@bbfa6cf
06-05 21:22:05.852 W/ActivityManager( 1630): java.lang.ClassCastException: android.os.BinderProxy cannot be cast to com.android.server.am.ActivityRecord$Token
06-05 21:22:05.852 W/ActivityManager( 1630): 	at com.android.server.am.ActivityRecord.forTokenLocked(ActivityRecord.java:586)
06-05 21:22:05.852 W/ActivityManager( 1630): 	at com.android.server.am.ActivityRecord.isInStackLocked(ActivityRecord.java:1327)
06-05 21:22:05.852 W/ActivityManager( 1630): 	at com.android.server.am.ActivityRecord.getStackLocked(ActivityRecord.java:1332)
06-05 21:22:05.852 W/ActivityManager( 1630): 	at com.android.server.am.ActivityManagerService.getActivityStackId(ActivityManagerService.java:9817)
06-05 21:22:05.852 W/ActivityManager( 1630): 	at android.app.ActivityManagerNative.onTransact(ActivityManagerNative.java:2856)
06-05 21:22:05.852 W/ActivityManager( 1630): 	at com.android.server.am.ActivityManagerService.onTransact(ActivityManagerService.java:2757)
06-05 21:22:05.852 W/ActivityManager( 1630): 	at android.os.Binder.execTransact(Binder.java:565)
06-05 21:22:05.857 W/ActivityManager( 1630): Bad activity token: android.os.BinderProxy@bbfa6cf
06-05 21:22:05.857 W/ActivityManager( 1630): java.lang.ClassCastException: android.os.BinderProxy cannot be cast to com.android.server.am.ActivityRecord$Token
06-05 21:22:05.857 W/ActivityManager( 1630): 	at com.android.server.am.ActivityRecord.forTokenLocked(ActivityRecord.java:586)
06-05 21:22:05.857 W/ActivityManager( 1630): 	at com.android.server.am.ActivityRecord.isInStackLocked(ActivityRecord.java:1327)
06-05 21:22:05.857 W/ActivityManager( 1630): 	at com.android.server.am.ActivityManagerService.getActivityOptions(ActivityManagerService.java:12559)
06-05 21:22:05.857 W/ActivityManager( 1630): 	at android.app.ActivityManagerNative.onTransact(ActivityManagerNative.java:1933)
06-05 21:22:05.857 W/ActivityManager( 1630): 	at com.android.server.am.ActivityManagerService.onTransact(ActivityManagerService.java:2757)
06-05 21:22:05.857 W/ActivityManager( 1630): 	at android.os.Binder.execTransact(Binder.java:565)
06-05 21:22:05.857 W/ActivityManager( 1630): Bad activity token: android.os.BinderProxy@bbfa6cf
06-05 21:22:05.857 W/ActivityManager( 1630): java.lang.ClassCastException: android.os.BinderProxy cannot be cast to com.android.server.am.ActivityRecord$Token
06-05 21:22:05.857 W/ActivityManager( 1630): 	at com.android.server.am.ActivityRecord.forTokenLocked(ActivityRecord.java:586)
06-05 21:22:05.857 W/ActivityManager( 1630): 	at com.android.server.am.ActivityRecord.isInStackLocked(ActivityRecord.java:1327)
06-05 21:22:05.857 W/ActivityManager( 1630): 	at com.android.server.am.ActivityManagerService.getActivityOptions(ActivityManagerService.java:12559)
06-05 21:22:05.857 W/ActivityManager( 1630): 	at android.app.ActivityManagerNative.onTransact(ActivityManagerNative.java:1933)
06-05 21:22:05.857 W/ActivityManager( 1630): 	at com.android.server.am.ActivityManagerService.onTransact(ActivityManagerService.java:2757)
06-05 21:22:05.857 W/ActivityManager( 1630): 	at android.os.Binder.execTransact(Binder.java:565)
06-05 21:22:05.911 V/PhoneStatusBar( 1711): setLightsOn(true)
06-05 21:22:06.194 V/PhoneStatusBar( 1711): setLightsOn(true)
06-05 21:22:06.195 V/PhoneStatusBar( 1711): setLightsOn(true)
06-05 21:22:06.196 W/OpenGLRenderer( 2083): Incorrectly called buildLayer on View: ShortcutAndWidgetContainer, destroying layer...
06-05 21:22:06.211 V/PhoneStatusBar( 1711): setLightsOn(true)
06-05 21:22:06.212 I/WindowManager( 1630): Destroying surface Surface(name=com.android.launcher3/com.android.launcher3.Launcher) called by com.android.server.wm.WindowStateAnimator.destroySurface:2016 com.android.server.wm.WindowStateAnimator.destroySurfaceLocked:882 com.android.server.wm.WindowState.destroyOrSaveSurface:2100 com.android.server.wm.AppWindowToken.destroySurfaces:363 com.android.server.wm.AppWindowToken.notifyAppStopped:389 com.android.server.wm.WindowManagerService.notifyAppStopped:4463 com.android.server.am.ActivityStack.activityStoppedLocked:1252 com.android.server.am.ActivityManagerService.activityStopped:6903 
06-05 21:22:06.867 I/System.out(10733): URI: //
06-05 21:22:06.867 I/System.out(10733): params: {json={"command":"press_key","arguments":["KEYCODE_MENU"]}
06-05 21:22:06.867 I/System.out(10733): }
06-05 21:22:06.867 I/System.out(10733): header: {content-type=application/json;charset=utf-8, date=Sat, 06 Jun 2020 02:22:07 GMT, accept=*/*, host=127.0.0.1:34777, content-length=52, user-agent=HTTPClient/1.0 (2.8.3, ruby 2.5.1 (2018-03-29))}
06-05 21:22:06.868 I/System.out(10733): params: {json={"command":"press_key","arguments":["KEYCODE_MENU"]}
06-05 21:22:06.868 I/System.out(10733): }
06-05 21:22:06.868 I/System.out(10733): ProP json = {"command":"press_key","arguments":["KEYCODE_MENU"]}
06-05 21:22:06.868 I/System.out(10733): files: {}
06-05 21:22:06.868 I/System.out(10733): command: {"command":"press_key","arguments":["KEYCODE_MENU"]}
06-05 21:22:06.872 I/InstrumentationBackend(10733): Got command:'Command:'Line:null,press_key', arguments:'[KEYCODE_MENU]'
06-05 21:22:06.908 V/PhoneStatusBar( 1711): setLightsOn(true)
06-05 21:22:06.917 V/PhoneStatusBar( 1711): setLightsOn(true)
06-05 21:22:06.921 I/System.out(10733): result:{"bonusInformation":[],"message":"","success":true}
06-05 21:22:06.926 I/System.out(10733): URI: //map
06-05 21:22:06.926 I/System.out(10733): params: {json={"query":"* marked:'Edit vehicle types'","operation":{"method_name":"query","arguments":[]}}
06-05 21:22:06.926 I/System.out(10733): }
06-05 21:22:06.928 V/PhoneStatusBar( 1711): setLightsOn(true)
06-05 21:22:06.945 V/PhoneStatusBar( 1711): setLightsOn(true)
06-05 21:22:06.947 D/gralloc_ranchu( 1347): gralloc_alloc: Creating ashmem region of size 1720320
06-05 21:22:06.959 V/PhoneStatusBar( 1711): setLightsOn(true)
06-05 21:22:06.960 V/PhoneStatusBar( 1711): setLightsOn(true)
06-05 21:22:06.961 W/ResourceType(10733): No package identifier when getting name for resource number 0x00000001
06-05 21:22:06.963 V/PhoneStatusBar( 1711): setLightsOn(true)
06-05 21:22:06.977 I/System.out(10733): URI: //gesture
06-05 21:22:06.977 I/System.out(10733): params: {json={"query_timeout":5.0,"gestures":[{"query_string":"* marked:'Edit vehicle types'","touches":[{"x":50,"y":50,"offset_x":0,"offset_y":0,"wait":0.0,"time":0.2,"release":true,"query_string":null}]}]}
06-05 21:22:06.977 I/System.out(10733): }
06-05 21:22:06.982 W/ResourceType(10733): No package identifier when getting name for resource number 0x00000001
06-05 21:22:07.170 D/gralloc_ranchu( 1347): gralloc_alloc: Creating ashmem region of size 1720320
06-05 21:22:07.178 V/PhoneStatusBar( 1711): setLightsOn(true)
06-05 21:22:07.213 D/gralloc_ranchu( 1347): gralloc_alloc: Creating ashmem region of size 9023488
06-05 21:22:07.244 I/art     (10733): Do partial code cache collection, code=30KB, data=29KB
06-05 21:22:07.244 I/art     (10733): After code cache collection, code=29KB, data=29KB
06-05 21:22:07.244 I/art     (10733): Increasing code cache capacity to 128KB
06-05 21:22:07.257 I/System.out(10733): URI: //map
06-05 21:22:07.257 I/System.out(10733): params: {json={"query":"* {text CONTAINS[c] 'Vehicle types'}","operation":{"method_name":"query","arguments":[]}}
06-05 21:22:07.257 I/System.out(10733): }
06-05 21:22:07.265 I/ActivityManager( 1630): START u0 {cmp=com.evancharlton.mileage/.VehicleTypeListActivity} from uid 10286 on display 0
06-05 21:22:07.266 V/PhoneStatusBar( 1711): setLightsOn(true)
06-05 21:22:07.267 V/PhoneStatusBar( 1711): setLightsOn(true)
06-05 21:22:07.321 I/WindowManager( 1630): Destroying surface Surface(name=AtchDlg:com.evancharlton.mileage/com.evancharlton.mileage.VehicleListActivity) called by com.android.server.wm.WindowStateAnimator.destroySurface:2016 com.android.server.wm.WindowStateAnimator.destroySurfaceLocked:882 com.android.server.wm.WindowState.removeLocked:1456 com.android.server.wm.WindowManagerService.removeWindowInnerLocked:2484 com.android.server.wm.WindowManagerService.removeWindowLocked:2442 com.android.server.wm.WindowManagerService.removeWindowLocked:2311 com.android.server.wm.WindowManagerService.removeWindow:2306 com.android.server.wm.Session.remove:202 
06-05 21:22:07.359 I/calabash(10733): newActivity1
06-05 21:22:07.411 V/PhoneStatusBar( 1711): setLightsOn(true)
06-05 21:22:07.413 D/gralloc_ranchu( 1347): gralloc_alloc: Creating ashmem region of size 9023488
06-05 21:22:07.428 V/PhoneStatusBar( 1711): setLightsOn(true)
06-05 21:22:07.444 V/PhoneStatusBar( 1711): setLightsOn(true)
06-05 21:22:07.447 D/gralloc_ranchu( 1347): gralloc_alloc: Creating ashmem region of size 9023488
06-05 21:22:07.461 I/ActivityManager( 1630): Displayed com.evancharlton.mileage/.VehicleTypeListActivity: +144ms
06-05 21:22:07.461 V/PhoneStatusBar( 1711): setLightsOn(true)
06-05 21:22:07.478 V/PhoneStatusBar( 1711): setLightsOn(true)
06-05 21:22:07.527 V/PhoneStatusBar( 1711): setLightsOn(true)
06-05 21:22:07.639 I/System.out(10733): URI: //map
06-05 21:22:07.639 I/System.out(10733): params: {json={"query":"* {text CONTAINS[c] 'Vehicle types'}","operation":{"method_name":"query","arguments":[]}}
06-05 21:22:07.639 I/System.out(10733): }
06-05 21:22:07.660 I/System.out(10733): URI: //
06-05 21:22:07.660 I/System.out(10733): params: {json={"command":"press_key","arguments":["KEYCODE_MENU"]}
06-05 21:22:07.660 I/System.out(10733): }
06-05 21:22:07.660 I/System.out(10733): header: {content-type=application/json;charset=utf-8, date=Sat, 06 Jun 2020 02:22:08 GMT, accept=*/*, host=127.0.0.1:34777, content-length=52, user-agent=HTTPClient/1.0 (2.8.3, ruby 2.5.1 (2018-03-29))}
06-05 21:22:07.660 I/System.out(10733): params: {json={"command":"press_key","arguments":["KEYCODE_MENU"]}
06-05 21:22:07.660 I/System.out(10733): }
06-05 21:22:07.660 I/System.out(10733): ProP json = {"command":"press_key","arguments":["KEYCODE_MENU"]}
06-05 21:22:07.660 I/System.out(10733): files: {}
06-05 21:22:07.660 I/System.out(10733): command: {"command":"press_key","arguments":["KEYCODE_MENU"]}
06-05 21:22:07.662 I/InstrumentationBackend(10733): Got command:'Command:'Line:null,press_key', arguments:'[KEYCODE_MENU]'
06-05 21:22:07.666 V/PhoneStatusBar( 1711): setLightsOn(true)
06-05 21:22:07.670 I/System.out(10733): result:{"bonusInformation":[],"message":"","success":true}
06-05 21:22:07.674 I/System.out(10733): URI: //map
06-05 21:22:07.674 I/System.out(10733): params: {json={"query":"* marked:'Add new vehicle type'","operation":{"method_name":"query","arguments":[]}}
06-05 21:22:07.674 I/System.out(10733): }
06-05 21:22:07.681 V/PhoneStatusBar( 1711): setLightsOn(true)
06-05 21:22:07.694 V/PhoneStatusBar( 1711): setLightsOn(true)
06-05 21:22:07.696 V/PhoneStatusBar( 1711): setLightsOn(true)
06-05 21:22:07.712 V/PhoneStatusBar( 1711): setLightsOn(true)
06-05 21:22:07.714 D/gralloc_ranchu( 1347): gralloc_alloc: Creating ashmem region of size 929792
06-05 21:22:07.725 V/PhoneStatusBar( 1711): setLightsOn(true)
06-05 21:22:07.725 W/ResourceType(10733): No package identifier when getting name for resource number 0x00000001
06-05 21:22:07.728 V/PhoneStatusBar( 1711): setLightsOn(true)
06-05 21:22:07.735 I/System.out(10733): URI: //gesture
06-05 21:22:07.735 I/System.out(10733): params: {json={"query_timeout":5.0,"gestures":[{"query_string":"* marked:'Add new vehicle type'","touches":[{"x":50,"y":50,"offset_x":0,"offset_y":0,"wait":0.0,"time":0.2,"release":true,"query_string":null}]}]}
06-05 21:22:07.735 I/System.out(10733): }
06-05 21:22:07.739 W/ResourceType(10733): No package identifier when getting name for resource number 0x00000001
06-05 21:22:07.795 V/PhoneStatusBar( 1711): setLightsOn(true)
06-05 21:22:07.796 V/PhoneStatusBar( 1711): setLightsOn(true)
06-05 21:22:07.811 V/PhoneStatusBar( 1711): setLightsOn(true)
06-05 21:22:07.844 D/gralloc_ranchu( 1347): gralloc_alloc: Creating ashmem region of size 929792
06-05 21:22:07.946 V/PhoneStatusBar( 1711): setLightsOn(true)
06-05 21:22:07.962 I/WindowManager( 1630): Destroying surface Surface(name=com.evancharlton.mileage/com.evancharlton.mileage.Mileage) called by com.android.server.wm.WindowStateAnimator.destroySurface:2016 com.android.server.wm.WindowStateAnimator.destroySurfaceLocked:882 com.android.server.wm.WindowState.destroyOrSaveSurface:2100 com.android.server.wm.WindowManagerService.tryStartExitingAnimation:3024 com.android.server.wm.WindowManagerService.relayoutWindow:2904 com.android.server.wm.Session.relayout:224 android.view.IWindowSession$Stub.onTransact:286 com.android.server.wm.Session.onTransact:145 
06-05 21:22:07.963 V/PhoneStatusBar( 1711): setLightsOn(true)
06-05 21:22:07.966 I/ActivityManager( 1630): START u0 {cmp=com.evancharlton.mileage/.VehicleTypeActivity} from uid 10286 on display 0
06-05 21:22:07.968 V/PhoneStatusBar( 1711): setLightsOn(true)
06-05 21:22:07.969 V/PhoneStatusBar( 1711): setLightsOn(true)
06-05 21:22:07.975 I/System.out(10733): URI: //map
06-05 21:22:07.975 I/System.out(10733): params: {json={"query":"* {text CONTAINS[c] 'Vehicle type'}","operation":{"method_name":"query","arguments":[]}}
06-05 21:22:07.975 I/System.out(10733): }
06-05 21:22:07.976 I/WindowManager( 1630): Destroying surface Surface(name=AtchDlg:com.evancharlton.mileage/com.evancharlton.mileage.VehicleTypeListActivity) called by com.android.server.wm.WindowStateAnimator.destroySurface:2016 com.android.server.wm.WindowStateAnimator.destroySurfaceLocked:882 com.android.server.wm.WindowState.removeLocked:1456 com.android.server.wm.WindowManagerService.removeWindowInnerLocked:2484 com.android.server.wm.WindowManagerService.removeWindowLocked:2442 com.android.server.wm.WindowManagerService.removeWindowLocked:2311 com.android.server.wm.WindowManagerService.removeWindow:2306 com.android.server.wm.Session.remove:202 
06-05 21:22:07.978 I/calabash(10733): newActivity1
06-05 21:22:07.989 V/PhoneStatusBar( 1711): setLightsOn(true)
06-05 21:22:07.996 D/gralloc_ranchu( 1347): gralloc_alloc: Creating ashmem region of size 9023488
06-05 21:22:08.011 V/PhoneStatusBar( 1711): setLightsOn(true)
06-05 21:22:08.027 V/PhoneStatusBar( 1711): setLightsOn(true)
06-05 21:22:08.029 W/InputMethodService( 1697): Window size has been changed. This may cause jankiness of resizing window: -1 -> -2
06-05 21:22:08.029 I/ActivityManager( 1630): Displayed com.evancharlton.mileage/.VehicleTypeActivity: +58ms
06-05 21:22:08.029 D/gralloc_ranchu( 1347): gralloc_alloc: Creating ashmem region of size 9023488
06-05 21:22:08.035 I/LatinIME( 1697): Starting input. Cursor position = 0,0
06-05 21:22:08.038 I/System.out(10733): URI: //map
06-05 21:22:08.038 I/System.out(10733): params: {json={"query":"* {text CONTAINS[c] 'Add new vehicle type'}","operation":{"method_name":"query","arguments":[]}}
06-05 21:22:08.038 I/System.out(10733): }
06-05 21:22:08.044 V/PhoneStatusBar( 1711): setLightsOn(true)
06-05 21:22:08.094 V/PhoneStatusBar( 1711): setLightsOn(true)
