--------- beginning of main
06-05 19:59:20.085 V/PhoneStatusBar( 1711): setLightsOn(true)
06-05 19:59:20.103 D/gralloc_ranchu( 1348): gralloc_alloc: Creating ashmem region of size 3145728
06-05 19:59:20.108 E/EGL_emulation( 1348): tid 1348: eglCreateSyncKHR(1901): error 0x3004 (EGL_BAD_ATTRIBUTE)
--------- beginning of system
06-05 19:59:20.117 W/ActivityManager( 1629): Finishing task with all activities already finished
06-05 19:59:20.117 W/ActivityManager( 1629): Duplicate finish request for ActivityRecord{efdc09a u0 com.evancharlton.mileage/.Mileage t4453 f}
06-05 19:59:20.117 W/ActivityManager( 1629): Finishing task with all activities already finished
06-05 19:59:20.117 W/ActivityManager( 1629): Duplicate finish request for ActivityRecord{efdc09a u0 com.evancharlton.mileage/.Mileage t4453 f}
06-05 19:59:20.117 W/ActivityManager( 1629): Finishing task with all activities already finished
06-05 19:59:20.117 W/ActivityManager( 1629): Duplicate finish request for ActivityRecord{efdc09a u0 com.evancharlton.mileage/.Mileage t4453 f}
06-05 19:59:20.118 W/ActivityManager( 1629): Finishing task with all activities already finished
06-05 19:59:20.118 W/ActivityManager( 1629): Duplicate finish request for ActivityRecord{efdc09a u0 com.evancharlton.mileage/.Mileage t4453 f}
06-05 19:59:20.118 W/ActivityManager( 1629): Finishing task with all activities already finished
06-05 19:59:20.118 W/ActivityManager( 1629): Duplicate finish request for ActivityRecord{efdc09a u0 com.evancharlton.mileage/.Mileage t4453 f}
06-05 19:59:20.118 W/ActivityManager( 1629): Finishing task with all activities already finished
06-05 19:59:20.118 W/ActivityManager( 1629): Duplicate finish request for ActivityRecord{c3154dd u0 com.evancharlton.mileage/.charts.LastYearCostChart t4453 f}
06-05 19:59:20.119 W/ActivityManager( 1629): Finishing task with all activities already finished
06-05 19:59:20.119 W/ActivityManager( 1629): Duplicate finish request for ActivityRecord{c3154dd u0 com.evancharlton.mileage/.charts.LastYearCostChart t4453 f}
06-05 19:59:20.119 W/ActivityManager( 1629): Finishing task with all activities already finished
06-05 19:59:20.119 W/ActivityManager( 1629): Duplicate finish request for ActivityRecord{efdc09a u0 com.evancharlton.mileage/.Mileage t4453 f}
06-05 19:59:20.119 W/ActivityManager( 1629): Finishing task with all activities already finished
06-05 19:59:20.119 W/ActivityManager( 1629): Duplicate finish request for ActivityRecord{efdc09a u0 com.evancharlton.mileage/.Mileage t4453 f}
06-05 19:59:20.152 D/EGL_emulation( 2147): eglMakeCurrent: 0xa3805360: ver 2 0 (tinfo 0xa3803630)
06-05 19:59:20.153 D/EGL_emulation( 1711): eglMakeCurrent: 0x9f1709c0: ver 2 0 (tinfo 0xa0e61d00)
06-05 19:59:20.154 D/AndroidRuntime(20135): >>>>>> START com.android.internal.os.RuntimeInit uid 2000 <<<<<<
06-05 19:59:20.155 D/AndroidRuntime(20135): CheckJNI is ON
06-05 19:59:20.166 W/art     (20135): Unexpected CPU variant for X86 using defaults: x86
06-05 19:59:20.167 D/ICU     (20135): No timezone override file found: /data/misc/zoneinfo/current/icu/icu_tzdata.dat
06-05 19:59:20.168 D/EGL_emulation( 1711): eglMakeCurrent: 0x9f1709c0: ver 2 0 (tinfo 0xa0e61d00)
06-05 19:59:20.176 E/memtrack(20135): Couldn't load memtrack module (No such file or directory)
06-05 19:59:20.176 E/android.os.Debug(20135): failed to load memtrack module: -2
06-05 19:59:20.176 I/Radio-JNI(20135): register_android_hardware_Radio DONE
06-05 19:59:20.180 D/AndroidRuntime(20135): Calling main entry com.android.commands.am.Am
06-05 19:59:20.182 I/ActivityManager( 1629): Force stopping com.evancharlton.mileage appid=10196 user=0: start instr
06-05 19:59:20.182 I/ActivityManager( 1629): Killing 20090:com.evancharlton.mileage/u0a196 (adj 0): stop com.evancharlton.mileage
06-05 19:59:20.182 D/ActivityManager( 1629): cleanUpApplicationRecord -- 20090
06-05 19:59:20.182 W/ActivityManager( 1629): Crash of app com.evancharlton.mileage running instrumentation ComponentInfo{com.evancharlton.mileage.test/sh.calaba.instrumentationbackend.CalabashInstrumentationTestRunner}
06-05 19:59:20.182 I/ActivityManager( 1629): Force stopping com.evancharlton.mileage appid=10196 user=0: finished inst
06-05 19:59:20.185 I/art     (20145): Not late-enabling -Xcheck:jni (already on)
06-05 19:59:20.185 W/art     (20145): Unexpected CPU variant for X86 using defaults: x86
06-05 19:59:20.186 D/EGL_emulation( 1711): eglMakeCurrent: 0x9f1709c0: ver 2 0 (tinfo 0xa0e61d00)
06-05 19:59:20.193 I/ActivityManager( 1629): Start proc 20145:com.evancharlton.mileage/u0a196 for added application com.evancharlton.mileage
06-05 19:59:20.193 D/AndroidRuntime(20135): Shutting down VM
06-05 19:59:20.198 W/System  (20145): ClassLoader referenced unknown path: /data/app/com.evancharlton.mileage.test-1/lib/x86
06-05 19:59:20.198 W/System  (20145): ClassLoader referenced unknown path: /data/app/com.evancharlton.mileage-1/lib/x86
06-05 19:59:20.200 W/System  (20145): ClassLoader referenced unknown path: 
06-05 19:59:20.201 D/EGL_emulation( 1711): eglMakeCurrent: 0x9f1709c0: ver 2 0 (tinfo 0xa0e61d00)
06-05 19:59:20.203 D/EGL_emulation( 1711): eglMakeCurrent: 0x9f1709c0: ver 2 0 (tinfo 0xa0e61d00)
06-05 19:59:20.204 I/System.out(20145): Main activity name automatically set to: com.evancharlton.mileage.Mileage
06-05 19:59:20.205 I/System.out(20145): Calabash did not load Mono. This is only a problem if you are trying to test a Mono application
06-05 19:59:20.205 I/calabash(20145): Test server port: 7102
06-05 19:59:20.205 I/InstrumentationBackend(20145): Added:'GetPreferences', with key:'get_preferences'
06-05 19:59:20.209 I/InstrumentationBackend(20145): Added:'SetPreferences', with key:'set_preferences'
06-05 19:59:20.210 I/InstrumentationBackend(20145): Added:'ClearPreferences', with key:'clear_preferences'
06-05 19:59:20.210 I/InstrumentationBackend(20145): Added:'PressElement', with key:'press_l10n_element'
06-05 19:59:20.210 I/InstrumentationBackend(20145): Added:'WaitForElement', with key:'wait_for_l10n_element'
06-05 19:59:20.210 I/InstrumentationBackend(20145): Added:'NullAction', with key:'nullAction'
06-05 19:59:20.210 I/InstrumentationBackend(20145): Added:'PressKey', with key:'press_key'
06-05 19:59:20.210 I/InstrumentationBackend(20145): Added:'SetActivityOrientation', with key:'set_activity_orientation'
06-05 19:59:20.210 I/InstrumentationBackend(20145): Added:'GetActivityOrientation', with key:'get_activity_orientation'
06-05 19:59:20.210 I/InstrumentationBackend(20145): Added:'FakeGPSLocation', with key:'set_gps_coordinates'
06-05 19:59:20.210 I/InstrumentationBackend(20145): Added:'SetPropertyByCssSelector', with key:'set_property_by_css_selector'
06-05 19:59:20.210 I/InstrumentationBackend(20145): Added:'GetUrl', with key:'get_url'
06-05 19:59:20.210 I/InstrumentationBackend(20145): Added:'ScrollTo', with key:'scroll_to'
06-05 19:59:20.210 I/InstrumentationBackend(20145): Added:'GetLoadProgress', with key:'get_load_progress'
06-05 19:59:20.210 I/InstrumentationBackend(20145): Added:'DumpHtml', with key:'dump_html'
06-05 19:59:20.210 I/InstrumentationBackend(20145): Added:'DumpBodyHtml', with key:'dump_body_html'
06-05 19:59:20.210 I/InstrumentationBackend(20145): Added:'EnterTextByCssSelector', with key:'enter_text_by_selector'
06-05 19:59:20.211 I/InstrumentationBackend(20145): Added:'AndroidSDKVersion', with key:'android_sdk_version'
06-05 19:59:20.211 I/InstrumentationBackend(20145): Added:'Version', with key:'version'
06-05 19:59:20.211 I/InstrumentationBackend(20145): Added:'Drag', with key:'drag'
06-05 19:59:20.211 I/InstrumentationBackend(20145): Added:'TouchCoordinates', with key:'touch_coordinate'
06-05 19:59:20.211 I/InstrumentationBackend(20145): Added:'LongPressCoordinate', with key:'long_press_coordinate'
06-05 19:59:20.211 I/InstrumentationBackend(20145): Added:'DragCoordinates', with key:'drag_coordinates'
06-05 19:59:20.211 I/InstrumentationBackend(20145): Added:'ResumeApplication', with key:'resume_application'
06-05 19:59:20.211 I/InstrumentationBackend(20145): Added:'Swipe', with key:'swipe'
06-05 19:59:20.211 I/InstrumentationBackend(20145): Added:'DoubleTapCoordinate', with key:'double_tap_coordinate'
06-05 19:59:20.211 I/InstrumentationBackend(20145): Added:'ClickOnScreen', with key:'click_on_screen'
06-05 19:59:20.211 I/InstrumentationBackend(20145): Added:'GetActivityName', with key:'get_activity_name'
06-05 19:59:20.211 I/InstrumentationBackend(20145): Added:'ScrollToView', with key:'scroll_to_view'
06-05 19:59:20.211 I/InstrumentationBackend(20145): Added:'ViewConfiguration', with key:'view_configuration'
06-05 19:59:20.211 I/InstrumentationBackend(20145): Added:'IsCurrentActivityFocused', with key:'is_current_activity_focused'
06-05 19:59:20.211 I/InstrumentationBackend(20145): Added:'SendTcp', with key:'send_tcp'
06-05 19:59:20.211 I/InstrumentationBackend(20145): Added:'DpToDevicePixel', with key:'dp_to_device_pixel'
06-05 19:59:20.211 I/InstrumentationBackend(20145): Added:'KeyboardEnterText', with key:'keyboard_enter_text'
06-05 19:59:20.211 I/InstrumentationBackend(20145): Added:'DeleteSurroundingText', with key:'delete_surrounding_text'
06-05 19:59:20.211 I/InstrumentationBackend(20145): Added:'SetComposingRegion', with key:'set_composing_region'
06-05 19:59:20.211 I/InstrumentationBackend(20145): Added:'SetSelection', with key:'set_selection'
06-05 19:59:20.211 I/InstrumentationBackend(20145): Added:'KeyboardKeyEvent', with key:'keyboard_key_event'
06-05 19:59:20.211 I/InstrumentationBackend(20145): Added:'PressUserActionButton', with key:'press_user_action_button'
06-05 19:59:20.212 I/InstrumentationBackend(20145): Added:'HideSoftKeyboard', with key:'hide_soft_keyboard'
06-05 19:59:20.212 I/InstrumentationBackend(20145): Added:'ListActions', with key:'list_actions'
06-05 19:59:20.212 I/calabash(20145): Instantiating http server at 7102
06-05 19:59:20.212 I/System.out(20145): HTTP Daemon listening on: 7102
06-05 19:59:20.218 D/EGL_emulation( 1711): eglMakeCurrent: 0x9f1709c0: ver 2 0 (tinfo 0xa0e61d00)
06-05 19:59:20.220 D/EGL_emulation( 1711): eglMakeCurrent: 0x9f1709c0: ver 2 0 (tinfo 0xa0e61d00)
06-05 19:59:20.235 D/EGL_emulation( 1711): eglMakeCurrent: 0x9f1709c0: ver 2 0 (tinfo 0xa0e61d00)
06-05 19:59:20.236 D/EGL_emulation( 1711): eglMakeCurrent: 0x9f1709c0: ver 2 0 (tinfo 0xa0e61d00)
06-05 19:59:20.251 W/InputDispatcher( 1629): channel 'bed0831 com.evancharlton.mileage/com.evancharlton.mileage.Mileage (server)' ~ Consumer closed input channel or an error occurred.  events=0x9
06-05 19:59:20.251 E/InputDispatcher( 1629): channel 'bed0831 com.evancharlton.mileage/com.evancharlton.mileage.Mileage (server)' ~ Channel is unrecoverably broken and will be disposed!
06-05 19:59:20.251 W/InputDispatcher( 1629): channel '6ddc27f com.evancharlton.mileage/com.evancharlton.mileage.charts.LastYearCostChart (server)' ~ Consumer closed input channel or an error occurred.  events=0x9
06-05 19:59:20.251 E/InputDispatcher( 1629): channel '6ddc27f com.evancharlton.mileage/com.evancharlton.mileage.charts.LastYearCostChart (server)' ~ Channel is unrecoverably broken and will be disposed!
06-05 19:59:20.251 D/EGL_emulation( 1711): eglMakeCurrent: 0x9f1709c0: ver 2 0 (tinfo 0xa0e61d00)
06-05 19:59:20.252 I/WindowManager( 1629): WIN DEATH: Window{bed0831 u0 com.evancharlton.mileage/com.evancharlton.mileage.Mileage EXITING}
06-05 19:59:20.252 W/InputDispatcher( 1629): Attempted to unregister already unregistered input channel 'bed0831 com.evancharlton.mileage/com.evancharlton.mileage.Mileage (server)'
06-05 19:59:20.252 I/WindowManager( 1629): WIN DEATH: Window{6ddc27f u0 com.evancharlton.mileage/com.evancharlton.mileage.charts.LastYearCostChart}
06-05 19:59:20.252 W/InputDispatcher( 1629): Attempted to unregister already unregistered input channel '6ddc27f com.evancharlton.mileage/com.evancharlton.mileage.charts.LastYearCostChart (server)'
06-05 19:59:20.253 I/WindowManager( 1629): Destroying surface Surface(name=com.evancharlton.mileage/com.evancharlton.mileage.charts.LastYearCostChart) called by com.android.server.wm.WindowStateAnimator.destroySurface:2016 com.android.server.wm.WindowStateAnimator.destroySurfaceLocked:882 com.android.server.wm.WindowState.removeLocked:1456 com.android.server.wm.WindowManagerService.removeWindowInnerLocked:2484 com.android.server.wm.WindowManagerService.removeWindowLocked:2442 com.android.server.wm.WindowState$DeathRecipient.binderDied:1787 android.os.BinderProxy.sendDeathNotice:688 <bottom of call stack> 
06-05 19:59:20.265 D/EGL_emulation( 1711): eglMakeCurrent: 0x9f1709c0: ver 2 0 (tinfo 0xa0e61d00)
06-05 19:59:20.268 D/EGL_emulation( 1711): eglMakeCurrent: 0x9f1709c0: ver 2 0 (tinfo 0xa0e61d00)
06-05 19:59:20.269 D/EGL_emulation( 1711): eglMakeCurrent: 0x9f1709c0: ver 2 0 (tinfo 0xa0e61d00)
06-05 19:59:20.285 D/EGL_emulation( 1711): eglMakeCurrent: 0x9f1709c0: ver 2 0 (tinfo 0xa0e61d00)
06-05 19:59:20.287 D/EGL_emulation( 1711): eglMakeCurrent: 0x9f1709c0: ver 2 0 (tinfo 0xa0e61d00)
06-05 19:59:20.301 D/EGL_emulation( 1711): eglMakeCurrent: 0x9f1709c0: ver 2 0 (tinfo 0xa0e61d00)
06-05 19:59:20.303 D/EGL_emulation( 1711): eglMakeCurrent: 0x9f1709c0: ver 2 0 (tinfo 0xa0e61d00)
06-05 19:59:20.303 I/System.out(20145): URI: //ping
06-05 19:59:20.303 I/System.out(20145): params: {json={}
06-05 19:59:20.303 I/System.out(20145): }
06-05 19:59:20.305 I/System.out(20145): URI: //ping
06-05 19:59:20.305 I/System.out(20145): params: {json={}
06-05 19:59:20.305 I/System.out(20145): }
06-05 19:59:20.307 I/System.out(20145): URI: //ready
06-05 19:59:20.307 I/System.out(20145): params: {json={}
06-05 19:59:20.307 I/System.out(20145): }
06-05 19:59:20.309 I/System.out(20145): URI: //
06-05 19:59:20.309 I/System.out(20145): params: {json={"command":"version","arguments":[]}
06-05 19:59:20.309 I/System.out(20145): }
06-05 19:59:20.309 I/System.out(20145): header: {content-type=application/json;charset=utf-8, date=Sat, 06 Jun 2020 00:59:21 GMT, accept=*/*, host=127.0.0.1:34783, content-length=36, user-agent=HTTPClient/1.0 (2.8.3, ruby 2.5.1 (2018-03-29))}
06-05 19:59:20.309 I/System.out(20145): params: {json={"command":"version","arguments":[]}
06-05 19:59:20.309 I/System.out(20145): }
06-05 19:59:20.309 I/System.out(20145): ProP json = {"command":"version","arguments":[]}
06-05 19:59:20.309 I/System.out(20145): files: {}
06-05 19:59:20.309 I/System.out(20145): command: {"command":"version","arguments":[]}
06-05 19:59:20.311 I/InstrumentationBackend(20145): Got command:'Command:'Line:null,version', arguments:'[]'
06-05 19:59:20.316 I/System.out(20145): result:{"bonusInformation":[],"message":"0.9.8","success":true}
06-05 19:59:20.318 D/EGL_emulation( 1711): eglMakeCurrent: 0x9f1709c0: ver 2 0 (tinfo 0xa0e61d00)
06-05 19:59:20.319 I/System.out(20145): URI: //start-application
06-05 19:59:20.319 I/System.out(20145): params: {json={"intent":null}
06-05 19:59:20.319 I/System.out(20145): }
06-05 19:59:20.320 D/EGL_emulation( 1711): eglMakeCurrent: 0x9f1709c0: ver 2 0 (tinfo 0xa0e61d00)
06-05 19:59:20.328 I/ActivityManager( 1629): START u0 {act=android.intent.action.MAIN cat=[android.intent.category.LAUNCHER] flg=0x10200000 cmp=com.evancharlton.mileage/.Mileage} from uid 10196 on display 0
06-05 19:59:20.332 I/calabash(20145): newActivity1
06-05 19:59:20.334 D/EGL_emulation( 1711): eglMakeCurrent: 0x9f1709c0: ver 2 0 (tinfo 0xa0e61d00)
06-05 19:59:20.336 D/EGL_emulation( 1711): eglMakeCurrent: 0x9f1709c0: ver 2 0 (tinfo 0xa0e61d00)
06-05 19:59:20.341 I/calabash(20145): newActivity1
06-05 19:59:20.342 W/ActivityManager( 1629): Bad activity token: android.os.BinderProxy@eaa9cfe
06-05 19:59:20.342 W/ActivityManager( 1629): java.lang.ClassCastException: android.os.BinderProxy cannot be cast to com.android.server.am.ActivityRecord$Token
06-05 19:59:20.342 W/ActivityManager( 1629): 	at com.android.server.am.ActivityRecord.forTokenLocked(ActivityRecord.java:586)
06-05 19:59:20.342 W/ActivityManager( 1629): 	at com.android.server.am.ActivityRecord.isInStackLocked(ActivityRecord.java:1327)
06-05 19:59:20.342 W/ActivityManager( 1629): 	at com.android.server.am.ActivityRecord.getStackLocked(ActivityRecord.java:1332)
06-05 19:59:20.342 W/ActivityManager( 1629): 	at com.android.server.am.ActivityManagerService.getActivityDisplayId(ActivityManagerService.java:9806)
06-05 19:59:20.342 W/ActivityManager( 1629): 	at android.app.ActivityManagerNative.onTransact(ActivityManagerNative.java:2566)
06-05 19:59:20.342 W/ActivityManager( 1629): 	at com.android.server.am.ActivityManagerService.onTransact(ActivityManagerService.java:2757)
06-05 19:59:20.342 W/ActivityManager( 1629): 	at android.os.Binder.execTransact(Binder.java:565)
06-05 19:59:20.343 W/ActivityManager( 1629): Bad activity token: android.os.BinderProxy@eaa9cfe
06-05 19:59:20.343 W/ActivityManager( 1629): java.lang.ClassCastException: android.os.BinderProxy cannot be cast to com.android.server.am.ActivityRecord$Token
06-05 19:59:20.343 W/ActivityManager( 1629): 	at com.android.server.am.ActivityRecord.forTokenLocked(ActivityRecord.java:586)
06-05 19:59:20.343 W/ActivityManager( 1629): 	at com.android.server.am.ActivityRecord.isInStackLocked(ActivityRecord.java:1327)
06-05 19:59:20.343 W/ActivityManager( 1629): 	at com.android.server.am.ActivityManagerService.setTaskDescription(ActivityManagerService.java:9358)
06-05 19:59:20.343 W/ActivityManager( 1629): 	at android.app.ActivityManagerNative.onTransact(ActivityManagerNative.java:2639)
06-05 19:59:20.343 W/ActivityManager( 1629): 	at com.android.server.am.ActivityManagerService.onTransact(ActivityManagerService.java:2757)
06-05 19:59:20.343 W/ActivityManager( 1629): 	at android.os.Binder.execTransact(Binder.java:565)
06-05 19:59:20.344 W/ActivityManager( 1629): Bad activity token: android.os.BinderProxy@eaa9cfe
06-05 19:59:20.344 W/ActivityManager( 1629): java.lang.ClassCastException: android.os.BinderProxy cannot be cast to com.android.server.am.ActivityRecord$Token
06-05 19:59:20.344 W/ActivityManager( 1629): 	at com.android.server.am.ActivityRecord.forTokenLocked(ActivityRecord.java:586)
06-05 19:59:20.344 W/ActivityManager( 1629): 	at com.android.server.am.ActivityRecord.isInStackLocked(ActivityRecord.java:1327)
06-05 19:59:20.344 W/ActivityManager( 1629): 	at com.android.server.am.ActivityRecord.getStackLocked(ActivityRecord.java:1332)
06-05 19:59:20.344 W/ActivityManager( 1629): 	at com.android.server.am.ActivityManagerService.getActivityStackId(ActivityManagerService.java:9817)
06-05 19:59:20.344 W/ActivityManager( 1629): 	at android.app.ActivityManagerNative.onTransact(ActivityManagerNative.java:2856)
06-05 19:59:20.344 W/ActivityManager( 1629): 	at com.android.server.am.ActivityManagerService.onTransact(ActivityManagerService.java:2757)
06-05 19:59:20.344 W/ActivityManager( 1629): 	at android.os.Binder.execTransact(Binder.java:565)
06-05 19:59:20.351 D/gralloc_ranchu( 1348): gralloc_alloc: Creating ashmem region of size 9023488
06-05 19:59:20.351 D/EGL_emulation( 1711): eglMakeCurrent: 0x9f1709c0: ver 2 0 (tinfo 0xa0e61d00)
06-05 19:59:20.356 D/EGL_emulation( 1711): eglMakeCurrent: 0x9f1709c0: ver 2 0 (tinfo 0xa0e61d00)
06-05 19:59:20.359 W/ActivityManager( 1629): Bad activity token: android.os.BinderProxy@eaa9cfe
06-05 19:59:20.359 W/ActivityManager( 1629): java.lang.ClassCastException: android.os.BinderProxy cannot be cast to com.android.server.am.ActivityRecord$Token
06-05 19:59:20.359 W/ActivityManager( 1629): 	at com.android.server.am.ActivityRecord.forTokenLocked(ActivityRecord.java:586)
06-05 19:59:20.359 W/ActivityManager( 1629): 	at com.android.server.am.ActivityRecord.isInStackLocked(ActivityRecord.java:1327)
06-05 19:59:20.359 W/ActivityManager( 1629): 	at com.android.server.am.ActivityManagerService.getActivityOptions(ActivityManagerService.java:12559)
06-05 19:59:20.359 W/ActivityManager( 1629): 	at android.app.ActivityManagerNative.onTransact(ActivityManagerNative.java:1933)
06-05 19:59:20.359 W/ActivityManager( 1629): 	at com.android.server.am.ActivityManagerService.onTransact(ActivityManagerService.java:2757)
06-05 19:59:20.359 W/ActivityManager( 1629): 	at android.os.Binder.execTransact(Binder.java:565)
06-05 19:59:20.359 W/ActivityManager( 1629): Bad activity token: android.os.BinderProxy@eaa9cfe
06-05 19:59:20.359 W/ActivityManager( 1629): java.lang.ClassCastException: android.os.BinderProxy cannot be cast to com.android.server.am.ActivityRecord$Token
06-05 19:59:20.359 W/ActivityManager( 1629): 	at com.android.server.am.ActivityRecord.forTokenLocked(ActivityRecord.java:586)
06-05 19:59:20.359 W/ActivityManager( 1629): 	at com.android.server.am.ActivityRecord.isInStackLocked(ActivityRecord.java:1327)
06-05 19:59:20.359 W/ActivityManager( 1629): 	at com.android.server.am.ActivityManagerService.getActivityOptions(ActivityManagerService.java:12559)
06-05 19:59:20.359 W/ActivityManager( 1629): 	at android.app.ActivityManagerNative.onTransact(ActivityManagerNative.java:1933)
06-05 19:59:20.359 W/ActivityManager( 1629): 	at com.android.server.am.ActivityManagerService.onTransact(ActivityManagerService.java:2757)
06-05 19:59:20.359 W/ActivityManager( 1629): 	at android.os.Binder.execTransact(Binder.java:565)
06-05 19:59:20.369 D/EGL_emulation( 1711): eglMakeCurrent: 0x9f1709c0: ver 2 0 (tinfo 0xa0e61d00)
06-05 19:59:20.385 D/EGL_emulation( 1711): eglMakeCurrent: 0x9f1709c0: ver 2 0 (tinfo 0xa0e61d00)
06-05 19:59:20.385 D/EGL_emulation( 2147): eglMakeCurrent: 0xa3805360: ver 2 0 (tinfo 0xa3803630)
06-05 19:59:20.387 D/EGL_emulation( 1711): eglMakeCurrent: 0x9f1709c0: ver 2 0 (tinfo 0xa0e61d00)
06-05 19:59:20.388 V/PhoneStatusBar( 1711): setLightsOn(true)
06-05 19:59:20.401 D/gralloc_ranchu( 1348): gralloc_alloc: Creating ashmem region of size 9023488
06-05 19:59:20.405 D/        (20145): HostConnection::get() New Host Connection established 0xa0e70040, tid 20145
06-05 19:59:20.405 D/EGL_emulation( 1711): eglMakeCurrent: 0x9f1709c0: ver 2 0 (tinfo 0xa0e61d00)
06-05 19:59:20.406 V/PhoneStatusBar( 1711): setLightsOn(true)
06-05 19:59:20.448 D/EGL_emulation( 1711): eglMakeCurrent: 0x9f1709c0: ver 2 0 (tinfo 0xa0e61d00)
06-05 19:59:20.450 D/EGL_emulation( 1711): eglMakeCurrent: 0x9f1709c0: ver 2 0 (tinfo 0xa0e61d00)
06-05 19:59:20.453 D/EGL_emulation( 1711): eglMakeCurrent: 0x9f1709c0: ver 2 0 (tinfo 0xa0e61d00)
06-05 19:59:20.454 D/EGL_emulation( 1711): eglMakeCurrent: 0x9f1709c0: ver 2 0 (tinfo 0xa0e61d00)
06-05 19:59:20.468 D/EGL_emulation( 1711): eglMakeCurrent: 0x9f1709c0: ver 2 0 (tinfo 0xa0e61d00)
06-05 19:59:20.470 D/EGL_emulation( 1711): eglMakeCurrent: 0x9f1709c0: ver 2 0 (tinfo 0xa0e61d00)
06-05 19:59:20.484 D/gralloc_ranchu( 1348): gralloc_alloc: Creating ashmem region of size 9023488
06-05 19:59:20.485 I/ActivityManager( 1629): Displayed com.evancharlton.mileage/.Mileage: +154ms
06-05 19:59:20.485 D/EGL_emulation( 1711): eglMakeCurrent: 0x9f1709c0: ver 2 0 (tinfo 0xa0e61d00)
06-05 19:59:20.498 D/EGL_emulation( 1711): eglMakeCurrent: 0x9f1709c0: ver 2 0 (tinfo 0xa0e61d00)
06-05 19:59:20.508 D/EGL_emulation( 1711): eglMakeCurrent: 0x9f1709c0: ver 2 0 (tinfo 0xa0e61d00)
06-05 19:59:20.511 D/EGL_emulation( 1711): eglMakeCurrent: 0x9f1709c0: ver 2 0 (tinfo 0xa0e61d00)
06-05 19:59:20.522 D/EGL_emulation( 1711): eglMakeCurrent: 0x9f1709c0: ver 2 0 (tinfo 0xa0e61d00)
06-05 19:59:20.524 D/EGL_emulation( 1711): eglMakeCurrent: 0x9f1709c0: ver 2 0 (tinfo 0xa0e61d00)
06-05 19:59:20.524 V/PhoneStatusBar( 1711): setLightsOn(true)
06-05 19:59:20.535 D/EGL_emulation( 1711): eglMakeCurrent: 0x9f1709c0: ver 2 0 (tinfo 0xa0e61d00)
06-05 19:59:20.537 D/EGL_emulation( 1711): eglMakeCurrent: 0x9f1709c0: ver 2 0 (tinfo 0xa0e61d00)
06-05 19:59:20.541 I/System.out(20145): URI: //map
06-05 19:59:20.541 I/System.out(20145): params: {json={"query":"* marked:'Statistics'","operation":{"method_name":"query","arguments":[]}}
06-05 19:59:20.541 I/System.out(20145): }
06-05 19:59:20.551 D/EGL_emulation( 1711): eglMakeCurrent: 0x9f1709c0: ver 2 0 (tinfo 0xa0e61d00)
06-05 19:59:20.552 W/ResourceType(20145): No package identifier when getting name for resource number 0x00000001
06-05 19:59:20.553 D/EGL_emulation( 1711): eglMakeCurrent: 0x9f1709c0: ver 2 0 (tinfo 0xa0e61d00)
06-05 19:59:20.564 I/System.out(20145): URI: //gesture
06-05 19:59:20.564 I/System.out(20145): params: {json={"query_timeout":5.0,"gestures":[{"query_string":"* marked:'Statistics'","touches":[{"x":50,"y":50,"offset_x":0,"offset_y":0,"wait":0.0,"time":0.2,"release":true,"query_string":null}]}]}
06-05 19:59:20.564 I/System.out(20145): }
06-05 19:59:20.568 D/EGL_emulation( 1711): eglMakeCurrent: 0x9f1709c0: ver 2 0 (tinfo 0xa0e61d00)
06-05 19:59:20.569 W/ResourceType(20145): No package identifier when getting name for resource number 0x00000001
06-05 19:59:20.570 D/EGL_emulation( 1711): eglMakeCurrent: 0x9f1709c0: ver 2 0 (tinfo 0xa0e61d00)
06-05 19:59:20.584 I/WindowManager( 1629): Destroying surface Surface(name=com.evancharlton.mileage/com.evancharlton.mileage.Mileage) called by com.android.server.wm.WindowStateAnimator.destroySurface:2016 com.android.server.wm.WindowStateAnimator.destroySurfaceLocked:882 com.android.server.wm.WindowState.removeLocked:1456 com.android.server.wm.WindowManagerService.removeWindowInnerLocked:2484 com.android.server.wm.AppWindowToken.destroySurfaces:365 com.android.server.wm.WindowStateAnimator.finishExit:565 com.android.server.wm.AppWindowAnimator.stepAnimationLocked:427 com.android.server.wm.WindowAnimator.updateAppWindowsLocked:196 
06-05 19:59:20.591 D/EGL_emulation( 1711): eglMakeCurrent: 0x9f1709c0: ver 2 0 (tinfo 0xa0e61d00)
06-05 19:59:20.593 D/EGL_emulation( 1711): eglMakeCurrent: 0x9f1709c0: ver 2 0 (tinfo 0xa0e61d00)
06-05 19:59:20.603 D/EGL_emulation( 1711): eglMakeCurrent: 0x9f1709c0: ver 2 0 (tinfo 0xa0e61d00)
06-05 19:59:20.603 V/PhoneStatusBar( 1711): setLightsOn(true)
06-05 19:59:20.684 I/WindowManager( 1629): Destroying surface Surface(name=Starting com.evancharlton.mileage) called by com.android.server.wm.WindowStateAnimator.destroySurface:2016 com.android.server.wm.WindowStateAnimator.destroySurfaceLocked:882 com.android.server.wm.WindowState.destroyOrSaveSurface:2100 com.android.server.wm.AppWindowToken.destroySurfaces:363 com.android.server.wm.WindowStateAnimator.finishExit:565 com.android.server.wm.WindowStateAnimator.stepAnimationLocked:491 com.android.server.wm.WindowAnimator.updateWindowsLocked:303 com.android.server.wm.WindowAnimator.animateLocked:704 
06-05 19:59:20.686 V/PhoneStatusBar( 1711): setLightsOn(true)
06-05 19:59:20.718 V/PhoneStatusBar( 1711): setLightsOn(true)
06-05 19:59:20.803 I/calabash(20145): newActivity1
06-05 19:59:20.812 I/System.out(20145): URI: //map
06-05 19:59:20.812 I/System.out(20145): params: {json={"query":"* marked:'Estimated cost per year'","operation":{"method_name":"query","arguments":[]}}
06-05 19:59:20.812 I/System.out(20145): }
06-05 19:59:20.812 W/ActivityManager( 1629): Bad activity token: android.os.BinderProxy@8bbb2dc
06-05 19:59:20.812 W/ActivityManager( 1629): java.lang.ClassCastException: android.os.BinderProxy cannot be cast to com.android.server.am.ActivityRecord$Token
06-05 19:59:20.812 W/ActivityManager( 1629): 	at com.android.server.am.ActivityRecord.forTokenLocked(ActivityRecord.java:586)
06-05 19:59:20.812 W/ActivityManager( 1629): 	at com.android.server.am.ActivityRecord.isInStackLocked(ActivityRecord.java:1327)
06-05 19:59:20.812 W/ActivityManager( 1629): 	at com.android.server.am.ActivityRecord.getStackLocked(ActivityRecord.java:1332)
06-05 19:59:20.812 W/ActivityManager( 1629): 	at com.android.server.am.ActivityManagerService.getActivityDisplayId(ActivityManagerService.java:9806)
06-05 19:59:20.812 W/ActivityManager( 1629): 	at android.app.ActivityManagerNative.onTransact(ActivityManagerNative.java:2566)
06-05 19:59:20.812 W/ActivityManager( 1629): 	at com.android.server.am.ActivityManagerService.onTransact(ActivityManagerService.java:2757)
06-05 19:59:20.812 W/ActivityManager( 1629): 	at android.os.Binder.execTransact(Binder.java:565)
06-05 19:59:20.813 W/ActivityManager( 1629): Bad activity token: android.os.BinderProxy@8bbb2dc
06-05 19:59:20.813 W/ActivityManager( 1629): java.lang.ClassCastException: android.os.BinderProxy cannot be cast to com.android.server.am.ActivityRecord$Token
06-05 19:59:20.813 W/ActivityManager( 1629): 	at com.android.server.am.ActivityRecord.forTokenLocked(ActivityRecord.java:586)
06-05 19:59:20.813 W/ActivityManager( 1629): 	at com.android.server.am.ActivityRecord.isInStackLocked(ActivityRecord.java:1327)
06-05 19:59:20.813 W/ActivityManager( 1629): 	at com.android.server.am.ActivityManagerService.setTaskDescription(ActivityManagerService.java:9358)
06-05 19:59:20.813 W/ActivityManager( 1629): 	at android.app.ActivityManagerNative.onTransact(ActivityManagerNative.java:2639)
06-05 19:59:20.813 W/ActivityManager( 1629): 	at com.android.server.am.ActivityManagerService.onTransact(ActivityManagerService.java:2757)
06-05 19:59:20.813 W/ActivityManager( 1629): 	at android.os.Binder.execTransact(Binder.java:565)
06-05 19:59:20.814 W/ActivityManager( 1629): Bad activity token: android.os.BinderProxy@8bbb2dc
06-05 19:59:20.814 W/ActivityManager( 1629): java.lang.ClassCastException: android.os.BinderProxy cannot be cast to com.android.server.am.ActivityRecord$Token
06-05 19:59:20.814 W/ActivityManager( 1629): 	at com.android.server.am.ActivityRecord.forTokenLocked(ActivityRecord.java:586)
06-05 19:59:20.814 W/ActivityManager( 1629): 	at com.android.server.am.ActivityRecord.isInStackLocked(ActivityRecord.java:1327)
06-05 19:59:20.814 W/ActivityManager( 1629): 	at com.android.server.am.ActivityRecord.getStackLocked(ActivityRecord.java:1332)
06-05 19:59:20.814 W/ActivityManager( 1629): 	at com.android.server.am.ActivityManagerService.getActivityStackId(ActivityManagerService.java:9817)
06-05 19:59:20.814 W/ActivityManager( 1629): 	at android.app.ActivityManagerNative.onTransact(ActivityManagerNative.java:2856)
06-05 19:59:20.814 W/ActivityManager( 1629): 	at com.android.server.am.ActivityManagerService.onTransact(ActivityManagerService.java:2757)
06-05 19:59:20.814 W/ActivityManager( 1629): 	at android.os.Binder.execTransact(Binder.java:565)
06-05 19:59:20.818 V/PhoneStatusBar( 1711): setLightsOn(true)
06-05 19:59:20.820 D/VehicleStatisticsActivity(20145): Checking recalculation ...
06-05 19:59:20.821 D/VehicleStatisticsActivity(20145): Recalculation not necessary.
06-05 19:59:20.851 W/ActivityManager( 1629): Bad activity token: android.os.BinderProxy@8bbb2dc
06-05 19:59:20.851 W/ActivityManager( 1629): java.lang.ClassCastException: android.os.BinderProxy cannot be cast to com.android.server.am.ActivityRecord$Token
06-05 19:59:20.851 W/ActivityManager( 1629): 	at com.android.server.am.ActivityRecord.forTokenLocked(ActivityRecord.java:586)
06-05 19:59:20.851 W/ActivityManager( 1629): 	at com.android.server.am.ActivityRecord.isInStackLocked(ActivityRecord.java:1327)
06-05 19:59:20.851 W/ActivityManager( 1629): 	at com.android.server.am.ActivityManagerService.getActivityOptions(ActivityManagerService.java:12559)
06-05 19:59:20.851 W/ActivityManager( 1629): 	at android.app.ActivityManagerNative.onTransact(ActivityManagerNative.java:1933)
06-05 19:59:20.851 W/ActivityManager( 1629): 	at com.android.server.am.ActivityManagerService.onTransact(ActivityManagerService.java:2757)
06-05 19:59:20.851 W/ActivityManager( 1629): 	at android.os.Binder.execTransact(Binder.java:565)
06-05 19:59:20.851 W/ActivityManager( 1629): Bad activity token: android.os.BinderProxy@8bbb2dc
06-05 19:59:20.851 W/ActivityManager( 1629): java.lang.ClassCastException: android.os.BinderProxy cannot be cast to com.android.server.am.ActivityRecord$Token
06-05 19:59:20.851 W/ActivityManager( 1629): 	at com.android.server.am.ActivityRecord.forTokenLocked(ActivityRecord.java:586)
06-05 19:59:20.851 W/ActivityManager( 1629): 	at com.android.server.am.ActivityRecord.isInStackLocked(ActivityRecord.java:1327)
06-05 19:59:20.851 W/ActivityManager( 1629): 	at com.android.server.am.ActivityManagerService.getActivityOptions(ActivityManagerService.java:12559)
06-05 19:59:20.851 W/ActivityManager( 1629): 	at android.app.ActivityManagerNative.onTransact(ActivityManagerNative.java:1933)
06-05 19:59:20.851 W/ActivityManager( 1629): 	at com.android.server.am.ActivityManagerService.onTransact(ActivityManagerService.java:2757)
06-05 19:59:20.851 W/ActivityManager( 1629): 	at android.os.Binder.execTransact(Binder.java:565)
06-05 19:59:20.853 D/VehicleStatisticsActivity(20145): Checking recalculation ...
06-05 19:59:20.853 D/VehicleStatisticsActivity(20145): Recalculation not necessary.
06-05 19:59:20.922 W/ResourceType(20145): No package identifier when getting name for resource number 0x00000001
06-05 19:59:20.924 I/art     (20145): Do partial code cache collection, code=30KB, data=29KB
06-05 19:59:20.924 I/art     (20145): After code cache collection, code=29KB, data=29KB
06-05 19:59:20.924 I/art     (20145): Increasing code cache capacity to 128KB
06-05 19:59:20.935 I/System.out(20145): URI: //gesture
06-05 19:59:20.935 I/System.out(20145): params: {json={"query_timeout":5.0,"gestures":[{"query_string":"* marked:'Estimated cost per year'","touches":[{"x":50,"y":50,"offset_x":0,"offset_y":0,"wait":0.0,"time":0.2,"release":true,"query_string":null}]}]}
06-05 19:59:20.935 I/System.out(20145): }
06-05 19:59:20.939 W/ResourceType(20145): No package identifier when getting name for resource number 0x00000001
06-05 19:59:21.118 V/PhoneStatusBar( 1711): setLightsOn(true)
06-05 19:59:21.119 V/PhoneStatusBar( 1711): setLightsOn(true)
06-05 19:59:21.120 W/OpenGLRenderer( 2147): Incorrectly called buildLayer on View: ShortcutAndWidgetContainer, destroying layer...
06-05 19:59:21.135 I/WindowManager( 1629): Destroying surface Surface(name=com.android.launcher3/com.android.launcher3.Launcher) called by com.android.server.wm.WindowStateAnimator.destroySurface:2016 com.android.server.wm.WindowStateAnimator.destroySurfaceLocked:882 com.android.server.wm.WindowState.destroyOrSaveSurface:2100 com.android.server.wm.AppWindowToken.destroySurfaces:363 com.android.server.wm.AppWindowToken.notifyAppStopped:389 com.android.server.wm.WindowManagerService.notifyAppStopped:4463 com.android.server.am.ActivityStack.activityStoppedLocked:1252 com.android.server.am.ActivityManagerService.activityStopped:6903 
06-05 19:59:21.137 V/PhoneStatusBar( 1711): setLightsOn(true)
06-05 19:59:21.203 I/System.out(20145): URI: //map
06-05 19:59:21.203 I/System.out(20145): params: {json={"query":"* {text CONTAINS[c] 'No chart for this statistic (yet!)'}","operation":{"method_name":"query","arguments":[]}}
06-05 19:59:21.203 I/System.out(20145): }
06-05 19:59:21.238 V/PhoneStatusBar( 1711): setLightsOn(true)
06-05 19:59:21.252 V/PhoneStatusBar( 1711): setLightsOn(true)
06-05 19:59:21.268 D/gralloc_ranchu( 1348): gralloc_alloc: Creating ashmem region of size 327680
06-05 19:59:21.273 V/PhoneStatusBar( 1711): setLightsOn(true)
06-05 19:59:21.285 V/PhoneStatusBar( 1711): setLightsOn(true)
06-05 19:59:21.572 I/System.out(20145): URI: //map
06-05 19:59:21.572 I/System.out(20145): params: {json={"query":"* {text CONTAINS[c] 'No chart for this statistic (yet!)'}","operation":{"method_name":"query","arguments":[]}}
06-05 19:59:21.572 I/System.out(20145): }
