--------- beginning of main
06-06 17:45:17.675 V/PhoneStatusBar( 1713): setLightsOn(true)
06-06 17:45:17.675 V/PhoneStatusBar( 1713): setLightsOn(true)
06-06 17:45:17.683 D/gralloc_ranchu( 1348): gralloc_alloc: Creating ashmem region of size 3145728
06-06 17:45:17.689 E/EGL_emulation( 1348): tid 1348: eglCreateSyncKHR(1901): error 0x3004 (EGL_BAD_ATTRIBUTE)
--------- beginning of system
06-06 17:45:17.701 W/ActivityManager( 1631): Finishing task with all activities already finished
06-06 17:45:17.701 W/ActivityManager( 1631): Duplicate finish request for ActivityRecord{bd0645e u0 com.evancharlton.mileage/.Mileage t24707 f}
06-06 17:45:17.701 W/ActivityManager( 1631): Finishing task with all activities already finished
06-06 17:45:17.701 W/ActivityManager( 1631): Duplicate finish request for ActivityRecord{bd0645e u0 com.evancharlton.mileage/.Mileage t24707 f}
06-06 17:45:17.701 W/ActivityManager( 1631): Finishing task with all activities already finished
06-06 17:45:17.701 W/ActivityManager( 1631): Duplicate finish request for ActivityRecord{bd0645e u0 com.evancharlton.mileage/.Mileage t24707 f}
06-06 17:45:17.701 W/ActivityManager( 1631): Finishing task with all activities already finished
06-06 17:45:17.701 W/ActivityManager( 1631): Duplicate finish request for ActivityRecord{bd0645e u0 com.evancharlton.mileage/.Mileage t24707 f}
06-06 17:45:17.701 W/ActivityManager( 1631): Finishing task with all activities already finished
06-06 17:45:17.701 W/ActivityManager( 1631): Duplicate finish request for ActivityRecord{bd0645e u0 com.evancharlton.mileage/.Mileage t24707 f}
06-06 17:45:17.736 D/EGL_emulation( 1713): eglMakeCurrent: 0xa6a85780: ver 2 0 (tinfo 0xa6a83640)
06-06 17:45:17.748 D/EGL_emulation( 1713): eglMakeCurrent: 0xa6a85780: ver 2 0 (tinfo 0xa6a83640)
06-06 17:45:17.750 D/EGL_emulation( 2106): eglMakeCurrent: 0xa6a85300: ver 2 0 (tinfo 0xa6a83220)
06-06 17:45:17.783 D/EGL_emulation( 1713): eglMakeCurrent: 0xa6a85780: ver 2 0 (tinfo 0xa6a83640)
06-06 17:45:17.798 D/EGL_emulation( 1713): eglMakeCurrent: 0xa6a85780: ver 2 0 (tinfo 0xa6a83640)
06-06 17:45:17.801 D/EGL_emulation( 1713): eglMakeCurrent: 0xa6a85780: ver 2 0 (tinfo 0xa6a83640)
06-06 17:45:17.815 D/EGL_emulation( 1713): eglMakeCurrent: 0xa6a85780: ver 2 0 (tinfo 0xa6a83640)
06-06 17:45:17.818 D/EGL_emulation( 1713): eglMakeCurrent: 0xa6a85780: ver 2 0 (tinfo 0xa6a83640)
06-06 17:45:17.819 D/AndroidRuntime(16702): >>>>>> START com.android.internal.os.RuntimeInit uid 2000 <<<<<<
06-06 17:45:17.820 D/AndroidRuntime(16702): CheckJNI is ON
06-06 17:45:17.831 W/art     (16702): Unexpected CPU variant for X86 using defaults: x86
06-06 17:45:17.831 D/EGL_emulation( 1713): eglMakeCurrent: 0xa6a85780: ver 2 0 (tinfo 0xa6a83640)
06-06 17:45:17.833 D/ICU     (16702): No timezone override file found: /data/misc/zoneinfo/current/icu/icu_tzdata.dat
06-06 17:45:17.833 D/EGL_emulation( 1713): eglMakeCurrent: 0xa6a85780: ver 2 0 (tinfo 0xa6a83640)
06-06 17:45:17.840 E/memtrack(16702): Couldn't load memtrack module (No such file or directory)
06-06 17:45:17.840 E/android.os.Debug(16702): failed to load memtrack module: -2
06-06 17:45:17.841 I/Radio-JNI(16702): register_android_hardware_Radio DONE
06-06 17:45:17.845 D/AndroidRuntime(16702): Calling main entry com.android.commands.am.Am
06-06 17:45:17.846 I/ActivityManager( 1631): Force stopping com.evancharlton.mileage appid=10728 user=0: start instr
06-06 17:45:17.846 I/ActivityManager( 1631): Killing 16654:com.evancharlton.mileage/u0a728 (adj 0): stop com.evancharlton.mileage
06-06 17:45:17.846 D/ActivityManager( 1631): cleanUpApplicationRecord -- 16654
06-06 17:45:17.846 W/ActivityManager( 1631): Crash of app com.evancharlton.mileage running instrumentation ComponentInfo{com.evancharlton.mileage.test/sh.calaba.instrumentationbackend.CalabashInstrumentationTestRunner}
06-06 17:45:17.846 I/ActivityManager( 1631): Force stopping com.evancharlton.mileage appid=10728 user=0: finished inst
06-06 17:45:17.849 D/EGL_emulation( 1713): eglMakeCurrent: 0xa6a85780: ver 2 0 (tinfo 0xa6a83640)
06-06 17:45:17.850 I/art     (16712): Not late-enabling -Xcheck:jni (already on)
06-06 17:45:17.850 W/art     (16712): Unexpected CPU variant for X86 using defaults: x86
06-06 17:45:17.851 D/EGL_emulation( 1713): eglMakeCurrent: 0xa6a85780: ver 2 0 (tinfo 0xa6a83640)
06-06 17:45:17.857 I/ActivityManager( 1631): Start proc 16712:com.evancharlton.mileage/u0a728 for added application com.evancharlton.mileage
06-06 17:45:17.857 D/AndroidRuntime(16702): Shutting down VM
06-06 17:45:17.862 W/System  (16712): ClassLoader referenced unknown path: /data/app/com.evancharlton.mileage.test-1/lib/x86
06-06 17:45:17.862 W/System  (16712): ClassLoader referenced unknown path: /data/app/com.evancharlton.mileage-1/lib/x86
06-06 17:45:17.865 W/System  (16712): ClassLoader referenced unknown path: 
06-06 17:45:17.865 D/EGL_emulation( 1713): eglMakeCurrent: 0xa6a85780: ver 2 0 (tinfo 0xa6a83640)
06-06 17:45:17.867 D/EGL_emulation( 1713): eglMakeCurrent: 0xa6a85780: ver 2 0 (tinfo 0xa6a83640)
06-06 17:45:17.869 I/System.out(16712): Main activity name automatically set to: com.evancharlton.mileage.Mileage
06-06 17:45:17.869 I/System.out(16712): Calabash did not load Mono. This is only a problem if you are trying to test a Mono application
06-06 17:45:17.869 I/calabash(16712): Test server port: 7102
06-06 17:45:17.870 I/InstrumentationBackend(16712): Added:'GetPreferences', with key:'get_preferences'
06-06 17:45:17.874 I/InstrumentationBackend(16712): Added:'SetPreferences', with key:'set_preferences'
06-06 17:45:17.875 I/InstrumentationBackend(16712): Added:'ClearPreferences', with key:'clear_preferences'
06-06 17:45:17.875 I/InstrumentationBackend(16712): Added:'PressElement', with key:'press_l10n_element'
06-06 17:45:17.875 I/InstrumentationBackend(16712): Added:'WaitForElement', with key:'wait_for_l10n_element'
06-06 17:45:17.875 I/InstrumentationBackend(16712): Added:'NullAction', with key:'nullAction'
06-06 17:45:17.875 I/InstrumentationBackend(16712): Added:'PressKey', with key:'press_key'
06-06 17:45:17.875 I/InstrumentationBackend(16712): Added:'SetActivityOrientation', with key:'set_activity_orientation'
06-06 17:45:17.875 I/InstrumentationBackend(16712): Added:'GetActivityOrientation', with key:'get_activity_orientation'
06-06 17:45:17.875 I/InstrumentationBackend(16712): Added:'FakeGPSLocation', with key:'set_gps_coordinates'
06-06 17:45:17.875 I/InstrumentationBackend(16712): Added:'SetPropertyByCssSelector', with key:'set_property_by_css_selector'
06-06 17:45:17.875 I/InstrumentationBackend(16712): Added:'GetUrl', with key:'get_url'
06-06 17:45:17.875 I/InstrumentationBackend(16712): Added:'ScrollTo', with key:'scroll_to'
06-06 17:45:17.875 I/InstrumentationBackend(16712): Added:'GetLoadProgress', with key:'get_load_progress'
06-06 17:45:17.876 I/InstrumentationBackend(16712): Added:'DumpHtml', with key:'dump_html'
06-06 17:45:17.876 I/InstrumentationBackend(16712): Added:'DumpBodyHtml', with key:'dump_body_html'
06-06 17:45:17.876 I/InstrumentationBackend(16712): Added:'EnterTextByCssSelector', with key:'enter_text_by_selector'
06-06 17:45:17.876 I/InstrumentationBackend(16712): Added:'AndroidSDKVersion', with key:'android_sdk_version'
06-06 17:45:17.876 I/InstrumentationBackend(16712): Added:'Version', with key:'version'
06-06 17:45:17.876 I/InstrumentationBackend(16712): Added:'Drag', with key:'drag'
06-06 17:45:17.876 I/InstrumentationBackend(16712): Added:'TouchCoordinates', with key:'touch_coordinate'
06-06 17:45:17.876 I/InstrumentationBackend(16712): Added:'LongPressCoordinate', with key:'long_press_coordinate'
06-06 17:45:17.876 I/InstrumentationBackend(16712): Added:'DragCoordinates', with key:'drag_coordinates'
06-06 17:45:17.876 I/InstrumentationBackend(16712): Added:'ResumeApplication', with key:'resume_application'
06-06 17:45:17.876 I/InstrumentationBackend(16712): Added:'Swipe', with key:'swipe'
06-06 17:45:17.876 I/InstrumentationBackend(16712): Added:'DoubleTapCoordinate', with key:'double_tap_coordinate'
06-06 17:45:17.876 I/InstrumentationBackend(16712): Added:'ClickOnScreen', with key:'click_on_screen'
06-06 17:45:17.876 I/InstrumentationBackend(16712): Added:'GetActivityName', with key:'get_activity_name'
06-06 17:45:17.876 I/InstrumentationBackend(16712): Added:'ScrollToView', with key:'scroll_to_view'
06-06 17:45:17.877 I/InstrumentationBackend(16712): Added:'ViewConfiguration', with key:'view_configuration'
06-06 17:45:17.877 I/InstrumentationBackend(16712): Added:'IsCurrentActivityFocused', with key:'is_current_activity_focused'
06-06 17:45:17.877 I/InstrumentationBackend(16712): Added:'SendTcp', with key:'send_tcp'
06-06 17:45:17.877 I/InstrumentationBackend(16712): Added:'DpToDevicePixel', with key:'dp_to_device_pixel'
06-06 17:45:17.877 I/InstrumentationBackend(16712): Added:'KeyboardEnterText', with key:'keyboard_enter_text'
06-06 17:45:17.877 I/InstrumentationBackend(16712): Added:'DeleteSurroundingText', with key:'delete_surrounding_text'
06-06 17:45:17.877 I/InstrumentationBackend(16712): Added:'SetComposingRegion', with key:'set_composing_region'
06-06 17:45:17.877 I/InstrumentationBackend(16712): Added:'SetSelection', with key:'set_selection'
06-06 17:45:17.877 I/InstrumentationBackend(16712): Added:'KeyboardKeyEvent', with key:'keyboard_key_event'
06-06 17:45:17.877 I/InstrumentationBackend(16712): Added:'PressUserActionButton', with key:'press_user_action_button'
06-06 17:45:17.877 I/InstrumentationBackend(16712): Added:'HideSoftKeyboard', with key:'hide_soft_keyboard'
06-06 17:45:17.877 I/InstrumentationBackend(16712): Added:'ListActions', with key:'list_actions'
06-06 17:45:17.877 I/calabash(16712): Instantiating http server at 7102
06-06 17:45:17.878 I/System.out(16712): HTTP Daemon listening on: 7102
06-06 17:45:17.882 D/EGL_emulation( 1713): eglMakeCurrent: 0xa6a85780: ver 2 0 (tinfo 0xa6a83640)
06-06 17:45:17.885 D/EGL_emulation( 1713): eglMakeCurrent: 0xa6a85780: ver 2 0 (tinfo 0xa6a83640)
06-06 17:45:17.898 W/InputDispatcher( 1631): channel '88e4ec5 com.evancharlton.mileage/com.evancharlton.mileage.Mileage (server)' ~ Consumer closed input channel or an error occurred.  events=0x9
06-06 17:45:17.898 E/InputDispatcher( 1631): channel '88e4ec5 com.evancharlton.mileage/com.evancharlton.mileage.Mileage (server)' ~ Channel is unrecoverably broken and will be disposed!
06-06 17:45:17.898 W/InputDispatcher( 1631): channel 'b56f296 Toast (server)' ~ Consumer closed input channel or an error occurred.  events=0x9
06-06 17:45:17.898 E/InputDispatcher( 1631): channel 'b56f296 Toast (server)' ~ Channel is unrecoverably broken and will be disposed!
06-06 17:45:17.898 D/EGL_emulation( 1713): eglMakeCurrent: 0xa6a85780: ver 2 0 (tinfo 0xa6a83640)
06-06 17:45:17.898 I/WindowManager( 1631): WIN DEATH: Window{88e4ec5 u0 com.evancharlton.mileage/com.evancharlton.mileage.Mileage EXITING}
06-06 17:45:17.898 W/InputDispatcher( 1631): Attempted to unregister already unregistered input channel '88e4ec5 com.evancharlton.mileage/com.evancharlton.mileage.Mileage (server)'
06-06 17:45:17.899 I/WindowManager( 1631): WIN DEATH: Window{b56f296 u0 Toast}
06-06 17:45:17.899 W/InputDispatcher( 1631): Attempted to unregister already unregistered input channel 'b56f296 Toast (server)'
06-06 17:45:17.913 D/EGL_emulation( 1713): eglMakeCurrent: 0xa6a85780: ver 2 0 (tinfo 0xa6a83640)
06-06 17:45:17.915 D/EGL_emulation( 1713): eglMakeCurrent: 0xa6a85780: ver 2 0 (tinfo 0xa6a83640)
06-06 17:45:17.917 D/EGL_emulation( 1713): eglMakeCurrent: 0xa6a85780: ver 2 0 (tinfo 0xa6a83640)
06-06 17:45:17.932 D/EGL_emulation( 1713): eglMakeCurrent: 0xa6a85780: ver 2 0 (tinfo 0xa6a83640)
06-06 17:45:17.933 D/EGL_emulation( 1713): eglMakeCurrent: 0xa6a85780: ver 2 0 (tinfo 0xa6a83640)
06-06 17:45:17.949 D/EGL_emulation( 1713): eglMakeCurrent: 0xa6a85780: ver 2 0 (tinfo 0xa6a83640)
06-06 17:45:17.965 D/EGL_emulation( 1713): eglMakeCurrent: 0xa6a85780: ver 2 0 (tinfo 0xa6a83640)
06-06 17:45:17.967 D/EGL_emulation( 1713): eglMakeCurrent: 0xa6a85780: ver 2 0 (tinfo 0xa6a83640)
06-06 17:45:17.967 I/System.out(16712): URI: //ping
06-06 17:45:17.967 I/System.out(16712): params: {json={}
06-06 17:45:17.967 I/System.out(16712): }
06-06 17:45:17.969 I/System.out(16712): URI: //ping
06-06 17:45:17.969 I/System.out(16712): params: {json={}
06-06 17:45:17.969 I/System.out(16712): }
06-06 17:45:17.971 I/System.out(16712): URI: //ready
06-06 17:45:17.971 I/System.out(16712): params: {json={}
06-06 17:45:17.971 I/System.out(16712): }
06-06 17:45:17.972 I/System.out(16712): URI: //
06-06 17:45:17.972 I/System.out(16712): params: {json={"command":"version","arguments":[]}
06-06 17:45:17.972 I/System.out(16712): }
06-06 17:45:17.972 I/System.out(16712): header: {content-type=application/json;charset=utf-8, date=Sat, 06 Jun 2020 22:45:18 GMT, accept=*/*, host=127.0.0.1:34784, content-length=36, user-agent=HTTPClient/1.0 (2.8.3, ruby 2.5.1 (2018-03-29))}
06-06 17:45:17.972 I/System.out(16712): params: {json={"command":"version","arguments":[]}
06-06 17:45:17.972 I/System.out(16712): }
06-06 17:45:17.972 I/System.out(16712): ProP json = {"command":"version","arguments":[]}
06-06 17:45:17.972 I/System.out(16712): files: {}
06-06 17:45:17.972 I/System.out(16712): command: {"command":"version","arguments":[]}
06-06 17:45:17.975 I/InstrumentationBackend(16712): Got command:'Command:'Line:null,version', arguments:'[]'
06-06 17:45:17.981 I/System.out(16712): result:{"bonusInformation":[],"message":"0.9.8","success":true}
06-06 17:45:17.981 D/EGL_emulation( 1713): eglMakeCurrent: 0xa6a85780: ver 2 0 (tinfo 0xa6a83640)
06-06 17:45:17.983 D/EGL_emulation( 1713): eglMakeCurrent: 0xa6a85780: ver 2 0 (tinfo 0xa6a83640)
06-06 17:45:17.983 I/System.out(16712): URI: //start-application
06-06 17:45:17.983 I/System.out(16712): params: {json={"intent":null}
06-06 17:45:17.983 I/System.out(16712): }
06-06 17:45:17.992 I/ActivityManager( 1631): START u0 {act=android.intent.action.MAIN cat=[android.intent.category.LAUNCHER] flg=0x10200000 cmp=com.evancharlton.mileage/.Mileage} from uid 10728 on display 0
06-06 17:45:17.997 I/calabash(16712): newActivity1
06-06 17:45:18.006 I/calabash(16712): newActivity1
06-06 17:45:18.007 W/ActivityManager( 1631): Bad activity token: android.os.BinderProxy@c64f759
06-06 17:45:18.007 W/ActivityManager( 1631): java.lang.ClassCastException: android.os.BinderProxy cannot be cast to com.android.server.am.ActivityRecord$Token
06-06 17:45:18.007 W/ActivityManager( 1631): 	at com.android.server.am.ActivityRecord.forTokenLocked(ActivityRecord.java:586)
06-06 17:45:18.007 W/ActivityManager( 1631): 	at com.android.server.am.ActivityRecord.isInStackLocked(ActivityRecord.java:1327)
06-06 17:45:18.007 W/ActivityManager( 1631): 	at com.android.server.am.ActivityRecord.getStackLocked(ActivityRecord.java:1332)
06-06 17:45:18.007 W/ActivityManager( 1631): 	at com.android.server.am.ActivityManagerService.getActivityDisplayId(ActivityManagerService.java:9806)
06-06 17:45:18.007 W/ActivityManager( 1631): 	at android.app.ActivityManagerNative.onTransact(ActivityManagerNative.java:2566)
06-06 17:45:18.007 W/ActivityManager( 1631): 	at com.android.server.am.ActivityManagerService.onTransact(ActivityManagerService.java:2757)
06-06 17:45:18.007 W/ActivityManager( 1631): 	at android.os.Binder.execTransact(Binder.java:565)
06-06 17:45:18.008 W/ActivityManager( 1631): Bad activity token: android.os.BinderProxy@c64f759
06-06 17:45:18.008 W/ActivityManager( 1631): java.lang.ClassCastException: android.os.BinderProxy cannot be cast to com.android.server.am.ActivityRecord$Token
06-06 17:45:18.008 W/ActivityManager( 1631): 	at com.android.server.am.ActivityRecord.forTokenLocked(ActivityRecord.java:586)
06-06 17:45:18.008 W/ActivityManager( 1631): 	at com.android.server.am.ActivityRecord.isInStackLocked(ActivityRecord.java:1327)
06-06 17:45:18.008 W/ActivityManager( 1631): 	at com.android.server.am.ActivityManagerService.setTaskDescription(ActivityManagerService.java:9358)
06-06 17:45:18.008 W/ActivityManager( 1631): 	at android.app.ActivityManagerNative.onTransact(ActivityManagerNative.java:2639)
06-06 17:45:18.008 W/ActivityManager( 1631): 	at com.android.server.am.ActivityManagerService.onTransact(ActivityManagerService.java:2757)
06-06 17:45:18.008 W/ActivityManager( 1631): 	at android.os.Binder.execTransact(Binder.java:565)
06-06 17:45:18.008 W/ActivityManager( 1631): Bad activity token: android.os.BinderProxy@c64f759
06-06 17:45:18.008 W/ActivityManager( 1631): java.lang.ClassCastException: android.os.BinderProxy cannot be cast to com.android.server.am.ActivityRecord$Token
06-06 17:45:18.008 W/ActivityManager( 1631): 	at com.android.server.am.ActivityRecord.forTokenLocked(ActivityRecord.java:586)
06-06 17:45:18.008 W/ActivityManager( 1631): 	at com.android.server.am.ActivityRecord.isInStackLocked(ActivityRecord.java:1327)
06-06 17:45:18.008 W/ActivityManager( 1631): 	at com.android.server.am.ActivityRecord.getStackLocked(ActivityRecord.java:1332)
06-06 17:45:18.008 W/ActivityManager( 1631): 	at com.android.server.am.ActivityManagerService.getActivityStackId(ActivityManagerService.java:9817)
06-06 17:45:18.008 W/ActivityManager( 1631): 	at android.app.ActivityManagerNative.onTransact(ActivityManagerNative.java:2856)
06-06 17:45:18.008 W/ActivityManager( 1631): 	at com.android.server.am.ActivityManagerService.onTransact(ActivityManagerService.java:2757)
06-06 17:45:18.008 W/ActivityManager( 1631): 	at android.os.Binder.execTransact(Binder.java:565)
06-06 17:45:18.016 D/gralloc_ranchu( 1348): gralloc_alloc: Creating ashmem region of size 9023488
06-06 17:45:18.030 W/ActivityManager( 1631): Bad activity token: android.os.BinderProxy@c64f759
06-06 17:45:18.030 W/ActivityManager( 1631): java.lang.ClassCastException: android.os.BinderProxy cannot be cast to com.android.server.am.ActivityRecord$Token
06-06 17:45:18.030 W/ActivityManager( 1631): 	at com.android.server.am.ActivityRecord.forTokenLocked(ActivityRecord.java:586)
06-06 17:45:18.030 W/ActivityManager( 1631): 	at com.android.server.am.ActivityRecord.isInStackLocked(ActivityRecord.java:1327)
06-06 17:45:18.030 W/ActivityManager( 1631): 	at com.android.server.am.ActivityManagerService.getActivityOptions(ActivityManagerService.java:12559)
06-06 17:45:18.030 W/ActivityManager( 1631): 	at android.app.ActivityManagerNative.onTransact(ActivityManagerNative.java:1933)
06-06 17:45:18.030 W/ActivityManager( 1631): 	at com.android.server.am.ActivityManagerService.onTransact(ActivityManagerService.java:2757)
06-06 17:45:18.030 W/ActivityManager( 1631): 	at android.os.Binder.execTransact(Binder.java:565)
06-06 17:45:18.030 W/ActivityManager( 1631): Bad activity token: android.os.BinderProxy@c64f759
06-06 17:45:18.030 W/ActivityManager( 1631): java.lang.ClassCastException: android.os.BinderProxy cannot be cast to com.android.server.am.ActivityRecord$Token
06-06 17:45:18.030 W/ActivityManager( 1631): 	at com.android.server.am.ActivityRecord.forTokenLocked(ActivityRecord.java:586)
06-06 17:45:18.030 W/ActivityManager( 1631): 	at com.android.server.am.ActivityRecord.isInStackLocked(ActivityRecord.java:1327)
06-06 17:45:18.030 W/ActivityManager( 1631): 	at com.android.server.am.ActivityManagerService.getActivityOptions(ActivityManagerService.java:12559)
06-06 17:45:18.030 W/ActivityManager( 1631): 	at android.app.ActivityManagerNative.onTransact(ActivityManagerNative.java:1933)
06-06 17:45:18.030 W/ActivityManager( 1631): 	at com.android.server.am.ActivityManagerService.onTransact(ActivityManagerService.java:2757)
06-06 17:45:18.030 W/ActivityManager( 1631): 	at android.os.Binder.execTransact(Binder.java:565)
06-06 17:45:18.056 V/PhoneStatusBar( 1713): setLightsOn(true)
06-06 17:45:18.065 D/EGL_emulation( 1713): eglMakeCurrent: 0xa6a85780: ver 2 0 (tinfo 0xa6a83640)
06-06 17:45:18.065 V/PhoneStatusBar( 1713): setLightsOn(true)
06-06 17:45:18.068 V/PhoneStatusBar( 1713): setLightsOn(true)
06-06 17:45:18.068 D/gralloc_ranchu( 1348): gralloc_alloc: Creating ashmem region of size 9023488
06-06 17:45:18.070 V/PhoneStatusBar( 1713): setLightsOn(true)
06-06 17:45:18.074 D/        (16712): HostConnection::get() New Host Connection established 0x954a9440, tid 16712
06-06 17:45:18.114 D/EGL_emulation( 1713): eglMakeCurrent: 0xa6a85780: ver 2 0 (tinfo 0xa6a83640)
06-06 17:45:18.114 D/EGL_emulation( 2106): eglMakeCurrent: 0xa6a85300: ver 2 0 (tinfo 0xa6a83220)
06-06 17:45:18.118 D/EGL_emulation( 1713): eglMakeCurrent: 0xa6a85780: ver 2 0 (tinfo 0xa6a83640)
06-06 17:45:18.122 D/EGL_emulation( 1713): eglMakeCurrent: 0xa6a85780: ver 2 0 (tinfo 0xa6a83640)
06-06 17:45:18.124 D/EGL_emulation( 1713): eglMakeCurrent: 0xa6a85780: ver 2 0 (tinfo 0xa6a83640)
06-06 17:45:18.139 D/EGL_emulation( 1713): eglMakeCurrent: 0xa6a85780: ver 2 0 (tinfo 0xa6a83640)
06-06 17:45:18.141 D/EGL_emulation( 1713): eglMakeCurrent: 0xa6a85780: ver 2 0 (tinfo 0xa6a83640)
06-06 17:45:18.141 V/PhoneStatusBar( 1713): setLightsOn(true)
06-06 17:45:18.148 D/EGL_emulation( 1713): eglMakeCurrent: 0xa6a85780: ver 2 0 (tinfo 0xa6a83640)
06-06 17:45:18.150 D/EGL_emulation( 1713): eglMakeCurrent: 0xa6a85780: ver 2 0 (tinfo 0xa6a83640)
06-06 17:45:18.165 D/gralloc_ranchu( 1348): gralloc_alloc: Creating ashmem region of size 9023488
06-06 17:45:18.165 D/EGL_emulation( 1713): eglMakeCurrent: 0xa6a85780: ver 2 0 (tinfo 0xa6a83640)
06-06 17:45:18.182 D/EGL_emulation( 1713): eglMakeCurrent: 0xa6a85780: ver 2 0 (tinfo 0xa6a83640)
06-06 17:45:18.184 I/ActivityManager( 1631): Displayed com.evancharlton.mileage/.Mileage: +189ms
06-06 17:45:18.184 I/WindowManager( 1631): Destroying surface Surface(name=com.evancharlton.mileage/com.evancharlton.mileage.Mileage) called by com.android.server.wm.WindowStateAnimator.destroySurface:2016 com.android.server.wm.WindowStateAnimator.destroySurfaceLocked:882 com.android.server.wm.WindowState.removeLocked:1456 com.android.server.wm.WindowManagerService.removeWindowInnerLocked:2484 com.android.server.wm.AppWindowToken.destroySurfaces:365 com.android.server.wm.WindowStateAnimator.finishExit:565 com.android.server.wm.AppWindowAnimator.stepAnimationLocked:427 com.android.server.wm.WindowAnimator.updateAppWindowsLocked:196 
06-06 17:45:18.184 D/EGL_emulation( 1713): eglMakeCurrent: 0xa6a85780: ver 2 0 (tinfo 0xa6a83640)
06-06 17:45:18.194 D/EGL_emulation( 1713): eglMakeCurrent: 0xa6a85780: ver 2 0 (tinfo 0xa6a83640)
06-06 17:45:18.199 D/EGL_emulation( 1713): eglMakeCurrent: 0xa6a85780: ver 2 0 (tinfo 0xa6a83640)
06-06 17:45:18.205 D/EGL_emulation( 1713): eglMakeCurrent: 0xa6a85780: ver 2 0 (tinfo 0xa6a83640)
06-06 17:45:18.215 D/EGL_emulation( 1713): eglMakeCurrent: 0xa6a85780: ver 2 0 (tinfo 0xa6a83640)
06-06 17:45:18.217 D/EGL_emulation( 1713): eglMakeCurrent: 0xa6a85780: ver 2 0 (tinfo 0xa6a83640)
06-06 17:45:18.218 V/PhoneStatusBar( 1713): setLightsOn(true)
06-06 17:45:18.221 I/System.out(16712): URI: //map
06-06 17:45:18.221 I/System.out(16712): params: {json={"query":"* marked:'Statistics'","operation":{"method_name":"query","arguments":[]}}
06-06 17:45:18.221 I/System.out(16712): }
06-06 17:45:18.232 D/EGL_emulation( 1713): eglMakeCurrent: 0xa6a85780: ver 2 0 (tinfo 0xa6a83640)
06-06 17:45:18.233 W/ResourceType(16712): No package identifier when getting name for resource number 0x00000001
06-06 17:45:18.234 D/EGL_emulation( 1713): eglMakeCurrent: 0xa6a85780: ver 2 0 (tinfo 0xa6a83640)
06-06 17:45:18.246 I/System.out(16712): URI: //gesture
06-06 17:45:18.246 I/System.out(16712): params: {json={"query_timeout":5.0,"gestures":[{"query_string":"* marked:'Statistics'","touches":[{"x":50,"y":50,"offset_x":0,"offset_y":0,"wait":0.0,"time":0.2,"release":true,"query_string":null}]}]}
06-06 17:45:18.246 I/System.out(16712): }
06-06 17:45:18.248 D/EGL_emulation( 1713): eglMakeCurrent: 0xa6a85780: ver 2 0 (tinfo 0xa6a83640)
06-06 17:45:18.250 D/EGL_emulation( 1713): eglMakeCurrent: 0xa6a85780: ver 2 0 (tinfo 0xa6a83640)
06-06 17:45:18.251 W/ResourceType(16712): No package identifier when getting name for resource number 0x00000001
06-06 17:45:18.265 D/EGL_emulation( 1713): eglMakeCurrent: 0xa6a85780: ver 2 0 (tinfo 0xa6a83640)
06-06 17:45:18.273 D/EGL_emulation( 1713): eglMakeCurrent: 0xa6a85780: ver 2 0 (tinfo 0xa6a83640)
06-06 17:45:18.285 D/EGL_emulation( 1713): eglMakeCurrent: 0xa6a85780: ver 2 0 (tinfo 0xa6a83640)
06-06 17:45:18.289 D/EGL_emulation( 1713): eglMakeCurrent: 0xa6a85780: ver 2 0 (tinfo 0xa6a83640)
06-06 17:45:18.301 D/EGL_emulation( 1713): eglMakeCurrent: 0xa6a85780: ver 2 0 (tinfo 0xa6a83640)
06-06 17:45:18.381 I/WindowManager( 1631): Destroying surface Surface(name=Starting com.evancharlton.mileage) called by com.android.server.wm.WindowStateAnimator.destroySurface:2016 com.android.server.wm.WindowStateAnimator.destroySurfaceLocked:882 com.android.server.wm.WindowState.destroyOrSaveSurface:2100 com.android.server.wm.AppWindowToken.destroySurfaces:363 com.android.server.wm.WindowStateAnimator.finishExit:565 com.android.server.wm.WindowStateAnimator.stepAnimationLocked:491 com.android.server.wm.WindowAnimator.updateWindowsLocked:303 com.android.server.wm.WindowAnimator.animateLocked:704 
06-06 17:45:18.383 V/PhoneStatusBar( 1713): setLightsOn(true)
06-06 17:45:18.398 V/PhoneStatusBar( 1713): setLightsOn(true)
06-06 17:45:18.448 V/PhoneStatusBar( 1713): setLightsOn(true)
06-06 17:45:18.448 I/WindowManager( 1631): Destroying surface Surface(name=Toast) called by com.android.server.wm.WindowStateAnimator.destroySurface:2016 com.android.server.wm.WindowStateAnimator.destroySurfaceLocked:882 com.android.server.wm.WindowState.destroyOrSaveSurface:2100 com.android.server.wm.WindowSurfacePlacer.performSurfacePlacementInner:429 com.android.server.wm.WindowSurfacePlacer.performSurfacePlacementLoop:232 com.android.server.wm.WindowSurfacePlacer.performSurfacePlacement:180 com.android.server.wm.WindowManagerService$H.handleMessage:8086 android.os.Handler.dispatchMessage:102 
06-06 17:45:18.449 V/PhoneStatusBar( 1713): setLightsOn(true)
06-06 17:45:18.484 I/calabash(16712): newActivity1
06-06 17:45:18.495 W/ActivityManager( 1631): Bad activity token: android.os.BinderProxy@ceefaef
06-06 17:45:18.495 W/ActivityManager( 1631): java.lang.ClassCastException: android.os.BinderProxy cannot be cast to com.android.server.am.ActivityRecord$Token
06-06 17:45:18.495 W/ActivityManager( 1631): 	at com.android.server.am.ActivityRecord.forTokenLocked(ActivityRecord.java:586)
06-06 17:45:18.495 W/ActivityManager( 1631): 	at com.android.server.am.ActivityRecord.isInStackLocked(ActivityRecord.java:1327)
06-06 17:45:18.495 W/ActivityManager( 1631): 	at com.android.server.am.ActivityRecord.getStackLocked(ActivityRecord.java:1332)
06-06 17:45:18.495 W/ActivityManager( 1631): 	at com.android.server.am.ActivityManagerService.getActivityDisplayId(ActivityManagerService.java:9806)
06-06 17:45:18.495 W/ActivityManager( 1631): 	at android.app.ActivityManagerNative.onTransact(ActivityManagerNative.java:2566)
06-06 17:45:18.495 W/ActivityManager( 1631): 	at com.android.server.am.ActivityManagerService.onTransact(ActivityManagerService.java:2757)
06-06 17:45:18.495 W/ActivityManager( 1631): 	at android.os.Binder.execTransact(Binder.java:565)
06-06 17:45:18.495 I/System.out(16712): URI: //map
06-06 17:45:18.495 I/System.out(16712): params: {json={"query":"android.widget.ScrollView index:0","operation":{"method_name":"query","arguments":[]}}
06-06 17:45:18.495 I/System.out(16712): }
06-06 17:45:18.497 W/ActivityManager( 1631): Bad activity token: android.os.BinderProxy@ceefaef
06-06 17:45:18.497 W/ActivityManager( 1631): java.lang.ClassCastException: android.os.BinderProxy cannot be cast to com.android.server.am.ActivityRecord$Token
06-06 17:45:18.497 W/ActivityManager( 1631): 	at com.android.server.am.ActivityRecord.forTokenLocked(ActivityRecord.java:586)
06-06 17:45:18.497 W/ActivityManager( 1631): 	at com.android.server.am.ActivityRecord.isInStackLocked(ActivityRecord.java:1327)
06-06 17:45:18.497 W/ActivityManager( 1631): 	at com.android.server.am.ActivityManagerService.setTaskDescription(ActivityManagerService.java:9358)
06-06 17:45:18.497 W/ActivityManager( 1631): 	at android.app.ActivityManagerNative.onTransact(ActivityManagerNative.java:2639)
06-06 17:45:18.497 W/ActivityManager( 1631): 	at com.android.server.am.ActivityManagerService.onTransact(ActivityManagerService.java:2757)
06-06 17:45:18.497 W/ActivityManager( 1631): 	at android.os.Binder.execTransact(Binder.java:565)
06-06 17:45:18.497 W/ActivityManager( 1631): Bad activity token: android.os.BinderProxy@ceefaef
06-06 17:45:18.497 W/ActivityManager( 1631): java.lang.ClassCastException: android.os.BinderProxy cannot be cast to com.android.server.am.ActivityRecord$Token
06-06 17:45:18.497 W/ActivityManager( 1631): 	at com.android.server.am.ActivityRecord.forTokenLocked(ActivityRecord.java:586)
06-06 17:45:18.497 W/ActivityManager( 1631): 	at com.android.server.am.ActivityRecord.isInStackLocked(ActivityRecord.java:1327)
06-06 17:45:18.497 W/ActivityManager( 1631): 	at com.android.server.am.ActivityRecord.getStackLocked(ActivityRecord.java:1332)
06-06 17:45:18.497 W/ActivityManager( 1631): 	at com.android.server.am.ActivityManagerService.getActivityStackId(ActivityManagerService.java:9817)
06-06 17:45:18.497 W/ActivityManager( 1631): 	at android.app.ActivityManagerNative.onTransact(ActivityManagerNative.java:2856)
06-06 17:45:18.497 W/ActivityManager( 1631): 	at com.android.server.am.ActivityManagerService.onTransact(ActivityManagerService.java:2757)
06-06 17:45:18.497 W/ActivityManager( 1631): 	at android.os.Binder.execTransact(Binder.java:565)
06-06 17:45:18.504 D/VehicleStatisticsActivity(16712): Checking recalculation ...
06-06 17:45:18.505 D/VehicleStatisticsActivity(16712): Recalculation not necessary.
06-06 17:45:18.515 W/ActivityManager( 1631): Bad activity token: android.os.BinderProxy@ceefaef
06-06 17:45:18.515 W/ActivityManager( 1631): java.lang.ClassCastException: android.os.BinderProxy cannot be cast to com.android.server.am.ActivityRecord$Token
06-06 17:45:18.515 W/ActivityManager( 1631): 	at com.android.server.am.ActivityRecord.forTokenLocked(ActivityRecord.java:586)
06-06 17:45:18.515 W/ActivityManager( 1631): 	at com.android.server.am.ActivityRecord.isInStackLocked(ActivityRecord.java:1327)
06-06 17:45:18.515 W/ActivityManager( 1631): 	at com.android.server.am.ActivityManagerService.getActivityOptions(ActivityManagerService.java:12559)
06-06 17:45:18.515 W/ActivityManager( 1631): 	at android.app.ActivityManagerNative.onTransact(ActivityManagerNative.java:1933)
06-06 17:45:18.515 W/ActivityManager( 1631): 	at com.android.server.am.ActivityManagerService.onTransact(ActivityManagerService.java:2757)
06-06 17:45:18.515 W/ActivityManager( 1631): 	at android.os.Binder.execTransact(Binder.java:565)
06-06 17:45:18.515 V/PhoneStatusBar( 1713): setLightsOn(true)
06-06 17:45:18.515 W/ActivityManager( 1631): Bad activity token: android.os.BinderProxy@ceefaef
06-06 17:45:18.515 W/ActivityManager( 1631): java.lang.ClassCastException: android.os.BinderProxy cannot be cast to com.android.server.am.ActivityRecord$Token
06-06 17:45:18.515 W/ActivityManager( 1631): 	at com.android.server.am.ActivityRecord.forTokenLocked(ActivityRecord.java:586)
06-06 17:45:18.515 W/ActivityManager( 1631): 	at com.android.server.am.ActivityRecord.isInStackLocked(ActivityRecord.java:1327)
06-06 17:45:18.515 W/ActivityManager( 1631): 	at com.android.server.am.ActivityManagerService.getActivityOptions(ActivityManagerService.java:12559)
06-06 17:45:18.515 W/ActivityManager( 1631): 	at android.app.ActivityManagerNative.onTransact(ActivityManagerNative.java:1933)
06-06 17:45:18.515 W/ActivityManager( 1631): 	at com.android.server.am.ActivityManagerService.onTransact(ActivityManagerService.java:2757)
06-06 17:45:18.515 W/ActivityManager( 1631): 	at android.os.Binder.execTransact(Binder.java:565)
06-06 17:45:18.517 D/VehicleStatisticsActivity(16712): Checking recalculation ...
06-06 17:45:18.518 D/VehicleStatisticsActivity(16712): Recalculation not necessary.
06-06 17:45:18.548 V/PhoneStatusBar( 1713): setLightsOn(true)
06-06 17:45:18.595 I/System.out(16712): URI: //map
06-06 17:45:18.595 I/System.out(16712): params: {json={"query":"android.widget.AbsListView index:0","operation":{"method_name":"query","arguments":[]}}
06-06 17:45:18.595 I/System.out(16712): }
06-06 17:45:18.601 I/art     (16712): Do partial code cache collection, code=30KB, data=29KB
06-06 17:45:18.601 I/art     (16712): After code cache collection, code=29KB, data=28KB
06-06 17:45:18.601 I/art     (16712): Increasing code cache capacity to 128KB
06-06 17:45:18.612 I/System.out(16712): URI: //map
06-06 17:45:18.612 I/System.out(16712): params: {json={"query":"android.widget.AbsListView index:0","operation":{"method_name":"query","arguments":[]}}
06-06 17:45:18.612 I/System.out(16712): }
06-06 17:45:18.625 I/System.out(16712): URI: //map
06-06 17:45:18.625 I/System.out(16712): params: {json={"query":"android.widget.AbsListView index:0","operation":{"method_name":"query","arguments":[]}}
06-06 17:45:18.625 I/System.out(16712): }
06-06 17:45:18.638 I/System.out(16712): URI: //map
06-06 17:45:18.638 I/System.out(16712): params: {json={"query":"android.widget.AbsListView index:0","operation":{"method_name":"query","arguments":["getFirstVisiblePosition"]}}
06-06 17:45:18.638 I/System.out(16712): }
06-06 17:45:18.649 I/System.out(16712): URI: //map
06-06 17:45:18.649 I/System.out(16712): params: {json={"query":"android.widget.AbsListView index:0","operation":{"method_name":"query","arguments":["getLastVisiblePosition"]}}
06-06 17:45:18.649 I/System.out(16712): }
06-06 17:45:18.660 I/System.out(16712): URI: //map
06-06 17:45:18.660 I/System.out(16712): params: {json={"query":"android.widget.AbsListView index:0","operation":{"method_name":"query","arguments":[{"method_name":"setSelection","arguments":[26]}]}}
06-06 17:45:18.660 I/System.out(16712): }
06-06 17:45:18.678 I/System.out(16712): URI: //map
06-06 17:45:18.678 I/System.out(16712): params: {json={"query":"* marked:'Average price'","operation":{"method_name":"query","arguments":[]}}
06-06 17:45:18.678 I/System.out(16712): }
06-06 17:45:18.715 D/gralloc_ranchu( 1348): gralloc_alloc: Creating ashmem region of size 9023488
06-06 17:45:18.752 W/ResourceType(16712): No package identifier when getting name for resource number 0x00000001
06-06 17:45:18.763 I/System.out(16712): URI: //gesture
06-06 17:45:18.763 I/System.out(16712): params: {json={"query_timeout":5.0,"gestures":[{"query_string":"* marked:'Average price'","touches":[{"x":50,"y":50,"offset_x":0,"offset_y":0,"wait":0.0,"time":0.2,"release":true,"query_string":null}]}]}
06-06 17:45:18.763 I/System.out(16712): }
06-06 17:45:18.767 W/ResourceType(16712): No package identifier when getting name for resource number 0x00000001
06-06 17:45:18.831 V/PhoneStatusBar( 1713): setLightsOn(true)
06-06 17:45:18.832 V/PhoneStatusBar( 1713): setLightsOn(true)
06-06 17:45:18.833 W/OpenGLRenderer( 2106): Incorrectly called buildLayer on View: ShortcutAndWidgetContainer, destroying layer...
06-06 17:45:18.848 I/WindowManager( 1631): Destroying surface Surface(name=com.android.launcher3/com.android.launcher3.Launcher) called by com.android.server.wm.WindowStateAnimator.destroySurface:2016 com.android.server.wm.WindowStateAnimator.destroySurfaceLocked:882 com.android.server.wm.WindowState.destroyOrSaveSurface:2100 com.android.server.wm.AppWindowToken.destroySurfaces:363 com.android.server.wm.AppWindowToken.notifyAppStopped:389 com.android.server.wm.WindowManagerService.notifyAppStopped:4463 com.android.server.am.ActivityStack.activityStoppedLocked:1252 com.android.server.am.ActivityManagerService.activityStopped:6903 
06-06 17:45:18.849 V/PhoneStatusBar( 1713): setLightsOn(true)
06-06 17:45:18.999 I/ActivityManager( 1631): START u0 {cmp=com.evancharlton.mileage/.charts.AveragePriceChart (has extras)} from uid 10728 on display 0
06-06 17:45:19.001 V/PhoneStatusBar( 1713): setLightsOn(true)
06-06 17:45:19.002 V/PhoneStatusBar( 1713): setLightsOn(true)
06-06 17:45:19.013 I/System.out(16712): URI: //map
06-06 17:45:19.013 I/System.out(16712): params: {json={"query":"* {text CONTAINS[c] 'Average fuel price'}","operation":{"method_name":"query","arguments":[]}}
06-06 17:45:19.013 I/System.out(16712): }
06-06 17:45:19.071 I/calabash(16712): newActivity1
06-06 17:45:19.074 W/aiCharts(16712): License file is invalid or missing. 
06-06 17:45:19.074 W/aiCharts(16712): Please place proper license.lic to /assets folder.
06-06 17:45:19.089 V/PhoneStatusBar( 1713): setLightsOn(true)
06-06 17:45:19.115 V/PhoneStatusBar( 1713): setLightsOn(true)
06-06 17:45:19.119 I/WindowManager( 1631): Destroying surface Surface(name=Creating chart…) called by com.android.server.wm.WindowStateAnimator.destroySurface:2016 com.android.server.wm.WindowStateAnimator.destroySurfaceLocked:882 com.android.server.wm.WindowState.removeLocked:1456 com.android.server.wm.WindowManagerService.removeWindowInnerLocked:2484 com.android.server.wm.WindowManagerService.removeWindowLocked:2442 com.android.server.wm.WindowManagerService.removeWindowLocked:2311 com.android.server.wm.WindowManagerService.removeWindow:2306 com.android.server.wm.Session.remove:202 
06-06 17:45:19.122 D/gralloc_ranchu( 1348): gralloc_alloc: Creating ashmem region of size 9023488
06-06 17:45:19.131 V/PhoneStatusBar( 1713): setLightsOn(true)
06-06 17:45:19.148 V/PhoneStatusBar( 1713): setLightsOn(true)
06-06 17:45:19.165 V/PhoneStatusBar( 1713): setLightsOn(true)
06-06 17:45:19.165 I/ActivityManager( 1631): Displayed com.evancharlton.mileage/.charts.AveragePriceChart: +97ms
06-06 17:45:19.182 V/PhoneStatusBar( 1713): setLightsOn(true)
06-06 17:45:19.198 V/PhoneStatusBar( 1713): setLightsOn(true)
06-06 17:45:19.382 V/PhoneStatusBar( 1713): setLightsOn(true)
06-06 17:45:19.404 I/System.out(16712): URI: //map
06-06 17:45:19.404 I/System.out(16712): params: {json={"query":"* {text CONTAINS[c] 'Average fuel price'}","operation":{"method_name":"query","arguments":[]}}
06-06 17:45:19.404 I/System.out(16712): }
06-06 17:45:19.425 I/System.out(16712): URI: //
06-06 17:45:19.425 I/System.out(16712): params: {json={"command":"press_key","arguments":["KEYCODE_BACK"]}
06-06 17:45:19.425 I/System.out(16712): }
06-06 17:45:19.425 I/System.out(16712): header: {content-type=application/json;charset=utf-8, date=Sat, 06 Jun 2020 22:45:19 GMT, accept=*/*, host=127.0.0.1:34784, content-length=52, user-agent=HTTPClient/1.0 (2.8.3, ruby 2.5.1 (2018-03-29))}
06-06 17:45:19.425 I/System.out(16712): params: {json={"command":"press_key","arguments":["KEYCODE_BACK"]}
06-06 17:45:19.425 I/System.out(16712): }
06-06 17:45:19.425 I/System.out(16712): ProP json = {"command":"press_key","arguments":["KEYCODE_BACK"]}
06-06 17:45:19.425 I/System.out(16712): files: {}
06-06 17:45:19.425 I/System.out(16712): command: {"command":"press_key","arguments":["KEYCODE_BACK"]}
06-06 17:45:19.426 I/InstrumentationBackend(16712): Got command:'Command:'Line:null,press_key', arguments:'[KEYCODE_BACK]'
06-06 17:45:19.429 V/PhoneStatusBar( 1713): setLightsOn(true)
06-06 17:45:19.432 V/PhoneStatusBar( 1713): setLightsOn(true)
06-06 17:45:19.434 D/VehicleStatisticsActivity(16712): Checking recalculation ...
06-06 17:45:19.435 I/art     (16712): Do partial code cache collection, code=60KB, data=62KB
06-06 17:45:19.435 I/art     (16712): After code cache collection, code=59KB, data=61KB
06-06 17:45:19.435 I/art     (16712): Increasing code cache capacity to 256KB
06-06 17:45:19.435 I/System.out(16712): result:{"bonusInformation":[],"message":"","success":true}
06-06 17:45:19.435 D/VehicleStatisticsActivity(16712): Recalculation not necessary.
06-06 17:45:19.437 I/System.out(16712): URI: //map
06-06 17:45:19.437 I/System.out(16712): params: {json={"query":"* {text CONTAINS[c] 'Statistics'}","operation":{"method_name":"query","arguments":[]}}
06-06 17:45:19.437 I/System.out(16712): }
06-06 17:45:19.448 V/PhoneStatusBar( 1713): setLightsOn(true)
06-06 17:45:19.464 D/gralloc_ranchu( 1348): gralloc_alloc: Creating ashmem region of size 9023488
06-06 17:45:19.465 V/PhoneStatusBar( 1713): setLightsOn(true)
06-06 17:45:19.481 V/PhoneStatusBar( 1713): setLightsOn(true)
06-06 17:45:19.512 W/NotificationService( 1631): Object died trying to hide notification android.app.ITransientNotification$Stub$Proxy@5b922c4 in package com.evancharlton.mileage
06-06 17:45:19.518 V/PhoneStatusBar( 1713): setLightsOn(true)
