--------- beginning of main
06-05 18:36:06.311 D/Mileage.ABS( 7862): Finished backup
06-05 18:36:06.351 V/PhoneStatusBar( 1711): setLightsOn(true)
06-05 18:36:06.354 V/PhoneStatusBar( 1711): setLightsOn(true)
06-05 18:36:06.355 D/gralloc_ranchu( 1346): gralloc_alloc: Creating ashmem region of size 253952
06-05 18:36:06.359 V/PhoneStatusBar( 1711): setLightsOn(true)
06-05 18:36:06.371 V/PhoneStatusBar( 1711): setLightsOn(true)
06-05 18:36:06.373 V/PhoneStatusBar( 1711): setLightsOn(true)
06-05 18:36:06.374 V/PhoneStatusBar( 1711): setLightsOn(true)
--------- beginning of system
06-05 18:36:06.374 W/ActivityManager( 1629): Finishing task with all activities already finished
06-05 18:36:06.374 W/ActivityManager( 1629): Duplicate finish request for ActivityRecord{e2597f u0 com.evancharlton.mileage/.Mileage t3112 f}
06-05 18:36:06.374 W/ActivityManager( 1629): Finishing task with all activities already finished
06-05 18:36:06.374 W/ActivityManager( 1629): Duplicate finish request for ActivityRecord{e2597f u0 com.evancharlton.mileage/.Mileage t3112 f}
06-05 18:36:06.374 W/ActivityManager( 1629): Finishing task with all activities already finished
06-05 18:36:06.375 W/ActivityManager( 1629): Duplicate finish request for ActivityRecord{e2597f u0 com.evancharlton.mileage/.Mileage t3112 f}
06-05 18:36:06.375 W/ActivityManager( 1629): Finishing task with all activities already finished
06-05 18:36:06.375 W/ActivityManager( 1629): Duplicate finish request for ActivityRecord{e2597f u0 com.evancharlton.mileage/.Mileage t3112 f}
06-05 18:36:06.375 W/ActivityManager( 1629): Finishing task with all activities already finished
06-05 18:36:06.375 W/ActivityManager( 1629): Duplicate finish request for ActivityRecord{e2597f u0 com.evancharlton.mileage/.Mileage t3112 f}
06-05 18:36:06.403 W/OpenGLRenderer( 2150): Incorrectly called buildLayer on View: ShortcutAndWidgetContainer, destroying layer...
06-05 18:36:06.406 D/gralloc_ranchu( 1346): gralloc_alloc: Creating ashmem region of size 3145728
06-05 18:36:06.411 E/EGL_emulation( 1346): tid 1346: eglCreateSyncKHR(1901): error 0x3004 (EGL_BAD_ATTRIBUTE)
06-05 18:36:06.455 D/EGL_emulation( 2150): eglMakeCurrent: 0xb4f852a0: ver 2 0 (tinfo 0xb4f832e0)
06-05 18:36:06.455 D/EGL_emulation( 1711): eglMakeCurrent: 0xa5b6bd80: ver 2 0 (tinfo 0xb1367140)
06-05 18:36:06.471 D/EGL_emulation( 1711): eglMakeCurrent: 0xa5b6bd80: ver 2 0 (tinfo 0xb1367140)
06-05 18:36:06.475 D/AndroidRuntime( 7906): >>>>>> START com.android.internal.os.RuntimeInit uid 2000 <<<<<<
06-05 18:36:06.476 D/AndroidRuntime( 7906): CheckJNI is ON
06-05 18:36:06.487 W/art     ( 7906): Unexpected CPU variant for X86 using defaults: x86
06-05 18:36:06.488 D/EGL_emulation( 1711): eglMakeCurrent: 0xa5b6bd80: ver 2 0 (tinfo 0xb1367140)
06-05 18:36:06.489 D/ICU     ( 7906): No timezone override file found: /data/misc/zoneinfo/current/icu/icu_tzdata.dat
06-05 18:36:06.498 E/memtrack( 7906): Couldn't load memtrack module (No such file or directory)
06-05 18:36:06.498 E/android.os.Debug( 7906): failed to load memtrack module: -2
06-05 18:36:06.498 I/Radio-JNI( 7906): register_android_hardware_Radio DONE
06-05 18:36:06.504 D/AndroidRuntime( 7906): Calling main entry com.android.commands.am.Am
06-05 18:36:06.504 D/EGL_emulation( 1711): eglMakeCurrent: 0xa5b6bd80: ver 2 0 (tinfo 0xb1367140)
06-05 18:36:06.505 I/ActivityManager( 1629): Force stopping com.evancharlton.mileage appid=10160 user=0: start instr
06-05 18:36:06.505 I/ActivityManager( 1629): Killing 7862:com.evancharlton.mileage/u0a160 (adj 0): stop com.evancharlton.mileage
06-05 18:36:06.505 D/ActivityManager( 1629): cleanUpApplicationRecord -- 7862
06-05 18:36:06.506 W/ActivityManager( 1629): Crash of app com.evancharlton.mileage running instrumentation ComponentInfo{com.evancharlton.mileage.test/sh.calaba.instrumentationbackend.CalabashInstrumentationTestRunner}
06-05 18:36:06.506 I/ActivityManager( 1629): Force stopping com.evancharlton.mileage appid=10160 user=0: finished inst
06-05 18:36:06.506 D/EGL_emulation( 1711): eglMakeCurrent: 0xa5b6bd80: ver 2 0 (tinfo 0xb1367140)
06-05 18:36:06.508 W/InputDispatcher( 1629): channel '7841462 Toast (server)' ~ Consumer closed input channel or an error occurred.  events=0x9
06-05 18:36:06.508 E/InputDispatcher( 1629): channel '7841462 Toast (server)' ~ Channel is unrecoverably broken and will be disposed!
06-05 18:36:06.508 W/InputDispatcher( 1629): channel '5618226 com.evancharlton.mileage/com.evancharlton.mileage.Mileage (server)' ~ Consumer closed input channel or an error occurred.  events=0x9
06-05 18:36:06.508 E/InputDispatcher( 1629): channel '5618226 com.evancharlton.mileage/com.evancharlton.mileage.Mileage (server)' ~ Channel is unrecoverably broken and will be disposed!
06-05 18:36:06.508 I/WindowManager( 1629): WIN DEATH: Window{5618226 u0 com.evancharlton.mileage/com.evancharlton.mileage.Mileage EXITING}
06-05 18:36:06.508 W/InputDispatcher( 1629): Attempted to unregister already unregistered input channel '5618226 com.evancharlton.mileage/com.evancharlton.mileage.Mileage (server)'
06-05 18:36:06.509 I/art     ( 7916): Not late-enabling -Xcheck:jni (already on)
06-05 18:36:06.509 W/art     ( 7916): Unexpected CPU variant for X86 using defaults: x86
06-05 18:36:06.509 I/WindowManager( 1629): WIN DEATH: Window{74fce0a u0 PopupWindow:5d017af EXITING}
06-05 18:36:06.510 I/WindowManager( 1629): WIN DEATH: Window{7841462 u0 Toast}
06-05 18:36:06.510 W/InputDispatcher( 1629): Attempted to unregister already unregistered input channel '7841462 Toast (server)'
06-05 18:36:06.516 I/ActivityManager( 1629): Start proc 7916:com.evancharlton.mileage/u0a160 for added application com.evancharlton.mileage
06-05 18:36:06.517 D/AndroidRuntime( 7906): Shutting down VM
06-05 18:36:06.521 D/EGL_emulation( 1711): eglMakeCurrent: 0xa5b6bd80: ver 2 0 (tinfo 0xb1367140)
06-05 18:36:06.522 W/System  ( 7916): ClassLoader referenced unknown path: /data/app/com.evancharlton.mileage.test-1/lib/x86
06-05 18:36:06.522 W/System  ( 7916): ClassLoader referenced unknown path: /data/app/com.evancharlton.mileage-1/lib/x86
06-05 18:36:06.524 W/System  ( 7916): ClassLoader referenced unknown path: 
06-05 18:36:06.524 D/EGL_emulation( 1711): eglMakeCurrent: 0xa5b6bd80: ver 2 0 (tinfo 0xb1367140)
06-05 18:36:06.528 I/System.out( 7916): Main activity name automatically set to: com.evancharlton.mileage.Mileage
06-05 18:36:06.528 I/System.out( 7916): Calabash did not load Mono. This is only a problem if you are trying to test a Mono application
06-05 18:36:06.528 I/calabash( 7916): Test server port: 7102
06-05 18:36:06.529 I/InstrumentationBackend( 7916): Added:'GetPreferences', with key:'get_preferences'
06-05 18:36:06.532 I/InstrumentationBackend( 7916): Added:'SetPreferences', with key:'set_preferences'
06-05 18:36:06.532 I/InstrumentationBackend( 7916): Added:'ClearPreferences', with key:'clear_preferences'
06-05 18:36:06.532 I/InstrumentationBackend( 7916): Added:'PressElement', with key:'press_l10n_element'
06-05 18:36:06.532 I/InstrumentationBackend( 7916): Added:'WaitForElement', with key:'wait_for_l10n_element'
06-05 18:36:06.533 I/InstrumentationBackend( 7916): Added:'NullAction', with key:'nullAction'
06-05 18:36:06.533 I/InstrumentationBackend( 7916): Added:'PressKey', with key:'press_key'
06-05 18:36:06.533 I/InstrumentationBackend( 7916): Added:'SetActivityOrientation', with key:'set_activity_orientation'
06-05 18:36:06.533 I/InstrumentationBackend( 7916): Added:'GetActivityOrientation', with key:'get_activity_orientation'
06-05 18:36:06.533 I/InstrumentationBackend( 7916): Added:'FakeGPSLocation', with key:'set_gps_coordinates'
06-05 18:36:06.533 I/InstrumentationBackend( 7916): Added:'SetPropertyByCssSelector', with key:'set_property_by_css_selector'
06-05 18:36:06.533 I/InstrumentationBackend( 7916): Added:'GetUrl', with key:'get_url'
06-05 18:36:06.533 I/InstrumentationBackend( 7916): Added:'ScrollTo', with key:'scroll_to'
06-05 18:36:06.533 I/InstrumentationBackend( 7916): Added:'GetLoadProgress', with key:'get_load_progress'
06-05 18:36:06.533 I/InstrumentationBackend( 7916): Added:'DumpHtml', with key:'dump_html'
06-05 18:36:06.533 I/InstrumentationBackend( 7916): Added:'DumpBodyHtml', with key:'dump_body_html'
06-05 18:36:06.533 I/InstrumentationBackend( 7916): Added:'EnterTextByCssSelector', with key:'enter_text_by_selector'
06-05 18:36:06.533 I/InstrumentationBackend( 7916): Added:'AndroidSDKVersion', with key:'android_sdk_version'
06-05 18:36:06.533 I/InstrumentationBackend( 7916): Added:'Version', with key:'version'
06-05 18:36:06.533 I/InstrumentationBackend( 7916): Added:'Drag', with key:'drag'
06-05 18:36:06.533 I/InstrumentationBackend( 7916): Added:'TouchCoordinates', with key:'touch_coordinate'
06-05 18:36:06.533 I/InstrumentationBackend( 7916): Added:'LongPressCoordinate', with key:'long_press_coordinate'
06-05 18:36:06.534 I/InstrumentationBackend( 7916): Added:'DragCoordinates', with key:'drag_coordinates'
06-05 18:36:06.534 I/InstrumentationBackend( 7916): Added:'ResumeApplication', with key:'resume_application'
06-05 18:36:06.534 I/InstrumentationBackend( 7916): Added:'Swipe', with key:'swipe'
06-05 18:36:06.534 I/InstrumentationBackend( 7916): Added:'DoubleTapCoordinate', with key:'double_tap_coordinate'
06-05 18:36:06.534 I/InstrumentationBackend( 7916): Added:'ClickOnScreen', with key:'click_on_screen'
06-05 18:36:06.534 I/InstrumentationBackend( 7916): Added:'GetActivityName', with key:'get_activity_name'
06-05 18:36:06.534 I/InstrumentationBackend( 7916): Added:'ScrollToView', with key:'scroll_to_view'
06-05 18:36:06.534 I/InstrumentationBackend( 7916): Added:'ViewConfiguration', with key:'view_configuration'
06-05 18:36:06.534 I/InstrumentationBackend( 7916): Added:'IsCurrentActivityFocused', with key:'is_current_activity_focused'
06-05 18:36:06.534 I/InstrumentationBackend( 7916): Added:'SendTcp', with key:'send_tcp'
06-05 18:36:06.534 I/InstrumentationBackend( 7916): Added:'DpToDevicePixel', with key:'dp_to_device_pixel'
06-05 18:36:06.534 I/InstrumentationBackend( 7916): Added:'KeyboardEnterText', with key:'keyboard_enter_text'
06-05 18:36:06.534 I/InstrumentationBackend( 7916): Added:'DeleteSurroundingText', with key:'delete_surrounding_text'
06-05 18:36:06.534 I/InstrumentationBackend( 7916): Added:'SetComposingRegion', with key:'set_composing_region'
06-05 18:36:06.534 I/InstrumentationBackend( 7916): Added:'SetSelection', with key:'set_selection'
06-05 18:36:06.534 I/InstrumentationBackend( 7916): Added:'KeyboardKeyEvent', with key:'keyboard_key_event'
06-05 18:36:06.534 I/InstrumentationBackend( 7916): Added:'PressUserActionButton', with key:'press_user_action_button'
06-05 18:36:06.534 I/InstrumentationBackend( 7916): Added:'HideSoftKeyboard', with key:'hide_soft_keyboard'
06-05 18:36:06.534 I/InstrumentationBackend( 7916): Added:'ListActions', with key:'list_actions'
06-05 18:36:06.534 I/calabash( 7916): Instantiating http server at 7102
06-05 18:36:06.535 I/System.out( 7916): HTTP Daemon listening on: 7102
06-05 18:36:06.537 I/WindowManager( 1629): Destroying surface Surface(name=PopupWindow:5d017af) called by com.android.server.wm.WindowStateAnimator.destroySurface:2016 com.android.server.wm.WindowStateAnimator.destroySurfaceLocked:882 com.android.server.wm.WindowState.removeLocked:1456 com.android.server.wm.WindowManagerService.removeWindowInnerLocked:2484 com.android.server.wm.AppWindowToken.destroySurfaces:365 com.android.server.wm.WindowStateAnimator.finishExit:565 com.android.server.wm.WindowStateAnimator.stepAnimationLocked:491 com.android.server.wm.WindowAnimator.updateWindowsLocked:303 
06-05 18:36:06.537 D/EGL_emulation( 1711): eglMakeCurrent: 0xa5b6bd80: ver 2 0 (tinfo 0xb1367140)
06-05 18:36:06.539 D/EGL_emulation( 1711): eglMakeCurrent: 0xa5b6bd80: ver 2 0 (tinfo 0xb1367140)
06-05 18:36:06.554 D/EGL_emulation( 1711): eglMakeCurrent: 0xa5b6bd80: ver 2 0 (tinfo 0xb1367140)
06-05 18:36:06.556 D/EGL_emulation( 1711): eglMakeCurrent: 0xa5b6bd80: ver 2 0 (tinfo 0xb1367140)
06-05 18:36:06.571 D/EGL_emulation( 1711): eglMakeCurrent: 0xa5b6bd80: ver 2 0 (tinfo 0xb1367140)
06-05 18:36:06.572 D/EGL_emulation( 1711): eglMakeCurrent: 0xa5b6bd80: ver 2 0 (tinfo 0xb1367140)
06-05 18:36:06.589 D/EGL_emulation( 1711): eglMakeCurrent: 0xa5b6bd80: ver 2 0 (tinfo 0xb1367140)
06-05 18:36:06.597 D/EGL_emulation( 1711): eglMakeCurrent: 0xa5b6bd80: ver 2 0 (tinfo 0xb1367140)
06-05 18:36:06.606 D/EGL_emulation( 1711): eglMakeCurrent: 0xa5b6bd80: ver 2 0 (tinfo 0xb1367140)
06-05 18:36:06.612 D/EGL_emulation( 1711): eglMakeCurrent: 0xa5b6bd80: ver 2 0 (tinfo 0xb1367140)
06-05 18:36:06.623 D/EGL_emulation( 1711): eglMakeCurrent: 0xa5b6bd80: ver 2 0 (tinfo 0xb1367140)
06-05 18:36:06.629 I/System.out( 7916): URI: //ping
06-05 18:36:06.629 I/System.out( 7916): params: {json={}
06-05 18:36:06.629 I/System.out( 7916): }
06-05 18:36:06.629 D/EGL_emulation( 1711): eglMakeCurrent: 0xa5b6bd80: ver 2 0 (tinfo 0xb1367140)
06-05 18:36:06.636 I/System.out( 7916): URI: //ping
06-05 18:36:06.637 I/System.out( 7916): params: {json={}
06-05 18:36:06.637 I/System.out( 7916): }
06-05 18:36:06.641 D/EGL_emulation( 1711): eglMakeCurrent: 0xa5b6bd80: ver 2 0 (tinfo 0xb1367140)
06-05 18:36:06.644 I/System.out( 7916): URI: //ready
06-05 18:36:06.644 I/System.out( 7916): params: {json={}
06-05 18:36:06.644 I/System.out( 7916): }
06-05 18:36:06.647 D/EGL_emulation( 1711): eglMakeCurrent: 0xa5b6bd80: ver 2 0 (tinfo 0xb1367140)
06-05 18:36:06.651 I/System.out( 7916): URI: //
06-05 18:36:06.651 I/System.out( 7916): params: {json={"command":"version","arguments":[]}
06-05 18:36:06.651 I/System.out( 7916): }
06-05 18:36:06.651 I/System.out( 7916): header: {content-type=application/json;charset=utf-8, date=Fri, 05 Jun 2020 23:36:06 GMT, accept=*/*, host=127.0.0.1:34783, content-length=36, user-agent=HTTPClient/1.0 (2.8.3, ruby 2.5.1 (2018-03-29))}
06-05 18:36:06.651 I/System.out( 7916): params: {json={"command":"version","arguments":[]}
06-05 18:36:06.651 I/System.out( 7916): }
06-05 18:36:06.651 I/System.out( 7916): ProP json = {"command":"version","arguments":[]}
06-05 18:36:06.651 I/System.out( 7916): files: {}
06-05 18:36:06.651 I/System.out( 7916): command: {"command":"version","arguments":[]}
06-05 18:36:06.656 D/EGL_emulation( 1711): eglMakeCurrent: 0xa5b6bd80: ver 2 0 (tinfo 0xb1367140)
06-05 18:36:06.661 I/InstrumentationBackend( 7916): Got command:'Command:'Line:null,version', arguments:'[]'
06-05 18:36:06.661 D/EGL_emulation( 1711): eglMakeCurrent: 0xa5b6bd80: ver 2 0 (tinfo 0xb1367140)
06-05 18:36:06.673 I/System.out( 7916): result:{"bonusInformation":[],"message":"0.9.8","success":true}
06-05 18:36:06.675 I/System.out( 7916): URI: //start-application
06-05 18:36:06.675 I/System.out( 7916): params: {json={"intent":null}
06-05 18:36:06.675 I/System.out( 7916): }
06-05 18:36:06.686 I/ActivityManager( 1629): START u0 {act=android.intent.action.MAIN cat=[android.intent.category.LAUNCHER] flg=0x10200000 cmp=com.evancharlton.mileage/.Mileage} from uid 10160 on display 0
06-05 18:36:06.687 D/EGL_emulation( 1711): eglMakeCurrent: 0xa5b6bd80: ver 2 0 (tinfo 0xb1367140)
06-05 18:36:06.695 I/calabash( 7916): newActivity1
06-05 18:36:06.705 I/calabash( 7916): newActivity1
06-05 18:36:06.706 W/ActivityManager( 1629): Bad activity token: android.os.BinderProxy@7b4f7d1
06-05 18:36:06.706 W/ActivityManager( 1629): java.lang.ClassCastException: android.os.BinderProxy cannot be cast to com.android.server.am.ActivityRecord$Token
06-05 18:36:06.706 W/ActivityManager( 1629): 	at com.android.server.am.ActivityRecord.forTokenLocked(ActivityRecord.java:586)
06-05 18:36:06.706 W/ActivityManager( 1629): 	at com.android.server.am.ActivityRecord.isInStackLocked(ActivityRecord.java:1327)
06-05 18:36:06.706 W/ActivityManager( 1629): 	at com.android.server.am.ActivityRecord.getStackLocked(ActivityRecord.java:1332)
06-05 18:36:06.706 W/ActivityManager( 1629): 	at com.android.server.am.ActivityManagerService.getActivityDisplayId(ActivityManagerService.java:9806)
06-05 18:36:06.706 W/ActivityManager( 1629): 	at android.app.ActivityManagerNative.onTransact(ActivityManagerNative.java:2566)
06-05 18:36:06.706 W/ActivityManager( 1629): 	at com.android.server.am.ActivityManagerService.onTransact(ActivityManagerService.java:2757)
06-05 18:36:06.706 W/ActivityManager( 1629): 	at android.os.Binder.execTransact(Binder.java:565)
06-05 18:36:06.708 W/ActivityManager( 1629): Bad activity token: android.os.BinderProxy@7b4f7d1
06-05 18:36:06.708 W/ActivityManager( 1629): java.lang.ClassCastException: android.os.BinderProxy cannot be cast to com.android.server.am.ActivityRecord$Token
06-05 18:36:06.708 W/ActivityManager( 1629): 	at com.android.server.am.ActivityRecord.forTokenLocked(ActivityRecord.java:586)
06-05 18:36:06.708 W/ActivityManager( 1629): 	at com.android.server.am.ActivityRecord.isInStackLocked(ActivityRecord.java:1327)
06-05 18:36:06.708 W/ActivityManager( 1629): 	at com.android.server.am.ActivityManagerService.setTaskDescription(ActivityManagerService.java:9358)
06-05 18:36:06.708 W/ActivityManager( 1629): 	at android.app.ActivityManagerNative.onTransact(ActivityManagerNative.java:2639)
06-05 18:36:06.708 W/ActivityManager( 1629): 	at com.android.server.am.ActivityManagerService.onTransact(ActivityManagerService.java:2757)
06-05 18:36:06.708 W/ActivityManager( 1629): 	at android.os.Binder.execTransact(Binder.java:565)
06-05 18:36:06.708 W/ActivityManager( 1629): Bad activity token: android.os.BinderProxy@7b4f7d1
06-05 18:36:06.708 W/ActivityManager( 1629): java.lang.ClassCastException: android.os.BinderProxy cannot be cast to com.android.server.am.ActivityRecord$Token
06-05 18:36:06.708 W/ActivityManager( 1629): 	at com.android.server.am.ActivityRecord.forTokenLocked(ActivityRecord.java:586)
06-05 18:36:06.708 W/ActivityManager( 1629): 	at com.android.server.am.ActivityRecord.isInStackLocked(ActivityRecord.java:1327)
06-05 18:36:06.708 W/ActivityManager( 1629): 	at com.android.server.am.ActivityRecord.getStackLocked(ActivityRecord.java:1332)
06-05 18:36:06.708 W/ActivityManager( 1629): 	at com.android.server.am.ActivityManagerService.getActivityStackId(ActivityManagerService.java:9817)
06-05 18:36:06.708 W/ActivityManager( 1629): 	at android.app.ActivityManagerNative.onTransact(ActivityManagerNative.java:2856)
06-05 18:36:06.708 W/ActivityManager( 1629): 	at com.android.server.am.ActivityManagerService.onTransact(ActivityManagerService.java:2757)
06-05 18:36:06.708 W/ActivityManager( 1629): 	at android.os.Binder.execTransact(Binder.java:565)
06-05 18:36:06.721 D/gralloc_ranchu( 1346): gralloc_alloc: Creating ashmem region of size 9023488
06-05 18:36:06.724 W/ActivityManager( 1629): Bad activity token: android.os.BinderProxy@7b4f7d1
06-05 18:36:06.724 W/ActivityManager( 1629): java.lang.ClassCastException: android.os.BinderProxy cannot be cast to com.android.server.am.ActivityRecord$Token
06-05 18:36:06.724 W/ActivityManager( 1629): 	at com.android.server.am.ActivityRecord.forTokenLocked(ActivityRecord.java:586)
06-05 18:36:06.724 W/ActivityManager( 1629): 	at com.android.server.am.ActivityRecord.isInStackLocked(ActivityRecord.java:1327)
06-05 18:36:06.724 W/ActivityManager( 1629): 	at com.android.server.am.ActivityManagerService.getActivityOptions(ActivityManagerService.java:12559)
06-05 18:36:06.724 W/ActivityManager( 1629): 	at android.app.ActivityManagerNative.onTransact(ActivityManagerNative.java:1933)
06-05 18:36:06.724 W/ActivityManager( 1629): 	at com.android.server.am.ActivityManagerService.onTransact(ActivityManagerService.java:2757)
06-05 18:36:06.724 W/ActivityManager( 1629): 	at android.os.Binder.execTransact(Binder.java:565)
06-05 18:36:06.725 W/ActivityManager( 1629): Bad activity token: android.os.BinderProxy@7b4f7d1
06-05 18:36:06.725 W/ActivityManager( 1629): java.lang.ClassCastException: android.os.BinderProxy cannot be cast to com.android.server.am.ActivityRecord$Token
06-05 18:36:06.725 W/ActivityManager( 1629): 	at com.android.server.am.ActivityRecord.forTokenLocked(ActivityRecord.java:586)
06-05 18:36:06.725 W/ActivityManager( 1629): 	at com.android.server.am.ActivityRecord.isInStackLocked(ActivityRecord.java:1327)
06-05 18:36:06.725 W/ActivityManager( 1629): 	at com.android.server.am.ActivityManagerService.getActivityOptions(ActivityManagerService.java:12559)
06-05 18:36:06.725 W/ActivityManager( 1629): 	at android.app.ActivityManagerNative.onTransact(ActivityManagerNative.java:1933)
06-05 18:36:06.725 W/ActivityManager( 1629): 	at com.android.server.am.ActivityManagerService.onTransact(ActivityManagerService.java:2757)
06-05 18:36:06.725 W/ActivityManager( 1629): 	at android.os.Binder.execTransact(Binder.java:565)
06-05 18:36:06.749 V/PhoneStatusBar( 1711): setLightsOn(true)
06-05 18:36:06.754 D/EGL_emulation( 1711): eglMakeCurrent: 0xa5b6bd80: ver 2 0 (tinfo 0xb1367140)
06-05 18:36:06.756 D/EGL_emulation( 1711): eglMakeCurrent: 0xa5b6bd80: ver 2 0 (tinfo 0xb1367140)
06-05 18:36:06.756 V/PhoneStatusBar( 1711): setLightsOn(true)
06-05 18:36:06.757 V/PhoneStatusBar( 1711): setLightsOn(true)
06-05 18:36:06.759 D/gralloc_ranchu( 1346): gralloc_alloc: Creating ashmem region of size 9023488
06-05 18:36:06.760 V/PhoneStatusBar( 1711): setLightsOn(true)
06-05 18:36:06.765 D/        ( 7916): HostConnection::get() New Host Connection established 0x98ba85c0, tid 7916
06-05 18:36:06.796 D/EGL_emulation( 2150): eglMakeCurrent: 0xb4f852a0: ver 2 0 (tinfo 0xb4f832e0)
06-05 18:36:06.802 D/EGL_emulation( 1711): eglMakeCurrent: 0xa5b6bd80: ver 2 0 (tinfo 0xb1367140)
06-05 18:36:06.804 D/EGL_emulation( 1711): eglMakeCurrent: 0xa5b6bd80: ver 2 0 (tinfo 0xb1367140)
06-05 18:36:06.806 D/EGL_emulation( 1711): eglMakeCurrent: 0xa5b6bd80: ver 2 0 (tinfo 0xb1367140)
06-05 18:36:06.808 V/PhoneStatusBar( 1711): setLightsOn(true)
06-05 18:36:06.808 D/EGL_emulation( 1711): eglMakeCurrent: 0xa5b6bd80: ver 2 0 (tinfo 0xb1367140)
06-05 18:36:06.821 I/ActivityManager( 1629): Displayed com.evancharlton.mileage/.Mileage: +128ms
06-05 18:36:06.821 D/EGL_emulation( 1711): eglMakeCurrent: 0xa5b6bd80: ver 2 0 (tinfo 0xb1367140)
06-05 18:36:06.823 D/gralloc_ranchu( 1346): gralloc_alloc: Creating ashmem region of size 9023488
06-05 18:36:06.829 D/EGL_emulation( 1711): eglMakeCurrent: 0xa5b6bd80: ver 2 0 (tinfo 0xb1367140)
06-05 18:36:06.837 D/EGL_emulation( 1711): eglMakeCurrent: 0xa5b6bd80: ver 2 0 (tinfo 0xb1367140)
06-05 18:36:06.844 D/EGL_emulation( 1711): eglMakeCurrent: 0xa5b6bd80: ver 2 0 (tinfo 0xb1367140)
06-05 18:36:06.857 D/EGL_emulation( 1711): eglMakeCurrent: 0xa5b6bd80: ver 2 0 (tinfo 0xb1367140)
06-05 18:36:06.857 V/PhoneStatusBar( 1711): setLightsOn(true)
06-05 18:36:06.858 D/EGL_emulation( 1711): eglMakeCurrent: 0xa5b6bd80: ver 2 0 (tinfo 0xb1367140)
06-05 18:36:06.863 I/System.out( 7916): URI: //map
06-05 18:36:06.863 I/System.out( 7916): params: {json={"query":"* marked:'Vehicles'","operation":{"method_name":"query","arguments":[]}}
06-05 18:36:06.863 I/System.out( 7916): }
06-05 18:36:06.871 D/EGL_emulation( 1711): eglMakeCurrent: 0xa5b6bd80: ver 2 0 (tinfo 0xb1367140)
06-05 18:36:06.872 D/EGL_emulation( 1711): eglMakeCurrent: 0xa5b6bd80: ver 2 0 (tinfo 0xb1367140)
06-05 18:36:06.877 W/ResourceType( 7916): No package identifier when getting name for resource number 0x00000001
06-05 18:36:06.887 D/EGL_emulation( 1711): eglMakeCurrent: 0xa5b6bd80: ver 2 0 (tinfo 0xb1367140)
06-05 18:36:06.887 I/WindowManager( 1629): Destroying surface Surface(name=com.evancharlton.mileage/com.evancharlton.mileage.Mileage) called by com.android.server.wm.WindowStateAnimator.destroySurface:2016 com.android.server.wm.WindowStateAnimator.destroySurfaceLocked:882 com.android.server.wm.WindowState.destroyOrSaveSurface:2100 com.android.server.wm.AppWindowToken.destroySurfaces:363 com.android.server.wm.WindowStateAnimator.finishExit:565 com.android.server.wm.WindowStateAnimator.stepAnimationLocked:491 com.android.server.wm.WindowAnimator.updateWindowsLocked:303 com.android.server.wm.WindowAnimator.animateLocked:704 
06-05 18:36:06.888 D/EGL_emulation( 1711): eglMakeCurrent: 0xa5b6bd80: ver 2 0 (tinfo 0xb1367140)
06-05 18:36:06.891 I/System.out( 7916): URI: //gesture
06-05 18:36:06.891 I/System.out( 7916): params: {json={"query_timeout":5.0,"gestures":[{"query_string":"* marked:'Vehicles'","touches":[{"x":50,"y":50,"offset_x":0,"offset_y":0,"wait":0.0,"time":0.2,"release":true,"query_string":null}]}]}
06-05 18:36:06.891 I/System.out( 7916): }
06-05 18:36:06.896 W/ResourceType( 7916): No package identifier when getting name for resource number 0x00000001
06-05 18:36:06.910 D/EGL_emulation( 1711): eglMakeCurrent: 0xa5b6bd80: ver 2 0 (tinfo 0xb1367140)
06-05 18:36:06.911 D/EGL_emulation( 1711): eglMakeCurrent: 0xa5b6bd80: ver 2 0 (tinfo 0xb1367140)
06-05 18:36:06.921 D/EGL_emulation( 1711): eglMakeCurrent: 0xa5b6bd80: ver 2 0 (tinfo 0xb1367140)
06-05 18:36:06.921 V/PhoneStatusBar( 1711): setLightsOn(true)
06-05 18:36:06.925 D/EGL_emulation( 1711): eglMakeCurrent: 0xa5b6bd80: ver 2 0 (tinfo 0xb1367140)
06-05 18:36:06.938 D/EGL_emulation( 1711): eglMakeCurrent: 0xa5b6bd80: ver 2 0 (tinfo 0xb1367140)
06-05 18:36:06.939 D/EGL_emulation( 1711): eglMakeCurrent: 0xa5b6bd80: ver 2 0 (tinfo 0xb1367140)
06-05 18:36:06.954 D/EGL_emulation( 1711): eglMakeCurrent: 0xa5b6bd80: ver 2 0 (tinfo 0xb1367140)
06-05 18:36:06.956 D/EGL_emulation( 1711): eglMakeCurrent: 0xa5b6bd80: ver 2 0 (tinfo 0xb1367140)
06-05 18:36:06.971 D/EGL_emulation( 1711): eglMakeCurrent: 0xa5b6bd80: ver 2 0 (tinfo 0xb1367140)
06-05 18:36:06.974 D/EGL_emulation( 1711): eglMakeCurrent: 0xa5b6bd80: ver 2 0 (tinfo 0xb1367140)
06-05 18:36:06.988 D/EGL_emulation( 1711): eglMakeCurrent: 0xa5b6bd80: ver 2 0 (tinfo 0xb1367140)
06-05 18:36:06.994 D/EGL_emulation( 1711): eglMakeCurrent: 0xa5b6bd80: ver 2 0 (tinfo 0xb1367140)
06-05 18:36:07.021 I/WindowManager( 1629): Destroying surface Surface(name=Starting com.evancharlton.mileage) called by com.android.server.wm.WindowStateAnimator.destroySurface:2016 com.android.server.wm.WindowStateAnimator.destroySurfaceLocked:882 com.android.server.wm.WindowState.destroyOrSaveSurface:2100 com.android.server.wm.AppWindowToken.destroySurfaces:363 com.android.server.wm.WindowStateAnimator.finishExit:565 com.android.server.wm.WindowStateAnimator.stepAnimationLocked:491 com.android.server.wm.WindowAnimator.updateWindowsLocked:303 com.android.server.wm.WindowAnimator.animateLocked:704 
06-05 18:36:07.026 V/PhoneStatusBar( 1711): setLightsOn(true)
06-05 18:36:07.033 V/PhoneStatusBar( 1711): setLightsOn(true)
06-05 18:36:07.040 V/PhoneStatusBar( 1711): setLightsOn(true)
06-05 18:36:07.042 I/WindowManager( 1629): Destroying surface Surface(name=Toast) called by com.android.server.wm.WindowStateAnimator.destroySurface:2016 com.android.server.wm.WindowStateAnimator.destroySurfaceLocked:882 com.android.server.wm.WindowState.destroyOrSaveSurface:2100 com.android.server.wm.WindowSurfacePlacer.performSurfacePlacementInner:429 com.android.server.wm.WindowSurfacePlacer.performSurfacePlacementLoop:232 com.android.server.wm.WindowSurfacePlacer.performSurfacePlacement:180 com.android.server.wm.WindowManagerService$H.handleMessage:8086 android.os.Handler.dispatchMessage:102 
06-05 18:36:07.044 V/PhoneStatusBar( 1711): setLightsOn(true)
06-05 18:36:07.122 I/calabash( 7916): newActivity1
06-05 18:36:07.122 W/ActivityManager( 1629): Bad activity token: android.os.BinderProxy@6f831c3
06-05 18:36:07.122 W/ActivityManager( 1629): java.lang.ClassCastException: android.os.BinderProxy cannot be cast to com.android.server.am.ActivityRecord$Token
06-05 18:36:07.122 W/ActivityManager( 1629): 	at com.android.server.am.ActivityRecord.forTokenLocked(ActivityRecord.java:586)
06-05 18:36:07.122 W/ActivityManager( 1629): 	at com.android.server.am.ActivityRecord.isInStackLocked(ActivityRecord.java:1327)
06-05 18:36:07.122 W/ActivityManager( 1629): 	at com.android.server.am.ActivityRecord.getStackLocked(ActivityRecord.java:1332)
06-05 18:36:07.122 W/ActivityManager( 1629): 	at com.android.server.am.ActivityManagerService.getActivityDisplayId(ActivityManagerService.java:9806)
06-05 18:36:07.122 W/ActivityManager( 1629): 	at android.app.ActivityManagerNative.onTransact(ActivityManagerNative.java:2566)
06-05 18:36:07.122 W/ActivityManager( 1629): 	at com.android.server.am.ActivityManagerService.onTransact(ActivityManagerService.java:2757)
06-05 18:36:07.122 W/ActivityManager( 1629): 	at android.os.Binder.execTransact(Binder.java:565)
06-05 18:36:07.123 W/ActivityManager( 1629): Bad activity token: android.os.BinderProxy@6f831c3
06-05 18:36:07.123 W/ActivityManager( 1629): java.lang.ClassCastException: android.os.BinderProxy cannot be cast to com.android.server.am.ActivityRecord$Token
06-05 18:36:07.123 W/ActivityManager( 1629): 	at com.android.server.am.ActivityRecord.forTokenLocked(ActivityRecord.java:586)
06-05 18:36:07.123 W/ActivityManager( 1629): 	at com.android.server.am.ActivityRecord.isInStackLocked(ActivityRecord.java:1327)
06-05 18:36:07.123 W/ActivityManager( 1629): 	at com.android.server.am.ActivityManagerService.setTaskDescription(ActivityManagerService.java:9358)
06-05 18:36:07.123 W/ActivityManager( 1629): 	at android.app.ActivityManagerNative.onTransact(ActivityManagerNative.java:2639)
06-05 18:36:07.123 W/ActivityManager( 1629): 	at com.android.server.am.ActivityManagerService.onTransact(ActivityManagerService.java:2757)
06-05 18:36:07.123 W/ActivityManager( 1629): 	at android.os.Binder.execTransact(Binder.java:565)
06-05 18:36:07.124 W/ActivityManager( 1629): Bad activity token: android.os.BinderProxy@6f831c3
06-05 18:36:07.124 W/ActivityManager( 1629): java.lang.ClassCastException: android.os.BinderProxy cannot be cast to com.android.server.am.ActivityRecord$Token
06-05 18:36:07.124 W/ActivityManager( 1629): 	at com.android.server.am.ActivityRecord.forTokenLocked(ActivityRecord.java:586)
06-05 18:36:07.124 W/ActivityManager( 1629): 	at com.android.server.am.ActivityRecord.isInStackLocked(ActivityRecord.java:1327)
06-05 18:36:07.124 W/ActivityManager( 1629): 	at com.android.server.am.ActivityRecord.getStackLocked(ActivityRecord.java:1332)
06-05 18:36:07.124 W/ActivityManager( 1629): 	at com.android.server.am.ActivityManagerService.getActivityStackId(ActivityManagerService.java:9817)
06-05 18:36:07.124 W/ActivityManager( 1629): 	at android.app.ActivityManagerNative.onTransact(ActivityManagerNative.java:2856)
06-05 18:36:07.124 W/ActivityManager( 1629): 	at com.android.server.am.ActivityManagerService.onTransact(ActivityManagerService.java:2757)
06-05 18:36:07.124 W/ActivityManager( 1629): 	at android.os.Binder.execTransact(Binder.java:565)
06-05 18:36:07.126 W/ActivityManager( 1629): Bad activity token: android.os.BinderProxy@6f831c3
06-05 18:36:07.126 W/ActivityManager( 1629): java.lang.ClassCastException: android.os.BinderProxy cannot be cast to com.android.server.am.ActivityRecord$Token
06-05 18:36:07.126 W/ActivityManager( 1629): 	at com.android.server.am.ActivityRecord.forTokenLocked(ActivityRecord.java:586)
06-05 18:36:07.126 W/ActivityManager( 1629): 	at com.android.server.am.ActivityRecord.isInStackLocked(ActivityRecord.java:1327)
06-05 18:36:07.126 W/ActivityManager( 1629): 	at com.android.server.am.ActivityManagerService.getActivityOptions(ActivityManagerService.java:12559)
06-05 18:36:07.126 W/ActivityManager( 1629): 	at android.app.ActivityManagerNative.onTransact(ActivityManagerNative.java:1933)
06-05 18:36:07.126 W/ActivityManager( 1629): 	at com.android.server.am.ActivityManagerService.onTransact(ActivityManagerService.java:2757)
06-05 18:36:07.126 W/ActivityManager( 1629): 	at android.os.Binder.execTransact(Binder.java:565)
06-05 18:36:07.127 W/ActivityManager( 1629): Bad activity token: android.os.BinderProxy@6f831c3
06-05 18:36:07.127 W/ActivityManager( 1629): java.lang.ClassCastException: android.os.BinderProxy cannot be cast to com.android.server.am.ActivityRecord$Token
06-05 18:36:07.127 W/ActivityManager( 1629): 	at com.android.server.am.ActivityRecord.forTokenLocked(ActivityRecord.java:586)
06-05 18:36:07.127 W/ActivityManager( 1629): 	at com.android.server.am.ActivityRecord.isInStackLocked(ActivityRecord.java:1327)
06-05 18:36:07.127 W/ActivityManager( 1629): 	at com.android.server.am.ActivityManagerService.getActivityOptions(ActivityManagerService.java:12559)
06-05 18:36:07.127 W/ActivityManager( 1629): 	at android.app.ActivityManagerNative.onTransact(ActivityManagerNative.java:1933)
06-05 18:36:07.127 W/ActivityManager( 1629): 	at com.android.server.am.ActivityManagerService.onTransact(ActivityManagerService.java:2757)
06-05 18:36:07.127 W/ActivityManager( 1629): 	at android.os.Binder.execTransact(Binder.java:565)
06-05 18:36:07.130 I/System.out( 7916): URI: //map
06-05 18:36:07.130 I/System.out( 7916): params: {json={"query":"* {text CONTAINS[c] 'Javier Vehicle'}","operation":{"method_name":"query","arguments":[]}}
06-05 18:36:07.130 I/System.out( 7916): }
06-05 18:36:07.180 I/System.out( 7916): URI: //gesture
06-05 18:36:07.180 I/System.out( 7916): params: {json={"query_timeout":5.0,"gestures":[{"query_string":"* {text CONTAINS[c] 'Javier Vehicle'}","touches":[{"x":50,"y":50,"offset_x":0,"offset_y":0,"wait":0.0,"time":1.0,"release":true,"query_string":null}]}]}
06-05 18:36:07.180 I/System.out( 7916): }
06-05 18:36:07.204 V/PhoneStatusBar( 1711): setLightsOn(true)
06-05 18:36:07.384 D/gralloc_ranchu( 1346): gralloc_alloc: Creating ashmem region of size 9023488
06-05 18:36:07.521 V/PhoneStatusBar( 1711): setLightsOn(true)
06-05 18:36:07.522 V/PhoneStatusBar( 1711): setLightsOn(true)
06-05 18:36:07.524 W/OpenGLRenderer( 2150): Incorrectly called buildLayer on View: ShortcutAndWidgetContainer, destroying layer...
06-05 18:36:07.538 I/WindowManager( 1629): Destroying surface Surface(name=com.android.launcher3/com.android.launcher3.Launcher) called by com.android.server.wm.WindowStateAnimator.destroySurface:2016 com.android.server.wm.WindowStateAnimator.destroySurfaceLocked:882 com.android.server.wm.WindowState.destroyOrSaveSurface:2100 com.android.server.wm.AppWindowToken.destroySurfaces:363 com.android.server.wm.AppWindowToken.notifyAppStopped:389 com.android.server.wm.WindowManagerService.notifyAppStopped:4463 com.android.server.am.ActivityStack.activityStoppedLocked:1252 com.android.server.am.ActivityManagerService.activityStopped:6903 
06-05 18:36:07.538 V/PhoneStatusBar( 1711): setLightsOn(true)
06-05 18:36:07.818 V/PhoneStatusBar( 1711): setLightsOn(true)
06-05 18:36:07.852 V/PhoneStatusBar( 1711): setLightsOn(true)
06-05 18:36:07.871 V/PhoneStatusBar( 1711): setLightsOn(true)
06-05 18:36:07.873 D/gralloc_ranchu( 1346): gralloc_alloc: Creating ashmem region of size 1355776
06-05 18:36:07.880 V/PhoneStatusBar( 1711): setLightsOn(true)
06-05 18:36:07.881 V/PhoneStatusBar( 1711): setLightsOn(true)
06-05 18:36:07.887 D/gralloc_ranchu( 1346): gralloc_alloc: Creating ashmem region of size 1355776
06-05 18:36:07.888 V/PhoneStatusBar( 1711): setLightsOn(true)
06-05 18:36:08.138 V/PhoneStatusBar( 1711): setLightsOn(true)
06-05 18:36:08.224 I/art     ( 7916): Do partial code cache collection, code=30KB, data=30KB
06-05 18:36:08.225 I/art     ( 7916): After code cache collection, code=29KB, data=29KB
06-05 18:36:08.225 I/art     ( 7916): Increasing code cache capacity to 128KB
06-05 18:36:08.241 I/System.out( 7916): URI: //map
06-05 18:36:08.241 I/System.out( 7916): params: {json={"query":"android.widget.ScrollView index:0","operation":{"method_name":"query","arguments":[]}}
06-05 18:36:08.241 I/System.out( 7916): }
06-05 18:36:08.275 W/NotificationService( 1629): Object died trying to hide notification android.app.ITransientNotification$Stub$Proxy@c46b2b1 in package com.evancharlton.mileage
06-05 18:36:08.280 I/System.out( 7916): URI: //map
06-05 18:36:08.281 I/System.out( 7916): params: {json={"query":"android.widget.AbsListView index:0","operation":{"method_name":"query","arguments":[]}}
06-05 18:36:08.281 I/System.out( 7916): }
06-05 18:36:08.294 I/System.out( 7916): URI: //map
06-05 18:36:08.294 I/System.out( 7916): params: {json={"query":"android.widget.AbsListView index:0","operation":{"method_name":"query","arguments":[]}}
06-05 18:36:08.294 I/System.out( 7916): }
06-05 18:36:08.310 I/System.out( 7916): URI: //map
06-05 18:36:08.310 I/System.out( 7916): params: {json={"query":"android.widget.AbsListView index:0","operation":{"method_name":"query","arguments":[]}}
06-05 18:36:08.310 I/System.out( 7916): }
06-05 18:36:08.328 I/System.out( 7916): URI: //map
06-05 18:36:08.328 I/System.out( 7916): params: {json={"query":"android.widget.AbsListView index:0","operation":{"method_name":"query","arguments":["getFirstVisiblePosition"]}}
06-05 18:36:08.328 I/System.out( 7916): }
06-05 18:36:08.340 I/System.out( 7916): URI: //map
06-05 18:36:08.340 I/System.out( 7916): params: {json={"query":"android.widget.AbsListView index:0","operation":{"method_name":"query","arguments":["getLastVisiblePosition"]}}
06-05 18:36:08.340 I/System.out( 7916): }
06-05 18:36:08.358 I/System.out( 7916): URI: //map
06-05 18:36:08.358 I/System.out( 7916): params: {json={"query":"android.widget.AbsListView index:0","operation":{"method_name":"query","arguments":[{"method_name":"setSelection","arguments":[1]}]}}
06-05 18:36:08.358 I/System.out( 7916): }
06-05 18:36:08.374 I/System.out( 7916): URI: //map
06-05 18:36:08.374 I/System.out( 7916): params: {json={"query":"* {text CONTAINS[c] 'Delete'}","operation":{"method_name":"query","arguments":[]}}
06-05 18:36:08.374 I/System.out( 7916): }
06-05 18:36:08.408 V/PhoneStatusBar( 1711): setLightsOn(true)
06-05 18:36:08.450 I/System.out( 7916): URI: //map
06-05 18:36:08.450 I/System.out( 7916): params: {json={"query":"* marked:'Delete'","operation":{"method_name":"query","arguments":[]}}
06-05 18:36:08.450 I/System.out( 7916): }
06-05 18:36:08.455 W/ResourceType( 7916): No package identifier when getting name for resource number 0x00000001
06-05 18:36:08.465 I/System.out( 7916): URI: //gesture
06-05 18:36:08.465 I/System.out( 7916): params: {json={"query_timeout":5.0,"gestures":[{"query_string":"* marked:'Delete'","touches":[{"x":50,"y":50,"offset_x":0,"offset_y":0,"wait":0.0,"time":0.2,"release":true,"query_string":null}]}]}
06-05 18:36:08.465 I/System.out( 7916): }
06-05 18:36:08.465 I/art     ( 7916): Do partial code cache collection, code=58KB, data=61KB
06-05 18:36:08.465 I/art     ( 7916): After code cache collection, code=58KB, data=61KB
06-05 18:36:08.465 I/art     ( 7916): Increasing code cache capacity to 256KB
06-05 18:36:08.469 W/ResourceType( 7916): No package identifier when getting name for resource number 0x00000001
06-05 18:36:08.711 V/PhoneStatusBar( 1711): setLightsOn(true)
06-05 18:36:08.717 V/PhoneStatusBar( 1711): setLightsOn(true)
06-05 18:36:08.721 V/PhoneStatusBar( 1711): setLightsOn(true)
06-05 18:36:08.723 W/InputEventReceiver( 7916): Attempted to finish an input event but the input event receiver has already been disposed.
06-05 18:36:08.731 V/PhoneStatusBar( 1711): setLightsOn(true)
06-05 18:36:08.739 V/PhoneStatusBar( 1711): setLightsOn(true)
06-05 18:36:08.749 D/gralloc_ranchu( 1346): gralloc_alloc: Creating ashmem region of size 2314240
06-05 18:36:08.755 I/System.out( 7916): URI: //map
06-05 18:36:08.756 I/System.out( 7916): params: {json={"query":"* {text CONTAINS[c] 'Really delete?'}","operation":{"method_name":"query","arguments":[]}}
06-05 18:36:08.756 I/System.out( 7916): }
06-05 18:36:08.787 V/PhoneStatusBar( 1711): setLightsOn(true)
06-05 18:36:08.791 V/PhoneStatusBar( 1711): setLightsOn(true)
06-05 18:36:08.800 V/PhoneStatusBar( 1711): setLightsOn(true)
06-05 18:36:08.824 V/PhoneStatusBar( 1711): setLightsOn(true)
06-05 18:36:08.841 I/System.out( 7916): URI: //map
06-05 18:36:08.841 I/System.out( 7916): params: {json={"query":"* {text CONTAINS[c] 'Are you sure you want to delete this?'}","operation":{"method_name":"query","arguments":[]}}
06-05 18:36:08.841 I/System.out( 7916): }
06-05 18:36:08.897 I/System.out( 7916): URI: //map
06-05 18:36:08.897 I/System.out( 7916): params: {json={"query":"* {text CONTAINS[c] 'This cannot be undone!'}","operation":{"method_name":"query","arguments":[]}}
06-05 18:36:08.897 I/System.out( 7916): }
06-05 18:36:08.922 I/System.out( 7916): URI: //map
06-05 18:36:08.922 I/System.out( 7916): params: {json={"query":"* marked:'OK'","operation":{"method_name":"query","arguments":[]}}
06-05 18:36:08.922 I/System.out( 7916): }
06-05 18:36:08.927 W/ResourceType( 7916): No package identifier when getting name for resource number 0x00000001
06-05 18:36:08.939 I/System.out( 7916): URI: //gesture
06-05 18:36:08.940 I/System.out( 7916): params: {json={"query_timeout":5.0,"gestures":[{"query_string":"* marked:'OK'","touches":[{"x":50,"y":50,"offset_x":0,"offset_y":0,"wait":0.0,"time":0.2,"release":true,"query_string":null}]}]}
06-05 18:36:08.940 I/System.out( 7916): }
06-05 18:36:08.944 W/ResourceType( 7916): No package identifier when getting name for resource number 0x00000001
06-05 18:36:08.953 D/gralloc_ranchu( 1346): gralloc_alloc: Creating ashmem region of size 2314240
06-05 18:36:08.987 I/WindowManager( 1629): Destroying surface Surface(name=PopupWindow:5d017af) called by com.android.server.wm.WindowStateAnimator.destroySurface:2016 com.android.server.wm.WindowStateAnimator.destroySurfaceLocked:882 com.android.server.wm.WindowState.destroyOrSaveSurface:2100 com.android.server.wm.AppWindowToken.destroySurfaces:363 com.android.server.wm.WindowStateAnimator.finishExit:565 com.android.server.wm.WindowStateAnimator.stepAnimationLocked:491 com.android.server.wm.WindowAnimator.updateWindowsLocked:303 com.android.server.wm.WindowAnimator.animateLocked:704 
06-05 18:36:08.988 V/PhoneStatusBar( 1711): setLightsOn(true)
06-05 18:36:09.005 V/PhoneStatusBar( 1711): setLightsOn(true)
06-05 18:36:09.039 V/PhoneStatusBar( 1711): setLightsOn(true)
06-05 18:36:09.188 V/PhoneStatusBar( 1711): setLightsOn(true)
06-05 18:36:09.191 V/PhoneStatusBar( 1711): setLightsOn(true)
06-05 18:36:09.193 I/System.out( 7916): URI: //map
06-05 18:36:09.193 I/System.out( 7916): params: {json={"query":"* {text CONTAINS[c] 'Javier Vehicle'}","operation":{"method_name":"query","arguments":[]}}
06-05 18:36:09.193 I/System.out( 7916): }
06-05 18:36:09.209 D/Mileage.ABS( 7916): Finished backup
06-05 18:36:09.247 W/InputMethodManagerService( 1629): Window already focused, ignoring focus gain of: com.android.internal.view.IInputMethodClient$Stub$Proxy@3441f6e attribute=null, token = android.os.BinderProxy@dbdd009
