--------- beginning of main
06-06 17:47:09.294 V/PhoneStatusBar( 1713): setLightsOn(true)
06-06 17:47:09.296 V/PhoneStatusBar( 1713): setLightsOn(true)
06-06 17:47:09.316 D/gralloc_ranchu( 1348): gralloc_alloc: Creating ashmem region of size 3145728
06-06 17:47:09.321 E/EGL_emulation( 1348): tid 1348: eglCreateSyncKHR(1901): error 0x3004 (EGL_BAD_ATTRIBUTE)
--------- beginning of system
06-06 17:47:09.333 W/ActivityManager( 1631): Finishing task with all activities already finished
06-06 17:47:09.333 W/ActivityManager( 1631): Duplicate finish request for ActivityRecord{37522e2 u0 com.evancharlton.mileage/.VehicleTypeListActivity t24730 f}
06-06 17:47:09.366 D/EGL_emulation( 1713): eglMakeCurrent: 0xa6a85780: ver 2 0 (tinfo 0xa6a83640)
06-06 17:47:09.382 D/EGL_emulation( 1713): eglMakeCurrent: 0xa6a85780: ver 2 0 (tinfo 0xa6a83640)
06-06 17:47:09.384 D/EGL_emulation( 2106): eglMakeCurrent: 0xa6a85300: ver 2 0 (tinfo 0xa6a83220)
06-06 17:47:09.416 D/EGL_emulation( 1713): eglMakeCurrent: 0xa6a85780: ver 2 0 (tinfo 0xa6a83640)
06-06 17:47:09.431 D/EGL_emulation( 1713): eglMakeCurrent: 0xa6a85780: ver 2 0 (tinfo 0xa6a83640)
06-06 17:47:09.434 D/EGL_emulation( 1713): eglMakeCurrent: 0xa6a85780: ver 2 0 (tinfo 0xa6a83640)
06-06 17:47:09.448 D/EGL_emulation( 1713): eglMakeCurrent: 0xa6a85780: ver 2 0 (tinfo 0xa6a83640)
06-06 17:47:09.450 D/EGL_emulation( 1713): eglMakeCurrent: 0xa6a85780: ver 2 0 (tinfo 0xa6a83640)
06-06 17:47:09.465 D/EGL_emulation( 1713): eglMakeCurrent: 0xa6a85780: ver 2 0 (tinfo 0xa6a83640)
06-06 17:47:09.467 D/EGL_emulation( 1713): eglMakeCurrent: 0xa6a85780: ver 2 0 (tinfo 0xa6a83640)
06-06 17:47:09.482 D/EGL_emulation( 1713): eglMakeCurrent: 0xa6a85780: ver 2 0 (tinfo 0xa6a83640)
06-06 17:47:09.483 D/EGL_emulation( 1713): eglMakeCurrent: 0xa6a85780: ver 2 0 (tinfo 0xa6a83640)
06-06 17:47:09.498 D/EGL_emulation( 1713): eglMakeCurrent: 0xa6a85780: ver 2 0 (tinfo 0xa6a83640)
06-06 17:47:09.500 D/EGL_emulation( 1713): eglMakeCurrent: 0xa6a85780: ver 2 0 (tinfo 0xa6a83640)
06-06 17:47:09.504 D/AndroidRuntime(18462): >>>>>> START com.android.internal.os.RuntimeInit uid 2000 <<<<<<
06-06 17:47:09.505 D/AndroidRuntime(18462): CheckJNI is ON
06-06 17:47:09.515 D/EGL_emulation( 1713): eglMakeCurrent: 0xa6a85780: ver 2 0 (tinfo 0xa6a83640)
06-06 17:47:09.517 D/EGL_emulation( 1713): eglMakeCurrent: 0xa6a85780: ver 2 0 (tinfo 0xa6a83640)
06-06 17:47:09.517 W/art     (18462): Unexpected CPU variant for X86 using defaults: x86
06-06 17:47:09.519 D/ICU     (18462): No timezone override file found: /data/misc/zoneinfo/current/icu/icu_tzdata.dat
06-06 17:47:09.526 E/memtrack(18462): Couldn't load memtrack module (No such file or directory)
06-06 17:47:09.526 E/android.os.Debug(18462): failed to load memtrack module: -2
06-06 17:47:09.527 I/Radio-JNI(18462): register_android_hardware_Radio DONE
06-06 17:47:09.531 D/AndroidRuntime(18462): Calling main entry com.android.commands.am.Am
06-06 17:47:09.531 D/EGL_emulation( 1713): eglMakeCurrent: 0xa6a85780: ver 2 0 (tinfo 0xa6a83640)
06-06 17:47:09.532 I/ActivityManager( 1631): Force stopping com.evancharlton.mileage appid=10728 user=0: start instr
06-06 17:47:09.533 I/ActivityManager( 1631): Killing 18282:com.evancharlton.mileage/u0a728 (adj 0): stop com.evancharlton.mileage
06-06 17:47:09.533 D/ActivityManager( 1631): cleanUpApplicationRecord -- 18282
06-06 17:47:09.533 W/ActivityManager( 1631): Crash of app com.evancharlton.mileage running instrumentation ComponentInfo{com.evancharlton.mileage.test/sh.calaba.instrumentationbackend.CalabashInstrumentationTestRunner}
06-06 17:47:09.533 I/ActivityManager( 1631): Force stopping com.evancharlton.mileage appid=10728 user=0: finished inst
06-06 17:47:09.533 D/EGL_emulation( 1713): eglMakeCurrent: 0xa6a85780: ver 2 0 (tinfo 0xa6a83640)
06-06 17:47:09.537 I/art     (18472): Not late-enabling -Xcheck:jni (already on)
06-06 17:47:09.538 W/art     (18472): Unexpected CPU variant for X86 using defaults: x86
06-06 17:47:09.544 I/ActivityManager( 1631): Start proc 18472:com.evancharlton.mileage/u0a728 for added application com.evancharlton.mileage
06-06 17:47:09.544 D/AndroidRuntime(18462): Shutting down VM
06-06 17:47:09.548 D/EGL_emulation( 1713): eglMakeCurrent: 0xa6a85780: ver 2 0 (tinfo 0xa6a83640)
06-06 17:47:09.553 D/EGL_emulation( 1713): eglMakeCurrent: 0xa6a85780: ver 2 0 (tinfo 0xa6a83640)
06-06 17:47:09.554 W/System  (18472): ClassLoader referenced unknown path: /data/app/com.evancharlton.mileage.test-1/lib/x86
06-06 17:47:09.554 W/System  (18472): ClassLoader referenced unknown path: /data/app/com.evancharlton.mileage-1/lib/x86
06-06 17:47:09.557 W/System  (18472): ClassLoader referenced unknown path: 
06-06 17:47:09.561 I/System.out(18472): Main activity name automatically set to: com.evancharlton.mileage.Mileage
06-06 17:47:09.561 I/System.out(18472): Calabash did not load Mono. This is only a problem if you are trying to test a Mono application
06-06 17:47:09.561 I/calabash(18472): Test server port: 7102
06-06 17:47:09.562 I/InstrumentationBackend(18472): Added:'GetPreferences', with key:'get_preferences'
06-06 17:47:09.565 D/EGL_emulation( 1713): eglMakeCurrent: 0xa6a85780: ver 2 0 (tinfo 0xa6a83640)
06-06 17:47:09.567 I/InstrumentationBackend(18472): Added:'SetPreferences', with key:'set_preferences'
06-06 17:47:09.567 I/InstrumentationBackend(18472): Added:'ClearPreferences', with key:'clear_preferences'
06-06 17:47:09.567 I/InstrumentationBackend(18472): Added:'PressElement', with key:'press_l10n_element'
06-06 17:47:09.567 I/InstrumentationBackend(18472): Added:'WaitForElement', with key:'wait_for_l10n_element'
06-06 17:47:09.567 I/InstrumentationBackend(18472): Added:'NullAction', with key:'nullAction'
06-06 17:47:09.568 I/InstrumentationBackend(18472): Added:'PressKey', with key:'press_key'
06-06 17:47:09.568 I/InstrumentationBackend(18472): Added:'SetActivityOrientation', with key:'set_activity_orientation'
06-06 17:47:09.568 I/InstrumentationBackend(18472): Added:'GetActivityOrientation', with key:'get_activity_orientation'
06-06 17:47:09.568 I/InstrumentationBackend(18472): Added:'FakeGPSLocation', with key:'set_gps_coordinates'
06-06 17:47:09.568 I/InstrumentationBackend(18472): Added:'SetPropertyByCssSelector', with key:'set_property_by_css_selector'
06-06 17:47:09.568 I/InstrumentationBackend(18472): Added:'GetUrl', with key:'get_url'
06-06 17:47:09.568 I/InstrumentationBackend(18472): Added:'ScrollTo', with key:'scroll_to'
06-06 17:47:09.568 I/InstrumentationBackend(18472): Added:'GetLoadProgress', with key:'get_load_progress'
06-06 17:47:09.569 I/InstrumentationBackend(18472): Added:'DumpHtml', with key:'dump_html'
06-06 17:47:09.569 I/InstrumentationBackend(18472): Added:'DumpBodyHtml', with key:'dump_body_html'
06-06 17:47:09.569 I/InstrumentationBackend(18472): Added:'EnterTextByCssSelector', with key:'enter_text_by_selector'
06-06 17:47:09.569 D/EGL_emulation( 1713): eglMakeCurrent: 0xa6a85780: ver 2 0 (tinfo 0xa6a83640)
06-06 17:47:09.569 I/InstrumentationBackend(18472): Added:'AndroidSDKVersion', with key:'android_sdk_version'
06-06 17:47:09.569 I/InstrumentationBackend(18472): Added:'Version', with key:'version'
06-06 17:47:09.569 I/InstrumentationBackend(18472): Added:'Drag', with key:'drag'
06-06 17:47:09.569 I/InstrumentationBackend(18472): Added:'TouchCoordinates', with key:'touch_coordinate'
06-06 17:47:09.569 I/InstrumentationBackend(18472): Added:'LongPressCoordinate', with key:'long_press_coordinate'
06-06 17:47:09.569 I/InstrumentationBackend(18472): Added:'DragCoordinates', with key:'drag_coordinates'
06-06 17:47:09.569 I/InstrumentationBackend(18472): Added:'ResumeApplication', with key:'resume_application'
06-06 17:47:09.569 I/InstrumentationBackend(18472): Added:'Swipe', with key:'swipe'
06-06 17:47:09.569 I/InstrumentationBackend(18472): Added:'DoubleTapCoordinate', with key:'double_tap_coordinate'
06-06 17:47:09.569 I/InstrumentationBackend(18472): Added:'ClickOnScreen', with key:'click_on_screen'
06-06 17:47:09.569 I/InstrumentationBackend(18472): Added:'GetActivityName', with key:'get_activity_name'
06-06 17:47:09.569 I/InstrumentationBackend(18472): Added:'ScrollToView', with key:'scroll_to_view'
06-06 17:47:09.570 I/InstrumentationBackend(18472): Added:'ViewConfiguration', with key:'view_configuration'
06-06 17:47:09.570 I/InstrumentationBackend(18472): Added:'IsCurrentActivityFocused', with key:'is_current_activity_focused'
06-06 17:47:09.570 I/InstrumentationBackend(18472): Added:'SendTcp', with key:'send_tcp'
06-06 17:47:09.570 I/InstrumentationBackend(18472): Added:'DpToDevicePixel', with key:'dp_to_device_pixel'
06-06 17:47:09.570 I/InstrumentationBackend(18472): Added:'KeyboardEnterText', with key:'keyboard_enter_text'
06-06 17:47:09.570 I/InstrumentationBackend(18472): Added:'DeleteSurroundingText', with key:'delete_surrounding_text'
06-06 17:47:09.570 I/InstrumentationBackend(18472): Added:'SetComposingRegion', with key:'set_composing_region'
06-06 17:47:09.570 I/InstrumentationBackend(18472): Added:'SetSelection', with key:'set_selection'
06-06 17:47:09.570 I/InstrumentationBackend(18472): Added:'KeyboardKeyEvent', with key:'keyboard_key_event'
06-06 17:47:09.570 I/InstrumentationBackend(18472): Added:'PressUserActionButton', with key:'press_user_action_button'
06-06 17:47:09.570 I/InstrumentationBackend(18472): Added:'HideSoftKeyboard', with key:'hide_soft_keyboard'
06-06 17:47:09.570 I/InstrumentationBackend(18472): Added:'ListActions', with key:'list_actions'
06-06 17:47:09.570 I/calabash(18472): Instantiating http server at 7102
06-06 17:47:09.571 I/System.out(18472): HTTP Daemon listening on: 7102
06-06 17:47:09.578 W/InputDispatcher( 1631): channel 'ac68b2e com.evancharlton.mileage/com.evancharlton.mileage.VehicleTypeListActivity (server)' ~ Consumer closed input channel or an error occurred.  events=0x9
06-06 17:47:09.578 E/InputDispatcher( 1631): channel 'ac68b2e com.evancharlton.mileage/com.evancharlton.mileage.VehicleTypeListActivity (server)' ~ Channel is unrecoverably broken and will be disposed!
06-06 17:47:09.578 I/WindowManager( 1631): WIN DEATH: Window{ac68b2e u0 com.evancharlton.mileage/com.evancharlton.mileage.VehicleTypeListActivity EXITING}
06-06 17:47:09.578 W/InputDispatcher( 1631): Attempted to unregister already unregistered input channel 'ac68b2e com.evancharlton.mileage/com.evancharlton.mileage.VehicleTypeListActivity (server)'
06-06 17:47:09.593 D/EGL_emulation( 1713): eglMakeCurrent: 0xa6a85780: ver 2 0 (tinfo 0xa6a83640)
06-06 17:47:09.598 D/EGL_emulation( 1713): eglMakeCurrent: 0xa6a85780: ver 2 0 (tinfo 0xa6a83640)
06-06 17:47:09.600 D/EGL_emulation( 1713): eglMakeCurrent: 0xa6a85780: ver 2 0 (tinfo 0xa6a83640)
06-06 17:47:09.657 I/System.out(18472): URI: //ping
06-06 17:47:09.657 I/System.out(18472): params: {json={}
06-06 17:47:09.657 I/System.out(18472): }
06-06 17:47:09.659 I/System.out(18472): URI: //ping
06-06 17:47:09.659 I/System.out(18472): params: {json={}
06-06 17:47:09.659 I/System.out(18472): }
06-06 17:47:09.665 I/System.out(18472): URI: //ready
06-06 17:47:09.665 I/System.out(18472): params: {json={}
06-06 17:47:09.665 I/System.out(18472): }
06-06 17:47:09.667 I/System.out(18472): URI: //
06-06 17:47:09.667 I/System.out(18472): params: {json={"command":"version","arguments":[]}
06-06 17:47:09.667 I/System.out(18472): }
06-06 17:47:09.667 I/System.out(18472): header: {content-type=application/json;charset=utf-8, date=Sat, 06 Jun 2020 22:47:10 GMT, accept=*/*, host=127.0.0.1:34784, content-length=36, user-agent=HTTPClient/1.0 (2.8.3, ruby 2.5.1 (2018-03-29))}
06-06 17:47:09.667 I/System.out(18472): params: {json={"command":"version","arguments":[]}
06-06 17:47:09.667 I/System.out(18472): }
06-06 17:47:09.667 I/System.out(18472): ProP json = {"command":"version","arguments":[]}
06-06 17:47:09.667 I/System.out(18472): files: {}
06-06 17:47:09.667 I/System.out(18472): command: {"command":"version","arguments":[]}
06-06 17:47:09.670 I/InstrumentationBackend(18472): Got command:'Command:'Line:null,version', arguments:'[]'
06-06 17:47:09.676 I/System.out(18472): result:{"bonusInformation":[],"message":"0.9.8","success":true}
06-06 17:47:09.678 I/System.out(18472): URI: //start-application
06-06 17:47:09.678 I/System.out(18472): params: {json={"intent":null}
06-06 17:47:09.678 I/System.out(18472): }
06-06 17:47:09.688 I/ActivityManager( 1631): START u0 {act=android.intent.action.MAIN cat=[android.intent.category.LAUNCHER] flg=0x10200000 cmp=com.evancharlton.mileage/.Mileage} from uid 10728 on display 0
06-06 17:47:09.693 I/calabash(18472): newActivity1
06-06 17:47:09.706 I/calabash(18472): newActivity1
06-06 17:47:09.708 W/ActivityManager( 1631): Bad activity token: android.os.BinderProxy@5f8dea7
06-06 17:47:09.708 W/ActivityManager( 1631): java.lang.ClassCastException: android.os.BinderProxy cannot be cast to com.android.server.am.ActivityRecord$Token
06-06 17:47:09.708 W/ActivityManager( 1631): 	at com.android.server.am.ActivityRecord.forTokenLocked(ActivityRecord.java:586)
06-06 17:47:09.708 W/ActivityManager( 1631): 	at com.android.server.am.ActivityRecord.isInStackLocked(ActivityRecord.java:1327)
06-06 17:47:09.708 W/ActivityManager( 1631): 	at com.android.server.am.ActivityRecord.getStackLocked(ActivityRecord.java:1332)
06-06 17:47:09.708 W/ActivityManager( 1631): 	at com.android.server.am.ActivityManagerService.getActivityDisplayId(ActivityManagerService.java:9806)
06-06 17:47:09.708 W/ActivityManager( 1631): 	at android.app.ActivityManagerNative.onTransact(ActivityManagerNative.java:2566)
06-06 17:47:09.708 W/ActivityManager( 1631): 	at com.android.server.am.ActivityManagerService.onTransact(ActivityManagerService.java:2757)
06-06 17:47:09.708 W/ActivityManager( 1631): 	at android.os.Binder.execTransact(Binder.java:565)
06-06 17:47:09.709 W/ActivityManager( 1631): Bad activity token: android.os.BinderProxy@5f8dea7
06-06 17:47:09.709 W/ActivityManager( 1631): java.lang.ClassCastException: android.os.BinderProxy cannot be cast to com.android.server.am.ActivityRecord$Token
06-06 17:47:09.709 W/ActivityManager( 1631): 	at com.android.server.am.ActivityRecord.forTokenLocked(ActivityRecord.java:586)
06-06 17:47:09.709 W/ActivityManager( 1631): 	at com.android.server.am.ActivityRecord.isInStackLocked(ActivityRecord.java:1327)
06-06 17:47:09.709 W/ActivityManager( 1631): 	at com.android.server.am.ActivityManagerService.setTaskDescription(ActivityManagerService.java:9358)
06-06 17:47:09.709 W/ActivityManager( 1631): 	at android.app.ActivityManagerNative.onTransact(ActivityManagerNative.java:2639)
06-06 17:47:09.709 W/ActivityManager( 1631): 	at com.android.server.am.ActivityManagerService.onTransact(ActivityManagerService.java:2757)
06-06 17:47:09.709 W/ActivityManager( 1631): 	at android.os.Binder.execTransact(Binder.java:565)
06-06 17:47:09.709 W/ActivityManager( 1631): Bad activity token: android.os.BinderProxy@5f8dea7
06-06 17:47:09.709 W/ActivityManager( 1631): java.lang.ClassCastException: android.os.BinderProxy cannot be cast to com.android.server.am.ActivityRecord$Token
06-06 17:47:09.709 W/ActivityManager( 1631): 	at com.android.server.am.ActivityRecord.forTokenLocked(ActivityRecord.java:586)
06-06 17:47:09.709 W/ActivityManager( 1631): 	at com.android.server.am.ActivityRecord.isInStackLocked(ActivityRecord.java:1327)
06-06 17:47:09.709 W/ActivityManager( 1631): 	at com.android.server.am.ActivityRecord.getStackLocked(ActivityRecord.java:1332)
06-06 17:47:09.709 W/ActivityManager( 1631): 	at com.android.server.am.ActivityManagerService.getActivityStackId(ActivityManagerService.java:9817)
06-06 17:47:09.709 W/ActivityManager( 1631): 	at android.app.ActivityManagerNative.onTransact(ActivityManagerNative.java:2856)
06-06 17:47:09.709 W/ActivityManager( 1631): 	at com.android.server.am.ActivityManagerService.onTransact(ActivityManagerService.java:2757)
06-06 17:47:09.709 W/ActivityManager( 1631): 	at android.os.Binder.execTransact(Binder.java:565)
06-06 17:47:09.715 D/gralloc_ranchu( 1348): gralloc_alloc: Creating ashmem region of size 9023488
06-06 17:47:09.730 W/ActivityManager( 1631): Bad activity token: android.os.BinderProxy@5f8dea7
06-06 17:47:09.730 W/ActivityManager( 1631): java.lang.ClassCastException: android.os.BinderProxy cannot be cast to com.android.server.am.ActivityRecord$Token
06-06 17:47:09.730 W/ActivityManager( 1631): 	at com.android.server.am.ActivityRecord.forTokenLocked(ActivityRecord.java:586)
06-06 17:47:09.730 W/ActivityManager( 1631): 	at com.android.server.am.ActivityRecord.isInStackLocked(ActivityRecord.java:1327)
06-06 17:47:09.730 W/ActivityManager( 1631): 	at com.android.server.am.ActivityManagerService.getActivityOptions(ActivityManagerService.java:12559)
06-06 17:47:09.730 W/ActivityManager( 1631): 	at android.app.ActivityManagerNative.onTransact(ActivityManagerNative.java:1933)
06-06 17:47:09.730 W/ActivityManager( 1631): 	at com.android.server.am.ActivityManagerService.onTransact(ActivityManagerService.java:2757)
06-06 17:47:09.730 W/ActivityManager( 1631): 	at android.os.Binder.execTransact(Binder.java:565)
06-06 17:47:09.731 W/ActivityManager( 1631): Bad activity token: android.os.BinderProxy@5f8dea7
06-06 17:47:09.731 W/ActivityManager( 1631): java.lang.ClassCastException: android.os.BinderProxy cannot be cast to com.android.server.am.ActivityRecord$Token
06-06 17:47:09.731 W/ActivityManager( 1631): 	at com.android.server.am.ActivityRecord.forTokenLocked(ActivityRecord.java:586)
06-06 17:47:09.731 W/ActivityManager( 1631): 	at com.android.server.am.ActivityRecord.isInStackLocked(ActivityRecord.java:1327)
06-06 17:47:09.731 W/ActivityManager( 1631): 	at com.android.server.am.ActivityManagerService.getActivityOptions(ActivityManagerService.java:12559)
06-06 17:47:09.731 W/ActivityManager( 1631): 	at android.app.ActivityManagerNative.onTransact(ActivityManagerNative.java:1933)
06-06 17:47:09.731 W/ActivityManager( 1631): 	at com.android.server.am.ActivityManagerService.onTransact(ActivityManagerService.java:2757)
06-06 17:47:09.731 W/ActivityManager( 1631): 	at android.os.Binder.execTransact(Binder.java:565)
06-06 17:47:09.755 V/PhoneStatusBar( 1713): setLightsOn(true)
06-06 17:47:09.764 D/gralloc_ranchu( 1348): gralloc_alloc: Creating ashmem region of size 9023488
06-06 17:47:09.771 D/EGL_emulation( 2106): eglMakeCurrent: 0xa6a85300: ver 2 0 (tinfo 0xa6a83220)
06-06 17:47:09.771 D/        (18472): HostConnection::get() New Host Connection established 0x954b1540, tid 18472
06-06 17:47:09.773 D/EGL_emulation( 1713): eglMakeCurrent: 0xa6a85780: ver 2 0 (tinfo 0xa6a83640)
06-06 17:47:09.824 D/EGL_emulation( 1713): eglMakeCurrent: 0xa6a85780: ver 2 0 (tinfo 0xa6a83640)
06-06 17:47:09.829 D/EGL_emulation( 1713): eglMakeCurrent: 0xa6a85780: ver 2 0 (tinfo 0xa6a83640)
06-06 17:47:09.830 V/PhoneStatusBar( 1713): setLightsOn(true)
06-06 17:47:09.832 D/EGL_emulation( 1713): eglMakeCurrent: 0xa6a85780: ver 2 0 (tinfo 0xa6a83640)
06-06 17:47:09.832 I/WindowManager( 1631): Destroying surface Surface(name=com.evancharlton.mileage/com.evancharlton.mileage.VehicleTypeListActivity) called by com.android.server.wm.WindowStateAnimator.destroySurface:2016 com.android.server.wm.WindowStateAnimator.destroySurfaceLocked:882 com.android.server.wm.WindowState.removeLocked:1456 com.android.server.wm.WindowManagerService.removeWindowInnerLocked:2484 com.android.server.wm.AppWindowToken.destroySurfaces:365 com.android.server.wm.WindowStateAnimator.finishExit:565 com.android.server.wm.AppWindowAnimator.stepAnimationLocked:427 com.android.server.wm.WindowAnimator.updateAppWindowsLocked:196 
06-06 17:47:09.833 D/EGL_emulation( 1713): eglMakeCurrent: 0xa6a85780: ver 2 0 (tinfo 0xa6a83640)
06-06 17:47:09.835 D/EGL_emulation( 1713): eglMakeCurrent: 0xa6a85780: ver 2 0 (tinfo 0xa6a83640)
06-06 17:47:09.849 D/EGL_emulation( 1713): eglMakeCurrent: 0xa6a85780: ver 2 0 (tinfo 0xa6a83640)
06-06 17:47:09.850 V/PhoneStatusBar( 1713): setLightsOn(true)
06-06 17:47:09.851 D/EGL_emulation( 1713): eglMakeCurrent: 0xa6a85780: ver 2 0 (tinfo 0xa6a83640)
06-06 17:47:09.865 D/EGL_emulation( 1713): eglMakeCurrent: 0xa6a85780: ver 2 0 (tinfo 0xa6a83640)
06-06 17:47:09.865 D/gralloc_ranchu( 1348): gralloc_alloc: Creating ashmem region of size 9023488
06-06 17:47:09.885 D/EGL_emulation( 1713): eglMakeCurrent: 0xa6a85780: ver 2 0 (tinfo 0xa6a83640)
06-06 17:47:09.888 D/EGL_emulation( 1713): eglMakeCurrent: 0xa6a85780: ver 2 0 (tinfo 0xa6a83640)
06-06 17:47:09.888 I/ActivityManager( 1631): Displayed com.evancharlton.mileage/.Mileage: +197ms
06-06 17:47:09.900 D/EGL_emulation( 1713): eglMakeCurrent: 0xa6a85780: ver 2 0 (tinfo 0xa6a83640)
06-06 17:47:09.904 D/EGL_emulation( 1713): eglMakeCurrent: 0xa6a85780: ver 2 0 (tinfo 0xa6a83640)
06-06 17:47:09.906 D/EGL_emulation( 1713): eglMakeCurrent: 0xa6a85780: ver 2 0 (tinfo 0xa6a83640)
06-06 17:47:09.924 D/EGL_emulation( 1713): eglMakeCurrent: 0xa6a85780: ver 2 0 (tinfo 0xa6a83640)
06-06 17:47:09.925 V/PhoneStatusBar( 1713): setLightsOn(true)
06-06 17:47:09.926 D/EGL_emulation( 1713): eglMakeCurrent: 0xa6a85780: ver 2 0 (tinfo 0xa6a83640)
06-06 17:47:09.932 D/EGL_emulation( 1713): eglMakeCurrent: 0xa6a85780: ver 2 0 (tinfo 0xa6a83640)
06-06 17:47:09.934 D/EGL_emulation( 1713): eglMakeCurrent: 0xa6a85780: ver 2 0 (tinfo 0xa6a83640)
06-06 17:47:09.939 I/System.out(18472): URI: //map
06-06 17:47:09.939 I/System.out(18472): params: {json={"query":"* marked:'Vehicles'","operation":{"method_name":"query","arguments":[]}}
06-06 17:47:09.939 I/System.out(18472): }
06-06 17:47:09.948 D/EGL_emulation( 1713): eglMakeCurrent: 0xa6a85780: ver 2 0 (tinfo 0xa6a83640)
06-06 17:47:09.950 D/EGL_emulation( 1713): eglMakeCurrent: 0xa6a85780: ver 2 0 (tinfo 0xa6a83640)
06-06 17:47:09.956 W/ResourceType(18472): No package identifier when getting name for resource number 0x00000001
06-06 17:47:09.965 D/EGL_emulation( 1713): eglMakeCurrent: 0xa6a85780: ver 2 0 (tinfo 0xa6a83640)
06-06 17:47:09.967 D/EGL_emulation( 1713): eglMakeCurrent: 0xa6a85780: ver 2 0 (tinfo 0xa6a83640)
06-06 17:47:09.974 I/System.out(18472): URI: //gesture
06-06 17:47:09.974 I/System.out(18472): params: {json={"query_timeout":5.0,"gestures":[{"query_string":"* marked:'Vehicles'","touches":[{"x":50,"y":50,"offset_x":0,"offset_y":0,"wait":0.0,"time":0.2,"release":true,"query_string":null}]}]}
06-06 17:47:09.974 I/System.out(18472): }
06-06 17:47:09.980 W/ResourceType(18472): No package identifier when getting name for resource number 0x00000001
06-06 17:47:09.982 D/EGL_emulation( 1713): eglMakeCurrent: 0xa6a85780: ver 2 0 (tinfo 0xa6a83640)
06-06 17:47:09.983 D/EGL_emulation( 1713): eglMakeCurrent: 0xa6a85780: ver 2 0 (tinfo 0xa6a83640)
06-06 17:47:10.081 I/WindowManager( 1631): Destroying surface Surface(name=Starting com.evancharlton.mileage) called by com.android.server.wm.WindowStateAnimator.destroySurface:2016 com.android.server.wm.WindowStateAnimator.destroySurfaceLocked:882 com.android.server.wm.WindowState.destroyOrSaveSurface:2100 com.android.server.wm.AppWindowToken.destroySurfaces:363 com.android.server.wm.WindowStateAnimator.finishExit:565 com.android.server.wm.WindowStateAnimator.stepAnimationLocked:491 com.android.server.wm.WindowAnimator.updateWindowsLocked:303 com.android.server.wm.WindowAnimator.animateLocked:704 
06-06 17:47:10.083 V/PhoneStatusBar( 1713): setLightsOn(true)
06-06 17:47:10.098 V/PhoneStatusBar( 1713): setLightsOn(true)
06-06 17:47:10.222 I/calabash(18472): newActivity1
06-06 17:47:10.226 W/audio_hw_generic( 1395): Not supplying enough data to HAL, expected position 306184384 , only wrote 306184320
06-06 17:47:10.226 W/ActivityManager( 1631): Bad activity token: android.os.BinderProxy@db9c769
06-06 17:47:10.226 W/ActivityManager( 1631): java.lang.ClassCastException: android.os.BinderProxy cannot be cast to com.android.server.am.ActivityRecord$Token
06-06 17:47:10.226 W/ActivityManager( 1631): 	at com.android.server.am.ActivityRecord.forTokenLocked(ActivityRecord.java:586)
06-06 17:47:10.226 W/ActivityManager( 1631): 	at com.android.server.am.ActivityRecord.isInStackLocked(ActivityRecord.java:1327)
06-06 17:47:10.226 W/ActivityManager( 1631): 	at com.android.server.am.ActivityRecord.getStackLocked(ActivityRecord.java:1332)
06-06 17:47:10.226 W/ActivityManager( 1631): 	at com.android.server.am.ActivityManagerService.getActivityDisplayId(ActivityManagerService.java:9806)
06-06 17:47:10.226 W/ActivityManager( 1631): 	at android.app.ActivityManagerNative.onTransact(ActivityManagerNative.java:2566)
06-06 17:47:10.226 W/ActivityManager( 1631): 	at com.android.server.am.ActivityManagerService.onTransact(ActivityManagerService.java:2757)
06-06 17:47:10.226 W/ActivityManager( 1631): 	at android.os.Binder.execTransact(Binder.java:565)
06-06 17:47:10.231 W/ActivityManager( 1631): Bad activity token: android.os.BinderProxy@db9c769
06-06 17:47:10.231 W/ActivityManager( 1631): java.lang.ClassCastException: android.os.BinderProxy cannot be cast to com.android.server.am.ActivityRecord$Token
06-06 17:47:10.231 W/ActivityManager( 1631): 	at com.android.server.am.ActivityRecord.forTokenLocked(ActivityRecord.java:586)
06-06 17:47:10.231 W/ActivityManager( 1631): 	at com.android.server.am.ActivityRecord.isInStackLocked(ActivityRecord.java:1327)
06-06 17:47:10.231 W/ActivityManager( 1631): 	at com.android.server.am.ActivityManagerService.setTaskDescription(ActivityManagerService.java:9358)
06-06 17:47:10.231 W/ActivityManager( 1631): 	at android.app.ActivityManagerNative.onTransact(ActivityManagerNative.java:2639)
06-06 17:47:10.231 W/ActivityManager( 1631): 	at com.android.server.am.ActivityManagerService.onTransact(ActivityManagerService.java:2757)
06-06 17:47:10.231 W/ActivityManager( 1631): 	at android.os.Binder.execTransact(Binder.java:565)
06-06 17:47:10.232 W/ActivityManager( 1631): Bad activity token: android.os.BinderProxy@db9c769
06-06 17:47:10.232 W/ActivityManager( 1631): java.lang.ClassCastException: android.os.BinderProxy cannot be cast to com.android.server.am.ActivityRecord$Token
06-06 17:47:10.232 W/ActivityManager( 1631): 	at com.android.server.am.ActivityRecord.forTokenLocked(ActivityRecord.java:586)
06-06 17:47:10.232 W/ActivityManager( 1631): 	at com.android.server.am.ActivityRecord.isInStackLocked(ActivityRecord.java:1327)
06-06 17:47:10.232 W/ActivityManager( 1631): 	at com.android.server.am.ActivityRecord.getStackLocked(ActivityRecord.java:1332)
06-06 17:47:10.232 W/ActivityManager( 1631): 	at com.android.server.am.ActivityManagerService.getActivityStackId(ActivityManagerService.java:9817)
06-06 17:47:10.232 W/ActivityManager( 1631): 	at android.app.ActivityManagerNative.onTransact(ActivityManagerNative.java:2856)
06-06 17:47:10.232 W/ActivityManager( 1631): 	at com.android.server.am.ActivityManagerService.onTransact(ActivityManagerService.java:2757)
06-06 17:47:10.232 W/ActivityManager( 1631): 	at android.os.Binder.execTransact(Binder.java:565)
06-06 17:47:10.232 V/PhoneStatusBar( 1713): setLightsOn(true)
06-06 17:47:10.249 W/ActivityManager( 1631): Bad activity token: android.os.BinderProxy@db9c769
06-06 17:47:10.249 W/ActivityManager( 1631): java.lang.ClassCastException: android.os.BinderProxy cannot be cast to com.android.server.am.ActivityRecord$Token
06-06 17:47:10.249 W/ActivityManager( 1631): 	at com.android.server.am.ActivityRecord.forTokenLocked(ActivityRecord.java:586)
06-06 17:47:10.249 W/ActivityManager( 1631): 	at com.android.server.am.ActivityRecord.isInStackLocked(ActivityRecord.java:1327)
06-06 17:47:10.249 W/ActivityManager( 1631): 	at com.android.server.am.ActivityManagerService.getActivityOptions(ActivityManagerService.java:12559)
06-06 17:47:10.249 W/ActivityManager( 1631): 	at android.app.ActivityManagerNative.onTransact(ActivityManagerNative.java:1933)
06-06 17:47:10.249 W/ActivityManager( 1631): 	at com.android.server.am.ActivityManagerService.onTransact(ActivityManagerService.java:2757)
06-06 17:47:10.249 W/ActivityManager( 1631): 	at android.os.Binder.execTransact(Binder.java:565)
06-06 17:47:10.249 W/ActivityManager( 1631): Bad activity token: android.os.BinderProxy@db9c769
06-06 17:47:10.249 W/ActivityManager( 1631): java.lang.ClassCastException: android.os.BinderProxy cannot be cast to com.android.server.am.ActivityRecord$Token
06-06 17:47:10.249 W/ActivityManager( 1631): 	at com.android.server.am.ActivityRecord.forTokenLocked(ActivityRecord.java:586)
06-06 17:47:10.249 W/ActivityManager( 1631): 	at com.android.server.am.ActivityRecord.isInStackLocked(ActivityRecord.java:1327)
06-06 17:47:10.249 W/ActivityManager( 1631): 	at com.android.server.am.ActivityManagerService.getActivityOptions(ActivityManagerService.java:12559)
06-06 17:47:10.249 W/ActivityManager( 1631): 	at android.app.ActivityManagerNative.onTransact(ActivityManagerNative.java:1933)
06-06 17:47:10.249 W/ActivityManager( 1631): 	at com.android.server.am.ActivityManagerService.onTransact(ActivityManagerService.java:2757)
06-06 17:47:10.249 W/ActivityManager( 1631): 	at android.os.Binder.execTransact(Binder.java:565)
06-06 17:47:10.276 I/System.out(18472): URI: //map
06-06 17:47:10.276 I/System.out(18472): params: {json={"query":"* {text CONTAINS[c] 'Javier Vehicle'}","operation":{"method_name":"query","arguments":[]}}
06-06 17:47:10.276 I/System.out(18472): }
06-06 17:47:10.428 I/System.out(18472): URI: //gesture
06-06 17:47:10.428 I/System.out(18472): params: {json={"query_timeout":5.0,"gestures":[{"query_string":"* {text CONTAINS[c] 'Javier Vehicle'}","touches":[{"x":50,"y":50,"offset_x":0,"offset_y":0,"wait":0.0,"time":1.0,"release":true,"query_string":null}]}]}
06-06 17:47:10.428 I/System.out(18472): }
06-06 17:47:10.516 V/PhoneStatusBar( 1713): setLightsOn(true)
06-06 17:47:10.520 V/PhoneStatusBar( 1713): setLightsOn(true)
06-06 17:47:10.524 W/OpenGLRenderer( 2106): Incorrectly called buildLayer on View: ShortcutAndWidgetContainer, destroying layer...
06-06 17:47:10.533 I/WindowManager( 1631): Destroying surface Surface(name=com.android.launcher3/com.android.launcher3.Launcher) called by com.android.server.wm.WindowStateAnimator.destroySurface:2016 com.android.server.wm.WindowStateAnimator.destroySurfaceLocked:882 com.android.server.wm.WindowState.destroyOrSaveSurface:2100 com.android.server.wm.AppWindowToken.destroySurfaces:363 com.android.server.wm.AppWindowToken.notifyAppStopped:389 com.android.server.wm.WindowManagerService.notifyAppStopped:4463 com.android.server.am.ActivityStack.activityStoppedLocked:1252 com.android.server.am.ActivityManagerService.activityStopped:6903 
06-06 17:47:10.536 V/PhoneStatusBar( 1713): setLightsOn(true)
06-06 17:47:10.653 D/gralloc_ranchu( 1348): gralloc_alloc: Creating ashmem region of size 9023488
06-06 17:47:11.109 V/PhoneStatusBar( 1713): setLightsOn(true)
06-06 17:47:11.157 V/PhoneStatusBar( 1713): setLightsOn(true)
06-06 17:47:11.165 V/PhoneStatusBar( 1713): setLightsOn(true)
06-06 17:47:11.201 D/gralloc_ranchu( 1348): gralloc_alloc: Creating ashmem region of size 1355776
06-06 17:47:11.218 V/PhoneStatusBar( 1713): setLightsOn(true)
06-06 17:47:11.218 D/gralloc_ranchu( 1348): gralloc_alloc: Creating ashmem region of size 1355776
06-06 17:47:11.219 V/PhoneStatusBar( 1713): setLightsOn(true)
06-06 17:47:11.237 V/PhoneStatusBar( 1713): setLightsOn(true)
06-06 17:47:11.237 D/gralloc_ranchu( 1348): gralloc_alloc: Creating ashmem region of size 1355776
06-06 17:47:11.482 V/PhoneStatusBar( 1713): setLightsOn(true)
06-06 17:47:11.486 I/art     (18472): Do partial code cache collection, code=30KB, data=30KB
06-06 17:47:11.486 I/art     (18472): After code cache collection, code=29KB, data=29KB
06-06 17:47:11.486 I/art     (18472): Increasing code cache capacity to 128KB
06-06 17:47:11.496 I/System.out(18472): URI: //map
06-06 17:47:11.496 I/System.out(18472): params: {json={"query":"* {text CONTAINS[c] 'Set vehicle as default'}","operation":{"method_name":"query","arguments":[]}}
06-06 17:47:11.496 I/System.out(18472): }
06-06 17:47:11.577 I/System.out(18472): URI: //map
06-06 17:47:11.577 I/System.out(18472): params: {json={"query":"* marked:'Set vehicle as default'","operation":{"method_name":"query","arguments":[]}}
06-06 17:47:11.577 I/System.out(18472): }
06-06 17:47:11.584 W/ResourceType(18472): No package identifier when getting name for resource number 0x00000001
06-06 17:47:11.597 I/System.out(18472): URI: //gesture
06-06 17:47:11.597 I/System.out(18472): params: {json={"query_timeout":5.0,"gestures":[{"query_string":"* marked:'Set vehicle as default'","touches":[{"x":50,"y":50,"offset_x":0,"offset_y":0,"wait":0.0,"time":0.2,"release":true,"query_string":null}]}]}
06-06 17:47:11.597 I/System.out(18472): }
06-06 17:47:11.602 W/ResourceType(18472): No package identifier when getting name for resource number 0x00000001
06-06 17:47:11.896 V/PhoneStatusBar( 1713): setLightsOn(true)
06-06 17:47:11.897 V/PhoneStatusBar( 1713): setLightsOn(true)
06-06 17:47:11.898 W/InputEventReceiver(18472): Attempted to finish an input event but the input event receiver has already been disposed.
