--------- beginning of main
06-05 23:01:12.231 V/PhoneStatusBar( 1712): setLightsOn(true)
06-05 23:01:12.234 V/PhoneStatusBar( 1712): setLightsOn(true)
06-05 23:01:12.253 D/gralloc_ranchu( 1347): gralloc_alloc: Creating ashmem region of size 3145728
06-05 23:01:12.258 E/EGL_emulation( 1347): tid 1347: eglCreateSyncKHR(1901): error 0x3004 (EGL_BAD_ATTRIBUTE)
--------- beginning of system
06-05 23:01:12.269 W/ActivityManager( 1631): Finishing task with all activities already finished
06-05 23:01:12.269 W/ActivityManager( 1631): Duplicate finish request for ActivityRecord{c5f0b6d u0 com.evancharlton.mileage/.Mileage t9031 f}
06-05 23:01:12.269 W/ActivityManager( 1631): Finishing task with all activities already finished
06-05 23:01:12.269 W/ActivityManager( 1631): Duplicate finish request for ActivityRecord{c5f0b6d u0 com.evancharlton.mileage/.Mileage t9031 f}
06-05 23:01:12.269 W/ActivityManager( 1631): Finishing task with all activities already finished
06-05 23:01:12.270 W/ActivityManager( 1631): Duplicate finish request for ActivityRecord{c5f0b6d u0 com.evancharlton.mileage/.Mileage t9031 f}
06-05 23:01:12.270 W/ActivityManager( 1631): Finishing task with all activities already finished
06-05 23:01:12.270 W/ActivityManager( 1631): Duplicate finish request for ActivityRecord{c5f0b6d u0 com.evancharlton.mileage/.Mileage t9031 f}
06-05 23:01:12.270 W/ActivityManager( 1631): Finishing task with all activities already finished
06-05 23:01:12.270 W/ActivityManager( 1631): Duplicate finish request for ActivityRecord{c5f0b6d u0 com.evancharlton.mileage/.Mileage t9031 f}
06-05 23:01:12.301 D/EGL_emulation( 1712): eglMakeCurrent: 0xb0685360: ver 2 0 (tinfo 0xb06836c0)
06-05 23:01:12.302 D/EGL_emulation( 2076): eglMakeCurrent: 0xb0685360: ver 2 0 (tinfo 0xb06836b0)
06-05 23:01:12.317 D/EGL_emulation( 1712): eglMakeCurrent: 0xb0685360: ver 2 0 (tinfo 0xb06836c0)
06-05 23:01:12.334 D/EGL_emulation( 1712): eglMakeCurrent: 0xb0685360: ver 2 0 (tinfo 0xb06836c0)
06-05 23:01:12.350 D/EGL_emulation( 1712): eglMakeCurrent: 0xb0685360: ver 2 0 (tinfo 0xb06836c0)
06-05 23:01:12.352 D/EGL_emulation( 1712): eglMakeCurrent: 0xb0685360: ver 2 0 (tinfo 0xb06836c0)
06-05 23:01:12.367 D/EGL_emulation( 1712): eglMakeCurrent: 0xb0685360: ver 2 0 (tinfo 0xb06836c0)
06-05 23:01:12.371 D/EGL_emulation( 1712): eglMakeCurrent: 0xb0685360: ver 2 0 (tinfo 0xb06836c0)
06-05 23:01:12.381 D/AndroidRuntime(13816): >>>>>> START com.android.internal.os.RuntimeInit uid 2000 <<<<<<
06-05 23:01:12.382 D/AndroidRuntime(13816): CheckJNI is ON
06-05 23:01:12.383 D/EGL_emulation( 1712): eglMakeCurrent: 0xb0685360: ver 2 0 (tinfo 0xb06836c0)
06-05 23:01:12.385 D/EGL_emulation( 1712): eglMakeCurrent: 0xb0685360: ver 2 0 (tinfo 0xb06836c0)
06-05 23:01:12.392 W/art     (13816): Unexpected CPU variant for X86 using defaults: x86
06-05 23:01:12.394 D/ICU     (13816): No timezone override file found: /data/misc/zoneinfo/current/icu/icu_tzdata.dat
06-05 23:01:12.400 D/EGL_emulation( 1712): eglMakeCurrent: 0xb0685360: ver 2 0 (tinfo 0xb06836c0)
06-05 23:01:12.401 E/memtrack(13816): Couldn't load memtrack module (No such file or directory)
06-05 23:01:12.401 E/android.os.Debug(13816): failed to load memtrack module: -2
06-05 23:01:12.402 I/Radio-JNI(13816): register_android_hardware_Radio DONE
06-05 23:01:12.402 D/EGL_emulation( 1712): eglMakeCurrent: 0xb0685360: ver 2 0 (tinfo 0xb06836c0)
06-05 23:01:12.405 D/AndroidRuntime(13816): Calling main entry com.android.commands.am.Am
06-05 23:01:12.406 I/ActivityManager( 1631): Force stopping com.evancharlton.mileage appid=10326 user=0: start instr
06-05 23:01:12.407 I/ActivityManager( 1631): Killing 13768:com.evancharlton.mileage/u0a326 (adj 0): stop com.evancharlton.mileage
06-05 23:01:12.407 D/ActivityManager( 1631): cleanUpApplicationRecord -- 13768
06-05 23:01:12.407 W/ActivityManager( 1631): Crash of app com.evancharlton.mileage running instrumentation ComponentInfo{com.evancharlton.mileage.test/sh.calaba.instrumentationbackend.CalabashInstrumentationTestRunner}
06-05 23:01:12.407 I/ActivityManager( 1631): Force stopping com.evancharlton.mileage appid=10326 user=0: finished inst
06-05 23:01:12.409 W/InputDispatcher( 1631): channel 'ef92f7c Toast (server)' ~ Consumer closed input channel or an error occurred.  events=0x9
06-05 23:01:12.409 E/InputDispatcher( 1631): channel 'ef92f7c Toast (server)' ~ Channel is unrecoverably broken and will be disposed!
06-05 23:01:12.409 W/InputDispatcher( 1631): channel '6418d20 com.evancharlton.mileage/com.evancharlton.mileage.Mileage (server)' ~ Consumer closed input channel or an error occurred.  events=0x9
06-05 23:01:12.409 E/InputDispatcher( 1631): channel '6418d20 com.evancharlton.mileage/com.evancharlton.mileage.Mileage (server)' ~ Channel is unrecoverably broken and will be disposed!
06-05 23:01:12.409 I/WindowManager( 1631): WIN DEATH: Window{ef92f7c u0 Toast}
06-05 23:01:12.409 W/InputDispatcher( 1631): Attempted to unregister already unregistered input channel 'ef92f7c Toast (server)'
06-05 23:01:12.410 I/WindowManager( 1631): WIN DEATH: Window{6418d20 u0 com.evancharlton.mileage/com.evancharlton.mileage.Mileage EXITING}
06-05 23:01:12.410 W/InputDispatcher( 1631): Attempted to unregister already unregistered input channel '6418d20 com.evancharlton.mileage/com.evancharlton.mileage.Mileage (server)'
06-05 23:01:12.410 I/art     (13827): Not late-enabling -Xcheck:jni (already on)
06-05 23:01:12.411 W/art     (13827): Unexpected CPU variant for X86 using defaults: x86
06-05 23:01:12.418 I/ActivityManager( 1631): Start proc 13827:com.evancharlton.mileage/u0a326 for added application com.evancharlton.mileage
06-05 23:01:12.418 D/AndroidRuntime(13816): Shutting down VM
06-05 23:01:12.420 D/EGL_emulation( 1712): eglMakeCurrent: 0xb0685360: ver 2 0 (tinfo 0xb06836c0)
06-05 23:01:12.422 W/System  (13827): ClassLoader referenced unknown path: /data/app/com.evancharlton.mileage.test-1/lib/x86
06-05 23:01:12.422 W/System  (13827): ClassLoader referenced unknown path: /data/app/com.evancharlton.mileage-1/lib/x86
06-05 23:01:12.424 D/EGL_emulation( 1712): eglMakeCurrent: 0xb0685360: ver 2 0 (tinfo 0xb06836c0)
06-05 23:01:12.425 W/System  (13827): ClassLoader referenced unknown path: 
06-05 23:01:12.428 I/System.out(13827): Main activity name automatically set to: com.evancharlton.mileage.Mileage
06-05 23:01:12.428 I/System.out(13827): Calabash did not load Mono. This is only a problem if you are trying to test a Mono application
06-05 23:01:12.428 I/calabash(13827): Test server port: 7102
06-05 23:01:12.429 I/InstrumentationBackend(13827): Added:'GetPreferences', with key:'get_preferences'
06-05 23:01:12.433 I/InstrumentationBackend(13827): Added:'SetPreferences', with key:'set_preferences'
06-05 23:01:12.433 I/InstrumentationBackend(13827): Added:'ClearPreferences', with key:'clear_preferences'
06-05 23:01:12.433 I/InstrumentationBackend(13827): Added:'PressElement', with key:'press_l10n_element'
06-05 23:01:12.433 I/InstrumentationBackend(13827): Added:'WaitForElement', with key:'wait_for_l10n_element'
06-05 23:01:12.433 I/InstrumentationBackend(13827): Added:'NullAction', with key:'nullAction'
06-05 23:01:12.433 I/InstrumentationBackend(13827): Added:'PressKey', with key:'press_key'
06-05 23:01:12.433 I/InstrumentationBackend(13827): Added:'SetActivityOrientation', with key:'set_activity_orientation'
06-05 23:01:12.433 I/InstrumentationBackend(13827): Added:'GetActivityOrientation', with key:'get_activity_orientation'
06-05 23:01:12.433 I/InstrumentationBackend(13827): Added:'FakeGPSLocation', with key:'set_gps_coordinates'
06-05 23:01:12.433 I/InstrumentationBackend(13827): Added:'SetPropertyByCssSelector', with key:'set_property_by_css_selector'
06-05 23:01:12.433 I/InstrumentationBackend(13827): Added:'GetUrl', with key:'get_url'
06-05 23:01:12.434 D/EGL_emulation( 1712): eglMakeCurrent: 0xb0685360: ver 2 0 (tinfo 0xb06836c0)
06-05 23:01:12.434 I/InstrumentationBackend(13827): Added:'ScrollTo', with key:'scroll_to'
06-05 23:01:12.434 I/InstrumentationBackend(13827): Added:'GetLoadProgress', with key:'get_load_progress'
06-05 23:01:12.434 I/InstrumentationBackend(13827): Added:'DumpHtml', with key:'dump_html'
06-05 23:01:12.434 I/InstrumentationBackend(13827): Added:'DumpBodyHtml', with key:'dump_body_html'
06-05 23:01:12.434 I/InstrumentationBackend(13827): Added:'EnterTextByCssSelector', with key:'enter_text_by_selector'
06-05 23:01:12.434 I/InstrumentationBackend(13827): Added:'AndroidSDKVersion', with key:'android_sdk_version'
06-05 23:01:12.434 I/InstrumentationBackend(13827): Added:'Version', with key:'version'
06-05 23:01:12.434 I/InstrumentationBackend(13827): Added:'Drag', with key:'drag'
06-05 23:01:12.434 I/InstrumentationBackend(13827): Added:'TouchCoordinates', with key:'touch_coordinate'
06-05 23:01:12.434 I/InstrumentationBackend(13827): Added:'LongPressCoordinate', with key:'long_press_coordinate'
06-05 23:01:12.434 I/InstrumentationBackend(13827): Added:'DragCoordinates', with key:'drag_coordinates'
06-05 23:01:12.434 I/InstrumentationBackend(13827): Added:'ResumeApplication', with key:'resume_application'
06-05 23:01:12.434 I/InstrumentationBackend(13827): Added:'Swipe', with key:'swipe'
06-05 23:01:12.434 I/InstrumentationBackend(13827): Added:'DoubleTapCoordinate', with key:'double_tap_coordinate'
06-05 23:01:12.435 I/InstrumentationBackend(13827): Added:'ClickOnScreen', with key:'click_on_screen'
06-05 23:01:12.435 I/InstrumentationBackend(13827): Added:'GetActivityName', with key:'get_activity_name'
06-05 23:01:12.435 I/InstrumentationBackend(13827): Added:'ScrollToView', with key:'scroll_to_view'
06-05 23:01:12.435 I/InstrumentationBackend(13827): Added:'ViewConfiguration', with key:'view_configuration'
06-05 23:01:12.435 I/InstrumentationBackend(13827): Added:'IsCurrentActivityFocused', with key:'is_current_activity_focused'
06-05 23:01:12.435 I/InstrumentationBackend(13827): Added:'SendTcp', with key:'send_tcp'
06-05 23:01:12.435 I/InstrumentationBackend(13827): Added:'DpToDevicePixel', with key:'dp_to_device_pixel'
06-05 23:01:12.435 I/InstrumentationBackend(13827): Added:'KeyboardEnterText', with key:'keyboard_enter_text'
06-05 23:01:12.435 I/InstrumentationBackend(13827): Added:'DeleteSurroundingText', with key:'delete_surrounding_text'
06-05 23:01:12.435 I/InstrumentationBackend(13827): Added:'SetComposingRegion', with key:'set_composing_region'
06-05 23:01:12.435 I/InstrumentationBackend(13827): Added:'SetSelection', with key:'set_selection'
06-05 23:01:12.435 I/InstrumentationBackend(13827): Added:'KeyboardKeyEvent', with key:'keyboard_key_event'
06-05 23:01:12.435 I/InstrumentationBackend(13827): Added:'PressUserActionButton', with key:'press_user_action_button'
06-05 23:01:12.435 I/InstrumentationBackend(13827): Added:'HideSoftKeyboard', with key:'hide_soft_keyboard'
06-05 23:01:12.435 I/InstrumentationBackend(13827): Added:'ListActions', with key:'list_actions'
06-05 23:01:12.435 D/EGL_emulation( 1712): eglMakeCurrent: 0xb0685360: ver 2 0 (tinfo 0xb06836c0)
06-05 23:01:12.436 I/calabash(13827): Instantiating http server at 7102
06-05 23:01:12.436 I/System.out(13827): HTTP Daemon listening on: 7102
06-05 23:01:12.450 D/EGL_emulation( 1712): eglMakeCurrent: 0xb0685360: ver 2 0 (tinfo 0xb06836c0)
06-05 23:01:12.452 D/EGL_emulation( 1712): eglMakeCurrent: 0xb0685360: ver 2 0 (tinfo 0xb06836c0)
06-05 23:01:12.467 D/EGL_emulation( 1712): eglMakeCurrent: 0xb0685360: ver 2 0 (tinfo 0xb06836c0)
06-05 23:01:12.469 D/EGL_emulation( 1712): eglMakeCurrent: 0xb0685360: ver 2 0 (tinfo 0xb06836c0)
06-05 23:01:12.485 D/EGL_emulation( 1712): eglMakeCurrent: 0xb0685360: ver 2 0 (tinfo 0xb06836c0)
06-05 23:01:12.492 D/EGL_emulation( 1712): eglMakeCurrent: 0xb0685360: ver 2 0 (tinfo 0xb06836c0)
06-05 23:01:12.504 D/EGL_emulation( 1712): eglMakeCurrent: 0xb0685360: ver 2 0 (tinfo 0xb06836c0)
06-05 23:01:12.510 D/EGL_emulation( 1712): eglMakeCurrent: 0xb0685360: ver 2 0 (tinfo 0xb06836c0)
06-05 23:01:12.521 D/EGL_emulation( 1712): eglMakeCurrent: 0xb0685360: ver 2 0 (tinfo 0xb06836c0)
06-05 23:01:12.530 I/System.out(13827): URI: //ping
06-05 23:01:12.530 I/System.out(13827): params: {json={}
06-05 23:01:12.530 I/System.out(13827): }
06-05 23:01:12.538 D/EGL_emulation( 1712): eglMakeCurrent: 0xb0685360: ver 2 0 (tinfo 0xb06836c0)
06-05 23:01:12.538 I/System.out(13827): URI: //ping
06-05 23:01:12.538 I/System.out(13827): params: {json={}
06-05 23:01:12.538 I/System.out(13827): }
06-05 23:01:12.542 D/EGL_emulation( 1712): eglMakeCurrent: 0xb0685360: ver 2 0 (tinfo 0xb06836c0)
06-05 23:01:12.544 I/System.out(13827): URI: //ready
06-05 23:01:12.544 I/System.out(13827): params: {json={}
06-05 23:01:12.544 I/System.out(13827): }
06-05 23:01:12.551 I/System.out(13827): URI: //
06-05 23:01:12.551 I/System.out(13827): params: {json={"command":"version","arguments":[]}
06-05 23:01:12.551 I/System.out(13827): }
06-05 23:01:12.551 I/System.out(13827): header: {content-type=application/json;charset=utf-8, date=Sat, 06 Jun 2020 04:01:12 GMT, accept=*/*, host=127.0.0.1:34777, content-length=36, user-agent=HTTPClient/1.0 (2.8.3, ruby 2.5.1 (2018-03-29))}
06-05 23:01:12.551 I/System.out(13827): params: {json={"command":"version","arguments":[]}
06-05 23:01:12.551 I/System.out(13827): }
06-05 23:01:12.551 I/System.out(13827): ProP json = {"command":"version","arguments":[]}
06-05 23:01:12.551 I/System.out(13827): files: {}
06-05 23:01:12.551 I/System.out(13827): command: {"command":"version","arguments":[]}
06-05 23:01:12.558 I/InstrumentationBackend(13827): Got command:'Command:'Line:null,version', arguments:'[]'
06-05 23:01:12.569 I/System.out(13827): result:{"bonusInformation":[],"message":"0.9.8","success":true}
06-05 23:01:12.572 I/System.out(13827): URI: //start-application
06-05 23:01:12.572 I/System.out(13827): params: {json={"intent":null}
06-05 23:01:12.572 I/System.out(13827): }
06-05 23:01:12.581 I/ActivityManager( 1631): START u0 {act=android.intent.action.MAIN cat=[android.intent.category.LAUNCHER] flg=0x10200000 cmp=com.evancharlton.mileage/.Mileage} from uid 10326 on display 0
06-05 23:01:12.586 I/calabash(13827): newActivity1
06-05 23:01:12.594 I/calabash(13827): newActivity1
06-05 23:01:12.595 W/ActivityManager( 1631): Bad activity token: android.os.BinderProxy@bb95557
06-05 23:01:12.595 W/ActivityManager( 1631): java.lang.ClassCastException: android.os.BinderProxy cannot be cast to com.android.server.am.ActivityRecord$Token
06-05 23:01:12.595 W/ActivityManager( 1631): 	at com.android.server.am.ActivityRecord.forTokenLocked(ActivityRecord.java:586)
06-05 23:01:12.595 W/ActivityManager( 1631): 	at com.android.server.am.ActivityRecord.isInStackLocked(ActivityRecord.java:1327)
06-05 23:01:12.595 W/ActivityManager( 1631): 	at com.android.server.am.ActivityRecord.getStackLocked(ActivityRecord.java:1332)
06-05 23:01:12.595 W/ActivityManager( 1631): 	at com.android.server.am.ActivityManagerService.getActivityDisplayId(ActivityManagerService.java:9806)
06-05 23:01:12.595 W/ActivityManager( 1631): 	at android.app.ActivityManagerNative.onTransact(ActivityManagerNative.java:2566)
06-05 23:01:12.595 W/ActivityManager( 1631): 	at com.android.server.am.ActivityManagerService.onTransact(ActivityManagerService.java:2757)
06-05 23:01:12.595 W/ActivityManager( 1631): 	at android.os.Binder.execTransact(Binder.java:565)
06-05 23:01:12.596 W/ActivityManager( 1631): Bad activity token: android.os.BinderProxy@bb95557
06-05 23:01:12.596 W/ActivityManager( 1631): java.lang.ClassCastException: android.os.BinderProxy cannot be cast to com.android.server.am.ActivityRecord$Token
06-05 23:01:12.596 W/ActivityManager( 1631): 	at com.android.server.am.ActivityRecord.forTokenLocked(ActivityRecord.java:586)
06-05 23:01:12.596 W/ActivityManager( 1631): 	at com.android.server.am.ActivityRecord.isInStackLocked(ActivityRecord.java:1327)
06-05 23:01:12.596 W/ActivityManager( 1631): 	at com.android.server.am.ActivityManagerService.setTaskDescription(ActivityManagerService.java:9358)
06-05 23:01:12.596 W/ActivityManager( 1631): 	at android.app.ActivityManagerNative.onTransact(ActivityManagerNative.java:2639)
06-05 23:01:12.596 W/ActivityManager( 1631): 	at com.android.server.am.ActivityManagerService.onTransact(ActivityManagerService.java:2757)
06-05 23:01:12.596 W/ActivityManager( 1631): 	at android.os.Binder.execTransact(Binder.java:565)
06-05 23:01:12.597 W/ActivityManager( 1631): Bad activity token: android.os.BinderProxy@bb95557
06-05 23:01:12.597 W/ActivityManager( 1631): java.lang.ClassCastException: android.os.BinderProxy cannot be cast to com.android.server.am.ActivityRecord$Token
06-05 23:01:12.597 W/ActivityManager( 1631): 	at com.android.server.am.ActivityRecord.forTokenLocked(ActivityRecord.java:586)
06-05 23:01:12.597 W/ActivityManager( 1631): 	at com.android.server.am.ActivityRecord.isInStackLocked(ActivityRecord.java:1327)
06-05 23:01:12.597 W/ActivityManager( 1631): 	at com.android.server.am.ActivityRecord.getStackLocked(ActivityRecord.java:1332)
06-05 23:01:12.597 W/ActivityManager( 1631): 	at com.android.server.am.ActivityManagerService.getActivityStackId(ActivityManagerService.java:9817)
06-05 23:01:12.597 W/ActivityManager( 1631): 	at android.app.ActivityManagerNative.onTransact(ActivityManagerNative.java:2856)
06-05 23:01:12.597 W/ActivityManager( 1631): 	at com.android.server.am.ActivityManagerService.onTransact(ActivityManagerService.java:2757)
06-05 23:01:12.597 W/ActivityManager( 1631): 	at android.os.Binder.execTransact(Binder.java:565)
06-05 23:01:12.600 D/gralloc_ranchu( 1347): gralloc_alloc: Creating ashmem region of size 9023488
06-05 23:01:12.611 W/ActivityManager( 1631): Bad activity token: android.os.BinderProxy@bb95557
06-05 23:01:12.611 W/ActivityManager( 1631): java.lang.ClassCastException: android.os.BinderProxy cannot be cast to com.android.server.am.ActivityRecord$Token
06-05 23:01:12.611 W/ActivityManager( 1631): 	at com.android.server.am.ActivityRecord.forTokenLocked(ActivityRecord.java:586)
06-05 23:01:12.611 W/ActivityManager( 1631): 	at com.android.server.am.ActivityRecord.isInStackLocked(ActivityRecord.java:1327)
06-05 23:01:12.611 W/ActivityManager( 1631): 	at com.android.server.am.ActivityManagerService.getActivityOptions(ActivityManagerService.java:12559)
06-05 23:01:12.611 W/ActivityManager( 1631): 	at android.app.ActivityManagerNative.onTransact(ActivityManagerNative.java:1933)
06-05 23:01:12.611 W/ActivityManager( 1631): 	at com.android.server.am.ActivityManagerService.onTransact(ActivityManagerService.java:2757)
06-05 23:01:12.611 W/ActivityManager( 1631): 	at android.os.Binder.execTransact(Binder.java:565)
06-05 23:01:12.612 W/ActivityManager( 1631): Bad activity token: android.os.BinderProxy@bb95557
06-05 23:01:12.612 W/ActivityManager( 1631): java.lang.ClassCastException: android.os.BinderProxy cannot be cast to com.android.server.am.ActivityRecord$Token
06-05 23:01:12.612 W/ActivityManager( 1631): 	at com.android.server.am.ActivityRecord.forTokenLocked(ActivityRecord.java:586)
06-05 23:01:12.612 W/ActivityManager( 1631): 	at com.android.server.am.ActivityRecord.isInStackLocked(ActivityRecord.java:1327)
06-05 23:01:12.612 W/ActivityManager( 1631): 	at com.android.server.am.ActivityManagerService.getActivityOptions(ActivityManagerService.java:12559)
06-05 23:01:12.612 W/ActivityManager( 1631): 	at android.app.ActivityManagerNative.onTransact(ActivityManagerNative.java:1933)
06-05 23:01:12.612 W/ActivityManager( 1631): 	at com.android.server.am.ActivityManagerService.onTransact(ActivityManagerService.java:2757)
06-05 23:01:12.612 W/ActivityManager( 1631): 	at android.os.Binder.execTransact(Binder.java:565)
06-05 23:01:12.623 V/PhoneStatusBar( 1712): setLightsOn(true)
06-05 23:01:12.634 D/EGL_emulation( 2076): eglMakeCurrent: 0xb0685360: ver 2 0 (tinfo 0xb06836b0)
06-05 23:01:12.636 D/EGL_emulation( 1712): eglMakeCurrent: 0xb0685360: ver 2 0 (tinfo 0xb06836c0)
06-05 23:01:12.650 D/gralloc_ranchu( 1347): gralloc_alloc: Creating ashmem region of size 9023488
06-05 23:01:12.653 D/EGL_emulation( 1712): eglMakeCurrent: 0xb0685360: ver 2 0 (tinfo 0xb06836c0)
06-05 23:01:12.654 D/        (13827): HostConnection::get() New Host Connection established 0x9421f100, tid 13827
06-05 23:01:12.684 D/EGL_emulation( 1712): eglMakeCurrent: 0xb0685360: ver 2 0 (tinfo 0xb06836c0)
06-05 23:01:12.685 V/PhoneStatusBar( 1712): setLightsOn(true)
06-05 23:01:12.687 D/EGL_emulation( 1712): eglMakeCurrent: 0xb0685360: ver 2 0 (tinfo 0xb06836c0)
06-05 23:01:12.689 D/EGL_emulation( 1712): eglMakeCurrent: 0xb0685360: ver 2 0 (tinfo 0xb06836c0)
06-05 23:01:12.701 D/EGL_emulation( 1712): eglMakeCurrent: 0xb0685360: ver 2 0 (tinfo 0xb06836c0)
06-05 23:01:12.702 D/EGL_emulation( 1712): eglMakeCurrent: 0xb0685360: ver 2 0 (tinfo 0xb06836c0)
06-05 23:01:12.720 D/EGL_emulation( 1712): eglMakeCurrent: 0xb0685360: ver 2 0 (tinfo 0xb06836c0)
06-05 23:01:12.728 D/EGL_emulation( 1712): eglMakeCurrent: 0xb0685360: ver 2 0 (tinfo 0xb06836c0)
06-05 23:01:12.737 D/EGL_emulation( 1712): eglMakeCurrent: 0xb0685360: ver 2 0 (tinfo 0xb06836c0)
06-05 23:01:12.740 I/WindowManager( 1631): Destroying surface Surface(name=com.evancharlton.mileage/com.evancharlton.mileage.Mileage) called by com.android.server.wm.WindowStateAnimator.destroySurface:2016 com.android.server.wm.WindowStateAnimator.destroySurfaceLocked:882 com.android.server.wm.WindowState.removeLocked:1456 com.android.server.wm.WindowManagerService.removeWindowInnerLocked:2484 com.android.server.wm.AppWindowToken.destroySurfaces:365 com.android.server.wm.WindowStateAnimator.finishExit:565 com.android.server.wm.AppWindowAnimator.stepAnimationLocked:427 com.android.server.wm.WindowAnimator.updateAppWindowsLocked:196 
06-05 23:01:12.744 D/EGL_emulation( 1712): eglMakeCurrent: 0xb0685360: ver 2 0 (tinfo 0xb06836c0)
06-05 23:01:12.752 I/ActivityManager( 1631): Displayed com.evancharlton.mileage/.Mileage: +169ms
06-05 23:01:12.753 D/gralloc_ranchu( 1347): gralloc_alloc: Creating ashmem region of size 9023488
06-05 23:01:12.783 D/EGL_emulation( 1712): eglMakeCurrent: 0xb0685360: ver 2 0 (tinfo 0xb06836c0)
06-05 23:01:12.804 D/EGL_emulation( 1712): eglMakeCurrent: 0xb0685360: ver 2 0 (tinfo 0xb06836c0)
06-05 23:01:12.806 V/PhoneStatusBar( 1712): setLightsOn(true)
06-05 23:01:12.827 D/EGL_emulation( 1712): eglMakeCurrent: 0xb0685360: ver 2 0 (tinfo 0xb06836c0)
06-05 23:01:12.835 D/EGL_emulation( 1712): eglMakeCurrent: 0xb0685360: ver 2 0 (tinfo 0xb06836c0)
06-05 23:01:12.837 D/EGL_emulation( 1712): eglMakeCurrent: 0xb0685360: ver 2 0 (tinfo 0xb06836c0)
06-05 23:01:12.838 V/PhoneStatusBar( 1712): setLightsOn(true)
06-05 23:01:12.856 I/System.out(13827): URI: //map
06-05 23:01:12.856 I/System.out(13827): params: {json={"query":"* marked:'Statistics'","operation":{"method_name":"query","arguments":[]}}
06-05 23:01:12.856 I/System.out(13827): }
06-05 23:01:12.870 W/ResourceType(13827): No package identifier when getting name for resource number 0x00000001
06-05 23:01:12.882 I/System.out(13827): URI: //gesture
06-05 23:01:12.882 I/System.out(13827): params: {json={"query_timeout":5.0,"gestures":[{"query_string":"* marked:'Statistics'","touches":[{"x":50,"y":50,"offset_x":0,"offset_y":0,"wait":0.0,"time":0.2,"release":true,"query_string":null}]}]}
06-05 23:01:12.882 I/System.out(13827): }
06-05 23:01:12.887 W/ResourceType(13827): No package identifier when getting name for resource number 0x00000001
06-05 23:01:12.950 V/PhoneStatusBar( 1712): setLightsOn(true)
06-05 23:01:12.950 I/WindowManager( 1631): Destroying surface Surface(name=Toast) called by com.android.server.wm.WindowStateAnimator.destroySurface:2016 com.android.server.wm.WindowStateAnimator.destroySurfaceLocked:882 com.android.server.wm.WindowState.destroyOrSaveSurface:2100 com.android.server.wm.WindowSurfacePlacer.performSurfacePlacementInner:429 com.android.server.wm.WindowSurfacePlacer.performSurfacePlacementLoop:232 com.android.server.wm.WindowSurfacePlacer.performSurfacePlacement:180 com.android.server.wm.WindowManagerService$H.handleMessage:8086 android.os.Handler.dispatchMessage:102 
06-05 23:01:12.951 V/PhoneStatusBar( 1712): setLightsOn(true)
06-05 23:01:13.000 I/WindowManager( 1631): Destroying surface Surface(name=Starting com.evancharlton.mileage) called by com.android.server.wm.WindowStateAnimator.destroySurface:2016 com.android.server.wm.WindowStateAnimator.destroySurfaceLocked:882 com.android.server.wm.WindowState.destroyOrSaveSurface:2100 com.android.server.wm.AppWindowToken.destroySurfaces:363 com.android.server.wm.WindowStateAnimator.finishExit:565 com.android.server.wm.WindowStateAnimator.stepAnimationLocked:491 com.android.server.wm.WindowAnimator.updateWindowsLocked:303 com.android.server.wm.WindowAnimator.animateLocked:704 
06-05 23:01:13.001 V/PhoneStatusBar( 1712): setLightsOn(true)
06-05 23:01:13.033 V/PhoneStatusBar( 1712): setLightsOn(true)
06-05 23:01:13.102 V/PhoneStatusBar( 1712): setLightsOn(true)
06-05 23:01:13.124 I/calabash(13827): newActivity1
06-05 23:01:13.153 I/System.out(13827): URI: //map
06-05 23:01:13.153 I/System.out(13827): params: {json={"query":"android.widget.ScrollView index:0","operation":{"method_name":"query","arguments":[]}}
06-05 23:01:13.153 I/System.out(13827): }
06-05 23:01:13.159 W/ActivityManager( 1631): Bad activity token: android.os.BinderProxy@cadb499
06-05 23:01:13.159 W/ActivityManager( 1631): java.lang.ClassCastException: android.os.BinderProxy cannot be cast to com.android.server.am.ActivityRecord$Token
06-05 23:01:13.159 W/ActivityManager( 1631): 	at com.android.server.am.ActivityRecord.forTokenLocked(ActivityRecord.java:586)
06-05 23:01:13.159 W/ActivityManager( 1631): 	at com.android.server.am.ActivityRecord.isInStackLocked(ActivityRecord.java:1327)
06-05 23:01:13.159 W/ActivityManager( 1631): 	at com.android.server.am.ActivityRecord.getStackLocked(ActivityRecord.java:1332)
06-05 23:01:13.159 W/ActivityManager( 1631): 	at com.android.server.am.ActivityManagerService.getActivityDisplayId(ActivityManagerService.java:9806)
06-05 23:01:13.159 W/ActivityManager( 1631): 	at android.app.ActivityManagerNative.onTransact(ActivityManagerNative.java:2566)
06-05 23:01:13.159 W/ActivityManager( 1631): 	at com.android.server.am.ActivityManagerService.onTransact(ActivityManagerService.java:2757)
06-05 23:01:13.159 W/ActivityManager( 1631): 	at android.os.Binder.execTransact(Binder.java:565)
06-05 23:01:13.161 W/ActivityManager( 1631): Bad activity token: android.os.BinderProxy@cadb499
06-05 23:01:13.161 W/ActivityManager( 1631): java.lang.ClassCastException: android.os.BinderProxy cannot be cast to com.android.server.am.ActivityRecord$Token
06-05 23:01:13.161 W/ActivityManager( 1631): 	at com.android.server.am.ActivityRecord.forTokenLocked(ActivityRecord.java:586)
06-05 23:01:13.161 W/ActivityManager( 1631): 	at com.android.server.am.ActivityRecord.isInStackLocked(ActivityRecord.java:1327)
06-05 23:01:13.161 W/ActivityManager( 1631): 	at com.android.server.am.ActivityManagerService.setTaskDescription(ActivityManagerService.java:9358)
06-05 23:01:13.161 W/ActivityManager( 1631): 	at android.app.ActivityManagerNative.onTransact(ActivityManagerNative.java:2639)
06-05 23:01:13.161 W/ActivityManager( 1631): 	at com.android.server.am.ActivityManagerService.onTransact(ActivityManagerService.java:2757)
06-05 23:01:13.161 W/ActivityManager( 1631): 	at android.os.Binder.execTransact(Binder.java:565)
06-05 23:01:13.161 W/ActivityManager( 1631): Bad activity token: android.os.BinderProxy@cadb499
06-05 23:01:13.161 W/ActivityManager( 1631): java.lang.ClassCastException: android.os.BinderProxy cannot be cast to com.android.server.am.ActivityRecord$Token
06-05 23:01:13.161 W/ActivityManager( 1631): 	at com.android.server.am.ActivityRecord.forTokenLocked(ActivityRecord.java:586)
06-05 23:01:13.161 W/ActivityManager( 1631): 	at com.android.server.am.ActivityRecord.isInStackLocked(ActivityRecord.java:1327)
06-05 23:01:13.161 W/ActivityManager( 1631): 	at com.android.server.am.ActivityRecord.getStackLocked(ActivityRecord.java:1332)
06-05 23:01:13.161 W/ActivityManager( 1631): 	at com.android.server.am.ActivityManagerService.getActivityStackId(ActivityManagerService.java:9817)
06-05 23:01:13.161 W/ActivityManager( 1631): 	at android.app.ActivityManagerNative.onTransact(ActivityManagerNative.java:2856)
06-05 23:01:13.161 W/ActivityManager( 1631): 	at com.android.server.am.ActivityManagerService.onTransact(ActivityManagerService.java:2757)
06-05 23:01:13.161 W/ActivityManager( 1631): 	at android.os.Binder.execTransact(Binder.java:565)
06-05 23:01:13.168 D/VehicleStatisticsActivity(13827): Checking recalculation ...
06-05 23:01:13.169 D/VehicleStatisticsActivity(13827): Recalculation not necessary.
06-05 23:01:13.183 W/ActivityManager( 1631): Bad activity token: android.os.BinderProxy@cadb499
06-05 23:01:13.183 W/ActivityManager( 1631): java.lang.ClassCastException: android.os.BinderProxy cannot be cast to com.android.server.am.ActivityRecord$Token
06-05 23:01:13.183 W/ActivityManager( 1631): 	at com.android.server.am.ActivityRecord.forTokenLocked(ActivityRecord.java:586)
06-05 23:01:13.183 W/ActivityManager( 1631): 	at com.android.server.am.ActivityRecord.isInStackLocked(ActivityRecord.java:1327)
06-05 23:01:13.183 W/ActivityManager( 1631): 	at com.android.server.am.ActivityManagerService.getActivityOptions(ActivityManagerService.java:12559)
06-05 23:01:13.183 W/ActivityManager( 1631): 	at android.app.ActivityManagerNative.onTransact(ActivityManagerNative.java:1933)
06-05 23:01:13.183 W/ActivityManager( 1631): 	at com.android.server.am.ActivityManagerService.onTransact(ActivityManagerService.java:2757)
06-05 23:01:13.183 W/ActivityManager( 1631): 	at android.os.Binder.execTransact(Binder.java:565)
06-05 23:01:13.184 W/ActivityManager( 1631): Bad activity token: android.os.BinderProxy@cadb499
06-05 23:01:13.184 W/ActivityManager( 1631): java.lang.ClassCastException: android.os.BinderProxy cannot be cast to com.android.server.am.ActivityRecord$Token
06-05 23:01:13.184 W/ActivityManager( 1631): 	at com.android.server.am.ActivityRecord.forTokenLocked(ActivityRecord.java:586)
06-05 23:01:13.184 W/ActivityManager( 1631): 	at com.android.server.am.ActivityRecord.isInStackLocked(ActivityRecord.java:1327)
06-05 23:01:13.184 W/ActivityManager( 1631): 	at com.android.server.am.ActivityManagerService.getActivityOptions(ActivityManagerService.java:12559)
06-05 23:01:13.184 W/ActivityManager( 1631): 	at android.app.ActivityManagerNative.onTransact(ActivityManagerNative.java:1933)
06-05 23:01:13.184 W/ActivityManager( 1631): 	at com.android.server.am.ActivityManagerService.onTransact(ActivityManagerService.java:2757)
06-05 23:01:13.184 W/ActivityManager( 1631): 	at android.os.Binder.execTransact(Binder.java:565)
06-05 23:01:13.185 D/VehicleStatisticsActivity(13827): Checking recalculation ...
06-05 23:01:13.186 D/VehicleStatisticsActivity(13827): Recalculation not necessary.
06-05 23:01:13.267 I/System.out(13827): URI: //map
06-05 23:01:13.267 I/System.out(13827): params: {json={"query":"android.widget.AbsListView index:0","operation":{"method_name":"query","arguments":[]}}
06-05 23:01:13.267 I/System.out(13827): }
06-05 23:01:13.272 I/art     (13827): Do partial code cache collection, code=30KB, data=29KB
06-05 23:01:13.272 I/art     (13827): After code cache collection, code=29KB, data=28KB
06-05 23:01:13.272 I/art     (13827): Increasing code cache capacity to 128KB
06-05 23:01:13.283 I/System.out(13827): URI: //map
06-05 23:01:13.283 I/System.out(13827): params: {json={"query":"android.widget.AbsListView index:0","operation":{"method_name":"query","arguments":[]}}
06-05 23:01:13.283 I/System.out(13827): }
06-05 23:01:13.297 I/System.out(13827): URI: //map
06-05 23:01:13.297 I/System.out(13827): params: {json={"query":"android.widget.AbsListView index:0","operation":{"method_name":"query","arguments":[]}}
06-05 23:01:13.297 I/System.out(13827): }
06-05 23:01:13.312 I/System.out(13827): URI: //map
06-05 23:01:13.312 I/System.out(13827): params: {json={"query":"android.widget.AbsListView index:0","operation":{"method_name":"query","arguments":["getFirstVisiblePosition"]}}
06-05 23:01:13.312 I/System.out(13827): }
06-05 23:01:13.325 I/System.out(13827): URI: //map
06-05 23:01:13.325 I/System.out(13827): params: {json={"query":"android.widget.AbsListView index:0","operation":{"method_name":"query","arguments":["getLastVisiblePosition"]}}
06-05 23:01:13.325 I/System.out(13827): }
06-05 23:01:13.338 I/System.out(13827): URI: //map
06-05 23:01:13.338 I/System.out(13827): params: {json={"query":"android.widget.AbsListView index:0","operation":{"method_name":"query","arguments":[{"method_name":"setSelection","arguments":[26]}]}}
06-05 23:01:13.338 I/System.out(13827): }
06-05 23:01:13.358 I/System.out(13827): URI: //map
06-05 23:01:13.358 I/System.out(13827): params: {json={"query":"* marked:'North'","operation":{"method_name":"query","arguments":[]}}
06-05 23:01:13.358 I/System.out(13827): }
06-05 23:01:13.383 V/PhoneStatusBar( 1712): setLightsOn(true)
06-05 23:01:13.384 V/PhoneStatusBar( 1712): setLightsOn(true)
06-05 23:01:13.385 W/OpenGLRenderer( 2076): Incorrectly called buildLayer on View: ShortcutAndWidgetContainer, destroying layer...
06-05 23:01:13.400 I/WindowManager( 1631): Destroying surface Surface(name=com.android.launcher3/com.android.launcher3.Launcher) called by com.android.server.wm.WindowStateAnimator.destroySurface:2016 com.android.server.wm.WindowStateAnimator.destroySurfaceLocked:882 com.android.server.wm.WindowState.destroyOrSaveSurface:2100 com.android.server.wm.AppWindowToken.destroySurfaces:363 com.android.server.wm.AppWindowToken.notifyAppStopped:389 com.android.server.wm.WindowManagerService.notifyAppStopped:4463 com.android.server.am.ActivityStack.activityStoppedLocked:1252 com.android.server.am.ActivityManagerService.activityStopped:6903 
06-05 23:01:13.401 V/PhoneStatusBar( 1712): setLightsOn(true)
06-05 23:01:13.409 D/gralloc_ranchu( 1347): gralloc_alloc: Creating ashmem region of size 9023488
06-05 23:01:13.443 W/ResourceType(13827): No package identifier when getting name for resource number 0x00000001
06-05 23:01:13.453 I/System.out(13827): URI: //gesture
06-05 23:01:13.453 I/System.out(13827): params: {json={"query_timeout":5.0,"gestures":[{"query_string":"* marked:'North'","touches":[{"x":50,"y":50,"offset_x":0,"offset_y":0,"wait":0.0,"time":0.2,"release":true,"query_string":null}]}]}
06-05 23:01:13.453 I/System.out(13827): }
06-05 23:01:13.456 W/ResourceType(13827): No package identifier when getting name for resource number 0x00000001
06-05 23:01:13.685 I/ActivityManager( 1631): START u0 {cmp=com.evancharlton.mileage/.charts.NorthChart (has extras)} from uid 10326 on display 0
06-05 23:01:13.688 V/PhoneStatusBar( 1712): setLightsOn(true)
06-05 23:01:13.691 W/NotificationService( 1631): Object died trying to hide notification android.app.ITransientNotification$Stub$Proxy@62bd036 in package com.evancharlton.mileage
06-05 23:01:13.693 V/PhoneStatusBar( 1712): setLightsOn(true)
06-05 23:01:13.719 I/System.out(13827): URI: //map
06-05 23:01:13.719 I/System.out(13827): params: {json={"query":"* {text CONTAINS[c] 'Farthest north fillup'}","operation":{"method_name":"query","arguments":[]}}
06-05 23:01:13.719 I/System.out(13827): }
06-05 23:01:13.762 I/calabash(13827): newActivity1
06-05 23:01:13.768 W/aiCharts(13827): License file is invalid or missing. 
06-05 23:01:13.768 W/aiCharts(13827): Please place proper license.lic to /assets folder.
06-05 23:01:13.785 V/PhoneStatusBar( 1712): setLightsOn(true)
06-05 23:01:13.818 V/PhoneStatusBar( 1712): setLightsOn(true)
06-05 23:01:13.834 V/PhoneStatusBar( 1712): setLightsOn(true)
06-05 23:01:13.838 I/WindowManager( 1631): Destroying surface Surface(name=Creating chart…) called by com.android.server.wm.WindowStateAnimator.destroySurface:2016 com.android.server.wm.WindowStateAnimator.destroySurfaceLocked:882 com.android.server.wm.WindowState.removeLocked:1456 com.android.server.wm.WindowManagerService.removeWindowInnerLocked:2484 com.android.server.wm.WindowManagerService.removeWindowLocked:2442 com.android.server.wm.WindowManagerService.removeWindowLocked:2311 com.android.server.wm.WindowManagerService.removeWindow:2306 com.android.server.wm.Session.remove:202 
06-05 23:01:13.847 D/gralloc_ranchu( 1347): gralloc_alloc: Creating ashmem region of size 9023488
06-05 23:01:13.850 V/PhoneStatusBar( 1712): setLightsOn(true)
06-05 23:01:13.874 I/ActivityManager( 1631): Displayed com.evancharlton.mileage/.charts.NorthChart: +116ms
06-05 23:01:13.883 V/PhoneStatusBar( 1712): setLightsOn(true)
06-05 23:01:13.918 V/PhoneStatusBar( 1712): setLightsOn(true)
06-05 23:01:14.002 V/PhoneStatusBar( 1712): setLightsOn(true)
06-05 23:01:14.101 I/System.out(13827): URI: //map
06-05 23:01:14.101 I/System.out(13827): params: {json={"query":"* {text CONTAINS[c] 'Farthest north fillup'}","operation":{"method_name":"query","arguments":[]}}
06-05 23:01:14.101 I/System.out(13827): }
06-05 23:01:14.118 V/PhoneStatusBar( 1712): setLightsOn(true)
06-05 23:01:14.145 I/System.out(13827): URI: //
06-05 23:01:14.145 I/System.out(13827): params: {json={"command":"press_key","arguments":["KEYCODE_BACK"]}
06-05 23:01:14.145 I/System.out(13827): }
06-05 23:01:14.145 I/System.out(13827): header: {content-type=application/json;charset=utf-8, date=Sat, 06 Jun 2020 04:01:14 GMT, accept=*/*, host=127.0.0.1:34777, content-length=52, user-agent=HTTPClient/1.0 (2.8.3, ruby 2.5.1 (2018-03-29))}
06-05 23:01:14.145 I/System.out(13827): params: {json={"command":"press_key","arguments":["KEYCODE_BACK"]}
06-05 23:01:14.145 I/System.out(13827): }
06-05 23:01:14.145 I/System.out(13827): ProP json = {"command":"press_key","arguments":["KEYCODE_BACK"]}
06-05 23:01:14.145 I/System.out(13827): files: {}
06-05 23:01:14.145 I/System.out(13827): command: {"command":"press_key","arguments":["KEYCODE_BACK"]}
06-05 23:01:14.147 I/InstrumentationBackend(13827): Got command:'Command:'Line:null,press_key', arguments:'[KEYCODE_BACK]'
06-05 23:01:14.150 V/PhoneStatusBar( 1712): setLightsOn(true)
06-05 23:01:14.152 V/PhoneStatusBar( 1712): setLightsOn(true)
06-05 23:01:14.155 I/System.out(13827): result:{"bonusInformation":[],"message":"","success":true}
06-05 23:01:14.156 I/art     (13827): Do partial code cache collection, code=60KB, data=62KB
06-05 23:01:14.156 I/art     (13827): After code cache collection, code=59KB, data=61KB
06-05 23:01:14.157 I/art     (13827): Increasing code cache capacity to 256KB
06-05 23:01:14.157 D/VehicleStatisticsActivity(13827): Checking recalculation ...
06-05 23:01:14.158 D/VehicleStatisticsActivity(13827): Recalculation not necessary.
06-05 23:01:14.158 I/System.out(13827): URI: //map
06-05 23:01:14.158 I/System.out(13827): params: {json={"query":"* {text CONTAINS[c] 'Statistics'}","operation":{"method_name":"query","arguments":[]}}
06-05 23:01:14.158 I/System.out(13827): }
06-05 23:01:14.184 D/gralloc_ranchu( 1347): gralloc_alloc: Creating ashmem region of size 9023488
06-05 23:01:14.185 V/PhoneStatusBar( 1712): setLightsOn(true)
06-05 23:01:14.201 V/PhoneStatusBar( 1712): setLightsOn(true)
06-05 23:01:14.267 V/PhoneStatusBar( 1712): setLightsOn(true)
