--------- beginning of main
06-05 15:51:24.076 V/PhoneStatusBar( 1712): setLightsOn(true)
06-05 15:51:24.087 W/IInputConnectionWrapper(19781): finishComposingText on inactive InputConnection
06-05 15:51:24.093 V/PhoneStatusBar( 1712): setLightsOn(true)
06-05 15:51:24.111 D/gralloc_ranchu( 1346): gralloc_alloc: Creating ashmem region of size 3145728
06-05 15:51:24.115 D/        ( 1630): HostConnection::get() New Host Connection established 0x97de8f80, tid 19698
06-05 15:51:24.118 E/EGL_emulation( 1346): tid 1346: eglCreateSyncKHR(1901): error 0x3004 (EGL_BAD_ATTRIBUTE)
06-05 15:51:24.259 D/AndroidRuntime(19843): >>>>>> START com.android.internal.os.RuntimeInit uid 2000 <<<<<<
06-05 15:51:24.261 D/AndroidRuntime(19843): CheckJNI is ON
06-05 15:51:24.261 D/EGL_emulation( 2099): eglMakeCurrent: 0xb4085240: ver 2 0 (tinfo 0xb40832d0)
06-05 15:51:24.274 W/art     (19843): Unexpected CPU variant for X86 using defaults: x86
06-05 15:51:24.276 D/ICU     (19843): No timezone override file found: /data/misc/zoneinfo/current/icu/icu_tzdata.dat
06-05 15:51:24.283 E/memtrack(19843): Couldn't load memtrack module (No such file or directory)
06-05 15:51:24.283 E/android.os.Debug(19843): failed to load memtrack module: -2
06-05 15:51:24.283 I/Radio-JNI(19843): register_android_hardware_Radio DONE
06-05 15:51:24.287 D/AndroidRuntime(19843): Calling main entry com.android.commands.am.Am
--------- beginning of system
06-05 15:51:24.288 I/ActivityManager( 1630): Force stopping com.evancharlton.mileage appid=10086 user=0: start instr
06-05 15:51:24.289 I/ActivityManager( 1630): Killing 19781:com.evancharlton.mileage/u0a86 (adj 0): stop com.evancharlton.mileage
06-05 15:51:24.289 D/ActivityManager( 1630): cleanUpApplicationRecord -- 19781
06-05 15:51:24.291 W/InputDispatcher( 1630): channel 'cfc81e6 com.evancharlton.mileage/com.evancharlton.mileage.VehicleTypeListActivity (server)' ~ Consumer closed input channel or an error occurred.  events=0x9
06-05 15:51:24.291 E/InputDispatcher( 1630): channel 'cfc81e6 com.evancharlton.mileage/com.evancharlton.mileage.VehicleTypeListActivity (server)' ~ Channel is unrecoverably broken and will be disposed!
06-05 15:51:24.291 W/InputDispatcher( 1630): channel 'ad66f6c com.evancharlton.mileage/com.evancharlton.mileage.VehicleTypeActivity (server)' ~ Consumer closed input channel or an error occurred.  events=0x9
06-05 15:51:24.291 E/InputDispatcher( 1630): channel 'ad66f6c com.evancharlton.mileage/com.evancharlton.mileage.VehicleTypeActivity (server)' ~ Channel is unrecoverably broken and will be disposed!
06-05 15:51:24.292 I/WindowManager( 1630): WIN DEATH: Window{cfc81e6 u0 com.evancharlton.mileage/com.evancharlton.mileage.VehicleTypeListActivity}
06-05 15:51:24.292 W/InputDispatcher( 1630): Attempted to unregister already unregistered input channel 'cfc81e6 com.evancharlton.mileage/com.evancharlton.mileage.VehicleTypeListActivity (server)'
06-05 15:51:24.292 I/WindowManager( 1630): Destroying surface Surface(name=com.evancharlton.mileage/com.evancharlton.mileage.VehicleTypeListActivity) called by com.android.server.wm.WindowStateAnimator.destroySurface:2016 com.android.server.wm.WindowStateAnimator.destroySurfaceLocked:882 com.android.server.wm.WindowState.removeLocked:1456 com.android.server.wm.WindowManagerService.removeWindowInnerLocked:2484 com.android.server.wm.WindowManagerService.removeWindowLocked:2442 com.android.server.wm.WindowState$DeathRecipient.binderDied:1787 android.os.BinderProxy.sendDeathNotice:688 <bottom of call stack> 
06-05 15:51:24.295 I/WindowManager( 1630): WIN DEATH: Window{ad66f6c u0 com.evancharlton.mileage/com.evancharlton.mileage.VehicleTypeActivity EXITING}
06-05 15:51:24.295 W/InputDispatcher( 1630): Attempted to unregister already unregistered input channel 'ad66f6c com.evancharlton.mileage/com.evancharlton.mileage.VehicleTypeActivity (server)'
06-05 15:51:24.301 D/EGL_emulation( 1712): eglMakeCurrent: 0xb4085540: ver 2 0 (tinfo 0xb4083740)
06-05 15:51:24.304 D/EGL_emulation( 1712): eglMakeCurrent: 0xb4085540: ver 2 0 (tinfo 0xb4083740)
06-05 15:51:24.309 W/ActivityManager( 1630): Crash of app com.evancharlton.mileage running instrumentation ComponentInfo{com.evancharlton.mileage.test/sh.calaba.instrumentationbackend.CalabashInstrumentationTestRunner}
06-05 15:51:24.309 I/ActivityManager( 1630): Force stopping com.evancharlton.mileage appid=10086 user=0: finished inst
06-05 15:51:24.312 I/art     (19853): Not late-enabling -Xcheck:jni (already on)
06-05 15:51:24.313 W/art     (19853): Unexpected CPU variant for X86 using defaults: x86
06-05 15:51:24.320 I/ActivityManager( 1630): Start proc 19853:com.evancharlton.mileage/u0a86 for added application com.evancharlton.mileage
06-05 15:51:24.320 D/AndroidRuntime(19843): Shutting down VM
06-05 15:51:24.326 D/EGL_emulation( 1712): eglMakeCurrent: 0xb4085540: ver 2 0 (tinfo 0xb4083740)
06-05 15:51:24.328 D/EGL_emulation( 1712): eglMakeCurrent: 0xb4085540: ver 2 0 (tinfo 0xb4083740)
06-05 15:51:24.329 W/System  (19853): ClassLoader referenced unknown path: /data/app/com.evancharlton.mileage.test-1/lib/x86
06-05 15:51:24.329 W/System  (19853): ClassLoader referenced unknown path: /data/app/com.evancharlton.mileage-1/lib/x86
06-05 15:51:24.331 W/System  (19853): ClassLoader referenced unknown path: 
06-05 15:51:24.334 I/System.out(19853): Main activity name automatically set to: com.evancharlton.mileage.Mileage
06-05 15:51:24.335 I/System.out(19853): Calabash did not load Mono. This is only a problem if you are trying to test a Mono application
06-05 15:51:24.335 I/calabash(19853): Test server port: 7102
06-05 15:51:24.335 I/InstrumentationBackend(19853): Added:'GetPreferences', with key:'get_preferences'
06-05 15:51:24.339 I/InstrumentationBackend(19853): Added:'SetPreferences', with key:'set_preferences'
06-05 15:51:24.340 I/InstrumentationBackend(19853): Added:'ClearPreferences', with key:'clear_preferences'
06-05 15:51:24.340 I/InstrumentationBackend(19853): Added:'PressElement', with key:'press_l10n_element'
06-05 15:51:24.340 I/InstrumentationBackend(19853): Added:'WaitForElement', with key:'wait_for_l10n_element'
06-05 15:51:24.340 I/InstrumentationBackend(19853): Added:'NullAction', with key:'nullAction'
06-05 15:51:24.340 I/InstrumentationBackend(19853): Added:'PressKey', with key:'press_key'
06-05 15:51:24.340 I/InstrumentationBackend(19853): Added:'SetActivityOrientation', with key:'set_activity_orientation'
06-05 15:51:24.340 I/InstrumentationBackend(19853): Added:'GetActivityOrientation', with key:'get_activity_orientation'
06-05 15:51:24.340 I/InstrumentationBackend(19853): Added:'FakeGPSLocation', with key:'set_gps_coordinates'
06-05 15:51:24.340 I/InstrumentationBackend(19853): Added:'SetPropertyByCssSelector', with key:'set_property_by_css_selector'
06-05 15:51:24.340 I/InstrumentationBackend(19853): Added:'GetUrl', with key:'get_url'
06-05 15:51:24.340 I/InstrumentationBackend(19853): Added:'ScrollTo', with key:'scroll_to'
06-05 15:51:24.340 I/InstrumentationBackend(19853): Added:'GetLoadProgress', with key:'get_load_progress'
06-05 15:51:24.340 I/InstrumentationBackend(19853): Added:'DumpHtml', with key:'dump_html'
06-05 15:51:24.340 I/InstrumentationBackend(19853): Added:'DumpBodyHtml', with key:'dump_body_html'
06-05 15:51:24.340 I/InstrumentationBackend(19853): Added:'EnterTextByCssSelector', with key:'enter_text_by_selector'
06-05 15:51:24.341 I/InstrumentationBackend(19853): Added:'AndroidSDKVersion', with key:'android_sdk_version'
06-05 15:51:24.341 I/InstrumentationBackend(19853): Added:'Version', with key:'version'
06-05 15:51:24.341 I/InstrumentationBackend(19853): Added:'Drag', with key:'drag'
06-05 15:51:24.341 I/InstrumentationBackend(19853): Added:'TouchCoordinates', with key:'touch_coordinate'
06-05 15:51:24.341 I/InstrumentationBackend(19853): Added:'LongPressCoordinate', with key:'long_press_coordinate'
06-05 15:51:24.341 I/InstrumentationBackend(19853): Added:'DragCoordinates', with key:'drag_coordinates'
06-05 15:51:24.341 I/InstrumentationBackend(19853): Added:'ResumeApplication', with key:'resume_application'
06-05 15:51:24.341 I/InstrumentationBackend(19853): Added:'Swipe', with key:'swipe'
06-05 15:51:24.341 I/InstrumentationBackend(19853): Added:'DoubleTapCoordinate', with key:'double_tap_coordinate'
06-05 15:51:24.341 I/InstrumentationBackend(19853): Added:'ClickOnScreen', with key:'click_on_screen'
06-05 15:51:24.341 I/InstrumentationBackend(19853): Added:'GetActivityName', with key:'get_activity_name'
06-05 15:51:24.341 I/InstrumentationBackend(19853): Added:'ScrollToView', with key:'scroll_to_view'
06-05 15:51:24.341 I/InstrumentationBackend(19853): Added:'ViewConfiguration', with key:'view_configuration'
06-05 15:51:24.342 I/InstrumentationBackend(19853): Added:'IsCurrentActivityFocused', with key:'is_current_activity_focused'
06-05 15:51:24.342 I/InstrumentationBackend(19853): Added:'SendTcp', with key:'send_tcp'
06-05 15:51:24.342 I/InstrumentationBackend(19853): Added:'DpToDevicePixel', with key:'dp_to_device_pixel'
06-05 15:51:24.342 I/InstrumentationBackend(19853): Added:'KeyboardEnterText', with key:'keyboard_enter_text'
06-05 15:51:24.342 I/InstrumentationBackend(19853): Added:'DeleteSurroundingText', with key:'delete_surrounding_text'
06-05 15:51:24.342 I/InstrumentationBackend(19853): Added:'SetComposingRegion', with key:'set_composing_region'
06-05 15:51:24.342 I/InstrumentationBackend(19853): Added:'SetSelection', with key:'set_selection'
06-05 15:51:24.342 I/InstrumentationBackend(19853): Added:'KeyboardKeyEvent', with key:'keyboard_key_event'
06-05 15:51:24.342 I/InstrumentationBackend(19853): Added:'PressUserActionButton', with key:'press_user_action_button'
06-05 15:51:24.342 I/InstrumentationBackend(19853): Added:'HideSoftKeyboard', with key:'hide_soft_keyboard'
06-05 15:51:24.342 I/InstrumentationBackend(19853): Added:'ListActions', with key:'list_actions'
06-05 15:51:24.343 I/calabash(19853): Instantiating http server at 7102
06-05 15:51:24.343 D/EGL_emulation( 1712): eglMakeCurrent: 0xb4085540: ver 2 0 (tinfo 0xb4083740)
06-05 15:51:24.343 I/System.out(19853): HTTP Daemon listening on: 7102
06-05 15:51:24.345 D/EGL_emulation( 1712): eglMakeCurrent: 0xb4085540: ver 2 0 (tinfo 0xb4083740)
06-05 15:51:24.360 D/EGL_emulation( 1712): eglMakeCurrent: 0xb4085540: ver 2 0 (tinfo 0xb4083740)
06-05 15:51:24.361 D/EGL_emulation( 1712): eglMakeCurrent: 0xb4085540: ver 2 0 (tinfo 0xb4083740)
06-05 15:51:24.377 D/EGL_emulation( 1712): eglMakeCurrent: 0xb4085540: ver 2 0 (tinfo 0xb4083740)
06-05 15:51:24.378 D/EGL_emulation( 1712): eglMakeCurrent: 0xb4085540: ver 2 0 (tinfo 0xb4083740)
06-05 15:51:24.393 D/EGL_emulation( 1712): eglMakeCurrent: 0xb4085540: ver 2 0 (tinfo 0xb4083740)
06-05 15:51:24.395 D/EGL_emulation( 1712): eglMakeCurrent: 0xb4085540: ver 2 0 (tinfo 0xb4083740)
06-05 15:51:24.409 D/EGL_emulation( 1712): eglMakeCurrent: 0xb4085540: ver 2 0 (tinfo 0xb4083740)
06-05 15:51:24.430 I/System.out(19853): URI: //ping
06-05 15:51:24.430 I/System.out(19853): params: {json={}
06-05 15:51:24.430 I/System.out(19853): }
06-05 15:51:24.432 I/System.out(19853): URI: //ping
06-05 15:51:24.432 I/System.out(19853): params: {json={}
06-05 15:51:24.432 I/System.out(19853): }
06-05 15:51:24.434 I/System.out(19853): URI: //ready
06-05 15:51:24.434 I/System.out(19853): params: {json={}
06-05 15:51:24.434 I/System.out(19853): }
06-05 15:51:24.436 I/System.out(19853): URI: //
06-05 15:51:24.436 I/System.out(19853): params: {json={"command":"version","arguments":[]}
06-05 15:51:24.436 I/System.out(19853): }
06-05 15:51:24.436 I/System.out(19853): header: {content-type=application/json;charset=utf-8, date=Fri, 05 Jun 2020 20:51:24 GMT, accept=*/*, host=127.0.0.1:34784, content-length=36, user-agent=HTTPClient/1.0 (2.8.3, ruby 2.5.1 (2018-03-29))}
06-05 15:51:24.436 I/System.out(19853): params: {json={"command":"version","arguments":[]}
06-05 15:51:24.436 I/System.out(19853): }
06-05 15:51:24.436 I/System.out(19853): ProP json = {"command":"version","arguments":[]}
06-05 15:51:24.436 I/System.out(19853): files: {}
06-05 15:51:24.436 I/System.out(19853): command: {"command":"version","arguments":[]}
06-05 15:51:24.438 I/InstrumentationBackend(19853): Got command:'Command:'Line:null,version', arguments:'[]'
06-05 15:51:24.444 I/System.out(19853): result:{"bonusInformation":[],"message":"0.9.8","success":true}
06-05 15:51:24.446 I/System.out(19853): URI: //start-application
06-05 15:51:24.446 I/System.out(19853): params: {json={"intent":null}
06-05 15:51:24.446 I/System.out(19853): }
06-05 15:51:24.459 I/ActivityManager( 1630): START u0 {act=android.intent.action.MAIN cat=[android.intent.category.LAUNCHER] flg=0x10200000 cmp=com.evancharlton.mileage/.Mileage} from uid 10086 on display 0
06-05 15:51:24.526 I/calabash(19853): newActivity1
06-05 15:51:24.537 I/calabash(19853): newActivity1
06-05 15:51:24.538 W/ActivityManager( 1630): Bad activity token: android.os.BinderProxy@fba09ce
06-05 15:51:24.538 W/ActivityManager( 1630): java.lang.ClassCastException: android.os.BinderProxy cannot be cast to com.android.server.am.ActivityRecord$Token
06-05 15:51:24.538 W/ActivityManager( 1630): 	at com.android.server.am.ActivityRecord.forTokenLocked(ActivityRecord.java:586)
06-05 15:51:24.538 W/ActivityManager( 1630): 	at com.android.server.am.ActivityRecord.isInStackLocked(ActivityRecord.java:1327)
06-05 15:51:24.538 W/ActivityManager( 1630): 	at com.android.server.am.ActivityRecord.getStackLocked(ActivityRecord.java:1332)
06-05 15:51:24.538 W/ActivityManager( 1630): 	at com.android.server.am.ActivityManagerService.getActivityDisplayId(ActivityManagerService.java:9806)
06-05 15:51:24.538 W/ActivityManager( 1630): 	at android.app.ActivityManagerNative.onTransact(ActivityManagerNative.java:2566)
06-05 15:51:24.538 W/ActivityManager( 1630): 	at com.android.server.am.ActivityManagerService.onTransact(ActivityManagerService.java:2757)
06-05 15:51:24.538 W/ActivityManager( 1630): 	at android.os.Binder.execTransact(Binder.java:565)
06-05 15:51:24.539 W/ActivityManager( 1630): Bad activity token: android.os.BinderProxy@fba09ce
06-05 15:51:24.539 W/ActivityManager( 1630): java.lang.ClassCastException: android.os.BinderProxy cannot be cast to com.android.server.am.ActivityRecord$Token
06-05 15:51:24.539 W/ActivityManager( 1630): 	at com.android.server.am.ActivityRecord.forTokenLocked(ActivityRecord.java:586)
06-05 15:51:24.539 W/ActivityManager( 1630): 	at com.android.server.am.ActivityRecord.isInStackLocked(ActivityRecord.java:1327)
06-05 15:51:24.539 W/ActivityManager( 1630): 	at com.android.server.am.ActivityManagerService.setTaskDescription(ActivityManagerService.java:9358)
06-05 15:51:24.539 W/ActivityManager( 1630): 	at android.app.ActivityManagerNative.onTransact(ActivityManagerNative.java:2639)
06-05 15:51:24.539 W/ActivityManager( 1630): 	at com.android.server.am.ActivityManagerService.onTransact(ActivityManagerService.java:2757)
06-05 15:51:24.539 W/ActivityManager( 1630): 	at android.os.Binder.execTransact(Binder.java:565)
06-05 15:51:24.539 W/ActivityManager( 1630): Bad activity token: android.os.BinderProxy@fba09ce
06-05 15:51:24.539 W/ActivityManager( 1630): java.lang.ClassCastException: android.os.BinderProxy cannot be cast to com.android.server.am.ActivityRecord$Token
06-05 15:51:24.539 W/ActivityManager( 1630): 	at com.android.server.am.ActivityRecord.forTokenLocked(ActivityRecord.java:586)
06-05 15:51:24.539 W/ActivityManager( 1630): 	at com.android.server.am.ActivityRecord.isInStackLocked(ActivityRecord.java:1327)
06-05 15:51:24.539 W/ActivityManager( 1630): 	at com.android.server.am.ActivityRecord.getStackLocked(ActivityRecord.java:1332)
06-05 15:51:24.539 W/ActivityManager( 1630): 	at com.android.server.am.ActivityManagerService.getActivityStackId(ActivityManagerService.java:9817)
06-05 15:51:24.539 W/ActivityManager( 1630): 	at android.app.ActivityManagerNative.onTransact(ActivityManagerNative.java:2856)
06-05 15:51:24.539 W/ActivityManager( 1630): 	at com.android.server.am.ActivityManagerService.onTransact(ActivityManagerService.java:2757)
06-05 15:51:24.539 W/ActivityManager( 1630): 	at android.os.Binder.execTransact(Binder.java:565)
06-05 15:51:24.542 D/gralloc_ranchu( 1346): gralloc_alloc: Creating ashmem region of size 9023488
06-05 15:51:24.555 W/ActivityManager( 1630): Bad activity token: android.os.BinderProxy@fba09ce
06-05 15:51:24.555 W/ActivityManager( 1630): java.lang.ClassCastException: android.os.BinderProxy cannot be cast to com.android.server.am.ActivityRecord$Token
06-05 15:51:24.555 W/ActivityManager( 1630): 	at com.android.server.am.ActivityRecord.forTokenLocked(ActivityRecord.java:586)
06-05 15:51:24.555 W/ActivityManager( 1630): 	at com.android.server.am.ActivityRecord.isInStackLocked(ActivityRecord.java:1327)
06-05 15:51:24.555 W/ActivityManager( 1630): 	at com.android.server.am.ActivityManagerService.getActivityOptions(ActivityManagerService.java:12559)
06-05 15:51:24.555 W/ActivityManager( 1630): 	at android.app.ActivityManagerNative.onTransact(ActivityManagerNative.java:1933)
06-05 15:51:24.555 W/ActivityManager( 1630): 	at com.android.server.am.ActivityManagerService.onTransact(ActivityManagerService.java:2757)
06-05 15:51:24.555 W/ActivityManager( 1630): 	at android.os.Binder.execTransact(Binder.java:565)
06-05 15:51:24.555 W/ActivityManager( 1630): Bad activity token: android.os.BinderProxy@fba09ce
06-05 15:51:24.555 W/ActivityManager( 1630): java.lang.ClassCastException: android.os.BinderProxy cannot be cast to com.android.server.am.ActivityRecord$Token
06-05 15:51:24.555 W/ActivityManager( 1630): 	at com.android.server.am.ActivityRecord.forTokenLocked(ActivityRecord.java:586)
06-05 15:51:24.555 W/ActivityManager( 1630): 	at com.android.server.am.ActivityRecord.isInStackLocked(ActivityRecord.java:1327)
06-05 15:51:24.555 W/ActivityManager( 1630): 	at com.android.server.am.ActivityManagerService.getActivityOptions(ActivityManagerService.java:12559)
06-05 15:51:24.555 W/ActivityManager( 1630): 	at android.app.ActivityManagerNative.onTransact(ActivityManagerNative.java:1933)
06-05 15:51:24.555 W/ActivityManager( 1630): 	at com.android.server.am.ActivityManagerService.onTransact(ActivityManagerService.java:2757)
06-05 15:51:24.555 W/ActivityManager( 1630): 	at android.os.Binder.execTransact(Binder.java:565)
06-05 15:51:24.569 V/PhoneStatusBar( 1712): setLightsOn(true)
06-05 15:51:24.576 D/EGL_emulation( 1712): eglMakeCurrent: 0xb4085540: ver 2 0 (tinfo 0xb4083740)
06-05 15:51:24.577 D/EGL_emulation( 2099): eglMakeCurrent: 0xb4085240: ver 2 0 (tinfo 0xb40832d0)
06-05 15:51:24.579 D/EGL_emulation( 1712): eglMakeCurrent: 0xb4085540: ver 2 0 (tinfo 0xb4083740)
06-05 15:51:24.593 D/gralloc_ranchu( 1346): gralloc_alloc: Creating ashmem region of size 9023488
06-05 15:51:24.597 D/EGL_emulation( 1712): eglMakeCurrent: 0xb4085540: ver 2 0 (tinfo 0xb4083740)
06-05 15:51:24.597 D/        (19853): HostConnection::get() New Host Connection established 0xa7c144c0, tid 19853
06-05 15:51:24.624 D/EGL_emulation( 1712): eglMakeCurrent: 0xb4085540: ver 2 0 (tinfo 0xb4083740)
06-05 15:51:24.624 V/PhoneStatusBar( 1712): setLightsOn(true)
06-05 15:51:24.626 D/EGL_emulation( 1712): eglMakeCurrent: 0xb4085540: ver 2 0 (tinfo 0xb4083740)
06-05 15:51:24.629 D/EGL_emulation( 1712): eglMakeCurrent: 0xb4085540: ver 2 0 (tinfo 0xb4083740)
06-05 15:51:24.630 D/EGL_emulation( 1712): eglMakeCurrent: 0xb4085540: ver 2 0 (tinfo 0xb4083740)
06-05 15:51:24.634 D/EGL_emulation( 1712): eglMakeCurrent: 0xb4085540: ver 2 0 (tinfo 0xb4083740)
06-05 15:51:24.644 D/EGL_emulation( 1712): eglMakeCurrent: 0xb4085540: ver 2 0 (tinfo 0xb4083740)
06-05 15:51:24.645 I/ActivityManager( 1630): Displayed com.evancharlton.mileage/.Mileage: +135ms
06-05 15:51:24.645 D/EGL_emulation( 1712): eglMakeCurrent: 0xb4085540: ver 2 0 (tinfo 0xb4083740)
06-05 15:51:24.660 D/gralloc_ranchu( 1346): gralloc_alloc: Creating ashmem region of size 9023488
06-05 15:51:24.667 D/EGL_emulation( 1712): eglMakeCurrent: 0xb4085540: ver 2 0 (tinfo 0xb4083740)
06-05 15:51:24.676 D/EGL_emulation( 1712): eglMakeCurrent: 0xb4085540: ver 2 0 (tinfo 0xb4083740)
06-05 15:51:24.685 D/EGL_emulation( 1712): eglMakeCurrent: 0xb4085540: ver 2 0 (tinfo 0xb4083740)
06-05 15:51:24.688 D/EGL_emulation( 1712): eglMakeCurrent: 0xb4085540: ver 2 0 (tinfo 0xb4083740)
06-05 15:51:24.688 V/PhoneStatusBar( 1712): setLightsOn(true)
06-05 15:51:24.693 D/EGL_emulation( 1712): eglMakeCurrent: 0xb4085540: ver 2 0 (tinfo 0xb4083740)
06-05 15:51:24.701 D/EGL_emulation( 1712): eglMakeCurrent: 0xb4085540: ver 2 0 (tinfo 0xb4083740)
06-05 15:51:24.708 I/System.out(19853): URI: //map
06-05 15:51:24.708 I/System.out(19853): params: {json={"query":"* marked:'Vehicles'","operation":{"method_name":"query","arguments":[]}}
06-05 15:51:24.708 I/System.out(19853): }
06-05 15:51:24.709 I/WindowManager( 1630): Destroying surface Surface(name=com.evancharlton.mileage/com.evancharlton.mileage.VehicleTypeActivity) called by com.android.server.wm.WindowStateAnimator.destroySurface:2016 com.android.server.wm.WindowStateAnimator.destroySurfaceLocked:882 com.android.server.wm.WindowState.removeLocked:1456 com.android.server.wm.WindowManagerService.removeWindowInnerLocked:2484 com.android.server.wm.AppWindowToken.destroySurfaces:365 com.android.server.wm.WindowStateAnimator.finishExit:565 com.android.server.wm.AppWindowAnimator.stepAnimationLocked:427 com.android.server.wm.WindowAnimator.updateAppWindowsLocked:196 
06-05 15:51:24.710 D/EGL_emulation( 1712): eglMakeCurrent: 0xb4085540: ver 2 0 (tinfo 0xb4083740)
06-05 15:51:24.711 D/EGL_emulation( 1712): eglMakeCurrent: 0xb4085540: ver 2 0 (tinfo 0xb4083740)
06-05 15:51:24.721 W/ResourceType(19853): No package identifier when getting name for resource number 0x00000001
06-05 15:51:24.727 D/EGL_emulation( 1712): eglMakeCurrent: 0xb4085540: ver 2 0 (tinfo 0xb4083740)
06-05 15:51:24.729 D/EGL_emulation( 1712): eglMakeCurrent: 0xb4085540: ver 2 0 (tinfo 0xb4083740)
06-05 15:51:24.729 V/PhoneStatusBar( 1712): setLightsOn(true)
06-05 15:51:24.736 I/System.out(19853): URI: //gesture
06-05 15:51:24.736 I/System.out(19853): params: {json={"query_timeout":5.0,"gestures":[{"query_string":"* marked:'Vehicles'","touches":[{"x":50,"y":50,"offset_x":0,"offset_y":0,"wait":0.0,"time":0.2,"release":true,"query_string":null}]}]}
06-05 15:51:24.736 I/System.out(19853): }
06-05 15:51:24.743 W/ResourceType(19853): No package identifier when getting name for resource number 0x00000001
06-05 15:51:24.743 D/EGL_emulation( 1712): eglMakeCurrent: 0xb4085540: ver 2 0 (tinfo 0xb4083740)
06-05 15:51:24.745 D/EGL_emulation( 1712): eglMakeCurrent: 0xb4085540: ver 2 0 (tinfo 0xb4083740)
06-05 15:51:24.760 D/EGL_emulation( 1712): eglMakeCurrent: 0xb4085540: ver 2 0 (tinfo 0xb4083740)
06-05 15:51:24.768 D/EGL_emulation( 1712): eglMakeCurrent: 0xb4085540: ver 2 0 (tinfo 0xb4083740)
06-05 15:51:24.784 D/EGL_emulation( 1712): eglMakeCurrent: 0xb4085540: ver 2 0 (tinfo 0xb4083740)
06-05 15:51:24.791 D/EGL_emulation( 1712): eglMakeCurrent: 0xb4085540: ver 2 0 (tinfo 0xb4083740)
06-05 15:51:24.793 D/EGL_emulation( 1712): eglMakeCurrent: 0xb4085540: ver 2 0 (tinfo 0xb4083740)
06-05 15:51:24.842 I/WindowManager( 1630): Destroying surface Surface(name=Starting com.evancharlton.mileage) called by com.android.server.wm.WindowStateAnimator.destroySurface:2016 com.android.server.wm.WindowStateAnimator.destroySurfaceLocked:882 com.android.server.wm.WindowState.destroyOrSaveSurface:2100 com.android.server.wm.AppWindowToken.destroySurfaces:363 com.android.server.wm.WindowStateAnimator.finishExit:565 com.android.server.wm.WindowStateAnimator.stepAnimationLocked:491 com.android.server.wm.WindowAnimator.updateWindowsLocked:303 com.android.server.wm.WindowAnimator.animateLocked:704 
06-05 15:51:24.844 V/PhoneStatusBar( 1712): setLightsOn(true)
06-05 15:51:24.845 V/PhoneStatusBar( 1712): setLightsOn(true)
06-05 15:51:24.979 I/calabash(19853): newActivity1
06-05 15:51:24.979 W/ActivityManager( 1630): Bad activity token: android.os.BinderProxy@fbf682c
06-05 15:51:24.979 W/ActivityManager( 1630): java.lang.ClassCastException: android.os.BinderProxy cannot be cast to com.android.server.am.ActivityRecord$Token
06-05 15:51:24.979 W/ActivityManager( 1630): 	at com.android.server.am.ActivityRecord.forTokenLocked(ActivityRecord.java:586)
06-05 15:51:24.979 W/ActivityManager( 1630): 	at com.android.server.am.ActivityRecord.isInStackLocked(ActivityRecord.java:1327)
06-05 15:51:24.979 W/ActivityManager( 1630): 	at com.android.server.am.ActivityRecord.getStackLocked(ActivityRecord.java:1332)
06-05 15:51:24.979 W/ActivityManager( 1630): 	at com.android.server.am.ActivityManagerService.getActivityDisplayId(ActivityManagerService.java:9806)
06-05 15:51:24.979 W/ActivityManager( 1630): 	at android.app.ActivityManagerNative.onTransact(ActivityManagerNative.java:2566)
06-05 15:51:24.979 W/ActivityManager( 1630): 	at com.android.server.am.ActivityManagerService.onTransact(ActivityManagerService.java:2757)
06-05 15:51:24.979 W/ActivityManager( 1630): 	at android.os.Binder.execTransact(Binder.java:565)
06-05 15:51:24.981 W/ActivityManager( 1630): Bad activity token: android.os.BinderProxy@fbf682c
06-05 15:51:24.981 W/ActivityManager( 1630): java.lang.ClassCastException: android.os.BinderProxy cannot be cast to com.android.server.am.ActivityRecord$Token
06-05 15:51:24.981 W/ActivityManager( 1630): 	at com.android.server.am.ActivityRecord.forTokenLocked(ActivityRecord.java:586)
06-05 15:51:24.981 W/ActivityManager( 1630): 	at com.android.server.am.ActivityRecord.isInStackLocked(ActivityRecord.java:1327)
06-05 15:51:24.981 W/ActivityManager( 1630): 	at com.android.server.am.ActivityManagerService.setTaskDescription(ActivityManagerService.java:9358)
06-05 15:51:24.981 W/ActivityManager( 1630): 	at android.app.ActivityManagerNative.onTransact(ActivityManagerNative.java:2639)
06-05 15:51:24.981 W/ActivityManager( 1630): 	at com.android.server.am.ActivityManagerService.onTransact(ActivityManagerService.java:2757)
06-05 15:51:24.981 W/ActivityManager( 1630): 	at android.os.Binder.execTransact(Binder.java:565)
06-05 15:51:24.981 W/ActivityManager( 1630): Bad activity token: android.os.BinderProxy@fbf682c
06-05 15:51:24.981 W/ActivityManager( 1630): java.lang.ClassCastException: android.os.BinderProxy cannot be cast to com.android.server.am.ActivityRecord$Token
06-05 15:51:24.981 W/ActivityManager( 1630): 	at com.android.server.am.ActivityRecord.forTokenLocked(ActivityRecord.java:586)
06-05 15:51:24.981 W/ActivityManager( 1630): 	at com.android.server.am.ActivityRecord.isInStackLocked(ActivityRecord.java:1327)
06-05 15:51:24.981 W/ActivityManager( 1630): 	at com.android.server.am.ActivityRecord.getStackLocked(ActivityRecord.java:1332)
06-05 15:51:24.981 W/ActivityManager( 1630): 	at com.android.server.am.ActivityManagerService.getActivityStackId(ActivityManagerService.java:9817)
06-05 15:51:24.981 W/ActivityManager( 1630): 	at android.app.ActivityManagerNative.onTransact(ActivityManagerNative.java:2856)
06-05 15:51:24.981 W/ActivityManager( 1630): 	at com.android.server.am.ActivityManagerService.onTransact(ActivityManagerService.java:2757)
06-05 15:51:24.981 W/ActivityManager( 1630): 	at android.os.Binder.execTransact(Binder.java:565)
06-05 15:51:24.985 W/ActivityManager( 1630): Bad activity token: android.os.BinderProxy@fbf682c
06-05 15:51:24.985 W/ActivityManager( 1630): java.lang.ClassCastException: android.os.BinderProxy cannot be cast to com.android.server.am.ActivityRecord$Token
06-05 15:51:24.985 W/ActivityManager( 1630): 	at com.android.server.am.ActivityRecord.forTokenLocked(ActivityRecord.java:586)
06-05 15:51:24.985 W/ActivityManager( 1630): 	at com.android.server.am.ActivityRecord.isInStackLocked(ActivityRecord.java:1327)
06-05 15:51:24.985 W/ActivityManager( 1630): 	at com.android.server.am.ActivityManagerService.getActivityOptions(ActivityManagerService.java:12559)
06-05 15:51:24.985 W/ActivityManager( 1630): 	at android.app.ActivityManagerNative.onTransact(ActivityManagerNative.java:1933)
06-05 15:51:24.985 W/ActivityManager( 1630): 	at com.android.server.am.ActivityManagerService.onTransact(ActivityManagerService.java:2757)
06-05 15:51:24.985 W/ActivityManager( 1630): 	at android.os.Binder.execTransact(Binder.java:565)
06-05 15:51:24.986 W/ActivityManager( 1630): Bad activity token: android.os.BinderProxy@fbf682c
06-05 15:51:24.986 W/ActivityManager( 1630): java.lang.ClassCastException: android.os.BinderProxy cannot be cast to com.android.server.am.ActivityRecord$Token
06-05 15:51:24.986 W/ActivityManager( 1630): 	at com.android.server.am.ActivityRecord.forTokenLocked(ActivityRecord.java:586)
06-05 15:51:24.986 W/ActivityManager( 1630): 	at com.android.server.am.ActivityRecord.isInStackLocked(ActivityRecord.java:1327)
06-05 15:51:24.986 W/ActivityManager( 1630): 	at com.android.server.am.ActivityManagerService.getActivityOptions(ActivityManagerService.java:12559)
06-05 15:51:24.986 W/ActivityManager( 1630): 	at android.app.ActivityManagerNative.onTransact(ActivityManagerNative.java:1933)
06-05 15:51:24.986 W/ActivityManager( 1630): 	at com.android.server.am.ActivityManagerService.onTransact(ActivityManagerService.java:2757)
06-05 15:51:24.986 W/ActivityManager( 1630): 	at android.os.Binder.execTransact(Binder.java:565)
06-05 15:51:24.990 I/System.out(19853): URI: //map
06-05 15:51:24.990 I/System.out(19853): params: {json={"query":"* {text CONTAINS[c] 'Javier Vehicle'}","operation":{"method_name":"query","arguments":[]}}
06-05 15:51:24.990 I/System.out(19853): }
06-05 15:51:25.010 V/PhoneStatusBar( 1712): setLightsOn(true)
06-05 15:51:25.051 I/System.out(19853): URI: //gesture
06-05 15:51:25.051 I/System.out(19853): params: {json={"query_timeout":5.0,"gestures":[{"query_string":"* {text CONTAINS[c] 'Javier Vehicle'}","touches":[{"x":50,"y":50,"offset_x":0,"offset_y":0,"wait":0.0,"time":1.0,"release":true,"query_string":null}]}]}
06-05 15:51:25.051 I/System.out(19853): }
06-05 15:51:25.056 I/art     (19853): Do partial code cache collection, code=29KB, data=29KB
06-05 15:51:25.056 I/art     (19853): After code cache collection, code=29KB, data=29KB
06-05 15:51:25.056 I/art     (19853): Increasing code cache capacity to 128KB
06-05 15:51:25.197 D/gralloc_ranchu( 1346): gralloc_alloc: Creating ashmem region of size 9023488
06-05 15:51:25.310 V/PhoneStatusBar( 1712): setLightsOn(true)
06-05 15:51:25.310 V/PhoneStatusBar( 1712): setLightsOn(true)
06-05 15:51:25.311 W/OpenGLRenderer( 2099): Incorrectly called buildLayer on View: ShortcutAndWidgetContainer, destroying layer...
06-05 15:51:25.326 V/PhoneStatusBar( 1712): setLightsOn(true)
06-05 15:51:25.327 I/WindowManager( 1630): Destroying surface Surface(name=com.android.launcher3/com.android.launcher3.Launcher) called by com.android.server.wm.WindowStateAnimator.destroySurface:2016 com.android.server.wm.WindowStateAnimator.destroySurfaceLocked:882 com.android.server.wm.WindowState.destroyOrSaveSurface:2100 com.android.server.wm.AppWindowToken.destroySurfaces:363 com.android.server.wm.AppWindowToken.notifyAppStopped:389 com.android.server.wm.WindowManagerService.notifyAppStopped:4463 com.android.server.am.ActivityStack.activityStoppedLocked:1252 com.android.server.am.ActivityManagerService.activityStopped:6903 
06-05 15:51:25.705 V/PhoneStatusBar( 1712): setLightsOn(true)
06-05 15:51:25.707 V/PhoneStatusBar( 1712): setLightsOn(true)
06-05 15:51:25.709 V/PhoneStatusBar( 1712): setLightsOn(true)
06-05 15:51:25.744 D/gralloc_ranchu( 1346): gralloc_alloc: Creating ashmem region of size 1355776
06-05 15:51:25.753 V/PhoneStatusBar( 1712): setLightsOn(true)
06-05 15:51:25.754 V/PhoneStatusBar( 1712): setLightsOn(true)
06-05 15:51:25.760 D/gralloc_ranchu( 1346): gralloc_alloc: Creating ashmem region of size 1355776
06-05 15:51:25.760 V/PhoneStatusBar( 1712): setLightsOn(true)
06-05 15:51:26.009 V/PhoneStatusBar( 1712): setLightsOn(true)
06-05 15:51:26.087 I/System.out(19853): URI: //map
06-05 15:51:26.087 I/System.out(19853): params: {json={"query":"* {text CONTAINS[c] 'Set vehicle as default'}","operation":{"method_name":"query","arguments":[]}}
06-05 15:51:26.087 I/System.out(19853): }
06-05 15:51:26.156 I/System.out(19853): URI: //map
06-05 15:51:26.156 I/System.out(19853): params: {json={"query":"* marked:'Set vehicle as default'","operation":{"method_name":"query","arguments":[]}}
06-05 15:51:26.156 I/System.out(19853): }
06-05 15:51:26.160 W/ResourceType(19853): No package identifier when getting name for resource number 0x00000001
06-05 15:51:26.175 I/System.out(19853): URI: //gesture
06-05 15:51:26.175 I/System.out(19853): params: {json={"query_timeout":5.0,"gestures":[{"query_string":"* marked:'Set vehicle as default'","touches":[{"x":50,"y":50,"offset_x":0,"offset_y":0,"wait":0.0,"time":0.2,"release":true,"query_string":null}]}]}
06-05 15:51:26.175 I/System.out(19853): }
06-05 15:51:26.179 W/ResourceType(19853): No package identifier when getting name for resource number 0x00000001
06-05 15:51:26.580 V/PhoneStatusBar( 1712): setLightsOn(true)
06-05 15:51:26.581 V/PhoneStatusBar( 1712): setLightsOn(true)
06-05 15:51:26.583 W/InputEventReceiver(19853): Attempted to finish an input event but the input event receiver has already been disposed.
