06-05 20:00:35.434 I/WindowManager( 1629): Destroying surface Surface(name=PopupWindow:90c075d) called by com.android.server.wm.WindowStateAnimator.destroySurface:2016 com.android.server.wm.WindowStateAnimator.destroySurfaceLocked:882 com.android.server.wm.WindowState.destroyOrSaveSurface:2100 com.android.server.wm.AppWindowToken.destroySurfaces:363 com.android.server.wm.WindowStateAnimator.finishExit:565 com.android.server.wm.WindowStateAnimator.stepAnimationLocked:491 com.android.server.wm.WindowAnimator.updateWindowsLocked:303 com.android.server.wm.WindowAnimator.animateLocked:704 
06-05 20:00:35.435 V/PhoneStatusBar( 1711): setLightsOn(true)
06-05 20:00:35.436 V/PhoneStatusBar( 1711): setLightsOn(true)
06-05 20:00:36.070 I/System.out(21786): URI: //
06-05 20:00:36.070 I/System.out(21786): params: {json={"command":"set_selection","arguments":[-1,-1]}
06-05 20:00:36.070 I/System.out(21786): }
06-05 20:00:36.070 I/System.out(21786): header: {content-type=application/json;charset=utf-8, date=Sat, 06 Jun 2020 01:00:36 GMT, accept=*/*, host=127.0.0.1:34783, content-length=47, user-agent=HTTPClient/1.0 (2.8.3, ruby 2.5.1 (2018-03-29))}
06-05 20:00:36.070 I/System.out(21786): params: {json={"command":"set_selection","arguments":[-1,-1]}
06-05 20:00:36.070 I/System.out(21786): }
06-05 20:00:36.070 I/System.out(21786): ProP json = {"command":"set_selection","arguments":[-1,-1]}
06-05 20:00:36.071 I/System.out(21786): files: {}
06-05 20:00:36.071 I/System.out(21786): command: {"command":"set_selection","arguments":[-1,-1]}
06-05 20:00:36.072 I/InstrumentationBackend(21786): Got command:'Command:'Line:null,set_selection', arguments:'[-1, -1]'
06-05 20:00:36.074 I/System.out(21786): result:{"bonusInformation":[],"message":"","success":true}
06-05 20:00:36.087 I/System.out(21786): URI: //
06-05 20:00:36.087 I/System.out(21786): params: {json={"command":"keyboard_enter_text","arguments":["Gray Brown"]}
06-05 20:00:36.087 I/System.out(21786): }
06-05 20:00:36.087 I/System.out(21786): header: {content-type=application/json;charset=utf-8, date=Sat, 06 Jun 2020 01:00:36 GMT, accept=*/*, host=127.0.0.1:34783, content-length=60, user-agent=HTTPClient/1.0 (2.8.3, ruby 2.5.1 (2018-03-29))}
06-05 20:00:36.087 I/System.out(21786): params: {json={"command":"keyboard_enter_text","arguments":["Gray Brown"]}
06-05 20:00:36.087 I/System.out(21786): }
06-05 20:00:36.087 I/System.out(21786): ProP json = {"command":"keyboard_enter_text","arguments":["Gray Brown"]}
06-05 20:00:36.087 I/System.out(21786): files: {}
06-05 20:00:36.087 I/System.out(21786): command: {"command":"keyboard_enter_text","arguments":["Gray Brown"]}
06-05 20:00:36.088 I/InstrumentationBackend(21786): Got command:'Command:'Line:null,keyboard_enter_text', arguments:'[Gray Brown]'
06-05 20:00:36.089 E/SpannableStringBuilder(21786): SPAN_EXCLUSIVE_EXCLUSIVE spans cannot have a zero length
06-05 20:00:36.089 E/SpannableStringBuilder(21786): SPAN_EXCLUSIVE_EXCLUSIVE spans cannot have a zero length
06-05 20:00:36.092 I/LatinIME:LogUtils( 1696): Dictionary info: dictionary = spellcheck_userunigram.en_US ; version = 1591405236 ; date = ?
06-05 20:00:36.093 E/SpannableStringBuilder(21786): SPAN_EXCLUSIVE_EXCLUSIVE spans cannot have a zero length
06-05 20:00:36.093 E/SpannableStringBuilder(21786): SPAN_EXCLUSIVE_EXCLUSIVE spans cannot have a zero length
06-05 20:00:36.096 I/LatinIME:LogUtils( 1696): Dictionary info: dictionary = main:en ; version = 54 ; date = 1414726273
06-05 20:00:36.097 I/System.out(21786): result:{"bonusInformation":[],"message":"","success":true}
06-05 20:00:36.099 I/System.out(21786): URI: //
06-05 20:00:36.099 I/System.out(21786): params: {json={"command":"press_key","arguments":["KEYCODE_BACK"]}
06-05 20:00:36.099 I/System.out(21786): }
06-05 20:00:36.099 I/System.out(21786): header: {content-type=application/json;charset=utf-8, date=Sat, 06 Jun 2020 01:00:36 GMT, accept=*/*, host=127.0.0.1:34783, content-length=52, user-agent=HTTPClient/1.0 (2.8.3, ruby 2.5.1 (2018-03-29))}
06-05 20:00:36.099 I/System.out(21786): params: {json={"command":"press_key","arguments":["KEYCODE_BACK"]}
06-05 20:00:36.099 I/System.out(21786): }
06-05 20:00:36.100 I/System.out(21786): ProP json = {"command":"press_key","arguments":["KEYCODE_BACK"]}
06-05 20:00:36.100 I/System.out(21786): files: {}
06-05 20:00:36.100 I/System.out(21786): command: {"command":"press_key","arguments":["KEYCODE_BACK"]}
06-05 20:00:36.100 I/InstrumentationBackend(21786): Got command:'Command:'Line:null,press_key', arguments:'[KEYCODE_BACK]'
06-05 20:00:36.103 I/art     (21786): Compiler allocated 7MB to compile sh.calaba.instrumentationbackend.actions.NanoHTTPD$Response sh.calaba.instrumentationbackend.actions.HttpServer.serve(java.lang.String, java.lang.String, java.util.Properties, java.util.Properties, java.util.Properties)
06-05 20:00:36.138 W/InputMethodService( 1696): Window size has been changed. This may cause jankiness of resizing window: -1 -> -2
06-05 20:00:36.139 I/System.out(21786): result:{"bonusInformation":[],"message":"","success":true}
06-05 20:00:36.141 I/System.out(21786): URI: //map
06-05 20:00:36.141 I/System.out(21786): params: {json={"query":"* marked:'Save changes'","operation":{"method_name":"query","arguments":[]}}
06-05 20:00:36.141 I/System.out(21786): }
06-05 20:00:36.145 W/ResourceType(21786): No package identifier when getting name for resource number 0x00000001
06-05 20:00:36.151 D/EGL_emulation( 1711): eglMakeCurrent: 0x9f1709c0: ver 2 0 (tinfo 0xa0e61d00)
06-05 20:00:36.152 D/EGL_emulation( 1696): eglMakeCurrent: 0xa38054e0: ver 2 0 (tinfo 0xa38035d0)
06-05 20:00:36.152 I/System.out(21786): URI: //gesture
06-05 20:00:36.152 I/System.out(21786): params: {json={"query_timeout":5.0,"gestures":[{"query_string":"* marked:'Save changes'","touches":[{"x":50,"y":50,"offset_x":0,"offset_y":0,"wait":0.0,"time":0.2,"release":true,"query_string":null}]}]}
06-05 20:00:36.152 I/System.out(21786): }
06-05 20:00:36.154 V/PhoneStatusBar( 1711): setLightsOn(true)
06-05 20:00:36.155 V/PhoneStatusBar( 1711): setLightsOn(true)
06-05 20:00:36.170 V/PhoneStatusBar( 1711): setLightsOn(true)
06-05 20:00:36.186 W/ResourceType(21786): No package identifier when getting name for resource number 0x00000001
06-05 20:00:36.335 V/PhoneStatusBar( 1711): setLightsOn(true)
06-05 20:00:36.335 I/WindowManager( 1629): Destroying surface Surface(name=InputMethod) called by com.android.server.wm.WindowStateAnimator.destroySurface:2016 com.android.server.wm.WindowStateAnimator.destroySurfaceLocked:882 com.android.server.wm.WindowState.destroyOrSaveSurface:2100 com.android.server.wm.WindowSurfacePlacer.performSurfacePlacementInner:429 com.android.server.wm.WindowSurfacePlacer.performSurfacePlacementLoop:232 com.android.server.wm.WindowSurfacePlacer.performSurfacePlacement:180 com.android.server.wm.WindowManagerService$H.handleMessage:8086 android.os.Handler.dispatchMessage:102 
06-05 20:00:36.423 W/audio_hw_generic( 1394): Not supplying enough data to HAL, expected position 104725636 , only wrote 104725440
06-05 20:00:36.424 V/PhoneStatusBar( 1711): setLightsOn(true)
06-05 20:00:36.426 V/PhoneStatusBar( 1711): setLightsOn(true)
06-05 20:00:36.428 D/Mileage.ABS(21786): Finished backup
06-05 20:00:36.428 I/System.out(21786): URI: //map
06-05 20:00:36.428 I/System.out(21786): params: {json={"query":"* {text CONTAINS[c] 'Javier Vehicle'}","operation":{"method_name":"query","arguments":[]}}
06-05 20:00:36.428 I/System.out(21786): }
06-05 20:00:36.429 D/Mileage.ABS(21786): Not backing up; 4
06-05 20:00:36.429 D/Mileage.ABS(21786): Not backing up; 4
06-05 20:00:36.435 D/EGL_emulation( 1711): eglMakeCurrent: 0x9f1709c0: ver 2 0 (tinfo 0xa0e61d00)
06-05 20:00:36.435 V/PhoneStatusBar( 1711): setLightsOn(true)
06-05 20:00:36.478 W/ActivityManager( 1629): Bad activity token: android.os.BinderProxy@ad9a3ed
06-05 20:00:36.478 W/ActivityManager( 1629): java.lang.ClassCastException: android.os.BinderProxy cannot be cast to com.android.server.am.ActivityRecord$Token
06-05 20:00:36.478 W/ActivityManager( 1629): 	at com.android.server.am.ActivityRecord.forTokenLocked(ActivityRecord.java:586)
06-05 20:00:36.478 W/ActivityManager( 1629): 	at com.android.server.am.ActivityRecord.isInStackLocked(ActivityRecord.java:1327)
06-05 20:00:36.478 W/ActivityManager( 1629): 	at com.android.server.am.ActivityManagerService.getActivityOptions(ActivityManagerService.java:12559)
06-05 20:00:36.478 W/ActivityManager( 1629): 	at android.app.ActivityManagerNative.onTransact(ActivityManagerNative.java:1933)
06-05 20:00:36.478 W/ActivityManager( 1629): 	at com.android.server.am.ActivityManagerService.onTransact(ActivityManagerService.java:2757)
06-05 20:00:36.478 W/ActivityManager( 1629): 	at android.os.Binder.execTransact(Binder.java:565)
06-05 20:00:36.501 V/PhoneStatusBar( 1711): setLightsOn(true)
06-05 20:00:36.502 D/gralloc_ranchu( 1348): gralloc_alloc: Creating ashmem region of size 9023488
06-05 20:00:36.504 I/System.out(21786): URI: //map
06-05 20:00:36.504 I/System.out(21786): params: {json={"query":"* {text CONTAINS[c] 'Gray Brown'}","operation":{"method_name":"query","arguments":[]}}
06-05 20:00:36.504 I/System.out(21786): }
06-05 20:00:36.535 V/PhoneStatusBar( 1711): setLightsOn(true)
06-05 20:00:36.548 W/IInputConnectionWrapper(21786): finishComposingText on inactive InputConnection
06-05 20:00:36.551 V/PhoneStatusBar( 1711): setLightsOn(true)
06-05 20:00:36.568 V/PhoneStatusBar( 1711): setLightsOn(true)
