--------- beginning of main
06-05 19:58:51.316 V/PhoneStatusBar( 1711): setLightsOn(true)
06-05 19:58:51.316 V/PhoneStatusBar( 1711): setLightsOn(true)
--------- beginning of system
06-05 19:58:51.317 W/ActivityManager( 1629): Finishing task with all activities already finished
06-05 19:58:51.317 W/ActivityManager( 1629): Duplicate finish request for ActivityRecord{57f9b53 u0 com.evancharlton.mileage/.Mileage t4434 f}
06-05 19:58:51.336 D/gralloc_ranchu( 1348): gralloc_alloc: Creating ashmem region of size 3145728
06-05 19:58:51.342 E/EGL_emulation( 1348): tid 1348: eglCreateSyncKHR(1901): error 0x3004 (EGL_BAD_ATTRIBUTE)
06-05 19:58:51.357 W/ActivityManager( 1629): Finishing task with all activities already finished
06-05 19:58:51.357 W/ActivityManager( 1629): Duplicate finish request for ActivityRecord{57f9b53 u0 com.evancharlton.mileage/.Mileage t4434 f}
06-05 19:58:51.357 W/ActivityManager( 1629): Finishing task with all activities already finished
06-05 19:58:51.357 W/ActivityManager( 1629): Duplicate finish request for ActivityRecord{57f9b53 u0 com.evancharlton.mileage/.Mileage t4434 f}
06-05 19:58:51.357 W/ActivityManager( 1629): Finishing task with all activities already finished
06-05 19:58:51.357 W/ActivityManager( 1629): Duplicate finish request for ActivityRecord{57f9b53 u0 com.evancharlton.mileage/.Mileage t4434 f}
06-05 19:58:51.357 W/ActivityManager( 1629): Finishing task with all activities already finished
06-05 19:58:51.357 W/ActivityManager( 1629): Duplicate finish request for ActivityRecord{57f9b53 u0 com.evancharlton.mileage/.Mileage t4434 f}
06-05 19:58:51.376 D/EGL_emulation( 1711): eglMakeCurrent: 0x9f1709c0: ver 2 0 (tinfo 0xa0e61d00)
06-05 19:58:51.385 D/EGL_emulation( 1711): eglMakeCurrent: 0x9f1709c0: ver 2 0 (tinfo 0xa0e61d00)
06-05 19:58:51.386 D/EGL_emulation( 2147): eglMakeCurrent: 0xa3805360: ver 2 0 (tinfo 0xa3803630)
06-05 19:58:51.386 W/OpenGLRenderer( 2147): Incorrectly called buildLayer on View: ShortcutAndWidgetContainer, destroying layer...
06-05 19:58:51.389 D/EGL_emulation( 1711): eglMakeCurrent: 0x9f1709c0: ver 2 0 (tinfo 0xa0e61d00)
06-05 19:58:51.401 D/EGL_emulation( 1711): eglMakeCurrent: 0x9f1709c0: ver 2 0 (tinfo 0xa0e61d00)
06-05 19:58:51.404 D/EGL_emulation( 1711): eglMakeCurrent: 0x9f1709c0: ver 2 0 (tinfo 0xa0e61d00)
06-05 19:58:51.418 D/EGL_emulation( 1711): eglMakeCurrent: 0x9f1709c0: ver 2 0 (tinfo 0xa0e61d00)
06-05 19:58:51.420 D/EGL_emulation( 1711): eglMakeCurrent: 0x9f1709c0: ver 2 0 (tinfo 0xa0e61d00)
06-05 19:58:51.423 D/AndroidRuntime(19087): >>>>>> START com.android.internal.os.RuntimeInit uid 2000 <<<<<<
06-05 19:58:51.424 D/AndroidRuntime(19087): CheckJNI is ON
06-05 19:58:51.435 D/EGL_emulation( 1711): eglMakeCurrent: 0x9f1709c0: ver 2 0 (tinfo 0xa0e61d00)
06-05 19:58:51.436 D/EGL_emulation( 1711): eglMakeCurrent: 0x9f1709c0: ver 2 0 (tinfo 0xa0e61d00)
06-05 19:58:51.437 W/art     (19087): Unexpected CPU variant for X86 using defaults: x86
06-05 19:58:51.439 D/ICU     (19087): No timezone override file found: /data/misc/zoneinfo/current/icu/icu_tzdata.dat
06-05 19:58:51.446 E/memtrack(19087): Couldn't load memtrack module (No such file or directory)
06-05 19:58:51.446 E/android.os.Debug(19087): failed to load memtrack module: -2
06-05 19:58:51.447 I/Radio-JNI(19087): register_android_hardware_Radio DONE
06-05 19:58:51.450 D/AndroidRuntime(19087): Calling main entry com.android.commands.am.Am
06-05 19:58:51.451 D/EGL_emulation( 1711): eglMakeCurrent: 0x9f1709c0: ver 2 0 (tinfo 0xa0e61d00)
06-05 19:58:51.452 I/ActivityManager( 1629): Force stopping com.evancharlton.mileage appid=10196 user=0: start instr
06-05 19:58:51.452 I/ActivityManager( 1629): Killing 19046:com.evancharlton.mileage/u0a196 (adj 0): stop com.evancharlton.mileage
06-05 19:58:51.452 D/ActivityManager( 1629): cleanUpApplicationRecord -- 19046
06-05 19:58:51.453 D/EGL_emulation( 1711): eglMakeCurrent: 0x9f1709c0: ver 2 0 (tinfo 0xa0e61d00)
06-05 19:58:51.454 W/InputDispatcher( 1629): channel '91dd63e com.evancharlton.mileage/com.evancharlton.mileage.Mileage (server)' ~ Consumer closed input channel or an error occurred.  events=0x9
06-05 19:58:51.454 W/ActivityManager( 1629): Crash of app com.evancharlton.mileage running instrumentation ComponentInfo{com.evancharlton.mileage.test/sh.calaba.instrumentationbackend.CalabashInstrumentationTestRunner}
06-05 19:58:51.454 E/InputDispatcher( 1629): channel '91dd63e com.evancharlton.mileage/com.evancharlton.mileage.Mileage (server)' ~ Channel is unrecoverably broken and will be disposed!
06-05 19:58:51.454 I/ActivityManager( 1629): Force stopping com.evancharlton.mileage appid=10196 user=0: finished inst
06-05 19:58:51.454 I/WindowManager( 1629): WIN DEATH: Window{91dd63e u0 com.evancharlton.mileage/com.evancharlton.mileage.Mileage EXITING}
06-05 19:58:51.454 W/InputDispatcher( 1629): Attempted to unregister already unregistered input channel '91dd63e com.evancharlton.mileage/com.evancharlton.mileage.Mileage (server)'
06-05 19:58:51.456 I/art     (19097): Not late-enabling -Xcheck:jni (already on)
06-05 19:58:51.456 W/art     (19097): Unexpected CPU variant for X86 using defaults: x86
06-05 19:58:51.464 I/ActivityManager( 1629): Start proc 19097:com.evancharlton.mileage/u0a196 for added application com.evancharlton.mileage
06-05 19:58:51.465 D/AndroidRuntime(19087): Shutting down VM
06-05 19:58:51.468 D/EGL_emulation( 1711): eglMakeCurrent: 0x9f1709c0: ver 2 0 (tinfo 0xa0e61d00)
06-05 19:58:51.469 W/System  (19097): ClassLoader referenced unknown path: /data/app/com.evancharlton.mileage.test-1/lib/x86
06-05 19:58:51.469 W/System  (19097): ClassLoader referenced unknown path: /data/app/com.evancharlton.mileage-1/lib/x86
06-05 19:58:51.471 W/System  (19097): ClassLoader referenced unknown path: 
06-05 19:58:51.472 D/EGL_emulation( 1711): eglMakeCurrent: 0x9f1709c0: ver 2 0 (tinfo 0xa0e61d00)
06-05 19:58:51.475 I/System.out(19097): Main activity name automatically set to: com.evancharlton.mileage.Mileage
06-05 19:58:51.475 I/System.out(19097): Calabash did not load Mono. This is only a problem if you are trying to test a Mono application
06-05 19:58:51.475 I/calabash(19097): Test server port: 7102
06-05 19:58:51.476 I/InstrumentationBackend(19097): Added:'GetPreferences', with key:'get_preferences'
06-05 19:58:51.479 I/InstrumentationBackend(19097): Added:'SetPreferences', with key:'set_preferences'
06-05 19:58:51.479 I/InstrumentationBackend(19097): Added:'ClearPreferences', with key:'clear_preferences'
06-05 19:58:51.479 I/InstrumentationBackend(19097): Added:'PressElement', with key:'press_l10n_element'
06-05 19:58:51.479 I/InstrumentationBackend(19097): Added:'WaitForElement', with key:'wait_for_l10n_element'
06-05 19:58:51.479 I/InstrumentationBackend(19097): Added:'NullAction', with key:'nullAction'
06-05 19:58:51.479 I/InstrumentationBackend(19097): Added:'PressKey', with key:'press_key'
06-05 19:58:51.479 I/InstrumentationBackend(19097): Added:'SetActivityOrientation', with key:'set_activity_orientation'
06-05 19:58:51.480 I/InstrumentationBackend(19097): Added:'GetActivityOrientation', with key:'get_activity_orientation'
06-05 19:58:51.480 I/InstrumentationBackend(19097): Added:'FakeGPSLocation', with key:'set_gps_coordinates'
06-05 19:58:51.480 I/InstrumentationBackend(19097): Added:'SetPropertyByCssSelector', with key:'set_property_by_css_selector'
06-05 19:58:51.480 I/InstrumentationBackend(19097): Added:'GetUrl', with key:'get_url'
06-05 19:58:51.480 I/InstrumentationBackend(19097): Added:'ScrollTo', with key:'scroll_to'
06-05 19:58:51.480 I/InstrumentationBackend(19097): Added:'GetLoadProgress', with key:'get_load_progress'
06-05 19:58:51.480 I/InstrumentationBackend(19097): Added:'DumpHtml', with key:'dump_html'
06-05 19:58:51.480 I/InstrumentationBackend(19097): Added:'DumpBodyHtml', with key:'dump_body_html'
06-05 19:58:51.480 I/InstrumentationBackend(19097): Added:'EnterTextByCssSelector', with key:'enter_text_by_selector'
06-05 19:58:51.480 I/InstrumentationBackend(19097): Added:'AndroidSDKVersion', with key:'android_sdk_version'
06-05 19:58:51.480 I/InstrumentationBackend(19097): Added:'Version', with key:'version'
06-05 19:58:51.480 I/InstrumentationBackend(19097): Added:'Drag', with key:'drag'
06-05 19:58:51.480 I/InstrumentationBackend(19097): Added:'TouchCoordinates', with key:'touch_coordinate'
06-05 19:58:51.480 I/InstrumentationBackend(19097): Added:'LongPressCoordinate', with key:'long_press_coordinate'
06-05 19:58:51.480 I/InstrumentationBackend(19097): Added:'DragCoordinates', with key:'drag_coordinates'
06-05 19:58:51.480 I/InstrumentationBackend(19097): Added:'ResumeApplication', with key:'resume_application'
06-05 19:58:51.480 I/InstrumentationBackend(19097): Added:'Swipe', with key:'swipe'
06-05 19:58:51.481 I/InstrumentationBackend(19097): Added:'DoubleTapCoordinate', with key:'double_tap_coordinate'
06-05 19:58:51.481 I/InstrumentationBackend(19097): Added:'ClickOnScreen', with key:'click_on_screen'
06-05 19:58:51.481 I/InstrumentationBackend(19097): Added:'GetActivityName', with key:'get_activity_name'
06-05 19:58:51.481 I/InstrumentationBackend(19097): Added:'ScrollToView', with key:'scroll_to_view'
06-05 19:58:51.481 I/InstrumentationBackend(19097): Added:'ViewConfiguration', with key:'view_configuration'
06-05 19:58:51.481 I/InstrumentationBackend(19097): Added:'IsCurrentActivityFocused', with key:'is_current_activity_focused'
06-05 19:58:51.481 I/InstrumentationBackend(19097): Added:'SendTcp', with key:'send_tcp'
06-05 19:58:51.481 I/InstrumentationBackend(19097): Added:'DpToDevicePixel', with key:'dp_to_device_pixel'
06-05 19:58:51.481 I/InstrumentationBackend(19097): Added:'KeyboardEnterText', with key:'keyboard_enter_text'
06-05 19:58:51.481 I/InstrumentationBackend(19097): Added:'DeleteSurroundingText', with key:'delete_surrounding_text'
06-05 19:58:51.481 I/InstrumentationBackend(19097): Added:'SetComposingRegion', with key:'set_composing_region'
06-05 19:58:51.481 I/InstrumentationBackend(19097): Added:'SetSelection', with key:'set_selection'
06-05 19:58:51.481 I/InstrumentationBackend(19097): Added:'KeyboardKeyEvent', with key:'keyboard_key_event'
06-05 19:58:51.481 I/InstrumentationBackend(19097): Added:'PressUserActionButton', with key:'press_user_action_button'
06-05 19:58:51.481 I/InstrumentationBackend(19097): Added:'HideSoftKeyboard', with key:'hide_soft_keyboard'
06-05 19:58:51.481 I/InstrumentationBackend(19097): Added:'ListActions', with key:'list_actions'
06-05 19:58:51.481 I/calabash(19097): Instantiating http server at 7102
06-05 19:58:51.482 I/System.out(19097): HTTP Daemon listening on: 7102
06-05 19:58:51.485 D/EGL_emulation( 1711): eglMakeCurrent: 0x9f1709c0: ver 2 0 (tinfo 0xa0e61d00)
06-05 19:58:51.486 D/EGL_emulation( 1711): eglMakeCurrent: 0x9f1709c0: ver 2 0 (tinfo 0xa0e61d00)
06-05 19:58:51.503 D/EGL_emulation( 1711): eglMakeCurrent: 0x9f1709c0: ver 2 0 (tinfo 0xa0e61d00)
06-05 19:58:51.510 D/EGL_emulation( 1711): eglMakeCurrent: 0x9f1709c0: ver 2 0 (tinfo 0xa0e61d00)
06-05 19:58:51.520 D/EGL_emulation( 1711): eglMakeCurrent: 0x9f1709c0: ver 2 0 (tinfo 0xa0e61d00)
06-05 19:58:51.526 D/EGL_emulation( 1711): eglMakeCurrent: 0x9f1709c0: ver 2 0 (tinfo 0xa0e61d00)
06-05 19:58:51.538 D/EGL_emulation( 1711): eglMakeCurrent: 0x9f1709c0: ver 2 0 (tinfo 0xa0e61d00)
06-05 19:58:51.542 D/EGL_emulation( 1711): eglMakeCurrent: 0x9f1709c0: ver 2 0 (tinfo 0xa0e61d00)
06-05 19:58:51.552 D/EGL_emulation( 1711): eglMakeCurrent: 0x9f1709c0: ver 2 0 (tinfo 0xa0e61d00)
06-05 19:58:51.554 D/EGL_emulation( 1711): eglMakeCurrent: 0x9f1709c0: ver 2 0 (tinfo 0xa0e61d00)
06-05 19:58:51.569 D/EGL_emulation( 1711): eglMakeCurrent: 0x9f1709c0: ver 2 0 (tinfo 0xa0e61d00)
06-05 19:58:51.574 I/System.out(19097): URI: //ping
06-05 19:58:51.574 I/System.out(19097): params: {json={}
06-05 19:58:51.574 I/System.out(19097): }
06-05 19:58:51.576 I/System.out(19097): URI: //ping
06-05 19:58:51.576 I/System.out(19097): params: {json={}
06-05 19:58:51.576 I/System.out(19097): }
06-05 19:58:51.579 I/System.out(19097): URI: //ready
06-05 19:58:51.579 I/System.out(19097): params: {json={}
06-05 19:58:51.579 I/System.out(19097): }
06-05 19:58:51.582 I/System.out(19097): URI: //
06-05 19:58:51.582 I/System.out(19097): params: {json={"command":"version","arguments":[]}
06-05 19:58:51.582 I/System.out(19097): }
06-05 19:58:51.582 I/System.out(19097): header: {content-type=application/json;charset=utf-8, date=Sat, 06 Jun 2020 00:58:52 GMT, accept=*/*, host=127.0.0.1:34783, content-length=36, user-agent=HTTPClient/1.0 (2.8.3, ruby 2.5.1 (2018-03-29))}
06-05 19:58:51.582 I/System.out(19097): params: {json={"command":"version","arguments":[]}
06-05 19:58:51.582 I/System.out(19097): }
06-05 19:58:51.582 I/System.out(19097): ProP json = {"command":"version","arguments":[]}
06-05 19:58:51.582 I/System.out(19097): files: {}
06-05 19:58:51.582 I/System.out(19097): command: {"command":"version","arguments":[]}
06-05 19:58:51.585 D/EGL_emulation( 1711): eglMakeCurrent: 0x9f1709c0: ver 2 0 (tinfo 0xa0e61d00)
06-05 19:58:51.587 D/EGL_emulation( 1711): eglMakeCurrent: 0x9f1709c0: ver 2 0 (tinfo 0xa0e61d00)
06-05 19:58:51.588 I/InstrumentationBackend(19097): Got command:'Command:'Line:null,version', arguments:'[]'
06-05 19:58:51.596 I/System.out(19097): result:{"bonusInformation":[],"message":"0.9.8","success":true}
06-05 19:58:51.599 I/System.out(19097): URI: //start-application
06-05 19:58:51.599 I/System.out(19097): params: {json={"intent":null}
06-05 19:58:51.599 I/System.out(19097): }
06-05 19:58:51.607 I/ActivityManager( 1629): START u0 {act=android.intent.action.MAIN cat=[android.intent.category.LAUNCHER] flg=0x10200000 cmp=com.evancharlton.mileage/.Mileage} from uid 10196 on display 0
06-05 19:58:51.612 I/calabash(19097): newActivity1
06-05 19:58:51.620 I/calabash(19097): newActivity1
06-05 19:58:51.620 W/ActivityManager( 1629): Bad activity token: android.os.BinderProxy@a154b9e
06-05 19:58:51.620 W/ActivityManager( 1629): java.lang.ClassCastException: android.os.BinderProxy cannot be cast to com.android.server.am.ActivityRecord$Token
06-05 19:58:51.620 W/ActivityManager( 1629): 	at com.android.server.am.ActivityRecord.forTokenLocked(ActivityRecord.java:586)
06-05 19:58:51.620 W/ActivityManager( 1629): 	at com.android.server.am.ActivityRecord.isInStackLocked(ActivityRecord.java:1327)
06-05 19:58:51.620 W/ActivityManager( 1629): 	at com.android.server.am.ActivityRecord.getStackLocked(ActivityRecord.java:1332)
06-05 19:58:51.620 W/ActivityManager( 1629): 	at com.android.server.am.ActivityManagerService.getActivityDisplayId(ActivityManagerService.java:9806)
06-05 19:58:51.620 W/ActivityManager( 1629): 	at android.app.ActivityManagerNative.onTransact(ActivityManagerNative.java:2566)
06-05 19:58:51.620 W/ActivityManager( 1629): 	at com.android.server.am.ActivityManagerService.onTransact(ActivityManagerService.java:2757)
06-05 19:58:51.620 W/ActivityManager( 1629): 	at android.os.Binder.execTransact(Binder.java:565)
06-05 19:58:51.621 W/ActivityManager( 1629): Bad activity token: android.os.BinderProxy@a154b9e
06-05 19:58:51.621 W/ActivityManager( 1629): java.lang.ClassCastException: android.os.BinderProxy cannot be cast to com.android.server.am.ActivityRecord$Token
06-05 19:58:51.621 W/ActivityManager( 1629): 	at com.android.server.am.ActivityRecord.forTokenLocked(ActivityRecord.java:586)
06-05 19:58:51.621 W/ActivityManager( 1629): 	at com.android.server.am.ActivityRecord.isInStackLocked(ActivityRecord.java:1327)
06-05 19:58:51.621 W/ActivityManager( 1629): 	at com.android.server.am.ActivityManagerService.setTaskDescription(ActivityManagerService.java:9358)
06-05 19:58:51.621 W/ActivityManager( 1629): 	at android.app.ActivityManagerNative.onTransact(ActivityManagerNative.java:2639)
06-05 19:58:51.621 W/ActivityManager( 1629): 	at com.android.server.am.ActivityManagerService.onTransact(ActivityManagerService.java:2757)
06-05 19:58:51.621 W/ActivityManager( 1629): 	at android.os.Binder.execTransact(Binder.java:565)
06-05 19:58:51.621 W/ActivityManager( 1629): Bad activity token: android.os.BinderProxy@a154b9e
06-05 19:58:51.621 W/ActivityManager( 1629): java.lang.ClassCastException: android.os.BinderProxy cannot be cast to com.android.server.am.ActivityRecord$Token
06-05 19:58:51.621 W/ActivityManager( 1629): 	at com.android.server.am.ActivityRecord.forTokenLocked(ActivityRecord.java:586)
06-05 19:58:51.621 W/ActivityManager( 1629): 	at com.android.server.am.ActivityRecord.isInStackLocked(ActivityRecord.java:1327)
06-05 19:58:51.621 W/ActivityManager( 1629): 	at com.android.server.am.ActivityRecord.getStackLocked(ActivityRecord.java:1332)
06-05 19:58:51.621 W/ActivityManager( 1629): 	at com.android.server.am.ActivityManagerService.getActivityStackId(ActivityManagerService.java:9817)
06-05 19:58:51.621 W/ActivityManager( 1629): 	at android.app.ActivityManagerNative.onTransact(ActivityManagerNative.java:2856)
06-05 19:58:51.621 W/ActivityManager( 1629): 	at com.android.server.am.ActivityManagerService.onTransact(ActivityManagerService.java:2757)
06-05 19:58:51.621 W/ActivityManager( 1629): 	at android.os.Binder.execTransact(Binder.java:565)
06-05 19:58:51.634 W/ActivityManager( 1629): Bad activity token: android.os.BinderProxy@a154b9e
06-05 19:58:51.634 W/ActivityManager( 1629): java.lang.ClassCastException: android.os.BinderProxy cannot be cast to com.android.server.am.ActivityRecord$Token
06-05 19:58:51.634 W/ActivityManager( 1629): 	at com.android.server.am.ActivityRecord.forTokenLocked(ActivityRecord.java:586)
06-05 19:58:51.634 W/ActivityManager( 1629): 	at com.android.server.am.ActivityRecord.isInStackLocked(ActivityRecord.java:1327)
06-05 19:58:51.634 W/ActivityManager( 1629): 	at com.android.server.am.ActivityManagerService.getActivityOptions(ActivityManagerService.java:12559)
06-05 19:58:51.634 W/ActivityManager( 1629): 	at android.app.ActivityManagerNative.onTransact(ActivityManagerNative.java:1933)
06-05 19:58:51.634 W/ActivityManager( 1629): 	at com.android.server.am.ActivityManagerService.onTransact(ActivityManagerService.java:2757)
06-05 19:58:51.634 W/ActivityManager( 1629): 	at android.os.Binder.execTransact(Binder.java:565)
06-05 19:58:51.634 W/ActivityManager( 1629): Bad activity token: android.os.BinderProxy@a154b9e
06-05 19:58:51.634 W/ActivityManager( 1629): java.lang.ClassCastException: android.os.BinderProxy cannot be cast to com.android.server.am.ActivityRecord$Token
06-05 19:58:51.634 W/ActivityManager( 1629): 	at com.android.server.am.ActivityRecord.forTokenLocked(ActivityRecord.java:586)
06-05 19:58:51.634 W/ActivityManager( 1629): 	at com.android.server.am.ActivityRecord.isInStackLocked(ActivityRecord.java:1327)
06-05 19:58:51.634 W/ActivityManager( 1629): 	at com.android.server.am.ActivityManagerService.getActivityOptions(ActivityManagerService.java:12559)
06-05 19:58:51.634 W/ActivityManager( 1629): 	at android.app.ActivityManagerNative.onTransact(ActivityManagerNative.java:1933)
06-05 19:58:51.634 W/ActivityManager( 1629): 	at com.android.server.am.ActivityManagerService.onTransact(ActivityManagerService.java:2757)
06-05 19:58:51.634 W/ActivityManager( 1629): 	at android.os.Binder.execTransact(Binder.java:565)
06-05 19:58:51.634 D/gralloc_ranchu( 1348): gralloc_alloc: Creating ashmem region of size 9023488
06-05 19:58:51.658 V/PhoneStatusBar( 1711): setLightsOn(true)
06-05 19:58:51.668 D/gralloc_ranchu( 1348): gralloc_alloc: Creating ashmem region of size 9023488
06-05 19:58:51.672 D/EGL_emulation( 2147): eglMakeCurrent: 0xa3805360: ver 2 0 (tinfo 0xa3803630)
06-05 19:58:51.672 D/EGL_emulation( 1711): eglMakeCurrent: 0x9f1709c0: ver 2 0 (tinfo 0xa0e61d00)
06-05 19:58:51.672 D/        (19097): HostConnection::get() New Host Connection established 0x91f1d040, tid 19097
06-05 19:58:51.702 D/EGL_emulation( 1711): eglMakeCurrent: 0x9f1709c0: ver 2 0 (tinfo 0xa0e61d00)
06-05 19:58:51.704 D/EGL_emulation( 1711): eglMakeCurrent: 0x9f1709c0: ver 2 0 (tinfo 0xa0e61d00)
06-05 19:58:51.704 V/PhoneStatusBar( 1711): setLightsOn(true)
06-05 19:58:51.706 D/EGL_emulation( 1711): eglMakeCurrent: 0x9f1709c0: ver 2 0 (tinfo 0xa0e61d00)
06-05 19:58:51.707 D/EGL_emulation( 1711): eglMakeCurrent: 0x9f1709c0: ver 2 0 (tinfo 0xa0e61d00)
06-05 19:58:51.717 I/ActivityManager( 1629): Displayed com.evancharlton.mileage/.Mileage: +107ms
06-05 19:58:51.718 D/EGL_emulation( 1711): eglMakeCurrent: 0x9f1709c0: ver 2 0 (tinfo 0xa0e61d00)
06-05 19:58:51.718 D/gralloc_ranchu( 1348): gralloc_alloc: Creating ashmem region of size 9023488
06-05 19:58:51.729 D/EGL_emulation( 1711): eglMakeCurrent: 0x9f1709c0: ver 2 0 (tinfo 0xa0e61d00)
06-05 19:58:51.740 D/EGL_emulation( 1711): eglMakeCurrent: 0x9f1709c0: ver 2 0 (tinfo 0xa0e61d00)
06-05 19:58:51.742 D/EGL_emulation( 1711): eglMakeCurrent: 0x9f1709c0: ver 2 0 (tinfo 0xa0e61d00)
06-05 19:58:51.742 V/PhoneStatusBar( 1711): setLightsOn(true)
06-05 19:58:51.753 D/EGL_emulation( 1711): eglMakeCurrent: 0x9f1709c0: ver 2 0 (tinfo 0xa0e61d00)
06-05 19:58:51.754 D/EGL_emulation( 1711): eglMakeCurrent: 0x9f1709c0: ver 2 0 (tinfo 0xa0e61d00)
06-05 19:58:51.759 I/System.out(19097): URI: //map
06-05 19:58:51.759 I/System.out(19097): params: {json={"query":"* marked:'Statistics'","operation":{"method_name":"query","arguments":[]}}
06-05 19:58:51.759 I/System.out(19097): }
06-05 19:58:51.767 I/WindowManager( 1629): Destroying surface Surface(name=com.evancharlton.mileage/com.evancharlton.mileage.Mileage) called by com.android.server.wm.WindowStateAnimator.destroySurface:2016 com.android.server.wm.WindowStateAnimator.destroySurfaceLocked:882 com.android.server.wm.WindowState.removeLocked:1456 com.android.server.wm.WindowManagerService.removeWindowInnerLocked:2484 com.android.server.wm.AppWindowToken.destroySurfaces:365 com.android.server.wm.WindowStateAnimator.finishExit:565 com.android.server.wm.AppWindowAnimator.stepAnimationLocked:427 com.android.server.wm.WindowAnimator.updateAppWindowsLocked:196 
06-05 19:58:51.768 D/EGL_emulation( 1711): eglMakeCurrent: 0x9f1709c0: ver 2 0 (tinfo 0xa0e61d00)
06-05 19:58:51.769 D/EGL_emulation( 1711): eglMakeCurrent: 0x9f1709c0: ver 2 0 (tinfo 0xa0e61d00)
06-05 19:58:51.772 W/ResourceType(19097): No package identifier when getting name for resource number 0x00000001
06-05 19:58:51.784 D/EGL_emulation( 1711): eglMakeCurrent: 0x9f1709c0: ver 2 0 (tinfo 0xa0e61d00)
06-05 19:58:51.785 I/System.out(19097): URI: //gesture
06-05 19:58:51.785 I/System.out(19097): params: {json={"query_timeout":5.0,"gestures":[{"query_string":"* marked:'Statistics'","touches":[{"x":50,"y":50,"offset_x":0,"offset_y":0,"wait":0.0,"time":0.2,"release":true,"query_string":null}]}]}
06-05 19:58:51.785 I/System.out(19097): }
06-05 19:58:51.786 D/EGL_emulation( 1711): eglMakeCurrent: 0x9f1709c0: ver 2 0 (tinfo 0xa0e61d00)
06-05 19:58:51.786 V/PhoneStatusBar( 1711): setLightsOn(true)
06-05 19:58:51.789 W/ResourceType(19097): No package identifier when getting name for resource number 0x00000001
06-05 19:58:51.801 D/EGL_emulation( 1711): eglMakeCurrent: 0x9f1709c0: ver 2 0 (tinfo 0xa0e61d00)
06-05 19:58:51.809 D/EGL_emulation( 1711): eglMakeCurrent: 0x9f1709c0: ver 2 0 (tinfo 0xa0e61d00)
06-05 19:58:51.818 D/EGL_emulation( 1711): eglMakeCurrent: 0x9f1709c0: ver 2 0 (tinfo 0xa0e61d00)
06-05 19:58:51.823 D/EGL_emulation( 1711): eglMakeCurrent: 0x9f1709c0: ver 2 0 (tinfo 0xa0e61d00)
06-05 19:58:51.835 D/EGL_emulation( 1711): eglMakeCurrent: 0x9f1709c0: ver 2 0 (tinfo 0xa0e61d00)
06-05 19:58:51.836 D/EGL_emulation( 1711): eglMakeCurrent: 0x9f1709c0: ver 2 0 (tinfo 0xa0e61d00)
06-05 19:58:51.851 D/EGL_emulation( 1711): eglMakeCurrent: 0x9f1709c0: ver 2 0 (tinfo 0xa0e61d00)
06-05 19:58:51.853 D/EGL_emulation( 1711): eglMakeCurrent: 0x9f1709c0: ver 2 0 (tinfo 0xa0e61d00)
06-05 19:58:51.868 D/EGL_emulation( 1711): eglMakeCurrent: 0x9f1709c0: ver 2 0 (tinfo 0xa0e61d00)
06-05 19:58:51.871 D/EGL_emulation( 1711): eglMakeCurrent: 0x9f1709c0: ver 2 0 (tinfo 0xa0e61d00)
06-05 19:58:51.886 D/EGL_emulation( 1711): eglMakeCurrent: 0x9f1709c0: ver 2 0 (tinfo 0xa0e61d00)
06-05 19:58:51.902 I/WindowManager( 1629): Destroying surface Surface(name=Starting com.evancharlton.mileage) called by com.android.server.wm.WindowStateAnimator.destroySurface:2016 com.android.server.wm.WindowStateAnimator.destroySurfaceLocked:882 com.android.server.wm.WindowState.destroyOrSaveSurface:2100 com.android.server.wm.AppWindowToken.destroySurfaces:363 com.android.server.wm.WindowStateAnimator.finishExit:565 com.android.server.wm.WindowStateAnimator.stepAnimationLocked:491 com.android.server.wm.WindowAnimator.updateWindowsLocked:303 com.android.server.wm.WindowAnimator.animateLocked:704 
06-05 19:58:51.905 V/PhoneStatusBar( 1711): setLightsOn(true)
06-05 19:58:51.909 V/PhoneStatusBar( 1711): setLightsOn(true)
06-05 19:58:52.023 I/calabash(19097): newActivity1
06-05 19:58:52.046 I/System.out(19097): URI: //map
06-05 19:58:52.046 I/System.out(19097): params: {json={"query":"* {text CONTAINS[c] 'Average distance'}","operation":{"method_name":"query","arguments":[]}}
06-05 19:58:52.046 I/System.out(19097): }
06-05 19:58:52.054 W/ActivityManager( 1629): Bad activity token: android.os.BinderProxy@82d0268
06-05 19:58:52.054 W/ActivityManager( 1629): java.lang.ClassCastException: android.os.BinderProxy cannot be cast to com.android.server.am.ActivityRecord$Token
06-05 19:58:52.054 W/ActivityManager( 1629): 	at com.android.server.am.ActivityRecord.forTokenLocked(ActivityRecord.java:586)
06-05 19:58:52.054 W/ActivityManager( 1629): 	at com.android.server.am.ActivityRecord.isInStackLocked(ActivityRecord.java:1327)
06-05 19:58:52.054 W/ActivityManager( 1629): 	at com.android.server.am.ActivityRecord.getStackLocked(ActivityRecord.java:1332)
06-05 19:58:52.054 W/ActivityManager( 1629): 	at com.android.server.am.ActivityManagerService.getActivityDisplayId(ActivityManagerService.java:9806)
06-05 19:58:52.054 W/ActivityManager( 1629): 	at android.app.ActivityManagerNative.onTransact(ActivityManagerNative.java:2566)
06-05 19:58:52.054 W/ActivityManager( 1629): 	at com.android.server.am.ActivityManagerService.onTransact(ActivityManagerService.java:2757)
06-05 19:58:52.054 W/ActivityManager( 1629): 	at android.os.Binder.execTransact(Binder.java:565)
06-05 19:58:52.055 W/ActivityManager( 1629): Bad activity token: android.os.BinderProxy@82d0268
06-05 19:58:52.055 W/ActivityManager( 1629): java.lang.ClassCastException: android.os.BinderProxy cannot be cast to com.android.server.am.ActivityRecord$Token
06-05 19:58:52.055 W/ActivityManager( 1629): 	at com.android.server.am.ActivityRecord.forTokenLocked(ActivityRecord.java:586)
06-05 19:58:52.055 W/ActivityManager( 1629): 	at com.android.server.am.ActivityRecord.isInStackLocked(ActivityRecord.java:1327)
06-05 19:58:52.055 W/ActivityManager( 1629): 	at com.android.server.am.ActivityManagerService.setTaskDescription(ActivityManagerService.java:9358)
06-05 19:58:52.055 W/ActivityManager( 1629): 	at android.app.ActivityManagerNative.onTransact(ActivityManagerNative.java:2639)
06-05 19:58:52.055 W/ActivityManager( 1629): 	at com.android.server.am.ActivityManagerService.onTransact(ActivityManagerService.java:2757)
06-05 19:58:52.055 W/ActivityManager( 1629): 	at android.os.Binder.execTransact(Binder.java:565)
06-05 19:58:52.056 W/ActivityManager( 1629): Bad activity token: android.os.BinderProxy@82d0268
06-05 19:58:52.056 W/ActivityManager( 1629): java.lang.ClassCastException: android.os.BinderProxy cannot be cast to com.android.server.am.ActivityRecord$Token
06-05 19:58:52.056 W/ActivityManager( 1629): 	at com.android.server.am.ActivityRecord.forTokenLocked(ActivityRecord.java:586)
06-05 19:58:52.056 W/ActivityManager( 1629): 	at com.android.server.am.ActivityRecord.isInStackLocked(ActivityRecord.java:1327)
06-05 19:58:52.056 W/ActivityManager( 1629): 	at com.android.server.am.ActivityRecord.getStackLocked(ActivityRecord.java:1332)
06-05 19:58:52.056 W/ActivityManager( 1629): 	at com.android.server.am.ActivityManagerService.getActivityStackId(ActivityManagerService.java:9817)
06-05 19:58:52.056 W/ActivityManager( 1629): 	at android.app.ActivityManagerNative.onTransact(ActivityManagerNative.java:2856)
06-05 19:58:52.056 W/ActivityManager( 1629): 	at com.android.server.am.ActivityManagerService.onTransact(ActivityManagerService.java:2757)
06-05 19:58:52.056 W/ActivityManager( 1629): 	at android.os.Binder.execTransact(Binder.java:565)
06-05 19:58:52.062 D/VehicleStatisticsActivity(19097): Checking recalculation ...
06-05 19:58:52.062 D/VehicleStatisticsActivity(19097): Recalculation not necessary.
06-05 19:58:52.064 W/ActivityManager( 1629): Bad activity token: android.os.BinderProxy@82d0268
06-05 19:58:52.064 W/ActivityManager( 1629): java.lang.ClassCastException: android.os.BinderProxy cannot be cast to com.android.server.am.ActivityRecord$Token
06-05 19:58:52.064 W/ActivityManager( 1629): 	at com.android.server.am.ActivityRecord.forTokenLocked(ActivityRecord.java:586)
06-05 19:58:52.064 W/ActivityManager( 1629): 	at com.android.server.am.ActivityRecord.isInStackLocked(ActivityRecord.java:1327)
06-05 19:58:52.064 W/ActivityManager( 1629): 	at com.android.server.am.ActivityManagerService.getActivityOptions(ActivityManagerService.java:12559)
06-05 19:58:52.064 W/ActivityManager( 1629): 	at android.app.ActivityManagerNative.onTransact(ActivityManagerNative.java:1933)
06-05 19:58:52.064 W/ActivityManager( 1629): 	at com.android.server.am.ActivityManagerService.onTransact(ActivityManagerService.java:2757)
06-05 19:58:52.064 W/ActivityManager( 1629): 	at android.os.Binder.execTransact(Binder.java:565)
06-05 19:58:52.064 W/ActivityManager( 1629): Bad activity token: android.os.BinderProxy@82d0268
06-05 19:58:52.064 W/ActivityManager( 1629): java.lang.ClassCastException: android.os.BinderProxy cannot be cast to com.android.server.am.ActivityRecord$Token
06-05 19:58:52.064 W/ActivityManager( 1629): 	at com.android.server.am.ActivityRecord.forTokenLocked(ActivityRecord.java:586)
06-05 19:58:52.064 W/ActivityManager( 1629): 	at com.android.server.am.ActivityRecord.isInStackLocked(ActivityRecord.java:1327)
06-05 19:58:52.064 W/ActivityManager( 1629): 	at com.android.server.am.ActivityManagerService.getActivityOptions(ActivityManagerService.java:12559)
06-05 19:58:52.064 W/ActivityManager( 1629): 	at android.app.ActivityManagerNative.onTransact(ActivityManagerNative.java:1933)
06-05 19:58:52.064 W/ActivityManager( 1629): 	at com.android.server.am.ActivityManagerService.onTransact(ActivityManagerService.java:2757)
06-05 19:58:52.064 W/ActivityManager( 1629): 	at android.os.Binder.execTransact(Binder.java:565)
06-05 19:58:52.065 D/VehicleStatisticsActivity(19097): Checking recalculation ...
06-05 19:58:52.065 D/VehicleStatisticsActivity(19097): Recalculation not necessary.
06-05 19:58:52.102 V/PhoneStatusBar( 1711): setLightsOn(true)
06-05 19:58:52.106 I/art     (19097): Do partial code cache collection, code=30KB, data=30KB
06-05 19:58:52.106 I/art     (19097): After code cache collection, code=29KB, data=29KB
06-05 19:58:52.106 I/art     (19097): Increasing code cache capacity to 128KB
06-05 19:58:52.117 I/System.out(19097): URI: //map
06-05 19:58:52.117 I/System.out(19097): params: {json={"query":"* {text CONTAINS[c] 'Minimum distance'}","operation":{"method_name":"query","arguments":[]}}
06-05 19:58:52.117 I/System.out(19097): }
06-05 19:58:52.132 I/System.out(19097): URI: //map
06-05 19:58:52.132 I/System.out(19097): params: {json={"query":"* {text CONTAINS[c] 'Maximum distance'}","operation":{"method_name":"query","arguments":[]}}
06-05 19:58:52.132 I/System.out(19097): }
