--------- beginning of main
06-05 18:20:02.888 V/PhoneStatusBar( 1712): setLightsOn(true)
06-05 18:20:02.889 V/PhoneStatusBar( 1712): setLightsOn(true)
06-05 18:20:02.894 D/gralloc_ranchu( 1346): gralloc_alloc: Creating ashmem region of size 3145728
06-05 18:20:02.899 E/EGL_emulation( 1346): tid 1346: eglCreateSyncKHR(1901): error 0x3004 (EGL_BAD_ATTRIBUTE)
--------- beginning of system
06-05 18:20:02.907 W/ActivityManager( 1630): Finishing task with all activities already finished
06-05 18:20:02.907 W/ActivityManager( 1630): Duplicate finish request for ActivityRecord{84d53a8 u0 com.evancharlton.mileage/.Mileage t2761 f}
06-05 18:20:02.907 W/ActivityManager( 1630): Finishing task with all activities already finished
06-05 18:20:02.907 W/ActivityManager( 1630): Duplicate finish request for ActivityRecord{84d53a8 u0 com.evancharlton.mileage/.Mileage t2761 f}
06-05 18:20:02.907 W/ActivityManager( 1630): Finishing task with all activities already finished
06-05 18:20:02.907 W/ActivityManager( 1630): Duplicate finish request for ActivityRecord{84d53a8 u0 com.evancharlton.mileage/.Mileage t2761 f}
06-05 18:20:02.907 W/ActivityManager( 1630): Finishing task with all activities already finished
06-05 18:20:02.907 W/ActivityManager( 1630): Duplicate finish request for ActivityRecord{84d53a8 u0 com.evancharlton.mileage/.Mileage t2761 f}
06-05 18:20:02.907 W/ActivityManager( 1630): Finishing task with all activities already finished
06-05 18:20:02.907 W/ActivityManager( 1630): Duplicate finish request for ActivityRecord{84d53a8 u0 com.evancharlton.mileage/.Mileage t2761 f}
06-05 18:20:02.927 D/EGL_emulation( 2099): eglMakeCurrent: 0xb4085240: ver 2 0 (tinfo 0xb40832d0)
06-05 18:20:02.927 D/EGL_emulation( 1712): eglMakeCurrent: 0xb4085540: ver 2 0 (tinfo 0xb4083740)
06-05 18:20:02.942 D/EGL_emulation( 1712): eglMakeCurrent: 0xb4085540: ver 2 0 (tinfo 0xb4083740)
06-05 18:20:02.960 D/EGL_emulation( 1712): eglMakeCurrent: 0xb4085540: ver 2 0 (tinfo 0xb4083740)
06-05 18:20:02.976 D/EGL_emulation( 1712): eglMakeCurrent: 0xb4085540: ver 2 0 (tinfo 0xb4083740)
06-05 18:20:02.978 D/EGL_emulation( 1712): eglMakeCurrent: 0xb4085540: ver 2 0 (tinfo 0xb4083740)
06-05 18:20:02.993 D/EGL_emulation( 1712): eglMakeCurrent: 0xb4085540: ver 2 0 (tinfo 0xb4083740)
06-05 18:20:02.994 D/EGL_emulation( 1712): eglMakeCurrent: 0xb4085540: ver 2 0 (tinfo 0xb4083740)
06-05 18:20:03.009 D/EGL_emulation( 1712): eglMakeCurrent: 0xb4085540: ver 2 0 (tinfo 0xb4083740)
06-05 18:20:03.011 D/EGL_emulation( 1712): eglMakeCurrent: 0xb4085540: ver 2 0 (tinfo 0xb4083740)
06-05 18:20:03.026 D/EGL_emulation( 1712): eglMakeCurrent: 0xb4085540: ver 2 0 (tinfo 0xb4083740)
06-05 18:20:03.027 D/EGL_emulation( 1712): eglMakeCurrent: 0xb4085540: ver 2 0 (tinfo 0xb4083740)
06-05 18:20:03.031 D/AndroidRuntime( 7102): >>>>>> START com.android.internal.os.RuntimeInit uid 2000 <<<<<<
06-05 18:20:03.032 D/AndroidRuntime( 7102): CheckJNI is ON
06-05 18:20:03.042 I/WindowManager( 1630): Destroying surface Surface(name=com.evancharlton.mileage/com.evancharlton.mileage.VehicleListActivity) called by com.android.server.wm.WindowStateAnimator.destroySurface:2016 com.android.server.wm.WindowStateAnimator.destroySurfaceLocked:882 com.android.server.wm.WindowState.removeLocked:1456 com.android.server.wm.WindowManagerService.removeWindowInnerLocked:2484 com.android.server.wm.AppWindowToken.destroySurfaces:365 com.android.server.wm.WindowStateAnimator.finishExit:565 com.android.server.wm.WindowStateAnimator.stepAnimationLocked:491 com.android.server.wm.WindowAnimator.updateWindowsLocked:303 
06-05 18:20:03.042 D/EGL_emulation( 1712): eglMakeCurrent: 0xb4085540: ver 2 0 (tinfo 0xb4083740)
06-05 18:20:03.043 W/art     ( 7102): Unexpected CPU variant for X86 using defaults: x86
06-05 18:20:03.044 D/EGL_emulation( 1712): eglMakeCurrent: 0xb4085540: ver 2 0 (tinfo 0xb4083740)
06-05 18:20:03.045 D/ICU     ( 7102): No timezone override file found: /data/misc/zoneinfo/current/icu/icu_tzdata.dat
06-05 18:20:03.052 E/memtrack( 7102): Couldn't load memtrack module (No such file or directory)
06-05 18:20:03.052 E/android.os.Debug( 7102): failed to load memtrack module: -2
06-05 18:20:03.052 I/Radio-JNI( 7102): register_android_hardware_Radio DONE
06-05 18:20:03.056 D/AndroidRuntime( 7102): Calling main entry com.android.commands.am.Am
06-05 18:20:03.057 I/ActivityManager( 1630): Force stopping com.evancharlton.mileage appid=10150 user=0: start instr
06-05 18:20:03.057 I/ActivityManager( 1630): Killing 7046:com.evancharlton.mileage/u0a150 (adj 0): stop com.evancharlton.mileage
06-05 18:20:03.057 D/ActivityManager( 1630): cleanUpApplicationRecord -- 7046
06-05 18:20:03.057 W/ActivityManager( 1630): Crash of app com.evancharlton.mileage running instrumentation ComponentInfo{com.evancharlton.mileage.test/sh.calaba.instrumentationbackend.CalabashInstrumentationTestRunner}
06-05 18:20:03.057 I/ActivityManager( 1630): Force stopping com.evancharlton.mileage appid=10150 user=0: finished inst
06-05 18:20:03.059 D/EGL_emulation( 1712): eglMakeCurrent: 0xb4085540: ver 2 0 (tinfo 0xb4083740)
06-05 18:20:03.060 I/art     ( 7113): Not late-enabling -Xcheck:jni (already on)
06-05 18:20:03.060 W/art     ( 7113): Unexpected CPU variant for X86 using defaults: x86
06-05 18:20:03.062 D/EGL_emulation( 1712): eglMakeCurrent: 0xb4085540: ver 2 0 (tinfo 0xb4083740)
06-05 18:20:03.068 I/ActivityManager( 1630): Start proc 7113:com.evancharlton.mileage/u0a150 for added application com.evancharlton.mileage
06-05 18:20:03.068 D/AndroidRuntime( 7102): Shutting down VM
06-05 18:20:03.072 W/System  ( 7113): ClassLoader referenced unknown path: /data/app/com.evancharlton.mileage.test-1/lib/x86
06-05 18:20:03.072 W/System  ( 7113): ClassLoader referenced unknown path: /data/app/com.evancharlton.mileage-1/lib/x86
06-05 18:20:03.074 W/System  ( 7113): ClassLoader referenced unknown path: 
06-05 18:20:03.076 D/EGL_emulation( 1712): eglMakeCurrent: 0xb4085540: ver 2 0 (tinfo 0xb4083740)
06-05 18:20:03.077 D/EGL_emulation( 1712): eglMakeCurrent: 0xb4085540: ver 2 0 (tinfo 0xb4083740)
06-05 18:20:03.078 I/System.out( 7113): Main activity name automatically set to: com.evancharlton.mileage.Mileage
06-05 18:20:03.078 I/System.out( 7113): Calabash did not load Mono. This is only a problem if you are trying to test a Mono application
06-05 18:20:03.078 I/calabash( 7113): Test server port: 7102
06-05 18:20:03.078 I/InstrumentationBackend( 7113): Added:'GetPreferences', with key:'get_preferences'
06-05 18:20:03.082 I/InstrumentationBackend( 7113): Added:'SetPreferences', with key:'set_preferences'
06-05 18:20:03.082 I/InstrumentationBackend( 7113): Added:'ClearPreferences', with key:'clear_preferences'
06-05 18:20:03.082 I/InstrumentationBackend( 7113): Added:'PressElement', with key:'press_l10n_element'
06-05 18:20:03.082 I/InstrumentationBackend( 7113): Added:'WaitForElement', with key:'wait_for_l10n_element'
06-05 18:20:03.082 I/InstrumentationBackend( 7113): Added:'NullAction', with key:'nullAction'
06-05 18:20:03.082 I/InstrumentationBackend( 7113): Added:'PressKey', with key:'press_key'
06-05 18:20:03.082 I/InstrumentationBackend( 7113): Added:'SetActivityOrientation', with key:'set_activity_orientation'
06-05 18:20:03.082 I/InstrumentationBackend( 7113): Added:'GetActivityOrientation', with key:'get_activity_orientation'
06-05 18:20:03.082 I/InstrumentationBackend( 7113): Added:'FakeGPSLocation', with key:'set_gps_coordinates'
06-05 18:20:03.082 I/InstrumentationBackend( 7113): Added:'SetPropertyByCssSelector', with key:'set_property_by_css_selector'
06-05 18:20:03.082 I/InstrumentationBackend( 7113): Added:'GetUrl', with key:'get_url'
06-05 18:20:03.083 I/InstrumentationBackend( 7113): Added:'ScrollTo', with key:'scroll_to'
06-05 18:20:03.083 I/InstrumentationBackend( 7113): Added:'GetLoadProgress', with key:'get_load_progress'
06-05 18:20:03.083 I/InstrumentationBackend( 7113): Added:'DumpHtml', with key:'dump_html'
06-05 18:20:03.083 I/InstrumentationBackend( 7113): Added:'DumpBodyHtml', with key:'dump_body_html'
06-05 18:20:03.083 I/InstrumentationBackend( 7113): Added:'EnterTextByCssSelector', with key:'enter_text_by_selector'
06-05 18:20:03.083 I/InstrumentationBackend( 7113): Added:'AndroidSDKVersion', with key:'android_sdk_version'
06-05 18:20:03.083 I/InstrumentationBackend( 7113): Added:'Version', with key:'version'
06-05 18:20:03.083 I/InstrumentationBackend( 7113): Added:'Drag', with key:'drag'
06-05 18:20:03.083 I/InstrumentationBackend( 7113): Added:'TouchCoordinates', with key:'touch_coordinate'
06-05 18:20:03.083 I/InstrumentationBackend( 7113): Added:'LongPressCoordinate', with key:'long_press_coordinate'
06-05 18:20:03.083 I/InstrumentationBackend( 7113): Added:'DragCoordinates', with key:'drag_coordinates'
06-05 18:20:03.083 I/InstrumentationBackend( 7113): Added:'ResumeApplication', with key:'resume_application'
06-05 18:20:03.083 I/InstrumentationBackend( 7113): Added:'Swipe', with key:'swipe'
06-05 18:20:03.083 I/InstrumentationBackend( 7113): Added:'DoubleTapCoordinate', with key:'double_tap_coordinate'
06-05 18:20:03.083 I/InstrumentationBackend( 7113): Added:'ClickOnScreen', with key:'click_on_screen'
06-05 18:20:03.083 I/InstrumentationBackend( 7113): Added:'GetActivityName', with key:'get_activity_name'
06-05 18:20:03.083 I/InstrumentationBackend( 7113): Added:'ScrollToView', with key:'scroll_to_view'
06-05 18:20:03.083 I/InstrumentationBackend( 7113): Added:'ViewConfiguration', with key:'view_configuration'
06-05 18:20:03.083 I/InstrumentationBackend( 7113): Added:'IsCurrentActivityFocused', with key:'is_current_activity_focused'
06-05 18:20:03.083 I/InstrumentationBackend( 7113): Added:'SendTcp', with key:'send_tcp'
06-05 18:20:03.083 I/InstrumentationBackend( 7113): Added:'DpToDevicePixel', with key:'dp_to_device_pixel'
06-05 18:20:03.083 I/InstrumentationBackend( 7113): Added:'KeyboardEnterText', with key:'keyboard_enter_text'
06-05 18:20:03.083 I/InstrumentationBackend( 7113): Added:'DeleteSurroundingText', with key:'delete_surrounding_text'
06-05 18:20:03.083 I/InstrumentationBackend( 7113): Added:'SetComposingRegion', with key:'set_composing_region'
06-05 18:20:03.083 I/InstrumentationBackend( 7113): Added:'SetSelection', with key:'set_selection'
06-05 18:20:03.084 I/InstrumentationBackend( 7113): Added:'KeyboardKeyEvent', with key:'keyboard_key_event'
06-05 18:20:03.084 I/InstrumentationBackend( 7113): Added:'PressUserActionButton', with key:'press_user_action_button'
06-05 18:20:03.084 I/InstrumentationBackend( 7113): Added:'HideSoftKeyboard', with key:'hide_soft_keyboard'
06-05 18:20:03.084 I/InstrumentationBackend( 7113): Added:'ListActions', with key:'list_actions'
06-05 18:20:03.084 I/calabash( 7113): Instantiating http server at 7102
06-05 18:20:03.084 I/System.out( 7113): HTTP Daemon listening on: 7102
06-05 18:20:03.092 D/EGL_emulation( 1712): eglMakeCurrent: 0xb4085540: ver 2 0 (tinfo 0xb4083740)
06-05 18:20:03.094 D/EGL_emulation( 1712): eglMakeCurrent: 0xb4085540: ver 2 0 (tinfo 0xb4083740)
06-05 18:20:03.103 I/WindowManager( 1630): WIN DEATH: Window{6014e97 u0 com.evancharlton.mileage/com.evancharlton.mileage.Mileage EXITING}
06-05 18:20:03.103 E/InputDispatcher( 1630): Received spurious receive callback for unknown input channel.  fd=193, events=0x9
06-05 18:20:03.112 D/EGL_emulation( 1712): eglMakeCurrent: 0xb4085540: ver 2 0 (tinfo 0xb4083740)
06-05 18:20:03.116 D/EGL_emulation( 1712): eglMakeCurrent: 0xb4085540: ver 2 0 (tinfo 0xb4083740)
06-05 18:20:03.126 D/EGL_emulation( 1712): eglMakeCurrent: 0xb4085540: ver 2 0 (tinfo 0xb4083740)
06-05 18:20:03.128 D/EGL_emulation( 1712): eglMakeCurrent: 0xb4085540: ver 2 0 (tinfo 0xb4083740)
06-05 18:20:03.143 D/EGL_emulation( 1712): eglMakeCurrent: 0xb4085540: ver 2 0 (tinfo 0xb4083740)
06-05 18:20:03.159 D/EGL_emulation( 1712): eglMakeCurrent: 0xb4085540: ver 2 0 (tinfo 0xb4083740)
06-05 18:20:03.161 D/EGL_emulation( 1712): eglMakeCurrent: 0xb4085540: ver 2 0 (tinfo 0xb4083740)
06-05 18:20:03.177 I/System.out( 7113): URI: //ping
06-05 18:20:03.177 I/System.out( 7113): params: {json={}
06-05 18:20:03.177 I/System.out( 7113): }
06-05 18:20:03.179 I/System.out( 7113): URI: //ping
06-05 18:20:03.179 I/System.out( 7113): params: {json={}
06-05 18:20:03.179 I/System.out( 7113): }
06-05 18:20:03.181 I/System.out( 7113): URI: //ready
06-05 18:20:03.181 I/System.out( 7113): params: {json={}
06-05 18:20:03.181 I/System.out( 7113): }
06-05 18:20:03.183 I/System.out( 7113): URI: //
06-05 18:20:03.183 I/System.out( 7113): params: {json={"command":"version","arguments":[]}
06-05 18:20:03.183 I/System.out( 7113): }
06-05 18:20:03.183 I/System.out( 7113): header: {content-type=application/json;charset=utf-8, date=Fri, 05 Jun 2020 23:20:03 GMT, accept=*/*, host=127.0.0.1:34784, content-length=36, user-agent=HTTPClient/1.0 (2.8.3, ruby 2.5.1 (2018-03-29))}
06-05 18:20:03.183 I/System.out( 7113): params: {json={"command":"version","arguments":[]}
06-05 18:20:03.183 I/System.out( 7113): }
06-05 18:20:03.183 I/System.out( 7113): ProP json = {"command":"version","arguments":[]}
06-05 18:20:03.183 I/System.out( 7113): files: {}
06-05 18:20:03.183 I/System.out( 7113): command: {"command":"version","arguments":[]}
06-05 18:20:03.186 I/InstrumentationBackend( 7113): Got command:'Command:'Line:null,version', arguments:'[]'
06-05 18:20:03.192 I/System.out( 7113): result:{"bonusInformation":[],"message":"0.9.8","success":true}
06-05 18:20:03.194 I/System.out( 7113): URI: //start-application
06-05 18:20:03.194 I/System.out( 7113): params: {json={"intent":null}
06-05 18:20:03.194 I/System.out( 7113): }
06-05 18:20:03.202 I/ActivityManager( 1630): START u0 {act=android.intent.action.MAIN cat=[android.intent.category.LAUNCHER] flg=0x10200000 cmp=com.evancharlton.mileage/.Mileage} from uid 10150 on display 0
06-05 18:20:03.207 I/calabash( 7113): newActivity1
06-05 18:20:03.216 I/calabash( 7113): newActivity1
06-05 18:20:03.217 W/ActivityManager( 1630): Bad activity token: android.os.BinderProxy@196d967
06-05 18:20:03.217 W/ActivityManager( 1630): java.lang.ClassCastException: android.os.BinderProxy cannot be cast to com.android.server.am.ActivityRecord$Token
06-05 18:20:03.217 W/ActivityManager( 1630): 	at com.android.server.am.ActivityRecord.forTokenLocked(ActivityRecord.java:586)
06-05 18:20:03.217 W/ActivityManager( 1630): 	at com.android.server.am.ActivityRecord.isInStackLocked(ActivityRecord.java:1327)
06-05 18:20:03.217 W/ActivityManager( 1630): 	at com.android.server.am.ActivityRecord.getStackLocked(ActivityRecord.java:1332)
06-05 18:20:03.217 W/ActivityManager( 1630): 	at com.android.server.am.ActivityManagerService.getActivityDisplayId(ActivityManagerService.java:9806)
06-05 18:20:03.217 W/ActivityManager( 1630): 	at android.app.ActivityManagerNative.onTransact(ActivityManagerNative.java:2566)
06-05 18:20:03.217 W/ActivityManager( 1630): 	at com.android.server.am.ActivityManagerService.onTransact(ActivityManagerService.java:2757)
06-05 18:20:03.217 W/ActivityManager( 1630): 	at android.os.Binder.execTransact(Binder.java:565)
06-05 18:20:03.218 W/ActivityManager( 1630): Bad activity token: android.os.BinderProxy@196d967
06-05 18:20:03.218 W/ActivityManager( 1630): java.lang.ClassCastException: android.os.BinderProxy cannot be cast to com.android.server.am.ActivityRecord$Token
06-05 18:20:03.218 W/ActivityManager( 1630): 	at com.android.server.am.ActivityRecord.forTokenLocked(ActivityRecord.java:586)
06-05 18:20:03.218 W/ActivityManager( 1630): 	at com.android.server.am.ActivityRecord.isInStackLocked(ActivityRecord.java:1327)
06-05 18:20:03.218 W/ActivityManager( 1630): 	at com.android.server.am.ActivityManagerService.setTaskDescription(ActivityManagerService.java:9358)
06-05 18:20:03.218 W/ActivityManager( 1630): 	at android.app.ActivityManagerNative.onTransact(ActivityManagerNative.java:2639)
06-05 18:20:03.218 W/ActivityManager( 1630): 	at com.android.server.am.ActivityManagerService.onTransact(ActivityManagerService.java:2757)
06-05 18:20:03.218 W/ActivityManager( 1630): 	at android.os.Binder.execTransact(Binder.java:565)
06-05 18:20:03.218 W/ActivityManager( 1630): Bad activity token: android.os.BinderProxy@196d967
06-05 18:20:03.218 W/ActivityManager( 1630): java.lang.ClassCastException: android.os.BinderProxy cannot be cast to com.android.server.am.ActivityRecord$Token
06-05 18:20:03.218 W/ActivityManager( 1630): 	at com.android.server.am.ActivityRecord.forTokenLocked(ActivityRecord.java:586)
06-05 18:20:03.218 W/ActivityManager( 1630): 	at com.android.server.am.ActivityRecord.isInStackLocked(ActivityRecord.java:1327)
06-05 18:20:03.218 W/ActivityManager( 1630): 	at com.android.server.am.ActivityRecord.getStackLocked(ActivityRecord.java:1332)
06-05 18:20:03.218 W/ActivityManager( 1630): 	at com.android.server.am.ActivityManagerService.getActivityStackId(ActivityManagerService.java:9817)
06-05 18:20:03.218 W/ActivityManager( 1630): 	at android.app.ActivityManagerNative.onTransact(ActivityManagerNative.java:2856)
06-05 18:20:03.218 W/ActivityManager( 1630): 	at com.android.server.am.ActivityManagerService.onTransact(ActivityManagerService.java:2757)
06-05 18:20:03.218 W/ActivityManager( 1630): 	at android.os.Binder.execTransact(Binder.java:565)
06-05 18:20:03.227 D/gralloc_ranchu( 1346): gralloc_alloc: Creating ashmem region of size 9023488
06-05 18:20:03.238 W/ActivityManager( 1630): Bad activity token: android.os.BinderProxy@196d967
06-05 18:20:03.238 W/ActivityManager( 1630): java.lang.ClassCastException: android.os.BinderProxy cannot be cast to com.android.server.am.ActivityRecord$Token
06-05 18:20:03.238 W/ActivityManager( 1630): 	at com.android.server.am.ActivityRecord.forTokenLocked(ActivityRecord.java:586)
06-05 18:20:03.238 W/ActivityManager( 1630): 	at com.android.server.am.ActivityRecord.isInStackLocked(ActivityRecord.java:1327)
06-05 18:20:03.238 W/ActivityManager( 1630): 	at com.android.server.am.ActivityManagerService.getActivityOptions(ActivityManagerService.java:12559)
06-05 18:20:03.238 W/ActivityManager( 1630): 	at android.app.ActivityManagerNative.onTransact(ActivityManagerNative.java:1933)
06-05 18:20:03.238 W/ActivityManager( 1630): 	at com.android.server.am.ActivityManagerService.onTransact(ActivityManagerService.java:2757)
06-05 18:20:03.238 W/ActivityManager( 1630): 	at android.os.Binder.execTransact(Binder.java:565)
06-05 18:20:03.239 W/ActivityManager( 1630): Bad activity token: android.os.BinderProxy@196d967
06-05 18:20:03.239 W/ActivityManager( 1630): java.lang.ClassCastException: android.os.BinderProxy cannot be cast to com.android.server.am.ActivityRecord$Token
06-05 18:20:03.239 W/ActivityManager( 1630): 	at com.android.server.am.ActivityRecord.forTokenLocked(ActivityRecord.java:586)
06-05 18:20:03.239 W/ActivityManager( 1630): 	at com.android.server.am.ActivityRecord.isInStackLocked(ActivityRecord.java:1327)
06-05 18:20:03.239 W/ActivityManager( 1630): 	at com.android.server.am.ActivityManagerService.getActivityOptions(ActivityManagerService.java:12559)
06-05 18:20:03.239 W/ActivityManager( 1630): 	at android.app.ActivityManagerNative.onTransact(ActivityManagerNative.java:1933)
06-05 18:20:03.239 W/ActivityManager( 1630): 	at com.android.server.am.ActivityManagerService.onTransact(ActivityManagerService.java:2757)
06-05 18:20:03.239 W/ActivityManager( 1630): 	at android.os.Binder.execTransact(Binder.java:565)
06-05 18:20:03.257 V/PhoneStatusBar( 1712): setLightsOn(true)
06-05 18:20:03.259 D/EGL_emulation( 2099): eglMakeCurrent: 0xb4085240: ver 2 0 (tinfo 0xb40832d0)
06-05 18:20:03.260 D/EGL_emulation( 1712): eglMakeCurrent: 0xb4085540: ver 2 0 (tinfo 0xb4083740)
06-05 18:20:03.275 D/gralloc_ranchu( 1346): gralloc_alloc: Creating ashmem region of size 9023488
06-05 18:20:03.280 D/EGL_emulation( 1712): eglMakeCurrent: 0xb4085540: ver 2 0 (tinfo 0xb4083740)
06-05 18:20:03.281 D/        ( 7113): HostConnection::get() New Host Connection established 0xa4c7d540, tid 7113
06-05 18:20:03.325 D/EGL_emulation( 1712): eglMakeCurrent: 0xb4085540: ver 2 0 (tinfo 0xb4083740)
06-05 18:20:03.325 V/PhoneStatusBar( 1712): setLightsOn(true)
06-05 18:20:03.327 D/EGL_emulation( 1712): eglMakeCurrent: 0xb4085540: ver 2 0 (tinfo 0xb4083740)
06-05 18:20:03.330 D/EGL_emulation( 1712): eglMakeCurrent: 0xb4085540: ver 2 0 (tinfo 0xb4083740)
06-05 18:20:03.342 D/EGL_emulation( 1712): eglMakeCurrent: 0xb4085540: ver 2 0 (tinfo 0xb4083740)
06-05 18:20:03.344 D/EGL_emulation( 1712): eglMakeCurrent: 0xb4085540: ver 2 0 (tinfo 0xb4083740)
06-05 18:20:03.359 D/gralloc_ranchu( 1346): gralloc_alloc: Creating ashmem region of size 9023488
06-05 18:20:03.359 D/EGL_emulation( 1712): eglMakeCurrent: 0xb4085540: ver 2 0 (tinfo 0xb4083740)
06-05 18:20:03.360 I/ActivityManager( 1630): Displayed com.evancharlton.mileage/.Mileage: +154ms
06-05 18:20:03.361 I/WindowManager( 1630): Destroying surface Surface(name=com.evancharlton.mileage/com.evancharlton.mileage.Mileage) called by com.android.server.wm.WindowStateAnimator.destroySurface:2016 com.android.server.wm.WindowStateAnimator.destroySurfaceLocked:882 com.android.server.wm.WindowState.destroyOrSaveSurface:2100 com.android.server.wm.AppWindowToken.destroySurfaces:363 com.android.server.wm.WindowStateAnimator.finishExit:565 com.android.server.wm.AppWindowAnimator.stepAnimationLocked:427 com.android.server.wm.WindowAnimator.updateAppWindowsLocked:196 com.android.server.wm.WindowAnimator.animateLocked:678 
06-05 18:20:03.373 D/EGL_emulation( 1712): eglMakeCurrent: 0xb4085540: ver 2 0 (tinfo 0xb4083740)
06-05 18:20:03.382 D/EGL_emulation( 1712): eglMakeCurrent: 0xb4085540: ver 2 0 (tinfo 0xb4083740)
06-05 18:20:03.384 D/EGL_emulation( 1712): eglMakeCurrent: 0xb4085540: ver 2 0 (tinfo 0xb4083740)
06-05 18:20:03.394 D/EGL_emulation( 1712): eglMakeCurrent: 0xb4085540: ver 2 0 (tinfo 0xb4083740)
06-05 18:20:03.396 D/EGL_emulation( 1712): eglMakeCurrent: 0xb4085540: ver 2 0 (tinfo 0xb4083740)
06-05 18:20:03.396 V/PhoneStatusBar( 1712): setLightsOn(true)
06-05 18:20:03.409 D/EGL_emulation( 1712): eglMakeCurrent: 0xb4085540: ver 2 0 (tinfo 0xb4083740)
06-05 18:20:03.411 D/EGL_emulation( 1712): eglMakeCurrent: 0xb4085540: ver 2 0 (tinfo 0xb4083740)
06-05 18:20:03.426 D/EGL_emulation( 1712): eglMakeCurrent: 0xb4085540: ver 2 0 (tinfo 0xb4083740)
06-05 18:20:03.433 D/EGL_emulation( 1712): eglMakeCurrent: 0xb4085540: ver 2 0 (tinfo 0xb4083740)
06-05 18:20:03.435 I/System.out( 7113): URI: //map
06-05 18:20:03.435 I/System.out( 7113): params: {json={"query":"* marked:'Vehicles'","operation":{"method_name":"query","arguments":[]}}
06-05 18:20:03.435 I/System.out( 7113): }
06-05 18:20:03.442 D/EGL_emulation( 1712): eglMakeCurrent: 0xb4085540: ver 2 0 (tinfo 0xb4083740)
06-05 18:20:03.448 D/EGL_emulation( 1712): eglMakeCurrent: 0xb4085540: ver 2 0 (tinfo 0xb4083740)
06-05 18:20:03.450 W/ResourceType( 7113): No package identifier when getting name for resource number 0x00000001
06-05 18:20:03.459 D/EGL_emulation( 1712): eglMakeCurrent: 0xb4085540: ver 2 0 (tinfo 0xb4083740)
06-05 18:20:03.461 D/EGL_emulation( 1712): eglMakeCurrent: 0xb4085540: ver 2 0 (tinfo 0xb4083740)
06-05 18:20:03.465 I/System.out( 7113): URI: //gesture
06-05 18:20:03.465 I/System.out( 7113): params: {json={"query_timeout":5.0,"gestures":[{"query_string":"* marked:'Vehicles'","touches":[{"x":50,"y":50,"offset_x":0,"offset_y":0,"wait":0.0,"time":0.2,"release":true,"query_string":null}]}]}
06-05 18:20:03.465 I/System.out( 7113): }
06-05 18:20:03.470 W/ResourceType( 7113): No package identifier when getting name for resource number 0x00000001
06-05 18:20:03.475 D/EGL_emulation( 1712): eglMakeCurrent: 0xb4085540: ver 2 0 (tinfo 0xb4083740)
06-05 18:20:03.559 I/WindowManager( 1630): Destroying surface Surface(name=Starting com.evancharlton.mileage) called by com.android.server.wm.WindowStateAnimator.destroySurface:2016 com.android.server.wm.WindowStateAnimator.destroySurfaceLocked:882 com.android.server.wm.WindowState.destroyOrSaveSurface:2100 com.android.server.wm.AppWindowToken.destroySurfaces:363 com.android.server.wm.WindowStateAnimator.finishExit:565 com.android.server.wm.WindowStateAnimator.stepAnimationLocked:491 com.android.server.wm.WindowAnimator.updateWindowsLocked:303 com.android.server.wm.WindowAnimator.animateLocked:704 
06-05 18:20:03.560 V/PhoneStatusBar( 1712): setLightsOn(true)
06-05 18:20:03.592 V/PhoneStatusBar( 1712): setLightsOn(true)
06-05 18:20:03.700 I/calabash( 7113): newActivity1
06-05 18:20:03.701 W/ActivityManager( 1630): Bad activity token: android.os.BinderProxy@94c9c29
06-05 18:20:03.701 W/ActivityManager( 1630): java.lang.ClassCastException: android.os.BinderProxy cannot be cast to com.android.server.am.ActivityRecord$Token
06-05 18:20:03.701 W/ActivityManager( 1630): 	at com.android.server.am.ActivityRecord.forTokenLocked(ActivityRecord.java:586)
06-05 18:20:03.701 W/ActivityManager( 1630): 	at com.android.server.am.ActivityRecord.isInStackLocked(ActivityRecord.java:1327)
06-05 18:20:03.701 W/ActivityManager( 1630): 	at com.android.server.am.ActivityRecord.getStackLocked(ActivityRecord.java:1332)
06-05 18:20:03.701 W/ActivityManager( 1630): 	at com.android.server.am.ActivityManagerService.getActivityDisplayId(ActivityManagerService.java:9806)
06-05 18:20:03.701 W/ActivityManager( 1630): 	at android.app.ActivityManagerNative.onTransact(ActivityManagerNative.java:2566)
06-05 18:20:03.701 W/ActivityManager( 1630): 	at com.android.server.am.ActivityManagerService.onTransact(ActivityManagerService.java:2757)
06-05 18:20:03.701 W/ActivityManager( 1630): 	at android.os.Binder.execTransact(Binder.java:565)
06-05 18:20:03.705 W/ActivityManager( 1630): Bad activity token: android.os.BinderProxy@94c9c29
06-05 18:20:03.705 W/ActivityManager( 1630): java.lang.ClassCastException: android.os.BinderProxy cannot be cast to com.android.server.am.ActivityRecord$Token
06-05 18:20:03.705 W/ActivityManager( 1630): 	at com.android.server.am.ActivityRecord.forTokenLocked(ActivityRecord.java:586)
06-05 18:20:03.705 W/ActivityManager( 1630): 	at com.android.server.am.ActivityRecord.isInStackLocked(ActivityRecord.java:1327)
06-05 18:20:03.705 W/ActivityManager( 1630): 	at com.android.server.am.ActivityManagerService.setTaskDescription(ActivityManagerService.java:9358)
06-05 18:20:03.705 W/ActivityManager( 1630): 	at android.app.ActivityManagerNative.onTransact(ActivityManagerNative.java:2639)
06-05 18:20:03.705 W/ActivityManager( 1630): 	at com.android.server.am.ActivityManagerService.onTransact(ActivityManagerService.java:2757)
06-05 18:20:03.705 W/ActivityManager( 1630): 	at android.os.Binder.execTransact(Binder.java:565)
06-05 18:20:03.706 W/ActivityManager( 1630): Bad activity token: android.os.BinderProxy@94c9c29
06-05 18:20:03.706 W/ActivityManager( 1630): java.lang.ClassCastException: android.os.BinderProxy cannot be cast to com.android.server.am.ActivityRecord$Token
06-05 18:20:03.706 W/ActivityManager( 1630): 	at com.android.server.am.ActivityRecord.forTokenLocked(ActivityRecord.java:586)
06-05 18:20:03.706 W/ActivityManager( 1630): 	at com.android.server.am.ActivityRecord.isInStackLocked(ActivityRecord.java:1327)
06-05 18:20:03.706 W/ActivityManager( 1630): 	at com.android.server.am.ActivityRecord.getStackLocked(ActivityRecord.java:1332)
06-05 18:20:03.706 W/ActivityManager( 1630): 	at com.android.server.am.ActivityManagerService.getActivityStackId(ActivityManagerService.java:9817)
06-05 18:20:03.706 W/ActivityManager( 1630): 	at android.app.ActivityManagerNative.onTransact(ActivityManagerNative.java:2856)
06-05 18:20:03.706 W/ActivityManager( 1630): 	at com.android.server.am.ActivityManagerService.onTransact(ActivityManagerService.java:2757)
06-05 18:20:03.706 W/ActivityManager( 1630): 	at android.os.Binder.execTransact(Binder.java:565)
06-05 18:20:03.710 V/PhoneStatusBar( 1712): setLightsOn(true)
06-05 18:20:03.714 W/ActivityManager( 1630): Bad activity token: android.os.BinderProxy@94c9c29
06-05 18:20:03.714 W/ActivityManager( 1630): java.lang.ClassCastException: android.os.BinderProxy cannot be cast to com.android.server.am.ActivityRecord$Token
06-05 18:20:03.714 W/ActivityManager( 1630): 	at com.android.server.am.ActivityRecord.forTokenLocked(ActivityRecord.java:586)
06-05 18:20:03.714 W/ActivityManager( 1630): 	at com.android.server.am.ActivityRecord.isInStackLocked(ActivityRecord.java:1327)
06-05 18:20:03.714 W/ActivityManager( 1630): 	at com.android.server.am.ActivityManagerService.getActivityOptions(ActivityManagerService.java:12559)
06-05 18:20:03.714 W/ActivityManager( 1630): 	at android.app.ActivityManagerNative.onTransact(ActivityManagerNative.java:1933)
06-05 18:20:03.714 W/ActivityManager( 1630): 	at com.android.server.am.ActivityManagerService.onTransact(ActivityManagerService.java:2757)
06-05 18:20:03.714 W/ActivityManager( 1630): 	at android.os.Binder.execTransact(Binder.java:565)
06-05 18:20:03.714 W/ActivityManager( 1630): Bad activity token: android.os.BinderProxy@94c9c29
06-05 18:20:03.714 W/ActivityManager( 1630): java.lang.ClassCastException: android.os.BinderProxy cannot be cast to com.android.server.am.ActivityRecord$Token
06-05 18:20:03.714 W/ActivityManager( 1630): 	at com.android.server.am.ActivityRecord.forTokenLocked(ActivityRecord.java:586)
06-05 18:20:03.714 W/ActivityManager( 1630): 	at com.android.server.am.ActivityRecord.isInStackLocked(ActivityRecord.java:1327)
06-05 18:20:03.714 W/ActivityManager( 1630): 	at com.android.server.am.ActivityManagerService.getActivityOptions(ActivityManagerService.java:12559)
06-05 18:20:03.714 W/ActivityManager( 1630): 	at android.app.ActivityManagerNative.onTransact(ActivityManagerNative.java:1933)
06-05 18:20:03.714 W/ActivityManager( 1630): 	at com.android.server.am.ActivityManagerService.onTransact(ActivityManagerService.java:2757)
06-05 18:20:03.714 W/ActivityManager( 1630): 	at android.os.Binder.execTransact(Binder.java:565)
06-05 18:20:04.009 V/PhoneStatusBar( 1712): setLightsOn(true)
06-05 18:20:04.010 V/PhoneStatusBar( 1712): setLightsOn(true)
06-05 18:20:04.011 W/OpenGLRenderer( 2099): Incorrectly called buildLayer on View: ShortcutAndWidgetContainer, destroying layer...
06-05 18:20:04.026 I/WindowManager( 1630): Destroying surface Surface(name=com.android.launcher3/com.android.launcher3.Launcher) called by com.android.server.wm.WindowStateAnimator.destroySurface:2016 com.android.server.wm.WindowStateAnimator.destroySurfaceLocked:882 com.android.server.wm.WindowState.destroyOrSaveSurface:2100 com.android.server.wm.AppWindowToken.destroySurfaces:363 com.android.server.wm.AppWindowToken.notifyAppStopped:389 com.android.server.wm.WindowManagerService.notifyAppStopped:4463 com.android.server.am.ActivityStack.activityStoppedLocked:1252 com.android.server.am.ActivityManagerService.activityStopped:6903 
06-05 18:20:04.027 V/PhoneStatusBar( 1712): setLightsOn(true)
06-05 18:20:04.725 I/System.out( 7113): URI: //
06-05 18:20:04.725 I/System.out( 7113): params: {json={"command":"press_key","arguments":["KEYCODE_MENU"]}
06-05 18:20:04.725 I/System.out( 7113): }
06-05 18:20:04.725 I/System.out( 7113): header: {content-type=application/json;charset=utf-8, date=Fri, 05 Jun 2020 23:20:05 GMT, accept=*/*, host=127.0.0.1:34784, content-length=52, user-agent=HTTPClient/1.0 (2.8.3, ruby 2.5.1 (2018-03-29))}
06-05 18:20:04.725 I/System.out( 7113): params: {json={"command":"press_key","arguments":["KEYCODE_MENU"]}
06-05 18:20:04.725 I/System.out( 7113): }
06-05 18:20:04.725 I/System.out( 7113): ProP json = {"command":"press_key","arguments":["KEYCODE_MENU"]}
06-05 18:20:04.725 I/System.out( 7113): files: {}
06-05 18:20:04.725 I/System.out( 7113): command: {"command":"press_key","arguments":["KEYCODE_MENU"]}
06-05 18:20:04.726 I/InstrumentationBackend( 7113): Got command:'Command:'Line:null,press_key', arguments:'[KEYCODE_MENU]'
06-05 18:20:04.739 V/PhoneStatusBar( 1712): setLightsOn(true)
06-05 18:20:04.745 I/System.out( 7113): result:{"bonusInformation":[],"message":"","success":true}
06-05 18:20:04.745 V/PhoneStatusBar( 1712): setLightsOn(true)
06-05 18:20:04.747 I/System.out( 7113): URI: //map
06-05 18:20:04.748 I/System.out( 7113): params: {json={"query":"* marked:'Edit vehicle types'","operation":{"method_name":"query","arguments":[]}}
06-05 18:20:04.748 I/System.out( 7113): }
06-05 18:20:04.759 V/PhoneStatusBar( 1712): setLightsOn(true)
06-05 18:20:04.776 V/PhoneStatusBar( 1712): setLightsOn(true)
06-05 18:20:04.778 D/gralloc_ranchu( 1346): gralloc_alloc: Creating ashmem region of size 1720320
06-05 18:20:04.786 V/PhoneStatusBar( 1712): setLightsOn(true)
06-05 18:20:04.787 V/PhoneStatusBar( 1712): setLightsOn(true)
06-05 18:20:04.788 W/ResourceType( 7113): No package identifier when getting name for resource number 0x00000001
06-05 18:20:04.793 V/PhoneStatusBar( 1712): setLightsOn(true)
06-05 18:20:04.803 I/System.out( 7113): URI: //gesture
06-05 18:20:04.803 I/System.out( 7113): params: {json={"query_timeout":5.0,"gestures":[{"query_string":"* marked:'Edit vehicle types'","touches":[{"x":50,"y":50,"offset_x":0,"offset_y":0,"wait":0.0,"time":0.2,"release":true,"query_string":null}]}]}
06-05 18:20:04.803 I/System.out( 7113): }
06-05 18:20:04.809 W/ResourceType( 7113): No package identifier when getting name for resource number 0x00000001
06-05 18:20:04.925 D/gralloc_ranchu( 1346): gralloc_alloc: Creating ashmem region of size 1720320
06-05 18:20:05.003 V/PhoneStatusBar( 1712): setLightsOn(true)
06-05 18:20:05.010 V/PhoneStatusBar( 1712): setLightsOn(true)
06-05 18:20:05.018 D/gralloc_ranchu( 1346): gralloc_alloc: Creating ashmem region of size 9023488
06-05 18:20:05.091 I/art     ( 7113): Do partial code cache collection, code=30KB, data=29KB
06-05 18:20:05.091 I/art     ( 7113): After code cache collection, code=29KB, data=29KB
06-05 18:20:05.091 I/art     ( 7113): Increasing code cache capacity to 128KB
06-05 18:20:05.103 I/System.out( 7113): URI: //map
06-05 18:20:05.103 I/System.out( 7113): params: {json={"query":"* {text CONTAINS[c] 'Car'}","operation":{"method_name":"query","arguments":[]}}
06-05 18:20:05.103 I/System.out( 7113): }
06-05 18:20:05.116 I/ActivityManager( 1630): START u0 {cmp=com.evancharlton.mileage/.VehicleTypeListActivity} from uid 10150 on display 0
06-05 18:20:05.117 V/PhoneStatusBar( 1712): setLightsOn(true)
06-05 18:20:05.118 V/PhoneStatusBar( 1712): setLightsOn(true)
06-05 18:20:05.154 I/WindowManager( 1630): Destroying surface Surface(name=AtchDlg:com.evancharlton.mileage/com.evancharlton.mileage.VehicleListActivity) called by com.android.server.wm.WindowStateAnimator.destroySurface:2016 com.android.server.wm.WindowStateAnimator.destroySurfaceLocked:882 com.android.server.wm.WindowState.removeLocked:1456 com.android.server.wm.WindowManagerService.removeWindowInnerLocked:2484 com.android.server.wm.WindowManagerService.removeWindowLocked:2442 com.android.server.wm.WindowManagerService.removeWindowLocked:2311 com.android.server.wm.WindowManagerService.removeWindow:2306 com.android.server.wm.Session.remove:202 
06-05 18:20:05.196 I/calabash( 7113): newActivity1
06-05 18:20:05.241 V/PhoneStatusBar( 1712): setLightsOn(true)
06-05 18:20:05.259 V/PhoneStatusBar( 1712): setLightsOn(true)
06-05 18:20:05.273 D/gralloc_ranchu( 1346): gralloc_alloc: Creating ashmem region of size 9023488
06-05 18:20:05.310 I/ActivityManager( 1630): Displayed com.evancharlton.mileage/.VehicleTypeListActivity: +159ms
06-05 18:20:05.310 D/gralloc_ranchu( 1346): gralloc_alloc: Creating ashmem region of size 9023488
06-05 18:20:05.326 V/PhoneStatusBar( 1712): setLightsOn(true)
06-05 18:20:05.342 V/PhoneStatusBar( 1712): setLightsOn(true)
06-05 18:20:05.392 V/PhoneStatusBar( 1712): setLightsOn(true)
06-05 18:20:05.468 I/System.out( 7113): URI: //map
06-05 18:20:05.468 I/System.out( 7113): params: {json={"query":"* {text CONTAINS[c] 'Car'}","operation":{"method_name":"query","arguments":[]}}
06-05 18:20:05.468 I/System.out( 7113): }
06-05 18:20:05.482 I/System.out( 7113): URI: //gesture
06-05 18:20:05.482 I/System.out( 7113): params: {json={"query_timeout":5.0,"gestures":[{"query_string":"* {text CONTAINS[c] 'Car'}","touches":[{"x":50,"y":50,"offset_x":0,"offset_y":0,"wait":0.0,"time":1.0,"release":true,"query_string":null}]}]}
06-05 18:20:05.482 I/System.out( 7113): }
06-05 18:20:05.545 V/PhoneStatusBar( 1712): setLightsOn(true)
06-05 18:20:05.677 D/gralloc_ranchu( 1346): gralloc_alloc: Creating ashmem region of size 9023488
06-05 18:20:05.704 V/PhoneStatusBar( 1712): setLightsOn(true)
06-05 18:20:05.707 V/PhoneStatusBar( 1712): setLightsOn(true)
06-05 18:20:05.712 V/PhoneStatusBar( 1712): setLightsOn(true)
06-05 18:20:05.803 I/WindowManager( 1630): Destroying surface Surface(name=com.evancharlton.mileage/com.evancharlton.mileage.Mileage) called by com.android.server.wm.WindowStateAnimator.destroySurface:2016 com.android.server.wm.WindowStateAnimator.destroySurfaceLocked:882 com.android.server.wm.WindowState.destroyOrSaveSurface:2100 com.android.server.wm.WindowManagerService.tryStartExitingAnimation:3024 com.android.server.wm.WindowManagerService.relayoutWindow:2904 com.android.server.wm.Session.relayout:224 android.view.IWindowSession$Stub.onTransact:286 com.android.server.wm.Session.onTransact:145 
06-05 18:20:05.804 V/PhoneStatusBar( 1712): setLightsOn(true)
06-05 18:20:06.125 V/PhoneStatusBar( 1712): setLightsOn(true)
06-05 18:20:06.158 V/PhoneStatusBar( 1712): setLightsOn(true)
06-05 18:20:06.176 V/PhoneStatusBar( 1712): setLightsOn(true)
06-05 18:20:06.178 D/gralloc_ranchu( 1346): gralloc_alloc: Creating ashmem region of size 446464
06-05 18:20:06.183 V/PhoneStatusBar( 1712): setLightsOn(true)
06-05 18:20:06.184 V/PhoneStatusBar( 1712): setLightsOn(true)
06-05 18:20:06.192 D/gralloc_ranchu( 1346): gralloc_alloc: Creating ashmem region of size 446464
06-05 18:20:06.193 V/PhoneStatusBar( 1712): setLightsOn(true)
06-05 18:20:06.443 V/PhoneStatusBar( 1712): setLightsOn(true)
06-05 18:20:06.520 I/System.out( 7113): URI: //map
06-05 18:20:06.520 I/System.out( 7113): params: {json={"query":"android.widget.ScrollView index:0","operation":{"method_name":"query","arguments":[]}}
06-05 18:20:06.520 I/System.out( 7113): }
06-05 18:20:06.577 I/System.out( 7113): URI: //map
06-05 18:20:06.577 I/System.out( 7113): params: {json={"query":"android.widget.AbsListView index:0","operation":{"method_name":"query","arguments":[]}}
06-05 18:20:06.577 I/System.out( 7113): }
06-05 18:20:06.589 I/System.out( 7113): URI: //map
06-05 18:20:06.589 I/System.out( 7113): params: {json={"query":"android.widget.AbsListView index:0","operation":{"method_name":"query","arguments":[]}}
06-05 18:20:06.589 I/System.out( 7113): }
06-05 18:20:06.601 I/System.out( 7113): URI: //map
06-05 18:20:06.601 I/System.out( 7113): params: {json={"query":"android.widget.AbsListView index:0","operation":{"method_name":"query","arguments":[]}}
06-05 18:20:06.601 I/System.out( 7113): }
06-05 18:20:06.612 I/System.out( 7113): URI: //map
06-05 18:20:06.612 I/System.out( 7113): params: {json={"query":"android.widget.AbsListView index:0","operation":{"method_name":"query","arguments":["getFirstVisiblePosition"]}}
06-05 18:20:06.612 I/System.out( 7113): }
06-05 18:20:06.622 I/System.out( 7113): URI: //map
06-05 18:20:06.623 I/System.out( 7113): params: {json={"query":"android.widget.AbsListView index:0","operation":{"method_name":"query","arguments":["getLastVisiblePosition"]}}
06-05 18:20:06.623 I/System.out( 7113): }
06-05 18:20:06.635 I/System.out( 7113): URI: //map
06-05 18:20:06.635 I/System.out( 7113): params: {json={"query":"android.widget.AbsListView index:0","operation":{"method_name":"query","arguments":[{"method_name":"setSelection","arguments":[1]}]}}
06-05 18:20:06.635 I/System.out( 7113): }
06-05 18:20:06.651 I/art     ( 7113): Do partial code cache collection, code=58KB, data=62KB
06-05 18:20:06.652 I/art     ( 7113): After code cache collection, code=58KB, data=62KB
06-05 18:20:06.652 I/art     ( 7113): Increasing code cache capacity to 256KB
06-05 18:20:06.657 I/System.out( 7113): URI: //map
06-05 18:20:06.657 I/System.out( 7113): params: {json={"query":"* {text CONTAINS[c] 'Delete'}","operation":{"method_name":"query","arguments":[]}}
06-05 18:20:06.657 I/System.out( 7113): }
06-05 18:20:06.975 I/System.out( 7113): URI: //map
06-05 18:20:06.975 I/System.out( 7113): params: {json={"query":"* {text CONTAINS[c] 'Delete'}","operation":{"method_name":"query","arguments":[]}}
06-05 18:20:06.975 I/System.out( 7113): }
06-05 18:20:07.334 I/System.out( 7113): URI: //map
06-05 18:20:07.334 I/System.out( 7113): params: {json={"query":"* {text CONTAINS[c] 'Delete'}","operation":{"method_name":"query","arguments":[]}}
06-05 18:20:07.334 I/System.out( 7113): }
06-05 18:20:07.647 I/System.out( 7113): URI: //map
06-05 18:20:07.647 I/System.out( 7113): params: {json={"query":"* {text CONTAINS[c] 'Delete'}","operation":{"method_name":"query","arguments":[]}}
06-05 18:20:07.647 I/System.out( 7113): }
06-05 18:20:07.960 I/System.out( 7113): URI: //map
06-05 18:20:07.960 I/System.out( 7113): params: {json={"query":"* {text CONTAINS[c] 'Delete'}","operation":{"method_name":"query","arguments":[]}}
06-05 18:20:07.960 I/System.out( 7113): }
06-05 18:20:08.304 I/System.out( 7113): URI: //map
06-05 18:20:08.304 I/System.out( 7113): params: {json={"query":"* {text CONTAINS[c] 'Delete'}","operation":{"method_name":"query","arguments":[]}}
06-05 18:20:08.304 I/System.out( 7113): }
06-05 18:20:08.326 W/audio_hw_generic( 1395): Not supplying enough data to HAL, expected position 405595555 , only wrote 405012960
06-05 18:20:08.620 I/System.out( 7113): URI: //map
06-05 18:20:08.620 I/System.out( 7113): params: {json={"query":"* {text CONTAINS[c] 'Delete'}","operation":{"method_name":"query","arguments":[]}}
06-05 18:20:08.620 I/System.out( 7113): }
06-05 18:20:08.948 I/System.out( 7113): URI: //map
06-05 18:20:08.949 I/System.out( 7113): params: {json={"query":"* {text CONTAINS[c] 'Delete'}","operation":{"method_name":"query","arguments":[]}}
06-05 18:20:08.949 I/System.out( 7113): }
06-05 18:20:09.259 I/System.out( 7113): URI: //map
06-05 18:20:09.259 I/System.out( 7113): params: {json={"query":"* {text CONTAINS[c] 'Delete'}","operation":{"method_name":"query","arguments":[]}}
06-05 18:20:09.259 I/System.out( 7113): }
06-05 18:20:09.284 I/art     ( 7113): Compiler allocated 7MB to compile sh.calaba.instrumentationbackend.actions.NanoHTTPD$Response sh.calaba.instrumentationbackend.actions.HttpServer.serve(java.lang.String, java.lang.String, java.util.Properties, java.util.Properties, java.util.Properties)
06-05 18:20:09.570 I/System.out( 7113): URI: //map
06-05 18:20:09.570 I/System.out( 7113): params: {json={"query":"* {text CONTAINS[c] 'Delete'}","operation":{"method_name":"query","arguments":[]}}
06-05 18:20:09.570 I/System.out( 7113): }
06-05 18:20:09.894 I/System.out( 7113): URI: //map
06-05 18:20:09.894 I/System.out( 7113): params: {json={"query":"* {text CONTAINS[c] 'Delete'}","operation":{"method_name":"query","arguments":[]}}
06-05 18:20:09.894 I/System.out( 7113): }
06-05 18:20:10.214 I/System.out( 7113): URI: //map
06-05 18:20:10.214 I/System.out( 7113): params: {json={"query":"* {text CONTAINS[c] 'Delete'}","operation":{"method_name":"query","arguments":[]}}
06-05 18:20:10.214 I/System.out( 7113): }
06-05 18:20:10.525 I/System.out( 7113): URI: //map
06-05 18:20:10.525 I/System.out( 7113): params: {json={"query":"* {text CONTAINS[c] 'Delete'}","operation":{"method_name":"query","arguments":[]}}
06-05 18:20:10.525 I/System.out( 7113): }
06-05 18:20:10.842 I/System.out( 7113): URI: //map
06-05 18:20:10.842 I/System.out( 7113): params: {json={"query":"* {text CONTAINS[c] 'Delete'}","operation":{"method_name":"query","arguments":[]}}
06-05 18:20:10.842 I/System.out( 7113): }
06-05 18:20:11.153 I/System.out( 7113): URI: //map
06-05 18:20:11.153 I/System.out( 7113): params: {json={"query":"* {text CONTAINS[c] 'Delete'}","operation":{"method_name":"query","arguments":[]}}
06-05 18:20:11.153 I/System.out( 7113): }
06-05 18:20:11.462 I/System.out( 7113): URI: //map
06-05 18:20:11.462 I/System.out( 7113): params: {json={"query":"* {text CONTAINS[c] 'Delete'}","operation":{"method_name":"query","arguments":[]}}
06-05 18:20:11.462 I/System.out( 7113): }
06-05 18:20:11.777 I/System.out( 7113): URI: //map
06-05 18:20:11.777 I/System.out( 7113): params: {json={"query":"* {text CONTAINS[c] 'Delete'}","operation":{"method_name":"query","arguments":[]}}
06-05 18:20:11.777 I/System.out( 7113): }
06-05 18:20:12.098 I/System.out( 7113): URI: //map
06-05 18:20:12.098 I/System.out( 7113): params: {json={"query":"* {text CONTAINS[c] 'Delete'}","operation":{"method_name":"query","arguments":[]}}
06-05 18:20:12.098 I/System.out( 7113): }
06-05 18:20:12.410 I/System.out( 7113): URI: //map
06-05 18:20:12.410 I/System.out( 7113): params: {json={"query":"* {text CONTAINS[c] 'Delete'}","operation":{"method_name":"query","arguments":[]}}
06-05 18:20:12.410 I/System.out( 7113): }
06-05 18:20:12.723 I/System.out( 7113): URI: //map
06-05 18:20:12.723 I/System.out( 7113): params: {json={"query":"* {text CONTAINS[c] 'Delete'}","operation":{"method_name":"query","arguments":[]}}
06-05 18:20:12.723 I/System.out( 7113): }
06-05 18:20:13.051 I/System.out( 7113): URI: //map
06-05 18:20:13.051 I/System.out( 7113): params: {json={"query":"* {text CONTAINS[c] 'Delete'}","operation":{"method_name":"query","arguments":[]}}
06-05 18:20:13.051 I/System.out( 7113): }
06-05 18:20:13.361 I/System.out( 7113): URI: //map
06-05 18:20:13.361 I/System.out( 7113): params: {json={"query":"* {text CONTAINS[c] 'Delete'}","operation":{"method_name":"query","arguments":[]}}
06-05 18:20:13.361 I/System.out( 7113): }
06-05 18:20:13.673 I/System.out( 7113): URI: //map
06-05 18:20:13.673 I/System.out( 7113): params: {json={"query":"* {text CONTAINS[c] 'Delete'}","operation":{"method_name":"query","arguments":[]}}
06-05 18:20:13.673 I/System.out( 7113): }
06-05 18:20:13.983 I/System.out( 7113): URI: //map
06-05 18:20:13.983 I/System.out( 7113): params: {json={"query":"* {text CONTAINS[c] 'Delete'}","operation":{"method_name":"query","arguments":[]}}
06-05 18:20:13.983 I/System.out( 7113): }
06-05 18:20:14.293 I/System.out( 7113): URI: //map
06-05 18:20:14.293 I/System.out( 7113): params: {json={"query":"* {text CONTAINS[c] 'Delete'}","operation":{"method_name":"query","arguments":[]}}
06-05 18:20:14.293 I/System.out( 7113): }
06-05 18:20:14.608 I/System.out( 7113): URI: //map
06-05 18:20:14.608 I/System.out( 7113): params: {json={"query":"* {text CONTAINS[c] 'Delete'}","operation":{"method_name":"query","arguments":[]}}
06-05 18:20:14.608 I/System.out( 7113): }
06-05 18:20:14.926 I/System.out( 7113): URI: //map
06-05 18:20:14.927 I/System.out( 7113): params: {json={"query":"* {text CONTAINS[c] 'Delete'}","operation":{"method_name":"query","arguments":[]}}
06-05 18:20:14.927 I/System.out( 7113): }
06-05 18:20:15.244 I/System.out( 7113): URI: //map
06-05 18:20:15.244 I/System.out( 7113): params: {json={"query":"* {text CONTAINS[c] 'Delete'}","operation":{"method_name":"query","arguments":[]}}
06-05 18:20:15.244 I/System.out( 7113): }
06-05 18:20:15.554 I/System.out( 7113): URI: //map
06-05 18:20:15.554 I/System.out( 7113): params: {json={"query":"* {text CONTAINS[c] 'Delete'}","operation":{"method_name":"query","arguments":[]}}
06-05 18:20:15.554 I/System.out( 7113): }
06-05 18:20:15.868 I/System.out( 7113): URI: //map
06-05 18:20:15.868 I/System.out( 7113): params: {json={"query":"* {text CONTAINS[c] 'Delete'}","operation":{"method_name":"query","arguments":[]}}
06-05 18:20:15.868 I/System.out( 7113): }
06-05 18:20:16.201 I/System.out( 7113): URI: //map
06-05 18:20:16.201 I/System.out( 7113): params: {json={"query":"* {text CONTAINS[c] 'Delete'}","operation":{"method_name":"query","arguments":[]}}
06-05 18:20:16.201 I/System.out( 7113): }
06-05 18:20:16.511 I/System.out( 7113): URI: //map
06-05 18:20:16.511 I/System.out( 7113): params: {json={"query":"* {text CONTAINS[c] 'Delete'}","operation":{"method_name":"query","arguments":[]}}
06-05 18:20:16.511 I/System.out( 7113): }
06-05 18:20:17.050 E/SurfaceFlinger( 1346): ro.sf.lcd_density must be defined as a build property
06-05 18:20:17.051 D/gralloc_ranchu( 1346): gralloc_alloc: Creating ashmem region of size 9592832
06-05 18:20:17.056 D/        ( 7188): HostConnection::get() New Host Connection established 0xac09b2c0, tid 7188
06-05 18:20:17.063 E/EGL_emulation( 1346): tid 1346: eglCreateSyncKHR(1901): error 0x3004 (EGL_BAD_ATTRIBUTE)
06-05 18:20:17.235 I/System.out( 7113): URI: //map
06-05 18:20:17.235 I/System.out( 7113): params: {json={"query":"* {text CONTAINS[c] 'Delete'}","operation":{"method_name":"query","arguments":[]}}
06-05 18:20:17.235 I/System.out( 7113): }
