--------- beginning of main
06-05 23:01:23.551 D/AndroidRuntime(14137): >>>>>> START com.android.internal.os.RuntimeInit uid 2000 <<<<<<
06-05 23:01:23.551 D/AndroidRuntime(14137): CheckJNI is ON
06-05 23:01:23.562 W/art     (14137): Unexpected CPU variant for X86 using defaults: x86
06-05 23:01:23.564 D/ICU     (14137): No timezone override file found: /data/misc/zoneinfo/current/icu/icu_tzdata.dat
06-05 23:01:23.571 E/memtrack(14137): Couldn't load memtrack module (No such file or directory)
06-05 23:01:23.571 E/android.os.Debug(14137): failed to load memtrack module: -2
06-05 23:01:23.571 I/Radio-JNI(14137): register_android_hardware_Radio DONE
06-05 23:01:23.575 D/AndroidRuntime(14137): Calling main entry com.android.commands.am.Am
--------- beginning of system
06-05 23:01:23.576 I/ActivityManager( 1631): Force stopping com.evancharlton.mileage appid=10326 user=0: start instr
06-05 23:01:23.576 I/ActivityManager( 1631): Killing 14117:com.evancharlton.mileage/u0a326 (adj 0): stop com.evancharlton.mileage
06-05 23:01:23.576 D/ActivityManager( 1631): cleanUpApplicationRecord -- 14117
06-05 23:01:23.576 W/ActivityManager( 1631): Crash of app com.evancharlton.mileage running instrumentation ComponentInfo{com.evancharlton.mileage.test/sh.calaba.instrumentationbackend.ClearAppData2}
06-05 23:01:23.576 I/ActivityManager( 1631): Force stopping com.evancharlton.mileage appid=10326 user=0: finished inst
06-05 23:01:23.579 I/art     (14147): Not late-enabling -Xcheck:jni (already on)
06-05 23:01:23.579 W/art     (14147): Unexpected CPU variant for X86 using defaults: x86
06-05 23:01:23.587 I/ActivityManager( 1631): Start proc 14147:com.evancharlton.mileage/u0a326 for added application com.evancharlton.mileage
06-05 23:01:23.587 D/AndroidRuntime(14137): Shutting down VM
06-05 23:01:23.592 W/System  (14147): ClassLoader referenced unknown path: /data/app/com.evancharlton.mileage.test-1/lib/x86
06-05 23:01:23.592 W/System  (14147): ClassLoader referenced unknown path: /data/app/com.evancharlton.mileage-1/lib/x86
06-05 23:01:23.593 W/System  (14147): ClassLoader referenced unknown path: 
06-05 23:01:23.597 I/System.out(14147): Main activity name automatically set to: com.evancharlton.mileage.Mileage
06-05 23:01:23.597 I/System.out(14147): Calabash did not load Mono. This is only a problem if you are trying to test a Mono application
06-05 23:01:23.597 I/calabash(14147): Test server port: 7102
06-05 23:01:23.598 I/InstrumentationBackend(14147): Added:'GetPreferences', with key:'get_preferences'
06-05 23:01:23.602 I/InstrumentationBackend(14147): Added:'SetPreferences', with key:'set_preferences'
06-05 23:01:23.602 I/InstrumentationBackend(14147): Added:'ClearPreferences', with key:'clear_preferences'
06-05 23:01:23.602 I/InstrumentationBackend(14147): Added:'PressElement', with key:'press_l10n_element'
06-05 23:01:23.602 I/InstrumentationBackend(14147): Added:'WaitForElement', with key:'wait_for_l10n_element'
06-05 23:01:23.602 I/InstrumentationBackend(14147): Added:'NullAction', with key:'nullAction'
06-05 23:01:23.602 I/InstrumentationBackend(14147): Added:'PressKey', with key:'press_key'
06-05 23:01:23.602 I/InstrumentationBackend(14147): Added:'SetActivityOrientation', with key:'set_activity_orientation'
06-05 23:01:23.602 I/InstrumentationBackend(14147): Added:'GetActivityOrientation', with key:'get_activity_orientation'
06-05 23:01:23.602 I/InstrumentationBackend(14147): Added:'FakeGPSLocation', with key:'set_gps_coordinates'
06-05 23:01:23.602 I/InstrumentationBackend(14147): Added:'SetPropertyByCssSelector', with key:'set_property_by_css_selector'
06-05 23:01:23.602 I/InstrumentationBackend(14147): Added:'GetUrl', with key:'get_url'
06-05 23:01:23.603 I/InstrumentationBackend(14147): Added:'ScrollTo', with key:'scroll_to'
06-05 23:01:23.603 I/InstrumentationBackend(14147): Added:'GetLoadProgress', with key:'get_load_progress'
06-05 23:01:23.603 I/InstrumentationBackend(14147): Added:'DumpHtml', with key:'dump_html'
06-05 23:01:23.603 I/InstrumentationBackend(14147): Added:'DumpBodyHtml', with key:'dump_body_html'
06-05 23:01:23.603 I/InstrumentationBackend(14147): Added:'EnterTextByCssSelector', with key:'enter_text_by_selector'
06-05 23:01:23.603 I/InstrumentationBackend(14147): Added:'AndroidSDKVersion', with key:'android_sdk_version'
06-05 23:01:23.603 I/InstrumentationBackend(14147): Added:'Version', with key:'version'
06-05 23:01:23.603 I/InstrumentationBackend(14147): Added:'Drag', with key:'drag'
06-05 23:01:23.603 I/InstrumentationBackend(14147): Added:'TouchCoordinates', with key:'touch_coordinate'
06-05 23:01:23.603 I/InstrumentationBackend(14147): Added:'LongPressCoordinate', with key:'long_press_coordinate'
06-05 23:01:23.603 I/InstrumentationBackend(14147): Added:'DragCoordinates', with key:'drag_coordinates'
06-05 23:01:23.603 I/InstrumentationBackend(14147): Added:'ResumeApplication', with key:'resume_application'
06-05 23:01:23.603 I/InstrumentationBackend(14147): Added:'Swipe', with key:'swipe'
06-05 23:01:23.603 I/InstrumentationBackend(14147): Added:'DoubleTapCoordinate', with key:'double_tap_coordinate'
06-05 23:01:23.603 I/InstrumentationBackend(14147): Added:'ClickOnScreen', with key:'click_on_screen'
06-05 23:01:23.603 I/InstrumentationBackend(14147): Added:'GetActivityName', with key:'get_activity_name'
06-05 23:01:23.604 I/InstrumentationBackend(14147): Added:'ScrollToView', with key:'scroll_to_view'
06-05 23:01:23.604 I/InstrumentationBackend(14147): Added:'ViewConfiguration', with key:'view_configuration'
06-05 23:01:23.604 I/InstrumentationBackend(14147): Added:'IsCurrentActivityFocused', with key:'is_current_activity_focused'
06-05 23:01:23.604 I/InstrumentationBackend(14147): Added:'SendTcp', with key:'send_tcp'
06-05 23:01:23.604 I/InstrumentationBackend(14147): Added:'DpToDevicePixel', with key:'dp_to_device_pixel'
06-05 23:01:23.604 I/InstrumentationBackend(14147): Added:'KeyboardEnterText', with key:'keyboard_enter_text'
06-05 23:01:23.604 I/InstrumentationBackend(14147): Added:'DeleteSurroundingText', with key:'delete_surrounding_text'
06-05 23:01:23.604 I/InstrumentationBackend(14147): Added:'SetComposingRegion', with key:'set_composing_region'
06-05 23:01:23.604 I/InstrumentationBackend(14147): Added:'SetSelection', with key:'set_selection'
06-05 23:01:23.604 I/InstrumentationBackend(14147): Added:'KeyboardKeyEvent', with key:'keyboard_key_event'
06-05 23:01:23.604 I/InstrumentationBackend(14147): Added:'PressUserActionButton', with key:'press_user_action_button'
06-05 23:01:23.604 I/InstrumentationBackend(14147): Added:'HideSoftKeyboard', with key:'hide_soft_keyboard'
06-05 23:01:23.604 I/InstrumentationBackend(14147): Added:'ListActions', with key:'list_actions'
06-05 23:01:23.604 I/calabash(14147): Instantiating http server at 7102
06-05 23:01:23.605 I/System.out(14147): HTTP Daemon listening on: 7102
06-05 23:01:23.700 I/System.out(14147): URI: //ping
06-05 23:01:23.700 I/System.out(14147): params: {json={}
06-05 23:01:23.700 I/System.out(14147): }
06-05 23:01:23.708 I/System.out(14147): URI: //ping
06-05 23:01:23.708 I/System.out(14147): params: {json={}
06-05 23:01:23.708 I/System.out(14147): }
06-05 23:01:23.714 I/System.out(14147): URI: //ready
06-05 23:01:23.714 I/System.out(14147): params: {json={}
06-05 23:01:23.714 I/System.out(14147): }
06-05 23:01:23.720 I/System.out(14147): URI: //
06-05 23:01:23.720 I/System.out(14147): params: {json={"command":"version","arguments":[]}
06-05 23:01:23.720 I/System.out(14147): }
06-05 23:01:23.720 I/System.out(14147): header: {content-type=application/json;charset=utf-8, date=Sat, 06 Jun 2020 04:01:23 GMT, accept=*/*, host=127.0.0.1:34777, content-length=36, user-agent=HTTPClient/1.0 (2.8.3, ruby 2.5.1 (2018-03-29))}
06-05 23:01:23.720 I/System.out(14147): params: {json={"command":"version","arguments":[]}
06-05 23:01:23.720 I/System.out(14147): }
06-05 23:01:23.721 I/System.out(14147): ProP json = {"command":"version","arguments":[]}
06-05 23:01:23.721 I/System.out(14147): files: {}
06-05 23:01:23.721 I/System.out(14147): command: {"command":"version","arguments":[]}
06-05 23:01:23.732 I/InstrumentationBackend(14147): Got command:'Command:'Line:null,version', arguments:'[]'
06-05 23:01:23.748 I/System.out(14147): result:{"bonusInformation":[],"message":"0.9.8","success":true}
06-05 23:01:23.751 I/System.out(14147): URI: //start-application
06-05 23:01:23.751 I/System.out(14147): params: {json={"intent":null}
06-05 23:01:23.751 I/System.out(14147): }
06-05 23:01:23.763 I/ActivityManager( 1631): START u0 {act=android.intent.action.MAIN cat=[android.intent.category.LAUNCHER] flg=0x10200000 cmp=com.evancharlton.mileage/.Mileage} from uid 10326 on display 0
06-05 23:01:23.768 I/calabash(14147): newActivity1
06-05 23:01:23.776 I/calabash(14147): newActivity1
06-05 23:01:23.778 W/ActivityManager( 1631): Bad activity token: android.os.BinderProxy@a670486
06-05 23:01:23.778 W/ActivityManager( 1631): java.lang.ClassCastException: android.os.BinderProxy cannot be cast to com.android.server.am.ActivityRecord$Token
06-05 23:01:23.778 W/ActivityManager( 1631): 	at com.android.server.am.ActivityRecord.forTokenLocked(ActivityRecord.java:586)
06-05 23:01:23.778 W/ActivityManager( 1631): 	at com.android.server.am.ActivityRecord.isInStackLocked(ActivityRecord.java:1327)
06-05 23:01:23.778 W/ActivityManager( 1631): 	at com.android.server.am.ActivityRecord.getStackLocked(ActivityRecord.java:1332)
06-05 23:01:23.778 W/ActivityManager( 1631): 	at com.android.server.am.ActivityManagerService.getActivityDisplayId(ActivityManagerService.java:9806)
06-05 23:01:23.778 W/ActivityManager( 1631): 	at android.app.ActivityManagerNative.onTransact(ActivityManagerNative.java:2566)
06-05 23:01:23.778 W/ActivityManager( 1631): 	at com.android.server.am.ActivityManagerService.onTransact(ActivityManagerService.java:2757)
06-05 23:01:23.778 W/ActivityManager( 1631): 	at android.os.Binder.execTransact(Binder.java:565)
06-05 23:01:23.778 W/ActivityManager( 1631): Bad activity token: android.os.BinderProxy@a670486
06-05 23:01:23.778 W/ActivityManager( 1631): java.lang.ClassCastException: android.os.BinderProxy cannot be cast to com.android.server.am.ActivityRecord$Token
06-05 23:01:23.778 W/ActivityManager( 1631): 	at com.android.server.am.ActivityRecord.forTokenLocked(ActivityRecord.java:586)
06-05 23:01:23.778 W/ActivityManager( 1631): 	at com.android.server.am.ActivityRecord.isInStackLocked(ActivityRecord.java:1327)
06-05 23:01:23.778 W/ActivityManager( 1631): 	at com.android.server.am.ActivityManagerService.setTaskDescription(ActivityManagerService.java:9358)
06-05 23:01:23.778 W/ActivityManager( 1631): 	at android.app.ActivityManagerNative.onTransact(ActivityManagerNative.java:2639)
06-05 23:01:23.778 W/ActivityManager( 1631): 	at com.android.server.am.ActivityManagerService.onTransact(ActivityManagerService.java:2757)
06-05 23:01:23.778 W/ActivityManager( 1631): 	at android.os.Binder.execTransact(Binder.java:565)
06-05 23:01:23.779 W/ActivityManager( 1631): Bad activity token: android.os.BinderProxy@a670486
06-05 23:01:23.779 W/ActivityManager( 1631): java.lang.ClassCastException: android.os.BinderProxy cannot be cast to com.android.server.am.ActivityRecord$Token
06-05 23:01:23.779 W/ActivityManager( 1631): 	at com.android.server.am.ActivityRecord.forTokenLocked(ActivityRecord.java:586)
06-05 23:01:23.779 W/ActivityManager( 1631): 	at com.android.server.am.ActivityRecord.isInStackLocked(ActivityRecord.java:1327)
06-05 23:01:23.779 W/ActivityManager( 1631): 	at com.android.server.am.ActivityRecord.getStackLocked(ActivityRecord.java:1332)
06-05 23:01:23.779 W/ActivityManager( 1631): 	at com.android.server.am.ActivityManagerService.getActivityStackId(ActivityManagerService.java:9817)
06-05 23:01:23.779 W/ActivityManager( 1631): 	at android.app.ActivityManagerNative.onTransact(ActivityManagerNative.java:2856)
06-05 23:01:23.779 W/ActivityManager( 1631): 	at com.android.server.am.ActivityManagerService.onTransact(ActivityManagerService.java:2757)
06-05 23:01:23.779 W/ActivityManager( 1631): 	at android.os.Binder.execTransact(Binder.java:565)
06-05 23:01:23.791 D/FillupsProvider(14147): Creating database
06-05 23:01:23.801 D/gralloc_ranchu( 1347): gralloc_alloc: Creating ashmem region of size 9023488
06-05 23:01:23.805 W/ActivityManager( 1631): Bad activity token: android.os.BinderProxy@a670486
06-05 23:01:23.805 W/ActivityManager( 1631): java.lang.ClassCastException: android.os.BinderProxy cannot be cast to com.android.server.am.ActivityRecord$Token
06-05 23:01:23.805 W/ActivityManager( 1631): 	at com.android.server.am.ActivityRecord.forTokenLocked(ActivityRecord.java:586)
06-05 23:01:23.805 W/ActivityManager( 1631): 	at com.android.server.am.ActivityRecord.isInStackLocked(ActivityRecord.java:1327)
06-05 23:01:23.805 W/ActivityManager( 1631): 	at com.android.server.am.ActivityManagerService.getActivityOptions(ActivityManagerService.java:12559)
06-05 23:01:23.805 W/ActivityManager( 1631): 	at android.app.ActivityManagerNative.onTransact(ActivityManagerNative.java:1933)
06-05 23:01:23.805 W/ActivityManager( 1631): 	at com.android.server.am.ActivityManagerService.onTransact(ActivityManagerService.java:2757)
06-05 23:01:23.805 W/ActivityManager( 1631): 	at android.os.Binder.execTransact(Binder.java:565)
06-05 23:01:23.805 W/ActivityManager( 1631): Bad activity token: android.os.BinderProxy@a670486
06-05 23:01:23.805 W/ActivityManager( 1631): java.lang.ClassCastException: android.os.BinderProxy cannot be cast to com.android.server.am.ActivityRecord$Token
06-05 23:01:23.805 W/ActivityManager( 1631): 	at com.android.server.am.ActivityRecord.forTokenLocked(ActivityRecord.java:586)
06-05 23:01:23.805 W/ActivityManager( 1631): 	at com.android.server.am.ActivityRecord.isInStackLocked(ActivityRecord.java:1327)
06-05 23:01:23.805 W/ActivityManager( 1631): 	at com.android.server.am.ActivityManagerService.getActivityOptions(ActivityManagerService.java:12559)
06-05 23:01:23.805 W/ActivityManager( 1631): 	at android.app.ActivityManagerNative.onTransact(ActivityManagerNative.java:1933)
06-05 23:01:23.805 W/ActivityManager( 1631): 	at com.android.server.am.ActivityManagerService.onTransact(ActivityManagerService.java:2757)
06-05 23:01:23.805 W/ActivityManager( 1631): 	at android.os.Binder.execTransact(Binder.java:565)
06-05 23:01:23.822 V/PhoneStatusBar( 1712): setLightsOn(true)
06-05 23:01:23.834 D/EGL_emulation( 1712): eglMakeCurrent: 0xb0685360: ver 2 0 (tinfo 0xb06836c0)
06-05 23:01:23.834 V/PhoneStatusBar( 1712): setLightsOn(true)
06-05 23:01:23.835 V/PhoneStatusBar( 1712): setLightsOn(true)
06-05 23:01:23.836 D/gralloc_ranchu( 1347): gralloc_alloc: Creating ashmem region of size 9023488
06-05 23:01:23.837 V/PhoneStatusBar( 1712): setLightsOn(true)
06-05 23:01:23.841 D/        (14147): HostConnection::get() New Host Connection established 0x942c9200, tid 14147
06-05 23:01:23.875 D/EGL_emulation( 1712): eglMakeCurrent: 0xb0685360: ver 2 0 (tinfo 0xb06836c0)
06-05 23:01:23.875 D/EGL_emulation( 2076): eglMakeCurrent: 0xb0685360: ver 2 0 (tinfo 0xb06836b0)
06-05 23:01:23.879 D/EGL_emulation( 1712): eglMakeCurrent: 0xb0685360: ver 2 0 (tinfo 0xb06836c0)
06-05 23:01:23.880 D/EGL_emulation( 1712): eglMakeCurrent: 0xb0685360: ver 2 0 (tinfo 0xb06836c0)
06-05 23:01:23.881 D/EGL_emulation( 1712): eglMakeCurrent: 0xb0685360: ver 2 0 (tinfo 0xb06836c0)
06-05 23:01:23.884 D/EGL_emulation( 1712): eglMakeCurrent: 0xb0685360: ver 2 0 (tinfo 0xb06836c0)
06-05 23:01:23.885 D/EGL_emulation( 1712): eglMakeCurrent: 0xb0685360: ver 2 0 (tinfo 0xb06836c0)
06-05 23:01:23.885 V/PhoneStatusBar( 1712): setLightsOn(true)
06-05 23:01:23.893 I/ActivityManager( 1631): Displayed com.evancharlton.mileage/.Mileage: +127ms
06-05 23:01:23.900 D/gralloc_ranchu( 1347): gralloc_alloc: Creating ashmem region of size 9023488
06-05 23:01:23.906 D/EGL_emulation( 1712): eglMakeCurrent: 0xb0685360: ver 2 0 (tinfo 0xb06836c0)
06-05 23:01:23.913 D/EGL_emulation( 1712): eglMakeCurrent: 0xb0685360: ver 2 0 (tinfo 0xb06836c0)
06-05 23:01:23.922 D/EGL_emulation( 1712): eglMakeCurrent: 0xb0685360: ver 2 0 (tinfo 0xb06836c0)
06-05 23:01:23.925 D/EGL_emulation( 1712): eglMakeCurrent: 0xb0685360: ver 2 0 (tinfo 0xb06836c0)
06-05 23:01:23.925 V/PhoneStatusBar( 1712): setLightsOn(true)
06-05 23:01:23.935 D/EGL_emulation( 1712): eglMakeCurrent: 0xb0685360: ver 2 0 (tinfo 0xb06836c0)
06-05 23:01:23.937 D/EGL_emulation( 1712): eglMakeCurrent: 0xb0685360: ver 2 0 (tinfo 0xb06836c0)
06-05 23:01:23.942 I/System.out(14147): URI: //map
06-05 23:01:23.942 I/System.out(14147): params: {json={"query":"* marked:'Vehicles'","operation":{"method_name":"query","arguments":[]}}
06-05 23:01:23.942 I/System.out(14147): }
06-05 23:01:23.951 D/EGL_emulation( 1712): eglMakeCurrent: 0xb0685360: ver 2 0 (tinfo 0xb06836c0)
06-05 23:01:23.952 D/EGL_emulation( 1712): eglMakeCurrent: 0xb0685360: ver 2 0 (tinfo 0xb06836c0)
06-05 23:01:23.957 W/ResourceType(14147): No package identifier when getting name for resource number 0x00000001
06-05 23:01:23.967 D/EGL_emulation( 1712): eglMakeCurrent: 0xb0685360: ver 2 0 (tinfo 0xb06836c0)
06-05 23:01:23.970 D/EGL_emulation( 1712): eglMakeCurrent: 0xb0685360: ver 2 0 (tinfo 0xb06836c0)
06-05 23:01:23.970 I/System.out(14147): URI: //gesture
06-05 23:01:23.970 I/System.out(14147): params: {json={"query_timeout":5.0,"gestures":[{"query_string":"* marked:'Vehicles'","touches":[{"x":50,"y":50,"offset_x":0,"offset_y":0,"wait":0.0,"time":0.2,"release":true,"query_string":null}]}]}
06-05 23:01:23.970 I/System.out(14147): }
06-05 23:01:23.975 W/ResourceType(14147): No package identifier when getting name for resource number 0x00000001
06-05 23:01:23.991 D/EGL_emulation( 1712): eglMakeCurrent: 0xb0685360: ver 2 0 (tinfo 0xb06836c0)
06-05 23:01:23.993 D/EGL_emulation( 1712): eglMakeCurrent: 0xb0685360: ver 2 0 (tinfo 0xb06836c0)
06-05 23:01:24.011 D/EGL_emulation( 1712): eglMakeCurrent: 0xb0685360: ver 2 0 (tinfo 0xb06836c0)
06-05 23:01:24.018 D/EGL_emulation( 1712): eglMakeCurrent: 0xb0685360: ver 2 0 (tinfo 0xb06836c0)
06-05 23:01:24.019 D/EGL_emulation( 1712): eglMakeCurrent: 0xb0685360: ver 2 0 (tinfo 0xb06836c0)
06-05 23:01:24.021 D/EGL_emulation( 1712): eglMakeCurrent: 0xb0685360: ver 2 0 (tinfo 0xb06836c0)
06-05 23:01:24.034 D/EGL_emulation( 1712): eglMakeCurrent: 0xb0685360: ver 2 0 (tinfo 0xb06836c0)
06-05 23:01:24.036 D/EGL_emulation( 1712): eglMakeCurrent: 0xb0685360: ver 2 0 (tinfo 0xb06836c0)
06-05 23:01:24.050 D/EGL_emulation( 1712): eglMakeCurrent: 0xb0685360: ver 2 0 (tinfo 0xb06836c0)
06-05 23:01:24.052 D/EGL_emulation( 1712): eglMakeCurrent: 0xb0685360: ver 2 0 (tinfo 0xb06836c0)
06-05 23:01:24.067 D/EGL_emulation( 1712): eglMakeCurrent: 0xb0685360: ver 2 0 (tinfo 0xb06836c0)
06-05 23:01:24.083 I/WindowManager( 1631): Destroying surface Surface(name=Starting com.evancharlton.mileage) called by com.android.server.wm.WindowStateAnimator.destroySurface:2016 com.android.server.wm.WindowStateAnimator.destroySurfaceLocked:882 com.android.server.wm.WindowState.destroyOrSaveSurface:2100 com.android.server.wm.AppWindowToken.destroySurfaces:363 com.android.server.wm.WindowStateAnimator.finishExit:565 com.android.server.wm.WindowStateAnimator.stepAnimationLocked:491 com.android.server.wm.WindowAnimator.updateWindowsLocked:303 com.android.server.wm.WindowAnimator.animateLocked:704 
06-05 23:01:24.084 V/PhoneStatusBar( 1712): setLightsOn(true)
06-05 23:01:24.086 V/PhoneStatusBar( 1712): setLightsOn(true)
06-05 23:01:24.202 I/calabash(14147): newActivity1
06-05 23:01:24.202 W/ActivityManager( 1631): Bad activity token: android.os.BinderProxy@57d3ba4
06-05 23:01:24.202 W/ActivityManager( 1631): java.lang.ClassCastException: android.os.BinderProxy cannot be cast to com.android.server.am.ActivityRecord$Token
06-05 23:01:24.202 W/ActivityManager( 1631): 	at com.android.server.am.ActivityRecord.forTokenLocked(ActivityRecord.java:586)
06-05 23:01:24.202 W/ActivityManager( 1631): 	at com.android.server.am.ActivityRecord.isInStackLocked(ActivityRecord.java:1327)
06-05 23:01:24.202 W/ActivityManager( 1631): 	at com.android.server.am.ActivityRecord.getStackLocked(ActivityRecord.java:1332)
06-05 23:01:24.202 W/ActivityManager( 1631): 	at com.android.server.am.ActivityManagerService.getActivityDisplayId(ActivityManagerService.java:9806)
06-05 23:01:24.202 W/ActivityManager( 1631): 	at android.app.ActivityManagerNative.onTransact(ActivityManagerNative.java:2566)
06-05 23:01:24.202 W/ActivityManager( 1631): 	at com.android.server.am.ActivityManagerService.onTransact(ActivityManagerService.java:2757)
06-05 23:01:24.202 W/ActivityManager( 1631): 	at android.os.Binder.execTransact(Binder.java:565)
06-05 23:01:24.203 W/ActivityManager( 1631): Bad activity token: android.os.BinderProxy@57d3ba4
06-05 23:01:24.203 W/ActivityManager( 1631): java.lang.ClassCastException: android.os.BinderProxy cannot be cast to com.android.server.am.ActivityRecord$Token
06-05 23:01:24.203 W/ActivityManager( 1631): 	at com.android.server.am.ActivityRecord.forTokenLocked(ActivityRecord.java:586)
06-05 23:01:24.203 W/ActivityManager( 1631): 	at com.android.server.am.ActivityRecord.isInStackLocked(ActivityRecord.java:1327)
06-05 23:01:24.203 W/ActivityManager( 1631): 	at com.android.server.am.ActivityManagerService.setTaskDescription(ActivityManagerService.java:9358)
06-05 23:01:24.203 W/ActivityManager( 1631): 	at android.app.ActivityManagerNative.onTransact(ActivityManagerNative.java:2639)
06-05 23:01:24.203 W/ActivityManager( 1631): 	at com.android.server.am.ActivityManagerService.onTransact(ActivityManagerService.java:2757)
06-05 23:01:24.203 W/ActivityManager( 1631): 	at android.os.Binder.execTransact(Binder.java:565)
06-05 23:01:24.203 W/ActivityManager( 1631): Bad activity token: android.os.BinderProxy@57d3ba4
06-05 23:01:24.203 W/ActivityManager( 1631): java.lang.ClassCastException: android.os.BinderProxy cannot be cast to com.android.server.am.ActivityRecord$Token
06-05 23:01:24.203 W/ActivityManager( 1631): 	at com.android.server.am.ActivityRecord.forTokenLocked(ActivityRecord.java:586)
06-05 23:01:24.203 W/ActivityManager( 1631): 	at com.android.server.am.ActivityRecord.isInStackLocked(ActivityRecord.java:1327)
06-05 23:01:24.203 W/ActivityManager( 1631): 	at com.android.server.am.ActivityRecord.getStackLocked(ActivityRecord.java:1332)
06-05 23:01:24.203 W/ActivityManager( 1631): 	at com.android.server.am.ActivityManagerService.getActivityStackId(ActivityManagerService.java:9817)
06-05 23:01:24.203 W/ActivityManager( 1631): 	at android.app.ActivityManagerNative.onTransact(ActivityManagerNative.java:2856)
06-05 23:01:24.203 W/ActivityManager( 1631): 	at com.android.server.am.ActivityManagerService.onTransact(ActivityManagerService.java:2757)
06-05 23:01:24.203 W/ActivityManager( 1631): 	at android.os.Binder.execTransact(Binder.java:565)
06-05 23:01:24.207 W/ActivityManager( 1631): Bad activity token: android.os.BinderProxy@57d3ba4
06-05 23:01:24.207 W/ActivityManager( 1631): java.lang.ClassCastException: android.os.BinderProxy cannot be cast to com.android.server.am.ActivityRecord$Token
06-05 23:01:24.207 W/ActivityManager( 1631): 	at com.android.server.am.ActivityRecord.forTokenLocked(ActivityRecord.java:586)
06-05 23:01:24.207 W/ActivityManager( 1631): 	at com.android.server.am.ActivityRecord.isInStackLocked(ActivityRecord.java:1327)
06-05 23:01:24.207 W/ActivityManager( 1631): 	at com.android.server.am.ActivityManagerService.getActivityOptions(ActivityManagerService.java:12559)
06-05 23:01:24.207 W/ActivityManager( 1631): 	at android.app.ActivityManagerNative.onTransact(ActivityManagerNative.java:1933)
06-05 23:01:24.207 W/ActivityManager( 1631): 	at com.android.server.am.ActivityManagerService.onTransact(ActivityManagerService.java:2757)
06-05 23:01:24.207 W/ActivityManager( 1631): 	at android.os.Binder.execTransact(Binder.java:565)
06-05 23:01:24.207 W/audio_hw_generic( 1394): Not supplying enough data to HAL, expected position 223824435 , only wrote 223824240
06-05 23:01:24.207 W/ActivityManager( 1631): Bad activity token: android.os.BinderProxy@57d3ba4
06-05 23:01:24.207 W/ActivityManager( 1631): java.lang.ClassCastException: android.os.BinderProxy cannot be cast to com.android.server.am.ActivityRecord$Token
06-05 23:01:24.207 W/ActivityManager( 1631): 	at com.android.server.am.ActivityRecord.forTokenLocked(ActivityRecord.java:586)
06-05 23:01:24.207 W/ActivityManager( 1631): 	at com.android.server.am.ActivityRecord.isInStackLocked(ActivityRecord.java:1327)
06-05 23:01:24.207 W/ActivityManager( 1631): 	at com.android.server.am.ActivityManagerService.getActivityOptions(ActivityManagerService.java:12559)
06-05 23:01:24.207 W/ActivityManager( 1631): 	at android.app.ActivityManagerNative.onTransact(ActivityManagerNative.java:1933)
06-05 23:01:24.207 W/ActivityManager( 1631): 	at com.android.server.am.ActivityManagerService.onTransact(ActivityManagerService.java:2757)
06-05 23:01:24.207 W/ActivityManager( 1631): 	at android.os.Binder.execTransact(Binder.java:565)
06-05 23:01:24.210 I/System.out(14147): URI: //map
06-05 23:01:24.210 I/System.out(14147): params: {json={"query":"* {text CONTAINS[c] 'Default vehicle'}","operation":{"method_name":"query","arguments":[]}}
06-05 23:01:24.210 I/System.out(14147): }
06-05 23:01:24.274 I/System.out(14147): URI: //map
06-05 23:01:24.274 I/System.out(14147): params: {json={"query":"* {text CONTAINS[c] 'Auto-generated vehicle'}","operation":{"method_name":"query","arguments":[]}}
06-05 23:01:24.274 I/System.out(14147): }
06-05 23:01:24.279 I/art     (14147): Do partial code cache collection, code=29KB, data=30KB
06-05 23:01:24.279 I/art     (14147): After code cache collection, code=28KB, data=30KB
06-05 23:01:24.279 I/art     (14147): Increasing code cache capacity to 128KB
06-05 23:01:24.284 V/PhoneStatusBar( 1712): setLightsOn(true)
06-05 23:01:24.292 I/System.out(14147): URI: //
06-05 23:01:24.292 I/System.out(14147): params: {json={"command":"press_key","arguments":["KEYCODE_MENU"]}
06-05 23:01:24.292 I/System.out(14147): }
06-05 23:01:24.292 I/System.out(14147): header: {content-type=application/json;charset=utf-8, date=Sat, 06 Jun 2020 04:01:24 GMT, accept=*/*, host=127.0.0.1:34777, content-length=52, user-agent=HTTPClient/1.0 (2.8.3, ruby 2.5.1 (2018-03-29))}
06-05 23:01:24.292 I/System.out(14147): params: {json={"command":"press_key","arguments":["KEYCODE_MENU"]}
06-05 23:01:24.292 I/System.out(14147): }
06-05 23:01:24.292 I/System.out(14147): ProP json = {"command":"press_key","arguments":["KEYCODE_MENU"]}
06-05 23:01:24.292 I/System.out(14147): files: {}
06-05 23:01:24.292 I/System.out(14147): command: {"command":"press_key","arguments":["KEYCODE_MENU"]}
06-05 23:01:24.293 I/InstrumentationBackend(14147): Got command:'Command:'Line:null,press_key', arguments:'[KEYCODE_MENU]'
06-05 23:01:24.302 V/PhoneStatusBar( 1712): setLightsOn(true)
06-05 23:01:24.306 I/System.out(14147): result:{"bonusInformation":[],"message":"","success":true}
06-05 23:01:24.309 I/System.out(14147): URI: //map
06-05 23:01:24.309 I/System.out(14147): params: {json={"query":"* {text CONTAINS[c] 'Add new vehicle'}","operation":{"method_name":"query","arguments":[]}}
06-05 23:01:24.309 I/System.out(14147): }
06-05 23:01:24.319 V/PhoneStatusBar( 1712): setLightsOn(true)
06-05 23:01:24.334 V/PhoneStatusBar( 1712): setLightsOn(true)
06-05 23:01:24.350 V/PhoneStatusBar( 1712): setLightsOn(true)
06-05 23:01:24.351 D/gralloc_ranchu( 1347): gralloc_alloc: Creating ashmem region of size 1720320
06-05 23:01:24.360 V/PhoneStatusBar( 1712): setLightsOn(true)
06-05 23:01:24.367 V/PhoneStatusBar( 1712): setLightsOn(true)
06-05 23:01:24.369 I/System.out(14147): URI: //map
06-05 23:01:24.369 I/System.out(14147): params: {json={"query":"* {text CONTAINS[c] 'Edit vehicle types'}","operation":{"method_name":"query","arguments":[]}}
06-05 23:01:24.369 I/System.out(14147): }
06-05 23:01:24.382 I/System.out(14147): URI: //map
06-05 23:01:24.382 I/System.out(14147): params: {json={"query":"* {text CONTAINS[c] 'Service intervals'}","operation":{"method_name":"query","arguments":[]}}
06-05 23:01:24.382 I/System.out(14147): }
06-05 23:01:24.395 I/System.out(14147): URI: //map
06-05 23:01:24.395 I/System.out(14147): params: {json={"query":"* {text CONTAINS[c] 'Import / Export'}","operation":{"method_name":"query","arguments":[]}}
06-05 23:01:24.395 I/System.out(14147): }
06-05 23:01:24.410 I/System.out(14147): URI: //map
06-05 23:01:24.410 I/System.out(14147): params: {json={"query":"* {text CONTAINS[c] 'Settings'}","operation":{"method_name":"query","arguments":[]}}
06-05 23:01:24.410 I/System.out(14147): }
