--------- beginning of system
06-06 17:45:52.051 W/ActivityManager( 1631): Duplicate finish request for ActivityRecord{f268a2e u0 com.evancharlton.mileage/.Mileage t24721 f}
06-06 17:45:52.051 W/ActivityManager( 1631): Duplicate finish request for ActivityRecord{f268a2e u0 com.evancharlton.mileage/.Mileage t24721 f}
06-06 17:45:52.051 W/ActivityManager( 1631): Duplicate finish request for ActivityRecord{f268a2e u0 com.evancharlton.mileage/.Mileage t24721 f}
06-06 17:45:52.051 W/ActivityManager( 1631): Duplicate finish request for ActivityRecord{f268a2e u0 com.evancharlton.mileage/.Mileage t24721 f}
06-06 17:45:52.051 W/ActivityManager( 1631): Duplicate finish request for ActivityRecord{f268a2e u0 com.evancharlton.mileage/.Mileage t24721 f}
--------- beginning of main
06-06 17:45:52.052 V/PhoneStatusBar( 1713): setLightsOn(true)
06-06 17:45:52.053 V/PhoneStatusBar( 1713): setLightsOn(true)
06-06 17:45:52.054 V/PhoneStatusBar( 1713): setLightsOn(true)
06-06 17:45:52.054 W/ActivityManager( 1631): Finishing task with all activities already finished
06-06 17:45:52.054 W/ActivityManager( 1631): Duplicate finish request for ActivityRecord{e5243cb u0 com.evancharlton.mileage/.VehicleActivity t24721 f}
06-06 17:45:52.066 D/gralloc_ranchu( 1348): gralloc_alloc: Creating ashmem region of size 3145728
06-06 17:45:52.072 E/EGL_emulation( 1348): tid 1348: eglCreateSyncKHR(1901): error 0x3004 (EGL_BAD_ATTRIBUTE)
06-06 17:45:52.132 D/EGL_emulation( 1713): eglMakeCurrent: 0xa6a85780: ver 2 0 (tinfo 0xa6a83640)
06-06 17:45:52.132 W/IInputConnectionWrapper(17579): reportFullscreenMode on inexistent InputConnection
06-06 17:45:52.132 W/IInputConnectionWrapper(17579): finishComposingText on inactive InputConnection
06-06 17:45:52.134 D/EGL_emulation( 2106): eglMakeCurrent: 0xa6a85300: ver 2 0 (tinfo 0xa6a83220)
06-06 17:45:52.134 D/EGL_emulation( 1713): eglMakeCurrent: 0xa6a85780: ver 2 0 (tinfo 0xa6a83640)
06-06 17:45:52.166 D/EGL_emulation( 1713): eglMakeCurrent: 0xa6a85780: ver 2 0 (tinfo 0xa6a83640)
06-06 17:45:52.182 D/EGL_emulation( 1713): eglMakeCurrent: 0xa6a85780: ver 2 0 (tinfo 0xa6a83640)
06-06 17:45:52.184 D/EGL_emulation( 1713): eglMakeCurrent: 0xa6a85780: ver 2 0 (tinfo 0xa6a83640)
06-06 17:45:52.198 I/WindowManager( 1631): Destroying surface Surface(name=com.evancharlton.mileage/com.evancharlton.mileage.VehicleActivity) called by com.android.server.wm.WindowStateAnimator.destroySurface:2016 com.android.server.wm.WindowStateAnimator.destroySurfaceLocked:882 com.android.server.wm.WindowState.removeLocked:1456 com.android.server.wm.WindowManagerService.removeWindowInnerLocked:2484 com.android.server.wm.AppWindowToken.destroySurfaces:365 com.android.server.wm.WindowStateAnimator.finishExit:565 com.android.server.wm.WindowStateAnimator.stepAnimationLocked:491 com.android.server.wm.WindowAnimator.updateWindowsLocked:303 
06-06 17:45:52.198 D/EGL_emulation( 1713): eglMakeCurrent: 0xa6a85780: ver 2 0 (tinfo 0xa6a83640)
06-06 17:45:52.200 D/EGL_emulation( 1713): eglMakeCurrent: 0xa6a85780: ver 2 0 (tinfo 0xa6a83640)
06-06 17:45:52.215 D/EGL_emulation( 1713): eglMakeCurrent: 0xa6a85780: ver 2 0 (tinfo 0xa6a83640)
06-06 17:45:52.216 D/EGL_emulation( 1713): eglMakeCurrent: 0xa6a85780: ver 2 0 (tinfo 0xa6a83640)
06-06 17:45:52.227 D/AndroidRuntime(17658): >>>>>> START com.android.internal.os.RuntimeInit uid 2000 <<<<<<
06-06 17:45:52.228 D/AndroidRuntime(17658): CheckJNI is ON
06-06 17:45:52.231 D/EGL_emulation( 1713): eglMakeCurrent: 0xa6a85780: ver 2 0 (tinfo 0xa6a83640)
06-06 17:45:52.233 D/EGL_emulation( 1713): eglMakeCurrent: 0xa6a85780: ver 2 0 (tinfo 0xa6a83640)
06-06 17:45:52.239 W/art     (17658): Unexpected CPU variant for X86 using defaults: x86
06-06 17:45:52.241 D/ICU     (17658): No timezone override file found: /data/misc/zoneinfo/current/icu/icu_tzdata.dat
06-06 17:45:52.248 E/memtrack(17658): Couldn't load memtrack module (No such file or directory)
06-06 17:45:52.248 E/android.os.Debug(17658): failed to load memtrack module: -2
06-06 17:45:52.248 I/Radio-JNI(17658): register_android_hardware_Radio DONE
06-06 17:45:52.248 D/EGL_emulation( 1713): eglMakeCurrent: 0xa6a85780: ver 2 0 (tinfo 0xa6a83640)
06-06 17:45:52.250 D/EGL_emulation( 1713): eglMakeCurrent: 0xa6a85780: ver 2 0 (tinfo 0xa6a83640)
06-06 17:45:52.252 D/AndroidRuntime(17658): Calling main entry com.android.commands.am.Am
06-06 17:45:52.254 I/ActivityManager( 1631): Force stopping com.evancharlton.mileage appid=10728 user=0: start instr
06-06 17:45:52.254 I/ActivityManager( 1631): Killing 17579:com.evancharlton.mileage/u0a728 (adj 0): stop com.evancharlton.mileage
06-06 17:45:52.254 D/ActivityManager( 1631): cleanUpApplicationRecord -- 17579
06-06 17:45:52.254 W/ActivityManager( 1631): Crash of app com.evancharlton.mileage running instrumentation ComponentInfo{com.evancharlton.mileage.test/sh.calaba.instrumentationbackend.CalabashInstrumentationTestRunner}
06-06 17:45:52.254 I/ActivityManager( 1631): Force stopping com.evancharlton.mileage appid=10728 user=0: finished inst
06-06 17:45:52.256 W/InputDispatcher( 1631): channel 'a3f51a7 com.evancharlton.mileage/com.evancharlton.mileage.VehicleActivity (server)' ~ Consumer closed input channel or an error occurred.  events=0x9
06-06 17:45:52.256 E/InputDispatcher( 1631): channel 'a3f51a7 com.evancharlton.mileage/com.evancharlton.mileage.VehicleActivity (server)' ~ Channel is unrecoverably broken and will be disposed!
06-06 17:45:52.256 I/WindowManager( 1631): WIN DEATH: Window{a3f51a7 u0 com.evancharlton.mileage/com.evancharlton.mileage.VehicleActivity EXITING}
06-06 17:45:52.257 W/InputDispatcher( 1631): Attempted to unregister already unregistered input channel 'a3f51a7 com.evancharlton.mileage/com.evancharlton.mileage.VehicleActivity (server)'
06-06 17:45:52.258 I/art     (17668): Not late-enabling -Xcheck:jni (already on)
06-06 17:45:52.258 W/art     (17668): Unexpected CPU variant for X86 using defaults: x86
06-06 17:45:52.265 I/ActivityManager( 1631): Start proc 17668:com.evancharlton.mileage/u0a728 for added application com.evancharlton.mileage
06-06 17:45:52.265 D/AndroidRuntime(17658): Shutting down VM
06-06 17:45:52.270 D/EGL_emulation( 1713): eglMakeCurrent: 0xa6a85780: ver 2 0 (tinfo 0xa6a83640)
06-06 17:45:52.271 W/System  (17668): ClassLoader referenced unknown path: /data/app/com.evancharlton.mileage.test-1/lib/x86
06-06 17:45:52.271 W/System  (17668): ClassLoader referenced unknown path: /data/app/com.evancharlton.mileage-1/lib/x86
06-06 17:45:52.273 W/System  (17668): ClassLoader referenced unknown path: 
06-06 17:45:52.275 D/EGL_emulation( 1713): eglMakeCurrent: 0xa6a85780: ver 2 0 (tinfo 0xa6a83640)
06-06 17:45:52.277 I/System.out(17668): Main activity name automatically set to: com.evancharlton.mileage.Mileage
06-06 17:45:52.278 I/System.out(17668): Calabash did not load Mono. This is only a problem if you are trying to test a Mono application
06-06 17:45:52.278 I/calabash(17668): Test server port: 7102
06-06 17:45:52.279 I/InstrumentationBackend(17668): Added:'GetPreferences', with key:'get_preferences'
06-06 17:45:52.282 D/EGL_emulation( 1713): eglMakeCurrent: 0xa6a85780: ver 2 0 (tinfo 0xa6a83640)
06-06 17:45:52.283 I/InstrumentationBackend(17668): Added:'SetPreferences', with key:'set_preferences'
06-06 17:45:52.283 I/InstrumentationBackend(17668): Added:'ClearPreferences', with key:'clear_preferences'
06-06 17:45:52.283 I/InstrumentationBackend(17668): Added:'PressElement', with key:'press_l10n_element'
06-06 17:45:52.283 I/InstrumentationBackend(17668): Added:'WaitForElement', with key:'wait_for_l10n_element'
06-06 17:45:52.283 I/InstrumentationBackend(17668): Added:'NullAction', with key:'nullAction'
06-06 17:45:52.283 I/InstrumentationBackend(17668): Added:'PressKey', with key:'press_key'
06-06 17:45:52.283 I/InstrumentationBackend(17668): Added:'SetActivityOrientation', with key:'set_activity_orientation'
06-06 17:45:52.283 I/InstrumentationBackend(17668): Added:'GetActivityOrientation', with key:'get_activity_orientation'
06-06 17:45:52.283 I/InstrumentationBackend(17668): Added:'FakeGPSLocation', with key:'set_gps_coordinates'
06-06 17:45:52.283 I/InstrumentationBackend(17668): Added:'SetPropertyByCssSelector', with key:'set_property_by_css_selector'
06-06 17:45:52.283 I/InstrumentationBackend(17668): Added:'GetUrl', with key:'get_url'
06-06 17:45:52.283 D/EGL_emulation( 1713): eglMakeCurrent: 0xa6a85780: ver 2 0 (tinfo 0xa6a83640)
06-06 17:45:52.283 I/InstrumentationBackend(17668): Added:'ScrollTo', with key:'scroll_to'
06-06 17:45:52.283 I/InstrumentationBackend(17668): Added:'GetLoadProgress', with key:'get_load_progress'
06-06 17:45:52.283 I/InstrumentationBackend(17668): Added:'DumpHtml', with key:'dump_html'
06-06 17:45:52.284 I/InstrumentationBackend(17668): Added:'DumpBodyHtml', with key:'dump_body_html'
06-06 17:45:52.284 I/InstrumentationBackend(17668): Added:'EnterTextByCssSelector', with key:'enter_text_by_selector'
06-06 17:45:52.284 I/InstrumentationBackend(17668): Added:'AndroidSDKVersion', with key:'android_sdk_version'
06-06 17:45:52.284 I/InstrumentationBackend(17668): Added:'Version', with key:'version'
06-06 17:45:52.284 I/InstrumentationBackend(17668): Added:'Drag', with key:'drag'
06-06 17:45:52.284 I/InstrumentationBackend(17668): Added:'TouchCoordinates', with key:'touch_coordinate'
06-06 17:45:52.284 I/InstrumentationBackend(17668): Added:'LongPressCoordinate', with key:'long_press_coordinate'
06-06 17:45:52.284 I/InstrumentationBackend(17668): Added:'DragCoordinates', with key:'drag_coordinates'
06-06 17:45:52.284 I/InstrumentationBackend(17668): Added:'ResumeApplication', with key:'resume_application'
06-06 17:45:52.284 I/InstrumentationBackend(17668): Added:'Swipe', with key:'swipe'
06-06 17:45:52.284 I/InstrumentationBackend(17668): Added:'DoubleTapCoordinate', with key:'double_tap_coordinate'
06-06 17:45:52.284 I/InstrumentationBackend(17668): Added:'ClickOnScreen', with key:'click_on_screen'
06-06 17:45:52.284 I/InstrumentationBackend(17668): Added:'GetActivityName', with key:'get_activity_name'
06-06 17:45:52.284 I/InstrumentationBackend(17668): Added:'ScrollToView', with key:'scroll_to_view'
06-06 17:45:52.285 I/InstrumentationBackend(17668): Added:'ViewConfiguration', with key:'view_configuration'
06-06 17:45:52.285 I/InstrumentationBackend(17668): Added:'IsCurrentActivityFocused', with key:'is_current_activity_focused'
06-06 17:45:52.285 I/InstrumentationBackend(17668): Added:'SendTcp', with key:'send_tcp'
06-06 17:45:52.285 I/InstrumentationBackend(17668): Added:'DpToDevicePixel', with key:'dp_to_device_pixel'
06-06 17:45:52.285 I/InstrumentationBackend(17668): Added:'KeyboardEnterText', with key:'keyboard_enter_text'
06-06 17:45:52.285 I/InstrumentationBackend(17668): Added:'DeleteSurroundingText', with key:'delete_surrounding_text'
06-06 17:45:52.285 I/InstrumentationBackend(17668): Added:'SetComposingRegion', with key:'set_composing_region'
06-06 17:45:52.285 I/InstrumentationBackend(17668): Added:'SetSelection', with key:'set_selection'
06-06 17:45:52.285 I/InstrumentationBackend(17668): Added:'KeyboardKeyEvent', with key:'keyboard_key_event'
06-06 17:45:52.285 I/InstrumentationBackend(17668): Added:'PressUserActionButton', with key:'press_user_action_button'
06-06 17:45:52.285 I/InstrumentationBackend(17668): Added:'HideSoftKeyboard', with key:'hide_soft_keyboard'
06-06 17:45:52.285 I/InstrumentationBackend(17668): Added:'ListActions', with key:'list_actions'
06-06 17:45:52.285 I/calabash(17668): Instantiating http server at 7102
06-06 17:45:52.286 I/System.out(17668): HTTP Daemon listening on: 7102
06-06 17:45:52.298 D/EGL_emulation( 1713): eglMakeCurrent: 0xa6a85780: ver 2 0 (tinfo 0xa6a83640)
06-06 17:45:52.300 D/EGL_emulation( 1713): eglMakeCurrent: 0xa6a85780: ver 2 0 (tinfo 0xa6a83640)
06-06 17:45:52.315 D/EGL_emulation( 1713): eglMakeCurrent: 0xa6a85780: ver 2 0 (tinfo 0xa6a83640)
06-06 17:45:52.317 D/EGL_emulation( 1713): eglMakeCurrent: 0xa6a85780: ver 2 0 (tinfo 0xa6a83640)
06-06 17:45:52.332 D/EGL_emulation( 1713): eglMakeCurrent: 0xa6a85780: ver 2 0 (tinfo 0xa6a83640)
06-06 17:45:52.349 D/EGL_emulation( 1713): eglMakeCurrent: 0xa6a85780: ver 2 0 (tinfo 0xa6a83640)
06-06 17:45:52.350 D/EGL_emulation( 1713): eglMakeCurrent: 0xa6a85780: ver 2 0 (tinfo 0xa6a83640)
06-06 17:45:52.376 I/System.out(17668): URI: //ping
06-06 17:45:52.376 I/System.out(17668): params: {json={}
06-06 17:45:52.376 I/System.out(17668): }
06-06 17:45:52.378 I/System.out(17668): URI: //ping
06-06 17:45:52.378 I/System.out(17668): params: {json={}
06-06 17:45:52.378 I/System.out(17668): }
06-06 17:45:52.380 I/System.out(17668): URI: //ready
06-06 17:45:52.380 I/System.out(17668): params: {json={}
06-06 17:45:52.380 I/System.out(17668): }
06-06 17:45:52.382 I/System.out(17668): URI: //
06-06 17:45:52.382 I/System.out(17668): params: {json={"command":"version","arguments":[]}
06-06 17:45:52.382 I/System.out(17668): }
06-06 17:45:52.382 I/System.out(17668): header: {content-type=application/json;charset=utf-8, date=Sat, 06 Jun 2020 22:45:52 GMT, accept=*/*, host=127.0.0.1:34784, content-length=36, user-agent=HTTPClient/1.0 (2.8.3, ruby 2.5.1 (2018-03-29))}
06-06 17:45:52.382 I/System.out(17668): params: {json={"command":"version","arguments":[]}
06-06 17:45:52.382 I/System.out(17668): }
06-06 17:45:52.382 I/System.out(17668): ProP json = {"command":"version","arguments":[]}
06-06 17:45:52.382 I/System.out(17668): files: {}
06-06 17:45:52.382 I/System.out(17668): command: {"command":"version","arguments":[]}
06-06 17:45:52.385 I/InstrumentationBackend(17668): Got command:'Command:'Line:null,version', arguments:'[]'
06-06 17:45:52.391 I/System.out(17668): result:{"bonusInformation":[],"message":"0.9.8","success":true}
06-06 17:45:52.394 I/System.out(17668): URI: //start-application
06-06 17:45:52.394 I/System.out(17668): params: {json={"intent":null}
06-06 17:45:52.394 I/System.out(17668): }
06-06 17:45:52.403 I/ActivityManager( 1631): START u0 {act=android.intent.action.MAIN cat=[android.intent.category.LAUNCHER] flg=0x10200000 cmp=com.evancharlton.mileage/.Mileage} from uid 10728 on display 0
06-06 17:45:52.409 I/calabash(17668): newActivity1
06-06 17:45:52.419 I/calabash(17668): newActivity1
06-06 17:45:52.420 W/ActivityManager( 1631): Bad activity token: android.os.BinderProxy@40c8ce4
06-06 17:45:52.420 W/ActivityManager( 1631): java.lang.ClassCastException: android.os.BinderProxy cannot be cast to com.android.server.am.ActivityRecord$Token
06-06 17:45:52.420 W/ActivityManager( 1631): 	at com.android.server.am.ActivityRecord.forTokenLocked(ActivityRecord.java:586)
06-06 17:45:52.420 W/ActivityManager( 1631): 	at com.android.server.am.ActivityRecord.isInStackLocked(ActivityRecord.java:1327)
06-06 17:45:52.420 W/ActivityManager( 1631): 	at com.android.server.am.ActivityRecord.getStackLocked(ActivityRecord.java:1332)
06-06 17:45:52.420 W/ActivityManager( 1631): 	at com.android.server.am.ActivityManagerService.getActivityDisplayId(ActivityManagerService.java:9806)
06-06 17:45:52.420 W/ActivityManager( 1631): 	at android.app.ActivityManagerNative.onTransact(ActivityManagerNative.java:2566)
06-06 17:45:52.420 W/ActivityManager( 1631): 	at com.android.server.am.ActivityManagerService.onTransact(ActivityManagerService.java:2757)
06-06 17:45:52.420 W/ActivityManager( 1631): 	at android.os.Binder.execTransact(Binder.java:565)
06-06 17:45:52.422 W/ActivityManager( 1631): Bad activity token: android.os.BinderProxy@40c8ce4
06-06 17:45:52.422 W/ActivityManager( 1631): java.lang.ClassCastException: android.os.BinderProxy cannot be cast to com.android.server.am.ActivityRecord$Token
06-06 17:45:52.422 W/ActivityManager( 1631): 	at com.android.server.am.ActivityRecord.forTokenLocked(ActivityRecord.java:586)
06-06 17:45:52.422 W/ActivityManager( 1631): 	at com.android.server.am.ActivityRecord.isInStackLocked(ActivityRecord.java:1327)
06-06 17:45:52.422 W/ActivityManager( 1631): 	at com.android.server.am.ActivityManagerService.setTaskDescription(ActivityManagerService.java:9358)
06-06 17:45:52.422 W/ActivityManager( 1631): 	at android.app.ActivityManagerNative.onTransact(ActivityManagerNative.java:2639)
06-06 17:45:52.422 W/ActivityManager( 1631): 	at com.android.server.am.ActivityManagerService.onTransact(ActivityManagerService.java:2757)
06-06 17:45:52.422 W/ActivityManager( 1631): 	at android.os.Binder.execTransact(Binder.java:565)
06-06 17:45:52.422 W/ActivityManager( 1631): Bad activity token: android.os.BinderProxy@40c8ce4
06-06 17:45:52.422 W/ActivityManager( 1631): java.lang.ClassCastException: android.os.BinderProxy cannot be cast to com.android.server.am.ActivityRecord$Token
06-06 17:45:52.422 W/ActivityManager( 1631): 	at com.android.server.am.ActivityRecord.forTokenLocked(ActivityRecord.java:586)
06-06 17:45:52.422 W/ActivityManager( 1631): 	at com.android.server.am.ActivityRecord.isInStackLocked(ActivityRecord.java:1327)
06-06 17:45:52.422 W/ActivityManager( 1631): 	at com.android.server.am.ActivityRecord.getStackLocked(ActivityRecord.java:1332)
06-06 17:45:52.422 W/ActivityManager( 1631): 	at com.android.server.am.ActivityManagerService.getActivityStackId(ActivityManagerService.java:9817)
06-06 17:45:52.422 W/ActivityManager( 1631): 	at android.app.ActivityManagerNative.onTransact(ActivityManagerNative.java:2856)
06-06 17:45:52.422 W/ActivityManager( 1631): 	at com.android.server.am.ActivityManagerService.onTransact(ActivityManagerService.java:2757)
06-06 17:45:52.422 W/ActivityManager( 1631): 	at android.os.Binder.execTransact(Binder.java:565)
06-06 17:45:52.432 D/gralloc_ranchu( 1348): gralloc_alloc: Creating ashmem region of size 9023488
06-06 17:45:52.441 W/ActivityManager( 1631): Bad activity token: android.os.BinderProxy@40c8ce4
06-06 17:45:52.441 W/ActivityManager( 1631): java.lang.ClassCastException: android.os.BinderProxy cannot be cast to com.android.server.am.ActivityRecord$Token
06-06 17:45:52.441 W/ActivityManager( 1631): 	at com.android.server.am.ActivityRecord.forTokenLocked(ActivityRecord.java:586)
06-06 17:45:52.441 W/ActivityManager( 1631): 	at com.android.server.am.ActivityRecord.isInStackLocked(ActivityRecord.java:1327)
06-06 17:45:52.441 W/ActivityManager( 1631): 	at com.android.server.am.ActivityManagerService.getActivityOptions(ActivityManagerService.java:12559)
06-06 17:45:52.441 W/ActivityManager( 1631): 	at android.app.ActivityManagerNative.onTransact(ActivityManagerNative.java:1933)
06-06 17:45:52.441 W/ActivityManager( 1631): 	at com.android.server.am.ActivityManagerService.onTransact(ActivityManagerService.java:2757)
06-06 17:45:52.441 W/ActivityManager( 1631): 	at android.os.Binder.execTransact(Binder.java:565)
06-06 17:45:52.441 W/ActivityManager( 1631): Bad activity token: android.os.BinderProxy@40c8ce4
06-06 17:45:52.441 W/ActivityManager( 1631): java.lang.ClassCastException: android.os.BinderProxy cannot be cast to com.android.server.am.ActivityRecord$Token
06-06 17:45:52.441 W/ActivityManager( 1631): 	at com.android.server.am.ActivityRecord.forTokenLocked(ActivityRecord.java:586)
06-06 17:45:52.441 W/ActivityManager( 1631): 	at com.android.server.am.ActivityRecord.isInStackLocked(ActivityRecord.java:1327)
06-06 17:45:52.441 W/ActivityManager( 1631): 	at com.android.server.am.ActivityManagerService.getActivityOptions(ActivityManagerService.java:12559)
06-06 17:45:52.441 W/ActivityManager( 1631): 	at android.app.ActivityManagerNative.onTransact(ActivityManagerNative.java:1933)
06-06 17:45:52.441 W/ActivityManager( 1631): 	at com.android.server.am.ActivityManagerService.onTransact(ActivityManagerService.java:2757)
06-06 17:45:52.441 W/ActivityManager( 1631): 	at android.os.Binder.execTransact(Binder.java:565)
06-06 17:45:52.458 V/PhoneStatusBar( 1713): setLightsOn(true)
06-06 17:45:52.465 D/EGL_emulation( 2106): eglMakeCurrent: 0xa6a85300: ver 2 0 (tinfo 0xa6a83220)
06-06 17:45:52.467 D/EGL_emulation( 1713): eglMakeCurrent: 0xa6a85780: ver 2 0 (tinfo 0xa6a83640)
06-06 17:45:52.481 D/gralloc_ranchu( 1348): gralloc_alloc: Creating ashmem region of size 9023488
06-06 17:45:52.485 D/EGL_emulation( 1713): eglMakeCurrent: 0xa6a85780: ver 2 0 (tinfo 0xa6a83640)
06-06 17:45:52.485 D/        (17668): HostConnection::get() New Host Connection established 0x954bc600, tid 17668
06-06 17:45:52.487 D/EGL_emulation( 1713): eglMakeCurrent: 0xa6a85780: ver 2 0 (tinfo 0xa6a83640)
06-06 17:45:52.487 V/PhoneStatusBar( 1713): setLightsOn(true)
06-06 17:45:52.527 D/EGL_emulation( 1713): eglMakeCurrent: 0xa6a85780: ver 2 0 (tinfo 0xa6a83640)
06-06 17:45:52.530 D/EGL_emulation( 1713): eglMakeCurrent: 0xa6a85780: ver 2 0 (tinfo 0xa6a83640)
06-06 17:45:52.531 D/EGL_emulation( 1713): eglMakeCurrent: 0xa6a85780: ver 2 0 (tinfo 0xa6a83640)
06-06 17:45:52.533 D/EGL_emulation( 1713): eglMakeCurrent: 0xa6a85780: ver 2 0 (tinfo 0xa6a83640)
06-06 17:45:52.536 D/EGL_emulation( 1713): eglMakeCurrent: 0xa6a85780: ver 2 0 (tinfo 0xa6a83640)
06-06 17:45:52.548 D/EGL_emulation( 1713): eglMakeCurrent: 0xa6a85780: ver 2 0 (tinfo 0xa6a83640)
06-06 17:45:52.550 D/EGL_emulation( 1713): eglMakeCurrent: 0xa6a85780: ver 2 0 (tinfo 0xa6a83640)
06-06 17:45:52.565 D/gralloc_ranchu( 1348): gralloc_alloc: Creating ashmem region of size 9023488
06-06 17:45:52.567 I/WindowManager( 1631): Destroying surface Surface(name=com.evancharlton.mileage/com.evancharlton.mileage.VehicleActivity) called by com.android.server.wm.WindowStateAnimator.destroySurface:2016 com.android.server.wm.WindowStateAnimator.destroySurfaceLocked:882 com.android.server.wm.WindowState.destroyOrSaveSurface:2100 com.android.server.wm.AppWindowToken.destroySurfaces:363 com.android.server.wm.WindowStateAnimator.finishExit:565 com.android.server.wm.AppWindowAnimator.stepAnimationLocked:427 com.android.server.wm.WindowAnimator.updateAppWindowsLocked:196 com.android.server.wm.WindowAnimator.animateLocked:678 
06-06 17:45:52.579 D/EGL_emulation( 1713): eglMakeCurrent: 0xa6a85780: ver 2 0 (tinfo 0xa6a83640)
06-06 17:45:52.590 D/EGL_emulation( 1713): eglMakeCurrent: 0xa6a85780: ver 2 0 (tinfo 0xa6a83640)
06-06 17:45:52.605 I/ActivityManager( 1631): Displayed com.evancharlton.mileage/.Mileage: +199ms
06-06 17:45:52.605 D/EGL_emulation( 1713): eglMakeCurrent: 0xa6a85780: ver 2 0 (tinfo 0xa6a83640)
06-06 17:45:52.606 V/PhoneStatusBar( 1713): setLightsOn(true)
06-06 17:45:52.608 D/EGL_emulation( 1713): eglMakeCurrent: 0xa6a85780: ver 2 0 (tinfo 0xa6a83640)
06-06 17:45:52.615 D/EGL_emulation( 1713): eglMakeCurrent: 0xa6a85780: ver 2 0 (tinfo 0xa6a83640)
06-06 17:45:52.624 D/EGL_emulation( 1713): eglMakeCurrent: 0xa6a85780: ver 2 0 (tinfo 0xa6a83640)
06-06 17:45:52.632 D/EGL_emulation( 1713): eglMakeCurrent: 0xa6a85780: ver 2 0 (tinfo 0xa6a83640)
06-06 17:45:52.634 D/EGL_emulation( 1713): eglMakeCurrent: 0xa6a85780: ver 2 0 (tinfo 0xa6a83640)
06-06 17:45:52.641 I/System.out(17668): URI: //map
06-06 17:45:52.641 I/System.out(17668): params: {json={"query":"* marked:'Vehicles'","operation":{"method_name":"query","arguments":[]}}
06-06 17:45:52.641 I/System.out(17668): }
06-06 17:45:52.648 D/EGL_emulation( 1713): eglMakeCurrent: 0xa6a85780: ver 2 0 (tinfo 0xa6a83640)
06-06 17:45:52.649 V/PhoneStatusBar( 1713): setLightsOn(true)
06-06 17:45:52.650 D/EGL_emulation( 1713): eglMakeCurrent: 0xa6a85780: ver 2 0 (tinfo 0xa6a83640)
06-06 17:45:52.665 D/EGL_emulation( 1713): eglMakeCurrent: 0xa6a85780: ver 2 0 (tinfo 0xa6a83640)
06-06 17:45:52.667 D/EGL_emulation( 1713): eglMakeCurrent: 0xa6a85780: ver 2 0 (tinfo 0xa6a83640)
06-06 17:45:52.671 W/ResourceType(17668): No package identifier when getting name for resource number 0x00000001
06-06 17:45:52.681 D/EGL_emulation( 1713): eglMakeCurrent: 0xa6a85780: ver 2 0 (tinfo 0xa6a83640)
06-06 17:45:52.684 D/EGL_emulation( 1713): eglMakeCurrent: 0xa6a85780: ver 2 0 (tinfo 0xa6a83640)
06-06 17:45:52.691 I/System.out(17668): URI: //gesture
06-06 17:45:52.691 I/System.out(17668): params: {json={"query_timeout":5.0,"gestures":[{"query_string":"* marked:'Vehicles'","touches":[{"x":50,"y":50,"offset_x":0,"offset_y":0,"wait":0.0,"time":0.2,"release":true,"query_string":null}]}]}
06-06 17:45:52.691 I/System.out(17668): }
06-06 17:45:52.699 W/ResourceType(17668): No package identifier when getting name for resource number 0x00000001
06-06 17:45:52.798 I/WindowManager( 1631): Destroying surface Surface(name=Starting com.evancharlton.mileage) called by com.android.server.wm.WindowStateAnimator.destroySurface:2016 com.android.server.wm.WindowStateAnimator.destroySurfaceLocked:882 com.android.server.wm.WindowState.destroyOrSaveSurface:2100 com.android.server.wm.AppWindowToken.destroySurfaces:363 com.android.server.wm.WindowStateAnimator.finishExit:565 com.android.server.wm.WindowStateAnimator.stepAnimationLocked:491 com.android.server.wm.WindowAnimator.updateWindowsLocked:303 com.android.server.wm.WindowAnimator.animateLocked:704 
06-06 17:45:52.800 V/PhoneStatusBar( 1713): setLightsOn(true)
06-06 17:45:52.831 V/PhoneStatusBar( 1713): setLightsOn(true)
06-06 17:45:52.915 V/PhoneStatusBar( 1713): setLightsOn(true)
06-06 17:45:52.933 I/calabash(17668): newActivity1
06-06 17:45:52.934 W/ActivityManager( 1631): Bad activity token: android.os.BinderProxy@e653afe
06-06 17:45:52.934 W/ActivityManager( 1631): java.lang.ClassCastException: android.os.BinderProxy cannot be cast to com.android.server.am.ActivityRecord$Token
06-06 17:45:52.934 W/ActivityManager( 1631): 	at com.android.server.am.ActivityRecord.forTokenLocked(ActivityRecord.java:586)
06-06 17:45:52.934 W/ActivityManager( 1631): 	at com.android.server.am.ActivityRecord.isInStackLocked(ActivityRecord.java:1327)
06-06 17:45:52.934 W/ActivityManager( 1631): 	at com.android.server.am.ActivityRecord.getStackLocked(ActivityRecord.java:1332)
06-06 17:45:52.934 W/ActivityManager( 1631): 	at com.android.server.am.ActivityManagerService.getActivityDisplayId(ActivityManagerService.java:9806)
06-06 17:45:52.934 W/ActivityManager( 1631): 	at android.app.ActivityManagerNative.onTransact(ActivityManagerNative.java:2566)
06-06 17:45:52.934 W/ActivityManager( 1631): 	at com.android.server.am.ActivityManagerService.onTransact(ActivityManagerService.java:2757)
06-06 17:45:52.934 W/ActivityManager( 1631): 	at android.os.Binder.execTransact(Binder.java:565)
06-06 17:45:52.935 W/ActivityManager( 1631): Bad activity token: android.os.BinderProxy@e653afe
06-06 17:45:52.935 W/ActivityManager( 1631): java.lang.ClassCastException: android.os.BinderProxy cannot be cast to com.android.server.am.ActivityRecord$Token
06-06 17:45:52.935 W/ActivityManager( 1631): 	at com.android.server.am.ActivityRecord.forTokenLocked(ActivityRecord.java:586)
06-06 17:45:52.935 W/ActivityManager( 1631): 	at com.android.server.am.ActivityRecord.isInStackLocked(ActivityRecord.java:1327)
06-06 17:45:52.935 W/ActivityManager( 1631): 	at com.android.server.am.ActivityManagerService.setTaskDescription(ActivityManagerService.java:9358)
06-06 17:45:52.935 W/ActivityManager( 1631): 	at android.app.ActivityManagerNative.onTransact(ActivityManagerNative.java:2639)
06-06 17:45:52.935 W/ActivityManager( 1631): 	at com.android.server.am.ActivityManagerService.onTransact(ActivityManagerService.java:2757)
06-06 17:45:52.935 W/ActivityManager( 1631): 	at android.os.Binder.execTransact(Binder.java:565)
06-06 17:45:52.936 W/ActivityManager( 1631): Bad activity token: android.os.BinderProxy@e653afe
06-06 17:45:52.936 W/ActivityManager( 1631): java.lang.ClassCastException: android.os.BinderProxy cannot be cast to com.android.server.am.ActivityRecord$Token
06-06 17:45:52.936 W/ActivityManager( 1631): 	at com.android.server.am.ActivityRecord.forTokenLocked(ActivityRecord.java:586)
06-06 17:45:52.936 W/ActivityManager( 1631): 	at com.android.server.am.ActivityRecord.isInStackLocked(ActivityRecord.java:1327)
06-06 17:45:52.936 W/ActivityManager( 1631): 	at com.android.server.am.ActivityRecord.getStackLocked(ActivityRecord.java:1332)
06-06 17:45:52.936 W/ActivityManager( 1631): 	at com.android.server.am.ActivityManagerService.getActivityStackId(ActivityManagerService.java:9817)
06-06 17:45:52.936 W/ActivityManager( 1631): 	at android.app.ActivityManagerNative.onTransact(ActivityManagerNative.java:2856)
06-06 17:45:52.936 W/ActivityManager( 1631): 	at com.android.server.am.ActivityManagerService.onTransact(ActivityManagerService.java:2757)
06-06 17:45:52.936 W/ActivityManager( 1631): 	at android.os.Binder.execTransact(Binder.java:565)
06-06 17:45:52.939 W/ActivityManager( 1631): Bad activity token: android.os.BinderProxy@e653afe
06-06 17:45:52.939 W/ActivityManager( 1631): java.lang.ClassCastException: android.os.BinderProxy cannot be cast to com.android.server.am.ActivityRecord$Token
06-06 17:45:52.939 W/ActivityManager( 1631): 	at com.android.server.am.ActivityRecord.forTokenLocked(ActivityRecord.java:586)
06-06 17:45:52.939 W/ActivityManager( 1631): 	at com.android.server.am.ActivityRecord.isInStackLocked(ActivityRecord.java:1327)
06-06 17:45:52.939 W/ActivityManager( 1631): 	at com.android.server.am.ActivityManagerService.getActivityOptions(ActivityManagerService.java:12559)
06-06 17:45:52.939 W/ActivityManager( 1631): 	at android.app.ActivityManagerNative.onTransact(ActivityManagerNative.java:1933)
06-06 17:45:52.939 W/ActivityManager( 1631): 	at com.android.server.am.ActivityManagerService.onTransact(ActivityManagerService.java:2757)
06-06 17:45:52.939 W/ActivityManager( 1631): 	at android.os.Binder.execTransact(Binder.java:565)
06-06 17:45:52.939 W/ActivityManager( 1631): Bad activity token: android.os.BinderProxy@e653afe
06-06 17:45:52.939 W/ActivityManager( 1631): java.lang.ClassCastException: android.os.BinderProxy cannot be cast to com.android.server.am.ActivityRecord$Token
06-06 17:45:52.939 W/ActivityManager( 1631): 	at com.android.server.am.ActivityRecord.forTokenLocked(ActivityRecord.java:586)
06-06 17:45:52.939 W/ActivityManager( 1631): 	at com.android.server.am.ActivityRecord.isInStackLocked(ActivityRecord.java:1327)
06-06 17:45:52.939 W/ActivityManager( 1631): 	at com.android.server.am.ActivityManagerService.getActivityOptions(ActivityManagerService.java:12559)
06-06 17:45:52.939 W/ActivityManager( 1631): 	at android.app.ActivityManagerNative.onTransact(ActivityManagerNative.java:1933)
06-06 17:45:52.939 W/ActivityManager( 1631): 	at com.android.server.am.ActivityManagerService.onTransact(ActivityManagerService.java:2757)
06-06 17:45:52.939 W/ActivityManager( 1631): 	at android.os.Binder.execTransact(Binder.java:565)
06-06 17:45:53.215 V/PhoneStatusBar( 1713): setLightsOn(true)
06-06 17:45:53.216 V/PhoneStatusBar( 1713): setLightsOn(true)
06-06 17:45:53.217 W/OpenGLRenderer( 2106): Incorrectly called buildLayer on View: ShortcutAndWidgetContainer, destroying layer...
06-06 17:45:53.232 I/WindowManager( 1631): Destroying surface Surface(name=com.android.launcher3/com.android.launcher3.Launcher) called by com.android.server.wm.WindowStateAnimator.destroySurface:2016 com.android.server.wm.WindowStateAnimator.destroySurfaceLocked:882 com.android.server.wm.WindowState.destroyOrSaveSurface:2100 com.android.server.wm.AppWindowToken.destroySurfaces:363 com.android.server.wm.AppWindowToken.notifyAppStopped:389 com.android.server.wm.WindowManagerService.notifyAppStopped:4463 com.android.server.am.ActivityStack.activityStoppedLocked:1252 com.android.server.am.ActivityManagerService.activityStopped:6903 
06-06 17:45:53.232 V/PhoneStatusBar( 1713): setLightsOn(true)
06-06 17:45:53.944 I/System.out(17668): URI: //
06-06 17:45:53.944 I/System.out(17668): params: {json={"command":"press_key","arguments":["KEYCODE_MENU"]}
06-06 17:45:53.944 I/System.out(17668): }
06-06 17:45:53.944 I/System.out(17668): header: {content-type=application/json;charset=utf-8, date=Sat, 06 Jun 2020 22:45:54 GMT, accept=*/*, host=127.0.0.1:34784, content-length=52, user-agent=HTTPClient/1.0 (2.8.3, ruby 2.5.1 (2018-03-29))}
06-06 17:45:53.944 I/System.out(17668): params: {json={"command":"press_key","arguments":["KEYCODE_MENU"]}
06-06 17:45:53.944 I/System.out(17668): }
06-06 17:45:53.944 I/System.out(17668): ProP json = {"command":"press_key","arguments":["KEYCODE_MENU"]}
06-06 17:45:53.944 I/System.out(17668): files: {}
06-06 17:45:53.944 I/System.out(17668): command: {"command":"press_key","arguments":["KEYCODE_MENU"]}
06-06 17:45:53.945 I/InstrumentationBackend(17668): Got command:'Command:'Line:null,press_key', arguments:'[KEYCODE_MENU]'
06-06 17:45:53.954 V/PhoneStatusBar( 1713): setLightsOn(true)
06-06 17:45:53.958 I/System.out(17668): result:{"bonusInformation":[],"message":"","success":true}
06-06 17:45:53.961 I/System.out(17668): URI: //map
06-06 17:45:53.961 I/System.out(17668): params: {json={"query":"* marked:'Edit vehicle types'","operation":{"method_name":"query","arguments":[]}}
06-06 17:45:53.961 I/System.out(17668): }
06-06 17:45:53.966 V/PhoneStatusBar( 1713): setLightsOn(true)
06-06 17:45:53.982 V/PhoneStatusBar( 1713): setLightsOn(true)
06-06 17:45:53.999 V/PhoneStatusBar( 1713): setLightsOn(true)
06-06 17:45:54.000 D/gralloc_ranchu( 1348): gralloc_alloc: Creating ashmem region of size 1720320
06-06 17:45:54.008 V/PhoneStatusBar( 1713): setLightsOn(true)
06-06 17:45:54.008 W/ResourceType(17668): No package identifier when getting name for resource number 0x00000001
06-06 17:45:54.009 V/PhoneStatusBar( 1713): setLightsOn(true)
06-06 17:45:54.015 V/PhoneStatusBar( 1713): setLightsOn(true)
06-06 17:45:54.020 I/System.out(17668): URI: //gesture
06-06 17:45:54.020 I/System.out(17668): params: {json={"query_timeout":5.0,"gestures":[{"query_string":"* marked:'Edit vehicle types'","touches":[{"x":50,"y":50,"offset_x":0,"offset_y":0,"wait":0.0,"time":0.2,"release":true,"query_string":null}]}]}
06-06 17:45:54.020 I/System.out(17668): }
06-06 17:45:54.024 W/ResourceType(17668): No package identifier when getting name for resource number 0x00000001
06-06 17:45:54.131 D/gralloc_ranchu( 1348): gralloc_alloc: Creating ashmem region of size 1720320
06-06 17:45:54.209 D/gralloc_ranchu( 1348): gralloc_alloc: Creating ashmem region of size 9023488
06-06 17:45:54.233 V/PhoneStatusBar( 1713): setLightsOn(true)
06-06 17:45:54.358 I/art     (17668): Do partial code cache collection, code=30KB, data=29KB
06-06 17:45:54.358 I/art     (17668): After code cache collection, code=29KB, data=29KB
06-06 17:45:54.358 I/art     (17668): Increasing code cache capacity to 128KB
06-06 17:45:54.371 I/System.out(17668): URI: //map
06-06 17:45:54.371 I/System.out(17668): params: {json={"query":"* {text CONTAINS[c] 'Vehicle types'}","operation":{"method_name":"query","arguments":[]}}
06-06 17:45:54.371 I/System.out(17668): }
06-06 17:45:54.395 I/ActivityManager( 1631): START u0 {cmp=com.evancharlton.mileage/.VehicleTypeListActivity} from uid 10728 on display 0
06-06 17:45:54.397 V/PhoneStatusBar( 1713): setLightsOn(true)
06-06 17:45:54.398 V/PhoneStatusBar( 1713): setLightsOn(true)
06-06 17:45:54.443 I/WindowManager( 1631): Destroying surface Surface(name=AtchDlg:com.evancharlton.mileage/com.evancharlton.mileage.VehicleListActivity) called by com.android.server.wm.WindowStateAnimator.destroySurface:2016 com.android.server.wm.WindowStateAnimator.destroySurfaceLocked:882 com.android.server.wm.WindowState.removeLocked:1456 com.android.server.wm.WindowManagerService.removeWindowInnerLocked:2484 com.android.server.wm.WindowManagerService.removeWindowLocked:2442 com.android.server.wm.WindowManagerService.removeWindowLocked:2311 com.android.server.wm.WindowManagerService.removeWindow:2306 com.android.server.wm.Session.remove:202 
06-06 17:45:54.490 I/calabash(17668): newActivity1
06-06 17:45:54.518 V/PhoneStatusBar( 1713): setLightsOn(true)
06-06 17:45:54.534 D/gralloc_ranchu( 1348): gralloc_alloc: Creating ashmem region of size 9023488
06-06 17:45:54.548 V/PhoneStatusBar( 1713): setLightsOn(true)
06-06 17:45:54.557 I/ActivityManager( 1631): Displayed com.evancharlton.mileage/.VehicleTypeListActivity: +118ms
06-06 17:45:54.565 V/PhoneStatusBar( 1713): setLightsOn(true)
06-06 17:45:54.598 V/PhoneStatusBar( 1713): setLightsOn(true)
06-06 17:45:54.615 V/PhoneStatusBar( 1713): setLightsOn(true)
06-06 17:45:54.762 I/System.out(17668): URI: //map
06-06 17:45:54.762 I/System.out(17668): params: {json={"query":"* {text CONTAINS[c] 'Vehicle types'}","operation":{"method_name":"query","arguments":[]}}
06-06 17:45:54.762 I/System.out(17668): }
06-06 17:45:54.800 V/PhoneStatusBar( 1713): setLightsOn(true)
06-06 17:45:54.810 I/System.out(17668): URI: //
06-06 17:45:54.810 I/System.out(17668): params: {json={"command":"press_key","arguments":["KEYCODE_MENU"]}
06-06 17:45:54.810 I/System.out(17668): }
06-06 17:45:54.810 I/System.out(17668): header: {content-type=application/json;charset=utf-8, date=Sat, 06 Jun 2020 22:45:55 GMT, accept=*/*, host=127.0.0.1:34784, content-length=52, user-agent=HTTPClient/1.0 (2.8.3, ruby 2.5.1 (2018-03-29))}
06-06 17:45:54.810 I/System.out(17668): params: {json={"command":"press_key","arguments":["KEYCODE_MENU"]}
06-06 17:45:54.810 I/System.out(17668): }
06-06 17:45:54.810 I/System.out(17668): ProP json = {"command":"press_key","arguments":["KEYCODE_MENU"]}
06-06 17:45:54.810 I/System.out(17668): files: {}
06-06 17:45:54.810 I/System.out(17668): command: {"command":"press_key","arguments":["KEYCODE_MENU"]}
06-06 17:45:54.813 I/InstrumentationBackend(17668): Got command:'Command:'Line:null,press_key', arguments:'[KEYCODE_MENU]'
06-06 17:45:54.818 V/PhoneStatusBar( 1713): setLightsOn(true)
06-06 17:45:54.825 I/System.out(17668): result:{"bonusInformation":[],"message":"","success":true}
06-06 17:45:54.829 I/System.out(17668): URI: //map
06-06 17:45:54.829 I/System.out(17668): params: {json={"query":"* marked:'Add new vehicle type'","operation":{"method_name":"query","arguments":[]}}
06-06 17:45:54.829 I/System.out(17668): }
06-06 17:45:54.835 V/PhoneStatusBar( 1713): setLightsOn(true)
06-06 17:45:54.848 V/PhoneStatusBar( 1713): setLightsOn(true)
06-06 17:45:54.865 V/PhoneStatusBar( 1713): setLightsOn(true)
06-06 17:45:54.866 D/gralloc_ranchu( 1348): gralloc_alloc: Creating ashmem region of size 929792
06-06 17:45:54.873 V/PhoneStatusBar( 1713): setLightsOn(true)
06-06 17:45:54.873 W/ResourceType(17668): No package identifier when getting name for resource number 0x00000001
06-06 17:45:54.882 V/PhoneStatusBar( 1713): setLightsOn(true)
06-06 17:45:54.886 I/System.out(17668): URI: //gesture
06-06 17:45:54.886 I/System.out(17668): params: {json={"query_timeout":5.0,"gestures":[{"query_string":"* marked:'Add new vehicle type'","touches":[{"x":50,"y":50,"offset_x":0,"offset_y":0,"wait":0.0,"time":0.2,"release":true,"query_string":null}]}]}
06-06 17:45:54.886 I/System.out(17668): }
06-06 17:45:54.890 W/ResourceType(17668): No package identifier when getting name for resource number 0x00000001
06-06 17:45:54.932 V/PhoneStatusBar( 1713): setLightsOn(true)
06-06 17:45:54.933 V/PhoneStatusBar( 1713): setLightsOn(true)
06-06 17:45:54.949 V/PhoneStatusBar( 1713): setLightsOn(true)
06-06 17:45:54.998 D/gralloc_ranchu( 1348): gralloc_alloc: Creating ashmem region of size 929792
06-06 17:45:55.099 V/PhoneStatusBar( 1713): setLightsOn(true)
06-06 17:45:55.115 I/WindowManager( 1631): Destroying surface Surface(name=com.evancharlton.mileage/com.evancharlton.mileage.Mileage) called by com.android.server.wm.WindowStateAnimator.destroySurface:2016 com.android.server.wm.WindowStateAnimator.destroySurfaceLocked:882 com.android.server.wm.WindowState.destroyOrSaveSurface:2100 com.android.server.wm.WindowManagerService.tryStartExitingAnimation:3024 com.android.server.wm.WindowManagerService.relayoutWindow:2904 com.android.server.wm.Session.relayout:224 android.view.IWindowSession$Stub.onTransact:286 com.android.server.wm.Session.onTransact:145 
06-06 17:45:55.117 V/PhoneStatusBar( 1713): setLightsOn(true)
06-06 17:45:55.118 I/ActivityManager( 1631): START u0 {cmp=com.evancharlton.mileage/.VehicleTypeActivity} from uid 10728 on display 0
06-06 17:45:55.126 V/PhoneStatusBar( 1713): setLightsOn(true)
06-06 17:45:55.126 V/PhoneStatusBar( 1713): setLightsOn(true)
06-06 17:45:55.128 I/WindowManager( 1631): Destroying surface Surface(name=AtchDlg:com.evancharlton.mileage/com.evancharlton.mileage.VehicleTypeListActivity) called by com.android.server.wm.WindowStateAnimator.destroySurface:2016 com.android.server.wm.WindowStateAnimator.destroySurfaceLocked:882 com.android.server.wm.WindowState.removeLocked:1456 com.android.server.wm.WindowManagerService.removeWindowInnerLocked:2484 com.android.server.wm.WindowManagerService.removeWindowLocked:2442 com.android.server.wm.WindowManagerService.removeWindowLocked:2311 com.android.server.wm.WindowManagerService.removeWindow:2306 com.android.server.wm.Session.remove:202 
06-06 17:45:55.130 I/calabash(17668): newActivity1
06-06 17:45:55.132 I/System.out(17668): URI: //map
06-06 17:45:55.133 I/System.out(17668): params: {json={"query":"* {text CONTAINS[c] 'Vehicle type'}","operation":{"method_name":"query","arguments":[]}}
06-06 17:45:55.133 I/System.out(17668): }
06-06 17:45:55.141 V/PhoneStatusBar( 1713): setLightsOn(true)
06-06 17:45:55.148 V/PhoneStatusBar( 1713): setLightsOn(true)
06-06 17:45:55.151 D/gralloc_ranchu( 1348): gralloc_alloc: Creating ashmem region of size 9023488
06-06 17:45:55.165 V/PhoneStatusBar( 1713): setLightsOn(true)
06-06 17:45:55.181 V/PhoneStatusBar( 1713): setLightsOn(true)
06-06 17:45:55.183 W/InputMethodService( 1699): Window size has been changed. This may cause jankiness of resizing window: -1 -> -2
06-06 17:45:55.184 I/ActivityManager( 1631): Displayed com.evancharlton.mileage/.VehicleTypeActivity: +60ms
06-06 17:45:55.185 D/gralloc_ranchu( 1348): gralloc_alloc: Creating ashmem region of size 9023488
06-06 17:45:55.191 I/LatinIME( 1699): Starting input. Cursor position = 0,0
06-06 17:45:55.198 V/PhoneStatusBar( 1713): setLightsOn(true)
06-06 17:45:55.199 I/System.out(17668): URI: //map
06-06 17:45:55.199 I/System.out(17668): params: {json={"query":"* {text CONTAINS[c] 'Add new vehicle type'}","operation":{"method_name":"query","arguments":[]}}
06-06 17:45:55.199 I/System.out(17668): }
06-06 17:45:55.265 V/PhoneStatusBar( 1713): setLightsOn(true)
