--------- beginning of main
06-05 18:35:55.754 V/PhoneStatusBar( 1711): setLightsOn(true)
06-05 18:35:55.770 V/PhoneStatusBar( 1711): setLightsOn(true)
06-05 18:35:55.772 W/IInputConnectionWrapper( 7653): finishComposingText on inactive InputConnection
--------- beginning of system
06-05 18:35:55.802 W/ActivityManager( 1629): Duplicate finish request for ActivityRecord{c5d774d u0 com.evancharlton.mileage/.Mileage t3109 f}
06-05 18:35:55.802 W/ActivityManager( 1629): Duplicate finish request for ActivityRecord{c5d774d u0 com.evancharlton.mileage/.Mileage t3109 f}
06-05 18:35:55.802 W/ActivityManager( 1629): Duplicate finish request for ActivityRecord{c5d774d u0 com.evancharlton.mileage/.Mileage t3109 f}
06-05 18:35:55.802 W/ActivityManager( 1629): Duplicate finish request for ActivityRecord{c5d774d u0 com.evancharlton.mileage/.Mileage t3109 f}
06-05 18:35:55.802 W/ActivityManager( 1629): Duplicate finish request for ActivityRecord{c5d774d u0 com.evancharlton.mileage/.Mileage t3109 f}
06-05 18:35:55.804 V/PhoneStatusBar( 1711): setLightsOn(true)
06-05 18:35:55.806 W/ActivityManager( 1629): Finishing task with all activities already finished
06-05 18:35:55.806 W/ActivityManager( 1629): Duplicate finish request for ActivityRecord{ee669ae u0 com.evancharlton.mileage/.VehicleTypeListActivity t3109 f}
06-05 18:35:55.821 V/PhoneStatusBar( 1711): setLightsOn(true)
06-05 18:35:55.822 D/gralloc_ranchu( 1346): gralloc_alloc: Creating ashmem region of size 3145728
06-05 18:35:55.827 E/EGL_emulation( 1346): tid 1346: eglCreateSyncKHR(1901): error 0x3004 (EGL_BAD_ATTRIBUTE)
06-05 18:35:55.839 W/ActivityManager( 1629): Finishing task with all activities already finished
06-05 18:35:55.839 W/ActivityManager( 1629): Duplicate finish request for ActivityRecord{2db28e0 u0 com.evancharlton.mileage/.VehicleTypeActivity t3109 f}
06-05 18:35:55.839 W/ActivityManager( 1629): Finishing task with all activities already finished
06-05 18:35:55.839 W/ActivityManager( 1629): Duplicate finish request for ActivityRecord{2db28e0 u0 com.evancharlton.mileage/.VehicleTypeActivity t3109 f}
06-05 18:35:55.840 W/ActivityManager( 1629): Finishing task with all activities already finished
06-05 18:35:55.840 W/ActivityManager( 1629): Duplicate finish request for ActivityRecord{ee669ae u0 com.evancharlton.mileage/.VehicleTypeListActivity t3109 f}
06-05 18:35:55.872 D/EGL_emulation( 2150): eglMakeCurrent: 0xb4f852a0: ver 2 0 (tinfo 0xb4f832e0)
06-05 18:35:55.872 D/EGL_emulation( 1711): eglMakeCurrent: 0xa5b6bd80: ver 2 0 (tinfo 0xb1367140)
06-05 18:35:55.887 D/EGL_emulation( 1711): eglMakeCurrent: 0xa5b6bd80: ver 2 0 (tinfo 0xb1367140)
06-05 18:35:55.905 D/AndroidRuntime( 7725): >>>>>> START com.android.internal.os.RuntimeInit uid 2000 <<<<<<
06-05 18:35:55.905 D/EGL_emulation( 1711): eglMakeCurrent: 0xa5b6bd80: ver 2 0 (tinfo 0xb1367140)
06-05 18:35:55.906 D/AndroidRuntime( 7725): CheckJNI is ON
06-05 18:35:55.917 W/art     ( 7725): Unexpected CPU variant for X86 using defaults: x86
06-05 18:35:55.919 D/ICU     ( 7725): No timezone override file found: /data/misc/zoneinfo/current/icu/icu_tzdata.dat
06-05 18:35:55.921 D/EGL_emulation( 1711): eglMakeCurrent: 0xa5b6bd80: ver 2 0 (tinfo 0xb1367140)
06-05 18:35:55.922 D/EGL_emulation( 1711): eglMakeCurrent: 0xa5b6bd80: ver 2 0 (tinfo 0xb1367140)
06-05 18:35:55.927 E/memtrack( 7725): Couldn't load memtrack module (No such file or directory)
06-05 18:35:55.927 E/android.os.Debug( 7725): failed to load memtrack module: -2
06-05 18:35:55.927 I/Radio-JNI( 7725): register_android_hardware_Radio DONE
06-05 18:35:55.932 D/AndroidRuntime( 7725): Calling main entry com.android.commands.am.Am
06-05 18:35:55.933 I/ActivityManager( 1629): Force stopping com.evancharlton.mileage appid=10160 user=0: start instr
06-05 18:35:55.933 I/ActivityManager( 1629): Killing 7653:com.evancharlton.mileage/u0a160 (adj 0): stop com.evancharlton.mileage
06-05 18:35:55.933 D/ActivityManager( 1629): cleanUpApplicationRecord -- 7653
06-05 18:35:55.933 W/ActivityManager( 1629): Crash of app com.evancharlton.mileage running instrumentation ComponentInfo{com.evancharlton.mileage.test/sh.calaba.instrumentationbackend.CalabashInstrumentationTestRunner}
06-05 18:35:55.933 I/ActivityManager( 1629): Force stopping com.evancharlton.mileage appid=10160 user=0: finished inst
06-05 18:35:55.937 D/EGL_emulation( 1711): eglMakeCurrent: 0xa5b6bd80: ver 2 0 (tinfo 0xb1367140)
06-05 18:35:55.937 I/art     ( 7735): Not late-enabling -Xcheck:jni (already on)
06-05 18:35:55.938 W/art     ( 7735): Unexpected CPU variant for X86 using defaults: x86
06-05 18:35:55.939 D/EGL_emulation( 1711): eglMakeCurrent: 0xa5b6bd80: ver 2 0 (tinfo 0xb1367140)
06-05 18:35:55.945 I/ActivityManager( 1629): Start proc 7735:com.evancharlton.mileage/u0a160 for added application com.evancharlton.mileage
06-05 18:35:55.945 D/AndroidRuntime( 7725): Shutting down VM
06-05 18:35:55.949 W/System  ( 7735): ClassLoader referenced unknown path: /data/app/com.evancharlton.mileage.test-1/lib/x86
06-05 18:35:55.949 W/System  ( 7735): ClassLoader referenced unknown path: /data/app/com.evancharlton.mileage-1/lib/x86
06-05 18:35:55.951 W/System  ( 7735): ClassLoader referenced unknown path: 
06-05 18:35:55.954 D/EGL_emulation( 1711): eglMakeCurrent: 0xa5b6bd80: ver 2 0 (tinfo 0xb1367140)
06-05 18:35:55.955 I/System.out( 7735): Main activity name automatically set to: com.evancharlton.mileage.Mileage
06-05 18:35:55.955 I/System.out( 7735): Calabash did not load Mono. This is only a problem if you are trying to test a Mono application
06-05 18:35:55.955 I/calabash( 7735): Test server port: 7102
06-05 18:35:55.956 D/EGL_emulation( 1711): eglMakeCurrent: 0xa5b6bd80: ver 2 0 (tinfo 0xb1367140)
06-05 18:35:55.956 I/InstrumentationBackend( 7735): Added:'GetPreferences', with key:'get_preferences'
06-05 18:35:55.960 I/InstrumentationBackend( 7735): Added:'SetPreferences', with key:'set_preferences'
06-05 18:35:55.960 I/InstrumentationBackend( 7735): Added:'ClearPreferences', with key:'clear_preferences'
06-05 18:35:55.960 I/InstrumentationBackend( 7735): Added:'PressElement', with key:'press_l10n_element'
06-05 18:35:55.960 I/InstrumentationBackend( 7735): Added:'WaitForElement', with key:'wait_for_l10n_element'
06-05 18:35:55.960 I/InstrumentationBackend( 7735): Added:'NullAction', with key:'nullAction'
06-05 18:35:55.960 I/InstrumentationBackend( 7735): Added:'PressKey', with key:'press_key'
06-05 18:35:55.960 I/InstrumentationBackend( 7735): Added:'SetActivityOrientation', with key:'set_activity_orientation'
06-05 18:35:55.960 I/InstrumentationBackend( 7735): Added:'GetActivityOrientation', with key:'get_activity_orientation'
06-05 18:35:55.960 I/InstrumentationBackend( 7735): Added:'FakeGPSLocation', with key:'set_gps_coordinates'
06-05 18:35:55.960 I/InstrumentationBackend( 7735): Added:'SetPropertyByCssSelector', with key:'set_property_by_css_selector'
06-05 18:35:55.960 I/InstrumentationBackend( 7735): Added:'GetUrl', with key:'get_url'
06-05 18:35:55.961 I/InstrumentationBackend( 7735): Added:'ScrollTo', with key:'scroll_to'
06-05 18:35:55.961 I/InstrumentationBackend( 7735): Added:'GetLoadProgress', with key:'get_load_progress'
06-05 18:35:55.961 I/InstrumentationBackend( 7735): Added:'DumpHtml', with key:'dump_html'
06-05 18:35:55.961 I/InstrumentationBackend( 7735): Added:'DumpBodyHtml', with key:'dump_body_html'
06-05 18:35:55.961 I/InstrumentationBackend( 7735): Added:'EnterTextByCssSelector', with key:'enter_text_by_selector'
06-05 18:35:55.961 I/InstrumentationBackend( 7735): Added:'AndroidSDKVersion', with key:'android_sdk_version'
06-05 18:35:55.961 I/InstrumentationBackend( 7735): Added:'Version', with key:'version'
06-05 18:35:55.961 I/InstrumentationBackend( 7735): Added:'Drag', with key:'drag'
06-05 18:35:55.961 I/InstrumentationBackend( 7735): Added:'TouchCoordinates', with key:'touch_coordinate'
06-05 18:35:55.961 I/InstrumentationBackend( 7735): Added:'LongPressCoordinate', with key:'long_press_coordinate'
06-05 18:35:55.961 I/InstrumentationBackend( 7735): Added:'DragCoordinates', with key:'drag_coordinates'
06-05 18:35:55.961 I/InstrumentationBackend( 7735): Added:'ResumeApplication', with key:'resume_application'
06-05 18:35:55.961 I/InstrumentationBackend( 7735): Added:'Swipe', with key:'swipe'
06-05 18:35:55.961 I/InstrumentationBackend( 7735): Added:'DoubleTapCoordinate', with key:'double_tap_coordinate'
06-05 18:35:55.961 I/InstrumentationBackend( 7735): Added:'ClickOnScreen', with key:'click_on_screen'
06-05 18:35:55.961 I/InstrumentationBackend( 7735): Added:'GetActivityName', with key:'get_activity_name'
06-05 18:35:55.961 I/InstrumentationBackend( 7735): Added:'ScrollToView', with key:'scroll_to_view'
06-05 18:35:55.961 I/InstrumentationBackend( 7735): Added:'ViewConfiguration', with key:'view_configuration'
06-05 18:35:55.961 I/InstrumentationBackend( 7735): Added:'IsCurrentActivityFocused', with key:'is_current_activity_focused'
06-05 18:35:55.961 I/InstrumentationBackend( 7735): Added:'SendTcp', with key:'send_tcp'
06-05 18:35:55.962 I/InstrumentationBackend( 7735): Added:'DpToDevicePixel', with key:'dp_to_device_pixel'
06-05 18:35:55.962 I/InstrumentationBackend( 7735): Added:'KeyboardEnterText', with key:'keyboard_enter_text'
06-05 18:35:55.962 I/InstrumentationBackend( 7735): Added:'DeleteSurroundingText', with key:'delete_surrounding_text'
06-05 18:35:55.962 I/InstrumentationBackend( 7735): Added:'SetComposingRegion', with key:'set_composing_region'
06-05 18:35:55.962 I/InstrumentationBackend( 7735): Added:'SetSelection', with key:'set_selection'
06-05 18:35:55.962 I/InstrumentationBackend( 7735): Added:'KeyboardKeyEvent', with key:'keyboard_key_event'
06-05 18:35:55.962 I/InstrumentationBackend( 7735): Added:'PressUserActionButton', with key:'press_user_action_button'
06-05 18:35:55.962 I/InstrumentationBackend( 7735): Added:'HideSoftKeyboard', with key:'hide_soft_keyboard'
06-05 18:35:55.962 I/InstrumentationBackend( 7735): Added:'ListActions', with key:'list_actions'
06-05 18:35:55.962 I/calabash( 7735): Instantiating http server at 7102
06-05 18:35:55.962 I/System.out( 7735): HTTP Daemon listening on: 7102
06-05 18:35:55.971 D/EGL_emulation( 1711): eglMakeCurrent: 0xa5b6bd80: ver 2 0 (tinfo 0xb1367140)
06-05 18:35:55.972 D/EGL_emulation( 1711): eglMakeCurrent: 0xa5b6bd80: ver 2 0 (tinfo 0xb1367140)
06-05 18:35:55.987 D/EGL_emulation( 1711): eglMakeCurrent: 0xa5b6bd80: ver 2 0 (tinfo 0xb1367140)
06-05 18:35:55.989 D/EGL_emulation( 1711): eglMakeCurrent: 0xa5b6bd80: ver 2 0 (tinfo 0xb1367140)
06-05 18:35:55.991 I/WindowManager( 1629): WIN DEATH: Window{4425455 u0 com.evancharlton.mileage/com.evancharlton.mileage.VehicleTypeActivity}
06-05 18:35:55.991 W/InputDispatcher( 1629): channel '3372ba com.evancharlton.mileage/com.evancharlton.mileage.VehicleTypeListActivity (server)' ~ Consumer closed input channel or an error occurred.  events=0x9
06-05 18:35:55.991 E/InputDispatcher( 1629): channel '3372ba com.evancharlton.mileage/com.evancharlton.mileage.VehicleTypeListActivity (server)' ~ Channel is unrecoverably broken and will be disposed!
06-05 18:35:55.991 I/WindowManager( 1629): Destroying surface Surface(name=com.evancharlton.mileage/com.evancharlton.mileage.VehicleTypeActivity) called by com.android.server.wm.WindowStateAnimator.destroySurface:2016 com.android.server.wm.WindowStateAnimator.destroySurfaceLocked:882 com.android.server.wm.WindowState.removeLocked:1456 com.android.server.wm.WindowManagerService.removeWindowInnerLocked:2484 com.android.server.wm.WindowManagerService.removeWindowLocked:2442 com.android.server.wm.WindowState$DeathRecipient.binderDied:1787 android.os.BinderProxy.sendDeathNotice:688 <bottom of call stack> 
06-05 18:35:55.992 I/WindowManager( 1629): WIN DEATH: Window{3372ba u0 com.evancharlton.mileage/com.evancharlton.mileage.VehicleTypeListActivity EXITING}
06-05 18:35:55.992 W/InputDispatcher( 1629): Attempted to unregister already unregistered input channel '3372ba com.evancharlton.mileage/com.evancharlton.mileage.VehicleTypeListActivity (server)'
06-05 18:35:56.004 D/EGL_emulation( 1711): eglMakeCurrent: 0xa5b6bd80: ver 2 0 (tinfo 0xb1367140)
06-05 18:35:56.007 D/EGL_emulation( 1711): eglMakeCurrent: 0xa5b6bd80: ver 2 0 (tinfo 0xb1367140)
06-05 18:35:56.021 D/EGL_emulation( 1711): eglMakeCurrent: 0xa5b6bd80: ver 2 0 (tinfo 0xb1367140)
06-05 18:35:56.023 D/EGL_emulation( 1711): eglMakeCurrent: 0xa5b6bd80: ver 2 0 (tinfo 0xb1367140)
06-05 18:35:56.039 D/EGL_emulation( 1711): eglMakeCurrent: 0xa5b6bd80: ver 2 0 (tinfo 0xb1367140)
06-05 18:35:56.055 D/EGL_emulation( 1711): eglMakeCurrent: 0xa5b6bd80: ver 2 0 (tinfo 0xb1367140)
06-05 18:35:56.058 I/System.out( 7735): URI: //ping
06-05 18:35:56.058 I/System.out( 7735): params: {json={}
06-05 18:35:56.058 I/System.out( 7735): }
06-05 18:35:56.059 D/EGL_emulation( 1711): eglMakeCurrent: 0xa5b6bd80: ver 2 0 (tinfo 0xb1367140)
06-05 18:35:56.064 I/System.out( 7735): URI: //ping
06-05 18:35:56.064 I/System.out( 7735): params: {json={}
06-05 18:35:56.064 I/System.out( 7735): }
06-05 18:35:56.069 I/System.out( 7735): URI: //ready
06-05 18:35:56.069 I/System.out( 7735): params: {json={}
06-05 18:35:56.069 I/System.out( 7735): }
06-05 18:35:56.072 D/EGL_emulation( 1711): eglMakeCurrent: 0xa5b6bd80: ver 2 0 (tinfo 0xb1367140)
06-05 18:35:56.075 I/System.out( 7735): URI: //
06-05 18:35:56.075 I/System.out( 7735): params: {json={"command":"version","arguments":[]}
06-05 18:35:56.075 I/System.out( 7735): }
06-05 18:35:56.075 I/System.out( 7735): header: {content-type=application/json;charset=utf-8, date=Fri, 05 Jun 2020 23:35:56 GMT, accept=*/*, host=127.0.0.1:34783, content-length=36, user-agent=HTTPClient/1.0 (2.8.3, ruby 2.5.1 (2018-03-29))}
06-05 18:35:56.075 D/EGL_emulation( 1711): eglMakeCurrent: 0xa5b6bd80: ver 2 0 (tinfo 0xb1367140)
06-05 18:35:56.075 I/System.out( 7735): params: {json={"command":"version","arguments":[]}
06-05 18:35:56.075 I/System.out( 7735): }
06-05 18:35:56.076 I/System.out( 7735): ProP json = {"command":"version","arguments":[]}
06-05 18:35:56.076 I/System.out( 7735): files: {}
06-05 18:35:56.076 I/System.out( 7735): command: {"command":"version","arguments":[]}
06-05 18:35:56.085 I/InstrumentationBackend( 7735): Got command:'Command:'Line:null,version', arguments:'[]'
06-05 18:35:56.088 D/EGL_emulation( 1711): eglMakeCurrent: 0xa5b6bd80: ver 2 0 (tinfo 0xb1367140)
06-05 18:35:56.091 D/EGL_emulation( 1711): eglMakeCurrent: 0xa5b6bd80: ver 2 0 (tinfo 0xb1367140)
06-05 18:35:56.098 I/System.out( 7735): result:{"bonusInformation":[],"message":"0.9.8","success":true}
06-05 18:35:56.101 I/System.out( 7735): URI: //start-application
06-05 18:35:56.101 I/System.out( 7735): params: {json={"intent":null}
06-05 18:35:56.101 I/System.out( 7735): }
06-05 18:35:56.104 D/EGL_emulation( 1711): eglMakeCurrent: 0xa5b6bd80: ver 2 0 (tinfo 0xb1367140)
06-05 18:35:56.105 D/EGL_emulation( 1711): eglMakeCurrent: 0xa5b6bd80: ver 2 0 (tinfo 0xb1367140)
06-05 18:35:56.110 I/ActivityManager( 1629): START u0 {act=android.intent.action.MAIN cat=[android.intent.category.LAUNCHER] flg=0x10200000 cmp=com.evancharlton.mileage/.Mileage} from uid 10160 on display 0
06-05 18:35:56.116 I/calabash( 7735): newActivity1
06-05 18:35:56.124 I/calabash( 7735): newActivity1
06-05 18:35:56.125 W/ActivityManager( 1629): Bad activity token: android.os.BinderProxy@657452b
06-05 18:35:56.125 W/ActivityManager( 1629): java.lang.ClassCastException: android.os.BinderProxy cannot be cast to com.android.server.am.ActivityRecord$Token
06-05 18:35:56.125 W/ActivityManager( 1629): 	at com.android.server.am.ActivityRecord.forTokenLocked(ActivityRecord.java:586)
06-05 18:35:56.125 W/ActivityManager( 1629): 	at com.android.server.am.ActivityRecord.isInStackLocked(ActivityRecord.java:1327)
06-05 18:35:56.125 W/ActivityManager( 1629): 	at com.android.server.am.ActivityRecord.getStackLocked(ActivityRecord.java:1332)
06-05 18:35:56.125 W/ActivityManager( 1629): 	at com.android.server.am.ActivityManagerService.getActivityDisplayId(ActivityManagerService.java:9806)
06-05 18:35:56.125 W/ActivityManager( 1629): 	at android.app.ActivityManagerNative.onTransact(ActivityManagerNative.java:2566)
06-05 18:35:56.125 W/ActivityManager( 1629): 	at com.android.server.am.ActivityManagerService.onTransact(ActivityManagerService.java:2757)
06-05 18:35:56.125 W/ActivityManager( 1629): 	at android.os.Binder.execTransact(Binder.java:565)
06-05 18:35:56.125 W/ActivityManager( 1629): Bad activity token: android.os.BinderProxy@657452b
06-05 18:35:56.125 W/ActivityManager( 1629): java.lang.ClassCastException: android.os.BinderProxy cannot be cast to com.android.server.am.ActivityRecord$Token
06-05 18:35:56.125 W/ActivityManager( 1629): 	at com.android.server.am.ActivityRecord.forTokenLocked(ActivityRecord.java:586)
06-05 18:35:56.125 W/ActivityManager( 1629): 	at com.android.server.am.ActivityRecord.isInStackLocked(ActivityRecord.java:1327)
06-05 18:35:56.125 W/ActivityManager( 1629): 	at com.android.server.am.ActivityManagerService.setTaskDescription(ActivityManagerService.java:9358)
06-05 18:35:56.125 W/ActivityManager( 1629): 	at android.app.ActivityManagerNative.onTransact(ActivityManagerNative.java:2639)
06-05 18:35:56.125 W/ActivityManager( 1629): 	at com.android.server.am.ActivityManagerService.onTransact(ActivityManagerService.java:2757)
06-05 18:35:56.125 W/ActivityManager( 1629): 	at android.os.Binder.execTransact(Binder.java:565)
06-05 18:35:56.126 W/ActivityManager( 1629): Bad activity token: android.os.BinderProxy@657452b
06-05 18:35:56.126 W/ActivityManager( 1629): java.lang.ClassCastException: android.os.BinderProxy cannot be cast to com.android.server.am.ActivityRecord$Token
06-05 18:35:56.126 W/ActivityManager( 1629): 	at com.android.server.am.ActivityRecord.forTokenLocked(ActivityRecord.java:586)
06-05 18:35:56.126 W/ActivityManager( 1629): 	at com.android.server.am.ActivityRecord.isInStackLocked(ActivityRecord.java:1327)
06-05 18:35:56.126 W/ActivityManager( 1629): 	at com.android.server.am.ActivityRecord.getStackLocked(ActivityRecord.java:1332)
06-05 18:35:56.126 W/ActivityManager( 1629): 	at com.android.server.am.ActivityManagerService.getActivityStackId(ActivityManagerService.java:9817)
06-05 18:35:56.126 W/ActivityManager( 1629): 	at android.app.ActivityManagerNative.onTransact(ActivityManagerNative.java:2856)
06-05 18:35:56.126 W/ActivityManager( 1629): 	at com.android.server.am.ActivityManagerService.onTransact(ActivityManagerService.java:2757)
06-05 18:35:56.126 W/ActivityManager( 1629): 	at android.os.Binder.execTransact(Binder.java:565)
06-05 18:35:56.138 D/gralloc_ranchu( 1346): gralloc_alloc: Creating ashmem region of size 9023488
06-05 18:35:56.146 W/ActivityManager( 1629): Bad activity token: android.os.BinderProxy@657452b
06-05 18:35:56.146 W/ActivityManager( 1629): java.lang.ClassCastException: android.os.BinderProxy cannot be cast to com.android.server.am.ActivityRecord$Token
06-05 18:35:56.146 W/ActivityManager( 1629): 	at com.android.server.am.ActivityRecord.forTokenLocked(ActivityRecord.java:586)
06-05 18:35:56.146 W/ActivityManager( 1629): 	at com.android.server.am.ActivityRecord.isInStackLocked(ActivityRecord.java:1327)
06-05 18:35:56.146 W/ActivityManager( 1629): 	at com.android.server.am.ActivityManagerService.getActivityOptions(ActivityManagerService.java:12559)
06-05 18:35:56.146 W/ActivityManager( 1629): 	at android.app.ActivityManagerNative.onTransact(ActivityManagerNative.java:1933)
06-05 18:35:56.146 W/ActivityManager( 1629): 	at com.android.server.am.ActivityManagerService.onTransact(ActivityManagerService.java:2757)
06-05 18:35:56.146 W/ActivityManager( 1629): 	at android.os.Binder.execTransact(Binder.java:565)
06-05 18:35:56.146 W/ActivityManager( 1629): Bad activity token: android.os.BinderProxy@657452b
06-05 18:35:56.146 W/ActivityManager( 1629): java.lang.ClassCastException: android.os.BinderProxy cannot be cast to com.android.server.am.ActivityRecord$Token
06-05 18:35:56.146 W/ActivityManager( 1629): 	at com.android.server.am.ActivityRecord.forTokenLocked(ActivityRecord.java:586)
06-05 18:35:56.146 W/ActivityManager( 1629): 	at com.android.server.am.ActivityRecord.isInStackLocked(ActivityRecord.java:1327)
06-05 18:35:56.146 W/ActivityManager( 1629): 	at com.android.server.am.ActivityManagerService.getActivityOptions(ActivityManagerService.java:12559)
06-05 18:35:56.146 W/ActivityManager( 1629): 	at android.app.ActivityManagerNative.onTransact(ActivityManagerNative.java:1933)
06-05 18:35:56.146 W/ActivityManager( 1629): 	at com.android.server.am.ActivityManagerService.onTransact(ActivityManagerService.java:2757)
06-05 18:35:56.146 W/ActivityManager( 1629): 	at android.os.Binder.execTransact(Binder.java:565)
06-05 18:35:56.172 V/PhoneStatusBar( 1711): setLightsOn(true)
06-05 18:35:56.187 D/gralloc_ranchu( 1346): gralloc_alloc: Creating ashmem region of size 9023488
06-05 18:35:56.191 D/EGL_emulation( 2150): eglMakeCurrent: 0xb4f852a0: ver 2 0 (tinfo 0xb4f832e0)
06-05 18:35:56.192 D/        ( 7735): HostConnection::get() New Host Connection established 0x98bab580, tid 7735
06-05 18:35:56.192 D/EGL_emulation( 1711): eglMakeCurrent: 0xa5b6bd80: ver 2 0 (tinfo 0xb1367140)
06-05 18:35:56.193 V/PhoneStatusBar( 1711): setLightsOn(true)
06-05 18:35:56.232 D/EGL_emulation( 1711): eglMakeCurrent: 0xa5b6bd80: ver 2 0 (tinfo 0xb1367140)
06-05 18:35:56.235 D/EGL_emulation( 1711): eglMakeCurrent: 0xa5b6bd80: ver 2 0 (tinfo 0xb1367140)
06-05 18:35:56.236 V/PhoneStatusBar( 1711): setLightsOn(true)
06-05 18:35:56.237 D/EGL_emulation( 1711): eglMakeCurrent: 0xa5b6bd80: ver 2 0 (tinfo 0xb1367140)
06-05 18:35:56.239 D/EGL_emulation( 1711): eglMakeCurrent: 0xa5b6bd80: ver 2 0 (tinfo 0xb1367140)
06-05 18:35:56.241 D/EGL_emulation( 1711): eglMakeCurrent: 0xa5b6bd80: ver 2 0 (tinfo 0xb1367140)
06-05 18:35:56.242 D/EGL_emulation( 1711): eglMakeCurrent: 0xa5b6bd80: ver 2 0 (tinfo 0xb1367140)
06-05 18:35:56.251 I/ActivityManager( 1629): Displayed com.evancharlton.mileage/.Mileage: +137ms
06-05 18:35:56.254 D/gralloc_ranchu( 1346): gralloc_alloc: Creating ashmem region of size 9023488
06-05 18:35:56.263 D/EGL_emulation( 1711): eglMakeCurrent: 0xa5b6bd80: ver 2 0 (tinfo 0xb1367140)
06-05 18:35:56.275 D/EGL_emulation( 1711): eglMakeCurrent: 0xa5b6bd80: ver 2 0 (tinfo 0xb1367140)
06-05 18:35:56.284 D/EGL_emulation( 1711): eglMakeCurrent: 0xa5b6bd80: ver 2 0 (tinfo 0xb1367140)
06-05 18:35:56.286 D/EGL_emulation( 1711): eglMakeCurrent: 0xa5b6bd80: ver 2 0 (tinfo 0xb1367140)
06-05 18:35:56.287 V/PhoneStatusBar( 1711): setLightsOn(true)
06-05 18:35:56.288 D/EGL_emulation( 1711): eglMakeCurrent: 0xa5b6bd80: ver 2 0 (tinfo 0xb1367140)
06-05 18:35:56.289 D/EGL_emulation( 1711): eglMakeCurrent: 0xa5b6bd80: ver 2 0 (tinfo 0xb1367140)
06-05 18:35:56.302 I/System.out( 7735): URI: //map
06-05 18:35:56.302 I/System.out( 7735): params: {json={"query":"* marked:'Vehicles'","operation":{"method_name":"query","arguments":[]}}
06-05 18:35:56.302 I/System.out( 7735): }
06-05 18:35:56.303 I/WindowManager( 1629): Destroying surface Surface(name=com.evancharlton.mileage/com.evancharlton.mileage.VehicleTypeListActivity) called by com.android.server.wm.WindowStateAnimator.destroySurface:2016 com.android.server.wm.WindowStateAnimator.destroySurfaceLocked:882 com.android.server.wm.WindowState.removeLocked:1456 com.android.server.wm.WindowManagerService.removeWindowInnerLocked:2484 com.android.server.wm.AppWindowToken.destroySurfaces:365 com.android.server.wm.WindowStateAnimator.finishExit:565 com.android.server.wm.AppWindowAnimator.stepAnimationLocked:427 com.android.server.wm.WindowAnimator.updateAppWindowsLocked:196 
06-05 18:35:56.304 D/EGL_emulation( 1711): eglMakeCurrent: 0xa5b6bd80: ver 2 0 (tinfo 0xb1367140)
06-05 18:35:56.306 D/EGL_emulation( 1711): eglMakeCurrent: 0xa5b6bd80: ver 2 0 (tinfo 0xb1367140)
06-05 18:35:56.314 W/ResourceType( 7735): No package identifier when getting name for resource number 0x00000001
06-05 18:35:56.321 D/EGL_emulation( 1711): eglMakeCurrent: 0xa5b6bd80: ver 2 0 (tinfo 0xb1367140)
06-05 18:35:56.323 D/EGL_emulation( 1711): eglMakeCurrent: 0xa5b6bd80: ver 2 0 (tinfo 0xb1367140)
06-05 18:35:56.323 V/PhoneStatusBar( 1711): setLightsOn(true)
06-05 18:35:56.327 I/System.out( 7735): URI: //gesture
06-05 18:35:56.327 I/System.out( 7735): params: {json={"query_timeout":5.0,"gestures":[{"query_string":"* marked:'Vehicles'","touches":[{"x":50,"y":50,"offset_x":0,"offset_y":0,"wait":0.0,"time":0.2,"release":true,"query_string":null}]}]}
06-05 18:35:56.327 I/System.out( 7735): }
06-05 18:35:56.333 W/ResourceType( 7735): No package identifier when getting name for resource number 0x00000001
06-05 18:35:56.347 D/EGL_emulation( 1711): eglMakeCurrent: 0xa5b6bd80: ver 2 0 (tinfo 0xb1367140)
06-05 18:35:56.349 D/EGL_emulation( 1711): eglMakeCurrent: 0xa5b6bd80: ver 2 0 (tinfo 0xb1367140)
06-05 18:35:56.363 D/EGL_emulation( 1711): eglMakeCurrent: 0xa5b6bd80: ver 2 0 (tinfo 0xb1367140)
06-05 18:35:56.368 D/EGL_emulation( 1711): eglMakeCurrent: 0xa5b6bd80: ver 2 0 (tinfo 0xb1367140)
06-05 18:35:56.371 D/EGL_emulation( 1711): eglMakeCurrent: 0xa5b6bd80: ver 2 0 (tinfo 0xb1367140)
06-05 18:35:56.372 D/EGL_emulation( 1711): eglMakeCurrent: 0xa5b6bd80: ver 2 0 (tinfo 0xb1367140)
06-05 18:35:56.388 D/EGL_emulation( 1711): eglMakeCurrent: 0xa5b6bd80: ver 2 0 (tinfo 0xb1367140)
06-05 18:35:56.389 D/EGL_emulation( 1711): eglMakeCurrent: 0xa5b6bd80: ver 2 0 (tinfo 0xb1367140)
06-05 18:35:56.405 D/EGL_emulation( 1711): eglMakeCurrent: 0xa5b6bd80: ver 2 0 (tinfo 0xb1367140)
06-05 18:35:56.437 I/WindowManager( 1629): Destroying surface Surface(name=Starting com.evancharlton.mileage) called by com.android.server.wm.WindowStateAnimator.destroySurface:2016 com.android.server.wm.WindowStateAnimator.destroySurfaceLocked:882 com.android.server.wm.WindowState.destroyOrSaveSurface:2100 com.android.server.wm.AppWindowToken.destroySurfaces:363 com.android.server.wm.WindowStateAnimator.finishExit:565 com.android.server.wm.WindowStateAnimator.stepAnimationLocked:491 com.android.server.wm.WindowAnimator.updateWindowsLocked:303 com.android.server.wm.WindowAnimator.animateLocked:704 
06-05 18:35:56.439 V/PhoneStatusBar( 1711): setLightsOn(true)
06-05 18:35:56.443 V/PhoneStatusBar( 1711): setLightsOn(true)
06-05 18:35:56.557 I/calabash( 7735): newActivity1
06-05 18:35:56.558 W/ActivityManager( 1629): Bad activity token: android.os.BinderProxy@59dbacd
06-05 18:35:56.558 W/ActivityManager( 1629): java.lang.ClassCastException: android.os.BinderProxy cannot be cast to com.android.server.am.ActivityRecord$Token
06-05 18:35:56.558 W/ActivityManager( 1629): 	at com.android.server.am.ActivityRecord.forTokenLocked(ActivityRecord.java:586)
06-05 18:35:56.558 W/ActivityManager( 1629): 	at com.android.server.am.ActivityRecord.isInStackLocked(ActivityRecord.java:1327)
06-05 18:35:56.558 W/ActivityManager( 1629): 	at com.android.server.am.ActivityRecord.getStackLocked(ActivityRecord.java:1332)
06-05 18:35:56.558 W/ActivityManager( 1629): 	at com.android.server.am.ActivityManagerService.getActivityDisplayId(ActivityManagerService.java:9806)
06-05 18:35:56.558 W/ActivityManager( 1629): 	at android.app.ActivityManagerNative.onTransact(ActivityManagerNative.java:2566)
06-05 18:35:56.558 W/ActivityManager( 1629): 	at com.android.server.am.ActivityManagerService.onTransact(ActivityManagerService.java:2757)
06-05 18:35:56.558 W/ActivityManager( 1629): 	at android.os.Binder.execTransact(Binder.java:565)
06-05 18:35:56.560 W/ActivityManager( 1629): Bad activity token: android.os.BinderProxy@59dbacd
06-05 18:35:56.560 W/ActivityManager( 1629): java.lang.ClassCastException: android.os.BinderProxy cannot be cast to com.android.server.am.ActivityRecord$Token
06-05 18:35:56.560 W/ActivityManager( 1629): 	at com.android.server.am.ActivityRecord.forTokenLocked(ActivityRecord.java:586)
06-05 18:35:56.560 W/ActivityManager( 1629): 	at com.android.server.am.ActivityRecord.isInStackLocked(ActivityRecord.java:1327)
06-05 18:35:56.560 W/ActivityManager( 1629): 	at com.android.server.am.ActivityManagerService.setTaskDescription(ActivityManagerService.java:9358)
06-05 18:35:56.560 W/ActivityManager( 1629): 	at android.app.ActivityManagerNative.onTransact(ActivityManagerNative.java:2639)
06-05 18:35:56.560 W/ActivityManager( 1629): 	at com.android.server.am.ActivityManagerService.onTransact(ActivityManagerService.java:2757)
06-05 18:35:56.560 W/ActivityManager( 1629): 	at android.os.Binder.execTransact(Binder.java:565)
06-05 18:35:56.561 W/ActivityManager( 1629): Bad activity token: android.os.BinderProxy@59dbacd
06-05 18:35:56.561 W/ActivityManager( 1629): java.lang.ClassCastException: android.os.BinderProxy cannot be cast to com.android.server.am.ActivityRecord$Token
06-05 18:35:56.561 W/ActivityManager( 1629): 	at com.android.server.am.ActivityRecord.forTokenLocked(ActivityRecord.java:586)
06-05 18:35:56.561 W/ActivityManager( 1629): 	at com.android.server.am.ActivityRecord.isInStackLocked(ActivityRecord.java:1327)
06-05 18:35:56.561 W/ActivityManager( 1629): 	at com.android.server.am.ActivityRecord.getStackLocked(ActivityRecord.java:1332)
06-05 18:35:56.561 W/ActivityManager( 1629): 	at com.android.server.am.ActivityManagerService.getActivityStackId(ActivityManagerService.java:9817)
06-05 18:35:56.561 W/ActivityManager( 1629): 	at android.app.ActivityManagerNative.onTransact(ActivityManagerNative.java:2856)
06-05 18:35:56.561 W/ActivityManager( 1629): 	at com.android.server.am.ActivityManagerService.onTransact(ActivityManagerService.java:2757)
06-05 18:35:56.561 W/ActivityManager( 1629): 	at android.os.Binder.execTransact(Binder.java:565)
06-05 18:35:56.568 W/ActivityManager( 1629): Bad activity token: android.os.BinderProxy@59dbacd
06-05 18:35:56.568 W/ActivityManager( 1629): java.lang.ClassCastException: android.os.BinderProxy cannot be cast to com.android.server.am.ActivityRecord$Token
06-05 18:35:56.568 W/ActivityManager( 1629): 	at com.android.server.am.ActivityRecord.forTokenLocked(ActivityRecord.java:586)
06-05 18:35:56.568 W/ActivityManager( 1629): 	at com.android.server.am.ActivityRecord.isInStackLocked(ActivityRecord.java:1327)
06-05 18:35:56.568 W/ActivityManager( 1629): 	at com.android.server.am.ActivityManagerService.getActivityOptions(ActivityManagerService.java:12559)
06-05 18:35:56.568 W/ActivityManager( 1629): 	at android.app.ActivityManagerNative.onTransact(ActivityManagerNative.java:1933)
06-05 18:35:56.568 W/ActivityManager( 1629): 	at com.android.server.am.ActivityManagerService.onTransact(ActivityManagerService.java:2757)
06-05 18:35:56.568 W/ActivityManager( 1629): 	at android.os.Binder.execTransact(Binder.java:565)
06-05 18:35:56.569 W/ActivityManager( 1629): Bad activity token: android.os.BinderProxy@59dbacd
06-05 18:35:56.569 W/ActivityManager( 1629): java.lang.ClassCastException: android.os.BinderProxy cannot be cast to com.android.server.am.ActivityRecord$Token
06-05 18:35:56.569 W/ActivityManager( 1629): 	at com.android.server.am.ActivityRecord.forTokenLocked(ActivityRecord.java:586)
06-05 18:35:56.569 W/ActivityManager( 1629): 	at com.android.server.am.ActivityRecord.isInStackLocked(ActivityRecord.java:1327)
06-05 18:35:56.569 W/ActivityManager( 1629): 	at com.android.server.am.ActivityManagerService.getActivityOptions(ActivityManagerService.java:12559)
06-05 18:35:56.569 W/ActivityManager( 1629): 	at android.app.ActivityManagerNative.onTransact(ActivityManagerNative.java:1933)
06-05 18:35:56.569 W/ActivityManager( 1629): 	at com.android.server.am.ActivityManagerService.onTransact(ActivityManagerService.java:2757)
06-05 18:35:56.569 W/ActivityManager( 1629): 	at android.os.Binder.execTransact(Binder.java:565)
06-05 18:35:56.605 V/PhoneStatusBar( 1711): setLightsOn(true)
06-05 18:35:56.904 V/PhoneStatusBar( 1711): setLightsOn(true)
06-05 18:35:56.905 V/PhoneStatusBar( 1711): setLightsOn(true)
06-05 18:35:56.906 W/OpenGLRenderer( 2150): Incorrectly called buildLayer on View: ShortcutAndWidgetContainer, destroying layer...
06-05 18:35:56.923 V/PhoneStatusBar( 1711): setLightsOn(true)
06-05 18:35:56.925 I/WindowManager( 1629): Destroying surface Surface(name=com.android.launcher3/com.android.launcher3.Launcher) called by com.android.server.wm.WindowStateAnimator.destroySurface:2016 com.android.server.wm.WindowStateAnimator.destroySurfaceLocked:882 com.android.server.wm.WindowState.destroyOrSaveSurface:2100 com.android.server.wm.AppWindowToken.destroySurfaces:363 com.android.server.wm.AppWindowToken.notifyAppStopped:389 com.android.server.wm.WindowManagerService.notifyAppStopped:4463 com.android.server.am.ActivityStack.activityStoppedLocked:1252 com.android.server.am.ActivityManagerService.activityStopped:6903 
06-05 18:35:57.579 I/System.out( 7735): URI: //
06-05 18:35:57.579 I/System.out( 7735): params: {json={"command":"press_key","arguments":["KEYCODE_MENU"]}
06-05 18:35:57.579 I/System.out( 7735): }
06-05 18:35:57.579 I/System.out( 7735): header: {content-type=application/json;charset=utf-8, date=Fri, 05 Jun 2020 23:35:57 GMT, accept=*/*, host=127.0.0.1:34783, content-length=52, user-agent=HTTPClient/1.0 (2.8.3, ruby 2.5.1 (2018-03-29))}
06-05 18:35:57.579 I/System.out( 7735): params: {json={"command":"press_key","arguments":["KEYCODE_MENU"]}
06-05 18:35:57.579 I/System.out( 7735): }
06-05 18:35:57.579 I/System.out( 7735): ProP json = {"command":"press_key","arguments":["KEYCODE_MENU"]}
06-05 18:35:57.579 I/System.out( 7735): files: {}
06-05 18:35:57.579 I/System.out( 7735): command: {"command":"press_key","arguments":["KEYCODE_MENU"]}
06-05 18:35:57.580 I/InstrumentationBackend( 7735): Got command:'Command:'Line:null,press_key', arguments:'[KEYCODE_MENU]'
06-05 18:35:57.588 V/PhoneStatusBar( 1711): setLightsOn(true)
06-05 18:35:57.592 I/System.out( 7735): result:{"bonusInformation":[],"message":"","success":true}
06-05 18:35:57.595 I/System.out( 7735): URI: //map
06-05 18:35:57.595 I/System.out( 7735): params: {json={"query":"* marked:'Edit vehicle types'","operation":{"method_name":"query","arguments":[]}}
06-05 18:35:57.595 I/System.out( 7735): }
06-05 18:35:57.606 V/PhoneStatusBar( 1711): setLightsOn(true)
06-05 18:35:57.621 V/PhoneStatusBar( 1711): setLightsOn(true)
06-05 18:35:57.640 V/PhoneStatusBar( 1711): setLightsOn(true)
06-05 18:35:57.645 D/gralloc_ranchu( 1346): gralloc_alloc: Creating ashmem region of size 1720320
06-05 18:35:57.666 V/PhoneStatusBar( 1711): setLightsOn(true)
06-05 18:35:57.669 V/PhoneStatusBar( 1711): setLightsOn(true)
06-05 18:35:57.673 W/ResourceType( 7735): No package identifier when getting name for resource number 0x00000001
06-05 18:35:57.677 V/PhoneStatusBar( 1711): setLightsOn(true)
06-05 18:35:57.681 I/art     ( 7735): Do partial code cache collection, code=30KB, data=28KB
06-05 18:35:57.681 I/art     ( 7735): After code cache collection, code=29KB, data=28KB
06-05 18:35:57.681 I/art     ( 7735): Increasing code cache capacity to 128KB
06-05 18:35:57.697 I/System.out( 7735): URI: //gesture
06-05 18:35:57.697 I/System.out( 7735): params: {json={"query_timeout":5.0,"gestures":[{"query_string":"* marked:'Edit vehicle types'","touches":[{"x":50,"y":50,"offset_x":0,"offset_y":0,"wait":0.0,"time":0.2,"release":true,"query_string":null}]}]}
06-05 18:35:57.697 I/System.out( 7735): }
06-05 18:35:57.704 W/ResourceType( 7735): No package identifier when getting name for resource number 0x00000001
06-05 18:35:57.851 D/gralloc_ranchu( 1346): gralloc_alloc: Creating ashmem region of size 9023488
06-05 18:35:57.888 V/PhoneStatusBar( 1711): setLightsOn(true)
06-05 18:35:57.914 D/gralloc_ranchu( 1346): gralloc_alloc: Creating ashmem region of size 1720320
06-05 18:35:57.976 I/System.out( 7735): URI: //map
06-05 18:35:57.976 I/System.out( 7735): params: {json={"query":"* marked:'Sedan'","operation":{"method_name":"query","arguments":[]}}
06-05 18:35:57.976 I/System.out( 7735): }
06-05 18:35:57.989 I/ActivityManager( 1629): START u0 {cmp=com.evancharlton.mileage/.VehicleTypeListActivity} from uid 10160 on display 0
06-05 18:35:57.990 V/PhoneStatusBar( 1711): setLightsOn(true)
06-05 18:35:57.990 V/PhoneStatusBar( 1711): setLightsOn(true)
06-05 18:35:58.016 I/WindowManager( 1629): Destroying surface Surface(name=AtchDlg:com.evancharlton.mileage/com.evancharlton.mileage.VehicleListActivity) called by com.android.server.wm.WindowStateAnimator.destroySurface:2016 com.android.server.wm.WindowStateAnimator.destroySurfaceLocked:882 com.android.server.wm.WindowState.removeLocked:1456 com.android.server.wm.WindowManagerService.removeWindowInnerLocked:2484 com.android.server.wm.WindowManagerService.removeWindowLocked:2442 com.android.server.wm.WindowManagerService.removeWindowLocked:2311 com.android.server.wm.WindowManagerService.removeWindow:2306 com.android.server.wm.Session.remove:202 
06-05 18:35:58.017 W/ResourceType( 7735): No package identifier when getting name for resource number 0x00000001
06-05 18:35:58.042 I/calabash( 7735): newActivity1
06-05 18:35:58.077 V/PhoneStatusBar( 1711): setLightsOn(true)
06-05 18:35:58.088 V/PhoneStatusBar( 1711): setLightsOn(true)
06-05 18:35:58.099 D/gralloc_ranchu( 1346): gralloc_alloc: Creating ashmem region of size 9023488
06-05 18:35:58.105 V/PhoneStatusBar( 1711): setLightsOn(true)
06-05 18:35:58.149 I/ActivityManager( 1629): Displayed com.evancharlton.mileage/.VehicleTypeListActivity: +137ms
06-05 18:35:58.150 D/gralloc_ranchu( 1346): gralloc_alloc: Creating ashmem region of size 9023488
06-05 18:35:58.154 V/PhoneStatusBar( 1711): setLightsOn(true)
06-05 18:35:58.187 V/PhoneStatusBar( 1711): setLightsOn(true)
06-05 18:35:58.220 V/PhoneStatusBar( 1711): setLightsOn(true)
06-05 18:35:58.328 I/System.out( 7735): URI: //map
06-05 18:35:58.328 I/System.out( 7735): params: {json={"query":"* marked:'Sedan'","operation":{"method_name":"query","arguments":[]}}
06-05 18:35:58.328 I/System.out( 7735): }
06-05 18:35:58.349 W/ResourceType( 7735): No package identifier when getting name for resource number 0x00000001
06-05 18:35:58.367 I/System.out( 7735): URI: //gesture
06-05 18:35:58.367 I/System.out( 7735): params: {json={"query_timeout":5.0,"gestures":[{"query_string":"* marked:'Sedan'","touches":[{"x":50,"y":50,"offset_x":0,"offset_y":0,"wait":0.0,"time":0.2,"release":true,"query_string":null}]}]}
06-05 18:35:58.367 I/System.out( 7735): }
06-05 18:35:58.372 W/ResourceType( 7735): No package identifier when getting name for resource number 0x00000001
06-05 18:35:58.390 V/PhoneStatusBar( 1711): setLightsOn(true)
06-05 18:35:58.506 V/PhoneStatusBar( 1711): setLightsOn(true)
06-05 18:35:58.507 V/PhoneStatusBar( 1711): setLightsOn(true)
06-05 18:35:58.521 V/PhoneStatusBar( 1711): setLightsOn(true)
06-05 18:35:58.525 D/gralloc_ranchu( 1346): gralloc_alloc: Creating ashmem region of size 9023488
06-05 18:35:58.587 I/WindowManager( 1629): Destroying surface Surface(name=com.evancharlton.mileage/com.evancharlton.mileage.Mileage) called by com.android.server.wm.WindowStateAnimator.destroySurface:2016 com.android.server.wm.WindowStateAnimator.destroySurfaceLocked:882 com.android.server.wm.WindowState.destroyOrSaveSurface:2100 com.android.server.wm.WindowManagerService.tryStartExitingAnimation:3024 com.android.server.wm.WindowManagerService.relayoutWindow:2904 com.android.server.wm.Session.relayout:224 android.view.IWindowSession$Stub.onTransact:286 com.android.server.wm.Session.onTransact:145 
06-05 18:35:58.587 V/PhoneStatusBar( 1711): setLightsOn(true)
06-05 18:35:58.643 I/System.out( 7735): URI: //gesture
06-05 18:35:58.643 I/System.out( 7735): params: {json={"query_timeout":5.0,"gestures":[{"query_string":"android.widget.EditText index:1","touches":[{"x":50,"y":50,"offset_x":0,"offset_y":0,"wait":0.0,"time":0.2,"release":true,"query_string":null}]}]}
06-05 18:35:58.643 I/System.out( 7735): }
06-05 18:35:58.698 I/ActivityManager( 1629): START u0 {cmp=com.evancharlton.mileage/.VehicleTypeActivity (has extras)} from uid 10160 on display 0
06-05 18:35:58.699 V/PhoneStatusBar( 1711): setLightsOn(true)
06-05 18:35:58.700 V/PhoneStatusBar( 1711): setLightsOn(true)
06-05 18:35:58.742 I/calabash( 7735): newActivity1
06-05 18:35:58.770 V/PhoneStatusBar( 1711): setLightsOn(true)
06-05 18:35:58.773 D/gralloc_ranchu( 1346): gralloc_alloc: Creating ashmem region of size 9023488
06-05 18:35:58.787 V/PhoneStatusBar( 1711): setLightsOn(true)
06-05 18:35:58.803 W/InputMethodService( 1696): Window size has been changed. This may cause jankiness of resizing window: -1 -> -2
06-05 18:35:58.803 I/ActivityManager( 1629): Displayed com.evancharlton.mileage/.VehicleTypeActivity: +64ms
06-05 18:35:58.804 V/PhoneStatusBar( 1711): setLightsOn(true)
06-05 18:35:58.804 D/gralloc_ranchu( 1346): gralloc_alloc: Creating ashmem region of size 9023488
06-05 18:35:58.810 I/LatinIME( 1696): Starting input. Cursor position = 0,0
06-05 18:35:58.821 V/PhoneStatusBar( 1711): setLightsOn(true)
06-05 18:35:58.887 V/PhoneStatusBar( 1711): setLightsOn(true)
06-05 18:35:58.904 V/PhoneStatusBar( 1711): setLightsOn(true)
06-05 18:35:58.922 D/EGL_emulation( 1696): eglMakeCurrent: 0xb4f85720: ver 2 0 (tinfo 0xb4f83530)
06-05 18:35:58.922 D/EGL_emulation( 1711): eglMakeCurrent: 0xa5b6bd80: ver 2 0 (tinfo 0xb1367140)
06-05 18:35:58.922 V/PhoneStatusBar( 1711): setLightsOn(true)
06-05 18:35:58.937 D/EGL_emulation( 1711): eglMakeCurrent: 0xa5b6bd80: ver 2 0 (tinfo 0xb1367140)
06-05 18:35:58.938 V/PhoneStatusBar( 1711): setLightsOn(true)
06-05 18:35:58.954 V/PhoneStatusBar( 1711): setLightsOn(true)
06-05 18:35:59.072 V/PhoneStatusBar( 1711): setLightsOn(true)
06-05 18:35:59.170 V/PhoneStatusBar( 1711): setLightsOn(true)
06-05 18:35:59.171 V/PhoneStatusBar( 1711): setLightsOn(true)
06-05 18:35:59.187 I/WindowManager( 1629): Destroying surface Surface(name=com.evancharlton.mileage/com.evancharlton.mileage.VehicleTypeListActivity) called by com.android.server.wm.WindowStateAnimator.destroySurface:2016 com.android.server.wm.WindowStateAnimator.destroySurfaceLocked:882 com.android.server.wm.WindowState.destroyOrSaveSurface:2100 com.android.server.wm.WindowManagerService.tryStartExitingAnimation:3024 com.android.server.wm.WindowManagerService.relayoutWindow:2904 com.android.server.wm.Session.relayout:224 android.view.IWindowSession$Stub.onTransact:286 com.android.server.wm.Session.onTransact:145 
06-05 18:35:59.188 V/PhoneStatusBar( 1711): setLightsOn(true)
06-05 18:35:59.189 V/PhoneStatusBar( 1711): setLightsOn(true)
06-05 18:35:59.408 I/LatinIME( 1696): Starting input. Cursor position = 15,15
06-05 18:35:59.462 W/IInputConnectionWrapper( 7735): finishComposingText on inactive InputConnection
06-05 18:35:59.462 W/IInputConnectionWrapper( 7735): finishComposingText on inactive InputConnection
06-05 18:35:59.465 V/PhoneStatusBar( 1711): setLightsOn(true)
06-05 18:35:59.473 V/PhoneStatusBar( 1711): setLightsOn(true)
06-05 18:35:59.488 D/gralloc_ranchu( 1346): gralloc_alloc: Creating ashmem region of size 49152
06-05 18:35:59.498 V/PhoneStatusBar( 1711): setLightsOn(true)
06-05 18:35:59.502 V/PhoneStatusBar( 1711): setLightsOn(true)
06-05 18:35:59.509 V/PhoneStatusBar( 1711): setLightsOn(true)
06-05 18:35:59.607 V/PhoneStatusBar( 1711): setLightsOn(true)
06-05 18:35:59.621 D/gralloc_ranchu( 1346): gralloc_alloc: Creating ashmem region of size 49152
06-05 18:35:59.929 I/System.out( 7735): URI: //
06-05 18:35:59.929 I/System.out( 7735): params: {json={"command":"set_selection","arguments":[-1,-1]}
06-05 18:35:59.929 I/System.out( 7735): }
06-05 18:35:59.929 I/System.out( 7735): header: {content-type=application/json;charset=utf-8, date=Fri, 05 Jun 2020 23:36:00 GMT, accept=*/*, host=127.0.0.1:34783, content-length=47, user-agent=HTTPClient/1.0 (2.8.3, ruby 2.5.1 (2018-03-29))}
06-05 18:35:59.929 I/System.out( 7735): params: {json={"command":"set_selection","arguments":[-1,-1]}
06-05 18:35:59.929 I/System.out( 7735): }
06-05 18:35:59.929 I/System.out( 7735): ProP json = {"command":"set_selection","arguments":[-1,-1]}
06-05 18:35:59.929 I/System.out( 7735): files: {}
06-05 18:35:59.929 I/System.out( 7735): command: {"command":"set_selection","arguments":[-1,-1]}
06-05 18:35:59.933 I/InstrumentationBackend( 7735): Got command:'Command:'Line:null,set_selection', arguments:'[-1, -1]'
06-05 18:35:59.944 I/System.out( 7735): result:{"bonusInformation":[],"message":"","success":true}
06-05 18:36:00.029 D/gralloc_ranchu( 1346): gralloc_alloc: Creating ashmem region of size 9023488
06-05 18:36:00.048 I/System.out( 7735): URI: //
06-05 18:36:00.048 I/System.out( 7735): params: {json={"command":"delete_surrounding_text","arguments":[-1,0]}
06-05 18:36:00.048 I/System.out( 7735): }
06-05 18:36:00.048 I/System.out( 7735): header: {content-type=application/json;charset=utf-8, date=Fri, 05 Jun 2020 23:36:00 GMT, accept=*/*, host=127.0.0.1:34783, content-length=56, user-agent=HTTPClient/1.0 (2.8.3, ruby 2.5.1 (2018-03-29))}
06-05 18:36:00.048 I/System.out( 7735): params: {json={"command":"delete_surrounding_text","arguments":[-1,0]}
06-05 18:36:00.048 I/System.out( 7735): }
06-05 18:36:00.048 I/System.out( 7735): ProP json = {"command":"delete_surrounding_text","arguments":[-1,0]}
06-05 18:36:00.048 I/System.out( 7735): files: {}
06-05 18:36:00.048 I/System.out( 7735): command: {"command":"delete_surrounding_text","arguments":[-1,0]}
06-05 18:36:00.050 I/InstrumentationBackend( 7735): Got command:'Command:'Line:null,delete_surrounding_text', arguments:'[-1, 0]'
06-05 18:36:00.064 E/SpannableStringBuilder( 7735): SPAN_EXCLUSIVE_EXCLUSIVE spans cannot have a zero length
06-05 18:36:00.064 E/SpannableStringBuilder( 7735): SPAN_EXCLUSIVE_EXCLUSIVE spans cannot have a zero length
06-05 18:36:00.069 I/System.out( 7735): result:{"bonusInformation":[],"message":"","success":true}
06-05 18:36:00.070 V/PhoneStatusBar( 1711): setLightsOn(true)
06-05 18:36:00.072 I/System.out( 7735): URI: //map
06-05 18:36:00.072 I/System.out( 7735): params: {json={"query":"android.widget.EditText index:1","operation":{"method_name":"query","arguments":[]}}
06-05 18:36:00.072 I/System.out( 7735): }
06-05 18:36:00.132 I/System.out( 7735): URI: //gesture
06-05 18:36:00.132 I/System.out( 7735): params: {json={"query_timeout":5.0,"gestures":[{"query_string":"android.widget.EditText index:1","touches":[{"x":50,"y":50,"offset_x":0,"offset_y":0,"wait":0.0,"time":0.2,"release":true,"query_string":null}]}]}
06-05 18:36:00.132 I/System.out( 7735): }
06-05 18:36:00.246 I/WindowManager( 1629): Destroying surface Surface(name=PopupWindow:bad4ac6) called by com.android.server.wm.WindowStateAnimator.destroySurface:2016 com.android.server.wm.WindowStateAnimator.destroySurfaceLocked:882 com.android.server.wm.WindowState.destroyOrSaveSurface:2100 com.android.server.wm.AppWindowToken.destroySurfaces:363 com.android.server.wm.WindowStateAnimator.finishExit:565 com.android.server.wm.WindowStateAnimator.stepAnimationLocked:491 com.android.server.wm.WindowAnimator.updateWindowsLocked:303 com.android.server.wm.WindowAnimator.animateLocked:704 
06-05 18:36:00.247 V/PhoneStatusBar( 1711): setLightsOn(true)
06-05 18:36:00.271 V/PhoneStatusBar( 1711): setLightsOn(true)
06-05 18:36:01.008 I/System.out( 7735): URI: //
06-05 18:36:01.009 I/System.out( 7735): params: {json={"command":"set_selection","arguments":[-1,-1]}
06-05 18:36:01.009 I/System.out( 7735): }
06-05 18:36:01.009 I/System.out( 7735): header: {content-type=application/json;charset=utf-8, date=Fri, 05 Jun 2020 23:36:01 GMT, accept=*/*, host=127.0.0.1:34783, content-length=47, user-agent=HTTPClient/1.0 (2.8.3, ruby 2.5.1 (2018-03-29))}
06-05 18:36:01.009 I/System.out( 7735): params: {json={"command":"set_selection","arguments":[-1,-1]}
06-05 18:36:01.009 I/System.out( 7735): }
06-05 18:36:01.009 I/System.out( 7735): ProP json = {"command":"set_selection","arguments":[-1,-1]}
06-05 18:36:01.009 I/System.out( 7735): files: {}
06-05 18:36:01.009 I/System.out( 7735): command: {"command":"set_selection","arguments":[-1,-1]}
06-05 18:36:01.013 I/InstrumentationBackend( 7735): Got command:'Command:'Line:null,set_selection', arguments:'[-1, -1]'
06-05 18:36:01.022 I/System.out( 7735): result:{"bonusInformation":[],"message":"","success":true}
06-05 18:36:01.059 I/System.out( 7735): URI: //
06-05 18:36:01.059 I/System.out( 7735): params: {json={"command":"keyboard_enter_text","arguments":["5 Passengers"]}
06-05 18:36:01.059 I/System.out( 7735): }
06-05 18:36:01.059 I/System.out( 7735): header: {content-type=application/json;charset=utf-8, date=Fri, 05 Jun 2020 23:36:01 GMT, accept=*/*, host=127.0.0.1:34783, content-length=62, user-agent=HTTPClient/1.0 (2.8.3, ruby 2.5.1 (2018-03-29))}
06-05 18:36:01.059 I/System.out( 7735): params: {json={"command":"keyboard_enter_text","arguments":["5 Passengers"]}
06-05 18:36:01.059 I/System.out( 7735): }
06-05 18:36:01.059 I/System.out( 7735): ProP json = {"command":"keyboard_enter_text","arguments":["5 Passengers"]}
06-05 18:36:01.059 I/System.out( 7735): files: {}
06-05 18:36:01.059 I/System.out( 7735): command: {"command":"keyboard_enter_text","arguments":["5 Passengers"]}
06-05 18:36:01.062 I/InstrumentationBackend( 7735): Got command:'Command:'Line:null,keyboard_enter_text', arguments:'[5 Passengers]'
06-05 18:36:01.062 E/SpannableStringBuilder( 7735): SPAN_EXCLUSIVE_EXCLUSIVE spans cannot have a zero length
06-05 18:36:01.063 E/SpannableStringBuilder( 7735): SPAN_EXCLUSIVE_EXCLUSIVE spans cannot have a zero length
06-05 18:36:01.071 I/LatinIME:LogUtils( 1696): Dictionary info: dictionary = spellcheck_userunigram.en_US ; version = 1591400161 ; date = ?
06-05 18:36:01.080 E/SpannableStringBuilder( 7735): SPAN_EXCLUSIVE_EXCLUSIVE spans cannot have a zero length
06-05 18:36:01.080 E/SpannableStringBuilder( 7735): SPAN_EXCLUSIVE_EXCLUSIVE spans cannot have a zero length
06-05 18:36:01.081 I/LatinIME:LogUtils( 1696): Dictionary info: dictionary = main:en ; version = 54 ; date = 1414726273
06-05 18:36:01.085 I/System.out( 7735): result:{"bonusInformation":[],"message":"","success":true}
06-05 18:36:01.090 I/System.out( 7735): URI: //
