--------- beginning of main
06-06 00:57:16.585 D/gralloc_ranchu( 1347): gralloc_alloc: Creating ashmem region of size 3145728
06-06 00:57:16.592 E/EGL_emulation( 1347): tid 1347: eglCreateSyncKHR(1901): error 0x3004 (EGL_BAD_ATTRIBUTE)
--------- beginning of system
06-06 00:57:16.608 W/ActivityManager( 1631): Finishing task with all activities already finished
06-06 00:57:16.608 W/ActivityManager( 1631): Duplicate finish request for ActivityRecord{fac9f46 u0 com.evancharlton.mileage/.Mileage t10805 f}
06-06 00:57:16.609 D/EGL_emulation( 1712): eglMakeCurrent: 0xb0685360: ver 2 0 (tinfo 0xb06836c0)
06-06 00:57:16.625 D/EGL_emulation( 1712): eglMakeCurrent: 0xb0685360: ver 2 0 (tinfo 0xb06836c0)
06-06 00:57:16.635 D/EGL_emulation( 2076): eglMakeCurrent: 0xb0685360: ver 2 0 (tinfo 0xb06836b0)
06-06 00:57:16.636 D/EGL_emulation( 1712): eglMakeCurrent: 0xb0685360: ver 2 0 (tinfo 0xb06836c0)
06-06 00:57:16.650 D/EGL_emulation( 1712): eglMakeCurrent: 0xb0685360: ver 2 0 (tinfo 0xb06836c0)
06-06 00:57:16.653 D/EGL_emulation( 1712): eglMakeCurrent: 0xb0685360: ver 2 0 (tinfo 0xb06836c0)
06-06 00:57:16.667 D/EGL_emulation( 1712): eglMakeCurrent: 0xb0685360: ver 2 0 (tinfo 0xb06836c0)
06-06 00:57:16.669 D/EGL_emulation( 1712): eglMakeCurrent: 0xb0685360: ver 2 0 (tinfo 0xb06836c0)
06-06 00:57:16.684 D/EGL_emulation( 1712): eglMakeCurrent: 0xb0685360: ver 2 0 (tinfo 0xb06836c0)
06-06 00:57:16.686 D/EGL_emulation( 1712): eglMakeCurrent: 0xb0685360: ver 2 0 (tinfo 0xb06836c0)
06-06 00:57:16.700 D/EGL_emulation( 1712): eglMakeCurrent: 0xb0685360: ver 2 0 (tinfo 0xb06836c0)
06-06 00:57:16.702 D/EGL_emulation( 1712): eglMakeCurrent: 0xb0685360: ver 2 0 (tinfo 0xb06836c0)
06-06 00:57:16.717 D/EGL_emulation( 1712): eglMakeCurrent: 0xb0685360: ver 2 0 (tinfo 0xb06836c0)
06-06 00:57:16.719 D/EGL_emulation( 1712): eglMakeCurrent: 0xb0685360: ver 2 0 (tinfo 0xb06836c0)
06-06 00:57:16.734 D/EGL_emulation( 1712): eglMakeCurrent: 0xb0685360: ver 2 0 (tinfo 0xb06836c0)
06-06 00:57:16.738 D/EGL_emulation( 1712): eglMakeCurrent: 0xb0685360: ver 2 0 (tinfo 0xb06836c0)
06-06 00:57:16.750 D/EGL_emulation( 1712): eglMakeCurrent: 0xb0685360: ver 2 0 (tinfo 0xb06836c0)
06-06 00:57:16.752 D/EGL_emulation( 1712): eglMakeCurrent: 0xb0685360: ver 2 0 (tinfo 0xb06836c0)
06-06 00:57:16.767 D/EGL_emulation( 1712): eglMakeCurrent: 0xb0685360: ver 2 0 (tinfo 0xb06836c0)
06-06 00:57:16.770 D/EGL_emulation( 1712): eglMakeCurrent: 0xb0685360: ver 2 0 (tinfo 0xb06836c0)
06-06 00:57:16.774 D/AndroidRuntime(20549): >>>>>> START com.android.internal.os.RuntimeInit uid 2000 <<<<<<
06-06 00:57:16.775 D/AndroidRuntime(20549): CheckJNI is ON
06-06 00:57:16.783 D/EGL_emulation( 1712): eglMakeCurrent: 0xb0685360: ver 2 0 (tinfo 0xb06836c0)
06-06 00:57:16.789 D/EGL_emulation( 1712): eglMakeCurrent: 0xb0685360: ver 2 0 (tinfo 0xb06836c0)
06-06 00:57:16.790 W/art     (20549): Unexpected CPU variant for X86 using defaults: x86
06-06 00:57:16.793 D/ICU     (20549): No timezone override file found: /data/misc/zoneinfo/current/icu/icu_tzdata.dat
06-06 00:57:16.800 D/EGL_emulation( 1712): eglMakeCurrent: 0xb0685360: ver 2 0 (tinfo 0xb06836c0)
06-06 00:57:16.801 E/memtrack(20549): Couldn't load memtrack module (No such file or directory)
06-06 00:57:16.801 E/android.os.Debug(20549): failed to load memtrack module: -2
06-06 00:57:16.802 I/Radio-JNI(20549): register_android_hardware_Radio DONE
06-06 00:57:16.802 D/EGL_emulation( 1712): eglMakeCurrent: 0xb0685360: ver 2 0 (tinfo 0xb06836c0)
06-06 00:57:16.807 D/AndroidRuntime(20549): Calling main entry com.android.commands.am.Am
06-06 00:57:16.808 I/ActivityManager( 1631): Force stopping com.evancharlton.mileage appid=10374 user=0: start instr
06-06 00:57:16.809 I/ActivityManager( 1631): Killing 20504:com.evancharlton.mileage/u0a374 (adj 0): stop com.evancharlton.mileage
06-06 00:57:16.809 D/ActivityManager( 1631): cleanUpApplicationRecord -- 20504
06-06 00:57:16.811 W/ActivityManager( 1631): Crash of app com.evancharlton.mileage running instrumentation ComponentInfo{com.evancharlton.mileage.test/sh.calaba.instrumentationbackend.CalabashInstrumentationTestRunner}
06-06 00:57:16.811 I/ActivityManager( 1631): Force stopping com.evancharlton.mileage appid=10374 user=0: finished inst
06-06 00:57:16.815 I/art     (20559): Not late-enabling -Xcheck:jni (already on)
06-06 00:57:16.815 W/art     (20559): Unexpected CPU variant for X86 using defaults: x86
06-06 00:57:16.817 D/EGL_emulation( 1712): eglMakeCurrent: 0xb0685360: ver 2 0 (tinfo 0xb06836c0)
06-06 00:57:16.823 I/ActivityManager( 1631): Start proc 20559:com.evancharlton.mileage/u0a374 for added application com.evancharlton.mileage
06-06 00:57:16.823 D/AndroidRuntime(20549): Shutting down VM
06-06 00:57:16.828 W/System  (20559): ClassLoader referenced unknown path: /data/app/com.evancharlton.mileage.test-1/lib/x86
06-06 00:57:16.828 W/System  (20559): ClassLoader referenced unknown path: /data/app/com.evancharlton.mileage-1/lib/x86
06-06 00:57:16.831 W/System  (20559): ClassLoader referenced unknown path: 
06-06 00:57:16.833 D/EGL_emulation( 1712): eglMakeCurrent: 0xb0685360: ver 2 0 (tinfo 0xb06836c0)
06-06 00:57:16.836 D/EGL_emulation( 1712): eglMakeCurrent: 0xb0685360: ver 2 0 (tinfo 0xb06836c0)
06-06 00:57:16.836 I/System.out(20559): Main activity name automatically set to: com.evancharlton.mileage.Mileage
06-06 00:57:16.837 I/System.out(20559): Calabash did not load Mono. This is only a problem if you are trying to test a Mono application
06-06 00:57:16.837 I/calabash(20559): Test server port: 7102
06-06 00:57:16.838 I/InstrumentationBackend(20559): Added:'GetPreferences', with key:'get_preferences'
06-06 00:57:16.842 I/InstrumentationBackend(20559): Added:'SetPreferences', with key:'set_preferences'
06-06 00:57:16.842 I/InstrumentationBackend(20559): Added:'ClearPreferences', with key:'clear_preferences'
06-06 00:57:16.842 I/InstrumentationBackend(20559): Added:'PressElement', with key:'press_l10n_element'
06-06 00:57:16.842 I/InstrumentationBackend(20559): Added:'WaitForElement', with key:'wait_for_l10n_element'
06-06 00:57:16.842 I/InstrumentationBackend(20559): Added:'NullAction', with key:'nullAction'
06-06 00:57:16.842 I/InstrumentationBackend(20559): Added:'PressKey', with key:'press_key'
06-06 00:57:16.843 I/InstrumentationBackend(20559): Added:'SetActivityOrientation', with key:'set_activity_orientation'
06-06 00:57:16.843 I/InstrumentationBackend(20559): Added:'GetActivityOrientation', with key:'get_activity_orientation'
06-06 00:57:16.843 I/InstrumentationBackend(20559): Added:'FakeGPSLocation', with key:'set_gps_coordinates'
06-06 00:57:16.843 I/InstrumentationBackend(20559): Added:'SetPropertyByCssSelector', with key:'set_property_by_css_selector'
06-06 00:57:16.843 I/InstrumentationBackend(20559): Added:'GetUrl', with key:'get_url'
06-06 00:57:16.843 I/InstrumentationBackend(20559): Added:'ScrollTo', with key:'scroll_to'
06-06 00:57:16.843 I/InstrumentationBackend(20559): Added:'GetLoadProgress', with key:'get_load_progress'
06-06 00:57:16.843 I/WindowManager( 1631): WIN DEATH: Window{655eb82 u0 com.evancharlton.mileage/com.evancharlton.mileage.Mileage EXITING}
06-06 00:57:16.843 I/InstrumentationBackend(20559): Added:'DumpHtml', with key:'dump_html'
06-06 00:57:16.844 I/InstrumentationBackend(20559): Added:'DumpBodyHtml', with key:'dump_body_html'
06-06 00:57:16.844 I/InstrumentationBackend(20559): Added:'EnterTextByCssSelector', with key:'enter_text_by_selector'
06-06 00:57:16.844 I/InstrumentationBackend(20559): Added:'AndroidSDKVersion', with key:'android_sdk_version'
06-06 00:57:16.844 I/InstrumentationBackend(20559): Added:'Version', with key:'version'
06-06 00:57:16.844 I/InstrumentationBackend(20559): Added:'Drag', with key:'drag'
06-06 00:57:16.844 I/InstrumentationBackend(20559): Added:'TouchCoordinates', with key:'touch_coordinate'
06-06 00:57:16.844 I/InstrumentationBackend(20559): Added:'LongPressCoordinate', with key:'long_press_coordinate'
06-06 00:57:16.844 I/InstrumentationBackend(20559): Added:'DragCoordinates', with key:'drag_coordinates'
06-06 00:57:16.844 I/InstrumentationBackend(20559): Added:'ResumeApplication', with key:'resume_application'
06-06 00:57:16.844 I/InstrumentationBackend(20559): Added:'Swipe', with key:'swipe'
06-06 00:57:16.844 I/InstrumentationBackend(20559): Added:'DoubleTapCoordinate', with key:'double_tap_coordinate'
06-06 00:57:16.844 I/InstrumentationBackend(20559): Added:'ClickOnScreen', with key:'click_on_screen'
06-06 00:57:16.844 I/InstrumentationBackend(20559): Added:'GetActivityName', with key:'get_activity_name'
06-06 00:57:16.844 I/InstrumentationBackend(20559): Added:'ScrollToView', with key:'scroll_to_view'
06-06 00:57:16.845 I/InstrumentationBackend(20559): Added:'ViewConfiguration', with key:'view_configuration'
06-06 00:57:16.845 W/InputDispatcher( 1631): channel '8725bfc AtchDlg:com.evancharlton.mileage/com.evancharlton.mileage.FillupActivity (server)' ~ Consumer closed input channel or an error occurred.  events=0x9
06-06 00:57:16.845 E/InputDispatcher( 1631): channel '8725bfc AtchDlg:com.evancharlton.mileage/com.evancharlton.mileage.FillupActivity (server)' ~ Channel is unrecoverably broken and will be disposed!
06-06 00:57:16.845 I/InstrumentationBackend(20559): Added:'IsCurrentActivityFocused', with key:'is_current_activity_focused'
06-06 00:57:16.845 I/InstrumentationBackend(20559): Added:'SendTcp', with key:'send_tcp'
06-06 00:57:16.845 I/InstrumentationBackend(20559): Added:'DpToDevicePixel', with key:'dp_to_device_pixel'
06-06 00:57:16.845 I/InstrumentationBackend(20559): Added:'KeyboardEnterText', with key:'keyboard_enter_text'
06-06 00:57:16.845 I/InstrumentationBackend(20559): Added:'DeleteSurroundingText', with key:'delete_surrounding_text'
06-06 00:57:16.845 I/InstrumentationBackend(20559): Added:'SetComposingRegion', with key:'set_composing_region'
06-06 00:57:16.845 I/InstrumentationBackend(20559): Added:'SetSelection', with key:'set_selection'
06-06 00:57:16.845 I/InstrumentationBackend(20559): Added:'KeyboardKeyEvent', with key:'keyboard_key_event'
06-06 00:57:16.845 I/WindowManager( 1631): WIN DEATH: Window{8725bfc u0 AtchDlg:com.evancharlton.mileage/com.evancharlton.mileage.FillupActivity}
06-06 00:57:16.845 W/InputDispatcher( 1631): Attempted to unregister already unregistered input channel '8725bfc AtchDlg:com.evancharlton.mileage/com.evancharlton.mileage.FillupActivity (server)'
06-06 00:57:16.845 I/WindowManager( 1631): Destroying surface Surface(name=AtchDlg:com.evancharlton.mileage/com.evancharlton.mileage.FillupActivity) called by com.android.server.wm.WindowStateAnimator.destroySurface:2016 com.android.server.wm.WindowStateAnimator.destroySurfaceLocked:882 com.android.server.wm.WindowState.removeLocked:1456 com.android.server.wm.WindowManagerService.removeWindowInnerLocked:2484 com.android.server.wm.WindowManagerService.removeWindowLocked:2442 com.android.server.wm.WindowState$DeathRecipient.binderDied:1787 android.os.BinderProxy.sendDeathNotice:688 <bottom of call stack> 
06-06 00:57:16.847 I/InstrumentationBackend(20559): Added:'PressUserActionButton', with key:'press_user_action_button'
06-06 00:57:16.848 I/InstrumentationBackend(20559): Added:'HideSoftKeyboard', with key:'hide_soft_keyboard'
06-06 00:57:16.848 I/InstrumentationBackend(20559): Added:'ListActions', with key:'list_actions'
06-06 00:57:16.848 I/calabash(20559): Instantiating http server at 7102
06-06 00:57:16.848 I/System.out(20559): HTTP Daemon listening on: 7102
06-06 00:57:16.933 I/System.out(20559): URI: //ping
06-06 00:57:16.933 I/System.out(20559): params: {json={}
06-06 00:57:16.933 I/System.out(20559): }
06-06 00:57:16.937 I/System.out(20559): URI: //ping
06-06 00:57:16.938 I/System.out(20559): params: {json={}
06-06 00:57:16.938 I/System.out(20559): }
06-06 00:57:16.939 I/System.out(20559): URI: //ready
06-06 00:57:16.940 I/System.out(20559): params: {json={}
06-06 00:57:16.940 I/System.out(20559): }
06-06 00:57:16.943 I/System.out(20559): URI: //
06-06 00:57:16.944 I/System.out(20559): params: {json={"command":"version","arguments":[]}
06-06 00:57:16.944 I/System.out(20559): }
06-06 00:57:16.944 I/System.out(20559): header: {content-type=application/json;charset=utf-8, date=Sat, 06 Jun 2020 05:57:17 GMT, accept=*/*, host=127.0.0.1:34777, content-length=36, user-agent=HTTPClient/1.0 (2.8.3, ruby 2.5.1 (2018-03-29))}
06-06 00:57:16.944 I/System.out(20559): params: {json={"command":"version","arguments":[]}
06-06 00:57:16.944 I/System.out(20559): }
06-06 00:57:16.944 I/System.out(20559): ProP json = {"command":"version","arguments":[]}
06-06 00:57:16.944 I/System.out(20559): files: {}
06-06 00:57:16.944 I/System.out(20559): command: {"command":"version","arguments":[]}
06-06 00:57:16.948 I/InstrumentationBackend(20559): Got command:'Command:'Line:null,version', arguments:'[]'
06-06 00:57:16.956 I/System.out(20559): result:{"bonusInformation":[],"message":"0.9.8","success":true}
06-06 00:57:16.958 I/System.out(20559): URI: //start-application
06-06 00:57:16.958 I/System.out(20559): params: {json={"intent":null}
06-06 00:57:16.958 I/System.out(20559): }
06-06 00:57:16.967 I/ActivityManager( 1631): START u0 {act=android.intent.action.MAIN cat=[android.intent.category.LAUNCHER] flg=0x10200000 cmp=com.evancharlton.mileage/.Mileage} from uid 10374 on display 0
06-06 00:57:16.974 I/calabash(20559): newActivity1
06-06 00:57:16.985 I/calabash(20559): newActivity1
06-06 00:57:16.986 W/ActivityManager( 1631): Bad activity token: android.os.BinderProxy@45e64c4
06-06 00:57:16.986 W/ActivityManager( 1631): java.lang.ClassCastException: android.os.BinderProxy cannot be cast to com.android.server.am.ActivityRecord$Token
06-06 00:57:16.986 W/ActivityManager( 1631): 	at com.android.server.am.ActivityRecord.forTokenLocked(ActivityRecord.java:586)
06-06 00:57:16.986 W/ActivityManager( 1631): 	at com.android.server.am.ActivityRecord.isInStackLocked(ActivityRecord.java:1327)
06-06 00:57:16.986 W/ActivityManager( 1631): 	at com.android.server.am.ActivityRecord.getStackLocked(ActivityRecord.java:1332)
06-06 00:57:16.986 W/ActivityManager( 1631): 	at com.android.server.am.ActivityManagerService.getActivityDisplayId(ActivityManagerService.java:9806)
06-06 00:57:16.986 W/ActivityManager( 1631): 	at android.app.ActivityManagerNative.onTransact(ActivityManagerNative.java:2566)
06-06 00:57:16.986 W/ActivityManager( 1631): 	at com.android.server.am.ActivityManagerService.onTransact(ActivityManagerService.java:2757)
06-06 00:57:16.986 W/ActivityManager( 1631): 	at android.os.Binder.execTransact(Binder.java:565)
06-06 00:57:16.987 W/ActivityManager( 1631): Bad activity token: android.os.BinderProxy@45e64c4
06-06 00:57:16.987 W/ActivityManager( 1631): java.lang.ClassCastException: android.os.BinderProxy cannot be cast to com.android.server.am.ActivityRecord$Token
06-06 00:57:16.987 W/ActivityManager( 1631): 	at com.android.server.am.ActivityRecord.forTokenLocked(ActivityRecord.java:586)
06-06 00:57:16.987 W/ActivityManager( 1631): 	at com.android.server.am.ActivityRecord.isInStackLocked(ActivityRecord.java:1327)
06-06 00:57:16.987 W/ActivityManager( 1631): 	at com.android.server.am.ActivityManagerService.setTaskDescription(ActivityManagerService.java:9358)
06-06 00:57:16.987 W/ActivityManager( 1631): 	at android.app.ActivityManagerNative.onTransact(ActivityManagerNative.java:2639)
06-06 00:57:16.987 W/ActivityManager( 1631): 	at com.android.server.am.ActivityManagerService.onTransact(ActivityManagerService.java:2757)
06-06 00:57:16.987 W/ActivityManager( 1631): 	at android.os.Binder.execTransact(Binder.java:565)
06-06 00:57:16.988 W/ActivityManager( 1631): Bad activity token: android.os.BinderProxy@45e64c4
06-06 00:57:16.988 W/ActivityManager( 1631): java.lang.ClassCastException: android.os.BinderProxy cannot be cast to com.android.server.am.ActivityRecord$Token
06-06 00:57:16.988 W/ActivityManager( 1631): 	at com.android.server.am.ActivityRecord.forTokenLocked(ActivityRecord.java:586)
06-06 00:57:16.988 W/ActivityManager( 1631): 	at com.android.server.am.ActivityRecord.isInStackLocked(ActivityRecord.java:1327)
06-06 00:57:16.988 W/ActivityManager( 1631): 	at com.android.server.am.ActivityRecord.getStackLocked(ActivityRecord.java:1332)
06-06 00:57:16.988 W/ActivityManager( 1631): 	at com.android.server.am.ActivityManagerService.getActivityStackId(ActivityManagerService.java:9817)
06-06 00:57:16.988 W/ActivityManager( 1631): 	at android.app.ActivityManagerNative.onTransact(ActivityManagerNative.java:2856)
06-06 00:57:16.988 W/ActivityManager( 1631): 	at com.android.server.am.ActivityManagerService.onTransact(ActivityManagerService.java:2757)
06-06 00:57:16.988 W/ActivityManager( 1631): 	at android.os.Binder.execTransact(Binder.java:565)
06-06 00:57:17.000 D/gralloc_ranchu( 1347): gralloc_alloc: Creating ashmem region of size 9023488
06-06 00:57:17.004 W/ActivityManager( 1631): Bad activity token: android.os.BinderProxy@45e64c4
06-06 00:57:17.004 W/ActivityManager( 1631): java.lang.ClassCastException: android.os.BinderProxy cannot be cast to com.android.server.am.ActivityRecord$Token
06-06 00:57:17.004 W/ActivityManager( 1631): 	at com.android.server.am.ActivityRecord.forTokenLocked(ActivityRecord.java:586)
06-06 00:57:17.004 W/ActivityManager( 1631): 	at com.android.server.am.ActivityRecord.isInStackLocked(ActivityRecord.java:1327)
06-06 00:57:17.004 W/ActivityManager( 1631): 	at com.android.server.am.ActivityManagerService.getActivityOptions(ActivityManagerService.java:12559)
06-06 00:57:17.004 W/ActivityManager( 1631): 	at android.app.ActivityManagerNative.onTransact(ActivityManagerNative.java:1933)
06-06 00:57:17.004 W/ActivityManager( 1631): 	at com.android.server.am.ActivityManagerService.onTransact(ActivityManagerService.java:2757)
06-06 00:57:17.004 W/ActivityManager( 1631): 	at android.os.Binder.execTransact(Binder.java:565)
06-06 00:57:17.004 W/ActivityManager( 1631): Bad activity token: android.os.BinderProxy@45e64c4
06-06 00:57:17.004 W/ActivityManager( 1631): java.lang.ClassCastException: android.os.BinderProxy cannot be cast to com.android.server.am.ActivityRecord$Token
06-06 00:57:17.004 W/ActivityManager( 1631): 	at com.android.server.am.ActivityRecord.forTokenLocked(ActivityRecord.java:586)
06-06 00:57:17.004 W/ActivityManager( 1631): 	at com.android.server.am.ActivityRecord.isInStackLocked(ActivityRecord.java:1327)
06-06 00:57:17.004 W/ActivityManager( 1631): 	at com.android.server.am.ActivityManagerService.getActivityOptions(ActivityManagerService.java:12559)
06-06 00:57:17.004 W/ActivityManager( 1631): 	at android.app.ActivityManagerNative.onTransact(ActivityManagerNative.java:1933)
06-06 00:57:17.004 W/ActivityManager( 1631): 	at com.android.server.am.ActivityManagerService.onTransact(ActivityManagerService.java:2757)
06-06 00:57:17.004 W/ActivityManager( 1631): 	at android.os.Binder.execTransact(Binder.java:565)
06-06 00:57:17.037 V/PhoneStatusBar( 1712): setLightsOn(true)
06-06 00:57:17.050 D/EGL_emulation( 1712): eglMakeCurrent: 0xb0685360: ver 2 0 (tinfo 0xb06836c0)
06-06 00:57:17.050 V/PhoneStatusBar( 1712): setLightsOn(true)
06-06 00:57:17.052 I/WindowManager( 1631): Destroying surface Surface(name=com.evancharlton.mileage/com.evancharlton.mileage.Mileage) called by com.android.server.wm.WindowStateAnimator.destroySurface:2016 com.android.server.wm.WindowStateAnimator.destroySurfaceLocked:882 com.android.server.wm.WindowState.destroyOrSaveSurface:2100 com.android.server.wm.AppWindowToken.destroySurfaces:363 com.android.server.wm.WindowStateAnimator.finishExit:565 com.android.server.wm.WindowStateAnimator.stepAnimationLocked:491 com.android.server.wm.WindowAnimator.updateWindowsLocked:303 com.android.server.wm.WindowAnimator.animateLocked:704 
06-06 00:57:17.054 D/gralloc_ranchu( 1347): gralloc_alloc: Creating ashmem region of size 9023488
06-06 00:57:17.056 V/PhoneStatusBar( 1712): setLightsOn(true)
06-06 00:57:17.058 V/PhoneStatusBar( 1712): setLightsOn(true)
06-06 00:57:17.061 D/        (20559): HostConnection::get() New Host Connection established 0x942c9200, tid 20559
06-06 00:57:17.101 D/EGL_emulation( 2076): eglMakeCurrent: 0xb0685360: ver 2 0 (tinfo 0xb06836b0)
06-06 00:57:17.101 D/EGL_emulation( 1712): eglMakeCurrent: 0xb0685360: ver 2 0 (tinfo 0xb06836c0)
06-06 00:57:17.105 D/EGL_emulation( 1712): eglMakeCurrent: 0xb0685360: ver 2 0 (tinfo 0xb06836c0)
06-06 00:57:17.106 D/EGL_emulation( 1712): eglMakeCurrent: 0xb0685360: ver 2 0 (tinfo 0xb06836c0)
06-06 00:57:17.108 D/EGL_emulation( 1712): eglMakeCurrent: 0xb0685360: ver 2 0 (tinfo 0xb06836c0)
06-06 00:57:17.120 D/EGL_emulation( 1712): eglMakeCurrent: 0xb0685360: ver 2 0 (tinfo 0xb06836c0)
06-06 00:57:17.121 D/EGL_emulation( 1712): eglMakeCurrent: 0xb0685360: ver 2 0 (tinfo 0xb06836c0)
06-06 00:57:17.122 V/PhoneStatusBar( 1712): setLightsOn(true)
06-06 00:57:17.133 D/EGL_emulation( 1712): eglMakeCurrent: 0xb0685360: ver 2 0 (tinfo 0xb06836c0)
06-06 00:57:17.135 D/EGL_emulation( 1712): eglMakeCurrent: 0xb0685360: ver 2 0 (tinfo 0xb06836c0)
06-06 00:57:17.150 D/gralloc_ranchu( 1347): gralloc_alloc: Creating ashmem region of size 9023488
06-06 00:57:17.150 D/EGL_emulation( 1712): eglMakeCurrent: 0xb0685360: ver 2 0 (tinfo 0xb06836c0)
06-06 00:57:17.150 I/ActivityManager( 1631): Displayed com.evancharlton.mileage/.Mileage: +178ms
06-06 00:57:17.166 D/EGL_emulation( 1712): eglMakeCurrent: 0xb0685360: ver 2 0 (tinfo 0xb06836c0)
06-06 00:57:17.167 V/PhoneStatusBar( 1712): setLightsOn(true)
06-06 00:57:17.168 D/EGL_emulation( 1712): eglMakeCurrent: 0xb0685360: ver 2 0 (tinfo 0xb06836c0)
06-06 00:57:17.171 D/EGL_emulation( 1712): eglMakeCurrent: 0xb0685360: ver 2 0 (tinfo 0xb06836c0)
06-06 00:57:17.183 D/EGL_emulation( 1712): eglMakeCurrent: 0xb0685360: ver 2 0 (tinfo 0xb06836c0)
06-06 00:57:17.186 D/EGL_emulation( 1712): eglMakeCurrent: 0xb0685360: ver 2 0 (tinfo 0xb06836c0)
06-06 00:57:17.186 V/PhoneStatusBar( 1712): setLightsOn(true)
06-06 00:57:17.200 D/EGL_emulation( 1712): eglMakeCurrent: 0xb0685360: ver 2 0 (tinfo 0xb06836c0)
06-06 00:57:17.203 D/EGL_emulation( 1712): eglMakeCurrent: 0xb0685360: ver 2 0 (tinfo 0xb06836c0)
06-06 00:57:17.207 I/System.out(20559): URI: //map
06-06 00:57:17.207 I/System.out(20559): params: {json={"query":"* {text CONTAINS[c] 'Fillup information'}","operation":{"method_name":"query","arguments":[]}}
06-06 00:57:17.207 I/System.out(20559): }
06-06 00:57:17.217 D/EGL_emulation( 1712): eglMakeCurrent: 0xb0685360: ver 2 0 (tinfo 0xb06836c0)
06-06 00:57:17.220 D/EGL_emulation( 1712): eglMakeCurrent: 0xb0685360: ver 2 0 (tinfo 0xb06836c0)
06-06 00:57:17.233 D/EGL_emulation( 1712): eglMakeCurrent: 0xb0685360: ver 2 0 (tinfo 0xb06836c0)
06-06 00:57:17.235 D/EGL_emulation( 1712): eglMakeCurrent: 0xb0685360: ver 2 0 (tinfo 0xb06836c0)
06-06 00:57:17.250 D/EGL_emulation( 1712): eglMakeCurrent: 0xb0685360: ver 2 0 (tinfo 0xb06836c0)
06-06 00:57:17.252 D/EGL_emulation( 1712): eglMakeCurrent: 0xb0685360: ver 2 0 (tinfo 0xb06836c0)
06-06 00:57:17.267 D/EGL_emulation( 1712): eglMakeCurrent: 0xb0685360: ver 2 0 (tinfo 0xb06836c0)
06-06 00:57:17.269 D/EGL_emulation( 1712): eglMakeCurrent: 0xb0685360: ver 2 0 (tinfo 0xb06836c0)
06-06 00:57:17.283 D/EGL_emulation( 1712): eglMakeCurrent: 0xb0685360: ver 2 0 (tinfo 0xb06836c0)
06-06 00:57:17.350 I/WindowManager( 1631): Destroying surface Surface(name=Starting com.evancharlton.mileage) called by com.android.server.wm.WindowStateAnimator.destroySurface:2016 com.android.server.wm.WindowStateAnimator.destroySurfaceLocked:882 com.android.server.wm.WindowState.destroyOrSaveSurface:2100 com.android.server.wm.AppWindowToken.destroySurfaces:363 com.android.server.wm.WindowStateAnimator.finishExit:565 com.android.server.wm.WindowStateAnimator.stepAnimationLocked:491 com.android.server.wm.WindowAnimator.updateWindowsLocked:303 com.android.server.wm.WindowAnimator.animateLocked:704 
06-06 00:57:17.351 V/PhoneStatusBar( 1712): setLightsOn(true)
06-06 00:57:17.383 V/PhoneStatusBar( 1712): setLightsOn(true)
06-06 00:57:17.533 V/PhoneStatusBar( 1712): setLightsOn(true)
06-06 00:57:17.817 V/PhoneStatusBar( 1712): setLightsOn(true)
06-06 00:57:17.820 V/PhoneStatusBar( 1712): setLightsOn(true)
06-06 00:57:17.823 W/OpenGLRenderer( 2076): Incorrectly called buildLayer on View: ShortcutAndWidgetContainer, destroying layer...
06-06 00:57:17.835 V/PhoneStatusBar( 1712): setLightsOn(true)
06-06 00:57:17.837 I/WindowManager( 1631): Destroying surface Surface(name=com.android.launcher3/com.android.launcher3.Launcher) called by com.android.server.wm.WindowStateAnimator.destroySurface:2016 com.android.server.wm.WindowStateAnimator.destroySurfaceLocked:882 com.android.server.wm.WindowState.destroyOrSaveSurface:2100 com.android.server.wm.AppWindowToken.destroySurfaces:363 com.android.server.wm.AppWindowToken.notifyAppStopped:389 com.android.server.wm.WindowManagerService.notifyAppStopped:4463 com.android.server.am.ActivityStack.activityStoppedLocked:1252 com.android.server.am.ActivityManagerService.activityStopped:6903 
06-06 00:57:18.243 I/System.out(20559): URI: //
06-06 00:57:18.244 I/System.out(20559): params: {json={"command":"press_key","arguments":["KEYCODE_MENU"]}
06-06 00:57:18.244 I/System.out(20559): }
06-06 00:57:18.244 I/System.out(20559): header: {content-type=application/json;charset=utf-8, date=Sat, 06 Jun 2020 05:57:18 GMT, accept=*/*, host=127.0.0.1:34777, content-length=52, user-agent=HTTPClient/1.0 (2.8.3, ruby 2.5.1 (2018-03-29))}
06-06 00:57:18.244 I/System.out(20559): params: {json={"command":"press_key","arguments":["KEYCODE_MENU"]}
06-06 00:57:18.244 I/System.out(20559): }
06-06 00:57:18.244 I/System.out(20559): ProP json = {"command":"press_key","arguments":["KEYCODE_MENU"]}
06-06 00:57:18.244 I/System.out(20559): files: {}
06-06 00:57:18.244 I/System.out(20559): command: {"command":"press_key","arguments":["KEYCODE_MENU"]}
06-06 00:57:18.245 I/InstrumentationBackend(20559): Got command:'Command:'Line:null,press_key', arguments:'[KEYCODE_MENU]'
06-06 00:57:18.271 D/gralloc_ranchu( 1347): gralloc_alloc: Creating ashmem region of size 9023488
06-06 00:57:18.367 V/PhoneStatusBar( 1712): setLightsOn(true)
06-06 00:57:18.373 I/System.out(20559): result:{"bonusInformation":[],"message":"","success":true}
06-06 00:57:18.378 I/System.out(20559): URI: //map
06-06 00:57:18.378 I/System.out(20559): params: {json={"query":"* marked:'Edit fields'","operation":{"method_name":"query","arguments":[]}}
06-06 00:57:18.378 I/System.out(20559): }
06-06 00:57:18.401 V/PhoneStatusBar( 1712): setLightsOn(true)
06-06 00:57:18.417 V/PhoneStatusBar( 1712): setLightsOn(true)
06-06 00:57:18.445 D/gralloc_ranchu( 1347): gralloc_alloc: Creating ashmem region of size 1720320
06-06 00:57:18.453 V/PhoneStatusBar( 1712): setLightsOn(true)
06-06 00:57:18.454 V/PhoneStatusBar( 1712): setLightsOn(true)
06-06 00:57:18.457 W/ResourceType(20559): No package identifier when getting name for resource number 0x00000001
06-06 00:57:18.467 V/PhoneStatusBar( 1712): setLightsOn(true)
06-06 00:57:18.470 I/System.out(20559): URI: //gesture
06-06 00:57:18.470 I/System.out(20559): params: {json={"query_timeout":5.0,"gestures":[{"query_string":"* marked:'Edit fields'","touches":[{"x":50,"y":50,"offset_x":0,"offset_y":0,"wait":0.0,"time":0.2,"release":true,"query_string":null}]}]}
06-06 00:57:18.470 I/System.out(20559): }
06-06 00:57:18.487 V/PhoneStatusBar( 1712): setLightsOn(true)
06-06 00:57:18.522 W/ResourceType(20559): No package identifier when getting name for resource number 0x00000001
06-06 00:57:18.633 D/gralloc_ranchu( 1347): gralloc_alloc: Creating ashmem region of size 1720320
06-06 00:57:18.684 V/PhoneStatusBar( 1712): setLightsOn(true)
06-06 00:57:18.750 I/ActivityManager( 1631): START u0 {cmp=com.evancharlton.mileage/.FieldListActivity} from uid 10374 on display 0
06-06 00:57:18.752 V/PhoneStatusBar( 1712): setLightsOn(true)
06-06 00:57:18.753 V/PhoneStatusBar( 1712): setLightsOn(true)
06-06 00:57:18.758 I/WindowManager( 1631): Destroying surface Surface(name=AtchDlg:com.evancharlton.mileage/com.evancharlton.mileage.FillupActivity) called by com.android.server.wm.WindowStateAnimator.destroySurface:2016 com.android.server.wm.WindowStateAnimator.destroySurfaceLocked:882 com.android.server.wm.WindowState.removeLocked:1456 com.android.server.wm.WindowManagerService.removeWindowInnerLocked:2484 com.android.server.wm.WindowManagerService.removeWindowLocked:2442 com.android.server.wm.WindowManagerService.removeWindowLocked:2311 com.android.server.wm.WindowManagerService.removeWindow:2306 com.android.server.wm.Session.remove:202 
06-06 00:57:18.760 I/System.out(20559): URI: //map
06-06 00:57:18.760 I/System.out(20559): params: {json={"query":"* {text CONTAINS[c] 'Fillup fields'}","operation":{"method_name":"query","arguments":[]}}
06-06 00:57:18.760 I/System.out(20559): }
06-06 00:57:18.760 I/calabash(20559): newActivity1
06-06 00:57:18.770 V/PhoneStatusBar( 1712): setLightsOn(true)
06-06 00:57:18.783 V/PhoneStatusBar( 1712): setLightsOn(true)
06-06 00:57:18.787 D/gralloc_ranchu( 1347): gralloc_alloc: Creating ashmem region of size 9023488
06-06 00:57:18.790 I/art     (20559): Do partial code cache collection, code=30KB, data=29KB
06-06 00:57:18.791 I/art     (20559): After code cache collection, code=29KB, data=29KB
06-06 00:57:18.791 I/art     (20559): Increasing code cache capacity to 128KB
06-06 00:57:18.800 V/PhoneStatusBar( 1712): setLightsOn(true)
06-06 00:57:18.824 I/ActivityManager( 1631): Displayed com.evancharlton.mileage/.FieldListActivity: +68ms
06-06 00:57:18.834 V/PhoneStatusBar( 1712): setLightsOn(true)
06-06 00:57:18.867 V/PhoneStatusBar( 1712): setLightsOn(true)
06-06 00:57:19.067 V/PhoneStatusBar( 1712): setLightsOn(true)
06-06 00:57:19.095 I/System.out(20559): URI: //map
06-06 00:57:19.095 I/System.out(20559): params: {json={"query":"* {text CONTAINS[c] 'Fillup fields'}","operation":{"method_name":"query","arguments":[]}}
06-06 00:57:19.095 I/System.out(20559): }
06-06 00:57:19.203 V/PhoneStatusBar( 1712): setLightsOn(true)
06-06 00:57:19.206 V/PhoneStatusBar( 1712): setLightsOn(true)
06-06 00:57:19.220 I/WindowManager( 1631): Destroying surface Surface(name=com.evancharlton.mileage/com.evancharlton.mileage.Mileage) called by com.android.server.wm.WindowStateAnimator.destroySurface:2016 com.android.server.wm.WindowStateAnimator.destroySurfaceLocked:882 com.android.server.wm.WindowState.destroyOrSaveSurface:2100 com.android.server.wm.WindowManagerService.tryStartExitingAnimation:3024 com.android.server.wm.WindowManagerService.relayoutWindow:2904 com.android.server.wm.Session.relayout:224 android.view.IWindowSession$Stub.onTransact:286 com.android.server.wm.Session.onTransact:145 
06-06 00:57:19.222 V/PhoneStatusBar( 1712): setLightsOn(true)
06-06 00:57:19.227 V/PhoneStatusBar( 1712): setLightsOn(true)
06-06 00:57:19.983 D/gralloc_ranchu( 1347): gralloc_alloc: Creating ashmem region of size 9023488
06-06 00:57:20.019 D/gralloc_ranchu( 1347): gralloc_alloc: Creating ashmem region of size 9023488
06-06 00:57:20.111 I/System.out(20559): URI: //
06-06 00:57:20.111 I/System.out(20559): params: {json={"command":"press_key","arguments":["KEYCODE_MENU"]}
06-06 00:57:20.111 I/System.out(20559): }
06-06 00:57:20.111 I/System.out(20559): header: {content-type=application/json;charset=utf-8, date=Sat, 06 Jun 2020 05:57:20 GMT, accept=*/*, host=127.0.0.1:34777, content-length=52, user-agent=HTTPClient/1.0 (2.8.3, ruby 2.5.1 (2018-03-29))}
06-06 00:57:20.111 I/System.out(20559): params: {json={"command":"press_key","arguments":["KEYCODE_MENU"]}
06-06 00:57:20.111 I/System.out(20559): }
06-06 00:57:20.111 I/System.out(20559): ProP json = {"command":"press_key","arguments":["KEYCODE_MENU"]}
06-06 00:57:20.111 I/System.out(20559): files: {}
06-06 00:57:20.111 I/System.out(20559): command: {"command":"press_key","arguments":["KEYCODE_MENU"]}
06-06 00:57:20.112 I/InstrumentationBackend(20559): Got command:'Command:'Line:null,press_key', arguments:'[KEYCODE_MENU]'
06-06 00:57:20.126 V/PhoneStatusBar( 1712): setLightsOn(true)
06-06 00:57:20.129 I/System.out(20559): result:{"bonusInformation":[],"message":"","success":true}
06-06 00:57:20.131 I/System.out(20559): URI: //map
06-06 00:57:20.131 I/System.out(20559): params: {json={"query":"* marked:'Add new field'","operation":{"method_name":"query","arguments":[]}}
06-06 00:57:20.131 I/System.out(20559): }
06-06 00:57:20.159 V/PhoneStatusBar( 1712): setLightsOn(true)
06-06 00:57:20.167 V/PhoneStatusBar( 1712): setLightsOn(true)
06-06 00:57:20.195 D/gralloc_ranchu( 1347): gralloc_alloc: Creating ashmem region of size 929792
06-06 00:57:20.204 V/PhoneStatusBar( 1712): setLightsOn(true)
06-06 00:57:20.204 W/ResourceType(20559): No package identifier when getting name for resource number 0x00000001
06-06 00:57:20.205 V/PhoneStatusBar( 1712): setLightsOn(true)
06-06 00:57:20.216 I/System.out(20559): URI: //gesture
06-06 00:57:20.216 I/System.out(20559): params: {json={"query_timeout":5.0,"gestures":[{"query_string":"* marked:'Add new field'","touches":[{"x":50,"y":50,"offset_x":0,"offset_y":0,"wait":0.0,"time":0.2,"release":true,"query_string":null}]}]}
06-06 00:57:20.216 I/System.out(20559): }
06-06 00:57:20.217 V/PhoneStatusBar( 1712): setLightsOn(true)
06-06 00:57:20.234 V/PhoneStatusBar( 1712): setLightsOn(true)
06-06 00:57:20.262 W/ResourceType(20559): No package identifier when getting name for resource number 0x00000001
06-06 00:57:20.366 D/gralloc_ranchu( 1347): gralloc_alloc: Creating ashmem region of size 929792
06-06 00:57:20.436 V/PhoneStatusBar( 1712): setLightsOn(true)
06-06 00:57:20.485 I/ActivityManager( 1631): START u0 {cmp=com.evancharlton.mileage/.FieldActivity} from uid 10374 on display 0
06-06 00:57:20.490 V/PhoneStatusBar( 1712): setLightsOn(true)
06-06 00:57:20.494 V/PhoneStatusBar( 1712): setLightsOn(true)
06-06 00:57:20.510 I/WindowManager( 1631): Destroying surface Surface(name=AtchDlg:com.evancharlton.mileage/com.evancharlton.mileage.FieldListActivity) called by com.android.server.wm.WindowStateAnimator.destroySurface:2016 com.android.server.wm.WindowStateAnimator.destroySurfaceLocked:882 com.android.server.wm.WindowState.removeLocked:1456 com.android.server.wm.WindowManagerService.removeWindowInnerLocked:2484 com.android.server.wm.WindowManagerService.removeWindowLocked:2442 com.android.server.wm.WindowManagerService.removeWindowLocked:2311 com.android.server.wm.WindowManagerService.removeWindow:2306 com.android.server.wm.Session.remove:202 
06-06 00:57:20.516 I/System.out(20559): URI: //map
06-06 00:57:20.516 I/System.out(20559): params: {json={"query":"* {text CONTAINS[c] 'Fillup field'}","operation":{"method_name":"query","arguments":[]}}
06-06 00:57:20.516 I/System.out(20559): }
06-06 00:57:20.516 I/calabash(20559): newActivity1
06-06 00:57:20.556 V/PhoneStatusBar( 1712): setLightsOn(true)
06-06 00:57:20.571 D/gralloc_ranchu( 1347): gralloc_alloc: Creating ashmem region of size 9023488
06-06 00:57:20.583 V/PhoneStatusBar( 1712): setLightsOn(true)
06-06 00:57:20.584 I/System.out(20559): URI: //map
06-06 00:57:20.584 I/System.out(20559): params: {json={"query":"* {text CONTAINS[c] 'Add new field'}","operation":{"method_name":"query","arguments":[]}}
06-06 00:57:20.584 I/System.out(20559): }
06-06 00:57:20.615 I/ActivityManager( 1631): Displayed com.evancharlton.mileage/.FieldActivity: +113ms
06-06 00:57:20.615 W/InputMethodService( 1698): Window size has been changed. This may cause jankiness of resizing window: -1 -> -2
06-06 00:57:20.616 D/gralloc_ranchu( 1347): gralloc_alloc: Creating ashmem region of size 9023488
06-06 00:57:20.619 V/PhoneStatusBar( 1712): setLightsOn(true)
06-06 00:57:20.628 I/LatinIME( 1698): Starting input. Cursor position = 0,0
06-06 00:57:20.633 V/PhoneStatusBar( 1712): setLightsOn(true)
06-06 00:57:20.700 V/PhoneStatusBar( 1712): setLightsOn(true)
