--------- beginning of main
06-05 18:15:16.377 V/PhoneStatusBar( 1712): setLightsOn(true)
06-05 18:15:16.401 D/EGL_emulation( 1697): eglMakeCurrent: 0xb4085660: ver 2 0 (tinfo 0xb40834b0)
06-05 18:15:16.404 D/EGL_emulation( 1712): eglMakeCurrent: 0xb4085540: ver 2 0 (tinfo 0xb4083740)
06-05 18:15:16.404 V/PhoneStatusBar( 1712): setLightsOn(true)
06-05 18:15:16.421 D/EGL_emulation( 1712): eglMakeCurrent: 0xb4085540: ver 2 0 (tinfo 0xb4083740)
06-05 18:15:16.443 D/gralloc_ranchu( 1346): gralloc_alloc: Creating ashmem region of size 3145728
06-05 18:15:16.448 E/EGL_emulation( 1346): tid 1346: eglCreateSyncKHR(1901): error 0x3004 (EGL_BAD_ATTRIBUTE)
06-05 18:15:16.496 W/IInputConnectionWrapper( 1908): finishComposingText on inactive InputConnection
06-05 18:15:16.497 W/InputMethodService( 1697): Window size has been changed. This may cause jankiness of resizing window: -1 -> -2
06-05 18:15:16.497 W/IInputConnectionWrapper( 1908): reportFullscreenMode on inexistent InputConnection
06-05 18:15:16.497 W/IInputConnectionWrapper( 1908): finishComposingText on inactive InputConnection
06-05 18:15:16.510 D/EGL_emulation( 2099): eglMakeCurrent: 0xb4085240: ver 2 0 (tinfo 0xb40832d0)
06-05 18:15:16.511 D/EGL_emulation( 1697): eglMakeCurrent: 0xb4085660: ver 2 0 (tinfo 0xb40834b0)
06-05 18:15:16.527 D/EGL_emulation( 1712): eglMakeCurrent: 0xb4085540: ver 2 0 (tinfo 0xb4083740)
06-05 18:15:16.543 D/EGL_emulation( 1712): eglMakeCurrent: 0xb4085540: ver 2 0 (tinfo 0xb4083740)
06-05 18:15:16.544 D/EGL_emulation( 1712): eglMakeCurrent: 0xb4085540: ver 2 0 (tinfo 0xb4083740)
06-05 18:15:16.560 D/EGL_emulation( 1712): eglMakeCurrent: 0xb4085540: ver 2 0 (tinfo 0xb4083740)
06-05 18:15:16.562 D/EGL_emulation( 1712): eglMakeCurrent: 0xb4085540: ver 2 0 (tinfo 0xb4083740)
06-05 18:15:16.576 D/EGL_emulation( 1712): eglMakeCurrent: 0xb4085540: ver 2 0 (tinfo 0xb4083740)
06-05 18:15:16.578 D/EGL_emulation( 1712): eglMakeCurrent: 0xb4085540: ver 2 0 (tinfo 0xb4083740)
06-05 18:15:16.593 D/EGL_emulation( 1712): eglMakeCurrent: 0xb4085540: ver 2 0 (tinfo 0xb4083740)
06-05 18:15:16.594 D/EGL_emulation( 1712): eglMakeCurrent: 0xb4085540: ver 2 0 (tinfo 0xb4083740)
06-05 18:15:16.609 D/EGL_emulation( 1712): eglMakeCurrent: 0xb4085540: ver 2 0 (tinfo 0xb4083740)
06-05 18:15:16.611 D/EGL_emulation( 1712): eglMakeCurrent: 0xb4085540: ver 2 0 (tinfo 0xb4083740)
06-05 18:15:16.626 D/EGL_emulation( 1712): eglMakeCurrent: 0xb4085540: ver 2 0 (tinfo 0xb4083740)
06-05 18:15:16.629 D/EGL_emulation( 1712): eglMakeCurrent: 0xb4085540: ver 2 0 (tinfo 0xb4083740)
06-05 18:15:16.642 D/EGL_emulation( 1712): eglMakeCurrent: 0xb4085540: ver 2 0 (tinfo 0xb4083740)
06-05 18:15:16.644 D/EGL_emulation( 1712): eglMakeCurrent: 0xb4085540: ver 2 0 (tinfo 0xb4083740)
06-05 18:15:16.659 D/EGL_emulation( 1712): eglMakeCurrent: 0xb4085540: ver 2 0 (tinfo 0xb4083740)
06-05 18:15:16.661 D/EGL_emulation( 1712): eglMakeCurrent: 0xb4085540: ver 2 0 (tinfo 0xb4083740)
06-05 18:15:16.676 D/EGL_emulation( 1712): eglMakeCurrent: 0xb4085540: ver 2 0 (tinfo 0xb4083740)
06-05 18:15:16.678 D/EGL_emulation( 1712): eglMakeCurrent: 0xb4085540: ver 2 0 (tinfo 0xb4083740)
06-05 18:15:16.692 D/EGL_emulation( 1712): eglMakeCurrent: 0xb4085540: ver 2 0 (tinfo 0xb4083740)
06-05 18:15:16.694 D/EGL_emulation( 1712): eglMakeCurrent: 0xb4085540: ver 2 0 (tinfo 0xb4083740)
06-05 18:15:16.711 D/EGL_emulation( 1712): eglMakeCurrent: 0xb4085540: ver 2 0 (tinfo 0xb4083740)
06-05 18:15:16.726 D/EGL_emulation( 1712): eglMakeCurrent: 0xb4085540: ver 2 0 (tinfo 0xb4083740)
06-05 18:15:16.727 D/EGL_emulation( 1712): eglMakeCurrent: 0xb4085540: ver 2 0 (tinfo 0xb4083740)
06-05 18:15:16.743 D/EGL_emulation( 1712): eglMakeCurrent: 0xb4085540: ver 2 0 (tinfo 0xb4083740)
06-05 18:15:16.744 D/EGL_emulation( 1712): eglMakeCurrent: 0xb4085540: ver 2 0 (tinfo 0xb4083740)
06-05 18:15:17.025 W/OpenGLRenderer( 2099): Incorrectly called buildLayer on View: ShortcutAndWidgetContainer, destroying layer...
06-05 18:15:17.561 D/AndroidRuntime( 1972): >>>>>> START com.android.internal.os.RuntimeInit uid 2000 <<<<<<
06-05 18:15:17.563 D/AndroidRuntime( 1972): CheckJNI is ON
06-05 18:15:17.575 W/art     ( 1972): Unexpected CPU variant for X86 using defaults: x86
06-05 18:15:17.577 D/ICU     ( 1972): No timezone override file found: /data/misc/zoneinfo/current/icu/icu_tzdata.dat
06-05 18:15:17.585 E/memtrack( 1972): Couldn't load memtrack module (No such file or directory)
06-05 18:15:17.585 E/android.os.Debug( 1972): failed to load memtrack module: -2
06-05 18:15:17.585 I/Radio-JNI( 1972): register_android_hardware_Radio DONE
06-05 18:15:17.589 D/AndroidRuntime( 1972): Calling main entry com.android.commands.am.Am
--------- beginning of system
06-05 18:15:17.590 I/ActivityManager( 1630): Force stopping com.evancharlton.mileage appid=10150 user=0: start instr
06-05 18:15:17.590 I/ActivityManager( 1630): Killing 1908:com.evancharlton.mileage/u0a150 (adj 0): stop com.evancharlton.mileage
06-05 18:15:17.590 D/ActivityManager( 1630): cleanUpApplicationRecord -- 1908
06-05 18:15:17.591 W/ActivityManager( 1630): Crash of app com.evancharlton.mileage running instrumentation ComponentInfo{com.evancharlton.mileage.test/sh.calaba.instrumentationbackend.CalabashInstrumentationTestRunner}
06-05 18:15:17.591 I/ActivityManager( 1630): Force stopping com.evancharlton.mileage appid=10150 user=0: finished inst
06-05 18:15:17.593 I/art     ( 1998): Not late-enabling -Xcheck:jni (already on)
06-05 18:15:17.593 W/art     ( 1998): Unexpected CPU variant for X86 using defaults: x86
06-05 18:15:17.601 I/ActivityManager( 1630): Start proc 1998:com.evancharlton.mileage/u0a150 for added application com.evancharlton.mileage
06-05 18:15:17.601 D/AndroidRuntime( 1972): Shutting down VM
06-05 18:15:17.606 W/System  ( 1998): ClassLoader referenced unknown path: /data/app/com.evancharlton.mileage.test-1/lib/x86
06-05 18:15:17.606 W/System  ( 1998): ClassLoader referenced unknown path: /data/app/com.evancharlton.mileage-1/lib/x86
06-05 18:15:17.608 W/System  ( 1998): ClassLoader referenced unknown path: 
06-05 18:15:17.611 I/System.out( 1998): Main activity name automatically set to: com.evancharlton.mileage.Mileage
06-05 18:15:17.612 I/System.out( 1998): Calabash did not load Mono. This is only a problem if you are trying to test a Mono application
06-05 18:15:17.612 I/calabash( 1998): Test server port: 7102
06-05 18:15:17.612 I/InstrumentationBackend( 1998): Added:'GetPreferences', with key:'get_preferences'
06-05 18:15:17.616 I/InstrumentationBackend( 1998): Added:'SetPreferences', with key:'set_preferences'
06-05 18:15:17.616 I/InstrumentationBackend( 1998): Added:'ClearPreferences', with key:'clear_preferences'
06-05 18:15:17.616 I/InstrumentationBackend( 1998): Added:'PressElement', with key:'press_l10n_element'
06-05 18:15:17.616 I/InstrumentationBackend( 1998): Added:'WaitForElement', with key:'wait_for_l10n_element'
06-05 18:15:17.616 I/InstrumentationBackend( 1998): Added:'NullAction', with key:'nullAction'
06-05 18:15:17.616 I/InstrumentationBackend( 1998): Added:'PressKey', with key:'press_key'
06-05 18:15:17.616 I/InstrumentationBackend( 1998): Added:'SetActivityOrientation', with key:'set_activity_orientation'
06-05 18:15:17.616 I/InstrumentationBackend( 1998): Added:'GetActivityOrientation', with key:'get_activity_orientation'
06-05 18:15:17.616 I/InstrumentationBackend( 1998): Added:'FakeGPSLocation', with key:'set_gps_coordinates'
06-05 18:15:17.616 I/InstrumentationBackend( 1998): Added:'SetPropertyByCssSelector', with key:'set_property_by_css_selector'
06-05 18:15:17.616 I/InstrumentationBackend( 1998): Added:'GetUrl', with key:'get_url'
06-05 18:15:17.617 I/InstrumentationBackend( 1998): Added:'ScrollTo', with key:'scroll_to'
06-05 18:15:17.617 I/InstrumentationBackend( 1998): Added:'GetLoadProgress', with key:'get_load_progress'
06-05 18:15:17.617 I/InstrumentationBackend( 1998): Added:'DumpHtml', with key:'dump_html'
06-05 18:15:17.617 I/InstrumentationBackend( 1998): Added:'DumpBodyHtml', with key:'dump_body_html'
06-05 18:15:17.617 I/InstrumentationBackend( 1998): Added:'EnterTextByCssSelector', with key:'enter_text_by_selector'
06-05 18:15:17.617 I/InstrumentationBackend( 1998): Added:'AndroidSDKVersion', with key:'android_sdk_version'
06-05 18:15:17.617 I/InstrumentationBackend( 1998): Added:'Version', with key:'version'
06-05 18:15:17.617 I/InstrumentationBackend( 1998): Added:'Drag', with key:'drag'
06-05 18:15:17.617 I/InstrumentationBackend( 1998): Added:'TouchCoordinates', with key:'touch_coordinate'
06-05 18:15:17.617 I/InstrumentationBackend( 1998): Added:'LongPressCoordinate', with key:'long_press_coordinate'
06-05 18:15:17.617 I/InstrumentationBackend( 1998): Added:'DragCoordinates', with key:'drag_coordinates'
06-05 18:15:17.617 I/InstrumentationBackend( 1998): Added:'ResumeApplication', with key:'resume_application'
06-05 18:15:17.617 I/InstrumentationBackend( 1998): Added:'Swipe', with key:'swipe'
06-05 18:15:17.617 I/InstrumentationBackend( 1998): Added:'DoubleTapCoordinate', with key:'double_tap_coordinate'
06-05 18:15:17.617 I/InstrumentationBackend( 1998): Added:'ClickOnScreen', with key:'click_on_screen'
06-05 18:15:17.617 I/InstrumentationBackend( 1998): Added:'GetActivityName', with key:'get_activity_name'
06-05 18:15:17.617 I/InstrumentationBackend( 1998): Added:'ScrollToView', with key:'scroll_to_view'
06-05 18:15:17.617 I/InstrumentationBackend( 1998): Added:'ViewConfiguration', with key:'view_configuration'
06-05 18:15:17.618 I/InstrumentationBackend( 1998): Added:'IsCurrentActivityFocused', with key:'is_current_activity_focused'
06-05 18:15:17.618 I/InstrumentationBackend( 1998): Added:'SendTcp', with key:'send_tcp'
06-05 18:15:17.618 I/InstrumentationBackend( 1998): Added:'DpToDevicePixel', with key:'dp_to_device_pixel'
06-05 18:15:17.618 I/InstrumentationBackend( 1998): Added:'KeyboardEnterText', with key:'keyboard_enter_text'
06-05 18:15:17.618 I/InstrumentationBackend( 1998): Added:'DeleteSurroundingText', with key:'delete_surrounding_text'
06-05 18:15:17.618 I/InstrumentationBackend( 1998): Added:'SetComposingRegion', with key:'set_composing_region'
06-05 18:15:17.618 I/InstrumentationBackend( 1998): Added:'SetSelection', with key:'set_selection'
06-05 18:15:17.618 I/InstrumentationBackend( 1998): Added:'KeyboardKeyEvent', with key:'keyboard_key_event'
06-05 18:15:17.618 I/InstrumentationBackend( 1998): Added:'PressUserActionButton', with key:'press_user_action_button'
06-05 18:15:17.619 I/InstrumentationBackend( 1998): Added:'HideSoftKeyboard', with key:'hide_soft_keyboard'
06-05 18:15:17.619 I/InstrumentationBackend( 1998): Added:'ListActions', with key:'list_actions'
06-05 18:15:17.619 I/calabash( 1998): Instantiating http server at 7102
06-05 18:15:17.620 I/System.out( 1998): HTTP Daemon listening on: 7102
06-05 18:15:17.710 I/System.out( 1998): URI: //ping
06-05 18:15:17.710 I/System.out( 1998): params: {json={}
06-05 18:15:17.710 I/System.out( 1998): }
06-05 18:15:17.713 I/System.out( 1998): URI: //ping
06-05 18:15:17.713 I/System.out( 1998): params: {json={}
06-05 18:15:17.713 I/System.out( 1998): }
06-05 18:15:17.714 I/System.out( 1998): URI: //ready
06-05 18:15:17.714 I/System.out( 1998): params: {json={}
06-05 18:15:17.714 I/System.out( 1998): }
06-05 18:15:17.716 I/System.out( 1998): URI: //
06-05 18:15:17.716 I/System.out( 1998): params: {json={"command":"version","arguments":[]}
06-05 18:15:17.716 I/System.out( 1998): }
06-05 18:15:17.716 I/System.out( 1998): header: {content-type=application/json;charset=utf-8, date=Fri, 05 Jun 2020 23:15:18 GMT, accept=*/*, host=127.0.0.1:34784, content-length=36, user-agent=HTTPClient/1.0 (2.8.3, ruby 2.5.1 (2018-03-29))}
06-05 18:15:17.716 I/System.out( 1998): params: {json={"command":"version","arguments":[]}
06-05 18:15:17.716 I/System.out( 1998): }
06-05 18:15:17.716 I/System.out( 1998): ProP json = {"command":"version","arguments":[]}
06-05 18:15:17.716 I/System.out( 1998): files: {}
06-05 18:15:17.716 I/System.out( 1998): command: {"command":"version","arguments":[]}
06-05 18:15:17.719 I/InstrumentationBackend( 1998): Got command:'Command:'Line:null,version', arguments:'[]'
06-05 18:15:17.725 I/System.out( 1998): result:{"bonusInformation":[],"message":"0.9.8","success":true}
06-05 18:15:17.727 I/System.out( 1998): URI: //start-application
06-05 18:15:17.727 I/System.out( 1998): params: {json={"intent":null}
06-05 18:15:17.727 I/System.out( 1998): }
06-05 18:15:17.736 I/ActivityManager( 1630): START u0 {act=android.intent.action.MAIN cat=[android.intent.category.LAUNCHER] flg=0x10200000 cmp=com.evancharlton.mileage/.Mileage} from uid 10150 on display 0
06-05 18:15:17.741 I/calabash( 1998): newActivity1
06-05 18:15:17.749 I/calabash( 1998): newActivity1
06-05 18:15:17.750 W/ActivityManager( 1630): Bad activity token: android.os.BinderProxy@f316e65
06-05 18:15:17.750 W/ActivityManager( 1630): java.lang.ClassCastException: android.os.BinderProxy cannot be cast to com.android.server.am.ActivityRecord$Token
06-05 18:15:17.750 W/ActivityManager( 1630): 	at com.android.server.am.ActivityRecord.forTokenLocked(ActivityRecord.java:586)
06-05 18:15:17.750 W/ActivityManager( 1630): 	at com.android.server.am.ActivityRecord.isInStackLocked(ActivityRecord.java:1327)
06-05 18:15:17.750 W/ActivityManager( 1630): 	at com.android.server.am.ActivityRecord.getStackLocked(ActivityRecord.java:1332)
06-05 18:15:17.750 W/ActivityManager( 1630): 	at com.android.server.am.ActivityManagerService.getActivityDisplayId(ActivityManagerService.java:9806)
06-05 18:15:17.750 W/ActivityManager( 1630): 	at android.app.ActivityManagerNative.onTransact(ActivityManagerNative.java:2566)
06-05 18:15:17.750 W/ActivityManager( 1630): 	at com.android.server.am.ActivityManagerService.onTransact(ActivityManagerService.java:2757)
06-05 18:15:17.750 W/ActivityManager( 1630): 	at android.os.Binder.execTransact(Binder.java:565)
06-05 18:15:17.751 W/ActivityManager( 1630): Bad activity token: android.os.BinderProxy@f316e65
06-05 18:15:17.751 W/ActivityManager( 1630): java.lang.ClassCastException: android.os.BinderProxy cannot be cast to com.android.server.am.ActivityRecord$Token
06-05 18:15:17.751 W/ActivityManager( 1630): 	at com.android.server.am.ActivityRecord.forTokenLocked(ActivityRecord.java:586)
06-05 18:15:17.751 W/ActivityManager( 1630): 	at com.android.server.am.ActivityRecord.isInStackLocked(ActivityRecord.java:1327)
06-05 18:15:17.751 W/ActivityManager( 1630): 	at com.android.server.am.ActivityManagerService.setTaskDescription(ActivityManagerService.java:9358)
06-05 18:15:17.751 W/ActivityManager( 1630): 	at android.app.ActivityManagerNative.onTransact(ActivityManagerNative.java:2639)
06-05 18:15:17.751 W/ActivityManager( 1630): 	at com.android.server.am.ActivityManagerService.onTransact(ActivityManagerService.java:2757)
06-05 18:15:17.751 W/ActivityManager( 1630): 	at android.os.Binder.execTransact(Binder.java:565)
06-05 18:15:17.752 W/ActivityManager( 1630): Bad activity token: android.os.BinderProxy@f316e65
06-05 18:15:17.752 W/ActivityManager( 1630): java.lang.ClassCastException: android.os.BinderProxy cannot be cast to com.android.server.am.ActivityRecord$Token
06-05 18:15:17.752 W/ActivityManager( 1630): 	at com.android.server.am.ActivityRecord.forTokenLocked(ActivityRecord.java:586)
06-05 18:15:17.752 W/ActivityManager( 1630): 	at com.android.server.am.ActivityRecord.isInStackLocked(ActivityRecord.java:1327)
06-05 18:15:17.752 W/ActivityManager( 1630): 	at com.android.server.am.ActivityRecord.getStackLocked(ActivityRecord.java:1332)
06-05 18:15:17.752 W/ActivityManager( 1630): 	at com.android.server.am.ActivityManagerService.getActivityStackId(ActivityManagerService.java:9817)
06-05 18:15:17.752 W/ActivityManager( 1630): 	at android.app.ActivityManagerNative.onTransact(ActivityManagerNative.java:2856)
06-05 18:15:17.752 W/ActivityManager( 1630): 	at com.android.server.am.ActivityManagerService.onTransact(ActivityManagerService.java:2757)
06-05 18:15:17.752 W/ActivityManager( 1630): 	at android.os.Binder.execTransact(Binder.java:565)
06-05 18:15:17.761 D/gralloc_ranchu( 1346): gralloc_alloc: Creating ashmem region of size 9023488
06-05 18:15:17.768 W/ActivityManager( 1630): Bad activity token: android.os.BinderProxy@f316e65
06-05 18:15:17.768 W/ActivityManager( 1630): java.lang.ClassCastException: android.os.BinderProxy cannot be cast to com.android.server.am.ActivityRecord$Token
06-05 18:15:17.768 W/ActivityManager( 1630): 	at com.android.server.am.ActivityRecord.forTokenLocked(ActivityRecord.java:586)
06-05 18:15:17.768 W/ActivityManager( 1630): 	at com.android.server.am.ActivityRecord.isInStackLocked(ActivityRecord.java:1327)
06-05 18:15:17.768 W/ActivityManager( 1630): 	at com.android.server.am.ActivityManagerService.getActivityOptions(ActivityManagerService.java:12559)
06-05 18:15:17.768 W/ActivityManager( 1630): 	at android.app.ActivityManagerNative.onTransact(ActivityManagerNative.java:1933)
06-05 18:15:17.768 W/ActivityManager( 1630): 	at com.android.server.am.ActivityManagerService.onTransact(ActivityManagerService.java:2757)
06-05 18:15:17.768 W/ActivityManager( 1630): 	at android.os.Binder.execTransact(Binder.java:565)
06-05 18:15:17.768 W/ActivityManager( 1630): Bad activity token: android.os.BinderProxy@f316e65
06-05 18:15:17.768 W/ActivityManager( 1630): java.lang.ClassCastException: android.os.BinderProxy cannot be cast to com.android.server.am.ActivityRecord$Token
06-05 18:15:17.768 W/ActivityManager( 1630): 	at com.android.server.am.ActivityRecord.forTokenLocked(ActivityRecord.java:586)
06-05 18:15:17.768 W/ActivityManager( 1630): 	at com.android.server.am.ActivityRecord.isInStackLocked(ActivityRecord.java:1327)
06-05 18:15:17.768 W/ActivityManager( 1630): 	at com.android.server.am.ActivityManagerService.getActivityOptions(ActivityManagerService.java:12559)
06-05 18:15:17.768 W/ActivityManager( 1630): 	at android.app.ActivityManagerNative.onTransact(ActivityManagerNative.java:1933)
06-05 18:15:17.768 W/ActivityManager( 1630): 	at com.android.server.am.ActivityManagerService.onTransact(ActivityManagerService.java:2757)
06-05 18:15:17.768 W/ActivityManager( 1630): 	at android.os.Binder.execTransact(Binder.java:565)
06-05 18:15:17.794 V/PhoneStatusBar( 1712): setLightsOn(true)
06-05 18:15:17.809 D/gralloc_ranchu( 1346): gralloc_alloc: Creating ashmem region of size 9023488
06-05 18:15:17.815 D/EGL_emulation( 2099): eglMakeCurrent: 0xb4085240: ver 2 0 (tinfo 0xb40832d0)
06-05 18:15:17.815 D/EGL_emulation( 1712): eglMakeCurrent: 0xb4085540: ver 2 0 (tinfo 0xb4083740)
06-05 18:15:17.815 D/        ( 1998): HostConnection::get() New Host Connection established 0xa4c7e540, tid 1998
06-05 18:15:17.815 V/PhoneStatusBar( 1712): setLightsOn(true)
06-05 18:15:17.866 D/EGL_emulation( 1712): eglMakeCurrent: 0xb4085540: ver 2 0 (tinfo 0xb4083740)
06-05 18:15:17.870 D/EGL_emulation( 1712): eglMakeCurrent: 0xb4085540: ver 2 0 (tinfo 0xb4083740)
06-05 18:15:17.870 V/PhoneStatusBar( 1712): setLightsOn(true)
06-05 18:15:17.873 D/EGL_emulation( 1712): eglMakeCurrent: 0xb4085540: ver 2 0 (tinfo 0xb4083740)
06-05 18:15:17.874 D/EGL_emulation( 1712): eglMakeCurrent: 0xb4085540: ver 2 0 (tinfo 0xb4083740)
06-05 18:15:17.877 D/EGL_emulation( 1712): eglMakeCurrent: 0xb4085540: ver 2 0 (tinfo 0xb4083740)
06-05 18:15:17.879 D/EGL_emulation( 1712): eglMakeCurrent: 0xb4085540: ver 2 0 (tinfo 0xb4083740)
06-05 18:15:17.893 D/EGL_emulation( 1712): eglMakeCurrent: 0xb4085540: ver 2 0 (tinfo 0xb4083740)
06-05 18:15:17.895 D/EGL_emulation( 1712): eglMakeCurrent: 0xb4085540: ver 2 0 (tinfo 0xb4083740)
06-05 18:15:17.909 D/gralloc_ranchu( 1346): gralloc_alloc: Creating ashmem region of size 9023488
06-05 18:15:17.910 I/ActivityManager( 1630): Displayed com.evancharlton.mileage/.Mileage: +171ms
06-05 18:15:17.910 D/EGL_emulation( 1712): eglMakeCurrent: 0xb4085540: ver 2 0 (tinfo 0xb4083740)
06-05 18:15:17.931 D/EGL_emulation( 1712): eglMakeCurrent: 0xb4085540: ver 2 0 (tinfo 0xb4083740)
06-05 18:15:17.933 D/EGL_emulation( 1712): eglMakeCurrent: 0xb4085540: ver 2 0 (tinfo 0xb4083740)
06-05 18:15:17.947 D/EGL_emulation( 1712): eglMakeCurrent: 0xb4085540: ver 2 0 (tinfo 0xb4083740)
06-05 18:15:17.949 D/EGL_emulation( 1712): eglMakeCurrent: 0xb4085540: ver 2 0 (tinfo 0xb4083740)
06-05 18:15:17.951 D/EGL_emulation( 1712): eglMakeCurrent: 0xb4085540: ver 2 0 (tinfo 0xb4083740)
06-05 18:15:17.952 V/PhoneStatusBar( 1712): setLightsOn(true)
06-05 18:15:17.967 D/EGL_emulation( 1712): eglMakeCurrent: 0xb4085540: ver 2 0 (tinfo 0xb4083740)
06-05 18:15:17.969 D/EGL_emulation( 1712): eglMakeCurrent: 0xb4085540: ver 2 0 (tinfo 0xb4083740)
06-05 18:15:17.976 D/EGL_emulation( 1712): eglMakeCurrent: 0xb4085540: ver 2 0 (tinfo 0xb4083740)
06-05 18:15:17.978 D/EGL_emulation( 1712): eglMakeCurrent: 0xb4085540: ver 2 0 (tinfo 0xb4083740)
06-05 18:15:17.993 D/EGL_emulation( 1712): eglMakeCurrent: 0xb4085540: ver 2 0 (tinfo 0xb4083740)
06-05 18:15:17.995 D/EGL_emulation( 1712): eglMakeCurrent: 0xb4085540: ver 2 0 (tinfo 0xb4083740)
06-05 18:15:18.010 D/EGL_emulation( 1712): eglMakeCurrent: 0xb4085540: ver 2 0 (tinfo 0xb4083740)
06-05 18:15:18.109 I/WindowManager( 1630): Destroying surface Surface(name=Starting com.evancharlton.mileage) called by com.android.server.wm.WindowStateAnimator.destroySurface:2016 com.android.server.wm.WindowStateAnimator.destroySurfaceLocked:882 com.android.server.wm.WindowState.destroyOrSaveSurface:2100 com.android.server.wm.AppWindowToken.destroySurfaces:363 com.android.server.wm.WindowStateAnimator.finishExit:565 com.android.server.wm.WindowStateAnimator.stepAnimationLocked:491 com.android.server.wm.WindowAnimator.updateWindowsLocked:303 com.android.server.wm.WindowAnimator.animateLocked:704 
06-05 18:15:18.111 V/PhoneStatusBar( 1712): setLightsOn(true)
06-05 18:15:18.143 V/PhoneStatusBar( 1712): setLightsOn(true)
06-05 18:15:18.243 V/PhoneStatusBar( 1712): setLightsOn(true)
06-05 18:15:18.544 V/PhoneStatusBar( 1712): setLightsOn(true)
06-05 18:15:18.547 V/PhoneStatusBar( 1712): setLightsOn(true)
06-05 18:15:18.561 I/WindowManager( 1630): Destroying surface Surface(name=com.android.launcher3/com.android.launcher3.Launcher) called by com.android.server.wm.WindowStateAnimator.destroySurface:2016 com.android.server.wm.WindowStateAnimator.destroySurfaceLocked:882 com.android.server.wm.WindowState.destroyOrSaveSurface:2100 com.android.server.wm.AppWindowToken.destroySurfaces:363 com.android.server.wm.AppWindowToken.notifyAppStopped:389 com.android.server.wm.WindowManagerService.notifyAppStopped:4463 com.android.server.am.ActivityStack.activityStoppedLocked:1252 com.android.server.am.ActivityManagerService.activityStopped:6903 
06-05 18:15:18.565 V/PhoneStatusBar( 1712): setLightsOn(true)
06-05 18:15:18.988 I/System.out( 1998): URI: //
06-05 18:15:18.988 I/System.out( 1998): params: {json={"command":"press_key","arguments":["KEYCODE_MENU"]}
06-05 18:15:18.988 I/System.out( 1998): }
06-05 18:15:18.988 I/System.out( 1998): header: {content-type=application/json;charset=utf-8, date=Fri, 05 Jun 2020 23:15:19 GMT, accept=*/*, host=127.0.0.1:34784, content-length=52, user-agent=HTTPClient/1.0 (2.8.3, ruby 2.5.1 (2018-03-29))}
06-05 18:15:18.988 I/System.out( 1998): params: {json={"command":"press_key","arguments":["KEYCODE_MENU"]}
06-05 18:15:18.988 I/System.out( 1998): }
06-05 18:15:18.988 I/System.out( 1998): ProP json = {"command":"press_key","arguments":["KEYCODE_MENU"]}
06-05 18:15:18.988 I/System.out( 1998): files: {}
06-05 18:15:18.988 I/System.out( 1998): command: {"command":"press_key","arguments":["KEYCODE_MENU"]}
06-05 18:15:18.990 I/InstrumentationBackend( 1998): Got command:'Command:'Line:null,press_key', arguments:'[KEYCODE_MENU]'
06-05 18:15:19.008 V/PhoneStatusBar( 1712): setLightsOn(true)
06-05 18:15:19.014 I/System.out( 1998): result:{"bonusInformation":[],"message":"","success":true}
06-05 18:15:19.020 I/System.out( 1998): URI: //map
06-05 18:15:19.020 I/System.out( 1998): params: {json={"query":"* marked:'Edit fields'","operation":{"method_name":"query","arguments":[]}}
06-05 18:15:19.020 I/System.out( 1998): }
06-05 18:15:19.105 V/PhoneStatusBar( 1712): setLightsOn(true)
06-05 18:15:19.110 V/PhoneStatusBar( 1712): setLightsOn(true)
06-05 18:15:19.172 D/gralloc_ranchu( 1346): gralloc_alloc: Creating ashmem region of size 1720320
06-05 18:15:19.184 V/PhoneStatusBar( 1712): setLightsOn(true)
06-05 18:15:19.185 V/PhoneStatusBar( 1712): setLightsOn(true)
06-05 18:15:19.192 W/ResourceType( 1998): No package identifier when getting name for resource number 0x00000001
06-05 18:15:19.193 V/PhoneStatusBar( 1712): setLightsOn(true)
06-05 18:15:19.209 I/System.out( 1998): URI: //gesture
06-05 18:15:19.209 I/System.out( 1998): params: {json={"query_timeout":5.0,"gestures":[{"query_string":"* marked:'Edit fields'","touches":[{"x":50,"y":50,"offset_x":0,"offset_y":0,"wait":0.0,"time":0.2,"release":true,"query_string":null}]}]}
06-05 18:15:19.209 I/System.out( 1998): }
06-05 18:15:19.244 V/PhoneStatusBar( 1712): setLightsOn(true)
06-05 18:15:19.247 D/gralloc_ranchu( 1346): gralloc_alloc: Creating ashmem region of size 9023488
06-05 18:15:19.316 W/ResourceType( 1998): No package identifier when getting name for resource number 0x00000001
06-05 18:15:19.410 V/PhoneStatusBar( 1712): setLightsOn(true)
06-05 18:15:19.475 D/gralloc_ranchu( 1346): gralloc_alloc: Creating ashmem region of size 1720320
06-05 18:15:19.593 I/ActivityManager( 1630): START u0 {cmp=com.evancharlton.mileage/.FieldListActivity} from uid 10150 on display 0
06-05 18:15:19.594 V/PhoneStatusBar( 1712): setLightsOn(true)
06-05 18:15:19.595 V/PhoneStatusBar( 1712): setLightsOn(true)
06-05 18:15:19.603 I/WindowManager( 1630): Destroying surface Surface(name=AtchDlg:com.evancharlton.mileage/com.evancharlton.mileage.FillupActivity) called by com.android.server.wm.WindowStateAnimator.destroySurface:2016 com.android.server.wm.WindowStateAnimator.destroySurfaceLocked:882 com.android.server.wm.WindowState.removeLocked:1456 com.android.server.wm.WindowManagerService.removeWindowInnerLocked:2484 com.android.server.wm.WindowManagerService.removeWindowLocked:2442 com.android.server.wm.WindowManagerService.removeWindowLocked:2311 com.android.server.wm.WindowManagerService.removeWindow:2306 com.android.server.wm.Session.remove:202 
06-05 18:15:19.605 I/calabash( 1998): newActivity1
06-05 18:15:19.626 V/PhoneStatusBar( 1712): setLightsOn(true)
06-05 18:15:19.628 D/gralloc_ranchu( 1346): gralloc_alloc: Creating ashmem region of size 9023488
06-05 18:15:19.642 V/PhoneStatusBar( 1712): setLightsOn(true)
06-05 18:15:19.650 I/ActivityManager( 1630): Displayed com.evancharlton.mileage/.FieldListActivity: +53ms
06-05 18:15:19.659 V/PhoneStatusBar( 1712): setLightsOn(true)
06-05 18:15:19.692 V/PhoneStatusBar( 1712): setLightsOn(true)
06-05 18:15:19.709 V/PhoneStatusBar( 1712): setLightsOn(true)
06-05 18:15:19.893 V/PhoneStatusBar( 1712): setLightsOn(true)
06-05 18:15:20.029 V/PhoneStatusBar( 1712): setLightsOn(true)
06-05 18:15:20.031 V/PhoneStatusBar( 1712): setLightsOn(true)
06-05 18:15:20.045 V/PhoneStatusBar( 1712): setLightsOn(true)
06-05 18:15:20.047 I/WindowManager( 1630): Destroying surface Surface(name=com.evancharlton.mileage/com.evancharlton.mileage.Mileage) called by com.android.server.wm.WindowStateAnimator.destroySurface:2016 com.android.server.wm.WindowStateAnimator.destroySurfaceLocked:882 com.android.server.wm.WindowState.destroyOrSaveSurface:2100 com.android.server.wm.WindowManagerService.tryStartExitingAnimation:3024 com.android.server.wm.WindowManagerService.relayoutWindow:2904 com.android.server.wm.Session.relayout:224 android.view.IWindowSession$Stub.onTransact:286 com.android.server.wm.Session.onTransact:145 
06-05 18:15:20.050 V/PhoneStatusBar( 1712): setLightsOn(true)
06-05 18:15:20.607 I/System.out( 1998): URI: //
06-05 18:15:20.607 I/System.out( 1998): params: {json={"command":"press_key","arguments":["KEYCODE_MENU"]}
06-05 18:15:20.607 I/System.out( 1998): }
06-05 18:15:20.607 I/System.out( 1998): header: {content-type=application/json;charset=utf-8, date=Fri, 05 Jun 2020 23:15:21 GMT, accept=*/*, host=127.0.0.1:34784, content-length=52, user-agent=HTTPClient/1.0 (2.8.3, ruby 2.5.1 (2018-03-29))}
06-05 18:15:20.607 I/System.out( 1998): params: {json={"command":"press_key","arguments":["KEYCODE_MENU"]}
06-05 18:15:20.607 I/System.out( 1998): }
06-05 18:15:20.607 I/System.out( 1998): ProP json = {"command":"press_key","arguments":["KEYCODE_MENU"]}
06-05 18:15:20.607 I/System.out( 1998): files: {}
06-05 18:15:20.607 I/System.out( 1998): command: {"command":"press_key","arguments":["KEYCODE_MENU"]}
06-05 18:15:20.608 I/InstrumentationBackend( 1998): Got command:'Command:'Line:null,press_key', arguments:'[KEYCODE_MENU]'
06-05 18:15:20.612 V/PhoneStatusBar( 1712): setLightsOn(true)
06-05 18:15:20.616 I/System.out( 1998): result:{"bonusInformation":[],"message":"","success":true}
06-05 18:15:20.619 I/System.out( 1998): URI: //map
06-05 18:15:20.619 I/System.out( 1998): params: {json={"query":"* marked:'Add new field'","operation":{"method_name":"query","arguments":[]}}
06-05 18:15:20.619 I/System.out( 1998): }
06-05 18:15:20.627 V/PhoneStatusBar( 1712): setLightsOn(true)
06-05 18:15:20.643 V/PhoneStatusBar( 1712): setLightsOn(true)
06-05 18:15:20.660 V/PhoneStatusBar( 1712): setLightsOn(true)
06-05 18:15:20.661 D/gralloc_ranchu( 1346): gralloc_alloc: Creating ashmem region of size 929792
06-05 18:15:20.667 V/PhoneStatusBar( 1712): setLightsOn(true)
06-05 18:15:20.668 V/PhoneStatusBar( 1712): setLightsOn(true)
06-05 18:15:20.668 W/ResourceType( 1998): No package identifier when getting name for resource number 0x00000001
06-05 18:15:20.672 I/art     ( 1998): Do partial code cache collection, code=30KB, data=28KB
06-05 18:15:20.672 I/art     ( 1998): After code cache collection, code=27KB, data=27KB
06-05 18:15:20.672 I/art     ( 1998): Increasing code cache capacity to 128KB
06-05 18:15:20.677 V/PhoneStatusBar( 1712): setLightsOn(true)
06-05 18:15:20.680 I/System.out( 1998): URI: //gesture
06-05 18:15:20.680 I/System.out( 1998): params: {json={"query_timeout":5.0,"gestures":[{"query_string":"* marked:'Add new field'","touches":[{"x":50,"y":50,"offset_x":0,"offset_y":0,"wait":0.0,"time":0.2,"release":true,"query_string":null}]}]}
06-05 18:15:20.680 I/System.out( 1998): }
06-05 18:15:20.684 W/ResourceType( 1998): No package identifier when getting name for resource number 0x00000001
06-05 18:15:20.792 D/gralloc_ranchu( 1346): gralloc_alloc: Creating ashmem region of size 929792
06-05 18:15:20.826 D/gralloc_ranchu( 1346): gralloc_alloc: Creating ashmem region of size 9023488
06-05 18:15:20.873 D/gralloc_ranchu( 1346): gralloc_alloc: Creating ashmem region of size 9023488
06-05 18:15:20.893 V/PhoneStatusBar( 1712): setLightsOn(true)
06-05 18:15:20.965 I/System.out( 1998): URI: //map
06-05 18:15:20.965 I/System.out( 1998): params: {json={"query":"android.widget.EditText index:0","operation":{"method_name":"query","arguments":[]}}
06-05 18:15:20.965 I/System.out( 1998): }
06-05 18:15:20.978 I/ActivityManager( 1630): START u0 {cmp=com.evancharlton.mileage/.FieldActivity} from uid 10150 on display 0
06-05 18:15:20.979 V/PhoneStatusBar( 1712): setLightsOn(true)
06-05 18:15:20.980 V/PhoneStatusBar( 1712): setLightsOn(true)
06-05 18:15:21.017 I/WindowManager( 1630): Destroying surface Surface(name=AtchDlg:com.evancharlton.mileage/com.evancharlton.mileage.FieldListActivity) called by com.android.server.wm.WindowStateAnimator.destroySurface:2016 com.android.server.wm.WindowStateAnimator.destroySurfaceLocked:882 com.android.server.wm.WindowState.removeLocked:1456 com.android.server.wm.WindowManagerService.removeWindowInnerLocked:2484 com.android.server.wm.WindowManagerService.removeWindowLocked:2442 com.android.server.wm.WindowManagerService.removeWindowLocked:2311 com.android.server.wm.WindowManagerService.removeWindow:2306 com.android.server.wm.Session.remove:202 
06-05 18:15:21.049 I/calabash( 1998): newActivity1
06-05 18:15:21.092 V/PhoneStatusBar( 1712): setLightsOn(true)
06-05 18:15:21.109 V/PhoneStatusBar( 1712): setLightsOn(true)
06-05 18:15:21.129 D/gralloc_ranchu( 1346): gralloc_alloc: Creating ashmem region of size 9023488
06-05 18:15:21.159 V/PhoneStatusBar( 1712): setLightsOn(true)
06-05 18:15:21.159 W/InputMethodService( 1697): Window size has been changed. This may cause jankiness of resizing window: -1 -> -2
06-05 18:15:21.160 I/ActivityManager( 1630): Displayed com.evancharlton.mileage/.FieldActivity: +145ms
06-05 18:15:21.160 D/gralloc_ranchu( 1346): gralloc_alloc: Creating ashmem region of size 9023488
06-05 18:15:21.170 I/LatinIME( 1697): Starting input. Cursor position = 0,0
06-05 18:15:21.176 V/PhoneStatusBar( 1712): setLightsOn(true)
06-05 18:15:21.260 V/PhoneStatusBar( 1712): setLightsOn(true)
06-05 18:15:21.290 I/System.out( 1998): URI: //map
06-05 18:15:21.290 I/System.out( 1998): params: {json={"query":"android.widget.EditText index:0","operation":{"method_name":"query","arguments":[]}}
06-05 18:15:21.290 I/System.out( 1998): }
06-05 18:15:21.295 V/PhoneStatusBar( 1712): setLightsOn(true)
06-05 18:15:21.334 D/EGL_emulation( 1712): eglMakeCurrent: 0xb4085540: ver 2 0 (tinfo 0xb4083740)
06-05 18:15:21.340 D/EGL_emulation( 1712): eglMakeCurrent: 0xb4085540: ver 2 0 (tinfo 0xb4083740)
06-05 18:15:21.341 V/PhoneStatusBar( 1712): setLightsOn(true)
06-05 18:15:21.352 D/EGL_emulation( 1697): eglMakeCurrent: 0xb4085660: ver 2 0 (tinfo 0xb40834b0)
06-05 18:15:21.366 I/System.out( 1998): URI: //gesture
06-05 18:15:21.366 I/System.out( 1998): params: {json={"query_timeout":5.0,"gestures":[{"query_string":"android.widget.EditText index:0","touches":[{"x":50,"y":50,"offset_x":0,"offset_y":0,"wait":0.0,"time":0.2,"release":true,"query_string":null}]}]}
06-05 18:15:21.366 I/System.out( 1998): }
06-05 18:15:21.409 V/PhoneStatusBar( 1712): setLightsOn(true)
06-05 18:15:21.411 V/PhoneStatusBar( 1712): setLightsOn(true)
06-05 18:15:21.443 V/PhoneStatusBar( 1712): setLightsOn(true)
06-05 18:15:21.444 V/PhoneStatusBar( 1712): setLightsOn(true)
06-05 18:15:21.542 V/PhoneStatusBar( 1712): setLightsOn(true)
06-05 18:15:21.544 V/PhoneStatusBar( 1712): setLightsOn(true)
06-05 18:15:21.560 V/PhoneStatusBar( 1712): setLightsOn(true)
06-05 18:15:21.576 I/WindowManager( 1630): Destroying surface Surface(name=com.evancharlton.mileage/com.evancharlton.mileage.FieldListActivity) called by com.android.server.wm.WindowStateAnimator.destroySurface:2016 com.android.server.wm.WindowStateAnimator.destroySurfaceLocked:882 com.android.server.wm.WindowState.destroyOrSaveSurface:2100 com.android.server.wm.WindowManagerService.tryStartExitingAnimation:3024 com.android.server.wm.WindowManagerService.relayoutWindow:2904 com.android.server.wm.Session.relayout:224 android.view.IWindowSession$Stub.onTransact:286 com.android.server.wm.Session.onTransact:145 
06-05 18:15:21.577 V/PhoneStatusBar( 1712): setLightsOn(true)
06-05 18:15:21.643 V/PhoneStatusBar( 1712): setLightsOn(true)
06-05 18:15:22.126 I/System.out( 1998): URI: //
06-05 18:15:22.126 I/System.out( 1998): params: {json={"command":"set_selection","arguments":[-1,-1]}
06-05 18:15:22.126 I/System.out( 1998): }
06-05 18:15:22.126 I/System.out( 1998): header: {content-type=application/json;charset=utf-8, date=Fri, 05 Jun 2020 23:15:22 GMT, accept=*/*, host=127.0.0.1:34784, content-length=47, user-agent=HTTPClient/1.0 (2.8.3, ruby 2.5.1 (2018-03-29))}
06-05 18:15:22.126 I/System.out( 1998): params: {json={"command":"set_selection","arguments":[-1,-1]}
06-05 18:15:22.126 I/System.out( 1998): }
06-05 18:15:22.126 I/System.out( 1998): ProP json = {"command":"set_selection","arguments":[-1,-1]}
06-05 18:15:22.126 I/System.out( 1998): files: {}
06-05 18:15:22.126 I/System.out( 1998): command: {"command":"set_selection","arguments":[-1,-1]}
06-05 18:15:22.127 I/InstrumentationBackend( 1998): Got command:'Command:'Line:null,set_selection', arguments:'[-1, -1]'
06-05 18:15:22.132 I/System.out( 1998): result:{"bonusInformation":[],"message":"","success":true}
06-05 18:15:22.151 I/System.out( 1998): URI: //
06-05 18:15:22.151 I/System.out( 1998): params: {json={"command":"keyboard_enter_text","arguments":["Gas station name"]}
06-05 18:15:22.151 I/System.out( 1998): }
06-05 18:15:22.151 I/System.out( 1998): header: {content-type=application/json;charset=utf-8, date=Fri, 05 Jun 2020 23:15:22 GMT, accept=*/*, host=127.0.0.1:34784, content-length=66, user-agent=HTTPClient/1.0 (2.8.3, ruby 2.5.1 (2018-03-29))}
06-05 18:15:22.151 I/System.out( 1998): params: {json={"command":"keyboard_enter_text","arguments":["Gas station name"]}
06-05 18:15:22.151 I/System.out( 1998): }
06-05 18:15:22.151 I/System.out( 1998): ProP json = {"command":"keyboard_enter_text","arguments":["Gas station name"]}
06-05 18:15:22.151 I/System.out( 1998): files: {}
06-05 18:15:22.151 I/System.out( 1998): command: {"command":"keyboard_enter_text","arguments":["Gas station name"]}
06-05 18:15:22.152 I/InstrumentationBackend( 1998): Got command:'Command:'Line:null,keyboard_enter_text', arguments:'[Gas station name]'
06-05 18:15:22.153 E/SpannableStringBuilder( 1998): SPAN_EXCLUSIVE_EXCLUSIVE spans cannot have a zero length
06-05 18:15:22.153 E/SpannableStringBuilder( 1998): SPAN_EXCLUSIVE_EXCLUSIVE spans cannot have a zero length
06-05 18:15:22.161 I/LatinIME:LogUtils( 1697): Dictionary info: dictionary = spellcheck_userunigram.en_US ; version = 1591398922 ; date = ?
06-05 18:15:22.164 E/SpannableStringBuilder( 1998): SPAN_EXCLUSIVE_EXCLUSIVE spans cannot have a zero length
06-05 18:15:22.164 E/SpannableStringBuilder( 1998): SPAN_EXCLUSIVE_EXCLUSIVE spans cannot have a zero length
06-05 18:15:22.168 I/System.out( 1998): result:{"bonusInformation":[],"message":"","success":true}
06-05 18:15:22.172 I/LatinIME:LogUtils( 1697): Dictionary info: dictionary = main:en ; version = 54 ; date = 1414726273
06-05 18:15:22.176 I/System.out( 1998): URI: //
06-05 18:15:22.176 I/System.out( 1998): params: {json={"command":"press_key","arguments":["KEYCODE_BACK"]}
06-05 18:15:22.176 I/System.out( 1998): }
06-05 18:15:22.176 I/System.out( 1998): header: {content-type=application/json;charset=utf-8, date=Fri, 05 Jun 2020 23:15:22 GMT, accept=*/*, host=127.0.0.1:34784, content-length=52, user-agent=HTTPClient/1.0 (2.8.3, ruby 2.5.1 (2018-03-29))}
06-05 18:15:22.176 I/System.out( 1998): params: {json={"command":"press_key","arguments":["KEYCODE_BACK"]}
06-05 18:15:22.176 I/System.out( 1998): }
06-05 18:15:22.176 I/System.out( 1998): ProP json = {"command":"press_key","arguments":["KEYCODE_BACK"]}
06-05 18:15:22.176 I/System.out( 1998): files: {}
06-05 18:15:22.176 I/System.out( 1998): command: {"command":"press_key","arguments":["KEYCODE_BACK"]}
06-05 18:15:22.178 I/InstrumentationBackend( 1998): Got command:'Command:'Line:null,press_key', arguments:'[KEYCODE_BACK]'
06-05 18:15:22.215 W/InputMethodService( 1697): Window size has been changed. This may cause jankiness of resizing window: -1 -> -2
06-05 18:15:22.216 I/System.out( 1998): result:{"bonusInformation":[],"message":"","success":true}
06-05 18:15:22.219 I/System.out( 1998): URI: //map
06-05 18:15:22.219 I/System.out( 1998): params: {json={"query":"* marked:'Add new field'","operation":{"method_name":"query","arguments":[]}}
06-05 18:15:22.219 I/System.out( 1998): }
06-05 18:15:22.223 W/ResourceType( 1998): No package identifier when getting name for resource number 0x00000001
06-05 18:15:22.226 D/EGL_emulation( 1712): eglMakeCurrent: 0xb4085540: ver 2 0 (tinfo 0xb4083740)
06-05 18:15:22.226 D/EGL_emulation( 1697): eglMakeCurrent: 0xb4085660: ver 2 0 (tinfo 0xb40834b0)
06-05 18:15:22.229 V/PhoneStatusBar( 1712): setLightsOn(true)
06-05 18:15:22.230 V/PhoneStatusBar( 1712): setLightsOn(true)
06-05 18:15:22.232 I/System.out( 1998): URI: //gesture
06-05 18:15:22.232 I/System.out( 1998): params: {json={"query_timeout":5.0,"gestures":[{"query_string":"* marked:'Add new field'","touches":[{"x":50,"y":50,"offset_x":0,"offset_y":0,"wait":0.0,"time":0.2,"release":true,"query_string":null}]}]}
06-05 18:15:22.232 I/System.out( 1998): }
06-05 18:15:22.243 V/PhoneStatusBar( 1712): setLightsOn(true)
06-05 18:15:22.264 W/ResourceType( 1998): No package identifier when getting name for resource number 0x00000001
06-05 18:15:22.315 D/gralloc_ranchu( 1346): gralloc_alloc: Creating ashmem region of size 9023488
06-05 18:15:22.410 V/PhoneStatusBar( 1712): setLightsOn(true)
06-05 18:15:22.410 I/WindowManager( 1630): Destroying surface Surface(name=InputMethod) called by com.android.server.wm.WindowStateAnimator.destroySurface:2016 com.android.server.wm.WindowStateAnimator.destroySurfaceLocked:882 com.android.server.wm.WindowState.destroyOrSaveSurface:2100 com.android.server.wm.WindowSurfacePlacer.performSurfacePlacementInner:429 com.android.server.wm.WindowSurfacePlacer.performSurfacePlacementLoop:232 com.android.server.wm.WindowSurfacePlacer.performSurfacePlacement:180 com.android.server.wm.WindowManagerService$H.handleMessage:8086 android.os.Handler.dispatchMessage:102 
06-05 18:15:22.593 V/PhoneStatusBar( 1712): setLightsOn(true)
06-05 18:15:22.629 D/Mileage.ABS( 1998): Finished backup
06-05 18:15:22.643 D/EGL_emulation( 1712): eglMakeCurrent: 0xb4085540: ver 2 0 (tinfo 0xb4083740)
06-05 18:15:22.643 V/PhoneStatusBar( 1712): setLightsOn(true)
06-05 18:15:22.659 D/gralloc_ranchu( 1346): gralloc_alloc: Creating ashmem region of size 9023488
06-05 18:15:22.659 V/PhoneStatusBar( 1712): setLightsOn(true)
06-05 18:15:22.693 V/PhoneStatusBar( 1712): setLightsOn(true)
06-05 18:15:22.709 V/PhoneStatusBar( 1712): setLightsOn(true)
06-05 18:15:22.720 W/IInputConnectionWrapper( 1998): finishComposingText on inactive InputConnection
06-05 18:15:22.742 V/PhoneStatusBar( 1712): setLightsOn(true)
06-05 18:15:22.960 V/PhoneStatusBar( 1712): setLightsOn(true)
06-05 18:15:22.960 V/PhoneStatusBar( 1712): setLightsOn(true)
06-05 18:15:22.961 I/WindowManager( 1630): Destroying surface Surface(name=com.evancharlton.mileage/com.evancharlton.mileage.FieldActivity) called by com.android.server.wm.WindowStateAnimator.destroySurface:2016 com.android.server.wm.WindowStateAnimator.destroySurfaceLocked:882 com.android.server.wm.WindowState.removeLocked:1456 com.android.server.wm.WindowManagerService.removeWindowInnerLocked:2484 com.android.server.wm.WindowManagerService.removeWindowLocked:2442 com.android.server.wm.WindowManagerService.removeWindowLocked:2311 com.android.server.wm.WindowManagerService.removeWindow:2306 com.android.server.wm.Session.remove:202 
06-05 18:15:22.962 V/PhoneStatusBar( 1712): setLightsOn(true)
06-05 18:15:22.977 V/PhoneStatusBar( 1712): setLightsOn(true)
06-05 18:15:23.572 I/System.out( 1998): URI: //
06-05 18:15:23.572 I/System.out( 1998): params: {json={"command":"press_key","arguments":["KEYCODE_MENU"]}
06-05 18:15:23.572 I/System.out( 1998): }
06-05 18:15:23.572 I/System.out( 1998): header: {content-type=application/json;charset=utf-8, date=Fri, 05 Jun 2020 23:15:24 GMT, accept=*/*, host=127.0.0.1:34784, content-length=52, user-agent=HTTPClient/1.0 (2.8.3, ruby 2.5.1 (2018-03-29))}
06-05 18:15:23.572 I/System.out( 1998): params: {json={"command":"press_key","arguments":["KEYCODE_MENU"]}
06-05 18:15:23.572 I/System.out( 1998): }
06-05 18:15:23.572 I/System.out( 1998): ProP json = {"command":"press_key","arguments":["KEYCODE_MENU"]}
06-05 18:15:23.572 I/System.out( 1998): files: {}
06-05 18:15:23.573 I/System.out( 1998): command: {"command":"press_key","arguments":["KEYCODE_MENU"]}
06-05 18:15:23.574 I/InstrumentationBackend( 1998): Got command:'Command:'Line:null,press_key', arguments:'[KEYCODE_MENU]'
06-05 18:15:23.578 V/PhoneStatusBar( 1712): setLightsOn(true)
06-05 18:15:23.583 I/System.out( 1998): result:{"bonusInformation":[],"message":"","success":true}
06-05 18:15:23.586 I/System.out( 1998): URI: //map
06-05 18:15:23.586 I/System.out( 1998): params: {json={"query":"* marked:'Add new field'","operation":{"method_name":"query","arguments":[]}}
06-05 18:15:23.586 I/System.out( 1998): }
06-05 18:15:23.594 I/art     ( 1998): Do partial code cache collection, code=50KB, data=56KB
06-05 18:15:23.594 I/art     ( 1998): After code cache collection, code=50KB, data=56KB
06-05 18:15:23.594 I/art     ( 1998): Increasing code cache capacity to 256KB
06-05 18:15:23.594 V/PhoneStatusBar( 1712): setLightsOn(true)
06-05 18:15:23.610 V/PhoneStatusBar( 1712): setLightsOn(true)
06-05 18:15:23.627 V/PhoneStatusBar( 1712): setLightsOn(true)
06-05 18:15:23.628 D/gralloc_ranchu( 1346): gralloc_alloc: Creating ashmem region of size 929792
06-05 18:15:23.638 V/PhoneStatusBar( 1712): setLightsOn(true)
06-05 18:15:23.638 W/ResourceType( 1998): No package identifier when getting name for resource number 0x00000001
06-05 18:15:23.639 V/PhoneStatusBar( 1712): setLightsOn(true)
06-05 18:15:23.643 V/PhoneStatusBar( 1712): setLightsOn(true)
06-05 18:15:23.650 I/System.out( 1998): URI: //gesture
06-05 18:15:23.650 I/System.out( 1998): params: {json={"query_timeout":5.0,"gestures":[{"query_string":"* marked:'Add new field'","touches":[{"x":50,"y":50,"offset_x":0,"offset_y":0,"wait":0.0,"time":0.2,"release":true,"query_string":null}]}]}
06-05 18:15:23.650 I/System.out( 1998): }
06-05 18:15:23.654 W/ResourceType( 1998): No package identifier when getting name for resource number 0x00000001
06-05 18:15:23.759 D/gralloc_ranchu( 1346): gralloc_alloc: Creating ashmem region of size 929792
06-05 18:15:23.842 D/gralloc_ranchu( 1346): gralloc_alloc: Creating ashmem region of size 9023488
06-05 18:15:23.864 V/PhoneStatusBar( 1712): setLightsOn(true)
06-05 18:15:23.891 D/gralloc_ranchu( 1346): gralloc_alloc: Creating ashmem region of size 9023488
06-05 18:15:23.964 I/System.out( 1998): URI: //map
06-05 18:15:23.964 I/System.out( 1998): params: {json={"query":"android.widget.EditText index:0","operation":{"method_name":"query","arguments":[]}}
06-05 18:15:23.964 I/System.out( 1998): }
06-05 18:15:23.980 I/ActivityManager( 1630): START u0 {cmp=com.evancharlton.mileage/.FieldActivity} from uid 10150 on display 0
06-05 18:15:23.981 V/PhoneStatusBar( 1712): setLightsOn(true)
06-05 18:15:23.982 V/PhoneStatusBar( 1712): setLightsOn(true)
06-05 18:15:24.017 I/WindowManager( 1630): Destroying surface Surface(name=AtchDlg:com.evancharlton.mileage/com.evancharlton.mileage.FieldListActivity) called by com.android.server.wm.WindowStateAnimator.destroySurface:2016 com.android.server.wm.WindowStateAnimator.destroySurfaceLocked:882 com.android.server.wm.WindowState.removeLocked:1456 com.android.server.wm.WindowManagerService.removeWindowInnerLocked:2484 com.android.server.wm.WindowManagerService.removeWindowLocked:2442 com.android.server.wm.WindowManagerService.removeWindowLocked:2311 com.android.server.wm.WindowManagerService.removeWindow:2306 com.android.server.wm.Session.remove:202 
06-05 18:15:24.048 I/calabash( 1998): newActivity1
06-05 18:15:24.126 V/PhoneStatusBar( 1712): setLightsOn(true)
06-05 18:15:24.159 V/PhoneStatusBar( 1712): setLightsOn(true)
06-05 18:15:24.168 D/gralloc_ranchu( 1346): gralloc_alloc: Creating ashmem region of size 9023488
06-05 18:15:24.192 V/PhoneStatusBar( 1712): setLightsOn(true)
06-05 18:15:24.193 W/InputMethodService( 1697): Window size has been changed. This may cause jankiness of resizing window: -1 -> -2
06-05 18:15:24.193 I/ActivityManager( 1630): Displayed com.evancharlton.mileage/.FieldActivity: +178ms
06-05 18:15:24.193 D/gralloc_ranchu( 1346): gralloc_alloc: Creating ashmem region of size 9023488
06-05 18:15:24.197 I/LatinIME( 1697): Starting input. Cursor position = 0,0
06-05 18:15:24.209 V/PhoneStatusBar( 1712): setLightsOn(true)
06-05 18:15:24.260 V/PhoneStatusBar( 1712): setLightsOn(true)
06-05 18:15:24.291 I/System.out( 1998): URI: //map
06-05 18:15:24.291 I/System.out( 1998): params: {json={"query":"android.widget.EditText index:0","operation":{"method_name":"query","arguments":[]}}
06-05 18:15:24.291 I/System.out( 1998): }
06-05 18:15:24.293 V/PhoneStatusBar( 1712): setLightsOn(true)
06-05 18:15:24.311 D/EGL_emulation( 1712): eglMakeCurrent: 0xb4085540: ver 2 0 (tinfo 0xb4083740)
06-05 18:15:24.311 V/PhoneStatusBar( 1712): setLightsOn(true)
06-05 18:15:24.312 D/EGL_emulation( 1697): eglMakeCurrent: 0xb4085660: ver 2 0 (tinfo 0xb40834b0)
06-05 18:15:24.312 I/System.out( 1998): URI: //gesture
06-05 18:15:24.312 I/System.out( 1998): params: {json={"query_timeout":5.0,"gestures":[{"query_string":"android.widget.EditText index:0","touches":[{"x":50,"y":50,"offset_x":0,"offset_y":0,"wait":0.0,"time":0.2,"release":true,"query_string":null}]}]}
06-05 18:15:24.312 I/System.out( 1998): }
06-05 18:15:24.326 D/EGL_emulation( 1712): eglMakeCurrent: 0xb4085540: ver 2 0 (tinfo 0xb4083740)
06-05 18:15:24.340 I/art     ( 1998): Compiler allocated 7MB to compile sh.calaba.instrumentationbackend.actions.NanoHTTPD$Response sh.calaba.instrumentationbackend.actions.HttpServer.serve(java.lang.String, java.lang.String, java.util.Properties, java.util.Properties, java.util.Properties)
06-05 18:15:24.342 V/PhoneStatusBar( 1712): setLightsOn(true)
06-05 18:15:24.428 V/PhoneStatusBar( 1712): setLightsOn(true)
06-05 18:15:24.544 V/PhoneStatusBar( 1712): setLightsOn(true)
06-05 18:15:24.561 V/PhoneStatusBar( 1712): setLightsOn(true)
06-05 18:15:24.564 V/PhoneStatusBar( 1712): setLightsOn(true)
06-05 18:15:24.578 V/PhoneStatusBar( 1712): setLightsOn(true)
06-05 18:15:24.581 I/WindowManager( 1630): Destroying surface Surface(name=com.evancharlton.mileage/com.evancharlton.mileage.FieldListActivity) called by com.android.server.wm.WindowStateAnimator.destroySurface:2016 com.android.server.wm.WindowStateAnimator.destroySurfaceLocked:882 com.android.server.wm.WindowState.destroyOrSaveSurface:2100 com.android.server.wm.WindowManagerService.tryStartExitingAnimation:3024 com.android.server.wm.WindowManagerService.relayoutWindow:2904 com.android.server.wm.Session.relayout:224 android.view.IWindowSession$Stub.onTransact:286 com.android.server.wm.Session.onTransact:145 
