06-05 18:15:24.582 V/PhoneStatusBar( 1712): setLightsOn(true)
06-05 18:15:25.073 I/System.out( 1998): URI: //
06-05 18:15:25.073 I/System.out( 1998): params: {json={"command":"set_selection","arguments":[-1,-1]}
06-05 18:15:25.073 I/System.out( 1998): }
06-05 18:15:25.073 I/System.out( 1998): header: {content-type=application/json;charset=utf-8, date=Fri, 05 Jun 2020 23:15:25 GMT, accept=*/*, host=127.0.0.1:34784, content-length=47, user-agent=HTTPClient/1.0 (2.8.3, ruby 2.5.1 (2018-03-29))}
06-05 18:15:25.073 I/System.out( 1998): params: {json={"command":"set_selection","arguments":[-1,-1]}
06-05 18:15:25.073 I/System.out( 1998): }
06-05 18:15:25.073 I/System.out( 1998): ProP json = {"command":"set_selection","arguments":[-1,-1]}
06-05 18:15:25.073 I/System.out( 1998): files: {}
06-05 18:15:25.073 I/System.out( 1998): command: {"command":"set_selection","arguments":[-1,-1]}
06-05 18:15:25.074 I/InstrumentationBackend( 1998): Got command:'Command:'Line:null,set_selection', arguments:'[-1, -1]'
06-05 18:15:25.076 I/System.out( 1998): result:{"bonusInformation":[],"message":"","success":true}
06-05 18:15:25.090 I/System.out( 1998): URI: //
06-05 18:15:25.090 I/System.out( 1998): params: {json={"command":"keyboard_enter_text","arguments":["Gas station address"]}
06-05 18:15:25.090 I/System.out( 1998): }
06-05 18:15:25.090 I/System.out( 1998): header: {content-type=application/json;charset=utf-8, date=Fri, 05 Jun 2020 23:15:25 GMT, accept=*/*, host=127.0.0.1:34784, content-length=69, user-agent=HTTPClient/1.0 (2.8.3, ruby 2.5.1 (2018-03-29))}
06-05 18:15:25.090 I/System.out( 1998): params: {json={"command":"keyboard_enter_text","arguments":["Gas station address"]}
06-05 18:15:25.090 I/System.out( 1998): }
06-05 18:15:25.090 I/System.out( 1998): ProP json = {"command":"keyboard_enter_text","arguments":["Gas station address"]}
06-05 18:15:25.090 I/System.out( 1998): files: {}
06-05 18:15:25.090 I/System.out( 1998): command: {"command":"keyboard_enter_text","arguments":["Gas station address"]}
06-05 18:15:25.091 I/InstrumentationBackend( 1998): Got command:'Command:'Line:null,keyboard_enter_text', arguments:'[Gas station address]'
06-05 18:15:25.092 E/SpannableStringBuilder( 1998): SPAN_EXCLUSIVE_EXCLUSIVE spans cannot have a zero length
06-05 18:15:25.092 E/SpannableStringBuilder( 1998): SPAN_EXCLUSIVE_EXCLUSIVE spans cannot have a zero length
06-05 18:15:25.094 I/LatinIME:LogUtils( 1697): Dictionary info: dictionary = spellcheck_userunigram.en_US ; version = 1591398925 ; date = ?
06-05 18:15:25.099 I/LatinIME:LogUtils( 1697): Dictionary info: dictionary = main:en ; version = 54 ; date = 1414726273
06-05 18:15:25.099 E/SpannableStringBuilder( 1998): SPAN_EXCLUSIVE_EXCLUSIVE spans cannot have a zero length
06-05 18:15:25.099 E/SpannableStringBuilder( 1998): SPAN_EXCLUSIVE_EXCLUSIVE spans cannot have a zero length
06-05 18:15:25.102 I/System.out( 1998): result:{"bonusInformation":[],"message":"","success":true}
06-05 18:15:25.105 I/System.out( 1998): URI: //
06-05 18:15:25.105 I/System.out( 1998): params: {json={"command":"press_key","arguments":["KEYCODE_BACK"]}
06-05 18:15:25.105 I/System.out( 1998): }
06-05 18:15:25.105 I/System.out( 1998): header: {content-type=application/json;charset=utf-8, date=Fri, 05 Jun 2020 23:15:25 GMT, accept=*/*, host=127.0.0.1:34784, content-length=52, user-agent=HTTPClient/1.0 (2.8.3, ruby 2.5.1 (2018-03-29))}
06-05 18:15:25.105 I/System.out( 1998): params: {json={"command":"press_key","arguments":["KEYCODE_BACK"]}
06-05 18:15:25.105 I/System.out( 1998): }
06-05 18:15:25.105 I/System.out( 1998): ProP json = {"command":"press_key","arguments":["KEYCODE_BACK"]}
06-05 18:15:25.105 I/System.out( 1998): files: {}
06-05 18:15:25.105 I/System.out( 1998): command: {"command":"press_key","arguments":["KEYCODE_BACK"]}
06-05 18:15:25.106 I/InstrumentationBackend( 1998): Got command:'Command:'Line:null,press_key', arguments:'[KEYCODE_BACK]'
06-05 18:15:25.134 W/InputMethodService( 1697): Window size has been changed. This may cause jankiness of resizing window: -1 -> -2
06-05 18:15:25.135 I/System.out( 1998): result:{"bonusInformation":[],"message":"","success":true}
06-05 18:15:25.138 I/System.out( 1998): URI: //map
06-05 18:15:25.138 I/System.out( 1998): params: {json={"query":"* marked:'Add new field'","operation":{"method_name":"query","arguments":[]}}
06-05 18:15:25.138 I/System.out( 1998): }
06-05 18:15:25.141 W/ResourceType( 1998): No package identifier when getting name for resource number 0x00000001
06-05 18:15:25.143 D/EGL_emulation( 1712): eglMakeCurrent: 0xb4085540: ver 2 0 (tinfo 0xb4083740)
06-05 18:15:25.143 D/EGL_emulation( 1697): eglMakeCurrent: 0xb4085660: ver 2 0 (tinfo 0xb40834b0)
06-05 18:15:25.145 V/PhoneStatusBar( 1712): setLightsOn(true)
06-05 18:15:25.146 V/PhoneStatusBar( 1712): setLightsOn(true)
06-05 18:15:25.150 I/System.out( 1998): URI: //gesture
06-05 18:15:25.150 I/System.out( 1998): params: {json={"query_timeout":5.0,"gestures":[{"query_string":"* marked:'Add new field'","touches":[{"x":50,"y":50,"offset_x":0,"offset_y":0,"wait":0.0,"time":0.2,"release":true,"query_string":null}]}]}
06-05 18:15:25.150 I/System.out( 1998): }
06-05 18:15:25.159 V/PhoneStatusBar( 1712): setLightsOn(true)
06-05 18:15:25.177 W/ResourceType( 1998): No package identifier when getting name for resource number 0x00000001
06-05 18:15:25.326 V/PhoneStatusBar( 1712): setLightsOn(true)
06-05 18:15:25.327 I/WindowManager( 1630): Destroying surface Surface(name=InputMethod) called by com.android.server.wm.WindowStateAnimator.destroySurface:2016 com.android.server.wm.WindowStateAnimator.destroySurfaceLocked:882 com.android.server.wm.WindowState.destroyOrSaveSurface:2100 com.android.server.wm.WindowSurfacePlacer.performSurfacePlacementInner:429 com.android.server.wm.WindowSurfacePlacer.performSurfacePlacementLoop:232 com.android.server.wm.WindowSurfacePlacer.performSurfacePlacement:180 com.android.server.wm.WindowManagerService$H.handleMessage:8086 android.os.Handler.dispatchMessage:102 
06-05 18:15:25.360 D/gralloc_ranchu( 1346): gralloc_alloc: Creating ashmem region of size 9023488
