--------- beginning of main
06-05 18:32:37.747 W/audio_hw_generic( 1394): Not supplying enough data to HAL, expected position 474163035 , only wrote 472836240
06-05 18:32:37.766 D/AndroidRuntime( 3330): >>>>>> START com.android.internal.os.RuntimeInit uid 2000 <<<<<<
06-05 18:32:37.767 D/AndroidRuntime( 3330): CheckJNI is ON
06-05 18:32:37.777 W/art     ( 3330): Unexpected CPU variant for X86 using defaults: x86
06-05 18:32:37.780 D/ICU     ( 3330): No timezone override file found: /data/misc/zoneinfo/current/icu/icu_tzdata.dat
06-05 18:32:37.788 E/memtrack( 3330): Couldn't load memtrack module (No such file or directory)
06-05 18:32:37.788 E/android.os.Debug( 3330): failed to load memtrack module: -2
06-05 18:32:37.789 I/Radio-JNI( 3330): register_android_hardware_Radio DONE
06-05 18:32:37.794 D/AndroidRuntime( 3330): Calling main entry com.android.commands.am.Am
--------- beginning of system
06-05 18:32:37.796 I/ActivityManager( 1629): Force stopping com.evancharlton.mileage appid=10160 user=0: start instr
06-05 18:32:37.796 I/ActivityManager( 1629): Killing 3306:com.evancharlton.mileage/u0a160 (adj 0): stop com.evancharlton.mileage
06-05 18:32:37.796 D/ActivityManager( 1629): cleanUpApplicationRecord -- 3306
06-05 18:32:37.796 W/ActivityManager( 1629): Crash of app com.evancharlton.mileage running instrumentation ComponentInfo{com.evancharlton.mileage.test/sh.calaba.instrumentationbackend.ClearAppData2}
06-05 18:32:37.796 I/ActivityManager( 1629): Force stopping com.evancharlton.mileage appid=10160 user=0: finished inst
06-05 18:32:37.799 I/art     ( 3349): Not late-enabling -Xcheck:jni (already on)
06-05 18:32:37.799 W/art     ( 3349): Unexpected CPU variant for X86 using defaults: x86
06-05 18:32:37.807 I/ActivityManager( 1629): Start proc 3349:com.evancharlton.mileage/u0a160 for added application com.evancharlton.mileage
06-05 18:32:37.807 D/AndroidRuntime( 3330): Shutting down VM
06-05 18:32:37.821 W/System  ( 3349): ClassLoader referenced unknown path: /data/app/com.evancharlton.mileage.test-1/lib/x86
06-05 18:32:37.821 W/System  ( 3349): ClassLoader referenced unknown path: /data/app/com.evancharlton.mileage-1/lib/x86
06-05 18:32:37.823 W/System  ( 3349): ClassLoader referenced unknown path: 
06-05 18:32:37.827 I/System.out( 3349): Main activity name automatically set to: com.evancharlton.mileage.Mileage
06-05 18:32:37.827 I/System.out( 3349): Calabash did not load Mono. This is only a problem if you are trying to test a Mono application
06-05 18:32:37.827 I/calabash( 3349): Test server port: 7102
06-05 18:32:37.828 I/InstrumentationBackend( 3349): Added:'GetPreferences', with key:'get_preferences'
06-05 18:32:37.833 I/InstrumentationBackend( 3349): Added:'SetPreferences', with key:'set_preferences'
06-05 18:32:37.833 I/InstrumentationBackend( 3349): Added:'ClearPreferences', with key:'clear_preferences'
06-05 18:32:37.833 I/InstrumentationBackend( 3349): Added:'PressElement', with key:'press_l10n_element'
06-05 18:32:37.833 I/InstrumentationBackend( 3349): Added:'WaitForElement', with key:'wait_for_l10n_element'
06-05 18:32:37.833 I/InstrumentationBackend( 3349): Added:'NullAction', with key:'nullAction'
06-05 18:32:37.833 I/InstrumentationBackend( 3349): Added:'PressKey', with key:'press_key'
06-05 18:32:37.833 I/InstrumentationBackend( 3349): Added:'SetActivityOrientation', with key:'set_activity_orientation'
06-05 18:32:37.833 I/InstrumentationBackend( 3349): Added:'GetActivityOrientation', with key:'get_activity_orientation'
06-05 18:32:37.833 I/InstrumentationBackend( 3349): Added:'FakeGPSLocation', with key:'set_gps_coordinates'
06-05 18:32:37.833 I/InstrumentationBackend( 3349): Added:'SetPropertyByCssSelector', with key:'set_property_by_css_selector'
06-05 18:32:37.833 I/InstrumentationBackend( 3349): Added:'GetUrl', with key:'get_url'
06-05 18:32:37.834 I/InstrumentationBackend( 3349): Added:'ScrollTo', with key:'scroll_to'
06-05 18:32:37.834 I/InstrumentationBackend( 3349): Added:'GetLoadProgress', with key:'get_load_progress'
06-05 18:32:37.834 I/InstrumentationBackend( 3349): Added:'DumpHtml', with key:'dump_html'
06-05 18:32:37.834 I/InstrumentationBackend( 3349): Added:'DumpBodyHtml', with key:'dump_body_html'
06-05 18:32:37.834 I/InstrumentationBackend( 3349): Added:'EnterTextByCssSelector', with key:'enter_text_by_selector'
06-05 18:32:37.834 I/InstrumentationBackend( 3349): Added:'AndroidSDKVersion', with key:'android_sdk_version'
06-05 18:32:37.834 I/InstrumentationBackend( 3349): Added:'Version', with key:'version'
06-05 18:32:37.834 I/InstrumentationBackend( 3349): Added:'Drag', with key:'drag'
06-05 18:32:37.834 I/InstrumentationBackend( 3349): Added:'TouchCoordinates', with key:'touch_coordinate'
06-05 18:32:37.834 I/InstrumentationBackend( 3349): Added:'LongPressCoordinate', with key:'long_press_coordinate'
06-05 18:32:37.834 I/InstrumentationBackend( 3349): Added:'DragCoordinates', with key:'drag_coordinates'
06-05 18:32:37.834 I/InstrumentationBackend( 3349): Added:'ResumeApplication', with key:'resume_application'
06-05 18:32:37.835 I/InstrumentationBackend( 3349): Added:'Swipe', with key:'swipe'
06-05 18:32:37.835 I/InstrumentationBackend( 3349): Added:'DoubleTapCoordinate', with key:'double_tap_coordinate'
06-05 18:32:37.835 I/InstrumentationBackend( 3349): Added:'ClickOnScreen', with key:'click_on_screen'
06-05 18:32:37.835 I/InstrumentationBackend( 3349): Added:'GetActivityName', with key:'get_activity_name'
06-05 18:32:37.835 I/InstrumentationBackend( 3349): Added:'ScrollToView', with key:'scroll_to_view'
06-05 18:32:37.835 I/InstrumentationBackend( 3349): Added:'ViewConfiguration', with key:'view_configuration'
06-05 18:32:37.835 I/InstrumentationBackend( 3349): Added:'IsCurrentActivityFocused', with key:'is_current_activity_focused'
06-05 18:32:37.835 I/InstrumentationBackend( 3349): Added:'SendTcp', with key:'send_tcp'
06-05 18:32:37.835 I/InstrumentationBackend( 3349): Added:'DpToDevicePixel', with key:'dp_to_device_pixel'
06-05 18:32:37.835 I/InstrumentationBackend( 3349): Added:'KeyboardEnterText', with key:'keyboard_enter_text'
06-05 18:32:37.835 I/InstrumentationBackend( 3349): Added:'DeleteSurroundingText', with key:'delete_surrounding_text'
06-05 18:32:37.835 I/InstrumentationBackend( 3349): Added:'SetComposingRegion', with key:'set_composing_region'
06-05 18:32:37.835 I/InstrumentationBackend( 3349): Added:'SetSelection', with key:'set_selection'
06-05 18:32:37.835 I/InstrumentationBackend( 3349): Added:'KeyboardKeyEvent', with key:'keyboard_key_event'
06-05 18:32:37.835 I/InstrumentationBackend( 3349): Added:'PressUserActionButton', with key:'press_user_action_button'
06-05 18:32:37.836 I/InstrumentationBackend( 3349): Added:'HideSoftKeyboard', with key:'hide_soft_keyboard'
06-05 18:32:37.836 I/InstrumentationBackend( 3349): Added:'ListActions', with key:'list_actions'
06-05 18:32:37.836 I/calabash( 3349): Instantiating http server at 7102
06-05 18:32:37.836 I/System.out( 3349): HTTP Daemon listening on: 7102
06-05 18:32:37.917 I/System.out( 3349): URI: //ping
06-05 18:32:37.917 I/System.out( 3349): params: {json={}
06-05 18:32:37.917 I/System.out( 3349): }
06-05 18:32:37.919 I/System.out( 3349): URI: //ping
06-05 18:32:37.919 I/System.out( 3349): params: {json={}
06-05 18:32:37.919 I/System.out( 3349): }
06-05 18:32:37.921 I/System.out( 3349): URI: //ready
06-05 18:32:37.921 I/System.out( 3349): params: {json={}
06-05 18:32:37.921 I/System.out( 3349): }
06-05 18:32:37.922 I/System.out( 3349): URI: //
06-05 18:32:37.922 I/System.out( 3349): params: {json={"command":"version","arguments":[]}
06-05 18:32:37.922 I/System.out( 3349): }
06-05 18:32:37.922 I/System.out( 3349): header: {content-type=application/json;charset=utf-8, date=Fri, 05 Jun 2020 23:32:38 GMT, accept=*/*, host=127.0.0.1:34783, content-length=36, user-agent=HTTPClient/1.0 (2.8.3, ruby 2.5.1 (2018-03-29))}
06-05 18:32:37.922 I/System.out( 3349): params: {json={"command":"version","arguments":[]}
06-05 18:32:37.922 I/System.out( 3349): }
06-05 18:32:37.923 I/System.out( 3349): ProP json = {"command":"version","arguments":[]}
06-05 18:32:37.923 I/System.out( 3349): files: {}
06-05 18:32:37.923 I/System.out( 3349): command: {"command":"version","arguments":[]}
06-05 18:32:37.925 I/InstrumentationBackend( 3349): Got command:'Command:'Line:null,version', arguments:'[]'
06-05 18:32:37.932 I/System.out( 3349): result:{"bonusInformation":[],"message":"0.9.8","success":true}
06-05 18:32:37.934 I/System.out( 3349): URI: //start-application
06-05 18:32:37.934 I/System.out( 3349): params: {json={"intent":null}
06-05 18:32:37.934 I/System.out( 3349): }
06-05 18:32:37.942 I/ActivityManager( 1629): START u0 {act=android.intent.action.MAIN cat=[android.intent.category.LAUNCHER] flg=0x10200000 cmp=com.evancharlton.mileage/.Mileage} from uid 10160 on display 0
06-05 18:32:37.949 I/calabash( 3349): newActivity1
06-05 18:32:37.960 I/calabash( 3349): newActivity1
06-05 18:32:37.962 W/ActivityManager( 1629): Bad activity token: android.os.BinderProxy@e0c0319
06-05 18:32:37.962 W/ActivityManager( 1629): java.lang.ClassCastException: android.os.BinderProxy cannot be cast to com.android.server.am.ActivityRecord$Token
06-05 18:32:37.962 W/ActivityManager( 1629): 	at com.android.server.am.ActivityRecord.forTokenLocked(ActivityRecord.java:586)
06-05 18:32:37.962 W/ActivityManager( 1629): 	at com.android.server.am.ActivityRecord.isInStackLocked(ActivityRecord.java:1327)
06-05 18:32:37.962 W/ActivityManager( 1629): 	at com.android.server.am.ActivityRecord.getStackLocked(ActivityRecord.java:1332)
06-05 18:32:37.962 W/ActivityManager( 1629): 	at com.android.server.am.ActivityManagerService.getActivityDisplayId(ActivityManagerService.java:9806)
06-05 18:32:37.962 W/ActivityManager( 1629): 	at android.app.ActivityManagerNative.onTransact(ActivityManagerNative.java:2566)
06-05 18:32:37.962 W/ActivityManager( 1629): 	at com.android.server.am.ActivityManagerService.onTransact(ActivityManagerService.java:2757)
06-05 18:32:37.962 W/ActivityManager( 1629): 	at android.os.Binder.execTransact(Binder.java:565)
06-05 18:32:37.963 W/ActivityManager( 1629): Bad activity token: android.os.BinderProxy@e0c0319
06-05 18:32:37.963 W/ActivityManager( 1629): java.lang.ClassCastException: android.os.BinderProxy cannot be cast to com.android.server.am.ActivityRecord$Token
06-05 18:32:37.963 W/ActivityManager( 1629): 	at com.android.server.am.ActivityRecord.forTokenLocked(ActivityRecord.java:586)
06-05 18:32:37.963 W/ActivityManager( 1629): 	at com.android.server.am.ActivityRecord.isInStackLocked(ActivityRecord.java:1327)
06-05 18:32:37.963 W/ActivityManager( 1629): 	at com.android.server.am.ActivityManagerService.setTaskDescription(ActivityManagerService.java:9358)
06-05 18:32:37.963 W/ActivityManager( 1629): 	at android.app.ActivityManagerNative.onTransact(ActivityManagerNative.java:2639)
06-05 18:32:37.963 W/ActivityManager( 1629): 	at com.android.server.am.ActivityManagerService.onTransact(ActivityManagerService.java:2757)
06-05 18:32:37.963 W/ActivityManager( 1629): 	at android.os.Binder.execTransact(Binder.java:565)
06-05 18:32:37.963 W/ActivityManager( 1629): Bad activity token: android.os.BinderProxy@e0c0319
06-05 18:32:37.963 W/ActivityManager( 1629): java.lang.ClassCastException: android.os.BinderProxy cannot be cast to com.android.server.am.ActivityRecord$Token
06-05 18:32:37.963 W/ActivityManager( 1629): 	at com.android.server.am.ActivityRecord.forTokenLocked(ActivityRecord.java:586)
06-05 18:32:37.963 W/ActivityManager( 1629): 	at com.android.server.am.ActivityRecord.isInStackLocked(ActivityRecord.java:1327)
06-05 18:32:37.963 W/ActivityManager( 1629): 	at com.android.server.am.ActivityRecord.getStackLocked(ActivityRecord.java:1332)
06-05 18:32:37.963 W/ActivityManager( 1629): 	at com.android.server.am.ActivityManagerService.getActivityStackId(ActivityManagerService.java:9817)
06-05 18:32:37.963 W/ActivityManager( 1629): 	at android.app.ActivityManagerNative.onTransact(ActivityManagerNative.java:2856)
06-05 18:32:37.963 W/ActivityManager( 1629): 	at com.android.server.am.ActivityManagerService.onTransact(ActivityManagerService.java:2757)
06-05 18:32:37.963 W/ActivityManager( 1629): 	at android.os.Binder.execTransact(Binder.java:565)
06-05 18:32:37.973 D/gralloc_ranchu( 1346): gralloc_alloc: Creating ashmem region of size 9023488
06-05 18:32:37.974 D/FillupsProvider( 3349): Creating database
06-05 18:32:38.000 W/ActivityManager( 1629): Bad activity token: android.os.BinderProxy@e0c0319
06-05 18:32:38.000 W/ActivityManager( 1629): java.lang.ClassCastException: android.os.BinderProxy cannot be cast to com.android.server.am.ActivityRecord$Token
06-05 18:32:38.000 W/ActivityManager( 1629): 	at com.android.server.am.ActivityRecord.forTokenLocked(ActivityRecord.java:586)
06-05 18:32:38.000 W/ActivityManager( 1629): 	at com.android.server.am.ActivityRecord.isInStackLocked(ActivityRecord.java:1327)
06-05 18:32:38.000 W/ActivityManager( 1629): 	at com.android.server.am.ActivityManagerService.getActivityOptions(ActivityManagerService.java:12559)
06-05 18:32:38.000 W/ActivityManager( 1629): 	at android.app.ActivityManagerNative.onTransact(ActivityManagerNative.java:1933)
06-05 18:32:38.000 W/ActivityManager( 1629): 	at com.android.server.am.ActivityManagerService.onTransact(ActivityManagerService.java:2757)
06-05 18:32:38.000 W/ActivityManager( 1629): 	at android.os.Binder.execTransact(Binder.java:565)
06-05 18:32:38.001 W/ActivityManager( 1629): Bad activity token: android.os.BinderProxy@e0c0319
06-05 18:32:38.001 W/ActivityManager( 1629): java.lang.ClassCastException: android.os.BinderProxy cannot be cast to com.android.server.am.ActivityRecord$Token
06-05 18:32:38.001 W/ActivityManager( 1629): 	at com.android.server.am.ActivityRecord.forTokenLocked(ActivityRecord.java:586)
06-05 18:32:38.001 W/ActivityManager( 1629): 	at com.android.server.am.ActivityRecord.isInStackLocked(ActivityRecord.java:1327)
06-05 18:32:38.001 W/ActivityManager( 1629): 	at com.android.server.am.ActivityManagerService.getActivityOptions(ActivityManagerService.java:12559)
06-05 18:32:38.001 W/ActivityManager( 1629): 	at android.app.ActivityManagerNative.onTransact(ActivityManagerNative.java:1933)
06-05 18:32:38.001 W/ActivityManager( 1629): 	at com.android.server.am.ActivityManagerService.onTransact(ActivityManagerService.java:2757)
06-05 18:32:38.001 W/ActivityManager( 1629): 	at android.os.Binder.execTransact(Binder.java:565)
06-05 18:32:38.012 V/PhoneStatusBar( 1711): setLightsOn(true)
06-05 18:32:38.022 D/EGL_emulation( 2150): eglMakeCurrent: 0xb4f852a0: ver 2 0 (tinfo 0xb4f832e0)
06-05 18:32:38.024 D/EGL_emulation( 1711): eglMakeCurrent: 0xa5b6bd80: ver 2 0 (tinfo 0xb1367140)
06-05 18:32:38.037 D/gralloc_ranchu( 1346): gralloc_alloc: Creating ashmem region of size 9023488
06-05 18:32:38.037 D/EGL_emulation( 1711): eglMakeCurrent: 0xa5b6bd80: ver 2 0 (tinfo 0xb1367140)
06-05 18:32:38.044 D/        ( 3349): HostConnection::get() New Host Connection established 0xa78384c0, tid 3349
06-05 18:32:38.073 D/EGL_emulation( 1711): eglMakeCurrent: 0xa5b6bd80: ver 2 0 (tinfo 0xb1367140)
06-05 18:32:38.073 V/PhoneStatusBar( 1711): setLightsOn(true)
06-05 18:32:38.083 D/EGL_emulation( 1711): eglMakeCurrent: 0xa5b6bd80: ver 2 0 (tinfo 0xb1367140)
06-05 18:32:38.086 D/EGL_emulation( 1711): eglMakeCurrent: 0xa5b6bd80: ver 2 0 (tinfo 0xb1367140)
06-05 18:32:38.088 D/EGL_emulation( 1711): eglMakeCurrent: 0xa5b6bd80: ver 2 0 (tinfo 0xb1367140)
06-05 18:32:38.090 D/EGL_emulation( 1711): eglMakeCurrent: 0xa5b6bd80: ver 2 0 (tinfo 0xb1367140)
06-05 18:32:38.104 D/EGL_emulation( 1711): eglMakeCurrent: 0xa5b6bd80: ver 2 0 (tinfo 0xb1367140)
06-05 18:32:38.106 D/EGL_emulation( 1711): eglMakeCurrent: 0xa5b6bd80: ver 2 0 (tinfo 0xb1367140)
06-05 18:32:38.121 D/EGL_emulation( 1711): eglMakeCurrent: 0xa5b6bd80: ver 2 0 (tinfo 0xb1367140)
06-05 18:32:38.122 D/EGL_emulation( 1711): eglMakeCurrent: 0xa5b6bd80: ver 2 0 (tinfo 0xb1367140)
06-05 18:32:38.137 D/gralloc_ranchu( 1346): gralloc_alloc: Creating ashmem region of size 9023488
06-05 18:32:38.137 I/ActivityManager( 1629): Displayed com.evancharlton.mileage/.Mileage: +192ms
06-05 18:32:38.137 D/EGL_emulation( 1711): eglMakeCurrent: 0xa5b6bd80: ver 2 0 (tinfo 0xb1367140)
06-05 18:32:38.157 D/EGL_emulation( 1711): eglMakeCurrent: 0xa5b6bd80: ver 2 0 (tinfo 0xb1367140)
06-05 18:32:38.159 D/EGL_emulation( 1711): eglMakeCurrent: 0xa5b6bd80: ver 2 0 (tinfo 0xb1367140)
06-05 18:32:38.160 D/EGL_emulation( 1711): eglMakeCurrent: 0xa5b6bd80: ver 2 0 (tinfo 0xb1367140)
06-05 18:32:38.171 D/EGL_emulation( 1711): eglMakeCurrent: 0xa5b6bd80: ver 2 0 (tinfo 0xb1367140)
06-05 18:32:38.173 D/EGL_emulation( 1711): eglMakeCurrent: 0xa5b6bd80: ver 2 0 (tinfo 0xb1367140)
06-05 18:32:38.174 V/PhoneStatusBar( 1711): setLightsOn(true)
06-05 18:32:38.188 D/EGL_emulation( 1711): eglMakeCurrent: 0xa5b6bd80: ver 2 0 (tinfo 0xb1367140)
06-05 18:32:38.190 D/EGL_emulation( 1711): eglMakeCurrent: 0xa5b6bd80: ver 2 0 (tinfo 0xb1367140)
06-05 18:32:38.204 D/EGL_emulation( 1711): eglMakeCurrent: 0xa5b6bd80: ver 2 0 (tinfo 0xb1367140)
06-05 18:32:38.206 D/EGL_emulation( 1711): eglMakeCurrent: 0xa5b6bd80: ver 2 0 (tinfo 0xb1367140)
06-05 18:32:38.221 D/EGL_emulation( 1711): eglMakeCurrent: 0xa5b6bd80: ver 2 0 (tinfo 0xb1367140)
06-05 18:32:38.223 D/EGL_emulation( 1711): eglMakeCurrent: 0xa5b6bd80: ver 2 0 (tinfo 0xb1367140)
06-05 18:32:38.238 D/EGL_emulation( 1711): eglMakeCurrent: 0xa5b6bd80: ver 2 0 (tinfo 0xb1367140)
06-05 18:32:38.277 I/System.out( 3349): URI: //map
06-05 18:32:38.277 I/System.out( 3349): params: {json={"query":"* {text CONTAINS[c] 'Fillup information'}","operation":{"method_name":"query","arguments":[]}}
06-05 18:32:38.277 I/System.out( 3349): }
06-05 18:32:38.301 I/System.out( 3349): URI: //map
06-05 18:32:38.301 I/System.out( 3349): params: {json={"query":"* {text CONTAINS[c] 'Tank was not filled to the top'}","operation":{"method_name":"query","arguments":[]}}
06-05 18:32:38.301 I/System.out( 3349): }
06-05 18:32:38.317 I/System.out( 3349): URI: //map
06-05 18:32:38.317 I/System.out( 3349): params: {json={"query":"* {text CONTAINS[c] 'Extra data'}","operation":{"method_name":"query","arguments":[]}}
06-05 18:32:38.317 I/System.out( 3349): }
06-05 18:32:38.334 I/System.out( 3349): URI: //map
06-05 18:32:38.334 I/System.out( 3349): params: {json={"query":"* {text CONTAINS[c] 'Save Fillup'}","operation":{"method_name":"query","arguments":[]}}
06-05 18:32:38.334 I/System.out( 3349): }
06-05 18:32:38.337 I/WindowManager( 1629): Destroying surface Surface(name=Starting com.evancharlton.mileage) called by com.android.server.wm.WindowStateAnimator.destroySurface:2016 com.android.server.wm.WindowStateAnimator.destroySurfaceLocked:882 com.android.server.wm.WindowState.destroyOrSaveSurface:2100 com.android.server.wm.AppWindowToken.destroySurfaces:363 com.android.server.wm.WindowStateAnimator.finishExit:565 com.android.server.wm.WindowStateAnimator.stepAnimationLocked:491 com.android.server.wm.WindowAnimator.updateWindowsLocked:303 com.android.server.wm.WindowAnimator.animateLocked:704 
06-05 18:32:38.338 V/PhoneStatusBar( 1711): setLightsOn(true)
06-05 18:32:38.346 I/art     ( 3349): Do partial code cache collection, code=30KB, data=30KB
06-05 18:32:38.347 I/art     ( 3349): After code cache collection, code=30KB, data=30KB
06-05 18:32:38.347 I/art     ( 3349): Increasing code cache capacity to 128KB
06-05 18:32:38.348 I/System.out( 3349): URI: //
06-05 18:32:38.348 I/System.out( 3349): params: {json={"command":"press_key","arguments":["KEYCODE_MENU"]}
06-05 18:32:38.348 I/System.out( 3349): }
06-05 18:32:38.348 I/System.out( 3349): header: {content-type=application/json;charset=utf-8, date=Fri, 05 Jun 2020 23:32:38 GMT, accept=*/*, host=127.0.0.1:34783, content-length=52, user-agent=HTTPClient/1.0 (2.8.3, ruby 2.5.1 (2018-03-29))}
06-05 18:32:38.348 I/System.out( 3349): params: {json={"command":"press_key","arguments":["KEYCODE_MENU"]}
06-05 18:32:38.348 I/System.out( 3349): }
06-05 18:32:38.348 I/System.out( 3349): ProP json = {"command":"press_key","arguments":["KEYCODE_MENU"]}
06-05 18:32:38.348 I/System.out( 3349): files: {}
06-05 18:32:38.348 I/System.out( 3349): command: {"command":"press_key","arguments":["KEYCODE_MENU"]}
06-05 18:32:38.349 I/InstrumentationBackend( 3349): Got command:'Command:'Line:null,press_key', arguments:'[KEYCODE_MENU]'
06-05 18:32:38.372 V/PhoneStatusBar( 1711): setLightsOn(true)
06-05 18:32:38.471 V/PhoneStatusBar( 1711): setLightsOn(true)
06-05 18:32:38.471 V/PhoneStatusBar( 1711): setLightsOn(true)
06-05 18:32:38.475 I/System.out( 3349): result:{"bonusInformation":[],"message":"","success":true}
06-05 18:32:38.479 I/System.out( 3349): URI: //map
06-05 18:32:38.479 I/System.out( 3349): params: {json={"query":"* {text CONTAINS[c] 'Edit fields'}","operation":{"method_name":"query","arguments":[]}}
06-05 18:32:38.479 I/System.out( 3349): }
06-05 18:32:38.481 W/audio_hw_generic( 1394): Not supplying enough data to HAL, expected position 472836438 , only wrote 472836240
06-05 18:32:38.523 V/PhoneStatusBar( 1711): setLightsOn(true)
06-05 18:32:38.537 V/PhoneStatusBar( 1711): setLightsOn(true)
06-05 18:32:38.554 V/PhoneStatusBar( 1711): setLightsOn(true)
06-05 18:32:38.556 D/gralloc_ranchu( 1346): gralloc_alloc: Creating ashmem region of size 1720320
06-05 18:32:38.564 V/PhoneStatusBar( 1711): setLightsOn(true)
06-05 18:32:38.571 V/PhoneStatusBar( 1711): setLightsOn(true)
06-05 18:32:38.574 I/System.out( 3349): URI: //map
06-05 18:32:38.574 I/System.out( 3349): params: {json={"query":"* {text CONTAINS[c] 'Service intervals'}","operation":{"method_name":"query","arguments":[]}}
06-05 18:32:38.574 I/System.out( 3349): }
06-05 18:32:38.619 I/System.out( 3349): URI: //map
06-05 18:32:38.619 I/System.out( 3349): params: {json={"query":"* {text CONTAINS[c] 'Import / Export'}","operation":{"method_name":"query","arguments":[]}}
06-05 18:32:38.620 I/System.out( 3349): }
06-05 18:32:38.634 I/System.out( 3349): URI: //map
06-05 18:32:38.634 I/System.out( 3349): params: {json={"query":"* {text CONTAINS[c] 'Settings'}","operation":{"method_name":"query","arguments":[]}}
06-05 18:32:38.634 I/System.out( 3349): }
