06-05 18:19:14.673 I/System.out( 6625): }
06-05 18:19:14.673 I/System.out( 6625): ProP json = {"command":"set_selection","arguments":[-1,-1]}
06-05 18:19:14.673 I/System.out( 6625): files: {}
06-05 18:19:14.673 I/System.out( 6625): command: {"command":"set_selection","arguments":[-1,-1]}
06-05 18:19:14.677 I/InstrumentationBackend( 6625): Got command:'Command:'Line:null,set_selection', arguments:'[-1, -1]'
06-05 18:19:14.687 I/System.out( 6625): result:{"bonusInformation":[],"message":"","success":true}
06-05 18:19:14.722 I/System.out( 6625): URI: //
06-05 18:19:14.722 I/System.out( 6625): params: {json={"command":"keyboard_enter_text","arguments":["Gray Brown"]}
06-05 18:19:14.722 I/System.out( 6625): }
06-05 18:19:14.722 I/System.out( 6625): header: {content-type=application/json;charset=utf-8, date=Fri, 05 Jun 2020 23:19:15 GMT, accept=*/*, host=127.0.0.1:34784, content-length=60, user-agent=HTTPClient/1.0 (2.8.3, ruby 2.5.1 (2018-03-29))}
06-05 18:19:14.722 I/System.out( 6625): params: {json={"command":"keyboard_enter_text","arguments":["Gray Brown"]}
06-05 18:19:14.722 I/System.out( 6625): }
06-05 18:19:14.722 I/System.out( 6625): ProP json = {"command":"keyboard_enter_text","arguments":["Gray Brown"]}
06-05 18:19:14.722 I/System.out( 6625): files: {}
06-05 18:19:14.722 I/System.out( 6625): command: {"command":"keyboard_enter_text","arguments":["Gray Brown"]}
06-05 18:19:14.724 I/InstrumentationBackend( 6625): Got command:'Command:'Line:null,keyboard_enter_text', arguments:'[Gray Brown]'
06-05 18:19:14.724 E/SpannableStringBuilder( 6625): SPAN_EXCLUSIVE_EXCLUSIVE spans cannot have a zero length
06-05 18:19:14.724 E/SpannableStringBuilder( 6625): SPAN_EXCLUSIVE_EXCLUSIVE spans cannot have a zero length
06-05 18:19:14.728 I/LatinIME:LogUtils( 1697): Dictionary info: dictionary = spellcheck_userunigram.en_US ; version = 1591399154 ; date = ?
06-05 18:19:14.729 E/SpannableStringBuilder( 6625): SPAN_EXCLUSIVE_EXCLUSIVE spans cannot have a zero length
06-05 18:19:14.729 E/SpannableStringBuilder( 6625): SPAN_EXCLUSIVE_EXCLUSIVE spans cannot have a zero length
06-05 18:19:14.732 I/System.out( 6625): result:{"bonusInformation":[],"message":"","success":true}
06-05 18:19:14.735 I/LatinIME:LogUtils( 1697): Dictionary info: dictionary = main:en ; version = 54 ; date = 1414726273
06-05 18:19:14.735 I/System.out( 6625): URI: //
06-05 18:19:14.735 I/System.out( 6625): params: {json={"command":"press_key","arguments":["KEYCODE_BACK"]}
06-05 18:19:14.735 I/System.out( 6625): }
06-05 18:19:14.735 I/System.out( 6625): header: {content-type=application/json;charset=utf-8, date=Fri, 05 Jun 2020 23:19:15 GMT, accept=*/*, host=127.0.0.1:34784, content-length=52, user-agent=HTTPClient/1.0 (2.8.3, ruby 2.5.1 (2018-03-29))}
06-05 18:19:14.735 I/System.out( 6625): params: {json={"command":"press_key","arguments":["KEYCODE_BACK"]}
06-05 18:19:14.735 I/System.out( 6625): }
06-05 18:19:14.735 I/System.out( 6625): ProP json = {"command":"press_key","arguments":["KEYCODE_BACK"]}
06-05 18:19:14.735 I/System.out( 6625): files: {}
06-05 18:19:14.735 I/System.out( 6625): command: {"command":"press_key","arguments":["KEYCODE_BACK"]}
06-05 18:19:14.736 I/InstrumentationBackend( 6625): Got command:'Command:'Line:null,press_key', arguments:'[KEYCODE_BACK]'
06-05 18:19:14.738 I/art     ( 6625): Compiler allocated 7MB to compile sh.calaba.instrumentationbackend.actions.NanoHTTPD$Response sh.calaba.instrumentationbackend.actions.HttpServer.serve(java.lang.String, java.lang.String, java.util.Properties, java.util.Properties, java.util.Properties)
06-05 18:19:14.788 W/InputMethodService( 1697): Window size has been changed. This may cause jankiness of resizing window: -1 -> -2
06-05 18:19:14.789 I/System.out( 6625): result:{"bonusInformation":[],"message":"","success":true}
06-05 18:19:14.793 D/EGL_emulation( 1712): eglMakeCurrent: 0xb4085540: ver 2 0 (tinfo 0xb4083740)
06-05 18:19:14.793 I/System.out( 6625): URI: //map
06-05 18:19:14.793 I/System.out( 6625): params: {json={"query":"* marked:'Save changes'","operation":{"method_name":"query","arguments":[]}}
06-05 18:19:14.793 I/System.out( 6625): }
06-05 18:19:14.794 D/EGL_emulation( 1697): eglMakeCurrent: 0xb4085660: ver 2 0 (tinfo 0xb40834b0)
06-05 18:19:14.797 V/PhoneStatusBar( 1712): setLightsOn(true)
06-05 18:19:14.798 V/PhoneStatusBar( 1712): setLightsOn(true)
06-05 18:19:14.810 V/PhoneStatusBar( 1712): setLightsOn(true)
06-05 18:19:14.827 W/ResourceType( 6625): No package identifier when getting name for resource number 0x00000001
06-05 18:19:14.835 I/System.out( 6625): URI: //gesture
06-05 18:19:14.835 I/System.out( 6625): params: {json={"query_timeout":5.0,"gestures":[{"query_string":"* marked:'Save changes'","touches":[{"x":50,"y":50,"offset_x":0,"offset_y":0,"wait":0.0,"time":0.2,"release":true,"query_string":null}]}]}
06-05 18:19:14.835 I/System.out( 6625): }
06-05 18:19:14.839 W/ResourceType( 6625): No package identifier when getting name for resource number 0x00000001
06-05 18:19:14.979 V/PhoneStatusBar( 1712): setLightsOn(true)
06-05 18:19:14.980 I/WindowManager( 1630): Destroying surface Surface(name=InputMethod) called by com.android.server.wm.WindowStateAnimator.destroySurface:2016 com.android.server.wm.WindowStateAnimator.destroySurfaceLocked:882 com.android.server.wm.WindowState.destroyOrSaveSurface:2100 com.android.server.wm.WindowSurfacePlacer.performSurfacePlacementInner:429 com.android.server.wm.WindowSurfacePlacer.performSurfacePlacementLoop:232 com.android.server.wm.WindowSurfacePlacer.performSurfacePlacement:180 com.android.server.wm.WindowManagerService$H.handleMessage:8086 android.os.Handler.dispatchMessage:102 
06-05 18:19:15.064 W/audio_hw_generic( 1395): Not supplying enough data to HAL, expected position 403814356 , only wrote 403814160
06-05 18:19:15.066 V/PhoneStatusBar( 1712): setLightsOn(true)
06-05 18:19:15.067 I/System.out( 6625): URI: //map
06-05 18:19:15.068 I/System.out( 6625): params: {json={"query":"* {text CONTAINS[c] 'Javier Vehicle'}","operation":{"method_name":"query","arguments":[]}}
06-05 18:19:15.068 I/System.out( 6625): }
06-05 18:19:15.068 V/PhoneStatusBar( 1712): setLightsOn(true)
06-05 18:19:15.069 D/Mileage.ABS( 6625): Finished backup
06-05 18:19:15.069 D/Mileage.ABS( 6625): Not backing up; 2
06-05 18:19:15.069 D/Mileage.ABS( 6625): Not backing up; 2
06-05 18:19:15.076 D/EGL_emulation( 1712): eglMakeCurrent: 0xb4085540: ver 2 0 (tinfo 0xb4083740)
06-05 18:19:15.076 V/PhoneStatusBar( 1712): setLightsOn(true)
06-05 18:19:15.106 W/ActivityManager( 1630): Bad activity token: android.os.BinderProxy@f7fbdf7
06-05 18:19:15.106 W/ActivityManager( 1630): java.lang.ClassCastException: android.os.BinderProxy cannot be cast to com.android.server.am.ActivityRecord$Token
06-05 18:19:15.106 W/ActivityManager( 1630): 	at com.android.server.am.ActivityRecord.forTokenLocked(ActivityRecord.java:586)
06-05 18:19:15.106 W/ActivityManager( 1630): 	at com.android.server.am.ActivityRecord.isInStackLocked(ActivityRecord.java:1327)
06-05 18:19:15.106 W/ActivityManager( 1630): 	at com.android.server.am.ActivityManagerService.getActivityOptions(ActivityManagerService.java:12559)
06-05 18:19:15.106 W/ActivityManager( 1630): 	at android.app.ActivityManagerNative.onTransact(ActivityManagerNative.java:1933)
06-05 18:19:15.106 W/ActivityManager( 1630): 	at com.android.server.am.ActivityManagerService.onTransact(ActivityManagerService.java:2757)
06-05 18:19:15.106 W/ActivityManager( 1630): 	at android.os.Binder.execTransact(Binder.java:565)
06-05 18:19:15.125 V/PhoneStatusBar( 1712): setLightsOn(true)
06-05 18:19:15.125 I/System.out( 6625): URI: //map
06-05 18:19:15.125 I/System.out( 6625): params: {json={"query":"* {text CONTAINS[c] 'Gray Brown'}","operation":{"method_name":"query","arguments":[]}}
06-05 18:19:15.125 I/System.out( 6625): }
06-05 18:19:15.128 D/gralloc_ranchu( 1346): gralloc_alloc: Creating ashmem region of size 9023488
06-05 18:19:15.159 V/PhoneStatusBar( 1712): setLightsOn(true)
06-05 18:19:15.170 W/IInputConnectionWrapper( 6625): finishComposingText on inactive InputConnection
06-05 18:19:15.175 V/PhoneStatusBar( 1712): setLightsOn(true)
06-05 18:19:15.192 V/PhoneStatusBar( 1712): setLightsOn(true)
