--------- beginning of main
06-05 18:19:09.425 V/PhoneStatusBar( 1712): setLightsOn(true)
06-05 18:19:09.428 D/gralloc_ranchu( 1346): gralloc_alloc: Creating ashmem region of size 3145728
06-05 18:19:09.432 E/EGL_emulation( 1346): tid 1346: eglCreateSyncKHR(1901): error 0x3004 (EGL_BAD_ATTRIBUTE)
--------- beginning of system
06-05 18:19:09.445 W/ActivityManager( 1630): Finishing task with all activities already finished
06-05 18:19:09.445 W/ActivityManager( 1630): Duplicate finish request for ActivityRecord{58e7b67 u0 com.evancharlton.mileage/.Mileage t2755 f}
06-05 18:19:09.445 W/ActivityManager( 1630): Finishing task with all activities already finished
06-05 18:19:09.445 W/ActivityManager( 1630): Duplicate finish request for ActivityRecord{58e7b67 u0 com.evancharlton.mileage/.Mileage t2755 f}
06-05 18:19:09.445 W/ActivityManager( 1630): Finishing task with all activities already finished
06-05 18:19:09.445 W/ActivityManager( 1630): Duplicate finish request for ActivityRecord{58e7b67 u0 com.evancharlton.mileage/.Mileage t2755 f}
06-05 18:19:09.446 W/ActivityManager( 1630): Finishing task with all activities already finished
06-05 18:19:09.446 W/ActivityManager( 1630): Duplicate finish request for ActivityRecord{58e7b67 u0 com.evancharlton.mileage/.Mileage t2755 f}
06-05 18:19:09.446 W/ActivityManager( 1630): Finishing task with all activities already finished
06-05 18:19:09.446 W/ActivityManager( 1630): Duplicate finish request for ActivityRecord{58e7b67 u0 com.evancharlton.mileage/.Mileage t2755 f}
06-05 18:19:09.446 W/ActivityManager( 1630): Finishing task with all activities already finished
06-05 18:19:09.446 W/ActivityManager( 1630): Duplicate finish request for ActivityRecord{38eb055 u0 com.evancharlton.mileage/.VehicleActivity t2755 f}
06-05 18:19:09.446 W/ActivityManager( 1630): Finishing task with all activities already finished
06-05 18:19:09.446 W/ActivityManager( 1630): Duplicate finish request for ActivityRecord{38eb055 u0 com.evancharlton.mileage/.VehicleActivity t2755 f}
06-05 18:19:09.446 W/ActivityManager( 1630): Finishing task with all activities already finished
06-05 18:19:09.446 W/ActivityManager( 1630): Duplicate finish request for ActivityRecord{58e7b67 u0 com.evancharlton.mileage/.Mileage t2755 f}
06-05 18:19:09.446 W/ActivityManager( 1630): Finishing task with all activities already finished
06-05 18:19:09.446 W/ActivityManager( 1630): Duplicate finish request for ActivityRecord{58e7b67 u0 com.evancharlton.mileage/.Mileage t2755 f}
06-05 18:19:09.494 D/EGL_emulation( 2099): eglMakeCurrent: 0xb4085240: ver 2 0 (tinfo 0xb40832d0)
06-05 18:19:09.495 D/EGL_emulation( 1712): eglMakeCurrent: 0xb4085540: ver 2 0 (tinfo 0xb4083740)
06-05 18:19:09.509 D/EGL_emulation( 1712): eglMakeCurrent: 0xb4085540: ver 2 0 (tinfo 0xb4083740)
06-05 18:19:09.527 D/EGL_emulation( 1712): eglMakeCurrent: 0xb4085540: ver 2 0 (tinfo 0xb4083740)
06-05 18:19:09.543 D/EGL_emulation( 1712): eglMakeCurrent: 0xb4085540: ver 2 0 (tinfo 0xb4083740)
06-05 18:19:09.545 D/EGL_emulation( 1712): eglMakeCurrent: 0xb4085540: ver 2 0 (tinfo 0xb4083740)
06-05 18:19:09.559 D/EGL_emulation( 1712): eglMakeCurrent: 0xb4085540: ver 2 0 (tinfo 0xb4083740)
06-05 18:19:09.561 D/EGL_emulation( 1712): eglMakeCurrent: 0xb4085540: ver 2 0 (tinfo 0xb4083740)
06-05 18:19:09.576 D/EGL_emulation( 1712): eglMakeCurrent: 0xb4085540: ver 2 0 (tinfo 0xb4083740)
06-05 18:19:09.578 D/EGL_emulation( 1712): eglMakeCurrent: 0xb4085540: ver 2 0 (tinfo 0xb4083740)
06-05 18:19:09.590 D/AndroidRuntime( 6615): >>>>>> START com.android.internal.os.RuntimeInit uid 2000 <<<<<<
06-05 18:19:09.591 D/AndroidRuntime( 6615): CheckJNI is ON
06-05 18:19:09.593 D/EGL_emulation( 1712): eglMakeCurrent: 0xb4085540: ver 2 0 (tinfo 0xb4083740)
06-05 18:19:09.594 D/EGL_emulation( 1712): eglMakeCurrent: 0xb4085540: ver 2 0 (tinfo 0xb4083740)
06-05 18:19:09.602 W/art     ( 6615): Unexpected CPU variant for X86 using defaults: x86
06-05 18:19:09.604 D/ICU     ( 6615): No timezone override file found: /data/misc/zoneinfo/current/icu/icu_tzdata.dat
06-05 18:19:09.609 D/EGL_emulation( 1712): eglMakeCurrent: 0xb4085540: ver 2 0 (tinfo 0xb4083740)
06-05 18:19:09.611 E/memtrack( 6615): Couldn't load memtrack module (No such file or directory)
06-05 18:19:09.611 E/android.os.Debug( 6615): failed to load memtrack module: -2
06-05 18:19:09.611 D/EGL_emulation( 1712): eglMakeCurrent: 0xb4085540: ver 2 0 (tinfo 0xb4083740)
06-05 18:19:09.611 I/Radio-JNI( 6615): register_android_hardware_Radio DONE
06-05 18:19:09.615 D/AndroidRuntime( 6615): Calling main entry com.android.commands.am.Am
06-05 18:19:09.616 I/ActivityManager( 1630): Force stopping com.evancharlton.mileage appid=10150 user=0: start instr
06-05 18:19:09.616 I/ActivityManager( 1630): Killing 6547:com.evancharlton.mileage/u0a150 (adj 0): stop com.evancharlton.mileage
06-05 18:19:09.616 D/ActivityManager( 1630): cleanUpApplicationRecord -- 6547
06-05 18:19:09.618 W/InputDispatcher( 1630): channel 'de18237 com.evancharlton.mileage/com.evancharlton.mileage.VehicleActivity (server)' ~ Consumer closed input channel or an error occurred.  events=0x9
06-05 18:19:09.618 E/InputDispatcher( 1630): channel 'de18237 com.evancharlton.mileage/com.evancharlton.mileage.VehicleActivity (server)' ~ Channel is unrecoverably broken and will be disposed!
06-05 18:19:09.618 W/ActivityManager( 1630): Crash of app com.evancharlton.mileage running instrumentation ComponentInfo{com.evancharlton.mileage.test/sh.calaba.instrumentationbackend.CalabashInstrumentationTestRunner}
06-05 18:19:09.618 W/InputDispatcher( 1630): channel '15ac562 com.evancharlton.mileage/com.evancharlton.mileage.Mileage (server)' ~ Consumer closed input channel or an error occurred.  events=0x9
06-05 18:19:09.618 E/InputDispatcher( 1630): channel '15ac562 com.evancharlton.mileage/com.evancharlton.mileage.Mileage (server)' ~ Channel is unrecoverably broken and will be disposed!
06-05 18:19:09.618 I/ActivityManager( 1630): Force stopping com.evancharlton.mileage appid=10150 user=0: finished inst
06-05 18:19:09.618 I/WindowManager( 1630): WIN DEATH: Window{de18237 u0 com.evancharlton.mileage/com.evancharlton.mileage.VehicleActivity EXITING}
06-05 18:19:09.618 W/InputDispatcher( 1630): Attempted to unregister already unregistered input channel 'de18237 com.evancharlton.mileage/com.evancharlton.mileage.VehicleActivity (server)'
06-05 18:19:09.619 I/WindowManager( 1630): WIN DEATH: Window{15ac562 u0 com.evancharlton.mileage/com.evancharlton.mileage.Mileage EXITING}
06-05 18:19:09.619 W/InputDispatcher( 1630): Attempted to unregister already unregistered input channel '15ac562 com.evancharlton.mileage/com.evancharlton.mileage.Mileage (server)'
06-05 18:19:09.621 I/art     ( 6625): Not late-enabling -Xcheck:jni (already on)
06-05 18:19:09.621 W/art     ( 6625): Unexpected CPU variant for X86 using defaults: x86
06-05 18:19:09.625 I/WindowManager( 1630): Destroying surface Surface(name=com.evancharlton.mileage/com.evancharlton.mileage.VehicleActivity) called by com.android.server.wm.WindowStateAnimator.destroySurface:2016 com.android.server.wm.WindowStateAnimator.destroySurfaceLocked:882 com.android.server.wm.WindowState.removeLocked:1456 com.android.server.wm.WindowManagerService.removeWindowInnerLocked:2484 com.android.server.wm.AppWindowToken.destroySurfaces:365 com.android.server.wm.WindowStateAnimator.finishExit:565 com.android.server.wm.AppWindowAnimator.stepAnimationLocked:427 com.android.server.wm.WindowAnimator.updateAppWindowsLocked:176 
06-05 18:19:09.627 D/EGL_emulation( 1712): eglMakeCurrent: 0xb4085540: ver 2 0 (tinfo 0xb4083740)
06-05 18:19:09.629 I/ActivityManager( 1630): Start proc 6625:com.evancharlton.mileage/u0a150 for added application com.evancharlton.mileage
06-05 18:19:09.629 D/AndroidRuntime( 6615): Shutting down VM
06-05 18:19:09.630 D/EGL_emulation( 1712): eglMakeCurrent: 0xb4085540: ver 2 0 (tinfo 0xb4083740)
06-05 18:19:09.634 W/System  ( 6625): ClassLoader referenced unknown path: /data/app/com.evancharlton.mileage.test-1/lib/x86
06-05 18:19:09.634 W/System  ( 6625): ClassLoader referenced unknown path: /data/app/com.evancharlton.mileage-1/lib/x86
06-05 18:19:09.636 W/System  ( 6625): ClassLoader referenced unknown path: 
06-05 18:19:09.640 I/System.out( 6625): Main activity name automatically set to: com.evancharlton.mileage.Mileage
06-05 18:19:09.640 I/System.out( 6625): Calabash did not load Mono. This is only a problem if you are trying to test a Mono application
06-05 18:19:09.640 I/calabash( 6625): Test server port: 7102
06-05 18:19:09.641 I/InstrumentationBackend( 6625): Added:'GetPreferences', with key:'get_preferences'
06-05 18:19:09.642 D/EGL_emulation( 1712): eglMakeCurrent: 0xb4085540: ver 2 0 (tinfo 0xb4083740)
06-05 18:19:09.644 D/EGL_emulation( 1712): eglMakeCurrent: 0xb4085540: ver 2 0 (tinfo 0xb4083740)
06-05 18:19:09.646 I/InstrumentationBackend( 6625): Added:'SetPreferences', with key:'set_preferences'
06-05 18:19:09.646 I/InstrumentationBackend( 6625): Added:'ClearPreferences', with key:'clear_preferences'
06-05 18:19:09.646 I/InstrumentationBackend( 6625): Added:'PressElement', with key:'press_l10n_element'
06-05 18:19:09.646 I/InstrumentationBackend( 6625): Added:'WaitForElement', with key:'wait_for_l10n_element'
06-05 18:19:09.646 I/InstrumentationBackend( 6625): Added:'NullAction', with key:'nullAction'
06-05 18:19:09.646 I/InstrumentationBackend( 6625): Added:'PressKey', with key:'press_key'
06-05 18:19:09.646 I/InstrumentationBackend( 6625): Added:'SetActivityOrientation', with key:'set_activity_orientation'
06-05 18:19:09.646 I/InstrumentationBackend( 6625): Added:'GetActivityOrientation', with key:'get_activity_orientation'
06-05 18:19:09.646 I/InstrumentationBackend( 6625): Added:'FakeGPSLocation', with key:'set_gps_coordinates'
06-05 18:19:09.646 I/InstrumentationBackend( 6625): Added:'SetPropertyByCssSelector', with key:'set_property_by_css_selector'
06-05 18:19:09.646 I/InstrumentationBackend( 6625): Added:'GetUrl', with key:'get_url'
06-05 18:19:09.647 I/InstrumentationBackend( 6625): Added:'ScrollTo', with key:'scroll_to'
06-05 18:19:09.647 I/InstrumentationBackend( 6625): Added:'GetLoadProgress', with key:'get_load_progress'
06-05 18:19:09.647 I/InstrumentationBackend( 6625): Added:'DumpHtml', with key:'dump_html'
06-05 18:19:09.647 I/InstrumentationBackend( 6625): Added:'DumpBodyHtml', with key:'dump_body_html'
06-05 18:19:09.647 I/InstrumentationBackend( 6625): Added:'EnterTextByCssSelector', with key:'enter_text_by_selector'
06-05 18:19:09.647 I/InstrumentationBackend( 6625): Added:'AndroidSDKVersion', with key:'android_sdk_version'
06-05 18:19:09.647 I/InstrumentationBackend( 6625): Added:'Version', with key:'version'
06-05 18:19:09.647 I/InstrumentationBackend( 6625): Added:'Drag', with key:'drag'
06-05 18:19:09.647 I/InstrumentationBackend( 6625): Added:'TouchCoordinates', with key:'touch_coordinate'
06-05 18:19:09.647 I/InstrumentationBackend( 6625): Added:'LongPressCoordinate', with key:'long_press_coordinate'
06-05 18:19:09.647 I/InstrumentationBackend( 6625): Added:'DragCoordinates', with key:'drag_coordinates'
06-05 18:19:09.647 I/InstrumentationBackend( 6625): Added:'ResumeApplication', with key:'resume_application'
06-05 18:19:09.647 I/InstrumentationBackend( 6625): Added:'Swipe', with key:'swipe'
06-05 18:19:09.647 I/InstrumentationBackend( 6625): Added:'DoubleTapCoordinate', with key:'double_tap_coordinate'
06-05 18:19:09.647 I/InstrumentationBackend( 6625): Added:'ClickOnScreen', with key:'click_on_screen'
06-05 18:19:09.647 I/InstrumentationBackend( 6625): Added:'GetActivityName', with key:'get_activity_name'
06-05 18:19:09.647 I/InstrumentationBackend( 6625): Added:'ScrollToView', with key:'scroll_to_view'
06-05 18:19:09.648 I/InstrumentationBackend( 6625): Added:'ViewConfiguration', with key:'view_configuration'
06-05 18:19:09.648 I/InstrumentationBackend( 6625): Added:'IsCurrentActivityFocused', with key:'is_current_activity_focused'
06-05 18:19:09.648 I/InstrumentationBackend( 6625): Added:'SendTcp', with key:'send_tcp'
06-05 18:19:09.648 I/InstrumentationBackend( 6625): Added:'DpToDevicePixel', with key:'dp_to_device_pixel'
06-05 18:19:09.648 I/InstrumentationBackend( 6625): Added:'KeyboardEnterText', with key:'keyboard_enter_text'
06-05 18:19:09.648 I/InstrumentationBackend( 6625): Added:'DeleteSurroundingText', with key:'delete_surrounding_text'
06-05 18:19:09.648 I/InstrumentationBackend( 6625): Added:'SetComposingRegion', with key:'set_composing_region'
06-05 18:19:09.648 I/InstrumentationBackend( 6625): Added:'SetSelection', with key:'set_selection'
06-05 18:19:09.648 I/InstrumentationBackend( 6625): Added:'KeyboardKeyEvent', with key:'keyboard_key_event'
06-05 18:19:09.648 I/InstrumentationBackend( 6625): Added:'PressUserActionButton', with key:'press_user_action_button'
06-05 18:19:09.648 I/InstrumentationBackend( 6625): Added:'HideSoftKeyboard', with key:'hide_soft_keyboard'
06-05 18:19:09.648 I/InstrumentationBackend( 6625): Added:'ListActions', with key:'list_actions'
06-05 18:19:09.648 I/calabash( 6625): Instantiating http server at 7102
06-05 18:19:09.648 I/System.out( 6625): HTTP Daemon listening on: 7102
06-05 18:19:09.660 D/EGL_emulation( 1712): eglMakeCurrent: 0xb4085540: ver 2 0 (tinfo 0xb4083740)
06-05 18:19:09.667 D/EGL_emulation( 1712): eglMakeCurrent: 0xb4085540: ver 2 0 (tinfo 0xb4083740)
06-05 18:19:09.677 D/EGL_emulation( 1712): eglMakeCurrent: 0xb4085540: ver 2 0 (tinfo 0xb4083740)
06-05 18:19:09.682 D/EGL_emulation( 1712): eglMakeCurrent: 0xb4085540: ver 2 0 (tinfo 0xb4083740)
06-05 18:19:09.697 D/EGL_emulation( 1712): eglMakeCurrent: 0xb4085540: ver 2 0 (tinfo 0xb4083740)
06-05 18:19:09.711 D/EGL_emulation( 1712): eglMakeCurrent: 0xb4085540: ver 2 0 (tinfo 0xb4083740)
06-05 18:19:09.716 D/EGL_emulation( 1712): eglMakeCurrent: 0xb4085540: ver 2 0 (tinfo 0xb4083740)
06-05 18:19:09.740 I/System.out( 6625): URI: //ping
06-05 18:19:09.740 I/System.out( 6625): params: {json={}
06-05 18:19:09.740 I/System.out( 6625): }
06-05 18:19:09.746 I/System.out( 6625): URI: //ping
06-05 18:19:09.746 I/System.out( 6625): params: {json={}
06-05 18:19:09.746 I/System.out( 6625): }
06-05 18:19:09.749 I/System.out( 6625): URI: //ready
06-05 18:19:09.749 I/System.out( 6625): params: {json={}
06-05 18:19:09.749 I/System.out( 6625): }
06-05 18:19:09.751 I/System.out( 6625): URI: //
06-05 18:19:09.751 I/System.out( 6625): params: {json={"command":"version","arguments":[]}
06-05 18:19:09.751 I/System.out( 6625): }
06-05 18:19:09.751 I/System.out( 6625): header: {content-type=application/json;charset=utf-8, date=Fri, 05 Jun 2020 23:19:10 GMT, accept=*/*, host=127.0.0.1:34784, content-length=36, user-agent=HTTPClient/1.0 (2.8.3, ruby 2.5.1 (2018-03-29))}
06-05 18:19:09.752 I/System.out( 6625): params: {json={"command":"version","arguments":[]}
06-05 18:19:09.752 I/System.out( 6625): }
06-05 18:19:09.752 I/System.out( 6625): ProP json = {"command":"version","arguments":[]}
06-05 18:19:09.752 I/System.out( 6625): files: {}
06-05 18:19:09.752 I/System.out( 6625): command: {"command":"version","arguments":[]}
06-05 18:19:09.755 I/InstrumentationBackend( 6625): Got command:'Command:'Line:null,version', arguments:'[]'
06-05 18:19:09.763 I/System.out( 6625): result:{"bonusInformation":[],"message":"0.9.8","success":true}
06-05 18:19:09.765 I/System.out( 6625): URI: //start-application
06-05 18:19:09.765 I/System.out( 6625): params: {json={"intent":null}
06-05 18:19:09.765 I/System.out( 6625): }
06-05 18:19:09.773 I/ActivityManager( 1630): START u0 {act=android.intent.action.MAIN cat=[android.intent.category.LAUNCHER] flg=0x10200000 cmp=com.evancharlton.mileage/.Mileage} from uid 10150 on display 0
06-05 18:19:09.780 I/calabash( 6625): newActivity1
06-05 18:19:09.787 I/calabash( 6625): newActivity1
06-05 18:19:09.788 W/ActivityManager( 1630): Bad activity token: android.os.BinderProxy@6ac6f21
06-05 18:19:09.788 W/ActivityManager( 1630): java.lang.ClassCastException: android.os.BinderProxy cannot be cast to com.android.server.am.ActivityRecord$Token
06-05 18:19:09.788 W/ActivityManager( 1630): 	at com.android.server.am.ActivityRecord.forTokenLocked(ActivityRecord.java:586)
06-05 18:19:09.788 W/ActivityManager( 1630): 	at com.android.server.am.ActivityRecord.isInStackLocked(ActivityRecord.java:1327)
06-05 18:19:09.788 W/ActivityManager( 1630): 	at com.android.server.am.ActivityRecord.getStackLocked(ActivityRecord.java:1332)
06-05 18:19:09.788 W/ActivityManager( 1630): 	at com.android.server.am.ActivityManagerService.getActivityDisplayId(ActivityManagerService.java:9806)
06-05 18:19:09.788 W/ActivityManager( 1630): 	at android.app.ActivityManagerNative.onTransact(ActivityManagerNative.java:2566)
06-05 18:19:09.788 W/ActivityManager( 1630): 	at com.android.server.am.ActivityManagerService.onTransact(ActivityManagerService.java:2757)
06-05 18:19:09.788 W/ActivityManager( 1630): 	at android.os.Binder.execTransact(Binder.java:565)
06-05 18:19:09.788 W/ActivityManager( 1630): Bad activity token: android.os.BinderProxy@6ac6f21
06-05 18:19:09.788 W/ActivityManager( 1630): java.lang.ClassCastException: android.os.BinderProxy cannot be cast to com.android.server.am.ActivityRecord$Token
06-05 18:19:09.788 W/ActivityManager( 1630): 	at com.android.server.am.ActivityRecord.forTokenLocked(ActivityRecord.java:586)
06-05 18:19:09.788 W/ActivityManager( 1630): 	at com.android.server.am.ActivityRecord.isInStackLocked(ActivityRecord.java:1327)
06-05 18:19:09.788 W/ActivityManager( 1630): 	at com.android.server.am.ActivityManagerService.setTaskDescription(ActivityManagerService.java:9358)
06-05 18:19:09.788 W/ActivityManager( 1630): 	at android.app.ActivityManagerNative.onTransact(ActivityManagerNative.java:2639)
06-05 18:19:09.788 W/ActivityManager( 1630): 	at com.android.server.am.ActivityManagerService.onTransact(ActivityManagerService.java:2757)
06-05 18:19:09.788 W/ActivityManager( 1630): 	at android.os.Binder.execTransact(Binder.java:565)
06-05 18:19:09.789 W/ActivityManager( 1630): Bad activity token: android.os.BinderProxy@6ac6f21
06-05 18:19:09.789 W/ActivityManager( 1630): java.lang.ClassCastException: android.os.BinderProxy cannot be cast to com.android.server.am.ActivityRecord$Token
06-05 18:19:09.789 W/ActivityManager( 1630): 	at com.android.server.am.ActivityRecord.forTokenLocked(ActivityRecord.java:586)
06-05 18:19:09.789 W/ActivityManager( 1630): 	at com.android.server.am.ActivityRecord.isInStackLocked(ActivityRecord.java:1327)
06-05 18:19:09.789 W/ActivityManager( 1630): 	at com.android.server.am.ActivityRecord.getStackLocked(ActivityRecord.java:1332)
06-05 18:19:09.789 W/ActivityManager( 1630): 	at com.android.server.am.ActivityManagerService.getActivityStackId(ActivityManagerService.java:9817)
06-05 18:19:09.789 W/ActivityManager( 1630): 	at android.app.ActivityManagerNative.onTransact(ActivityManagerNative.java:2856)
06-05 18:19:09.789 W/ActivityManager( 1630): 	at com.android.server.am.ActivityManagerService.onTransact(ActivityManagerService.java:2757)
06-05 18:19:09.789 W/ActivityManager( 1630): 	at android.os.Binder.execTransact(Binder.java:565)
06-05 18:19:09.792 D/gralloc_ranchu( 1346): gralloc_alloc: Creating ashmem region of size 9023488
06-05 18:19:09.808 W/ActivityManager( 1630): Bad activity token: android.os.BinderProxy@6ac6f21
06-05 18:19:09.808 W/ActivityManager( 1630): java.lang.ClassCastException: android.os.BinderProxy cannot be cast to com.android.server.am.ActivityRecord$Token
06-05 18:19:09.808 W/ActivityManager( 1630): 	at com.android.server.am.ActivityRecord.forTokenLocked(ActivityRecord.java:586)
06-05 18:19:09.808 W/ActivityManager( 1630): 	at com.android.server.am.ActivityRecord.isInStackLocked(ActivityRecord.java:1327)
06-05 18:19:09.808 W/ActivityManager( 1630): 	at com.android.server.am.ActivityManagerService.getActivityOptions(ActivityManagerService.java:12559)
06-05 18:19:09.808 W/ActivityManager( 1630): 	at android.app.ActivityManagerNative.onTransact(ActivityManagerNative.java:1933)
06-05 18:19:09.808 W/ActivityManager( 1630): 	at com.android.server.am.ActivityManagerService.onTransact(ActivityManagerService.java:2757)
06-05 18:19:09.808 W/ActivityManager( 1630): 	at android.os.Binder.execTransact(Binder.java:565)
06-05 18:19:09.808 W/ActivityManager( 1630): Bad activity token: android.os.BinderProxy@6ac6f21
06-05 18:19:09.808 W/ActivityManager( 1630): java.lang.ClassCastException: android.os.BinderProxy cannot be cast to com.android.server.am.ActivityRecord$Token
06-05 18:19:09.808 W/ActivityManager( 1630): 	at com.android.server.am.ActivityRecord.forTokenLocked(ActivityRecord.java:586)
06-05 18:19:09.808 W/ActivityManager( 1630): 	at com.android.server.am.ActivityRecord.isInStackLocked(ActivityRecord.java:1327)
06-05 18:19:09.808 W/ActivityManager( 1630): 	at com.android.server.am.ActivityManagerService.getActivityOptions(ActivityManagerService.java:12559)
06-05 18:19:09.808 W/ActivityManager( 1630): 	at android.app.ActivityManagerNative.onTransact(ActivityManagerNative.java:1933)
06-05 18:19:09.808 W/ActivityManager( 1630): 	at com.android.server.am.ActivityManagerService.onTransact(ActivityManagerService.java:2757)
06-05 18:19:09.808 W/ActivityManager( 1630): 	at android.os.Binder.execTransact(Binder.java:565)
06-05 18:19:09.816 V/PhoneStatusBar( 1712): setLightsOn(true)
06-05 18:19:09.826 D/EGL_emulation( 2099): eglMakeCurrent: 0xb4085240: ver 2 0 (tinfo 0xb40832d0)
06-05 18:19:09.828 D/EGL_emulation( 1712): eglMakeCurrent: 0xb4085540: ver 2 0 (tinfo 0xb4083740)
06-05 18:19:09.842 D/gralloc_ranchu( 1346): gralloc_alloc: Creating ashmem region of size 9023488
06-05 18:19:09.842 D/EGL_emulation( 1712): eglMakeCurrent: 0xb4085540: ver 2 0 (tinfo 0xb4083740)
06-05 18:19:09.847 D/        ( 6625): HostConnection::get() New Host Connection established 0xa4c7d4c0, tid 6625
06-05 18:19:09.848 D/EGL_emulation( 1712): eglMakeCurrent: 0xb4085540: ver 2 0 (tinfo 0xb4083740)
06-05 18:19:09.848 V/PhoneStatusBar( 1712): setLightsOn(true)
06-05 18:19:09.885 D/EGL_emulation( 1712): eglMakeCurrent: 0xb4085540: ver 2 0 (tinfo 0xb4083740)
06-05 18:19:09.889 D/EGL_emulation( 1712): eglMakeCurrent: 0xb4085540: ver 2 0 (tinfo 0xb4083740)
06-05 18:19:09.891 D/EGL_emulation( 1712): eglMakeCurrent: 0xb4085540: ver 2 0 (tinfo 0xb4083740)
06-05 18:19:09.893 D/EGL_emulation( 1712): eglMakeCurrent: 0xb4085540: ver 2 0 (tinfo 0xb4083740)
06-05 18:19:09.895 D/EGL_emulation( 1712): eglMakeCurrent: 0xb4085540: ver 2 0 (tinfo 0xb4083740)
06-05 18:19:09.910 D/EGL_emulation( 1712): eglMakeCurrent: 0xb4085540: ver 2 0 (tinfo 0xb4083740)
06-05 18:19:09.911 D/EGL_emulation( 1712): eglMakeCurrent: 0xb4085540: ver 2 0 (tinfo 0xb4083740)
06-05 18:19:09.926 D/EGL_emulation( 1712): eglMakeCurrent: 0xb4085540: ver 2 0 (tinfo 0xb4083740)
06-05 18:19:09.928 D/EGL_emulation( 1712): eglMakeCurrent: 0xb4085540: ver 2 0 (tinfo 0xb4083740)
06-05 18:19:09.928 I/WindowManager( 1630): Destroying surface Surface(name=com.evancharlton.mileage/com.evancharlton.mileage.Mileage) called by com.android.server.wm.WindowStateAnimator.destroySurface:2016 com.android.server.wm.WindowStateAnimator.destroySurfaceLocked:882 com.android.server.wm.WindowState.removeLocked:1456 com.android.server.wm.WindowManagerService.removeWindowInnerLocked:2484 com.android.server.wm.AppWindowToken.destroySurfaces:365 com.android.server.wm.WindowStateAnimator.finishExit:565 com.android.server.wm.AppWindowAnimator.stepAnimationLocked:427 com.android.server.wm.WindowAnimator.updateAppWindowsLocked:196 
06-05 18:19:09.928 D/gralloc_ranchu( 1346): gralloc_alloc: Creating ashmem region of size 9023488
06-05 18:19:09.943 I/ActivityManager( 1630): Displayed com.evancharlton.mileage/.Mileage: +166ms
06-05 18:19:09.943 D/EGL_emulation( 1712): eglMakeCurrent: 0xb4085540: ver 2 0 (tinfo 0xb4083740)
06-05 18:19:09.951 D/EGL_emulation( 1712): eglMakeCurrent: 0xb4085540: ver 2 0 (tinfo 0xb4083740)
06-05 18:19:09.959 D/EGL_emulation( 1712): eglMakeCurrent: 0xb4085540: ver 2 0 (tinfo 0xb4083740)
06-05 18:19:09.961 D/EGL_emulation( 1712): eglMakeCurrent: 0xb4085540: ver 2 0 (tinfo 0xb4083740)
06-05 18:19:09.976 D/EGL_emulation( 1712): eglMakeCurrent: 0xb4085540: ver 2 0 (tinfo 0xb4083740)
06-05 18:19:09.977 V/PhoneStatusBar( 1712): setLightsOn(true)
06-05 18:19:09.978 D/EGL_emulation( 1712): eglMakeCurrent: 0xb4085540: ver 2 0 (tinfo 0xb4083740)
06-05 18:19:09.982 I/System.out( 6625): URI: //map
06-05 18:19:09.982 I/System.out( 6625): params: {json={"query":"* marked:'Vehicles'","operation":{"method_name":"query","arguments":[]}}
06-05 18:19:09.982 I/System.out( 6625): }
06-05 18:19:09.992 D/EGL_emulation( 1712): eglMakeCurrent: 0xb4085540: ver 2 0 (tinfo 0xb4083740)
06-05 18:19:09.995 W/ResourceType( 6625): No package identifier when getting name for resource number 0x00000001
06-05 18:19:09.995 D/EGL_emulation( 1712): eglMakeCurrent: 0xb4085540: ver 2 0 (tinfo 0xb4083740)
06-05 18:19:10.009 D/EGL_emulation( 1712): eglMakeCurrent: 0xb4085540: ver 2 0 (tinfo 0xb4083740)
06-05 18:19:10.012 D/EGL_emulation( 1712): eglMakeCurrent: 0xb4085540: ver 2 0 (tinfo 0xb4083740)
06-05 18:19:10.015 I/System.out( 6625): URI: //gesture
06-05 18:19:10.015 I/System.out( 6625): params: {json={"query_timeout":5.0,"gestures":[{"query_string":"* marked:'Vehicles'","touches":[{"x":50,"y":50,"offset_x":0,"offset_y":0,"wait":0.0,"time":0.2,"release":true,"query_string":null}]}]}
06-05 18:19:10.015 I/System.out( 6625): }
06-05 18:19:10.020 W/ResourceType( 6625): No package identifier when getting name for resource number 0x00000001
06-05 18:19:10.026 D/EGL_emulation( 1712): eglMakeCurrent: 0xb4085540: ver 2 0 (tinfo 0xb4083740)
06-05 18:19:10.036 D/EGL_emulation( 1712): eglMakeCurrent: 0xb4085540: ver 2 0 (tinfo 0xb4083740)
06-05 18:19:10.047 D/EGL_emulation( 1712): eglMakeCurrent: 0xb4085540: ver 2 0 (tinfo 0xb4083740)
06-05 18:19:10.052 D/EGL_emulation( 1712): eglMakeCurrent: 0xb4085540: ver 2 0 (tinfo 0xb4083740)
06-05 18:19:10.144 I/WindowManager( 1630): Destroying surface Surface(name=Starting com.evancharlton.mileage) called by com.android.server.wm.WindowStateAnimator.destroySurface:2016 com.android.server.wm.WindowStateAnimator.destroySurfaceLocked:882 com.android.server.wm.WindowState.destroyOrSaveSurface:2100 com.android.server.wm.AppWindowToken.destroySurfaces:363 com.android.server.wm.WindowStateAnimator.finishExit:565 com.android.server.wm.WindowStateAnimator.stepAnimationLocked:491 com.android.server.wm.WindowAnimator.updateWindowsLocked:303 com.android.server.wm.WindowAnimator.animateLocked:704 
06-05 18:19:10.149 V/PhoneStatusBar( 1712): setLightsOn(true)
06-05 18:19:10.176 V/PhoneStatusBar( 1712): setLightsOn(true)
06-05 18:19:10.244 I/calabash( 6625): newActivity1
06-05 18:19:10.245 W/ActivityManager( 1630): Bad activity token: android.os.BinderProxy@f7fbdf7
06-05 18:19:10.245 W/ActivityManager( 1630): java.lang.ClassCastException: android.os.BinderProxy cannot be cast to com.android.server.am.ActivityRecord$Token
06-05 18:19:10.245 W/ActivityManager( 1630): 	at com.android.server.am.ActivityRecord.forTokenLocked(ActivityRecord.java:586)
06-05 18:19:10.245 W/ActivityManager( 1630): 	at com.android.server.am.ActivityRecord.isInStackLocked(ActivityRecord.java:1327)
06-05 18:19:10.245 W/ActivityManager( 1630): 	at com.android.server.am.ActivityRecord.getStackLocked(ActivityRecord.java:1332)
06-05 18:19:10.245 W/ActivityManager( 1630): 	at com.android.server.am.ActivityManagerService.getActivityDisplayId(ActivityManagerService.java:9806)
06-05 18:19:10.245 W/ActivityManager( 1630): 	at android.app.ActivityManagerNative.onTransact(ActivityManagerNative.java:2566)
06-05 18:19:10.245 W/ActivityManager( 1630): 	at com.android.server.am.ActivityManagerService.onTransact(ActivityManagerService.java:2757)
06-05 18:19:10.245 W/ActivityManager( 1630): 	at android.os.Binder.execTransact(Binder.java:565)
06-05 18:19:10.246 W/ActivityManager( 1630): Bad activity token: android.os.BinderProxy@f7fbdf7
06-05 18:19:10.246 W/ActivityManager( 1630): java.lang.ClassCastException: android.os.BinderProxy cannot be cast to com.android.server.am.ActivityRecord$Token
06-05 18:19:10.246 W/ActivityManager( 1630): 	at com.android.server.am.ActivityRecord.forTokenLocked(ActivityRecord.java:586)
06-05 18:19:10.246 W/ActivityManager( 1630): 	at com.android.server.am.ActivityRecord.isInStackLocked(ActivityRecord.java:1327)
06-05 18:19:10.246 W/ActivityManager( 1630): 	at com.android.server.am.ActivityManagerService.setTaskDescription(ActivityManagerService.java:9358)
06-05 18:19:10.246 W/ActivityManager( 1630): 	at android.app.ActivityManagerNative.onTransact(ActivityManagerNative.java:2639)
06-05 18:19:10.246 W/ActivityManager( 1630): 	at com.android.server.am.ActivityManagerService.onTransact(ActivityManagerService.java:2757)
06-05 18:19:10.246 W/ActivityManager( 1630): 	at android.os.Binder.execTransact(Binder.java:565)
06-05 18:19:10.246 W/ActivityManager( 1630): Bad activity token: android.os.BinderProxy@f7fbdf7
06-05 18:19:10.246 W/ActivityManager( 1630): java.lang.ClassCastException: android.os.BinderProxy cannot be cast to com.android.server.am.ActivityRecord$Token
06-05 18:19:10.246 W/ActivityManager( 1630): 	at com.android.server.am.ActivityRecord.forTokenLocked(ActivityRecord.java:586)
06-05 18:19:10.246 W/ActivityManager( 1630): 	at com.android.server.am.ActivityRecord.isInStackLocked(ActivityRecord.java:1327)
06-05 18:19:10.246 W/ActivityManager( 1630): 	at com.android.server.am.ActivityRecord.getStackLocked(ActivityRecord.java:1332)
06-05 18:19:10.246 W/ActivityManager( 1630): 	at com.android.server.am.ActivityManagerService.getActivityStackId(ActivityManagerService.java:9817)
06-05 18:19:10.246 W/ActivityManager( 1630): 	at android.app.ActivityManagerNative.onTransact(ActivityManagerNative.java:2856)
06-05 18:19:10.246 W/ActivityManager( 1630): 	at com.android.server.am.ActivityManagerService.onTransact(ActivityManagerService.java:2757)
06-05 18:19:10.246 W/ActivityManager( 1630): 	at android.os.Binder.execTransact(Binder.java:565)
06-05 18:19:10.249 W/ActivityManager( 1630): Bad activity token: android.os.BinderProxy@f7fbdf7
06-05 18:19:10.249 W/ActivityManager( 1630): java.lang.ClassCastException: android.os.BinderProxy cannot be cast to com.android.server.am.ActivityRecord$Token
06-05 18:19:10.249 W/ActivityManager( 1630): 	at com.android.server.am.ActivityRecord.forTokenLocked(ActivityRecord.java:586)
06-05 18:19:10.249 W/ActivityManager( 1630): 	at com.android.server.am.ActivityRecord.isInStackLocked(ActivityRecord.java:1327)
06-05 18:19:10.249 W/ActivityManager( 1630): 	at com.android.server.am.ActivityManagerService.getActivityOptions(ActivityManagerService.java:12559)
06-05 18:19:10.249 W/ActivityManager( 1630): 	at android.app.ActivityManagerNative.onTransact(ActivityManagerNative.java:1933)
06-05 18:19:10.249 W/ActivityManager( 1630): 	at com.android.server.am.ActivityManagerService.onTransact(ActivityManagerService.java:2757)
06-05 18:19:10.249 W/ActivityManager( 1630): 	at android.os.Binder.execTransact(Binder.java:565)
06-05 18:19:10.249 W/ActivityManager( 1630): Bad activity token: android.os.BinderProxy@f7fbdf7
06-05 18:19:10.249 W/ActivityManager( 1630): java.lang.ClassCastException: android.os.BinderProxy cannot be cast to com.android.server.am.ActivityRecord$Token
06-05 18:19:10.249 W/ActivityManager( 1630): 	at com.android.server.am.ActivityRecord.forTokenLocked(ActivityRecord.java:586)
06-05 18:19:10.249 W/ActivityManager( 1630): 	at com.android.server.am.ActivityRecord.isInStackLocked(ActivityRecord.java:1327)
06-05 18:19:10.249 W/ActivityManager( 1630): 	at com.android.server.am.ActivityManagerService.getActivityOptions(ActivityManagerService.java:12559)
06-05 18:19:10.249 W/ActivityManager( 1630): 	at android.app.ActivityManagerNative.onTransact(ActivityManagerNative.java:1933)
06-05 18:19:10.249 W/ActivityManager( 1630): 	at com.android.server.am.ActivityManagerService.onTransact(ActivityManagerService.java:2757)
06-05 18:19:10.249 W/ActivityManager( 1630): 	at android.os.Binder.execTransact(Binder.java:565)
06-05 18:19:10.253 I/System.out( 6625): URI: //map
06-05 18:19:10.253 I/System.out( 6625): params: {json={"query":"* marked:'Javier Vehicle'","operation":{"method_name":"query","arguments":[]}}
06-05 18:19:10.253 I/System.out( 6625): }
06-05 18:19:10.293 V/PhoneStatusBar( 1712): setLightsOn(true)
06-05 18:19:10.325 W/ResourceType( 6625): No package identifier when getting name for resource number 0x00000001
06-05 18:19:10.338 I/System.out( 6625): URI: //gesture
06-05 18:19:10.338 I/System.out( 6625): params: {json={"query_timeout":5.0,"gestures":[{"query_string":"* marked:'Javier Vehicle'","touches":[{"x":50,"y":50,"offset_x":0,"offset_y":0,"wait":0.0,"time":0.2,"release":true,"query_string":null}]}]}
06-05 18:19:10.338 I/System.out( 6625): }
06-05 18:19:10.340 I/art     ( 6625): Do partial code cache collection, code=30KB, data=29KB
06-05 18:19:10.340 I/art     ( 6625): After code cache collection, code=29KB, data=28KB
06-05 18:19:10.340 I/art     ( 6625): Increasing code cache capacity to 128KB
06-05 18:19:10.343 W/ResourceType( 6625): No package identifier when getting name for resource number 0x00000001
06-05 18:19:10.510 D/gralloc_ranchu( 1346): gralloc_alloc: Creating ashmem region of size 9023488
06-05 18:19:10.576 V/PhoneStatusBar( 1712): setLightsOn(true)
06-05 18:19:10.576 W/OpenGLRenderer( 2099): Incorrectly called buildLayer on View: ShortcutAndWidgetContainer, destroying layer...
06-05 18:19:10.577 V/PhoneStatusBar( 1712): setLightsOn(true)
06-05 18:19:10.593 I/WindowManager( 1630): Destroying surface Surface(name=com.android.launcher3/com.android.launcher3.Launcher) called by com.android.server.wm.WindowStateAnimator.destroySurface:2016 com.android.server.wm.WindowStateAnimator.destroySurfaceLocked:882 com.android.server.wm.WindowState.destroyOrSaveSurface:2100 com.android.server.wm.AppWindowToken.destroySurfaces:363 com.android.server.wm.AppWindowToken.notifyAppStopped:389 com.android.server.wm.WindowManagerService.notifyAppStopped:4463 com.android.server.am.ActivityStack.activityStoppedLocked:1252 com.android.server.am.ActivityManagerService.activityStopped:6903 
06-05 18:19:10.594 V/PhoneStatusBar( 1712): setLightsOn(true)
06-05 18:19:10.640 I/System.out( 6625): URI: //gesture
06-05 18:19:10.640 I/System.out( 6625): params: {json={"query_timeout":5.0,"gestures":[{"query_string":"android.widget.EditText index:1","touches":[{"x":50,"y":50,"offset_x":0,"offset_y":0,"wait":0.0,"time":0.2,"release":true,"query_string":null}]}]}
06-05 18:19:10.640 I/System.out( 6625): }
06-05 18:19:10.694 I/ActivityManager( 1630): START u0 {cmp=com.evancharlton.mileage/.VehicleActivity (has extras)} from uid 10150 on display 0
06-05 18:19:10.695 V/PhoneStatusBar( 1712): setLightsOn(true)
06-05 18:19:10.695 V/PhoneStatusBar( 1712): setLightsOn(true)
06-05 18:19:10.744 I/calabash( 6625): newActivity1
06-05 18:19:10.776 V/PhoneStatusBar( 1712): setLightsOn(true)
06-05 18:19:10.780 D/gralloc_ranchu( 1346): gralloc_alloc: Creating ashmem region of size 9023488
06-05 18:19:10.792 V/PhoneStatusBar( 1712): setLightsOn(true)
06-05 18:19:10.814 I/ActivityManager( 1630): Displayed com.evancharlton.mileage/.VehicleActivity: +73ms
06-05 18:19:10.815 W/InputMethodService( 1697): Window size has been changed. This may cause jankiness of resizing window: -1 -> -2
06-05 18:19:10.821 I/LatinIME( 1697): Starting input. Cursor position = 0,0
06-05 18:19:10.825 D/gralloc_ranchu( 1346): gralloc_alloc: Creating ashmem region of size 9023488
06-05 18:19:10.826 V/PhoneStatusBar( 1712): setLightsOn(true)
06-05 18:19:10.862 V/PhoneStatusBar( 1712): setLightsOn(true)
06-05 18:19:10.909 V/PhoneStatusBar( 1712): setLightsOn(true)
06-05 18:19:10.926 V/PhoneStatusBar( 1712): setLightsOn(true)
06-05 18:19:10.944 D/EGL_emulation( 1697): eglMakeCurrent: 0xb4085660: ver 2 0 (tinfo 0xb40834b0)
06-05 18:19:10.945 D/EGL_emulation( 1712): eglMakeCurrent: 0xb4085540: ver 2 0 (tinfo 0xb4083740)
06-05 18:19:10.945 V/PhoneStatusBar( 1712): setLightsOn(true)
06-05 18:19:10.959 D/EGL_emulation( 1712): eglMakeCurrent: 0xb4085540: ver 2 0 (tinfo 0xb4083740)
06-05 18:19:10.975 V/PhoneStatusBar( 1712): setLightsOn(true)
06-05 18:19:11.059 V/PhoneStatusBar( 1712): setLightsOn(true)
06-05 18:19:11.176 V/PhoneStatusBar( 1712): setLightsOn(true)
06-05 18:19:11.177 V/PhoneStatusBar( 1712): setLightsOn(true)
06-05 18:19:11.192 I/WindowManager( 1630): Destroying surface Surface(name=com.evancharlton.mileage/com.evancharlton.mileage.Mileage) called by com.android.server.wm.WindowStateAnimator.destroySurface:2016 com.android.server.wm.WindowStateAnimator.destroySurfaceLocked:882 com.android.server.wm.WindowState.destroyOrSaveSurface:2100 com.android.server.wm.WindowManagerService.tryStartExitingAnimation:3024 com.android.server.wm.WindowManagerService.relayoutWindow:2904 com.android.server.wm.Session.relayout:224 android.view.IWindowSession$Stub.onTransact:286 com.android.server.wm.Session.onTransact:145 
06-05 18:19:11.193 V/PhoneStatusBar( 1712): setLightsOn(true)
06-05 18:19:11.194 V/PhoneStatusBar( 1712): setLightsOn(true)
06-05 18:19:11.414 I/LatinIME( 1697): Starting input. Cursor position = 4,4
06-05 18:19:11.453 W/IInputConnectionWrapper( 6625): finishComposingText on inactive InputConnection
06-05 18:19:11.453 W/IInputConnectionWrapper( 6625): finishComposingText on inactive InputConnection
06-05 18:19:11.455 V/PhoneStatusBar( 1712): setLightsOn(true)
06-05 18:19:11.459 V/PhoneStatusBar( 1712): setLightsOn(true)
06-05 18:19:11.475 D/gralloc_ranchu( 1346): gralloc_alloc: Creating ashmem region of size 49152
06-05 18:19:11.479 V/PhoneStatusBar( 1712): setLightsOn(true)
06-05 18:19:11.480 V/PhoneStatusBar( 1712): setLightsOn(true)
06-05 18:19:11.493 V/PhoneStatusBar( 1712): setLightsOn(true)
06-05 18:19:11.593 V/PhoneStatusBar( 1712): setLightsOn(true)
06-05 18:19:11.923 I/System.out( 6625): URI: //
06-05 18:19:11.923 I/System.out( 6625): params: {json={"command":"set_selection","arguments":[-1,-1]}
06-05 18:19:11.923 I/System.out( 6625): }
06-05 18:19:11.923 I/System.out( 6625): header: {content-type=application/json;charset=utf-8, date=Fri, 05 Jun 2020 23:19:12 GMT, accept=*/*, host=127.0.0.1:34784, content-length=47, user-agent=HTTPClient/1.0 (2.8.3, ruby 2.5.1 (2018-03-29))}
06-05 18:19:11.923 I/System.out( 6625): params: {json={"command":"set_selection","arguments":[-1,-1]}
06-05 18:19:11.923 I/System.out( 6625): }
06-05 18:19:11.923 I/System.out( 6625): ProP json = {"command":"set_selection","arguments":[-1,-1]}
06-05 18:19:11.923 I/System.out( 6625): files: {}
06-05 18:19:11.923 I/System.out( 6625): command: {"command":"set_selection","arguments":[-1,-1]}
06-05 18:19:11.925 I/InstrumentationBackend( 6625): Got command:'Command:'Line:null,set_selection', arguments:'[-1, -1]'
06-05 18:19:11.959 I/System.out( 6625): result:{"bonusInformation":[],"message":"","success":true}
06-05 18:19:12.029 D/gralloc_ranchu( 1346): gralloc_alloc: Creating ashmem region of size 9023488
06-05 18:19:12.062 I/System.out( 6625): URI: //
06-05 18:19:12.062 I/System.out( 6625): params: {json={"command":"delete_surrounding_text","arguments":[-1,0]}
06-05 18:19:12.062 I/System.out( 6625): }
06-05 18:19:12.062 I/System.out( 6625): header: {content-type=application/json;charset=utf-8, date=Fri, 05 Jun 2020 23:19:12 GMT, accept=*/*, host=127.0.0.1:34784, content-length=56, user-agent=HTTPClient/1.0 (2.8.3, ruby 2.5.1 (2018-03-29))}
06-05 18:19:12.062 I/System.out( 6625): params: {json={"command":"delete_surrounding_text","arguments":[-1,0]}
06-05 18:19:12.062 I/System.out( 6625): }
06-05 18:19:12.062 I/System.out( 6625): ProP json = {"command":"delete_surrounding_text","arguments":[-1,0]}
06-05 18:19:12.063 I/System.out( 6625): files: {}
06-05 18:19:12.063 I/System.out( 6625): command: {"command":"delete_surrounding_text","arguments":[-1,0]}
06-05 18:19:12.064 I/InstrumentationBackend( 6625): Got command:'Command:'Line:null,delete_surrounding_text', arguments:'[-1, 0]'
06-05 18:19:12.072 E/SpannableStringBuilder( 6625): SPAN_EXCLUSIVE_EXCLUSIVE spans cannot have a zero length
06-05 18:19:12.072 E/SpannableStringBuilder( 6625): SPAN_EXCLUSIVE_EXCLUSIVE spans cannot have a zero length
06-05 18:19:12.073 V/PhoneStatusBar( 1712): setLightsOn(true)
06-05 18:19:12.077 I/System.out( 6625): result:{"bonusInformation":[],"message":"","success":true}
06-05 18:19:12.081 I/System.out( 6625): URI: //map
06-05 18:19:12.081 I/System.out( 6625): params: {json={"query":"android.widget.EditText index:1","operation":{"method_name":"query","arguments":[]}}
06-05 18:19:12.081 I/System.out( 6625): }
06-05 18:19:12.147 I/System.out( 6625): URI: //gesture
06-05 18:19:12.147 I/System.out( 6625): params: {json={"query_timeout":5.0,"gestures":[{"query_string":"android.widget.EditText index:1","touches":[{"x":50,"y":50,"offset_x":0,"offset_y":0,"wait":0.0,"time":0.2,"release":true,"query_string":null}]}]}
06-05 18:19:12.147 I/System.out( 6625): }
06-05 18:19:12.242 I/WindowManager( 1630): Destroying surface Surface(name=PopupWindow:40c2629) called by com.android.server.wm.WindowStateAnimator.destroySurface:2016 com.android.server.wm.WindowStateAnimator.destroySurfaceLocked:882 com.android.server.wm.WindowState.destroyOrSaveSurface:2100 com.android.server.wm.AppWindowToken.destroySurfaces:363 com.android.server.wm.WindowStateAnimator.finishExit:565 com.android.server.wm.WindowStateAnimator.stepAnimationLocked:491 com.android.server.wm.WindowAnimator.updateWindowsLocked:303 com.android.server.wm.WindowAnimator.animateLocked:704 
06-05 18:19:12.243 V/PhoneStatusBar( 1712): setLightsOn(true)
06-05 18:19:12.245 V/PhoneStatusBar( 1712): setLightsOn(true)
06-05 18:19:12.934 I/System.out( 6625): URI: //
06-05 18:19:12.934 I/System.out( 6625): params: {json={"command":"set_selection","arguments":[-1,-1]}
06-05 18:19:12.934 I/System.out( 6625): }
06-05 18:19:12.934 I/System.out( 6625): header: {content-type=application/json;charset=utf-8, date=Fri, 05 Jun 2020 23:19:13 GMT, accept=*/*, host=127.0.0.1:34784, content-length=47, user-agent=HTTPClient/1.0 (2.8.3, ruby 2.5.1 (2018-03-29))}
06-05 18:19:12.934 I/System.out( 6625): params: {json={"command":"set_selection","arguments":[-1,-1]}
06-05 18:19:12.934 I/System.out( 6625): }
06-05 18:19:12.934 I/System.out( 6625): ProP json = {"command":"set_selection","arguments":[-1,-1]}
06-05 18:19:12.934 I/System.out( 6625): files: {}
06-05 18:19:12.934 I/System.out( 6625): command: {"command":"set_selection","arguments":[-1,-1]}
06-05 18:19:12.935 I/InstrumentationBackend( 6625): Got command:'Command:'Line:null,set_selection', arguments:'[-1, -1]'
06-05 18:19:12.938 I/System.out( 6625): result:{"bonusInformation":[],"message":"","success":true}
06-05 18:19:12.952 I/System.out( 6625): URI: //
06-05 18:19:12.952 I/System.out( 6625): params: {json={"command":"keyboard_enter_text","arguments":["2017"]}
06-05 18:19:12.952 I/System.out( 6625): }
06-05 18:19:12.952 I/System.out( 6625): header: {content-type=application/json;charset=utf-8, date=Fri, 05 Jun 2020 23:19:13 GMT, accept=*/*, host=127.0.0.1:34784, content-length=54, user-agent=HTTPClient/1.0 (2.8.3, ruby 2.5.1 (2018-03-29))}
06-05 18:19:12.952 I/System.out( 6625): params: {json={"command":"keyboard_enter_text","arguments":["2017"]}
06-05 18:19:12.952 I/System.out( 6625): }
06-05 18:19:12.952 I/System.out( 6625): ProP json = {"command":"keyboard_enter_text","arguments":["2017"]}
06-05 18:19:12.952 I/System.out( 6625): files: {}
06-05 18:19:12.952 I/System.out( 6625): command: {"command":"keyboard_enter_text","arguments":["2017"]}
06-05 18:19:12.953 I/InstrumentationBackend( 6625): Got command:'Command:'Line:null,keyboard_enter_text', arguments:'[2017]'
06-05 18:19:12.953 E/SpannableStringBuilder( 6625): SPAN_EXCLUSIVE_EXCLUSIVE spans cannot have a zero length
06-05 18:19:12.954 E/SpannableStringBuilder( 6625): SPAN_EXCLUSIVE_EXCLUSIVE spans cannot have a zero length
06-05 18:19:12.954 E/SpannableStringBuilder( 6625): SPAN_EXCLUSIVE_EXCLUSIVE spans cannot have a zero length
06-05 18:19:12.954 E/SpannableStringBuilder( 6625): SPAN_EXCLUSIVE_EXCLUSIVE spans cannot have a zero length
06-05 18:19:12.957 I/System.out( 6625): result:{"bonusInformation":[],"message":"","success":true}
06-05 18:19:12.959 I/System.out( 6625): URI: //gesture
06-05 18:19:12.959 I/System.out( 6625): params: {json={"query_timeout":5.0,"gestures":[{"query_string":"android.widget.EditText index:4","touches":[{"x":50,"y":50,"offset_x":0,"offset_y":0,"wait":0.0,"time":0.2,"release":true,"query_string":null}]}]}
06-05 18:19:12.959 I/System.out( 6625): }
06-05 18:19:13.231 I/LatinIME( 1697): Starting input. Cursor position = 10,10
06-05 18:19:13.263 W/IInputConnectionWrapper( 6625): finishComposingText on inactive InputConnection
06-05 18:19:13.264 V/PhoneStatusBar( 1712): setLightsOn(true)
06-05 18:19:13.276 V/PhoneStatusBar( 1712): setLightsOn(true)
06-05 18:19:13.292 D/gralloc_ranchu( 1346): gralloc_alloc: Creating ashmem region of size 49152
06-05 18:19:13.295 V/PhoneStatusBar( 1712): setLightsOn(true)
06-05 18:19:13.296 V/PhoneStatusBar( 1712): setLightsOn(true)
06-05 18:19:13.310 V/PhoneStatusBar( 1712): setLightsOn(true)
06-05 18:19:13.411 V/PhoneStatusBar( 1712): setLightsOn(true)
06-05 18:19:13.426 D/gralloc_ranchu( 1346): gralloc_alloc: Creating ashmem region of size 49152
06-05 18:19:13.745 I/System.out( 6625): URI: //
06-05 18:19:13.745 I/System.out( 6625): params: {json={"command":"set_selection","arguments":[-1,-1]}
06-05 18:19:13.745 I/System.out( 6625): }
06-05 18:19:13.745 I/System.out( 6625): header: {content-type=application/json;charset=utf-8, date=Fri, 05 Jun 2020 23:19:14 GMT, accept=*/*, host=127.0.0.1:34784, content-length=47, user-agent=HTTPClient/1.0 (2.8.3, ruby 2.5.1 (2018-03-29))}
06-05 18:19:13.745 I/System.out( 6625): params: {json={"command":"set_selection","arguments":[-1,-1]}
06-05 18:19:13.745 I/System.out( 6625): }
06-05 18:19:13.745 I/System.out( 6625): ProP json = {"command":"set_selection","arguments":[-1,-1]}
06-05 18:19:13.745 I/System.out( 6625): files: {}
06-05 18:19:13.745 I/System.out( 6625): command: {"command":"set_selection","arguments":[-1,-1]}
06-05 18:19:13.747 I/InstrumentationBackend( 6625): Got command:'Command:'Line:null,set_selection', arguments:'[-1, -1]'
06-05 18:19:13.752 I/System.out( 6625): result:{"bonusInformation":[],"message":"","success":true}
06-05 18:19:13.855 I/System.out( 6625): URI: //
06-05 18:19:13.855 I/System.out( 6625): params: {json={"command":"delete_surrounding_text","arguments":[-1,0]}
06-05 18:19:13.855 I/System.out( 6625): }
06-05 18:19:13.855 I/System.out( 6625): header: {content-type=application/json;charset=utf-8, date=Fri, 05 Jun 2020 23:19:14 GMT, accept=*/*, host=127.0.0.1:34784, content-length=56, user-agent=HTTPClient/1.0 (2.8.3, ruby 2.5.1 (2018-03-29))}
06-05 18:19:13.855 I/System.out( 6625): params: {json={"command":"delete_surrounding_text","arguments":[-1,0]}
06-05 18:19:13.855 I/System.out( 6625): }
06-05 18:19:13.855 I/System.out( 6625): ProP json = {"command":"delete_surrounding_text","arguments":[-1,0]}
06-05 18:19:13.855 I/System.out( 6625): files: {}
06-05 18:19:13.855 I/System.out( 6625): command: {"command":"delete_surrounding_text","arguments":[-1,0]}
06-05 18:19:13.856 I/InstrumentationBackend( 6625): Got command:'Command:'Line:null,delete_surrounding_text', arguments:'[-1, 0]'
06-05 18:19:13.856 E/SpannableStringBuilder( 6625): SPAN_EXCLUSIVE_EXCLUSIVE spans cannot have a zero length
06-05 18:19:13.856 E/SpannableStringBuilder( 6625): SPAN_EXCLUSIVE_EXCLUSIVE spans cannot have a zero length
06-05 18:19:13.857 V/PhoneStatusBar( 1712): setLightsOn(true)
06-05 18:19:13.860 I/System.out( 6625): result:{"bonusInformation":[],"message":"","success":true}
06-05 18:19:13.864 I/System.out( 6625): URI: //map
06-05 18:19:13.864 I/System.out( 6625): params: {json={"query":"android.widget.EditText index:4","operation":{"method_name":"query","arguments":[]}}
06-05 18:19:13.864 I/System.out( 6625): }
06-05 18:19:13.895 W/audio_hw_generic( 1395): Not supplying enough data to HAL, expected position 404648837 , only wrote 403814160
06-05 18:19:13.904 I/System.out( 6625): URI: //gesture
06-05 18:19:13.904 I/System.out( 6625): params: {json={"query_timeout":5.0,"gestures":[{"query_string":"android.widget.EditText index:4","touches":[{"x":50,"y":50,"offset_x":0,"offset_y":0,"wait":0.0,"time":0.2,"release":true,"query_string":null}]}]}
06-05 18:19:13.904 I/System.out( 6625): }
06-05 18:19:13.907 I/art     ( 6625): Do partial code cache collection, code=55KB, data=59KB
06-05 18:19:13.908 I/art     ( 6625): After code cache collection, code=55KB, data=59KB
06-05 18:19:13.908 I/art     ( 6625): Increasing code cache capacity to 256KB
06-05 18:19:14.026 I/WindowManager( 1630): Destroying surface Surface(name=PopupWindow:e183470) called by com.android.server.wm.WindowStateAnimator.destroySurface:2016 com.android.server.wm.WindowStateAnimator.destroySurfaceLocked:882 com.android.server.wm.WindowState.destroyOrSaveSurface:2100 com.android.server.wm.AppWindowToken.destroySurfaces:363 com.android.server.wm.WindowStateAnimator.finishExit:565 com.android.server.wm.WindowStateAnimator.stepAnimationLocked:491 com.android.server.wm.WindowAnimator.updateWindowsLocked:303 com.android.server.wm.WindowAnimator.animateLocked:704 
06-05 18:19:14.027 V/PhoneStatusBar( 1712): setLightsOn(true)
06-05 18:19:14.033 V/PhoneStatusBar( 1712): setLightsOn(true)
06-05 18:19:14.672 I/System.out( 6625): URI: //
06-05 18:19:14.673 I/System.out( 6625): params: {json={"command":"set_selection","arguments":[-1,-1]}
06-05 18:19:14.673 I/System.out( 6625): }
06-05 18:19:14.673 I/System.out( 6625): header: {content-type=application/json;charset=utf-8, date=Fri, 05 Jun 2020 23:19:15 GMT, accept=*/*, host=127.0.0.1:34784, content-length=47, user-agent=HTTPClient/1.0 (2.8.3, ruby 2.5.1 (2018-03-29))}
06-05 18:19:14.673 I/System.out( 6625): params: {json={"command":"set_selection","arguments":[-1,-1]}
