--------- beginning of main
06-05 15:50:22.577 D/EGL_emulation( 1712): eglMakeCurrent: 0xb4085540: ver 2 0 (tinfo 0xb4083740)
06-05 15:50:22.579 D/EGL_emulation( 2099): eglMakeCurrent: 0xb4085240: ver 2 0 (tinfo 0xb40832d0)
06-05 15:50:22.593 D/EGL_emulation( 1712): eglMakeCurrent: 0xb4085540: ver 2 0 (tinfo 0xb4083740)
06-05 15:50:22.595 D/EGL_emulation( 1712): eglMakeCurrent: 0xb4085540: ver 2 0 (tinfo 0xb4083740)
06-05 15:50:22.610 D/EGL_emulation( 1712): eglMakeCurrent: 0xb4085540: ver 2 0 (tinfo 0xb4083740)
06-05 15:50:22.612 D/EGL_emulation( 1712): eglMakeCurrent: 0xb4085540: ver 2 0 (tinfo 0xb4083740)
06-05 15:50:22.626 D/EGL_emulation( 1712): eglMakeCurrent: 0xb4085540: ver 2 0 (tinfo 0xb4083740)
06-05 15:50:22.628 D/EGL_emulation( 1712): eglMakeCurrent: 0xb4085540: ver 2 0 (tinfo 0xb4083740)
06-05 15:50:22.643 D/EGL_emulation( 1712): eglMakeCurrent: 0xb4085540: ver 2 0 (tinfo 0xb4083740)
06-05 15:50:22.645 D/EGL_emulation( 1712): eglMakeCurrent: 0xb4085540: ver 2 0 (tinfo 0xb4083740)
06-05 15:50:22.660 D/EGL_emulation( 1712): eglMakeCurrent: 0xb4085540: ver 2 0 (tinfo 0xb4083740)
06-05 15:50:22.661 D/EGL_emulation( 1712): eglMakeCurrent: 0xb4085540: ver 2 0 (tinfo 0xb4083740)
06-05 15:50:22.676 D/EGL_emulation( 1712): eglMakeCurrent: 0xb4085540: ver 2 0 (tinfo 0xb4083740)
06-05 15:50:22.678 D/EGL_emulation( 1712): eglMakeCurrent: 0xb4085540: ver 2 0 (tinfo 0xb4083740)
06-05 15:50:22.693 D/EGL_emulation( 1712): eglMakeCurrent: 0xb4085540: ver 2 0 (tinfo 0xb4083740)
06-05 15:50:22.695 D/EGL_emulation( 1712): eglMakeCurrent: 0xb4085540: ver 2 0 (tinfo 0xb4083740)
06-05 15:50:22.710 D/EGL_emulation( 1712): eglMakeCurrent: 0xb4085540: ver 2 0 (tinfo 0xb4083740)
06-05 15:50:22.711 D/EGL_emulation( 1712): eglMakeCurrent: 0xb4085540: ver 2 0 (tinfo 0xb4083740)
06-05 15:50:22.726 D/EGL_emulation( 1712): eglMakeCurrent: 0xb4085540: ver 2 0 (tinfo 0xb4083740)
06-05 15:50:22.728 D/EGL_emulation( 1712): eglMakeCurrent: 0xb4085540: ver 2 0 (tinfo 0xb4083740)
06-05 15:50:22.742 D/AndroidRuntime(18742): >>>>>> START com.android.internal.os.RuntimeInit uid 2000 <<<<<<
06-05 15:50:22.744 D/AndroidRuntime(18742): CheckJNI is ON
06-05 15:50:22.744 D/EGL_emulation( 1712): eglMakeCurrent: 0xb4085540: ver 2 0 (tinfo 0xb4083740)
06-05 15:50:22.760 D/EGL_emulation( 1712): eglMakeCurrent: 0xb4085540: ver 2 0 (tinfo 0xb4083740)
06-05 15:50:22.760 W/art     (18742): Unexpected CPU variant for X86 using defaults: x86
06-05 15:50:22.762 D/EGL_emulation( 1712): eglMakeCurrent: 0xb4085540: ver 2 0 (tinfo 0xb4083740)
06-05 15:50:22.763 D/ICU     (18742): No timezone override file found: /data/misc/zoneinfo/current/icu/icu_tzdata.dat
06-05 15:50:22.772 E/memtrack(18742): Couldn't load memtrack module (No such file or directory)
06-05 15:50:22.772 E/android.os.Debug(18742): failed to load memtrack module: -2
06-05 15:50:22.772 I/Radio-JNI(18742): register_android_hardware_Radio DONE
06-05 15:50:22.776 D/EGL_emulation( 1712): eglMakeCurrent: 0xb4085540: ver 2 0 (tinfo 0xb4083740)
06-05 15:50:22.777 D/AndroidRuntime(18742): Calling main entry com.android.commands.am.Am
--------- beginning of system
06-05 15:50:22.778 I/ActivityManager( 1630): Force stopping com.evancharlton.mileage appid=10086 user=0: start instr
06-05 15:50:22.779 D/EGL_emulation( 1712): eglMakeCurrent: 0xb4085540: ver 2 0 (tinfo 0xb4083740)
06-05 15:50:22.782 I/art     (18752): Not late-enabling -Xcheck:jni (already on)
06-05 15:50:22.782 W/art     (18752): Unexpected CPU variant for X86 using defaults: x86
06-05 15:50:22.789 I/ActivityManager( 1630): Start proc 18752:com.evancharlton.mileage/u0a86 for added application com.evancharlton.mileage
06-05 15:50:22.790 D/AndroidRuntime(18742): Shutting down VM
06-05 15:50:22.796 W/System  (18752): ClassLoader referenced unknown path: /data/app/com.evancharlton.mileage.test-1/lib/x86
06-05 15:50:22.796 W/System  (18752): ClassLoader referenced unknown path: /data/app/com.evancharlton.mileage-1/lib/x86
06-05 15:50:22.798 W/System  (18752): ClassLoader referenced unknown path: 
06-05 15:50:22.804 I/System.out(18752): Main activity name automatically set to: com.evancharlton.mileage.Mileage
06-05 15:50:22.805 I/System.out(18752): Calabash did not load Mono. This is only a problem if you are trying to test a Mono application
06-05 15:50:22.805 I/calabash(18752): Test server port: 7102
06-05 15:50:22.805 I/InstrumentationBackend(18752): Added:'GetPreferences', with key:'get_preferences'
06-05 15:50:22.812 I/InstrumentationBackend(18752): Added:'SetPreferences', with key:'set_preferences'
06-05 15:50:22.812 I/InstrumentationBackend(18752): Added:'ClearPreferences', with key:'clear_preferences'
06-05 15:50:22.812 I/InstrumentationBackend(18752): Added:'PressElement', with key:'press_l10n_element'
06-05 15:50:22.812 I/InstrumentationBackend(18752): Added:'WaitForElement', with key:'wait_for_l10n_element'
06-05 15:50:22.812 I/InstrumentationBackend(18752): Added:'NullAction', with key:'nullAction'
06-05 15:50:22.812 I/InstrumentationBackend(18752): Added:'PressKey', with key:'press_key'
06-05 15:50:22.812 I/InstrumentationBackend(18752): Added:'SetActivityOrientation', with key:'set_activity_orientation'
06-05 15:50:22.812 I/InstrumentationBackend(18752): Added:'GetActivityOrientation', with key:'get_activity_orientation'
06-05 15:50:22.813 I/InstrumentationBackend(18752): Added:'FakeGPSLocation', with key:'set_gps_coordinates'
06-05 15:50:22.813 I/InstrumentationBackend(18752): Added:'SetPropertyByCssSelector', with key:'set_property_by_css_selector'
06-05 15:50:22.813 I/InstrumentationBackend(18752): Added:'GetUrl', with key:'get_url'
06-05 15:50:22.813 I/InstrumentationBackend(18752): Added:'ScrollTo', with key:'scroll_to'
06-05 15:50:22.813 I/InstrumentationBackend(18752): Added:'GetLoadProgress', with key:'get_load_progress'
06-05 15:50:22.813 I/InstrumentationBackend(18752): Added:'DumpHtml', with key:'dump_html'
06-05 15:50:22.813 I/InstrumentationBackend(18752): Added:'DumpBodyHtml', with key:'dump_body_html'
06-05 15:50:22.813 I/InstrumentationBackend(18752): Added:'EnterTextByCssSelector', with key:'enter_text_by_selector'
06-05 15:50:22.814 I/InstrumentationBackend(18752): Added:'AndroidSDKVersion', with key:'android_sdk_version'
06-05 15:50:22.814 I/InstrumentationBackend(18752): Added:'Version', with key:'version'
06-05 15:50:22.814 I/InstrumentationBackend(18752): Added:'Drag', with key:'drag'
06-05 15:50:22.814 I/InstrumentationBackend(18752): Added:'TouchCoordinates', with key:'touch_coordinate'
06-05 15:50:22.814 I/InstrumentationBackend(18752): Added:'LongPressCoordinate', with key:'long_press_coordinate'
06-05 15:50:22.814 I/InstrumentationBackend(18752): Added:'DragCoordinates', with key:'drag_coordinates'
06-05 15:50:22.814 I/InstrumentationBackend(18752): Added:'ResumeApplication', with key:'resume_application'
06-05 15:50:22.814 I/InstrumentationBackend(18752): Added:'Swipe', with key:'swipe'
06-05 15:50:22.814 I/InstrumentationBackend(18752): Added:'DoubleTapCoordinate', with key:'double_tap_coordinate'
06-05 15:50:22.814 I/InstrumentationBackend(18752): Added:'ClickOnScreen', with key:'click_on_screen'
06-05 15:50:22.814 I/InstrumentationBackend(18752): Added:'GetActivityName', with key:'get_activity_name'
06-05 15:50:22.814 I/InstrumentationBackend(18752): Added:'ScrollToView', with key:'scroll_to_view'
06-05 15:50:22.814 I/InstrumentationBackend(18752): Added:'ViewConfiguration', with key:'view_configuration'
06-05 15:50:22.814 I/InstrumentationBackend(18752): Added:'IsCurrentActivityFocused', with key:'is_current_activity_focused'
06-05 15:50:22.814 I/InstrumentationBackend(18752): Added:'SendTcp', with key:'send_tcp'
06-05 15:50:22.814 I/InstrumentationBackend(18752): Added:'DpToDevicePixel', with key:'dp_to_device_pixel'
06-05 15:50:22.814 I/InstrumentationBackend(18752): Added:'KeyboardEnterText', with key:'keyboard_enter_text'
06-05 15:50:22.814 I/InstrumentationBackend(18752): Added:'DeleteSurroundingText', with key:'delete_surrounding_text'
06-05 15:50:22.814 I/InstrumentationBackend(18752): Added:'SetComposingRegion', with key:'set_composing_region'
06-05 15:50:22.814 I/InstrumentationBackend(18752): Added:'SetSelection', with key:'set_selection'
06-05 15:50:22.814 I/InstrumentationBackend(18752): Added:'KeyboardKeyEvent', with key:'keyboard_key_event'
06-05 15:50:22.815 I/InstrumentationBackend(18752): Added:'PressUserActionButton', with key:'press_user_action_button'
06-05 15:50:22.815 I/InstrumentationBackend(18752): Added:'HideSoftKeyboard', with key:'hide_soft_keyboard'
06-05 15:50:22.815 I/InstrumentationBackend(18752): Added:'ListActions', with key:'list_actions'
06-05 15:50:22.815 I/calabash(18752): Instantiating http server at 7102
06-05 15:50:22.815 I/System.out(18752): HTTP Daemon listening on: 7102
06-05 15:50:22.901 I/System.out(18752): URI: //ping
06-05 15:50:22.901 I/System.out(18752): params: {json={}
06-05 15:50:22.901 I/System.out(18752): }
06-05 15:50:22.903 I/System.out(18752): URI: //ping
06-05 15:50:22.903 I/System.out(18752): params: {json={}
06-05 15:50:22.903 I/System.out(18752): }
06-05 15:50:22.905 I/System.out(18752): URI: //ready
06-05 15:50:22.905 I/System.out(18752): params: {json={}
06-05 15:50:22.905 I/System.out(18752): }
06-05 15:50:22.907 I/System.out(18752): URI: //
06-05 15:50:22.907 I/System.out(18752): params: {json={"command":"version","arguments":[]}
06-05 15:50:22.907 I/System.out(18752): }
06-05 15:50:22.907 I/System.out(18752): header: {content-type=application/json;charset=utf-8, date=Fri, 05 Jun 2020 20:50:23 GMT, accept=*/*, host=127.0.0.1:34784, content-length=36, user-agent=HTTPClient/1.0 (2.8.3, ruby 2.5.1 (2018-03-29))}
06-05 15:50:22.907 I/System.out(18752): params: {json={"command":"version","arguments":[]}
06-05 15:50:22.907 I/System.out(18752): }
06-05 15:50:22.907 I/System.out(18752): ProP json = {"command":"version","arguments":[]}
06-05 15:50:22.907 I/System.out(18752): files: {}
06-05 15:50:22.907 I/System.out(18752): command: {"command":"version","arguments":[]}
06-05 15:50:22.910 I/InstrumentationBackend(18752): Got command:'Command:'Line:null,version', arguments:'[]'
06-05 15:50:22.916 I/System.out(18752): result:{"bonusInformation":[],"message":"0.9.8","success":true}
06-05 15:50:22.919 I/System.out(18752): URI: //start-application
06-05 15:50:22.919 I/System.out(18752): params: {json={"intent":null}
06-05 15:50:22.919 I/System.out(18752): }
06-05 15:50:22.929 I/ActivityManager( 1630): START u0 {act=android.intent.action.MAIN cat=[android.intent.category.LAUNCHER] flg=0x10200000 cmp=com.evancharlton.mileage/.Mileage} from uid 10086 on display 0
06-05 15:50:22.935 I/calabash(18752): newActivity1
06-05 15:50:22.943 I/calabash(18752): newActivity1
06-05 15:50:22.945 W/ActivityManager( 1630): Bad activity token: android.os.BinderProxy@5102a15
06-05 15:50:22.945 W/ActivityManager( 1630): java.lang.ClassCastException: android.os.BinderProxy cannot be cast to com.android.server.am.ActivityRecord$Token
06-05 15:50:22.945 W/ActivityManager( 1630): 	at com.android.server.am.ActivityRecord.forTokenLocked(ActivityRecord.java:586)
06-05 15:50:22.945 W/ActivityManager( 1630): 	at com.android.server.am.ActivityRecord.isInStackLocked(ActivityRecord.java:1327)
06-05 15:50:22.945 W/ActivityManager( 1630): 	at com.android.server.am.ActivityRecord.getStackLocked(ActivityRecord.java:1332)
06-05 15:50:22.945 W/ActivityManager( 1630): 	at com.android.server.am.ActivityManagerService.getActivityDisplayId(ActivityManagerService.java:9806)
06-05 15:50:22.945 W/ActivityManager( 1630): 	at android.app.ActivityManagerNative.onTransact(ActivityManagerNative.java:2566)
06-05 15:50:22.945 W/ActivityManager( 1630): 	at com.android.server.am.ActivityManagerService.onTransact(ActivityManagerService.java:2757)
06-05 15:50:22.945 W/ActivityManager( 1630): 	at android.os.Binder.execTransact(Binder.java:565)
06-05 15:50:22.946 W/ActivityManager( 1630): Bad activity token: android.os.BinderProxy@5102a15
06-05 15:50:22.946 W/ActivityManager( 1630): java.lang.ClassCastException: android.os.BinderProxy cannot be cast to com.android.server.am.ActivityRecord$Token
06-05 15:50:22.946 W/ActivityManager( 1630): 	at com.android.server.am.ActivityRecord.forTokenLocked(ActivityRecord.java:586)
06-05 15:50:22.946 W/ActivityManager( 1630): 	at com.android.server.am.ActivityRecord.isInStackLocked(ActivityRecord.java:1327)
06-05 15:50:22.946 W/ActivityManager( 1630): 	at com.android.server.am.ActivityManagerService.setTaskDescription(ActivityManagerService.java:9358)
06-05 15:50:22.946 W/ActivityManager( 1630): 	at android.app.ActivityManagerNative.onTransact(ActivityManagerNative.java:2639)
06-05 15:50:22.946 W/ActivityManager( 1630): 	at com.android.server.am.ActivityManagerService.onTransact(ActivityManagerService.java:2757)
06-05 15:50:22.946 W/ActivityManager( 1630): 	at android.os.Binder.execTransact(Binder.java:565)
06-05 15:50:22.946 W/ActivityManager( 1630): Bad activity token: android.os.BinderProxy@5102a15
06-05 15:50:22.946 W/ActivityManager( 1630): java.lang.ClassCastException: android.os.BinderProxy cannot be cast to com.android.server.am.ActivityRecord$Token
06-05 15:50:22.946 W/ActivityManager( 1630): 	at com.android.server.am.ActivityRecord.forTokenLocked(ActivityRecord.java:586)
06-05 15:50:22.946 W/ActivityManager( 1630): 	at com.android.server.am.ActivityRecord.isInStackLocked(ActivityRecord.java:1327)
06-05 15:50:22.946 W/ActivityManager( 1630): 	at com.android.server.am.ActivityRecord.getStackLocked(ActivityRecord.java:1332)
06-05 15:50:22.946 W/ActivityManager( 1630): 	at com.android.server.am.ActivityManagerService.getActivityStackId(ActivityManagerService.java:9817)
06-05 15:50:22.946 W/ActivityManager( 1630): 	at android.app.ActivityManagerNative.onTransact(ActivityManagerNative.java:2856)
06-05 15:50:22.946 W/ActivityManager( 1630): 	at com.android.server.am.ActivityManagerService.onTransact(ActivityManagerService.java:2757)
06-05 15:50:22.946 W/ActivityManager( 1630): 	at android.os.Binder.execTransact(Binder.java:565)
06-05 15:50:22.961 D/gralloc_ranchu( 1346): gralloc_alloc: Creating ashmem region of size 9023488
06-05 15:50:22.966 W/ActivityManager( 1630): Bad activity token: android.os.BinderProxy@5102a15
06-05 15:50:22.966 W/ActivityManager( 1630): java.lang.ClassCastException: android.os.BinderProxy cannot be cast to com.android.server.am.ActivityRecord$Token
06-05 15:50:22.966 W/ActivityManager( 1630): 	at com.android.server.am.ActivityRecord.forTokenLocked(ActivityRecord.java:586)
06-05 15:50:22.966 W/ActivityManager( 1630): 	at com.android.server.am.ActivityRecord.isInStackLocked(ActivityRecord.java:1327)
06-05 15:50:22.966 W/ActivityManager( 1630): 	at com.android.server.am.ActivityManagerService.getActivityOptions(ActivityManagerService.java:12559)
06-05 15:50:22.966 W/ActivityManager( 1630): 	at android.app.ActivityManagerNative.onTransact(ActivityManagerNative.java:1933)
06-05 15:50:22.966 W/ActivityManager( 1630): 	at com.android.server.am.ActivityManagerService.onTransact(ActivityManagerService.java:2757)
06-05 15:50:22.966 W/ActivityManager( 1630): 	at android.os.Binder.execTransact(Binder.java:565)
06-05 15:50:22.967 W/ActivityManager( 1630): Bad activity token: android.os.BinderProxy@5102a15
06-05 15:50:22.967 W/ActivityManager( 1630): java.lang.ClassCastException: android.os.BinderProxy cannot be cast to com.android.server.am.ActivityRecord$Token
06-05 15:50:22.967 W/ActivityManager( 1630): 	at com.android.server.am.ActivityRecord.forTokenLocked(ActivityRecord.java:586)
06-05 15:50:22.967 W/ActivityManager( 1630): 	at com.android.server.am.ActivityRecord.isInStackLocked(ActivityRecord.java:1327)
06-05 15:50:22.967 W/ActivityManager( 1630): 	at com.android.server.am.ActivityManagerService.getActivityOptions(ActivityManagerService.java:12559)
06-05 15:50:22.967 W/ActivityManager( 1630): 	at android.app.ActivityManagerNative.onTransact(ActivityManagerNative.java:1933)
06-05 15:50:22.967 W/ActivityManager( 1630): 	at com.android.server.am.ActivityManagerService.onTransact(ActivityManagerService.java:2757)
06-05 15:50:22.967 W/ActivityManager( 1630): 	at android.os.Binder.execTransact(Binder.java:565)
06-05 15:50:22.987 V/PhoneStatusBar( 1712): setLightsOn(true)
06-05 15:50:22.993 D/EGL_emulation( 2099): eglMakeCurrent: 0xb4085240: ver 2 0 (tinfo 0xb40832d0)
06-05 15:50:22.995 D/EGL_emulation( 1712): eglMakeCurrent: 0xb4085540: ver 2 0 (tinfo 0xb4083740)
06-05 15:50:23.009 D/gralloc_ranchu( 1346): gralloc_alloc: Creating ashmem region of size 9023488
06-05 15:50:23.010 D/EGL_emulation( 1712): eglMakeCurrent: 0xb4085540: ver 2 0 (tinfo 0xb4083740)
06-05 15:50:23.014 D/        (18752): HostConnection::get() New Host Connection established 0xa7c14540, tid 18752
06-05 15:50:23.015 D/EGL_emulation( 1712): eglMakeCurrent: 0xb4085540: ver 2 0 (tinfo 0xb4083740)
06-05 15:50:23.016 V/PhoneStatusBar( 1712): setLightsOn(true)
06-05 15:50:23.044 D/EGL_emulation( 1712): eglMakeCurrent: 0xb4085540: ver 2 0 (tinfo 0xb4083740)
06-05 15:50:23.047 D/EGL_emulation( 1712): eglMakeCurrent: 0xb4085540: ver 2 0 (tinfo 0xb4083740)
06-05 15:50:23.060 D/EGL_emulation( 1712): eglMakeCurrent: 0xb4085540: ver 2 0 (tinfo 0xb4083740)
06-05 15:50:23.061 D/EGL_emulation( 1712): eglMakeCurrent: 0xb4085540: ver 2 0 (tinfo 0xb4083740)
06-05 15:50:23.076 D/EGL_emulation( 1712): eglMakeCurrent: 0xb4085540: ver 2 0 (tinfo 0xb4083740)
06-05 15:50:23.077 D/gralloc_ranchu( 1346): gralloc_alloc: Creating ashmem region of size 9023488
06-05 15:50:23.089 D/EGL_emulation( 1712): eglMakeCurrent: 0xb4085540: ver 2 0 (tinfo 0xb4083740)
06-05 15:50:23.093 I/ActivityManager( 1630): Displayed com.evancharlton.mileage/.Mileage: +160ms
06-05 15:50:23.093 D/EGL_emulation( 1712): eglMakeCurrent: 0xb4085540: ver 2 0 (tinfo 0xb4083740)
06-05 15:50:23.102 D/EGL_emulation( 1712): eglMakeCurrent: 0xb4085540: ver 2 0 (tinfo 0xb4083740)
06-05 15:50:23.103 V/PhoneStatusBar( 1712): setLightsOn(true)
06-05 15:50:23.110 D/EGL_emulation( 1712): eglMakeCurrent: 0xb4085540: ver 2 0 (tinfo 0xb4083740)
06-05 15:50:23.117 D/EGL_emulation( 1712): eglMakeCurrent: 0xb4085540: ver 2 0 (tinfo 0xb4083740)
06-05 15:50:23.127 D/EGL_emulation( 1712): eglMakeCurrent: 0xb4085540: ver 2 0 (tinfo 0xb4083740)
06-05 15:50:23.128 D/EGL_emulation( 1712): eglMakeCurrent: 0xb4085540: ver 2 0 (tinfo 0xb4083740)
06-05 15:50:23.129 V/PhoneStatusBar( 1712): setLightsOn(true)
06-05 15:50:23.133 I/System.out(18752): URI: //map
06-05 15:50:23.133 I/System.out(18752): params: {json={"query":"* marked:'Statistics'","operation":{"method_name":"query","arguments":[]}}
06-05 15:50:23.133 I/System.out(18752): }
06-05 15:50:23.143 D/EGL_emulation( 1712): eglMakeCurrent: 0xb4085540: ver 2 0 (tinfo 0xb4083740)
06-05 15:50:23.145 D/EGL_emulation( 1712): eglMakeCurrent: 0xb4085540: ver 2 0 (tinfo 0xb4083740)
06-05 15:50:23.149 W/ResourceType(18752): No package identifier when getting name for resource number 0x00000001
06-05 15:50:23.160 D/EGL_emulation( 1712): eglMakeCurrent: 0xb4085540: ver 2 0 (tinfo 0xb4083740)
06-05 15:50:23.162 D/EGL_emulation( 1712): eglMakeCurrent: 0xb4085540: ver 2 0 (tinfo 0xb4083740)
06-05 15:50:23.165 I/System.out(18752): URI: //gesture
06-05 15:50:23.165 I/System.out(18752): params: {json={"query_timeout":5.0,"gestures":[{"query_string":"* marked:'Statistics'","touches":[{"x":50,"y":50,"offset_x":0,"offset_y":0,"wait":0.0,"time":0.2,"release":true,"query_string":null}]}]}
06-05 15:50:23.165 I/System.out(18752): }
06-05 15:50:23.173 W/ResourceType(18752): No package identifier when getting name for resource number 0x00000001
06-05 15:50:23.177 D/EGL_emulation( 1712): eglMakeCurrent: 0xb4085540: ver 2 0 (tinfo 0xb4083740)
06-05 15:50:23.179 D/EGL_emulation( 1712): eglMakeCurrent: 0xb4085540: ver 2 0 (tinfo 0xb4083740)
06-05 15:50:23.200 D/EGL_emulation( 1712): eglMakeCurrent: 0xb4085540: ver 2 0 (tinfo 0xb4083740)
06-05 15:50:23.202 D/EGL_emulation( 1712): eglMakeCurrent: 0xb4085540: ver 2 0 (tinfo 0xb4083740)
06-05 15:50:23.212 D/EGL_emulation( 1712): eglMakeCurrent: 0xb4085540: ver 2 0 (tinfo 0xb4083740)
06-05 15:50:23.293 I/WindowManager( 1630): Destroying surface Surface(name=Starting com.evancharlton.mileage) called by com.android.server.wm.WindowStateAnimator.destroySurface:2016 com.android.server.wm.WindowStateAnimator.destroySurfaceLocked:882 com.android.server.wm.WindowState.destroyOrSaveSurface:2100 com.android.server.wm.AppWindowToken.destroySurfaces:363 com.android.server.wm.WindowStateAnimator.finishExit:565 com.android.server.wm.WindowStateAnimator.stepAnimationLocked:491 com.android.server.wm.WindowAnimator.updateWindowsLocked:303 com.android.server.wm.WindowAnimator.animateLocked:704 
06-05 15:50:23.294 V/PhoneStatusBar( 1712): setLightsOn(true)
06-05 15:50:23.327 V/PhoneStatusBar( 1712): setLightsOn(true)
06-05 15:50:23.399 I/calabash(18752): newActivity1
06-05 15:50:23.427 I/System.out(18752): URI: //map
06-05 15:50:23.428 I/System.out(18752): params: {json={"query":"android.widget.ScrollView index:0","operation":{"method_name":"query","arguments":[]}}
06-05 15:50:23.428 I/System.out(18752): }
06-05 15:50:23.435 W/ActivityManager( 1630): Bad activity token: android.os.BinderProxy@dd382e7
06-05 15:50:23.435 W/ActivityManager( 1630): java.lang.ClassCastException: android.os.BinderProxy cannot be cast to com.android.server.am.ActivityRecord$Token
06-05 15:50:23.435 W/ActivityManager( 1630): 	at com.android.server.am.ActivityRecord.forTokenLocked(ActivityRecord.java:586)
06-05 15:50:23.435 W/ActivityManager( 1630): 	at com.android.server.am.ActivityRecord.isInStackLocked(ActivityRecord.java:1327)
06-05 15:50:23.435 W/ActivityManager( 1630): 	at com.android.server.am.ActivityRecord.getStackLocked(ActivityRecord.java:1332)
06-05 15:50:23.435 W/ActivityManager( 1630): 	at com.android.server.am.ActivityManagerService.getActivityDisplayId(ActivityManagerService.java:9806)
06-05 15:50:23.435 W/ActivityManager( 1630): 	at android.app.ActivityManagerNative.onTransact(ActivityManagerNative.java:2566)
06-05 15:50:23.435 W/ActivityManager( 1630): 	at com.android.server.am.ActivityManagerService.onTransact(ActivityManagerService.java:2757)
06-05 15:50:23.435 W/ActivityManager( 1630): 	at android.os.Binder.execTransact(Binder.java:565)
06-05 15:50:23.437 W/ActivityManager( 1630): Bad activity token: android.os.BinderProxy@dd382e7
06-05 15:50:23.437 W/ActivityManager( 1630): java.lang.ClassCastException: android.os.BinderProxy cannot be cast to com.android.server.am.ActivityRecord$Token
06-05 15:50:23.437 W/ActivityManager( 1630): 	at com.android.server.am.ActivityRecord.forTokenLocked(ActivityRecord.java:586)
06-05 15:50:23.437 W/ActivityManager( 1630): 	at com.android.server.am.ActivityRecord.isInStackLocked(ActivityRecord.java:1327)
06-05 15:50:23.437 W/ActivityManager( 1630): 	at com.android.server.am.ActivityManagerService.setTaskDescription(ActivityManagerService.java:9358)
06-05 15:50:23.437 W/ActivityManager( 1630): 	at android.app.ActivityManagerNative.onTransact(ActivityManagerNative.java:2639)
06-05 15:50:23.437 W/ActivityManager( 1630): 	at com.android.server.am.ActivityManagerService.onTransact(ActivityManagerService.java:2757)
06-05 15:50:23.437 W/ActivityManager( 1630): 	at android.os.Binder.execTransact(Binder.java:565)
06-05 15:50:23.437 W/ActivityManager( 1630): Bad activity token: android.os.BinderProxy@dd382e7
06-05 15:50:23.437 W/ActivityManager( 1630): java.lang.ClassCastException: android.os.BinderProxy cannot be cast to com.android.server.am.ActivityRecord$Token
06-05 15:50:23.437 W/ActivityManager( 1630): 	at com.android.server.am.ActivityRecord.forTokenLocked(ActivityRecord.java:586)
06-05 15:50:23.437 W/ActivityManager( 1630): 	at com.android.server.am.ActivityRecord.isInStackLocked(ActivityRecord.java:1327)
06-05 15:50:23.437 W/ActivityManager( 1630): 	at com.android.server.am.ActivityRecord.getStackLocked(ActivityRecord.java:1332)
06-05 15:50:23.437 W/ActivityManager( 1630): 	at com.android.server.am.ActivityManagerService.getActivityStackId(ActivityManagerService.java:9817)
06-05 15:50:23.437 W/ActivityManager( 1630): 	at android.app.ActivityManagerNative.onTransact(ActivityManagerNative.java:2856)
06-05 15:50:23.437 W/ActivityManager( 1630): 	at com.android.server.am.ActivityManagerService.onTransact(ActivityManagerService.java:2757)
06-05 15:50:23.437 W/ActivityManager( 1630): 	at android.os.Binder.execTransact(Binder.java:565)
06-05 15:50:23.442 D/VehicleStatisticsActivity(18752): Checking recalculation ...
06-05 15:50:23.443 D/VehicleStatisticsActivity(18752): Recalculating statistics
06-05 15:50:23.443 D/VehicleStatisticsTask(18752): Calculation starting...
06-05 15:50:23.443 D/VehicleStatisticsActivity(18752): Recalculation started!
06-05 15:50:23.444 W/ResourceType(18752): No package identifier when getting value for resource number 0x00000000
06-05 15:50:23.444 D/AndroidRuntime(18752): Shutting down VM
--------- beginning of crash
06-05 15:50:23.444 E/AndroidRuntime(18752): FATAL EXCEPTION: main
06-05 15:50:23.444 E/AndroidRuntime(18752): Process: com.evancharlton.mileage, PID: 18752
06-05 15:50:23.444 E/AndroidRuntime(18752): java.lang.RuntimeException: Unable to start activity ComponentInfo{com.evancharlton.mileage/com.evancharlton.mileage.VehicleStatisticsActivity}: android.content.res.Resources$NotFoundException: String resource ID #0x0
06-05 15:50:23.444 E/AndroidRuntime(18752): 	at android.app.ActivityThread.performLaunchActivity(ActivityThread.java:2646)
06-05 15:50:23.444 E/AndroidRuntime(18752): 	at android.app.ActivityThread.startActivityNow(ActivityThread.java:2446)
06-05 15:50:23.444 E/AndroidRuntime(18752): 	at android.app.LocalActivityManager.moveToState(LocalActivityManager.java:136)
06-05 15:50:23.444 E/AndroidRuntime(18752): 	at android.app.LocalActivityManager.startActivity(LocalActivityManager.java:348)
06-05 15:50:23.444 E/AndroidRuntime(18752): 	at android.widget.TabHost$IntentContentStrategy.getContentView(TabHost.java:724)
06-05 15:50:23.444 E/AndroidRuntime(18752): 	at android.widget.TabHost.setCurrentTab(TabHost.java:388)
06-05 15:50:23.444 E/AndroidRuntime(18752): 	at android.widget.TabHost$2.onTabSelectionChanged(TabHost.java:158)
06-05 15:50:23.444 E/AndroidRuntime(18752): 	at android.widget.TabWidget$TabClickListener.onClick(TabWidget.java:532)
06-05 15:50:23.444 E/AndroidRuntime(18752): 	at android.view.View.performClick(View.java:5610)
06-05 15:50:23.444 E/AndroidRuntime(18752): 	at android.view.View$PerformClick.run(View.java:22265)
06-05 15:50:23.444 E/AndroidRuntime(18752): 	at android.os.Handler.handleCallback(Handler.java:751)
06-05 15:50:23.444 E/AndroidRuntime(18752): 	at android.os.Handler.dispatchMessage(Handler.java:95)
06-05 15:50:23.444 E/AndroidRuntime(18752): 	at android.os.Looper.loop(Looper.java:154)
06-05 15:50:23.444 E/AndroidRuntime(18752): 	at android.app.ActivityThread.main(ActivityThread.java:6077)
06-05 15:50:23.444 E/AndroidRuntime(18752): 	at java.lang.reflect.Method.invoke(Native Method)
06-05 15:50:23.444 E/AndroidRuntime(18752): 	at com.android.internal.os.ZygoteInit$MethodAndArgsCaller.run(ZygoteInit.java:866)
06-05 15:50:23.444 E/AndroidRuntime(18752): 	at com.android.internal.os.ZygoteInit.main(ZygoteInit.java:756)
06-05 15:50:23.444 E/AndroidRuntime(18752): Caused by: android.content.res.Resources$NotFoundException: String resource ID #0x0
06-05 15:50:23.444 E/AndroidRuntime(18752): 	at android.content.res.Resources.getText(Resources.java:331)
06-05 15:50:23.444 E/AndroidRuntime(18752): 	at android.content.res.Resources.getString(Resources.java:377)
06-05 15:50:23.444 E/AndroidRuntime(18752): 	at android.content.Context.getString(Context.java:476)
06-05 15:50:23.444 E/AndroidRuntime(18752): 	at com.evancharlton.mileage.provider.Statistic.getLabel(Statistic.java:37)
06-05 15:50:23.444 E/AndroidRuntime(18752): 	at com.evancharlton.mileage.adapters.VehicleStatisticsAdapter$StatisticHolder.<init>(VehicleStatisticsAdapter.java:203)
06-05 15:50:23.444 E/AndroidRuntime(18752): 	at com.evancharlton.mileage.adapters.VehicleStatisticsAdapter.<init>(VehicleStatisticsAdapter.java:50)
06-05 15:50:23.444 E/AndroidRuntime(18752): 	at com.evancharlton.mileage.VehicleStatisticsActivity.setAdapter(VehicleStatisticsActivity.java:197)
06-05 15:50:23.444 E/AndroidRuntime(18752): 	at com.evancharlton.mileage.VehicleStatisticsActivity.recalculate(VehicleStatisticsActivity.java:175)
06-05 15:50:23.444 E/AndroidRuntime(18752): 	at com.evancharlton.mileage.VehicleStatisticsActivity.onCreate(VehicleStatisticsActivity.java:131)
06-05 15:50:23.444 E/AndroidRuntime(18752): 	at android.app.Activity.performCreate(Activity.java:6662)
06-05 15:50:23.444 E/AndroidRuntime(18752): 	at android.app.Instrumentation.callActivityOnCreate(Instrumentation.java:1118)
06-05 15:50:23.444 E/AndroidRuntime(18752): 	at android.app.ActivityThread.performLaunchActivity(ActivityThread.java:2599)
06-05 15:50:23.444 E/AndroidRuntime(18752): 	... 16 more
06-05 15:50:23.445 I/Process (18752): Sending signal. PID: 18752 SIG: 9
06-05 15:50:23.460 V/PhoneStatusBar( 1712): setLightsOn(true)
06-05 15:50:23.483 W/InputDispatcher( 1630): channel '7260b82 com.evancharlton.mileage/com.evancharlton.mileage.Mileage (server)' ~ Consumer closed input channel or an error occurred.  events=0x9
06-05 15:50:23.483 E/InputDispatcher( 1630): channel '7260b82 com.evancharlton.mileage/com.evancharlton.mileage.Mileage (server)' ~ Channel is unrecoverably broken and will be disposed!
06-05 15:50:23.483 I/ActivityManager( 1630): Process com.evancharlton.mileage (pid 18752) has died
06-05 15:50:23.483 D/ActivityManager( 1630): cleanUpApplicationRecord -- 18752
06-05 15:50:23.483 W/ActivityManager( 1630): Scheduling restart of crashed service com.evancharlton.mileage/.services.AutomaticBackupService in 1000ms
06-05 15:50:23.484 W/ActivityManager( 1630): Force removing ActivityRecord{20b89d2 u0 com.evancharlton.mileage/.Mileage t311}: app died, no saved state
06-05 15:50:23.492 I/WindowManager( 1630): WIN DEATH: Window{7260b82 u0 com.evancharlton.mileage/com.evancharlton.mileage.Mileage}
06-05 15:50:23.492 W/InputDispatcher( 1630): Attempted to unregister already unregistered input channel '7260b82 com.evancharlton.mileage/com.evancharlton.mileage.Mileage (server)'
06-05 15:50:23.493 I/WindowManager( 1630): Destroying surface Surface(name=com.evancharlton.mileage/com.evancharlton.mileage.Mileage) called by com.android.server.wm.WindowStateAnimator.destroySurface:2016 com.android.server.wm.WindowStateAnimator.destroySurfaceLocked:882 com.android.server.wm.WindowState.removeLocked:1456 com.android.server.wm.WindowManagerService.removeWindowInnerLocked:2484 com.android.server.wm.WindowManagerService.removeWindowLocked:2442 com.android.server.wm.WindowState$DeathRecipient.binderDied:1787 android.os.BinderProxy.sendDeathNotice:688 <bottom of call stack> 
