--------- beginning of system
06-06 17:46:17.051 W/ActivityManager( 1631): Duplicate finish request for ActivityRecord{97ec04f u0 com.evancharlton.mileage/.Mileage t24726 f}
06-06 17:46:17.051 W/ActivityManager( 1631): Duplicate finish request for ActivityRecord{97ec04f u0 com.evancharlton.mileage/.Mileage t24726 f}
06-06 17:46:17.051 W/ActivityManager( 1631): Duplicate finish request for ActivityRecord{97ec04f u0 com.evancharlton.mileage/.Mileage t24726 f}
06-06 17:46:17.051 W/ActivityManager( 1631): Duplicate finish request for ActivityRecord{97ec04f u0 com.evancharlton.mileage/.Mileage t24726 f}
06-06 17:46:17.051 W/ActivityManager( 1631): Duplicate finish request for ActivityRecord{97ec04f u0 com.evancharlton.mileage/.Mileage t24726 f}
--------- beginning of main
06-06 17:46:17.052 V/PhoneStatusBar( 1713): setLightsOn(true)
06-06 17:46:17.054 V/PhoneStatusBar( 1713): setLightsOn(true)
06-06 17:46:17.054 W/ActivityManager( 1631): Duplicate finish request for ActivityRecord{633a428 u0 com.evancharlton.mileage/.VehicleTypeListActivity t24726 f}
06-06 17:46:17.055 V/PhoneStatusBar( 1713): setLightsOn(true)
06-06 17:46:17.056 V/PhoneStatusBar( 1713): setLightsOn(true)
06-06 17:46:17.067 D/gralloc_ranchu( 1348): gralloc_alloc: Creating ashmem region of size 3145728
06-06 17:46:17.074 E/EGL_emulation( 1348): tid 1348: eglCreateSyncKHR(1901): error 0x3004 (EGL_BAD_ATTRIBUTE)
06-06 17:46:17.088 W/ActivityManager( 1631): Finishing task with all activities already finished
06-06 17:46:17.088 W/ActivityManager( 1631): Duplicate finish request for ActivityRecord{29b6aca u0 com.evancharlton.mileage/.VehicleTypeActivity t24726 f}
06-06 17:46:17.139 D/EGL_emulation( 1713): eglMakeCurrent: 0xa6a85780: ver 2 0 (tinfo 0xa6a83640)
06-06 17:46:17.140 W/IInputConnectionWrapper(17967): reportFullscreenMode on inexistent InputConnection
06-06 17:46:17.140 W/IInputConnectionWrapper(17967): finishComposingText on inactive InputConnection
06-06 17:46:17.140 D/EGL_emulation( 1713): eglMakeCurrent: 0xa6a85780: ver 2 0 (tinfo 0xa6a83640)
06-06 17:46:17.148 D/EGL_emulation( 1713): eglMakeCurrent: 0xa6a85780: ver 2 0 (tinfo 0xa6a83640)
06-06 17:46:17.156 D/EGL_emulation( 2106): eglMakeCurrent: 0xa6a85300: ver 2 0 (tinfo 0xa6a83220)
06-06 17:46:17.186 D/AndroidRuntime(18034): >>>>>> START com.android.internal.os.RuntimeInit uid 2000 <<<<<<
06-06 17:46:17.187 D/AndroidRuntime(18034): CheckJNI is ON
06-06 17:46:17.199 D/EGL_emulation( 1713): eglMakeCurrent: 0xa6a85780: ver 2 0 (tinfo 0xa6a83640)
06-06 17:46:17.200 W/art     (18034): Unexpected CPU variant for X86 using defaults: x86
06-06 17:46:17.203 D/ICU     (18034): No timezone override file found: /data/misc/zoneinfo/current/icu/icu_tzdata.dat
06-06 17:46:17.211 E/memtrack(18034): Couldn't load memtrack module (No such file or directory)
06-06 17:46:17.211 E/android.os.Debug(18034): failed to load memtrack module: -2
06-06 17:46:17.212 I/Radio-JNI(18034): register_android_hardware_Radio DONE
06-06 17:46:17.215 D/EGL_emulation( 1713): eglMakeCurrent: 0xa6a85780: ver 2 0 (tinfo 0xa6a83640)
06-06 17:46:17.217 D/EGL_emulation( 1713): eglMakeCurrent: 0xa6a85780: ver 2 0 (tinfo 0xa6a83640)
06-06 17:46:17.218 D/AndroidRuntime(18034): Calling main entry com.android.commands.am.Am
06-06 17:46:17.219 I/ActivityManager( 1631): Force stopping com.evancharlton.mileage appid=10728 user=0: start instr
06-06 17:46:17.219 I/ActivityManager( 1631): Killing 17967:com.evancharlton.mileage/u0a728 (adj 0): stop com.evancharlton.mileage
06-06 17:46:17.219 D/ActivityManager( 1631): cleanUpApplicationRecord -- 17967
06-06 17:46:17.220 W/ActivityManager( 1631): Crash of app com.evancharlton.mileage running instrumentation ComponentInfo{com.evancharlton.mileage.test/sh.calaba.instrumentationbackend.CalabashInstrumentationTestRunner}
06-06 17:46:17.220 I/ActivityManager( 1631): Force stopping com.evancharlton.mileage appid=10728 user=0: finished inst
06-06 17:46:17.223 I/art     (18044): Not late-enabling -Xcheck:jni (already on)
06-06 17:46:17.223 W/art     (18044): Unexpected CPU variant for X86 using defaults: x86
06-06 17:46:17.231 I/ActivityManager( 1631): Start proc 18044:com.evancharlton.mileage/u0a728 for added application com.evancharlton.mileage
06-06 17:46:17.231 D/AndroidRuntime(18034): Shutting down VM
06-06 17:46:17.231 D/EGL_emulation( 1713): eglMakeCurrent: 0xa6a85780: ver 2 0 (tinfo 0xa6a83640)
06-06 17:46:17.233 D/EGL_emulation( 1713): eglMakeCurrent: 0xa6a85780: ver 2 0 (tinfo 0xa6a83640)
06-06 17:46:17.237 W/System  (18044): ClassLoader referenced unknown path: /data/app/com.evancharlton.mileage.test-1/lib/x86
06-06 17:46:17.237 W/System  (18044): ClassLoader referenced unknown path: /data/app/com.evancharlton.mileage-1/lib/x86
06-06 17:46:17.239 W/System  (18044): ClassLoader referenced unknown path: 
06-06 17:46:17.247 I/System.out(18044): Main activity name automatically set to: com.evancharlton.mileage.Mileage
06-06 17:46:17.247 I/System.out(18044): Calabash did not load Mono. This is only a problem if you are trying to test a Mono application
06-06 17:46:17.248 D/EGL_emulation( 1713): eglMakeCurrent: 0xa6a85780: ver 2 0 (tinfo 0xa6a83640)
06-06 17:46:17.247 I/calabash(18044): Test server port: 7102
06-06 17:46:17.250 I/InstrumentationBackend(18044): Added:'GetPreferences', with key:'get_preferences'
06-06 17:46:17.250 D/EGL_emulation( 1713): eglMakeCurrent: 0xa6a85780: ver 2 0 (tinfo 0xa6a83640)
06-06 17:46:17.254 I/InstrumentationBackend(18044): Added:'SetPreferences', with key:'set_preferences'
06-06 17:46:17.255 I/InstrumentationBackend(18044): Added:'ClearPreferences', with key:'clear_preferences'
06-06 17:46:17.255 I/InstrumentationBackend(18044): Added:'PressElement', with key:'press_l10n_element'
06-06 17:46:17.255 I/InstrumentationBackend(18044): Added:'WaitForElement', with key:'wait_for_l10n_element'
06-06 17:46:17.255 I/InstrumentationBackend(18044): Added:'NullAction', with key:'nullAction'
06-06 17:46:17.255 I/InstrumentationBackend(18044): Added:'PressKey', with key:'press_key'
06-06 17:46:17.255 I/InstrumentationBackend(18044): Added:'SetActivityOrientation', with key:'set_activity_orientation'
06-06 17:46:17.255 I/InstrumentationBackend(18044): Added:'GetActivityOrientation', with key:'get_activity_orientation'
06-06 17:46:17.255 I/InstrumentationBackend(18044): Added:'FakeGPSLocation', with key:'set_gps_coordinates'
06-06 17:46:17.255 I/InstrumentationBackend(18044): Added:'SetPropertyByCssSelector', with key:'set_property_by_css_selector'
06-06 17:46:17.255 I/InstrumentationBackend(18044): Added:'GetUrl', with key:'get_url'
06-06 17:46:17.255 I/InstrumentationBackend(18044): Added:'ScrollTo', with key:'scroll_to'
06-06 17:46:17.255 I/InstrumentationBackend(18044): Added:'GetLoadProgress', with key:'get_load_progress'
06-06 17:46:17.255 I/InstrumentationBackend(18044): Added:'DumpHtml', with key:'dump_html'
06-06 17:46:17.255 I/InstrumentationBackend(18044): Added:'DumpBodyHtml', with key:'dump_body_html'
06-06 17:46:17.255 I/InstrumentationBackend(18044): Added:'EnterTextByCssSelector', with key:'enter_text_by_selector'
06-06 17:46:17.256 I/InstrumentationBackend(18044): Added:'AndroidSDKVersion', with key:'android_sdk_version'
06-06 17:46:17.256 I/InstrumentationBackend(18044): Added:'Version', with key:'version'
06-06 17:46:17.256 I/InstrumentationBackend(18044): Added:'Drag', with key:'drag'
06-06 17:46:17.256 I/InstrumentationBackend(18044): Added:'TouchCoordinates', with key:'touch_coordinate'
06-06 17:46:17.256 I/InstrumentationBackend(18044): Added:'LongPressCoordinate', with key:'long_press_coordinate'
06-06 17:46:17.256 I/InstrumentationBackend(18044): Added:'DragCoordinates', with key:'drag_coordinates'
06-06 17:46:17.256 I/InstrumentationBackend(18044): Added:'ResumeApplication', with key:'resume_application'
06-06 17:46:17.256 I/InstrumentationBackend(18044): Added:'Swipe', with key:'swipe'
06-06 17:46:17.256 I/InstrumentationBackend(18044): Added:'DoubleTapCoordinate', with key:'double_tap_coordinate'
06-06 17:46:17.256 I/InstrumentationBackend(18044): Added:'ClickOnScreen', with key:'click_on_screen'
06-06 17:46:17.256 I/InstrumentationBackend(18044): Added:'GetActivityName', with key:'get_activity_name'
06-06 17:46:17.256 I/InstrumentationBackend(18044): Added:'ScrollToView', with key:'scroll_to_view'
06-06 17:46:17.256 I/InstrumentationBackend(18044): Added:'ViewConfiguration', with key:'view_configuration'
06-06 17:46:17.256 I/InstrumentationBackend(18044): Added:'IsCurrentActivityFocused', with key:'is_current_activity_focused'
06-06 17:46:17.256 I/InstrumentationBackend(18044): Added:'SendTcp', with key:'send_tcp'
06-06 17:46:17.256 I/InstrumentationBackend(18044): Added:'DpToDevicePixel', with key:'dp_to_device_pixel'
06-06 17:46:17.256 I/InstrumentationBackend(18044): Added:'KeyboardEnterText', with key:'keyboard_enter_text'
06-06 17:46:17.256 I/InstrumentationBackend(18044): Added:'DeleteSurroundingText', with key:'delete_surrounding_text'
06-06 17:46:17.256 I/InstrumentationBackend(18044): Added:'SetComposingRegion', with key:'set_composing_region'
06-06 17:46:17.256 I/InstrumentationBackend(18044): Added:'SetSelection', with key:'set_selection'
06-06 17:46:17.257 I/InstrumentationBackend(18044): Added:'KeyboardKeyEvent', with key:'keyboard_key_event'
06-06 17:46:17.257 I/InstrumentationBackend(18044): Added:'PressUserActionButton', with key:'press_user_action_button'
06-06 17:46:17.257 I/InstrumentationBackend(18044): Added:'HideSoftKeyboard', with key:'hide_soft_keyboard'
06-06 17:46:17.257 I/InstrumentationBackend(18044): Added:'ListActions', with key:'list_actions'
06-06 17:46:17.257 I/calabash(18044): Instantiating http server at 7102
06-06 17:46:17.257 I/System.out(18044): HTTP Daemon listening on: 7102
06-06 17:46:17.265 D/EGL_emulation( 1713): eglMakeCurrent: 0xa6a85780: ver 2 0 (tinfo 0xa6a83640)
06-06 17:46:17.267 D/EGL_emulation( 1713): eglMakeCurrent: 0xa6a85780: ver 2 0 (tinfo 0xa6a83640)
06-06 17:46:17.282 D/EGL_emulation( 1713): eglMakeCurrent: 0xa6a85780: ver 2 0 (tinfo 0xa6a83640)
06-06 17:46:17.284 D/EGL_emulation( 1713): eglMakeCurrent: 0xa6a85780: ver 2 0 (tinfo 0xa6a83640)
06-06 17:46:17.289 I/WindowManager( 1631): WIN DEATH: Window{96d6996 u0 com.evancharlton.mileage/com.evancharlton.mileage.VehicleTypeActivity EXITING}
06-06 17:46:17.301 D/EGL_emulation( 1713): eglMakeCurrent: 0xa6a85780: ver 2 0 (tinfo 0xa6a83640)
06-06 17:46:17.309 D/EGL_emulation( 1713): eglMakeCurrent: 0xa6a85780: ver 2 0 (tinfo 0xa6a83640)
06-06 17:46:17.315 D/EGL_emulation( 1713): eglMakeCurrent: 0xa6a85780: ver 2 0 (tinfo 0xa6a83640)
06-06 17:46:17.317 D/EGL_emulation( 1713): eglMakeCurrent: 0xa6a85780: ver 2 0 (tinfo 0xa6a83640)
06-06 17:46:17.331 D/EGL_emulation( 1713): eglMakeCurrent: 0xa6a85780: ver 2 0 (tinfo 0xa6a83640)
06-06 17:46:17.333 D/EGL_emulation( 1713): eglMakeCurrent: 0xa6a85780: ver 2 0 (tinfo 0xa6a83640)
06-06 17:46:17.341 I/System.out(18044): URI: //ping
06-06 17:46:17.341 I/System.out(18044): params: {json={}
06-06 17:46:17.341 I/System.out(18044): }
06-06 17:46:17.344 I/System.out(18044): URI: //ping
06-06 17:46:17.344 I/System.out(18044): params: {json={}
06-06 17:46:17.344 I/System.out(18044): }
06-06 17:46:17.346 I/System.out(18044): URI: //ready
06-06 17:46:17.346 I/System.out(18044): params: {json={}
06-06 17:46:17.346 I/System.out(18044): }
06-06 17:46:17.349 D/EGL_emulation( 1713): eglMakeCurrent: 0xa6a85780: ver 2 0 (tinfo 0xa6a83640)
06-06 17:46:17.349 I/System.out(18044): URI: //
06-06 17:46:17.349 I/System.out(18044): params: {json={"command":"version","arguments":[]}
06-06 17:46:17.349 I/System.out(18044): }
06-06 17:46:17.349 I/System.out(18044): header: {content-type=application/json;charset=utf-8, date=Sat, 06 Jun 2020 22:46:17 GMT, accept=*/*, host=127.0.0.1:34784, content-length=36, user-agent=HTTPClient/1.0 (2.8.3, ruby 2.5.1 (2018-03-29))}
06-06 17:46:17.349 I/System.out(18044): params: {json={"command":"version","arguments":[]}
06-06 17:46:17.349 I/System.out(18044): }
06-06 17:46:17.349 I/System.out(18044): ProP json = {"command":"version","arguments":[]}
06-06 17:46:17.349 I/System.out(18044): files: {}
06-06 17:46:17.349 I/System.out(18044): command: {"command":"version","arguments":[]}
06-06 17:46:17.353 I/InstrumentationBackend(18044): Got command:'Command:'Line:null,version', arguments:'[]'
06-06 17:46:17.359 I/System.out(18044): result:{"bonusInformation":[],"message":"0.9.8","success":true}
06-06 17:46:17.361 I/System.out(18044): URI: //start-application
06-06 17:46:17.361 I/System.out(18044): params: {json={"intent":null}
06-06 17:46:17.361 I/System.out(18044): }
06-06 17:46:17.365 D/EGL_emulation( 1713): eglMakeCurrent: 0xa6a85780: ver 2 0 (tinfo 0xa6a83640)
06-06 17:46:17.366 D/EGL_emulation( 1713): eglMakeCurrent: 0xa6a85780: ver 2 0 (tinfo 0xa6a83640)
06-06 17:46:17.370 I/ActivityManager( 1631): START u0 {act=android.intent.action.MAIN cat=[android.intent.category.LAUNCHER] flg=0x10200000 cmp=com.evancharlton.mileage/.Mileage} from uid 10728 on display 0
06-06 17:46:17.376 I/calabash(18044): newActivity1
06-06 17:46:17.382 D/EGL_emulation( 1713): eglMakeCurrent: 0xa6a85780: ver 2 0 (tinfo 0xa6a83640)
06-06 17:46:17.383 D/EGL_emulation( 1713): eglMakeCurrent: 0xa6a85780: ver 2 0 (tinfo 0xa6a83640)
06-06 17:46:17.389 I/calabash(18044): newActivity1
06-06 17:46:17.391 W/ActivityManager( 1631): Bad activity token: android.os.BinderProxy@84c4393
06-06 17:46:17.391 W/ActivityManager( 1631): java.lang.ClassCastException: android.os.BinderProxy cannot be cast to com.android.server.am.ActivityRecord$Token
06-06 17:46:17.391 W/ActivityManager( 1631): 	at com.android.server.am.ActivityRecord.forTokenLocked(ActivityRecord.java:586)
06-06 17:46:17.391 W/ActivityManager( 1631): 	at com.android.server.am.ActivityRecord.isInStackLocked(ActivityRecord.java:1327)
06-06 17:46:17.391 W/ActivityManager( 1631): 	at com.android.server.am.ActivityRecord.getStackLocked(ActivityRecord.java:1332)
06-06 17:46:17.391 W/ActivityManager( 1631): 	at com.android.server.am.ActivityManagerService.getActivityDisplayId(ActivityManagerService.java:9806)
06-06 17:46:17.391 W/ActivityManager( 1631): 	at android.app.ActivityManagerNative.onTransact(ActivityManagerNative.java:2566)
06-06 17:46:17.391 W/ActivityManager( 1631): 	at com.android.server.am.ActivityManagerService.onTransact(ActivityManagerService.java:2757)
06-06 17:46:17.391 W/ActivityManager( 1631): 	at android.os.Binder.execTransact(Binder.java:565)
06-06 17:46:17.392 W/ActivityManager( 1631): Bad activity token: android.os.BinderProxy@84c4393
06-06 17:46:17.392 W/ActivityManager( 1631): java.lang.ClassCastException: android.os.BinderProxy cannot be cast to com.android.server.am.ActivityRecord$Token
06-06 17:46:17.392 W/ActivityManager( 1631): 	at com.android.server.am.ActivityRecord.forTokenLocked(ActivityRecord.java:586)
06-06 17:46:17.392 W/ActivityManager( 1631): 	at com.android.server.am.ActivityRecord.isInStackLocked(ActivityRecord.java:1327)
06-06 17:46:17.392 W/ActivityManager( 1631): 	at com.android.server.am.ActivityManagerService.setTaskDescription(ActivityManagerService.java:9358)
06-06 17:46:17.392 W/ActivityManager( 1631): 	at android.app.ActivityManagerNative.onTransact(ActivityManagerNative.java:2639)
06-06 17:46:17.392 W/ActivityManager( 1631): 	at com.android.server.am.ActivityManagerService.onTransact(ActivityManagerService.java:2757)
06-06 17:46:17.392 W/ActivityManager( 1631): 	at android.os.Binder.execTransact(Binder.java:565)
06-06 17:46:17.392 W/ActivityManager( 1631): Bad activity token: android.os.BinderProxy@84c4393
06-06 17:46:17.392 W/ActivityManager( 1631): java.lang.ClassCastException: android.os.BinderProxy cannot be cast to com.android.server.am.ActivityRecord$Token
06-06 17:46:17.392 W/ActivityManager( 1631): 	at com.android.server.am.ActivityRecord.forTokenLocked(ActivityRecord.java:586)
06-06 17:46:17.392 W/ActivityManager( 1631): 	at com.android.server.am.ActivityRecord.isInStackLocked(ActivityRecord.java:1327)
06-06 17:46:17.392 W/ActivityManager( 1631): 	at com.android.server.am.ActivityRecord.getStackLocked(ActivityRecord.java:1332)
06-06 17:46:17.392 W/ActivityManager( 1631): 	at com.android.server.am.ActivityManagerService.getActivityStackId(ActivityManagerService.java:9817)
06-06 17:46:17.392 W/ActivityManager( 1631): 	at android.app.ActivityManagerNative.onTransact(ActivityManagerNative.java:2856)
06-06 17:46:17.392 W/ActivityManager( 1631): 	at com.android.server.am.ActivityManagerService.onTransact(ActivityManagerService.java:2757)
06-06 17:46:17.392 W/ActivityManager( 1631): 	at android.os.Binder.execTransact(Binder.java:565)
06-06 17:46:17.399 D/gralloc_ranchu( 1348): gralloc_alloc: Creating ashmem region of size 9023488
06-06 17:46:17.412 W/ActivityManager( 1631): Bad activity token: android.os.BinderProxy@84c4393
06-06 17:46:17.412 W/ActivityManager( 1631): java.lang.ClassCastException: android.os.BinderProxy cannot be cast to com.android.server.am.ActivityRecord$Token
06-06 17:46:17.412 W/ActivityManager( 1631): 	at com.android.server.am.ActivityRecord.forTokenLocked(ActivityRecord.java:586)
06-06 17:46:17.412 W/ActivityManager( 1631): 	at com.android.server.am.ActivityRecord.isInStackLocked(ActivityRecord.java:1327)
06-06 17:46:17.412 W/ActivityManager( 1631): 	at com.android.server.am.ActivityManagerService.getActivityOptions(ActivityManagerService.java:12559)
06-06 17:46:17.412 W/ActivityManager( 1631): 	at android.app.ActivityManagerNative.onTransact(ActivityManagerNative.java:1933)
06-06 17:46:17.412 W/ActivityManager( 1631): 	at com.android.server.am.ActivityManagerService.onTransact(ActivityManagerService.java:2757)
06-06 17:46:17.412 W/ActivityManager( 1631): 	at android.os.Binder.execTransact(Binder.java:565)
06-06 17:46:17.413 W/ActivityManager( 1631): Bad activity token: android.os.BinderProxy@84c4393
06-06 17:46:17.413 W/ActivityManager( 1631): java.lang.ClassCastException: android.os.BinderProxy cannot be cast to com.android.server.am.ActivityRecord$Token
06-06 17:46:17.413 W/ActivityManager( 1631): 	at com.android.server.am.ActivityRecord.forTokenLocked(ActivityRecord.java:586)
06-06 17:46:17.413 W/ActivityManager( 1631): 	at com.android.server.am.ActivityRecord.isInStackLocked(ActivityRecord.java:1327)
06-06 17:46:17.413 W/ActivityManager( 1631): 	at com.android.server.am.ActivityManagerService.getActivityOptions(ActivityManagerService.java:12559)
06-06 17:46:17.413 W/ActivityManager( 1631): 	at android.app.ActivityManagerNative.onTransact(ActivityManagerNative.java:1933)
06-06 17:46:17.413 W/ActivityManager( 1631): 	at com.android.server.am.ActivityManagerService.onTransact(ActivityManagerService.java:2757)
06-06 17:46:17.413 W/ActivityManager( 1631): 	at android.os.Binder.execTransact(Binder.java:565)
06-06 17:46:17.437 V/PhoneStatusBar( 1713): setLightsOn(true)
06-06 17:46:17.449 D/EGL_emulation( 2106): eglMakeCurrent: 0xa6a85300: ver 2 0 (tinfo 0xa6a83220)
06-06 17:46:17.450 D/gralloc_ranchu( 1348): gralloc_alloc: Creating ashmem region of size 9023488
06-06 17:46:17.458 D/        (18044): HostConnection::get() New Host Connection established 0x954a9540, tid 18044
06-06 17:46:17.458 D/EGL_emulation( 1713): eglMakeCurrent: 0xa6a85780: ver 2 0 (tinfo 0xa6a83640)
06-06 17:46:17.458 V/PhoneStatusBar( 1713): setLightsOn(true)
06-06 17:46:17.500 D/EGL_emulation( 1713): eglMakeCurrent: 0xa6a85780: ver 2 0 (tinfo 0xa6a83640)
06-06 17:46:17.503 D/EGL_emulation( 1713): eglMakeCurrent: 0xa6a85780: ver 2 0 (tinfo 0xa6a83640)
06-06 17:46:17.504 V/PhoneStatusBar( 1713): setLightsOn(true)
06-06 17:46:17.505 D/EGL_emulation( 1713): eglMakeCurrent: 0xa6a85780: ver 2 0 (tinfo 0xa6a83640)
06-06 17:46:17.506 D/EGL_emulation( 1713): eglMakeCurrent: 0xa6a85780: ver 2 0 (tinfo 0xa6a83640)
06-06 17:46:17.518 D/EGL_emulation( 1713): eglMakeCurrent: 0xa6a85780: ver 2 0 (tinfo 0xa6a83640)
06-06 17:46:17.520 D/EGL_emulation( 1713): eglMakeCurrent: 0xa6a85780: ver 2 0 (tinfo 0xa6a83640)
06-06 17:46:17.534 D/EGL_emulation( 1713): eglMakeCurrent: 0xa6a85780: ver 2 0 (tinfo 0xa6a83640)
06-06 17:46:17.536 D/EGL_emulation( 1713): eglMakeCurrent: 0xa6a85780: ver 2 0 (tinfo 0xa6a83640)
06-06 17:46:17.549 D/EGL_emulation( 1713): eglMakeCurrent: 0xa6a85780: ver 2 0 (tinfo 0xa6a83640)
06-06 17:46:17.550 D/gralloc_ranchu( 1348): gralloc_alloc: Creating ashmem region of size 9023488
06-06 17:46:17.565 I/ActivityManager( 1631): Displayed com.evancharlton.mileage/.Mileage: +191ms
06-06 17:46:17.576 D/EGL_emulation( 1713): eglMakeCurrent: 0xa6a85780: ver 2 0 (tinfo 0xa6a83640)
06-06 17:46:17.579 D/EGL_emulation( 1713): eglMakeCurrent: 0xa6a85780: ver 2 0 (tinfo 0xa6a83640)
06-06 17:46:17.592 D/EGL_emulation( 1713): eglMakeCurrent: 0xa6a85780: ver 2 0 (tinfo 0xa6a83640)
06-06 17:46:17.592 V/PhoneStatusBar( 1713): setLightsOn(true)
06-06 17:46:17.594 D/EGL_emulation( 1713): eglMakeCurrent: 0xa6a85780: ver 2 0 (tinfo 0xa6a83640)
06-06 17:46:17.595 D/EGL_emulation( 1713): eglMakeCurrent: 0xa6a85780: ver 2 0 (tinfo 0xa6a83640)
06-06 17:46:17.601 I/WindowManager( 1631): Destroying surface Surface(name=com.evancharlton.mileage/com.evancharlton.mileage.VehicleTypeActivity) called by com.android.server.wm.WindowStateAnimator.destroySurface:2016 com.android.server.wm.WindowStateAnimator.destroySurfaceLocked:882 com.android.server.wm.WindowState.removeLocked:1456 com.android.server.wm.WindowManagerService.removeWindowInnerLocked:2484 com.android.server.wm.AppWindowToken.destroySurfaces:365 com.android.server.wm.WindowStateAnimator.finishExit:565 com.android.server.wm.AppWindowAnimator.stepAnimationLocked:427 com.android.server.wm.WindowAnimator.updateAppWindowsLocked:196 
06-06 17:46:17.604 D/EGL_emulation( 1713): eglMakeCurrent: 0xa6a85780: ver 2 0 (tinfo 0xa6a83640)
06-06 17:46:17.606 D/EGL_emulation( 1713): eglMakeCurrent: 0xa6a85780: ver 2 0 (tinfo 0xa6a83640)
06-06 17:46:17.615 D/EGL_emulation( 1713): eglMakeCurrent: 0xa6a85780: ver 2 0 (tinfo 0xa6a83640)
06-06 17:46:17.617 D/EGL_emulation( 1713): eglMakeCurrent: 0xa6a85780: ver 2 0 (tinfo 0xa6a83640)
06-06 17:46:17.617 V/PhoneStatusBar( 1713): setLightsOn(true)
06-06 17:46:17.622 I/System.out(18044): URI: //map
06-06 17:46:17.622 I/System.out(18044): params: {json={"query":"* marked:'Vehicles'","operation":{"method_name":"query","arguments":[]}}
06-06 17:46:17.622 I/System.out(18044): }
06-06 17:46:17.632 D/EGL_emulation( 1713): eglMakeCurrent: 0xa6a85780: ver 2 0 (tinfo 0xa6a83640)
06-06 17:46:17.634 D/EGL_emulation( 1713): eglMakeCurrent: 0xa6a85780: ver 2 0 (tinfo 0xa6a83640)
06-06 17:46:17.639 W/ResourceType(18044): No package identifier when getting name for resource number 0x00000001
06-06 17:46:17.649 D/EGL_emulation( 1713): eglMakeCurrent: 0xa6a85780: ver 2 0 (tinfo 0xa6a83640)
06-06 17:46:17.651 D/EGL_emulation( 1713): eglMakeCurrent: 0xa6a85780: ver 2 0 (tinfo 0xa6a83640)
06-06 17:46:17.654 I/System.out(18044): URI: //gesture
06-06 17:46:17.654 I/System.out(18044): params: {json={"query_timeout":5.0,"gestures":[{"query_string":"* marked:'Vehicles'","touches":[{"x":50,"y":50,"offset_x":0,"offset_y":0,"wait":0.0,"time":0.2,"release":true,"query_string":null}]}]}
06-06 17:46:17.654 I/System.out(18044): }
06-06 17:46:17.659 W/ResourceType(18044): No package identifier when getting name for resource number 0x00000001
06-06 17:46:17.665 D/EGL_emulation( 1713): eglMakeCurrent: 0xa6a85780: ver 2 0 (tinfo 0xa6a83640)
06-06 17:46:17.764 I/WindowManager( 1631): Destroying surface Surface(name=Starting com.evancharlton.mileage) called by com.android.server.wm.WindowStateAnimator.destroySurface:2016 com.android.server.wm.WindowStateAnimator.destroySurfaceLocked:882 com.android.server.wm.WindowState.destroyOrSaveSurface:2100 com.android.server.wm.AppWindowToken.destroySurfaces:363 com.android.server.wm.WindowStateAnimator.finishExit:565 com.android.server.wm.WindowStateAnimator.stepAnimationLocked:491 com.android.server.wm.WindowAnimator.updateWindowsLocked:303 com.android.server.wm.WindowAnimator.animateLocked:704 
06-06 17:46:17.766 V/PhoneStatusBar( 1713): setLightsOn(true)
06-06 17:46:17.799 V/PhoneStatusBar( 1713): setLightsOn(true)
06-06 17:46:17.888 I/calabash(18044): newActivity1
06-06 17:46:17.890 W/ActivityManager( 1631): Bad activity token: android.os.BinderProxy@a62a939
06-06 17:46:17.890 W/ActivityManager( 1631): java.lang.ClassCastException: android.os.BinderProxy cannot be cast to com.android.server.am.ActivityRecord$Token
06-06 17:46:17.890 W/ActivityManager( 1631): 	at com.android.server.am.ActivityRecord.forTokenLocked(ActivityRecord.java:586)
06-06 17:46:17.890 W/ActivityManager( 1631): 	at com.android.server.am.ActivityRecord.isInStackLocked(ActivityRecord.java:1327)
06-06 17:46:17.890 W/ActivityManager( 1631): 	at com.android.server.am.ActivityRecord.getStackLocked(ActivityRecord.java:1332)
06-06 17:46:17.890 W/ActivityManager( 1631): 	at com.android.server.am.ActivityManagerService.getActivityDisplayId(ActivityManagerService.java:9806)
06-06 17:46:17.890 W/ActivityManager( 1631): 	at android.app.ActivityManagerNative.onTransact(ActivityManagerNative.java:2566)
06-06 17:46:17.890 W/ActivityManager( 1631): 	at com.android.server.am.ActivityManagerService.onTransact(ActivityManagerService.java:2757)
06-06 17:46:17.890 W/ActivityManager( 1631): 	at android.os.Binder.execTransact(Binder.java:565)
06-06 17:46:17.895 W/ActivityManager( 1631): Bad activity token: android.os.BinderProxy@a62a939
06-06 17:46:17.895 W/ActivityManager( 1631): java.lang.ClassCastException: android.os.BinderProxy cannot be cast to com.android.server.am.ActivityRecord$Token
06-06 17:46:17.895 W/ActivityManager( 1631): 	at com.android.server.am.ActivityRecord.forTokenLocked(ActivityRecord.java:586)
06-06 17:46:17.895 W/ActivityManager( 1631): 	at com.android.server.am.ActivityRecord.isInStackLocked(ActivityRecord.java:1327)
06-06 17:46:17.895 W/ActivityManager( 1631): 	at com.android.server.am.ActivityManagerService.setTaskDescription(ActivityManagerService.java:9358)
06-06 17:46:17.895 W/ActivityManager( 1631): 	at android.app.ActivityManagerNative.onTransact(ActivityManagerNative.java:2639)
06-06 17:46:17.895 W/ActivityManager( 1631): 	at com.android.server.am.ActivityManagerService.onTransact(ActivityManagerService.java:2757)
06-06 17:46:17.895 W/ActivityManager( 1631): 	at android.os.Binder.execTransact(Binder.java:565)
06-06 17:46:17.896 W/ActivityManager( 1631): Bad activity token: android.os.BinderProxy@a62a939
06-06 17:46:17.896 W/ActivityManager( 1631): java.lang.ClassCastException: android.os.BinderProxy cannot be cast to com.android.server.am.ActivityRecord$Token
06-06 17:46:17.896 W/ActivityManager( 1631): 	at com.android.server.am.ActivityRecord.forTokenLocked(ActivityRecord.java:586)
06-06 17:46:17.896 W/ActivityManager( 1631): 	at com.android.server.am.ActivityRecord.isInStackLocked(ActivityRecord.java:1327)
06-06 17:46:17.896 W/ActivityManager( 1631): 	at com.android.server.am.ActivityRecord.getStackLocked(ActivityRecord.java:1332)
06-06 17:46:17.896 W/ActivityManager( 1631): 	at com.android.server.am.ActivityManagerService.getActivityStackId(ActivityManagerService.java:9817)
06-06 17:46:17.896 W/ActivityManager( 1631): 	at android.app.ActivityManagerNative.onTransact(ActivityManagerNative.java:2856)
06-06 17:46:17.896 W/ActivityManager( 1631): 	at com.android.server.am.ActivityManagerService.onTransact(ActivityManagerService.java:2757)
06-06 17:46:17.896 W/ActivityManager( 1631): 	at android.os.Binder.execTransact(Binder.java:565)
06-06 17:46:17.899 V/PhoneStatusBar( 1713): setLightsOn(true)
06-06 17:46:17.909 W/ActivityManager( 1631): Bad activity token: android.os.BinderProxy@a62a939
06-06 17:46:17.909 W/ActivityManager( 1631): java.lang.ClassCastException: android.os.BinderProxy cannot be cast to com.android.server.am.ActivityRecord$Token
06-06 17:46:17.909 W/ActivityManager( 1631): 	at com.android.server.am.ActivityRecord.forTokenLocked(ActivityRecord.java:586)
06-06 17:46:17.909 W/ActivityManager( 1631): 	at com.android.server.am.ActivityRecord.isInStackLocked(ActivityRecord.java:1327)
06-06 17:46:17.909 W/ActivityManager( 1631): 	at com.android.server.am.ActivityManagerService.getActivityOptions(ActivityManagerService.java:12559)
06-06 17:46:17.909 W/ActivityManager( 1631): 	at android.app.ActivityManagerNative.onTransact(ActivityManagerNative.java:1933)
06-06 17:46:17.909 W/ActivityManager( 1631): 	at com.android.server.am.ActivityManagerService.onTransact(ActivityManagerService.java:2757)
06-06 17:46:17.909 W/ActivityManager( 1631): 	at android.os.Binder.execTransact(Binder.java:565)
06-06 17:46:17.910 W/ActivityManager( 1631): Bad activity token: android.os.BinderProxy@a62a939
06-06 17:46:17.910 W/ActivityManager( 1631): java.lang.ClassCastException: android.os.BinderProxy cannot be cast to com.android.server.am.ActivityRecord$Token
06-06 17:46:17.910 W/ActivityManager( 1631): 	at com.android.server.am.ActivityRecord.forTokenLocked(ActivityRecord.java:586)
06-06 17:46:17.910 W/ActivityManager( 1631): 	at com.android.server.am.ActivityRecord.isInStackLocked(ActivityRecord.java:1327)
06-06 17:46:17.910 W/ActivityManager( 1631): 	at com.android.server.am.ActivityManagerService.getActivityOptions(ActivityManagerService.java:12559)
06-06 17:46:17.910 W/ActivityManager( 1631): 	at android.app.ActivityManagerNative.onTransact(ActivityManagerNative.java:1933)
06-06 17:46:17.910 W/ActivityManager( 1631): 	at com.android.server.am.ActivityManagerService.onTransact(ActivityManagerService.java:2757)
06-06 17:46:17.910 W/ActivityManager( 1631): 	at android.os.Binder.execTransact(Binder.java:565)
06-06 17:46:17.930 I/System.out(18044): URI: //map
06-06 17:46:17.930 I/System.out(18044): params: {json={"query":"* {text CONTAINS[c] 'Default Vehicle'}","operation":{"method_name":"query","arguments":[]}}
06-06 17:46:17.930 I/System.out(18044): }
06-06 17:46:18.039 I/System.out(18044): URI: //gesture
06-06 17:46:18.039 I/System.out(18044): params: {json={"query_timeout":5.0,"gestures":[{"query_string":"* {text CONTAINS[c] 'Default Vehicle'}","touches":[{"x":50,"y":50,"offset_x":0,"offset_y":0,"wait":0.0,"time":1.0,"release":true,"query_string":null}]}]}
06-06 17:46:18.039 I/System.out(18044): }
06-06 17:46:18.190 V/PhoneStatusBar( 1713): setLightsOn(true)
06-06 17:46:18.192 V/PhoneStatusBar( 1713): setLightsOn(true)
06-06 17:46:18.193 W/OpenGLRenderer( 2106): Incorrectly called buildLayer on View: ShortcutAndWidgetContainer, destroying layer...
06-06 17:46:18.198 I/WindowManager( 1631): Destroying surface Surface(name=com.android.launcher3/com.android.launcher3.Launcher) called by com.android.server.wm.WindowStateAnimator.destroySurface:2016 com.android.server.wm.WindowStateAnimator.destroySurfaceLocked:882 com.android.server.wm.WindowState.destroyOrSaveSurface:2100 com.android.server.wm.AppWindowToken.destroySurfaces:363 com.android.server.wm.AppWindowToken.notifyAppStopped:389 com.android.server.wm.WindowManagerService.notifyAppStopped:4463 com.android.server.am.ActivityStack.activityStoppedLocked:1252 com.android.server.am.ActivityManagerService.activityStopped:6903 
06-06 17:46:18.199 V/PhoneStatusBar( 1713): setLightsOn(true)
06-06 17:46:18.207 D/gralloc_ranchu( 1348): gralloc_alloc: Creating ashmem region of size 9023488
06-06 17:46:18.706 V/PhoneStatusBar( 1713): setLightsOn(true)
06-06 17:46:18.743 V/PhoneStatusBar( 1713): setLightsOn(true)
06-06 17:46:18.749 V/PhoneStatusBar( 1713): setLightsOn(true)
06-06 17:46:18.751 D/gralloc_ranchu( 1348): gralloc_alloc: Creating ashmem region of size 868352
06-06 17:46:18.760 V/PhoneStatusBar( 1713): setLightsOn(true)
06-06 17:46:18.761 V/PhoneStatusBar( 1713): setLightsOn(true)
06-06 17:46:18.765 D/gralloc_ranchu( 1348): gralloc_alloc: Creating ashmem region of size 868352
06-06 17:46:18.765 V/PhoneStatusBar( 1713): setLightsOn(true)
06-06 17:46:19.015 V/PhoneStatusBar( 1713): setLightsOn(true)
06-06 17:46:19.083 I/art     (18044): Do partial code cache collection, code=30KB, data=30KB
06-06 17:46:19.084 I/art     (18044): After code cache collection, code=29KB, data=30KB
06-06 17:46:19.084 I/art     (18044): Increasing code cache capacity to 128KB
06-06 17:46:19.090 I/System.out(18044): URI: //map
06-06 17:46:19.090 I/System.out(18044): params: {json={"query":"android.widget.ScrollView index:0","operation":{"method_name":"query","arguments":[]}}
06-06 17:46:19.090 I/System.out(18044): }
06-06 17:46:19.135 I/System.out(18044): URI: //map
06-06 17:46:19.135 I/System.out(18044): params: {json={"query":"android.widget.AbsListView index:0","operation":{"method_name":"query","arguments":[]}}
06-06 17:46:19.135 I/System.out(18044): }
06-06 17:46:19.149 I/System.out(18044): URI: //map
06-06 17:46:19.149 I/System.out(18044): params: {json={"query":"android.widget.AbsListView index:0","operation":{"method_name":"query","arguments":[]}}
06-06 17:46:19.149 I/System.out(18044): }
06-06 17:46:19.163 I/System.out(18044): URI: //map
06-06 17:46:19.163 I/System.out(18044): params: {json={"query":"android.widget.AbsListView index:0","operation":{"method_name":"query","arguments":[]}}
06-06 17:46:19.163 I/System.out(18044): }
06-06 17:46:19.177 I/System.out(18044): URI: //map
06-06 17:46:19.177 I/System.out(18044): params: {json={"query":"android.widget.AbsListView index:0","operation":{"method_name":"query","arguments":["getFirstVisiblePosition"]}}
06-06 17:46:19.177 I/System.out(18044): }
06-06 17:46:19.195 I/System.out(18044): URI: //map
06-06 17:46:19.195 I/System.out(18044): params: {json={"query":"android.widget.AbsListView index:0","operation":{"method_name":"query","arguments":["getLastVisiblePosition"]}}
06-06 17:46:19.196 I/System.out(18044): }
06-06 17:46:19.214 I/System.out(18044): URI: //map
06-06 17:46:19.214 I/System.out(18044): params: {json={"query":"android.widget.AbsListView index:0","operation":{"method_name":"query","arguments":[{"method_name":"setSelection","arguments":[1]}]}}
06-06 17:46:19.214 I/System.out(18044): }
06-06 17:46:19.239 I/System.out(18044): URI: //map
06-06 17:46:19.239 I/System.out(18044): params: {json={"query":"* {text CONTAINS[c] 'Edit'}","operation":{"method_name":"query","arguments":[]}}
06-06 17:46:19.239 I/System.out(18044): }
06-06 17:46:19.274 V/PhoneStatusBar( 1713): setLightsOn(true)
06-06 17:46:19.328 I/System.out(18044): URI: //map
06-06 17:46:19.328 I/System.out(18044): params: {json={"query":"* marked:'Edit'","operation":{"method_name":"query","arguments":[]}}
06-06 17:46:19.328 I/System.out(18044): }
06-06 17:46:19.333 W/ResourceType(18044): No package identifier when getting name for resource number 0x00000001
06-06 17:46:19.343 I/System.out(18044): URI: //gesture
06-06 17:46:19.343 I/System.out(18044): params: {json={"query_timeout":5.0,"gestures":[{"query_string":"* marked:'Edit'","touches":[{"x":50,"y":50,"offset_x":0,"offset_y":0,"wait":0.0,"time":0.2,"release":true,"query_string":null}]}]}
06-06 17:46:19.343 I/System.out(18044): }
06-06 17:46:19.343 I/art     (18044): Do partial code cache collection, code=58KB, data=61KB
06-06 17:46:19.343 I/art     (18044): After code cache collection, code=58KB, data=61KB
06-06 17:46:19.343 I/art     (18044): Increasing code cache capacity to 256KB
06-06 17:46:19.348 W/ResourceType(18044): No package identifier when getting name for resource number 0x00000001
06-06 17:46:19.582 I/ActivityManager( 1631): START u0 {cmp=com.evancharlton.mileage/.VehicleActivity (has extras)} from uid 10728 on display 0
06-06 17:46:19.583 V/PhoneStatusBar( 1713): setLightsOn(true)
06-06 17:46:19.584 V/PhoneStatusBar( 1713): setLightsOn(true)
06-06 17:46:19.586 V/PhoneStatusBar( 1713): setLightsOn(true)
06-06 17:46:19.586 W/InputEventReceiver(18044): Attempted to finish an input event but the input event receiver has already been disposed.
06-06 17:46:19.589 I/calabash(18044): newActivity1
06-06 17:46:19.594 I/System.out(18044): URI: //gesture
06-06 17:46:19.594 I/System.out(18044): params: {json={"query_timeout":5.0,"gestures":[{"query_string":"android.widget.EditText index:4","touches":[{"x":50,"y":50,"offset_x":0,"offset_y":0,"wait":0.0,"time":0.2,"release":true,"query_string":null}]}]}
06-06 17:46:19.594 I/System.out(18044): }
06-06 17:46:19.614 V/PhoneStatusBar( 1713): setLightsOn(true)
06-06 17:46:19.618 D/gralloc_ranchu( 1348): gralloc_alloc: Creating ashmem region of size 9023488
06-06 17:46:19.631 V/PhoneStatusBar( 1713): setLightsOn(true)
06-06 17:46:19.648 V/PhoneStatusBar( 1713): setLightsOn(true)
06-06 17:46:19.649 W/InputMethodService( 1699): Window size has been changed. This may cause jankiness of resizing window: -1 -> -2
06-06 17:46:19.650 I/ActivityManager( 1631): Displayed com.evancharlton.mileage/.VehicleActivity: +62ms
06-06 17:46:19.650 D/gralloc_ranchu( 1348): gralloc_alloc: Creating ashmem region of size 9023488
06-06 17:46:19.657 I/LatinIME( 1699): Starting input. Cursor position = 0,0
06-06 17:46:19.665 V/PhoneStatusBar( 1713): setLightsOn(true)
06-06 17:46:19.682 V/PhoneStatusBar( 1713): setLightsOn(true)
06-06 17:46:19.731 V/PhoneStatusBar( 1713): setLightsOn(true)
06-06 17:46:19.748 V/PhoneStatusBar( 1713): setLightsOn(true)
06-06 17:46:19.769 D/EGL_emulation( 1713): eglMakeCurrent: 0xa6a85780: ver 2 0 (tinfo 0xa6a83640)
06-06 17:46:19.782 D/EGL_emulation( 1713): eglMakeCurrent: 0xa6a85780: ver 2 0 (tinfo 0xa6a83640)
06-06 17:46:19.782 V/PhoneStatusBar( 1713): setLightsOn(true)
06-06 17:46:19.783 D/EGL_emulation( 1699): eglMakeCurrent: 0xa6a85240: ver 2 0 (tinfo 0xa6a83470)
06-06 17:46:19.798 V/PhoneStatusBar( 1713): setLightsOn(true)
06-06 17:46:19.815 V/PhoneStatusBar( 1713): setLightsOn(true)
06-06 17:46:19.848 I/WindowManager( 1631): Destroying surface Surface(name=PopupWindow:a7bfd78) called by com.android.server.wm.WindowStateAnimator.destroySurface:2016 com.android.server.wm.WindowStateAnimator.destroySurfaceLocked:882 com.android.server.wm.WindowState.destroyOrSaveSurface:2100 com.android.server.wm.AppWindowToken.destroySurfaces:363 com.android.server.wm.WindowStateAnimator.finishExit:565 com.android.server.wm.WindowStateAnimator.stepAnimationLocked:491 com.android.server.wm.WindowAnimator.updateWindowsLocked:303 com.android.server.wm.WindowAnimator.animateLocked:704 
06-06 17:46:19.865 V/PhoneStatusBar( 1713): setLightsOn(true)
06-06 17:46:19.882 V/PhoneStatusBar( 1713): setLightsOn(true)
06-06 17:46:20.015 V/PhoneStatusBar( 1713): setLightsOn(true)
06-06 17:46:20.016 V/PhoneStatusBar( 1713): setLightsOn(true)
06-06 17:46:20.032 V/PhoneStatusBar( 1713): setLightsOn(true)
06-06 17:46:20.032 I/WindowManager( 1631): Destroying surface Surface(name=com.evancharlton.mileage/com.evancharlton.mileage.Mileage) called by com.android.server.wm.WindowStateAnimator.destroySurface:2016 com.android.server.wm.WindowStateAnimator.destroySurfaceLocked:882 com.android.server.wm.WindowState.destroyOrSaveSurface:2100 com.android.server.wm.WindowManagerService.tryStartExitingAnimation:3024 com.android.server.wm.WindowManagerService.relayoutWindow:2904 com.android.server.wm.Session.relayout:224 android.view.IWindowSession$Stub.onTransact:286 com.android.server.wm.Session.onTransact:145 
06-06 17:46:20.033 V/PhoneStatusBar( 1713): setLightsOn(true)
06-06 17:46:20.352 I/LatinIME( 1699): Starting input. Cursor position = 22,22
06-06 17:46:20.393 W/IInputConnectionWrapper(18044): finishComposingText on inactive InputConnection
06-06 17:46:20.393 W/IInputConnectionWrapper(18044): finishComposingText on inactive InputConnection
06-06 17:46:20.394 V/PhoneStatusBar( 1713): setLightsOn(true)
06-06 17:46:20.398 V/PhoneStatusBar( 1713): setLightsOn(true)
06-06 17:46:20.414 D/gralloc_ranchu( 1348): gralloc_alloc: Creating ashmem region of size 49152
06-06 17:46:20.418 V/PhoneStatusBar( 1713): setLightsOn(true)
06-06 17:46:20.419 V/PhoneStatusBar( 1713): setLightsOn(true)
06-06 17:46:20.432 V/PhoneStatusBar( 1713): setLightsOn(true)
06-06 17:46:20.532 V/PhoneStatusBar( 1713): setLightsOn(true)
06-06 17:46:20.548 D/gralloc_ranchu( 1348): gralloc_alloc: Creating ashmem region of size 49152
06-06 17:46:20.848 D/gralloc_ranchu( 1348): gralloc_alloc: Creating ashmem region of size 9023488
06-06 17:46:20.864 I/System.out(18044): URI: //
06-06 17:46:20.864 I/System.out(18044): params: {json={"command":"set_selection","arguments":[-1,-1]}
06-06 17:46:20.864 I/System.out(18044): }
06-06 17:46:20.864 I/System.out(18044): header: {content-type=application/json;charset=utf-8, date=Sat, 06 Jun 2020 22:46:21 GMT, accept=*/*, host=127.0.0.1:34784, content-length=47, user-agent=HTTPClient/1.0 (2.8.3, ruby 2.5.1 (2018-03-29))}
06-06 17:46:20.864 I/System.out(18044): params: {json={"command":"set_selection","arguments":[-1,-1]}
06-06 17:46:20.864 I/System.out(18044): }
06-06 17:46:20.864 I/System.out(18044): ProP json = {"command":"set_selection","arguments":[-1,-1]}
06-06 17:46:20.864 I/System.out(18044): files: {}
06-06 17:46:20.864 I/System.out(18044): command: {"command":"set_selection","arguments":[-1,-1]}
06-06 17:46:20.866 I/InstrumentationBackend(18044): Got command:'Command:'Line:null,set_selection', arguments:'[-1, -1]'
06-06 17:46:20.890 I/System.out(18044): result:{"bonusInformation":[],"message":"","success":true}
06-06 17:46:20.994 I/System.out(18044): URI: //
06-06 17:46:20.994 I/System.out(18044): params: {json={"command":"delete_surrounding_text","arguments":[-1,0]}
06-06 17:46:20.994 I/System.out(18044): }
06-06 17:46:20.994 I/System.out(18044): header: {content-type=application/json;charset=utf-8, date=Sat, 06 Jun 2020 22:46:21 GMT, accept=*/*, host=127.0.0.1:34784, content-length=56, user-agent=HTTPClient/1.0 (2.8.3, ruby 2.5.1 (2018-03-29))}
06-06 17:46:20.994 I/System.out(18044): params: {json={"command":"delete_surrounding_text","arguments":[-1,0]}
06-06 17:46:20.994 I/System.out(18044): }
06-06 17:46:20.994 I/System.out(18044): ProP json = {"command":"delete_surrounding_text","arguments":[-1,0]}
06-06 17:46:20.994 I/System.out(18044): files: {}
06-06 17:46:20.994 I/System.out(18044): command: {"command":"delete_surrounding_text","arguments":[-1,0]}
06-06 17:46:20.995 I/InstrumentationBackend(18044): Got command:'Command:'Line:null,delete_surrounding_text', arguments:'[-1, 0]'
06-06 17:46:21.013 E/SpannableStringBuilder(18044): SPAN_EXCLUSIVE_EXCLUSIVE spans cannot have a zero length
06-06 17:46:21.013 E/SpannableStringBuilder(18044): SPAN_EXCLUSIVE_EXCLUSIVE spans cannot have a zero length
06-06 17:46:21.015 V/PhoneStatusBar( 1713): setLightsOn(true)
06-06 17:46:21.019 I/System.out(18044): result:{"bonusInformation":[],"message":"","success":true}
06-06 17:46:21.022 I/System.out(18044): URI: //map
06-06 17:46:21.022 I/System.out(18044): params: {json={"query":"android.widget.EditText index:4","operation":{"method_name":"query","arguments":[]}}
06-06 17:46:21.022 I/System.out(18044): }
06-06 17:46:21.113 I/System.out(18044): URI: //gesture
06-06 17:46:21.113 I/System.out(18044): params: {json={"query_timeout":5.0,"gestures":[{"query_string":"android.widget.EditText index:4","touches":[{"x":50,"y":50,"offset_x":0,"offset_y":0,"wait":0.0,"time":0.2,"release":true,"query_string":null}]}]}
06-06 17:46:21.113 I/System.out(18044): }
06-06 17:46:21.198 I/WindowManager( 1631): Destroying surface Surface(name=PopupWindow:31dec3f) called by com.android.server.wm.WindowStateAnimator.destroySurface:2016 com.android.server.wm.WindowStateAnimator.destroySurfaceLocked:882 com.android.server.wm.WindowState.destroyOrSaveSurface:2100 com.android.server.wm.AppWindowToken.destroySurfaces:363 com.android.server.wm.WindowStateAnimator.finishExit:565 com.android.server.wm.WindowStateAnimator.stepAnimationLocked:491 com.android.server.wm.WindowAnimator.updateWindowsLocked:303 com.android.server.wm.WindowAnimator.animateLocked:704 
06-06 17:46:21.198 V/PhoneStatusBar( 1713): setLightsOn(true)
06-06 17:46:21.200 V/PhoneStatusBar( 1713): setLightsOn(true)
06-06 17:46:21.878 I/System.out(18044): URI: //
06-06 17:46:21.878 I/System.out(18044): params: {json={"command":"set_selection","arguments":[-1,-1]}
06-06 17:46:21.878 I/System.out(18044): }
06-06 17:46:21.878 I/System.out(18044): header: {content-type=application/json;charset=utf-8, date=Sat, 06 Jun 2020 22:46:22 GMT, accept=*/*, host=127.0.0.1:34784, content-length=47, user-agent=HTTPClient/1.0 (2.8.3, ruby 2.5.1 (2018-03-29))}
06-06 17:46:21.878 I/System.out(18044): params: {json={"command":"set_selection","arguments":[-1,-1]}
06-06 17:46:21.878 I/System.out(18044): }
06-06 17:46:21.878 I/System.out(18044): ProP json = {"command":"set_selection","arguments":[-1,-1]}
06-06 17:46:21.878 I/System.out(18044): files: {}
06-06 17:46:21.878 I/System.out(18044): command: {"command":"set_selection","arguments":[-1,-1]}
06-06 17:46:21.880 I/InstrumentationBackend(18044): Got command:'Command:'Line:null,set_selection', arguments:'[-1, -1]'
06-06 17:46:21.888 I/System.out(18044): result:{"bonusInformation":[],"message":"","success":true}
06-06 17:46:21.921 I/System.out(18044): URI: //
06-06 17:46:21.921 I/System.out(18044): params: {json={"command":"keyboard_enter_text","arguments":["Updated"]}
06-06 17:46:21.921 I/System.out(18044): }
06-06 17:46:21.921 I/System.out(18044): header: {content-type=application/json;charset=utf-8, date=Sat, 06 Jun 2020 22:46:22 GMT, accept=*/*, host=127.0.0.1:34784, content-length=57, user-agent=HTTPClient/1.0 (2.8.3, ruby 2.5.1 (2018-03-29))}
06-06 17:46:21.921 I/System.out(18044): params: {json={"command":"keyboard_enter_text","arguments":["Updated"]}
06-06 17:46:21.921 I/System.out(18044): }
06-06 17:46:21.921 I/System.out(18044): ProP json = {"command":"keyboard_enter_text","arguments":["Updated"]}
06-06 17:46:21.921 I/System.out(18044): files: {}
06-06 17:46:21.921 I/System.out(18044): command: {"command":"keyboard_enter_text","arguments":["Updated"]}
06-06 17:46:21.924 I/InstrumentationBackend(18044): Got command:'Command:'Line:null,keyboard_enter_text', arguments:'[Updated]'
06-06 17:46:21.925 E/SpannableStringBuilder(18044): SPAN_EXCLUSIVE_EXCLUSIVE spans cannot have a zero length
06-06 17:46:21.925 E/SpannableStringBuilder(18044): SPAN_EXCLUSIVE_EXCLUSIVE spans cannot have a zero length
06-06 17:46:21.934 E/SpannableStringBuilder(18044): SPAN_EXCLUSIVE_EXCLUSIVE spans cannot have a zero length
06-06 17:46:21.934 E/SpannableStringBuilder(18044): SPAN_EXCLUSIVE_EXCLUSIVE spans cannot have a zero length
06-06 17:46:21.943 I/System.out(18044): result:{"bonusInformation":[],"message":"","success":true}
06-06 17:46:21.949 I/System.out(18044): URI: //
06-06 17:46:21.949 I/System.out(18044): params: {json={"command":"press_key","arguments":["KEYCODE_BACK"]}
06-06 17:46:21.949 I/System.out(18044): }
06-06 17:46:21.950 I/System.out(18044): header: {content-type=application/json;charset=utf-8, date=Sat, 06 Jun 2020 22:46:22 GMT, accept=*/*, host=127.0.0.1:34784, content-length=52, user-agent=HTTPClient/1.0 (2.8.3, ruby 2.5.1 (2018-03-29))}
06-06 17:46:21.950 I/System.out(18044): params: {json={"command":"press_key","arguments":["KEYCODE_BACK"]}
06-06 17:46:21.950 I/System.out(18044): }
06-06 17:46:21.950 I/System.out(18044): ProP json = {"command":"press_key","arguments":["KEYCODE_BACK"]}
06-06 17:46:21.950 I/System.out(18044): files: {}
06-06 17:46:21.950 I/System.out(18044): command: {"command":"press_key","arguments":["KEYCODE_BACK"]}
06-06 17:46:21.952 I/InstrumentationBackend(18044): Got command:'Command:'Line:null,press_key', arguments:'[KEYCODE_BACK]'
06-06 17:46:21.982 W/InputMethodService( 1699): Window size has been changed. This may cause jankiness of resizing window: -1 -> -2
06-06 17:46:21.985 D/EGL_emulation( 1699): eglMakeCurrent: 0xa6a85240: ver 2 0 (tinfo 0xa6a83470)
06-06 17:46:21.986 I/System.out(18044): result:{"bonusInformation":[],"message":"","success":true}
06-06 17:46:21.995 I/System.out(18044): URI: //map
06-06 17:46:21.995 I/System.out(18044): params: {json={"query":"* marked:'Save changes'","operation":{"method_name":"query","arguments":[]}}
06-06 17:46:21.995 I/System.out(18044): }
06-06 17:46:21.998 D/EGL_emulation( 1713): eglMakeCurrent: 0xa6a85780: ver 2 0 (tinfo 0xa6a83640)
06-06 17:46:21.999 V/PhoneStatusBar( 1713): setLightsOn(true)
06-06 17:46:21.999 I/art     (18044): Compiler allocated 7MB to compile sh.calaba.instrumentationbackend.actions.NanoHTTPD$Response sh.calaba.instrumentationbackend.actions.HttpServer.serve(java.lang.String, java.lang.String, java.util.Properties, java.util.Properties, java.util.Properties)
06-06 17:46:22.003 V/PhoneStatusBar( 1713): setLightsOn(true)
06-06 17:46:22.026 W/ResourceType(18044): No package identifier when getting name for resource number 0x00000001
06-06 17:46:22.037 I/System.out(18044): URI: //gesture
06-06 17:46:22.037 I/System.out(18044): params: {json={"query_timeout":5.0,"gestures":[{"query_string":"* marked:'Save changes'","touches":[{"x":50,"y":50,"offset_x":0,"offset_y":0,"wait":0.0,"time":0.2,"release":true,"query_string":null}]}]}
06-06 17:46:22.037 I/System.out(18044): }
06-06 17:46:22.042 W/ResourceType(18044): No package identifier when getting name for resource number 0x00000001
06-06 17:46:22.165 V/PhoneStatusBar( 1713): setLightsOn(true)
06-06 17:46:22.165 I/WindowManager( 1631): Destroying surface Surface(name=InputMethod) called by com.android.server.wm.WindowStateAnimator.destroySurface:2016 com.android.server.wm.WindowStateAnimator.destroySurfaceLocked:882 com.android.server.wm.WindowState.destroyOrSaveSurface:2100 com.android.server.wm.WindowSurfacePlacer.performSurfacePlacementInner:429 com.android.server.wm.WindowSurfacePlacer.performSurfacePlacementLoop:232 com.android.server.wm.WindowSurfacePlacer.performSurfacePlacement:180 com.android.server.wm.WindowManagerService$H.handleMessage:8086 android.os.Handler.dispatchMessage:102 
06-06 17:46:22.289 V/PhoneStatusBar( 1713): setLightsOn(true)
06-06 17:46:22.300 I/System.out(18044): URI: //map
06-06 17:46:22.300 I/System.out(18044): params: {json={"query":"* {text CONTAINS[c] 'Default Vehicle'}","operation":{"method_name":"query","arguments":[]}}
06-06 17:46:22.300 I/System.out(18044): }
