--------- beginning of main
06-05 12:37:43.270 D/AndroidRuntime(15374): >>>>>> START com.android.internal.os.RuntimeInit uid 2000 <<<<<<
06-05 12:37:43.271 D/AndroidRuntime(15374): CheckJNI is ON
06-05 12:37:43.282 W/art     (15374): Unexpected CPU variant for X86 using defaults: x86
06-05 12:37:43.283 D/ICU     (15374): No timezone override file found: /data/misc/zoneinfo/current/icu/icu_tzdata.dat
06-05 12:37:43.290 E/memtrack(15374): Couldn't load memtrack module (No such file or directory)
06-05 12:37:43.290 E/android.os.Debug(15374): failed to load memtrack module: -2
06-05 12:37:43.290 I/Radio-JNI(15374): register_android_hardware_Radio DONE
06-05 12:37:43.294 D/AndroidRuntime(15374): Calling main entry com.android.commands.am.Am
--------- beginning of system
06-05 12:37:43.295 I/ActivityManager( 1659): Force stopping com.evancharlton.mileage appid=10082 user=0: start instr
06-05 12:37:43.298 I/art     (15384): Not late-enabling -Xcheck:jni (already on)
06-05 12:37:43.298 W/art     (15384): Unexpected CPU variant for X86 using defaults: x86
06-05 12:37:43.306 I/ActivityManager( 1659): Start proc 15384:com.evancharlton.mileage/u0a82 for added application com.evancharlton.mileage
06-05 12:37:43.306 D/AndroidRuntime(15374): Shutting down VM
06-05 12:37:43.310 W/System  (15384): ClassLoader referenced unknown path: /data/app/com.evancharlton.mileage.test-1/lib/x86
06-05 12:37:43.310 W/System  (15384): ClassLoader referenced unknown path: /data/app/com.evancharlton.mileage-1/lib/x86
06-05 12:37:43.312 W/System  (15384): ClassLoader referenced unknown path: 
06-05 12:37:43.315 I/System.out(15384): Main activity name automatically set to: com.evancharlton.mileage.Mileage
06-05 12:37:43.316 I/System.out(15384): Calabash did not load Mono. This is only a problem if you are trying to test a Mono application
06-05 12:37:43.316 I/calabash(15384): Test server port: 7102
06-05 12:37:43.316 I/InstrumentationBackend(15384): Added:'GetPreferences', with key:'get_preferences'
06-05 12:37:43.320 I/InstrumentationBackend(15384): Added:'SetPreferences', with key:'set_preferences'
06-05 12:37:43.320 I/InstrumentationBackend(15384): Added:'ClearPreferences', with key:'clear_preferences'
06-05 12:37:43.320 I/InstrumentationBackend(15384): Added:'PressElement', with key:'press_l10n_element'
06-05 12:37:43.320 I/InstrumentationBackend(15384): Added:'WaitForElement', with key:'wait_for_l10n_element'
06-05 12:37:43.320 I/InstrumentationBackend(15384): Added:'NullAction', with key:'nullAction'
06-05 12:37:43.320 I/InstrumentationBackend(15384): Added:'PressKey', with key:'press_key'
06-05 12:37:43.320 I/InstrumentationBackend(15384): Added:'SetActivityOrientation', with key:'set_activity_orientation'
06-05 12:37:43.320 I/InstrumentationBackend(15384): Added:'GetActivityOrientation', with key:'get_activity_orientation'
06-05 12:37:43.320 I/InstrumentationBackend(15384): Added:'FakeGPSLocation', with key:'set_gps_coordinates'
06-05 12:37:43.320 I/InstrumentationBackend(15384): Added:'SetPropertyByCssSelector', with key:'set_property_by_css_selector'
06-05 12:37:43.320 I/InstrumentationBackend(15384): Added:'GetUrl', with key:'get_url'
06-05 12:37:43.320 I/InstrumentationBackend(15384): Added:'ScrollTo', with key:'scroll_to'
06-05 12:37:43.320 I/InstrumentationBackend(15384): Added:'GetLoadProgress', with key:'get_load_progress'
06-05 12:37:43.320 I/InstrumentationBackend(15384): Added:'DumpHtml', with key:'dump_html'
06-05 12:37:43.320 I/InstrumentationBackend(15384): Added:'DumpBodyHtml', with key:'dump_body_html'
06-05 12:37:43.320 I/InstrumentationBackend(15384): Added:'EnterTextByCssSelector', with key:'enter_text_by_selector'
06-05 12:37:43.321 I/InstrumentationBackend(15384): Added:'AndroidSDKVersion', with key:'android_sdk_version'
06-05 12:37:43.321 I/InstrumentationBackend(15384): Added:'Version', with key:'version'
06-05 12:37:43.321 I/InstrumentationBackend(15384): Added:'Drag', with key:'drag'
06-05 12:37:43.321 I/InstrumentationBackend(15384): Added:'TouchCoordinates', with key:'touch_coordinate'
06-05 12:37:43.321 I/InstrumentationBackend(15384): Added:'LongPressCoordinate', with key:'long_press_coordinate'
06-05 12:37:43.321 I/InstrumentationBackend(15384): Added:'DragCoordinates', with key:'drag_coordinates'
06-05 12:37:43.321 I/InstrumentationBackend(15384): Added:'ResumeApplication', with key:'resume_application'
06-05 12:37:43.321 I/InstrumentationBackend(15384): Added:'Swipe', with key:'swipe'
06-05 12:37:43.321 I/InstrumentationBackend(15384): Added:'DoubleTapCoordinate', with key:'double_tap_coordinate'
06-05 12:37:43.321 I/InstrumentationBackend(15384): Added:'ClickOnScreen', with key:'click_on_screen'
06-05 12:37:43.321 I/InstrumentationBackend(15384): Added:'GetActivityName', with key:'get_activity_name'
06-05 12:37:43.321 I/InstrumentationBackend(15384): Added:'ScrollToView', with key:'scroll_to_view'
06-05 12:37:43.321 I/InstrumentationBackend(15384): Added:'ViewConfiguration', with key:'view_configuration'
06-05 12:37:43.322 I/InstrumentationBackend(15384): Added:'IsCurrentActivityFocused', with key:'is_current_activity_focused'
06-05 12:37:43.322 I/InstrumentationBackend(15384): Added:'SendTcp', with key:'send_tcp'
06-05 12:37:43.322 I/InstrumentationBackend(15384): Added:'DpToDevicePixel', with key:'dp_to_device_pixel'
06-05 12:37:43.322 I/InstrumentationBackend(15384): Added:'KeyboardEnterText', with key:'keyboard_enter_text'
06-05 12:37:43.322 I/InstrumentationBackend(15384): Added:'DeleteSurroundingText', with key:'delete_surrounding_text'
06-05 12:37:43.322 I/InstrumentationBackend(15384): Added:'SetComposingRegion', with key:'set_composing_region'
06-05 12:37:43.322 I/InstrumentationBackend(15384): Added:'SetSelection', with key:'set_selection'
06-05 12:37:43.322 I/InstrumentationBackend(15384): Added:'KeyboardKeyEvent', with key:'keyboard_key_event'
06-05 12:37:43.322 I/InstrumentationBackend(15384): Added:'PressUserActionButton', with key:'press_user_action_button'
06-05 12:37:43.322 I/InstrumentationBackend(15384): Added:'HideSoftKeyboard', with key:'hide_soft_keyboard'
06-05 12:37:43.322 I/InstrumentationBackend(15384): Added:'ListActions', with key:'list_actions'
06-05 12:37:43.322 I/calabash(15384): Instantiating http server at 7102
06-05 12:37:43.322 I/System.out(15384): HTTP Daemon listening on: 7102
06-05 12:37:43.418 I/System.out(15384): URI: //ping
06-05 12:37:43.418 I/System.out(15384): params: {json={}
06-05 12:37:43.418 I/System.out(15384): }
06-05 12:37:43.426 I/System.out(15384): URI: //ping
06-05 12:37:43.426 I/System.out(15384): params: {json={}
06-05 12:37:43.426 I/System.out(15384): }
06-05 12:37:43.432 I/System.out(15384): URI: //ready
06-05 12:37:43.432 I/System.out(15384): params: {json={}
06-05 12:37:43.432 I/System.out(15384): }
06-05 12:37:43.438 I/System.out(15384): URI: //
06-05 12:37:43.439 I/System.out(15384): params: {json={"command":"version","arguments":[]}
06-05 12:37:43.439 I/System.out(15384): }
06-05 12:37:43.439 I/System.out(15384): header: {content-type=application/json;charset=utf-8, date=Fri, 05 Jun 2020 17:37:44 GMT, accept=*/*, host=127.0.0.1:34782, content-length=36, user-agent=HTTPClient/1.0 (2.8.3, ruby 2.5.1 (2018-03-29))}
06-05 12:37:43.439 I/System.out(15384): params: {json={"command":"version","arguments":[]}
06-05 12:37:43.439 I/System.out(15384): }
06-05 12:37:43.439 I/System.out(15384): ProP json = {"command":"version","arguments":[]}
06-05 12:37:43.439 I/System.out(15384): files: {}
06-05 12:37:43.439 I/System.out(15384): command: {"command":"version","arguments":[]}
06-05 12:37:43.449 I/InstrumentationBackend(15384): Got command:'Command:'Line:null,version', arguments:'[]'
06-05 12:37:43.466 I/System.out(15384): result:{"bonusInformation":[],"message":"0.9.8","success":true}
06-05 12:37:43.469 I/System.out(15384): URI: //start-application
06-05 12:37:43.469 I/System.out(15384): params: {json={"intent":null}
06-05 12:37:43.469 I/System.out(15384): }
06-05 12:37:43.481 I/ActivityManager( 1659): START u0 {act=android.intent.action.MAIN cat=[android.intent.category.LAUNCHER] flg=0x10200000 cmp=com.evancharlton.mileage/.Mileage} from uid 10082 on display 0
06-05 12:37:43.487 I/calabash(15384): newActivity1
06-05 12:37:43.498 I/calabash(15384): newActivity1
06-05 12:37:43.499 W/ActivityManager( 1659): Bad activity token: android.os.BinderProxy@2b79b04
06-05 12:37:43.499 W/ActivityManager( 1659): java.lang.ClassCastException: android.os.BinderProxy cannot be cast to com.android.server.am.ActivityRecord$Token
06-05 12:37:43.499 W/ActivityManager( 1659): 	at com.android.server.am.ActivityRecord.forTokenLocked(ActivityRecord.java:586)
06-05 12:37:43.499 W/ActivityManager( 1659): 	at com.android.server.am.ActivityRecord.isInStackLocked(ActivityRecord.java:1327)
06-05 12:37:43.499 W/ActivityManager( 1659): 	at com.android.server.am.ActivityRecord.getStackLocked(ActivityRecord.java:1332)
06-05 12:37:43.499 W/ActivityManager( 1659): 	at com.android.server.am.ActivityManagerService.getActivityDisplayId(ActivityManagerService.java:9806)
06-05 12:37:43.499 W/ActivityManager( 1659): 	at android.app.ActivityManagerNative.onTransact(ActivityManagerNative.java:2566)
06-05 12:37:43.499 W/ActivityManager( 1659): 	at com.android.server.am.ActivityManagerService.onTransact(ActivityManagerService.java:2757)
06-05 12:37:43.499 W/ActivityManager( 1659): 	at android.os.Binder.execTransact(Binder.java:565)
06-05 12:37:43.501 W/ActivityManager( 1659): Bad activity token: android.os.BinderProxy@2b79b04
06-05 12:37:43.501 W/ActivityManager( 1659): java.lang.ClassCastException: android.os.BinderProxy cannot be cast to com.android.server.am.ActivityRecord$Token
06-05 12:37:43.501 W/ActivityManager( 1659): 	at com.android.server.am.ActivityRecord.forTokenLocked(ActivityRecord.java:586)
06-05 12:37:43.501 W/ActivityManager( 1659): 	at com.android.server.am.ActivityRecord.isInStackLocked(ActivityRecord.java:1327)
06-05 12:37:43.501 W/ActivityManager( 1659): 	at com.android.server.am.ActivityManagerService.setTaskDescription(ActivityManagerService.java:9358)
06-05 12:37:43.501 W/ActivityManager( 1659): 	at android.app.ActivityManagerNative.onTransact(ActivityManagerNative.java:2639)
06-05 12:37:43.501 W/ActivityManager( 1659): 	at com.android.server.am.ActivityManagerService.onTransact(ActivityManagerService.java:2757)
06-05 12:37:43.501 W/ActivityManager( 1659): 	at android.os.Binder.execTransact(Binder.java:565)
06-05 12:37:43.501 W/ActivityManager( 1659): Bad activity token: android.os.BinderProxy@2b79b04
06-05 12:37:43.501 W/ActivityManager( 1659): java.lang.ClassCastException: android.os.BinderProxy cannot be cast to com.android.server.am.ActivityRecord$Token
06-05 12:37:43.501 W/ActivityManager( 1659): 	at com.android.server.am.ActivityRecord.forTokenLocked(ActivityRecord.java:586)
06-05 12:37:43.501 W/ActivityManager( 1659): 	at com.android.server.am.ActivityRecord.isInStackLocked(ActivityRecord.java:1327)
06-05 12:37:43.501 W/ActivityManager( 1659): 	at com.android.server.am.ActivityRecord.getStackLocked(ActivityRecord.java:1332)
06-05 12:37:43.501 W/ActivityManager( 1659): 	at com.android.server.am.ActivityManagerService.getActivityStackId(ActivityManagerService.java:9817)
06-05 12:37:43.501 W/ActivityManager( 1659): 	at android.app.ActivityManagerNative.onTransact(ActivityManagerNative.java:2856)
06-05 12:37:43.501 W/ActivityManager( 1659): 	at com.android.server.am.ActivityManagerService.onTransact(ActivityManagerService.java:2757)
06-05 12:37:43.501 W/ActivityManager( 1659): 	at android.os.Binder.execTransact(Binder.java:565)
06-05 12:37:43.514 D/gralloc_ranchu( 1352): gralloc_alloc: Creating ashmem region of size 9023488
06-05 12:37:43.518 W/ActivityManager( 1659): Bad activity token: android.os.BinderProxy@2b79b04
06-05 12:37:43.518 W/ActivityManager( 1659): java.lang.ClassCastException: android.os.BinderProxy cannot be cast to com.android.server.am.ActivityRecord$Token
06-05 12:37:43.518 W/ActivityManager( 1659): 	at com.android.server.am.ActivityRecord.forTokenLocked(ActivityRecord.java:586)
06-05 12:37:43.518 W/ActivityManager( 1659): 	at com.android.server.am.ActivityRecord.isInStackLocked(ActivityRecord.java:1327)
06-05 12:37:43.518 W/ActivityManager( 1659): 	at com.android.server.am.ActivityManagerService.getActivityOptions(ActivityManagerService.java:12559)
06-05 12:37:43.518 W/ActivityManager( 1659): 	at android.app.ActivityManagerNative.onTransact(ActivityManagerNative.java:1933)
06-05 12:37:43.518 W/ActivityManager( 1659): 	at com.android.server.am.ActivityManagerService.onTransact(ActivityManagerService.java:2757)
06-05 12:37:43.518 W/ActivityManager( 1659): 	at android.os.Binder.execTransact(Binder.java:565)
06-05 12:37:43.519 W/ActivityManager( 1659): Bad activity token: android.os.BinderProxy@2b79b04
06-05 12:37:43.519 W/ActivityManager( 1659): java.lang.ClassCastException: android.os.BinderProxy cannot be cast to com.android.server.am.ActivityRecord$Token
06-05 12:37:43.519 W/ActivityManager( 1659): 	at com.android.server.am.ActivityRecord.forTokenLocked(ActivityRecord.java:586)
06-05 12:37:43.519 W/ActivityManager( 1659): 	at com.android.server.am.ActivityRecord.isInStackLocked(ActivityRecord.java:1327)
06-05 12:37:43.519 W/ActivityManager( 1659): 	at com.android.server.am.ActivityManagerService.getActivityOptions(ActivityManagerService.java:12559)
06-05 12:37:43.519 W/ActivityManager( 1659): 	at android.app.ActivityManagerNative.onTransact(ActivityManagerNative.java:1933)
06-05 12:37:43.519 W/ActivityManager( 1659): 	at com.android.server.am.ActivityManagerService.onTransact(ActivityManagerService.java:2757)
06-05 12:37:43.519 W/ActivityManager( 1659): 	at android.os.Binder.execTransact(Binder.java:565)
06-05 12:37:43.535 V/PhoneStatusBar( 1792): setLightsOn(true)
06-05 12:37:43.548 D/EGL_emulation( 1792): eglMakeCurrent: 0x992abea0: ver 2 0 (tinfo 0xa5a6f110)
06-05 12:37:43.549 V/PhoneStatusBar( 1792): setLightsOn(true)
06-05 12:37:43.554 V/PhoneStatusBar( 1792): setLightsOn(true)
06-05 12:37:43.556 D/gralloc_ranchu( 1352): gralloc_alloc: Creating ashmem region of size 9023488
06-05 12:37:43.559 V/PhoneStatusBar( 1792): setLightsOn(true)
06-05 12:37:43.564 D/EGL_emulation( 1792): eglMakeCurrent: 0x992abea0: ver 2 0 (tinfo 0xa5a6f110)
06-05 12:37:43.565 D/        (15384): HostConnection::get() New Host Connection established 0x99fad500, tid 15384
06-05 12:37:43.565 D/EGL_emulation( 2389): eglMakeCurrent: 0xb1284ec0: ver 2 0 (tinfo 0x98c170c0)
06-05 12:37:43.569 D/EGL_emulation( 1792): eglMakeCurrent: 0x992abea0: ver 2 0 (tinfo 0xa5a6f110)
06-05 12:37:43.601 D/EGL_emulation( 1792): eglMakeCurrent: 0x992abea0: ver 2 0 (tinfo 0xa5a6f110)
06-05 12:37:43.605 D/EGL_emulation( 1792): eglMakeCurrent: 0x992abea0: ver 2 0 (tinfo 0xa5a6f110)
06-05 12:37:43.605 V/PhoneStatusBar( 1792): setLightsOn(true)
06-05 12:37:43.607 D/EGL_emulation( 1792): eglMakeCurrent: 0x992abea0: ver 2 0 (tinfo 0xa5a6f110)
06-05 12:37:43.613 D/EGL_emulation( 1792): eglMakeCurrent: 0x992abea0: ver 2 0 (tinfo 0xa5a6f110)
06-05 12:37:43.616 D/EGL_emulation( 1792): eglMakeCurrent: 0x992abea0: ver 2 0 (tinfo 0xa5a6f110)
06-05 12:37:43.630 D/EGL_emulation( 1792): eglMakeCurrent: 0x992abea0: ver 2 0 (tinfo 0xa5a6f110)
06-05 12:37:43.632 D/EGL_emulation( 1792): eglMakeCurrent: 0x992abea0: ver 2 0 (tinfo 0xa5a6f110)
06-05 12:37:43.648 D/gralloc_ranchu( 1352): gralloc_alloc: Creating ashmem region of size 9023488
06-05 12:37:43.648 D/EGL_emulation( 1792): eglMakeCurrent: 0x992abea0: ver 2 0 (tinfo 0xa5a6f110)
06-05 12:37:43.649 I/ActivityManager( 1659): Displayed com.evancharlton.mileage/.Mileage: +163ms
06-05 12:37:43.649 V/PhoneStatusBar( 1792): setLightsOn(true)
06-05 12:37:43.677 D/EGL_emulation( 1792): eglMakeCurrent: 0x992abea0: ver 2 0 (tinfo 0xa5a6f110)
06-05 12:37:43.686 D/EGL_emulation( 1792): eglMakeCurrent: 0x992abea0: ver 2 0 (tinfo 0xa5a6f110)
06-05 12:37:43.707 D/EGL_emulation( 1792): eglMakeCurrent: 0x992abea0: ver 2 0 (tinfo 0xa5a6f110)
06-05 12:37:43.715 D/EGL_emulation( 1792): eglMakeCurrent: 0x992abea0: ver 2 0 (tinfo 0xa5a6f110)
06-05 12:37:43.716 V/PhoneStatusBar( 1792): setLightsOn(true)
06-05 12:37:43.720 D/EGL_emulation( 1792): eglMakeCurrent: 0x992abea0: ver 2 0 (tinfo 0xa5a6f110)
06-05 12:37:43.726 D/EGL_emulation( 1792): eglMakeCurrent: 0x992abea0: ver 2 0 (tinfo 0xa5a6f110)
06-05 12:37:43.730 D/EGL_emulation( 1792): eglMakeCurrent: 0x992abea0: ver 2 0 (tinfo 0xa5a6f110)
06-05 12:37:43.742 D/EGL_emulation( 1792): eglMakeCurrent: 0x992abea0: ver 2 0 (tinfo 0xa5a6f110)
06-05 12:37:43.747 D/EGL_emulation( 1792): eglMakeCurrent: 0x992abea0: ver 2 0 (tinfo 0xa5a6f110)
06-05 12:37:43.750 D/EGL_emulation( 1792): eglMakeCurrent: 0x992abea0: ver 2 0 (tinfo 0xa5a6f110)
06-05 12:37:43.763 D/EGL_emulation( 1792): eglMakeCurrent: 0x992abea0: ver 2 0 (tinfo 0xa5a6f110)
06-05 12:37:43.767 D/EGL_emulation( 1792): eglMakeCurrent: 0x992abea0: ver 2 0 (tinfo 0xa5a6f110)
06-05 12:37:43.775 I/System.out(15384): URI: //map
06-05 12:37:43.775 I/System.out(15384): params: {json={"query":"* marked:'Statistics'","operation":{"method_name":"query","arguments":[]}}
06-05 12:37:43.775 I/System.out(15384): }
06-05 12:37:43.780 D/EGL_emulation( 1792): eglMakeCurrent: 0x992abea0: ver 2 0 (tinfo 0xa5a6f110)
06-05 12:37:43.799 W/ResourceType(15384): No package identifier when getting name for resource number 0x00000001
06-05 12:37:43.822 I/System.out(15384): URI: //gesture
06-05 12:37:43.822 I/System.out(15384): params: {json={"query_timeout":5.0,"gestures":[{"query_string":"* marked:'Statistics'","touches":[{"x":50,"y":50,"offset_x":0,"offset_y":0,"wait":0.0,"time":0.2,"release":true,"query_string":null}]}]}
06-05 12:37:43.822 I/System.out(15384): }
06-05 12:37:43.828 W/ResourceType(15384): No package identifier when getting name for resource number 0x00000001
06-05 12:37:43.866 I/WindowManager( 1659): Destroying surface Surface(name=Starting com.evancharlton.mileage) called by com.android.server.wm.WindowStateAnimator.destroySurface:2016 com.android.server.wm.WindowStateAnimator.destroySurfaceLocked:882 com.android.server.wm.WindowState.destroyOrSaveSurface:2100 com.android.server.wm.AppWindowToken.destroySurfaces:363 com.android.server.wm.WindowStateAnimator.finishExit:565 com.android.server.wm.WindowStateAnimator.stepAnimationLocked:491 com.android.server.wm.WindowAnimator.updateWindowsLocked:303 com.android.server.wm.WindowAnimator.animateLocked:704 
06-05 12:37:43.870 V/PhoneStatusBar( 1792): setLightsOn(true)
06-05 12:37:43.905 V/PhoneStatusBar( 1792): setLightsOn(true)
06-05 12:37:43.998 V/PhoneStatusBar( 1792): setLightsOn(true)
06-05 12:37:44.069 I/calabash(15384): newActivity1
06-05 12:37:44.102 I/System.out(15384): URI: //map
06-05 12:37:44.102 I/System.out(15384): params: {json={"query":"android.widget.ScrollView index:0","operation":{"method_name":"query","arguments":[]}}
06-05 12:37:44.102 I/System.out(15384): }
06-05 12:37:44.103 W/ActivityManager( 1659): Bad activity token: android.os.BinderProxy@fc4601e
06-05 12:37:44.103 W/ActivityManager( 1659): java.lang.ClassCastException: android.os.BinderProxy cannot be cast to com.android.server.am.ActivityRecord$Token
06-05 12:37:44.103 W/ActivityManager( 1659): 	at com.android.server.am.ActivityRecord.forTokenLocked(ActivityRecord.java:586)
06-05 12:37:44.103 W/ActivityManager( 1659): 	at com.android.server.am.ActivityRecord.isInStackLocked(ActivityRecord.java:1327)
06-05 12:37:44.103 W/ActivityManager( 1659): 	at com.android.server.am.ActivityRecord.getStackLocked(ActivityRecord.java:1332)
06-05 12:37:44.103 W/ActivityManager( 1659): 	at com.android.server.am.ActivityManagerService.getActivityDisplayId(ActivityManagerService.java:9806)
06-05 12:37:44.103 W/ActivityManager( 1659): 	at android.app.ActivityManagerNative.onTransact(ActivityManagerNative.java:2566)
06-05 12:37:44.103 W/ActivityManager( 1659): 	at com.android.server.am.ActivityManagerService.onTransact(ActivityManagerService.java:2757)
06-05 12:37:44.103 W/ActivityManager( 1659): 	at android.os.Binder.execTransact(Binder.java:565)
06-05 12:37:44.104 W/ActivityManager( 1659): Bad activity token: android.os.BinderProxy@fc4601e
06-05 12:37:44.104 W/ActivityManager( 1659): java.lang.ClassCastException: android.os.BinderProxy cannot be cast to com.android.server.am.ActivityRecord$Token
06-05 12:37:44.104 W/ActivityManager( 1659): 	at com.android.server.am.ActivityRecord.forTokenLocked(ActivityRecord.java:586)
06-05 12:37:44.104 W/ActivityManager( 1659): 	at com.android.server.am.ActivityRecord.isInStackLocked(ActivityRecord.java:1327)
06-05 12:37:44.104 W/ActivityManager( 1659): 	at com.android.server.am.ActivityManagerService.setTaskDescription(ActivityManagerService.java:9358)
06-05 12:37:44.104 W/ActivityManager( 1659): 	at android.app.ActivityManagerNative.onTransact(ActivityManagerNative.java:2639)
06-05 12:37:44.104 W/ActivityManager( 1659): 	at com.android.server.am.ActivityManagerService.onTransact(ActivityManagerService.java:2757)
06-05 12:37:44.104 W/ActivityManager( 1659): 	at android.os.Binder.execTransact(Binder.java:565)
06-05 12:37:44.104 W/ActivityManager( 1659): Bad activity token: android.os.BinderProxy@fc4601e
06-05 12:37:44.104 W/ActivityManager( 1659): java.lang.ClassCastException: android.os.BinderProxy cannot be cast to com.android.server.am.ActivityRecord$Token
06-05 12:37:44.104 W/ActivityManager( 1659): 	at com.android.server.am.ActivityRecord.forTokenLocked(ActivityRecord.java:586)
06-05 12:37:44.104 W/ActivityManager( 1659): 	at com.android.server.am.ActivityRecord.isInStackLocked(ActivityRecord.java:1327)
06-05 12:37:44.104 W/ActivityManager( 1659): 	at com.android.server.am.ActivityRecord.getStackLocked(ActivityRecord.java:1332)
06-05 12:37:44.104 W/ActivityManager( 1659): 	at com.android.server.am.ActivityManagerService.getActivityStackId(ActivityManagerService.java:9817)
06-05 12:37:44.104 W/ActivityManager( 1659): 	at android.app.ActivityManagerNative.onTransact(ActivityManagerNative.java:2856)
06-05 12:37:44.104 W/ActivityManager( 1659): 	at com.android.server.am.ActivityManagerService.onTransact(ActivityManagerService.java:2757)
06-05 12:37:44.104 W/ActivityManager( 1659): 	at android.os.Binder.execTransact(Binder.java:565)
06-05 12:37:44.110 D/VehicleStatisticsActivity(15384): Checking recalculation ...
06-05 12:37:44.111 D/VehicleStatisticsActivity(15384): Recalculating statistics
06-05 12:37:44.111 D/VehicleStatisticsTask(15384): Calculation starting...
06-05 12:37:44.111 D/VehicleStatisticsActivity(15384): Recalculation started!
06-05 12:37:44.112 D/AndroidRuntime(15384): Shutting down VM
--------- beginning of crash
06-05 12:37:44.112 E/AndroidRuntime(15384): FATAL EXCEPTION: main
06-05 12:37:44.112 E/AndroidRuntime(15384): Process: com.evancharlton.mileage, PID: 15384
06-05 12:37:44.112 E/AndroidRuntime(15384): java.lang.RuntimeException: Unable to start activity ComponentInfo{com.evancharlton.mileage/com.evancharlton.mileage.VehicleStatisticsActivity}: java.lang.NullPointerException: Attempt to invoke virtual method 'void android.widget.ListView.setAdapter(android.widget.ListAdapter)' on a null object reference
06-05 12:37:44.112 E/AndroidRuntime(15384): 	at android.app.ActivityThread.performLaunchActivity(ActivityThread.java:2646)
06-05 12:37:44.112 E/AndroidRuntime(15384): 	at android.app.ActivityThread.startActivityNow(ActivityThread.java:2446)
06-05 12:37:44.112 E/AndroidRuntime(15384): 	at android.app.LocalActivityManager.moveToState(LocalActivityManager.java:136)
06-05 12:37:44.112 E/AndroidRuntime(15384): 	at android.app.LocalActivityManager.startActivity(LocalActivityManager.java:348)
06-05 12:37:44.112 E/AndroidRuntime(15384): 	at android.widget.TabHost$IntentContentStrategy.getContentView(TabHost.java:724)
06-05 12:37:44.112 E/AndroidRuntime(15384): 	at android.widget.TabHost.setCurrentTab(TabHost.java:388)
06-05 12:37:44.112 E/AndroidRuntime(15384): 	at android.widget.TabHost$2.onTabSelectionChanged(TabHost.java:158)
06-05 12:37:44.112 E/AndroidRuntime(15384): 	at android.widget.TabWidget$TabClickListener.onClick(TabWidget.java:532)
06-05 12:37:44.112 E/AndroidRuntime(15384): 	at android.view.View.performClick(View.java:5610)
06-05 12:37:44.112 E/AndroidRuntime(15384): 	at android.view.View$PerformClick.run(View.java:22265)
06-05 12:37:44.112 E/AndroidRuntime(15384): 	at android.os.Handler.handleCallback(Handler.java:751)
06-05 12:37:44.112 E/AndroidRuntime(15384): 	at android.os.Handler.dispatchMessage(Handler.java:95)
06-05 12:37:44.112 E/AndroidRuntime(15384): 	at android.os.Looper.loop(Looper.java:154)
06-05 12:37:44.112 E/AndroidRuntime(15384): 	at android.app.ActivityThread.main(ActivityThread.java:6077)
06-05 12:37:44.112 E/AndroidRuntime(15384): 	at java.lang.reflect.Method.invoke(Native Method)
06-05 12:37:44.112 E/AndroidRuntime(15384): 	at com.android.internal.os.ZygoteInit$MethodAndArgsCaller.run(ZygoteInit.java:866)
06-05 12:37:44.112 E/AndroidRuntime(15384): 	at com.android.internal.os.ZygoteInit.main(ZygoteInit.java:756)
06-05 12:37:44.112 E/AndroidRuntime(15384): Caused by: java.lang.NullPointerException: Attempt to invoke virtual method 'void android.widget.ListView.setAdapter(android.widget.ListAdapter)' on a null object reference
06-05 12:37:44.112 E/AndroidRuntime(15384): 	at com.evancharlton.mileage.VehicleStatisticsActivity.setAdapter(VehicleStatisticsActivity.java:200)
06-05 12:37:44.112 E/AndroidRuntime(15384): 	at com.evancharlton.mileage.VehicleStatisticsActivity.recalculate(VehicleStatisticsActivity.java:175)
06-05 12:37:44.112 E/AndroidRuntime(15384): 	at com.evancharlton.mileage.VehicleStatisticsActivity.onCreate(VehicleStatisticsActivity.java:131)
06-05 12:37:44.112 E/AndroidRuntime(15384): 	at android.app.Activity.performCreate(Activity.java:6662)
06-05 12:37:44.112 E/AndroidRuntime(15384): 	at android.app.Instrumentation.callActivityOnCreate(Instrumentation.java:1118)
06-05 12:37:44.112 E/AndroidRuntime(15384): 	at android.app.ActivityThread.performLaunchActivity(ActivityThread.java:2599)
06-05 12:37:44.112 E/AndroidRuntime(15384): 	... 16 more
06-05 12:37:44.113 I/Process (15384): Sending signal. PID: 15384 SIG: 9
06-05 12:37:44.116 W/InputDispatcher( 1659): channel '2aac8a5 com.evancharlton.mileage/com.evancharlton.mileage.Mileage (server)' ~ Consumer closed input channel or an error occurred.  events=0x9
06-05 12:37:44.116 E/InputDispatcher( 1659): channel '2aac8a5 com.evancharlton.mileage/com.evancharlton.mileage.Mileage (server)' ~ Channel is unrecoverably broken and will be disposed!
06-05 12:37:44.116 I/WindowManager( 1659): WIN DEATH: Window{2aac8a5 u0 com.evancharlton.mileage/com.evancharlton.mileage.Mileage}
06-05 12:37:44.116 W/InputDispatcher( 1659): Attempted to unregister already unregistered input channel '2aac8a5 com.evancharlton.mileage/com.evancharlton.mileage.Mileage (server)'
06-05 12:37:44.116 I/WindowManager( 1659): Destroying surface Surface(name=com.evancharlton.mileage/com.evancharlton.mileage.Mileage) called by com.android.server.wm.WindowStateAnimator.destroySurface:2016 com.android.server.wm.WindowStateAnimator.destroySurfaceLocked:882 com.android.server.wm.WindowState.removeLocked:1456 com.android.server.wm.WindowManagerService.removeWindowInnerLocked:2484 com.android.server.wm.WindowManagerService.removeWindowLocked:2442 com.android.server.wm.WindowState$DeathRecipient.binderDied:1787 android.os.BinderProxy.sendDeathNotice:688 <bottom of call stack> 
06-05 12:37:44.116 I/ActivityManager( 1659): Process com.evancharlton.mileage (pid 15384) has died
06-05 12:37:44.116 D/ActivityManager( 1659): cleanUpApplicationRecord -- 15384
06-05 12:37:44.116 W/ActivityManager( 1659): Scheduling restart of crashed service com.evancharlton.mileage/.services.AutomaticBackupService in 1000ms
06-05 12:37:44.116 W/ActivityManager( 1659): Force removing ActivityRecord{60e6835 u0 com.evancharlton.mileage/.Mileage t153}: app died, no saved state
06-05 12:37:44.119 W/ActivityManager( 1659): Crash of app com.evancharlton.mileage running instrumentation ComponentInfo{com.evancharlton.mileage.test/sh.calaba.instrumentationbackend.CalabashInstrumentationTestRunner}
06-05 12:37:44.119 I/ActivityManager( 1659): Force stopping com.evancharlton.mileage appid=10082 user=0: finished inst
06-05 12:37:44.119 I/ActivityManager( 1659):   Force stopping service ServiceRecord{2d2602a u0 com.evancharlton.mileage/.services.AutomaticBackupService}
06-05 12:37:44.121 V/PhoneStatusBar( 1792): setLightsOn(true)
