--------- beginning of main
06-05 23:00:14.776 D/AndroidRuntime(11923): >>>>>> START com.android.internal.os.RuntimeInit uid 2000 <<<<<<
06-05 23:00:14.777 D/AndroidRuntime(11923): CheckJNI is ON
06-05 23:00:14.782 W/audio_hw_generic( 1394): Not supplying enough data to HAL, expected position 221676706 , only wrote 220581360
06-05 23:00:14.788 W/art     (11923): Unexpected CPU variant for X86 using defaults: x86
06-05 23:00:14.790 D/ICU     (11923): No timezone override file found: /data/misc/zoneinfo/current/icu/icu_tzdata.dat
06-05 23:00:14.798 E/memtrack(11923): Couldn't load memtrack module (No such file or directory)
06-05 23:00:14.798 E/android.os.Debug(11923): failed to load memtrack module: -2
06-05 23:00:14.798 I/Radio-JNI(11923): register_android_hardware_Radio DONE
06-05 23:00:14.803 D/AndroidRuntime(11923): Calling main entry com.android.commands.am.Am
--------- beginning of system
06-05 23:00:14.804 I/ActivityManager( 1631): Force stopping com.evancharlton.mileage appid=10326 user=0: start instr
06-05 23:00:14.804 I/ActivityManager( 1631): Killing 11903:com.evancharlton.mileage/u0a326 (adj 0): stop com.evancharlton.mileage
06-05 23:00:14.804 D/ActivityManager( 1631): cleanUpApplicationRecord -- 11903
06-05 23:00:14.804 W/ActivityManager( 1631): Crash of app com.evancharlton.mileage running instrumentation ComponentInfo{com.evancharlton.mileage.test/sh.calaba.instrumentationbackend.ClearAppData2}
06-05 23:00:14.804 I/ActivityManager( 1631): Force stopping com.evancharlton.mileage appid=10326 user=0: finished inst
06-05 23:00:14.807 I/art     (11933): Not late-enabling -Xcheck:jni (already on)
06-05 23:00:14.807 W/art     (11933): Unexpected CPU variant for X86 using defaults: x86
06-05 23:00:14.815 I/ActivityManager( 1631): Start proc 11933:com.evancharlton.mileage/u0a326 for added application com.evancharlton.mileage
06-05 23:00:14.815 D/AndroidRuntime(11923): Shutting down VM
06-05 23:00:14.819 W/System  (11933): ClassLoader referenced unknown path: /data/app/com.evancharlton.mileage.test-1/lib/x86
06-05 23:00:14.819 W/System  (11933): ClassLoader referenced unknown path: /data/app/com.evancharlton.mileage-1/lib/x86
06-05 23:00:14.821 W/System  (11933): ClassLoader referenced unknown path: 
06-05 23:00:14.825 I/System.out(11933): Main activity name automatically set to: com.evancharlton.mileage.Mileage
06-05 23:00:14.825 I/System.out(11933): Calabash did not load Mono. This is only a problem if you are trying to test a Mono application
06-05 23:00:14.825 I/calabash(11933): Test server port: 7102
06-05 23:00:14.826 I/InstrumentationBackend(11933): Added:'GetPreferences', with key:'get_preferences'
06-05 23:00:14.830 I/InstrumentationBackend(11933): Added:'SetPreferences', with key:'set_preferences'
06-05 23:00:14.830 I/InstrumentationBackend(11933): Added:'ClearPreferences', with key:'clear_preferences'
06-05 23:00:14.830 I/InstrumentationBackend(11933): Added:'PressElement', with key:'press_l10n_element'
06-05 23:00:14.830 I/InstrumentationBackend(11933): Added:'WaitForElement', with key:'wait_for_l10n_element'
06-05 23:00:14.830 I/InstrumentationBackend(11933): Added:'NullAction', with key:'nullAction'
06-05 23:00:14.830 I/InstrumentationBackend(11933): Added:'PressKey', with key:'press_key'
06-05 23:00:14.830 I/InstrumentationBackend(11933): Added:'SetActivityOrientation', with key:'set_activity_orientation'
06-05 23:00:14.830 I/InstrumentationBackend(11933): Added:'GetActivityOrientation', with key:'get_activity_orientation'
06-05 23:00:14.830 I/InstrumentationBackend(11933): Added:'FakeGPSLocation', with key:'set_gps_coordinates'
06-05 23:00:14.830 I/InstrumentationBackend(11933): Added:'SetPropertyByCssSelector', with key:'set_property_by_css_selector'
06-05 23:00:14.830 I/InstrumentationBackend(11933): Added:'GetUrl', with key:'get_url'
06-05 23:00:14.830 I/InstrumentationBackend(11933): Added:'ScrollTo', with key:'scroll_to'
06-05 23:00:14.830 I/InstrumentationBackend(11933): Added:'GetLoadProgress', with key:'get_load_progress'
06-05 23:00:14.830 I/InstrumentationBackend(11933): Added:'DumpHtml', with key:'dump_html'
06-05 23:00:14.830 I/InstrumentationBackend(11933): Added:'DumpBodyHtml', with key:'dump_body_html'
06-05 23:00:14.830 I/InstrumentationBackend(11933): Added:'EnterTextByCssSelector', with key:'enter_text_by_selector'
06-05 23:00:14.831 I/InstrumentationBackend(11933): Added:'AndroidSDKVersion', with key:'android_sdk_version'
06-05 23:00:14.831 I/InstrumentationBackend(11933): Added:'Version', with key:'version'
06-05 23:00:14.831 I/InstrumentationBackend(11933): Added:'Drag', with key:'drag'
06-05 23:00:14.831 I/InstrumentationBackend(11933): Added:'TouchCoordinates', with key:'touch_coordinate'
06-05 23:00:14.831 I/InstrumentationBackend(11933): Added:'LongPressCoordinate', with key:'long_press_coordinate'
06-05 23:00:14.831 I/InstrumentationBackend(11933): Added:'DragCoordinates', with key:'drag_coordinates'
06-05 23:00:14.831 I/InstrumentationBackend(11933): Added:'ResumeApplication', with key:'resume_application'
06-05 23:00:14.831 I/InstrumentationBackend(11933): Added:'Swipe', with key:'swipe'
06-05 23:00:14.831 I/InstrumentationBackend(11933): Added:'DoubleTapCoordinate', with key:'double_tap_coordinate'
06-05 23:00:14.831 I/InstrumentationBackend(11933): Added:'ClickOnScreen', with key:'click_on_screen'
06-05 23:00:14.831 I/InstrumentationBackend(11933): Added:'GetActivityName', with key:'get_activity_name'
06-05 23:00:14.831 I/InstrumentationBackend(11933): Added:'ScrollToView', with key:'scroll_to_view'
06-05 23:00:14.831 I/InstrumentationBackend(11933): Added:'ViewConfiguration', with key:'view_configuration'
06-05 23:00:14.831 I/InstrumentationBackend(11933): Added:'IsCurrentActivityFocused', with key:'is_current_activity_focused'
06-05 23:00:14.831 I/InstrumentationBackend(11933): Added:'SendTcp', with key:'send_tcp'
06-05 23:00:14.831 I/InstrumentationBackend(11933): Added:'DpToDevicePixel', with key:'dp_to_device_pixel'
06-05 23:00:14.831 I/InstrumentationBackend(11933): Added:'KeyboardEnterText', with key:'keyboard_enter_text'
06-05 23:00:14.831 I/InstrumentationBackend(11933): Added:'DeleteSurroundingText', with key:'delete_surrounding_text'
06-05 23:00:14.831 I/InstrumentationBackend(11933): Added:'SetComposingRegion', with key:'set_composing_region'
06-05 23:00:14.831 I/InstrumentationBackend(11933): Added:'SetSelection', with key:'set_selection'
06-05 23:00:14.832 I/InstrumentationBackend(11933): Added:'KeyboardKeyEvent', with key:'keyboard_key_event'
06-05 23:00:14.832 I/InstrumentationBackend(11933): Added:'PressUserActionButton', with key:'press_user_action_button'
06-05 23:00:14.832 I/InstrumentationBackend(11933): Added:'HideSoftKeyboard', with key:'hide_soft_keyboard'
06-05 23:00:14.832 I/InstrumentationBackend(11933): Added:'ListActions', with key:'list_actions'
06-05 23:00:14.832 I/calabash(11933): Instantiating http server at 7102
06-05 23:00:14.832 I/System.out(11933): HTTP Daemon listening on: 7102
06-05 23:00:14.925 I/System.out(11933): URI: //ping
06-05 23:00:14.926 I/System.out(11933): params: {json={}
06-05 23:00:14.926 I/System.out(11933): }
06-05 23:00:14.931 I/System.out(11933): URI: //ping
06-05 23:00:14.931 I/System.out(11933): params: {json={}
06-05 23:00:14.931 I/System.out(11933): }
06-05 23:00:14.935 I/System.out(11933): URI: //ready
06-05 23:00:14.935 I/System.out(11933): params: {json={}
06-05 23:00:14.935 I/System.out(11933): }
06-05 23:00:14.938 I/System.out(11933): URI: //
06-05 23:00:14.938 I/System.out(11933): params: {json={"command":"version","arguments":[]}
06-05 23:00:14.938 I/System.out(11933): }
06-05 23:00:14.939 I/System.out(11933): header: {content-type=application/json;charset=utf-8, date=Sat, 06 Jun 2020 04:00:15 GMT, accept=*/*, host=127.0.0.1:34777, content-length=36, user-agent=HTTPClient/1.0 (2.8.3, ruby 2.5.1 (2018-03-29))}
06-05 23:00:14.939 I/System.out(11933): params: {json={"command":"version","arguments":[]}
06-05 23:00:14.939 I/System.out(11933): }
06-05 23:00:14.939 I/System.out(11933): ProP json = {"command":"version","arguments":[]}
06-05 23:00:14.939 I/System.out(11933): files: {}
06-05 23:00:14.939 I/System.out(11933): command: {"command":"version","arguments":[]}
06-05 23:00:14.943 I/InstrumentationBackend(11933): Got command:'Command:'Line:null,version', arguments:'[]'
06-05 23:00:14.951 I/System.out(11933): result:{"bonusInformation":[],"message":"0.9.8","success":true}
06-05 23:00:14.953 I/System.out(11933): URI: //start-application
06-05 23:00:14.953 I/System.out(11933): params: {json={"intent":null}
06-05 23:00:14.953 I/System.out(11933): }
06-05 23:00:14.962 I/ActivityManager( 1631): START u0 {act=android.intent.action.MAIN cat=[android.intent.category.LAUNCHER] flg=0x10200000 cmp=com.evancharlton.mileage/.Mileage} from uid 10326 on display 0
06-05 23:00:14.967 I/calabash(11933): newActivity1
06-05 23:00:14.985 D/gralloc_ranchu( 1347): gralloc_alloc: Creating ashmem region of size 9023488
06-05 23:00:14.992 I/calabash(11933): newActivity1
06-05 23:00:14.994 W/ActivityManager( 1631): Bad activity token: android.os.BinderProxy@8c9ea25
06-05 23:00:14.994 W/ActivityManager( 1631): java.lang.ClassCastException: android.os.BinderProxy cannot be cast to com.android.server.am.ActivityRecord$Token
06-05 23:00:14.994 W/ActivityManager( 1631): 	at com.android.server.am.ActivityRecord.forTokenLocked(ActivityRecord.java:586)
06-05 23:00:14.994 W/ActivityManager( 1631): 	at com.android.server.am.ActivityRecord.isInStackLocked(ActivityRecord.java:1327)
06-05 23:00:14.994 W/ActivityManager( 1631): 	at com.android.server.am.ActivityRecord.getStackLocked(ActivityRecord.java:1332)
06-05 23:00:14.994 W/ActivityManager( 1631): 	at com.android.server.am.ActivityManagerService.getActivityDisplayId(ActivityManagerService.java:9806)
06-05 23:00:14.994 W/ActivityManager( 1631): 	at android.app.ActivityManagerNative.onTransact(ActivityManagerNative.java:2566)
06-05 23:00:14.994 W/ActivityManager( 1631): 	at com.android.server.am.ActivityManagerService.onTransact(ActivityManagerService.java:2757)
06-05 23:00:14.994 W/ActivityManager( 1631): 	at android.os.Binder.execTransact(Binder.java:565)
06-05 23:00:14.995 W/ActivityManager( 1631): Bad activity token: android.os.BinderProxy@8c9ea25
06-05 23:00:14.995 W/ActivityManager( 1631): java.lang.ClassCastException: android.os.BinderProxy cannot be cast to com.android.server.am.ActivityRecord$Token
06-05 23:00:14.995 W/ActivityManager( 1631): 	at com.android.server.am.ActivityRecord.forTokenLocked(ActivityRecord.java:586)
06-05 23:00:14.995 W/ActivityManager( 1631): 	at com.android.server.am.ActivityRecord.isInStackLocked(ActivityRecord.java:1327)
06-05 23:00:14.995 W/ActivityManager( 1631): 	at com.android.server.am.ActivityManagerService.setTaskDescription(ActivityManagerService.java:9358)
06-05 23:00:14.995 W/ActivityManager( 1631): 	at android.app.ActivityManagerNative.onTransact(ActivityManagerNative.java:2639)
06-05 23:00:14.995 W/ActivityManager( 1631): 	at com.android.server.am.ActivityManagerService.onTransact(ActivityManagerService.java:2757)
06-05 23:00:14.995 W/ActivityManager( 1631): 	at android.os.Binder.execTransact(Binder.java:565)
06-05 23:00:14.995 W/ActivityManager( 1631): Bad activity token: android.os.BinderProxy@8c9ea25
06-05 23:00:14.995 W/ActivityManager( 1631): java.lang.ClassCastException: android.os.BinderProxy cannot be cast to com.android.server.am.ActivityRecord$Token
06-05 23:00:14.995 W/ActivityManager( 1631): 	at com.android.server.am.ActivityRecord.forTokenLocked(ActivityRecord.java:586)
06-05 23:00:14.995 W/ActivityManager( 1631): 	at com.android.server.am.ActivityRecord.isInStackLocked(ActivityRecord.java:1327)
06-05 23:00:14.995 W/ActivityManager( 1631): 	at com.android.server.am.ActivityRecord.getStackLocked(ActivityRecord.java:1332)
06-05 23:00:14.995 W/ActivityManager( 1631): 	at com.android.server.am.ActivityManagerService.getActivityStackId(ActivityManagerService.java:9817)
06-05 23:00:14.995 W/ActivityManager( 1631): 	at android.app.ActivityManagerNative.onTransact(ActivityManagerNative.java:2856)
06-05 23:00:14.995 W/ActivityManager( 1631): 	at com.android.server.am.ActivityManagerService.onTransact(ActivityManagerService.java:2757)
06-05 23:00:14.995 W/ActivityManager( 1631): 	at android.os.Binder.execTransact(Binder.java:565)
06-05 23:00:15.007 D/FillupsProvider(11933): Creating database
06-05 23:00:15.010 V/PhoneStatusBar( 1712): setLightsOn(true)
06-05 23:00:15.018 D/EGL_emulation( 2076): eglMakeCurrent: 0xb0685360: ver 2 0 (tinfo 0xb06836b0)
06-05 23:00:15.018 D/EGL_emulation( 1712): eglMakeCurrent: 0xb0685360: ver 2 0 (tinfo 0xb06836c0)
06-05 23:00:15.024 W/ActivityManager( 1631): Bad activity token: android.os.BinderProxy@8c9ea25
06-05 23:00:15.024 W/ActivityManager( 1631): java.lang.ClassCastException: android.os.BinderProxy cannot be cast to com.android.server.am.ActivityRecord$Token
06-05 23:00:15.024 W/ActivityManager( 1631): 	at com.android.server.am.ActivityRecord.forTokenLocked(ActivityRecord.java:586)
06-05 23:00:15.024 W/ActivityManager( 1631): 	at com.android.server.am.ActivityRecord.isInStackLocked(ActivityRecord.java:1327)
06-05 23:00:15.024 W/ActivityManager( 1631): 	at com.android.server.am.ActivityManagerService.getActivityOptions(ActivityManagerService.java:12559)
06-05 23:00:15.024 W/ActivityManager( 1631): 	at android.app.ActivityManagerNative.onTransact(ActivityManagerNative.java:1933)
06-05 23:00:15.024 W/ActivityManager( 1631): 	at com.android.server.am.ActivityManagerService.onTransact(ActivityManagerService.java:2757)
06-05 23:00:15.024 W/ActivityManager( 1631): 	at android.os.Binder.execTransact(Binder.java:565)
06-05 23:00:15.025 W/ActivityManager( 1631): Bad activity token: android.os.BinderProxy@8c9ea25
06-05 23:00:15.025 W/ActivityManager( 1631): java.lang.ClassCastException: android.os.BinderProxy cannot be cast to com.android.server.am.ActivityRecord$Token
06-05 23:00:15.025 W/ActivityManager( 1631): 	at com.android.server.am.ActivityRecord.forTokenLocked(ActivityRecord.java:586)
06-05 23:00:15.025 W/ActivityManager( 1631): 	at com.android.server.am.ActivityRecord.isInStackLocked(ActivityRecord.java:1327)
06-05 23:00:15.025 W/ActivityManager( 1631): 	at com.android.server.am.ActivityManagerService.getActivityOptions(ActivityManagerService.java:12559)
06-05 23:00:15.025 W/ActivityManager( 1631): 	at android.app.ActivityManagerNative.onTransact(ActivityManagerNative.java:1933)
06-05 23:00:15.025 W/ActivityManager( 1631): 	at com.android.server.am.ActivityManagerService.onTransact(ActivityManagerService.java:2757)
06-05 23:00:15.025 W/ActivityManager( 1631): 	at android.os.Binder.execTransact(Binder.java:565)
06-05 23:00:15.034 D/EGL_emulation( 1712): eglMakeCurrent: 0xb0685360: ver 2 0 (tinfo 0xb06836c0)
06-05 23:00:15.036 D/EGL_emulation( 1712): eglMakeCurrent: 0xb0685360: ver 2 0 (tinfo 0xb06836c0)
06-05 23:00:15.037 V/PhoneStatusBar( 1712): setLightsOn(true)
06-05 23:00:15.050 D/EGL_emulation( 1712): eglMakeCurrent: 0xb0685360: ver 2 0 (tinfo 0xb06836c0)
06-05 23:00:15.052 D/EGL_emulation( 1712): eglMakeCurrent: 0xb0685360: ver 2 0 (tinfo 0xb06836c0)
06-05 23:00:15.067 D/EGL_emulation( 1712): eglMakeCurrent: 0xb0685360: ver 2 0 (tinfo 0xb06836c0)
06-05 23:00:15.069 D/EGL_emulation( 1712): eglMakeCurrent: 0xb0685360: ver 2 0 (tinfo 0xb06836c0)
06-05 23:00:15.070 D/gralloc_ranchu( 1347): gralloc_alloc: Creating ashmem region of size 9023488
06-05 23:00:15.077 D/        (11933): HostConnection::get() New Host Connection established 0x942b4000, tid 11933
06-05 23:00:15.135 D/EGL_emulation( 1712): eglMakeCurrent: 0xb0685360: ver 2 0 (tinfo 0xb06836c0)
06-05 23:00:15.140 D/EGL_emulation( 1712): eglMakeCurrent: 0xb0685360: ver 2 0 (tinfo 0xb06836c0)
06-05 23:00:15.140 V/PhoneStatusBar( 1712): setLightsOn(true)
06-05 23:00:15.142 D/EGL_emulation( 1712): eglMakeCurrent: 0xb0685360: ver 2 0 (tinfo 0xb06836c0)
06-05 23:00:15.144 D/EGL_emulation( 1712): eglMakeCurrent: 0xb0685360: ver 2 0 (tinfo 0xb06836c0)
06-05 23:00:15.157 D/EGL_emulation( 1712): eglMakeCurrent: 0xb0685360: ver 2 0 (tinfo 0xb06836c0)
06-05 23:00:15.159 D/EGL_emulation( 1712): eglMakeCurrent: 0xb0685360: ver 2 0 (tinfo 0xb06836c0)
06-05 23:00:15.168 D/EGL_emulation( 1712): eglMakeCurrent: 0xb0685360: ver 2 0 (tinfo 0xb06836c0)
06-05 23:00:15.169 D/EGL_emulation( 1712): eglMakeCurrent: 0xb0685360: ver 2 0 (tinfo 0xb06836c0)
06-05 23:00:15.184 D/gralloc_ranchu( 1347): gralloc_alloc: Creating ashmem region of size 9023488
06-05 23:00:15.184 D/EGL_emulation( 1712): eglMakeCurrent: 0xb0685360: ver 2 0 (tinfo 0xb06836c0)
06-05 23:00:15.204 D/EGL_emulation( 1712): eglMakeCurrent: 0xb0685360: ver 2 0 (tinfo 0xb06836c0)
06-05 23:00:15.207 I/ActivityManager( 1631): Displayed com.evancharlton.mileage/.Mileage: +243ms
06-05 23:00:15.208 D/EGL_emulation( 1712): eglMakeCurrent: 0xb0685360: ver 2 0 (tinfo 0xb06836c0)
06-05 23:00:15.226 D/EGL_emulation( 1712): eglMakeCurrent: 0xb0685360: ver 2 0 (tinfo 0xb06836c0)
06-05 23:00:15.226 V/PhoneStatusBar( 1712): setLightsOn(true)
06-05 23:00:15.230 D/EGL_emulation( 1712): eglMakeCurrent: 0xb0685360: ver 2 0 (tinfo 0xb06836c0)
06-05 23:00:15.234 D/EGL_emulation( 1712): eglMakeCurrent: 0xb0685360: ver 2 0 (tinfo 0xb06836c0)
06-05 23:00:15.235 V/PhoneStatusBar( 1712): setLightsOn(true)
06-05 23:00:15.236 D/EGL_emulation( 1712): eglMakeCurrent: 0xb0685360: ver 2 0 (tinfo 0xb06836c0)
06-05 23:00:15.262 I/System.out(11933): URI: //map
06-05 23:00:15.262 I/System.out(11933): params: {json={"query":"* marked:'Statistics'","operation":{"method_name":"query","arguments":[]}}
06-05 23:00:15.262 I/System.out(11933): }
06-05 23:00:15.284 W/ResourceType(11933): No package identifier when getting name for resource number 0x00000001
06-05 23:00:15.302 I/System.out(11933): URI: //gesture
06-05 23:00:15.302 I/System.out(11933): params: {json={"query_timeout":5.0,"gestures":[{"query_string":"* marked:'Statistics'","touches":[{"x":50,"y":50,"offset_x":0,"offset_y":0,"wait":0.0,"time":0.2,"release":true,"query_string":null}]}]}
06-05 23:00:15.302 I/System.out(11933): }
06-05 23:00:15.308 W/ResourceType(11933): No package identifier when getting name for resource number 0x00000001
06-05 23:00:15.417 I/WindowManager( 1631): Destroying surface Surface(name=Starting com.evancharlton.mileage) called by com.android.server.wm.WindowStateAnimator.destroySurface:2016 com.android.server.wm.WindowStateAnimator.destroySurfaceLocked:882 com.android.server.wm.WindowState.destroyOrSaveSurface:2100 com.android.server.wm.AppWindowToken.destroySurfaces:363 com.android.server.wm.WindowStateAnimator.finishExit:565 com.android.server.wm.WindowStateAnimator.stepAnimationLocked:491 com.android.server.wm.WindowAnimator.updateWindowsLocked:303 com.android.server.wm.WindowAnimator.animateLocked:704 
06-05 23:00:15.418 V/PhoneStatusBar( 1712): setLightsOn(true)
06-05 23:00:15.420 V/PhoneStatusBar( 1712): setLightsOn(true)
06-05 23:00:15.451 V/PhoneStatusBar( 1712): setLightsOn(true)
06-05 23:00:15.536 I/calabash(11933): newActivity1
06-05 23:00:15.540 W/audio_hw_generic( 1394): Not supplying enough data to HAL, expected position 220581561 , only wrote 220581360
06-05 23:00:15.550 I/System.out(11933): URI: //map
06-05 23:00:15.550 I/System.out(11933): params: {json={"query":"* {text CONTAINS[c] 'Fuel economy'}","operation":{"method_name":"query","arguments":[]}}
06-05 23:00:15.550 I/System.out(11933): }
06-05 23:00:15.554 W/ActivityManager( 1631): Bad activity token: android.os.BinderProxy@75bc677
06-05 23:00:15.554 W/ActivityManager( 1631): java.lang.ClassCastException: android.os.BinderProxy cannot be cast to com.android.server.am.ActivityRecord$Token
06-05 23:00:15.554 W/ActivityManager( 1631): 	at com.android.server.am.ActivityRecord.forTokenLocked(ActivityRecord.java:586)
06-05 23:00:15.554 W/ActivityManager( 1631): 	at com.android.server.am.ActivityRecord.isInStackLocked(ActivityRecord.java:1327)
06-05 23:00:15.554 W/ActivityManager( 1631): 	at com.android.server.am.ActivityRecord.getStackLocked(ActivityRecord.java:1332)
06-05 23:00:15.554 W/ActivityManager( 1631): 	at com.android.server.am.ActivityManagerService.getActivityDisplayId(ActivityManagerService.java:9806)
06-05 23:00:15.554 W/ActivityManager( 1631): 	at android.app.ActivityManagerNative.onTransact(ActivityManagerNative.java:2566)
06-05 23:00:15.554 W/ActivityManager( 1631): 	at com.android.server.am.ActivityManagerService.onTransact(ActivityManagerService.java:2757)
06-05 23:00:15.554 W/ActivityManager( 1631): 	at android.os.Binder.execTransact(Binder.java:565)
06-05 23:00:15.555 W/ActivityManager( 1631): Bad activity token: android.os.BinderProxy@75bc677
06-05 23:00:15.555 W/ActivityManager( 1631): java.lang.ClassCastException: android.os.BinderProxy cannot be cast to com.android.server.am.ActivityRecord$Token
06-05 23:00:15.555 W/ActivityManager( 1631): 	at com.android.server.am.ActivityRecord.forTokenLocked(ActivityRecord.java:586)
06-05 23:00:15.555 W/ActivityManager( 1631): 	at com.android.server.am.ActivityRecord.isInStackLocked(ActivityRecord.java:1327)
06-05 23:00:15.555 W/ActivityManager( 1631): 	at com.android.server.am.ActivityManagerService.setTaskDescription(ActivityManagerService.java:9358)
06-05 23:00:15.555 W/ActivityManager( 1631): 	at android.app.ActivityManagerNative.onTransact(ActivityManagerNative.java:2639)
06-05 23:00:15.555 W/ActivityManager( 1631): 	at com.android.server.am.ActivityManagerService.onTransact(ActivityManagerService.java:2757)
06-05 23:00:15.555 W/ActivityManager( 1631): 	at android.os.Binder.execTransact(Binder.java:565)
06-05 23:00:15.556 W/ActivityManager( 1631): Bad activity token: android.os.BinderProxy@75bc677
06-05 23:00:15.556 W/ActivityManager( 1631): java.lang.ClassCastException: android.os.BinderProxy cannot be cast to com.android.server.am.ActivityRecord$Token
06-05 23:00:15.556 W/ActivityManager( 1631): 	at com.android.server.am.ActivityRecord.forTokenLocked(ActivityRecord.java:586)
06-05 23:00:15.556 W/ActivityManager( 1631): 	at com.android.server.am.ActivityRecord.isInStackLocked(ActivityRecord.java:1327)
06-05 23:00:15.556 W/ActivityManager( 1631): 	at com.android.server.am.ActivityRecord.getStackLocked(ActivityRecord.java:1332)
06-05 23:00:15.556 W/ActivityManager( 1631): 	at com.android.server.am.ActivityManagerService.getActivityStackId(ActivityManagerService.java:9817)
06-05 23:00:15.556 W/ActivityManager( 1631): 	at android.app.ActivityManagerNative.onTransact(ActivityManagerNative.java:2856)
06-05 23:00:15.556 W/ActivityManager( 1631): 	at com.android.server.am.ActivityManagerService.onTransact(ActivityManagerService.java:2757)
06-05 23:00:15.556 W/ActivityManager( 1631): 	at android.os.Binder.execTransact(Binder.java:565)
06-05 23:00:15.566 D/VehicleStatisticsActivity(11933): Checking recalculation ...
06-05 23:00:15.568 D/VehicleStatisticsActivity(11933): Recalculating statistics
06-05 23:00:15.568 D/VehicleStatisticsTask(11933): Calculation starting...
06-05 23:00:15.568 D/VehicleStatisticsActivity(11933): Recalculation started!
06-05 23:00:15.570 W/ActivityManager( 1631): Bad activity token: android.os.BinderProxy@75bc677
06-05 23:00:15.570 W/ActivityManager( 1631): java.lang.ClassCastException: android.os.BinderProxy cannot be cast to com.android.server.am.ActivityRecord$Token
06-05 23:00:15.570 W/ActivityManager( 1631): 	at com.android.server.am.ActivityRecord.forTokenLocked(ActivityRecord.java:586)
06-05 23:00:15.570 W/ActivityManager( 1631): 	at com.android.server.am.ActivityRecord.isInStackLocked(ActivityRecord.java:1327)
06-05 23:00:15.570 W/ActivityManager( 1631): 	at com.android.server.am.ActivityManagerService.getActivityOptions(ActivityManagerService.java:12559)
06-05 23:00:15.570 W/ActivityManager( 1631): 	at android.app.ActivityManagerNative.onTransact(ActivityManagerNative.java:1933)
06-05 23:00:15.570 W/ActivityManager( 1631): 	at com.android.server.am.ActivityManagerService.onTransact(ActivityManagerService.java:2757)
06-05 23:00:15.570 W/ActivityManager( 1631): 	at android.os.Binder.execTransact(Binder.java:565)
06-05 23:00:15.571 W/ActivityManager( 1631): Bad activity token: android.os.BinderProxy@75bc677
06-05 23:00:15.571 W/ActivityManager( 1631): java.lang.ClassCastException: android.os.BinderProxy cannot be cast to com.android.server.am.ActivityRecord$Token
06-05 23:00:15.571 W/ActivityManager( 1631): 	at com.android.server.am.ActivityRecord.forTokenLocked(ActivityRecord.java:586)
06-05 23:00:15.571 W/ActivityManager( 1631): 	at com.android.server.am.ActivityRecord.isInStackLocked(ActivityRecord.java:1327)
06-05 23:00:15.571 W/ActivityManager( 1631): 	at com.android.server.am.ActivityManagerService.getActivityOptions(ActivityManagerService.java:12559)
06-05 23:00:15.571 W/ActivityManager( 1631): 	at android.app.ActivityManagerNative.onTransact(ActivityManagerNative.java:1933)
06-05 23:00:15.571 W/ActivityManager( 1631): 	at com.android.server.am.ActivityManagerService.onTransact(ActivityManagerService.java:2757)
06-05 23:00:15.571 W/ActivityManager( 1631): 	at android.os.Binder.execTransact(Binder.java:565)
06-05 23:00:15.571 D/VehicleStatisticsTask(11933): Not enough fillups to calculate statistics
06-05 23:00:15.572 D/VehicleStatisticsActivity(11933): Checking recalculation ...
06-05 23:00:15.574 D/VehicleStatisticsActivity(11933): Recalculating statistics
06-05 23:00:15.574 D/VehicleStatisticsTask(11933): Calculation starting...
06-05 23:00:15.574 D/VehicleStatisticsActivity(11933): Recalculation started!
06-05 23:00:15.577 D/VehicleStatisticsTask(11933): Not enough fillups to calculate statistics
06-05 23:00:15.589 I/art     (11933): Do partial code cache collection, code=30KB, data=30KB
06-05 23:00:15.589 I/art     (11933): After code cache collection, code=30KB, data=30KB
06-05 23:00:15.589 I/art     (11933): Increasing code cache capacity to 128KB
06-05 23:00:15.653 D/VehicleStatisticsTask(11933): Done recalculating!
06-05 23:00:15.653 D/VehicleStatisticsAdapter(11933): Erasing the cache ...
06-05 23:00:15.653 D/VehicleStatisticsTask(11933): Done recalculating!
06-05 23:00:15.653 D/VehicleStatisticsAdapter(11933): Erasing the cache ...
06-05 23:00:15.654 D/VehicleStatisticsAdapter(11933): Building new values ...
06-05 23:00:15.654 D/VehicleStatisticsAdapter(11933): Writing 29 records to the database ...
06-05 23:00:15.654 D/VehicleStatisticsAdapter(11933): Building new values ...
06-05 23:00:15.655 D/VehicleStatisticsAdapter(11933): Writing 29 records to the database ...
06-05 23:00:15.656 D/Mileage.ABS(11933): Finished backup
06-05 23:00:15.657 D/Mileage.ABS(11933): Not backing up; 4
06-05 23:00:15.743 D/Mileage.ABS(11933): Not backing up; 90
06-05 23:00:15.744 D/Mileage.ABS(11933): Not backing up; 91
06-05 23:00:15.744 D/Mileage.ABS(11933): Not backing up; 91
06-05 23:00:15.744 D/Mileage.ABS(11933): Not backing up; 91
06-05 23:00:15.744 D/gralloc_ranchu( 1347): gralloc_alloc: Creating ashmem region of size 9023488
06-05 23:00:15.744 D/Mileage.ABS(11933): Not backing up; 91
06-05 23:00:15.744 D/Mileage.ABS(11933): Not backing up; 91
06-05 23:00:15.744 D/Mileage.ABS(11933): Not backing up; 91
06-05 23:00:15.744 D/Mileage.ABS(11933): Not backing up; 91
06-05 23:00:15.745 D/Mileage.ABS(11933): Not backing up; 92
06-05 23:00:15.745 D/Mileage.ABS(11933): Not backing up; 92
06-05 23:00:15.745 D/Mileage.ABS(11933): Not backing up; 92
06-05 23:00:15.745 D/Mileage.ABS(11933): Not backing up; 92
06-05 23:00:15.751 V/PhoneStatusBar( 1712): setLightsOn(true)
06-05 23:00:15.751 V/PhoneStatusBar( 1712): setLightsOn(true)
06-05 23:00:15.767 I/WindowManager( 1631): Destroying surface Surface(name=com.android.launcher3/com.android.launcher3.Launcher) called by com.android.server.wm.WindowStateAnimator.destroySurface:2016 com.android.server.wm.WindowStateAnimator.destroySurfaceLocked:882 com.android.server.wm.WindowState.destroyOrSaveSurface:2100 com.android.server.wm.AppWindowToken.destroySurfaces:363 com.android.server.wm.AppWindowToken.notifyAppStopped:389 com.android.server.wm.WindowManagerService.notifyAppStopped:4463 com.android.server.am.ActivityStack.activityStoppedLocked:1252 com.android.server.am.ActivityManagerService.activityStopped:6903 
06-05 23:00:15.768 V/PhoneStatusBar( 1712): setLightsOn(true)
06-05 23:00:15.770 I/System.out(11933): URI: //map
06-05 23:00:15.770 I/System.out(11933): params: {json={"query":"* {text CONTAINS[c] 'Distance between fillups'}","operation":{"method_name":"query","arguments":[]}}
06-05 23:00:15.770 I/System.out(11933): }
06-05 23:00:15.797 D/VehicleStatisticsAdapter(11933): Caching of 29 records complete! (0.143 seconds)
06-05 23:00:15.800 D/VehicleStatisticsAdapter(11933): Caching of 29 records complete! (0.145 seconds)
06-05 23:00:15.802 D/Mileage.ABS(11933): Not backing up; 149
06-05 23:00:15.803 D/Mileage.ABS(11933): Not backing up; 150
06-05 23:00:15.803 D/Mileage.ABS(11933): Not backing up; 150
06-05 23:00:15.803 D/Mileage.ABS(11933): Not backing up; 150
06-05 23:00:15.803 D/Mileage.ABS(11933): Not backing up; 150
06-05 23:00:15.803 D/Mileage.ABS(11933): Not backing up; 150
06-05 23:00:15.803 D/Mileage.ABS(11933): Not backing up; 150
06-05 23:00:15.804 D/Mileage.ABS(11933): Not backing up; 151
06-05 23:00:15.804 D/Mileage.ABS(11933): Not backing up; 151
06-05 23:00:15.804 D/Mileage.ABS(11933): Not backing up; 151
06-05 23:00:15.804 D/Mileage.ABS(11933): Not backing up; 151
06-05 23:00:15.804 D/Mileage.ABS(11933): Not backing up; 151
06-05 23:00:15.804 D/Mileage.ABS(11933): Not backing up; 151
06-05 23:00:15.804 D/Mileage.ABS(11933): Not backing up; 151
06-05 23:00:15.804 D/Mileage.ABS(11933): Not backing up; 151
06-05 23:00:15.804 D/Mileage.ABS(11933): Not backing up; 151
06-05 23:00:15.805 D/Mileage.ABS(11933): Not backing up; 152
06-05 23:00:15.805 D/Mileage.ABS(11933): Not backing up; 152
06-05 23:00:15.805 D/Mileage.ABS(11933): Not backing up; 152
06-05 23:00:15.805 D/Mileage.ABS(11933): Not backing up; 152
06-05 23:00:15.805 D/Mileage.ABS(11933): Not backing up; 152
06-05 23:00:15.805 D/Mileage.ABS(11933): Not backing up; 152
06-05 23:00:15.805 D/Mileage.ABS(11933): Not backing up; 152
06-05 23:00:15.806 D/Mileage.ABS(11933): Not backing up; 153
06-05 23:00:15.806 D/Mileage.ABS(11933): Not backing up; 153
06-05 23:00:15.806 D/Mileage.ABS(11933): Not backing up; 153
06-05 23:00:15.806 D/Mileage.ABS(11933): Not backing up; 153
06-05 23:00:15.806 D/Mileage.ABS(11933): Not backing up; 153
06-05 23:00:15.806 D/Mileage.ABS(11933): Not backing up; 153
06-05 23:00:15.806 D/Mileage.ABS(11933): Not backing up; 153
06-05 23:00:15.806 D/Mileage.ABS(11933): Not backing up; 153
06-05 23:00:15.806 D/Mileage.ABS(11933): Not backing up; 153
06-05 23:00:15.807 D/Mileage.ABS(11933): Not backing up; 154
06-05 23:00:15.807 D/Mileage.ABS(11933): Not backing up; 154
06-05 23:00:15.807 D/Mileage.ABS(11933): Not backing up; 154
06-05 23:00:15.807 D/Mileage.ABS(11933): Not backing up; 154
06-05 23:00:15.807 D/Mileage.ABS(11933): Not backing up; 154
06-05 23:00:15.807 D/Mileage.ABS(11933): Not backing up; 154
06-05 23:00:15.807 D/Mileage.ABS(11933): Not backing up; 154
06-05 23:00:15.807 D/Mileage.ABS(11933): Not backing up; 154
06-05 23:00:15.807 D/Mileage.ABS(11933): Not backing up; 154
06-05 23:00:15.808 D/Mileage.ABS(11933): Not backing up; 155
06-05 23:00:15.808 D/Mileage.ABS(11933): Not backing up; 155
06-05 23:00:15.808 D/Mileage.ABS(11933): Not backing up; 155
06-05 23:00:15.808 D/Mileage.ABS(11933): Not backing up; 155
06-05 23:00:15.808 D/Mileage.ABS(11933): Not backing up; 155
06-05 23:00:15.808 D/Mileage.ABS(11933): Not backing up; 155
06-05 23:00:15.808 D/Mileage.ABS(11933): Not backing up; 155
06-05 23:00:15.820 I/System.out(11933): URI: //map
06-05 23:00:15.820 I/System.out(11933): params: {json={"query":"* {text CONTAINS[c] 'Fillup cost'}","operation":{"method_name":"query","arguments":[]}}
06-05 23:00:15.820 I/System.out(11933): }
06-05 23:00:15.838 I/System.out(11933): URI: //map
06-05 23:00:15.838 I/System.out(11933): params: {json={"query":"android.widget.ScrollView index:0","operation":{"method_name":"query","arguments":[]}}
06-05 23:00:15.838 I/System.out(11933): }
06-05 23:00:15.848 I/System.out(11933): URI: //map
06-05 23:00:15.848 I/System.out(11933): params: {json={"query":"android.widget.AbsListView index:0","operation":{"method_name":"query","arguments":[]}}
06-05 23:00:15.848 I/System.out(11933): }
06-05 23:00:15.862 I/System.out(11933): URI: //map
06-05 23:00:15.862 I/System.out(11933): params: {json={"query":"android.widget.AbsListView index:0","operation":{"method_name":"query","arguments":[]}}
06-05 23:00:15.862 I/System.out(11933): }
06-05 23:00:15.876 I/System.out(11933): URI: //map
06-05 23:00:15.876 I/System.out(11933): params: {json={"query":"android.widget.AbsListView index:0","operation":{"method_name":"query","arguments":[]}}
06-05 23:00:15.876 I/System.out(11933): }
06-05 23:00:15.889 I/System.out(11933): URI: //map
06-05 23:00:15.889 I/System.out(11933): params: {json={"query":"android.widget.AbsListView index:0","operation":{"method_name":"query","arguments":["getFirstVisiblePosition"]}}
06-05 23:00:15.889 I/System.out(11933): }
06-05 23:00:15.900 I/System.out(11933): URI: //map
06-05 23:00:15.900 I/System.out(11933): params: {json={"query":"android.widget.AbsListView index:0","operation":{"method_name":"query","arguments":["getLastVisiblePosition"]}}
06-05 23:00:15.900 I/System.out(11933): }
06-05 23:00:15.901 I/art     (11933): Do partial code cache collection, code=59KB, data=54KB
06-05 23:00:15.901 I/art     (11933): After code cache collection, code=58KB, data=54KB
06-05 23:00:15.901 I/art     (11933): Increasing code cache capacity to 256KB
06-05 23:00:15.913 I/System.out(11933): URI: //map
06-05 23:00:15.913 I/System.out(11933): params: {json={"query":"android.widget.AbsListView index:0","operation":{"method_name":"query","arguments":[{"method_name":"setSelection","arguments":[26]}]}}
06-05 23:00:15.913 I/System.out(11933): }
06-05 23:00:15.930 I/System.out(11933): URI: //map
06-05 23:00:15.930 I/System.out(11933): params: {json={"query":"* {text CONTAINS[c] 'Cost per distance'}","operation":{"method_name":"query","arguments":[]}}
06-05 23:00:15.930 I/System.out(11933): }
06-05 23:00:16.011 I/System.out(11933): URI: //map
06-05 23:00:16.011 I/System.out(11933): params: {json={"query":"* {text CONTAINS[c] 'Fuel price'}","operation":{"method_name":"query","arguments":[]}}
06-05 23:00:16.011 I/System.out(11933): }
06-05 23:00:16.026 I/System.out(11933): URI: //map
06-05 23:00:16.026 I/System.out(11933): params: {json={"query":"* {text CONTAINS[c] 'Fuel consumption'}","operation":{"method_name":"query","arguments":[]}}
06-05 23:00:16.026 I/System.out(11933): }
06-05 23:00:16.042 I/System.out(11933): URI: //map
06-05 23:00:16.042 I/System.out(11933): params: {json={"query":"* {text CONTAINS[c] 'Fillup locations'}","operation":{"method_name":"query","arguments":[]}}
06-05 23:00:16.042 I/System.out(11933): }
06-05 23:00:16.058 I/System.out(11933): URI: //
06-05 23:00:16.058 I/System.out(11933): params: {json={"command":"press_key","arguments":["KEYCODE_MENU"]}
06-05 23:00:16.058 I/System.out(11933): }
06-05 23:00:16.058 I/System.out(11933): header: {content-type=application/json;charset=utf-8, date=Sat, 06 Jun 2020 04:00:16 GMT, accept=*/*, host=127.0.0.1:34777, content-length=52, user-agent=HTTPClient/1.0 (2.8.3, ruby 2.5.1 (2018-03-29))}
06-05 23:00:16.058 I/System.out(11933): params: {json={"command":"press_key","arguments":["KEYCODE_MENU"]}
06-05 23:00:16.058 I/System.out(11933): }
06-05 23:00:16.058 I/System.out(11933): ProP json = {"command":"press_key","arguments":["KEYCODE_MENU"]}
06-05 23:00:16.058 I/System.out(11933): files: {}
06-05 23:00:16.058 I/System.out(11933): command: {"command":"press_key","arguments":["KEYCODE_MENU"]}
06-05 23:00:16.059 I/InstrumentationBackend(11933): Got command:'Command:'Line:null,press_key', arguments:'[KEYCODE_MENU]'
06-05 23:00:16.067 V/PhoneStatusBar( 1712): setLightsOn(true)
06-05 23:00:16.071 I/System.out(11933): result:{"bonusInformation":[],"message":"","success":true}
06-05 23:00:16.073 I/System.out(11933): URI: //map
06-05 23:00:16.073 I/System.out(11933): params: {json={"query":"* {text CONTAINS[c] 'Recalculate'}","operation":{"method_name":"query","arguments":[]}}
06-05 23:00:16.073 I/System.out(11933): }
06-05 23:00:16.085 V/PhoneStatusBar( 1712): setLightsOn(true)
06-05 23:00:16.100 V/PhoneStatusBar( 1712): setLightsOn(true)
06-05 23:00:16.118 V/PhoneStatusBar( 1712): setLightsOn(true)
06-05 23:00:16.119 D/gralloc_ranchu( 1347): gralloc_alloc: Creating ashmem region of size 1720320
06-05 23:00:16.136 V/PhoneStatusBar( 1712): setLightsOn(true)
06-05 23:00:16.136 V/PhoneStatusBar( 1712): setLightsOn(true)
06-05 23:00:16.145 I/System.out(11933): URI: //map
06-05 23:00:16.146 I/System.out(11933): params: {json={"query":"* {text CONTAINS[c] 'Service intervals'}","operation":{"method_name":"query","arguments":[]}}
06-05 23:00:16.146 I/System.out(11933): }
06-05 23:00:16.151 V/PhoneStatusBar( 1712): setLightsOn(true)
06-05 23:00:16.159 I/System.out(11933): URI: //map
06-05 23:00:16.159 I/System.out(11933): params: {json={"query":"* {text CONTAINS[c] 'Import / Export'}","operation":{"method_name":"query","arguments":[]}}
06-05 23:00:16.159 I/System.out(11933): }
06-05 23:00:16.173 I/System.out(11933): URI: //map
06-05 23:00:16.173 I/System.out(11933): params: {json={"query":"* {text CONTAINS[c] 'Settings'}","operation":{"method_name":"query","arguments":[]}}
06-05 23:00:16.173 I/System.out(11933): }
