--------- beginning of main
06-05 23:04:06.514 V/PhoneStatusBar( 1712): setLightsOn(true)
06-05 23:04:06.516 V/PhoneStatusBar( 1712): setLightsOn(true)
--------- beginning of system
06-05 23:04:06.516 W/ActivityManager( 1631): Finishing task with all activities already finished
06-05 23:04:06.516 W/ActivityManager( 1631): Duplicate finish request for ActivityRecord{5e02586 u0 com.evancharlton.mileage/.Mileage t9049 f}
06-05 23:04:06.535 D/gralloc_ranchu( 1347): gralloc_alloc: Creating ashmem region of size 3145728
06-05 23:04:06.543 E/EGL_emulation( 1347): tid 1347: eglCreateSyncKHR(1901): error 0x3004 (EGL_BAD_ATTRIBUTE)
06-05 23:04:06.553 W/ActivityManager( 1631): Finishing task with all activities already finished
06-05 23:04:06.553 W/ActivityManager( 1631): Duplicate finish request for ActivityRecord{5e02586 u0 com.evancharlton.mileage/.Mileage t9049 f}
06-05 23:04:06.553 W/ActivityManager( 1631): Finishing task with all activities already finished
06-05 23:04:06.553 W/ActivityManager( 1631): Duplicate finish request for ActivityRecord{5e02586 u0 com.evancharlton.mileage/.Mileage t9049 f}
06-05 23:04:06.553 W/ActivityManager( 1631): Finishing task with all activities already finished
06-05 23:04:06.553 W/ActivityManager( 1631): Duplicate finish request for ActivityRecord{5e02586 u0 com.evancharlton.mileage/.Mileage t9049 f}
06-05 23:04:06.554 W/ActivityManager( 1631): Finishing task with all activities already finished
06-05 23:04:06.554 W/ActivityManager( 1631): Duplicate finish request for ActivityRecord{5e02586 u0 com.evancharlton.mileage/.Mileage t9049 f}
06-05 23:04:06.585 D/EGL_emulation( 1712): eglMakeCurrent: 0xb0685360: ver 2 0 (tinfo 0xb06836c0)
06-05 23:04:06.601 D/EGL_emulation( 1712): eglMakeCurrent: 0xb0685360: ver 2 0 (tinfo 0xb06836c0)
06-05 23:04:06.602 D/EGL_emulation( 2076): eglMakeCurrent: 0xb0685360: ver 2 0 (tinfo 0xb06836b0)
06-05 23:04:06.635 D/EGL_emulation( 1712): eglMakeCurrent: 0xb0685360: ver 2 0 (tinfo 0xb06836c0)
06-05 23:04:06.650 D/AndroidRuntime(15354): >>>>>> START com.android.internal.os.RuntimeInit uid 2000 <<<<<<
06-05 23:04:06.650 D/EGL_emulation( 1712): eglMakeCurrent: 0xb0685360: ver 2 0 (tinfo 0xb06836c0)
06-05 23:04:06.651 D/AndroidRuntime(15354): CheckJNI is ON
06-05 23:04:06.653 D/EGL_emulation( 1712): eglMakeCurrent: 0xb0685360: ver 2 0 (tinfo 0xb06836c0)
06-05 23:04:06.663 W/art     (15354): Unexpected CPU variant for X86 using defaults: x86
06-05 23:04:06.665 D/ICU     (15354): No timezone override file found: /data/misc/zoneinfo/current/icu/icu_tzdata.dat
06-05 23:04:06.667 D/EGL_emulation( 1712): eglMakeCurrent: 0xb0685360: ver 2 0 (tinfo 0xb06836c0)
06-05 23:04:06.669 D/EGL_emulation( 1712): eglMakeCurrent: 0xb0685360: ver 2 0 (tinfo 0xb06836c0)
06-05 23:04:06.676 E/memtrack(15354): Couldn't load memtrack module (No such file or directory)
06-05 23:04:06.676 E/android.os.Debug(15354): failed to load memtrack module: -2
06-05 23:04:06.676 I/Radio-JNI(15354): register_android_hardware_Radio DONE
06-05 23:04:06.683 D/AndroidRuntime(15354): Calling main entry com.android.commands.am.Am
06-05 23:04:06.684 D/EGL_emulation( 1712): eglMakeCurrent: 0xb0685360: ver 2 0 (tinfo 0xb06836c0)
06-05 23:04:06.685 I/ActivityManager( 1631): Force stopping com.evancharlton.mileage appid=10326 user=0: start instr
06-05 23:04:06.685 I/ActivityManager( 1631): Killing 15217:com.evancharlton.mileage/u0a326 (adj 0): stop com.evancharlton.mileage
06-05 23:04:06.685 D/ActivityManager( 1631): cleanUpApplicationRecord -- 15217
06-05 23:04:06.685 D/EGL_emulation( 1712): eglMakeCurrent: 0xb0685360: ver 2 0 (tinfo 0xb06836c0)
06-05 23:04:06.688 W/ActivityManager( 1631): Crash of app com.evancharlton.mileage running instrumentation ComponentInfo{com.evancharlton.mileage.test/sh.calaba.instrumentationbackend.CalabashInstrumentationTestRunner}
06-05 23:04:06.688 I/ActivityManager( 1631): Force stopping com.evancharlton.mileage appid=10326 user=0: finished inst
06-05 23:04:06.693 I/art     (15365): Not late-enabling -Xcheck:jni (already on)
06-05 23:04:06.693 W/art     (15365): Unexpected CPU variant for X86 using defaults: x86
06-05 23:04:06.699 I/ActivityManager( 1631): Start proc 15365:com.evancharlton.mileage/u0a326 for added application com.evancharlton.mileage
06-05 23:04:06.700 D/AndroidRuntime(15354): Shutting down VM
06-05 23:04:06.700 D/EGL_emulation( 1712): eglMakeCurrent: 0xb0685360: ver 2 0 (tinfo 0xb06836c0)
06-05 23:04:06.702 D/EGL_emulation( 1712): eglMakeCurrent: 0xb0685360: ver 2 0 (tinfo 0xb06836c0)
06-05 23:04:06.706 W/System  (15365): ClassLoader referenced unknown path: /data/app/com.evancharlton.mileage.test-1/lib/x86
06-05 23:04:06.706 W/System  (15365): ClassLoader referenced unknown path: /data/app/com.evancharlton.mileage-1/lib/x86
06-05 23:04:06.708 W/System  (15365): ClassLoader referenced unknown path: 
06-05 23:04:06.712 I/System.out(15365): Main activity name automatically set to: com.evancharlton.mileage.Mileage
06-05 23:04:06.712 I/System.out(15365): Calabash did not load Mono. This is only a problem if you are trying to test a Mono application
06-05 23:04:06.712 I/calabash(15365): Test server port: 7102
06-05 23:04:06.713 I/InstrumentationBackend(15365): Added:'GetPreferences', with key:'get_preferences'
06-05 23:04:06.717 D/EGL_emulation( 1712): eglMakeCurrent: 0xb0685360: ver 2 0 (tinfo 0xb06836c0)
06-05 23:04:06.718 I/InstrumentationBackend(15365): Added:'SetPreferences', with key:'set_preferences'
06-05 23:04:06.718 I/InstrumentationBackend(15365): Added:'ClearPreferences', with key:'clear_preferences'
06-05 23:04:06.719 I/InstrumentationBackend(15365): Added:'PressElement', with key:'press_l10n_element'
06-05 23:04:06.719 I/InstrumentationBackend(15365): Added:'WaitForElement', with key:'wait_for_l10n_element'
06-05 23:04:06.719 I/InstrumentationBackend(15365): Added:'NullAction', with key:'nullAction'
06-05 23:04:06.719 I/InstrumentationBackend(15365): Added:'PressKey', with key:'press_key'
06-05 23:04:06.719 I/InstrumentationBackend(15365): Added:'SetActivityOrientation', with key:'set_activity_orientation'
06-05 23:04:06.719 I/InstrumentationBackend(15365): Added:'GetActivityOrientation', with key:'get_activity_orientation'
06-05 23:04:06.719 I/InstrumentationBackend(15365): Added:'FakeGPSLocation', with key:'set_gps_coordinates'
06-05 23:04:06.719 I/InstrumentationBackend(15365): Added:'SetPropertyByCssSelector', with key:'set_property_by_css_selector'
06-05 23:04:06.719 I/InstrumentationBackend(15365): Added:'GetUrl', with key:'get_url'
06-05 23:04:06.719 D/EGL_emulation( 1712): eglMakeCurrent: 0xb0685360: ver 2 0 (tinfo 0xb06836c0)
06-05 23:04:06.720 I/InstrumentationBackend(15365): Added:'ScrollTo', with key:'scroll_to'
06-05 23:04:06.720 I/InstrumentationBackend(15365): Added:'GetLoadProgress', with key:'get_load_progress'
06-05 23:04:06.720 I/InstrumentationBackend(15365): Added:'DumpHtml', with key:'dump_html'
06-05 23:04:06.720 I/InstrumentationBackend(15365): Added:'DumpBodyHtml', with key:'dump_body_html'
06-05 23:04:06.720 I/InstrumentationBackend(15365): Added:'EnterTextByCssSelector', with key:'enter_text_by_selector'
06-05 23:04:06.720 I/InstrumentationBackend(15365): Added:'AndroidSDKVersion', with key:'android_sdk_version'
06-05 23:04:06.720 I/InstrumentationBackend(15365): Added:'Version', with key:'version'
06-05 23:04:06.720 I/InstrumentationBackend(15365): Added:'Drag', with key:'drag'
06-05 23:04:06.720 I/InstrumentationBackend(15365): Added:'TouchCoordinates', with key:'touch_coordinate'
06-05 23:04:06.720 I/InstrumentationBackend(15365): Added:'LongPressCoordinate', with key:'long_press_coordinate'
06-05 23:04:06.721 I/InstrumentationBackend(15365): Added:'DragCoordinates', with key:'drag_coordinates'
06-05 23:04:06.721 I/InstrumentationBackend(15365): Added:'ResumeApplication', with key:'resume_application'
06-05 23:04:06.721 I/InstrumentationBackend(15365): Added:'Swipe', with key:'swipe'
06-05 23:04:06.721 I/InstrumentationBackend(15365): Added:'DoubleTapCoordinate', with key:'double_tap_coordinate'
06-05 23:04:06.721 I/InstrumentationBackend(15365): Added:'ClickOnScreen', with key:'click_on_screen'
06-05 23:04:06.721 I/InstrumentationBackend(15365): Added:'GetActivityName', with key:'get_activity_name'
06-05 23:04:06.721 I/InstrumentationBackend(15365): Added:'ScrollToView', with key:'scroll_to_view'
06-05 23:04:06.721 I/InstrumentationBackend(15365): Added:'ViewConfiguration', with key:'view_configuration'
06-05 23:04:06.721 I/InstrumentationBackend(15365): Added:'IsCurrentActivityFocused', with key:'is_current_activity_focused'
06-05 23:04:06.721 I/InstrumentationBackend(15365): Added:'SendTcp', with key:'send_tcp'
06-05 23:04:06.721 I/InstrumentationBackend(15365): Added:'DpToDevicePixel', with key:'dp_to_device_pixel'
06-05 23:04:06.721 I/InstrumentationBackend(15365): Added:'KeyboardEnterText', with key:'keyboard_enter_text'
06-05 23:04:06.721 I/InstrumentationBackend(15365): Added:'DeleteSurroundingText', with key:'delete_surrounding_text'
06-05 23:04:06.721 I/InstrumentationBackend(15365): Added:'SetComposingRegion', with key:'set_composing_region'
06-05 23:04:06.721 I/InstrumentationBackend(15365): Added:'SetSelection', with key:'set_selection'
06-05 23:04:06.721 I/InstrumentationBackend(15365): Added:'KeyboardKeyEvent', with key:'keyboard_key_event'
06-05 23:04:06.721 I/InstrumentationBackend(15365): Added:'PressUserActionButton', with key:'press_user_action_button'
06-05 23:04:06.722 I/InstrumentationBackend(15365): Added:'HideSoftKeyboard', with key:'hide_soft_keyboard'
06-05 23:04:06.722 I/InstrumentationBackend(15365): Added:'ListActions', with key:'list_actions'
06-05 23:04:06.722 I/calabash(15365): Instantiating http server at 7102
06-05 23:04:06.722 I/System.out(15365): HTTP Daemon listening on: 7102
06-05 23:04:06.734 W/InputDispatcher( 1631): channel '36fd209 com.evancharlton.mileage/com.evancharlton.mileage.Mileage (server)' ~ Consumer closed input channel or an error occurred.  events=0x9
06-05 23:04:06.734 E/InputDispatcher( 1631): channel '36fd209 com.evancharlton.mileage/com.evancharlton.mileage.Mileage (server)' ~ Channel is unrecoverably broken and will be disposed!
06-05 23:04:06.734 D/EGL_emulation( 1712): eglMakeCurrent: 0xb0685360: ver 2 0 (tinfo 0xb06836c0)
06-05 23:04:06.734 I/WindowManager( 1631): WIN DEATH: Window{36fd209 u0 com.evancharlton.mileage/com.evancharlton.mileage.Mileage EXITING}
06-05 23:04:06.734 W/InputDispatcher( 1631): Attempted to unregister already unregistered input channel '36fd209 com.evancharlton.mileage/com.evancharlton.mileage.Mileage (server)'
06-05 23:04:06.750 D/EGL_emulation( 1712): eglMakeCurrent: 0xb0685360: ver 2 0 (tinfo 0xb06836c0)
06-05 23:04:06.753 D/EGL_emulation( 1712): eglMakeCurrent: 0xb0685360: ver 2 0 (tinfo 0xb06836c0)
06-05 23:04:06.755 D/EGL_emulation( 1712): eglMakeCurrent: 0xb0685360: ver 2 0 (tinfo 0xb06836c0)
06-05 23:04:06.767 D/EGL_emulation( 1712): eglMakeCurrent: 0xb0685360: ver 2 0 (tinfo 0xb06836c0)
06-05 23:04:06.771 D/EGL_emulation( 1712): eglMakeCurrent: 0xb0685360: ver 2 0 (tinfo 0xb06836c0)
06-05 23:04:06.784 D/EGL_emulation( 1712): eglMakeCurrent: 0xb0685360: ver 2 0 (tinfo 0xb06836c0)
06-05 23:04:06.785 D/EGL_emulation( 1712): eglMakeCurrent: 0xb0685360: ver 2 0 (tinfo 0xb06836c0)
06-05 23:04:06.801 D/EGL_emulation( 1712): eglMakeCurrent: 0xb0685360: ver 2 0 (tinfo 0xb06836c0)
06-05 23:04:06.809 I/System.out(15365): URI: //ping
06-05 23:04:06.809 I/System.out(15365): params: {json={}
06-05 23:04:06.809 I/System.out(15365): }
06-05 23:04:06.812 I/System.out(15365): URI: //ping
06-05 23:04:06.812 I/System.out(15365): params: {json={}
06-05 23:04:06.812 I/System.out(15365): }
06-05 23:04:06.815 I/System.out(15365): URI: //ready
06-05 23:04:06.815 I/System.out(15365): params: {json={}
06-05 23:04:06.815 I/System.out(15365): }
06-05 23:04:06.817 I/System.out(15365): URI: //
06-05 23:04:06.817 I/System.out(15365): params: {json={"command":"version","arguments":[]}
06-05 23:04:06.817 I/System.out(15365): }
06-05 23:04:06.817 I/System.out(15365): header: {content-type=application/json;charset=utf-8, date=Sat, 06 Jun 2020 04:04:07 GMT, accept=*/*, host=127.0.0.1:34777, content-length=36, user-agent=HTTPClient/1.0 (2.8.3, ruby 2.5.1 (2018-03-29))}
06-05 23:04:06.817 I/System.out(15365): params: {json={"command":"version","arguments":[]}
06-05 23:04:06.817 I/System.out(15365): }
06-05 23:04:06.817 I/System.out(15365): ProP json = {"command":"version","arguments":[]}
06-05 23:04:06.817 I/System.out(15365): files: {}
06-05 23:04:06.817 I/System.out(15365): command: {"command":"version","arguments":[]}
06-05 23:04:06.817 D/EGL_emulation( 1712): eglMakeCurrent: 0xb0685360: ver 2 0 (tinfo 0xb06836c0)
06-05 23:04:06.818 D/EGL_emulation( 1712): eglMakeCurrent: 0xb0685360: ver 2 0 (tinfo 0xb06836c0)
06-05 23:04:06.820 I/InstrumentationBackend(15365): Got command:'Command:'Line:null,version', arguments:'[]'
06-05 23:04:06.828 I/System.out(15365): result:{"bonusInformation":[],"message":"0.9.8","success":true}
06-05 23:04:06.831 I/System.out(15365): URI: //start-application
06-05 23:04:06.831 I/System.out(15365): params: {json={"intent":null}
06-05 23:04:06.831 I/System.out(15365): }
06-05 23:04:06.842 I/ActivityManager( 1631): START u0 {act=android.intent.action.MAIN cat=[android.intent.category.LAUNCHER] flg=0x10200000 cmp=com.evancharlton.mileage/.Mileage} from uid 10326 on display 0
06-05 23:04:06.848 I/calabash(15365): newActivity1
06-05 23:04:06.859 I/calabash(15365): newActivity1
06-05 23:04:06.860 W/ActivityManager( 1631): Bad activity token: android.os.BinderProxy@11ff96e
06-05 23:04:06.860 W/ActivityManager( 1631): java.lang.ClassCastException: android.os.BinderProxy cannot be cast to com.android.server.am.ActivityRecord$Token
06-05 23:04:06.860 W/ActivityManager( 1631): 	at com.android.server.am.ActivityRecord.forTokenLocked(ActivityRecord.java:586)
06-05 23:04:06.860 W/ActivityManager( 1631): 	at com.android.server.am.ActivityRecord.isInStackLocked(ActivityRecord.java:1327)
06-05 23:04:06.860 W/ActivityManager( 1631): 	at com.android.server.am.ActivityRecord.getStackLocked(ActivityRecord.java:1332)
06-05 23:04:06.860 W/ActivityManager( 1631): 	at com.android.server.am.ActivityManagerService.getActivityDisplayId(ActivityManagerService.java:9806)
06-05 23:04:06.860 W/ActivityManager( 1631): 	at android.app.ActivityManagerNative.onTransact(ActivityManagerNative.java:2566)
06-05 23:04:06.860 W/ActivityManager( 1631): 	at com.android.server.am.ActivityManagerService.onTransact(ActivityManagerService.java:2757)
06-05 23:04:06.860 W/ActivityManager( 1631): 	at android.os.Binder.execTransact(Binder.java:565)
06-05 23:04:06.861 W/ActivityManager( 1631): Bad activity token: android.os.BinderProxy@11ff96e
06-05 23:04:06.861 W/ActivityManager( 1631): java.lang.ClassCastException: android.os.BinderProxy cannot be cast to com.android.server.am.ActivityRecord$Token
06-05 23:04:06.861 W/ActivityManager( 1631): 	at com.android.server.am.ActivityRecord.forTokenLocked(ActivityRecord.java:586)
06-05 23:04:06.861 W/ActivityManager( 1631): 	at com.android.server.am.ActivityRecord.isInStackLocked(ActivityRecord.java:1327)
06-05 23:04:06.861 W/ActivityManager( 1631): 	at com.android.server.am.ActivityManagerService.setTaskDescription(ActivityManagerService.java:9358)
06-05 23:04:06.861 W/ActivityManager( 1631): 	at android.app.ActivityManagerNative.onTransact(ActivityManagerNative.java:2639)
06-05 23:04:06.861 W/ActivityManager( 1631): 	at com.android.server.am.ActivityManagerService.onTransact(ActivityManagerService.java:2757)
06-05 23:04:06.861 W/ActivityManager( 1631): 	at android.os.Binder.execTransact(Binder.java:565)
06-05 23:04:06.862 W/ActivityManager( 1631): Bad activity token: android.os.BinderProxy@11ff96e
06-05 23:04:06.862 W/ActivityManager( 1631): java.lang.ClassCastException: android.os.BinderProxy cannot be cast to com.android.server.am.ActivityRecord$Token
06-05 23:04:06.862 W/ActivityManager( 1631): 	at com.android.server.am.ActivityRecord.forTokenLocked(ActivityRecord.java:586)
06-05 23:04:06.862 W/ActivityManager( 1631): 	at com.android.server.am.ActivityRecord.isInStackLocked(ActivityRecord.java:1327)
06-05 23:04:06.862 W/ActivityManager( 1631): 	at com.android.server.am.ActivityRecord.getStackLocked(ActivityRecord.java:1332)
06-05 23:04:06.862 W/ActivityManager( 1631): 	at com.android.server.am.ActivityManagerService.getActivityStackId(ActivityManagerService.java:9817)
06-05 23:04:06.862 W/ActivityManager( 1631): 	at android.app.ActivityManagerNative.onTransact(ActivityManagerNative.java:2856)
06-05 23:04:06.862 W/ActivityManager( 1631): 	at com.android.server.am.ActivityManagerService.onTransact(ActivityManagerService.java:2757)
06-05 23:04:06.862 W/ActivityManager( 1631): 	at android.os.Binder.execTransact(Binder.java:565)
06-05 23:04:06.867 D/gralloc_ranchu( 1347): gralloc_alloc: Creating ashmem region of size 9023488
06-05 23:04:06.878 W/ActivityManager( 1631): Bad activity token: android.os.BinderProxy@11ff96e
06-05 23:04:06.878 W/ActivityManager( 1631): java.lang.ClassCastException: android.os.BinderProxy cannot be cast to com.android.server.am.ActivityRecord$Token
06-05 23:04:06.878 W/ActivityManager( 1631): 	at com.android.server.am.ActivityRecord.forTokenLocked(ActivityRecord.java:586)
06-05 23:04:06.878 W/ActivityManager( 1631): 	at com.android.server.am.ActivityRecord.isInStackLocked(ActivityRecord.java:1327)
06-05 23:04:06.878 W/ActivityManager( 1631): 	at com.android.server.am.ActivityManagerService.getActivityOptions(ActivityManagerService.java:12559)
06-05 23:04:06.878 W/ActivityManager( 1631): 	at android.app.ActivityManagerNative.onTransact(ActivityManagerNative.java:1933)
06-05 23:04:06.878 W/ActivityManager( 1631): 	at com.android.server.am.ActivityManagerService.onTransact(ActivityManagerService.java:2757)
06-05 23:04:06.878 W/ActivityManager( 1631): 	at android.os.Binder.execTransact(Binder.java:565)
06-05 23:04:06.878 W/ActivityManager( 1631): Bad activity token: android.os.BinderProxy@11ff96e
06-05 23:04:06.878 W/ActivityManager( 1631): java.lang.ClassCastException: android.os.BinderProxy cannot be cast to com.android.server.am.ActivityRecord$Token
06-05 23:04:06.878 W/ActivityManager( 1631): 	at com.android.server.am.ActivityRecord.forTokenLocked(ActivityRecord.java:586)
06-05 23:04:06.878 W/ActivityManager( 1631): 	at com.android.server.am.ActivityRecord.isInStackLocked(ActivityRecord.java:1327)
06-05 23:04:06.878 W/ActivityManager( 1631): 	at com.android.server.am.ActivityManagerService.getActivityOptions(ActivityManagerService.java:12559)
06-05 23:04:06.878 W/ActivityManager( 1631): 	at android.app.ActivityManagerNative.onTransact(ActivityManagerNative.java:1933)
06-05 23:04:06.878 W/ActivityManager( 1631): 	at com.android.server.am.ActivityManagerService.onTransact(ActivityManagerService.java:2757)
06-05 23:04:06.878 W/ActivityManager( 1631): 	at android.os.Binder.execTransact(Binder.java:565)
06-05 23:04:06.896 V/PhoneStatusBar( 1712): setLightsOn(true)
06-05 23:04:06.900 D/EGL_emulation( 2076): eglMakeCurrent: 0xb0685360: ver 2 0 (tinfo 0xb06836b0)
06-05 23:04:06.902 D/EGL_emulation( 1712): eglMakeCurrent: 0xb0685360: ver 2 0 (tinfo 0xb06836c0)
06-05 23:04:06.902 V/PhoneStatusBar( 1712): setLightsOn(true)
06-05 23:04:06.917 D/gralloc_ranchu( 1347): gralloc_alloc: Creating ashmem region of size 9023488
06-05 23:04:06.920 D/EGL_emulation( 1712): eglMakeCurrent: 0xb0685360: ver 2 0 (tinfo 0xb06836c0)
06-05 23:04:06.921 D/        (15365): HostConnection::get() New Host Connection established 0x942a10c0, tid 15365
06-05 23:04:06.951 D/EGL_emulation( 1712): eglMakeCurrent: 0xb0685360: ver 2 0 (tinfo 0xb06836c0)
06-05 23:04:06.952 V/PhoneStatusBar( 1712): setLightsOn(true)
06-05 23:04:06.954 D/EGL_emulation( 1712): eglMakeCurrent: 0xb0685360: ver 2 0 (tinfo 0xb06836c0)
06-05 23:04:06.957 D/EGL_emulation( 1712): eglMakeCurrent: 0xb0685360: ver 2 0 (tinfo 0xb06836c0)
06-05 23:04:06.967 D/EGL_emulation( 1712): eglMakeCurrent: 0xb0685360: ver 2 0 (tinfo 0xb06836c0)
06-05 23:04:06.974 D/EGL_emulation( 1712): eglMakeCurrent: 0xb0685360: ver 2 0 (tinfo 0xb06836c0)
06-05 23:04:06.984 D/EGL_emulation( 1712): eglMakeCurrent: 0xb0685360: ver 2 0 (tinfo 0xb06836c0)
06-05 23:04:06.986 D/EGL_emulation( 1712): eglMakeCurrent: 0xb0685360: ver 2 0 (tinfo 0xb06836c0)
06-05 23:04:07.000 D/gralloc_ranchu( 1347): gralloc_alloc: Creating ashmem region of size 9023488
06-05 23:04:07.001 I/ActivityManager( 1631): Displayed com.evancharlton.mileage/.Mileage: +155ms
06-05 23:04:07.001 D/EGL_emulation( 1712): eglMakeCurrent: 0xb0685360: ver 2 0 (tinfo 0xb06836c0)
06-05 23:04:07.014 D/EGL_emulation( 1712): eglMakeCurrent: 0xb0685360: ver 2 0 (tinfo 0xb06836c0)
06-05 23:04:07.017 D/EGL_emulation( 1712): eglMakeCurrent: 0xb0685360: ver 2 0 (tinfo 0xb06836c0)
06-05 23:04:07.027 D/EGL_emulation( 1712): eglMakeCurrent: 0xb0685360: ver 2 0 (tinfo 0xb06836c0)
06-05 23:04:07.034 I/WindowManager( 1631): Destroying surface Surface(name=com.evancharlton.mileage/com.evancharlton.mileage.Mileage) called by com.android.server.wm.WindowStateAnimator.destroySurface:2016 com.android.server.wm.WindowStateAnimator.destroySurfaceLocked:882 com.android.server.wm.WindowState.removeLocked:1456 com.android.server.wm.WindowManagerService.removeWindowInnerLocked:2484 com.android.server.wm.AppWindowToken.destroySurfaces:365 com.android.server.wm.WindowStateAnimator.finishExit:565 com.android.server.wm.WindowStateAnimator.stepAnimationLocked:491 com.android.server.wm.WindowAnimator.updateWindowsLocked:303 
06-05 23:04:07.034 D/EGL_emulation( 1712): eglMakeCurrent: 0xb0685360: ver 2 0 (tinfo 0xb06836c0)
06-05 23:04:07.036 D/EGL_emulation( 1712): eglMakeCurrent: 0xb0685360: ver 2 0 (tinfo 0xb06836c0)
06-05 23:04:07.051 D/EGL_emulation( 1712): eglMakeCurrent: 0xb0685360: ver 2 0 (tinfo 0xb06836c0)
06-05 23:04:07.054 D/EGL_emulation( 1712): eglMakeCurrent: 0xb0685360: ver 2 0 (tinfo 0xb06836c0)
06-05 23:04:07.058 I/System.out(15365): URI: //map
06-05 23:04:07.058 I/System.out(15365): params: {json={"query":"* marked:'Vehicles'","operation":{"method_name":"query","arguments":[]}}
06-05 23:04:07.058 I/System.out(15365): }
06-05 23:04:07.067 D/EGL_emulation( 1712): eglMakeCurrent: 0xb0685360: ver 2 0 (tinfo 0xb06836c0)
06-05 23:04:07.069 D/EGL_emulation( 1712): eglMakeCurrent: 0xb0685360: ver 2 0 (tinfo 0xb06836c0)
06-05 23:04:07.069 V/PhoneStatusBar( 1712): setLightsOn(true)
06-05 23:04:07.074 W/ResourceType(15365): No package identifier when getting name for resource number 0x00000001
06-05 23:04:07.084 D/EGL_emulation( 1712): eglMakeCurrent: 0xb0685360: ver 2 0 (tinfo 0xb06836c0)
06-05 23:04:07.086 D/EGL_emulation( 1712): eglMakeCurrent: 0xb0685360: ver 2 0 (tinfo 0xb06836c0)
06-05 23:04:07.087 I/System.out(15365): URI: //gesture
06-05 23:04:07.087 I/System.out(15365): params: {json={"query_timeout":5.0,"gestures":[{"query_string":"* marked:'Vehicles'","touches":[{"x":50,"y":50,"offset_x":0,"offset_y":0,"wait":0.0,"time":0.2,"release":true,"query_string":null}]}]}
06-05 23:04:07.087 I/System.out(15365): }
06-05 23:04:07.094 W/ResourceType(15365): No package identifier when getting name for resource number 0x00000001
06-05 23:04:07.100 D/EGL_emulation( 1712): eglMakeCurrent: 0xb0685360: ver 2 0 (tinfo 0xb06836c0)
06-05 23:04:07.112 D/EGL_emulation( 1712): eglMakeCurrent: 0xb0685360: ver 2 0 (tinfo 0xb06836c0)
06-05 23:04:07.127 D/EGL_emulation( 1712): eglMakeCurrent: 0xb0685360: ver 2 0 (tinfo 0xb06836c0)
06-05 23:04:07.200 I/WindowManager( 1631): Destroying surface Surface(name=Starting com.evancharlton.mileage) called by com.android.server.wm.WindowStateAnimator.destroySurface:2016 com.android.server.wm.WindowStateAnimator.destroySurfaceLocked:882 com.android.server.wm.WindowState.destroyOrSaveSurface:2100 com.android.server.wm.AppWindowToken.destroySurfaces:363 com.android.server.wm.WindowStateAnimator.finishExit:565 com.android.server.wm.WindowStateAnimator.stepAnimationLocked:491 com.android.server.wm.WindowAnimator.updateWindowsLocked:303 com.android.server.wm.WindowAnimator.animateLocked:704 
06-05 23:04:07.202 V/PhoneStatusBar( 1712): setLightsOn(true)
06-05 23:04:07.233 V/PhoneStatusBar( 1712): setLightsOn(true)
06-05 23:04:07.321 I/calabash(15365): newActivity1
06-05 23:04:07.322 W/audio_hw_generic( 1394): Not supplying enough data to HAL, expected position 226174372 , only wrote 226174320
06-05 23:04:07.322 W/ActivityManager( 1631): Bad activity token: android.os.BinderProxy@7f835b8
06-05 23:04:07.322 W/ActivityManager( 1631): java.lang.ClassCastException: android.os.BinderProxy cannot be cast to com.android.server.am.ActivityRecord$Token
06-05 23:04:07.322 W/ActivityManager( 1631): 	at com.android.server.am.ActivityRecord.forTokenLocked(ActivityRecord.java:586)
06-05 23:04:07.322 W/ActivityManager( 1631): 	at com.android.server.am.ActivityRecord.isInStackLocked(ActivityRecord.java:1327)
06-05 23:04:07.322 W/ActivityManager( 1631): 	at com.android.server.am.ActivityRecord.getStackLocked(ActivityRecord.java:1332)
06-05 23:04:07.322 W/ActivityManager( 1631): 	at com.android.server.am.ActivityManagerService.getActivityDisplayId(ActivityManagerService.java:9806)
06-05 23:04:07.322 W/ActivityManager( 1631): 	at android.app.ActivityManagerNative.onTransact(ActivityManagerNative.java:2566)
06-05 23:04:07.322 W/ActivityManager( 1631): 	at com.android.server.am.ActivityManagerService.onTransact(ActivityManagerService.java:2757)
06-05 23:04:07.322 W/ActivityManager( 1631): 	at android.os.Binder.execTransact(Binder.java:565)
06-05 23:04:07.324 W/ActivityManager( 1631): Bad activity token: android.os.BinderProxy@7f835b8
06-05 23:04:07.324 W/ActivityManager( 1631): java.lang.ClassCastException: android.os.BinderProxy cannot be cast to com.android.server.am.ActivityRecord$Token
06-05 23:04:07.324 W/ActivityManager( 1631): 	at com.android.server.am.ActivityRecord.forTokenLocked(ActivityRecord.java:586)
06-05 23:04:07.324 W/ActivityManager( 1631): 	at com.android.server.am.ActivityRecord.isInStackLocked(ActivityRecord.java:1327)
06-05 23:04:07.324 W/ActivityManager( 1631): 	at com.android.server.am.ActivityManagerService.setTaskDescription(ActivityManagerService.java:9358)
06-05 23:04:07.324 W/ActivityManager( 1631): 	at android.app.ActivityManagerNative.onTransact(ActivityManagerNative.java:2639)
06-05 23:04:07.324 W/ActivityManager( 1631): 	at com.android.server.am.ActivityManagerService.onTransact(ActivityManagerService.java:2757)
06-05 23:04:07.324 W/ActivityManager( 1631): 	at android.os.Binder.execTransact(Binder.java:565)
06-05 23:04:07.325 W/ActivityManager( 1631): Bad activity token: android.os.BinderProxy@7f835b8
06-05 23:04:07.325 W/ActivityManager( 1631): java.lang.ClassCastException: android.os.BinderProxy cannot be cast to com.android.server.am.ActivityRecord$Token
06-05 23:04:07.325 W/ActivityManager( 1631): 	at com.android.server.am.ActivityRecord.forTokenLocked(ActivityRecord.java:586)
06-05 23:04:07.325 W/ActivityManager( 1631): 	at com.android.server.am.ActivityRecord.isInStackLocked(ActivityRecord.java:1327)
06-05 23:04:07.325 W/ActivityManager( 1631): 	at com.android.server.am.ActivityRecord.getStackLocked(ActivityRecord.java:1332)
06-05 23:04:07.325 W/ActivityManager( 1631): 	at com.android.server.am.ActivityManagerService.getActivityStackId(ActivityManagerService.java:9817)
06-05 23:04:07.325 W/ActivityManager( 1631): 	at android.app.ActivityManagerNative.onTransact(ActivityManagerNative.java:2856)
06-05 23:04:07.325 W/ActivityManager( 1631): 	at com.android.server.am.ActivityManagerService.onTransact(ActivityManagerService.java:2757)
06-05 23:04:07.325 W/ActivityManager( 1631): 	at android.os.Binder.execTransact(Binder.java:565)
06-05 23:04:07.328 W/ActivityManager( 1631): Bad activity token: android.os.BinderProxy@7f835b8
06-05 23:04:07.328 W/ActivityManager( 1631): java.lang.ClassCastException: android.os.BinderProxy cannot be cast to com.android.server.am.ActivityRecord$Token
06-05 23:04:07.328 W/ActivityManager( 1631): 	at com.android.server.am.ActivityRecord.forTokenLocked(ActivityRecord.java:586)
06-05 23:04:07.328 W/ActivityManager( 1631): 	at com.android.server.am.ActivityRecord.isInStackLocked(ActivityRecord.java:1327)
06-05 23:04:07.328 W/ActivityManager( 1631): 	at com.android.server.am.ActivityManagerService.getActivityOptions(ActivityManagerService.java:12559)
06-05 23:04:07.328 W/ActivityManager( 1631): 	at android.app.ActivityManagerNative.onTransact(ActivityManagerNative.java:1933)
06-05 23:04:07.328 W/ActivityManager( 1631): 	at com.android.server.am.ActivityManagerService.onTransact(ActivityManagerService.java:2757)
06-05 23:04:07.328 W/ActivityManager( 1631): 	at android.os.Binder.execTransact(Binder.java:565)
06-05 23:04:07.329 W/ActivityManager( 1631): Bad activity token: android.os.BinderProxy@7f835b8
06-05 23:04:07.329 W/ActivityManager( 1631): java.lang.ClassCastException: android.os.BinderProxy cannot be cast to com.android.server.am.ActivityRecord$Token
06-05 23:04:07.329 W/ActivityManager( 1631): 	at com.android.server.am.ActivityRecord.forTokenLocked(ActivityRecord.java:586)
06-05 23:04:07.329 W/ActivityManager( 1631): 	at com.android.server.am.ActivityRecord.isInStackLocked(ActivityRecord.java:1327)
06-05 23:04:07.329 W/ActivityManager( 1631): 	at com.android.server.am.ActivityManagerService.getActivityOptions(ActivityManagerService.java:12559)
06-05 23:04:07.329 W/ActivityManager( 1631): 	at android.app.ActivityManagerNative.onTransact(ActivityManagerNative.java:1933)
06-05 23:04:07.329 W/ActivityManager( 1631): 	at com.android.server.am.ActivityManagerService.onTransact(ActivityManagerService.java:2757)
06-05 23:04:07.329 W/ActivityManager( 1631): 	at android.os.Binder.execTransact(Binder.java:565)
06-05 23:04:07.350 V/PhoneStatusBar( 1712): setLightsOn(true)
06-05 23:04:07.633 V/PhoneStatusBar( 1712): setLightsOn(true)
06-05 23:04:07.634 V/PhoneStatusBar( 1712): setLightsOn(true)
06-05 23:04:07.635 W/OpenGLRenderer( 2076): Incorrectly called buildLayer on View: ShortcutAndWidgetContainer, destroying layer...
06-05 23:04:07.650 V/PhoneStatusBar( 1712): setLightsOn(true)
06-05 23:04:07.651 I/WindowManager( 1631): Destroying surface Surface(name=com.android.launcher3/com.android.launcher3.Launcher) called by com.android.server.wm.WindowStateAnimator.destroySurface:2016 com.android.server.wm.WindowStateAnimator.destroySurfaceLocked:882 com.android.server.wm.WindowState.destroyOrSaveSurface:2100 com.android.server.wm.AppWindowToken.destroySurfaces:363 com.android.server.wm.AppWindowToken.notifyAppStopped:389 com.android.server.wm.WindowManagerService.notifyAppStopped:4463 com.android.server.am.ActivityStack.activityStoppedLocked:1252 com.android.server.am.ActivityManagerService.activityStopped:6903 
06-05 23:04:08.335 I/System.out(15365): URI: //
06-05 23:04:08.335 I/System.out(15365): params: {json={"command":"press_key","arguments":["KEYCODE_MENU"]}
06-05 23:04:08.335 I/System.out(15365): }
06-05 23:04:08.335 I/System.out(15365): header: {content-type=application/json;charset=utf-8, date=Sat, 06 Jun 2020 04:04:08 GMT, accept=*/*, host=127.0.0.1:34777, content-length=52, user-agent=HTTPClient/1.0 (2.8.3, ruby 2.5.1 (2018-03-29))}
06-05 23:04:08.335 I/System.out(15365): params: {json={"command":"press_key","arguments":["KEYCODE_MENU"]}
06-05 23:04:08.335 I/System.out(15365): }
06-05 23:04:08.335 I/System.out(15365): ProP json = {"command":"press_key","arguments":["KEYCODE_MENU"]}
06-05 23:04:08.335 I/System.out(15365): files: {}
06-05 23:04:08.335 I/System.out(15365): command: {"command":"press_key","arguments":["KEYCODE_MENU"]}
06-05 23:04:08.339 I/InstrumentationBackend(15365): Got command:'Command:'Line:null,press_key', arguments:'[KEYCODE_MENU]'
06-05 23:04:08.355 V/PhoneStatusBar( 1712): setLightsOn(true)
06-05 23:04:08.362 I/System.out(15365): result:{"bonusInformation":[],"message":"","success":true}
06-05 23:04:08.364 I/System.out(15365): URI: //map
06-05 23:04:08.364 I/System.out(15365): params: {json={"query":"* marked:'Edit vehicle types'","operation":{"method_name":"query","arguments":[]}}
06-05 23:04:08.364 I/System.out(15365): }
06-05 23:04:08.368 V/PhoneStatusBar( 1712): setLightsOn(true)
06-05 23:04:08.384 V/PhoneStatusBar( 1712): setLightsOn(true)
06-05 23:04:08.401 V/PhoneStatusBar( 1712): setLightsOn(true)
06-05 23:04:08.402 D/gralloc_ranchu( 1347): gralloc_alloc: Creating ashmem region of size 1720320
06-05 23:04:08.413 V/PhoneStatusBar( 1712): setLightsOn(true)
06-05 23:04:08.414 W/ResourceType(15365): No package identifier when getting name for resource number 0x00000001
06-05 23:04:08.414 V/PhoneStatusBar( 1712): setLightsOn(true)
06-05 23:04:08.417 V/PhoneStatusBar( 1712): setLightsOn(true)
06-05 23:04:08.425 I/System.out(15365): URI: //gesture
06-05 23:04:08.425 I/System.out(15365): params: {json={"query_timeout":5.0,"gestures":[{"query_string":"* marked:'Edit vehicle types'","touches":[{"x":50,"y":50,"offset_x":0,"offset_y":0,"wait":0.0,"time":0.2,"release":true,"query_string":null}]}]}
06-05 23:04:08.425 I/System.out(15365): }
06-05 23:04:08.429 W/ResourceType(15365): No package identifier when getting name for resource number 0x00000001
06-05 23:04:08.533 D/gralloc_ranchu( 1347): gralloc_alloc: Creating ashmem region of size 1720320
06-05 23:04:08.590 D/gralloc_ranchu( 1347): gralloc_alloc: Creating ashmem region of size 9023488
06-05 23:04:08.638 V/PhoneStatusBar( 1712): setLightsOn(true)
06-05 23:04:08.701 I/art     (15365): Do partial code cache collection, code=30KB, data=29KB
06-05 23:04:08.701 I/art     (15365): After code cache collection, code=29KB, data=29KB
06-05 23:04:08.701 I/art     (15365): Increasing code cache capacity to 128KB
06-05 23:04:08.710 I/System.out(15365): URI: //map
06-05 23:04:08.710 I/System.out(15365): params: {json={"query":"* {text CONTAINS[c] 'Car'}","operation":{"method_name":"query","arguments":[]}}
06-05 23:04:08.710 I/System.out(15365): }
06-05 23:04:08.724 I/ActivityManager( 1631): START u0 {cmp=com.evancharlton.mileage/.VehicleTypeListActivity} from uid 10326 on display 0
06-05 23:04:08.725 V/PhoneStatusBar( 1712): setLightsOn(true)
06-05 23:04:08.726 V/PhoneStatusBar( 1712): setLightsOn(true)
06-05 23:04:08.759 I/WindowManager( 1631): Destroying surface Surface(name=AtchDlg:com.evancharlton.mileage/com.evancharlton.mileage.VehicleListActivity) called by com.android.server.wm.WindowStateAnimator.destroySurface:2016 com.android.server.wm.WindowStateAnimator.destroySurfaceLocked:882 com.android.server.wm.WindowState.removeLocked:1456 com.android.server.wm.WindowManagerService.removeWindowInnerLocked:2484 com.android.server.wm.WindowManagerService.removeWindowLocked:2442 com.android.server.wm.WindowManagerService.removeWindowLocked:2311 com.android.server.wm.WindowManagerService.removeWindow:2306 com.android.server.wm.Session.remove:202 
06-05 23:04:08.792 I/calabash(15365): newActivity1
06-05 23:04:08.826 V/PhoneStatusBar( 1712): setLightsOn(true)
06-05 23:04:08.833 V/PhoneStatusBar( 1712): setLightsOn(true)
06-05 23:04:08.850 V/PhoneStatusBar( 1712): setLightsOn(true)
06-05 23:04:08.868 D/gralloc_ranchu( 1347): gralloc_alloc: Creating ashmem region of size 9023488
06-05 23:04:08.889 I/ActivityManager( 1631): Displayed com.evancharlton.mileage/.VehicleTypeListActivity: +133ms
06-05 23:04:08.890 D/gralloc_ranchu( 1347): gralloc_alloc: Creating ashmem region of size 9023488
06-05 23:04:08.900 V/PhoneStatusBar( 1712): setLightsOn(true)
06-05 23:04:08.933 V/PhoneStatusBar( 1712): setLightsOn(true)
06-05 23:04:08.950 V/PhoneStatusBar( 1712): setLightsOn(true)
06-05 23:04:09.072 I/System.out(15365): URI: //map
06-05 23:04:09.072 I/System.out(15365): params: {json={"query":"* {text CONTAINS[c] 'Car'}","operation":{"method_name":"query","arguments":[]}}
06-05 23:04:09.072 I/System.out(15365): }
06-05 23:04:09.113 I/System.out(15365): URI: //gesture
06-05 23:04:09.113 I/System.out(15365): params: {json={"query_timeout":5.0,"gestures":[{"query_string":"* {text CONTAINS[c] 'Car'}","touches":[{"x":50,"y":50,"offset_x":0,"offset_y":0,"wait":0.0,"time":1.0,"release":true,"query_string":null}]}]}
06-05 23:04:09.113 I/System.out(15365): }
06-05 23:04:09.134 V/PhoneStatusBar( 1712): setLightsOn(true)
06-05 23:04:09.267 V/PhoneStatusBar( 1712): setLightsOn(true)
06-05 23:04:09.268 D/gralloc_ranchu( 1347): gralloc_alloc: Creating ashmem region of size 9023488
06-05 23:04:09.268 V/PhoneStatusBar( 1712): setLightsOn(true)
06-05 23:04:09.284 V/PhoneStatusBar( 1712): setLightsOn(true)
06-05 23:04:09.343 I/WindowManager( 1631): Destroying surface Surface(name=com.evancharlton.mileage/com.evancharlton.mileage.Mileage) called by com.android.server.wm.WindowStateAnimator.destroySurface:2016 com.android.server.wm.WindowStateAnimator.destroySurfaceLocked:882 com.android.server.wm.WindowState.destroyOrSaveSurface:2100 com.android.server.wm.WindowManagerService.tryStartExitingAnimation:3024 com.android.server.wm.WindowManagerService.relayoutWindow:2904 com.android.server.wm.Session.relayout:224 android.view.IWindowSession$Stub.onTransact:286 com.android.server.wm.Session.onTransact:145 
06-05 23:04:09.343 V/PhoneStatusBar( 1712): setLightsOn(true)
06-05 23:04:09.759 V/PhoneStatusBar( 1712): setLightsOn(true)
06-05 23:04:09.789 V/PhoneStatusBar( 1712): setLightsOn(true)
06-05 23:04:09.800 V/PhoneStatusBar( 1712): setLightsOn(true)
06-05 23:04:09.801 D/gralloc_ranchu( 1347): gralloc_alloc: Creating ashmem region of size 446464
06-05 23:04:09.806 V/PhoneStatusBar( 1712): setLightsOn(true)
06-05 23:04:09.806 V/PhoneStatusBar( 1712): setLightsOn(true)
06-05 23:04:09.817 D/gralloc_ranchu( 1347): gralloc_alloc: Creating ashmem region of size 446464
06-05 23:04:09.817 V/PhoneStatusBar( 1712): setLightsOn(true)
06-05 23:04:10.068 V/PhoneStatusBar( 1712): setLightsOn(true)
06-05 23:04:10.160 I/System.out(15365): URI: //map
06-05 23:04:10.160 I/System.out(15365): params: {json={"query":"android.widget.ScrollView index:0","operation":{"method_name":"query","arguments":[]}}
06-05 23:04:10.160 I/System.out(15365): }
06-05 23:04:10.219 I/System.out(15365): URI: //map
06-05 23:04:10.219 I/System.out(15365): params: {json={"query":"android.widget.AbsListView index:0","operation":{"method_name":"query","arguments":[]}}
06-05 23:04:10.219 I/System.out(15365): }
06-05 23:04:10.232 I/System.out(15365): URI: //map
06-05 23:04:10.232 I/System.out(15365): params: {json={"query":"android.widget.AbsListView index:0","operation":{"method_name":"query","arguments":[]}}
06-05 23:04:10.232 I/System.out(15365): }
06-05 23:04:10.246 I/System.out(15365): URI: //map
06-05 23:04:10.246 I/System.out(15365): params: {json={"query":"android.widget.AbsListView index:0","operation":{"method_name":"query","arguments":[]}}
06-05 23:04:10.246 I/System.out(15365): }
06-05 23:04:10.257 I/System.out(15365): URI: //map
06-05 23:04:10.257 I/System.out(15365): params: {json={"query":"android.widget.AbsListView index:0","operation":{"method_name":"query","arguments":["getFirstVisiblePosition"]}}
06-05 23:04:10.257 I/System.out(15365): }
06-05 23:04:10.269 I/System.out(15365): URI: //map
06-05 23:04:10.269 I/System.out(15365): params: {json={"query":"android.widget.AbsListView index:0","operation":{"method_name":"query","arguments":["getLastVisiblePosition"]}}
06-05 23:04:10.269 I/System.out(15365): }
06-05 23:04:10.281 I/System.out(15365): URI: //map
06-05 23:04:10.281 I/System.out(15365): params: {json={"query":"android.widget.AbsListView index:0","operation":{"method_name":"query","arguments":[{"method_name":"setSelection","arguments":[1]}]}}
06-05 23:04:10.281 I/System.out(15365): }
06-05 23:04:10.291 I/art     (15365): Do partial code cache collection, code=58KB, data=62KB
06-05 23:04:10.291 I/art     (15365): After code cache collection, code=57KB, data=62KB
06-05 23:04:10.291 I/art     (15365): Increasing code cache capacity to 256KB
06-05 23:04:10.301 I/System.out(15365): URI: //map
06-05 23:04:10.301 I/System.out(15365): params: {json={"query":"* {text CONTAINS[c] 'Delete'}","operation":{"method_name":"query","arguments":[]}}
06-05 23:04:10.301 I/System.out(15365): }
06-05 23:04:10.614 I/System.out(15365): URI: //map
06-05 23:04:10.614 I/System.out(15365): params: {json={"query":"* {text CONTAINS[c] 'Delete'}","operation":{"method_name":"query","arguments":[]}}
06-05 23:04:10.614 I/System.out(15365): }
06-05 23:04:10.981 I/System.out(15365): URI: //map
06-05 23:04:10.981 I/System.out(15365): params: {json={"query":"* {text CONTAINS[c] 'Delete'}","operation":{"method_name":"query","arguments":[]}}
06-05 23:04:10.981 I/System.out(15365): }
06-05 23:04:11.315 I/System.out(15365): URI: //map
06-05 23:04:11.315 I/System.out(15365): params: {json={"query":"* {text CONTAINS[c] 'Delete'}","operation":{"method_name":"query","arguments":[]}}
06-05 23:04:11.315 I/System.out(15365): }
06-05 23:04:11.639 I/System.out(15365): URI: //map
06-05 23:04:11.639 I/System.out(15365): params: {json={"query":"* {text CONTAINS[c] 'Delete'}","operation":{"method_name":"query","arguments":[]}}
06-05 23:04:11.639 I/System.out(15365): }
06-05 23:04:11.927 W/audio_hw_generic( 1394): Not supplying enough data to HAL, expected position 226614383 , only wrote 226395360
06-05 23:04:11.977 I/System.out(15365): URI: //map
06-05 23:04:11.977 I/System.out(15365): params: {json={"query":"* {text CONTAINS[c] 'Delete'}","operation":{"method_name":"query","arguments":[]}}
06-05 23:04:11.977 I/System.out(15365): }
06-05 23:04:12.292 I/System.out(15365): URI: //map
06-05 23:04:12.292 I/System.out(15365): params: {json={"query":"* {text CONTAINS[c] 'Delete'}","operation":{"method_name":"query","arguments":[]}}
06-05 23:04:12.292 I/System.out(15365): }
06-05 23:04:12.639 I/System.out(15365): URI: //map
06-05 23:04:12.639 I/System.out(15365): params: {json={"query":"* {text CONTAINS[c] 'Delete'}","operation":{"method_name":"query","arguments":[]}}
06-05 23:04:12.639 I/System.out(15365): }
06-05 23:04:12.991 I/System.out(15365): URI: //map
06-05 23:04:12.991 I/System.out(15365): params: {json={"query":"* {text CONTAINS[c] 'Delete'}","operation":{"method_name":"query","arguments":[]}}
06-05 23:04:12.991 I/System.out(15365): }
06-05 23:04:13.016 I/art     (15365): Compiler allocated 7MB to compile sh.calaba.instrumentationbackend.actions.NanoHTTPD$Response sh.calaba.instrumentationbackend.actions.HttpServer.serve(java.lang.String, java.lang.String, java.util.Properties, java.util.Properties, java.util.Properties)
06-05 23:04:13.300 I/System.out(15365): URI: //map
06-05 23:04:13.300 I/System.out(15365): params: {json={"query":"* {text CONTAINS[c] 'Delete'}","operation":{"method_name":"query","arguments":[]}}
06-05 23:04:13.300 I/System.out(15365): }
06-05 23:04:13.614 I/System.out(15365): URI: //map
06-05 23:04:13.614 I/System.out(15365): params: {json={"query":"* {text CONTAINS[c] 'Delete'}","operation":{"method_name":"query","arguments":[]}}
06-05 23:04:13.614 I/System.out(15365): }
06-05 23:04:13.924 I/System.out(15365): URI: //map
06-05 23:04:13.924 I/System.out(15365): params: {json={"query":"* {text CONTAINS[c] 'Delete'}","operation":{"method_name":"query","arguments":[]}}
06-05 23:04:13.924 I/System.out(15365): }
06-05 23:04:14.235 I/System.out(15365): URI: //map
06-05 23:04:14.235 I/System.out(15365): params: {json={"query":"* {text CONTAINS[c] 'Delete'}","operation":{"method_name":"query","arguments":[]}}
06-05 23:04:14.235 I/System.out(15365): }
06-05 23:04:14.549 I/System.out(15365): URI: //map
06-05 23:04:14.549 I/System.out(15365): params: {json={"query":"* {text CONTAINS[c] 'Delete'}","operation":{"method_name":"query","arguments":[]}}
06-05 23:04:14.549 I/System.out(15365): }
06-05 23:04:14.867 I/System.out(15365): URI: //map
06-05 23:04:14.867 I/System.out(15365): params: {json={"query":"* {text CONTAINS[c] 'Delete'}","operation":{"method_name":"query","arguments":[]}}
06-05 23:04:14.867 I/System.out(15365): }
06-05 23:04:15.196 I/System.out(15365): URI: //map
06-05 23:04:15.196 I/System.out(15365): params: {json={"query":"* {text CONTAINS[c] 'Delete'}","operation":{"method_name":"query","arguments":[]}}
06-05 23:04:15.196 I/System.out(15365): }
06-05 23:04:15.514 I/System.out(15365): URI: //map
06-05 23:04:15.514 I/System.out(15365): params: {json={"query":"* {text CONTAINS[c] 'Delete'}","operation":{"method_name":"query","arguments":[]}}
06-05 23:04:15.514 I/System.out(15365): }
06-05 23:04:15.830 I/System.out(15365): URI: //map
06-05 23:04:15.830 I/System.out(15365): params: {json={"query":"* {text CONTAINS[c] 'Delete'}","operation":{"method_name":"query","arguments":[]}}
06-05 23:04:15.830 I/System.out(15365): }
06-05 23:04:16.154 I/System.out(15365): URI: //map
06-05 23:04:16.154 I/System.out(15365): params: {json={"query":"* {text CONTAINS[c] 'Delete'}","operation":{"method_name":"query","arguments":[]}}
06-05 23:04:16.154 I/System.out(15365): }
06-05 23:04:16.468 I/System.out(15365): URI: //map
06-05 23:04:16.468 I/System.out(15365): params: {json={"query":"* {text CONTAINS[c] 'Delete'}","operation":{"method_name":"query","arguments":[]}}
06-05 23:04:16.468 I/System.out(15365): }
06-05 23:04:16.778 I/System.out(15365): URI: //map
06-05 23:04:16.778 I/System.out(15365): params: {json={"query":"* {text CONTAINS[c] 'Delete'}","operation":{"method_name":"query","arguments":[]}}
06-05 23:04:16.778 I/System.out(15365): }
06-05 23:04:17.090 I/System.out(15365): URI: //map
06-05 23:04:17.090 I/System.out(15365): params: {json={"query":"* {text CONTAINS[c] 'Delete'}","operation":{"method_name":"query","arguments":[]}}
06-05 23:04:17.090 I/System.out(15365): }
06-05 23:04:17.420 I/System.out(15365): URI: //map
06-05 23:04:17.420 I/System.out(15365): params: {json={"query":"* {text CONTAINS[c] 'Delete'}","operation":{"method_name":"query","arguments":[]}}
06-05 23:04:17.420 I/System.out(15365): }
06-05 23:04:17.737 I/System.out(15365): URI: //map
06-05 23:04:17.737 I/System.out(15365): params: {json={"query":"* {text CONTAINS[c] 'Delete'}","operation":{"method_name":"query","arguments":[]}}
06-05 23:04:17.737 I/System.out(15365): }
06-05 23:04:18.049 I/System.out(15365): URI: //map
06-05 23:04:18.049 I/System.out(15365): params: {json={"query":"* {text CONTAINS[c] 'Delete'}","operation":{"method_name":"query","arguments":[]}}
06-05 23:04:18.049 I/System.out(15365): }
06-05 23:04:18.369 I/System.out(15365): URI: //map
06-05 23:04:18.369 I/System.out(15365): params: {json={"query":"* {text CONTAINS[c] 'Delete'}","operation":{"method_name":"query","arguments":[]}}
06-05 23:04:18.369 I/System.out(15365): }
06-05 23:04:18.689 I/System.out(15365): URI: //map
06-05 23:04:18.689 I/System.out(15365): params: {json={"query":"* {text CONTAINS[c] 'Delete'}","operation":{"method_name":"query","arguments":[]}}
06-05 23:04:18.689 I/System.out(15365): }
06-05 23:04:19.008 I/System.out(15365): URI: //map
06-05 23:04:19.008 I/System.out(15365): params: {json={"query":"* {text CONTAINS[c] 'Delete'}","operation":{"method_name":"query","arguments":[]}}
06-05 23:04:19.008 I/System.out(15365): }
06-05 23:04:19.333 I/System.out(15365): URI: //map
06-05 23:04:19.333 I/System.out(15365): params: {json={"query":"* {text CONTAINS[c] 'Delete'}","operation":{"method_name":"query","arguments":[]}}
06-05 23:04:19.333 I/System.out(15365): }
06-05 23:04:19.667 I/System.out(15365): URI: //map
06-05 23:04:19.667 I/System.out(15365): params: {json={"query":"* {text CONTAINS[c] 'Delete'}","operation":{"method_name":"query","arguments":[]}}
06-05 23:04:19.667 I/System.out(15365): }
06-05 23:04:19.979 I/System.out(15365): URI: //map
06-05 23:04:19.979 I/System.out(15365): params: {json={"query":"* {text CONTAINS[c] 'Delete'}","operation":{"method_name":"query","arguments":[]}}
06-05 23:04:19.979 I/System.out(15365): }
06-05 23:04:20.294 I/System.out(15365): URI: //map
06-05 23:04:20.294 I/System.out(15365): params: {json={"query":"* {text CONTAINS[c] 'Delete'}","operation":{"method_name":"query","arguments":[]}}
06-05 23:04:20.294 I/System.out(15365): }
06-05 23:04:20.731 E/SurfaceFlinger( 1347): ro.sf.lcd_density must be defined as a build property
06-05 23:04:20.733 D/gralloc_ranchu( 1347): gralloc_alloc: Creating ashmem region of size 9592832
06-05 23:04:20.741 D/        (15440): HostConnection::get() New Host Connection established 0xb331b2c0, tid 15440
06-05 23:04:20.757 E/EGL_emulation( 1347): tid 1347: eglCreateSyncKHR(1901): error 0x3004 (EGL_BAD_ATTRIBUTE)
06-05 23:04:20.999 I/System.out(15365): URI: //map
06-05 23:04:20.999 I/System.out(15365): params: {json={"query":"* {text CONTAINS[c] 'Delete'}","operation":{"method_name":"query","arguments":[]}}
06-05 23:04:20.999 I/System.out(15365): }
