--------- beginning of main
06-05 12:37:59.213 W/OpenGLRenderer( 2389): Incorrectly called buildLayer on View: ShortcutAndWidgetContainer, destroying layer...
06-05 12:37:59.213 V/PhoneStatusBar( 1792): setLightsOn(true)
06-05 12:37:59.215 D/gralloc_ranchu( 1352): gralloc_alloc: Creating ashmem region of size 3145728
06-05 12:37:59.220 E/EGL_emulation( 1352): tid 1352: eglCreateSyncKHR(1901): error 0x3004 (EGL_BAD_ATTRIBUTE)
--------- beginning of system
06-05 12:37:59.231 W/ActivityManager( 1659): Finishing task with all activities already finished
06-05 12:37:59.231 W/ActivityManager( 1659): Duplicate finish request for ActivityRecord{971e9b1 u0 com.evancharlton.mileage/.Mileage t157 f}
06-05 12:37:59.232 W/ActivityManager( 1659): Finishing task with all activities already finished
06-05 12:37:59.232 W/ActivityManager( 1659): Duplicate finish request for ActivityRecord{971e9b1 u0 com.evancharlton.mileage/.Mileage t157 f}
06-05 12:37:59.232 W/ActivityManager( 1659): Finishing task with all activities already finished
06-05 12:37:59.232 W/ActivityManager( 1659): Duplicate finish request for ActivityRecord{971e9b1 u0 com.evancharlton.mileage/.Mileage t157 f}
06-05 12:37:59.232 W/ActivityManager( 1659): Finishing task with all activities already finished
06-05 12:37:59.232 W/ActivityManager( 1659): Duplicate finish request for ActivityRecord{971e9b1 u0 com.evancharlton.mileage/.Mileage t157 f}
06-05 12:37:59.232 W/ActivityManager( 1659): Finishing task with all activities already finished
06-05 12:37:59.232 W/ActivityManager( 1659): Duplicate finish request for ActivityRecord{971e9b1 u0 com.evancharlton.mileage/.Mileage t157 f}
06-05 12:37:59.232 W/ActivityManager( 1659): Finishing task with all activities already finished
06-05 12:37:59.232 W/ActivityManager( 1659): Duplicate finish request for ActivityRecord{15e6493 u0 com.evancharlton.mileage/.VehicleActivity t157 f}
06-05 12:37:59.232 W/ActivityManager( 1659): Finishing task with all activities already finished
06-05 12:37:59.232 W/ActivityManager( 1659): Duplicate finish request for ActivityRecord{15e6493 u0 com.evancharlton.mileage/.VehicleActivity t157 f}
06-05 12:37:59.233 W/ActivityManager( 1659): Finishing task with all activities already finished
06-05 12:37:59.233 W/ActivityManager( 1659): Duplicate finish request for ActivityRecord{971e9b1 u0 com.evancharlton.mileage/.Mileage t157 f}
06-05 12:37:59.233 W/ActivityManager( 1659): Finishing task with all activities already finished
06-05 12:37:59.233 W/ActivityManager( 1659): Duplicate finish request for ActivityRecord{971e9b1 u0 com.evancharlton.mileage/.Mileage t157 f}
06-05 12:37:59.265 D/EGL_emulation( 2389): eglMakeCurrent: 0xb1284ec0: ver 2 0 (tinfo 0x98c170c0)
06-05 12:37:59.280 D/EGL_emulation( 1792): eglMakeCurrent: 0x992abea0: ver 2 0 (tinfo 0xa5a6f110)
06-05 12:37:59.296 D/EGL_emulation( 1792): eglMakeCurrent: 0x992abea0: ver 2 0 (tinfo 0xa5a6f110)
06-05 12:37:59.298 D/EGL_emulation( 1792): eglMakeCurrent: 0x992abea0: ver 2 0 (tinfo 0xa5a6f110)
06-05 12:37:59.313 D/EGL_emulation( 1792): eglMakeCurrent: 0x992abea0: ver 2 0 (tinfo 0xa5a6f110)
06-05 12:37:59.314 D/AndroidRuntime(15762): >>>>>> START com.android.internal.os.RuntimeInit uid 2000 <<<<<<
06-05 12:37:59.314 D/EGL_emulation( 1792): eglMakeCurrent: 0x992abea0: ver 2 0 (tinfo 0xa5a6f110)
06-05 12:37:59.315 D/AndroidRuntime(15762): CheckJNI is ON
06-05 12:37:59.326 W/art     (15762): Unexpected CPU variant for X86 using defaults: x86
06-05 12:37:59.328 D/ICU     (15762): No timezone override file found: /data/misc/zoneinfo/current/icu/icu_tzdata.dat
06-05 12:37:59.330 D/EGL_emulation( 1792): eglMakeCurrent: 0x992abea0: ver 2 0 (tinfo 0xa5a6f110)
06-05 12:37:59.331 D/EGL_emulation( 1792): eglMakeCurrent: 0x992abea0: ver 2 0 (tinfo 0xa5a6f110)
06-05 12:37:59.337 E/memtrack(15762): Couldn't load memtrack module (No such file or directory)
06-05 12:37:59.337 E/android.os.Debug(15762): failed to load memtrack module: -2
06-05 12:37:59.337 I/Radio-JNI(15762): register_android_hardware_Radio DONE
06-05 12:37:59.341 D/AndroidRuntime(15762): Calling main entry com.android.commands.am.Am
06-05 12:37:59.343 I/ActivityManager( 1659): Force stopping com.evancharlton.mileage appid=10082 user=0: start instr
06-05 12:37:59.343 I/ActivityManager( 1659): Killing 15706:com.evancharlton.mileage/u0a82 (adj 0): stop com.evancharlton.mileage
06-05 12:37:59.343 D/ActivityManager( 1659): cleanUpApplicationRecord -- 15706
06-05 12:37:59.346 I/WindowManager( 1659): Destroying surface Surface(name=com.evancharlton.mileage/com.evancharlton.mileage.VehicleActivity) called by com.android.server.wm.WindowStateAnimator.destroySurface:2016 com.android.server.wm.WindowStateAnimator.destroySurfaceLocked:882 com.android.server.wm.WindowState.removeLocked:1456 com.android.server.wm.WindowManagerService.removeWindowInnerLocked:2484 com.android.server.wm.WindowManagerService.removeWindowLocked:2442 com.android.server.wm.WindowManagerService.removeWindowLocked:2311 com.android.server.wm.AppWindowToken.removeAllWindows:530 com.android.server.wm.AppWindowToken.removeAppFromTaskLocked:326 
06-05 12:37:59.346 D/EGL_emulation( 1792): eglMakeCurrent: 0x992abea0: ver 2 0 (tinfo 0xa5a6f110)
06-05 12:37:59.347 W/ActivityManager( 1659): Crash of app com.evancharlton.mileage running instrumentation ComponentInfo{com.evancharlton.mileage.test/sh.calaba.instrumentationbackend.CalabashInstrumentationTestRunner}
06-05 12:37:59.347 I/ActivityManager( 1659): Force stopping com.evancharlton.mileage appid=10082 user=0: finished inst
06-05 12:37:59.348 D/EGL_emulation( 1792): eglMakeCurrent: 0x992abea0: ver 2 0 (tinfo 0xa5a6f110)
06-05 12:37:59.351 I/art     (15772): Not late-enabling -Xcheck:jni (already on)
06-05 12:37:59.351 W/art     (15772): Unexpected CPU variant for X86 using defaults: x86
06-05 12:37:59.358 I/ActivityManager( 1659): Start proc 15772:com.evancharlton.mileage/u0a82 for added application com.evancharlton.mileage
06-05 12:37:59.358 D/AndroidRuntime(15762): Shutting down VM
06-05 12:37:59.364 D/EGL_emulation( 1792): eglMakeCurrent: 0x992abea0: ver 2 0 (tinfo 0xa5a6f110)
06-05 12:37:59.366 D/EGL_emulation( 1792): eglMakeCurrent: 0x992abea0: ver 2 0 (tinfo 0xa5a6f110)
06-05 12:37:59.370 W/System  (15772): ClassLoader referenced unknown path: /data/app/com.evancharlton.mileage.test-1/lib/x86
06-05 12:37:59.370 W/System  (15772): ClassLoader referenced unknown path: /data/app/com.evancharlton.mileage-1/lib/x86
06-05 12:37:59.373 W/System  (15772): ClassLoader referenced unknown path: 
06-05 12:37:59.379 I/System.out(15772): Main activity name automatically set to: com.evancharlton.mileage.Mileage
06-05 12:37:59.380 I/System.out(15772): Calabash did not load Mono. This is only a problem if you are trying to test a Mono application
06-05 12:37:59.380 I/calabash(15772): Test server port: 7102
06-05 12:37:59.380 D/EGL_emulation( 1792): eglMakeCurrent: 0x992abea0: ver 2 0 (tinfo 0xa5a6f110)
06-05 12:37:59.380 I/InstrumentationBackend(15772): Added:'GetPreferences', with key:'get_preferences'
06-05 12:37:59.382 D/EGL_emulation( 1792): eglMakeCurrent: 0x992abea0: ver 2 0 (tinfo 0xa5a6f110)
06-05 12:37:59.385 I/InstrumentationBackend(15772): Added:'SetPreferences', with key:'set_preferences'
06-05 12:37:59.386 I/InstrumentationBackend(15772): Added:'ClearPreferences', with key:'clear_preferences'
06-05 12:37:59.386 I/InstrumentationBackend(15772): Added:'PressElement', with key:'press_l10n_element'
06-05 12:37:59.386 I/InstrumentationBackend(15772): Added:'WaitForElement', with key:'wait_for_l10n_element'
06-05 12:37:59.386 I/InstrumentationBackend(15772): Added:'NullAction', with key:'nullAction'
06-05 12:37:59.386 I/InstrumentationBackend(15772): Added:'PressKey', with key:'press_key'
06-05 12:37:59.386 I/InstrumentationBackend(15772): Added:'SetActivityOrientation', with key:'set_activity_orientation'
06-05 12:37:59.386 I/InstrumentationBackend(15772): Added:'GetActivityOrientation', with key:'get_activity_orientation'
06-05 12:37:59.386 I/InstrumentationBackend(15772): Added:'FakeGPSLocation', with key:'set_gps_coordinates'
06-05 12:37:59.386 I/InstrumentationBackend(15772): Added:'SetPropertyByCssSelector', with key:'set_property_by_css_selector'
06-05 12:37:59.386 I/InstrumentationBackend(15772): Added:'GetUrl', with key:'get_url'
06-05 12:37:59.386 I/InstrumentationBackend(15772): Added:'ScrollTo', with key:'scroll_to'
06-05 12:37:59.386 I/InstrumentationBackend(15772): Added:'GetLoadProgress', with key:'get_load_progress'
06-05 12:37:59.386 I/InstrumentationBackend(15772): Added:'DumpHtml', with key:'dump_html'
06-05 12:37:59.387 I/InstrumentationBackend(15772): Added:'DumpBodyHtml', with key:'dump_body_html'
06-05 12:37:59.387 I/InstrumentationBackend(15772): Added:'EnterTextByCssSelector', with key:'enter_text_by_selector'
06-05 12:37:59.387 I/InstrumentationBackend(15772): Added:'AndroidSDKVersion', with key:'android_sdk_version'
06-05 12:37:59.387 I/InstrumentationBackend(15772): Added:'Version', with key:'version'
06-05 12:37:59.387 I/InstrumentationBackend(15772): Added:'Drag', with key:'drag'
06-05 12:37:59.387 I/InstrumentationBackend(15772): Added:'TouchCoordinates', with key:'touch_coordinate'
06-05 12:37:59.387 I/InstrumentationBackend(15772): Added:'LongPressCoordinate', with key:'long_press_coordinate'
06-05 12:37:59.387 I/InstrumentationBackend(15772): Added:'DragCoordinates', with key:'drag_coordinates'
06-05 12:37:59.387 I/InstrumentationBackend(15772): Added:'ResumeApplication', with key:'resume_application'
06-05 12:37:59.387 I/InstrumentationBackend(15772): Added:'Swipe', with key:'swipe'
06-05 12:37:59.387 I/InstrumentationBackend(15772): Added:'DoubleTapCoordinate', with key:'double_tap_coordinate'
06-05 12:37:59.387 I/InstrumentationBackend(15772): Added:'ClickOnScreen', with key:'click_on_screen'
06-05 12:37:59.387 I/InstrumentationBackend(15772): Added:'GetActivityName', with key:'get_activity_name'
06-05 12:37:59.387 I/InstrumentationBackend(15772): Added:'ScrollToView', with key:'scroll_to_view'
06-05 12:37:59.387 I/InstrumentationBackend(15772): Added:'ViewConfiguration', with key:'view_configuration'
06-05 12:37:59.388 I/InstrumentationBackend(15772): Added:'IsCurrentActivityFocused', with key:'is_current_activity_focused'
06-05 12:37:59.388 I/InstrumentationBackend(15772): Added:'SendTcp', with key:'send_tcp'
06-05 12:37:59.388 I/InstrumentationBackend(15772): Added:'DpToDevicePixel', with key:'dp_to_device_pixel'
06-05 12:37:59.388 I/InstrumentationBackend(15772): Added:'KeyboardEnterText', with key:'keyboard_enter_text'
06-05 12:37:59.388 I/InstrumentationBackend(15772): Added:'DeleteSurroundingText', with key:'delete_surrounding_text'
06-05 12:37:59.388 I/InstrumentationBackend(15772): Added:'SetComposingRegion', with key:'set_composing_region'
06-05 12:37:59.388 I/InstrumentationBackend(15772): Added:'SetSelection', with key:'set_selection'
06-05 12:37:59.388 I/InstrumentationBackend(15772): Added:'KeyboardKeyEvent', with key:'keyboard_key_event'
06-05 12:37:59.388 I/InstrumentationBackend(15772): Added:'PressUserActionButton', with key:'press_user_action_button'
06-05 12:37:59.388 I/InstrumentationBackend(15772): Added:'HideSoftKeyboard', with key:'hide_soft_keyboard'
06-05 12:37:59.388 I/InstrumentationBackend(15772): Added:'ListActions', with key:'list_actions'
06-05 12:37:59.388 I/calabash(15772): Instantiating http server at 7102
06-05 12:37:59.389 I/System.out(15772): HTTP Daemon listening on: 7102
06-05 12:37:59.396 I/WindowManager( 1659): WIN DEATH: Window{91e3ba0 u0 com.evancharlton.mileage/com.evancharlton.mileage.Mileage EXITING}
06-05 12:37:59.396 D/EGL_emulation( 1792): eglMakeCurrent: 0x992abea0: ver 2 0 (tinfo 0xa5a6f110)
06-05 12:37:59.407 D/EGL_emulation( 1792): eglMakeCurrent: 0x992abea0: ver 2 0 (tinfo 0xa5a6f110)
06-05 12:37:59.413 D/EGL_emulation( 1792): eglMakeCurrent: 0x992abea0: ver 2 0 (tinfo 0xa5a6f110)
06-05 12:37:59.414 D/EGL_emulation( 1792): eglMakeCurrent: 0x992abea0: ver 2 0 (tinfo 0xa5a6f110)
06-05 12:37:59.430 D/EGL_emulation( 1792): eglMakeCurrent: 0x992abea0: ver 2 0 (tinfo 0xa5a6f110)
06-05 12:37:59.432 D/EGL_emulation( 1792): eglMakeCurrent: 0x992abea0: ver 2 0 (tinfo 0xa5a6f110)
06-05 12:37:59.448 D/EGL_emulation( 1792): eglMakeCurrent: 0x992abea0: ver 2 0 (tinfo 0xa5a6f110)
06-05 12:37:59.454 D/EGL_emulation( 1792): eglMakeCurrent: 0x992abea0: ver 2 0 (tinfo 0xa5a6f110)
06-05 12:37:59.465 D/EGL_emulation( 1792): eglMakeCurrent: 0x992abea0: ver 2 0 (tinfo 0xa5a6f110)
06-05 12:37:59.472 D/EGL_emulation( 1792): eglMakeCurrent: 0x992abea0: ver 2 0 (tinfo 0xa5a6f110)
06-05 12:37:59.482 I/System.out(15772): URI: //ping
06-05 12:37:59.482 I/System.out(15772): params: {json={}
06-05 12:37:59.482 I/System.out(15772): }
06-05 12:37:59.485 D/EGL_emulation( 1792): eglMakeCurrent: 0x992abea0: ver 2 0 (tinfo 0xa5a6f110)
06-05 12:37:59.490 I/System.out(15772): URI: //ping
06-05 12:37:59.490 I/System.out(15772): params: {json={}
06-05 12:37:59.490 I/System.out(15772): }
06-05 12:37:59.496 I/System.out(15772): URI: //ready
06-05 12:37:59.497 I/System.out(15772): params: {json={}
06-05 12:37:59.497 I/System.out(15772): }
06-05 12:37:59.499 D/EGL_emulation( 1792): eglMakeCurrent: 0x992abea0: ver 2 0 (tinfo 0xa5a6f110)
06-05 12:37:59.504 I/System.out(15772): URI: //
06-05 12:37:59.505 D/EGL_emulation( 1792): eglMakeCurrent: 0x992abea0: ver 2 0 (tinfo 0xa5a6f110)
06-05 12:37:59.505 I/System.out(15772): params: {json={"command":"version","arguments":[]}
06-05 12:37:59.505 I/System.out(15772): }
06-05 12:37:59.505 I/System.out(15772): header: {content-type=application/json;charset=utf-8, date=Fri, 05 Jun 2020 17:38:00 GMT, accept=*/*, host=127.0.0.1:34782, content-length=36, user-agent=HTTPClient/1.0 (2.8.3, ruby 2.5.1 (2018-03-29))}
06-05 12:37:59.505 I/System.out(15772): params: {json={"command":"version","arguments":[]}
06-05 12:37:59.505 I/System.out(15772): }
06-05 12:37:59.505 I/System.out(15772): ProP json = {"command":"version","arguments":[]}
06-05 12:37:59.505 I/System.out(15772): files: {}
06-05 12:37:59.505 I/System.out(15772): command: {"command":"version","arguments":[]}
06-05 12:37:59.515 I/InstrumentationBackend(15772): Got command:'Command:'Line:null,version', arguments:'[]'
06-05 12:37:59.527 I/System.out(15772): result:{"bonusInformation":[],"message":"0.9.8","success":true}
06-05 12:37:59.530 I/System.out(15772): URI: //start-application
06-05 12:37:59.530 I/System.out(15772): params: {json={"intent":null}
06-05 12:37:59.530 I/System.out(15772): }
06-05 12:37:59.541 I/ActivityManager( 1659): START u0 {act=android.intent.action.MAIN cat=[android.intent.category.LAUNCHER] flg=0x10200000 cmp=com.evancharlton.mileage/.Mileage} from uid 10082 on display 0
06-05 12:37:59.545 I/calabash(15772): newActivity1
06-05 12:37:59.555 I/calabash(15772): newActivity1
06-05 12:37:59.556 W/ActivityManager( 1659): Bad activity token: android.os.BinderProxy@f57b2eb
06-05 12:37:59.556 W/ActivityManager( 1659): java.lang.ClassCastException: android.os.BinderProxy cannot be cast to com.android.server.am.ActivityRecord$Token
06-05 12:37:59.556 W/ActivityManager( 1659): 	at com.android.server.am.ActivityRecord.forTokenLocked(ActivityRecord.java:586)
06-05 12:37:59.556 W/ActivityManager( 1659): 	at com.android.server.am.ActivityRecord.isInStackLocked(ActivityRecord.java:1327)
06-05 12:37:59.556 W/ActivityManager( 1659): 	at com.android.server.am.ActivityRecord.getStackLocked(ActivityRecord.java:1332)
06-05 12:37:59.556 W/ActivityManager( 1659): 	at com.android.server.am.ActivityManagerService.getActivityDisplayId(ActivityManagerService.java:9806)
06-05 12:37:59.556 W/ActivityManager( 1659): 	at android.app.ActivityManagerNative.onTransact(ActivityManagerNative.java:2566)
06-05 12:37:59.556 W/ActivityManager( 1659): 	at com.android.server.am.ActivityManagerService.onTransact(ActivityManagerService.java:2757)
06-05 12:37:59.556 W/ActivityManager( 1659): 	at android.os.Binder.execTransact(Binder.java:565)
06-05 12:37:59.557 W/ActivityManager( 1659): Bad activity token: android.os.BinderProxy@f57b2eb
06-05 12:37:59.557 W/ActivityManager( 1659): java.lang.ClassCastException: android.os.BinderProxy cannot be cast to com.android.server.am.ActivityRecord$Token
06-05 12:37:59.557 W/ActivityManager( 1659): 	at com.android.server.am.ActivityRecord.forTokenLocked(ActivityRecord.java:586)
06-05 12:37:59.557 W/ActivityManager( 1659): 	at com.android.server.am.ActivityRecord.isInStackLocked(ActivityRecord.java:1327)
06-05 12:37:59.557 W/ActivityManager( 1659): 	at com.android.server.am.ActivityManagerService.setTaskDescription(ActivityManagerService.java:9358)
06-05 12:37:59.557 W/ActivityManager( 1659): 	at android.app.ActivityManagerNative.onTransact(ActivityManagerNative.java:2639)
06-05 12:37:59.557 W/ActivityManager( 1659): 	at com.android.server.am.ActivityManagerService.onTransact(ActivityManagerService.java:2757)
06-05 12:37:59.557 W/ActivityManager( 1659): 	at android.os.Binder.execTransact(Binder.java:565)
06-05 12:37:59.557 W/ActivityManager( 1659): Bad activity token: android.os.BinderProxy@f57b2eb
06-05 12:37:59.557 W/ActivityManager( 1659): java.lang.ClassCastException: android.os.BinderProxy cannot be cast to com.android.server.am.ActivityRecord$Token
06-05 12:37:59.557 W/ActivityManager( 1659): 	at com.android.server.am.ActivityRecord.forTokenLocked(ActivityRecord.java:586)
06-05 12:37:59.557 W/ActivityManager( 1659): 	at com.android.server.am.ActivityRecord.isInStackLocked(ActivityRecord.java:1327)
06-05 12:37:59.557 W/ActivityManager( 1659): 	at com.android.server.am.ActivityRecord.getStackLocked(ActivityRecord.java:1332)
06-05 12:37:59.557 W/ActivityManager( 1659): 	at com.android.server.am.ActivityManagerService.getActivityStackId(ActivityManagerService.java:9817)
06-05 12:37:59.557 W/ActivityManager( 1659): 	at android.app.ActivityManagerNative.onTransact(ActivityManagerNative.java:2856)
06-05 12:37:59.557 W/ActivityManager( 1659): 	at com.android.server.am.ActivityManagerService.onTransact(ActivityManagerService.java:2757)
06-05 12:37:59.557 W/ActivityManager( 1659): 	at android.os.Binder.execTransact(Binder.java:565)
06-05 12:37:59.563 D/gralloc_ranchu( 1352): gralloc_alloc: Creating ashmem region of size 9023488
06-05 12:37:59.576 W/ActivityManager( 1659): Bad activity token: android.os.BinderProxy@f57b2eb
06-05 12:37:59.576 W/ActivityManager( 1659): java.lang.ClassCastException: android.os.BinderProxy cannot be cast to com.android.server.am.ActivityRecord$Token
06-05 12:37:59.576 W/ActivityManager( 1659): 	at com.android.server.am.ActivityRecord.forTokenLocked(ActivityRecord.java:586)
06-05 12:37:59.576 W/ActivityManager( 1659): 	at com.android.server.am.ActivityRecord.isInStackLocked(ActivityRecord.java:1327)
06-05 12:37:59.576 W/ActivityManager( 1659): 	at com.android.server.am.ActivityManagerService.getActivityOptions(ActivityManagerService.java:12559)
06-05 12:37:59.576 W/ActivityManager( 1659): 	at android.app.ActivityManagerNative.onTransact(ActivityManagerNative.java:1933)
06-05 12:37:59.576 W/ActivityManager( 1659): 	at com.android.server.am.ActivityManagerService.onTransact(ActivityManagerService.java:2757)
06-05 12:37:59.576 W/ActivityManager( 1659): 	at android.os.Binder.execTransact(Binder.java:565)
06-05 12:37:59.576 W/ActivityManager( 1659): Bad activity token: android.os.BinderProxy@f57b2eb
06-05 12:37:59.576 W/ActivityManager( 1659): java.lang.ClassCastException: android.os.BinderProxy cannot be cast to com.android.server.am.ActivityRecord$Token
06-05 12:37:59.576 W/ActivityManager( 1659): 	at com.android.server.am.ActivityRecord.forTokenLocked(ActivityRecord.java:586)
06-05 12:37:59.576 W/ActivityManager( 1659): 	at com.android.server.am.ActivityRecord.isInStackLocked(ActivityRecord.java:1327)
06-05 12:37:59.576 W/ActivityManager( 1659): 	at com.android.server.am.ActivityManagerService.getActivityOptions(ActivityManagerService.java:12559)
06-05 12:37:59.576 W/ActivityManager( 1659): 	at android.app.ActivityManagerNative.onTransact(ActivityManagerNative.java:1933)
06-05 12:37:59.576 W/ActivityManager( 1659): 	at com.android.server.am.ActivityManagerService.onTransact(ActivityManagerService.java:2757)
06-05 12:37:59.576 W/ActivityManager( 1659): 	at android.os.Binder.execTransact(Binder.java:565)
06-05 12:37:59.588 V/PhoneStatusBar( 1792): setLightsOn(true)
06-05 12:37:59.597 D/EGL_emulation( 2389): eglMakeCurrent: 0xb1284ec0: ver 2 0 (tinfo 0x98c170c0)
06-05 12:37:59.598 D/EGL_emulation( 1792): eglMakeCurrent: 0x992abea0: ver 2 0 (tinfo 0xa5a6f110)
06-05 12:37:59.613 D/gralloc_ranchu( 1352): gralloc_alloc: Creating ashmem region of size 9023488
06-05 12:37:59.613 D/EGL_emulation( 1792): eglMakeCurrent: 0x992abea0: ver 2 0 (tinfo 0xa5a6f110)
06-05 12:37:59.617 D/        (15772): HostConnection::get() New Host Connection established 0x99faa500, tid 15772
06-05 12:37:59.618 D/EGL_emulation( 1792): eglMakeCurrent: 0x992abea0: ver 2 0 (tinfo 0xa5a6f110)
06-05 12:37:59.619 V/PhoneStatusBar( 1792): setLightsOn(true)
06-05 12:37:59.642 D/EGL_emulation( 1792): eglMakeCurrent: 0x992abea0: ver 2 0 (tinfo 0xa5a6f110)
06-05 12:37:59.644 D/EGL_emulation( 1792): eglMakeCurrent: 0x992abea0: ver 2 0 (tinfo 0xa5a6f110)
06-05 12:37:59.646 D/EGL_emulation( 1792): eglMakeCurrent: 0x992abea0: ver 2 0 (tinfo 0xa5a6f110)
06-05 12:37:59.648 D/EGL_emulation( 1792): eglMakeCurrent: 0x992abea0: ver 2 0 (tinfo 0xa5a6f110)
06-05 12:37:59.662 I/ActivityManager( 1659): Displayed com.evancharlton.mileage/.Mileage: +119ms
06-05 12:37:59.663 D/gralloc_ranchu( 1352): gralloc_alloc: Creating ashmem region of size 9023488
06-05 12:37:59.663 D/EGL_emulation( 1792): eglMakeCurrent: 0x992abea0: ver 2 0 (tinfo 0xa5a6f110)
06-05 12:37:59.675 D/EGL_emulation( 1792): eglMakeCurrent: 0x992abea0: ver 2 0 (tinfo 0xa5a6f110)
06-05 12:37:59.685 D/EGL_emulation( 1792): eglMakeCurrent: 0x992abea0: ver 2 0 (tinfo 0xa5a6f110)
06-05 12:37:59.687 D/EGL_emulation( 1792): eglMakeCurrent: 0x992abea0: ver 2 0 (tinfo 0xa5a6f110)
06-05 12:37:59.688 V/PhoneStatusBar( 1792): setLightsOn(true)
06-05 12:37:59.696 I/WindowManager( 1659): Destroying surface Surface(name=com.evancharlton.mileage/com.evancharlton.mileage.Mileage) called by com.android.server.wm.WindowStateAnimator.destroySurface:2016 com.android.server.wm.WindowStateAnimator.destroySurfaceLocked:882 com.android.server.wm.WindowState.removeLocked:1456 com.android.server.wm.WindowManagerService.removeWindowInnerLocked:2484 com.android.server.wm.AppWindowToken.destroySurfaces:365 com.android.server.wm.WindowStateAnimator.finishExit:565 com.android.server.wm.AppWindowAnimator.stepAnimationLocked:427 com.android.server.wm.WindowAnimator.updateAppWindowsLocked:196 
06-05 12:37:59.697 D/EGL_emulation( 1792): eglMakeCurrent: 0x992abea0: ver 2 0 (tinfo 0xa5a6f110)
06-05 12:37:59.699 D/EGL_emulation( 1792): eglMakeCurrent: 0x992abea0: ver 2 0 (tinfo 0xa5a6f110)
06-05 12:37:59.712 I/System.out(15772): URI: //map
06-05 12:37:59.712 I/System.out(15772): params: {json={"query":"* marked:'Vehicles'","operation":{"method_name":"query","arguments":[]}}
06-05 12:37:59.712 I/System.out(15772): }
06-05 12:37:59.714 D/EGL_emulation( 1792): eglMakeCurrent: 0x992abea0: ver 2 0 (tinfo 0xa5a6f110)
06-05 12:37:59.715 D/EGL_emulation( 1792): eglMakeCurrent: 0x992abea0: ver 2 0 (tinfo 0xa5a6f110)
06-05 12:37:59.715 V/PhoneStatusBar( 1792): setLightsOn(true)
06-05 12:37:59.724 W/ResourceType(15772): No package identifier when getting name for resource number 0x00000001
06-05 12:37:59.730 D/EGL_emulation( 1792): eglMakeCurrent: 0x992abea0: ver 2 0 (tinfo 0xa5a6f110)
06-05 12:37:59.732 D/EGL_emulation( 1792): eglMakeCurrent: 0x992abea0: ver 2 0 (tinfo 0xa5a6f110)
06-05 12:37:59.738 I/System.out(15772): URI: //gesture
06-05 12:37:59.738 I/System.out(15772): params: {json={"query_timeout":5.0,"gestures":[{"query_string":"* marked:'Vehicles'","touches":[{"x":50,"y":50,"offset_x":0,"offset_y":0,"wait":0.0,"time":0.2,"release":true,"query_string":null}]}]}
06-05 12:37:59.738 I/System.out(15772): }
06-05 12:37:59.743 W/ResourceType(15772): No package identifier when getting name for resource number 0x00000001
06-05 12:37:59.746 D/EGL_emulation( 1792): eglMakeCurrent: 0x992abea0: ver 2 0 (tinfo 0xa5a6f110)
06-05 12:37:59.748 D/EGL_emulation( 1792): eglMakeCurrent: 0x992abea0: ver 2 0 (tinfo 0xa5a6f110)
06-05 12:37:59.766 D/EGL_emulation( 1792): eglMakeCurrent: 0x992abea0: ver 2 0 (tinfo 0xa5a6f110)
06-05 12:37:59.783 D/EGL_emulation( 1792): eglMakeCurrent: 0x992abea0: ver 2 0 (tinfo 0xa5a6f110)
06-05 12:37:59.808 D/EGL_emulation( 1792): eglMakeCurrent: 0x992abea0: ver 2 0 (tinfo 0xa5a6f110)
06-05 12:37:59.822 D/EGL_emulation( 1792): eglMakeCurrent: 0x992abea0: ver 2 0 (tinfo 0xa5a6f110)
06-05 12:37:59.826 D/EGL_emulation( 1792): eglMakeCurrent: 0x992abea0: ver 2 0 (tinfo 0xa5a6f110)
06-05 12:37:59.847 I/WindowManager( 1659): Destroying surface Surface(name=Starting com.evancharlton.mileage) called by com.android.server.wm.WindowStateAnimator.destroySurface:2016 com.android.server.wm.WindowStateAnimator.destroySurfaceLocked:882 com.android.server.wm.WindowState.destroyOrSaveSurface:2100 com.android.server.wm.AppWindowToken.destroySurfaces:363 com.android.server.wm.WindowStateAnimator.finishExit:565 com.android.server.wm.WindowStateAnimator.stepAnimationLocked:491 com.android.server.wm.WindowAnimator.updateWindowsLocked:303 com.android.server.wm.WindowAnimator.animateLocked:704 
06-05 12:37:59.851 V/PhoneStatusBar( 1792): setLightsOn(true)
06-05 12:37:59.881 V/PhoneStatusBar( 1792): setLightsOn(true)
06-05 12:37:59.970 I/calabash(15772): newActivity1
06-05 12:37:59.971 W/ActivityManager( 1659): Bad activity token: android.os.BinderProxy@bf42a8d
06-05 12:37:59.971 W/ActivityManager( 1659): java.lang.ClassCastException: android.os.BinderProxy cannot be cast to com.android.server.am.ActivityRecord$Token
06-05 12:37:59.971 W/ActivityManager( 1659): 	at com.android.server.am.ActivityRecord.forTokenLocked(ActivityRecord.java:586)
06-05 12:37:59.971 W/ActivityManager( 1659): 	at com.android.server.am.ActivityRecord.isInStackLocked(ActivityRecord.java:1327)
06-05 12:37:59.971 W/ActivityManager( 1659): 	at com.android.server.am.ActivityRecord.getStackLocked(ActivityRecord.java:1332)
06-05 12:37:59.971 W/ActivityManager( 1659): 	at com.android.server.am.ActivityManagerService.getActivityDisplayId(ActivityManagerService.java:9806)
06-05 12:37:59.971 W/ActivityManager( 1659): 	at android.app.ActivityManagerNative.onTransact(ActivityManagerNative.java:2566)
06-05 12:37:59.971 W/ActivityManager( 1659): 	at com.android.server.am.ActivityManagerService.onTransact(ActivityManagerService.java:2757)
06-05 12:37:59.971 W/ActivityManager( 1659): 	at android.os.Binder.execTransact(Binder.java:565)
06-05 12:37:59.975 W/ActivityManager( 1659): Bad activity token: android.os.BinderProxy@bf42a8d
06-05 12:37:59.975 W/ActivityManager( 1659): java.lang.ClassCastException: android.os.BinderProxy cannot be cast to com.android.server.am.ActivityRecord$Token
06-05 12:37:59.975 W/ActivityManager( 1659): 	at com.android.server.am.ActivityRecord.forTokenLocked(ActivityRecord.java:586)
06-05 12:37:59.975 W/ActivityManager( 1659): 	at com.android.server.am.ActivityRecord.isInStackLocked(ActivityRecord.java:1327)
06-05 12:37:59.975 W/ActivityManager( 1659): 	at com.android.server.am.ActivityManagerService.setTaskDescription(ActivityManagerService.java:9358)
06-05 12:37:59.975 W/ActivityManager( 1659): 	at android.app.ActivityManagerNative.onTransact(ActivityManagerNative.java:2639)
06-05 12:37:59.975 W/ActivityManager( 1659): 	at com.android.server.am.ActivityManagerService.onTransact(ActivityManagerService.java:2757)
06-05 12:37:59.975 W/ActivityManager( 1659): 	at android.os.Binder.execTransact(Binder.java:565)
06-05 12:37:59.977 W/ActivityManager( 1659): Bad activity token: android.os.BinderProxy@bf42a8d
06-05 12:37:59.977 W/ActivityManager( 1659): java.lang.ClassCastException: android.os.BinderProxy cannot be cast to com.android.server.am.ActivityRecord$Token
06-05 12:37:59.977 W/ActivityManager( 1659): 	at com.android.server.am.ActivityRecord.forTokenLocked(ActivityRecord.java:586)
06-05 12:37:59.977 W/ActivityManager( 1659): 	at com.android.server.am.ActivityRecord.isInStackLocked(ActivityRecord.java:1327)
06-05 12:37:59.977 W/ActivityManager( 1659): 	at com.android.server.am.ActivityRecord.getStackLocked(ActivityRecord.java:1332)
06-05 12:37:59.977 W/ActivityManager( 1659): 	at com.android.server.am.ActivityManagerService.getActivityStackId(ActivityManagerService.java:9817)
06-05 12:37:59.977 W/ActivityManager( 1659): 	at android.app.ActivityManagerNative.onTransact(ActivityManagerNative.java:2856)
06-05 12:37:59.977 W/ActivityManager( 1659): 	at com.android.server.am.ActivityManagerService.onTransact(ActivityManagerService.java:2757)
06-05 12:37:59.977 W/ActivityManager( 1659): 	at android.os.Binder.execTransact(Binder.java:565)
06-05 12:37:59.990 W/ActivityManager( 1659): Bad activity token: android.os.BinderProxy@bf42a8d
06-05 12:37:59.990 W/ActivityManager( 1659): java.lang.ClassCastException: android.os.BinderProxy cannot be cast to com.android.server.am.ActivityRecord$Token
06-05 12:37:59.990 W/ActivityManager( 1659): 	at com.android.server.am.ActivityRecord.forTokenLocked(ActivityRecord.java:586)
06-05 12:37:59.990 W/ActivityManager( 1659): 	at com.android.server.am.ActivityRecord.isInStackLocked(ActivityRecord.java:1327)
06-05 12:37:59.990 W/ActivityManager( 1659): 	at com.android.server.am.ActivityManagerService.getActivityOptions(ActivityManagerService.java:12559)
06-05 12:37:59.990 W/ActivityManager( 1659): 	at android.app.ActivityManagerNative.onTransact(ActivityManagerNative.java:1933)
06-05 12:37:59.990 W/ActivityManager( 1659): 	at com.android.server.am.ActivityManagerService.onTransact(ActivityManagerService.java:2757)
06-05 12:37:59.990 W/ActivityManager( 1659): 	at android.os.Binder.execTransact(Binder.java:565)
06-05 12:37:59.991 W/ActivityManager( 1659): Bad activity token: android.os.BinderProxy@bf42a8d
06-05 12:37:59.991 W/ActivityManager( 1659): java.lang.ClassCastException: android.os.BinderProxy cannot be cast to com.android.server.am.ActivityRecord$Token
06-05 12:37:59.991 W/ActivityManager( 1659): 	at com.android.server.am.ActivityRecord.forTokenLocked(ActivityRecord.java:586)
06-05 12:37:59.991 W/ActivityManager( 1659): 	at com.android.server.am.ActivityRecord.isInStackLocked(ActivityRecord.java:1327)
06-05 12:37:59.991 W/ActivityManager( 1659): 	at com.android.server.am.ActivityManagerService.getActivityOptions(ActivityManagerService.java:12559)
06-05 12:37:59.991 W/ActivityManager( 1659): 	at android.app.ActivityManagerNative.onTransact(ActivityManagerNative.java:1933)
06-05 12:37:59.991 W/ActivityManager( 1659): 	at com.android.server.am.ActivityManagerService.onTransact(ActivityManagerService.java:2757)
06-05 12:37:59.991 W/ActivityManager( 1659): 	at android.os.Binder.execTransact(Binder.java:565)
06-05 12:38:00.063 V/PhoneStatusBar( 1792): setLightsOn(true)
06-05 12:38:00.348 V/PhoneStatusBar( 1792): setLightsOn(true)
06-05 12:38:00.349 V/PhoneStatusBar( 1792): setLightsOn(true)
06-05 12:38:00.352 W/OpenGLRenderer( 2389): Incorrectly called buildLayer on View: ShortcutAndWidgetContainer, destroying layer...
06-05 12:38:00.364 V/PhoneStatusBar( 1792): setLightsOn(true)
06-05 12:38:00.366 I/WindowManager( 1659): Destroying surface Surface(name=com.android.launcher3/com.android.launcher3.Launcher) called by com.android.server.wm.WindowStateAnimator.destroySurface:2016 com.android.server.wm.WindowStateAnimator.destroySurfaceLocked:882 com.android.server.wm.WindowState.destroyOrSaveSurface:2100 com.android.server.wm.AppWindowToken.destroySurfaces:363 com.android.server.wm.AppWindowToken.notifyAppStopped:389 com.android.server.wm.WindowManagerService.notifyAppStopped:4463 com.android.server.am.ActivityStack.activityStoppedLocked:1252 com.android.server.am.ActivityManagerService.activityStopped:6903 
06-05 12:38:01.005 I/System.out(15772): URI: //
06-05 12:38:01.005 I/System.out(15772): params: {json={"command":"press_key","arguments":["KEYCODE_MENU"]}
06-05 12:38:01.005 I/System.out(15772): }
06-05 12:38:01.005 I/System.out(15772): header: {content-type=application/json;charset=utf-8, date=Fri, 05 Jun 2020 17:38:01 GMT, accept=*/*, host=127.0.0.1:34782, content-length=52, user-agent=HTTPClient/1.0 (2.8.3, ruby 2.5.1 (2018-03-29))}
06-05 12:38:01.005 I/System.out(15772): params: {json={"command":"press_key","arguments":["KEYCODE_MENU"]}
06-05 12:38:01.005 I/System.out(15772): }
06-05 12:38:01.005 I/System.out(15772): ProP json = {"command":"press_key","arguments":["KEYCODE_MENU"]}
06-05 12:38:01.005 I/System.out(15772): files: {}
06-05 12:38:01.005 I/System.out(15772): command: {"command":"press_key","arguments":["KEYCODE_MENU"]}
06-05 12:38:01.010 I/InstrumentationBackend(15772): Got command:'Command:'Line:null,press_key', arguments:'[KEYCODE_MENU]'
06-05 12:38:01.044 V/PhoneStatusBar( 1792): setLightsOn(true)
06-05 12:38:01.054 V/PhoneStatusBar( 1792): setLightsOn(true)
06-05 12:38:01.059 I/System.out(15772): result:{"bonusInformation":[],"message":"","success":true}
06-05 12:38:01.065 V/PhoneStatusBar( 1792): setLightsOn(true)
06-05 12:38:01.067 I/System.out(15772): URI: //map
06-05 12:38:01.067 I/System.out(15772): params: {json={"query":"* marked:'Edit vehicle types'","operation":{"method_name":"query","arguments":[]}}
06-05 12:38:01.067 I/System.out(15772): }
06-05 12:38:01.080 V/PhoneStatusBar( 1792): setLightsOn(true)
06-05 12:38:01.080 D/gralloc_ranchu( 1352): gralloc_alloc: Creating ashmem region of size 1720320
06-05 12:38:01.087 V/PhoneStatusBar( 1792): setLightsOn(true)
06-05 12:38:01.088 V/PhoneStatusBar( 1792): setLightsOn(true)
06-05 12:38:01.089 W/ResourceType(15772): No package identifier when getting name for resource number 0x00000001
06-05 12:38:01.096 V/PhoneStatusBar( 1792): setLightsOn(true)
06-05 12:38:01.098 I/System.out(15772): URI: //gesture
06-05 12:38:01.098 I/System.out(15772): params: {json={"query_timeout":5.0,"gestures":[{"query_string":"* marked:'Edit vehicle types'","touches":[{"x":50,"y":50,"offset_x":0,"offset_y":0,"wait":0.0,"time":0.2,"release":true,"query_string":null}]}]}
06-05 12:38:01.098 I/System.out(15772): }
06-05 12:38:01.102 W/ResourceType(15772): No package identifier when getting name for resource number 0x00000001
06-05 12:38:01.254 D/gralloc_ranchu( 1352): gralloc_alloc: Creating ashmem region of size 9023488
06-05 12:38:01.286 D/gralloc_ranchu( 1352): gralloc_alloc: Creating ashmem region of size 1720320
06-05 12:38:01.313 V/PhoneStatusBar( 1792): setLightsOn(true)
06-05 12:38:01.362 I/art     (15772): Do partial code cache collection, code=30KB, data=29KB
06-05 12:38:01.362 I/art     (15772): After code cache collection, code=29KB, data=29KB
06-05 12:38:01.362 I/art     (15772): Increasing code cache capacity to 128KB
06-05 12:38:01.371 I/System.out(15772): URI: //map
06-05 12:38:01.371 I/System.out(15772): params: {json={"query":"* {text CONTAINS[c] 'Car'}","operation":{"method_name":"query","arguments":[]}}
06-05 12:38:01.371 I/System.out(15772): }
06-05 12:38:01.382 I/ActivityManager( 1659): START u0 {cmp=com.evancharlton.mileage/.VehicleTypeListActivity} from uid 10082 on display 0
06-05 12:38:01.383 V/PhoneStatusBar( 1792): setLightsOn(true)
06-05 12:38:01.384 V/PhoneStatusBar( 1792): setLightsOn(true)
06-05 12:38:01.420 I/WindowManager( 1659): Destroying surface Surface(name=AtchDlg:com.evancharlton.mileage/com.evancharlton.mileage.VehicleListActivity) called by com.android.server.wm.WindowStateAnimator.destroySurface:2016 com.android.server.wm.WindowStateAnimator.destroySurfaceLocked:882 com.android.server.wm.WindowState.removeLocked:1456 com.android.server.wm.WindowManagerService.removeWindowInnerLocked:2484 com.android.server.wm.WindowManagerService.removeWindowLocked:2442 com.android.server.wm.WindowManagerService.removeWindowLocked:2311 com.android.server.wm.WindowManagerService.removeWindow:2306 com.android.server.wm.Session.remove:202 
06-05 12:38:01.450 I/calabash(15772): newActivity1
06-05 12:38:01.496 V/PhoneStatusBar( 1792): setLightsOn(true)
06-05 12:38:01.513 V/PhoneStatusBar( 1792): setLightsOn(true)
06-05 12:38:01.520 D/gralloc_ranchu( 1352): gralloc_alloc: Creating ashmem region of size 9023488
06-05 12:38:01.541 I/ActivityManager( 1659): Displayed com.evancharlton.mileage/.VehicleTypeListActivity: +124ms
06-05 12:38:01.541 D/gralloc_ranchu( 1352): gralloc_alloc: Creating ashmem region of size 9023488
06-05 12:38:01.546 V/PhoneStatusBar( 1792): setLightsOn(true)
06-05 12:38:01.580 V/PhoneStatusBar( 1792): setLightsOn(true)
06-05 12:38:01.596 V/PhoneStatusBar( 1792): setLightsOn(true)
06-05 12:38:01.734 I/System.out(15772): URI: //map
06-05 12:38:01.734 I/System.out(15772): params: {json={"query":"* {text CONTAINS[c] 'Car'}","operation":{"method_name":"query","arguments":[]}}
06-05 12:38:01.734 I/System.out(15772): }
06-05 12:38:01.773 I/System.out(15772): URI: //map
06-05 12:38:01.773 I/System.out(15772): params: {json={"query":"* marked:'Car'","operation":{"method_name":"query","arguments":[]}}
06-05 12:38:01.773 I/System.out(15772): }
06-05 12:38:01.782 W/ResourceType(15772): No package identifier when getting name for resource number 0x00000001
06-05 12:38:01.782 V/PhoneStatusBar( 1792): setLightsOn(true)
06-05 12:38:01.798 I/System.out(15772): URI: //gesture
06-05 12:38:01.798 I/System.out(15772): params: {json={"query_timeout":5.0,"gestures":[{"query_string":"* marked:'Car'","touches":[{"x":50,"y":50,"offset_x":0,"offset_y":0,"wait":0.0,"time":0.2,"release":true,"query_string":null}]}]}
06-05 12:38:01.798 I/System.out(15772): }
06-05 12:38:01.804 W/ResourceType(15772): No package identifier when getting name for resource number 0x00000001
06-05 12:38:01.897 V/PhoneStatusBar( 1792): setLightsOn(true)
06-05 12:38:01.899 V/PhoneStatusBar( 1792): setLightsOn(true)
06-05 12:38:01.914 V/PhoneStatusBar( 1792): setLightsOn(true)
06-05 12:38:01.916 I/WindowManager( 1659): Destroying surface Surface(name=com.evancharlton.mileage/com.evancharlton.mileage.Mileage) called by com.android.server.wm.WindowStateAnimator.destroySurface:2016 com.android.server.wm.WindowStateAnimator.destroySurfaceLocked:882 com.android.server.wm.WindowState.destroyOrSaveSurface:2100 com.android.server.wm.WindowManagerService.tryStartExitingAnimation:3024 com.android.server.wm.WindowManagerService.relayoutWindow:2904 com.android.server.wm.Session.relayout:224 android.view.IWindowSession$Stub.onTransact:286 com.android.server.wm.Session.onTransact:145 
06-05 12:38:01.917 V/PhoneStatusBar( 1792): setLightsOn(true)
06-05 12:38:02.003 D/gralloc_ranchu( 1352): gralloc_alloc: Creating ashmem region of size 9023488
06-05 12:38:02.106 I/System.out(15772): URI: //map
06-05 12:38:02.107 I/System.out(15772): params: {json={"query":"* {text CONTAINS[c] 'Car'}","operation":{"method_name":"query","arguments":[]}}
06-05 12:38:02.107 I/System.out(15772): }
06-05 12:38:02.134 I/System.out(15772): URI: //map
06-05 12:38:02.134 I/System.out(15772): params: {json={"query":"* {text CONTAINS[c] 'Passenger car'}","operation":{"method_name":"query","arguments":[]}}
06-05 12:38:02.134 I/System.out(15772): }
06-05 12:38:02.144 I/System.out(15772): URI: //
06-05 12:38:02.144 I/System.out(15772): params: {json={"command":"press_key","arguments":["KEYCODE_BACK"]}
06-05 12:38:02.144 I/System.out(15772): }
06-05 12:38:02.144 I/System.out(15772): header: {content-type=application/json;charset=utf-8, date=Fri, 05 Jun 2020 17:38:03 GMT, accept=*/*, host=127.0.0.1:34782, content-length=52, user-agent=HTTPClient/1.0 (2.8.3, ruby 2.5.1 (2018-03-29))}
06-05 12:38:02.144 I/System.out(15772): params: {json={"command":"press_key","arguments":["KEYCODE_BACK"]}
06-05 12:38:02.144 I/System.out(15772): }
06-05 12:38:02.145 I/System.out(15772): ProP json = {"command":"press_key","arguments":["KEYCODE_BACK"]}
06-05 12:38:02.145 I/System.out(15772): files: {}
06-05 12:38:02.145 I/System.out(15772): command: {"command":"press_key","arguments":["KEYCODE_BACK"]}
06-05 12:38:02.145 I/InstrumentationBackend(15772): Got command:'Command:'Line:null,press_key', arguments:'[KEYCODE_BACK]'
06-05 12:38:02.147 V/PhoneStatusBar( 1792): setLightsOn(true)
06-05 12:38:02.148 V/PhoneStatusBar( 1792): setLightsOn(true)
06-05 12:38:02.150 W/ActivityManager( 1659): Bad activity token: android.os.BinderProxy@bf42a8d
06-05 12:38:02.150 W/ActivityManager( 1659): java.lang.ClassCastException: android.os.BinderProxy cannot be cast to com.android.server.am.ActivityRecord$Token
06-05 12:38:02.150 W/ActivityManager( 1659): 	at com.android.server.am.ActivityRecord.forTokenLocked(ActivityRecord.java:586)
06-05 12:38:02.150 W/ActivityManager( 1659): 	at com.android.server.am.ActivityRecord.isInStackLocked(ActivityRecord.java:1327)
06-05 12:38:02.150 W/ActivityManager( 1659): 	at com.android.server.am.ActivityManagerService.getActivityOptions(ActivityManagerService.java:12559)
06-05 12:38:02.150 W/ActivityManager( 1659): 	at android.app.ActivityManagerNative.onTransact(ActivityManagerNative.java:1933)
06-05 12:38:02.150 W/ActivityManager( 1659): 	at com.android.server.am.ActivityManagerService.onTransact(ActivityManagerService.java:2757)
06-05 12:38:02.150 W/ActivityManager( 1659): 	at android.os.Binder.execTransact(Binder.java:565)
06-05 12:38:02.150 I/System.out(15772): result:{"bonusInformation":[],"message":"","success":true}
06-05 12:38:02.152 I/System.out(15772): URI: //
06-05 12:38:02.152 I/System.out(15772): params: {json={"command":"press_key","arguments":["KEYCODE_BACK"]}
06-05 12:38:02.152 I/System.out(15772): }
06-05 12:38:02.152 I/System.out(15772): header: {content-type=application/json;charset=utf-8, date=Fri, 05 Jun 2020 17:38:03 GMT, accept=*/*, host=127.0.0.1:34782, content-length=52, user-agent=HTTPClient/1.0 (2.8.3, ruby 2.5.1 (2018-03-29))}
06-05 12:38:02.152 I/System.out(15772): params: {json={"command":"press_key","arguments":["KEYCODE_BACK"]}
06-05 12:38:02.152 I/System.out(15772): }
06-05 12:38:02.152 I/System.out(15772): ProP json = {"command":"press_key","arguments":["KEYCODE_BACK"]}
06-05 12:38:02.152 I/System.out(15772): files: {}
06-05 12:38:02.152 I/System.out(15772): command: {"command":"press_key","arguments":["KEYCODE_BACK"]}
06-05 12:38:02.153 I/InstrumentationBackend(15772): Got command:'Command:'Line:null,press_key', arguments:'[KEYCODE_BACK]'
06-05 12:38:02.154 W/ActivityManager( 1659): Duplicate finish request for ActivityRecord{9f1199a u0 com.evancharlton.mileage/.VehicleTypeListActivity t158 f}
06-05 12:38:02.156 I/System.out(15772): result:{"bonusInformation":[],"message":"","success":true}
06-05 12:38:02.159 I/System.out(15772): URI: //map
06-05 12:38:02.159 I/System.out(15772): params: {json={"query":"* {text CONTAINS[c] 'Car'}","operation":{"method_name":"query","arguments":[]}}
06-05 12:38:02.159 I/System.out(15772): }
06-05 12:38:02.163 V/PhoneStatusBar( 1792): setLightsOn(true)
06-05 12:38:02.168 I/ActivityManager( 1659): START u0 {cmp=com.evancharlton.mileage/.VehicleTypeActivity (has extras)} from uid 10082 on display 0
06-05 12:38:02.168 W/ActivityManager( 1659): startActivity called from finishing ActivityRecord{9f1199a u0 com.evancharlton.mileage/.VehicleTypeListActivity t158 f}; forcing Intent.FLAG_ACTIVITY_NEW_TASK for: Intent { cmp=com.evancharlton.mileage/.VehicleTypeActivity (has extras) }
06-05 12:38:02.180 D/gralloc_ranchu( 1352): gralloc_alloc: Creating ashmem region of size 9023488
06-05 12:38:02.181 V/PhoneStatusBar( 1792): setLightsOn(true)
06-05 12:38:02.276 I/calabash(15772): newActivity1
