06-06 00:59:59.278 I/System.out(24304): params: {json={"query_timeout":5.0,"gestures":[{"query_string":"* marked:'Gallons'","touches":[{"x":50,"y":50,"offset_x":0,"offset_y":0,"wait":0.0,"time":0.2,"release":true,"query_string":null}]}]}
06-06 00:59:59.278 I/System.out(24304): }
06-06 00:59:59.282 W/ResourceType(24304): No package identifier when getting name for resource number 0x00000001
06-06 00:59:59.523 V/PhoneStatusBar( 1712): setLightsOn(true)
06-06 00:59:59.524 V/PhoneStatusBar( 1712): setLightsOn(true)
06-06 00:59:59.545 I/System.out(24304): URI: //map
06-06 00:59:59.545 I/System.out(24304): params: {json={"query":"* marked:'Miles / Gallon'","operation":{"method_name":"query","arguments":[]}}
06-06 00:59:59.545 I/System.out(24304): }
06-06 00:59:59.550 W/InputEventReceiver(24304): Attempted to finish an input event but the input event receiver has already been disposed.
06-06 00:59:59.580 W/InputMethodManagerService( 1631): Window already focused, ignoring focus gain of: com.android.internal.view.IInputMethodClient$Stub$Proxy@94a9686 attribute=null, token = android.os.BinderProxy@ddd5080
06-06 00:59:59.638 W/ResourceType(24304): No package identifier when getting name for resource number 0x00000001
06-06 00:59:59.648 I/System.out(24304): URI: //gesture
06-06 00:59:59.648 I/System.out(24304): params: {json={"query_timeout":5.0,"gestures":[{"query_string":"* marked:'Miles / Gallon'","touches":[{"x":50,"y":50,"offset_x":0,"offset_y":0,"wait":0.0,"time":0.2,"release":true,"query_string":null}]}]}
06-06 00:59:59.648 I/System.out(24304): }
06-06 00:59:59.653 W/ResourceType(24304): No package identifier when getting name for resource number 0x00000001
06-06 00:59:59.816 I/WindowManager( 1631): Destroying surface Surface(name=com.evancharlton.mileage/com.evancharlton.mileage.VehicleActivity) called by com.android.server.wm.WindowStateAnimator.destroySurface:2016 com.android.server.wm.WindowStateAnimator.destroySurfaceLocked:882 com.android.server.wm.WindowState.destroyOrSaveSurface:2100 com.android.server.wm.AppWindowToken.destroySurfaces:363 com.android.server.wm.WindowStateAnimator.finishExit:565 com.android.server.wm.WindowStateAnimator.stepAnimationLocked:491 com.android.server.wm.WindowAnimator.updateWindowsLocked:303 com.android.server.wm.WindowAnimator.animateLocked:704 
06-06 00:59:59.817 V/PhoneStatusBar( 1712): setLightsOn(true)
06-06 00:59:59.818 V/PhoneStatusBar( 1712): setLightsOn(true)
06-06 00:59:59.887 V/PhoneStatusBar( 1712): setLightsOn(true)
06-06 00:59:59.892 I/System.out(24304): URI: //map
06-06 00:59:59.892 I/System.out(24304): params: {json={"query":"* {text CONTAINS[c] 'Km / Gallon'}","operation":{"method_name":"query","arguments":[]}}
06-06 00:59:59.892 I/System.out(24304): }
06-06 00:59:59.902 V/PhoneStatusBar( 1712): setLightsOn(true)
06-06 00:59:59.917 V/PhoneStatusBar( 1712): setLightsOn(true)
06-06 00:59:59.953 D/gralloc_ranchu( 1347): gralloc_alloc: Creating ashmem region of size 5959680
06-06 00:59:59.971 V/PhoneStatusBar( 1712): setLightsOn(true)
06-06 00:59:59.972 V/PhoneStatusBar( 1712): setLightsOn(true)
06-06 00:59:59.972 D/gralloc_ranchu( 1347): gralloc_alloc: Creating ashmem region of size 5959680
06-06 00:59:59.984 V/PhoneStatusBar( 1712): setLightsOn(true)
06-06 01:00:00.237 V/PhoneStatusBar( 1712): setLightsOn(true)
06-06 01:00:00.280 I/System.out(24304): URI: //map
06-06 01:00:00.280 I/System.out(24304): params: {json={"query":"* {text CONTAINS[c] 'Km / Gallon'}","operation":{"method_name":"query","arguments":[]}}
06-06 01:00:00.280 I/System.out(24304): }
06-06 01:00:00.311 I/System.out(24304): URI: //map
06-06 01:00:00.311 I/System.out(24304): params: {json={"query":"* {text CONTAINS[c] 'Miles / Imp. Gal.'}","operation":{"method_name":"query","arguments":[]}}
06-06 01:00:00.311 I/System.out(24304): }
06-06 01:00:00.331 I/System.out(24304): URI: //map
06-06 01:00:00.331 I/System.out(24304): params: {json={"query":"* {text CONTAINS[c] 'Km / Imp. Gal.'}","operation":{"method_name":"query","arguments":[]}}
06-06 01:00:00.331 I/System.out(24304): }
06-06 01:00:00.347 I/System.out(24304): URI: //map
06-06 01:00:00.347 I/System.out(24304): params: {json={"query":"* {text CONTAINS[c] 'Miles / Litre'}","operation":{"method_name":"query","arguments":[]}}
06-06 01:00:00.347 I/System.out(24304): }
06-06 01:00:00.360 I/System.out(24304): URI: //map
06-06 01:00:00.360 I/System.out(24304): params: {json={"query":"* {text CONTAINS[c] 'Km / Litre'}","operation":{"method_name":"query","arguments":[]}}
06-06 01:00:00.360 I/System.out(24304): }
06-06 01:00:00.372 I/System.out(24304): URI: //map
06-06 01:00:00.372 I/System.out(24304): params: {json={"query":"* {text CONTAINS[c] 'Gallons / 100 km'}","operation":{"method_name":"query","arguments":[]}}
06-06 01:00:00.372 I/System.out(24304): }
06-06 01:00:00.383 I/System.out(24304): URI: //map
06-06 01:00:00.383 I/System.out(24304): params: {json={"query":"* {text CONTAINS[c] 'Litres / 100 km'}","operation":{"method_name":"query","arguments":[]}}
06-06 01:00:00.383 I/System.out(24304): }
06-06 01:00:00.395 I/System.out(24304): URI: //map
06-06 01:00:00.395 I/System.out(24304): params: {json={"query":"* {text CONTAINS[c] 'Imp. Gal. / 100 km'}","operation":{"method_name":"query","arguments":[]}}
06-06 01:00:00.395 I/System.out(24304): }
06-06 01:00:00.406 I/System.out(24304): URI: //map
06-06 01:00:00.407 I/System.out(24304): params: {json={"query":"* marked:'Miles / Gallon'","operation":{"method_name":"query","arguments":[]}}
06-06 01:00:00.407 I/System.out(24304): }
06-06 01:00:00.410 W/ResourceType(24304): No package identifier when getting name for resource number 0x00000001
06-06 01:00:00.419 I/System.out(24304): URI: //gesture
06-06 01:00:00.419 I/System.out(24304): params: {json={"query_timeout":5.0,"gestures":[{"query_string":"* marked:'Miles / Gallon'","touches":[{"x":50,"y":50,"offset_x":0,"offset_y":0,"wait":0.0,"time":0.2,"release":true,"query_string":null}]}]}
06-06 01:00:00.419 I/System.out(24304): }
06-06 01:00:00.422 W/ResourceType(24304): No package identifier when getting name for resource number 0x00000001
06-06 01:00:00.654 V/PhoneStatusBar( 1712): setLightsOn(true)
06-06 01:00:00.655 V/PhoneStatusBar( 1712): setLightsOn(true)
06-06 01:00:00.673 I/System.out(24304): URI: //map
06-06 01:00:00.673 I/System.out(24304): params: {json={"query":"* {text CONTAINS[c] 'Currency symbol'}","operation":{"method_name":"query","arguments":[]}}
06-06 01:00:00.673 I/System.out(24304): }
06-06 01:00:00.684 W/InputEventReceiver(24304): Attempted to finish an input event but the input event receiver has already been disposed.
06-06 01:00:00.723 W/InputMethodManagerService( 1631): Window already focused, ignoring focus gain of: com.android.internal.view.IInputMethodClient$Stub$Proxy@eb8fc9d attribute=null, token = android.os.BinderProxy@ddd5080
06-06 01:00:00.787 I/System.out(24304): URI: //map
06-06 01:00:00.787 I/System.out(24304): params: {json={"query":"* {text CONTAINS[c] 'Add new vehicle'}","operation":{"method_name":"query","arguments":[]}}
06-06 01:00:00.787 I/System.out(24304): }
