--------- beginning of main
06-05 21:21:24.394 V/PhoneStatusBar( 1711): setLightsOn(true)
06-05 21:21:24.397 D/gralloc_ranchu( 1347): gralloc_alloc: Creating ashmem region of size 3145728
06-05 21:21:24.402 E/EGL_emulation( 1347): tid 1347: eglCreateSyncKHR(1901): error 0x3004 (EGL_BAD_ATTRIBUTE)
--------- beginning of system
06-05 21:21:24.415 W/ActivityManager( 1630): Finishing task with all activities already finished
06-05 21:21:24.415 W/ActivityManager( 1630): Duplicate finish request for ActivityRecord{19da16f u0 com.evancharlton.mileage/.Mileage t7497 f}
06-05 21:21:24.415 W/ActivityManager( 1630): Finishing task with all activities already finished
06-05 21:21:24.415 W/ActivityManager( 1630): Duplicate finish request for ActivityRecord{19da16f u0 com.evancharlton.mileage/.Mileage t7497 f}
06-05 21:21:24.415 W/ActivityManager( 1630): Finishing task with all activities already finished
06-05 21:21:24.415 W/ActivityManager( 1630): Duplicate finish request for ActivityRecord{19da16f u0 com.evancharlton.mileage/.Mileage t7497 f}
06-05 21:21:24.415 W/ActivityManager( 1630): Finishing task with all activities already finished
06-05 21:21:24.415 W/ActivityManager( 1630): Duplicate finish request for ActivityRecord{19da16f u0 com.evancharlton.mileage/.Mileage t7497 f}
06-05 21:21:24.416 W/ActivityManager( 1630): Finishing task with all activities already finished
06-05 21:21:24.416 W/ActivityManager( 1630): Duplicate finish request for ActivityRecord{19da16f u0 com.evancharlton.mileage/.Mileage t7497 f}
06-05 21:21:24.416 W/ActivityManager( 1630): Finishing task with all activities already finished
06-05 21:21:24.416 W/ActivityManager( 1630): Duplicate finish request for ActivityRecord{57577e5 u0 com.evancharlton.mileage/.charts.LastYearCostChart t7497 f}
06-05 21:21:24.416 W/ActivityManager( 1630): Finishing task with all activities already finished
06-05 21:21:24.416 W/ActivityManager( 1630): Duplicate finish request for ActivityRecord{57577e5 u0 com.evancharlton.mileage/.charts.LastYearCostChart t7497 f}
06-05 21:21:24.416 W/ActivityManager( 1630): Finishing task with all activities already finished
06-05 21:21:24.416 W/ActivityManager( 1630): Duplicate finish request for ActivityRecord{19da16f u0 com.evancharlton.mileage/.Mileage t7497 f}
06-05 21:21:24.416 W/ActivityManager( 1630): Finishing task with all activities already finished
06-05 21:21:24.416 W/ActivityManager( 1630): Duplicate finish request for ActivityRecord{19da16f u0 com.evancharlton.mileage/.Mileage t7497 f}
06-05 21:21:24.462 D/EGL_emulation( 2083): eglMakeCurrent: 0xb0f85240: ver 2 0 (tinfo 0xb0f832d0)
06-05 21:21:24.462 D/EGL_emulation( 1711): eglMakeCurrent: 0xb0f853c0: ver 2 0 (tinfo 0xb0f833e0)
06-05 21:21:24.468 D/AndroidRuntime( 9536): >>>>>> START com.android.internal.os.RuntimeInit uid 2000 <<<<<<
06-05 21:21:24.469 D/AndroidRuntime( 9536): CheckJNI is ON
06-05 21:21:24.478 D/EGL_emulation( 1711): eglMakeCurrent: 0xb0f853c0: ver 2 0 (tinfo 0xb0f833e0)
06-05 21:21:24.479 W/art     ( 9536): Unexpected CPU variant for X86 using defaults: x86
06-05 21:21:24.481 D/ICU     ( 9536): No timezone override file found: /data/misc/zoneinfo/current/icu/icu_tzdata.dat
06-05 21:21:24.488 E/memtrack( 9536): Couldn't load memtrack module (No such file or directory)
06-05 21:21:24.488 E/android.os.Debug( 9536): failed to load memtrack module: -2
06-05 21:21:24.488 I/Radio-JNI( 9536): register_android_hardware_Radio DONE
06-05 21:21:24.492 D/AndroidRuntime( 9536): Calling main entry com.android.commands.am.Am
06-05 21:21:24.493 I/ActivityManager( 1630): Force stopping com.evancharlton.mileage appid=10286 user=0: start instr
06-05 21:21:24.493 I/ActivityManager( 1630): Killing 9491:com.evancharlton.mileage/u0a286 (adj 0): stop com.evancharlton.mileage
06-05 21:21:24.493 D/ActivityManager( 1630): cleanUpApplicationRecord -- 9491
06-05 21:21:24.494 W/ActivityManager( 1630): Crash of app com.evancharlton.mileage running instrumentation ComponentInfo{com.evancharlton.mileage.test/sh.calaba.instrumentationbackend.CalabashInstrumentationTestRunner}
06-05 21:21:24.494 I/ActivityManager( 1630): Force stopping com.evancharlton.mileage appid=10286 user=0: finished inst
06-05 21:21:24.495 D/EGL_emulation( 1711): eglMakeCurrent: 0xb0f853c0: ver 2 0 (tinfo 0xb0f833e0)
06-05 21:21:24.497 I/art     ( 9546): Not late-enabling -Xcheck:jni (already on)
06-05 21:21:24.497 W/art     ( 9546): Unexpected CPU variant for X86 using defaults: x86
06-05 21:21:24.505 I/ActivityManager( 1630): Start proc 9546:com.evancharlton.mileage/u0a286 for added application com.evancharlton.mileage
06-05 21:21:24.505 D/AndroidRuntime( 9536): Shutting down VM
06-05 21:21:24.510 W/System  ( 9546): ClassLoader referenced unknown path: /data/app/com.evancharlton.mileage.test-1/lib/x86
06-05 21:21:24.510 W/System  ( 9546): ClassLoader referenced unknown path: /data/app/com.evancharlton.mileage-1/lib/x86
06-05 21:21:24.511 D/EGL_emulation( 1711): eglMakeCurrent: 0xb0f853c0: ver 2 0 (tinfo 0xb0f833e0)
06-05 21:21:24.512 W/System  ( 9546): ClassLoader referenced unknown path: 
06-05 21:21:24.513 D/EGL_emulation( 1711): eglMakeCurrent: 0xb0f853c0: ver 2 0 (tinfo 0xb0f833e0)
06-05 21:21:24.515 I/System.out( 9546): Main activity name automatically set to: com.evancharlton.mileage.Mileage
06-05 21:21:24.515 I/System.out( 9546): Calabash did not load Mono. This is only a problem if you are trying to test a Mono application
06-05 21:21:24.515 I/calabash( 9546): Test server port: 7102
06-05 21:21:24.516 I/InstrumentationBackend( 9546): Added:'GetPreferences', with key:'get_preferences'
06-05 21:21:24.519 I/InstrumentationBackend( 9546): Added:'SetPreferences', with key:'set_preferences'
06-05 21:21:24.519 I/InstrumentationBackend( 9546): Added:'ClearPreferences', with key:'clear_preferences'
06-05 21:21:24.520 I/InstrumentationBackend( 9546): Added:'PressElement', with key:'press_l10n_element'
06-05 21:21:24.520 I/InstrumentationBackend( 9546): Added:'WaitForElement', with key:'wait_for_l10n_element'
06-05 21:21:24.520 I/InstrumentationBackend( 9546): Added:'NullAction', with key:'nullAction'
06-05 21:21:24.520 I/InstrumentationBackend( 9546): Added:'PressKey', with key:'press_key'
06-05 21:21:24.520 I/InstrumentationBackend( 9546): Added:'SetActivityOrientation', with key:'set_activity_orientation'
06-05 21:21:24.520 I/InstrumentationBackend( 9546): Added:'GetActivityOrientation', with key:'get_activity_orientation'
06-05 21:21:24.520 I/InstrumentationBackend( 9546): Added:'FakeGPSLocation', with key:'set_gps_coordinates'
06-05 21:21:24.520 I/InstrumentationBackend( 9546): Added:'SetPropertyByCssSelector', with key:'set_property_by_css_selector'
06-05 21:21:24.520 I/InstrumentationBackend( 9546): Added:'GetUrl', with key:'get_url'
06-05 21:21:24.520 I/InstrumentationBackend( 9546): Added:'ScrollTo', with key:'scroll_to'
06-05 21:21:24.520 I/InstrumentationBackend( 9546): Added:'GetLoadProgress', with key:'get_load_progress'
06-05 21:21:24.520 I/InstrumentationBackend( 9546): Added:'DumpHtml', with key:'dump_html'
06-05 21:21:24.520 I/InstrumentationBackend( 9546): Added:'DumpBodyHtml', with key:'dump_body_html'
06-05 21:21:24.520 I/InstrumentationBackend( 9546): Added:'EnterTextByCssSelector', with key:'enter_text_by_selector'
06-05 21:21:24.520 I/InstrumentationBackend( 9546): Added:'AndroidSDKVersion', with key:'android_sdk_version'
06-05 21:21:24.520 I/InstrumentationBackend( 9546): Added:'Version', with key:'version'
06-05 21:21:24.521 I/InstrumentationBackend( 9546): Added:'Drag', with key:'drag'
06-05 21:21:24.521 I/InstrumentationBackend( 9546): Added:'TouchCoordinates', with key:'touch_coordinate'
06-05 21:21:24.521 I/InstrumentationBackend( 9546): Added:'LongPressCoordinate', with key:'long_press_coordinate'
06-05 21:21:24.521 I/InstrumentationBackend( 9546): Added:'DragCoordinates', with key:'drag_coordinates'
06-05 21:21:24.521 I/InstrumentationBackend( 9546): Added:'ResumeApplication', with key:'resume_application'
06-05 21:21:24.521 I/InstrumentationBackend( 9546): Added:'Swipe', with key:'swipe'
06-05 21:21:24.521 I/InstrumentationBackend( 9546): Added:'DoubleTapCoordinate', with key:'double_tap_coordinate'
06-05 21:21:24.521 I/InstrumentationBackend( 9546): Added:'ClickOnScreen', with key:'click_on_screen'
06-05 21:21:24.521 I/InstrumentationBackend( 9546): Added:'GetActivityName', with key:'get_activity_name'
06-05 21:21:24.521 I/InstrumentationBackend( 9546): Added:'ScrollToView', with key:'scroll_to_view'
06-05 21:21:24.521 I/InstrumentationBackend( 9546): Added:'ViewConfiguration', with key:'view_configuration'
06-05 21:21:24.521 I/InstrumentationBackend( 9546): Added:'IsCurrentActivityFocused', with key:'is_current_activity_focused'
06-05 21:21:24.521 I/InstrumentationBackend( 9546): Added:'SendTcp', with key:'send_tcp'
06-05 21:21:24.521 I/InstrumentationBackend( 9546): Added:'DpToDevicePixel', with key:'dp_to_device_pixel'
06-05 21:21:24.521 I/InstrumentationBackend( 9546): Added:'KeyboardEnterText', with key:'keyboard_enter_text'
06-05 21:21:24.521 I/InstrumentationBackend( 9546): Added:'DeleteSurroundingText', with key:'delete_surrounding_text'
06-05 21:21:24.521 I/InstrumentationBackend( 9546): Added:'SetComposingRegion', with key:'set_composing_region'
06-05 21:21:24.521 I/InstrumentationBackend( 9546): Added:'SetSelection', with key:'set_selection'
06-05 21:21:24.521 I/InstrumentationBackend( 9546): Added:'KeyboardKeyEvent', with key:'keyboard_key_event'
06-05 21:21:24.521 I/InstrumentationBackend( 9546): Added:'PressUserActionButton', with key:'press_user_action_button'
06-05 21:21:24.521 I/InstrumentationBackend( 9546): Added:'HideSoftKeyboard', with key:'hide_soft_keyboard'
06-05 21:21:24.521 I/InstrumentationBackend( 9546): Added:'ListActions', with key:'list_actions'
06-05 21:21:24.521 I/calabash( 9546): Instantiating http server at 7102
06-05 21:21:24.522 I/System.out( 9546): HTTP Daemon listening on: 7102
06-05 21:21:24.529 D/EGL_emulation( 1711): eglMakeCurrent: 0xb0f853c0: ver 2 0 (tinfo 0xb0f833e0)
06-05 21:21:24.535 D/EGL_emulation( 1711): eglMakeCurrent: 0xb0f853c0: ver 2 0 (tinfo 0xb0f833e0)
06-05 21:21:24.546 D/EGL_emulation( 1711): eglMakeCurrent: 0xb0f853c0: ver 2 0 (tinfo 0xb0f833e0)
06-05 21:21:24.549 I/WindowManager( 1630): WIN DEATH: Window{ee205d6 u0 com.evancharlton.mileage/com.evancharlton.mileage.Mileage EXITING}
06-05 21:21:24.550 W/InputDispatcher( 1630): channel '4eb8d47 com.evancharlton.mileage/com.evancharlton.mileage.charts.LastYearCostChart (server)' ~ Consumer closed input channel or an error occurred.  events=0x9
06-05 21:21:24.550 E/InputDispatcher( 1630): channel '4eb8d47 com.evancharlton.mileage/com.evancharlton.mileage.charts.LastYearCostChart (server)' ~ Channel is unrecoverably broken and will be disposed!
06-05 21:21:24.553 I/WindowManager( 1630): WIN DEATH: Window{4eb8d47 u0 com.evancharlton.mileage/com.evancharlton.mileage.charts.LastYearCostChart}
06-05 21:21:24.553 W/InputDispatcher( 1630): Attempted to unregister already unregistered input channel '4eb8d47 com.evancharlton.mileage/com.evancharlton.mileage.charts.LastYearCostChart (server)'
06-05 21:21:24.553 I/WindowManager( 1630): Destroying surface Surface(name=com.evancharlton.mileage/com.evancharlton.mileage.charts.LastYearCostChart) called by com.android.server.wm.WindowStateAnimator.destroySurface:2016 com.android.server.wm.WindowStateAnimator.destroySurfaceLocked:882 com.android.server.wm.WindowState.removeLocked:1456 com.android.server.wm.WindowManagerService.removeWindowInnerLocked:2484 com.android.server.wm.WindowManagerService.removeWindowLocked:2442 com.android.server.wm.WindowState$DeathRecipient.binderDied:1787 android.os.BinderProxy.sendDeathNotice:688 <bottom of call stack> 
06-05 21:21:24.571 D/EGL_emulation( 1711): eglMakeCurrent: 0xb0f853c0: ver 2 0 (tinfo 0xb0f833e0)
06-05 21:21:24.575 D/EGL_emulation( 1711): eglMakeCurrent: 0xb0f853c0: ver 2 0 (tinfo 0xb0f833e0)
06-05 21:21:24.577 D/EGL_emulation( 1711): eglMakeCurrent: 0xb0f853c0: ver 2 0 (tinfo 0xb0f833e0)
06-05 21:21:24.578 D/EGL_emulation( 1711): eglMakeCurrent: 0xb0f853c0: ver 2 0 (tinfo 0xb0f833e0)
06-05 21:21:24.580 D/EGL_emulation( 1711): eglMakeCurrent: 0xb0f853c0: ver 2 0 (tinfo 0xb0f833e0)
06-05 21:21:24.594 D/EGL_emulation( 1711): eglMakeCurrent: 0xb0f853c0: ver 2 0 (tinfo 0xb0f833e0)
06-05 21:21:24.597 D/EGL_emulation( 1711): eglMakeCurrent: 0xb0f853c0: ver 2 0 (tinfo 0xb0f833e0)
06-05 21:21:24.611 D/EGL_emulation( 1711): eglMakeCurrent: 0xb0f853c0: ver 2 0 (tinfo 0xb0f833e0)
06-05 21:21:24.613 D/EGL_emulation( 1711): eglMakeCurrent: 0xb0f853c0: ver 2 0 (tinfo 0xb0f833e0)
06-05 21:21:24.617 I/System.out( 9546): URI: //ping
06-05 21:21:24.617 I/System.out( 9546): params: {json={}
06-05 21:21:24.617 I/System.out( 9546): }
06-05 21:21:24.619 I/System.out( 9546): URI: //ping
06-05 21:21:24.619 I/System.out( 9546): params: {json={}
06-05 21:21:24.619 I/System.out( 9546): }
06-05 21:21:24.621 I/System.out( 9546): URI: //ready
06-05 21:21:24.621 I/System.out( 9546): params: {json={}
06-05 21:21:24.621 I/System.out( 9546): }
06-05 21:21:24.622 I/System.out( 9546): URI: //
06-05 21:21:24.622 I/System.out( 9546): params: {json={"command":"version","arguments":[]}
06-05 21:21:24.622 I/System.out( 9546): }
06-05 21:21:24.622 I/System.out( 9546): header: {content-type=application/json;charset=utf-8, date=Sat, 06 Jun 2020 02:21:25 GMT, accept=*/*, host=127.0.0.1:34777, content-length=36, user-agent=HTTPClient/1.0 (2.8.3, ruby 2.5.1 (2018-03-29))}
06-05 21:21:24.622 I/System.out( 9546): params: {json={"command":"version","arguments":[]}
06-05 21:21:24.622 I/System.out( 9546): }
06-05 21:21:24.622 I/System.out( 9546): ProP json = {"command":"version","arguments":[]}
06-05 21:21:24.623 I/System.out( 9546): files: {}
06-05 21:21:24.623 I/System.out( 9546): command: {"command":"version","arguments":[]}
06-05 21:21:24.625 I/InstrumentationBackend( 9546): Got command:'Command:'Line:null,version', arguments:'[]'
06-05 21:21:24.627 D/EGL_emulation( 1711): eglMakeCurrent: 0xb0f853c0: ver 2 0 (tinfo 0xb0f833e0)
06-05 21:21:24.630 D/EGL_emulation( 1711): eglMakeCurrent: 0xb0f853c0: ver 2 0 (tinfo 0xb0f833e0)
06-05 21:21:24.632 I/System.out( 9546): result:{"bonusInformation":[],"message":"0.9.8","success":true}
06-05 21:21:24.634 I/System.out( 9546): URI: //start-application
06-05 21:21:24.634 I/System.out( 9546): params: {json={"intent":null}
06-05 21:21:24.634 I/System.out( 9546): }
06-05 21:21:24.643 I/ActivityManager( 1630): START u0 {act=android.intent.action.MAIN cat=[android.intent.category.LAUNCHER] flg=0x10200000 cmp=com.evancharlton.mileage/.Mileage} from uid 10286 on display 0
06-05 21:21:24.644 D/EGL_emulation( 1711): eglMakeCurrent: 0xb0f853c0: ver 2 0 (tinfo 0xb0f833e0)
06-05 21:21:24.646 D/EGL_emulation( 1711): eglMakeCurrent: 0xb0f853c0: ver 2 0 (tinfo 0xb0f833e0)
06-05 21:21:24.649 I/calabash( 9546): newActivity1
06-05 21:21:24.657 I/calabash( 9546): newActivity1
06-05 21:21:24.658 W/ActivityManager( 1630): Bad activity token: android.os.BinderProxy@5a93b27
06-05 21:21:24.658 W/ActivityManager( 1630): java.lang.ClassCastException: android.os.BinderProxy cannot be cast to com.android.server.am.ActivityRecord$Token
06-05 21:21:24.658 W/ActivityManager( 1630): 	at com.android.server.am.ActivityRecord.forTokenLocked(ActivityRecord.java:586)
06-05 21:21:24.658 W/ActivityManager( 1630): 	at com.android.server.am.ActivityRecord.isInStackLocked(ActivityRecord.java:1327)
06-05 21:21:24.658 W/ActivityManager( 1630): 	at com.android.server.am.ActivityRecord.getStackLocked(ActivityRecord.java:1332)
06-05 21:21:24.658 W/ActivityManager( 1630): 	at com.android.server.am.ActivityManagerService.getActivityDisplayId(ActivityManagerService.java:9806)
06-05 21:21:24.658 W/ActivityManager( 1630): 	at android.app.ActivityManagerNative.onTransact(ActivityManagerNative.java:2566)
06-05 21:21:24.658 W/ActivityManager( 1630): 	at com.android.server.am.ActivityManagerService.onTransact(ActivityManagerService.java:2757)
06-05 21:21:24.658 W/ActivityManager( 1630): 	at android.os.Binder.execTransact(Binder.java:565)
06-05 21:21:24.659 W/ActivityManager( 1630): Bad activity token: android.os.BinderProxy@5a93b27
06-05 21:21:24.659 W/ActivityManager( 1630): java.lang.ClassCastException: android.os.BinderProxy cannot be cast to com.android.server.am.ActivityRecord$Token
06-05 21:21:24.659 W/ActivityManager( 1630): 	at com.android.server.am.ActivityRecord.forTokenLocked(ActivityRecord.java:586)
06-05 21:21:24.659 W/ActivityManager( 1630): 	at com.android.server.am.ActivityRecord.isInStackLocked(ActivityRecord.java:1327)
06-05 21:21:24.659 W/ActivityManager( 1630): 	at com.android.server.am.ActivityManagerService.setTaskDescription(ActivityManagerService.java:9358)
06-05 21:21:24.659 W/ActivityManager( 1630): 	at android.app.ActivityManagerNative.onTransact(ActivityManagerNative.java:2639)
06-05 21:21:24.659 W/ActivityManager( 1630): 	at com.android.server.am.ActivityManagerService.onTransact(ActivityManagerService.java:2757)
06-05 21:21:24.659 W/ActivityManager( 1630): 	at android.os.Binder.execTransact(Binder.java:565)
06-05 21:21:24.660 W/ActivityManager( 1630): Bad activity token: android.os.BinderProxy@5a93b27
06-05 21:21:24.660 W/ActivityManager( 1630): java.lang.ClassCastException: android.os.BinderProxy cannot be cast to com.android.server.am.ActivityRecord$Token
06-05 21:21:24.660 W/ActivityManager( 1630): 	at com.android.server.am.ActivityRecord.forTokenLocked(ActivityRecord.java:586)
06-05 21:21:24.660 W/ActivityManager( 1630): 	at com.android.server.am.ActivityRecord.isInStackLocked(ActivityRecord.java:1327)
06-05 21:21:24.660 W/ActivityManager( 1630): 	at com.android.server.am.ActivityRecord.getStackLocked(ActivityRecord.java:1332)
06-05 21:21:24.660 W/ActivityManager( 1630): 	at com.android.server.am.ActivityManagerService.getActivityStackId(ActivityManagerService.java:9817)
06-05 21:21:24.660 W/ActivityManager( 1630): 	at android.app.ActivityManagerNative.onTransact(ActivityManagerNative.java:2856)
06-05 21:21:24.660 W/ActivityManager( 1630): 	at com.android.server.am.ActivityManagerService.onTransact(ActivityManagerService.java:2757)
06-05 21:21:24.660 W/ActivityManager( 1630): 	at android.os.Binder.execTransact(Binder.java:565)
06-05 21:21:24.661 D/EGL_emulation( 1711): eglMakeCurrent: 0xb0f853c0: ver 2 0 (tinfo 0xb0f833e0)
06-05 21:21:24.675 W/ActivityManager( 1630): Bad activity token: android.os.BinderProxy@5a93b27
06-05 21:21:24.675 W/ActivityManager( 1630): java.lang.ClassCastException: android.os.BinderProxy cannot be cast to com.android.server.am.ActivityRecord$Token
06-05 21:21:24.675 W/ActivityManager( 1630): 	at com.android.server.am.ActivityRecord.forTokenLocked(ActivityRecord.java:586)
06-05 21:21:24.675 W/ActivityManager( 1630): 	at com.android.server.am.ActivityRecord.isInStackLocked(ActivityRecord.java:1327)
06-05 21:21:24.675 W/ActivityManager( 1630): 	at com.android.server.am.ActivityManagerService.getActivityOptions(ActivityManagerService.java:12559)
06-05 21:21:24.675 W/ActivityManager( 1630): 	at android.app.ActivityManagerNative.onTransact(ActivityManagerNative.java:1933)
06-05 21:21:24.675 W/ActivityManager( 1630): 	at com.android.server.am.ActivityManagerService.onTransact(ActivityManagerService.java:2757)
06-05 21:21:24.675 W/ActivityManager( 1630): 	at android.os.Binder.execTransact(Binder.java:565)
06-05 21:21:24.675 W/ActivityManager( 1630): Bad activity token: android.os.BinderProxy@5a93b27
06-05 21:21:24.675 W/ActivityManager( 1630): java.lang.ClassCastException: android.os.BinderProxy cannot be cast to com.android.server.am.ActivityRecord$Token
06-05 21:21:24.675 W/ActivityManager( 1630): 	at com.android.server.am.ActivityRecord.forTokenLocked(ActivityRecord.java:586)
06-05 21:21:24.675 W/ActivityManager( 1630): 	at com.android.server.am.ActivityRecord.isInStackLocked(ActivityRecord.java:1327)
06-05 21:21:24.675 W/ActivityManager( 1630): 	at com.android.server.am.ActivityManagerService.getActivityOptions(ActivityManagerService.java:12559)
06-05 21:21:24.675 W/ActivityManager( 1630): 	at android.app.ActivityManagerNative.onTransact(ActivityManagerNative.java:1933)
06-05 21:21:24.675 W/ActivityManager( 1630): 	at com.android.server.am.ActivityManagerService.onTransact(ActivityManagerService.java:2757)
06-05 21:21:24.675 W/ActivityManager( 1630): 	at android.os.Binder.execTransact(Binder.java:565)
06-05 21:21:24.677 D/EGL_emulation( 1711): eglMakeCurrent: 0xb0f853c0: ver 2 0 (tinfo 0xb0f833e0)
06-05 21:21:24.677 D/gralloc_ranchu( 1347): gralloc_alloc: Creating ashmem region of size 9023488
06-05 21:21:24.682 D/EGL_emulation( 1711): eglMakeCurrent: 0xb0f853c0: ver 2 0 (tinfo 0xb0f833e0)
06-05 21:21:24.694 D/EGL_emulation( 1711): eglMakeCurrent: 0xb0f853c0: ver 2 0 (tinfo 0xb0f833e0)
06-05 21:21:24.696 D/EGL_emulation( 1711): eglMakeCurrent: 0xb0f853c0: ver 2 0 (tinfo 0xb0f833e0)
06-05 21:21:24.701 V/PhoneStatusBar( 1711): setLightsOn(true)
06-05 21:21:24.711 D/EGL_emulation( 1711): eglMakeCurrent: 0xb0f853c0: ver 2 0 (tinfo 0xb0f833e0)
06-05 21:21:24.713 D/EGL_emulation( 1711): eglMakeCurrent: 0xb0f853c0: ver 2 0 (tinfo 0xb0f833e0)
06-05 21:21:24.713 V/PhoneStatusBar( 1711): setLightsOn(true)
06-05 21:21:24.713 V/PhoneStatusBar( 1711): setLightsOn(true)
06-05 21:21:24.713 D/gralloc_ranchu( 1347): gralloc_alloc: Creating ashmem region of size 9023488
06-05 21:21:24.715 V/PhoneStatusBar( 1711): setLightsOn(true)
06-05 21:21:24.718 D/        ( 9546): HostConnection::get() New Host Connection established 0xa1b7c4c0, tid 9546
06-05 21:21:24.748 D/EGL_emulation( 2083): eglMakeCurrent: 0xb0f85240: ver 2 0 (tinfo 0xb0f832d0)
06-05 21:21:24.750 D/EGL_emulation( 1711): eglMakeCurrent: 0xb0f853c0: ver 2 0 (tinfo 0xb0f833e0)
06-05 21:21:24.752 D/EGL_emulation( 1711): eglMakeCurrent: 0xb0f853c0: ver 2 0 (tinfo 0xb0f833e0)
06-05 21:21:24.754 D/EGL_emulation( 1711): eglMakeCurrent: 0xb0f853c0: ver 2 0 (tinfo 0xb0f833e0)
06-05 21:21:24.767 D/EGL_emulation( 1711): eglMakeCurrent: 0xb0f853c0: ver 2 0 (tinfo 0xb0f833e0)
06-05 21:21:24.769 D/EGL_emulation( 1711): eglMakeCurrent: 0xb0f853c0: ver 2 0 (tinfo 0xb0f833e0)
06-05 21:21:24.770 I/ActivityManager( 1630): Displayed com.evancharlton.mileage/.Mileage: +124ms
06-05 21:21:24.778 D/EGL_emulation( 1711): eglMakeCurrent: 0xb0f853c0: ver 2 0 (tinfo 0xb0f833e0)
06-05 21:21:24.778 D/gralloc_ranchu( 1347): gralloc_alloc: Creating ashmem region of size 9023488
06-05 21:21:24.792 D/EGL_emulation( 1711): eglMakeCurrent: 0xb0f853c0: ver 2 0 (tinfo 0xb0f833e0)
06-05 21:21:24.794 D/EGL_emulation( 1711): eglMakeCurrent: 0xb0f853c0: ver 2 0 (tinfo 0xb0f833e0)
06-05 21:21:24.805 D/EGL_emulation( 1711): eglMakeCurrent: 0xb0f853c0: ver 2 0 (tinfo 0xb0f833e0)
06-05 21:21:24.805 V/PhoneStatusBar( 1711): setLightsOn(true)
06-05 21:21:24.811 D/EGL_emulation( 1711): eglMakeCurrent: 0xb0f853c0: ver 2 0 (tinfo 0xb0f833e0)
06-05 21:21:24.813 D/EGL_emulation( 1711): eglMakeCurrent: 0xb0f853c0: ver 2 0 (tinfo 0xb0f833e0)
06-05 21:21:24.828 D/EGL_emulation( 1711): eglMakeCurrent: 0xb0f853c0: ver 2 0 (tinfo 0xb0f833e0)
06-05 21:21:24.830 D/EGL_emulation( 1711): eglMakeCurrent: 0xb0f853c0: ver 2 0 (tinfo 0xb0f833e0)
06-05 21:21:24.835 I/System.out( 9546): URI: //map
06-05 21:21:24.835 I/System.out( 9546): params: {json={"query":"* marked:'Statistics'","operation":{"method_name":"query","arguments":[]}}
06-05 21:21:24.835 I/System.out( 9546): }
06-05 21:21:24.844 D/EGL_emulation( 1711): eglMakeCurrent: 0xb0f853c0: ver 2 0 (tinfo 0xb0f833e0)
06-05 21:21:24.846 D/EGL_emulation( 1711): eglMakeCurrent: 0xb0f853c0: ver 2 0 (tinfo 0xb0f833e0)
06-05 21:21:24.846 W/ResourceType( 9546): No package identifier when getting name for resource number 0x00000001
06-05 21:21:24.859 I/System.out( 9546): URI: //gesture
06-05 21:21:24.859 I/System.out( 9546): params: {json={"query_timeout":5.0,"gestures":[{"query_string":"* marked:'Statistics'","touches":[{"x":50,"y":50,"offset_x":0,"offset_y":0,"wait":0.0,"time":0.2,"release":true,"query_string":null}]}]}
06-05 21:21:24.859 I/System.out( 9546): }
06-05 21:21:24.861 D/EGL_emulation( 1711): eglMakeCurrent: 0xb0f853c0: ver 2 0 (tinfo 0xb0f833e0)
06-05 21:21:24.863 D/EGL_emulation( 1711): eglMakeCurrent: 0xb0f853c0: ver 2 0 (tinfo 0xb0f833e0)
06-05 21:21:24.864 W/ResourceType( 9546): No package identifier when getting name for resource number 0x00000001
06-05 21:21:24.878 D/EGL_emulation( 1711): eglMakeCurrent: 0xb0f853c0: ver 2 0 (tinfo 0xb0f833e0)
06-05 21:21:24.885 D/EGL_emulation( 1711): eglMakeCurrent: 0xb0f853c0: ver 2 0 (tinfo 0xb0f833e0)
06-05 21:21:24.894 I/WindowManager( 1630): Destroying surface Surface(name=com.evancharlton.mileage/com.evancharlton.mileage.Mileage) called by com.android.server.wm.WindowStateAnimator.destroySurface:2016 com.android.server.wm.WindowStateAnimator.destroySurfaceLocked:882 com.android.server.wm.WindowState.removeLocked:1456 com.android.server.wm.WindowManagerService.removeWindowInnerLocked:2484 com.android.server.wm.AppWindowToken.destroySurfaces:365 com.android.server.wm.WindowStateAnimator.finishExit:565 com.android.server.wm.AppWindowAnimator.stepAnimationLocked:427 com.android.server.wm.WindowAnimator.updateAppWindowsLocked:196 
06-05 21:21:24.895 D/EGL_emulation( 1711): eglMakeCurrent: 0xb0f853c0: ver 2 0 (tinfo 0xb0f833e0)
06-05 21:21:24.900 D/EGL_emulation( 1711): eglMakeCurrent: 0xb0f853c0: ver 2 0 (tinfo 0xb0f833e0)
06-05 21:21:24.911 D/EGL_emulation( 1711): eglMakeCurrent: 0xb0f853c0: ver 2 0 (tinfo 0xb0f833e0)
06-05 21:21:24.913 D/EGL_emulation( 1711): eglMakeCurrent: 0xb0f853c0: ver 2 0 (tinfo 0xb0f833e0)
06-05 21:21:24.913 V/PhoneStatusBar( 1711): setLightsOn(true)
06-05 21:21:24.927 D/EGL_emulation( 1711): eglMakeCurrent: 0xb0f853c0: ver 2 0 (tinfo 0xb0f833e0)
06-05 21:21:24.929 D/EGL_emulation( 1711): eglMakeCurrent: 0xb0f853c0: ver 2 0 (tinfo 0xb0f833e0)
06-05 21:21:24.944 D/EGL_emulation( 1711): eglMakeCurrent: 0xb0f853c0: ver 2 0 (tinfo 0xb0f833e0)
06-05 21:21:24.961 I/WindowManager( 1630): Destroying surface Surface(name=Starting com.evancharlton.mileage) called by com.android.server.wm.WindowStateAnimator.destroySurface:2016 com.android.server.wm.WindowStateAnimator.destroySurfaceLocked:882 com.android.server.wm.WindowState.destroyOrSaveSurface:2100 com.android.server.wm.AppWindowToken.destroySurfaces:363 com.android.server.wm.WindowStateAnimator.finishExit:565 com.android.server.wm.WindowStateAnimator.stepAnimationLocked:491 com.android.server.wm.WindowAnimator.updateWindowsLocked:303 com.android.server.wm.WindowAnimator.animateLocked:704 
06-05 21:21:24.963 V/PhoneStatusBar( 1711): setLightsOn(true)
06-05 21:21:24.965 V/PhoneStatusBar( 1711): setLightsOn(true)
06-05 21:21:25.096 I/calabash( 9546): newActivity1
06-05 21:21:25.107 I/System.out( 9546): URI: //map
06-05 21:21:25.107 I/System.out( 9546): params: {json={"query":"* marked:'Estimated cost per year'","operation":{"method_name":"query","arguments":[]}}
06-05 21:21:25.107 I/System.out( 9546): }
06-05 21:21:25.113 W/ActivityManager( 1630): Bad activity token: android.os.BinderProxy@8d191ed
06-05 21:21:25.113 W/ActivityManager( 1630): java.lang.ClassCastException: android.os.BinderProxy cannot be cast to com.android.server.am.ActivityRecord$Token
06-05 21:21:25.113 W/ActivityManager( 1630): 	at com.android.server.am.ActivityRecord.forTokenLocked(ActivityRecord.java:586)
06-05 21:21:25.113 W/ActivityManager( 1630): 	at com.android.server.am.ActivityRecord.isInStackLocked(ActivityRecord.java:1327)
06-05 21:21:25.113 W/ActivityManager( 1630): 	at com.android.server.am.ActivityRecord.getStackLocked(ActivityRecord.java:1332)
06-05 21:21:25.113 W/ActivityManager( 1630): 	at com.android.server.am.ActivityManagerService.getActivityDisplayId(ActivityManagerService.java:9806)
06-05 21:21:25.113 W/ActivityManager( 1630): 	at android.app.ActivityManagerNative.onTransact(ActivityManagerNative.java:2566)
06-05 21:21:25.113 W/ActivityManager( 1630): 	at com.android.server.am.ActivityManagerService.onTransact(ActivityManagerService.java:2757)
06-05 21:21:25.113 W/ActivityManager( 1630): 	at android.os.Binder.execTransact(Binder.java:565)
06-05 21:21:25.115 W/ActivityManager( 1630): Bad activity token: android.os.BinderProxy@8d191ed
06-05 21:21:25.115 W/ActivityManager( 1630): java.lang.ClassCastException: android.os.BinderProxy cannot be cast to com.android.server.am.ActivityRecord$Token
06-05 21:21:25.115 W/ActivityManager( 1630): 	at com.android.server.am.ActivityRecord.forTokenLocked(ActivityRecord.java:586)
06-05 21:21:25.115 W/ActivityManager( 1630): 	at com.android.server.am.ActivityRecord.isInStackLocked(ActivityRecord.java:1327)
06-05 21:21:25.115 W/ActivityManager( 1630): 	at com.android.server.am.ActivityManagerService.setTaskDescription(ActivityManagerService.java:9358)
06-05 21:21:25.115 W/ActivityManager( 1630): 	at android.app.ActivityManagerNative.onTransact(ActivityManagerNative.java:2639)
06-05 21:21:25.115 W/ActivityManager( 1630): 	at com.android.server.am.ActivityManagerService.onTransact(ActivityManagerService.java:2757)
06-05 21:21:25.115 W/ActivityManager( 1630): 	at android.os.Binder.execTransact(Binder.java:565)
06-05 21:21:25.115 W/ActivityManager( 1630): Bad activity token: android.os.BinderProxy@8d191ed
06-05 21:21:25.115 W/ActivityManager( 1630): java.lang.ClassCastException: android.os.BinderProxy cannot be cast to com.android.server.am.ActivityRecord$Token
06-05 21:21:25.115 W/ActivityManager( 1630): 	at com.android.server.am.ActivityRecord.forTokenLocked(ActivityRecord.java:586)
06-05 21:21:25.115 W/ActivityManager( 1630): 	at com.android.server.am.ActivityRecord.isInStackLocked(ActivityRecord.java:1327)
06-05 21:21:25.115 W/ActivityManager( 1630): 	at com.android.server.am.ActivityRecord.getStackLocked(ActivityRecord.java:1332)
06-05 21:21:25.115 W/ActivityManager( 1630): 	at com.android.server.am.ActivityManagerService.getActivityStackId(ActivityManagerService.java:9817)
06-05 21:21:25.115 W/ActivityManager( 1630): 	at android.app.ActivityManagerNative.onTransact(ActivityManagerNative.java:2856)
06-05 21:21:25.115 W/ActivityManager( 1630): 	at com.android.server.am.ActivityManagerService.onTransact(ActivityManagerService.java:2757)
06-05 21:21:25.115 W/ActivityManager( 1630): 	at android.os.Binder.execTransact(Binder.java:565)
06-05 21:21:25.121 D/VehicleStatisticsActivity( 9546): Checking recalculation ...
06-05 21:21:25.123 D/VehicleStatisticsActivity( 9546): Recalculation not necessary.
06-05 21:21:25.124 W/ActivityManager( 1630): Bad activity token: android.os.BinderProxy@8d191ed
06-05 21:21:25.124 W/ActivityManager( 1630): java.lang.ClassCastException: android.os.BinderProxy cannot be cast to com.android.server.am.ActivityRecord$Token
06-05 21:21:25.124 W/ActivityManager( 1630): 	at com.android.server.am.ActivityRecord.forTokenLocked(ActivityRecord.java:586)
06-05 21:21:25.124 W/ActivityManager( 1630): 	at com.android.server.am.ActivityRecord.isInStackLocked(ActivityRecord.java:1327)
06-05 21:21:25.124 W/ActivityManager( 1630): 	at com.android.server.am.ActivityManagerService.getActivityOptions(ActivityManagerService.java:12559)
06-05 21:21:25.124 W/ActivityManager( 1630): 	at android.app.ActivityManagerNative.onTransact(ActivityManagerNative.java:1933)
06-05 21:21:25.124 W/ActivityManager( 1630): 	at com.android.server.am.ActivityManagerService.onTransact(ActivityManagerService.java:2757)
06-05 21:21:25.124 W/ActivityManager( 1630): 	at android.os.Binder.execTransact(Binder.java:565)
06-05 21:21:25.124 W/ActivityManager( 1630): Bad activity token: android.os.BinderProxy@8d191ed
06-05 21:21:25.124 W/ActivityManager( 1630): java.lang.ClassCastException: android.os.BinderProxy cannot be cast to com.android.server.am.ActivityRecord$Token
06-05 21:21:25.124 W/ActivityManager( 1630): 	at com.android.server.am.ActivityRecord.forTokenLocked(ActivityRecord.java:586)
06-05 21:21:25.124 W/ActivityManager( 1630): 	at com.android.server.am.ActivityRecord.isInStackLocked(ActivityRecord.java:1327)
06-05 21:21:25.124 W/ActivityManager( 1630): 	at com.android.server.am.ActivityManagerService.getActivityOptions(ActivityManagerService.java:12559)
06-05 21:21:25.124 W/ActivityManager( 1630): 	at android.app.ActivityManagerNative.onTransact(ActivityManagerNative.java:1933)
06-05 21:21:25.124 W/ActivityManager( 1630): 	at com.android.server.am.ActivityManagerService.onTransact(ActivityManagerService.java:2757)
06-05 21:21:25.124 W/ActivityManager( 1630): 	at android.os.Binder.execTransact(Binder.java:565)
06-05 21:21:25.126 D/VehicleStatisticsActivity( 9546): Checking recalculation ...
06-05 21:21:25.127 D/VehicleStatisticsActivity( 9546): Recalculation not necessary.
06-05 21:21:25.163 V/PhoneStatusBar( 1711): setLightsOn(true)
06-05 21:21:25.207 W/ResourceType( 9546): No package identifier when getting name for resource number 0x00000001
06-05 21:21:25.209 I/art     ( 9546): Do partial code cache collection, code=30KB, data=29KB
06-05 21:21:25.209 I/art     ( 9546): After code cache collection, code=29KB, data=29KB
06-05 21:21:25.209 I/art     ( 9546): Increasing code cache capacity to 128KB
06-05 21:21:25.225 I/System.out( 9546): URI: //gesture
06-05 21:21:25.225 I/System.out( 9546): params: {json={"query_timeout":5.0,"gestures":[{"query_string":"* marked:'Estimated cost per year'","touches":[{"x":50,"y":50,"offset_x":0,"offset_y":0,"wait":0.0,"time":0.2,"release":true,"query_string":null}]}]}
06-05 21:21:25.225 I/System.out( 9546): }
06-05 21:21:25.231 W/ResourceType( 9546): No package identifier when getting name for resource number 0x00000001
06-05 21:21:25.461 V/PhoneStatusBar( 1711): setLightsOn(true)
06-05 21:21:25.462 V/PhoneStatusBar( 1711): setLightsOn(true)
06-05 21:21:25.464 W/OpenGLRenderer( 2083): Incorrectly called buildLayer on View: ShortcutAndWidgetContainer, destroying layer...
06-05 21:21:25.478 I/WindowManager( 1630): Destroying surface Surface(name=com.android.launcher3/com.android.launcher3.Launcher) called by com.android.server.wm.WindowStateAnimator.destroySurface:2016 com.android.server.wm.WindowStateAnimator.destroySurfaceLocked:882 com.android.server.wm.WindowState.destroyOrSaveSurface:2100 com.android.server.wm.AppWindowToken.destroySurfaces:363 com.android.server.wm.AppWindowToken.notifyAppStopped:389 com.android.server.wm.WindowManagerService.notifyAppStopped:4463 com.android.server.am.ActivityStack.activityStoppedLocked:1252 com.android.server.am.ActivityManagerService.activityStopped:6903 
06-05 21:21:25.479 I/System.out( 9546): URI: //map
06-05 21:21:25.479 I/System.out( 9546): params: {json={"query":"* {text CONTAINS[c] 'No chart for this statistic (yet!)'}","operation":{"method_name":"query","arguments":[]}}
06-05 21:21:25.479 I/System.out( 9546): }
06-05 21:21:25.487 V/PhoneStatusBar( 1711): setLightsOn(true)
06-05 21:21:25.529 V/PhoneStatusBar( 1711): setLightsOn(true)
06-05 21:21:25.547 V/PhoneStatusBar( 1711): setLightsOn(true)
06-05 21:21:25.574 D/gralloc_ranchu( 1347): gralloc_alloc: Creating ashmem region of size 327680
06-05 21:21:25.591 V/PhoneStatusBar( 1711): setLightsOn(true)
06-05 21:21:25.614 V/PhoneStatusBar( 1711): setLightsOn(true)
06-05 21:21:25.909 I/System.out( 9546): URI: //map
06-05 21:21:25.909 I/System.out( 9546): params: {json={"query":"* {text CONTAINS[c] 'No chart for this statistic (yet!)'}","operation":{"method_name":"query","arguments":[]}}
06-05 21:21:25.909 I/System.out( 9546): }
