--------- beginning of main
06-05 12:37:17.459 D/AndroidRuntime(14203): >>>>>> START com.android.internal.os.RuntimeInit uid 2000 <<<<<<
06-05 12:37:17.460 D/AndroidRuntime(14203): CheckJNI is ON
06-05 12:37:17.470 W/art     (14203): Unexpected CPU variant for X86 using defaults: x86
06-05 12:37:17.472 D/ICU     (14203): No timezone override file found: /data/misc/zoneinfo/current/icu/icu_tzdata.dat
06-05 12:37:17.478 E/memtrack(14203): Couldn't load memtrack module (No such file or directory)
06-05 12:37:17.478 E/android.os.Debug(14203): failed to load memtrack module: -2
06-05 12:37:17.479 I/Radio-JNI(14203): register_android_hardware_Radio DONE
06-05 12:37:17.482 D/AndroidRuntime(14203): Calling main entry com.android.commands.am.Am
--------- beginning of system
06-05 12:37:17.484 I/ActivityManager( 1659): Force stopping com.evancharlton.mileage appid=10082 user=0: start instr
06-05 12:37:17.486 I/art     (14213): Not late-enabling -Xcheck:jni (already on)
06-05 12:37:17.486 W/art     (14213): Unexpected CPU variant for X86 using defaults: x86
06-05 12:37:17.494 I/ActivityManager( 1659): Start proc 14213:com.evancharlton.mileage/u0a82 for added application com.evancharlton.mileage
06-05 12:37:17.495 D/AndroidRuntime(14203): Shutting down VM
06-05 12:37:17.510 W/System  (14213): ClassLoader referenced unknown path: /data/app/com.evancharlton.mileage.test-1/lib/x86
06-05 12:37:17.510 W/System  (14213): ClassLoader referenced unknown path: /data/app/com.evancharlton.mileage-1/lib/x86
06-05 12:37:17.515 W/System  (14213): ClassLoader referenced unknown path: 
06-05 12:37:17.523 I/System.out(14213): Main activity name automatically set to: com.evancharlton.mileage.Mileage
06-05 12:37:17.523 I/System.out(14213): Calabash did not load Mono. This is only a problem if you are trying to test a Mono application
06-05 12:37:17.523 I/calabash(14213): Test server port: 7102
06-05 12:37:17.524 I/InstrumentationBackend(14213): Added:'GetPreferences', with key:'get_preferences'
06-05 12:37:17.536 I/InstrumentationBackend(14213): Added:'SetPreferences', with key:'set_preferences'
06-05 12:37:17.536 I/InstrumentationBackend(14213): Added:'ClearPreferences', with key:'clear_preferences'
06-05 12:37:17.536 I/InstrumentationBackend(14213): Added:'PressElement', with key:'press_l10n_element'
06-05 12:37:17.536 I/InstrumentationBackend(14213): Added:'WaitForElement', with key:'wait_for_l10n_element'
06-05 12:37:17.536 I/InstrumentationBackend(14213): Added:'NullAction', with key:'nullAction'
06-05 12:37:17.536 I/InstrumentationBackend(14213): Added:'PressKey', with key:'press_key'
06-05 12:37:17.537 I/InstrumentationBackend(14213): Added:'SetActivityOrientation', with key:'set_activity_orientation'
06-05 12:37:17.537 I/InstrumentationBackend(14213): Added:'GetActivityOrientation', with key:'get_activity_orientation'
06-05 12:37:17.537 I/InstrumentationBackend(14213): Added:'FakeGPSLocation', with key:'set_gps_coordinates'
06-05 12:37:17.537 I/InstrumentationBackend(14213): Added:'SetPropertyByCssSelector', with key:'set_property_by_css_selector'
06-05 12:37:17.537 I/InstrumentationBackend(14213): Added:'GetUrl', with key:'get_url'
06-05 12:37:17.537 I/InstrumentationBackend(14213): Added:'ScrollTo', with key:'scroll_to'
06-05 12:37:17.537 I/InstrumentationBackend(14213): Added:'GetLoadProgress', with key:'get_load_progress'
06-05 12:37:17.537 I/InstrumentationBackend(14213): Added:'DumpHtml', with key:'dump_html'
06-05 12:37:17.538 I/InstrumentationBackend(14213): Added:'DumpBodyHtml', with key:'dump_body_html'
06-05 12:37:17.538 I/InstrumentationBackend(14213): Added:'EnterTextByCssSelector', with key:'enter_text_by_selector'
06-05 12:37:17.538 I/InstrumentationBackend(14213): Added:'AndroidSDKVersion', with key:'android_sdk_version'
06-05 12:37:17.538 I/InstrumentationBackend(14213): Added:'Version', with key:'version'
06-05 12:37:17.538 I/InstrumentationBackend(14213): Added:'Drag', with key:'drag'
06-05 12:37:17.538 I/InstrumentationBackend(14213): Added:'TouchCoordinates', with key:'touch_coordinate'
06-05 12:37:17.538 I/InstrumentationBackend(14213): Added:'LongPressCoordinate', with key:'long_press_coordinate'
06-05 12:37:17.538 I/InstrumentationBackend(14213): Added:'DragCoordinates', with key:'drag_coordinates'
06-05 12:37:17.539 I/InstrumentationBackend(14213): Added:'ResumeApplication', with key:'resume_application'
06-05 12:37:17.539 I/InstrumentationBackend(14213): Added:'Swipe', with key:'swipe'
06-05 12:37:17.539 I/InstrumentationBackend(14213): Added:'DoubleTapCoordinate', with key:'double_tap_coordinate'
06-05 12:37:17.539 I/InstrumentationBackend(14213): Added:'ClickOnScreen', with key:'click_on_screen'
06-05 12:37:17.539 I/InstrumentationBackend(14213): Added:'GetActivityName', with key:'get_activity_name'
06-05 12:37:17.539 I/InstrumentationBackend(14213): Added:'ScrollToView', with key:'scroll_to_view'
06-05 12:37:17.539 I/InstrumentationBackend(14213): Added:'ViewConfiguration', with key:'view_configuration'
06-05 12:37:17.539 I/InstrumentationBackend(14213): Added:'IsCurrentActivityFocused', with key:'is_current_activity_focused'
06-05 12:37:17.539 I/InstrumentationBackend(14213): Added:'SendTcp', with key:'send_tcp'
06-05 12:37:17.539 I/InstrumentationBackend(14213): Added:'DpToDevicePixel', with key:'dp_to_device_pixel'
06-05 12:37:17.539 I/InstrumentationBackend(14213): Added:'KeyboardEnterText', with key:'keyboard_enter_text'
06-05 12:37:17.539 I/InstrumentationBackend(14213): Added:'DeleteSurroundingText', with key:'delete_surrounding_text'
06-05 12:37:17.539 I/InstrumentationBackend(14213): Added:'SetComposingRegion', with key:'set_composing_region'
06-05 12:37:17.539 I/InstrumentationBackend(14213): Added:'SetSelection', with key:'set_selection'
06-05 12:37:17.539 I/InstrumentationBackend(14213): Added:'KeyboardKeyEvent', with key:'keyboard_key_event'
06-05 12:37:17.539 I/InstrumentationBackend(14213): Added:'PressUserActionButton', with key:'press_user_action_button'
06-05 12:37:17.540 I/InstrumentationBackend(14213): Added:'HideSoftKeyboard', with key:'hide_soft_keyboard'
06-05 12:37:17.540 I/InstrumentationBackend(14213): Added:'ListActions', with key:'list_actions'
06-05 12:37:17.540 I/calabash(14213): Instantiating http server at 7102
06-05 12:37:17.540 I/System.out(14213): HTTP Daemon listening on: 7102
06-05 12:37:17.563 W/OpenGLRenderer( 2389): Incorrectly called buildLayer on View: ShortcutAndWidgetContainer, destroying layer...
06-05 12:37:17.621 I/System.out(14213): URI: //ping
06-05 12:37:17.621 I/System.out(14213): params: {json={}
06-05 12:37:17.621 I/System.out(14213): }
06-05 12:37:17.628 I/System.out(14213): URI: //ping
06-05 12:37:17.628 I/System.out(14213): params: {json={}
06-05 12:37:17.628 I/System.out(14213): }
06-05 12:37:17.633 I/System.out(14213): URI: //ready
06-05 12:37:17.633 I/System.out(14213): params: {json={}
06-05 12:37:17.634 I/System.out(14213): }
06-05 12:37:17.639 I/System.out(14213): URI: //
06-05 12:37:17.640 I/System.out(14213): params: {json={"command":"version","arguments":[]}
06-05 12:37:17.640 I/System.out(14213): }
06-05 12:37:17.640 I/System.out(14213): header: {content-type=application/json;charset=utf-8, date=Fri, 05 Jun 2020 17:37:18 GMT, accept=*/*, host=127.0.0.1:34782, content-length=36, user-agent=HTTPClient/1.0 (2.8.3, ruby 2.5.1 (2018-03-29))}
06-05 12:37:17.640 I/System.out(14213): params: {json={"command":"version","arguments":[]}
06-05 12:37:17.640 I/System.out(14213): }
06-05 12:37:17.640 I/System.out(14213): ProP json = {"command":"version","arguments":[]}
06-05 12:37:17.640 I/System.out(14213): files: {}
06-05 12:37:17.640 I/System.out(14213): command: {"command":"version","arguments":[]}
06-05 12:37:17.650 I/InstrumentationBackend(14213): Got command:'Command:'Line:null,version', arguments:'[]'
06-05 12:37:17.669 I/System.out(14213): result:{"bonusInformation":[],"message":"0.9.8","success":true}
06-05 12:37:17.674 I/System.out(14213): URI: //start-application
06-05 12:37:17.674 I/System.out(14213): params: {json={"intent":null}
06-05 12:37:17.674 I/System.out(14213): }
06-05 12:37:17.687 I/ActivityManager( 1659): START u0 {act=android.intent.action.MAIN cat=[android.intent.category.LAUNCHER] flg=0x10200000 cmp=com.evancharlton.mileage/.Mileage} from uid 10082 on display 0
06-05 12:37:17.692 I/calabash(14213): newActivity1
06-05 12:37:17.700 I/calabash(14213): newActivity1
06-05 12:37:17.701 W/ActivityManager( 1659): Bad activity token: android.os.BinderProxy@a6be2e0
06-05 12:37:17.701 W/ActivityManager( 1659): java.lang.ClassCastException: android.os.BinderProxy cannot be cast to com.android.server.am.ActivityRecord$Token
06-05 12:37:17.701 W/ActivityManager( 1659): 	at com.android.server.am.ActivityRecord.forTokenLocked(ActivityRecord.java:586)
06-05 12:37:17.701 W/ActivityManager( 1659): 	at com.android.server.am.ActivityRecord.isInStackLocked(ActivityRecord.java:1327)
06-05 12:37:17.701 W/ActivityManager( 1659): 	at com.android.server.am.ActivityRecord.getStackLocked(ActivityRecord.java:1332)
06-05 12:37:17.701 W/ActivityManager( 1659): 	at com.android.server.am.ActivityManagerService.getActivityDisplayId(ActivityManagerService.java:9806)
06-05 12:37:17.701 W/ActivityManager( 1659): 	at android.app.ActivityManagerNative.onTransact(ActivityManagerNative.java:2566)
06-05 12:37:17.701 W/ActivityManager( 1659): 	at com.android.server.am.ActivityManagerService.onTransact(ActivityManagerService.java:2757)
06-05 12:37:17.701 W/ActivityManager( 1659): 	at android.os.Binder.execTransact(Binder.java:565)
06-05 12:37:17.702 W/ActivityManager( 1659): Bad activity token: android.os.BinderProxy@a6be2e0
06-05 12:37:17.702 W/ActivityManager( 1659): java.lang.ClassCastException: android.os.BinderProxy cannot be cast to com.android.server.am.ActivityRecord$Token
06-05 12:37:17.702 W/ActivityManager( 1659): 	at com.android.server.am.ActivityRecord.forTokenLocked(ActivityRecord.java:586)
06-05 12:37:17.702 W/ActivityManager( 1659): 	at com.android.server.am.ActivityRecord.isInStackLocked(ActivityRecord.java:1327)
06-05 12:37:17.702 W/ActivityManager( 1659): 	at com.android.server.am.ActivityManagerService.setTaskDescription(ActivityManagerService.java:9358)
06-05 12:37:17.702 W/ActivityManager( 1659): 	at android.app.ActivityManagerNative.onTransact(ActivityManagerNative.java:2639)
06-05 12:37:17.702 W/ActivityManager( 1659): 	at com.android.server.am.ActivityManagerService.onTransact(ActivityManagerService.java:2757)
06-05 12:37:17.702 W/ActivityManager( 1659): 	at android.os.Binder.execTransact(Binder.java:565)
06-05 12:37:17.702 W/ActivityManager( 1659): Bad activity token: android.os.BinderProxy@a6be2e0
06-05 12:37:17.702 W/ActivityManager( 1659): java.lang.ClassCastException: android.os.BinderProxy cannot be cast to com.android.server.am.ActivityRecord$Token
06-05 12:37:17.702 W/ActivityManager( 1659): 	at com.android.server.am.ActivityRecord.forTokenLocked(ActivityRecord.java:586)
06-05 12:37:17.702 W/ActivityManager( 1659): 	at com.android.server.am.ActivityRecord.isInStackLocked(ActivityRecord.java:1327)
06-05 12:37:17.702 W/ActivityManager( 1659): 	at com.android.server.am.ActivityRecord.getStackLocked(ActivityRecord.java:1332)
06-05 12:37:17.702 W/ActivityManager( 1659): 	at com.android.server.am.ActivityManagerService.getActivityStackId(ActivityManagerService.java:9817)
06-05 12:37:17.702 W/ActivityManager( 1659): 	at android.app.ActivityManagerNative.onTransact(ActivityManagerNative.java:2856)
06-05 12:37:17.702 W/ActivityManager( 1659): 	at com.android.server.am.ActivityManagerService.onTransact(ActivityManagerService.java:2757)
06-05 12:37:17.702 W/ActivityManager( 1659): 	at android.os.Binder.execTransact(Binder.java:565)
06-05 12:37:17.714 D/gralloc_ranchu( 1352): gralloc_alloc: Creating ashmem region of size 9023488
06-05 12:37:17.716 W/ActivityManager( 1659): Bad activity token: android.os.BinderProxy@a6be2e0
06-05 12:37:17.716 W/ActivityManager( 1659): java.lang.ClassCastException: android.os.BinderProxy cannot be cast to com.android.server.am.ActivityRecord$Token
06-05 12:37:17.716 W/ActivityManager( 1659): 	at com.android.server.am.ActivityRecord.forTokenLocked(ActivityRecord.java:586)
06-05 12:37:17.716 W/ActivityManager( 1659): 	at com.android.server.am.ActivityRecord.isInStackLocked(ActivityRecord.java:1327)
06-05 12:37:17.716 W/ActivityManager( 1659): 	at com.android.server.am.ActivityManagerService.getActivityOptions(ActivityManagerService.java:12559)
06-05 12:37:17.716 W/ActivityManager( 1659): 	at android.app.ActivityManagerNative.onTransact(ActivityManagerNative.java:1933)
06-05 12:37:17.716 W/ActivityManager( 1659): 	at com.android.server.am.ActivityManagerService.onTransact(ActivityManagerService.java:2757)
06-05 12:37:17.716 W/ActivityManager( 1659): 	at android.os.Binder.execTransact(Binder.java:565)
06-05 12:37:17.716 W/ActivityManager( 1659): Bad activity token: android.os.BinderProxy@a6be2e0
06-05 12:37:17.716 W/ActivityManager( 1659): java.lang.ClassCastException: android.os.BinderProxy cannot be cast to com.android.server.am.ActivityRecord$Token
06-05 12:37:17.716 W/ActivityManager( 1659): 	at com.android.server.am.ActivityRecord.forTokenLocked(ActivityRecord.java:586)
06-05 12:37:17.716 W/ActivityManager( 1659): 	at com.android.server.am.ActivityRecord.isInStackLocked(ActivityRecord.java:1327)
06-05 12:37:17.716 W/ActivityManager( 1659): 	at com.android.server.am.ActivityManagerService.getActivityOptions(ActivityManagerService.java:12559)
06-05 12:37:17.716 W/ActivityManager( 1659): 	at android.app.ActivityManagerNative.onTransact(ActivityManagerNative.java:1933)
06-05 12:37:17.716 W/ActivityManager( 1659): 	at com.android.server.am.ActivityManagerService.onTransact(ActivityManagerService.java:2757)
06-05 12:37:17.716 W/ActivityManager( 1659): 	at android.os.Binder.execTransact(Binder.java:565)
06-05 12:37:17.735 V/PhoneStatusBar( 1792): setLightsOn(true)
06-05 12:37:17.747 D/EGL_emulation( 1792): eglMakeCurrent: 0x992abea0: ver 2 0 (tinfo 0xa5a6f110)
06-05 12:37:17.747 V/PhoneStatusBar( 1792): setLightsOn(true)
06-05 12:37:17.748 V/PhoneStatusBar( 1792): setLightsOn(true)
06-05 12:37:17.749 D/gralloc_ranchu( 1352): gralloc_alloc: Creating ashmem region of size 9023488
06-05 12:37:17.749 V/PhoneStatusBar( 1792): setLightsOn(true)
06-05 12:37:17.753 D/        (14213): HostConnection::get() New Host Connection established 0x99f2a4c0, tid 14213
06-05 12:37:17.777 D/EGL_emulation( 1792): eglMakeCurrent: 0x992abea0: ver 2 0 (tinfo 0xa5a6f110)
06-05 12:37:17.778 D/EGL_emulation( 2389): eglMakeCurrent: 0xb1284ec0: ver 2 0 (tinfo 0x98c170c0)
06-05 12:37:17.780 D/EGL_emulation( 1792): eglMakeCurrent: 0x992abea0: ver 2 0 (tinfo 0xa5a6f110)
06-05 12:37:17.782 D/EGL_emulation( 1792): eglMakeCurrent: 0x992abea0: ver 2 0 (tinfo 0xa5a6f110)
06-05 12:37:17.783 D/EGL_emulation( 1792): eglMakeCurrent: 0x992abea0: ver 2 0 (tinfo 0xa5a6f110)
06-05 12:37:17.792 I/ActivityManager( 1659): Displayed com.evancharlton.mileage/.Mileage: +102ms
06-05 12:37:17.796 D/gralloc_ranchu( 1352): gralloc_alloc: Creating ashmem region of size 9023488
06-05 12:37:17.802 D/EGL_emulation( 1792): eglMakeCurrent: 0x992abea0: ver 2 0 (tinfo 0xa5a6f110)
06-05 12:37:17.809 D/EGL_emulation( 1792): eglMakeCurrent: 0x992abea0: ver 2 0 (tinfo 0xa5a6f110)
06-05 12:37:17.818 D/EGL_emulation( 1792): eglMakeCurrent: 0x992abea0: ver 2 0 (tinfo 0xa5a6f110)
06-05 12:37:17.821 D/EGL_emulation( 1792): eglMakeCurrent: 0x992abea0: ver 2 0 (tinfo 0xa5a6f110)
06-05 12:37:17.821 V/PhoneStatusBar( 1792): setLightsOn(true)
06-05 12:37:17.832 D/EGL_emulation( 1792): eglMakeCurrent: 0x992abea0: ver 2 0 (tinfo 0xa5a6f110)
06-05 12:37:17.833 D/EGL_emulation( 1792): eglMakeCurrent: 0x992abea0: ver 2 0 (tinfo 0xa5a6f110)
06-05 12:37:17.838 I/System.out(14213): URI: //map
06-05 12:37:17.838 I/System.out(14213): params: {json={"query":"* marked:'Statistics'","operation":{"method_name":"query","arguments":[]}}
06-05 12:37:17.838 I/System.out(14213): }
06-05 12:37:17.847 D/EGL_emulation( 1792): eglMakeCurrent: 0x992abea0: ver 2 0 (tinfo 0xa5a6f110)
06-05 12:37:17.848 D/EGL_emulation( 1792): eglMakeCurrent: 0x992abea0: ver 2 0 (tinfo 0xa5a6f110)
06-05 12:37:17.849 W/ResourceType(14213): No package identifier when getting name for resource number 0x00000001
06-05 12:37:17.860 I/System.out(14213): URI: //gesture
06-05 12:37:17.860 I/System.out(14213): params: {json={"query_timeout":5.0,"gestures":[{"query_string":"* marked:'Statistics'","touches":[{"x":50,"y":50,"offset_x":0,"offset_y":0,"wait":0.0,"time":0.2,"release":true,"query_string":null}]}]}
06-05 12:37:17.860 I/System.out(14213): }
06-05 12:37:17.863 D/EGL_emulation( 1792): eglMakeCurrent: 0x992abea0: ver 2 0 (tinfo 0xa5a6f110)
06-05 12:37:17.865 D/EGL_emulation( 1792): eglMakeCurrent: 0x992abea0: ver 2 0 (tinfo 0xa5a6f110)
06-05 12:37:17.865 W/ResourceType(14213): No package identifier when getting name for resource number 0x00000001
06-05 12:37:17.892 D/EGL_emulation( 1792): eglMakeCurrent: 0x992abea0: ver 2 0 (tinfo 0xa5a6f110)
06-05 12:37:17.901 D/EGL_emulation( 1792): eglMakeCurrent: 0x992abea0: ver 2 0 (tinfo 0xa5a6f110)
06-05 12:37:17.925 D/EGL_emulation( 1792): eglMakeCurrent: 0x992abea0: ver 2 0 (tinfo 0xa5a6f110)
06-05 12:37:17.935 D/EGL_emulation( 1792): eglMakeCurrent: 0x992abea0: ver 2 0 (tinfo 0xa5a6f110)
06-05 12:37:17.938 D/EGL_emulation( 1792): eglMakeCurrent: 0x992abea0: ver 2 0 (tinfo 0xa5a6f110)
06-05 12:37:17.941 D/EGL_emulation( 1792): eglMakeCurrent: 0x992abea0: ver 2 0 (tinfo 0xa5a6f110)
06-05 12:37:17.947 D/EGL_emulation( 1792): eglMakeCurrent: 0x992abea0: ver 2 0 (tinfo 0xa5a6f110)
06-05 12:37:17.950 D/EGL_emulation( 1792): eglMakeCurrent: 0x992abea0: ver 2 0 (tinfo 0xa5a6f110)
06-05 12:37:17.964 D/EGL_emulation( 1792): eglMakeCurrent: 0x992abea0: ver 2 0 (tinfo 0xa5a6f110)
06-05 12:37:17.967 D/EGL_emulation( 1792): eglMakeCurrent: 0x992abea0: ver 2 0 (tinfo 0xa5a6f110)
06-05 12:37:17.981 I/WindowManager( 1659): Destroying surface Surface(name=Starting com.evancharlton.mileage) called by com.android.server.wm.WindowStateAnimator.destroySurface:2016 com.android.server.wm.WindowStateAnimator.destroySurfaceLocked:882 com.android.server.wm.WindowState.destroyOrSaveSurface:2100 com.android.server.wm.AppWindowToken.destroySurfaces:363 com.android.server.wm.WindowStateAnimator.finishExit:565 com.android.server.wm.WindowStateAnimator.stepAnimationLocked:491 com.android.server.wm.WindowAnimator.updateWindowsLocked:303 com.android.server.wm.WindowAnimator.animateLocked:704 
06-05 12:37:17.983 D/EGL_emulation( 1792): eglMakeCurrent: 0x992abea0: ver 2 0 (tinfo 0xa5a6f110)
06-05 12:37:17.986 V/PhoneStatusBar( 1792): setLightsOn(true)
06-05 12:37:18.014 V/PhoneStatusBar( 1792): setLightsOn(true)
06-05 12:37:18.102 I/calabash(14213): newActivity1
06-05 12:37:18.132 I/System.out(14213): URI: //map
06-05 12:37:18.133 I/System.out(14213): params: {json={"query":"* marked:'Maximum distance'","operation":{"method_name":"query","arguments":[]}}
06-05 12:37:18.133 I/System.out(14213): }
06-05 12:37:18.136 W/ActivityManager( 1659): Bad activity token: android.os.BinderProxy@304401a
06-05 12:37:18.136 W/ActivityManager( 1659): java.lang.ClassCastException: android.os.BinderProxy cannot be cast to com.android.server.am.ActivityRecord$Token
06-05 12:37:18.136 W/ActivityManager( 1659): 	at com.android.server.am.ActivityRecord.forTokenLocked(ActivityRecord.java:586)
06-05 12:37:18.136 W/ActivityManager( 1659): 	at com.android.server.am.ActivityRecord.isInStackLocked(ActivityRecord.java:1327)
06-05 12:37:18.136 W/ActivityManager( 1659): 	at com.android.server.am.ActivityRecord.getStackLocked(ActivityRecord.java:1332)
06-05 12:37:18.136 W/ActivityManager( 1659): 	at com.android.server.am.ActivityManagerService.getActivityDisplayId(ActivityManagerService.java:9806)
06-05 12:37:18.136 W/ActivityManager( 1659): 	at android.app.ActivityManagerNative.onTransact(ActivityManagerNative.java:2566)
06-05 12:37:18.136 W/ActivityManager( 1659): 	at com.android.server.am.ActivityManagerService.onTransact(ActivityManagerService.java:2757)
06-05 12:37:18.136 W/ActivityManager( 1659): 	at android.os.Binder.execTransact(Binder.java:565)
06-05 12:37:18.137 W/ActivityManager( 1659): Bad activity token: android.os.BinderProxy@304401a
06-05 12:37:18.137 W/ActivityManager( 1659): java.lang.ClassCastException: android.os.BinderProxy cannot be cast to com.android.server.am.ActivityRecord$Token
06-05 12:37:18.137 W/ActivityManager( 1659): 	at com.android.server.am.ActivityRecord.forTokenLocked(ActivityRecord.java:586)
06-05 12:37:18.137 W/ActivityManager( 1659): 	at com.android.server.am.ActivityRecord.isInStackLocked(ActivityRecord.java:1327)
06-05 12:37:18.137 W/ActivityManager( 1659): 	at com.android.server.am.ActivityManagerService.setTaskDescription(ActivityManagerService.java:9358)
06-05 12:37:18.137 W/ActivityManager( 1659): 	at android.app.ActivityManagerNative.onTransact(ActivityManagerNative.java:2639)
06-05 12:37:18.137 W/ActivityManager( 1659): 	at com.android.server.am.ActivityManagerService.onTransact(ActivityManagerService.java:2757)
06-05 12:37:18.137 W/ActivityManager( 1659): 	at android.os.Binder.execTransact(Binder.java:565)
06-05 12:37:18.138 W/ActivityManager( 1659): Bad activity token: android.os.BinderProxy@304401a
06-05 12:37:18.138 W/ActivityManager( 1659): java.lang.ClassCastException: android.os.BinderProxy cannot be cast to com.android.server.am.ActivityRecord$Token
06-05 12:37:18.138 W/ActivityManager( 1659): 	at com.android.server.am.ActivityRecord.forTokenLocked(ActivityRecord.java:586)
06-05 12:37:18.138 W/ActivityManager( 1659): 	at com.android.server.am.ActivityRecord.isInStackLocked(ActivityRecord.java:1327)
06-05 12:37:18.138 W/ActivityManager( 1659): 	at com.android.server.am.ActivityRecord.getStackLocked(ActivityRecord.java:1332)
06-05 12:37:18.138 W/ActivityManager( 1659): 	at com.android.server.am.ActivityManagerService.getActivityStackId(ActivityManagerService.java:9817)
06-05 12:37:18.138 W/ActivityManager( 1659): 	at android.app.ActivityManagerNative.onTransact(ActivityManagerNative.java:2856)
06-05 12:37:18.138 W/ActivityManager( 1659): 	at com.android.server.am.ActivityManagerService.onTransact(ActivityManagerService.java:2757)
06-05 12:37:18.138 W/ActivityManager( 1659): 	at android.os.Binder.execTransact(Binder.java:565)
06-05 12:37:18.144 D/VehicleStatisticsActivity(14213): Checking recalculation ...
06-05 12:37:18.145 D/VehicleStatisticsActivity(14213): Recalculating statistics
06-05 12:37:18.145 D/VehicleStatisticsTask(14213): Calculation starting...
06-05 12:37:18.145 D/VehicleStatisticsActivity(14213): Recalculation started!
06-05 12:37:18.146 D/AndroidRuntime(14213): Shutting down VM
--------- beginning of crash
06-05 12:37:18.146 E/AndroidRuntime(14213): FATAL EXCEPTION: main
06-05 12:37:18.146 E/AndroidRuntime(14213): Process: com.evancharlton.mileage, PID: 14213
06-05 12:37:18.146 E/AndroidRuntime(14213): java.lang.RuntimeException: Unable to start activity ComponentInfo{com.evancharlton.mileage/com.evancharlton.mileage.VehicleStatisticsActivity}: java.lang.NullPointerException: Attempt to invoke virtual method 'void android.widget.ListView.setAdapter(android.widget.ListAdapter)' on a null object reference
06-05 12:37:18.146 E/AndroidRuntime(14213): 	at android.app.ActivityThread.performLaunchActivity(ActivityThread.java:2646)
06-05 12:37:18.146 E/AndroidRuntime(14213): 	at android.app.ActivityThread.startActivityNow(ActivityThread.java:2446)
06-05 12:37:18.146 E/AndroidRuntime(14213): 	at android.app.LocalActivityManager.moveToState(LocalActivityManager.java:136)
06-05 12:37:18.146 E/AndroidRuntime(14213): 	at android.app.LocalActivityManager.startActivity(LocalActivityManager.java:348)
06-05 12:37:18.146 E/AndroidRuntime(14213): 	at android.widget.TabHost$IntentContentStrategy.getContentView(TabHost.java:724)
06-05 12:37:18.146 E/AndroidRuntime(14213): 	at android.widget.TabHost.setCurrentTab(TabHost.java:388)
06-05 12:37:18.146 E/AndroidRuntime(14213): 	at android.widget.TabHost$2.onTabSelectionChanged(TabHost.java:158)
06-05 12:37:18.146 E/AndroidRuntime(14213): 	at android.widget.TabWidget$TabClickListener.onClick(TabWidget.java:532)
06-05 12:37:18.146 E/AndroidRuntime(14213): 	at android.view.View.performClick(View.java:5610)
06-05 12:37:18.146 E/AndroidRuntime(14213): 	at android.view.View$PerformClick.run(View.java:22265)
06-05 12:37:18.146 E/AndroidRuntime(14213): 	at android.os.Handler.handleCallback(Handler.java:751)
06-05 12:37:18.146 E/AndroidRuntime(14213): 	at android.os.Handler.dispatchMessage(Handler.java:95)
06-05 12:37:18.146 E/AndroidRuntime(14213): 	at android.os.Looper.loop(Looper.java:154)
06-05 12:37:18.146 E/AndroidRuntime(14213): 	at android.app.ActivityThread.main(ActivityThread.java:6077)
06-05 12:37:18.146 E/AndroidRuntime(14213): 	at java.lang.reflect.Method.invoke(Native Method)
06-05 12:37:18.146 E/AndroidRuntime(14213): 	at com.android.internal.os.ZygoteInit$MethodAndArgsCaller.run(ZygoteInit.java:866)
06-05 12:37:18.146 E/AndroidRuntime(14213): 	at com.android.internal.os.ZygoteInit.main(ZygoteInit.java:756)
06-05 12:37:18.146 E/AndroidRuntime(14213): Caused by: java.lang.NullPointerException: Attempt to invoke virtual method 'void android.widget.ListView.setAdapter(android.widget.ListAdapter)' on a null object reference
06-05 12:37:18.146 E/AndroidRuntime(14213): 	at com.evancharlton.mileage.VehicleStatisticsActivity.setAdapter(VehicleStatisticsActivity.java:200)
06-05 12:37:18.146 E/AndroidRuntime(14213): 	at com.evancharlton.mileage.VehicleStatisticsActivity.recalculate(VehicleStatisticsActivity.java:175)
06-05 12:37:18.146 E/AndroidRuntime(14213): 	at com.evancharlton.mileage.VehicleStatisticsActivity.onCreate(VehicleStatisticsActivity.java:131)
06-05 12:37:18.146 E/AndroidRuntime(14213): 	at android.app.Activity.performCreate(Activity.java:6662)
06-05 12:37:18.146 E/AndroidRuntime(14213): 	at android.app.Instrumentation.callActivityOnCreate(Instrumentation.java:1118)
06-05 12:37:18.146 E/AndroidRuntime(14213): 	at android.app.ActivityThread.performLaunchActivity(ActivityThread.java:2599)
06-05 12:37:18.146 E/AndroidRuntime(14213): 	... 16 more
06-05 12:37:18.147 I/Process (14213): Sending signal. PID: 14213 SIG: 9
06-05 12:37:18.207 W/InputDispatcher( 1659): channel '7e052d1 com.evancharlton.mileage/com.evancharlton.mileage.Mileage (server)' ~ Consumer closed input channel or an error occurred.  events=0x9
06-05 12:37:18.207 E/InputDispatcher( 1659): channel '7e052d1 com.evancharlton.mileage/com.evancharlton.mileage.Mileage (server)' ~ Channel is unrecoverably broken and will be disposed!
06-05 12:37:18.208 I/ActivityManager( 1659): Process com.evancharlton.mileage (pid 14213) has died
06-05 12:37:18.208 D/ActivityManager( 1659): cleanUpApplicationRecord -- 14213
06-05 12:37:18.208 W/ActivityManager( 1659): Scheduling restart of crashed service com.evancharlton.mileage/.services.AutomaticBackupService in 1000ms
06-05 12:37:18.209 W/ActivityManager( 1659): Force removing ActivityRecord{a3fdcba u0 com.evancharlton.mileage/.Mileage t130}: app died, no saved state
06-05 12:37:18.213 I/WindowManager( 1659): WIN DEATH: Window{7e052d1 u0 com.evancharlton.mileage/com.evancharlton.mileage.Mileage}
06-05 12:37:18.213 W/InputDispatcher( 1659): Attempted to unregister already unregistered input channel '7e052d1 com.evancharlton.mileage/com.evancharlton.mileage.Mileage (server)'
06-05 12:37:18.213 I/WindowManager( 1659): Destroying surface Surface(name=com.evancharlton.mileage/com.evancharlton.mileage.Mileage) called by com.android.server.wm.WindowStateAnimator.destroySurface:2016 com.android.server.wm.WindowStateAnimator.destroySurfaceLocked:882 com.android.server.wm.WindowState.removeLocked:1456 com.android.server.wm.WindowManagerService.removeWindowInnerLocked:2484 com.android.server.wm.WindowManagerService.removeWindowLocked:2442 com.android.server.wm.WindowState$DeathRecipient.binderDied:1787 android.os.BinderProxy.sendDeathNotice:688 <bottom of call stack> 
06-05 12:37:18.219 W/ActivityManager( 1659): Crash of app com.evancharlton.mileage running instrumentation ComponentInfo{com.evancharlton.mileage.test/sh.calaba.instrumentationbackend.CalabashInstrumentationTestRunner}
06-05 12:37:18.219 I/ActivityManager( 1659): Force stopping com.evancharlton.mileage appid=10082 user=0: finished inst
06-05 12:37:18.220 I/ActivityManager( 1659):   Force stopping service ServiceRecord{21643e6 u0 com.evancharlton.mileage/.services.AutomaticBackupService}
06-05 12:37:18.230 V/PhoneStatusBar( 1792): setLightsOn(true)
06-05 12:37:18.265 D/EGL_emulation( 1792): eglMakeCurrent: 0x992abea0: ver 2 0 (tinfo 0xa5a6f110)
06-05 12:37:18.266 D/EGL_emulation( 2389): eglMakeCurrent: 0xb1284ec0: ver 2 0 (tinfo 0x98c170c0)
06-05 12:37:18.280 D/EGL_emulation( 1792): eglMakeCurrent: 0x992abea0: ver 2 0 (tinfo 0xa5a6f110)
06-05 12:37:18.282 D/EGL_emulation( 1792): eglMakeCurrent: 0x992abea0: ver 2 0 (tinfo 0xa5a6f110)
06-05 12:37:18.296 D/EGL_emulation( 1792): eglMakeCurrent: 0x992abea0: ver 2 0 (tinfo 0xa5a6f110)
06-05 12:37:18.298 D/EGL_emulation( 1792): eglMakeCurrent: 0x992abea0: ver 2 0 (tinfo 0xa5a6f110)
06-05 12:37:18.313 D/EGL_emulation( 1792): eglMakeCurrent: 0x992abea0: ver 2 0 (tinfo 0xa5a6f110)
06-05 12:37:18.315 D/EGL_emulation( 1792): eglMakeCurrent: 0x992abea0: ver 2 0 (tinfo 0xa5a6f110)
06-05 12:37:18.326 E/SurfaceFlinger( 1352): ro.sf.lcd_density must be defined as a build property
06-05 12:37:18.326 D/gralloc_ranchu( 1352): gralloc_alloc: Creating ashmem region of size 9592832
06-05 12:37:18.330 D/EGL_emulation( 1792): eglMakeCurrent: 0x992abea0: ver 2 0 (tinfo 0xa5a6f110)
06-05 12:37:18.330 D/        (14246): HostConnection::get() New Host Connection established 0xb061b2c0, tid 14246
06-05 12:37:18.334 E/EGL_emulation( 1352): tid 1352: eglCreateSyncKHR(1901): error 0x3004 (EGL_BAD_ATTRIBUTE)
06-05 12:37:18.335 D/EGL_emulation( 1792): eglMakeCurrent: 0x992abea0: ver 2 0 (tinfo 0xa5a6f110)
06-05 12:37:18.356 D/EGL_emulation( 1792): eglMakeCurrent: 0x992abea0: ver 2 0 (tinfo 0xa5a6f110)
06-05 12:37:18.359 D/EGL_emulation( 1792): eglMakeCurrent: 0x992abea0: ver 2 0 (tinfo 0xa5a6f110)
06-05 12:37:18.363 D/EGL_emulation( 1792): eglMakeCurrent: 0x992abea0: ver 2 0 (tinfo 0xa5a6f110)
06-05 12:37:18.364 D/EGL_emulation( 1792): eglMakeCurrent: 0x992abea0: ver 2 0 (tinfo 0xa5a6f110)
06-05 12:37:18.380 D/EGL_emulation( 1792): eglMakeCurrent: 0x992abea0: ver 2 0 (tinfo 0xa5a6f110)
06-05 12:37:18.381 D/EGL_emulation( 1792): eglMakeCurrent: 0x992abea0: ver 2 0 (tinfo 0xa5a6f110)
06-05 12:37:18.396 D/EGL_emulation( 1792): eglMakeCurrent: 0x992abea0: ver 2 0 (tinfo 0xa5a6f110)
06-05 12:37:18.397 D/EGL_emulation( 1792): eglMakeCurrent: 0x992abea0: ver 2 0 (tinfo 0xa5a6f110)
06-05 12:37:18.413 D/EGL_emulation( 1792): eglMakeCurrent: 0x992abea0: ver 2 0 (tinfo 0xa5a6f110)
06-05 12:37:18.416 D/EGL_emulation( 1792): eglMakeCurrent: 0x992abea0: ver 2 0 (tinfo 0xa5a6f110)
06-05 12:37:18.430 D/EGL_emulation( 1792): eglMakeCurrent: 0x992abea0: ver 2 0 (tinfo 0xa5a6f110)
06-05 12:37:18.431 D/EGL_emulation( 1792): eglMakeCurrent: 0x992abea0: ver 2 0 (tinfo 0xa5a6f110)
06-05 12:37:18.447 D/EGL_emulation( 1792): eglMakeCurrent: 0x992abea0: ver 2 0 (tinfo 0xa5a6f110)
