--------- beginning of main
06-05 15:49:48.544 D/EGL_emulation( 1712): eglMakeCurrent: 0xb4085540: ver 2 0 (tinfo 0xb4083740)
06-05 15:49:48.547 D/EGL_emulation( 2099): eglMakeCurrent: 0xb4085240: ver 2 0 (tinfo 0xb40832d0)
06-05 15:49:48.560 D/EGL_emulation( 1712): eglMakeCurrent: 0xb4085540: ver 2 0 (tinfo 0xb4083740)
06-05 15:49:48.563 D/EGL_emulation( 1712): eglMakeCurrent: 0xb4085540: ver 2 0 (tinfo 0xb4083740)
06-05 15:49:48.576 D/EGL_emulation( 1712): eglMakeCurrent: 0xb4085540: ver 2 0 (tinfo 0xb4083740)
06-05 15:49:48.578 D/EGL_emulation( 1712): eglMakeCurrent: 0xb4085540: ver 2 0 (tinfo 0xb4083740)
06-05 15:49:48.593 D/EGL_emulation( 1712): eglMakeCurrent: 0xb4085540: ver 2 0 (tinfo 0xb4083740)
06-05 15:49:48.595 D/EGL_emulation( 1712): eglMakeCurrent: 0xb4085540: ver 2 0 (tinfo 0xb4083740)
06-05 15:49:48.610 D/EGL_emulation( 1712): eglMakeCurrent: 0xb4085540: ver 2 0 (tinfo 0xb4083740)
06-05 15:49:48.611 D/EGL_emulation( 1712): eglMakeCurrent: 0xb4085540: ver 2 0 (tinfo 0xb4083740)
06-05 15:49:48.626 D/EGL_emulation( 1712): eglMakeCurrent: 0xb4085540: ver 2 0 (tinfo 0xb4083740)
06-05 15:49:48.628 D/EGL_emulation( 1712): eglMakeCurrent: 0xb4085540: ver 2 0 (tinfo 0xb4083740)
06-05 15:49:48.643 D/EGL_emulation( 1712): eglMakeCurrent: 0xb4085540: ver 2 0 (tinfo 0xb4083740)
06-05 15:49:48.645 D/EGL_emulation( 1712): eglMakeCurrent: 0xb4085540: ver 2 0 (tinfo 0xb4083740)
06-05 15:49:48.660 D/EGL_emulation( 1712): eglMakeCurrent: 0xb4085540: ver 2 0 (tinfo 0xb4083740)
06-05 15:49:48.661 D/EGL_emulation( 1712): eglMakeCurrent: 0xb4085540: ver 2 0 (tinfo 0xb4083740)
06-05 15:49:48.676 D/EGL_emulation( 1712): eglMakeCurrent: 0xb4085540: ver 2 0 (tinfo 0xb4083740)
06-05 15:49:48.679 D/EGL_emulation( 1712): eglMakeCurrent: 0xb4085540: ver 2 0 (tinfo 0xb4083740)
06-05 15:49:48.693 D/EGL_emulation( 1712): eglMakeCurrent: 0xb4085540: ver 2 0 (tinfo 0xb4083740)
06-05 15:49:48.695 D/EGL_emulation( 1712): eglMakeCurrent: 0xb4085540: ver 2 0 (tinfo 0xb4083740)
06-05 15:49:48.700 D/AndroidRuntime(17301): >>>>>> START com.android.internal.os.RuntimeInit uid 2000 <<<<<<
06-05 15:49:48.701 D/AndroidRuntime(17301): CheckJNI is ON
06-05 15:49:48.709 D/EGL_emulation( 1712): eglMakeCurrent: 0xb4085540: ver 2 0 (tinfo 0xb4083740)
06-05 15:49:48.711 D/EGL_emulation( 1712): eglMakeCurrent: 0xb4085540: ver 2 0 (tinfo 0xb4083740)
06-05 15:49:48.713 W/art     (17301): Unexpected CPU variant for X86 using defaults: x86
06-05 15:49:48.715 D/ICU     (17301): No timezone override file found: /data/misc/zoneinfo/current/icu/icu_tzdata.dat
06-05 15:49:48.724 E/memtrack(17301): Couldn't load memtrack module (No such file or directory)
06-05 15:49:48.724 E/android.os.Debug(17301): failed to load memtrack module: -2
06-05 15:49:48.725 I/Radio-JNI(17301): register_android_hardware_Radio DONE
06-05 15:49:48.727 D/EGL_emulation( 1712): eglMakeCurrent: 0xb4085540: ver 2 0 (tinfo 0xb4083740)
06-05 15:49:48.730 D/AndroidRuntime(17301): Calling main entry com.android.commands.am.Am
--------- beginning of system
06-05 15:49:48.731 I/ActivityManager( 1630): Force stopping com.evancharlton.mileage appid=10086 user=0: start instr
06-05 15:49:48.734 I/art     (17311): Not late-enabling -Xcheck:jni (already on)
06-05 15:49:48.734 W/art     (17311): Unexpected CPU variant for X86 using defaults: x86
06-05 15:49:48.742 I/ActivityManager( 1630): Start proc 17311:com.evancharlton.mileage/u0a86 for added application com.evancharlton.mileage
06-05 15:49:48.742 D/AndroidRuntime(17301): Shutting down VM
06-05 15:49:48.747 W/System  (17311): ClassLoader referenced unknown path: /data/app/com.evancharlton.mileage.test-1/lib/x86
06-05 15:49:48.747 W/System  (17311): ClassLoader referenced unknown path: /data/app/com.evancharlton.mileage-1/lib/x86
06-05 15:49:48.749 W/System  (17311): ClassLoader referenced unknown path: 
06-05 15:49:48.753 I/System.out(17311): Main activity name automatically set to: com.evancharlton.mileage.Mileage
06-05 15:49:48.754 I/System.out(17311): Calabash did not load Mono. This is only a problem if you are trying to test a Mono application
06-05 15:49:48.754 I/calabash(17311): Test server port: 7102
06-05 15:49:48.754 I/InstrumentationBackend(17311): Added:'GetPreferences', with key:'get_preferences'
06-05 15:49:48.758 I/InstrumentationBackend(17311): Added:'SetPreferences', with key:'set_preferences'
06-05 15:49:48.758 I/InstrumentationBackend(17311): Added:'ClearPreferences', with key:'clear_preferences'
06-05 15:49:48.758 I/InstrumentationBackend(17311): Added:'PressElement', with key:'press_l10n_element'
06-05 15:49:48.758 I/InstrumentationBackend(17311): Added:'WaitForElement', with key:'wait_for_l10n_element'
06-05 15:49:48.758 I/InstrumentationBackend(17311): Added:'NullAction', with key:'nullAction'
06-05 15:49:48.758 I/InstrumentationBackend(17311): Added:'PressKey', with key:'press_key'
06-05 15:49:48.758 I/InstrumentationBackend(17311): Added:'SetActivityOrientation', with key:'set_activity_orientation'
06-05 15:49:48.758 I/InstrumentationBackend(17311): Added:'GetActivityOrientation', with key:'get_activity_orientation'
06-05 15:49:48.758 I/InstrumentationBackend(17311): Added:'FakeGPSLocation', with key:'set_gps_coordinates'
06-05 15:49:48.759 I/InstrumentationBackend(17311): Added:'SetPropertyByCssSelector', with key:'set_property_by_css_selector'
06-05 15:49:48.759 I/InstrumentationBackend(17311): Added:'GetUrl', with key:'get_url'
06-05 15:49:48.759 I/InstrumentationBackend(17311): Added:'ScrollTo', with key:'scroll_to'
06-05 15:49:48.759 I/InstrumentationBackend(17311): Added:'GetLoadProgress', with key:'get_load_progress'
06-05 15:49:48.759 I/InstrumentationBackend(17311): Added:'DumpHtml', with key:'dump_html'
06-05 15:49:48.759 I/InstrumentationBackend(17311): Added:'DumpBodyHtml', with key:'dump_body_html'
06-05 15:49:48.759 I/InstrumentationBackend(17311): Added:'EnterTextByCssSelector', with key:'enter_text_by_selector'
06-05 15:49:48.760 I/InstrumentationBackend(17311): Added:'AndroidSDKVersion', with key:'android_sdk_version'
06-05 15:49:48.760 I/InstrumentationBackend(17311): Added:'Version', with key:'version'
06-05 15:49:48.760 I/InstrumentationBackend(17311): Added:'Drag', with key:'drag'
06-05 15:49:48.760 I/InstrumentationBackend(17311): Added:'TouchCoordinates', with key:'touch_coordinate'
06-05 15:49:48.760 I/InstrumentationBackend(17311): Added:'LongPressCoordinate', with key:'long_press_coordinate'
06-05 15:49:48.760 I/InstrumentationBackend(17311): Added:'DragCoordinates', with key:'drag_coordinates'
06-05 15:49:48.760 I/InstrumentationBackend(17311): Added:'ResumeApplication', with key:'resume_application'
06-05 15:49:48.760 I/InstrumentationBackend(17311): Added:'Swipe', with key:'swipe'
06-05 15:49:48.760 I/InstrumentationBackend(17311): Added:'DoubleTapCoordinate', with key:'double_tap_coordinate'
06-05 15:49:48.760 I/InstrumentationBackend(17311): Added:'ClickOnScreen', with key:'click_on_screen'
06-05 15:49:48.760 I/InstrumentationBackend(17311): Added:'GetActivityName', with key:'get_activity_name'
06-05 15:49:48.760 I/InstrumentationBackend(17311): Added:'ScrollToView', with key:'scroll_to_view'
06-05 15:49:48.760 I/InstrumentationBackend(17311): Added:'ViewConfiguration', with key:'view_configuration'
06-05 15:49:48.760 I/InstrumentationBackend(17311): Added:'IsCurrentActivityFocused', with key:'is_current_activity_focused'
06-05 15:49:48.760 I/InstrumentationBackend(17311): Added:'SendTcp', with key:'send_tcp'
06-05 15:49:48.760 I/InstrumentationBackend(17311): Added:'DpToDevicePixel', with key:'dp_to_device_pixel'
06-05 15:49:48.760 I/InstrumentationBackend(17311): Added:'KeyboardEnterText', with key:'keyboard_enter_text'
06-05 15:49:48.761 I/InstrumentationBackend(17311): Added:'DeleteSurroundingText', with key:'delete_surrounding_text'
06-05 15:49:48.761 I/InstrumentationBackend(17311): Added:'SetComposingRegion', with key:'set_composing_region'
06-05 15:49:48.761 I/InstrumentationBackend(17311): Added:'SetSelection', with key:'set_selection'
06-05 15:49:48.761 I/InstrumentationBackend(17311): Added:'KeyboardKeyEvent', with key:'keyboard_key_event'
06-05 15:49:48.761 I/InstrumentationBackend(17311): Added:'PressUserActionButton', with key:'press_user_action_button'
06-05 15:49:48.761 I/InstrumentationBackend(17311): Added:'HideSoftKeyboard', with key:'hide_soft_keyboard'
06-05 15:49:48.761 I/InstrumentationBackend(17311): Added:'ListActions', with key:'list_actions'
06-05 15:49:48.761 I/calabash(17311): Instantiating http server at 7102
06-05 15:49:48.762 I/System.out(17311): HTTP Daemon listening on: 7102
06-05 15:49:48.851 I/System.out(17311): URI: //ping
06-05 15:49:48.851 I/System.out(17311): params: {json={}
06-05 15:49:48.851 I/System.out(17311): }
06-05 15:49:48.855 I/System.out(17311): URI: //ping
06-05 15:49:48.855 I/System.out(17311): params: {json={}
06-05 15:49:48.855 I/System.out(17311): }
06-05 15:49:48.857 I/System.out(17311): URI: //ready
06-05 15:49:48.857 I/System.out(17311): params: {json={}
06-05 15:49:48.857 I/System.out(17311): }
06-05 15:49:48.860 I/System.out(17311): URI: //
06-05 15:49:48.860 I/System.out(17311): params: {json={"command":"version","arguments":[]}
06-05 15:49:48.860 I/System.out(17311): }
06-05 15:49:48.860 I/System.out(17311): header: {content-type=application/json;charset=utf-8, date=Fri, 05 Jun 2020 20:49:49 GMT, accept=*/*, host=127.0.0.1:34784, content-length=36, user-agent=HTTPClient/1.0 (2.8.3, ruby 2.5.1 (2018-03-29))}
06-05 15:49:48.860 I/System.out(17311): params: {json={"command":"version","arguments":[]}
06-05 15:49:48.860 I/System.out(17311): }
06-05 15:49:48.860 I/System.out(17311): ProP json = {"command":"version","arguments":[]}
06-05 15:49:48.860 I/System.out(17311): files: {}
06-05 15:49:48.860 I/System.out(17311): command: {"command":"version","arguments":[]}
06-05 15:49:48.864 I/InstrumentationBackend(17311): Got command:'Command:'Line:null,version', arguments:'[]'
06-05 15:49:48.876 I/System.out(17311): result:{"bonusInformation":[],"message":"0.9.8","success":true}
06-05 15:49:48.879 I/System.out(17311): URI: //start-application
06-05 15:49:48.880 I/System.out(17311): params: {json={"intent":null}
06-05 15:49:48.880 I/System.out(17311): }
06-05 15:49:48.894 I/ActivityManager( 1630): START u0 {act=android.intent.action.MAIN cat=[android.intent.category.LAUNCHER] flg=0x10200000 cmp=com.evancharlton.mileage/.Mileage} from uid 10086 on display 0
06-05 15:49:48.900 I/calabash(17311): newActivity1
06-05 15:49:48.914 I/calabash(17311): newActivity1
06-05 15:49:48.915 W/ActivityManager( 1630): Bad activity token: android.os.BinderProxy@2dc3907
06-05 15:49:48.915 W/ActivityManager( 1630): java.lang.ClassCastException: android.os.BinderProxy cannot be cast to com.android.server.am.ActivityRecord$Token
06-05 15:49:48.915 W/ActivityManager( 1630): 	at com.android.server.am.ActivityRecord.forTokenLocked(ActivityRecord.java:586)
06-05 15:49:48.915 W/ActivityManager( 1630): 	at com.android.server.am.ActivityRecord.isInStackLocked(ActivityRecord.java:1327)
06-05 15:49:48.915 W/ActivityManager( 1630): 	at com.android.server.am.ActivityRecord.getStackLocked(ActivityRecord.java:1332)
06-05 15:49:48.915 W/ActivityManager( 1630): 	at com.android.server.am.ActivityManagerService.getActivityDisplayId(ActivityManagerService.java:9806)
06-05 15:49:48.915 W/ActivityManager( 1630): 	at android.app.ActivityManagerNative.onTransact(ActivityManagerNative.java:2566)
06-05 15:49:48.915 W/ActivityManager( 1630): 	at com.android.server.am.ActivityManagerService.onTransact(ActivityManagerService.java:2757)
06-05 15:49:48.915 W/ActivityManager( 1630): 	at android.os.Binder.execTransact(Binder.java:565)
06-05 15:49:48.917 W/ActivityManager( 1630): Bad activity token: android.os.BinderProxy@2dc3907
06-05 15:49:48.917 W/ActivityManager( 1630): java.lang.ClassCastException: android.os.BinderProxy cannot be cast to com.android.server.am.ActivityRecord$Token
06-05 15:49:48.917 W/ActivityManager( 1630): 	at com.android.server.am.ActivityRecord.forTokenLocked(ActivityRecord.java:586)
06-05 15:49:48.917 W/ActivityManager( 1630): 	at com.android.server.am.ActivityRecord.isInStackLocked(ActivityRecord.java:1327)
06-05 15:49:48.917 W/ActivityManager( 1630): 	at com.android.server.am.ActivityManagerService.setTaskDescription(ActivityManagerService.java:9358)
06-05 15:49:48.917 W/ActivityManager( 1630): 	at android.app.ActivityManagerNative.onTransact(ActivityManagerNative.java:2639)
06-05 15:49:48.917 W/ActivityManager( 1630): 	at com.android.server.am.ActivityManagerService.onTransact(ActivityManagerService.java:2757)
06-05 15:49:48.917 W/ActivityManager( 1630): 	at android.os.Binder.execTransact(Binder.java:565)
06-05 15:49:48.917 W/ActivityManager( 1630): Bad activity token: android.os.BinderProxy@2dc3907
06-05 15:49:48.917 W/ActivityManager( 1630): java.lang.ClassCastException: android.os.BinderProxy cannot be cast to com.android.server.am.ActivityRecord$Token
06-05 15:49:48.917 W/ActivityManager( 1630): 	at com.android.server.am.ActivityRecord.forTokenLocked(ActivityRecord.java:586)
06-05 15:49:48.917 W/ActivityManager( 1630): 	at com.android.server.am.ActivityRecord.isInStackLocked(ActivityRecord.java:1327)
06-05 15:49:48.917 W/ActivityManager( 1630): 	at com.android.server.am.ActivityRecord.getStackLocked(ActivityRecord.java:1332)
06-05 15:49:48.917 W/ActivityManager( 1630): 	at com.android.server.am.ActivityManagerService.getActivityStackId(ActivityManagerService.java:9817)
06-05 15:49:48.917 W/ActivityManager( 1630): 	at android.app.ActivityManagerNative.onTransact(ActivityManagerNative.java:2856)
06-05 15:49:48.917 W/ActivityManager( 1630): 	at com.android.server.am.ActivityManagerService.onTransact(ActivityManagerService.java:2757)
06-05 15:49:48.917 W/ActivityManager( 1630): 	at android.os.Binder.execTransact(Binder.java:565)
06-05 15:49:48.928 D/gralloc_ranchu( 1346): gralloc_alloc: Creating ashmem region of size 9023488
06-05 15:49:48.947 W/ActivityManager( 1630): Bad activity token: android.os.BinderProxy@2dc3907
06-05 15:49:48.947 W/ActivityManager( 1630): java.lang.ClassCastException: android.os.BinderProxy cannot be cast to com.android.server.am.ActivityRecord$Token
06-05 15:49:48.947 W/ActivityManager( 1630): 	at com.android.server.am.ActivityRecord.forTokenLocked(ActivityRecord.java:586)
06-05 15:49:48.947 W/ActivityManager( 1630): 	at com.android.server.am.ActivityRecord.isInStackLocked(ActivityRecord.java:1327)
06-05 15:49:48.947 W/ActivityManager( 1630): 	at com.android.server.am.ActivityManagerService.getActivityOptions(ActivityManagerService.java:12559)
06-05 15:49:48.947 W/ActivityManager( 1630): 	at android.app.ActivityManagerNative.onTransact(ActivityManagerNative.java:1933)
06-05 15:49:48.947 W/ActivityManager( 1630): 	at com.android.server.am.ActivityManagerService.onTransact(ActivityManagerService.java:2757)
06-05 15:49:48.947 W/ActivityManager( 1630): 	at android.os.Binder.execTransact(Binder.java:565)
06-05 15:49:48.948 W/ActivityManager( 1630): Bad activity token: android.os.BinderProxy@2dc3907
06-05 15:49:48.948 W/ActivityManager( 1630): java.lang.ClassCastException: android.os.BinderProxy cannot be cast to com.android.server.am.ActivityRecord$Token
06-05 15:49:48.948 W/ActivityManager( 1630): 	at com.android.server.am.ActivityRecord.forTokenLocked(ActivityRecord.java:586)
06-05 15:49:48.948 W/ActivityManager( 1630): 	at com.android.server.am.ActivityRecord.isInStackLocked(ActivityRecord.java:1327)
06-05 15:49:48.948 W/ActivityManager( 1630): 	at com.android.server.am.ActivityManagerService.getActivityOptions(ActivityManagerService.java:12559)
06-05 15:49:48.948 W/ActivityManager( 1630): 	at android.app.ActivityManagerNative.onTransact(ActivityManagerNative.java:1933)
06-05 15:49:48.948 W/ActivityManager( 1630): 	at com.android.server.am.ActivityManagerService.onTransact(ActivityManagerService.java:2757)
06-05 15:49:48.948 W/ActivityManager( 1630): 	at android.os.Binder.execTransact(Binder.java:565)
06-05 15:49:48.970 V/PhoneStatusBar( 1712): setLightsOn(true)
06-05 15:49:48.977 D/EGL_emulation( 2099): eglMakeCurrent: 0xb4085240: ver 2 0 (tinfo 0xb40832d0)
06-05 15:49:48.979 D/EGL_emulation( 1712): eglMakeCurrent: 0xb4085540: ver 2 0 (tinfo 0xb4083740)
06-05 15:49:48.993 D/gralloc_ranchu( 1346): gralloc_alloc: Creating ashmem region of size 9023488
06-05 15:49:48.993 D/EGL_emulation( 1712): eglMakeCurrent: 0xb4085540: ver 2 0 (tinfo 0xb4083740)
06-05 15:49:48.998 D/        (17311): HostConnection::get() New Host Connection established 0xa4c7b540, tid 17311
06-05 15:49:48.999 D/EGL_emulation( 1712): eglMakeCurrent: 0xb4085540: ver 2 0 (tinfo 0xb4083740)
06-05 15:49:49.000 V/PhoneStatusBar( 1712): setLightsOn(true)
06-05 15:49:49.068 D/EGL_emulation( 1712): eglMakeCurrent: 0xb4085540: ver 2 0 (tinfo 0xb4083740)
06-05 15:49:49.071 D/EGL_emulation( 1712): eglMakeCurrent: 0xb4085540: ver 2 0 (tinfo 0xb4083740)
06-05 15:49:49.075 D/EGL_emulation( 1712): eglMakeCurrent: 0xb4085540: ver 2 0 (tinfo 0xb4083740)
06-05 15:49:49.077 D/EGL_emulation( 1712): eglMakeCurrent: 0xb4085540: ver 2 0 (tinfo 0xb4083740)
06-05 15:49:49.087 D/EGL_emulation( 1712): eglMakeCurrent: 0xb4085540: ver 2 0 (tinfo 0xb4083740)
06-05 15:49:49.093 D/EGL_emulation( 1712): eglMakeCurrent: 0xb4085540: ver 2 0 (tinfo 0xb4083740)
06-05 15:49:49.095 D/EGL_emulation( 1712): eglMakeCurrent: 0xb4085540: ver 2 0 (tinfo 0xb4083740)
06-05 15:49:49.110 D/EGL_emulation( 1712): eglMakeCurrent: 0xb4085540: ver 2 0 (tinfo 0xb4083740)
06-05 15:49:49.112 D/gralloc_ranchu( 1346): gralloc_alloc: Creating ashmem region of size 9023488
06-05 15:49:49.121 D/EGL_emulation( 1712): eglMakeCurrent: 0xb4085540: ver 2 0 (tinfo 0xb4083740)
06-05 15:49:49.127 I/ActivityManager( 1630): Displayed com.evancharlton.mileage/.Mileage: +229ms
06-05 15:49:49.133 D/EGL_emulation( 1712): eglMakeCurrent: 0xb4085540: ver 2 0 (tinfo 0xb4083740)
06-05 15:49:49.136 D/EGL_emulation( 1712): eglMakeCurrent: 0xb4085540: ver 2 0 (tinfo 0xb4083740)
06-05 15:49:49.151 D/EGL_emulation( 1712): eglMakeCurrent: 0xb4085540: ver 2 0 (tinfo 0xb4083740)
06-05 15:49:49.159 D/EGL_emulation( 1712): eglMakeCurrent: 0xb4085540: ver 2 0 (tinfo 0xb4083740)
06-05 15:49:49.161 D/EGL_emulation( 1712): eglMakeCurrent: 0xb4085540: ver 2 0 (tinfo 0xb4083740)
06-05 15:49:49.162 V/PhoneStatusBar( 1712): setLightsOn(true)
06-05 15:49:49.171 D/EGL_emulation( 1712): eglMakeCurrent: 0xb4085540: ver 2 0 (tinfo 0xb4083740)
06-05 15:49:49.177 D/EGL_emulation( 1712): eglMakeCurrent: 0xb4085540: ver 2 0 (tinfo 0xb4083740)
06-05 15:49:49.179 D/EGL_emulation( 1712): eglMakeCurrent: 0xb4085540: ver 2 0 (tinfo 0xb4083740)
06-05 15:49:49.185 I/System.out(17311): URI: //map
06-05 15:49:49.185 I/System.out(17311): params: {json={"query":"* marked:'Statistics'","operation":{"method_name":"query","arguments":[]}}
06-05 15:49:49.185 I/System.out(17311): }
06-05 15:49:49.207 W/ResourceType(17311): No package identifier when getting name for resource number 0x00000001
06-05 15:49:49.227 I/System.out(17311): URI: //gesture
06-05 15:49:49.227 I/System.out(17311): params: {json={"query_timeout":5.0,"gestures":[{"query_string":"* marked:'Statistics'","touches":[{"x":50,"y":50,"offset_x":0,"offset_y":0,"wait":0.0,"time":0.2,"release":true,"query_string":null}]}]}
06-05 15:49:49.227 I/System.out(17311): }
06-05 15:49:49.233 W/ResourceType(17311): No package identifier when getting name for resource number 0x00000001
06-05 15:49:49.327 I/WindowManager( 1630): Destroying surface Surface(name=Starting com.evancharlton.mileage) called by com.android.server.wm.WindowStateAnimator.destroySurface:2016 com.android.server.wm.WindowStateAnimator.destroySurfaceLocked:882 com.android.server.wm.WindowState.destroyOrSaveSurface:2100 com.android.server.wm.AppWindowToken.destroySurfaces:363 com.android.server.wm.WindowStateAnimator.finishExit:565 com.android.server.wm.WindowStateAnimator.stepAnimationLocked:491 com.android.server.wm.WindowAnimator.updateWindowsLocked:303 com.android.server.wm.WindowAnimator.animateLocked:704 
06-05 15:49:49.332 V/PhoneStatusBar( 1712): setLightsOn(true)
06-05 15:49:49.361 V/PhoneStatusBar( 1712): setLightsOn(true)
06-05 15:49:49.427 V/PhoneStatusBar( 1712): setLightsOn(true)
06-05 15:49:49.464 I/calabash(17311): newActivity1
06-05 15:49:49.487 I/System.out(17311): URI: //map
06-05 15:49:49.487 I/System.out(17311): params: {json={"query":"android.widget.ScrollView index:0","operation":{"method_name":"query","arguments":[]}}
06-05 15:49:49.487 I/System.out(17311): }
06-05 15:49:49.495 W/ActivityManager( 1630): Bad activity token: android.os.BinderProxy@b9e6acd
06-05 15:49:49.495 W/ActivityManager( 1630): java.lang.ClassCastException: android.os.BinderProxy cannot be cast to com.android.server.am.ActivityRecord$Token
06-05 15:49:49.495 W/ActivityManager( 1630): 	at com.android.server.am.ActivityRecord.forTokenLocked(ActivityRecord.java:586)
06-05 15:49:49.495 W/ActivityManager( 1630): 	at com.android.server.am.ActivityRecord.isInStackLocked(ActivityRecord.java:1327)
06-05 15:49:49.495 W/ActivityManager( 1630): 	at com.android.server.am.ActivityRecord.getStackLocked(ActivityRecord.java:1332)
06-05 15:49:49.495 W/ActivityManager( 1630): 	at com.android.server.am.ActivityManagerService.getActivityDisplayId(ActivityManagerService.java:9806)
06-05 15:49:49.495 W/ActivityManager( 1630): 	at android.app.ActivityManagerNative.onTransact(ActivityManagerNative.java:2566)
06-05 15:49:49.495 W/ActivityManager( 1630): 	at com.android.server.am.ActivityManagerService.onTransact(ActivityManagerService.java:2757)
06-05 15:49:49.495 W/ActivityManager( 1630): 	at android.os.Binder.execTransact(Binder.java:565)
06-05 15:49:49.497 W/ActivityManager( 1630): Bad activity token: android.os.BinderProxy@b9e6acd
06-05 15:49:49.497 W/ActivityManager( 1630): java.lang.ClassCastException: android.os.BinderProxy cannot be cast to com.android.server.am.ActivityRecord$Token
06-05 15:49:49.497 W/ActivityManager( 1630): 	at com.android.server.am.ActivityRecord.forTokenLocked(ActivityRecord.java:586)
06-05 15:49:49.497 W/ActivityManager( 1630): 	at com.android.server.am.ActivityRecord.isInStackLocked(ActivityRecord.java:1327)
06-05 15:49:49.497 W/ActivityManager( 1630): 	at com.android.server.am.ActivityManagerService.setTaskDescription(ActivityManagerService.java:9358)
06-05 15:49:49.497 W/ActivityManager( 1630): 	at android.app.ActivityManagerNative.onTransact(ActivityManagerNative.java:2639)
06-05 15:49:49.497 W/ActivityManager( 1630): 	at com.android.server.am.ActivityManagerService.onTransact(ActivityManagerService.java:2757)
06-05 15:49:49.497 W/ActivityManager( 1630): 	at android.os.Binder.execTransact(Binder.java:565)
06-05 15:49:49.498 W/ActivityManager( 1630): Bad activity token: android.os.BinderProxy@b9e6acd
06-05 15:49:49.498 W/ActivityManager( 1630): java.lang.ClassCastException: android.os.BinderProxy cannot be cast to com.android.server.am.ActivityRecord$Token
06-05 15:49:49.498 W/ActivityManager( 1630): 	at com.android.server.am.ActivityRecord.forTokenLocked(ActivityRecord.java:586)
06-05 15:49:49.498 W/ActivityManager( 1630): 	at com.android.server.am.ActivityRecord.isInStackLocked(ActivityRecord.java:1327)
06-05 15:49:49.498 W/ActivityManager( 1630): 	at com.android.server.am.ActivityRecord.getStackLocked(ActivityRecord.java:1332)
06-05 15:49:49.498 W/ActivityManager( 1630): 	at com.android.server.am.ActivityManagerService.getActivityStackId(ActivityManagerService.java:9817)
06-05 15:49:49.498 W/ActivityManager( 1630): 	at android.app.ActivityManagerNative.onTransact(ActivityManagerNative.java:2856)
06-05 15:49:49.498 W/ActivityManager( 1630): 	at com.android.server.am.ActivityManagerService.onTransact(ActivityManagerService.java:2757)
06-05 15:49:49.498 W/ActivityManager( 1630): 	at android.os.Binder.execTransact(Binder.java:565)
06-05 15:49:49.509 D/VehicleStatisticsActivity(17311): Checking recalculation ...
06-05 15:49:49.511 D/VehicleStatisticsActivity(17311): Recalculating statistics
06-05 15:49:49.511 D/VehicleStatisticsTask(17311): Calculation starting...
06-05 15:49:49.511 D/VehicleStatisticsActivity(17311): Recalculation started!
06-05 15:49:49.512 W/ResourceType(17311): No package identifier when getting value for resource number 0x00000000
06-05 15:49:49.513 D/AndroidRuntime(17311): Shutting down VM
--------- beginning of crash
06-05 15:49:49.514 E/AndroidRuntime(17311): FATAL EXCEPTION: main
06-05 15:49:49.514 E/AndroidRuntime(17311): Process: com.evancharlton.mileage, PID: 17311
06-05 15:49:49.514 E/AndroidRuntime(17311): java.lang.RuntimeException: Unable to start activity ComponentInfo{com.evancharlton.mileage/com.evancharlton.mileage.VehicleStatisticsActivity}: android.content.res.Resources$NotFoundException: String resource ID #0x0
06-05 15:49:49.514 E/AndroidRuntime(17311): 	at android.app.ActivityThread.performLaunchActivity(ActivityThread.java:2646)
06-05 15:49:49.514 E/AndroidRuntime(17311): 	at android.app.ActivityThread.startActivityNow(ActivityThread.java:2446)
06-05 15:49:49.514 E/AndroidRuntime(17311): 	at android.app.LocalActivityManager.moveToState(LocalActivityManager.java:136)
06-05 15:49:49.514 E/AndroidRuntime(17311): 	at android.app.LocalActivityManager.startActivity(LocalActivityManager.java:348)
06-05 15:49:49.514 E/AndroidRuntime(17311): 	at android.widget.TabHost$IntentContentStrategy.getContentView(TabHost.java:724)
06-05 15:49:49.514 E/AndroidRuntime(17311): 	at android.widget.TabHost.setCurrentTab(TabHost.java:388)
06-05 15:49:49.514 E/AndroidRuntime(17311): 	at android.widget.TabHost$2.onTabSelectionChanged(TabHost.java:158)
06-05 15:49:49.514 E/AndroidRuntime(17311): 	at android.widget.TabWidget$TabClickListener.onClick(TabWidget.java:532)
06-05 15:49:49.514 E/AndroidRuntime(17311): 	at android.view.View.performClick(View.java:5610)
06-05 15:49:49.514 E/AndroidRuntime(17311): 	at android.view.View$PerformClick.run(View.java:22265)
06-05 15:49:49.514 E/AndroidRuntime(17311): 	at android.os.Handler.handleCallback(Handler.java:751)
06-05 15:49:49.514 E/AndroidRuntime(17311): 	at android.os.Handler.dispatchMessage(Handler.java:95)
06-05 15:49:49.514 E/AndroidRuntime(17311): 	at android.os.Looper.loop(Looper.java:154)
06-05 15:49:49.514 E/AndroidRuntime(17311): 	at android.app.ActivityThread.main(ActivityThread.java:6077)
06-05 15:49:49.514 E/AndroidRuntime(17311): 	at java.lang.reflect.Method.invoke(Native Method)
06-05 15:49:49.514 E/AndroidRuntime(17311): 	at com.android.internal.os.ZygoteInit$MethodAndArgsCaller.run(ZygoteInit.java:866)
06-05 15:49:49.514 E/AndroidRuntime(17311): 	at com.android.internal.os.ZygoteInit.main(ZygoteInit.java:756)
06-05 15:49:49.514 E/AndroidRuntime(17311): Caused by: android.content.res.Resources$NotFoundException: String resource ID #0x0
06-05 15:49:49.514 E/AndroidRuntime(17311): 	at android.content.res.Resources.getText(Resources.java:331)
06-05 15:49:49.514 E/AndroidRuntime(17311): 	at android.content.res.Resources.getString(Resources.java:377)
06-05 15:49:49.514 E/AndroidRuntime(17311): 	at android.content.Context.getString(Context.java:476)
06-05 15:49:49.514 E/AndroidRuntime(17311): 	at com.evancharlton.mileage.provider.Statistic.getLabel(Statistic.java:37)
06-05 15:49:49.514 E/AndroidRuntime(17311): 	at com.evancharlton.mileage.adapters.VehicleStatisticsAdapter$StatisticHolder.<init>(VehicleStatisticsAdapter.java:203)
06-05 15:49:49.514 E/AndroidRuntime(17311): 	at com.evancharlton.mileage.adapters.VehicleStatisticsAdapter.<init>(VehicleStatisticsAdapter.java:50)
06-05 15:49:49.514 E/AndroidRuntime(17311): 	at com.evancharlton.mileage.VehicleStatisticsActivity.setAdapter(VehicleStatisticsActivity.java:197)
06-05 15:49:49.514 E/AndroidRuntime(17311): 	at com.evancharlton.mileage.VehicleStatisticsActivity.recalculate(VehicleStatisticsActivity.java:175)
06-05 15:49:49.514 E/AndroidRuntime(17311): 	at com.evancharlton.mileage.VehicleStatisticsActivity.onCreate(VehicleStatisticsActivity.java:131)
06-05 15:49:49.514 E/AndroidRuntime(17311): 	at android.app.Activity.performCreate(Activity.java:6662)
06-05 15:49:49.514 E/AndroidRuntime(17311): 	at android.app.Instrumentation.callActivityOnCreate(Instrumentation.java:1118)
06-05 15:49:49.514 E/AndroidRuntime(17311): 	at android.app.ActivityThread.performLaunchActivity(ActivityThread.java:2599)
06-05 15:49:49.514 E/AndroidRuntime(17311): 	... 16 more
06-05 15:49:49.515 I/Process (17311): Sending signal. PID: 17311 SIG: 9
06-05 15:49:49.553 I/ActivityManager( 1630): Process com.evancharlton.mileage (pid 17311) has died
06-05 15:49:49.553 D/ActivityManager( 1630): cleanUpApplicationRecord -- 17311
06-05 15:49:49.553 W/ActivityManager( 1630): Scheduling restart of crashed service com.evancharlton.mileage/.services.AutomaticBackupService in 1000ms
06-05 15:49:49.553 W/ActivityManager( 1630): Force removing ActivityRecord{4e1739c u0 com.evancharlton.mileage/.Mileage t283}: app died, no saved state
06-05 15:49:49.553 W/InputDispatcher( 1630): channel '5b6fbcc com.evancharlton.mileage/com.evancharlton.mileage.Mileage (server)' ~ Consumer closed input channel or an error occurred.  events=0x9
06-05 15:49:49.554 E/InputDispatcher( 1630): channel '5b6fbcc com.evancharlton.mileage/com.evancharlton.mileage.Mileage (server)' ~ Channel is unrecoverably broken and will be disposed!
06-05 15:49:49.559 I/WindowManager( 1630): WIN DEATH: Window{5b6fbcc u0 com.evancharlton.mileage/com.evancharlton.mileage.Mileage}
06-05 15:49:49.559 W/InputDispatcher( 1630): Attempted to unregister already unregistered input channel '5b6fbcc com.evancharlton.mileage/com.evancharlton.mileage.Mileage (server)'
06-05 15:49:49.560 I/WindowManager( 1630): Destroying surface Surface(name=com.evancharlton.mileage/com.evancharlton.mileage.Mileage) called by com.android.server.wm.WindowStateAnimator.destroySurface:2016 com.android.server.wm.WindowStateAnimator.destroySurfaceLocked:882 com.android.server.wm.WindowState.removeLocked:1456 com.android.server.wm.WindowManagerService.removeWindowInnerLocked:2484 com.android.server.wm.WindowManagerService.removeWindowLocked:2442 com.android.server.wm.WindowState$DeathRecipient.binderDied:1787 android.os.BinderProxy.sendDeathNotice:688 <bottom of call stack> 
