--------- beginning of main
06-05 19:59:27.361 V/PhoneStatusBar( 1711): setLightsOn(true)
06-05 19:59:27.362 V/PhoneStatusBar( 1711): setLightsOn(true)
06-05 19:59:27.370 D/gralloc_ranchu( 1348): gralloc_alloc: Creating ashmem region of size 3145728
06-05 19:59:27.374 E/EGL_emulation( 1348): tid 1348: eglCreateSyncKHR(1901): error 0x3004 (EGL_BAD_ATTRIBUTE)
--------- beginning of system
06-05 19:59:27.383 W/ActivityManager( 1629): Finishing task with all activities already finished
06-05 19:59:27.383 W/ActivityManager( 1629): Duplicate finish request for ActivityRecord{deb172e u0 com.evancharlton.mileage/.Mileage t4457 f}
06-05 19:59:27.383 W/ActivityManager( 1629): Finishing task with all activities already finished
06-05 19:59:27.383 W/ActivityManager( 1629): Duplicate finish request for ActivityRecord{deb172e u0 com.evancharlton.mileage/.Mileage t4457 f}
06-05 19:59:27.384 W/ActivityManager( 1629): Finishing task with all activities already finished
06-05 19:59:27.384 W/ActivityManager( 1629): Duplicate finish request for ActivityRecord{deb172e u0 com.evancharlton.mileage/.Mileage t4457 f}
06-05 19:59:27.384 W/ActivityManager( 1629): Finishing task with all activities already finished
06-05 19:59:27.384 W/ActivityManager( 1629): Duplicate finish request for ActivityRecord{deb172e u0 com.evancharlton.mileage/.Mileage t4457 f}
06-05 19:59:27.384 W/ActivityManager( 1629): Finishing task with all activities already finished
06-05 19:59:27.384 W/ActivityManager( 1629): Duplicate finish request for ActivityRecord{deb172e u0 com.evancharlton.mileage/.Mileage t4457 f}
06-05 19:59:27.409 D/EGL_emulation( 1711): eglMakeCurrent: 0x9f1709c0: ver 2 0 (tinfo 0xa0e61d00)
06-05 19:59:27.418 D/EGL_emulation( 1711): eglMakeCurrent: 0x9f1709c0: ver 2 0 (tinfo 0xa0e61d00)
06-05 19:59:27.419 D/EGL_emulation( 2147): eglMakeCurrent: 0xa3805360: ver 2 0 (tinfo 0xa3803630)
06-05 19:59:27.452 D/EGL_emulation( 1711): eglMakeCurrent: 0x9f1709c0: ver 2 0 (tinfo 0xa0e61d00)
06-05 19:59:27.468 D/EGL_emulation( 1711): eglMakeCurrent: 0x9f1709c0: ver 2 0 (tinfo 0xa0e61d00)
06-05 19:59:27.471 D/EGL_emulation( 1711): eglMakeCurrent: 0x9f1709c0: ver 2 0 (tinfo 0xa0e61d00)
06-05 19:59:27.485 D/EGL_emulation( 1711): eglMakeCurrent: 0x9f1709c0: ver 2 0 (tinfo 0xa0e61d00)
06-05 19:59:27.494 D/EGL_emulation( 1711): eglMakeCurrent: 0x9f1709c0: ver 2 0 (tinfo 0xa0e61d00)
06-05 19:59:27.500 D/AndroidRuntime(20362): >>>>>> START com.android.internal.os.RuntimeInit uid 2000 <<<<<<
06-05 19:59:27.501 D/AndroidRuntime(20362): CheckJNI is ON
06-05 19:59:27.501 D/EGL_emulation( 1711): eglMakeCurrent: 0x9f1709c0: ver 2 0 (tinfo 0xa0e61d00)
06-05 19:59:27.503 D/EGL_emulation( 1711): eglMakeCurrent: 0x9f1709c0: ver 2 0 (tinfo 0xa0e61d00)
06-05 19:59:27.512 W/art     (20362): Unexpected CPU variant for X86 using defaults: x86
06-05 19:59:27.514 D/ICU     (20362): No timezone override file found: /data/misc/zoneinfo/current/icu/icu_tzdata.dat
06-05 19:59:27.518 D/EGL_emulation( 1711): eglMakeCurrent: 0x9f1709c0: ver 2 0 (tinfo 0xa0e61d00)
06-05 19:59:27.520 D/EGL_emulation( 1711): eglMakeCurrent: 0x9f1709c0: ver 2 0 (tinfo 0xa0e61d00)
06-05 19:59:27.524 E/memtrack(20362): Couldn't load memtrack module (No such file or directory)
06-05 19:59:27.524 E/android.os.Debug(20362): failed to load memtrack module: -2
06-05 19:59:27.524 I/Radio-JNI(20362): register_android_hardware_Radio DONE
06-05 19:59:27.530 D/AndroidRuntime(20362): Calling main entry com.android.commands.am.Am
06-05 19:59:27.532 I/ActivityManager( 1629): Force stopping com.evancharlton.mileage appid=10196 user=0: start instr
06-05 19:59:27.532 I/ActivityManager( 1629): Killing 20313:com.evancharlton.mileage/u0a196 (adj 0): stop com.evancharlton.mileage
06-05 19:59:27.532 D/ActivityManager( 1629): cleanUpApplicationRecord -- 20313
06-05 19:59:27.532 W/ActivityManager( 1629): Crash of app com.evancharlton.mileage running instrumentation ComponentInfo{com.evancharlton.mileage.test/sh.calaba.instrumentationbackend.CalabashInstrumentationTestRunner}
06-05 19:59:27.533 I/ActivityManager( 1629): Force stopping com.evancharlton.mileage appid=10196 user=0: finished inst
06-05 19:59:27.535 D/EGL_emulation( 1711): eglMakeCurrent: 0x9f1709c0: ver 2 0 (tinfo 0xa0e61d00)
06-05 19:59:27.536 I/art     (20373): Not late-enabling -Xcheck:jni (already on)
06-05 19:59:27.536 W/art     (20373): Unexpected CPU variant for X86 using defaults: x86
06-05 19:59:27.537 D/EGL_emulation( 1711): eglMakeCurrent: 0x9f1709c0: ver 2 0 (tinfo 0xa0e61d00)
06-05 19:59:27.543 I/ActivityManager( 1629): Start proc 20373:com.evancharlton.mileage/u0a196 for added application com.evancharlton.mileage
06-05 19:59:27.544 D/AndroidRuntime(20362): Shutting down VM
06-05 19:59:27.549 W/System  (20373): ClassLoader referenced unknown path: /data/app/com.evancharlton.mileage.test-1/lib/x86
06-05 19:59:27.549 W/System  (20373): ClassLoader referenced unknown path: /data/app/com.evancharlton.mileage-1/lib/x86
06-05 19:59:27.552 W/System  (20373): ClassLoader referenced unknown path: 
06-05 19:59:27.553 D/EGL_emulation( 1711): eglMakeCurrent: 0x9f1709c0: ver 2 0 (tinfo 0xa0e61d00)
06-05 19:59:27.555 D/EGL_emulation( 1711): eglMakeCurrent: 0x9f1709c0: ver 2 0 (tinfo 0xa0e61d00)
06-05 19:59:27.559 I/System.out(20373): Main activity name automatically set to: com.evancharlton.mileage.Mileage
06-05 19:59:27.559 I/System.out(20373): Calabash did not load Mono. This is only a problem if you are trying to test a Mono application
06-05 19:59:27.559 I/calabash(20373): Test server port: 7102
06-05 19:59:27.560 I/InstrumentationBackend(20373): Added:'GetPreferences', with key:'get_preferences'
06-05 19:59:27.567 I/InstrumentationBackend(20373): Added:'SetPreferences', with key:'set_preferences'
06-05 19:59:27.567 I/InstrumentationBackend(20373): Added:'ClearPreferences', with key:'clear_preferences'
06-05 19:59:27.567 I/InstrumentationBackend(20373): Added:'PressElement', with key:'press_l10n_element'
06-05 19:59:27.567 I/InstrumentationBackend(20373): Added:'WaitForElement', with key:'wait_for_l10n_element'
06-05 19:59:27.567 I/InstrumentationBackend(20373): Added:'NullAction', with key:'nullAction'
06-05 19:59:27.567 I/InstrumentationBackend(20373): Added:'PressKey', with key:'press_key'
06-05 19:59:27.568 I/InstrumentationBackend(20373): Added:'SetActivityOrientation', with key:'set_activity_orientation'
06-05 19:59:27.568 I/InstrumentationBackend(20373): Added:'GetActivityOrientation', with key:'get_activity_orientation'
06-05 19:59:27.568 I/InstrumentationBackend(20373): Added:'FakeGPSLocation', with key:'set_gps_coordinates'
06-05 19:59:27.568 I/InstrumentationBackend(20373): Added:'SetPropertyByCssSelector', with key:'set_property_by_css_selector'
06-05 19:59:27.568 I/InstrumentationBackend(20373): Added:'GetUrl', with key:'get_url'
06-05 19:59:27.568 D/EGL_emulation( 1711): eglMakeCurrent: 0x9f1709c0: ver 2 0 (tinfo 0xa0e61d00)
06-05 19:59:27.569 I/InstrumentationBackend(20373): Added:'ScrollTo', with key:'scroll_to'
06-05 19:59:27.569 I/InstrumentationBackend(20373): Added:'GetLoadProgress', with key:'get_load_progress'
06-05 19:59:27.569 I/InstrumentationBackend(20373): Added:'DumpHtml', with key:'dump_html'
06-05 19:59:27.569 I/InstrumentationBackend(20373): Added:'DumpBodyHtml', with key:'dump_body_html'
06-05 19:59:27.569 I/InstrumentationBackend(20373): Added:'EnterTextByCssSelector', with key:'enter_text_by_selector'
06-05 19:59:27.570 I/InstrumentationBackend(20373): Added:'AndroidSDKVersion', with key:'android_sdk_version'
06-05 19:59:27.570 I/InstrumentationBackend(20373): Added:'Version', with key:'version'
06-05 19:59:27.570 I/InstrumentationBackend(20373): Added:'Drag', with key:'drag'
06-05 19:59:27.570 I/InstrumentationBackend(20373): Added:'TouchCoordinates', with key:'touch_coordinate'
06-05 19:59:27.570 I/InstrumentationBackend(20373): Added:'LongPressCoordinate', with key:'long_press_coordinate'
06-05 19:59:27.570 I/InstrumentationBackend(20373): Added:'DragCoordinates', with key:'drag_coordinates'
06-05 19:59:27.570 I/InstrumentationBackend(20373): Added:'ResumeApplication', with key:'resume_application'
06-05 19:59:27.570 I/InstrumentationBackend(20373): Added:'Swipe', with key:'swipe'
06-05 19:59:27.570 I/InstrumentationBackend(20373): Added:'DoubleTapCoordinate', with key:'double_tap_coordinate'
06-05 19:59:27.570 I/InstrumentationBackend(20373): Added:'ClickOnScreen', with key:'click_on_screen'
06-05 19:59:27.570 I/InstrumentationBackend(20373): Added:'GetActivityName', with key:'get_activity_name'
06-05 19:59:27.570 I/InstrumentationBackend(20373): Added:'ScrollToView', with key:'scroll_to_view'
06-05 19:59:27.571 I/InstrumentationBackend(20373): Added:'ViewConfiguration', with key:'view_configuration'
06-05 19:59:27.571 I/InstrumentationBackend(20373): Added:'IsCurrentActivityFocused', with key:'is_current_activity_focused'
06-05 19:59:27.571 D/EGL_emulation( 1711): eglMakeCurrent: 0x9f1709c0: ver 2 0 (tinfo 0xa0e61d00)
06-05 19:59:27.571 I/InstrumentationBackend(20373): Added:'SendTcp', with key:'send_tcp'
06-05 19:59:27.571 I/InstrumentationBackend(20373): Added:'DpToDevicePixel', with key:'dp_to_device_pixel'
06-05 19:59:27.571 I/InstrumentationBackend(20373): Added:'KeyboardEnterText', with key:'keyboard_enter_text'
06-05 19:59:27.571 I/InstrumentationBackend(20373): Added:'DeleteSurroundingText', with key:'delete_surrounding_text'
06-05 19:59:27.571 I/InstrumentationBackend(20373): Added:'SetComposingRegion', with key:'set_composing_region'
06-05 19:59:27.571 I/InstrumentationBackend(20373): Added:'SetSelection', with key:'set_selection'
06-05 19:59:27.571 I/InstrumentationBackend(20373): Added:'KeyboardKeyEvent', with key:'keyboard_key_event'
06-05 19:59:27.572 I/InstrumentationBackend(20373): Added:'PressUserActionButton', with key:'press_user_action_button'
06-05 19:59:27.572 I/InstrumentationBackend(20373): Added:'HideSoftKeyboard', with key:'hide_soft_keyboard'
06-05 19:59:27.572 I/InstrumentationBackend(20373): Added:'ListActions', with key:'list_actions'
06-05 19:59:27.574 I/calabash(20373): Instantiating http server at 7102
06-05 19:59:27.575 I/System.out(20373): HTTP Daemon listening on: 7102
06-05 19:59:27.585 D/EGL_emulation( 1711): eglMakeCurrent: 0x9f1709c0: ver 2 0 (tinfo 0xa0e61d00)
06-05 19:59:27.588 D/EGL_emulation( 1711): eglMakeCurrent: 0x9f1709c0: ver 2 0 (tinfo 0xa0e61d00)
06-05 19:59:27.591 I/WindowManager( 1629): WIN DEATH: Window{4bcdfd5 u0 com.evancharlton.mileage/com.evancharlton.mileage.Mileage EXITING}
06-05 19:59:27.592 W/InputDispatcher( 1629): channel '459d766 Toast (server)' ~ Consumer closed input channel or an error occurred.  events=0x9
06-05 19:59:27.592 E/InputDispatcher( 1629): channel '459d766 Toast (server)' ~ Channel is unrecoverably broken and will be disposed!
06-05 19:59:27.593 I/WindowManager( 1629): WIN DEATH: Window{459d766 u0 Toast}
06-05 19:59:27.593 W/InputDispatcher( 1629): Attempted to unregister already unregistered input channel '459d766 Toast (server)'
06-05 19:59:27.610 D/EGL_emulation( 1711): eglMakeCurrent: 0x9f1709c0: ver 2 0 (tinfo 0xa0e61d00)
06-05 19:59:27.614 D/EGL_emulation( 1711): eglMakeCurrent: 0x9f1709c0: ver 2 0 (tinfo 0xa0e61d00)
06-05 19:59:27.620 D/EGL_emulation( 1711): eglMakeCurrent: 0x9f1709c0: ver 2 0 (tinfo 0xa0e61d00)
06-05 19:59:27.635 D/EGL_emulation( 1711): eglMakeCurrent: 0x9f1709c0: ver 2 0 (tinfo 0xa0e61d00)
06-05 19:59:27.636 D/EGL_emulation( 1711): eglMakeCurrent: 0x9f1709c0: ver 2 0 (tinfo 0xa0e61d00)
06-05 19:59:27.657 I/System.out(20373): URI: //ping
06-05 19:59:27.657 I/System.out(20373): params: {json={}
06-05 19:59:27.657 I/System.out(20373): }
06-05 19:59:27.659 I/System.out(20373): URI: //ping
06-05 19:59:27.659 I/System.out(20373): params: {json={}
06-05 19:59:27.659 I/System.out(20373): }
06-05 19:59:27.661 I/System.out(20373): URI: //ready
06-05 19:59:27.661 I/System.out(20373): params: {json={}
06-05 19:59:27.661 I/System.out(20373): }
06-05 19:59:27.663 I/System.out(20373): URI: //
06-05 19:59:27.663 I/System.out(20373): params: {json={"command":"version","arguments":[]}
06-05 19:59:27.663 I/System.out(20373): }
06-05 19:59:27.663 I/System.out(20373): header: {content-type=application/json;charset=utf-8, date=Sat, 06 Jun 2020 00:59:28 GMT, accept=*/*, host=127.0.0.1:34783, content-length=36, user-agent=HTTPClient/1.0 (2.8.3, ruby 2.5.1 (2018-03-29))}
06-05 19:59:27.663 I/System.out(20373): params: {json={"command":"version","arguments":[]}
06-05 19:59:27.663 I/System.out(20373): }
06-05 19:59:27.663 I/System.out(20373): ProP json = {"command":"version","arguments":[]}
06-05 19:59:27.663 I/System.out(20373): files: {}
06-05 19:59:27.663 I/System.out(20373): command: {"command":"version","arguments":[]}
06-05 19:59:27.666 I/InstrumentationBackend(20373): Got command:'Command:'Line:null,version', arguments:'[]'
06-05 19:59:27.674 I/System.out(20373): result:{"bonusInformation":[],"message":"0.9.8","success":true}
06-05 19:59:27.676 I/System.out(20373): URI: //start-application
06-05 19:59:27.676 I/System.out(20373): params: {json={"intent":null}
06-05 19:59:27.676 I/System.out(20373): }
06-05 19:59:27.686 I/ActivityManager( 1629): START u0 {act=android.intent.action.MAIN cat=[android.intent.category.LAUNCHER] flg=0x10200000 cmp=com.evancharlton.mileage/.Mileage} from uid 10196 on display 0
06-05 19:59:27.691 I/calabash(20373): newActivity1
06-05 19:59:27.702 I/calabash(20373): newActivity1
06-05 19:59:27.704 W/ActivityManager( 1629): Bad activity token: android.os.BinderProxy@3450369
06-05 19:59:27.704 W/ActivityManager( 1629): java.lang.ClassCastException: android.os.BinderProxy cannot be cast to com.android.server.am.ActivityRecord$Token
06-05 19:59:27.704 W/ActivityManager( 1629): 	at com.android.server.am.ActivityRecord.forTokenLocked(ActivityRecord.java:586)
06-05 19:59:27.704 W/ActivityManager( 1629): 	at com.android.server.am.ActivityRecord.isInStackLocked(ActivityRecord.java:1327)
06-05 19:59:27.704 W/ActivityManager( 1629): 	at com.android.server.am.ActivityRecord.getStackLocked(ActivityRecord.java:1332)
06-05 19:59:27.704 W/ActivityManager( 1629): 	at com.android.server.am.ActivityManagerService.getActivityDisplayId(ActivityManagerService.java:9806)
06-05 19:59:27.704 W/ActivityManager( 1629): 	at android.app.ActivityManagerNative.onTransact(ActivityManagerNative.java:2566)
06-05 19:59:27.704 W/ActivityManager( 1629): 	at com.android.server.am.ActivityManagerService.onTransact(ActivityManagerService.java:2757)
06-05 19:59:27.704 W/ActivityManager( 1629): 	at android.os.Binder.execTransact(Binder.java:565)
06-05 19:59:27.705 W/ActivityManager( 1629): Bad activity token: android.os.BinderProxy@3450369
06-05 19:59:27.705 W/ActivityManager( 1629): java.lang.ClassCastException: android.os.BinderProxy cannot be cast to com.android.server.am.ActivityRecord$Token
06-05 19:59:27.705 W/ActivityManager( 1629): 	at com.android.server.am.ActivityRecord.forTokenLocked(ActivityRecord.java:586)
06-05 19:59:27.705 W/ActivityManager( 1629): 	at com.android.server.am.ActivityRecord.isInStackLocked(ActivityRecord.java:1327)
06-05 19:59:27.705 W/ActivityManager( 1629): 	at com.android.server.am.ActivityManagerService.setTaskDescription(ActivityManagerService.java:9358)
06-05 19:59:27.705 W/ActivityManager( 1629): 	at android.app.ActivityManagerNative.onTransact(ActivityManagerNative.java:2639)
06-05 19:59:27.705 W/ActivityManager( 1629): 	at com.android.server.am.ActivityManagerService.onTransact(ActivityManagerService.java:2757)
06-05 19:59:27.705 W/ActivityManager( 1629): 	at android.os.Binder.execTransact(Binder.java:565)
06-05 19:59:27.705 W/ActivityManager( 1629): Bad activity token: android.os.BinderProxy@3450369
06-05 19:59:27.705 W/ActivityManager( 1629): java.lang.ClassCastException: android.os.BinderProxy cannot be cast to com.android.server.am.ActivityRecord$Token
06-05 19:59:27.705 W/ActivityManager( 1629): 	at com.android.server.am.ActivityRecord.forTokenLocked(ActivityRecord.java:586)
06-05 19:59:27.705 W/ActivityManager( 1629): 	at com.android.server.am.ActivityRecord.isInStackLocked(ActivityRecord.java:1327)
06-05 19:59:27.705 W/ActivityManager( 1629): 	at com.android.server.am.ActivityRecord.getStackLocked(ActivityRecord.java:1332)
06-05 19:59:27.705 W/ActivityManager( 1629): 	at com.android.server.am.ActivityManagerService.getActivityStackId(ActivityManagerService.java:9817)
06-05 19:59:27.705 W/ActivityManager( 1629): 	at android.app.ActivityManagerNative.onTransact(ActivityManagerNative.java:2856)
06-05 19:59:27.705 W/ActivityManager( 1629): 	at com.android.server.am.ActivityManagerService.onTransact(ActivityManagerService.java:2757)
06-05 19:59:27.705 W/ActivityManager( 1629): 	at android.os.Binder.execTransact(Binder.java:565)
06-05 19:59:27.718 D/gralloc_ranchu( 1348): gralloc_alloc: Creating ashmem region of size 9023488
06-05 19:59:27.724 W/ActivityManager( 1629): Bad activity token: android.os.BinderProxy@3450369
06-05 19:59:27.724 W/ActivityManager( 1629): java.lang.ClassCastException: android.os.BinderProxy cannot be cast to com.android.server.am.ActivityRecord$Token
06-05 19:59:27.724 W/ActivityManager( 1629): 	at com.android.server.am.ActivityRecord.forTokenLocked(ActivityRecord.java:586)
06-05 19:59:27.724 W/ActivityManager( 1629): 	at com.android.server.am.ActivityRecord.isInStackLocked(ActivityRecord.java:1327)
06-05 19:59:27.724 W/ActivityManager( 1629): 	at com.android.server.am.ActivityManagerService.getActivityOptions(ActivityManagerService.java:12559)
06-05 19:59:27.724 W/ActivityManager( 1629): 	at android.app.ActivityManagerNative.onTransact(ActivityManagerNative.java:1933)
06-05 19:59:27.724 W/ActivityManager( 1629): 	at com.android.server.am.ActivityManagerService.onTransact(ActivityManagerService.java:2757)
06-05 19:59:27.724 W/ActivityManager( 1629): 	at android.os.Binder.execTransact(Binder.java:565)
06-05 19:59:27.724 W/ActivityManager( 1629): Bad activity token: android.os.BinderProxy@3450369
06-05 19:59:27.724 W/ActivityManager( 1629): java.lang.ClassCastException: android.os.BinderProxy cannot be cast to com.android.server.am.ActivityRecord$Token
06-05 19:59:27.724 W/ActivityManager( 1629): 	at com.android.server.am.ActivityRecord.forTokenLocked(ActivityRecord.java:586)
06-05 19:59:27.724 W/ActivityManager( 1629): 	at com.android.server.am.ActivityRecord.isInStackLocked(ActivityRecord.java:1327)
06-05 19:59:27.724 W/ActivityManager( 1629): 	at com.android.server.am.ActivityManagerService.getActivityOptions(ActivityManagerService.java:12559)
06-05 19:59:27.724 W/ActivityManager( 1629): 	at android.app.ActivityManagerNative.onTransact(ActivityManagerNative.java:1933)
06-05 19:59:27.724 W/ActivityManager( 1629): 	at com.android.server.am.ActivityManagerService.onTransact(ActivityManagerService.java:2757)
06-05 19:59:27.724 W/ActivityManager( 1629): 	at android.os.Binder.execTransact(Binder.java:565)
06-05 19:59:27.753 V/PhoneStatusBar( 1711): setLightsOn(true)
06-05 19:59:27.767 D/gralloc_ranchu( 1348): gralloc_alloc: Creating ashmem region of size 9023488
06-05 19:59:27.775 D/EGL_emulation( 2147): eglMakeCurrent: 0xa3805360: ver 2 0 (tinfo 0xa3803630)
06-05 19:59:27.775 D/        (20373): HostConnection::get() New Host Connection established 0x921a6040, tid 20373
06-05 19:59:27.780 D/EGL_emulation( 1711): eglMakeCurrent: 0x9f1709c0: ver 2 0 (tinfo 0xa0e61d00)
06-05 19:59:27.781 V/PhoneStatusBar( 1711): setLightsOn(true)
06-05 19:59:27.820 D/EGL_emulation( 1711): eglMakeCurrent: 0x9f1709c0: ver 2 0 (tinfo 0xa0e61d00)
06-05 19:59:27.822 D/EGL_emulation( 1711): eglMakeCurrent: 0x9f1709c0: ver 2 0 (tinfo 0xa0e61d00)
06-05 19:59:27.823 V/PhoneStatusBar( 1711): setLightsOn(true)
06-05 19:59:27.835 D/EGL_emulation( 1711): eglMakeCurrent: 0x9f1709c0: ver 2 0 (tinfo 0xa0e61d00)
06-05 19:59:27.837 D/EGL_emulation( 1711): eglMakeCurrent: 0x9f1709c0: ver 2 0 (tinfo 0xa0e61d00)
06-05 19:59:27.852 D/EGL_emulation( 1711): eglMakeCurrent: 0x9f1709c0: ver 2 0 (tinfo 0xa0e61d00)
06-05 19:59:27.852 D/gralloc_ranchu( 1348): gralloc_alloc: Creating ashmem region of size 9023488
06-05 19:59:27.853 I/WindowManager( 1629): Destroying surface Surface(name=com.evancharlton.mileage/com.evancharlton.mileage.Mileage) called by com.android.server.wm.WindowStateAnimator.destroySurface:2016 com.android.server.wm.WindowStateAnimator.destroySurfaceLocked:882 com.android.server.wm.WindowState.removeLocked:1456 com.android.server.wm.WindowManagerService.removeWindowInnerLocked:2484 com.android.server.wm.AppWindowToken.destroySurfaces:365 com.android.server.wm.WindowStateAnimator.finishExit:565 com.android.server.wm.AppWindowAnimator.stepAnimationLocked:427 com.android.server.wm.WindowAnimator.updateAppWindowsLocked:196 
06-05 19:59:27.867 D/EGL_emulation( 1711): eglMakeCurrent: 0x9f1709c0: ver 2 0 (tinfo 0xa0e61d00)
06-05 19:59:27.869 I/ActivityManager( 1629): Displayed com.evancharlton.mileage/.Mileage: +180ms
06-05 19:59:27.870 D/EGL_emulation( 1711): eglMakeCurrent: 0x9f1709c0: ver 2 0 (tinfo 0xa0e61d00)
06-05 19:59:27.878 D/EGL_emulation( 1711): eglMakeCurrent: 0x9f1709c0: ver 2 0 (tinfo 0xa0e61d00)
06-05 19:59:27.879 V/PhoneStatusBar( 1711): setLightsOn(true)
06-05 19:59:27.885 D/EGL_emulation( 1711): eglMakeCurrent: 0x9f1709c0: ver 2 0 (tinfo 0xa0e61d00)
06-05 19:59:27.887 D/EGL_emulation( 1711): eglMakeCurrent: 0x9f1709c0: ver 2 0 (tinfo 0xa0e61d00)
06-05 19:59:27.902 D/EGL_emulation( 1711): eglMakeCurrent: 0x9f1709c0: ver 2 0 (tinfo 0xa0e61d00)
06-05 19:59:27.904 D/EGL_emulation( 1711): eglMakeCurrent: 0x9f1709c0: ver 2 0 (tinfo 0xa0e61d00)
06-05 19:59:27.905 V/PhoneStatusBar( 1711): setLightsOn(true)
06-05 19:59:27.915 I/System.out(20373): URI: //map
06-05 19:59:27.915 I/System.out(20373): params: {json={"query":"* marked:'Statistics'","operation":{"method_name":"query","arguments":[]}}
06-05 19:59:27.915 I/System.out(20373): }
06-05 19:59:27.923 D/EGL_emulation( 1711): eglMakeCurrent: 0x9f1709c0: ver 2 0 (tinfo 0xa0e61d00)
06-05 19:59:27.926 D/EGL_emulation( 1711): eglMakeCurrent: 0x9f1709c0: ver 2 0 (tinfo 0xa0e61d00)
06-05 19:59:27.935 D/EGL_emulation( 1711): eglMakeCurrent: 0x9f1709c0: ver 2 0 (tinfo 0xa0e61d00)
06-05 19:59:27.935 W/ResourceType(20373): No package identifier when getting name for resource number 0x00000001
06-05 19:59:27.937 D/EGL_emulation( 1711): eglMakeCurrent: 0x9f1709c0: ver 2 0 (tinfo 0xa0e61d00)
06-05 19:59:27.950 I/System.out(20373): URI: //gesture
06-05 19:59:27.950 I/System.out(20373): params: {json={"query_timeout":5.0,"gestures":[{"query_string":"* marked:'Statistics'","touches":[{"x":50,"y":50,"offset_x":0,"offset_y":0,"wait":0.0,"time":0.2,"release":true,"query_string":null}]}]}
06-05 19:59:27.950 I/System.out(20373): }
06-05 19:59:27.952 D/EGL_emulation( 1711): eglMakeCurrent: 0x9f1709c0: ver 2 0 (tinfo 0xa0e61d00)
06-05 19:59:27.954 D/EGL_emulation( 1711): eglMakeCurrent: 0x9f1709c0: ver 2 0 (tinfo 0xa0e61d00)
06-05 19:59:27.956 W/ResourceType(20373): No package identifier when getting name for resource number 0x00000001
06-05 19:59:27.976 D/EGL_emulation( 1711): eglMakeCurrent: 0x9f1709c0: ver 2 0 (tinfo 0xa0e61d00)
06-05 19:59:27.979 D/EGL_emulation( 1711): eglMakeCurrent: 0x9f1709c0: ver 2 0 (tinfo 0xa0e61d00)
06-05 19:59:27.992 D/EGL_emulation( 1711): eglMakeCurrent: 0x9f1709c0: ver 2 0 (tinfo 0xa0e61d00)
06-05 19:59:28.068 I/WindowManager( 1629): Destroying surface Surface(name=Starting com.evancharlton.mileage) called by com.android.server.wm.WindowStateAnimator.destroySurface:2016 com.android.server.wm.WindowStateAnimator.destroySurfaceLocked:882 com.android.server.wm.WindowState.destroyOrSaveSurface:2100 com.android.server.wm.AppWindowToken.destroySurfaces:363 com.android.server.wm.WindowStateAnimator.finishExit:565 com.android.server.wm.WindowStateAnimator.stepAnimationLocked:491 com.android.server.wm.WindowAnimator.updateWindowsLocked:303 com.android.server.wm.WindowAnimator.animateLocked:704 
06-05 19:59:28.069 V/PhoneStatusBar( 1711): setLightsOn(true)
06-05 19:59:28.085 V/PhoneStatusBar( 1711): setLightsOn(true)
06-05 19:59:28.134 V/PhoneStatusBar( 1711): setLightsOn(true)
06-05 19:59:28.135 I/WindowManager( 1629): Destroying surface Surface(name=Toast) called by com.android.server.wm.WindowStateAnimator.destroySurface:2016 com.android.server.wm.WindowStateAnimator.destroySurfaceLocked:882 com.android.server.wm.WindowState.destroyOrSaveSurface:2100 com.android.server.wm.WindowSurfacePlacer.performSurfacePlacementInner:429 com.android.server.wm.WindowSurfacePlacer.performSurfacePlacementLoop:232 com.android.server.wm.WindowSurfacePlacer.performSurfacePlacement:180 com.android.server.wm.WindowManagerService$H.handleMessage:8086 android.os.Handler.dispatchMessage:102 
06-05 19:59:28.136 V/PhoneStatusBar( 1711): setLightsOn(true)
06-05 19:59:28.185 V/PhoneStatusBar( 1711): setLightsOn(true)
06-05 19:59:28.187 I/calabash(20373): newActivity1
06-05 19:59:28.197 I/System.out(20373): URI: //map
06-05 19:59:28.198 I/System.out(20373): params: {json={"query":"android.widget.ScrollView index:0","operation":{"method_name":"query","arguments":[]}}
06-05 19:59:28.198 I/System.out(20373): }
06-05 19:59:28.204 W/ActivityManager( 1629): Bad activity token: android.os.BinderProxy@4c9869b
06-05 19:59:28.204 W/ActivityManager( 1629): java.lang.ClassCastException: android.os.BinderProxy cannot be cast to com.android.server.am.ActivityRecord$Token
06-05 19:59:28.204 W/ActivityManager( 1629): 	at com.android.server.am.ActivityRecord.forTokenLocked(ActivityRecord.java:586)
06-05 19:59:28.204 W/ActivityManager( 1629): 	at com.android.server.am.ActivityRecord.isInStackLocked(ActivityRecord.java:1327)
06-05 19:59:28.204 W/ActivityManager( 1629): 	at com.android.server.am.ActivityRecord.getStackLocked(ActivityRecord.java:1332)
06-05 19:59:28.204 W/ActivityManager( 1629): 	at com.android.server.am.ActivityManagerService.getActivityDisplayId(ActivityManagerService.java:9806)
06-05 19:59:28.204 W/ActivityManager( 1629): 	at android.app.ActivityManagerNative.onTransact(ActivityManagerNative.java:2566)
06-05 19:59:28.204 W/ActivityManager( 1629): 	at com.android.server.am.ActivityManagerService.onTransact(ActivityManagerService.java:2757)
06-05 19:59:28.204 W/ActivityManager( 1629): 	at android.os.Binder.execTransact(Binder.java:565)
06-05 19:59:28.206 W/ActivityManager( 1629): Bad activity token: android.os.BinderProxy@4c9869b
06-05 19:59:28.206 W/ActivityManager( 1629): java.lang.ClassCastException: android.os.BinderProxy cannot be cast to com.android.server.am.ActivityRecord$Token
06-05 19:59:28.206 W/ActivityManager( 1629): 	at com.android.server.am.ActivityRecord.forTokenLocked(ActivityRecord.java:586)
06-05 19:59:28.206 W/ActivityManager( 1629): 	at com.android.server.am.ActivityRecord.isInStackLocked(ActivityRecord.java:1327)
06-05 19:59:28.206 W/ActivityManager( 1629): 	at com.android.server.am.ActivityManagerService.setTaskDescription(ActivityManagerService.java:9358)
06-05 19:59:28.206 W/ActivityManager( 1629): 	at android.app.ActivityManagerNative.onTransact(ActivityManagerNative.java:2639)
06-05 19:59:28.206 W/ActivityManager( 1629): 	at com.android.server.am.ActivityManagerService.onTransact(ActivityManagerService.java:2757)
06-05 19:59:28.206 W/ActivityManager( 1629): 	at android.os.Binder.execTransact(Binder.java:565)
06-05 19:59:28.206 W/ActivityManager( 1629): Bad activity token: android.os.BinderProxy@4c9869b
06-05 19:59:28.206 W/ActivityManager( 1629): java.lang.ClassCastException: android.os.BinderProxy cannot be cast to com.android.server.am.ActivityRecord$Token
06-05 19:59:28.206 W/ActivityManager( 1629): 	at com.android.server.am.ActivityRecord.forTokenLocked(ActivityRecord.java:586)
06-05 19:59:28.206 W/ActivityManager( 1629): 	at com.android.server.am.ActivityRecord.isInStackLocked(ActivityRecord.java:1327)
06-05 19:59:28.206 W/ActivityManager( 1629): 	at com.android.server.am.ActivityRecord.getStackLocked(ActivityRecord.java:1332)
06-05 19:59:28.206 W/ActivityManager( 1629): 	at com.android.server.am.ActivityManagerService.getActivityStackId(ActivityManagerService.java:9817)
06-05 19:59:28.206 W/ActivityManager( 1629): 	at android.app.ActivityManagerNative.onTransact(ActivityManagerNative.java:2856)
06-05 19:59:28.206 W/ActivityManager( 1629): 	at com.android.server.am.ActivityManagerService.onTransact(ActivityManagerService.java:2757)
06-05 19:59:28.206 W/ActivityManager( 1629): 	at android.os.Binder.execTransact(Binder.java:565)
06-05 19:59:28.212 D/VehicleStatisticsActivity(20373): Checking recalculation ...
06-05 19:59:28.213 D/VehicleStatisticsActivity(20373): Recalculation not necessary.
06-05 19:59:28.218 V/PhoneStatusBar( 1711): setLightsOn(true)
06-05 19:59:28.218 W/ActivityManager( 1629): Bad activity token: android.os.BinderProxy@4c9869b
06-05 19:59:28.218 W/ActivityManager( 1629): java.lang.ClassCastException: android.os.BinderProxy cannot be cast to com.android.server.am.ActivityRecord$Token
06-05 19:59:28.218 W/ActivityManager( 1629): 	at com.android.server.am.ActivityRecord.forTokenLocked(ActivityRecord.java:586)
06-05 19:59:28.218 W/ActivityManager( 1629): 	at com.android.server.am.ActivityRecord.isInStackLocked(ActivityRecord.java:1327)
06-05 19:59:28.218 W/ActivityManager( 1629): 	at com.android.server.am.ActivityManagerService.getActivityOptions(ActivityManagerService.java:12559)
06-05 19:59:28.218 W/ActivityManager( 1629): 	at android.app.ActivityManagerNative.onTransact(ActivityManagerNative.java:1933)
06-05 19:59:28.218 W/ActivityManager( 1629): 	at com.android.server.am.ActivityManagerService.onTransact(ActivityManagerService.java:2757)
06-05 19:59:28.218 W/ActivityManager( 1629): 	at android.os.Binder.execTransact(Binder.java:565)
06-05 19:59:28.218 W/ActivityManager( 1629): Bad activity token: android.os.BinderProxy@4c9869b
06-05 19:59:28.218 W/ActivityManager( 1629): java.lang.ClassCastException: android.os.BinderProxy cannot be cast to com.android.server.am.ActivityRecord$Token
06-05 19:59:28.218 W/ActivityManager( 1629): 	at com.android.server.am.ActivityRecord.forTokenLocked(ActivityRecord.java:586)
06-05 19:59:28.218 W/ActivityManager( 1629): 	at com.android.server.am.ActivityRecord.isInStackLocked(ActivityRecord.java:1327)
06-05 19:59:28.218 W/ActivityManager( 1629): 	at com.android.server.am.ActivityManagerService.getActivityOptions(ActivityManagerService.java:12559)
06-05 19:59:28.218 W/ActivityManager( 1629): 	at android.app.ActivityManagerNative.onTransact(ActivityManagerNative.java:1933)
06-05 19:59:28.218 W/ActivityManager( 1629): 	at com.android.server.am.ActivityManagerService.onTransact(ActivityManagerService.java:2757)
06-05 19:59:28.218 W/ActivityManager( 1629): 	at android.os.Binder.execTransact(Binder.java:565)
06-05 19:59:28.219 D/VehicleStatisticsActivity(20373): Checking recalculation ...
06-05 19:59:28.220 D/VehicleStatisticsActivity(20373): Recalculation not necessary.
06-05 19:59:28.411 I/System.out(20373): URI: //map
06-05 19:59:28.411 I/System.out(20373): params: {json={"query":"android.widget.AbsListView index:0","operation":{"method_name":"query","arguments":[]}}
06-05 19:59:28.411 I/System.out(20373): }
06-05 19:59:28.432 I/art     (20373): Do partial code cache collection, code=30KB, data=29KB
06-05 19:59:28.432 I/art     (20373): After code cache collection, code=29KB, data=28KB
06-05 19:59:28.432 I/art     (20373): Increasing code cache capacity to 128KB
06-05 19:59:28.481 I/System.out(20373): URI: //map
06-05 19:59:28.481 I/System.out(20373): params: {json={"query":"android.widget.AbsListView index:0","operation":{"method_name":"query","arguments":[]}}
06-05 19:59:28.481 I/System.out(20373): }
06-05 19:59:28.501 V/PhoneStatusBar( 1711): setLightsOn(true)
06-05 19:59:28.508 V/PhoneStatusBar( 1711): setLightsOn(true)
06-05 19:59:28.509 W/OpenGLRenderer( 2147): Incorrectly called buildLayer on View: ShortcutAndWidgetContainer, destroying layer...
06-05 19:59:28.511 I/System.out(20373): URI: //map
06-05 19:59:28.511 I/System.out(20373): params: {json={"query":"android.widget.AbsListView index:0","operation":{"method_name":"query","arguments":[]}}
06-05 19:59:28.511 I/System.out(20373): }
06-05 19:59:28.518 V/PhoneStatusBar( 1711): setLightsOn(true)
06-05 19:59:28.518 I/WindowManager( 1629): Destroying surface Surface(name=com.android.launcher3/com.android.launcher3.Launcher) called by com.android.server.wm.WindowStateAnimator.destroySurface:2016 com.android.server.wm.WindowStateAnimator.destroySurfaceLocked:882 com.android.server.wm.WindowState.destroyOrSaveSurface:2100 com.android.server.wm.AppWindowToken.destroySurfaces:363 com.android.server.wm.AppWindowToken.notifyAppStopped:389 com.android.server.wm.WindowManagerService.notifyAppStopped:4463 com.android.server.am.ActivityStack.activityStoppedLocked:1252 com.android.server.am.ActivityManagerService.activityStopped:6903 
06-05 19:59:28.527 I/System.out(20373): URI: //map
06-05 19:59:28.527 I/System.out(20373): params: {json={"query":"android.widget.AbsListView index:0","operation":{"method_name":"query","arguments":["getFirstVisiblePosition"]}}
06-05 19:59:28.527 I/System.out(20373): }
06-05 19:59:28.542 I/System.out(20373): URI: //map
06-05 19:59:28.543 I/System.out(20373): params: {json={"query":"android.widget.AbsListView index:0","operation":{"method_name":"query","arguments":["getLastVisiblePosition"]}}
06-05 19:59:28.543 I/System.out(20373): }
06-05 19:59:28.560 I/System.out(20373): URI: //map
06-05 19:59:28.560 I/System.out(20373): params: {json={"query":"android.widget.AbsListView index:0","operation":{"method_name":"query","arguments":[{"method_name":"setSelection","arguments":[26]}]}}
06-05 19:59:28.560 I/System.out(20373): }
06-05 19:59:28.581 I/System.out(20373): URI: //map
06-05 19:59:28.581 I/System.out(20373): params: {json={"query":"* marked:'Average price'","operation":{"method_name":"query","arguments":[]}}
06-05 19:59:28.581 I/System.out(20373): }
06-05 19:59:28.623 D/gralloc_ranchu( 1348): gralloc_alloc: Creating ashmem region of size 9023488
06-05 19:59:28.661 W/ResourceType(20373): No package identifier when getting name for resource number 0x00000001
06-05 19:59:28.678 I/System.out(20373): URI: //gesture
06-05 19:59:28.678 I/System.out(20373): params: {json={"query_timeout":5.0,"gestures":[{"query_string":"* marked:'Average price'","touches":[{"x":50,"y":50,"offset_x":0,"offset_y":0,"wait":0.0,"time":0.2,"release":true,"query_string":null}]}]}
06-05 19:59:28.678 I/System.out(20373): }
06-05 19:59:28.683 W/ResourceType(20373): No package identifier when getting name for resource number 0x00000001
06-05 19:59:28.919 I/ActivityManager( 1629): START u0 {cmp=com.evancharlton.mileage/.charts.AveragePriceChart (has extras)} from uid 10196 on display 0
06-05 19:59:28.921 V/PhoneStatusBar( 1711): setLightsOn(true)
06-05 19:59:28.922 V/PhoneStatusBar( 1711): setLightsOn(true)
06-05 19:59:28.931 I/System.out(20373): URI: //map
06-05 19:59:28.931 I/System.out(20373): params: {json={"query":"* {text CONTAINS[c] 'Average fuel price'}","operation":{"method_name":"query","arguments":[]}}
06-05 19:59:28.931 I/System.out(20373): }
06-05 19:59:28.972 I/calabash(20373): newActivity1
06-05 19:59:28.975 W/aiCharts(20373): License file is invalid or missing. 
06-05 19:59:28.975 W/aiCharts(20373): Please place proper license.lic to /assets folder.
06-05 19:59:28.990 V/PhoneStatusBar( 1711): setLightsOn(true)
06-05 19:59:29.034 V/PhoneStatusBar( 1711): setLightsOn(true)
06-05 19:59:29.044 I/WindowManager( 1629): Destroying surface Surface(name=Creating chart…) called by com.android.server.wm.WindowStateAnimator.destroySurface:2016 com.android.server.wm.WindowStateAnimator.destroySurfaceLocked:882 com.android.server.wm.WindowState.removeLocked:1456 com.android.server.wm.WindowManagerService.removeWindowInnerLocked:2484 com.android.server.wm.WindowManagerService.removeWindowLocked:2442 com.android.server.wm.WindowManagerService.removeWindowLocked:2311 com.android.server.wm.WindowManagerService.removeWindow:2306 com.android.server.wm.Session.remove:202 
06-05 19:59:29.047 D/gralloc_ranchu( 1348): gralloc_alloc: Creating ashmem region of size 9023488
06-05 19:59:29.051 V/PhoneStatusBar( 1711): setLightsOn(true)
06-05 19:59:29.070 I/ActivityManager( 1629): Displayed com.evancharlton.mileage/.charts.AveragePriceChart: +100ms
06-05 19:59:29.085 V/PhoneStatusBar( 1711): setLightsOn(true)
06-05 19:59:29.119 V/PhoneStatusBar( 1711): setLightsOn(true)
06-05 19:59:29.136 V/PhoneStatusBar( 1711): setLightsOn(true)
06-05 19:59:29.180 W/NotificationService( 1629): Object died trying to hide notification android.app.ITransientNotification$Stub$Proxy@fca2667 in package com.evancharlton.mileage
06-05 19:59:29.318 V/PhoneStatusBar( 1711): setLightsOn(true)
06-05 19:59:29.353 I/System.out(20373): URI: //map
06-05 19:59:29.353 I/System.out(20373): params: {json={"query":"* {text CONTAINS[c] 'Average fuel price'}","operation":{"method_name":"query","arguments":[]}}
06-05 19:59:29.353 I/System.out(20373): }
06-05 19:59:29.374 I/System.out(20373): URI: //
06-05 19:59:29.374 I/System.out(20373): params: {json={"command":"press_key","arguments":["KEYCODE_BACK"]}
06-05 19:59:29.374 I/System.out(20373): }
06-05 19:59:29.374 I/System.out(20373): header: {content-type=application/json;charset=utf-8, date=Sat, 06 Jun 2020 00:59:30 GMT, accept=*/*, host=127.0.0.1:34783, content-length=52, user-agent=HTTPClient/1.0 (2.8.3, ruby 2.5.1 (2018-03-29))}
06-05 19:59:29.374 I/System.out(20373): params: {json={"command":"press_key","arguments":["KEYCODE_BACK"]}
06-05 19:59:29.374 I/System.out(20373): }
06-05 19:59:29.374 I/System.out(20373): ProP json = {"command":"press_key","arguments":["KEYCODE_BACK"]}
06-05 19:59:29.374 I/System.out(20373): files: {}
06-05 19:59:29.374 I/System.out(20373): command: {"command":"press_key","arguments":["KEYCODE_BACK"]}
06-05 19:59:29.376 I/InstrumentationBackend(20373): Got command:'Command:'Line:null,press_key', arguments:'[KEYCODE_BACK]'
06-05 19:59:29.378 V/PhoneStatusBar( 1711): setLightsOn(true)
06-05 19:59:29.381 V/PhoneStatusBar( 1711): setLightsOn(true)
06-05 19:59:29.383 I/art     (20373): Do partial code cache collection, code=60KB, data=62KB
06-05 19:59:29.383 I/art     (20373): After code cache collection, code=59KB, data=61KB
06-05 19:59:29.383 I/art     (20373): Increasing code cache capacity to 256KB
06-05 19:59:29.383 I/System.out(20373): result:{"bonusInformation":[],"message":"","success":true}
06-05 19:59:29.384 D/VehicleStatisticsActivity(20373): Checking recalculation ...
06-05 19:59:29.385 V/PhoneStatusBar( 1711): setLightsOn(true)
06-05 19:59:29.386 D/VehicleStatisticsActivity(20373): Recalculation not necessary.
06-05 19:59:29.388 I/System.out(20373): URI: //map
06-05 19:59:29.388 I/System.out(20373): params: {json={"query":"* {text CONTAINS[c] 'Statistics'}","operation":{"method_name":"query","arguments":[]}}
06-05 19:59:29.388 I/System.out(20373): }
06-05 19:59:29.401 D/gralloc_ranchu( 1348): gralloc_alloc: Creating ashmem region of size 9023488
06-05 19:59:29.402 V/PhoneStatusBar( 1711): setLightsOn(true)
06-05 19:59:29.418 V/PhoneStatusBar( 1711): setLightsOn(true)
06-05 19:59:29.451 V/PhoneStatusBar( 1711): setLightsOn(true)
