--------- beginning of main
06-05 19:59:35.434 V/PhoneStatusBar( 1711): setLightsOn(true)
06-05 19:59:35.437 D/gralloc_ranchu( 1348): gralloc_alloc: Creating ashmem region of size 3145728
06-05 19:59:35.441 E/EGL_emulation( 1348): tid 1348: eglCreateSyncKHR(1901): error 0x3004 (EGL_BAD_ATTRIBUTE)
--------- beginning of system
06-05 19:59:35.450 W/ActivityManager( 1629): Finishing task with all activities already finished
06-05 19:59:35.450 W/ActivityManager( 1629): Duplicate finish request for ActivityRecord{a85eed7 u0 com.evancharlton.mileage/.Mileage t4461 f}
06-05 19:59:35.450 W/ActivityManager( 1629): Finishing task with all activities already finished
06-05 19:59:35.450 W/ActivityManager( 1629): Duplicate finish request for ActivityRecord{a85eed7 u0 com.evancharlton.mileage/.Mileage t4461 f}
06-05 19:59:35.450 W/ActivityManager( 1629): Finishing task with all activities already finished
06-05 19:59:35.450 W/ActivityManager( 1629): Duplicate finish request for ActivityRecord{a85eed7 u0 com.evancharlton.mileage/.Mileage t4461 f}
06-05 19:59:35.451 W/ActivityManager( 1629): Finishing task with all activities already finished
06-05 19:59:35.451 W/ActivityManager( 1629): Duplicate finish request for ActivityRecord{a85eed7 u0 com.evancharlton.mileage/.Mileage t4461 f}
06-05 19:59:35.451 W/ActivityManager( 1629): Finishing task with all activities already finished
06-05 19:59:35.451 W/ActivityManager( 1629): Duplicate finish request for ActivityRecord{a85eed7 u0 com.evancharlton.mileage/.Mileage t4461 f}
06-05 19:59:35.451 W/ActivityManager( 1629): Finishing task with all activities already finished
06-05 19:59:35.451 W/ActivityManager( 1629): Duplicate finish request for ActivityRecord{9aebb8d u0 com.evancharlton.mileage/.charts.MinimumVolumeChart t4461 f}
06-05 19:59:35.451 W/ActivityManager( 1629): Finishing task with all activities already finished
06-05 19:59:35.451 W/ActivityManager( 1629): Duplicate finish request for ActivityRecord{9aebb8d u0 com.evancharlton.mileage/.charts.MinimumVolumeChart t4461 f}
06-05 19:59:35.451 W/ActivityManager( 1629): Finishing task with all activities already finished
06-05 19:59:35.451 W/ActivityManager( 1629): Duplicate finish request for ActivityRecord{a85eed7 u0 com.evancharlton.mileage/.Mileage t4461 f}
06-05 19:59:35.451 W/ActivityManager( 1629): Finishing task with all activities already finished
06-05 19:59:35.451 W/ActivityManager( 1629): Duplicate finish request for ActivityRecord{a85eed7 u0 com.evancharlton.mileage/.Mileage t4461 f}
06-05 19:59:35.486 D/EGL_emulation( 2147): eglMakeCurrent: 0xa3805360: ver 2 0 (tinfo 0xa3803630)
06-05 19:59:35.486 D/EGL_emulation( 1711): eglMakeCurrent: 0x9f1709c0: ver 2 0 (tinfo 0xa0e61d00)
06-05 19:59:35.502 D/EGL_emulation( 1711): eglMakeCurrent: 0x9f1709c0: ver 2 0 (tinfo 0xa0e61d00)
06-05 19:59:35.519 D/EGL_emulation( 1711): eglMakeCurrent: 0x9f1709c0: ver 2 0 (tinfo 0xa0e61d00)
06-05 19:59:35.535 D/EGL_emulation( 1711): eglMakeCurrent: 0x9f1709c0: ver 2 0 (tinfo 0xa0e61d00)
06-05 19:59:35.537 D/EGL_emulation( 1711): eglMakeCurrent: 0x9f1709c0: ver 2 0 (tinfo 0xa0e61d00)
06-05 19:59:35.551 D/EGL_emulation( 1711): eglMakeCurrent: 0x9f1709c0: ver 2 0 (tinfo 0xa0e61d00)
06-05 19:59:35.553 D/EGL_emulation( 1711): eglMakeCurrent: 0x9f1709c0: ver 2 0 (tinfo 0xa0e61d00)
06-05 19:59:35.568 D/EGL_emulation( 1711): eglMakeCurrent: 0x9f1709c0: ver 2 0 (tinfo 0xa0e61d00)
06-05 19:59:35.570 D/EGL_emulation( 1711): eglMakeCurrent: 0x9f1709c0: ver 2 0 (tinfo 0xa0e61d00)
06-05 19:59:35.571 D/AndroidRuntime(20612): >>>>>> START com.android.internal.os.RuntimeInit uid 2000 <<<<<<
06-05 19:59:35.572 D/AndroidRuntime(20612): CheckJNI is ON
06-05 19:59:35.585 D/EGL_emulation( 1711): eglMakeCurrent: 0x9f1709c0: ver 2 0 (tinfo 0xa0e61d00)
06-05 19:59:35.586 W/art     (20612): Unexpected CPU variant for X86 using defaults: x86
06-05 19:59:35.587 D/EGL_emulation( 1711): eglMakeCurrent: 0x9f1709c0: ver 2 0 (tinfo 0xa0e61d00)
06-05 19:59:35.589 D/ICU     (20612): No timezone override file found: /data/misc/zoneinfo/current/icu/icu_tzdata.dat
06-05 19:59:35.598 E/memtrack(20612): Couldn't load memtrack module (No such file or directory)
06-05 19:59:35.598 E/android.os.Debug(20612): failed to load memtrack module: -2
06-05 19:59:35.598 I/Radio-JNI(20612): register_android_hardware_Radio DONE
06-05 19:59:35.602 D/EGL_emulation( 1711): eglMakeCurrent: 0x9f1709c0: ver 2 0 (tinfo 0xa0e61d00)
06-05 19:59:35.603 D/EGL_emulation( 1711): eglMakeCurrent: 0x9f1709c0: ver 2 0 (tinfo 0xa0e61d00)
06-05 19:59:35.604 D/AndroidRuntime(20612): Calling main entry com.android.commands.am.Am
06-05 19:59:35.605 I/ActivityManager( 1629): Force stopping com.evancharlton.mileage appid=10196 user=0: start instr
06-05 19:59:35.605 I/ActivityManager( 1629): Killing 20560:com.evancharlton.mileage/u0a196 (adj 0): stop com.evancharlton.mileage
06-05 19:59:35.606 D/ActivityManager( 1629): cleanUpApplicationRecord -- 20560
06-05 19:59:35.606 I/WindowManager( 1629): Destroying surface Surface(name=com.evancharlton.mileage/com.evancharlton.mileage.charts.MinimumVolumeChart) called by com.android.server.wm.WindowStateAnimator.destroySurface:2016 com.android.server.wm.WindowStateAnimator.destroySurfaceLocked:882 com.android.server.wm.WindowState.removeLocked:1456 com.android.server.wm.WindowManagerService.removeWindowInnerLocked:2484 com.android.server.wm.WindowManagerService.removeWindowLocked:2442 com.android.server.wm.WindowManagerService.removeWindowLocked:2311 com.android.server.wm.AppWindowToken.removeAllWindows:530 com.android.server.wm.AppWindowToken.removeAppFromTaskLocked:326 
06-05 19:59:35.607 W/ActivityManager( 1629): Crash of app com.evancharlton.mileage running instrumentation ComponentInfo{com.evancharlton.mileage.test/sh.calaba.instrumentationbackend.CalabashInstrumentationTestRunner}
06-05 19:59:35.607 I/ActivityManager( 1629): Force stopping com.evancharlton.mileage appid=10196 user=0: finished inst
06-05 19:59:35.611 I/art     (20622): Not late-enabling -Xcheck:jni (already on)
06-05 19:59:35.611 W/art     (20622): Unexpected CPU variant for X86 using defaults: x86
06-05 19:59:35.618 D/EGL_emulation( 1711): eglMakeCurrent: 0x9f1709c0: ver 2 0 (tinfo 0xa0e61d00)
06-05 19:59:35.618 I/ActivityManager( 1629): Start proc 20622:com.evancharlton.mileage/u0a196 for added application com.evancharlton.mileage
06-05 19:59:35.619 D/AndroidRuntime(20612): Shutting down VM
06-05 19:59:35.620 D/EGL_emulation( 1711): eglMakeCurrent: 0x9f1709c0: ver 2 0 (tinfo 0xa0e61d00)
06-05 19:59:35.624 W/System  (20622): ClassLoader referenced unknown path: /data/app/com.evancharlton.mileage.test-1/lib/x86
06-05 19:59:35.624 W/System  (20622): ClassLoader referenced unknown path: /data/app/com.evancharlton.mileage-1/lib/x86
06-05 19:59:35.626 W/System  (20622): ClassLoader referenced unknown path: 
06-05 19:59:35.631 I/System.out(20622): Main activity name automatically set to: com.evancharlton.mileage.Mileage
06-05 19:59:35.631 I/System.out(20622): Calabash did not load Mono. This is only a problem if you are trying to test a Mono application
06-05 19:59:35.631 I/calabash(20622): Test server port: 7102
06-05 19:59:35.632 I/InstrumentationBackend(20622): Added:'GetPreferences', with key:'get_preferences'
06-05 19:59:35.635 D/EGL_emulation( 1711): eglMakeCurrent: 0x9f1709c0: ver 2 0 (tinfo 0xa0e61d00)
06-05 19:59:35.637 D/EGL_emulation( 1711): eglMakeCurrent: 0x9f1709c0: ver 2 0 (tinfo 0xa0e61d00)
06-05 19:59:35.639 I/InstrumentationBackend(20622): Added:'SetPreferences', with key:'set_preferences'
06-05 19:59:35.639 I/InstrumentationBackend(20622): Added:'ClearPreferences', with key:'clear_preferences'
06-05 19:59:35.639 I/InstrumentationBackend(20622): Added:'PressElement', with key:'press_l10n_element'
06-05 19:59:35.639 I/InstrumentationBackend(20622): Added:'WaitForElement', with key:'wait_for_l10n_element'
06-05 19:59:35.640 I/InstrumentationBackend(20622): Added:'NullAction', with key:'nullAction'
06-05 19:59:35.640 I/InstrumentationBackend(20622): Added:'PressKey', with key:'press_key'
06-05 19:59:35.640 I/InstrumentationBackend(20622): Added:'SetActivityOrientation', with key:'set_activity_orientation'
06-05 19:59:35.640 I/InstrumentationBackend(20622): Added:'GetActivityOrientation', with key:'get_activity_orientation'
06-05 19:59:35.640 I/InstrumentationBackend(20622): Added:'FakeGPSLocation', with key:'set_gps_coordinates'
06-05 19:59:35.640 I/InstrumentationBackend(20622): Added:'SetPropertyByCssSelector', with key:'set_property_by_css_selector'
06-05 19:59:35.640 I/InstrumentationBackend(20622): Added:'GetUrl', with key:'get_url'
06-05 19:59:35.640 I/InstrumentationBackend(20622): Added:'ScrollTo', with key:'scroll_to'
06-05 19:59:35.640 I/InstrumentationBackend(20622): Added:'GetLoadProgress', with key:'get_load_progress'
06-05 19:59:35.640 I/InstrumentationBackend(20622): Added:'DumpHtml', with key:'dump_html'
06-05 19:59:35.640 I/InstrumentationBackend(20622): Added:'DumpBodyHtml', with key:'dump_body_html'
06-05 19:59:35.641 I/InstrumentationBackend(20622): Added:'EnterTextByCssSelector', with key:'enter_text_by_selector'
06-05 19:59:35.641 I/InstrumentationBackend(20622): Added:'AndroidSDKVersion', with key:'android_sdk_version'
06-05 19:59:35.641 I/InstrumentationBackend(20622): Added:'Version', with key:'version'
06-05 19:59:35.641 I/InstrumentationBackend(20622): Added:'Drag', with key:'drag'
06-05 19:59:35.641 I/InstrumentationBackend(20622): Added:'TouchCoordinates', with key:'touch_coordinate'
06-05 19:59:35.641 I/InstrumentationBackend(20622): Added:'LongPressCoordinate', with key:'long_press_coordinate'
06-05 19:59:35.641 I/InstrumentationBackend(20622): Added:'DragCoordinates', with key:'drag_coordinates'
06-05 19:59:35.641 I/InstrumentationBackend(20622): Added:'ResumeApplication', with key:'resume_application'
06-05 19:59:35.641 I/InstrumentationBackend(20622): Added:'Swipe', with key:'swipe'
06-05 19:59:35.641 I/InstrumentationBackend(20622): Added:'DoubleTapCoordinate', with key:'double_tap_coordinate'
06-05 19:59:35.641 I/InstrumentationBackend(20622): Added:'ClickOnScreen', with key:'click_on_screen'
06-05 19:59:35.641 I/InstrumentationBackend(20622): Added:'GetActivityName', with key:'get_activity_name'
06-05 19:59:35.641 I/InstrumentationBackend(20622): Added:'ScrollToView', with key:'scroll_to_view'
06-05 19:59:35.641 I/InstrumentationBackend(20622): Added:'ViewConfiguration', with key:'view_configuration'
06-05 19:59:35.641 I/InstrumentationBackend(20622): Added:'IsCurrentActivityFocused', with key:'is_current_activity_focused'
06-05 19:59:35.641 I/InstrumentationBackend(20622): Added:'SendTcp', with key:'send_tcp'
06-05 19:59:35.641 I/InstrumentationBackend(20622): Added:'DpToDevicePixel', with key:'dp_to_device_pixel'
06-05 19:59:35.642 I/InstrumentationBackend(20622): Added:'KeyboardEnterText', with key:'keyboard_enter_text'
06-05 19:59:35.642 I/InstrumentationBackend(20622): Added:'DeleteSurroundingText', with key:'delete_surrounding_text'
06-05 19:59:35.642 I/InstrumentationBackend(20622): Added:'SetComposingRegion', with key:'set_composing_region'
06-05 19:59:35.642 I/InstrumentationBackend(20622): Added:'SetSelection', with key:'set_selection'
06-05 19:59:35.642 I/InstrumentationBackend(20622): Added:'KeyboardKeyEvent', with key:'keyboard_key_event'
06-05 19:59:35.642 I/InstrumentationBackend(20622): Added:'PressUserActionButton', with key:'press_user_action_button'
06-05 19:59:35.642 I/InstrumentationBackend(20622): Added:'HideSoftKeyboard', with key:'hide_soft_keyboard'
06-05 19:59:35.642 I/InstrumentationBackend(20622): Added:'ListActions', with key:'list_actions'
06-05 19:59:35.642 I/calabash(20622): Instantiating http server at 7102
06-05 19:59:35.642 I/System.out(20622): HTTP Daemon listening on: 7102
06-05 19:59:35.651 W/InputDispatcher( 1629): channel '8118f92 com.evancharlton.mileage/com.evancharlton.mileage.Mileage (server)' ~ Consumer closed input channel or an error occurred.  events=0x9
06-05 19:59:35.651 E/InputDispatcher( 1629): channel '8118f92 com.evancharlton.mileage/com.evancharlton.mileage.Mileage (server)' ~ Channel is unrecoverably broken and will be disposed!
06-05 19:59:35.651 I/WindowManager( 1629): WIN DEATH: Window{8118f92 u0 com.evancharlton.mileage/com.evancharlton.mileage.Mileage EXITING}
06-05 19:59:35.651 D/EGL_emulation( 1711): eglMakeCurrent: 0x9f1709c0: ver 2 0 (tinfo 0xa0e61d00)
06-05 19:59:35.651 W/InputDispatcher( 1629): Attempted to unregister already unregistered input channel '8118f92 com.evancharlton.mileage/com.evancharlton.mileage.Mileage (server)'
06-05 19:59:35.664 D/EGL_emulation( 1711): eglMakeCurrent: 0x9f1709c0: ver 2 0 (tinfo 0xa0e61d00)
06-05 19:59:35.668 D/EGL_emulation( 1711): eglMakeCurrent: 0x9f1709c0: ver 2 0 (tinfo 0xa0e61d00)
06-05 19:59:35.669 D/EGL_emulation( 1711): eglMakeCurrent: 0x9f1709c0: ver 2 0 (tinfo 0xa0e61d00)
06-05 19:59:35.685 D/EGL_emulation( 1711): eglMakeCurrent: 0x9f1709c0: ver 2 0 (tinfo 0xa0e61d00)
06-05 19:59:35.687 D/EGL_emulation( 1711): eglMakeCurrent: 0x9f1709c0: ver 2 0 (tinfo 0xa0e61d00)
06-05 19:59:35.702 D/EGL_emulation( 1711): eglMakeCurrent: 0x9f1709c0: ver 2 0 (tinfo 0xa0e61d00)
06-05 19:59:35.718 D/EGL_emulation( 1711): eglMakeCurrent: 0x9f1709c0: ver 2 0 (tinfo 0xa0e61d00)
06-05 19:59:35.720 D/EGL_emulation( 1711): eglMakeCurrent: 0x9f1709c0: ver 2 0 (tinfo 0xa0e61d00)
06-05 19:59:35.729 I/System.out(20622): URI: //ping
06-05 19:59:35.729 I/System.out(20622): params: {json={}
06-05 19:59:35.729 I/System.out(20622): }
06-05 19:59:35.731 I/System.out(20622): URI: //ping
06-05 19:59:35.731 I/System.out(20622): params: {json={}
06-05 19:59:35.731 I/System.out(20622): }
06-05 19:59:35.733 I/System.out(20622): URI: //ready
06-05 19:59:35.733 I/System.out(20622): params: {json={}
06-05 19:59:35.733 I/System.out(20622): }
06-05 19:59:35.736 I/System.out(20622): URI: //
06-05 19:59:35.736 I/System.out(20622): params: {json={"command":"version","arguments":[]}
06-05 19:59:35.736 I/System.out(20622): }
06-05 19:59:35.736 I/System.out(20622): header: {content-type=application/json;charset=utf-8, date=Sat, 06 Jun 2020 00:59:36 GMT, accept=*/*, host=127.0.0.1:34783, content-length=36, user-agent=HTTPClient/1.0 (2.8.3, ruby 2.5.1 (2018-03-29))}
06-05 19:59:35.736 I/System.out(20622): params: {json={"command":"version","arguments":[]}
06-05 19:59:35.736 I/System.out(20622): }
06-05 19:59:35.736 I/System.out(20622): ProP json = {"command":"version","arguments":[]}
06-05 19:59:35.736 I/System.out(20622): files: {}
06-05 19:59:35.736 I/System.out(20622): command: {"command":"version","arguments":[]}
06-05 19:59:35.739 I/InstrumentationBackend(20622): Got command:'Command:'Line:null,version', arguments:'[]'
06-05 19:59:35.744 I/System.out(20622): result:{"bonusInformation":[],"message":"0.9.8","success":true}
06-05 19:59:35.746 I/System.out(20622): URI: //start-application
06-05 19:59:35.746 I/System.out(20622): params: {json={"intent":null}
06-05 19:59:35.746 I/System.out(20622): }
06-05 19:59:35.754 I/ActivityManager( 1629): START u0 {act=android.intent.action.MAIN cat=[android.intent.category.LAUNCHER] flg=0x10200000 cmp=com.evancharlton.mileage/.Mileage} from uid 10196 on display 0
06-05 19:59:35.758 I/calabash(20622): newActivity1
06-05 19:59:35.765 I/calabash(20622): newActivity1
06-05 19:59:35.766 W/ActivityManager( 1629): Bad activity token: android.os.BinderProxy@1184cee
06-05 19:59:35.766 W/ActivityManager( 1629): java.lang.ClassCastException: android.os.BinderProxy cannot be cast to com.android.server.am.ActivityRecord$Token
06-05 19:59:35.766 W/ActivityManager( 1629): 	at com.android.server.am.ActivityRecord.forTokenLocked(ActivityRecord.java:586)
06-05 19:59:35.766 W/ActivityManager( 1629): 	at com.android.server.am.ActivityRecord.isInStackLocked(ActivityRecord.java:1327)
06-05 19:59:35.766 W/ActivityManager( 1629): 	at com.android.server.am.ActivityRecord.getStackLocked(ActivityRecord.java:1332)
06-05 19:59:35.766 W/ActivityManager( 1629): 	at com.android.server.am.ActivityManagerService.getActivityDisplayId(ActivityManagerService.java:9806)
06-05 19:59:35.766 W/ActivityManager( 1629): 	at android.app.ActivityManagerNative.onTransact(ActivityManagerNative.java:2566)
06-05 19:59:35.766 W/ActivityManager( 1629): 	at com.android.server.am.ActivityManagerService.onTransact(ActivityManagerService.java:2757)
06-05 19:59:35.766 W/ActivityManager( 1629): 	at android.os.Binder.execTransact(Binder.java:565)
06-05 19:59:35.767 W/ActivityManager( 1629): Bad activity token: android.os.BinderProxy@1184cee
06-05 19:59:35.767 W/ActivityManager( 1629): java.lang.ClassCastException: android.os.BinderProxy cannot be cast to com.android.server.am.ActivityRecord$Token
06-05 19:59:35.767 W/ActivityManager( 1629): 	at com.android.server.am.ActivityRecord.forTokenLocked(ActivityRecord.java:586)
06-05 19:59:35.767 W/ActivityManager( 1629): 	at com.android.server.am.ActivityRecord.isInStackLocked(ActivityRecord.java:1327)
06-05 19:59:35.767 W/ActivityManager( 1629): 	at com.android.server.am.ActivityManagerService.setTaskDescription(ActivityManagerService.java:9358)
06-05 19:59:35.767 W/ActivityManager( 1629): 	at android.app.ActivityManagerNative.onTransact(ActivityManagerNative.java:2639)
06-05 19:59:35.767 W/ActivityManager( 1629): 	at com.android.server.am.ActivityManagerService.onTransact(ActivityManagerService.java:2757)
06-05 19:59:35.767 W/ActivityManager( 1629): 	at android.os.Binder.execTransact(Binder.java:565)
06-05 19:59:35.767 W/ActivityManager( 1629): Bad activity token: android.os.BinderProxy@1184cee
06-05 19:59:35.767 W/ActivityManager( 1629): java.lang.ClassCastException: android.os.BinderProxy cannot be cast to com.android.server.am.ActivityRecord$Token
06-05 19:59:35.767 W/ActivityManager( 1629): 	at com.android.server.am.ActivityRecord.forTokenLocked(ActivityRecord.java:586)
06-05 19:59:35.767 W/ActivityManager( 1629): 	at com.android.server.am.ActivityRecord.isInStackLocked(ActivityRecord.java:1327)
06-05 19:59:35.767 W/ActivityManager( 1629): 	at com.android.server.am.ActivityRecord.getStackLocked(ActivityRecord.java:1332)
06-05 19:59:35.767 W/ActivityManager( 1629): 	at com.android.server.am.ActivityManagerService.getActivityStackId(ActivityManagerService.java:9817)
06-05 19:59:35.767 W/ActivityManager( 1629): 	at android.app.ActivityManagerNative.onTransact(ActivityManagerNative.java:2856)
06-05 19:59:35.767 W/ActivityManager( 1629): 	at com.android.server.am.ActivityManagerService.onTransact(ActivityManagerService.java:2757)
06-05 19:59:35.767 W/ActivityManager( 1629): 	at android.os.Binder.execTransact(Binder.java:565)
06-05 19:59:35.781 W/ActivityManager( 1629): Bad activity token: android.os.BinderProxy@1184cee
06-05 19:59:35.781 W/ActivityManager( 1629): java.lang.ClassCastException: android.os.BinderProxy cannot be cast to com.android.server.am.ActivityRecord$Token
06-05 19:59:35.781 W/ActivityManager( 1629): 	at com.android.server.am.ActivityRecord.forTokenLocked(ActivityRecord.java:586)
06-05 19:59:35.781 W/ActivityManager( 1629): 	at com.android.server.am.ActivityRecord.isInStackLocked(ActivityRecord.java:1327)
06-05 19:59:35.781 W/ActivityManager( 1629): 	at com.android.server.am.ActivityManagerService.getActivityOptions(ActivityManagerService.java:12559)
06-05 19:59:35.781 W/ActivityManager( 1629): 	at android.app.ActivityManagerNative.onTransact(ActivityManagerNative.java:1933)
06-05 19:59:35.781 W/ActivityManager( 1629): 	at com.android.server.am.ActivityManagerService.onTransact(ActivityManagerService.java:2757)
06-05 19:59:35.781 W/ActivityManager( 1629): 	at android.os.Binder.execTransact(Binder.java:565)
06-05 19:59:35.781 W/ActivityManager( 1629): Bad activity token: android.os.BinderProxy@1184cee
06-05 19:59:35.781 W/ActivityManager( 1629): java.lang.ClassCastException: android.os.BinderProxy cannot be cast to com.android.server.am.ActivityRecord$Token
06-05 19:59:35.781 W/ActivityManager( 1629): 	at com.android.server.am.ActivityRecord.forTokenLocked(ActivityRecord.java:586)
06-05 19:59:35.781 W/ActivityManager( 1629): 	at com.android.server.am.ActivityRecord.isInStackLocked(ActivityRecord.java:1327)
06-05 19:59:35.781 W/ActivityManager( 1629): 	at com.android.server.am.ActivityManagerService.getActivityOptions(ActivityManagerService.java:12559)
06-05 19:59:35.781 W/ActivityManager( 1629): 	at android.app.ActivityManagerNative.onTransact(ActivityManagerNative.java:1933)
06-05 19:59:35.781 W/ActivityManager( 1629): 	at com.android.server.am.ActivityManagerService.onTransact(ActivityManagerService.java:2757)
06-05 19:59:35.781 W/ActivityManager( 1629): 	at android.os.Binder.execTransact(Binder.java:565)
06-05 19:59:35.784 D/gralloc_ranchu( 1348): gralloc_alloc: Creating ashmem region of size 9023488
06-05 19:59:35.807 V/PhoneStatusBar( 1711): setLightsOn(true)
06-05 19:59:35.819 D/EGL_emulation( 1711): eglMakeCurrent: 0x9f1709c0: ver 2 0 (tinfo 0xa0e61d00)
06-05 19:59:35.819 V/PhoneStatusBar( 1711): setLightsOn(true)
06-05 19:59:35.820 V/PhoneStatusBar( 1711): setLightsOn(true)
06-05 19:59:35.821 D/gralloc_ranchu( 1348): gralloc_alloc: Creating ashmem region of size 9023488
06-05 19:59:35.826 D/        (20622): HostConnection::get() New Host Connection established 0x9f13cfc0, tid 20622
06-05 19:59:35.857 D/EGL_emulation( 1711): eglMakeCurrent: 0x9f1709c0: ver 2 0 (tinfo 0xa0e61d00)
06-05 19:59:35.857 D/EGL_emulation( 2147): eglMakeCurrent: 0xa3805360: ver 2 0 (tinfo 0xa3803630)
06-05 19:59:35.860 D/EGL_emulation( 1711): eglMakeCurrent: 0x9f1709c0: ver 2 0 (tinfo 0xa0e61d00)
06-05 19:59:35.861 D/EGL_emulation( 1711): eglMakeCurrent: 0x9f1709c0: ver 2 0 (tinfo 0xa0e61d00)
06-05 19:59:35.862 D/EGL_emulation( 1711): eglMakeCurrent: 0x9f1709c0: ver 2 0 (tinfo 0xa0e61d00)
06-05 19:59:35.874 D/EGL_emulation( 1711): eglMakeCurrent: 0x9f1709c0: ver 2 0 (tinfo 0xa0e61d00)
06-05 19:59:35.876 D/EGL_emulation( 1711): eglMakeCurrent: 0x9f1709c0: ver 2 0 (tinfo 0xa0e61d00)
06-05 19:59:35.876 I/ActivityManager( 1629): Displayed com.evancharlton.mileage/.Mileage: +119ms
06-05 19:59:35.884 D/gralloc_ranchu( 1348): gralloc_alloc: Creating ashmem region of size 9023488
06-05 19:59:35.893 D/EGL_emulation( 1711): eglMakeCurrent: 0x9f1709c0: ver 2 0 (tinfo 0xa0e61d00)
06-05 19:59:35.901 D/EGL_emulation( 1711): eglMakeCurrent: 0x9f1709c0: ver 2 0 (tinfo 0xa0e61d00)
06-05 19:59:35.910 D/EGL_emulation( 1711): eglMakeCurrent: 0x9f1709c0: ver 2 0 (tinfo 0xa0e61d00)
06-05 19:59:35.913 D/EGL_emulation( 1711): eglMakeCurrent: 0x9f1709c0: ver 2 0 (tinfo 0xa0e61d00)
06-05 19:59:35.913 V/PhoneStatusBar( 1711): setLightsOn(true)
06-05 19:59:35.918 I/WindowManager( 1629): Destroying surface Surface(name=com.evancharlton.mileage/com.evancharlton.mileage.Mileage) called by com.android.server.wm.WindowStateAnimator.destroySurface:2016 com.android.server.wm.WindowStateAnimator.destroySurfaceLocked:882 com.android.server.wm.WindowState.removeLocked:1456 com.android.server.wm.WindowManagerService.removeWindowInnerLocked:2484 com.android.server.wm.AppWindowToken.destroySurfaces:365 com.android.server.wm.WindowStateAnimator.finishExit:565 com.android.server.wm.AppWindowAnimator.stepAnimationLocked:427 com.android.server.wm.WindowAnimator.updateAppWindowsLocked:196 
06-05 19:59:35.925 D/EGL_emulation( 1711): eglMakeCurrent: 0x9f1709c0: ver 2 0 (tinfo 0xa0e61d00)
06-05 19:59:35.926 D/EGL_emulation( 1711): eglMakeCurrent: 0x9f1709c0: ver 2 0 (tinfo 0xa0e61d00)
06-05 19:59:35.931 I/System.out(20622): URI: //map
06-05 19:59:35.931 I/System.out(20622): params: {json={"query":"* marked:'Statistics'","operation":{"method_name":"query","arguments":[]}}
06-05 19:59:35.931 I/System.out(20622): }
06-05 19:59:35.935 D/EGL_emulation( 1711): eglMakeCurrent: 0x9f1709c0: ver 2 0 (tinfo 0xa0e61d00)
06-05 19:59:35.938 D/EGL_emulation( 1711): eglMakeCurrent: 0x9f1709c0: ver 2 0 (tinfo 0xa0e61d00)
06-05 19:59:35.938 V/PhoneStatusBar( 1711): setLightsOn(true)
06-05 19:59:35.943 W/ResourceType(20622): No package identifier when getting name for resource number 0x00000001
06-05 19:59:35.952 D/EGL_emulation( 1711): eglMakeCurrent: 0x9f1709c0: ver 2 0 (tinfo 0xa0e61d00)
06-05 19:59:35.954 D/EGL_emulation( 1711): eglMakeCurrent: 0x9f1709c0: ver 2 0 (tinfo 0xa0e61d00)
06-05 19:59:35.958 I/System.out(20622): URI: //gesture
06-05 19:59:35.958 I/System.out(20622): params: {json={"query_timeout":5.0,"gestures":[{"query_string":"* marked:'Statistics'","touches":[{"x":50,"y":50,"offset_x":0,"offset_y":0,"wait":0.0,"time":0.2,"release":true,"query_string":null}]}]}
06-05 19:59:35.958 I/System.out(20622): }
06-05 19:59:35.963 W/ResourceType(20622): No package identifier when getting name for resource number 0x00000001
06-05 19:59:35.968 D/EGL_emulation( 1711): eglMakeCurrent: 0x9f1709c0: ver 2 0 (tinfo 0xa0e61d00)
06-05 19:59:35.976 D/EGL_emulation( 1711): eglMakeCurrent: 0x9f1709c0: ver 2 0 (tinfo 0xa0e61d00)
06-05 19:59:35.987 D/EGL_emulation( 1711): eglMakeCurrent: 0x9f1709c0: ver 2 0 (tinfo 0xa0e61d00)
06-05 19:59:35.992 D/EGL_emulation( 1711): eglMakeCurrent: 0x9f1709c0: ver 2 0 (tinfo 0xa0e61d00)
06-05 19:59:36.004 D/EGL_emulation( 1711): eglMakeCurrent: 0x9f1709c0: ver 2 0 (tinfo 0xa0e61d00)
06-05 19:59:36.011 D/EGL_emulation( 1711): eglMakeCurrent: 0x9f1709c0: ver 2 0 (tinfo 0xa0e61d00)
06-05 19:59:36.020 D/EGL_emulation( 1711): eglMakeCurrent: 0x9f1709c0: ver 2 0 (tinfo 0xa0e61d00)
06-05 19:59:36.026 D/EGL_emulation( 1711): eglMakeCurrent: 0x9f1709c0: ver 2 0 (tinfo 0xa0e61d00)
06-05 19:59:36.037 D/EGL_emulation( 1711): eglMakeCurrent: 0x9f1709c0: ver 2 0 (tinfo 0xa0e61d00)
06-05 19:59:36.043 D/EGL_emulation( 1711): eglMakeCurrent: 0x9f1709c0: ver 2 0 (tinfo 0xa0e61d00)
06-05 19:59:36.053 D/EGL_emulation( 1711): eglMakeCurrent: 0x9f1709c0: ver 2 0 (tinfo 0xa0e61d00)
06-05 19:59:36.068 I/WindowManager( 1629): Destroying surface Surface(name=Starting com.evancharlton.mileage) called by com.android.server.wm.WindowStateAnimator.destroySurface:2016 com.android.server.wm.WindowStateAnimator.destroySurfaceLocked:882 com.android.server.wm.WindowState.destroyOrSaveSurface:2100 com.android.server.wm.AppWindowToken.destroySurfaces:363 com.android.server.wm.WindowStateAnimator.finishExit:565 com.android.server.wm.WindowStateAnimator.stepAnimationLocked:491 com.android.server.wm.WindowAnimator.updateWindowsLocked:303 com.android.server.wm.WindowAnimator.animateLocked:704 
06-05 19:59:36.073 V/PhoneStatusBar( 1711): setLightsOn(true)
06-05 19:59:36.077 V/PhoneStatusBar( 1711): setLightsOn(true)
06-05 19:59:36.192 I/calabash(20622): newActivity1
06-05 19:59:36.242 I/System.out(20622): URI: //map
06-05 19:59:36.242 I/System.out(20622): params: {json={"query":"android.widget.ScrollView index:0","operation":{"method_name":"query","arguments":[]}}
06-05 19:59:36.242 I/System.out(20622): }
06-05 19:59:36.257 W/ActivityManager( 1629): Bad activity token: android.os.BinderProxy@67ecd38
06-05 19:59:36.257 W/ActivityManager( 1629): java.lang.ClassCastException: android.os.BinderProxy cannot be cast to com.android.server.am.ActivityRecord$Token
06-05 19:59:36.257 W/ActivityManager( 1629): 	at com.android.server.am.ActivityRecord.forTokenLocked(ActivityRecord.java:586)
06-05 19:59:36.257 W/ActivityManager( 1629): 	at com.android.server.am.ActivityRecord.isInStackLocked(ActivityRecord.java:1327)
06-05 19:59:36.257 W/ActivityManager( 1629): 	at com.android.server.am.ActivityRecord.getStackLocked(ActivityRecord.java:1332)
06-05 19:59:36.257 W/ActivityManager( 1629): 	at com.android.server.am.ActivityManagerService.getActivityDisplayId(ActivityManagerService.java:9806)
06-05 19:59:36.257 W/ActivityManager( 1629): 	at android.app.ActivityManagerNative.onTransact(ActivityManagerNative.java:2566)
06-05 19:59:36.257 W/ActivityManager( 1629): 	at com.android.server.am.ActivityManagerService.onTransact(ActivityManagerService.java:2757)
06-05 19:59:36.257 W/ActivityManager( 1629): 	at android.os.Binder.execTransact(Binder.java:565)
06-05 19:59:36.261 W/ActivityManager( 1629): Bad activity token: android.os.BinderProxy@67ecd38
06-05 19:59:36.261 W/ActivityManager( 1629): java.lang.ClassCastException: android.os.BinderProxy cannot be cast to com.android.server.am.ActivityRecord$Token
06-05 19:59:36.261 W/ActivityManager( 1629): 	at com.android.server.am.ActivityRecord.forTokenLocked(ActivityRecord.java:586)
06-05 19:59:36.261 W/ActivityManager( 1629): 	at com.android.server.am.ActivityRecord.isInStackLocked(ActivityRecord.java:1327)
06-05 19:59:36.261 W/ActivityManager( 1629): 	at com.android.server.am.ActivityManagerService.setTaskDescription(ActivityManagerService.java:9358)
06-05 19:59:36.261 W/ActivityManager( 1629): 	at android.app.ActivityManagerNative.onTransact(ActivityManagerNative.java:2639)
06-05 19:59:36.261 W/ActivityManager( 1629): 	at com.android.server.am.ActivityManagerService.onTransact(ActivityManagerService.java:2757)
06-05 19:59:36.261 W/ActivityManager( 1629): 	at android.os.Binder.execTransact(Binder.java:565)
06-05 19:59:36.262 W/ActivityManager( 1629): Bad activity token: android.os.BinderProxy@67ecd38
06-05 19:59:36.262 W/ActivityManager( 1629): java.lang.ClassCastException: android.os.BinderProxy cannot be cast to com.android.server.am.ActivityRecord$Token
06-05 19:59:36.262 W/ActivityManager( 1629): 	at com.android.server.am.ActivityRecord.forTokenLocked(ActivityRecord.java:586)
06-05 19:59:36.262 W/ActivityManager( 1629): 	at com.android.server.am.ActivityRecord.isInStackLocked(ActivityRecord.java:1327)
06-05 19:59:36.262 W/ActivityManager( 1629): 	at com.android.server.am.ActivityRecord.getStackLocked(ActivityRecord.java:1332)
06-05 19:59:36.262 W/ActivityManager( 1629): 	at com.android.server.am.ActivityManagerService.getActivityStackId(ActivityManagerService.java:9817)
06-05 19:59:36.262 W/ActivityManager( 1629): 	at android.app.ActivityManagerNative.onTransact(ActivityManagerNative.java:2856)
06-05 19:59:36.262 W/ActivityManager( 1629): 	at com.android.server.am.ActivityManagerService.onTransact(ActivityManagerService.java:2757)
06-05 19:59:36.262 W/ActivityManager( 1629): 	at android.os.Binder.execTransact(Binder.java:565)
06-05 19:59:36.269 V/PhoneStatusBar( 1711): setLightsOn(true)
06-05 19:59:36.275 D/VehicleStatisticsActivity(20622): Checking recalculation ...
06-05 19:59:36.277 D/VehicleStatisticsActivity(20622): Recalculation not necessary.
06-05 19:59:36.279 W/ActivityManager( 1629): Bad activity token: android.os.BinderProxy@67ecd38
06-05 19:59:36.279 W/ActivityManager( 1629): java.lang.ClassCastException: android.os.BinderProxy cannot be cast to com.android.server.am.ActivityRecord$Token
06-05 19:59:36.279 W/ActivityManager( 1629): 	at com.android.server.am.ActivityRecord.forTokenLocked(ActivityRecord.java:586)
06-05 19:59:36.279 W/ActivityManager( 1629): 	at com.android.server.am.ActivityRecord.isInStackLocked(ActivityRecord.java:1327)
06-05 19:59:36.279 W/ActivityManager( 1629): 	at com.android.server.am.ActivityManagerService.getActivityOptions(ActivityManagerService.java:12559)
06-05 19:59:36.279 W/ActivityManager( 1629): 	at android.app.ActivityManagerNative.onTransact(ActivityManagerNative.java:1933)
06-05 19:59:36.279 W/ActivityManager( 1629): 	at com.android.server.am.ActivityManagerService.onTransact(ActivityManagerService.java:2757)
06-05 19:59:36.279 W/ActivityManager( 1629): 	at android.os.Binder.execTransact(Binder.java:565)
06-05 19:59:36.279 W/ActivityManager( 1629): Bad activity token: android.os.BinderProxy@67ecd38
06-05 19:59:36.279 W/ActivityManager( 1629): java.lang.ClassCastException: android.os.BinderProxy cannot be cast to com.android.server.am.ActivityRecord$Token
06-05 19:59:36.279 W/ActivityManager( 1629): 	at com.android.server.am.ActivityRecord.forTokenLocked(ActivityRecord.java:586)
06-05 19:59:36.279 W/ActivityManager( 1629): 	at com.android.server.am.ActivityRecord.isInStackLocked(ActivityRecord.java:1327)
06-05 19:59:36.279 W/ActivityManager( 1629): 	at com.android.server.am.ActivityManagerService.getActivityOptions(ActivityManagerService.java:12559)
06-05 19:59:36.279 W/ActivityManager( 1629): 	at android.app.ActivityManagerNative.onTransact(ActivityManagerNative.java:1933)
06-05 19:59:36.279 W/ActivityManager( 1629): 	at com.android.server.am.ActivityManagerService.onTransact(ActivityManagerService.java:2757)
06-05 19:59:36.279 W/ActivityManager( 1629): 	at android.os.Binder.execTransact(Binder.java:565)
06-05 19:59:36.282 D/VehicleStatisticsActivity(20622): Checking recalculation ...
06-05 19:59:36.283 D/VehicleStatisticsActivity(20622): Recalculation not necessary.
06-05 19:59:36.366 I/System.out(20622): URI: //map
06-05 19:59:36.367 I/System.out(20622): params: {json={"query":"android.widget.AbsListView index:0","operation":{"method_name":"query","arguments":[]}}
06-05 19:59:36.367 I/System.out(20622): }
06-05 19:59:36.375 I/art     (20622): Do partial code cache collection, code=30KB, data=29KB
06-05 19:59:36.375 I/art     (20622): After code cache collection, code=29KB, data=28KB
06-05 19:59:36.375 I/art     (20622): Increasing code cache capacity to 128KB
06-05 19:59:36.392 I/System.out(20622): URI: //map
06-05 19:59:36.392 I/System.out(20622): params: {json={"query":"android.widget.AbsListView index:0","operation":{"method_name":"query","arguments":[]}}
06-05 19:59:36.392 I/System.out(20622): }
06-05 19:59:36.418 I/System.out(20622): URI: //map
06-05 19:59:36.418 I/System.out(20622): params: {json={"query":"android.widget.AbsListView index:0","operation":{"method_name":"query","arguments":[]}}
06-05 19:59:36.418 I/System.out(20622): }
06-05 19:59:36.438 I/System.out(20622): URI: //map
06-05 19:59:36.438 I/System.out(20622): params: {json={"query":"android.widget.AbsListView index:0","operation":{"method_name":"query","arguments":["getFirstVisiblePosition"]}}
06-05 19:59:36.438 I/System.out(20622): }
06-05 19:59:36.457 I/System.out(20622): URI: //map
06-05 19:59:36.457 I/System.out(20622): params: {json={"query":"android.widget.AbsListView index:0","operation":{"method_name":"query","arguments":["getLastVisiblePosition"]}}
06-05 19:59:36.457 I/System.out(20622): }
06-05 19:59:36.477 I/System.out(20622): URI: //map
06-05 19:59:36.477 I/System.out(20622): params: {json={"query":"android.widget.AbsListView index:0","operation":{"method_name":"query","arguments":[{"method_name":"setSelection","arguments":[26]}]}}
06-05 19:59:36.477 I/System.out(20622): }
06-05 19:59:36.512 I/System.out(20622): URI: //map
06-05 19:59:36.512 I/System.out(20622): params: {json={"query":"* marked:'Largest fillup'","operation":{"method_name":"query","arguments":[]}}
06-05 19:59:36.512 I/System.out(20622): }
06-05 19:59:36.565 D/gralloc_ranchu( 1348): gralloc_alloc: Creating ashmem region of size 9023488
06-05 19:59:36.569 V/PhoneStatusBar( 1711): setLightsOn(true)
06-05 19:59:36.569 V/PhoneStatusBar( 1711): setLightsOn(true)
06-05 19:59:36.571 W/OpenGLRenderer( 2147): Incorrectly called buildLayer on View: ShortcutAndWidgetContainer, destroying layer...
06-05 19:59:36.585 I/WindowManager( 1629): Destroying surface Surface(name=com.android.launcher3/com.android.launcher3.Launcher) called by com.android.server.wm.WindowStateAnimator.destroySurface:2016 com.android.server.wm.WindowStateAnimator.destroySurfaceLocked:882 com.android.server.wm.WindowState.destroyOrSaveSurface:2100 com.android.server.wm.AppWindowToken.destroySurfaces:363 com.android.server.wm.AppWindowToken.notifyAppStopped:389 com.android.server.wm.WindowManagerService.notifyAppStopped:4463 com.android.server.am.ActivityStack.activityStoppedLocked:1252 com.android.server.am.ActivityManagerService.activityStopped:6903 
06-05 19:59:36.586 V/PhoneStatusBar( 1711): setLightsOn(true)
06-05 19:59:36.610 W/ResourceType(20622): No package identifier when getting name for resource number 0x00000001
06-05 19:59:36.622 I/System.out(20622): URI: //gesture
06-05 19:59:36.622 I/System.out(20622): params: {json={"query_timeout":5.0,"gestures":[{"query_string":"* marked:'Largest fillup'","touches":[{"x":50,"y":50,"offset_x":0,"offset_y":0,"wait":0.0,"time":0.2,"release":true,"query_string":null}]}]}
06-05 19:59:36.622 I/System.out(20622): }
06-05 19:59:36.625 W/ResourceType(20622): No package identifier when getting name for resource number 0x00000001
06-05 19:59:36.854 I/ActivityManager( 1629): START u0 {cmp=com.evancharlton.mileage/.charts.MaximumVolumeChart (has extras)} from uid 10196 on display 0
06-05 19:59:36.859 V/PhoneStatusBar( 1711): setLightsOn(true)
06-05 19:59:36.862 V/PhoneStatusBar( 1711): setLightsOn(true)
06-05 19:59:36.889 I/System.out(20622): URI: //map
06-05 19:59:36.889 I/System.out(20622): params: {json={"query":"* {text CONTAINS[c] 'Largest fillup size'}","operation":{"method_name":"query","arguments":[]}}
06-05 19:59:36.889 I/System.out(20622): }
06-05 19:59:36.918 I/calabash(20622): newActivity1
06-05 19:59:36.922 W/aiCharts(20622): License file is invalid or missing. 
06-05 19:59:36.922 W/aiCharts(20622): Please place proper license.lic to /assets folder.
06-05 19:59:36.936 V/PhoneStatusBar( 1711): setLightsOn(true)
06-05 19:59:36.968 V/PhoneStatusBar( 1711): setLightsOn(true)
06-05 19:59:36.972 I/WindowManager( 1629): Destroying surface Surface(name=Creating chart…) called by com.android.server.wm.WindowStateAnimator.destroySurface:2016 com.android.server.wm.WindowStateAnimator.destroySurfaceLocked:882 com.android.server.wm.WindowState.removeLocked:1456 com.android.server.wm.WindowManagerService.removeWindowInnerLocked:2484 com.android.server.wm.WindowManagerService.removeWindowLocked:2442 com.android.server.wm.WindowManagerService.removeWindowLocked:2311 com.android.server.wm.WindowManagerService.removeWindow:2306 com.android.server.wm.Session.remove:202 
06-05 19:59:36.974 D/gralloc_ranchu( 1348): gralloc_alloc: Creating ashmem region of size 9023488
06-05 19:59:36.984 V/PhoneStatusBar( 1711): setLightsOn(true)
06-05 19:59:36.999 I/ActivityManager( 1629): Displayed com.evancharlton.mileage/.charts.MaximumVolumeChart: +83ms
06-05 19:59:37.001 V/PhoneStatusBar( 1711): setLightsOn(true)
06-05 19:59:37.051 V/PhoneStatusBar( 1711): setLightsOn(true)
06-05 19:59:37.235 V/PhoneStatusBar( 1711): setLightsOn(true)
06-05 19:59:37.250 I/System.out(20622): URI: //map
06-05 19:59:37.250 I/System.out(20622): params: {json={"query":"* {text CONTAINS[c] 'Largest fillup size'}","operation":{"method_name":"query","arguments":[]}}
06-05 19:59:37.250 I/System.out(20622): }
06-05 19:59:37.266 I/System.out(20622): URI: //
06-05 19:59:37.266 I/System.out(20622): params: {json={"command":"press_key","arguments":["KEYCODE_BACK"]}
06-05 19:59:37.266 I/System.out(20622): }
06-05 19:59:37.266 I/System.out(20622): header: {content-type=application/json;charset=utf-8, date=Sat, 06 Jun 2020 00:59:37 GMT, accept=*/*, host=127.0.0.1:34783, content-length=52, user-agent=HTTPClient/1.0 (2.8.3, ruby 2.5.1 (2018-03-29))}
06-05 19:59:37.266 I/System.out(20622): params: {json={"command":"press_key","arguments":["KEYCODE_BACK"]}
06-05 19:59:37.266 I/System.out(20622): }
06-05 19:59:37.266 I/System.out(20622): ProP json = {"command":"press_key","arguments":["KEYCODE_BACK"]}
06-05 19:59:37.266 I/System.out(20622): files: {}
06-05 19:59:37.266 I/System.out(20622): command: {"command":"press_key","arguments":["KEYCODE_BACK"]}
06-05 19:59:37.267 I/InstrumentationBackend(20622): Got command:'Command:'Line:null,press_key', arguments:'[KEYCODE_BACK]'
06-05 19:59:37.270 V/PhoneStatusBar( 1711): setLightsOn(true)
06-05 19:59:37.271 V/PhoneStatusBar( 1711): setLightsOn(true)
06-05 19:59:37.273 I/art     (20622): Do partial code cache collection, code=60KB, data=62KB
06-05 19:59:37.273 I/art     (20622): After code cache collection, code=59KB, data=61KB
06-05 19:59:37.273 I/art     (20622): Increasing code cache capacity to 256KB
06-05 19:59:37.274 D/VehicleStatisticsActivity(20622): Checking recalculation ...
06-05 19:59:37.274 D/VehicleStatisticsActivity(20622): Recalculation not necessary.
06-05 19:59:37.274 I/System.out(20622): result:{"bonusInformation":[],"message":"","success":true}
06-05 19:59:37.277 I/System.out(20622): URI: //map
06-05 19:59:37.277 I/System.out(20622): params: {json={"query":"* {text CONTAINS[c] 'Statistics'}","operation":{"method_name":"query","arguments":[]}}
06-05 19:59:37.277 I/System.out(20622): }
06-05 19:59:37.284 V/PhoneStatusBar( 1711): setLightsOn(true)
06-05 19:59:37.301 D/gralloc_ranchu( 1348): gralloc_alloc: Creating ashmem region of size 9023488
06-05 19:59:37.302 V/PhoneStatusBar( 1711): setLightsOn(true)
06-05 19:59:37.318 V/PhoneStatusBar( 1711): setLightsOn(true)
06-05 19:59:37.334 V/PhoneStatusBar( 1711): setLightsOn(true)
