06-06 01:00:13.642 I/System.out(24587): params: {json={"command":"keyboard_enter_text","arguments":["2018"]}
06-06 01:00:13.642 I/System.out(24587): }
06-06 01:00:13.642 I/System.out(24587): ProP json = {"command":"keyboard_enter_text","arguments":["2018"]}
06-06 01:00:13.642 I/System.out(24587): files: {}
06-06 01:00:13.642 I/System.out(24587): command: {"command":"keyboard_enter_text","arguments":["2018"]}
06-06 01:00:13.643 I/InstrumentationBackend(24587): Got command:'Command:'Line:null,keyboard_enter_text', arguments:'[2018]'
06-06 01:00:13.643 E/SpannableStringBuilder(24587): SPAN_EXCLUSIVE_EXCLUSIVE spans cannot have a zero length
06-06 01:00:13.644 E/SpannableStringBuilder(24587): SPAN_EXCLUSIVE_EXCLUSIVE spans cannot have a zero length
06-06 01:00:13.645 E/SpannableStringBuilder(24587): SPAN_EXCLUSIVE_EXCLUSIVE spans cannot have a zero length
06-06 01:00:13.645 E/SpannableStringBuilder(24587): SPAN_EXCLUSIVE_EXCLUSIVE spans cannot have a zero length
06-06 01:00:13.648 I/System.out(24587): result:{"bonusInformation":[],"message":"","success":true}
06-06 01:00:13.651 I/System.out(24587): URI: //map
06-06 01:00:13.651 I/System.out(24587): params: {json={"query":"android.widget.EditText index:2","operation":{"method_name":"query","arguments":[]}}
06-06 01:00:13.651 I/System.out(24587): }
06-06 01:00:13.687 I/System.out(24587): URI: //gesture
06-06 01:00:13.688 I/System.out(24587): params: {json={"query_timeout":5.0,"gestures":[{"query_string":"android.widget.EditText index:2","touches":[{"x":50,"y":50,"offset_x":0,"offset_y":0,"wait":0.0,"time":0.2,"release":true,"query_string":null}]}]}
06-06 01:00:13.688 I/System.out(24587): }
06-06 01:00:13.690 I/art     (24587): Do partial code cache collection, code=53KB, data=58KB
06-06 01:00:13.691 I/art     (24587): After code cache collection, code=53KB, data=58KB
06-06 01:00:13.691 I/art     (24587): Increasing code cache capacity to 256KB
06-06 01:00:13.924 I/LatinIME( 1698): Starting input. Cursor position = 0,0
06-06 01:00:13.962 W/IInputConnectionWrapper(24587): finishComposingText on inactive InputConnection
06-06 01:00:14.427 I/System.out(24587): URI: //
06-06 01:00:14.427 I/System.out(24587): params: {json={"command":"set_selection","arguments":[-1,-1]}
06-06 01:00:14.427 I/System.out(24587): }
06-06 01:00:14.428 I/System.out(24587): header: {content-type=application/json;charset=utf-8, date=Sat, 06 Jun 2020 06:00:14 GMT, accept=*/*, host=127.0.0.1:34777, content-length=47, user-agent=HTTPClient/1.0 (2.8.3, ruby 2.5.1 (2018-03-29))}
06-06 01:00:14.428 I/System.out(24587): params: {json={"command":"set_selection","arguments":[-1,-1]}
06-06 01:00:14.428 I/System.out(24587): }
06-06 01:00:14.428 I/System.out(24587): ProP json = {"command":"set_selection","arguments":[-1,-1]}
06-06 01:00:14.428 I/System.out(24587): files: {}
06-06 01:00:14.428 I/System.out(24587): command: {"command":"set_selection","arguments":[-1,-1]}
06-06 01:00:14.429 I/InstrumentationBackend(24587): Got command:'Command:'Line:null,set_selection', arguments:'[-1, -1]'
06-06 01:00:14.462 I/System.out(24587): result:{"bonusInformation":[],"message":"","success":true}
06-06 01:00:14.479 I/System.out(24587): URI: //
06-06 01:00:14.479 I/System.out(24587): params: {json={"command":"keyboard_enter_text","arguments":["Nissan"]}
06-06 01:00:14.479 I/System.out(24587): }
06-06 01:00:14.479 I/System.out(24587): header: {content-type=application/json;charset=utf-8, date=Sat, 06 Jun 2020 06:00:14 GMT, accept=*/*, host=127.0.0.1:34777, content-length=56, user-agent=HTTPClient/1.0 (2.8.3, ruby 2.5.1 (2018-03-29))}
06-06 01:00:14.479 I/System.out(24587): params: {json={"command":"keyboard_enter_text","arguments":["Nissan"]}
06-06 01:00:14.479 I/System.out(24587): }
06-06 01:00:14.479 I/System.out(24587): ProP json = {"command":"keyboard_enter_text","arguments":["Nissan"]}
06-06 01:00:14.479 I/System.out(24587): files: {}
06-06 01:00:14.479 I/System.out(24587): command: {"command":"keyboard_enter_text","arguments":["Nissan"]}
06-06 01:00:14.481 I/InstrumentationBackend(24587): Got command:'Command:'Line:null,keyboard_enter_text', arguments:'[Nissan]'
06-06 01:00:14.481 E/SpannableStringBuilder(24587): SPAN_EXCLUSIVE_EXCLUSIVE spans cannot have a zero length
06-06 01:00:14.481 E/SpannableStringBuilder(24587): SPAN_EXCLUSIVE_EXCLUSIVE spans cannot have a zero length
06-06 01:00:14.485 E/SpannableStringBuilder(24587): SPAN_EXCLUSIVE_EXCLUSIVE spans cannot have a zero length
06-06 01:00:14.485 E/SpannableStringBuilder(24587): SPAN_EXCLUSIVE_EXCLUSIVE spans cannot have a zero length
06-06 01:00:14.489 I/System.out(24587): result:{"bonusInformation":[],"message":"","success":true}
06-06 01:00:14.492 I/System.out(24587): URI: //map
06-06 01:00:14.492 I/System.out(24587): params: {json={"query":"android.widget.EditText index:3","operation":{"method_name":"query","arguments":[]}}
06-06 01:00:14.492 I/System.out(24587): }
06-06 01:00:14.511 I/art     (24587): Compiler allocated 7MB to compile sh.calaba.instrumentationbackend.actions.NanoHTTPD$Response sh.calaba.instrumentationbackend.actions.HttpServer.serve(java.lang.String, java.lang.String, java.util.Properties, java.util.Properties, java.util.Properties)
06-06 01:00:14.534 I/System.out(24587): URI: //gesture
06-06 01:00:14.534 I/System.out(24587): params: {json={"query_timeout":5.0,"gestures":[{"query_string":"android.widget.EditText index:3","touches":[{"x":50,"y":50,"offset_x":0,"offset_y":0,"wait":0.0,"time":0.2,"release":true,"query_string":null}]}]}
06-06 01:00:14.534 I/System.out(24587): }
06-06 01:00:14.772 I/LatinIME( 1698): Starting input. Cursor position = 0,0
06-06 01:00:14.805 W/IInputConnectionWrapper(24587): finishComposingText on inactive InputConnection
06-06 01:00:14.805 W/IInputConnectionWrapper(24587): finishComposingText on inactive InputConnection
06-06 01:00:14.867 W/audio_hw_generic( 1394): Not supplying enough data to HAL, expected position 516230859 , only wrote 515244240
06-06 01:00:15.277 I/System.out(24587): URI: //
06-06 01:00:15.277 I/System.out(24587): params: {json={"command":"set_selection","arguments":[-1,-1]}
06-06 01:00:15.277 I/System.out(24587): }
06-06 01:00:15.277 I/System.out(24587): header: {content-type=application/json;charset=utf-8, date=Sat, 06 Jun 2020 06:00:15 GMT, accept=*/*, host=127.0.0.1:34777, content-length=47, user-agent=HTTPClient/1.0 (2.8.3, ruby 2.5.1 (2018-03-29))}
06-06 01:00:15.277 I/System.out(24587): params: {json={"command":"set_selection","arguments":[-1,-1]}
06-06 01:00:15.277 I/System.out(24587): }
06-06 01:00:15.277 I/System.out(24587): ProP json = {"command":"set_selection","arguments":[-1,-1]}
06-06 01:00:15.277 I/System.out(24587): files: {}
06-06 01:00:15.277 I/System.out(24587): command: {"command":"set_selection","arguments":[-1,-1]}
06-06 01:00:15.278 I/InstrumentationBackend(24587): Got command:'Command:'Line:null,set_selection', arguments:'[-1, -1]'
06-06 01:00:15.323 I/System.out(24587): result:{"bonusInformation":[],"message":"","success":true}
06-06 01:00:15.337 I/System.out(24587): URI: //
06-06 01:00:15.337 I/System.out(24587): params: {json={"command":"keyboard_enter_text","arguments":["Versa"]}
06-06 01:00:15.337 I/System.out(24587): }
06-06 01:00:15.337 I/System.out(24587): header: {content-type=application/json;charset=utf-8, date=Sat, 06 Jun 2020 06:00:15 GMT, accept=*/*, host=127.0.0.1:34777, content-length=55, user-agent=HTTPClient/1.0 (2.8.3, ruby 2.5.1 (2018-03-29))}
06-06 01:00:15.337 I/System.out(24587): params: {json={"command":"keyboard_enter_text","arguments":["Versa"]}
06-06 01:00:15.337 I/System.out(24587): }
06-06 01:00:15.337 I/System.out(24587): ProP json = {"command":"keyboard_enter_text","arguments":["Versa"]}
06-06 01:00:15.337 I/System.out(24587): files: {}
06-06 01:00:15.337 I/System.out(24587): command: {"command":"keyboard_enter_text","arguments":["Versa"]}
06-06 01:00:15.338 I/InstrumentationBackend(24587): Got command:'Command:'Line:null,keyboard_enter_text', arguments:'[Versa]'
06-06 01:00:15.339 E/SpannableStringBuilder(24587): SPAN_EXCLUSIVE_EXCLUSIVE spans cannot have a zero length
06-06 01:00:15.339 E/SpannableStringBuilder(24587): SPAN_EXCLUSIVE_EXCLUSIVE spans cannot have a zero length
06-06 01:00:15.341 E/SpannableStringBuilder(24587): SPAN_EXCLUSIVE_EXCLUSIVE spans cannot have a zero length
06-06 01:00:15.341 E/SpannableStringBuilder(24587): SPAN_EXCLUSIVE_EXCLUSIVE spans cannot have a zero length
06-06 01:00:15.345 I/System.out(24587): result:{"bonusInformation":[],"message":"","success":true}
06-06 01:00:15.348 I/System.out(24587): URI: //map
06-06 01:00:15.348 I/System.out(24587): params: {json={"query":"android.widget.EditText index:4","operation":{"method_name":"query","arguments":[]}}
06-06 01:00:15.348 I/System.out(24587): }
06-06 01:00:15.405 I/System.out(24587): URI: //gesture
06-06 01:00:15.405 I/System.out(24587): params: {json={"query_timeout":5.0,"gestures":[{"query_string":"android.widget.EditText index:4","touches":[{"x":50,"y":50,"offset_x":0,"offset_y":0,"wait":0.0,"time":0.2,"release":true,"query_string":null}]}]}
06-06 01:00:15.405 I/System.out(24587): }
06-06 01:00:15.638 I/LatinIME( 1698): Starting input. Cursor position = 0,0
06-06 01:00:15.672 W/IInputConnectionWrapper(24587): finishComposingText on inactive InputConnection
06-06 01:00:15.672 W/IInputConnectionWrapper(24587): finishComposingText on inactive InputConnection
06-06 01:00:16.141 I/System.out(24587): URI: //
06-06 01:00:16.141 I/System.out(24587): params: {json={"command":"set_selection","arguments":[-1,-1]}
06-06 01:00:16.141 I/System.out(24587): }
06-06 01:00:16.141 I/System.out(24587): header: {content-type=application/json;charset=utf-8, date=Sat, 06 Jun 2020 06:00:16 GMT, accept=*/*, host=127.0.0.1:34777, content-length=47, user-agent=HTTPClient/1.0 (2.8.3, ruby 2.5.1 (2018-03-29))}
06-06 01:00:16.141 I/System.out(24587): params: {json={"command":"set_selection","arguments":[-1,-1]}
06-06 01:00:16.141 I/System.out(24587): }
06-06 01:00:16.141 I/System.out(24587): ProP json = {"command":"set_selection","arguments":[-1,-1]}
06-06 01:00:16.141 I/System.out(24587): files: {}
06-06 01:00:16.141 I/System.out(24587): command: {"command":"set_selection","arguments":[-1,-1]}
06-06 01:00:16.143 I/InstrumentationBackend(24587): Got command:'Command:'Line:null,set_selection', arguments:'[-1, -1]'
06-06 01:00:16.177 I/System.out(24587): result:{"bonusInformation":[],"message":"","success":true}
06-06 01:00:16.193 I/System.out(24587): URI: //
06-06 01:00:16.193 I/System.out(24587): params: {json={"command":"keyboard_enter_text","arguments":["Gris brown"]}
06-06 01:00:16.193 I/System.out(24587): }
06-06 01:00:16.193 I/System.out(24587): header: {content-type=application/json;charset=utf-8, date=Sat, 06 Jun 2020 06:00:16 GMT, accept=*/*, host=127.0.0.1:34777, content-length=60, user-agent=HTTPClient/1.0 (2.8.3, ruby 2.5.1 (2018-03-29))}
06-06 01:00:16.193 I/System.out(24587): params: {json={"command":"keyboard_enter_text","arguments":["Gris brown"]}
06-06 01:00:16.193 I/System.out(24587): }
06-06 01:00:16.193 I/System.out(24587): ProP json = {"command":"keyboard_enter_text","arguments":["Gris brown"]}
06-06 01:00:16.193 I/System.out(24587): files: {}
06-06 01:00:16.193 I/System.out(24587): command: {"command":"keyboard_enter_text","arguments":["Gris brown"]}
06-06 01:00:16.194 I/InstrumentationBackend(24587): Got command:'Command:'Line:null,keyboard_enter_text', arguments:'[Gris brown]'
06-06 01:00:16.194 E/SpannableStringBuilder(24587): SPAN_EXCLUSIVE_EXCLUSIVE spans cannot have a zero length
06-06 01:00:16.194 E/SpannableStringBuilder(24587): SPAN_EXCLUSIVE_EXCLUSIVE spans cannot have a zero length
06-06 01:00:16.201 E/SpannableStringBuilder(24587): SPAN_EXCLUSIVE_EXCLUSIVE spans cannot have a zero length
06-06 01:00:16.201 E/SpannableStringBuilder(24587): SPAN_EXCLUSIVE_EXCLUSIVE spans cannot have a zero length
06-06 01:00:16.204 I/System.out(24587): result:{"bonusInformation":[],"message":"","success":true}
06-06 01:00:16.208 I/System.out(24587): URI: //
06-06 01:00:16.208 I/System.out(24587): params: {json={"command":"press_key","arguments":["KEYCODE_BACK"]}
06-06 01:00:16.208 I/System.out(24587): }
06-06 01:00:16.208 I/System.out(24587): header: {content-type=application/json;charset=utf-8, date=Sat, 06 Jun 2020 06:00:16 GMT, accept=*/*, host=127.0.0.1:34777, content-length=52, user-agent=HTTPClient/1.0 (2.8.3, ruby 2.5.1 (2018-03-29))}
06-06 01:00:16.208 I/System.out(24587): params: {json={"command":"press_key","arguments":["KEYCODE_BACK"]}
06-06 01:00:16.208 I/System.out(24587): }
06-06 01:00:16.208 I/System.out(24587): ProP json = {"command":"press_key","arguments":["KEYCODE_BACK"]}
06-06 01:00:16.208 I/System.out(24587): files: {}
06-06 01:00:16.208 I/System.out(24587): command: {"command":"press_key","arguments":["KEYCODE_BACK"]}
06-06 01:00:16.209 I/InstrumentationBackend(24587): Got command:'Command:'Line:null,press_key', arguments:'[KEYCODE_BACK]'
06-06 01:00:16.234 W/InputMethodService( 1698): Window size has been changed. This may cause jankiness of resizing window: -1 -> -2
06-06 01:00:16.235 I/System.out(24587): result:{"bonusInformation":[],"message":"","success":true}
06-06 01:00:16.239 I/System.out(24587): URI: //map
06-06 01:00:16.239 I/System.out(24587): params: {json={"query":"* marked:'Miles'","operation":{"method_name":"query","arguments":[]}}
06-06 01:00:16.239 I/System.out(24587): }
06-06 01:00:16.244 W/ResourceType(24587): No package identifier when getting name for resource number 0x00000001
06-06 01:00:16.250 D/EGL_emulation( 1712): eglMakeCurrent: 0xb0685360: ver 2 0 (tinfo 0xb06836c0)
06-06 01:00:16.251 D/EGL_emulation( 1698): eglMakeCurrent: 0xb0685060: ver 2 0 (tinfo 0xb0683b60)
06-06 01:00:16.254 I/System.out(24587): URI: //gesture
06-06 01:00:16.254 I/System.out(24587): params: {json={"query_timeout":5.0,"gestures":[{"query_string":"* marked:'Miles'","touches":[{"x":50,"y":50,"offset_x":0,"offset_y":0,"wait":0.0,"time":0.2,"release":true,"query_string":null}]}]}
06-06 01:00:16.254 I/System.out(24587): }
06-06 01:00:16.254 V/PhoneStatusBar( 1712): setLightsOn(true)
06-06 01:00:16.255 V/PhoneStatusBar( 1712): setLightsOn(true)
06-06 01:00:16.268 V/PhoneStatusBar( 1712): setLightsOn(true)
06-06 01:00:16.283 W/ResourceType(24587): No package identifier when getting name for resource number 0x00000001
06-06 01:00:16.434 V/PhoneStatusBar( 1712): setLightsOn(true)
06-06 01:00:16.434 I/WindowManager( 1631): Destroying surface Surface(name=InputMethod) called by com.android.server.wm.WindowStateAnimator.destroySurface:2016 com.android.server.wm.WindowStateAnimator.destroySurfaceLocked:882 com.android.server.wm.WindowState.destroyOrSaveSurface:2100 com.android.server.wm.WindowSurfacePlacer.performSurfacePlacementInner:429 com.android.server.wm.WindowSurfacePlacer.performSurfacePlacementLoop:232 com.android.server.wm.WindowSurfacePlacer.performSurfacePlacement:180 com.android.server.wm.WindowManagerService$H.handleMessage:8086 android.os.Handler.dispatchMessage:102 
06-06 01:00:16.531 V/PhoneStatusBar( 1712): setLightsOn(true)
06-06 01:00:16.534 I/System.out(24587): URI: //map
06-06 01:00:16.534 I/System.out(24587): params: {json={"query":"* marked:'Kilometers'","operation":{"method_name":"query","arguments":[]}}
06-06 01:00:16.534 I/System.out(24587): }
06-06 01:00:16.542 V/PhoneStatusBar( 1712): setLightsOn(true)
06-06 01:00:16.551 V/PhoneStatusBar( 1712): setLightsOn(true)
06-06 01:00:16.593 D/gralloc_ranchu( 1347): gralloc_alloc: Creating ashmem region of size 1597440
06-06 01:00:16.606 V/PhoneStatusBar( 1712): setLightsOn(true)
06-06 01:00:16.606 W/ResourceType(24587): No package identifier when getting name for resource number 0x00000001
06-06 01:00:16.607 V/PhoneStatusBar( 1712): setLightsOn(true)
06-06 01:00:16.610 D/gralloc_ranchu( 1347): gralloc_alloc: Creating ashmem region of size 1597440
06-06 01:00:16.618 V/PhoneStatusBar( 1712): setLightsOn(true)
06-06 01:00:16.630 I/System.out(24587): URI: //gesture
06-06 01:00:16.630 I/System.out(24587): params: {json={"query_timeout":5.0,"gestures":[{"query_string":"* marked:'Kilometers'","touches":[{"x":50,"y":50,"offset_x":0,"offset_y":0,"wait":0.0,"time":0.2,"release":true,"query_string":null}]}]}
06-06 01:00:16.630 I/System.out(24587): }
06-06 01:00:16.681 W/ResourceType(24587): No package identifier when getting name for resource number 0x00000001
06-06 01:00:16.869 V/PhoneStatusBar( 1712): setLightsOn(true)
06-06 01:00:16.908 W/audio_hw_generic( 1394): Not supplying enough data to HAL, expected position 515244293 , only wrote 515244240
06-06 01:00:16.909 V/PhoneStatusBar( 1712): setLightsOn(true)
06-06 01:00:16.916 V/PhoneStatusBar( 1712): setLightsOn(true)
06-06 01:00:16.929 I/System.out(24587): URI: //map
06-06 01:00:16.929 I/System.out(24587): params: {json={"query":"* marked:'Gallons'","operation":{"method_name":"query","arguments":[]}}
06-06 01:00:16.929 I/System.out(24587): }
06-06 01:00:16.935 W/InputEventReceiver(24587): Attempted to finish an input event but the input event receiver has already been disposed.
06-06 01:00:16.967 W/InputMethodManagerService( 1631): Window already focused, ignoring focus gain of: com.android.internal.view.IInputMethodClient$Stub$Proxy@3663917 attribute=null, token = android.os.BinderProxy@df63e09
06-06 01:00:17.018 W/ResourceType(24587): No package identifier when getting name for resource number 0x00000001
06-06 01:00:17.028 I/System.out(24587): URI: //gesture
06-06 01:00:17.028 I/System.out(24587): params: {json={"query_timeout":5.0,"gestures":[{"query_string":"* marked:'Gallons'","touches":[{"x":50,"y":50,"offset_x":0,"offset_y":0,"wait":0.0,"time":0.2,"release":true,"query_string":null}]}]}
06-06 01:00:17.028 I/System.out(24587): }
06-06 01:00:17.032 W/ResourceType(24587): No package identifier when getting name for resource number 0x00000001
06-06 01:00:17.183 I/WindowManager( 1631): Destroying surface Surface(name=com.evancharlton.mileage/com.evancharlton.mileage.VehicleActivity) called by com.android.server.wm.WindowStateAnimator.destroySurface:2016 com.android.server.wm.WindowStateAnimator.destroySurfaceLocked:882 com.android.server.wm.WindowState.destroyOrSaveSurface:2100 com.android.server.wm.AppWindowToken.destroySurfaces:363 com.android.server.wm.WindowStateAnimator.finishExit:565 com.android.server.wm.WindowStateAnimator.stepAnimationLocked:491 com.android.server.wm.WindowAnimator.updateWindowsLocked:303 com.android.server.wm.WindowAnimator.animateLocked:704 
06-06 01:00:17.183 V/PhoneStatusBar( 1712): setLightsOn(true)
06-06 01:00:17.185 V/PhoneStatusBar( 1712): setLightsOn(true)
06-06 01:00:17.279 V/PhoneStatusBar( 1712): setLightsOn(true)
06-06 01:00:17.289 V/PhoneStatusBar( 1712): setLightsOn(true)
06-06 01:00:17.294 I/System.out(24587): URI: //map
06-06 01:00:17.294 I/System.out(24587): params: {json={"query":"* marked:'Litres'","operation":{"method_name":"query","arguments":[]}}
06-06 01:00:17.294 I/System.out(24587): }
06-06 01:00:17.301 V/PhoneStatusBar( 1712): setLightsOn(true)
06-06 01:00:17.337 D/gralloc_ranchu( 1347): gralloc_alloc: Creating ashmem region of size 2220032
06-06 01:00:17.347 V/PhoneStatusBar( 1712): setLightsOn(true)
06-06 01:00:17.349 V/PhoneStatusBar( 1712): setLightsOn(true)
06-06 01:00:17.350 D/gralloc_ranchu( 1347): gralloc_alloc: Creating ashmem region of size 2220032
06-06 01:00:17.352 V/PhoneStatusBar( 1712): setLightsOn(true)
06-06 01:00:17.384 W/ResourceType(24587): No package identifier when getting name for resource number 0x00000001
06-06 01:00:17.401 I/System.out(24587): URI: //gesture
06-06 01:00:17.401 I/System.out(24587): params: {json={"query_timeout":5.0,"gestures":[{"query_string":"* marked:'Litres'","touches":[{"x":50,"y":50,"offset_x":0,"offset_y":0,"wait":0.0,"time":0.2,"release":true,"query_string":null}]}]}
06-06 01:00:17.401 I/System.out(24587): }
06-06 01:00:17.451 W/ResourceType(24587): No package identifier when getting name for resource number 0x00000001
06-06 01:00:17.603 V/PhoneStatusBar( 1712): setLightsOn(true)
06-06 01:00:17.689 V/PhoneStatusBar( 1712): setLightsOn(true)
06-06 01:00:17.690 V/PhoneStatusBar( 1712): setLightsOn(true)
06-06 01:00:17.713 I/System.out(24587): URI: //map
06-06 01:00:17.713 I/System.out(24587): params: {json={"query":"* marked:'Miles / Gallon'","operation":{"method_name":"query","arguments":[]}}
06-06 01:00:17.713 I/System.out(24587): }
06-06 01:00:17.719 W/InputEventReceiver(24587): Attempted to finish an input event but the input event receiver has already been disposed.
06-06 01:00:17.755 W/InputMethodManagerService( 1631): Window already focused, ignoring focus gain of: com.android.internal.view.IInputMethodClient$Stub$Proxy@726922 attribute=null, token = android.os.BinderProxy@df63e09
06-06 01:00:17.858 W/ResourceType(24587): No package identifier when getting name for resource number 0x00000001
06-06 01:00:17.878 I/System.out(24587): URI: //gesture
06-06 01:00:17.879 I/System.out(24587): params: {json={"query_timeout":5.0,"gestures":[{"query_string":"* marked:'Miles / Gallon'","touches":[{"x":50,"y":50,"offset_x":0,"offset_y":0,"wait":0.0,"time":0.2,"release":true,"query_string":null}]}]}
06-06 01:00:17.879 I/System.out(24587): }
06-06 01:00:17.886 W/ResourceType(24587): No package identifier when getting name for resource number 0x00000001
06-06 01:00:17.983 I/WindowManager( 1631): Destroying surface Surface(name=com.evancharlton.mileage/com.evancharlton.mileage.VehicleActivity) called by com.android.server.wm.WindowStateAnimator.destroySurface:2016 com.android.server.wm.WindowStateAnimator.destroySurfaceLocked:882 com.android.server.wm.WindowState.destroyOrSaveSurface:2100 com.android.server.wm.AppWindowToken.destroySurfaces:363 com.android.server.wm.WindowStateAnimator.finishExit:565 com.android.server.wm.WindowStateAnimator.stepAnimationLocked:491 com.android.server.wm.WindowAnimator.updateWindowsLocked:303 com.android.server.wm.WindowAnimator.animateLocked:704 
06-06 01:00:17.984 V/PhoneStatusBar( 1712): setLightsOn(true)
06-06 01:00:18.017 V/PhoneStatusBar( 1712): setLightsOn(true)
06-06 01:00:18.120 V/PhoneStatusBar( 1712): setLightsOn(true)
06-06 01:00:18.124 I/System.out(24587): URI: //map
06-06 01:00:18.124 I/System.out(24587): params: {json={"query":"* marked:'Km / Litre'","operation":{"method_name":"query","arguments":[]}}
06-06 01:00:18.124 I/System.out(24587): }
06-06 01:00:18.135 V/PhoneStatusBar( 1712): setLightsOn(true)
06-06 01:00:18.150 V/PhoneStatusBar( 1712): setLightsOn(true)
06-06 01:00:18.178 D/gralloc_ranchu( 1347): gralloc_alloc: Creating ashmem region of size 5959680
06-06 01:00:18.195 V/PhoneStatusBar( 1712): setLightsOn(true)
06-06 01:00:18.195 W/ResourceType(24587): No package identifier when getting name for resource number 0x00000001
06-06 01:00:18.196 V/PhoneStatusBar( 1712): setLightsOn(true)
06-06 01:00:18.196 D/gralloc_ranchu( 1347): gralloc_alloc: Creating ashmem region of size 5959680
06-06 01:00:18.201 V/PhoneStatusBar( 1712): setLightsOn(true)
06-06 01:00:18.451 V/PhoneStatusBar( 1712): setLightsOn(true)
06-06 01:00:18.504 I/System.out(24587): URI: //map
06-06 01:00:18.504 I/System.out(24587): params: {json={"query":"* marked:'Km / Litre'","operation":{"method_name":"query","arguments":[]}}
06-06 01:00:18.504 I/System.out(24587): }
06-06 01:00:18.508 W/ResourceType(24587): No package identifier when getting name for resource number 0x00000001
06-06 01:00:18.516 I/System.out(24587): URI: //gesture
06-06 01:00:18.516 I/System.out(24587): params: {json={"query_timeout":5.0,"gestures":[{"query_string":"* marked:'Km / Litre'","touches":[{"x":50,"y":50,"offset_x":0,"offset_y":0,"wait":0.0,"time":0.2,"release":true,"query_string":null}]}]}
06-06 01:00:18.516 I/System.out(24587): }
06-06 01:00:18.520 W/ResourceType(24587): No package identifier when getting name for resource number 0x00000001
06-06 01:00:18.752 V/PhoneStatusBar( 1712): setLightsOn(true)
06-06 01:00:18.753 V/PhoneStatusBar( 1712): setLightsOn(true)
06-06 01:00:18.762 I/System.out(24587): URI: //map
06-06 01:00:18.762 I/System.out(24587): params: {json={"query":"* marked:'Add new vehicle'","operation":{"method_name":"query","arguments":[]}}
06-06 01:00:18.762 I/System.out(24587): }
06-06 01:00:18.767 W/InputEventReceiver(24587): Attempted to finish an input event but the input event receiver has already been disposed.
06-06 01:00:18.798 W/InputMethodManagerService( 1631): Window already focused, ignoring focus gain of: com.android.internal.view.IInputMethodClient$Stub$Proxy@2b774e9 attribute=null, token = android.os.BinderProxy@df63e09
06-06 01:00:18.843 W/ResourceType(24587): No package identifier when getting name for resource number 0x00000001
06-06 01:00:18.851 I/System.out(24587): URI: //gesture
06-06 01:00:18.851 I/System.out(24587): params: {json={"query_timeout":5.0,"gestures":[{"query_string":"* marked:'Add new vehicle'","touches":[{"x":50,"y":50,"offset_x":0,"offset_y":0,"wait":0.0,"time":0.2,"release":true,"query_string":null}]}]}
06-06 01:00:18.851 I/System.out(24587): }
06-06 01:00:18.855 W/ResourceType(24587): No package identifier when getting name for resource number 0x00000001
06-06 01:00:19.034 I/WindowManager( 1631): Destroying surface Surface(name=com.evancharlton.mileage/com.evancharlton.mileage.VehicleActivity) called by com.android.server.wm.WindowStateAnimator.destroySurface:2016 com.android.server.wm.WindowStateAnimator.destroySurfaceLocked:882 com.android.server.wm.WindowState.destroyOrSaveSurface:2100 com.android.server.wm.AppWindowToken.destroySurfaces:363 com.android.server.wm.WindowStateAnimator.finishExit:565 com.android.server.wm.WindowStateAnimator.stepAnimationLocked:491 com.android.server.wm.WindowAnimator.updateWindowsLocked:303 com.android.server.wm.WindowAnimator.animateLocked:704 
06-06 01:00:19.035 V/PhoneStatusBar( 1712): setLightsOn(true)
06-06 01:00:19.042 V/PhoneStatusBar( 1712): setLightsOn(true)
06-06 01:00:19.104 V/PhoneStatusBar( 1712): setLightsOn(true)
06-06 01:00:19.105 I/System.out(24587): URI: //map
06-06 01:00:19.105 I/System.out(24587): params: {json={"query":"* {text CONTAINS[c] 'Javier Vehicle'}","operation":{"method_name":"query","arguments":[]}}
06-06 01:00:19.105 I/System.out(24587): }
06-06 01:00:19.110 D/Mileage.ABS(24587): Finished backup
06-06 01:00:19.140 D/Mileage.ABS(24587): Not backing up; 33
06-06 01:00:19.141 V/PhoneStatusBar( 1712): setLightsOn(true)
06-06 01:00:19.143 D/Mileage.ABS(24587): Not backing up; 37
06-06 01:00:19.145 W/ActivityManager( 1631): Bad activity token: android.os.BinderProxy@ae1340f
06-06 01:00:19.145 W/ActivityManager( 1631): java.lang.ClassCastException: android.os.BinderProxy cannot be cast to com.android.server.am.ActivityRecord$Token
06-06 01:00:19.145 W/ActivityManager( 1631): 	at com.android.server.am.ActivityRecord.forTokenLocked(ActivityRecord.java:586)
06-06 01:00:19.145 W/ActivityManager( 1631): 	at com.android.server.am.ActivityRecord.isInStackLocked(ActivityRecord.java:1327)
06-06 01:00:19.145 W/ActivityManager( 1631): 	at com.android.server.am.ActivityManagerService.getActivityOptions(ActivityManagerService.java:12559)
06-06 01:00:19.145 W/ActivityManager( 1631): 	at android.app.ActivityManagerNative.onTransact(ActivityManagerNative.java:1933)
06-06 01:00:19.145 W/ActivityManager( 1631): 	at com.android.server.am.ActivityManagerService.onTransact(ActivityManagerService.java:2757)
06-06 01:00:19.145 W/ActivityManager( 1631): 	at android.os.Binder.execTransact(Binder.java:565)
06-06 01:00:19.150 D/EGL_emulation( 1712): eglMakeCurrent: 0xb0685360: ver 2 0 (tinfo 0xb06836c0)
06-06 01:00:19.151 V/PhoneStatusBar( 1712): setLightsOn(true)
06-06 01:00:19.166 D/gralloc_ranchu( 1347): gralloc_alloc: Creating ashmem region of size 9023488
06-06 01:00:19.167 V/PhoneStatusBar( 1712): setLightsOn(true)
