06-06 17:43:18.437 I/WindowManager( 1631): Destroying surface Surface(name=AtchDlg:com.evancharlton.mileage/com.evancharlton.mileage.FieldListActivity) called by com.android.server.wm.WindowStateAnimator.destroySurface:2016 com.android.server.wm.WindowStateAnimator.destroySurfaceLocked:882 com.android.server.wm.WindowState.removeLocked:1456 com.android.server.wm.WindowManagerService.removeWindowInnerLocked:2484 com.android.server.wm.WindowManagerService.removeWindowLocked:2442 com.android.server.wm.WindowManagerService.removeWindowLocked:2311 com.android.server.wm.WindowManagerService.removeWindow:2306 com.android.server.wm.Session.remove:202 
06-06 17:43:18.438 I/calabash(13927): newActivity1
06-06 17:43:18.440 I/System.out(13927): URI: //map
06-06 17:43:18.440 I/System.out(13927): params: {json={"query":"android.widget.EditText index:0","operation":{"method_name":"query","arguments":[]}}
06-06 17:43:18.440 I/System.out(13927): }
06-06 17:43:18.452 V/PhoneStatusBar( 1713): setLightsOn(true)
06-06 17:43:18.465 V/PhoneStatusBar( 1713): setLightsOn(true)
06-06 17:43:18.467 D/gralloc_ranchu( 1348): gralloc_alloc: Creating ashmem region of size 9023488
06-06 17:43:18.482 V/PhoneStatusBar( 1713): setLightsOn(true)
06-06 17:43:18.501 D/gralloc_ranchu( 1348): gralloc_alloc: Creating ashmem region of size 9023488
06-06 17:43:18.505 I/ActivityManager( 1631): Displayed com.evancharlton.mileage/.FieldActivity: +71ms
06-06 17:43:18.515 V/PhoneStatusBar( 1713): setLightsOn(true)
06-06 17:43:18.532 V/PhoneStatusBar( 1713): setLightsOn(true)
06-06 17:43:18.564 W/InputMethodService( 1699): Window size has been changed. This may cause jankiness of resizing window: -1 -> -2
06-06 17:43:18.573 I/LatinIME( 1699): Starting input. Cursor position = 0,0
06-06 17:43:18.574 D/gralloc_ranchu( 1348): gralloc_alloc: Creating ashmem region of size 9023488
06-06 17:43:18.581 I/System.out(13927): URI: //gesture
06-06 17:43:18.581 I/System.out(13927): params: {json={"query_timeout":5.0,"gestures":[{"query_string":"android.widget.EditText index:0","touches":[{"x":50,"y":50,"offset_x":0,"offset_y":0,"wait":0.0,"time":0.2,"release":true,"query_string":null}]}]}
06-06 17:43:18.581 I/System.out(13927): }
06-06 17:43:18.581 V/PhoneStatusBar( 1713): setLightsOn(true)
06-06 17:43:18.624 I/art     (13927): Compiler allocated 7MB to compile sh.calaba.instrumentationbackend.actions.NanoHTTPD$Response sh.calaba.instrumentationbackend.actions.HttpServer.serve(java.lang.String, java.lang.String, java.util.Properties, java.util.Properties, java.util.Properties)
06-06 17:43:18.648 V/PhoneStatusBar( 1713): setLightsOn(true)
06-06 17:43:18.667 D/EGL_emulation( 1699): eglMakeCurrent: 0xa6a85240: ver 2 0 (tinfo 0xa6a83470)
06-06 17:43:18.668 D/EGL_emulation( 1713): eglMakeCurrent: 0xa6a85780: ver 2 0 (tinfo 0xa6a83640)
06-06 17:43:18.668 V/PhoneStatusBar( 1713): setLightsOn(true)
06-06 17:43:18.682 D/EGL_emulation( 1713): eglMakeCurrent: 0xa6a85780: ver 2 0 (tinfo 0xa6a83640)
06-06 17:43:18.682 V/PhoneStatusBar( 1713): setLightsOn(true)
06-06 17:43:18.698 V/PhoneStatusBar( 1713): setLightsOn(true)
06-06 17:43:18.748 V/PhoneStatusBar( 1713): setLightsOn(true)
06-06 17:43:18.882 V/PhoneStatusBar( 1713): setLightsOn(true)
06-06 17:43:18.882 V/PhoneStatusBar( 1713): setLightsOn(true)
06-06 17:43:18.898 I/WindowManager( 1631): Destroying surface Surface(name=com.evancharlton.mileage/com.evancharlton.mileage.FieldListActivity) called by com.android.server.wm.WindowStateAnimator.destroySurface:2016 com.android.server.wm.WindowStateAnimator.destroySurfaceLocked:882 com.android.server.wm.WindowState.destroyOrSaveSurface:2100 com.android.server.wm.WindowManagerService.tryStartExitingAnimation:3024 com.android.server.wm.WindowManagerService.relayoutWindow:2904 com.android.server.wm.Session.relayout:224 android.view.IWindowSession$Stub.onTransact:286 com.android.server.wm.Session.onTransact:145 
06-06 17:43:18.899 V/PhoneStatusBar( 1713): setLightsOn(true)
06-06 17:43:18.900 V/PhoneStatusBar( 1713): setLightsOn(true)
06-06 17:43:19.374 I/System.out(13927): URI: //
06-06 17:43:19.374 I/System.out(13927): params: {json={"command":"set_selection","arguments":[-1,-1]}
06-06 17:43:19.374 I/System.out(13927): }
06-06 17:43:19.374 I/System.out(13927): header: {content-type=application/json;charset=utf-8, date=Sat, 06 Jun 2020 22:43:19 GMT, accept=*/*, host=127.0.0.1:34784, content-length=47, user-agent=HTTPClient/1.0 (2.8.3, ruby 2.5.1 (2018-03-29))}
06-06 17:43:19.374 I/System.out(13927): params: {json={"command":"set_selection","arguments":[-1,-1]}
06-06 17:43:19.374 I/System.out(13927): }
06-06 17:43:19.374 I/System.out(13927): ProP json = {"command":"set_selection","arguments":[-1,-1]}
06-06 17:43:19.374 I/System.out(13927): files: {}
06-06 17:43:19.374 I/System.out(13927): command: {"command":"set_selection","arguments":[-1,-1]}
06-06 17:43:19.377 I/InstrumentationBackend(13927): Got command:'Command:'Line:null,set_selection', arguments:'[-1, -1]'
06-06 17:43:19.384 I/System.out(13927): result:{"bonusInformation":[],"message":"","success":true}
06-06 17:43:19.411 I/System.out(13927): URI: //
06-06 17:43:19.411 I/System.out(13927): params: {json={"command":"keyboard_enter_text","arguments":["Gas station address"]}
06-06 17:43:19.411 I/System.out(13927): }
06-06 17:43:19.411 I/System.out(13927): header: {content-type=application/json;charset=utf-8, date=Sat, 06 Jun 2020 22:43:19 GMT, accept=*/*, host=127.0.0.1:34784, content-length=69, user-agent=HTTPClient/1.0 (2.8.3, ruby 2.5.1 (2018-03-29))}
06-06 17:43:19.411 I/System.out(13927): params: {json={"command":"keyboard_enter_text","arguments":["Gas station address"]}
06-06 17:43:19.411 I/System.out(13927): }
06-06 17:43:19.411 I/System.out(13927): ProP json = {"command":"keyboard_enter_text","arguments":["Gas station address"]}
06-06 17:43:19.411 I/System.out(13927): files: {}
06-06 17:43:19.411 I/System.out(13927): command: {"command":"keyboard_enter_text","arguments":["Gas station address"]}
06-06 17:43:19.412 I/InstrumentationBackend(13927): Got command:'Command:'Line:null,keyboard_enter_text', arguments:'[Gas station address]'
06-06 17:43:19.412 E/SpannableStringBuilder(13927): SPAN_EXCLUSIVE_EXCLUSIVE spans cannot have a zero length
06-06 17:43:19.412 E/SpannableStringBuilder(13927): SPAN_EXCLUSIVE_EXCLUSIVE spans cannot have a zero length
06-06 17:43:19.422 E/SpannableStringBuilder(13927): SPAN_EXCLUSIVE_EXCLUSIVE spans cannot have a zero length
06-06 17:43:19.422 E/SpannableStringBuilder(13927): SPAN_EXCLUSIVE_EXCLUSIVE spans cannot have a zero length
06-06 17:43:19.425 I/System.out(13927): result:{"bonusInformation":[],"message":"","success":true}
06-06 17:43:19.429 I/System.out(13927): URI: //
06-06 17:43:19.429 I/System.out(13927): params: {json={"command":"press_key","arguments":["KEYCODE_BACK"]}
06-06 17:43:19.429 I/System.out(13927): }
06-06 17:43:19.429 I/System.out(13927): header: {content-type=application/json;charset=utf-8, date=Sat, 06 Jun 2020 22:43:19 GMT, accept=*/*, host=127.0.0.1:34784, content-length=52, user-agent=HTTPClient/1.0 (2.8.3, ruby 2.5.1 (2018-03-29))}
06-06 17:43:19.429 I/System.out(13927): params: {json={"command":"press_key","arguments":["KEYCODE_BACK"]}
06-06 17:43:19.429 I/System.out(13927): }
06-06 17:43:19.429 I/System.out(13927): ProP json = {"command":"press_key","arguments":["KEYCODE_BACK"]}
06-06 17:43:19.429 I/System.out(13927): files: {}
06-06 17:43:19.429 I/System.out(13927): command: {"command":"press_key","arguments":["KEYCODE_BACK"]}
06-06 17:43:19.430 I/InstrumentationBackend(13927): Got command:'Command:'Line:null,press_key', arguments:'[KEYCODE_BACK]'
06-06 17:43:19.460 I/System.out(13927): result:{"bonusInformation":[],"message":"","success":true}
06-06 17:43:19.462 W/InputMethodService( 1699): Window size has been changed. This may cause jankiness of resizing window: -1 -> -2
06-06 17:43:19.463 I/System.out(13927): URI: //map
06-06 17:43:19.463 I/System.out(13927): params: {json={"query":"* marked:'Add new field'","operation":{"method_name":"query","arguments":[]}}
06-06 17:43:19.463 I/System.out(13927): }
06-06 17:43:19.465 D/EGL_emulation( 1713): eglMakeCurrent: 0xa6a85780: ver 2 0 (tinfo 0xa6a83640)
06-06 17:43:19.466 D/EGL_emulation( 1699): eglMakeCurrent: 0xa6a85240: ver 2 0 (tinfo 0xa6a83470)
06-06 17:43:19.467 W/ResourceType(13927): No package identifier when getting name for resource number 0x00000001
06-06 17:43:19.468 V/PhoneStatusBar( 1713): setLightsOn(true)
06-06 17:43:19.469 V/PhoneStatusBar( 1713): setLightsOn(true)
06-06 17:43:19.476 I/System.out(13927): URI: //gesture
06-06 17:43:19.476 I/System.out(13927): params: {json={"query_timeout":5.0,"gestures":[{"query_string":"* marked:'Add new field'","touches":[{"x":50,"y":50,"offset_x":0,"offset_y":0,"wait":0.0,"time":0.2,"release":true,"query_string":null}]}]}
06-06 17:43:19.476 I/System.out(13927): }
06-06 17:43:19.482 V/PhoneStatusBar( 1713): setLightsOn(true)
06-06 17:43:19.497 W/ResourceType(13927): No package identifier when getting name for resource number 0x00000001
06-06 17:43:19.650 V/PhoneStatusBar( 1713): setLightsOn(true)
06-06 17:43:19.651 I/WindowManager( 1631): Destroying surface Surface(name=InputMethod) called by com.android.server.wm.WindowStateAnimator.destroySurface:2016 com.android.server.wm.WindowStateAnimator.destroySurfaceLocked:882 com.android.server.wm.WindowState.destroyOrSaveSurface:2100 com.android.server.wm.WindowSurfacePlacer.performSurfacePlacementInner:429 com.android.server.wm.WindowSurfacePlacer.performSurfacePlacementLoop:232 com.android.server.wm.WindowSurfacePlacer.performSurfacePlacement:180 com.android.server.wm.WindowManagerService$H.handleMessage:8086 android.os.Handler.dispatchMessage:102 
06-06 17:43:19.704 D/gralloc_ranchu( 1348): gralloc_alloc: Creating ashmem region of size 9023488
