--------- beginning of main
06-06 17:43:12.082 V/PhoneStatusBar( 1713): setLightsOn(true)
06-06 17:43:12.083 V/PhoneStatusBar( 1713): setLightsOn(true)
--------- beginning of system
06-06 17:43:12.084 W/ActivityManager( 1631): Duplicate finish request for ActivityRecord{ba98ded u0 com.evancharlton.mileage/.Mileage t24666 f}
06-06 17:43:12.085 W/ActivityManager( 1631): Duplicate finish request for ActivityRecord{ba98ded u0 com.evancharlton.mileage/.Mileage t24666 f}
06-06 17:43:12.085 W/ActivityManager( 1631): Duplicate finish request for ActivityRecord{ba98ded u0 com.evancharlton.mileage/.Mileage t24666 f}
06-06 17:43:12.085 V/PhoneStatusBar( 1713): setLightsOn(true)
06-06 17:43:12.087 W/ActivityManager( 1631): Duplicate finish request for ActivityRecord{bf80464 u0 com.evancharlton.mileage/.FieldListActivity t24666 f}
06-06 17:43:12.088 V/PhoneStatusBar( 1713): setLightsOn(true)
06-06 17:43:12.089 V/PhoneStatusBar( 1713): setLightsOn(true)
06-06 17:43:12.089 W/ActivityManager( 1631): Finishing task with all activities already finished
06-06 17:43:12.089 W/ActivityManager( 1631): Duplicate finish request for ActivityRecord{d9f58a6 u0 com.evancharlton.mileage/.FieldActivity t24666 f}
06-06 17:43:12.098 I/WindowManager( 1631): Destroying surface Surface(name=com.evancharlton.mileage/com.evancharlton.mileage.FieldListActivity) called by com.android.server.wm.WindowStateAnimator.destroySurface:2016 com.android.server.wm.WindowStateAnimator.destroySurfaceLocked:882 com.android.server.wm.WindowState.destroyOrSaveSurface:2100 com.android.server.wm.WindowManagerService.tryStartExitingAnimation:3024 com.android.server.wm.WindowManagerService.relayoutWindow:2904 com.android.server.wm.Session.relayout:224 android.view.IWindowSession$Stub.onTransact:286 com.android.server.wm.Session.onTransact:145 
06-06 17:43:12.115 D/gralloc_ranchu( 1348): gralloc_alloc: Creating ashmem region of size 3145728
06-06 17:43:12.120 E/EGL_emulation( 1348): tid 1348: eglCreateSyncKHR(1901): error 0x3004 (EGL_BAD_ATTRIBUTE)
06-06 17:43:12.132 I/ActivityManager( 1631): Activity reported stop, but no longer stopping: ActivityRecord{bf80464 u0 com.evancharlton.mileage/.FieldListActivity t24666 f}
06-06 17:43:12.200 W/InputMethodService( 1699): Window size has been changed. This may cause jankiness of resizing window: -1 -> -2
06-06 17:43:12.204 D/EGL_emulation( 2106): eglMakeCurrent: 0xa6a85300: ver 2 0 (tinfo 0xa6a83220)
06-06 17:43:12.217 W/IInputConnectionWrapper(13869): finishComposingText on inactive InputConnection
06-06 17:43:12.217 W/IInputConnectionWrapper(13869): reportFullscreenMode on inexistent InputConnection
06-06 17:43:12.217 W/IInputConnectionWrapper(13869): finishComposingText on inactive InputConnection
06-06 17:43:12.218 D/EGL_emulation( 1699): eglMakeCurrent: 0xa6a85240: ver 2 0 (tinfo 0xa6a83470)
06-06 17:43:12.248 D/EGL_emulation( 1713): eglMakeCurrent: 0xa6a85780: ver 2 0 (tinfo 0xa6a83640)
06-06 17:43:12.251 D/EGL_emulation( 1713): eglMakeCurrent: 0xa6a85780: ver 2 0 (tinfo 0xa6a83640)
06-06 17:43:12.282 D/EGL_emulation( 1713): eglMakeCurrent: 0xa6a85780: ver 2 0 (tinfo 0xa6a83640)
06-06 17:43:12.285 D/EGL_emulation( 1713): eglMakeCurrent: 0xa6a85780: ver 2 0 (tinfo 0xa6a83640)
06-06 17:43:12.298 D/EGL_emulation( 1713): eglMakeCurrent: 0xa6a85780: ver 2 0 (tinfo 0xa6a83640)
06-06 17:43:12.299 D/AndroidRuntime(13917): >>>>>> START com.android.internal.os.RuntimeInit uid 2000 <<<<<<
06-06 17:43:12.300 D/EGL_emulation( 1713): eglMakeCurrent: 0xa6a85780: ver 2 0 (tinfo 0xa6a83640)
06-06 17:43:12.300 D/AndroidRuntime(13917): CheckJNI is ON
06-06 17:43:12.312 W/art     (13917): Unexpected CPU variant for X86 using defaults: x86
06-06 17:43:12.315 D/ICU     (13917): No timezone override file found: /data/misc/zoneinfo/current/icu/icu_tzdata.dat
06-06 17:43:12.315 D/EGL_emulation( 1713): eglMakeCurrent: 0xa6a85780: ver 2 0 (tinfo 0xa6a83640)
06-06 17:43:12.316 D/EGL_emulation( 1713): eglMakeCurrent: 0xa6a85780: ver 2 0 (tinfo 0xa6a83640)
06-06 17:43:12.324 E/memtrack(13917): Couldn't load memtrack module (No such file or directory)
06-06 17:43:12.324 E/android.os.Debug(13917): failed to load memtrack module: -2
06-06 17:43:12.324 I/Radio-JNI(13917): register_android_hardware_Radio DONE
06-06 17:43:12.330 D/AndroidRuntime(13917): Calling main entry com.android.commands.am.Am
06-06 17:43:12.331 D/EGL_emulation( 1713): eglMakeCurrent: 0xa6a85780: ver 2 0 (tinfo 0xa6a83640)
06-06 17:43:12.331 I/ActivityManager( 1631): Force stopping com.evancharlton.mileage appid=10728 user=0: start instr
06-06 17:43:12.332 I/ActivityManager( 1631): Killing 13869:com.evancharlton.mileage/u0a728 (adj 0): stop com.evancharlton.mileage
06-06 17:43:12.332 D/ActivityManager( 1631): cleanUpApplicationRecord -- 13869
06-06 17:43:12.334 D/EGL_emulation( 1713): eglMakeCurrent: 0xa6a85780: ver 2 0 (tinfo 0xa6a83640)
06-06 17:43:12.348 D/EGL_emulation( 1713): eglMakeCurrent: 0xa6a85780: ver 2 0 (tinfo 0xa6a83640)
06-06 17:43:12.350 D/EGL_emulation( 1713): eglMakeCurrent: 0xa6a85780: ver 2 0 (tinfo 0xa6a83640)
06-06 17:43:12.364 W/ActivityManager( 1631): Crash of app com.evancharlton.mileage running instrumentation ComponentInfo{com.evancharlton.mileage.test/sh.calaba.instrumentationbackend.CalabashInstrumentationTestRunner}
06-06 17:43:12.364 I/ActivityManager( 1631): Force stopping com.evancharlton.mileage appid=10728 user=0: finished inst
06-06 17:43:12.365 D/EGL_emulation( 1713): eglMakeCurrent: 0xa6a85780: ver 2 0 (tinfo 0xa6a83640)
06-06 17:43:12.368 I/art     (13927): Not late-enabling -Xcheck:jni (already on)
06-06 17:43:12.368 W/art     (13927): Unexpected CPU variant for X86 using defaults: x86
06-06 17:43:12.375 I/ActivityManager( 1631): Start proc 13927:com.evancharlton.mileage/u0a728 for added application com.evancharlton.mileage
06-06 17:43:12.375 D/AndroidRuntime(13917): Shutting down VM
06-06 17:43:12.382 D/EGL_emulation( 1713): eglMakeCurrent: 0xa6a85780: ver 2 0 (tinfo 0xa6a83640)
06-06 17:43:12.382 W/System  (13927): ClassLoader referenced unknown path: /data/app/com.evancharlton.mileage.test-1/lib/x86
06-06 17:43:12.382 W/System  (13927): ClassLoader referenced unknown path: /data/app/com.evancharlton.mileage-1/lib/x86
06-06 17:43:12.385 D/EGL_emulation( 1713): eglMakeCurrent: 0xa6a85780: ver 2 0 (tinfo 0xa6a83640)
06-06 17:43:12.385 W/System  (13927): ClassLoader referenced unknown path: 
06-06 17:43:12.388 W/InputDispatcher( 1631): channel '2d85932 com.evancharlton.mileage/com.evancharlton.mileage.FieldActivity (server)' ~ Consumer closed input channel or an error occurred.  events=0x9
06-06 17:43:12.388 E/InputDispatcher( 1631): channel '2d85932 com.evancharlton.mileage/com.evancharlton.mileage.FieldActivity (server)' ~ Channel is unrecoverably broken and will be disposed!
06-06 17:43:12.390 I/System.out(13927): Main activity name automatically set to: com.evancharlton.mileage.Mileage
06-06 17:43:12.390 I/System.out(13927): Calabash did not load Mono. This is only a problem if you are trying to test a Mono application
06-06 17:43:12.390 I/calabash(13927): Test server port: 7102
06-06 17:43:12.391 I/InstrumentationBackend(13927): Added:'GetPreferences', with key:'get_preferences'
06-06 17:43:12.396 I/InstrumentationBackend(13927): Added:'SetPreferences', with key:'set_preferences'
06-06 17:43:12.396 I/InstrumentationBackend(13927): Added:'ClearPreferences', with key:'clear_preferences'
06-06 17:43:12.396 I/InstrumentationBackend(13927): Added:'PressElement', with key:'press_l10n_element'
06-06 17:43:12.396 I/InstrumentationBackend(13927): Added:'WaitForElement', with key:'wait_for_l10n_element'
06-06 17:43:12.396 I/InstrumentationBackend(13927): Added:'NullAction', with key:'nullAction'
06-06 17:43:12.396 I/InstrumentationBackend(13927): Added:'PressKey', with key:'press_key'
06-06 17:43:12.396 I/InstrumentationBackend(13927): Added:'SetActivityOrientation', with key:'set_activity_orientation'
06-06 17:43:12.397 I/InstrumentationBackend(13927): Added:'GetActivityOrientation', with key:'get_activity_orientation'
06-06 17:43:12.397 I/InstrumentationBackend(13927): Added:'FakeGPSLocation', with key:'set_gps_coordinates'
06-06 17:43:12.397 I/InstrumentationBackend(13927): Added:'SetPropertyByCssSelector', with key:'set_property_by_css_selector'
06-06 17:43:12.397 I/InstrumentationBackend(13927): Added:'GetUrl', with key:'get_url'
06-06 17:43:12.397 I/InstrumentationBackend(13927): Added:'ScrollTo', with key:'scroll_to'
06-06 17:43:12.397 I/InstrumentationBackend(13927): Added:'GetLoadProgress', with key:'get_load_progress'
06-06 17:43:12.397 I/InstrumentationBackend(13927): Added:'DumpHtml', with key:'dump_html'
06-06 17:43:12.397 I/InstrumentationBackend(13927): Added:'DumpBodyHtml', with key:'dump_body_html'
06-06 17:43:12.397 I/InstrumentationBackend(13927): Added:'EnterTextByCssSelector', with key:'enter_text_by_selector'
06-06 17:43:12.398 I/WindowManager( 1631): WIN DEATH: Window{2d85932 u0 com.evancharlton.mileage/com.evancharlton.mileage.FieldActivity EXITING}
06-06 17:43:12.398 W/InputDispatcher( 1631): Attempted to unregister already unregistered input channel '2d85932 com.evancharlton.mileage/com.evancharlton.mileage.FieldActivity (server)'
06-06 17:43:12.398 I/InstrumentationBackend(13927): Added:'AndroidSDKVersion', with key:'android_sdk_version'
06-06 17:43:12.398 I/InstrumentationBackend(13927): Added:'Version', with key:'version'
06-06 17:43:12.398 I/InstrumentationBackend(13927): Added:'Drag', with key:'drag'
06-06 17:43:12.398 I/InstrumentationBackend(13927): Added:'TouchCoordinates', with key:'touch_coordinate'
06-06 17:43:12.398 I/InstrumentationBackend(13927): Added:'LongPressCoordinate', with key:'long_press_coordinate'
06-06 17:43:12.398 I/InstrumentationBackend(13927): Added:'DragCoordinates', with key:'drag_coordinates'
06-06 17:43:12.398 I/InstrumentationBackend(13927): Added:'ResumeApplication', with key:'resume_application'
06-06 17:43:12.398 I/InstrumentationBackend(13927): Added:'Swipe', with key:'swipe'
06-06 17:43:12.398 I/InstrumentationBackend(13927): Added:'DoubleTapCoordinate', with key:'double_tap_coordinate'
06-06 17:43:12.398 I/InstrumentationBackend(13927): Added:'ClickOnScreen', with key:'click_on_screen'
06-06 17:43:12.398 I/InstrumentationBackend(13927): Added:'GetActivityName', with key:'get_activity_name'
06-06 17:43:12.398 I/InstrumentationBackend(13927): Added:'ScrollToView', with key:'scroll_to_view'
06-06 17:43:12.398 I/InstrumentationBackend(13927): Added:'ViewConfiguration', with key:'view_configuration'
06-06 17:43:12.398 I/InstrumentationBackend(13927): Added:'IsCurrentActivityFocused', with key:'is_current_activity_focused'
06-06 17:43:12.398 I/InstrumentationBackend(13927): Added:'SendTcp', with key:'send_tcp'
06-06 17:43:12.398 I/InstrumentationBackend(13927): Added:'DpToDevicePixel', with key:'dp_to_device_pixel'
06-06 17:43:12.399 I/InstrumentationBackend(13927): Added:'KeyboardEnterText', with key:'keyboard_enter_text'
06-06 17:43:12.399 I/InstrumentationBackend(13927): Added:'DeleteSurroundingText', with key:'delete_surrounding_text'
06-06 17:43:12.399 I/InstrumentationBackend(13927): Added:'SetComposingRegion', with key:'set_composing_region'
06-06 17:43:12.399 I/InstrumentationBackend(13927): Added:'SetSelection', with key:'set_selection'
06-06 17:43:12.399 I/InstrumentationBackend(13927): Added:'KeyboardKeyEvent', with key:'keyboard_key_event'
06-06 17:43:12.399 I/InstrumentationBackend(13927): Added:'PressUserActionButton', with key:'press_user_action_button'
06-06 17:43:12.399 I/InstrumentationBackend(13927): Added:'HideSoftKeyboard', with key:'hide_soft_keyboard'
06-06 17:43:12.399 I/InstrumentationBackend(13927): Added:'ListActions', with key:'list_actions'
06-06 17:43:12.400 I/calabash(13927): Instantiating http server at 7102
06-06 17:43:12.400 I/System.out(13927): HTTP Daemon listening on: 7102
06-06 17:43:12.404 D/EGL_emulation( 1713): eglMakeCurrent: 0xa6a85780: ver 2 0 (tinfo 0xa6a83640)
06-06 17:43:12.409 D/EGL_emulation( 1713): eglMakeCurrent: 0xa6a85780: ver 2 0 (tinfo 0xa6a83640)
06-06 17:43:12.415 D/EGL_emulation( 1713): eglMakeCurrent: 0xa6a85780: ver 2 0 (tinfo 0xa6a83640)
06-06 17:43:12.416 I/WindowManager( 1631): Destroying surface Surface(name=InputMethod) called by com.android.server.wm.WindowStateAnimator.destroySurface:2016 com.android.server.wm.WindowStateAnimator.destroySurfaceLocked:882 com.android.server.wm.WindowState.destroyOrSaveSurface:2100 com.android.server.wm.WindowSurfacePlacer.performSurfacePlacementInner:429 com.android.server.wm.WindowSurfacePlacer.performSurfacePlacementLoop:232 com.android.server.wm.WindowSurfacePlacer.performSurfacePlacement:180 com.android.server.wm.WindowManagerService$H.handleMessage:8086 android.os.Handler.dispatchMessage:102 
06-06 17:43:12.417 D/EGL_emulation( 1713): eglMakeCurrent: 0xa6a85780: ver 2 0 (tinfo 0xa6a83640)
06-06 17:43:12.432 D/EGL_emulation( 1713): eglMakeCurrent: 0xa6a85780: ver 2 0 (tinfo 0xa6a83640)
06-06 17:43:12.433 D/EGL_emulation( 1713): eglMakeCurrent: 0xa6a85780: ver 2 0 (tinfo 0xa6a83640)
06-06 17:43:12.449 D/EGL_emulation( 1713): eglMakeCurrent: 0xa6a85780: ver 2 0 (tinfo 0xa6a83640)
06-06 17:43:12.451 D/EGL_emulation( 1713): eglMakeCurrent: 0xa6a85780: ver 2 0 (tinfo 0xa6a83640)
06-06 17:43:12.465 D/EGL_emulation( 1713): eglMakeCurrent: 0xa6a85780: ver 2 0 (tinfo 0xa6a83640)
06-06 17:43:12.467 D/EGL_emulation( 1713): eglMakeCurrent: 0xa6a85780: ver 2 0 (tinfo 0xa6a83640)
06-06 17:43:12.486 I/System.out(13927): URI: //ping
06-06 17:43:12.486 I/System.out(13927): params: {json={}
06-06 17:43:12.486 I/System.out(13927): }
06-06 17:43:12.488 I/System.out(13927): URI: //ping
06-06 17:43:12.488 I/System.out(13927): params: {json={}
06-06 17:43:12.488 I/System.out(13927): }
06-06 17:43:12.490 I/System.out(13927): URI: //ready
06-06 17:43:12.490 I/System.out(13927): params: {json={}
06-06 17:43:12.490 I/System.out(13927): }
06-06 17:43:12.492 I/System.out(13927): URI: //
06-06 17:43:12.492 I/System.out(13927): params: {json={"command":"version","arguments":[]}
06-06 17:43:12.492 I/System.out(13927): }
06-06 17:43:12.492 I/System.out(13927): header: {content-type=application/json;charset=utf-8, date=Sat, 06 Jun 2020 22:43:12 GMT, accept=*/*, host=127.0.0.1:34784, content-length=36, user-agent=HTTPClient/1.0 (2.8.3, ruby 2.5.1 (2018-03-29))}
06-06 17:43:12.492 I/System.out(13927): params: {json={"command":"version","arguments":[]}
06-06 17:43:12.492 I/System.out(13927): }
06-06 17:43:12.492 I/System.out(13927): ProP json = {"command":"version","arguments":[]}
06-06 17:43:12.492 I/System.out(13927): files: {}
06-06 17:43:12.492 I/System.out(13927): command: {"command":"version","arguments":[]}
06-06 17:43:12.495 I/InstrumentationBackend(13927): Got command:'Command:'Line:null,version', arguments:'[]'
06-06 17:43:12.501 I/System.out(13927): result:{"bonusInformation":[],"message":"0.9.8","success":true}
06-06 17:43:12.504 I/System.out(13927): URI: //start-application
06-06 17:43:12.504 I/System.out(13927): params: {json={"intent":null}
06-06 17:43:12.504 I/System.out(13927): }
06-06 17:43:12.515 I/ActivityManager( 1631): START u0 {act=android.intent.action.MAIN cat=[android.intent.category.LAUNCHER] flg=0x10200000 cmp=com.evancharlton.mileage/.Mileage} from uid 10728 on display 0
06-06 17:43:12.631 D/gralloc_ranchu( 1348): gralloc_alloc: Creating ashmem region of size 9023488
06-06 17:43:12.633 I/calabash(13927): newActivity1
06-06 17:43:12.643 I/calabash(13927): newActivity1
06-06 17:43:12.644 W/ActivityManager( 1631): Bad activity token: android.os.BinderProxy@ce880c7
06-06 17:43:12.644 W/ActivityManager( 1631): java.lang.ClassCastException: android.os.BinderProxy cannot be cast to com.android.server.am.ActivityRecord$Token
06-06 17:43:12.644 W/ActivityManager( 1631): 	at com.android.server.am.ActivityRecord.forTokenLocked(ActivityRecord.java:586)
06-06 17:43:12.644 W/ActivityManager( 1631): 	at com.android.server.am.ActivityRecord.isInStackLocked(ActivityRecord.java:1327)
06-06 17:43:12.644 W/ActivityManager( 1631): 	at com.android.server.am.ActivityRecord.getStackLocked(ActivityRecord.java:1332)
06-06 17:43:12.644 W/ActivityManager( 1631): 	at com.android.server.am.ActivityManagerService.getActivityDisplayId(ActivityManagerService.java:9806)
06-06 17:43:12.644 W/ActivityManager( 1631): 	at android.app.ActivityManagerNative.onTransact(ActivityManagerNative.java:2566)
06-06 17:43:12.644 W/ActivityManager( 1631): 	at com.android.server.am.ActivityManagerService.onTransact(ActivityManagerService.java:2757)
06-06 17:43:12.644 W/ActivityManager( 1631): 	at android.os.Binder.execTransact(Binder.java:565)
06-06 17:43:12.646 W/ActivityManager( 1631): Bad activity token: android.os.BinderProxy@ce880c7
06-06 17:43:12.646 W/ActivityManager( 1631): java.lang.ClassCastException: android.os.BinderProxy cannot be cast to com.android.server.am.ActivityRecord$Token
06-06 17:43:12.646 W/ActivityManager( 1631): 	at com.android.server.am.ActivityRecord.forTokenLocked(ActivityRecord.java:586)
06-06 17:43:12.646 W/ActivityManager( 1631): 	at com.android.server.am.ActivityRecord.isInStackLocked(ActivityRecord.java:1327)
06-06 17:43:12.646 W/ActivityManager( 1631): 	at com.android.server.am.ActivityManagerService.setTaskDescription(ActivityManagerService.java:9358)
06-06 17:43:12.646 W/ActivityManager( 1631): 	at android.app.ActivityManagerNative.onTransact(ActivityManagerNative.java:2639)
06-06 17:43:12.646 W/ActivityManager( 1631): 	at com.android.server.am.ActivityManagerService.onTransact(ActivityManagerService.java:2757)
06-06 17:43:12.646 W/ActivityManager( 1631): 	at android.os.Binder.execTransact(Binder.java:565)
06-06 17:43:12.646 W/ActivityManager( 1631): Bad activity token: android.os.BinderProxy@ce880c7
06-06 17:43:12.646 W/ActivityManager( 1631): java.lang.ClassCastException: android.os.BinderProxy cannot be cast to com.android.server.am.ActivityRecord$Token
06-06 17:43:12.646 W/ActivityManager( 1631): 	at com.android.server.am.ActivityRecord.forTokenLocked(ActivityRecord.java:586)
06-06 17:43:12.646 W/ActivityManager( 1631): 	at com.android.server.am.ActivityRecord.isInStackLocked(ActivityRecord.java:1327)
06-06 17:43:12.646 W/ActivityManager( 1631): 	at com.android.server.am.ActivityRecord.getStackLocked(ActivityRecord.java:1332)
06-06 17:43:12.646 W/ActivityManager( 1631): 	at com.android.server.am.ActivityManagerService.getActivityStackId(ActivityManagerService.java:9817)
06-06 17:43:12.646 W/ActivityManager( 1631): 	at android.app.ActivityManagerNative.onTransact(ActivityManagerNative.java:2856)
06-06 17:43:12.646 W/ActivityManager( 1631): 	at com.android.server.am.ActivityManagerService.onTransact(ActivityManagerService.java:2757)
06-06 17:43:12.646 W/ActivityManager( 1631): 	at android.os.Binder.execTransact(Binder.java:565)
06-06 17:43:12.666 W/ActivityManager( 1631): Bad activity token: android.os.BinderProxy@ce880c7
06-06 17:43:12.666 W/ActivityManager( 1631): java.lang.ClassCastException: android.os.BinderProxy cannot be cast to com.android.server.am.ActivityRecord$Token
06-06 17:43:12.666 W/ActivityManager( 1631): 	at com.android.server.am.ActivityRecord.forTokenLocked(ActivityRecord.java:586)
06-06 17:43:12.666 W/ActivityManager( 1631): 	at com.android.server.am.ActivityRecord.isInStackLocked(ActivityRecord.java:1327)
06-06 17:43:12.666 W/ActivityManager( 1631): 	at com.android.server.am.ActivityManagerService.getActivityOptions(ActivityManagerService.java:12559)
06-06 17:43:12.666 W/ActivityManager( 1631): 	at android.app.ActivityManagerNative.onTransact(ActivityManagerNative.java:1933)
06-06 17:43:12.666 W/ActivityManager( 1631): 	at com.android.server.am.ActivityManagerService.onTransact(ActivityManagerService.java:2757)
06-06 17:43:12.666 W/ActivityManager( 1631): 	at android.os.Binder.execTransact(Binder.java:565)
06-06 17:43:12.666 W/ActivityManager( 1631): Bad activity token: android.os.BinderProxy@ce880c7
06-06 17:43:12.666 W/ActivityManager( 1631): java.lang.ClassCastException: android.os.BinderProxy cannot be cast to com.android.server.am.ActivityRecord$Token
06-06 17:43:12.666 W/ActivityManager( 1631): 	at com.android.server.am.ActivityRecord.forTokenLocked(ActivityRecord.java:586)
06-06 17:43:12.666 W/ActivityManager( 1631): 	at com.android.server.am.ActivityRecord.isInStackLocked(ActivityRecord.java:1327)
06-06 17:43:12.666 W/ActivityManager( 1631): 	at com.android.server.am.ActivityManagerService.getActivityOptions(ActivityManagerService.java:12559)
06-06 17:43:12.666 W/ActivityManager( 1631): 	at android.app.ActivityManagerNative.onTransact(ActivityManagerNative.java:1933)
06-06 17:43:12.666 W/ActivityManager( 1631): 	at com.android.server.am.ActivityManagerService.onTransact(ActivityManagerService.java:2757)
06-06 17:43:12.666 W/ActivityManager( 1631): 	at android.os.Binder.execTransact(Binder.java:565)
06-06 17:43:12.667 I/WindowManager( 1631): Destroying surface Surface(name=com.evancharlton.mileage/com.evancharlton.mileage.FieldActivity) called by com.android.server.wm.WindowStateAnimator.destroySurface:2016 com.android.server.wm.WindowStateAnimator.destroySurfaceLocked:882 com.android.server.wm.WindowState.removeLocked:1456 com.android.server.wm.WindowManagerService.removeWindowInnerLocked:2484 com.android.server.wm.AppWindowToken.destroySurfaces:365 com.android.server.wm.WindowStateAnimator.finishExit:565 com.android.server.wm.AppWindowAnimator.stepAnimationLocked:427 com.android.server.wm.WindowAnimator.updateAppWindowsLocked:196 
06-06 17:43:12.669 V/PhoneStatusBar( 1713): setLightsOn(true)
06-06 17:43:12.682 D/EGL_emulation( 1713): eglMakeCurrent: 0xa6a85780: ver 2 0 (tinfo 0xa6a83640)
06-06 17:43:12.682 D/EGL_emulation( 2106): eglMakeCurrent: 0xa6a85300: ver 2 0 (tinfo 0xa6a83220)
06-06 17:43:12.684 D/EGL_emulation( 1713): eglMakeCurrent: 0xa6a85780: ver 2 0 (tinfo 0xa6a83640)
06-06 17:43:12.698 D/gralloc_ranchu( 1348): gralloc_alloc: Creating ashmem region of size 9023488
06-06 17:43:12.698 D/EGL_emulation( 1713): eglMakeCurrent: 0xa6a85780: ver 2 0 (tinfo 0xa6a83640)
06-06 17:43:12.703 D/        (13927): HostConnection::get() New Host Connection established 0x954a94c0, tid 13927
06-06 17:43:12.703 D/EGL_emulation( 1713): eglMakeCurrent: 0xa6a85780: ver 2 0 (tinfo 0xa6a83640)
06-06 17:43:12.703 V/PhoneStatusBar( 1713): setLightsOn(true)
06-06 17:43:12.741 D/EGL_emulation( 1713): eglMakeCurrent: 0xa6a85780: ver 2 0 (tinfo 0xa6a83640)
06-06 17:43:12.745 D/EGL_emulation( 1713): eglMakeCurrent: 0xa6a85780: ver 2 0 (tinfo 0xa6a83640)
06-06 17:43:12.747 D/EGL_emulation( 1713): eglMakeCurrent: 0xa6a85780: ver 2 0 (tinfo 0xa6a83640)
06-06 17:43:12.749 D/EGL_emulation( 1713): eglMakeCurrent: 0xa6a85780: ver 2 0 (tinfo 0xa6a83640)
06-06 17:43:12.752 D/EGL_emulation( 1713): eglMakeCurrent: 0xa6a85780: ver 2 0 (tinfo 0xa6a83640)
06-06 17:43:12.765 D/EGL_emulation( 1713): eglMakeCurrent: 0xa6a85780: ver 2 0 (tinfo 0xa6a83640)
06-06 17:43:12.766 D/EGL_emulation( 1713): eglMakeCurrent: 0xa6a85780: ver 2 0 (tinfo 0xa6a83640)
06-06 17:43:12.781 D/EGL_emulation( 1713): eglMakeCurrent: 0xa6a85780: ver 2 0 (tinfo 0xa6a83640)
06-06 17:43:12.781 D/gralloc_ranchu( 1348): gralloc_alloc: Creating ashmem region of size 9023488
06-06 17:43:12.782 I/ActivityManager( 1631): Displayed com.evancharlton.mileage/.Mileage: +167ms
06-06 17:43:12.795 D/EGL_emulation( 1713): eglMakeCurrent: 0xa6a85780: ver 2 0 (tinfo 0xa6a83640)
06-06 17:43:12.799 D/EGL_emulation( 1713): eglMakeCurrent: 0xa6a85780: ver 2 0 (tinfo 0xa6a83640)
06-06 17:43:12.808 D/EGL_emulation( 1713): eglMakeCurrent: 0xa6a85780: ver 2 0 (tinfo 0xa6a83640)
06-06 17:43:12.815 D/EGL_emulation( 1713): eglMakeCurrent: 0xa6a85780: ver 2 0 (tinfo 0xa6a83640)
06-06 17:43:12.822 D/EGL_emulation( 1713): eglMakeCurrent: 0xa6a85780: ver 2 0 (tinfo 0xa6a83640)
06-06 17:43:12.832 D/EGL_emulation( 1713): eglMakeCurrent: 0xa6a85780: ver 2 0 (tinfo 0xa6a83640)
06-06 17:43:12.832 V/PhoneStatusBar( 1713): setLightsOn(true)
06-06 17:43:12.834 D/EGL_emulation( 1713): eglMakeCurrent: 0xa6a85780: ver 2 0 (tinfo 0xa6a83640)
06-06 17:43:12.848 D/EGL_emulation( 1713): eglMakeCurrent: 0xa6a85780: ver 2 0 (tinfo 0xa6a83640)
06-06 17:43:12.849 D/EGL_emulation( 1713): eglMakeCurrent: 0xa6a85780: ver 2 0 (tinfo 0xa6a83640)
06-06 17:43:12.865 D/EGL_emulation( 1713): eglMakeCurrent: 0xa6a85780: ver 2 0 (tinfo 0xa6a83640)
06-06 17:43:12.866 D/EGL_emulation( 1713): eglMakeCurrent: 0xa6a85780: ver 2 0 (tinfo 0xa6a83640)
06-06 17:43:12.881 D/EGL_emulation( 1713): eglMakeCurrent: 0xa6a85780: ver 2 0 (tinfo 0xa6a83640)
06-06 17:43:12.883 D/EGL_emulation( 1713): eglMakeCurrent: 0xa6a85780: ver 2 0 (tinfo 0xa6a83640)
06-06 17:43:12.898 D/EGL_emulation( 1713): eglMakeCurrent: 0xa6a85780: ver 2 0 (tinfo 0xa6a83640)
06-06 17:43:12.900 D/EGL_emulation( 1713): eglMakeCurrent: 0xa6a85780: ver 2 0 (tinfo 0xa6a83640)
06-06 17:43:12.981 I/WindowManager( 1631): Destroying surface Surface(name=Starting com.evancharlton.mileage) called by com.android.server.wm.WindowStateAnimator.destroySurface:2016 com.android.server.wm.WindowStateAnimator.destroySurfaceLocked:882 com.android.server.wm.WindowState.destroyOrSaveSurface:2100 com.android.server.wm.AppWindowToken.destroySurfaces:363 com.android.server.wm.WindowStateAnimator.finishExit:565 com.android.server.wm.WindowStateAnimator.stepAnimationLocked:491 com.android.server.wm.WindowAnimator.updateWindowsLocked:303 com.android.server.wm.WindowAnimator.animateLocked:704 
06-06 17:43:12.983 V/PhoneStatusBar( 1713): setLightsOn(true)
06-06 17:43:13.016 V/PhoneStatusBar( 1713): setLightsOn(true)
06-06 17:43:13.115 V/PhoneStatusBar( 1713): setLightsOn(true)
06-06 17:43:13.434 V/PhoneStatusBar( 1713): setLightsOn(true)
06-06 17:43:13.434 W/OpenGLRenderer( 2106): Incorrectly called buildLayer on View: ShortcutAndWidgetContainer, destroying layer...
06-06 17:43:13.438 V/PhoneStatusBar( 1713): setLightsOn(true)
06-06 17:43:13.450 I/WindowManager( 1631): Destroying surface Surface(name=com.android.launcher3/com.android.launcher3.Launcher) called by com.android.server.wm.WindowStateAnimator.destroySurface:2016 com.android.server.wm.WindowStateAnimator.destroySurfaceLocked:882 com.android.server.wm.WindowState.destroyOrSaveSurface:2100 com.android.server.wm.AppWindowToken.destroySurfaces:363 com.android.server.wm.AppWindowToken.notifyAppStopped:389 com.android.server.wm.WindowManagerService.notifyAppStopped:4463 com.android.server.am.ActivityStack.activityStoppedLocked:1252 com.android.server.am.ActivityManagerService.activityStopped:6903 
06-06 17:43:13.452 V/PhoneStatusBar( 1713): setLightsOn(true)
06-06 17:43:13.845 I/System.out(13927): URI: //
06-06 17:43:13.845 I/System.out(13927): params: {json={"command":"press_key","arguments":["KEYCODE_MENU"]}
06-06 17:43:13.845 I/System.out(13927): }
06-06 17:43:13.845 I/System.out(13927): header: {content-type=application/json;charset=utf-8, date=Sat, 06 Jun 2020 22:43:14 GMT, accept=*/*, host=127.0.0.1:34784, content-length=52, user-agent=HTTPClient/1.0 (2.8.3, ruby 2.5.1 (2018-03-29))}
06-06 17:43:13.845 I/System.out(13927): params: {json={"command":"press_key","arguments":["KEYCODE_MENU"]}
06-06 17:43:13.845 I/System.out(13927): }
06-06 17:43:13.845 I/System.out(13927): ProP json = {"command":"press_key","arguments":["KEYCODE_MENU"]}
06-06 17:43:13.845 I/System.out(13927): files: {}
06-06 17:43:13.845 I/System.out(13927): command: {"command":"press_key","arguments":["KEYCODE_MENU"]}
06-06 17:43:13.849 I/InstrumentationBackend(13927): Got command:'Command:'Line:null,press_key', arguments:'[KEYCODE_MENU]'
06-06 17:43:13.868 V/PhoneStatusBar( 1713): setLightsOn(true)
06-06 17:43:13.874 I/System.out(13927): result:{"bonusInformation":[],"message":"","success":true}
06-06 17:43:13.877 I/System.out(13927): URI: //map
06-06 17:43:13.877 I/System.out(13927): params: {json={"query":"* marked:'Edit fields'","operation":{"method_name":"query","arguments":[]}}
06-06 17:43:13.877 I/System.out(13927): }
06-06 17:43:13.883 V/PhoneStatusBar( 1713): setLightsOn(true)
06-06 17:43:13.898 V/PhoneStatusBar( 1713): setLightsOn(true)
06-06 17:43:13.915 V/PhoneStatusBar( 1713): setLightsOn(true)
06-06 17:43:13.916 D/gralloc_ranchu( 1348): gralloc_alloc: Creating ashmem region of size 1720320
06-06 17:43:13.923 V/PhoneStatusBar( 1713): setLightsOn(true)
06-06 17:43:13.923 V/PhoneStatusBar( 1713): setLightsOn(true)
06-06 17:43:13.932 V/PhoneStatusBar( 1713): setLightsOn(true)
06-06 17:43:13.969 W/ResourceType(13927): No package identifier when getting name for resource number 0x00000001
06-06 17:43:13.970 D/gralloc_ranchu( 1348): gralloc_alloc: Creating ashmem region of size 9023488
06-06 17:43:13.981 I/System.out(13927): URI: //gesture
06-06 17:43:13.981 I/System.out(13927): params: {json={"query_timeout":5.0,"gestures":[{"query_string":"* marked:'Edit fields'","touches":[{"x":50,"y":50,"offset_x":0,"offset_y":0,"wait":0.0,"time":0.2,"release":true,"query_string":null}]}]}
06-06 17:43:13.981 I/System.out(13927): }
06-06 17:43:14.027 W/ResourceType(13927): No package identifier when getting name for resource number 0x00000001
06-06 17:43:14.151 V/PhoneStatusBar( 1713): setLightsOn(true)
06-06 17:43:14.168 D/gralloc_ranchu( 1348): gralloc_alloc: Creating ashmem region of size 1720320
06-06 17:43:14.251 I/ActivityManager( 1631): START u0 {cmp=com.evancharlton.mileage/.FieldListActivity} from uid 10728 on display 0
06-06 17:43:14.255 V/PhoneStatusBar( 1713): setLightsOn(true)
06-06 17:43:14.257 V/PhoneStatusBar( 1713): setLightsOn(true)
06-06 17:43:14.276 I/WindowManager( 1631): Destroying surface Surface(name=AtchDlg:com.evancharlton.mileage/com.evancharlton.mileage.FillupActivity) called by com.android.server.wm.WindowStateAnimator.destroySurface:2016 com.android.server.wm.WindowStateAnimator.destroySurfaceLocked:882 com.android.server.wm.WindowState.removeLocked:1456 com.android.server.wm.WindowManagerService.removeWindowInnerLocked:2484 com.android.server.wm.WindowManagerService.removeWindowLocked:2442 com.android.server.wm.WindowManagerService.removeWindowLocked:2311 com.android.server.wm.WindowManagerService.removeWindow:2306 com.android.server.wm.Session.remove:202 
06-06 17:43:14.278 I/calabash(13927): newActivity1
06-06 17:43:14.302 V/PhoneStatusBar( 1713): setLightsOn(true)
06-06 17:43:14.315 V/PhoneStatusBar( 1713): setLightsOn(true)
06-06 17:43:14.318 D/gralloc_ranchu( 1348): gralloc_alloc: Creating ashmem region of size 9023488
06-06 17:43:14.331 V/PhoneStatusBar( 1713): setLightsOn(true)
06-06 17:43:14.344 I/ActivityManager( 1631): Displayed com.evancharlton.mileage/.FieldListActivity: +80ms
06-06 17:43:14.348 V/PhoneStatusBar( 1713): setLightsOn(true)
06-06 17:43:14.382 V/PhoneStatusBar( 1713): setLightsOn(true)
06-06 17:43:14.398 V/PhoneStatusBar( 1713): setLightsOn(true)
06-06 17:43:14.585 V/PhoneStatusBar( 1713): setLightsOn(true)
06-06 17:43:14.717 V/PhoneStatusBar( 1713): setLightsOn(true)
06-06 17:43:14.720 V/PhoneStatusBar( 1713): setLightsOn(true)
06-06 17:43:14.733 I/WindowManager( 1631): Destroying surface Surface(name=com.evancharlton.mileage/com.evancharlton.mileage.Mileage) called by com.android.server.wm.WindowStateAnimator.destroySurface:2016 com.android.server.wm.WindowStateAnimator.destroySurfaceLocked:882 com.android.server.wm.WindowState.destroyOrSaveSurface:2100 com.android.server.wm.WindowManagerService.tryStartExitingAnimation:3024 com.android.server.wm.WindowManagerService.relayoutWindow:2904 com.android.server.wm.Session.relayout:224 android.view.IWindowSession$Stub.onTransact:286 com.android.server.wm.Session.onTransact:145 
06-06 17:43:14.734 V/PhoneStatusBar( 1713): setLightsOn(true)
06-06 17:43:14.738 V/PhoneStatusBar( 1713): setLightsOn(true)
06-06 17:43:15.285 I/System.out(13927): URI: //
06-06 17:43:15.285 I/System.out(13927): params: {json={"command":"press_key","arguments":["KEYCODE_MENU"]}
06-06 17:43:15.285 I/System.out(13927): }
06-06 17:43:15.285 I/System.out(13927): header: {content-type=application/json;charset=utf-8, date=Sat, 06 Jun 2020 22:43:15 GMT, accept=*/*, host=127.0.0.1:34784, content-length=52, user-agent=HTTPClient/1.0 (2.8.3, ruby 2.5.1 (2018-03-29))}
06-06 17:43:15.285 I/System.out(13927): params: {json={"command":"press_key","arguments":["KEYCODE_MENU"]}
06-06 17:43:15.285 I/System.out(13927): }
06-06 17:43:15.285 I/System.out(13927): ProP json = {"command":"press_key","arguments":["KEYCODE_MENU"]}
06-06 17:43:15.285 I/System.out(13927): files: {}
06-06 17:43:15.285 I/System.out(13927): command: {"command":"press_key","arguments":["KEYCODE_MENU"]}
06-06 17:43:15.287 I/InstrumentationBackend(13927): Got command:'Command:'Line:null,press_key', arguments:'[KEYCODE_MENU]'
06-06 17:43:15.292 V/PhoneStatusBar( 1713): setLightsOn(true)
06-06 17:43:15.300 V/PhoneStatusBar( 1713): setLightsOn(true)
06-06 17:43:15.300 I/System.out(13927): result:{"bonusInformation":[],"message":"","success":true}
06-06 17:43:15.304 I/System.out(13927): URI: //map
06-06 17:43:15.304 I/System.out(13927): params: {json={"query":"* marked:'Add new field'","operation":{"method_name":"query","arguments":[]}}
06-06 17:43:15.304 I/System.out(13927): }
06-06 17:43:15.315 V/PhoneStatusBar( 1713): setLightsOn(true)
06-06 17:43:15.332 V/PhoneStatusBar( 1713): setLightsOn(true)
06-06 17:43:15.334 D/gralloc_ranchu( 1348): gralloc_alloc: Creating ashmem region of size 929792
06-06 17:43:15.340 V/PhoneStatusBar( 1713): setLightsOn(true)
06-06 17:43:15.341 V/PhoneStatusBar( 1713): setLightsOn(true)
06-06 17:43:15.341 W/ResourceType(13927): No package identifier when getting name for resource number 0x00000001
06-06 17:43:15.349 V/PhoneStatusBar( 1713): setLightsOn(true)
06-06 17:43:15.351 I/art     (13927): Do partial code cache collection, code=30KB, data=28KB
06-06 17:43:15.351 I/art     (13927): After code cache collection, code=27KB, data=28KB
06-06 17:43:15.351 I/art     (13927): Increasing code cache capacity to 128KB
06-06 17:43:15.358 I/System.out(13927): URI: //gesture
06-06 17:43:15.358 I/System.out(13927): params: {json={"query_timeout":5.0,"gestures":[{"query_string":"* marked:'Add new field'","touches":[{"x":50,"y":50,"offset_x":0,"offset_y":0,"wait":0.0,"time":0.2,"release":true,"query_string":null}]}]}
06-06 17:43:15.358 I/System.out(13927): }
06-06 17:43:15.364 W/ResourceType(13927): No package identifier when getting name for resource number 0x00000001
06-06 17:43:15.481 D/gralloc_ranchu( 1348): gralloc_alloc: Creating ashmem region of size 929792
06-06 17:43:15.515 D/gralloc_ranchu( 1348): gralloc_alloc: Creating ashmem region of size 9023488
06-06 17:43:15.558 D/gralloc_ranchu( 1348): gralloc_alloc: Creating ashmem region of size 9023488
06-06 17:43:15.565 V/PhoneStatusBar( 1713): setLightsOn(true)
06-06 17:43:15.643 I/System.out(13927): URI: //map
06-06 17:43:15.643 I/System.out(13927): params: {json={"query":"android.widget.EditText index:0","operation":{"method_name":"query","arguments":[]}}
06-06 17:43:15.643 I/System.out(13927): }
06-06 17:43:15.654 I/ActivityManager( 1631): START u0 {cmp=com.evancharlton.mileage/.FieldActivity} from uid 10728 on display 0
06-06 17:43:15.656 V/PhoneStatusBar( 1713): setLightsOn(true)
06-06 17:43:15.656 V/PhoneStatusBar( 1713): setLightsOn(true)
06-06 17:43:15.689 I/WindowManager( 1631): Destroying surface Surface(name=AtchDlg:com.evancharlton.mileage/com.evancharlton.mileage.FieldListActivity) called by com.android.server.wm.WindowStateAnimator.destroySurface:2016 com.android.server.wm.WindowStateAnimator.destroySurfaceLocked:882 com.android.server.wm.WindowState.removeLocked:1456 com.android.server.wm.WindowManagerService.removeWindowInnerLocked:2484 com.android.server.wm.WindowManagerService.removeWindowLocked:2442 com.android.server.wm.WindowManagerService.removeWindowLocked:2311 com.android.server.wm.WindowManagerService.removeWindow:2306 com.android.server.wm.Session.remove:202 
06-06 17:43:15.719 I/calabash(13927): newActivity1
06-06 17:43:15.798 V/PhoneStatusBar( 1713): setLightsOn(true)
06-06 17:43:15.815 V/PhoneStatusBar( 1713): setLightsOn(true)
06-06 17:43:15.826 D/gralloc_ranchu( 1348): gralloc_alloc: Creating ashmem region of size 9023488
06-06 17:43:15.848 V/PhoneStatusBar( 1713): setLightsOn(true)
06-06 17:43:15.851 I/ActivityManager( 1631): Displayed com.evancharlton.mileage/.FieldActivity: +164ms
06-06 17:43:15.852 W/InputMethodService( 1699): Window size has been changed. This may cause jankiness of resizing window: -1 -> -2
06-06 17:43:15.856 I/LatinIME( 1699): Starting input. Cursor position = 0,0
06-06 17:43:15.865 D/gralloc_ranchu( 1348): gralloc_alloc: Creating ashmem region of size 9023488
06-06 17:43:15.866 V/PhoneStatusBar( 1713): setLightsOn(true)
06-06 17:43:15.932 V/PhoneStatusBar( 1713): setLightsOn(true)
06-06 17:43:15.964 I/System.out(13927): URI: //map
06-06 17:43:15.964 I/System.out(13927): params: {json={"query":"android.widget.EditText index:0","operation":{"method_name":"query","arguments":[]}}
06-06 17:43:15.964 I/System.out(13927): }
06-06 17:43:15.972 D/EGL_emulation( 1713): eglMakeCurrent: 0xa6a85780: ver 2 0 (tinfo 0xa6a83640)
06-06 17:43:15.973 V/PhoneStatusBar( 1713): setLightsOn(true)
06-06 17:43:15.980 I/System.out(13927): URI: //gesture
06-06 17:43:15.980 I/System.out(13927): params: {json={"query_timeout":5.0,"gestures":[{"query_string":"android.widget.EditText index:0","touches":[{"x":50,"y":50,"offset_x":0,"offset_y":0,"wait":0.0,"time":0.2,"release":true,"query_string":null}]}]}
06-06 17:43:15.980 I/System.out(13927): }
06-06 17:43:15.981 D/EGL_emulation( 1713): eglMakeCurrent: 0xa6a85780: ver 2 0 (tinfo 0xa6a83640)
06-06 17:43:15.982 V/PhoneStatusBar( 1713): setLightsOn(true)
06-06 17:43:15.983 D/EGL_emulation( 1699): eglMakeCurrent: 0xa6a85240: ver 2 0 (tinfo 0xa6a83470)
06-06 17:43:15.998 V/PhoneStatusBar( 1713): setLightsOn(true)
06-06 17:43:16.015 V/PhoneStatusBar( 1713): setLightsOn(true)
06-06 17:43:16.085 V/PhoneStatusBar( 1713): setLightsOn(true)
06-06 17:43:16.216 V/PhoneStatusBar( 1713): setLightsOn(true)
06-06 17:43:16.217 V/PhoneStatusBar( 1713): setLightsOn(true)
06-06 17:43:16.232 I/WindowManager( 1631): Destroying surface Surface(name=com.evancharlton.mileage/com.evancharlton.mileage.FieldListActivity) called by com.android.server.wm.WindowStateAnimator.destroySurface:2016 com.android.server.wm.WindowStateAnimator.destroySurfaceLocked:882 com.android.server.wm.WindowState.destroyOrSaveSurface:2100 com.android.server.wm.WindowManagerService.tryStartExitingAnimation:3024 com.android.server.wm.WindowManagerService.relayoutWindow:2904 com.android.server.wm.Session.relayout:224 android.view.IWindowSession$Stub.onTransact:286 com.android.server.wm.Session.onTransact:145 
06-06 17:43:16.233 V/PhoneStatusBar( 1713): setLightsOn(true)
06-06 17:43:16.234 V/PhoneStatusBar( 1713): setLightsOn(true)
06-06 17:43:16.726 I/System.out(13927): URI: //
06-06 17:43:16.726 I/System.out(13927): params: {json={"command":"set_selection","arguments":[-1,-1]}
06-06 17:43:16.726 I/System.out(13927): }
06-06 17:43:16.726 I/System.out(13927): header: {content-type=application/json;charset=utf-8, date=Sat, 06 Jun 2020 22:43:17 GMT, accept=*/*, host=127.0.0.1:34784, content-length=47, user-agent=HTTPClient/1.0 (2.8.3, ruby 2.5.1 (2018-03-29))}
06-06 17:43:16.726 I/System.out(13927): params: {json={"command":"set_selection","arguments":[-1,-1]}
06-06 17:43:16.726 I/System.out(13927): }
06-06 17:43:16.726 I/System.out(13927): ProP json = {"command":"set_selection","arguments":[-1,-1]}
06-06 17:43:16.726 I/System.out(13927): files: {}
06-06 17:43:16.727 I/System.out(13927): command: {"command":"set_selection","arguments":[-1,-1]}
06-06 17:43:16.728 I/InstrumentationBackend(13927): Got command:'Command:'Line:null,set_selection', arguments:'[-1, -1]'
06-06 17:43:16.733 I/System.out(13927): result:{"bonusInformation":[],"message":"","success":true}
06-06 17:43:16.757 I/System.out(13927): URI: //
06-06 17:43:16.757 I/System.out(13927): params: {json={"command":"keyboard_enter_text","arguments":["Gas station name"]}
06-06 17:43:16.757 I/System.out(13927): }
06-06 17:43:16.757 I/System.out(13927): header: {content-type=application/json;charset=utf-8, date=Sat, 06 Jun 2020 22:43:17 GMT, accept=*/*, host=127.0.0.1:34784, content-length=66, user-agent=HTTPClient/1.0 (2.8.3, ruby 2.5.1 (2018-03-29))}
06-06 17:43:16.757 I/System.out(13927): params: {json={"command":"keyboard_enter_text","arguments":["Gas station name"]}
06-06 17:43:16.757 I/System.out(13927): }
06-06 17:43:16.757 I/System.out(13927): ProP json = {"command":"keyboard_enter_text","arguments":["Gas station name"]}
06-06 17:43:16.757 I/System.out(13927): files: {}
06-06 17:43:16.757 I/System.out(13927): command: {"command":"keyboard_enter_text","arguments":["Gas station name"]}
06-06 17:43:16.758 I/InstrumentationBackend(13927): Got command:'Command:'Line:null,keyboard_enter_text', arguments:'[Gas station name]'
06-06 17:43:16.759 E/SpannableStringBuilder(13927): SPAN_EXCLUSIVE_EXCLUSIVE spans cannot have a zero length
06-06 17:43:16.759 E/SpannableStringBuilder(13927): SPAN_EXCLUSIVE_EXCLUSIVE spans cannot have a zero length
06-06 17:43:16.767 I/LatinIME:LogUtils( 1699): Dictionary info: dictionary = spellcheck_userunigram.en_US ; version = 1591483396 ; date = ?
06-06 17:43:16.774 I/LatinIME:LogUtils( 1699): Dictionary info: dictionary = main:en ; version = 54 ; date = 1414726273
06-06 17:43:16.774 E/SpannableStringBuilder(13927): SPAN_EXCLUSIVE_EXCLUSIVE spans cannot have a zero length
06-06 17:43:16.774 E/SpannableStringBuilder(13927): SPAN_EXCLUSIVE_EXCLUSIVE spans cannot have a zero length
06-06 17:43:16.781 I/System.out(13927): result:{"bonusInformation":[],"message":"","success":true}
06-06 17:43:16.784 I/System.out(13927): URI: //
06-06 17:43:16.785 I/System.out(13927): params: {json={"command":"press_key","arguments":["KEYCODE_BACK"]}
06-06 17:43:16.785 I/System.out(13927): }
06-06 17:43:16.785 I/System.out(13927): header: {content-type=application/json;charset=utf-8, date=Sat, 06 Jun 2020 22:43:17 GMT, accept=*/*, host=127.0.0.1:34784, content-length=52, user-agent=HTTPClient/1.0 (2.8.3, ruby 2.5.1 (2018-03-29))}
06-06 17:43:16.785 I/System.out(13927): params: {json={"command":"press_key","arguments":["KEYCODE_BACK"]}
06-06 17:43:16.785 I/System.out(13927): }
06-06 17:43:16.785 I/System.out(13927): ProP json = {"command":"press_key","arguments":["KEYCODE_BACK"]}
06-06 17:43:16.785 I/System.out(13927): files: {}
06-06 17:43:16.785 I/System.out(13927): command: {"command":"press_key","arguments":["KEYCODE_BACK"]}
06-06 17:43:16.786 I/InstrumentationBackend(13927): Got command:'Command:'Line:null,press_key', arguments:'[KEYCODE_BACK]'
06-06 17:43:16.806 W/InputMethodService( 1699): Window size has been changed. This may cause jankiness of resizing window: -1 -> -2
06-06 17:43:16.807 I/System.out(13927): result:{"bonusInformation":[],"message":"","success":true}
06-06 17:43:16.809 I/System.out(13927): URI: //map
06-06 17:43:16.809 I/System.out(13927): params: {json={"query":"* marked:'Add new field'","operation":{"method_name":"query","arguments":[]}}
06-06 17:43:16.809 I/System.out(13927): }
06-06 17:43:16.814 W/ResourceType(13927): No package identifier when getting name for resource number 0x00000001
06-06 17:43:16.815 D/EGL_emulation( 1713): eglMakeCurrent: 0xa6a85780: ver 2 0 (tinfo 0xa6a83640)
06-06 17:43:16.815 D/EGL_emulation( 1699): eglMakeCurrent: 0xa6a85240: ver 2 0 (tinfo 0xa6a83470)
06-06 17:43:16.818 V/PhoneStatusBar( 1713): setLightsOn(true)
06-06 17:43:16.820 V/PhoneStatusBar( 1713): setLightsOn(true)
06-06 17:43:16.822 I/System.out(13927): URI: //gesture
06-06 17:43:16.822 I/System.out(13927): params: {json={"query_timeout":5.0,"gestures":[{"query_string":"* marked:'Add new field'","touches":[{"x":50,"y":50,"offset_x":0,"offset_y":0,"wait":0.0,"time":0.2,"release":true,"query_string":null}]}]}
06-06 17:43:16.822 I/System.out(13927): }
06-06 17:43:16.832 V/PhoneStatusBar( 1713): setLightsOn(true)
06-06 17:43:16.859 W/ResourceType(13927): No package identifier when getting name for resource number 0x00000001
06-06 17:43:17.001 V/PhoneStatusBar( 1713): setLightsOn(true)
06-06 17:43:17.001 I/WindowManager( 1631): Destroying surface Surface(name=InputMethod) called by com.android.server.wm.WindowStateAnimator.destroySurface:2016 com.android.server.wm.WindowStateAnimator.destroySurfaceLocked:882 com.android.server.wm.WindowState.destroyOrSaveSurface:2100 com.android.server.wm.WindowSurfacePlacer.performSurfacePlacementInner:429 com.android.server.wm.WindowSurfacePlacer.performSurfacePlacementLoop:232 com.android.server.wm.WindowSurfacePlacer.performSurfacePlacement:180 com.android.server.wm.WindowManagerService$H.handleMessage:8086 android.os.Handler.dispatchMessage:102 
06-06 17:43:17.053 D/gralloc_ranchu( 1348): gralloc_alloc: Creating ashmem region of size 9023488
06-06 17:43:17.159 V/PhoneStatusBar( 1713): setLightsOn(true)
06-06 17:43:17.194 V/PhoneStatusBar( 1713): setLightsOn(true)
06-06 17:43:17.195 D/Mileage.ABS(13927): Finished backup
06-06 17:43:17.198 D/EGL_emulation( 1713): eglMakeCurrent: 0xa6a85780: ver 2 0 (tinfo 0xa6a83640)
06-06 17:43:17.215 V/PhoneStatusBar( 1713): setLightsOn(true)
06-06 17:43:17.266 V/PhoneStatusBar( 1713): setLightsOn(true)
06-06 17:43:17.325 D/gralloc_ranchu( 1348): gralloc_alloc: Creating ashmem region of size 9023488
06-06 17:43:17.381 V/PhoneStatusBar( 1713): setLightsOn(true)
06-06 17:43:17.403 W/IInputConnectionWrapper(13927): finishComposingText on inactive InputConnection
06-06 17:43:17.417 V/PhoneStatusBar( 1713): setLightsOn(true)
06-06 17:43:17.449 V/PhoneStatusBar( 1713): setLightsOn(true)
06-06 17:43:17.648 V/PhoneStatusBar( 1713): setLightsOn(true)
06-06 17:43:17.650 V/PhoneStatusBar( 1713): setLightsOn(true)
06-06 17:43:17.652 I/WindowManager( 1631): Destroying surface Surface(name=com.evancharlton.mileage/com.evancharlton.mileage.FieldActivity) called by com.android.server.wm.WindowStateAnimator.destroySurface:2016 com.android.server.wm.WindowStateAnimator.destroySurfaceLocked:882 com.android.server.wm.WindowState.removeLocked:1456 com.android.server.wm.WindowManagerService.removeWindowInnerLocked:2484 com.android.server.wm.WindowManagerService.removeWindowLocked:2442 com.android.server.wm.WindowManagerService.removeWindowLocked:2311 com.android.server.wm.WindowManagerService.removeWindow:2306 com.android.server.wm.Session.remove:202 
06-06 17:43:17.652 V/PhoneStatusBar( 1713): setLightsOn(true)
06-06 17:43:17.665 V/PhoneStatusBar( 1713): setLightsOn(true)
06-06 17:43:18.141 I/System.out(13927): URI: //
06-06 17:43:18.141 I/System.out(13927): params: {json={"command":"press_key","arguments":["KEYCODE_MENU"]}
06-06 17:43:18.141 I/System.out(13927): }
06-06 17:43:18.141 I/System.out(13927): header: {content-type=application/json;charset=utf-8, date=Sat, 06 Jun 2020 22:43:18 GMT, accept=*/*, host=127.0.0.1:34784, content-length=52, user-agent=HTTPClient/1.0 (2.8.3, ruby 2.5.1 (2018-03-29))}
06-06 17:43:18.141 I/System.out(13927): params: {json={"command":"press_key","arguments":["KEYCODE_MENU"]}
06-06 17:43:18.141 I/System.out(13927): }
06-06 17:43:18.141 I/System.out(13927): ProP json = {"command":"press_key","arguments":["KEYCODE_MENU"]}
06-06 17:43:18.141 I/System.out(13927): files: {}
06-06 17:43:18.141 I/System.out(13927): command: {"command":"press_key","arguments":["KEYCODE_MENU"]}
06-06 17:43:18.142 I/InstrumentationBackend(13927): Got command:'Command:'Line:null,press_key', arguments:'[KEYCODE_MENU]'
06-06 17:43:18.144 V/PhoneStatusBar( 1713): setLightsOn(true)
06-06 17:43:18.149 I/System.out(13927): result:{"bonusInformation":[],"message":"","success":true}
06-06 17:43:18.149 V/PhoneStatusBar( 1713): setLightsOn(true)
06-06 17:43:18.151 I/System.out(13927): URI: //map
06-06 17:43:18.151 I/System.out(13927): params: {json={"query":"* marked:'Add new field'","operation":{"method_name":"query","arguments":[]}}
06-06 17:43:18.151 I/System.out(13927): }
06-06 17:43:18.155 I/art     (13927): Do partial code cache collection, code=50KB, data=56KB
06-06 17:43:18.155 I/art     (13927): After code cache collection, code=50KB, data=56KB
06-06 17:43:18.155 I/art     (13927): Increasing code cache capacity to 256KB
06-06 17:43:18.165 V/PhoneStatusBar( 1713): setLightsOn(true)
06-06 17:43:18.182 V/PhoneStatusBar( 1713): setLightsOn(true)
06-06 17:43:18.182 D/gralloc_ranchu( 1348): gralloc_alloc: Creating ashmem region of size 929792
06-06 17:43:18.187 V/PhoneStatusBar( 1713): setLightsOn(true)
06-06 17:43:18.188 W/ResourceType(13927): No package identifier when getting name for resource number 0x00000001
06-06 17:43:18.188 V/PhoneStatusBar( 1713): setLightsOn(true)
06-06 17:43:18.197 I/System.out(13927): URI: //gesture
06-06 17:43:18.197 I/System.out(13927): params: {json={"query_timeout":5.0,"gestures":[{"query_string":"* marked:'Add new field'","touches":[{"x":50,"y":50,"offset_x":0,"offset_y":0,"wait":0.0,"time":0.2,"release":true,"query_string":null}]}]}
06-06 17:43:18.197 I/System.out(13927): }
06-06 17:43:18.198 V/PhoneStatusBar( 1713): setLightsOn(true)
06-06 17:43:18.202 W/ResourceType(13927): No package identifier when getting name for resource number 0x00000001
06-06 17:43:18.314 D/gralloc_ranchu( 1348): gralloc_alloc: Creating ashmem region of size 929792
06-06 17:43:18.415 V/PhoneStatusBar( 1713): setLightsOn(true)
06-06 17:43:18.432 I/ActivityManager( 1631): START u0 {cmp=com.evancharlton.mileage/.FieldActivity} from uid 10728 on display 0
06-06 17:43:18.433 V/PhoneStatusBar( 1713): setLightsOn(true)
06-06 17:43:18.434 V/PhoneStatusBar( 1713): setLightsOn(true)
