--------- beginning of main
06-05 19:59:54.385 D/AndroidRuntime(21176): >>>>>> START com.android.internal.os.RuntimeInit uid 2000 <<<<<<
06-05 19:59:54.387 D/AndroidRuntime(21176): CheckJNI is ON
06-05 19:59:54.400 W/art     (21176): Unexpected CPU variant for X86 using defaults: x86
06-05 19:59:54.403 D/ICU     (21176): No timezone override file found: /data/misc/zoneinfo/current/icu/icu_tzdata.dat
06-05 19:59:54.413 E/memtrack(21176): Couldn't load memtrack module (No such file or directory)
06-05 19:59:54.413 E/android.os.Debug(21176): failed to load memtrack module: -2
06-05 19:59:54.413 I/Radio-JNI(21176): register_android_hardware_Radio DONE
06-05 19:59:54.419 D/AndroidRuntime(21176): Calling main entry com.android.commands.am.Am
--------- beginning of system
06-05 19:59:54.420 I/ActivityManager( 1629): Force stopping com.evancharlton.mileage appid=10196 user=0: start instr
06-05 19:59:54.420 I/ActivityManager( 1629): Killing 21156:com.evancharlton.mileage/u0a196 (adj 0): stop com.evancharlton.mileage
06-05 19:59:54.421 D/ActivityManager( 1629): cleanUpApplicationRecord -- 21156
06-05 19:59:54.421 W/ActivityManager( 1629): Crash of app com.evancharlton.mileage running instrumentation ComponentInfo{com.evancharlton.mileage.test/sh.calaba.instrumentationbackend.ClearAppData2}
06-05 19:59:54.421 I/ActivityManager( 1629): Force stopping com.evancharlton.mileage appid=10196 user=0: finished inst
06-05 19:59:54.424 I/art     (21186): Not late-enabling -Xcheck:jni (already on)
06-05 19:59:54.424 W/art     (21186): Unexpected CPU variant for X86 using defaults: x86
06-05 19:59:54.432 I/ActivityManager( 1629): Start proc 21186:com.evancharlton.mileage/u0a196 for added application com.evancharlton.mileage
06-05 19:59:54.432 D/AndroidRuntime(21176): Shutting down VM
06-05 19:59:54.436 W/System  (21186): ClassLoader referenced unknown path: /data/app/com.evancharlton.mileage.test-1/lib/x86
06-05 19:59:54.436 W/System  (21186): ClassLoader referenced unknown path: /data/app/com.evancharlton.mileage-1/lib/x86
06-05 19:59:54.438 W/System  (21186): ClassLoader referenced unknown path: 
06-05 19:59:54.443 I/System.out(21186): Main activity name automatically set to: com.evancharlton.mileage.Mileage
06-05 19:59:54.443 I/System.out(21186): Calabash did not load Mono. This is only a problem if you are trying to test a Mono application
06-05 19:59:54.444 I/calabash(21186): Test server port: 7102
06-05 19:59:54.445 I/InstrumentationBackend(21186): Added:'GetPreferences', with key:'get_preferences'
06-05 19:59:54.450 I/InstrumentationBackend(21186): Added:'SetPreferences', with key:'set_preferences'
06-05 19:59:54.450 I/InstrumentationBackend(21186): Added:'ClearPreferences', with key:'clear_preferences'
06-05 19:59:54.450 I/InstrumentationBackend(21186): Added:'PressElement', with key:'press_l10n_element'
06-05 19:59:54.450 I/InstrumentationBackend(21186): Added:'WaitForElement', with key:'wait_for_l10n_element'
06-05 19:59:54.450 I/InstrumentationBackend(21186): Added:'NullAction', with key:'nullAction'
06-05 19:59:54.450 I/InstrumentationBackend(21186): Added:'PressKey', with key:'press_key'
06-05 19:59:54.450 I/InstrumentationBackend(21186): Added:'SetActivityOrientation', with key:'set_activity_orientation'
06-05 19:59:54.450 I/InstrumentationBackend(21186): Added:'GetActivityOrientation', with key:'get_activity_orientation'
06-05 19:59:54.450 I/InstrumentationBackend(21186): Added:'FakeGPSLocation', with key:'set_gps_coordinates'
06-05 19:59:54.450 I/InstrumentationBackend(21186): Added:'SetPropertyByCssSelector', with key:'set_property_by_css_selector'
06-05 19:59:54.450 I/InstrumentationBackend(21186): Added:'GetUrl', with key:'get_url'
06-05 19:59:54.450 I/InstrumentationBackend(21186): Added:'ScrollTo', with key:'scroll_to'
06-05 19:59:54.450 I/InstrumentationBackend(21186): Added:'GetLoadProgress', with key:'get_load_progress'
06-05 19:59:54.450 I/InstrumentationBackend(21186): Added:'DumpHtml', with key:'dump_html'
06-05 19:59:54.451 I/InstrumentationBackend(21186): Added:'DumpBodyHtml', with key:'dump_body_html'
06-05 19:59:54.451 I/InstrumentationBackend(21186): Added:'EnterTextByCssSelector', with key:'enter_text_by_selector'
06-05 19:59:54.451 I/InstrumentationBackend(21186): Added:'AndroidSDKVersion', with key:'android_sdk_version'
06-05 19:59:54.451 I/InstrumentationBackend(21186): Added:'Version', with key:'version'
06-05 19:59:54.451 I/InstrumentationBackend(21186): Added:'Drag', with key:'drag'
06-05 19:59:54.451 I/InstrumentationBackend(21186): Added:'TouchCoordinates', with key:'touch_coordinate'
06-05 19:59:54.451 I/InstrumentationBackend(21186): Added:'LongPressCoordinate', with key:'long_press_coordinate'
06-05 19:59:54.451 I/InstrumentationBackend(21186): Added:'DragCoordinates', with key:'drag_coordinates'
06-05 19:59:54.451 I/InstrumentationBackend(21186): Added:'ResumeApplication', with key:'resume_application'
06-05 19:59:54.451 I/InstrumentationBackend(21186): Added:'Swipe', with key:'swipe'
06-05 19:59:54.451 I/InstrumentationBackend(21186): Added:'DoubleTapCoordinate', with key:'double_tap_coordinate'
06-05 19:59:54.451 I/InstrumentationBackend(21186): Added:'ClickOnScreen', with key:'click_on_screen'
06-05 19:59:54.451 I/InstrumentationBackend(21186): Added:'GetActivityName', with key:'get_activity_name'
06-05 19:59:54.451 I/InstrumentationBackend(21186): Added:'ScrollToView', with key:'scroll_to_view'
06-05 19:59:54.451 I/InstrumentationBackend(21186): Added:'ViewConfiguration', with key:'view_configuration'
06-05 19:59:54.451 I/InstrumentationBackend(21186): Added:'IsCurrentActivityFocused', with key:'is_current_activity_focused'
06-05 19:59:54.451 I/InstrumentationBackend(21186): Added:'SendTcp', with key:'send_tcp'
06-05 19:59:54.451 I/InstrumentationBackend(21186): Added:'DpToDevicePixel', with key:'dp_to_device_pixel'
06-05 19:59:54.452 I/InstrumentationBackend(21186): Added:'KeyboardEnterText', with key:'keyboard_enter_text'
06-05 19:59:54.452 I/InstrumentationBackend(21186): Added:'DeleteSurroundingText', with key:'delete_surrounding_text'
06-05 19:59:54.452 I/InstrumentationBackend(21186): Added:'SetComposingRegion', with key:'set_composing_region'
06-05 19:59:54.452 I/InstrumentationBackend(21186): Added:'SetSelection', with key:'set_selection'
06-05 19:59:54.452 I/InstrumentationBackend(21186): Added:'KeyboardKeyEvent', with key:'keyboard_key_event'
06-05 19:59:54.452 I/InstrumentationBackend(21186): Added:'PressUserActionButton', with key:'press_user_action_button'
06-05 19:59:54.452 I/InstrumentationBackend(21186): Added:'HideSoftKeyboard', with key:'hide_soft_keyboard'
06-05 19:59:54.452 I/InstrumentationBackend(21186): Added:'ListActions', with key:'list_actions'
06-05 19:59:54.452 I/calabash(21186): Instantiating http server at 7102
06-05 19:59:54.452 I/System.out(21186): HTTP Daemon listening on: 7102
06-05 19:59:54.545 I/System.out(21186): URI: //ping
06-05 19:59:54.545 I/System.out(21186): params: {json={}
06-05 19:59:54.545 I/System.out(21186): }
06-05 19:59:54.553 I/System.out(21186): URI: //ping
06-05 19:59:54.554 I/System.out(21186): params: {json={}
06-05 19:59:54.554 I/System.out(21186): }
06-05 19:59:54.561 I/System.out(21186): URI: //ready
06-05 19:59:54.561 I/System.out(21186): params: {json={}
06-05 19:59:54.561 I/System.out(21186): }
06-05 19:59:54.568 I/System.out(21186): URI: //
06-05 19:59:54.568 I/System.out(21186): params: {json={"command":"version","arguments":[]}
06-05 19:59:54.568 I/System.out(21186): }
06-05 19:59:54.568 I/System.out(21186): header: {content-type=application/json;charset=utf-8, date=Sat, 06 Jun 2020 00:59:55 GMT, accept=*/*, host=127.0.0.1:34783, content-length=36, user-agent=HTTPClient/1.0 (2.8.3, ruby 2.5.1 (2018-03-29))}
06-05 19:59:54.568 I/System.out(21186): params: {json={"command":"version","arguments":[]}
06-05 19:59:54.568 I/System.out(21186): }
06-05 19:59:54.568 I/System.out(21186): ProP json = {"command":"version","arguments":[]}
06-05 19:59:54.568 I/System.out(21186): files: {}
06-05 19:59:54.568 I/System.out(21186): command: {"command":"version","arguments":[]}
06-05 19:59:54.580 I/InstrumentationBackend(21186): Got command:'Command:'Line:null,version', arguments:'[]'
06-05 19:59:54.595 I/System.out(21186): result:{"bonusInformation":[],"message":"0.9.8","success":true}
06-05 19:59:54.598 I/System.out(21186): URI: //start-application
06-05 19:59:54.598 I/System.out(21186): params: {json={"intent":null}
06-05 19:59:54.598 I/System.out(21186): }
06-05 19:59:54.610 I/ActivityManager( 1629): START u0 {act=android.intent.action.MAIN cat=[android.intent.category.LAUNCHER] flg=0x10200000 cmp=com.evancharlton.mileage/.Mileage} from uid 10196 on display 0
06-05 19:59:54.616 I/calabash(21186): newActivity1
06-05 19:59:54.624 I/calabash(21186): newActivity1
06-05 19:59:54.625 W/ActivityManager( 1629): Bad activity token: android.os.BinderProxy@feefffa
06-05 19:59:54.625 W/ActivityManager( 1629): java.lang.ClassCastException: android.os.BinderProxy cannot be cast to com.android.server.am.ActivityRecord$Token
06-05 19:59:54.625 W/ActivityManager( 1629): 	at com.android.server.am.ActivityRecord.forTokenLocked(ActivityRecord.java:586)
06-05 19:59:54.625 W/ActivityManager( 1629): 	at com.android.server.am.ActivityRecord.isInStackLocked(ActivityRecord.java:1327)
06-05 19:59:54.625 W/ActivityManager( 1629): 	at com.android.server.am.ActivityRecord.getStackLocked(ActivityRecord.java:1332)
06-05 19:59:54.625 W/ActivityManager( 1629): 	at com.android.server.am.ActivityManagerService.getActivityDisplayId(ActivityManagerService.java:9806)
06-05 19:59:54.625 W/ActivityManager( 1629): 	at android.app.ActivityManagerNative.onTransact(ActivityManagerNative.java:2566)
06-05 19:59:54.625 W/ActivityManager( 1629): 	at com.android.server.am.ActivityManagerService.onTransact(ActivityManagerService.java:2757)
06-05 19:59:54.625 W/ActivityManager( 1629): 	at android.os.Binder.execTransact(Binder.java:565)
06-05 19:59:54.626 W/ActivityManager( 1629): Bad activity token: android.os.BinderProxy@feefffa
06-05 19:59:54.626 W/ActivityManager( 1629): java.lang.ClassCastException: android.os.BinderProxy cannot be cast to com.android.server.am.ActivityRecord$Token
06-05 19:59:54.626 W/ActivityManager( 1629): 	at com.android.server.am.ActivityRecord.forTokenLocked(ActivityRecord.java:586)
06-05 19:59:54.626 W/ActivityManager( 1629): 	at com.android.server.am.ActivityRecord.isInStackLocked(ActivityRecord.java:1327)
06-05 19:59:54.626 W/ActivityManager( 1629): 	at com.android.server.am.ActivityManagerService.setTaskDescription(ActivityManagerService.java:9358)
06-05 19:59:54.626 W/ActivityManager( 1629): 	at android.app.ActivityManagerNative.onTransact(ActivityManagerNative.java:2639)
06-05 19:59:54.626 W/ActivityManager( 1629): 	at com.android.server.am.ActivityManagerService.onTransact(ActivityManagerService.java:2757)
06-05 19:59:54.626 W/ActivityManager( 1629): 	at android.os.Binder.execTransact(Binder.java:565)
06-05 19:59:54.626 W/ActivityManager( 1629): Bad activity token: android.os.BinderProxy@feefffa
06-05 19:59:54.626 W/ActivityManager( 1629): java.lang.ClassCastException: android.os.BinderProxy cannot be cast to com.android.server.am.ActivityRecord$Token
06-05 19:59:54.626 W/ActivityManager( 1629): 	at com.android.server.am.ActivityRecord.forTokenLocked(ActivityRecord.java:586)
06-05 19:59:54.626 W/ActivityManager( 1629): 	at com.android.server.am.ActivityRecord.isInStackLocked(ActivityRecord.java:1327)
06-05 19:59:54.626 W/ActivityManager( 1629): 	at com.android.server.am.ActivityRecord.getStackLocked(ActivityRecord.java:1332)
06-05 19:59:54.626 W/ActivityManager( 1629): 	at com.android.server.am.ActivityManagerService.getActivityStackId(ActivityManagerService.java:9817)
06-05 19:59:54.626 W/ActivityManager( 1629): 	at android.app.ActivityManagerNative.onTransact(ActivityManagerNative.java:2856)
06-05 19:59:54.626 W/ActivityManager( 1629): 	at com.android.server.am.ActivityManagerService.onTransact(ActivityManagerService.java:2757)
06-05 19:59:54.626 W/ActivityManager( 1629): 	at android.os.Binder.execTransact(Binder.java:565)
06-05 19:59:54.636 D/gralloc_ranchu( 1348): gralloc_alloc: Creating ashmem region of size 9023488
06-05 19:59:54.639 D/FillupsProvider(21186): Creating database
06-05 19:59:54.657 W/ActivityManager( 1629): Bad activity token: android.os.BinderProxy@feefffa
06-05 19:59:54.657 W/ActivityManager( 1629): java.lang.ClassCastException: android.os.BinderProxy cannot be cast to com.android.server.am.ActivityRecord$Token
06-05 19:59:54.657 W/ActivityManager( 1629): 	at com.android.server.am.ActivityRecord.forTokenLocked(ActivityRecord.java:586)
06-05 19:59:54.657 W/ActivityManager( 1629): 	at com.android.server.am.ActivityRecord.isInStackLocked(ActivityRecord.java:1327)
06-05 19:59:54.657 W/ActivityManager( 1629): 	at com.android.server.am.ActivityManagerService.getActivityOptions(ActivityManagerService.java:12559)
06-05 19:59:54.657 W/ActivityManager( 1629): 	at android.app.ActivityManagerNative.onTransact(ActivityManagerNative.java:1933)
06-05 19:59:54.657 W/ActivityManager( 1629): 	at com.android.server.am.ActivityManagerService.onTransact(ActivityManagerService.java:2757)
06-05 19:59:54.657 W/ActivityManager( 1629): 	at android.os.Binder.execTransact(Binder.java:565)
06-05 19:59:54.657 W/ActivityManager( 1629): Bad activity token: android.os.BinderProxy@feefffa
06-05 19:59:54.657 W/ActivityManager( 1629): java.lang.ClassCastException: android.os.BinderProxy cannot be cast to com.android.server.am.ActivityRecord$Token
06-05 19:59:54.657 W/ActivityManager( 1629): 	at com.android.server.am.ActivityRecord.forTokenLocked(ActivityRecord.java:586)
06-05 19:59:54.657 W/ActivityManager( 1629): 	at com.android.server.am.ActivityRecord.isInStackLocked(ActivityRecord.java:1327)
06-05 19:59:54.657 W/ActivityManager( 1629): 	at com.android.server.am.ActivityManagerService.getActivityOptions(ActivityManagerService.java:12559)
06-05 19:59:54.657 W/ActivityManager( 1629): 	at android.app.ActivityManagerNative.onTransact(ActivityManagerNative.java:1933)
06-05 19:59:54.657 W/ActivityManager( 1629): 	at com.android.server.am.ActivityManagerService.onTransact(ActivityManagerService.java:2757)
06-05 19:59:54.657 W/ActivityManager( 1629): 	at android.os.Binder.execTransact(Binder.java:565)
06-05 19:59:54.658 V/PhoneStatusBar( 1711): setLightsOn(true)
06-05 19:59:54.669 D/EGL_emulation( 2147): eglMakeCurrent: 0xa3805360: ver 2 0 (tinfo 0xa3803630)
06-05 19:59:54.670 D/EGL_emulation( 1711): eglMakeCurrent: 0x9f1709c0: ver 2 0 (tinfo 0xa0e61d00)
06-05 19:59:54.684 D/gralloc_ranchu( 1348): gralloc_alloc: Creating ashmem region of size 9023488
06-05 19:59:54.685 D/EGL_emulation( 1711): eglMakeCurrent: 0x9f1709c0: ver 2 0 (tinfo 0xa0e61d00)
06-05 19:59:54.689 D/        (21186): HostConnection::get() New Host Connection established 0x9f13cf80, tid 21186
06-05 19:59:54.690 D/EGL_emulation( 1711): eglMakeCurrent: 0x9f1709c0: ver 2 0 (tinfo 0xa0e61d00)
06-05 19:59:54.690 V/PhoneStatusBar( 1711): setLightsOn(true)
06-05 19:59:54.726 D/EGL_emulation( 1711): eglMakeCurrent: 0x9f1709c0: ver 2 0 (tinfo 0xa0e61d00)
06-05 19:59:54.729 D/EGL_emulation( 1711): eglMakeCurrent: 0x9f1709c0: ver 2 0 (tinfo 0xa0e61d00)
06-05 19:59:54.730 D/EGL_emulation( 1711): eglMakeCurrent: 0x9f1709c0: ver 2 0 (tinfo 0xa0e61d00)
06-05 19:59:54.732 D/EGL_emulation( 1711): eglMakeCurrent: 0x9f1709c0: ver 2 0 (tinfo 0xa0e61d00)
06-05 19:59:54.736 D/EGL_emulation( 1711): eglMakeCurrent: 0x9f1709c0: ver 2 0 (tinfo 0xa0e61d00)
06-05 19:59:54.738 D/EGL_emulation( 1711): eglMakeCurrent: 0x9f1709c0: ver 2 0 (tinfo 0xa0e61d00)
06-05 19:59:54.748 I/ActivityManager( 1629): Displayed com.evancharlton.mileage/.Mileage: +134ms
06-05 19:59:54.751 D/gralloc_ranchu( 1348): gralloc_alloc: Creating ashmem region of size 9023488
06-05 19:59:54.752 D/EGL_emulation( 1711): eglMakeCurrent: 0x9f1709c0: ver 2 0 (tinfo 0xa0e61d00)
06-05 19:59:54.769 D/EGL_emulation( 1711): eglMakeCurrent: 0x9f1709c0: ver 2 0 (tinfo 0xa0e61d00)
06-05 19:59:54.772 D/EGL_emulation( 1711): eglMakeCurrent: 0x9f1709c0: ver 2 0 (tinfo 0xa0e61d00)
06-05 19:59:54.782 D/EGL_emulation( 1711): eglMakeCurrent: 0x9f1709c0: ver 2 0 (tinfo 0xa0e61d00)
06-05 19:59:54.782 V/PhoneStatusBar( 1711): setLightsOn(true)
06-05 19:59:54.785 D/EGL_emulation( 1711): eglMakeCurrent: 0x9f1709c0: ver 2 0 (tinfo 0xa0e61d00)
06-05 19:59:54.786 D/EGL_emulation( 1711): eglMakeCurrent: 0x9f1709c0: ver 2 0 (tinfo 0xa0e61d00)
06-05 19:59:54.801 D/EGL_emulation( 1711): eglMakeCurrent: 0x9f1709c0: ver 2 0 (tinfo 0xa0e61d00)
06-05 19:59:54.803 D/EGL_emulation( 1711): eglMakeCurrent: 0x9f1709c0: ver 2 0 (tinfo 0xa0e61d00)
06-05 19:59:54.804 I/System.out(21186): URI: //map
06-05 19:59:54.804 I/System.out(21186): params: {json={"query":"* marked:'Vehicles'","operation":{"method_name":"query","arguments":[]}}
06-05 19:59:54.804 I/System.out(21186): }
06-05 19:59:54.818 D/EGL_emulation( 1711): eglMakeCurrent: 0x9f1709c0: ver 2 0 (tinfo 0xa0e61d00)
06-05 19:59:54.820 W/ResourceType(21186): No package identifier when getting name for resource number 0x00000001
06-05 19:59:54.820 D/EGL_emulation( 1711): eglMakeCurrent: 0x9f1709c0: ver 2 0 (tinfo 0xa0e61d00)
06-05 19:59:54.835 D/EGL_emulation( 1711): eglMakeCurrent: 0x9f1709c0: ver 2 0 (tinfo 0xa0e61d00)
06-05 19:59:54.837 I/System.out(21186): URI: //gesture
06-05 19:59:54.837 I/System.out(21186): params: {json={"query_timeout":5.0,"gestures":[{"query_string":"* marked:'Vehicles'","touches":[{"x":50,"y":50,"offset_x":0,"offset_y":0,"wait":0.0,"time":0.2,"release":true,"query_string":null}]}]}
06-05 19:59:54.837 I/System.out(21186): }
06-05 19:59:54.837 D/EGL_emulation( 1711): eglMakeCurrent: 0x9f1709c0: ver 2 0 (tinfo 0xa0e61d00)
06-05 19:59:54.843 W/ResourceType(21186): No package identifier when getting name for resource number 0x00000001
06-05 19:59:54.858 D/EGL_emulation( 1711): eglMakeCurrent: 0x9f1709c0: ver 2 0 (tinfo 0xa0e61d00)
06-05 19:59:54.861 D/EGL_emulation( 1711): eglMakeCurrent: 0x9f1709c0: ver 2 0 (tinfo 0xa0e61d00)
06-05 19:59:54.872 D/EGL_emulation( 1711): eglMakeCurrent: 0x9f1709c0: ver 2 0 (tinfo 0xa0e61d00)
06-05 19:59:54.934 I/WindowManager( 1629): Destroying surface Surface(name=Starting com.evancharlton.mileage) called by com.android.server.wm.WindowStateAnimator.destroySurface:2016 com.android.server.wm.WindowStateAnimator.destroySurfaceLocked:882 com.android.server.wm.WindowState.destroyOrSaveSurface:2100 com.android.server.wm.AppWindowToken.destroySurfaces:363 com.android.server.wm.WindowStateAnimator.finishExit:565 com.android.server.wm.WindowStateAnimator.stepAnimationLocked:491 com.android.server.wm.WindowAnimator.updateWindowsLocked:303 com.android.server.wm.WindowAnimator.animateLocked:704 
06-05 19:59:54.937 V/PhoneStatusBar( 1711): setLightsOn(true)
06-05 19:59:54.937 V/PhoneStatusBar( 1711): setLightsOn(true)
06-05 19:59:55.070 I/calabash(21186): newActivity1
06-05 19:59:55.071 W/ActivityManager( 1629): Bad activity token: android.os.BinderProxy@b98f338
06-05 19:59:55.071 W/ActivityManager( 1629): java.lang.ClassCastException: android.os.BinderProxy cannot be cast to com.android.server.am.ActivityRecord$Token
06-05 19:59:55.071 W/ActivityManager( 1629): 	at com.android.server.am.ActivityRecord.forTokenLocked(ActivityRecord.java:586)
06-05 19:59:55.071 W/ActivityManager( 1629): 	at com.android.server.am.ActivityRecord.isInStackLocked(ActivityRecord.java:1327)
06-05 19:59:55.071 W/ActivityManager( 1629): 	at com.android.server.am.ActivityRecord.getStackLocked(ActivityRecord.java:1332)
06-05 19:59:55.071 W/ActivityManager( 1629): 	at com.android.server.am.ActivityManagerService.getActivityDisplayId(ActivityManagerService.java:9806)
06-05 19:59:55.071 W/ActivityManager( 1629): 	at android.app.ActivityManagerNative.onTransact(ActivityManagerNative.java:2566)
06-05 19:59:55.071 W/ActivityManager( 1629): 	at com.android.server.am.ActivityManagerService.onTransact(ActivityManagerService.java:2757)
06-05 19:59:55.071 W/ActivityManager( 1629): 	at android.os.Binder.execTransact(Binder.java:565)
06-05 19:59:55.072 W/ActivityManager( 1629): Bad activity token: android.os.BinderProxy@b98f338
06-05 19:59:55.072 W/ActivityManager( 1629): java.lang.ClassCastException: android.os.BinderProxy cannot be cast to com.android.server.am.ActivityRecord$Token
06-05 19:59:55.072 W/ActivityManager( 1629): 	at com.android.server.am.ActivityRecord.forTokenLocked(ActivityRecord.java:586)
06-05 19:59:55.072 W/ActivityManager( 1629): 	at com.android.server.am.ActivityRecord.isInStackLocked(ActivityRecord.java:1327)
06-05 19:59:55.072 W/ActivityManager( 1629): 	at com.android.server.am.ActivityManagerService.setTaskDescription(ActivityManagerService.java:9358)
06-05 19:59:55.072 W/ActivityManager( 1629): 	at android.app.ActivityManagerNative.onTransact(ActivityManagerNative.java:2639)
06-05 19:59:55.072 W/ActivityManager( 1629): 	at com.android.server.am.ActivityManagerService.onTransact(ActivityManagerService.java:2757)
06-05 19:59:55.072 W/ActivityManager( 1629): 	at android.os.Binder.execTransact(Binder.java:565)
06-05 19:59:55.073 W/ActivityManager( 1629): Bad activity token: android.os.BinderProxy@b98f338
06-05 19:59:55.073 W/ActivityManager( 1629): java.lang.ClassCastException: android.os.BinderProxy cannot be cast to com.android.server.am.ActivityRecord$Token
06-05 19:59:55.073 W/ActivityManager( 1629): 	at com.android.server.am.ActivityRecord.forTokenLocked(ActivityRecord.java:586)
06-05 19:59:55.073 W/ActivityManager( 1629): 	at com.android.server.am.ActivityRecord.isInStackLocked(ActivityRecord.java:1327)
06-05 19:59:55.073 W/ActivityManager( 1629): 	at com.android.server.am.ActivityRecord.getStackLocked(ActivityRecord.java:1332)
06-05 19:59:55.073 W/ActivityManager( 1629): 	at com.android.server.am.ActivityManagerService.getActivityStackId(ActivityManagerService.java:9817)
06-05 19:59:55.073 W/ActivityManager( 1629): 	at android.app.ActivityManagerNative.onTransact(ActivityManagerNative.java:2856)
06-05 19:59:55.073 W/ActivityManager( 1629): 	at com.android.server.am.ActivityManagerService.onTransact(ActivityManagerService.java:2757)
06-05 19:59:55.073 W/ActivityManager( 1629): 	at android.os.Binder.execTransact(Binder.java:565)
06-05 19:59:55.074 W/audio_hw_generic( 1394): Not supplying enough data to HAL, expected position 102915557 , only wrote 102915360
06-05 19:59:55.076 W/ActivityManager( 1629): Bad activity token: android.os.BinderProxy@b98f338
06-05 19:59:55.076 W/ActivityManager( 1629): java.lang.ClassCastException: android.os.BinderProxy cannot be cast to com.android.server.am.ActivityRecord$Token
06-05 19:59:55.076 W/ActivityManager( 1629): 	at com.android.server.am.ActivityRecord.forTokenLocked(ActivityRecord.java:586)
06-05 19:59:55.076 W/ActivityManager( 1629): 	at com.android.server.am.ActivityRecord.isInStackLocked(ActivityRecord.java:1327)
06-05 19:59:55.076 W/ActivityManager( 1629): 	at com.android.server.am.ActivityManagerService.getActivityOptions(ActivityManagerService.java:12559)
06-05 19:59:55.076 W/ActivityManager( 1629): 	at android.app.ActivityManagerNative.onTransact(ActivityManagerNative.java:1933)
06-05 19:59:55.076 W/ActivityManager( 1629): 	at com.android.server.am.ActivityManagerService.onTransact(ActivityManagerService.java:2757)
06-05 19:59:55.076 W/ActivityManager( 1629): 	at android.os.Binder.execTransact(Binder.java:565)
06-05 19:59:55.076 W/ActivityManager( 1629): Bad activity token: android.os.BinderProxy@b98f338
06-05 19:59:55.076 W/ActivityManager( 1629): java.lang.ClassCastException: android.os.BinderProxy cannot be cast to com.android.server.am.ActivityRecord$Token
06-05 19:59:55.076 W/ActivityManager( 1629): 	at com.android.server.am.ActivityRecord.forTokenLocked(ActivityRecord.java:586)
06-05 19:59:55.076 W/ActivityManager( 1629): 	at com.android.server.am.ActivityRecord.isInStackLocked(ActivityRecord.java:1327)
06-05 19:59:55.076 W/ActivityManager( 1629): 	at com.android.server.am.ActivityManagerService.getActivityOptions(ActivityManagerService.java:12559)
06-05 19:59:55.076 W/ActivityManager( 1629): 	at android.app.ActivityManagerNative.onTransact(ActivityManagerNative.java:1933)
06-05 19:59:55.076 W/ActivityManager( 1629): 	at com.android.server.am.ActivityManagerService.onTransact(ActivityManagerService.java:2757)
06-05 19:59:55.076 W/ActivityManager( 1629): 	at android.os.Binder.execTransact(Binder.java:565)
06-05 19:59:55.080 I/System.out(21186): URI: //map
06-05 19:59:55.080 I/System.out(21186): params: {json={"query":"* {text CONTAINS[c] 'Default vehicle'}","operation":{"method_name":"query","arguments":[]}}
06-05 19:59:55.080 I/System.out(21186): }
06-05 19:59:55.102 V/PhoneStatusBar( 1711): setLightsOn(true)
06-05 19:59:55.135 I/System.out(21186): URI: //map
06-05 19:59:55.135 I/System.out(21186): params: {json={"query":"* {text CONTAINS[c] 'Auto-generated vehicle'}","operation":{"method_name":"query","arguments":[]}}
06-05 19:59:55.135 I/System.out(21186): }
06-05 19:59:55.140 I/art     (21186): Do partial code cache collection, code=29KB, data=30KB
06-05 19:59:55.140 I/art     (21186): After code cache collection, code=28KB, data=30KB
06-05 19:59:55.140 I/art     (21186): Increasing code cache capacity to 128KB
06-05 19:59:55.151 I/System.out(21186): URI: //
06-05 19:59:55.151 I/System.out(21186): params: {json={"command":"press_key","arguments":["KEYCODE_MENU"]}
06-05 19:59:55.151 I/System.out(21186): }
06-05 19:59:55.151 I/System.out(21186): header: {content-type=application/json;charset=utf-8, date=Sat, 06 Jun 2020 00:59:55 GMT, accept=*/*, host=127.0.0.1:34783, content-length=52, user-agent=HTTPClient/1.0 (2.8.3, ruby 2.5.1 (2018-03-29))}
06-05 19:59:55.151 I/System.out(21186): params: {json={"command":"press_key","arguments":["KEYCODE_MENU"]}
06-05 19:59:55.151 I/System.out(21186): }
06-05 19:59:55.151 I/System.out(21186): ProP json = {"command":"press_key","arguments":["KEYCODE_MENU"]}
06-05 19:59:55.151 I/System.out(21186): files: {}
06-05 19:59:55.151 I/System.out(21186): command: {"command":"press_key","arguments":["KEYCODE_MENU"]}
06-05 19:59:55.152 I/InstrumentationBackend(21186): Got command:'Command:'Line:null,press_key', arguments:'[KEYCODE_MENU]'
06-05 19:59:55.161 V/PhoneStatusBar( 1711): setLightsOn(true)
06-05 19:59:55.166 I/System.out(21186): result:{"bonusInformation":[],"message":"","success":true}
06-05 19:59:55.169 I/System.out(21186): URI: //map
06-05 19:59:55.169 I/System.out(21186): params: {json={"query":"* {text CONTAINS[c] 'Add new vehicle'}","operation":{"method_name":"query","arguments":[]}}
06-05 19:59:55.169 I/System.out(21186): }
06-05 19:59:55.170 V/PhoneStatusBar( 1711): setLightsOn(true)
06-05 19:59:55.185 V/PhoneStatusBar( 1711): setLightsOn(true)
06-05 19:59:55.201 V/PhoneStatusBar( 1711): setLightsOn(true)
06-05 19:59:55.203 D/gralloc_ranchu( 1348): gralloc_alloc: Creating ashmem region of size 1720320
06-05 19:59:55.216 V/PhoneStatusBar( 1711): setLightsOn(true)
06-05 19:59:55.218 V/PhoneStatusBar( 1711): setLightsOn(true)
06-05 19:59:55.227 I/System.out(21186): URI: //map
06-05 19:59:55.227 I/System.out(21186): params: {json={"query":"* {text CONTAINS[c] 'Edit vehicle types'}","operation":{"method_name":"query","arguments":[]}}
06-05 19:59:55.227 I/System.out(21186): }
06-05 19:59:55.240 I/System.out(21186): URI: //map
06-05 19:59:55.240 I/System.out(21186): params: {json={"query":"* {text CONTAINS[c] 'Service intervals'}","operation":{"method_name":"query","arguments":[]}}
06-05 19:59:55.240 I/System.out(21186): }
06-05 19:59:55.251 I/System.out(21186): URI: //map
06-05 19:59:55.251 I/System.out(21186): params: {json={"query":"* {text CONTAINS[c] 'Import / Export'}","operation":{"method_name":"query","arguments":[]}}
06-05 19:59:55.251 I/System.out(21186): }
06-05 19:59:55.262 I/System.out(21186): URI: //map
06-05 19:59:55.262 I/System.out(21186): params: {json={"query":"* {text CONTAINS[c] 'Settings'}","operation":{"method_name":"query","arguments":[]}}
06-05 19:59:55.262 I/System.out(21186): }
