--------- beginning of main
06-05 19:59:43.391 V/PhoneStatusBar( 1711): setLightsOn(true)
06-05 19:59:43.392 V/PhoneStatusBar( 1711): setLightsOn(true)
06-05 19:59:43.403 D/gralloc_ranchu( 1348): gralloc_alloc: Creating ashmem region of size 3145728
06-05 19:59:43.409 E/EGL_emulation( 1348): tid 1348: eglCreateSyncKHR(1901): error 0x3004 (EGL_BAD_ATTRIBUTE)
--------- beginning of system
06-05 19:59:43.423 W/ActivityManager( 1629): Finishing task with all activities already finished
06-05 19:59:43.423 W/ActivityManager( 1629): Duplicate finish request for ActivityRecord{4916cfb u0 com.evancharlton.mileage/.Mileage t4465 f}
06-05 19:59:43.423 W/ActivityManager( 1629): Finishing task with all activities already finished
06-05 19:59:43.423 W/ActivityManager( 1629): Duplicate finish request for ActivityRecord{4916cfb u0 com.evancharlton.mileage/.Mileage t4465 f}
06-05 19:59:43.423 W/ActivityManager( 1629): Finishing task with all activities already finished
06-05 19:59:43.423 W/ActivityManager( 1629): Duplicate finish request for ActivityRecord{4916cfb u0 com.evancharlton.mileage/.Mileage t4465 f}
06-05 19:59:43.423 W/ActivityManager( 1629): Finishing task with all activities already finished
06-05 19:59:43.424 W/ActivityManager( 1629): Duplicate finish request for ActivityRecord{4916cfb u0 com.evancharlton.mileage/.Mileage t4465 f}
06-05 19:59:43.424 W/ActivityManager( 1629): Finishing task with all activities already finished
06-05 19:59:43.424 W/ActivityManager( 1629): Duplicate finish request for ActivityRecord{4916cfb u0 com.evancharlton.mileage/.Mileage t4465 f}
06-05 19:59:43.469 D/EGL_emulation( 2147): eglMakeCurrent: 0xa3805360: ver 2 0 (tinfo 0xa3803630)
06-05 19:59:43.470 D/EGL_emulation( 1711): eglMakeCurrent: 0x9f1709c0: ver 2 0 (tinfo 0xa0e61d00)
06-05 19:59:43.485 D/EGL_emulation( 1711): eglMakeCurrent: 0x9f1709c0: ver 2 0 (tinfo 0xa0e61d00)
06-05 19:59:43.487 D/AndroidRuntime(20855): >>>>>> START com.android.internal.os.RuntimeInit uid 2000 <<<<<<
06-05 19:59:43.488 D/AndroidRuntime(20855): CheckJNI is ON
06-05 19:59:43.499 W/art     (20855): Unexpected CPU variant for X86 using defaults: x86
06-05 19:59:43.502 D/ICU     (20855): No timezone override file found: /data/misc/zoneinfo/current/icu/icu_tzdata.dat
06-05 19:59:43.502 D/EGL_emulation( 1711): eglMakeCurrent: 0x9f1709c0: ver 2 0 (tinfo 0xa0e61d00)
06-05 19:59:43.511 E/memtrack(20855): Couldn't load memtrack module (No such file or directory)
06-05 19:59:43.511 E/android.os.Debug(20855): failed to load memtrack module: -2
06-05 19:59:43.511 I/Radio-JNI(20855): register_android_hardware_Radio DONE
06-05 19:59:43.516 D/AndroidRuntime(20855): Calling main entry com.android.commands.am.Am
06-05 19:59:43.517 I/ActivityManager( 1629): Force stopping com.evancharlton.mileage appid=10196 user=0: start instr
06-05 19:59:43.518 I/ActivityManager( 1629): Killing 20807:com.evancharlton.mileage/u0a196 (adj 0): stop com.evancharlton.mileage
06-05 19:59:43.518 D/ActivityManager( 1629): cleanUpApplicationRecord -- 20807
06-05 19:59:43.518 W/ActivityManager( 1629): Crash of app com.evancharlton.mileage running instrumentation ComponentInfo{com.evancharlton.mileage.test/sh.calaba.instrumentationbackend.CalabashInstrumentationTestRunner}
06-05 19:59:43.518 D/EGL_emulation( 1711): eglMakeCurrent: 0x9f1709c0: ver 2 0 (tinfo 0xa0e61d00)
06-05 19:59:43.518 I/ActivityManager( 1629): Force stopping com.evancharlton.mileage appid=10196 user=0: finished inst
06-05 19:59:43.520 D/EGL_emulation( 1711): eglMakeCurrent: 0x9f1709c0: ver 2 0 (tinfo 0xa0e61d00)
06-05 19:59:43.523 I/art     (20865): Not late-enabling -Xcheck:jni (already on)
06-05 19:59:43.523 W/art     (20865): Unexpected CPU variant for X86 using defaults: x86
06-05 19:59:43.529 I/ActivityManager( 1629): Start proc 20865:com.evancharlton.mileage/u0a196 for added application com.evancharlton.mileage
06-05 19:59:43.529 D/AndroidRuntime(20855): Shutting down VM
06-05 19:59:43.534 W/System  (20865): ClassLoader referenced unknown path: /data/app/com.evancharlton.mileage.test-1/lib/x86
06-05 19:59:43.534 W/System  (20865): ClassLoader referenced unknown path: /data/app/com.evancharlton.mileage-1/lib/x86
06-05 19:59:43.535 D/EGL_emulation( 1711): eglMakeCurrent: 0x9f1709c0: ver 2 0 (tinfo 0xa0e61d00)
06-05 19:59:43.537 D/EGL_emulation( 1711): eglMakeCurrent: 0x9f1709c0: ver 2 0 (tinfo 0xa0e61d00)
06-05 19:59:43.537 W/System  (20865): ClassLoader referenced unknown path: 
06-05 19:59:43.542 I/System.out(20865): Main activity name automatically set to: com.evancharlton.mileage.Mileage
06-05 19:59:43.542 I/System.out(20865): Calabash did not load Mono. This is only a problem if you are trying to test a Mono application
06-05 19:59:43.542 I/calabash(20865): Test server port: 7102
06-05 19:59:43.543 I/InstrumentationBackend(20865): Added:'GetPreferences', with key:'get_preferences'
06-05 19:59:43.550 I/InstrumentationBackend(20865): Added:'SetPreferences', with key:'set_preferences'
06-05 19:59:43.550 I/InstrumentationBackend(20865): Added:'ClearPreferences', with key:'clear_preferences'
06-05 19:59:43.550 I/InstrumentationBackend(20865): Added:'PressElement', with key:'press_l10n_element'
06-05 19:59:43.550 I/InstrumentationBackend(20865): Added:'WaitForElement', with key:'wait_for_l10n_element'
06-05 19:59:43.550 I/InstrumentationBackend(20865): Added:'NullAction', with key:'nullAction'
06-05 19:59:43.550 I/InstrumentationBackend(20865): Added:'PressKey', with key:'press_key'
06-05 19:59:43.550 I/InstrumentationBackend(20865): Added:'SetActivityOrientation', with key:'set_activity_orientation'
06-05 19:59:43.550 I/InstrumentationBackend(20865): Added:'GetActivityOrientation', with key:'get_activity_orientation'
06-05 19:59:43.550 I/InstrumentationBackend(20865): Added:'FakeGPSLocation', with key:'set_gps_coordinates'
06-05 19:59:43.550 I/InstrumentationBackend(20865): Added:'SetPropertyByCssSelector', with key:'set_property_by_css_selector'
06-05 19:59:43.550 I/InstrumentationBackend(20865): Added:'GetUrl', with key:'get_url'
06-05 19:59:43.551 I/InstrumentationBackend(20865): Added:'ScrollTo', with key:'scroll_to'
06-05 19:59:43.551 I/InstrumentationBackend(20865): Added:'GetLoadProgress', with key:'get_load_progress'
06-05 19:59:43.551 I/InstrumentationBackend(20865): Added:'DumpHtml', with key:'dump_html'
06-05 19:59:43.551 I/InstrumentationBackend(20865): Added:'DumpBodyHtml', with key:'dump_body_html'
06-05 19:59:43.551 I/InstrumentationBackend(20865): Added:'EnterTextByCssSelector', with key:'enter_text_by_selector'
06-05 19:59:43.551 D/EGL_emulation( 1711): eglMakeCurrent: 0x9f1709c0: ver 2 0 (tinfo 0xa0e61d00)
06-05 19:59:43.551 I/InstrumentationBackend(20865): Added:'AndroidSDKVersion', with key:'android_sdk_version'
06-05 19:59:43.551 I/InstrumentationBackend(20865): Added:'Version', with key:'version'
06-05 19:59:43.551 I/InstrumentationBackend(20865): Added:'Drag', with key:'drag'
06-05 19:59:43.551 I/InstrumentationBackend(20865): Added:'TouchCoordinates', with key:'touch_coordinate'
06-05 19:59:43.551 I/InstrumentationBackend(20865): Added:'LongPressCoordinate', with key:'long_press_coordinate'
06-05 19:59:43.551 I/InstrumentationBackend(20865): Added:'DragCoordinates', with key:'drag_coordinates'
06-05 19:59:43.551 I/InstrumentationBackend(20865): Added:'ResumeApplication', with key:'resume_application'
06-05 19:59:43.551 I/InstrumentationBackend(20865): Added:'Swipe', with key:'swipe'
06-05 19:59:43.551 I/InstrumentationBackend(20865): Added:'DoubleTapCoordinate', with key:'double_tap_coordinate'
06-05 19:59:43.551 I/InstrumentationBackend(20865): Added:'ClickOnScreen', with key:'click_on_screen'
06-05 19:59:43.552 I/InstrumentationBackend(20865): Added:'GetActivityName', with key:'get_activity_name'
06-05 19:59:43.552 I/InstrumentationBackend(20865): Added:'ScrollToView', with key:'scroll_to_view'
06-05 19:59:43.552 I/InstrumentationBackend(20865): Added:'ViewConfiguration', with key:'view_configuration'
06-05 19:59:43.552 I/InstrumentationBackend(20865): Added:'IsCurrentActivityFocused', with key:'is_current_activity_focused'
06-05 19:59:43.552 I/InstrumentationBackend(20865): Added:'SendTcp', with key:'send_tcp'
06-05 19:59:43.552 I/InstrumentationBackend(20865): Added:'DpToDevicePixel', with key:'dp_to_device_pixel'
06-05 19:59:43.552 I/InstrumentationBackend(20865): Added:'KeyboardEnterText', with key:'keyboard_enter_text'
06-05 19:59:43.552 I/InstrumentationBackend(20865): Added:'DeleteSurroundingText', with key:'delete_surrounding_text'
06-05 19:59:43.552 I/InstrumentationBackend(20865): Added:'SetComposingRegion', with key:'set_composing_region'
06-05 19:59:43.552 I/InstrumentationBackend(20865): Added:'SetSelection', with key:'set_selection'
06-05 19:59:43.552 I/InstrumentationBackend(20865): Added:'KeyboardKeyEvent', with key:'keyboard_key_event'
06-05 19:59:43.552 I/InstrumentationBackend(20865): Added:'PressUserActionButton', with key:'press_user_action_button'
06-05 19:59:43.552 I/InstrumentationBackend(20865): Added:'HideSoftKeyboard', with key:'hide_soft_keyboard'
06-05 19:59:43.552 I/InstrumentationBackend(20865): Added:'ListActions', with key:'list_actions'
06-05 19:59:43.552 I/calabash(20865): Instantiating http server at 7102
06-05 19:59:43.553 I/System.out(20865): HTTP Daemon listening on: 7102
06-05 19:59:43.553 D/EGL_emulation( 1711): eglMakeCurrent: 0x9f1709c0: ver 2 0 (tinfo 0xa0e61d00)
06-05 19:59:43.561 I/WindowManager( 1629): WIN DEATH: Window{998f406 u0 com.evancharlton.mileage/com.evancharlton.mileage.Mileage EXITING}
06-05 19:59:43.562 W/InputDispatcher( 1629): channel '9ec7c42 Toast (server)' ~ Consumer closed input channel or an error occurred.  events=0x9
06-05 19:59:43.562 E/InputDispatcher( 1629): channel '9ec7c42 Toast (server)' ~ Channel is unrecoverably broken and will be disposed!
06-05 19:59:43.562 I/WindowManager( 1629): WIN DEATH: Window{9ec7c42 u0 Toast}
06-05 19:59:43.562 W/InputDispatcher( 1629): Attempted to unregister already unregistered input channel '9ec7c42 Toast (server)'
06-05 19:59:43.572 D/EGL_emulation( 1711): eglMakeCurrent: 0x9f1709c0: ver 2 0 (tinfo 0xa0e61d00)
06-05 19:59:43.576 D/EGL_emulation( 1711): eglMakeCurrent: 0x9f1709c0: ver 2 0 (tinfo 0xa0e61d00)
06-05 19:59:43.585 D/EGL_emulation( 1711): eglMakeCurrent: 0x9f1709c0: ver 2 0 (tinfo 0xa0e61d00)
06-05 19:59:43.586 D/EGL_emulation( 1711): eglMakeCurrent: 0x9f1709c0: ver 2 0 (tinfo 0xa0e61d00)
06-05 19:59:43.601 D/EGL_emulation( 1711): eglMakeCurrent: 0x9f1709c0: ver 2 0 (tinfo 0xa0e61d00)
06-05 19:59:43.603 D/EGL_emulation( 1711): eglMakeCurrent: 0x9f1709c0: ver 2 0 (tinfo 0xa0e61d00)
06-05 19:59:43.618 D/EGL_emulation( 1711): eglMakeCurrent: 0x9f1709c0: ver 2 0 (tinfo 0xa0e61d00)
06-05 19:59:43.620 D/EGL_emulation( 1711): eglMakeCurrent: 0x9f1709c0: ver 2 0 (tinfo 0xa0e61d00)
06-05 19:59:43.635 D/EGL_emulation( 1711): eglMakeCurrent: 0x9f1709c0: ver 2 0 (tinfo 0xa0e61d00)
06-05 19:59:43.636 D/EGL_emulation( 1711): eglMakeCurrent: 0x9f1709c0: ver 2 0 (tinfo 0xa0e61d00)
06-05 19:59:43.640 I/System.out(20865): URI: //ping
06-05 19:59:43.640 I/System.out(20865): params: {json={}
06-05 19:59:43.640 I/System.out(20865): }
06-05 19:59:43.642 I/System.out(20865): URI: //ping
06-05 19:59:43.643 I/System.out(20865): params: {json={}
06-05 19:59:43.643 I/System.out(20865): }
06-05 19:59:43.644 I/System.out(20865): URI: //ready
06-05 19:59:43.644 I/System.out(20865): params: {json={}
06-05 19:59:43.644 I/System.out(20865): }
06-05 19:59:43.646 I/System.out(20865): URI: //
06-05 19:59:43.646 I/System.out(20865): params: {json={"command":"version","arguments":[]}
06-05 19:59:43.646 I/System.out(20865): }
06-05 19:59:43.646 I/System.out(20865): header: {content-type=application/json;charset=utf-8, date=Sat, 06 Jun 2020 00:59:44 GMT, accept=*/*, host=127.0.0.1:34783, content-length=36, user-agent=HTTPClient/1.0 (2.8.3, ruby 2.5.1 (2018-03-29))}
06-05 19:59:43.646 I/System.out(20865): params: {json={"command":"version","arguments":[]}
06-05 19:59:43.646 I/System.out(20865): }
06-05 19:59:43.646 I/System.out(20865): ProP json = {"command":"version","arguments":[]}
06-05 19:59:43.646 I/System.out(20865): files: {}
06-05 19:59:43.646 I/System.out(20865): command: {"command":"version","arguments":[]}
06-05 19:59:43.648 I/InstrumentationBackend(20865): Got command:'Command:'Line:null,version', arguments:'[]'
06-05 19:59:43.652 D/EGL_emulation( 1711): eglMakeCurrent: 0x9f1709c0: ver 2 0 (tinfo 0xa0e61d00)
06-05 19:59:43.653 D/EGL_emulation( 1711): eglMakeCurrent: 0x9f1709c0: ver 2 0 (tinfo 0xa0e61d00)
06-05 19:59:43.655 I/System.out(20865): result:{"bonusInformation":[],"message":"0.9.8","success":true}
06-05 19:59:43.657 I/System.out(20865): URI: //start-application
06-05 19:59:43.657 I/System.out(20865): params: {json={"intent":null}
06-05 19:59:43.657 I/System.out(20865): }
06-05 19:59:43.666 I/ActivityManager( 1629): START u0 {act=android.intent.action.MAIN cat=[android.intent.category.LAUNCHER] flg=0x10200000 cmp=com.evancharlton.mileage/.Mileage} from uid 10196 on display 0
06-05 19:59:43.669 D/EGL_emulation( 1711): eglMakeCurrent: 0x9f1709c0: ver 2 0 (tinfo 0xa0e61d00)
06-05 19:59:43.673 I/calabash(20865): newActivity1
06-05 19:59:43.682 I/calabash(20865): newActivity1
06-05 19:59:43.683 W/ActivityManager( 1629): Bad activity token: android.os.BinderProxy@cf33ab5
06-05 19:59:43.683 W/ActivityManager( 1629): java.lang.ClassCastException: android.os.BinderProxy cannot be cast to com.android.server.am.ActivityRecord$Token
06-05 19:59:43.683 W/ActivityManager( 1629): 	at com.android.server.am.ActivityRecord.forTokenLocked(ActivityRecord.java:586)
06-05 19:59:43.683 W/ActivityManager( 1629): 	at com.android.server.am.ActivityRecord.isInStackLocked(ActivityRecord.java:1327)
06-05 19:59:43.683 W/ActivityManager( 1629): 	at com.android.server.am.ActivityRecord.getStackLocked(ActivityRecord.java:1332)
06-05 19:59:43.683 W/ActivityManager( 1629): 	at com.android.server.am.ActivityManagerService.getActivityDisplayId(ActivityManagerService.java:9806)
06-05 19:59:43.683 W/ActivityManager( 1629): 	at android.app.ActivityManagerNative.onTransact(ActivityManagerNative.java:2566)
06-05 19:59:43.683 W/ActivityManager( 1629): 	at com.android.server.am.ActivityManagerService.onTransact(ActivityManagerService.java:2757)
06-05 19:59:43.683 W/ActivityManager( 1629): 	at android.os.Binder.execTransact(Binder.java:565)
06-05 19:59:43.684 W/ActivityManager( 1629): Bad activity token: android.os.BinderProxy@cf33ab5
06-05 19:59:43.684 W/ActivityManager( 1629): java.lang.ClassCastException: android.os.BinderProxy cannot be cast to com.android.server.am.ActivityRecord$Token
06-05 19:59:43.684 W/ActivityManager( 1629): 	at com.android.server.am.ActivityRecord.forTokenLocked(ActivityRecord.java:586)
06-05 19:59:43.684 W/ActivityManager( 1629): 	at com.android.server.am.ActivityRecord.isInStackLocked(ActivityRecord.java:1327)
06-05 19:59:43.684 W/ActivityManager( 1629): 	at com.android.server.am.ActivityManagerService.setTaskDescription(ActivityManagerService.java:9358)
06-05 19:59:43.684 W/ActivityManager( 1629): 	at android.app.ActivityManagerNative.onTransact(ActivityManagerNative.java:2639)
06-05 19:59:43.684 W/ActivityManager( 1629): 	at com.android.server.am.ActivityManagerService.onTransact(ActivityManagerService.java:2757)
06-05 19:59:43.684 W/ActivityManager( 1629): 	at android.os.Binder.execTransact(Binder.java:565)
06-05 19:59:43.684 W/ActivityManager( 1629): Bad activity token: android.os.BinderProxy@cf33ab5
06-05 19:59:43.684 W/ActivityManager( 1629): java.lang.ClassCastException: android.os.BinderProxy cannot be cast to com.android.server.am.ActivityRecord$Token
06-05 19:59:43.684 W/ActivityManager( 1629): 	at com.android.server.am.ActivityRecord.forTokenLocked(ActivityRecord.java:586)
06-05 19:59:43.684 W/ActivityManager( 1629): 	at com.android.server.am.ActivityRecord.isInStackLocked(ActivityRecord.java:1327)
06-05 19:59:43.684 W/ActivityManager( 1629): 	at com.android.server.am.ActivityRecord.getStackLocked(ActivityRecord.java:1332)
06-05 19:59:43.684 W/ActivityManager( 1629): 	at com.android.server.am.ActivityManagerService.getActivityStackId(ActivityManagerService.java:9817)
06-05 19:59:43.684 W/ActivityManager( 1629): 	at android.app.ActivityManagerNative.onTransact(ActivityManagerNative.java:2856)
06-05 19:59:43.684 W/ActivityManager( 1629): 	at com.android.server.am.ActivityManagerService.onTransact(ActivityManagerService.java:2757)
06-05 19:59:43.684 W/ActivityManager( 1629): 	at android.os.Binder.execTransact(Binder.java:565)
06-05 19:59:43.684 D/gralloc_ranchu( 1348): gralloc_alloc: Creating ashmem region of size 9023488
06-05 19:59:43.685 D/EGL_emulation( 1711): eglMakeCurrent: 0x9f1709c0: ver 2 0 (tinfo 0xa0e61d00)
06-05 19:59:43.692 D/EGL_emulation( 1711): eglMakeCurrent: 0x9f1709c0: ver 2 0 (tinfo 0xa0e61d00)
06-05 19:59:43.703 W/ActivityManager( 1629): Bad activity token: android.os.BinderProxy@cf33ab5
06-05 19:59:43.703 W/ActivityManager( 1629): java.lang.ClassCastException: android.os.BinderProxy cannot be cast to com.android.server.am.ActivityRecord$Token
06-05 19:59:43.703 W/ActivityManager( 1629): 	at com.android.server.am.ActivityRecord.forTokenLocked(ActivityRecord.java:586)
06-05 19:59:43.703 W/ActivityManager( 1629): 	at com.android.server.am.ActivityRecord.isInStackLocked(ActivityRecord.java:1327)
06-05 19:59:43.703 W/ActivityManager( 1629): 	at com.android.server.am.ActivityManagerService.getActivityOptions(ActivityManagerService.java:12559)
06-05 19:59:43.703 W/ActivityManager( 1629): 	at android.app.ActivityManagerNative.onTransact(ActivityManagerNative.java:1933)
06-05 19:59:43.703 W/ActivityManager( 1629): 	at com.android.server.am.ActivityManagerService.onTransact(ActivityManagerService.java:2757)
06-05 19:59:43.703 W/ActivityManager( 1629): 	at android.os.Binder.execTransact(Binder.java:565)
06-05 19:59:43.704 W/ActivityManager( 1629): Bad activity token: android.os.BinderProxy@cf33ab5
06-05 19:59:43.704 W/ActivityManager( 1629): java.lang.ClassCastException: android.os.BinderProxy cannot be cast to com.android.server.am.ActivityRecord$Token
06-05 19:59:43.704 W/ActivityManager( 1629): 	at com.android.server.am.ActivityRecord.forTokenLocked(ActivityRecord.java:586)
06-05 19:59:43.704 W/ActivityManager( 1629): 	at com.android.server.am.ActivityRecord.isInStackLocked(ActivityRecord.java:1327)
06-05 19:59:43.704 W/ActivityManager( 1629): 	at com.android.server.am.ActivityManagerService.getActivityOptions(ActivityManagerService.java:12559)
06-05 19:59:43.704 W/ActivityManager( 1629): 	at android.app.ActivityManagerNative.onTransact(ActivityManagerNative.java:1933)
06-05 19:59:43.704 W/ActivityManager( 1629): 	at com.android.server.am.ActivityManagerService.onTransact(ActivityManagerService.java:2757)
06-05 19:59:43.704 W/ActivityManager( 1629): 	at android.os.Binder.execTransact(Binder.java:565)
06-05 19:59:43.704 D/EGL_emulation( 1711): eglMakeCurrent: 0x9f1709c0: ver 2 0 (tinfo 0xa0e61d00)
06-05 19:59:43.705 D/EGL_emulation( 1711): eglMakeCurrent: 0x9f1709c0: ver 2 0 (tinfo 0xa0e61d00)
06-05 19:59:43.717 V/PhoneStatusBar( 1711): setLightsOn(true)
06-05 19:59:43.718 D/EGL_emulation( 2147): eglMakeCurrent: 0xa3805360: ver 2 0 (tinfo 0xa3803630)
06-05 19:59:43.720 D/EGL_emulation( 1711): eglMakeCurrent: 0x9f1709c0: ver 2 0 (tinfo 0xa0e61d00)
06-05 19:59:43.734 D/gralloc_ranchu( 1348): gralloc_alloc: Creating ashmem region of size 9023488
06-05 19:59:43.735 D/EGL_emulation( 1711): eglMakeCurrent: 0x9f1709c0: ver 2 0 (tinfo 0xa0e61d00)
06-05 19:59:43.739 D/        (20865): HostConnection::get() New Host Connection established 0x921a2040, tid 20865
06-05 19:59:43.739 D/EGL_emulation( 1711): eglMakeCurrent: 0x9f1709c0: ver 2 0 (tinfo 0xa0e61d00)
06-05 19:59:43.739 V/PhoneStatusBar( 1711): setLightsOn(true)
06-05 19:59:43.771 D/EGL_emulation( 1711): eglMakeCurrent: 0x9f1709c0: ver 2 0 (tinfo 0xa0e61d00)
06-05 19:59:43.773 D/EGL_emulation( 1711): eglMakeCurrent: 0x9f1709c0: ver 2 0 (tinfo 0xa0e61d00)
06-05 19:59:43.775 D/EGL_emulation( 1711): eglMakeCurrent: 0x9f1709c0: ver 2 0 (tinfo 0xa0e61d00)
06-05 19:59:43.784 D/EGL_emulation( 1711): eglMakeCurrent: 0x9f1709c0: ver 2 0 (tinfo 0xa0e61d00)
06-05 19:59:43.786 D/EGL_emulation( 1711): eglMakeCurrent: 0x9f1709c0: ver 2 0 (tinfo 0xa0e61d00)
06-05 19:59:43.804 D/EGL_emulation( 1711): eglMakeCurrent: 0x9f1709c0: ver 2 0 (tinfo 0xa0e61d00)
06-05 19:59:43.811 D/EGL_emulation( 1711): eglMakeCurrent: 0x9f1709c0: ver 2 0 (tinfo 0xa0e61d00)
06-05 19:59:43.819 D/EGL_emulation( 1711): eglMakeCurrent: 0x9f1709c0: ver 2 0 (tinfo 0xa0e61d00)
06-05 19:59:43.820 D/gralloc_ranchu( 1348): gralloc_alloc: Creating ashmem region of size 9023488
06-05 19:59:43.832 D/EGL_emulation( 1711): eglMakeCurrent: 0x9f1709c0: ver 2 0 (tinfo 0xa0e61d00)
06-05 19:59:43.841 D/EGL_emulation( 1711): eglMakeCurrent: 0x9f1709c0: ver 2 0 (tinfo 0xa0e61d00)
06-05 19:59:43.842 V/PhoneStatusBar( 1711): setLightsOn(true)
06-05 19:59:43.842 I/ActivityManager( 1629): Displayed com.evancharlton.mileage/.Mileage: +172ms
06-05 19:59:43.843 D/EGL_emulation( 1711): eglMakeCurrent: 0x9f1709c0: ver 2 0 (tinfo 0xa0e61d00)
06-05 19:59:43.853 D/EGL_emulation( 1711): eglMakeCurrent: 0x9f1709c0: ver 2 0 (tinfo 0xa0e61d00)
06-05 19:59:43.855 D/EGL_emulation( 1711): eglMakeCurrent: 0x9f1709c0: ver 2 0 (tinfo 0xa0e61d00)
06-05 19:59:43.871 D/EGL_emulation( 1711): eglMakeCurrent: 0x9f1709c0: ver 2 0 (tinfo 0xa0e61d00)
06-05 19:59:43.871 V/PhoneStatusBar( 1711): setLightsOn(true)
06-05 19:59:43.872 D/EGL_emulation( 1711): eglMakeCurrent: 0x9f1709c0: ver 2 0 (tinfo 0xa0e61d00)
06-05 19:59:43.887 D/EGL_emulation( 1711): eglMakeCurrent: 0x9f1709c0: ver 2 0 (tinfo 0xa0e61d00)
06-05 19:59:43.891 D/EGL_emulation( 1711): eglMakeCurrent: 0x9f1709c0: ver 2 0 (tinfo 0xa0e61d00)
06-05 19:59:43.903 D/EGL_emulation( 1711): eglMakeCurrent: 0x9f1709c0: ver 2 0 (tinfo 0xa0e61d00)
06-05 19:59:43.903 I/WindowManager( 1629): Destroying surface Surface(name=com.evancharlton.mileage/com.evancharlton.mileage.Mileage) called by com.android.server.wm.WindowStateAnimator.destroySurface:2016 com.android.server.wm.WindowStateAnimator.destroySurfaceLocked:882 com.android.server.wm.WindowState.removeLocked:1456 com.android.server.wm.WindowManagerService.removeWindowInnerLocked:2484 com.android.server.wm.AppWindowToken.destroySurfaces:365 com.android.server.wm.WindowStateAnimator.finishExit:565 com.android.server.wm.AppWindowAnimator.stepAnimationLocked:427 com.android.server.wm.WindowAnimator.updateAppWindowsLocked:196 
06-05 19:59:43.908 D/EGL_emulation( 1711): eglMakeCurrent: 0x9f1709c0: ver 2 0 (tinfo 0xa0e61d00)
06-05 19:59:43.913 I/System.out(20865): URI: //map
06-05 19:59:43.913 I/System.out(20865): params: {json={"query":"* marked:'Statistics'","operation":{"method_name":"query","arguments":[]}}
06-05 19:59:43.913 I/System.out(20865): }
06-05 19:59:43.921 D/EGL_emulation( 1711): eglMakeCurrent: 0x9f1709c0: ver 2 0 (tinfo 0xa0e61d00)
06-05 19:59:43.923 V/PhoneStatusBar( 1711): setLightsOn(true)
06-05 19:59:43.926 D/EGL_emulation( 1711): eglMakeCurrent: 0x9f1709c0: ver 2 0 (tinfo 0xa0e61d00)
06-05 19:59:43.936 D/EGL_emulation( 1711): eglMakeCurrent: 0x9f1709c0: ver 2 0 (tinfo 0xa0e61d00)
06-05 19:59:43.940 D/EGL_emulation( 1711): eglMakeCurrent: 0x9f1709c0: ver 2 0 (tinfo 0xa0e61d00)
06-05 19:59:43.969 W/ResourceType(20865): No package identifier when getting name for resource number 0x00000001
06-05 19:59:44.017 I/System.out(20865): URI: //gesture
06-05 19:59:44.017 I/System.out(20865): params: {json={"query_timeout":5.0,"gestures":[{"query_string":"* marked:'Statistics'","touches":[{"x":50,"y":50,"offset_x":0,"offset_y":0,"wait":0.0,"time":0.2,"release":true,"query_string":null}]}]}
06-05 19:59:44.017 I/System.out(20865): }
06-05 19:59:44.029 W/ResourceType(20865): No package identifier when getting name for resource number 0x00000001
06-05 19:59:44.035 I/WindowManager( 1629): Destroying surface Surface(name=Starting com.evancharlton.mileage) called by com.android.server.wm.WindowStateAnimator.destroySurface:2016 com.android.server.wm.WindowStateAnimator.destroySurfaceLocked:882 com.android.server.wm.WindowState.destroyOrSaveSurface:2100 com.android.server.wm.AppWindowToken.destroySurfaces:363 com.android.server.wm.WindowStateAnimator.finishExit:565 com.android.server.wm.WindowStateAnimator.stepAnimationLocked:491 com.android.server.wm.WindowAnimator.updateWindowsLocked:303 com.android.server.wm.WindowAnimator.animateLocked:704 
06-05 19:59:44.037 V/PhoneStatusBar( 1711): setLightsOn(true)
06-05 19:59:44.069 V/PhoneStatusBar( 1711): setLightsOn(true)
06-05 19:59:44.118 V/PhoneStatusBar( 1711): setLightsOn(true)
06-05 19:59:44.119 I/WindowManager( 1629): Destroying surface Surface(name=Toast) called by com.android.server.wm.WindowStateAnimator.destroySurface:2016 com.android.server.wm.WindowStateAnimator.destroySurfaceLocked:882 com.android.server.wm.WindowState.destroyOrSaveSurface:2100 com.android.server.wm.WindowSurfacePlacer.performSurfacePlacementInner:429 com.android.server.wm.WindowSurfacePlacer.performSurfacePlacementLoop:232 com.android.server.wm.WindowSurfacePlacer.performSurfacePlacement:180 com.android.server.wm.WindowManagerService$H.handleMessage:8086 android.os.Handler.dispatchMessage:102 
06-05 19:59:44.121 V/PhoneStatusBar( 1711): setLightsOn(true)
06-05 19:59:44.185 V/PhoneStatusBar( 1711): setLightsOn(true)
06-05 19:59:44.270 I/calabash(20865): newActivity1
06-05 19:59:44.281 I/System.out(20865): URI: //map
06-05 19:59:44.281 I/System.out(20865): params: {json={"query":"android.widget.ScrollView index:0","operation":{"method_name":"query","arguments":[]}}
06-05 19:59:44.281 I/System.out(20865): }
06-05 19:59:44.284 W/ActivityManager( 1629): Bad activity token: android.os.BinderProxy@d439aab
06-05 19:59:44.284 W/ActivityManager( 1629): java.lang.ClassCastException: android.os.BinderProxy cannot be cast to com.android.server.am.ActivityRecord$Token
06-05 19:59:44.284 W/ActivityManager( 1629): 	at com.android.server.am.ActivityRecord.forTokenLocked(ActivityRecord.java:586)
06-05 19:59:44.284 W/ActivityManager( 1629): 	at com.android.server.am.ActivityRecord.isInStackLocked(ActivityRecord.java:1327)
06-05 19:59:44.284 W/ActivityManager( 1629): 	at com.android.server.am.ActivityRecord.getStackLocked(ActivityRecord.java:1332)
06-05 19:59:44.284 W/ActivityManager( 1629): 	at com.android.server.am.ActivityManagerService.getActivityDisplayId(ActivityManagerService.java:9806)
06-05 19:59:44.284 W/ActivityManager( 1629): 	at android.app.ActivityManagerNative.onTransact(ActivityManagerNative.java:2566)
06-05 19:59:44.284 W/ActivityManager( 1629): 	at com.android.server.am.ActivityManagerService.onTransact(ActivityManagerService.java:2757)
06-05 19:59:44.284 W/ActivityManager( 1629): 	at android.os.Binder.execTransact(Binder.java:565)
06-05 19:59:44.288 W/ActivityManager( 1629): Bad activity token: android.os.BinderProxy@d439aab
06-05 19:59:44.288 W/ActivityManager( 1629): java.lang.ClassCastException: android.os.BinderProxy cannot be cast to com.android.server.am.ActivityRecord$Token
06-05 19:59:44.288 W/ActivityManager( 1629): 	at com.android.server.am.ActivityRecord.forTokenLocked(ActivityRecord.java:586)
06-05 19:59:44.288 W/ActivityManager( 1629): 	at com.android.server.am.ActivityRecord.isInStackLocked(ActivityRecord.java:1327)
06-05 19:59:44.288 W/ActivityManager( 1629): 	at com.android.server.am.ActivityManagerService.setTaskDescription(ActivityManagerService.java:9358)
06-05 19:59:44.288 W/ActivityManager( 1629): 	at android.app.ActivityManagerNative.onTransact(ActivityManagerNative.java:2639)
06-05 19:59:44.288 W/ActivityManager( 1629): 	at com.android.server.am.ActivityManagerService.onTransact(ActivityManagerService.java:2757)
06-05 19:59:44.288 W/ActivityManager( 1629): 	at android.os.Binder.execTransact(Binder.java:565)
06-05 19:59:44.288 W/ActivityManager( 1629): Bad activity token: android.os.BinderProxy@d439aab
06-05 19:59:44.288 W/ActivityManager( 1629): java.lang.ClassCastException: android.os.BinderProxy cannot be cast to com.android.server.am.ActivityRecord$Token
06-05 19:59:44.288 W/ActivityManager( 1629): 	at com.android.server.am.ActivityRecord.forTokenLocked(ActivityRecord.java:586)
06-05 19:59:44.288 W/ActivityManager( 1629): 	at com.android.server.am.ActivityRecord.isInStackLocked(ActivityRecord.java:1327)
06-05 19:59:44.288 W/ActivityManager( 1629): 	at com.android.server.am.ActivityRecord.getStackLocked(ActivityRecord.java:1332)
06-05 19:59:44.288 W/ActivityManager( 1629): 	at com.android.server.am.ActivityManagerService.getActivityStackId(ActivityManagerService.java:9817)
06-05 19:59:44.288 W/ActivityManager( 1629): 	at android.app.ActivityManagerNative.onTransact(ActivityManagerNative.java:2856)
06-05 19:59:44.288 W/ActivityManager( 1629): 	at com.android.server.am.ActivityManagerService.onTransact(ActivityManagerService.java:2757)
06-05 19:59:44.288 W/ActivityManager( 1629): 	at android.os.Binder.execTransact(Binder.java:565)
06-05 19:59:44.293 D/VehicleStatisticsActivity(20865): Checking recalculation ...
06-05 19:59:44.293 D/VehicleStatisticsActivity(20865): Recalculation not necessary.
06-05 19:59:44.301 W/ActivityManager( 1629): Bad activity token: android.os.BinderProxy@d439aab
06-05 19:59:44.301 W/ActivityManager( 1629): java.lang.ClassCastException: android.os.BinderProxy cannot be cast to com.android.server.am.ActivityRecord$Token
06-05 19:59:44.301 W/ActivityManager( 1629): 	at com.android.server.am.ActivityRecord.forTokenLocked(ActivityRecord.java:586)
06-05 19:59:44.301 W/ActivityManager( 1629): 	at com.android.server.am.ActivityRecord.isInStackLocked(ActivityRecord.java:1327)
06-05 19:59:44.301 W/ActivityManager( 1629): 	at com.android.server.am.ActivityManagerService.getActivityOptions(ActivityManagerService.java:12559)
06-05 19:59:44.301 W/ActivityManager( 1629): 	at android.app.ActivityManagerNative.onTransact(ActivityManagerNative.java:1933)
06-05 19:59:44.301 W/ActivityManager( 1629): 	at com.android.server.am.ActivityManagerService.onTransact(ActivityManagerService.java:2757)
06-05 19:59:44.301 W/ActivityManager( 1629): 	at android.os.Binder.execTransact(Binder.java:565)
06-05 19:59:44.302 W/ActivityManager( 1629): Bad activity token: android.os.BinderProxy@d439aab
06-05 19:59:44.302 W/ActivityManager( 1629): java.lang.ClassCastException: android.os.BinderProxy cannot be cast to com.android.server.am.ActivityRecord$Token
06-05 19:59:44.302 W/ActivityManager( 1629): 	at com.android.server.am.ActivityRecord.forTokenLocked(ActivityRecord.java:586)
06-05 19:59:44.302 W/ActivityManager( 1629): 	at com.android.server.am.ActivityRecord.isInStackLocked(ActivityRecord.java:1327)
06-05 19:59:44.302 W/ActivityManager( 1629): 	at com.android.server.am.ActivityManagerService.getActivityOptions(ActivityManagerService.java:12559)
06-05 19:59:44.302 W/ActivityManager( 1629): 	at android.app.ActivityManagerNative.onTransact(ActivityManagerNative.java:1933)
06-05 19:59:44.302 W/ActivityManager( 1629): 	at com.android.server.am.ActivityManagerService.onTransact(ActivityManagerService.java:2757)
06-05 19:59:44.302 W/ActivityManager( 1629): 	at android.os.Binder.execTransact(Binder.java:565)
06-05 19:59:44.303 D/VehicleStatisticsActivity(20865): Checking recalculation ...
06-05 19:59:44.304 D/VehicleStatisticsActivity(20865): Recalculation not necessary.
06-05 19:59:44.380 I/System.out(20865): URI: //map
06-05 19:59:44.380 I/System.out(20865): params: {json={"query":"android.widget.AbsListView index:0","operation":{"method_name":"query","arguments":[]}}
06-05 19:59:44.380 I/System.out(20865): }
06-05 19:59:44.384 I/art     (20865): Do partial code cache collection, code=30KB, data=29KB
06-05 19:59:44.384 I/art     (20865): After code cache collection, code=29KB, data=28KB
06-05 19:59:44.384 I/art     (20865): Increasing code cache capacity to 128KB
06-05 19:59:44.394 I/System.out(20865): URI: //map
06-05 19:59:44.394 I/System.out(20865): params: {json={"query":"android.widget.AbsListView index:0","operation":{"method_name":"query","arguments":[]}}
06-05 19:59:44.394 I/System.out(20865): }
06-05 19:59:44.411 I/System.out(20865): URI: //map
06-05 19:59:44.411 I/System.out(20865): params: {json={"query":"android.widget.AbsListView index:0","operation":{"method_name":"query","arguments":[]}}
06-05 19:59:44.411 I/System.out(20865): }
06-05 19:59:44.424 I/System.out(20865): URI: //map
06-05 19:59:44.424 I/System.out(20865): params: {json={"query":"android.widget.AbsListView index:0","operation":{"method_name":"query","arguments":["getFirstVisiblePosition"]}}
06-05 19:59:44.424 I/System.out(20865): }
06-05 19:59:44.436 I/System.out(20865): URI: //map
06-05 19:59:44.436 I/System.out(20865): params: {json={"query":"android.widget.AbsListView index:0","operation":{"method_name":"query","arguments":["getLastVisiblePosition"]}}
06-05 19:59:44.436 I/System.out(20865): }
06-05 19:59:44.448 I/System.out(20865): URI: //map
06-05 19:59:44.448 I/System.out(20865): params: {json={"query":"android.widget.AbsListView index:0","operation":{"method_name":"query","arguments":[{"method_name":"setSelection","arguments":[26]}]}}
06-05 19:59:44.448 I/System.out(20865): }
06-05 19:59:44.466 I/System.out(20865): URI: //map
06-05 19:59:44.466 I/System.out(20865): params: {json={"query":"* marked:'North'","operation":{"method_name":"query","arguments":[]}}
06-05 19:59:44.466 I/System.out(20865): }
06-05 19:59:44.468 V/PhoneStatusBar( 1711): setLightsOn(true)
06-05 19:59:44.469 V/PhoneStatusBar( 1711): setLightsOn(true)
06-05 19:59:44.470 W/OpenGLRenderer( 2147): Incorrectly called buildLayer on View: ShortcutAndWidgetContainer, destroying layer...
06-05 19:59:44.485 V/PhoneStatusBar( 1711): setLightsOn(true)
06-05 19:59:44.485 I/WindowManager( 1629): Destroying surface Surface(name=com.android.launcher3/com.android.launcher3.Launcher) called by com.android.server.wm.WindowStateAnimator.destroySurface:2016 com.android.server.wm.WindowStateAnimator.destroySurfaceLocked:882 com.android.server.wm.WindowState.destroyOrSaveSurface:2100 com.android.server.wm.AppWindowToken.destroySurfaces:363 com.android.server.wm.AppWindowToken.notifyAppStopped:389 com.android.server.wm.WindowManagerService.notifyAppStopped:4463 com.android.server.am.ActivityStack.activityStoppedLocked:1252 com.android.server.am.ActivityManagerService.activityStopped:6903 
06-05 19:59:44.524 D/gralloc_ranchu( 1348): gralloc_alloc: Creating ashmem region of size 9023488
06-05 19:59:44.577 W/ResourceType(20865): No package identifier when getting name for resource number 0x00000001
06-05 19:59:44.590 I/System.out(20865): URI: //gesture
06-05 19:59:44.590 I/System.out(20865): params: {json={"query_timeout":5.0,"gestures":[{"query_string":"* marked:'North'","touches":[{"x":50,"y":50,"offset_x":0,"offset_y":0,"wait":0.0,"time":0.2,"release":true,"query_string":null}]}]}
06-05 19:59:44.590 I/System.out(20865): }
06-05 19:59:44.596 W/ResourceType(20865): No package identifier when getting name for resource number 0x00000001
06-05 19:59:44.721 W/NotificationService( 1629): Object died trying to hide notification android.app.ITransientNotification$Stub$Proxy@e64a9dd in package com.evancharlton.mileage
06-05 19:59:44.821 I/ActivityManager( 1629): START u0 {cmp=com.evancharlton.mileage/.charts.NorthChart (has extras)} from uid 10196 on display 0
06-05 19:59:44.824 V/PhoneStatusBar( 1711): setLightsOn(true)
06-05 19:59:44.827 V/PhoneStatusBar( 1711): setLightsOn(true)
06-05 19:59:44.849 I/System.out(20865): URI: //map
06-05 19:59:44.849 I/System.out(20865): params: {json={"query":"* {text CONTAINS[c] 'Farthest north fillup'}","operation":{"method_name":"query","arguments":[]}}
06-05 19:59:44.849 I/System.out(20865): }
06-05 19:59:44.899 I/calabash(20865): newActivity1
06-05 19:59:44.907 W/aiCharts(20865): License file is invalid or missing. 
06-05 19:59:44.907 W/aiCharts(20865): Please place proper license.lic to /assets folder.
06-05 19:59:44.933 V/PhoneStatusBar( 1711): setLightsOn(true)
06-05 19:59:44.951 V/PhoneStatusBar( 1711): setLightsOn(true)
06-05 19:59:44.968 V/PhoneStatusBar( 1711): setLightsOn(true)
06-05 19:59:45.000 I/WindowManager( 1629): Destroying surface Surface(name=Creating chart…) called by com.android.server.wm.WindowStateAnimator.destroySurface:2016 com.android.server.wm.WindowStateAnimator.destroySurfaceLocked:882 com.android.server.wm.WindowState.removeLocked:1456 com.android.server.wm.WindowManagerService.removeWindowInnerLocked:2484 com.android.server.wm.WindowManagerService.removeWindowLocked:2442 com.android.server.wm.WindowManagerService.removeWindowLocked:2311 com.android.server.wm.WindowManagerService.removeWindow:2306 com.android.server.wm.Session.remove:202 
06-05 19:59:45.004 D/gralloc_ranchu( 1348): gralloc_alloc: Creating ashmem region of size 9023488
06-05 19:59:45.018 V/PhoneStatusBar( 1711): setLightsOn(true)
06-05 19:59:45.032 I/ActivityManager( 1629): Displayed com.evancharlton.mileage/.charts.NorthChart: +137ms
06-05 19:59:45.035 V/PhoneStatusBar( 1711): setLightsOn(true)
06-05 19:59:45.068 V/PhoneStatusBar( 1711): setLightsOn(true)
06-05 19:59:45.084 V/PhoneStatusBar( 1711): setLightsOn(true)
06-05 19:59:45.257 I/System.out(20865): URI: //map
06-05 19:59:45.257 I/System.out(20865): params: {json={"query":"* {text CONTAINS[c] 'Farthest north fillup'}","operation":{"method_name":"query","arguments":[]}}
06-05 19:59:45.257 I/System.out(20865): }
06-05 19:59:45.268 V/PhoneStatusBar( 1711): setLightsOn(true)
06-05 19:59:45.280 I/System.out(20865): URI: //
06-05 19:59:45.280 I/System.out(20865): params: {json={"command":"press_key","arguments":["KEYCODE_BACK"]}
06-05 19:59:45.280 I/System.out(20865): }
06-05 19:59:45.280 I/System.out(20865): header: {content-type=application/json;charset=utf-8, date=Sat, 06 Jun 2020 00:59:46 GMT, accept=*/*, host=127.0.0.1:34783, content-length=52, user-agent=HTTPClient/1.0 (2.8.3, ruby 2.5.1 (2018-03-29))}
06-05 19:59:45.280 I/System.out(20865): params: {json={"command":"press_key","arguments":["KEYCODE_BACK"]}
06-05 19:59:45.280 I/System.out(20865): }
06-05 19:59:45.280 I/System.out(20865): ProP json = {"command":"press_key","arguments":["KEYCODE_BACK"]}
06-05 19:59:45.280 I/System.out(20865): files: {}
06-05 19:59:45.280 I/System.out(20865): command: {"command":"press_key","arguments":["KEYCODE_BACK"]}
06-05 19:59:45.282 I/InstrumentationBackend(20865): Got command:'Command:'Line:null,press_key', arguments:'[KEYCODE_BACK]'
06-05 19:59:45.286 V/PhoneStatusBar( 1711): setLightsOn(true)
06-05 19:59:45.288 V/PhoneStatusBar( 1711): setLightsOn(true)
06-05 19:59:45.291 I/art     (20865): Do partial code cache collection, code=60KB, data=62KB
06-05 19:59:45.291 I/art     (20865): After code cache collection, code=59KB, data=61KB
06-05 19:59:45.291 I/art     (20865): Increasing code cache capacity to 256KB
06-05 19:59:45.292 I/System.out(20865): result:{"bonusInformation":[],"message":"","success":true}
06-05 19:59:45.293 D/VehicleStatisticsActivity(20865): Checking recalculation ...
06-05 19:59:45.294 D/VehicleStatisticsActivity(20865): Recalculation not necessary.
06-05 19:59:45.295 I/System.out(20865): URI: //map
06-05 19:59:45.295 I/System.out(20865): params: {json={"query":"* {text CONTAINS[c] 'Statistics'}","operation":{"method_name":"query","arguments":[]}}
06-05 19:59:45.295 I/System.out(20865): }
06-05 19:59:45.301 V/PhoneStatusBar( 1711): setLightsOn(true)
06-05 19:59:45.317 D/gralloc_ranchu( 1348): gralloc_alloc: Creating ashmem region of size 9023488
06-05 19:59:45.318 V/PhoneStatusBar( 1711): setLightsOn(true)
06-05 19:59:45.334 V/PhoneStatusBar( 1711): setLightsOn(true)
06-05 19:59:45.351 V/PhoneStatusBar( 1711): setLightsOn(true)
