--------- beginning of system
06-06 17:45:25.460 W/ActivityManager( 1631): Finishing task with all activities already finished
06-06 17:45:25.460 W/ActivityManager( 1631): Duplicate finish request for ActivityRecord{1cb844f u0 com.evancharlton.mileage/.Mileage t24711 f}
--------- beginning of main
06-06 17:45:25.464 V/PhoneStatusBar( 1713): setLightsOn(true)
06-06 17:45:25.467 D/gralloc_ranchu( 1348): gralloc_alloc: Creating ashmem region of size 3145728
06-06 17:45:25.471 E/EGL_emulation( 1348): tid 1348: eglCreateSyncKHR(1901): error 0x3004 (EGL_BAD_ATTRIBUTE)
06-06 17:45:25.482 W/ActivityManager( 1631): Finishing task with all activities already finished
06-06 17:45:25.482 W/ActivityManager( 1631): Duplicate finish request for ActivityRecord{1cb844f u0 com.evancharlton.mileage/.Mileage t24711 f}
06-06 17:45:25.482 W/ActivityManager( 1631): Finishing task with all activities already finished
06-06 17:45:25.482 W/ActivityManager( 1631): Duplicate finish request for ActivityRecord{1cb844f u0 com.evancharlton.mileage/.Mileage t24711 f}
06-06 17:45:25.483 W/ActivityManager( 1631): Finishing task with all activities already finished
06-06 17:45:25.483 W/ActivityManager( 1631): Duplicate finish request for ActivityRecord{1cb844f u0 com.evancharlton.mileage/.Mileage t24711 f}
06-06 17:45:25.483 W/ActivityManager( 1631): Finishing task with all activities already finished
06-06 17:45:25.483 W/ActivityManager( 1631): Duplicate finish request for ActivityRecord{1cb844f u0 com.evancharlton.mileage/.Mileage t24711 f}
06-06 17:45:25.483 W/ActivityManager( 1631): Finishing task with all activities already finished
06-06 17:45:25.483 W/ActivityManager( 1631): Duplicate finish request for ActivityRecord{859e941 u0 com.evancharlton.mileage/.charts.MinimumVolumeChart t24711 f}
06-06 17:45:25.483 W/ActivityManager( 1631): Finishing task with all activities already finished
06-06 17:45:25.483 W/ActivityManager( 1631): Duplicate finish request for ActivityRecord{859e941 u0 com.evancharlton.mileage/.charts.MinimumVolumeChart t24711 f}
06-06 17:45:25.483 W/ActivityManager( 1631): Finishing task with all activities already finished
06-06 17:45:25.483 W/ActivityManager( 1631): Duplicate finish request for ActivityRecord{1cb844f u0 com.evancharlton.mileage/.Mileage t24711 f}
06-06 17:45:25.483 W/ActivityManager( 1631): Finishing task with all activities already finished
06-06 17:45:25.483 W/ActivityManager( 1631): Duplicate finish request for ActivityRecord{1cb844f u0 com.evancharlton.mileage/.Mileage t24711 f}
06-06 17:45:25.516 D/EGL_emulation( 2106): eglMakeCurrent: 0xa6a85300: ver 2 0 (tinfo 0xa6a83220)
06-06 17:45:25.517 D/EGL_emulation( 1713): eglMakeCurrent: 0xa6a85780: ver 2 0 (tinfo 0xa6a83640)
06-06 17:45:25.531 D/EGL_emulation( 1713): eglMakeCurrent: 0xa6a85780: ver 2 0 (tinfo 0xa6a83640)
06-06 17:45:25.549 D/EGL_emulation( 1713): eglMakeCurrent: 0xa6a85780: ver 2 0 (tinfo 0xa6a83640)
06-06 17:45:25.565 D/EGL_emulation( 1713): eglMakeCurrent: 0xa6a85780: ver 2 0 (tinfo 0xa6a83640)
06-06 17:45:25.570 D/EGL_emulation( 1713): eglMakeCurrent: 0xa6a85780: ver 2 0 (tinfo 0xa6a83640)
06-06 17:45:25.581 D/EGL_emulation( 1713): eglMakeCurrent: 0xa6a85780: ver 2 0 (tinfo 0xa6a83640)
06-06 17:45:25.583 D/EGL_emulation( 1713): eglMakeCurrent: 0xa6a85780: ver 2 0 (tinfo 0xa6a83640)
06-06 17:45:25.598 D/EGL_emulation( 1713): eglMakeCurrent: 0xa6a85780: ver 2 0 (tinfo 0xa6a83640)
06-06 17:45:25.600 D/EGL_emulation( 1713): eglMakeCurrent: 0xa6a85780: ver 2 0 (tinfo 0xa6a83640)
06-06 17:45:25.615 D/EGL_emulation( 1713): eglMakeCurrent: 0xa6a85780: ver 2 0 (tinfo 0xa6a83640)
06-06 17:45:25.617 D/EGL_emulation( 1713): eglMakeCurrent: 0xa6a85780: ver 2 0 (tinfo 0xa6a83640)
06-06 17:45:25.627 D/AndroidRuntime(16950): >>>>>> START com.android.internal.os.RuntimeInit uid 2000 <<<<<<
06-06 17:45:25.627 D/AndroidRuntime(16950): CheckJNI is ON
06-06 17:45:25.631 D/EGL_emulation( 1713): eglMakeCurrent: 0xa6a85780: ver 2 0 (tinfo 0xa6a83640)
06-06 17:45:25.633 D/EGL_emulation( 1713): eglMakeCurrent: 0xa6a85780: ver 2 0 (tinfo 0xa6a83640)
06-06 17:45:25.640 W/art     (16950): Unexpected CPU variant for X86 using defaults: x86
06-06 17:45:25.641 D/ICU     (16950): No timezone override file found: /data/misc/zoneinfo/current/icu/icu_tzdata.dat
06-06 17:45:25.648 D/EGL_emulation( 1713): eglMakeCurrent: 0xa6a85780: ver 2 0 (tinfo 0xa6a83640)
06-06 17:45:25.650 D/EGL_emulation( 1713): eglMakeCurrent: 0xa6a85780: ver 2 0 (tinfo 0xa6a83640)
06-06 17:45:25.650 E/memtrack(16950): Couldn't load memtrack module (No such file or directory)
06-06 17:45:25.650 E/android.os.Debug(16950): failed to load memtrack module: -2
06-06 17:45:25.651 I/Radio-JNI(16950): register_android_hardware_Radio DONE
06-06 17:45:25.655 D/AndroidRuntime(16950): Calling main entry com.android.commands.am.Am
06-06 17:45:25.656 I/ActivityManager( 1631): Force stopping com.evancharlton.mileage appid=10728 user=0: start instr
06-06 17:45:25.657 I/ActivityManager( 1631): Killing 16898:com.evancharlton.mileage/u0a728 (adj 0): stop com.evancharlton.mileage
06-06 17:45:25.657 D/ActivityManager( 1631): cleanUpApplicationRecord -- 16898
06-06 17:45:25.657 I/WindowManager( 1631): Destroying surface Surface(name=com.evancharlton.mileage/com.evancharlton.mileage.charts.MinimumVolumeChart) called by com.android.server.wm.WindowStateAnimator.destroySurface:2016 com.android.server.wm.WindowStateAnimator.destroySurfaceLocked:882 com.android.server.wm.WindowState.removeLocked:1456 com.android.server.wm.WindowManagerService.removeWindowInnerLocked:2484 com.android.server.wm.WindowManagerService.removeWindowLocked:2442 com.android.server.wm.WindowManagerService.removeWindowLocked:2311 com.android.server.wm.AppWindowToken.removeAllWindows:530 com.android.server.wm.AppWindowToken.removeAppFromTaskLocked:326 
06-06 17:45:25.658 W/ActivityManager( 1631): Crash of app com.evancharlton.mileage running instrumentation ComponentInfo{com.evancharlton.mileage.test/sh.calaba.instrumentationbackend.CalabashInstrumentationTestRunner}
06-06 17:45:25.658 I/ActivityManager( 1631): Force stopping com.evancharlton.mileage appid=10728 user=0: finished inst
06-06 17:45:25.659 W/InputDispatcher( 1631): channel '7bb836a com.evancharlton.mileage/com.evancharlton.mileage.Mileage (server)' ~ Consumer closed input channel or an error occurred.  events=0x9
06-06 17:45:25.659 E/InputDispatcher( 1631): channel '7bb836a com.evancharlton.mileage/com.evancharlton.mileage.Mileage (server)' ~ Channel is unrecoverably broken and will be disposed!
06-06 17:45:25.659 I/WindowManager( 1631): WIN DEATH: Window{7bb836a u0 com.evancharlton.mileage/com.evancharlton.mileage.Mileage EXITING}
06-06 17:45:25.659 W/InputDispatcher( 1631): Attempted to unregister already unregistered input channel '7bb836a com.evancharlton.mileage/com.evancharlton.mileage.Mileage (server)'
06-06 17:45:25.661 I/art     (16960): Not late-enabling -Xcheck:jni (already on)
06-06 17:45:25.661 W/art     (16960): Unexpected CPU variant for X86 using defaults: x86
06-06 17:45:25.669 I/ActivityManager( 1631): Start proc 16960:com.evancharlton.mileage/u0a728 for added application com.evancharlton.mileage
06-06 17:45:25.669 D/AndroidRuntime(16950): Shutting down VM
06-06 17:45:25.671 D/EGL_emulation( 1713): eglMakeCurrent: 0xa6a85780: ver 2 0 (tinfo 0xa6a83640)
06-06 17:45:25.675 D/EGL_emulation( 1713): eglMakeCurrent: 0xa6a85780: ver 2 0 (tinfo 0xa6a83640)
06-06 17:45:25.675 W/System  (16960): ClassLoader referenced unknown path: /data/app/com.evancharlton.mileage.test-1/lib/x86
06-06 17:45:25.675 W/System  (16960): ClassLoader referenced unknown path: /data/app/com.evancharlton.mileage-1/lib/x86
06-06 17:45:25.677 W/System  (16960): ClassLoader referenced unknown path: 
06-06 17:45:25.682 D/EGL_emulation( 1713): eglMakeCurrent: 0xa6a85780: ver 2 0 (tinfo 0xa6a83640)
06-06 17:45:25.682 I/System.out(16960): Main activity name automatically set to: com.evancharlton.mileage.Mileage
06-06 17:45:25.682 I/System.out(16960): Calabash did not load Mono. This is only a problem if you are trying to test a Mono application
06-06 17:45:25.682 I/calabash(16960): Test server port: 7102
06-06 17:45:25.683 I/InstrumentationBackend(16960): Added:'GetPreferences', with key:'get_preferences'
06-06 17:45:25.683 D/EGL_emulation( 1713): eglMakeCurrent: 0xa6a85780: ver 2 0 (tinfo 0xa6a83640)
06-06 17:45:25.687 I/InstrumentationBackend(16960): Added:'SetPreferences', with key:'set_preferences'
06-06 17:45:25.687 I/InstrumentationBackend(16960): Added:'ClearPreferences', with key:'clear_preferences'
06-06 17:45:25.688 I/InstrumentationBackend(16960): Added:'PressElement', with key:'press_l10n_element'
06-06 17:45:25.688 I/InstrumentationBackend(16960): Added:'WaitForElement', with key:'wait_for_l10n_element'
06-06 17:45:25.688 I/InstrumentationBackend(16960): Added:'NullAction', with key:'nullAction'
06-06 17:45:25.688 I/InstrumentationBackend(16960): Added:'PressKey', with key:'press_key'
06-06 17:45:25.688 I/InstrumentationBackend(16960): Added:'SetActivityOrientation', with key:'set_activity_orientation'
06-06 17:45:25.688 I/InstrumentationBackend(16960): Added:'GetActivityOrientation', with key:'get_activity_orientation'
06-06 17:45:25.688 I/InstrumentationBackend(16960): Added:'FakeGPSLocation', with key:'set_gps_coordinates'
06-06 17:45:25.688 I/InstrumentationBackend(16960): Added:'SetPropertyByCssSelector', with key:'set_property_by_css_selector'
06-06 17:45:25.688 I/InstrumentationBackend(16960): Added:'GetUrl', with key:'get_url'
06-06 17:45:25.688 I/InstrumentationBackend(16960): Added:'ScrollTo', with key:'scroll_to'
06-06 17:45:25.689 I/InstrumentationBackend(16960): Added:'GetLoadProgress', with key:'get_load_progress'
06-06 17:45:25.689 I/InstrumentationBackend(16960): Added:'DumpHtml', with key:'dump_html'
06-06 17:45:25.689 I/InstrumentationBackend(16960): Added:'DumpBodyHtml', with key:'dump_body_html'
06-06 17:45:25.689 I/InstrumentationBackend(16960): Added:'EnterTextByCssSelector', with key:'enter_text_by_selector'
06-06 17:45:25.689 I/InstrumentationBackend(16960): Added:'AndroidSDKVersion', with key:'android_sdk_version'
06-06 17:45:25.689 I/InstrumentationBackend(16960): Added:'Version', with key:'version'
06-06 17:45:25.689 I/InstrumentationBackend(16960): Added:'Drag', with key:'drag'
06-06 17:45:25.689 I/InstrumentationBackend(16960): Added:'TouchCoordinates', with key:'touch_coordinate'
06-06 17:45:25.689 I/InstrumentationBackend(16960): Added:'LongPressCoordinate', with key:'long_press_coordinate'
06-06 17:45:25.689 I/InstrumentationBackend(16960): Added:'DragCoordinates', with key:'drag_coordinates'
06-06 17:45:25.689 I/InstrumentationBackend(16960): Added:'ResumeApplication', with key:'resume_application'
06-06 17:45:25.689 I/InstrumentationBackend(16960): Added:'Swipe', with key:'swipe'
06-06 17:45:25.689 I/InstrumentationBackend(16960): Added:'DoubleTapCoordinate', with key:'double_tap_coordinate'
06-06 17:45:25.689 I/InstrumentationBackend(16960): Added:'ClickOnScreen', with key:'click_on_screen'
06-06 17:45:25.689 I/InstrumentationBackend(16960): Added:'GetActivityName', with key:'get_activity_name'
06-06 17:45:25.689 I/InstrumentationBackend(16960): Added:'ScrollToView', with key:'scroll_to_view'
06-06 17:45:25.689 I/InstrumentationBackend(16960): Added:'ViewConfiguration', with key:'view_configuration'
06-06 17:45:25.689 I/InstrumentationBackend(16960): Added:'IsCurrentActivityFocused', with key:'is_current_activity_focused'
06-06 17:45:25.689 I/InstrumentationBackend(16960): Added:'SendTcp', with key:'send_tcp'
06-06 17:45:25.689 I/InstrumentationBackend(16960): Added:'DpToDevicePixel', with key:'dp_to_device_pixel'
06-06 17:45:25.690 I/InstrumentationBackend(16960): Added:'KeyboardEnterText', with key:'keyboard_enter_text'
06-06 17:45:25.690 I/InstrumentationBackend(16960): Added:'DeleteSurroundingText', with key:'delete_surrounding_text'
06-06 17:45:25.690 I/InstrumentationBackend(16960): Added:'SetComposingRegion', with key:'set_composing_region'
06-06 17:45:25.690 I/InstrumentationBackend(16960): Added:'SetSelection', with key:'set_selection'
06-06 17:45:25.690 I/InstrumentationBackend(16960): Added:'KeyboardKeyEvent', with key:'keyboard_key_event'
06-06 17:45:25.690 I/InstrumentationBackend(16960): Added:'PressUserActionButton', with key:'press_user_action_button'
06-06 17:45:25.690 I/InstrumentationBackend(16960): Added:'HideSoftKeyboard', with key:'hide_soft_keyboard'
06-06 17:45:25.690 I/InstrumentationBackend(16960): Added:'ListActions', with key:'list_actions'
06-06 17:45:25.690 I/calabash(16960): Instantiating http server at 7102
06-06 17:45:25.690 I/System.out(16960): HTTP Daemon listening on: 7102
06-06 17:45:25.698 D/EGL_emulation( 1713): eglMakeCurrent: 0xa6a85780: ver 2 0 (tinfo 0xa6a83640)
06-06 17:45:25.700 D/EGL_emulation( 1713): eglMakeCurrent: 0xa6a85780: ver 2 0 (tinfo 0xa6a83640)
06-06 17:45:25.716 D/EGL_emulation( 1713): eglMakeCurrent: 0xa6a85780: ver 2 0 (tinfo 0xa6a83640)
06-06 17:45:25.732 D/EGL_emulation( 1713): eglMakeCurrent: 0xa6a85780: ver 2 0 (tinfo 0xa6a83640)
06-06 17:45:25.733 D/EGL_emulation( 1713): eglMakeCurrent: 0xa6a85780: ver 2 0 (tinfo 0xa6a83640)
06-06 17:45:25.780 I/System.out(16960): URI: //ping
06-06 17:45:25.780 I/System.out(16960): params: {json={}
06-06 17:45:25.780 I/System.out(16960): }
06-06 17:45:25.783 I/System.out(16960): URI: //ping
06-06 17:45:25.783 I/System.out(16960): params: {json={}
06-06 17:45:25.783 I/System.out(16960): }
06-06 17:45:25.784 I/System.out(16960): URI: //ready
06-06 17:45:25.784 I/System.out(16960): params: {json={}
06-06 17:45:25.784 I/System.out(16960): }
06-06 17:45:25.786 I/System.out(16960): URI: //
06-06 17:45:25.786 I/System.out(16960): params: {json={"command":"version","arguments":[]}
06-06 17:45:25.786 I/System.out(16960): }
06-06 17:45:25.786 I/System.out(16960): header: {content-type=application/json;charset=utf-8, date=Sat, 06 Jun 2020 22:45:26 GMT, accept=*/*, host=127.0.0.1:34784, content-length=36, user-agent=HTTPClient/1.0 (2.8.3, ruby 2.5.1 (2018-03-29))}
06-06 17:45:25.786 I/System.out(16960): params: {json={"command":"version","arguments":[]}
06-06 17:45:25.786 I/System.out(16960): }
06-06 17:45:25.786 I/System.out(16960): ProP json = {"command":"version","arguments":[]}
06-06 17:45:25.786 I/System.out(16960): files: {}
06-06 17:45:25.786 I/System.out(16960): command: {"command":"version","arguments":[]}
06-06 17:45:25.789 I/InstrumentationBackend(16960): Got command:'Command:'Line:null,version', arguments:'[]'
06-06 17:45:25.795 I/System.out(16960): result:{"bonusInformation":[],"message":"0.9.8","success":true}
06-06 17:45:25.798 I/System.out(16960): URI: //start-application
06-06 17:45:25.798 I/System.out(16960): params: {json={"intent":null}
06-06 17:45:25.798 I/System.out(16960): }
06-06 17:45:25.812 I/ActivityManager( 1631): START u0 {act=android.intent.action.MAIN cat=[android.intent.category.LAUNCHER] flg=0x10200000 cmp=com.evancharlton.mileage/.Mileage} from uid 10728 on display 0
06-06 17:45:25.819 I/calabash(16960): newActivity1
06-06 17:45:25.828 I/calabash(16960): newActivity1
06-06 17:45:25.829 W/ActivityManager( 1631): Bad activity token: android.os.BinderProxy@47892d2
06-06 17:45:25.829 W/ActivityManager( 1631): java.lang.ClassCastException: android.os.BinderProxy cannot be cast to com.android.server.am.ActivityRecord$Token
06-06 17:45:25.829 W/ActivityManager( 1631): 	at com.android.server.am.ActivityRecord.forTokenLocked(ActivityRecord.java:586)
06-06 17:45:25.829 W/ActivityManager( 1631): 	at com.android.server.am.ActivityRecord.isInStackLocked(ActivityRecord.java:1327)
06-06 17:45:25.829 W/ActivityManager( 1631): 	at com.android.server.am.ActivityRecord.getStackLocked(ActivityRecord.java:1332)
06-06 17:45:25.829 W/ActivityManager( 1631): 	at com.android.server.am.ActivityManagerService.getActivityDisplayId(ActivityManagerService.java:9806)
06-06 17:45:25.829 W/ActivityManager( 1631): 	at android.app.ActivityManagerNative.onTransact(ActivityManagerNative.java:2566)
06-06 17:45:25.829 W/ActivityManager( 1631): 	at com.android.server.am.ActivityManagerService.onTransact(ActivityManagerService.java:2757)
06-06 17:45:25.829 W/ActivityManager( 1631): 	at android.os.Binder.execTransact(Binder.java:565)
06-06 17:45:25.831 W/ActivityManager( 1631): Bad activity token: android.os.BinderProxy@47892d2
06-06 17:45:25.831 W/ActivityManager( 1631): java.lang.ClassCastException: android.os.BinderProxy cannot be cast to com.android.server.am.ActivityRecord$Token
06-06 17:45:25.831 W/ActivityManager( 1631): 	at com.android.server.am.ActivityRecord.forTokenLocked(ActivityRecord.java:586)
06-06 17:45:25.831 W/ActivityManager( 1631): 	at com.android.server.am.ActivityRecord.isInStackLocked(ActivityRecord.java:1327)
06-06 17:45:25.831 W/ActivityManager( 1631): 	at com.android.server.am.ActivityManagerService.setTaskDescription(ActivityManagerService.java:9358)
06-06 17:45:25.831 W/ActivityManager( 1631): 	at android.app.ActivityManagerNative.onTransact(ActivityManagerNative.java:2639)
06-06 17:45:25.831 W/ActivityManager( 1631): 	at com.android.server.am.ActivityManagerService.onTransact(ActivityManagerService.java:2757)
06-06 17:45:25.831 W/ActivityManager( 1631): 	at android.os.Binder.execTransact(Binder.java:565)
06-06 17:45:25.831 W/ActivityManager( 1631): Bad activity token: android.os.BinderProxy@47892d2
06-06 17:45:25.831 W/ActivityManager( 1631): java.lang.ClassCastException: android.os.BinderProxy cannot be cast to com.android.server.am.ActivityRecord$Token
06-06 17:45:25.831 W/ActivityManager( 1631): 	at com.android.server.am.ActivityRecord.forTokenLocked(ActivityRecord.java:586)
06-06 17:45:25.831 W/ActivityManager( 1631): 	at com.android.server.am.ActivityRecord.isInStackLocked(ActivityRecord.java:1327)
06-06 17:45:25.831 W/ActivityManager( 1631): 	at com.android.server.am.ActivityRecord.getStackLocked(ActivityRecord.java:1332)
06-06 17:45:25.831 W/ActivityManager( 1631): 	at com.android.server.am.ActivityManagerService.getActivityStackId(ActivityManagerService.java:9817)
06-06 17:45:25.831 W/ActivityManager( 1631): 	at android.app.ActivityManagerNative.onTransact(ActivityManagerNative.java:2856)
06-06 17:45:25.831 W/ActivityManager( 1631): 	at com.android.server.am.ActivityManagerService.onTransact(ActivityManagerService.java:2757)
06-06 17:45:25.831 W/ActivityManager( 1631): 	at android.os.Binder.execTransact(Binder.java:565)
06-06 17:45:25.831 D/gralloc_ranchu( 1348): gralloc_alloc: Creating ashmem region of size 9023488
06-06 17:45:25.852 W/ActivityManager( 1631): Bad activity token: android.os.BinderProxy@47892d2
06-06 17:45:25.852 W/ActivityManager( 1631): java.lang.ClassCastException: android.os.BinderProxy cannot be cast to com.android.server.am.ActivityRecord$Token
06-06 17:45:25.852 W/ActivityManager( 1631): 	at com.android.server.am.ActivityRecord.forTokenLocked(ActivityRecord.java:586)
06-06 17:45:25.852 W/ActivityManager( 1631): 	at com.android.server.am.ActivityRecord.isInStackLocked(ActivityRecord.java:1327)
06-06 17:45:25.852 W/ActivityManager( 1631): 	at com.android.server.am.ActivityManagerService.getActivityOptions(ActivityManagerService.java:12559)
06-06 17:45:25.852 W/ActivityManager( 1631): 	at android.app.ActivityManagerNative.onTransact(ActivityManagerNative.java:1933)
06-06 17:45:25.852 W/ActivityManager( 1631): 	at com.android.server.am.ActivityManagerService.onTransact(ActivityManagerService.java:2757)
06-06 17:45:25.852 W/ActivityManager( 1631): 	at android.os.Binder.execTransact(Binder.java:565)
06-06 17:45:25.852 W/ActivityManager( 1631): Bad activity token: android.os.BinderProxy@47892d2
06-06 17:45:25.852 W/ActivityManager( 1631): java.lang.ClassCastException: android.os.BinderProxy cannot be cast to com.android.server.am.ActivityRecord$Token
06-06 17:45:25.852 W/ActivityManager( 1631): 	at com.android.server.am.ActivityRecord.forTokenLocked(ActivityRecord.java:586)
06-06 17:45:25.852 W/ActivityManager( 1631): 	at com.android.server.am.ActivityRecord.isInStackLocked(ActivityRecord.java:1327)
06-06 17:45:25.852 W/ActivityManager( 1631): 	at com.android.server.am.ActivityManagerService.getActivityOptions(ActivityManagerService.java:12559)
06-06 17:45:25.852 W/ActivityManager( 1631): 	at android.app.ActivityManagerNative.onTransact(ActivityManagerNative.java:1933)
06-06 17:45:25.852 W/ActivityManager( 1631): 	at com.android.server.am.ActivityManagerService.onTransact(ActivityManagerService.java:2757)
06-06 17:45:25.852 W/ActivityManager( 1631): 	at android.os.Binder.execTransact(Binder.java:565)
06-06 17:45:25.865 D/EGL_emulation( 2106): eglMakeCurrent: 0xa6a85300: ver 2 0 (tinfo 0xa6a83220)
06-06 17:45:25.865 V/PhoneStatusBar( 1713): setLightsOn(true)
06-06 17:45:25.882 D/EGL_emulation( 1713): eglMakeCurrent: 0xa6a85780: ver 2 0 (tinfo 0xa6a83640)
06-06 17:45:25.883 V/PhoneStatusBar( 1713): setLightsOn(true)
06-06 17:45:25.898 D/gralloc_ranchu( 1348): gralloc_alloc: Creating ashmem region of size 9023488
06-06 17:45:25.898 D/EGL_emulation( 1713): eglMakeCurrent: 0xa6a85780: ver 2 0 (tinfo 0xa6a83640)
06-06 17:45:25.905 D/        (16960): HostConnection::get() New Host Connection established 0x954ab4c0, tid 16960
06-06 17:45:25.906 D/EGL_emulation( 1713): eglMakeCurrent: 0xa6a85780: ver 2 0 (tinfo 0xa6a83640)
06-06 17:45:25.906 V/PhoneStatusBar( 1713): setLightsOn(true)
06-06 17:45:25.958 D/EGL_emulation( 1713): eglMakeCurrent: 0xa6a85780: ver 2 0 (tinfo 0xa6a83640)
06-06 17:45:25.961 D/EGL_emulation( 1713): eglMakeCurrent: 0xa6a85780: ver 2 0 (tinfo 0xa6a83640)
06-06 17:45:25.962 I/WindowManager( 1631): Destroying surface Surface(name=com.evancharlton.mileage/com.evancharlton.mileage.Mileage) called by com.android.server.wm.WindowStateAnimator.destroySurface:2016 com.android.server.wm.WindowStateAnimator.destroySurfaceLocked:882 com.android.server.wm.WindowState.removeLocked:1456 com.android.server.wm.WindowManagerService.removeWindowInnerLocked:2484 com.android.server.wm.AppWindowToken.destroySurfaces:365 com.android.server.wm.WindowStateAnimator.finishExit:565 com.android.server.wm.AppWindowAnimator.stepAnimationLocked:427 com.android.server.wm.WindowAnimator.updateAppWindowsLocked:196 
06-06 17:45:25.963 D/EGL_emulation( 1713): eglMakeCurrent: 0xa6a85780: ver 2 0 (tinfo 0xa6a83640)
06-06 17:45:25.964 D/EGL_emulation( 1713): eglMakeCurrent: 0xa6a85780: ver 2 0 (tinfo 0xa6a83640)
06-06 17:45:25.966 D/EGL_emulation( 1713): eglMakeCurrent: 0xa6a85780: ver 2 0 (tinfo 0xa6a83640)
06-06 17:45:25.968 D/EGL_emulation( 1713): eglMakeCurrent: 0xa6a85780: ver 2 0 (tinfo 0xa6a83640)
06-06 17:45:25.968 V/PhoneStatusBar( 1713): setLightsOn(true)
06-06 17:45:25.982 D/EGL_emulation( 1713): eglMakeCurrent: 0xa6a85780: ver 2 0 (tinfo 0xa6a83640)
06-06 17:45:25.984 D/EGL_emulation( 1713): eglMakeCurrent: 0xa6a85780: ver 2 0 (tinfo 0xa6a83640)
06-06 17:45:25.999 D/EGL_emulation( 1713): eglMakeCurrent: 0xa6a85780: ver 2 0 (tinfo 0xa6a83640)
06-06 17:45:25.999 D/gralloc_ranchu( 1348): gralloc_alloc: Creating ashmem region of size 9023488
06-06 17:45:26.012 D/EGL_emulation( 1713): eglMakeCurrent: 0xa6a85780: ver 2 0 (tinfo 0xa6a83640)
06-06 17:45:26.017 I/ActivityManager( 1631): Displayed com.evancharlton.mileage/.Mileage: +202ms
06-06 17:45:26.023 D/EGL_emulation( 1713): eglMakeCurrent: 0xa6a85780: ver 2 0 (tinfo 0xa6a83640)
06-06 17:45:26.026 D/EGL_emulation( 1713): eglMakeCurrent: 0xa6a85780: ver 2 0 (tinfo 0xa6a83640)
06-06 17:45:26.027 V/PhoneStatusBar( 1713): setLightsOn(true)
06-06 17:45:26.037 D/EGL_emulation( 1713): eglMakeCurrent: 0xa6a85780: ver 2 0 (tinfo 0xa6a83640)
06-06 17:45:26.039 D/EGL_emulation( 1713): eglMakeCurrent: 0xa6a85780: ver 2 0 (tinfo 0xa6a83640)
06-06 17:45:26.049 D/EGL_emulation( 1713): eglMakeCurrent: 0xa6a85780: ver 2 0 (tinfo 0xa6a83640)
06-06 17:45:26.051 D/EGL_emulation( 1713): eglMakeCurrent: 0xa6a85780: ver 2 0 (tinfo 0xa6a83640)
06-06 17:45:26.051 V/PhoneStatusBar( 1713): setLightsOn(true)
06-06 17:45:26.055 I/System.out(16960): URI: //map
06-06 17:45:26.055 I/System.out(16960): params: {json={"query":"* marked:'Statistics'","operation":{"method_name":"query","arguments":[]}}
06-06 17:45:26.055 I/System.out(16960): }
06-06 17:45:26.065 D/EGL_emulation( 1713): eglMakeCurrent: 0xa6a85780: ver 2 0 (tinfo 0xa6a83640)
06-06 17:45:26.066 D/EGL_emulation( 1713): eglMakeCurrent: 0xa6a85780: ver 2 0 (tinfo 0xa6a83640)
06-06 17:45:26.070 W/ResourceType(16960): No package identifier when getting name for resource number 0x00000001
06-06 17:45:26.082 D/EGL_emulation( 1713): eglMakeCurrent: 0xa6a85780: ver 2 0 (tinfo 0xa6a83640)
06-06 17:45:26.084 I/System.out(16960): URI: //gesture
06-06 17:45:26.084 I/System.out(16960): params: {json={"query_timeout":5.0,"gestures":[{"query_string":"* marked:'Statistics'","touches":[{"x":50,"y":50,"offset_x":0,"offset_y":0,"wait":0.0,"time":0.2,"release":true,"query_string":null}]}]}
06-06 17:45:26.084 I/System.out(16960): }
06-06 17:45:26.089 W/ResourceType(16960): No package identifier when getting name for resource number 0x00000001
06-06 17:45:26.215 I/WindowManager( 1631): Destroying surface Surface(name=Starting com.evancharlton.mileage) called by com.android.server.wm.WindowStateAnimator.destroySurface:2016 com.android.server.wm.WindowStateAnimator.destroySurfaceLocked:882 com.android.server.wm.WindowState.destroyOrSaveSurface:2100 com.android.server.wm.AppWindowToken.destroySurfaces:363 com.android.server.wm.WindowStateAnimator.finishExit:565 com.android.server.wm.WindowStateAnimator.stepAnimationLocked:491 com.android.server.wm.WindowAnimator.updateWindowsLocked:303 com.android.server.wm.WindowAnimator.animateLocked:704 
06-06 17:45:26.216 V/PhoneStatusBar( 1713): setLightsOn(true)
06-06 17:45:26.248 V/PhoneStatusBar( 1713): setLightsOn(true)
06-06 17:45:26.315 V/PhoneStatusBar( 1713): setLightsOn(true)
06-06 17:45:26.317 I/calabash(16960): newActivity1
06-06 17:45:26.327 I/System.out(16960): URI: //map
06-06 17:45:26.327 I/System.out(16960): params: {json={"query":"android.widget.ScrollView index:0","operation":{"method_name":"query","arguments":[]}}
06-06 17:45:26.327 I/System.out(16960): }
06-06 17:45:26.330 W/ActivityManager( 1631): Bad activity token: android.os.BinderProxy@9107cfc
06-06 17:45:26.330 W/ActivityManager( 1631): java.lang.ClassCastException: android.os.BinderProxy cannot be cast to com.android.server.am.ActivityRecord$Token
06-06 17:45:26.330 W/ActivityManager( 1631): 	at com.android.server.am.ActivityRecord.forTokenLocked(ActivityRecord.java:586)
06-06 17:45:26.330 W/ActivityManager( 1631): 	at com.android.server.am.ActivityRecord.isInStackLocked(ActivityRecord.java:1327)
06-06 17:45:26.330 W/ActivityManager( 1631): 	at com.android.server.am.ActivityRecord.getStackLocked(ActivityRecord.java:1332)
06-06 17:45:26.330 W/ActivityManager( 1631): 	at com.android.server.am.ActivityManagerService.getActivityDisplayId(ActivityManagerService.java:9806)
06-06 17:45:26.330 W/ActivityManager( 1631): 	at android.app.ActivityManagerNative.onTransact(ActivityManagerNative.java:2566)
06-06 17:45:26.330 W/ActivityManager( 1631): 	at com.android.server.am.ActivityManagerService.onTransact(ActivityManagerService.java:2757)
06-06 17:45:26.330 W/ActivityManager( 1631): 	at android.os.Binder.execTransact(Binder.java:565)
06-06 17:45:26.331 W/ActivityManager( 1631): Bad activity token: android.os.BinderProxy@9107cfc
06-06 17:45:26.331 W/ActivityManager( 1631): java.lang.ClassCastException: android.os.BinderProxy cannot be cast to com.android.server.am.ActivityRecord$Token
06-06 17:45:26.331 W/ActivityManager( 1631): 	at com.android.server.am.ActivityRecord.forTokenLocked(ActivityRecord.java:586)
06-06 17:45:26.331 W/ActivityManager( 1631): 	at com.android.server.am.ActivityRecord.isInStackLocked(ActivityRecord.java:1327)
06-06 17:45:26.331 W/ActivityManager( 1631): 	at com.android.server.am.ActivityManagerService.setTaskDescription(ActivityManagerService.java:9358)
06-06 17:45:26.331 W/ActivityManager( 1631): 	at android.app.ActivityManagerNative.onTransact(ActivityManagerNative.java:2639)
06-06 17:45:26.331 W/ActivityManager( 1631): 	at com.android.server.am.ActivityManagerService.onTransact(ActivityManagerService.java:2757)
06-06 17:45:26.331 W/ActivityManager( 1631): 	at android.os.Binder.execTransact(Binder.java:565)
06-06 17:45:26.332 W/ActivityManager( 1631): Bad activity token: android.os.BinderProxy@9107cfc
06-06 17:45:26.332 W/ActivityManager( 1631): java.lang.ClassCastException: android.os.BinderProxy cannot be cast to com.android.server.am.ActivityRecord$Token
06-06 17:45:26.332 W/ActivityManager( 1631): 	at com.android.server.am.ActivityRecord.forTokenLocked(ActivityRecord.java:586)
06-06 17:45:26.332 W/ActivityManager( 1631): 	at com.android.server.am.ActivityRecord.isInStackLocked(ActivityRecord.java:1327)
06-06 17:45:26.332 W/ActivityManager( 1631): 	at com.android.server.am.ActivityRecord.getStackLocked(ActivityRecord.java:1332)
06-06 17:45:26.332 W/ActivityManager( 1631): 	at com.android.server.am.ActivityManagerService.getActivityStackId(ActivityManagerService.java:9817)
06-06 17:45:26.332 W/ActivityManager( 1631): 	at android.app.ActivityManagerNative.onTransact(ActivityManagerNative.java:2856)
06-06 17:45:26.332 W/ActivityManager( 1631): 	at com.android.server.am.ActivityManagerService.onTransact(ActivityManagerService.java:2757)
06-06 17:45:26.332 W/ActivityManager( 1631): 	at android.os.Binder.execTransact(Binder.java:565)
06-06 17:45:26.340 D/VehicleStatisticsActivity(16960): Checking recalculation ...
06-06 17:45:26.340 D/VehicleStatisticsActivity(16960): Recalculation not necessary.
06-06 17:45:26.349 W/ActivityManager( 1631): Bad activity token: android.os.BinderProxy@9107cfc
06-06 17:45:26.349 W/ActivityManager( 1631): java.lang.ClassCastException: android.os.BinderProxy cannot be cast to com.android.server.am.ActivityRecord$Token
06-06 17:45:26.349 W/ActivityManager( 1631): 	at com.android.server.am.ActivityRecord.forTokenLocked(ActivityRecord.java:586)
06-06 17:45:26.349 W/ActivityManager( 1631): 	at com.android.server.am.ActivityRecord.isInStackLocked(ActivityRecord.java:1327)
06-06 17:45:26.349 W/ActivityManager( 1631): 	at com.android.server.am.ActivityManagerService.getActivityOptions(ActivityManagerService.java:12559)
06-06 17:45:26.349 W/ActivityManager( 1631): 	at android.app.ActivityManagerNative.onTransact(ActivityManagerNative.java:1933)
06-06 17:45:26.349 W/ActivityManager( 1631): 	at com.android.server.am.ActivityManagerService.onTransact(ActivityManagerService.java:2757)
06-06 17:45:26.349 W/ActivityManager( 1631): 	at android.os.Binder.execTransact(Binder.java:565)
06-06 17:45:26.349 W/ActivityManager( 1631): Bad activity token: android.os.BinderProxy@9107cfc
06-06 17:45:26.349 W/ActivityManager( 1631): java.lang.ClassCastException: android.os.BinderProxy cannot be cast to com.android.server.am.ActivityRecord$Token
06-06 17:45:26.349 W/ActivityManager( 1631): 	at com.android.server.am.ActivityRecord.forTokenLocked(ActivityRecord.java:586)
06-06 17:45:26.349 W/ActivityManager( 1631): 	at com.android.server.am.ActivityRecord.isInStackLocked(ActivityRecord.java:1327)
06-06 17:45:26.349 W/ActivityManager( 1631): 	at com.android.server.am.ActivityManagerService.getActivityOptions(ActivityManagerService.java:12559)
06-06 17:45:26.349 W/ActivityManager( 1631): 	at android.app.ActivityManagerNative.onTransact(ActivityManagerNative.java:1933)
06-06 17:45:26.349 W/ActivityManager( 1631): 	at com.android.server.am.ActivityManagerService.onTransact(ActivityManagerService.java:2757)
06-06 17:45:26.349 W/ActivityManager( 1631): 	at android.os.Binder.execTransact(Binder.java:565)
06-06 17:45:26.351 D/VehicleStatisticsActivity(16960): Checking recalculation ...
06-06 17:45:26.352 D/VehicleStatisticsActivity(16960): Recalculation not necessary.
06-06 17:45:26.457 I/System.out(16960): URI: //map
06-06 17:45:26.457 I/System.out(16960): params: {json={"query":"android.widget.AbsListView index:0","operation":{"method_name":"query","arguments":[]}}
06-06 17:45:26.457 I/System.out(16960): }
06-06 17:45:26.463 I/art     (16960): Do partial code cache collection, code=30KB, data=29KB
06-06 17:45:26.463 I/art     (16960): After code cache collection, code=29KB, data=28KB
06-06 17:45:26.463 I/art     (16960): Increasing code cache capacity to 128KB
06-06 17:45:26.474 I/System.out(16960): URI: //map
06-06 17:45:26.474 I/System.out(16960): params: {json={"query":"android.widget.AbsListView index:0","operation":{"method_name":"query","arguments":[]}}
06-06 17:45:26.474 I/System.out(16960): }
06-06 17:45:26.490 I/System.out(16960): URI: //map
06-06 17:45:26.490 I/System.out(16960): params: {json={"query":"android.widget.AbsListView index:0","operation":{"method_name":"query","arguments":[]}}
06-06 17:45:26.490 I/System.out(16960): }
06-06 17:45:26.505 I/System.out(16960): URI: //map
06-06 17:45:26.505 I/System.out(16960): params: {json={"query":"android.widget.AbsListView index:0","operation":{"method_name":"query","arguments":["getFirstVisiblePosition"]}}
06-06 17:45:26.505 I/System.out(16960): }
06-06 17:45:26.520 I/System.out(16960): URI: //map
06-06 17:45:26.520 I/System.out(16960): params: {json={"query":"android.widget.AbsListView index:0","operation":{"method_name":"query","arguments":["getLastVisiblePosition"]}}
06-06 17:45:26.520 I/System.out(16960): }
06-06 17:45:26.535 I/System.out(16960): URI: //map
06-06 17:45:26.535 I/System.out(16960): params: {json={"query":"android.widget.AbsListView index:0","operation":{"method_name":"query","arguments":[{"method_name":"setSelection","arguments":[26]}]}}
06-06 17:45:26.535 I/System.out(16960): }
06-06 17:45:26.554 I/System.out(16960): URI: //map
06-06 17:45:26.554 I/System.out(16960): params: {json={"query":"* marked:'Largest fillup'","operation":{"method_name":"query","arguments":[]}}
06-06 17:45:26.554 I/System.out(16960): }
06-06 17:45:26.598 D/gralloc_ranchu( 1348): gralloc_alloc: Creating ashmem region of size 9023488
06-06 17:45:26.616 V/PhoneStatusBar( 1713): setLightsOn(true)
06-06 17:45:26.617 V/PhoneStatusBar( 1713): setLightsOn(true)
06-06 17:45:26.618 W/OpenGLRenderer( 2106): Incorrectly called buildLayer on View: ShortcutAndWidgetContainer, destroying layer...
06-06 17:45:26.632 I/WindowManager( 1631): Destroying surface Surface(name=com.android.launcher3/com.android.launcher3.Launcher) called by com.android.server.wm.WindowStateAnimator.destroySurface:2016 com.android.server.wm.WindowStateAnimator.destroySurfaceLocked:882 com.android.server.wm.WindowState.destroyOrSaveSurface:2100 com.android.server.wm.AppWindowToken.destroySurfaces:363 com.android.server.wm.AppWindowToken.notifyAppStopped:389 com.android.server.wm.WindowManagerService.notifyAppStopped:4463 com.android.server.am.ActivityStack.activityStoppedLocked:1252 com.android.server.am.ActivityManagerService.activityStopped:6903 
06-06 17:45:26.632 V/PhoneStatusBar( 1713): setLightsOn(true)
06-06 17:45:26.649 W/ResourceType(16960): No package identifier when getting name for resource number 0x00000001
06-06 17:45:26.660 I/System.out(16960): URI: //gesture
06-06 17:45:26.660 I/System.out(16960): params: {json={"query_timeout":5.0,"gestures":[{"query_string":"* marked:'Largest fillup'","touches":[{"x":50,"y":50,"offset_x":0,"offset_y":0,"wait":0.0,"time":0.2,"release":true,"query_string":null}]}]}
06-06 17:45:26.660 I/System.out(16960): }
06-06 17:45:26.663 W/ResourceType(16960): No package identifier when getting name for resource number 0x00000001
06-06 17:45:26.901 I/ActivityManager( 1631): START u0 {cmp=com.evancharlton.mileage/.charts.MaximumVolumeChart (has extras)} from uid 10728 on display 0
06-06 17:45:26.906 V/PhoneStatusBar( 1713): setLightsOn(true)
06-06 17:45:26.909 V/PhoneStatusBar( 1713): setLightsOn(true)
06-06 17:45:26.936 I/System.out(16960): URI: //map
06-06 17:45:26.936 I/System.out(16960): params: {json={"query":"* {text CONTAINS[c] 'Largest fillup size'}","operation":{"method_name":"query","arguments":[]}}
06-06 17:45:26.936 I/System.out(16960): }
06-06 17:45:26.959 I/calabash(16960): newActivity1
06-06 17:45:26.963 W/aiCharts(16960): License file is invalid or missing. 
06-06 17:45:26.963 W/aiCharts(16960): Please place proper license.lic to /assets folder.
06-06 17:45:26.978 V/PhoneStatusBar( 1713): setLightsOn(true)
06-06 17:45:26.998 V/PhoneStatusBar( 1713): setLightsOn(true)
06-06 17:45:27.002 I/WindowManager( 1631): Destroying surface Surface(name=Creating chart…) called by com.android.server.wm.WindowStateAnimator.destroySurface:2016 com.android.server.wm.WindowStateAnimator.destroySurfaceLocked:882 com.android.server.wm.WindowState.removeLocked:1456 com.android.server.wm.WindowManagerService.removeWindowInnerLocked:2484 com.android.server.wm.WindowManagerService.removeWindowLocked:2442 com.android.server.wm.WindowManagerService.removeWindowLocked:2311 com.android.server.wm.WindowManagerService.removeWindow:2306 com.android.server.wm.Session.remove:202 
06-06 17:45:27.005 D/gralloc_ranchu( 1348): gralloc_alloc: Creating ashmem region of size 9023488
06-06 17:45:27.015 V/PhoneStatusBar( 1713): setLightsOn(true)
06-06 17:45:27.027 I/ActivityManager( 1631): Displayed com.evancharlton.mileage/.charts.MaximumVolumeChart: +70ms
06-06 17:45:27.031 V/PhoneStatusBar( 1713): setLightsOn(true)
06-06 17:45:27.066 V/PhoneStatusBar( 1713): setLightsOn(true)
06-06 17:45:27.082 V/PhoneStatusBar( 1713): setLightsOn(true)
06-06 17:45:27.266 V/PhoneStatusBar( 1713): setLightsOn(true)
06-06 17:45:27.293 I/System.out(16960): URI: //map
06-06 17:45:27.293 I/System.out(16960): params: {json={"query":"* {text CONTAINS[c] 'Largest fillup size'}","operation":{"method_name":"query","arguments":[]}}
06-06 17:45:27.293 I/System.out(16960): }
06-06 17:45:27.309 I/System.out(16960): URI: //
06-06 17:45:27.309 I/System.out(16960): params: {json={"command":"press_key","arguments":["KEYCODE_BACK"]}
06-06 17:45:27.309 I/System.out(16960): }
06-06 17:45:27.309 I/System.out(16960): header: {content-type=application/json;charset=utf-8, date=Sat, 06 Jun 2020 22:45:27 GMT, accept=*/*, host=127.0.0.1:34784, content-length=52, user-agent=HTTPClient/1.0 (2.8.3, ruby 2.5.1 (2018-03-29))}
06-06 17:45:27.309 I/System.out(16960): params: {json={"command":"press_key","arguments":["KEYCODE_BACK"]}
06-06 17:45:27.309 I/System.out(16960): }
06-06 17:45:27.309 I/System.out(16960): ProP json = {"command":"press_key","arguments":["KEYCODE_BACK"]}
06-06 17:45:27.309 I/System.out(16960): files: {}
06-06 17:45:27.309 I/System.out(16960): command: {"command":"press_key","arguments":["KEYCODE_BACK"]}
06-06 17:45:27.310 I/InstrumentationBackend(16960): Got command:'Command:'Line:null,press_key', arguments:'[KEYCODE_BACK]'
06-06 17:45:27.313 V/PhoneStatusBar( 1713): setLightsOn(true)
06-06 17:45:27.317 I/art     (16960): Do partial code cache collection, code=60KB, data=62KB
06-06 17:45:27.317 I/art     (16960): After code cache collection, code=59KB, data=61KB
06-06 17:45:27.317 I/art     (16960): Increasing code cache capacity to 256KB
06-06 17:45:27.317 V/PhoneStatusBar( 1713): setLightsOn(true)
06-06 17:45:27.318 I/System.out(16960): result:{"bonusInformation":[],"message":"","success":true}
06-06 17:45:27.320 D/VehicleStatisticsActivity(16960): Checking recalculation ...
06-06 17:45:27.321 D/VehicleStatisticsActivity(16960): Recalculation not necessary.
06-06 17:45:27.321 I/System.out(16960): URI: //map
06-06 17:45:27.321 I/System.out(16960): params: {json={"query":"* {text CONTAINS[c] 'Statistics'}","operation":{"method_name":"query","arguments":[]}}
06-06 17:45:27.321 I/System.out(16960): }
06-06 17:45:27.348 D/gralloc_ranchu( 1348): gralloc_alloc: Creating ashmem region of size 9023488
06-06 17:45:27.349 V/PhoneStatusBar( 1713): setLightsOn(true)
06-06 17:45:27.365 V/PhoneStatusBar( 1713): setLightsOn(true)
06-06 17:45:27.381 V/PhoneStatusBar( 1713): setLightsOn(true)
