--------- beginning of system
06-05 21:21:37.573 W/ActivityManager( 1630): Finishing task with all activities already finished
06-05 21:21:37.573 W/ActivityManager( 1630): Duplicate finish request for ActivityRecord{2042983 u0 com.evancharlton.mileage/.Mileage t7504 f}
--------- beginning of main
06-05 21:21:37.577 V/PhoneStatusBar( 1711): setLightsOn(true)
06-05 21:21:37.580 D/gralloc_ranchu( 1347): gralloc_alloc: Creating ashmem region of size 3145728
06-05 21:21:37.584 E/EGL_emulation( 1347): tid 1347: eglCreateSyncKHR(1901): error 0x3004 (EGL_BAD_ATTRIBUTE)
06-05 21:21:37.594 W/ActivityManager( 1630): Finishing task with all activities already finished
06-05 21:21:37.594 W/ActivityManager( 1630): Duplicate finish request for ActivityRecord{2042983 u0 com.evancharlton.mileage/.Mileage t7504 f}
06-05 21:21:37.595 W/ActivityManager( 1630): Finishing task with all activities already finished
06-05 21:21:37.595 W/ActivityManager( 1630): Duplicate finish request for ActivityRecord{2042983 u0 com.evancharlton.mileage/.Mileage t7504 f}
06-05 21:21:37.595 W/ActivityManager( 1630): Finishing task with all activities already finished
06-05 21:21:37.595 W/ActivityManager( 1630): Duplicate finish request for ActivityRecord{2042983 u0 com.evancharlton.mileage/.Mileage t7504 f}
06-05 21:21:37.595 W/ActivityManager( 1630): Finishing task with all activities already finished
06-05 21:21:37.595 W/ActivityManager( 1630): Duplicate finish request for ActivityRecord{2042983 u0 com.evancharlton.mileage/.Mileage t7504 f}
06-05 21:21:37.595 W/ActivityManager( 1630): Finishing task with all activities already finished
06-05 21:21:37.595 W/ActivityManager( 1630): Duplicate finish request for ActivityRecord{52f7a19 u0 com.evancharlton.mileage/.charts.MaximumPriceChart t7504 f}
06-05 21:21:37.595 W/ActivityManager( 1630): Finishing task with all activities already finished
06-05 21:21:37.595 W/ActivityManager( 1630): Duplicate finish request for ActivityRecord{52f7a19 u0 com.evancharlton.mileage/.charts.MaximumPriceChart t7504 f}
06-05 21:21:37.595 W/ActivityManager( 1630): Finishing task with all activities already finished
06-05 21:21:37.595 W/ActivityManager( 1630): Duplicate finish request for ActivityRecord{2042983 u0 com.evancharlton.mileage/.Mileage t7504 f}
06-05 21:21:37.595 W/ActivityManager( 1630): Finishing task with all activities already finished
06-05 21:21:37.595 W/ActivityManager( 1630): Duplicate finish request for ActivityRecord{2042983 u0 com.evancharlton.mileage/.Mileage t7504 f}
06-05 21:21:37.629 D/EGL_emulation( 2083): eglMakeCurrent: 0xb0f85240: ver 2 0 (tinfo 0xb0f832d0)
06-05 21:21:37.629 D/EGL_emulation( 1711): eglMakeCurrent: 0xb0f853c0: ver 2 0 (tinfo 0xb0f833e0)
06-05 21:21:37.644 D/EGL_emulation( 1711): eglMakeCurrent: 0xb0f853c0: ver 2 0 (tinfo 0xb0f833e0)
06-05 21:21:37.662 D/EGL_emulation( 1711): eglMakeCurrent: 0xb0f853c0: ver 2 0 (tinfo 0xb0f833e0)
06-05 21:21:37.677 D/EGL_emulation( 1711): eglMakeCurrent: 0xb0f853c0: ver 2 0 (tinfo 0xb0f833e0)
06-05 21:21:37.680 D/EGL_emulation( 1711): eglMakeCurrent: 0xb0f853c0: ver 2 0 (tinfo 0xb0f833e0)
06-05 21:21:37.683 D/AndroidRuntime( 9954): >>>>>> START com.android.internal.os.RuntimeInit uid 2000 <<<<<<
06-05 21:21:37.684 D/AndroidRuntime( 9954): CheckJNI is ON
06-05 21:21:37.694 D/EGL_emulation( 1711): eglMakeCurrent: 0xb0f853c0: ver 2 0 (tinfo 0xb0f833e0)
06-05 21:21:37.696 D/EGL_emulation( 1711): eglMakeCurrent: 0xb0f853c0: ver 2 0 (tinfo 0xb0f833e0)
06-05 21:21:37.697 W/art     ( 9954): Unexpected CPU variant for X86 using defaults: x86
06-05 21:21:37.700 D/ICU     ( 9954): No timezone override file found: /data/misc/zoneinfo/current/icu/icu_tzdata.dat
06-05 21:21:37.708 E/memtrack( 9954): Couldn't load memtrack module (No such file or directory)
06-05 21:21:37.708 E/android.os.Debug( 9954): failed to load memtrack module: -2
06-05 21:21:37.708 I/Radio-JNI( 9954): register_android_hardware_Radio DONE
06-05 21:21:37.711 D/EGL_emulation( 1711): eglMakeCurrent: 0xb0f853c0: ver 2 0 (tinfo 0xb0f833e0)
06-05 21:21:37.713 D/EGL_emulation( 1711): eglMakeCurrent: 0xb0f853c0: ver 2 0 (tinfo 0xb0f833e0)
06-05 21:21:37.714 D/AndroidRuntime( 9954): Calling main entry com.android.commands.am.Am
06-05 21:21:37.716 I/ActivityManager( 1630): Force stopping com.evancharlton.mileage appid=10286 user=0: start instr
06-05 21:21:37.716 I/ActivityManager( 1630): Killing 9902:com.evancharlton.mileage/u0a286 (adj 0): stop com.evancharlton.mileage
06-05 21:21:37.716 D/ActivityManager( 1630): cleanUpApplicationRecord -- 9902
06-05 21:21:37.717 W/ActivityManager( 1630): Crash of app com.evancharlton.mileage running instrumentation ComponentInfo{com.evancharlton.mileage.test/sh.calaba.instrumentationbackend.CalabashInstrumentationTestRunner}
06-05 21:21:37.717 I/ActivityManager( 1630): Force stopping com.evancharlton.mileage appid=10286 user=0: finished inst
06-05 21:21:37.721 I/art     ( 9964): Not late-enabling -Xcheck:jni (already on)
06-05 21:21:37.721 W/art     ( 9964): Unexpected CPU variant for X86 using defaults: x86
06-05 21:21:37.728 I/ActivityManager( 1630): Start proc 9964:com.evancharlton.mileage/u0a286 for added application com.evancharlton.mileage
06-05 21:21:37.728 D/AndroidRuntime( 9954): Shutting down VM
06-05 21:21:37.728 D/EGL_emulation( 1711): eglMakeCurrent: 0xb0f853c0: ver 2 0 (tinfo 0xb0f833e0)
06-05 21:21:37.730 D/EGL_emulation( 1711): eglMakeCurrent: 0xb0f853c0: ver 2 0 (tinfo 0xb0f833e0)
06-05 21:21:37.735 W/System  ( 9964): ClassLoader referenced unknown path: /data/app/com.evancharlton.mileage.test-1/lib/x86
06-05 21:21:37.735 W/System  ( 9964): ClassLoader referenced unknown path: /data/app/com.evancharlton.mileage-1/lib/x86
06-05 21:21:37.737 W/System  ( 9964): ClassLoader referenced unknown path: 
06-05 21:21:37.742 I/System.out( 9964): Main activity name automatically set to: com.evancharlton.mileage.Mileage
06-05 21:21:37.742 I/System.out( 9964): Calabash did not load Mono. This is only a problem if you are trying to test a Mono application
06-05 21:21:37.742 I/calabash( 9964): Test server port: 7102
06-05 21:21:37.743 I/InstrumentationBackend( 9964): Added:'GetPreferences', with key:'get_preferences'
06-05 21:21:37.746 D/EGL_emulation( 1711): eglMakeCurrent: 0xb0f853c0: ver 2 0 (tinfo 0xb0f833e0)
06-05 21:21:37.748 I/InstrumentationBackend( 9964): Added:'SetPreferences', with key:'set_preferences'
06-05 21:21:37.749 I/InstrumentationBackend( 9964): Added:'ClearPreferences', with key:'clear_preferences'
06-05 21:21:37.749 I/InstrumentationBackend( 9964): Added:'PressElement', with key:'press_l10n_element'
06-05 21:21:37.749 I/InstrumentationBackend( 9964): Added:'WaitForElement', with key:'wait_for_l10n_element'
06-05 21:21:37.749 I/InstrumentationBackend( 9964): Added:'NullAction', with key:'nullAction'
06-05 21:21:37.749 I/InstrumentationBackend( 9964): Added:'PressKey', with key:'press_key'
06-05 21:21:37.749 I/InstrumentationBackend( 9964): Added:'SetActivityOrientation', with key:'set_activity_orientation'
06-05 21:21:37.749 I/InstrumentationBackend( 9964): Added:'GetActivityOrientation', with key:'get_activity_orientation'
06-05 21:21:37.749 I/InstrumentationBackend( 9964): Added:'FakeGPSLocation', with key:'set_gps_coordinates'
06-05 21:21:37.749 I/InstrumentationBackend( 9964): Added:'SetPropertyByCssSelector', with key:'set_property_by_css_selector'
06-05 21:21:37.749 I/InstrumentationBackend( 9964): Added:'GetUrl', with key:'get_url'
06-05 21:21:37.749 W/InputDispatcher( 1630): channel '1eb7a2e com.evancharlton.mileage/com.evancharlton.mileage.Mileage (server)' ~ Consumer closed input channel or an error occurred.  events=0x9
06-05 21:21:37.749 E/InputDispatcher( 1630): channel '1eb7a2e com.evancharlton.mileage/com.evancharlton.mileage.Mileage (server)' ~ Channel is unrecoverably broken and will be disposed!
06-05 21:21:37.749 W/InputDispatcher( 1630): channel '8475ddb com.evancharlton.mileage/com.evancharlton.mileage.charts.MaximumPriceChart (server)' ~ Consumer closed input channel or an error occurred.  events=0x9
06-05 21:21:37.749 E/InputDispatcher( 1630): channel '8475ddb com.evancharlton.mileage/com.evancharlton.mileage.charts.MaximumPriceChart (server)' ~ Channel is unrecoverably broken and will be disposed!
06-05 21:21:37.750 I/WindowManager( 1630): WIN DEATH: Window{1eb7a2e u0 com.evancharlton.mileage/com.evancharlton.mileage.Mileage EXITING}
06-05 21:21:37.750 W/InputDispatcher( 1630): Attempted to unregister already unregistered input channel '1eb7a2e com.evancharlton.mileage/com.evancharlton.mileage.Mileage (server)'
06-05 21:21:37.750 D/EGL_emulation( 1711): eglMakeCurrent: 0xb0f853c0: ver 2 0 (tinfo 0xb0f833e0)
06-05 21:21:37.750 I/InstrumentationBackend( 9964): Added:'ScrollTo', with key:'scroll_to'
06-05 21:21:37.750 I/InstrumentationBackend( 9964): Added:'GetLoadProgress', with key:'get_load_progress'
06-05 21:21:37.750 I/InstrumentationBackend( 9964): Added:'DumpHtml', with key:'dump_html'
06-05 21:21:37.750 I/InstrumentationBackend( 9964): Added:'DumpBodyHtml', with key:'dump_body_html'
06-05 21:21:37.750 I/InstrumentationBackend( 9964): Added:'EnterTextByCssSelector', with key:'enter_text_by_selector'
06-05 21:21:37.751 I/InstrumentationBackend( 9964): Added:'AndroidSDKVersion', with key:'android_sdk_version'
06-05 21:21:37.751 I/InstrumentationBackend( 9964): Added:'Version', with key:'version'
06-05 21:21:37.751 I/InstrumentationBackend( 9964): Added:'Drag', with key:'drag'
06-05 21:21:37.751 I/InstrumentationBackend( 9964): Added:'TouchCoordinates', with key:'touch_coordinate'
06-05 21:21:37.751 I/InstrumentationBackend( 9964): Added:'LongPressCoordinate', with key:'long_press_coordinate'
06-05 21:21:37.751 I/InstrumentationBackend( 9964): Added:'DragCoordinates', with key:'drag_coordinates'
06-05 21:21:37.751 I/InstrumentationBackend( 9964): Added:'ResumeApplication', with key:'resume_application'
06-05 21:21:37.751 I/InstrumentationBackend( 9964): Added:'Swipe', with key:'swipe'
06-05 21:21:37.751 I/InstrumentationBackend( 9964): Added:'DoubleTapCoordinate', with key:'double_tap_coordinate'
06-05 21:21:37.751 I/InstrumentationBackend( 9964): Added:'ClickOnScreen', with key:'click_on_screen'
06-05 21:21:37.751 I/InstrumentationBackend( 9964): Added:'GetActivityName', with key:'get_activity_name'
06-05 21:21:37.751 I/InstrumentationBackend( 9964): Added:'ScrollToView', with key:'scroll_to_view'
06-05 21:21:37.751 I/WindowManager( 1630): WIN DEATH: Window{8475ddb u0 com.evancharlton.mileage/com.evancharlton.mileage.charts.MaximumPriceChart}
06-05 21:21:37.751 W/InputDispatcher( 1630): Attempted to unregister already unregistered input channel '8475ddb com.evancharlton.mileage/com.evancharlton.mileage.charts.MaximumPriceChart (server)'
06-05 21:21:37.751 I/WindowManager( 1630): Destroying surface Surface(name=com.evancharlton.mileage/com.evancharlton.mileage.charts.MaximumPriceChart) called by com.android.server.wm.WindowStateAnimator.destroySurface:2016 com.android.server.wm.WindowStateAnimator.destroySurfaceLocked:882 com.android.server.wm.WindowState.removeLocked:1456 com.android.server.wm.WindowManagerService.removeWindowInnerLocked:2484 com.android.server.wm.WindowManagerService.removeWindowLocked:2442 com.android.server.wm.WindowState$DeathRecipient.binderDied:1787 android.os.BinderProxy.sendDeathNotice:688 <bottom of call stack> 
06-05 21:21:37.752 I/InstrumentationBackend( 9964): Added:'ViewConfiguration', with key:'view_configuration'
06-05 21:21:37.752 I/InstrumentationBackend( 9964): Added:'IsCurrentActivityFocused', with key:'is_current_activity_focused'
06-05 21:21:37.752 I/InstrumentationBackend( 9964): Added:'SendTcp', with key:'send_tcp'
06-05 21:21:37.752 I/InstrumentationBackend( 9964): Added:'DpToDevicePixel', with key:'dp_to_device_pixel'
06-05 21:21:37.752 I/InstrumentationBackend( 9964): Added:'KeyboardEnterText', with key:'keyboard_enter_text'
06-05 21:21:37.752 I/InstrumentationBackend( 9964): Added:'DeleteSurroundingText', with key:'delete_surrounding_text'
06-05 21:21:37.752 I/InstrumentationBackend( 9964): Added:'SetComposingRegion', with key:'set_composing_region'
06-05 21:21:37.752 I/InstrumentationBackend( 9964): Added:'SetSelection', with key:'set_selection'
06-05 21:21:37.752 I/InstrumentationBackend( 9964): Added:'KeyboardKeyEvent', with key:'keyboard_key_event'
06-05 21:21:37.752 I/InstrumentationBackend( 9964): Added:'PressUserActionButton', with key:'press_user_action_button'
06-05 21:21:37.753 I/InstrumentationBackend( 9964): Added:'HideSoftKeyboard', with key:'hide_soft_keyboard'
06-05 21:21:37.753 I/InstrumentationBackend( 9964): Added:'ListActions', with key:'list_actions'
06-05 21:21:37.753 I/calabash( 9964): Instantiating http server at 7102
06-05 21:21:37.754 I/System.out( 9964): HTTP Daemon listening on: 7102
06-05 21:21:37.767 D/EGL_emulation( 1711): eglMakeCurrent: 0xb0f853c0: ver 2 0 (tinfo 0xb0f833e0)
06-05 21:21:37.768 D/EGL_emulation( 1711): eglMakeCurrent: 0xb0f853c0: ver 2 0 (tinfo 0xb0f833e0)
06-05 21:21:37.778 D/EGL_emulation( 1711): eglMakeCurrent: 0xb0f853c0: ver 2 0 (tinfo 0xb0f833e0)
06-05 21:21:37.780 D/EGL_emulation( 1711): eglMakeCurrent: 0xb0f853c0: ver 2 0 (tinfo 0xb0f833e0)
06-05 21:21:37.795 D/EGL_emulation( 1711): eglMakeCurrent: 0xb0f853c0: ver 2 0 (tinfo 0xb0f833e0)
06-05 21:21:37.797 D/EGL_emulation( 1711): eglMakeCurrent: 0xb0f853c0: ver 2 0 (tinfo 0xb0f833e0)
06-05 21:21:37.811 D/EGL_emulation( 1711): eglMakeCurrent: 0xb0f853c0: ver 2 0 (tinfo 0xb0f833e0)
06-05 21:21:37.813 D/EGL_emulation( 1711): eglMakeCurrent: 0xb0f853c0: ver 2 0 (tinfo 0xb0f833e0)
06-05 21:21:37.838 I/System.out( 9964): URI: //ping
06-05 21:21:37.839 I/System.out( 9964): params: {json={}
06-05 21:21:37.839 I/System.out( 9964): }
06-05 21:21:37.841 I/System.out( 9964): URI: //ping
06-05 21:21:37.841 I/System.out( 9964): params: {json={}
06-05 21:21:37.841 I/System.out( 9964): }
06-05 21:21:37.844 I/System.out( 9964): URI: //ready
06-05 21:21:37.844 I/System.out( 9964): params: {json={}
06-05 21:21:37.844 I/System.out( 9964): }
06-05 21:21:37.845 D/EGL_emulation( 1711): eglMakeCurrent: 0xb0f853c0: ver 2 0 (tinfo 0xb0f833e0)
06-05 21:21:37.847 I/System.out( 9964): URI: //
06-05 21:21:37.848 I/System.out( 9964): params: {json={"command":"version","arguments":[]}
06-05 21:21:37.848 I/System.out( 9964): }
06-05 21:21:37.848 I/System.out( 9964): header: {content-type=application/json;charset=utf-8, date=Sat, 06 Jun 2020 02:21:38 GMT, accept=*/*, host=127.0.0.1:34777, content-length=36, user-agent=HTTPClient/1.0 (2.8.3, ruby 2.5.1 (2018-03-29))}
06-05 21:21:37.848 I/System.out( 9964): params: {json={"command":"version","arguments":[]}
06-05 21:21:37.848 I/System.out( 9964): }
06-05 21:21:37.848 I/System.out( 9964): ProP json = {"command":"version","arguments":[]}
06-05 21:21:37.848 I/System.out( 9964): files: {}
06-05 21:21:37.848 I/System.out( 9964): command: {"command":"version","arguments":[]}
06-05 21:21:37.848 D/EGL_emulation( 1711): eglMakeCurrent: 0xb0f853c0: ver 2 0 (tinfo 0xb0f833e0)
06-05 21:21:37.851 I/InstrumentationBackend( 9964): Got command:'Command:'Line:null,version', arguments:'[]'
06-05 21:21:37.859 I/System.out( 9964): result:{"bonusInformation":[],"message":"0.9.8","success":true}
06-05 21:21:37.861 D/EGL_emulation( 1711): eglMakeCurrent: 0xb0f853c0: ver 2 0 (tinfo 0xb0f833e0)
06-05 21:21:37.862 I/System.out( 9964): URI: //start-application
06-05 21:21:37.862 I/System.out( 9964): params: {json={"intent":null}
06-05 21:21:37.862 I/System.out( 9964): }
06-05 21:21:37.872 I/ActivityManager( 1630): START u0 {act=android.intent.action.MAIN cat=[android.intent.category.LAUNCHER] flg=0x10200000 cmp=com.evancharlton.mileage/.Mileage} from uid 10286 on display 0
06-05 21:21:37.883 I/calabash( 9964): newActivity1
06-05 21:21:37.892 I/calabash( 9964): newActivity1
06-05 21:21:37.893 W/ActivityManager( 1630): Bad activity token: android.os.BinderProxy@ce7f24a
06-05 21:21:37.893 W/ActivityManager( 1630): java.lang.ClassCastException: android.os.BinderProxy cannot be cast to com.android.server.am.ActivityRecord$Token
06-05 21:21:37.893 W/ActivityManager( 1630): 	at com.android.server.am.ActivityRecord.forTokenLocked(ActivityRecord.java:586)
06-05 21:21:37.893 W/ActivityManager( 1630): 	at com.android.server.am.ActivityRecord.isInStackLocked(ActivityRecord.java:1327)
06-05 21:21:37.893 W/ActivityManager( 1630): 	at com.android.server.am.ActivityRecord.getStackLocked(ActivityRecord.java:1332)
06-05 21:21:37.893 W/ActivityManager( 1630): 	at com.android.server.am.ActivityManagerService.getActivityDisplayId(ActivityManagerService.java:9806)
06-05 21:21:37.893 W/ActivityManager( 1630): 	at android.app.ActivityManagerNative.onTransact(ActivityManagerNative.java:2566)
06-05 21:21:37.893 W/ActivityManager( 1630): 	at com.android.server.am.ActivityManagerService.onTransact(ActivityManagerService.java:2757)
06-05 21:21:37.893 W/ActivityManager( 1630): 	at android.os.Binder.execTransact(Binder.java:565)
06-05 21:21:37.895 D/gralloc_ranchu( 1347): gralloc_alloc: Creating ashmem region of size 9023488
06-05 21:21:37.895 W/ActivityManager( 1630): Bad activity token: android.os.BinderProxy@ce7f24a
06-05 21:21:37.895 W/ActivityManager( 1630): java.lang.ClassCastException: android.os.BinderProxy cannot be cast to com.android.server.am.ActivityRecord$Token
06-05 21:21:37.895 W/ActivityManager( 1630): 	at com.android.server.am.ActivityRecord.forTokenLocked(ActivityRecord.java:586)
06-05 21:21:37.895 W/ActivityManager( 1630): 	at com.android.server.am.ActivityRecord.isInStackLocked(ActivityRecord.java:1327)
06-05 21:21:37.895 W/ActivityManager( 1630): 	at com.android.server.am.ActivityManagerService.setTaskDescription(ActivityManagerService.java:9358)
06-05 21:21:37.895 W/ActivityManager( 1630): 	at android.app.ActivityManagerNative.onTransact(ActivityManagerNative.java:2639)
06-05 21:21:37.895 W/ActivityManager( 1630): 	at com.android.server.am.ActivityManagerService.onTransact(ActivityManagerService.java:2757)
06-05 21:21:37.895 W/ActivityManager( 1630): 	at android.os.Binder.execTransact(Binder.java:565)
06-05 21:21:37.896 W/ActivityManager( 1630): Bad activity token: android.os.BinderProxy@ce7f24a
06-05 21:21:37.896 W/ActivityManager( 1630): java.lang.ClassCastException: android.os.BinderProxy cannot be cast to com.android.server.am.ActivityRecord$Token
06-05 21:21:37.896 W/ActivityManager( 1630): 	at com.android.server.am.ActivityRecord.forTokenLocked(ActivityRecord.java:586)
06-05 21:21:37.896 W/ActivityManager( 1630): 	at com.android.server.am.ActivityRecord.isInStackLocked(ActivityRecord.java:1327)
06-05 21:21:37.896 W/ActivityManager( 1630): 	at com.android.server.am.ActivityRecord.getStackLocked(ActivityRecord.java:1332)
06-05 21:21:37.896 W/ActivityManager( 1630): 	at com.android.server.am.ActivityManagerService.getActivityStackId(ActivityManagerService.java:9817)
06-05 21:21:37.896 W/ActivityManager( 1630): 	at android.app.ActivityManagerNative.onTransact(ActivityManagerNative.java:2856)
06-05 21:21:37.896 W/ActivityManager( 1630): 	at com.android.server.am.ActivityManagerService.onTransact(ActivityManagerService.java:2757)
06-05 21:21:37.896 W/ActivityManager( 1630): 	at android.os.Binder.execTransact(Binder.java:565)
06-05 21:21:37.921 W/ActivityManager( 1630): Bad activity token: android.os.BinderProxy@ce7f24a
06-05 21:21:37.921 W/ActivityManager( 1630): java.lang.ClassCastException: android.os.BinderProxy cannot be cast to com.android.server.am.ActivityRecord$Token
06-05 21:21:37.921 W/ActivityManager( 1630): 	at com.android.server.am.ActivityRecord.forTokenLocked(ActivityRecord.java:586)
06-05 21:21:37.921 W/ActivityManager( 1630): 	at com.android.server.am.ActivityRecord.isInStackLocked(ActivityRecord.java:1327)
06-05 21:21:37.921 W/ActivityManager( 1630): 	at com.android.server.am.ActivityManagerService.getActivityOptions(ActivityManagerService.java:12559)
06-05 21:21:37.921 W/ActivityManager( 1630): 	at android.app.ActivityManagerNative.onTransact(ActivityManagerNative.java:1933)
06-05 21:21:37.921 W/ActivityManager( 1630): 	at com.android.server.am.ActivityManagerService.onTransact(ActivityManagerService.java:2757)
06-05 21:21:37.921 W/ActivityManager( 1630): 	at android.os.Binder.execTransact(Binder.java:565)
06-05 21:21:37.921 W/ActivityManager( 1630): Bad activity token: android.os.BinderProxy@ce7f24a
06-05 21:21:37.921 W/ActivityManager( 1630): java.lang.ClassCastException: android.os.BinderProxy cannot be cast to com.android.server.am.ActivityRecord$Token
06-05 21:21:37.921 W/ActivityManager( 1630): 	at com.android.server.am.ActivityRecord.forTokenLocked(ActivityRecord.java:586)
06-05 21:21:37.921 W/ActivityManager( 1630): 	at com.android.server.am.ActivityRecord.isInStackLocked(ActivityRecord.java:1327)
06-05 21:21:37.921 W/ActivityManager( 1630): 	at com.android.server.am.ActivityManagerService.getActivityOptions(ActivityManagerService.java:12559)
06-05 21:21:37.921 W/ActivityManager( 1630): 	at android.app.ActivityManagerNative.onTransact(ActivityManagerNative.java:1933)
06-05 21:21:37.921 W/ActivityManager( 1630): 	at com.android.server.am.ActivityManagerService.onTransact(ActivityManagerService.java:2757)
06-05 21:21:37.921 W/ActivityManager( 1630): 	at android.os.Binder.execTransact(Binder.java:565)
06-05 21:21:37.935 V/PhoneStatusBar( 1711): setLightsOn(true)
06-05 21:21:37.945 D/EGL_emulation( 2083): eglMakeCurrent: 0xb0f85240: ver 2 0 (tinfo 0xb0f832d0)
06-05 21:21:37.961 D/gralloc_ranchu( 1347): gralloc_alloc: Creating ashmem region of size 9023488
06-05 21:21:37.961 D/EGL_emulation( 1711): eglMakeCurrent: 0xb0f853c0: ver 2 0 (tinfo 0xb0f833e0)
06-05 21:21:37.968 D/EGL_emulation( 1711): eglMakeCurrent: 0xb0f853c0: ver 2 0 (tinfo 0xb0f833e0)
06-05 21:21:37.968 D/        ( 9964): HostConnection::get() New Host Connection established 0xa1b7b4c0, tid 9964
06-05 21:21:38.017 D/EGL_emulation( 1711): eglMakeCurrent: 0xb0f853c0: ver 2 0 (tinfo 0xb0f833e0)
06-05 21:21:38.018 V/PhoneStatusBar( 1711): setLightsOn(true)
06-05 21:21:38.020 D/EGL_emulation( 1711): eglMakeCurrent: 0xb0f853c0: ver 2 0 (tinfo 0xb0f833e0)
06-05 21:21:38.022 D/EGL_emulation( 1711): eglMakeCurrent: 0xb0f853c0: ver 2 0 (tinfo 0xb0f833e0)
06-05 21:21:38.028 D/EGL_emulation( 1711): eglMakeCurrent: 0xb0f853c0: ver 2 0 (tinfo 0xb0f833e0)
06-05 21:21:38.030 D/EGL_emulation( 1711): eglMakeCurrent: 0xb0f853c0: ver 2 0 (tinfo 0xb0f833e0)
06-05 21:21:38.044 D/EGL_emulation( 1711): eglMakeCurrent: 0xb0f853c0: ver 2 0 (tinfo 0xb0f833e0)
06-05 21:21:38.046 D/EGL_emulation( 1711): eglMakeCurrent: 0xb0f853c0: ver 2 0 (tinfo 0xb0f833e0)
06-05 21:21:38.061 D/EGL_emulation( 1711): eglMakeCurrent: 0xb0f853c0: ver 2 0 (tinfo 0xb0f833e0)
06-05 21:21:38.062 D/gralloc_ranchu( 1347): gralloc_alloc: Creating ashmem region of size 9023488
06-05 21:21:38.065 I/WindowManager( 1630): Destroying surface Surface(name=com.evancharlton.mileage/com.evancharlton.mileage.Mileage) called by com.android.server.wm.WindowStateAnimator.destroySurface:2016 com.android.server.wm.WindowStateAnimator.destroySurfaceLocked:882 com.android.server.wm.WindowState.removeLocked:1456 com.android.server.wm.WindowManagerService.removeWindowInnerLocked:2484 com.android.server.wm.AppWindowToken.destroySurfaces:365 com.android.server.wm.WindowStateAnimator.finishExit:565 com.android.server.wm.AppWindowAnimator.stepAnimationLocked:427 com.android.server.wm.WindowAnimator.updateAppWindowsLocked:196 
06-05 21:21:38.078 D/EGL_emulation( 1711): eglMakeCurrent: 0xb0f853c0: ver 2 0 (tinfo 0xb0f833e0)
06-05 21:21:38.079 E/SurfaceFlinger( 1347): getLayerUser(name=0xb461f4a0) is dead
06-05 21:21:38.080 D/EGL_emulation( 1711): eglMakeCurrent: 0xb0f853c0: ver 2 0 (tinfo 0xb0f833e0)
06-05 21:21:38.080 I/ActivityManager( 1630): Displayed com.evancharlton.mileage/.Mileage: +203ms
06-05 21:21:38.082 D/EGL_emulation( 1711): eglMakeCurrent: 0xb0f853c0: ver 2 0 (tinfo 0xb0f833e0)
06-05 21:21:38.082 V/PhoneStatusBar( 1711): setLightsOn(true)
06-05 21:21:38.094 D/EGL_emulation( 1711): eglMakeCurrent: 0xb0f853c0: ver 2 0 (tinfo 0xb0f833e0)
06-05 21:21:38.097 D/EGL_emulation( 1711): eglMakeCurrent: 0xb0f853c0: ver 2 0 (tinfo 0xb0f833e0)
06-05 21:21:38.111 D/EGL_emulation( 1711): eglMakeCurrent: 0xb0f853c0: ver 2 0 (tinfo 0xb0f833e0)
06-05 21:21:38.113 D/EGL_emulation( 1711): eglMakeCurrent: 0xb0f853c0: ver 2 0 (tinfo 0xb0f833e0)
06-05 21:21:38.113 V/PhoneStatusBar( 1711): setLightsOn(true)
06-05 21:21:38.119 I/System.out( 9964): URI: //map
06-05 21:21:38.119 I/System.out( 9964): params: {json={"query":"* marked:'Statistics'","operation":{"method_name":"query","arguments":[]}}
06-05 21:21:38.119 I/System.out( 9964): }
06-05 21:21:38.128 D/EGL_emulation( 1711): eglMakeCurrent: 0xb0f853c0: ver 2 0 (tinfo 0xb0f833e0)
06-05 21:21:38.129 D/EGL_emulation( 1711): eglMakeCurrent: 0xb0f853c0: ver 2 0 (tinfo 0xb0f833e0)
06-05 21:21:38.133 W/ResourceType( 9964): No package identifier when getting name for resource number 0x00000001
06-05 21:21:38.144 D/EGL_emulation( 1711): eglMakeCurrent: 0xb0f853c0: ver 2 0 (tinfo 0xb0f833e0)
06-05 21:21:38.146 D/EGL_emulation( 1711): eglMakeCurrent: 0xb0f853c0: ver 2 0 (tinfo 0xb0f833e0)
06-05 21:21:38.147 I/System.out( 9964): URI: //gesture
06-05 21:21:38.147 I/System.out( 9964): params: {json={"query_timeout":5.0,"gestures":[{"query_string":"* marked:'Statistics'","touches":[{"x":50,"y":50,"offset_x":0,"offset_y":0,"wait":0.0,"time":0.2,"release":true,"query_string":null}]}]}
06-05 21:21:38.147 I/System.out( 9964): }
06-05 21:21:38.153 W/ResourceType( 9964): No package identifier when getting name for resource number 0x00000001
06-05 21:21:38.161 D/EGL_emulation( 1711): eglMakeCurrent: 0xb0f853c0: ver 2 0 (tinfo 0xb0f833e0)
06-05 21:21:38.278 I/WindowManager( 1630): Destroying surface Surface(name=Starting com.evancharlton.mileage) called by com.android.server.wm.WindowStateAnimator.destroySurface:2016 com.android.server.wm.WindowStateAnimator.destroySurfaceLocked:882 com.android.server.wm.WindowState.destroyOrSaveSurface:2100 com.android.server.wm.AppWindowToken.destroySurfaces:363 com.android.server.wm.WindowStateAnimator.finishExit:565 com.android.server.wm.WindowStateAnimator.stepAnimationLocked:491 com.android.server.wm.WindowAnimator.updateWindowsLocked:303 com.android.server.wm.WindowAnimator.animateLocked:704 
06-05 21:21:38.279 V/PhoneStatusBar( 1711): setLightsOn(true)
06-05 21:21:38.311 V/PhoneStatusBar( 1711): setLightsOn(true)
06-05 21:21:38.377 V/PhoneStatusBar( 1711): setLightsOn(true)
06-05 21:21:38.382 I/calabash( 9964): newActivity1
06-05 21:21:38.390 I/System.out( 9964): URI: //map
06-05 21:21:38.390 I/System.out( 9964): params: {json={"query":"android.widget.ScrollView index:0","operation":{"method_name":"query","arguments":[]}}
06-05 21:21:38.390 I/System.out( 9964): }
06-05 21:21:38.398 W/ActivityManager( 1630): Bad activity token: android.os.BinderProxy@ca6ca08
06-05 21:21:38.398 W/ActivityManager( 1630): java.lang.ClassCastException: android.os.BinderProxy cannot be cast to com.android.server.am.ActivityRecord$Token
06-05 21:21:38.398 W/ActivityManager( 1630): 	at com.android.server.am.ActivityRecord.forTokenLocked(ActivityRecord.java:586)
06-05 21:21:38.398 W/ActivityManager( 1630): 	at com.android.server.am.ActivityRecord.isInStackLocked(ActivityRecord.java:1327)
06-05 21:21:38.398 W/ActivityManager( 1630): 	at com.android.server.am.ActivityRecord.getStackLocked(ActivityRecord.java:1332)
06-05 21:21:38.398 W/ActivityManager( 1630): 	at com.android.server.am.ActivityManagerService.getActivityDisplayId(ActivityManagerService.java:9806)
06-05 21:21:38.398 W/ActivityManager( 1630): 	at android.app.ActivityManagerNative.onTransact(ActivityManagerNative.java:2566)
06-05 21:21:38.398 W/ActivityManager( 1630): 	at com.android.server.am.ActivityManagerService.onTransact(ActivityManagerService.java:2757)
06-05 21:21:38.398 W/ActivityManager( 1630): 	at android.os.Binder.execTransact(Binder.java:565)
06-05 21:21:38.400 W/ActivityManager( 1630): Bad activity token: android.os.BinderProxy@ca6ca08
06-05 21:21:38.400 W/ActivityManager( 1630): java.lang.ClassCastException: android.os.BinderProxy cannot be cast to com.android.server.am.ActivityRecord$Token
06-05 21:21:38.400 W/ActivityManager( 1630): 	at com.android.server.am.ActivityRecord.forTokenLocked(ActivityRecord.java:586)
06-05 21:21:38.400 W/ActivityManager( 1630): 	at com.android.server.am.ActivityRecord.isInStackLocked(ActivityRecord.java:1327)
06-05 21:21:38.400 W/ActivityManager( 1630): 	at com.android.server.am.ActivityManagerService.setTaskDescription(ActivityManagerService.java:9358)
06-05 21:21:38.400 W/ActivityManager( 1630): 	at android.app.ActivityManagerNative.onTransact(ActivityManagerNative.java:2639)
06-05 21:21:38.400 W/ActivityManager( 1630): 	at com.android.server.am.ActivityManagerService.onTransact(ActivityManagerService.java:2757)
06-05 21:21:38.400 W/ActivityManager( 1630): 	at android.os.Binder.execTransact(Binder.java:565)
06-05 21:21:38.400 W/ActivityManager( 1630): Bad activity token: android.os.BinderProxy@ca6ca08
06-05 21:21:38.400 W/ActivityManager( 1630): java.lang.ClassCastException: android.os.BinderProxy cannot be cast to com.android.server.am.ActivityRecord$Token
06-05 21:21:38.400 W/ActivityManager( 1630): 	at com.android.server.am.ActivityRecord.forTokenLocked(ActivityRecord.java:586)
06-05 21:21:38.400 W/ActivityManager( 1630): 	at com.android.server.am.ActivityRecord.isInStackLocked(ActivityRecord.java:1327)
06-05 21:21:38.400 W/ActivityManager( 1630): 	at com.android.server.am.ActivityRecord.getStackLocked(ActivityRecord.java:1332)
06-05 21:21:38.400 W/ActivityManager( 1630): 	at com.android.server.am.ActivityManagerService.getActivityStackId(ActivityManagerService.java:9817)
06-05 21:21:38.400 W/ActivityManager( 1630): 	at android.app.ActivityManagerNative.onTransact(ActivityManagerNative.java:2856)
06-05 21:21:38.400 W/ActivityManager( 1630): 	at com.android.server.am.ActivityManagerService.onTransact(ActivityManagerService.java:2757)
06-05 21:21:38.400 W/ActivityManager( 1630): 	at android.os.Binder.execTransact(Binder.java:565)
06-05 21:21:38.405 D/VehicleStatisticsActivity( 9964): Checking recalculation ...
06-05 21:21:38.406 D/VehicleStatisticsActivity( 9964): Recalculation not necessary.
06-05 21:21:38.411 W/ActivityManager( 1630): Bad activity token: android.os.BinderProxy@ca6ca08
06-05 21:21:38.411 W/ActivityManager( 1630): java.lang.ClassCastException: android.os.BinderProxy cannot be cast to com.android.server.am.ActivityRecord$Token
06-05 21:21:38.411 W/ActivityManager( 1630): 	at com.android.server.am.ActivityRecord.forTokenLocked(ActivityRecord.java:586)
06-05 21:21:38.411 W/ActivityManager( 1630): 	at com.android.server.am.ActivityRecord.isInStackLocked(ActivityRecord.java:1327)
06-05 21:21:38.411 W/ActivityManager( 1630): 	at com.android.server.am.ActivityManagerService.getActivityOptions(ActivityManagerService.java:12559)
06-05 21:21:38.411 W/ActivityManager( 1630): 	at android.app.ActivityManagerNative.onTransact(ActivityManagerNative.java:1933)
06-05 21:21:38.411 W/ActivityManager( 1630): 	at com.android.server.am.ActivityManagerService.onTransact(ActivityManagerService.java:2757)
06-05 21:21:38.411 W/ActivityManager( 1630): 	at android.os.Binder.execTransact(Binder.java:565)
06-05 21:21:38.411 W/ActivityManager( 1630): Bad activity token: android.os.BinderProxy@ca6ca08
06-05 21:21:38.411 W/ActivityManager( 1630): java.lang.ClassCastException: android.os.BinderProxy cannot be cast to com.android.server.am.ActivityRecord$Token
06-05 21:21:38.411 W/ActivityManager( 1630): 	at com.android.server.am.ActivityRecord.forTokenLocked(ActivityRecord.java:586)
06-05 21:21:38.411 W/ActivityManager( 1630): 	at com.android.server.am.ActivityRecord.isInStackLocked(ActivityRecord.java:1327)
06-05 21:21:38.411 W/ActivityManager( 1630): 	at com.android.server.am.ActivityManagerService.getActivityOptions(ActivityManagerService.java:12559)
06-05 21:21:38.411 W/ActivityManager( 1630): 	at android.app.ActivityManagerNative.onTransact(ActivityManagerNative.java:1933)
06-05 21:21:38.411 W/ActivityManager( 1630): 	at com.android.server.am.ActivityManagerService.onTransact(ActivityManagerService.java:2757)
06-05 21:21:38.411 W/ActivityManager( 1630): 	at android.os.Binder.execTransact(Binder.java:565)
06-05 21:21:38.413 D/VehicleStatisticsActivity( 9964): Checking recalculation ...
06-05 21:21:38.413 D/VehicleStatisticsActivity( 9964): Recalculation not necessary.
06-05 21:21:38.511 I/System.out( 9964): URI: //map
06-05 21:21:38.511 I/System.out( 9964): params: {json={"query":"android.widget.AbsListView index:0","operation":{"method_name":"query","arguments":[]}}
06-05 21:21:38.511 I/System.out( 9964): }
06-05 21:21:38.516 I/art     ( 9964): Do partial code cache collection, code=30KB, data=29KB
06-05 21:21:38.516 I/art     ( 9964): After code cache collection, code=29KB, data=28KB
06-05 21:21:38.516 I/art     ( 9964): Increasing code cache capacity to 128KB
06-05 21:21:38.527 I/System.out( 9964): URI: //map
06-05 21:21:38.527 I/System.out( 9964): params: {json={"query":"android.widget.AbsListView index:0","operation":{"method_name":"query","arguments":[]}}
06-05 21:21:38.527 I/System.out( 9964): }
06-05 21:21:38.545 I/System.out( 9964): URI: //map
06-05 21:21:38.545 I/System.out( 9964): params: {json={"query":"android.widget.AbsListView index:0","operation":{"method_name":"query","arguments":[]}}
06-05 21:21:38.545 I/System.out( 9964): }
06-05 21:21:38.559 I/System.out( 9964): URI: //map
06-05 21:21:38.559 I/System.out( 9964): params: {json={"query":"android.widget.AbsListView index:0","operation":{"method_name":"query","arguments":["getFirstVisiblePosition"]}}
06-05 21:21:38.559 I/System.out( 9964): }
06-05 21:21:38.571 I/System.out( 9964): URI: //map
06-05 21:21:38.571 I/System.out( 9964): params: {json={"query":"android.widget.AbsListView index:0","operation":{"method_name":"query","arguments":["getLastVisiblePosition"]}}
06-05 21:21:38.571 I/System.out( 9964): }
06-05 21:21:38.585 I/System.out( 9964): URI: //map
06-05 21:21:38.585 I/System.out( 9964): params: {json={"query":"android.widget.AbsListView index:0","operation":{"method_name":"query","arguments":[{"method_name":"setSelection","arguments":[26]}]}}
06-05 21:21:38.585 I/System.out( 9964): }
06-05 21:21:38.603 I/System.out( 9964): URI: //map
06-05 21:21:38.603 I/System.out( 9964): params: {json={"query":"* marked:'Smallest fillup'","operation":{"method_name":"query","arguments":[]}}
06-05 21:21:38.603 I/System.out( 9964): }
06-05 21:21:38.652 D/gralloc_ranchu( 1347): gralloc_alloc: Creating ashmem region of size 9023488
06-05 21:21:38.678 V/PhoneStatusBar( 1711): setLightsOn(true)
06-05 21:21:38.678 W/OpenGLRenderer( 2083): Incorrectly called buildLayer on View: ShortcutAndWidgetContainer, destroying layer...
06-05 21:21:38.679 V/PhoneStatusBar( 1711): setLightsOn(true)
06-05 21:21:38.695 V/PhoneStatusBar( 1711): setLightsOn(true)
06-05 21:21:38.695 W/ResourceType( 9964): No package identifier when getting name for resource number 0x00000001
06-05 21:21:38.695 I/WindowManager( 1630): Destroying surface Surface(name=com.android.launcher3/com.android.launcher3.Launcher) called by com.android.server.wm.WindowStateAnimator.destroySurface:2016 com.android.server.wm.WindowStateAnimator.destroySurfaceLocked:882 com.android.server.wm.WindowState.destroyOrSaveSurface:2100 com.android.server.wm.AppWindowToken.destroySurfaces:363 com.android.server.wm.AppWindowToken.notifyAppStopped:389 com.android.server.wm.WindowManagerService.notifyAppStopped:4463 com.android.server.am.ActivityStack.activityStoppedLocked:1252 com.android.server.am.ActivityManagerService.activityStopped:6903 
06-05 21:21:38.706 I/System.out( 9964): URI: //gesture
06-05 21:21:38.706 I/System.out( 9964): params: {json={"query_timeout":5.0,"gestures":[{"query_string":"* marked:'Smallest fillup'","touches":[{"x":50,"y":50,"offset_x":0,"offset_y":0,"wait":0.0,"time":0.2,"release":true,"query_string":null}]}]}
06-05 21:21:38.706 I/System.out( 9964): }
06-05 21:21:38.710 W/ResourceType( 9964): No package identifier when getting name for resource number 0x00000001
06-05 21:21:38.945 I/ActivityManager( 1630): START u0 {cmp=com.evancharlton.mileage/.charts.MinimumVolumeChart (has extras)} from uid 10286 on display 0
06-05 21:21:38.946 V/PhoneStatusBar( 1711): setLightsOn(true)
06-05 21:21:38.947 V/PhoneStatusBar( 1711): setLightsOn(true)
06-05 21:21:38.956 I/System.out( 9964): URI: //map
06-05 21:21:38.956 I/System.out( 9964): params: {json={"query":"* {text CONTAINS[c] 'Smallest fillup size'}","operation":{"method_name":"query","arguments":[]}}
06-05 21:21:38.956 I/System.out( 9964): }
06-05 21:21:39.001 I/calabash( 9964): newActivity1
06-05 21:21:39.005 W/aiCharts( 9964): License file is invalid or missing. 
06-05 21:21:39.005 W/aiCharts( 9964): Please place proper license.lic to /assets folder.
06-05 21:21:39.019 V/PhoneStatusBar( 1711): setLightsOn(true)
06-05 21:21:39.044 V/PhoneStatusBar( 1711): setLightsOn(true)
06-05 21:21:39.049 I/WindowManager( 1630): Destroying surface Surface(name=Creating chart…) called by com.android.server.wm.WindowStateAnimator.destroySurface:2016 com.android.server.wm.WindowStateAnimator.destroySurfaceLocked:882 com.android.server.wm.WindowState.removeLocked:1456 com.android.server.wm.WindowManagerService.removeWindowInnerLocked:2484 com.android.server.wm.WindowManagerService.removeWindowLocked:2442 com.android.server.wm.WindowManagerService.removeWindowLocked:2311 com.android.server.wm.WindowManagerService.removeWindow:2306 com.android.server.wm.Session.remove:202 
06-05 21:21:39.052 D/gralloc_ranchu( 1347): gralloc_alloc: Creating ashmem region of size 9023488
06-05 21:21:39.061 V/PhoneStatusBar( 1711): setLightsOn(true)
06-05 21:21:39.074 I/ActivityManager( 1630): Displayed com.evancharlton.mileage/.charts.MinimumVolumeChart: +77ms
06-05 21:21:39.077 V/PhoneStatusBar( 1711): setLightsOn(true)
06-05 21:21:39.111 V/PhoneStatusBar( 1711): setLightsOn(true)
06-05 21:21:39.127 V/PhoneStatusBar( 1711): setLightsOn(true)
06-05 21:21:39.313 V/PhoneStatusBar( 1711): setLightsOn(true)
06-05 21:21:39.337 I/System.out( 9964): URI: //map
06-05 21:21:39.337 I/System.out( 9964): params: {json={"query":"* {text CONTAINS[c] 'Smallest fillup size'}","operation":{"method_name":"query","arguments":[]}}
06-05 21:21:39.337 I/System.out( 9964): }
06-05 21:21:39.369 I/System.out( 9964): URI: //
06-05 21:21:39.369 I/System.out( 9964): params: {json={"command":"press_key","arguments":["KEYCODE_BACK"]}
06-05 21:21:39.369 I/System.out( 9964): }
06-05 21:21:39.369 I/System.out( 9964): header: {content-type=application/json;charset=utf-8, date=Sat, 06 Jun 2020 02:21:39 GMT, accept=*/*, host=127.0.0.1:34777, content-length=52, user-agent=HTTPClient/1.0 (2.8.3, ruby 2.5.1 (2018-03-29))}
06-05 21:21:39.369 I/System.out( 9964): params: {json={"command":"press_key","arguments":["KEYCODE_BACK"]}
06-05 21:21:39.369 I/System.out( 9964): }
06-05 21:21:39.369 I/System.out( 9964): ProP json = {"command":"press_key","arguments":["KEYCODE_BACK"]}
06-05 21:21:39.369 I/System.out( 9964): files: {}
06-05 21:21:39.369 I/System.out( 9964): command: {"command":"press_key","arguments":["KEYCODE_BACK"]}
06-05 21:21:39.370 I/InstrumentationBackend( 9964): Got command:'Command:'Line:null,press_key', arguments:'[KEYCODE_BACK]'
06-05 21:21:39.373 V/PhoneStatusBar( 1711): setLightsOn(true)
06-05 21:21:39.376 V/PhoneStatusBar( 1711): setLightsOn(true)
06-05 21:21:39.379 I/art     ( 9964): Do partial code cache collection, code=60KB, data=62KB
06-05 21:21:39.379 I/art     ( 9964): After code cache collection, code=59KB, data=61KB
06-05 21:21:39.379 I/art     ( 9964): Increasing code cache capacity to 256KB
06-05 21:21:39.380 I/System.out( 9964): result:{"bonusInformation":[],"message":"","success":true}
06-05 21:21:39.381 D/VehicleStatisticsActivity( 9964): Checking recalculation ...
06-05 21:21:39.382 D/VehicleStatisticsActivity( 9964): Recalculation not necessary.
06-05 21:21:39.383 I/System.out( 9964): URI: //map
06-05 21:21:39.383 I/System.out( 9964): params: {json={"query":"* {text CONTAINS[c] 'Statistics'}","operation":{"method_name":"query","arguments":[]}}
06-05 21:21:39.383 I/System.out( 9964): }
06-05 21:21:39.394 V/PhoneStatusBar( 1711): setLightsOn(true)
06-05 21:21:39.411 D/gralloc_ranchu( 1347): gralloc_alloc: Creating ashmem region of size 9023488
06-05 21:21:39.411 V/PhoneStatusBar( 1711): setLightsOn(true)
06-05 21:21:39.427 V/PhoneStatusBar( 1711): setLightsOn(true)
06-05 21:21:39.444 V/PhoneStatusBar( 1711): setLightsOn(true)
