--------- beginning of system
06-05 12:38:54.995 W/ActivityManager( 1659): Duplicate finish request for ActivityRecord{791f2f2 u0 com.evancharlton.mileage/.Mileage t168 f}
06-05 12:38:54.995 W/ActivityManager( 1659): Duplicate finish request for ActivityRecord{791f2f2 u0 com.evancharlton.mileage/.Mileage t168 f}
06-05 12:38:54.996 W/ActivityManager( 1659): Duplicate finish request for ActivityRecord{791f2f2 u0 com.evancharlton.mileage/.Mileage t168 f}
06-05 12:38:54.996 W/ActivityManager( 1659): Duplicate finish request for ActivityRecord{791f2f2 u0 com.evancharlton.mileage/.Mileage t168 f}
--------- beginning of main
06-05 12:38:54.996 V/PhoneStatusBar( 1792): setLightsOn(true)
06-05 12:38:54.996 W/ActivityManager( 1659): Duplicate finish request for ActivityRecord{791f2f2 u0 com.evancharlton.mileage/.Mileage t168 f}
06-05 12:38:54.997 I/art     (16510): Compiler allocated 7MB to compile sh.calaba.instrumentationbackend.actions.NanoHTTPD$Response sh.calaba.instrumentationbackend.actions.HttpServer.serve(java.lang.String, java.lang.String, java.util.Properties, java.util.Properties, java.util.Properties)
06-05 12:38:54.997 V/PhoneStatusBar( 1792): setLightsOn(true)
06-05 12:38:54.998 V/PhoneStatusBar( 1792): setLightsOn(true)
06-05 12:38:55.015 D/gralloc_ranchu( 1352): gralloc_alloc: Creating ashmem region of size 3145728
06-05 12:38:55.019 E/EGL_emulation( 1352): tid 1352: eglCreateSyncKHR(1901): error 0x3004 (EGL_BAD_ATTRIBUTE)
06-05 12:38:55.027 W/ActivityManager( 1659): Finishing task with all activities already finished
06-05 12:38:55.027 W/ActivityManager( 1659): Duplicate finish request for ActivityRecord{815299b u0 com.evancharlton.mileage/.VehicleTypeListActivity t168 f}
06-05 12:38:55.047 D/EGL_emulation( 2389): eglMakeCurrent: 0xb1284ec0: ver 2 0 (tinfo 0x98c170c0)
06-05 12:38:55.048 D/EGL_emulation( 1792): eglMakeCurrent: 0x992abea0: ver 2 0 (tinfo 0xa5a6f110)
06-05 12:38:55.063 D/EGL_emulation( 1792): eglMakeCurrent: 0x992abea0: ver 2 0 (tinfo 0xa5a6f110)
06-05 12:38:55.081 D/EGL_emulation( 1792): eglMakeCurrent: 0x992abea0: ver 2 0 (tinfo 0xa5a6f110)
06-05 12:38:55.096 I/WindowManager( 1659): Destroying surface Surface(name=com.evancharlton.mileage/com.evancharlton.mileage.VehicleTypeListActivity) called by com.android.server.wm.WindowStateAnimator.destroySurface:2016 com.android.server.wm.WindowStateAnimator.destroySurfaceLocked:882 com.android.server.wm.WindowState.removeLocked:1456 com.android.server.wm.WindowManagerService.removeWindowInnerLocked:2484 com.android.server.wm.AppWindowToken.destroySurfaces:365 com.android.server.wm.WindowStateAnimator.finishExit:565 com.android.server.wm.WindowStateAnimator.stepAnimationLocked:491 com.android.server.wm.WindowAnimator.updateWindowsLocked:303 
06-05 12:38:55.096 D/EGL_emulation( 1792): eglMakeCurrent: 0x992abea0: ver 2 0 (tinfo 0xa5a6f110)
06-05 12:38:55.098 D/EGL_emulation( 1792): eglMakeCurrent: 0x992abea0: ver 2 0 (tinfo 0xa5a6f110)
06-05 12:38:55.113 D/EGL_emulation( 1792): eglMakeCurrent: 0x992abea0: ver 2 0 (tinfo 0xa5a6f110)
06-05 12:38:55.115 D/EGL_emulation( 1792): eglMakeCurrent: 0x992abea0: ver 2 0 (tinfo 0xa5a6f110)
06-05 12:38:55.126 D/AndroidRuntime(16571): >>>>>> START com.android.internal.os.RuntimeInit uid 2000 <<<<<<
06-05 12:38:55.127 D/AndroidRuntime(16571): CheckJNI is ON
06-05 12:38:55.130 D/EGL_emulation( 1792): eglMakeCurrent: 0x992abea0: ver 2 0 (tinfo 0xa5a6f110)
06-05 12:38:55.134 D/EGL_emulation( 1792): eglMakeCurrent: 0x992abea0: ver 2 0 (tinfo 0xa5a6f110)
06-05 12:38:55.139 W/art     (16571): Unexpected CPU variant for X86 using defaults: x86
06-05 12:38:55.141 D/ICU     (16571): No timezone override file found: /data/misc/zoneinfo/current/icu/icu_tzdata.dat
06-05 12:38:55.146 D/EGL_emulation( 1792): eglMakeCurrent: 0x992abea0: ver 2 0 (tinfo 0xa5a6f110)
06-05 12:38:55.148 D/EGL_emulation( 1792): eglMakeCurrent: 0x992abea0: ver 2 0 (tinfo 0xa5a6f110)
06-05 12:38:55.148 E/memtrack(16571): Couldn't load memtrack module (No such file or directory)
06-05 12:38:55.148 E/android.os.Debug(16571): failed to load memtrack module: -2
06-05 12:38:55.148 I/Radio-JNI(16571): register_android_hardware_Radio DONE
06-05 12:38:55.152 D/AndroidRuntime(16571): Calling main entry com.android.commands.am.Am
06-05 12:38:55.153 I/ActivityManager( 1659): Force stopping com.evancharlton.mileage appid=10082 user=0: start instr
06-05 12:38:55.153 I/ActivityManager( 1659): Killing 16510:com.evancharlton.mileage/u0a82 (adj 0): stop com.evancharlton.mileage
06-05 12:38:55.153 D/ActivityManager( 1659): cleanUpApplicationRecord -- 16510
06-05 12:38:55.155 W/InputDispatcher( 1659): channel '312c477 com.evancharlton.mileage/com.evancharlton.mileage.VehicleTypeListActivity (server)' ~ Consumer closed input channel or an error occurred.  events=0x9
06-05 12:38:55.155 W/ActivityManager( 1659): Crash of app com.evancharlton.mileage running instrumentation ComponentInfo{com.evancharlton.mileage.test/sh.calaba.instrumentationbackend.CalabashInstrumentationTestRunner}
06-05 12:38:55.155 E/InputDispatcher( 1659): channel '312c477 com.evancharlton.mileage/com.evancharlton.mileage.VehicleTypeListActivity (server)' ~ Channel is unrecoverably broken and will be disposed!
06-05 12:38:55.155 I/ActivityManager( 1659): Force stopping com.evancharlton.mileage appid=10082 user=0: finished inst
06-05 12:38:55.155 I/WindowManager( 1659): WIN DEATH: Window{312c477 u0 com.evancharlton.mileage/com.evancharlton.mileage.VehicleTypeListActivity EXITING}
06-05 12:38:55.155 W/InputDispatcher( 1659): Attempted to unregister already unregistered input channel '312c477 com.evancharlton.mileage/com.evancharlton.mileage.VehicleTypeListActivity (server)'
06-05 12:38:55.158 I/art     (16581): Not late-enabling -Xcheck:jni (already on)
06-05 12:38:55.158 W/art     (16581): Unexpected CPU variant for X86 using defaults: x86
06-05 12:38:55.164 D/EGL_emulation( 1792): eglMakeCurrent: 0x992abea0: ver 2 0 (tinfo 0xa5a6f110)
06-05 12:38:55.166 I/ActivityManager( 1659): Start proc 16581:com.evancharlton.mileage/u0a82 for added application com.evancharlton.mileage
06-05 12:38:55.167 D/AndroidRuntime(16571): Shutting down VM
06-05 12:38:55.167 D/EGL_emulation( 1792): eglMakeCurrent: 0x992abea0: ver 2 0 (tinfo 0xa5a6f110)
06-05 12:38:55.171 W/System  (16581): ClassLoader referenced unknown path: /data/app/com.evancharlton.mileage.test-1/lib/x86
06-05 12:38:55.171 W/System  (16581): ClassLoader referenced unknown path: /data/app/com.evancharlton.mileage-1/lib/x86
06-05 12:38:55.173 W/System  (16581): ClassLoader referenced unknown path: 
06-05 12:38:55.176 I/System.out(16581): Main activity name automatically set to: com.evancharlton.mileage.Mileage
06-05 12:38:55.176 I/System.out(16581): Calabash did not load Mono. This is only a problem if you are trying to test a Mono application
06-05 12:38:55.176 I/calabash(16581): Test server port: 7102
06-05 12:38:55.177 I/InstrumentationBackend(16581): Added:'GetPreferences', with key:'get_preferences'
06-05 12:38:55.180 D/EGL_emulation( 1792): eglMakeCurrent: 0x992abea0: ver 2 0 (tinfo 0xa5a6f110)
06-05 12:38:55.180 I/InstrumentationBackend(16581): Added:'SetPreferences', with key:'set_preferences'
06-05 12:38:55.180 I/InstrumentationBackend(16581): Added:'ClearPreferences', with key:'clear_preferences'
06-05 12:38:55.180 I/InstrumentationBackend(16581): Added:'PressElement', with key:'press_l10n_element'
06-05 12:38:55.180 I/InstrumentationBackend(16581): Added:'WaitForElement', with key:'wait_for_l10n_element'
06-05 12:38:55.181 I/InstrumentationBackend(16581): Added:'NullAction', with key:'nullAction'
06-05 12:38:55.181 I/InstrumentationBackend(16581): Added:'PressKey', with key:'press_key'
06-05 12:38:55.181 I/InstrumentationBackend(16581): Added:'SetActivityOrientation', with key:'set_activity_orientation'
06-05 12:38:55.181 I/InstrumentationBackend(16581): Added:'GetActivityOrientation', with key:'get_activity_orientation'
06-05 12:38:55.181 I/InstrumentationBackend(16581): Added:'FakeGPSLocation', with key:'set_gps_coordinates'
06-05 12:38:55.181 I/InstrumentationBackend(16581): Added:'SetPropertyByCssSelector', with key:'set_property_by_css_selector'
06-05 12:38:55.181 I/InstrumentationBackend(16581): Added:'GetUrl', with key:'get_url'
06-05 12:38:55.181 I/InstrumentationBackend(16581): Added:'ScrollTo', with key:'scroll_to'
06-05 12:38:55.181 I/InstrumentationBackend(16581): Added:'GetLoadProgress', with key:'get_load_progress'
06-05 12:38:55.181 I/InstrumentationBackend(16581): Added:'DumpHtml', with key:'dump_html'
06-05 12:38:55.181 I/InstrumentationBackend(16581): Added:'DumpBodyHtml', with key:'dump_body_html'
06-05 12:38:55.181 I/InstrumentationBackend(16581): Added:'EnterTextByCssSelector', with key:'enter_text_by_selector'
06-05 12:38:55.181 D/EGL_emulation( 1792): eglMakeCurrent: 0x992abea0: ver 2 0 (tinfo 0xa5a6f110)
06-05 12:38:55.181 I/InstrumentationBackend(16581): Added:'AndroidSDKVersion', with key:'android_sdk_version'
06-05 12:38:55.181 I/InstrumentationBackend(16581): Added:'Version', with key:'version'
06-05 12:38:55.181 I/InstrumentationBackend(16581): Added:'Drag', with key:'drag'
06-05 12:38:55.181 I/InstrumentationBackend(16581): Added:'TouchCoordinates', with key:'touch_coordinate'
06-05 12:38:55.181 I/InstrumentationBackend(16581): Added:'LongPressCoordinate', with key:'long_press_coordinate'
06-05 12:38:55.181 I/InstrumentationBackend(16581): Added:'DragCoordinates', with key:'drag_coordinates'
06-05 12:38:55.181 I/InstrumentationBackend(16581): Added:'ResumeApplication', with key:'resume_application'
06-05 12:38:55.181 I/InstrumentationBackend(16581): Added:'Swipe', with key:'swipe'
06-05 12:38:55.181 I/InstrumentationBackend(16581): Added:'DoubleTapCoordinate', with key:'double_tap_coordinate'
06-05 12:38:55.182 I/InstrumentationBackend(16581): Added:'ClickOnScreen', with key:'click_on_screen'
06-05 12:38:55.182 I/InstrumentationBackend(16581): Added:'GetActivityName', with key:'get_activity_name'
06-05 12:38:55.182 I/InstrumentationBackend(16581): Added:'ScrollToView', with key:'scroll_to_view'
06-05 12:38:55.182 I/InstrumentationBackend(16581): Added:'ViewConfiguration', with key:'view_configuration'
06-05 12:38:55.182 I/InstrumentationBackend(16581): Added:'IsCurrentActivityFocused', with key:'is_current_activity_focused'
06-05 12:38:55.182 I/InstrumentationBackend(16581): Added:'SendTcp', with key:'send_tcp'
06-05 12:38:55.182 I/InstrumentationBackend(16581): Added:'DpToDevicePixel', with key:'dp_to_device_pixel'
06-05 12:38:55.182 I/InstrumentationBackend(16581): Added:'KeyboardEnterText', with key:'keyboard_enter_text'
06-05 12:38:55.182 I/InstrumentationBackend(16581): Added:'DeleteSurroundingText', with key:'delete_surrounding_text'
06-05 12:38:55.182 I/InstrumentationBackend(16581): Added:'SetComposingRegion', with key:'set_composing_region'
06-05 12:38:55.182 I/InstrumentationBackend(16581): Added:'SetSelection', with key:'set_selection'
06-05 12:38:55.182 I/InstrumentationBackend(16581): Added:'KeyboardKeyEvent', with key:'keyboard_key_event'
06-05 12:38:55.182 I/InstrumentationBackend(16581): Added:'PressUserActionButton', with key:'press_user_action_button'
06-05 12:38:55.182 I/InstrumentationBackend(16581): Added:'HideSoftKeyboard', with key:'hide_soft_keyboard'
06-05 12:38:55.182 I/InstrumentationBackend(16581): Added:'ListActions', with key:'list_actions'
06-05 12:38:55.182 I/calabash(16581): Instantiating http server at 7102
06-05 12:38:55.183 I/System.out(16581): HTTP Daemon listening on: 7102
06-05 12:38:55.196 D/EGL_emulation( 1792): eglMakeCurrent: 0x992abea0: ver 2 0 (tinfo 0xa5a6f110)
06-05 12:38:55.198 D/EGL_emulation( 1792): eglMakeCurrent: 0x992abea0: ver 2 0 (tinfo 0xa5a6f110)
06-05 12:38:55.213 D/EGL_emulation( 1792): eglMakeCurrent: 0x992abea0: ver 2 0 (tinfo 0xa5a6f110)
06-05 12:38:55.215 D/EGL_emulation( 1792): eglMakeCurrent: 0x992abea0: ver 2 0 (tinfo 0xa5a6f110)
06-05 12:38:55.230 D/EGL_emulation( 1792): eglMakeCurrent: 0x992abea0: ver 2 0 (tinfo 0xa5a6f110)
06-05 12:38:55.232 D/EGL_emulation( 1792): eglMakeCurrent: 0x992abea0: ver 2 0 (tinfo 0xa5a6f110)
06-05 12:38:55.248 D/EGL_emulation( 1792): eglMakeCurrent: 0x992abea0: ver 2 0 (tinfo 0xa5a6f110)
06-05 12:38:55.256 D/EGL_emulation( 1792): eglMakeCurrent: 0x992abea0: ver 2 0 (tinfo 0xa5a6f110)
06-05 12:38:55.268 D/EGL_emulation( 1792): eglMakeCurrent: 0x992abea0: ver 2 0 (tinfo 0xa5a6f110)
06-05 12:38:55.279 I/System.out(16581): URI: //ping
06-05 12:38:55.279 I/System.out(16581): params: {json={}
06-05 12:38:55.279 I/System.out(16581): }
06-05 12:38:55.286 I/System.out(16581): URI: //ping
06-05 12:38:55.286 I/System.out(16581): params: {json={}
06-05 12:38:55.286 I/System.out(16581): }
06-05 12:38:55.292 I/System.out(16581): URI: //ready
06-05 12:38:55.292 I/System.out(16581): params: {json={}
06-05 12:38:55.292 I/System.out(16581): }
06-05 12:38:55.298 I/System.out(16581): URI: //
06-05 12:38:55.298 I/System.out(16581): params: {json={"command":"version","arguments":[]}
06-05 12:38:55.298 I/System.out(16581): }
06-05 12:38:55.298 I/System.out(16581): header: {content-type=application/json;charset=utf-8, date=Fri, 05 Jun 2020 17:38:56 GMT, accept=*/*, host=127.0.0.1:34782, content-length=36, user-agent=HTTPClient/1.0 (2.8.3, ruby 2.5.1 (2018-03-29))}
06-05 12:38:55.298 I/System.out(16581): params: {json={"command":"version","arguments":[]}
06-05 12:38:55.298 I/System.out(16581): }
06-05 12:38:55.298 I/System.out(16581): ProP json = {"command":"version","arguments":[]}
06-05 12:38:55.298 I/System.out(16581): files: {}
06-05 12:38:55.298 I/System.out(16581): command: {"command":"version","arguments":[]}
06-05 12:38:55.309 I/InstrumentationBackend(16581): Got command:'Command:'Line:null,version', arguments:'[]'
06-05 12:38:55.325 I/System.out(16581): result:{"bonusInformation":[],"message":"0.9.8","success":true}
06-05 12:38:55.329 I/System.out(16581): URI: //start-application
06-05 12:38:55.329 I/System.out(16581): params: {json={"intent":null}
06-05 12:38:55.329 I/System.out(16581): }
06-05 12:38:55.341 I/ActivityManager( 1659): START u0 {act=android.intent.action.MAIN cat=[android.intent.category.LAUNCHER] flg=0x10200000 cmp=com.evancharlton.mileage/.Mileage} from uid 10082 on display 0
06-05 12:38:55.350 I/calabash(16581): newActivity1
06-05 12:38:55.360 I/calabash(16581): newActivity1
06-05 12:38:55.361 W/ActivityManager( 1659): Bad activity token: android.os.BinderProxy@e158bae
06-05 12:38:55.361 W/ActivityManager( 1659): java.lang.ClassCastException: android.os.BinderProxy cannot be cast to com.android.server.am.ActivityRecord$Token
06-05 12:38:55.361 W/ActivityManager( 1659): 	at com.android.server.am.ActivityRecord.forTokenLocked(ActivityRecord.java:586)
06-05 12:38:55.361 W/ActivityManager( 1659): 	at com.android.server.am.ActivityRecord.isInStackLocked(ActivityRecord.java:1327)
06-05 12:38:55.361 W/ActivityManager( 1659): 	at com.android.server.am.ActivityRecord.getStackLocked(ActivityRecord.java:1332)
06-05 12:38:55.361 W/ActivityManager( 1659): 	at com.android.server.am.ActivityManagerService.getActivityDisplayId(ActivityManagerService.java:9806)
06-05 12:38:55.361 W/ActivityManager( 1659): 	at android.app.ActivityManagerNative.onTransact(ActivityManagerNative.java:2566)
06-05 12:38:55.361 W/ActivityManager( 1659): 	at com.android.server.am.ActivityManagerService.onTransact(ActivityManagerService.java:2757)
06-05 12:38:55.361 W/ActivityManager( 1659): 	at android.os.Binder.execTransact(Binder.java:565)
06-05 12:38:55.362 W/ActivityManager( 1659): Bad activity token: android.os.BinderProxy@e158bae
06-05 12:38:55.362 W/ActivityManager( 1659): java.lang.ClassCastException: android.os.BinderProxy cannot be cast to com.android.server.am.ActivityRecord$Token
06-05 12:38:55.362 W/ActivityManager( 1659): 	at com.android.server.am.ActivityRecord.forTokenLocked(ActivityRecord.java:586)
06-05 12:38:55.362 W/ActivityManager( 1659): 	at com.android.server.am.ActivityRecord.isInStackLocked(ActivityRecord.java:1327)
06-05 12:38:55.362 W/ActivityManager( 1659): 	at com.android.server.am.ActivityManagerService.setTaskDescription(ActivityManagerService.java:9358)
06-05 12:38:55.362 W/ActivityManager( 1659): 	at android.app.ActivityManagerNative.onTransact(ActivityManagerNative.java:2639)
06-05 12:38:55.362 W/ActivityManager( 1659): 	at com.android.server.am.ActivityManagerService.onTransact(ActivityManagerService.java:2757)
06-05 12:38:55.362 W/ActivityManager( 1659): 	at android.os.Binder.execTransact(Binder.java:565)
06-05 12:38:55.362 W/ActivityManager( 1659): Bad activity token: android.os.BinderProxy@e158bae
06-05 12:38:55.362 W/ActivityManager( 1659): java.lang.ClassCastException: android.os.BinderProxy cannot be cast to com.android.server.am.ActivityRecord$Token
06-05 12:38:55.362 W/ActivityManager( 1659): 	at com.android.server.am.ActivityRecord.forTokenLocked(ActivityRecord.java:586)
06-05 12:38:55.362 W/ActivityManager( 1659): 	at com.android.server.am.ActivityRecord.isInStackLocked(ActivityRecord.java:1327)
06-05 12:38:55.362 W/ActivityManager( 1659): 	at com.android.server.am.ActivityRecord.getStackLocked(ActivityRecord.java:1332)
06-05 12:38:55.362 W/ActivityManager( 1659): 	at com.android.server.am.ActivityManagerService.getActivityStackId(ActivityManagerService.java:9817)
06-05 12:38:55.362 W/ActivityManager( 1659): 	at android.app.ActivityManagerNative.onTransact(ActivityManagerNative.java:2856)
06-05 12:38:55.362 W/ActivityManager( 1659): 	at com.android.server.am.ActivityManagerService.onTransact(ActivityManagerService.java:2757)
06-05 12:38:55.362 W/ActivityManager( 1659): 	at android.os.Binder.execTransact(Binder.java:565)
06-05 12:38:55.363 D/gralloc_ranchu( 1352): gralloc_alloc: Creating ashmem region of size 9023488
06-05 12:38:55.378 W/ActivityManager( 1659): Bad activity token: android.os.BinderProxy@e158bae
06-05 12:38:55.378 W/ActivityManager( 1659): java.lang.ClassCastException: android.os.BinderProxy cannot be cast to com.android.server.am.ActivityRecord$Token
06-05 12:38:55.378 W/ActivityManager( 1659): 	at com.android.server.am.ActivityRecord.forTokenLocked(ActivityRecord.java:586)
06-05 12:38:55.378 W/ActivityManager( 1659): 	at com.android.server.am.ActivityRecord.isInStackLocked(ActivityRecord.java:1327)
06-05 12:38:55.378 W/ActivityManager( 1659): 	at com.android.server.am.ActivityManagerService.getActivityOptions(ActivityManagerService.java:12559)
06-05 12:38:55.378 W/ActivityManager( 1659): 	at android.app.ActivityManagerNative.onTransact(ActivityManagerNative.java:1933)
06-05 12:38:55.378 W/ActivityManager( 1659): 	at com.android.server.am.ActivityManagerService.onTransact(ActivityManagerService.java:2757)
06-05 12:38:55.378 W/ActivityManager( 1659): 	at android.os.Binder.execTransact(Binder.java:565)
06-05 12:38:55.379 W/ActivityManager( 1659): Bad activity token: android.os.BinderProxy@e158bae
06-05 12:38:55.379 W/ActivityManager( 1659): java.lang.ClassCastException: android.os.BinderProxy cannot be cast to com.android.server.am.ActivityRecord$Token
06-05 12:38:55.379 W/ActivityManager( 1659): 	at com.android.server.am.ActivityRecord.forTokenLocked(ActivityRecord.java:586)
06-05 12:38:55.379 W/ActivityManager( 1659): 	at com.android.server.am.ActivityRecord.isInStackLocked(ActivityRecord.java:1327)
06-05 12:38:55.379 W/ActivityManager( 1659): 	at com.android.server.am.ActivityManagerService.getActivityOptions(ActivityManagerService.java:12559)
06-05 12:38:55.379 W/ActivityManager( 1659): 	at android.app.ActivityManagerNative.onTransact(ActivityManagerNative.java:1933)
06-05 12:38:55.379 W/ActivityManager( 1659): 	at com.android.server.am.ActivityManagerService.onTransact(ActivityManagerService.java:2757)
06-05 12:38:55.379 W/ActivityManager( 1659): 	at android.os.Binder.execTransact(Binder.java:565)
06-05 12:38:55.390 V/PhoneStatusBar( 1792): setLightsOn(true)
06-05 12:38:55.399 D/EGL_emulation( 2389): eglMakeCurrent: 0xb1284ec0: ver 2 0 (tinfo 0x98c170c0)
06-05 12:38:55.404 D/EGL_emulation( 1792): eglMakeCurrent: 0x992abea0: ver 2 0 (tinfo 0xa5a6f110)
06-05 12:38:55.414 D/EGL_emulation( 1792): eglMakeCurrent: 0x992abea0: ver 2 0 (tinfo 0xa5a6f110)
06-05 12:38:55.422 D/EGL_emulation( 1792): eglMakeCurrent: 0x992abea0: ver 2 0 (tinfo 0xa5a6f110)
06-05 12:38:55.425 D/gralloc_ranchu( 1352): gralloc_alloc: Creating ashmem region of size 9023488
06-05 12:38:55.435 D/EGL_emulation( 1792): eglMakeCurrent: 0x992abea0: ver 2 0 (tinfo 0xa5a6f110)
06-05 12:38:55.437 D/        (16581): HostConnection::get() New Host Connection established 0x99faa440, tid 16581
06-05 12:38:55.442 D/EGL_emulation( 1792): eglMakeCurrent: 0x992abea0: ver 2 0 (tinfo 0xa5a6f110)
06-05 12:38:55.443 V/PhoneStatusBar( 1792): setLightsOn(true)
06-05 12:38:55.484 I/WindowManager( 1659): Destroying surface Surface(name=com.evancharlton.mileage/com.evancharlton.mileage.VehicleTypeListActivity) called by com.android.server.wm.WindowStateAnimator.destroySurface:2016 com.android.server.wm.WindowStateAnimator.destroySurfaceLocked:882 com.android.server.wm.WindowState.destroyOrSaveSurface:2100 com.android.server.wm.AppWindowToken.destroySurfaces:363 com.android.server.wm.WindowStateAnimator.finishExit:565 com.android.server.wm.AppWindowAnimator.stepAnimationLocked:427 com.android.server.wm.WindowAnimator.updateAppWindowsLocked:196 com.android.server.wm.WindowAnimator.animateLocked:678 
06-05 12:38:55.484 D/EGL_emulation( 1792): eglMakeCurrent: 0x992abea0: ver 2 0 (tinfo 0xa5a6f110)
06-05 12:38:55.486 D/EGL_emulation( 1792): eglMakeCurrent: 0x992abea0: ver 2 0 (tinfo 0xa5a6f110)
06-05 12:38:55.498 D/EGL_emulation( 1792): eglMakeCurrent: 0x992abea0: ver 2 0 (tinfo 0xa5a6f110)
06-05 12:38:55.500 D/EGL_emulation( 1792): eglMakeCurrent: 0x992abea0: ver 2 0 (tinfo 0xa5a6f110)
06-05 12:38:55.501 V/PhoneStatusBar( 1792): setLightsOn(true)
06-05 12:38:55.515 D/EGL_emulation( 1792): eglMakeCurrent: 0x992abea0: ver 2 0 (tinfo 0xa5a6f110)
06-05 12:38:55.516 D/gralloc_ranchu( 1352): gralloc_alloc: Creating ashmem region of size 9023488
06-05 12:38:55.546 D/EGL_emulation( 1792): eglMakeCurrent: 0x992abea0: ver 2 0 (tinfo 0xa5a6f110)
06-05 12:38:55.553 I/ActivityManager( 1659): Displayed com.evancharlton.mileage/.Mileage: +209ms
06-05 12:38:55.553 D/EGL_emulation( 1792): eglMakeCurrent: 0x992abea0: ver 2 0 (tinfo 0xa5a6f110)
06-05 12:38:55.561 D/EGL_emulation( 1792): eglMakeCurrent: 0x992abea0: ver 2 0 (tinfo 0xa5a6f110)
06-05 12:38:55.563 V/PhoneStatusBar( 1792): setLightsOn(true)
06-05 12:38:55.580 D/EGL_emulation( 1792): eglMakeCurrent: 0x992abea0: ver 2 0 (tinfo 0xa5a6f110)
06-05 12:38:55.589 D/EGL_emulation( 1792): eglMakeCurrent: 0x992abea0: ver 2 0 (tinfo 0xa5a6f110)
06-05 12:38:55.594 D/EGL_emulation( 1792): eglMakeCurrent: 0x992abea0: ver 2 0 (tinfo 0xa5a6f110)
06-05 12:38:55.600 D/EGL_emulation( 1792): eglMakeCurrent: 0x992abea0: ver 2 0 (tinfo 0xa5a6f110)
06-05 12:38:55.601 V/PhoneStatusBar( 1792): setLightsOn(true)
06-05 12:38:55.614 D/EGL_emulation( 1792): eglMakeCurrent: 0x992abea0: ver 2 0 (tinfo 0xa5a6f110)
06-05 12:38:55.629 I/System.out(16581): URI: //map
06-05 12:38:55.630 I/System.out(16581): params: {json={"query":"* marked:'Vehicles'","operation":{"method_name":"query","arguments":[]}}
06-05 12:38:55.630 I/System.out(16581): }
06-05 12:38:55.653 W/ResourceType(16581): No package identifier when getting name for resource number 0x00000001
06-05 12:38:55.668 I/System.out(16581): URI: //gesture
06-05 12:38:55.668 I/System.out(16581): params: {json={"query_timeout":5.0,"gestures":[{"query_string":"* marked:'Vehicles'","touches":[{"x":50,"y":50,"offset_x":0,"offset_y":0,"wait":0.0,"time":0.2,"release":true,"query_string":null}]}]}
06-05 12:38:55.668 I/System.out(16581): }
06-05 12:38:55.672 W/ResourceType(16581): No package identifier when getting name for resource number 0x00000001
06-05 12:38:55.763 I/WindowManager( 1659): Destroying surface Surface(name=Starting com.evancharlton.mileage) called by com.android.server.wm.WindowStateAnimator.destroySurface:2016 com.android.server.wm.WindowStateAnimator.destroySurfaceLocked:882 com.android.server.wm.WindowState.destroyOrSaveSurface:2100 com.android.server.wm.AppWindowToken.destroySurfaces:363 com.android.server.wm.WindowStateAnimator.finishExit:565 com.android.server.wm.WindowStateAnimator.stepAnimationLocked:491 com.android.server.wm.WindowAnimator.updateWindowsLocked:303 com.android.server.wm.WindowAnimator.animateLocked:704 
06-05 12:38:55.768 V/PhoneStatusBar( 1792): setLightsOn(true)
06-05 12:38:55.771 V/PhoneStatusBar( 1792): setLightsOn(true)
06-05 12:38:55.832 V/PhoneStatusBar( 1792): setLightsOn(true)
06-05 12:38:55.903 I/calabash(16581): newActivity1
06-05 12:38:55.904 W/ActivityManager( 1659): Bad activity token: android.os.BinderProxy@363650c
06-05 12:38:55.904 W/ActivityManager( 1659): java.lang.ClassCastException: android.os.BinderProxy cannot be cast to com.android.server.am.ActivityRecord$Token
06-05 12:38:55.904 W/ActivityManager( 1659): 	at com.android.server.am.ActivityRecord.forTokenLocked(ActivityRecord.java:586)
06-05 12:38:55.904 W/ActivityManager( 1659): 	at com.android.server.am.ActivityRecord.isInStackLocked(ActivityRecord.java:1327)
06-05 12:38:55.904 W/ActivityManager( 1659): 	at com.android.server.am.ActivityRecord.getStackLocked(ActivityRecord.java:1332)
06-05 12:38:55.904 W/ActivityManager( 1659): 	at com.android.server.am.ActivityManagerService.getActivityDisplayId(ActivityManagerService.java:9806)
06-05 12:38:55.904 W/ActivityManager( 1659): 	at android.app.ActivityManagerNative.onTransact(ActivityManagerNative.java:2566)
06-05 12:38:55.904 W/ActivityManager( 1659): 	at com.android.server.am.ActivityManagerService.onTransact(ActivityManagerService.java:2757)
06-05 12:38:55.904 W/ActivityManager( 1659): 	at android.os.Binder.execTransact(Binder.java:565)
06-05 12:38:55.908 W/ActivityManager( 1659): Bad activity token: android.os.BinderProxy@363650c
06-05 12:38:55.908 W/ActivityManager( 1659): java.lang.ClassCastException: android.os.BinderProxy cannot be cast to com.android.server.am.ActivityRecord$Token
06-05 12:38:55.908 W/ActivityManager( 1659): 	at com.android.server.am.ActivityRecord.forTokenLocked(ActivityRecord.java:586)
06-05 12:38:55.908 W/ActivityManager( 1659): 	at com.android.server.am.ActivityRecord.isInStackLocked(ActivityRecord.java:1327)
06-05 12:38:55.908 W/ActivityManager( 1659): 	at com.android.server.am.ActivityManagerService.setTaskDescription(ActivityManagerService.java:9358)
06-05 12:38:55.908 W/ActivityManager( 1659): 	at android.app.ActivityManagerNative.onTransact(ActivityManagerNative.java:2639)
06-05 12:38:55.908 W/ActivityManager( 1659): 	at com.android.server.am.ActivityManagerService.onTransact(ActivityManagerService.java:2757)
06-05 12:38:55.908 W/ActivityManager( 1659): 	at android.os.Binder.execTransact(Binder.java:565)
06-05 12:38:55.909 W/ActivityManager( 1659): Bad activity token: android.os.BinderProxy@363650c
06-05 12:38:55.909 W/ActivityManager( 1659): java.lang.ClassCastException: android.os.BinderProxy cannot be cast to com.android.server.am.ActivityRecord$Token
06-05 12:38:55.909 W/ActivityManager( 1659): 	at com.android.server.am.ActivityRecord.forTokenLocked(ActivityRecord.java:586)
06-05 12:38:55.909 W/ActivityManager( 1659): 	at com.android.server.am.ActivityRecord.isInStackLocked(ActivityRecord.java:1327)
06-05 12:38:55.909 W/ActivityManager( 1659): 	at com.android.server.am.ActivityRecord.getStackLocked(ActivityRecord.java:1332)
06-05 12:38:55.909 W/ActivityManager( 1659): 	at com.android.server.am.ActivityManagerService.getActivityStackId(ActivityManagerService.java:9817)
06-05 12:38:55.909 W/ActivityManager( 1659): 	at android.app.ActivityManagerNative.onTransact(ActivityManagerNative.java:2856)
06-05 12:38:55.909 W/ActivityManager( 1659): 	at com.android.server.am.ActivityManagerService.onTransact(ActivityManagerService.java:2757)
06-05 12:38:55.909 W/ActivityManager( 1659): 	at android.os.Binder.execTransact(Binder.java:565)
06-05 12:38:55.921 W/ActivityManager( 1659): Bad activity token: android.os.BinderProxy@363650c
06-05 12:38:55.921 W/ActivityManager( 1659): java.lang.ClassCastException: android.os.BinderProxy cannot be cast to com.android.server.am.ActivityRecord$Token
06-05 12:38:55.921 W/ActivityManager( 1659): 	at com.android.server.am.ActivityRecord.forTokenLocked(ActivityRecord.java:586)
06-05 12:38:55.921 W/ActivityManager( 1659): 	at com.android.server.am.ActivityRecord.isInStackLocked(ActivityRecord.java:1327)
06-05 12:38:55.921 W/ActivityManager( 1659): 	at com.android.server.am.ActivityManagerService.getActivityOptions(ActivityManagerService.java:12559)
06-05 12:38:55.921 W/ActivityManager( 1659): 	at android.app.ActivityManagerNative.onTransact(ActivityManagerNative.java:1933)
06-05 12:38:55.921 W/ActivityManager( 1659): 	at com.android.server.am.ActivityManagerService.onTransact(ActivityManagerService.java:2757)
06-05 12:38:55.921 W/ActivityManager( 1659): 	at android.os.Binder.execTransact(Binder.java:565)
06-05 12:38:55.922 W/ActivityManager( 1659): Bad activity token: android.os.BinderProxy@363650c
06-05 12:38:55.922 W/ActivityManager( 1659): java.lang.ClassCastException: android.os.BinderProxy cannot be cast to com.android.server.am.ActivityRecord$Token
06-05 12:38:55.922 W/ActivityManager( 1659): 	at com.android.server.am.ActivityRecord.forTokenLocked(ActivityRecord.java:586)
06-05 12:38:55.922 W/ActivityManager( 1659): 	at com.android.server.am.ActivityRecord.isInStackLocked(ActivityRecord.java:1327)
06-05 12:38:55.922 W/ActivityManager( 1659): 	at com.android.server.am.ActivityManagerService.getActivityOptions(ActivityManagerService.java:12559)
06-05 12:38:55.922 W/ActivityManager( 1659): 	at android.app.ActivityManagerNative.onTransact(ActivityManagerNative.java:1933)
06-05 12:38:55.922 W/ActivityManager( 1659): 	at com.android.server.am.ActivityManagerService.onTransact(ActivityManagerService.java:2757)
06-05 12:38:55.922 W/ActivityManager( 1659): 	at android.os.Binder.execTransact(Binder.java:565)
06-05 12:38:56.131 V/PhoneStatusBar( 1792): setLightsOn(true)
06-05 12:38:56.133 V/PhoneStatusBar( 1792): setLightsOn(true)
06-05 12:38:56.135 W/OpenGLRenderer( 2389): Incorrectly called buildLayer on View: ShortcutAndWidgetContainer, destroying layer...
06-05 12:38:56.148 V/PhoneStatusBar( 1792): setLightsOn(true)
06-05 12:38:56.149 I/WindowManager( 1659): Destroying surface Surface(name=com.android.launcher3/com.android.launcher3.Launcher) called by com.android.server.wm.WindowStateAnimator.destroySurface:2016 com.android.server.wm.WindowStateAnimator.destroySurfaceLocked:882 com.android.server.wm.WindowState.destroyOrSaveSurface:2100 com.android.server.wm.AppWindowToken.destroySurfaces:363 com.android.server.wm.AppWindowToken.notifyAppStopped:389 com.android.server.wm.WindowManagerService.notifyAppStopped:4463 com.android.server.am.ActivityStack.activityStoppedLocked:1252 com.android.server.am.ActivityManagerService.activityStopped:6903 
06-05 12:38:56.938 I/System.out(16581): URI: //
06-05 12:38:56.938 I/System.out(16581): params: {json={"command":"press_key","arguments":["KEYCODE_MENU"]}
06-05 12:38:56.938 I/System.out(16581): }
06-05 12:38:56.938 I/System.out(16581): header: {content-type=application/json;charset=utf-8, date=Fri, 05 Jun 2020 17:38:57 GMT, accept=*/*, host=127.0.0.1:34782, content-length=52, user-agent=HTTPClient/1.0 (2.8.3, ruby 2.5.1 (2018-03-29))}
06-05 12:38:56.938 I/System.out(16581): params: {json={"command":"press_key","arguments":["KEYCODE_MENU"]}
06-05 12:38:56.938 I/System.out(16581): }
06-05 12:38:56.938 I/System.out(16581): ProP json = {"command":"press_key","arguments":["KEYCODE_MENU"]}
06-05 12:38:56.938 I/System.out(16581): files: {}
06-05 12:38:56.938 I/System.out(16581): command: {"command":"press_key","arguments":["KEYCODE_MENU"]}
06-05 12:38:56.942 I/InstrumentationBackend(16581): Got command:'Command:'Line:null,press_key', arguments:'[KEYCODE_MENU]'
06-05 12:38:56.974 V/PhoneStatusBar( 1792): setLightsOn(true)
06-05 12:38:56.983 V/PhoneStatusBar( 1792): setLightsOn(true)
06-05 12:38:56.984 I/System.out(16581): result:{"bonusInformation":[],"message":"","success":true}
06-05 12:38:56.987 I/System.out(16581): URI: //map
06-05 12:38:56.987 I/System.out(16581): params: {json={"query":"* marked:'Add new vehicle'","operation":{"method_name":"query","arguments":[]}}
06-05 12:38:56.987 I/System.out(16581): }
06-05 12:38:56.998 V/PhoneStatusBar( 1792): setLightsOn(true)
06-05 12:38:57.016 V/PhoneStatusBar( 1792): setLightsOn(true)
06-05 12:38:57.019 D/gralloc_ranchu( 1352): gralloc_alloc: Creating ashmem region of size 1720320
06-05 12:38:57.040 V/PhoneStatusBar( 1792): setLightsOn(true)
06-05 12:38:57.041 V/PhoneStatusBar( 1792): setLightsOn(true)
06-05 12:38:57.043 W/ResourceType(16581): No package identifier when getting name for resource number 0x00000001
06-05 12:38:57.047 V/PhoneStatusBar( 1792): setLightsOn(true)
06-05 12:38:57.066 I/System.out(16581): URI: //gesture
06-05 12:38:57.066 I/System.out(16581): params: {json={"query_timeout":5.0,"gestures":[{"query_string":"* marked:'Add new vehicle'","touches":[{"x":50,"y":50,"offset_x":0,"offset_y":0,"wait":0.0,"time":0.2,"release":true,"query_string":null}]}]}
06-05 12:38:57.066 I/System.out(16581): }
06-05 12:38:57.073 W/ResourceType(16581): No package identifier when getting name for resource number 0x00000001
06-05 12:38:57.197 D/gralloc_ranchu( 1352): gralloc_alloc: Creating ashmem region of size 9023488
06-05 12:38:57.283 V/PhoneStatusBar( 1792): setLightsOn(true)
06-05 12:38:57.303 D/gralloc_ranchu( 1352): gralloc_alloc: Creating ashmem region of size 1720320
06-05 12:38:57.408 I/art     (16581): Do partial code cache collection, code=30KB, data=29KB
06-05 12:38:57.409 I/art     (16581): After code cache collection, code=29KB, data=29KB
06-05 12:38:57.409 I/art     (16581): Increasing code cache capacity to 128KB
06-05 12:38:57.423 I/System.out(16581): URI: //gesture
06-05 12:38:57.423 I/System.out(16581): params: {json={"query_timeout":5.0,"gestures":[{"query_string":"android.widget.EditText index:0","touches":[{"x":50,"y":50,"offset_x":0,"offset_y":0,"wait":0.0,"time":0.2,"release":true,"query_string":null}]}]}
06-05 12:38:57.423 I/System.out(16581): }
06-05 12:38:57.439 I/ActivityManager( 1659): START u0 {cmp=com.evancharlton.mileage/.VehicleActivity} from uid 10082 on display 0
06-05 12:38:57.441 V/PhoneStatusBar( 1792): setLightsOn(true)
06-05 12:38:57.443 V/PhoneStatusBar( 1792): setLightsOn(true)
06-05 12:38:57.451 I/WindowManager( 1659): Destroying surface Surface(name=AtchDlg:com.evancharlton.mileage/com.evancharlton.mileage.VehicleListActivity) called by com.android.server.wm.WindowStateAnimator.destroySurface:2016 com.android.server.wm.WindowStateAnimator.destroySurfaceLocked:882 com.android.server.wm.WindowState.removeLocked:1456 com.android.server.wm.WindowManagerService.removeWindowInnerLocked:2484 com.android.server.wm.WindowManagerService.removeWindowLocked:2442 com.android.server.wm.WindowManagerService.removeWindowLocked:2311 com.android.server.wm.WindowManagerService.removeWindow:2306 com.android.server.wm.Session.remove:202 
06-05 12:38:57.452 I/calabash(16581): newActivity1
06-05 12:38:57.496 V/PhoneStatusBar( 1792): setLightsOn(true)
06-05 12:38:57.502 D/gralloc_ranchu( 1352): gralloc_alloc: Creating ashmem region of size 9023488
06-05 12:38:57.513 V/PhoneStatusBar( 1792): setLightsOn(true)
06-05 12:38:57.541 W/InputMethodService( 1755): Window size has been changed. This may cause jankiness of resizing window: -1 -> -2
06-05 12:38:57.541 I/ActivityManager( 1659): Displayed com.evancharlton.mileage/.VehicleActivity: +96ms
06-05 12:38:57.546 D/gralloc_ranchu( 1352): gralloc_alloc: Creating ashmem region of size 9023488
06-05 12:38:57.547 V/PhoneStatusBar( 1792): setLightsOn(true)
06-05 12:38:57.553 I/LatinIME( 1755): Starting input. Cursor position = 0,0
06-05 12:38:57.580 V/PhoneStatusBar( 1792): setLightsOn(true)
06-05 12:38:57.630 V/PhoneStatusBar( 1792): setLightsOn(true)
06-05 12:38:57.647 V/PhoneStatusBar( 1792): setLightsOn(true)
06-05 12:38:57.665 D/EGL_emulation( 1792): eglMakeCurrent: 0x992abea0: ver 2 0 (tinfo 0xa5a6f110)
06-05 12:38:57.666 V/PhoneStatusBar( 1792): setLightsOn(true)
06-05 12:38:57.681 D/EGL_emulation( 1792): eglMakeCurrent: 0x992abea0: ver 2 0 (tinfo 0xa5a6f110)
06-05 12:38:57.682 D/EGL_emulation( 1755): eglMakeCurrent: 0xb4f05720: ver 2 0 (tinfo 0xb4f03480)
06-05 12:38:57.696 V/PhoneStatusBar( 1792): setLightsOn(true)
06-05 12:38:57.713 V/PhoneStatusBar( 1792): setLightsOn(true)
06-05 12:38:57.781 V/PhoneStatusBar( 1792): setLightsOn(true)
06-05 12:38:57.898 V/PhoneStatusBar( 1792): setLightsOn(true)
06-05 12:38:57.900 V/PhoneStatusBar( 1792): setLightsOn(true)
06-05 12:38:57.915 V/PhoneStatusBar( 1792): setLightsOn(true)
06-05 12:38:57.916 I/WindowManager( 1659): Destroying surface Surface(name=com.evancharlton.mileage/com.evancharlton.mileage.Mileage) called by com.android.server.wm.WindowStateAnimator.destroySurface:2016 com.android.server.wm.WindowStateAnimator.destroySurfaceLocked:882 com.android.server.wm.WindowState.destroyOrSaveSurface:2100 com.android.server.wm.WindowManagerService.tryStartExitingAnimation:3024 com.android.server.wm.WindowManagerService.relayoutWindow:2904 com.android.server.wm.Session.relayout:224 android.view.IWindowSession$Stub.onTransact:286 com.android.server.wm.Session.onTransact:145 
06-05 12:38:57.918 V/PhoneStatusBar( 1792): setLightsOn(true)
06-05 12:38:58.728 I/System.out(16581): URI: //
06-05 12:38:58.728 I/System.out(16581): params: {json={"command":"set_selection","arguments":[-1,-1]}
06-05 12:38:58.728 I/System.out(16581): }
06-05 12:38:58.728 I/System.out(16581): header: {content-type=application/json;charset=utf-8, date=Fri, 05 Jun 2020 17:38:59 GMT, accept=*/*, host=127.0.0.1:34782, content-length=47, user-agent=HTTPClient/1.0 (2.8.3, ruby 2.5.1 (2018-03-29))}
06-05 12:38:58.728 I/System.out(16581): params: {json={"command":"set_selection","arguments":[-1,-1]}
06-05 12:38:58.728 I/System.out(16581): }
06-05 12:38:58.728 I/System.out(16581): ProP json = {"command":"set_selection","arguments":[-1,-1]}
06-05 12:38:58.728 I/System.out(16581): files: {}
06-05 12:38:58.728 I/System.out(16581): command: {"command":"set_selection","arguments":[-1,-1]}
06-05 12:38:58.729 I/InstrumentationBackend(16581): Got command:'Command:'Line:null,set_selection', arguments:'[-1, -1]'
06-05 12:38:58.754 I/System.out(16581): result:{"bonusInformation":[],"message":"","success":true}
06-05 12:38:58.846 D/gralloc_ranchu( 1352): gralloc_alloc: Creating ashmem region of size 9023488
06-05 12:38:58.858 I/System.out(16581): URI: //
06-05 12:38:58.858 I/System.out(16581): params: {json={"command":"delete_surrounding_text","arguments":[-1,0]}
06-05 12:38:58.858 I/System.out(16581): }
06-05 12:38:58.858 I/System.out(16581): header: {content-type=application/json;charset=utf-8, date=Fri, 05 Jun 2020 17:38:59 GMT, accept=*/*, host=127.0.0.1:34782, content-length=56, user-agent=HTTPClient/1.0 (2.8.3, ruby 2.5.1 (2018-03-29))}
06-05 12:38:58.858 I/System.out(16581): params: {json={"command":"delete_surrounding_text","arguments":[-1,0]}
06-05 12:38:58.858 I/System.out(16581): }
06-05 12:38:58.858 I/System.out(16581): ProP json = {"command":"delete_surrounding_text","arguments":[-1,0]}
06-05 12:38:58.858 I/System.out(16581): files: {}
06-05 12:38:58.858 I/System.out(16581): command: {"command":"delete_surrounding_text","arguments":[-1,0]}
06-05 12:38:58.860 I/InstrumentationBackend(16581): Got command:'Command:'Line:null,delete_surrounding_text', arguments:'[-1, 0]'
06-05 12:38:58.879 E/SpannableStringBuilder(16581): SPAN_EXCLUSIVE_EXCLUSIVE spans cannot have a zero length
06-05 12:38:58.879 E/SpannableStringBuilder(16581): SPAN_EXCLUSIVE_EXCLUSIVE spans cannot have a zero length
06-05 12:38:58.882 I/System.out(16581): result:{"bonusInformation":[],"message":"","success":true}
06-05 12:38:58.887 I/System.out(16581): URI: //
06-05 12:38:58.887 I/System.out(16581): params: {json={"command":"press_key","arguments":["KEYCODE_BACK"]}
06-05 12:38:58.887 I/System.out(16581): }
06-05 12:38:58.887 I/System.out(16581): header: {content-type=application/json;charset=utf-8, date=Fri, 05 Jun 2020 17:38:59 GMT, accept=*/*, host=127.0.0.1:34782, content-length=52, user-agent=HTTPClient/1.0 (2.8.3, ruby 2.5.1 (2018-03-29))}
06-05 12:38:58.887 I/System.out(16581): params: {json={"command":"press_key","arguments":["KEYCODE_BACK"]}
06-05 12:38:58.887 I/System.out(16581): }
06-05 12:38:58.887 I/System.out(16581): ProP json = {"command":"press_key","arguments":["KEYCODE_BACK"]}
06-05 12:38:58.887 I/System.out(16581): files: {}
06-05 12:38:58.887 I/System.out(16581): command: {"command":"press_key","arguments":["KEYCODE_BACK"]}
06-05 12:38:58.888 I/InstrumentationBackend(16581): Got command:'Command:'Line:null,press_key', arguments:'[KEYCODE_BACK]'
06-05 12:38:58.903 W/InputMethodService( 1755): Window size has been changed. This may cause jankiness of resizing window: -1 -> -2
06-05 12:38:58.907 I/System.out(16581): result:{"bonusInformation":[],"message":"","success":true}
06-05 12:38:58.910 I/System.out(16581): URI: //map
06-05 12:38:58.910 I/System.out(16581): params: {json={"query":"* marked:'Add new vehicle'","operation":{"method_name":"query","arguments":[]}}
06-05 12:38:58.910 I/System.out(16581): }
06-05 12:38:58.913 D/EGL_emulation( 1792): eglMakeCurrent: 0x992abea0: ver 2 0 (tinfo 0xa5a6f110)
06-05 12:38:58.918 D/EGL_emulation( 1755): eglMakeCurrent: 0xb4f05720: ver 2 0 (tinfo 0xb4f03480)
06-05 12:38:58.923 V/PhoneStatusBar( 1792): setLightsOn(true)
06-05 12:38:58.924 V/PhoneStatusBar( 1792): setLightsOn(true)
06-05 12:38:58.953 V/PhoneStatusBar( 1792): setLightsOn(true)
06-05 12:38:59.006 W/ResourceType(16581): No package identifier when getting name for resource number 0x00000001
06-05 12:38:59.034 I/System.out(16581): URI: //gesture
06-05 12:38:59.034 I/System.out(16581): params: {json={"query_timeout":5.0,"gestures":[{"query_string":"* marked:'Add new vehicle'","touches":[{"x":50,"y":50,"offset_x":0,"offset_y":0,"wait":0.0,"time":0.2,"release":true,"query_string":null}]}]}
06-05 12:38:59.034 I/System.out(16581): }
06-05 12:38:59.080 W/ResourceType(16581): No package identifier when getting name for resource number 0x00000001
06-05 12:38:59.097 V/PhoneStatusBar( 1792): setLightsOn(true)
06-05 12:38:59.097 I/WindowManager( 1659): Destroying surface Surface(name=InputMethod) called by com.android.server.wm.WindowStateAnimator.destroySurface:2016 com.android.server.wm.WindowStateAnimator.destroySurfaceLocked:882 com.android.server.wm.WindowState.destroyOrSaveSurface:2100 com.android.server.wm.WindowSurfacePlacer.performSurfacePlacementInner:429 com.android.server.wm.WindowSurfacePlacer.performSurfacePlacementLoop:232 com.android.server.wm.WindowSurfacePlacer.performSurfacePlacement:180 com.android.server.wm.WindowManagerService$H.handleMessage:8086 android.os.Handler.dispatchMessage:102 
06-05 12:38:59.343 I/System.out(16581): URI: //map
06-05 12:38:59.343 I/System.out(16581): params: {json={"query":"* {text CONTAINS[c] 'Invalid vehicle title'}","operation":{"method_name":"query","arguments":[]}}
06-05 12:38:59.343 I/System.out(16581): }
06-05 12:38:59.401 V/PhoneStatusBar( 1792): setLightsOn(true)
06-05 12:38:59.414 V/PhoneStatusBar( 1792): setLightsOn(true)
06-05 12:38:59.430 D/gralloc_ranchu( 1352): gralloc_alloc: Creating ashmem region of size 274432
06-05 12:38:59.442 V/PhoneStatusBar( 1792): setLightsOn(true)
06-05 12:38:59.444 V/PhoneStatusBar( 1792): setLightsOn(true)
06-05 12:38:59.450 V/PhoneStatusBar( 1792): setLightsOn(true)
06-05 12:38:59.482 I/System.out(16581): URI: //map
06-05 12:38:59.482 I/System.out(16581): params: {json={"query":"android.widget.EditText index:0","operation":{"method_name":"query","arguments":[]}}
06-05 12:38:59.482 I/System.out(16581): }
06-05 12:38:59.508 I/System.out(16581): URI: //gesture
06-05 12:38:59.508 I/System.out(16581): params: {json={"query_timeout":5.0,"gestures":[{"query_string":"android.widget.EditText index:0","touches":[{"x":50,"y":50,"offset_x":0,"offset_y":0,"wait":0.0,"time":0.2,"release":true,"query_string":null}]}]}
06-05 12:38:59.508 I/System.out(16581): }
06-05 12:38:59.698 V/PhoneStatusBar( 1792): setLightsOn(true)
06-05 12:38:59.749 W/InputMethodService( 1755): Window size has been changed. This may cause jankiness of resizing window: -1 -> -2
06-05 12:38:59.765 I/LatinIME( 1755): Starting input. Cursor position = 0,0
06-05 12:38:59.797 V/PhoneStatusBar( 1792): setLightsOn(true)
06-05 12:38:59.813 V/PhoneStatusBar( 1792): setLightsOn(true)
06-05 12:38:59.839 V/PhoneStatusBar( 1792): setLightsOn(true)
06-05 12:38:59.850 D/EGL_emulation( 1755): eglMakeCurrent: 0xb4f05720: ver 2 0 (tinfo 0xb4f03480)
06-05 12:38:59.862 V/PhoneStatusBar( 1792): setLightsOn(true)
06-05 12:38:59.864 V/PhoneStatusBar( 1792): setLightsOn(true)
06-05 12:38:59.867 V/PhoneStatusBar( 1792): setLightsOn(true)
06-05 12:38:59.884 V/PhoneStatusBar( 1792): setLightsOn(true)
06-05 12:38:59.921 V/PhoneStatusBar( 1792): setLightsOn(true)
06-05 12:39:00.015 D/EGL_emulation( 1792): eglMakeCurrent: 0x992abea0: ver 2 0 (tinfo 0xa5a6f110)
06-05 12:39:00.106 V/PhoneStatusBar( 1792): setLightsOn(true)
06-05 12:39:00.275 I/System.out(16581): URI: //
06-05 12:39:00.275 I/System.out(16581): params: {json={"command":"set_selection","arguments":[-1,-1]}
06-05 12:39:00.275 I/System.out(16581): }
06-05 12:39:00.275 I/System.out(16581): header: {content-type=application/json;charset=utf-8, date=Fri, 05 Jun 2020 17:39:01 GMT, accept=*/*, host=127.0.0.1:34782, content-length=47, user-agent=HTTPClient/1.0 (2.8.3, ruby 2.5.1 (2018-03-29))}
06-05 12:39:00.275 I/System.out(16581): params: {json={"command":"set_selection","arguments":[-1,-1]}
06-05 12:39:00.275 I/System.out(16581): }
06-05 12:39:00.275 I/System.out(16581): ProP json = {"command":"set_selection","arguments":[-1,-1]}
06-05 12:39:00.275 I/System.out(16581): files: {}
06-05 12:39:00.275 I/System.out(16581): command: {"command":"set_selection","arguments":[-1,-1]}
06-05 12:39:00.279 I/InstrumentationBackend(16581): Got command:'Command:'Line:null,set_selection', arguments:'[-1, -1]'
06-05 12:39:00.289 I/System.out(16581): result:{"bonusInformation":[],"message":"","success":true}
06-05 12:39:00.339 I/System.out(16581): URI: //
06-05 12:39:00.340 I/System.out(16581): params: {json={"command":"keyboard_enter_text","arguments":["Test"]}
06-05 12:39:00.340 I/System.out(16581): }
06-05 12:39:00.340 I/System.out(16581): header: {content-type=application/json;charset=utf-8, date=Fri, 05 Jun 2020 17:39:01 GMT, accept=*/*, host=127.0.0.1:34782, content-length=54, user-agent=HTTPClient/1.0 (2.8.3, ruby 2.5.1 (2018-03-29))}
06-05 12:39:00.341 I/System.out(16581): params: {json={"command":"keyboard_enter_text","arguments":["Test"]}
06-05 12:39:00.341 I/System.out(16581): }
06-05 12:39:00.341 I/System.out(16581): ProP json = {"command":"keyboard_enter_text","arguments":["Test"]}
06-05 12:39:00.341 I/System.out(16581): files: {}
06-05 12:39:00.341 I/System.out(16581): command: {"command":"keyboard_enter_text","arguments":["Test"]}
06-05 12:39:00.344 I/InstrumentationBackend(16581): Got command:'Command:'Line:null,keyboard_enter_text', arguments:'[Test]'
06-05 12:39:00.345 E/SpannableStringBuilder(16581): SPAN_EXCLUSIVE_EXCLUSIVE spans cannot have a zero length
06-05 12:39:00.345 E/SpannableStringBuilder(16581): SPAN_EXCLUSIVE_EXCLUSIVE spans cannot have a zero length
06-05 12:39:00.350 V/PhoneStatusBar( 1792): setLightsOn(true)
06-05 12:39:00.354 I/art     (16581): Do partial code cache collection, code=57KB, data=61KB
06-05 12:39:00.354 I/art     (16581): After code cache collection, code=56KB, data=61KB
06-05 12:39:00.354 I/art     (16581): Increasing code cache capacity to 256KB
06-05 12:39:00.357 E/SpannableStringBuilder(16581): SPAN_EXCLUSIVE_EXCLUSIVE spans cannot have a zero length
06-05 12:39:00.357 E/SpannableStringBuilder(16581): SPAN_EXCLUSIVE_EXCLUSIVE spans cannot have a zero length
06-05 12:39:00.365 I/System.out(16581): result:{"bonusInformation":[],"message":"","success":true}
06-05 12:39:00.369 I/System.out(16581): URI: //map
06-05 12:39:00.369 I/System.out(16581): params: {json={"query":"* marked:'Add new vehicle'","operation":{"method_name":"query","arguments":[]}}
06-05 12:39:00.369 I/System.out(16581): }
06-05 12:39:00.391 W/ResourceType(16581): No package identifier when getting name for resource number 0x00000001
06-05 12:39:00.402 I/System.out(16581): URI: //gesture
06-05 12:39:00.402 I/System.out(16581): params: {json={"query_timeout":5.0,"gestures":[{"query_string":"* marked:'Add new vehicle'","touches":[{"x":50,"y":50,"offset_x":0,"offset_y":0,"wait":0.0,"time":0.2,"release":true,"query_string":null}]}]}
06-05 12:39:00.402 I/System.out(16581): }
06-05 12:39:00.407 W/ResourceType(16581): No package identifier when getting name for resource number 0x00000001
06-05 12:39:00.613 I/WindowManager( 1659): Destroying surface Surface(name=PopupWindow:a2f1db7) called by com.android.server.wm.WindowStateAnimator.destroySurface:2016 com.android.server.wm.WindowStateAnimator.destroySurfaceLocked:882 com.android.server.wm.WindowState.destroyOrSaveSurface:2100 com.android.server.wm.AppWindowToken.destroySurfaces:363 com.android.server.wm.WindowStateAnimator.finishExit:565 com.android.server.wm.WindowStateAnimator.stepAnimationLocked:491 com.android.server.wm.WindowAnimator.updateWindowsLocked:303 com.android.server.wm.WindowAnimator.animateLocked:704 
06-05 12:39:00.615 V/PhoneStatusBar( 1792): setLightsOn(true)
06-05 12:39:00.619 V/PhoneStatusBar( 1792): setLightsOn(true)
06-05 12:39:00.643 I/System.out(16581): URI: //map
06-05 12:39:00.643 I/System.out(16581): params: {json={"query":"* {text CONTAINS[c] 'Invalid vehicle year'}","operation":{"method_name":"query","arguments":[]}}
06-05 12:39:00.643 I/System.out(16581): }
06-05 12:39:00.654 I/LatinIME( 1755): Starting input. Cursor position = 0,0
