--------- beginning of main
06-06 03:15:40.663 W/OpenGLRenderer( 2078): Incorrectly called buildLayer on View: ShortcutAndWidgetContainer, destroying layer...
06-06 03:15:40.707 D/AndroidRuntime( 2486): >>>>>> START com.android.internal.os.RuntimeInit uid 2000 <<<<<<
06-06 03:15:40.709 D/AndroidRuntime( 2486): CheckJNI is ON
06-06 03:15:40.721 W/art     ( 2486): Unexpected CPU variant for X86 using defaults: x86
06-06 03:15:40.724 D/ICU     ( 2486): No timezone override file found: /data/misc/zoneinfo/current/icu/icu_tzdata.dat
06-06 03:15:40.734 E/memtrack( 2486): Couldn't load memtrack module (No such file or directory)
06-06 03:15:40.734 E/android.os.Debug( 2486): failed to load memtrack module: -2
06-06 03:15:40.735 I/Radio-JNI( 2486): register_android_hardware_Radio DONE
06-06 03:15:40.740 D/AndroidRuntime( 2486): Calling main entry com.android.commands.am.Am
--------- beginning of system
06-06 03:15:40.742 I/ActivityManager( 1630): Force stopping com.evancharlton.mileage appid=10422 user=0: start instr
06-06 03:15:40.744 I/art     ( 2496): Not late-enabling -Xcheck:jni (already on)
06-06 03:15:40.744 W/art     ( 2496): Unexpected CPU variant for X86 using defaults: x86
06-06 03:15:40.752 I/ActivityManager( 1630): Start proc 2496:com.evancharlton.mileage/u0a422 for added application com.evancharlton.mileage
06-06 03:15:40.752 D/AndroidRuntime( 2486): Shutting down VM
06-06 03:15:40.757 W/System  ( 2496): ClassLoader referenced unknown path: /data/app/com.evancharlton.mileage.test-1/lib/x86
06-06 03:15:40.757 W/System  ( 2496): ClassLoader referenced unknown path: /data/app/com.evancharlton.mileage-1/lib/x86
06-06 03:15:40.760 W/System  ( 2496): ClassLoader referenced unknown path: 
06-06 03:15:40.765 I/System.out( 2496): Main activity name automatically set to: com.evancharlton.mileage.Mileage
06-06 03:15:40.765 I/System.out( 2496): Calabash did not load Mono. This is only a problem if you are trying to test a Mono application
06-06 03:15:40.765 I/calabash( 2496): Test server port: 7102
06-06 03:15:40.766 I/InstrumentationBackend( 2496): Added:'GetPreferences', with key:'get_preferences'
06-06 03:15:40.773 I/InstrumentationBackend( 2496): Added:'SetPreferences', with key:'set_preferences'
06-06 03:15:40.773 I/InstrumentationBackend( 2496): Added:'ClearPreferences', with key:'clear_preferences'
06-06 03:15:40.773 I/InstrumentationBackend( 2496): Added:'PressElement', with key:'press_l10n_element'
06-06 03:15:40.773 I/InstrumentationBackend( 2496): Added:'WaitForElement', with key:'wait_for_l10n_element'
06-06 03:15:40.773 I/InstrumentationBackend( 2496): Added:'NullAction', with key:'nullAction'
06-06 03:15:40.773 I/InstrumentationBackend( 2496): Added:'PressKey', with key:'press_key'
06-06 03:15:40.773 I/InstrumentationBackend( 2496): Added:'SetActivityOrientation', with key:'set_activity_orientation'
06-06 03:15:40.773 I/InstrumentationBackend( 2496): Added:'GetActivityOrientation', with key:'get_activity_orientation'
06-06 03:15:40.774 I/InstrumentationBackend( 2496): Added:'FakeGPSLocation', with key:'set_gps_coordinates'
06-06 03:15:40.774 I/InstrumentationBackend( 2496): Added:'SetPropertyByCssSelector', with key:'set_property_by_css_selector'
06-06 03:15:40.774 I/InstrumentationBackend( 2496): Added:'GetUrl', with key:'get_url'
06-06 03:15:40.774 I/InstrumentationBackend( 2496): Added:'ScrollTo', with key:'scroll_to'
06-06 03:15:40.774 I/InstrumentationBackend( 2496): Added:'GetLoadProgress', with key:'get_load_progress'
06-06 03:15:40.774 I/InstrumentationBackend( 2496): Added:'DumpHtml', with key:'dump_html'
06-06 03:15:40.774 I/InstrumentationBackend( 2496): Added:'DumpBodyHtml', with key:'dump_body_html'
06-06 03:15:40.774 I/InstrumentationBackend( 2496): Added:'EnterTextByCssSelector', with key:'enter_text_by_selector'
06-06 03:15:40.775 I/InstrumentationBackend( 2496): Added:'AndroidSDKVersion', with key:'android_sdk_version'
06-06 03:15:40.775 I/InstrumentationBackend( 2496): Added:'Version', with key:'version'
06-06 03:15:40.775 I/InstrumentationBackend( 2496): Added:'Drag', with key:'drag'
06-06 03:15:40.775 I/InstrumentationBackend( 2496): Added:'TouchCoordinates', with key:'touch_coordinate'
06-06 03:15:40.775 I/InstrumentationBackend( 2496): Added:'LongPressCoordinate', with key:'long_press_coordinate'
06-06 03:15:40.775 I/InstrumentationBackend( 2496): Added:'DragCoordinates', with key:'drag_coordinates'
06-06 03:15:40.775 I/InstrumentationBackend( 2496): Added:'ResumeApplication', with key:'resume_application'
06-06 03:15:40.775 I/InstrumentationBackend( 2496): Added:'Swipe', with key:'swipe'
06-06 03:15:40.775 I/InstrumentationBackend( 2496): Added:'DoubleTapCoordinate', with key:'double_tap_coordinate'
06-06 03:15:40.775 I/InstrumentationBackend( 2496): Added:'ClickOnScreen', with key:'click_on_screen'
06-06 03:15:40.775 I/InstrumentationBackend( 2496): Added:'GetActivityName', with key:'get_activity_name'
06-06 03:15:40.775 I/InstrumentationBackend( 2496): Added:'ScrollToView', with key:'scroll_to_view'
06-06 03:15:40.775 I/InstrumentationBackend( 2496): Added:'ViewConfiguration', with key:'view_configuration'
06-06 03:15:40.775 I/InstrumentationBackend( 2496): Added:'IsCurrentActivityFocused', with key:'is_current_activity_focused'
06-06 03:15:40.775 I/InstrumentationBackend( 2496): Added:'SendTcp', with key:'send_tcp'
06-06 03:15:40.775 I/InstrumentationBackend( 2496): Added:'DpToDevicePixel', with key:'dp_to_device_pixel'
06-06 03:15:40.775 I/InstrumentationBackend( 2496): Added:'KeyboardEnterText', with key:'keyboard_enter_text'
06-06 03:15:40.775 I/InstrumentationBackend( 2496): Added:'DeleteSurroundingText', with key:'delete_surrounding_text'
06-06 03:15:40.775 I/InstrumentationBackend( 2496): Added:'SetComposingRegion', with key:'set_composing_region'
06-06 03:15:40.775 I/InstrumentationBackend( 2496): Added:'SetSelection', with key:'set_selection'
06-06 03:15:40.776 I/InstrumentationBackend( 2496): Added:'KeyboardKeyEvent', with key:'keyboard_key_event'
06-06 03:15:40.776 I/InstrumentationBackend( 2496): Added:'PressUserActionButton', with key:'press_user_action_button'
06-06 03:15:40.776 I/InstrumentationBackend( 2496): Added:'HideSoftKeyboard', with key:'hide_soft_keyboard'
06-06 03:15:40.776 I/InstrumentationBackend( 2496): Added:'ListActions', with key:'list_actions'
06-06 03:15:40.776 I/calabash( 2496): Instantiating http server at 7102
06-06 03:15:40.777 I/System.out( 2496): HTTP Daemon listening on: 7102
06-06 03:15:40.865 I/System.out( 2496): URI: //ping
06-06 03:15:40.865 I/System.out( 2496): params: {json={}
06-06 03:15:40.865 I/System.out( 2496): }
06-06 03:15:40.871 I/System.out( 2496): URI: //ping
06-06 03:15:40.871 I/System.out( 2496): params: {json={}
06-06 03:15:40.871 I/System.out( 2496): }
06-06 03:15:40.877 I/System.out( 2496): URI: //ready
06-06 03:15:40.877 I/System.out( 2496): params: {json={}
06-06 03:15:40.877 I/System.out( 2496): }
06-06 03:15:40.882 I/System.out( 2496): URI: //
06-06 03:15:40.882 I/System.out( 2496): params: {json={"command":"version","arguments":[]}
06-06 03:15:40.882 I/System.out( 2496): }
06-06 03:15:40.883 I/System.out( 2496): header: {content-type=application/json;charset=utf-8, date=Sat, 06 Jun 2020 08:15:41 GMT, accept=*/*, host=127.0.0.1:34777, content-length=36, user-agent=HTTPClient/1.0 (2.8.3, ruby 2.5.1 (2018-03-29))}
06-06 03:15:40.883 I/System.out( 2496): params: {json={"command":"version","arguments":[]}
06-06 03:15:40.883 I/System.out( 2496): }
06-06 03:15:40.883 I/System.out( 2496): ProP json = {"command":"version","arguments":[]}
06-06 03:15:40.883 I/System.out( 2496): files: {}
06-06 03:15:40.883 I/System.out( 2496): command: {"command":"version","arguments":[]}
06-06 03:15:40.891 I/InstrumentationBackend( 2496): Got command:'Command:'Line:null,version', arguments:'[]'
06-06 03:15:40.904 I/System.out( 2496): result:{"bonusInformation":[],"message":"0.9.8","success":true}
06-06 03:15:40.908 I/System.out( 2496): URI: //start-application
06-06 03:15:40.908 I/System.out( 2496): params: {json={"intent":null}
06-06 03:15:40.908 I/System.out( 2496): }
06-06 03:15:40.923 I/ActivityManager( 1630): START u0 {act=android.intent.action.MAIN cat=[android.intent.category.LAUNCHER] flg=0x10200000 cmp=com.evancharlton.mileage/.Mileage} from uid 10422 on display 0
06-06 03:15:40.928 I/calabash( 2496): newActivity1
06-06 03:15:40.936 I/calabash( 2496): newActivity1
06-06 03:15:40.937 W/ActivityManager( 1630): Bad activity token: android.os.BinderProxy@fa11ba4
06-06 03:15:40.937 W/ActivityManager( 1630): java.lang.ClassCastException: android.os.BinderProxy cannot be cast to com.android.server.am.ActivityRecord$Token
06-06 03:15:40.937 W/ActivityManager( 1630): 	at com.android.server.am.ActivityRecord.forTokenLocked(ActivityRecord.java:586)
06-06 03:15:40.937 W/ActivityManager( 1630): 	at com.android.server.am.ActivityRecord.isInStackLocked(ActivityRecord.java:1327)
06-06 03:15:40.937 W/ActivityManager( 1630): 	at com.android.server.am.ActivityRecord.getStackLocked(ActivityRecord.java:1332)
06-06 03:15:40.937 W/ActivityManager( 1630): 	at com.android.server.am.ActivityManagerService.getActivityDisplayId(ActivityManagerService.java:9806)
06-06 03:15:40.937 W/ActivityManager( 1630): 	at android.app.ActivityManagerNative.onTransact(ActivityManagerNative.java:2566)
06-06 03:15:40.937 W/ActivityManager( 1630): 	at com.android.server.am.ActivityManagerService.onTransact(ActivityManagerService.java:2757)
06-06 03:15:40.937 W/ActivityManager( 1630): 	at android.os.Binder.execTransact(Binder.java:565)
06-06 03:15:40.938 W/ActivityManager( 1630): Bad activity token: android.os.BinderProxy@fa11ba4
06-06 03:15:40.938 W/ActivityManager( 1630): java.lang.ClassCastException: android.os.BinderProxy cannot be cast to com.android.server.am.ActivityRecord$Token
06-06 03:15:40.938 W/ActivityManager( 1630): 	at com.android.server.am.ActivityRecord.forTokenLocked(ActivityRecord.java:586)
06-06 03:15:40.938 W/ActivityManager( 1630): 	at com.android.server.am.ActivityRecord.isInStackLocked(ActivityRecord.java:1327)
06-06 03:15:40.938 W/ActivityManager( 1630): 	at com.android.server.am.ActivityManagerService.setTaskDescription(ActivityManagerService.java:9358)
06-06 03:15:40.938 W/ActivityManager( 1630): 	at android.app.ActivityManagerNative.onTransact(ActivityManagerNative.java:2639)
06-06 03:15:40.938 W/ActivityManager( 1630): 	at com.android.server.am.ActivityManagerService.onTransact(ActivityManagerService.java:2757)
06-06 03:15:40.938 W/ActivityManager( 1630): 	at android.os.Binder.execTransact(Binder.java:565)
06-06 03:15:40.939 W/ActivityManager( 1630): Bad activity token: android.os.BinderProxy@fa11ba4
06-06 03:15:40.939 W/ActivityManager( 1630): java.lang.ClassCastException: android.os.BinderProxy cannot be cast to com.android.server.am.ActivityRecord$Token
06-06 03:15:40.939 W/ActivityManager( 1630): 	at com.android.server.am.ActivityRecord.forTokenLocked(ActivityRecord.java:586)
06-06 03:15:40.939 W/ActivityManager( 1630): 	at com.android.server.am.ActivityRecord.isInStackLocked(ActivityRecord.java:1327)
06-06 03:15:40.939 W/ActivityManager( 1630): 	at com.android.server.am.ActivityRecord.getStackLocked(ActivityRecord.java:1332)
06-06 03:15:40.939 W/ActivityManager( 1630): 	at com.android.server.am.ActivityManagerService.getActivityStackId(ActivityManagerService.java:9817)
06-06 03:15:40.939 W/ActivityManager( 1630): 	at android.app.ActivityManagerNative.onTransact(ActivityManagerNative.java:2856)
06-06 03:15:40.939 W/ActivityManager( 1630): 	at com.android.server.am.ActivityManagerService.onTransact(ActivityManagerService.java:2757)
06-06 03:15:40.939 W/ActivityManager( 1630): 	at android.os.Binder.execTransact(Binder.java:565)
06-06 03:15:40.948 D/gralloc_ranchu( 1347): gralloc_alloc: Creating ashmem region of size 9023488
06-06 03:15:40.954 W/ActivityManager( 1630): Bad activity token: android.os.BinderProxy@fa11ba4
06-06 03:15:40.954 W/ActivityManager( 1630): java.lang.ClassCastException: android.os.BinderProxy cannot be cast to com.android.server.am.ActivityRecord$Token
06-06 03:15:40.954 W/ActivityManager( 1630): 	at com.android.server.am.ActivityRecord.forTokenLocked(ActivityRecord.java:586)
06-06 03:15:40.954 W/ActivityManager( 1630): 	at com.android.server.am.ActivityRecord.isInStackLocked(ActivityRecord.java:1327)
06-06 03:15:40.954 W/ActivityManager( 1630): 	at com.android.server.am.ActivityManagerService.getActivityOptions(ActivityManagerService.java:12559)
06-06 03:15:40.954 W/ActivityManager( 1630): 	at android.app.ActivityManagerNative.onTransact(ActivityManagerNative.java:1933)
06-06 03:15:40.954 W/ActivityManager( 1630): 	at com.android.server.am.ActivityManagerService.onTransact(ActivityManagerService.java:2757)
06-06 03:15:40.954 W/ActivityManager( 1630): 	at android.os.Binder.execTransact(Binder.java:565)
06-06 03:15:40.954 W/ActivityManager( 1630): Bad activity token: android.os.BinderProxy@fa11ba4
06-06 03:15:40.954 W/ActivityManager( 1630): java.lang.ClassCastException: android.os.BinderProxy cannot be cast to com.android.server.am.ActivityRecord$Token
06-06 03:15:40.954 W/ActivityManager( 1630): 	at com.android.server.am.ActivityRecord.forTokenLocked(ActivityRecord.java:586)
06-06 03:15:40.954 W/ActivityManager( 1630): 	at com.android.server.am.ActivityRecord.isInStackLocked(ActivityRecord.java:1327)
06-06 03:15:40.954 W/ActivityManager( 1630): 	at com.android.server.am.ActivityManagerService.getActivityOptions(ActivityManagerService.java:12559)
06-06 03:15:40.954 W/ActivityManager( 1630): 	at android.app.ActivityManagerNative.onTransact(ActivityManagerNative.java:1933)
06-06 03:15:40.954 W/ActivityManager( 1630): 	at com.android.server.am.ActivityManagerService.onTransact(ActivityManagerService.java:2757)
06-06 03:15:40.954 W/ActivityManager( 1630): 	at android.os.Binder.execTransact(Binder.java:565)
06-06 03:15:40.974 V/PhoneStatusBar( 1711): setLightsOn(true)
06-06 03:15:40.983 D/EGL_emulation( 2078): eglMakeCurrent: 0x9852d440: ver 2 0 (tinfo 0xa3d30310)
06-06 03:15:40.986 D/EGL_emulation( 1711): eglMakeCurrent: 0xa7985720: ver 2 0 (tinfo 0xa7983770)
06-06 03:15:40.997 D/EGL_emulation( 1711): eglMakeCurrent: 0xa7985720: ver 2 0 (tinfo 0xa7983770)
06-06 03:15:40.997 D/gralloc_ranchu( 1347): gralloc_alloc: Creating ashmem region of size 9023488
06-06 03:15:41.002 D/        ( 2496): HostConnection::get() New Host Connection established 0x9a2b8500, tid 2496
06-06 03:15:41.003 D/EGL_emulation( 1711): eglMakeCurrent: 0xa7985720: ver 2 0 (tinfo 0xa7983770)
06-06 03:15:41.003 V/PhoneStatusBar( 1711): setLightsOn(true)
06-06 03:15:41.036 D/EGL_emulation( 1711): eglMakeCurrent: 0xa7985720: ver 2 0 (tinfo 0xa7983770)
06-06 03:15:41.038 D/EGL_emulation( 1711): eglMakeCurrent: 0xa7985720: ver 2 0 (tinfo 0xa7983770)
06-06 03:15:41.040 D/EGL_emulation( 1711): eglMakeCurrent: 0xa7985720: ver 2 0 (tinfo 0xa7983770)
06-06 03:15:41.042 D/EGL_emulation( 1711): eglMakeCurrent: 0xa7985720: ver 2 0 (tinfo 0xa7983770)
06-06 03:15:41.054 D/EGL_emulation( 1711): eglMakeCurrent: 0xa7985720: ver 2 0 (tinfo 0xa7983770)
06-06 03:15:41.055 D/EGL_emulation( 1711): eglMakeCurrent: 0xa7985720: ver 2 0 (tinfo 0xa7983770)
06-06 03:15:41.056 I/ActivityManager( 1630): Displayed com.evancharlton.mileage/.Mileage: +130ms
06-06 03:15:41.063 D/gralloc_ranchu( 1347): gralloc_alloc: Creating ashmem region of size 9023488
06-06 03:15:41.064 D/EGL_emulation( 1711): eglMakeCurrent: 0xa7985720: ver 2 0 (tinfo 0xa7983770)
06-06 03:15:41.080 D/EGL_emulation( 1711): eglMakeCurrent: 0xa7985720: ver 2 0 (tinfo 0xa7983770)
06-06 03:15:41.083 D/EGL_emulation( 1711): eglMakeCurrent: 0xa7985720: ver 2 0 (tinfo 0xa7983770)
06-06 03:15:41.092 D/EGL_emulation( 1711): eglMakeCurrent: 0xa7985720: ver 2 0 (tinfo 0xa7983770)
06-06 03:15:41.092 V/PhoneStatusBar( 1711): setLightsOn(true)
06-06 03:15:41.097 D/EGL_emulation( 1711): eglMakeCurrent: 0xa7985720: ver 2 0 (tinfo 0xa7983770)
06-06 03:15:41.099 D/EGL_emulation( 1711): eglMakeCurrent: 0xa7985720: ver 2 0 (tinfo 0xa7983770)
06-06 03:15:41.114 D/EGL_emulation( 1711): eglMakeCurrent: 0xa7985720: ver 2 0 (tinfo 0xa7983770)
06-06 03:15:41.114 I/System.out( 2496): URI: //map
06-06 03:15:41.114 I/System.out( 2496): params: {json={"query":"* marked:'Statistics'","operation":{"method_name":"query","arguments":[]}}
06-06 03:15:41.114 I/System.out( 2496): }
06-06 03:15:41.116 D/EGL_emulation( 1711): eglMakeCurrent: 0xa7985720: ver 2 0 (tinfo 0xa7983770)
06-06 03:15:41.127 W/ResourceType( 2496): No package identifier when getting name for resource number 0x00000001
06-06 03:15:41.130 D/EGL_emulation( 1711): eglMakeCurrent: 0xa7985720: ver 2 0 (tinfo 0xa7983770)
06-06 03:15:41.132 D/EGL_emulation( 1711): eglMakeCurrent: 0xa7985720: ver 2 0 (tinfo 0xa7983770)
06-06 03:15:41.140 I/System.out( 2496): URI: //gesture
06-06 03:15:41.140 I/System.out( 2496): params: {json={"query_timeout":5.0,"gestures":[{"query_string":"* marked:'Statistics'","touches":[{"x":50,"y":50,"offset_x":0,"offset_y":0,"wait":0.0,"time":0.2,"release":true,"query_string":null}]}]}
06-06 03:15:41.140 I/System.out( 2496): }
06-06 03:15:41.145 W/ResourceType( 2496): No package identifier when getting name for resource number 0x00000001
06-06 03:15:41.147 D/EGL_emulation( 1711): eglMakeCurrent: 0xa7985720: ver 2 0 (tinfo 0xa7983770)
06-06 03:15:41.149 D/EGL_emulation( 1711): eglMakeCurrent: 0xa7985720: ver 2 0 (tinfo 0xa7983770)
06-06 03:15:41.170 D/EGL_emulation( 1711): eglMakeCurrent: 0xa7985720: ver 2 0 (tinfo 0xa7983770)
06-06 03:15:41.172 D/EGL_emulation( 1711): eglMakeCurrent: 0xa7985720: ver 2 0 (tinfo 0xa7983770)
06-06 03:15:41.182 D/EGL_emulation( 1711): eglMakeCurrent: 0xa7985720: ver 2 0 (tinfo 0xa7983770)
06-06 03:15:41.186 D/EGL_emulation( 1711): eglMakeCurrent: 0xa7985720: ver 2 0 (tinfo 0xa7983770)
06-06 03:15:41.197 D/EGL_emulation( 1711): eglMakeCurrent: 0xa7985720: ver 2 0 (tinfo 0xa7983770)
06-06 03:15:41.247 I/WindowManager( 1630): Destroying surface Surface(name=Starting com.evancharlton.mileage) called by com.android.server.wm.WindowStateAnimator.destroySurface:2016 com.android.server.wm.WindowStateAnimator.destroySurfaceLocked:882 com.android.server.wm.WindowState.destroyOrSaveSurface:2100 com.android.server.wm.AppWindowToken.destroySurfaces:363 com.android.server.wm.WindowStateAnimator.finishExit:565 com.android.server.wm.WindowStateAnimator.stepAnimationLocked:491 com.android.server.wm.WindowAnimator.updateWindowsLocked:303 com.android.server.wm.WindowAnimator.animateLocked:704 
06-06 03:15:41.252 V/PhoneStatusBar( 1711): setLightsOn(true)
06-06 03:15:41.256 V/PhoneStatusBar( 1711): setLightsOn(true)
06-06 03:15:41.381 I/calabash( 2496): newActivity1
06-06 03:15:41.390 I/System.out( 2496): URI: //map
06-06 03:15:41.390 I/System.out( 2496): params: {json={"query":"* marked:'Cost last month'","operation":{"method_name":"query","arguments":[]}}
06-06 03:15:41.390 I/System.out( 2496): }
06-06 03:15:41.393 W/ActivityManager( 1630): Bad activity token: android.os.BinderProxy@37f03be
06-06 03:15:41.393 W/ActivityManager( 1630): java.lang.ClassCastException: android.os.BinderProxy cannot be cast to com.android.server.am.ActivityRecord$Token
06-06 03:15:41.393 W/ActivityManager( 1630): 	at com.android.server.am.ActivityRecord.forTokenLocked(ActivityRecord.java:586)
06-06 03:15:41.393 W/ActivityManager( 1630): 	at com.android.server.am.ActivityRecord.isInStackLocked(ActivityRecord.java:1327)
06-06 03:15:41.393 W/ActivityManager( 1630): 	at com.android.server.am.ActivityRecord.getStackLocked(ActivityRecord.java:1332)
06-06 03:15:41.393 W/ActivityManager( 1630): 	at com.android.server.am.ActivityManagerService.getActivityDisplayId(ActivityManagerService.java:9806)
06-06 03:15:41.393 W/ActivityManager( 1630): 	at android.app.ActivityManagerNative.onTransact(ActivityManagerNative.java:2566)
06-06 03:15:41.393 W/ActivityManager( 1630): 	at com.android.server.am.ActivityManagerService.onTransact(ActivityManagerService.java:2757)
06-06 03:15:41.393 W/ActivityManager( 1630): 	at android.os.Binder.execTransact(Binder.java:565)
06-06 03:15:41.394 W/ActivityManager( 1630): Bad activity token: android.os.BinderProxy@37f03be
06-06 03:15:41.394 W/ActivityManager( 1630): java.lang.ClassCastException: android.os.BinderProxy cannot be cast to com.android.server.am.ActivityRecord$Token
06-06 03:15:41.394 W/ActivityManager( 1630): 	at com.android.server.am.ActivityRecord.forTokenLocked(ActivityRecord.java:586)
06-06 03:15:41.394 W/ActivityManager( 1630): 	at com.android.server.am.ActivityRecord.isInStackLocked(ActivityRecord.java:1327)
06-06 03:15:41.394 W/ActivityManager( 1630): 	at com.android.server.am.ActivityManagerService.setTaskDescription(ActivityManagerService.java:9358)
06-06 03:15:41.394 W/ActivityManager( 1630): 	at android.app.ActivityManagerNative.onTransact(ActivityManagerNative.java:2639)
06-06 03:15:41.394 W/ActivityManager( 1630): 	at com.android.server.am.ActivityManagerService.onTransact(ActivityManagerService.java:2757)
06-06 03:15:41.394 W/ActivityManager( 1630): 	at android.os.Binder.execTransact(Binder.java:565)
06-06 03:15:41.394 W/ActivityManager( 1630): Bad activity token: android.os.BinderProxy@37f03be
06-06 03:15:41.394 W/ActivityManager( 1630): java.lang.ClassCastException: android.os.BinderProxy cannot be cast to com.android.server.am.ActivityRecord$Token
06-06 03:15:41.394 W/ActivityManager( 1630): 	at com.android.server.am.ActivityRecord.forTokenLocked(ActivityRecord.java:586)
06-06 03:15:41.394 W/ActivityManager( 1630): 	at com.android.server.am.ActivityRecord.isInStackLocked(ActivityRecord.java:1327)
06-06 03:15:41.394 W/ActivityManager( 1630): 	at com.android.server.am.ActivityRecord.getStackLocked(ActivityRecord.java:1332)
06-06 03:15:41.394 W/ActivityManager( 1630): 	at com.android.server.am.ActivityManagerService.getActivityStackId(ActivityManagerService.java:9817)
06-06 03:15:41.394 W/ActivityManager( 1630): 	at android.app.ActivityManagerNative.onTransact(ActivityManagerNative.java:2856)
06-06 03:15:41.394 W/ActivityManager( 1630): 	at com.android.server.am.ActivityManagerService.onTransact(ActivityManagerService.java:2757)
06-06 03:15:41.394 W/ActivityManager( 1630): 	at android.os.Binder.execTransact(Binder.java:565)
06-06 03:15:41.400 D/VehicleStatisticsActivity( 2496): Checking recalculation ...
06-06 03:15:41.401 D/VehicleStatisticsActivity( 2496): Recalculating statistics
06-06 03:15:41.401 D/VehicleStatisticsTask( 2496): Calculation starting...
06-06 03:15:41.401 D/VehicleStatisticsActivity( 2496): Recalculation started!
06-06 03:15:41.401 W/ResourceType( 2496): No package identifier when getting value for resource number 0x00000000
06-06 03:15:41.401 D/AndroidRuntime( 2496): Shutting down VM
--------- beginning of crash
06-06 03:15:41.401 E/AndroidRuntime( 2496): FATAL EXCEPTION: main
06-06 03:15:41.401 E/AndroidRuntime( 2496): Process: com.evancharlton.mileage, PID: 2496
06-06 03:15:41.401 E/AndroidRuntime( 2496): java.lang.RuntimeException: Unable to start activity ComponentInfo{com.evancharlton.mileage/com.evancharlton.mileage.VehicleStatisticsActivity}: android.content.res.Resources$NotFoundException: String resource ID #0x0
06-06 03:15:41.401 E/AndroidRuntime( 2496): 	at android.app.ActivityThread.performLaunchActivity(ActivityThread.java:2646)
06-06 03:15:41.401 E/AndroidRuntime( 2496): 	at android.app.ActivityThread.startActivityNow(ActivityThread.java:2446)
06-06 03:15:41.401 E/AndroidRuntime( 2496): 	at android.app.LocalActivityManager.moveToState(LocalActivityManager.java:136)
06-06 03:15:41.401 E/AndroidRuntime( 2496): 	at android.app.LocalActivityManager.startActivity(LocalActivityManager.java:348)
06-06 03:15:41.401 E/AndroidRuntime( 2496): 	at android.widget.TabHost$IntentContentStrategy.getContentView(TabHost.java:724)
06-06 03:15:41.401 E/AndroidRuntime( 2496): 	at android.widget.TabHost.setCurrentTab(TabHost.java:388)
06-06 03:15:41.401 E/AndroidRuntime( 2496): 	at android.widget.TabHost$2.onTabSelectionChanged(TabHost.java:158)
06-06 03:15:41.401 E/AndroidRuntime( 2496): 	at android.widget.TabWidget$TabClickListener.onClick(TabWidget.java:532)
06-06 03:15:41.401 E/AndroidRuntime( 2496): 	at android.view.View.performClick(View.java:5610)
06-06 03:15:41.401 E/AndroidRuntime( 2496): 	at android.view.View$PerformClick.run(View.java:22265)
06-06 03:15:41.401 E/AndroidRuntime( 2496): 	at android.os.Handler.handleCallback(Handler.java:751)
06-06 03:15:41.401 E/AndroidRuntime( 2496): 	at android.os.Handler.dispatchMessage(Handler.java:95)
06-06 03:15:41.401 E/AndroidRuntime( 2496): 	at android.os.Looper.loop(Looper.java:154)
06-06 03:15:41.401 E/AndroidRuntime( 2496): 	at android.app.ActivityThread.main(ActivityThread.java:6077)
06-06 03:15:41.401 E/AndroidRuntime( 2496): 	at java.lang.reflect.Method.invoke(Native Method)
06-06 03:15:41.401 E/AndroidRuntime( 2496): 	at com.android.internal.os.ZygoteInit$MethodAndArgsCaller.run(ZygoteInit.java:866)
06-06 03:15:41.401 E/AndroidRuntime( 2496): 	at com.android.internal.os.ZygoteInit.main(ZygoteInit.java:756)
06-06 03:15:41.401 E/AndroidRuntime( 2496): Caused by: android.content.res.Resources$NotFoundException: String resource ID #0x0
06-06 03:15:41.401 E/AndroidRuntime( 2496): 	at android.content.res.Resources.getText(Resources.java:331)
06-06 03:15:41.401 E/AndroidRuntime( 2496): 	at android.content.res.Resources.getString(Resources.java:377)
06-06 03:15:41.401 E/AndroidRuntime( 2496): 	at android.content.Context.getString(Context.java:476)
06-06 03:15:41.401 E/AndroidRuntime( 2496): 	at com.evancharlton.mileage.adapters.VehicleStatisticsAdapter$StatisticHolder.<init>(VehicleStatisticsAdapter.java:209)
06-06 03:15:41.401 E/AndroidRuntime( 2496): 	at com.evancharlton.mileage.adapters.VehicleStatisticsAdapter.<init>(VehicleStatisticsAdapter.java:48)
06-06 03:15:41.401 E/AndroidRuntime( 2496): 	at com.evancharlton.mileage.VehicleStatisticsActivity.setAdapter(VehicleStatisticsActivity.java:197)
06-06 03:15:41.401 E/AndroidRuntime( 2496): 	at com.evancharlton.mileage.VehicleStatisticsActivity.recalculate(VehicleStatisticsActivity.java:175)
06-06 03:15:41.401 E/AndroidRuntime( 2496): 	at com.evancharlton.mileage.VehicleStatisticsActivity.onCreate(VehicleStatisticsActivity.java:131)
06-06 03:15:41.401 E/AndroidRuntime( 2496): 	at android.app.Activity.performCreate(Activity.java:6662)
06-06 03:15:41.401 E/AndroidRuntime( 2496): 	at android.app.Instrumentation.callActivityOnCreate(Instrumentation.java:1118)
06-06 03:15:41.401 E/AndroidRuntime( 2496): 	at android.app.ActivityThread.performLaunchActivity(ActivityThread.java:2599)
06-06 03:15:41.401 E/AndroidRuntime( 2496): 	... 16 more
06-06 03:15:41.402 I/Process ( 2496): Sending signal. PID: 2496 SIG: 9
06-06 03:15:41.414 V/PhoneStatusBar( 1711): setLightsOn(true)
06-06 03:15:41.450 W/InputDispatcher( 1630): channel '54fb0c5 com.evancharlton.mileage/com.evancharlton.mileage.Mileage (server)' ~ Consumer closed input channel or an error occurred.  events=0x9
06-06 03:15:41.450 E/InputDispatcher( 1630): channel '54fb0c5 com.evancharlton.mileage/com.evancharlton.mileage.Mileage (server)' ~ Channel is unrecoverably broken and will be disposed!
06-06 03:15:41.451 I/WindowManager( 1630): WIN DEATH: Window{54fb0c5 u0 com.evancharlton.mileage/com.evancharlton.mileage.Mileage}
06-06 03:15:41.451 W/InputDispatcher( 1630): Attempted to unregister already unregistered input channel '54fb0c5 com.evancharlton.mileage/com.evancharlton.mileage.Mileage (server)'
06-06 03:15:41.451 I/WindowManager( 1630): Destroying surface Surface(name=com.evancharlton.mileage/com.evancharlton.mileage.Mileage) called by com.android.server.wm.WindowStateAnimator.destroySurface:2016 com.android.server.wm.WindowStateAnimator.destroySurfaceLocked:882 com.android.server.wm.WindowState.removeLocked:1456 com.android.server.wm.WindowManagerService.removeWindowInnerLocked:2484 com.android.server.wm.WindowManagerService.removeWindowLocked:2442 com.android.server.wm.WindowState$DeathRecipient.binderDied:1787 android.os.BinderProxy.sendDeathNotice:688 <bottom of call stack> 
06-06 03:15:41.452 V/PhoneStatusBar( 1711): setLightsOn(true)
06-06 03:15:41.452 I/ActivityManager( 1630): Process com.evancharlton.mileage (pid 2496) has died
06-06 03:15:41.452 D/ActivityManager( 1630): cleanUpApplicationRecord -- 2496
06-06 03:15:41.452 W/ActivityManager( 1630): Scheduling restart of crashed service com.evancharlton.mileage/.services.AutomaticBackupService in 1000ms
06-06 03:15:41.452 W/ActivityManager( 1630): Force removing ActivityRecord{410fe5e u0 com.evancharlton.mileage/.Mileage t12668}: app died, no saved state
06-06 03:15:41.453 W/ActivityManager( 1630): Crash of app com.evancharlton.mileage running instrumentation ComponentInfo{com.evancharlton.mileage.test/sh.calaba.instrumentationbackend.CalabashInstrumentationTestRunner}
06-06 03:15:41.453 I/ActivityManager( 1630): Force stopping com.evancharlton.mileage appid=10422 user=0: finished inst
06-06 03:15:41.453 I/ActivityManager( 1630):   Force stopping service ServiceRecord{f239dca u0 com.evancharlton.mileage/.services.AutomaticBackupService}
06-06 03:15:41.498 D/EGL_emulation( 1711): eglMakeCurrent: 0xa7985720: ver 2 0 (tinfo 0xa7983770)
06-06 03:15:41.499 D/EGL_emulation( 2078): eglMakeCurrent: 0x9852d440: ver 2 0 (tinfo 0xa3d30310)
06-06 03:15:41.514 D/EGL_emulation( 1711): eglMakeCurrent: 0xa7985720: ver 2 0 (tinfo 0xa7983770)
06-06 03:15:41.516 D/EGL_emulation( 1711): eglMakeCurrent: 0xa7985720: ver 2 0 (tinfo 0xa7983770)
06-06 03:15:41.530 D/EGL_emulation( 1711): eglMakeCurrent: 0xa7985720: ver 2 0 (tinfo 0xa7983770)
06-06 03:15:41.532 D/EGL_emulation( 1711): eglMakeCurrent: 0xa7985720: ver 2 0 (tinfo 0xa7983770)
06-06 03:15:41.541 E/SurfaceFlinger( 1347): ro.sf.lcd_density must be defined as a build property
06-06 03:15:41.542 D/gralloc_ranchu( 1347): gralloc_alloc: Creating ashmem region of size 9592832
06-06 03:15:41.547 D/EGL_emulation( 1711): eglMakeCurrent: 0xa7985720: ver 2 0 (tinfo 0xa7983770)
06-06 03:15:41.547 D/        ( 2541): HostConnection::get() New Host Connection established 0xb059b2c0, tid 2541
06-06 03:15:41.553 E/EGL_emulation( 1347): tid 1347: eglCreateSyncKHR(1901): error 0x3004 (EGL_BAD_ATTRIBUTE)
06-06 03:15:41.579 D/EGL_emulation( 1711): eglMakeCurrent: 0xa7985720: ver 2 0 (tinfo 0xa7983770)
06-06 03:15:41.582 D/EGL_emulation( 1711): eglMakeCurrent: 0xa7985720: ver 2 0 (tinfo 0xa7983770)
06-06 03:15:41.584 D/EGL_emulation( 1711): eglMakeCurrent: 0xa7985720: ver 2 0 (tinfo 0xa7983770)
06-06 03:15:41.597 D/EGL_emulation( 1711): eglMakeCurrent: 0xa7985720: ver 2 0 (tinfo 0xa7983770)
06-06 03:15:41.598 D/EGL_emulation( 1711): eglMakeCurrent: 0xa7985720: ver 2 0 (tinfo 0xa7983770)
06-06 03:15:41.613 D/EGL_emulation( 1711): eglMakeCurrent: 0xa7985720: ver 2 0 (tinfo 0xa7983770)
06-06 03:15:41.616 D/EGL_emulation( 1711): eglMakeCurrent: 0xa7985720: ver 2 0 (tinfo 0xa7983770)
06-06 03:15:41.630 D/EGL_emulation( 1711): eglMakeCurrent: 0xa7985720: ver 2 0 (tinfo 0xa7983770)
06-06 03:15:41.632 D/EGL_emulation( 1711): eglMakeCurrent: 0xa7985720: ver 2 0 (tinfo 0xa7983770)
06-06 03:15:41.652 D/EGL_emulation( 1711): eglMakeCurrent: 0xa7985720: ver 2 0 (tinfo 0xa7983770)
06-06 03:15:41.654 D/EGL_emulation( 1711): eglMakeCurrent: 0xa7985720: ver 2 0 (tinfo 0xa7983770)
06-06 03:15:41.664 D/EGL_emulation( 1711): eglMakeCurrent: 0xa7985720: ver 2 0 (tinfo 0xa7983770)
06-06 03:15:41.667 D/EGL_emulation( 1711): eglMakeCurrent: 0xa7985720: ver 2 0 (tinfo 0xa7983770)
06-06 03:15:41.681 D/EGL_emulation( 1711): eglMakeCurrent: 0xa7985720: ver 2 0 (tinfo 0xa7983770)
