--------- beginning of main
06-05 12:37:33.346 D/EGL_emulation( 1792): eglMakeCurrent: 0x992abea0: ver 2 0 (tinfo 0xa5a6f110)
06-05 12:37:33.348 D/EGL_emulation( 2389): eglMakeCurrent: 0xb1284ec0: ver 2 0 (tinfo 0x98c170c0)
06-05 12:37:33.348 W/OpenGLRenderer( 2389): Incorrectly called buildLayer on View: ShortcutAndWidgetContainer, destroying layer...
06-05 12:37:33.348 D/EGL_emulation( 1792): eglMakeCurrent: 0x992abea0: ver 2 0 (tinfo 0xa5a6f110)
06-05 12:37:33.363 D/EGL_emulation( 1792): eglMakeCurrent: 0x992abea0: ver 2 0 (tinfo 0xa5a6f110)
06-05 12:37:33.364 D/EGL_emulation( 1792): eglMakeCurrent: 0x992abea0: ver 2 0 (tinfo 0xa5a6f110)
06-05 12:37:33.379 D/EGL_emulation( 1792): eglMakeCurrent: 0x992abea0: ver 2 0 (tinfo 0xa5a6f110)
06-05 12:37:33.381 D/EGL_emulation( 1792): eglMakeCurrent: 0x992abea0: ver 2 0 (tinfo 0xa5a6f110)
06-05 12:37:33.396 D/EGL_emulation( 1792): eglMakeCurrent: 0x992abea0: ver 2 0 (tinfo 0xa5a6f110)
06-05 12:37:33.398 D/EGL_emulation( 1792): eglMakeCurrent: 0x992abea0: ver 2 0 (tinfo 0xa5a6f110)
06-05 12:37:33.413 D/EGL_emulation( 1792): eglMakeCurrent: 0x992abea0: ver 2 0 (tinfo 0xa5a6f110)
06-05 12:37:33.414 D/EGL_emulation( 1792): eglMakeCurrent: 0x992abea0: ver 2 0 (tinfo 0xa5a6f110)
06-05 12:37:33.430 D/EGL_emulation( 1792): eglMakeCurrent: 0x992abea0: ver 2 0 (tinfo 0xa5a6f110)
06-05 12:37:33.431 D/EGL_emulation( 1792): eglMakeCurrent: 0x992abea0: ver 2 0 (tinfo 0xa5a6f110)
06-05 12:37:33.446 D/EGL_emulation( 1792): eglMakeCurrent: 0x992abea0: ver 2 0 (tinfo 0xa5a6f110)
06-05 12:37:33.449 D/EGL_emulation( 1792): eglMakeCurrent: 0x992abea0: ver 2 0 (tinfo 0xa5a6f110)
06-05 12:37:33.459 D/AndroidRuntime(14926): >>>>>> START com.android.internal.os.RuntimeInit uid 2000 <<<<<<
06-05 12:37:33.460 D/AndroidRuntime(14926): CheckJNI is ON
06-05 12:37:33.463 D/EGL_emulation( 1792): eglMakeCurrent: 0x992abea0: ver 2 0 (tinfo 0xa5a6f110)
06-05 12:37:33.464 D/EGL_emulation( 1792): eglMakeCurrent: 0x992abea0: ver 2 0 (tinfo 0xa5a6f110)
06-05 12:37:33.471 W/art     (14926): Unexpected CPU variant for X86 using defaults: x86
06-05 12:37:33.473 D/ICU     (14926): No timezone override file found: /data/misc/zoneinfo/current/icu/icu_tzdata.dat
06-05 12:37:33.479 D/EGL_emulation( 1792): eglMakeCurrent: 0x992abea0: ver 2 0 (tinfo 0xa5a6f110)
06-05 12:37:33.480 E/memtrack(14926): Couldn't load memtrack module (No such file or directory)
06-05 12:37:33.480 E/android.os.Debug(14926): failed to load memtrack module: -2
06-05 12:37:33.480 I/Radio-JNI(14926): register_android_hardware_Radio DONE
06-05 12:37:33.484 D/AndroidRuntime(14926): Calling main entry com.android.commands.am.Am
--------- beginning of system
06-05 12:37:33.485 I/ActivityManager( 1659): Force stopping com.evancharlton.mileage appid=10082 user=0: start instr
06-05 12:37:33.488 I/art     (14936): Not late-enabling -Xcheck:jni (already on)
06-05 12:37:33.488 W/art     (14936): Unexpected CPU variant for X86 using defaults: x86
06-05 12:37:33.496 I/ActivityManager( 1659): Start proc 14936:com.evancharlton.mileage/u0a82 for added application com.evancharlton.mileage
06-05 12:37:33.496 D/AndroidRuntime(14926): Shutting down VM
06-05 12:37:33.497 D/EGL_emulation( 1792): eglMakeCurrent: 0x992abea0: ver 2 0 (tinfo 0xa5a6f110)
06-05 12:37:33.499 D/EGL_emulation( 1792): eglMakeCurrent: 0x992abea0: ver 2 0 (tinfo 0xa5a6f110)
06-05 12:37:33.500 W/System  (14936): ClassLoader referenced unknown path: /data/app/com.evancharlton.mileage.test-1/lib/x86
06-05 12:37:33.500 W/System  (14936): ClassLoader referenced unknown path: /data/app/com.evancharlton.mileage-1/lib/x86
06-05 12:37:33.503 W/System  (14936): ClassLoader referenced unknown path: 
06-05 12:37:33.506 I/System.out(14936): Main activity name automatically set to: com.evancharlton.mileage.Mileage
06-05 12:37:33.506 I/System.out(14936): Calabash did not load Mono. This is only a problem if you are trying to test a Mono application
06-05 12:37:33.506 I/calabash(14936): Test server port: 7102
06-05 12:37:33.507 I/InstrumentationBackend(14936): Added:'GetPreferences', with key:'get_preferences'
06-05 12:37:33.510 I/InstrumentationBackend(14936): Added:'SetPreferences', with key:'set_preferences'
06-05 12:37:33.510 I/InstrumentationBackend(14936): Added:'ClearPreferences', with key:'clear_preferences'
06-05 12:37:33.510 I/InstrumentationBackend(14936): Added:'PressElement', with key:'press_l10n_element'
06-05 12:37:33.510 I/InstrumentationBackend(14936): Added:'WaitForElement', with key:'wait_for_l10n_element'
06-05 12:37:33.511 I/InstrumentationBackend(14936): Added:'NullAction', with key:'nullAction'
06-05 12:37:33.511 I/InstrumentationBackend(14936): Added:'PressKey', with key:'press_key'
06-05 12:37:33.511 I/InstrumentationBackend(14936): Added:'SetActivityOrientation', with key:'set_activity_orientation'
06-05 12:37:33.511 I/InstrumentationBackend(14936): Added:'GetActivityOrientation', with key:'get_activity_orientation'
06-05 12:37:33.511 I/InstrumentationBackend(14936): Added:'FakeGPSLocation', with key:'set_gps_coordinates'
06-05 12:37:33.511 I/InstrumentationBackend(14936): Added:'SetPropertyByCssSelector', with key:'set_property_by_css_selector'
06-05 12:37:33.511 I/InstrumentationBackend(14936): Added:'GetUrl', with key:'get_url'
06-05 12:37:33.511 I/InstrumentationBackend(14936): Added:'ScrollTo', with key:'scroll_to'
06-05 12:37:33.511 I/InstrumentationBackend(14936): Added:'GetLoadProgress', with key:'get_load_progress'
06-05 12:37:33.511 I/InstrumentationBackend(14936): Added:'DumpHtml', with key:'dump_html'
06-05 12:37:33.511 I/InstrumentationBackend(14936): Added:'DumpBodyHtml', with key:'dump_body_html'
06-05 12:37:33.511 I/InstrumentationBackend(14936): Added:'EnterTextByCssSelector', with key:'enter_text_by_selector'
06-05 12:37:33.512 I/InstrumentationBackend(14936): Added:'AndroidSDKVersion', with key:'android_sdk_version'
06-05 12:37:33.512 I/InstrumentationBackend(14936): Added:'Version', with key:'version'
06-05 12:37:33.512 I/InstrumentationBackend(14936): Added:'Drag', with key:'drag'
06-05 12:37:33.512 I/InstrumentationBackend(14936): Added:'TouchCoordinates', with key:'touch_coordinate'
06-05 12:37:33.512 I/InstrumentationBackend(14936): Added:'LongPressCoordinate', with key:'long_press_coordinate'
06-05 12:37:33.512 I/InstrumentationBackend(14936): Added:'DragCoordinates', with key:'drag_coordinates'
06-05 12:37:33.512 I/InstrumentationBackend(14936): Added:'ResumeApplication', with key:'resume_application'
06-05 12:37:33.512 I/InstrumentationBackend(14936): Added:'Swipe', with key:'swipe'
06-05 12:37:33.512 I/InstrumentationBackend(14936): Added:'DoubleTapCoordinate', with key:'double_tap_coordinate'
06-05 12:37:33.512 I/InstrumentationBackend(14936): Added:'ClickOnScreen', with key:'click_on_screen'
06-05 12:37:33.512 I/InstrumentationBackend(14936): Added:'GetActivityName', with key:'get_activity_name'
06-05 12:37:33.512 I/InstrumentationBackend(14936): Added:'ScrollToView', with key:'scroll_to_view'
06-05 12:37:33.512 I/InstrumentationBackend(14936): Added:'ViewConfiguration', with key:'view_configuration'
06-05 12:37:33.512 I/InstrumentationBackend(14936): Added:'IsCurrentActivityFocused', with key:'is_current_activity_focused'
06-05 12:37:33.512 I/InstrumentationBackend(14936): Added:'SendTcp', with key:'send_tcp'
06-05 12:37:33.513 I/InstrumentationBackend(14936): Added:'DpToDevicePixel', with key:'dp_to_device_pixel'
06-05 12:37:33.513 D/EGL_emulation( 1792): eglMakeCurrent: 0x992abea0: ver 2 0 (tinfo 0xa5a6f110)
06-05 12:37:33.513 I/InstrumentationBackend(14936): Added:'KeyboardEnterText', with key:'keyboard_enter_text'
06-05 12:37:33.513 I/InstrumentationBackend(14936): Added:'DeleteSurroundingText', with key:'delete_surrounding_text'
06-05 12:37:33.513 I/InstrumentationBackend(14936): Added:'SetComposingRegion', with key:'set_composing_region'
06-05 12:37:33.513 I/InstrumentationBackend(14936): Added:'SetSelection', with key:'set_selection'
06-05 12:37:33.513 I/InstrumentationBackend(14936): Added:'KeyboardKeyEvent', with key:'keyboard_key_event'
06-05 12:37:33.513 I/InstrumentationBackend(14936): Added:'PressUserActionButton', with key:'press_user_action_button'
06-05 12:37:33.513 I/InstrumentationBackend(14936): Added:'HideSoftKeyboard', with key:'hide_soft_keyboard'
06-05 12:37:33.513 I/InstrumentationBackend(14936): Added:'ListActions', with key:'list_actions'
06-05 12:37:33.514 I/calabash(14936): Instantiating http server at 7102
06-05 12:37:33.514 I/System.out(14936): HTTP Daemon listening on: 7102
06-05 12:37:33.514 D/EGL_emulation( 1792): eglMakeCurrent: 0x992abea0: ver 2 0 (tinfo 0xa5a6f110)
06-05 12:37:33.532 D/EGL_emulation( 1792): eglMakeCurrent: 0x992abea0: ver 2 0 (tinfo 0xa5a6f110)
06-05 12:37:33.609 I/System.out(14936): URI: //ping
06-05 12:37:33.609 I/System.out(14936): params: {json={}
06-05 12:37:33.609 I/System.out(14936): }
06-05 12:37:33.617 I/System.out(14936): URI: //ping
06-05 12:37:33.617 I/System.out(14936): params: {json={}
06-05 12:37:33.617 I/System.out(14936): }
06-05 12:37:33.623 I/System.out(14936): URI: //ready
06-05 12:37:33.623 I/System.out(14936): params: {json={}
06-05 12:37:33.623 I/System.out(14936): }
06-05 12:37:33.629 I/System.out(14936): URI: //
06-05 12:37:33.629 I/System.out(14936): params: {json={"command":"version","arguments":[]}
06-05 12:37:33.629 I/System.out(14936): }
06-05 12:37:33.629 I/System.out(14936): header: {content-type=application/json;charset=utf-8, date=Fri, 05 Jun 2020 17:37:34 GMT, accept=*/*, host=127.0.0.1:34782, content-length=36, user-agent=HTTPClient/1.0 (2.8.3, ruby 2.5.1 (2018-03-29))}
06-05 12:37:33.629 I/System.out(14936): params: {json={"command":"version","arguments":[]}
06-05 12:37:33.629 I/System.out(14936): }
06-05 12:37:33.629 I/System.out(14936): ProP json = {"command":"version","arguments":[]}
06-05 12:37:33.629 I/System.out(14936): files: {}
06-05 12:37:33.629 I/System.out(14936): command: {"command":"version","arguments":[]}
06-05 12:37:33.639 I/InstrumentationBackend(14936): Got command:'Command:'Line:null,version', arguments:'[]'
06-05 12:37:33.656 I/System.out(14936): result:{"bonusInformation":[],"message":"0.9.8","success":true}
06-05 12:37:33.659 I/System.out(14936): URI: //start-application
06-05 12:37:33.659 I/System.out(14936): params: {json={"intent":null}
06-05 12:37:33.659 I/System.out(14936): }
06-05 12:37:33.672 I/ActivityManager( 1659): START u0 {act=android.intent.action.MAIN cat=[android.intent.category.LAUNCHER] flg=0x10200000 cmp=com.evancharlton.mileage/.Mileage} from uid 10082 on display 0
06-05 12:37:33.677 I/calabash(14936): newActivity1
06-05 12:37:33.686 I/calabash(14936): newActivity1
06-05 12:37:33.687 W/ActivityManager( 1659): Bad activity token: android.os.BinderProxy@c91977b
06-05 12:37:33.687 W/ActivityManager( 1659): java.lang.ClassCastException: android.os.BinderProxy cannot be cast to com.android.server.am.ActivityRecord$Token
06-05 12:37:33.687 W/ActivityManager( 1659): 	at com.android.server.am.ActivityRecord.forTokenLocked(ActivityRecord.java:586)
06-05 12:37:33.687 W/ActivityManager( 1659): 	at com.android.server.am.ActivityRecord.isInStackLocked(ActivityRecord.java:1327)
06-05 12:37:33.687 W/ActivityManager( 1659): 	at com.android.server.am.ActivityRecord.getStackLocked(ActivityRecord.java:1332)
06-05 12:37:33.687 W/ActivityManager( 1659): 	at com.android.server.am.ActivityManagerService.getActivityDisplayId(ActivityManagerService.java:9806)
06-05 12:37:33.687 W/ActivityManager( 1659): 	at android.app.ActivityManagerNative.onTransact(ActivityManagerNative.java:2566)
06-05 12:37:33.687 W/ActivityManager( 1659): 	at com.android.server.am.ActivityManagerService.onTransact(ActivityManagerService.java:2757)
06-05 12:37:33.687 W/ActivityManager( 1659): 	at android.os.Binder.execTransact(Binder.java:565)
06-05 12:37:33.688 W/ActivityManager( 1659): Bad activity token: android.os.BinderProxy@c91977b
06-05 12:37:33.688 W/ActivityManager( 1659): java.lang.ClassCastException: android.os.BinderProxy cannot be cast to com.android.server.am.ActivityRecord$Token
06-05 12:37:33.688 W/ActivityManager( 1659): 	at com.android.server.am.ActivityRecord.forTokenLocked(ActivityRecord.java:586)
06-05 12:37:33.688 W/ActivityManager( 1659): 	at com.android.server.am.ActivityRecord.isInStackLocked(ActivityRecord.java:1327)
06-05 12:37:33.688 W/ActivityManager( 1659): 	at com.android.server.am.ActivityManagerService.setTaskDescription(ActivityManagerService.java:9358)
06-05 12:37:33.688 W/ActivityManager( 1659): 	at android.app.ActivityManagerNative.onTransact(ActivityManagerNative.java:2639)
06-05 12:37:33.688 W/ActivityManager( 1659): 	at com.android.server.am.ActivityManagerService.onTransact(ActivityManagerService.java:2757)
06-05 12:37:33.688 W/ActivityManager( 1659): 	at android.os.Binder.execTransact(Binder.java:565)
06-05 12:37:33.689 W/ActivityManager( 1659): Bad activity token: android.os.BinderProxy@c91977b
06-05 12:37:33.689 W/ActivityManager( 1659): java.lang.ClassCastException: android.os.BinderProxy cannot be cast to com.android.server.am.ActivityRecord$Token
06-05 12:37:33.689 W/ActivityManager( 1659): 	at com.android.server.am.ActivityRecord.forTokenLocked(ActivityRecord.java:586)
06-05 12:37:33.689 W/ActivityManager( 1659): 	at com.android.server.am.ActivityRecord.isInStackLocked(ActivityRecord.java:1327)
06-05 12:37:33.689 W/ActivityManager( 1659): 	at com.android.server.am.ActivityRecord.getStackLocked(ActivityRecord.java:1332)
06-05 12:37:33.689 W/ActivityManager( 1659): 	at com.android.server.am.ActivityManagerService.getActivityStackId(ActivityManagerService.java:9817)
06-05 12:37:33.689 W/ActivityManager( 1659): 	at android.app.ActivityManagerNative.onTransact(ActivityManagerNative.java:2856)
06-05 12:37:33.689 W/ActivityManager( 1659): 	at com.android.server.am.ActivityManagerService.onTransact(ActivityManagerService.java:2757)
06-05 12:37:33.689 W/ActivityManager( 1659): 	at android.os.Binder.execTransact(Binder.java:565)
06-05 12:37:33.697 D/gralloc_ranchu( 1352): gralloc_alloc: Creating ashmem region of size 9023488
06-05 12:37:33.709 W/ActivityManager( 1659): Bad activity token: android.os.BinderProxy@c91977b
06-05 12:37:33.709 W/ActivityManager( 1659): java.lang.ClassCastException: android.os.BinderProxy cannot be cast to com.android.server.am.ActivityRecord$Token
06-05 12:37:33.709 W/ActivityManager( 1659): 	at com.android.server.am.ActivityRecord.forTokenLocked(ActivityRecord.java:586)
06-05 12:37:33.709 W/ActivityManager( 1659): 	at com.android.server.am.ActivityRecord.isInStackLocked(ActivityRecord.java:1327)
06-05 12:37:33.709 W/ActivityManager( 1659): 	at com.android.server.am.ActivityManagerService.getActivityOptions(ActivityManagerService.java:12559)
06-05 12:37:33.709 W/ActivityManager( 1659): 	at android.app.ActivityManagerNative.onTransact(ActivityManagerNative.java:1933)
06-05 12:37:33.709 W/ActivityManager( 1659): 	at com.android.server.am.ActivityManagerService.onTransact(ActivityManagerService.java:2757)
06-05 12:37:33.709 W/ActivityManager( 1659): 	at android.os.Binder.execTransact(Binder.java:565)
06-05 12:37:33.710 W/ActivityManager( 1659): Bad activity token: android.os.BinderProxy@c91977b
06-05 12:37:33.710 W/ActivityManager( 1659): java.lang.ClassCastException: android.os.BinderProxy cannot be cast to com.android.server.am.ActivityRecord$Token
06-05 12:37:33.710 W/ActivityManager( 1659): 	at com.android.server.am.ActivityRecord.forTokenLocked(ActivityRecord.java:586)
06-05 12:37:33.710 W/ActivityManager( 1659): 	at com.android.server.am.ActivityRecord.isInStackLocked(ActivityRecord.java:1327)
06-05 12:37:33.710 W/ActivityManager( 1659): 	at com.android.server.am.ActivityManagerService.getActivityOptions(ActivityManagerService.java:12559)
06-05 12:37:33.710 W/ActivityManager( 1659): 	at android.app.ActivityManagerNative.onTransact(ActivityManagerNative.java:1933)
06-05 12:37:33.710 W/ActivityManager( 1659): 	at com.android.server.am.ActivityManagerService.onTransact(ActivityManagerService.java:2757)
06-05 12:37:33.710 W/ActivityManager( 1659): 	at android.os.Binder.execTransact(Binder.java:565)
06-05 12:37:33.722 V/PhoneStatusBar( 1792): setLightsOn(true)
06-05 12:37:33.731 D/EGL_emulation( 2389): eglMakeCurrent: 0xb1284ec0: ver 2 0 (tinfo 0x98c170c0)
06-05 12:37:33.731 D/EGL_emulation( 1792): eglMakeCurrent: 0x992abea0: ver 2 0 (tinfo 0xa5a6f110)
06-05 12:37:33.746 D/gralloc_ranchu( 1352): gralloc_alloc: Creating ashmem region of size 9023488
06-05 12:37:33.749 D/EGL_emulation( 1792): eglMakeCurrent: 0x992abea0: ver 2 0 (tinfo 0xa5a6f110)
06-05 12:37:33.750 D/        (14936): HostConnection::get() New Host Connection established 0x99fb5540, tid 14936
06-05 12:37:33.774 D/EGL_emulation( 1792): eglMakeCurrent: 0x992abea0: ver 2 0 (tinfo 0xa5a6f110)
06-05 12:37:33.775 V/PhoneStatusBar( 1792): setLightsOn(true)
06-05 12:37:33.776 D/EGL_emulation( 1792): eglMakeCurrent: 0x992abea0: ver 2 0 (tinfo 0xa5a6f110)
06-05 12:37:33.779 D/EGL_emulation( 1792): eglMakeCurrent: 0x992abea0: ver 2 0 (tinfo 0xa5a6f110)
06-05 12:37:33.780 D/EGL_emulation( 1792): eglMakeCurrent: 0x992abea0: ver 2 0 (tinfo 0xa5a6f110)
06-05 12:37:33.781 D/EGL_emulation( 1792): eglMakeCurrent: 0x992abea0: ver 2 0 (tinfo 0xa5a6f110)
06-05 12:37:33.788 I/ActivityManager( 1659): Displayed com.evancharlton.mileage/.Mileage: +114ms
06-05 12:37:33.799 D/gralloc_ranchu( 1352): gralloc_alloc: Creating ashmem region of size 9023488
06-05 12:37:33.800 D/EGL_emulation( 1792): eglMakeCurrent: 0x992abea0: ver 2 0 (tinfo 0xa5a6f110)
06-05 12:37:33.829 D/EGL_emulation( 1792): eglMakeCurrent: 0x992abea0: ver 2 0 (tinfo 0xa5a6f110)
06-05 12:37:33.843 D/EGL_emulation( 1792): eglMakeCurrent: 0x992abea0: ver 2 0 (tinfo 0xa5a6f110)
06-05 12:37:33.860 D/EGL_emulation( 1792): eglMakeCurrent: 0x992abea0: ver 2 0 (tinfo 0xa5a6f110)
06-05 12:37:33.861 V/PhoneStatusBar( 1792): setLightsOn(true)
06-05 12:37:33.866 D/EGL_emulation( 1792): eglMakeCurrent: 0x992abea0: ver 2 0 (tinfo 0xa5a6f110)
06-05 12:37:33.871 D/EGL_emulation( 1792): eglMakeCurrent: 0x992abea0: ver 2 0 (tinfo 0xa5a6f110)
06-05 12:37:33.885 D/EGL_emulation( 1792): eglMakeCurrent: 0x992abea0: ver 2 0 (tinfo 0xa5a6f110)
06-05 12:37:33.889 D/EGL_emulation( 1792): eglMakeCurrent: 0x992abea0: ver 2 0 (tinfo 0xa5a6f110)
06-05 12:37:33.898 D/EGL_emulation( 1792): eglMakeCurrent: 0x992abea0: ver 2 0 (tinfo 0xa5a6f110)
06-05 12:37:33.901 D/EGL_emulation( 1792): eglMakeCurrent: 0x992abea0: ver 2 0 (tinfo 0xa5a6f110)
06-05 12:37:33.906 I/System.out(14936): URI: //map
06-05 12:37:33.906 I/System.out(14936): params: {json={"query":"* marked:'Statistics'","operation":{"method_name":"query","arguments":[]}}
06-05 12:37:33.906 I/System.out(14936): }
06-05 12:37:33.913 D/EGL_emulation( 1792): eglMakeCurrent: 0x992abea0: ver 2 0 (tinfo 0xa5a6f110)
06-05 12:37:33.915 D/EGL_emulation( 1792): eglMakeCurrent: 0x992abea0: ver 2 0 (tinfo 0xa5a6f110)
06-05 12:37:33.921 W/ResourceType(14936): No package identifier when getting name for resource number 0x00000001
06-05 12:37:33.930 D/EGL_emulation( 1792): eglMakeCurrent: 0x992abea0: ver 2 0 (tinfo 0xa5a6f110)
06-05 12:37:33.932 D/EGL_emulation( 1792): eglMakeCurrent: 0x992abea0: ver 2 0 (tinfo 0xa5a6f110)
06-05 12:37:33.936 I/System.out(14936): URI: //gesture
06-05 12:37:33.936 I/System.out(14936): params: {json={"query_timeout":5.0,"gestures":[{"query_string":"* marked:'Statistics'","touches":[{"x":50,"y":50,"offset_x":0,"offset_y":0,"wait":0.0,"time":0.2,"release":true,"query_string":null}]}]}
06-05 12:37:33.936 I/System.out(14936): }
06-05 12:37:33.941 W/ResourceType(14936): No package identifier when getting name for resource number 0x00000001
06-05 12:37:33.952 D/EGL_emulation( 1792): eglMakeCurrent: 0x992abea0: ver 2 0 (tinfo 0xa5a6f110)
06-05 12:37:33.979 I/WindowManager( 1659): Destroying surface Surface(name=Starting com.evancharlton.mileage) called by com.android.server.wm.WindowStateAnimator.destroySurface:2016 com.android.server.wm.WindowStateAnimator.destroySurfaceLocked:882 com.android.server.wm.WindowState.destroyOrSaveSurface:2100 com.android.server.wm.AppWindowToken.destroySurfaces:363 com.android.server.wm.WindowStateAnimator.finishExit:565 com.android.server.wm.WindowStateAnimator.stepAnimationLocked:491 com.android.server.wm.WindowAnimator.updateWindowsLocked:303 com.android.server.wm.WindowAnimator.animateLocked:704 
06-05 12:37:33.981 V/PhoneStatusBar( 1792): setLightsOn(true)
06-05 12:37:34.015 V/PhoneStatusBar( 1792): setLightsOn(true)
06-05 12:37:34.164 I/calabash(14936): newActivity1
06-05 12:37:34.173 I/System.out(14936): URI: //map
06-05 12:37:34.173 I/System.out(14936): params: {json={"query":"android.widget.ScrollView index:0","operation":{"method_name":"query","arguments":[]}}
06-05 12:37:34.173 I/System.out(14936): }
06-05 12:37:34.176 W/ActivityManager( 1659): Bad activity token: android.os.BinderProxy@888e9d
06-05 12:37:34.176 W/ActivityManager( 1659): java.lang.ClassCastException: android.os.BinderProxy cannot be cast to com.android.server.am.ActivityRecord$Token
06-05 12:37:34.176 W/ActivityManager( 1659): 	at com.android.server.am.ActivityRecord.forTokenLocked(ActivityRecord.java:586)
06-05 12:37:34.176 W/ActivityManager( 1659): 	at com.android.server.am.ActivityRecord.isInStackLocked(ActivityRecord.java:1327)
06-05 12:37:34.176 W/ActivityManager( 1659): 	at com.android.server.am.ActivityRecord.getStackLocked(ActivityRecord.java:1332)
06-05 12:37:34.176 W/ActivityManager( 1659): 	at com.android.server.am.ActivityManagerService.getActivityDisplayId(ActivityManagerService.java:9806)
06-05 12:37:34.176 W/ActivityManager( 1659): 	at android.app.ActivityManagerNative.onTransact(ActivityManagerNative.java:2566)
06-05 12:37:34.176 W/ActivityManager( 1659): 	at com.android.server.am.ActivityManagerService.onTransact(ActivityManagerService.java:2757)
06-05 12:37:34.176 W/ActivityManager( 1659): 	at android.os.Binder.execTransact(Binder.java:565)
06-05 12:37:34.177 W/ActivityManager( 1659): Bad activity token: android.os.BinderProxy@888e9d
06-05 12:37:34.177 W/ActivityManager( 1659): java.lang.ClassCastException: android.os.BinderProxy cannot be cast to com.android.server.am.ActivityRecord$Token
06-05 12:37:34.177 W/ActivityManager( 1659): 	at com.android.server.am.ActivityRecord.forTokenLocked(ActivityRecord.java:586)
06-05 12:37:34.177 W/ActivityManager( 1659): 	at com.android.server.am.ActivityRecord.isInStackLocked(ActivityRecord.java:1327)
06-05 12:37:34.177 W/ActivityManager( 1659): 	at com.android.server.am.ActivityManagerService.setTaskDescription(ActivityManagerService.java:9358)
06-05 12:37:34.177 W/ActivityManager( 1659): 	at android.app.ActivityManagerNative.onTransact(ActivityManagerNative.java:2639)
06-05 12:37:34.177 W/ActivityManager( 1659): 	at com.android.server.am.ActivityManagerService.onTransact(ActivityManagerService.java:2757)
06-05 12:37:34.177 W/ActivityManager( 1659): 	at android.os.Binder.execTransact(Binder.java:565)
06-05 12:37:34.177 W/ActivityManager( 1659): Bad activity token: android.os.BinderProxy@888e9d
06-05 12:37:34.177 W/ActivityManager( 1659): java.lang.ClassCastException: android.os.BinderProxy cannot be cast to com.android.server.am.ActivityRecord$Token
06-05 12:37:34.177 W/ActivityManager( 1659): 	at com.android.server.am.ActivityRecord.forTokenLocked(ActivityRecord.java:586)
06-05 12:37:34.177 W/ActivityManager( 1659): 	at com.android.server.am.ActivityRecord.isInStackLocked(ActivityRecord.java:1327)
06-05 12:37:34.177 W/ActivityManager( 1659): 	at com.android.server.am.ActivityRecord.getStackLocked(ActivityRecord.java:1332)
06-05 12:37:34.177 W/ActivityManager( 1659): 	at com.android.server.am.ActivityManagerService.getActivityStackId(ActivityManagerService.java:9817)
06-05 12:37:34.177 W/ActivityManager( 1659): 	at android.app.ActivityManagerNative.onTransact(ActivityManagerNative.java:2856)
06-05 12:37:34.177 W/ActivityManager( 1659): 	at com.android.server.am.ActivityManagerService.onTransact(ActivityManagerService.java:2757)
06-05 12:37:34.177 W/ActivityManager( 1659): 	at android.os.Binder.execTransact(Binder.java:565)
06-05 12:37:34.179 V/PhoneStatusBar( 1792): setLightsOn(true)
06-05 12:37:34.182 D/VehicleStatisticsActivity(14936): Checking recalculation ...
06-05 12:37:34.182 D/VehicleStatisticsActivity(14936): Recalculating statistics
06-05 12:37:34.182 D/VehicleStatisticsTask(14936): Calculation starting...
06-05 12:37:34.182 D/VehicleStatisticsActivity(14936): Recalculation started!
06-05 12:37:34.183 D/AndroidRuntime(14936): Shutting down VM
--------- beginning of crash
06-05 12:37:34.183 E/AndroidRuntime(14936): FATAL EXCEPTION: main
06-05 12:37:34.183 E/AndroidRuntime(14936): Process: com.evancharlton.mileage, PID: 14936
06-05 12:37:34.183 E/AndroidRuntime(14936): java.lang.RuntimeException: Unable to start activity ComponentInfo{com.evancharlton.mileage/com.evancharlton.mileage.VehicleStatisticsActivity}: java.lang.NullPointerException: Attempt to invoke virtual method 'void android.widget.ListView.setAdapter(android.widget.ListAdapter)' on a null object reference
06-05 12:37:34.183 E/AndroidRuntime(14936): 	at android.app.ActivityThread.performLaunchActivity(ActivityThread.java:2646)
06-05 12:37:34.183 E/AndroidRuntime(14936): 	at android.app.ActivityThread.startActivityNow(ActivityThread.java:2446)
06-05 12:37:34.183 E/AndroidRuntime(14936): 	at android.app.LocalActivityManager.moveToState(LocalActivityManager.java:136)
06-05 12:37:34.183 E/AndroidRuntime(14936): 	at android.app.LocalActivityManager.startActivity(LocalActivityManager.java:348)
06-05 12:37:34.183 E/AndroidRuntime(14936): 	at android.widget.TabHost$IntentContentStrategy.getContentView(TabHost.java:724)
06-05 12:37:34.183 E/AndroidRuntime(14936): 	at android.widget.TabHost.setCurrentTab(TabHost.java:388)
06-05 12:37:34.183 E/AndroidRuntime(14936): 	at android.widget.TabHost$2.onTabSelectionChanged(TabHost.java:158)
06-05 12:37:34.183 E/AndroidRuntime(14936): 	at android.widget.TabWidget$TabClickListener.onClick(TabWidget.java:532)
06-05 12:37:34.183 E/AndroidRuntime(14936): 	at android.view.View.performClick(View.java:5610)
06-05 12:37:34.183 E/AndroidRuntime(14936): 	at android.view.View$PerformClick.run(View.java:22265)
06-05 12:37:34.183 E/AndroidRuntime(14936): 	at android.os.Handler.handleCallback(Handler.java:751)
06-05 12:37:34.183 E/AndroidRuntime(14936): 	at android.os.Handler.dispatchMessage(Handler.java:95)
06-05 12:37:34.183 E/AndroidRuntime(14936): 	at android.os.Looper.loop(Looper.java:154)
06-05 12:37:34.183 E/AndroidRuntime(14936): 	at android.app.ActivityThread.main(ActivityThread.java:6077)
06-05 12:37:34.183 E/AndroidRuntime(14936): 	at java.lang.reflect.Method.invoke(Native Method)
06-05 12:37:34.183 E/AndroidRuntime(14936): 	at com.android.internal.os.ZygoteInit$MethodAndArgsCaller.run(ZygoteInit.java:866)
06-05 12:37:34.183 E/AndroidRuntime(14936): 	at com.android.internal.os.ZygoteInit.main(ZygoteInit.java:756)
06-05 12:37:34.183 E/AndroidRuntime(14936): Caused by: java.lang.NullPointerException: Attempt to invoke virtual method 'void android.widget.ListView.setAdapter(android.widget.ListAdapter)' on a null object reference
06-05 12:37:34.183 E/AndroidRuntime(14936): 	at com.evancharlton.mileage.VehicleStatisticsActivity.setAdapter(VehicleStatisticsActivity.java:200)
06-05 12:37:34.183 E/AndroidRuntime(14936): 	at com.evancharlton.mileage.VehicleStatisticsActivity.recalculate(VehicleStatisticsActivity.java:175)
06-05 12:37:34.183 E/AndroidRuntime(14936): 	at com.evancharlton.mileage.VehicleStatisticsActivity.onCreate(VehicleStatisticsActivity.java:131)
06-05 12:37:34.183 E/AndroidRuntime(14936): 	at android.app.Activity.performCreate(Activity.java:6662)
06-05 12:37:34.183 E/AndroidRuntime(14936): 	at android.app.Instrumentation.callActivityOnCreate(Instrumentation.java:1118)
06-05 12:37:34.183 E/AndroidRuntime(14936): 	at android.app.ActivityThread.performLaunchActivity(ActivityThread.java:2599)
06-05 12:37:34.183 E/AndroidRuntime(14936): 	... 16 more
06-05 12:37:34.184 I/Process (14936): Sending signal. PID: 14936 SIG: 9
06-05 12:37:34.186 W/InputDispatcher( 1659): channel '2603adc com.evancharlton.mileage/com.evancharlton.mileage.Mileage (server)' ~ Consumer closed input channel or an error occurred.  events=0x9
06-05 12:37:34.186 E/InputDispatcher( 1659): channel '2603adc com.evancharlton.mileage/com.evancharlton.mileage.Mileage (server)' ~ Channel is unrecoverably broken and will be disposed!
06-05 12:37:34.186 I/ActivityManager( 1659): Process com.evancharlton.mileage (pid 14936) has died
06-05 12:37:34.186 D/ActivityManager( 1659): cleanUpApplicationRecord -- 14936
06-05 12:37:34.186 W/ActivityManager( 1659): Scheduling restart of crashed service com.evancharlton.mileage/.services.AutomaticBackupService in 1000ms
06-05 12:37:34.186 W/ActivityManager( 1659): Force removing ActivityRecord{fb28a80 u0 com.evancharlton.mileage/.Mileage t144}: app died, no saved state
06-05 12:37:34.196 I/WindowManager( 1659): WIN DEATH: Window{2603adc u0 com.evancharlton.mileage/com.evancharlton.mileage.Mileage}
06-05 12:37:34.196 W/InputDispatcher( 1659): Attempted to unregister already unregistered input channel '2603adc com.evancharlton.mileage/com.evancharlton.mileage.Mileage (server)'
06-05 12:37:34.196 I/WindowManager( 1659): Destroying surface Surface(name=com.evancharlton.mileage/com.evancharlton.mileage.Mileage) called by com.android.server.wm.WindowStateAnimator.destroySurface:2016 com.android.server.wm.WindowStateAnimator.destroySurfaceLocked:882 com.android.server.wm.WindowState.removeLocked:1456 com.android.server.wm.WindowManagerService.removeWindowInnerLocked:2484 com.android.server.wm.WindowManagerService.removeWindowLocked:2442 com.android.server.wm.WindowState$DeathRecipient.binderDied:1787 android.os.BinderProxy.sendDeathNotice:688 <bottom of call stack> 
