--------- beginning of system
06-05 21:21:45.480 W/ActivityManager( 1630): Finishing task with all activities already finished
06-05 21:21:45.480 W/ActivityManager( 1630): Duplicate finish request for ActivityRecord{2fe66ef u0 com.evancharlton.mileage/.Mileage t7508 f}
--------- beginning of main
06-05 21:21:45.494 V/PhoneStatusBar( 1711): setLightsOn(true)
06-05 21:21:45.497 D/gralloc_ranchu( 1347): gralloc_alloc: Creating ashmem region of size 3145728
06-05 21:21:45.503 E/EGL_emulation( 1347): tid 1347: eglCreateSyncKHR(1901): error 0x3004 (EGL_BAD_ATTRIBUTE)
06-05 21:21:45.515 W/ActivityManager( 1630): Finishing task with all activities already finished
06-05 21:21:45.515 W/ActivityManager( 1630): Duplicate finish request for ActivityRecord{2fe66ef u0 com.evancharlton.mileage/.Mileage t7508 f}
06-05 21:21:45.516 W/ActivityManager( 1630): Finishing task with all activities already finished
06-05 21:21:45.516 W/ActivityManager( 1630): Duplicate finish request for ActivityRecord{2fe66ef u0 com.evancharlton.mileage/.Mileage t7508 f}
06-05 21:21:45.516 W/ActivityManager( 1630): Finishing task with all activities already finished
06-05 21:21:45.516 W/ActivityManager( 1630): Duplicate finish request for ActivityRecord{2fe66ef u0 com.evancharlton.mileage/.Mileage t7508 f}
06-05 21:21:45.516 W/ActivityManager( 1630): Finishing task with all activities already finished
06-05 21:21:45.516 W/ActivityManager( 1630): Duplicate finish request for ActivityRecord{2fe66ef u0 com.evancharlton.mileage/.Mileage t7508 f}
06-05 21:21:45.516 W/ActivityManager( 1630): Finishing task with all activities already finished
06-05 21:21:45.516 W/ActivityManager( 1630): Duplicate finish request for ActivityRecord{d143965 u0 com.evancharlton.mileage/.charts.TotalVolumeChart t7508 f}
06-05 21:21:45.516 W/ActivityManager( 1630): Finishing task with all activities already finished
06-05 21:21:45.517 W/ActivityManager( 1630): Duplicate finish request for ActivityRecord{d143965 u0 com.evancharlton.mileage/.charts.TotalVolumeChart t7508 f}
06-05 21:21:45.517 W/ActivityManager( 1630): Finishing task with all activities already finished
06-05 21:21:45.517 W/ActivityManager( 1630): Duplicate finish request for ActivityRecord{2fe66ef u0 com.evancharlton.mileage/.Mileage t7508 f}
06-05 21:21:45.517 W/ActivityManager( 1630): Finishing task with all activities already finished
06-05 21:21:45.517 W/ActivityManager( 1630): Duplicate finish request for ActivityRecord{2fe66ef u0 com.evancharlton.mileage/.Mileage t7508 f}
06-05 21:21:45.562 D/EGL_emulation( 2083): eglMakeCurrent: 0xb0f85240: ver 2 0 (tinfo 0xb0f832d0)
06-05 21:21:45.563 D/EGL_emulation( 1711): eglMakeCurrent: 0xb0f853c0: ver 2 0 (tinfo 0xb0f833e0)
06-05 21:21:45.578 D/EGL_emulation( 1711): eglMakeCurrent: 0xb0f853c0: ver 2 0 (tinfo 0xb0f833e0)
06-05 21:21:45.595 D/EGL_emulation( 1711): eglMakeCurrent: 0xb0f853c0: ver 2 0 (tinfo 0xb0f833e0)
06-05 21:21:45.611 D/EGL_emulation( 1711): eglMakeCurrent: 0xb0f853c0: ver 2 0 (tinfo 0xb0f833e0)
06-05 21:21:45.613 D/EGL_emulation( 1711): eglMakeCurrent: 0xb0f853c0: ver 2 0 (tinfo 0xb0f833e0)
06-05 21:21:45.628 D/EGL_emulation( 1711): eglMakeCurrent: 0xb0f853c0: ver 2 0 (tinfo 0xb0f833e0)
06-05 21:21:45.629 D/EGL_emulation( 1711): eglMakeCurrent: 0xb0f853c0: ver 2 0 (tinfo 0xb0f833e0)
06-05 21:21:45.635 D/AndroidRuntime(10201): >>>>>> START com.android.internal.os.RuntimeInit uid 2000 <<<<<<
06-05 21:21:45.636 D/AndroidRuntime(10201): CheckJNI is ON
06-05 21:21:45.644 D/EGL_emulation( 1711): eglMakeCurrent: 0xb0f853c0: ver 2 0 (tinfo 0xb0f833e0)
06-05 21:21:45.645 D/EGL_emulation( 1711): eglMakeCurrent: 0xb0f853c0: ver 2 0 (tinfo 0xb0f833e0)
06-05 21:21:45.647 W/art     (10201): Unexpected CPU variant for X86 using defaults: x86
06-05 21:21:45.649 D/ICU     (10201): No timezone override file found: /data/misc/zoneinfo/current/icu/icu_tzdata.dat
06-05 21:21:45.656 E/memtrack(10201): Couldn't load memtrack module (No such file or directory)
06-05 21:21:45.656 E/android.os.Debug(10201): failed to load memtrack module: -2
06-05 21:21:45.656 I/Radio-JNI(10201): register_android_hardware_Radio DONE
06-05 21:21:45.660 D/AndroidRuntime(10201): Calling main entry com.android.commands.am.Am
06-05 21:21:45.661 D/EGL_emulation( 1711): eglMakeCurrent: 0xb0f853c0: ver 2 0 (tinfo 0xb0f833e0)
06-05 21:21:45.661 I/ActivityManager( 1630): Force stopping com.evancharlton.mileage appid=10286 user=0: start instr
06-05 21:21:45.661 I/ActivityManager( 1630): Killing 10149:com.evancharlton.mileage/u0a286 (adj 0): stop com.evancharlton.mileage
06-05 21:21:45.661 D/ActivityManager( 1630): cleanUpApplicationRecord -- 10149
06-05 21:21:45.662 W/ActivityManager( 1630): Crash of app com.evancharlton.mileage running instrumentation ComponentInfo{com.evancharlton.mileage.test/sh.calaba.instrumentationbackend.CalabashInstrumentationTestRunner}
06-05 21:21:45.662 I/ActivityManager( 1630): Force stopping com.evancharlton.mileage appid=10286 user=0: finished inst
06-05 21:21:45.664 W/InputDispatcher( 1630): channel 'c1842c7 com.evancharlton.mileage/com.evancharlton.mileage.charts.TotalVolumeChart (server)' ~ Consumer closed input channel or an error occurred.  events=0x9
06-05 21:21:45.664 E/InputDispatcher( 1630): channel 'c1842c7 com.evancharlton.mileage/com.evancharlton.mileage.charts.TotalVolumeChart (server)' ~ Channel is unrecoverably broken and will be disposed!
06-05 21:21:45.664 W/InputDispatcher( 1630): channel 'b8468a com.evancharlton.mileage/com.evancharlton.mileage.Mileage (server)' ~ Consumer closed input channel or an error occurred.  events=0x9
06-05 21:21:45.664 E/InputDispatcher( 1630): channel 'b8468a com.evancharlton.mileage/com.evancharlton.mileage.Mileage (server)' ~ Channel is unrecoverably broken and will be disposed!
06-05 21:21:45.664 I/WindowManager( 1630): WIN DEATH: Window{c1842c7 u0 com.evancharlton.mileage/com.evancharlton.mileage.charts.TotalVolumeChart EXITING}
06-05 21:21:45.664 W/InputDispatcher( 1630): Attempted to unregister already unregistered input channel 'c1842c7 com.evancharlton.mileage/com.evancharlton.mileage.charts.TotalVolumeChart (server)'
06-05 21:21:45.665 I/art     (10211): Not late-enabling -Xcheck:jni (already on)
06-05 21:21:45.665 W/art     (10211): Unexpected CPU variant for X86 using defaults: x86
06-05 21:21:45.665 I/WindowManager( 1630): WIN DEATH: Window{b8468a u0 com.evancharlton.mileage/com.evancharlton.mileage.Mileage EXITING}
06-05 21:21:45.665 W/InputDispatcher( 1630): Attempted to unregister already unregistered input channel 'b8468a com.evancharlton.mileage/com.evancharlton.mileage.Mileage (server)'
06-05 21:21:45.672 I/ActivityManager( 1630): Start proc 10211:com.evancharlton.mileage/u0a286 for added application com.evancharlton.mileage
06-05 21:21:45.672 D/AndroidRuntime(10201): Shutting down VM
06-05 21:21:45.675 D/EGL_emulation( 1711): eglMakeCurrent: 0xb0f853c0: ver 2 0 (tinfo 0xb0f833e0)
06-05 21:21:45.677 I/WindowManager( 1630): Destroying surface Surface(name=com.evancharlton.mileage/com.evancharlton.mileage.charts.TotalVolumeChart) called by com.android.server.wm.WindowStateAnimator.destroySurface:2016 com.android.server.wm.WindowStateAnimator.destroySurfaceLocked:882 com.android.server.wm.WindowState.removeLocked:1456 com.android.server.wm.WindowManagerService.removeWindowInnerLocked:2484 com.android.server.wm.AppWindowToken.destroySurfaces:365 com.android.server.wm.WindowStateAnimator.finishExit:565 com.android.server.wm.AppWindowAnimator.stepAnimationLocked:427 com.android.server.wm.WindowAnimator.updateAppWindowsLocked:176 
06-05 21:21:45.677 W/System  (10211): ClassLoader referenced unknown path: /data/app/com.evancharlton.mileage.test-1/lib/x86
06-05 21:21:45.677 W/System  (10211): ClassLoader referenced unknown path: /data/app/com.evancharlton.mileage-1/lib/x86
06-05 21:21:45.678 D/EGL_emulation( 1711): eglMakeCurrent: 0xb0f853c0: ver 2 0 (tinfo 0xb0f833e0)
06-05 21:21:45.680 W/System  (10211): ClassLoader referenced unknown path: 
06-05 21:21:45.680 D/EGL_emulation( 1711): eglMakeCurrent: 0xb0f853c0: ver 2 0 (tinfo 0xb0f833e0)
06-05 21:21:45.684 I/System.out(10211): Main activity name automatically set to: com.evancharlton.mileage.Mileage
06-05 21:21:45.684 I/System.out(10211): Calabash did not load Mono. This is only a problem if you are trying to test a Mono application
06-05 21:21:45.684 I/calabash(10211): Test server port: 7102
06-05 21:21:45.685 I/InstrumentationBackend(10211): Added:'GetPreferences', with key:'get_preferences'
06-05 21:21:45.689 I/InstrumentationBackend(10211): Added:'SetPreferences', with key:'set_preferences'
06-05 21:21:45.689 I/InstrumentationBackend(10211): Added:'ClearPreferences', with key:'clear_preferences'
06-05 21:21:45.689 I/InstrumentationBackend(10211): Added:'PressElement', with key:'press_l10n_element'
06-05 21:21:45.689 I/InstrumentationBackend(10211): Added:'WaitForElement', with key:'wait_for_l10n_element'
06-05 21:21:45.689 I/InstrumentationBackend(10211): Added:'NullAction', with key:'nullAction'
06-05 21:21:45.689 I/InstrumentationBackend(10211): Added:'PressKey', with key:'press_key'
06-05 21:21:45.689 I/InstrumentationBackend(10211): Added:'SetActivityOrientation', with key:'set_activity_orientation'
06-05 21:21:45.689 I/InstrumentationBackend(10211): Added:'GetActivityOrientation', with key:'get_activity_orientation'
06-05 21:21:45.689 I/InstrumentationBackend(10211): Added:'FakeGPSLocation', with key:'set_gps_coordinates'
06-05 21:21:45.689 I/InstrumentationBackend(10211): Added:'SetPropertyByCssSelector', with key:'set_property_by_css_selector'
06-05 21:21:45.689 I/InstrumentationBackend(10211): Added:'GetUrl', with key:'get_url'
06-05 21:21:45.689 I/InstrumentationBackend(10211): Added:'ScrollTo', with key:'scroll_to'
06-05 21:21:45.690 I/InstrumentationBackend(10211): Added:'GetLoadProgress', with key:'get_load_progress'
06-05 21:21:45.690 I/InstrumentationBackend(10211): Added:'DumpHtml', with key:'dump_html'
06-05 21:21:45.690 I/InstrumentationBackend(10211): Added:'DumpBodyHtml', with key:'dump_body_html'
06-05 21:21:45.690 I/InstrumentationBackend(10211): Added:'EnterTextByCssSelector', with key:'enter_text_by_selector'
06-05 21:21:45.690 I/InstrumentationBackend(10211): Added:'AndroidSDKVersion', with key:'android_sdk_version'
06-05 21:21:45.690 I/InstrumentationBackend(10211): Added:'Version', with key:'version'
06-05 21:21:45.690 I/InstrumentationBackend(10211): Added:'Drag', with key:'drag'
06-05 21:21:45.690 I/InstrumentationBackend(10211): Added:'TouchCoordinates', with key:'touch_coordinate'
06-05 21:21:45.690 I/InstrumentationBackend(10211): Added:'LongPressCoordinate', with key:'long_press_coordinate'
06-05 21:21:45.691 I/InstrumentationBackend(10211): Added:'DragCoordinates', with key:'drag_coordinates'
06-05 21:21:45.691 I/InstrumentationBackend(10211): Added:'ResumeApplication', with key:'resume_application'
06-05 21:21:45.691 I/InstrumentationBackend(10211): Added:'Swipe', with key:'swipe'
06-05 21:21:45.691 I/InstrumentationBackend(10211): Added:'DoubleTapCoordinate', with key:'double_tap_coordinate'
06-05 21:21:45.691 I/InstrumentationBackend(10211): Added:'ClickOnScreen', with key:'click_on_screen'
06-05 21:21:45.691 I/InstrumentationBackend(10211): Added:'GetActivityName', with key:'get_activity_name'
06-05 21:21:45.691 I/InstrumentationBackend(10211): Added:'ScrollToView', with key:'scroll_to_view'
06-05 21:21:45.691 I/InstrumentationBackend(10211): Added:'ViewConfiguration', with key:'view_configuration'
06-05 21:21:45.691 I/InstrumentationBackend(10211): Added:'IsCurrentActivityFocused', with key:'is_current_activity_focused'
06-05 21:21:45.691 I/InstrumentationBackend(10211): Added:'SendTcp', with key:'send_tcp'
06-05 21:21:45.691 I/InstrumentationBackend(10211): Added:'DpToDevicePixel', with key:'dp_to_device_pixel'
06-05 21:21:45.691 I/InstrumentationBackend(10211): Added:'KeyboardEnterText', with key:'keyboard_enter_text'
06-05 21:21:45.691 I/InstrumentationBackend(10211): Added:'DeleteSurroundingText', with key:'delete_surrounding_text'
06-05 21:21:45.691 I/InstrumentationBackend(10211): Added:'SetComposingRegion', with key:'set_composing_region'
06-05 21:21:45.692 I/InstrumentationBackend(10211): Added:'SetSelection', with key:'set_selection'
06-05 21:21:45.692 I/InstrumentationBackend(10211): Added:'KeyboardKeyEvent', with key:'keyboard_key_event'
06-05 21:21:45.692 I/InstrumentationBackend(10211): Added:'PressUserActionButton', with key:'press_user_action_button'
06-05 21:21:45.692 I/InstrumentationBackend(10211): Added:'HideSoftKeyboard', with key:'hide_soft_keyboard'
06-05 21:21:45.692 I/InstrumentationBackend(10211): Added:'ListActions', with key:'list_actions'
06-05 21:21:45.692 I/calabash(10211): Instantiating http server at 7102
06-05 21:21:45.692 I/System.out(10211): HTTP Daemon listening on: 7102
06-05 21:21:45.695 D/EGL_emulation( 1711): eglMakeCurrent: 0xb0f853c0: ver 2 0 (tinfo 0xb0f833e0)
06-05 21:21:45.696 D/EGL_emulation( 1711): eglMakeCurrent: 0xb0f853c0: ver 2 0 (tinfo 0xb0f833e0)
06-05 21:21:45.711 D/EGL_emulation( 1711): eglMakeCurrent: 0xb0f853c0: ver 2 0 (tinfo 0xb0f833e0)
06-05 21:21:45.713 D/EGL_emulation( 1711): eglMakeCurrent: 0xb0f853c0: ver 2 0 (tinfo 0xb0f833e0)
06-05 21:21:45.728 D/EGL_emulation( 1711): eglMakeCurrent: 0xb0f853c0: ver 2 0 (tinfo 0xb0f833e0)
06-05 21:21:45.729 D/EGL_emulation( 1711): eglMakeCurrent: 0xb0f853c0: ver 2 0 (tinfo 0xb0f833e0)
06-05 21:21:45.744 D/EGL_emulation( 1711): eglMakeCurrent: 0xb0f853c0: ver 2 0 (tinfo 0xb0f833e0)
06-05 21:21:45.746 D/EGL_emulation( 1711): eglMakeCurrent: 0xb0f853c0: ver 2 0 (tinfo 0xb0f833e0)
06-05 21:21:45.777 D/EGL_emulation( 1711): eglMakeCurrent: 0xb0f853c0: ver 2 0 (tinfo 0xb0f833e0)
06-05 21:21:45.779 D/EGL_emulation( 1711): eglMakeCurrent: 0xb0f853c0: ver 2 0 (tinfo 0xb0f833e0)
06-05 21:21:45.782 I/System.out(10211): URI: //ping
06-05 21:21:45.782 I/System.out(10211): params: {json={}
06-05 21:21:45.782 I/System.out(10211): }
06-05 21:21:45.784 I/System.out(10211): URI: //ping
06-05 21:21:45.784 I/System.out(10211): params: {json={}
06-05 21:21:45.784 I/System.out(10211): }
06-05 21:21:45.786 I/System.out(10211): URI: //ready
06-05 21:21:45.786 I/System.out(10211): params: {json={}
06-05 21:21:45.786 I/System.out(10211): }
06-05 21:21:45.787 I/System.out(10211): URI: //
06-05 21:21:45.787 I/System.out(10211): params: {json={"command":"version","arguments":[]}
06-05 21:21:45.787 I/System.out(10211): }
06-05 21:21:45.787 I/System.out(10211): header: {content-type=application/json;charset=utf-8, date=Sat, 06 Jun 2020 02:21:46 GMT, accept=*/*, host=127.0.0.1:34777, content-length=36, user-agent=HTTPClient/1.0 (2.8.3, ruby 2.5.1 (2018-03-29))}
06-05 21:21:45.787 I/System.out(10211): params: {json={"command":"version","arguments":[]}
06-05 21:21:45.787 I/System.out(10211): }
06-05 21:21:45.787 I/System.out(10211): ProP json = {"command":"version","arguments":[]}
06-05 21:21:45.787 I/System.out(10211): files: {}
06-05 21:21:45.787 I/System.out(10211): command: {"command":"version","arguments":[]}
06-05 21:21:45.790 I/InstrumentationBackend(10211): Got command:'Command:'Line:null,version', arguments:'[]'
06-05 21:21:45.795 D/EGL_emulation( 1711): eglMakeCurrent: 0xb0f853c0: ver 2 0 (tinfo 0xb0f833e0)
06-05 21:21:45.796 I/System.out(10211): result:{"bonusInformation":[],"message":"0.9.8","success":true}
06-05 21:21:45.798 I/System.out(10211): URI: //start-application
06-05 21:21:45.798 I/System.out(10211): params: {json={"intent":null}
06-05 21:21:45.798 I/System.out(10211): }
06-05 21:21:45.806 I/ActivityManager( 1630): START u0 {act=android.intent.action.MAIN cat=[android.intent.category.LAUNCHER] flg=0x10200000 cmp=com.evancharlton.mileage/.Mileage} from uid 10286 on display 0
06-05 21:21:45.811 I/calabash(10211): newActivity1
06-05 21:21:45.822 I/calabash(10211): newActivity1
06-05 21:21:45.823 W/ActivityManager( 1630): Bad activity token: android.os.BinderProxy@eaba566
06-05 21:21:45.823 W/ActivityManager( 1630): java.lang.ClassCastException: android.os.BinderProxy cannot be cast to com.android.server.am.ActivityRecord$Token
06-05 21:21:45.823 W/ActivityManager( 1630): 	at com.android.server.am.ActivityRecord.forTokenLocked(ActivityRecord.java:586)
06-05 21:21:45.823 W/ActivityManager( 1630): 	at com.android.server.am.ActivityRecord.isInStackLocked(ActivityRecord.java:1327)
06-05 21:21:45.823 W/ActivityManager( 1630): 	at com.android.server.am.ActivityRecord.getStackLocked(ActivityRecord.java:1332)
06-05 21:21:45.823 W/ActivityManager( 1630): 	at com.android.server.am.ActivityManagerService.getActivityDisplayId(ActivityManagerService.java:9806)
06-05 21:21:45.823 W/ActivityManager( 1630): 	at android.app.ActivityManagerNative.onTransact(ActivityManagerNative.java:2566)
06-05 21:21:45.823 W/ActivityManager( 1630): 	at com.android.server.am.ActivityManagerService.onTransact(ActivityManagerService.java:2757)
06-05 21:21:45.823 W/ActivityManager( 1630): 	at android.os.Binder.execTransact(Binder.java:565)
06-05 21:21:45.824 W/ActivityManager( 1630): Bad activity token: android.os.BinderProxy@eaba566
06-05 21:21:45.824 W/ActivityManager( 1630): java.lang.ClassCastException: android.os.BinderProxy cannot be cast to com.android.server.am.ActivityRecord$Token
06-05 21:21:45.824 W/ActivityManager( 1630): 	at com.android.server.am.ActivityRecord.forTokenLocked(ActivityRecord.java:586)
06-05 21:21:45.824 W/ActivityManager( 1630): 	at com.android.server.am.ActivityRecord.isInStackLocked(ActivityRecord.java:1327)
06-05 21:21:45.824 W/ActivityManager( 1630): 	at com.android.server.am.ActivityManagerService.setTaskDescription(ActivityManagerService.java:9358)
06-05 21:21:45.824 W/ActivityManager( 1630): 	at android.app.ActivityManagerNative.onTransact(ActivityManagerNative.java:2639)
06-05 21:21:45.824 W/ActivityManager( 1630): 	at com.android.server.am.ActivityManagerService.onTransact(ActivityManagerService.java:2757)
06-05 21:21:45.824 W/ActivityManager( 1630): 	at android.os.Binder.execTransact(Binder.java:565)
06-05 21:21:45.824 W/ActivityManager( 1630): Bad activity token: android.os.BinderProxy@eaba566
06-05 21:21:45.824 W/ActivityManager( 1630): java.lang.ClassCastException: android.os.BinderProxy cannot be cast to com.android.server.am.ActivityRecord$Token
06-05 21:21:45.824 W/ActivityManager( 1630): 	at com.android.server.am.ActivityRecord.forTokenLocked(ActivityRecord.java:586)
06-05 21:21:45.824 W/ActivityManager( 1630): 	at com.android.server.am.ActivityRecord.isInStackLocked(ActivityRecord.java:1327)
06-05 21:21:45.824 W/ActivityManager( 1630): 	at com.android.server.am.ActivityRecord.getStackLocked(ActivityRecord.java:1332)
06-05 21:21:45.824 W/ActivityManager( 1630): 	at com.android.server.am.ActivityManagerService.getActivityStackId(ActivityManagerService.java:9817)
06-05 21:21:45.824 W/ActivityManager( 1630): 	at android.app.ActivityManagerNative.onTransact(ActivityManagerNative.java:2856)
06-05 21:21:45.824 W/ActivityManager( 1630): 	at com.android.server.am.ActivityManagerService.onTransact(ActivityManagerService.java:2757)
06-05 21:21:45.824 W/ActivityManager( 1630): 	at android.os.Binder.execTransact(Binder.java:565)
06-05 21:21:45.828 D/gralloc_ranchu( 1347): gralloc_alloc: Creating ashmem region of size 9023488
06-05 21:21:45.839 W/ActivityManager( 1630): Bad activity token: android.os.BinderProxy@eaba566
06-05 21:21:45.839 W/ActivityManager( 1630): java.lang.ClassCastException: android.os.BinderProxy cannot be cast to com.android.server.am.ActivityRecord$Token
06-05 21:21:45.839 W/ActivityManager( 1630): 	at com.android.server.am.ActivityRecord.forTokenLocked(ActivityRecord.java:586)
06-05 21:21:45.839 W/ActivityManager( 1630): 	at com.android.server.am.ActivityRecord.isInStackLocked(ActivityRecord.java:1327)
06-05 21:21:45.839 W/ActivityManager( 1630): 	at com.android.server.am.ActivityManagerService.getActivityOptions(ActivityManagerService.java:12559)
06-05 21:21:45.839 W/ActivityManager( 1630): 	at android.app.ActivityManagerNative.onTransact(ActivityManagerNative.java:1933)
06-05 21:21:45.839 W/ActivityManager( 1630): 	at com.android.server.am.ActivityManagerService.onTransact(ActivityManagerService.java:2757)
06-05 21:21:45.839 W/ActivityManager( 1630): 	at android.os.Binder.execTransact(Binder.java:565)
06-05 21:21:45.839 W/ActivityManager( 1630): Bad activity token: android.os.BinderProxy@eaba566
06-05 21:21:45.839 W/ActivityManager( 1630): java.lang.ClassCastException: android.os.BinderProxy cannot be cast to com.android.server.am.ActivityRecord$Token
06-05 21:21:45.839 W/ActivityManager( 1630): 	at com.android.server.am.ActivityRecord.forTokenLocked(ActivityRecord.java:586)
06-05 21:21:45.839 W/ActivityManager( 1630): 	at com.android.server.am.ActivityRecord.isInStackLocked(ActivityRecord.java:1327)
06-05 21:21:45.839 W/ActivityManager( 1630): 	at com.android.server.am.ActivityManagerService.getActivityOptions(ActivityManagerService.java:12559)
06-05 21:21:45.839 W/ActivityManager( 1630): 	at android.app.ActivityManagerNative.onTransact(ActivityManagerNative.java:1933)
06-05 21:21:45.839 W/ActivityManager( 1630): 	at com.android.server.am.ActivityManagerService.onTransact(ActivityManagerService.java:2757)
06-05 21:21:45.839 W/ActivityManager( 1630): 	at android.os.Binder.execTransact(Binder.java:565)
06-05 21:21:45.853 V/PhoneStatusBar( 1711): setLightsOn(true)
06-05 21:21:45.862 D/EGL_emulation( 2083): eglMakeCurrent: 0xb0f85240: ver 2 0 (tinfo 0xb0f832d0)
06-05 21:21:45.878 D/gralloc_ranchu( 1347): gralloc_alloc: Creating ashmem region of size 9023488
06-05 21:21:45.879 D/EGL_emulation( 1711): eglMakeCurrent: 0xb0f853c0: ver 2 0 (tinfo 0xb0f833e0)
06-05 21:21:45.890 D/        (10211): HostConnection::get() New Host Connection established 0xa1b7e4c0, tid 10211
06-05 21:21:45.891 D/EGL_emulation( 1711): eglMakeCurrent: 0xb0f853c0: ver 2 0 (tinfo 0xb0f833e0)
06-05 21:21:45.947 D/EGL_emulation( 1711): eglMakeCurrent: 0xb0f853c0: ver 2 0 (tinfo 0xb0f833e0)
06-05 21:21:45.948 V/PhoneStatusBar( 1711): setLightsOn(true)
06-05 21:21:45.950 D/EGL_emulation( 1711): eglMakeCurrent: 0xb0f853c0: ver 2 0 (tinfo 0xb0f833e0)
06-05 21:21:45.951 D/EGL_emulation( 1711): eglMakeCurrent: 0xb0f853c0: ver 2 0 (tinfo 0xb0f833e0)
06-05 21:21:45.961 D/EGL_emulation( 1711): eglMakeCurrent: 0xb0f853c0: ver 2 0 (tinfo 0xb0f833e0)
06-05 21:21:45.963 D/EGL_emulation( 1711): eglMakeCurrent: 0xb0f853c0: ver 2 0 (tinfo 0xb0f833e0)
06-05 21:21:45.978 D/EGL_emulation( 1711): eglMakeCurrent: 0xb0f853c0: ver 2 0 (tinfo 0xb0f833e0)
06-05 21:21:45.979 D/EGL_emulation( 1711): eglMakeCurrent: 0xb0f853c0: ver 2 0 (tinfo 0xb0f833e0)
06-05 21:21:45.994 D/gralloc_ranchu( 1347): gralloc_alloc: Creating ashmem region of size 9023488
06-05 21:21:45.994 D/EGL_emulation( 1711): eglMakeCurrent: 0xb0f853c0: ver 2 0 (tinfo 0xb0f833e0)
06-05 21:21:45.995 I/ActivityManager( 1630): Displayed com.evancharlton.mileage/.Mileage: +186ms
06-05 21:21:45.996 I/WindowManager( 1630): Destroying surface Surface(name=com.evancharlton.mileage/com.evancharlton.mileage.Mileage) called by com.android.server.wm.WindowStateAnimator.destroySurface:2016 com.android.server.wm.WindowStateAnimator.destroySurfaceLocked:882 com.android.server.wm.WindowState.removeLocked:1456 com.android.server.wm.WindowManagerService.removeWindowInnerLocked:2484 com.android.server.wm.AppWindowToken.destroySurfaces:365 com.android.server.wm.WindowStateAnimator.finishExit:565 com.android.server.wm.AppWindowAnimator.stepAnimationLocked:427 com.android.server.wm.WindowAnimator.updateAppWindowsLocked:196 
06-05 21:21:46.011 D/EGL_emulation( 1711): eglMakeCurrent: 0xb0f853c0: ver 2 0 (tinfo 0xb0f833e0)
06-05 21:21:46.014 D/EGL_emulation( 1711): eglMakeCurrent: 0xb0f853c0: ver 2 0 (tinfo 0xb0f833e0)
06-05 21:21:46.024 D/EGL_emulation( 1711): eglMakeCurrent: 0xb0f853c0: ver 2 0 (tinfo 0xb0f833e0)
06-05 21:21:46.028 D/EGL_emulation( 1711): eglMakeCurrent: 0xb0f853c0: ver 2 0 (tinfo 0xb0f833e0)
06-05 21:21:46.029 D/EGL_emulation( 1711): eglMakeCurrent: 0xb0f853c0: ver 2 0 (tinfo 0xb0f833e0)
06-05 21:21:46.030 V/PhoneStatusBar( 1711): setLightsOn(true)
06-05 21:21:46.045 D/EGL_emulation( 1711): eglMakeCurrent: 0xb0f853c0: ver 2 0 (tinfo 0xb0f833e0)
06-05 21:21:46.047 D/EGL_emulation( 1711): eglMakeCurrent: 0xb0f853c0: ver 2 0 (tinfo 0xb0f833e0)
06-05 21:21:46.052 I/System.out(10211): URI: //map
06-05 21:21:46.052 I/System.out(10211): params: {json={"query":"* marked:'Statistics'","operation":{"method_name":"query","arguments":[]}}
06-05 21:21:46.052 I/System.out(10211): }
06-05 21:21:46.061 D/EGL_emulation( 1711): eglMakeCurrent: 0xb0f853c0: ver 2 0 (tinfo 0xb0f833e0)
06-05 21:21:46.063 D/EGL_emulation( 1711): eglMakeCurrent: 0xb0f853c0: ver 2 0 (tinfo 0xb0f833e0)
06-05 21:21:46.066 W/ResourceType(10211): No package identifier when getting name for resource number 0x00000001
06-05 21:21:46.078 D/EGL_emulation( 1711): eglMakeCurrent: 0xb0f853c0: ver 2 0 (tinfo 0xb0f833e0)
06-05 21:21:46.080 I/System.out(10211): URI: //gesture
06-05 21:21:46.080 I/System.out(10211): params: {json={"query_timeout":5.0,"gestures":[{"query_string":"* marked:'Statistics'","touches":[{"x":50,"y":50,"offset_x":0,"offset_y":0,"wait":0.0,"time":0.2,"release":true,"query_string":null}]}]}
06-05 21:21:46.080 I/System.out(10211): }
06-05 21:21:46.085 W/ResourceType(10211): No package identifier when getting name for resource number 0x00000001
06-05 21:21:46.194 I/WindowManager( 1630): Destroying surface Surface(name=Starting com.evancharlton.mileage) called by com.android.server.wm.WindowStateAnimator.destroySurface:2016 com.android.server.wm.WindowStateAnimator.destroySurfaceLocked:882 com.android.server.wm.WindowState.destroyOrSaveSurface:2100 com.android.server.wm.AppWindowToken.destroySurfaces:363 com.android.server.wm.WindowStateAnimator.finishExit:565 com.android.server.wm.WindowStateAnimator.stepAnimationLocked:491 com.android.server.wm.WindowAnimator.updateWindowsLocked:303 com.android.server.wm.WindowAnimator.animateLocked:704 
06-05 21:21:46.195 V/PhoneStatusBar( 1711): setLightsOn(true)
06-05 21:21:46.211 V/PhoneStatusBar( 1711): setLightsOn(true)
06-05 21:21:46.312 V/PhoneStatusBar( 1711): setLightsOn(true)
06-05 21:21:46.319 I/calabash(10211): newActivity1
06-05 21:21:46.342 I/System.out(10211): URI: //map
06-05 21:21:46.342 I/System.out(10211): params: {json={"query":"android.widget.ScrollView index:0","operation":{"method_name":"query","arguments":[]}}
06-05 21:21:46.342 I/System.out(10211): }
06-05 21:21:46.352 W/ActivityManager( 1630): Bad activity token: android.os.BinderProxy@6db3ff0
06-05 21:21:46.352 W/ActivityManager( 1630): java.lang.ClassCastException: android.os.BinderProxy cannot be cast to com.android.server.am.ActivityRecord$Token
06-05 21:21:46.352 W/ActivityManager( 1630): 	at com.android.server.am.ActivityRecord.forTokenLocked(ActivityRecord.java:586)
06-05 21:21:46.352 W/ActivityManager( 1630): 	at com.android.server.am.ActivityRecord.isInStackLocked(ActivityRecord.java:1327)
06-05 21:21:46.352 W/ActivityManager( 1630): 	at com.android.server.am.ActivityRecord.getStackLocked(ActivityRecord.java:1332)
06-05 21:21:46.352 W/ActivityManager( 1630): 	at com.android.server.am.ActivityManagerService.getActivityDisplayId(ActivityManagerService.java:9806)
06-05 21:21:46.352 W/ActivityManager( 1630): 	at android.app.ActivityManagerNative.onTransact(ActivityManagerNative.java:2566)
06-05 21:21:46.352 W/ActivityManager( 1630): 	at com.android.server.am.ActivityManagerService.onTransact(ActivityManagerService.java:2757)
06-05 21:21:46.352 W/ActivityManager( 1630): 	at android.os.Binder.execTransact(Binder.java:565)
06-05 21:21:46.354 W/ActivityManager( 1630): Bad activity token: android.os.BinderProxy@6db3ff0
06-05 21:21:46.354 W/ActivityManager( 1630): java.lang.ClassCastException: android.os.BinderProxy cannot be cast to com.android.server.am.ActivityRecord$Token
06-05 21:21:46.354 W/ActivityManager( 1630): 	at com.android.server.am.ActivityRecord.forTokenLocked(ActivityRecord.java:586)
06-05 21:21:46.354 W/ActivityManager( 1630): 	at com.android.server.am.ActivityRecord.isInStackLocked(ActivityRecord.java:1327)
06-05 21:21:46.354 W/ActivityManager( 1630): 	at com.android.server.am.ActivityManagerService.setTaskDescription(ActivityManagerService.java:9358)
06-05 21:21:46.354 W/ActivityManager( 1630): 	at android.app.ActivityManagerNative.onTransact(ActivityManagerNative.java:2639)
06-05 21:21:46.354 W/ActivityManager( 1630): 	at com.android.server.am.ActivityManagerService.onTransact(ActivityManagerService.java:2757)
06-05 21:21:46.354 W/ActivityManager( 1630): 	at android.os.Binder.execTransact(Binder.java:565)
06-05 21:21:46.354 W/ActivityManager( 1630): Bad activity token: android.os.BinderProxy@6db3ff0
06-05 21:21:46.354 W/ActivityManager( 1630): java.lang.ClassCastException: android.os.BinderProxy cannot be cast to com.android.server.am.ActivityRecord$Token
06-05 21:21:46.354 W/ActivityManager( 1630): 	at com.android.server.am.ActivityRecord.forTokenLocked(ActivityRecord.java:586)
06-05 21:21:46.354 W/ActivityManager( 1630): 	at com.android.server.am.ActivityRecord.isInStackLocked(ActivityRecord.java:1327)
06-05 21:21:46.354 W/ActivityManager( 1630): 	at com.android.server.am.ActivityRecord.getStackLocked(ActivityRecord.java:1332)
06-05 21:21:46.354 W/ActivityManager( 1630): 	at com.android.server.am.ActivityManagerService.getActivityStackId(ActivityManagerService.java:9817)
06-05 21:21:46.354 W/ActivityManager( 1630): 	at android.app.ActivityManagerNative.onTransact(ActivityManagerNative.java:2856)
06-05 21:21:46.354 W/ActivityManager( 1630): 	at com.android.server.am.ActivityManagerService.onTransact(ActivityManagerService.java:2757)
06-05 21:21:46.354 W/ActivityManager( 1630): 	at android.os.Binder.execTransact(Binder.java:565)
06-05 21:21:46.361 D/VehicleStatisticsActivity(10211): Checking recalculation ...
06-05 21:21:46.363 D/VehicleStatisticsActivity(10211): Recalculation not necessary.
06-05 21:21:46.378 W/ActivityManager( 1630): Bad activity token: android.os.BinderProxy@6db3ff0
06-05 21:21:46.378 W/ActivityManager( 1630): java.lang.ClassCastException: android.os.BinderProxy cannot be cast to com.android.server.am.ActivityRecord$Token
06-05 21:21:46.378 W/ActivityManager( 1630): 	at com.android.server.am.ActivityRecord.forTokenLocked(ActivityRecord.java:586)
06-05 21:21:46.378 W/ActivityManager( 1630): 	at com.android.server.am.ActivityRecord.isInStackLocked(ActivityRecord.java:1327)
06-05 21:21:46.378 W/ActivityManager( 1630): 	at com.android.server.am.ActivityManagerService.getActivityOptions(ActivityManagerService.java:12559)
06-05 21:21:46.378 W/ActivityManager( 1630): 	at android.app.ActivityManagerNative.onTransact(ActivityManagerNative.java:1933)
06-05 21:21:46.378 W/ActivityManager( 1630): 	at com.android.server.am.ActivityManagerService.onTransact(ActivityManagerService.java:2757)
06-05 21:21:46.378 W/ActivityManager( 1630): 	at android.os.Binder.execTransact(Binder.java:565)
06-05 21:21:46.378 W/ActivityManager( 1630): Bad activity token: android.os.BinderProxy@6db3ff0
06-05 21:21:46.378 W/ActivityManager( 1630): java.lang.ClassCastException: android.os.BinderProxy cannot be cast to com.android.server.am.ActivityRecord$Token
06-05 21:21:46.378 W/ActivityManager( 1630): 	at com.android.server.am.ActivityRecord.forTokenLocked(ActivityRecord.java:586)
06-05 21:21:46.378 W/ActivityManager( 1630): 	at com.android.server.am.ActivityRecord.isInStackLocked(ActivityRecord.java:1327)
06-05 21:21:46.378 W/ActivityManager( 1630): 	at com.android.server.am.ActivityManagerService.getActivityOptions(ActivityManagerService.java:12559)
06-05 21:21:46.378 W/ActivityManager( 1630): 	at android.app.ActivityManagerNative.onTransact(ActivityManagerNative.java:1933)
06-05 21:21:46.378 W/ActivityManager( 1630): 	at com.android.server.am.ActivityManagerService.onTransact(ActivityManagerService.java:2757)
06-05 21:21:46.378 W/ActivityManager( 1630): 	at android.os.Binder.execTransact(Binder.java:565)
06-05 21:21:46.380 D/VehicleStatisticsActivity(10211): Checking recalculation ...
06-05 21:21:46.381 D/VehicleStatisticsActivity(10211): Recalculation not necessary.
06-05 21:21:46.455 I/System.out(10211): URI: //map
06-05 21:21:46.455 I/System.out(10211): params: {json={"query":"android.widget.AbsListView index:0","operation":{"method_name":"query","arguments":[]}}
06-05 21:21:46.455 I/System.out(10211): }
06-05 21:21:46.460 I/art     (10211): Do partial code cache collection, code=30KB, data=29KB
06-05 21:21:46.460 I/art     (10211): After code cache collection, code=29KB, data=28KB
06-05 21:21:46.460 I/art     (10211): Increasing code cache capacity to 128KB
06-05 21:21:46.470 I/System.out(10211): URI: //map
06-05 21:21:46.470 I/System.out(10211): params: {json={"query":"android.widget.AbsListView index:0","operation":{"method_name":"query","arguments":[]}}
06-05 21:21:46.470 I/System.out(10211): }
06-05 21:21:46.486 I/System.out(10211): URI: //map
06-05 21:21:46.486 I/System.out(10211): params: {json={"query":"android.widget.AbsListView index:0","operation":{"method_name":"query","arguments":[]}}
06-05 21:21:46.486 I/System.out(10211): }
06-05 21:21:46.501 I/System.out(10211): URI: //map
06-05 21:21:46.501 I/System.out(10211): params: {json={"query":"android.widget.AbsListView index:0","operation":{"method_name":"query","arguments":["getFirstVisiblePosition"]}}
06-05 21:21:46.501 I/System.out(10211): }
06-05 21:21:46.515 I/System.out(10211): URI: //map
06-05 21:21:46.515 I/System.out(10211): params: {json={"query":"android.widget.AbsListView index:0","operation":{"method_name":"query","arguments":["getLastVisiblePosition"]}}
06-05 21:21:46.515 I/System.out(10211): }
06-05 21:21:46.530 I/System.out(10211): URI: //map
06-05 21:21:46.530 I/System.out(10211): params: {json={"query":"android.widget.AbsListView index:0","operation":{"method_name":"query","arguments":[{"method_name":"setSelection","arguments":[26]}]}}
06-05 21:21:46.530 I/System.out(10211): }
06-05 21:21:46.553 I/System.out(10211): URI: //map
06-05 21:21:46.553 I/System.out(10211): params: {json={"query":"* marked:'Fuel per year'","operation":{"method_name":"query","arguments":[]}}
06-05 21:21:46.553 I/System.out(10211): }
06-05 21:21:46.594 V/PhoneStatusBar( 1711): setLightsOn(true)
06-05 21:21:46.596 V/PhoneStatusBar( 1711): setLightsOn(true)
06-05 21:21:46.597 W/OpenGLRenderer( 2083): Incorrectly called buildLayer on View: ShortcutAndWidgetContainer, destroying layer...
06-05 21:21:46.602 D/gralloc_ranchu( 1347): gralloc_alloc: Creating ashmem region of size 9023488
06-05 21:21:46.612 I/WindowManager( 1630): Destroying surface Surface(name=com.android.launcher3/com.android.launcher3.Launcher) called by com.android.server.wm.WindowStateAnimator.destroySurface:2016 com.android.server.wm.WindowStateAnimator.destroySurfaceLocked:882 com.android.server.wm.WindowState.destroyOrSaveSurface:2100 com.android.server.wm.AppWindowToken.destroySurfaces:363 com.android.server.wm.AppWindowToken.notifyAppStopped:389 com.android.server.wm.WindowManagerService.notifyAppStopped:4463 com.android.server.am.ActivityStack.activityStoppedLocked:1252 com.android.server.am.ActivityManagerService.activityStopped:6903 
06-05 21:21:46.612 V/PhoneStatusBar( 1711): setLightsOn(true)
06-05 21:21:46.639 W/ResourceType(10211): No package identifier when getting name for resource number 0x00000001
06-05 21:21:46.653 I/System.out(10211): URI: //gesture
06-05 21:21:46.653 I/System.out(10211): params: {json={"query_timeout":5.0,"gestures":[{"query_string":"* marked:'Fuel per year'","touches":[{"x":50,"y":50,"offset_x":0,"offset_y":0,"wait":0.0,"time":0.2,"release":true,"query_string":null}]}]}
06-05 21:21:46.653 I/System.out(10211): }
06-05 21:21:46.657 W/ResourceType(10211): No package identifier when getting name for resource number 0x00000001
06-05 21:21:46.903 I/System.out(10211): URI: //map
06-05 21:21:46.903 I/System.out(10211): params: {json={"query":"* {text CONTAINS[c] 'No chart for this statistic (yet!)'}","operation":{"method_name":"query","arguments":[]}}
06-05 21:21:46.903 I/System.out(10211): }
06-05 21:21:46.963 V/PhoneStatusBar( 1711): setLightsOn(true)
06-05 21:21:46.978 V/PhoneStatusBar( 1711): setLightsOn(true)
06-05 21:21:46.994 D/gralloc_ranchu( 1347): gralloc_alloc: Creating ashmem region of size 327680
06-05 21:21:46.998 V/PhoneStatusBar( 1711): setLightsOn(true)
06-05 21:21:47.012 V/PhoneStatusBar( 1711): setLightsOn(true)
06-05 21:21:47.295 I/System.out(10211): URI: //map
06-05 21:21:47.295 I/System.out(10211): params: {json={"query":"* {text CONTAINS[c] 'No chart for this statistic (yet!)'}","operation":{"method_name":"query","arguments":[]}}
06-05 21:21:47.296 I/System.out(10211): }
