--------- beginning of main
06-05 18:32:08.686 D/AndroidRuntime( 2800): >>>>>> START com.android.internal.os.RuntimeInit uid 2000 <<<<<<
06-05 18:32:08.687 D/AndroidRuntime( 2800): CheckJNI is ON
06-05 18:32:08.698 W/art     ( 2800): Unexpected CPU variant for X86 using defaults: x86
06-05 18:32:08.700 D/ICU     ( 2800): No timezone override file found: /data/misc/zoneinfo/current/icu/icu_tzdata.dat
06-05 18:32:08.708 E/memtrack( 2800): Couldn't load memtrack module (No such file or directory)
06-05 18:32:08.708 E/android.os.Debug( 2800): failed to load memtrack module: -2
06-05 18:32:08.708 I/Radio-JNI( 2800): register_android_hardware_Radio DONE
06-05 18:32:08.714 D/AndroidRuntime( 2800): Calling main entry com.android.commands.am.Am
--------- beginning of system
06-05 18:32:08.715 I/ActivityManager( 1629): Force stopping com.evancharlton.mileage appid=10160 user=0: start instr
06-05 18:32:08.715 I/ActivityManager( 1629): Killing 2765:com.evancharlton.mileage/u0a160 (adj 0): stop com.evancharlton.mileage
06-05 18:32:08.715 D/ActivityManager( 1629): cleanUpApplicationRecord -- 2765
06-05 18:32:08.716 W/ActivityManager( 1629): Crash of app com.evancharlton.mileage running instrumentation ComponentInfo{com.evancharlton.mileage.test/sh.calaba.instrumentationbackend.ClearAppData2}
06-05 18:32:08.716 I/ActivityManager( 1629): Force stopping com.evancharlton.mileage appid=10160 user=0: finished inst
06-05 18:32:08.718 I/art     ( 2811): Not late-enabling -Xcheck:jni (already on)
06-05 18:32:08.719 W/art     ( 2811): Unexpected CPU variant for X86 using defaults: x86
06-05 18:32:08.726 I/ActivityManager( 1629): Start proc 2811:com.evancharlton.mileage/u0a160 for added application com.evancharlton.mileage
06-05 18:32:08.726 D/AndroidRuntime( 2800): Shutting down VM
06-05 18:32:08.732 W/System  ( 2811): ClassLoader referenced unknown path: /data/app/com.evancharlton.mileage.test-1/lib/x86
06-05 18:32:08.732 W/System  ( 2811): ClassLoader referenced unknown path: /data/app/com.evancharlton.mileage-1/lib/x86
06-05 18:32:08.734 W/System  ( 2811): ClassLoader referenced unknown path: 
06-05 18:32:08.738 I/System.out( 2811): Main activity name automatically set to: com.evancharlton.mileage.Mileage
06-05 18:32:08.738 I/System.out( 2811): Calabash did not load Mono. This is only a problem if you are trying to test a Mono application
06-05 18:32:08.738 I/calabash( 2811): Test server port: 7102
06-05 18:32:08.740 I/InstrumentationBackend( 2811): Added:'GetPreferences', with key:'get_preferences'
06-05 18:32:08.744 I/InstrumentationBackend( 2811): Added:'SetPreferences', with key:'set_preferences'
06-05 18:32:08.744 I/InstrumentationBackend( 2811): Added:'ClearPreferences', with key:'clear_preferences'
06-05 18:32:08.744 I/InstrumentationBackend( 2811): Added:'PressElement', with key:'press_l10n_element'
06-05 18:32:08.744 I/InstrumentationBackend( 2811): Added:'WaitForElement', with key:'wait_for_l10n_element'
06-05 18:32:08.744 I/InstrumentationBackend( 2811): Added:'NullAction', with key:'nullAction'
06-05 18:32:08.745 I/InstrumentationBackend( 2811): Added:'PressKey', with key:'press_key'
06-05 18:32:08.745 I/InstrumentationBackend( 2811): Added:'SetActivityOrientation', with key:'set_activity_orientation'
06-05 18:32:08.745 I/InstrumentationBackend( 2811): Added:'GetActivityOrientation', with key:'get_activity_orientation'
06-05 18:32:08.745 I/InstrumentationBackend( 2811): Added:'FakeGPSLocation', with key:'set_gps_coordinates'
06-05 18:32:08.745 I/InstrumentationBackend( 2811): Added:'SetPropertyByCssSelector', with key:'set_property_by_css_selector'
06-05 18:32:08.745 I/InstrumentationBackend( 2811): Added:'GetUrl', with key:'get_url'
06-05 18:32:08.745 I/InstrumentationBackend( 2811): Added:'ScrollTo', with key:'scroll_to'
06-05 18:32:08.745 I/InstrumentationBackend( 2811): Added:'GetLoadProgress', with key:'get_load_progress'
06-05 18:32:08.745 I/InstrumentationBackend( 2811): Added:'DumpHtml', with key:'dump_html'
06-05 18:32:08.745 I/InstrumentationBackend( 2811): Added:'DumpBodyHtml', with key:'dump_body_html'
06-05 18:32:08.746 I/InstrumentationBackend( 2811): Added:'EnterTextByCssSelector', with key:'enter_text_by_selector'
06-05 18:32:08.746 I/InstrumentationBackend( 2811): Added:'AndroidSDKVersion', with key:'android_sdk_version'
06-05 18:32:08.746 I/InstrumentationBackend( 2811): Added:'Version', with key:'version'
06-05 18:32:08.746 I/InstrumentationBackend( 2811): Added:'Drag', with key:'drag'
06-05 18:32:08.746 I/InstrumentationBackend( 2811): Added:'TouchCoordinates', with key:'touch_coordinate'
06-05 18:32:08.746 I/InstrumentationBackend( 2811): Added:'LongPressCoordinate', with key:'long_press_coordinate'
06-05 18:32:08.746 I/InstrumentationBackend( 2811): Added:'DragCoordinates', with key:'drag_coordinates'
06-05 18:32:08.746 I/InstrumentationBackend( 2811): Added:'ResumeApplication', with key:'resume_application'
06-05 18:32:08.746 I/InstrumentationBackend( 2811): Added:'Swipe', with key:'swipe'
06-05 18:32:08.746 I/InstrumentationBackend( 2811): Added:'DoubleTapCoordinate', with key:'double_tap_coordinate'
06-05 18:32:08.746 I/InstrumentationBackend( 2811): Added:'ClickOnScreen', with key:'click_on_screen'
06-05 18:32:08.746 I/InstrumentationBackend( 2811): Added:'GetActivityName', with key:'get_activity_name'
06-05 18:32:08.746 I/InstrumentationBackend( 2811): Added:'ScrollToView', with key:'scroll_to_view'
06-05 18:32:08.746 I/InstrumentationBackend( 2811): Added:'ViewConfiguration', with key:'view_configuration'
06-05 18:32:08.746 I/InstrumentationBackend( 2811): Added:'IsCurrentActivityFocused', with key:'is_current_activity_focused'
06-05 18:32:08.746 I/InstrumentationBackend( 2811): Added:'SendTcp', with key:'send_tcp'
06-05 18:32:08.746 I/InstrumentationBackend( 2811): Added:'DpToDevicePixel', with key:'dp_to_device_pixel'
06-05 18:32:08.747 I/InstrumentationBackend( 2811): Added:'KeyboardEnterText', with key:'keyboard_enter_text'
06-05 18:32:08.747 I/InstrumentationBackend( 2811): Added:'DeleteSurroundingText', with key:'delete_surrounding_text'
06-05 18:32:08.747 I/InstrumentationBackend( 2811): Added:'SetComposingRegion', with key:'set_composing_region'
06-05 18:32:08.747 I/InstrumentationBackend( 2811): Added:'SetSelection', with key:'set_selection'
06-05 18:32:08.747 I/InstrumentationBackend( 2811): Added:'KeyboardKeyEvent', with key:'keyboard_key_event'
06-05 18:32:08.747 I/InstrumentationBackend( 2811): Added:'PressUserActionButton', with key:'press_user_action_button'
06-05 18:32:08.747 I/InstrumentationBackend( 2811): Added:'HideSoftKeyboard', with key:'hide_soft_keyboard'
06-05 18:32:08.747 I/InstrumentationBackend( 2811): Added:'ListActions', with key:'list_actions'
06-05 18:32:08.747 I/calabash( 2811): Instantiating http server at 7102
06-05 18:32:08.747 I/System.out( 2811): HTTP Daemon listening on: 7102
06-05 18:32:08.836 I/System.out( 2811): URI: //ping
06-05 18:32:08.836 I/System.out( 2811): params: {json={}
06-05 18:32:08.836 I/System.out( 2811): }
06-05 18:32:08.838 I/System.out( 2811): URI: //ping
06-05 18:32:08.839 I/System.out( 2811): params: {json={}
06-05 18:32:08.839 I/System.out( 2811): }
06-05 18:32:08.840 I/System.out( 2811): URI: //ready
06-05 18:32:08.840 I/System.out( 2811): params: {json={}
06-05 18:32:08.840 I/System.out( 2811): }
06-05 18:32:08.841 I/System.out( 2811): URI: //
06-05 18:32:08.841 I/System.out( 2811): params: {json={"command":"version","arguments":[]}
06-05 18:32:08.841 I/System.out( 2811): }
06-05 18:32:08.841 I/System.out( 2811): header: {content-type=application/json;charset=utf-8, date=Fri, 05 Jun 2020 23:32:09 GMT, accept=*/*, host=127.0.0.1:34783, content-length=36, user-agent=HTTPClient/1.0 (2.8.3, ruby 2.5.1 (2018-03-29))}
06-05 18:32:08.841 I/System.out( 2811): params: {json={"command":"version","arguments":[]}
06-05 18:32:08.841 I/System.out( 2811): }
06-05 18:32:08.841 I/System.out( 2811): ProP json = {"command":"version","arguments":[]}
06-05 18:32:08.841 I/System.out( 2811): files: {}
06-05 18:32:08.841 I/System.out( 2811): command: {"command":"version","arguments":[]}
06-05 18:32:08.844 I/InstrumentationBackend( 2811): Got command:'Command:'Line:null,version', arguments:'[]'
06-05 18:32:08.850 I/System.out( 2811): result:{"bonusInformation":[],"message":"0.9.8","success":true}
06-05 18:32:08.852 I/System.out( 2811): URI: //start-application
06-05 18:32:08.852 I/System.out( 2811): params: {json={"intent":null}
06-05 18:32:08.852 I/System.out( 2811): }
06-05 18:32:08.859 I/ActivityManager( 1629): START u0 {act=android.intent.action.MAIN cat=[android.intent.category.LAUNCHER] flg=0x10200000 cmp=com.evancharlton.mileage/.Mileage} from uid 10160 on display 0
06-05 18:32:08.865 I/calabash( 2811): newActivity1
06-05 18:32:08.874 I/calabash( 2811): newActivity1
06-05 18:32:08.875 W/ActivityManager( 1629): Bad activity token: android.os.BinderProxy@8fc3368
06-05 18:32:08.875 W/ActivityManager( 1629): java.lang.ClassCastException: android.os.BinderProxy cannot be cast to com.android.server.am.ActivityRecord$Token
06-05 18:32:08.875 W/ActivityManager( 1629): 	at com.android.server.am.ActivityRecord.forTokenLocked(ActivityRecord.java:586)
06-05 18:32:08.875 W/ActivityManager( 1629): 	at com.android.server.am.ActivityRecord.isInStackLocked(ActivityRecord.java:1327)
06-05 18:32:08.875 W/ActivityManager( 1629): 	at com.android.server.am.ActivityRecord.getStackLocked(ActivityRecord.java:1332)
06-05 18:32:08.875 W/ActivityManager( 1629): 	at com.android.server.am.ActivityManagerService.getActivityDisplayId(ActivityManagerService.java:9806)
06-05 18:32:08.875 W/ActivityManager( 1629): 	at android.app.ActivityManagerNative.onTransact(ActivityManagerNative.java:2566)
06-05 18:32:08.875 W/ActivityManager( 1629): 	at com.android.server.am.ActivityManagerService.onTransact(ActivityManagerService.java:2757)
06-05 18:32:08.875 W/ActivityManager( 1629): 	at android.os.Binder.execTransact(Binder.java:565)
06-05 18:32:08.876 W/ActivityManager( 1629): Bad activity token: android.os.BinderProxy@8fc3368
06-05 18:32:08.876 W/ActivityManager( 1629): java.lang.ClassCastException: android.os.BinderProxy cannot be cast to com.android.server.am.ActivityRecord$Token
06-05 18:32:08.876 W/ActivityManager( 1629): 	at com.android.server.am.ActivityRecord.forTokenLocked(ActivityRecord.java:586)
06-05 18:32:08.876 W/ActivityManager( 1629): 	at com.android.server.am.ActivityRecord.isInStackLocked(ActivityRecord.java:1327)
06-05 18:32:08.876 W/ActivityManager( 1629): 	at com.android.server.am.ActivityManagerService.setTaskDescription(ActivityManagerService.java:9358)
06-05 18:32:08.876 W/ActivityManager( 1629): 	at android.app.ActivityManagerNative.onTransact(ActivityManagerNative.java:2639)
06-05 18:32:08.876 W/ActivityManager( 1629): 	at com.android.server.am.ActivityManagerService.onTransact(ActivityManagerService.java:2757)
06-05 18:32:08.876 W/ActivityManager( 1629): 	at android.os.Binder.execTransact(Binder.java:565)
06-05 18:32:08.877 W/ActivityManager( 1629): Bad activity token: android.os.BinderProxy@8fc3368
06-05 18:32:08.877 W/ActivityManager( 1629): java.lang.ClassCastException: android.os.BinderProxy cannot be cast to com.android.server.am.ActivityRecord$Token
06-05 18:32:08.877 W/ActivityManager( 1629): 	at com.android.server.am.ActivityRecord.forTokenLocked(ActivityRecord.java:586)
06-05 18:32:08.877 W/ActivityManager( 1629): 	at com.android.server.am.ActivityRecord.isInStackLocked(ActivityRecord.java:1327)
06-05 18:32:08.877 W/ActivityManager( 1629): 	at com.android.server.am.ActivityRecord.getStackLocked(ActivityRecord.java:1332)
06-05 18:32:08.877 W/ActivityManager( 1629): 	at com.android.server.am.ActivityManagerService.getActivityStackId(ActivityManagerService.java:9817)
06-05 18:32:08.877 W/ActivityManager( 1629): 	at android.app.ActivityManagerNative.onTransact(ActivityManagerNative.java:2856)
06-05 18:32:08.877 W/ActivityManager( 1629): 	at com.android.server.am.ActivityManagerService.onTransact(ActivityManagerService.java:2757)
06-05 18:32:08.877 W/ActivityManager( 1629): 	at android.os.Binder.execTransact(Binder.java:565)
06-05 18:32:08.889 D/FillupsProvider( 2811): Creating database
06-05 18:32:08.889 D/gralloc_ranchu( 1346): gralloc_alloc: Creating ashmem region of size 9023488
06-05 18:32:08.906 W/ActivityManager( 1629): Bad activity token: android.os.BinderProxy@8fc3368
06-05 18:32:08.906 W/ActivityManager( 1629): java.lang.ClassCastException: android.os.BinderProxy cannot be cast to com.android.server.am.ActivityRecord$Token
06-05 18:32:08.906 W/ActivityManager( 1629): 	at com.android.server.am.ActivityRecord.forTokenLocked(ActivityRecord.java:586)
06-05 18:32:08.906 W/ActivityManager( 1629): 	at com.android.server.am.ActivityRecord.isInStackLocked(ActivityRecord.java:1327)
06-05 18:32:08.906 W/ActivityManager( 1629): 	at com.android.server.am.ActivityManagerService.getActivityOptions(ActivityManagerService.java:12559)
06-05 18:32:08.906 W/ActivityManager( 1629): 	at android.app.ActivityManagerNative.onTransact(ActivityManagerNative.java:1933)
06-05 18:32:08.906 W/ActivityManager( 1629): 	at com.android.server.am.ActivityManagerService.onTransact(ActivityManagerService.java:2757)
06-05 18:32:08.906 W/ActivityManager( 1629): 	at android.os.Binder.execTransact(Binder.java:565)
06-05 18:32:08.906 W/ActivityManager( 1629): Bad activity token: android.os.BinderProxy@8fc3368
06-05 18:32:08.906 W/ActivityManager( 1629): java.lang.ClassCastException: android.os.BinderProxy cannot be cast to com.android.server.am.ActivityRecord$Token
06-05 18:32:08.906 W/ActivityManager( 1629): 	at com.android.server.am.ActivityRecord.forTokenLocked(ActivityRecord.java:586)
06-05 18:32:08.906 W/ActivityManager( 1629): 	at com.android.server.am.ActivityRecord.isInStackLocked(ActivityRecord.java:1327)
06-05 18:32:08.906 W/ActivityManager( 1629): 	at com.android.server.am.ActivityManagerService.getActivityOptions(ActivityManagerService.java:12559)
06-05 18:32:08.906 W/ActivityManager( 1629): 	at android.app.ActivityManagerNative.onTransact(ActivityManagerNative.java:1933)
06-05 18:32:08.906 W/ActivityManager( 1629): 	at com.android.server.am.ActivityManagerService.onTransact(ActivityManagerService.java:2757)
06-05 18:32:08.906 W/ActivityManager( 1629): 	at android.os.Binder.execTransact(Binder.java:565)
06-05 18:32:08.921 V/PhoneStatusBar( 1711): setLightsOn(true)
06-05 18:32:08.921 D/EGL_emulation( 2150): eglMakeCurrent: 0xb4f852a0: ver 2 0 (tinfo 0xb4f832e0)
06-05 18:32:08.937 D/gralloc_ranchu( 1346): gralloc_alloc: Creating ashmem region of size 9023488
06-05 18:32:08.941 D/        ( 2811): HostConnection::get() New Host Connection established 0x98c3a4c0, tid 2811
06-05 18:32:08.941 D/EGL_emulation( 1711): eglMakeCurrent: 0xa5b6bd80: ver 2 0 (tinfo 0xb1367140)
06-05 18:32:08.942 V/PhoneStatusBar( 1711): setLightsOn(true)
06-05 18:32:08.977 D/EGL_emulation( 1711): eglMakeCurrent: 0xa5b6bd80: ver 2 0 (tinfo 0xb1367140)
06-05 18:32:08.980 D/EGL_emulation( 1711): eglMakeCurrent: 0xa5b6bd80: ver 2 0 (tinfo 0xb1367140)
06-05 18:32:08.982 D/EGL_emulation( 1711): eglMakeCurrent: 0xa5b6bd80: ver 2 0 (tinfo 0xb1367140)
06-05 18:32:08.984 D/EGL_emulation( 1711): eglMakeCurrent: 0xa5b6bd80: ver 2 0 (tinfo 0xb1367140)
06-05 18:32:08.988 D/EGL_emulation( 1711): eglMakeCurrent: 0xa5b6bd80: ver 2 0 (tinfo 0xb1367140)
06-05 18:32:08.989 D/EGL_emulation( 1711): eglMakeCurrent: 0xa5b6bd80: ver 2 0 (tinfo 0xb1367140)
06-05 18:32:09.002 I/ActivityManager( 1629): Displayed com.evancharlton.mileage/.Mileage: +139ms
06-05 18:32:09.004 D/gralloc_ranchu( 1346): gralloc_alloc: Creating ashmem region of size 9023488
06-05 18:32:09.011 D/EGL_emulation( 1711): eglMakeCurrent: 0xa5b6bd80: ver 2 0 (tinfo 0xb1367140)
06-05 18:32:09.020 D/EGL_emulation( 1711): eglMakeCurrent: 0xa5b6bd80: ver 2 0 (tinfo 0xb1367140)
06-05 18:32:09.021 D/EGL_emulation( 1711): eglMakeCurrent: 0xa5b6bd80: ver 2 0 (tinfo 0xb1367140)
06-05 18:32:09.023 D/EGL_emulation( 1711): eglMakeCurrent: 0xa5b6bd80: ver 2 0 (tinfo 0xb1367140)
06-05 18:32:09.024 V/PhoneStatusBar( 1711): setLightsOn(true)
06-05 18:32:09.038 D/EGL_emulation( 1711): eglMakeCurrent: 0xa5b6bd80: ver 2 0 (tinfo 0xb1367140)
06-05 18:32:09.044 D/EGL_emulation( 1711): eglMakeCurrent: 0xa5b6bd80: ver 2 0 (tinfo 0xb1367140)
06-05 18:32:09.055 D/EGL_emulation( 1711): eglMakeCurrent: 0xa5b6bd80: ver 2 0 (tinfo 0xb1367140)
06-05 18:32:09.056 D/EGL_emulation( 1711): eglMakeCurrent: 0xa5b6bd80: ver 2 0 (tinfo 0xb1367140)
06-05 18:32:09.071 D/EGL_emulation( 1711): eglMakeCurrent: 0xa5b6bd80: ver 2 0 (tinfo 0xb1367140)
06-05 18:32:09.072 D/EGL_emulation( 1711): eglMakeCurrent: 0xa5b6bd80: ver 2 0 (tinfo 0xb1367140)
06-05 18:32:09.088 D/EGL_emulation( 1711): eglMakeCurrent: 0xa5b6bd80: ver 2 0 (tinfo 0xb1367140)
06-05 18:32:09.090 D/EGL_emulation( 1711): eglMakeCurrent: 0xa5b6bd80: ver 2 0 (tinfo 0xb1367140)
06-05 18:32:09.104 D/EGL_emulation( 1711): eglMakeCurrent: 0xa5b6bd80: ver 2 0 (tinfo 0xb1367140)
06-05 18:32:09.107 D/EGL_emulation( 1711): eglMakeCurrent: 0xa5b6bd80: ver 2 0 (tinfo 0xb1367140)
06-05 18:32:09.122 D/EGL_emulation( 1711): eglMakeCurrent: 0xa5b6bd80: ver 2 0 (tinfo 0xb1367140)
06-05 18:32:09.125 D/EGL_emulation( 1711): eglMakeCurrent: 0xa5b6bd80: ver 2 0 (tinfo 0xb1367140)
06-05 18:32:09.138 D/EGL_emulation( 1711): eglMakeCurrent: 0xa5b6bd80: ver 2 0 (tinfo 0xb1367140)
06-05 18:32:09.187 I/WindowManager( 1629): Destroying surface Surface(name=Starting com.evancharlton.mileage) called by com.android.server.wm.WindowStateAnimator.destroySurface:2016 com.android.server.wm.WindowStateAnimator.destroySurfaceLocked:882 com.android.server.wm.WindowState.destroyOrSaveSurface:2100 com.android.server.wm.AppWindowToken.destroySurfaces:363 com.android.server.wm.WindowStateAnimator.finishExit:565 com.android.server.wm.WindowStateAnimator.stepAnimationLocked:491 com.android.server.wm.WindowAnimator.updateWindowsLocked:303 com.android.server.wm.WindowAnimator.animateLocked:704 
06-05 18:32:09.189 V/PhoneStatusBar( 1711): setLightsOn(true)
06-05 18:32:09.191 V/PhoneStatusBar( 1711): setLightsOn(true)
06-05 18:32:09.357 V/PhoneStatusBar( 1711): setLightsOn(true)
06-05 18:32:09.656 V/PhoneStatusBar( 1711): setLightsOn(true)
06-05 18:32:09.658 V/PhoneStatusBar( 1711): setLightsOn(true)
06-05 18:32:09.672 V/PhoneStatusBar( 1711): setLightsOn(true)
06-05 18:32:09.673 I/WindowManager( 1629): Destroying surface Surface(name=com.android.launcher3/com.android.launcher3.Launcher) called by com.android.server.wm.WindowStateAnimator.destroySurface:2016 com.android.server.wm.WindowStateAnimator.destroySurfaceLocked:882 com.android.server.wm.WindowState.destroyOrSaveSurface:2100 com.android.server.wm.AppWindowToken.destroySurfaces:363 com.android.server.wm.AppWindowToken.notifyAppStopped:389 com.android.server.wm.WindowManagerService.notifyAppStopped:4463 com.android.server.am.ActivityStack.activityStoppedLocked:1252 com.android.server.am.ActivityManagerService.activityStopped:6903 
06-05 18:32:10.053 I/System.out( 2811): URI: //
06-05 18:32:10.054 I/System.out( 2811): params: {json={"command":"press_key","arguments":["KEYCODE_MENU"]}
06-05 18:32:10.054 I/System.out( 2811): }
06-05 18:32:10.054 I/System.out( 2811): header: {content-type=application/json;charset=utf-8, date=Fri, 05 Jun 2020 23:32:10 GMT, accept=*/*, host=127.0.0.1:34783, content-length=52, user-agent=HTTPClient/1.0 (2.8.3, ruby 2.5.1 (2018-03-29))}
06-05 18:32:10.054 I/System.out( 2811): params: {json={"command":"press_key","arguments":["KEYCODE_MENU"]}
06-05 18:32:10.054 I/System.out( 2811): }
06-05 18:32:10.054 I/System.out( 2811): ProP json = {"command":"press_key","arguments":["KEYCODE_MENU"]}
06-05 18:32:10.054 I/System.out( 2811): files: {}
06-05 18:32:10.054 I/System.out( 2811): command: {"command":"press_key","arguments":["KEYCODE_MENU"]}
06-05 18:32:10.055 I/InstrumentationBackend( 2811): Got command:'Command:'Line:null,press_key', arguments:'[KEYCODE_MENU]'
06-05 18:32:10.066 V/PhoneStatusBar( 1711): setLightsOn(true)
06-05 18:32:10.072 W/audio_hw_generic( 1394): Not supplying enough data to HAL, expected position 471507990 , only wrote 471507840
06-05 18:32:10.072 I/System.out( 2811): result:{"bonusInformation":[],"message":"","success":true}
06-05 18:32:10.072 V/PhoneStatusBar( 1711): setLightsOn(true)
06-05 18:32:10.076 I/System.out( 2811): URI: //map
06-05 18:32:10.076 I/System.out( 2811): params: {json={"query":"* marked:'Service intervals'","operation":{"method_name":"query","arguments":[]}}
06-05 18:32:10.076 I/System.out( 2811): }
06-05 18:32:10.088 V/PhoneStatusBar( 1711): setLightsOn(true)
06-05 18:32:10.105 V/PhoneStatusBar( 1711): setLightsOn(true)
06-05 18:32:10.106 D/gralloc_ranchu( 1346): gralloc_alloc: Creating ashmem region of size 1720320
06-05 18:32:10.116 V/PhoneStatusBar( 1711): setLightsOn(true)
06-05 18:32:10.117 V/PhoneStatusBar( 1711): setLightsOn(true)
06-05 18:32:10.121 W/ResourceType( 2811): No package identifier when getting name for resource number 0x00000001
06-05 18:32:10.121 V/PhoneStatusBar( 1711): setLightsOn(true)
06-05 18:32:10.132 I/System.out( 2811): URI: //gesture
06-05 18:32:10.132 I/System.out( 2811): params: {json={"query_timeout":5.0,"gestures":[{"query_string":"* marked:'Service intervals'","touches":[{"x":50,"y":50,"offset_x":0,"offset_y":0,"wait":0.0,"time":0.2,"release":true,"query_string":null}]}]}
06-05 18:32:10.132 I/System.out( 2811): }
06-05 18:32:10.178 D/gralloc_ranchu( 1346): gralloc_alloc: Creating ashmem region of size 9023488
06-05 18:32:10.230 W/ResourceType( 2811): No package identifier when getting name for resource number 0x00000001
06-05 18:32:10.338 V/PhoneStatusBar( 1711): setLightsOn(true)
06-05 18:32:10.351 I/WearableService( 2072): Wearable Services stopping
06-05 18:32:10.378 D/gralloc_ranchu( 1346): gralloc_alloc: Creating ashmem region of size 1720320
06-05 18:32:10.456 I/ActivityManager( 1629): START u0 {cmp=com.evancharlton.mileage/.ServiceIntervalsListActivity} from uid 10160 on display 0
06-05 18:32:10.461 V/PhoneStatusBar( 1711): setLightsOn(true)
06-05 18:32:10.466 V/PhoneStatusBar( 1711): setLightsOn(true)
06-05 18:32:10.483 I/WindowManager( 1629): Destroying surface Surface(name=AtchDlg:com.evancharlton.mileage/com.evancharlton.mileage.FillupActivity) called by com.android.server.wm.WindowStateAnimator.destroySurface:2016 com.android.server.wm.WindowStateAnimator.destroySurfaceLocked:882 com.android.server.wm.WindowState.removeLocked:1456 com.android.server.wm.WindowManagerService.removeWindowInnerLocked:2484 com.android.server.wm.WindowManagerService.removeWindowLocked:2442 com.android.server.wm.WindowManagerService.removeWindowLocked:2311 com.android.server.wm.WindowManagerService.removeWindow:2306 com.android.server.wm.Session.remove:202 
06-05 18:32:10.486 I/calabash( 2811): newActivity1
06-05 18:32:10.491 I/System.out( 2811): URI: //map
06-05 18:32:10.491 I/System.out( 2811): params: {json={"query":"* {text CONTAINS[c] 'Service intervals'}","operation":{"method_name":"query","arguments":[]}}
06-05 18:32:10.491 I/System.out( 2811): }
06-05 18:32:10.520 V/PhoneStatusBar( 1711): setLightsOn(true)
06-05 18:32:10.523 D/gralloc_ranchu( 1346): gralloc_alloc: Creating ashmem region of size 9023488
06-05 18:32:10.537 V/PhoneStatusBar( 1711): setLightsOn(true)
06-05 18:32:10.564 I/ActivityManager( 1629): Displayed com.evancharlton.mileage/.ServiceIntervalsListActivity: +88ms
06-05 18:32:10.569 I/art     ( 2811): Do partial code cache collection, code=30KB, data=29KB
06-05 18:32:10.569 I/art     ( 2811): After code cache collection, code=27KB, data=28KB
06-05 18:32:10.569 I/art     ( 2811): Increasing code cache capacity to 128KB
06-05 18:32:10.570 D/gralloc_ranchu( 1346): gralloc_alloc: Creating ashmem region of size 9023488
06-05 18:32:10.571 V/PhoneStatusBar( 1711): setLightsOn(true)
06-05 18:32:10.579 I/System.out( 2811): URI: //map
06-05 18:32:10.579 I/System.out( 2811): params: {json={"query":"* {text CONTAINS[c] 'You haven'}","operation":{"method_name":"query","arguments":[]}}
06-05 18:32:10.579 I/System.out( 2811): }
06-05 18:32:10.604 V/PhoneStatusBar( 1711): setLightsOn(true)
06-05 18:32:10.634 I/System.out( 2811): URI: //map
06-05 18:32:10.634 I/System.out( 2811): params: {json={"query":"* {text CONTAINS[c] 't set any service intervals!'}","operation":{"method_name":"query","arguments":[]}}
06-05 18:32:10.634 I/System.out( 2811): }
06-05 18:32:10.637 V/PhoneStatusBar( 1711): setLightsOn(true)
06-05 18:32:10.647 I/System.out( 2811): URI: //map
06-05 18:32:10.648 I/System.out( 2811): params: {json={"query":"* {text CONTAINS[c] 'Press menu or use the buttons below to add some!'}","operation":{"method_name":"query","arguments":[]}}
06-05 18:32:10.648 I/System.out( 2811): }
06-05 18:32:10.658 I/System.out( 2811): URI: //map
06-05 18:32:10.658 I/System.out( 2811): params: {json={"query":"* {text CONTAINS[c] 'Add service interval'}","operation":{"method_name":"query","arguments":[]}}
06-05 18:32:10.658 I/System.out( 2811): }
06-05 18:32:10.670 I/System.out( 2811): URI: //map
06-05 18:32:10.670 I/System.out( 2811): params: {json={"query":"* {text CONTAINS[c] 'Edit templates'}","operation":{"method_name":"query","arguments":[]}}
06-05 18:32:10.670 I/System.out( 2811): }
06-05 18:32:10.682 I/System.out( 2811): URI: //map
06-05 18:32:10.682 I/System.out( 2811): params: {json={"query":"* marked:'Add service interval'","operation":{"method_name":"query","arguments":[]}}
06-05 18:32:10.682 I/System.out( 2811): }
06-05 18:32:10.686 W/ResourceType( 2811): No package identifier when getting name for resource number 0x00000001
06-05 18:32:10.694 I/System.out( 2811): URI: //gesture
06-05 18:32:10.695 I/System.out( 2811): params: {json={"query_timeout":5.0,"gestures":[{"query_string":"* marked:'Add service interval'","touches":[{"x":50,"y":50,"offset_x":0,"offset_y":0,"wait":0.0,"time":0.2,"release":true,"query_string":null}]}]}
06-05 18:32:10.695 I/System.out( 2811): }
06-05 18:32:10.698 W/ResourceType( 2811): No package identifier when getting name for resource number 0x00000001
06-05 18:32:10.805 V/PhoneStatusBar( 1711): setLightsOn(true)
06-05 18:32:10.926 I/ActivityManager( 1629): START u0 {cmp=com.evancharlton.mileage/.ServiceIntervalActivity} from uid 10160 on display 0
06-05 18:32:10.928 V/PhoneStatusBar( 1711): setLightsOn(true)
06-05 18:32:10.928 I/System.out( 2811): URI: //map
06-05 18:32:10.928 I/System.out( 2811): params: {json={"query":"* {text CONTAINS[c] 'Vehicle'}","operation":{"method_name":"query","arguments":[]}}
06-05 18:32:10.928 I/System.out( 2811): }
06-05 18:32:10.928 V/PhoneStatusBar( 1711): setLightsOn(true)
06-05 18:32:10.970 I/calabash( 2811): newActivity1
06-05 18:32:10.996 V/PhoneStatusBar( 1711): setLightsOn(true)
06-05 18:32:11.004 V/PhoneStatusBar( 1711): setLightsOn(true)
06-05 18:32:11.008 D/gralloc_ranchu( 1346): gralloc_alloc: Creating ashmem region of size 9023488
06-05 18:32:11.018 I/System.out( 2811): URI: //map
06-05 18:32:11.018 I/System.out( 2811): params: {json={"query":"* {text CONTAINS[c] 'Template to use (optional)'}","operation":{"method_name":"query","arguments":[]}}
06-05 18:32:11.018 I/System.out( 2811): }
06-05 18:32:11.021 V/PhoneStatusBar( 1711): setLightsOn(true)
06-05 18:32:11.037 V/PhoneStatusBar( 1711): setLightsOn(true)
06-05 18:32:11.045 W/InputMethodService( 1696): Window size has been changed. This may cause jankiness of resizing window: -1 -> -2
06-05 18:32:11.045 I/ActivityManager( 1629): Displayed com.evancharlton.mileage/.ServiceIntervalActivity: +115ms
06-05 18:32:11.051 I/LatinIME( 1696): Starting input. Cursor position = 0,0
06-05 18:32:11.054 I/LatinIME:LogUtils( 1696): Dictionary info: dictionary = spellcheck_userunigram.en_US ; version = 1591399931 ; date = ?
06-05 18:32:11.054 V/PhoneStatusBar( 1711): setLightsOn(true)
06-05 18:32:11.058 I/LatinIME:LogUtils( 1696): Dictionary info: dictionary = main:en ; version = 54 ; date = 1414726273
06-05 18:32:11.061 D/gralloc_ranchu( 1346): gralloc_alloc: Creating ashmem region of size 9023488
06-05 18:32:11.071 V/PhoneStatusBar( 1711): setLightsOn(true)
06-05 18:32:11.096 W/IInputConnectionWrapper( 2811): getSelectedText on inactive InputConnection
06-05 18:32:11.097 I/art     ( 2811): Do partial code cache collection, code=58KB, data=62KB
06-05 18:32:11.097 I/art     ( 2811): After code cache collection, code=57KB, data=62KB
06-05 18:32:11.097 I/art     ( 2811): Increasing code cache capacity to 256KB
06-05 18:32:11.109 I/System.out( 2811): URI: //map
06-05 18:32:11.109 I/System.out( 2811): params: {json={"query":"* {text CONTAINS[c] 'Service interval information'}","operation":{"method_name":"query","arguments":[]}}
06-05 18:32:11.109 I/System.out( 2811): }
06-05 18:32:11.120 V/PhoneStatusBar( 1711): setLightsOn(true)
06-05 18:32:11.132 W/IInputConnectionWrapper( 2811): requestCursorAnchorInfo on inactive InputConnection
06-05 18:32:11.133 W/IInputConnectionWrapper( 2811): getTextBeforeCursor on inactive InputConnection
06-05 18:32:11.133 E/RichInputConnection( 1696): Unable to connect to the editor to retrieve text.
06-05 18:32:11.133 D/RichInputConnection( 1696): Will try to retrieve text later.
06-05 18:32:11.134 W/IInputConnectionWrapper( 2811): getTextBeforeCursor on inactive InputConnection
06-05 18:32:11.134 E/RichInputConnection( 1696): Unable to connect to the editor to retrieve text.
06-05 18:32:11.134 W/RichInputConnection( 1696): Unable to connect to the editor. Setting caps mode without knowing text.
06-05 18:32:11.141 I/System.out( 2811): URI: //
06-05 18:32:11.141 I/System.out( 2811): params: {json={"command":"press_key","arguments":["KEYCODE_BACK"]}
06-05 18:32:11.141 I/System.out( 2811): }
06-05 18:32:11.141 I/System.out( 2811): header: {content-type=application/json;charset=utf-8, date=Fri, 05 Jun 2020 23:32:11 GMT, accept=*/*, host=127.0.0.1:34783, content-length=52, user-agent=HTTPClient/1.0 (2.8.3, ruby 2.5.1 (2018-03-29))}
06-05 18:32:11.141 I/System.out( 2811): params: {json={"command":"press_key","arguments":["KEYCODE_BACK"]}
06-05 18:32:11.141 I/System.out( 2811): }
06-05 18:32:11.141 I/System.out( 2811): ProP json = {"command":"press_key","arguments":["KEYCODE_BACK"]}
06-05 18:32:11.141 I/System.out( 2811): files: {}
06-05 18:32:11.141 I/System.out( 2811): command: {"command":"press_key","arguments":["KEYCODE_BACK"]}
06-05 18:32:11.142 I/InstrumentationBackend( 2811): Got command:'Command:'Line:null,press_key', arguments:'[KEYCODE_BACK]'
06-05 18:32:11.146 I/LatinIME( 1696): Starting input. Cursor position = 0,0
06-05 18:32:11.146 W/IInputConnectionWrapper( 2811): getTextBeforeCursor on inactive InputConnection
06-05 18:32:11.146 W/IInputConnectionWrapper( 2811): getSelectedText on inactive InputConnection
06-05 18:32:11.147 W/IInputConnectionWrapper( 2811): requestCursorAnchorInfo on inactive InputConnection
06-05 18:32:11.147 W/IInputConnectionWrapper( 2811): getTextBeforeCursor on inactive InputConnection
06-05 18:32:11.147 E/RichInputConnection( 1696): Unable to connect to the editor to retrieve text.
06-05 18:32:11.147 D/RichInputConnection( 1696): Will try to retrieve text later.
06-05 18:32:11.147 W/IInputConnectionWrapper( 2811): getTextBeforeCursor on inactive InputConnection
06-05 18:32:11.147 E/RichInputConnection( 1696): Unable to connect to the editor to retrieve text.
06-05 18:32:11.147 W/RichInputConnection( 1696): Unable to connect to the editor. Setting caps mode without knowing text.
06-05 18:32:11.147 W/IInputConnectionWrapper( 2811): getTextBeforeCursor on inactive InputConnection
06-05 18:32:11.147 E/RichInputConnection( 1696): Unable to connect to the editor to retrieve text.
06-05 18:32:11.147 W/RichInputConnection( 1696): Unable to connect to the editor. Setting caps mode without knowing text.
06-05 18:32:11.154 V/PhoneStatusBar( 1711): setLightsOn(true)
06-05 18:32:11.166 I/System.out( 2811): result:{"bonusInformation":[],"message":"","success":true}
06-05 18:32:11.168 I/LatinIME( 1696): Starting input. Cursor position = 0,0
06-05 18:32:11.168 I/System.out( 2811): URI: //map
06-05 18:32:11.168 I/System.out( 2811): params: {json={"query":"* {text CONTAINS[c] 'When to remind'}","operation":{"method_name":"query","arguments":[]}}
06-05 18:32:11.168 I/System.out( 2811): }
06-05 18:32:11.172 D/EGL_emulation( 1711): eglMakeCurrent: 0xa5b6bd80: ver 2 0 (tinfo 0xb1367140)
06-05 18:32:11.172 V/PhoneStatusBar( 1711): setLightsOn(true)
06-05 18:32:11.178 W/InputMethodService( 1696): Window size has been changed. This may cause jankiness of resizing window: -1 -> -2
06-05 18:32:11.184 I/System.out( 2811): URI: //map
06-05 18:32:11.184 I/System.out( 2811): params: {json={"query":"* marked:'Miles'","operation":{"method_name":"query","arguments":[]}}
06-05 18:32:11.184 I/System.out( 2811): }
06-05 18:32:11.187 D/EGL_emulation( 1711): eglMakeCurrent: 0xa5b6bd80: ver 2 0 (tinfo 0xb1367140)
06-05 18:32:11.187 W/ResourceType( 2811): No package identifier when getting name for resource number 0x00000001
06-05 18:32:11.188 I/WindowManager( 1629): Destroying surface Surface(name=InputMethod) called by com.android.server.wm.WindowStateAnimator.destroySurface:2016 com.android.server.wm.WindowStateAnimator.destroySurfaceLocked:882 com.android.server.wm.WindowState.destroyOrSaveSurface:2100 com.android.server.wm.WindowSurfacePlacer.performSurfacePlacementInner:429 com.android.server.wm.WindowSurfacePlacer.performSurfacePlacementLoop:232 com.android.server.wm.WindowSurfacePlacer.performSurfacePlacement:180 com.android.server.wm.WindowManagerService$H.handleMessage:8086 android.os.Handler.dispatchMessage:102 
06-05 18:32:11.197 I/System.out( 2811): URI: //gesture
06-05 18:32:11.197 I/System.out( 2811): params: {json={"query_timeout":5.0,"gestures":[{"query_string":"* marked:'Miles'","touches":[{"x":50,"y":50,"offset_x":0,"offset_y":0,"wait":0.0,"time":0.2,"release":true,"query_string":null}]}]}
06-05 18:32:11.197 I/System.out( 2811): }
06-05 18:32:11.200 W/ResourceType( 2811): No package identifier when getting name for resource number 0x00000001
06-05 18:32:11.205 D/EGL_emulation( 1711): eglMakeCurrent: 0xa5b6bd80: ver 2 0 (tinfo 0xb1367140)
06-05 18:32:11.205 V/PhoneStatusBar( 1711): setLightsOn(true)
06-05 18:32:11.221 D/EGL_emulation( 1711): eglMakeCurrent: 0xa5b6bd80: ver 2 0 (tinfo 0xb1367140)
06-05 18:32:11.290 V/PhoneStatusBar( 1711): setLightsOn(true)
06-05 18:32:11.404 V/PhoneStatusBar( 1711): setLightsOn(true)
06-05 18:32:11.405 V/PhoneStatusBar( 1711): setLightsOn(true)
06-05 18:32:11.421 I/WindowManager( 1629): Destroying surface Surface(name=com.evancharlton.mileage/com.evancharlton.mileage.Mileage) called by com.android.server.wm.WindowStateAnimator.destroySurface:2016 com.android.server.wm.WindowStateAnimator.destroySurfaceLocked:882 com.android.server.wm.WindowState.destroyOrSaveSurface:2100 com.android.server.wm.WindowManagerService.tryStartExitingAnimation:3024 com.android.server.wm.WindowManagerService.relayoutWindow:2904 com.android.server.wm.Session.relayout:224 android.view.IWindowSession$Stub.onTransact:286 com.android.server.wm.Session.onTransact:145 
06-05 18:32:11.422 V/PhoneStatusBar( 1711): setLightsOn(true)
06-05 18:32:11.423 V/PhoneStatusBar( 1711): setLightsOn(true)
06-05 18:32:11.424 I/WindowManager( 1629): Destroying surface Surface(name=com.evancharlton.mileage/com.evancharlton.mileage.ServiceIntervalsListActivity) called by com.android.server.wm.WindowStateAnimator.destroySurface:2016 com.android.server.wm.WindowStateAnimator.destroySurfaceLocked:882 com.android.server.wm.WindowState.destroyOrSaveSurface:2100 com.android.server.wm.AppWindowToken.destroySurfaces:363 com.android.server.wm.AppWindowToken.notifyAppStopped:389 com.android.server.wm.WindowManagerService.notifyAppStopped:4463 com.android.server.am.ActivityStack.activityStoppedLocked:1252 com.android.server.am.ActivityManagerService.activityStopped:6903 
06-05 18:32:11.430 V/PhoneStatusBar( 1711): setLightsOn(true)
06-05 18:32:11.432 I/System.out( 2811): URI: //map
06-05 18:32:11.432 I/System.out( 2811): params: {json={"query":"* marked:'Kilometers'","operation":{"method_name":"query","arguments":[]}}
06-05 18:32:11.432 I/System.out( 2811): }
06-05 18:32:11.441 V/PhoneStatusBar( 1711): setLightsOn(true)
06-05 18:32:11.454 V/PhoneStatusBar( 1711): setLightsOn(true)
06-05 18:32:11.486 D/gralloc_ranchu( 1346): gralloc_alloc: Creating ashmem region of size 1597440
06-05 18:32:11.493 V/PhoneStatusBar( 1711): setLightsOn(true)
06-05 18:32:11.494 W/ResourceType( 2811): No package identifier when getting name for resource number 0x00000001
06-05 18:32:11.494 V/PhoneStatusBar( 1711): setLightsOn(true)
06-05 18:32:11.495 D/gralloc_ranchu( 1346): gralloc_alloc: Creating ashmem region of size 1597440
06-05 18:32:11.504 V/PhoneStatusBar( 1711): setLightsOn(true)
06-05 18:32:11.754 V/PhoneStatusBar( 1711): setLightsOn(true)
06-05 18:32:11.801 I/System.out( 2811): URI: //map
06-05 18:32:11.801 I/System.out( 2811): params: {json={"query":"* marked:'Kilometers'","operation":{"method_name":"query","arguments":[]}}
06-05 18:32:11.801 I/System.out( 2811): }
06-05 18:32:11.805 W/ResourceType( 2811): No package identifier when getting name for resource number 0x00000001
06-05 18:32:11.813 I/System.out( 2811): URI: //gesture
06-05 18:32:11.813 I/System.out( 2811): params: {json={"query_timeout":5.0,"gestures":[{"query_string":"* marked:'Kilometers'","touches":[{"x":50,"y":50,"offset_x":0,"offset_y":0,"wait":0.0,"time":0.2,"release":true,"query_string":null}]}]}
06-05 18:32:11.813 I/System.out( 2811): }
06-05 18:32:11.817 W/ResourceType( 2811): No package identifier when getting name for resource number 0x00000001
06-05 18:32:12.044 V/PhoneStatusBar( 1711): setLightsOn(true)
06-05 18:32:12.045 V/PhoneStatusBar( 1711): setLightsOn(true)
06-05 18:32:12.067 I/System.out( 2811): URI: //map
06-05 18:32:12.067 I/System.out( 2811): params: {json={"query":"* marked:'Days'","operation":{"method_name":"query","arguments":[]}}
06-05 18:32:12.067 I/System.out( 2811): }
06-05 18:32:12.071 W/InputEventReceiver( 2811): Attempted to finish an input event but the input event receiver has already been disposed.
06-05 18:32:12.100 W/InputMethodManagerService( 1629): Window already focused, ignoring focus gain of: com.android.internal.view.IInputMethodClient$Stub$Proxy@a077fd3 attribute=null, token = android.os.BinderProxy@e9a4586
06-05 18:32:12.137 W/ResourceType( 2811): No package identifier when getting name for resource number 0x00000001
06-05 18:32:12.146 I/System.out( 2811): URI: //gesture
06-05 18:32:12.146 I/System.out( 2811): params: {json={"query_timeout":5.0,"gestures":[{"query_string":"* marked:'Days'","touches":[{"x":50,"y":50,"offset_x":0,"offset_y":0,"wait":0.0,"time":0.2,"release":true,"query_string":null}]}]}
06-05 18:32:12.146 I/System.out( 2811): }
06-05 18:32:12.150 W/ResourceType( 2811): No package identifier when getting name for resource number 0x00000001
06-05 18:32:12.226 D/gralloc_ranchu( 1346): gralloc_alloc: Creating ashmem region of size 9023488
06-05 18:32:12.337 I/WindowManager( 1629): Destroying surface Surface(name=com.evancharlton.mileage/com.evancharlton.mileage.ServiceIntervalActivity) called by com.android.server.wm.WindowStateAnimator.destroySurface:2016 com.android.server.wm.WindowStateAnimator.destroySurfaceLocked:882 com.android.server.wm.WindowState.destroyOrSaveSurface:2100 com.android.server.wm.AppWindowToken.destroySurfaces:363 com.android.server.wm.WindowStateAnimator.finishExit:565 com.android.server.wm.WindowStateAnimator.stepAnimationLocked:491 com.android.server.wm.WindowAnimator.updateWindowsLocked:303 com.android.server.wm.WindowAnimator.animateLocked:704 
06-05 18:32:12.338 V/PhoneStatusBar( 1711): setLightsOn(true)
06-05 18:32:12.341 V/PhoneStatusBar( 1711): setLightsOn(true)
06-05 18:32:12.459 I/System.out( 2811): URI: //map
06-05 18:32:12.459 I/System.out( 2811): params: {json={"query":"* {text CONTAINS[c] 'Months'}","operation":{"method_name":"query","arguments":[]}}
06-05 18:32:12.459 I/System.out( 2811): }
06-05 18:32:12.479 V/PhoneStatusBar( 1711): setLightsOn(true)
06-05 18:32:12.482 I/art     ( 2811): Compiler allocated 7MB to compile sh.calaba.instrumentationbackend.actions.NanoHTTPD$Response sh.calaba.instrumentationbackend.actions.HttpServer.serve(java.lang.String, java.lang.String, java.util.Properties, java.util.Properties, java.util.Properties)
06-05 18:32:12.491 V/PhoneStatusBar( 1711): setLightsOn(true)
06-05 18:32:12.505 V/PhoneStatusBar( 1711): setLightsOn(true)
06-05 18:32:12.546 D/gralloc_ranchu( 1346): gralloc_alloc: Creating ashmem region of size 2842624
06-05 18:32:12.555 V/PhoneStatusBar( 1711): setLightsOn(true)
06-05 18:32:12.555 D/gralloc_ranchu( 1346): gralloc_alloc: Creating ashmem region of size 2842624
06-05 18:32:12.556 V/PhoneStatusBar( 1711): setLightsOn(true)
06-05 18:32:12.571 V/PhoneStatusBar( 1711): setLightsOn(true)
06-05 18:32:12.821 V/PhoneStatusBar( 1711): setLightsOn(true)
06-05 18:32:12.852 I/System.out( 2811): URI: //map
06-05 18:32:12.852 I/System.out( 2811): params: {json={"query":"* {text CONTAINS[c] 'Months'}","operation":{"method_name":"query","arguments":[]}}
06-05 18:32:12.852 I/System.out( 2811): }
06-05 18:32:12.872 I/System.out( 2811): URI: //map
06-05 18:32:12.872 I/System.out( 2811): params: {json={"query":"* {text CONTAINS[c] 'Years'}","operation":{"method_name":"query","arguments":[]}}
06-05 18:32:12.872 I/System.out( 2811): }
06-05 18:32:12.899 I/System.out( 2811): URI: //map
06-05 18:32:12.899 I/System.out( 2811): params: {json={"query":"* marked:'Weeks'","operation":{"method_name":"query","arguments":[]}}
06-05 18:32:12.899 I/System.out( 2811): }
06-05 18:32:12.904 W/ResourceType( 2811): No package identifier when getting name for resource number 0x00000001
06-05 18:32:12.914 I/System.out( 2811): URI: //gesture
06-05 18:32:12.914 I/System.out( 2811): params: {json={"query_timeout":5.0,"gestures":[{"query_string":"* marked:'Weeks'","touches":[{"x":50,"y":50,"offset_x":0,"offset_y":0,"wait":0.0,"time":0.2,"release":true,"query_string":null}]}]}
06-05 18:32:12.914 I/System.out( 2811): }
06-05 18:32:12.918 W/ResourceType( 2811): No package identifier when getting name for resource number 0x00000001
06-05 18:32:13.155 V/PhoneStatusBar( 1711): setLightsOn(true)
06-05 18:32:13.155 V/PhoneStatusBar( 1711): setLightsOn(true)
06-05 18:32:13.162 I/System.out( 2811): URI: //map
06-05 18:32:13.162 I/System.out( 2811): params: {json={"query":"* {text CONTAINS[c] 'When to start'}","operation":{"method_name":"query","arguments":[]}}
06-05 18:32:13.162 I/System.out( 2811): }
06-05 18:32:13.171 W/InputEventReceiver( 2811): Attempted to finish an input event but the input event receiver has already been disposed.
06-05 18:32:13.198 W/InputMethodManagerService( 1629): Window already focused, ignoring focus gain of: com.android.internal.view.IInputMethodClient$Stub$Proxy@a377c0e attribute=null, token = android.os.BinderProxy@e9a4586
06-05 18:32:13.253 I/System.out( 2811): URI: //map
06-05 18:32:13.253 I/System.out( 2811): params: {json={"query":"* {text CONTAINS[c] 'Add service interval'}","operation":{"method_name":"query","arguments":[]}}
06-05 18:32:13.253 I/System.out( 2811): }
