06-06 03:16:44.357 I/System.out( 4257): params: {json={"command":"keyboard_enter_text","arguments":["Gray Brown"]}
06-06 03:16:44.357 I/System.out( 4257): }
06-06 03:16:44.358 I/System.out( 4257): ProP json = {"command":"keyboard_enter_text","arguments":["Gray Brown"]}
06-06 03:16:44.358 I/System.out( 4257): files: {}
06-06 03:16:44.358 I/System.out( 4257): command: {"command":"keyboard_enter_text","arguments":["Gray Brown"]}
06-06 03:16:44.358 I/InstrumentationBackend( 4257): Got command:'Command:'Line:null,keyboard_enter_text', arguments:'[Gray Brown]'
06-06 03:16:44.359 E/SpannableStringBuilder( 4257): SPAN_EXCLUSIVE_EXCLUSIVE spans cannot have a zero length
06-06 03:16:44.359 E/SpannableStringBuilder( 4257): SPAN_EXCLUSIVE_EXCLUSIVE spans cannot have a zero length
06-06 03:16:44.363 I/LatinIME:LogUtils( 1696): Dictionary info: dictionary = spellcheck_userunigram.en_US ; version = 1591431404 ; date = ?
06-06 03:16:44.365 E/SpannableStringBuilder( 4257): SPAN_EXCLUSIVE_EXCLUSIVE spans cannot have a zero length
06-06 03:16:44.365 E/SpannableStringBuilder( 4257): SPAN_EXCLUSIVE_EXCLUSIVE spans cannot have a zero length
06-06 03:16:44.369 I/LatinIME:LogUtils( 1696): Dictionary info: dictionary = main:en ; version = 54 ; date = 1414726273
06-06 03:16:44.369 I/System.out( 4257): result:{"bonusInformation":[],"message":"","success":true}
06-06 03:16:44.372 I/art     ( 4257): Compiler allocated 7MB to compile sh.calaba.instrumentationbackend.actions.NanoHTTPD$Response sh.calaba.instrumentationbackend.actions.HttpServer.serve(java.lang.String, java.lang.String, java.util.Properties, java.util.Properties, java.util.Properties)
06-06 03:16:44.372 I/System.out( 4257): URI: //
06-06 03:16:44.372 I/System.out( 4257): params: {json={"command":"press_key","arguments":["KEYCODE_BACK"]}
06-06 03:16:44.372 I/System.out( 4257): }
06-06 03:16:44.372 I/System.out( 4257): header: {content-type=application/json;charset=utf-8, date=Sat, 06 Jun 2020 08:16:45 GMT, accept=*/*, host=127.0.0.1:34777, content-length=52, user-agent=HTTPClient/1.0 (2.8.3, ruby 2.5.1 (2018-03-29))}
06-06 03:16:44.372 I/System.out( 4257): params: {json={"command":"press_key","arguments":["KEYCODE_BACK"]}
06-06 03:16:44.372 I/System.out( 4257): }
06-06 03:16:44.372 I/System.out( 4257): ProP json = {"command":"press_key","arguments":["KEYCODE_BACK"]}
06-06 03:16:44.372 I/System.out( 4257): files: {}
06-06 03:16:44.372 I/System.out( 4257): command: {"command":"press_key","arguments":["KEYCODE_BACK"]}
06-06 03:16:44.374 I/InstrumentationBackend( 4257): Got command:'Command:'Line:null,press_key', arguments:'[KEYCODE_BACK]'
06-06 03:16:44.395 W/InputMethodService( 1696): Window size has been changed. This may cause jankiness of resizing window: -1 -> -2
06-06 03:16:44.397 D/EGL_emulation( 1711): eglMakeCurrent: 0xa7985720: ver 2 0 (tinfo 0xa7983770)
06-06 03:16:44.397 D/EGL_emulation( 1696): eglMakeCurrent: 0x9cbfeaa0: ver 2 0 (tinfo 0x98551b20)
06-06 03:16:44.398 I/System.out( 4257): result:{"bonusInformation":[],"message":"","success":true}
06-06 03:16:44.400 I/System.out( 4257): URI: //map
06-06 03:16:44.400 I/System.out( 4257): params: {json={"query":"* marked:'Save changes'","operation":{"method_name":"query","arguments":[]}}
06-06 03:16:44.400 I/System.out( 4257): }
06-06 03:16:44.401 V/PhoneStatusBar( 1711): setLightsOn(true)
06-06 03:16:44.402 V/PhoneStatusBar( 1711): setLightsOn(true)
06-06 03:16:44.415 V/PhoneStatusBar( 1711): setLightsOn(true)
06-06 03:16:44.432 W/ResourceType( 4257): No package identifier when getting name for resource number 0x00000001
06-06 03:16:44.439 I/System.out( 4257): URI: //gesture
06-06 03:16:44.439 I/System.out( 4257): params: {json={"query_timeout":5.0,"gestures":[{"query_string":"* marked:'Save changes'","touches":[{"x":50,"y":50,"offset_x":0,"offset_y":0,"wait":0.0,"time":0.2,"release":true,"query_string":null}]}]}
06-06 03:16:44.439 I/System.out( 4257): }
06-06 03:16:44.442 W/ResourceType( 4257): No package identifier when getting name for resource number 0x00000001
06-06 03:16:44.580 V/PhoneStatusBar( 1711): setLightsOn(true)
06-06 03:16:44.581 I/WindowManager( 1630): Destroying surface Surface(name=InputMethod) called by com.android.server.wm.WindowStateAnimator.destroySurface:2016 com.android.server.wm.WindowStateAnimator.destroySurfaceLocked:882 com.android.server.wm.WindowState.destroyOrSaveSurface:2100 com.android.server.wm.WindowSurfacePlacer.performSurfacePlacementInner:429 com.android.server.wm.WindowSurfacePlacer.performSurfacePlacementLoop:232 com.android.server.wm.WindowSurfacePlacer.performSurfacePlacement:180 com.android.server.wm.WindowManagerService$H.handleMessage:8086 android.os.Handler.dispatchMessage:102 
06-06 03:16:44.668 W/audio_hw_generic( 1395): Not supplying enough data to HAL, expected position 267516916 , only wrote 267516720
06-06 03:16:44.670 V/PhoneStatusBar( 1711): setLightsOn(true)
06-06 03:16:44.674 D/Mileage.ABS( 4257): Finished backup
06-06 03:16:44.677 I/System.out( 4257): URI: //map
06-06 03:16:44.677 I/System.out( 4257): params: {json={"query":"* {text CONTAINS[c] 'Javier Vehicle'}","operation":{"method_name":"query","arguments":[]}}
06-06 03:16:44.677 I/System.out( 4257): }
06-06 03:16:44.677 V/PhoneStatusBar( 1711): setLightsOn(true)
06-06 03:16:44.679 D/Mileage.ABS( 4257): Not backing up; 7
06-06 03:16:44.679 D/Mileage.ABS( 4257): Not backing up; 7
06-06 03:16:44.680 D/EGL_emulation( 1711): eglMakeCurrent: 0xa7985720: ver 2 0 (tinfo 0xa7983770)
06-06 03:16:44.680 V/PhoneStatusBar( 1711): setLightsOn(true)
06-06 03:16:44.714 W/ActivityManager( 1630): Bad activity token: android.os.BinderProxy@64891cd
06-06 03:16:44.714 W/ActivityManager( 1630): java.lang.ClassCastException: android.os.BinderProxy cannot be cast to com.android.server.am.ActivityRecord$Token
06-06 03:16:44.714 W/ActivityManager( 1630): 	at com.android.server.am.ActivityRecord.forTokenLocked(ActivityRecord.java:586)
06-06 03:16:44.714 W/ActivityManager( 1630): 	at com.android.server.am.ActivityRecord.isInStackLocked(ActivityRecord.java:1327)
06-06 03:16:44.714 W/ActivityManager( 1630): 	at com.android.server.am.ActivityManagerService.getActivityOptions(ActivityManagerService.java:12559)
06-06 03:16:44.714 W/ActivityManager( 1630): 	at android.app.ActivityManagerNative.onTransact(ActivityManagerNative.java:1933)
06-06 03:16:44.714 W/ActivityManager( 1630): 	at com.android.server.am.ActivityManagerService.onTransact(ActivityManagerService.java:2757)
06-06 03:16:44.714 W/ActivityManager( 1630): 	at android.os.Binder.execTransact(Binder.java:565)
06-06 03:16:44.730 V/PhoneStatusBar( 1711): setLightsOn(true)
06-06 03:16:44.731 D/gralloc_ranchu( 1347): gralloc_alloc: Creating ashmem region of size 9023488
06-06 03:16:44.735 I/System.out( 4257): URI: //map
06-06 03:16:44.735 I/System.out( 4257): params: {json={"query":"* {text CONTAINS[c] 'Gray Brown'}","operation":{"method_name":"query","arguments":[]}}
06-06 03:16:44.735 I/System.out( 4257): }
06-06 03:16:44.764 V/PhoneStatusBar( 1711): setLightsOn(true)
06-06 03:16:44.780 V/PhoneStatusBar( 1711): setLightsOn(true)
06-06 03:16:44.793 W/IInputConnectionWrapper( 4257): finishComposingText on inactive InputConnection
06-06 03:16:44.813 V/PhoneStatusBar( 1711): setLightsOn(true)
