--------- beginning of main
06-05 19:57:28.678 V/PhoneStatusBar( 1711): setLightsOn(true)
06-05 19:57:28.679 V/PhoneStatusBar( 1711): setLightsOn(true)
--------- beginning of system
06-05 19:57:28.679 W/ActivityManager( 1629): Finishing task with all activities already finished
06-05 19:57:28.679 W/ActivityManager( 1629): Duplicate finish request for ActivityRecord{6c3636a u0 com.evancharlton.mileage/.Mileage t4415 f}
06-05 19:57:28.680 W/ActivityManager( 1629): Finishing task with all activities already finished
06-05 19:57:28.680 W/ActivityManager( 1629): Duplicate finish request for ActivityRecord{6c3636a u0 com.evancharlton.mileage/.Mileage t4415 f}
06-05 19:57:28.680 W/ActivityManager( 1629): Finishing task with all activities already finished
06-05 19:57:28.680 W/ActivityManager( 1629): Duplicate finish request for ActivityRecord{6c3636a u0 com.evancharlton.mileage/.Mileage t4415 f}
06-05 19:57:28.687 D/gralloc_ranchu( 1348): gralloc_alloc: Creating ashmem region of size 3145728
06-05 19:57:28.693 E/EGL_emulation( 1348): tid 1348: eglCreateSyncKHR(1901): error 0x3004 (EGL_BAD_ATTRIBUTE)
06-05 19:57:28.716 D/EGL_emulation( 1711): eglMakeCurrent: 0x9f1709c0: ver 2 0 (tinfo 0xa0e61d00)
06-05 19:57:28.724 D/EGL_emulation( 1711): eglMakeCurrent: 0x9f1709c0: ver 2 0 (tinfo 0xa0e61d00)
06-05 19:57:28.736 D/EGL_emulation( 2147): eglMakeCurrent: 0xa3805360: ver 2 0 (tinfo 0xa3803630)
06-05 19:57:28.753 D/EGL_emulation( 1711): eglMakeCurrent: 0x9f1709c0: ver 2 0 (tinfo 0xa0e61d00)
06-05 19:57:28.768 D/EGL_emulation( 1711): eglMakeCurrent: 0x9f1709c0: ver 2 0 (tinfo 0xa0e61d00)
06-05 19:57:28.772 D/EGL_emulation( 1711): eglMakeCurrent: 0x9f1709c0: ver 2 0 (tinfo 0xa0e61d00)
06-05 19:57:28.785 D/EGL_emulation( 1711): eglMakeCurrent: 0x9f1709c0: ver 2 0 (tinfo 0xa0e61d00)
06-05 19:57:28.787 D/EGL_emulation( 1711): eglMakeCurrent: 0x9f1709c0: ver 2 0 (tinfo 0xa0e61d00)
06-05 19:57:28.801 D/EGL_emulation( 1711): eglMakeCurrent: 0x9f1709c0: ver 2 0 (tinfo 0xa0e61d00)
06-05 19:57:28.803 D/EGL_emulation( 1711): eglMakeCurrent: 0x9f1709c0: ver 2 0 (tinfo 0xa0e61d00)
06-05 19:57:28.818 D/EGL_emulation( 1711): eglMakeCurrent: 0x9f1709c0: ver 2 0 (tinfo 0xa0e61d00)
06-05 19:57:28.820 D/EGL_emulation( 1711): eglMakeCurrent: 0x9f1709c0: ver 2 0 (tinfo 0xa0e61d00)
06-05 19:57:28.831 D/AndroidRuntime(17632): >>>>>> START com.android.internal.os.RuntimeInit uid 2000 <<<<<<
06-05 19:57:28.832 D/AndroidRuntime(17632): CheckJNI is ON
06-05 19:57:28.835 D/EGL_emulation( 1711): eglMakeCurrent: 0x9f1709c0: ver 2 0 (tinfo 0xa0e61d00)
06-05 19:57:28.838 D/EGL_emulation( 1711): eglMakeCurrent: 0x9f1709c0: ver 2 0 (tinfo 0xa0e61d00)
06-05 19:57:28.847 W/art     (17632): Unexpected CPU variant for X86 using defaults: x86
06-05 19:57:28.849 D/ICU     (17632): No timezone override file found: /data/misc/zoneinfo/current/icu/icu_tzdata.dat
06-05 19:57:28.852 D/EGL_emulation( 1711): eglMakeCurrent: 0x9f1709c0: ver 2 0 (tinfo 0xa0e61d00)
06-05 19:57:28.855 D/EGL_emulation( 1711): eglMakeCurrent: 0x9f1709c0: ver 2 0 (tinfo 0xa0e61d00)
06-05 19:57:28.860 E/memtrack(17632): Couldn't load memtrack module (No such file or directory)
06-05 19:57:28.860 E/android.os.Debug(17632): failed to load memtrack module: -2
06-05 19:57:28.860 I/Radio-JNI(17632): register_android_hardware_Radio DONE
06-05 19:57:28.866 D/AndroidRuntime(17632): Calling main entry com.android.commands.am.Am
06-05 19:57:28.868 I/ActivityManager( 1629): Force stopping com.evancharlton.mileage appid=10196 user=0: start instr
06-05 19:57:28.868 I/ActivityManager( 1629): Killing 17588:com.evancharlton.mileage/u0a196 (adj 0): stop com.evancharlton.mileage
06-05 19:57:28.868 D/ActivityManager( 1629): cleanUpApplicationRecord -- 17588
06-05 19:57:28.868 W/ActivityManager( 1629): Crash of app com.evancharlton.mileage running instrumentation ComponentInfo{com.evancharlton.mileage.test/sh.calaba.instrumentationbackend.CalabashInstrumentationTestRunner}
06-05 19:57:28.868 I/ActivityManager( 1629): Force stopping com.evancharlton.mileage appid=10196 user=0: finished inst
06-05 19:57:28.868 D/EGL_emulation( 1711): eglMakeCurrent: 0x9f1709c0: ver 2 0 (tinfo 0xa0e61d00)
06-05 19:57:28.870 D/EGL_emulation( 1711): eglMakeCurrent: 0x9f1709c0: ver 2 0 (tinfo 0xa0e61d00)
06-05 19:57:28.872 I/art     (17643): Not late-enabling -Xcheck:jni (already on)
06-05 19:57:28.872 W/art     (17643): Unexpected CPU variant for X86 using defaults: x86
06-05 19:57:28.879 I/ActivityManager( 1629): Start proc 17643:com.evancharlton.mileage/u0a196 for added application com.evancharlton.mileage
06-05 19:57:28.879 D/AndroidRuntime(17632): Shutting down VM
06-05 19:57:28.885 D/EGL_emulation( 1711): eglMakeCurrent: 0x9f1709c0: ver 2 0 (tinfo 0xa0e61d00)
06-05 19:57:28.885 W/System  (17643): ClassLoader referenced unknown path: /data/app/com.evancharlton.mileage.test-1/lib/x86
06-05 19:57:28.885 W/System  (17643): ClassLoader referenced unknown path: /data/app/com.evancharlton.mileage-1/lib/x86
06-05 19:57:28.887 D/EGL_emulation( 1711): eglMakeCurrent: 0x9f1709c0: ver 2 0 (tinfo 0xa0e61d00)
06-05 19:57:28.889 W/System  (17643): ClassLoader referenced unknown path: 
06-05 19:57:28.894 I/System.out(17643): Main activity name automatically set to: com.evancharlton.mileage.Mileage
06-05 19:57:28.894 I/System.out(17643): Calabash did not load Mono. This is only a problem if you are trying to test a Mono application
06-05 19:57:28.894 I/calabash(17643): Test server port: 7102
06-05 19:57:28.895 I/InstrumentationBackend(17643): Added:'GetPreferences', with key:'get_preferences'
06-05 19:57:28.902 D/EGL_emulation( 1711): eglMakeCurrent: 0x9f1709c0: ver 2 0 (tinfo 0xa0e61d00)
06-05 19:57:28.902 I/InstrumentationBackend(17643): Added:'SetPreferences', with key:'set_preferences'
06-05 19:57:28.902 I/InstrumentationBackend(17643): Added:'ClearPreferences', with key:'clear_preferences'
06-05 19:57:28.902 I/InstrumentationBackend(17643): Added:'PressElement', with key:'press_l10n_element'
06-05 19:57:28.902 I/InstrumentationBackend(17643): Added:'WaitForElement', with key:'wait_for_l10n_element'
06-05 19:57:28.903 I/InstrumentationBackend(17643): Added:'NullAction', with key:'nullAction'
06-05 19:57:28.903 I/InstrumentationBackend(17643): Added:'PressKey', with key:'press_key'
06-05 19:57:28.903 I/InstrumentationBackend(17643): Added:'SetActivityOrientation', with key:'set_activity_orientation'
06-05 19:57:28.903 I/InstrumentationBackend(17643): Added:'GetActivityOrientation', with key:'get_activity_orientation'
06-05 19:57:28.903 I/InstrumentationBackend(17643): Added:'FakeGPSLocation', with key:'set_gps_coordinates'
06-05 19:57:28.903 I/InstrumentationBackend(17643): Added:'SetPropertyByCssSelector', with key:'set_property_by_css_selector'
06-05 19:57:28.903 I/InstrumentationBackend(17643): Added:'GetUrl', with key:'get_url'
06-05 19:57:28.903 I/InstrumentationBackend(17643): Added:'ScrollTo', with key:'scroll_to'
06-05 19:57:28.903 I/InstrumentationBackend(17643): Added:'GetLoadProgress', with key:'get_load_progress'
06-05 19:57:28.903 I/InstrumentationBackend(17643): Added:'DumpHtml', with key:'dump_html'
06-05 19:57:28.904 I/InstrumentationBackend(17643): Added:'DumpBodyHtml', with key:'dump_body_html'
06-05 19:57:28.904 I/InstrumentationBackend(17643): Added:'EnterTextByCssSelector', with key:'enter_text_by_selector'
06-05 19:57:28.904 D/EGL_emulation( 1711): eglMakeCurrent: 0x9f1709c0: ver 2 0 (tinfo 0xa0e61d00)
06-05 19:57:28.904 I/InstrumentationBackend(17643): Added:'AndroidSDKVersion', with key:'android_sdk_version'
06-05 19:57:28.904 I/InstrumentationBackend(17643): Added:'Version', with key:'version'
06-05 19:57:28.905 I/InstrumentationBackend(17643): Added:'Drag', with key:'drag'
06-05 19:57:28.905 I/InstrumentationBackend(17643): Added:'TouchCoordinates', with key:'touch_coordinate'
06-05 19:57:28.905 I/InstrumentationBackend(17643): Added:'LongPressCoordinate', with key:'long_press_coordinate'
06-05 19:57:28.905 I/InstrumentationBackend(17643): Added:'DragCoordinates', with key:'drag_coordinates'
06-05 19:57:28.905 I/InstrumentationBackend(17643): Added:'ResumeApplication', with key:'resume_application'
06-05 19:57:28.905 I/InstrumentationBackend(17643): Added:'Swipe', with key:'swipe'
06-05 19:57:28.905 I/InstrumentationBackend(17643): Added:'DoubleTapCoordinate', with key:'double_tap_coordinate'
06-05 19:57:28.905 I/InstrumentationBackend(17643): Added:'ClickOnScreen', with key:'click_on_screen'
06-05 19:57:28.905 I/InstrumentationBackend(17643): Added:'GetActivityName', with key:'get_activity_name'
06-05 19:57:28.905 I/InstrumentationBackend(17643): Added:'ScrollToView', with key:'scroll_to_view'
06-05 19:57:28.905 I/InstrumentationBackend(17643): Added:'ViewConfiguration', with key:'view_configuration'
06-05 19:57:28.906 I/InstrumentationBackend(17643): Added:'IsCurrentActivityFocused', with key:'is_current_activity_focused'
06-05 19:57:28.906 I/InstrumentationBackend(17643): Added:'SendTcp', with key:'send_tcp'
06-05 19:57:28.906 I/InstrumentationBackend(17643): Added:'DpToDevicePixel', with key:'dp_to_device_pixel'
06-05 19:57:28.906 I/InstrumentationBackend(17643): Added:'KeyboardEnterText', with key:'keyboard_enter_text'
06-05 19:57:28.906 I/InstrumentationBackend(17643): Added:'DeleteSurroundingText', with key:'delete_surrounding_text'
06-05 19:57:28.906 I/InstrumentationBackend(17643): Added:'SetComposingRegion', with key:'set_composing_region'
06-05 19:57:28.906 I/InstrumentationBackend(17643): Added:'SetSelection', with key:'set_selection'
06-05 19:57:28.906 I/InstrumentationBackend(17643): Added:'KeyboardKeyEvent', with key:'keyboard_key_event'
06-05 19:57:28.906 I/InstrumentationBackend(17643): Added:'PressUserActionButton', with key:'press_user_action_button'
06-05 19:57:28.906 I/InstrumentationBackend(17643): Added:'HideSoftKeyboard', with key:'hide_soft_keyboard'
06-05 19:57:28.906 I/InstrumentationBackend(17643): Added:'ListActions', with key:'list_actions'
06-05 19:57:28.906 I/calabash(17643): Instantiating http server at 7102
06-05 19:57:28.907 I/System.out(17643): HTTP Daemon listening on: 7102
06-05 19:57:28.919 D/EGL_emulation( 1711): eglMakeCurrent: 0x9f1709c0: ver 2 0 (tinfo 0xa0e61d00)
06-05 19:57:28.935 D/EGL_emulation( 1711): eglMakeCurrent: 0x9f1709c0: ver 2 0 (tinfo 0xa0e61d00)
06-05 19:57:28.936 D/EGL_emulation( 1711): eglMakeCurrent: 0x9f1709c0: ver 2 0 (tinfo 0xa0e61d00)
06-05 19:57:28.942 W/InputDispatcher( 1629): channel '97e2ee6 com.evancharlton.mileage/com.evancharlton.mileage.Mileage (server)' ~ Consumer closed input channel or an error occurred.  events=0x9
06-05 19:57:28.942 E/InputDispatcher( 1629): channel '97e2ee6 com.evancharlton.mileage/com.evancharlton.mileage.Mileage (server)' ~ Channel is unrecoverably broken and will be disposed!
06-05 19:57:28.942 I/WindowManager( 1629): WIN DEATH: Window{97e2ee6 u0 com.evancharlton.mileage/com.evancharlton.mileage.Mileage EXITING}
06-05 19:57:28.942 W/InputDispatcher( 1629): Attempted to unregister already unregistered input channel '97e2ee6 com.evancharlton.mileage/com.evancharlton.mileage.Mileage (server)'
06-05 19:57:28.942 W/InputDispatcher( 1629): channel 'f72e440 AtchDlg:com.evancharlton.mileage/com.evancharlton.mileage.FillupActivity (server)' ~ Consumer closed input channel or an error occurred.  events=0x9
06-05 19:57:28.942 E/InputDispatcher( 1629): channel 'f72e440 AtchDlg:com.evancharlton.mileage/com.evancharlton.mileage.FillupActivity (server)' ~ Channel is unrecoverably broken and will be disposed!
06-05 19:57:28.943 I/WindowManager( 1629): WIN DEATH: Window{f72e440 u0 AtchDlg:com.evancharlton.mileage/com.evancharlton.mileage.FillupActivity EXITING}
06-05 19:57:28.943 W/InputDispatcher( 1629): Attempted to unregister already unregistered input channel 'f72e440 AtchDlg:com.evancharlton.mileage/com.evancharlton.mileage.FillupActivity (server)'
06-05 19:57:28.954 D/EGL_emulation( 1711): eglMakeCurrent: 0x9f1709c0: ver 2 0 (tinfo 0xa0e61d00)
06-05 19:57:28.958 D/EGL_emulation( 1711): eglMakeCurrent: 0x9f1709c0: ver 2 0 (tinfo 0xa0e61d00)
06-05 19:57:28.991 I/System.out(17643): URI: //ping
06-05 19:57:28.991 I/System.out(17643): params: {json={}
06-05 19:57:28.991 I/System.out(17643): }
06-05 19:57:28.993 I/System.out(17643): URI: //ping
06-05 19:57:28.993 I/System.out(17643): params: {json={}
06-05 19:57:28.993 I/System.out(17643): }
06-05 19:57:28.996 I/System.out(17643): URI: //ready
06-05 19:57:28.996 I/System.out(17643): params: {json={}
06-05 19:57:28.996 I/System.out(17643): }
06-05 19:57:28.998 I/System.out(17643): URI: //
06-05 19:57:28.998 I/System.out(17643): params: {json={"command":"version","arguments":[]}
06-05 19:57:28.998 I/System.out(17643): }
06-05 19:57:28.998 I/System.out(17643): header: {content-type=application/json;charset=utf-8, date=Sat, 06 Jun 2020 00:57:29 GMT, accept=*/*, host=127.0.0.1:34783, content-length=36, user-agent=HTTPClient/1.0 (2.8.3, ruby 2.5.1 (2018-03-29))}
06-05 19:57:28.998 I/System.out(17643): params: {json={"command":"version","arguments":[]}
06-05 19:57:28.998 I/System.out(17643): }
06-05 19:57:28.998 I/System.out(17643): ProP json = {"command":"version","arguments":[]}
06-05 19:57:28.998 I/System.out(17643): files: {}
06-05 19:57:28.998 I/System.out(17643): command: {"command":"version","arguments":[]}
06-05 19:57:29.002 I/InstrumentationBackend(17643): Got command:'Command:'Line:null,version', arguments:'[]'
06-05 19:57:29.011 I/System.out(17643): result:{"bonusInformation":[],"message":"0.9.8","success":true}
06-05 19:57:29.019 I/System.out(17643): URI: //start-application
06-05 19:57:29.019 I/System.out(17643): params: {json={"intent":null}
06-05 19:57:29.019 I/System.out(17643): }
06-05 19:57:29.028 I/ActivityManager( 1629): START u0 {act=android.intent.action.MAIN cat=[android.intent.category.LAUNCHER] flg=0x10200000 cmp=com.evancharlton.mileage/.Mileage} from uid 10196 on display 0
06-05 19:57:29.034 I/calabash(17643): newActivity1
06-05 19:57:29.044 I/calabash(17643): newActivity1
06-05 19:57:29.045 W/ActivityManager( 1629): Bad activity token: android.os.BinderProxy@7668e7a
06-05 19:57:29.045 W/ActivityManager( 1629): java.lang.ClassCastException: android.os.BinderProxy cannot be cast to com.android.server.am.ActivityRecord$Token
06-05 19:57:29.045 W/ActivityManager( 1629): 	at com.android.server.am.ActivityRecord.forTokenLocked(ActivityRecord.java:586)
06-05 19:57:29.045 W/ActivityManager( 1629): 	at com.android.server.am.ActivityRecord.isInStackLocked(ActivityRecord.java:1327)
06-05 19:57:29.045 W/ActivityManager( 1629): 	at com.android.server.am.ActivityRecord.getStackLocked(ActivityRecord.java:1332)
06-05 19:57:29.045 W/ActivityManager( 1629): 	at com.android.server.am.ActivityManagerService.getActivityDisplayId(ActivityManagerService.java:9806)
06-05 19:57:29.045 W/ActivityManager( 1629): 	at android.app.ActivityManagerNative.onTransact(ActivityManagerNative.java:2566)
06-05 19:57:29.045 W/ActivityManager( 1629): 	at com.android.server.am.ActivityManagerService.onTransact(ActivityManagerService.java:2757)
06-05 19:57:29.045 W/ActivityManager( 1629): 	at android.os.Binder.execTransact(Binder.java:565)
06-05 19:57:29.047 W/ActivityManager( 1629): Bad activity token: android.os.BinderProxy@7668e7a
06-05 19:57:29.047 W/ActivityManager( 1629): java.lang.ClassCastException: android.os.BinderProxy cannot be cast to com.android.server.am.ActivityRecord$Token
06-05 19:57:29.047 W/ActivityManager( 1629): 	at com.android.server.am.ActivityRecord.forTokenLocked(ActivityRecord.java:586)
06-05 19:57:29.047 W/ActivityManager( 1629): 	at com.android.server.am.ActivityRecord.isInStackLocked(ActivityRecord.java:1327)
06-05 19:57:29.047 W/ActivityManager( 1629): 	at com.android.server.am.ActivityManagerService.setTaskDescription(ActivityManagerService.java:9358)
06-05 19:57:29.047 W/ActivityManager( 1629): 	at android.app.ActivityManagerNative.onTransact(ActivityManagerNative.java:2639)
06-05 19:57:29.047 W/ActivityManager( 1629): 	at com.android.server.am.ActivityManagerService.onTransact(ActivityManagerService.java:2757)
06-05 19:57:29.047 W/ActivityManager( 1629): 	at android.os.Binder.execTransact(Binder.java:565)
06-05 19:57:29.047 W/ActivityManager( 1629): Bad activity token: android.os.BinderProxy@7668e7a
06-05 19:57:29.047 W/ActivityManager( 1629): java.lang.ClassCastException: android.os.BinderProxy cannot be cast to com.android.server.am.ActivityRecord$Token
06-05 19:57:29.047 W/ActivityManager( 1629): 	at com.android.server.am.ActivityRecord.forTokenLocked(ActivityRecord.java:586)
06-05 19:57:29.047 W/ActivityManager( 1629): 	at com.android.server.am.ActivityRecord.isInStackLocked(ActivityRecord.java:1327)
06-05 19:57:29.047 W/ActivityManager( 1629): 	at com.android.server.am.ActivityRecord.getStackLocked(ActivityRecord.java:1332)
06-05 19:57:29.047 W/ActivityManager( 1629): 	at com.android.server.am.ActivityManagerService.getActivityStackId(ActivityManagerService.java:9817)
06-05 19:57:29.047 W/ActivityManager( 1629): 	at android.app.ActivityManagerNative.onTransact(ActivityManagerNative.java:2856)
06-05 19:57:29.047 W/ActivityManager( 1629): 	at com.android.server.am.ActivityManagerService.onTransact(ActivityManagerService.java:2757)
06-05 19:57:29.047 W/ActivityManager( 1629): 	at android.os.Binder.execTransact(Binder.java:565)
06-05 19:57:29.051 D/gralloc_ranchu( 1348): gralloc_alloc: Creating ashmem region of size 9023488
06-05 19:57:29.067 W/ActivityManager( 1629): Bad activity token: android.os.BinderProxy@7668e7a
06-05 19:57:29.067 W/ActivityManager( 1629): java.lang.ClassCastException: android.os.BinderProxy cannot be cast to com.android.server.am.ActivityRecord$Token
06-05 19:57:29.067 W/ActivityManager( 1629): 	at com.android.server.am.ActivityRecord.forTokenLocked(ActivityRecord.java:586)
06-05 19:57:29.067 W/ActivityManager( 1629): 	at com.android.server.am.ActivityRecord.isInStackLocked(ActivityRecord.java:1327)
06-05 19:57:29.067 W/ActivityManager( 1629): 	at com.android.server.am.ActivityManagerService.getActivityOptions(ActivityManagerService.java:12559)
06-05 19:57:29.067 W/ActivityManager( 1629): 	at android.app.ActivityManagerNative.onTransact(ActivityManagerNative.java:1933)
06-05 19:57:29.067 W/ActivityManager( 1629): 	at com.android.server.am.ActivityManagerService.onTransact(ActivityManagerService.java:2757)
06-05 19:57:29.067 W/ActivityManager( 1629): 	at android.os.Binder.execTransact(Binder.java:565)
06-05 19:57:29.068 W/ActivityManager( 1629): Bad activity token: android.os.BinderProxy@7668e7a
06-05 19:57:29.068 W/ActivityManager( 1629): java.lang.ClassCastException: android.os.BinderProxy cannot be cast to com.android.server.am.ActivityRecord$Token
06-05 19:57:29.068 W/ActivityManager( 1629): 	at com.android.server.am.ActivityRecord.forTokenLocked(ActivityRecord.java:586)
06-05 19:57:29.068 W/ActivityManager( 1629): 	at com.android.server.am.ActivityRecord.isInStackLocked(ActivityRecord.java:1327)
06-05 19:57:29.068 W/ActivityManager( 1629): 	at com.android.server.am.ActivityManagerService.getActivityOptions(ActivityManagerService.java:12559)
06-05 19:57:29.068 W/ActivityManager( 1629): 	at android.app.ActivityManagerNative.onTransact(ActivityManagerNative.java:1933)
06-05 19:57:29.068 W/ActivityManager( 1629): 	at com.android.server.am.ActivityManagerService.onTransact(ActivityManagerService.java:2757)
06-05 19:57:29.068 W/ActivityManager( 1629): 	at android.os.Binder.execTransact(Binder.java:565)
06-05 19:57:29.077 V/PhoneStatusBar( 1711): setLightsOn(true)
06-05 19:57:29.085 D/EGL_emulation( 2147): eglMakeCurrent: 0xa3805360: ver 2 0 (tinfo 0xa3803630)
06-05 19:57:29.087 D/EGL_emulation( 1711): eglMakeCurrent: 0x9f1709c0: ver 2 0 (tinfo 0xa0e61d00)
06-05 19:57:29.101 D/gralloc_ranchu( 1348): gralloc_alloc: Creating ashmem region of size 9023488
06-05 19:57:29.101 D/EGL_emulation( 1711): eglMakeCurrent: 0x9f1709c0: ver 2 0 (tinfo 0xa0e61d00)
06-05 19:57:29.106 D/        (17643): HostConnection::get() New Host Connection established 0x91f22080, tid 17643
06-05 19:57:29.107 D/EGL_emulation( 1711): eglMakeCurrent: 0x9f1709c0: ver 2 0 (tinfo 0xa0e61d00)
06-05 19:57:29.107 V/PhoneStatusBar( 1711): setLightsOn(true)
06-05 19:57:29.142 D/EGL_emulation( 1711): eglMakeCurrent: 0x9f1709c0: ver 2 0 (tinfo 0xa0e61d00)
06-05 19:57:29.144 I/WindowManager( 1629): Destroying surface Surface(name=AtchDlg:com.evancharlton.mileage/com.evancharlton.mileage.FillupActivity) called by com.android.server.wm.WindowStateAnimator.destroySurface:2016 com.android.server.wm.WindowStateAnimator.destroySurfaceLocked:882 com.android.server.wm.WindowState.removeLocked:1456 com.android.server.wm.WindowManagerService.removeWindowInnerLocked:2484 com.android.server.wm.AppWindowToken.destroySurfaces:365 com.android.server.wm.WindowStateAnimator.finishExit:565 com.android.server.wm.WindowStateAnimator.stepAnimationLocked:491 com.android.server.wm.WindowAnimator.updateWindowsLocked:303 
06-05 19:57:29.145 I/WindowManager( 1629): Destroying surface Surface(name=com.evancharlton.mileage/com.evancharlton.mileage.Mileage) called by com.android.server.wm.WindowStateAnimator.destroySurface:2016 com.android.server.wm.WindowStateAnimator.destroySurfaceLocked:882 com.android.server.wm.WindowState.destroyOrSaveSurface:2100 com.android.server.wm.AppWindowToken.destroySurfaces:363 com.android.server.wm.WindowStateAnimator.finishExit:565 com.android.server.wm.WindowStateAnimator.stepAnimationLocked:491 com.android.server.wm.WindowAnimator.updateWindowsLocked:303 com.android.server.wm.WindowAnimator.animateLocked:704 
06-05 19:57:29.145 D/EGL_emulation( 1711): eglMakeCurrent: 0x9f1709c0: ver 2 0 (tinfo 0xa0e61d00)
06-05 19:57:29.147 D/EGL_emulation( 1711): eglMakeCurrent: 0x9f1709c0: ver 2 0 (tinfo 0xa0e61d00)
06-05 19:57:29.157 D/EGL_emulation( 1711): eglMakeCurrent: 0x9f1709c0: ver 2 0 (tinfo 0xa0e61d00)
06-05 19:57:29.158 V/PhoneStatusBar( 1711): setLightsOn(true)
06-05 19:57:29.159 D/EGL_emulation( 1711): eglMakeCurrent: 0x9f1709c0: ver 2 0 (tinfo 0xa0e61d00)
06-05 19:57:29.168 D/EGL_emulation( 1711): eglMakeCurrent: 0x9f1709c0: ver 2 0 (tinfo 0xa0e61d00)
06-05 19:57:29.170 D/EGL_emulation( 1711): eglMakeCurrent: 0x9f1709c0: ver 2 0 (tinfo 0xa0e61d00)
06-05 19:57:29.185 D/gralloc_ranchu( 1348): gralloc_alloc: Creating ashmem region of size 9023488
06-05 19:57:29.185 D/EGL_emulation( 1711): eglMakeCurrent: 0x9f1709c0: ver 2 0 (tinfo 0xa0e61d00)
06-05 19:57:29.185 I/ActivityManager( 1629): Displayed com.evancharlton.mileage/.Mileage: +153ms
06-05 19:57:29.203 D/EGL_emulation( 1711): eglMakeCurrent: 0x9f1709c0: ver 2 0 (tinfo 0xa0e61d00)
06-05 19:57:29.207 D/EGL_emulation( 1711): eglMakeCurrent: 0x9f1709c0: ver 2 0 (tinfo 0xa0e61d00)
06-05 19:57:29.216 D/EGL_emulation( 1711): eglMakeCurrent: 0x9f1709c0: ver 2 0 (tinfo 0xa0e61d00)
06-05 19:57:29.218 D/EGL_emulation( 1711): eglMakeCurrent: 0x9f1709c0: ver 2 0 (tinfo 0xa0e61d00)
06-05 19:57:29.219 V/PhoneStatusBar( 1711): setLightsOn(true)
06-05 19:57:29.220 D/EGL_emulation( 1711): eglMakeCurrent: 0x9f1709c0: ver 2 0 (tinfo 0xa0e61d00)
06-05 19:57:29.236 D/EGL_emulation( 1711): eglMakeCurrent: 0x9f1709c0: ver 2 0 (tinfo 0xa0e61d00)
06-05 19:57:29.237 D/EGL_emulation( 1711): eglMakeCurrent: 0x9f1709c0: ver 2 0 (tinfo 0xa0e61d00)
06-05 19:57:29.242 I/System.out(17643): URI: //map
06-05 19:57:29.242 I/System.out(17643): params: {json={"query":"* {text CONTAINS[c] 'Fillup information'}","operation":{"method_name":"query","arguments":[]}}
06-05 19:57:29.242 I/System.out(17643): }
06-05 19:57:29.251 D/EGL_emulation( 1711): eglMakeCurrent: 0x9f1709c0: ver 2 0 (tinfo 0xa0e61d00)
06-05 19:57:29.253 D/EGL_emulation( 1711): eglMakeCurrent: 0x9f1709c0: ver 2 0 (tinfo 0xa0e61d00)
06-05 19:57:29.268 D/EGL_emulation( 1711): eglMakeCurrent: 0x9f1709c0: ver 2 0 (tinfo 0xa0e61d00)
06-05 19:57:29.269 D/EGL_emulation( 1711): eglMakeCurrent: 0x9f1709c0: ver 2 0 (tinfo 0xa0e61d00)
06-05 19:57:29.284 D/EGL_emulation( 1711): eglMakeCurrent: 0x9f1709c0: ver 2 0 (tinfo 0xa0e61d00)
06-05 19:57:29.286 D/EGL_emulation( 1711): eglMakeCurrent: 0x9f1709c0: ver 2 0 (tinfo 0xa0e61d00)
06-05 19:57:29.301 D/EGL_emulation( 1711): eglMakeCurrent: 0x9f1709c0: ver 2 0 (tinfo 0xa0e61d00)
06-05 19:57:29.303 D/EGL_emulation( 1711): eglMakeCurrent: 0x9f1709c0: ver 2 0 (tinfo 0xa0e61d00)
06-05 19:57:29.385 I/WindowManager( 1629): Destroying surface Surface(name=Starting com.evancharlton.mileage) called by com.android.server.wm.WindowStateAnimator.destroySurface:2016 com.android.server.wm.WindowStateAnimator.destroySurfaceLocked:882 com.android.server.wm.WindowState.destroyOrSaveSurface:2100 com.android.server.wm.AppWindowToken.destroySurfaces:363 com.android.server.wm.WindowStateAnimator.finishExit:565 com.android.server.wm.WindowStateAnimator.stepAnimationLocked:491 com.android.server.wm.WindowAnimator.updateWindowsLocked:303 com.android.server.wm.WindowAnimator.animateLocked:704 
06-05 19:57:29.386 V/PhoneStatusBar( 1711): setLightsOn(true)
06-05 19:57:29.418 V/PhoneStatusBar( 1711): setLightsOn(true)
06-05 19:57:29.534 V/PhoneStatusBar( 1711): setLightsOn(true)
06-05 19:57:29.835 V/PhoneStatusBar( 1711): setLightsOn(true)
06-05 19:57:29.836 V/PhoneStatusBar( 1711): setLightsOn(true)
06-05 19:57:29.836 W/OpenGLRenderer( 2147): Incorrectly called buildLayer on View: ShortcutAndWidgetContainer, destroying layer...
06-05 19:57:29.851 I/WindowManager( 1629): Destroying surface Surface(name=com.android.launcher3/com.android.launcher3.Launcher) called by com.android.server.wm.WindowStateAnimator.destroySurface:2016 com.android.server.wm.WindowStateAnimator.destroySurfaceLocked:882 com.android.server.wm.WindowState.destroyOrSaveSurface:2100 com.android.server.wm.AppWindowToken.destroySurfaces:363 com.android.server.wm.AppWindowToken.notifyAppStopped:389 com.android.server.wm.WindowManagerService.notifyAppStopped:4463 com.android.server.am.ActivityStack.activityStoppedLocked:1252 com.android.server.am.ActivityManagerService.activityStopped:6903 
06-05 19:57:29.852 V/PhoneStatusBar( 1711): setLightsOn(true)
06-05 19:57:30.279 I/System.out(17643): URI: //
06-05 19:57:30.279 I/System.out(17643): params: {json={"command":"press_key","arguments":["KEYCODE_MENU"]}
06-05 19:57:30.279 I/System.out(17643): }
06-05 19:57:30.279 I/System.out(17643): header: {content-type=application/json;charset=utf-8, date=Sat, 06 Jun 2020 00:57:31 GMT, accept=*/*, host=127.0.0.1:34783, content-length=52, user-agent=HTTPClient/1.0 (2.8.3, ruby 2.5.1 (2018-03-29))}
06-05 19:57:30.279 I/System.out(17643): params: {json={"command":"press_key","arguments":["KEYCODE_MENU"]}
06-05 19:57:30.279 I/System.out(17643): }
06-05 19:57:30.279 I/System.out(17643): ProP json = {"command":"press_key","arguments":["KEYCODE_MENU"]}
06-05 19:57:30.279 I/System.out(17643): files: {}
06-05 19:57:30.279 I/System.out(17643): command: {"command":"press_key","arguments":["KEYCODE_MENU"]}
06-05 19:57:30.283 I/InstrumentationBackend(17643): Got command:'Command:'Line:null,press_key', arguments:'[KEYCODE_MENU]'
06-05 19:57:30.316 V/PhoneStatusBar( 1711): setLightsOn(true)
06-05 19:57:30.330 I/System.out(17643): result:{"bonusInformation":[],"message":"","success":true}
06-05 19:57:30.336 I/System.out(17643): URI: //map
06-05 19:57:30.336 I/System.out(17643): params: {json={"query":"* marked:'Edit fields'","operation":{"method_name":"query","arguments":[]}}
06-05 19:57:30.336 I/System.out(17643): }
06-05 19:57:30.364 V/PhoneStatusBar( 1711): setLightsOn(true)
06-05 19:57:30.368 V/PhoneStatusBar( 1711): setLightsOn(true)
06-05 19:57:30.395 D/gralloc_ranchu( 1348): gralloc_alloc: Creating ashmem region of size 1720320
06-05 19:57:30.403 V/PhoneStatusBar( 1711): setLightsOn(true)
06-05 19:57:30.403 V/PhoneStatusBar( 1711): setLightsOn(true)
06-05 19:57:30.408 W/ResourceType(17643): No package identifier when getting name for resource number 0x00000001
06-05 19:57:30.418 I/System.out(17643): URI: //gesture
06-05 19:57:30.418 I/System.out(17643): params: {json={"query_timeout":5.0,"gestures":[{"query_string":"* marked:'Edit fields'","touches":[{"x":50,"y":50,"offset_x":0,"offset_y":0,"wait":0.0,"time":0.2,"release":true,"query_string":null}]}]}
06-05 19:57:30.418 I/System.out(17643): }
06-05 19:57:30.418 V/PhoneStatusBar( 1711): setLightsOn(true)
06-05 19:57:30.438 V/PhoneStatusBar( 1711): setLightsOn(true)
06-05 19:57:30.440 D/gralloc_ranchu( 1348): gralloc_alloc: Creating ashmem region of size 9023488
06-05 19:57:30.484 W/ResourceType(17643): No package identifier when getting name for resource number 0x00000001
06-05 19:57:30.634 D/gralloc_ranchu( 1348): gralloc_alloc: Creating ashmem region of size 1720320
06-05 19:57:30.635 V/PhoneStatusBar( 1711): setLightsOn(true)
06-05 19:57:30.735 I/ActivityManager( 1629): START u0 {cmp=com.evancharlton.mileage/.FieldListActivity} from uid 10196 on display 0
06-05 19:57:30.737 V/PhoneStatusBar( 1711): setLightsOn(true)
06-05 19:57:30.737 V/PhoneStatusBar( 1711): setLightsOn(true)
06-05 19:57:30.742 I/WindowManager( 1629): Destroying surface Surface(name=AtchDlg:com.evancharlton.mileage/com.evancharlton.mileage.FillupActivity) called by com.android.server.wm.WindowStateAnimator.destroySurface:2016 com.android.server.wm.WindowStateAnimator.destroySurfaceLocked:882 com.android.server.wm.WindowState.removeLocked:1456 com.android.server.wm.WindowManagerService.removeWindowInnerLocked:2484 com.android.server.wm.WindowManagerService.removeWindowLocked:2442 com.android.server.wm.WindowManagerService.removeWindowLocked:2311 com.android.server.wm.WindowManagerService.removeWindow:2306 com.android.server.wm.Session.remove:202 
06-05 19:57:30.743 I/calabash(17643): newActivity1
06-05 19:57:30.745 I/System.out(17643): URI: //map
06-05 19:57:30.745 I/System.out(17643): params: {json={"query":"* {text CONTAINS[c] 'Fillup fields'}","operation":{"method_name":"query","arguments":[]}}
06-05 19:57:30.745 I/System.out(17643): }
06-05 19:57:30.753 V/PhoneStatusBar( 1711): setLightsOn(true)
06-05 19:57:30.768 V/PhoneStatusBar( 1711): setLightsOn(true)
06-05 19:57:30.771 D/gralloc_ranchu( 1348): gralloc_alloc: Creating ashmem region of size 9023488
06-05 19:57:30.772 I/art     (17643): Do partial code cache collection, code=30KB, data=29KB
06-05 19:57:30.772 I/art     (17643): After code cache collection, code=28KB, data=29KB
06-05 19:57:30.772 I/art     (17643): Increasing code cache capacity to 128KB
06-05 19:57:30.784 V/PhoneStatusBar( 1711): setLightsOn(true)
06-05 19:57:30.793 I/ActivityManager( 1629): Displayed com.evancharlton.mileage/.FieldListActivity: +54ms
06-05 19:57:30.801 V/PhoneStatusBar( 1711): setLightsOn(true)
06-05 19:57:30.835 V/PhoneStatusBar( 1711): setLightsOn(true)
06-05 19:57:30.851 V/PhoneStatusBar( 1711): setLightsOn(true)
06-05 19:57:31.035 V/PhoneStatusBar( 1711): setLightsOn(true)
06-05 19:57:31.080 I/System.out(17643): URI: //map
06-05 19:57:31.080 I/System.out(17643): params: {json={"query":"* {text CONTAINS[c] 'Fillup fields'}","operation":{"method_name":"query","arguments":[]}}
06-05 19:57:31.080 I/System.out(17643): }
06-05 19:57:31.152 V/PhoneStatusBar( 1711): setLightsOn(true)
06-05 19:57:31.152 V/PhoneStatusBar( 1711): setLightsOn(true)
06-05 19:57:31.168 I/WindowManager( 1629): Destroying surface Surface(name=com.evancharlton.mileage/com.evancharlton.mileage.Mileage) called by com.android.server.wm.WindowStateAnimator.destroySurface:2016 com.android.server.wm.WindowStateAnimator.destroySurfaceLocked:882 com.android.server.wm.WindowState.destroyOrSaveSurface:2100 com.android.server.wm.WindowManagerService.tryStartExitingAnimation:3024 com.android.server.wm.WindowManagerService.relayoutWindow:2904 com.android.server.wm.Session.relayout:224 android.view.IWindowSession$Stub.onTransact:286 com.android.server.wm.Session.onTransact:145 
06-05 19:57:31.168 V/PhoneStatusBar( 1711): setLightsOn(true)
06-05 19:57:31.169 V/PhoneStatusBar( 1711): setLightsOn(true)
06-05 19:57:31.967 D/gralloc_ranchu( 1348): gralloc_alloc: Creating ashmem region of size 9023488
06-05 19:57:32.024 D/gralloc_ranchu( 1348): gralloc_alloc: Creating ashmem region of size 9023488
06-05 19:57:32.097 I/System.out(17643): URI: //
06-05 19:57:32.097 I/System.out(17643): params: {json={"command":"press_key","arguments":["KEYCODE_MENU"]}
06-05 19:57:32.097 I/System.out(17643): }
06-05 19:57:32.097 I/System.out(17643): header: {content-type=application/json;charset=utf-8, date=Sat, 06 Jun 2020 00:57:32 GMT, accept=*/*, host=127.0.0.1:34783, content-length=52, user-agent=HTTPClient/1.0 (2.8.3, ruby 2.5.1 (2018-03-29))}
06-05 19:57:32.097 I/System.out(17643): params: {json={"command":"press_key","arguments":["KEYCODE_MENU"]}
06-05 19:57:32.097 I/System.out(17643): }
06-05 19:57:32.097 I/System.out(17643): ProP json = {"command":"press_key","arguments":["KEYCODE_MENU"]}
06-05 19:57:32.097 I/System.out(17643): files: {}
06-05 19:57:32.097 I/System.out(17643): command: {"command":"press_key","arguments":["KEYCODE_MENU"]}
06-05 19:57:32.099 I/InstrumentationBackend(17643): Got command:'Command:'Line:null,press_key', arguments:'[KEYCODE_MENU]'
06-05 19:57:32.204 V/PhoneStatusBar( 1711): setLightsOn(true)
06-05 19:57:32.208 I/System.out(17643): result:{"bonusInformation":[],"message":"","success":true}
06-05 19:57:32.211 I/System.out(17643): URI: //map
06-05 19:57:32.211 I/System.out(17643): params: {json={"query":"* marked:'Add new field'","operation":{"method_name":"query","arguments":[]}}
06-05 19:57:32.211 I/System.out(17643): }
06-05 19:57:32.233 V/PhoneStatusBar( 1711): setLightsOn(true)
06-05 19:57:32.235 V/PhoneStatusBar( 1711): setLightsOn(true)
06-05 19:57:32.263 D/gralloc_ranchu( 1348): gralloc_alloc: Creating ashmem region of size 929792
06-05 19:57:32.271 V/PhoneStatusBar( 1711): setLightsOn(true)
06-05 19:57:32.271 W/ResourceType(17643): No package identifier when getting name for resource number 0x00000001
06-05 19:57:32.271 V/PhoneStatusBar( 1711): setLightsOn(true)
06-05 19:57:32.279 I/System.out(17643): URI: //gesture
06-05 19:57:32.279 I/System.out(17643): params: {json={"query_timeout":5.0,"gestures":[{"query_string":"* marked:'Add new field'","touches":[{"x":50,"y":50,"offset_x":0,"offset_y":0,"wait":0.0,"time":0.2,"release":true,"query_string":null}]}]}
06-05 19:57:32.279 I/System.out(17643): }
06-05 19:57:32.285 V/PhoneStatusBar( 1711): setLightsOn(true)
06-05 19:57:32.285 V/PhoneStatusBar( 1711): setLightsOn(true)
06-05 19:57:32.286 W/ResourceType(17643): No package identifier when getting name for resource number 0x00000001
06-05 19:57:32.401 D/gralloc_ranchu( 1348): gralloc_alloc: Creating ashmem region of size 929792
06-05 19:57:32.502 V/PhoneStatusBar( 1711): setLightsOn(true)
06-05 19:57:32.520 I/ActivityManager( 1629): START u0 {cmp=com.evancharlton.mileage/.FieldActivity} from uid 10196 on display 0
06-05 19:57:32.523 V/PhoneStatusBar( 1711): setLightsOn(true)
06-05 19:57:32.525 V/PhoneStatusBar( 1711): setLightsOn(true)
06-05 19:57:32.533 I/WindowManager( 1629): Destroying surface Surface(name=AtchDlg:com.evancharlton.mileage/com.evancharlton.mileage.FieldListActivity) called by com.android.server.wm.WindowStateAnimator.destroySurface:2016 com.android.server.wm.WindowStateAnimator.destroySurfaceLocked:882 com.android.server.wm.WindowState.removeLocked:1456 com.android.server.wm.WindowManagerService.removeWindowInnerLocked:2484 com.android.server.wm.WindowManagerService.removeWindowLocked:2442 com.android.server.wm.WindowManagerService.removeWindowLocked:2311 com.android.server.wm.WindowManagerService.removeWindow:2306 com.android.server.wm.Session.remove:202 
06-05 19:57:32.537 I/calabash(17643): newActivity1
06-05 19:57:32.544 I/System.out(17643): URI: //map
06-05 19:57:32.544 I/System.out(17643): params: {json={"query":"* {text CONTAINS[c] 'Fillup field'}","operation":{"method_name":"query","arguments":[]}}
06-05 19:57:32.544 I/System.out(17643): }
06-05 19:57:32.551 V/PhoneStatusBar( 1711): setLightsOn(true)
06-05 19:57:32.552 V/PhoneStatusBar( 1711): setLightsOn(true)
06-05 19:57:32.555 D/gralloc_ranchu( 1348): gralloc_alloc: Creating ashmem region of size 9023488
06-05 19:57:32.568 V/PhoneStatusBar( 1711): setLightsOn(true)
06-05 19:57:32.594 I/ActivityManager( 1629): Displayed com.evancharlton.mileage/.FieldActivity: +67ms
06-05 19:57:32.594 W/InputMethodService( 1696): Window size has been changed. This may cause jankiness of resizing window: -1 -> -2
06-05 19:57:32.600 I/LatinIME( 1696): Starting input. Cursor position = 0,0
06-05 19:57:32.601 D/gralloc_ranchu( 1348): gralloc_alloc: Creating ashmem region of size 9023488
06-05 19:57:32.602 V/PhoneStatusBar( 1711): setLightsOn(true)
06-05 19:57:32.618 V/PhoneStatusBar( 1711): setLightsOn(true)
06-05 19:57:32.668 V/PhoneStatusBar( 1711): setLightsOn(true)
06-05 19:57:32.671 I/System.out(17643): URI: //map
06-05 19:57:32.671 I/System.out(17643): params: {json={"query":"* {text CONTAINS[c] 'Add new field'}","operation":{"method_name":"query","arguments":[]}}
06-05 19:57:32.671 I/System.out(17643): }
06-05 19:57:32.685 V/PhoneStatusBar( 1711): setLightsOn(true)
