--------- beginning of system
06-05 18:17:13.916 W/ActivityManager( 1630): Finishing task with all activities already finished
06-05 18:17:13.916 W/ActivityManager( 1630): Duplicate finish request for ActivityRecord{c29b64a u0 com.evancharlton.mileage/.Mileage t2729 f}
--------- beginning of main
06-05 18:17:13.926 V/PhoneStatusBar( 1712): setLightsOn(true)
06-05 18:17:13.928 D/gralloc_ranchu( 1346): gralloc_alloc: Creating ashmem region of size 3145728
06-05 18:17:13.933 E/EGL_emulation( 1346): tid 1346: eglCreateSyncKHR(1901): error 0x3004 (EGL_BAD_ATTRIBUTE)
06-05 18:17:13.942 W/ActivityManager( 1630): Finishing task with all activities already finished
06-05 18:17:13.942 W/ActivityManager( 1630): Duplicate finish request for ActivityRecord{c29b64a u0 com.evancharlton.mileage/.Mileage t2729 f}
06-05 18:17:13.942 W/ActivityManager( 1630): Finishing task with all activities already finished
06-05 18:17:13.942 W/ActivityManager( 1630): Duplicate finish request for ActivityRecord{c29b64a u0 com.evancharlton.mileage/.Mileage t2729 f}
06-05 18:17:13.943 W/ActivityManager( 1630): Finishing task with all activities already finished
06-05 18:17:13.943 W/ActivityManager( 1630): Duplicate finish request for ActivityRecord{c29b64a u0 com.evancharlton.mileage/.Mileage t2729 f}
06-05 18:17:13.943 W/ActivityManager( 1630): Finishing task with all activities already finished
06-05 18:17:13.943 W/ActivityManager( 1630): Duplicate finish request for ActivityRecord{c29b64a u0 com.evancharlton.mileage/.Mileage t2729 f}
06-05 18:17:13.943 W/ActivityManager( 1630): Finishing task with all activities already finished
06-05 18:17:13.943 W/ActivityManager( 1630): Duplicate finish request for ActivityRecord{82938 u0 com.evancharlton.mileage/.charts.LastMonthCostChart t2729 f}
06-05 18:17:13.943 W/ActivityManager( 1630): Finishing task with all activities already finished
06-05 18:17:13.943 W/ActivityManager( 1630): Duplicate finish request for ActivityRecord{82938 u0 com.evancharlton.mileage/.charts.LastMonthCostChart t2729 f}
06-05 18:17:13.943 W/ActivityManager( 1630): Finishing task with all activities already finished
06-05 18:17:13.943 W/ActivityManager( 1630): Duplicate finish request for ActivityRecord{c29b64a u0 com.evancharlton.mileage/.Mileage t2729 f}
06-05 18:17:13.943 W/ActivityManager( 1630): Finishing task with all activities already finished
06-05 18:17:13.943 W/ActivityManager( 1630): Duplicate finish request for ActivityRecord{c29b64a u0 com.evancharlton.mileage/.Mileage t2729 f}
06-05 18:17:13.977 D/EGL_emulation( 2099): eglMakeCurrent: 0xb4085240: ver 2 0 (tinfo 0xb40832d0)
06-05 18:17:13.978 D/EGL_emulation( 1712): eglMakeCurrent: 0xb4085540: ver 2 0 (tinfo 0xb4083740)
06-05 18:17:13.993 D/EGL_emulation( 1712): eglMakeCurrent: 0xb4085540: ver 2 0 (tinfo 0xb4083740)
06-05 18:17:14.010 D/EGL_emulation( 1712): eglMakeCurrent: 0xb4085540: ver 2 0 (tinfo 0xb4083740)
06-05 18:17:14.026 D/EGL_emulation( 1712): eglMakeCurrent: 0xb4085540: ver 2 0 (tinfo 0xb4083740)
06-05 18:17:14.028 D/EGL_emulation( 1712): eglMakeCurrent: 0xb4085540: ver 2 0 (tinfo 0xb4083740)
06-05 18:17:14.043 D/EGL_emulation( 1712): eglMakeCurrent: 0xb4085540: ver 2 0 (tinfo 0xb4083740)
06-05 18:17:14.044 D/EGL_emulation( 1712): eglMakeCurrent: 0xb4085540: ver 2 0 (tinfo 0xb4083740)
06-05 18:17:14.059 D/EGL_emulation( 1712): eglMakeCurrent: 0xb4085540: ver 2 0 (tinfo 0xb4083740)
06-05 18:17:14.061 D/EGL_emulation( 1712): eglMakeCurrent: 0xb4085540: ver 2 0 (tinfo 0xb4083740)
06-05 18:17:14.062 D/AndroidRuntime( 4735): >>>>>> START com.android.internal.os.RuntimeInit uid 2000 <<<<<<
06-05 18:17:14.064 D/AndroidRuntime( 4735): CheckJNI is ON
06-05 18:17:14.074 W/art     ( 4735): Unexpected CPU variant for X86 using defaults: x86
06-05 18:17:14.076 D/EGL_emulation( 1712): eglMakeCurrent: 0xb4085540: ver 2 0 (tinfo 0xb4083740)
06-05 18:17:14.076 D/ICU     ( 4735): No timezone override file found: /data/misc/zoneinfo/current/icu/icu_tzdata.dat
06-05 18:17:14.077 D/EGL_emulation( 1712): eglMakeCurrent: 0xb4085540: ver 2 0 (tinfo 0xb4083740)
06-05 18:17:14.084 E/memtrack( 4735): Couldn't load memtrack module (No such file or directory)
06-05 18:17:14.084 E/android.os.Debug( 4735): failed to load memtrack module: -2
06-05 18:17:14.084 I/Radio-JNI( 4735): register_android_hardware_Radio DONE
06-05 18:17:14.088 D/AndroidRuntime( 4735): Calling main entry com.android.commands.am.Am
06-05 18:17:14.090 I/ActivityManager( 1630): Force stopping com.evancharlton.mileage appid=10150 user=0: start instr
06-05 18:17:14.090 I/ActivityManager( 1630): Killing 4691:com.evancharlton.mileage/u0a150 (adj 0): stop com.evancharlton.mileage
06-05 18:17:14.090 D/ActivityManager( 1630): cleanUpApplicationRecord -- 4691
06-05 18:17:14.092 I/WindowManager( 1630): Destroying surface Surface(name=com.evancharlton.mileage/com.evancharlton.mileage.charts.LastMonthCostChart) called by com.android.server.wm.WindowStateAnimator.destroySurface:2016 com.android.server.wm.WindowStateAnimator.destroySurfaceLocked:882 com.android.server.wm.WindowState.removeLocked:1456 com.android.server.wm.WindowManagerService.removeWindowInnerLocked:2484 com.android.server.wm.WindowManagerService.removeWindowLocked:2442 com.android.server.wm.WindowManagerService.removeWindowLocked:2311 com.android.server.wm.AppWindowToken.removeAllWindows:530 com.android.server.wm.AppWindowToken.removeAppFromTaskLocked:326 
06-05 18:17:14.093 D/EGL_emulation( 1712): eglMakeCurrent: 0xb4085540: ver 2 0 (tinfo 0xb4083740)
06-05 18:17:14.093 W/ActivityManager( 1630): Crash of app com.evancharlton.mileage running instrumentation ComponentInfo{com.evancharlton.mileage.test/sh.calaba.instrumentationbackend.CalabashInstrumentationTestRunner}
06-05 18:17:14.093 I/ActivityManager( 1630): Force stopping com.evancharlton.mileage appid=10150 user=0: finished inst
06-05 18:17:14.096 D/EGL_emulation( 1712): eglMakeCurrent: 0xb4085540: ver 2 0 (tinfo 0xb4083740)
06-05 18:17:14.096 I/art     ( 4746): Not late-enabling -Xcheck:jni (already on)
06-05 18:17:14.096 W/art     ( 4746): Unexpected CPU variant for X86 using defaults: x86
06-05 18:17:14.104 I/ActivityManager( 1630): Start proc 4746:com.evancharlton.mileage/u0a150 for added application com.evancharlton.mileage
06-05 18:17:14.104 D/AndroidRuntime( 4735): Shutting down VM
06-05 18:17:14.108 W/System  ( 4746): ClassLoader referenced unknown path: /data/app/com.evancharlton.mileage.test-1/lib/x86
06-05 18:17:14.108 W/System  ( 4746): ClassLoader referenced unknown path: /data/app/com.evancharlton.mileage-1/lib/x86
06-05 18:17:14.110 D/EGL_emulation( 1712): eglMakeCurrent: 0xb4085540: ver 2 0 (tinfo 0xb4083740)
06-05 18:17:14.110 W/System  ( 4746): ClassLoader referenced unknown path: 
06-05 18:17:14.111 D/EGL_emulation( 1712): eglMakeCurrent: 0xb4085540: ver 2 0 (tinfo 0xb4083740)
06-05 18:17:14.114 I/System.out( 4746): Main activity name automatically set to: com.evancharlton.mileage.Mileage
06-05 18:17:14.114 I/System.out( 4746): Calabash did not load Mono. This is only a problem if you are trying to test a Mono application
06-05 18:17:14.114 I/calabash( 4746): Test server port: 7102
06-05 18:17:14.115 I/InstrumentationBackend( 4746): Added:'GetPreferences', with key:'get_preferences'
06-05 18:17:14.119 I/InstrumentationBackend( 4746): Added:'SetPreferences', with key:'set_preferences'
06-05 18:17:14.119 I/InstrumentationBackend( 4746): Added:'ClearPreferences', with key:'clear_preferences'
06-05 18:17:14.119 I/InstrumentationBackend( 4746): Added:'PressElement', with key:'press_l10n_element'
06-05 18:17:14.119 I/InstrumentationBackend( 4746): Added:'WaitForElement', with key:'wait_for_l10n_element'
06-05 18:17:14.119 I/InstrumentationBackend( 4746): Added:'NullAction', with key:'nullAction'
06-05 18:17:14.119 I/InstrumentationBackend( 4746): Added:'PressKey', with key:'press_key'
06-05 18:17:14.119 I/InstrumentationBackend( 4746): Added:'SetActivityOrientation', with key:'set_activity_orientation'
06-05 18:17:14.119 I/InstrumentationBackend( 4746): Added:'GetActivityOrientation', with key:'get_activity_orientation'
06-05 18:17:14.120 I/InstrumentationBackend( 4746): Added:'FakeGPSLocation', with key:'set_gps_coordinates'
06-05 18:17:14.120 I/InstrumentationBackend( 4746): Added:'SetPropertyByCssSelector', with key:'set_property_by_css_selector'
06-05 18:17:14.120 I/InstrumentationBackend( 4746): Added:'GetUrl', with key:'get_url'
06-05 18:17:14.120 I/InstrumentationBackend( 4746): Added:'ScrollTo', with key:'scroll_to'
06-05 18:17:14.120 I/InstrumentationBackend( 4746): Added:'GetLoadProgress', with key:'get_load_progress'
06-05 18:17:14.120 I/InstrumentationBackend( 4746): Added:'DumpHtml', with key:'dump_html'
06-05 18:17:14.120 I/InstrumentationBackend( 4746): Added:'DumpBodyHtml', with key:'dump_body_html'
06-05 18:17:14.120 I/InstrumentationBackend( 4746): Added:'EnterTextByCssSelector', with key:'enter_text_by_selector'
06-05 18:17:14.120 I/InstrumentationBackend( 4746): Added:'AndroidSDKVersion', with key:'android_sdk_version'
06-05 18:17:14.120 I/InstrumentationBackend( 4746): Added:'Version', with key:'version'
06-05 18:17:14.120 I/InstrumentationBackend( 4746): Added:'Drag', with key:'drag'
06-05 18:17:14.120 I/InstrumentationBackend( 4746): Added:'TouchCoordinates', with key:'touch_coordinate'
06-05 18:17:14.120 I/InstrumentationBackend( 4746): Added:'LongPressCoordinate', with key:'long_press_coordinate'
06-05 18:17:14.121 I/InstrumentationBackend( 4746): Added:'DragCoordinates', with key:'drag_coordinates'
06-05 18:17:14.121 I/InstrumentationBackend( 4746): Added:'ResumeApplication', with key:'resume_application'
06-05 18:17:14.121 I/InstrumentationBackend( 4746): Added:'Swipe', with key:'swipe'
06-05 18:17:14.121 I/InstrumentationBackend( 4746): Added:'DoubleTapCoordinate', with key:'double_tap_coordinate'
06-05 18:17:14.121 I/InstrumentationBackend( 4746): Added:'ClickOnScreen', with key:'click_on_screen'
06-05 18:17:14.121 I/InstrumentationBackend( 4746): Added:'GetActivityName', with key:'get_activity_name'
06-05 18:17:14.121 I/InstrumentationBackend( 4746): Added:'ScrollToView', with key:'scroll_to_view'
06-05 18:17:14.121 I/InstrumentationBackend( 4746): Added:'ViewConfiguration', with key:'view_configuration'
06-05 18:17:14.121 I/InstrumentationBackend( 4746): Added:'IsCurrentActivityFocused', with key:'is_current_activity_focused'
06-05 18:17:14.121 I/InstrumentationBackend( 4746): Added:'SendTcp', with key:'send_tcp'
06-05 18:17:14.121 I/InstrumentationBackend( 4746): Added:'DpToDevicePixel', with key:'dp_to_device_pixel'
06-05 18:17:14.121 I/InstrumentationBackend( 4746): Added:'KeyboardEnterText', with key:'keyboard_enter_text'
06-05 18:17:14.121 I/InstrumentationBackend( 4746): Added:'DeleteSurroundingText', with key:'delete_surrounding_text'
06-05 18:17:14.121 I/InstrumentationBackend( 4746): Added:'SetComposingRegion', with key:'set_composing_region'
06-05 18:17:14.121 I/InstrumentationBackend( 4746): Added:'SetSelection', with key:'set_selection'
06-05 18:17:14.121 I/InstrumentationBackend( 4746): Added:'KeyboardKeyEvent', with key:'keyboard_key_event'
06-05 18:17:14.121 I/InstrumentationBackend( 4746): Added:'PressUserActionButton', with key:'press_user_action_button'
06-05 18:17:14.121 I/InstrumentationBackend( 4746): Added:'HideSoftKeyboard', with key:'hide_soft_keyboard'
06-05 18:17:14.121 I/InstrumentationBackend( 4746): Added:'ListActions', with key:'list_actions'
06-05 18:17:14.122 I/calabash( 4746): Instantiating http server at 7102
06-05 18:17:14.122 I/System.out( 4746): HTTP Daemon listening on: 7102
06-05 18:17:14.126 D/EGL_emulation( 1712): eglMakeCurrent: 0xb4085540: ver 2 0 (tinfo 0xb4083740)
06-05 18:17:14.127 D/EGL_emulation( 1712): eglMakeCurrent: 0xb4085540: ver 2 0 (tinfo 0xb4083740)
06-05 18:17:14.143 W/InputDispatcher( 1630): channel 'd3f39a1 com.evancharlton.mileage/com.evancharlton.mileage.Mileage (server)' ~ Consumer closed input channel or an error occurred.  events=0x9
06-05 18:17:14.143 E/InputDispatcher( 1630): channel 'd3f39a1 com.evancharlton.mileage/com.evancharlton.mileage.Mileage (server)' ~ Channel is unrecoverably broken and will be disposed!
06-05 18:17:14.143 D/EGL_emulation( 1712): eglMakeCurrent: 0xb4085540: ver 2 0 (tinfo 0xb4083740)
06-05 18:17:14.143 I/WindowManager( 1630): WIN DEATH: Window{d3f39a1 u0 com.evancharlton.mileage/com.evancharlton.mileage.Mileage EXITING}
06-05 18:17:14.143 W/InputDispatcher( 1630): Attempted to unregister already unregistered input channel 'd3f39a1 com.evancharlton.mileage/com.evancharlton.mileage.Mileage (server)'
06-05 18:17:14.158 D/EGL_emulation( 1712): eglMakeCurrent: 0xb4085540: ver 2 0 (tinfo 0xb4083740)
06-05 18:17:14.160 D/EGL_emulation( 1712): eglMakeCurrent: 0xb4085540: ver 2 0 (tinfo 0xb4083740)
06-05 18:17:14.161 D/EGL_emulation( 1712): eglMakeCurrent: 0xb4085540: ver 2 0 (tinfo 0xb4083740)
06-05 18:17:14.176 D/EGL_emulation( 1712): eglMakeCurrent: 0xb4085540: ver 2 0 (tinfo 0xb4083740)
06-05 18:17:14.193 D/EGL_emulation( 1712): eglMakeCurrent: 0xb4085540: ver 2 0 (tinfo 0xb4083740)
06-05 18:17:14.194 D/EGL_emulation( 1712): eglMakeCurrent: 0xb4085540: ver 2 0 (tinfo 0xb4083740)
06-05 18:17:14.209 D/EGL_emulation( 1712): eglMakeCurrent: 0xb4085540: ver 2 0 (tinfo 0xb4083740)
06-05 18:17:14.211 D/EGL_emulation( 1712): eglMakeCurrent: 0xb4085540: ver 2 0 (tinfo 0xb4083740)
06-05 18:17:14.214 I/System.out( 4746): URI: //ping
06-05 18:17:14.214 I/System.out( 4746): params: {json={}
06-05 18:17:14.214 I/System.out( 4746): }
06-05 18:17:14.216 I/System.out( 4746): URI: //ping
06-05 18:17:14.216 I/System.out( 4746): params: {json={}
06-05 18:17:14.216 I/System.out( 4746): }
06-05 18:17:14.217 I/System.out( 4746): URI: //ready
06-05 18:17:14.217 I/System.out( 4746): params: {json={}
06-05 18:17:14.217 I/System.out( 4746): }
06-05 18:17:14.222 I/System.out( 4746): URI: //
06-05 18:17:14.222 I/System.out( 4746): params: {json={"command":"version","arguments":[]}
06-05 18:17:14.222 I/System.out( 4746): }
06-05 18:17:14.222 I/System.out( 4746): header: {content-type=application/json;charset=utf-8, date=Fri, 05 Jun 2020 23:17:14 GMT, accept=*/*, host=127.0.0.1:34784, content-length=36, user-agent=HTTPClient/1.0 (2.8.3, ruby 2.5.1 (2018-03-29))}
06-05 18:17:14.222 I/System.out( 4746): params: {json={"command":"version","arguments":[]}
06-05 18:17:14.222 I/System.out( 4746): }
06-05 18:17:14.222 I/System.out( 4746): ProP json = {"command":"version","arguments":[]}
06-05 18:17:14.222 I/System.out( 4746): files: {}
06-05 18:17:14.222 I/System.out( 4746): command: {"command":"version","arguments":[]}
06-05 18:17:14.226 I/InstrumentationBackend( 4746): Got command:'Command:'Line:null,version', arguments:'[]'
06-05 18:17:14.233 I/System.out( 4746): result:{"bonusInformation":[],"message":"0.9.8","success":true}
06-05 18:17:14.236 I/System.out( 4746): URI: //start-application
06-05 18:17:14.236 I/System.out( 4746): params: {json={"intent":null}
06-05 18:17:14.236 I/System.out( 4746): }
06-05 18:17:14.247 I/ActivityManager( 1630): START u0 {act=android.intent.action.MAIN cat=[android.intent.category.LAUNCHER] flg=0x10200000 cmp=com.evancharlton.mileage/.Mileage} from uid 10150 on display 0
06-05 18:17:14.255 I/calabash( 4746): newActivity1
06-05 18:17:14.267 I/calabash( 4746): newActivity1
06-05 18:17:14.268 W/ActivityManager( 1630): Bad activity token: android.os.BinderProxy@7bc522d
06-05 18:17:14.268 W/ActivityManager( 1630): java.lang.ClassCastException: android.os.BinderProxy cannot be cast to com.android.server.am.ActivityRecord$Token
06-05 18:17:14.268 W/ActivityManager( 1630): 	at com.android.server.am.ActivityRecord.forTokenLocked(ActivityRecord.java:586)
06-05 18:17:14.268 W/ActivityManager( 1630): 	at com.android.server.am.ActivityRecord.isInStackLocked(ActivityRecord.java:1327)
06-05 18:17:14.268 W/ActivityManager( 1630): 	at com.android.server.am.ActivityRecord.getStackLocked(ActivityRecord.java:1332)
06-05 18:17:14.268 W/ActivityManager( 1630): 	at com.android.server.am.ActivityManagerService.getActivityDisplayId(ActivityManagerService.java:9806)
06-05 18:17:14.268 W/ActivityManager( 1630): 	at android.app.ActivityManagerNative.onTransact(ActivityManagerNative.java:2566)
06-05 18:17:14.268 W/ActivityManager( 1630): 	at com.android.server.am.ActivityManagerService.onTransact(ActivityManagerService.java:2757)
06-05 18:17:14.268 W/ActivityManager( 1630): 	at android.os.Binder.execTransact(Binder.java:565)
06-05 18:17:14.269 W/ActivityManager( 1630): Bad activity token: android.os.BinderProxy@7bc522d
06-05 18:17:14.269 W/ActivityManager( 1630): java.lang.ClassCastException: android.os.BinderProxy cannot be cast to com.android.server.am.ActivityRecord$Token
06-05 18:17:14.269 W/ActivityManager( 1630): 	at com.android.server.am.ActivityRecord.forTokenLocked(ActivityRecord.java:586)
06-05 18:17:14.269 W/ActivityManager( 1630): 	at com.android.server.am.ActivityRecord.isInStackLocked(ActivityRecord.java:1327)
06-05 18:17:14.269 W/ActivityManager( 1630): 	at com.android.server.am.ActivityManagerService.setTaskDescription(ActivityManagerService.java:9358)
06-05 18:17:14.269 W/ActivityManager( 1630): 	at android.app.ActivityManagerNative.onTransact(ActivityManagerNative.java:2639)
06-05 18:17:14.269 W/ActivityManager( 1630): 	at com.android.server.am.ActivityManagerService.onTransact(ActivityManagerService.java:2757)
06-05 18:17:14.269 W/ActivityManager( 1630): 	at android.os.Binder.execTransact(Binder.java:565)
06-05 18:17:14.269 W/ActivityManager( 1630): Bad activity token: android.os.BinderProxy@7bc522d
06-05 18:17:14.269 W/ActivityManager( 1630): java.lang.ClassCastException: android.os.BinderProxy cannot be cast to com.android.server.am.ActivityRecord$Token
06-05 18:17:14.269 W/ActivityManager( 1630): 	at com.android.server.am.ActivityRecord.forTokenLocked(ActivityRecord.java:586)
06-05 18:17:14.269 W/ActivityManager( 1630): 	at com.android.server.am.ActivityRecord.isInStackLocked(ActivityRecord.java:1327)
06-05 18:17:14.269 W/ActivityManager( 1630): 	at com.android.server.am.ActivityRecord.getStackLocked(ActivityRecord.java:1332)
06-05 18:17:14.269 W/ActivityManager( 1630): 	at com.android.server.am.ActivityManagerService.getActivityStackId(ActivityManagerService.java:9817)
06-05 18:17:14.269 W/ActivityManager( 1630): 	at android.app.ActivityManagerNative.onTransact(ActivityManagerNative.java:2856)
06-05 18:17:14.269 W/ActivityManager( 1630): 	at com.android.server.am.ActivityManagerService.onTransact(ActivityManagerService.java:2757)
06-05 18:17:14.269 W/ActivityManager( 1630): 	at android.os.Binder.execTransact(Binder.java:565)
06-05 18:17:14.276 D/gralloc_ranchu( 1346): gralloc_alloc: Creating ashmem region of size 9023488
06-05 18:17:14.291 W/ActivityManager( 1630): Bad activity token: android.os.BinderProxy@7bc522d
06-05 18:17:14.291 W/ActivityManager( 1630): java.lang.ClassCastException: android.os.BinderProxy cannot be cast to com.android.server.am.ActivityRecord$Token
06-05 18:17:14.291 W/ActivityManager( 1630): 	at com.android.server.am.ActivityRecord.forTokenLocked(ActivityRecord.java:586)
06-05 18:17:14.291 W/ActivityManager( 1630): 	at com.android.server.am.ActivityRecord.isInStackLocked(ActivityRecord.java:1327)
06-05 18:17:14.291 W/ActivityManager( 1630): 	at com.android.server.am.ActivityManagerService.getActivityOptions(ActivityManagerService.java:12559)
06-05 18:17:14.291 W/ActivityManager( 1630): 	at android.app.ActivityManagerNative.onTransact(ActivityManagerNative.java:1933)
06-05 18:17:14.291 W/ActivityManager( 1630): 	at com.android.server.am.ActivityManagerService.onTransact(ActivityManagerService.java:2757)
06-05 18:17:14.291 W/ActivityManager( 1630): 	at android.os.Binder.execTransact(Binder.java:565)
06-05 18:17:14.292 W/ActivityManager( 1630): Bad activity token: android.os.BinderProxy@7bc522d
06-05 18:17:14.292 W/ActivityManager( 1630): java.lang.ClassCastException: android.os.BinderProxy cannot be cast to com.android.server.am.ActivityRecord$Token
06-05 18:17:14.292 W/ActivityManager( 1630): 	at com.android.server.am.ActivityRecord.forTokenLocked(ActivityRecord.java:586)
06-05 18:17:14.292 W/ActivityManager( 1630): 	at com.android.server.am.ActivityRecord.isInStackLocked(ActivityRecord.java:1327)
06-05 18:17:14.292 W/ActivityManager( 1630): 	at com.android.server.am.ActivityManagerService.getActivityOptions(ActivityManagerService.java:12559)
06-05 18:17:14.292 W/ActivityManager( 1630): 	at android.app.ActivityManagerNative.onTransact(ActivityManagerNative.java:1933)
06-05 18:17:14.292 W/ActivityManager( 1630): 	at com.android.server.am.ActivityManagerService.onTransact(ActivityManagerService.java:2757)
06-05 18:17:14.292 W/ActivityManager( 1630): 	at android.os.Binder.execTransact(Binder.java:565)
06-05 18:17:14.318 V/PhoneStatusBar( 1712): setLightsOn(true)
06-05 18:17:14.325 D/gralloc_ranchu( 1346): gralloc_alloc: Creating ashmem region of size 9023488
06-05 18:17:14.330 D/EGL_emulation( 2099): eglMakeCurrent: 0xb4085240: ver 2 0 (tinfo 0xb40832d0)
06-05 18:17:14.331 D/        ( 4746): HostConnection::get() New Host Connection established 0xa4c7c540, tid 4746
06-05 18:17:14.332 D/EGL_emulation( 1712): eglMakeCurrent: 0xb4085540: ver 2 0 (tinfo 0xb4083740)
06-05 18:17:14.376 D/EGL_emulation( 1712): eglMakeCurrent: 0xb4085540: ver 2 0 (tinfo 0xb4083740)
06-05 18:17:14.378 D/EGL_emulation( 1712): eglMakeCurrent: 0xb4085540: ver 2 0 (tinfo 0xb4083740)
06-05 18:17:14.379 V/PhoneStatusBar( 1712): setLightsOn(true)
06-05 18:17:14.380 D/EGL_emulation( 1712): eglMakeCurrent: 0xb4085540: ver 2 0 (tinfo 0xb4083740)
06-05 18:17:14.393 D/EGL_emulation( 1712): eglMakeCurrent: 0xb4085540: ver 2 0 (tinfo 0xb4083740)
06-05 18:17:14.395 D/EGL_emulation( 1712): eglMakeCurrent: 0xb4085540: ver 2 0 (tinfo 0xb4083740)
06-05 18:17:14.409 D/gralloc_ranchu( 1346): gralloc_alloc: Creating ashmem region of size 9023488
06-05 18:17:14.409 D/EGL_emulation( 1712): eglMakeCurrent: 0xb4085540: ver 2 0 (tinfo 0xb4083740)
06-05 18:17:14.410 I/ActivityManager( 1630): Displayed com.evancharlton.mileage/.Mileage: +158ms
06-05 18:17:14.410 V/PhoneStatusBar( 1712): setLightsOn(true)
06-05 18:17:14.411 I/WindowManager( 1630): Destroying surface Surface(name=com.evancharlton.mileage/com.evancharlton.mileage.Mileage) called by com.android.server.wm.WindowStateAnimator.destroySurface:2016 com.android.server.wm.WindowStateAnimator.destroySurfaceLocked:882 com.android.server.wm.WindowState.removeLocked:1456 com.android.server.wm.WindowManagerService.removeWindowInnerLocked:2484 com.android.server.wm.AppWindowToken.destroySurfaces:365 com.android.server.wm.WindowStateAnimator.finishExit:565 com.android.server.wm.AppWindowAnimator.stepAnimationLocked:427 com.android.server.wm.WindowAnimator.updateAppWindowsLocked:196 
06-05 18:17:14.423 D/EGL_emulation( 1712): eglMakeCurrent: 0xb4085540: ver 2 0 (tinfo 0xb4083740)
06-05 18:17:14.426 D/EGL_emulation( 1712): eglMakeCurrent: 0xb4085540: ver 2 0 (tinfo 0xb4083740)
06-05 18:17:14.438 D/EGL_emulation( 1712): eglMakeCurrent: 0xb4085540: ver 2 0 (tinfo 0xb4083740)
06-05 18:17:14.442 D/EGL_emulation( 1712): eglMakeCurrent: 0xb4085540: ver 2 0 (tinfo 0xb4083740)
06-05 18:17:14.443 V/PhoneStatusBar( 1712): setLightsOn(true)
06-05 18:17:14.444 D/EGL_emulation( 1712): eglMakeCurrent: 0xb4085540: ver 2 0 (tinfo 0xb4083740)
06-05 18:17:14.459 D/EGL_emulation( 1712): eglMakeCurrent: 0xb4085540: ver 2 0 (tinfo 0xb4083740)
06-05 18:17:14.461 D/EGL_emulation( 1712): eglMakeCurrent: 0xb4085540: ver 2 0 (tinfo 0xb4083740)
06-05 18:17:14.466 I/System.out( 4746): URI: //map
06-05 18:17:14.466 I/System.out( 4746): params: {json={"query":"* marked:'Statistics'","operation":{"method_name":"query","arguments":[]}}
06-05 18:17:14.466 I/System.out( 4746): }
06-05 18:17:14.476 D/EGL_emulation( 1712): eglMakeCurrent: 0xb4085540: ver 2 0 (tinfo 0xb4083740)
06-05 18:17:14.479 W/ResourceType( 4746): No package identifier when getting name for resource number 0x00000001
06-05 18:17:14.482 D/EGL_emulation( 1712): eglMakeCurrent: 0xb4085540: ver 2 0 (tinfo 0xb4083740)
06-05 18:17:14.492 D/EGL_emulation( 1712): eglMakeCurrent: 0xb4085540: ver 2 0 (tinfo 0xb4083740)
06-05 18:17:14.494 I/System.out( 4746): URI: //gesture
06-05 18:17:14.494 I/System.out( 4746): params: {json={"query_timeout":5.0,"gestures":[{"query_string":"* marked:'Statistics'","touches":[{"x":50,"y":50,"offset_x":0,"offset_y":0,"wait":0.0,"time":0.2,"release":true,"query_string":null}]}]}
06-05 18:17:14.494 I/System.out( 4746): }
06-05 18:17:14.494 D/EGL_emulation( 1712): eglMakeCurrent: 0xb4085540: ver 2 0 (tinfo 0xb4083740)
06-05 18:17:14.499 W/ResourceType( 4746): No package identifier when getting name for resource number 0x00000001
06-05 18:17:14.509 D/EGL_emulation( 1712): eglMakeCurrent: 0xb4085540: ver 2 0 (tinfo 0xb4083740)
06-05 18:17:14.516 D/EGL_emulation( 1712): eglMakeCurrent: 0xb4085540: ver 2 0 (tinfo 0xb4083740)
06-05 18:17:14.527 D/EGL_emulation( 1712): eglMakeCurrent: 0xb4085540: ver 2 0 (tinfo 0xb4083740)
06-05 18:17:14.532 D/EGL_emulation( 1712): eglMakeCurrent: 0xb4085540: ver 2 0 (tinfo 0xb4083740)
06-05 18:17:14.543 D/EGL_emulation( 1712): eglMakeCurrent: 0xb4085540: ver 2 0 (tinfo 0xb4083740)
06-05 18:17:14.545 D/EGL_emulation( 1712): eglMakeCurrent: 0xb4085540: ver 2 0 (tinfo 0xb4083740)
06-05 18:17:14.611 I/WindowManager( 1630): Destroying surface Surface(name=Starting com.evancharlton.mileage) called by com.android.server.wm.WindowStateAnimator.destroySurface:2016 com.android.server.wm.WindowStateAnimator.destroySurfaceLocked:882 com.android.server.wm.WindowState.destroyOrSaveSurface:2100 com.android.server.wm.AppWindowToken.destroySurfaces:363 com.android.server.wm.WindowStateAnimator.finishExit:565 com.android.server.wm.WindowStateAnimator.stepAnimationLocked:491 com.android.server.wm.WindowAnimator.updateWindowsLocked:303 com.android.server.wm.WindowAnimator.animateLocked:704 
06-05 18:17:14.615 V/PhoneStatusBar( 1712): setLightsOn(true)
06-05 18:17:14.644 V/PhoneStatusBar( 1712): setLightsOn(true)
06-05 18:17:14.732 I/calabash( 4746): newActivity1
06-05 18:17:14.760 I/System.out( 4746): URI: //map
06-05 18:17:14.760 I/System.out( 4746): params: {json={"query":"* marked:'Estimated cost per month'","operation":{"method_name":"query","arguments":[]}}
06-05 18:17:14.760 I/System.out( 4746): }
06-05 18:17:14.781 W/ActivityManager( 1630): Bad activity token: android.os.BinderProxy@82b303f
06-05 18:17:14.781 W/ActivityManager( 1630): java.lang.ClassCastException: android.os.BinderProxy cannot be cast to com.android.server.am.ActivityRecord$Token
06-05 18:17:14.781 W/ActivityManager( 1630): 	at com.android.server.am.ActivityRecord.forTokenLocked(ActivityRecord.java:586)
06-05 18:17:14.781 W/ActivityManager( 1630): 	at com.android.server.am.ActivityRecord.isInStackLocked(ActivityRecord.java:1327)
06-05 18:17:14.781 W/ActivityManager( 1630): 	at com.android.server.am.ActivityRecord.getStackLocked(ActivityRecord.java:1332)
06-05 18:17:14.781 W/ActivityManager( 1630): 	at com.android.server.am.ActivityManagerService.getActivityDisplayId(ActivityManagerService.java:9806)
06-05 18:17:14.781 W/ActivityManager( 1630): 	at android.app.ActivityManagerNative.onTransact(ActivityManagerNative.java:2566)
06-05 18:17:14.781 W/ActivityManager( 1630): 	at com.android.server.am.ActivityManagerService.onTransact(ActivityManagerService.java:2757)
06-05 18:17:14.781 W/ActivityManager( 1630): 	at android.os.Binder.execTransact(Binder.java:565)
06-05 18:17:14.783 W/ActivityManager( 1630): Bad activity token: android.os.BinderProxy@82b303f
06-05 18:17:14.783 W/ActivityManager( 1630): java.lang.ClassCastException: android.os.BinderProxy cannot be cast to com.android.server.am.ActivityRecord$Token
06-05 18:17:14.783 W/ActivityManager( 1630): 	at com.android.server.am.ActivityRecord.forTokenLocked(ActivityRecord.java:586)
06-05 18:17:14.783 W/ActivityManager( 1630): 	at com.android.server.am.ActivityRecord.isInStackLocked(ActivityRecord.java:1327)
06-05 18:17:14.783 W/ActivityManager( 1630): 	at com.android.server.am.ActivityManagerService.setTaskDescription(ActivityManagerService.java:9358)
06-05 18:17:14.783 W/ActivityManager( 1630): 	at android.app.ActivityManagerNative.onTransact(ActivityManagerNative.java:2639)
06-05 18:17:14.783 W/ActivityManager( 1630): 	at com.android.server.am.ActivityManagerService.onTransact(ActivityManagerService.java:2757)
06-05 18:17:14.783 W/ActivityManager( 1630): 	at android.os.Binder.execTransact(Binder.java:565)
06-05 18:17:14.785 W/ActivityManager( 1630): Bad activity token: android.os.BinderProxy@82b303f
06-05 18:17:14.785 W/ActivityManager( 1630): java.lang.ClassCastException: android.os.BinderProxy cannot be cast to com.android.server.am.ActivityRecord$Token
06-05 18:17:14.785 W/ActivityManager( 1630): 	at com.android.server.am.ActivityRecord.forTokenLocked(ActivityRecord.java:586)
06-05 18:17:14.785 W/ActivityManager( 1630): 	at com.android.server.am.ActivityRecord.isInStackLocked(ActivityRecord.java:1327)
06-05 18:17:14.785 W/ActivityManager( 1630): 	at com.android.server.am.ActivityRecord.getStackLocked(ActivityRecord.java:1332)
06-05 18:17:14.785 W/ActivityManager( 1630): 	at com.android.server.am.ActivityManagerService.getActivityStackId(ActivityManagerService.java:9817)
06-05 18:17:14.785 W/ActivityManager( 1630): 	at android.app.ActivityManagerNative.onTransact(ActivityManagerNative.java:2856)
06-05 18:17:14.785 W/ActivityManager( 1630): 	at com.android.server.am.ActivityManagerService.onTransact(ActivityManagerService.java:2757)
06-05 18:17:14.785 W/ActivityManager( 1630): 	at android.os.Binder.execTransact(Binder.java:565)
06-05 18:17:14.793 V/PhoneStatusBar( 1712): setLightsOn(true)
06-05 18:17:14.800 D/VehicleStatisticsActivity( 4746): Checking recalculation ...
06-05 18:17:14.802 D/VehicleStatisticsActivity( 4746): Recalculation not necessary.
06-05 18:17:14.810 W/ActivityManager( 1630): Bad activity token: android.os.BinderProxy@82b303f
06-05 18:17:14.810 W/ActivityManager( 1630): java.lang.ClassCastException: android.os.BinderProxy cannot be cast to com.android.server.am.ActivityRecord$Token
06-05 18:17:14.810 W/ActivityManager( 1630): 	at com.android.server.am.ActivityRecord.forTokenLocked(ActivityRecord.java:586)
06-05 18:17:14.810 W/ActivityManager( 1630): 	at com.android.server.am.ActivityRecord.isInStackLocked(ActivityRecord.java:1327)
06-05 18:17:14.810 W/ActivityManager( 1630): 	at com.android.server.am.ActivityManagerService.getActivityOptions(ActivityManagerService.java:12559)
06-05 18:17:14.810 W/ActivityManager( 1630): 	at android.app.ActivityManagerNative.onTransact(ActivityManagerNative.java:1933)
06-05 18:17:14.810 W/ActivityManager( 1630): 	at com.android.server.am.ActivityManagerService.onTransact(ActivityManagerService.java:2757)
06-05 18:17:14.810 W/ActivityManager( 1630): 	at android.os.Binder.execTransact(Binder.java:565)
06-05 18:17:14.811 W/ActivityManager( 1630): Bad activity token: android.os.BinderProxy@82b303f
06-05 18:17:14.811 W/ActivityManager( 1630): java.lang.ClassCastException: android.os.BinderProxy cannot be cast to com.android.server.am.ActivityRecord$Token
06-05 18:17:14.811 W/ActivityManager( 1630): 	at com.android.server.am.ActivityRecord.forTokenLocked(ActivityRecord.java:586)
06-05 18:17:14.811 W/ActivityManager( 1630): 	at com.android.server.am.ActivityRecord.isInStackLocked(ActivityRecord.java:1327)
06-05 18:17:14.811 W/ActivityManager( 1630): 	at com.android.server.am.ActivityManagerService.getActivityOptions(ActivityManagerService.java:12559)
06-05 18:17:14.811 W/ActivityManager( 1630): 	at android.app.ActivityManagerNative.onTransact(ActivityManagerNative.java:1933)
06-05 18:17:14.811 W/ActivityManager( 1630): 	at com.android.server.am.ActivityManagerService.onTransact(ActivityManagerService.java:2757)
06-05 18:17:14.811 W/ActivityManager( 1630): 	at android.os.Binder.execTransact(Binder.java:565)
06-05 18:17:14.815 D/VehicleStatisticsActivity( 4746): Checking recalculation ...
06-05 18:17:14.816 D/VehicleStatisticsActivity( 4746): Recalculation not necessary.
06-05 18:17:14.913 W/ResourceType( 4746): No package identifier when getting name for resource number 0x00000001
06-05 18:17:14.916 I/art     ( 4746): Do partial code cache collection, code=30KB, data=29KB
06-05 18:17:14.916 I/art     ( 4746): After code cache collection, code=29KB, data=29KB
06-05 18:17:14.916 I/art     ( 4746): Increasing code cache capacity to 128KB
06-05 18:17:14.937 I/System.out( 4746): URI: //gesture
06-05 18:17:14.937 I/System.out( 4746): params: {json={"query_timeout":5.0,"gestures":[{"query_string":"* marked:'Estimated cost per month'","touches":[{"x":50,"y":50,"offset_x":0,"offset_y":0,"wait":0.0,"time":0.2,"release":true,"query_string":null}]}]}
06-05 18:17:14.937 I/System.out( 4746): }
06-05 18:17:14.943 W/ResourceType( 4746): No package identifier when getting name for resource number 0x00000001
06-05 18:17:15.076 V/PhoneStatusBar( 1712): setLightsOn(true)
06-05 18:17:15.078 V/PhoneStatusBar( 1712): setLightsOn(true)
06-05 18:17:15.080 W/OpenGLRenderer( 2099): Incorrectly called buildLayer on View: ShortcutAndWidgetContainer, destroying layer...
06-05 18:17:15.093 I/WindowManager( 1630): Destroying surface Surface(name=com.android.launcher3/com.android.launcher3.Launcher) called by com.android.server.wm.WindowStateAnimator.destroySurface:2016 com.android.server.wm.WindowStateAnimator.destroySurfaceLocked:882 com.android.server.wm.WindowState.destroyOrSaveSurface:2100 com.android.server.wm.AppWindowToken.destroySurfaces:363 com.android.server.wm.AppWindowToken.notifyAppStopped:389 com.android.server.wm.WindowManagerService.notifyAppStopped:4463 com.android.server.am.ActivityStack.activityStoppedLocked:1252 com.android.server.am.ActivityManagerService.activityStopped:6903 
06-05 18:17:15.093 V/PhoneStatusBar( 1712): setLightsOn(true)
06-05 18:17:15.188 I/System.out( 4746): URI: //map
06-05 18:17:15.188 I/System.out( 4746): params: {json={"query":"* {text CONTAINS[c] 'No chart for this statistic (yet!)'}","operation":{"method_name":"query","arguments":[]}}
06-05 18:17:15.188 I/System.out( 4746): }
06-05 18:17:15.228 V/PhoneStatusBar( 1712): setLightsOn(true)
06-05 18:17:15.243 V/PhoneStatusBar( 1712): setLightsOn(true)
06-05 18:17:15.259 D/gralloc_ranchu( 1346): gralloc_alloc: Creating ashmem region of size 327680
06-05 18:17:15.263 V/PhoneStatusBar( 1712): setLightsOn(true)
06-05 18:17:15.276 V/PhoneStatusBar( 1712): setLightsOn(true)
06-05 18:17:15.557 I/System.out( 4746): URI: //map
06-05 18:17:15.558 I/System.out( 4746): params: {json={"query":"* {text CONTAINS[c] 'No chart for this statistic (yet!)'}","operation":{"method_name":"query","arguments":[]}}
06-05 18:17:15.558 I/System.out( 4746): }
