--------- beginning of main
06-06 17:44:47.765 V/PhoneStatusBar( 1713): setLightsOn(true)
06-06 17:44:47.766 V/PhoneStatusBar( 1713): setLightsOn(true)
06-06 17:44:47.767 W/OpenGLRenderer( 2106): Incorrectly called buildLayer on View: ShortcutAndWidgetContainer, destroying layer...
--------- beginning of system
06-06 17:44:47.782 I/WindowManager( 1631): Destroying surface Surface(name=com.android.launcher3/com.android.launcher3.Launcher) called by com.android.server.wm.WindowStateAnimator.destroySurface:2016 com.android.server.wm.WindowStateAnimator.destroySurfaceLocked:882 com.android.server.wm.WindowState.destroyOrSaveSurface:2100 com.android.server.wm.AppWindowToken.destroySurfaces:363 com.android.server.wm.AppWindowToken.notifyAppStopped:389 com.android.server.wm.WindowManagerService.notifyAppStopped:4463 com.android.server.am.ActivityStack.activityStoppedLocked:1252 com.android.server.am.ActivityManagerService.activityStopped:6903 
06-06 17:44:47.782 V/PhoneStatusBar( 1713): setLightsOn(true)
06-06 17:44:47.824 V/PhoneStatusBar( 1713): setLightsOn(true)
06-06 17:44:47.824 V/PhoneStatusBar( 1713): setLightsOn(true)
06-06 17:44:47.825 W/ActivityManager( 1631): Finishing task with all activities already finished
06-06 17:44:47.825 W/ActivityManager( 1631): Duplicate finish request for ActivityRecord{fa2b641 u0 com.evancharlton.mileage/.Mileage t24690 f}
06-06 17:44:47.833 D/gralloc_ranchu( 1348): gralloc_alloc: Creating ashmem region of size 3145728
06-06 17:44:47.838 E/EGL_emulation( 1348): tid 1348: eglCreateSyncKHR(1901): error 0x3004 (EGL_BAD_ATTRIBUTE)
06-06 17:44:47.850 W/ActivityManager( 1631): Finishing task with all activities already finished
06-06 17:44:47.850 W/ActivityManager( 1631): Duplicate finish request for ActivityRecord{fa2b641 u0 com.evancharlton.mileage/.Mileage t24690 f}
06-06 17:44:47.851 W/ActivityManager( 1631): Finishing task with all activities already finished
06-06 17:44:47.851 W/ActivityManager( 1631): Duplicate finish request for ActivityRecord{fa2b641 u0 com.evancharlton.mileage/.Mileage t24690 f}
06-06 17:44:47.851 W/ActivityManager( 1631): Finishing task with all activities already finished
06-06 17:44:47.851 W/ActivityManager( 1631): Duplicate finish request for ActivityRecord{fa2b641 u0 com.evancharlton.mileage/.Mileage t24690 f}
06-06 17:44:47.851 W/ActivityManager( 1631): Finishing task with all activities already finished
06-06 17:44:47.851 W/ActivityManager( 1631): Duplicate finish request for ActivityRecord{fa2b641 u0 com.evancharlton.mileage/.Mileage t24690 f}
06-06 17:44:47.899 D/EGL_emulation( 2106): eglMakeCurrent: 0xa6a85300: ver 2 0 (tinfo 0xa6a83220)
06-06 17:44:47.900 D/EGL_emulation( 1713): eglMakeCurrent: 0xa6a85780: ver 2 0 (tinfo 0xa6a83640)
06-06 17:44:47.909 D/AndroidRuntime(15769): >>>>>> START com.android.internal.os.RuntimeInit uid 2000 <<<<<<
06-06 17:44:47.910 D/AndroidRuntime(15769): CheckJNI is ON
06-06 17:44:47.915 D/EGL_emulation( 1713): eglMakeCurrent: 0xa6a85780: ver 2 0 (tinfo 0xa6a83640)
06-06 17:44:47.921 W/art     (15769): Unexpected CPU variant for X86 using defaults: x86
06-06 17:44:47.923 D/ICU     (15769): No timezone override file found: /data/misc/zoneinfo/current/icu/icu_tzdata.dat
06-06 17:44:47.930 E/memtrack(15769): Couldn't load memtrack module (No such file or directory)
06-06 17:44:47.930 E/android.os.Debug(15769): failed to load memtrack module: -2
06-06 17:44:47.930 I/Radio-JNI(15769): register_android_hardware_Radio DONE
06-06 17:44:47.932 D/EGL_emulation( 1713): eglMakeCurrent: 0xa6a85780: ver 2 0 (tinfo 0xa6a83640)
06-06 17:44:47.934 D/AndroidRuntime(15769): Calling main entry com.android.commands.am.Am
06-06 17:44:47.935 I/ActivityManager( 1631): Force stopping com.evancharlton.mileage appid=10728 user=0: start instr
06-06 17:44:47.935 I/ActivityManager( 1631): Killing 15720:com.evancharlton.mileage/u0a728 (adj 0): stop com.evancharlton.mileage
06-06 17:44:47.935 D/ActivityManager( 1631): cleanUpApplicationRecord -- 15720
06-06 17:44:47.935 W/ActivityManager( 1631): Crash of app com.evancharlton.mileage running instrumentation ComponentInfo{com.evancharlton.mileage.test/sh.calaba.instrumentationbackend.CalabashInstrumentationTestRunner}
06-06 17:44:47.935 I/ActivityManager( 1631): Force stopping com.evancharlton.mileage appid=10728 user=0: finished inst
06-06 17:44:47.937 W/InputDispatcher( 1631): channel 'e20c604 com.evancharlton.mileage/com.evancharlton.mileage.Mileage (server)' ~ Consumer closed input channel or an error occurred.  events=0x9
06-06 17:44:47.938 E/InputDispatcher( 1631): channel 'e20c604 com.evancharlton.mileage/com.evancharlton.mileage.Mileage (server)' ~ Channel is unrecoverably broken and will be disposed!
06-06 17:44:47.938 I/WindowManager( 1631): WIN DEATH: Window{e20c604 u0 com.evancharlton.mileage/com.evancharlton.mileage.Mileage EXITING}
06-06 17:44:47.938 W/InputDispatcher( 1631): Attempted to unregister already unregistered input channel 'e20c604 com.evancharlton.mileage/com.evancharlton.mileage.Mileage (server)'
06-06 17:44:47.938 I/art     (15779): Not late-enabling -Xcheck:jni (already on)
06-06 17:44:47.938 W/art     (15779): Unexpected CPU variant for X86 using defaults: x86
06-06 17:44:47.946 I/ActivityManager( 1631): Start proc 15779:com.evancharlton.mileage/u0a728 for added application com.evancharlton.mileage
06-06 17:44:47.946 D/AndroidRuntime(15769): Shutting down VM
06-06 17:44:47.949 D/EGL_emulation( 1713): eglMakeCurrent: 0xa6a85780: ver 2 0 (tinfo 0xa6a83640)
06-06 17:44:47.951 W/System  (15779): ClassLoader referenced unknown path: /data/app/com.evancharlton.mileage.test-1/lib/x86
06-06 17:44:47.951 W/System  (15779): ClassLoader referenced unknown path: /data/app/com.evancharlton.mileage-1/lib/x86
06-06 17:44:47.952 D/EGL_emulation( 1713): eglMakeCurrent: 0xa6a85780: ver 2 0 (tinfo 0xa6a83640)
06-06 17:44:47.954 W/System  (15779): ClassLoader referenced unknown path: 
06-06 17:44:47.957 I/System.out(15779): Main activity name automatically set to: com.evancharlton.mileage.Mileage
06-06 17:44:47.957 I/System.out(15779): Calabash did not load Mono. This is only a problem if you are trying to test a Mono application
06-06 17:44:47.957 I/calabash(15779): Test server port: 7102
06-06 17:44:47.958 I/InstrumentationBackend(15779): Added:'GetPreferences', with key:'get_preferences'
06-06 17:44:47.961 I/InstrumentationBackend(15779): Added:'SetPreferences', with key:'set_preferences'
06-06 17:44:47.961 I/InstrumentationBackend(15779): Added:'ClearPreferences', with key:'clear_preferences'
06-06 17:44:47.961 I/InstrumentationBackend(15779): Added:'PressElement', with key:'press_l10n_element'
06-06 17:44:47.961 I/InstrumentationBackend(15779): Added:'WaitForElement', with key:'wait_for_l10n_element'
06-06 17:44:47.962 I/InstrumentationBackend(15779): Added:'NullAction', with key:'nullAction'
06-06 17:44:47.962 I/InstrumentationBackend(15779): Added:'PressKey', with key:'press_key'
06-06 17:44:47.962 I/InstrumentationBackend(15779): Added:'SetActivityOrientation', with key:'set_activity_orientation'
06-06 17:44:47.962 I/InstrumentationBackend(15779): Added:'GetActivityOrientation', with key:'get_activity_orientation'
06-06 17:44:47.962 I/InstrumentationBackend(15779): Added:'FakeGPSLocation', with key:'set_gps_coordinates'
06-06 17:44:47.962 I/InstrumentationBackend(15779): Added:'SetPropertyByCssSelector', with key:'set_property_by_css_selector'
06-06 17:44:47.962 I/InstrumentationBackend(15779): Added:'GetUrl', with key:'get_url'
06-06 17:44:47.962 I/InstrumentationBackend(15779): Added:'ScrollTo', with key:'scroll_to'
06-06 17:44:47.962 I/InstrumentationBackend(15779): Added:'GetLoadProgress', with key:'get_load_progress'
06-06 17:44:47.962 I/InstrumentationBackend(15779): Added:'DumpHtml', with key:'dump_html'
06-06 17:44:47.962 I/InstrumentationBackend(15779): Added:'DumpBodyHtml', with key:'dump_body_html'
06-06 17:44:47.962 I/InstrumentationBackend(15779): Added:'EnterTextByCssSelector', with key:'enter_text_by_selector'
06-06 17:44:47.963 I/InstrumentationBackend(15779): Added:'AndroidSDKVersion', with key:'android_sdk_version'
06-06 17:44:47.963 I/InstrumentationBackend(15779): Added:'Version', with key:'version'
06-06 17:44:47.963 I/InstrumentationBackend(15779): Added:'Drag', with key:'drag'
06-06 17:44:47.963 I/InstrumentationBackend(15779): Added:'TouchCoordinates', with key:'touch_coordinate'
06-06 17:44:47.963 I/InstrumentationBackend(15779): Added:'LongPressCoordinate', with key:'long_press_coordinate'
06-06 17:44:47.963 I/InstrumentationBackend(15779): Added:'DragCoordinates', with key:'drag_coordinates'
06-06 17:44:47.963 I/InstrumentationBackend(15779): Added:'ResumeApplication', with key:'resume_application'
06-06 17:44:47.963 I/InstrumentationBackend(15779): Added:'Swipe', with key:'swipe'
06-06 17:44:47.963 I/InstrumentationBackend(15779): Added:'DoubleTapCoordinate', with key:'double_tap_coordinate'
06-06 17:44:47.963 I/InstrumentationBackend(15779): Added:'ClickOnScreen', with key:'click_on_screen'
06-06 17:44:47.963 I/InstrumentationBackend(15779): Added:'GetActivityName', with key:'get_activity_name'
06-06 17:44:47.963 I/InstrumentationBackend(15779): Added:'ScrollToView', with key:'scroll_to_view'
06-06 17:44:47.963 I/InstrumentationBackend(15779): Added:'ViewConfiguration', with key:'view_configuration'
06-06 17:44:47.963 I/InstrumentationBackend(15779): Added:'IsCurrentActivityFocused', with key:'is_current_activity_focused'
06-06 17:44:47.963 I/InstrumentationBackend(15779): Added:'SendTcp', with key:'send_tcp'
06-06 17:44:47.963 I/InstrumentationBackend(15779): Added:'DpToDevicePixel', with key:'dp_to_device_pixel'
06-06 17:44:47.963 I/InstrumentationBackend(15779): Added:'KeyboardEnterText', with key:'keyboard_enter_text'
06-06 17:44:47.963 I/InstrumentationBackend(15779): Added:'DeleteSurroundingText', with key:'delete_surrounding_text'
06-06 17:44:47.963 I/InstrumentationBackend(15779): Added:'SetComposingRegion', with key:'set_composing_region'
06-06 17:44:47.963 I/InstrumentationBackend(15779): Added:'SetSelection', with key:'set_selection'
06-06 17:44:47.963 I/InstrumentationBackend(15779): Added:'KeyboardKeyEvent', with key:'keyboard_key_event'
06-06 17:44:47.963 I/InstrumentationBackend(15779): Added:'PressUserActionButton', with key:'press_user_action_button'
06-06 17:44:47.963 I/InstrumentationBackend(15779): Added:'HideSoftKeyboard', with key:'hide_soft_keyboard'
06-06 17:44:47.964 I/InstrumentationBackend(15779): Added:'ListActions', with key:'list_actions'
06-06 17:44:47.964 I/calabash(15779): Instantiating http server at 7102
06-06 17:44:47.964 I/System.out(15779): HTTP Daemon listening on: 7102
06-06 17:44:47.965 D/EGL_emulation( 1713): eglMakeCurrent: 0xa6a85780: ver 2 0 (tinfo 0xa6a83640)
06-06 17:44:47.967 D/EGL_emulation( 1713): eglMakeCurrent: 0xa6a85780: ver 2 0 (tinfo 0xa6a83640)
06-06 17:44:47.983 D/EGL_emulation( 1713): eglMakeCurrent: 0xa6a85780: ver 2 0 (tinfo 0xa6a83640)
06-06 17:44:47.988 D/EGL_emulation( 1713): eglMakeCurrent: 0xa6a85780: ver 2 0 (tinfo 0xa6a83640)
06-06 17:44:47.999 D/EGL_emulation( 1713): eglMakeCurrent: 0xa6a85780: ver 2 0 (tinfo 0xa6a83640)
06-06 17:44:48.004 D/EGL_emulation( 1713): eglMakeCurrent: 0xa6a85780: ver 2 0 (tinfo 0xa6a83640)
06-06 17:44:48.016 D/EGL_emulation( 1713): eglMakeCurrent: 0xa6a85780: ver 2 0 (tinfo 0xa6a83640)
06-06 17:44:48.021 D/EGL_emulation( 1713): eglMakeCurrent: 0xa6a85780: ver 2 0 (tinfo 0xa6a83640)
06-06 17:44:48.033 D/EGL_emulation( 1713): eglMakeCurrent: 0xa6a85780: ver 2 0 (tinfo 0xa6a83640)
06-06 17:44:48.042 D/EGL_emulation( 1713): eglMakeCurrent: 0xa6a85780: ver 2 0 (tinfo 0xa6a83640)
06-06 17:44:48.049 D/EGL_emulation( 1713): eglMakeCurrent: 0xa6a85780: ver 2 0 (tinfo 0xa6a83640)
06-06 17:44:48.055 D/EGL_emulation( 1713): eglMakeCurrent: 0xa6a85780: ver 2 0 (tinfo 0xa6a83640)
06-06 17:44:48.058 I/System.out(15779): URI: //ping
06-06 17:44:48.058 I/System.out(15779): params: {json={}
06-06 17:44:48.058 I/System.out(15779): }
06-06 17:44:48.064 I/System.out(15779): URI: //ping
06-06 17:44:48.065 I/System.out(15779): params: {json={}
06-06 17:44:48.065 I/System.out(15779): }
06-06 17:44:48.066 D/EGL_emulation( 1713): eglMakeCurrent: 0xa6a85780: ver 2 0 (tinfo 0xa6a83640)
06-06 17:44:48.070 I/System.out(15779): URI: //ready
06-06 17:44:48.070 I/System.out(15779): params: {json={}
06-06 17:44:48.070 I/System.out(15779): }
06-06 17:44:48.071 D/EGL_emulation( 1713): eglMakeCurrent: 0xa6a85780: ver 2 0 (tinfo 0xa6a83640)
06-06 17:44:48.075 I/System.out(15779): URI: //
06-06 17:44:48.075 I/System.out(15779): params: {json={"command":"version","arguments":[]}
06-06 17:44:48.075 I/System.out(15779): }
06-06 17:44:48.075 I/System.out(15779): header: {content-type=application/json;charset=utf-8, date=Sat, 06 Jun 2020 22:44:48 GMT, accept=*/*, host=127.0.0.1:34784, content-length=36, user-agent=HTTPClient/1.0 (2.8.3, ruby 2.5.1 (2018-03-29))}
06-06 17:44:48.075 I/System.out(15779): params: {json={"command":"version","arguments":[]}
06-06 17:44:48.075 I/System.out(15779): }
06-06 17:44:48.075 I/System.out(15779): ProP json = {"command":"version","arguments":[]}
06-06 17:44:48.075 I/System.out(15779): files: {}
06-06 17:44:48.075 I/System.out(15779): command: {"command":"version","arguments":[]}
06-06 17:44:48.082 D/EGL_emulation( 1713): eglMakeCurrent: 0xa6a85780: ver 2 0 (tinfo 0xa6a83640)
06-06 17:44:48.084 I/InstrumentationBackend(15779): Got command:'Command:'Line:null,version', arguments:'[]'
06-06 17:44:48.085 D/EGL_emulation( 1713): eglMakeCurrent: 0xa6a85780: ver 2 0 (tinfo 0xa6a83640)
06-06 17:44:48.094 I/System.out(15779): result:{"bonusInformation":[],"message":"0.9.8","success":true}
06-06 17:44:48.097 I/System.out(15779): URI: //start-application
06-06 17:44:48.097 I/System.out(15779): params: {json={"intent":null}
06-06 17:44:48.097 I/System.out(15779): }
06-06 17:44:48.099 D/EGL_emulation( 1713): eglMakeCurrent: 0xa6a85780: ver 2 0 (tinfo 0xa6a83640)
06-06 17:44:48.107 I/ActivityManager( 1631): START u0 {act=android.intent.action.MAIN cat=[android.intent.category.LAUNCHER] flg=0x10200000 cmp=com.evancharlton.mileage/.Mileage} from uid 10728 on display 0
06-06 17:44:48.112 I/calabash(15779): newActivity1
06-06 17:44:48.115 D/EGL_emulation( 1713): eglMakeCurrent: 0xa6a85780: ver 2 0 (tinfo 0xa6a83640)
06-06 17:44:48.116 D/EGL_emulation( 1713): eglMakeCurrent: 0xa6a85780: ver 2 0 (tinfo 0xa6a83640)
06-06 17:44:48.120 I/calabash(15779): newActivity1
06-06 17:44:48.121 W/ActivityManager( 1631): Bad activity token: android.os.BinderProxy@131b4d0
06-06 17:44:48.121 W/ActivityManager( 1631): java.lang.ClassCastException: android.os.BinderProxy cannot be cast to com.android.server.am.ActivityRecord$Token
06-06 17:44:48.121 W/ActivityManager( 1631): 	at com.android.server.am.ActivityRecord.forTokenLocked(ActivityRecord.java:586)
06-06 17:44:48.121 W/ActivityManager( 1631): 	at com.android.server.am.ActivityRecord.isInStackLocked(ActivityRecord.java:1327)
06-06 17:44:48.121 W/ActivityManager( 1631): 	at com.android.server.am.ActivityRecord.getStackLocked(ActivityRecord.java:1332)
06-06 17:44:48.121 W/ActivityManager( 1631): 	at com.android.server.am.ActivityManagerService.getActivityDisplayId(ActivityManagerService.java:9806)
06-06 17:44:48.121 W/ActivityManager( 1631): 	at android.app.ActivityManagerNative.onTransact(ActivityManagerNative.java:2566)
06-06 17:44:48.121 W/ActivityManager( 1631): 	at com.android.server.am.ActivityManagerService.onTransact(ActivityManagerService.java:2757)
06-06 17:44:48.121 W/ActivityManager( 1631): 	at android.os.Binder.execTransact(Binder.java:565)
06-06 17:44:48.122 W/ActivityManager( 1631): Bad activity token: android.os.BinderProxy@131b4d0
06-06 17:44:48.122 W/ActivityManager( 1631): java.lang.ClassCastException: android.os.BinderProxy cannot be cast to com.android.server.am.ActivityRecord$Token
06-06 17:44:48.122 W/ActivityManager( 1631): 	at com.android.server.am.ActivityRecord.forTokenLocked(ActivityRecord.java:586)
06-06 17:44:48.122 W/ActivityManager( 1631): 	at com.android.server.am.ActivityRecord.isInStackLocked(ActivityRecord.java:1327)
06-06 17:44:48.122 W/ActivityManager( 1631): 	at com.android.server.am.ActivityManagerService.setTaskDescription(ActivityManagerService.java:9358)
06-06 17:44:48.122 W/ActivityManager( 1631): 	at android.app.ActivityManagerNative.onTransact(ActivityManagerNative.java:2639)
06-06 17:44:48.122 W/ActivityManager( 1631): 	at com.android.server.am.ActivityManagerService.onTransact(ActivityManagerService.java:2757)
06-06 17:44:48.122 W/ActivityManager( 1631): 	at android.os.Binder.execTransact(Binder.java:565)
06-06 17:44:48.122 W/ActivityManager( 1631): Bad activity token: android.os.BinderProxy@131b4d0
06-06 17:44:48.122 W/ActivityManager( 1631): java.lang.ClassCastException: android.os.BinderProxy cannot be cast to com.android.server.am.ActivityRecord$Token
06-06 17:44:48.122 W/ActivityManager( 1631): 	at com.android.server.am.ActivityRecord.forTokenLocked(ActivityRecord.java:586)
06-06 17:44:48.122 W/ActivityManager( 1631): 	at com.android.server.am.ActivityRecord.isInStackLocked(ActivityRecord.java:1327)
06-06 17:44:48.122 W/ActivityManager( 1631): 	at com.android.server.am.ActivityRecord.getStackLocked(ActivityRecord.java:1332)
06-06 17:44:48.122 W/ActivityManager( 1631): 	at com.android.server.am.ActivityManagerService.getActivityStackId(ActivityManagerService.java:9817)
06-06 17:44:48.122 W/ActivityManager( 1631): 	at android.app.ActivityManagerNative.onTransact(ActivityManagerNative.java:2856)
06-06 17:44:48.122 W/ActivityManager( 1631): 	at com.android.server.am.ActivityManagerService.onTransact(ActivityManagerService.java:2757)
06-06 17:44:48.122 W/ActivityManager( 1631): 	at android.os.Binder.execTransact(Binder.java:565)
06-06 17:44:48.131 D/EGL_emulation( 1713): eglMakeCurrent: 0xa6a85780: ver 2 0 (tinfo 0xa6a83640)
06-06 17:44:48.132 D/gralloc_ranchu( 1348): gralloc_alloc: Creating ashmem region of size 9023488
06-06 17:44:48.138 D/EGL_emulation( 1713): eglMakeCurrent: 0xa6a85780: ver 2 0 (tinfo 0xa6a83640)
06-06 17:44:48.138 W/ActivityManager( 1631): Bad activity token: android.os.BinderProxy@131b4d0
06-06 17:44:48.138 W/ActivityManager( 1631): java.lang.ClassCastException: android.os.BinderProxy cannot be cast to com.android.server.am.ActivityRecord$Token
06-06 17:44:48.138 W/ActivityManager( 1631): 	at com.android.server.am.ActivityRecord.forTokenLocked(ActivityRecord.java:586)
06-06 17:44:48.138 W/ActivityManager( 1631): 	at com.android.server.am.ActivityRecord.isInStackLocked(ActivityRecord.java:1327)
06-06 17:44:48.138 W/ActivityManager( 1631): 	at com.android.server.am.ActivityManagerService.getActivityOptions(ActivityManagerService.java:12559)
06-06 17:44:48.138 W/ActivityManager( 1631): 	at android.app.ActivityManagerNative.onTransact(ActivityManagerNative.java:1933)
06-06 17:44:48.138 W/ActivityManager( 1631): 	at com.android.server.am.ActivityManagerService.onTransact(ActivityManagerService.java:2757)
06-06 17:44:48.138 W/ActivityManager( 1631): 	at android.os.Binder.execTransact(Binder.java:565)
06-06 17:44:48.138 W/ActivityManager( 1631): Bad activity token: android.os.BinderProxy@131b4d0
06-06 17:44:48.138 W/ActivityManager( 1631): java.lang.ClassCastException: android.os.BinderProxy cannot be cast to com.android.server.am.ActivityRecord$Token
06-06 17:44:48.138 W/ActivityManager( 1631): 	at com.android.server.am.ActivityRecord.forTokenLocked(ActivityRecord.java:586)
06-06 17:44:48.138 W/ActivityManager( 1631): 	at com.android.server.am.ActivityRecord.isInStackLocked(ActivityRecord.java:1327)
06-06 17:44:48.138 W/ActivityManager( 1631): 	at com.android.server.am.ActivityManagerService.getActivityOptions(ActivityManagerService.java:12559)
06-06 17:44:48.138 W/ActivityManager( 1631): 	at android.app.ActivityManagerNative.onTransact(ActivityManagerNative.java:1933)
06-06 17:44:48.138 W/ActivityManager( 1631): 	at com.android.server.am.ActivityManagerService.onTransact(ActivityManagerService.java:2757)
06-06 17:44:48.138 W/ActivityManager( 1631): 	at android.os.Binder.execTransact(Binder.java:565)
06-06 17:44:48.153 V/PhoneStatusBar( 1713): setLightsOn(true)
06-06 17:44:48.165 D/EGL_emulation( 1713): eglMakeCurrent: 0xa6a85780: ver 2 0 (tinfo 0xa6a83640)
06-06 17:44:48.167 D/EGL_emulation( 1713): eglMakeCurrent: 0xa6a85780: ver 2 0 (tinfo 0xa6a83640)
06-06 17:44:48.167 D/gralloc_ranchu( 1348): gralloc_alloc: Creating ashmem region of size 9023488
06-06 17:44:48.167 V/PhoneStatusBar( 1713): setLightsOn(true)
06-06 17:44:48.169 V/PhoneStatusBar( 1713): setLightsOn(true)
06-06 17:44:48.172 D/        (15779): HostConnection::get() New Host Connection established 0x954b64c0, tid 15779
06-06 17:44:48.201 D/EGL_emulation( 2106): eglMakeCurrent: 0xa6a85300: ver 2 0 (tinfo 0xa6a83220)
06-06 17:44:48.203 D/EGL_emulation( 1713): eglMakeCurrent: 0xa6a85780: ver 2 0 (tinfo 0xa6a83640)
06-06 17:44:48.205 D/EGL_emulation( 1713): eglMakeCurrent: 0xa6a85780: ver 2 0 (tinfo 0xa6a83640)
06-06 17:44:48.207 D/EGL_emulation( 1713): eglMakeCurrent: 0xa6a85780: ver 2 0 (tinfo 0xa6a83640)
06-06 17:44:48.215 D/EGL_emulation( 1713): eglMakeCurrent: 0xa6a85780: ver 2 0 (tinfo 0xa6a83640)
06-06 17:44:48.216 D/EGL_emulation( 1713): eglMakeCurrent: 0xa6a85780: ver 2 0 (tinfo 0xa6a83640)
06-06 17:44:48.217 I/ActivityManager( 1631): Displayed com.evancharlton.mileage/.Mileage: +107ms
06-06 17:44:48.232 D/gralloc_ranchu( 1348): gralloc_alloc: Creating ashmem region of size 9023488
06-06 17:44:48.232 D/EGL_emulation( 1713): eglMakeCurrent: 0xa6a85780: ver 2 0 (tinfo 0xa6a83640)
06-06 17:44:48.244 D/EGL_emulation( 1713): eglMakeCurrent: 0xa6a85780: ver 2 0 (tinfo 0xa6a83640)
06-06 17:44:48.254 D/EGL_emulation( 1713): eglMakeCurrent: 0xa6a85780: ver 2 0 (tinfo 0xa6a83640)
06-06 17:44:48.257 D/EGL_emulation( 1713): eglMakeCurrent: 0xa6a85780: ver 2 0 (tinfo 0xa6a83640)
06-06 17:44:48.257 V/PhoneStatusBar( 1713): setLightsOn(true)
06-06 17:44:48.271 D/EGL_emulation( 1713): eglMakeCurrent: 0xa6a85780: ver 2 0 (tinfo 0xa6a83640)
06-06 17:44:48.273 D/EGL_emulation( 1713): eglMakeCurrent: 0xa6a85780: ver 2 0 (tinfo 0xa6a83640)
06-06 17:44:48.278 I/System.out(15779): URI: //map
06-06 17:44:48.278 I/System.out(15779): params: {json={"query":"* marked:'Statistics'","operation":{"method_name":"query","arguments":[]}}
06-06 17:44:48.278 I/System.out(15779): }
06-06 17:44:48.289 W/ResourceType(15779): No package identifier when getting name for resource number 0x00000001
06-06 17:44:48.291 D/EGL_emulation( 1713): eglMakeCurrent: 0xa6a85780: ver 2 0 (tinfo 0xa6a83640)
06-06 17:44:48.294 D/EGL_emulation( 1713): eglMakeCurrent: 0xa6a85780: ver 2 0 (tinfo 0xa6a83640)
06-06 17:44:48.298 D/EGL_emulation( 1713): eglMakeCurrent: 0xa6a85780: ver 2 0 (tinfo 0xa6a83640)
06-06 17:44:48.301 D/EGL_emulation( 1713): eglMakeCurrent: 0xa6a85780: ver 2 0 (tinfo 0xa6a83640)
06-06 17:44:48.307 I/System.out(15779): URI: //gesture
06-06 17:44:48.307 I/System.out(15779): params: {json={"query_timeout":5.0,"gestures":[{"query_string":"* marked:'Statistics'","touches":[{"x":50,"y":50,"offset_x":0,"offset_y":0,"wait":0.0,"time":0.2,"release":true,"query_string":null}]}]}
06-06 17:44:48.307 I/System.out(15779): }
06-06 17:44:48.312 W/ResourceType(15779): No package identifier when getting name for resource number 0x00000001
06-06 17:44:48.315 D/EGL_emulation( 1713): eglMakeCurrent: 0xa6a85780: ver 2 0 (tinfo 0xa6a83640)
06-06 17:44:48.317 D/EGL_emulation( 1713): eglMakeCurrent: 0xa6a85780: ver 2 0 (tinfo 0xa6a83640)
06-06 17:44:48.331 I/WindowManager( 1631): Destroying surface Surface(name=com.evancharlton.mileage/com.evancharlton.mileage.Mileage) called by com.android.server.wm.WindowStateAnimator.destroySurface:2016 com.android.server.wm.WindowStateAnimator.destroySurfaceLocked:882 com.android.server.wm.WindowState.removeLocked:1456 com.android.server.wm.WindowManagerService.removeWindowInnerLocked:2484 com.android.server.wm.AppWindowToken.destroySurfaces:365 com.android.server.wm.WindowStateAnimator.finishExit:565 com.android.server.wm.AppWindowAnimator.stepAnimationLocked:427 com.android.server.wm.WindowAnimator.updateAppWindowsLocked:196 
06-06 17:44:48.332 D/EGL_emulation( 1713): eglMakeCurrent: 0xa6a85780: ver 2 0 (tinfo 0xa6a83640)
06-06 17:44:48.339 D/EGL_emulation( 1713): eglMakeCurrent: 0xa6a85780: ver 2 0 (tinfo 0xa6a83640)
06-06 17:44:48.351 D/EGL_emulation( 1713): eglMakeCurrent: 0xa6a85780: ver 2 0 (tinfo 0xa6a83640)
06-06 17:44:48.361 D/EGL_emulation( 1713): eglMakeCurrent: 0xa6a85780: ver 2 0 (tinfo 0xa6a83640)
06-06 17:44:48.361 V/PhoneStatusBar( 1713): setLightsOn(true)
06-06 17:44:48.365 D/EGL_emulation( 1713): eglMakeCurrent: 0xa6a85780: ver 2 0 (tinfo 0xa6a83640)
06-06 17:44:48.366 D/EGL_emulation( 1713): eglMakeCurrent: 0xa6a85780: ver 2 0 (tinfo 0xa6a83640)
06-06 17:44:48.382 D/EGL_emulation( 1713): eglMakeCurrent: 0xa6a85780: ver 2 0 (tinfo 0xa6a83640)
06-06 17:44:48.384 D/EGL_emulation( 1713): eglMakeCurrent: 0xa6a85780: ver 2 0 (tinfo 0xa6a83640)
06-06 17:44:48.398 D/EGL_emulation( 1713): eglMakeCurrent: 0xa6a85780: ver 2 0 (tinfo 0xa6a83640)
06-06 17:44:48.415 I/WindowManager( 1631): Destroying surface Surface(name=Starting com.evancharlton.mileage) called by com.android.server.wm.WindowStateAnimator.destroySurface:2016 com.android.server.wm.WindowStateAnimator.destroySurfaceLocked:882 com.android.server.wm.WindowState.destroyOrSaveSurface:2100 com.android.server.wm.AppWindowToken.destroySurfaces:363 com.android.server.wm.WindowStateAnimator.finishExit:565 com.android.server.wm.WindowStateAnimator.stepAnimationLocked:491 com.android.server.wm.WindowAnimator.updateWindowsLocked:303 com.android.server.wm.WindowAnimator.animateLocked:704 
06-06 17:44:48.416 V/PhoneStatusBar( 1713): setLightsOn(true)
06-06 17:44:48.418 V/PhoneStatusBar( 1713): setLightsOn(true)
06-06 17:44:48.555 I/calabash(15779): newActivity1
06-06 17:44:48.584 I/System.out(15779): URI: //map
06-06 17:44:48.584 I/System.out(15779): params: {json={"query":"* marked:'Average fuel economy'","operation":{"method_name":"query","arguments":[]}}
06-06 17:44:48.584 I/System.out(15779): }
06-06 17:44:48.590 W/ActivityManager( 1631): Bad activity token: android.os.BinderProxy@5ce587e
06-06 17:44:48.590 W/ActivityManager( 1631): java.lang.ClassCastException: android.os.BinderProxy cannot be cast to com.android.server.am.ActivityRecord$Token
06-06 17:44:48.590 W/ActivityManager( 1631): 	at com.android.server.am.ActivityRecord.forTokenLocked(ActivityRecord.java:586)
06-06 17:44:48.590 W/ActivityManager( 1631): 	at com.android.server.am.ActivityRecord.isInStackLocked(ActivityRecord.java:1327)
06-06 17:44:48.590 W/ActivityManager( 1631): 	at com.android.server.am.ActivityRecord.getStackLocked(ActivityRecord.java:1332)
06-06 17:44:48.590 W/ActivityManager( 1631): 	at com.android.server.am.ActivityManagerService.getActivityDisplayId(ActivityManagerService.java:9806)
06-06 17:44:48.590 W/ActivityManager( 1631): 	at android.app.ActivityManagerNative.onTransact(ActivityManagerNative.java:2566)
06-06 17:44:48.590 W/ActivityManager( 1631): 	at com.android.server.am.ActivityManagerService.onTransact(ActivityManagerService.java:2757)
06-06 17:44:48.590 W/ActivityManager( 1631): 	at android.os.Binder.execTransact(Binder.java:565)
06-06 17:44:48.591 W/ActivityManager( 1631): Bad activity token: android.os.BinderProxy@5ce587e
06-06 17:44:48.591 W/ActivityManager( 1631): java.lang.ClassCastException: android.os.BinderProxy cannot be cast to com.android.server.am.ActivityRecord$Token
06-06 17:44:48.591 W/ActivityManager( 1631): 	at com.android.server.am.ActivityRecord.forTokenLocked(ActivityRecord.java:586)
06-06 17:44:48.591 W/ActivityManager( 1631): 	at com.android.server.am.ActivityRecord.isInStackLocked(ActivityRecord.java:1327)
06-06 17:44:48.591 W/ActivityManager( 1631): 	at com.android.server.am.ActivityManagerService.setTaskDescription(ActivityManagerService.java:9358)
06-06 17:44:48.591 W/ActivityManager( 1631): 	at android.app.ActivityManagerNative.onTransact(ActivityManagerNative.java:2639)
06-06 17:44:48.591 W/ActivityManager( 1631): 	at com.android.server.am.ActivityManagerService.onTransact(ActivityManagerService.java:2757)
06-06 17:44:48.591 W/ActivityManager( 1631): 	at android.os.Binder.execTransact(Binder.java:565)
06-06 17:44:48.591 W/ActivityManager( 1631): Bad activity token: android.os.BinderProxy@5ce587e
06-06 17:44:48.591 W/ActivityManager( 1631): java.lang.ClassCastException: android.os.BinderProxy cannot be cast to com.android.server.am.ActivityRecord$Token
06-06 17:44:48.591 W/ActivityManager( 1631): 	at com.android.server.am.ActivityRecord.forTokenLocked(ActivityRecord.java:586)
06-06 17:44:48.591 W/ActivityManager( 1631): 	at com.android.server.am.ActivityRecord.isInStackLocked(ActivityRecord.java:1327)
06-06 17:44:48.591 W/ActivityManager( 1631): 	at com.android.server.am.ActivityRecord.getStackLocked(ActivityRecord.java:1332)
06-06 17:44:48.591 W/ActivityManager( 1631): 	at com.android.server.am.ActivityManagerService.getActivityStackId(ActivityManagerService.java:9817)
06-06 17:44:48.591 W/ActivityManager( 1631): 	at android.app.ActivityManagerNative.onTransact(ActivityManagerNative.java:2856)
06-06 17:44:48.591 W/ActivityManager( 1631): 	at com.android.server.am.ActivityManagerService.onTransact(ActivityManagerService.java:2757)
06-06 17:44:48.591 W/ActivityManager( 1631): 	at android.os.Binder.execTransact(Binder.java:565)
06-06 17:44:48.597 D/VehicleStatisticsActivity(15779): Checking recalculation ...
06-06 17:44:48.598 D/VehicleStatisticsActivity(15779): Recalculation not necessary.
06-06 17:44:48.599 W/ActivityManager( 1631): Bad activity token: android.os.BinderProxy@5ce587e
06-06 17:44:48.599 W/ActivityManager( 1631): java.lang.ClassCastException: android.os.BinderProxy cannot be cast to com.android.server.am.ActivityRecord$Token
06-06 17:44:48.599 W/ActivityManager( 1631): 	at com.android.server.am.ActivityRecord.forTokenLocked(ActivityRecord.java:586)
06-06 17:44:48.599 W/ActivityManager( 1631): 	at com.android.server.am.ActivityRecord.isInStackLocked(ActivityRecord.java:1327)
06-06 17:44:48.599 W/ActivityManager( 1631): 	at com.android.server.am.ActivityManagerService.getActivityOptions(ActivityManagerService.java:12559)
06-06 17:44:48.599 W/ActivityManager( 1631): 	at android.app.ActivityManagerNative.onTransact(ActivityManagerNative.java:1933)
06-06 17:44:48.599 W/ActivityManager( 1631): 	at com.android.server.am.ActivityManagerService.onTransact(ActivityManagerService.java:2757)
06-06 17:44:48.599 W/ActivityManager( 1631): 	at android.os.Binder.execTransact(Binder.java:565)
06-06 17:44:48.599 W/ActivityManager( 1631): Bad activity token: android.os.BinderProxy@5ce587e
06-06 17:44:48.599 W/ActivityManager( 1631): java.lang.ClassCastException: android.os.BinderProxy cannot be cast to com.android.server.am.ActivityRecord$Token
06-06 17:44:48.599 W/ActivityManager( 1631): 	at com.android.server.am.ActivityRecord.forTokenLocked(ActivityRecord.java:586)
06-06 17:44:48.599 W/ActivityManager( 1631): 	at com.android.server.am.ActivityRecord.isInStackLocked(ActivityRecord.java:1327)
06-06 17:44:48.599 W/ActivityManager( 1631): 	at com.android.server.am.ActivityManagerService.getActivityOptions(ActivityManagerService.java:12559)
06-06 17:44:48.599 W/ActivityManager( 1631): 	at android.app.ActivityManagerNative.onTransact(ActivityManagerNative.java:1933)
06-06 17:44:48.599 W/ActivityManager( 1631): 	at com.android.server.am.ActivityManagerService.onTransact(ActivityManagerService.java:2757)
06-06 17:44:48.599 W/ActivityManager( 1631): 	at android.os.Binder.execTransact(Binder.java:565)
06-06 17:44:48.601 D/VehicleStatisticsActivity(15779): Checking recalculation ...
06-06 17:44:48.601 D/VehicleStatisticsActivity(15779): Recalculation not necessary.
06-06 17:44:48.615 V/PhoneStatusBar( 1713): setLightsOn(true)
06-06 17:44:48.640 W/ResourceType(15779): No package identifier when getting name for resource number 0x00000001
06-06 17:44:48.641 I/art     (15779): Do partial code cache collection, code=30KB, data=29KB
06-06 17:44:48.642 I/art     (15779): After code cache collection, code=29KB, data=29KB
06-06 17:44:48.642 I/art     (15779): Increasing code cache capacity to 128KB
06-06 17:44:48.655 I/System.out(15779): URI: //gesture
06-06 17:44:48.655 I/System.out(15779): params: {json={"query_timeout":5.0,"gestures":[{"query_string":"* marked:'Average fuel economy'","touches":[{"x":50,"y":50,"offset_x":0,"offset_y":0,"wait":0.0,"time":0.2,"release":true,"query_string":null}]}]}
06-06 17:44:48.655 I/System.out(15779): }
06-06 17:44:48.660 W/ResourceType(15779): No package identifier when getting name for resource number 0x00000001
06-06 17:44:48.882 I/ActivityManager( 1631): START u0 {cmp=com.evancharlton.mileage/.charts.AverageFuelEconomyChart (has extras)} from uid 10728 on display 0
06-06 17:44:48.884 V/PhoneStatusBar( 1713): setLightsOn(true)
06-06 17:44:48.884 V/PhoneStatusBar( 1713): setLightsOn(true)
06-06 17:44:48.901 I/System.out(15779): URI: //map
06-06 17:44:48.901 I/System.out(15779): params: {json={"query":"* {text CONTAINS[c] 'Average fuel economy'}","operation":{"method_name":"query","arguments":[]}}
06-06 17:44:48.901 I/System.out(15779): }
06-06 17:44:48.916 V/PhoneStatusBar( 1713): setLightsOn(true)
06-06 17:44:48.916 V/PhoneStatusBar( 1713): setLightsOn(true)
06-06 17:44:48.917 W/OpenGLRenderer( 2106): Incorrectly called buildLayer on View: ShortcutAndWidgetContainer, destroying layer...
06-06 17:44:48.932 I/WindowManager( 1631): Destroying surface Surface(name=com.android.launcher3/com.android.launcher3.Launcher) called by com.android.server.wm.WindowStateAnimator.destroySurface:2016 com.android.server.wm.WindowStateAnimator.destroySurfaceLocked:882 com.android.server.wm.WindowState.destroyOrSaveSurface:2100 com.android.server.wm.AppWindowToken.destroySurfaces:363 com.android.server.wm.AppWindowToken.notifyAppStopped:389 com.android.server.wm.WindowManagerService.notifyAppStopped:4463 com.android.server.am.ActivityStack.activityStoppedLocked:1252 com.android.server.am.ActivityManagerService.activityStopped:6903 
06-06 17:44:48.932 V/PhoneStatusBar( 1713): setLightsOn(true)
06-06 17:44:48.951 I/calabash(15779): newActivity1
06-06 17:44:48.954 W/aiCharts(15779): License file is invalid or missing. 
06-06 17:44:48.954 W/aiCharts(15779): Please place proper license.lic to /assets folder.
06-06 17:44:48.969 V/PhoneStatusBar( 1713): setLightsOn(true)
06-06 17:44:48.988 I/System.out(15779): URI: //
06-06 17:44:48.988 I/System.out(15779): params: {json={"command":"press_key","arguments":["KEYCODE_BACK"]}
06-06 17:44:48.988 I/System.out(15779): }
06-06 17:44:48.988 I/System.out(15779): header: {content-type=application/json;charset=utf-8, date=Sat, 06 Jun 2020 22:44:49 GMT, accept=*/*, host=127.0.0.1:34784, content-length=52, user-agent=HTTPClient/1.0 (2.8.3, ruby 2.5.1 (2018-03-29))}
06-06 17:44:48.988 I/System.out(15779): params: {json={"command":"press_key","arguments":["KEYCODE_BACK"]}
06-06 17:44:48.988 I/System.out(15779): }
06-06 17:44:48.988 I/System.out(15779): ProP json = {"command":"press_key","arguments":["KEYCODE_BACK"]}
06-06 17:44:48.988 I/System.out(15779): files: {}
06-06 17:44:48.988 I/System.out(15779): command: {"command":"press_key","arguments":["KEYCODE_BACK"]}
06-06 17:44:48.989 I/InstrumentationBackend(15779): Got command:'Command:'Line:null,press_key', arguments:'[KEYCODE_BACK]'
06-06 17:44:48.998 V/PhoneStatusBar( 1713): setLightsOn(true)
06-06 17:44:49.002 W/ViewRootImpl[Creating chart…](15779): Dropping event due to no window focus: KeyEvent { action=ACTION_DOWN, keyCode=KEYCODE_BACK, scanCode=0, metaState=0, flags=0x8, repeatCount=0, eventTime=7078441, downTime=7078441, deviceId=-1, source=0x101 }
06-06 17:44:49.003 I/WindowManager( 1631): Destroying surface Surface(name=Creating chart…) called by com.android.server.wm.WindowStateAnimator.destroySurface:2016 com.android.server.wm.WindowStateAnimator.destroySurfaceLocked:882 com.android.server.wm.WindowState.removeLocked:1456 com.android.server.wm.WindowManagerService.removeWindowInnerLocked:2484 com.android.server.wm.WindowManagerService.removeWindowLocked:2442 com.android.server.wm.WindowManagerService.removeWindowLocked:2311 com.android.server.wm.WindowManagerService.removeWindow:2306 com.android.server.wm.Session.remove:202 
06-06 17:44:49.006 W/ViewRootImpl[AverageFuelEconomyChart](15779): Cancelling event due to no window focus: KeyEvent { action=ACTION_UP, keyCode=KEYCODE_BACK, scanCode=0, metaState=0, flags=0x28, repeatCount=0, eventTime=7078454, downTime=7078454, deviceId=-1, source=0x101 }
06-06 17:44:49.006 W/ViewRootImpl[AverageFuelEconomyChart](15779): Cancelling event due to no window focus: KeyEvent { action=ACTION_UP, keyCode=KEYCODE_BACK, scanCode=0, metaState=0, flags=0x28, repeatCount=0, eventTime=7078454, downTime=7078454, deviceId=-1, source=0x101 }
06-06 17:44:49.006 W/ViewRootImpl[AverageFuelEconomyChart](15779): Cancelling event due to no window focus: KeyEvent { action=ACTION_UP, keyCode=KEYCODE_BACK, scanCode=0, metaState=0, flags=0x28, repeatCount=0, eventTime=7078454, downTime=7078454, deviceId=-1, source=0x101 }
06-06 17:44:49.006 W/ViewRootImpl[AverageFuelEconomyChart](15779): Cancelling event due to no window focus: KeyEvent { action=ACTION_UP, keyCode=KEYCODE_BACK, scanCode=0, metaState=0, flags=0x28, repeatCount=0, eventTime=7078454, downTime=7078454, deviceId=-1, source=0x101 }
06-06 17:44:49.006 W/ViewRootImpl[AverageFuelEconomyChart](15779): Cancelling event due to no window focus: KeyEvent { action=ACTION_UP, keyCode=KEYCODE_BACK, scanCode=0, metaState=0, flags=0x28, repeatCount=0, eventTime=7078454, downTime=7078454, deviceId=-1, source=0x101 }
06-06 17:44:49.006 W/ViewRootImpl[AverageFuelEconomyChart](15779): Cancelling event due to no window focus: KeyEvent { action=ACTION_UP, keyCode=KEYCODE_BACK, scanCode=0, metaState=0, flags=0x28, repeatCount=0, eventTime=7078454, downTime=7078454, deviceId=-1, source=0x101 }
06-06 17:44:49.006 W/ViewRootImpl[AverageFuelEconomyChart](15779): Cancelling event due to no window focus: KeyEvent { action=ACTION_UP, keyCode=KEYCODE_BACK, scanCode=0, metaState=0, flags=0x28, repeatCount=0, eventTime=7078454, downTime=7078454, deviceId=-1, source=0x101 }
06-06 17:44:49.006 W/ViewRootImpl[AverageFuelEconomyChart](15779): Cancelling event due to no window focus: KeyEvent { action=ACTION_UP, keyCode=KEYCODE_BACK, scanCode=0, metaState=0, flags=0x28, repeatCount=0, eventTime=7078454, downTime=7078454, deviceId=-1, source=0x101 }
06-06 17:44:49.006 W/ViewRootImpl[AverageFuelEconomyChart](15779): Cancelling event due to no window focus: KeyEvent { action=ACTION_UP, keyCode=KEYCODE_BACK, scanCode=0, metaState=0, flags=0x28, repeatCount=0, eventTime=7078454, downTime=7078454, deviceId=-1, source=0x101 }
06-06 17:44:49.006 D/gralloc_ranchu( 1348): gralloc_alloc: Creating ashmem region of size 9023488
06-06 17:44:49.011 I/System.out(15779): result:{"bonusInformation":[],"message":"","success":true}
06-06 17:44:49.015 V/PhoneStatusBar( 1713): setLightsOn(true)
06-06 17:44:49.015 I/System.out(15779): URI: //map
06-06 17:44:49.015 I/System.out(15779): params: {json={"query":"* {text CONTAINS[c] 'Statistics'}","operation":{"method_name":"query","arguments":[]}}
06-06 17:44:49.015 I/System.out(15779): }
06-06 17:44:49.030 I/ActivityManager( 1631): Displayed com.evancharlton.mileage/.charts.AverageFuelEconomyChart: +83ms
06-06 17:44:49.032 V/PhoneStatusBar( 1713): setLightsOn(true)
06-06 17:44:49.064 V/PhoneStatusBar( 1713): setLightsOn(true)
