--------- beginning of system
06-05 19:59:39.455 W/ActivityManager( 1629): Finishing task with all activities already finished
06-05 19:59:39.455 W/ActivityManager( 1629): Duplicate finish request for ActivityRecord{ef3fbf1 u0 com.evancharlton.mileage/.Mileage t4463 f}
--------- beginning of main
06-05 19:59:39.468 V/PhoneStatusBar( 1711): setLightsOn(true)
06-05 19:59:39.470 D/gralloc_ranchu( 1348): gralloc_alloc: Creating ashmem region of size 3145728
06-05 19:59:39.475 E/EGL_emulation( 1348): tid 1348: eglCreateSyncKHR(1901): error 0x3004 (EGL_BAD_ATTRIBUTE)
06-05 19:59:39.488 W/ActivityManager( 1629): Finishing task with all activities already finished
06-05 19:59:39.488 W/ActivityManager( 1629): Duplicate finish request for ActivityRecord{ef3fbf1 u0 com.evancharlton.mileage/.Mileage t4463 f}
06-05 19:59:39.489 W/ActivityManager( 1629): Finishing task with all activities already finished
06-05 19:59:39.489 W/ActivityManager( 1629): Duplicate finish request for ActivityRecord{ef3fbf1 u0 com.evancharlton.mileage/.Mileage t4463 f}
06-05 19:59:39.489 W/ActivityManager( 1629): Finishing task with all activities already finished
06-05 19:59:39.489 W/ActivityManager( 1629): Duplicate finish request for ActivityRecord{ef3fbf1 u0 com.evancharlton.mileage/.Mileage t4463 f}
06-05 19:59:39.489 W/ActivityManager( 1629): Finishing task with all activities already finished
06-05 19:59:39.489 W/ActivityManager( 1629): Duplicate finish request for ActivityRecord{ef3fbf1 u0 com.evancharlton.mileage/.Mileage t4463 f}
06-05 19:59:39.489 W/ActivityManager( 1629): Finishing task with all activities already finished
06-05 19:59:39.489 W/ActivityManager( 1629): Duplicate finish request for ActivityRecord{47edc37 u0 com.evancharlton.mileage/.charts.AverageVolumeChart t4463 f}
06-05 19:59:39.489 W/ActivityManager( 1629): Finishing task with all activities already finished
06-05 19:59:39.489 W/ActivityManager( 1629): Duplicate finish request for ActivityRecord{47edc37 u0 com.evancharlton.mileage/.charts.AverageVolumeChart t4463 f}
06-05 19:59:39.489 W/ActivityManager( 1629): Finishing task with all activities already finished
06-05 19:59:39.489 W/ActivityManager( 1629): Duplicate finish request for ActivityRecord{ef3fbf1 u0 com.evancharlton.mileage/.Mileage t4463 f}
06-05 19:59:39.489 W/ActivityManager( 1629): Finishing task with all activities already finished
06-05 19:59:39.489 W/ActivityManager( 1629): Duplicate finish request for ActivityRecord{ef3fbf1 u0 com.evancharlton.mileage/.Mileage t4463 f}
06-05 19:59:39.536 D/EGL_emulation( 2147): eglMakeCurrent: 0xa3805360: ver 2 0 (tinfo 0xa3803630)
06-05 19:59:39.536 D/EGL_emulation( 1711): eglMakeCurrent: 0x9f1709c0: ver 2 0 (tinfo 0xa0e61d00)
06-05 19:59:39.551 D/EGL_emulation( 1711): eglMakeCurrent: 0x9f1709c0: ver 2 0 (tinfo 0xa0e61d00)
06-05 19:59:39.569 D/EGL_emulation( 1711): eglMakeCurrent: 0x9f1709c0: ver 2 0 (tinfo 0xa0e61d00)
06-05 19:59:39.585 D/EGL_emulation( 1711): eglMakeCurrent: 0x9f1709c0: ver 2 0 (tinfo 0xa0e61d00)
06-05 19:59:39.587 D/EGL_emulation( 1711): eglMakeCurrent: 0x9f1709c0: ver 2 0 (tinfo 0xa0e61d00)
06-05 19:59:39.589 D/AndroidRuntime(20735): >>>>>> START com.android.internal.os.RuntimeInit uid 2000 <<<<<<
06-05 19:59:39.590 D/AndroidRuntime(20735): CheckJNI is ON
06-05 19:59:39.600 W/art     (20735): Unexpected CPU variant for X86 using defaults: x86
06-05 19:59:39.601 D/EGL_emulation( 1711): eglMakeCurrent: 0x9f1709c0: ver 2 0 (tinfo 0xa0e61d00)
06-05 19:59:39.603 D/ICU     (20735): No timezone override file found: /data/misc/zoneinfo/current/icu/icu_tzdata.dat
06-05 19:59:39.603 D/EGL_emulation( 1711): eglMakeCurrent: 0x9f1709c0: ver 2 0 (tinfo 0xa0e61d00)
06-05 19:59:39.610 E/memtrack(20735): Couldn't load memtrack module (No such file or directory)
06-05 19:59:39.610 E/android.os.Debug(20735): failed to load memtrack module: -2
06-05 19:59:39.611 I/Radio-JNI(20735): register_android_hardware_Radio DONE
06-05 19:59:39.614 D/AndroidRuntime(20735): Calling main entry com.android.commands.am.Am
06-05 19:59:39.616 I/ActivityManager( 1629): Force stopping com.evancharlton.mileage appid=10196 user=0: start instr
06-05 19:59:39.616 I/ActivityManager( 1629): Killing 20684:com.evancharlton.mileage/u0a196 (adj 0): stop com.evancharlton.mileage
06-05 19:59:39.616 D/ActivityManager( 1629): cleanUpApplicationRecord -- 20684
06-05 19:59:39.616 I/WindowManager( 1629): Destroying surface Surface(name=com.evancharlton.mileage/com.evancharlton.mileage.charts.AverageVolumeChart) called by com.android.server.wm.WindowStateAnimator.destroySurface:2016 com.android.server.wm.WindowStateAnimator.destroySurfaceLocked:882 com.android.server.wm.WindowState.removeLocked:1456 com.android.server.wm.WindowManagerService.removeWindowInnerLocked:2484 com.android.server.wm.WindowManagerService.removeWindowLocked:2442 com.android.server.wm.WindowManagerService.removeWindowLocked:2311 com.android.server.wm.AppWindowToken.removeAllWindows:530 com.android.server.wm.AppWindowToken.removeAppFromTaskLocked:326 
06-05 19:59:39.617 W/ActivityManager( 1629): Crash of app com.evancharlton.mileage running instrumentation ComponentInfo{com.evancharlton.mileage.test/sh.calaba.instrumentationbackend.CalabashInstrumentationTestRunner}
06-05 19:59:39.617 I/ActivityManager( 1629): Force stopping com.evancharlton.mileage appid=10196 user=0: finished inst
06-05 19:59:39.618 D/EGL_emulation( 1711): eglMakeCurrent: 0x9f1709c0: ver 2 0 (tinfo 0xa0e61d00)
06-05 19:59:39.620 I/art     (20745): Not late-enabling -Xcheck:jni (already on)
06-05 19:59:39.620 D/EGL_emulation( 1711): eglMakeCurrent: 0x9f1709c0: ver 2 0 (tinfo 0xa0e61d00)
06-05 19:59:39.620 W/art     (20745): Unexpected CPU variant for X86 using defaults: x86
06-05 19:59:39.628 I/ActivityManager( 1629): Start proc 20745:com.evancharlton.mileage/u0a196 for added application com.evancharlton.mileage
06-05 19:59:39.628 D/AndroidRuntime(20735): Shutting down VM
06-05 19:59:39.632 W/System  (20745): ClassLoader referenced unknown path: /data/app/com.evancharlton.mileage.test-1/lib/x86
06-05 19:59:39.632 W/System  (20745): ClassLoader referenced unknown path: /data/app/com.evancharlton.mileage-1/lib/x86
06-05 19:59:39.634 W/System  (20745): ClassLoader referenced unknown path: 
06-05 19:59:39.635 D/EGL_emulation( 1711): eglMakeCurrent: 0x9f1709c0: ver 2 0 (tinfo 0xa0e61d00)
06-05 19:59:39.636 D/EGL_emulation( 1711): eglMakeCurrent: 0x9f1709c0: ver 2 0 (tinfo 0xa0e61d00)
06-05 19:59:39.638 I/System.out(20745): Main activity name automatically set to: com.evancharlton.mileage.Mileage
06-05 19:59:39.639 I/System.out(20745): Calabash did not load Mono. This is only a problem if you are trying to test a Mono application
06-05 19:59:39.639 I/calabash(20745): Test server port: 7102
06-05 19:59:39.639 I/InstrumentationBackend(20745): Added:'GetPreferences', with key:'get_preferences'
06-05 19:59:39.644 I/InstrumentationBackend(20745): Added:'SetPreferences', with key:'set_preferences'
06-05 19:59:39.644 I/InstrumentationBackend(20745): Added:'ClearPreferences', with key:'clear_preferences'
06-05 19:59:39.644 I/InstrumentationBackend(20745): Added:'PressElement', with key:'press_l10n_element'
06-05 19:59:39.644 I/InstrumentationBackend(20745): Added:'WaitForElement', with key:'wait_for_l10n_element'
06-05 19:59:39.644 I/InstrumentationBackend(20745): Added:'NullAction', with key:'nullAction'
06-05 19:59:39.644 I/InstrumentationBackend(20745): Added:'PressKey', with key:'press_key'
06-05 19:59:39.644 I/InstrumentationBackend(20745): Added:'SetActivityOrientation', with key:'set_activity_orientation'
06-05 19:59:39.644 I/InstrumentationBackend(20745): Added:'GetActivityOrientation', with key:'get_activity_orientation'
06-05 19:59:39.644 I/InstrumentationBackend(20745): Added:'FakeGPSLocation', with key:'set_gps_coordinates'
06-05 19:59:39.644 I/InstrumentationBackend(20745): Added:'SetPropertyByCssSelector', with key:'set_property_by_css_selector'
06-05 19:59:39.644 I/InstrumentationBackend(20745): Added:'GetUrl', with key:'get_url'
06-05 19:59:39.645 I/InstrumentationBackend(20745): Added:'ScrollTo', with key:'scroll_to'
06-05 19:59:39.645 I/InstrumentationBackend(20745): Added:'GetLoadProgress', with key:'get_load_progress'
06-05 19:59:39.645 I/InstrumentationBackend(20745): Added:'DumpHtml', with key:'dump_html'
06-05 19:59:39.645 I/InstrumentationBackend(20745): Added:'DumpBodyHtml', with key:'dump_body_html'
06-05 19:59:39.645 I/InstrumentationBackend(20745): Added:'EnterTextByCssSelector', with key:'enter_text_by_selector'
06-05 19:59:39.645 I/InstrumentationBackend(20745): Added:'AndroidSDKVersion', with key:'android_sdk_version'
06-05 19:59:39.645 I/InstrumentationBackend(20745): Added:'Version', with key:'version'
06-05 19:59:39.645 I/InstrumentationBackend(20745): Added:'Drag', with key:'drag'
06-05 19:59:39.645 I/InstrumentationBackend(20745): Added:'TouchCoordinates', with key:'touch_coordinate'
06-05 19:59:39.645 I/InstrumentationBackend(20745): Added:'LongPressCoordinate', with key:'long_press_coordinate'
06-05 19:59:39.645 I/InstrumentationBackend(20745): Added:'DragCoordinates', with key:'drag_coordinates'
06-05 19:59:39.645 I/InstrumentationBackend(20745): Added:'ResumeApplication', with key:'resume_application'
06-05 19:59:39.645 I/InstrumentationBackend(20745): Added:'Swipe', with key:'swipe'
06-05 19:59:39.645 I/InstrumentationBackend(20745): Added:'DoubleTapCoordinate', with key:'double_tap_coordinate'
06-05 19:59:39.645 I/InstrumentationBackend(20745): Added:'ClickOnScreen', with key:'click_on_screen'
06-05 19:59:39.646 I/InstrumentationBackend(20745): Added:'GetActivityName', with key:'get_activity_name'
06-05 19:59:39.646 I/InstrumentationBackend(20745): Added:'ScrollToView', with key:'scroll_to_view'
06-05 19:59:39.646 I/InstrumentationBackend(20745): Added:'ViewConfiguration', with key:'view_configuration'
06-05 19:59:39.646 I/InstrumentationBackend(20745): Added:'IsCurrentActivityFocused', with key:'is_current_activity_focused'
06-05 19:59:39.646 I/InstrumentationBackend(20745): Added:'SendTcp', with key:'send_tcp'
06-05 19:59:39.646 I/InstrumentationBackend(20745): Added:'DpToDevicePixel', with key:'dp_to_device_pixel'
06-05 19:59:39.646 I/InstrumentationBackend(20745): Added:'KeyboardEnterText', with key:'keyboard_enter_text'
06-05 19:59:39.646 I/InstrumentationBackend(20745): Added:'DeleteSurroundingText', with key:'delete_surrounding_text'
06-05 19:59:39.646 I/InstrumentationBackend(20745): Added:'SetComposingRegion', with key:'set_composing_region'
06-05 19:59:39.646 I/InstrumentationBackend(20745): Added:'SetSelection', with key:'set_selection'
06-05 19:59:39.646 I/InstrumentationBackend(20745): Added:'KeyboardKeyEvent', with key:'keyboard_key_event'
06-05 19:59:39.646 I/InstrumentationBackend(20745): Added:'PressUserActionButton', with key:'press_user_action_button'
06-05 19:59:39.646 I/InstrumentationBackend(20745): Added:'HideSoftKeyboard', with key:'hide_soft_keyboard'
06-05 19:59:39.646 I/InstrumentationBackend(20745): Added:'ListActions', with key:'list_actions'
06-05 19:59:39.646 I/calabash(20745): Instantiating http server at 7102
06-05 19:59:39.647 I/System.out(20745): HTTP Daemon listening on: 7102
06-05 19:59:39.652 D/EGL_emulation( 1711): eglMakeCurrent: 0x9f1709c0: ver 2 0 (tinfo 0xa0e61d00)
06-05 19:59:39.653 D/EGL_emulation( 1711): eglMakeCurrent: 0x9f1709c0: ver 2 0 (tinfo 0xa0e61d00)
06-05 19:59:39.661 I/WindowManager( 1629): WIN DEATH: Window{e188774 u0 com.evancharlton.mileage/com.evancharlton.mileage.Mileage EXITING}
06-05 19:59:39.671 D/EGL_emulation( 1711): eglMakeCurrent: 0x9f1709c0: ver 2 0 (tinfo 0xa0e61d00)
06-05 19:59:39.674 D/EGL_emulation( 1711): eglMakeCurrent: 0x9f1709c0: ver 2 0 (tinfo 0xa0e61d00)
06-05 19:59:39.685 D/EGL_emulation( 1711): eglMakeCurrent: 0x9f1709c0: ver 2 0 (tinfo 0xa0e61d00)
06-05 19:59:39.687 D/EGL_emulation( 1711): eglMakeCurrent: 0x9f1709c0: ver 2 0 (tinfo 0xa0e61d00)
06-05 19:59:39.701 D/EGL_emulation( 1711): eglMakeCurrent: 0x9f1709c0: ver 2 0 (tinfo 0xa0e61d00)
06-05 19:59:39.703 D/EGL_emulation( 1711): eglMakeCurrent: 0x9f1709c0: ver 2 0 (tinfo 0xa0e61d00)
06-05 19:59:39.718 D/EGL_emulation( 1711): eglMakeCurrent: 0x9f1709c0: ver 2 0 (tinfo 0xa0e61d00)
06-05 19:59:39.719 D/EGL_emulation( 1711): eglMakeCurrent: 0x9f1709c0: ver 2 0 (tinfo 0xa0e61d00)
06-05 19:59:39.736 D/EGL_emulation( 1711): eglMakeCurrent: 0x9f1709c0: ver 2 0 (tinfo 0xa0e61d00)
06-05 19:59:39.740 I/System.out(20745): URI: //ping
06-05 19:59:39.740 I/System.out(20745): params: {json={}
06-05 19:59:39.740 I/System.out(20745): }
06-05 19:59:39.743 D/EGL_emulation( 1711): eglMakeCurrent: 0x9f1709c0: ver 2 0 (tinfo 0xa0e61d00)
06-05 19:59:39.749 I/System.out(20745): URI: //ping
06-05 19:59:39.749 I/System.out(20745): params: {json={}
06-05 19:59:39.749 I/System.out(20745): }
06-05 19:59:39.755 I/System.out(20745): URI: //ready
06-05 19:59:39.755 I/System.out(20745): params: {json={}
06-05 19:59:39.755 I/System.out(20745): }
06-05 19:59:39.756 D/EGL_emulation( 1711): eglMakeCurrent: 0x9f1709c0: ver 2 0 (tinfo 0xa0e61d00)
06-05 19:59:39.761 I/System.out(20745): URI: //
06-05 19:59:39.761 I/System.out(20745): params: {json={"command":"version","arguments":[]}
06-05 19:59:39.761 I/System.out(20745): }
06-05 19:59:39.761 I/System.out(20745): header: {content-type=application/json;charset=utf-8, date=Sat, 06 Jun 2020 00:59:40 GMT, accept=*/*, host=127.0.0.1:34783, content-length=36, user-agent=HTTPClient/1.0 (2.8.3, ruby 2.5.1 (2018-03-29))}
06-05 19:59:39.762 I/System.out(20745): params: {json={"command":"version","arguments":[]}
06-05 19:59:39.762 I/System.out(20745): }
06-05 19:59:39.762 I/System.out(20745): ProP json = {"command":"version","arguments":[]}
06-05 19:59:39.762 I/System.out(20745): files: {}
06-05 19:59:39.762 I/System.out(20745): command: {"command":"version","arguments":[]}
06-05 19:59:39.769 D/EGL_emulation( 1711): eglMakeCurrent: 0x9f1709c0: ver 2 0 (tinfo 0xa0e61d00)
06-05 19:59:39.772 I/InstrumentationBackend(20745): Got command:'Command:'Line:null,version', arguments:'[]'
06-05 19:59:39.775 D/EGL_emulation( 1711): eglMakeCurrent: 0x9f1709c0: ver 2 0 (tinfo 0xa0e61d00)
06-05 19:59:39.790 I/System.out(20745): result:{"bonusInformation":[],"message":"0.9.8","success":true}
06-05 19:59:39.794 I/System.out(20745): URI: //start-application
06-05 19:59:39.794 I/System.out(20745): params: {json={"intent":null}
06-05 19:59:39.794 I/System.out(20745): }
06-05 19:59:39.808 I/ActivityManager( 1629): START u0 {act=android.intent.action.MAIN cat=[android.intent.category.LAUNCHER] flg=0x10200000 cmp=com.evancharlton.mileage/.Mileage} from uid 10196 on display 0
06-05 19:59:39.814 I/calabash(20745): newActivity1
06-05 19:59:39.823 I/calabash(20745): newActivity1
06-05 19:59:39.824 W/ActivityManager( 1629): Bad activity token: android.os.BinderProxy@cdc4e70
06-05 19:59:39.824 W/ActivityManager( 1629): java.lang.ClassCastException: android.os.BinderProxy cannot be cast to com.android.server.am.ActivityRecord$Token
06-05 19:59:39.824 W/ActivityManager( 1629): 	at com.android.server.am.ActivityRecord.forTokenLocked(ActivityRecord.java:586)
06-05 19:59:39.824 W/ActivityManager( 1629): 	at com.android.server.am.ActivityRecord.isInStackLocked(ActivityRecord.java:1327)
06-05 19:59:39.824 W/ActivityManager( 1629): 	at com.android.server.am.ActivityRecord.getStackLocked(ActivityRecord.java:1332)
06-05 19:59:39.824 W/ActivityManager( 1629): 	at com.android.server.am.ActivityManagerService.getActivityDisplayId(ActivityManagerService.java:9806)
06-05 19:59:39.824 W/ActivityManager( 1629): 	at android.app.ActivityManagerNative.onTransact(ActivityManagerNative.java:2566)
06-05 19:59:39.824 W/ActivityManager( 1629): 	at com.android.server.am.ActivityManagerService.onTransact(ActivityManagerService.java:2757)
06-05 19:59:39.824 W/ActivityManager( 1629): 	at android.os.Binder.execTransact(Binder.java:565)
06-05 19:59:39.825 W/ActivityManager( 1629): Bad activity token: android.os.BinderProxy@cdc4e70
06-05 19:59:39.825 W/ActivityManager( 1629): java.lang.ClassCastException: android.os.BinderProxy cannot be cast to com.android.server.am.ActivityRecord$Token
06-05 19:59:39.825 W/ActivityManager( 1629): 	at com.android.server.am.ActivityRecord.forTokenLocked(ActivityRecord.java:586)
06-05 19:59:39.825 W/ActivityManager( 1629): 	at com.android.server.am.ActivityRecord.isInStackLocked(ActivityRecord.java:1327)
06-05 19:59:39.825 W/ActivityManager( 1629): 	at com.android.server.am.ActivityManagerService.setTaskDescription(ActivityManagerService.java:9358)
06-05 19:59:39.825 W/ActivityManager( 1629): 	at android.app.ActivityManagerNative.onTransact(ActivityManagerNative.java:2639)
06-05 19:59:39.825 W/ActivityManager( 1629): 	at com.android.server.am.ActivityManagerService.onTransact(ActivityManagerService.java:2757)
06-05 19:59:39.825 W/ActivityManager( 1629): 	at android.os.Binder.execTransact(Binder.java:565)
06-05 19:59:39.825 W/ActivityManager( 1629): Bad activity token: android.os.BinderProxy@cdc4e70
06-05 19:59:39.825 W/ActivityManager( 1629): java.lang.ClassCastException: android.os.BinderProxy cannot be cast to com.android.server.am.ActivityRecord$Token
06-05 19:59:39.825 W/ActivityManager( 1629): 	at com.android.server.am.ActivityRecord.forTokenLocked(ActivityRecord.java:586)
06-05 19:59:39.825 W/ActivityManager( 1629): 	at com.android.server.am.ActivityRecord.isInStackLocked(ActivityRecord.java:1327)
06-05 19:59:39.825 W/ActivityManager( 1629): 	at com.android.server.am.ActivityRecord.getStackLocked(ActivityRecord.java:1332)
06-05 19:59:39.825 W/ActivityManager( 1629): 	at com.android.server.am.ActivityManagerService.getActivityStackId(ActivityManagerService.java:9817)
06-05 19:59:39.825 W/ActivityManager( 1629): 	at android.app.ActivityManagerNative.onTransact(ActivityManagerNative.java:2856)
06-05 19:59:39.825 W/ActivityManager( 1629): 	at com.android.server.am.ActivityManagerService.onTransact(ActivityManagerService.java:2757)
06-05 19:59:39.825 W/ActivityManager( 1629): 	at android.os.Binder.execTransact(Binder.java:565)
06-05 19:59:39.834 D/gralloc_ranchu( 1348): gralloc_alloc: Creating ashmem region of size 9023488
06-05 19:59:39.841 W/ActivityManager( 1629): Bad activity token: android.os.BinderProxy@cdc4e70
06-05 19:59:39.841 W/ActivityManager( 1629): java.lang.ClassCastException: android.os.BinderProxy cannot be cast to com.android.server.am.ActivityRecord$Token
06-05 19:59:39.841 W/ActivityManager( 1629): 	at com.android.server.am.ActivityRecord.forTokenLocked(ActivityRecord.java:586)
06-05 19:59:39.841 W/ActivityManager( 1629): 	at com.android.server.am.ActivityRecord.isInStackLocked(ActivityRecord.java:1327)
06-05 19:59:39.841 W/ActivityManager( 1629): 	at com.android.server.am.ActivityManagerService.getActivityOptions(ActivityManagerService.java:12559)
06-05 19:59:39.841 W/ActivityManager( 1629): 	at android.app.ActivityManagerNative.onTransact(ActivityManagerNative.java:1933)
06-05 19:59:39.841 W/ActivityManager( 1629): 	at com.android.server.am.ActivityManagerService.onTransact(ActivityManagerService.java:2757)
06-05 19:59:39.841 W/ActivityManager( 1629): 	at android.os.Binder.execTransact(Binder.java:565)
06-05 19:59:39.841 W/ActivityManager( 1629): Bad activity token: android.os.BinderProxy@cdc4e70
06-05 19:59:39.841 W/ActivityManager( 1629): java.lang.ClassCastException: android.os.BinderProxy cannot be cast to com.android.server.am.ActivityRecord$Token
06-05 19:59:39.841 W/ActivityManager( 1629): 	at com.android.server.am.ActivityRecord.forTokenLocked(ActivityRecord.java:586)
06-05 19:59:39.841 W/ActivityManager( 1629): 	at com.android.server.am.ActivityRecord.isInStackLocked(ActivityRecord.java:1327)
06-05 19:59:39.841 W/ActivityManager( 1629): 	at com.android.server.am.ActivityManagerService.getActivityOptions(ActivityManagerService.java:12559)
06-05 19:59:39.841 W/ActivityManager( 1629): 	at android.app.ActivityManagerNative.onTransact(ActivityManagerNative.java:1933)
06-05 19:59:39.841 W/ActivityManager( 1629): 	at com.android.server.am.ActivityManagerService.onTransact(ActivityManagerService.java:2757)
06-05 19:59:39.841 W/ActivityManager( 1629): 	at android.os.Binder.execTransact(Binder.java:565)
06-05 19:59:39.866 V/PhoneStatusBar( 1711): setLightsOn(true)
06-05 19:59:39.868 D/EGL_emulation( 2147): eglMakeCurrent: 0xa3805360: ver 2 0 (tinfo 0xa3803630)
06-05 19:59:39.870 D/EGL_emulation( 1711): eglMakeCurrent: 0x9f1709c0: ver 2 0 (tinfo 0xa0e61d00)
06-05 19:59:39.884 D/gralloc_ranchu( 1348): gralloc_alloc: Creating ashmem region of size 9023488
06-05 19:59:39.889 D/EGL_emulation( 1711): eglMakeCurrent: 0x9f1709c0: ver 2 0 (tinfo 0xa0e61d00)
06-05 19:59:39.889 D/        (20745): HostConnection::get() New Host Connection established 0x921a5080, tid 20745
06-05 19:59:39.891 D/EGL_emulation( 1711): eglMakeCurrent: 0x9f1709c0: ver 2 0 (tinfo 0xa0e61d00)
06-05 19:59:39.891 V/PhoneStatusBar( 1711): setLightsOn(true)
06-05 19:59:39.919 D/EGL_emulation( 1711): eglMakeCurrent: 0x9f1709c0: ver 2 0 (tinfo 0xa0e61d00)
06-05 19:59:39.921 D/EGL_emulation( 1711): eglMakeCurrent: 0x9f1709c0: ver 2 0 (tinfo 0xa0e61d00)
06-05 19:59:39.937 D/EGL_emulation( 1711): eglMakeCurrent: 0x9f1709c0: ver 2 0 (tinfo 0xa0e61d00)
06-05 19:59:39.942 D/EGL_emulation( 1711): eglMakeCurrent: 0x9f1709c0: ver 2 0 (tinfo 0xa0e61d00)
06-05 19:59:39.952 D/gralloc_ranchu( 1348): gralloc_alloc: Creating ashmem region of size 9023488
06-05 19:59:39.952 I/ActivityManager( 1629): Displayed com.evancharlton.mileage/.Mileage: +141ms
06-05 19:59:39.952 D/EGL_emulation( 1711): eglMakeCurrent: 0x9f1709c0: ver 2 0 (tinfo 0xa0e61d00)
06-05 19:59:39.967 D/EGL_emulation( 1711): eglMakeCurrent: 0x9f1709c0: ver 2 0 (tinfo 0xa0e61d00)
06-05 19:59:39.968 V/PhoneStatusBar( 1711): setLightsOn(true)
06-05 19:59:39.971 D/EGL_emulation( 1711): eglMakeCurrent: 0x9f1709c0: ver 2 0 (tinfo 0xa0e61d00)
06-05 19:59:39.972 I/WindowManager( 1629): Destroying surface Surface(name=com.evancharlton.mileage/com.evancharlton.mileage.Mileage) called by com.android.server.wm.WindowStateAnimator.destroySurface:2016 com.android.server.wm.WindowStateAnimator.destroySurfaceLocked:882 com.android.server.wm.WindowState.removeLocked:1456 com.android.server.wm.WindowManagerService.removeWindowInnerLocked:2484 com.android.server.wm.AppWindowToken.destroySurfaces:365 com.android.server.wm.WindowStateAnimator.finishExit:565 com.android.server.wm.AppWindowAnimator.stepAnimationLocked:427 com.android.server.wm.WindowAnimator.updateAppWindowsLocked:196 
06-05 19:59:39.984 D/EGL_emulation( 1711): eglMakeCurrent: 0x9f1709c0: ver 2 0 (tinfo 0xa0e61d00)
06-05 19:59:39.985 E/SurfaceFlinger( 1348): getLayerUser(name=0xb1c20460) is dead
06-05 19:59:39.986 D/EGL_emulation( 1711): eglMakeCurrent: 0x9f1709c0: ver 2 0 (tinfo 0xa0e61d00)
06-05 19:59:39.988 D/EGL_emulation( 1711): eglMakeCurrent: 0x9f1709c0: ver 2 0 (tinfo 0xa0e61d00)
06-05 19:59:39.988 V/PhoneStatusBar( 1711): setLightsOn(true)
06-05 19:59:40.002 D/EGL_emulation( 1711): eglMakeCurrent: 0x9f1709c0: ver 2 0 (tinfo 0xa0e61d00)
06-05 19:59:40.004 D/EGL_emulation( 1711): eglMakeCurrent: 0x9f1709c0: ver 2 0 (tinfo 0xa0e61d00)
06-05 19:59:40.008 I/System.out(20745): URI: //map
06-05 19:59:40.008 I/System.out(20745): params: {json={"query":"* marked:'Statistics'","operation":{"method_name":"query","arguments":[]}}
06-05 19:59:40.008 I/System.out(20745): }
06-05 19:59:40.018 D/EGL_emulation( 1711): eglMakeCurrent: 0x9f1709c0: ver 2 0 (tinfo 0xa0e61d00)
06-05 19:59:40.019 W/ResourceType(20745): No package identifier when getting name for resource number 0x00000001
06-05 19:59:40.020 D/EGL_emulation( 1711): eglMakeCurrent: 0x9f1709c0: ver 2 0 (tinfo 0xa0e61d00)
06-05 19:59:40.034 I/System.out(20745): URI: //gesture
06-05 19:59:40.034 I/System.out(20745): params: {json={"query_timeout":5.0,"gestures":[{"query_string":"* marked:'Statistics'","touches":[{"x":50,"y":50,"offset_x":0,"offset_y":0,"wait":0.0,"time":0.2,"release":true,"query_string":null}]}]}
06-05 19:59:40.034 I/System.out(20745): }
06-05 19:59:40.035 D/EGL_emulation( 1711): eglMakeCurrent: 0x9f1709c0: ver 2 0 (tinfo 0xa0e61d00)
06-05 19:59:40.037 D/EGL_emulation( 1711): eglMakeCurrent: 0x9f1709c0: ver 2 0 (tinfo 0xa0e61d00)
06-05 19:59:40.040 W/ResourceType(20745): No package identifier when getting name for resource number 0x00000001
06-05 19:59:40.057 D/EGL_emulation( 1711): eglMakeCurrent: 0x9f1709c0: ver 2 0 (tinfo 0xa0e61d00)
06-05 19:59:40.059 D/EGL_emulation( 1711): eglMakeCurrent: 0x9f1709c0: ver 2 0 (tinfo 0xa0e61d00)
06-05 19:59:40.069 D/EGL_emulation( 1711): eglMakeCurrent: 0x9f1709c0: ver 2 0 (tinfo 0xa0e61d00)
06-05 19:59:40.073 D/EGL_emulation( 1711): eglMakeCurrent: 0x9f1709c0: ver 2 0 (tinfo 0xa0e61d00)
06-05 19:59:40.085 D/EGL_emulation( 1711): eglMakeCurrent: 0x9f1709c0: ver 2 0 (tinfo 0xa0e61d00)
06-05 19:59:40.151 I/WindowManager( 1629): Destroying surface Surface(name=Starting com.evancharlton.mileage) called by com.android.server.wm.WindowStateAnimator.destroySurface:2016 com.android.server.wm.WindowStateAnimator.destroySurfaceLocked:882 com.android.server.wm.WindowState.destroyOrSaveSurface:2100 com.android.server.wm.AppWindowToken.destroySurfaces:363 com.android.server.wm.WindowStateAnimator.finishExit:565 com.android.server.wm.WindowStateAnimator.stepAnimationLocked:491 com.android.server.wm.WindowAnimator.updateWindowsLocked:303 com.android.server.wm.WindowAnimator.animateLocked:704 
06-05 19:59:40.152 V/PhoneStatusBar( 1711): setLightsOn(true)
06-05 19:59:40.184 V/PhoneStatusBar( 1711): setLightsOn(true)
06-05 19:59:40.275 I/calabash(20745): newActivity1
06-05 19:59:40.302 I/System.out(20745): URI: //map
06-05 19:59:40.302 I/System.out(20745): params: {json={"query":"android.widget.ScrollView index:0","operation":{"method_name":"query","arguments":[]}}
06-05 19:59:40.302 I/System.out(20745): }
06-05 19:59:40.307 W/ActivityManager( 1629): Bad activity token: android.os.BinderProxy@834b32a
06-05 19:59:40.307 W/ActivityManager( 1629): java.lang.ClassCastException: android.os.BinderProxy cannot be cast to com.android.server.am.ActivityRecord$Token
06-05 19:59:40.307 W/ActivityManager( 1629): 	at com.android.server.am.ActivityRecord.forTokenLocked(ActivityRecord.java:586)
06-05 19:59:40.307 W/ActivityManager( 1629): 	at com.android.server.am.ActivityRecord.isInStackLocked(ActivityRecord.java:1327)
06-05 19:59:40.307 W/ActivityManager( 1629): 	at com.android.server.am.ActivityRecord.getStackLocked(ActivityRecord.java:1332)
06-05 19:59:40.307 W/ActivityManager( 1629): 	at com.android.server.am.ActivityManagerService.getActivityDisplayId(ActivityManagerService.java:9806)
06-05 19:59:40.307 W/ActivityManager( 1629): 	at android.app.ActivityManagerNative.onTransact(ActivityManagerNative.java:2566)
06-05 19:59:40.307 W/ActivityManager( 1629): 	at com.android.server.am.ActivityManagerService.onTransact(ActivityManagerService.java:2757)
06-05 19:59:40.307 W/ActivityManager( 1629): 	at android.os.Binder.execTransact(Binder.java:565)
06-05 19:59:40.308 W/ActivityManager( 1629): Bad activity token: android.os.BinderProxy@834b32a
06-05 19:59:40.308 W/ActivityManager( 1629): java.lang.ClassCastException: android.os.BinderProxy cannot be cast to com.android.server.am.ActivityRecord$Token
06-05 19:59:40.308 W/ActivityManager( 1629): 	at com.android.server.am.ActivityRecord.forTokenLocked(ActivityRecord.java:586)
06-05 19:59:40.308 W/ActivityManager( 1629): 	at com.android.server.am.ActivityRecord.isInStackLocked(ActivityRecord.java:1327)
06-05 19:59:40.308 W/ActivityManager( 1629): 	at com.android.server.am.ActivityManagerService.setTaskDescription(ActivityManagerService.java:9358)
06-05 19:59:40.308 W/ActivityManager( 1629): 	at android.app.ActivityManagerNative.onTransact(ActivityManagerNative.java:2639)
06-05 19:59:40.308 W/ActivityManager( 1629): 	at com.android.server.am.ActivityManagerService.onTransact(ActivityManagerService.java:2757)
06-05 19:59:40.308 W/ActivityManager( 1629): 	at android.os.Binder.execTransact(Binder.java:565)
06-05 19:59:40.309 W/ActivityManager( 1629): Bad activity token: android.os.BinderProxy@834b32a
06-05 19:59:40.309 W/ActivityManager( 1629): java.lang.ClassCastException: android.os.BinderProxy cannot be cast to com.android.server.am.ActivityRecord$Token
06-05 19:59:40.309 W/ActivityManager( 1629): 	at com.android.server.am.ActivityRecord.forTokenLocked(ActivityRecord.java:586)
06-05 19:59:40.309 W/ActivityManager( 1629): 	at com.android.server.am.ActivityRecord.isInStackLocked(ActivityRecord.java:1327)
06-05 19:59:40.309 W/ActivityManager( 1629): 	at com.android.server.am.ActivityRecord.getStackLocked(ActivityRecord.java:1332)
06-05 19:59:40.309 W/ActivityManager( 1629): 	at com.android.server.am.ActivityManagerService.getActivityStackId(ActivityManagerService.java:9817)
06-05 19:59:40.309 W/ActivityManager( 1629): 	at android.app.ActivityManagerNative.onTransact(ActivityManagerNative.java:2856)
06-05 19:59:40.309 W/ActivityManager( 1629): 	at com.android.server.am.ActivityManagerService.onTransact(ActivityManagerService.java:2757)
06-05 19:59:40.309 W/ActivityManager( 1629): 	at android.os.Binder.execTransact(Binder.java:565)
06-05 19:59:40.315 D/VehicleStatisticsActivity(20745): Checking recalculation ...
06-05 19:59:40.316 D/VehicleStatisticsActivity(20745): Recalculation not necessary.
06-05 19:59:40.318 W/ActivityManager( 1629): Bad activity token: android.os.BinderProxy@834b32a
06-05 19:59:40.318 W/ActivityManager( 1629): java.lang.ClassCastException: android.os.BinderProxy cannot be cast to com.android.server.am.ActivityRecord$Token
06-05 19:59:40.318 W/ActivityManager( 1629): 	at com.android.server.am.ActivityRecord.forTokenLocked(ActivityRecord.java:586)
06-05 19:59:40.318 W/ActivityManager( 1629): 	at com.android.server.am.ActivityRecord.isInStackLocked(ActivityRecord.java:1327)
06-05 19:59:40.318 W/ActivityManager( 1629): 	at com.android.server.am.ActivityManagerService.getActivityOptions(ActivityManagerService.java:12559)
06-05 19:59:40.318 W/ActivityManager( 1629): 	at android.app.ActivityManagerNative.onTransact(ActivityManagerNative.java:1933)
06-05 19:59:40.318 W/ActivityManager( 1629): 	at com.android.server.am.ActivityManagerService.onTransact(ActivityManagerService.java:2757)
06-05 19:59:40.318 W/ActivityManager( 1629): 	at android.os.Binder.execTransact(Binder.java:565)
06-05 19:59:40.318 W/ActivityManager( 1629): Bad activity token: android.os.BinderProxy@834b32a
06-05 19:59:40.318 W/ActivityManager( 1629): java.lang.ClassCastException: android.os.BinderProxy cannot be cast to com.android.server.am.ActivityRecord$Token
06-05 19:59:40.318 W/ActivityManager( 1629): 	at com.android.server.am.ActivityRecord.forTokenLocked(ActivityRecord.java:586)
06-05 19:59:40.318 W/ActivityManager( 1629): 	at com.android.server.am.ActivityRecord.isInStackLocked(ActivityRecord.java:1327)
06-05 19:59:40.318 W/ActivityManager( 1629): 	at com.android.server.am.ActivityManagerService.getActivityOptions(ActivityManagerService.java:12559)
06-05 19:59:40.318 W/ActivityManager( 1629): 	at android.app.ActivityManagerNative.onTransact(ActivityManagerNative.java:1933)
06-05 19:59:40.318 W/ActivityManager( 1629): 	at com.android.server.am.ActivityManagerService.onTransact(ActivityManagerService.java:2757)
06-05 19:59:40.318 W/ActivityManager( 1629): 	at android.os.Binder.execTransact(Binder.java:565)
06-05 19:59:40.320 D/VehicleStatisticsActivity(20745): Checking recalculation ...
06-05 19:59:40.320 D/VehicleStatisticsActivity(20745): Recalculation not necessary.
06-05 19:59:40.335 V/PhoneStatusBar( 1711): setLightsOn(true)
06-05 19:59:40.438 I/System.out(20745): URI: //map
06-05 19:59:40.438 I/System.out(20745): params: {json={"query":"android.widget.AbsListView index:0","operation":{"method_name":"query","arguments":[]}}
06-05 19:59:40.438 I/System.out(20745): }
06-05 19:59:40.442 I/art     (20745): Do partial code cache collection, code=30KB, data=29KB
06-05 19:59:40.442 I/art     (20745): After code cache collection, code=29KB, data=28KB
06-05 19:59:40.442 I/art     (20745): Increasing code cache capacity to 128KB
06-05 19:59:40.452 I/System.out(20745): URI: //map
06-05 19:59:40.452 I/System.out(20745): params: {json={"query":"android.widget.AbsListView index:0","operation":{"method_name":"query","arguments":[]}}
06-05 19:59:40.452 I/System.out(20745): }
06-05 19:59:40.470 I/System.out(20745): URI: //map
06-05 19:59:40.470 I/System.out(20745): params: {json={"query":"android.widget.AbsListView index:0","operation":{"method_name":"query","arguments":[]}}
06-05 19:59:40.470 I/System.out(20745): }
06-05 19:59:40.483 I/System.out(20745): URI: //map
06-05 19:59:40.483 I/System.out(20745): params: {json={"query":"android.widget.AbsListView index:0","operation":{"method_name":"query","arguments":["getFirstVisiblePosition"]}}
06-05 19:59:40.483 I/System.out(20745): }
06-05 19:59:40.494 I/System.out(20745): URI: //map
06-05 19:59:40.494 I/System.out(20745): params: {json={"query":"android.widget.AbsListView index:0","operation":{"method_name":"query","arguments":["getLastVisiblePosition"]}}
06-05 19:59:40.494 I/System.out(20745): }
06-05 19:59:40.506 I/System.out(20745): URI: //map
06-05 19:59:40.506 I/System.out(20745): params: {json={"query":"android.widget.AbsListView index:0","operation":{"method_name":"query","arguments":[{"method_name":"setSelection","arguments":[26]}]}}
06-05 19:59:40.506 I/System.out(20745): }
06-05 19:59:40.523 I/System.out(20745): URI: //map
06-05 19:59:40.523 I/System.out(20745): params: {json={"query":"* marked:'Total fuel'","operation":{"method_name":"query","arguments":[]}}
06-05 19:59:40.523 I/System.out(20745): }
06-05 19:59:40.555 D/gralloc_ranchu( 1348): gralloc_alloc: Creating ashmem region of size 9023488
06-05 19:59:40.590 W/ResourceType(20745): No package identifier when getting name for resource number 0x00000001
06-05 19:59:40.601 I/System.out(20745): URI: //gesture
06-05 19:59:40.601 I/System.out(20745): params: {json={"query_timeout":5.0,"gestures":[{"query_string":"* marked:'Total fuel'","touches":[{"x":50,"y":50,"offset_x":0,"offset_y":0,"wait":0.0,"time":0.2,"release":true,"query_string":null}]}]}
06-05 19:59:40.601 I/System.out(20745): }
06-05 19:59:40.605 W/ResourceType(20745): No package identifier when getting name for resource number 0x00000001
06-05 19:59:40.618 V/PhoneStatusBar( 1711): setLightsOn(true)
06-05 19:59:40.619 V/PhoneStatusBar( 1711): setLightsOn(true)
06-05 19:59:40.620 W/OpenGLRenderer( 2147): Incorrectly called buildLayer on View: ShortcutAndWidgetContainer, destroying layer...
06-05 19:59:40.635 V/PhoneStatusBar( 1711): setLightsOn(true)
06-05 19:59:40.635 I/WindowManager( 1629): Destroying surface Surface(name=com.android.launcher3/com.android.launcher3.Launcher) called by com.android.server.wm.WindowStateAnimator.destroySurface:2016 com.android.server.wm.WindowStateAnimator.destroySurfaceLocked:882 com.android.server.wm.WindowState.destroyOrSaveSurface:2100 com.android.server.wm.AppWindowToken.destroySurfaces:363 com.android.server.wm.AppWindowToken.notifyAppStopped:389 com.android.server.wm.WindowManagerService.notifyAppStopped:4463 com.android.server.am.ActivityStack.activityStoppedLocked:1252 com.android.server.am.ActivityManagerService.activityStopped:6903 
06-05 19:59:40.835 I/ActivityManager( 1629): START u0 {cmp=com.evancharlton.mileage/.charts.TotalVolumeChart (has extras)} from uid 10196 on display 0
06-05 19:59:40.836 V/PhoneStatusBar( 1711): setLightsOn(true)
06-05 19:59:40.837 V/PhoneStatusBar( 1711): setLightsOn(true)
06-05 19:59:40.844 I/System.out(20745): URI: //map
06-05 19:59:40.844 I/System.out(20745): params: {json={"query":"* {text CONTAINS[c] 'Total fuel purchased'}","operation":{"method_name":"query","arguments":[]}}
06-05 19:59:40.844 I/System.out(20745): }
06-05 19:59:40.883 I/calabash(20745): newActivity1
06-05 19:59:40.886 W/aiCharts(20745): License file is invalid or missing. 
06-05 19:59:40.886 W/aiCharts(20745): Please place proper license.lic to /assets folder.
06-05 19:59:40.899 V/PhoneStatusBar( 1711): setLightsOn(true)
06-05 19:59:40.918 V/PhoneStatusBar( 1711): setLightsOn(true)
06-05 19:59:40.923 I/WindowManager( 1629): Destroying surface Surface(name=Creating chart…) called by com.android.server.wm.WindowStateAnimator.destroySurface:2016 com.android.server.wm.WindowStateAnimator.destroySurfaceLocked:882 com.android.server.wm.WindowState.removeLocked:1456 com.android.server.wm.WindowManagerService.removeWindowInnerLocked:2484 com.android.server.wm.WindowManagerService.removeWindowLocked:2442 com.android.server.wm.WindowManagerService.removeWindowLocked:2311 com.android.server.wm.WindowManagerService.removeWindow:2306 com.android.server.wm.Session.remove:202 
06-05 19:59:40.925 D/gralloc_ranchu( 1348): gralloc_alloc: Creating ashmem region of size 9023488
06-05 19:59:40.935 V/PhoneStatusBar( 1711): setLightsOn(true)
06-05 19:59:40.954 I/ActivityManager( 1629): Displayed com.evancharlton.mileage/.charts.TotalVolumeChart: +73ms
06-05 19:59:40.968 V/PhoneStatusBar( 1711): setLightsOn(true)
06-05 19:59:41.001 V/PhoneStatusBar( 1711): setLightsOn(true)
06-05 19:59:41.018 V/PhoneStatusBar( 1711): setLightsOn(true)
06-05 19:59:41.204 V/PhoneStatusBar( 1711): setLightsOn(true)
06-05 19:59:41.218 I/System.out(20745): URI: //map
06-05 19:59:41.218 I/System.out(20745): params: {json={"query":"* {text CONTAINS[c] 'Total fuel purchased'}","operation":{"method_name":"query","arguments":[]}}
06-05 19:59:41.218 I/System.out(20745): }
06-05 19:59:41.247 I/System.out(20745): URI: //
06-05 19:59:41.247 I/System.out(20745): params: {json={"command":"press_key","arguments":["KEYCODE_BACK"]}
06-05 19:59:41.247 I/System.out(20745): }
06-05 19:59:41.247 I/System.out(20745): header: {content-type=application/json;charset=utf-8, date=Sat, 06 Jun 2020 00:59:41 GMT, accept=*/*, host=127.0.0.1:34783, content-length=52, user-agent=HTTPClient/1.0 (2.8.3, ruby 2.5.1 (2018-03-29))}
06-05 19:59:41.247 I/System.out(20745): params: {json={"command":"press_key","arguments":["KEYCODE_BACK"]}
06-05 19:59:41.247 I/System.out(20745): }
06-05 19:59:41.247 I/System.out(20745): ProP json = {"command":"press_key","arguments":["KEYCODE_BACK"]}
06-05 19:59:41.247 I/System.out(20745): files: {}
06-05 19:59:41.247 I/System.out(20745): command: {"command":"press_key","arguments":["KEYCODE_BACK"]}
06-05 19:59:41.248 I/InstrumentationBackend(20745): Got command:'Command:'Line:null,press_key', arguments:'[KEYCODE_BACK]'
06-05 19:59:41.251 V/PhoneStatusBar( 1711): setLightsOn(true)
06-05 19:59:41.253 V/PhoneStatusBar( 1711): setLightsOn(true)
06-05 19:59:41.255 I/art     (20745): Do partial code cache collection, code=60KB, data=62KB
06-05 19:59:41.255 I/art     (20745): After code cache collection, code=59KB, data=61KB
06-05 19:59:41.255 I/art     (20745): Increasing code cache capacity to 256KB
06-05 19:59:41.256 D/VehicleStatisticsActivity(20745): Checking recalculation ...
06-05 19:59:41.256 I/System.out(20745): result:{"bonusInformation":[],"message":"","success":true}
06-05 19:59:41.256 D/VehicleStatisticsActivity(20745): Recalculation not necessary.
06-05 19:59:41.258 I/System.out(20745): URI: //map
06-05 19:59:41.258 I/System.out(20745): params: {json={"query":"* {text CONTAINS[c] 'Statistics'}","operation":{"method_name":"query","arguments":[]}}
06-05 19:59:41.258 I/System.out(20745): }
06-05 19:59:41.268 V/PhoneStatusBar( 1711): setLightsOn(true)
06-05 19:59:41.284 D/gralloc_ranchu( 1348): gralloc_alloc: Creating ashmem region of size 9023488
06-05 19:59:41.285 V/PhoneStatusBar( 1711): setLightsOn(true)
06-05 19:59:41.301 V/PhoneStatusBar( 1711): setLightsOn(true)
06-05 19:59:41.318 V/PhoneStatusBar( 1711): setLightsOn(true)
