--------- beginning of system
06-05 15:48:04.855 W/ActivityManager( 1630): Duplicate finish request for ActivityRecord{cf2b8dc u0 com.evancharlton.mileage/.Mileage t258 f}
06-05 15:48:04.855 W/ActivityManager( 1630): Duplicate finish request for ActivityRecord{cf2b8dc u0 com.evancharlton.mileage/.Mileage t258 f}
06-05 15:48:04.855 W/ActivityManager( 1630): Duplicate finish request for ActivityRecord{cf2b8dc u0 com.evancharlton.mileage/.Mileage t258 f}
06-05 15:48:04.856 W/ActivityManager( 1630): Duplicate finish request for ActivityRecord{3cdfb4b u0 com.evancharlton.mileage/.ImportExportActivity t258 f}
--------- beginning of main
06-05 15:48:04.858 V/PhoneStatusBar( 1712): setLightsOn(true)
06-05 15:48:04.859 V/PhoneStatusBar( 1712): setLightsOn(true)
06-05 15:48:04.860 W/ActivityManager( 1630): Finishing task with all activities already finished
06-05 15:48:04.860 W/ActivityManager( 1630): Duplicate finish request for ActivityRecord{d8f7c79 u0 com.evancharlton.mileage/.ExportActivity t258 f}
06-05 15:48:04.912 D/gralloc_ranchu( 1346): gralloc_alloc: Creating ashmem region of size 3145728
06-05 15:48:04.917 E/EGL_emulation( 1346): tid 1346: eglCreateSyncKHR(1901): error 0x3004 (EGL_BAD_ATTRIBUTE)
06-05 15:48:04.926 I/WindowManager( 1630): Destroying surface Surface(name=com.evancharlton.mileage/com.evancharlton.mileage.ExportActivity) called by com.android.server.wm.WindowStateAnimator.destroySurface:2016 com.android.server.wm.WindowStateAnimator.destroySurfaceLocked:882 com.android.server.wm.WindowState.removeLocked:1456 com.android.server.wm.WindowManagerService.removeWindowInnerLocked:2484 com.android.server.wm.AppWindowToken.destroySurfaces:365 com.android.server.wm.WindowStateAnimator.finishExit:565 com.android.server.wm.WindowStateAnimator.stepAnimationLocked:491 com.android.server.wm.WindowAnimator.updateWindowsLocked:303 
06-05 15:48:04.975 W/InputMethodService( 1697): Window size has been changed. This may cause jankiness of resizing window: -1 -> -2
06-05 15:48:04.978 D/AndroidRuntime(15371): >>>>>> START com.android.internal.os.RuntimeInit uid 2000 <<<<<<
06-05 15:48:04.980 D/AndroidRuntime(15371): CheckJNI is ON
06-05 15:48:04.981 D/EGL_emulation( 1697): eglMakeCurrent: 0xb4085660: ver 2 0 (tinfo 0xb40834b0)
06-05 15:48:04.984 D/EGL_emulation( 2099): eglMakeCurrent: 0xb4085240: ver 2 0 (tinfo 0xb40832d0)
06-05 15:48:04.997 W/art     (15371): Unexpected CPU variant for X86 using defaults: x86
06-05 15:48:04.999 D/ICU     (15371): No timezone override file found: /data/misc/zoneinfo/current/icu/icu_tzdata.dat
06-05 15:48:05.003 W/IInputConnectionWrapper(15318): finishComposingText on inactive InputConnection
06-05 15:48:05.003 W/IInputConnectionWrapper(15318): reportFullscreenMode on inexistent InputConnection
06-05 15:48:05.003 W/IInputConnectionWrapper(15318): finishComposingText on inactive InputConnection
06-05 15:48:05.004 D/EGL_emulation( 1712): eglMakeCurrent: 0xb4085540: ver 2 0 (tinfo 0xb4083740)
06-05 15:48:05.008 E/memtrack(15371): Couldn't load memtrack module (No such file or directory)
06-05 15:48:05.008 E/android.os.Debug(15371): failed to load memtrack module: -2
06-05 15:48:05.009 I/Radio-JNI(15371): register_android_hardware_Radio DONE
06-05 15:48:05.014 D/AndroidRuntime(15371): Calling main entry com.android.commands.am.Am
06-05 15:48:05.016 I/ActivityManager( 1630): Force stopping com.evancharlton.mileage appid=10086 user=0: start instr
06-05 15:48:05.016 I/ActivityManager( 1630): Killing 15318:com.evancharlton.mileage/u0a86 (adj 0): stop com.evancharlton.mileage
06-05 15:48:05.016 D/ActivityManager( 1630): cleanUpApplicationRecord -- 15318
06-05 15:48:05.017 W/ActivityManager( 1630): Crash of app com.evancharlton.mileage running instrumentation ComponentInfo{com.evancharlton.mileage.test/sh.calaba.instrumentationbackend.CalabashInstrumentationTestRunner}
06-05 15:48:05.017 I/ActivityManager( 1630): Force stopping com.evancharlton.mileage appid=10086 user=0: finished inst
06-05 15:48:05.018 D/EGL_emulation( 1712): eglMakeCurrent: 0xb4085540: ver 2 0 (tinfo 0xb4083740)
06-05 15:48:05.021 I/art     (15382): Not late-enabling -Xcheck:jni (already on)
06-05 15:48:05.021 W/art     (15382): Unexpected CPU variant for X86 using defaults: x86
06-05 15:48:05.027 D/EGL_emulation( 1712): eglMakeCurrent: 0xb4085540: ver 2 0 (tinfo 0xb4083740)
06-05 15:48:05.028 I/ActivityManager( 1630): Start proc 15382:com.evancharlton.mileage/u0a86 for added application com.evancharlton.mileage
06-05 15:48:05.028 D/AndroidRuntime(15371): Shutting down VM
06-05 15:48:05.033 W/System  (15382): ClassLoader referenced unknown path: /data/app/com.evancharlton.mileage.test-1/lib/x86
06-05 15:48:05.033 W/System  (15382): ClassLoader referenced unknown path: /data/app/com.evancharlton.mileage-1/lib/x86
06-05 15:48:05.035 W/System  (15382): ClassLoader referenced unknown path: 
06-05 15:48:05.039 I/System.out(15382): Main activity name automatically set to: com.evancharlton.mileage.Mileage
06-05 15:48:05.040 I/System.out(15382): Calabash did not load Mono. This is only a problem if you are trying to test a Mono application
06-05 15:48:05.040 I/calabash(15382): Test server port: 7102
06-05 15:48:05.040 I/InstrumentationBackend(15382): Added:'GetPreferences', with key:'get_preferences'
06-05 15:48:05.043 D/EGL_emulation( 1712): eglMakeCurrent: 0xb4085540: ver 2 0 (tinfo 0xb4083740)
06-05 15:48:05.045 D/EGL_emulation( 1712): eglMakeCurrent: 0xb4085540: ver 2 0 (tinfo 0xb4083740)
06-05 15:48:05.047 I/InstrumentationBackend(15382): Added:'SetPreferences', with key:'set_preferences'
06-05 15:48:05.047 I/InstrumentationBackend(15382): Added:'ClearPreferences', with key:'clear_preferences'
06-05 15:48:05.047 I/InstrumentationBackend(15382): Added:'PressElement', with key:'press_l10n_element'
06-05 15:48:05.047 I/InstrumentationBackend(15382): Added:'WaitForElement', with key:'wait_for_l10n_element'
06-05 15:48:05.047 I/InstrumentationBackend(15382): Added:'NullAction', with key:'nullAction'
06-05 15:48:05.047 I/InstrumentationBackend(15382): Added:'PressKey', with key:'press_key'
06-05 15:48:05.047 I/InstrumentationBackend(15382): Added:'SetActivityOrientation', with key:'set_activity_orientation'
06-05 15:48:05.047 I/InstrumentationBackend(15382): Added:'GetActivityOrientation', with key:'get_activity_orientation'
06-05 15:48:05.047 I/InstrumentationBackend(15382): Added:'FakeGPSLocation', with key:'set_gps_coordinates'
06-05 15:48:05.047 I/InstrumentationBackend(15382): Added:'SetPropertyByCssSelector', with key:'set_property_by_css_selector'
06-05 15:48:05.047 I/InstrumentationBackend(15382): Added:'GetUrl', with key:'get_url'
06-05 15:48:05.047 I/InstrumentationBackend(15382): Added:'ScrollTo', with key:'scroll_to'
06-05 15:48:05.047 I/InstrumentationBackend(15382): Added:'GetLoadProgress', with key:'get_load_progress'
06-05 15:48:05.047 I/InstrumentationBackend(15382): Added:'DumpHtml', with key:'dump_html'
06-05 15:48:05.048 I/InstrumentationBackend(15382): Added:'DumpBodyHtml', with key:'dump_body_html'
06-05 15:48:05.048 I/InstrumentationBackend(15382): Added:'EnterTextByCssSelector', with key:'enter_text_by_selector'
06-05 15:48:05.048 I/InstrumentationBackend(15382): Added:'AndroidSDKVersion', with key:'android_sdk_version'
06-05 15:48:05.048 I/InstrumentationBackend(15382): Added:'Version', with key:'version'
06-05 15:48:05.048 I/InstrumentationBackend(15382): Added:'Drag', with key:'drag'
06-05 15:48:05.048 I/InstrumentationBackend(15382): Added:'TouchCoordinates', with key:'touch_coordinate'
06-05 15:48:05.048 I/InstrumentationBackend(15382): Added:'LongPressCoordinate', with key:'long_press_coordinate'
06-05 15:48:05.048 I/InstrumentationBackend(15382): Added:'DragCoordinates', with key:'drag_coordinates'
06-05 15:48:05.048 I/InstrumentationBackend(15382): Added:'ResumeApplication', with key:'resume_application'
06-05 15:48:05.048 I/InstrumentationBackend(15382): Added:'Swipe', with key:'swipe'
06-05 15:48:05.048 I/InstrumentationBackend(15382): Added:'DoubleTapCoordinate', with key:'double_tap_coordinate'
06-05 15:48:05.048 I/InstrumentationBackend(15382): Added:'ClickOnScreen', with key:'click_on_screen'
06-05 15:48:05.048 I/InstrumentationBackend(15382): Added:'GetActivityName', with key:'get_activity_name'
06-05 15:48:05.048 I/InstrumentationBackend(15382): Added:'ScrollToView', with key:'scroll_to_view'
06-05 15:48:05.049 I/InstrumentationBackend(15382): Added:'ViewConfiguration', with key:'view_configuration'
06-05 15:48:05.049 I/InstrumentationBackend(15382): Added:'IsCurrentActivityFocused', with key:'is_current_activity_focused'
06-05 15:48:05.049 I/InstrumentationBackend(15382): Added:'SendTcp', with key:'send_tcp'
06-05 15:48:05.049 I/InstrumentationBackend(15382): Added:'DpToDevicePixel', with key:'dp_to_device_pixel'
06-05 15:48:05.049 I/InstrumentationBackend(15382): Added:'KeyboardEnterText', with key:'keyboard_enter_text'
06-05 15:48:05.049 I/InstrumentationBackend(15382): Added:'DeleteSurroundingText', with key:'delete_surrounding_text'
06-05 15:48:05.049 I/InstrumentationBackend(15382): Added:'SetComposingRegion', with key:'set_composing_region'
06-05 15:48:05.049 I/InstrumentationBackend(15382): Added:'SetSelection', with key:'set_selection'
06-05 15:48:05.049 I/InstrumentationBackend(15382): Added:'KeyboardKeyEvent', with key:'keyboard_key_event'
06-05 15:48:05.049 I/InstrumentationBackend(15382): Added:'PressUserActionButton', with key:'press_user_action_button'
06-05 15:48:05.049 I/InstrumentationBackend(15382): Added:'HideSoftKeyboard', with key:'hide_soft_keyboard'
06-05 15:48:05.049 I/InstrumentationBackend(15382): Added:'ListActions', with key:'list_actions'
06-05 15:48:05.049 I/calabash(15382): Instantiating http server at 7102
06-05 15:48:05.050 I/System.out(15382): HTTP Daemon listening on: 7102
06-05 15:48:05.060 D/EGL_emulation( 1712): eglMakeCurrent: 0xb4085540: ver 2 0 (tinfo 0xb4083740)
06-05 15:48:05.062 D/EGL_emulation( 1712): eglMakeCurrent: 0xb4085540: ver 2 0 (tinfo 0xb4083740)
06-05 15:48:05.063 I/WindowManager( 1630): WIN DEATH: Window{4826735 u0 com.evancharlton.mileage/com.evancharlton.mileage.ExportActivity}
06-05 15:48:05.063 I/WindowManager( 1630): Destroying surface Surface(name=com.evancharlton.mileage/com.evancharlton.mileage.ExportActivity) called by com.android.server.wm.WindowStateAnimator.destroySurface:2016 com.android.server.wm.WindowStateAnimator.destroySurfaceLocked:882 com.android.server.wm.WindowState.removeLocked:1456 com.android.server.wm.WindowManagerService.removeWindowInnerLocked:2484 com.android.server.wm.WindowManagerService.removeWindowLocked:2442 com.android.server.wm.WindowState$DeathRecipient.binderDied:1787 android.os.BinderProxy.sendDeathNotice:688 <bottom of call stack> 
06-05 15:48:05.076 D/EGL_emulation( 1712): eglMakeCurrent: 0xb4085540: ver 2 0 (tinfo 0xb4083740)
06-05 15:48:05.082 D/EGL_emulation( 1712): eglMakeCurrent: 0xb4085540: ver 2 0 (tinfo 0xb4083740)
06-05 15:48:05.093 D/EGL_emulation( 1712): eglMakeCurrent: 0xb4085540: ver 2 0 (tinfo 0xb4083740)
06-05 15:48:05.096 D/EGL_emulation( 1712): eglMakeCurrent: 0xb4085540: ver 2 0 (tinfo 0xb4083740)
06-05 15:48:05.110 D/EGL_emulation( 1712): eglMakeCurrent: 0xb4085540: ver 2 0 (tinfo 0xb4083740)
06-05 15:48:05.114 D/EGL_emulation( 1712): eglMakeCurrent: 0xb4085540: ver 2 0 (tinfo 0xb4083740)
06-05 15:48:05.126 D/EGL_emulation( 1712): eglMakeCurrent: 0xb4085540: ver 2 0 (tinfo 0xb4083740)
06-05 15:48:05.128 D/EGL_emulation( 1712): eglMakeCurrent: 0xb4085540: ver 2 0 (tinfo 0xb4083740)
06-05 15:48:05.138 I/System.out(15382): URI: //ping
06-05 15:48:05.138 I/System.out(15382): params: {json={}
06-05 15:48:05.138 I/System.out(15382): }
06-05 15:48:05.140 I/System.out(15382): URI: //ping
06-05 15:48:05.140 I/System.out(15382): params: {json={}
06-05 15:48:05.140 I/System.out(15382): }
06-05 15:48:05.142 I/System.out(15382): URI: //ready
06-05 15:48:05.142 I/System.out(15382): params: {json={}
06-05 15:48:05.142 I/System.out(15382): }
06-05 15:48:05.143 D/EGL_emulation( 1712): eglMakeCurrent: 0xb4085540: ver 2 0 (tinfo 0xb4083740)
06-05 15:48:05.143 I/System.out(15382): URI: //
06-05 15:48:05.143 I/System.out(15382): params: {json={"command":"version","arguments":[]}
06-05 15:48:05.143 I/System.out(15382): }
06-05 15:48:05.143 I/System.out(15382): header: {content-type=application/json;charset=utf-8, date=Fri, 05 Jun 2020 20:48:05 GMT, accept=*/*, host=127.0.0.1:34784, content-length=36, user-agent=HTTPClient/1.0 (2.8.3, ruby 2.5.1 (2018-03-29))}
06-05 15:48:05.143 I/System.out(15382): params: {json={"command":"version","arguments":[]}
06-05 15:48:05.143 I/System.out(15382): }
06-05 15:48:05.143 I/System.out(15382): ProP json = {"command":"version","arguments":[]}
06-05 15:48:05.143 I/System.out(15382): files: {}
06-05 15:48:05.143 I/System.out(15382): command: {"command":"version","arguments":[]}
06-05 15:48:05.145 D/EGL_emulation( 1712): eglMakeCurrent: 0xb4085540: ver 2 0 (tinfo 0xb4083740)
06-05 15:48:05.147 I/InstrumentationBackend(15382): Got command:'Command:'Line:null,version', arguments:'[]'
06-05 15:48:05.152 I/System.out(15382): result:{"bonusInformation":[],"message":"0.9.8","success":true}
06-05 15:48:05.154 I/System.out(15382): URI: //start-application
06-05 15:48:05.154 I/System.out(15382): params: {json={"intent":null}
06-05 15:48:05.154 I/System.out(15382): }
06-05 15:48:05.159 I/WindowManager( 1630): Destroying surface Surface(name=InputMethod) called by com.android.server.wm.WindowStateAnimator.destroySurface:2016 com.android.server.wm.WindowStateAnimator.destroySurfaceLocked:882 com.android.server.wm.WindowState.destroyOrSaveSurface:2100 com.android.server.wm.WindowSurfacePlacer.performSurfacePlacementInner:429 com.android.server.wm.WindowSurfacePlacer.performSurfacePlacementLoop:232 com.android.server.wm.WindowSurfacePlacer.performSurfacePlacement:180 com.android.server.wm.WindowManagerService$H.handleMessage:8086 android.os.Handler.dispatchMessage:102 
06-05 15:48:05.159 D/EGL_emulation( 1712): eglMakeCurrent: 0xb4085540: ver 2 0 (tinfo 0xb4083740)
06-05 15:48:05.161 D/EGL_emulation( 1712): eglMakeCurrent: 0xb4085540: ver 2 0 (tinfo 0xb4083740)
06-05 15:48:05.164 I/ActivityManager( 1630): START u0 {act=android.intent.action.MAIN cat=[android.intent.category.LAUNCHER] flg=0x10200000 cmp=com.evancharlton.mileage/.Mileage} from uid 10086 on display 0
06-05 15:48:05.167 I/calabash(15382): newActivity1
06-05 15:48:05.176 I/calabash(15382): newActivity1
06-05 15:48:05.177 W/ActivityManager( 1630): Bad activity token: android.os.BinderProxy@c4cd7f7
06-05 15:48:05.177 W/ActivityManager( 1630): java.lang.ClassCastException: android.os.BinderProxy cannot be cast to com.android.server.am.ActivityRecord$Token
06-05 15:48:05.177 W/ActivityManager( 1630): 	at com.android.server.am.ActivityRecord.forTokenLocked(ActivityRecord.java:586)
06-05 15:48:05.177 W/ActivityManager( 1630): 	at com.android.server.am.ActivityRecord.isInStackLocked(ActivityRecord.java:1327)
06-05 15:48:05.177 W/ActivityManager( 1630): 	at com.android.server.am.ActivityRecord.getStackLocked(ActivityRecord.java:1332)
06-05 15:48:05.177 W/ActivityManager( 1630): 	at com.android.server.am.ActivityManagerService.getActivityDisplayId(ActivityManagerService.java:9806)
06-05 15:48:05.177 W/ActivityManager( 1630): 	at android.app.ActivityManagerNative.onTransact(ActivityManagerNative.java:2566)
06-05 15:48:05.177 W/ActivityManager( 1630): 	at com.android.server.am.ActivityManagerService.onTransact(ActivityManagerService.java:2757)
06-05 15:48:05.177 W/ActivityManager( 1630): 	at android.os.Binder.execTransact(Binder.java:565)
06-05 15:48:05.177 D/EGL_emulation( 1712): eglMakeCurrent: 0xb4085540: ver 2 0 (tinfo 0xb4083740)
06-05 15:48:05.179 W/ActivityManager( 1630): Bad activity token: android.os.BinderProxy@c4cd7f7
06-05 15:48:05.179 W/ActivityManager( 1630): java.lang.ClassCastException: android.os.BinderProxy cannot be cast to com.android.server.am.ActivityRecord$Token
06-05 15:48:05.179 W/ActivityManager( 1630): 	at com.android.server.am.ActivityRecord.forTokenLocked(ActivityRecord.java:586)
06-05 15:48:05.179 W/ActivityManager( 1630): 	at com.android.server.am.ActivityRecord.isInStackLocked(ActivityRecord.java:1327)
06-05 15:48:05.179 W/ActivityManager( 1630): 	at com.android.server.am.ActivityManagerService.setTaskDescription(ActivityManagerService.java:9358)
06-05 15:48:05.179 W/ActivityManager( 1630): 	at android.app.ActivityManagerNative.onTransact(ActivityManagerNative.java:2639)
06-05 15:48:05.179 W/ActivityManager( 1630): 	at com.android.server.am.ActivityManagerService.onTransact(ActivityManagerService.java:2757)
06-05 15:48:05.179 W/ActivityManager( 1630): 	at android.os.Binder.execTransact(Binder.java:565)
06-05 15:48:05.179 W/ActivityManager( 1630): Bad activity token: android.os.BinderProxy@c4cd7f7
06-05 15:48:05.179 W/ActivityManager( 1630): java.lang.ClassCastException: android.os.BinderProxy cannot be cast to com.android.server.am.ActivityRecord$Token
06-05 15:48:05.179 W/ActivityManager( 1630): 	at com.android.server.am.ActivityRecord.forTokenLocked(ActivityRecord.java:586)
06-05 15:48:05.179 W/ActivityManager( 1630): 	at com.android.server.am.ActivityRecord.isInStackLocked(ActivityRecord.java:1327)
06-05 15:48:05.179 W/ActivityManager( 1630): 	at com.android.server.am.ActivityRecord.getStackLocked(ActivityRecord.java:1332)
06-05 15:48:05.179 W/ActivityManager( 1630): 	at com.android.server.am.ActivityManagerService.getActivityStackId(ActivityManagerService.java:9817)
06-05 15:48:05.179 W/ActivityManager( 1630): 	at android.app.ActivityManagerNative.onTransact(ActivityManagerNative.java:2856)
06-05 15:48:05.179 W/ActivityManager( 1630): 	at com.android.server.am.ActivityManagerService.onTransact(ActivityManagerService.java:2757)
06-05 15:48:05.179 W/ActivityManager( 1630): 	at android.os.Binder.execTransact(Binder.java:565)
06-05 15:48:05.193 D/EGL_emulation( 1712): eglMakeCurrent: 0xb4085540: ver 2 0 (tinfo 0xb4083740)
06-05 15:48:05.194 D/gralloc_ranchu( 1346): gralloc_alloc: Creating ashmem region of size 9023488
06-05 15:48:05.197 W/ActivityManager( 1630): Bad activity token: android.os.BinderProxy@c4cd7f7
06-05 15:48:05.197 W/ActivityManager( 1630): java.lang.ClassCastException: android.os.BinderProxy cannot be cast to com.android.server.am.ActivityRecord$Token
06-05 15:48:05.197 W/ActivityManager( 1630): 	at com.android.server.am.ActivityRecord.forTokenLocked(ActivityRecord.java:586)
06-05 15:48:05.197 W/ActivityManager( 1630): 	at com.android.server.am.ActivityRecord.isInStackLocked(ActivityRecord.java:1327)
06-05 15:48:05.197 W/ActivityManager( 1630): 	at com.android.server.am.ActivityManagerService.getActivityOptions(ActivityManagerService.java:12559)
06-05 15:48:05.197 W/ActivityManager( 1630): 	at android.app.ActivityManagerNative.onTransact(ActivityManagerNative.java:1933)
06-05 15:48:05.197 W/ActivityManager( 1630): 	at com.android.server.am.ActivityManagerService.onTransact(ActivityManagerService.java:2757)
06-05 15:48:05.197 W/ActivityManager( 1630): 	at android.os.Binder.execTransact(Binder.java:565)
06-05 15:48:05.197 W/ActivityManager( 1630): Bad activity token: android.os.BinderProxy@c4cd7f7
06-05 15:48:05.197 W/ActivityManager( 1630): java.lang.ClassCastException: android.os.BinderProxy cannot be cast to com.android.server.am.ActivityRecord$Token
06-05 15:48:05.197 W/ActivityManager( 1630): 	at com.android.server.am.ActivityRecord.forTokenLocked(ActivityRecord.java:586)
06-05 15:48:05.197 W/ActivityManager( 1630): 	at com.android.server.am.ActivityRecord.isInStackLocked(ActivityRecord.java:1327)
06-05 15:48:05.197 W/ActivityManager( 1630): 	at com.android.server.am.ActivityManagerService.getActivityOptions(ActivityManagerService.java:12559)
06-05 15:48:05.197 W/ActivityManager( 1630): 	at android.app.ActivityManagerNative.onTransact(ActivityManagerNative.java:1933)
06-05 15:48:05.197 W/ActivityManager( 1630): 	at com.android.server.am.ActivityManagerService.onTransact(ActivityManagerService.java:2757)
06-05 15:48:05.197 W/ActivityManager( 1630): 	at android.os.Binder.execTransact(Binder.java:565)
06-05 15:48:05.198 D/EGL_emulation( 1712): eglMakeCurrent: 0xb4085540: ver 2 0 (tinfo 0xb4083740)
06-05 15:48:05.210 D/EGL_emulation( 1712): eglMakeCurrent: 0xb4085540: ver 2 0 (tinfo 0xb4083740)
06-05 15:48:05.212 D/EGL_emulation( 1712): eglMakeCurrent: 0xb4085540: ver 2 0 (tinfo 0xb4083740)
06-05 15:48:05.226 D/EGL_emulation( 1712): eglMakeCurrent: 0xb4085540: ver 2 0 (tinfo 0xb4083740)
06-05 15:48:05.227 D/EGL_emulation( 1712): eglMakeCurrent: 0xb4085540: ver 2 0 (tinfo 0xb4083740)
06-05 15:48:05.228 V/PhoneStatusBar( 1712): setLightsOn(true)
06-05 15:48:05.229 D/gralloc_ranchu( 1346): gralloc_alloc: Creating ashmem region of size 9023488
06-05 15:48:05.233 D/        (15382): HostConnection::get() New Host Connection established 0xa7c134c0, tid 15382
06-05 15:48:05.262 D/EGL_emulation( 1712): eglMakeCurrent: 0xb4085540: ver 2 0 (tinfo 0xb4083740)
06-05 15:48:05.262 D/EGL_emulation( 2099): eglMakeCurrent: 0xb4085240: ver 2 0 (tinfo 0xb40832d0)
06-05 15:48:05.265 D/EGL_emulation( 1712): eglMakeCurrent: 0xb4085540: ver 2 0 (tinfo 0xb4083740)
06-05 15:48:05.266 V/PhoneStatusBar( 1712): setLightsOn(true)
06-05 15:48:05.276 D/EGL_emulation( 1712): eglMakeCurrent: 0xb4085540: ver 2 0 (tinfo 0xb4083740)
06-05 15:48:05.277 I/ActivityManager( 1630): Displayed com.evancharlton.mileage/.Mileage: +111ms
06-05 15:48:05.278 D/EGL_emulation( 1712): eglMakeCurrent: 0xb4085540: ver 2 0 (tinfo 0xb4083740)
06-05 15:48:05.293 D/gralloc_ranchu( 1346): gralloc_alloc: Creating ashmem region of size 9023488
06-05 15:48:05.301 D/EGL_emulation( 1712): eglMakeCurrent: 0xb4085540: ver 2 0 (tinfo 0xb4083740)
06-05 15:48:05.313 D/EGL_emulation( 1712): eglMakeCurrent: 0xb4085540: ver 2 0 (tinfo 0xb4083740)
06-05 15:48:05.323 D/EGL_emulation( 1712): eglMakeCurrent: 0xb4085540: ver 2 0 (tinfo 0xb4083740)
06-05 15:48:05.324 V/PhoneStatusBar( 1712): setLightsOn(true)
06-05 15:48:05.325 D/EGL_emulation( 1712): eglMakeCurrent: 0xb4085540: ver 2 0 (tinfo 0xb4083740)
06-05 15:48:05.327 D/EGL_emulation( 1712): eglMakeCurrent: 0xb4085540: ver 2 0 (tinfo 0xb4083740)
06-05 15:48:05.329 D/EGL_emulation( 1712): eglMakeCurrent: 0xb4085540: ver 2 0 (tinfo 0xb4083740)
06-05 15:48:05.343 D/EGL_emulation( 1712): eglMakeCurrent: 0xb4085540: ver 2 0 (tinfo 0xb4083740)
06-05 15:48:05.344 D/EGL_emulation( 1712): eglMakeCurrent: 0xb4085540: ver 2 0 (tinfo 0xb4083740)
06-05 15:48:05.360 D/EGL_emulation( 1712): eglMakeCurrent: 0xb4085540: ver 2 0 (tinfo 0xb4083740)
06-05 15:48:05.361 D/EGL_emulation( 1712): eglMakeCurrent: 0xb4085540: ver 2 0 (tinfo 0xb4083740)
06-05 15:48:05.376 D/EGL_emulation( 1712): eglMakeCurrent: 0xb4085540: ver 2 0 (tinfo 0xb4083740)
06-05 15:48:05.378 D/EGL_emulation( 1712): eglMakeCurrent: 0xb4085540: ver 2 0 (tinfo 0xb4083740)
06-05 15:48:05.393 D/EGL_emulation( 1712): eglMakeCurrent: 0xb4085540: ver 2 0 (tinfo 0xb4083740)
06-05 15:48:05.394 D/EGL_emulation( 1712): eglMakeCurrent: 0xb4085540: ver 2 0 (tinfo 0xb4083740)
06-05 15:48:05.410 D/EGL_emulation( 1712): eglMakeCurrent: 0xb4085540: ver 2 0 (tinfo 0xb4083740)
06-05 15:48:05.411 D/EGL_emulation( 1712): eglMakeCurrent: 0xb4085540: ver 2 0 (tinfo 0xb4083740)
06-05 15:48:05.426 D/EGL_emulation( 1712): eglMakeCurrent: 0xb4085540: ver 2 0 (tinfo 0xb4083740)
06-05 15:48:05.428 D/EGL_emulation( 1712): eglMakeCurrent: 0xb4085540: ver 2 0 (tinfo 0xb4083740)
06-05 15:48:05.443 D/EGL_emulation( 1712): eglMakeCurrent: 0xb4085540: ver 2 0 (tinfo 0xb4083740)
06-05 15:48:05.444 D/EGL_emulation( 1712): eglMakeCurrent: 0xb4085540: ver 2 0 (tinfo 0xb4083740)
06-05 15:48:05.461 D/EGL_emulation( 1712): eglMakeCurrent: 0xb4085540: ver 2 0 (tinfo 0xb4083740)
06-05 15:48:05.466 D/EGL_emulation( 1712): eglMakeCurrent: 0xb4085540: ver 2 0 (tinfo 0xb4083740)
06-05 15:48:05.476 I/WindowManager( 1630): Destroying surface Surface(name=Starting com.evancharlton.mileage) called by com.android.server.wm.WindowStateAnimator.destroySurface:2016 com.android.server.wm.WindowStateAnimator.destroySurfaceLocked:882 com.android.server.wm.WindowState.destroyOrSaveSurface:2100 com.android.server.wm.AppWindowToken.destroySurfaces:363 com.android.server.wm.WindowStateAnimator.finishExit:565 com.android.server.wm.WindowStateAnimator.stepAnimationLocked:491 com.android.server.wm.WindowAnimator.updateWindowsLocked:303 com.android.server.wm.WindowAnimator.animateLocked:704 
06-05 15:48:05.477 D/EGL_emulation( 1712): eglMakeCurrent: 0xb4085540: ver 2 0 (tinfo 0xb4083740)
06-05 15:48:05.485 D/EGL_emulation( 1712): eglMakeCurrent: 0xb4085540: ver 2 0 (tinfo 0xb4083740)
06-05 15:48:05.486 V/PhoneStatusBar( 1712): setLightsOn(true)
06-05 15:48:05.678 V/PhoneStatusBar( 1712): setLightsOn(true)
06-05 15:48:05.978 V/PhoneStatusBar( 1712): setLightsOn(true)
06-05 15:48:05.980 V/PhoneStatusBar( 1712): setLightsOn(true)
06-05 15:48:05.982 W/OpenGLRenderer( 2099): Incorrectly called buildLayer on View: ShortcutAndWidgetContainer, destroying layer...
06-05 15:48:05.994 V/PhoneStatusBar( 1712): setLightsOn(true)
06-05 15:48:05.995 I/WindowManager( 1630): Destroying surface Surface(name=com.android.launcher3/com.android.launcher3.Launcher) called by com.android.server.wm.WindowStateAnimator.destroySurface:2016 com.android.server.wm.WindowStateAnimator.destroySurfaceLocked:882 com.android.server.wm.WindowState.destroyOrSaveSurface:2100 com.android.server.wm.AppWindowToken.destroySurfaces:363 com.android.server.wm.AppWindowToken.notifyAppStopped:389 com.android.server.wm.WindowManagerService.notifyAppStopped:4463 com.android.server.am.ActivityStack.activityStoppedLocked:1252 com.android.server.am.ActivityManagerService.activityStopped:6903 
06-05 15:48:06.349 I/System.out(15382): URI: //
06-05 15:48:06.349 I/System.out(15382): params: {json={"command":"press_key","arguments":["KEYCODE_MENU"]}
06-05 15:48:06.349 I/System.out(15382): }
06-05 15:48:06.349 I/System.out(15382): header: {content-type=application/json;charset=utf-8, date=Fri, 05 Jun 2020 20:48:06 GMT, accept=*/*, host=127.0.0.1:34784, content-length=52, user-agent=HTTPClient/1.0 (2.8.3, ruby 2.5.1 (2018-03-29))}
06-05 15:48:06.350 I/System.out(15382): params: {json={"command":"press_key","arguments":["KEYCODE_MENU"]}
06-05 15:48:06.350 I/System.out(15382): }
06-05 15:48:06.350 I/System.out(15382): ProP json = {"command":"press_key","arguments":["KEYCODE_MENU"]}
06-05 15:48:06.350 I/System.out(15382): files: {}
06-05 15:48:06.350 I/System.out(15382): command: {"command":"press_key","arguments":["KEYCODE_MENU"]}
06-05 15:48:06.351 I/InstrumentationBackend(15382): Got command:'Command:'Line:null,press_key', arguments:'[KEYCODE_MENU]'
06-05 15:48:06.361 V/PhoneStatusBar( 1712): setLightsOn(true)
06-05 15:48:06.367 I/System.out(15382): result:{"bonusInformation":[],"message":"","success":true}
06-05 15:48:06.370 I/System.out(15382): URI: //map
06-05 15:48:06.370 I/System.out(15382): params: {json={"query":"* marked:'Settings'","operation":{"method_name":"query","arguments":[]}}
06-05 15:48:06.370 I/System.out(15382): }
06-05 15:48:06.378 V/PhoneStatusBar( 1712): setLightsOn(true)
06-05 15:48:06.393 V/PhoneStatusBar( 1712): setLightsOn(true)
06-05 15:48:06.410 V/PhoneStatusBar( 1712): setLightsOn(true)
06-05 15:48:06.411 D/gralloc_ranchu( 1346): gralloc_alloc: Creating ashmem region of size 1720320
06-05 15:48:06.423 V/PhoneStatusBar( 1712): setLightsOn(true)
06-05 15:48:06.423 V/PhoneStatusBar( 1712): setLightsOn(true)
06-05 15:48:06.426 V/PhoneStatusBar( 1712): setLightsOn(true)
06-05 15:48:06.429 W/ResourceType(15382): No package identifier when getting name for resource number 0x00000001
06-05 15:48:06.443 I/System.out(15382): URI: //gesture
06-05 15:48:06.443 I/System.out(15382): params: {json={"query_timeout":5.0,"gestures":[{"query_string":"* marked:'Settings'","touches":[{"x":50,"y":50,"offset_x":0,"offset_y":0,"wait":0.0,"time":0.2,"release":true,"query_string":null}]}]}
06-05 15:48:06.443 I/System.out(15382): }
06-05 15:48:06.511 D/gralloc_ranchu( 1346): gralloc_alloc: Creating ashmem region of size 9023488
06-05 15:48:06.563 W/ResourceType(15382): No package identifier when getting name for resource number 0x00000001
06-05 15:48:06.660 V/PhoneStatusBar( 1712): setLightsOn(true)
06-05 15:48:06.756 D/gralloc_ranchu( 1346): gralloc_alloc: Creating ashmem region of size 1720320
06-05 15:48:06.827 I/ActivityManager( 1630): START u0 {cmp=com.evancharlton.mileage/.SettingsActivity} from uid 10086 on display 0
06-05 15:48:06.828 V/PhoneStatusBar( 1712): setLightsOn(true)
06-05 15:48:06.829 V/PhoneStatusBar( 1712): setLightsOn(true)
06-05 15:48:06.832 I/WindowManager( 1630): Destroying surface Surface(name=AtchDlg:com.evancharlton.mileage/com.evancharlton.mileage.FillupActivity) called by com.android.server.wm.WindowStateAnimator.destroySurface:2016 com.android.server.wm.WindowStateAnimator.destroySurfaceLocked:882 com.android.server.wm.WindowState.removeLocked:1456 com.android.server.wm.WindowManagerService.removeWindowInnerLocked:2484 com.android.server.wm.WindowManagerService.removeWindowLocked:2442 com.android.server.wm.WindowManagerService.removeWindowLocked:2311 com.android.server.wm.WindowManagerService.removeWindow:2306 com.android.server.wm.Session.remove:202 
06-05 15:48:06.833 I/calabash(15382): newActivity1
06-05 15:48:06.839 I/System.out(15382): URI: //map
06-05 15:48:06.839 I/System.out(15382): params: {json={"query":"* {text CONTAINS[c] 'Settings'}","operation":{"method_name":"query","arguments":[]}}
06-05 15:48:06.839 I/System.out(15382): }
06-05 15:48:06.859 V/PhoneStatusBar( 1712): setLightsOn(true)
06-05 15:48:06.868 D/gralloc_ranchu( 1346): gralloc_alloc: Creating ashmem region of size 9023488
06-05 15:48:06.876 V/PhoneStatusBar( 1712): setLightsOn(true)
06-05 15:48:06.892 V/PhoneStatusBar( 1712): setLightsOn(true)
06-05 15:48:06.897 D/gralloc_ranchu( 1346): gralloc_alloc: Creating ashmem region of size 9023488
06-05 15:48:06.909 I/ActivityManager( 1630): Displayed com.evancharlton.mileage/.SettingsActivity: +78ms
06-05 15:48:06.909 V/PhoneStatusBar( 1712): setLightsOn(true)
06-05 15:48:06.926 V/PhoneStatusBar( 1712): setLightsOn(true)
06-05 15:48:06.936 D/gralloc_ranchu( 1346): gralloc_alloc: Creating ashmem region of size 9023488
06-05 15:48:06.945 V/PhoneStatusBar( 1712): setLightsOn(true)
06-05 15:48:07.126 V/PhoneStatusBar( 1712): setLightsOn(true)
06-05 15:48:07.204 I/System.out(15382): URI: //map
06-05 15:48:07.204 I/System.out(15382): params: {json={"query":"* {text CONTAINS[c] 'Settings'}","operation":{"method_name":"query","arguments":[]}}
06-05 15:48:07.204 I/System.out(15382): }
06-05 15:48:07.213 I/art     (15382): Do partial code cache collection, code=29KB, data=29KB
06-05 15:48:07.214 I/art     (15382): After code cache collection, code=26KB, data=28KB
06-05 15:48:07.214 I/art     (15382): Increasing code cache capacity to 128KB
06-05 15:48:07.230 I/System.out(15382): URI: //map
06-05 15:48:07.230 I/System.out(15382): params: {json={"query":"* {text CONTAINS[c] 'Store location'}","operation":{"method_name":"query","arguments":[]}}
06-05 15:48:07.230 I/System.out(15382): }
06-05 15:48:07.243 V/PhoneStatusBar( 1712): setLightsOn(true)
06-05 15:48:07.243 V/PhoneStatusBar( 1712): setLightsOn(true)
06-05 15:48:07.246 I/System.out(15382): URI: //map
06-05 15:48:07.246 I/System.out(15382): params: {json={"query":"* {text CONTAINS[c] 'Your location for fillups will be stored privately'}","operation":{"method_name":"query","arguments":[]}}
06-05 15:48:07.246 I/System.out(15382): }
06-05 15:48:07.259 V/PhoneStatusBar( 1712): setLightsOn(true)
06-05 15:48:07.260 I/WindowManager( 1630): Destroying surface Surface(name=com.evancharlton.mileage/com.evancharlton.mileage.Mileage) called by com.android.server.wm.WindowStateAnimator.destroySurface:2016 com.android.server.wm.WindowStateAnimator.destroySurfaceLocked:882 com.android.server.wm.WindowState.destroyOrSaveSurface:2100 com.android.server.wm.WindowManagerService.tryStartExitingAnimation:3024 com.android.server.wm.WindowManagerService.relayoutWindow:2904 com.android.server.wm.Session.relayout:224 android.view.IWindowSession$Stub.onTransact:286 com.android.server.wm.Session.onTransact:145 
06-05 15:48:07.260 V/PhoneStatusBar( 1712): setLightsOn(true)
06-05 15:48:07.272 I/System.out(15382): URI: //map
06-05 15:48:07.272 I/System.out(15382): params: {json={"query":"* marked:'Fillup options'","operation":{"method_name":"query","arguments":[]}}
06-05 15:48:07.272 I/System.out(15382): }
06-05 15:48:07.279 W/ResourceType(15382): No package identifier when getting name for resource number 0x00000001
06-05 15:48:07.287 I/System.out(15382): URI: //gesture
06-05 15:48:07.287 I/System.out(15382): params: {json={"query_timeout":5.0,"gestures":[{"query_string":"* marked:'Fillup options'","touches":[{"x":50,"y":50,"offset_x":0,"offset_y":0,"wait":0.0,"time":0.2,"release":true,"query_string":null}]}]}
06-05 15:48:07.287 I/System.out(15382): }
06-05 15:48:07.291 W/ResourceType(15382): No package identifier when getting name for resource number 0x00000001
06-05 15:48:07.534 V/PhoneStatusBar( 1712): setLightsOn(true)
06-05 15:48:07.542 I/System.out(15382): URI: //map
06-05 15:48:07.542 I/System.out(15382): params: {json={"query":"* {text CONTAINS[c] 'Unit price, volume'}","operation":{"method_name":"query","arguments":[]}}
06-05 15:48:07.542 I/System.out(15382): }
06-05 15:48:07.582 V/PhoneStatusBar( 1712): setLightsOn(true)
06-05 15:48:07.593 V/PhoneStatusBar( 1712): setLightsOn(true)
06-05 15:48:07.596 D/gralloc_ranchu( 1346): gralloc_alloc: Creating ashmem region of size 3637248
06-05 15:48:07.612 V/PhoneStatusBar( 1712): setLightsOn(true)
06-05 15:48:07.613 V/PhoneStatusBar( 1712): setLightsOn(true)
06-05 15:48:07.614 D/gralloc_ranchu( 1346): gralloc_alloc: Creating ashmem region of size 3637248
06-05 15:48:07.626 V/PhoneStatusBar( 1712): setLightsOn(true)
06-05 15:48:07.876 V/PhoneStatusBar( 1712): setLightsOn(true)
06-05 15:48:07.922 I/System.out(15382): URI: //map
06-05 15:48:07.922 I/System.out(15382): params: {json={"query":"* {text CONTAINS[c] 'Unit price, volume'}","operation":{"method_name":"query","arguments":[]}}
06-05 15:48:07.922 I/System.out(15382): }
06-05 15:48:07.941 I/System.out(15382): URI: //map
06-05 15:48:07.941 I/System.out(15382): params: {json={"query":"* {text CONTAINS[c] 'Total cost, volume'}","operation":{"method_name":"query","arguments":[]}}
06-05 15:48:07.941 I/System.out(15382): }
06-05 15:48:07.958 I/System.out(15382): URI: //map
06-05 15:48:07.958 I/System.out(15382): params: {json={"query":"* {text CONTAINS[c] 'Total cost, unit price'}","operation":{"method_name":"query","arguments":[]}}
06-05 15:48:07.958 I/System.out(15382): }
06-05 15:48:07.976 I/System.out(15382): URI: //map
06-05 15:48:07.976 I/System.out(15382): params: {json={"query":"* marked:'Cancel'","operation":{"method_name":"query","arguments":[]}}
06-05 15:48:07.976 I/System.out(15382): }
06-05 15:48:07.984 W/ResourceType(15382): No package identifier when getting name for resource number 0x00000001
06-05 15:48:07.993 I/System.out(15382): URI: //gesture
06-05 15:48:07.993 I/System.out(15382): params: {json={"query_timeout":5.0,"gestures":[{"query_string":"* marked:'Cancel'","touches":[{"x":50,"y":50,"offset_x":0,"offset_y":0,"wait":0.0,"time":0.2,"release":true,"query_string":null}]}]}
06-05 15:48:07.993 I/System.out(15382): }
06-05 15:48:08.000 W/ResourceType(15382): No package identifier when getting name for resource number 0x00000001
06-05 15:48:08.228 V/PhoneStatusBar( 1712): setLightsOn(true)
06-05 15:48:08.229 V/PhoneStatusBar( 1712): setLightsOn(true)
06-05 15:48:08.234 I/System.out(15382): URI: //map
06-05 15:48:08.235 I/System.out(15382): params: {json={"query":"* {text CONTAINS[c] 'Choose the most convenient way to enter data'}","operation":{"method_name":"query","arguments":[]}}
06-05 15:48:08.235 I/System.out(15382): }
06-05 15:48:08.238 I/art     (15382): Do partial code cache collection, code=60KB, data=62KB
06-05 15:48:08.238 I/art     (15382): After code cache collection, code=60KB, data=62KB
06-05 15:48:08.238 I/art     (15382): Increasing code cache capacity to 256KB
06-05 15:48:08.244 W/InputMethodManagerService( 1630): Window already focused, ignoring focus gain of: com.android.internal.view.IInputMethodClient$Stub$Proxy@a3c4073 attribute=null, token = android.os.BinderProxy@80951df
06-05 15:48:08.320 I/System.out(15382): URI: //map
06-05 15:48:08.320 I/System.out(15382): params: {json={"query":"* {text CONTAINS[c] 'Perform backups'}","operation":{"method_name":"query","arguments":[]}}
06-05 15:48:08.320 I/System.out(15382): }
06-05 15:48:08.335 I/System.out(15382): URI: //map
06-05 15:48:08.335 I/System.out(15382): params: {json={"query":"* {text CONTAINS[c] 'Your data will be automatically copied to external storage'}","operation":{"method_name":"query","arguments":[]}}
06-05 15:48:08.335 I/System.out(15382): }
06-05 15:48:08.359 I/System.out(15382): URI: //map
06-05 15:48:08.359 I/System.out(15382): params: {json={"query":"* marked:'Change units'","operation":{"method_name":"query","arguments":[]}}
06-05 15:48:08.359 I/System.out(15382): }
06-05 15:48:08.365 W/ResourceType(15382): No package identifier when getting name for resource number 0x00000001
06-05 15:48:08.374 I/System.out(15382): URI: //gesture
06-05 15:48:08.374 I/System.out(15382): params: {json={"query_timeout":5.0,"gestures":[{"query_string":"* marked:'Change units'","touches":[{"x":50,"y":50,"offset_x":0,"offset_y":0,"wait":0.0,"time":0.2,"release":true,"query_string":null}]}]}
06-05 15:48:08.374 I/System.out(15382): }
06-05 15:48:08.380 W/ResourceType(15382): No package identifier when getting name for resource number 0x00000001
06-05 15:48:08.509 I/WindowManager( 1630): Destroying surface Surface(name=com.evancharlton.mileage/com.evancharlton.mileage.SettingsActivity) called by com.android.server.wm.WindowStateAnimator.destroySurface:2016 com.android.server.wm.WindowStateAnimator.destroySurfaceLocked:882 com.android.server.wm.WindowState.destroyOrSaveSurface:2100 com.android.server.wm.AppWindowToken.destroySurfaces:363 com.android.server.wm.WindowStateAnimator.finishExit:565 com.android.server.wm.WindowStateAnimator.stepAnimationLocked:491 com.android.server.wm.WindowAnimator.updateWindowsLocked:303 com.android.server.wm.WindowAnimator.animateLocked:704 
06-05 15:48:08.510 V/PhoneStatusBar( 1712): setLightsOn(true)
06-05 15:48:08.515 V/PhoneStatusBar( 1712): setLightsOn(true)
06-05 15:48:08.613 V/PhoneStatusBar( 1712): setLightsOn(true)
06-05 15:48:08.622 I/System.out(15382): URI: //map
06-05 15:48:08.622 I/System.out(15382): params: {json={"query":"* {text CONTAINS[c] 'Units are stored per-vehicle.'}","operation":{"method_name":"query","arguments":[]}}
06-05 15:48:08.622 I/System.out(15382): }
06-05 15:48:08.668 V/PhoneStatusBar( 1712): setLightsOn(true)
06-05 15:48:08.676 V/PhoneStatusBar( 1712): setLightsOn(true)
06-05 15:48:08.678 D/gralloc_ranchu( 1346): gralloc_alloc: Creating ashmem region of size 3448832
06-05 15:48:08.693 V/PhoneStatusBar( 1712): setLightsOn(true)
06-05 15:48:08.693 V/PhoneStatusBar( 1712): setLightsOn(true)
06-05 15:48:08.705 I/System.out(15382): URI: //map
06-05 15:48:08.705 I/System.out(15382): params: {json={"query":"* marked:'OK'","operation":{"method_name":"query","arguments":[]}}
06-05 15:48:08.705 I/System.out(15382): }
06-05 15:48:08.710 V/PhoneStatusBar( 1712): setLightsOn(true)
06-05 15:48:08.745 W/ResourceType(15382): No package identifier when getting name for resource number 0x00000001
06-05 15:48:08.753 I/System.out(15382): URI: //gesture
06-05 15:48:08.753 I/System.out(15382): params: {json={"query_timeout":5.0,"gestures":[{"query_string":"* marked:'OK'","touches":[{"x":50,"y":50,"offset_x":0,"offset_y":0,"wait":0.0,"time":0.2,"release":true,"query_string":null}]}]}
06-05 15:48:08.753 I/System.out(15382): }
06-05 15:48:08.757 W/ResourceType(15382): No package identifier when getting name for resource number 0x00000001
06-05 15:48:08.776 D/gralloc_ranchu( 1346): gralloc_alloc: Creating ashmem region of size 3448832
06-05 15:48:08.959 V/PhoneStatusBar( 1712): setLightsOn(true)
06-05 15:48:08.978 V/PhoneStatusBar( 1712): setLightsOn(true)
06-05 15:48:08.978 V/PhoneStatusBar( 1712): setLightsOn(true)
06-05 15:48:08.987 I/System.out(15382): URI: //map
06-05 15:48:08.987 I/System.out(15382): params: {json={"query":"* {text CONTAINS[c] 'How to set gallons/litres/km/etc.'}","operation":{"method_name":"query","arguments":[]}}
06-05 15:48:08.987 I/System.out(15382): }
06-05 15:48:08.994 W/InputMethodManagerService( 1630): Window already focused, ignoring focus gain of: com.android.internal.view.IInputMethodClient$Stub$Proxy@b192d2e attribute=null, token = android.os.BinderProxy@80951df
06-05 15:48:09.053 I/System.out(15382): URI: //map
06-05 15:48:09.053 I/System.out(15382): params: {json={"query":"* {text CONTAINS[c] 'Notifications'}","operation":{"method_name":"query","arguments":[]}}
06-05 15:48:09.053 I/System.out(15382): }
06-05 15:48:09.068 I/System.out(15382): URI: //map
06-05 15:48:09.068 I/System.out(15382): params: {json={"query":"* {text CONTAINS[c] 'Enable notifications'}","operation":{"method_name":"query","arguments":[]}}
06-05 15:48:09.068 I/System.out(15382): }
06-05 15:48:09.082 I/System.out(15382): URI: //map
06-05 15:48:09.082 I/System.out(15382): params: {json={"query":"* {text CONTAINS[c] 'Service interval reminders enabled'}","operation":{"method_name":"query","arguments":[]}}
06-05 15:48:09.082 I/System.out(15382): }
06-05 15:48:09.083 I/art     (15382): Compiler allocated 7MB to compile sh.calaba.instrumentationbackend.actions.NanoHTTPD$Response sh.calaba.instrumentationbackend.actions.HttpServer.serve(java.lang.String, java.lang.String, java.util.Properties, java.util.Properties, java.util.Properties)
06-05 15:48:09.095 I/System.out(15382): URI: //map
06-05 15:48:09.095 I/System.out(15382): params: {json={"query":"* {text CONTAINS[c] 'Select ringtone'}","operation":{"method_name":"query","arguments":[]}}
06-05 15:48:09.095 I/System.out(15382): }
06-05 15:48:09.115 I/System.out(15382): URI: //map
06-05 15:48:09.115 I/System.out(15382): params: {json={"query":"* {text CONTAINS[c] 'Blink LED'}","operation":{"method_name":"query","arguments":[]}}
06-05 15:48:09.115 I/System.out(15382): }
06-05 15:48:09.127 I/System.out(15382): URI: //map
06-05 15:48:09.127 I/System.out(15382): params: {json={"query":"* {text CONTAINS[c] 'LED will flash for reminders'}","operation":{"method_name":"query","arguments":[]}}
06-05 15:48:09.127 I/System.out(15382): }
06-05 15:48:09.140 I/System.out(15382): URI: //map
06-05 15:48:09.140 I/System.out(15382): params: {json={"query":"* {text CONTAINS[c] 'Vibrate'}","operation":{"method_name":"query","arguments":[]}}
06-05 15:48:09.140 I/System.out(15382): }
06-05 15:48:09.157 I/System.out(15382): URI: //map
06-05 15:48:09.157 I/System.out(15382): params: {json={"query":"* {text CONTAINS[c] 'Phone will vibrate for reminders'}","operation":{"method_name":"query","arguments":[]}}
06-05 15:48:09.157 I/System.out(15382): }
06-05 15:48:09.174 I/System.out(15382): URI: //map
06-05 15:48:09.174 I/System.out(15382): params: {json={"query":"* {text CONTAINS[c] 'About Mileage 3.1.1'}","operation":{"method_name":"query","arguments":[]}}
06-05 15:48:09.174 I/System.out(15382): }
06-05 15:48:09.190 I/System.out(15382): URI: //map
06-05 15:48:09.190 I/System.out(15382): params: {json={"query":"* marked:'About'","operation":{"method_name":"query","arguments":[]}}
06-05 15:48:09.190 I/System.out(15382): }
06-05 15:48:09.194 W/ResourceType(15382): No package identifier when getting name for resource number 0x00000001
06-05 15:48:09.203 I/System.out(15382): URI: //gesture
06-05 15:48:09.203 I/System.out(15382): params: {json={"query_timeout":5.0,"gestures":[{"query_string":"* marked:'About'","touches":[{"x":50,"y":50,"offset_x":0,"offset_y":0,"wait":0.0,"time":0.2,"release":true,"query_string":null}]}]}
06-05 15:48:09.203 I/System.out(15382): }
06-05 15:48:09.209 W/ResourceType(15382): No package identifier when getting name for resource number 0x00000001
06-05 15:48:09.243 I/WindowManager( 1630): Destroying surface Surface(name=com.evancharlton.mileage/com.evancharlton.mileage.SettingsActivity) called by com.android.server.wm.WindowStateAnimator.destroySurface:2016 com.android.server.wm.WindowStateAnimator.destroySurfaceLocked:882 com.android.server.wm.WindowState.destroyOrSaveSurface:2100 com.android.server.wm.AppWindowToken.destroySurfaces:363 com.android.server.wm.WindowStateAnimator.finishExit:565 com.android.server.wm.WindowStateAnimator.stepAnimationLocked:491 com.android.server.wm.WindowAnimator.updateWindowsLocked:303 com.android.server.wm.WindowAnimator.animateLocked:704 
06-05 15:48:09.243 V/PhoneStatusBar( 1712): setLightsOn(true)
06-05 15:48:09.244 V/PhoneStatusBar( 1712): setLightsOn(true)
06-05 15:48:09.445 I/ActivityManager( 1630): START u0 {cmp=com.evancharlton.mileage/.AboutActivity} from uid 10086 on display 0
06-05 15:48:09.449 V/PhoneStatusBar( 1712): setLightsOn(true)
06-05 15:48:09.451 V/PhoneStatusBar( 1712): setLightsOn(true)
