06-05 18:32:49.344 V/PhoneStatusBar( 1711): setLightsOn(true)
06-05 18:32:49.383 I/WindowManager( 1629): Destroying surface Surface(name=AtchDlg:com.evancharlton.mileage/com.evancharlton.mileage.FieldListActivity) called by com.android.server.wm.WindowStateAnimator.destroySurface:2016 com.android.server.wm.WindowStateAnimator.destroySurfaceLocked:882 com.android.server.wm.WindowState.removeLocked:1456 com.android.server.wm.WindowManagerService.removeWindowInnerLocked:2484 com.android.server.wm.WindowManagerService.removeWindowLocked:2442 com.android.server.wm.WindowManagerService.removeWindowLocked:2311 com.android.server.wm.WindowManagerService.removeWindow:2306 com.android.server.wm.Session.remove:202 
06-05 18:32:49.412 I/calabash( 3486): newActivity1
06-05 18:32:49.453 V/PhoneStatusBar( 1711): setLightsOn(true)
06-05 18:32:49.470 V/PhoneStatusBar( 1711): setLightsOn(true)
06-05 18:32:49.478 D/gralloc_ranchu( 1346): gralloc_alloc: Creating ashmem region of size 9023488
06-05 18:32:49.512 I/ActivityManager( 1629): Displayed com.evancharlton.mileage/.FieldActivity: +134ms
06-05 18:32:49.512 W/InputMethodService( 1696): Window size has been changed. This may cause jankiness of resizing window: -1 -> -2
06-05 18:32:49.517 I/LatinIME( 1696): Starting input. Cursor position = 0,0
06-05 18:32:49.521 V/PhoneStatusBar( 1711): setLightsOn(true)
06-05 18:32:49.521 D/gralloc_ranchu( 1346): gralloc_alloc: Creating ashmem region of size 9023488
06-05 18:32:49.537 V/PhoneStatusBar( 1711): setLightsOn(true)
06-05 18:32:49.587 V/PhoneStatusBar( 1711): setLightsOn(true)
06-05 18:32:49.604 V/PhoneStatusBar( 1711): setLightsOn(true)
06-05 18:32:49.622 D/EGL_emulation( 1696): eglMakeCurrent: 0xb4f85720: ver 2 0 (tinfo 0xb4f83530)
06-05 18:32:49.622 D/EGL_emulation( 1711): eglMakeCurrent: 0xa5b6bd80: ver 2 0 (tinfo 0xb1367140)
06-05 18:32:49.622 V/PhoneStatusBar( 1711): setLightsOn(true)
06-05 18:32:49.638 D/EGL_emulation( 1711): eglMakeCurrent: 0xa5b6bd80: ver 2 0 (tinfo 0xb1367140)
06-05 18:32:49.654 V/PhoneStatusBar( 1711): setLightsOn(true)
06-05 18:32:49.654 I/System.out( 3486): URI: //map
06-05 18:32:49.654 I/System.out( 3486): params: {json={"query":"android.widget.EditText index:0","operation":{"method_name":"query","arguments":[]}}
06-05 18:32:49.654 I/System.out( 3486): }
06-05 18:32:49.669 I/System.out( 3486): URI: //gesture
06-05 18:32:49.669 I/System.out( 3486): params: {json={"query_timeout":5.0,"gestures":[{"query_string":"android.widget.EditText index:0","touches":[{"x":50,"y":50,"offset_x":0,"offset_y":0,"wait":0.0,"time":0.2,"release":true,"query_string":null}]}]}
06-05 18:32:49.669 I/System.out( 3486): }
06-05 18:32:49.686 I/art     ( 3486): Compiler allocated 7MB to compile sh.calaba.instrumentationbackend.actions.NanoHTTPD$Response sh.calaba.instrumentationbackend.actions.HttpServer.serve(java.lang.String, java.lang.String, java.util.Properties, java.util.Properties, java.util.Properties)
06-05 18:32:49.757 V/PhoneStatusBar( 1711): setLightsOn(true)
06-05 18:32:49.857 V/PhoneStatusBar( 1711): setLightsOn(true)
06-05 18:32:49.888 V/PhoneStatusBar( 1711): setLightsOn(true)
06-05 18:32:49.889 V/PhoneStatusBar( 1711): setLightsOn(true)
06-05 18:32:49.904 I/WindowManager( 1629): Destroying surface Surface(name=com.evancharlton.mileage/com.evancharlton.mileage.FieldListActivity) called by com.android.server.wm.WindowStateAnimator.destroySurface:2016 com.android.server.wm.WindowStateAnimator.destroySurfaceLocked:882 com.android.server.wm.WindowState.destroyOrSaveSurface:2100 com.android.server.wm.WindowManagerService.tryStartExitingAnimation:3024 com.android.server.wm.WindowManagerService.relayoutWindow:2904 com.android.server.wm.Session.relayout:224 android.view.IWindowSession$Stub.onTransact:286 com.android.server.wm.Session.onTransact:145 
06-05 18:32:49.904 V/PhoneStatusBar( 1711): setLightsOn(true)
06-05 18:32:49.906 V/PhoneStatusBar( 1711): setLightsOn(true)
06-05 18:32:50.414 I/System.out( 3486): URI: //
06-05 18:32:50.414 I/System.out( 3486): params: {json={"command":"set_selection","arguments":[-1,-1]}
06-05 18:32:50.414 I/System.out( 3486): }
06-05 18:32:50.414 I/System.out( 3486): header: {content-type=application/json;charset=utf-8, date=Fri, 05 Jun 2020 23:32:50 GMT, accept=*/*, host=127.0.0.1:34783, content-length=47, user-agent=HTTPClient/1.0 (2.8.3, ruby 2.5.1 (2018-03-29))}
06-05 18:32:50.415 I/System.out( 3486): params: {json={"command":"set_selection","arguments":[-1,-1]}
06-05 18:32:50.415 I/System.out( 3486): }
06-05 18:32:50.415 I/System.out( 3486): ProP json = {"command":"set_selection","arguments":[-1,-1]}
06-05 18:32:50.415 I/System.out( 3486): files: {}
06-05 18:32:50.415 I/System.out( 3486): command: {"command":"set_selection","arguments":[-1,-1]}
06-05 18:32:50.416 I/InstrumentationBackend( 3486): Got command:'Command:'Line:null,set_selection', arguments:'[-1, -1]'
06-05 18:32:50.420 I/System.out( 3486): result:{"bonusInformation":[],"message":"","success":true}
06-05 18:32:50.437 I/System.out( 3486): URI: //
06-05 18:32:50.437 I/System.out( 3486): params: {json={"command":"keyboard_enter_text","arguments":["Gas station address"]}
06-05 18:32:50.437 I/System.out( 3486): }
06-05 18:32:50.437 I/System.out( 3486): header: {content-type=application/json;charset=utf-8, date=Fri, 05 Jun 2020 23:32:50 GMT, accept=*/*, host=127.0.0.1:34783, content-length=69, user-agent=HTTPClient/1.0 (2.8.3, ruby 2.5.1 (2018-03-29))}
06-05 18:32:50.437 I/System.out( 3486): params: {json={"command":"keyboard_enter_text","arguments":["Gas station address"]}
06-05 18:32:50.437 I/System.out( 3486): }
06-05 18:32:50.437 I/System.out( 3486): ProP json = {"command":"keyboard_enter_text","arguments":["Gas station address"]}
06-05 18:32:50.437 I/System.out( 3486): files: {}
06-05 18:32:50.437 I/System.out( 3486): command: {"command":"keyboard_enter_text","arguments":["Gas station address"]}
06-05 18:32:50.438 I/InstrumentationBackend( 3486): Got command:'Command:'Line:null,keyboard_enter_text', arguments:'[Gas station address]'
06-05 18:32:50.438 E/SpannableStringBuilder( 3486): SPAN_EXCLUSIVE_EXCLUSIVE spans cannot have a zero length
06-05 18:32:50.438 E/SpannableStringBuilder( 3486): SPAN_EXCLUSIVE_EXCLUSIVE spans cannot have a zero length
06-05 18:32:50.443 I/LatinIME:LogUtils( 1696): Dictionary info: dictionary = spellcheck_userunigram.en_US ; version = 1591399970 ; date = ?
06-05 18:32:50.448 I/LatinIME:LogUtils( 1696): Dictionary info: dictionary = main:en ; version = 54 ; date = 1414726273
06-05 18:32:50.449 E/SpannableStringBuilder( 3486): SPAN_EXCLUSIVE_EXCLUSIVE spans cannot have a zero length
06-05 18:32:50.449 E/SpannableStringBuilder( 3486): SPAN_EXCLUSIVE_EXCLUSIVE spans cannot have a zero length
06-05 18:32:50.452 I/System.out( 3486): result:{"bonusInformation":[],"message":"","success":true}
06-05 18:32:50.454 I/System.out( 3486): URI: //
06-05 18:32:50.454 I/System.out( 3486): params: {json={"command":"press_key","arguments":["KEYCODE_BACK"]}
06-05 18:32:50.454 I/System.out( 3486): }
06-05 18:32:50.454 I/System.out( 3486): header: {content-type=application/json;charset=utf-8, date=Fri, 05 Jun 2020 23:32:50 GMT, accept=*/*, host=127.0.0.1:34783, content-length=52, user-agent=HTTPClient/1.0 (2.8.3, ruby 2.5.1 (2018-03-29))}
06-05 18:32:50.454 I/System.out( 3486): params: {json={"command":"press_key","arguments":["KEYCODE_BACK"]}
06-05 18:32:50.454 I/System.out( 3486): }
06-05 18:32:50.454 I/System.out( 3486): ProP json = {"command":"press_key","arguments":["KEYCODE_BACK"]}
06-05 18:32:50.454 I/System.out( 3486): files: {}
06-05 18:32:50.454 I/System.out( 3486): command: {"command":"press_key","arguments":["KEYCODE_BACK"]}
06-05 18:32:50.455 I/InstrumentationBackend( 3486): Got command:'Command:'Line:null,press_key', arguments:'[KEYCODE_BACK]'
06-05 18:32:50.482 W/InputMethodService( 1696): Window size has been changed. This may cause jankiness of resizing window: -1 -> -2
06-05 18:32:50.482 I/System.out( 3486): result:{"bonusInformation":[],"message":"","success":true}
06-05 18:32:50.485 I/System.out( 3486): URI: //map
06-05 18:32:50.485 I/System.out( 3486): params: {json={"query":"* marked:'Add new field'","operation":{"method_name":"query","arguments":[]}}
06-05 18:32:50.485 I/System.out( 3486): }
06-05 18:32:50.487 D/EGL_emulation( 1711): eglMakeCurrent: 0xa5b6bd80: ver 2 0 (tinfo 0xb1367140)
06-05 18:32:50.487 D/EGL_emulation( 1696): eglMakeCurrent: 0xb4f85720: ver 2 0 (tinfo 0xb4f83530)
06-05 18:32:50.489 W/ResourceType( 3486): No package identifier when getting name for resource number 0x00000001
06-05 18:32:50.490 V/PhoneStatusBar( 1711): setLightsOn(true)
06-05 18:32:50.495 V/PhoneStatusBar( 1711): setLightsOn(true)
06-05 18:32:50.497 I/System.out( 3486): URI: //gesture
06-05 18:32:50.497 I/System.out( 3486): params: {json={"query_timeout":5.0,"gestures":[{"query_string":"* marked:'Add new field'","touches":[{"x":50,"y":50,"offset_x":0,"offset_y":0,"wait":0.0,"time":0.2,"release":true,"query_string":null}]}]}
06-05 18:32:50.497 I/System.out( 3486): }
06-05 18:32:50.504 V/PhoneStatusBar( 1711): setLightsOn(true)
06-05 18:32:50.532 W/ResourceType( 3486): No package identifier when getting name for resource number 0x00000001
06-05 18:32:50.676 V/PhoneStatusBar( 1711): setLightsOn(true)
06-05 18:32:50.677 I/WindowManager( 1629): Destroying surface Surface(name=InputMethod) called by com.android.server.wm.WindowStateAnimator.destroySurface:2016 com.android.server.wm.WindowStateAnimator.destroySurfaceLocked:882 com.android.server.wm.WindowState.destroyOrSaveSurface:2100 com.android.server.wm.WindowSurfacePlacer.performSurfacePlacementInner:429 com.android.server.wm.WindowSurfacePlacer.performSurfacePlacementLoop:232 com.android.server.wm.WindowSurfacePlacer.performSurfacePlacement:180 com.android.server.wm.WindowManagerService$H.handleMessage:8086 android.os.Handler.dispatchMessage:102 
06-05 18:32:50.719 D/gralloc_ranchu( 1346): gralloc_alloc: Creating ashmem region of size 9023488
