--------- beginning of main
06-05 18:32:42.887 D/EGL_emulation( 1711): eglMakeCurrent: 0xa5b6bd80: ver 2 0 (tinfo 0xb1367140)
06-05 18:32:42.888 D/EGL_emulation( 1696): eglMakeCurrent: 0xb4f85720: ver 2 0 (tinfo 0xb4f83530)
06-05 18:32:42.904 V/PhoneStatusBar( 1711): setLightsOn(true)
06-05 18:32:42.920 V/PhoneStatusBar( 1711): setLightsOn(true)
--------- beginning of system
06-05 18:32:42.934 W/ActivityManager( 1629): Duplicate finish request for ActivityRecord{54668ec u0 com.evancharlton.mileage/.Mileage t3046 f}
06-05 18:32:42.934 W/ActivityManager( 1629): Duplicate finish request for ActivityRecord{54668ec u0 com.evancharlton.mileage/.Mileage t3046 f}
06-05 18:32:42.934 W/ActivityManager( 1629): Duplicate finish request for ActivityRecord{54668ec u0 com.evancharlton.mileage/.Mileage t3046 f}
06-05 18:32:42.935 W/ActivityManager( 1629): Duplicate finish request for ActivityRecord{b51e9b u0 com.evancharlton.mileage/.FieldListActivity t3046 f}
06-05 18:32:42.937 V/PhoneStatusBar( 1711): setLightsOn(true)
06-05 18:32:42.940 W/ActivityManager( 1629): Finishing task with all activities already finished
06-05 18:32:42.940 W/ActivityManager( 1629): Duplicate finish request for ActivityRecord{b023a05 u0 com.evancharlton.mileage/.FieldActivity t3046 f}
06-05 18:32:42.953 V/PhoneStatusBar( 1711): setLightsOn(true)
06-05 18:32:42.956 D/gralloc_ranchu( 1346): gralloc_alloc: Creating ashmem region of size 3145728
06-05 18:32:42.961 E/EGL_emulation( 1346): tid 1346: eglCreateSyncKHR(1901): error 0x3004 (EGL_BAD_ATTRIBUTE)
06-05 18:32:42.972 I/WindowManager( 1629): Destroying surface Surface(name=com.evancharlton.mileage/com.evancharlton.mileage.FieldListActivity) called by com.android.server.wm.WindowStateAnimator.destroySurface:2016 com.android.server.wm.WindowStateAnimator.destroySurfaceLocked:882 com.android.server.wm.WindowState.destroyOrSaveSurface:2100 com.android.server.wm.AppWindowToken.destroySurfaces:363 com.android.server.wm.WindowStateAnimator.finishExit:565 com.android.server.wm.AppWindowAnimator.stepAnimationLocked:427 com.android.server.wm.WindowAnimator.updateAppWindowsLocked:196 com.android.server.wm.WindowAnimator.animateLocked:678 
06-05 18:32:43.020 W/InputMethodService( 1696): Window size has been changed. This may cause jankiness of resizing window: -1 -> -2
06-05 18:32:43.022 D/EGL_emulation( 2150): eglMakeCurrent: 0xb4f852a0: ver 2 0 (tinfo 0xb4f832e0)
06-05 18:32:43.028 W/IInputConnectionWrapper( 3408): finishComposingText on inactive InputConnection
06-05 18:32:43.028 W/IInputConnectionWrapper( 3408): reportFullscreenMode on inexistent InputConnection
06-05 18:32:43.028 W/IInputConnectionWrapper( 3408): finishComposingText on inactive InputConnection
06-05 18:32:43.039 D/EGL_emulation( 1711): eglMakeCurrent: 0xa5b6bd80: ver 2 0 (tinfo 0xb1367140)
06-05 18:32:43.047 D/AndroidRuntime( 3467): >>>>>> START com.android.internal.os.RuntimeInit uid 2000 <<<<<<
06-05 18:32:43.048 D/EGL_emulation( 1696): eglMakeCurrent: 0xb4f85720: ver 2 0 (tinfo 0xb4f83530)
06-05 18:32:43.049 D/AndroidRuntime( 3467): CheckJNI is ON
06-05 18:32:43.054 D/EGL_emulation( 1711): eglMakeCurrent: 0xa5b6bd80: ver 2 0 (tinfo 0xb1367140)
06-05 18:32:43.062 W/art     ( 3467): Unexpected CPU variant for X86 using defaults: x86
06-05 18:32:43.064 D/ICU     ( 3467): No timezone override file found: /data/misc/zoneinfo/current/icu/icu_tzdata.dat
06-05 18:32:43.072 E/memtrack( 3467): Couldn't load memtrack module (No such file or directory)
06-05 18:32:43.072 E/android.os.Debug( 3467): failed to load memtrack module: -2
06-05 18:32:43.072 D/EGL_emulation( 1711): eglMakeCurrent: 0xa5b6bd80: ver 2 0 (tinfo 0xb1367140)
06-05 18:32:43.072 I/Radio-JNI( 3467): register_android_hardware_Radio DONE
06-05 18:32:43.077 D/AndroidRuntime( 3467): Calling main entry com.android.commands.am.Am
06-05 18:32:43.079 I/ActivityManager( 1629): Force stopping com.evancharlton.mileage appid=10160 user=0: start instr
06-05 18:32:43.079 I/ActivityManager( 1629): Killing 3408:com.evancharlton.mileage/u0a160 (adj 0): stop com.evancharlton.mileage
06-05 18:32:43.079 D/ActivityManager( 1629): cleanUpApplicationRecord -- 3408
06-05 18:32:43.079 W/ActivityManager( 1629): Crash of app com.evancharlton.mileage running instrumentation ComponentInfo{com.evancharlton.mileage.test/sh.calaba.instrumentationbackend.CalabashInstrumentationTestRunner}
06-05 18:32:43.079 I/ActivityManager( 1629): Force stopping com.evancharlton.mileage appid=10160 user=0: finished inst
06-05 18:32:43.082 I/art     ( 3486): Not late-enabling -Xcheck:jni (already on)
06-05 18:32:43.083 W/art     ( 3486): Unexpected CPU variant for X86 using defaults: x86
06-05 18:32:43.087 D/EGL_emulation( 1711): eglMakeCurrent: 0xa5b6bd80: ver 2 0 (tinfo 0xb1367140)
06-05 18:32:43.090 D/EGL_emulation( 1711): eglMakeCurrent: 0xa5b6bd80: ver 2 0 (tinfo 0xb1367140)
06-05 18:32:43.090 I/ActivityManager( 1629): Start proc 3486:com.evancharlton.mileage/u0a160 for added application com.evancharlton.mileage
06-05 18:32:43.091 D/AndroidRuntime( 3467): Shutting down VM
06-05 18:32:43.100 W/System  ( 3486): ClassLoader referenced unknown path: /data/app/com.evancharlton.mileage.test-1/lib/x86
06-05 18:32:43.100 W/System  ( 3486): ClassLoader referenced unknown path: /data/app/com.evancharlton.mileage-1/lib/x86
06-05 18:32:43.102 W/System  ( 3486): ClassLoader referenced unknown path: 
06-05 18:32:43.104 D/EGL_emulation( 1711): eglMakeCurrent: 0xa5b6bd80: ver 2 0 (tinfo 0xb1367140)
06-05 18:32:43.105 D/EGL_emulation( 1711): eglMakeCurrent: 0xa5b6bd80: ver 2 0 (tinfo 0xb1367140)
06-05 18:32:43.107 I/System.out( 3486): Main activity name automatically set to: com.evancharlton.mileage.Mileage
06-05 18:32:43.107 I/System.out( 3486): Calabash did not load Mono. This is only a problem if you are trying to test a Mono application
06-05 18:32:43.107 I/calabash( 3486): Test server port: 7102
06-05 18:32:43.108 I/InstrumentationBackend( 3486): Added:'GetPreferences', with key:'get_preferences'
06-05 18:32:43.112 I/InstrumentationBackend( 3486): Added:'SetPreferences', with key:'set_preferences'
06-05 18:32:43.112 I/InstrumentationBackend( 3486): Added:'ClearPreferences', with key:'clear_preferences'
06-05 18:32:43.112 I/InstrumentationBackend( 3486): Added:'PressElement', with key:'press_l10n_element'
06-05 18:32:43.112 I/InstrumentationBackend( 3486): Added:'WaitForElement', with key:'wait_for_l10n_element'
06-05 18:32:43.112 I/InstrumentationBackend( 3486): Added:'NullAction', with key:'nullAction'
06-05 18:32:43.112 I/InstrumentationBackend( 3486): Added:'PressKey', with key:'press_key'
06-05 18:32:43.112 I/InstrumentationBackend( 3486): Added:'SetActivityOrientation', with key:'set_activity_orientation'
06-05 18:32:43.112 I/InstrumentationBackend( 3486): Added:'GetActivityOrientation', with key:'get_activity_orientation'
06-05 18:32:43.112 I/InstrumentationBackend( 3486): Added:'FakeGPSLocation', with key:'set_gps_coordinates'
06-05 18:32:43.112 I/InstrumentationBackend( 3486): Added:'SetPropertyByCssSelector', with key:'set_property_by_css_selector'
06-05 18:32:43.112 I/InstrumentationBackend( 3486): Added:'GetUrl', with key:'get_url'
06-05 18:32:43.113 I/InstrumentationBackend( 3486): Added:'ScrollTo', with key:'scroll_to'
06-05 18:32:43.113 I/InstrumentationBackend( 3486): Added:'GetLoadProgress', with key:'get_load_progress'
06-05 18:32:43.113 I/InstrumentationBackend( 3486): Added:'DumpHtml', with key:'dump_html'
06-05 18:32:43.113 I/InstrumentationBackend( 3486): Added:'DumpBodyHtml', with key:'dump_body_html'
06-05 18:32:43.113 I/InstrumentationBackend( 3486): Added:'EnterTextByCssSelector', with key:'enter_text_by_selector'
06-05 18:32:43.113 I/InstrumentationBackend( 3486): Added:'AndroidSDKVersion', with key:'android_sdk_version'
06-05 18:32:43.113 I/InstrumentationBackend( 3486): Added:'Version', with key:'version'
06-05 18:32:43.113 I/InstrumentationBackend( 3486): Added:'Drag', with key:'drag'
06-05 18:32:43.113 I/InstrumentationBackend( 3486): Added:'TouchCoordinates', with key:'touch_coordinate'
06-05 18:32:43.114 I/InstrumentationBackend( 3486): Added:'LongPressCoordinate', with key:'long_press_coordinate'
06-05 18:32:43.114 I/InstrumentationBackend( 3486): Added:'DragCoordinates', with key:'drag_coordinates'
06-05 18:32:43.114 I/InstrumentationBackend( 3486): Added:'ResumeApplication', with key:'resume_application'
06-05 18:32:43.114 I/InstrumentationBackend( 3486): Added:'Swipe', with key:'swipe'
06-05 18:32:43.114 I/InstrumentationBackend( 3486): Added:'DoubleTapCoordinate', with key:'double_tap_coordinate'
06-05 18:32:43.114 I/InstrumentationBackend( 3486): Added:'ClickOnScreen', with key:'click_on_screen'
06-05 18:32:43.114 I/InstrumentationBackend( 3486): Added:'GetActivityName', with key:'get_activity_name'
06-05 18:32:43.114 I/InstrumentationBackend( 3486): Added:'ScrollToView', with key:'scroll_to_view'
06-05 18:32:43.114 I/InstrumentationBackend( 3486): Added:'ViewConfiguration', with key:'view_configuration'
06-05 18:32:43.114 I/InstrumentationBackend( 3486): Added:'IsCurrentActivityFocused', with key:'is_current_activity_focused'
06-05 18:32:43.114 I/InstrumentationBackend( 3486): Added:'SendTcp', with key:'send_tcp'
06-05 18:32:43.114 I/InstrumentationBackend( 3486): Added:'DpToDevicePixel', with key:'dp_to_device_pixel'
06-05 18:32:43.114 I/InstrumentationBackend( 3486): Added:'KeyboardEnterText', with key:'keyboard_enter_text'
06-05 18:32:43.114 I/InstrumentationBackend( 3486): Added:'DeleteSurroundingText', with key:'delete_surrounding_text'
06-05 18:32:43.114 I/InstrumentationBackend( 3486): Added:'SetComposingRegion', with key:'set_composing_region'
06-05 18:32:43.114 I/InstrumentationBackend( 3486): Added:'SetSelection', with key:'set_selection'
06-05 18:32:43.114 I/InstrumentationBackend( 3486): Added:'KeyboardKeyEvent', with key:'keyboard_key_event'
06-05 18:32:43.114 I/InstrumentationBackend( 3486): Added:'PressUserActionButton', with key:'press_user_action_button'
06-05 18:32:43.115 I/InstrumentationBackend( 3486): Added:'HideSoftKeyboard', with key:'hide_soft_keyboard'
06-05 18:32:43.115 I/InstrumentationBackend( 3486): Added:'ListActions', with key:'list_actions'
06-05 18:32:43.115 I/calabash( 3486): Instantiating http server at 7102
06-05 18:32:43.115 I/System.out( 3486): HTTP Daemon listening on: 7102
06-05 18:32:43.121 D/EGL_emulation( 1711): eglMakeCurrent: 0xa5b6bd80: ver 2 0 (tinfo 0xb1367140)
06-05 18:32:43.121 W/InputDispatcher( 1629): channel 'e717181 com.evancharlton.mileage/com.evancharlton.mileage.FieldActivity (server)' ~ Consumer closed input channel or an error occurred.  events=0x9
06-05 18:32:43.121 E/InputDispatcher( 1629): channel 'e717181 com.evancharlton.mileage/com.evancharlton.mileage.FieldActivity (server)' ~ Channel is unrecoverably broken and will be disposed!
06-05 18:32:43.121 I/WindowManager( 1629): WIN DEATH: Window{e717181 u0 com.evancharlton.mileage/com.evancharlton.mileage.FieldActivity EXITING}
06-05 18:32:43.121 W/InputDispatcher( 1629): Attempted to unregister already unregistered input channel 'e717181 com.evancharlton.mileage/com.evancharlton.mileage.FieldActivity (server)'
06-05 18:32:43.135 D/EGL_emulation( 1711): eglMakeCurrent: 0xa5b6bd80: ver 2 0 (tinfo 0xb1367140)
06-05 18:32:43.137 D/EGL_emulation( 1711): eglMakeCurrent: 0xa5b6bd80: ver 2 0 (tinfo 0xb1367140)
06-05 18:32:43.139 D/EGL_emulation( 1711): eglMakeCurrent: 0xa5b6bd80: ver 2 0 (tinfo 0xb1367140)
06-05 18:32:43.154 D/EGL_emulation( 1711): eglMakeCurrent: 0xa5b6bd80: ver 2 0 (tinfo 0xb1367140)
06-05 18:32:43.156 D/EGL_emulation( 1711): eglMakeCurrent: 0xa5b6bd80: ver 2 0 (tinfo 0xb1367140)
06-05 18:32:43.171 D/EGL_emulation( 1711): eglMakeCurrent: 0xa5b6bd80: ver 2 0 (tinfo 0xb1367140)
06-05 18:32:43.172 D/EGL_emulation( 1711): eglMakeCurrent: 0xa5b6bd80: ver 2 0 (tinfo 0xb1367140)
06-05 18:32:43.187 D/EGL_emulation( 1711): eglMakeCurrent: 0xa5b6bd80: ver 2 0 (tinfo 0xb1367140)
06-05 18:32:43.189 D/EGL_emulation( 1711): eglMakeCurrent: 0xa5b6bd80: ver 2 0 (tinfo 0xb1367140)
06-05 18:32:43.203 I/System.out( 3486): URI: //ping
06-05 18:32:43.203 I/System.out( 3486): params: {json={}
06-05 18:32:43.203 I/System.out( 3486): }
06-05 18:32:43.204 D/EGL_emulation( 1711): eglMakeCurrent: 0xa5b6bd80: ver 2 0 (tinfo 0xb1367140)
06-05 18:32:43.205 D/EGL_emulation( 1711): eglMakeCurrent: 0xa5b6bd80: ver 2 0 (tinfo 0xb1367140)
06-05 18:32:43.206 I/System.out( 3486): URI: //ping
06-05 18:32:43.206 I/System.out( 3486): params: {json={}
06-05 18:32:43.206 I/System.out( 3486): }
06-05 18:32:43.208 I/System.out( 3486): URI: //ready
06-05 18:32:43.208 I/System.out( 3486): params: {json={}
06-05 18:32:43.208 I/System.out( 3486): }
06-05 18:32:43.209 I/System.out( 3486): URI: //
06-05 18:32:43.209 I/System.out( 3486): params: {json={"command":"version","arguments":[]}
06-05 18:32:43.209 I/System.out( 3486): }
06-05 18:32:43.209 I/System.out( 3486): header: {content-type=application/json;charset=utf-8, date=Fri, 05 Jun 2020 23:32:43 GMT, accept=*/*, host=127.0.0.1:34783, content-length=36, user-agent=HTTPClient/1.0 (2.8.3, ruby 2.5.1 (2018-03-29))}
06-05 18:32:43.209 I/System.out( 3486): params: {json={"command":"version","arguments":[]}
06-05 18:32:43.209 I/System.out( 3486): }
06-05 18:32:43.209 I/System.out( 3486): ProP json = {"command":"version","arguments":[]}
06-05 18:32:43.209 I/System.out( 3486): files: {}
06-05 18:32:43.209 I/System.out( 3486): command: {"command":"version","arguments":[]}
06-05 18:32:43.212 I/InstrumentationBackend( 3486): Got command:'Command:'Line:null,version', arguments:'[]'
06-05 18:32:43.217 I/System.out( 3486): result:{"bonusInformation":[],"message":"0.9.8","success":true}
06-05 18:32:43.220 I/System.out( 3486): URI: //start-application
06-05 18:32:43.220 I/System.out( 3486): params: {json={"intent":null}
06-05 18:32:43.220 I/System.out( 3486): }
06-05 18:32:43.221 D/EGL_emulation( 1711): eglMakeCurrent: 0xa5b6bd80: ver 2 0 (tinfo 0xb1367140)
06-05 18:32:43.221 I/WindowManager( 1629): Destroying surface Surface(name=InputMethod) called by com.android.server.wm.WindowStateAnimator.destroySurface:2016 com.android.server.wm.WindowStateAnimator.destroySurfaceLocked:882 com.android.server.wm.WindowState.destroyOrSaveSurface:2100 com.android.server.wm.WindowSurfacePlacer.performSurfacePlacementInner:429 com.android.server.wm.WindowSurfacePlacer.performSurfacePlacementLoop:232 com.android.server.wm.WindowSurfacePlacer.performSurfacePlacement:180 com.android.server.wm.WindowManagerService$H.handleMessage:8086 android.os.Handler.dispatchMessage:102 
06-05 18:32:43.228 I/ActivityManager( 1629): START u0 {act=android.intent.action.MAIN cat=[android.intent.category.LAUNCHER] flg=0x10200000 cmp=com.evancharlton.mileage/.Mileage} from uid 10160 on display 0
06-05 18:32:43.234 I/calabash( 3486): newActivity1
06-05 18:32:43.237 D/EGL_emulation( 1711): eglMakeCurrent: 0xa5b6bd80: ver 2 0 (tinfo 0xb1367140)
06-05 18:32:43.239 D/EGL_emulation( 1711): eglMakeCurrent: 0xa5b6bd80: ver 2 0 (tinfo 0xb1367140)
06-05 18:32:43.243 I/calabash( 3486): newActivity1
06-05 18:32:43.244 W/ActivityManager( 1629): Bad activity token: android.os.BinderProxy@349846b
06-05 18:32:43.244 W/ActivityManager( 1629): java.lang.ClassCastException: android.os.BinderProxy cannot be cast to com.android.server.am.ActivityRecord$Token
06-05 18:32:43.244 W/ActivityManager( 1629): 	at com.android.server.am.ActivityRecord.forTokenLocked(ActivityRecord.java:586)
06-05 18:32:43.244 W/ActivityManager( 1629): 	at com.android.server.am.ActivityRecord.isInStackLocked(ActivityRecord.java:1327)
06-05 18:32:43.244 W/ActivityManager( 1629): 	at com.android.server.am.ActivityRecord.getStackLocked(ActivityRecord.java:1332)
06-05 18:32:43.244 W/ActivityManager( 1629): 	at com.android.server.am.ActivityManagerService.getActivityDisplayId(ActivityManagerService.java:9806)
06-05 18:32:43.244 W/ActivityManager( 1629): 	at android.app.ActivityManagerNative.onTransact(ActivityManagerNative.java:2566)
06-05 18:32:43.244 W/ActivityManager( 1629): 	at com.android.server.am.ActivityManagerService.onTransact(ActivityManagerService.java:2757)
06-05 18:32:43.244 W/ActivityManager( 1629): 	at android.os.Binder.execTransact(Binder.java:565)
06-05 18:32:43.246 W/ActivityManager( 1629): Bad activity token: android.os.BinderProxy@349846b
06-05 18:32:43.246 W/ActivityManager( 1629): java.lang.ClassCastException: android.os.BinderProxy cannot be cast to com.android.server.am.ActivityRecord$Token
06-05 18:32:43.246 W/ActivityManager( 1629): 	at com.android.server.am.ActivityRecord.forTokenLocked(ActivityRecord.java:586)
06-05 18:32:43.246 W/ActivityManager( 1629): 	at com.android.server.am.ActivityRecord.isInStackLocked(ActivityRecord.java:1327)
06-05 18:32:43.246 W/ActivityManager( 1629): 	at com.android.server.am.ActivityManagerService.setTaskDescription(ActivityManagerService.java:9358)
06-05 18:32:43.246 W/ActivityManager( 1629): 	at android.app.ActivityManagerNative.onTransact(ActivityManagerNative.java:2639)
06-05 18:32:43.246 W/ActivityManager( 1629): 	at com.android.server.am.ActivityManagerService.onTransact(ActivityManagerService.java:2757)
06-05 18:32:43.246 W/ActivityManager( 1629): 	at android.os.Binder.execTransact(Binder.java:565)
06-05 18:32:43.246 W/ActivityManager( 1629): Bad activity token: android.os.BinderProxy@349846b
06-05 18:32:43.246 W/ActivityManager( 1629): java.lang.ClassCastException: android.os.BinderProxy cannot be cast to com.android.server.am.ActivityRecord$Token
06-05 18:32:43.246 W/ActivityManager( 1629): 	at com.android.server.am.ActivityRecord.forTokenLocked(ActivityRecord.java:586)
06-05 18:32:43.246 W/ActivityManager( 1629): 	at com.android.server.am.ActivityRecord.isInStackLocked(ActivityRecord.java:1327)
06-05 18:32:43.246 W/ActivityManager( 1629): 	at com.android.server.am.ActivityRecord.getStackLocked(ActivityRecord.java:1332)
06-05 18:32:43.246 W/ActivityManager( 1629): 	at com.android.server.am.ActivityManagerService.getActivityStackId(ActivityManagerService.java:9817)
06-05 18:32:43.246 W/ActivityManager( 1629): 	at android.app.ActivityManagerNative.onTransact(ActivityManagerNative.java:2856)
06-05 18:32:43.246 W/ActivityManager( 1629): 	at com.android.server.am.ActivityManagerService.onTransact(ActivityManagerService.java:2757)
06-05 18:32:43.246 W/ActivityManager( 1629): 	at android.os.Binder.execTransact(Binder.java:565)
06-05 18:32:43.254 D/EGL_emulation( 1711): eglMakeCurrent: 0xa5b6bd80: ver 2 0 (tinfo 0xb1367140)
06-05 18:32:43.254 D/gralloc_ranchu( 1346): gralloc_alloc: Creating ashmem region of size 9023488
06-05 18:32:43.262 D/EGL_emulation( 1711): eglMakeCurrent: 0xa5b6bd80: ver 2 0 (tinfo 0xb1367140)
06-05 18:32:43.270 W/ActivityManager( 1629): Bad activity token: android.os.BinderProxy@349846b
06-05 18:32:43.270 W/ActivityManager( 1629): java.lang.ClassCastException: android.os.BinderProxy cannot be cast to com.android.server.am.ActivityRecord$Token
06-05 18:32:43.270 W/ActivityManager( 1629): 	at com.android.server.am.ActivityRecord.forTokenLocked(ActivityRecord.java:586)
06-05 18:32:43.270 W/ActivityManager( 1629): 	at com.android.server.am.ActivityRecord.isInStackLocked(ActivityRecord.java:1327)
06-05 18:32:43.270 W/ActivityManager( 1629): 	at com.android.server.am.ActivityManagerService.getActivityOptions(ActivityManagerService.java:12559)
06-05 18:32:43.270 W/ActivityManager( 1629): 	at android.app.ActivityManagerNative.onTransact(ActivityManagerNative.java:1933)
06-05 18:32:43.270 W/ActivityManager( 1629): 	at com.android.server.am.ActivityManagerService.onTransact(ActivityManagerService.java:2757)
06-05 18:32:43.270 W/ActivityManager( 1629): 	at android.os.Binder.execTransact(Binder.java:565)
06-05 18:32:43.271 W/ActivityManager( 1629): Bad activity token: android.os.BinderProxy@349846b
06-05 18:32:43.271 W/ActivityManager( 1629): java.lang.ClassCastException: android.os.BinderProxy cannot be cast to com.android.server.am.ActivityRecord$Token
06-05 18:32:43.271 W/ActivityManager( 1629): 	at com.android.server.am.ActivityRecord.forTokenLocked(ActivityRecord.java:586)
06-05 18:32:43.271 W/ActivityManager( 1629): 	at com.android.server.am.ActivityRecord.isInStackLocked(ActivityRecord.java:1327)
06-05 18:32:43.271 W/ActivityManager( 1629): 	at com.android.server.am.ActivityManagerService.getActivityOptions(ActivityManagerService.java:12559)
06-05 18:32:43.271 W/ActivityManager( 1629): 	at android.app.ActivityManagerNative.onTransact(ActivityManagerNative.java:1933)
06-05 18:32:43.271 W/ActivityManager( 1629): 	at com.android.server.am.ActivityManagerService.onTransact(ActivityManagerService.java:2757)
06-05 18:32:43.271 W/ActivityManager( 1629): 	at android.os.Binder.execTransact(Binder.java:565)
06-05 18:32:43.277 D/EGL_emulation( 1711): eglMakeCurrent: 0xa5b6bd80: ver 2 0 (tinfo 0xb1367140)
06-05 18:32:43.280 D/EGL_emulation( 1711): eglMakeCurrent: 0xa5b6bd80: ver 2 0 (tinfo 0xb1367140)
06-05 18:32:43.292 V/PhoneStatusBar( 1711): setLightsOn(true)
06-05 18:32:43.304 D/gralloc_ranchu( 1346): gralloc_alloc: Creating ashmem region of size 9023488
06-05 18:32:43.304 D/EGL_emulation( 2150): eglMakeCurrent: 0xb4f852a0: ver 2 0 (tinfo 0xb4f832e0)
06-05 18:32:43.308 D/EGL_emulation( 1711): eglMakeCurrent: 0xa5b6bd80: ver 2 0 (tinfo 0xb1367140)
06-05 18:32:43.308 V/PhoneStatusBar( 1711): setLightsOn(true)
06-05 18:32:43.309 D/        ( 3486): HostConnection::get() New Host Connection established 0x98c264c0, tid 3486
06-05 18:32:43.342 D/EGL_emulation( 1711): eglMakeCurrent: 0xa5b6bd80: ver 2 0 (tinfo 0xb1367140)
06-05 18:32:43.345 D/EGL_emulation( 1711): eglMakeCurrent: 0xa5b6bd80: ver 2 0 (tinfo 0xb1367140)
06-05 18:32:43.345 V/PhoneStatusBar( 1711): setLightsOn(true)
06-05 18:32:43.347 D/EGL_emulation( 1711): eglMakeCurrent: 0xa5b6bd80: ver 2 0 (tinfo 0xb1367140)
06-05 18:32:43.349 D/EGL_emulation( 1711): eglMakeCurrent: 0xa5b6bd80: ver 2 0 (tinfo 0xb1367140)
06-05 18:32:43.358 D/EGL_emulation( 1711): eglMakeCurrent: 0xa5b6bd80: ver 2 0 (tinfo 0xb1367140)
06-05 18:32:43.360 D/EGL_emulation( 1711): eglMakeCurrent: 0xa5b6bd80: ver 2 0 (tinfo 0xb1367140)
06-05 18:32:43.360 I/ActivityManager( 1629): Displayed com.evancharlton.mileage/.Mileage: +128ms
06-05 18:32:43.371 D/gralloc_ranchu( 1346): gralloc_alloc: Creating ashmem region of size 9023488
06-05 18:32:43.371 D/EGL_emulation( 1711): eglMakeCurrent: 0xa5b6bd80: ver 2 0 (tinfo 0xb1367140)
06-05 18:32:43.384 D/EGL_emulation( 1711): eglMakeCurrent: 0xa5b6bd80: ver 2 0 (tinfo 0xb1367140)
06-05 18:32:43.393 D/EGL_emulation( 1711): eglMakeCurrent: 0xa5b6bd80: ver 2 0 (tinfo 0xb1367140)
06-05 18:32:43.396 D/EGL_emulation( 1711): eglMakeCurrent: 0xa5b6bd80: ver 2 0 (tinfo 0xb1367140)
06-05 18:32:43.396 V/PhoneStatusBar( 1711): setLightsOn(true)
06-05 18:32:43.407 D/EGL_emulation( 1711): eglMakeCurrent: 0xa5b6bd80: ver 2 0 (tinfo 0xb1367140)
06-05 18:32:43.409 D/EGL_emulation( 1711): eglMakeCurrent: 0xa5b6bd80: ver 2 0 (tinfo 0xb1367140)
06-05 18:32:43.421 D/EGL_emulation( 1711): eglMakeCurrent: 0xa5b6bd80: ver 2 0 (tinfo 0xb1367140)
06-05 18:32:43.423 D/EGL_emulation( 1711): eglMakeCurrent: 0xa5b6bd80: ver 2 0 (tinfo 0xb1367140)
06-05 18:32:43.438 D/EGL_emulation( 1711): eglMakeCurrent: 0xa5b6bd80: ver 2 0 (tinfo 0xb1367140)
06-05 18:32:43.439 D/EGL_emulation( 1711): eglMakeCurrent: 0xa5b6bd80: ver 2 0 (tinfo 0xb1367140)
06-05 18:32:43.454 I/WindowManager( 1629): Destroying surface Surface(name=com.evancharlton.mileage/com.evancharlton.mileage.FieldActivity) called by com.android.server.wm.WindowStateAnimator.destroySurface:2016 com.android.server.wm.WindowStateAnimator.destroySurfaceLocked:882 com.android.server.wm.WindowState.removeLocked:1456 com.android.server.wm.WindowManagerService.removeWindowInnerLocked:2484 com.android.server.wm.AppWindowToken.destroySurfaces:365 com.android.server.wm.WindowStateAnimator.finishExit:565 com.android.server.wm.AppWindowAnimator.stepAnimationLocked:427 com.android.server.wm.WindowAnimator.updateAppWindowsLocked:196 
06-05 18:32:43.454 D/EGL_emulation( 1711): eglMakeCurrent: 0xa5b6bd80: ver 2 0 (tinfo 0xb1367140)
06-05 18:32:43.455 D/EGL_emulation( 1711): eglMakeCurrent: 0xa5b6bd80: ver 2 0 (tinfo 0xb1367140)
06-05 18:32:43.472 D/EGL_emulation( 1711): eglMakeCurrent: 0xa5b6bd80: ver 2 0 (tinfo 0xb1367140)
06-05 18:32:43.474 D/EGL_emulation( 1711): eglMakeCurrent: 0xa5b6bd80: ver 2 0 (tinfo 0xb1367140)
06-05 18:32:43.474 V/PhoneStatusBar( 1711): setLightsOn(true)
06-05 18:32:43.488 D/EGL_emulation( 1711): eglMakeCurrent: 0xa5b6bd80: ver 2 0 (tinfo 0xb1367140)
06-05 18:32:43.490 D/EGL_emulation( 1711): eglMakeCurrent: 0xa5b6bd80: ver 2 0 (tinfo 0xb1367140)
06-05 18:32:43.504 D/EGL_emulation( 1711): eglMakeCurrent: 0xa5b6bd80: ver 2 0 (tinfo 0xb1367140)
06-05 18:32:43.508 D/EGL_emulation( 1711): eglMakeCurrent: 0xa5b6bd80: ver 2 0 (tinfo 0xb1367140)
06-05 18:32:43.521 D/EGL_emulation( 1711): eglMakeCurrent: 0xa5b6bd80: ver 2 0 (tinfo 0xb1367140)
06-05 18:32:43.554 I/WindowManager( 1629): Destroying surface Surface(name=Starting com.evancharlton.mileage) called by com.android.server.wm.WindowStateAnimator.destroySurface:2016 com.android.server.wm.WindowStateAnimator.destroySurfaceLocked:882 com.android.server.wm.WindowState.destroyOrSaveSurface:2100 com.android.server.wm.AppWindowToken.destroySurfaces:363 com.android.server.wm.WindowStateAnimator.finishExit:565 com.android.server.wm.WindowStateAnimator.stepAnimationLocked:491 com.android.server.wm.WindowAnimator.updateWindowsLocked:303 com.android.server.wm.WindowAnimator.animateLocked:704 
06-05 18:32:43.555 V/PhoneStatusBar( 1711): setLightsOn(true)
06-05 18:32:43.556 V/PhoneStatusBar( 1711): setLightsOn(true)
06-05 18:32:43.721 V/PhoneStatusBar( 1711): setLightsOn(true)
06-05 18:32:44.021 V/PhoneStatusBar( 1711): setLightsOn(true)
06-05 18:32:44.022 V/PhoneStatusBar( 1711): setLightsOn(true)
06-05 18:32:44.023 W/OpenGLRenderer( 2150): Incorrectly called buildLayer on View: ShortcutAndWidgetContainer, destroying layer...
06-05 18:32:44.038 I/WindowManager( 1629): Destroying surface Surface(name=com.android.launcher3/com.android.launcher3.Launcher) called by com.android.server.wm.WindowStateAnimator.destroySurface:2016 com.android.server.wm.WindowStateAnimator.destroySurfaceLocked:882 com.android.server.wm.WindowState.destroyOrSaveSurface:2100 com.android.server.wm.AppWindowToken.destroySurfaces:363 com.android.server.wm.AppWindowToken.notifyAppStopped:389 com.android.server.wm.WindowManagerService.notifyAppStopped:4463 com.android.server.am.ActivityStack.activityStoppedLocked:1252 com.android.server.am.ActivityManagerService.activityStopped:6903 
06-05 18:32:44.038 V/PhoneStatusBar( 1711): setLightsOn(true)
06-05 18:32:44.415 I/System.out( 3486): URI: //
06-05 18:32:44.415 I/System.out( 3486): params: {json={"command":"press_key","arguments":["KEYCODE_MENU"]}
06-05 18:32:44.415 I/System.out( 3486): }
06-05 18:32:44.415 I/System.out( 3486): header: {content-type=application/json;charset=utf-8, date=Fri, 05 Jun 2020 23:32:44 GMT, accept=*/*, host=127.0.0.1:34783, content-length=52, user-agent=HTTPClient/1.0 (2.8.3, ruby 2.5.1 (2018-03-29))}
06-05 18:32:44.415 I/System.out( 3486): params: {json={"command":"press_key","arguments":["KEYCODE_MENU"]}
06-05 18:32:44.415 I/System.out( 3486): }
06-05 18:32:44.415 I/System.out( 3486): ProP json = {"command":"press_key","arguments":["KEYCODE_MENU"]}
06-05 18:32:44.415 I/System.out( 3486): files: {}
06-05 18:32:44.415 I/System.out( 3486): command: {"command":"press_key","arguments":["KEYCODE_MENU"]}
06-05 18:32:44.416 I/InstrumentationBackend( 3486): Got command:'Command:'Line:null,press_key', arguments:'[KEYCODE_MENU]'
06-05 18:32:44.425 V/PhoneStatusBar( 1711): setLightsOn(true)
06-05 18:32:44.429 I/System.out( 3486): result:{"bonusInformation":[],"message":"","success":true}
06-05 18:32:44.432 I/System.out( 3486): URI: //map
06-05 18:32:44.432 I/System.out( 3486): params: {json={"query":"* marked:'Edit fields'","operation":{"method_name":"query","arguments":[]}}
06-05 18:32:44.432 I/System.out( 3486): }
06-05 18:32:44.439 V/PhoneStatusBar( 1711): setLightsOn(true)
06-05 18:32:44.454 V/PhoneStatusBar( 1711): setLightsOn(true)
06-05 18:32:44.471 V/PhoneStatusBar( 1711): setLightsOn(true)
06-05 18:32:44.472 D/gralloc_ranchu( 1346): gralloc_alloc: Creating ashmem region of size 1720320
06-05 18:32:44.478 V/PhoneStatusBar( 1711): setLightsOn(true)
06-05 18:32:44.480 V/PhoneStatusBar( 1711): setLightsOn(true)
06-05 18:32:44.483 W/ResourceType( 3486): No package identifier when getting name for resource number 0x00000001
06-05 18:32:44.488 V/PhoneStatusBar( 1711): setLightsOn(true)
06-05 18:32:44.495 I/System.out( 3486): URI: //gesture
06-05 18:32:44.495 I/System.out( 3486): params: {json={"query_timeout":5.0,"gestures":[{"query_string":"* marked:'Edit fields'","touches":[{"x":50,"y":50,"offset_x":0,"offset_y":0,"wait":0.0,"time":0.2,"release":true,"query_string":null}]}]}
06-05 18:32:44.495 I/System.out( 3486): }
06-05 18:32:44.575 W/ResourceType( 3486): No package identifier when getting name for resource number 0x00000001
06-05 18:32:44.575 D/gralloc_ranchu( 1346): gralloc_alloc: Creating ashmem region of size 9023488
06-05 18:32:44.708 V/PhoneStatusBar( 1711): setLightsOn(true)
06-05 18:32:44.758 D/gralloc_ranchu( 1346): gralloc_alloc: Creating ashmem region of size 1720320
06-05 18:32:44.838 I/ActivityManager( 1629): START u0 {cmp=com.evancharlton.mileage/.FieldListActivity} from uid 10160 on display 0
06-05 18:32:44.839 V/PhoneStatusBar( 1711): setLightsOn(true)
06-05 18:32:44.840 V/PhoneStatusBar( 1711): setLightsOn(true)
06-05 18:32:44.844 I/WindowManager( 1629): Destroying surface Surface(name=AtchDlg:com.evancharlton.mileage/com.evancharlton.mileage.FillupActivity) called by com.android.server.wm.WindowStateAnimator.destroySurface:2016 com.android.server.wm.WindowStateAnimator.destroySurfaceLocked:882 com.android.server.wm.WindowState.removeLocked:1456 com.android.server.wm.WindowManagerService.removeWindowInnerLocked:2484 com.android.server.wm.WindowManagerService.removeWindowLocked:2442 com.android.server.wm.WindowManagerService.removeWindowLocked:2311 com.android.server.wm.WindowManagerService.removeWindow:2306 com.android.server.wm.Session.remove:202 
06-05 18:32:44.846 I/calabash( 3486): newActivity1
06-05 18:32:44.870 V/PhoneStatusBar( 1711): setLightsOn(true)
06-05 18:32:44.873 D/gralloc_ranchu( 1346): gralloc_alloc: Creating ashmem region of size 9023488
06-05 18:32:44.887 V/PhoneStatusBar( 1711): setLightsOn(true)
06-05 18:32:44.896 I/ActivityManager( 1629): Displayed com.evancharlton.mileage/.FieldListActivity: +54ms
06-05 18:32:44.904 V/PhoneStatusBar( 1711): setLightsOn(true)
06-05 18:32:44.937 V/PhoneStatusBar( 1711): setLightsOn(true)
06-05 18:32:45.138 V/PhoneStatusBar( 1711): setLightsOn(true)
06-05 18:32:45.254 V/PhoneStatusBar( 1711): setLightsOn(true)
06-05 18:32:45.255 V/PhoneStatusBar( 1711): setLightsOn(true)
06-05 18:32:45.271 V/PhoneStatusBar( 1711): setLightsOn(true)
06-05 18:32:45.272 I/WindowManager( 1629): Destroying surface Surface(name=com.evancharlton.mileage/com.evancharlton.mileage.Mileage) called by com.android.server.wm.WindowStateAnimator.destroySurface:2016 com.android.server.wm.WindowStateAnimator.destroySurfaceLocked:882 com.android.server.wm.WindowState.destroyOrSaveSurface:2100 com.android.server.wm.WindowManagerService.tryStartExitingAnimation:3024 com.android.server.wm.WindowManagerService.relayoutWindow:2904 com.android.server.wm.Session.relayout:224 android.view.IWindowSession$Stub.onTransact:286 com.android.server.wm.Session.onTransact:145 
06-05 18:32:45.272 V/PhoneStatusBar( 1711): setLightsOn(true)
06-05 18:32:45.852 I/System.out( 3486): URI: //
06-05 18:32:45.852 I/System.out( 3486): params: {json={"command":"press_key","arguments":["KEYCODE_MENU"]}
06-05 18:32:45.852 I/System.out( 3486): }
06-05 18:32:45.852 I/System.out( 3486): header: {content-type=application/json;charset=utf-8, date=Fri, 05 Jun 2020 23:32:46 GMT, accept=*/*, host=127.0.0.1:34783, content-length=52, user-agent=HTTPClient/1.0 (2.8.3, ruby 2.5.1 (2018-03-29))}
06-05 18:32:45.852 I/System.out( 3486): params: {json={"command":"press_key","arguments":["KEYCODE_MENU"]}
06-05 18:32:45.852 I/System.out( 3486): }
06-05 18:32:45.852 I/System.out( 3486): ProP json = {"command":"press_key","arguments":["KEYCODE_MENU"]}
06-05 18:32:45.852 I/System.out( 3486): files: {}
06-05 18:32:45.852 I/System.out( 3486): command: {"command":"press_key","arguments":["KEYCODE_MENU"]}
06-05 18:32:45.855 I/InstrumentationBackend( 3486): Got command:'Command:'Line:null,press_key', arguments:'[KEYCODE_MENU]'
06-05 18:32:45.873 V/PhoneStatusBar( 1711): setLightsOn(true)
06-05 18:32:45.889 V/PhoneStatusBar( 1711): setLightsOn(true)
06-05 18:32:45.902 I/System.out( 3486): result:{"bonusInformation":[],"message":"","success":true}
06-05 18:32:45.904 V/PhoneStatusBar( 1711): setLightsOn(true)
06-05 18:32:45.906 I/System.out( 3486): URI: //map
06-05 18:32:45.906 I/System.out( 3486): params: {json={"query":"* marked:'Add new field'","operation":{"method_name":"query","arguments":[]}}
06-05 18:32:45.906 I/System.out( 3486): }
06-05 18:32:45.921 V/PhoneStatusBar( 1711): setLightsOn(true)
06-05 18:32:45.923 D/gralloc_ranchu( 1346): gralloc_alloc: Creating ashmem region of size 929792
06-05 18:32:45.934 V/PhoneStatusBar( 1711): setLightsOn(true)
06-05 18:32:45.936 V/PhoneStatusBar( 1711): setLightsOn(true)
06-05 18:32:45.936 W/ResourceType( 3486): No package identifier when getting name for resource number 0x00000001
06-05 18:32:45.938 V/PhoneStatusBar( 1711): setLightsOn(true)
06-05 18:32:45.942 I/art     ( 3486): Do partial code cache collection, code=30KB, data=29KB
06-05 18:32:45.943 I/art     ( 3486): After code cache collection, code=27KB, data=28KB
06-05 18:32:45.943 I/art     ( 3486): Increasing code cache capacity to 128KB
06-05 18:32:45.948 I/System.out( 3486): URI: //gesture
06-05 18:32:45.948 I/System.out( 3486): params: {json={"query_timeout":5.0,"gestures":[{"query_string":"* marked:'Add new field'","touches":[{"x":50,"y":50,"offset_x":0,"offset_y":0,"wait":0.0,"time":0.2,"release":true,"query_string":null}]}]}
06-05 18:32:45.948 I/System.out( 3486): }
06-05 18:32:45.953 W/ResourceType( 3486): No package identifier when getting name for resource number 0x00000001
06-05 18:32:46.070 D/gralloc_ranchu( 1346): gralloc_alloc: Creating ashmem region of size 9023488
06-05 18:32:46.144 D/gralloc_ranchu( 1346): gralloc_alloc: Creating ashmem region of size 929792
06-05 18:32:46.152 D/gralloc_ranchu( 1346): gralloc_alloc: Creating ashmem region of size 9023488
06-05 18:32:46.155 V/PhoneStatusBar( 1711): setLightsOn(true)
06-05 18:32:46.256 I/System.out( 3486): URI: //map
06-05 18:32:46.256 I/System.out( 3486): params: {json={"query":"android.widget.EditText index:0","operation":{"method_name":"query","arguments":[]}}
06-05 18:32:46.256 I/System.out( 3486): }
06-05 18:32:46.269 I/ActivityManager( 1629): START u0 {cmp=com.evancharlton.mileage/.FieldActivity} from uid 10160 on display 0
06-05 18:32:46.270 V/PhoneStatusBar( 1711): setLightsOn(true)
06-05 18:32:46.271 V/PhoneStatusBar( 1711): setLightsOn(true)
06-05 18:32:46.312 I/WindowManager( 1629): Destroying surface Surface(name=AtchDlg:com.evancharlton.mileage/com.evancharlton.mileage.FieldListActivity) called by com.android.server.wm.WindowStateAnimator.destroySurface:2016 com.android.server.wm.WindowStateAnimator.destroySurfaceLocked:882 com.android.server.wm.WindowState.removeLocked:1456 com.android.server.wm.WindowManagerService.removeWindowInnerLocked:2484 com.android.server.wm.WindowManagerService.removeWindowLocked:2442 com.android.server.wm.WindowManagerService.removeWindowLocked:2311 com.android.server.wm.WindowManagerService.removeWindow:2306 com.android.server.wm.Session.remove:202 
06-05 18:32:46.354 I/calabash( 3486): newActivity1
06-05 18:32:46.399 V/PhoneStatusBar( 1711): setLightsOn(true)
06-05 18:32:46.407 D/gralloc_ranchu( 1346): gralloc_alloc: Creating ashmem region of size 9023488
06-05 18:32:46.421 V/PhoneStatusBar( 1711): setLightsOn(true)
06-05 18:32:46.437 V/PhoneStatusBar( 1711): setLightsOn(true)
06-05 18:32:46.439 I/ActivityManager( 1629): Displayed com.evancharlton.mileage/.FieldActivity: +131ms
06-05 18:32:46.439 D/gralloc_ranchu( 1346): gralloc_alloc: Creating ashmem region of size 9023488
06-05 18:32:46.439 W/InputMethodService( 1696): Window size has been changed. This may cause jankiness of resizing window: -1 -> -2
06-05 18:32:46.448 I/LatinIME( 1696): Starting input. Cursor position = 0,0
06-05 18:32:46.454 V/PhoneStatusBar( 1711): setLightsOn(true)
06-05 18:32:46.521 V/PhoneStatusBar( 1711): setLightsOn(true)
06-05 18:32:46.537 V/PhoneStatusBar( 1711): setLightsOn(true)
06-05 18:32:46.556 D/EGL_emulation( 1696): eglMakeCurrent: 0xb4f85720: ver 2 0 (tinfo 0xb4f83530)
06-05 18:32:46.556 D/EGL_emulation( 1711): eglMakeCurrent: 0xa5b6bd80: ver 2 0 (tinfo 0xb1367140)
06-05 18:32:46.556 V/PhoneStatusBar( 1711): setLightsOn(true)
06-05 18:32:46.573 D/EGL_emulation( 1711): eglMakeCurrent: 0xa5b6bd80: ver 2 0 (tinfo 0xb1367140)
06-05 18:32:46.574 V/PhoneStatusBar( 1711): setLightsOn(true)
06-05 18:32:46.585 I/System.out( 3486): URI: //map
06-05 18:32:46.585 I/System.out( 3486): params: {json={"query":"android.widget.EditText index:0","operation":{"method_name":"query","arguments":[]}}
06-05 18:32:46.585 I/System.out( 3486): }
06-05 18:32:46.589 V/PhoneStatusBar( 1711): setLightsOn(true)
06-05 18:32:46.660 I/System.out( 3486): URI: //gesture
06-05 18:32:46.660 I/System.out( 3486): params: {json={"query_timeout":5.0,"gestures":[{"query_string":"android.widget.EditText index:0","touches":[{"x":50,"y":50,"offset_x":0,"offset_y":0,"wait":0.0,"time":0.2,"release":true,"query_string":null}]}]}
06-05 18:32:46.660 I/System.out( 3486): }
06-05 18:32:46.672 V/PhoneStatusBar( 1711): setLightsOn(true)
06-05 18:32:46.788 V/PhoneStatusBar( 1711): setLightsOn(true)
06-05 18:32:46.805 V/PhoneStatusBar( 1711): setLightsOn(true)
06-05 18:32:46.806 V/PhoneStatusBar( 1711): setLightsOn(true)
06-05 18:32:46.821 I/WindowManager( 1629): Destroying surface Surface(name=com.evancharlton.mileage/com.evancharlton.mileage.FieldListActivity) called by com.android.server.wm.WindowStateAnimator.destroySurface:2016 com.android.server.wm.WindowStateAnimator.destroySurfaceLocked:882 com.android.server.wm.WindowState.destroyOrSaveSurface:2100 com.android.server.wm.WindowManagerService.tryStartExitingAnimation:3024 com.android.server.wm.WindowManagerService.relayoutWindow:2904 com.android.server.wm.Session.relayout:224 android.view.IWindowSession$Stub.onTransact:286 com.android.server.wm.Session.onTransact:145 
06-05 18:32:46.822 V/PhoneStatusBar( 1711): setLightsOn(true)
06-05 18:32:46.824 V/PhoneStatusBar( 1711): setLightsOn(true)
06-05 18:32:47.413 I/System.out( 3486): URI: //
06-05 18:32:47.413 I/System.out( 3486): params: {json={"command":"set_selection","arguments":[-1,-1]}
06-05 18:32:47.413 I/System.out( 3486): }
06-05 18:32:47.413 I/System.out( 3486): header: {content-type=application/json;charset=utf-8, date=Fri, 05 Jun 2020 23:32:47 GMT, accept=*/*, host=127.0.0.1:34783, content-length=47, user-agent=HTTPClient/1.0 (2.8.3, ruby 2.5.1 (2018-03-29))}
06-05 18:32:47.413 I/System.out( 3486): params: {json={"command":"set_selection","arguments":[-1,-1]}
06-05 18:32:47.413 I/System.out( 3486): }
06-05 18:32:47.413 I/System.out( 3486): ProP json = {"command":"set_selection","arguments":[-1,-1]}
06-05 18:32:47.413 I/System.out( 3486): files: {}
06-05 18:32:47.413 I/System.out( 3486): command: {"command":"set_selection","arguments":[-1,-1]}
06-05 18:32:47.414 I/InstrumentationBackend( 3486): Got command:'Command:'Line:null,set_selection', arguments:'[-1, -1]'
06-05 18:32:47.418 I/System.out( 3486): result:{"bonusInformation":[],"message":"","success":true}
06-05 18:32:47.436 I/System.out( 3486): URI: //
06-05 18:32:47.436 I/System.out( 3486): params: {json={"command":"keyboard_enter_text","arguments":["Gas station name"]}
06-05 18:32:47.436 I/System.out( 3486): }
06-05 18:32:47.436 I/System.out( 3486): header: {content-type=application/json;charset=utf-8, date=Fri, 05 Jun 2020 23:32:47 GMT, accept=*/*, host=127.0.0.1:34783, content-length=66, user-agent=HTTPClient/1.0 (2.8.3, ruby 2.5.1 (2018-03-29))}
06-05 18:32:47.436 I/System.out( 3486): params: {json={"command":"keyboard_enter_text","arguments":["Gas station name"]}
06-05 18:32:47.436 I/System.out( 3486): }
06-05 18:32:47.436 I/System.out( 3486): ProP json = {"command":"keyboard_enter_text","arguments":["Gas station name"]}
06-05 18:32:47.436 I/System.out( 3486): files: {}
06-05 18:32:47.436 I/System.out( 3486): command: {"command":"keyboard_enter_text","arguments":["Gas station name"]}
06-05 18:32:47.438 I/InstrumentationBackend( 3486): Got command:'Command:'Line:null,keyboard_enter_text', arguments:'[Gas station name]'
06-05 18:32:47.477 E/SpannableStringBuilder( 3486): SPAN_EXCLUSIVE_EXCLUSIVE spans cannot have a zero length
06-05 18:32:47.477 E/SpannableStringBuilder( 3486): SPAN_EXCLUSIVE_EXCLUSIVE spans cannot have a zero length
06-05 18:32:47.484 I/LatinIME:LogUtils( 1696): Dictionary info: dictionary = spellcheck_userunigram.en_US ; version = 1591399967 ; date = ?
06-05 18:32:47.490 E/SpannableStringBuilder( 3486): SPAN_EXCLUSIVE_EXCLUSIVE spans cannot have a zero length
06-05 18:32:47.490 E/SpannableStringBuilder( 3486): SPAN_EXCLUSIVE_EXCLUSIVE spans cannot have a zero length
06-05 18:32:47.491 I/LatinIME:LogUtils( 1696): Dictionary info: dictionary = main:en ; version = 54 ; date = 1414726273
06-05 18:32:47.494 I/System.out( 3486): result:{"bonusInformation":[],"message":"","success":true}
06-05 18:32:47.501 I/System.out( 3486): URI: //
06-05 18:32:47.501 I/System.out( 3486): params: {json={"command":"press_key","arguments":["KEYCODE_BACK"]}
06-05 18:32:47.501 I/System.out( 3486): }
06-05 18:32:47.501 I/System.out( 3486): header: {content-type=application/json;charset=utf-8, date=Fri, 05 Jun 2020 23:32:47 GMT, accept=*/*, host=127.0.0.1:34783, content-length=52, user-agent=HTTPClient/1.0 (2.8.3, ruby 2.5.1 (2018-03-29))}
06-05 18:32:47.501 I/System.out( 3486): params: {json={"command":"press_key","arguments":["KEYCODE_BACK"]}
06-05 18:32:47.501 I/System.out( 3486): }
06-05 18:32:47.501 I/System.out( 3486): ProP json = {"command":"press_key","arguments":["KEYCODE_BACK"]}
06-05 18:32:47.501 I/System.out( 3486): files: {}
06-05 18:32:47.501 I/System.out( 3486): command: {"command":"press_key","arguments":["KEYCODE_BACK"]}
06-05 18:32:47.503 I/InstrumentationBackend( 3486): Got command:'Command:'Line:null,press_key', arguments:'[KEYCODE_BACK]'
06-05 18:32:47.542 W/InputMethodService( 1696): Window size has been changed. This may cause jankiness of resizing window: -1 -> -2
06-05 18:32:47.542 I/System.out( 3486): result:{"bonusInformation":[],"message":"","success":true}
06-05 18:32:47.545 I/System.out( 3486): URI: //map
06-05 18:32:47.545 I/System.out( 3486): params: {json={"query":"* marked:'Add new field'","operation":{"method_name":"query","arguments":[]}}
06-05 18:32:47.545 I/System.out( 3486): }
06-05 18:32:47.550 W/ResourceType( 3486): No package identifier when getting name for resource number 0x00000001
06-05 18:32:47.554 D/EGL_emulation( 1711): eglMakeCurrent: 0xa5b6bd80: ver 2 0 (tinfo 0xb1367140)
06-05 18:32:47.555 D/EGL_emulation( 1696): eglMakeCurrent: 0xb4f85720: ver 2 0 (tinfo 0xb4f83530)
06-05 18:32:47.557 V/PhoneStatusBar( 1711): setLightsOn(true)
06-05 18:32:47.557 I/System.out( 3486): URI: //gesture
06-05 18:32:47.558 I/System.out( 3486): params: {json={"query_timeout":5.0,"gestures":[{"query_string":"* marked:'Add new field'","touches":[{"x":50,"y":50,"offset_x":0,"offset_y":0,"wait":0.0,"time":0.2,"release":true,"query_string":null}]}]}
06-05 18:32:47.558 I/System.out( 3486): }
06-05 18:32:47.559 V/PhoneStatusBar( 1711): setLightsOn(true)
06-05 18:32:47.571 V/PhoneStatusBar( 1711): setLightsOn(true)
06-05 18:32:47.586 W/ResourceType( 3486): No package identifier when getting name for resource number 0x00000001
06-05 18:32:47.629 D/gralloc_ranchu( 1346): gralloc_alloc: Creating ashmem region of size 9023488
06-05 18:32:47.738 V/PhoneStatusBar( 1711): setLightsOn(true)
06-05 18:32:47.738 I/WindowManager( 1629): Destroying surface Surface(name=InputMethod) called by com.android.server.wm.WindowStateAnimator.destroySurface:2016 com.android.server.wm.WindowStateAnimator.destroySurfaceLocked:882 com.android.server.wm.WindowState.destroyOrSaveSurface:2100 com.android.server.wm.WindowSurfacePlacer.performSurfacePlacementInner:429 com.android.server.wm.WindowSurfacePlacer.performSurfacePlacementLoop:232 com.android.server.wm.WindowSurfacePlacer.performSurfacePlacement:180 com.android.server.wm.WindowManagerService$H.handleMessage:8086 android.os.Handler.dispatchMessage:102 
06-05 18:32:47.914 V/PhoneStatusBar( 1711): setLightsOn(true)
06-05 18:32:47.957 V/PhoneStatusBar( 1711): setLightsOn(true)
06-05 18:32:47.959 D/Mileage.ABS( 3486): Finished backup
06-05 18:32:47.971 D/EGL_emulation( 1711): eglMakeCurrent: 0xa5b6bd80: ver 2 0 (tinfo 0xb1367140)
06-05 18:32:47.971 V/PhoneStatusBar( 1711): setLightsOn(true)
06-05 18:32:47.987 D/gralloc_ranchu( 1346): gralloc_alloc: Creating ashmem region of size 9023488
06-05 18:32:47.987 V/PhoneStatusBar( 1711): setLightsOn(true)
06-05 18:32:48.021 V/PhoneStatusBar( 1711): setLightsOn(true)
06-05 18:32:48.037 W/IInputConnectionWrapper( 3486): finishComposingText on inactive InputConnection
06-05 18:32:48.037 V/PhoneStatusBar( 1711): setLightsOn(true)
06-05 18:32:48.070 V/PhoneStatusBar( 1711): setLightsOn(true)
06-05 18:32:48.290 V/PhoneStatusBar( 1711): setLightsOn(true)
06-05 18:32:48.298 V/PhoneStatusBar( 1711): setLightsOn(true)
06-05 18:32:48.302 I/WindowManager( 1629): Destroying surface Surface(name=com.evancharlton.mileage/com.evancharlton.mileage.FieldActivity) called by com.android.server.wm.WindowStateAnimator.destroySurface:2016 com.android.server.wm.WindowStateAnimator.destroySurfaceLocked:882 com.android.server.wm.WindowState.removeLocked:1456 com.android.server.wm.WindowManagerService.removeWindowInnerLocked:2484 com.android.server.wm.WindowManagerService.removeWindowLocked:2442 com.android.server.wm.WindowManagerService.removeWindowLocked:2311 com.android.server.wm.WindowManagerService.removeWindow:2306 com.android.server.wm.Session.remove:202 
06-05 18:32:48.303 V/PhoneStatusBar( 1711): setLightsOn(true)
06-05 18:32:48.307 V/PhoneStatusBar( 1711): setLightsOn(true)
06-05 18:32:48.896 I/System.out( 3486): URI: //
06-05 18:32:48.896 I/System.out( 3486): params: {json={"command":"press_key","arguments":["KEYCODE_MENU"]}
06-05 18:32:48.896 I/System.out( 3486): }
06-05 18:32:48.896 I/System.out( 3486): header: {content-type=application/json;charset=utf-8, date=Fri, 05 Jun 2020 23:32:49 GMT, accept=*/*, host=127.0.0.1:34783, content-length=52, user-agent=HTTPClient/1.0 (2.8.3, ruby 2.5.1 (2018-03-29))}
06-05 18:32:48.896 I/System.out( 3486): params: {json={"command":"press_key","arguments":["KEYCODE_MENU"]}
06-05 18:32:48.896 I/System.out( 3486): }
06-05 18:32:48.896 I/System.out( 3486): ProP json = {"command":"press_key","arguments":["KEYCODE_MENU"]}
06-05 18:32:48.896 I/System.out( 3486): files: {}
06-05 18:32:48.896 I/System.out( 3486): command: {"command":"press_key","arguments":["KEYCODE_MENU"]}
06-05 18:32:48.899 I/InstrumentationBackend( 3486): Got command:'Command:'Line:null,press_key', arguments:'[KEYCODE_MENU]'
06-05 18:32:48.903 V/PhoneStatusBar( 1711): setLightsOn(true)
06-05 18:32:48.909 I/System.out( 3486): result:{"bonusInformation":[],"message":"","success":true}
06-05 18:32:48.914 I/System.out( 3486): URI: //map
06-05 18:32:48.914 I/System.out( 3486): params: {json={"query":"* marked:'Add new field'","operation":{"method_name":"query","arguments":[]}}
06-05 18:32:48.914 I/System.out( 3486): }
06-05 18:32:48.920 I/art     ( 3486): Do partial code cache collection, code=50KB, data=56KB
06-05 18:32:48.920 I/art     ( 3486): After code cache collection, code=50KB, data=56KB
06-05 18:32:48.920 I/art     ( 3486): Increasing code cache capacity to 256KB
06-05 18:32:48.922 V/PhoneStatusBar( 1711): setLightsOn(true)
06-05 18:32:48.937 V/PhoneStatusBar( 1711): setLightsOn(true)
06-05 18:32:48.954 V/PhoneStatusBar( 1711): setLightsOn(true)
06-05 18:32:48.955 D/gralloc_ranchu( 1346): gralloc_alloc: Creating ashmem region of size 929792
06-05 18:32:48.960 V/PhoneStatusBar( 1711): setLightsOn(true)
06-05 18:32:48.960 W/ResourceType( 3486): No package identifier when getting name for resource number 0x00000001
06-05 18:32:48.961 V/PhoneStatusBar( 1711): setLightsOn(true)
06-05 18:32:48.971 I/System.out( 3486): URI: //gesture
06-05 18:32:48.971 I/System.out( 3486): params: {json={"query_timeout":5.0,"gestures":[{"query_string":"* marked:'Add new field'","touches":[{"x":50,"y":50,"offset_x":0,"offset_y":0,"wait":0.0,"time":0.2,"release":true,"query_string":null}]}]}
06-05 18:32:48.971 I/System.out( 3486): }
06-05 18:32:48.971 V/PhoneStatusBar( 1711): setLightsOn(true)
06-05 18:32:48.975 W/ResourceType( 3486): No package identifier when getting name for resource number 0x00000001
06-05 18:32:49.087 D/gralloc_ranchu( 1346): gralloc_alloc: Creating ashmem region of size 929792
06-05 18:32:49.170 D/gralloc_ranchu( 1346): gralloc_alloc: Creating ashmem region of size 9023488
06-05 18:32:49.189 V/PhoneStatusBar( 1711): setLightsOn(true)
06-05 18:32:49.218 D/gralloc_ranchu( 1346): gralloc_alloc: Creating ashmem region of size 9023488
06-05 18:32:49.309 I/System.out( 3486): URI: //map
06-05 18:32:49.310 I/System.out( 3486): params: {json={"query":"android.widget.EditText index:0","operation":{"method_name":"query","arguments":[]}}
06-05 18:32:49.310 I/System.out( 3486): }
06-05 18:32:49.341 I/ActivityManager( 1629): START u0 {cmp=com.evancharlton.mileage/.FieldActivity} from uid 10160 on display 0
06-05 18:32:49.343 V/PhoneStatusBar( 1711): setLightsOn(true)
