--------- beginning of main
06-06 03:15:31.397 W/OpenGLRenderer( 2078): Incorrectly called buildLayer on View: ShortcutAndWidgetContainer, destroying layer...
06-06 03:15:31.423 D/AndroidRuntime( 1934): >>>>>> START com.android.internal.os.RuntimeInit uid 2000 <<<<<<
06-06 03:15:31.424 D/AndroidRuntime( 1934): CheckJNI is ON
06-06 03:15:31.437 W/art     ( 1934): Unexpected CPU variant for X86 using defaults: x86
06-06 03:15:31.439 D/ICU     ( 1934): No timezone override file found: /data/misc/zoneinfo/current/icu/icu_tzdata.dat
06-06 03:15:31.447 E/memtrack( 1934): Couldn't load memtrack module (No such file or directory)
06-06 03:15:31.447 E/android.os.Debug( 1934): failed to load memtrack module: -2
06-06 03:15:31.448 I/Radio-JNI( 1934): register_android_hardware_Radio DONE
06-06 03:15:31.453 D/AndroidRuntime( 1934): Calling main entry com.android.commands.am.Am
--------- beginning of system
06-06 03:15:31.454 I/ActivityManager( 1630): Force stopping com.evancharlton.mileage appid=10422 user=0: start instr
06-06 03:15:31.457 I/art     ( 1944): Not late-enabling -Xcheck:jni (already on)
06-06 03:15:31.457 W/art     ( 1944): Unexpected CPU variant for X86 using defaults: x86
06-06 03:15:31.465 I/ActivityManager( 1630): Start proc 1944:com.evancharlton.mileage/u0a422 for added application com.evancharlton.mileage
06-06 03:15:31.465 D/AndroidRuntime( 1934): Shutting down VM
06-06 03:15:31.469 W/System  ( 1944): ClassLoader referenced unknown path: /data/app/com.evancharlton.mileage.test-1/lib/x86
06-06 03:15:31.469 W/System  ( 1944): ClassLoader referenced unknown path: /data/app/com.evancharlton.mileage-1/lib/x86
06-06 03:15:31.471 W/System  ( 1944): ClassLoader referenced unknown path: 
06-06 03:15:31.475 I/System.out( 1944): Main activity name automatically set to: com.evancharlton.mileage.Mileage
06-06 03:15:31.475 I/System.out( 1944): Calabash did not load Mono. This is only a problem if you are trying to test a Mono application
06-06 03:15:31.475 I/calabash( 1944): Test server port: 7102
06-06 03:15:31.476 I/InstrumentationBackend( 1944): Added:'GetPreferences', with key:'get_preferences'
06-06 03:15:31.480 I/InstrumentationBackend( 1944): Added:'SetPreferences', with key:'set_preferences'
06-06 03:15:31.480 I/InstrumentationBackend( 1944): Added:'ClearPreferences', with key:'clear_preferences'
06-06 03:15:31.480 I/InstrumentationBackend( 1944): Added:'PressElement', with key:'press_l10n_element'
06-06 03:15:31.480 I/InstrumentationBackend( 1944): Added:'WaitForElement', with key:'wait_for_l10n_element'
06-06 03:15:31.480 I/InstrumentationBackend( 1944): Added:'NullAction', with key:'nullAction'
06-06 03:15:31.480 I/InstrumentationBackend( 1944): Added:'PressKey', with key:'press_key'
06-06 03:15:31.480 I/InstrumentationBackend( 1944): Added:'SetActivityOrientation', with key:'set_activity_orientation'
06-06 03:15:31.480 I/InstrumentationBackend( 1944): Added:'GetActivityOrientation', with key:'get_activity_orientation'
06-06 03:15:31.480 I/InstrumentationBackend( 1944): Added:'FakeGPSLocation', with key:'set_gps_coordinates'
06-06 03:15:31.480 I/InstrumentationBackend( 1944): Added:'SetPropertyByCssSelector', with key:'set_property_by_css_selector'
06-06 03:15:31.480 I/InstrumentationBackend( 1944): Added:'GetUrl', with key:'get_url'
06-06 03:15:31.481 I/InstrumentationBackend( 1944): Added:'ScrollTo', with key:'scroll_to'
06-06 03:15:31.481 I/InstrumentationBackend( 1944): Added:'GetLoadProgress', with key:'get_load_progress'
06-06 03:15:31.481 I/InstrumentationBackend( 1944): Added:'DumpHtml', with key:'dump_html'
06-06 03:15:31.481 I/InstrumentationBackend( 1944): Added:'DumpBodyHtml', with key:'dump_body_html'
06-06 03:15:31.481 I/InstrumentationBackend( 1944): Added:'EnterTextByCssSelector', with key:'enter_text_by_selector'
06-06 03:15:31.481 I/InstrumentationBackend( 1944): Added:'AndroidSDKVersion', with key:'android_sdk_version'
06-06 03:15:31.481 I/InstrumentationBackend( 1944): Added:'Version', with key:'version'
06-06 03:15:31.481 I/InstrumentationBackend( 1944): Added:'Drag', with key:'drag'
06-06 03:15:31.482 I/InstrumentationBackend( 1944): Added:'TouchCoordinates', with key:'touch_coordinate'
06-06 03:15:31.482 I/InstrumentationBackend( 1944): Added:'LongPressCoordinate', with key:'long_press_coordinate'
06-06 03:15:31.482 I/InstrumentationBackend( 1944): Added:'DragCoordinates', with key:'drag_coordinates'
06-06 03:15:31.482 I/InstrumentationBackend( 1944): Added:'ResumeApplication', with key:'resume_application'
06-06 03:15:31.482 I/InstrumentationBackend( 1944): Added:'Swipe', with key:'swipe'
06-06 03:15:31.482 I/InstrumentationBackend( 1944): Added:'DoubleTapCoordinate', with key:'double_tap_coordinate'
06-06 03:15:31.482 I/InstrumentationBackend( 1944): Added:'ClickOnScreen', with key:'click_on_screen'
06-06 03:15:31.482 I/InstrumentationBackend( 1944): Added:'GetActivityName', with key:'get_activity_name'
06-06 03:15:31.483 I/InstrumentationBackend( 1944): Added:'ScrollToView', with key:'scroll_to_view'
06-06 03:15:31.483 I/InstrumentationBackend( 1944): Added:'ViewConfiguration', with key:'view_configuration'
06-06 03:15:31.483 I/InstrumentationBackend( 1944): Added:'IsCurrentActivityFocused', with key:'is_current_activity_focused'
06-06 03:15:31.483 I/InstrumentationBackend( 1944): Added:'SendTcp', with key:'send_tcp'
06-06 03:15:31.483 I/InstrumentationBackend( 1944): Added:'DpToDevicePixel', with key:'dp_to_device_pixel'
06-06 03:15:31.483 I/InstrumentationBackend( 1944): Added:'KeyboardEnterText', with key:'keyboard_enter_text'
06-06 03:15:31.483 I/InstrumentationBackend( 1944): Added:'DeleteSurroundingText', with key:'delete_surrounding_text'
06-06 03:15:31.483 I/InstrumentationBackend( 1944): Added:'SetComposingRegion', with key:'set_composing_region'
06-06 03:15:31.483 I/InstrumentationBackend( 1944): Added:'SetSelection', with key:'set_selection'
06-06 03:15:31.483 I/InstrumentationBackend( 1944): Added:'KeyboardKeyEvent', with key:'keyboard_key_event'
06-06 03:15:31.483 I/InstrumentationBackend( 1944): Added:'PressUserActionButton', with key:'press_user_action_button'
06-06 03:15:31.484 I/InstrumentationBackend( 1944): Added:'HideSoftKeyboard', with key:'hide_soft_keyboard'
06-06 03:15:31.484 I/InstrumentationBackend( 1944): Added:'ListActions', with key:'list_actions'
06-06 03:15:31.484 I/calabash( 1944): Instantiating http server at 7102
06-06 03:15:31.485 I/System.out( 1944): HTTP Daemon listening on: 7102
06-06 03:15:31.576 I/System.out( 1944): URI: //ping
06-06 03:15:31.576 I/System.out( 1944): params: {json={}
06-06 03:15:31.576 I/System.out( 1944): }
06-06 03:15:31.584 I/System.out( 1944): URI: //ping
06-06 03:15:31.584 I/System.out( 1944): params: {json={}
06-06 03:15:31.584 I/System.out( 1944): }
06-06 03:15:31.590 I/System.out( 1944): URI: //ready
06-06 03:15:31.590 I/System.out( 1944): params: {json={}
06-06 03:15:31.590 I/System.out( 1944): }
06-06 03:15:31.597 I/System.out( 1944): URI: //
06-06 03:15:31.597 I/System.out( 1944): params: {json={"command":"version","arguments":[]}
06-06 03:15:31.597 I/System.out( 1944): }
06-06 03:15:31.597 I/System.out( 1944): header: {content-type=application/json;charset=utf-8, date=Sat, 06 Jun 2020 08:15:32 GMT, accept=*/*, host=127.0.0.1:34777, content-length=36, user-agent=HTTPClient/1.0 (2.8.3, ruby 2.5.1 (2018-03-29))}
06-06 03:15:31.597 I/System.out( 1944): params: {json={"command":"version","arguments":[]}
06-06 03:15:31.597 I/System.out( 1944): }
06-06 03:15:31.598 I/System.out( 1944): ProP json = {"command":"version","arguments":[]}
06-06 03:15:31.598 I/System.out( 1944): files: {}
06-06 03:15:31.598 I/System.out( 1944): command: {"command":"version","arguments":[]}
06-06 03:15:31.606 I/InstrumentationBackend( 1944): Got command:'Command:'Line:null,version', arguments:'[]'
06-06 03:15:31.616 I/System.out( 1944): result:{"bonusInformation":[],"message":"0.9.8","success":true}
06-06 03:15:31.619 I/System.out( 1944): URI: //start-application
06-06 03:15:31.619 I/System.out( 1944): params: {json={"intent":null}
06-06 03:15:31.619 I/System.out( 1944): }
06-06 03:15:31.630 I/ActivityManager( 1630): START u0 {act=android.intent.action.MAIN cat=[android.intent.category.LAUNCHER] flg=0x10200000 cmp=com.evancharlton.mileage/.Mileage} from uid 10422 on display 0
06-06 03:15:31.634 I/calabash( 1944): newActivity1
06-06 03:15:31.641 I/calabash( 1944): newActivity1
06-06 03:15:31.642 W/ActivityManager( 1630): Bad activity token: android.os.BinderProxy@b81245b
06-06 03:15:31.642 W/ActivityManager( 1630): java.lang.ClassCastException: android.os.BinderProxy cannot be cast to com.android.server.am.ActivityRecord$Token
06-06 03:15:31.642 W/ActivityManager( 1630): 	at com.android.server.am.ActivityRecord.forTokenLocked(ActivityRecord.java:586)
06-06 03:15:31.642 W/ActivityManager( 1630): 	at com.android.server.am.ActivityRecord.isInStackLocked(ActivityRecord.java:1327)
06-06 03:15:31.642 W/ActivityManager( 1630): 	at com.android.server.am.ActivityRecord.getStackLocked(ActivityRecord.java:1332)
06-06 03:15:31.642 W/ActivityManager( 1630): 	at com.android.server.am.ActivityManagerService.getActivityDisplayId(ActivityManagerService.java:9806)
06-06 03:15:31.642 W/ActivityManager( 1630): 	at android.app.ActivityManagerNative.onTransact(ActivityManagerNative.java:2566)
06-06 03:15:31.642 W/ActivityManager( 1630): 	at com.android.server.am.ActivityManagerService.onTransact(ActivityManagerService.java:2757)
06-06 03:15:31.642 W/ActivityManager( 1630): 	at android.os.Binder.execTransact(Binder.java:565)
06-06 03:15:31.643 W/ActivityManager( 1630): Bad activity token: android.os.BinderProxy@b81245b
06-06 03:15:31.643 W/ActivityManager( 1630): java.lang.ClassCastException: android.os.BinderProxy cannot be cast to com.android.server.am.ActivityRecord$Token
06-06 03:15:31.643 W/ActivityManager( 1630): 	at com.android.server.am.ActivityRecord.forTokenLocked(ActivityRecord.java:586)
06-06 03:15:31.643 W/ActivityManager( 1630): 	at com.android.server.am.ActivityRecord.isInStackLocked(ActivityRecord.java:1327)
06-06 03:15:31.643 W/ActivityManager( 1630): 	at com.android.server.am.ActivityManagerService.setTaskDescription(ActivityManagerService.java:9358)
06-06 03:15:31.643 W/ActivityManager( 1630): 	at android.app.ActivityManagerNative.onTransact(ActivityManagerNative.java:2639)
06-06 03:15:31.643 W/ActivityManager( 1630): 	at com.android.server.am.ActivityManagerService.onTransact(ActivityManagerService.java:2757)
06-06 03:15:31.643 W/ActivityManager( 1630): 	at android.os.Binder.execTransact(Binder.java:565)
06-06 03:15:31.643 W/ActivityManager( 1630): Bad activity token: android.os.BinderProxy@b81245b
06-06 03:15:31.643 W/ActivityManager( 1630): java.lang.ClassCastException: android.os.BinderProxy cannot be cast to com.android.server.am.ActivityRecord$Token
06-06 03:15:31.643 W/ActivityManager( 1630): 	at com.android.server.am.ActivityRecord.forTokenLocked(ActivityRecord.java:586)
06-06 03:15:31.643 W/ActivityManager( 1630): 	at com.android.server.am.ActivityRecord.isInStackLocked(ActivityRecord.java:1327)
06-06 03:15:31.643 W/ActivityManager( 1630): 	at com.android.server.am.ActivityRecord.getStackLocked(ActivityRecord.java:1332)
06-06 03:15:31.643 W/ActivityManager( 1630): 	at com.android.server.am.ActivityManagerService.getActivityStackId(ActivityManagerService.java:9817)
06-06 03:15:31.643 W/ActivityManager( 1630): 	at android.app.ActivityManagerNative.onTransact(ActivityManagerNative.java:2856)
06-06 03:15:31.643 W/ActivityManager( 1630): 	at com.android.server.am.ActivityManagerService.onTransact(ActivityManagerService.java:2757)
06-06 03:15:31.643 W/ActivityManager( 1630): 	at android.os.Binder.execTransact(Binder.java:565)
06-06 03:15:31.657 W/ActivityManager( 1630): Bad activity token: android.os.BinderProxy@b81245b
06-06 03:15:31.657 W/ActivityManager( 1630): java.lang.ClassCastException: android.os.BinderProxy cannot be cast to com.android.server.am.ActivityRecord$Token
06-06 03:15:31.657 W/ActivityManager( 1630): 	at com.android.server.am.ActivityRecord.forTokenLocked(ActivityRecord.java:586)
06-06 03:15:31.657 W/ActivityManager( 1630): 	at com.android.server.am.ActivityRecord.isInStackLocked(ActivityRecord.java:1327)
06-06 03:15:31.657 W/ActivityManager( 1630): 	at com.android.server.am.ActivityManagerService.getActivityOptions(ActivityManagerService.java:12559)
06-06 03:15:31.657 W/ActivityManager( 1630): 	at android.app.ActivityManagerNative.onTransact(ActivityManagerNative.java:1933)
06-06 03:15:31.657 W/ActivityManager( 1630): 	at com.android.server.am.ActivityManagerService.onTransact(ActivityManagerService.java:2757)
06-06 03:15:31.657 W/ActivityManager( 1630): 	at android.os.Binder.execTransact(Binder.java:565)
06-06 03:15:31.657 W/ActivityManager( 1630): Bad activity token: android.os.BinderProxy@b81245b
06-06 03:15:31.657 W/ActivityManager( 1630): java.lang.ClassCastException: android.os.BinderProxy cannot be cast to com.android.server.am.ActivityRecord$Token
06-06 03:15:31.657 W/ActivityManager( 1630): 	at com.android.server.am.ActivityRecord.forTokenLocked(ActivityRecord.java:586)
06-06 03:15:31.657 W/ActivityManager( 1630): 	at com.android.server.am.ActivityRecord.isInStackLocked(ActivityRecord.java:1327)
06-06 03:15:31.657 W/ActivityManager( 1630): 	at com.android.server.am.ActivityManagerService.getActivityOptions(ActivityManagerService.java:12559)
06-06 03:15:31.657 W/ActivityManager( 1630): 	at android.app.ActivityManagerNative.onTransact(ActivityManagerNative.java:1933)
06-06 03:15:31.657 W/ActivityManager( 1630): 	at com.android.server.am.ActivityManagerService.onTransact(ActivityManagerService.java:2757)
06-06 03:15:31.657 W/ActivityManager( 1630): 	at android.os.Binder.execTransact(Binder.java:565)
06-06 03:15:31.665 D/gralloc_ranchu( 1347): gralloc_alloc: Creating ashmem region of size 9023488
06-06 03:15:31.685 V/PhoneStatusBar( 1711): setLightsOn(true)
06-06 03:15:31.697 D/EGL_emulation( 1711): eglMakeCurrent: 0xa7985720: ver 2 0 (tinfo 0xa7983770)
06-06 03:15:31.698 V/PhoneStatusBar( 1711): setLightsOn(true)
06-06 03:15:31.699 V/PhoneStatusBar( 1711): setLightsOn(true)
06-06 03:15:31.700 D/gralloc_ranchu( 1347): gralloc_alloc: Creating ashmem region of size 9023488
06-06 03:15:31.701 V/PhoneStatusBar( 1711): setLightsOn(true)
06-06 03:15:31.704 D/        ( 1944): HostConnection::get() New Host Connection established 0x9a2b8500, tid 1944
06-06 03:15:31.736 D/EGL_emulation( 1711): eglMakeCurrent: 0xa7985720: ver 2 0 (tinfo 0xa7983770)
06-06 03:15:31.737 D/EGL_emulation( 2078): eglMakeCurrent: 0x9852d440: ver 2 0 (tinfo 0xa3d30310)
06-06 03:15:31.739 D/EGL_emulation( 1711): eglMakeCurrent: 0xa7985720: ver 2 0 (tinfo 0xa7983770)
06-06 03:15:31.741 D/EGL_emulation( 1711): eglMakeCurrent: 0xa7985720: ver 2 0 (tinfo 0xa7983770)
06-06 03:15:31.742 D/EGL_emulation( 1711): eglMakeCurrent: 0xa7985720: ver 2 0 (tinfo 0xa7983770)
06-06 03:15:31.750 D/EGL_emulation( 1711): eglMakeCurrent: 0xa7985720: ver 2 0 (tinfo 0xa7983770)
06-06 03:15:31.751 D/EGL_emulation( 1711): eglMakeCurrent: 0xa7985720: ver 2 0 (tinfo 0xa7983770)
06-06 03:15:31.752 I/ActivityManager( 1630): Displayed com.evancharlton.mileage/.Mileage: +120ms
06-06 03:15:31.763 D/gralloc_ranchu( 1347): gralloc_alloc: Creating ashmem region of size 9023488
06-06 03:15:31.764 D/EGL_emulation( 1711): eglMakeCurrent: 0xa7985720: ver 2 0 (tinfo 0xa7983770)
06-06 03:15:31.776 D/EGL_emulation( 1711): eglMakeCurrent: 0xa7985720: ver 2 0 (tinfo 0xa7983770)
06-06 03:15:31.786 D/EGL_emulation( 1711): eglMakeCurrent: 0xa7985720: ver 2 0 (tinfo 0xa7983770)
06-06 03:15:31.788 D/EGL_emulation( 1711): eglMakeCurrent: 0xa7985720: ver 2 0 (tinfo 0xa7983770)
06-06 03:15:31.789 V/PhoneStatusBar( 1711): setLightsOn(true)
06-06 03:15:31.799 D/EGL_emulation( 1711): eglMakeCurrent: 0xa7985720: ver 2 0 (tinfo 0xa7983770)
06-06 03:15:31.801 D/EGL_emulation( 1711): eglMakeCurrent: 0xa7985720: ver 2 0 (tinfo 0xa7983770)
06-06 03:15:31.807 I/System.out( 1944): URI: //map
06-06 03:15:31.807 I/System.out( 1944): params: {json={"query":"* marked:'Statistics'","operation":{"method_name":"query","arguments":[]}}
06-06 03:15:31.807 I/System.out( 1944): }
06-06 03:15:31.814 D/EGL_emulation( 1711): eglMakeCurrent: 0xa7985720: ver 2 0 (tinfo 0xa7983770)
06-06 03:15:31.815 D/EGL_emulation( 1711): eglMakeCurrent: 0xa7985720: ver 2 0 (tinfo 0xa7983770)
06-06 03:15:31.821 W/ResourceType( 1944): No package identifier when getting name for resource number 0x00000001
06-06 03:15:31.830 D/EGL_emulation( 1711): eglMakeCurrent: 0xa7985720: ver 2 0 (tinfo 0xa7983770)
06-06 03:15:31.833 D/EGL_emulation( 1711): eglMakeCurrent: 0xa7985720: ver 2 0 (tinfo 0xa7983770)
06-06 03:15:31.834 I/System.out( 1944): URI: //gesture
06-06 03:15:31.834 I/System.out( 1944): params: {json={"query_timeout":5.0,"gestures":[{"query_string":"* marked:'Statistics'","touches":[{"x":50,"y":50,"offset_x":0,"offset_y":0,"wait":0.0,"time":0.2,"release":true,"query_string":null}]}]}
06-06 03:15:31.834 I/System.out( 1944): }
06-06 03:15:31.839 W/ResourceType( 1944): No package identifier when getting name for resource number 0x00000001
06-06 03:15:31.853 D/EGL_emulation( 1711): eglMakeCurrent: 0xa7985720: ver 2 0 (tinfo 0xa7983770)
06-06 03:15:31.855 D/EGL_emulation( 1711): eglMakeCurrent: 0xa7985720: ver 2 0 (tinfo 0xa7983770)
06-06 03:15:31.866 D/EGL_emulation( 1711): eglMakeCurrent: 0xa7985720: ver 2 0 (tinfo 0xa7983770)
06-06 03:15:31.871 D/EGL_emulation( 1711): eglMakeCurrent: 0xa7985720: ver 2 0 (tinfo 0xa7983770)
06-06 03:15:31.883 D/EGL_emulation( 1711): eglMakeCurrent: 0xa7985720: ver 2 0 (tinfo 0xa7983770)
06-06 03:15:31.888 D/EGL_emulation( 1711): eglMakeCurrent: 0xa7985720: ver 2 0 (tinfo 0xa7983770)
06-06 03:15:31.898 D/EGL_emulation( 1711): eglMakeCurrent: 0xa7985720: ver 2 0 (tinfo 0xa7983770)
06-06 03:15:31.903 D/EGL_emulation( 1711): eglMakeCurrent: 0xa7985720: ver 2 0 (tinfo 0xa7983770)
06-06 03:15:31.914 D/EGL_emulation( 1711): eglMakeCurrent: 0xa7985720: ver 2 0 (tinfo 0xa7983770)
06-06 03:15:31.915 D/EGL_emulation( 1711): eglMakeCurrent: 0xa7985720: ver 2 0 (tinfo 0xa7983770)
06-06 03:15:31.930 D/EGL_emulation( 1711): eglMakeCurrent: 0xa7985720: ver 2 0 (tinfo 0xa7983770)
06-06 03:15:31.946 I/WindowManager( 1630): Destroying surface Surface(name=Starting com.evancharlton.mileage) called by com.android.server.wm.WindowStateAnimator.destroySurface:2016 com.android.server.wm.WindowStateAnimator.destroySurfaceLocked:882 com.android.server.wm.WindowState.destroyOrSaveSurface:2100 com.android.server.wm.AppWindowToken.destroySurfaces:363 com.android.server.wm.WindowStateAnimator.finishExit:565 com.android.server.wm.WindowStateAnimator.stepAnimationLocked:491 com.android.server.wm.WindowAnimator.updateWindowsLocked:303 com.android.server.wm.WindowAnimator.animateLocked:704 
06-06 03:15:31.949 V/PhoneStatusBar( 1711): setLightsOn(true)
06-06 03:15:31.949 V/PhoneStatusBar( 1711): setLightsOn(true)
06-06 03:15:32.071 I/calabash( 1944): newActivity1
06-06 03:15:32.096 I/System.out( 1944): URI: //map
06-06 03:15:32.096 I/System.out( 1944): params: {json={"query":"* marked:'Average distance'","operation":{"method_name":"query","arguments":[]}}
06-06 03:15:32.096 I/System.out( 1944): }
06-06 03:15:32.107 W/ActivityManager( 1630): Bad activity token: android.os.BinderProxy@ca3bd41
06-06 03:15:32.107 W/ActivityManager( 1630): java.lang.ClassCastException: android.os.BinderProxy cannot be cast to com.android.server.am.ActivityRecord$Token
06-06 03:15:32.107 W/ActivityManager( 1630): 	at com.android.server.am.ActivityRecord.forTokenLocked(ActivityRecord.java:586)
06-06 03:15:32.107 W/ActivityManager( 1630): 	at com.android.server.am.ActivityRecord.isInStackLocked(ActivityRecord.java:1327)
06-06 03:15:32.107 W/ActivityManager( 1630): 	at com.android.server.am.ActivityRecord.getStackLocked(ActivityRecord.java:1332)
06-06 03:15:32.107 W/ActivityManager( 1630): 	at com.android.server.am.ActivityManagerService.getActivityDisplayId(ActivityManagerService.java:9806)
06-06 03:15:32.107 W/ActivityManager( 1630): 	at android.app.ActivityManagerNative.onTransact(ActivityManagerNative.java:2566)
06-06 03:15:32.107 W/ActivityManager( 1630): 	at com.android.server.am.ActivityManagerService.onTransact(ActivityManagerService.java:2757)
06-06 03:15:32.107 W/ActivityManager( 1630): 	at android.os.Binder.execTransact(Binder.java:565)
06-06 03:15:32.108 W/ActivityManager( 1630): Bad activity token: android.os.BinderProxy@ca3bd41
06-06 03:15:32.108 W/ActivityManager( 1630): java.lang.ClassCastException: android.os.BinderProxy cannot be cast to com.android.server.am.ActivityRecord$Token
06-06 03:15:32.108 W/ActivityManager( 1630): 	at com.android.server.am.ActivityRecord.forTokenLocked(ActivityRecord.java:586)
06-06 03:15:32.108 W/ActivityManager( 1630): 	at com.android.server.am.ActivityRecord.isInStackLocked(ActivityRecord.java:1327)
06-06 03:15:32.108 W/ActivityManager( 1630): 	at com.android.server.am.ActivityManagerService.setTaskDescription(ActivityManagerService.java:9358)
06-06 03:15:32.108 W/ActivityManager( 1630): 	at android.app.ActivityManagerNative.onTransact(ActivityManagerNative.java:2639)
06-06 03:15:32.108 W/ActivityManager( 1630): 	at com.android.server.am.ActivityManagerService.onTransact(ActivityManagerService.java:2757)
06-06 03:15:32.108 W/ActivityManager( 1630): 	at android.os.Binder.execTransact(Binder.java:565)
06-06 03:15:32.108 W/ActivityManager( 1630): Bad activity token: android.os.BinderProxy@ca3bd41
06-06 03:15:32.108 W/ActivityManager( 1630): java.lang.ClassCastException: android.os.BinderProxy cannot be cast to com.android.server.am.ActivityRecord$Token
06-06 03:15:32.108 W/ActivityManager( 1630): 	at com.android.server.am.ActivityRecord.forTokenLocked(ActivityRecord.java:586)
06-06 03:15:32.108 W/ActivityManager( 1630): 	at com.android.server.am.ActivityRecord.isInStackLocked(ActivityRecord.java:1327)
06-06 03:15:32.108 W/ActivityManager( 1630): 	at com.android.server.am.ActivityRecord.getStackLocked(ActivityRecord.java:1332)
06-06 03:15:32.108 W/ActivityManager( 1630): 	at com.android.server.am.ActivityManagerService.getActivityStackId(ActivityManagerService.java:9817)
06-06 03:15:32.108 W/ActivityManager( 1630): 	at android.app.ActivityManagerNative.onTransact(ActivityManagerNative.java:2856)
06-06 03:15:32.108 W/ActivityManager( 1630): 	at com.android.server.am.ActivityManagerService.onTransact(ActivityManagerService.java:2757)
06-06 03:15:32.108 W/ActivityManager( 1630): 	at android.os.Binder.execTransact(Binder.java:565)
06-06 03:15:32.113 D/VehicleStatisticsActivity( 1944): Checking recalculation ...
06-06 03:15:32.114 D/VehicleStatisticsActivity( 1944): Recalculating statistics
06-06 03:15:32.114 D/VehicleStatisticsTask( 1944): Calculation starting...
06-06 03:15:32.114 D/VehicleStatisticsActivity( 1944): Recalculation started!
06-06 03:15:32.114 W/ResourceType( 1944): No package identifier when getting value for resource number 0x00000000
06-06 03:15:32.115 D/AndroidRuntime( 1944): Shutting down VM
--------- beginning of crash
06-06 03:15:32.115 E/AndroidRuntime( 1944): FATAL EXCEPTION: main
06-06 03:15:32.115 E/AndroidRuntime( 1944): Process: com.evancharlton.mileage, PID: 1944
06-06 03:15:32.115 E/AndroidRuntime( 1944): java.lang.RuntimeException: Unable to start activity ComponentInfo{com.evancharlton.mileage/com.evancharlton.mileage.VehicleStatisticsActivity}: android.content.res.Resources$NotFoundException: String resource ID #0x0
06-06 03:15:32.115 E/AndroidRuntime( 1944): 	at android.app.ActivityThread.performLaunchActivity(ActivityThread.java:2646)
06-06 03:15:32.115 E/AndroidRuntime( 1944): 	at android.app.ActivityThread.startActivityNow(ActivityThread.java:2446)
06-06 03:15:32.115 E/AndroidRuntime( 1944): 	at android.app.LocalActivityManager.moveToState(LocalActivityManager.java:136)
06-06 03:15:32.115 E/AndroidRuntime( 1944): 	at android.app.LocalActivityManager.startActivity(LocalActivityManager.java:348)
06-06 03:15:32.115 E/AndroidRuntime( 1944): 	at android.widget.TabHost$IntentContentStrategy.getContentView(TabHost.java:724)
06-06 03:15:32.115 E/AndroidRuntime( 1944): 	at android.widget.TabHost.setCurrentTab(TabHost.java:388)
06-06 03:15:32.115 E/AndroidRuntime( 1944): 	at android.widget.TabHost$2.onTabSelectionChanged(TabHost.java:158)
06-06 03:15:32.115 E/AndroidRuntime( 1944): 	at android.widget.TabWidget$TabClickListener.onClick(TabWidget.java:532)
06-06 03:15:32.115 E/AndroidRuntime( 1944): 	at android.view.View.performClick(View.java:5610)
06-06 03:15:32.115 E/AndroidRuntime( 1944): 	at android.view.View$PerformClick.run(View.java:22265)
06-06 03:15:32.115 E/AndroidRuntime( 1944): 	at android.os.Handler.handleCallback(Handler.java:751)
06-06 03:15:32.115 E/AndroidRuntime( 1944): 	at android.os.Handler.dispatchMessage(Handler.java:95)
06-06 03:15:32.115 E/AndroidRuntime( 1944): 	at android.os.Looper.loop(Looper.java:154)
06-06 03:15:32.115 E/AndroidRuntime( 1944): 	at android.app.ActivityThread.main(ActivityThread.java:6077)
06-06 03:15:32.115 E/AndroidRuntime( 1944): 	at java.lang.reflect.Method.invoke(Native Method)
06-06 03:15:32.115 E/AndroidRuntime( 1944): 	at com.android.internal.os.ZygoteInit$MethodAndArgsCaller.run(ZygoteInit.java:866)
06-06 03:15:32.115 E/AndroidRuntime( 1944): 	at com.android.internal.os.ZygoteInit.main(ZygoteInit.java:756)
06-06 03:15:32.115 E/AndroidRuntime( 1944): Caused by: android.content.res.Resources$NotFoundException: String resource ID #0x0
06-06 03:15:32.115 E/AndroidRuntime( 1944): 	at android.content.res.Resources.getText(Resources.java:331)
06-06 03:15:32.115 E/AndroidRuntime( 1944): 	at android.content.res.Resources.getString(Resources.java:377)
06-06 03:15:32.115 E/AndroidRuntime( 1944): 	at android.content.Context.getString(Context.java:476)
06-06 03:15:32.115 E/AndroidRuntime( 1944): 	at com.evancharlton.mileage.adapters.VehicleStatisticsAdapter$StatisticHolder.<init>(VehicleStatisticsAdapter.java:209)
06-06 03:15:32.115 E/AndroidRuntime( 1944): 	at com.evancharlton.mileage.adapters.VehicleStatisticsAdapter.<init>(VehicleStatisticsAdapter.java:48)
06-06 03:15:32.115 E/AndroidRuntime( 1944): 	at com.evancharlton.mileage.VehicleStatisticsActivity.setAdapter(VehicleStatisticsActivity.java:197)
06-06 03:15:32.115 E/AndroidRuntime( 1944): 	at com.evancharlton.mileage.VehicleStatisticsActivity.recalculate(VehicleStatisticsActivity.java:175)
06-06 03:15:32.115 E/AndroidRuntime( 1944): 	at com.evancharlton.mileage.VehicleStatisticsActivity.onCreate(VehicleStatisticsActivity.java:131)
06-06 03:15:32.115 E/AndroidRuntime( 1944): 	at android.app.Activity.performCreate(Activity.java:6662)
06-06 03:15:32.115 E/AndroidRuntime( 1944): 	at android.app.Instrumentation.callActivityOnCreate(Instrumentation.java:1118)
06-06 03:15:32.115 E/AndroidRuntime( 1944): 	at android.app.ActivityThread.performLaunchActivity(ActivityThread.java:2599)
06-06 03:15:32.115 E/AndroidRuntime( 1944): 	... 16 more
06-06 03:15:32.115 I/Process ( 1944): Sending signal. PID: 1944 SIG: 9
06-06 03:15:32.147 V/PhoneStatusBar( 1711): setLightsOn(true)
06-06 03:15:32.150 I/WindowManager( 1630): WIN DEATH: Window{be8db10 u0 com.evancharlton.mileage/com.evancharlton.mileage.Mileage}
06-06 03:15:32.150 I/WindowManager( 1630): Destroying surface Surface(name=com.evancharlton.mileage/com.evancharlton.mileage.Mileage) called by com.android.server.wm.WindowStateAnimator.destroySurface:2016 com.android.server.wm.WindowStateAnimator.destroySurfaceLocked:882 com.android.server.wm.WindowState.removeLocked:1456 com.android.server.wm.WindowManagerService.removeWindowInnerLocked:2484 com.android.server.wm.WindowManagerService.removeWindowLocked:2442 com.android.server.wm.WindowState$DeathRecipient.binderDied:1787 android.os.BinderProxy.sendDeathNotice:688 <bottom of call stack> 
06-06 03:15:32.150 I/ActivityManager( 1630): Process com.evancharlton.mileage (pid 1944) has died
06-06 03:15:32.150 D/ActivityManager( 1630): cleanUpApplicationRecord -- 1944
06-06 03:15:32.150 W/ActivityManager( 1630): Scheduling restart of crashed service com.evancharlton.mileage/.services.AutomaticBackupService in 1000ms
06-06 03:15:32.150 W/ActivityManager( 1630): Force removing ActivityRecord{12339e0 u0 com.evancharlton.mileage/.Mileage t12661}: app died, no saved state
06-06 03:15:32.152 W/ActivityManager( 1630): Crash of app com.evancharlton.mileage running instrumentation ComponentInfo{com.evancharlton.mileage.test/sh.calaba.instrumentationbackend.CalabashInstrumentationTestRunner}
06-06 03:15:32.152 I/ActivityManager( 1630): Force stopping com.evancharlton.mileage appid=10422 user=0: finished inst
06-06 03:15:32.153 I/ActivityManager( 1630):   Force stopping service ServiceRecord{5adec7d u0 com.evancharlton.mileage/.services.AutomaticBackupService}
06-06 03:15:32.155 V/PhoneStatusBar( 1711): setLightsOn(true)
06-06 03:15:32.184 D/EGL_emulation( 2078): eglMakeCurrent: 0x9852d440: ver 2 0 (tinfo 0xa3d30310)
06-06 03:15:32.198 D/EGL_emulation( 1711): eglMakeCurrent: 0xa7985720: ver 2 0 (tinfo 0xa7983770)
06-06 03:15:32.214 D/EGL_emulation( 1711): eglMakeCurrent: 0xa7985720: ver 2 0 (tinfo 0xa7983770)
06-06 03:15:32.216 D/EGL_emulation( 1711): eglMakeCurrent: 0xa7985720: ver 2 0 (tinfo 0xa7983770)
06-06 03:15:32.230 D/EGL_emulation( 1711): eglMakeCurrent: 0xa7985720: ver 2 0 (tinfo 0xa7983770)
06-06 03:15:32.232 D/EGL_emulation( 1711): eglMakeCurrent: 0xa7985720: ver 2 0 (tinfo 0xa7983770)
06-06 03:15:32.247 D/EGL_emulation( 1711): eglMakeCurrent: 0xa7985720: ver 2 0 (tinfo 0xa7983770)
06-06 03:15:32.250 E/SurfaceFlinger( 1347): ro.sf.lcd_density must be defined as a build property
06-06 03:15:32.251 D/EGL_emulation( 1711): eglMakeCurrent: 0xa7985720: ver 2 0 (tinfo 0xa7983770)
06-06 03:15:32.251 D/gralloc_ranchu( 1347): gralloc_alloc: Creating ashmem region of size 9592832
06-06 03:15:32.256 D/        ( 1999): HostConnection::get() New Host Connection established 0xaa69b2c0, tid 1999
06-06 03:15:32.260 E/EGL_emulation( 1347): tid 1347: eglCreateSyncKHR(1901): error 0x3004 (EGL_BAD_ATTRIBUTE)
06-06 03:15:32.291 D/EGL_emulation( 1711): eglMakeCurrent: 0xa7985720: ver 2 0 (tinfo 0xa7983770)
06-06 03:15:32.295 D/EGL_emulation( 1711): eglMakeCurrent: 0xa7985720: ver 2 0 (tinfo 0xa7983770)
06-06 03:15:32.297 D/EGL_emulation( 1711): eglMakeCurrent: 0xa7985720: ver 2 0 (tinfo 0xa7983770)
06-06 03:15:32.301 D/EGL_emulation( 1711): eglMakeCurrent: 0xa7985720: ver 2 0 (tinfo 0xa7983770)
06-06 03:15:32.303 D/EGL_emulation( 1711): eglMakeCurrent: 0xa7985720: ver 2 0 (tinfo 0xa7983770)
06-06 03:15:32.313 D/EGL_emulation( 1711): eglMakeCurrent: 0xa7985720: ver 2 0 (tinfo 0xa7983770)
06-06 03:15:32.316 D/EGL_emulation( 1711): eglMakeCurrent: 0xa7985720: ver 2 0 (tinfo 0xa7983770)
06-06 03:15:32.330 D/EGL_emulation( 1711): eglMakeCurrent: 0xa7985720: ver 2 0 (tinfo 0xa7983770)
06-06 03:15:32.332 D/EGL_emulation( 1711): eglMakeCurrent: 0xa7985720: ver 2 0 (tinfo 0xa7983770)
06-06 03:15:32.347 D/EGL_emulation( 1711): eglMakeCurrent: 0xa7985720: ver 2 0 (tinfo 0xa7983770)
06-06 03:15:32.349 D/EGL_emulation( 1711): eglMakeCurrent: 0xa7985720: ver 2 0 (tinfo 0xa7983770)
06-06 03:15:32.371 D/EGL_emulation( 1711): eglMakeCurrent: 0xa7985720: ver 2 0 (tinfo 0xa7983770)
06-06 03:15:32.373 D/EGL_emulation( 1711): eglMakeCurrent: 0xa7985720: ver 2 0 (tinfo 0xa7983770)
06-06 03:15:32.380 D/EGL_emulation( 1711): eglMakeCurrent: 0xa7985720: ver 2 0 (tinfo 0xa7983770)
06-06 03:15:32.397 D/EGL_emulation( 1711): eglMakeCurrent: 0xa7985720: ver 2 0 (tinfo 0xa7983770)
