06-05 21:19:33.289 I/WindowManager( 1630): Destroying surface Surface(name=AtchDlg:com.evancharlton.mileage/com.evancharlton.mileage.FieldListActivity) called by com.android.server.wm.WindowStateAnimator.destroySurface:2016 com.android.server.wm.WindowStateAnimator.destroySurfaceLocked:882 com.android.server.wm.WindowState.removeLocked:1456 com.android.server.wm.WindowManagerService.removeWindowInnerLocked:2484 com.android.server.wm.WindowManagerService.removeWindowLocked:2442 com.android.server.wm.WindowManagerService.removeWindowLocked:2311 com.android.server.wm.WindowManagerService.removeWindow:2306 com.android.server.wm.Session.remove:202 
06-05 21:19:33.316 I/calabash( 6980): newActivity1
06-05 21:19:33.361 V/PhoneStatusBar( 1711): setLightsOn(true)
06-05 21:19:33.378 V/PhoneStatusBar( 1711): setLightsOn(true)
06-05 21:19:33.404 D/gralloc_ranchu( 1347): gralloc_alloc: Creating ashmem region of size 9023488
06-05 21:19:33.427 W/InputMethodService( 1697): Window size has been changed. This may cause jankiness of resizing window: -1 -> -2
06-05 21:19:33.427 I/ActivityManager( 1630): Displayed com.evancharlton.mileage/.FieldActivity: +141ms
06-05 21:19:33.428 V/PhoneStatusBar( 1711): setLightsOn(true)
06-05 21:19:33.431 I/LatinIME( 1697): Starting input. Cursor position = 0,0
06-05 21:19:33.444 V/PhoneStatusBar( 1711): setLightsOn(true)
06-05 21:19:33.455 D/gralloc_ranchu( 1347): gralloc_alloc: Creating ashmem region of size 9023488
06-05 21:19:33.511 V/PhoneStatusBar( 1711): setLightsOn(true)
06-05 21:19:33.528 V/PhoneStatusBar( 1711): setLightsOn(true)
06-05 21:19:33.545 D/EGL_emulation( 1697): eglMakeCurrent: 0xb0f85180: ver 2 0 (tinfo 0xb0f83880)
06-05 21:19:33.546 D/EGL_emulation( 1711): eglMakeCurrent: 0xb0f853c0: ver 2 0 (tinfo 0xb0f833e0)
06-05 21:19:33.546 V/PhoneStatusBar( 1711): setLightsOn(true)
06-05 21:19:33.561 D/EGL_emulation( 1711): eglMakeCurrent: 0xb0f853c0: ver 2 0 (tinfo 0xb0f833e0)
06-05 21:19:33.562 V/PhoneStatusBar( 1711): setLightsOn(true)
06-05 21:19:33.570 I/System.out( 6980): URI: //map
06-05 21:19:33.570 I/System.out( 6980): params: {json={"query":"android.widget.EditText index:0","operation":{"method_name":"query","arguments":[]}}
06-05 21:19:33.570 I/System.out( 6980): }
06-05 21:19:33.577 V/PhoneStatusBar( 1711): setLightsOn(true)
06-05 21:19:33.592 I/System.out( 6980): URI: //gesture
06-05 21:19:33.592 I/System.out( 6980): params: {json={"query_timeout":5.0,"gestures":[{"query_string":"android.widget.EditText index:0","touches":[{"x":50,"y":50,"offset_x":0,"offset_y":0,"wait":0.0,"time":0.2,"release":true,"query_string":null}]}]}
06-05 21:19:33.592 I/System.out( 6980): }
06-05 21:19:33.600 I/art     ( 6980): Compiler allocated 7MB to compile sh.calaba.instrumentationbackend.actions.NanoHTTPD$Response sh.calaba.instrumentationbackend.actions.HttpServer.serve(java.lang.String, java.lang.String, java.util.Properties, java.util.Properties, java.util.Properties)
06-05 21:19:33.662 V/PhoneStatusBar( 1711): setLightsOn(true)
06-05 21:19:33.778 V/PhoneStatusBar( 1711): setLightsOn(true)
06-05 21:19:33.795 V/PhoneStatusBar( 1711): setLightsOn(true)
06-05 21:19:33.796 V/PhoneStatusBar( 1711): setLightsOn(true)
06-05 21:19:33.811 I/WindowManager( 1630): Destroying surface Surface(name=com.evancharlton.mileage/com.evancharlton.mileage.FieldListActivity) called by com.android.server.wm.WindowStateAnimator.destroySurface:2016 com.android.server.wm.WindowStateAnimator.destroySurfaceLocked:882 com.android.server.wm.WindowState.destroyOrSaveSurface:2100 com.android.server.wm.WindowManagerService.tryStartExitingAnimation:3024 com.android.server.wm.WindowManagerService.relayoutWindow:2904 com.android.server.wm.Session.relayout:224 android.view.IWindowSession$Stub.onTransact:286 com.android.server.wm.Session.onTransact:145 
06-05 21:19:33.811 V/PhoneStatusBar( 1711): setLightsOn(true)
06-05 21:19:33.812 V/PhoneStatusBar( 1711): setLightsOn(true)
06-05 21:19:34.338 I/System.out( 6980): URI: //
06-05 21:19:34.338 I/System.out( 6980): params: {json={"command":"set_selection","arguments":[-1,-1]}
06-05 21:19:34.338 I/System.out( 6980): }
06-05 21:19:34.338 I/System.out( 6980): header: {content-type=application/json;charset=utf-8, date=Sat, 06 Jun 2020 02:19:34 GMT, accept=*/*, host=127.0.0.1:34777, content-length=47, user-agent=HTTPClient/1.0 (2.8.3, ruby 2.5.1 (2018-03-29))}
06-05 21:19:34.339 I/System.out( 6980): params: {json={"command":"set_selection","arguments":[-1,-1]}
06-05 21:19:34.339 I/System.out( 6980): }
06-05 21:19:34.339 I/System.out( 6980): ProP json = {"command":"set_selection","arguments":[-1,-1]}
06-05 21:19:34.339 I/System.out( 6980): files: {}
06-05 21:19:34.339 I/System.out( 6980): command: {"command":"set_selection","arguments":[-1,-1]}
06-05 21:19:34.341 I/InstrumentationBackend( 6980): Got command:'Command:'Line:null,set_selection', arguments:'[-1, -1]'
06-05 21:19:34.352 I/System.out( 6980): result:{"bonusInformation":[],"message":"","success":true}
06-05 21:19:34.391 I/System.out( 6980): URI: //
06-05 21:19:34.391 I/System.out( 6980): params: {json={"command":"keyboard_enter_text","arguments":["Gas station address"]}
06-05 21:19:34.391 I/System.out( 6980): }
06-05 21:19:34.391 I/System.out( 6980): header: {content-type=application/json;charset=utf-8, date=Sat, 06 Jun 2020 02:19:34 GMT, accept=*/*, host=127.0.0.1:34777, content-length=69, user-agent=HTTPClient/1.0 (2.8.3, ruby 2.5.1 (2018-03-29))}
06-05 21:19:34.391 I/System.out( 6980): params: {json={"command":"keyboard_enter_text","arguments":["Gas station address"]}
06-05 21:19:34.391 I/System.out( 6980): }
06-05 21:19:34.391 I/System.out( 6980): ProP json = {"command":"keyboard_enter_text","arguments":["Gas station address"]}
06-05 21:19:34.391 I/System.out( 6980): files: {}
06-05 21:19:34.391 I/System.out( 6980): command: {"command":"keyboard_enter_text","arguments":["Gas station address"]}
06-05 21:19:34.393 I/InstrumentationBackend( 6980): Got command:'Command:'Line:null,keyboard_enter_text', arguments:'[Gas station address]'
06-05 21:19:34.393 E/SpannableStringBuilder( 6980): SPAN_EXCLUSIVE_EXCLUSIVE spans cannot have a zero length
06-05 21:19:34.393 E/SpannableStringBuilder( 6980): SPAN_EXCLUSIVE_EXCLUSIVE spans cannot have a zero length
06-05 21:19:34.406 E/SpannableStringBuilder( 6980): SPAN_EXCLUSIVE_EXCLUSIVE spans cannot have a zero length
06-05 21:19:34.406 E/SpannableStringBuilder( 6980): SPAN_EXCLUSIVE_EXCLUSIVE spans cannot have a zero length
06-05 21:19:34.409 I/System.out( 6980): result:{"bonusInformation":[],"message":"","success":true}
06-05 21:19:34.411 I/System.out( 6980): URI: //
06-05 21:19:34.411 I/System.out( 6980): params: {json={"command":"press_key","arguments":["KEYCODE_BACK"]}
06-05 21:19:34.411 I/System.out( 6980): }
06-05 21:19:34.411 I/System.out( 6980): header: {content-type=application/json;charset=utf-8, date=Sat, 06 Jun 2020 02:19:34 GMT, accept=*/*, host=127.0.0.1:34777, content-length=52, user-agent=HTTPClient/1.0 (2.8.3, ruby 2.5.1 (2018-03-29))}
06-05 21:19:34.411 I/System.out( 6980): params: {json={"command":"press_key","arguments":["KEYCODE_BACK"]}
06-05 21:19:34.411 I/System.out( 6980): }
06-05 21:19:34.411 I/System.out( 6980): ProP json = {"command":"press_key","arguments":["KEYCODE_BACK"]}
06-05 21:19:34.411 I/System.out( 6980): files: {}
06-05 21:19:34.411 I/System.out( 6980): command: {"command":"press_key","arguments":["KEYCODE_BACK"]}
06-05 21:19:34.412 I/InstrumentationBackend( 6980): Got command:'Command:'Line:null,press_key', arguments:'[KEYCODE_BACK]'
06-05 21:19:34.436 W/InputMethodService( 1697): Window size has been changed. This may cause jankiness of resizing window: -1 -> -2
06-05 21:19:34.436 I/System.out( 6980): result:{"bonusInformation":[],"message":"","success":true}
06-05 21:19:34.439 I/System.out( 6980): URI: //map
06-05 21:19:34.439 I/System.out( 6980): params: {json={"query":"* marked:'Add new field'","operation":{"method_name":"query","arguments":[]}}
06-05 21:19:34.439 I/System.out( 6980): }
06-05 21:19:34.442 W/ResourceType( 6980): No package identifier when getting name for resource number 0x00000001
06-05 21:19:34.444 D/EGL_emulation( 1711): eglMakeCurrent: 0xb0f853c0: ver 2 0 (tinfo 0xb0f833e0)
06-05 21:19:34.445 D/EGL_emulation( 1697): eglMakeCurrent: 0xb0f85180: ver 2 0 (tinfo 0xb0f83880)
06-05 21:19:34.447 V/PhoneStatusBar( 1711): setLightsOn(true)
06-05 21:19:34.449 V/PhoneStatusBar( 1711): setLightsOn(true)
06-05 21:19:34.451 I/System.out( 6980): URI: //gesture
06-05 21:19:34.451 I/System.out( 6980): params: {json={"query_timeout":5.0,"gestures":[{"query_string":"* marked:'Add new field'","touches":[{"x":50,"y":50,"offset_x":0,"offset_y":0,"wait":0.0,"time":0.2,"release":true,"query_string":null}]}]}
06-05 21:19:34.451 I/System.out( 6980): }
06-05 21:19:34.461 V/PhoneStatusBar( 1711): setLightsOn(true)
06-05 21:19:34.475 W/ResourceType( 6980): No package identifier when getting name for resource number 0x00000001
06-05 21:19:34.591 D/gralloc_ranchu( 1347): gralloc_alloc: Creating ashmem region of size 9023488
06-05 21:19:34.628 V/PhoneStatusBar( 1711): setLightsOn(true)
06-05 21:19:34.628 I/WindowManager( 1630): Destroying surface Surface(name=InputMethod) called by com.android.server.wm.WindowStateAnimator.destroySurface:2016 com.android.server.wm.WindowStateAnimator.destroySurfaceLocked:882 com.android.server.wm.WindowState.destroyOrSaveSurface:2100 com.android.server.wm.WindowSurfacePlacer.performSurfacePlacementInner:429 com.android.server.wm.WindowSurfacePlacer.performSurfacePlacementLoop:232 com.android.server.wm.WindowSurfacePlacer.performSurfacePlacement:180 com.android.server.wm.WindowManagerService$H.handleMessage:8086 android.os.Handler.dispatchMessage:102 
