06-05 22:58:53.353 W/InputMethodService( 1698): Window size has been changed. This may cause jankiness of resizing window: -1 -> -2
06-05 22:58:53.354 I/ActivityManager( 1631): Displayed com.evancharlton.mileage/.FieldActivity: +181ms
06-05 22:58:53.358 I/LatinIME( 1698): Starting input. Cursor position = 0,0
06-05 22:58:53.366 D/gralloc_ranchu( 1347): gralloc_alloc: Creating ashmem region of size 9023488
06-05 22:58:53.367 V/PhoneStatusBar( 1712): setLightsOn(true)
06-05 22:58:53.384 V/PhoneStatusBar( 1712): setLightsOn(true)
06-05 22:58:53.438 I/System.out(10551): URI: //map
06-05 22:58:53.438 I/System.out(10551): params: {json={"query":"android.widget.EditText index:0","operation":{"method_name":"query","arguments":[]}}
06-05 22:58:53.438 I/System.out(10551): }
06-05 22:58:53.450 V/PhoneStatusBar( 1712): setLightsOn(true)
06-05 22:58:53.461 I/System.out(10551): URI: //gesture
06-05 22:58:53.461 I/System.out(10551): params: {json={"query_timeout":5.0,"gestures":[{"query_string":"android.widget.EditText index:0","touches":[{"x":50,"y":50,"offset_x":0,"offset_y":0,"wait":0.0,"time":0.2,"release":true,"query_string":null}]}]}
06-05 22:58:53.461 I/System.out(10551): }
06-05 22:58:53.467 V/PhoneStatusBar( 1712): setLightsOn(true)
06-05 22:58:53.468 I/art     (10551): Compiler allocated 7MB to compile sh.calaba.instrumentationbackend.actions.NanoHTTPD$Response sh.calaba.instrumentationbackend.actions.HttpServer.serve(java.lang.String, java.lang.String, java.util.Properties, java.util.Properties, java.util.Properties)
06-05 22:58:53.485 D/EGL_emulation( 1712): eglMakeCurrent: 0xb0685360: ver 2 0 (tinfo 0xb06836c0)
06-05 22:58:53.485 V/PhoneStatusBar( 1712): setLightsOn(true)
06-05 22:58:53.485 D/EGL_emulation( 1698): eglMakeCurrent: 0xb0685060: ver 2 0 (tinfo 0xb0683b60)
06-05 22:58:53.502 D/EGL_emulation( 1712): eglMakeCurrent: 0xb0685360: ver 2 0 (tinfo 0xb06836c0)
06-05 22:58:53.518 V/PhoneStatusBar( 1712): setLightsOn(true)
06-05 22:58:53.603 V/PhoneStatusBar( 1712): setLightsOn(true)
06-05 22:58:53.718 V/PhoneStatusBar( 1712): setLightsOn(true)
06-05 22:58:53.718 V/PhoneStatusBar( 1712): setLightsOn(true)
06-05 22:58:53.734 I/WindowManager( 1631): Destroying surface Surface(name=com.evancharlton.mileage/com.evancharlton.mileage.FieldListActivity) called by com.android.server.wm.WindowStateAnimator.destroySurface:2016 com.android.server.wm.WindowStateAnimator.destroySurfaceLocked:882 com.android.server.wm.WindowState.destroyOrSaveSurface:2100 com.android.server.wm.WindowManagerService.tryStartExitingAnimation:3024 com.android.server.wm.WindowManagerService.relayoutWindow:2904 com.android.server.wm.Session.relayout:224 android.view.IWindowSession$Stub.onTransact:286 com.android.server.wm.Session.onTransact:145 
06-05 22:58:53.735 V/PhoneStatusBar( 1712): setLightsOn(true)
06-05 22:58:53.736 V/PhoneStatusBar( 1712): setLightsOn(true)
06-05 22:58:54.211 I/System.out(10551): URI: //
06-05 22:58:54.211 I/System.out(10551): params: {json={"command":"set_selection","arguments":[-1,-1]}
06-05 22:58:54.211 I/System.out(10551): }
06-05 22:58:54.211 I/System.out(10551): header: {content-type=application/json;charset=utf-8, date=Sat, 06 Jun 2020 03:58:54 GMT, accept=*/*, host=127.0.0.1:34777, content-length=47, user-agent=HTTPClient/1.0 (2.8.3, ruby 2.5.1 (2018-03-29))}
06-05 22:58:54.211 I/System.out(10551): params: {json={"command":"set_selection","arguments":[-1,-1]}
06-05 22:58:54.211 I/System.out(10551): }
06-05 22:58:54.211 I/System.out(10551): ProP json = {"command":"set_selection","arguments":[-1,-1]}
06-05 22:58:54.211 I/System.out(10551): files: {}
06-05 22:58:54.211 I/System.out(10551): command: {"command":"set_selection","arguments":[-1,-1]}
06-05 22:58:54.212 I/InstrumentationBackend(10551): Got command:'Command:'Line:null,set_selection', arguments:'[-1, -1]'
06-05 22:58:54.215 I/System.out(10551): result:{"bonusInformation":[],"message":"","success":true}
06-05 22:58:54.229 I/System.out(10551): URI: //
06-05 22:58:54.229 I/System.out(10551): params: {json={"command":"keyboard_enter_text","arguments":["Gas station address"]}
06-05 22:58:54.229 I/System.out(10551): }
06-05 22:58:54.229 I/System.out(10551): header: {content-type=application/json;charset=utf-8, date=Sat, 06 Jun 2020 03:58:54 GMT, accept=*/*, host=127.0.0.1:34777, content-length=69, user-agent=HTTPClient/1.0 (2.8.3, ruby 2.5.1 (2018-03-29))}
06-05 22:58:54.229 I/System.out(10551): params: {json={"command":"keyboard_enter_text","arguments":["Gas station address"]}
06-05 22:58:54.229 I/System.out(10551): }
06-05 22:58:54.229 I/System.out(10551): ProP json = {"command":"keyboard_enter_text","arguments":["Gas station address"]}
06-05 22:58:54.229 I/System.out(10551): files: {}
06-05 22:58:54.229 I/System.out(10551): command: {"command":"keyboard_enter_text","arguments":["Gas station address"]}
06-05 22:58:54.230 I/InstrumentationBackend(10551): Got command:'Command:'Line:null,keyboard_enter_text', arguments:'[Gas station address]'
06-05 22:58:54.231 E/SpannableStringBuilder(10551): SPAN_EXCLUSIVE_EXCLUSIVE spans cannot have a zero length
06-05 22:58:54.231 E/SpannableStringBuilder(10551): SPAN_EXCLUSIVE_EXCLUSIVE spans cannot have a zero length
06-05 22:58:54.239 E/SpannableStringBuilder(10551): SPAN_EXCLUSIVE_EXCLUSIVE spans cannot have a zero length
06-05 22:58:54.239 E/SpannableStringBuilder(10551): SPAN_EXCLUSIVE_EXCLUSIVE spans cannot have a zero length
06-05 22:58:54.242 I/System.out(10551): result:{"bonusInformation":[],"message":"","success":true}
06-05 22:58:54.245 I/System.out(10551): URI: //
06-05 22:58:54.245 I/System.out(10551): params: {json={"command":"press_key","arguments":["KEYCODE_BACK"]}
06-05 22:58:54.245 I/System.out(10551): }
06-05 22:58:54.245 I/System.out(10551): header: {content-type=application/json;charset=utf-8, date=Sat, 06 Jun 2020 03:58:54 GMT, accept=*/*, host=127.0.0.1:34777, content-length=52, user-agent=HTTPClient/1.0 (2.8.3, ruby 2.5.1 (2018-03-29))}
06-05 22:58:54.245 I/System.out(10551): params: {json={"command":"press_key","arguments":["KEYCODE_BACK"]}
06-05 22:58:54.245 I/System.out(10551): }
06-05 22:58:54.245 I/System.out(10551): ProP json = {"command":"press_key","arguments":["KEYCODE_BACK"]}
06-05 22:58:54.245 I/System.out(10551): files: {}
06-05 22:58:54.245 I/System.out(10551): command: {"command":"press_key","arguments":["KEYCODE_BACK"]}
06-05 22:58:54.246 I/InstrumentationBackend(10551): Got command:'Command:'Line:null,press_key', arguments:'[KEYCODE_BACK]'
06-05 22:58:54.276 I/LatinIME:LogUtils( 1698): Dictionary info: dictionary = spellcheck_userunigram.en_US ; version = 1591415934 ; date = ?
06-05 22:58:54.278 I/System.out(10551): result:{"bonusInformation":[],"message":"","success":true}
06-05 22:58:54.279 W/InputMethodService( 1698): Window size has been changed. This may cause jankiness of resizing window: -1 -> -2
06-05 22:58:54.280 I/System.out(10551): URI: //map
06-05 22:58:54.280 I/System.out(10551): params: {json={"query":"* marked:'Add new field'","operation":{"method_name":"query","arguments":[]}}
06-05 22:58:54.280 I/System.out(10551): }
06-05 22:58:54.281 I/LatinIME:LogUtils( 1698): Dictionary info: dictionary = main:en ; version = 54 ; date = 1414726273
06-05 22:58:54.283 D/EGL_emulation( 1712): eglMakeCurrent: 0xb0685360: ver 2 0 (tinfo 0xb06836c0)
06-05 22:58:54.284 D/EGL_emulation( 1698): eglMakeCurrent: 0xb0685060: ver 2 0 (tinfo 0xb0683b60)
06-05 22:58:54.286 W/ResourceType(10551): No package identifier when getting name for resource number 0x00000001
06-05 22:58:54.286 V/PhoneStatusBar( 1712): setLightsOn(true)
06-05 22:58:54.287 V/PhoneStatusBar( 1712): setLightsOn(true)
06-05 22:58:54.294 I/System.out(10551): URI: //gesture
06-05 22:58:54.294 I/System.out(10551): params: {json={"query_timeout":5.0,"gestures":[{"query_string":"* marked:'Add new field'","touches":[{"x":50,"y":50,"offset_x":0,"offset_y":0,"wait":0.0,"time":0.2,"release":true,"query_string":null}]}]}
06-05 22:58:54.294 I/System.out(10551): }
06-05 22:58:54.300 V/PhoneStatusBar( 1712): setLightsOn(true)
06-05 22:58:54.318 W/ResourceType(10551): No package identifier when getting name for resource number 0x00000001
06-05 22:58:54.467 V/PhoneStatusBar( 1712): setLightsOn(true)
06-05 22:58:54.468 I/WindowManager( 1631): Destroying surface Surface(name=InputMethod) called by com.android.server.wm.WindowStateAnimator.destroySurface:2016 com.android.server.wm.WindowStateAnimator.destroySurfaceLocked:882 com.android.server.wm.WindowState.destroyOrSaveSurface:2100 com.android.server.wm.WindowSurfacePlacer.performSurfacePlacementInner:429 com.android.server.wm.WindowSurfacePlacer.performSurfacePlacementLoop:232 com.android.server.wm.WindowSurfacePlacer.performSurfacePlacement:180 com.android.server.wm.WindowManagerService$H.handleMessage:8086 android.os.Handler.dispatchMessage:102 
06-05 22:58:54.516 D/gralloc_ranchu( 1347): gralloc_alloc: Creating ashmem region of size 9023488
