--------- beginning of main
06-05 15:50:01.626 D/AndroidRuntime(17823): >>>>>> START com.android.internal.os.RuntimeInit uid 2000 <<<<<<
06-05 15:50:01.627 D/AndroidRuntime(17823): CheckJNI is ON
06-05 15:50:01.637 W/art     (17823): Unexpected CPU variant for X86 using defaults: x86
06-05 15:50:01.639 D/ICU     (17823): No timezone override file found: /data/misc/zoneinfo/current/icu/icu_tzdata.dat
06-05 15:50:01.642 W/OpenGLRenderer( 2099): Incorrectly called buildLayer on View: ShortcutAndWidgetContainer, destroying layer...
06-05 15:50:01.647 E/memtrack(17823): Couldn't load memtrack module (No such file or directory)
06-05 15:50:01.647 E/android.os.Debug(17823): failed to load memtrack module: -2
06-05 15:50:01.647 I/Radio-JNI(17823): register_android_hardware_Radio DONE
06-05 15:50:01.651 D/AndroidRuntime(17823): Calling main entry com.android.commands.am.Am
--------- beginning of system
06-05 15:50:01.652 I/ActivityManager( 1630): Force stopping com.evancharlton.mileage appid=10086 user=0: start instr
06-05 15:50:01.655 I/art     (17833): Not late-enabling -Xcheck:jni (already on)
06-05 15:50:01.655 W/art     (17833): Unexpected CPU variant for X86 using defaults: x86
06-05 15:50:01.663 I/ActivityManager( 1630): Start proc 17833:com.evancharlton.mileage/u0a86 for added application com.evancharlton.mileage
06-05 15:50:01.663 D/AndroidRuntime(17823): Shutting down VM
06-05 15:50:01.667 W/System  (17833): ClassLoader referenced unknown path: /data/app/com.evancharlton.mileage.test-1/lib/x86
06-05 15:50:01.667 W/System  (17833): ClassLoader referenced unknown path: /data/app/com.evancharlton.mileage-1/lib/x86
06-05 15:50:01.669 W/System  (17833): ClassLoader referenced unknown path: 
06-05 15:50:01.673 I/System.out(17833): Main activity name automatically set to: com.evancharlton.mileage.Mileage
06-05 15:50:01.674 I/System.out(17833): Calabash did not load Mono. This is only a problem if you are trying to test a Mono application
06-05 15:50:01.674 I/calabash(17833): Test server port: 7102
06-05 15:50:01.674 I/InstrumentationBackend(17833): Added:'GetPreferences', with key:'get_preferences'
06-05 15:50:01.678 I/InstrumentationBackend(17833): Added:'SetPreferences', with key:'set_preferences'
06-05 15:50:01.678 I/InstrumentationBackend(17833): Added:'ClearPreferences', with key:'clear_preferences'
06-05 15:50:01.678 I/InstrumentationBackend(17833): Added:'PressElement', with key:'press_l10n_element'
06-05 15:50:01.678 I/InstrumentationBackend(17833): Added:'WaitForElement', with key:'wait_for_l10n_element'
06-05 15:50:01.678 I/InstrumentationBackend(17833): Added:'NullAction', with key:'nullAction'
06-05 15:50:01.678 I/InstrumentationBackend(17833): Added:'PressKey', with key:'press_key'
06-05 15:50:01.678 I/InstrumentationBackend(17833): Added:'SetActivityOrientation', with key:'set_activity_orientation'
06-05 15:50:01.678 I/InstrumentationBackend(17833): Added:'GetActivityOrientation', with key:'get_activity_orientation'
06-05 15:50:01.678 I/InstrumentationBackend(17833): Added:'FakeGPSLocation', with key:'set_gps_coordinates'
06-05 15:50:01.678 I/InstrumentationBackend(17833): Added:'SetPropertyByCssSelector', with key:'set_property_by_css_selector'
06-05 15:50:01.678 I/InstrumentationBackend(17833): Added:'GetUrl', with key:'get_url'
06-05 15:50:01.679 I/InstrumentationBackend(17833): Added:'ScrollTo', with key:'scroll_to'
06-05 15:50:01.679 I/InstrumentationBackend(17833): Added:'GetLoadProgress', with key:'get_load_progress'
06-05 15:50:01.679 I/InstrumentationBackend(17833): Added:'DumpHtml', with key:'dump_html'
06-05 15:50:01.679 I/InstrumentationBackend(17833): Added:'DumpBodyHtml', with key:'dump_body_html'
06-05 15:50:01.679 I/InstrumentationBackend(17833): Added:'EnterTextByCssSelector', with key:'enter_text_by_selector'
06-05 15:50:01.679 I/InstrumentationBackend(17833): Added:'AndroidSDKVersion', with key:'android_sdk_version'
06-05 15:50:01.679 I/InstrumentationBackend(17833): Added:'Version', with key:'version'
06-05 15:50:01.679 I/InstrumentationBackend(17833): Added:'Drag', with key:'drag'
06-05 15:50:01.679 I/InstrumentationBackend(17833): Added:'TouchCoordinates', with key:'touch_coordinate'
06-05 15:50:01.679 I/InstrumentationBackend(17833): Added:'LongPressCoordinate', with key:'long_press_coordinate'
06-05 15:50:01.679 I/InstrumentationBackend(17833): Added:'DragCoordinates', with key:'drag_coordinates'
06-05 15:50:01.680 I/InstrumentationBackend(17833): Added:'ResumeApplication', with key:'resume_application'
06-05 15:50:01.680 I/InstrumentationBackend(17833): Added:'Swipe', with key:'swipe'
06-05 15:50:01.680 I/InstrumentationBackend(17833): Added:'DoubleTapCoordinate', with key:'double_tap_coordinate'
06-05 15:50:01.680 I/InstrumentationBackend(17833): Added:'ClickOnScreen', with key:'click_on_screen'
06-05 15:50:01.680 I/InstrumentationBackend(17833): Added:'GetActivityName', with key:'get_activity_name'
06-05 15:50:01.680 I/InstrumentationBackend(17833): Added:'ScrollToView', with key:'scroll_to_view'
06-05 15:50:01.680 I/InstrumentationBackend(17833): Added:'ViewConfiguration', with key:'view_configuration'
06-05 15:50:01.680 I/InstrumentationBackend(17833): Added:'IsCurrentActivityFocused', with key:'is_current_activity_focused'
06-05 15:50:01.680 I/InstrumentationBackend(17833): Added:'SendTcp', with key:'send_tcp'
06-05 15:50:01.680 I/InstrumentationBackend(17833): Added:'DpToDevicePixel', with key:'dp_to_device_pixel'
06-05 15:50:01.680 I/InstrumentationBackend(17833): Added:'KeyboardEnterText', with key:'keyboard_enter_text'
06-05 15:50:01.680 I/InstrumentationBackend(17833): Added:'DeleteSurroundingText', with key:'delete_surrounding_text'
06-05 15:50:01.680 I/InstrumentationBackend(17833): Added:'SetComposingRegion', with key:'set_composing_region'
06-05 15:50:01.680 I/InstrumentationBackend(17833): Added:'SetSelection', with key:'set_selection'
06-05 15:50:01.680 I/InstrumentationBackend(17833): Added:'KeyboardKeyEvent', with key:'keyboard_key_event'
06-05 15:50:01.680 I/InstrumentationBackend(17833): Added:'PressUserActionButton', with key:'press_user_action_button'
06-05 15:50:01.680 I/InstrumentationBackend(17833): Added:'HideSoftKeyboard', with key:'hide_soft_keyboard'
06-05 15:50:01.681 I/InstrumentationBackend(17833): Added:'ListActions', with key:'list_actions'
06-05 15:50:01.681 I/calabash(17833): Instantiating http server at 7102
06-05 15:50:01.681 I/System.out(17833): HTTP Daemon listening on: 7102
06-05 15:50:01.771 I/System.out(17833): URI: //ping
06-05 15:50:01.771 I/System.out(17833): params: {json={}
06-05 15:50:01.771 I/System.out(17833): }
06-05 15:50:01.774 I/System.out(17833): URI: //ping
06-05 15:50:01.774 I/System.out(17833): params: {json={}
06-05 15:50:01.774 I/System.out(17833): }
06-05 15:50:01.775 I/System.out(17833): URI: //ready
06-05 15:50:01.775 I/System.out(17833): params: {json={}
06-05 15:50:01.775 I/System.out(17833): }
06-05 15:50:01.777 I/System.out(17833): URI: //
06-05 15:50:01.777 I/System.out(17833): params: {json={"command":"version","arguments":[]}
06-05 15:50:01.777 I/System.out(17833): }
06-05 15:50:01.777 I/System.out(17833): header: {content-type=application/json;charset=utf-8, date=Fri, 05 Jun 2020 20:50:02 GMT, accept=*/*, host=127.0.0.1:34784, content-length=36, user-agent=HTTPClient/1.0 (2.8.3, ruby 2.5.1 (2018-03-29))}
06-05 15:50:01.777 I/System.out(17833): params: {json={"command":"version","arguments":[]}
06-05 15:50:01.777 I/System.out(17833): }
06-05 15:50:01.777 I/System.out(17833): ProP json = {"command":"version","arguments":[]}
06-05 15:50:01.777 I/System.out(17833): files: {}
06-05 15:50:01.777 I/System.out(17833): command: {"command":"version","arguments":[]}
06-05 15:50:01.779 I/InstrumentationBackend(17833): Got command:'Command:'Line:null,version', arguments:'[]'
06-05 15:50:01.785 I/System.out(17833): result:{"bonusInformation":[],"message":"0.9.8","success":true}
06-05 15:50:01.788 I/System.out(17833): URI: //start-application
06-05 15:50:01.788 I/System.out(17833): params: {json={"intent":null}
06-05 15:50:01.788 I/System.out(17833): }
06-05 15:50:01.796 I/ActivityManager( 1630): START u0 {act=android.intent.action.MAIN cat=[android.intent.category.LAUNCHER] flg=0x10200000 cmp=com.evancharlton.mileage/.Mileage} from uid 10086 on display 0
06-05 15:50:01.800 I/calabash(17833): newActivity1
06-05 15:50:01.809 I/calabash(17833): newActivity1
06-05 15:50:01.810 W/ActivityManager( 1630): Bad activity token: android.os.BinderProxy@ba5de9f
06-05 15:50:01.810 W/ActivityManager( 1630): java.lang.ClassCastException: android.os.BinderProxy cannot be cast to com.android.server.am.ActivityRecord$Token
06-05 15:50:01.810 W/ActivityManager( 1630): 	at com.android.server.am.ActivityRecord.forTokenLocked(ActivityRecord.java:586)
06-05 15:50:01.810 W/ActivityManager( 1630): 	at com.android.server.am.ActivityRecord.isInStackLocked(ActivityRecord.java:1327)
06-05 15:50:01.810 W/ActivityManager( 1630): 	at com.android.server.am.ActivityRecord.getStackLocked(ActivityRecord.java:1332)
06-05 15:50:01.810 W/ActivityManager( 1630): 	at com.android.server.am.ActivityManagerService.getActivityDisplayId(ActivityManagerService.java:9806)
06-05 15:50:01.810 W/ActivityManager( 1630): 	at android.app.ActivityManagerNative.onTransact(ActivityManagerNative.java:2566)
06-05 15:50:01.810 W/ActivityManager( 1630): 	at com.android.server.am.ActivityManagerService.onTransact(ActivityManagerService.java:2757)
06-05 15:50:01.810 W/ActivityManager( 1630): 	at android.os.Binder.execTransact(Binder.java:565)
06-05 15:50:01.811 W/ActivityManager( 1630): Bad activity token: android.os.BinderProxy@ba5de9f
06-05 15:50:01.811 W/ActivityManager( 1630): java.lang.ClassCastException: android.os.BinderProxy cannot be cast to com.android.server.am.ActivityRecord$Token
06-05 15:50:01.811 W/ActivityManager( 1630): 	at com.android.server.am.ActivityRecord.forTokenLocked(ActivityRecord.java:586)
06-05 15:50:01.811 W/ActivityManager( 1630): 	at com.android.server.am.ActivityRecord.isInStackLocked(ActivityRecord.java:1327)
06-05 15:50:01.811 W/ActivityManager( 1630): 	at com.android.server.am.ActivityManagerService.setTaskDescription(ActivityManagerService.java:9358)
06-05 15:50:01.811 W/ActivityManager( 1630): 	at android.app.ActivityManagerNative.onTransact(ActivityManagerNative.java:2639)
06-05 15:50:01.811 W/ActivityManager( 1630): 	at com.android.server.am.ActivityManagerService.onTransact(ActivityManagerService.java:2757)
06-05 15:50:01.811 W/ActivityManager( 1630): 	at android.os.Binder.execTransact(Binder.java:565)
06-05 15:50:01.811 W/ActivityManager( 1630): Bad activity token: android.os.BinderProxy@ba5de9f
06-05 15:50:01.811 W/ActivityManager( 1630): java.lang.ClassCastException: android.os.BinderProxy cannot be cast to com.android.server.am.ActivityRecord$Token
06-05 15:50:01.811 W/ActivityManager( 1630): 	at com.android.server.am.ActivityRecord.forTokenLocked(ActivityRecord.java:586)
06-05 15:50:01.811 W/ActivityManager( 1630): 	at com.android.server.am.ActivityRecord.isInStackLocked(ActivityRecord.java:1327)
06-05 15:50:01.811 W/ActivityManager( 1630): 	at com.android.server.am.ActivityRecord.getStackLocked(ActivityRecord.java:1332)
06-05 15:50:01.811 W/ActivityManager( 1630): 	at com.android.server.am.ActivityManagerService.getActivityStackId(ActivityManagerService.java:9817)
06-05 15:50:01.811 W/ActivityManager( 1630): 	at android.app.ActivityManagerNative.onTransact(ActivityManagerNative.java:2856)
06-05 15:50:01.811 W/ActivityManager( 1630): 	at com.android.server.am.ActivityManagerService.onTransact(ActivityManagerService.java:2757)
06-05 15:50:01.811 W/ActivityManager( 1630): 	at android.os.Binder.execTransact(Binder.java:565)
06-05 15:50:01.827 D/gralloc_ranchu( 1346): gralloc_alloc: Creating ashmem region of size 9023488
06-05 15:50:01.832 W/ActivityManager( 1630): Bad activity token: android.os.BinderProxy@ba5de9f
06-05 15:50:01.832 W/ActivityManager( 1630): java.lang.ClassCastException: android.os.BinderProxy cannot be cast to com.android.server.am.ActivityRecord$Token
06-05 15:50:01.832 W/ActivityManager( 1630): 	at com.android.server.am.ActivityRecord.forTokenLocked(ActivityRecord.java:586)
06-05 15:50:01.832 W/ActivityManager( 1630): 	at com.android.server.am.ActivityRecord.isInStackLocked(ActivityRecord.java:1327)
06-05 15:50:01.832 W/ActivityManager( 1630): 	at com.android.server.am.ActivityManagerService.getActivityOptions(ActivityManagerService.java:12559)
06-05 15:50:01.832 W/ActivityManager( 1630): 	at android.app.ActivityManagerNative.onTransact(ActivityManagerNative.java:1933)
06-05 15:50:01.832 W/ActivityManager( 1630): 	at com.android.server.am.ActivityManagerService.onTransact(ActivityManagerService.java:2757)
06-05 15:50:01.832 W/ActivityManager( 1630): 	at android.os.Binder.execTransact(Binder.java:565)
06-05 15:50:01.832 W/ActivityManager( 1630): Bad activity token: android.os.BinderProxy@ba5de9f
06-05 15:50:01.832 W/ActivityManager( 1630): java.lang.ClassCastException: android.os.BinderProxy cannot be cast to com.android.server.am.ActivityRecord$Token
06-05 15:50:01.832 W/ActivityManager( 1630): 	at com.android.server.am.ActivityRecord.forTokenLocked(ActivityRecord.java:586)
06-05 15:50:01.832 W/ActivityManager( 1630): 	at com.android.server.am.ActivityRecord.isInStackLocked(ActivityRecord.java:1327)
06-05 15:50:01.832 W/ActivityManager( 1630): 	at com.android.server.am.ActivityManagerService.getActivityOptions(ActivityManagerService.java:12559)
06-05 15:50:01.832 W/ActivityManager( 1630): 	at android.app.ActivityManagerNative.onTransact(ActivityManagerNative.java:1933)
06-05 15:50:01.832 W/ActivityManager( 1630): 	at com.android.server.am.ActivityManagerService.onTransact(ActivityManagerService.java:2757)
06-05 15:50:01.832 W/ActivityManager( 1630): 	at android.os.Binder.execTransact(Binder.java:565)
06-05 15:50:01.869 V/PhoneStatusBar( 1712): setLightsOn(true)
06-05 15:50:01.876 D/gralloc_ranchu( 1346): gralloc_alloc: Creating ashmem region of size 9023488
06-05 15:50:01.885 D/EGL_emulation( 2099): eglMakeCurrent: 0xb4085240: ver 2 0 (tinfo 0xb40832d0)
06-05 15:50:01.886 D/        (17833): HostConnection::get() New Host Connection established 0xa4c7d540, tid 17833
06-05 15:50:01.887 D/EGL_emulation( 1712): eglMakeCurrent: 0xb4085540: ver 2 0 (tinfo 0xb4083740)
06-05 15:50:01.924 D/EGL_emulation( 1712): eglMakeCurrent: 0xb4085540: ver 2 0 (tinfo 0xb4083740)
06-05 15:50:01.927 D/EGL_emulation( 1712): eglMakeCurrent: 0xb4085540: ver 2 0 (tinfo 0xb4083740)
06-05 15:50:01.927 V/PhoneStatusBar( 1712): setLightsOn(true)
06-05 15:50:01.929 D/EGL_emulation( 1712): eglMakeCurrent: 0xb4085540: ver 2 0 (tinfo 0xb4083740)
06-05 15:50:01.931 D/EGL_emulation( 1712): eglMakeCurrent: 0xb4085540: ver 2 0 (tinfo 0xb4083740)
06-05 15:50:01.944 D/EGL_emulation( 1712): eglMakeCurrent: 0xb4085540: ver 2 0 (tinfo 0xb4083740)
06-05 15:50:01.946 D/EGL_emulation( 1712): eglMakeCurrent: 0xb4085540: ver 2 0 (tinfo 0xb4083740)
06-05 15:50:01.960 D/EGL_emulation( 1712): eglMakeCurrent: 0xb4085540: ver 2 0 (tinfo 0xb4083740)
06-05 15:50:01.961 D/gralloc_ranchu( 1346): gralloc_alloc: Creating ashmem region of size 9023488
06-05 15:50:01.976 D/EGL_emulation( 1712): eglMakeCurrent: 0xb4085540: ver 2 0 (tinfo 0xb4083740)
06-05 15:50:01.979 I/ActivityManager( 1630): Displayed com.evancharlton.mileage/.Mileage: +181ms
06-05 15:50:01.979 D/EGL_emulation( 1712): eglMakeCurrent: 0xb4085540: ver 2 0 (tinfo 0xb4083740)
06-05 15:50:01.987 D/EGL_emulation( 1712): eglMakeCurrent: 0xb4085540: ver 2 0 (tinfo 0xb4083740)
06-05 15:50:01.988 V/PhoneStatusBar( 1712): setLightsOn(true)
06-05 15:50:01.993 D/EGL_emulation( 1712): eglMakeCurrent: 0xb4085540: ver 2 0 (tinfo 0xb4083740)
06-05 15:50:02.000 D/EGL_emulation( 1712): eglMakeCurrent: 0xb4085540: ver 2 0 (tinfo 0xb4083740)
06-05 15:50:02.010 D/EGL_emulation( 1712): eglMakeCurrent: 0xb4085540: ver 2 0 (tinfo 0xb4083740)
06-05 15:50:02.012 D/EGL_emulation( 1712): eglMakeCurrent: 0xb4085540: ver 2 0 (tinfo 0xb4083740)
06-05 15:50:02.012 V/PhoneStatusBar( 1712): setLightsOn(true)
06-05 15:50:02.016 I/System.out(17833): URI: //map
06-05 15:50:02.016 I/System.out(17833): params: {json={"query":"* marked:'Statistics'","operation":{"method_name":"query","arguments":[]}}
06-05 15:50:02.016 I/System.out(17833): }
06-05 15:50:02.026 D/EGL_emulation( 1712): eglMakeCurrent: 0xb4085540: ver 2 0 (tinfo 0xb4083740)
06-05 15:50:02.027 W/ResourceType(17833): No package identifier when getting name for resource number 0x00000001
06-05 15:50:02.028 D/EGL_emulation( 1712): eglMakeCurrent: 0xb4085540: ver 2 0 (tinfo 0xb4083740)
06-05 15:50:02.041 I/System.out(17833): URI: //gesture
06-05 15:50:02.041 I/System.out(17833): params: {json={"query_timeout":5.0,"gestures":[{"query_string":"* marked:'Statistics'","touches":[{"x":50,"y":50,"offset_x":0,"offset_y":0,"wait":0.0,"time":0.2,"release":true,"query_string":null}]}]}
06-05 15:50:02.041 I/System.out(17833): }
06-05 15:50:02.043 D/EGL_emulation( 1712): eglMakeCurrent: 0xb4085540: ver 2 0 (tinfo 0xb4083740)
06-05 15:50:02.045 D/EGL_emulation( 1712): eglMakeCurrent: 0xb4085540: ver 2 0 (tinfo 0xb4083740)
06-05 15:50:02.045 W/ResourceType(17833): No package identifier when getting name for resource number 0x00000001
06-05 15:50:02.066 D/EGL_emulation( 1712): eglMakeCurrent: 0xb4085540: ver 2 0 (tinfo 0xb4083740)
06-05 15:50:02.068 D/EGL_emulation( 1712): eglMakeCurrent: 0xb4085540: ver 2 0 (tinfo 0xb4083740)
06-05 15:50:02.078 D/EGL_emulation( 1712): eglMakeCurrent: 0xb4085540: ver 2 0 (tinfo 0xb4083740)
06-05 15:50:02.084 D/EGL_emulation( 1712): eglMakeCurrent: 0xb4085540: ver 2 0 (tinfo 0xb4083740)
06-05 15:50:02.096 D/EGL_emulation( 1712): eglMakeCurrent: 0xb4085540: ver 2 0 (tinfo 0xb4083740)
06-05 15:50:02.177 I/WindowManager( 1630): Destroying surface Surface(name=Starting com.evancharlton.mileage) called by com.android.server.wm.WindowStateAnimator.destroySurface:2016 com.android.server.wm.WindowStateAnimator.destroySurfaceLocked:882 com.android.server.wm.WindowState.destroyOrSaveSurface:2100 com.android.server.wm.AppWindowToken.destroySurfaces:363 com.android.server.wm.WindowStateAnimator.finishExit:565 com.android.server.wm.WindowStateAnimator.stepAnimationLocked:491 com.android.server.wm.WindowAnimator.updateWindowsLocked:303 com.android.server.wm.WindowAnimator.animateLocked:704 
06-05 15:50:02.181 V/PhoneStatusBar( 1712): setLightsOn(true)
06-05 15:50:02.210 V/PhoneStatusBar( 1712): setLightsOn(true)
06-05 15:50:02.283 I/calabash(17833): newActivity1
06-05 15:50:02.312 I/System.out(17833): URI: //map
06-05 15:50:02.312 I/System.out(17833): params: {json={"query":"* marked:'Minimum cost'","operation":{"method_name":"query","arguments":[]}}
06-05 15:50:02.312 I/System.out(17833): }
06-05 15:50:02.317 W/ActivityManager( 1630): Bad activity token: android.os.BinderProxy@da885a1
06-05 15:50:02.317 W/ActivityManager( 1630): java.lang.ClassCastException: android.os.BinderProxy cannot be cast to com.android.server.am.ActivityRecord$Token
06-05 15:50:02.317 W/ActivityManager( 1630): 	at com.android.server.am.ActivityRecord.forTokenLocked(ActivityRecord.java:586)
06-05 15:50:02.317 W/ActivityManager( 1630): 	at com.android.server.am.ActivityRecord.isInStackLocked(ActivityRecord.java:1327)
06-05 15:50:02.317 W/ActivityManager( 1630): 	at com.android.server.am.ActivityRecord.getStackLocked(ActivityRecord.java:1332)
06-05 15:50:02.317 W/ActivityManager( 1630): 	at com.android.server.am.ActivityManagerService.getActivityDisplayId(ActivityManagerService.java:9806)
06-05 15:50:02.317 W/ActivityManager( 1630): 	at android.app.ActivityManagerNative.onTransact(ActivityManagerNative.java:2566)
06-05 15:50:02.317 W/ActivityManager( 1630): 	at com.android.server.am.ActivityManagerService.onTransact(ActivityManagerService.java:2757)
06-05 15:50:02.317 W/ActivityManager( 1630): 	at android.os.Binder.execTransact(Binder.java:565)
06-05 15:50:02.319 W/ActivityManager( 1630): Bad activity token: android.os.BinderProxy@da885a1
06-05 15:50:02.319 W/ActivityManager( 1630): java.lang.ClassCastException: android.os.BinderProxy cannot be cast to com.android.server.am.ActivityRecord$Token
06-05 15:50:02.319 W/ActivityManager( 1630): 	at com.android.server.am.ActivityRecord.forTokenLocked(ActivityRecord.java:586)
06-05 15:50:02.319 W/ActivityManager( 1630): 	at com.android.server.am.ActivityRecord.isInStackLocked(ActivityRecord.java:1327)
06-05 15:50:02.319 W/ActivityManager( 1630): 	at com.android.server.am.ActivityManagerService.setTaskDescription(ActivityManagerService.java:9358)
06-05 15:50:02.319 W/ActivityManager( 1630): 	at android.app.ActivityManagerNative.onTransact(ActivityManagerNative.java:2639)
06-05 15:50:02.319 W/ActivityManager( 1630): 	at com.android.server.am.ActivityManagerService.onTransact(ActivityManagerService.java:2757)
06-05 15:50:02.319 W/ActivityManager( 1630): 	at android.os.Binder.execTransact(Binder.java:565)
06-05 15:50:02.319 W/ActivityManager( 1630): Bad activity token: android.os.BinderProxy@da885a1
06-05 15:50:02.319 W/ActivityManager( 1630): java.lang.ClassCastException: android.os.BinderProxy cannot be cast to com.android.server.am.ActivityRecord$Token
06-05 15:50:02.319 W/ActivityManager( 1630): 	at com.android.server.am.ActivityRecord.forTokenLocked(ActivityRecord.java:586)
06-05 15:50:02.319 W/ActivityManager( 1630): 	at com.android.server.am.ActivityRecord.isInStackLocked(ActivityRecord.java:1327)
06-05 15:50:02.319 W/ActivityManager( 1630): 	at com.android.server.am.ActivityRecord.getStackLocked(ActivityRecord.java:1332)
06-05 15:50:02.319 W/ActivityManager( 1630): 	at com.android.server.am.ActivityManagerService.getActivityStackId(ActivityManagerService.java:9817)
06-05 15:50:02.319 W/ActivityManager( 1630): 	at android.app.ActivityManagerNative.onTransact(ActivityManagerNative.java:2856)
06-05 15:50:02.319 W/ActivityManager( 1630): 	at com.android.server.am.ActivityManagerService.onTransact(ActivityManagerService.java:2757)
06-05 15:50:02.319 W/ActivityManager( 1630): 	at android.os.Binder.execTransact(Binder.java:565)
06-05 15:50:02.324 D/VehicleStatisticsActivity(17833): Checking recalculation ...
06-05 15:50:02.325 D/VehicleStatisticsActivity(17833): Recalculating statistics
06-05 15:50:02.325 D/VehicleStatisticsTask(17833): Calculation starting...
06-05 15:50:02.325 D/VehicleStatisticsActivity(17833): Recalculation started!
06-05 15:50:02.326 W/ResourceType(17833): No package identifier when getting value for resource number 0x00000000
06-05 15:50:02.326 D/AndroidRuntime(17833): Shutting down VM
06-05 15:50:02.326 V/PhoneStatusBar( 1712): setLightsOn(true)
--------- beginning of crash
06-05 15:50:02.326 E/AndroidRuntime(17833): FATAL EXCEPTION: main
06-05 15:50:02.326 E/AndroidRuntime(17833): Process: com.evancharlton.mileage, PID: 17833
06-05 15:50:02.326 E/AndroidRuntime(17833): java.lang.RuntimeException: Unable to start activity ComponentInfo{com.evancharlton.mileage/com.evancharlton.mileage.VehicleStatisticsActivity}: android.content.res.Resources$NotFoundException: String resource ID #0x0
06-05 15:50:02.326 E/AndroidRuntime(17833): 	at android.app.ActivityThread.performLaunchActivity(ActivityThread.java:2646)
06-05 15:50:02.326 E/AndroidRuntime(17833): 	at android.app.ActivityThread.startActivityNow(ActivityThread.java:2446)
06-05 15:50:02.326 E/AndroidRuntime(17833): 	at android.app.LocalActivityManager.moveToState(LocalActivityManager.java:136)
06-05 15:50:02.326 E/AndroidRuntime(17833): 	at android.app.LocalActivityManager.startActivity(LocalActivityManager.java:348)
06-05 15:50:02.326 E/AndroidRuntime(17833): 	at android.widget.TabHost$IntentContentStrategy.getContentView(TabHost.java:724)
06-05 15:50:02.326 E/AndroidRuntime(17833): 	at android.widget.TabHost.setCurrentTab(TabHost.java:388)
06-05 15:50:02.326 E/AndroidRuntime(17833): 	at android.widget.TabHost$2.onTabSelectionChanged(TabHost.java:158)
06-05 15:50:02.326 E/AndroidRuntime(17833): 	at android.widget.TabWidget$TabClickListener.onClick(TabWidget.java:532)
06-05 15:50:02.326 E/AndroidRuntime(17833): 	at android.view.View.performClick(View.java:5610)
06-05 15:50:02.326 E/AndroidRuntime(17833): 	at android.view.View$PerformClick.run(View.java:22265)
06-05 15:50:02.326 E/AndroidRuntime(17833): 	at android.os.Handler.handleCallback(Handler.java:751)
06-05 15:50:02.326 E/AndroidRuntime(17833): 	at android.os.Handler.dispatchMessage(Handler.java:95)
06-05 15:50:02.326 E/AndroidRuntime(17833): 	at android.os.Looper.loop(Looper.java:154)
06-05 15:50:02.326 E/AndroidRuntime(17833): 	at android.app.ActivityThread.main(ActivityThread.java:6077)
06-05 15:50:02.326 E/AndroidRuntime(17833): 	at java.lang.reflect.Method.invoke(Native Method)
06-05 15:50:02.326 E/AndroidRuntime(17833): 	at com.android.internal.os.ZygoteInit$MethodAndArgsCaller.run(ZygoteInit.java:866)
06-05 15:50:02.326 E/AndroidRuntime(17833): 	at com.android.internal.os.ZygoteInit.main(ZygoteInit.java:756)
06-05 15:50:02.326 E/AndroidRuntime(17833): Caused by: android.content.res.Resources$NotFoundException: String resource ID #0x0
06-05 15:50:02.326 E/AndroidRuntime(17833): 	at android.content.res.Resources.getText(Resources.java:331)
06-05 15:50:02.326 E/AndroidRuntime(17833): 	at android.content.res.Resources.getString(Resources.java:377)
06-05 15:50:02.326 E/AndroidRuntime(17833): 	at android.content.Context.getString(Context.java:476)
06-05 15:50:02.326 E/AndroidRuntime(17833): 	at com.evancharlton.mileage.provider.Statistic.getLabel(Statistic.java:37)
06-05 15:50:02.326 E/AndroidRuntime(17833): 	at com.evancharlton.mileage.adapters.VehicleStatisticsAdapter$StatisticHolder.<init>(VehicleStatisticsAdapter.java:203)
06-05 15:50:02.326 E/AndroidRuntime(17833): 	at com.evancharlton.mileage.adapters.VehicleStatisticsAdapter.<init>(VehicleStatisticsAdapter.java:50)
06-05 15:50:02.326 E/AndroidRuntime(17833): 	at com.evancharlton.mileage.VehicleStatisticsActivity.setAdapter(VehicleStatisticsActivity.java:197)
06-05 15:50:02.326 E/AndroidRuntime(17833): 	at com.evancharlton.mileage.VehicleStatisticsActivity.recalculate(VehicleStatisticsActivity.java:175)
06-05 15:50:02.326 E/AndroidRuntime(17833): 	at com.evancharlton.mileage.VehicleStatisticsActivity.onCreate(VehicleStatisticsActivity.java:131)
06-05 15:50:02.326 E/AndroidRuntime(17833): 	at android.app.Activity.performCreate(Activity.java:6662)
06-05 15:50:02.326 E/AndroidRuntime(17833): 	at android.app.Instrumentation.callActivityOnCreate(Instrumentation.java:1118)
06-05 15:50:02.326 E/AndroidRuntime(17833): 	at android.app.ActivityThread.performLaunchActivity(ActivityThread.java:2599)
06-05 15:50:02.326 E/AndroidRuntime(17833): 	... 16 more
06-05 15:50:02.327 I/Process (17833): Sending signal. PID: 17833 SIG: 9
06-05 15:50:02.393 W/InputDispatcher( 1630): channel '7184c84 com.evancharlton.mileage/com.evancharlton.mileage.Mileage (server)' ~ Consumer closed input channel or an error occurred.  events=0x9
06-05 15:50:02.393 E/InputDispatcher( 1630): channel '7184c84 com.evancharlton.mileage/com.evancharlton.mileage.Mileage (server)' ~ Channel is unrecoverably broken and will be disposed!
06-05 15:50:02.393 I/ActivityManager( 1630): Process com.evancharlton.mileage (pid 17833) has died
06-05 15:50:02.393 D/ActivityManager( 1630): cleanUpApplicationRecord -- 17833
06-05 15:50:02.393 W/ActivityManager( 1630): Scheduling restart of crashed service com.evancharlton.mileage/.services.AutomaticBackupService in 1000ms
06-05 15:50:02.394 W/ActivityManager( 1630): Force removing ActivityRecord{654a654 u0 com.evancharlton.mileage/.Mileage t293}: app died, no saved state
06-05 15:50:02.409 I/WindowManager( 1630): WIN DEATH: Window{7184c84 u0 com.evancharlton.mileage/com.evancharlton.mileage.Mileage}
06-05 15:50:02.409 W/InputDispatcher( 1630): Attempted to unregister already unregistered input channel '7184c84 com.evancharlton.mileage/com.evancharlton.mileage.Mileage (server)'
06-05 15:50:02.409 I/WindowManager( 1630): Destroying surface Surface(name=com.evancharlton.mileage/com.evancharlton.mileage.Mileage) called by com.android.server.wm.WindowStateAnimator.destroySurface:2016 com.android.server.wm.WindowStateAnimator.destroySurfaceLocked:882 com.android.server.wm.WindowState.removeLocked:1456 com.android.server.wm.WindowManagerService.removeWindowInnerLocked:2484 com.android.server.wm.WindowManagerService.removeWindowLocked:2442 com.android.server.wm.WindowState$DeathRecipient.binderDied:1787 android.os.BinderProxy.sendDeathNotice:688 <bottom of call stack> 
06-05 15:50:02.428 W/ActivityManager( 1630): Crash of app com.evancharlton.mileage running instrumentation ComponentInfo{com.evancharlton.mileage.test/sh.calaba.instrumentationbackend.CalabashInstrumentationTestRunner}
06-05 15:50:02.428 I/ActivityManager( 1630): Force stopping com.evancharlton.mileage appid=10086 user=0: finished inst
06-05 15:50:02.429 I/ActivityManager( 1630):   Force stopping service ServiceRecord{8a6dadd u0 com.evancharlton.mileage/.services.AutomaticBackupService}
06-05 15:50:02.432 V/PhoneStatusBar( 1712): setLightsOn(true)
06-05 15:50:02.478 D/EGL_emulation( 1712): eglMakeCurrent: 0xb4085540: ver 2 0 (tinfo 0xb4083740)
06-05 15:50:02.479 D/EGL_emulation( 2099): eglMakeCurrent: 0xb4085240: ver 2 0 (tinfo 0xb40832d0)
06-05 15:50:02.493 D/EGL_emulation( 1712): eglMakeCurrent: 0xb4085540: ver 2 0 (tinfo 0xb4083740)
06-05 15:50:02.499 D/EGL_emulation( 1712): eglMakeCurrent: 0xb4085540: ver 2 0 (tinfo 0xb4083740)
06-05 15:50:02.510 D/EGL_emulation( 1712): eglMakeCurrent: 0xb4085540: ver 2 0 (tinfo 0xb4083740)
06-05 15:50:02.512 D/EGL_emulation( 1712): eglMakeCurrent: 0xb4085540: ver 2 0 (tinfo 0xb4083740)
06-05 15:50:02.514 E/SurfaceFlinger( 1346): ro.sf.lcd_density must be defined as a build property
06-05 15:50:02.515 D/gralloc_ranchu( 1346): gralloc_alloc: Creating ashmem region of size 9592832
06-05 15:50:02.521 D/        (17864): HostConnection::get() New Host Connection established 0xa6f1b2c0, tid 17864
06-05 15:50:02.526 D/EGL_emulation( 1712): eglMakeCurrent: 0xb4085540: ver 2 0 (tinfo 0xb4083740)
06-05 15:50:02.526 E/EGL_emulation( 1346): tid 1346: eglCreateSyncKHR(1901): error 0x3004 (EGL_BAD_ATTRIBUTE)
06-05 15:50:02.572 D/EGL_emulation( 1712): eglMakeCurrent: 0xb4085540: ver 2 0 (tinfo 0xb4083740)
06-05 15:50:02.574 D/EGL_emulation( 1712): eglMakeCurrent: 0xb4085540: ver 2 0 (tinfo 0xb4083740)
06-05 15:50:02.578 D/EGL_emulation( 1712): eglMakeCurrent: 0xb4085540: ver 2 0 (tinfo 0xb4083740)
06-05 15:50:02.580 D/EGL_emulation( 1712): eglMakeCurrent: 0xb4085540: ver 2 0 (tinfo 0xb4083740)
06-05 15:50:02.593 D/EGL_emulation( 1712): eglMakeCurrent: 0xb4085540: ver 2 0 (tinfo 0xb4083740)
06-05 15:50:02.594 D/EGL_emulation( 1712): eglMakeCurrent: 0xb4085540: ver 2 0 (tinfo 0xb4083740)
06-05 15:50:02.609 D/EGL_emulation( 1712): eglMakeCurrent: 0xb4085540: ver 2 0 (tinfo 0xb4083740)
06-05 15:50:02.611 D/EGL_emulation( 1712): eglMakeCurrent: 0xb4085540: ver 2 0 (tinfo 0xb4083740)
06-05 15:50:02.626 D/EGL_emulation( 1712): eglMakeCurrent: 0xb4085540: ver 2 0 (tinfo 0xb4083740)
06-05 15:50:02.629 D/EGL_emulation( 1712): eglMakeCurrent: 0xb4085540: ver 2 0 (tinfo 0xb4083740)
06-05 15:50:02.648 D/EGL_emulation( 1712): eglMakeCurrent: 0xb4085540: ver 2 0 (tinfo 0xb4083740)
06-05 15:50:02.650 D/EGL_emulation( 1712): eglMakeCurrent: 0xb4085540: ver 2 0 (tinfo 0xb4083740)
06-05 15:50:02.660 D/EGL_emulation( 1712): eglMakeCurrent: 0xb4085540: ver 2 0 (tinfo 0xb4083740)
06-05 15:50:02.676 D/EGL_emulation( 1712): eglMakeCurrent: 0xb4085540: ver 2 0 (tinfo 0xb4083740)
