--------- beginning of main
06-05 15:48:13.622 V/PhoneStatusBar( 1712): setLightsOn(true)
06-05 15:48:13.623 V/PhoneStatusBar( 1712): setLightsOn(true)
06-05 15:48:13.645 D/EGL_emulation( 1712): eglMakeCurrent: 0xb4085540: ver 2 0 (tinfo 0xb4083740)
06-05 15:48:13.646 D/gralloc_ranchu( 1346): gralloc_alloc: Creating ashmem region of size 3145728
06-05 15:48:13.651 E/EGL_emulation( 1346): tid 1346: eglCreateSyncKHR(1901): error 0x3004 (EGL_BAD_ATTRIBUTE)
06-05 15:48:13.660 D/EGL_emulation( 2099): eglMakeCurrent: 0xb4085240: ver 2 0 (tinfo 0xb40832d0)
06-05 15:48:13.661 D/EGL_emulation( 1712): eglMakeCurrent: 0xb4085540: ver 2 0 (tinfo 0xb4083740)
--------- beginning of system
06-05 15:48:13.663 W/ActivityManager( 1630): Finishing task with all activities already finished
06-05 15:48:13.663 W/ActivityManager( 1630): Duplicate finish request for ActivityRecord{db99843 u0 com.evancharlton.mileage/.Mileage t260 f}
06-05 15:48:13.664 W/ActivityManager( 1630): Finishing task with all activities already finished
06-05 15:48:13.664 W/ActivityManager( 1630): Duplicate finish request for ActivityRecord{db99843 u0 com.evancharlton.mileage/.Mileage t260 f}
06-05 15:48:13.664 W/ActivityManager( 1630): Finishing task with all activities already finished
06-05 15:48:13.664 W/ActivityManager( 1630): Duplicate finish request for ActivityRecord{db99843 u0 com.evancharlton.mileage/.Mileage t260 f}
06-05 15:48:13.694 D/EGL_emulation( 1712): eglMakeCurrent: 0xb4085540: ver 2 0 (tinfo 0xb4083740)
06-05 15:48:13.710 D/EGL_emulation( 1712): eglMakeCurrent: 0xb4085540: ver 2 0 (tinfo 0xb4083740)
06-05 15:48:13.712 D/EGL_emulation( 1712): eglMakeCurrent: 0xb4085540: ver 2 0 (tinfo 0xb4083740)
06-05 15:48:13.726 D/EGL_emulation( 1712): eglMakeCurrent: 0xb4085540: ver 2 0 (tinfo 0xb4083740)
06-05 15:48:13.728 D/EGL_emulation( 1712): eglMakeCurrent: 0xb4085540: ver 2 0 (tinfo 0xb4083740)
06-05 15:48:13.743 D/EGL_emulation( 1712): eglMakeCurrent: 0xb4085540: ver 2 0 (tinfo 0xb4083740)
06-05 15:48:13.744 D/EGL_emulation( 1712): eglMakeCurrent: 0xb4085540: ver 2 0 (tinfo 0xb4083740)
06-05 15:48:13.760 D/EGL_emulation( 1712): eglMakeCurrent: 0xb4085540: ver 2 0 (tinfo 0xb4083740)
06-05 15:48:13.762 D/EGL_emulation( 1712): eglMakeCurrent: 0xb4085540: ver 2 0 (tinfo 0xb4083740)
06-05 15:48:13.776 D/EGL_emulation( 1712): eglMakeCurrent: 0xb4085540: ver 2 0 (tinfo 0xb4083740)
06-05 15:48:13.779 D/EGL_emulation( 1712): eglMakeCurrent: 0xb4085540: ver 2 0 (tinfo 0xb4083740)
06-05 15:48:13.787 D/AndroidRuntime(15594): >>>>>> START com.android.internal.os.RuntimeInit uid 2000 <<<<<<
06-05 15:48:13.789 D/AndroidRuntime(15594): CheckJNI is ON
06-05 15:48:13.793 D/EGL_emulation( 1712): eglMakeCurrent: 0xb4085540: ver 2 0 (tinfo 0xb4083740)
06-05 15:48:13.795 D/EGL_emulation( 1712): eglMakeCurrent: 0xb4085540: ver 2 0 (tinfo 0xb4083740)
06-05 15:48:13.800 W/art     (15594): Unexpected CPU variant for X86 using defaults: x86
06-05 15:48:13.802 D/ICU     (15594): No timezone override file found: /data/misc/zoneinfo/current/icu/icu_tzdata.dat
06-05 15:48:13.809 E/memtrack(15594): Couldn't load memtrack module (No such file or directory)
06-05 15:48:13.809 E/android.os.Debug(15594): failed to load memtrack module: -2
06-05 15:48:13.810 D/EGL_emulation( 1712): eglMakeCurrent: 0xb4085540: ver 2 0 (tinfo 0xb4083740)
06-05 15:48:13.810 I/Radio-JNI(15594): register_android_hardware_Radio DONE
06-05 15:48:13.811 D/EGL_emulation( 1712): eglMakeCurrent: 0xb4085540: ver 2 0 (tinfo 0xb4083740)
06-05 15:48:13.815 D/AndroidRuntime(15594): Calling main entry com.android.commands.am.Am
06-05 15:48:13.816 I/ActivityManager( 1630): Force stopping com.evancharlton.mileage appid=10086 user=0: start instr
06-05 15:48:13.816 I/ActivityManager( 1630): Killing 15549:com.evancharlton.mileage/u0a86 (adj 0): stop com.evancharlton.mileage
06-05 15:48:13.816 D/ActivityManager( 1630): cleanUpApplicationRecord -- 15549
06-05 15:48:13.816 W/ActivityManager( 1630): Crash of app com.evancharlton.mileage running instrumentation ComponentInfo{com.evancharlton.mileage.test/sh.calaba.instrumentationbackend.CalabashInstrumentationTestRunner}
06-05 15:48:13.816 I/ActivityManager( 1630): Force stopping com.evancharlton.mileage appid=10086 user=0: finished inst
06-05 15:48:13.819 I/art     (15604): Not late-enabling -Xcheck:jni (already on)
06-05 15:48:13.819 W/art     (15604): Unexpected CPU variant for X86 using defaults: x86
06-05 15:48:13.826 D/EGL_emulation( 1712): eglMakeCurrent: 0xb4085540: ver 2 0 (tinfo 0xb4083740)
06-05 15:48:13.827 I/ActivityManager( 1630): Start proc 15604:com.evancharlton.mileage/u0a86 for added application com.evancharlton.mileage
06-05 15:48:13.827 D/AndroidRuntime(15594): Shutting down VM
06-05 15:48:13.828 D/EGL_emulation( 1712): eglMakeCurrent: 0xb4085540: ver 2 0 (tinfo 0xb4083740)
06-05 15:48:13.833 W/System  (15604): ClassLoader referenced unknown path: /data/app/com.evancharlton.mileage.test-1/lib/x86
06-05 15:48:13.833 W/System  (15604): ClassLoader referenced unknown path: /data/app/com.evancharlton.mileage-1/lib/x86
06-05 15:48:13.836 W/System  (15604): ClassLoader referenced unknown path: 
06-05 15:48:13.840 I/System.out(15604): Main activity name automatically set to: com.evancharlton.mileage.Mileage
06-05 15:48:13.841 I/System.out(15604): Calabash did not load Mono. This is only a problem if you are trying to test a Mono application
06-05 15:48:13.841 I/calabash(15604): Test server port: 7102
06-05 15:48:13.841 I/InstrumentationBackend(15604): Added:'GetPreferences', with key:'get_preferences'
06-05 15:48:13.844 D/EGL_emulation( 1712): eglMakeCurrent: 0xb4085540: ver 2 0 (tinfo 0xb4083740)
06-05 15:48:13.846 I/InstrumentationBackend(15604): Added:'SetPreferences', with key:'set_preferences'
06-05 15:48:13.846 I/InstrumentationBackend(15604): Added:'ClearPreferences', with key:'clear_preferences'
06-05 15:48:13.846 I/InstrumentationBackend(15604): Added:'PressElement', with key:'press_l10n_element'
06-05 15:48:13.846 I/InstrumentationBackend(15604): Added:'WaitForElement', with key:'wait_for_l10n_element'
06-05 15:48:13.846 I/InstrumentationBackend(15604): Added:'NullAction', with key:'nullAction'
06-05 15:48:13.846 I/InstrumentationBackend(15604): Added:'PressKey', with key:'press_key'
06-05 15:48:13.846 I/InstrumentationBackend(15604): Added:'SetActivityOrientation', with key:'set_activity_orientation'
06-05 15:48:13.846 I/InstrumentationBackend(15604): Added:'GetActivityOrientation', with key:'get_activity_orientation'
06-05 15:48:13.847 I/InstrumentationBackend(15604): Added:'FakeGPSLocation', with key:'set_gps_coordinates'
06-05 15:48:13.847 I/InstrumentationBackend(15604): Added:'SetPropertyByCssSelector', with key:'set_property_by_css_selector'
06-05 15:48:13.847 I/InstrumentationBackend(15604): Added:'GetUrl', with key:'get_url'
06-05 15:48:13.847 I/InstrumentationBackend(15604): Added:'ScrollTo', with key:'scroll_to'
06-05 15:48:13.847 I/InstrumentationBackend(15604): Added:'GetLoadProgress', with key:'get_load_progress'
06-05 15:48:13.847 I/InstrumentationBackend(15604): Added:'DumpHtml', with key:'dump_html'
06-05 15:48:13.847 I/InstrumentationBackend(15604): Added:'DumpBodyHtml', with key:'dump_body_html'
06-05 15:48:13.847 I/InstrumentationBackend(15604): Added:'EnterTextByCssSelector', with key:'enter_text_by_selector'
06-05 15:48:13.847 I/InstrumentationBackend(15604): Added:'AndroidSDKVersion', with key:'android_sdk_version'
06-05 15:48:13.847 I/InstrumentationBackend(15604): Added:'Version', with key:'version'
06-05 15:48:13.847 I/InstrumentationBackend(15604): Added:'Drag', with key:'drag'
06-05 15:48:13.848 I/InstrumentationBackend(15604): Added:'TouchCoordinates', with key:'touch_coordinate'
06-05 15:48:13.848 I/InstrumentationBackend(15604): Added:'LongPressCoordinate', with key:'long_press_coordinate'
06-05 15:48:13.848 I/InstrumentationBackend(15604): Added:'DragCoordinates', with key:'drag_coordinates'
06-05 15:48:13.848 I/InstrumentationBackend(15604): Added:'ResumeApplication', with key:'resume_application'
06-05 15:48:13.848 I/InstrumentationBackend(15604): Added:'Swipe', with key:'swipe'
06-05 15:48:13.848 I/InstrumentationBackend(15604): Added:'DoubleTapCoordinate', with key:'double_tap_coordinate'
06-05 15:48:13.848 I/InstrumentationBackend(15604): Added:'ClickOnScreen', with key:'click_on_screen'
06-05 15:48:13.848 I/InstrumentationBackend(15604): Added:'GetActivityName', with key:'get_activity_name'
06-05 15:48:13.848 I/InstrumentationBackend(15604): Added:'ScrollToView', with key:'scroll_to_view'
06-05 15:48:13.848 I/InstrumentationBackend(15604): Added:'ViewConfiguration', with key:'view_configuration'
06-05 15:48:13.848 I/InstrumentationBackend(15604): Added:'IsCurrentActivityFocused', with key:'is_current_activity_focused'
06-05 15:48:13.848 I/InstrumentationBackend(15604): Added:'SendTcp', with key:'send_tcp'
06-05 15:48:13.848 I/InstrumentationBackend(15604): Added:'DpToDevicePixel', with key:'dp_to_device_pixel'
06-05 15:48:13.848 I/InstrumentationBackend(15604): Added:'KeyboardEnterText', with key:'keyboard_enter_text'
06-05 15:48:13.848 I/InstrumentationBackend(15604): Added:'DeleteSurroundingText', with key:'delete_surrounding_text'
06-05 15:48:13.848 I/InstrumentationBackend(15604): Added:'SetComposingRegion', with key:'set_composing_region'
06-05 15:48:13.848 I/InstrumentationBackend(15604): Added:'SetSelection', with key:'set_selection'
06-05 15:48:13.848 I/InstrumentationBackend(15604): Added:'KeyboardKeyEvent', with key:'keyboard_key_event'
06-05 15:48:13.848 I/InstrumentationBackend(15604): Added:'PressUserActionButton', with key:'press_user_action_button'
06-05 15:48:13.848 I/InstrumentationBackend(15604): Added:'HideSoftKeyboard', with key:'hide_soft_keyboard'
06-05 15:48:13.848 I/InstrumentationBackend(15604): Added:'ListActions', with key:'list_actions'
06-05 15:48:13.848 I/calabash(15604): Instantiating http server at 7102
06-05 15:48:13.849 I/System.out(15604): HTTP Daemon listening on: 7102
06-05 15:48:13.860 D/EGL_emulation( 1712): eglMakeCurrent: 0xb4085540: ver 2 0 (tinfo 0xb4083740)
06-05 15:48:13.861 D/EGL_emulation( 1712): eglMakeCurrent: 0xb4085540: ver 2 0 (tinfo 0xb4083740)
06-05 15:48:13.863 I/WindowManager( 1630): WIN DEATH: Window{68b048f u0 com.evancharlton.mileage/com.evancharlton.mileage.Mileage EXITING}
06-05 15:48:13.863 W/InputDispatcher( 1630): channel '68b048f com.evancharlton.mileage/com.evancharlton.mileage.Mileage (server)' ~ Consumer closed input channel or an error occurred.  events=0x9
06-05 15:48:13.863 E/InputDispatcher( 1630): channel '68b048f com.evancharlton.mileage/com.evancharlton.mileage.Mileage (server)' ~ Channel is unrecoverably broken and will be disposed!
06-05 15:48:13.863 W/InputDispatcher( 1630): channel '5c724a1 AtchDlg:com.evancharlton.mileage/com.evancharlton.mileage.FillupActivity (server)' ~ Consumer closed input channel or an error occurred.  events=0x9
06-05 15:48:13.863 E/InputDispatcher( 1630): channel '5c724a1 AtchDlg:com.evancharlton.mileage/com.evancharlton.mileage.FillupActivity (server)' ~ Channel is unrecoverably broken and will be disposed!
06-05 15:48:13.863 W/InputDispatcher( 1630): Attempted to unregister already unregistered input channel '68b048f com.evancharlton.mileage/com.evancharlton.mileage.Mileage (server)'
06-05 15:48:13.864 I/WindowManager( 1630): WIN DEATH: Window{5c724a1 u0 AtchDlg:com.evancharlton.mileage/com.evancharlton.mileage.FillupActivity EXITING}
06-05 15:48:13.864 W/InputDispatcher( 1630): Attempted to unregister already unregistered input channel '5c724a1 AtchDlg:com.evancharlton.mileage/com.evancharlton.mileage.FillupActivity (server)'
06-05 15:48:13.878 D/EGL_emulation( 1712): eglMakeCurrent: 0xb4085540: ver 2 0 (tinfo 0xb4083740)
06-05 15:48:13.881 D/EGL_emulation( 1712): eglMakeCurrent: 0xb4085540: ver 2 0 (tinfo 0xb4083740)
06-05 15:48:13.893 I/WindowManager( 1630): Destroying surface Surface(name=AtchDlg:com.evancharlton.mileage/com.evancharlton.mileage.FillupActivity) called by com.android.server.wm.WindowStateAnimator.destroySurface:2016 com.android.server.wm.WindowStateAnimator.destroySurfaceLocked:882 com.android.server.wm.WindowState.removeLocked:1456 com.android.server.wm.WindowManagerService.removeWindowInnerLocked:2484 com.android.server.wm.AppWindowToken.destroySurfaces:365 com.android.server.wm.WindowStateAnimator.finishExit:565 com.android.server.wm.WindowStateAnimator.stepAnimationLocked:491 com.android.server.wm.WindowAnimator.updateWindowsLocked:303 
06-05 15:48:13.937 I/System.out(15604): URI: //ping
06-05 15:48:13.937 I/System.out(15604): params: {json={}
06-05 15:48:13.937 I/System.out(15604): }
06-05 15:48:13.940 I/System.out(15604): URI: //ping
06-05 15:48:13.940 I/System.out(15604): params: {json={}
06-05 15:48:13.940 I/System.out(15604): }
06-05 15:48:13.941 I/System.out(15604): URI: //ready
06-05 15:48:13.941 I/System.out(15604): params: {json={}
06-05 15:48:13.941 I/System.out(15604): }
06-05 15:48:13.943 I/System.out(15604): URI: //
06-05 15:48:13.943 I/System.out(15604): params: {json={"command":"version","arguments":[]}
06-05 15:48:13.943 I/System.out(15604): }
06-05 15:48:13.943 I/System.out(15604): header: {content-type=application/json;charset=utf-8, date=Fri, 05 Jun 2020 20:48:14 GMT, accept=*/*, host=127.0.0.1:34784, content-length=36, user-agent=HTTPClient/1.0 (2.8.3, ruby 2.5.1 (2018-03-29))}
06-05 15:48:13.943 I/System.out(15604): params: {json={"command":"version","arguments":[]}
06-05 15:48:13.943 I/System.out(15604): }
06-05 15:48:13.943 I/System.out(15604): ProP json = {"command":"version","arguments":[]}
06-05 15:48:13.943 I/System.out(15604): files: {}
06-05 15:48:13.943 I/System.out(15604): command: {"command":"version","arguments":[]}
06-05 15:48:13.946 I/InstrumentationBackend(15604): Got command:'Command:'Line:null,version', arguments:'[]'
06-05 15:48:13.952 I/System.out(15604): result:{"bonusInformation":[],"message":"0.9.8","success":true}
06-05 15:48:13.954 I/System.out(15604): URI: //start-application
06-05 15:48:13.954 I/System.out(15604): params: {json={"intent":null}
06-05 15:48:13.954 I/System.out(15604): }
06-05 15:48:13.962 I/ActivityManager( 1630): START u0 {act=android.intent.action.MAIN cat=[android.intent.category.LAUNCHER] flg=0x10200000 cmp=com.evancharlton.mileage/.Mileage} from uid 10086 on display 0
06-05 15:48:13.967 I/calabash(15604): newActivity1
06-05 15:48:13.977 I/calabash(15604): newActivity1
06-05 15:48:13.979 W/ActivityManager( 1630): Bad activity token: android.os.BinderProxy@5c21849
06-05 15:48:13.979 W/ActivityManager( 1630): java.lang.ClassCastException: android.os.BinderProxy cannot be cast to com.android.server.am.ActivityRecord$Token
06-05 15:48:13.979 W/ActivityManager( 1630): 	at com.android.server.am.ActivityRecord.forTokenLocked(ActivityRecord.java:586)
06-05 15:48:13.979 W/ActivityManager( 1630): 	at com.android.server.am.ActivityRecord.isInStackLocked(ActivityRecord.java:1327)
06-05 15:48:13.979 W/ActivityManager( 1630): 	at com.android.server.am.ActivityRecord.getStackLocked(ActivityRecord.java:1332)
06-05 15:48:13.979 W/ActivityManager( 1630): 	at com.android.server.am.ActivityManagerService.getActivityDisplayId(ActivityManagerService.java:9806)
06-05 15:48:13.979 W/ActivityManager( 1630): 	at android.app.ActivityManagerNative.onTransact(ActivityManagerNative.java:2566)
06-05 15:48:13.979 W/ActivityManager( 1630): 	at com.android.server.am.ActivityManagerService.onTransact(ActivityManagerService.java:2757)
06-05 15:48:13.979 W/ActivityManager( 1630): 	at android.os.Binder.execTransact(Binder.java:565)
06-05 15:48:13.980 W/ActivityManager( 1630): Bad activity token: android.os.BinderProxy@5c21849
06-05 15:48:13.980 W/ActivityManager( 1630): java.lang.ClassCastException: android.os.BinderProxy cannot be cast to com.android.server.am.ActivityRecord$Token
06-05 15:48:13.980 W/ActivityManager( 1630): 	at com.android.server.am.ActivityRecord.forTokenLocked(ActivityRecord.java:586)
06-05 15:48:13.980 W/ActivityManager( 1630): 	at com.android.server.am.ActivityRecord.isInStackLocked(ActivityRecord.java:1327)
06-05 15:48:13.980 W/ActivityManager( 1630): 	at com.android.server.am.ActivityManagerService.setTaskDescription(ActivityManagerService.java:9358)
06-05 15:48:13.980 W/ActivityManager( 1630): 	at android.app.ActivityManagerNative.onTransact(ActivityManagerNative.java:2639)
06-05 15:48:13.980 W/ActivityManager( 1630): 	at com.android.server.am.ActivityManagerService.onTransact(ActivityManagerService.java:2757)
06-05 15:48:13.980 W/ActivityManager( 1630): 	at android.os.Binder.execTransact(Binder.java:565)
06-05 15:48:13.980 W/ActivityManager( 1630): Bad activity token: android.os.BinderProxy@5c21849
06-05 15:48:13.980 W/ActivityManager( 1630): java.lang.ClassCastException: android.os.BinderProxy cannot be cast to com.android.server.am.ActivityRecord$Token
06-05 15:48:13.980 W/ActivityManager( 1630): 	at com.android.server.am.ActivityRecord.forTokenLocked(ActivityRecord.java:586)
06-05 15:48:13.980 W/ActivityManager( 1630): 	at com.android.server.am.ActivityRecord.isInStackLocked(ActivityRecord.java:1327)
06-05 15:48:13.980 W/ActivityManager( 1630): 	at com.android.server.am.ActivityRecord.getStackLocked(ActivityRecord.java:1332)
06-05 15:48:13.980 W/ActivityManager( 1630): 	at com.android.server.am.ActivityManagerService.getActivityStackId(ActivityManagerService.java:9817)
06-05 15:48:13.980 W/ActivityManager( 1630): 	at android.app.ActivityManagerNative.onTransact(ActivityManagerNative.java:2856)
06-05 15:48:13.980 W/ActivityManager( 1630): 	at com.android.server.am.ActivityManagerService.onTransact(ActivityManagerService.java:2757)
06-05 15:48:13.980 W/ActivityManager( 1630): 	at android.os.Binder.execTransact(Binder.java:565)
06-05 15:48:13.993 D/gralloc_ranchu( 1346): gralloc_alloc: Creating ashmem region of size 9023488
06-05 15:48:14.001 W/ActivityManager( 1630): Bad activity token: android.os.BinderProxy@5c21849
06-05 15:48:14.001 W/ActivityManager( 1630): java.lang.ClassCastException: android.os.BinderProxy cannot be cast to com.android.server.am.ActivityRecord$Token
06-05 15:48:14.001 W/ActivityManager( 1630): 	at com.android.server.am.ActivityRecord.forTokenLocked(ActivityRecord.java:586)
06-05 15:48:14.001 W/ActivityManager( 1630): 	at com.android.server.am.ActivityRecord.isInStackLocked(ActivityRecord.java:1327)
06-05 15:48:14.001 W/ActivityManager( 1630): 	at com.android.server.am.ActivityManagerService.getActivityOptions(ActivityManagerService.java:12559)
06-05 15:48:14.001 W/ActivityManager( 1630): 	at android.app.ActivityManagerNative.onTransact(ActivityManagerNative.java:1933)
06-05 15:48:14.001 W/ActivityManager( 1630): 	at com.android.server.am.ActivityManagerService.onTransact(ActivityManagerService.java:2757)
06-05 15:48:14.001 W/ActivityManager( 1630): 	at android.os.Binder.execTransact(Binder.java:565)
06-05 15:48:14.002 W/ActivityManager( 1630): Bad activity token: android.os.BinderProxy@5c21849
06-05 15:48:14.002 W/ActivityManager( 1630): java.lang.ClassCastException: android.os.BinderProxy cannot be cast to com.android.server.am.ActivityRecord$Token
06-05 15:48:14.002 W/ActivityManager( 1630): 	at com.android.server.am.ActivityRecord.forTokenLocked(ActivityRecord.java:586)
06-05 15:48:14.002 W/ActivityManager( 1630): 	at com.android.server.am.ActivityRecord.isInStackLocked(ActivityRecord.java:1327)
06-05 15:48:14.002 W/ActivityManager( 1630): 	at com.android.server.am.ActivityManagerService.getActivityOptions(ActivityManagerService.java:12559)
06-05 15:48:14.002 W/ActivityManager( 1630): 	at android.app.ActivityManagerNative.onTransact(ActivityManagerNative.java:1933)
06-05 15:48:14.002 W/ActivityManager( 1630): 	at com.android.server.am.ActivityManagerService.onTransact(ActivityManagerService.java:2757)
06-05 15:48:14.002 W/ActivityManager( 1630): 	at android.os.Binder.execTransact(Binder.java:565)
06-05 15:48:14.020 V/PhoneStatusBar( 1712): setLightsOn(true)
06-05 15:48:14.027 D/EGL_emulation( 2099): eglMakeCurrent: 0xb4085240: ver 2 0 (tinfo 0xb40832d0)
06-05 15:48:14.029 D/EGL_emulation( 1712): eglMakeCurrent: 0xb4085540: ver 2 0 (tinfo 0xb4083740)
06-05 15:48:14.043 D/gralloc_ranchu( 1346): gralloc_alloc: Creating ashmem region of size 9023488
06-05 15:48:14.043 D/EGL_emulation( 1712): eglMakeCurrent: 0xb4085540: ver 2 0 (tinfo 0xb4083740)
06-05 15:48:14.048 D/        (15604): HostConnection::get() New Host Connection established 0xa4c7c4c0, tid 15604
06-05 15:48:14.049 D/EGL_emulation( 1712): eglMakeCurrent: 0xb4085540: ver 2 0 (tinfo 0xb4083740)
06-05 15:48:14.049 V/PhoneStatusBar( 1712): setLightsOn(true)
06-05 15:48:14.078 I/WindowManager( 1630): Destroying surface Surface(name=com.evancharlton.mileage/com.evancharlton.mileage.Mileage) called by com.android.server.wm.WindowStateAnimator.destroySurface:2016 com.android.server.wm.WindowStateAnimator.destroySurfaceLocked:882 com.android.server.wm.WindowState.destroyOrSaveSurface:2100 com.android.server.wm.AppWindowToken.destroySurfaces:363 com.android.server.wm.WindowStateAnimator.finishExit:565 com.android.server.wm.WindowStateAnimator.stepAnimationLocked:491 com.android.server.wm.WindowAnimator.updateWindowsLocked:303 com.android.server.wm.WindowAnimator.animateLocked:704 
06-05 15:48:14.079 D/EGL_emulation( 1712): eglMakeCurrent: 0xb4085540: ver 2 0 (tinfo 0xb4083740)
06-05 15:48:14.081 D/EGL_emulation( 1712): eglMakeCurrent: 0xb4085540: ver 2 0 (tinfo 0xb4083740)
06-05 15:48:14.094 D/EGL_emulation( 1712): eglMakeCurrent: 0xb4085540: ver 2 0 (tinfo 0xb4083740)
06-05 15:48:14.096 D/EGL_emulation( 1712): eglMakeCurrent: 0xb4085540: ver 2 0 (tinfo 0xb4083740)
06-05 15:48:14.097 V/PhoneStatusBar( 1712): setLightsOn(true)
06-05 15:48:14.112 D/EGL_emulation( 1712): eglMakeCurrent: 0xb4085540: ver 2 0 (tinfo 0xb4083740)
06-05 15:48:14.114 D/gralloc_ranchu( 1346): gralloc_alloc: Creating ashmem region of size 9023488
06-05 15:48:14.133 D/EGL_emulation( 1712): eglMakeCurrent: 0xb4085540: ver 2 0 (tinfo 0xb4083740)
06-05 15:48:14.151 D/EGL_emulation( 1712): eglMakeCurrent: 0xb4085540: ver 2 0 (tinfo 0xb4083740)
06-05 15:48:14.151 I/ActivityManager( 1630): Displayed com.evancharlton.mileage/.Mileage: +186ms
06-05 15:48:14.159 D/EGL_emulation( 1712): eglMakeCurrent: 0xb4085540: ver 2 0 (tinfo 0xb4083740)
06-05 15:48:14.161 V/PhoneStatusBar( 1712): setLightsOn(true)
06-05 15:48:14.183 D/EGL_emulation( 1712): eglMakeCurrent: 0xb4085540: ver 2 0 (tinfo 0xb4083740)
06-05 15:48:14.194 D/EGL_emulation( 1712): eglMakeCurrent: 0xb4085540: ver 2 0 (tinfo 0xb4083740)
06-05 15:48:14.201 D/EGL_emulation( 1712): eglMakeCurrent: 0xb4085540: ver 2 0 (tinfo 0xb4083740)
06-05 15:48:14.207 D/EGL_emulation( 1712): eglMakeCurrent: 0xb4085540: ver 2 0 (tinfo 0xb4083740)
06-05 15:48:14.209 V/PhoneStatusBar( 1712): setLightsOn(true)
06-05 15:48:14.214 D/EGL_emulation( 1712): eglMakeCurrent: 0xb4085540: ver 2 0 (tinfo 0xb4083740)
06-05 15:48:14.235 D/EGL_emulation( 1712): eglMakeCurrent: 0xb4085540: ver 2 0 (tinfo 0xb4083740)
06-05 15:48:14.241 D/EGL_emulation( 1712): eglMakeCurrent: 0xb4085540: ver 2 0 (tinfo 0xb4083740)
06-05 15:48:14.246 D/EGL_emulation( 1712): eglMakeCurrent: 0xb4085540: ver 2 0 (tinfo 0xb4083740)
06-05 15:48:14.249 D/EGL_emulation( 1712): eglMakeCurrent: 0xb4085540: ver 2 0 (tinfo 0xb4083740)
06-05 15:48:14.257 I/System.out(15604): URI: //map
06-05 15:48:14.257 I/System.out(15604): params: {json={"query":"* {text CONTAINS[c] 'Fillup information'}","operation":{"method_name":"query","arguments":[]}}
06-05 15:48:14.257 I/System.out(15604): }
06-05 15:48:14.360 I/WindowManager( 1630): Destroying surface Surface(name=Starting com.evancharlton.mileage) called by com.android.server.wm.WindowStateAnimator.destroySurface:2016 com.android.server.wm.WindowStateAnimator.destroySurfaceLocked:882 com.android.server.wm.WindowState.destroyOrSaveSurface:2100 com.android.server.wm.AppWindowToken.destroySurfaces:363 com.android.server.wm.WindowStateAnimator.finishExit:565 com.android.server.wm.WindowStateAnimator.stepAnimationLocked:491 com.android.server.wm.WindowAnimator.updateWindowsLocked:303 com.android.server.wm.WindowAnimator.animateLocked:704 
06-05 15:48:14.362 V/PhoneStatusBar( 1712): setLightsOn(true)
06-05 15:48:14.377 V/PhoneStatusBar( 1712): setLightsOn(true)
06-05 15:48:14.476 V/PhoneStatusBar( 1712): setLightsOn(true)
06-05 15:48:14.777 V/PhoneStatusBar( 1712): setLightsOn(true)
06-05 15:48:14.780 V/PhoneStatusBar( 1712): setLightsOn(true)
06-05 15:48:14.784 W/OpenGLRenderer( 2099): Incorrectly called buildLayer on View: ShortcutAndWidgetContainer, destroying layer...
06-05 15:48:14.794 V/PhoneStatusBar( 1712): setLightsOn(true)
06-05 15:48:14.795 I/WindowManager( 1630): Destroying surface Surface(name=com.android.launcher3/com.android.launcher3.Launcher) called by com.android.server.wm.WindowStateAnimator.destroySurface:2016 com.android.server.wm.WindowStateAnimator.destroySurfaceLocked:882 com.android.server.wm.WindowState.destroyOrSaveSurface:2100 com.android.server.wm.AppWindowToken.destroySurfaces:363 com.android.server.wm.AppWindowToken.notifyAppStopped:389 com.android.server.wm.WindowManagerService.notifyAppStopped:4463 com.android.server.am.ActivityStack.activityStoppedLocked:1252 com.android.server.am.ActivityManagerService.activityStopped:6903 
06-05 15:48:15.281 D/gralloc_ranchu( 1346): gralloc_alloc: Creating ashmem region of size 9023488
06-05 15:48:15.302 I/System.out(15604): URI: //
06-05 15:48:15.302 I/System.out(15604): params: {json={"command":"press_key","arguments":["KEYCODE_MENU"]}
06-05 15:48:15.302 I/System.out(15604): }
06-05 15:48:15.302 I/System.out(15604): header: {content-type=application/json;charset=utf-8, date=Fri, 05 Jun 2020 20:48:15 GMT, accept=*/*, host=127.0.0.1:34784, content-length=52, user-agent=HTTPClient/1.0 (2.8.3, ruby 2.5.1 (2018-03-29))}
06-05 15:48:15.302 I/System.out(15604): params: {json={"command":"press_key","arguments":["KEYCODE_MENU"]}
06-05 15:48:15.302 I/System.out(15604): }
06-05 15:48:15.302 I/System.out(15604): ProP json = {"command":"press_key","arguments":["KEYCODE_MENU"]}
06-05 15:48:15.302 I/System.out(15604): files: {}
06-05 15:48:15.302 I/System.out(15604): command: {"command":"press_key","arguments":["KEYCODE_MENU"]}
06-05 15:48:15.304 I/InstrumentationBackend(15604): Got command:'Command:'Line:null,press_key', arguments:'[KEYCODE_MENU]'
06-05 15:48:15.324 V/PhoneStatusBar( 1712): setLightsOn(true)
06-05 15:48:15.328 I/System.out(15604): result:{"bonusInformation":[],"message":"","success":true}
06-05 15:48:15.335 I/System.out(15604): URI: //map
06-05 15:48:15.335 I/System.out(15604): params: {json={"query":"* marked:'Edit fields'","operation":{"method_name":"query","arguments":[]}}
06-05 15:48:15.335 I/System.out(15604): }
06-05 15:48:15.354 V/PhoneStatusBar( 1712): setLightsOn(true)
06-05 15:48:15.360 V/PhoneStatusBar( 1712): setLightsOn(true)
06-05 15:48:15.386 D/gralloc_ranchu( 1346): gralloc_alloc: Creating ashmem region of size 1720320
06-05 15:48:15.395 V/PhoneStatusBar( 1712): setLightsOn(true)
06-05 15:48:15.395 V/PhoneStatusBar( 1712): setLightsOn(true)
06-05 15:48:15.399 W/ResourceType(15604): No package identifier when getting name for resource number 0x00000001
06-05 15:48:15.410 V/PhoneStatusBar( 1712): setLightsOn(true)
06-05 15:48:15.410 I/System.out(15604): URI: //gesture
06-05 15:48:15.410 I/System.out(15604): params: {json={"query_timeout":5.0,"gestures":[{"query_string":"* marked:'Edit fields'","touches":[{"x":50,"y":50,"offset_x":0,"offset_y":0,"wait":0.0,"time":0.2,"release":true,"query_string":null}]}]}
06-05 15:48:15.410 I/System.out(15604): }
06-05 15:48:15.426 V/PhoneStatusBar( 1712): setLightsOn(true)
06-05 15:48:15.461 W/ResourceType(15604): No package identifier when getting name for resource number 0x00000001
06-05 15:48:15.592 D/gralloc_ranchu( 1346): gralloc_alloc: Creating ashmem region of size 1720320
06-05 15:48:15.626 V/PhoneStatusBar( 1712): setLightsOn(true)
06-05 15:48:15.710 I/ActivityManager( 1630): START u0 {cmp=com.evancharlton.mileage/.FieldListActivity} from uid 10086 on display 0
06-05 15:48:15.711 V/PhoneStatusBar( 1712): setLightsOn(true)
06-05 15:48:15.712 V/PhoneStatusBar( 1712): setLightsOn(true)
06-05 15:48:15.716 I/WindowManager( 1630): Destroying surface Surface(name=AtchDlg:com.evancharlton.mileage/com.evancharlton.mileage.FillupActivity) called by com.android.server.wm.WindowStateAnimator.destroySurface:2016 com.android.server.wm.WindowStateAnimator.destroySurfaceLocked:882 com.android.server.wm.WindowState.removeLocked:1456 com.android.server.wm.WindowManagerService.removeWindowInnerLocked:2484 com.android.server.wm.WindowManagerService.removeWindowLocked:2442 com.android.server.wm.WindowManagerService.removeWindowLocked:2311 com.android.server.wm.WindowManagerService.removeWindow:2306 com.android.server.wm.Session.remove:202 
06-05 15:48:15.717 I/calabash(15604): newActivity1
06-05 15:48:15.719 I/System.out(15604): URI: //map
06-05 15:48:15.719 I/System.out(15604): params: {json={"query":"* {text CONTAINS[c] 'Fillup fields'}","operation":{"method_name":"query","arguments":[]}}
06-05 15:48:15.719 I/System.out(15604): }
06-05 15:48:15.729 V/PhoneStatusBar( 1712): setLightsOn(true)
06-05 15:48:15.745 D/gralloc_ranchu( 1346): gralloc_alloc: Creating ashmem region of size 9023488
06-05 15:48:15.748 I/art     (15604): Do partial code cache collection, code=30KB, data=29KB
06-05 15:48:15.748 I/art     (15604): After code cache collection, code=29KB, data=29KB
06-05 15:48:15.748 I/art     (15604): Increasing code cache capacity to 128KB
06-05 15:48:15.759 V/PhoneStatusBar( 1712): setLightsOn(true)
06-05 15:48:15.767 I/ActivityManager( 1630): Displayed com.evancharlton.mileage/.FieldListActivity: +52ms
06-05 15:48:15.776 V/PhoneStatusBar( 1712): setLightsOn(true)
06-05 15:48:15.809 V/PhoneStatusBar( 1712): setLightsOn(true)
06-05 15:48:15.826 V/PhoneStatusBar( 1712): setLightsOn(true)
06-05 15:48:16.010 V/PhoneStatusBar( 1712): setLightsOn(true)
06-05 15:48:16.052 I/System.out(15604): URI: //map
06-05 15:48:16.052 I/System.out(15604): params: {json={"query":"* {text CONTAINS[c] 'Fillup fields'}","operation":{"method_name":"query","arguments":[]}}
06-05 15:48:16.052 I/System.out(15604): }
06-05 15:48:16.144 V/PhoneStatusBar( 1712): setLightsOn(true)
06-05 15:48:16.145 V/PhoneStatusBar( 1712): setLightsOn(true)
06-05 15:48:16.160 I/WindowManager( 1630): Destroying surface Surface(name=com.evancharlton.mileage/com.evancharlton.mileage.Mileage) called by com.android.server.wm.WindowStateAnimator.destroySurface:2016 com.android.server.wm.WindowStateAnimator.destroySurfaceLocked:882 com.android.server.wm.WindowState.destroyOrSaveSurface:2100 com.android.server.wm.WindowManagerService.tryStartExitingAnimation:3024 com.android.server.wm.WindowManagerService.relayoutWindow:2904 com.android.server.wm.Session.relayout:224 android.view.IWindowSession$Stub.onTransact:286 com.android.server.wm.Session.onTransact:145 
06-05 15:48:16.160 V/PhoneStatusBar( 1712): setLightsOn(true)
06-05 15:48:16.162 V/PhoneStatusBar( 1712): setLightsOn(true)
06-05 15:48:16.942 D/gralloc_ranchu( 1346): gralloc_alloc: Creating ashmem region of size 9023488
06-05 15:48:16.979 D/gralloc_ranchu( 1346): gralloc_alloc: Creating ashmem region of size 9023488
06-05 15:48:17.070 I/System.out(15604): URI: //
06-05 15:48:17.070 I/System.out(15604): params: {json={"command":"press_key","arguments":["KEYCODE_MENU"]}
06-05 15:48:17.070 I/System.out(15604): }
06-05 15:48:17.070 I/System.out(15604): header: {content-type=application/json;charset=utf-8, date=Fri, 05 Jun 2020 20:48:17 GMT, accept=*/*, host=127.0.0.1:34784, content-length=52, user-agent=HTTPClient/1.0 (2.8.3, ruby 2.5.1 (2018-03-29))}
06-05 15:48:17.070 I/System.out(15604): params: {json={"command":"press_key","arguments":["KEYCODE_MENU"]}
06-05 15:48:17.070 I/System.out(15604): }
06-05 15:48:17.070 I/System.out(15604): ProP json = {"command":"press_key","arguments":["KEYCODE_MENU"]}
06-05 15:48:17.070 I/System.out(15604): files: {}
06-05 15:48:17.070 I/System.out(15604): command: {"command":"press_key","arguments":["KEYCODE_MENU"]}
06-05 15:48:17.072 I/InstrumentationBackend(15604): Got command:'Command:'Line:null,press_key', arguments:'[KEYCODE_MENU]'
06-05 15:48:17.105 V/PhoneStatusBar( 1712): setLightsOn(true)
06-05 15:48:17.109 I/System.out(15604): result:{"bonusInformation":[],"message":"","success":true}
06-05 15:48:17.113 I/System.out(15604): URI: //map
06-05 15:48:17.113 I/System.out(15604): params: {json={"query":"* marked:'Add new field'","operation":{"method_name":"query","arguments":[]}}
06-05 15:48:17.113 I/System.out(15604): }
06-05 15:48:17.137 V/PhoneStatusBar( 1712): setLightsOn(true)
06-05 15:48:17.143 V/PhoneStatusBar( 1712): setLightsOn(true)
06-05 15:48:17.170 D/gralloc_ranchu( 1346): gralloc_alloc: Creating ashmem region of size 929792
06-05 15:48:17.176 V/PhoneStatusBar( 1712): setLightsOn(true)
06-05 15:48:17.176 V/PhoneStatusBar( 1712): setLightsOn(true)
06-05 15:48:17.177 W/ResourceType(15604): No package identifier when getting name for resource number 0x00000001
06-05 15:48:17.188 I/System.out(15604): URI: //gesture
06-05 15:48:17.188 I/System.out(15604): params: {json={"query_timeout":5.0,"gestures":[{"query_string":"* marked:'Add new field'","touches":[{"x":50,"y":50,"offset_x":0,"offset_y":0,"wait":0.0,"time":0.2,"release":true,"query_string":null}]}]}
06-05 15:48:17.188 I/System.out(15604): }
06-05 15:48:17.193 V/PhoneStatusBar( 1712): setLightsOn(true)
06-05 15:48:17.208 V/PhoneStatusBar( 1712): setLightsOn(true)
06-05 15:48:17.237 W/ResourceType(15604): No package identifier when getting name for resource number 0x00000001
06-05 15:48:17.342 D/gralloc_ranchu( 1346): gralloc_alloc: Creating ashmem region of size 929792
06-05 15:48:17.413 V/PhoneStatusBar( 1712): setLightsOn(true)
06-05 15:48:17.486 I/ActivityManager( 1630): START u0 {cmp=com.evancharlton.mileage/.FieldActivity} from uid 10086 on display 0
06-05 15:48:17.491 V/PhoneStatusBar( 1712): setLightsOn(true)
06-05 15:48:17.494 V/PhoneStatusBar( 1712): setLightsOn(true)
06-05 15:48:17.513 I/WindowManager( 1630): Destroying surface Surface(name=AtchDlg:com.evancharlton.mileage/com.evancharlton.mileage.FieldListActivity) called by com.android.server.wm.WindowStateAnimator.destroySurface:2016 com.android.server.wm.WindowStateAnimator.destroySurfaceLocked:882 com.android.server.wm.WindowState.removeLocked:1456 com.android.server.wm.WindowManagerService.removeWindowInnerLocked:2484 com.android.server.wm.WindowManagerService.removeWindowLocked:2442 com.android.server.wm.WindowManagerService.removeWindowLocked:2311 com.android.server.wm.WindowManagerService.removeWindow:2306 com.android.server.wm.Session.remove:202 
06-05 15:48:17.517 I/calabash(15604): newActivity1
06-05 15:48:17.526 I/System.out(15604): URI: //map
06-05 15:48:17.526 I/System.out(15604): params: {json={"query":"* {text CONTAINS[c] 'Fillup field'}","operation":{"method_name":"query","arguments":[]}}
06-05 15:48:17.526 I/System.out(15604): }
06-05 15:48:17.543 V/PhoneStatusBar( 1712): setLightsOn(true)
06-05 15:48:17.552 D/gralloc_ranchu( 1346): gralloc_alloc: Creating ashmem region of size 9023488
06-05 15:48:17.560 V/PhoneStatusBar( 1712): setLightsOn(true)
06-05 15:48:17.620 I/ActivityManager( 1630): Displayed com.evancharlton.mileage/.FieldActivity: +121ms
06-05 15:48:17.621 W/InputMethodService( 1697): Window size has been changed. This may cause jankiness of resizing window: -1 -> -2
06-05 15:48:17.626 D/gralloc_ranchu( 1346): gralloc_alloc: Creating ashmem region of size 9023488
06-05 15:48:17.626 V/PhoneStatusBar( 1712): setLightsOn(true)
06-05 15:48:17.629 I/LatinIME( 1697): Starting input. Cursor position = 0,0
06-05 15:48:17.634 I/System.out(15604): URI: //map
06-05 15:48:17.634 I/System.out(15604): params: {json={"query":"* {text CONTAINS[c] 'Add new field'}","operation":{"method_name":"query","arguments":[]}}
06-05 15:48:17.634 I/System.out(15604): }
06-05 15:48:17.643 V/PhoneStatusBar( 1712): setLightsOn(true)
06-05 15:48:17.693 V/PhoneStatusBar( 1712): setLightsOn(true)
