--------- beginning of main
06-06 17:44:42.374 V/PhoneStatusBar( 1713): setLightsOn(true)
06-06 17:44:42.374 V/PhoneStatusBar( 1713): setLightsOn(true)
--------- beginning of system
06-06 17:44:42.375 W/ActivityManager( 1631): Finishing task with all activities already finished
06-06 17:44:42.375 W/ActivityManager( 1631): Duplicate finish request for ActivityRecord{2456071 u0 com.evancharlton.mileage/.Mileage t24686 f}
06-06 17:44:42.383 D/gralloc_ranchu( 1348): gralloc_alloc: Creating ashmem region of size 3145728
06-06 17:44:42.388 E/EGL_emulation( 1348): tid 1348: eglCreateSyncKHR(1901): error 0x3004 (EGL_BAD_ATTRIBUTE)
06-06 17:44:42.403 W/ActivityManager( 1631): Finishing task with all activities already finished
06-06 17:44:42.403 W/ActivityManager( 1631): Duplicate finish request for ActivityRecord{2456071 u0 com.evancharlton.mileage/.Mileage t24686 f}
06-06 17:44:42.404 W/ActivityManager( 1631): Finishing task with all activities already finished
06-06 17:44:42.404 W/ActivityManager( 1631): Duplicate finish request for ActivityRecord{2456071 u0 com.evancharlton.mileage/.Mileage t24686 f}
06-06 17:44:42.404 W/ActivityManager( 1631): Finishing task with all activities already finished
06-06 17:44:42.404 W/ActivityManager( 1631): Duplicate finish request for ActivityRecord{2456071 u0 com.evancharlton.mileage/.Mileage t24686 f}
06-06 17:44:42.404 W/ActivityManager( 1631): Finishing task with all activities already finished
06-06 17:44:42.404 W/ActivityManager( 1631): Duplicate finish request for ActivityRecord{2456071 u0 com.evancharlton.mileage/.Mileage t24686 f}
06-06 17:44:42.420 D/EGL_emulation( 1713): eglMakeCurrent: 0xa6a85780: ver 2 0 (tinfo 0xa6a83640)
06-06 17:44:42.430 D/EGL_emulation( 1713): eglMakeCurrent: 0xa6a85780: ver 2 0 (tinfo 0xa6a83640)
06-06 17:44:42.434 D/EGL_emulation( 2106): eglMakeCurrent: 0xa6a85300: ver 2 0 (tinfo 0xa6a83220)
06-06 17:44:42.435 W/OpenGLRenderer( 2106): Incorrectly called buildLayer on View: ShortcutAndWidgetContainer, destroying layer...
06-06 17:44:42.448 D/EGL_emulation( 1713): eglMakeCurrent: 0xa6a85780: ver 2 0 (tinfo 0xa6a83640)
06-06 17:44:42.450 D/EGL_emulation( 1713): eglMakeCurrent: 0xa6a85780: ver 2 0 (tinfo 0xa6a83640)
06-06 17:44:42.465 D/EGL_emulation( 1713): eglMakeCurrent: 0xa6a85780: ver 2 0 (tinfo 0xa6a83640)
06-06 17:44:42.466 D/EGL_emulation( 1713): eglMakeCurrent: 0xa6a85780: ver 2 0 (tinfo 0xa6a83640)
06-06 17:44:42.481 D/EGL_emulation( 1713): eglMakeCurrent: 0xa6a85780: ver 2 0 (tinfo 0xa6a83640)
06-06 17:44:42.483 D/EGL_emulation( 1713): eglMakeCurrent: 0xa6a85780: ver 2 0 (tinfo 0xa6a83640)
06-06 17:44:42.498 D/EGL_emulation( 1713): eglMakeCurrent: 0xa6a85780: ver 2 0 (tinfo 0xa6a83640)
06-06 17:44:42.500 D/EGL_emulation( 1713): eglMakeCurrent: 0xa6a85780: ver 2 0 (tinfo 0xa6a83640)
06-06 17:44:42.515 D/EGL_emulation( 1713): eglMakeCurrent: 0xa6a85780: ver 2 0 (tinfo 0xa6a83640)
06-06 17:44:42.516 D/EGL_emulation( 1713): eglMakeCurrent: 0xa6a85780: ver 2 0 (tinfo 0xa6a83640)
06-06 17:44:42.531 D/EGL_emulation( 1713): eglMakeCurrent: 0xa6a85780: ver 2 0 (tinfo 0xa6a83640)
06-06 17:44:42.533 D/EGL_emulation( 1713): eglMakeCurrent: 0xa6a85780: ver 2 0 (tinfo 0xa6a83640)
06-06 17:44:42.548 D/EGL_emulation( 1713): eglMakeCurrent: 0xa6a85780: ver 2 0 (tinfo 0xa6a83640)
06-06 17:44:42.551 D/EGL_emulation( 1713): eglMakeCurrent: 0xa6a85780: ver 2 0 (tinfo 0xa6a83640)
06-06 17:44:42.567 D/EGL_emulation( 1713): eglMakeCurrent: 0xa6a85780: ver 2 0 (tinfo 0xa6a83640)
06-06 17:44:42.569 D/EGL_emulation( 1713): eglMakeCurrent: 0xa6a85780: ver 2 0 (tinfo 0xa6a83640)
06-06 17:44:42.576 D/AndroidRuntime(15535): >>>>>> START com.android.internal.os.RuntimeInit uid 2000 <<<<<<
06-06 17:44:42.577 D/AndroidRuntime(15535): CheckJNI is ON
06-06 17:44:42.581 D/EGL_emulation( 1713): eglMakeCurrent: 0xa6a85780: ver 2 0 (tinfo 0xa6a83640)
06-06 17:44:42.583 D/EGL_emulation( 1713): eglMakeCurrent: 0xa6a85780: ver 2 0 (tinfo 0xa6a83640)
06-06 17:44:42.588 W/art     (15535): Unexpected CPU variant for X86 using defaults: x86
06-06 17:44:42.590 D/ICU     (15535): No timezone override file found: /data/misc/zoneinfo/current/icu/icu_tzdata.dat
06-06 17:44:42.597 E/memtrack(15535): Couldn't load memtrack module (No such file or directory)
06-06 17:44:42.597 E/android.os.Debug(15535): failed to load memtrack module: -2
06-06 17:44:42.598 I/Radio-JNI(15535): register_android_hardware_Radio DONE
06-06 17:44:42.598 D/EGL_emulation( 1713): eglMakeCurrent: 0xa6a85780: ver 2 0 (tinfo 0xa6a83640)
06-06 17:44:42.599 D/EGL_emulation( 1713): eglMakeCurrent: 0xa6a85780: ver 2 0 (tinfo 0xa6a83640)
06-06 17:44:42.601 D/AndroidRuntime(15535): Calling main entry com.android.commands.am.Am
06-06 17:44:42.603 I/ActivityManager( 1631): Force stopping com.evancharlton.mileage appid=10728 user=0: start instr
06-06 17:44:42.603 I/ActivityManager( 1631): Killing 15489:com.evancharlton.mileage/u0a728 (adj 0): stop com.evancharlton.mileage
06-06 17:44:42.603 D/ActivityManager( 1631): cleanUpApplicationRecord -- 15489
06-06 17:44:42.605 W/InputDispatcher( 1631): channel '2d335f4 com.evancharlton.mileage/com.evancharlton.mileage.Mileage (server)' ~ Consumer closed input channel or an error occurred.  events=0x9
06-06 17:44:42.605 E/InputDispatcher( 1631): channel '2d335f4 com.evancharlton.mileage/com.evancharlton.mileage.Mileage (server)' ~ Channel is unrecoverably broken and will be disposed!
06-06 17:44:42.615 D/EGL_emulation( 1713): eglMakeCurrent: 0xa6a85780: ver 2 0 (tinfo 0xa6a83640)
06-06 17:44:42.632 D/EGL_emulation( 1713): eglMakeCurrent: 0xa6a85780: ver 2 0 (tinfo 0xa6a83640)
06-06 17:44:42.633 D/EGL_emulation( 1713): eglMakeCurrent: 0xa6a85780: ver 2 0 (tinfo 0xa6a83640)
06-06 17:44:42.648 W/ActivityManager( 1631): Crash of app com.evancharlton.mileage running instrumentation ComponentInfo{com.evancharlton.mileage.test/sh.calaba.instrumentationbackend.CalabashInstrumentationTestRunner}
06-06 17:44:42.648 I/WindowManager( 1631): WIN DEATH: Window{2d335f4 u0 com.evancharlton.mileage/com.evancharlton.mileage.Mileage EXITING}
06-06 17:44:42.648 W/InputDispatcher( 1631): Attempted to unregister already unregistered input channel '2d335f4 com.evancharlton.mileage/com.evancharlton.mileage.Mileage (server)'
06-06 17:44:42.648 I/ActivityManager( 1631): Force stopping com.evancharlton.mileage appid=10728 user=0: finished inst
06-06 17:44:42.649 D/EGL_emulation( 1713): eglMakeCurrent: 0xa6a85780: ver 2 0 (tinfo 0xa6a83640)
06-06 17:44:42.651 I/art     (15545): Not late-enabling -Xcheck:jni (already on)
06-06 17:44:42.651 W/art     (15545): Unexpected CPU variant for X86 using defaults: x86
06-06 17:44:42.659 I/ActivityManager( 1631): Start proc 15545:com.evancharlton.mileage/u0a728 for added application com.evancharlton.mileage
06-06 17:44:42.659 D/AndroidRuntime(15535): Shutting down VM
06-06 17:44:42.664 W/System  (15545): ClassLoader referenced unknown path: /data/app/com.evancharlton.mileage.test-1/lib/x86
06-06 17:44:42.664 W/System  (15545): ClassLoader referenced unknown path: /data/app/com.evancharlton.mileage-1/lib/x86
06-06 17:44:42.667 W/System  (15545): ClassLoader referenced unknown path: 
06-06 17:44:42.670 I/System.out(15545): Main activity name automatically set to: com.evancharlton.mileage.Mileage
06-06 17:44:42.670 I/System.out(15545): Calabash did not load Mono. This is only a problem if you are trying to test a Mono application
06-06 17:44:42.671 I/calabash(15545): Test server port: 7102
06-06 17:44:42.671 I/InstrumentationBackend(15545): Added:'GetPreferences', with key:'get_preferences'
06-06 17:44:42.675 I/InstrumentationBackend(15545): Added:'SetPreferences', with key:'set_preferences'
06-06 17:44:42.675 I/InstrumentationBackend(15545): Added:'ClearPreferences', with key:'clear_preferences'
06-06 17:44:42.675 I/InstrumentationBackend(15545): Added:'PressElement', with key:'press_l10n_element'
06-06 17:44:42.675 I/InstrumentationBackend(15545): Added:'WaitForElement', with key:'wait_for_l10n_element'
06-06 17:44:42.675 I/InstrumentationBackend(15545): Added:'NullAction', with key:'nullAction'
06-06 17:44:42.675 I/InstrumentationBackend(15545): Added:'PressKey', with key:'press_key'
06-06 17:44:42.675 I/InstrumentationBackend(15545): Added:'SetActivityOrientation', with key:'set_activity_orientation'
06-06 17:44:42.675 I/InstrumentationBackend(15545): Added:'GetActivityOrientation', with key:'get_activity_orientation'
06-06 17:44:42.675 I/InstrumentationBackend(15545): Added:'FakeGPSLocation', with key:'set_gps_coordinates'
06-06 17:44:42.675 I/InstrumentationBackend(15545): Added:'SetPropertyByCssSelector', with key:'set_property_by_css_selector'
06-06 17:44:42.675 I/InstrumentationBackend(15545): Added:'GetUrl', with key:'get_url'
06-06 17:44:42.676 I/InstrumentationBackend(15545): Added:'ScrollTo', with key:'scroll_to'
06-06 17:44:42.676 I/InstrumentationBackend(15545): Added:'GetLoadProgress', with key:'get_load_progress'
06-06 17:44:42.676 I/InstrumentationBackend(15545): Added:'DumpHtml', with key:'dump_html'
06-06 17:44:42.676 I/InstrumentationBackend(15545): Added:'DumpBodyHtml', with key:'dump_body_html'
06-06 17:44:42.676 I/InstrumentationBackend(15545): Added:'EnterTextByCssSelector', with key:'enter_text_by_selector'
06-06 17:44:42.676 I/InstrumentationBackend(15545): Added:'AndroidSDKVersion', with key:'android_sdk_version'
06-06 17:44:42.676 I/InstrumentationBackend(15545): Added:'Version', with key:'version'
06-06 17:44:42.676 I/InstrumentationBackend(15545): Added:'Drag', with key:'drag'
06-06 17:44:42.676 I/InstrumentationBackend(15545): Added:'TouchCoordinates', with key:'touch_coordinate'
06-06 17:44:42.676 I/InstrumentationBackend(15545): Added:'LongPressCoordinate', with key:'long_press_coordinate'
06-06 17:44:42.676 I/InstrumentationBackend(15545): Added:'DragCoordinates', with key:'drag_coordinates'
06-06 17:44:42.676 I/InstrumentationBackend(15545): Added:'ResumeApplication', with key:'resume_application'
06-06 17:44:42.676 I/InstrumentationBackend(15545): Added:'Swipe', with key:'swipe'
06-06 17:44:42.676 I/InstrumentationBackend(15545): Added:'DoubleTapCoordinate', with key:'double_tap_coordinate'
06-06 17:44:42.676 I/InstrumentationBackend(15545): Added:'ClickOnScreen', with key:'click_on_screen'
06-06 17:44:42.676 I/InstrumentationBackend(15545): Added:'GetActivityName', with key:'get_activity_name'
06-06 17:44:42.676 I/InstrumentationBackend(15545): Added:'ScrollToView', with key:'scroll_to_view'
06-06 17:44:42.677 I/InstrumentationBackend(15545): Added:'ViewConfiguration', with key:'view_configuration'
06-06 17:44:42.677 I/InstrumentationBackend(15545): Added:'IsCurrentActivityFocused', with key:'is_current_activity_focused'
06-06 17:44:42.677 I/InstrumentationBackend(15545): Added:'SendTcp', with key:'send_tcp'
06-06 17:44:42.677 I/InstrumentationBackend(15545): Added:'DpToDevicePixel', with key:'dp_to_device_pixel'
06-06 17:44:42.677 I/InstrumentationBackend(15545): Added:'KeyboardEnterText', with key:'keyboard_enter_text'
06-06 17:44:42.677 I/InstrumentationBackend(15545): Added:'DeleteSurroundingText', with key:'delete_surrounding_text'
06-06 17:44:42.677 I/InstrumentationBackend(15545): Added:'SetComposingRegion', with key:'set_composing_region'
06-06 17:44:42.677 I/InstrumentationBackend(15545): Added:'SetSelection', with key:'set_selection'
06-06 17:44:42.677 I/InstrumentationBackend(15545): Added:'KeyboardKeyEvent', with key:'keyboard_key_event'
06-06 17:44:42.677 I/InstrumentationBackend(15545): Added:'PressUserActionButton', with key:'press_user_action_button'
06-06 17:44:42.677 I/InstrumentationBackend(15545): Added:'HideSoftKeyboard', with key:'hide_soft_keyboard'
06-06 17:44:42.677 I/InstrumentationBackend(15545): Added:'ListActions', with key:'list_actions'
06-06 17:44:42.677 I/calabash(15545): Instantiating http server at 7102
06-06 17:44:42.678 I/System.out(15545): HTTP Daemon listening on: 7102
06-06 17:44:42.770 I/System.out(15545): URI: //ping
06-06 17:44:42.770 I/System.out(15545): params: {json={}
06-06 17:44:42.770 I/System.out(15545): }
06-06 17:44:42.775 I/System.out(15545): URI: //ping
06-06 17:44:42.775 I/System.out(15545): params: {json={}
06-06 17:44:42.775 I/System.out(15545): }
06-06 17:44:42.779 I/System.out(15545): URI: //ready
06-06 17:44:42.779 I/System.out(15545): params: {json={}
06-06 17:44:42.779 I/System.out(15545): }
06-06 17:44:42.782 I/System.out(15545): URI: //
06-06 17:44:42.783 I/System.out(15545): params: {json={"command":"version","arguments":[]}
06-06 17:44:42.783 I/System.out(15545): }
06-06 17:44:42.783 I/System.out(15545): header: {content-type=application/json;charset=utf-8, date=Sat, 06 Jun 2020 22:44:43 GMT, accept=*/*, host=127.0.0.1:34784, content-length=36, user-agent=HTTPClient/1.0 (2.8.3, ruby 2.5.1 (2018-03-29))}
06-06 17:44:42.783 I/System.out(15545): params: {json={"command":"version","arguments":[]}
06-06 17:44:42.783 I/System.out(15545): }
06-06 17:44:42.783 I/System.out(15545): ProP json = {"command":"version","arguments":[]}
06-06 17:44:42.783 I/System.out(15545): files: {}
06-06 17:44:42.783 I/System.out(15545): command: {"command":"version","arguments":[]}
06-06 17:44:42.787 I/InstrumentationBackend(15545): Got command:'Command:'Line:null,version', arguments:'[]'
06-06 17:44:42.794 I/System.out(15545): result:{"bonusInformation":[],"message":"0.9.8","success":true}
06-06 17:44:42.797 I/System.out(15545): URI: //start-application
06-06 17:44:42.797 I/System.out(15545): params: {json={"intent":null}
06-06 17:44:42.797 I/System.out(15545): }
06-06 17:44:42.815 I/WindowManager( 1631): Destroying surface Surface(name=com.evancharlton.mileage/com.evancharlton.mileage.Mileage) called by com.android.server.wm.WindowStateAnimator.destroySurface:2016 com.android.server.wm.WindowStateAnimator.destroySurfaceLocked:882 com.android.server.wm.WindowState.removeLocked:1456 com.android.server.wm.WindowManagerService.removeWindowInnerLocked:2484 com.android.server.wm.AppWindowToken.destroySurfaces:365 com.android.server.wm.WindowStateAnimator.finishExit:565 com.android.server.wm.AppWindowAnimator.stepAnimationLocked:427 com.android.server.wm.WindowAnimator.updateAppWindowsLocked:196 
06-06 17:44:42.815 I/ActivityManager( 1631): START u0 {act=android.intent.action.MAIN cat=[android.intent.category.LAUNCHER] flg=0x10200000 cmp=com.evancharlton.mileage/.Mileage} from uid 10728 on display 0
06-06 17:44:42.835 I/calabash(15545): newActivity1
06-06 17:44:42.855 I/calabash(15545): newActivity1
06-06 17:44:42.856 W/ActivityManager( 1631): Bad activity token: android.os.BinderProxy@3fd6bc0
06-06 17:44:42.856 W/ActivityManager( 1631): java.lang.ClassCastException: android.os.BinderProxy cannot be cast to com.android.server.am.ActivityRecord$Token
06-06 17:44:42.856 W/ActivityManager( 1631): 	at com.android.server.am.ActivityRecord.forTokenLocked(ActivityRecord.java:586)
06-06 17:44:42.856 W/ActivityManager( 1631): 	at com.android.server.am.ActivityRecord.isInStackLocked(ActivityRecord.java:1327)
06-06 17:44:42.856 W/ActivityManager( 1631): 	at com.android.server.am.ActivityRecord.getStackLocked(ActivityRecord.java:1332)
06-06 17:44:42.856 W/ActivityManager( 1631): 	at com.android.server.am.ActivityManagerService.getActivityDisplayId(ActivityManagerService.java:9806)
06-06 17:44:42.856 W/ActivityManager( 1631): 	at android.app.ActivityManagerNative.onTransact(ActivityManagerNative.java:2566)
06-06 17:44:42.856 W/ActivityManager( 1631): 	at com.android.server.am.ActivityManagerService.onTransact(ActivityManagerService.java:2757)
06-06 17:44:42.856 W/ActivityManager( 1631): 	at android.os.Binder.execTransact(Binder.java:565)
06-06 17:44:42.857 W/ActivityManager( 1631): Bad activity token: android.os.BinderProxy@3fd6bc0
06-06 17:44:42.857 W/ActivityManager( 1631): java.lang.ClassCastException: android.os.BinderProxy cannot be cast to com.android.server.am.ActivityRecord$Token
06-06 17:44:42.857 W/ActivityManager( 1631): 	at com.android.server.am.ActivityRecord.forTokenLocked(ActivityRecord.java:586)
06-06 17:44:42.857 W/ActivityManager( 1631): 	at com.android.server.am.ActivityRecord.isInStackLocked(ActivityRecord.java:1327)
06-06 17:44:42.857 W/ActivityManager( 1631): 	at com.android.server.am.ActivityManagerService.setTaskDescription(ActivityManagerService.java:9358)
06-06 17:44:42.857 W/ActivityManager( 1631): 	at android.app.ActivityManagerNative.onTransact(ActivityManagerNative.java:2639)
06-06 17:44:42.857 W/ActivityManager( 1631): 	at com.android.server.am.ActivityManagerService.onTransact(ActivityManagerService.java:2757)
06-06 17:44:42.857 W/ActivityManager( 1631): 	at android.os.Binder.execTransact(Binder.java:565)
06-06 17:44:42.857 W/ActivityManager( 1631): Bad activity token: android.os.BinderProxy@3fd6bc0
06-06 17:44:42.857 W/ActivityManager( 1631): java.lang.ClassCastException: android.os.BinderProxy cannot be cast to com.android.server.am.ActivityRecord$Token
06-06 17:44:42.857 W/ActivityManager( 1631): 	at com.android.server.am.ActivityRecord.forTokenLocked(ActivityRecord.java:586)
06-06 17:44:42.857 W/ActivityManager( 1631): 	at com.android.server.am.ActivityRecord.isInStackLocked(ActivityRecord.java:1327)
06-06 17:44:42.857 W/ActivityManager( 1631): 	at com.android.server.am.ActivityRecord.getStackLocked(ActivityRecord.java:1332)
06-06 17:44:42.857 W/ActivityManager( 1631): 	at com.android.server.am.ActivityManagerService.getActivityStackId(ActivityManagerService.java:9817)
06-06 17:44:42.857 W/ActivityManager( 1631): 	at android.app.ActivityManagerNative.onTransact(ActivityManagerNative.java:2856)
06-06 17:44:42.857 W/ActivityManager( 1631): 	at com.android.server.am.ActivityManagerService.onTransact(ActivityManagerService.java:2757)
06-06 17:44:42.857 W/ActivityManager( 1631): 	at android.os.Binder.execTransact(Binder.java:565)
06-06 17:44:42.866 D/gralloc_ranchu( 1348): gralloc_alloc: Creating ashmem region of size 9023488
06-06 17:44:42.873 W/ActivityManager( 1631): Bad activity token: android.os.BinderProxy@3fd6bc0
06-06 17:44:42.873 W/ActivityManager( 1631): java.lang.ClassCastException: android.os.BinderProxy cannot be cast to com.android.server.am.ActivityRecord$Token
06-06 17:44:42.873 W/ActivityManager( 1631): 	at com.android.server.am.ActivityRecord.forTokenLocked(ActivityRecord.java:586)
06-06 17:44:42.873 W/ActivityManager( 1631): 	at com.android.server.am.ActivityRecord.isInStackLocked(ActivityRecord.java:1327)
06-06 17:44:42.873 W/ActivityManager( 1631): 	at com.android.server.am.ActivityManagerService.getActivityOptions(ActivityManagerService.java:12559)
06-06 17:44:42.873 W/ActivityManager( 1631): 	at android.app.ActivityManagerNative.onTransact(ActivityManagerNative.java:1933)
06-06 17:44:42.873 W/ActivityManager( 1631): 	at com.android.server.am.ActivityManagerService.onTransact(ActivityManagerService.java:2757)
06-06 17:44:42.873 W/ActivityManager( 1631): 	at android.os.Binder.execTransact(Binder.java:565)
06-06 17:44:42.873 W/ActivityManager( 1631): Bad activity token: android.os.BinderProxy@3fd6bc0
06-06 17:44:42.873 W/ActivityManager( 1631): java.lang.ClassCastException: android.os.BinderProxy cannot be cast to com.android.server.am.ActivityRecord$Token
06-06 17:44:42.873 W/ActivityManager( 1631): 	at com.android.server.am.ActivityRecord.forTokenLocked(ActivityRecord.java:586)
06-06 17:44:42.873 W/ActivityManager( 1631): 	at com.android.server.am.ActivityRecord.isInStackLocked(ActivityRecord.java:1327)
06-06 17:44:42.873 W/ActivityManager( 1631): 	at com.android.server.am.ActivityManagerService.getActivityOptions(ActivityManagerService.java:12559)
06-06 17:44:42.873 W/ActivityManager( 1631): 	at android.app.ActivityManagerNative.onTransact(ActivityManagerNative.java:1933)
06-06 17:44:42.873 W/ActivityManager( 1631): 	at com.android.server.am.ActivityManagerService.onTransact(ActivityManagerService.java:2757)
06-06 17:44:42.873 W/ActivityManager( 1631): 	at android.os.Binder.execTransact(Binder.java:565)
06-06 17:44:42.891 V/PhoneStatusBar( 1713): setLightsOn(true)
06-06 17:44:42.902 D/EGL_emulation( 2106): eglMakeCurrent: 0xa6a85300: ver 2 0 (tinfo 0xa6a83220)
06-06 17:44:42.903 D/EGL_emulation( 1713): eglMakeCurrent: 0xa6a85780: ver 2 0 (tinfo 0xa6a83640)
06-06 17:44:42.916 D/EGL_emulation( 1713): eglMakeCurrent: 0xa6a85780: ver 2 0 (tinfo 0xa6a83640)
06-06 17:44:42.923 D/EGL_emulation( 1713): eglMakeCurrent: 0xa6a85780: ver 2 0 (tinfo 0xa6a83640)
06-06 17:44:42.925 V/PhoneStatusBar( 1713): setLightsOn(true)
06-06 17:44:42.933 D/EGL_emulation( 1713): eglMakeCurrent: 0xa6a85780: ver 2 0 (tinfo 0xa6a83640)
06-06 17:44:42.935 D/gralloc_ranchu( 1348): gralloc_alloc: Creating ashmem region of size 9023488
06-06 17:44:42.947 D/        (15545): HostConnection::get() New Host Connection established 0x954b65c0, tid 15545
06-06 17:44:42.947 D/EGL_emulation( 1713): eglMakeCurrent: 0xa6a85780: ver 2 0 (tinfo 0xa6a83640)
06-06 17:44:42.949 V/PhoneStatusBar( 1713): setLightsOn(true)
06-06 17:44:42.993 D/EGL_emulation( 1713): eglMakeCurrent: 0xa6a85780: ver 2 0 (tinfo 0xa6a83640)
06-06 17:44:42.996 D/EGL_emulation( 1713): eglMakeCurrent: 0xa6a85780: ver 2 0 (tinfo 0xa6a83640)
06-06 17:44:42.998 D/EGL_emulation( 1713): eglMakeCurrent: 0xa6a85780: ver 2 0 (tinfo 0xa6a83640)
06-06 17:44:43.000 D/EGL_emulation( 1713): eglMakeCurrent: 0xa6a85780: ver 2 0 (tinfo 0xa6a83640)
06-06 17:44:43.009 I/ActivityManager( 1631): Displayed com.evancharlton.mileage/.Mileage: +176ms
06-06 17:44:43.016 D/EGL_emulation( 1713): eglMakeCurrent: 0xa6a85780: ver 2 0 (tinfo 0xa6a83640)
06-06 17:44:43.016 D/gralloc_ranchu( 1348): gralloc_alloc: Creating ashmem region of size 9023488
06-06 17:44:43.047 D/EGL_emulation( 1713): eglMakeCurrent: 0xa6a85780: ver 2 0 (tinfo 0xa6a83640)
06-06 17:44:43.056 D/EGL_emulation( 1713): eglMakeCurrent: 0xa6a85780: ver 2 0 (tinfo 0xa6a83640)
06-06 17:44:43.074 D/EGL_emulation( 1713): eglMakeCurrent: 0xa6a85780: ver 2 0 (tinfo 0xa6a83640)
06-06 17:44:43.077 V/PhoneStatusBar( 1713): setLightsOn(true)
06-06 17:44:43.081 D/EGL_emulation( 1713): eglMakeCurrent: 0xa6a85780: ver 2 0 (tinfo 0xa6a83640)
06-06 17:44:43.088 D/EGL_emulation( 1713): eglMakeCurrent: 0xa6a85780: ver 2 0 (tinfo 0xa6a83640)
06-06 17:44:43.092 D/EGL_emulation( 1713): eglMakeCurrent: 0xa6a85780: ver 2 0 (tinfo 0xa6a83640)
06-06 17:44:43.098 D/EGL_emulation( 1713): eglMakeCurrent: 0xa6a85780: ver 2 0 (tinfo 0xa6a83640)
06-06 17:44:43.106 D/EGL_emulation( 1713): eglMakeCurrent: 0xa6a85780: ver 2 0 (tinfo 0xa6a83640)
06-06 17:44:43.123 I/System.out(15545): URI: //map
06-06 17:44:43.123 I/System.out(15545): params: {json={"query":"* marked:'Statistics'","operation":{"method_name":"query","arguments":[]}}
06-06 17:44:43.123 I/System.out(15545): }
06-06 17:44:43.136 W/ResourceType(15545): No package identifier when getting name for resource number 0x00000001
06-06 17:44:43.153 I/System.out(15545): URI: //gesture
06-06 17:44:43.153 I/System.out(15545): params: {json={"query_timeout":5.0,"gestures":[{"query_string":"* marked:'Statistics'","touches":[{"x":50,"y":50,"offset_x":0,"offset_y":0,"wait":0.0,"time":0.2,"release":true,"query_string":null}]}]}
06-06 17:44:43.153 I/System.out(15545): }
06-06 17:44:43.159 W/ResourceType(15545): No package identifier when getting name for resource number 0x00000001
06-06 17:44:43.198 I/WindowManager( 1631): Destroying surface Surface(name=Starting com.evancharlton.mileage) called by com.android.server.wm.WindowStateAnimator.destroySurface:2016 com.android.server.wm.WindowStateAnimator.destroySurfaceLocked:882 com.android.server.wm.WindowState.destroyOrSaveSurface:2100 com.android.server.wm.AppWindowToken.destroySurfaces:363 com.android.server.wm.WindowStateAnimator.finishExit:565 com.android.server.wm.WindowStateAnimator.stepAnimationLocked:491 com.android.server.wm.WindowAnimator.updateWindowsLocked:303 com.android.server.wm.WindowAnimator.animateLocked:704 
06-06 17:44:43.199 V/PhoneStatusBar( 1713): setLightsOn(true)
06-06 17:44:43.215 V/PhoneStatusBar( 1713): setLightsOn(true)
06-06 17:44:43.348 V/PhoneStatusBar( 1713): setLightsOn(true)
06-06 17:44:43.383 I/calabash(15545): newActivity1
06-06 17:44:43.390 I/System.out(15545): URI: //map
06-06 17:44:43.390 I/System.out(15545): params: {json={"query":"android.widget.ScrollView index:0","operation":{"method_name":"query","arguments":[]}}
06-06 17:44:43.390 I/System.out(15545): }
06-06 17:44:43.393 W/ActivityManager( 1631): Bad activity token: android.os.BinderProxy@b1ab9fa
06-06 17:44:43.393 W/ActivityManager( 1631): java.lang.ClassCastException: android.os.BinderProxy cannot be cast to com.android.server.am.ActivityRecord$Token
06-06 17:44:43.393 W/ActivityManager( 1631): 	at com.android.server.am.ActivityRecord.forTokenLocked(ActivityRecord.java:586)
06-06 17:44:43.393 W/ActivityManager( 1631): 	at com.android.server.am.ActivityRecord.isInStackLocked(ActivityRecord.java:1327)
06-06 17:44:43.393 W/ActivityManager( 1631): 	at com.android.server.am.ActivityRecord.getStackLocked(ActivityRecord.java:1332)
06-06 17:44:43.393 W/ActivityManager( 1631): 	at com.android.server.am.ActivityManagerService.getActivityDisplayId(ActivityManagerService.java:9806)
06-06 17:44:43.393 W/ActivityManager( 1631): 	at android.app.ActivityManagerNative.onTransact(ActivityManagerNative.java:2566)
06-06 17:44:43.393 W/ActivityManager( 1631): 	at com.android.server.am.ActivityManagerService.onTransact(ActivityManagerService.java:2757)
06-06 17:44:43.393 W/ActivityManager( 1631): 	at android.os.Binder.execTransact(Binder.java:565)
06-06 17:44:43.394 W/ActivityManager( 1631): Bad activity token: android.os.BinderProxy@b1ab9fa
06-06 17:44:43.394 W/ActivityManager( 1631): java.lang.ClassCastException: android.os.BinderProxy cannot be cast to com.android.server.am.ActivityRecord$Token
06-06 17:44:43.394 W/ActivityManager( 1631): 	at com.android.server.am.ActivityRecord.forTokenLocked(ActivityRecord.java:586)
06-06 17:44:43.394 W/ActivityManager( 1631): 	at com.android.server.am.ActivityRecord.isInStackLocked(ActivityRecord.java:1327)
06-06 17:44:43.394 W/ActivityManager( 1631): 	at com.android.server.am.ActivityManagerService.setTaskDescription(ActivityManagerService.java:9358)
06-06 17:44:43.394 W/ActivityManager( 1631): 	at android.app.ActivityManagerNative.onTransact(ActivityManagerNative.java:2639)
06-06 17:44:43.394 W/ActivityManager( 1631): 	at com.android.server.am.ActivityManagerService.onTransact(ActivityManagerService.java:2757)
06-06 17:44:43.394 W/ActivityManager( 1631): 	at android.os.Binder.execTransact(Binder.java:565)
06-06 17:44:43.394 W/ActivityManager( 1631): Bad activity token: android.os.BinderProxy@b1ab9fa
06-06 17:44:43.394 W/ActivityManager( 1631): java.lang.ClassCastException: android.os.BinderProxy cannot be cast to com.android.server.am.ActivityRecord$Token
06-06 17:44:43.394 W/ActivityManager( 1631): 	at com.android.server.am.ActivityRecord.forTokenLocked(ActivityRecord.java:586)
06-06 17:44:43.394 W/ActivityManager( 1631): 	at com.android.server.am.ActivityRecord.isInStackLocked(ActivityRecord.java:1327)
06-06 17:44:43.394 W/ActivityManager( 1631): 	at com.android.server.am.ActivityRecord.getStackLocked(ActivityRecord.java:1332)
06-06 17:44:43.394 W/ActivityManager( 1631): 	at com.android.server.am.ActivityManagerService.getActivityStackId(ActivityManagerService.java:9817)
06-06 17:44:43.394 W/ActivityManager( 1631): 	at android.app.ActivityManagerNative.onTransact(ActivityManagerNative.java:2856)
06-06 17:44:43.394 W/ActivityManager( 1631): 	at com.android.server.am.ActivityManagerService.onTransact(ActivityManagerService.java:2757)
06-06 17:44:43.394 W/ActivityManager( 1631): 	at android.os.Binder.execTransact(Binder.java:565)
06-06 17:44:43.399 D/VehicleStatisticsActivity(15545): Checking recalculation ...
06-06 17:44:43.400 D/VehicleStatisticsActivity(15545): Recalculation not necessary.
06-06 17:44:43.417 W/ActivityManager( 1631): Bad activity token: android.os.BinderProxy@b1ab9fa
06-06 17:44:43.417 W/ActivityManager( 1631): java.lang.ClassCastException: android.os.BinderProxy cannot be cast to com.android.server.am.ActivityRecord$Token
06-06 17:44:43.417 W/ActivityManager( 1631): 	at com.android.server.am.ActivityRecord.forTokenLocked(ActivityRecord.java:586)
06-06 17:44:43.417 W/ActivityManager( 1631): 	at com.android.server.am.ActivityRecord.isInStackLocked(ActivityRecord.java:1327)
06-06 17:44:43.417 W/ActivityManager( 1631): 	at com.android.server.am.ActivityManagerService.getActivityOptions(ActivityManagerService.java:12559)
06-06 17:44:43.417 W/ActivityManager( 1631): 	at android.app.ActivityManagerNative.onTransact(ActivityManagerNative.java:1933)
06-06 17:44:43.417 W/ActivityManager( 1631): 	at com.android.server.am.ActivityManagerService.onTransact(ActivityManagerService.java:2757)
06-06 17:44:43.417 W/ActivityManager( 1631): 	at android.os.Binder.execTransact(Binder.java:565)
06-06 17:44:43.418 W/ActivityManager( 1631): Bad activity token: android.os.BinderProxy@b1ab9fa
06-06 17:44:43.418 W/ActivityManager( 1631): java.lang.ClassCastException: android.os.BinderProxy cannot be cast to com.android.server.am.ActivityRecord$Token
06-06 17:44:43.418 W/ActivityManager( 1631): 	at com.android.server.am.ActivityRecord.forTokenLocked(ActivityRecord.java:586)
06-06 17:44:43.418 W/ActivityManager( 1631): 	at com.android.server.am.ActivityRecord.isInStackLocked(ActivityRecord.java:1327)
06-06 17:44:43.418 W/ActivityManager( 1631): 	at com.android.server.am.ActivityManagerService.getActivityOptions(ActivityManagerService.java:12559)
06-06 17:44:43.418 W/ActivityManager( 1631): 	at android.app.ActivityManagerNative.onTransact(ActivityManagerNative.java:1933)
06-06 17:44:43.418 W/ActivityManager( 1631): 	at com.android.server.am.ActivityManagerService.onTransact(ActivityManagerService.java:2757)
06-06 17:44:43.418 W/ActivityManager( 1631): 	at android.os.Binder.execTransact(Binder.java:565)
06-06 17:44:43.423 D/VehicleStatisticsActivity(15545): Checking recalculation ...
06-06 17:44:43.425 D/VehicleStatisticsActivity(15545): Recalculation not necessary.
06-06 17:44:43.543 I/System.out(15545): URI: //map
06-06 17:44:43.548 I/System.out(15545): params: {json={"query":"android.widget.AbsListView index:0","operation":{"method_name":"query","arguments":[]}}
06-06 17:44:43.548 I/System.out(15545): }
06-06 17:44:43.554 I/art     (15545): Do partial code cache collection, code=30KB, data=29KB
06-06 17:44:43.554 I/art     (15545): After code cache collection, code=29KB, data=28KB
06-06 17:44:43.554 I/art     (15545): Increasing code cache capacity to 128KB
06-06 17:44:43.566 I/System.out(15545): URI: //map
06-06 17:44:43.566 I/System.out(15545): params: {json={"query":"android.widget.AbsListView index:0","operation":{"method_name":"query","arguments":[]}}
06-06 17:44:43.566 I/System.out(15545): }
06-06 17:44:43.585 I/System.out(15545): URI: //map
06-06 17:44:43.585 I/System.out(15545): params: {json={"query":"android.widget.AbsListView index:0","operation":{"method_name":"query","arguments":[]}}
06-06 17:44:43.585 I/System.out(15545): }
06-06 17:44:43.607 I/System.out(15545): URI: //map
06-06 17:44:43.607 I/System.out(15545): params: {json={"query":"android.widget.AbsListView index:0","operation":{"method_name":"query","arguments":["getFirstVisiblePosition"]}}
06-06 17:44:43.607 I/System.out(15545): }
06-06 17:44:43.625 I/System.out(15545): URI: //map
06-06 17:44:43.626 I/System.out(15545): params: {json={"query":"android.widget.AbsListView index:0","operation":{"method_name":"query","arguments":["getLastVisiblePosition"]}}
06-06 17:44:43.626 I/System.out(15545): }
06-06 17:44:43.640 I/System.out(15545): URI: //map
06-06 17:44:43.640 I/System.out(15545): params: {json={"query":"android.widget.AbsListView index:0","operation":{"method_name":"query","arguments":[{"method_name":"setSelection","arguments":[26]}]}}
06-06 17:44:43.640 I/System.out(15545): }
06-06 17:44:43.648 V/PhoneStatusBar( 1713): setLightsOn(true)
06-06 17:44:43.649 V/PhoneStatusBar( 1713): setLightsOn(true)
06-06 17:44:43.650 W/OpenGLRenderer( 2106): Incorrectly called buildLayer on View: ShortcutAndWidgetContainer, destroying layer...
06-06 17:44:43.665 I/WindowManager( 1631): Destroying surface Surface(name=com.android.launcher3/com.android.launcher3.Launcher) called by com.android.server.wm.WindowStateAnimator.destroySurface:2016 com.android.server.wm.WindowStateAnimator.destroySurfaceLocked:882 com.android.server.wm.WindowState.destroyOrSaveSurface:2100 com.android.server.wm.AppWindowToken.destroySurfaces:363 com.android.server.wm.AppWindowToken.notifyAppStopped:389 com.android.server.wm.WindowManagerService.notifyAppStopped:4463 com.android.server.am.ActivityStack.activityStoppedLocked:1252 com.android.server.am.ActivityManagerService.activityStopped:6903 
06-06 17:44:43.666 V/PhoneStatusBar( 1713): setLightsOn(true)
06-06 17:44:43.668 I/System.out(15545): URI: //map
06-06 17:44:43.668 I/System.out(15545): params: {json={"query":"* {text CONTAINS[c] 'Average cost per mi'}","operation":{"method_name":"query","arguments":[]}}
06-06 17:44:43.668 I/System.out(15545): }
06-06 17:44:43.718 D/gralloc_ranchu( 1348): gralloc_alloc: Creating ashmem region of size 9023488
06-06 17:44:43.791 I/System.out(15545): URI: //map
06-06 17:44:43.791 I/System.out(15545): params: {json={"query":"* {text CONTAINS[c] 'Minimum cost per mi'}","operation":{"method_name":"query","arguments":[]}}
06-06 17:44:43.791 I/System.out(15545): }
06-06 17:44:43.806 I/System.out(15545): URI: //map
06-06 17:44:43.806 I/System.out(15545): params: {json={"query":"* {text CONTAINS[c] 'Maximum cost per mi'}","operation":{"method_name":"query","arguments":[]}}
06-06 17:44:43.806 I/System.out(15545): }
