--------- beginning of system
06-06 17:44:49.167 W/ActivityManager( 1631): Duplicate finish request for ActivityRecord{5eb232a u0 com.evancharlton.mileage/.Mileage t24691 f}
06-06 17:44:49.167 W/ActivityManager( 1631): Duplicate finish request for ActivityRecord{5eb232a u0 com.evancharlton.mileage/.Mileage t24691 f}
06-06 17:44:49.168 W/ActivityManager( 1631): Duplicate finish request for ActivityRecord{5eb232a u0 com.evancharlton.mileage/.Mileage t24691 f}
06-06 17:44:49.168 W/ActivityManager( 1631): Duplicate finish request for ActivityRecord{5eb232a u0 com.evancharlton.mileage/.Mileage t24691 f}
06-06 17:44:49.168 W/ActivityManager( 1631): Duplicate finish request for ActivityRecord{5eb232a u0 com.evancharlton.mileage/.Mileage t24691 f}
--------- beginning of main
06-06 17:44:49.182 V/PhoneStatusBar( 1713): setLightsOn(true)
06-06 17:44:49.184 D/gralloc_ranchu( 1348): gralloc_alloc: Creating ashmem region of size 3145728
06-06 17:44:49.190 E/EGL_emulation( 1348): tid 1348: eglCreateSyncKHR(1901): error 0x3004 (EGL_BAD_ATTRIBUTE)
06-06 17:44:49.206 W/ActivityManager( 1631): Finishing task with all activities already finished
06-06 17:44:49.206 W/ActivityManager( 1631): Duplicate finish request for ActivityRecord{e2e0118 u0 com.evancharlton.mileage/.charts.AverageFuelEconomyChart t24691 f}
06-06 17:44:49.248 I/WindowManager( 1631): Destroying surface Surface(name=com.evancharlton.mileage/com.evancharlton.mileage.Mileage) called by com.android.server.wm.WindowStateAnimator.destroySurface:2016 com.android.server.wm.WindowStateAnimator.destroySurfaceLocked:882 com.android.server.wm.WindowState.removeLocked:1456 com.android.server.wm.WindowManagerService.removeWindowInnerLocked:2484 com.android.server.wm.AppWindowToken.destroySurfaces:365 com.android.server.wm.WindowStateAnimator.finishExit:565 com.android.server.wm.AppWindowAnimator.stepAnimationLocked:427 com.android.server.wm.WindowAnimator.updateAppWindowsLocked:196 
06-06 17:44:49.249 D/EGL_emulation( 1713): eglMakeCurrent: 0xa6a85780: ver 2 0 (tinfo 0xa6a83640)
06-06 17:44:49.251 D/EGL_emulation( 2106): eglMakeCurrent: 0xa6a85300: ver 2 0 (tinfo 0xa6a83220)
06-06 17:44:49.261 D/AndroidRuntime(15822): >>>>>> START com.android.internal.os.RuntimeInit uid 2000 <<<<<<
06-06 17:44:49.263 D/AndroidRuntime(15822): CheckJNI is ON
06-06 17:44:49.265 D/EGL_emulation( 1713): eglMakeCurrent: 0xa6a85780: ver 2 0 (tinfo 0xa6a83640)
06-06 17:44:49.274 W/art     (15822): Unexpected CPU variant for X86 using defaults: x86
06-06 17:44:49.277 D/ICU     (15822): No timezone override file found: /data/misc/zoneinfo/current/icu/icu_tzdata.dat
06-06 17:44:49.282 D/EGL_emulation( 1713): eglMakeCurrent: 0xa6a85780: ver 2 0 (tinfo 0xa6a83640)
06-06 17:44:49.286 E/memtrack(15822): Couldn't load memtrack module (No such file or directory)
06-06 17:44:49.287 E/android.os.Debug(15822): failed to load memtrack module: -2
06-06 17:44:49.287 I/Radio-JNI(15822): register_android_hardware_Radio DONE
06-06 17:44:49.292 D/AndroidRuntime(15822): Calling main entry com.android.commands.am.Am
06-06 17:44:49.293 I/ActivityManager( 1631): Force stopping com.evancharlton.mileage appid=10728 user=0: start instr
06-06 17:44:49.294 I/ActivityManager( 1631): Killing 15779:com.evancharlton.mileage/u0a728 (adj 0): stop com.evancharlton.mileage
06-06 17:44:49.294 D/ActivityManager( 1631): cleanUpApplicationRecord -- 15779
06-06 17:44:49.294 W/ActivityManager( 1631): Crash of app com.evancharlton.mileage running instrumentation ComponentInfo{com.evancharlton.mileage.test/sh.calaba.instrumentationbackend.CalabashInstrumentationTestRunner}
06-06 17:44:49.294 I/ActivityManager( 1631): Force stopping com.evancharlton.mileage appid=10728 user=0: finished inst
06-06 17:44:49.298 I/art     (15833): Not late-enabling -Xcheck:jni (already on)
06-06 17:44:49.299 D/EGL_emulation( 1713): eglMakeCurrent: 0xa6a85780: ver 2 0 (tinfo 0xa6a83640)
06-06 17:44:49.299 W/art     (15833): Unexpected CPU variant for X86 using defaults: x86
06-06 17:44:49.302 D/EGL_emulation( 1713): eglMakeCurrent: 0xa6a85780: ver 2 0 (tinfo 0xa6a83640)
06-06 17:44:49.305 I/ActivityManager( 1631): Start proc 15833:com.evancharlton.mileage/u0a728 for added application com.evancharlton.mileage
06-06 17:44:49.305 D/AndroidRuntime(15822): Shutting down VM
06-06 17:44:49.311 W/System  (15833): ClassLoader referenced unknown path: /data/app/com.evancharlton.mileage.test-1/lib/x86
06-06 17:44:49.311 W/System  (15833): ClassLoader referenced unknown path: /data/app/com.evancharlton.mileage-1/lib/x86
06-06 17:44:49.313 W/System  (15833): ClassLoader referenced unknown path: 
06-06 17:44:49.315 D/EGL_emulation( 1713): eglMakeCurrent: 0xa6a85780: ver 2 0 (tinfo 0xa6a83640)
06-06 17:44:49.316 D/EGL_emulation( 1713): eglMakeCurrent: 0xa6a85780: ver 2 0 (tinfo 0xa6a83640)
06-06 17:44:49.317 I/System.out(15833): Main activity name automatically set to: com.evancharlton.mileage.Mileage
06-06 17:44:49.317 I/System.out(15833): Calabash did not load Mono. This is only a problem if you are trying to test a Mono application
06-06 17:44:49.317 I/calabash(15833): Test server port: 7102
06-06 17:44:49.317 I/InstrumentationBackend(15833): Added:'GetPreferences', with key:'get_preferences'
06-06 17:44:49.321 I/InstrumentationBackend(15833): Added:'SetPreferences', with key:'set_preferences'
06-06 17:44:49.321 I/InstrumentationBackend(15833): Added:'ClearPreferences', with key:'clear_preferences'
06-06 17:44:49.321 I/InstrumentationBackend(15833): Added:'PressElement', with key:'press_l10n_element'
06-06 17:44:49.321 I/InstrumentationBackend(15833): Added:'WaitForElement', with key:'wait_for_l10n_element'
06-06 17:44:49.321 I/InstrumentationBackend(15833): Added:'NullAction', with key:'nullAction'
06-06 17:44:49.322 I/InstrumentationBackend(15833): Added:'PressKey', with key:'press_key'
06-06 17:44:49.322 I/InstrumentationBackend(15833): Added:'SetActivityOrientation', with key:'set_activity_orientation'
06-06 17:44:49.322 I/InstrumentationBackend(15833): Added:'GetActivityOrientation', with key:'get_activity_orientation'
06-06 17:44:49.322 I/InstrumentationBackend(15833): Added:'FakeGPSLocation', with key:'set_gps_coordinates'
06-06 17:44:49.322 I/InstrumentationBackend(15833): Added:'SetPropertyByCssSelector', with key:'set_property_by_css_selector'
06-06 17:44:49.322 I/InstrumentationBackend(15833): Added:'GetUrl', with key:'get_url'
06-06 17:44:49.322 I/InstrumentationBackend(15833): Added:'ScrollTo', with key:'scroll_to'
06-06 17:44:49.322 I/InstrumentationBackend(15833): Added:'GetLoadProgress', with key:'get_load_progress'
06-06 17:44:49.322 I/InstrumentationBackend(15833): Added:'DumpHtml', with key:'dump_html'
06-06 17:44:49.322 I/InstrumentationBackend(15833): Added:'DumpBodyHtml', with key:'dump_body_html'
06-06 17:44:49.322 I/InstrumentationBackend(15833): Added:'EnterTextByCssSelector', with key:'enter_text_by_selector'
06-06 17:44:49.322 I/InstrumentationBackend(15833): Added:'AndroidSDKVersion', with key:'android_sdk_version'
06-06 17:44:49.322 I/InstrumentationBackend(15833): Added:'Version', with key:'version'
06-06 17:44:49.322 I/InstrumentationBackend(15833): Added:'Drag', with key:'drag'
06-06 17:44:49.322 I/InstrumentationBackend(15833): Added:'TouchCoordinates', with key:'touch_coordinate'
06-06 17:44:49.322 I/InstrumentationBackend(15833): Added:'LongPressCoordinate', with key:'long_press_coordinate'
06-06 17:44:49.323 I/InstrumentationBackend(15833): Added:'DragCoordinates', with key:'drag_coordinates'
06-06 17:44:49.323 I/InstrumentationBackend(15833): Added:'ResumeApplication', with key:'resume_application'
06-06 17:44:49.323 I/InstrumentationBackend(15833): Added:'Swipe', with key:'swipe'
06-06 17:44:49.323 I/InstrumentationBackend(15833): Added:'DoubleTapCoordinate', with key:'double_tap_coordinate'
06-06 17:44:49.323 I/InstrumentationBackend(15833): Added:'ClickOnScreen', with key:'click_on_screen'
06-06 17:44:49.323 I/InstrumentationBackend(15833): Added:'GetActivityName', with key:'get_activity_name'
06-06 17:44:49.323 I/InstrumentationBackend(15833): Added:'ScrollToView', with key:'scroll_to_view'
06-06 17:44:49.323 I/InstrumentationBackend(15833): Added:'ViewConfiguration', with key:'view_configuration'
06-06 17:44:49.323 I/InstrumentationBackend(15833): Added:'IsCurrentActivityFocused', with key:'is_current_activity_focused'
06-06 17:44:49.323 I/InstrumentationBackend(15833): Added:'SendTcp', with key:'send_tcp'
06-06 17:44:49.323 I/InstrumentationBackend(15833): Added:'DpToDevicePixel', with key:'dp_to_device_pixel'
06-06 17:44:49.323 I/InstrumentationBackend(15833): Added:'KeyboardEnterText', with key:'keyboard_enter_text'
06-06 17:44:49.323 I/InstrumentationBackend(15833): Added:'DeleteSurroundingText', with key:'delete_surrounding_text'
06-06 17:44:49.323 I/InstrumentationBackend(15833): Added:'SetComposingRegion', with key:'set_composing_region'
06-06 17:44:49.323 I/InstrumentationBackend(15833): Added:'SetSelection', with key:'set_selection'
06-06 17:44:49.323 I/InstrumentationBackend(15833): Added:'KeyboardKeyEvent', with key:'keyboard_key_event'
06-06 17:44:49.323 I/InstrumentationBackend(15833): Added:'PressUserActionButton', with key:'press_user_action_button'
06-06 17:44:49.323 I/InstrumentationBackend(15833): Added:'HideSoftKeyboard', with key:'hide_soft_keyboard'
06-06 17:44:49.323 I/InstrumentationBackend(15833): Added:'ListActions', with key:'list_actions'
06-06 17:44:49.323 I/calabash(15833): Instantiating http server at 7102
06-06 17:44:49.324 I/System.out(15833): HTTP Daemon listening on: 7102
06-06 17:44:49.332 D/EGL_emulation( 1713): eglMakeCurrent: 0xa6a85780: ver 2 0 (tinfo 0xa6a83640)
06-06 17:44:49.335 D/EGL_emulation( 1713): eglMakeCurrent: 0xa6a85780: ver 2 0 (tinfo 0xa6a83640)
06-06 17:44:49.348 W/InputDispatcher( 1631): channel '7dd54e2 com.evancharlton.mileage/com.evancharlton.mileage.charts.AverageFuelEconomyChart (server)' ~ Consumer closed input channel or an error occurred.  events=0x9
06-06 17:44:49.348 E/InputDispatcher( 1631): channel '7dd54e2 com.evancharlton.mileage/com.evancharlton.mileage.charts.AverageFuelEconomyChart (server)' ~ Channel is unrecoverably broken and will be disposed!
06-06 17:44:49.348 I/WindowManager( 1631): WIN DEATH: Window{7dd54e2 u0 com.evancharlton.mileage/com.evancharlton.mileage.charts.AverageFuelEconomyChart EXITING}
06-06 17:44:49.348 W/InputDispatcher( 1631): Attempted to unregister already unregistered input channel '7dd54e2 com.evancharlton.mileage/com.evancharlton.mileage.charts.AverageFuelEconomyChart (server)'
06-06 17:44:49.348 D/EGL_emulation( 1713): eglMakeCurrent: 0xa6a85780: ver 2 0 (tinfo 0xa6a83640)
06-06 17:44:49.364 D/EGL_emulation( 1713): eglMakeCurrent: 0xa6a85780: ver 2 0 (tinfo 0xa6a83640)
06-06 17:44:49.368 D/EGL_emulation( 1713): eglMakeCurrent: 0xa6a85780: ver 2 0 (tinfo 0xa6a83640)
06-06 17:44:49.370 D/EGL_emulation( 1713): eglMakeCurrent: 0xa6a85780: ver 2 0 (tinfo 0xa6a83640)
06-06 17:44:49.382 D/EGL_emulation( 1713): eglMakeCurrent: 0xa6a85780: ver 2 0 (tinfo 0xa6a83640)
06-06 17:44:49.383 D/EGL_emulation( 1713): eglMakeCurrent: 0xa6a85780: ver 2 0 (tinfo 0xa6a83640)
06-06 17:44:49.398 D/EGL_emulation( 1713): eglMakeCurrent: 0xa6a85780: ver 2 0 (tinfo 0xa6a83640)
06-06 17:44:49.400 D/EGL_emulation( 1713): eglMakeCurrent: 0xa6a85780: ver 2 0 (tinfo 0xa6a83640)
06-06 17:44:49.414 I/System.out(15833): URI: //ping
06-06 17:44:49.414 I/System.out(15833): params: {json={}
06-06 17:44:49.414 I/System.out(15833): }
06-06 17:44:49.415 D/EGL_emulation( 1713): eglMakeCurrent: 0xa6a85780: ver 2 0 (tinfo 0xa6a83640)
06-06 17:44:49.417 D/EGL_emulation( 1713): eglMakeCurrent: 0xa6a85780: ver 2 0 (tinfo 0xa6a83640)
06-06 17:44:49.417 I/System.out(15833): URI: //ping
06-06 17:44:49.417 I/System.out(15833): params: {json={}
06-06 17:44:49.417 I/System.out(15833): }
06-06 17:44:49.418 I/System.out(15833): URI: //ready
06-06 17:44:49.418 I/System.out(15833): params: {json={}
06-06 17:44:49.418 I/System.out(15833): }
06-06 17:44:49.420 I/System.out(15833): URI: //
06-06 17:44:49.420 I/System.out(15833): params: {json={"command":"version","arguments":[]}
06-06 17:44:49.420 I/System.out(15833): }
06-06 17:44:49.420 I/System.out(15833): header: {content-type=application/json;charset=utf-8, date=Sat, 06 Jun 2020 22:44:49 GMT, accept=*/*, host=127.0.0.1:34784, content-length=36, user-agent=HTTPClient/1.0 (2.8.3, ruby 2.5.1 (2018-03-29))}
06-06 17:44:49.420 I/System.out(15833): params: {json={"command":"version","arguments":[]}
06-06 17:44:49.420 I/System.out(15833): }
06-06 17:44:49.420 I/System.out(15833): ProP json = {"command":"version","arguments":[]}
06-06 17:44:49.420 I/System.out(15833): files: {}
06-06 17:44:49.420 I/System.out(15833): command: {"command":"version","arguments":[]}
06-06 17:44:49.423 I/InstrumentationBackend(15833): Got command:'Command:'Line:null,version', arguments:'[]'
06-06 17:44:49.429 I/System.out(15833): result:{"bonusInformation":[],"message":"0.9.8","success":true}
06-06 17:44:49.431 I/System.out(15833): URI: //start-application
06-06 17:44:49.431 I/System.out(15833): params: {json={"intent":null}
06-06 17:44:49.431 I/System.out(15833): }
06-06 17:44:49.431 D/EGL_emulation( 1713): eglMakeCurrent: 0xa6a85780: ver 2 0 (tinfo 0xa6a83640)
06-06 17:44:49.433 D/EGL_emulation( 1713): eglMakeCurrent: 0xa6a85780: ver 2 0 (tinfo 0xa6a83640)
06-06 17:44:49.440 I/ActivityManager( 1631): START u0 {act=android.intent.action.MAIN cat=[android.intent.category.LAUNCHER] flg=0x10200000 cmp=com.evancharlton.mileage/.Mileage} from uid 10728 on display 0
06-06 17:44:49.445 I/calabash(15833): newActivity1
06-06 17:44:49.448 D/EGL_emulation( 1713): eglMakeCurrent: 0xa6a85780: ver 2 0 (tinfo 0xa6a83640)
06-06 17:44:49.450 D/EGL_emulation( 1713): eglMakeCurrent: 0xa6a85780: ver 2 0 (tinfo 0xa6a83640)
06-06 17:44:49.455 I/calabash(15833): newActivity1
06-06 17:44:49.456 W/ActivityManager( 1631): Bad activity token: android.os.BinderProxy@bbfeb78
06-06 17:44:49.456 W/ActivityManager( 1631): java.lang.ClassCastException: android.os.BinderProxy cannot be cast to com.android.server.am.ActivityRecord$Token
06-06 17:44:49.456 W/ActivityManager( 1631): 	at com.android.server.am.ActivityRecord.forTokenLocked(ActivityRecord.java:586)
06-06 17:44:49.456 W/ActivityManager( 1631): 	at com.android.server.am.ActivityRecord.isInStackLocked(ActivityRecord.java:1327)
06-06 17:44:49.456 W/ActivityManager( 1631): 	at com.android.server.am.ActivityRecord.getStackLocked(ActivityRecord.java:1332)
06-06 17:44:49.456 W/ActivityManager( 1631): 	at com.android.server.am.ActivityManagerService.getActivityDisplayId(ActivityManagerService.java:9806)
06-06 17:44:49.456 W/ActivityManager( 1631): 	at android.app.ActivityManagerNative.onTransact(ActivityManagerNative.java:2566)
06-06 17:44:49.456 W/ActivityManager( 1631): 	at com.android.server.am.ActivityManagerService.onTransact(ActivityManagerService.java:2757)
06-06 17:44:49.456 W/ActivityManager( 1631): 	at android.os.Binder.execTransact(Binder.java:565)
06-06 17:44:49.457 W/ActivityManager( 1631): Bad activity token: android.os.BinderProxy@bbfeb78
06-06 17:44:49.457 W/ActivityManager( 1631): java.lang.ClassCastException: android.os.BinderProxy cannot be cast to com.android.server.am.ActivityRecord$Token
06-06 17:44:49.457 W/ActivityManager( 1631): 	at com.android.server.am.ActivityRecord.forTokenLocked(ActivityRecord.java:586)
06-06 17:44:49.457 W/ActivityManager( 1631): 	at com.android.server.am.ActivityRecord.isInStackLocked(ActivityRecord.java:1327)
06-06 17:44:49.457 W/ActivityManager( 1631): 	at com.android.server.am.ActivityManagerService.setTaskDescription(ActivityManagerService.java:9358)
06-06 17:44:49.457 W/ActivityManager( 1631): 	at android.app.ActivityManagerNative.onTransact(ActivityManagerNative.java:2639)
06-06 17:44:49.457 W/ActivityManager( 1631): 	at com.android.server.am.ActivityManagerService.onTransact(ActivityManagerService.java:2757)
06-06 17:44:49.457 W/ActivityManager( 1631): 	at android.os.Binder.execTransact(Binder.java:565)
06-06 17:44:49.457 W/ActivityManager( 1631): Bad activity token: android.os.BinderProxy@bbfeb78
06-06 17:44:49.457 W/ActivityManager( 1631): java.lang.ClassCastException: android.os.BinderProxy cannot be cast to com.android.server.am.ActivityRecord$Token
06-06 17:44:49.457 W/ActivityManager( 1631): 	at com.android.server.am.ActivityRecord.forTokenLocked(ActivityRecord.java:586)
06-06 17:44:49.457 W/ActivityManager( 1631): 	at com.android.server.am.ActivityRecord.isInStackLocked(ActivityRecord.java:1327)
06-06 17:44:49.457 W/ActivityManager( 1631): 	at com.android.server.am.ActivityRecord.getStackLocked(ActivityRecord.java:1332)
06-06 17:44:49.457 W/ActivityManager( 1631): 	at com.android.server.am.ActivityManagerService.getActivityStackId(ActivityManagerService.java:9817)
06-06 17:44:49.457 W/ActivityManager( 1631): 	at android.app.ActivityManagerNative.onTransact(ActivityManagerNative.java:2856)
06-06 17:44:49.457 W/ActivityManager( 1631): 	at com.android.server.am.ActivityManagerService.onTransact(ActivityManagerService.java:2757)
06-06 17:44:49.457 W/ActivityManager( 1631): 	at android.os.Binder.execTransact(Binder.java:565)
06-06 17:44:49.465 D/gralloc_ranchu( 1348): gralloc_alloc: Creating ashmem region of size 9023488
06-06 17:44:49.477 W/ActivityManager( 1631): Bad activity token: android.os.BinderProxy@bbfeb78
06-06 17:44:49.477 W/ActivityManager( 1631): java.lang.ClassCastException: android.os.BinderProxy cannot be cast to com.android.server.am.ActivityRecord$Token
06-06 17:44:49.477 W/ActivityManager( 1631): 	at com.android.server.am.ActivityRecord.forTokenLocked(ActivityRecord.java:586)
06-06 17:44:49.477 W/ActivityManager( 1631): 	at com.android.server.am.ActivityRecord.isInStackLocked(ActivityRecord.java:1327)
06-06 17:44:49.477 W/ActivityManager( 1631): 	at com.android.server.am.ActivityManagerService.getActivityOptions(ActivityManagerService.java:12559)
06-06 17:44:49.477 W/ActivityManager( 1631): 	at android.app.ActivityManagerNative.onTransact(ActivityManagerNative.java:1933)
06-06 17:44:49.477 W/ActivityManager( 1631): 	at com.android.server.am.ActivityManagerService.onTransact(ActivityManagerService.java:2757)
06-06 17:44:49.477 W/ActivityManager( 1631): 	at android.os.Binder.execTransact(Binder.java:565)
06-06 17:44:49.477 W/ActivityManager( 1631): Bad activity token: android.os.BinderProxy@bbfeb78
06-06 17:44:49.477 W/ActivityManager( 1631): java.lang.ClassCastException: android.os.BinderProxy cannot be cast to com.android.server.am.ActivityRecord$Token
06-06 17:44:49.477 W/ActivityManager( 1631): 	at com.android.server.am.ActivityRecord.forTokenLocked(ActivityRecord.java:586)
06-06 17:44:49.477 W/ActivityManager( 1631): 	at com.android.server.am.ActivityRecord.isInStackLocked(ActivityRecord.java:1327)
06-06 17:44:49.477 W/ActivityManager( 1631): 	at com.android.server.am.ActivityManagerService.getActivityOptions(ActivityManagerService.java:12559)
06-06 17:44:49.477 W/ActivityManager( 1631): 	at android.app.ActivityManagerNative.onTransact(ActivityManagerNative.java:1933)
06-06 17:44:49.477 W/ActivityManager( 1631): 	at com.android.server.am.ActivityManagerService.onTransact(ActivityManagerService.java:2757)
06-06 17:44:49.477 W/ActivityManager( 1631): 	at android.os.Binder.execTransact(Binder.java:565)
06-06 17:44:49.484 D/EGL_emulation( 1713): eglMakeCurrent: 0xa6a85780: ver 2 0 (tinfo 0xa6a83640)
06-06 17:44:49.487 D/EGL_emulation( 1713): eglMakeCurrent: 0xa6a85780: ver 2 0 (tinfo 0xa6a83640)
06-06 17:44:49.498 D/EGL_emulation( 1713): eglMakeCurrent: 0xa6a85780: ver 2 0 (tinfo 0xa6a83640)
06-06 17:44:49.498 D/EGL_emulation( 2106): eglMakeCurrent: 0xa6a85300: ver 2 0 (tinfo 0xa6a83220)
06-06 17:44:49.499 V/PhoneStatusBar( 1713): setLightsOn(true)
06-06 17:44:49.514 D/gralloc_ranchu( 1348): gralloc_alloc: Creating ashmem region of size 9023488
06-06 17:44:49.515 D/EGL_emulation( 1713): eglMakeCurrent: 0xa6a85780: ver 2 0 (tinfo 0xa6a83640)
06-06 17:44:49.521 D/EGL_emulation( 1713): eglMakeCurrent: 0xa6a85780: ver 2 0 (tinfo 0xa6a83640)
06-06 17:44:49.521 D/        (15833): HostConnection::get() New Host Connection established 0x954a8500, tid 15833
06-06 17:44:49.564 D/EGL_emulation( 1713): eglMakeCurrent: 0xa6a85780: ver 2 0 (tinfo 0xa6a83640)
06-06 17:44:49.565 V/PhoneStatusBar( 1713): setLightsOn(true)
06-06 17:44:49.566 D/EGL_emulation( 1713): eglMakeCurrent: 0xa6a85780: ver 2 0 (tinfo 0xa6a83640)
06-06 17:44:49.568 D/EGL_emulation( 1713): eglMakeCurrent: 0xa6a85780: ver 2 0 (tinfo 0xa6a83640)
06-06 17:44:49.577 I/ActivityManager( 1631): Displayed com.evancharlton.mileage/.Mileage: +133ms
06-06 17:44:49.581 D/EGL_emulation( 1713): eglMakeCurrent: 0xa6a85780: ver 2 0 (tinfo 0xa6a83640)
06-06 17:44:49.581 D/gralloc_ranchu( 1348): gralloc_alloc: Creating ashmem region of size 9023488
06-06 17:44:49.596 D/EGL_emulation( 1713): eglMakeCurrent: 0xa6a85780: ver 2 0 (tinfo 0xa6a83640)
06-06 17:44:49.598 D/EGL_emulation( 1713): eglMakeCurrent: 0xa6a85780: ver 2 0 (tinfo 0xa6a83640)
06-06 17:44:49.600 D/EGL_emulation( 1713): eglMakeCurrent: 0xa6a85780: ver 2 0 (tinfo 0xa6a83640)
06-06 17:44:49.600 V/PhoneStatusBar( 1713): setLightsOn(true)
06-06 17:44:49.615 D/EGL_emulation( 1713): eglMakeCurrent: 0xa6a85780: ver 2 0 (tinfo 0xa6a83640)
06-06 17:44:49.622 D/EGL_emulation( 1713): eglMakeCurrent: 0xa6a85780: ver 2 0 (tinfo 0xa6a83640)
06-06 17:44:49.629 I/System.out(15833): URI: //map
06-06 17:44:49.629 I/System.out(15833): params: {json={"query":"* marked:'Statistics'","operation":{"method_name":"query","arguments":[]}}
06-06 17:44:49.629 I/System.out(15833): }
06-06 17:44:49.632 D/EGL_emulation( 1713): eglMakeCurrent: 0xa6a85780: ver 2 0 (tinfo 0xa6a83640)
06-06 17:44:49.634 D/EGL_emulation( 1713): eglMakeCurrent: 0xa6a85780: ver 2 0 (tinfo 0xa6a83640)
06-06 17:44:49.647 W/ResourceType(15833): No package identifier when getting name for resource number 0x00000001
06-06 17:44:49.648 D/EGL_emulation( 1713): eglMakeCurrent: 0xa6a85780: ver 2 0 (tinfo 0xa6a83640)
06-06 17:44:49.649 D/EGL_emulation( 1713): eglMakeCurrent: 0xa6a85780: ver 2 0 (tinfo 0xa6a83640)
06-06 17:44:49.665 D/EGL_emulation( 1713): eglMakeCurrent: 0xa6a85780: ver 2 0 (tinfo 0xa6a83640)
06-06 17:44:49.666 I/System.out(15833): URI: //gesture
06-06 17:44:49.666 I/System.out(15833): params: {json={"query_timeout":5.0,"gestures":[{"query_string":"* marked:'Statistics'","touches":[{"x":50,"y":50,"offset_x":0,"offset_y":0,"wait":0.0,"time":0.2,"release":true,"query_string":null}]}]}
06-06 17:44:49.666 I/System.out(15833): }
06-06 17:44:49.667 D/EGL_emulation( 1713): eglMakeCurrent: 0xa6a85780: ver 2 0 (tinfo 0xa6a83640)
06-06 17:44:49.672 W/ResourceType(15833): No package identifier when getting name for resource number 0x00000001
06-06 17:44:49.681 I/WindowManager( 1631): Destroying surface Surface(name=com.evancharlton.mileage/com.evancharlton.mileage.charts.AverageFuelEconomyChart) called by com.android.server.wm.WindowStateAnimator.destroySurface:2016 com.android.server.wm.WindowStateAnimator.destroySurfaceLocked:882 com.android.server.wm.WindowState.removeLocked:1456 com.android.server.wm.WindowManagerService.removeWindowInnerLocked:2484 com.android.server.wm.AppWindowToken.destroySurfaces:365 com.android.server.wm.WindowStateAnimator.finishExit:565 com.android.server.wm.AppWindowAnimator.stepAnimationLocked:427 com.android.server.wm.WindowAnimator.updateAppWindowsLocked:196 
06-06 17:44:49.682 D/EGL_emulation( 1713): eglMakeCurrent: 0xa6a85780: ver 2 0 (tinfo 0xa6a83640)
06-06 17:44:49.697 D/EGL_emulation( 1713): eglMakeCurrent: 0xa6a85780: ver 2 0 (tinfo 0xa6a83640)
06-06 17:44:49.699 D/EGL_emulation( 1713): eglMakeCurrent: 0xa6a85780: ver 2 0 (tinfo 0xa6a83640)
06-06 17:44:49.701 D/EGL_emulation( 1713): eglMakeCurrent: 0xa6a85780: ver 2 0 (tinfo 0xa6a83640)
06-06 17:44:49.702 V/PhoneStatusBar( 1713): setLightsOn(true)
06-06 17:44:49.717 D/EGL_emulation( 1713): eglMakeCurrent: 0xa6a85780: ver 2 0 (tinfo 0xa6a83640)
06-06 17:44:49.765 I/WindowManager( 1631): Destroying surface Surface(name=Starting com.evancharlton.mileage) called by com.android.server.wm.WindowStateAnimator.destroySurface:2016 com.android.server.wm.WindowStateAnimator.destroySurfaceLocked:882 com.android.server.wm.WindowState.destroyOrSaveSurface:2100 com.android.server.wm.AppWindowToken.destroySurfaces:363 com.android.server.wm.WindowStateAnimator.finishExit:565 com.android.server.wm.WindowStateAnimator.stepAnimationLocked:491 com.android.server.wm.WindowAnimator.updateWindowsLocked:303 com.android.server.wm.WindowAnimator.animateLocked:704 
06-06 17:44:49.767 V/PhoneStatusBar( 1713): setLightsOn(true)
06-06 17:44:49.768 V/PhoneStatusBar( 1713): setLightsOn(true)
06-06 17:44:49.899 I/calabash(15833): newActivity1
06-06 17:44:49.911 I/System.out(15833): URI: //map
06-06 17:44:49.911 I/System.out(15833): params: {json={"query":"* marked:'Worst fuel economy'","operation":{"method_name":"query","arguments":[]}}
06-06 17:44:49.911 I/System.out(15833): }
06-06 17:44:49.913 W/ActivityManager( 1631): Bad activity token: android.os.BinderProxy@120e9f2
06-06 17:44:49.913 W/ActivityManager( 1631): java.lang.ClassCastException: android.os.BinderProxy cannot be cast to com.android.server.am.ActivityRecord$Token
06-06 17:44:49.913 W/ActivityManager( 1631): 	at com.android.server.am.ActivityRecord.forTokenLocked(ActivityRecord.java:586)
06-06 17:44:49.913 W/ActivityManager( 1631): 	at com.android.server.am.ActivityRecord.isInStackLocked(ActivityRecord.java:1327)
06-06 17:44:49.913 W/ActivityManager( 1631): 	at com.android.server.am.ActivityRecord.getStackLocked(ActivityRecord.java:1332)
06-06 17:44:49.913 W/ActivityManager( 1631): 	at com.android.server.am.ActivityManagerService.getActivityDisplayId(ActivityManagerService.java:9806)
06-06 17:44:49.913 W/ActivityManager( 1631): 	at android.app.ActivityManagerNative.onTransact(ActivityManagerNative.java:2566)
06-06 17:44:49.913 W/ActivityManager( 1631): 	at com.android.server.am.ActivityManagerService.onTransact(ActivityManagerService.java:2757)
06-06 17:44:49.913 W/ActivityManager( 1631): 	at android.os.Binder.execTransact(Binder.java:565)
06-06 17:44:49.914 W/ActivityManager( 1631): Bad activity token: android.os.BinderProxy@120e9f2
06-06 17:44:49.914 W/ActivityManager( 1631): java.lang.ClassCastException: android.os.BinderProxy cannot be cast to com.android.server.am.ActivityRecord$Token
06-06 17:44:49.914 W/ActivityManager( 1631): 	at com.android.server.am.ActivityRecord.forTokenLocked(ActivityRecord.java:586)
06-06 17:44:49.914 W/ActivityManager( 1631): 	at com.android.server.am.ActivityRecord.isInStackLocked(ActivityRecord.java:1327)
06-06 17:44:49.914 W/ActivityManager( 1631): 	at com.android.server.am.ActivityManagerService.setTaskDescription(ActivityManagerService.java:9358)
06-06 17:44:49.914 W/ActivityManager( 1631): 	at android.app.ActivityManagerNative.onTransact(ActivityManagerNative.java:2639)
06-06 17:44:49.914 W/ActivityManager( 1631): 	at com.android.server.am.ActivityManagerService.onTransact(ActivityManagerService.java:2757)
06-06 17:44:49.914 W/ActivityManager( 1631): 	at android.os.Binder.execTransact(Binder.java:565)
06-06 17:44:49.914 W/ActivityManager( 1631): Bad activity token: android.os.BinderProxy@120e9f2
06-06 17:44:49.914 W/ActivityManager( 1631): java.lang.ClassCastException: android.os.BinderProxy cannot be cast to com.android.server.am.ActivityRecord$Token
06-06 17:44:49.914 W/ActivityManager( 1631): 	at com.android.server.am.ActivityRecord.forTokenLocked(ActivityRecord.java:586)
06-06 17:44:49.914 W/ActivityManager( 1631): 	at com.android.server.am.ActivityRecord.isInStackLocked(ActivityRecord.java:1327)
06-06 17:44:49.914 W/ActivityManager( 1631): 	at com.android.server.am.ActivityRecord.getStackLocked(ActivityRecord.java:1332)
06-06 17:44:49.914 W/ActivityManager( 1631): 	at com.android.server.am.ActivityManagerService.getActivityStackId(ActivityManagerService.java:9817)
06-06 17:44:49.914 W/ActivityManager( 1631): 	at android.app.ActivityManagerNative.onTransact(ActivityManagerNative.java:2856)
06-06 17:44:49.914 W/ActivityManager( 1631): 	at com.android.server.am.ActivityManagerService.onTransact(ActivityManagerService.java:2757)
06-06 17:44:49.914 W/ActivityManager( 1631): 	at android.os.Binder.execTransact(Binder.java:565)
06-06 17:44:49.915 V/PhoneStatusBar( 1713): setLightsOn(true)
06-06 17:44:49.919 D/VehicleStatisticsActivity(15833): Checking recalculation ...
06-06 17:44:49.920 D/VehicleStatisticsActivity(15833): Recalculation not necessary.
06-06 17:44:49.921 W/ActivityManager( 1631): Bad activity token: android.os.BinderProxy@120e9f2
06-06 17:44:49.921 W/ActivityManager( 1631): java.lang.ClassCastException: android.os.BinderProxy cannot be cast to com.android.server.am.ActivityRecord$Token
06-06 17:44:49.921 W/ActivityManager( 1631): 	at com.android.server.am.ActivityRecord.forTokenLocked(ActivityRecord.java:586)
06-06 17:44:49.921 W/ActivityManager( 1631): 	at com.android.server.am.ActivityRecord.isInStackLocked(ActivityRecord.java:1327)
06-06 17:44:49.921 W/ActivityManager( 1631): 	at com.android.server.am.ActivityManagerService.getActivityOptions(ActivityManagerService.java:12559)
06-06 17:44:49.921 W/ActivityManager( 1631): 	at android.app.ActivityManagerNative.onTransact(ActivityManagerNative.java:1933)
06-06 17:44:49.921 W/ActivityManager( 1631): 	at com.android.server.am.ActivityManagerService.onTransact(ActivityManagerService.java:2757)
06-06 17:44:49.921 W/ActivityManager( 1631): 	at android.os.Binder.execTransact(Binder.java:565)
06-06 17:44:49.921 W/ActivityManager( 1631): Bad activity token: android.os.BinderProxy@120e9f2
06-06 17:44:49.921 W/ActivityManager( 1631): java.lang.ClassCastException: android.os.BinderProxy cannot be cast to com.android.server.am.ActivityRecord$Token
06-06 17:44:49.921 W/ActivityManager( 1631): 	at com.android.server.am.ActivityRecord.forTokenLocked(ActivityRecord.java:586)
06-06 17:44:49.921 W/ActivityManager( 1631): 	at com.android.server.am.ActivityRecord.isInStackLocked(ActivityRecord.java:1327)
06-06 17:44:49.921 W/ActivityManager( 1631): 	at com.android.server.am.ActivityManagerService.getActivityOptions(ActivityManagerService.java:12559)
06-06 17:44:49.921 W/ActivityManager( 1631): 	at android.app.ActivityManagerNative.onTransact(ActivityManagerNative.java:1933)
06-06 17:44:49.921 W/ActivityManager( 1631): 	at com.android.server.am.ActivityManagerService.onTransact(ActivityManagerService.java:2757)
06-06 17:44:49.921 W/ActivityManager( 1631): 	at android.os.Binder.execTransact(Binder.java:565)
06-06 17:44:49.922 D/VehicleStatisticsActivity(15833): Checking recalculation ...
06-06 17:44:49.922 D/VehicleStatisticsActivity(15833): Recalculation not necessary.
06-06 17:44:49.965 W/ResourceType(15833): No package identifier when getting name for resource number 0x00000001
06-06 17:44:49.966 I/art     (15833): Do partial code cache collection, code=30KB, data=29KB
06-06 17:44:49.967 I/art     (15833): After code cache collection, code=29KB, data=29KB
06-06 17:44:49.967 I/art     (15833): Increasing code cache capacity to 128KB
06-06 17:44:49.978 I/System.out(15833): URI: //gesture
06-06 17:44:49.978 I/System.out(15833): params: {json={"query_timeout":5.0,"gestures":[{"query_string":"* marked:'Worst fuel economy'","touches":[{"x":50,"y":50,"offset_x":0,"offset_y":0,"wait":0.0,"time":0.2,"release":true,"query_string":null}]}]}
06-06 17:44:49.978 I/System.out(15833): }
06-06 17:44:49.984 W/ResourceType(15833): No package identifier when getting name for resource number 0x00000001
06-06 17:44:50.216 I/ActivityManager( 1631): START u0 {cmp=com.evancharlton.mileage/.charts.WorstFuelEconomyChart (has extras)} from uid 10728 on display 0
06-06 17:44:50.216 V/PhoneStatusBar( 1713): setLightsOn(true)
06-06 17:44:50.218 V/PhoneStatusBar( 1713): setLightsOn(true)
06-06 17:44:50.221 V/PhoneStatusBar( 1713): setLightsOn(true)
06-06 17:44:50.222 V/PhoneStatusBar( 1713): setLightsOn(true)
06-06 17:44:50.224 W/OpenGLRenderer( 2106): Incorrectly called buildLayer on View: ShortcutAndWidgetContainer, destroying layer...
06-06 17:44:50.232 I/WindowManager( 1631): Destroying surface Surface(name=com.android.launcher3/com.android.launcher3.Launcher) called by com.android.server.wm.WindowStateAnimator.destroySurface:2016 com.android.server.wm.WindowStateAnimator.destroySurfaceLocked:882 com.android.server.wm.WindowState.destroyOrSaveSurface:2100 com.android.server.wm.AppWindowToken.destroySurfaces:363 com.android.server.wm.AppWindowToken.notifyAppStopped:389 com.android.server.wm.WindowManagerService.notifyAppStopped:4463 com.android.server.am.ActivityStack.activityStoppedLocked:1252 com.android.server.am.ActivityManagerService.activityStopped:6903 
06-06 17:44:50.233 V/PhoneStatusBar( 1713): setLightsOn(true)
06-06 17:44:50.241 I/System.out(15833): URI: //map
06-06 17:44:50.241 I/System.out(15833): params: {json={"query":"* {text CONTAINS[c] 'Worst fuel economy'}","operation":{"method_name":"query","arguments":[]}}
06-06 17:44:50.241 I/System.out(15833): }
06-06 17:44:50.249 V/PhoneStatusBar( 1713): setLightsOn(true)
06-06 17:44:50.272 I/calabash(15833): newActivity1
06-06 17:44:50.276 W/aiCharts(15833): License file is invalid or missing. 
06-06 17:44:50.276 W/aiCharts(15833): Please place proper license.lic to /assets folder.
06-06 17:44:50.295 V/PhoneStatusBar( 1713): setLightsOn(true)
06-06 17:44:50.314 V/PhoneStatusBar( 1713): setLightsOn(true)
06-06 17:44:50.318 I/System.out(15833): URI: //
06-06 17:44:50.318 I/System.out(15833): params: {json={"command":"press_key","arguments":["KEYCODE_BACK"]}
06-06 17:44:50.318 I/System.out(15833): }
06-06 17:44:50.318 I/System.out(15833): header: {content-type=application/json;charset=utf-8, date=Sat, 06 Jun 2020 22:44:50 GMT, accept=*/*, host=127.0.0.1:34784, content-length=52, user-agent=HTTPClient/1.0 (2.8.3, ruby 2.5.1 (2018-03-29))}
06-06 17:44:50.318 I/System.out(15833): params: {json={"command":"press_key","arguments":["KEYCODE_BACK"]}
06-06 17:44:50.318 I/System.out(15833): }
06-06 17:44:50.318 I/System.out(15833): ProP json = {"command":"press_key","arguments":["KEYCODE_BACK"]}
06-06 17:44:50.318 I/System.out(15833): files: {}
06-06 17:44:50.318 I/System.out(15833): command: {"command":"press_key","arguments":["KEYCODE_BACK"]}
06-06 17:44:50.319 I/WindowManager( 1631): Destroying surface Surface(name=Creating chart…) called by com.android.server.wm.WindowStateAnimator.destroySurface:2016 com.android.server.wm.WindowStateAnimator.destroySurfaceLocked:882 com.android.server.wm.WindowState.removeLocked:1456 com.android.server.wm.WindowManagerService.removeWindowInnerLocked:2484 com.android.server.wm.WindowManagerService.removeWindowLocked:2442 com.android.server.wm.WindowManagerService.removeWindowLocked:2311 com.android.server.wm.WindowManagerService.removeWindow:2306 com.android.server.wm.Session.remove:202 
06-06 17:44:50.319 I/InstrumentationBackend(15833): Got command:'Command:'Line:null,press_key', arguments:'[KEYCODE_BACK]'
06-06 17:44:50.321 W/ViewRootImpl[WorstFuelEconomyChart](15833): Dropping event due to no window focus: KeyEvent { action=ACTION_DOWN, keyCode=KEYCODE_BACK, scanCode=0, metaState=0, flags=0x8, repeatCount=0, eventTime=7079771, downTime=7079771, deviceId=-1, source=0x101 }
06-06 17:44:50.321 D/gralloc_ranchu( 1348): gralloc_alloc: Creating ashmem region of size 9023488
06-06 17:44:50.331 V/PhoneStatusBar( 1713): setLightsOn(true)
06-06 17:44:50.341 W/ViewRootImpl[WorstFuelEconomyChart](15833): Cancelling event due to no window focus: KeyEvent { action=ACTION_UP, keyCode=KEYCODE_BACK, scanCode=0, metaState=0, flags=0x28, repeatCount=0, eventTime=7079773, downTime=7079773, deviceId=-1, source=0x101 }
06-06 17:44:50.341 W/ViewRootImpl[WorstFuelEconomyChart](15833): Cancelling event due to no window focus: KeyEvent { action=ACTION_UP, keyCode=KEYCODE_BACK, scanCode=0, metaState=0, flags=0x28, repeatCount=0, eventTime=7079773, downTime=7079773, deviceId=-1, source=0x101 }
06-06 17:44:50.341 W/ViewRootImpl[WorstFuelEconomyChart](15833): Cancelling event due to no window focus: KeyEvent { action=ACTION_UP, keyCode=KEYCODE_BACK, scanCode=0, metaState=0, flags=0x28, repeatCount=0, eventTime=7079773, downTime=7079773, deviceId=-1, source=0x101 }
06-06 17:44:50.341 W/ViewRootImpl[WorstFuelEconomyChart](15833): Cancelling event due to no window focus: KeyEvent { action=ACTION_UP, keyCode=KEYCODE_BACK, scanCode=0, metaState=0, flags=0x28, repeatCount=0, eventTime=7079773, downTime=7079773, deviceId=-1, source=0x101 }
06-06 17:44:50.341 W/ViewRootImpl[WorstFuelEconomyChart](15833): Cancelling event due to no window focus: KeyEvent { action=ACTION_UP, keyCode=KEYCODE_BACK, scanCode=0, metaState=0, flags=0x28, repeatCount=0, eventTime=7079773, downTime=7079773, deviceId=-1, source=0x101 }
06-06 17:44:50.341 W/ViewRootImpl[WorstFuelEconomyChart](15833): Cancelling event due to no window focus: KeyEvent { action=ACTION_UP, keyCode=KEYCODE_BACK, scanCode=0, metaState=0, flags=0x28, repeatCount=0, eventTime=7079773, downTime=7079773, deviceId=-1, source=0x101 }
06-06 17:44:50.341 W/ViewRootImpl[WorstFuelEconomyChart](15833): Cancelling event due to no window focus: KeyEvent { action=ACTION_UP, keyCode=KEYCODE_BACK, scanCode=0, metaState=0, flags=0x28, repeatCount=0, eventTime=7079773, downTime=7079773, deviceId=-1, source=0x101 }
06-06 17:44:50.341 W/ViewRootImpl[WorstFuelEconomyChart](15833): Cancelling event due to no window focus: KeyEvent { action=ACTION_UP, keyCode=KEYCODE_BACK, scanCode=0, metaState=0, flags=0x28, repeatCount=0, eventTime=7079773, downTime=7079773, deviceId=-1, source=0x101 }
06-06 17:44:50.341 W/ViewRootImpl[WorstFuelEconomyChart](15833): Cancelling event due to no window focus: KeyEvent { action=ACTION_UP, keyCode=KEYCODE_BACK, scanCode=0, metaState=0, flags=0x28, repeatCount=0, eventTime=7079773, downTime=7079773, deviceId=-1, source=0x101 }
06-06 17:44:50.343 I/ActivityManager( 1631): Displayed com.evancharlton.mileage/.charts.WorstFuelEconomyChart: +75ms
06-06 17:44:50.344 I/System.out(15833): result:{"bonusInformation":[],"message":"","success":true}
06-06 17:44:50.346 I/System.out(15833): URI: //map
06-06 17:44:50.346 I/System.out(15833): params: {json={"query":"* {text CONTAINS[c] 'Statistics'}","operation":{"method_name":"query","arguments":[]}}
06-06 17:44:50.346 I/System.out(15833): }
06-06 17:44:50.348 V/PhoneStatusBar( 1713): setLightsOn(true)
06-06 17:44:50.381 V/PhoneStatusBar( 1713): setLightsOn(true)
06-06 17:44:50.398 V/PhoneStatusBar( 1713): setLightsOn(true)
