--------- beginning of system
06-05 23:01:18.302 W/ActivityManager( 1631): Finishing task with all activities already finished
06-05 23:01:18.302 W/ActivityManager( 1631): Duplicate finish request for ActivityRecord{ef2a12c u0 com.evancharlton.mileage/.Mileage t9034 f}
--------- beginning of main
06-05 23:01:18.316 V/PhoneStatusBar( 1712): setLightsOn(true)
06-05 23:01:18.318 D/gralloc_ranchu( 1347): gralloc_alloc: Creating ashmem region of size 3145728
06-05 23:01:18.323 E/EGL_emulation( 1347): tid 1347: eglCreateSyncKHR(1901): error 0x3004 (EGL_BAD_ATTRIBUTE)
06-05 23:01:18.335 W/ActivityManager( 1631): Finishing task with all activities already finished
06-05 23:01:18.335 W/ActivityManager( 1631): Duplicate finish request for ActivityRecord{ef2a12c u0 com.evancharlton.mileage/.Mileage t9034 f}
06-05 23:01:18.335 W/ActivityManager( 1631): Finishing task with all activities already finished
06-05 23:01:18.335 W/ActivityManager( 1631): Duplicate finish request for ActivityRecord{ef2a12c u0 com.evancharlton.mileage/.Mileage t9034 f}
06-05 23:01:18.335 W/ActivityManager( 1631): Finishing task with all activities already finished
06-05 23:01:18.335 W/ActivityManager( 1631): Duplicate finish request for ActivityRecord{ef2a12c u0 com.evancharlton.mileage/.Mileage t9034 f}
06-05 23:01:18.335 W/ActivityManager( 1631): Finishing task with all activities already finished
06-05 23:01:18.335 W/ActivityManager( 1631): Duplicate finish request for ActivityRecord{ef2a12c u0 com.evancharlton.mileage/.Mileage t9034 f}
06-05 23:01:18.335 W/ActivityManager( 1631): Finishing task with all activities already finished
06-05 23:01:18.335 W/ActivityManager( 1631): Duplicate finish request for ActivityRecord{cb7b4ea u0 com.evancharlton.mileage/.charts.EastChart t9034 f}
06-05 23:01:18.335 W/ActivityManager( 1631): Finishing task with all activities already finished
06-05 23:01:18.335 W/ActivityManager( 1631): Duplicate finish request for ActivityRecord{cb7b4ea u0 com.evancharlton.mileage/.charts.EastChart t9034 f}
06-05 23:01:18.335 W/ActivityManager( 1631): Finishing task with all activities already finished
06-05 23:01:18.335 W/ActivityManager( 1631): Duplicate finish request for ActivityRecord{ef2a12c u0 com.evancharlton.mileage/.Mileage t9034 f}
06-05 23:01:18.336 W/ActivityManager( 1631): Finishing task with all activities already finished
06-05 23:01:18.336 W/ActivityManager( 1631): Duplicate finish request for ActivityRecord{ef2a12c u0 com.evancharlton.mileage/.Mileage t9034 f}
06-05 23:01:18.385 D/EGL_emulation( 2076): eglMakeCurrent: 0xb0685360: ver 2 0 (tinfo 0xb06836b0)
06-05 23:01:18.385 D/EGL_emulation( 1712): eglMakeCurrent: 0xb0685360: ver 2 0 (tinfo 0xb06836c0)
06-05 23:01:18.401 D/EGL_emulation( 1712): eglMakeCurrent: 0xb0685360: ver 2 0 (tinfo 0xb06836c0)
06-05 23:01:18.401 D/AndroidRuntime(14002): >>>>>> START com.android.internal.os.RuntimeInit uid 2000 <<<<<<
06-05 23:01:18.402 D/AndroidRuntime(14002): CheckJNI is ON
06-05 23:01:18.414 W/art     (14002): Unexpected CPU variant for X86 using defaults: x86
06-05 23:01:18.416 D/ICU     (14002): No timezone override file found: /data/misc/zoneinfo/current/icu/icu_tzdata.dat
06-05 23:01:18.418 D/EGL_emulation( 1712): eglMakeCurrent: 0xb0685360: ver 2 0 (tinfo 0xb06836c0)
06-05 23:01:18.424 E/memtrack(14002): Couldn't load memtrack module (No such file or directory)
06-05 23:01:18.424 E/android.os.Debug(14002): failed to load memtrack module: -2
06-05 23:01:18.424 I/Radio-JNI(14002): register_android_hardware_Radio DONE
06-05 23:01:18.428 D/AndroidRuntime(14002): Calling main entry com.android.commands.am.Am
06-05 23:01:18.429 I/ActivityManager( 1631): Force stopping com.evancharlton.mileage appid=10326 user=0: start instr
06-05 23:01:18.429 I/ActivityManager( 1631): Killing 13950:com.evancharlton.mileage/u0a326 (adj 0): stop com.evancharlton.mileage
06-05 23:01:18.430 D/ActivityManager( 1631): cleanUpApplicationRecord -- 13950
06-05 23:01:18.430 I/WindowManager( 1631): Destroying surface Surface(name=com.evancharlton.mileage/com.evancharlton.mileage.charts.EastChart) called by com.android.server.wm.WindowStateAnimator.destroySurface:2016 com.android.server.wm.WindowStateAnimator.destroySurfaceLocked:882 com.android.server.wm.WindowState.removeLocked:1456 com.android.server.wm.WindowManagerService.removeWindowInnerLocked:2484 com.android.server.wm.WindowManagerService.removeWindowLocked:2442 com.android.server.wm.WindowManagerService.removeWindowLocked:2311 com.android.server.wm.AppWindowToken.removeAllWindows:530 com.android.server.wm.AppWindowToken.removeAppFromTaskLocked:326 
06-05 23:01:18.431 W/ActivityManager( 1631): Crash of app com.evancharlton.mileage running instrumentation ComponentInfo{com.evancharlton.mileage.test/sh.calaba.instrumentationbackend.CalabashInstrumentationTestRunner}
06-05 23:01:18.431 I/ActivityManager( 1631): Force stopping com.evancharlton.mileage appid=10326 user=0: finished inst
06-05 23:01:18.434 D/EGL_emulation( 1712): eglMakeCurrent: 0xb0685360: ver 2 0 (tinfo 0xb06836c0)
06-05 23:01:18.435 I/art     (14012): Not late-enabling -Xcheck:jni (already on)
06-05 23:01:18.435 W/art     (14012): Unexpected CPU variant for X86 using defaults: x86
06-05 23:01:18.435 D/EGL_emulation( 1712): eglMakeCurrent: 0xb0685360: ver 2 0 (tinfo 0xb06836c0)
06-05 23:01:18.442 I/ActivityManager( 1631): Start proc 14012:com.evancharlton.mileage/u0a326 for added application com.evancharlton.mileage
06-05 23:01:18.442 D/AndroidRuntime(14002): Shutting down VM
06-05 23:01:18.448 W/System  (14012): ClassLoader referenced unknown path: /data/app/com.evancharlton.mileage.test-1/lib/x86
06-05 23:01:18.448 W/System  (14012): ClassLoader referenced unknown path: /data/app/com.evancharlton.mileage-1/lib/x86
06-05 23:01:18.451 D/EGL_emulation( 1712): eglMakeCurrent: 0xb0685360: ver 2 0 (tinfo 0xb06836c0)
06-05 23:01:18.451 W/System  (14012): ClassLoader referenced unknown path: 
06-05 23:01:18.452 D/EGL_emulation( 1712): eglMakeCurrent: 0xb0685360: ver 2 0 (tinfo 0xb06836c0)
06-05 23:01:18.456 I/System.out(14012): Main activity name automatically set to: com.evancharlton.mileage.Mileage
06-05 23:01:18.457 I/System.out(14012): Calabash did not load Mono. This is only a problem if you are trying to test a Mono application
06-05 23:01:18.457 I/calabash(14012): Test server port: 7102
06-05 23:01:18.458 I/InstrumentationBackend(14012): Added:'GetPreferences', with key:'get_preferences'
06-05 23:01:18.462 I/InstrumentationBackend(14012): Added:'SetPreferences', with key:'set_preferences'
06-05 23:01:18.462 I/InstrumentationBackend(14012): Added:'ClearPreferences', with key:'clear_preferences'
06-05 23:01:18.462 I/InstrumentationBackend(14012): Added:'PressElement', with key:'press_l10n_element'
06-05 23:01:18.462 I/InstrumentationBackend(14012): Added:'WaitForElement', with key:'wait_for_l10n_element'
06-05 23:01:18.462 I/InstrumentationBackend(14012): Added:'NullAction', with key:'nullAction'
06-05 23:01:18.462 I/InstrumentationBackend(14012): Added:'PressKey', with key:'press_key'
06-05 23:01:18.462 I/InstrumentationBackend(14012): Added:'SetActivityOrientation', with key:'set_activity_orientation'
06-05 23:01:18.462 I/InstrumentationBackend(14012): Added:'GetActivityOrientation', with key:'get_activity_orientation'
06-05 23:01:18.462 I/InstrumentationBackend(14012): Added:'FakeGPSLocation', with key:'set_gps_coordinates'
06-05 23:01:18.462 I/InstrumentationBackend(14012): Added:'SetPropertyByCssSelector', with key:'set_property_by_css_selector'
06-05 23:01:18.462 I/InstrumentationBackend(14012): Added:'GetUrl', with key:'get_url'
06-05 23:01:18.463 I/InstrumentationBackend(14012): Added:'ScrollTo', with key:'scroll_to'
06-05 23:01:18.463 I/InstrumentationBackend(14012): Added:'GetLoadProgress', with key:'get_load_progress'
06-05 23:01:18.463 I/InstrumentationBackend(14012): Added:'DumpHtml', with key:'dump_html'
06-05 23:01:18.463 I/InstrumentationBackend(14012): Added:'DumpBodyHtml', with key:'dump_body_html'
06-05 23:01:18.463 I/InstrumentationBackend(14012): Added:'EnterTextByCssSelector', with key:'enter_text_by_selector'
06-05 23:01:18.463 I/InstrumentationBackend(14012): Added:'AndroidSDKVersion', with key:'android_sdk_version'
06-05 23:01:18.463 I/InstrumentationBackend(14012): Added:'Version', with key:'version'
06-05 23:01:18.463 I/InstrumentationBackend(14012): Added:'Drag', with key:'drag'
06-05 23:01:18.463 I/InstrumentationBackend(14012): Added:'TouchCoordinates', with key:'touch_coordinate'
06-05 23:01:18.463 I/InstrumentationBackend(14012): Added:'LongPressCoordinate', with key:'long_press_coordinate'
06-05 23:01:18.464 I/InstrumentationBackend(14012): Added:'DragCoordinates', with key:'drag_coordinates'
06-05 23:01:18.464 I/InstrumentationBackend(14012): Added:'ResumeApplication', with key:'resume_application'
06-05 23:01:18.464 I/InstrumentationBackend(14012): Added:'Swipe', with key:'swipe'
06-05 23:01:18.464 I/InstrumentationBackend(14012): Added:'DoubleTapCoordinate', with key:'double_tap_coordinate'
06-05 23:01:18.464 I/InstrumentationBackend(14012): Added:'ClickOnScreen', with key:'click_on_screen'
06-05 23:01:18.464 I/InstrumentationBackend(14012): Added:'GetActivityName', with key:'get_activity_name'
06-05 23:01:18.464 I/InstrumentationBackend(14012): Added:'ScrollToView', with key:'scroll_to_view'
06-05 23:01:18.464 I/InstrumentationBackend(14012): Added:'ViewConfiguration', with key:'view_configuration'
06-05 23:01:18.464 I/InstrumentationBackend(14012): Added:'IsCurrentActivityFocused', with key:'is_current_activity_focused'
06-05 23:01:18.464 I/InstrumentationBackend(14012): Added:'SendTcp', with key:'send_tcp'
06-05 23:01:18.464 I/InstrumentationBackend(14012): Added:'DpToDevicePixel', with key:'dp_to_device_pixel'
06-05 23:01:18.464 I/InstrumentationBackend(14012): Added:'KeyboardEnterText', with key:'keyboard_enter_text'
06-05 23:01:18.464 I/InstrumentationBackend(14012): Added:'DeleteSurroundingText', with key:'delete_surrounding_text'
06-05 23:01:18.464 I/InstrumentationBackend(14012): Added:'SetComposingRegion', with key:'set_composing_region'
06-05 23:01:18.464 I/InstrumentationBackend(14012): Added:'SetSelection', with key:'set_selection'
06-05 23:01:18.464 I/InstrumentationBackend(14012): Added:'KeyboardKeyEvent', with key:'keyboard_key_event'
06-05 23:01:18.464 I/InstrumentationBackend(14012): Added:'PressUserActionButton', with key:'press_user_action_button'
06-05 23:01:18.464 I/InstrumentationBackend(14012): Added:'HideSoftKeyboard', with key:'hide_soft_keyboard'
06-05 23:01:18.464 I/InstrumentationBackend(14012): Added:'ListActions', with key:'list_actions'
06-05 23:01:18.465 I/calabash(14012): Instantiating http server at 7102
06-05 23:01:18.465 I/System.out(14012): HTTP Daemon listening on: 7102
06-05 23:01:18.467 D/EGL_emulation( 1712): eglMakeCurrent: 0xb0685360: ver 2 0 (tinfo 0xb06836c0)
06-05 23:01:18.468 D/EGL_emulation( 1712): eglMakeCurrent: 0xb0685360: ver 2 0 (tinfo 0xb06836c0)
06-05 23:01:18.473 W/InputDispatcher( 1631): channel 'd3f99c7 com.evancharlton.mileage/com.evancharlton.mileage.Mileage (server)' ~ Consumer closed input channel or an error occurred.  events=0x9
06-05 23:01:18.473 E/InputDispatcher( 1631): channel 'd3f99c7 com.evancharlton.mileage/com.evancharlton.mileage.Mileage (server)' ~ Channel is unrecoverably broken and will be disposed!
06-05 23:01:18.473 I/WindowManager( 1631): WIN DEATH: Window{d3f99c7 u0 com.evancharlton.mileage/com.evancharlton.mileage.Mileage EXITING}
06-05 23:01:18.473 W/InputDispatcher( 1631): Attempted to unregister already unregistered input channel 'd3f99c7 com.evancharlton.mileage/com.evancharlton.mileage.Mileage (server)'
06-05 23:01:18.485 D/EGL_emulation( 1712): eglMakeCurrent: 0xb0685360: ver 2 0 (tinfo 0xb06836c0)
06-05 23:01:18.489 D/EGL_emulation( 1712): eglMakeCurrent: 0xb0685360: ver 2 0 (tinfo 0xb06836c0)
06-05 23:01:18.502 D/EGL_emulation( 1712): eglMakeCurrent: 0xb0685360: ver 2 0 (tinfo 0xb06836c0)
06-05 23:01:18.510 D/EGL_emulation( 1712): eglMakeCurrent: 0xb0685360: ver 2 0 (tinfo 0xb06836c0)
06-05 23:01:18.521 D/EGL_emulation( 1712): eglMakeCurrent: 0xb0685360: ver 2 0 (tinfo 0xb06836c0)
06-05 23:01:18.528 D/EGL_emulation( 1712): eglMakeCurrent: 0xb0685360: ver 2 0 (tinfo 0xb06836c0)
06-05 23:01:18.535 D/EGL_emulation( 1712): eglMakeCurrent: 0xb0685360: ver 2 0 (tinfo 0xb06836c0)
06-05 23:01:18.543 D/EGL_emulation( 1712): eglMakeCurrent: 0xb0685360: ver 2 0 (tinfo 0xb06836c0)
06-05 23:01:18.554 D/EGL_emulation( 1712): eglMakeCurrent: 0xb0685360: ver 2 0 (tinfo 0xb06836c0)
06-05 23:01:18.560 D/EGL_emulation( 1712): eglMakeCurrent: 0xb0685360: ver 2 0 (tinfo 0xb06836c0)
06-05 23:01:18.566 I/System.out(14012): URI: //ping
06-05 23:01:18.566 I/System.out(14012): params: {json={}
06-05 23:01:18.566 I/System.out(14012): }
06-05 23:01:18.569 D/EGL_emulation( 1712): eglMakeCurrent: 0xb0685360: ver 2 0 (tinfo 0xb06836c0)
06-05 23:01:18.578 D/EGL_emulation( 1712): eglMakeCurrent: 0xb0685360: ver 2 0 (tinfo 0xb06836c0)
06-05 23:01:18.579 I/System.out(14012): URI: //ping
06-05 23:01:18.579 I/System.out(14012): params: {json={}
06-05 23:01:18.579 I/System.out(14012): }
06-05 23:01:18.587 I/System.out(14012): URI: //ready
06-05 23:01:18.587 I/System.out(14012): params: {json={}
06-05 23:01:18.587 I/System.out(14012): }
06-05 23:01:18.594 D/EGL_emulation( 1712): eglMakeCurrent: 0xb0685360: ver 2 0 (tinfo 0xb06836c0)
06-05 23:01:18.596 I/System.out(14012): URI: //
06-05 23:01:18.596 I/System.out(14012): params: {json={"command":"version","arguments":[]}
06-05 23:01:18.596 I/System.out(14012): }
06-05 23:01:18.596 I/System.out(14012): header: {content-type=application/json;charset=utf-8, date=Sat, 06 Jun 2020 04:01:18 GMT, accept=*/*, host=127.0.0.1:34777, content-length=36, user-agent=HTTPClient/1.0 (2.8.3, ruby 2.5.1 (2018-03-29))}
06-05 23:01:18.596 I/System.out(14012): params: {json={"command":"version","arguments":[]}
06-05 23:01:18.597 I/System.out(14012): }
06-05 23:01:18.597 I/System.out(14012): ProP json = {"command":"version","arguments":[]}
06-05 23:01:18.597 I/System.out(14012): files: {}
06-05 23:01:18.597 I/System.out(14012): command: {"command":"version","arguments":[]}
06-05 23:01:18.602 D/EGL_emulation( 1712): eglMakeCurrent: 0xb0685360: ver 2 0 (tinfo 0xb06836c0)
06-05 23:01:18.610 I/InstrumentationBackend(14012): Got command:'Command:'Line:null,version', arguments:'[]'
06-05 23:01:18.613 D/EGL_emulation( 1712): eglMakeCurrent: 0xb0685360: ver 2 0 (tinfo 0xb06836c0)
06-05 23:01:18.620 D/EGL_emulation( 1712): eglMakeCurrent: 0xb0685360: ver 2 0 (tinfo 0xb06836c0)
06-05 23:01:18.624 D/EGL_emulation( 1712): eglMakeCurrent: 0xb0685360: ver 2 0 (tinfo 0xb06836c0)
06-05 23:01:18.632 I/System.out(14012): result:{"bonusInformation":[],"message":"0.9.8","success":true}
06-05 23:01:18.637 I/System.out(14012): URI: //start-application
06-05 23:01:18.637 I/System.out(14012): params: {json={"intent":null}
06-05 23:01:18.637 I/System.out(14012): }
06-05 23:01:18.652 I/ActivityManager( 1631): START u0 {act=android.intent.action.MAIN cat=[android.intent.category.LAUNCHER] flg=0x10200000 cmp=com.evancharlton.mileage/.Mileage} from uid 10326 on display 0
06-05 23:01:18.659 I/calabash(14012): newActivity1
06-05 23:01:18.670 I/calabash(14012): newActivity1
06-05 23:01:18.672 W/ActivityManager( 1631): Bad activity token: android.os.BinderProxy@c01a897
06-05 23:01:18.672 W/ActivityManager( 1631): java.lang.ClassCastException: android.os.BinderProxy cannot be cast to com.android.server.am.ActivityRecord$Token
06-05 23:01:18.672 W/ActivityManager( 1631): 	at com.android.server.am.ActivityRecord.forTokenLocked(ActivityRecord.java:586)
06-05 23:01:18.672 W/ActivityManager( 1631): 	at com.android.server.am.ActivityRecord.isInStackLocked(ActivityRecord.java:1327)
06-05 23:01:18.672 W/ActivityManager( 1631): 	at com.android.server.am.ActivityRecord.getStackLocked(ActivityRecord.java:1332)
06-05 23:01:18.672 W/ActivityManager( 1631): 	at com.android.server.am.ActivityManagerService.getActivityDisplayId(ActivityManagerService.java:9806)
06-05 23:01:18.672 W/ActivityManager( 1631): 	at android.app.ActivityManagerNative.onTransact(ActivityManagerNative.java:2566)
06-05 23:01:18.672 W/ActivityManager( 1631): 	at com.android.server.am.ActivityManagerService.onTransact(ActivityManagerService.java:2757)
06-05 23:01:18.672 W/ActivityManager( 1631): 	at android.os.Binder.execTransact(Binder.java:565)
06-05 23:01:18.674 W/ActivityManager( 1631): Bad activity token: android.os.BinderProxy@c01a897
06-05 23:01:18.674 W/ActivityManager( 1631): java.lang.ClassCastException: android.os.BinderProxy cannot be cast to com.android.server.am.ActivityRecord$Token
06-05 23:01:18.674 W/ActivityManager( 1631): 	at com.android.server.am.ActivityRecord.forTokenLocked(ActivityRecord.java:586)
06-05 23:01:18.674 W/ActivityManager( 1631): 	at com.android.server.am.ActivityRecord.isInStackLocked(ActivityRecord.java:1327)
06-05 23:01:18.674 W/ActivityManager( 1631): 	at com.android.server.am.ActivityManagerService.setTaskDescription(ActivityManagerService.java:9358)
06-05 23:01:18.674 W/ActivityManager( 1631): 	at android.app.ActivityManagerNative.onTransact(ActivityManagerNative.java:2639)
06-05 23:01:18.674 W/ActivityManager( 1631): 	at com.android.server.am.ActivityManagerService.onTransact(ActivityManagerService.java:2757)
06-05 23:01:18.674 W/ActivityManager( 1631): 	at android.os.Binder.execTransact(Binder.java:565)
06-05 23:01:18.674 W/ActivityManager( 1631): Bad activity token: android.os.BinderProxy@c01a897
06-05 23:01:18.674 W/ActivityManager( 1631): java.lang.ClassCastException: android.os.BinderProxy cannot be cast to com.android.server.am.ActivityRecord$Token
06-05 23:01:18.674 W/ActivityManager( 1631): 	at com.android.server.am.ActivityRecord.forTokenLocked(ActivityRecord.java:586)
06-05 23:01:18.674 W/ActivityManager( 1631): 	at com.android.server.am.ActivityRecord.isInStackLocked(ActivityRecord.java:1327)
06-05 23:01:18.674 W/ActivityManager( 1631): 	at com.android.server.am.ActivityRecord.getStackLocked(ActivityRecord.java:1332)
06-05 23:01:18.674 W/ActivityManager( 1631): 	at com.android.server.am.ActivityManagerService.getActivityStackId(ActivityManagerService.java:9817)
06-05 23:01:18.674 W/ActivityManager( 1631): 	at android.app.ActivityManagerNative.onTransact(ActivityManagerNative.java:2856)
06-05 23:01:18.674 W/ActivityManager( 1631): 	at com.android.server.am.ActivityManagerService.onTransact(ActivityManagerService.java:2757)
06-05 23:01:18.674 W/ActivityManager( 1631): 	at android.os.Binder.execTransact(Binder.java:565)
06-05 23:01:18.684 D/gralloc_ranchu( 1347): gralloc_alloc: Creating ashmem region of size 9023488
06-05 23:01:18.697 W/ActivityManager( 1631): Bad activity token: android.os.BinderProxy@c01a897
06-05 23:01:18.697 W/ActivityManager( 1631): java.lang.ClassCastException: android.os.BinderProxy cannot be cast to com.android.server.am.ActivityRecord$Token
06-05 23:01:18.697 W/ActivityManager( 1631): 	at com.android.server.am.ActivityRecord.forTokenLocked(ActivityRecord.java:586)
06-05 23:01:18.697 W/ActivityManager( 1631): 	at com.android.server.am.ActivityRecord.isInStackLocked(ActivityRecord.java:1327)
06-05 23:01:18.697 W/ActivityManager( 1631): 	at com.android.server.am.ActivityManagerService.getActivityOptions(ActivityManagerService.java:12559)
06-05 23:01:18.697 W/ActivityManager( 1631): 	at android.app.ActivityManagerNative.onTransact(ActivityManagerNative.java:1933)
06-05 23:01:18.697 W/ActivityManager( 1631): 	at com.android.server.am.ActivityManagerService.onTransact(ActivityManagerService.java:2757)
06-05 23:01:18.697 W/ActivityManager( 1631): 	at android.os.Binder.execTransact(Binder.java:565)
06-05 23:01:18.697 W/ActivityManager( 1631): Bad activity token: android.os.BinderProxy@c01a897
06-05 23:01:18.697 W/ActivityManager( 1631): java.lang.ClassCastException: android.os.BinderProxy cannot be cast to com.android.server.am.ActivityRecord$Token
06-05 23:01:18.697 W/ActivityManager( 1631): 	at com.android.server.am.ActivityRecord.forTokenLocked(ActivityRecord.java:586)
06-05 23:01:18.697 W/ActivityManager( 1631): 	at com.android.server.am.ActivityRecord.isInStackLocked(ActivityRecord.java:1327)
06-05 23:01:18.697 W/ActivityManager( 1631): 	at com.android.server.am.ActivityManagerService.getActivityOptions(ActivityManagerService.java:12559)
06-05 23:01:18.697 W/ActivityManager( 1631): 	at android.app.ActivityManagerNative.onTransact(ActivityManagerNative.java:1933)
06-05 23:01:18.697 W/ActivityManager( 1631): 	at com.android.server.am.ActivityManagerService.onTransact(ActivityManagerService.java:2757)
06-05 23:01:18.697 W/ActivityManager( 1631): 	at android.os.Binder.execTransact(Binder.java:565)
06-05 23:01:18.721 V/PhoneStatusBar( 1712): setLightsOn(true)
06-05 23:01:18.733 D/gralloc_ranchu( 1347): gralloc_alloc: Creating ashmem region of size 9023488
06-05 23:01:18.738 D/EGL_emulation( 2076): eglMakeCurrent: 0xb0685360: ver 2 0 (tinfo 0xb06836b0)
06-05 23:01:18.738 D/        (14012): HostConnection::get() New Host Connection established 0x9421f100, tid 14012
06-05 23:01:18.739 D/EGL_emulation( 1712): eglMakeCurrent: 0xb0685360: ver 2 0 (tinfo 0xb06836c0)
06-05 23:01:18.811 D/EGL_emulation( 1712): eglMakeCurrent: 0xb0685360: ver 2 0 (tinfo 0xb06836c0)
06-05 23:01:18.814 D/EGL_emulation( 1712): eglMakeCurrent: 0xb0685360: ver 2 0 (tinfo 0xb06836c0)
06-05 23:01:18.814 V/PhoneStatusBar( 1712): setLightsOn(true)
06-05 23:01:18.815 D/EGL_emulation( 1712): eglMakeCurrent: 0xb0685360: ver 2 0 (tinfo 0xb06836c0)
06-05 23:01:18.817 I/WindowManager( 1631): Destroying surface Surface(name=com.evancharlton.mileage/com.evancharlton.mileage.Mileage) called by com.android.server.wm.WindowStateAnimator.destroySurface:2016 com.android.server.wm.WindowStateAnimator.destroySurfaceLocked:882 com.android.server.wm.WindowState.removeLocked:1456 com.android.server.wm.WindowManagerService.removeWindowInnerLocked:2484 com.android.server.wm.AppWindowToken.destroySurfaces:365 com.android.server.wm.WindowStateAnimator.finishExit:565 com.android.server.wm.AppWindowAnimator.stepAnimationLocked:427 com.android.server.wm.WindowAnimator.updateAppWindowsLocked:196 
06-05 23:01:18.827 D/EGL_emulation( 1712): eglMakeCurrent: 0xb0685360: ver 2 0 (tinfo 0xb06836c0)
06-05 23:01:18.830 D/EGL_emulation( 1712): eglMakeCurrent: 0xb0685360: ver 2 0 (tinfo 0xb06836c0)
06-05 23:01:18.834 D/EGL_emulation( 1712): eglMakeCurrent: 0xb0685360: ver 2 0 (tinfo 0xb06836c0)
06-05 23:01:18.835 V/PhoneStatusBar( 1712): setLightsOn(true)
06-05 23:01:18.836 D/EGL_emulation( 1712): eglMakeCurrent: 0xb0685360: ver 2 0 (tinfo 0xb06836c0)
06-05 23:01:18.850 D/EGL_emulation( 1712): eglMakeCurrent: 0xb0685360: ver 2 0 (tinfo 0xb06836c0)
06-05 23:01:18.851 D/gralloc_ranchu( 1347): gralloc_alloc: Creating ashmem region of size 9023488
06-05 23:01:18.870 D/EGL_emulation( 1712): eglMakeCurrent: 0xb0685360: ver 2 0 (tinfo 0xb06836c0)
06-05 23:01:18.872 I/ActivityManager( 1631): Displayed com.evancharlton.mileage/.Mileage: +215ms
06-05 23:01:18.874 D/EGL_emulation( 1712): eglMakeCurrent: 0xb0685360: ver 2 0 (tinfo 0xb06836c0)
06-05 23:01:18.874 V/PhoneStatusBar( 1712): setLightsOn(true)
06-05 23:01:18.876 D/EGL_emulation( 1712): eglMakeCurrent: 0xb0685360: ver 2 0 (tinfo 0xb06836c0)
06-05 23:01:18.891 D/EGL_emulation( 1712): eglMakeCurrent: 0xb0685360: ver 2 0 (tinfo 0xb06836c0)
06-05 23:01:18.894 D/EGL_emulation( 1712): eglMakeCurrent: 0xb0685360: ver 2 0 (tinfo 0xb06836c0)
06-05 23:01:18.902 D/EGL_emulation( 1712): eglMakeCurrent: 0xb0685360: ver 2 0 (tinfo 0xb06836c0)
06-05 23:01:18.903 V/PhoneStatusBar( 1712): setLightsOn(true)
06-05 23:01:18.905 D/EGL_emulation( 1712): eglMakeCurrent: 0xb0685360: ver 2 0 (tinfo 0xb06836c0)
06-05 23:01:18.918 D/EGL_emulation( 1712): eglMakeCurrent: 0xb0685360: ver 2 0 (tinfo 0xb06836c0)
06-05 23:01:18.922 D/EGL_emulation( 1712): eglMakeCurrent: 0xb0685360: ver 2 0 (tinfo 0xb06836c0)
06-05 23:01:18.926 I/System.out(14012): URI: //map
06-05 23:01:18.926 I/System.out(14012): params: {json={"query":"* marked:'Statistics'","operation":{"method_name":"query","arguments":[]}}
06-05 23:01:18.926 I/System.out(14012): }
06-05 23:01:18.936 D/EGL_emulation( 1712): eglMakeCurrent: 0xb0685360: ver 2 0 (tinfo 0xb06836c0)
06-05 23:01:18.938 D/EGL_emulation( 1712): eglMakeCurrent: 0xb0685360: ver 2 0 (tinfo 0xb06836c0)
06-05 23:01:18.944 W/ResourceType(14012): No package identifier when getting name for resource number 0x00000001
06-05 23:01:18.962 I/System.out(14012): URI: //gesture
06-05 23:01:18.962 I/System.out(14012): params: {json={"query_timeout":5.0,"gestures":[{"query_string":"* marked:'Statistics'","touches":[{"x":50,"y":50,"offset_x":0,"offset_y":0,"wait":0.0,"time":0.2,"release":true,"query_string":null}]}]}
06-05 23:01:18.962 I/System.out(14012): }
06-05 23:01:18.969 W/ResourceType(14012): No package identifier when getting name for resource number 0x00000001
06-05 23:01:19.068 I/WindowManager( 1631): Destroying surface Surface(name=Starting com.evancharlton.mileage) called by com.android.server.wm.WindowStateAnimator.destroySurface:2016 com.android.server.wm.WindowStateAnimator.destroySurfaceLocked:882 com.android.server.wm.WindowState.destroyOrSaveSurface:2100 com.android.server.wm.AppWindowToken.destroySurfaces:363 com.android.server.wm.WindowStateAnimator.finishExit:565 com.android.server.wm.WindowStateAnimator.stepAnimationLocked:491 com.android.server.wm.WindowAnimator.updateWindowsLocked:303 com.android.server.wm.WindowAnimator.animateLocked:704 
06-05 23:01:19.073 V/PhoneStatusBar( 1712): setLightsOn(true)
06-05 23:01:19.102 V/PhoneStatusBar( 1712): setLightsOn(true)
06-05 23:01:19.202 V/PhoneStatusBar( 1712): setLightsOn(true)
06-05 23:01:19.219 I/calabash(14012): newActivity1
06-05 23:01:19.245 I/System.out(14012): URI: //map
06-05 23:01:19.245 I/System.out(14012): params: {json={"query":"android.widget.ScrollView index:0","operation":{"method_name":"query","arguments":[]}}
06-05 23:01:19.245 I/System.out(14012): }
06-05 23:01:19.291 W/ActivityManager( 1631): Bad activity token: android.os.BinderProxy@f1a70dd
06-05 23:01:19.291 W/ActivityManager( 1631): java.lang.ClassCastException: android.os.BinderProxy cannot be cast to com.android.server.am.ActivityRecord$Token
06-05 23:01:19.291 W/ActivityManager( 1631): 	at com.android.server.am.ActivityRecord.forTokenLocked(ActivityRecord.java:586)
06-05 23:01:19.291 W/ActivityManager( 1631): 	at com.android.server.am.ActivityRecord.isInStackLocked(ActivityRecord.java:1327)
06-05 23:01:19.291 W/ActivityManager( 1631): 	at com.android.server.am.ActivityRecord.getStackLocked(ActivityRecord.java:1332)
06-05 23:01:19.291 W/ActivityManager( 1631): 	at com.android.server.am.ActivityManagerService.getActivityDisplayId(ActivityManagerService.java:9806)
06-05 23:01:19.291 W/ActivityManager( 1631): 	at android.app.ActivityManagerNative.onTransact(ActivityManagerNative.java:2566)
06-05 23:01:19.291 W/ActivityManager( 1631): 	at com.android.server.am.ActivityManagerService.onTransact(ActivityManagerService.java:2757)
06-05 23:01:19.291 W/ActivityManager( 1631): 	at android.os.Binder.execTransact(Binder.java:565)
06-05 23:01:19.294 W/ActivityManager( 1631): Bad activity token: android.os.BinderProxy@f1a70dd
06-05 23:01:19.294 W/ActivityManager( 1631): java.lang.ClassCastException: android.os.BinderProxy cannot be cast to com.android.server.am.ActivityRecord$Token
06-05 23:01:19.294 W/ActivityManager( 1631): 	at com.android.server.am.ActivityRecord.forTokenLocked(ActivityRecord.java:586)
06-05 23:01:19.294 W/ActivityManager( 1631): 	at com.android.server.am.ActivityRecord.isInStackLocked(ActivityRecord.java:1327)
06-05 23:01:19.294 W/ActivityManager( 1631): 	at com.android.server.am.ActivityManagerService.setTaskDescription(ActivityManagerService.java:9358)
06-05 23:01:19.294 W/ActivityManager( 1631): 	at android.app.ActivityManagerNative.onTransact(ActivityManagerNative.java:2639)
06-05 23:01:19.294 W/ActivityManager( 1631): 	at com.android.server.am.ActivityManagerService.onTransact(ActivityManagerService.java:2757)
06-05 23:01:19.294 W/ActivityManager( 1631): 	at android.os.Binder.execTransact(Binder.java:565)
06-05 23:01:19.295 W/ActivityManager( 1631): Bad activity token: android.os.BinderProxy@f1a70dd
06-05 23:01:19.295 W/ActivityManager( 1631): java.lang.ClassCastException: android.os.BinderProxy cannot be cast to com.android.server.am.ActivityRecord$Token
06-05 23:01:19.295 W/ActivityManager( 1631): 	at com.android.server.am.ActivityRecord.forTokenLocked(ActivityRecord.java:586)
06-05 23:01:19.295 W/ActivityManager( 1631): 	at com.android.server.am.ActivityRecord.isInStackLocked(ActivityRecord.java:1327)
06-05 23:01:19.295 W/ActivityManager( 1631): 	at com.android.server.am.ActivityRecord.getStackLocked(ActivityRecord.java:1332)
06-05 23:01:19.295 W/ActivityManager( 1631): 	at com.android.server.am.ActivityManagerService.getActivityStackId(ActivityManagerService.java:9817)
06-05 23:01:19.295 W/ActivityManager( 1631): 	at android.app.ActivityManagerNative.onTransact(ActivityManagerNative.java:2856)
06-05 23:01:19.295 W/ActivityManager( 1631): 	at com.android.server.am.ActivityManagerService.onTransact(ActivityManagerService.java:2757)
06-05 23:01:19.295 W/ActivityManager( 1631): 	at android.os.Binder.execTransact(Binder.java:565)
06-05 23:01:19.308 D/VehicleStatisticsActivity(14012): Checking recalculation ...
06-05 23:01:19.310 D/VehicleStatisticsActivity(14012): Recalculation not necessary.
06-05 23:01:19.317 W/ActivityManager( 1631): Bad activity token: android.os.BinderProxy@f1a70dd
06-05 23:01:19.317 W/ActivityManager( 1631): java.lang.ClassCastException: android.os.BinderProxy cannot be cast to com.android.server.am.ActivityRecord$Token
06-05 23:01:19.317 W/ActivityManager( 1631): 	at com.android.server.am.ActivityRecord.forTokenLocked(ActivityRecord.java:586)
06-05 23:01:19.317 W/ActivityManager( 1631): 	at com.android.server.am.ActivityRecord.isInStackLocked(ActivityRecord.java:1327)
06-05 23:01:19.317 W/ActivityManager( 1631): 	at com.android.server.am.ActivityManagerService.getActivityOptions(ActivityManagerService.java:12559)
06-05 23:01:19.317 W/ActivityManager( 1631): 	at android.app.ActivityManagerNative.onTransact(ActivityManagerNative.java:1933)
06-05 23:01:19.317 W/ActivityManager( 1631): 	at com.android.server.am.ActivityManagerService.onTransact(ActivityManagerService.java:2757)
06-05 23:01:19.317 W/ActivityManager( 1631): 	at android.os.Binder.execTransact(Binder.java:565)
06-05 23:01:19.318 W/ActivityManager( 1631): Bad activity token: android.os.BinderProxy@f1a70dd
06-05 23:01:19.318 W/ActivityManager( 1631): java.lang.ClassCastException: android.os.BinderProxy cannot be cast to com.android.server.am.ActivityRecord$Token
06-05 23:01:19.318 W/ActivityManager( 1631): 	at com.android.server.am.ActivityRecord.forTokenLocked(ActivityRecord.java:586)
06-05 23:01:19.318 W/ActivityManager( 1631): 	at com.android.server.am.ActivityRecord.isInStackLocked(ActivityRecord.java:1327)
06-05 23:01:19.318 W/ActivityManager( 1631): 	at com.android.server.am.ActivityManagerService.getActivityOptions(ActivityManagerService.java:12559)
06-05 23:01:19.318 W/ActivityManager( 1631): 	at android.app.ActivityManagerNative.onTransact(ActivityManagerNative.java:1933)
06-05 23:01:19.318 W/ActivityManager( 1631): 	at com.android.server.am.ActivityManagerService.onTransact(ActivityManagerService.java:2757)
06-05 23:01:19.318 W/ActivityManager( 1631): 	at android.os.Binder.execTransact(Binder.java:565)
06-05 23:01:19.321 D/VehicleStatisticsActivity(14012): Checking recalculation ...
06-05 23:01:19.322 D/VehicleStatisticsActivity(14012): Recalculation not necessary.
06-05 23:01:19.484 V/PhoneStatusBar( 1712): setLightsOn(true)
06-05 23:01:19.485 V/PhoneStatusBar( 1712): setLightsOn(true)
06-05 23:01:19.487 W/OpenGLRenderer( 2076): Incorrectly called buildLayer on View: ShortcutAndWidgetContainer, destroying layer...
06-05 23:01:19.501 V/PhoneStatusBar( 1712): setLightsOn(true)
06-05 23:01:19.502 I/WindowManager( 1631): Destroying surface Surface(name=com.android.launcher3/com.android.launcher3.Launcher) called by com.android.server.wm.WindowStateAnimator.destroySurface:2016 com.android.server.wm.WindowStateAnimator.destroySurfaceLocked:882 com.android.server.wm.WindowState.destroyOrSaveSurface:2100 com.android.server.wm.AppWindowToken.destroySurfaces:363 com.android.server.wm.AppWindowToken.notifyAppStopped:389 com.android.server.wm.WindowManagerService.notifyAppStopped:4463 com.android.server.am.ActivityStack.activityStoppedLocked:1252 com.android.server.am.ActivityManagerService.activityStopped:6903 
06-05 23:01:19.503 I/System.out(14012): URI: //map
06-05 23:01:19.503 I/System.out(14012): params: {json={"query":"android.widget.AbsListView index:0","operation":{"method_name":"query","arguments":[]}}
06-05 23:01:19.503 I/System.out(14012): }
06-05 23:01:19.510 I/art     (14012): Do partial code cache collection, code=30KB, data=29KB
06-05 23:01:19.510 I/art     (14012): After code cache collection, code=29KB, data=28KB
06-05 23:01:19.510 I/art     (14012): Increasing code cache capacity to 128KB
06-05 23:01:19.522 I/System.out(14012): URI: //map
06-05 23:01:19.522 I/System.out(14012): params: {json={"query":"android.widget.AbsListView index:0","operation":{"method_name":"query","arguments":[]}}
06-05 23:01:19.522 I/System.out(14012): }
06-05 23:01:19.540 I/System.out(14012): URI: //map
06-05 23:01:19.540 I/System.out(14012): params: {json={"query":"android.widget.AbsListView index:0","operation":{"method_name":"query","arguments":[]}}
06-05 23:01:19.540 I/System.out(14012): }
06-05 23:01:19.554 I/System.out(14012): URI: //map
06-05 23:01:19.554 I/System.out(14012): params: {json={"query":"android.widget.AbsListView index:0","operation":{"method_name":"query","arguments":["getFirstVisiblePosition"]}}
06-05 23:01:19.554 I/System.out(14012): }
06-05 23:01:19.565 I/System.out(14012): URI: //map
06-05 23:01:19.565 I/System.out(14012): params: {json={"query":"android.widget.AbsListView index:0","operation":{"method_name":"query","arguments":["getLastVisiblePosition"]}}
06-05 23:01:19.565 I/System.out(14012): }
06-05 23:01:19.576 I/System.out(14012): URI: //map
06-05 23:01:19.576 I/System.out(14012): params: {json={"query":"android.widget.AbsListView index:0","operation":{"method_name":"query","arguments":[{"method_name":"setSelection","arguments":[26]}]}}
06-05 23:01:19.576 I/System.out(14012): }
06-05 23:01:19.593 I/System.out(14012): URI: //map
06-05 23:01:19.593 I/System.out(14012): params: {json={"query":"* marked:'West'","operation":{"method_name":"query","arguments":[]}}
06-05 23:01:19.593 I/System.out(14012): }
06-05 23:01:19.636 D/gralloc_ranchu( 1347): gralloc_alloc: Creating ashmem region of size 9023488
06-05 23:01:19.670 W/ResourceType(14012): No package identifier when getting name for resource number 0x00000001
06-05 23:01:19.681 I/System.out(14012): URI: //gesture
06-05 23:01:19.681 I/System.out(14012): params: {json={"query_timeout":5.0,"gestures":[{"query_string":"* marked:'West'","touches":[{"x":50,"y":50,"offset_x":0,"offset_y":0,"wait":0.0,"time":0.2,"release":true,"query_string":null}]}]}
06-05 23:01:19.681 I/System.out(14012): }
06-05 23:01:19.684 W/ResourceType(14012): No package identifier when getting name for resource number 0x00000001
06-05 23:01:19.919 I/ActivityManager( 1631): START u0 {cmp=com.evancharlton.mileage/.charts.WestChart (has extras)} from uid 10326 on display 0
06-05 23:01:19.921 V/PhoneStatusBar( 1712): setLightsOn(true)
06-05 23:01:19.923 V/PhoneStatusBar( 1712): setLightsOn(true)
06-05 23:01:19.946 I/System.out(14012): URI: //map
06-05 23:01:19.946 I/System.out(14012): params: {json={"query":"* {text CONTAINS[c] 'Farthest west fillup'}","operation":{"method_name":"query","arguments":[]}}
06-05 23:01:19.946 I/System.out(14012): }
06-05 23:01:19.984 I/calabash(14012): newActivity1
06-05 23:01:19.987 W/aiCharts(14012): License file is invalid or missing. 
06-05 23:01:19.987 W/aiCharts(14012): Please place proper license.lic to /assets folder.
06-05 23:01:20.002 V/PhoneStatusBar( 1712): setLightsOn(true)
06-05 23:01:20.033 V/PhoneStatusBar( 1712): setLightsOn(true)
06-05 23:01:20.038 I/WindowManager( 1631): Destroying surface Surface(name=Creating chart…) called by com.android.server.wm.WindowStateAnimator.destroySurface:2016 com.android.server.wm.WindowStateAnimator.destroySurfaceLocked:882 com.android.server.wm.WindowState.removeLocked:1456 com.android.server.wm.WindowManagerService.removeWindowInnerLocked:2484 com.android.server.wm.WindowManagerService.removeWindowLocked:2442 com.android.server.wm.WindowManagerService.removeWindowLocked:2311 com.android.server.wm.WindowManagerService.removeWindow:2306 com.android.server.wm.Session.remove:202 
06-05 23:01:20.040 D/gralloc_ranchu( 1347): gralloc_alloc: Creating ashmem region of size 9023488
06-05 23:01:20.050 V/PhoneStatusBar( 1712): setLightsOn(true)
06-05 23:01:20.071 I/ActivityManager( 1631): Displayed com.evancharlton.mileage/.charts.WestChart: +89ms
06-05 23:01:20.083 V/PhoneStatusBar( 1712): setLightsOn(true)
06-05 23:01:20.117 V/PhoneStatusBar( 1712): setLightsOn(true)
06-05 23:01:20.133 V/PhoneStatusBar( 1712): setLightsOn(true)
06-05 23:01:20.317 V/PhoneStatusBar( 1712): setLightsOn(true)
06-05 23:01:20.318 I/System.out(14012): URI: //map
06-05 23:01:20.318 I/System.out(14012): params: {json={"query":"* {text CONTAINS[c] 'Farthest west fillup'}","operation":{"method_name":"query","arguments":[]}}
06-05 23:01:20.318 I/System.out(14012): }
06-05 23:01:20.339 I/System.out(14012): URI: //
06-05 23:01:20.339 I/System.out(14012): params: {json={"command":"press_key","arguments":["KEYCODE_BACK"]}
06-05 23:01:20.339 I/System.out(14012): }
06-05 23:01:20.339 I/System.out(14012): header: {content-type=application/json;charset=utf-8, date=Sat, 06 Jun 2020 04:01:20 GMT, accept=*/*, host=127.0.0.1:34777, content-length=52, user-agent=HTTPClient/1.0 (2.8.3, ruby 2.5.1 (2018-03-29))}
06-05 23:01:20.339 I/System.out(14012): params: {json={"command":"press_key","arguments":["KEYCODE_BACK"]}
06-05 23:01:20.339 I/System.out(14012): }
06-05 23:01:20.339 I/System.out(14012): ProP json = {"command":"press_key","arguments":["KEYCODE_BACK"]}
06-05 23:01:20.339 I/System.out(14012): files: {}
06-05 23:01:20.339 I/System.out(14012): command: {"command":"press_key","arguments":["KEYCODE_BACK"]}
06-05 23:01:20.341 I/InstrumentationBackend(14012): Got command:'Command:'Line:null,press_key', arguments:'[KEYCODE_BACK]'
06-05 23:01:20.344 V/PhoneStatusBar( 1712): setLightsOn(true)
06-05 23:01:20.347 V/PhoneStatusBar( 1712): setLightsOn(true)
06-05 23:01:20.349 I/art     (14012): Do partial code cache collection, code=60KB, data=62KB
06-05 23:01:20.349 I/art     (14012): After code cache collection, code=59KB, data=61KB
06-05 23:01:20.349 I/art     (14012): Increasing code cache capacity to 256KB
06-05 23:01:20.350 V/PhoneStatusBar( 1712): setLightsOn(true)
06-05 23:01:20.351 I/System.out(14012): result:{"bonusInformation":[],"message":"","success":true}
06-05 23:01:20.351 D/VehicleStatisticsActivity(14012): Checking recalculation ...
06-05 23:01:20.352 D/VehicleStatisticsActivity(14012): Recalculation not necessary.
06-05 23:01:20.354 I/System.out(14012): URI: //map
06-05 23:01:20.354 I/System.out(14012): params: {json={"query":"* {text CONTAINS[c] 'Statistics'}","operation":{"method_name":"query","arguments":[]}}
06-05 23:01:20.354 I/System.out(14012): }
06-05 23:01:20.366 D/gralloc_ranchu( 1347): gralloc_alloc: Creating ashmem region of size 9023488
06-05 23:01:20.367 V/PhoneStatusBar( 1712): setLightsOn(true)
06-05 23:01:20.383 V/PhoneStatusBar( 1712): setLightsOn(true)
06-05 23:01:20.400 V/PhoneStatusBar( 1712): setLightsOn(true)
