--------- beginning of main
06-05 21:19:22.854 V/PhoneStatusBar( 1711): setLightsOn(true)
06-05 21:19:22.855 V/PhoneStatusBar( 1711): setLightsOn(true)
--------- beginning of system
06-05 21:19:22.856 W/ActivityManager( 1630): Finishing task with all activities already finished
06-05 21:19:22.856 W/ActivityManager( 1630): Duplicate finish request for ActivityRecord{ddf4614 u0 com.evancharlton.mileage/.Mileage t7459 f}
06-05 21:19:22.856 W/ActivityManager( 1630): Finishing task with all activities already finished
06-05 21:19:22.856 W/ActivityManager( 1630): Duplicate finish request for ActivityRecord{ddf4614 u0 com.evancharlton.mileage/.Mileage t7459 f}
06-05 21:19:22.863 D/gralloc_ranchu( 1347): gralloc_alloc: Creating ashmem region of size 3145728
06-05 21:19:22.869 E/EGL_emulation( 1347): tid 1347: eglCreateSyncKHR(1901): error 0x3004 (EGL_BAD_ATTRIBUTE)
06-05 21:19:22.883 W/ActivityManager( 1630): Finishing task with all activities already finished
06-05 21:19:22.883 W/ActivityManager( 1630): Duplicate finish request for ActivityRecord{ddf4614 u0 com.evancharlton.mileage/.Mileage t7459 f}
06-05 21:19:22.885 D/gralloc_ranchu( 1347): gralloc_alloc: Creating ashmem region of size 1720320
06-05 21:19:22.916 D/EGL_emulation( 1711): eglMakeCurrent: 0xb0f853c0: ver 2 0 (tinfo 0xb0f833e0)
06-05 21:19:22.928 D/EGL_emulation( 1711): eglMakeCurrent: 0xb0f853c0: ver 2 0 (tinfo 0xb0f833e0)
06-05 21:19:22.929 D/EGL_emulation( 2083): eglMakeCurrent: 0xb0f85240: ver 2 0 (tinfo 0xb0f832d0)
06-05 21:19:22.963 D/EGL_emulation( 1711): eglMakeCurrent: 0xb0f853c0: ver 2 0 (tinfo 0xb0f833e0)
06-05 21:19:22.978 D/EGL_emulation( 1711): eglMakeCurrent: 0xb0f853c0: ver 2 0 (tinfo 0xb0f833e0)
06-05 21:19:22.980 D/EGL_emulation( 1711): eglMakeCurrent: 0xb0f853c0: ver 2 0 (tinfo 0xb0f833e0)
06-05 21:19:22.994 D/EGL_emulation( 1711): eglMakeCurrent: 0xb0f853c0: ver 2 0 (tinfo 0xb0f833e0)
06-05 21:19:22.996 D/EGL_emulation( 1711): eglMakeCurrent: 0xb0f853c0: ver 2 0 (tinfo 0xb0f833e0)
06-05 21:19:23.011 D/EGL_emulation( 1711): eglMakeCurrent: 0xb0f853c0: ver 2 0 (tinfo 0xb0f833e0)
06-05 21:19:23.013 D/EGL_emulation( 1711): eglMakeCurrent: 0xb0f853c0: ver 2 0 (tinfo 0xb0f833e0)
06-05 21:19:23.027 D/EGL_emulation( 1711): eglMakeCurrent: 0xb0f853c0: ver 2 0 (tinfo 0xb0f833e0)
06-05 21:19:23.029 D/EGL_emulation( 1711): eglMakeCurrent: 0xb0f853c0: ver 2 0 (tinfo 0xb0f833e0)
06-05 21:19:23.044 D/EGL_emulation( 1711): eglMakeCurrent: 0xb0f853c0: ver 2 0 (tinfo 0xb0f833e0)
06-05 21:19:23.046 D/EGL_emulation( 1711): eglMakeCurrent: 0xb0f853c0: ver 2 0 (tinfo 0xb0f833e0)
06-05 21:19:23.061 D/EGL_emulation( 1711): eglMakeCurrent: 0xb0f853c0: ver 2 0 (tinfo 0xb0f833e0)
06-05 21:19:23.064 D/EGL_emulation( 1711): eglMakeCurrent: 0xb0f853c0: ver 2 0 (tinfo 0xb0f833e0)
06-05 21:19:23.070 D/AndroidRuntime( 6910): >>>>>> START com.android.internal.os.RuntimeInit uid 2000 <<<<<<
06-05 21:19:23.071 D/AndroidRuntime( 6910): CheckJNI is ON
06-05 21:19:23.078 D/EGL_emulation( 1711): eglMakeCurrent: 0xb0f853c0: ver 2 0 (tinfo 0xb0f833e0)
06-05 21:19:23.079 D/EGL_emulation( 1711): eglMakeCurrent: 0xb0f853c0: ver 2 0 (tinfo 0xb0f833e0)
06-05 21:19:23.087 W/art     ( 6910): Unexpected CPU variant for X86 using defaults: x86
06-05 21:19:23.089 D/ICU     ( 6910): No timezone override file found: /data/misc/zoneinfo/current/icu/icu_tzdata.dat
06-05 21:19:23.094 D/EGL_emulation( 1711): eglMakeCurrent: 0xb0f853c0: ver 2 0 (tinfo 0xb0f833e0)
06-05 21:19:23.096 D/EGL_emulation( 1711): eglMakeCurrent: 0xb0f853c0: ver 2 0 (tinfo 0xb0f833e0)
06-05 21:19:23.097 E/memtrack( 6910): Couldn't load memtrack module (No such file or directory)
06-05 21:19:23.097 E/android.os.Debug( 6910): failed to load memtrack module: -2
06-05 21:19:23.098 I/Radio-JNI( 6910): register_android_hardware_Radio DONE
06-05 21:19:23.102 D/AndroidRuntime( 6910): Calling main entry com.android.commands.am.Am
06-05 21:19:23.103 I/ActivityManager( 1630): Force stopping com.evancharlton.mileage appid=10286 user=0: start instr
06-05 21:19:23.104 I/ActivityManager( 1630): Killing 6866:com.evancharlton.mileage/u0a286 (adj 0): stop com.evancharlton.mileage
06-05 21:19:23.104 D/ActivityManager( 1630): cleanUpApplicationRecord -- 6866
06-05 21:19:23.104 W/ActivityManager( 1630): Crash of app com.evancharlton.mileage running instrumentation ComponentInfo{com.evancharlton.mileage.test/sh.calaba.instrumentationbackend.CalabashInstrumentationTestRunner}
06-05 21:19:23.104 I/ActivityManager( 1630): Force stopping com.evancharlton.mileage appid=10286 user=0: finished inst
06-05 21:19:23.106 W/InputDispatcher( 1630): channel 'f522d86 AtchDlg:com.evancharlton.mileage/com.evancharlton.mileage.FillupActivity (server)' ~ Consumer closed input channel or an error occurred.  events=0x9
06-05 21:19:23.106 E/InputDispatcher( 1630): channel 'f522d86 AtchDlg:com.evancharlton.mileage/com.evancharlton.mileage.FillupActivity (server)' ~ Channel is unrecoverably broken and will be disposed!
06-05 21:19:23.106 W/InputDispatcher( 1630): channel 'bd2f8b0 com.evancharlton.mileage/com.evancharlton.mileage.Mileage (server)' ~ Consumer closed input channel or an error occurred.  events=0x9
06-05 21:19:23.106 E/InputDispatcher( 1630): channel 'bd2f8b0 com.evancharlton.mileage/com.evancharlton.mileage.Mileage (server)' ~ Channel is unrecoverably broken and will be disposed!
06-05 21:19:23.106 I/WindowManager( 1630): WIN DEATH: Window{bd2f8b0 u0 com.evancharlton.mileage/com.evancharlton.mileage.Mileage EXITING}
06-05 21:19:23.106 W/InputDispatcher( 1630): Attempted to unregister already unregistered input channel 'bd2f8b0 com.evancharlton.mileage/com.evancharlton.mileage.Mileage (server)'
06-05 21:19:23.107 I/art     ( 6921): Not late-enabling -Xcheck:jni (already on)
06-05 21:19:23.107 W/art     ( 6921): Unexpected CPU variant for X86 using defaults: x86
06-05 21:19:23.108 I/WindowManager( 1630): WIN DEATH: Window{f522d86 u0 AtchDlg:com.evancharlton.mileage/com.evancharlton.mileage.FillupActivity EXITING}
06-05 21:19:23.108 W/InputDispatcher( 1630): Attempted to unregister already unregistered input channel 'f522d86 AtchDlg:com.evancharlton.mileage/com.evancharlton.mileage.FillupActivity (server)'
06-05 21:19:23.115 I/ActivityManager( 1630): Start proc 6921:com.evancharlton.mileage/u0a286 for added application com.evancharlton.mileage
06-05 21:19:23.115 D/AndroidRuntime( 6910): Shutting down VM
06-05 21:19:23.120 W/System  ( 6921): ClassLoader referenced unknown path: /data/app/com.evancharlton.mileage.test-1/lib/x86
06-05 21:19:23.120 W/System  ( 6921): ClassLoader referenced unknown path: /data/app/com.evancharlton.mileage-1/lib/x86
06-05 21:19:23.122 D/EGL_emulation( 1711): eglMakeCurrent: 0xb0f853c0: ver 2 0 (tinfo 0xb0f833e0)
06-05 21:19:23.122 W/System  ( 6921): ClassLoader referenced unknown path: 
06-05 21:19:23.126 D/EGL_emulation( 1711): eglMakeCurrent: 0xb0f853c0: ver 2 0 (tinfo 0xb0f833e0)
06-05 21:19:23.127 I/System.out( 6921): Main activity name automatically set to: com.evancharlton.mileage.Mileage
06-05 21:19:23.128 I/System.out( 6921): Calabash did not load Mono. This is only a problem if you are trying to test a Mono application
06-05 21:19:23.128 I/calabash( 6921): Test server port: 7102
06-05 21:19:23.128 I/InstrumentationBackend( 6921): Added:'GetPreferences', with key:'get_preferences'
06-05 21:19:23.134 I/InstrumentationBackend( 6921): Added:'SetPreferences', with key:'set_preferences'
06-05 21:19:23.134 I/InstrumentationBackend( 6921): Added:'ClearPreferences', with key:'clear_preferences'
06-05 21:19:23.134 I/InstrumentationBackend( 6921): Added:'PressElement', with key:'press_l10n_element'
06-05 21:19:23.134 I/InstrumentationBackend( 6921): Added:'WaitForElement', with key:'wait_for_l10n_element'
06-05 21:19:23.134 I/InstrumentationBackend( 6921): Added:'NullAction', with key:'nullAction'
06-05 21:19:23.135 I/InstrumentationBackend( 6921): Added:'PressKey', with key:'press_key'
06-05 21:19:23.135 I/InstrumentationBackend( 6921): Added:'SetActivityOrientation', with key:'set_activity_orientation'
06-05 21:19:23.135 I/InstrumentationBackend( 6921): Added:'GetActivityOrientation', with key:'get_activity_orientation'
06-05 21:19:23.135 I/InstrumentationBackend( 6921): Added:'FakeGPSLocation', with key:'set_gps_coordinates'
06-05 21:19:23.135 I/InstrumentationBackend( 6921): Added:'SetPropertyByCssSelector', with key:'set_property_by_css_selector'
06-05 21:19:23.135 I/InstrumentationBackend( 6921): Added:'GetUrl', with key:'get_url'
06-05 21:19:23.135 I/InstrumentationBackend( 6921): Added:'ScrollTo', with key:'scroll_to'
06-05 21:19:23.135 I/InstrumentationBackend( 6921): Added:'GetLoadProgress', with key:'get_load_progress'
06-05 21:19:23.135 I/InstrumentationBackend( 6921): Added:'DumpHtml', with key:'dump_html'
06-05 21:19:23.135 I/InstrumentationBackend( 6921): Added:'DumpBodyHtml', with key:'dump_body_html'
06-05 21:19:23.135 I/InstrumentationBackend( 6921): Added:'EnterTextByCssSelector', with key:'enter_text_by_selector'
06-05 21:19:23.136 I/InstrumentationBackend( 6921): Added:'AndroidSDKVersion', with key:'android_sdk_version'
06-05 21:19:23.136 I/InstrumentationBackend( 6921): Added:'Version', with key:'version'
06-05 21:19:23.136 I/InstrumentationBackend( 6921): Added:'Drag', with key:'drag'
06-05 21:19:23.136 I/InstrumentationBackend( 6921): Added:'TouchCoordinates', with key:'touch_coordinate'
06-05 21:19:23.136 I/InstrumentationBackend( 6921): Added:'LongPressCoordinate', with key:'long_press_coordinate'
06-05 21:19:23.136 I/InstrumentationBackend( 6921): Added:'DragCoordinates', with key:'drag_coordinates'
06-05 21:19:23.136 I/InstrumentationBackend( 6921): Added:'ResumeApplication', with key:'resume_application'
06-05 21:19:23.136 I/InstrumentationBackend( 6921): Added:'Swipe', with key:'swipe'
06-05 21:19:23.136 I/InstrumentationBackend( 6921): Added:'DoubleTapCoordinate', with key:'double_tap_coordinate'
06-05 21:19:23.136 I/InstrumentationBackend( 6921): Added:'ClickOnScreen', with key:'click_on_screen'
06-05 21:19:23.136 I/InstrumentationBackend( 6921): Added:'GetActivityName', with key:'get_activity_name'
06-05 21:19:23.137 I/InstrumentationBackend( 6921): Added:'ScrollToView', with key:'scroll_to_view'
06-05 21:19:23.137 I/InstrumentationBackend( 6921): Added:'ViewConfiguration', with key:'view_configuration'
06-05 21:19:23.137 I/InstrumentationBackend( 6921): Added:'IsCurrentActivityFocused', with key:'is_current_activity_focused'
06-05 21:19:23.137 I/InstrumentationBackend( 6921): Added:'SendTcp', with key:'send_tcp'
06-05 21:19:23.137 I/InstrumentationBackend( 6921): Added:'DpToDevicePixel', with key:'dp_to_device_pixel'
06-05 21:19:23.137 I/InstrumentationBackend( 6921): Added:'KeyboardEnterText', with key:'keyboard_enter_text'
06-05 21:19:23.137 I/InstrumentationBackend( 6921): Added:'DeleteSurroundingText', with key:'delete_surrounding_text'
06-05 21:19:23.137 I/InstrumentationBackend( 6921): Added:'SetComposingRegion', with key:'set_composing_region'
06-05 21:19:23.137 I/InstrumentationBackend( 6921): Added:'SetSelection', with key:'set_selection'
06-05 21:19:23.137 I/InstrumentationBackend( 6921): Added:'KeyboardKeyEvent', with key:'keyboard_key_event'
06-05 21:19:23.137 I/InstrumentationBackend( 6921): Added:'PressUserActionButton', with key:'press_user_action_button'
06-05 21:19:23.137 I/InstrumentationBackend( 6921): Added:'HideSoftKeyboard', with key:'hide_soft_keyboard'
06-05 21:19:23.137 I/InstrumentationBackend( 6921): Added:'ListActions', with key:'list_actions'
06-05 21:19:23.138 I/calabash( 6921): Instantiating http server at 7102
06-05 21:19:23.138 I/System.out( 6921): HTTP Daemon listening on: 7102
06-05 21:19:23.144 D/EGL_emulation( 1711): eglMakeCurrent: 0xb0f853c0: ver 2 0 (tinfo 0xb0f833e0)
06-05 21:19:23.148 D/EGL_emulation( 1711): eglMakeCurrent: 0xb0f853c0: ver 2 0 (tinfo 0xb0f833e0)
06-05 21:19:23.161 D/EGL_emulation( 1711): eglMakeCurrent: 0xb0f853c0: ver 2 0 (tinfo 0xb0f833e0)
06-05 21:19:23.177 I/WindowManager( 1630): Destroying surface Surface(name=AtchDlg:com.evancharlton.mileage/com.evancharlton.mileage.FillupActivity) called by com.android.server.wm.WindowStateAnimator.destroySurface:2016 com.android.server.wm.WindowStateAnimator.destroySurfaceLocked:882 com.android.server.wm.WindowState.removeLocked:1456 com.android.server.wm.WindowManagerService.removeWindowInnerLocked:2484 com.android.server.wm.AppWindowToken.destroySurfaces:365 com.android.server.wm.WindowStateAnimator.finishExit:565 com.android.server.wm.WindowStateAnimator.stepAnimationLocked:491 com.android.server.wm.WindowAnimator.updateWindowsLocked:303 
06-05 21:19:23.225 I/System.out( 6921): URI: //ping
06-05 21:19:23.225 I/System.out( 6921): params: {json={}
06-05 21:19:23.225 I/System.out( 6921): }
06-05 21:19:23.227 I/System.out( 6921): URI: //ping
06-05 21:19:23.227 I/System.out( 6921): params: {json={}
06-05 21:19:23.227 I/System.out( 6921): }
06-05 21:19:23.229 I/System.out( 6921): URI: //ready
06-05 21:19:23.229 I/System.out( 6921): params: {json={}
06-05 21:19:23.229 I/System.out( 6921): }
06-05 21:19:23.230 I/System.out( 6921): URI: //
06-05 21:19:23.231 I/System.out( 6921): params: {json={"command":"version","arguments":[]}
06-05 21:19:23.231 I/System.out( 6921): }
06-05 21:19:23.231 I/System.out( 6921): header: {content-type=application/json;charset=utf-8, date=Sat, 06 Jun 2020 02:19:23 GMT, accept=*/*, host=127.0.0.1:34777, content-length=36, user-agent=HTTPClient/1.0 (2.8.3, ruby 2.5.1 (2018-03-29))}
06-05 21:19:23.231 I/System.out( 6921): params: {json={"command":"version","arguments":[]}
06-05 21:19:23.231 I/System.out( 6921): }
06-05 21:19:23.231 I/System.out( 6921): ProP json = {"command":"version","arguments":[]}
06-05 21:19:23.231 I/System.out( 6921): files: {}
06-05 21:19:23.231 I/System.out( 6921): command: {"command":"version","arguments":[]}
06-05 21:19:23.234 I/InstrumentationBackend( 6921): Got command:'Command:'Line:null,version', arguments:'[]'
06-05 21:19:23.241 I/System.out( 6921): result:{"bonusInformation":[],"message":"0.9.8","success":true}
06-05 21:19:23.243 I/System.out( 6921): URI: //start-application
06-05 21:19:23.243 I/System.out( 6921): params: {json={"intent":null}
06-05 21:19:23.243 I/System.out( 6921): }
06-05 21:19:23.252 I/ActivityManager( 1630): START u0 {act=android.intent.action.MAIN cat=[android.intent.category.LAUNCHER] flg=0x10200000 cmp=com.evancharlton.mileage/.Mileage} from uid 10286 on display 0
06-05 21:19:23.257 I/calabash( 6921): newActivity1
06-05 21:19:23.264 I/calabash( 6921): newActivity1
06-05 21:19:23.265 W/ActivityManager( 1630): Bad activity token: android.os.BinderProxy@1bfa09
06-05 21:19:23.265 W/ActivityManager( 1630): java.lang.ClassCastException: android.os.BinderProxy cannot be cast to com.android.server.am.ActivityRecord$Token
06-05 21:19:23.265 W/ActivityManager( 1630): 	at com.android.server.am.ActivityRecord.forTokenLocked(ActivityRecord.java:586)
06-05 21:19:23.265 W/ActivityManager( 1630): 	at com.android.server.am.ActivityRecord.isInStackLocked(ActivityRecord.java:1327)
06-05 21:19:23.265 W/ActivityManager( 1630): 	at com.android.server.am.ActivityRecord.getStackLocked(ActivityRecord.java:1332)
06-05 21:19:23.265 W/ActivityManager( 1630): 	at com.android.server.am.ActivityManagerService.getActivityDisplayId(ActivityManagerService.java:9806)
06-05 21:19:23.265 W/ActivityManager( 1630): 	at android.app.ActivityManagerNative.onTransact(ActivityManagerNative.java:2566)
06-05 21:19:23.265 W/ActivityManager( 1630): 	at com.android.server.am.ActivityManagerService.onTransact(ActivityManagerService.java:2757)
06-05 21:19:23.265 W/ActivityManager( 1630): 	at android.os.Binder.execTransact(Binder.java:565)
06-05 21:19:23.266 W/ActivityManager( 1630): Bad activity token: android.os.BinderProxy@1bfa09
06-05 21:19:23.266 W/ActivityManager( 1630): java.lang.ClassCastException: android.os.BinderProxy cannot be cast to com.android.server.am.ActivityRecord$Token
06-05 21:19:23.266 W/ActivityManager( 1630): 	at com.android.server.am.ActivityRecord.forTokenLocked(ActivityRecord.java:586)
06-05 21:19:23.266 W/ActivityManager( 1630): 	at com.android.server.am.ActivityRecord.isInStackLocked(ActivityRecord.java:1327)
06-05 21:19:23.266 W/ActivityManager( 1630): 	at com.android.server.am.ActivityManagerService.setTaskDescription(ActivityManagerService.java:9358)
06-05 21:19:23.266 W/ActivityManager( 1630): 	at android.app.ActivityManagerNative.onTransact(ActivityManagerNative.java:2639)
06-05 21:19:23.266 W/ActivityManager( 1630): 	at com.android.server.am.ActivityManagerService.onTransact(ActivityManagerService.java:2757)
06-05 21:19:23.266 W/ActivityManager( 1630): 	at android.os.Binder.execTransact(Binder.java:565)
06-05 21:19:23.266 W/ActivityManager( 1630): Bad activity token: android.os.BinderProxy@1bfa09
06-05 21:19:23.266 W/ActivityManager( 1630): java.lang.ClassCastException: android.os.BinderProxy cannot be cast to com.android.server.am.ActivityRecord$Token
06-05 21:19:23.266 W/ActivityManager( 1630): 	at com.android.server.am.ActivityRecord.forTokenLocked(ActivityRecord.java:586)
06-05 21:19:23.266 W/ActivityManager( 1630): 	at com.android.server.am.ActivityRecord.isInStackLocked(ActivityRecord.java:1327)
06-05 21:19:23.266 W/ActivityManager( 1630): 	at com.android.server.am.ActivityRecord.getStackLocked(ActivityRecord.java:1332)
06-05 21:19:23.266 W/ActivityManager( 1630): 	at com.android.server.am.ActivityManagerService.getActivityStackId(ActivityManagerService.java:9817)
06-05 21:19:23.266 W/ActivityManager( 1630): 	at android.app.ActivityManagerNative.onTransact(ActivityManagerNative.java:2856)
06-05 21:19:23.266 W/ActivityManager( 1630): 	at com.android.server.am.ActivityManagerService.onTransact(ActivityManagerService.java:2757)
06-05 21:19:23.266 W/ActivityManager( 1630): 	at android.os.Binder.execTransact(Binder.java:565)
06-05 21:19:23.278 D/gralloc_ranchu( 1347): gralloc_alloc: Creating ashmem region of size 9023488
06-05 21:19:23.279 W/ActivityManager( 1630): Bad activity token: android.os.BinderProxy@1bfa09
06-05 21:19:23.279 W/ActivityManager( 1630): java.lang.ClassCastException: android.os.BinderProxy cannot be cast to com.android.server.am.ActivityRecord$Token
06-05 21:19:23.279 W/ActivityManager( 1630): 	at com.android.server.am.ActivityRecord.forTokenLocked(ActivityRecord.java:586)
06-05 21:19:23.279 W/ActivityManager( 1630): 	at com.android.server.am.ActivityRecord.isInStackLocked(ActivityRecord.java:1327)
06-05 21:19:23.279 W/ActivityManager( 1630): 	at com.android.server.am.ActivityManagerService.getActivityOptions(ActivityManagerService.java:12559)
06-05 21:19:23.279 W/ActivityManager( 1630): 	at android.app.ActivityManagerNative.onTransact(ActivityManagerNative.java:1933)
06-05 21:19:23.279 W/ActivityManager( 1630): 	at com.android.server.am.ActivityManagerService.onTransact(ActivityManagerService.java:2757)
06-05 21:19:23.279 W/ActivityManager( 1630): 	at android.os.Binder.execTransact(Binder.java:565)
06-05 21:19:23.280 W/ActivityManager( 1630): Bad activity token: android.os.BinderProxy@1bfa09
06-05 21:19:23.280 W/ActivityManager( 1630): java.lang.ClassCastException: android.os.BinderProxy cannot be cast to com.android.server.am.ActivityRecord$Token
06-05 21:19:23.280 W/ActivityManager( 1630): 	at com.android.server.am.ActivityRecord.forTokenLocked(ActivityRecord.java:586)
06-05 21:19:23.280 W/ActivityManager( 1630): 	at com.android.server.am.ActivityRecord.isInStackLocked(ActivityRecord.java:1327)
06-05 21:19:23.280 W/ActivityManager( 1630): 	at com.android.server.am.ActivityManagerService.getActivityOptions(ActivityManagerService.java:12559)
06-05 21:19:23.280 W/ActivityManager( 1630): 	at android.app.ActivityManagerNative.onTransact(ActivityManagerNative.java:1933)
06-05 21:19:23.280 W/ActivityManager( 1630): 	at com.android.server.am.ActivityManagerService.onTransact(ActivityManagerService.java:2757)
06-05 21:19:23.280 W/ActivityManager( 1630): 	at android.os.Binder.execTransact(Binder.java:565)
06-05 21:19:23.300 V/PhoneStatusBar( 1711): setLightsOn(true)
06-05 21:19:23.311 D/EGL_emulation( 1711): eglMakeCurrent: 0xb0f853c0: ver 2 0 (tinfo 0xb0f833e0)
06-05 21:19:23.311 V/PhoneStatusBar( 1711): setLightsOn(true)
06-05 21:19:23.313 V/PhoneStatusBar( 1711): setLightsOn(true)
06-05 21:19:23.314 D/gralloc_ranchu( 1347): gralloc_alloc: Creating ashmem region of size 9023488
06-05 21:19:23.316 V/PhoneStatusBar( 1711): setLightsOn(true)
06-05 21:19:23.319 D/        ( 6921): HostConnection::get() New Host Connection established 0x94ba4400, tid 6921
06-05 21:19:23.350 D/EGL_emulation( 1711): eglMakeCurrent: 0xb0f853c0: ver 2 0 (tinfo 0xb0f833e0)
06-05 21:19:23.350 D/EGL_emulation( 2083): eglMakeCurrent: 0xb0f85240: ver 2 0 (tinfo 0xb0f832d0)
06-05 21:19:23.353 D/EGL_emulation( 1711): eglMakeCurrent: 0xb0f853c0: ver 2 0 (tinfo 0xb0f833e0)
06-05 21:19:23.354 D/EGL_emulation( 1711): eglMakeCurrent: 0xb0f853c0: ver 2 0 (tinfo 0xb0f833e0)
06-05 21:19:23.355 D/EGL_emulation( 1711): eglMakeCurrent: 0xb0f853c0: ver 2 0 (tinfo 0xb0f833e0)
06-05 21:19:23.360 I/WindowManager( 1630): Destroying surface Surface(name=com.evancharlton.mileage/com.evancharlton.mileage.Mileage) called by com.android.server.wm.WindowStateAnimator.destroySurface:2016 com.android.server.wm.WindowStateAnimator.destroySurfaceLocked:882 com.android.server.wm.WindowState.destroyOrSaveSurface:2100 com.android.server.wm.AppWindowToken.destroySurfaces:363 com.android.server.wm.WindowStateAnimator.finishExit:565 com.android.server.wm.WindowStateAnimator.stepAnimationLocked:491 com.android.server.wm.WindowAnimator.updateWindowsLocked:303 com.android.server.wm.WindowAnimator.animateLocked:704 
06-05 21:19:23.363 D/EGL_emulation( 1711): eglMakeCurrent: 0xb0f853c0: ver 2 0 (tinfo 0xb0f833e0)
06-05 21:19:23.364 D/EGL_emulation( 1711): eglMakeCurrent: 0xb0f853c0: ver 2 0 (tinfo 0xb0f833e0)
06-05 21:19:23.365 I/ActivityManager( 1630): Displayed com.evancharlton.mileage/.Mileage: +110ms
06-05 21:19:23.378 D/gralloc_ranchu( 1347): gralloc_alloc: Creating ashmem region of size 9023488
06-05 21:19:23.384 D/EGL_emulation( 1711): eglMakeCurrent: 0xb0f853c0: ver 2 0 (tinfo 0xb0f833e0)
06-05 21:19:23.392 D/EGL_emulation( 1711): eglMakeCurrent: 0xb0f853c0: ver 2 0 (tinfo 0xb0f833e0)
06-05 21:19:23.400 D/EGL_emulation( 1711): eglMakeCurrent: 0xb0f853c0: ver 2 0 (tinfo 0xb0f833e0)
06-05 21:19:23.402 D/EGL_emulation( 1711): eglMakeCurrent: 0xb0f853c0: ver 2 0 (tinfo 0xb0f833e0)
06-05 21:19:23.403 V/PhoneStatusBar( 1711): setLightsOn(true)
06-05 21:19:23.413 D/EGL_emulation( 1711): eglMakeCurrent: 0xb0f853c0: ver 2 0 (tinfo 0xb0f833e0)
06-05 21:19:23.415 D/EGL_emulation( 1711): eglMakeCurrent: 0xb0f853c0: ver 2 0 (tinfo 0xb0f833e0)
06-05 21:19:23.421 I/System.out( 6921): URI: //map
06-05 21:19:23.421 I/System.out( 6921): params: {json={"query":"* {text CONTAINS[c] 'Fillup information'}","operation":{"method_name":"query","arguments":[]}}
06-05 21:19:23.421 I/System.out( 6921): }
06-05 21:19:23.428 D/EGL_emulation( 1711): eglMakeCurrent: 0xb0f853c0: ver 2 0 (tinfo 0xb0f833e0)
06-05 21:19:23.430 D/EGL_emulation( 1711): eglMakeCurrent: 0xb0f853c0: ver 2 0 (tinfo 0xb0f833e0)
06-05 21:19:23.444 D/EGL_emulation( 1711): eglMakeCurrent: 0xb0f853c0: ver 2 0 (tinfo 0xb0f833e0)
06-05 21:19:23.446 D/EGL_emulation( 1711): eglMakeCurrent: 0xb0f853c0: ver 2 0 (tinfo 0xb0f833e0)
06-05 21:19:23.465 D/EGL_emulation( 1711): eglMakeCurrent: 0xb0f853c0: ver 2 0 (tinfo 0xb0f833e0)
06-05 21:19:23.466 D/EGL_emulation( 1711): eglMakeCurrent: 0xb0f853c0: ver 2 0 (tinfo 0xb0f833e0)
06-05 21:19:23.478 D/EGL_emulation( 1711): eglMakeCurrent: 0xb0f853c0: ver 2 0 (tinfo 0xb0f833e0)
06-05 21:19:23.479 D/EGL_emulation( 1711): eglMakeCurrent: 0xb0f853c0: ver 2 0 (tinfo 0xb0f833e0)
06-05 21:19:23.494 D/EGL_emulation( 1711): eglMakeCurrent: 0xb0f853c0: ver 2 0 (tinfo 0xb0f833e0)
06-05 21:19:23.496 D/EGL_emulation( 1711): eglMakeCurrent: 0xb0f853c0: ver 2 0 (tinfo 0xb0f833e0)
06-05 21:19:23.511 D/EGL_emulation( 1711): eglMakeCurrent: 0xb0f853c0: ver 2 0 (tinfo 0xb0f833e0)
06-05 21:19:23.512 D/EGL_emulation( 1711): eglMakeCurrent: 0xb0f853c0: ver 2 0 (tinfo 0xb0f833e0)
06-05 21:19:23.527 D/EGL_emulation( 1711): eglMakeCurrent: 0xb0f853c0: ver 2 0 (tinfo 0xb0f833e0)
06-05 21:19:23.529 D/EGL_emulation( 1711): eglMakeCurrent: 0xb0f853c0: ver 2 0 (tinfo 0xb0f833e0)
06-05 21:19:23.544 D/EGL_emulation( 1711): eglMakeCurrent: 0xb0f853c0: ver 2 0 (tinfo 0xb0f833e0)
06-05 21:19:23.561 I/WindowManager( 1630): Destroying surface Surface(name=Starting com.evancharlton.mileage) called by com.android.server.wm.WindowStateAnimator.destroySurface:2016 com.android.server.wm.WindowStateAnimator.destroySurfaceLocked:882 com.android.server.wm.WindowState.destroyOrSaveSurface:2100 com.android.server.wm.AppWindowToken.destroySurfaces:363 com.android.server.wm.WindowStateAnimator.finishExit:565 com.android.server.wm.WindowStateAnimator.stepAnimationLocked:491 com.android.server.wm.WindowAnimator.updateWindowsLocked:303 com.android.server.wm.WindowAnimator.animateLocked:704 
06-05 21:19:23.562 V/PhoneStatusBar( 1711): setLightsOn(true)
06-05 21:19:23.564 V/PhoneStatusBar( 1711): setLightsOn(true)
06-05 21:19:23.762 V/PhoneStatusBar( 1711): setLightsOn(true)
06-05 21:19:24.062 V/PhoneStatusBar( 1711): setLightsOn(true)
06-05 21:19:24.063 V/PhoneStatusBar( 1711): setLightsOn(true)
06-05 21:19:24.064 W/OpenGLRenderer( 2083): Incorrectly called buildLayer on View: ShortcutAndWidgetContainer, destroying layer...
06-05 21:19:24.078 I/WindowManager( 1630): Destroying surface Surface(name=com.android.launcher3/com.android.launcher3.Launcher) called by com.android.server.wm.WindowStateAnimator.destroySurface:2016 com.android.server.wm.WindowStateAnimator.destroySurfaceLocked:882 com.android.server.wm.WindowState.destroyOrSaveSurface:2100 com.android.server.wm.AppWindowToken.destroySurfaces:363 com.android.server.wm.AppWindowToken.notifyAppStopped:389 com.android.server.wm.WindowManagerService.notifyAppStopped:4463 com.android.server.am.ActivityStack.activityStoppedLocked:1252 com.android.server.am.ActivityManagerService.activityStopped:6903 
06-05 21:19:24.079 V/PhoneStatusBar( 1711): setLightsOn(true)
06-05 21:19:24.452 I/System.out( 6921): URI: //
06-05 21:19:24.452 I/System.out( 6921): params: {json={"command":"press_key","arguments":["KEYCODE_MENU"]}
06-05 21:19:24.452 I/System.out( 6921): }
06-05 21:19:24.452 I/System.out( 6921): header: {content-type=application/json;charset=utf-8, date=Sat, 06 Jun 2020 02:19:25 GMT, accept=*/*, host=127.0.0.1:34777, content-length=52, user-agent=HTTPClient/1.0 (2.8.3, ruby 2.5.1 (2018-03-29))}
06-05 21:19:24.452 I/System.out( 6921): params: {json={"command":"press_key","arguments":["KEYCODE_MENU"]}
06-05 21:19:24.452 I/System.out( 6921): }
06-05 21:19:24.452 I/System.out( 6921): ProP json = {"command":"press_key","arguments":["KEYCODE_MENU"]}
06-05 21:19:24.452 I/System.out( 6921): files: {}
06-05 21:19:24.452 I/System.out( 6921): command: {"command":"press_key","arguments":["KEYCODE_MENU"]}
06-05 21:19:24.454 I/InstrumentationBackend( 6921): Got command:'Command:'Line:null,press_key', arguments:'[KEYCODE_MENU]'
06-05 21:19:24.463 V/PhoneStatusBar( 1711): setLightsOn(true)
06-05 21:19:24.468 I/System.out( 6921): result:{"bonusInformation":[],"message":"","success":true}
06-05 21:19:24.471 I/System.out( 6921): URI: //map
06-05 21:19:24.471 I/System.out( 6921): params: {json={"query":"* marked:'Edit fields'","operation":{"method_name":"query","arguments":[]}}
06-05 21:19:24.471 I/System.out( 6921): }
06-05 21:19:24.479 V/PhoneStatusBar( 1711): setLightsOn(true)
06-05 21:19:24.494 V/PhoneStatusBar( 1711): setLightsOn(true)
06-05 21:19:24.511 V/PhoneStatusBar( 1711): setLightsOn(true)
06-05 21:19:24.513 D/gralloc_ranchu( 1347): gralloc_alloc: Creating ashmem region of size 1720320
06-05 21:19:24.521 V/PhoneStatusBar( 1711): setLightsOn(true)
06-05 21:19:24.522 V/PhoneStatusBar( 1711): setLightsOn(true)
06-05 21:19:24.529 V/PhoneStatusBar( 1711): setLightsOn(true)
06-05 21:19:24.574 W/ResourceType( 6921): No package identifier when getting name for resource number 0x00000001
06-05 21:19:24.576 D/gralloc_ranchu( 1347): gralloc_alloc: Creating ashmem region of size 9023488
06-05 21:19:24.588 I/System.out( 6921): URI: //gesture
06-05 21:19:24.588 I/System.out( 6921): params: {json={"query_timeout":5.0,"gestures":[{"query_string":"* marked:'Edit fields'","touches":[{"x":50,"y":50,"offset_x":0,"offset_y":0,"wait":0.0,"time":0.2,"release":true,"query_string":null}]}]}
06-05 21:19:24.589 I/System.out( 6921): }
06-05 21:19:24.640 W/ResourceType( 6921): No package identifier when getting name for resource number 0x00000001
06-05 21:19:24.745 V/PhoneStatusBar( 1711): setLightsOn(true)
06-05 21:19:24.795 D/gralloc_ranchu( 1347): gralloc_alloc: Creating ashmem region of size 1720320
06-05 21:19:24.861 I/ActivityManager( 1630): START u0 {cmp=com.evancharlton.mileage/.FieldListActivity} from uid 10286 on display 0
06-05 21:19:24.863 V/PhoneStatusBar( 1711): setLightsOn(true)
06-05 21:19:24.863 V/PhoneStatusBar( 1711): setLightsOn(true)
06-05 21:19:24.870 I/WindowManager( 1630): Destroying surface Surface(name=AtchDlg:com.evancharlton.mileage/com.evancharlton.mileage.FillupActivity) called by com.android.server.wm.WindowStateAnimator.destroySurface:2016 com.android.server.wm.WindowStateAnimator.destroySurfaceLocked:882 com.android.server.wm.WindowState.removeLocked:1456 com.android.server.wm.WindowManagerService.removeWindowInnerLocked:2484 com.android.server.wm.WindowManagerService.removeWindowLocked:2442 com.android.server.wm.WindowManagerService.removeWindowLocked:2311 com.android.server.wm.WindowManagerService.removeWindow:2306 com.android.server.wm.Session.remove:202 
06-05 21:19:24.871 I/System.out( 6921): URI: //map
06-05 21:19:24.871 I/System.out( 6921): params: {json={"query":"* {text CONTAINS[c] 'Fillup fields'}","operation":{"method_name":"query","arguments":[]}}
06-05 21:19:24.871 I/System.out( 6921): }
06-05 21:19:24.871 I/calabash( 6921): newActivity1
06-05 21:19:24.894 V/PhoneStatusBar( 1711): setLightsOn(true)
06-05 21:19:24.898 D/gralloc_ranchu( 1347): gralloc_alloc: Creating ashmem region of size 9023488
06-05 21:19:24.902 I/art     ( 6921): Do partial code cache collection, code=30KB, data=29KB
06-05 21:19:24.902 I/art     ( 6921): After code cache collection, code=29KB, data=29KB
06-05 21:19:24.902 I/art     ( 6921): Increasing code cache capacity to 128KB
06-05 21:19:24.911 V/PhoneStatusBar( 1711): setLightsOn(true)
06-05 21:19:24.940 I/ActivityManager( 1630): Displayed com.evancharlton.mileage/.FieldListActivity: +74ms
06-05 21:19:24.944 V/PhoneStatusBar( 1711): setLightsOn(true)
06-05 21:19:24.977 V/PhoneStatusBar( 1711): setLightsOn(true)
06-05 21:19:24.994 V/PhoneStatusBar( 1711): setLightsOn(true)
06-05 21:19:25.180 V/PhoneStatusBar( 1711): setLightsOn(true)
06-05 21:19:25.210 I/System.out( 6921): URI: //map
06-05 21:19:25.210 I/System.out( 6921): params: {json={"query":"* {text CONTAINS[c] 'Fillup fields'}","operation":{"method_name":"query","arguments":[]}}
06-05 21:19:25.210 I/System.out( 6921): }
06-05 21:19:25.297 V/PhoneStatusBar( 1711): setLightsOn(true)
06-05 21:19:25.300 V/PhoneStatusBar( 1711): setLightsOn(true)
06-05 21:19:25.313 V/PhoneStatusBar( 1711): setLightsOn(true)
06-05 21:19:25.315 I/WindowManager( 1630): Destroying surface Surface(name=com.evancharlton.mileage/com.evancharlton.mileage.Mileage) called by com.android.server.wm.WindowStateAnimator.destroySurface:2016 com.android.server.wm.WindowStateAnimator.destroySurfaceLocked:882 com.android.server.wm.WindowState.destroyOrSaveSurface:2100 com.android.server.wm.WindowManagerService.tryStartExitingAnimation:3024 com.android.server.wm.WindowManagerService.relayoutWindow:2904 com.android.server.wm.Session.relayout:224 android.view.IWindowSession$Stub.onTransact:286 com.android.server.wm.Session.onTransact:145 
06-05 21:19:25.317 V/PhoneStatusBar( 1711): setLightsOn(true)
06-05 21:19:26.094 D/gralloc_ranchu( 1347): gralloc_alloc: Creating ashmem region of size 9023488
06-05 21:19:26.229 I/System.out( 6921): URI: //
06-05 21:19:26.229 I/System.out( 6921): params: {json={"command":"press_key","arguments":["KEYCODE_MENU"]}
06-05 21:19:26.229 I/System.out( 6921): }
06-05 21:19:26.229 I/System.out( 6921): header: {content-type=application/json;charset=utf-8, date=Sat, 06 Jun 2020 02:19:26 GMT, accept=*/*, host=127.0.0.1:34777, content-length=52, user-agent=HTTPClient/1.0 (2.8.3, ruby 2.5.1 (2018-03-29))}
06-05 21:19:26.229 I/System.out( 6921): params: {json={"command":"press_key","arguments":["KEYCODE_MENU"]}
06-05 21:19:26.229 I/System.out( 6921): }
06-05 21:19:26.229 I/System.out( 6921): ProP json = {"command":"press_key","arguments":["KEYCODE_MENU"]}
06-05 21:19:26.229 I/System.out( 6921): files: {}
06-05 21:19:26.229 I/System.out( 6921): command: {"command":"press_key","arguments":["KEYCODE_MENU"]}
06-05 21:19:26.231 I/InstrumentationBackend( 6921): Got command:'Command:'Line:null,press_key', arguments:'[KEYCODE_MENU]'
06-05 21:19:26.255 V/PhoneStatusBar( 1711): setLightsOn(true)
06-05 21:19:26.260 I/System.out( 6921): result:{"bonusInformation":[],"message":"","success":true}
06-05 21:19:26.265 I/System.out( 6921): URI: //map
06-05 21:19:26.265 I/System.out( 6921): params: {json={"query":"* marked:'Add new field'","operation":{"method_name":"query","arguments":[]}}
06-05 21:19:26.265 I/System.out( 6921): }
06-05 21:19:26.312 V/PhoneStatusBar( 1711): setLightsOn(true)
06-05 21:19:26.328 V/PhoneStatusBar( 1711): setLightsOn(true)
06-05 21:19:26.361 D/gralloc_ranchu( 1347): gralloc_alloc: Creating ashmem region of size 929792
06-05 21:19:26.368 V/PhoneStatusBar( 1711): setLightsOn(true)
06-05 21:19:26.368 W/ResourceType( 6921): No package identifier when getting name for resource number 0x00000001
06-05 21:19:26.370 V/PhoneStatusBar( 1711): setLightsOn(true)
06-05 21:19:26.380 V/PhoneStatusBar( 1711): setLightsOn(true)
06-05 21:19:26.380 I/System.out( 6921): URI: //gesture
06-05 21:19:26.380 I/System.out( 6921): params: {json={"query_timeout":5.0,"gestures":[{"query_string":"* marked:'Add new field'","touches":[{"x":50,"y":50,"offset_x":0,"offset_y":0,"wait":0.0,"time":0.2,"release":true,"query_string":null}]}]}
06-05 21:19:26.380 I/System.out( 6921): }
06-05 21:19:26.420 V/PhoneStatusBar( 1711): setLightsOn(true)
06-05 21:19:26.422 W/ResourceType( 6921): No package identifier when getting name for resource number 0x00000001
06-05 21:19:26.528 D/gralloc_ranchu( 1347): gralloc_alloc: Creating ashmem region of size 929792
06-05 21:19:26.595 V/PhoneStatusBar( 1711): setLightsOn(true)
06-05 21:19:26.645 I/ActivityManager( 1630): START u0 {cmp=com.evancharlton.mileage/.FieldActivity} from uid 10286 on display 0
06-05 21:19:26.646 V/PhoneStatusBar( 1711): setLightsOn(true)
06-05 21:19:26.646 V/PhoneStatusBar( 1711): setLightsOn(true)
06-05 21:19:26.650 I/WindowManager( 1630): Destroying surface Surface(name=AtchDlg:com.evancharlton.mileage/com.evancharlton.mileage.FieldListActivity) called by com.android.server.wm.WindowStateAnimator.destroySurface:2016 com.android.server.wm.WindowStateAnimator.destroySurfaceLocked:882 com.android.server.wm.WindowState.removeLocked:1456 com.android.server.wm.WindowManagerService.removeWindowInnerLocked:2484 com.android.server.wm.WindowManagerService.removeWindowLocked:2442 com.android.server.wm.WindowManagerService.removeWindowLocked:2311 com.android.server.wm.WindowManagerService.removeWindow:2306 com.android.server.wm.Session.remove:202 
06-05 21:19:26.652 I/calabash( 6921): newActivity1
06-05 21:19:26.654 I/System.out( 6921): URI: //map
06-05 21:19:26.654 I/System.out( 6921): params: {json={"query":"* {text CONTAINS[c] 'Fillup field'}","operation":{"method_name":"query","arguments":[]}}
06-05 21:19:26.654 I/System.out( 6921): }
06-05 21:19:26.664 V/PhoneStatusBar( 1711): setLightsOn(true)
06-05 21:19:26.677 V/PhoneStatusBar( 1711): setLightsOn(true)
06-05 21:19:26.681 D/gralloc_ranchu( 1347): gralloc_alloc: Creating ashmem region of size 9023488
06-05 21:19:26.694 V/PhoneStatusBar( 1711): setLightsOn(true)
06-05 21:19:26.710 W/InputMethodService( 1697): Window size has been changed. This may cause jankiness of resizing window: -1 -> -2
06-05 21:19:26.711 V/PhoneStatusBar( 1711): setLightsOn(true)
06-05 21:19:26.711 I/ActivityManager( 1630): Displayed com.evancharlton.mileage/.FieldActivity: +64ms
06-05 21:19:26.711 D/gralloc_ranchu( 1347): gralloc_alloc: Creating ashmem region of size 9023488
06-05 21:19:26.717 I/LatinIME( 1697): Starting input. Cursor position = 0,0
06-05 21:19:26.721 I/System.out( 6921): URI: //map
06-05 21:19:26.721 I/System.out( 6921): params: {json={"query":"* {text CONTAINS[c] 'Add new field'}","operation":{"method_name":"query","arguments":[]}}
06-05 21:19:26.721 I/System.out( 6921): }
06-05 21:19:26.728 V/PhoneStatusBar( 1711): setLightsOn(true)
06-05 21:19:26.777 V/PhoneStatusBar( 1711): setLightsOn(true)
