06-05 21:23:44.661 V/PhoneStatusBar( 1711): setLightsOn(true)
06-05 21:23:44.662 V/PhoneStatusBar( 1711): setLightsOn(true)
06-05 21:23:44.688 I/System.out(11790): URI: //map
06-05 21:23:44.688 I/System.out(11790): params: {json={"query":"* {text CONTAINS[c] 'Invalid vehicle year'}","operation":{"method_name":"query","arguments":[]}}
06-05 21:23:44.688 I/System.out(11790): }
06-05 21:23:44.700 I/LatinIME( 1697): Starting input. Cursor position = 0,0
06-05 21:23:44.726 I/art     (11790): Compiler allocated 7MB to compile sh.calaba.instrumentationbackend.actions.NanoHTTPD$Response sh.calaba.instrumentationbackend.actions.HttpServer.serve(java.lang.String, java.lang.String, java.util.Properties, java.util.Properties, java.util.Properties)
06-05 21:23:44.730 V/PhoneStatusBar( 1711): setLightsOn(true)
06-05 21:23:44.745 V/PhoneStatusBar( 1711): setLightsOn(true)
06-05 21:23:44.746 W/IInputConnectionWrapper(11790): finishComposingText on inactive InputConnection
06-05 21:23:44.746 W/IInputConnectionWrapper(11790): finishComposingText on inactive InputConnection
06-05 21:23:44.760 D/gralloc_ranchu( 1347): gralloc_alloc: Creating ashmem region of size 278528
06-05 21:23:44.765 V/PhoneStatusBar( 1711): setLightsOn(true)
06-05 21:23:44.766 V/PhoneStatusBar( 1711): setLightsOn(true)
06-05 21:23:44.773 I/System.out(11790): URI: //map
06-05 21:23:44.773 I/System.out(11790): params: {json={"query":"android.widget.EditText index:1","operation":{"method_name":"query","arguments":[]}}
06-05 21:23:44.773 I/System.out(11790): }
06-05 21:23:44.778 V/PhoneStatusBar( 1711): setLightsOn(true)
06-05 21:23:44.795 V/PhoneStatusBar( 1711): setLightsOn(true)
06-05 21:23:44.807 I/System.out(11790): URI: //gesture
06-05 21:23:44.807 I/System.out(11790): params: {json={"query_timeout":5.0,"gestures":[{"query_string":"android.widget.EditText index:1","touches":[{"x":50,"y":50,"offset_x":0,"offset_y":0,"wait":0.0,"time":0.2,"release":true,"query_string":null}]}]}
06-05 21:23:44.807 I/System.out(11790): }
06-05 21:23:45.028 V/PhoneStatusBar( 1711): setLightsOn(true)
06-05 21:23:45.552 I/System.out(11790): URI: //
06-05 21:23:45.552 I/System.out(11790): params: {json={"command":"set_selection","arguments":[-1,-1]}
06-05 21:23:45.552 I/System.out(11790): }
06-05 21:23:45.552 I/System.out(11790): header: {content-type=application/json;charset=utf-8, date=Sat, 06 Jun 2020 02:23:46 GMT, accept=*/*, host=127.0.0.1:34777, content-length=47, user-agent=HTTPClient/1.0 (2.8.3, ruby 2.5.1 (2018-03-29))}
06-05 21:23:45.552 I/System.out(11790): params: {json={"command":"set_selection","arguments":[-1,-1]}
06-05 21:23:45.552 I/System.out(11790): }
06-05 21:23:45.552 I/System.out(11790): ProP json = {"command":"set_selection","arguments":[-1,-1]}
06-05 21:23:45.552 I/System.out(11790): files: {}
06-05 21:23:45.552 I/System.out(11790): command: {"command":"set_selection","arguments":[-1,-1]}
06-05 21:23:45.553 I/InstrumentationBackend(11790): Got command:'Command:'Line:null,set_selection', arguments:'[-1, -1]'
06-05 21:23:45.556 I/System.out(11790): result:{"bonusInformation":[],"message":"","success":true}
06-05 21:23:45.569 I/System.out(11790): URI: //
06-05 21:23:45.569 I/System.out(11790): params: {json={"command":"keyboard_enter_text","arguments":["0"]}
06-05 21:23:45.569 I/System.out(11790): }
06-05 21:23:45.569 I/System.out(11790): header: {content-type=application/json;charset=utf-8, date=Sat, 06 Jun 2020 02:23:46 GMT, accept=*/*, host=127.0.0.1:34777, content-length=51, user-agent=HTTPClient/1.0 (2.8.3, ruby 2.5.1 (2018-03-29))}
06-05 21:23:45.569 I/System.out(11790): params: {json={"command":"keyboard_enter_text","arguments":["0"]}
06-05 21:23:45.569 I/System.out(11790): }
06-05 21:23:45.569 I/System.out(11790): ProP json = {"command":"keyboard_enter_text","arguments":["0"]}
06-05 21:23:45.569 I/System.out(11790): files: {}
06-05 21:23:45.569 I/System.out(11790): command: {"command":"keyboard_enter_text","arguments":["0"]}
06-05 21:23:45.570 I/InstrumentationBackend(11790): Got command:'Command:'Line:null,keyboard_enter_text', arguments:'[0]'
06-05 21:23:45.571 E/SpannableStringBuilder(11790): SPAN_EXCLUSIVE_EXCLUSIVE spans cannot have a zero length
06-05 21:23:45.571 E/SpannableStringBuilder(11790): SPAN_EXCLUSIVE_EXCLUSIVE spans cannot have a zero length
06-05 21:23:45.572 V/PhoneStatusBar( 1711): setLightsOn(true)
06-05 21:23:45.573 E/SpannableStringBuilder(11790): SPAN_EXCLUSIVE_EXCLUSIVE spans cannot have a zero length
06-05 21:23:45.573 E/SpannableStringBuilder(11790): SPAN_EXCLUSIVE_EXCLUSIVE spans cannot have a zero length
06-05 21:23:45.575 I/System.out(11790): result:{"bonusInformation":[],"message":"","success":true}
06-05 21:23:45.578 I/System.out(11790): URI: //map
06-05 21:23:45.578 I/System.out(11790): params: {json={"query":"* marked:'Add new vehicle'","operation":{"method_name":"query","arguments":[]}}
06-05 21:23:45.578 I/System.out(11790): }
06-05 21:23:45.603 W/ResourceType(11790): No package identifier when getting name for resource number 0x00000001
06-05 21:23:45.610 I/System.out(11790): URI: //gesture
06-05 21:23:45.610 I/System.out(11790): params: {json={"query_timeout":5.0,"gestures":[{"query_string":"* marked:'Add new vehicle'","touches":[{"x":50,"y":50,"offset_x":0,"offset_y":0,"wait":0.0,"time":0.2,"release":true,"query_string":null}]}]}
06-05 21:23:45.610 I/System.out(11790): }
06-05 21:23:45.614 W/ResourceType(11790): No package identifier when getting name for resource number 0x00000001
06-05 21:23:45.827 I/WindowManager( 1630): Destroying surface Surface(name=PopupWindow:629f849) called by com.android.server.wm.WindowStateAnimator.destroySurface:2016 com.android.server.wm.WindowStateAnimator.destroySurfaceLocked:882 com.android.server.wm.WindowState.destroyOrSaveSurface:2100 com.android.server.wm.AppWindowToken.destroySurfaces:363 com.android.server.wm.WindowStateAnimator.finishExit:565 com.android.server.wm.WindowStateAnimator.stepAnimationLocked:491 com.android.server.wm.WindowAnimator.updateWindowsLocked:303 com.android.server.wm.WindowAnimator.animateLocked:704 
06-05 21:23:45.828 V/PhoneStatusBar( 1711): setLightsOn(true)
06-05 21:23:45.830 V/PhoneStatusBar( 1711): setLightsOn(true)
06-05 21:23:45.855 I/System.out(11790): URI: //map
06-05 21:23:45.855 I/System.out(11790): params: {json={"query":"* {text CONTAINS[c] 'Invalid vehicle make'}","operation":{"method_name":"query","arguments":[]}}
06-05 21:23:45.855 I/System.out(11790): }
06-05 21:23:45.870 I/LatinIME( 1697): Starting input. Cursor position = 0,0
06-05 21:23:45.897 V/PhoneStatusBar( 1711): setLightsOn(true)
06-05 21:23:45.911 V/PhoneStatusBar( 1711): setLightsOn(true)
06-05 21:23:45.913 W/IInputConnectionWrapper(11790): finishComposingText on inactive InputConnection
06-05 21:23:45.927 D/gralloc_ranchu( 1347): gralloc_alloc: Creating ashmem region of size 294912
06-05 21:23:45.931 V/PhoneStatusBar( 1711): setLightsOn(true)
06-05 21:23:45.932 V/PhoneStatusBar( 1711): setLightsOn(true)
06-05 21:23:45.939 I/System.out(11790): URI: //map
06-05 21:23:45.939 I/System.out(11790): params: {json={"query":"android.widget.EditText index:2","operation":{"method_name":"query","arguments":[]}}
06-05 21:23:45.939 I/System.out(11790): }
06-05 21:23:45.945 V/PhoneStatusBar( 1711): setLightsOn(true)
06-05 21:23:45.961 V/PhoneStatusBar( 1711): setLightsOn(true)
06-05 21:23:45.970 I/System.out(11790): URI: //gesture
06-05 21:23:45.970 I/System.out(11790): params: {json={"query_timeout":5.0,"gestures":[{"query_string":"android.widget.EditText index:2","touches":[{"x":50,"y":50,"offset_x":0,"offset_y":0,"wait":0.0,"time":0.2,"release":true,"query_string":null}]}]}
06-05 21:23:45.970 I/System.out(11790): }
06-05 21:23:46.195 V/PhoneStatusBar( 1711): setLightsOn(true)
06-05 21:23:46.722 I/System.out(11790): URI: //
06-05 21:23:46.722 I/System.out(11790): params: {json={"command":"set_selection","arguments":[-1,-1]}
06-05 21:23:46.723 I/System.out(11790): }
06-05 21:23:46.723 I/System.out(11790): header: {content-type=application/json;charset=utf-8, date=Sat, 06 Jun 2020 02:23:47 GMT, accept=*/*, host=127.0.0.1:34777, content-length=47, user-agent=HTTPClient/1.0 (2.8.3, ruby 2.5.1 (2018-03-29))}
06-05 21:23:46.723 I/System.out(11790): params: {json={"command":"set_selection","arguments":[-1,-1]}
06-05 21:23:46.723 I/System.out(11790): }
06-05 21:23:46.723 I/System.out(11790): ProP json = {"command":"set_selection","arguments":[-1,-1]}
06-05 21:23:46.723 I/System.out(11790): files: {}
06-05 21:23:46.723 I/System.out(11790): command: {"command":"set_selection","arguments":[-1,-1]}
06-05 21:23:46.724 I/InstrumentationBackend(11790): Got command:'Command:'Line:null,set_selection', arguments:'[-1, -1]'
06-05 21:23:46.726 I/System.out(11790): result:{"bonusInformation":[],"message":"","success":true}
06-05 21:23:46.741 I/System.out(11790): URI: //
06-05 21:23:46.741 I/System.out(11790): params: {json={"command":"keyboard_enter_text","arguments":["Test"]}
06-05 21:23:46.741 I/System.out(11790): }
06-05 21:23:46.741 I/System.out(11790): header: {content-type=application/json;charset=utf-8, date=Sat, 06 Jun 2020 02:23:47 GMT, accept=*/*, host=127.0.0.1:34777, content-length=54, user-agent=HTTPClient/1.0 (2.8.3, ruby 2.5.1 (2018-03-29))}
06-05 21:23:46.741 I/System.out(11790): params: {json={"command":"keyboard_enter_text","arguments":["Test"]}
06-05 21:23:46.741 I/System.out(11790): }
06-05 21:23:46.741 I/System.out(11790): ProP json = {"command":"keyboard_enter_text","arguments":["Test"]}
06-05 21:23:46.741 I/System.out(11790): files: {}
06-05 21:23:46.741 I/System.out(11790): command: {"command":"keyboard_enter_text","arguments":["Test"]}
06-05 21:23:46.742 I/InstrumentationBackend(11790): Got command:'Command:'Line:null,keyboard_enter_text', arguments:'[Test]'
06-05 21:23:46.742 E/SpannableStringBuilder(11790): SPAN_EXCLUSIVE_EXCLUSIVE spans cannot have a zero length
06-05 21:23:46.742 E/SpannableStringBuilder(11790): SPAN_EXCLUSIVE_EXCLUSIVE spans cannot have a zero length
06-05 21:23:46.744 V/PhoneStatusBar( 1711): setLightsOn(true)
06-05 21:23:46.746 E/SpannableStringBuilder(11790): SPAN_EXCLUSIVE_EXCLUSIVE spans cannot have a zero length
06-05 21:23:46.746 E/SpannableStringBuilder(11790): SPAN_EXCLUSIVE_EXCLUSIVE spans cannot have a zero length
06-05 21:23:46.749 I/System.out(11790): result:{"bonusInformation":[],"message":"","success":true}
06-05 21:23:46.751 I/System.out(11790): URI: //map
06-05 21:23:46.751 I/System.out(11790): params: {json={"query":"* marked:'Add new vehicle'","operation":{"method_name":"query","arguments":[]}}
06-05 21:23:46.751 I/System.out(11790): }
06-05 21:23:46.797 W/ResourceType(11790): No package identifier when getting name for resource number 0x00000001
06-05 21:23:46.804 I/System.out(11790): URI: //gesture
06-05 21:23:46.804 I/System.out(11790): params: {json={"query_timeout":5.0,"gestures":[{"query_string":"* marked:'Add new vehicle'","touches":[{"x":50,"y":50,"offset_x":0,"offset_y":0,"wait":0.0,"time":0.2,"release":true,"query_string":null}]}]}
06-05 21:23:46.804 I/System.out(11790): }
06-05 21:23:46.809 W/ResourceType(11790): No package identifier when getting name for resource number 0x00000001
06-05 21:23:47.011 I/WindowManager( 1630): Destroying surface Surface(name=PopupWindow:3a2d0d) called by com.android.server.wm.WindowStateAnimator.destroySurface:2016 com.android.server.wm.WindowStateAnimator.destroySurfaceLocked:882 com.android.server.wm.WindowState.destroyOrSaveSurface:2100 com.android.server.wm.AppWindowToken.destroySurfaces:363 com.android.server.wm.WindowStateAnimator.finishExit:565 com.android.server.wm.WindowStateAnimator.stepAnimationLocked:491 com.android.server.wm.WindowAnimator.updateWindowsLocked:303 com.android.server.wm.WindowAnimator.animateLocked:704 
06-05 21:23:47.011 V/PhoneStatusBar( 1711): setLightsOn(true)
06-05 21:23:47.014 V/PhoneStatusBar( 1711): setLightsOn(true)
06-05 21:23:47.036 I/System.out(11790): URI: //map
06-05 21:23:47.036 I/System.out(11790): params: {json={"query":"* {text CONTAINS[c] 'Invalid vehicle model'}","operation":{"method_name":"query","arguments":[]}}
06-05 21:23:47.036 I/System.out(11790): }
06-05 21:23:47.051 I/LatinIME( 1697): Starting input. Cursor position = 0,0
06-05 21:23:47.075 V/PhoneStatusBar( 1711): setLightsOn(true)
06-05 21:23:47.078 V/PhoneStatusBar( 1711): setLightsOn(true)
06-05 21:23:47.079 W/IInputConnectionWrapper(11790): finishComposingText on inactive InputConnection
06-05 21:23:47.079 W/IInputConnectionWrapper(11790): finishComposingText on inactive InputConnection
06-05 21:23:47.094 D/gralloc_ranchu( 1347): gralloc_alloc: Creating ashmem region of size 303104
06-05 21:23:47.098 V/PhoneStatusBar( 1711): setLightsOn(true)
06-05 21:23:47.099 V/PhoneStatusBar( 1711): setLightsOn(true)
06-05 21:23:47.112 V/PhoneStatusBar( 1711): setLightsOn(true)
