--------- beginning of main
06-05 12:37:32.380 D/EGL_emulation( 1792): eglMakeCurrent: 0x992abea0: ver 2 0 (tinfo 0xa5a6f110)
06-05 12:37:32.385 D/EGL_emulation( 1792): eglMakeCurrent: 0x992abea0: ver 2 0 (tinfo 0xa5a6f110)
06-05 12:37:32.396 D/EGL_emulation( 1792): eglMakeCurrent: 0x992abea0: ver 2 0 (tinfo 0xa5a6f110)
06-05 12:37:32.398 D/EGL_emulation( 1792): eglMakeCurrent: 0x992abea0: ver 2 0 (tinfo 0xa5a6f110)
06-05 12:37:32.413 D/EGL_emulation( 1792): eglMakeCurrent: 0x992abea0: ver 2 0 (tinfo 0xa5a6f110)
06-05 12:37:32.414 D/EGL_emulation( 1792): eglMakeCurrent: 0x992abea0: ver 2 0 (tinfo 0xa5a6f110)
06-05 12:37:32.429 D/EGL_emulation( 1792): eglMakeCurrent: 0x992abea0: ver 2 0 (tinfo 0xa5a6f110)
06-05 12:37:32.431 D/EGL_emulation( 1792): eglMakeCurrent: 0x992abea0: ver 2 0 (tinfo 0xa5a6f110)
06-05 12:37:32.446 D/EGL_emulation( 1792): eglMakeCurrent: 0x992abea0: ver 2 0 (tinfo 0xa5a6f110)
06-05 12:37:32.447 D/EGL_emulation( 1792): eglMakeCurrent: 0x992abea0: ver 2 0 (tinfo 0xa5a6f110)
06-05 12:37:32.448 D/EGL_emulation( 2389): eglMakeCurrent: 0xb1284ec0: ver 2 0 (tinfo 0x98c170c0)
06-05 12:37:32.448 W/OpenGLRenderer( 2389): Incorrectly called buildLayer on View: ShortcutAndWidgetContainer, destroying layer...
06-05 12:37:32.463 D/EGL_emulation( 1792): eglMakeCurrent: 0x992abea0: ver 2 0 (tinfo 0xa5a6f110)
06-05 12:37:32.465 D/EGL_emulation( 1792): eglMakeCurrent: 0x992abea0: ver 2 0 (tinfo 0xa5a6f110)
06-05 12:37:32.480 D/EGL_emulation( 1792): eglMakeCurrent: 0x992abea0: ver 2 0 (tinfo 0xa5a6f110)
06-05 12:37:32.496 D/EGL_emulation( 1792): eglMakeCurrent: 0x992abea0: ver 2 0 (tinfo 0xa5a6f110)
06-05 12:37:32.498 D/EGL_emulation( 1792): eglMakeCurrent: 0x992abea0: ver 2 0 (tinfo 0xa5a6f110)
06-05 12:37:32.507 D/AndroidRuntime(14877): >>>>>> START com.android.internal.os.RuntimeInit uid 2000 <<<<<<
06-05 12:37:32.508 D/AndroidRuntime(14877): CheckJNI is ON
06-05 12:37:32.513 D/EGL_emulation( 1792): eglMakeCurrent: 0x992abea0: ver 2 0 (tinfo 0xa5a6f110)
06-05 12:37:32.514 D/EGL_emulation( 1792): eglMakeCurrent: 0x992abea0: ver 2 0 (tinfo 0xa5a6f110)
06-05 12:37:32.519 W/art     (14877): Unexpected CPU variant for X86 using defaults: x86
06-05 12:37:32.521 D/ICU     (14877): No timezone override file found: /data/misc/zoneinfo/current/icu/icu_tzdata.dat
06-05 12:37:32.528 E/memtrack(14877): Couldn't load memtrack module (No such file or directory)
06-05 12:37:32.528 E/android.os.Debug(14877): failed to load memtrack module: -2
06-05 12:37:32.528 I/Radio-JNI(14877): register_android_hardware_Radio DONE
06-05 12:37:32.530 D/EGL_emulation( 1792): eglMakeCurrent: 0x992abea0: ver 2 0 (tinfo 0xa5a6f110)
06-05 12:37:32.531 D/EGL_emulation( 1792): eglMakeCurrent: 0x992abea0: ver 2 0 (tinfo 0xa5a6f110)
06-05 12:37:32.532 D/AndroidRuntime(14877): Calling main entry com.android.commands.am.Am
--------- beginning of system
06-05 12:37:32.534 I/ActivityManager( 1659): Force stopping com.evancharlton.mileage appid=10082 user=0: start instr
06-05 12:37:32.534 I/art     ( 1419): Starting a blocking GC HeapTrim
06-05 12:37:32.536 I/art     (14887): Not late-enabling -Xcheck:jni (already on)
06-05 12:37:32.536 W/art     (14887): Unexpected CPU variant for X86 using defaults: x86
06-05 12:37:32.544 I/ActivityManager( 1659): Start proc 14887:com.evancharlton.mileage/u0a82 for added application com.evancharlton.mileage
06-05 12:37:32.545 D/AndroidRuntime(14877): Shutting down VM
06-05 12:37:32.549 D/EGL_emulation( 1792): eglMakeCurrent: 0x992abea0: ver 2 0 (tinfo 0xa5a6f110)
06-05 12:37:32.554 D/EGL_emulation( 1792): eglMakeCurrent: 0x992abea0: ver 2 0 (tinfo 0xa5a6f110)
06-05 12:37:32.563 W/System  (14887): ClassLoader referenced unknown path: /data/app/com.evancharlton.mileage.test-1/lib/x86
06-05 12:37:32.563 W/System  (14887): ClassLoader referenced unknown path: /data/app/com.evancharlton.mileage-1/lib/x86
06-05 12:37:32.565 D/EGL_emulation( 1792): eglMakeCurrent: 0x992abea0: ver 2 0 (tinfo 0xa5a6f110)
06-05 12:37:32.569 W/System  (14887): ClassLoader referenced unknown path: 
06-05 12:37:32.576 I/System.out(14887): Main activity name automatically set to: com.evancharlton.mileage.Mileage
06-05 12:37:32.576 I/System.out(14887): Calabash did not load Mono. This is only a problem if you are trying to test a Mono application
06-05 12:37:32.577 I/calabash(14887): Test server port: 7102
06-05 12:37:32.577 I/InstrumentationBackend(14887): Added:'GetPreferences', with key:'get_preferences'
06-05 12:37:32.584 I/InstrumentationBackend(14887): Added:'SetPreferences', with key:'set_preferences'
06-05 12:37:32.584 I/InstrumentationBackend(14887): Added:'ClearPreferences', with key:'clear_preferences'
06-05 12:37:32.584 I/InstrumentationBackend(14887): Added:'PressElement', with key:'press_l10n_element'
06-05 12:37:32.584 I/InstrumentationBackend(14887): Added:'WaitForElement', with key:'wait_for_l10n_element'
06-05 12:37:32.585 I/InstrumentationBackend(14887): Added:'NullAction', with key:'nullAction'
06-05 12:37:32.585 I/InstrumentationBackend(14887): Added:'PressKey', with key:'press_key'
06-05 12:37:32.585 I/InstrumentationBackend(14887): Added:'SetActivityOrientation', with key:'set_activity_orientation'
06-05 12:37:32.585 I/InstrumentationBackend(14887): Added:'GetActivityOrientation', with key:'get_activity_orientation'
06-05 12:37:32.585 I/InstrumentationBackend(14887): Added:'FakeGPSLocation', with key:'set_gps_coordinates'
06-05 12:37:32.585 I/InstrumentationBackend(14887): Added:'SetPropertyByCssSelector', with key:'set_property_by_css_selector'
06-05 12:37:32.585 I/InstrumentationBackend(14887): Added:'GetUrl', with key:'get_url'
06-05 12:37:32.585 I/InstrumentationBackend(14887): Added:'ScrollTo', with key:'scroll_to'
06-05 12:37:32.585 I/InstrumentationBackend(14887): Added:'GetLoadProgress', with key:'get_load_progress'
06-05 12:37:32.586 I/InstrumentationBackend(14887): Added:'DumpHtml', with key:'dump_html'
06-05 12:37:32.586 I/InstrumentationBackend(14887): Added:'DumpBodyHtml', with key:'dump_body_html'
06-05 12:37:32.586 I/InstrumentationBackend(14887): Added:'EnterTextByCssSelector', with key:'enter_text_by_selector'
06-05 12:37:32.586 I/InstrumentationBackend(14887): Added:'AndroidSDKVersion', with key:'android_sdk_version'
06-05 12:37:32.586 I/InstrumentationBackend(14887): Added:'Version', with key:'version'
06-05 12:37:32.586 I/InstrumentationBackend(14887): Added:'Drag', with key:'drag'
06-05 12:37:32.587 I/InstrumentationBackend(14887): Added:'TouchCoordinates', with key:'touch_coordinate'
06-05 12:37:32.587 I/InstrumentationBackend(14887): Added:'LongPressCoordinate', with key:'long_press_coordinate'
06-05 12:37:32.587 I/InstrumentationBackend(14887): Added:'DragCoordinates', with key:'drag_coordinates'
06-05 12:37:32.587 I/InstrumentationBackend(14887): Added:'ResumeApplication', with key:'resume_application'
06-05 12:37:32.587 I/InstrumentationBackend(14887): Added:'Swipe', with key:'swipe'
06-05 12:37:32.587 I/InstrumentationBackend(14887): Added:'DoubleTapCoordinate', with key:'double_tap_coordinate'
06-05 12:37:32.587 I/InstrumentationBackend(14887): Added:'ClickOnScreen', with key:'click_on_screen'
06-05 12:37:32.587 I/InstrumentationBackend(14887): Added:'GetActivityName', with key:'get_activity_name'
06-05 12:37:32.587 I/InstrumentationBackend(14887): Added:'ScrollToView', with key:'scroll_to_view'
06-05 12:37:32.587 I/InstrumentationBackend(14887): Added:'ViewConfiguration', with key:'view_configuration'
06-05 12:37:32.587 I/InstrumentationBackend(14887): Added:'IsCurrentActivityFocused', with key:'is_current_activity_focused'
06-05 12:37:32.587 I/InstrumentationBackend(14887): Added:'SendTcp', with key:'send_tcp'
06-05 12:37:32.587 I/InstrumentationBackend(14887): Added:'DpToDevicePixel', with key:'dp_to_device_pixel'
06-05 12:37:32.587 I/InstrumentationBackend(14887): Added:'KeyboardEnterText', with key:'keyboard_enter_text'
06-05 12:37:32.587 I/InstrumentationBackend(14887): Added:'DeleteSurroundingText', with key:'delete_surrounding_text'
06-05 12:37:32.588 I/InstrumentationBackend(14887): Added:'SetComposingRegion', with key:'set_composing_region'
06-05 12:37:32.588 I/InstrumentationBackend(14887): Added:'SetSelection', with key:'set_selection'
06-05 12:37:32.588 I/InstrumentationBackend(14887): Added:'KeyboardKeyEvent', with key:'keyboard_key_event'
06-05 12:37:32.588 I/InstrumentationBackend(14887): Added:'PressUserActionButton', with key:'press_user_action_button'
06-05 12:37:32.588 I/InstrumentationBackend(14887): Added:'HideSoftKeyboard', with key:'hide_soft_keyboard'
06-05 12:37:32.588 I/InstrumentationBackend(14887): Added:'ListActions', with key:'list_actions'
06-05 12:37:32.588 I/calabash(14887): Instantiating http server at 7102
06-05 12:37:32.589 I/System.out(14887): HTTP Daemon listening on: 7102
06-05 12:37:32.674 I/System.out(14887): URI: //ping
06-05 12:37:32.674 I/System.out(14887): params: {json={}
06-05 12:37:32.675 I/System.out(14887): }
06-05 12:37:32.683 I/System.out(14887): URI: //ping
06-05 12:37:32.683 I/System.out(14887): params: {json={}
06-05 12:37:32.683 I/System.out(14887): }
06-05 12:37:32.689 I/System.out(14887): URI: //ready
06-05 12:37:32.689 I/System.out(14887): params: {json={}
06-05 12:37:32.689 I/System.out(14887): }
06-05 12:37:32.694 I/System.out(14887): URI: //
06-05 12:37:32.694 I/System.out(14887): params: {json={"command":"version","arguments":[]}
06-05 12:37:32.694 I/System.out(14887): }
06-05 12:37:32.694 I/System.out(14887): header: {content-type=application/json;charset=utf-8, date=Fri, 05 Jun 2020 17:37:33 GMT, accept=*/*, host=127.0.0.1:34782, content-length=36, user-agent=HTTPClient/1.0 (2.8.3, ruby 2.5.1 (2018-03-29))}
06-05 12:37:32.695 I/System.out(14887): params: {json={"command":"version","arguments":[]}
06-05 12:37:32.695 I/System.out(14887): }
06-05 12:37:32.695 I/System.out(14887): ProP json = {"command":"version","arguments":[]}
06-05 12:37:32.695 I/System.out(14887): files: {}
06-05 12:37:32.695 I/System.out(14887): command: {"command":"version","arguments":[]}
06-05 12:37:32.705 I/InstrumentationBackend(14887): Got command:'Command:'Line:null,version', arguments:'[]'
06-05 12:37:32.718 I/System.out(14887): result:{"bonusInformation":[],"message":"0.9.8","success":true}
06-05 12:37:32.721 I/System.out(14887): URI: //start-application
06-05 12:37:32.721 I/System.out(14887): params: {json={"intent":null}
06-05 12:37:32.721 I/System.out(14887): }
06-05 12:37:32.731 I/ActivityManager( 1659): START u0 {act=android.intent.action.MAIN cat=[android.intent.category.LAUNCHER] flg=0x10200000 cmp=com.evancharlton.mileage/.Mileage} from uid 10082 on display 0
06-05 12:37:32.735 I/calabash(14887): newActivity1
06-05 12:37:32.743 I/calabash(14887): newActivity1
06-05 12:37:32.744 W/ActivityManager( 1659): Bad activity token: android.os.BinderProxy@fbc2f9b
06-05 12:37:32.744 W/ActivityManager( 1659): java.lang.ClassCastException: android.os.BinderProxy cannot be cast to com.android.server.am.ActivityRecord$Token
06-05 12:37:32.744 W/ActivityManager( 1659): 	at com.android.server.am.ActivityRecord.forTokenLocked(ActivityRecord.java:586)
06-05 12:37:32.744 W/ActivityManager( 1659): 	at com.android.server.am.ActivityRecord.isInStackLocked(ActivityRecord.java:1327)
06-05 12:37:32.744 W/ActivityManager( 1659): 	at com.android.server.am.ActivityRecord.getStackLocked(ActivityRecord.java:1332)
06-05 12:37:32.744 W/ActivityManager( 1659): 	at com.android.server.am.ActivityManagerService.getActivityDisplayId(ActivityManagerService.java:9806)
06-05 12:37:32.744 W/ActivityManager( 1659): 	at android.app.ActivityManagerNative.onTransact(ActivityManagerNative.java:2566)
06-05 12:37:32.744 W/ActivityManager( 1659): 	at com.android.server.am.ActivityManagerService.onTransact(ActivityManagerService.java:2757)
06-05 12:37:32.744 W/ActivityManager( 1659): 	at android.os.Binder.execTransact(Binder.java:565)
06-05 12:37:32.745 W/ActivityManager( 1659): Bad activity token: android.os.BinderProxy@fbc2f9b
06-05 12:37:32.745 W/ActivityManager( 1659): java.lang.ClassCastException: android.os.BinderProxy cannot be cast to com.android.server.am.ActivityRecord$Token
06-05 12:37:32.745 W/ActivityManager( 1659): 	at com.android.server.am.ActivityRecord.forTokenLocked(ActivityRecord.java:586)
06-05 12:37:32.745 W/ActivityManager( 1659): 	at com.android.server.am.ActivityRecord.isInStackLocked(ActivityRecord.java:1327)
06-05 12:37:32.745 W/ActivityManager( 1659): 	at com.android.server.am.ActivityManagerService.setTaskDescription(ActivityManagerService.java:9358)
06-05 12:37:32.745 W/ActivityManager( 1659): 	at android.app.ActivityManagerNative.onTransact(ActivityManagerNative.java:2639)
06-05 12:37:32.745 W/ActivityManager( 1659): 	at com.android.server.am.ActivityManagerService.onTransact(ActivityManagerService.java:2757)
06-05 12:37:32.745 W/ActivityManager( 1659): 	at android.os.Binder.execTransact(Binder.java:565)
06-05 12:37:32.745 W/ActivityManager( 1659): Bad activity token: android.os.BinderProxy@fbc2f9b
06-05 12:37:32.745 W/ActivityManager( 1659): java.lang.ClassCastException: android.os.BinderProxy cannot be cast to com.android.server.am.ActivityRecord$Token
06-05 12:37:32.745 W/ActivityManager( 1659): 	at com.android.server.am.ActivityRecord.forTokenLocked(ActivityRecord.java:586)
06-05 12:37:32.745 W/ActivityManager( 1659): 	at com.android.server.am.ActivityRecord.isInStackLocked(ActivityRecord.java:1327)
06-05 12:37:32.745 W/ActivityManager( 1659): 	at com.android.server.am.ActivityRecord.getStackLocked(ActivityRecord.java:1332)
06-05 12:37:32.745 W/ActivityManager( 1659): 	at com.android.server.am.ActivityManagerService.getActivityStackId(ActivityManagerService.java:9817)
06-05 12:37:32.745 W/ActivityManager( 1659): 	at android.app.ActivityManagerNative.onTransact(ActivityManagerNative.java:2856)
06-05 12:37:32.745 W/ActivityManager( 1659): 	at com.android.server.am.ActivityManagerService.onTransact(ActivityManagerService.java:2757)
06-05 12:37:32.745 W/ActivityManager( 1659): 	at android.os.Binder.execTransact(Binder.java:565)
06-05 12:37:32.758 W/ActivityManager( 1659): Bad activity token: android.os.BinderProxy@fbc2f9b
06-05 12:37:32.758 W/ActivityManager( 1659): java.lang.ClassCastException: android.os.BinderProxy cannot be cast to com.android.server.am.ActivityRecord$Token
06-05 12:37:32.758 W/ActivityManager( 1659): 	at com.android.server.am.ActivityRecord.forTokenLocked(ActivityRecord.java:586)
06-05 12:37:32.758 W/ActivityManager( 1659): 	at com.android.server.am.ActivityRecord.isInStackLocked(ActivityRecord.java:1327)
06-05 12:37:32.758 W/ActivityManager( 1659): 	at com.android.server.am.ActivityManagerService.getActivityOptions(ActivityManagerService.java:12559)
06-05 12:37:32.758 W/ActivityManager( 1659): 	at android.app.ActivityManagerNative.onTransact(ActivityManagerNative.java:1933)
06-05 12:37:32.758 W/ActivityManager( 1659): 	at com.android.server.am.ActivityManagerService.onTransact(ActivityManagerService.java:2757)
06-05 12:37:32.758 W/ActivityManager( 1659): 	at android.os.Binder.execTransact(Binder.java:565)
06-05 12:37:32.759 W/ActivityManager( 1659): Bad activity token: android.os.BinderProxy@fbc2f9b
06-05 12:37:32.759 W/ActivityManager( 1659): java.lang.ClassCastException: android.os.BinderProxy cannot be cast to com.android.server.am.ActivityRecord$Token
06-05 12:37:32.759 W/ActivityManager( 1659): 	at com.android.server.am.ActivityRecord.forTokenLocked(ActivityRecord.java:586)
06-05 12:37:32.759 W/ActivityManager( 1659): 	at com.android.server.am.ActivityRecord.isInStackLocked(ActivityRecord.java:1327)
06-05 12:37:32.759 W/ActivityManager( 1659): 	at com.android.server.am.ActivityManagerService.getActivityOptions(ActivityManagerService.java:12559)
06-05 12:37:32.759 W/ActivityManager( 1659): 	at android.app.ActivityManagerNative.onTransact(ActivityManagerNative.java:1933)
06-05 12:37:32.759 W/ActivityManager( 1659): 	at com.android.server.am.ActivityManagerService.onTransact(ActivityManagerService.java:2757)
06-05 12:37:32.759 W/ActivityManager( 1659): 	at android.os.Binder.execTransact(Binder.java:565)
06-05 12:37:32.764 D/gralloc_ranchu( 1352): gralloc_alloc: Creating ashmem region of size 9023488
06-05 12:37:32.785 V/PhoneStatusBar( 1792): setLightsOn(true)
06-05 12:37:32.796 D/EGL_emulation( 1792): eglMakeCurrent: 0x992abea0: ver 2 0 (tinfo 0xa5a6f110)
06-05 12:37:32.797 V/PhoneStatusBar( 1792): setLightsOn(true)
06-05 12:37:32.797 V/PhoneStatusBar( 1792): setLightsOn(true)
06-05 12:37:32.798 D/gralloc_ranchu( 1352): gralloc_alloc: Creating ashmem region of size 9023488
06-05 12:37:32.799 V/PhoneStatusBar( 1792): setLightsOn(true)
06-05 12:37:32.802 D/        (14887): HostConnection::get() New Host Connection established 0x99fb5500, tid 14887
06-05 12:37:32.827 D/EGL_emulation( 1792): eglMakeCurrent: 0x992abea0: ver 2 0 (tinfo 0xa5a6f110)
06-05 12:37:32.827 D/EGL_emulation( 2389): eglMakeCurrent: 0xb1284ec0: ver 2 0 (tinfo 0x98c170c0)
06-05 12:37:32.829 D/EGL_emulation( 1792): eglMakeCurrent: 0x992abea0: ver 2 0 (tinfo 0xa5a6f110)
06-05 12:37:32.831 D/EGL_emulation( 1792): eglMakeCurrent: 0x992abea0: ver 2 0 (tinfo 0xa5a6f110)
06-05 12:37:32.832 D/EGL_emulation( 1792): eglMakeCurrent: 0x992abea0: ver 2 0 (tinfo 0xa5a6f110)
06-05 12:37:32.842 I/ActivityManager( 1659): Displayed com.evancharlton.mileage/.Mileage: +108ms
06-05 12:37:32.846 D/gralloc_ranchu( 1352): gralloc_alloc: Creating ashmem region of size 9023488
06-05 12:37:32.852 D/EGL_emulation( 1792): eglMakeCurrent: 0x992abea0: ver 2 0 (tinfo 0xa5a6f110)
06-05 12:37:32.859 D/EGL_emulation( 1792): eglMakeCurrent: 0x992abea0: ver 2 0 (tinfo 0xa5a6f110)
06-05 12:37:32.868 D/EGL_emulation( 1792): eglMakeCurrent: 0x992abea0: ver 2 0 (tinfo 0xa5a6f110)
06-05 12:37:32.871 D/EGL_emulation( 1792): eglMakeCurrent: 0x992abea0: ver 2 0 (tinfo 0xa5a6f110)
06-05 12:37:32.871 V/PhoneStatusBar( 1792): setLightsOn(true)
06-05 12:37:32.880 D/EGL_emulation( 1792): eglMakeCurrent: 0x992abea0: ver 2 0 (tinfo 0xa5a6f110)
06-05 12:37:32.881 D/EGL_emulation( 1792): eglMakeCurrent: 0x992abea0: ver 2 0 (tinfo 0xa5a6f110)
06-05 12:37:32.886 I/System.out(14887): URI: //map
06-05 12:37:32.886 I/System.out(14887): params: {json={"query":"* marked:'Statistics'","operation":{"method_name":"query","arguments":[]}}
06-05 12:37:32.886 I/System.out(14887): }
06-05 12:37:32.896 W/ResourceType(14887): No package identifier when getting name for resource number 0x00000001
06-05 12:37:32.897 D/EGL_emulation( 1792): eglMakeCurrent: 0x992abea0: ver 2 0 (tinfo 0xa5a6f110)
06-05 12:37:32.898 D/EGL_emulation( 1792): eglMakeCurrent: 0x992abea0: ver 2 0 (tinfo 0xa5a6f110)
06-05 12:37:32.909 I/System.out(14887): URI: //gesture
06-05 12:37:32.909 I/System.out(14887): params: {json={"query_timeout":5.0,"gestures":[{"query_string":"* marked:'Statistics'","touches":[{"x":50,"y":50,"offset_x":0,"offset_y":0,"wait":0.0,"time":0.2,"release":true,"query_string":null}]}]}
06-05 12:37:32.909 I/System.out(14887): }
06-05 12:37:32.913 W/ResourceType(14887): No package identifier when getting name for resource number 0x00000001
06-05 12:37:32.913 D/EGL_emulation( 1792): eglMakeCurrent: 0x992abea0: ver 2 0 (tinfo 0xa5a6f110)
06-05 12:37:32.914 D/EGL_emulation( 1792): eglMakeCurrent: 0x992abea0: ver 2 0 (tinfo 0xa5a6f110)
06-05 12:37:32.935 D/EGL_emulation( 1792): eglMakeCurrent: 0x992abea0: ver 2 0 (tinfo 0xa5a6f110)
06-05 12:37:32.937 D/EGL_emulation( 1792): eglMakeCurrent: 0x992abea0: ver 2 0 (tinfo 0xa5a6f110)
06-05 12:37:32.947 D/EGL_emulation( 1792): eglMakeCurrent: 0x992abea0: ver 2 0 (tinfo 0xa5a6f110)
06-05 12:37:32.952 D/EGL_emulation( 1792): eglMakeCurrent: 0x992abea0: ver 2 0 (tinfo 0xa5a6f110)
06-05 12:37:32.964 D/EGL_emulation( 1792): eglMakeCurrent: 0x992abea0: ver 2 0 (tinfo 0xa5a6f110)
06-05 12:37:32.966 D/EGL_emulation( 1792): eglMakeCurrent: 0x992abea0: ver 2 0 (tinfo 0xa5a6f110)
06-05 12:37:32.980 D/EGL_emulation( 1792): eglMakeCurrent: 0x992abea0: ver 2 0 (tinfo 0xa5a6f110)
06-05 12:37:32.982 D/EGL_emulation( 1792): eglMakeCurrent: 0x992abea0: ver 2 0 (tinfo 0xa5a6f110)
06-05 12:37:32.998 D/EGL_emulation( 1792): eglMakeCurrent: 0x992abea0: ver 2 0 (tinfo 0xa5a6f110)
06-05 12:37:33.000 D/EGL_emulation( 1792): eglMakeCurrent: 0x992abea0: ver 2 0 (tinfo 0xa5a6f110)
06-05 12:37:33.014 D/EGL_emulation( 1792): eglMakeCurrent: 0x992abea0: ver 2 0 (tinfo 0xa5a6f110)
06-05 12:37:33.018 D/EGL_emulation( 1792): eglMakeCurrent: 0x992abea0: ver 2 0 (tinfo 0xa5a6f110)
06-05 12:37:33.030 I/WindowManager( 1659): Destroying surface Surface(name=Starting com.evancharlton.mileage) called by com.android.server.wm.WindowStateAnimator.destroySurface:2016 com.android.server.wm.WindowStateAnimator.destroySurfaceLocked:882 com.android.server.wm.WindowState.destroyOrSaveSurface:2100 com.android.server.wm.AppWindowToken.destroySurfaces:363 com.android.server.wm.WindowStateAnimator.finishExit:565 com.android.server.wm.WindowStateAnimator.stepAnimationLocked:491 com.android.server.wm.WindowAnimator.updateWindowsLocked:303 com.android.server.wm.WindowAnimator.animateLocked:704 
06-05 12:37:33.031 D/EGL_emulation( 1792): eglMakeCurrent: 0x992abea0: ver 2 0 (tinfo 0xa5a6f110)
06-05 12:37:33.034 V/PhoneStatusBar( 1792): setLightsOn(true)
06-05 12:37:33.037 V/PhoneStatusBar( 1792): setLightsOn(true)
06-05 12:37:33.152 I/calabash(14887): newActivity1
06-05 12:37:33.178 I/System.out(14887): URI: //map
06-05 12:37:33.178 I/System.out(14887): params: {json={"query":"android.widget.ScrollView index:0","operation":{"method_name":"query","arguments":[]}}
06-05 12:37:33.178 I/System.out(14887): }
06-05 12:37:33.184 W/ActivityManager( 1659): Bad activity token: android.os.BinderProxy@301aa81
06-05 12:37:33.184 W/ActivityManager( 1659): java.lang.ClassCastException: android.os.BinderProxy cannot be cast to com.android.server.am.ActivityRecord$Token
06-05 12:37:33.184 W/ActivityManager( 1659): 	at com.android.server.am.ActivityRecord.forTokenLocked(ActivityRecord.java:586)
06-05 12:37:33.184 W/ActivityManager( 1659): 	at com.android.server.am.ActivityRecord.isInStackLocked(ActivityRecord.java:1327)
06-05 12:37:33.184 W/ActivityManager( 1659): 	at com.android.server.am.ActivityRecord.getStackLocked(ActivityRecord.java:1332)
06-05 12:37:33.184 W/ActivityManager( 1659): 	at com.android.server.am.ActivityManagerService.getActivityDisplayId(ActivityManagerService.java:9806)
06-05 12:37:33.184 W/ActivityManager( 1659): 	at android.app.ActivityManagerNative.onTransact(ActivityManagerNative.java:2566)
06-05 12:37:33.184 W/ActivityManager( 1659): 	at com.android.server.am.ActivityManagerService.onTransact(ActivityManagerService.java:2757)
06-05 12:37:33.184 W/ActivityManager( 1659): 	at android.os.Binder.execTransact(Binder.java:565)
06-05 12:37:33.186 W/ActivityManager( 1659): Bad activity token: android.os.BinderProxy@301aa81
06-05 12:37:33.186 W/ActivityManager( 1659): java.lang.ClassCastException: android.os.BinderProxy cannot be cast to com.android.server.am.ActivityRecord$Token
06-05 12:37:33.186 W/ActivityManager( 1659): 	at com.android.server.am.ActivityRecord.forTokenLocked(ActivityRecord.java:586)
06-05 12:37:33.186 W/ActivityManager( 1659): 	at com.android.server.am.ActivityRecord.isInStackLocked(ActivityRecord.java:1327)
06-05 12:37:33.186 W/ActivityManager( 1659): 	at com.android.server.am.ActivityManagerService.setTaskDescription(ActivityManagerService.java:9358)
06-05 12:37:33.186 W/ActivityManager( 1659): 	at android.app.ActivityManagerNative.onTransact(ActivityManagerNative.java:2639)
06-05 12:37:33.186 W/ActivityManager( 1659): 	at com.android.server.am.ActivityManagerService.onTransact(ActivityManagerService.java:2757)
06-05 12:37:33.186 W/ActivityManager( 1659): 	at android.os.Binder.execTransact(Binder.java:565)
06-05 12:37:33.186 W/ActivityManager( 1659): Bad activity token: android.os.BinderProxy@301aa81
06-05 12:37:33.186 W/ActivityManager( 1659): java.lang.ClassCastException: android.os.BinderProxy cannot be cast to com.android.server.am.ActivityRecord$Token
06-05 12:37:33.186 W/ActivityManager( 1659): 	at com.android.server.am.ActivityRecord.forTokenLocked(ActivityRecord.java:586)
06-05 12:37:33.186 W/ActivityManager( 1659): 	at com.android.server.am.ActivityRecord.isInStackLocked(ActivityRecord.java:1327)
06-05 12:37:33.186 W/ActivityManager( 1659): 	at com.android.server.am.ActivityRecord.getStackLocked(ActivityRecord.java:1332)
06-05 12:37:33.186 W/ActivityManager( 1659): 	at com.android.server.am.ActivityManagerService.getActivityStackId(ActivityManagerService.java:9817)
06-05 12:37:33.186 W/ActivityManager( 1659): 	at android.app.ActivityManagerNative.onTransact(ActivityManagerNative.java:2856)
06-05 12:37:33.186 W/ActivityManager( 1659): 	at com.android.server.am.ActivityManagerService.onTransact(ActivityManagerService.java:2757)
06-05 12:37:33.186 W/ActivityManager( 1659): 	at android.os.Binder.execTransact(Binder.java:565)
06-05 12:37:33.192 D/VehicleStatisticsActivity(14887): Checking recalculation ...
06-05 12:37:33.192 D/VehicleStatisticsActivity(14887): Recalculating statistics
06-05 12:37:33.192 D/VehicleStatisticsTask(14887): Calculation starting...
06-05 12:37:33.192 D/VehicleStatisticsActivity(14887): Recalculation started!
06-05 12:37:33.193 D/AndroidRuntime(14887): Shutting down VM
--------- beginning of crash
06-05 12:37:33.193 E/AndroidRuntime(14887): FATAL EXCEPTION: main
06-05 12:37:33.193 E/AndroidRuntime(14887): Process: com.evancharlton.mileage, PID: 14887
06-05 12:37:33.193 E/AndroidRuntime(14887): java.lang.RuntimeException: Unable to start activity ComponentInfo{com.evancharlton.mileage/com.evancharlton.mileage.VehicleStatisticsActivity}: java.lang.NullPointerException: Attempt to invoke virtual method 'void android.widget.ListView.setAdapter(android.widget.ListAdapter)' on a null object reference
06-05 12:37:33.193 E/AndroidRuntime(14887): 	at android.app.ActivityThread.performLaunchActivity(ActivityThread.java:2646)
06-05 12:37:33.193 E/AndroidRuntime(14887): 	at android.app.ActivityThread.startActivityNow(ActivityThread.java:2446)
06-05 12:37:33.193 E/AndroidRuntime(14887): 	at android.app.LocalActivityManager.moveToState(LocalActivityManager.java:136)
06-05 12:37:33.193 E/AndroidRuntime(14887): 	at android.app.LocalActivityManager.startActivity(LocalActivityManager.java:348)
06-05 12:37:33.193 E/AndroidRuntime(14887): 	at android.widget.TabHost$IntentContentStrategy.getContentView(TabHost.java:724)
06-05 12:37:33.193 E/AndroidRuntime(14887): 	at android.widget.TabHost.setCurrentTab(TabHost.java:388)
06-05 12:37:33.193 E/AndroidRuntime(14887): 	at android.widget.TabHost$2.onTabSelectionChanged(TabHost.java:158)
06-05 12:37:33.193 E/AndroidRuntime(14887): 	at android.widget.TabWidget$TabClickListener.onClick(TabWidget.java:532)
06-05 12:37:33.193 E/AndroidRuntime(14887): 	at android.view.View.performClick(View.java:5610)
06-05 12:37:33.193 E/AndroidRuntime(14887): 	at android.view.View$PerformClick.run(View.java:22265)
06-05 12:37:33.193 E/AndroidRuntime(14887): 	at android.os.Handler.handleCallback(Handler.java:751)
06-05 12:37:33.193 E/AndroidRuntime(14887): 	at android.os.Handler.dispatchMessage(Handler.java:95)
06-05 12:37:33.193 E/AndroidRuntime(14887): 	at android.os.Looper.loop(Looper.java:154)
06-05 12:37:33.193 E/AndroidRuntime(14887): 	at android.app.ActivityThread.main(ActivityThread.java:6077)
06-05 12:37:33.193 E/AndroidRuntime(14887): 	at java.lang.reflect.Method.invoke(Native Method)
06-05 12:37:33.193 E/AndroidRuntime(14887): 	at com.android.internal.os.ZygoteInit$MethodAndArgsCaller.run(ZygoteInit.java:866)
06-05 12:37:33.193 E/AndroidRuntime(14887): 	at com.android.internal.os.ZygoteInit.main(ZygoteInit.java:756)
06-05 12:37:33.193 E/AndroidRuntime(14887): Caused by: java.lang.NullPointerException: Attempt to invoke virtual method 'void android.widget.ListView.setAdapter(android.widget.ListAdapter)' on a null object reference
06-05 12:37:33.193 E/AndroidRuntime(14887): 	at com.evancharlton.mileage.VehicleStatisticsActivity.setAdapter(VehicleStatisticsActivity.java:200)
06-05 12:37:33.193 E/AndroidRuntime(14887): 	at com.evancharlton.mileage.VehicleStatisticsActivity.recalculate(VehicleStatisticsActivity.java:175)
06-05 12:37:33.193 E/AndroidRuntime(14887): 	at com.evancharlton.mileage.VehicleStatisticsActivity.onCreate(VehicleStatisticsActivity.java:131)
06-05 12:37:33.193 E/AndroidRuntime(14887): 	at android.app.Activity.performCreate(Activity.java:6662)
06-05 12:37:33.193 E/AndroidRuntime(14887): 	at android.app.Instrumentation.callActivityOnCreate(Instrumentation.java:1118)
06-05 12:37:33.193 E/AndroidRuntime(14887): 	at android.app.ActivityThread.performLaunchActivity(ActivityThread.java:2599)
06-05 12:37:33.193 E/AndroidRuntime(14887): 	... 16 more
06-05 12:37:33.194 I/Process (14887): Sending signal. PID: 14887 SIG: 9
06-05 12:37:33.248 V/PhoneStatusBar( 1792): setLightsOn(true)
06-05 12:37:33.257 I/WindowManager( 1659): WIN DEATH: Window{5112d50 u0 com.evancharlton.mileage/com.evancharlton.mileage.Mileage}
06-05 12:37:33.257 I/WindowManager( 1659): Destroying surface Surface(name=com.evancharlton.mileage/com.evancharlton.mileage.Mileage) called by com.android.server.wm.WindowStateAnimator.destroySurface:2016 com.android.server.wm.WindowStateAnimator.destroySurfaceLocked:882 com.android.server.wm.WindowState.removeLocked:1456 com.android.server.wm.WindowManagerService.removeWindowInnerLocked:2484 com.android.server.wm.WindowManagerService.removeWindowLocked:2442 com.android.server.wm.WindowState$DeathRecipient.binderDied:1787 android.os.BinderProxy.sendDeathNotice:688 <bottom of call stack> 
06-05 12:37:33.259 V/PhoneStatusBar( 1792): setLightsOn(true)
06-05 12:37:33.260 I/ActivityManager( 1659): Process com.evancharlton.mileage (pid 14887) has died
06-05 12:37:33.260 D/ActivityManager( 1659): cleanUpApplicationRecord -- 14887
06-05 12:37:33.260 W/ActivityManager( 1659): Scheduling restart of crashed service com.evancharlton.mileage/.services.AutomaticBackupService in 1000ms
06-05 12:37:33.261 W/ActivityManager( 1659): Force removing ActivityRecord{d67c20 u0 com.evancharlton.mileage/.Mileage t143}: app died, no saved state
06-05 12:37:33.271 W/ActivityManager( 1659): Crash of app com.evancharlton.mileage running instrumentation ComponentInfo{com.evancharlton.mileage.test/sh.calaba.instrumentationbackend.CalabashInstrumentationTestRunner}
06-05 12:37:33.271 I/ActivityManager( 1659): Force stopping com.evancharlton.mileage appid=10082 user=0: finished inst
06-05 12:37:33.272 I/ActivityManager( 1659):   Force stopping service ServiceRecord{a1d6dbd u0 com.evancharlton.mileage/.services.AutomaticBackupService}
