--------- beginning of main
06-05 15:50:13.276 D/EGL_emulation( 1712): eglMakeCurrent: 0xb4085540: ver 2 0 (tinfo 0xb4083740)
06-05 15:50:13.279 D/EGL_emulation( 1712): eglMakeCurrent: 0xb4085540: ver 2 0 (tinfo 0xb4083740)
06-05 15:50:13.293 D/EGL_emulation( 1712): eglMakeCurrent: 0xb4085540: ver 2 0 (tinfo 0xb4083740)
06-05 15:50:13.295 D/EGL_emulation( 1712): eglMakeCurrent: 0xb4085540: ver 2 0 (tinfo 0xb4083740)
06-05 15:50:13.310 D/EGL_emulation( 1712): eglMakeCurrent: 0xb4085540: ver 2 0 (tinfo 0xb4083740)
06-05 15:50:13.311 D/EGL_emulation( 1712): eglMakeCurrent: 0xb4085540: ver 2 0 (tinfo 0xb4083740)
06-05 15:50:13.326 D/EGL_emulation( 1712): eglMakeCurrent: 0xb4085540: ver 2 0 (tinfo 0xb4083740)
06-05 15:50:13.328 D/EGL_emulation( 1712): eglMakeCurrent: 0xb4085540: ver 2 0 (tinfo 0xb4083740)
06-05 15:50:13.343 D/EGL_emulation( 1712): eglMakeCurrent: 0xb4085540: ver 2 0 (tinfo 0xb4083740)
06-05 15:50:13.345 D/EGL_emulation( 1712): eglMakeCurrent: 0xb4085540: ver 2 0 (tinfo 0xb4083740)
06-05 15:50:13.360 D/EGL_emulation( 1712): eglMakeCurrent: 0xb4085540: ver 2 0 (tinfo 0xb4083740)
06-05 15:50:13.363 D/EGL_emulation( 1712): eglMakeCurrent: 0xb4085540: ver 2 0 (tinfo 0xb4083740)
06-05 15:50:13.376 D/EGL_emulation( 1712): eglMakeCurrent: 0xb4085540: ver 2 0 (tinfo 0xb4083740)
06-05 15:50:13.378 D/EGL_emulation( 1712): eglMakeCurrent: 0xb4085540: ver 2 0 (tinfo 0xb4083740)
06-05 15:50:13.393 D/EGL_emulation( 1712): eglMakeCurrent: 0xb4085540: ver 2 0 (tinfo 0xb4083740)
06-05 15:50:13.394 D/EGL_emulation( 1712): eglMakeCurrent: 0xb4085540: ver 2 0 (tinfo 0xb4083740)
06-05 15:50:13.409 D/EGL_emulation( 1712): eglMakeCurrent: 0xb4085540: ver 2 0 (tinfo 0xb4083740)
06-05 15:50:13.411 D/EGL_emulation( 1712): eglMakeCurrent: 0xb4085540: ver 2 0 (tinfo 0xb4083740)
06-05 15:50:13.426 D/EGL_emulation( 1712): eglMakeCurrent: 0xb4085540: ver 2 0 (tinfo 0xb4083740)
06-05 15:50:13.428 D/EGL_emulation( 1712): eglMakeCurrent: 0xb4085540: ver 2 0 (tinfo 0xb4083740)
06-05 15:50:13.436 D/AndroidRuntime(18297): >>>>>> START com.android.internal.os.RuntimeInit uid 2000 <<<<<<
06-05 15:50:13.437 D/AndroidRuntime(18297): CheckJNI is ON
06-05 15:50:13.444 D/EGL_emulation( 1712): eglMakeCurrent: 0xb4085540: ver 2 0 (tinfo 0xb4083740)
06-05 15:50:13.448 W/art     (18297): Unexpected CPU variant for X86 using defaults: x86
06-05 15:50:13.451 D/ICU     (18297): No timezone override file found: /data/misc/zoneinfo/current/icu/icu_tzdata.dat
06-05 15:50:13.459 E/memtrack(18297): Couldn't load memtrack module (No such file or directory)
06-05 15:50:13.459 E/android.os.Debug(18297): failed to load memtrack module: -2
06-05 15:50:13.460 D/EGL_emulation( 1712): eglMakeCurrent: 0xb4085540: ver 2 0 (tinfo 0xb4083740)
06-05 15:50:13.460 I/Radio-JNI(18297): register_android_hardware_Radio DONE
06-05 15:50:13.462 D/EGL_emulation( 1712): eglMakeCurrent: 0xb4085540: ver 2 0 (tinfo 0xb4083740)
06-05 15:50:13.466 D/AndroidRuntime(18297): Calling main entry com.android.commands.am.Am
--------- beginning of system
06-05 15:50:13.467 I/ActivityManager( 1630): Force stopping com.evancharlton.mileage appid=10086 user=0: start instr
06-05 15:50:13.470 I/art     (18307): Not late-enabling -Xcheck:jni (already on)
06-05 15:50:13.470 W/art     (18307): Unexpected CPU variant for X86 using defaults: x86
06-05 15:50:13.477 I/ActivityManager( 1630): Start proc 18307:com.evancharlton.mileage/u0a86 for added application com.evancharlton.mileage
06-05 15:50:13.478 D/AndroidRuntime(18297): Shutting down VM
06-05 15:50:13.483 W/System  (18307): ClassLoader referenced unknown path: /data/app/com.evancharlton.mileage.test-1/lib/x86
06-05 15:50:13.483 W/System  (18307): ClassLoader referenced unknown path: /data/app/com.evancharlton.mileage-1/lib/x86
06-05 15:50:13.485 W/System  (18307): ClassLoader referenced unknown path: 
06-05 15:50:13.490 I/System.out(18307): Main activity name automatically set to: com.evancharlton.mileage.Mileage
06-05 15:50:13.490 I/System.out(18307): Calabash did not load Mono. This is only a problem if you are trying to test a Mono application
06-05 15:50:13.490 I/calabash(18307): Test server port: 7102
06-05 15:50:13.491 I/InstrumentationBackend(18307): Added:'GetPreferences', with key:'get_preferences'
06-05 15:50:13.496 I/InstrumentationBackend(18307): Added:'SetPreferences', with key:'set_preferences'
06-05 15:50:13.496 I/InstrumentationBackend(18307): Added:'ClearPreferences', with key:'clear_preferences'
06-05 15:50:13.496 I/InstrumentationBackend(18307): Added:'PressElement', with key:'press_l10n_element'
06-05 15:50:13.496 I/InstrumentationBackend(18307): Added:'WaitForElement', with key:'wait_for_l10n_element'
06-05 15:50:13.496 I/InstrumentationBackend(18307): Added:'NullAction', with key:'nullAction'
06-05 15:50:13.496 I/InstrumentationBackend(18307): Added:'PressKey', with key:'press_key'
06-05 15:50:13.497 I/InstrumentationBackend(18307): Added:'SetActivityOrientation', with key:'set_activity_orientation'
06-05 15:50:13.497 I/InstrumentationBackend(18307): Added:'GetActivityOrientation', with key:'get_activity_orientation'
06-05 15:50:13.497 I/InstrumentationBackend(18307): Added:'FakeGPSLocation', with key:'set_gps_coordinates'
06-05 15:50:13.497 I/InstrumentationBackend(18307): Added:'SetPropertyByCssSelector', with key:'set_property_by_css_selector'
06-05 15:50:13.497 I/InstrumentationBackend(18307): Added:'GetUrl', with key:'get_url'
06-05 15:50:13.497 I/InstrumentationBackend(18307): Added:'ScrollTo', with key:'scroll_to'
06-05 15:50:13.497 I/InstrumentationBackend(18307): Added:'GetLoadProgress', with key:'get_load_progress'
06-05 15:50:13.497 I/InstrumentationBackend(18307): Added:'DumpHtml', with key:'dump_html'
06-05 15:50:13.497 I/InstrumentationBackend(18307): Added:'DumpBodyHtml', with key:'dump_body_html'
06-05 15:50:13.497 I/InstrumentationBackend(18307): Added:'EnterTextByCssSelector', with key:'enter_text_by_selector'
06-05 15:50:13.497 I/InstrumentationBackend(18307): Added:'AndroidSDKVersion', with key:'android_sdk_version'
06-05 15:50:13.497 I/InstrumentationBackend(18307): Added:'Version', with key:'version'
06-05 15:50:13.497 I/InstrumentationBackend(18307): Added:'Drag', with key:'drag'
06-05 15:50:13.497 I/InstrumentationBackend(18307): Added:'TouchCoordinates', with key:'touch_coordinate'
06-05 15:50:13.497 I/InstrumentationBackend(18307): Added:'LongPressCoordinate', with key:'long_press_coordinate'
06-05 15:50:13.498 I/InstrumentationBackend(18307): Added:'DragCoordinates', with key:'drag_coordinates'
06-05 15:50:13.498 I/InstrumentationBackend(18307): Added:'ResumeApplication', with key:'resume_application'
06-05 15:50:13.498 I/InstrumentationBackend(18307): Added:'Swipe', with key:'swipe'
06-05 15:50:13.498 I/InstrumentationBackend(18307): Added:'DoubleTapCoordinate', with key:'double_tap_coordinate'
06-05 15:50:13.498 I/InstrumentationBackend(18307): Added:'ClickOnScreen', with key:'click_on_screen'
06-05 15:50:13.498 I/InstrumentationBackend(18307): Added:'GetActivityName', with key:'get_activity_name'
06-05 15:50:13.498 I/InstrumentationBackend(18307): Added:'ScrollToView', with key:'scroll_to_view'
06-05 15:50:13.498 I/InstrumentationBackend(18307): Added:'ViewConfiguration', with key:'view_configuration'
06-05 15:50:13.498 I/InstrumentationBackend(18307): Added:'IsCurrentActivityFocused', with key:'is_current_activity_focused'
06-05 15:50:13.498 I/InstrumentationBackend(18307): Added:'SendTcp', with key:'send_tcp'
06-05 15:50:13.498 I/InstrumentationBackend(18307): Added:'DpToDevicePixel', with key:'dp_to_device_pixel'
06-05 15:50:13.498 I/InstrumentationBackend(18307): Added:'KeyboardEnterText', with key:'keyboard_enter_text'
06-05 15:50:13.498 I/InstrumentationBackend(18307): Added:'DeleteSurroundingText', with key:'delete_surrounding_text'
06-05 15:50:13.498 I/InstrumentationBackend(18307): Added:'SetComposingRegion', with key:'set_composing_region'
06-05 15:50:13.498 I/InstrumentationBackend(18307): Added:'SetSelection', with key:'set_selection'
06-05 15:50:13.498 I/InstrumentationBackend(18307): Added:'KeyboardKeyEvent', with key:'keyboard_key_event'
06-05 15:50:13.498 I/InstrumentationBackend(18307): Added:'PressUserActionButton', with key:'press_user_action_button'
06-05 15:50:13.498 I/InstrumentationBackend(18307): Added:'HideSoftKeyboard', with key:'hide_soft_keyboard'
06-05 15:50:13.498 I/InstrumentationBackend(18307): Added:'ListActions', with key:'list_actions'
06-05 15:50:13.498 I/calabash(18307): Instantiating http server at 7102
06-05 15:50:13.499 I/System.out(18307): HTTP Daemon listening on: 7102
06-05 15:50:13.588 I/System.out(18307): URI: //ping
06-05 15:50:13.588 I/System.out(18307): params: {json={}
06-05 15:50:13.588 I/System.out(18307): }
06-05 15:50:13.591 I/System.out(18307): URI: //ping
06-05 15:50:13.591 I/System.out(18307): params: {json={}
06-05 15:50:13.591 I/System.out(18307): }
06-05 15:50:13.593 I/System.out(18307): URI: //ready
06-05 15:50:13.593 I/System.out(18307): params: {json={}
06-05 15:50:13.593 I/System.out(18307): }
06-05 15:50:13.595 I/System.out(18307): URI: //
06-05 15:50:13.595 I/System.out(18307): params: {json={"command":"version","arguments":[]}
06-05 15:50:13.595 I/System.out(18307): }
06-05 15:50:13.595 I/System.out(18307): header: {content-type=application/json;charset=utf-8, date=Fri, 05 Jun 2020 20:50:14 GMT, accept=*/*, host=127.0.0.1:34784, content-length=36, user-agent=HTTPClient/1.0 (2.8.3, ruby 2.5.1 (2018-03-29))}
06-05 15:50:13.595 I/System.out(18307): params: {json={"command":"version","arguments":[]}
06-05 15:50:13.595 I/System.out(18307): }
06-05 15:50:13.595 I/System.out(18307): ProP json = {"command":"version","arguments":[]}
06-05 15:50:13.595 I/System.out(18307): files: {}
06-05 15:50:13.595 I/System.out(18307): command: {"command":"version","arguments":[]}
06-05 15:50:13.599 I/InstrumentationBackend(18307): Got command:'Command:'Line:null,version', arguments:'[]'
06-05 15:50:13.605 I/System.out(18307): result:{"bonusInformation":[],"message":"0.9.8","success":true}
06-05 15:50:13.613 I/System.out(18307): URI: //start-application
06-05 15:50:13.613 I/System.out(18307): params: {json={"intent":null}
06-05 15:50:13.613 I/System.out(18307): }
06-05 15:50:13.623 I/ActivityManager( 1630): START u0 {act=android.intent.action.MAIN cat=[android.intent.category.LAUNCHER] flg=0x10200000 cmp=com.evancharlton.mileage/.Mileage} from uid 10086 on display 0
06-05 15:50:13.627 I/calabash(18307): newActivity1
06-05 15:50:13.636 I/calabash(18307): newActivity1
06-05 15:50:13.637 W/ActivityManager( 1630): Bad activity token: android.os.BinderProxy@21ac012
06-05 15:50:13.637 W/ActivityManager( 1630): java.lang.ClassCastException: android.os.BinderProxy cannot be cast to com.android.server.am.ActivityRecord$Token
06-05 15:50:13.637 W/ActivityManager( 1630): 	at com.android.server.am.ActivityRecord.forTokenLocked(ActivityRecord.java:586)
06-05 15:50:13.637 W/ActivityManager( 1630): 	at com.android.server.am.ActivityRecord.isInStackLocked(ActivityRecord.java:1327)
06-05 15:50:13.637 W/ActivityManager( 1630): 	at com.android.server.am.ActivityRecord.getStackLocked(ActivityRecord.java:1332)
06-05 15:50:13.637 W/ActivityManager( 1630): 	at com.android.server.am.ActivityManagerService.getActivityDisplayId(ActivityManagerService.java:9806)
06-05 15:50:13.637 W/ActivityManager( 1630): 	at android.app.ActivityManagerNative.onTransact(ActivityManagerNative.java:2566)
06-05 15:50:13.637 W/ActivityManager( 1630): 	at com.android.server.am.ActivityManagerService.onTransact(ActivityManagerService.java:2757)
06-05 15:50:13.637 W/ActivityManager( 1630): 	at android.os.Binder.execTransact(Binder.java:565)
06-05 15:50:13.638 W/ActivityManager( 1630): Bad activity token: android.os.BinderProxy@21ac012
06-05 15:50:13.638 W/ActivityManager( 1630): java.lang.ClassCastException: android.os.BinderProxy cannot be cast to com.android.server.am.ActivityRecord$Token
06-05 15:50:13.638 W/ActivityManager( 1630): 	at com.android.server.am.ActivityRecord.forTokenLocked(ActivityRecord.java:586)
06-05 15:50:13.638 W/ActivityManager( 1630): 	at com.android.server.am.ActivityRecord.isInStackLocked(ActivityRecord.java:1327)
06-05 15:50:13.638 W/ActivityManager( 1630): 	at com.android.server.am.ActivityManagerService.setTaskDescription(ActivityManagerService.java:9358)
06-05 15:50:13.638 W/ActivityManager( 1630): 	at android.app.ActivityManagerNative.onTransact(ActivityManagerNative.java:2639)
06-05 15:50:13.638 W/ActivityManager( 1630): 	at com.android.server.am.ActivityManagerService.onTransact(ActivityManagerService.java:2757)
06-05 15:50:13.638 W/ActivityManager( 1630): 	at android.os.Binder.execTransact(Binder.java:565)
06-05 15:50:13.639 W/ActivityManager( 1630): Bad activity token: android.os.BinderProxy@21ac012
06-05 15:50:13.639 W/ActivityManager( 1630): java.lang.ClassCastException: android.os.BinderProxy cannot be cast to com.android.server.am.ActivityRecord$Token
06-05 15:50:13.639 W/ActivityManager( 1630): 	at com.android.server.am.ActivityRecord.forTokenLocked(ActivityRecord.java:586)
06-05 15:50:13.639 W/ActivityManager( 1630): 	at com.android.server.am.ActivityRecord.isInStackLocked(ActivityRecord.java:1327)
06-05 15:50:13.639 W/ActivityManager( 1630): 	at com.android.server.am.ActivityRecord.getStackLocked(ActivityRecord.java:1332)
06-05 15:50:13.639 W/ActivityManager( 1630): 	at com.android.server.am.ActivityManagerService.getActivityStackId(ActivityManagerService.java:9817)
06-05 15:50:13.639 W/ActivityManager( 1630): 	at android.app.ActivityManagerNative.onTransact(ActivityManagerNative.java:2856)
06-05 15:50:13.639 W/ActivityManager( 1630): 	at com.android.server.am.ActivityManagerService.onTransact(ActivityManagerService.java:2757)
06-05 15:50:13.639 W/ActivityManager( 1630): 	at android.os.Binder.execTransact(Binder.java:565)
06-05 15:50:13.659 W/ActivityManager( 1630): Bad activity token: android.os.BinderProxy@be0cb5e
06-05 15:50:13.659 W/ActivityManager( 1630): java.lang.ClassCastException: android.os.BinderProxy cannot be cast to com.android.server.am.ActivityRecord$Token
06-05 15:50:13.659 W/ActivityManager( 1630): 	at com.android.server.am.ActivityRecord.forTokenLocked(ActivityRecord.java:586)
06-05 15:50:13.659 W/ActivityManager( 1630): 	at com.android.server.am.ActivityRecord.isInStackLocked(ActivityRecord.java:1327)
06-05 15:50:13.659 W/ActivityManager( 1630): 	at com.android.server.am.ActivityManagerService.getActivityOptions(ActivityManagerService.java:12559)
06-05 15:50:13.659 W/ActivityManager( 1630): 	at android.app.ActivityManagerNative.onTransact(ActivityManagerNative.java:1933)
06-05 15:50:13.659 W/ActivityManager( 1630): 	at com.android.server.am.ActivityManagerService.onTransact(ActivityManagerService.java:2757)
06-05 15:50:13.659 W/ActivityManager( 1630): 	at android.os.Binder.execTransact(Binder.java:565)
06-05 15:50:13.659 W/ActivityManager( 1630): Bad activity token: android.os.BinderProxy@be0cb5e
06-05 15:50:13.659 W/ActivityManager( 1630): java.lang.ClassCastException: android.os.BinderProxy cannot be cast to com.android.server.am.ActivityRecord$Token
06-05 15:50:13.659 W/ActivityManager( 1630): 	at com.android.server.am.ActivityRecord.forTokenLocked(ActivityRecord.java:586)
06-05 15:50:13.659 W/ActivityManager( 1630): 	at com.android.server.am.ActivityRecord.isInStackLocked(ActivityRecord.java:1327)
06-05 15:50:13.659 W/ActivityManager( 1630): 	at com.android.server.am.ActivityManagerService.getActivityOptions(ActivityManagerService.java:12559)
06-05 15:50:13.659 W/ActivityManager( 1630): 	at android.app.ActivityManagerNative.onTransact(ActivityManagerNative.java:1933)
06-05 15:50:13.659 W/ActivityManager( 1630): 	at com.android.server.am.ActivityManagerService.onTransact(ActivityManagerService.java:2757)
06-05 15:50:13.659 W/ActivityManager( 1630): 	at android.os.Binder.execTransact(Binder.java:565)
06-05 15:50:13.661 D/gralloc_ranchu( 1346): gralloc_alloc: Creating ashmem region of size 9023488
06-05 15:50:13.697 V/PhoneStatusBar( 1712): setLightsOn(true)
06-05 15:50:13.710 D/EGL_emulation( 1712): eglMakeCurrent: 0xb4085540: ver 2 0 (tinfo 0xb4083740)
06-05 15:50:13.710 V/PhoneStatusBar( 1712): setLightsOn(true)
06-05 15:50:13.712 V/PhoneStatusBar( 1712): setLightsOn(true)
06-05 15:50:13.713 D/gralloc_ranchu( 1346): gralloc_alloc: Creating ashmem region of size 9023488
06-05 15:50:13.715 V/PhoneStatusBar( 1712): setLightsOn(true)
06-05 15:50:13.721 D/        (18307): HostConnection::get() New Host Connection established 0x97d284c0, tid 18307
06-05 15:50:13.775 D/EGL_emulation( 1712): eglMakeCurrent: 0xb4085540: ver 2 0 (tinfo 0xb4083740)
06-05 15:50:13.775 D/EGL_emulation( 2099): eglMakeCurrent: 0xb4085240: ver 2 0 (tinfo 0xb40832d0)
06-05 15:50:13.779 D/EGL_emulation( 1712): eglMakeCurrent: 0xb4085540: ver 2 0 (tinfo 0xb4083740)
06-05 15:50:13.781 D/EGL_emulation( 1712): eglMakeCurrent: 0xb4085540: ver 2 0 (tinfo 0xb4083740)
06-05 15:50:13.783 D/EGL_emulation( 1712): eglMakeCurrent: 0xb4085540: ver 2 0 (tinfo 0xb4083740)
06-05 15:50:13.798 D/EGL_emulation( 1712): eglMakeCurrent: 0xb4085540: ver 2 0 (tinfo 0xb4083740)
06-05 15:50:13.800 D/EGL_emulation( 1712): eglMakeCurrent: 0xb4085540: ver 2 0 (tinfo 0xb4083740)
06-05 15:50:13.800 V/PhoneStatusBar( 1712): setLightsOn(true)
06-05 15:50:13.810 D/EGL_emulation( 1712): eglMakeCurrent: 0xb4085540: ver 2 0 (tinfo 0xb4083740)
06-05 15:50:13.811 D/EGL_emulation( 1712): eglMakeCurrent: 0xb4085540: ver 2 0 (tinfo 0xb4083740)
06-05 15:50:13.826 I/ActivityManager( 1630): Displayed com.evancharlton.mileage/.Mileage: +201ms
06-05 15:50:13.826 D/gralloc_ranchu( 1346): gralloc_alloc: Creating ashmem region of size 9023488
06-05 15:50:13.826 D/EGL_emulation( 1712): eglMakeCurrent: 0xb4085540: ver 2 0 (tinfo 0xb4083740)
06-05 15:50:13.840 D/EGL_emulation( 1712): eglMakeCurrent: 0xb4085540: ver 2 0 (tinfo 0xb4083740)
06-05 15:50:13.843 D/EGL_emulation( 1712): eglMakeCurrent: 0xb4085540: ver 2 0 (tinfo 0xb4083740)
06-05 15:50:13.853 D/EGL_emulation( 1712): eglMakeCurrent: 0xb4085540: ver 2 0 (tinfo 0xb4083740)
06-05 15:50:13.860 D/EGL_emulation( 1712): eglMakeCurrent: 0xb4085540: ver 2 0 (tinfo 0xb4083740)
06-05 15:50:13.861 D/EGL_emulation( 1712): eglMakeCurrent: 0xb4085540: ver 2 0 (tinfo 0xb4083740)
06-05 15:50:13.862 V/PhoneStatusBar( 1712): setLightsOn(true)
06-05 15:50:13.876 D/EGL_emulation( 1712): eglMakeCurrent: 0xb4085540: ver 2 0 (tinfo 0xb4083740)
06-05 15:50:13.878 D/EGL_emulation( 1712): eglMakeCurrent: 0xb4085540: ver 2 0 (tinfo 0xb4083740)
06-05 15:50:13.883 I/System.out(18307): URI: //map
06-05 15:50:13.883 I/System.out(18307): params: {json={"query":"* marked:'Statistics'","operation":{"method_name":"query","arguments":[]}}
06-05 15:50:13.883 I/System.out(18307): }
06-05 15:50:13.893 D/EGL_emulation( 1712): eglMakeCurrent: 0xb4085540: ver 2 0 (tinfo 0xb4083740)
06-05 15:50:13.894 D/EGL_emulation( 1712): eglMakeCurrent: 0xb4085540: ver 2 0 (tinfo 0xb4083740)
06-05 15:50:13.895 W/ResourceType(18307): No package identifier when getting name for resource number 0x00000001
06-05 15:50:13.910 D/EGL_emulation( 1712): eglMakeCurrent: 0xb4085540: ver 2 0 (tinfo 0xb4083740)
06-05 15:50:13.910 I/System.out(18307): URI: //gesture
06-05 15:50:13.910 I/System.out(18307): params: {json={"query_timeout":5.0,"gestures":[{"query_string":"* marked:'Statistics'","touches":[{"x":50,"y":50,"offset_x":0,"offset_y":0,"wait":0.0,"time":0.2,"release":true,"query_string":null}]}]}
06-05 15:50:13.910 I/System.out(18307): }
06-05 15:50:13.911 D/EGL_emulation( 1712): eglMakeCurrent: 0xb4085540: ver 2 0 (tinfo 0xb4083740)
06-05 15:50:13.916 W/ResourceType(18307): No package identifier when getting name for resource number 0x00000001
06-05 15:50:13.926 D/EGL_emulation( 1712): eglMakeCurrent: 0xb4085540: ver 2 0 (tinfo 0xb4083740)
06-05 15:50:13.934 D/EGL_emulation( 1712): eglMakeCurrent: 0xb4085540: ver 2 0 (tinfo 0xb4083740)
06-05 15:50:13.944 D/EGL_emulation( 1712): eglMakeCurrent: 0xb4085540: ver 2 0 (tinfo 0xb4083740)
06-05 15:50:14.027 I/WindowManager( 1630): Destroying surface Surface(name=Starting com.evancharlton.mileage) called by com.android.server.wm.WindowStateAnimator.destroySurface:2016 com.android.server.wm.WindowStateAnimator.destroySurfaceLocked:882 com.android.server.wm.WindowState.destroyOrSaveSurface:2100 com.android.server.wm.AppWindowToken.destroySurfaces:363 com.android.server.wm.WindowStateAnimator.finishExit:565 com.android.server.wm.WindowStateAnimator.stepAnimationLocked:491 com.android.server.wm.WindowAnimator.updateWindowsLocked:303 com.android.server.wm.WindowAnimator.animateLocked:704 
06-05 15:50:14.031 V/PhoneStatusBar( 1712): setLightsOn(true)
06-05 15:50:14.061 V/PhoneStatusBar( 1712): setLightsOn(true)
06-05 15:50:14.147 I/calabash(18307): newActivity1
06-05 15:50:14.171 I/System.out(18307): URI: //map
06-05 15:50:14.171 I/System.out(18307): params: {json={"query":"android.widget.ScrollView index:0","operation":{"method_name":"query","arguments":[]}}
06-05 15:50:14.171 I/System.out(18307): }
06-05 15:50:14.177 V/PhoneStatusBar( 1712): setLightsOn(true)
06-05 15:50:14.177 W/ActivityManager( 1630): Bad activity token: android.os.BinderProxy@925e1c5
06-05 15:50:14.177 W/ActivityManager( 1630): java.lang.ClassCastException: android.os.BinderProxy cannot be cast to com.android.server.am.ActivityRecord$Token
06-05 15:50:14.177 W/ActivityManager( 1630): 	at com.android.server.am.ActivityRecord.forTokenLocked(ActivityRecord.java:586)
06-05 15:50:14.177 W/ActivityManager( 1630): 	at com.android.server.am.ActivityRecord.isInStackLocked(ActivityRecord.java:1327)
06-05 15:50:14.177 W/ActivityManager( 1630): 	at com.android.server.am.ActivityRecord.getStackLocked(ActivityRecord.java:1332)
06-05 15:50:14.177 W/ActivityManager( 1630): 	at com.android.server.am.ActivityManagerService.getActivityDisplayId(ActivityManagerService.java:9806)
06-05 15:50:14.177 W/ActivityManager( 1630): 	at android.app.ActivityManagerNative.onTransact(ActivityManagerNative.java:2566)
06-05 15:50:14.177 W/ActivityManager( 1630): 	at com.android.server.am.ActivityManagerService.onTransact(ActivityManagerService.java:2757)
06-05 15:50:14.177 W/ActivityManager( 1630): 	at android.os.Binder.execTransact(Binder.java:565)
06-05 15:50:14.179 W/ActivityManager( 1630): Bad activity token: android.os.BinderProxy@925e1c5
06-05 15:50:14.179 W/ActivityManager( 1630): java.lang.ClassCastException: android.os.BinderProxy cannot be cast to com.android.server.am.ActivityRecord$Token
06-05 15:50:14.179 W/ActivityManager( 1630): 	at com.android.server.am.ActivityRecord.forTokenLocked(ActivityRecord.java:586)
06-05 15:50:14.179 W/ActivityManager( 1630): 	at com.android.server.am.ActivityRecord.isInStackLocked(ActivityRecord.java:1327)
06-05 15:50:14.179 W/ActivityManager( 1630): 	at com.android.server.am.ActivityManagerService.setTaskDescription(ActivityManagerService.java:9358)
06-05 15:50:14.179 W/ActivityManager( 1630): 	at android.app.ActivityManagerNative.onTransact(ActivityManagerNative.java:2639)
06-05 15:50:14.179 W/ActivityManager( 1630): 	at com.android.server.am.ActivityManagerService.onTransact(ActivityManagerService.java:2757)
06-05 15:50:14.179 W/ActivityManager( 1630): 	at android.os.Binder.execTransact(Binder.java:565)
06-05 15:50:14.180 W/ActivityManager( 1630): Bad activity token: android.os.BinderProxy@925e1c5
06-05 15:50:14.180 W/ActivityManager( 1630): java.lang.ClassCastException: android.os.BinderProxy cannot be cast to com.android.server.am.ActivityRecord$Token
06-05 15:50:14.180 W/ActivityManager( 1630): 	at com.android.server.am.ActivityRecord.forTokenLocked(ActivityRecord.java:586)
06-05 15:50:14.180 W/ActivityManager( 1630): 	at com.android.server.am.ActivityRecord.isInStackLocked(ActivityRecord.java:1327)
06-05 15:50:14.180 W/ActivityManager( 1630): 	at com.android.server.am.ActivityRecord.getStackLocked(ActivityRecord.java:1332)
06-05 15:50:14.180 W/ActivityManager( 1630): 	at com.android.server.am.ActivityManagerService.getActivityStackId(ActivityManagerService.java:9817)
06-05 15:50:14.180 W/ActivityManager( 1630): 	at android.app.ActivityManagerNative.onTransact(ActivityManagerNative.java:2856)
06-05 15:50:14.180 W/ActivityManager( 1630): 	at com.android.server.am.ActivityManagerService.onTransact(ActivityManagerService.java:2757)
06-05 15:50:14.180 W/ActivityManager( 1630): 	at android.os.Binder.execTransact(Binder.java:565)
06-05 15:50:14.191 D/VehicleStatisticsActivity(18307): Checking recalculation ...
06-05 15:50:14.192 D/VehicleStatisticsActivity(18307): Recalculating statistics
06-05 15:50:14.193 D/VehicleStatisticsTask(18307): Calculation starting...
06-05 15:50:14.193 D/VehicleStatisticsActivity(18307): Recalculation started!
06-05 15:50:14.194 W/ResourceType(18307): No package identifier when getting value for resource number 0x00000000
06-05 15:50:14.194 D/AndroidRuntime(18307): Shutting down VM
--------- beginning of crash
06-05 15:50:14.195 E/AndroidRuntime(18307): FATAL EXCEPTION: main
06-05 15:50:14.195 E/AndroidRuntime(18307): Process: com.evancharlton.mileage, PID: 18307
06-05 15:50:14.195 E/AndroidRuntime(18307): java.lang.RuntimeException: Unable to start activity ComponentInfo{com.evancharlton.mileage/com.evancharlton.mileage.VehicleStatisticsActivity}: android.content.res.Resources$NotFoundException: String resource ID #0x0
06-05 15:50:14.195 E/AndroidRuntime(18307): 	at android.app.ActivityThread.performLaunchActivity(ActivityThread.java:2646)
06-05 15:50:14.195 E/AndroidRuntime(18307): 	at android.app.ActivityThread.startActivityNow(ActivityThread.java:2446)
06-05 15:50:14.195 E/AndroidRuntime(18307): 	at android.app.LocalActivityManager.moveToState(LocalActivityManager.java:136)
06-05 15:50:14.195 E/AndroidRuntime(18307): 	at android.app.LocalActivityManager.startActivity(LocalActivityManager.java:348)
06-05 15:50:14.195 E/AndroidRuntime(18307): 	at android.widget.TabHost$IntentContentStrategy.getContentView(TabHost.java:724)
06-05 15:50:14.195 E/AndroidRuntime(18307): 	at android.widget.TabHost.setCurrentTab(TabHost.java:388)
06-05 15:50:14.195 E/AndroidRuntime(18307): 	at android.widget.TabHost$2.onTabSelectionChanged(TabHost.java:158)
06-05 15:50:14.195 E/AndroidRuntime(18307): 	at android.widget.TabWidget$TabClickListener.onClick(TabWidget.java:532)
06-05 15:50:14.195 E/AndroidRuntime(18307): 	at android.view.View.performClick(View.java:5610)
06-05 15:50:14.195 E/AndroidRuntime(18307): 	at android.view.View$PerformClick.run(View.java:22265)
06-05 15:50:14.195 E/AndroidRuntime(18307): 	at android.os.Handler.handleCallback(Handler.java:751)
06-05 15:50:14.195 E/AndroidRuntime(18307): 	at android.os.Handler.dispatchMessage(Handler.java:95)
06-05 15:50:14.195 E/AndroidRuntime(18307): 	at android.os.Looper.loop(Looper.java:154)
06-05 15:50:14.195 E/AndroidRuntime(18307): 	at android.app.ActivityThread.main(ActivityThread.java:6077)
06-05 15:50:14.195 E/AndroidRuntime(18307): 	at java.lang.reflect.Method.invoke(Native Method)
06-05 15:50:14.195 E/AndroidRuntime(18307): 	at com.android.internal.os.ZygoteInit$MethodAndArgsCaller.run(ZygoteInit.java:866)
06-05 15:50:14.195 E/AndroidRuntime(18307): 	at com.android.internal.os.ZygoteInit.main(ZygoteInit.java:756)
06-05 15:50:14.195 E/AndroidRuntime(18307): Caused by: android.content.res.Resources$NotFoundException: String resource ID #0x0
06-05 15:50:14.195 E/AndroidRuntime(18307): 	at android.content.res.Resources.getText(Resources.java:331)
06-05 15:50:14.195 E/AndroidRuntime(18307): 	at android.content.res.Resources.getString(Resources.java:377)
06-05 15:50:14.195 E/AndroidRuntime(18307): 	at android.content.Context.getString(Context.java:476)
06-05 15:50:14.195 E/AndroidRuntime(18307): 	at com.evancharlton.mileage.provider.Statistic.getLabel(Statistic.java:37)
06-05 15:50:14.195 E/AndroidRuntime(18307): 	at com.evancharlton.mileage.adapters.VehicleStatisticsAdapter$StatisticHolder.<init>(VehicleStatisticsAdapter.java:203)
06-05 15:50:14.195 E/AndroidRuntime(18307): 	at com.evancharlton.mileage.adapters.VehicleStatisticsAdapter.<init>(VehicleStatisticsAdapter.java:50)
06-05 15:50:14.195 E/AndroidRuntime(18307): 	at com.evancharlton.mileage.VehicleStatisticsActivity.setAdapter(VehicleStatisticsActivity.java:197)
06-05 15:50:14.195 E/AndroidRuntime(18307): 	at com.evancharlton.mileage.VehicleStatisticsActivity.recalculate(VehicleStatisticsActivity.java:175)
06-05 15:50:14.195 E/AndroidRuntime(18307): 	at com.evancharlton.mileage.VehicleStatisticsActivity.onCreate(VehicleStatisticsActivity.java:131)
06-05 15:50:14.195 E/AndroidRuntime(18307): 	at android.app.Activity.performCreate(Activity.java:6662)
06-05 15:50:14.195 E/AndroidRuntime(18307): 	at android.app.Instrumentation.callActivityOnCreate(Instrumentation.java:1118)
06-05 15:50:14.195 E/AndroidRuntime(18307): 	at android.app.ActivityThread.performLaunchActivity(ActivityThread.java:2599)
06-05 15:50:14.195 E/AndroidRuntime(18307): 	... 16 more
06-05 15:50:14.196 I/Process (18307): Sending signal. PID: 18307 SIG: 9
06-05 15:50:14.293 W/InputDispatcher( 1630): channel '3a9dcf8 com.evancharlton.mileage/com.evancharlton.mileage.Mileage (server)' ~ Consumer closed input channel or an error occurred.  events=0x9
06-05 15:50:14.293 E/InputDispatcher( 1630): channel '3a9dcf8 com.evancharlton.mileage/com.evancharlton.mileage.Mileage (server)' ~ Channel is unrecoverably broken and will be disposed!
06-05 15:50:14.294 I/ActivityManager( 1630): Process com.evancharlton.mileage (pid 18307) has died
06-05 15:50:14.294 D/ActivityManager( 1630): cleanUpApplicationRecord -- 18307
06-05 15:50:14.294 W/ActivityManager( 1630): Scheduling restart of crashed service com.evancharlton.mileage/.services.AutomaticBackupService in 1000ms
06-05 15:50:14.294 W/ActivityManager( 1630): Force removing ActivityRecord{739226b u0 com.evancharlton.mileage/.Mileage t302}: app died, no saved state
