--------- beginning of main
06-05 18:18:07.765 E/EGL_emulation( 1346): tid 1346: eglCreateSyncKHR(1901): error 0x3004 (EGL_BAD_ATTRIBUTE)
--------- beginning of system
06-05 18:18:07.777 W/ActivityManager( 1630): Finishing task with all activities already finished
06-05 18:18:07.777 W/ActivityManager( 1630): Duplicate finish request for ActivityRecord{e9d6346 u0 com.evancharlton.mileage/.Mileage t2741 f}
06-05 18:18:07.777 W/ActivityManager( 1630): Finishing task with all activities already finished
06-05 18:18:07.777 W/ActivityManager( 1630): Duplicate finish request for ActivityRecord{e9d6346 u0 com.evancharlton.mileage/.Mileage t2741 f}
06-05 18:18:07.777 W/ActivityManager( 1630): Finishing task with all activities already finished
06-05 18:18:07.777 W/ActivityManager( 1630): Duplicate finish request for ActivityRecord{e9d6346 u0 com.evancharlton.mileage/.Mileage t2741 f}
06-05 18:18:07.777 W/ActivityManager( 1630): Finishing task with all activities already finished
06-05 18:18:07.777 W/ActivityManager( 1630): Duplicate finish request for ActivityRecord{e9d6346 u0 com.evancharlton.mileage/.Mileage t2741 f}
06-05 18:18:07.810 D/EGL_emulation( 1712): eglMakeCurrent: 0xb4085540: ver 2 0 (tinfo 0xb4083740)
06-05 18:18:07.826 D/EGL_emulation( 1712): eglMakeCurrent: 0xb4085540: ver 2 0 (tinfo 0xb4083740)
06-05 18:18:07.827 D/EGL_emulation( 2099): eglMakeCurrent: 0xb4085240: ver 2 0 (tinfo 0xb40832d0)
06-05 18:18:07.860 D/EGL_emulation( 1712): eglMakeCurrent: 0xb4085540: ver 2 0 (tinfo 0xb4083740)
06-05 18:18:07.876 D/EGL_emulation( 1712): eglMakeCurrent: 0xb4085540: ver 2 0 (tinfo 0xb4083740)
06-05 18:18:07.878 D/EGL_emulation( 1712): eglMakeCurrent: 0xb4085540: ver 2 0 (tinfo 0xb4083740)
06-05 18:18:07.893 D/EGL_emulation( 1712): eglMakeCurrent: 0xb4085540: ver 2 0 (tinfo 0xb4083740)
06-05 18:18:07.895 D/EGL_emulation( 1712): eglMakeCurrent: 0xb4085540: ver 2 0 (tinfo 0xb4083740)
06-05 18:18:07.909 D/EGL_emulation( 1712): eglMakeCurrent: 0xb4085540: ver 2 0 (tinfo 0xb4083740)
06-05 18:18:07.911 D/EGL_emulation( 1712): eglMakeCurrent: 0xb4085540: ver 2 0 (tinfo 0xb4083740)
06-05 18:18:07.926 D/EGL_emulation( 1712): eglMakeCurrent: 0xb4085540: ver 2 0 (tinfo 0xb4083740)
06-05 18:18:07.927 D/EGL_emulation( 1712): eglMakeCurrent: 0xb4085540: ver 2 0 (tinfo 0xb4083740)
06-05 18:18:07.935 D/AndroidRuntime( 5541): >>>>>> START com.android.internal.os.RuntimeInit uid 2000 <<<<<<
06-05 18:18:07.936 D/AndroidRuntime( 5541): CheckJNI is ON
06-05 18:18:07.942 D/EGL_emulation( 1712): eglMakeCurrent: 0xb4085540: ver 2 0 (tinfo 0xb4083740)
06-05 18:18:07.944 D/EGL_emulation( 1712): eglMakeCurrent: 0xb4085540: ver 2 0 (tinfo 0xb4083740)
06-05 18:18:07.948 W/art     ( 5541): Unexpected CPU variant for X86 using defaults: x86
06-05 18:18:07.950 D/ICU     ( 5541): No timezone override file found: /data/misc/zoneinfo/current/icu/icu_tzdata.dat
06-05 18:18:07.959 E/memtrack( 5541): Couldn't load memtrack module (No such file or directory)
06-05 18:18:07.959 E/android.os.Debug( 5541): failed to load memtrack module: -2
06-05 18:18:07.959 D/EGL_emulation( 1712): eglMakeCurrent: 0xb4085540: ver 2 0 (tinfo 0xb4083740)
06-05 18:18:07.960 I/Radio-JNI( 5541): register_android_hardware_Radio DONE
06-05 18:18:07.961 D/EGL_emulation( 1712): eglMakeCurrent: 0xb4085540: ver 2 0 (tinfo 0xb4083740)
06-05 18:18:07.965 D/AndroidRuntime( 5541): Calling main entry com.android.commands.am.Am
06-05 18:18:07.966 I/ActivityManager( 1630): Force stopping com.evancharlton.mileage appid=10150 user=0: start instr
06-05 18:18:07.966 I/ActivityManager( 1630): Killing 5457:com.evancharlton.mileage/u0a150 (adj 0): stop com.evancharlton.mileage
06-05 18:18:07.966 D/ActivityManager( 1630): cleanUpApplicationRecord -- 5457
06-05 18:18:07.966 W/ActivityManager( 1630): Crash of app com.evancharlton.mileage running instrumentation ComponentInfo{com.evancharlton.mileage.test/sh.calaba.instrumentationbackend.CalabashInstrumentationTestRunner}
06-05 18:18:07.966 I/ActivityManager( 1630): Force stopping com.evancharlton.mileage appid=10150 user=0: finished inst
06-05 18:18:07.970 I/art     ( 5552): Not late-enabling -Xcheck:jni (already on)
06-05 18:18:07.971 W/art     ( 5552): Unexpected CPU variant for X86 using defaults: x86
06-05 18:18:07.976 D/EGL_emulation( 1712): eglMakeCurrent: 0xb4085540: ver 2 0 (tinfo 0xb4083740)
06-05 18:18:07.977 D/EGL_emulation( 1712): eglMakeCurrent: 0xb4085540: ver 2 0 (tinfo 0xb4083740)
06-05 18:18:07.977 I/ActivityManager( 1630): Start proc 5552:com.evancharlton.mileage/u0a150 for added application com.evancharlton.mileage
06-05 18:18:07.977 D/AndroidRuntime( 5541): Shutting down VM
06-05 18:18:07.983 W/System  ( 5552): ClassLoader referenced unknown path: /data/app/com.evancharlton.mileage.test-1/lib/x86
06-05 18:18:07.983 W/System  ( 5552): ClassLoader referenced unknown path: /data/app/com.evancharlton.mileage-1/lib/x86
06-05 18:18:07.985 W/System  ( 5552): ClassLoader referenced unknown path: 
06-05 18:18:07.988 I/System.out( 5552): Main activity name automatically set to: com.evancharlton.mileage.Mileage
06-05 18:18:07.989 I/System.out( 5552): Calabash did not load Mono. This is only a problem if you are trying to test a Mono application
06-05 18:18:07.989 I/calabash( 5552): Test server port: 7102
06-05 18:18:07.989 I/InstrumentationBackend( 5552): Added:'GetPreferences', with key:'get_preferences'
06-05 18:18:07.993 D/EGL_emulation( 1712): eglMakeCurrent: 0xb4085540: ver 2 0 (tinfo 0xb4083740)
06-05 18:18:07.993 I/InstrumentationBackend( 5552): Added:'SetPreferences', with key:'set_preferences'
06-05 18:18:07.993 I/InstrumentationBackend( 5552): Added:'ClearPreferences', with key:'clear_preferences'
06-05 18:18:07.993 I/InstrumentationBackend( 5552): Added:'PressElement', with key:'press_l10n_element'
06-05 18:18:07.993 I/InstrumentationBackend( 5552): Added:'WaitForElement', with key:'wait_for_l10n_element'
06-05 18:18:07.994 I/InstrumentationBackend( 5552): Added:'NullAction', with key:'nullAction'
06-05 18:18:07.994 I/InstrumentationBackend( 5552): Added:'PressKey', with key:'press_key'
06-05 18:18:07.994 I/InstrumentationBackend( 5552): Added:'SetActivityOrientation', with key:'set_activity_orientation'
06-05 18:18:07.994 I/InstrumentationBackend( 5552): Added:'GetActivityOrientation', with key:'get_activity_orientation'
06-05 18:18:07.994 I/InstrumentationBackend( 5552): Added:'FakeGPSLocation', with key:'set_gps_coordinates'
06-05 18:18:07.994 I/InstrumentationBackend( 5552): Added:'SetPropertyByCssSelector', with key:'set_property_by_css_selector'
06-05 18:18:07.994 I/InstrumentationBackend( 5552): Added:'GetUrl', with key:'get_url'
06-05 18:18:07.994 I/InstrumentationBackend( 5552): Added:'ScrollTo', with key:'scroll_to'
06-05 18:18:07.994 I/InstrumentationBackend( 5552): Added:'GetLoadProgress', with key:'get_load_progress'
06-05 18:18:07.994 D/EGL_emulation( 1712): eglMakeCurrent: 0xb4085540: ver 2 0 (tinfo 0xb4083740)
06-05 18:18:07.994 I/InstrumentationBackend( 5552): Added:'DumpHtml', with key:'dump_html'
06-05 18:18:07.994 I/InstrumentationBackend( 5552): Added:'DumpBodyHtml', with key:'dump_body_html'
06-05 18:18:07.994 I/InstrumentationBackend( 5552): Added:'EnterTextByCssSelector', with key:'enter_text_by_selector'
06-05 18:18:07.995 I/InstrumentationBackend( 5552): Added:'AndroidSDKVersion', with key:'android_sdk_version'
06-05 18:18:07.995 I/InstrumentationBackend( 5552): Added:'Version', with key:'version'
06-05 18:18:07.995 I/InstrumentationBackend( 5552): Added:'Drag', with key:'drag'
06-05 18:18:07.995 I/InstrumentationBackend( 5552): Added:'TouchCoordinates', with key:'touch_coordinate'
06-05 18:18:07.995 I/InstrumentationBackend( 5552): Added:'LongPressCoordinate', with key:'long_press_coordinate'
06-05 18:18:07.995 I/InstrumentationBackend( 5552): Added:'DragCoordinates', with key:'drag_coordinates'
06-05 18:18:07.995 I/InstrumentationBackend( 5552): Added:'ResumeApplication', with key:'resume_application'
06-05 18:18:07.995 I/InstrumentationBackend( 5552): Added:'Swipe', with key:'swipe'
06-05 18:18:07.995 I/InstrumentationBackend( 5552): Added:'DoubleTapCoordinate', with key:'double_tap_coordinate'
06-05 18:18:07.995 I/InstrumentationBackend( 5552): Added:'ClickOnScreen', with key:'click_on_screen'
06-05 18:18:07.995 I/InstrumentationBackend( 5552): Added:'GetActivityName', with key:'get_activity_name'
06-05 18:18:07.995 I/InstrumentationBackend( 5552): Added:'ScrollToView', with key:'scroll_to_view'
06-05 18:18:07.995 I/InstrumentationBackend( 5552): Added:'ViewConfiguration', with key:'view_configuration'
06-05 18:18:07.995 I/InstrumentationBackend( 5552): Added:'IsCurrentActivityFocused', with key:'is_current_activity_focused'
06-05 18:18:07.995 I/InstrumentationBackend( 5552): Added:'SendTcp', with key:'send_tcp'
06-05 18:18:07.995 I/InstrumentationBackend( 5552): Added:'DpToDevicePixel', with key:'dp_to_device_pixel'
06-05 18:18:07.995 I/InstrumentationBackend( 5552): Added:'KeyboardEnterText', with key:'keyboard_enter_text'
06-05 18:18:07.995 I/InstrumentationBackend( 5552): Added:'DeleteSurroundingText', with key:'delete_surrounding_text'
06-05 18:18:07.995 I/InstrumentationBackend( 5552): Added:'SetComposingRegion', with key:'set_composing_region'
06-05 18:18:07.995 I/InstrumentationBackend( 5552): Added:'SetSelection', with key:'set_selection'
06-05 18:18:07.995 I/InstrumentationBackend( 5552): Added:'KeyboardKeyEvent', with key:'keyboard_key_event'
06-05 18:18:07.995 I/InstrumentationBackend( 5552): Added:'PressUserActionButton', with key:'press_user_action_button'
06-05 18:18:07.996 I/InstrumentationBackend( 5552): Added:'HideSoftKeyboard', with key:'hide_soft_keyboard'
06-05 18:18:07.996 I/InstrumentationBackend( 5552): Added:'ListActions', with key:'list_actions'
06-05 18:18:07.996 I/calabash( 5552): Instantiating http server at 7102
06-05 18:18:07.996 I/System.out( 5552): HTTP Daemon listening on: 7102
06-05 18:18:08.009 D/EGL_emulation( 1712): eglMakeCurrent: 0xb4085540: ver 2 0 (tinfo 0xb4083740)
06-05 18:18:08.011 D/EGL_emulation( 1712): eglMakeCurrent: 0xb4085540: ver 2 0 (tinfo 0xb4083740)
06-05 18:18:08.013 I/WindowManager( 1630): WIN DEATH: Window{6777acd u0 com.evancharlton.mileage/com.evancharlton.mileage.Mileage EXITING}
06-05 18:18:08.029 D/EGL_emulation( 1712): eglMakeCurrent: 0xb4085540: ver 2 0 (tinfo 0xb4083740)
06-05 18:18:08.043 D/EGL_emulation( 1712): eglMakeCurrent: 0xb4085540: ver 2 0 (tinfo 0xb4083740)
06-05 18:18:08.044 D/EGL_emulation( 1712): eglMakeCurrent: 0xb4085540: ver 2 0 (tinfo 0xb4083740)
06-05 18:18:08.059 D/EGL_emulation( 1712): eglMakeCurrent: 0xb4085540: ver 2 0 (tinfo 0xb4083740)
06-05 18:18:08.061 D/EGL_emulation( 1712): eglMakeCurrent: 0xb4085540: ver 2 0 (tinfo 0xb4083740)
06-05 18:18:08.086 I/System.out( 5552): URI: //ping
06-05 18:18:08.086 I/System.out( 5552): params: {json={}
06-05 18:18:08.086 I/System.out( 5552): }
06-05 18:18:08.089 I/System.out( 5552): URI: //ping
06-05 18:18:08.089 I/System.out( 5552): params: {json={}
06-05 18:18:08.089 I/System.out( 5552): }
06-05 18:18:08.099 I/System.out( 5552): URI: //ready
06-05 18:18:08.099 I/System.out( 5552): params: {json={}
06-05 18:18:08.099 I/System.out( 5552): }
06-05 18:18:08.102 I/System.out( 5552): URI: //
06-05 18:18:08.102 I/System.out( 5552): params: {json={"command":"version","arguments":[]}
06-05 18:18:08.102 I/System.out( 5552): }
06-05 18:18:08.102 I/System.out( 5552): header: {content-type=application/json;charset=utf-8, date=Fri, 05 Jun 2020 23:18:08 GMT, accept=*/*, host=127.0.0.1:34784, content-length=36, user-agent=HTTPClient/1.0 (2.8.3, ruby 2.5.1 (2018-03-29))}
06-05 18:18:08.102 I/System.out( 5552): params: {json={"command":"version","arguments":[]}
06-05 18:18:08.102 I/System.out( 5552): }
06-05 18:18:08.102 I/System.out( 5552): ProP json = {"command":"version","arguments":[]}
06-05 18:18:08.102 I/System.out( 5552): files: {}
06-05 18:18:08.102 I/System.out( 5552): command: {"command":"version","arguments":[]}
06-05 18:18:08.106 I/InstrumentationBackend( 5552): Got command:'Command:'Line:null,version', arguments:'[]'
06-05 18:18:08.117 I/System.out( 5552): result:{"bonusInformation":[],"message":"0.9.8","success":true}
06-05 18:18:08.122 I/System.out( 5552): URI: //start-application
06-05 18:18:08.122 I/System.out( 5552): params: {json={"intent":null}
06-05 18:18:08.122 I/System.out( 5552): }
06-05 18:18:08.133 I/ActivityManager( 1630): START u0 {act=android.intent.action.MAIN cat=[android.intent.category.LAUNCHER] flg=0x10200000 cmp=com.evancharlton.mileage/.Mileage} from uid 10150 on display 0
06-05 18:18:08.140 I/calabash( 5552): newActivity1
06-05 18:18:08.151 I/calabash( 5552): newActivity1
06-05 18:18:08.153 W/ActivityManager( 1630): Bad activity token: android.os.BinderProxy@e9a8da9
06-05 18:18:08.153 W/ActivityManager( 1630): java.lang.ClassCastException: android.os.BinderProxy cannot be cast to com.android.server.am.ActivityRecord$Token
06-05 18:18:08.153 W/ActivityManager( 1630): 	at com.android.server.am.ActivityRecord.forTokenLocked(ActivityRecord.java:586)
06-05 18:18:08.153 W/ActivityManager( 1630): 	at com.android.server.am.ActivityRecord.isInStackLocked(ActivityRecord.java:1327)
06-05 18:18:08.153 W/ActivityManager( 1630): 	at com.android.server.am.ActivityRecord.getStackLocked(ActivityRecord.java:1332)
06-05 18:18:08.153 W/ActivityManager( 1630): 	at com.android.server.am.ActivityManagerService.getActivityDisplayId(ActivityManagerService.java:9806)
06-05 18:18:08.153 W/ActivityManager( 1630): 	at android.app.ActivityManagerNative.onTransact(ActivityManagerNative.java:2566)
06-05 18:18:08.153 W/ActivityManager( 1630): 	at com.android.server.am.ActivityManagerService.onTransact(ActivityManagerService.java:2757)
06-05 18:18:08.153 W/ActivityManager( 1630): 	at android.os.Binder.execTransact(Binder.java:565)
06-05 18:18:08.154 W/ActivityManager( 1630): Bad activity token: android.os.BinderProxy@e9a8da9
06-05 18:18:08.154 W/ActivityManager( 1630): java.lang.ClassCastException: android.os.BinderProxy cannot be cast to com.android.server.am.ActivityRecord$Token
06-05 18:18:08.154 W/ActivityManager( 1630): 	at com.android.server.am.ActivityRecord.forTokenLocked(ActivityRecord.java:586)
06-05 18:18:08.154 W/ActivityManager( 1630): 	at com.android.server.am.ActivityRecord.isInStackLocked(ActivityRecord.java:1327)
06-05 18:18:08.154 W/ActivityManager( 1630): 	at com.android.server.am.ActivityManagerService.setTaskDescription(ActivityManagerService.java:9358)
06-05 18:18:08.154 W/ActivityManager( 1630): 	at android.app.ActivityManagerNative.onTransact(ActivityManagerNative.java:2639)
06-05 18:18:08.154 W/ActivityManager( 1630): 	at com.android.server.am.ActivityManagerService.onTransact(ActivityManagerService.java:2757)
06-05 18:18:08.154 W/ActivityManager( 1630): 	at android.os.Binder.execTransact(Binder.java:565)
06-05 18:18:08.155 W/ActivityManager( 1630): Bad activity token: android.os.BinderProxy@e9a8da9
06-05 18:18:08.155 W/ActivityManager( 1630): java.lang.ClassCastException: android.os.BinderProxy cannot be cast to com.android.server.am.ActivityRecord$Token
06-05 18:18:08.155 W/ActivityManager( 1630): 	at com.android.server.am.ActivityRecord.forTokenLocked(ActivityRecord.java:586)
06-05 18:18:08.155 W/ActivityManager( 1630): 	at com.android.server.am.ActivityRecord.isInStackLocked(ActivityRecord.java:1327)
06-05 18:18:08.155 W/ActivityManager( 1630): 	at com.android.server.am.ActivityRecord.getStackLocked(ActivityRecord.java:1332)
06-05 18:18:08.155 W/ActivityManager( 1630): 	at com.android.server.am.ActivityManagerService.getActivityStackId(ActivityManagerService.java:9817)
06-05 18:18:08.155 W/ActivityManager( 1630): 	at android.app.ActivityManagerNative.onTransact(ActivityManagerNative.java:2856)
06-05 18:18:08.155 W/ActivityManager( 1630): 	at com.android.server.am.ActivityManagerService.onTransact(ActivityManagerService.java:2757)
06-05 18:18:08.155 W/ActivityManager( 1630): 	at android.os.Binder.execTransact(Binder.java:565)
06-05 18:18:08.159 D/gralloc_ranchu( 1346): gralloc_alloc: Creating ashmem region of size 9023488
06-05 18:18:08.182 W/ActivityManager( 1630): Bad activity token: android.os.BinderProxy@e9a8da9
06-05 18:18:08.182 W/ActivityManager( 1630): java.lang.ClassCastException: android.os.BinderProxy cannot be cast to com.android.server.am.ActivityRecord$Token
06-05 18:18:08.182 W/ActivityManager( 1630): 	at com.android.server.am.ActivityRecord.forTokenLocked(ActivityRecord.java:586)
06-05 18:18:08.182 W/ActivityManager( 1630): 	at com.android.server.am.ActivityRecord.isInStackLocked(ActivityRecord.java:1327)
06-05 18:18:08.182 W/ActivityManager( 1630): 	at com.android.server.am.ActivityManagerService.getActivityOptions(ActivityManagerService.java:12559)
06-05 18:18:08.182 W/ActivityManager( 1630): 	at android.app.ActivityManagerNative.onTransact(ActivityManagerNative.java:1933)
06-05 18:18:08.182 W/ActivityManager( 1630): 	at com.android.server.am.ActivityManagerService.onTransact(ActivityManagerService.java:2757)
06-05 18:18:08.182 W/ActivityManager( 1630): 	at android.os.Binder.execTransact(Binder.java:565)
06-05 18:18:08.183 W/ActivityManager( 1630): Bad activity token: android.os.BinderProxy@e9a8da9
06-05 18:18:08.183 W/ActivityManager( 1630): java.lang.ClassCastException: android.os.BinderProxy cannot be cast to com.android.server.am.ActivityRecord$Token
06-05 18:18:08.183 W/ActivityManager( 1630): 	at com.android.server.am.ActivityRecord.forTokenLocked(ActivityRecord.java:586)
06-05 18:18:08.183 W/ActivityManager( 1630): 	at com.android.server.am.ActivityRecord.isInStackLocked(ActivityRecord.java:1327)
06-05 18:18:08.183 W/ActivityManager( 1630): 	at com.android.server.am.ActivityManagerService.getActivityOptions(ActivityManagerService.java:12559)
06-05 18:18:08.183 W/ActivityManager( 1630): 	at android.app.ActivityManagerNative.onTransact(ActivityManagerNative.java:1933)
06-05 18:18:08.183 W/ActivityManager( 1630): 	at com.android.server.am.ActivityManagerService.onTransact(ActivityManagerService.java:2757)
06-05 18:18:08.183 W/ActivityManager( 1630): 	at android.os.Binder.execTransact(Binder.java:565)
06-05 18:18:08.196 V/PhoneStatusBar( 1712): setLightsOn(true)
06-05 18:18:08.209 D/gralloc_ranchu( 1346): gralloc_alloc: Creating ashmem region of size 9023488
06-05 18:18:08.214 D/EGL_emulation( 2099): eglMakeCurrent: 0xb4085240: ver 2 0 (tinfo 0xb40832d0)
06-05 18:18:08.214 D/EGL_emulation( 1712): eglMakeCurrent: 0xb4085540: ver 2 0 (tinfo 0xb4083740)
06-05 18:18:08.215 D/        ( 5552): HostConnection::get() New Host Connection established 0xa4c7e540, tid 5552
06-05 18:18:08.272 D/EGL_emulation( 1712): eglMakeCurrent: 0xb4085540: ver 2 0 (tinfo 0xb4083740)
06-05 18:18:08.273 I/WindowManager( 1630): Destroying surface Surface(name=com.evancharlton.mileage/com.evancharlton.mileage.Mileage) called by com.android.server.wm.WindowStateAnimator.destroySurface:2016 com.android.server.wm.WindowStateAnimator.destroySurfaceLocked:882 com.android.server.wm.WindowState.removeLocked:1456 com.android.server.wm.WindowManagerService.removeWindowInnerLocked:2484 com.android.server.wm.AppWindowToken.destroySurfaces:365 com.android.server.wm.WindowStateAnimator.finishExit:565 com.android.server.wm.AppWindowAnimator.stepAnimationLocked:427 com.android.server.wm.WindowAnimator.updateAppWindowsLocked:196 
06-05 18:18:08.275 D/EGL_emulation( 1712): eglMakeCurrent: 0xb4085540: ver 2 0 (tinfo 0xb4083740)
06-05 18:18:08.277 D/EGL_emulation( 1712): eglMakeCurrent: 0xb4085540: ver 2 0 (tinfo 0xb4083740)
06-05 18:18:08.279 D/EGL_emulation( 1712): eglMakeCurrent: 0xb4085540: ver 2 0 (tinfo 0xb4083740)
06-05 18:18:08.282 V/PhoneStatusBar( 1712): setLightsOn(true)
06-05 18:18:08.297 D/EGL_emulation( 1712): eglMakeCurrent: 0xb4085540: ver 2 0 (tinfo 0xb4083740)
06-05 18:18:08.299 D/EGL_emulation( 1712): eglMakeCurrent: 0xb4085540: ver 2 0 (tinfo 0xb4083740)
06-05 18:18:08.301 I/ActivityManager( 1630): Displayed com.evancharlton.mileage/.Mileage: +163ms
06-05 18:18:08.309 D/EGL_emulation( 1712): eglMakeCurrent: 0xb4085540: ver 2 0 (tinfo 0xb4083740)
06-05 18:18:08.309 D/gralloc_ranchu( 1346): gralloc_alloc: Creating ashmem region of size 9023488
06-05 18:18:08.323 D/EGL_emulation( 1712): eglMakeCurrent: 0xb4085540: ver 2 0 (tinfo 0xb4083740)
06-05 18:18:08.326 D/EGL_emulation( 1712): eglMakeCurrent: 0xb4085540: ver 2 0 (tinfo 0xb4083740)
06-05 18:18:08.338 D/EGL_emulation( 1712): eglMakeCurrent: 0xb4085540: ver 2 0 (tinfo 0xb4083740)
06-05 18:18:08.338 V/PhoneStatusBar( 1712): setLightsOn(true)
06-05 18:18:08.343 D/EGL_emulation( 1712): eglMakeCurrent: 0xb4085540: ver 2 0 (tinfo 0xb4083740)
06-05 18:18:08.344 D/EGL_emulation( 1712): eglMakeCurrent: 0xb4085540: ver 2 0 (tinfo 0xb4083740)
06-05 18:18:08.359 D/EGL_emulation( 1712): eglMakeCurrent: 0xb4085540: ver 2 0 (tinfo 0xb4083740)
06-05 18:18:08.361 D/EGL_emulation( 1712): eglMakeCurrent: 0xb4085540: ver 2 0 (tinfo 0xb4083740)
06-05 18:18:08.362 I/System.out( 5552): URI: //map
06-05 18:18:08.362 I/System.out( 5552): params: {json={"query":"* marked:'Statistics'","operation":{"method_name":"query","arguments":[]}}
06-05 18:18:08.362 I/System.out( 5552): }
06-05 18:18:08.376 D/EGL_emulation( 1712): eglMakeCurrent: 0xb4085540: ver 2 0 (tinfo 0xb4083740)
06-05 18:18:08.378 D/EGL_emulation( 1712): eglMakeCurrent: 0xb4085540: ver 2 0 (tinfo 0xb4083740)
06-05 18:18:08.387 W/ResourceType( 5552): No package identifier when getting name for resource number 0x00000001
06-05 18:18:08.393 D/EGL_emulation( 1712): eglMakeCurrent: 0xb4085540: ver 2 0 (tinfo 0xb4083740)
06-05 18:18:08.394 D/EGL_emulation( 1712): eglMakeCurrent: 0xb4085540: ver 2 0 (tinfo 0xb4083740)
06-05 18:18:08.405 I/System.out( 5552): URI: //gesture
06-05 18:18:08.405 I/System.out( 5552): params: {json={"query_timeout":5.0,"gestures":[{"query_string":"* marked:'Statistics'","touches":[{"x":50,"y":50,"offset_x":0,"offset_y":0,"wait":0.0,"time":0.2,"release":true,"query_string":null}]}]}
06-05 18:18:08.405 I/System.out( 5552): }
06-05 18:18:08.410 D/EGL_emulation( 1712): eglMakeCurrent: 0xb4085540: ver 2 0 (tinfo 0xb4083740)
06-05 18:18:08.412 D/EGL_emulation( 1712): eglMakeCurrent: 0xb4085540: ver 2 0 (tinfo 0xb4083740)
06-05 18:18:08.413 W/ResourceType( 5552): No package identifier when getting name for resource number 0x00000001
06-05 18:18:08.426 D/EGL_emulation( 1712): eglMakeCurrent: 0xb4085540: ver 2 0 (tinfo 0xb4083740)
06-05 18:18:08.492 I/WindowManager( 1630): Destroying surface Surface(name=Starting com.evancharlton.mileage) called by com.android.server.wm.WindowStateAnimator.destroySurface:2016 com.android.server.wm.WindowStateAnimator.destroySurfaceLocked:882 com.android.server.wm.WindowState.destroyOrSaveSurface:2100 com.android.server.wm.AppWindowToken.destroySurfaces:363 com.android.server.wm.WindowStateAnimator.finishExit:565 com.android.server.wm.WindowStateAnimator.stepAnimationLocked:491 com.android.server.wm.WindowAnimator.updateWindowsLocked:303 com.android.server.wm.WindowAnimator.animateLocked:704 
06-05 18:18:08.494 V/PhoneStatusBar( 1712): setLightsOn(true)
06-05 18:18:08.496 V/PhoneStatusBar( 1712): setLightsOn(true)
06-05 18:18:08.643 V/PhoneStatusBar( 1712): setLightsOn(true)
06-05 18:18:08.644 I/calabash( 5552): newActivity1
06-05 18:18:08.647 W/audio_hw_generic( 1395): Not supplying enough data to HAL, expected position 401246068 , only wrote 401245920
06-05 18:18:08.655 I/System.out( 5552): URI: //map
06-05 18:18:08.655 I/System.out( 5552): params: {json={"query":"android.widget.ScrollView index:0","operation":{"method_name":"query","arguments":[]}}
06-05 18:18:08.655 I/System.out( 5552): }
06-05 18:18:08.656 W/ActivityManager( 1630): Bad activity token: android.os.BinderProxy@f574edb
06-05 18:18:08.656 W/ActivityManager( 1630): java.lang.ClassCastException: android.os.BinderProxy cannot be cast to com.android.server.am.ActivityRecord$Token
06-05 18:18:08.656 W/ActivityManager( 1630): 	at com.android.server.am.ActivityRecord.forTokenLocked(ActivityRecord.java:586)
06-05 18:18:08.656 W/ActivityManager( 1630): 	at com.android.server.am.ActivityRecord.isInStackLocked(ActivityRecord.java:1327)
06-05 18:18:08.656 W/ActivityManager( 1630): 	at com.android.server.am.ActivityRecord.getStackLocked(ActivityRecord.java:1332)
06-05 18:18:08.656 W/ActivityManager( 1630): 	at com.android.server.am.ActivityManagerService.getActivityDisplayId(ActivityManagerService.java:9806)
06-05 18:18:08.656 W/ActivityManager( 1630): 	at android.app.ActivityManagerNative.onTransact(ActivityManagerNative.java:2566)
06-05 18:18:08.656 W/ActivityManager( 1630): 	at com.android.server.am.ActivityManagerService.onTransact(ActivityManagerService.java:2757)
06-05 18:18:08.656 W/ActivityManager( 1630): 	at android.os.Binder.execTransact(Binder.java:565)
06-05 18:18:08.657 W/ActivityManager( 1630): Bad activity token: android.os.BinderProxy@f574edb
06-05 18:18:08.657 W/ActivityManager( 1630): java.lang.ClassCastException: android.os.BinderProxy cannot be cast to com.android.server.am.ActivityRecord$Token
06-05 18:18:08.657 W/ActivityManager( 1630): 	at com.android.server.am.ActivityRecord.forTokenLocked(ActivityRecord.java:586)
06-05 18:18:08.657 W/ActivityManager( 1630): 	at com.android.server.am.ActivityRecord.isInStackLocked(ActivityRecord.java:1327)
06-05 18:18:08.657 W/ActivityManager( 1630): 	at com.android.server.am.ActivityManagerService.setTaskDescription(ActivityManagerService.java:9358)
06-05 18:18:08.657 W/ActivityManager( 1630): 	at android.app.ActivityManagerNative.onTransact(ActivityManagerNative.java:2639)
06-05 18:18:08.657 W/ActivityManager( 1630): 	at com.android.server.am.ActivityManagerService.onTransact(ActivityManagerService.java:2757)
06-05 18:18:08.657 W/ActivityManager( 1630): 	at android.os.Binder.execTransact(Binder.java:565)
06-05 18:18:08.657 W/ActivityManager( 1630): Bad activity token: android.os.BinderProxy@f574edb
06-05 18:18:08.657 W/ActivityManager( 1630): java.lang.ClassCastException: android.os.BinderProxy cannot be cast to com.android.server.am.ActivityRecord$Token
06-05 18:18:08.657 W/ActivityManager( 1630): 	at com.android.server.am.ActivityRecord.forTokenLocked(ActivityRecord.java:586)
06-05 18:18:08.657 W/ActivityManager( 1630): 	at com.android.server.am.ActivityRecord.isInStackLocked(ActivityRecord.java:1327)
06-05 18:18:08.657 W/ActivityManager( 1630): 	at com.android.server.am.ActivityRecord.getStackLocked(ActivityRecord.java:1332)
06-05 18:18:08.657 W/ActivityManager( 1630): 	at com.android.server.am.ActivityManagerService.getActivityStackId(ActivityManagerService.java:9817)
06-05 18:18:08.657 W/ActivityManager( 1630): 	at android.app.ActivityManagerNative.onTransact(ActivityManagerNative.java:2856)
06-05 18:18:08.657 W/ActivityManager( 1630): 	at com.android.server.am.ActivityManagerService.onTransact(ActivityManagerService.java:2757)
06-05 18:18:08.657 W/ActivityManager( 1630): 	at android.os.Binder.execTransact(Binder.java:565)
06-05 18:18:08.664 D/VehicleStatisticsActivity( 5552): Checking recalculation ...
06-05 18:18:08.665 D/VehicleStatisticsActivity( 5552): Recalculation not necessary.
06-05 18:18:08.667 W/ActivityManager( 1630): Bad activity token: android.os.BinderProxy@f574edb
06-05 18:18:08.667 W/ActivityManager( 1630): java.lang.ClassCastException: android.os.BinderProxy cannot be cast to com.android.server.am.ActivityRecord$Token
06-05 18:18:08.667 W/ActivityManager( 1630): 	at com.android.server.am.ActivityRecord.forTokenLocked(ActivityRecord.java:586)
06-05 18:18:08.667 W/ActivityManager( 1630): 	at com.android.server.am.ActivityRecord.isInStackLocked(ActivityRecord.java:1327)
06-05 18:18:08.667 W/ActivityManager( 1630): 	at com.android.server.am.ActivityManagerService.getActivityOptions(ActivityManagerService.java:12559)
06-05 18:18:08.667 W/ActivityManager( 1630): 	at android.app.ActivityManagerNative.onTransact(ActivityManagerNative.java:1933)
06-05 18:18:08.667 W/ActivityManager( 1630): 	at com.android.server.am.ActivityManagerService.onTransact(ActivityManagerService.java:2757)
06-05 18:18:08.667 W/ActivityManager( 1630): 	at android.os.Binder.execTransact(Binder.java:565)
06-05 18:18:08.667 W/ActivityManager( 1630): Bad activity token: android.os.BinderProxy@f574edb
06-05 18:18:08.667 W/ActivityManager( 1630): java.lang.ClassCastException: android.os.BinderProxy cannot be cast to com.android.server.am.ActivityRecord$Token
06-05 18:18:08.667 W/ActivityManager( 1630): 	at com.android.server.am.ActivityRecord.forTokenLocked(ActivityRecord.java:586)
06-05 18:18:08.667 W/ActivityManager( 1630): 	at com.android.server.am.ActivityRecord.isInStackLocked(ActivityRecord.java:1327)
06-05 18:18:08.667 W/ActivityManager( 1630): 	at com.android.server.am.ActivityManagerService.getActivityOptions(ActivityManagerService.java:12559)
06-05 18:18:08.667 W/ActivityManager( 1630): 	at android.app.ActivityManagerNative.onTransact(ActivityManagerNative.java:1933)
06-05 18:18:08.667 W/ActivityManager( 1630): 	at com.android.server.am.ActivityManagerService.onTransact(ActivityManagerService.java:2757)
06-05 18:18:08.667 W/ActivityManager( 1630): 	at android.os.Binder.execTransact(Binder.java:565)
06-05 18:18:08.669 D/VehicleStatisticsActivity( 5552): Checking recalculation ...
06-05 18:18:08.669 D/VehicleStatisticsActivity( 5552): Recalculation not necessary.
06-05 18:18:08.722 I/System.out( 5552): URI: //map
06-05 18:18:08.722 I/System.out( 5552): params: {json={"query":"android.widget.AbsListView index:0","operation":{"method_name":"query","arguments":[]}}
06-05 18:18:08.722 I/System.out( 5552): }
06-05 18:18:08.728 I/art     ( 5552): Do partial code cache collection, code=30KB, data=29KB
06-05 18:18:08.728 I/art     ( 5552): After code cache collection, code=29KB, data=29KB
06-05 18:18:08.728 I/art     ( 5552): Increasing code cache capacity to 128KB
06-05 18:18:08.738 I/System.out( 5552): URI: //map
06-05 18:18:08.738 I/System.out( 5552): params: {json={"query":"android.widget.AbsListView index:0","operation":{"method_name":"query","arguments":[]}}
06-05 18:18:08.738 I/System.out( 5552): }
06-05 18:18:08.758 I/System.out( 5552): URI: //map
06-05 18:18:08.758 I/System.out( 5552): params: {json={"query":"android.widget.AbsListView index:0","operation":{"method_name":"query","arguments":[]}}
06-05 18:18:08.758 I/System.out( 5552): }
06-05 18:18:08.772 I/System.out( 5552): URI: //map
06-05 18:18:08.772 I/System.out( 5552): params: {json={"query":"android.widget.AbsListView index:0","operation":{"method_name":"query","arguments":["getFirstVisiblePosition"]}}
06-05 18:18:08.772 I/System.out( 5552): }
06-05 18:18:08.785 I/System.out( 5552): URI: //map
06-05 18:18:08.785 I/System.out( 5552): params: {json={"query":"android.widget.AbsListView index:0","operation":{"method_name":"query","arguments":["getLastVisiblePosition"]}}
06-05 18:18:08.785 I/System.out( 5552): }
06-05 18:18:08.798 I/System.out( 5552): URI: //map
06-05 18:18:08.798 I/System.out( 5552): params: {json={"query":"android.widget.AbsListView index:0","operation":{"method_name":"query","arguments":[{"method_name":"setSelection","arguments":[26]}]}}
06-05 18:18:08.798 I/System.out( 5552): }
06-05 18:18:08.816 I/System.out( 5552): URI: //map
06-05 18:18:08.816 I/System.out( 5552): params: {json={"query":"* marked:'Total fuel'","operation":{"method_name":"query","arguments":[]}}
06-05 18:18:08.816 I/System.out( 5552): }
06-05 18:18:08.861 D/gralloc_ranchu( 1346): gralloc_alloc: Creating ashmem region of size 9023488
06-05 18:18:08.900 W/ResourceType( 5552): No package identifier when getting name for resource number 0x00000001
06-05 18:18:08.911 I/System.out( 5552): URI: //gesture
06-05 18:18:08.911 I/System.out( 5552): params: {json={"query_timeout":5.0,"gestures":[{"query_string":"* marked:'Total fuel'","touches":[{"x":50,"y":50,"offset_x":0,"offset_y":0,"wait":0.0,"time":0.2,"release":true,"query_string":null}]}]}
06-05 18:18:08.911 I/System.out( 5552): }
06-05 18:18:08.917 W/ResourceType( 5552): No package identifier when getting name for resource number 0x00000001
06-05 18:18:08.943 V/PhoneStatusBar( 1712): setLightsOn(true)
06-05 18:18:08.943 V/PhoneStatusBar( 1712): setLightsOn(true)
06-05 18:18:08.944 W/OpenGLRenderer( 2099): Incorrectly called buildLayer on View: ShortcutAndWidgetContainer, destroying layer...
06-05 18:18:08.959 I/WindowManager( 1630): Destroying surface Surface(name=com.android.launcher3/com.android.launcher3.Launcher) called by com.android.server.wm.WindowStateAnimator.destroySurface:2016 com.android.server.wm.WindowStateAnimator.destroySurfaceLocked:882 com.android.server.wm.WindowState.destroyOrSaveSurface:2100 com.android.server.wm.AppWindowToken.destroySurfaces:363 com.android.server.wm.AppWindowToken.notifyAppStopped:389 com.android.server.wm.WindowManagerService.notifyAppStopped:4463 com.android.server.am.ActivityStack.activityStoppedLocked:1252 com.android.server.am.ActivityManagerService.activityStopped:6903 
06-05 18:18:08.960 V/PhoneStatusBar( 1712): setLightsOn(true)
06-05 18:18:09.156 I/System.out( 5552): URI: //map
06-05 18:18:09.156 I/System.out( 5552): params: {json={"query":"* {text CONTAINS[c] 'Total fuel purchased'}","operation":{"method_name":"query","arguments":[]}}
06-05 18:18:09.156 I/System.out( 5552): }
06-05 18:18:09.212 V/PhoneStatusBar( 1712): setLightsOn(true)
06-05 18:18:09.226 V/PhoneStatusBar( 1712): setLightsOn(true)
06-05 18:18:09.242 D/gralloc_ranchu( 1346): gralloc_alloc: Creating ashmem region of size 327680
06-05 18:18:09.247 V/PhoneStatusBar( 1712): setLightsOn(true)
06-05 18:18:09.260 V/PhoneStatusBar( 1712): setLightsOn(true)
06-05 18:18:09.539 I/System.out( 5552): URI: //map
06-05 18:18:09.539 I/System.out( 5552): params: {json={"query":"* {text CONTAINS[c] 'Total fuel purchased'}","operation":{"method_name":"query","arguments":[]}}
06-05 18:18:09.539 I/System.out( 5552): }
06-05 18:18:09.776 V/PhoneStatusBar( 1712): setLightsOn(true)
06-05 18:18:09.853 I/System.out( 5552): URI: //map
06-05 18:18:09.854 I/System.out( 5552): params: {json={"query":"* {text CONTAINS[c] 'Total fuel purchased'}","operation":{"method_name":"query","arguments":[]}}
06-05 18:18:09.854 I/System.out( 5552): }
06-05 18:18:09.857 I/art     ( 5552): Do partial code cache collection, code=60KB, data=62KB
06-05 18:18:09.857 I/art     ( 5552): After code cache collection, code=59KB, data=61KB
06-05 18:18:09.857 I/art     ( 5552): Increasing code cache capacity to 256KB
06-05 18:18:10.165 I/System.out( 5552): URI: //map
06-05 18:18:10.165 I/System.out( 5552): params: {json={"query":"* {text CONTAINS[c] 'Total fuel purchased'}","operation":{"method_name":"query","arguments":[]}}
06-05 18:18:10.165 I/System.out( 5552): }
06-05 18:18:10.478 I/System.out( 5552): URI: //map
06-05 18:18:10.478 I/System.out( 5552): params: {json={"query":"* {text CONTAINS[c] 'Total fuel purchased'}","operation":{"method_name":"query","arguments":[]}}
06-05 18:18:10.478 I/System.out( 5552): }
06-05 18:18:10.821 I/System.out( 5552): URI: //map
06-05 18:18:10.821 I/System.out( 5552): params: {json={"query":"* {text CONTAINS[c] 'Total fuel purchased'}","operation":{"method_name":"query","arguments":[]}}
06-05 18:18:10.822 I/System.out( 5552): }
06-05 18:18:11.133 I/System.out( 5552): URI: //map
06-05 18:18:11.133 I/System.out( 5552): params: {json={"query":"* {text CONTAINS[c] 'Total fuel purchased'}","operation":{"method_name":"query","arguments":[]}}
06-05 18:18:11.133 I/System.out( 5552): }
06-05 18:18:11.148 V/PhoneStatusBar( 1712): setLightsOn(true)
06-05 18:18:11.453 I/System.out( 5552): URI: //map
06-05 18:18:11.453 I/System.out( 5552): params: {json={"query":"* {text CONTAINS[c] 'Total fuel purchased'}","operation":{"method_name":"query","arguments":[]}}
06-05 18:18:11.453 I/System.out( 5552): }
06-05 18:18:11.679 V/PhoneStatusBar( 1712): setLightsOn(true)
06-05 18:18:11.679 I/WindowManager( 1630): Destroying surface Surface(name=Toast) called by com.android.server.wm.WindowStateAnimator.destroySurface:2016 com.android.server.wm.WindowStateAnimator.destroySurfaceLocked:882 com.android.server.wm.WindowState.destroyOrSaveSurface:2100 com.android.server.wm.WindowSurfacePlacer.performSurfacePlacementInner:429 com.android.server.wm.WindowSurfacePlacer.performSurfacePlacementLoop:232 com.android.server.wm.WindowSurfacePlacer.performSurfacePlacement:180 com.android.server.wm.WindowManagerService$H.handleMessage:8086 android.os.Handler.dispatchMessage:102 
06-05 18:18:11.683 V/PhoneStatusBar( 1712): setLightsOn(true)
06-05 18:18:11.762 I/System.out( 5552): URI: //map
06-05 18:18:11.762 I/System.out( 5552): params: {json={"query":"* {text CONTAINS[c] 'Total fuel purchased'}","operation":{"method_name":"query","arguments":[]}}
06-05 18:18:11.762 I/System.out( 5552): }
06-05 18:18:12.076 I/System.out( 5552): URI: //map
06-05 18:18:12.076 I/System.out( 5552): params: {json={"query":"* {text CONTAINS[c] 'Total fuel purchased'}","operation":{"method_name":"query","arguments":[]}}
06-05 18:18:12.076 I/System.out( 5552): }
06-05 18:18:12.353 W/audio_hw_generic( 1395): Not supplying enough data to HAL, expected position 401599626 , only wrote 401423760
06-05 18:18:12.414 I/System.out( 5552): URI: //map
06-05 18:18:12.414 I/System.out( 5552): params: {json={"query":"* {text CONTAINS[c] 'Total fuel purchased'}","operation":{"method_name":"query","arguments":[]}}
06-05 18:18:12.414 I/System.out( 5552): }
06-05 18:18:12.750 I/System.out( 5552): URI: //map
06-05 18:18:12.750 I/System.out( 5552): params: {json={"query":"* {text CONTAINS[c] 'Total fuel purchased'}","operation":{"method_name":"query","arguments":[]}}
06-05 18:18:12.750 I/System.out( 5552): }
06-05 18:18:13.090 I/System.out( 5552): URI: //map
06-05 18:18:13.090 I/System.out( 5552): params: {json={"query":"* {text CONTAINS[c] 'Total fuel purchased'}","operation":{"method_name":"query","arguments":[]}}
06-05 18:18:13.090 I/System.out( 5552): }
06-05 18:18:13.401 I/System.out( 5552): URI: //map
06-05 18:18:13.401 I/System.out( 5552): params: {json={"query":"* {text CONTAINS[c] 'Total fuel purchased'}","operation":{"method_name":"query","arguments":[]}}
06-05 18:18:13.401 I/System.out( 5552): }
06-05 18:18:13.716 I/System.out( 5552): URI: //map
06-05 18:18:13.716 I/System.out( 5552): params: {json={"query":"* {text CONTAINS[c] 'Total fuel purchased'}","operation":{"method_name":"query","arguments":[]}}
06-05 18:18:13.716 I/System.out( 5552): }
06-05 18:18:13.779 I/art     ( 5552): Compiler allocated 7MB to compile sh.calaba.instrumentationbackend.actions.NanoHTTPD$Response sh.calaba.instrumentationbackend.actions.HttpServer.serve(java.lang.String, java.lang.String, java.util.Properties, java.util.Properties, java.util.Properties)
06-05 18:18:14.054 I/System.out( 5552): URI: //map
06-05 18:18:14.054 I/System.out( 5552): params: {json={"query":"* {text CONTAINS[c] 'Total fuel purchased'}","operation":{"method_name":"query","arguments":[]}}
06-05 18:18:14.054 I/System.out( 5552): }
06-05 18:18:14.197 V/PhoneStatusBar( 1712): setLightsOn(true)
06-05 18:18:14.370 I/System.out( 5552): URI: //map
06-05 18:18:14.370 I/System.out( 5552): params: {json={"query":"* {text CONTAINS[c] 'Total fuel purchased'}","operation":{"method_name":"query","arguments":[]}}
06-05 18:18:14.370 I/System.out( 5552): }
06-05 18:18:14.685 I/System.out( 5552): URI: //map
06-05 18:18:14.685 I/System.out( 5552): params: {json={"query":"* {text CONTAINS[c] 'Total fuel purchased'}","operation":{"method_name":"query","arguments":[]}}
06-05 18:18:14.685 I/System.out( 5552): }
06-05 18:18:15.009 I/System.out( 5552): URI: //map
06-05 18:18:15.009 I/System.out( 5552): params: {json={"query":"* {text CONTAINS[c] 'Total fuel purchased'}","operation":{"method_name":"query","arguments":[]}}
06-05 18:18:15.009 I/System.out( 5552): }
06-05 18:18:15.328 I/System.out( 5552): URI: //map
06-05 18:18:15.328 I/System.out( 5552): params: {json={"query":"* {text CONTAINS[c] 'Total fuel purchased'}","operation":{"method_name":"query","arguments":[]}}
06-05 18:18:15.328 I/System.out( 5552): }
06-05 18:18:15.640 I/System.out( 5552): URI: //map
06-05 18:18:15.640 I/System.out( 5552): params: {json={"query":"* {text CONTAINS[c] 'Total fuel purchased'}","operation":{"method_name":"query","arguments":[]}}
06-05 18:18:15.640 I/System.out( 5552): }
06-05 18:18:15.958 I/System.out( 5552): URI: //map
06-05 18:18:15.958 I/System.out( 5552): params: {json={"query":"* {text CONTAINS[c] 'Total fuel purchased'}","operation":{"method_name":"query","arguments":[]}}
06-05 18:18:15.958 I/System.out( 5552): }
06-05 18:18:16.298 I/System.out( 5552): URI: //map
06-05 18:18:16.298 I/System.out( 5552): params: {json={"query":"* {text CONTAINS[c] 'Total fuel purchased'}","operation":{"method_name":"query","arguments":[]}}
06-05 18:18:16.298 I/System.out( 5552): }
06-05 18:18:16.631 I/System.out( 5552): URI: //map
06-05 18:18:16.632 I/System.out( 5552): params: {json={"query":"* {text CONTAINS[c] 'Total fuel purchased'}","operation":{"method_name":"query","arguments":[]}}
06-05 18:18:16.632 I/System.out( 5552): }
06-05 18:18:16.944 I/System.out( 5552): URI: //map
06-05 18:18:16.944 I/System.out( 5552): params: {json={"query":"* {text CONTAINS[c] 'Total fuel purchased'}","operation":{"method_name":"query","arguments":[]}}
06-05 18:18:16.944 I/System.out( 5552): }
06-05 18:18:17.258 I/System.out( 5552): URI: //map
06-05 18:18:17.258 I/System.out( 5552): params: {json={"query":"* {text CONTAINS[c] 'Total fuel purchased'}","operation":{"method_name":"query","arguments":[]}}
06-05 18:18:17.258 I/System.out( 5552): }
06-05 18:18:17.570 I/System.out( 5552): URI: //map
06-05 18:18:17.570 I/System.out( 5552): params: {json={"query":"* {text CONTAINS[c] 'Total fuel purchased'}","operation":{"method_name":"query","arguments":[]}}
06-05 18:18:17.570 I/System.out( 5552): }
06-05 18:18:17.881 I/System.out( 5552): URI: //map
06-05 18:18:17.881 I/System.out( 5552): params: {json={"query":"* {text CONTAINS[c] 'Total fuel purchased'}","operation":{"method_name":"query","arguments":[]}}
06-05 18:18:17.881 I/System.out( 5552): }
06-05 18:18:18.196 I/System.out( 5552): URI: //map
06-05 18:18:18.196 I/System.out( 5552): params: {json={"query":"* {text CONTAINS[c] 'Total fuel purchased'}","operation":{"method_name":"query","arguments":[]}}
06-05 18:18:18.196 I/System.out( 5552): }
06-05 18:18:18.508 I/System.out( 5552): URI: //map
06-05 18:18:18.508 I/System.out( 5552): params: {json={"query":"* {text CONTAINS[c] 'Total fuel purchased'}","operation":{"method_name":"query","arguments":[]}}
06-05 18:18:18.508 I/System.out( 5552): }
06-05 18:18:18.820 I/System.out( 5552): URI: //map
06-05 18:18:18.820 I/System.out( 5552): params: {json={"query":"* {text CONTAINS[c] 'Total fuel purchased'}","operation":{"method_name":"query","arguments":[]}}
06-05 18:18:18.820 I/System.out( 5552): }
06-05 18:18:19.136 I/System.out( 5552): URI: //map
06-05 18:18:19.136 I/System.out( 5552): params: {json={"query":"* {text CONTAINS[c] 'Total fuel purchased'}","operation":{"method_name":"query","arguments":[]}}
06-05 18:18:19.136 I/System.out( 5552): }
06-05 18:18:19.561 E/SurfaceFlinger( 1346): ro.sf.lcd_density must be defined as a build property
06-05 18:18:19.561 D/gralloc_ranchu( 1346): gralloc_alloc: Creating ashmem region of size 9592832
06-05 18:18:19.569 D/        ( 5623): HostConnection::get() New Host Connection established 0xaf49b2c0, tid 5623
06-05 18:18:19.577 E/EGL_emulation( 1346): tid 1346: eglCreateSyncKHR(1901): error 0x3004 (EGL_BAD_ATTRIBUTE)
06-05 18:18:19.788 I/System.out( 5552): URI: //map
06-05 18:18:19.788 I/System.out( 5552): params: {json={"query":"* {text CONTAINS[c] 'Total fuel purchased'}","operation":{"method_name":"query","arguments":[]}}
06-05 18:18:19.788 I/System.out( 5552): }
