--------- beginning of system
06-06 17:47:11.954 W/InputMethodManagerService( 1631): Window already focused, ignoring focus gain of: com.android.internal.view.IInputMethodClient$Stub$Proxy@a567b20 attribute=null, token = android.os.BinderProxy@b50fb9f
--------- beginning of main
06-06 17:47:11.957 D/Mileage.ABS(18472): Finished backup
06-06 17:47:11.979 V/PhoneStatusBar( 1713): setLightsOn(true)
06-06 17:47:11.981 V/PhoneStatusBar( 1713): setLightsOn(true)
06-06 17:47:11.983 W/ActivityManager( 1631): Finishing task with all activities already finished
06-06 17:47:11.983 W/ActivityManager( 1631): Duplicate finish request for ActivityRecord{4fd5089 u0 com.evancharlton.mileage/.Mileage t24731 f}
06-06 17:47:11.983 W/ActivityManager( 1631): Finishing task with all activities already finished
06-06 17:47:11.983 W/ActivityManager( 1631): Duplicate finish request for ActivityRecord{4fd5089 u0 com.evancharlton.mileage/.Mileage t24731 f}
06-06 17:47:11.983 W/ActivityManager( 1631): Finishing task with all activities already finished
06-06 17:47:11.983 W/ActivityManager( 1631): Duplicate finish request for ActivityRecord{4fd5089 u0 com.evancharlton.mileage/.Mileage t24731 f}
06-06 17:47:11.983 W/ActivityManager( 1631): Finishing task with all activities already finished
06-06 17:47:11.983 W/ActivityManager( 1631): Duplicate finish request for ActivityRecord{4fd5089 u0 com.evancharlton.mileage/.Mileage t24731 f}
06-06 17:47:11.983 W/ActivityManager( 1631): Finishing task with all activities already finished
06-06 17:47:11.983 W/ActivityManager( 1631): Duplicate finish request for ActivityRecord{4fd5089 u0 com.evancharlton.mileage/.Mileage t24731 f}
06-06 17:47:12.017 D/gralloc_ranchu( 1348): gralloc_alloc: Creating ashmem region of size 253952
06-06 17:47:12.067 D/gralloc_ranchu( 1348): gralloc_alloc: Creating ashmem region of size 3145728
06-06 17:47:12.074 E/EGL_emulation( 1348): tid 1348: eglCreateSyncKHR(1901): error 0x3004 (EGL_BAD_ATTRIBUTE)
06-06 17:47:12.117 D/EGL_emulation( 1713): eglMakeCurrent: 0xa6a85780: ver 2 0 (tinfo 0xa6a83640)
06-06 17:47:12.131 D/EGL_emulation( 1713): eglMakeCurrent: 0xa6a85780: ver 2 0 (tinfo 0xa6a83640)
06-06 17:47:12.134 D/EGL_emulation( 2106): eglMakeCurrent: 0xa6a85300: ver 2 0 (tinfo 0xa6a83220)
06-06 17:47:12.162 D/AndroidRuntime(18516): >>>>>> START com.android.internal.os.RuntimeInit uid 2000 <<<<<<
06-06 17:47:12.163 D/AndroidRuntime(18516): CheckJNI is ON
06-06 17:47:12.164 I/WindowManager( 1631): Destroying surface Surface(name=PopupWindow:8724bea) called by com.android.server.wm.WindowStateAnimator.destroySurface:2016 com.android.server.wm.WindowStateAnimator.destroySurfaceLocked:882 com.android.server.wm.WindowState.removeLocked:1456 com.android.server.wm.WindowManagerService.removeWindowInnerLocked:2484 com.android.server.wm.AppWindowToken.destroySurfaces:365 com.android.server.wm.WindowStateAnimator.finishExit:565 com.android.server.wm.WindowStateAnimator.stepAnimationLocked:491 com.android.server.wm.WindowAnimator.updateWindowsLocked:303 
06-06 17:47:12.166 D/EGL_emulation( 1713): eglMakeCurrent: 0xa6a85780: ver 2 0 (tinfo 0xa6a83640)
06-06 17:47:12.174 W/art     (18516): Unexpected CPU variant for X86 using defaults: x86
06-06 17:47:12.176 D/ICU     (18516): No timezone override file found: /data/misc/zoneinfo/current/icu/icu_tzdata.dat
06-06 17:47:12.182 D/EGL_emulation( 1713): eglMakeCurrent: 0xa6a85780: ver 2 0 (tinfo 0xa6a83640)
06-06 17:47:12.183 D/EGL_emulation( 1713): eglMakeCurrent: 0xa6a85780: ver 2 0 (tinfo 0xa6a83640)
06-06 17:47:12.184 E/memtrack(18516): Couldn't load memtrack module (No such file or directory)
06-06 17:47:12.184 E/android.os.Debug(18516): failed to load memtrack module: -2
06-06 17:47:12.185 I/Radio-JNI(18516): register_android_hardware_Radio DONE
06-06 17:47:12.189 D/AndroidRuntime(18516): Calling main entry com.android.commands.am.Am
06-06 17:47:12.190 I/ActivityManager( 1631): Force stopping com.evancharlton.mileage appid=10728 user=0: start instr
06-06 17:47:12.190 I/ActivityManager( 1631): Killing 18472:com.evancharlton.mileage/u0a728 (adj 0): stop com.evancharlton.mileage
06-06 17:47:12.190 D/ActivityManager( 1631): cleanUpApplicationRecord -- 18472
06-06 17:47:12.190 W/ActivityManager( 1631): Crash of app com.evancharlton.mileage running instrumentation ComponentInfo{com.evancharlton.mileage.test/sh.calaba.instrumentationbackend.CalabashInstrumentationTestRunner}
06-06 17:47:12.190 I/ActivityManager( 1631): Force stopping com.evancharlton.mileage appid=10728 user=0: finished inst
06-06 17:47:12.194 W/InputDispatcher( 1631): channel 'dbc9a23 Toast (server)' ~ Consumer closed input channel or an error occurred.  events=0x9
06-06 17:47:12.194 E/InputDispatcher( 1631): channel 'dbc9a23 Toast (server)' ~ Channel is unrecoverably broken and will be disposed!
06-06 17:47:12.195 W/InputDispatcher( 1631): channel 'a1fc4ec com.evancharlton.mileage/com.evancharlton.mileage.Mileage (server)' ~ Consumer closed input channel or an error occurred.  events=0x9
06-06 17:47:12.195 E/InputDispatcher( 1631): channel 'a1fc4ec com.evancharlton.mileage/com.evancharlton.mileage.Mileage (server)' ~ Channel is unrecoverably broken and will be disposed!
06-06 17:47:12.195 I/WindowManager( 1631): WIN DEATH: Window{dbc9a23 u0 Toast}
06-06 17:47:12.195 W/InputDispatcher( 1631): Attempted to unregister already unregistered input channel 'dbc9a23 Toast (server)'
06-06 17:47:12.196 I/art     (18526): Not late-enabling -Xcheck:jni (already on)
06-06 17:47:12.196 W/art     (18526): Unexpected CPU variant for X86 using defaults: x86
06-06 17:47:12.196 I/WindowManager( 1631): WIN DEATH: Window{a1fc4ec u0 com.evancharlton.mileage/com.evancharlton.mileage.Mileage EXITING}
06-06 17:47:12.196 W/InputDispatcher( 1631): Attempted to unregister already unregistered input channel 'a1fc4ec com.evancharlton.mileage/com.evancharlton.mileage.Mileage (server)'
06-06 17:47:12.202 I/ActivityManager( 1631): Start proc 18526:com.evancharlton.mileage/u0a728 for added application com.evancharlton.mileage
06-06 17:47:12.202 D/AndroidRuntime(18516): Shutting down VM
06-06 17:47:12.205 D/EGL_emulation( 1713): eglMakeCurrent: 0xa6a85780: ver 2 0 (tinfo 0xa6a83640)
06-06 17:47:12.207 W/System  (18526): ClassLoader referenced unknown path: /data/app/com.evancharlton.mileage.test-1/lib/x86
06-06 17:47:12.207 W/System  (18526): ClassLoader referenced unknown path: /data/app/com.evancharlton.mileage-1/lib/x86
06-06 17:47:12.208 D/EGL_emulation( 1713): eglMakeCurrent: 0xa6a85780: ver 2 0 (tinfo 0xa6a83640)
06-06 17:47:12.209 W/System  (18526): ClassLoader referenced unknown path: 
06-06 17:47:12.213 I/System.out(18526): Main activity name automatically set to: com.evancharlton.mileage.Mileage
06-06 17:47:12.213 I/System.out(18526): Calabash did not load Mono. This is only a problem if you are trying to test a Mono application
06-06 17:47:12.214 I/calabash(18526): Test server port: 7102
06-06 17:47:12.214 D/EGL_emulation( 1713): eglMakeCurrent: 0xa6a85780: ver 2 0 (tinfo 0xa6a83640)
06-06 17:47:12.215 I/InstrumentationBackend(18526): Added:'GetPreferences', with key:'get_preferences'
06-06 17:47:12.216 D/EGL_emulation( 1713): eglMakeCurrent: 0xa6a85780: ver 2 0 (tinfo 0xa6a83640)
06-06 17:47:12.219 I/InstrumentationBackend(18526): Added:'SetPreferences', with key:'set_preferences'
06-06 17:47:12.219 I/InstrumentationBackend(18526): Added:'ClearPreferences', with key:'clear_preferences'
06-06 17:47:12.219 I/InstrumentationBackend(18526): Added:'PressElement', with key:'press_l10n_element'
06-06 17:47:12.219 I/InstrumentationBackend(18526): Added:'WaitForElement', with key:'wait_for_l10n_element'
06-06 17:47:12.219 I/InstrumentationBackend(18526): Added:'NullAction', with key:'nullAction'
06-06 17:47:12.219 I/InstrumentationBackend(18526): Added:'PressKey', with key:'press_key'
06-06 17:47:12.219 I/InstrumentationBackend(18526): Added:'SetActivityOrientation', with key:'set_activity_orientation'
06-06 17:47:12.219 I/InstrumentationBackend(18526): Added:'GetActivityOrientation', with key:'get_activity_orientation'
06-06 17:47:12.219 I/InstrumentationBackend(18526): Added:'FakeGPSLocation', with key:'set_gps_coordinates'
06-06 17:47:12.219 I/InstrumentationBackend(18526): Added:'SetPropertyByCssSelector', with key:'set_property_by_css_selector'
06-06 17:47:12.219 I/InstrumentationBackend(18526): Added:'GetUrl', with key:'get_url'
06-06 17:47:12.219 I/InstrumentationBackend(18526): Added:'ScrollTo', with key:'scroll_to'
06-06 17:47:12.219 I/InstrumentationBackend(18526): Added:'GetLoadProgress', with key:'get_load_progress'
06-06 17:47:12.219 I/InstrumentationBackend(18526): Added:'DumpHtml', with key:'dump_html'
06-06 17:47:12.219 I/InstrumentationBackend(18526): Added:'DumpBodyHtml', with key:'dump_body_html'
06-06 17:47:12.219 I/InstrumentationBackend(18526): Added:'EnterTextByCssSelector', with key:'enter_text_by_selector'
06-06 17:47:12.220 I/InstrumentationBackend(18526): Added:'AndroidSDKVersion', with key:'android_sdk_version'
06-06 17:47:12.220 I/InstrumentationBackend(18526): Added:'Version', with key:'version'
06-06 17:47:12.220 I/InstrumentationBackend(18526): Added:'Drag', with key:'drag'
06-06 17:47:12.220 I/InstrumentationBackend(18526): Added:'TouchCoordinates', with key:'touch_coordinate'
06-06 17:47:12.220 I/InstrumentationBackend(18526): Added:'LongPressCoordinate', with key:'long_press_coordinate'
06-06 17:47:12.220 I/InstrumentationBackend(18526): Added:'DragCoordinates', with key:'drag_coordinates'
06-06 17:47:12.220 I/InstrumentationBackend(18526): Added:'ResumeApplication', with key:'resume_application'
06-06 17:47:12.220 I/InstrumentationBackend(18526): Added:'Swipe', with key:'swipe'
06-06 17:47:12.220 I/InstrumentationBackend(18526): Added:'DoubleTapCoordinate', with key:'double_tap_coordinate'
06-06 17:47:12.220 I/InstrumentationBackend(18526): Added:'ClickOnScreen', with key:'click_on_screen'
06-06 17:47:12.220 I/InstrumentationBackend(18526): Added:'GetActivityName', with key:'get_activity_name'
06-06 17:47:12.220 I/InstrumentationBackend(18526): Added:'ScrollToView', with key:'scroll_to_view'
06-06 17:47:12.220 I/InstrumentationBackend(18526): Added:'ViewConfiguration', with key:'view_configuration'
06-06 17:47:12.220 I/InstrumentationBackend(18526): Added:'IsCurrentActivityFocused', with key:'is_current_activity_focused'
06-06 17:47:12.220 I/InstrumentationBackend(18526): Added:'SendTcp', with key:'send_tcp'
06-06 17:47:12.220 I/InstrumentationBackend(18526): Added:'DpToDevicePixel', with key:'dp_to_device_pixel'
06-06 17:47:12.220 I/InstrumentationBackend(18526): Added:'KeyboardEnterText', with key:'keyboard_enter_text'
06-06 17:47:12.220 I/InstrumentationBackend(18526): Added:'DeleteSurroundingText', with key:'delete_surrounding_text'
06-06 17:47:12.220 I/InstrumentationBackend(18526): Added:'SetComposingRegion', with key:'set_composing_region'
06-06 17:47:12.220 I/InstrumentationBackend(18526): Added:'SetSelection', with key:'set_selection'
06-06 17:47:12.220 I/InstrumentationBackend(18526): Added:'KeyboardKeyEvent', with key:'keyboard_key_event'
06-06 17:47:12.220 I/InstrumentationBackend(18526): Added:'PressUserActionButton', with key:'press_user_action_button'
06-06 17:47:12.220 I/InstrumentationBackend(18526): Added:'HideSoftKeyboard', with key:'hide_soft_keyboard'
06-06 17:47:12.220 I/InstrumentationBackend(18526): Added:'ListActions', with key:'list_actions'
06-06 17:47:12.220 I/calabash(18526): Instantiating http server at 7102
06-06 17:47:12.221 I/System.out(18526): HTTP Daemon listening on: 7102
06-06 17:47:12.232 D/EGL_emulation( 1713): eglMakeCurrent: 0xa6a85780: ver 2 0 (tinfo 0xa6a83640)
06-06 17:47:12.234 D/EGL_emulation( 1713): eglMakeCurrent: 0xa6a85780: ver 2 0 (tinfo 0xa6a83640)
06-06 17:47:12.248 D/EGL_emulation( 1713): eglMakeCurrent: 0xa6a85780: ver 2 0 (tinfo 0xa6a83640)
06-06 17:47:12.250 D/EGL_emulation( 1713): eglMakeCurrent: 0xa6a85780: ver 2 0 (tinfo 0xa6a83640)
06-06 17:47:12.267 D/EGL_emulation( 1713): eglMakeCurrent: 0xa6a85780: ver 2 0 (tinfo 0xa6a83640)
06-06 17:47:12.273 D/EGL_emulation( 1713): eglMakeCurrent: 0xa6a85780: ver 2 0 (tinfo 0xa6a83640)
06-06 17:47:12.283 D/EGL_emulation( 1713): eglMakeCurrent: 0xa6a85780: ver 2 0 (tinfo 0xa6a83640)
06-06 17:47:12.289 D/EGL_emulation( 1713): eglMakeCurrent: 0xa6a85780: ver 2 0 (tinfo 0xa6a83640)
06-06 17:47:12.300 D/EGL_emulation( 1713): eglMakeCurrent: 0xa6a85780: ver 2 0 (tinfo 0xa6a83640)
06-06 17:47:12.306 D/EGL_emulation( 1713): eglMakeCurrent: 0xa6a85780: ver 2 0 (tinfo 0xa6a83640)
06-06 17:47:12.314 I/System.out(18526): URI: //ping
06-06 17:47:12.315 I/System.out(18526): params: {json={}
06-06 17:47:12.315 I/System.out(18526): }
06-06 17:47:12.316 D/EGL_emulation( 1713): eglMakeCurrent: 0xa6a85780: ver 2 0 (tinfo 0xa6a83640)
06-06 17:47:12.323 D/EGL_emulation( 1713): eglMakeCurrent: 0xa6a85780: ver 2 0 (tinfo 0xa6a83640)
06-06 17:47:12.324 I/System.out(18526): URI: //ping
06-06 17:47:12.324 I/System.out(18526): params: {json={}
06-06 17:47:12.324 I/System.out(18526): }
06-06 17:47:12.330 I/System.out(18526): URI: //ready
06-06 17:47:12.331 I/System.out(18526): params: {json={}
06-06 17:47:12.331 I/System.out(18526): }
06-06 17:47:12.337 D/EGL_emulation( 1713): eglMakeCurrent: 0xa6a85780: ver 2 0 (tinfo 0xa6a83640)
06-06 17:47:12.339 I/System.out(18526): URI: //
06-06 17:47:12.339 I/System.out(18526): params: {json={"command":"version","arguments":[]}
06-06 17:47:12.339 I/System.out(18526): }
06-06 17:47:12.339 I/System.out(18526): header: {content-type=application/json;charset=utf-8, date=Sat, 06 Jun 2020 22:47:12 GMT, accept=*/*, host=127.0.0.1:34784, content-length=36, user-agent=HTTPClient/1.0 (2.8.3, ruby 2.5.1 (2018-03-29))}
06-06 17:47:12.340 I/System.out(18526): params: {json={"command":"version","arguments":[]}
06-06 17:47:12.340 I/System.out(18526): }
06-06 17:47:12.340 I/System.out(18526): ProP json = {"command":"version","arguments":[]}
06-06 17:47:12.340 I/System.out(18526): files: {}
06-06 17:47:12.340 I/System.out(18526): command: {"command":"version","arguments":[]}
06-06 17:47:12.350 D/EGL_emulation( 1713): eglMakeCurrent: 0xa6a85780: ver 2 0 (tinfo 0xa6a83640)
06-06 17:47:12.355 D/EGL_emulation( 1713): eglMakeCurrent: 0xa6a85780: ver 2 0 (tinfo 0xa6a83640)
06-06 17:47:12.357 I/InstrumentationBackend(18526): Got command:'Command:'Line:null,version', arguments:'[]'
06-06 17:47:12.395 I/System.out(18526): result:{"bonusInformation":[],"message":"0.9.8","success":true}
06-06 17:47:12.405 I/System.out(18526): URI: //start-application
06-06 17:47:12.405 I/System.out(18526): params: {json={"intent":null}
06-06 17:47:12.405 I/System.out(18526): }
06-06 17:47:12.434 I/ActivityManager( 1631): START u0 {act=android.intent.action.MAIN cat=[android.intent.category.LAUNCHER] flg=0x10200000 cmp=com.evancharlton.mileage/.Mileage} from uid 10728 on display 0
06-06 17:47:12.460 I/calabash(18526): newActivity1
06-06 17:47:12.467 D/gralloc_ranchu( 1348): gralloc_alloc: Creating ashmem region of size 9023488
06-06 17:47:12.492 I/calabash(18526): newActivity1
06-06 17:47:12.495 W/ActivityManager( 1631): Bad activity token: android.os.BinderProxy@65c4e26
06-06 17:47:12.495 W/ActivityManager( 1631): java.lang.ClassCastException: android.os.BinderProxy cannot be cast to com.android.server.am.ActivityRecord$Token
06-06 17:47:12.495 W/ActivityManager( 1631): 	at com.android.server.am.ActivityRecord.forTokenLocked(ActivityRecord.java:586)
06-06 17:47:12.495 W/ActivityManager( 1631): 	at com.android.server.am.ActivityRecord.isInStackLocked(ActivityRecord.java:1327)
06-06 17:47:12.495 W/ActivityManager( 1631): 	at com.android.server.am.ActivityRecord.getStackLocked(ActivityRecord.java:1332)
06-06 17:47:12.495 W/ActivityManager( 1631): 	at com.android.server.am.ActivityManagerService.getActivityDisplayId(ActivityManagerService.java:9806)
06-06 17:47:12.495 W/ActivityManager( 1631): 	at android.app.ActivityManagerNative.onTransact(ActivityManagerNative.java:2566)
06-06 17:47:12.495 W/ActivityManager( 1631): 	at com.android.server.am.ActivityManagerService.onTransact(ActivityManagerService.java:2757)
06-06 17:47:12.495 W/ActivityManager( 1631): 	at android.os.Binder.execTransact(Binder.java:565)
06-06 17:47:12.498 W/ActivityManager( 1631): Bad activity token: android.os.BinderProxy@65c4e26
06-06 17:47:12.498 W/ActivityManager( 1631): java.lang.ClassCastException: android.os.BinderProxy cannot be cast to com.android.server.am.ActivityRecord$Token
06-06 17:47:12.498 W/ActivityManager( 1631): 	at com.android.server.am.ActivityRecord.forTokenLocked(ActivityRecord.java:586)
06-06 17:47:12.498 W/ActivityManager( 1631): 	at com.android.server.am.ActivityRecord.isInStackLocked(ActivityRecord.java:1327)
06-06 17:47:12.498 W/ActivityManager( 1631): 	at com.android.server.am.ActivityManagerService.setTaskDescription(ActivityManagerService.java:9358)
06-06 17:47:12.498 W/ActivityManager( 1631): 	at android.app.ActivityManagerNative.onTransact(ActivityManagerNative.java:2639)
06-06 17:47:12.498 W/ActivityManager( 1631): 	at com.android.server.am.ActivityManagerService.onTransact(ActivityManagerService.java:2757)
06-06 17:47:12.498 W/ActivityManager( 1631): 	at android.os.Binder.execTransact(Binder.java:565)
06-06 17:47:12.499 W/ActivityManager( 1631): Bad activity token: android.os.BinderProxy@65c4e26
06-06 17:47:12.499 W/ActivityManager( 1631): java.lang.ClassCastException: android.os.BinderProxy cannot be cast to com.android.server.am.ActivityRecord$Token
06-06 17:47:12.499 W/ActivityManager( 1631): 	at com.android.server.am.ActivityRecord.forTokenLocked(ActivityRecord.java:586)
06-06 17:47:12.499 W/ActivityManager( 1631): 	at com.android.server.am.ActivityRecord.isInStackLocked(ActivityRecord.java:1327)
06-06 17:47:12.499 W/ActivityManager( 1631): 	at com.android.server.am.ActivityRecord.getStackLocked(ActivityRecord.java:1332)
06-06 17:47:12.499 W/ActivityManager( 1631): 	at com.android.server.am.ActivityManagerService.getActivityStackId(ActivityManagerService.java:9817)
06-06 17:47:12.499 W/ActivityManager( 1631): 	at android.app.ActivityManagerNative.onTransact(ActivityManagerNative.java:2856)
06-06 17:47:12.499 W/ActivityManager( 1631): 	at com.android.server.am.ActivityManagerService.onTransact(ActivityManagerService.java:2757)
06-06 17:47:12.499 W/ActivityManager( 1631): 	at android.os.Binder.execTransact(Binder.java:565)
06-06 17:47:12.533 D/EGL_emulation( 2106): eglMakeCurrent: 0xa6a85300: ver 2 0 (tinfo 0xa6a83220)
06-06 17:47:12.541 W/ActivityManager( 1631): Bad activity token: android.os.BinderProxy@65c4e26
06-06 17:47:12.541 W/ActivityManager( 1631): java.lang.ClassCastException: android.os.BinderProxy cannot be cast to com.android.server.am.ActivityRecord$Token
06-06 17:47:12.541 W/ActivityManager( 1631): 	at com.android.server.am.ActivityRecord.forTokenLocked(ActivityRecord.java:586)
06-06 17:47:12.541 W/ActivityManager( 1631): 	at com.android.server.am.ActivityRecord.isInStackLocked(ActivityRecord.java:1327)
06-06 17:47:12.541 W/ActivityManager( 1631): 	at com.android.server.am.ActivityManagerService.getActivityOptions(ActivityManagerService.java:12559)
06-06 17:47:12.541 W/ActivityManager( 1631): 	at android.app.ActivityManagerNative.onTransact(ActivityManagerNative.java:1933)
06-06 17:47:12.541 W/ActivityManager( 1631): 	at com.android.server.am.ActivityManagerService.onTransact(ActivityManagerService.java:2757)
06-06 17:47:12.541 W/ActivityManager( 1631): 	at android.os.Binder.execTransact(Binder.java:565)
06-06 17:47:12.541 W/ActivityManager( 1631): Bad activity token: android.os.BinderProxy@65c4e26
06-06 17:47:12.541 W/ActivityManager( 1631): java.lang.ClassCastException: android.os.BinderProxy cannot be cast to com.android.server.am.ActivityRecord$Token
06-06 17:47:12.541 W/ActivityManager( 1631): 	at com.android.server.am.ActivityRecord.forTokenLocked(ActivityRecord.java:586)
06-06 17:47:12.541 W/ActivityManager( 1631): 	at com.android.server.am.ActivityRecord.isInStackLocked(ActivityRecord.java:1327)
06-06 17:47:12.541 W/ActivityManager( 1631): 	at com.android.server.am.ActivityManagerService.getActivityOptions(ActivityManagerService.java:12559)
06-06 17:47:12.541 W/ActivityManager( 1631): 	at android.app.ActivityManagerNative.onTransact(ActivityManagerNative.java:1933)
06-06 17:47:12.541 W/ActivityManager( 1631): 	at com.android.server.am.ActivityManagerService.onTransact(ActivityManagerService.java:2757)
06-06 17:47:12.541 W/ActivityManager( 1631): 	at android.os.Binder.execTransact(Binder.java:565)
06-06 17:47:12.550 D/EGL_emulation( 1713): eglMakeCurrent: 0xa6a85780: ver 2 0 (tinfo 0xa6a83640)
06-06 17:47:12.551 V/PhoneStatusBar( 1713): setLightsOn(true)
06-06 17:47:12.565 I/WindowManager( 1631): Destroying surface Surface(name=com.evancharlton.mileage/com.evancharlton.mileage.Mileage) called by com.android.server.wm.WindowStateAnimator.destroySurface:2016 com.android.server.wm.WindowStateAnimator.destroySurfaceLocked:882 com.android.server.wm.WindowState.destroyOrSaveSurface:2100 com.android.server.wm.AppWindowToken.destroySurfaces:363 com.android.server.wm.WindowStateAnimator.finishExit:565 com.android.server.wm.AppWindowAnimator.stepAnimationLocked:427 com.android.server.wm.WindowAnimator.updateAppWindowsLocked:196 com.android.server.wm.WindowAnimator.animateLocked:678 
06-06 17:47:12.566 D/EGL_emulation( 1713): eglMakeCurrent: 0xa6a85780: ver 2 0 (tinfo 0xa6a83640)
06-06 17:47:12.576 D/EGL_emulation( 1713): eglMakeCurrent: 0xa6a85780: ver 2 0 (tinfo 0xa6a83640)
06-06 17:47:12.582 D/EGL_emulation( 1713): eglMakeCurrent: 0xa6a85780: ver 2 0 (tinfo 0xa6a83640)
06-06 17:47:12.585 D/gralloc_ranchu( 1348): gralloc_alloc: Creating ashmem region of size 9023488
06-06 17:47:12.585 D/EGL_emulation( 1713): eglMakeCurrent: 0xa6a85780: ver 2 0 (tinfo 0xa6a83640)
06-06 17:47:12.585 V/PhoneStatusBar( 1713): setLightsOn(true)
06-06 17:47:12.591 D/        (18526): HostConnection::get() New Host Connection established 0x9553f500, tid 18526
06-06 17:47:12.640 D/EGL_emulation( 1713): eglMakeCurrent: 0xa6a85780: ver 2 0 (tinfo 0xa6a83640)
06-06 17:47:12.643 D/EGL_emulation( 1713): eglMakeCurrent: 0xa6a85780: ver 2 0 (tinfo 0xa6a83640)
06-06 17:47:12.645 D/EGL_emulation( 1713): eglMakeCurrent: 0xa6a85780: ver 2 0 (tinfo 0xa6a83640)
06-06 17:47:12.648 D/EGL_emulation( 1713): eglMakeCurrent: 0xa6a85780: ver 2 0 (tinfo 0xa6a83640)
06-06 17:47:12.651 D/EGL_emulation( 1713): eglMakeCurrent: 0xa6a85780: ver 2 0 (tinfo 0xa6a83640)
06-06 17:47:12.653 D/EGL_emulation( 1713): eglMakeCurrent: 0xa6a85780: ver 2 0 (tinfo 0xa6a83640)
06-06 17:47:12.665 D/EGL_emulation( 1713): eglMakeCurrent: 0xa6a85780: ver 2 0 (tinfo 0xa6a83640)
06-06 17:47:12.667 D/EGL_emulation( 1713): eglMakeCurrent: 0xa6a85780: ver 2 0 (tinfo 0xa6a83640)
06-06 17:47:12.682 D/gralloc_ranchu( 1348): gralloc_alloc: Creating ashmem region of size 9023488
06-06 17:47:12.682 D/EGL_emulation( 1713): eglMakeCurrent: 0xa6a85780: ver 2 0 (tinfo 0xa6a83640)
06-06 17:47:12.682 I/ActivityManager( 1631): Displayed com.evancharlton.mileage/.Mileage: +238ms
06-06 17:47:12.697 D/EGL_emulation( 1713): eglMakeCurrent: 0xa6a85780: ver 2 0 (tinfo 0xa6a83640)
06-06 17:47:12.698 V/PhoneStatusBar( 1713): setLightsOn(true)
06-06 17:47:12.700 D/EGL_emulation( 1713): eglMakeCurrent: 0xa6a85780: ver 2 0 (tinfo 0xa6a83640)
06-06 17:47:12.711 D/EGL_emulation( 1713): eglMakeCurrent: 0xa6a85780: ver 2 0 (tinfo 0xa6a83640)
06-06 17:47:12.716 D/EGL_emulation( 1713): eglMakeCurrent: 0xa6a85780: ver 2 0 (tinfo 0xa6a83640)
06-06 17:47:12.718 D/EGL_emulation( 1713): eglMakeCurrent: 0xa6a85780: ver 2 0 (tinfo 0xa6a83640)
06-06 17:47:12.718 V/PhoneStatusBar( 1713): setLightsOn(true)
06-06 17:47:12.732 D/EGL_emulation( 1713): eglMakeCurrent: 0xa6a85780: ver 2 0 (tinfo 0xa6a83640)
06-06 17:47:12.732 I/WindowManager( 1631): Destroying surface Surface(name=Toast) called by com.android.server.wm.WindowStateAnimator.destroySurface:2016 com.android.server.wm.WindowStateAnimator.destroySurfaceLocked:882 com.android.server.wm.WindowState.destroyOrSaveSurface:2100 com.android.server.wm.WindowSurfacePlacer.performSurfacePlacementInner:429 com.android.server.wm.WindowSurfacePlacer.performSurfacePlacementLoop:232 com.android.server.wm.WindowSurfacePlacer.performSurfacePlacement:180 com.android.server.wm.WindowManagerService$H.handleMessage:8086 android.os.Handler.dispatchMessage:102 
06-06 17:47:12.735 D/EGL_emulation( 1713): eglMakeCurrent: 0xa6a85780: ver 2 0 (tinfo 0xa6a83640)
06-06 17:47:12.745 I/System.out(18526): URI: //map
06-06 17:47:12.745 I/System.out(18526): params: {json={"query":"* marked:'Vehicles'","operation":{"method_name":"query","arguments":[]}}
06-06 17:47:12.745 I/System.out(18526): }
06-06 17:47:12.748 D/EGL_emulation( 1713): eglMakeCurrent: 0xa6a85780: ver 2 0 (tinfo 0xa6a83640)
06-06 17:47:12.749 V/PhoneStatusBar( 1713): setLightsOn(true)
06-06 17:47:12.769 W/ResourceType(18526): No package identifier when getting name for resource number 0x00000001
06-06 17:47:12.791 I/System.out(18526): URI: //gesture
06-06 17:47:12.791 I/System.out(18526): params: {json={"query_timeout":5.0,"gestures":[{"query_string":"* marked:'Vehicles'","touches":[{"x":50,"y":50,"offset_x":0,"offset_y":0,"wait":0.0,"time":0.2,"release":true,"query_string":null}]}]}
06-06 17:47:12.791 I/System.out(18526): }
06-06 17:47:12.799 W/ResourceType(18526): No package identifier when getting name for resource number 0x00000001
06-06 17:47:12.881 I/WindowManager( 1631): Destroying surface Surface(name=Starting com.evancharlton.mileage) called by com.android.server.wm.WindowStateAnimator.destroySurface:2016 com.android.server.wm.WindowStateAnimator.destroySurfaceLocked:882 com.android.server.wm.WindowState.destroyOrSaveSurface:2100 com.android.server.wm.AppWindowToken.destroySurfaces:363 com.android.server.wm.WindowStateAnimator.finishExit:565 com.android.server.wm.WindowStateAnimator.stepAnimationLocked:491 com.android.server.wm.WindowAnimator.updateWindowsLocked:303 com.android.server.wm.WindowAnimator.animateLocked:704 
06-06 17:47:12.883 V/PhoneStatusBar( 1713): setLightsOn(true)
06-06 17:47:12.915 V/PhoneStatusBar( 1713): setLightsOn(true)
06-06 17:47:12.999 V/PhoneStatusBar( 1713): setLightsOn(true)
06-06 17:47:13.036 I/calabash(18526): newActivity1
06-06 17:47:13.038 W/ActivityManager( 1631): Bad activity token: android.os.BinderProxy@b49644
06-06 17:47:13.038 W/ActivityManager( 1631): java.lang.ClassCastException: android.os.BinderProxy cannot be cast to com.android.server.am.ActivityRecord$Token
06-06 17:47:13.038 W/ActivityManager( 1631): 	at com.android.server.am.ActivityRecord.forTokenLocked(ActivityRecord.java:586)
06-06 17:47:13.038 W/ActivityManager( 1631): 	at com.android.server.am.ActivityRecord.isInStackLocked(ActivityRecord.java:1327)
06-06 17:47:13.038 W/ActivityManager( 1631): 	at com.android.server.am.ActivityRecord.getStackLocked(ActivityRecord.java:1332)
06-06 17:47:13.038 W/ActivityManager( 1631): 	at com.android.server.am.ActivityManagerService.getActivityDisplayId(ActivityManagerService.java:9806)
06-06 17:47:13.038 W/ActivityManager( 1631): 	at android.app.ActivityManagerNative.onTransact(ActivityManagerNative.java:2566)
06-06 17:47:13.038 W/ActivityManager( 1631): 	at com.android.server.am.ActivityManagerService.onTransact(ActivityManagerService.java:2757)
06-06 17:47:13.038 W/ActivityManager( 1631): 	at android.os.Binder.execTransact(Binder.java:565)
06-06 17:47:13.040 W/ActivityManager( 1631): Bad activity token: android.os.BinderProxy@b49644
06-06 17:47:13.040 W/ActivityManager( 1631): java.lang.ClassCastException: android.os.BinderProxy cannot be cast to com.android.server.am.ActivityRecord$Token
06-06 17:47:13.040 W/ActivityManager( 1631): 	at com.android.server.am.ActivityRecord.forTokenLocked(ActivityRecord.java:586)
06-06 17:47:13.040 W/ActivityManager( 1631): 	at com.android.server.am.ActivityRecord.isInStackLocked(ActivityRecord.java:1327)
06-06 17:47:13.040 W/ActivityManager( 1631): 	at com.android.server.am.ActivityManagerService.setTaskDescription(ActivityManagerService.java:9358)
06-06 17:47:13.040 W/ActivityManager( 1631): 	at android.app.ActivityManagerNative.onTransact(ActivityManagerNative.java:2639)
06-06 17:47:13.040 W/ActivityManager( 1631): 	at com.android.server.am.ActivityManagerService.onTransact(ActivityManagerService.java:2757)
06-06 17:47:13.040 W/ActivityManager( 1631): 	at android.os.Binder.execTransact(Binder.java:565)
06-06 17:47:13.040 W/ActivityManager( 1631): Bad activity token: android.os.BinderProxy@b49644
06-06 17:47:13.040 W/ActivityManager( 1631): java.lang.ClassCastException: android.os.BinderProxy cannot be cast to com.android.server.am.ActivityRecord$Token
06-06 17:47:13.040 W/ActivityManager( 1631): 	at com.android.server.am.ActivityRecord.forTokenLocked(ActivityRecord.java:586)
06-06 17:47:13.040 W/ActivityManager( 1631): 	at com.android.server.am.ActivityRecord.isInStackLocked(ActivityRecord.java:1327)
06-06 17:47:13.040 W/ActivityManager( 1631): 	at com.android.server.am.ActivityRecord.getStackLocked(ActivityRecord.java:1332)
06-06 17:47:13.040 W/ActivityManager( 1631): 	at com.android.server.am.ActivityManagerService.getActivityStackId(ActivityManagerService.java:9817)
06-06 17:47:13.040 W/ActivityManager( 1631): 	at android.app.ActivityManagerNative.onTransact(ActivityManagerNative.java:2856)
06-06 17:47:13.040 W/ActivityManager( 1631): 	at com.android.server.am.ActivityManagerService.onTransact(ActivityManagerService.java:2757)
06-06 17:47:13.040 W/ActivityManager( 1631): 	at android.os.Binder.execTransact(Binder.java:565)
06-06 17:47:13.047 W/ActivityManager( 1631): Bad activity token: android.os.BinderProxy@b49644
06-06 17:47:13.047 W/ActivityManager( 1631): java.lang.ClassCastException: android.os.BinderProxy cannot be cast to com.android.server.am.ActivityRecord$Token
06-06 17:47:13.047 W/ActivityManager( 1631): 	at com.android.server.am.ActivityRecord.forTokenLocked(ActivityRecord.java:586)
06-06 17:47:13.047 W/ActivityManager( 1631): 	at com.android.server.am.ActivityRecord.isInStackLocked(ActivityRecord.java:1327)
06-06 17:47:13.047 W/ActivityManager( 1631): 	at com.android.server.am.ActivityManagerService.getActivityOptions(ActivityManagerService.java:12559)
06-06 17:47:13.047 W/ActivityManager( 1631): 	at android.app.ActivityManagerNative.onTransact(ActivityManagerNative.java:1933)
06-06 17:47:13.047 W/ActivityManager( 1631): 	at com.android.server.am.ActivityManagerService.onTransact(ActivityManagerService.java:2757)
06-06 17:47:13.047 W/ActivityManager( 1631): 	at android.os.Binder.execTransact(Binder.java:565)
06-06 17:47:13.047 W/ActivityManager( 1631): Bad activity token: android.os.BinderProxy@b49644
06-06 17:47:13.047 W/ActivityManager( 1631): java.lang.ClassCastException: android.os.BinderProxy cannot be cast to com.android.server.am.ActivityRecord$Token
06-06 17:47:13.047 W/ActivityManager( 1631): 	at com.android.server.am.ActivityRecord.forTokenLocked(ActivityRecord.java:586)
06-06 17:47:13.047 W/ActivityManager( 1631): 	at com.android.server.am.ActivityRecord.isInStackLocked(ActivityRecord.java:1327)
06-06 17:47:13.047 W/ActivityManager( 1631): 	at com.android.server.am.ActivityManagerService.getActivityOptions(ActivityManagerService.java:12559)
06-06 17:47:13.047 W/ActivityManager( 1631): 	at android.app.ActivityManagerNative.onTransact(ActivityManagerNative.java:1933)
06-06 17:47:13.047 W/ActivityManager( 1631): 	at com.android.server.am.ActivityManagerService.onTransact(ActivityManagerService.java:2757)
06-06 17:47:13.047 W/ActivityManager( 1631): 	at android.os.Binder.execTransact(Binder.java:565)
06-06 17:47:13.055 I/System.out(18526): URI: //map
06-06 17:47:13.055 I/System.out(18526): params: {json={"query":"* {text CONTAINS[c] 'Default Vehicle'}","operation":{"method_name":"query","arguments":[]}}
06-06 17:47:13.055 I/System.out(18526): }
06-06 17:47:13.159 I/System.out(18526): URI: //gesture
06-06 17:47:13.159 I/System.out(18526): params: {json={"query_timeout":5.0,"gestures":[{"query_string":"* {text CONTAINS[c] 'Default Vehicle'}","touches":[{"x":50,"y":50,"offset_x":0,"offset_y":0,"wait":0.0,"time":1.0,"release":true,"query_string":null}]}]}
06-06 17:47:13.159 I/System.out(18526): }
06-06 17:47:13.284 V/PhoneStatusBar( 1713): setLightsOn(true)
06-06 17:47:13.284 W/OpenGLRenderer( 2106): Incorrectly called buildLayer on View: ShortcutAndWidgetContainer, destroying layer...
06-06 17:47:13.286 V/PhoneStatusBar( 1713): setLightsOn(true)
06-06 17:47:13.301 I/WindowManager( 1631): Destroying surface Surface(name=com.android.launcher3/com.android.launcher3.Launcher) called by com.android.server.wm.WindowStateAnimator.destroySurface:2016 com.android.server.wm.WindowStateAnimator.destroySurfaceLocked:882 com.android.server.wm.WindowState.destroyOrSaveSurface:2100 com.android.server.wm.AppWindowToken.destroySurfaces:363 com.android.server.wm.AppWindowToken.notifyAppStopped:389 com.android.server.wm.WindowManagerService.notifyAppStopped:4463 com.android.server.am.ActivityStack.activityStoppedLocked:1252 com.android.server.am.ActivityManagerService.activityStopped:6903 
06-06 17:47:13.305 V/PhoneStatusBar( 1713): setLightsOn(true)
06-06 17:47:13.342 D/gralloc_ranchu( 1348): gralloc_alloc: Creating ashmem region of size 9023488
06-06 17:47:13.826 V/PhoneStatusBar( 1713): setLightsOn(true)
06-06 17:47:13.870 V/PhoneStatusBar( 1713): setLightsOn(true)
06-06 17:47:13.884 V/PhoneStatusBar( 1713): setLightsOn(true)
06-06 17:47:13.891 D/gralloc_ranchu( 1348): gralloc_alloc: Creating ashmem region of size 1355776
06-06 17:47:13.897 W/NotificationService( 1631): Object died trying to hide notification android.app.ITransientNotification$Stub$Proxy@7fe69dc in package com.evancharlton.mileage
06-06 17:47:13.907 V/PhoneStatusBar( 1713): setLightsOn(true)
06-06 17:47:13.907 D/gralloc_ranchu( 1348): gralloc_alloc: Creating ashmem region of size 1355776
06-06 17:47:13.908 V/PhoneStatusBar( 1713): setLightsOn(true)
06-06 17:47:13.916 V/PhoneStatusBar( 1713): setLightsOn(true)
06-06 17:47:13.918 D/gralloc_ranchu( 1348): gralloc_alloc: Creating ashmem region of size 1355776
06-06 17:47:14.165 V/PhoneStatusBar( 1713): setLightsOn(true)
06-06 17:47:14.200 I/art     (18526): Do partial code cache collection, code=30KB, data=30KB
06-06 17:47:14.200 I/art     (18526): After code cache collection, code=29KB, data=30KB
06-06 17:47:14.200 I/art     (18526): Increasing code cache capacity to 128KB
06-06 17:47:14.208 I/System.out(18526): URI: //map
06-06 17:47:14.208 I/System.out(18526): params: {json={"query":"* {text CONTAINS[c] 'Set vehicle as default'}","operation":{"method_name":"query","arguments":[]}}
06-06 17:47:14.208 I/System.out(18526): }
06-06 17:47:14.252 I/System.out(18526): URI: //map
06-06 17:47:14.252 I/System.out(18526): params: {json={"query":"* marked:'Set vehicle as default'","operation":{"method_name":"query","arguments":[]}}
06-06 17:47:14.252 I/System.out(18526): }
06-06 17:47:14.257 W/ResourceType(18526): No package identifier when getting name for resource number 0x00000001
06-06 17:47:14.265 I/System.out(18526): URI: //gesture
06-06 17:47:14.265 I/System.out(18526): params: {json={"query_timeout":5.0,"gestures":[{"query_string":"* marked:'Set vehicle as default'","touches":[{"x":50,"y":50,"offset_x":0,"offset_y":0,"wait":0.0,"time":0.2,"release":true,"query_string":null}]}]}
06-06 17:47:14.265 I/System.out(18526): }
06-06 17:47:14.269 W/ResourceType(18526): No package identifier when getting name for resource number 0x00000001
06-06 17:47:14.552 V/PhoneStatusBar( 1713): setLightsOn(true)
06-06 17:47:14.553 V/PhoneStatusBar( 1713): setLightsOn(true)
06-06 17:47:14.553 W/InputEventReceiver(18526): Attempted to finish an input event but the input event receiver has already been disposed.
