--------- beginning of system
06-05 15:51:18.188 W/ActivityManager( 1630): Finishing task with all activities already finished
06-05 15:51:18.188 W/ActivityManager( 1630): Duplicate finish request for ActivityRecord{eb066ee u0 com.evancharlton.mileage/.VehicleTypeListActivity t324 f}
06-05 15:51:18.188 W/ActivityManager( 1630): Finishing task with all activities already finished
06-05 15:51:18.188 W/ActivityManager( 1630): Duplicate finish request for ActivityRecord{e6a6420 u0 com.evancharlton.mileage/.VehicleTypeActivity t324 f}
06-05 15:51:18.188 W/ActivityManager( 1630): Finishing task with all activities already finished
06-05 15:51:18.188 W/ActivityManager( 1630): Duplicate finish request for ActivityRecord{e6a6420 u0 com.evancharlton.mileage/.VehicleTypeActivity t324 f}
06-05 15:51:18.188 W/ActivityManager( 1630): Finishing task with all activities already finished
06-05 15:51:18.188 W/ActivityManager( 1630): Duplicate finish request for ActivityRecord{eb066ee u0 com.evancharlton.mileage/.VehicleTypeListActivity t324 f}
--------- beginning of main
06-05 15:51:18.193 V/PhoneStatusBar( 1712): setLightsOn(true)
06-05 15:51:18.210 V/PhoneStatusBar( 1712): setLightsOn(true)
06-05 15:51:18.223 W/IInputConnectionWrapper(19699): finishComposingText on inactive InputConnection
06-05 15:51:18.226 V/PhoneStatusBar( 1712): setLightsOn(true)
06-05 15:51:18.245 D/gralloc_ranchu( 1346): gralloc_alloc: Creating ashmem region of size 3145728
06-05 15:51:18.251 E/EGL_emulation( 1346): tid 1346: eglCreateSyncKHR(1901): error 0x3004 (EGL_BAD_ATTRIBUTE)
06-05 15:51:18.311 D/EGL_emulation( 2099): eglMakeCurrent: 0xb4085240: ver 2 0 (tinfo 0xb40832d0)
06-05 15:51:18.311 D/EGL_emulation( 1712): eglMakeCurrent: 0xb4085540: ver 2 0 (tinfo 0xb4083740)
06-05 15:51:18.326 D/EGL_emulation( 1712): eglMakeCurrent: 0xb4085540: ver 2 0 (tinfo 0xb4083740)
06-05 15:51:18.344 D/EGL_emulation( 1712): eglMakeCurrent: 0xb4085540: ver 2 0 (tinfo 0xb4083740)
06-05 15:51:18.359 D/EGL_emulation( 1712): eglMakeCurrent: 0xb4085540: ver 2 0 (tinfo 0xb4083740)
06-05 15:51:18.361 D/EGL_emulation( 1712): eglMakeCurrent: 0xb4085540: ver 2 0 (tinfo 0xb4083740)
06-05 15:51:18.376 D/EGL_emulation( 1712): eglMakeCurrent: 0xb4085540: ver 2 0 (tinfo 0xb4083740)
06-05 15:51:18.378 D/EGL_emulation( 1712): eglMakeCurrent: 0xb4085540: ver 2 0 (tinfo 0xb4083740)
06-05 15:51:18.384 D/AndroidRuntime(19771): >>>>>> START com.android.internal.os.RuntimeInit uid 2000 <<<<<<
06-05 15:51:18.385 D/AndroidRuntime(19771): CheckJNI is ON
06-05 15:51:18.393 D/EGL_emulation( 1712): eglMakeCurrent: 0xb4085540: ver 2 0 (tinfo 0xb4083740)
06-05 15:51:18.394 D/EGL_emulation( 1712): eglMakeCurrent: 0xb4085540: ver 2 0 (tinfo 0xb4083740)
06-05 15:51:18.398 W/art     (19771): Unexpected CPU variant for X86 using defaults: x86
06-05 15:51:18.400 D/ICU     (19771): No timezone override file found: /data/misc/zoneinfo/current/icu/icu_tzdata.dat
06-05 15:51:18.408 E/memtrack(19771): Couldn't load memtrack module (No such file or directory)
06-05 15:51:18.408 E/android.os.Debug(19771): failed to load memtrack module: -2
06-05 15:51:18.408 I/Radio-JNI(19771): register_android_hardware_Radio DONE
06-05 15:51:18.409 D/EGL_emulation( 1712): eglMakeCurrent: 0xb4085540: ver 2 0 (tinfo 0xb4083740)
06-05 15:51:18.411 D/EGL_emulation( 1712): eglMakeCurrent: 0xb4085540: ver 2 0 (tinfo 0xb4083740)
06-05 15:51:18.413 D/AndroidRuntime(19771): Calling main entry com.android.commands.am.Am
06-05 15:51:18.414 I/ActivityManager( 1630): Force stopping com.evancharlton.mileage appid=10086 user=0: start instr
06-05 15:51:18.414 I/ActivityManager( 1630): Killing 19699:com.evancharlton.mileage/u0a86 (adj 0): stop com.evancharlton.mileage
06-05 15:51:18.414 D/ActivityManager( 1630): cleanUpApplicationRecord -- 19699
06-05 15:51:18.414 W/ActivityManager( 1630): Crash of app com.evancharlton.mileage running instrumentation ComponentInfo{com.evancharlton.mileage.test/sh.calaba.instrumentationbackend.CalabashInstrumentationTestRunner}
06-05 15:51:18.414 I/ActivityManager( 1630): Force stopping com.evancharlton.mileage appid=10086 user=0: finished inst
06-05 15:51:18.417 I/art     (19781): Not late-enabling -Xcheck:jni (already on)
06-05 15:51:18.417 W/art     (19781): Unexpected CPU variant for X86 using defaults: x86
06-05 15:51:18.425 I/ActivityManager( 1630): Start proc 19781:com.evancharlton.mileage/u0a86 for added application com.evancharlton.mileage
06-05 15:51:18.426 D/AndroidRuntime(19771): Shutting down VM
06-05 15:51:18.426 D/EGL_emulation( 1712): eglMakeCurrent: 0xb4085540: ver 2 0 (tinfo 0xb4083740)
06-05 15:51:18.428 D/EGL_emulation( 1712): eglMakeCurrent: 0xb4085540: ver 2 0 (tinfo 0xb4083740)
06-05 15:51:18.432 W/System  (19781): ClassLoader referenced unknown path: /data/app/com.evancharlton.mileage.test-1/lib/x86
06-05 15:51:18.432 W/System  (19781): ClassLoader referenced unknown path: /data/app/com.evancharlton.mileage-1/lib/x86
06-05 15:51:18.435 W/System  (19781): ClassLoader referenced unknown path: 
06-05 15:51:18.439 I/System.out(19781): Main activity name automatically set to: com.evancharlton.mileage.Mileage
06-05 15:51:18.439 I/System.out(19781): Calabash did not load Mono. This is only a problem if you are trying to test a Mono application
06-05 15:51:18.440 I/calabash(19781): Test server port: 7102
06-05 15:51:18.440 I/InstrumentationBackend(19781): Added:'GetPreferences', with key:'get_preferences'
06-05 15:51:18.444 D/EGL_emulation( 1712): eglMakeCurrent: 0xb4085540: ver 2 0 (tinfo 0xb4083740)
06-05 15:51:18.444 I/InstrumentationBackend(19781): Added:'SetPreferences', with key:'set_preferences'
06-05 15:51:18.444 I/InstrumentationBackend(19781): Added:'ClearPreferences', with key:'clear_preferences'
06-05 15:51:18.444 I/InstrumentationBackend(19781): Added:'PressElement', with key:'press_l10n_element'
06-05 15:51:18.444 I/InstrumentationBackend(19781): Added:'WaitForElement', with key:'wait_for_l10n_element'
06-05 15:51:18.445 I/InstrumentationBackend(19781): Added:'NullAction', with key:'nullAction'
06-05 15:51:18.445 I/InstrumentationBackend(19781): Added:'PressKey', with key:'press_key'
06-05 15:51:18.445 I/InstrumentationBackend(19781): Added:'SetActivityOrientation', with key:'set_activity_orientation'
06-05 15:51:18.445 I/InstrumentationBackend(19781): Added:'GetActivityOrientation', with key:'get_activity_orientation'
06-05 15:51:18.445 I/InstrumentationBackend(19781): Added:'FakeGPSLocation', with key:'set_gps_coordinates'
06-05 15:51:18.445 I/InstrumentationBackend(19781): Added:'SetPropertyByCssSelector', with key:'set_property_by_css_selector'
06-05 15:51:18.445 I/InstrumentationBackend(19781): Added:'GetUrl', with key:'get_url'
06-05 15:51:18.445 I/InstrumentationBackend(19781): Added:'ScrollTo', with key:'scroll_to'
06-05 15:51:18.445 I/InstrumentationBackend(19781): Added:'GetLoadProgress', with key:'get_load_progress'
06-05 15:51:18.445 I/InstrumentationBackend(19781): Added:'DumpHtml', with key:'dump_html'
06-05 15:51:18.445 I/InstrumentationBackend(19781): Added:'DumpBodyHtml', with key:'dump_body_html'
06-05 15:51:18.445 I/InstrumentationBackend(19781): Added:'EnterTextByCssSelector', with key:'enter_text_by_selector'
06-05 15:51:18.446 I/InstrumentationBackend(19781): Added:'AndroidSDKVersion', with key:'android_sdk_version'
06-05 15:51:18.446 I/InstrumentationBackend(19781): Added:'Version', with key:'version'
06-05 15:51:18.446 I/InstrumentationBackend(19781): Added:'Drag', with key:'drag'
06-05 15:51:18.446 I/InstrumentationBackend(19781): Added:'TouchCoordinates', with key:'touch_coordinate'
06-05 15:51:18.446 I/InstrumentationBackend(19781): Added:'LongPressCoordinate', with key:'long_press_coordinate'
06-05 15:51:18.446 I/InstrumentationBackend(19781): Added:'DragCoordinates', with key:'drag_coordinates'
06-05 15:51:18.446 I/InstrumentationBackend(19781): Added:'ResumeApplication', with key:'resume_application'
06-05 15:51:18.446 I/InstrumentationBackend(19781): Added:'Swipe', with key:'swipe'
06-05 15:51:18.446 I/InstrumentationBackend(19781): Added:'DoubleTapCoordinate', with key:'double_tap_coordinate'
06-05 15:51:18.446 I/InstrumentationBackend(19781): Added:'ClickOnScreen', with key:'click_on_screen'
06-05 15:51:18.446 I/InstrumentationBackend(19781): Added:'GetActivityName', with key:'get_activity_name'
06-05 15:51:18.446 I/InstrumentationBackend(19781): Added:'ScrollToView', with key:'scroll_to_view'
06-05 15:51:18.446 I/InstrumentationBackend(19781): Added:'ViewConfiguration', with key:'view_configuration'
06-05 15:51:18.447 I/InstrumentationBackend(19781): Added:'IsCurrentActivityFocused', with key:'is_current_activity_focused'
06-05 15:51:18.447 I/InstrumentationBackend(19781): Added:'SendTcp', with key:'send_tcp'
06-05 15:51:18.447 I/InstrumentationBackend(19781): Added:'DpToDevicePixel', with key:'dp_to_device_pixel'
06-05 15:51:18.447 I/InstrumentationBackend(19781): Added:'KeyboardEnterText', with key:'keyboard_enter_text'
06-05 15:51:18.447 I/InstrumentationBackend(19781): Added:'DeleteSurroundingText', with key:'delete_surrounding_text'
06-05 15:51:18.447 I/InstrumentationBackend(19781): Added:'SetComposingRegion', with key:'set_composing_region'
06-05 15:51:18.447 I/InstrumentationBackend(19781): Added:'SetSelection', with key:'set_selection'
06-05 15:51:18.447 I/InstrumentationBackend(19781): Added:'KeyboardKeyEvent', with key:'keyboard_key_event'
06-05 15:51:18.447 I/InstrumentationBackend(19781): Added:'PressUserActionButton', with key:'press_user_action_button'
06-05 15:51:18.447 I/InstrumentationBackend(19781): Added:'HideSoftKeyboard', with key:'hide_soft_keyboard'
06-05 15:51:18.447 I/InstrumentationBackend(19781): Added:'ListActions', with key:'list_actions'
06-05 15:51:18.447 I/calabash(19781): Instantiating http server at 7102
06-05 15:51:18.447 I/System.out(19781): HTTP Daemon listening on: 7102
06-05 15:51:18.460 D/EGL_emulation( 1712): eglMakeCurrent: 0xb4085540: ver 2 0 (tinfo 0xb4083740)
06-05 15:51:18.462 D/EGL_emulation( 1712): eglMakeCurrent: 0xb4085540: ver 2 0 (tinfo 0xb4083740)
06-05 15:51:18.473 W/InputDispatcher( 1630): channel '14d7295 com.evancharlton.mileage/com.evancharlton.mileage.VehicleTypeActivity (server)' ~ Consumer closed input channel or an error occurred.  events=0x9
06-05 15:51:18.473 E/InputDispatcher( 1630): channel '14d7295 com.evancharlton.mileage/com.evancharlton.mileage.VehicleTypeActivity (server)' ~ Channel is unrecoverably broken and will be disposed!
06-05 15:51:18.473 W/InputDispatcher( 1630): channel 'c003fa com.evancharlton.mileage/com.evancharlton.mileage.VehicleTypeListActivity (server)' ~ Consumer closed input channel or an error occurred.  events=0x9
06-05 15:51:18.473 E/InputDispatcher( 1630): channel 'c003fa com.evancharlton.mileage/com.evancharlton.mileage.VehicleTypeListActivity (server)' ~ Channel is unrecoverably broken and will be disposed!
06-05 15:51:18.473 I/WindowManager( 1630): WIN DEATH: Window{14d7295 u0 com.evancharlton.mileage/com.evancharlton.mileage.VehicleTypeActivity}
06-05 15:51:18.473 W/InputDispatcher( 1630): Attempted to unregister already unregistered input channel '14d7295 com.evancharlton.mileage/com.evancharlton.mileage.VehicleTypeActivity (server)'
06-05 15:51:18.473 I/WindowManager( 1630): Destroying surface Surface(name=com.evancharlton.mileage/com.evancharlton.mileage.VehicleTypeActivity) called by com.android.server.wm.WindowStateAnimator.destroySurface:2016 com.android.server.wm.WindowStateAnimator.destroySurfaceLocked:882 com.android.server.wm.WindowState.removeLocked:1456 com.android.server.wm.WindowManagerService.removeWindowInnerLocked:2484 com.android.server.wm.WindowManagerService.removeWindowLocked:2442 com.android.server.wm.WindowState$DeathRecipient.binderDied:1787 android.os.BinderProxy.sendDeathNotice:688 <bottom of call stack> 
06-05 15:51:18.474 I/WindowManager( 1630): WIN DEATH: Window{c003fa u0 com.evancharlton.mileage/com.evancharlton.mileage.VehicleTypeListActivity EXITING}
06-05 15:51:18.474 W/InputDispatcher( 1630): Attempted to unregister already unregistered input channel 'c003fa com.evancharlton.mileage/com.evancharlton.mileage.VehicleTypeListActivity (server)'
06-05 15:51:18.483 D/EGL_emulation( 1712): eglMakeCurrent: 0xb4085540: ver 2 0 (tinfo 0xb4083740)
06-05 15:51:18.486 D/EGL_emulation( 1712): eglMakeCurrent: 0xb4085540: ver 2 0 (tinfo 0xb4083740)
06-05 15:51:18.493 D/EGL_emulation( 1712): eglMakeCurrent: 0xb4085540: ver 2 0 (tinfo 0xb4083740)
06-05 15:51:18.497 D/EGL_emulation( 1712): eglMakeCurrent: 0xb4085540: ver 2 0 (tinfo 0xb4083740)
06-05 15:51:18.510 D/EGL_emulation( 1712): eglMakeCurrent: 0xb4085540: ver 2 0 (tinfo 0xb4083740)
06-05 15:51:18.511 D/EGL_emulation( 1712): eglMakeCurrent: 0xb4085540: ver 2 0 (tinfo 0xb4083740)
06-05 15:51:18.528 D/EGL_emulation( 1712): eglMakeCurrent: 0xb4085540: ver 2 0 (tinfo 0xb4083740)
06-05 15:51:18.533 D/EGL_emulation( 1712): eglMakeCurrent: 0xb4085540: ver 2 0 (tinfo 0xb4083740)
06-05 15:51:18.540 I/System.out(19781): URI: //ping
06-05 15:51:18.540 I/System.out(19781): params: {json={}
06-05 15:51:18.540 I/System.out(19781): }
06-05 15:51:18.549 I/System.out(19781): URI: //ping
06-05 15:51:18.549 I/System.out(19781): params: {json={}
06-05 15:51:18.549 I/System.out(19781): }
06-05 15:51:18.556 I/System.out(19781): URI: //ready
06-05 15:51:18.556 I/System.out(19781): params: {json={}
06-05 15:51:18.556 I/System.out(19781): }
06-05 15:51:18.562 I/System.out(19781): URI: //
06-05 15:51:18.563 I/System.out(19781): params: {json={"command":"version","arguments":[]}
06-05 15:51:18.563 I/System.out(19781): }
06-05 15:51:18.563 I/System.out(19781): header: {content-type=application/json;charset=utf-8, date=Fri, 05 Jun 2020 20:51:19 GMT, accept=*/*, host=127.0.0.1:34784, content-length=36, user-agent=HTTPClient/1.0 (2.8.3, ruby 2.5.1 (2018-03-29))}
06-05 15:51:18.563 I/System.out(19781): params: {json={"command":"version","arguments":[]}
06-05 15:51:18.563 I/System.out(19781): }
06-05 15:51:18.563 I/System.out(19781): ProP json = {"command":"version","arguments":[]}
06-05 15:51:18.563 I/System.out(19781): files: {}
06-05 15:51:18.563 I/System.out(19781): command: {"command":"version","arguments":[]}
06-05 15:51:18.574 I/InstrumentationBackend(19781): Got command:'Command:'Line:null,version', arguments:'[]'
06-05 15:51:18.597 I/System.out(19781): result:{"bonusInformation":[],"message":"0.9.8","success":true}
06-05 15:51:18.602 I/System.out(19781): URI: //start-application
06-05 15:51:18.602 I/System.out(19781): params: {json={"intent":null}
06-05 15:51:18.602 I/System.out(19781): }
06-05 15:51:18.620 I/ActivityManager( 1630): START u0 {act=android.intent.action.MAIN cat=[android.intent.category.LAUNCHER] flg=0x10200000 cmp=com.evancharlton.mileage/.Mileage} from uid 10086 on display 0
06-05 15:51:18.632 I/calabash(19781): newActivity1
06-05 15:51:18.643 D/gralloc_ranchu( 1346): gralloc_alloc: Creating ashmem region of size 9023488
06-05 15:51:18.657 I/calabash(19781): newActivity1
06-05 15:51:18.660 W/ActivityManager( 1630): Bad activity token: android.os.BinderProxy@524dd6b
06-05 15:51:18.660 W/ActivityManager( 1630): java.lang.ClassCastException: android.os.BinderProxy cannot be cast to com.android.server.am.ActivityRecord$Token
06-05 15:51:18.660 W/ActivityManager( 1630): 	at com.android.server.am.ActivityRecord.forTokenLocked(ActivityRecord.java:586)
06-05 15:51:18.660 W/ActivityManager( 1630): 	at com.android.server.am.ActivityRecord.isInStackLocked(ActivityRecord.java:1327)
06-05 15:51:18.660 W/ActivityManager( 1630): 	at com.android.server.am.ActivityRecord.getStackLocked(ActivityRecord.java:1332)
06-05 15:51:18.660 W/ActivityManager( 1630): 	at com.android.server.am.ActivityManagerService.getActivityDisplayId(ActivityManagerService.java:9806)
06-05 15:51:18.660 W/ActivityManager( 1630): 	at android.app.ActivityManagerNative.onTransact(ActivityManagerNative.java:2566)
06-05 15:51:18.660 W/ActivityManager( 1630): 	at com.android.server.am.ActivityManagerService.onTransact(ActivityManagerService.java:2757)
06-05 15:51:18.660 W/ActivityManager( 1630): 	at android.os.Binder.execTransact(Binder.java:565)
06-05 15:51:18.663 W/ActivityManager( 1630): Bad activity token: android.os.BinderProxy@524dd6b
06-05 15:51:18.663 W/ActivityManager( 1630): java.lang.ClassCastException: android.os.BinderProxy cannot be cast to com.android.server.am.ActivityRecord$Token
06-05 15:51:18.663 W/ActivityManager( 1630): 	at com.android.server.am.ActivityRecord.forTokenLocked(ActivityRecord.java:586)
06-05 15:51:18.663 W/ActivityManager( 1630): 	at com.android.server.am.ActivityRecord.isInStackLocked(ActivityRecord.java:1327)
06-05 15:51:18.663 W/ActivityManager( 1630): 	at com.android.server.am.ActivityManagerService.setTaskDescription(ActivityManagerService.java:9358)
06-05 15:51:18.663 W/ActivityManager( 1630): 	at android.app.ActivityManagerNative.onTransact(ActivityManagerNative.java:2639)
06-05 15:51:18.663 W/ActivityManager( 1630): 	at com.android.server.am.ActivityManagerService.onTransact(ActivityManagerService.java:2757)
06-05 15:51:18.663 W/ActivityManager( 1630): 	at android.os.Binder.execTransact(Binder.java:565)
06-05 15:51:18.667 W/ActivityManager( 1630): Bad activity token: android.os.BinderProxy@524dd6b
06-05 15:51:18.667 W/ActivityManager( 1630): java.lang.ClassCastException: android.os.BinderProxy cannot be cast to com.android.server.am.ActivityRecord$Token
06-05 15:51:18.667 W/ActivityManager( 1630): 	at com.android.server.am.ActivityRecord.forTokenLocked(ActivityRecord.java:586)
06-05 15:51:18.667 W/ActivityManager( 1630): 	at com.android.server.am.ActivityRecord.isInStackLocked(ActivityRecord.java:1327)
06-05 15:51:18.667 W/ActivityManager( 1630): 	at com.android.server.am.ActivityRecord.getStackLocked(ActivityRecord.java:1332)
06-05 15:51:18.667 W/ActivityManager( 1630): 	at com.android.server.am.ActivityManagerService.getActivityStackId(ActivityManagerService.java:9817)
06-05 15:51:18.667 W/ActivityManager( 1630): 	at android.app.ActivityManagerNative.onTransact(ActivityManagerNative.java:2856)
06-05 15:51:18.667 W/ActivityManager( 1630): 	at com.android.server.am.ActivityManagerService.onTransact(ActivityManagerService.java:2757)
06-05 15:51:18.667 W/ActivityManager( 1630): 	at android.os.Binder.execTransact(Binder.java:565)
06-05 15:51:18.695 D/EGL_emulation( 2099): eglMakeCurrent: 0xb4085240: ver 2 0 (tinfo 0xb40832d0)
06-05 15:51:18.699 D/EGL_emulation( 1712): eglMakeCurrent: 0xb4085540: ver 2 0 (tinfo 0xb4083740)
06-05 15:51:18.704 W/ActivityManager( 1630): Bad activity token: android.os.BinderProxy@524dd6b
06-05 15:51:18.704 W/ActivityManager( 1630): java.lang.ClassCastException: android.os.BinderProxy cannot be cast to com.android.server.am.ActivityRecord$Token
06-05 15:51:18.704 W/ActivityManager( 1630): 	at com.android.server.am.ActivityRecord.forTokenLocked(ActivityRecord.java:586)
06-05 15:51:18.704 W/ActivityManager( 1630): 	at com.android.server.am.ActivityRecord.isInStackLocked(ActivityRecord.java:1327)
06-05 15:51:18.704 W/ActivityManager( 1630): 	at com.android.server.am.ActivityManagerService.getActivityOptions(ActivityManagerService.java:12559)
06-05 15:51:18.704 W/ActivityManager( 1630): 	at android.app.ActivityManagerNative.onTransact(ActivityManagerNative.java:1933)
06-05 15:51:18.704 W/ActivityManager( 1630): 	at com.android.server.am.ActivityManagerService.onTransact(ActivityManagerService.java:2757)
06-05 15:51:18.704 W/ActivityManager( 1630): 	at android.os.Binder.execTransact(Binder.java:565)
06-05 15:51:18.705 W/ActivityManager( 1630): Bad activity token: android.os.BinderProxy@524dd6b
06-05 15:51:18.705 W/ActivityManager( 1630): java.lang.ClassCastException: android.os.BinderProxy cannot be cast to com.android.server.am.ActivityRecord$Token
06-05 15:51:18.705 W/ActivityManager( 1630): 	at com.android.server.am.ActivityRecord.forTokenLocked(ActivityRecord.java:586)
06-05 15:51:18.705 W/ActivityManager( 1630): 	at com.android.server.am.ActivityRecord.isInStackLocked(ActivityRecord.java:1327)
06-05 15:51:18.705 W/ActivityManager( 1630): 	at com.android.server.am.ActivityManagerService.getActivityOptions(ActivityManagerService.java:12559)
06-05 15:51:18.705 W/ActivityManager( 1630): 	at android.app.ActivityManagerNative.onTransact(ActivityManagerNative.java:1933)
06-05 15:51:18.705 W/ActivityManager( 1630): 	at com.android.server.am.ActivityManagerService.onTransact(ActivityManagerService.java:2757)
06-05 15:51:18.705 W/ActivityManager( 1630): 	at android.os.Binder.execTransact(Binder.java:565)
06-05 15:51:18.710 D/EGL_emulation( 1712): eglMakeCurrent: 0xb4085540: ver 2 0 (tinfo 0xb4083740)
06-05 15:51:18.715 D/EGL_emulation( 1712): eglMakeCurrent: 0xb4085540: ver 2 0 (tinfo 0xb4083740)
06-05 15:51:18.716 V/PhoneStatusBar( 1712): setLightsOn(true)
06-05 15:51:18.727 D/EGL_emulation( 1712): eglMakeCurrent: 0xb4085540: ver 2 0 (tinfo 0xb4083740)
06-05 15:51:18.730 D/EGL_emulation( 1712): eglMakeCurrent: 0xb4085540: ver 2 0 (tinfo 0xb4083740)
06-05 15:51:18.743 I/WindowManager( 1630): Destroying surface Surface(name=com.evancharlton.mileage/com.evancharlton.mileage.VehicleTypeListActivity) called by com.android.server.wm.WindowStateAnimator.destroySurface:2016 com.android.server.wm.WindowStateAnimator.destroySurfaceLocked:882 com.android.server.wm.WindowState.removeLocked:1456 com.android.server.wm.WindowManagerService.removeWindowInnerLocked:2484 com.android.server.wm.AppWindowToken.destroySurfaces:365 com.android.server.wm.WindowStateAnimator.finishExit:565 com.android.server.wm.AppWindowAnimator.stepAnimationLocked:427 com.android.server.wm.WindowAnimator.updateAppWindowsLocked:196 
06-05 15:51:18.744 D/EGL_emulation( 1712): eglMakeCurrent: 0xb4085540: ver 2 0 (tinfo 0xb4083740)
06-05 15:51:18.744 D/gralloc_ranchu( 1346): gralloc_alloc: Creating ashmem region of size 9023488
06-05 15:51:18.751 D/        (19781): HostConnection::get() New Host Connection established 0xa7c14540, tid 19781
06-05 15:51:18.751 D/EGL_emulation( 1712): eglMakeCurrent: 0xb4085540: ver 2 0 (tinfo 0xb4083740)
06-05 15:51:18.820 D/EGL_emulation( 1712): eglMakeCurrent: 0xb4085540: ver 2 0 (tinfo 0xb4083740)
06-05 15:51:18.824 D/EGL_emulation( 1712): eglMakeCurrent: 0xb4085540: ver 2 0 (tinfo 0xb4083740)
06-05 15:51:18.824 V/PhoneStatusBar( 1712): setLightsOn(true)
06-05 15:51:18.827 D/EGL_emulation( 1712): eglMakeCurrent: 0xb4085540: ver 2 0 (tinfo 0xb4083740)
06-05 15:51:18.829 D/EGL_emulation( 1712): eglMakeCurrent: 0xb4085540: ver 2 0 (tinfo 0xb4083740)
06-05 15:51:18.843 D/EGL_emulation( 1712): eglMakeCurrent: 0xb4085540: ver 2 0 (tinfo 0xb4083740)
06-05 15:51:18.845 D/EGL_emulation( 1712): eglMakeCurrent: 0xb4085540: ver 2 0 (tinfo 0xb4083740)
06-05 15:51:18.860 D/EGL_emulation( 1712): eglMakeCurrent: 0xb4085540: ver 2 0 (tinfo 0xb4083740)
06-05 15:51:18.862 D/EGL_emulation( 1712): eglMakeCurrent: 0xb4085540: ver 2 0 (tinfo 0xb4083740)
06-05 15:51:18.862 D/gralloc_ranchu( 1346): gralloc_alloc: Creating ashmem region of size 9023488
06-05 15:51:18.876 I/ActivityManager( 1630): Displayed com.evancharlton.mileage/.Mileage: +250ms
06-05 15:51:18.877 D/EGL_emulation( 1712): eglMakeCurrent: 0xb4085540: ver 2 0 (tinfo 0xb4083740)
06-05 15:51:18.880 D/EGL_emulation( 1712): eglMakeCurrent: 0xb4085540: ver 2 0 (tinfo 0xb4083740)
06-05 15:51:18.893 D/EGL_emulation( 1712): eglMakeCurrent: 0xb4085540: ver 2 0 (tinfo 0xb4083740)
06-05 15:51:18.896 D/EGL_emulation( 1712): eglMakeCurrent: 0xb4085540: ver 2 0 (tinfo 0xb4083740)
06-05 15:51:18.910 D/EGL_emulation( 1712): eglMakeCurrent: 0xb4085540: ver 2 0 (tinfo 0xb4083740)
06-05 15:51:18.910 V/PhoneStatusBar( 1712): setLightsOn(true)
06-05 15:51:18.916 I/System.out(19781): URI: //map
06-05 15:51:18.916 I/System.out(19781): params: {json={"query":"* marked:'Vehicles'","operation":{"method_name":"query","arguments":[]}}
06-05 15:51:18.916 I/System.out(19781): }
06-05 15:51:18.931 W/ResourceType(19781): No package identifier when getting name for resource number 0x00000001
06-05 15:51:18.947 I/System.out(19781): URI: //gesture
06-05 15:51:18.947 I/System.out(19781): params: {json={"query_timeout":5.0,"gestures":[{"query_string":"* marked:'Vehicles'","touches":[{"x":50,"y":50,"offset_x":0,"offset_y":0,"wait":0.0,"time":0.2,"release":true,"query_string":null}]}]}
06-05 15:51:18.947 I/System.out(19781): }
06-05 15:51:18.953 W/ResourceType(19781): No package identifier when getting name for resource number 0x00000001
06-05 15:51:19.076 I/WindowManager( 1630): Destroying surface Surface(name=Starting com.evancharlton.mileage) called by com.android.server.wm.WindowStateAnimator.destroySurface:2016 com.android.server.wm.WindowStateAnimator.destroySurfaceLocked:882 com.android.server.wm.WindowState.destroyOrSaveSurface:2100 com.android.server.wm.AppWindowToken.destroySurfaces:363 com.android.server.wm.WindowStateAnimator.finishExit:565 com.android.server.wm.WindowStateAnimator.stepAnimationLocked:491 com.android.server.wm.WindowAnimator.updateWindowsLocked:303 com.android.server.wm.WindowAnimator.animateLocked:704 
06-05 15:51:19.078 V/PhoneStatusBar( 1712): setLightsOn(true)
06-05 15:51:19.110 V/PhoneStatusBar( 1712): setLightsOn(true)
06-05 15:51:19.160 V/PhoneStatusBar( 1712): setLightsOn(true)
06-05 15:51:19.178 I/calabash(19781): newActivity1
06-05 15:51:19.178 W/ActivityManager( 1630): Bad activity token: android.os.BinderProxy@cd6a10d
06-05 15:51:19.178 W/ActivityManager( 1630): java.lang.ClassCastException: android.os.BinderProxy cannot be cast to com.android.server.am.ActivityRecord$Token
06-05 15:51:19.178 W/ActivityManager( 1630): 	at com.android.server.am.ActivityRecord.forTokenLocked(ActivityRecord.java:586)
06-05 15:51:19.178 W/ActivityManager( 1630): 	at com.android.server.am.ActivityRecord.isInStackLocked(ActivityRecord.java:1327)
06-05 15:51:19.178 W/ActivityManager( 1630): 	at com.android.server.am.ActivityRecord.getStackLocked(ActivityRecord.java:1332)
06-05 15:51:19.178 W/ActivityManager( 1630): 	at com.android.server.am.ActivityManagerService.getActivityDisplayId(ActivityManagerService.java:9806)
06-05 15:51:19.178 W/ActivityManager( 1630): 	at android.app.ActivityManagerNative.onTransact(ActivityManagerNative.java:2566)
06-05 15:51:19.178 W/ActivityManager( 1630): 	at com.android.server.am.ActivityManagerService.onTransact(ActivityManagerService.java:2757)
06-05 15:51:19.178 W/ActivityManager( 1630): 	at android.os.Binder.execTransact(Binder.java:565)
06-05 15:51:19.180 W/ActivityManager( 1630): Bad activity token: android.os.BinderProxy@cd6a10d
06-05 15:51:19.180 W/ActivityManager( 1630): java.lang.ClassCastException: android.os.BinderProxy cannot be cast to com.android.server.am.ActivityRecord$Token
06-05 15:51:19.180 W/ActivityManager( 1630): 	at com.android.server.am.ActivityRecord.forTokenLocked(ActivityRecord.java:586)
06-05 15:51:19.180 W/ActivityManager( 1630): 	at com.android.server.am.ActivityRecord.isInStackLocked(ActivityRecord.java:1327)
06-05 15:51:19.180 W/ActivityManager( 1630): 	at com.android.server.am.ActivityManagerService.setTaskDescription(ActivityManagerService.java:9358)
06-05 15:51:19.180 W/ActivityManager( 1630): 	at android.app.ActivityManagerNative.onTransact(ActivityManagerNative.java:2639)
06-05 15:51:19.180 W/ActivityManager( 1630): 	at com.android.server.am.ActivityManagerService.onTransact(ActivityManagerService.java:2757)
06-05 15:51:19.180 W/ActivityManager( 1630): 	at android.os.Binder.execTransact(Binder.java:565)
06-05 15:51:19.180 W/ActivityManager( 1630): Bad activity token: android.os.BinderProxy@cd6a10d
06-05 15:51:19.180 W/ActivityManager( 1630): java.lang.ClassCastException: android.os.BinderProxy cannot be cast to com.android.server.am.ActivityRecord$Token
06-05 15:51:19.180 W/ActivityManager( 1630): 	at com.android.server.am.ActivityRecord.forTokenLocked(ActivityRecord.java:586)
06-05 15:51:19.180 W/ActivityManager( 1630): 	at com.android.server.am.ActivityRecord.isInStackLocked(ActivityRecord.java:1327)
06-05 15:51:19.180 W/ActivityManager( 1630): 	at com.android.server.am.ActivityRecord.getStackLocked(ActivityRecord.java:1332)
06-05 15:51:19.180 W/ActivityManager( 1630): 	at com.android.server.am.ActivityManagerService.getActivityStackId(ActivityManagerService.java:9817)
06-05 15:51:19.180 W/ActivityManager( 1630): 	at android.app.ActivityManagerNative.onTransact(ActivityManagerNative.java:2856)
06-05 15:51:19.180 W/ActivityManager( 1630): 	at com.android.server.am.ActivityManagerService.onTransact(ActivityManagerService.java:2757)
06-05 15:51:19.180 W/ActivityManager( 1630): 	at android.os.Binder.execTransact(Binder.java:565)
06-05 15:51:19.184 W/ActivityManager( 1630): Bad activity token: android.os.BinderProxy@cd6a10d
06-05 15:51:19.184 W/ActivityManager( 1630): java.lang.ClassCastException: android.os.BinderProxy cannot be cast to com.android.server.am.ActivityRecord$Token
06-05 15:51:19.184 W/ActivityManager( 1630): 	at com.android.server.am.ActivityRecord.forTokenLocked(ActivityRecord.java:586)
06-05 15:51:19.184 W/ActivityManager( 1630): 	at com.android.server.am.ActivityRecord.isInStackLocked(ActivityRecord.java:1327)
06-05 15:51:19.184 W/ActivityManager( 1630): 	at com.android.server.am.ActivityManagerService.getActivityOptions(ActivityManagerService.java:12559)
06-05 15:51:19.184 W/ActivityManager( 1630): 	at android.app.ActivityManagerNative.onTransact(ActivityManagerNative.java:1933)
06-05 15:51:19.184 W/ActivityManager( 1630): 	at com.android.server.am.ActivityManagerService.onTransact(ActivityManagerService.java:2757)
06-05 15:51:19.184 W/ActivityManager( 1630): 	at android.os.Binder.execTransact(Binder.java:565)
06-05 15:51:19.184 W/ActivityManager( 1630): Bad activity token: android.os.BinderProxy@cd6a10d
06-05 15:51:19.184 W/ActivityManager( 1630): java.lang.ClassCastException: android.os.BinderProxy cannot be cast to com.android.server.am.ActivityRecord$Token
06-05 15:51:19.184 W/ActivityManager( 1630): 	at com.android.server.am.ActivityRecord.forTokenLocked(ActivityRecord.java:586)
06-05 15:51:19.184 W/ActivityManager( 1630): 	at com.android.server.am.ActivityRecord.isInStackLocked(ActivityRecord.java:1327)
06-05 15:51:19.184 W/ActivityManager( 1630): 	at com.android.server.am.ActivityManagerService.getActivityOptions(ActivityManagerService.java:12559)
06-05 15:51:19.184 W/ActivityManager( 1630): 	at android.app.ActivityManagerNative.onTransact(ActivityManagerNative.java:1933)
06-05 15:51:19.184 W/ActivityManager( 1630): 	at com.android.server.am.ActivityManagerService.onTransact(ActivityManagerService.java:2757)
06-05 15:51:19.184 W/ActivityManager( 1630): 	at android.os.Binder.execTransact(Binder.java:565)
06-05 15:51:19.443 V/PhoneStatusBar( 1712): setLightsOn(true)
06-05 15:51:19.443 W/OpenGLRenderer( 2099): Incorrectly called buildLayer on View: ShortcutAndWidgetContainer, destroying layer...
06-05 15:51:19.444 V/PhoneStatusBar( 1712): setLightsOn(true)
06-05 15:51:19.460 I/WindowManager( 1630): Destroying surface Surface(name=com.android.launcher3/com.android.launcher3.Launcher) called by com.android.server.wm.WindowStateAnimator.destroySurface:2016 com.android.server.wm.WindowStateAnimator.destroySurfaceLocked:882 com.android.server.wm.WindowState.destroyOrSaveSurface:2100 com.android.server.wm.AppWindowToken.destroySurfaces:363 com.android.server.wm.AppWindowToken.notifyAppStopped:389 com.android.server.wm.WindowManagerService.notifyAppStopped:4463 com.android.server.am.ActivityStack.activityStoppedLocked:1252 com.android.server.am.ActivityManagerService.activityStopped:6903 
06-05 15:51:19.461 V/PhoneStatusBar( 1712): setLightsOn(true)
06-05 15:51:20.188 I/System.out(19781): URI: //
06-05 15:51:20.188 I/System.out(19781): params: {json={"command":"press_key","arguments":["KEYCODE_MENU"]}
06-05 15:51:20.188 I/System.out(19781): }
06-05 15:51:20.188 I/System.out(19781): header: {content-type=application/json;charset=utf-8, date=Fri, 05 Jun 2020 20:51:20 GMT, accept=*/*, host=127.0.0.1:34784, content-length=52, user-agent=HTTPClient/1.0 (2.8.3, ruby 2.5.1 (2018-03-29))}
06-05 15:51:20.188 I/System.out(19781): params: {json={"command":"press_key","arguments":["KEYCODE_MENU"]}
06-05 15:51:20.188 I/System.out(19781): }
06-05 15:51:20.188 I/System.out(19781): ProP json = {"command":"press_key","arguments":["KEYCODE_MENU"]}
06-05 15:51:20.188 I/System.out(19781): files: {}
06-05 15:51:20.188 I/System.out(19781): command: {"command":"press_key","arguments":["KEYCODE_MENU"]}
06-05 15:51:20.189 I/InstrumentationBackend(19781): Got command:'Command:'Line:null,press_key', arguments:'[KEYCODE_MENU]'
06-05 15:51:20.198 V/PhoneStatusBar( 1712): setLightsOn(true)
06-05 15:51:20.203 I/System.out(19781): result:{"bonusInformation":[],"message":"","success":true}
06-05 15:51:20.206 I/System.out(19781): URI: //map
06-05 15:51:20.206 I/System.out(19781): params: {json={"query":"* marked:'Edit vehicle types'","operation":{"method_name":"query","arguments":[]}}
06-05 15:51:20.206 I/System.out(19781): }
06-05 15:51:20.211 V/PhoneStatusBar( 1712): setLightsOn(true)
06-05 15:51:20.227 V/PhoneStatusBar( 1712): setLightsOn(true)
06-05 15:51:20.243 V/PhoneStatusBar( 1712): setLightsOn(true)
06-05 15:51:20.244 D/gralloc_ranchu( 1346): gralloc_alloc: Creating ashmem region of size 1720320
06-05 15:51:20.254 V/PhoneStatusBar( 1712): setLightsOn(true)
06-05 15:51:20.254 W/ResourceType(19781): No package identifier when getting name for resource number 0x00000001
06-05 15:51:20.254 V/PhoneStatusBar( 1712): setLightsOn(true)
06-05 15:51:20.258 I/art     (19781): Do partial code cache collection, code=30KB, data=28KB
06-05 15:51:20.258 I/art     (19781): After code cache collection, code=29KB, data=28KB
06-05 15:51:20.258 I/art     (19781): Increasing code cache capacity to 128KB
06-05 15:51:20.260 V/PhoneStatusBar( 1712): setLightsOn(true)
06-05 15:51:20.265 I/System.out(19781): URI: //gesture
06-05 15:51:20.265 I/System.out(19781): params: {json={"query_timeout":5.0,"gestures":[{"query_string":"* marked:'Edit vehicle types'","touches":[{"x":50,"y":50,"offset_x":0,"offset_y":0,"wait":0.0,"time":0.2,"release":true,"query_string":null}]}]}
06-05 15:51:20.265 I/System.out(19781): }
06-05 15:51:20.272 W/ResourceType(19781): No package identifier when getting name for resource number 0x00000001
06-05 15:51:20.376 D/gralloc_ranchu( 1346): gralloc_alloc: Creating ashmem region of size 1720320
06-05 15:51:20.456 D/gralloc_ranchu( 1346): gralloc_alloc: Creating ashmem region of size 9023488
06-05 15:51:20.476 V/PhoneStatusBar( 1712): setLightsOn(true)
06-05 15:51:20.553 I/System.out(19781): URI: //map
06-05 15:51:20.553 I/System.out(19781): params: {json={"query":"* marked:'Sedan'","operation":{"method_name":"query","arguments":[]}}
06-05 15:51:20.553 I/System.out(19781): }
06-05 15:51:20.569 I/ActivityManager( 1630): START u0 {cmp=com.evancharlton.mileage/.VehicleTypeListActivity} from uid 10086 on display 0
06-05 15:51:20.570 V/PhoneStatusBar( 1712): setLightsOn(true)
06-05 15:51:20.571 V/PhoneStatusBar( 1712): setLightsOn(true)
06-05 15:51:20.605 I/WindowManager( 1630): Destroying surface Surface(name=AtchDlg:com.evancharlton.mileage/com.evancharlton.mileage.VehicleListActivity) called by com.android.server.wm.WindowStateAnimator.destroySurface:2016 com.android.server.wm.WindowStateAnimator.destroySurfaceLocked:882 com.android.server.wm.WindowState.removeLocked:1456 com.android.server.wm.WindowManagerService.removeWindowInnerLocked:2484 com.android.server.wm.WindowManagerService.removeWindowLocked:2442 com.android.server.wm.WindowManagerService.removeWindowLocked:2311 com.android.server.wm.WindowManagerService.removeWindow:2306 com.android.server.wm.Session.remove:202 
06-05 15:51:20.606 W/ResourceType(19781): No package identifier when getting name for resource number 0x00000001
06-05 15:51:20.636 I/calabash(19781): newActivity1
06-05 15:51:20.670 V/PhoneStatusBar( 1712): setLightsOn(true)
06-05 15:51:20.676 V/PhoneStatusBar( 1712): setLightsOn(true)
06-05 15:51:20.693 V/PhoneStatusBar( 1712): setLightsOn(true)
06-05 15:51:20.709 D/gralloc_ranchu( 1346): gralloc_alloc: Creating ashmem region of size 9023488
06-05 15:51:20.743 V/PhoneStatusBar( 1712): setLightsOn(true)
06-05 15:51:20.745 D/gralloc_ranchu( 1346): gralloc_alloc: Creating ashmem region of size 9023488
06-05 15:51:20.759 I/ActivityManager( 1630): Displayed com.evancharlton.mileage/.VehicleTypeListActivity: +158ms
06-05 15:51:20.760 V/PhoneStatusBar( 1712): setLightsOn(true)
06-05 15:51:20.776 V/PhoneStatusBar( 1712): setLightsOn(true)
06-05 15:51:20.826 V/PhoneStatusBar( 1712): setLightsOn(true)
06-05 15:51:20.915 I/System.out(19781): URI: //map
06-05 15:51:20.915 I/System.out(19781): params: {json={"query":"* marked:'Sedan'","operation":{"method_name":"query","arguments":[]}}
06-05 15:51:20.915 I/System.out(19781): }
06-05 15:51:20.920 W/ResourceType(19781): No package identifier when getting name for resource number 0x00000001
06-05 15:51:20.936 I/System.out(19781): URI: //gesture
06-05 15:51:20.936 I/System.out(19781): params: {json={"query_timeout":5.0,"gestures":[{"query_string":"* marked:'Sedan'","touches":[{"x":50,"y":50,"offset_x":0,"offset_y":0,"wait":0.0,"time":0.2,"release":true,"query_string":null}]}]}
06-05 15:51:20.936 I/System.out(19781): }
06-05 15:51:20.941 W/ResourceType(19781): No package identifier when getting name for resource number 0x00000001
06-05 15:51:20.976 V/PhoneStatusBar( 1712): setLightsOn(true)
06-05 15:51:21.093 V/PhoneStatusBar( 1712): setLightsOn(true)
06-05 15:51:21.094 V/PhoneStatusBar( 1712): setLightsOn(true)
06-05 15:51:21.099 D/gralloc_ranchu( 1346): gralloc_alloc: Creating ashmem region of size 9023488
06-05 15:51:21.110 V/PhoneStatusBar( 1712): setLightsOn(true)
06-05 15:51:21.170 I/WindowManager( 1630): Destroying surface Surface(name=com.evancharlton.mileage/com.evancharlton.mileage.Mileage) called by com.android.server.wm.WindowStateAnimator.destroySurface:2016 com.android.server.wm.WindowStateAnimator.destroySurfaceLocked:882 com.android.server.wm.WindowState.destroyOrSaveSurface:2100 com.android.server.wm.WindowManagerService.tryStartExitingAnimation:3024 com.android.server.wm.WindowManagerService.relayoutWindow:2904 com.android.server.wm.Session.relayout:224 android.view.IWindowSession$Stub.onTransact:286 com.android.server.wm.Session.onTransact:145 
06-05 15:51:21.170 V/PhoneStatusBar( 1712): setLightsOn(true)
06-05 15:51:21.204 I/System.out(19781): URI: //gesture
06-05 15:51:21.204 I/System.out(19781): params: {json={"query_timeout":5.0,"gestures":[{"query_string":"android.widget.EditText index:1","touches":[{"x":50,"y":50,"offset_x":0,"offset_y":0,"wait":0.0,"time":0.2,"release":true,"query_string":null}]}]}
06-05 15:51:21.204 I/System.out(19781): }
06-05 15:51:21.260 I/ActivityManager( 1630): START u0 {cmp=com.evancharlton.mileage/.VehicleTypeActivity (has extras)} from uid 10086 on display 0
06-05 15:51:21.261 V/PhoneStatusBar( 1712): setLightsOn(true)
06-05 15:51:21.261 V/PhoneStatusBar( 1712): setLightsOn(true)
06-05 15:51:21.302 I/calabash(19781): newActivity1
06-05 15:51:21.326 V/PhoneStatusBar( 1712): setLightsOn(true)
06-05 15:51:21.328 D/gralloc_ranchu( 1346): gralloc_alloc: Creating ashmem region of size 9023488
06-05 15:51:21.343 V/PhoneStatusBar( 1712): setLightsOn(true)
06-05 15:51:21.349 W/InputMethodService( 1697): Window size has been changed. This may cause jankiness of resizing window: -1 -> -2
06-05 15:51:21.349 I/ActivityManager( 1630): Displayed com.evancharlton.mileage/.VehicleTypeActivity: +48ms
06-05 15:51:21.354 I/LatinIME( 1697): Starting input. Cursor position = 0,0
06-05 15:51:21.359 D/gralloc_ranchu( 1346): gralloc_alloc: Creating ashmem region of size 9023488
06-05 15:51:21.359 V/PhoneStatusBar( 1712): setLightsOn(true)
06-05 15:51:21.376 V/PhoneStatusBar( 1712): setLightsOn(true)
06-05 15:51:21.426 V/PhoneStatusBar( 1712): setLightsOn(true)
06-05 15:51:21.443 V/PhoneStatusBar( 1712): setLightsOn(true)
06-05 15:51:21.465 D/EGL_emulation( 1712): eglMakeCurrent: 0xb4085540: ver 2 0 (tinfo 0xb4083740)
06-05 15:51:21.467 V/PhoneStatusBar( 1712): setLightsOn(true)
06-05 15:51:21.467 D/EGL_emulation( 1697): eglMakeCurrent: 0xb4085660: ver 2 0 (tinfo 0xb40834b0)
06-05 15:51:21.478 D/EGL_emulation( 1712): eglMakeCurrent: 0xb4085540: ver 2 0 (tinfo 0xb4083740)
06-05 15:51:21.510 V/PhoneStatusBar( 1712): setLightsOn(true)
06-05 15:51:21.526 V/PhoneStatusBar( 1712): setLightsOn(true)
06-05 15:51:21.593 V/PhoneStatusBar( 1712): setLightsOn(true)
06-05 15:51:21.710 V/PhoneStatusBar( 1712): setLightsOn(true)
06-05 15:51:21.726 V/PhoneStatusBar( 1712): setLightsOn(true)
06-05 15:51:21.727 V/PhoneStatusBar( 1712): setLightsOn(true)
06-05 15:51:21.743 I/WindowManager( 1630): Destroying surface Surface(name=com.evancharlton.mileage/com.evancharlton.mileage.VehicleTypeListActivity) called by com.android.server.wm.WindowStateAnimator.destroySurface:2016 com.android.server.wm.WindowStateAnimator.destroySurfaceLocked:882 com.android.server.wm.WindowState.destroyOrSaveSurface:2100 com.android.server.wm.WindowManagerService.tryStartExitingAnimation:3024 com.android.server.wm.WindowManagerService.relayoutWindow:2904 com.android.server.wm.Session.relayout:224 android.view.IWindowSession$Stub.onTransact:286 com.android.server.wm.Session.onTransact:145 
06-05 15:51:21.743 V/PhoneStatusBar( 1712): setLightsOn(true)
06-05 15:51:21.744 V/PhoneStatusBar( 1712): setLightsOn(true)
06-05 15:51:21.996 I/LatinIME( 1697): Starting input. Cursor position = 15,15
06-05 15:51:22.035 W/IInputConnectionWrapper(19781): finishComposingText on inactive InputConnection
06-05 15:51:22.035 W/IInputConnectionWrapper(19781): finishComposingText on inactive InputConnection
06-05 15:51:22.036 V/PhoneStatusBar( 1712): setLightsOn(true)
06-05 15:51:22.043 V/PhoneStatusBar( 1712): setLightsOn(true)
06-05 15:51:22.059 D/gralloc_ranchu( 1346): gralloc_alloc: Creating ashmem region of size 49152
06-05 15:51:22.065 V/PhoneStatusBar( 1712): setLightsOn(true)
06-05 15:51:22.066 V/PhoneStatusBar( 1712): setLightsOn(true)
06-05 15:51:22.077 V/PhoneStatusBar( 1712): setLightsOn(true)
06-05 15:51:22.176 V/PhoneStatusBar( 1712): setLightsOn(true)
06-05 15:51:22.192 D/gralloc_ranchu( 1346): gralloc_alloc: Creating ashmem region of size 49152
06-05 15:51:22.507 I/System.out(19781): URI: //
06-05 15:51:22.508 I/System.out(19781): params: {json={"command":"set_selection","arguments":[-1,-1]}
06-05 15:51:22.508 I/System.out(19781): }
06-05 15:51:22.508 I/System.out(19781): header: {content-type=application/json;charset=utf-8, date=Fri, 05 Jun 2020 20:51:23 GMT, accept=*/*, host=127.0.0.1:34784, content-length=47, user-agent=HTTPClient/1.0 (2.8.3, ruby 2.5.1 (2018-03-29))}
06-05 15:51:22.508 I/System.out(19781): params: {json={"command":"set_selection","arguments":[-1,-1]}
06-05 15:51:22.508 I/System.out(19781): }
06-05 15:51:22.508 I/System.out(19781): ProP json = {"command":"set_selection","arguments":[-1,-1]}
06-05 15:51:22.508 I/System.out(19781): files: {}
06-05 15:51:22.508 I/System.out(19781): command: {"command":"set_selection","arguments":[-1,-1]}
06-05 15:51:22.512 I/InstrumentationBackend(19781): Got command:'Command:'Line:null,set_selection', arguments:'[-1, -1]'
06-05 15:51:22.576 I/System.out(19781): result:{"bonusInformation":[],"message":"","success":true}
06-05 15:51:22.644 D/gralloc_ranchu( 1346): gralloc_alloc: Creating ashmem region of size 9023488
06-05 15:51:22.678 I/System.out(19781): URI: //
06-05 15:51:22.678 I/System.out(19781): params: {json={"command":"delete_surrounding_text","arguments":[-1,0]}
06-05 15:51:22.678 I/System.out(19781): }
06-05 15:51:22.678 I/System.out(19781): header: {content-type=application/json;charset=utf-8, date=Fri, 05 Jun 2020 20:51:23 GMT, accept=*/*, host=127.0.0.1:34784, content-length=56, user-agent=HTTPClient/1.0 (2.8.3, ruby 2.5.1 (2018-03-29))}
06-05 15:51:22.678 I/System.out(19781): params: {json={"command":"delete_surrounding_text","arguments":[-1,0]}
06-05 15:51:22.678 I/System.out(19781): }
06-05 15:51:22.678 I/System.out(19781): ProP json = {"command":"delete_surrounding_text","arguments":[-1,0]}
06-05 15:51:22.678 I/System.out(19781): files: {}
06-05 15:51:22.678 I/System.out(19781): command: {"command":"delete_surrounding_text","arguments":[-1,0]}
06-05 15:51:22.679 I/InstrumentationBackend(19781): Got command:'Command:'Line:null,delete_surrounding_text', arguments:'[-1, 0]'
06-05 15:51:22.716 E/SpannableStringBuilder(19781): SPAN_EXCLUSIVE_EXCLUSIVE spans cannot have a zero length
06-05 15:51:22.716 E/SpannableStringBuilder(19781): SPAN_EXCLUSIVE_EXCLUSIVE spans cannot have a zero length
06-05 15:51:22.718 V/PhoneStatusBar( 1712): setLightsOn(true)
06-05 15:51:22.721 I/System.out(19781): result:{"bonusInformation":[],"message":"","success":true}
06-05 15:51:22.724 I/System.out(19781): URI: //map
06-05 15:51:22.724 I/System.out(19781): params: {json={"query":"android.widget.EditText index:1","operation":{"method_name":"query","arguments":[]}}
06-05 15:51:22.724 I/System.out(19781): }
06-05 15:51:22.804 I/System.out(19781): URI: //gesture
06-05 15:51:22.804 I/System.out(19781): params: {json={"query_timeout":5.0,"gestures":[{"query_string":"android.widget.EditText index:1","touches":[{"x":50,"y":50,"offset_x":0,"offset_y":0,"wait":0.0,"time":0.2,"release":true,"query_string":null}]}]}
06-05 15:51:22.804 I/System.out(19781): }
06-05 15:51:22.893 I/WindowManager( 1630): Destroying surface Surface(name=PopupWindow:83014c0) called by com.android.server.wm.WindowStateAnimator.destroySurface:2016 com.android.server.wm.WindowStateAnimator.destroySurfaceLocked:882 com.android.server.wm.WindowState.destroyOrSaveSurface:2100 com.android.server.wm.AppWindowToken.destroySurfaces:363 com.android.server.wm.WindowStateAnimator.finishExit:565 com.android.server.wm.WindowStateAnimator.stepAnimationLocked:491 com.android.server.wm.WindowAnimator.updateWindowsLocked:303 com.android.server.wm.WindowAnimator.animateLocked:704 
06-05 15:51:22.895 V/PhoneStatusBar( 1712): setLightsOn(true)
06-05 15:51:22.900 V/PhoneStatusBar( 1712): setLightsOn(true)
06-05 15:51:23.584 I/System.out(19781): URI: //
06-05 15:51:23.584 I/System.out(19781): params: {json={"command":"set_selection","arguments":[-1,-1]}
06-05 15:51:23.584 I/System.out(19781): }
06-05 15:51:23.584 I/System.out(19781): header: {content-type=application/json;charset=utf-8, date=Fri, 05 Jun 2020 20:51:24 GMT, accept=*/*, host=127.0.0.1:34784, content-length=47, user-agent=HTTPClient/1.0 (2.8.3, ruby 2.5.1 (2018-03-29))}
06-05 15:51:23.584 I/System.out(19781): params: {json={"command":"set_selection","arguments":[-1,-1]}
06-05 15:51:23.584 I/System.out(19781): }
06-05 15:51:23.584 I/System.out(19781): ProP json = {"command":"set_selection","arguments":[-1,-1]}
06-05 15:51:23.584 I/System.out(19781): files: {}
06-05 15:51:23.584 I/System.out(19781): command: {"command":"set_selection","arguments":[-1,-1]}
06-05 15:51:23.587 I/InstrumentationBackend(19781): Got command:'Command:'Line:null,set_selection', arguments:'[-1, -1]'
06-05 15:51:23.595 I/System.out(19781): result:{"bonusInformation":[],"message":"","success":true}
06-05 15:51:23.631 I/System.out(19781): URI: //
06-05 15:51:23.631 I/System.out(19781): params: {json={"command":"keyboard_enter_text","arguments":["5 Passengers"]}
06-05 15:51:23.631 I/System.out(19781): }
06-05 15:51:23.631 I/System.out(19781): header: {content-type=application/json;charset=utf-8, date=Fri, 05 Jun 2020 20:51:24 GMT, accept=*/*, host=127.0.0.1:34784, content-length=62, user-agent=HTTPClient/1.0 (2.8.3, ruby 2.5.1 (2018-03-29))}
06-05 15:51:23.631 I/System.out(19781): params: {json={"command":"keyboard_enter_text","arguments":["5 Passengers"]}
06-05 15:51:23.631 I/System.out(19781): }
06-05 15:51:23.631 I/System.out(19781): ProP json = {"command":"keyboard_enter_text","arguments":["5 Passengers"]}
06-05 15:51:23.631 I/System.out(19781): files: {}
06-05 15:51:23.631 I/System.out(19781): command: {"command":"keyboard_enter_text","arguments":["5 Passengers"]}
06-05 15:51:23.633 I/InstrumentationBackend(19781): Got command:'Command:'Line:null,keyboard_enter_text', arguments:'[5 Passengers]'
06-05 15:51:23.633 E/SpannableStringBuilder(19781): SPAN_EXCLUSIVE_EXCLUSIVE spans cannot have a zero length
06-05 15:51:23.634 E/SpannableStringBuilder(19781): SPAN_EXCLUSIVE_EXCLUSIVE spans cannot have a zero length
06-05 15:51:23.640 I/LatinIME:LogUtils( 1697): Dictionary info: dictionary = spellcheck_userunigram.en_US ; version = 1591390283 ; date = ?
06-05 15:51:23.648 E/SpannableStringBuilder(19781): SPAN_EXCLUSIVE_EXCLUSIVE spans cannot have a zero length
06-05 15:51:23.648 I/LatinIME:LogUtils( 1697): Dictionary info: dictionary = main:en ; version = 54 ; date = 1414726273
06-05 15:51:23.648 E/SpannableStringBuilder(19781): SPAN_EXCLUSIVE_EXCLUSIVE spans cannot have a zero length
06-05 15:51:23.654 I/System.out(19781): result:{"bonusInformation":[],"message":"","success":true}
06-05 15:51:23.658 I/System.out(19781): URI: //
06-05 15:51:23.658 I/System.out(19781): params: {json={"command":"press_key","arguments":["KEYCODE_BACK"]}
06-05 15:51:23.658 I/System.out(19781): }
06-05 15:51:23.658 I/System.out(19781): header: {content-type=application/json;charset=utf-8, date=Fri, 05 Jun 2020 20:51:24 GMT, accept=*/*, host=127.0.0.1:34784, content-length=52, user-agent=HTTPClient/1.0 (2.8.3, ruby 2.5.1 (2018-03-29))}
06-05 15:51:23.658 I/System.out(19781): params: {json={"command":"press_key","arguments":["KEYCODE_BACK"]}
06-05 15:51:23.658 I/System.out(19781): }
06-05 15:51:23.658 I/System.out(19781): ProP json = {"command":"press_key","arguments":["KEYCODE_BACK"]}
06-05 15:51:23.658 I/System.out(19781): files: {}
06-05 15:51:23.658 I/System.out(19781): command: {"command":"press_key","arguments":["KEYCODE_BACK"]}
06-05 15:51:23.659 I/InstrumentationBackend(19781): Got command:'Command:'Line:null,press_key', arguments:'[KEYCODE_BACK]'
06-05 15:51:23.663 I/art     (19781): Do partial code cache collection, code=54KB, data=59KB
