--------- beginning of system
06-05 12:37:09.196 W/ActivityManager( 1659): Crash of app com.evancharlton.mileage running instrumentation ComponentInfo{com.evancharlton.mileage.test/sh.calaba.instrumentationbackend.CalabashInstrumentationTestRunner}
06-05 12:37:09.196 I/ActivityManager( 1659): Force stopping com.evancharlton.mileage appid=10082 user=0: finished inst
06-05 12:37:09.196 I/ActivityManager( 1659):   Force stopping service ServiceRecord{3694862 u0 com.evancharlton.mileage/.services.AutomaticBackupService}
--------- beginning of main
06-05 12:37:09.199 V/PhoneStatusBar( 1792): setLightsOn(true)
06-05 12:37:09.232 D/EGL_emulation( 2389): eglMakeCurrent: 0xb1284ec0: ver 2 0 (tinfo 0x98c170c0)
06-05 12:37:09.232 W/OpenGLRenderer( 2389): Incorrectly called buildLayer on View: ShortcutAndWidgetContainer, destroying layer...
06-05 12:37:09.247 D/EGL_emulation( 1792): eglMakeCurrent: 0x992abea0: ver 2 0 (tinfo 0xa5a6f110)
06-05 12:37:09.263 D/EGL_emulation( 1792): eglMakeCurrent: 0x992abea0: ver 2 0 (tinfo 0xa5a6f110)
06-05 12:37:09.265 D/EGL_emulation( 1792): eglMakeCurrent: 0x992abea0: ver 2 0 (tinfo 0xa5a6f110)
06-05 12:37:09.280 D/EGL_emulation( 1792): eglMakeCurrent: 0x992abea0: ver 2 0 (tinfo 0xa5a6f110)
06-05 12:37:09.281 D/EGL_emulation( 1792): eglMakeCurrent: 0x992abea0: ver 2 0 (tinfo 0xa5a6f110)
06-05 12:37:09.296 D/EGL_emulation( 1792): eglMakeCurrent: 0x992abea0: ver 2 0 (tinfo 0xa5a6f110)
06-05 12:37:09.297 D/EGL_emulation( 1792): eglMakeCurrent: 0x992abea0: ver 2 0 (tinfo 0xa5a6f110)
06-05 12:37:09.313 D/EGL_emulation( 1792): eglMakeCurrent: 0x992abea0: ver 2 0 (tinfo 0xa5a6f110)
06-05 12:37:09.315 D/EGL_emulation( 1792): eglMakeCurrent: 0x992abea0: ver 2 0 (tinfo 0xa5a6f110)
06-05 12:37:09.330 D/EGL_emulation( 1792): eglMakeCurrent: 0x992abea0: ver 2 0 (tinfo 0xa5a6f110)
06-05 12:37:09.331 D/EGL_emulation( 1792): eglMakeCurrent: 0x992abea0: ver 2 0 (tinfo 0xa5a6f110)
06-05 12:37:09.332 D/AndroidRuntime(13836): >>>>>> START com.android.internal.os.RuntimeInit uid 2000 <<<<<<
06-05 12:37:09.333 D/AndroidRuntime(13836): CheckJNI is ON
06-05 12:37:09.343 W/art     (13836): Unexpected CPU variant for X86 using defaults: x86
06-05 12:37:09.345 D/ICU     (13836): No timezone override file found: /data/misc/zoneinfo/current/icu/icu_tzdata.dat
06-05 12:37:09.346 D/EGL_emulation( 1792): eglMakeCurrent: 0x992abea0: ver 2 0 (tinfo 0xa5a6f110)
06-05 12:37:09.348 D/EGL_emulation( 1792): eglMakeCurrent: 0x992abea0: ver 2 0 (tinfo 0xa5a6f110)
06-05 12:37:09.352 E/memtrack(13836): Couldn't load memtrack module (No such file or directory)
06-05 12:37:09.352 E/android.os.Debug(13836): failed to load memtrack module: -2
06-05 12:37:09.353 I/Radio-JNI(13836): register_android_hardware_Radio DONE
06-05 12:37:09.356 D/AndroidRuntime(13836): Calling main entry com.android.commands.am.Am
06-05 12:37:09.358 I/ActivityManager( 1659): Force stopping com.evancharlton.mileage appid=10082 user=0: start instr
06-05 12:37:09.360 I/art     (13846): Not late-enabling -Xcheck:jni (already on)
06-05 12:37:09.360 W/art     (13846): Unexpected CPU variant for X86 using defaults: x86
06-05 12:37:09.363 D/EGL_emulation( 1792): eglMakeCurrent: 0x992abea0: ver 2 0 (tinfo 0xa5a6f110)
06-05 12:37:09.365 D/EGL_emulation( 1792): eglMakeCurrent: 0x992abea0: ver 2 0 (tinfo 0xa5a6f110)
06-05 12:37:09.368 I/ActivityManager( 1659): Start proc 13846:com.evancharlton.mileage/u0a82 for added application com.evancharlton.mileage
06-05 12:37:09.369 D/AndroidRuntime(13836): Shutting down VM
06-05 12:37:09.373 W/System  (13846): ClassLoader referenced unknown path: /data/app/com.evancharlton.mileage.test-1/lib/x86
06-05 12:37:09.373 W/System  (13846): ClassLoader referenced unknown path: /data/app/com.evancharlton.mileage-1/lib/x86
06-05 12:37:09.375 W/System  (13846): ClassLoader referenced unknown path: 
06-05 12:37:09.378 I/System.out(13846): Main activity name automatically set to: com.evancharlton.mileage.Mileage
06-05 12:37:09.378 I/System.out(13846): Calabash did not load Mono. This is only a problem if you are trying to test a Mono application
06-05 12:37:09.378 I/calabash(13846): Test server port: 7102
06-05 12:37:09.379 I/InstrumentationBackend(13846): Added:'GetPreferences', with key:'get_preferences'
06-05 12:37:09.380 D/EGL_emulation( 1792): eglMakeCurrent: 0x992abea0: ver 2 0 (tinfo 0xa5a6f110)
06-05 12:37:09.381 D/EGL_emulation( 1792): eglMakeCurrent: 0x992abea0: ver 2 0 (tinfo 0xa5a6f110)
06-05 12:37:09.382 I/InstrumentationBackend(13846): Added:'SetPreferences', with key:'set_preferences'
06-05 12:37:09.383 I/InstrumentationBackend(13846): Added:'ClearPreferences', with key:'clear_preferences'
06-05 12:37:09.383 I/InstrumentationBackend(13846): Added:'PressElement', with key:'press_l10n_element'
06-05 12:37:09.383 I/InstrumentationBackend(13846): Added:'WaitForElement', with key:'wait_for_l10n_element'
06-05 12:37:09.383 I/InstrumentationBackend(13846): Added:'NullAction', with key:'nullAction'
06-05 12:37:09.383 I/InstrumentationBackend(13846): Added:'PressKey', with key:'press_key'
06-05 12:37:09.383 I/InstrumentationBackend(13846): Added:'SetActivityOrientation', with key:'set_activity_orientation'
06-05 12:37:09.383 I/InstrumentationBackend(13846): Added:'GetActivityOrientation', with key:'get_activity_orientation'
06-05 12:37:09.384 I/InstrumentationBackend(13846): Added:'FakeGPSLocation', with key:'set_gps_coordinates'
06-05 12:37:09.384 I/InstrumentationBackend(13846): Added:'SetPropertyByCssSelector', with key:'set_property_by_css_selector'
06-05 12:37:09.384 I/InstrumentationBackend(13846): Added:'GetUrl', with key:'get_url'
06-05 12:37:09.384 I/InstrumentationBackend(13846): Added:'ScrollTo', with key:'scroll_to'
06-05 12:37:09.384 I/InstrumentationBackend(13846): Added:'GetLoadProgress', with key:'get_load_progress'
06-05 12:37:09.384 I/InstrumentationBackend(13846): Added:'DumpHtml', with key:'dump_html'
06-05 12:37:09.384 I/InstrumentationBackend(13846): Added:'DumpBodyHtml', with key:'dump_body_html'
06-05 12:37:09.384 I/InstrumentationBackend(13846): Added:'EnterTextByCssSelector', with key:'enter_text_by_selector'
06-05 12:37:09.384 I/InstrumentationBackend(13846): Added:'AndroidSDKVersion', with key:'android_sdk_version'
06-05 12:37:09.384 I/InstrumentationBackend(13846): Added:'Version', with key:'version'
06-05 12:37:09.384 I/InstrumentationBackend(13846): Added:'Drag', with key:'drag'
06-05 12:37:09.384 I/InstrumentationBackend(13846): Added:'TouchCoordinates', with key:'touch_coordinate'
06-05 12:37:09.384 I/InstrumentationBackend(13846): Added:'LongPressCoordinate', with key:'long_press_coordinate'
06-05 12:37:09.384 I/InstrumentationBackend(13846): Added:'DragCoordinates', with key:'drag_coordinates'
06-05 12:37:09.385 I/InstrumentationBackend(13846): Added:'ResumeApplication', with key:'resume_application'
06-05 12:37:09.385 I/InstrumentationBackend(13846): Added:'Swipe', with key:'swipe'
06-05 12:37:09.385 I/InstrumentationBackend(13846): Added:'DoubleTapCoordinate', with key:'double_tap_coordinate'
06-05 12:37:09.385 I/InstrumentationBackend(13846): Added:'ClickOnScreen', with key:'click_on_screen'
06-05 12:37:09.385 I/InstrumentationBackend(13846): Added:'GetActivityName', with key:'get_activity_name'
06-05 12:37:09.386 I/InstrumentationBackend(13846): Added:'ScrollToView', with key:'scroll_to_view'
06-05 12:37:09.386 I/InstrumentationBackend(13846): Added:'ViewConfiguration', with key:'view_configuration'
06-05 12:37:09.386 I/InstrumentationBackend(13846): Added:'IsCurrentActivityFocused', with key:'is_current_activity_focused'
06-05 12:37:09.386 I/InstrumentationBackend(13846): Added:'SendTcp', with key:'send_tcp'
06-05 12:37:09.386 I/InstrumentationBackend(13846): Added:'DpToDevicePixel', with key:'dp_to_device_pixel'
06-05 12:37:09.386 I/InstrumentationBackend(13846): Added:'KeyboardEnterText', with key:'keyboard_enter_text'
06-05 12:37:09.386 I/InstrumentationBackend(13846): Added:'DeleteSurroundingText', with key:'delete_surrounding_text'
06-05 12:37:09.386 I/InstrumentationBackend(13846): Added:'SetComposingRegion', with key:'set_composing_region'
06-05 12:37:09.386 I/InstrumentationBackend(13846): Added:'SetSelection', with key:'set_selection'
06-05 12:37:09.386 I/InstrumentationBackend(13846): Added:'KeyboardKeyEvent', with key:'keyboard_key_event'
06-05 12:37:09.386 I/InstrumentationBackend(13846): Added:'PressUserActionButton', with key:'press_user_action_button'
06-05 12:37:09.386 I/InstrumentationBackend(13846): Added:'HideSoftKeyboard', with key:'hide_soft_keyboard'
06-05 12:37:09.386 I/InstrumentationBackend(13846): Added:'ListActions', with key:'list_actions'
06-05 12:37:09.387 I/calabash(13846): Instantiating http server at 7102
06-05 12:37:09.387 I/System.out(13846): HTTP Daemon listening on: 7102
06-05 12:37:09.396 D/EGL_emulation( 1792): eglMakeCurrent: 0x992abea0: ver 2 0 (tinfo 0xa5a6f110)
06-05 12:37:09.399 D/EGL_emulation( 1792): eglMakeCurrent: 0x992abea0: ver 2 0 (tinfo 0xa5a6f110)
06-05 12:37:09.415 D/EGL_emulation( 1792): eglMakeCurrent: 0x992abea0: ver 2 0 (tinfo 0xa5a6f110)
06-05 12:37:09.423 D/EGL_emulation( 1792): eglMakeCurrent: 0x992abea0: ver 2 0 (tinfo 0xa5a6f110)
06-05 12:37:09.434 D/EGL_emulation( 1792): eglMakeCurrent: 0x992abea0: ver 2 0 (tinfo 0xa5a6f110)
06-05 12:37:09.481 I/System.out(13846): URI: //ping
06-05 12:37:09.481 I/System.out(13846): params: {json={}
06-05 12:37:09.481 I/System.out(13846): }
06-05 12:37:09.489 I/System.out(13846): URI: //ping
06-05 12:37:09.489 I/System.out(13846): params: {json={}
06-05 12:37:09.489 I/System.out(13846): }
06-05 12:37:09.495 I/System.out(13846): URI: //ready
06-05 12:37:09.495 I/System.out(13846): params: {json={}
06-05 12:37:09.495 I/System.out(13846): }
06-05 12:37:09.501 I/System.out(13846): URI: //
06-05 12:37:09.501 I/System.out(13846): params: {json={"command":"version","arguments":[]}
06-05 12:37:09.501 I/System.out(13846): }
06-05 12:37:09.501 I/System.out(13846): header: {content-type=application/json;charset=utf-8, date=Fri, 05 Jun 2020 17:37:10 GMT, accept=*/*, host=127.0.0.1:34782, content-length=36, user-agent=HTTPClient/1.0 (2.8.3, ruby 2.5.1 (2018-03-29))}
06-05 12:37:09.501 I/System.out(13846): params: {json={"command":"version","arguments":[]}
06-05 12:37:09.501 I/System.out(13846): }
06-05 12:37:09.501 I/System.out(13846): ProP json = {"command":"version","arguments":[]}
06-05 12:37:09.501 I/System.out(13846): files: {}
06-05 12:37:09.501 I/System.out(13846): command: {"command":"version","arguments":[]}
06-05 12:37:09.511 I/InstrumentationBackend(13846): Got command:'Command:'Line:null,version', arguments:'[]'
06-05 12:37:09.528 I/System.out(13846): result:{"bonusInformation":[],"message":"0.9.8","success":true}
06-05 12:37:09.532 I/System.out(13846): URI: //start-application
06-05 12:37:09.532 I/System.out(13846): params: {json={"intent":null}
06-05 12:37:09.532 I/System.out(13846): }
06-05 12:37:09.544 I/ActivityManager( 1659): START u0 {act=android.intent.action.MAIN cat=[android.intent.category.LAUNCHER] flg=0x10200000 cmp=com.evancharlton.mileage/.Mileage} from uid 10082 on display 0
06-05 12:37:09.549 I/calabash(13846): newActivity1
06-05 12:37:09.557 I/calabash(13846): newActivity1
06-05 12:37:09.558 W/ActivityManager( 1659): Bad activity token: android.os.BinderProxy@57e2fc8
06-05 12:37:09.558 W/ActivityManager( 1659): java.lang.ClassCastException: android.os.BinderProxy cannot be cast to com.android.server.am.ActivityRecord$Token
06-05 12:37:09.558 W/ActivityManager( 1659): 	at com.android.server.am.ActivityRecord.forTokenLocked(ActivityRecord.java:586)
06-05 12:37:09.558 W/ActivityManager( 1659): 	at com.android.server.am.ActivityRecord.isInStackLocked(ActivityRecord.java:1327)
06-05 12:37:09.558 W/ActivityManager( 1659): 	at com.android.server.am.ActivityRecord.getStackLocked(ActivityRecord.java:1332)
06-05 12:37:09.558 W/ActivityManager( 1659): 	at com.android.server.am.ActivityManagerService.getActivityDisplayId(ActivityManagerService.java:9806)
06-05 12:37:09.558 W/ActivityManager( 1659): 	at android.app.ActivityManagerNative.onTransact(ActivityManagerNative.java:2566)
06-05 12:37:09.558 W/ActivityManager( 1659): 	at com.android.server.am.ActivityManagerService.onTransact(ActivityManagerService.java:2757)
06-05 12:37:09.558 W/ActivityManager( 1659): 	at android.os.Binder.execTransact(Binder.java:565)
06-05 12:37:09.559 W/ActivityManager( 1659): Bad activity token: android.os.BinderProxy@57e2fc8
06-05 12:37:09.559 W/ActivityManager( 1659): java.lang.ClassCastException: android.os.BinderProxy cannot be cast to com.android.server.am.ActivityRecord$Token
06-05 12:37:09.559 W/ActivityManager( 1659): 	at com.android.server.am.ActivityRecord.forTokenLocked(ActivityRecord.java:586)
06-05 12:37:09.559 W/ActivityManager( 1659): 	at com.android.server.am.ActivityRecord.isInStackLocked(ActivityRecord.java:1327)
06-05 12:37:09.559 W/ActivityManager( 1659): 	at com.android.server.am.ActivityManagerService.setTaskDescription(ActivityManagerService.java:9358)
06-05 12:37:09.559 W/ActivityManager( 1659): 	at android.app.ActivityManagerNative.onTransact(ActivityManagerNative.java:2639)
06-05 12:37:09.559 W/ActivityManager( 1659): 	at com.android.server.am.ActivityManagerService.onTransact(ActivityManagerService.java:2757)
06-05 12:37:09.559 W/ActivityManager( 1659): 	at android.os.Binder.execTransact(Binder.java:565)
06-05 12:37:09.559 W/ActivityManager( 1659): Bad activity token: android.os.BinderProxy@57e2fc8
06-05 12:37:09.559 W/ActivityManager( 1659): java.lang.ClassCastException: android.os.BinderProxy cannot be cast to com.android.server.am.ActivityRecord$Token
06-05 12:37:09.559 W/ActivityManager( 1659): 	at com.android.server.am.ActivityRecord.forTokenLocked(ActivityRecord.java:586)
06-05 12:37:09.559 W/ActivityManager( 1659): 	at com.android.server.am.ActivityRecord.isInStackLocked(ActivityRecord.java:1327)
06-05 12:37:09.559 W/ActivityManager( 1659): 	at com.android.server.am.ActivityRecord.getStackLocked(ActivityRecord.java:1332)
06-05 12:37:09.559 W/ActivityManager( 1659): 	at com.android.server.am.ActivityManagerService.getActivityStackId(ActivityManagerService.java:9817)
06-05 12:37:09.559 W/ActivityManager( 1659): 	at android.app.ActivityManagerNative.onTransact(ActivityManagerNative.java:2856)
06-05 12:37:09.559 W/ActivityManager( 1659): 	at com.android.server.am.ActivityManagerService.onTransact(ActivityManagerService.java:2757)
06-05 12:37:09.559 W/ActivityManager( 1659): 	at android.os.Binder.execTransact(Binder.java:565)
06-05 12:37:09.572 W/ActivityManager( 1659): Bad activity token: android.os.BinderProxy@57e2fc8
06-05 12:37:09.572 W/ActivityManager( 1659): java.lang.ClassCastException: android.os.BinderProxy cannot be cast to com.android.server.am.ActivityRecord$Token
06-05 12:37:09.572 W/ActivityManager( 1659): 	at com.android.server.am.ActivityRecord.forTokenLocked(ActivityRecord.java:586)
06-05 12:37:09.572 W/ActivityManager( 1659): 	at com.android.server.am.ActivityRecord.isInStackLocked(ActivityRecord.java:1327)
06-05 12:37:09.572 W/ActivityManager( 1659): 	at com.android.server.am.ActivityManagerService.getActivityOptions(ActivityManagerService.java:12559)
06-05 12:37:09.572 W/ActivityManager( 1659): 	at android.app.ActivityManagerNative.onTransact(ActivityManagerNative.java:1933)
06-05 12:37:09.572 W/ActivityManager( 1659): 	at com.android.server.am.ActivityManagerService.onTransact(ActivityManagerService.java:2757)
06-05 12:37:09.572 W/ActivityManager( 1659): 	at android.os.Binder.execTransact(Binder.java:565)
06-05 12:37:09.572 W/ActivityManager( 1659): Bad activity token: android.os.BinderProxy@57e2fc8
06-05 12:37:09.572 W/ActivityManager( 1659): java.lang.ClassCastException: android.os.BinderProxy cannot be cast to com.android.server.am.ActivityRecord$Token
06-05 12:37:09.572 W/ActivityManager( 1659): 	at com.android.server.am.ActivityRecord.forTokenLocked(ActivityRecord.java:586)
06-05 12:37:09.572 W/ActivityManager( 1659): 	at com.android.server.am.ActivityRecord.isInStackLocked(ActivityRecord.java:1327)
06-05 12:37:09.572 W/ActivityManager( 1659): 	at com.android.server.am.ActivityManagerService.getActivityOptions(ActivityManagerService.java:12559)
06-05 12:37:09.572 W/ActivityManager( 1659): 	at android.app.ActivityManagerNative.onTransact(ActivityManagerNative.java:1933)
06-05 12:37:09.572 W/ActivityManager( 1659): 	at com.android.server.am.ActivityManagerService.onTransact(ActivityManagerService.java:2757)
06-05 12:37:09.572 W/ActivityManager( 1659): 	at android.os.Binder.execTransact(Binder.java:565)
06-05 12:37:09.580 D/gralloc_ranchu( 1352): gralloc_alloc: Creating ashmem region of size 9023488
06-05 12:37:09.601 V/PhoneStatusBar( 1792): setLightsOn(true)
06-05 12:37:09.613 D/EGL_emulation( 1792): eglMakeCurrent: 0x992abea0: ver 2 0 (tinfo 0xa5a6f110)
06-05 12:37:09.613 V/PhoneStatusBar( 1792): setLightsOn(true)
06-05 12:37:09.614 V/PhoneStatusBar( 1792): setLightsOn(true)
06-05 12:37:09.615 D/gralloc_ranchu( 1352): gralloc_alloc: Creating ashmem region of size 9023488
06-05 12:37:09.616 V/PhoneStatusBar( 1792): setLightsOn(true)
06-05 12:37:09.620 D/        (13846): HostConnection::get() New Host Connection established 0x99f284c0, tid 13846
06-05 12:37:09.678 D/EGL_emulation( 1792): eglMakeCurrent: 0x992abea0: ver 2 0 (tinfo 0xa5a6f110)
06-05 12:37:09.679 D/EGL_emulation( 2389): eglMakeCurrent: 0xb1284ec0: ver 2 0 (tinfo 0x98c170c0)
06-05 12:37:09.682 D/EGL_emulation( 1792): eglMakeCurrent: 0x992abea0: ver 2 0 (tinfo 0xa5a6f110)
06-05 12:37:09.684 D/EGL_emulation( 1792): eglMakeCurrent: 0x992abea0: ver 2 0 (tinfo 0xa5a6f110)
06-05 12:37:09.686 D/EGL_emulation( 1792): eglMakeCurrent: 0x992abea0: ver 2 0 (tinfo 0xa5a6f110)
06-05 12:37:09.697 D/EGL_emulation( 1792): eglMakeCurrent: 0x992abea0: ver 2 0 (tinfo 0xa5a6f110)
06-05 12:37:09.698 D/EGL_emulation( 1792): eglMakeCurrent: 0x992abea0: ver 2 0 (tinfo 0xa5a6f110)
06-05 12:37:09.699 V/PhoneStatusBar( 1792): setLightsOn(true)
06-05 12:37:09.713 D/gralloc_ranchu( 1352): gralloc_alloc: Creating ashmem region of size 9023488
06-05 12:37:09.713 D/EGL_emulation( 1792): eglMakeCurrent: 0x992abea0: ver 2 0 (tinfo 0xa5a6f110)
06-05 12:37:09.726 D/EGL_emulation( 1792): eglMakeCurrent: 0x992abea0: ver 2 0 (tinfo 0xa5a6f110)
06-05 12:37:09.730 I/ActivityManager( 1659): Displayed com.evancharlton.mileage/.Mileage: +183ms
06-05 12:37:09.736 D/EGL_emulation( 1792): eglMakeCurrent: 0x992abea0: ver 2 0 (tinfo 0xa5a6f110)
06-05 12:37:09.738 D/EGL_emulation( 1792): eglMakeCurrent: 0x992abea0: ver 2 0 (tinfo 0xa5a6f110)
06-05 12:37:09.749 D/EGL_emulation( 1792): eglMakeCurrent: 0x992abea0: ver 2 0 (tinfo 0xa5a6f110)
06-05 12:37:09.750 D/EGL_emulation( 1792): eglMakeCurrent: 0x992abea0: ver 2 0 (tinfo 0xa5a6f110)
06-05 12:37:09.766 D/EGL_emulation( 1792): eglMakeCurrent: 0x992abea0: ver 2 0 (tinfo 0xa5a6f110)
06-05 12:37:09.772 D/EGL_emulation( 1792): eglMakeCurrent: 0x992abea0: ver 2 0 (tinfo 0xa5a6f110)
06-05 12:37:09.773 V/PhoneStatusBar( 1792): setLightsOn(true)
06-05 12:37:09.783 D/EGL_emulation( 1792): eglMakeCurrent: 0x992abea0: ver 2 0 (tinfo 0xa5a6f110)
06-05 12:37:09.786 I/System.out(13846): URI: //map
06-05 12:37:09.786 I/System.out(13846): params: {json={"query":"* marked:'Statistics'","operation":{"method_name":"query","arguments":[]}}
06-05 12:37:09.786 I/System.out(13846): }
06-05 12:37:09.791 D/EGL_emulation( 1792): eglMakeCurrent: 0x992abea0: ver 2 0 (tinfo 0xa5a6f110)
06-05 12:37:09.798 D/EGL_emulation( 1792): eglMakeCurrent: 0x992abea0: ver 2 0 (tinfo 0xa5a6f110)
06-05 12:37:09.801 D/EGL_emulation( 1792): eglMakeCurrent: 0x992abea0: ver 2 0 (tinfo 0xa5a6f110)
06-05 12:37:09.814 D/EGL_emulation( 1792): eglMakeCurrent: 0x992abea0: ver 2 0 (tinfo 0xa5a6f110)
06-05 12:37:09.814 W/ResourceType(13846): No package identifier when getting name for resource number 0x00000001
06-05 12:37:09.816 D/EGL_emulation( 1792): eglMakeCurrent: 0x992abea0: ver 2 0 (tinfo 0xa5a6f110)
06-05 12:37:09.830 D/EGL_emulation( 1792): eglMakeCurrent: 0x992abea0: ver 2 0 (tinfo 0xa5a6f110)
06-05 12:37:09.831 I/System.out(13846): URI: //gesture
06-05 12:37:09.831 I/System.out(13846): params: {json={"query_timeout":5.0,"gestures":[{"query_string":"* marked:'Statistics'","touches":[{"x":50,"y":50,"offset_x":0,"offset_y":0,"wait":0.0,"time":0.2,"release":true,"query_string":null}]}]}
06-05 12:37:09.831 I/System.out(13846): }
06-05 12:37:09.832 D/EGL_emulation( 1792): eglMakeCurrent: 0x992abea0: ver 2 0 (tinfo 0xa5a6f110)
06-05 12:37:09.836 W/ResourceType(13846): No package identifier when getting name for resource number 0x00000001
06-05 12:37:09.853 D/EGL_emulation( 1792): eglMakeCurrent: 0x992abea0: ver 2 0 (tinfo 0xa5a6f110)
06-05 12:37:09.930 I/WindowManager( 1659): Destroying surface Surface(name=Starting com.evancharlton.mileage) called by com.android.server.wm.WindowStateAnimator.destroySurface:2016 com.android.server.wm.WindowStateAnimator.destroySurfaceLocked:882 com.android.server.wm.WindowState.destroyOrSaveSurface:2100 com.android.server.wm.AppWindowToken.destroySurfaces:363 com.android.server.wm.WindowStateAnimator.finishExit:565 com.android.server.wm.WindowStateAnimator.stepAnimationLocked:491 com.android.server.wm.WindowAnimator.updateWindowsLocked:303 com.android.server.wm.WindowAnimator.animateLocked:704 
06-05 12:37:09.935 V/PhoneStatusBar( 1792): setLightsOn(true)
06-05 12:37:09.964 V/PhoneStatusBar( 1792): setLightsOn(true)
06-05 12:37:10.070 I/calabash(13846): newActivity1
06-05 12:37:10.081 V/PhoneStatusBar( 1792): setLightsOn(true)
06-05 12:37:10.095 I/System.out(13846): URI: //map
06-05 12:37:10.095 I/System.out(13846): params: {json={"query":"android.widget.ScrollView index:0","operation":{"method_name":"query","arguments":[]}}
06-05 12:37:10.095 I/System.out(13846): }
06-05 12:37:10.100 W/ActivityManager( 1659): Bad activity token: android.os.BinderProxy@4795636
06-05 12:37:10.100 W/ActivityManager( 1659): java.lang.ClassCastException: android.os.BinderProxy cannot be cast to com.android.server.am.ActivityRecord$Token
06-05 12:37:10.100 W/ActivityManager( 1659): 	at com.android.server.am.ActivityRecord.forTokenLocked(ActivityRecord.java:586)
06-05 12:37:10.100 W/ActivityManager( 1659): 	at com.android.server.am.ActivityRecord.isInStackLocked(ActivityRecord.java:1327)
06-05 12:37:10.100 W/ActivityManager( 1659): 	at com.android.server.am.ActivityRecord.getStackLocked(ActivityRecord.java:1332)
06-05 12:37:10.100 W/ActivityManager( 1659): 	at com.android.server.am.ActivityManagerService.getActivityDisplayId(ActivityManagerService.java:9806)
06-05 12:37:10.100 W/ActivityManager( 1659): 	at android.app.ActivityManagerNative.onTransact(ActivityManagerNative.java:2566)
06-05 12:37:10.100 W/ActivityManager( 1659): 	at com.android.server.am.ActivityManagerService.onTransact(ActivityManagerService.java:2757)
06-05 12:37:10.100 W/ActivityManager( 1659): 	at android.os.Binder.execTransact(Binder.java:565)
06-05 12:37:10.101 W/ActivityManager( 1659): Bad activity token: android.os.BinderProxy@4795636
06-05 12:37:10.101 W/ActivityManager( 1659): java.lang.ClassCastException: android.os.BinderProxy cannot be cast to com.android.server.am.ActivityRecord$Token
06-05 12:37:10.101 W/ActivityManager( 1659): 	at com.android.server.am.ActivityRecord.forTokenLocked(ActivityRecord.java:586)
06-05 12:37:10.101 W/ActivityManager( 1659): 	at com.android.server.am.ActivityRecord.isInStackLocked(ActivityRecord.java:1327)
06-05 12:37:10.101 W/ActivityManager( 1659): 	at com.android.server.am.ActivityManagerService.setTaskDescription(ActivityManagerService.java:9358)
06-05 12:37:10.101 W/ActivityManager( 1659): 	at android.app.ActivityManagerNative.onTransact(ActivityManagerNative.java:2639)
06-05 12:37:10.101 W/ActivityManager( 1659): 	at com.android.server.am.ActivityManagerService.onTransact(ActivityManagerService.java:2757)
06-05 12:37:10.101 W/ActivityManager( 1659): 	at android.os.Binder.execTransact(Binder.java:565)
06-05 12:37:10.102 W/ActivityManager( 1659): Bad activity token: android.os.BinderProxy@4795636
06-05 12:37:10.102 W/ActivityManager( 1659): java.lang.ClassCastException: android.os.BinderProxy cannot be cast to com.android.server.am.ActivityRecord$Token
06-05 12:37:10.102 W/ActivityManager( 1659): 	at com.android.server.am.ActivityRecord.forTokenLocked(ActivityRecord.java:586)
06-05 12:37:10.102 W/ActivityManager( 1659): 	at com.android.server.am.ActivityRecord.isInStackLocked(ActivityRecord.java:1327)
06-05 12:37:10.102 W/ActivityManager( 1659): 	at com.android.server.am.ActivityRecord.getStackLocked(ActivityRecord.java:1332)
06-05 12:37:10.102 W/ActivityManager( 1659): 	at com.android.server.am.ActivityManagerService.getActivityStackId(ActivityManagerService.java:9817)
06-05 12:37:10.102 W/ActivityManager( 1659): 	at android.app.ActivityManagerNative.onTransact(ActivityManagerNative.java:2856)
06-05 12:37:10.102 W/ActivityManager( 1659): 	at com.android.server.am.ActivityManagerService.onTransact(ActivityManagerService.java:2757)
06-05 12:37:10.102 W/ActivityManager( 1659): 	at android.os.Binder.execTransact(Binder.java:565)
06-05 12:37:10.108 D/VehicleStatisticsActivity(13846): Checking recalculation ...
06-05 12:37:10.108 D/VehicleStatisticsActivity(13846): Recalculating statistics
06-05 12:37:10.108 D/VehicleStatisticsTask(13846): Calculation starting...
06-05 12:37:10.108 D/VehicleStatisticsActivity(13846): Recalculation started!
06-05 12:37:10.109 D/AndroidRuntime(13846): Shutting down VM
--------- beginning of crash
06-05 12:37:10.109 E/AndroidRuntime(13846): FATAL EXCEPTION: main
06-05 12:37:10.109 E/AndroidRuntime(13846): Process: com.evancharlton.mileage, PID: 13846
06-05 12:37:10.109 E/AndroidRuntime(13846): java.lang.RuntimeException: Unable to start activity ComponentInfo{com.evancharlton.mileage/com.evancharlton.mileage.VehicleStatisticsActivity}: java.lang.NullPointerException: Attempt to invoke virtual method 'void android.widget.ListView.setAdapter(android.widget.ListAdapter)' on a null object reference
06-05 12:37:10.109 E/AndroidRuntime(13846): 	at android.app.ActivityThread.performLaunchActivity(ActivityThread.java:2646)
06-05 12:37:10.109 E/AndroidRuntime(13846): 	at android.app.ActivityThread.startActivityNow(ActivityThread.java:2446)
06-05 12:37:10.109 E/AndroidRuntime(13846): 	at android.app.LocalActivityManager.moveToState(LocalActivityManager.java:136)
06-05 12:37:10.109 E/AndroidRuntime(13846): 	at android.app.LocalActivityManager.startActivity(LocalActivityManager.java:348)
06-05 12:37:10.109 E/AndroidRuntime(13846): 	at android.widget.TabHost$IntentContentStrategy.getContentView(TabHost.java:724)
06-05 12:37:10.109 E/AndroidRuntime(13846): 	at android.widget.TabHost.setCurrentTab(TabHost.java:388)
06-05 12:37:10.109 E/AndroidRuntime(13846): 	at android.widget.TabHost$2.onTabSelectionChanged(TabHost.java:158)
06-05 12:37:10.109 E/AndroidRuntime(13846): 	at android.widget.TabWidget$TabClickListener.onClick(TabWidget.java:532)
06-05 12:37:10.109 E/AndroidRuntime(13846): 	at android.view.View.performClick(View.java:5610)
06-05 12:37:10.109 E/AndroidRuntime(13846): 	at android.view.View$PerformClick.run(View.java:22265)
06-05 12:37:10.109 E/AndroidRuntime(13846): 	at android.os.Handler.handleCallback(Handler.java:751)
06-05 12:37:10.109 E/AndroidRuntime(13846): 	at android.os.Handler.dispatchMessage(Handler.java:95)
06-05 12:37:10.109 E/AndroidRuntime(13846): 	at android.os.Looper.loop(Looper.java:154)
06-05 12:37:10.109 E/AndroidRuntime(13846): 	at android.app.ActivityThread.main(ActivityThread.java:6077)
06-05 12:37:10.109 E/AndroidRuntime(13846): 	at java.lang.reflect.Method.invoke(Native Method)
06-05 12:37:10.109 E/AndroidRuntime(13846): 	at com.android.internal.os.ZygoteInit$MethodAndArgsCaller.run(ZygoteInit.java:866)
06-05 12:37:10.109 E/AndroidRuntime(13846): 	at com.android.internal.os.ZygoteInit.main(ZygoteInit.java:756)
06-05 12:37:10.109 E/AndroidRuntime(13846): Caused by: java.lang.NullPointerException: Attempt to invoke virtual method 'void android.widget.ListView.setAdapter(android.widget.ListAdapter)' on a null object reference
06-05 12:37:10.109 E/AndroidRuntime(13846): 	at com.evancharlton.mileage.VehicleStatisticsActivity.setAdapter(VehicleStatisticsActivity.java:200)
06-05 12:37:10.109 E/AndroidRuntime(13846): 	at com.evancharlton.mileage.VehicleStatisticsActivity.recalculate(VehicleStatisticsActivity.java:175)
06-05 12:37:10.109 E/AndroidRuntime(13846): 	at com.evancharlton.mileage.VehicleStatisticsActivity.onCreate(VehicleStatisticsActivity.java:131)
06-05 12:37:10.109 E/AndroidRuntime(13846): 	at android.app.Activity.performCreate(Activity.java:6662)
06-05 12:37:10.109 E/AndroidRuntime(13846): 	at android.app.Instrumentation.callActivityOnCreate(Instrumentation.java:1118)
06-05 12:37:10.109 E/AndroidRuntime(13846): 	at android.app.ActivityThread.performLaunchActivity(ActivityThread.java:2599)
06-05 12:37:10.109 E/AndroidRuntime(13846): 	... 16 more
06-05 12:37:10.110 I/Process (13846): Sending signal. PID: 13846 SIG: 9
06-05 12:37:10.113 W/InputDispatcher( 1659): channel 'cdfd299 com.evancharlton.mileage/com.evancharlton.mileage.Mileage (server)' ~ Consumer closed input channel or an error occurred.  events=0x9
06-05 12:37:10.113 E/InputDispatcher( 1659): channel 'cdfd299 com.evancharlton.mileage/com.evancharlton.mileage.Mileage (server)' ~ Channel is unrecoverably broken and will be disposed!
06-05 12:37:10.114 I/ActivityManager( 1659): Process com.evancharlton.mileage (pid 13846) has died
06-05 12:37:10.114 D/ActivityManager( 1659): cleanUpApplicationRecord -- 13846
06-05 12:37:10.114 W/ActivityManager( 1659): Scheduling restart of crashed service com.evancharlton.mileage/.services.AutomaticBackupService in 1000ms
06-05 12:37:10.114 W/ActivityManager( 1659): Force removing ActivityRecord{9764d29 u0 com.evancharlton.mileage/.Mileage t123}: app died, no saved state
