--------- beginning of main
06-06 03:15:28.751 D/AndroidRuntime( 1773): >>>>>> START com.android.internal.os.RuntimeInit uid 2000 <<<<<<
06-06 03:15:28.752 D/AndroidRuntime( 1773): CheckJNI is ON
06-06 03:15:28.763 W/art     ( 1773): Unexpected CPU variant for X86 using defaults: x86
06-06 03:15:28.764 D/ICU     ( 1773): No timezone override file found: /data/misc/zoneinfo/current/icu/icu_tzdata.dat
06-06 03:15:28.773 E/memtrack( 1773): Couldn't load memtrack module (No such file or directory)
06-06 03:15:28.773 E/android.os.Debug( 1773): failed to load memtrack module: -2
06-06 03:15:28.774 I/Radio-JNI( 1773): register_android_hardware_Radio DONE
06-06 03:15:28.779 D/AndroidRuntime( 1773): Calling main entry com.android.commands.am.Am
06-06 03:15:28.780 W/OpenGLRenderer( 2078): Incorrectly called buildLayer on View: ShortcutAndWidgetContainer, destroying layer...
--------- beginning of system
06-06 03:15:28.780 I/ActivityManager( 1630): Force stopping com.evancharlton.mileage appid=10422 user=0: start instr
06-06 03:15:28.783 I/art     ( 1786): Not late-enabling -Xcheck:jni (already on)
06-06 03:15:28.783 W/art     ( 1786): Unexpected CPU variant for X86 using defaults: x86
06-06 03:15:28.791 I/ActivityManager( 1630): Start proc 1786:com.evancharlton.mileage/u0a422 for added application com.evancharlton.mileage
06-06 03:15:28.792 D/AndroidRuntime( 1773): Shutting down VM
06-06 03:15:28.808 W/System  ( 1786): ClassLoader referenced unknown path: /data/app/com.evancharlton.mileage.test-1/lib/x86
06-06 03:15:28.808 W/System  ( 1786): ClassLoader referenced unknown path: /data/app/com.evancharlton.mileage-1/lib/x86
06-06 03:15:28.817 W/System  ( 1786): ClassLoader referenced unknown path: 
06-06 03:15:28.825 I/System.out( 1786): Main activity name automatically set to: com.evancharlton.mileage.Mileage
06-06 03:15:28.826 I/System.out( 1786): Calabash did not load Mono. This is only a problem if you are trying to test a Mono application
06-06 03:15:28.826 I/calabash( 1786): Test server port: 7102
06-06 03:15:28.827 I/InstrumentationBackend( 1786): Added:'GetPreferences', with key:'get_preferences'
06-06 03:15:28.834 I/InstrumentationBackend( 1786): Added:'SetPreferences', with key:'set_preferences'
06-06 03:15:28.834 I/InstrumentationBackend( 1786): Added:'ClearPreferences', with key:'clear_preferences'
06-06 03:15:28.834 I/InstrumentationBackend( 1786): Added:'PressElement', with key:'press_l10n_element'
06-06 03:15:28.834 I/InstrumentationBackend( 1786): Added:'WaitForElement', with key:'wait_for_l10n_element'
06-06 03:15:28.834 I/InstrumentationBackend( 1786): Added:'NullAction', with key:'nullAction'
06-06 03:15:28.834 I/InstrumentationBackend( 1786): Added:'PressKey', with key:'press_key'
06-06 03:15:28.834 I/InstrumentationBackend( 1786): Added:'SetActivityOrientation', with key:'set_activity_orientation'
06-06 03:15:28.834 I/InstrumentationBackend( 1786): Added:'GetActivityOrientation', with key:'get_activity_orientation'
06-06 03:15:28.834 I/InstrumentationBackend( 1786): Added:'FakeGPSLocation', with key:'set_gps_coordinates'
06-06 03:15:28.835 I/InstrumentationBackend( 1786): Added:'SetPropertyByCssSelector', with key:'set_property_by_css_selector'
06-06 03:15:28.835 I/InstrumentationBackend( 1786): Added:'GetUrl', with key:'get_url'
06-06 03:15:28.835 I/InstrumentationBackend( 1786): Added:'ScrollTo', with key:'scroll_to'
06-06 03:15:28.835 I/InstrumentationBackend( 1786): Added:'GetLoadProgress', with key:'get_load_progress'
06-06 03:15:28.835 I/InstrumentationBackend( 1786): Added:'DumpHtml', with key:'dump_html'
06-06 03:15:28.835 I/InstrumentationBackend( 1786): Added:'DumpBodyHtml', with key:'dump_body_html'
06-06 03:15:28.835 I/InstrumentationBackend( 1786): Added:'EnterTextByCssSelector', with key:'enter_text_by_selector'
06-06 03:15:28.835 I/InstrumentationBackend( 1786): Added:'AndroidSDKVersion', with key:'android_sdk_version'
06-06 03:15:28.836 I/InstrumentationBackend( 1786): Added:'Version', with key:'version'
06-06 03:15:28.836 I/InstrumentationBackend( 1786): Added:'Drag', with key:'drag'
06-06 03:15:28.836 I/InstrumentationBackend( 1786): Added:'TouchCoordinates', with key:'touch_coordinate'
06-06 03:15:28.836 I/InstrumentationBackend( 1786): Added:'LongPressCoordinate', with key:'long_press_coordinate'
06-06 03:15:28.836 I/InstrumentationBackend( 1786): Added:'DragCoordinates', with key:'drag_coordinates'
06-06 03:15:28.836 I/InstrumentationBackend( 1786): Added:'ResumeApplication', with key:'resume_application'
06-06 03:15:28.836 I/InstrumentationBackend( 1786): Added:'Swipe', with key:'swipe'
06-06 03:15:28.836 I/InstrumentationBackend( 1786): Added:'DoubleTapCoordinate', with key:'double_tap_coordinate'
06-06 03:15:28.836 I/InstrumentationBackend( 1786): Added:'ClickOnScreen', with key:'click_on_screen'
06-06 03:15:28.836 I/InstrumentationBackend( 1786): Added:'GetActivityName', with key:'get_activity_name'
06-06 03:15:28.836 I/InstrumentationBackend( 1786): Added:'ScrollToView', with key:'scroll_to_view'
06-06 03:15:28.836 I/InstrumentationBackend( 1786): Added:'ViewConfiguration', with key:'view_configuration'
06-06 03:15:28.836 I/InstrumentationBackend( 1786): Added:'IsCurrentActivityFocused', with key:'is_current_activity_focused'
06-06 03:15:28.836 I/InstrumentationBackend( 1786): Added:'SendTcp', with key:'send_tcp'
06-06 03:15:28.836 I/InstrumentationBackend( 1786): Added:'DpToDevicePixel', with key:'dp_to_device_pixel'
06-06 03:15:28.836 I/InstrumentationBackend( 1786): Added:'KeyboardEnterText', with key:'keyboard_enter_text'
06-06 03:15:28.837 I/InstrumentationBackend( 1786): Added:'DeleteSurroundingText', with key:'delete_surrounding_text'
06-06 03:15:28.837 I/InstrumentationBackend( 1786): Added:'SetComposingRegion', with key:'set_composing_region'
06-06 03:15:28.837 I/InstrumentationBackend( 1786): Added:'SetSelection', with key:'set_selection'
06-06 03:15:28.837 I/InstrumentationBackend( 1786): Added:'KeyboardKeyEvent', with key:'keyboard_key_event'
06-06 03:15:28.837 I/InstrumentationBackend( 1786): Added:'PressUserActionButton', with key:'press_user_action_button'
06-06 03:15:28.837 I/InstrumentationBackend( 1786): Added:'HideSoftKeyboard', with key:'hide_soft_keyboard'
06-06 03:15:28.837 I/InstrumentationBackend( 1786): Added:'ListActions', with key:'list_actions'
06-06 03:15:28.837 I/calabash( 1786): Instantiating http server at 7102
06-06 03:15:28.838 I/System.out( 1786): HTTP Daemon listening on: 7102
06-06 03:15:28.921 I/System.out( 1786): URI: //ping
06-06 03:15:28.921 I/System.out( 1786): params: {json={}
06-06 03:15:28.921 I/System.out( 1786): }
06-06 03:15:28.924 I/System.out( 1786): URI: //ping
06-06 03:15:28.924 I/System.out( 1786): params: {json={}
06-06 03:15:28.924 I/System.out( 1786): }
06-06 03:15:28.927 I/System.out( 1786): URI: //ready
06-06 03:15:28.927 I/System.out( 1786): params: {json={}
06-06 03:15:28.927 I/System.out( 1786): }
06-06 03:15:28.929 I/System.out( 1786): URI: //
06-06 03:15:28.930 I/System.out( 1786): params: {json={"command":"version","arguments":[]}
06-06 03:15:28.930 I/System.out( 1786): }
06-06 03:15:28.930 I/System.out( 1786): header: {content-type=application/json;charset=utf-8, date=Sat, 06 Jun 2020 08:15:29 GMT, accept=*/*, host=127.0.0.1:34777, content-length=36, user-agent=HTTPClient/1.0 (2.8.3, ruby 2.5.1 (2018-03-29))}
06-06 03:15:28.930 I/System.out( 1786): params: {json={"command":"version","arguments":[]}
06-06 03:15:28.930 I/System.out( 1786): }
06-06 03:15:28.930 I/System.out( 1786): ProP json = {"command":"version","arguments":[]}
06-06 03:15:28.930 I/System.out( 1786): files: {}
06-06 03:15:28.930 I/System.out( 1786): command: {"command":"version","arguments":[]}
06-06 03:15:28.933 I/InstrumentationBackend( 1786): Got command:'Command:'Line:null,version', arguments:'[]'
06-06 03:15:28.940 I/System.out( 1786): result:{"bonusInformation":[],"message":"0.9.8","success":true}
06-06 03:15:28.942 I/System.out( 1786): URI: //start-application
06-06 03:15:28.942 I/System.out( 1786): params: {json={"intent":null}
06-06 03:15:28.942 I/System.out( 1786): }
06-06 03:15:28.951 I/ActivityManager( 1630): START u0 {act=android.intent.action.MAIN cat=[android.intent.category.LAUNCHER] flg=0x10200000 cmp=com.evancharlton.mileage/.Mileage} from uid 10422 on display 0
06-06 03:15:28.955 I/calabash( 1786): newActivity1
06-06 03:15:28.963 I/calabash( 1786): newActivity1
06-06 03:15:28.964 W/ActivityManager( 1630): Bad activity token: android.os.BinderProxy@c7eb833
06-06 03:15:28.964 W/ActivityManager( 1630): java.lang.ClassCastException: android.os.BinderProxy cannot be cast to com.android.server.am.ActivityRecord$Token
06-06 03:15:28.964 W/ActivityManager( 1630): 	at com.android.server.am.ActivityRecord.forTokenLocked(ActivityRecord.java:586)
06-06 03:15:28.964 W/ActivityManager( 1630): 	at com.android.server.am.ActivityRecord.isInStackLocked(ActivityRecord.java:1327)
06-06 03:15:28.964 W/ActivityManager( 1630): 	at com.android.server.am.ActivityRecord.getStackLocked(ActivityRecord.java:1332)
06-06 03:15:28.964 W/ActivityManager( 1630): 	at com.android.server.am.ActivityManagerService.getActivityDisplayId(ActivityManagerService.java:9806)
06-06 03:15:28.964 W/ActivityManager( 1630): 	at android.app.ActivityManagerNative.onTransact(ActivityManagerNative.java:2566)
06-06 03:15:28.964 W/ActivityManager( 1630): 	at com.android.server.am.ActivityManagerService.onTransact(ActivityManagerService.java:2757)
06-06 03:15:28.964 W/ActivityManager( 1630): 	at android.os.Binder.execTransact(Binder.java:565)
06-06 03:15:28.965 W/ActivityManager( 1630): Bad activity token: android.os.BinderProxy@c7eb833
06-06 03:15:28.965 W/ActivityManager( 1630): java.lang.ClassCastException: android.os.BinderProxy cannot be cast to com.android.server.am.ActivityRecord$Token
06-06 03:15:28.965 W/ActivityManager( 1630): 	at com.android.server.am.ActivityRecord.forTokenLocked(ActivityRecord.java:586)
06-06 03:15:28.965 W/ActivityManager( 1630): 	at com.android.server.am.ActivityRecord.isInStackLocked(ActivityRecord.java:1327)
06-06 03:15:28.965 W/ActivityManager( 1630): 	at com.android.server.am.ActivityManagerService.setTaskDescription(ActivityManagerService.java:9358)
06-06 03:15:28.965 W/ActivityManager( 1630): 	at android.app.ActivityManagerNative.onTransact(ActivityManagerNative.java:2639)
06-06 03:15:28.965 W/ActivityManager( 1630): 	at com.android.server.am.ActivityManagerService.onTransact(ActivityManagerService.java:2757)
06-06 03:15:28.965 W/ActivityManager( 1630): 	at android.os.Binder.execTransact(Binder.java:565)
06-06 03:15:28.966 W/ActivityManager( 1630): Bad activity token: android.os.BinderProxy@c7eb833
06-06 03:15:28.966 W/ActivityManager( 1630): java.lang.ClassCastException: android.os.BinderProxy cannot be cast to com.android.server.am.ActivityRecord$Token
06-06 03:15:28.966 W/ActivityManager( 1630): 	at com.android.server.am.ActivityRecord.forTokenLocked(ActivityRecord.java:586)
06-06 03:15:28.966 W/ActivityManager( 1630): 	at com.android.server.am.ActivityRecord.isInStackLocked(ActivityRecord.java:1327)
06-06 03:15:28.966 W/ActivityManager( 1630): 	at com.android.server.am.ActivityRecord.getStackLocked(ActivityRecord.java:1332)
06-06 03:15:28.966 W/ActivityManager( 1630): 	at com.android.server.am.ActivityManagerService.getActivityStackId(ActivityManagerService.java:9817)
06-06 03:15:28.966 W/ActivityManager( 1630): 	at android.app.ActivityManagerNative.onTransact(ActivityManagerNative.java:2856)
06-06 03:15:28.966 W/ActivityManager( 1630): 	at com.android.server.am.ActivityManagerService.onTransact(ActivityManagerService.java:2757)
06-06 03:15:28.966 W/ActivityManager( 1630): 	at android.os.Binder.execTransact(Binder.java:565)
06-06 03:15:28.979 W/ActivityManager( 1630): Bad activity token: android.os.BinderProxy@c7eb833
06-06 03:15:28.979 W/ActivityManager( 1630): java.lang.ClassCastException: android.os.BinderProxy cannot be cast to com.android.server.am.ActivityRecord$Token
06-06 03:15:28.979 W/ActivityManager( 1630): 	at com.android.server.am.ActivityRecord.forTokenLocked(ActivityRecord.java:586)
06-06 03:15:28.979 W/ActivityManager( 1630): 	at com.android.server.am.ActivityRecord.isInStackLocked(ActivityRecord.java:1327)
06-06 03:15:28.979 W/ActivityManager( 1630): 	at com.android.server.am.ActivityManagerService.getActivityOptions(ActivityManagerService.java:12559)
06-06 03:15:28.979 W/ActivityManager( 1630): 	at android.app.ActivityManagerNative.onTransact(ActivityManagerNative.java:1933)
06-06 03:15:28.979 W/ActivityManager( 1630): 	at com.android.server.am.ActivityManagerService.onTransact(ActivityManagerService.java:2757)
06-06 03:15:28.979 W/ActivityManager( 1630): 	at android.os.Binder.execTransact(Binder.java:565)
06-06 03:15:28.979 W/ActivityManager( 1630): Bad activity token: android.os.BinderProxy@c7eb833
06-06 03:15:28.979 W/ActivityManager( 1630): java.lang.ClassCastException: android.os.BinderProxy cannot be cast to com.android.server.am.ActivityRecord$Token
06-06 03:15:28.979 W/ActivityManager( 1630): 	at com.android.server.am.ActivityRecord.forTokenLocked(ActivityRecord.java:586)
06-06 03:15:28.979 W/ActivityManager( 1630): 	at com.android.server.am.ActivityRecord.isInStackLocked(ActivityRecord.java:1327)
06-06 03:15:28.979 W/ActivityManager( 1630): 	at com.android.server.am.ActivityManagerService.getActivityOptions(ActivityManagerService.java:12559)
06-06 03:15:28.979 W/ActivityManager( 1630): 	at android.app.ActivityManagerNative.onTransact(ActivityManagerNative.java:1933)
06-06 03:15:28.979 W/ActivityManager( 1630): 	at com.android.server.am.ActivityManagerService.onTransact(ActivityManagerService.java:2757)
06-06 03:15:28.979 W/ActivityManager( 1630): 	at android.os.Binder.execTransact(Binder.java:565)
06-06 03:15:28.981 D/gralloc_ranchu( 1347): gralloc_alloc: Creating ashmem region of size 9023488
06-06 03:15:29.004 V/PhoneStatusBar( 1711): setLightsOn(true)
06-06 03:15:29.015 D/EGL_emulation( 1711): eglMakeCurrent: 0xa7985720: ver 2 0 (tinfo 0xa7983770)
06-06 03:15:29.016 V/PhoneStatusBar( 1711): setLightsOn(true)
06-06 03:15:29.023 V/PhoneStatusBar( 1711): setLightsOn(true)
06-06 03:15:29.026 D/gralloc_ranchu( 1347): gralloc_alloc: Creating ashmem region of size 9023488
06-06 03:15:29.030 V/PhoneStatusBar( 1711): setLightsOn(true)
06-06 03:15:29.037 D/EGL_emulation( 1711): eglMakeCurrent: 0xa7985720: ver 2 0 (tinfo 0xa7983770)
06-06 03:15:29.038 D/EGL_emulation( 2078): eglMakeCurrent: 0x9852d440: ver 2 0 (tinfo 0xa3d30310)
06-06 03:15:29.039 D/        ( 1786): HostConnection::get() New Host Connection established 0x8b645600, tid 1786
06-06 03:15:29.044 D/EGL_emulation( 1711): eglMakeCurrent: 0xa7985720: ver 2 0 (tinfo 0xa7983770)
06-06 03:15:29.080 D/EGL_emulation( 1711): eglMakeCurrent: 0xa7985720: ver 2 0 (tinfo 0xa7983770)
06-06 03:15:29.082 D/EGL_emulation( 1711): eglMakeCurrent: 0xa7985720: ver 2 0 (tinfo 0xa7983770)
06-06 03:15:29.082 V/PhoneStatusBar( 1711): setLightsOn(true)
06-06 03:15:29.084 D/EGL_emulation( 1711): eglMakeCurrent: 0xa7985720: ver 2 0 (tinfo 0xa7983770)
06-06 03:15:29.086 D/EGL_emulation( 1711): eglMakeCurrent: 0xa7985720: ver 2 0 (tinfo 0xa7983770)
06-06 03:15:29.097 D/EGL_emulation( 1711): eglMakeCurrent: 0xa7985720: ver 2 0 (tinfo 0xa7983770)
06-06 03:15:29.100 D/EGL_emulation( 1711): eglMakeCurrent: 0xa7985720: ver 2 0 (tinfo 0xa7983770)
06-06 03:15:29.113 D/EGL_emulation( 1711): eglMakeCurrent: 0xa7985720: ver 2 0 (tinfo 0xa7983770)
06-06 03:15:29.113 I/ActivityManager( 1630): Displayed com.evancharlton.mileage/.Mileage: +160ms
06-06 03:15:29.113 D/gralloc_ranchu( 1347): gralloc_alloc: Creating ashmem region of size 9023488
06-06 03:15:29.127 D/EGL_emulation( 1711): eglMakeCurrent: 0xa7985720: ver 2 0 (tinfo 0xa7983770)
06-06 03:15:29.127 V/PhoneStatusBar( 1711): setLightsOn(true)
06-06 03:15:29.130 D/EGL_emulation( 1711): eglMakeCurrent: 0xa7985720: ver 2 0 (tinfo 0xa7983770)
06-06 03:15:29.140 D/EGL_emulation( 1711): eglMakeCurrent: 0xa7985720: ver 2 0 (tinfo 0xa7983770)
06-06 03:15:29.151 D/EGL_emulation( 1711): eglMakeCurrent: 0xa7985720: ver 2 0 (tinfo 0xa7983770)
06-06 03:15:29.152 D/EGL_emulation( 1711): eglMakeCurrent: 0xa7985720: ver 2 0 (tinfo 0xa7983770)
06-06 03:15:29.153 V/PhoneStatusBar( 1711): setLightsOn(true)
06-06 03:15:29.164 D/EGL_emulation( 1711): eglMakeCurrent: 0xa7985720: ver 2 0 (tinfo 0xa7983770)
06-06 03:15:29.166 D/EGL_emulation( 1711): eglMakeCurrent: 0xa7985720: ver 2 0 (tinfo 0xa7983770)
06-06 03:15:29.180 D/EGL_emulation( 1711): eglMakeCurrent: 0xa7985720: ver 2 0 (tinfo 0xa7983770)
06-06 03:15:29.183 D/EGL_emulation( 1711): eglMakeCurrent: 0xa7985720: ver 2 0 (tinfo 0xa7983770)
06-06 03:15:29.187 I/System.out( 1786): URI: //map
06-06 03:15:29.187 I/System.out( 1786): params: {json={"query":"* marked:'Statistics'","operation":{"method_name":"query","arguments":[]}}
06-06 03:15:29.187 I/System.out( 1786): }
06-06 03:15:29.197 D/EGL_emulation( 1711): eglMakeCurrent: 0xa7985720: ver 2 0 (tinfo 0xa7983770)
06-06 03:15:29.199 D/EGL_emulation( 1711): eglMakeCurrent: 0xa7985720: ver 2 0 (tinfo 0xa7983770)
06-06 03:15:29.200 W/ResourceType( 1786): No package identifier when getting name for resource number 0x00000001
06-06 03:15:29.214 D/EGL_emulation( 1711): eglMakeCurrent: 0xa7985720: ver 2 0 (tinfo 0xa7983770)
06-06 03:15:29.214 I/System.out( 1786): URI: //gesture
06-06 03:15:29.214 I/System.out( 1786): params: {json={"query_timeout":5.0,"gestures":[{"query_string":"* marked:'Statistics'","touches":[{"x":50,"y":50,"offset_x":0,"offset_y":0,"wait":0.0,"time":0.2,"release":true,"query_string":null}]}]}
06-06 03:15:29.214 I/System.out( 1786): }
06-06 03:15:29.216 D/EGL_emulation( 1711): eglMakeCurrent: 0xa7985720: ver 2 0 (tinfo 0xa7983770)
06-06 03:15:29.221 W/ResourceType( 1786): No package identifier when getting name for resource number 0x00000001
06-06 03:15:29.230 D/EGL_emulation( 1711): eglMakeCurrent: 0xa7985720: ver 2 0 (tinfo 0xa7983770)
06-06 03:15:29.238 D/EGL_emulation( 1711): eglMakeCurrent: 0xa7985720: ver 2 0 (tinfo 0xa7983770)
06-06 03:15:29.253 D/EGL_emulation( 1711): eglMakeCurrent: 0xa7985720: ver 2 0 (tinfo 0xa7983770)
06-06 03:15:29.314 I/WindowManager( 1630): Destroying surface Surface(name=Starting com.evancharlton.mileage) called by com.android.server.wm.WindowStateAnimator.destroySurface:2016 com.android.server.wm.WindowStateAnimator.destroySurfaceLocked:882 com.android.server.wm.WindowState.destroyOrSaveSurface:2100 com.android.server.wm.AppWindowToken.destroySurfaces:363 com.android.server.wm.WindowStateAnimator.finishExit:565 com.android.server.wm.WindowStateAnimator.stepAnimationLocked:491 com.android.server.wm.WindowAnimator.updateWindowsLocked:303 com.android.server.wm.WindowAnimator.animateLocked:704 
06-06 03:15:29.319 V/PhoneStatusBar( 1711): setLightsOn(true)
06-06 03:15:29.348 V/PhoneStatusBar( 1711): setLightsOn(true)
06-06 03:15:29.448 I/calabash( 1786): newActivity1
06-06 03:15:29.457 I/System.out( 1786): URI: //map
06-06 03:15:29.457 I/System.out( 1786): params: {json={"query":"* marked:'Worst fuel economy'","operation":{"method_name":"query","arguments":[]}}
06-06 03:15:29.457 I/System.out( 1786): }
06-06 03:15:29.460 W/ActivityManager( 1630): Bad activity token: android.os.BinderProxy@7d49795
06-06 03:15:29.460 W/ActivityManager( 1630): java.lang.ClassCastException: android.os.BinderProxy cannot be cast to com.android.server.am.ActivityRecord$Token
06-06 03:15:29.460 W/ActivityManager( 1630): 	at com.android.server.am.ActivityRecord.forTokenLocked(ActivityRecord.java:586)
06-06 03:15:29.460 W/ActivityManager( 1630): 	at com.android.server.am.ActivityRecord.isInStackLocked(ActivityRecord.java:1327)
06-06 03:15:29.460 W/ActivityManager( 1630): 	at com.android.server.am.ActivityRecord.getStackLocked(ActivityRecord.java:1332)
06-06 03:15:29.460 W/ActivityManager( 1630): 	at com.android.server.am.ActivityManagerService.getActivityDisplayId(ActivityManagerService.java:9806)
06-06 03:15:29.460 W/ActivityManager( 1630): 	at android.app.ActivityManagerNative.onTransact(ActivityManagerNative.java:2566)
06-06 03:15:29.460 W/ActivityManager( 1630): 	at com.android.server.am.ActivityManagerService.onTransact(ActivityManagerService.java:2757)
06-06 03:15:29.460 W/ActivityManager( 1630): 	at android.os.Binder.execTransact(Binder.java:565)
06-06 03:15:29.461 W/ActivityManager( 1630): Bad activity token: android.os.BinderProxy@7d49795
06-06 03:15:29.461 W/ActivityManager( 1630): java.lang.ClassCastException: android.os.BinderProxy cannot be cast to com.android.server.am.ActivityRecord$Token
06-06 03:15:29.461 W/ActivityManager( 1630): 	at com.android.server.am.ActivityRecord.forTokenLocked(ActivityRecord.java:586)
06-06 03:15:29.461 W/ActivityManager( 1630): 	at com.android.server.am.ActivityRecord.isInStackLocked(ActivityRecord.java:1327)
06-06 03:15:29.461 W/ActivityManager( 1630): 	at com.android.server.am.ActivityManagerService.setTaskDescription(ActivityManagerService.java:9358)
06-06 03:15:29.461 W/ActivityManager( 1630): 	at android.app.ActivityManagerNative.onTransact(ActivityManagerNative.java:2639)
06-06 03:15:29.461 W/ActivityManager( 1630): 	at com.android.server.am.ActivityManagerService.onTransact(ActivityManagerService.java:2757)
06-06 03:15:29.461 W/ActivityManager( 1630): 	at android.os.Binder.execTransact(Binder.java:565)
06-06 03:15:29.462 W/ActivityManager( 1630): Bad activity token: android.os.BinderProxy@7d49795
06-06 03:15:29.462 W/ActivityManager( 1630): java.lang.ClassCastException: android.os.BinderProxy cannot be cast to com.android.server.am.ActivityRecord$Token
06-06 03:15:29.462 W/ActivityManager( 1630): 	at com.android.server.am.ActivityRecord.forTokenLocked(ActivityRecord.java:586)
06-06 03:15:29.462 W/ActivityManager( 1630): 	at com.android.server.am.ActivityRecord.isInStackLocked(ActivityRecord.java:1327)
06-06 03:15:29.462 W/ActivityManager( 1630): 	at com.android.server.am.ActivityRecord.getStackLocked(ActivityRecord.java:1332)
06-06 03:15:29.462 W/ActivityManager( 1630): 	at com.android.server.am.ActivityManagerService.getActivityStackId(ActivityManagerService.java:9817)
06-06 03:15:29.462 W/ActivityManager( 1630): 	at android.app.ActivityManagerNative.onTransact(ActivityManagerNative.java:2856)
06-06 03:15:29.462 W/ActivityManager( 1630): 	at com.android.server.am.ActivityManagerService.onTransact(ActivityManagerService.java:2757)
06-06 03:15:29.462 W/ActivityManager( 1630): 	at android.os.Binder.execTransact(Binder.java:565)
06-06 03:15:29.466 D/VehicleStatisticsActivity( 1786): Checking recalculation ...
06-06 03:15:29.467 D/VehicleStatisticsActivity( 1786): Recalculating statistics
06-06 03:15:29.467 D/VehicleStatisticsTask( 1786): Calculation starting...
06-06 03:15:29.467 D/VehicleStatisticsActivity( 1786): Recalculation started!
06-06 03:15:29.467 W/ResourceType( 1786): No package identifier when getting value for resource number 0x00000000
06-06 03:15:29.467 D/AndroidRuntime( 1786): Shutting down VM
--------- beginning of crash
06-06 03:15:29.467 E/AndroidRuntime( 1786): FATAL EXCEPTION: main
06-06 03:15:29.467 E/AndroidRuntime( 1786): Process: com.evancharlton.mileage, PID: 1786
06-06 03:15:29.467 E/AndroidRuntime( 1786): java.lang.RuntimeException: Unable to start activity ComponentInfo{com.evancharlton.mileage/com.evancharlton.mileage.VehicleStatisticsActivity}: android.content.res.Resources$NotFoundException: String resource ID #0x0
06-06 03:15:29.467 E/AndroidRuntime( 1786): 	at android.app.ActivityThread.performLaunchActivity(ActivityThread.java:2646)
06-06 03:15:29.467 E/AndroidRuntime( 1786): 	at android.app.ActivityThread.startActivityNow(ActivityThread.java:2446)
06-06 03:15:29.467 E/AndroidRuntime( 1786): 	at android.app.LocalActivityManager.moveToState(LocalActivityManager.java:136)
06-06 03:15:29.467 E/AndroidRuntime( 1786): 	at android.app.LocalActivityManager.startActivity(LocalActivityManager.java:348)
06-06 03:15:29.467 E/AndroidRuntime( 1786): 	at android.widget.TabHost$IntentContentStrategy.getContentView(TabHost.java:724)
06-06 03:15:29.467 E/AndroidRuntime( 1786): 	at android.widget.TabHost.setCurrentTab(TabHost.java:388)
06-06 03:15:29.467 E/AndroidRuntime( 1786): 	at android.widget.TabHost$2.onTabSelectionChanged(TabHost.java:158)
06-06 03:15:29.467 E/AndroidRuntime( 1786): 	at android.widget.TabWidget$TabClickListener.onClick(TabWidget.java:532)
06-06 03:15:29.467 E/AndroidRuntime( 1786): 	at android.view.View.performClick(View.java:5610)
06-06 03:15:29.467 E/AndroidRuntime( 1786): 	at android.view.View$PerformClick.run(View.java:22265)
06-06 03:15:29.467 E/AndroidRuntime( 1786): 	at android.os.Handler.handleCallback(Handler.java:751)
06-06 03:15:29.467 E/AndroidRuntime( 1786): 	at android.os.Handler.dispatchMessage(Handler.java:95)
06-06 03:15:29.467 E/AndroidRuntime( 1786): 	at android.os.Looper.loop(Looper.java:154)
06-06 03:15:29.467 E/AndroidRuntime( 1786): 	at android.app.ActivityThread.main(ActivityThread.java:6077)
06-06 03:15:29.467 E/AndroidRuntime( 1786): 	at java.lang.reflect.Method.invoke(Native Method)
06-06 03:15:29.467 E/AndroidRuntime( 1786): 	at com.android.internal.os.ZygoteInit$MethodAndArgsCaller.run(ZygoteInit.java:866)
06-06 03:15:29.467 E/AndroidRuntime( 1786): 	at com.android.internal.os.ZygoteInit.main(ZygoteInit.java:756)
06-06 03:15:29.467 E/AndroidRuntime( 1786): Caused by: android.content.res.Resources$NotFoundException: String resource ID #0x0
06-06 03:15:29.467 E/AndroidRuntime( 1786): 	at android.content.res.Resources.getText(Resources.java:331)
06-06 03:15:29.467 E/AndroidRuntime( 1786): 	at android.content.res.Resources.getString(Resources.java:377)
06-06 03:15:29.467 E/AndroidRuntime( 1786): 	at android.content.Context.getString(Context.java:476)
06-06 03:15:29.467 E/AndroidRuntime( 1786): 	at com.evancharlton.mileage.adapters.VehicleStatisticsAdapter$StatisticHolder.<init>(VehicleStatisticsAdapter.java:209)
06-06 03:15:29.467 E/AndroidRuntime( 1786): 	at com.evancharlton.mileage.adapters.VehicleStatisticsAdapter.<init>(VehicleStatisticsAdapter.java:48)
06-06 03:15:29.467 E/AndroidRuntime( 1786): 	at com.evancharlton.mileage.VehicleStatisticsActivity.setAdapter(VehicleStatisticsActivity.java:197)
06-06 03:15:29.467 E/AndroidRuntime( 1786): 	at com.evancharlton.mileage.VehicleStatisticsActivity.recalculate(VehicleStatisticsActivity.java:175)
06-06 03:15:29.467 E/AndroidRuntime( 1786): 	at com.evancharlton.mileage.VehicleStatisticsActivity.onCreate(VehicleStatisticsActivity.java:131)
06-06 03:15:29.467 E/AndroidRuntime( 1786): 	at android.app.Activity.performCreate(Activity.java:6662)
06-06 03:15:29.467 E/AndroidRuntime( 1786): 	at android.app.Instrumentation.callActivityOnCreate(Instrumentation.java:1118)
06-06 03:15:29.467 E/AndroidRuntime( 1786): 	at android.app.ActivityThread.performLaunchActivity(ActivityThread.java:2599)
06-06 03:15:29.467 E/AndroidRuntime( 1786): 	... 16 more
06-06 03:15:29.468 I/Process ( 1786): Sending signal. PID: 1786 SIG: 9
06-06 03:15:29.480 V/PhoneStatusBar( 1711): setLightsOn(true)
06-06 03:15:29.540 W/InputDispatcher( 1630): channel 'd630508 com.evancharlton.mileage/com.evancharlton.mileage.Mileage (server)' ~ Consumer closed input channel or an error occurred.  events=0x9
06-06 03:15:29.540 E/InputDispatcher( 1630): channel 'd630508 com.evancharlton.mileage/com.evancharlton.mileage.Mileage (server)' ~ Channel is unrecoverably broken and will be disposed!
06-06 03:15:29.541 I/ActivityManager( 1630): Process com.evancharlton.mileage (pid 1786) has died
06-06 03:15:29.541 D/ActivityManager( 1630): cleanUpApplicationRecord -- 1786
06-06 03:15:29.541 W/ActivityManager( 1630): Scheduling restart of crashed service com.evancharlton.mileage/.services.AutomaticBackupService in 1000ms
06-06 03:15:29.541 W/ActivityManager( 1630): Force removing ActivityRecord{bfa75d8 u0 com.evancharlton.mileage/.Mileage t12659}: app died, no saved state
06-06 03:15:29.564 I/WindowManager( 1630): WIN DEATH: Window{d630508 u0 com.evancharlton.mileage/com.evancharlton.mileage.Mileage}
06-06 03:15:29.564 W/InputDispatcher( 1630): Attempted to unregister already unregistered input channel 'd630508 com.evancharlton.mileage/com.evancharlton.mileage.Mileage (server)'
06-06 03:15:29.564 I/WindowManager( 1630): Destroying surface Surface(name=com.evancharlton.mileage/com.evancharlton.mileage.Mileage) called by com.android.server.wm.WindowStateAnimator.destroySurface:2016 com.android.server.wm.WindowStateAnimator.destroySurfaceLocked:882 com.android.server.wm.WindowState.removeLocked:1456 com.android.server.wm.WindowManagerService.removeWindowInnerLocked:2484 com.android.server.wm.WindowManagerService.removeWindowLocked:2442 com.android.server.wm.WindowState$DeathRecipient.binderDied:1787 android.os.BinderProxy.sendDeathNotice:688 <bottom of call stack> 
06-06 03:15:29.581 W/ActivityManager( 1630): Crash of app com.evancharlton.mileage running instrumentation ComponentInfo{com.evancharlton.mileage.test/sh.calaba.instrumentationbackend.CalabashInstrumentationTestRunner}
06-06 03:15:29.581 I/ActivityManager( 1630): Force stopping com.evancharlton.mileage appid=10422 user=0: finished inst
06-06 03:15:29.582 I/ActivityManager( 1630):   Force stopping service ServiceRecord{6341811 u0 com.evancharlton.mileage/.services.AutomaticBackupService}
06-06 03:15:29.585 V/PhoneStatusBar( 1711): setLightsOn(true)
06-06 03:15:29.615 D/EGL_emulation( 1711): eglMakeCurrent: 0xa7985720: ver 2 0 (tinfo 0xa7983770)
06-06 03:15:29.630 D/EGL_emulation( 1711): eglMakeCurrent: 0xa7985720: ver 2 0 (tinfo 0xa7983770)
06-06 03:15:29.632 D/EGL_emulation( 2078): eglMakeCurrent: 0x9852d440: ver 2 0 (tinfo 0xa3d30310)
06-06 03:15:29.634 D/EGL_emulation( 1711): eglMakeCurrent: 0xa7985720: ver 2 0 (tinfo 0xa7983770)
06-06 03:15:29.637 E/SurfaceFlinger( 1347): ro.sf.lcd_density must be defined as a build property
06-06 03:15:29.637 D/gralloc_ranchu( 1347): gralloc_alloc: Creating ashmem region of size 9592832
06-06 03:15:29.642 D/        ( 1842): HostConnection::get() New Host Connection established 0xaba9b2c0, tid 1842
06-06 03:15:29.645 E/EGL_emulation( 1347): tid 1347: eglCreateSyncKHR(1901): error 0x3004 (EGL_BAD_ATTRIBUTE)
06-06 03:15:29.668 D/EGL_emulation( 1711): eglMakeCurrent: 0xa7985720: ver 2 0 (tinfo 0xa7983770)
06-06 03:15:29.671 D/EGL_emulation( 1711): eglMakeCurrent: 0xa7985720: ver 2 0 (tinfo 0xa7983770)
06-06 03:15:29.673 D/EGL_emulation( 1711): eglMakeCurrent: 0xa7985720: ver 2 0 (tinfo 0xa7983770)
06-06 03:15:29.674 D/EGL_emulation( 1711): eglMakeCurrent: 0xa7985720: ver 2 0 (tinfo 0xa7983770)
06-06 03:15:29.680 D/EGL_emulation( 1711): eglMakeCurrent: 0xa7985720: ver 2 0 (tinfo 0xa7983770)
06-06 03:15:29.682 D/EGL_emulation( 1711): eglMakeCurrent: 0xa7985720: ver 2 0 (tinfo 0xa7983770)
06-06 03:15:29.697 D/EGL_emulation( 1711): eglMakeCurrent: 0xa7985720: ver 2 0 (tinfo 0xa7983770)
06-06 03:15:29.698 D/EGL_emulation( 1711): eglMakeCurrent: 0xa7985720: ver 2 0 (tinfo 0xa7983770)
06-06 03:15:29.713 D/EGL_emulation( 1711): eglMakeCurrent: 0xa7985720: ver 2 0 (tinfo 0xa7983770)
06-06 03:15:29.717 D/EGL_emulation( 1711): eglMakeCurrent: 0xa7985720: ver 2 0 (tinfo 0xa7983770)
06-06 03:15:29.731 D/EGL_emulation( 1711): eglMakeCurrent: 0xa7985720: ver 2 0 (tinfo 0xa7983770)
06-06 03:15:29.733 D/EGL_emulation( 1711): eglMakeCurrent: 0xa7985720: ver 2 0 (tinfo 0xa7983770)
06-06 03:15:29.747 D/EGL_emulation( 1711): eglMakeCurrent: 0xa7985720: ver 2 0 (tinfo 0xa7983770)
06-06 03:15:29.750 D/EGL_emulation( 1711): eglMakeCurrent: 0xa7985720: ver 2 0 (tinfo 0xa7983770)
06-06 03:15:29.764 D/EGL_emulation( 1711): eglMakeCurrent: 0xa7985720: ver 2 0 (tinfo 0xa7983770)
06-06 03:15:29.766 D/EGL_emulation( 1711): eglMakeCurrent: 0xa7985720: ver 2 0 (tinfo 0xa7983770)
06-06 03:15:29.781 D/EGL_emulation( 1711): eglMakeCurrent: 0xa7985720: ver 2 0 (tinfo 0xa7983770)
06-06 03:15:29.782 D/EGL_emulation( 1711): eglMakeCurrent: 0xa7985720: ver 2 0 (tinfo 0xa7983770)
06-06 03:15:29.797 D/EGL_emulation( 1711): eglMakeCurrent: 0xa7985720: ver 2 0 (tinfo 0xa7983770)
06-06 03:15:29.798 D/EGL_emulation( 1711): eglMakeCurrent: 0xa7985720: ver 2 0 (tinfo 0xa7983770)
06-06 03:15:29.814 D/EGL_emulation( 1711): eglMakeCurrent: 0xa7985720: ver 2 0 (tinfo 0xa7983770)
06-06 03:15:29.816 D/EGL_emulation( 1711): eglMakeCurrent: 0xa7985720: ver 2 0 (tinfo 0xa7983770)
06-06 03:15:29.831 D/EGL_emulation( 1711): eglMakeCurrent: 0xa7985720: ver 2 0 (tinfo 0xa7983770)
