--------- beginning of main
06-05 23:03:35.101 D/AndroidRuntime(15207): >>>>>> START com.android.internal.os.RuntimeInit uid 2000 <<<<<<
06-05 23:03:35.102 D/AndroidRuntime(15207): CheckJNI is ON
06-05 23:03:35.113 W/art     (15207): Unexpected CPU variant for X86 using defaults: x86
06-05 23:03:35.115 D/ICU     (15207): No timezone override file found: /data/misc/zoneinfo/current/icu/icu_tzdata.dat
06-05 23:03:35.123 E/memtrack(15207): Couldn't load memtrack module (No such file or directory)
06-05 23:03:35.123 E/android.os.Debug(15207): failed to load memtrack module: -2
06-05 23:03:35.123 I/Radio-JNI(15207): register_android_hardware_Radio DONE
06-05 23:03:35.127 D/AndroidRuntime(15207): Calling main entry com.android.commands.am.Am
--------- beginning of system
06-05 23:03:35.129 I/ActivityManager( 1631): Force stopping com.evancharlton.mileage appid=10326 user=0: start instr
06-05 23:03:35.129 I/ActivityManager( 1631): Killing 15163:com.evancharlton.mileage/u0a326 (adj 0): stop com.evancharlton.mileage
06-05 23:03:35.129 D/ActivityManager( 1631): cleanUpApplicationRecord -- 15163
06-05 23:03:35.131 W/ActivityManager( 1631): Crash of app com.evancharlton.mileage running instrumentation ComponentInfo{com.evancharlton.mileage.test/sh.calaba.instrumentationbackend.CalabashInstrumentationTestRunner}
06-05 23:03:35.131 I/ActivityManager( 1631): Force stopping com.evancharlton.mileage appid=10326 user=0: finished inst
06-05 23:03:35.134 I/art     (15217): Not late-enabling -Xcheck:jni (already on)
06-05 23:03:35.134 W/art     (15217): Unexpected CPU variant for X86 using defaults: x86
06-05 23:03:35.142 I/ActivityManager( 1631): Start proc 15217:com.evancharlton.mileage/u0a326 for added application com.evancharlton.mileage
06-05 23:03:35.142 D/AndroidRuntime(15207): Shutting down VM
06-05 23:03:35.146 W/System  (15217): ClassLoader referenced unknown path: /data/app/com.evancharlton.mileage.test-1/lib/x86
06-05 23:03:35.146 W/System  (15217): ClassLoader referenced unknown path: /data/app/com.evancharlton.mileage-1/lib/x86
06-05 23:03:35.148 W/System  (15217): ClassLoader referenced unknown path: 
06-05 23:03:35.151 I/System.out(15217): Main activity name automatically set to: com.evancharlton.mileage.Mileage
06-05 23:03:35.151 I/System.out(15217): Calabash did not load Mono. This is only a problem if you are trying to test a Mono application
06-05 23:03:35.151 I/calabash(15217): Test server port: 7102
06-05 23:03:35.152 I/InstrumentationBackend(15217): Added:'GetPreferences', with key:'get_preferences'
06-05 23:03:35.156 I/InstrumentationBackend(15217): Added:'SetPreferences', with key:'set_preferences'
06-05 23:03:35.156 I/InstrumentationBackend(15217): Added:'ClearPreferences', with key:'clear_preferences'
06-05 23:03:35.156 I/InstrumentationBackend(15217): Added:'PressElement', with key:'press_l10n_element'
06-05 23:03:35.156 I/InstrumentationBackend(15217): Added:'WaitForElement', with key:'wait_for_l10n_element'
06-05 23:03:35.156 I/InstrumentationBackend(15217): Added:'NullAction', with key:'nullAction'
06-05 23:03:35.156 I/InstrumentationBackend(15217): Added:'PressKey', with key:'press_key'
06-05 23:03:35.156 I/InstrumentationBackend(15217): Added:'SetActivityOrientation', with key:'set_activity_orientation'
06-05 23:03:35.156 I/InstrumentationBackend(15217): Added:'GetActivityOrientation', with key:'get_activity_orientation'
06-05 23:03:35.156 I/InstrumentationBackend(15217): Added:'FakeGPSLocation', with key:'set_gps_coordinates'
06-05 23:03:35.156 I/InstrumentationBackend(15217): Added:'SetPropertyByCssSelector', with key:'set_property_by_css_selector'
06-05 23:03:35.157 I/InstrumentationBackend(15217): Added:'GetUrl', with key:'get_url'
06-05 23:03:35.157 I/InstrumentationBackend(15217): Added:'ScrollTo', with key:'scroll_to'
06-05 23:03:35.157 I/InstrumentationBackend(15217): Added:'GetLoadProgress', with key:'get_load_progress'
06-05 23:03:35.157 I/InstrumentationBackend(15217): Added:'DumpHtml', with key:'dump_html'
06-05 23:03:35.157 I/InstrumentationBackend(15217): Added:'DumpBodyHtml', with key:'dump_body_html'
06-05 23:03:35.157 I/InstrumentationBackend(15217): Added:'EnterTextByCssSelector', with key:'enter_text_by_selector'
06-05 23:03:35.157 I/InstrumentationBackend(15217): Added:'AndroidSDKVersion', with key:'android_sdk_version'
06-05 23:03:35.157 I/InstrumentationBackend(15217): Added:'Version', with key:'version'
06-05 23:03:35.157 I/InstrumentationBackend(15217): Added:'Drag', with key:'drag'
06-05 23:03:35.157 I/InstrumentationBackend(15217): Added:'TouchCoordinates', with key:'touch_coordinate'
06-05 23:03:35.157 I/InstrumentationBackend(15217): Added:'LongPressCoordinate', with key:'long_press_coordinate'
06-05 23:03:35.157 I/InstrumentationBackend(15217): Added:'DragCoordinates', with key:'drag_coordinates'
06-05 23:03:35.157 I/InstrumentationBackend(15217): Added:'ResumeApplication', with key:'resume_application'
06-05 23:03:35.157 I/InstrumentationBackend(15217): Added:'Swipe', with key:'swipe'
06-05 23:03:35.157 I/InstrumentationBackend(15217): Added:'DoubleTapCoordinate', with key:'double_tap_coordinate'
06-05 23:03:35.157 I/InstrumentationBackend(15217): Added:'ClickOnScreen', with key:'click_on_screen'
06-05 23:03:35.157 I/InstrumentationBackend(15217): Added:'GetActivityName', with key:'get_activity_name'
06-05 23:03:35.158 I/InstrumentationBackend(15217): Added:'ScrollToView', with key:'scroll_to_view'
06-05 23:03:35.158 I/InstrumentationBackend(15217): Added:'ViewConfiguration', with key:'view_configuration'
06-05 23:03:35.158 I/InstrumentationBackend(15217): Added:'IsCurrentActivityFocused', with key:'is_current_activity_focused'
06-05 23:03:35.158 I/InstrumentationBackend(15217): Added:'SendTcp', with key:'send_tcp'
06-05 23:03:35.158 I/InstrumentationBackend(15217): Added:'DpToDevicePixel', with key:'dp_to_device_pixel'
06-05 23:03:35.158 I/InstrumentationBackend(15217): Added:'KeyboardEnterText', with key:'keyboard_enter_text'
06-05 23:03:35.158 I/InstrumentationBackend(15217): Added:'DeleteSurroundingText', with key:'delete_surrounding_text'
06-05 23:03:35.158 I/InstrumentationBackend(15217): Added:'SetComposingRegion', with key:'set_composing_region'
06-05 23:03:35.158 I/InstrumentationBackend(15217): Added:'SetSelection', with key:'set_selection'
06-05 23:03:35.158 I/InstrumentationBackend(15217): Added:'KeyboardKeyEvent', with key:'keyboard_key_event'
06-05 23:03:35.158 I/InstrumentationBackend(15217): Added:'PressUserActionButton', with key:'press_user_action_button'
06-05 23:03:35.158 I/InstrumentationBackend(15217): Added:'HideSoftKeyboard', with key:'hide_soft_keyboard'
06-05 23:03:35.158 I/InstrumentationBackend(15217): Added:'ListActions', with key:'list_actions'
06-05 23:03:35.158 I/calabash(15217): Instantiating http server at 7102
06-05 23:03:35.159 I/System.out(15217): HTTP Daemon listening on: 7102
06-05 23:03:35.173 I/WindowManager( 1631): WIN DEATH: Window{838892d u0 Toast}
06-05 23:03:35.250 I/System.out(15217): URI: //ping
06-05 23:03:35.250 I/System.out(15217): params: {json={}
06-05 23:03:35.250 I/System.out(15217): }
06-05 23:03:35.253 I/System.out(15217): URI: //ping
06-05 23:03:35.253 I/System.out(15217): params: {json={}
06-05 23:03:35.253 I/System.out(15217): }
06-05 23:03:35.255 I/System.out(15217): URI: //ready
06-05 23:03:35.255 I/System.out(15217): params: {json={}
06-05 23:03:35.255 I/System.out(15217): }
06-05 23:03:35.257 I/System.out(15217): URI: //
06-05 23:03:35.257 I/System.out(15217): params: {json={"command":"version","arguments":[]}
06-05 23:03:35.257 I/System.out(15217): }
06-05 23:03:35.257 I/System.out(15217): header: {content-type=application/json;charset=utf-8, date=Sat, 06 Jun 2020 04:03:35 GMT, accept=*/*, host=127.0.0.1:34777, content-length=36, user-agent=HTTPClient/1.0 (2.8.3, ruby 2.5.1 (2018-03-29))}
06-05 23:03:35.257 I/System.out(15217): params: {json={"command":"version","arguments":[]}
06-05 23:03:35.257 I/System.out(15217): }
06-05 23:03:35.257 I/System.out(15217): ProP json = {"command":"version","arguments":[]}
06-05 23:03:35.257 I/System.out(15217): files: {}
06-05 23:03:35.257 I/System.out(15217): command: {"command":"version","arguments":[]}
06-05 23:03:35.260 I/InstrumentationBackend(15217): Got command:'Command:'Line:null,version', arguments:'[]'
06-05 23:03:35.265 I/System.out(15217): result:{"bonusInformation":[],"message":"0.9.8","success":true}
06-05 23:03:35.268 I/System.out(15217): URI: //start-application
06-05 23:03:35.268 I/System.out(15217): params: {json={"intent":null}
06-05 23:03:35.268 I/System.out(15217): }
06-05 23:03:35.278 I/ActivityManager( 1631): START u0 {act=android.intent.action.MAIN cat=[android.intent.category.LAUNCHER] flg=0x10200000 cmp=com.evancharlton.mileage/.Mileage} from uid 10326 on display 0
06-05 23:03:35.283 I/calabash(15217): newActivity1
06-05 23:03:35.302 D/gralloc_ranchu( 1347): gralloc_alloc: Creating ashmem region of size 9023488
06-05 23:03:35.310 I/calabash(15217): newActivity1
06-05 23:03:35.311 W/ActivityManager( 1631): Bad activity token: android.os.BinderProxy@83dc00c
06-05 23:03:35.311 W/ActivityManager( 1631): java.lang.ClassCastException: android.os.BinderProxy cannot be cast to com.android.server.am.ActivityRecord$Token
06-05 23:03:35.311 W/ActivityManager( 1631): 	at com.android.server.am.ActivityRecord.forTokenLocked(ActivityRecord.java:586)
06-05 23:03:35.311 W/ActivityManager( 1631): 	at com.android.server.am.ActivityRecord.isInStackLocked(ActivityRecord.java:1327)
06-05 23:03:35.311 W/ActivityManager( 1631): 	at com.android.server.am.ActivityRecord.getStackLocked(ActivityRecord.java:1332)
06-05 23:03:35.311 W/ActivityManager( 1631): 	at com.android.server.am.ActivityManagerService.getActivityDisplayId(ActivityManagerService.java:9806)
06-05 23:03:35.311 W/ActivityManager( 1631): 	at android.app.ActivityManagerNative.onTransact(ActivityManagerNative.java:2566)
06-05 23:03:35.311 W/ActivityManager( 1631): 	at com.android.server.am.ActivityManagerService.onTransact(ActivityManagerService.java:2757)
06-05 23:03:35.311 W/ActivityManager( 1631): 	at android.os.Binder.execTransact(Binder.java:565)
06-05 23:03:35.313 W/ActivityManager( 1631): Bad activity token: android.os.BinderProxy@83dc00c
06-05 23:03:35.313 W/ActivityManager( 1631): java.lang.ClassCastException: android.os.BinderProxy cannot be cast to com.android.server.am.ActivityRecord$Token
06-05 23:03:35.313 W/ActivityManager( 1631): 	at com.android.server.am.ActivityRecord.forTokenLocked(ActivityRecord.java:586)
06-05 23:03:35.313 W/ActivityManager( 1631): 	at com.android.server.am.ActivityRecord.isInStackLocked(ActivityRecord.java:1327)
06-05 23:03:35.313 W/ActivityManager( 1631): 	at com.android.server.am.ActivityManagerService.setTaskDescription(ActivityManagerService.java:9358)
06-05 23:03:35.313 W/ActivityManager( 1631): 	at android.app.ActivityManagerNative.onTransact(ActivityManagerNative.java:2639)
06-05 23:03:35.313 W/ActivityManager( 1631): 	at com.android.server.am.ActivityManagerService.onTransact(ActivityManagerService.java:2757)
06-05 23:03:35.313 W/ActivityManager( 1631): 	at android.os.Binder.execTransact(Binder.java:565)
06-05 23:03:35.313 W/ActivityManager( 1631): Bad activity token: android.os.BinderProxy@83dc00c
06-05 23:03:35.313 W/ActivityManager( 1631): java.lang.ClassCastException: android.os.BinderProxy cannot be cast to com.android.server.am.ActivityRecord$Token
06-05 23:03:35.313 W/ActivityManager( 1631): 	at com.android.server.am.ActivityRecord.forTokenLocked(ActivityRecord.java:586)
06-05 23:03:35.313 W/ActivityManager( 1631): 	at com.android.server.am.ActivityRecord.isInStackLocked(ActivityRecord.java:1327)
06-05 23:03:35.313 W/ActivityManager( 1631): 	at com.android.server.am.ActivityRecord.getStackLocked(ActivityRecord.java:1332)
06-05 23:03:35.313 W/ActivityManager( 1631): 	at com.android.server.am.ActivityManagerService.getActivityStackId(ActivityManagerService.java:9817)
06-05 23:03:35.313 W/ActivityManager( 1631): 	at android.app.ActivityManagerNative.onTransact(ActivityManagerNative.java:2856)
06-05 23:03:35.313 W/ActivityManager( 1631): 	at com.android.server.am.ActivityManagerService.onTransact(ActivityManagerService.java:2757)
06-05 23:03:35.313 W/ActivityManager( 1631): 	at android.os.Binder.execTransact(Binder.java:565)
06-05 23:03:35.325 V/PhoneStatusBar( 1712): setLightsOn(true)
06-05 23:03:35.328 W/ActivityManager( 1631): Bad activity token: android.os.BinderProxy@83dc00c
06-05 23:03:35.328 W/ActivityManager( 1631): java.lang.ClassCastException: android.os.BinderProxy cannot be cast to com.android.server.am.ActivityRecord$Token
06-05 23:03:35.328 W/ActivityManager( 1631): 	at com.android.server.am.ActivityRecord.forTokenLocked(ActivityRecord.java:586)
06-05 23:03:35.328 W/ActivityManager( 1631): 	at com.android.server.am.ActivityRecord.isInStackLocked(ActivityRecord.java:1327)
06-05 23:03:35.328 W/ActivityManager( 1631): 	at com.android.server.am.ActivityManagerService.getActivityOptions(ActivityManagerService.java:12559)
06-05 23:03:35.328 W/ActivityManager( 1631): 	at android.app.ActivityManagerNative.onTransact(ActivityManagerNative.java:1933)
06-05 23:03:35.328 W/ActivityManager( 1631): 	at com.android.server.am.ActivityManagerService.onTransact(ActivityManagerService.java:2757)
06-05 23:03:35.328 W/ActivityManager( 1631): 	at android.os.Binder.execTransact(Binder.java:565)
06-05 23:03:35.328 W/ActivityManager( 1631): Bad activity token: android.os.BinderProxy@83dc00c
06-05 23:03:35.328 W/ActivityManager( 1631): java.lang.ClassCastException: android.os.BinderProxy cannot be cast to com.android.server.am.ActivityRecord$Token
06-05 23:03:35.328 W/ActivityManager( 1631): 	at com.android.server.am.ActivityRecord.forTokenLocked(ActivityRecord.java:586)
06-05 23:03:35.328 W/ActivityManager( 1631): 	at com.android.server.am.ActivityRecord.isInStackLocked(ActivityRecord.java:1327)
06-05 23:03:35.328 W/ActivityManager( 1631): 	at com.android.server.am.ActivityManagerService.getActivityOptions(ActivityManagerService.java:12559)
06-05 23:03:35.328 W/ActivityManager( 1631): 	at android.app.ActivityManagerNative.onTransact(ActivityManagerNative.java:1933)
06-05 23:03:35.328 W/ActivityManager( 1631): 	at com.android.server.am.ActivityManagerService.onTransact(ActivityManagerService.java:2757)
06-05 23:03:35.328 W/ActivityManager( 1631): 	at android.os.Binder.execTransact(Binder.java:565)
06-05 23:03:35.334 D/EGL_emulation( 2076): eglMakeCurrent: 0xb0685360: ver 2 0 (tinfo 0xb06836b0)
06-05 23:03:35.335 D/EGL_emulation( 1712): eglMakeCurrent: 0xb0685360: ver 2 0 (tinfo 0xb06836c0)
06-05 23:03:35.350 D/EGL_emulation( 1712): eglMakeCurrent: 0xb0685360: ver 2 0 (tinfo 0xb06836c0)
06-05 23:03:35.352 D/EGL_emulation( 1712): eglMakeCurrent: 0xb0685360: ver 2 0 (tinfo 0xb06836c0)
06-05 23:03:35.367 D/EGL_emulation( 1712): eglMakeCurrent: 0xb0685360: ver 2 0 (tinfo 0xb06836c0)
06-05 23:03:35.369 D/gralloc_ranchu( 1347): gralloc_alloc: Creating ashmem region of size 9023488
06-05 23:03:35.369 D/EGL_emulation( 1712): eglMakeCurrent: 0xb0685360: ver 2 0 (tinfo 0xb06836c0)
06-05 23:03:35.377 D/        (15217): HostConnection::get() New Host Connection established 0x942a40c0, tid 15217
06-05 23:03:35.413 D/EGL_emulation( 1712): eglMakeCurrent: 0xb0685360: ver 2 0 (tinfo 0xb06836c0)
06-05 23:03:35.415 D/EGL_emulation( 1712): eglMakeCurrent: 0xb0685360: ver 2 0 (tinfo 0xb06836c0)
06-05 23:03:35.416 V/PhoneStatusBar( 1712): setLightsOn(true)
06-05 23:03:35.417 D/EGL_emulation( 1712): eglMakeCurrent: 0xb0685360: ver 2 0 (tinfo 0xb06836c0)
06-05 23:03:35.419 D/EGL_emulation( 1712): eglMakeCurrent: 0xb0685360: ver 2 0 (tinfo 0xb06836c0)
06-05 23:03:35.434 D/EGL_emulation( 1712): eglMakeCurrent: 0xb0685360: ver 2 0 (tinfo 0xb06836c0)
06-05 23:03:35.435 D/EGL_emulation( 1712): eglMakeCurrent: 0xb0685360: ver 2 0 (tinfo 0xb06836c0)
06-05 23:03:35.451 D/gralloc_ranchu( 1347): gralloc_alloc: Creating ashmem region of size 9023488
06-05 23:03:35.451 D/EGL_emulation( 1712): eglMakeCurrent: 0xb0685360: ver 2 0 (tinfo 0xb06836c0)
06-05 23:03:35.463 D/EGL_emulation( 1712): eglMakeCurrent: 0xb0685360: ver 2 0 (tinfo 0xb06836c0)
06-05 23:03:35.467 D/EGL_emulation( 1712): eglMakeCurrent: 0xb0685360: ver 2 0 (tinfo 0xb06836c0)
06-05 23:03:35.467 I/ActivityManager( 1631): Displayed com.evancharlton.mileage/.Mileage: +185ms
06-05 23:03:35.477 D/EGL_emulation( 1712): eglMakeCurrent: 0xb0685360: ver 2 0 (tinfo 0xb06836c0)
06-05 23:03:35.478 V/PhoneStatusBar( 1712): setLightsOn(true)
06-05 23:03:35.484 D/EGL_emulation( 1712): eglMakeCurrent: 0xb0685360: ver 2 0 (tinfo 0xb06836c0)
06-05 23:03:35.492 D/EGL_emulation( 1712): eglMakeCurrent: 0xb0685360: ver 2 0 (tinfo 0xb06836c0)
06-05 23:03:35.501 D/EGL_emulation( 1712): eglMakeCurrent: 0xb0685360: ver 2 0 (tinfo 0xb06836c0)
06-05 23:03:35.502 D/EGL_emulation( 1712): eglMakeCurrent: 0xb0685360: ver 2 0 (tinfo 0xb06836c0)
06-05 23:03:35.503 V/PhoneStatusBar( 1712): setLightsOn(true)
06-05 23:03:35.508 I/System.out(15217): URI: //map
06-05 23:03:35.508 I/System.out(15217): params: {json={"query":"* marked:'Vehicles'","operation":{"method_name":"query","arguments":[]}}
06-05 23:03:35.508 I/System.out(15217): }
06-05 23:03:35.518 D/EGL_emulation( 1712): eglMakeCurrent: 0xb0685360: ver 2 0 (tinfo 0xb06836c0)
06-05 23:03:35.520 D/EGL_emulation( 1712): eglMakeCurrent: 0xb0685360: ver 2 0 (tinfo 0xb06836c0)
06-05 23:03:35.523 W/ResourceType(15217): No package identifier when getting name for resource number 0x00000001
06-05 23:03:35.534 D/EGL_emulation( 1712): eglMakeCurrent: 0xb0685360: ver 2 0 (tinfo 0xb06836c0)
06-05 23:03:35.535 I/System.out(15217): URI: //gesture
06-05 23:03:35.535 I/System.out(15217): params: {json={"query_timeout":5.0,"gestures":[{"query_string":"* marked:'Vehicles'","touches":[{"x":50,"y":50,"offset_x":0,"offset_y":0,"wait":0.0,"time":0.2,"release":true,"query_string":null}]}]}
06-05 23:03:35.535 I/System.out(15217): }
06-05 23:03:35.535 D/EGL_emulation( 1712): eglMakeCurrent: 0xb0685360: ver 2 0 (tinfo 0xb06836c0)
06-05 23:03:35.540 W/ResourceType(15217): No package identifier when getting name for resource number 0x00000001
06-05 23:03:35.557 D/EGL_emulation( 1712): eglMakeCurrent: 0xb0685360: ver 2 0 (tinfo 0xb06836c0)
06-05 23:03:35.666 I/WindowManager( 1631): Destroying surface Surface(name=Starting com.evancharlton.mileage) called by com.android.server.wm.WindowStateAnimator.destroySurface:2016 com.android.server.wm.WindowStateAnimator.destroySurfaceLocked:882 com.android.server.wm.WindowState.destroyOrSaveSurface:2100 com.android.server.wm.AppWindowToken.destroySurfaces:363 com.android.server.wm.WindowStateAnimator.finishExit:565 com.android.server.wm.WindowStateAnimator.stepAnimationLocked:491 com.android.server.wm.WindowAnimator.updateWindowsLocked:303 com.android.server.wm.WindowAnimator.animateLocked:704 
06-05 23:03:35.668 V/PhoneStatusBar( 1712): setLightsOn(true)
06-05 23:03:35.683 V/PhoneStatusBar( 1712): setLightsOn(true)
06-05 23:03:35.733 V/PhoneStatusBar( 1712): setLightsOn(true)
06-05 23:03:35.734 I/WindowManager( 1631): Destroying surface Surface(name=Toast) called by com.android.server.wm.WindowStateAnimator.destroySurface:2016 com.android.server.wm.WindowStateAnimator.destroySurfaceLocked:882 com.android.server.wm.WindowState.destroyOrSaveSurface:2100 com.android.server.wm.WindowSurfacePlacer.performSurfacePlacementInner:429 com.android.server.wm.WindowSurfacePlacer.performSurfacePlacementLoop:232 com.android.server.wm.WindowSurfacePlacer.performSurfacePlacement:180 com.android.server.wm.WindowManagerService$H.handleMessage:8086 android.os.Handler.dispatchMessage:102 
06-05 23:03:35.735 V/PhoneStatusBar( 1712): setLightsOn(true)
06-05 23:03:35.768 I/calabash(15217): newActivity1
06-05 23:03:35.769 W/ActivityManager( 1631): Bad activity token: android.os.BinderProxy@d20dee6
06-05 23:03:35.769 W/ActivityManager( 1631): java.lang.ClassCastException: android.os.BinderProxy cannot be cast to com.android.server.am.ActivityRecord$Token
06-05 23:03:35.769 W/ActivityManager( 1631): 	at com.android.server.am.ActivityRecord.forTokenLocked(ActivityRecord.java:586)
06-05 23:03:35.769 W/ActivityManager( 1631): 	at com.android.server.am.ActivityRecord.isInStackLocked(ActivityRecord.java:1327)
06-05 23:03:35.769 W/ActivityManager( 1631): 	at com.android.server.am.ActivityRecord.getStackLocked(ActivityRecord.java:1332)
06-05 23:03:35.769 W/ActivityManager( 1631): 	at com.android.server.am.ActivityManagerService.getActivityDisplayId(ActivityManagerService.java:9806)
06-05 23:03:35.769 W/ActivityManager( 1631): 	at android.app.ActivityManagerNative.onTransact(ActivityManagerNative.java:2566)
06-05 23:03:35.769 W/ActivityManager( 1631): 	at com.android.server.am.ActivityManagerService.onTransact(ActivityManagerService.java:2757)
06-05 23:03:35.769 W/ActivityManager( 1631): 	at android.os.Binder.execTransact(Binder.java:565)
06-05 23:03:35.770 W/ActivityManager( 1631): Bad activity token: android.os.BinderProxy@d20dee6
06-05 23:03:35.770 W/ActivityManager( 1631): java.lang.ClassCastException: android.os.BinderProxy cannot be cast to com.android.server.am.ActivityRecord$Token
06-05 23:03:35.770 W/ActivityManager( 1631): 	at com.android.server.am.ActivityRecord.forTokenLocked(ActivityRecord.java:586)
06-05 23:03:35.770 W/ActivityManager( 1631): 	at com.android.server.am.ActivityRecord.isInStackLocked(ActivityRecord.java:1327)
06-05 23:03:35.770 W/ActivityManager( 1631): 	at com.android.server.am.ActivityManagerService.setTaskDescription(ActivityManagerService.java:9358)
06-05 23:03:35.770 W/ActivityManager( 1631): 	at android.app.ActivityManagerNative.onTransact(ActivityManagerNative.java:2639)
06-05 23:03:35.770 W/ActivityManager( 1631): 	at com.android.server.am.ActivityManagerService.onTransact(ActivityManagerService.java:2757)
06-05 23:03:35.770 W/ActivityManager( 1631): 	at android.os.Binder.execTransact(Binder.java:565)
06-05 23:03:35.770 W/ActivityManager( 1631): Bad activity token: android.os.BinderProxy@d20dee6
06-05 23:03:35.770 W/ActivityManager( 1631): java.lang.ClassCastException: android.os.BinderProxy cannot be cast to com.android.server.am.ActivityRecord$Token
06-05 23:03:35.770 W/ActivityManager( 1631): 	at com.android.server.am.ActivityRecord.forTokenLocked(ActivityRecord.java:586)
06-05 23:03:35.770 W/ActivityManager( 1631): 	at com.android.server.am.ActivityRecord.isInStackLocked(ActivityRecord.java:1327)
06-05 23:03:35.770 W/ActivityManager( 1631): 	at com.android.server.am.ActivityRecord.getStackLocked(ActivityRecord.java:1332)
06-05 23:03:35.770 W/ActivityManager( 1631): 	at com.android.server.am.ActivityManagerService.getActivityStackId(ActivityManagerService.java:9817)
06-05 23:03:35.770 W/ActivityManager( 1631): 	at android.app.ActivityManagerNative.onTransact(ActivityManagerNative.java:2856)
06-05 23:03:35.770 W/ActivityManager( 1631): 	at com.android.server.am.ActivityManagerService.onTransact(ActivityManagerService.java:2757)
06-05 23:03:35.770 W/ActivityManager( 1631): 	at android.os.Binder.execTransact(Binder.java:565)
06-05 23:03:35.774 W/ActivityManager( 1631): Bad activity token: android.os.BinderProxy@d20dee6
06-05 23:03:35.774 W/ActivityManager( 1631): java.lang.ClassCastException: android.os.BinderProxy cannot be cast to com.android.server.am.ActivityRecord$Token
06-05 23:03:35.774 W/ActivityManager( 1631): 	at com.android.server.am.ActivityRecord.forTokenLocked(ActivityRecord.java:586)
06-05 23:03:35.774 W/ActivityManager( 1631): 	at com.android.server.am.ActivityRecord.isInStackLocked(ActivityRecord.java:1327)
06-05 23:03:35.774 W/ActivityManager( 1631): 	at com.android.server.am.ActivityManagerService.getActivityOptions(ActivityManagerService.java:12559)
06-05 23:03:35.774 W/ActivityManager( 1631): 	at android.app.ActivityManagerNative.onTransact(ActivityManagerNative.java:1933)
06-05 23:03:35.774 W/ActivityManager( 1631): 	at com.android.server.am.ActivityManagerService.onTransact(ActivityManagerService.java:2757)
06-05 23:03:35.774 W/ActivityManager( 1631): 	at android.os.Binder.execTransact(Binder.java:565)
06-05 23:03:35.774 W/ActivityManager( 1631): Bad activity token: android.os.BinderProxy@d20dee6
06-05 23:03:35.774 W/ActivityManager( 1631): java.lang.ClassCastException: android.os.BinderProxy cannot be cast to com.android.server.am.ActivityRecord$Token
06-05 23:03:35.774 W/ActivityManager( 1631): 	at com.android.server.am.ActivityRecord.forTokenLocked(ActivityRecord.java:586)
06-05 23:03:35.774 W/ActivityManager( 1631): 	at com.android.server.am.ActivityRecord.isInStackLocked(ActivityRecord.java:1327)
06-05 23:03:35.774 W/ActivityManager( 1631): 	at com.android.server.am.ActivityManagerService.getActivityOptions(ActivityManagerService.java:12559)
06-05 23:03:35.774 W/ActivityManager( 1631): 	at android.app.ActivityManagerNative.onTransact(ActivityManagerNative.java:1933)
06-05 23:03:35.774 W/ActivityManager( 1631): 	at com.android.server.am.ActivityManagerService.onTransact(ActivityManagerService.java:2757)
06-05 23:03:35.774 W/ActivityManager( 1631): 	at android.os.Binder.execTransact(Binder.java:565)
06-05 23:03:35.778 I/System.out(15217): URI: //map
06-05 23:03:35.778 I/System.out(15217): params: {json={"query":"* {text CONTAINS[c] 'Javier Vehicle'}","operation":{"method_name":"query","arguments":[]}}
06-05 23:03:35.778 I/System.out(15217): }
06-05 23:03:35.783 V/PhoneStatusBar( 1712): setLightsOn(true)
06-05 23:03:35.877 W/NotificationService( 1631): Object died trying to hide notification android.app.ITransientNotification$Stub$Proxy@2801440 in package com.evancharlton.mileage
06-05 23:03:36.084 V/PhoneStatusBar( 1712): setLightsOn(true)
06-05 23:03:36.085 V/PhoneStatusBar( 1712): setLightsOn(true)
06-05 23:03:36.100 V/PhoneStatusBar( 1712): setLightsOn(true)
06-05 23:03:36.101 I/WindowManager( 1631): Destroying surface Surface(name=com.android.launcher3/com.android.launcher3.Launcher) called by com.android.server.wm.WindowStateAnimator.destroySurface:2016 com.android.server.wm.WindowStateAnimator.destroySurfaceLocked:882 com.android.server.wm.WindowState.destroyOrSaveSurface:2100 com.android.server.wm.AppWindowToken.destroySurfaces:363 com.android.server.wm.AppWindowToken.notifyAppStopped:389 com.android.server.wm.WindowManagerService.notifyAppStopped:4463 com.android.server.am.ActivityStack.activityStoppedLocked:1252 com.android.server.am.ActivityManagerService.activityStopped:6903 
06-05 23:03:36.129 I/System.out(15217): URI: //map
06-05 23:03:36.129 I/System.out(15217): params: {json={"query":"* {text CONTAINS[c] 'Javier Vehicle'}","operation":{"method_name":"query","arguments":[]}}
06-05 23:03:36.129 I/System.out(15217): }
06-05 23:03:36.444 I/System.out(15217): URI: //map
06-05 23:03:36.444 I/System.out(15217): params: {json={"query":"* {text CONTAINS[c] 'Javier Vehicle'}","operation":{"method_name":"query","arguments":[]}}
06-05 23:03:36.444 I/System.out(15217): }
06-05 23:03:36.449 I/art     (15217): Do partial code cache collection, code=29KB, data=29KB
06-05 23:03:36.450 I/art     (15217): After code cache collection, code=29KB, data=29KB
06-05 23:03:36.450 I/art     (15217): Increasing code cache capacity to 128KB
06-05 23:03:36.762 I/System.out(15217): URI: //map
06-05 23:03:36.762 I/System.out(15217): params: {json={"query":"* {text CONTAINS[c] 'Javier Vehicle'}","operation":{"method_name":"query","arguments":[]}}
06-05 23:03:36.762 I/System.out(15217): }
06-05 23:03:37.034 D/gralloc_ranchu( 1347): gralloc_alloc: Creating ashmem region of size 9023488
06-05 23:03:37.116 I/System.out(15217): URI: //map
06-05 23:03:37.116 I/System.out(15217): params: {json={"query":"* {text CONTAINS[c] 'Javier Vehicle'}","operation":{"method_name":"query","arguments":[]}}
06-05 23:03:37.116 I/System.out(15217): }
06-05 23:03:37.481 I/System.out(15217): URI: //map
06-05 23:03:37.481 I/System.out(15217): params: {json={"query":"* {text CONTAINS[c] 'Javier Vehicle'}","operation":{"method_name":"query","arguments":[]}}
06-05 23:03:37.481 I/System.out(15217): }
06-05 23:03:37.793 I/System.out(15217): URI: //map
06-05 23:03:37.793 I/System.out(15217): params: {json={"query":"* {text CONTAINS[c] 'Javier Vehicle'}","operation":{"method_name":"query","arguments":[]}}
06-05 23:03:37.793 I/System.out(15217): }
06-05 23:03:38.106 I/System.out(15217): URI: //map
06-05 23:03:38.106 I/System.out(15217): params: {json={"query":"* {text CONTAINS[c] 'Javier Vehicle'}","operation":{"method_name":"query","arguments":[]}}
06-05 23:03:38.106 I/System.out(15217): }
06-05 23:03:38.418 I/System.out(15217): URI: //map
06-05 23:03:38.418 I/System.out(15217): params: {json={"query":"* {text CONTAINS[c] 'Javier Vehicle'}","operation":{"method_name":"query","arguments":[]}}
06-05 23:03:38.418 I/System.out(15217): }
06-05 23:03:38.729 I/System.out(15217): URI: //map
06-05 23:03:38.729 I/System.out(15217): params: {json={"query":"* {text CONTAINS[c] 'Javier Vehicle'}","operation":{"method_name":"query","arguments":[]}}
06-05 23:03:38.729 I/System.out(15217): }
06-05 23:03:38.929 V/PhoneStatusBar( 1712): setLightsOn(true)
06-05 23:03:38.979 W/audio_hw_generic( 1394): Not supplying enough data to HAL, expected position 226496943 , only wrote 226174320
06-05 23:03:39.039 I/System.out(15217): URI: //map
06-05 23:03:39.039 I/System.out(15217): params: {json={"query":"* {text CONTAINS[c] 'Javier Vehicle'}","operation":{"method_name":"query","arguments":[]}}
06-05 23:03:39.039 I/System.out(15217): }
06-05 23:03:39.350 I/System.out(15217): URI: //map
06-05 23:03:39.350 I/System.out(15217): params: {json={"query":"* {text CONTAINS[c] 'Javier Vehicle'}","operation":{"method_name":"query","arguments":[]}}
06-05 23:03:39.350 I/System.out(15217): }
06-05 23:03:39.661 I/System.out(15217): URI: //map
06-05 23:03:39.661 I/System.out(15217): params: {json={"query":"* {text CONTAINS[c] 'Javier Vehicle'}","operation":{"method_name":"query","arguments":[]}}
06-05 23:03:39.661 I/System.out(15217): }
06-05 23:03:39.973 I/System.out(15217): URI: //map
06-05 23:03:39.973 I/System.out(15217): params: {json={"query":"* {text CONTAINS[c] 'Javier Vehicle'}","operation":{"method_name":"query","arguments":[]}}
06-05 23:03:39.973 I/System.out(15217): }
06-05 23:03:40.293 I/System.out(15217): URI: //map
06-05 23:03:40.293 I/System.out(15217): params: {json={"query":"* {text CONTAINS[c] 'Javier Vehicle'}","operation":{"method_name":"query","arguments":[]}}
06-05 23:03:40.293 I/System.out(15217): }
06-05 23:03:40.609 I/System.out(15217): URI: //map
06-05 23:03:40.609 I/System.out(15217): params: {json={"query":"* {text CONTAINS[c] 'Javier Vehicle'}","operation":{"method_name":"query","arguments":[]}}
06-05 23:03:40.609 I/System.out(15217): }
06-05 23:03:40.918 I/System.out(15217): URI: //map
06-05 23:03:40.918 I/System.out(15217): params: {json={"query":"* {text CONTAINS[c] 'Javier Vehicle'}","operation":{"method_name":"query","arguments":[]}}
06-05 23:03:40.918 I/System.out(15217): }
06-05 23:03:41.228 I/System.out(15217): URI: //map
06-05 23:03:41.228 I/System.out(15217): params: {json={"query":"* {text CONTAINS[c] 'Javier Vehicle'}","operation":{"method_name":"query","arguments":[]}}
06-05 23:03:41.228 I/System.out(15217): }
06-05 23:03:41.538 I/System.out(15217): URI: //map
06-05 23:03:41.538 I/System.out(15217): params: {json={"query":"* {text CONTAINS[c] 'Javier Vehicle'}","operation":{"method_name":"query","arguments":[]}}
06-05 23:03:41.538 I/System.out(15217): }
06-05 23:03:41.848 I/System.out(15217): URI: //map
06-05 23:03:41.848 I/System.out(15217): params: {json={"query":"* {text CONTAINS[c] 'Javier Vehicle'}","operation":{"method_name":"query","arguments":[]}}
06-05 23:03:41.848 I/System.out(15217): }
06-05 23:03:42.158 I/System.out(15217): URI: //map
06-05 23:03:42.158 I/System.out(15217): params: {json={"query":"* {text CONTAINS[c] 'Javier Vehicle'}","operation":{"method_name":"query","arguments":[]}}
06-05 23:03:42.158 I/System.out(15217): }
06-05 23:03:42.162 I/art     (15217): Do partial code cache collection, code=57KB, data=62KB
06-05 23:03:42.162 I/art     (15217): After code cache collection, code=57KB, data=62KB
06-05 23:03:42.162 I/art     (15217): Increasing code cache capacity to 256KB
06-05 23:03:42.471 I/System.out(15217): URI: //map
06-05 23:03:42.471 I/System.out(15217): params: {json={"query":"* {text CONTAINS[c] 'Javier Vehicle'}","operation":{"method_name":"query","arguments":[]}}
06-05 23:03:42.471 I/System.out(15217): }
06-05 23:03:42.783 I/System.out(15217): URI: //map
06-05 23:03:42.783 I/System.out(15217): params: {json={"query":"* {text CONTAINS[c] 'Javier Vehicle'}","operation":{"method_name":"query","arguments":[]}}
06-05 23:03:42.783 I/System.out(15217): }
06-05 23:03:43.093 I/System.out(15217): URI: //map
06-05 23:03:43.093 I/System.out(15217): params: {json={"query":"* {text CONTAINS[c] 'Javier Vehicle'}","operation":{"method_name":"query","arguments":[]}}
06-05 23:03:43.093 I/System.out(15217): }
06-05 23:03:43.120 I/art     (15217): Compiler allocated 7MB to compile sh.calaba.instrumentationbackend.actions.NanoHTTPD$Response sh.calaba.instrumentationbackend.actions.HttpServer.serve(java.lang.String, java.lang.String, java.util.Properties, java.util.Properties, java.util.Properties)
06-05 23:03:43.407 I/System.out(15217): URI: //map
06-05 23:03:43.407 I/System.out(15217): params: {json={"query":"* {text CONTAINS[c] 'Javier Vehicle'}","operation":{"method_name":"query","arguments":[]}}
06-05 23:03:43.407 I/System.out(15217): }
06-05 23:03:43.722 I/System.out(15217): URI: //map
06-05 23:03:43.722 I/System.out(15217): params: {json={"query":"* {text CONTAINS[c] 'Javier Vehicle'}","operation":{"method_name":"query","arguments":[]}}
06-05 23:03:43.722 I/System.out(15217): }
06-05 23:03:44.068 I/System.out(15217): URI: //map
06-05 23:03:44.068 I/System.out(15217): params: {json={"query":"* {text CONTAINS[c] 'Javier Vehicle'}","operation":{"method_name":"query","arguments":[]}}
06-05 23:03:44.068 I/System.out(15217): }
06-05 23:03:44.391 I/System.out(15217): URI: //map
06-05 23:03:44.391 I/System.out(15217): params: {json={"query":"* {text CONTAINS[c] 'Javier Vehicle'}","operation":{"method_name":"query","arguments":[]}}
06-05 23:03:44.391 I/System.out(15217): }
06-05 23:03:44.715 I/System.out(15217): URI: //map
06-05 23:03:44.715 I/System.out(15217): params: {json={"query":"* {text CONTAINS[c] 'Javier Vehicle'}","operation":{"method_name":"query","arguments":[]}}
06-05 23:03:44.715 I/System.out(15217): }
06-05 23:03:45.036 I/System.out(15217): URI: //map
06-05 23:03:45.036 I/System.out(15217): params: {json={"query":"* {text CONTAINS[c] 'Javier Vehicle'}","operation":{"method_name":"query","arguments":[]}}
06-05 23:03:45.036 I/System.out(15217): }
06-05 23:03:45.383 I/System.out(15217): URI: //map
06-05 23:03:45.383 I/System.out(15217): params: {json={"query":"* {text CONTAINS[c] 'Javier Vehicle'}","operation":{"method_name":"query","arguments":[]}}
06-05 23:03:45.383 I/System.out(15217): }
06-05 23:03:45.704 I/System.out(15217): URI: //map
06-05 23:03:45.704 I/System.out(15217): params: {json={"query":"* {text CONTAINS[c] 'Javier Vehicle'}","operation":{"method_name":"query","arguments":[]}}
06-05 23:03:45.704 I/System.out(15217): }
06-05 23:03:46.022 I/System.out(15217): URI: //map
06-05 23:03:46.022 I/System.out(15217): params: {json={"query":"* {text CONTAINS[c] 'Javier Vehicle'}","operation":{"method_name":"query","arguments":[]}}
06-05 23:03:46.022 I/System.out(15217): }
06-05 23:03:46.339 I/System.out(15217): URI: //map
06-05 23:03:46.339 I/System.out(15217): params: {json={"query":"* {text CONTAINS[c] 'Javier Vehicle'}","operation":{"method_name":"query","arguments":[]}}
06-05 23:03:46.339 I/System.out(15217): }
06-05 23:03:46.652 I/System.out(15217): URI: //map
06-05 23:03:46.652 I/System.out(15217): params: {json={"query":"* {text CONTAINS[c] 'Javier Vehicle'}","operation":{"method_name":"query","arguments":[]}}
06-05 23:03:46.652 I/System.out(15217): }
06-05 23:03:46.962 I/System.out(15217): URI: //map
06-05 23:03:46.962 I/System.out(15217): params: {json={"query":"* {text CONTAINS[c] 'Javier Vehicle'}","operation":{"method_name":"query","arguments":[]}}
06-05 23:03:46.962 I/System.out(15217): }
06-05 23:03:47.274 I/System.out(15217): URI: //map
06-05 23:03:47.274 I/System.out(15217): params: {json={"query":"* {text CONTAINS[c] 'Javier Vehicle'}","operation":{"method_name":"query","arguments":[]}}
06-05 23:03:47.274 I/System.out(15217): }
06-05 23:03:47.587 I/System.out(15217): URI: //map
06-05 23:03:47.587 I/System.out(15217): params: {json={"query":"* {text CONTAINS[c] 'Javier Vehicle'}","operation":{"method_name":"query","arguments":[]}}
06-05 23:03:47.587 I/System.out(15217): }
06-05 23:03:47.900 I/System.out(15217): URI: //map
06-05 23:03:47.900 I/System.out(15217): params: {json={"query":"* {text CONTAINS[c] 'Javier Vehicle'}","operation":{"method_name":"query","arguments":[]}}
06-05 23:03:47.900 I/System.out(15217): }
06-05 23:03:48.211 I/System.out(15217): URI: //map
06-05 23:03:48.211 I/System.out(15217): params: {json={"query":"* {text CONTAINS[c] 'Javier Vehicle'}","operation":{"method_name":"query","arguments":[]}}
06-05 23:03:48.211 I/System.out(15217): }
06-05 23:03:48.521 I/System.out(15217): URI: //map
06-05 23:03:48.521 I/System.out(15217): params: {json={"query":"* {text CONTAINS[c] 'Javier Vehicle'}","operation":{"method_name":"query","arguments":[]}}
06-05 23:03:48.521 I/System.out(15217): }
06-05 23:03:48.830 I/System.out(15217): URI: //map
06-05 23:03:48.830 I/System.out(15217): params: {json={"query":"* {text CONTAINS[c] 'Javier Vehicle'}","operation":{"method_name":"query","arguments":[]}}
06-05 23:03:48.830 I/System.out(15217): }
06-05 23:03:49.143 I/System.out(15217): URI: //map
06-05 23:03:49.143 I/System.out(15217): params: {json={"query":"* {text CONTAINS[c] 'Javier Vehicle'}","operation":{"method_name":"query","arguments":[]}}
06-05 23:03:49.143 I/System.out(15217): }
06-05 23:03:49.468 I/System.out(15217): URI: //map
06-05 23:03:49.468 I/System.out(15217): params: {json={"query":"* {text CONTAINS[c] 'Javier Vehicle'}","operation":{"method_name":"query","arguments":[]}}
06-05 23:03:49.468 I/System.out(15217): }
06-05 23:03:49.779 I/System.out(15217): URI: //map
06-05 23:03:49.779 I/System.out(15217): params: {json={"query":"* {text CONTAINS[c] 'Javier Vehicle'}","operation":{"method_name":"query","arguments":[]}}
06-05 23:03:49.779 I/System.out(15217): }
06-05 23:03:50.093 I/System.out(15217): URI: //map
06-05 23:03:50.093 I/System.out(15217): params: {json={"query":"* {text CONTAINS[c] 'Javier Vehicle'}","operation":{"method_name":"query","arguments":[]}}
06-05 23:03:50.093 I/System.out(15217): }
06-05 23:03:50.425 I/System.out(15217): URI: //map
06-05 23:03:50.425 I/System.out(15217): params: {json={"query":"* {text CONTAINS[c] 'Javier Vehicle'}","operation":{"method_name":"query","arguments":[]}}
06-05 23:03:50.425 I/System.out(15217): }
06-05 23:03:50.735 I/System.out(15217): URI: //map
06-05 23:03:50.735 I/System.out(15217): params: {json={"query":"* {text CONTAINS[c] 'Javier Vehicle'}","operation":{"method_name":"query","arguments":[]}}
06-05 23:03:50.735 I/System.out(15217): }
06-05 23:03:51.046 I/System.out(15217): URI: //map
06-05 23:03:51.046 I/System.out(15217): params: {json={"query":"* {text CONTAINS[c] 'Javier Vehicle'}","operation":{"method_name":"query","arguments":[]}}
06-05 23:03:51.046 I/System.out(15217): }
06-05 23:03:51.357 I/System.out(15217): URI: //map
06-05 23:03:51.357 I/System.out(15217): params: {json={"query":"* {text CONTAINS[c] 'Javier Vehicle'}","operation":{"method_name":"query","arguments":[]}}
06-05 23:03:51.357 I/System.out(15217): }
06-05 23:03:51.668 I/System.out(15217): URI: //map
06-05 23:03:51.668 I/System.out(15217): params: {json={"query":"* {text CONTAINS[c] 'Javier Vehicle'}","operation":{"method_name":"query","arguments":[]}}
06-05 23:03:51.668 I/System.out(15217): }
06-05 23:03:51.981 I/System.out(15217): URI: //map
06-05 23:03:51.981 I/System.out(15217): params: {json={"query":"* {text CONTAINS[c] 'Javier Vehicle'}","operation":{"method_name":"query","arguments":[]}}
06-05 23:03:51.981 I/System.out(15217): }
06-05 23:03:52.305 I/System.out(15217): URI: //map
06-05 23:03:52.306 I/System.out(15217): params: {json={"query":"* {text CONTAINS[c] 'Javier Vehicle'}","operation":{"method_name":"query","arguments":[]}}
06-05 23:03:52.306 I/System.out(15217): }
06-05 23:03:52.618 I/System.out(15217): URI: //map
06-05 23:03:52.618 I/System.out(15217): params: {json={"query":"* {text CONTAINS[c] 'Javier Vehicle'}","operation":{"method_name":"query","arguments":[]}}
06-05 23:03:52.618 I/System.out(15217): }
06-05 23:03:52.949 I/System.out(15217): URI: //map
06-05 23:03:52.949 I/System.out(15217): params: {json={"query":"* {text CONTAINS[c] 'Javier Vehicle'}","operation":{"method_name":"query","arguments":[]}}
06-05 23:03:52.949 I/System.out(15217): }
06-05 23:03:53.261 I/System.out(15217): URI: //map
06-05 23:03:53.261 I/System.out(15217): params: {json={"query":"* {text CONTAINS[c] 'Javier Vehicle'}","operation":{"method_name":"query","arguments":[]}}
06-05 23:03:53.261 I/System.out(15217): }
06-05 23:03:53.573 I/System.out(15217): URI: //map
06-05 23:03:53.573 I/System.out(15217): params: {json={"query":"* {text CONTAINS[c] 'Javier Vehicle'}","operation":{"method_name":"query","arguments":[]}}
06-05 23:03:53.573 I/System.out(15217): }
06-05 23:03:53.885 I/System.out(15217): URI: //map
06-05 23:03:53.885 I/System.out(15217): params: {json={"query":"* {text CONTAINS[c] 'Javier Vehicle'}","operation":{"method_name":"query","arguments":[]}}
06-05 23:03:53.885 I/System.out(15217): }
06-05 23:03:54.195 I/System.out(15217): URI: //map
06-05 23:03:54.195 I/System.out(15217): params: {json={"query":"* {text CONTAINS[c] 'Javier Vehicle'}","operation":{"method_name":"query","arguments":[]}}
06-05 23:03:54.195 I/System.out(15217): }
06-05 23:03:54.505 I/System.out(15217): URI: //map
06-05 23:03:54.505 I/System.out(15217): params: {json={"query":"* {text CONTAINS[c] 'Javier Vehicle'}","operation":{"method_name":"query","arguments":[]}}
06-05 23:03:54.505 I/System.out(15217): }
06-05 23:03:54.818 I/System.out(15217): URI: //map
06-05 23:03:54.818 I/System.out(15217): params: {json={"query":"* {text CONTAINS[c] 'Javier Vehicle'}","operation":{"method_name":"query","arguments":[]}}
06-05 23:03:54.818 I/System.out(15217): }
06-05 23:03:55.172 I/System.out(15217): URI: //map
06-05 23:03:55.172 I/System.out(15217): params: {json={"query":"* {text CONTAINS[c] 'Javier Vehicle'}","operation":{"method_name":"query","arguments":[]}}
06-05 23:03:55.172 I/System.out(15217): }
06-05 23:03:55.522 I/System.out(15217): URI: //map
06-05 23:03:55.522 I/System.out(15217): params: {json={"query":"* {text CONTAINS[c] 'Javier Vehicle'}","operation":{"method_name":"query","arguments":[]}}
06-05 23:03:55.522 I/System.out(15217): }
06-05 23:03:55.832 I/System.out(15217): URI: //map
06-05 23:03:55.832 I/System.out(15217): params: {json={"query":"* {text CONTAINS[c] 'Javier Vehicle'}","operation":{"method_name":"query","arguments":[]}}
06-05 23:03:55.832 I/System.out(15217): }
06-05 23:03:56.147 I/System.out(15217): URI: //map
06-05 23:03:56.148 I/System.out(15217): params: {json={"query":"* {text CONTAINS[c] 'Javier Vehicle'}","operation":{"method_name":"query","arguments":[]}}
06-05 23:03:56.148 I/System.out(15217): }
06-05 23:03:56.472 I/System.out(15217): URI: //map
06-05 23:03:56.472 I/System.out(15217): params: {json={"query":"* {text CONTAINS[c] 'Javier Vehicle'}","operation":{"method_name":"query","arguments":[]}}
06-05 23:03:56.472 I/System.out(15217): }
06-05 23:03:56.783 I/System.out(15217): URI: //map
06-05 23:03:56.783 I/System.out(15217): params: {json={"query":"* {text CONTAINS[c] 'Javier Vehicle'}","operation":{"method_name":"query","arguments":[]}}
06-05 23:03:56.783 I/System.out(15217): }
06-05 23:03:57.095 I/System.out(15217): URI: //map
06-05 23:03:57.095 I/System.out(15217): params: {json={"query":"* {text CONTAINS[c] 'Javier Vehicle'}","operation":{"method_name":"query","arguments":[]}}
06-05 23:03:57.095 I/System.out(15217): }
06-05 23:03:57.415 I/System.out(15217): URI: //map
06-05 23:03:57.416 I/System.out(15217): params: {json={"query":"* {text CONTAINS[c] 'Javier Vehicle'}","operation":{"method_name":"query","arguments":[]}}
06-05 23:03:57.416 I/System.out(15217): }
06-05 23:03:57.423 I/art     (15217): Do full code cache collection, code=124KB, data=122KB
06-05 23:03:57.423 I/art     (15217): After code cache collection, code=113KB, data=106KB
06-05 23:03:57.727 I/System.out(15217): URI: //map
06-05 23:03:57.727 I/System.out(15217): params: {json={"query":"* {text CONTAINS[c] 'Javier Vehicle'}","operation":{"method_name":"query","arguments":[]}}
06-05 23:03:57.727 I/System.out(15217): }
06-05 23:03:58.040 I/System.out(15217): URI: //map
06-05 23:03:58.040 I/System.out(15217): params: {json={"query":"* {text CONTAINS[c] 'Javier Vehicle'}","operation":{"method_name":"query","arguments":[]}}
06-05 23:03:58.040 I/System.out(15217): }
06-05 23:03:58.356 I/System.out(15217): URI: //map
06-05 23:03:58.356 I/System.out(15217): params: {json={"query":"* {text CONTAINS[c] 'Javier Vehicle'}","operation":{"method_name":"query","arguments":[]}}
06-05 23:03:58.356 I/System.out(15217): }
06-05 23:03:58.666 I/System.out(15217): URI: //map
06-05 23:03:58.666 I/System.out(15217): params: {json={"query":"* {text CONTAINS[c] 'Javier Vehicle'}","operation":{"method_name":"query","arguments":[]}}
06-05 23:03:58.666 I/System.out(15217): }
06-05 23:03:58.979 I/System.out(15217): URI: //map
06-05 23:03:58.979 I/System.out(15217): params: {json={"query":"* {text CONTAINS[c] 'Javier Vehicle'}","operation":{"method_name":"query","arguments":[]}}
06-05 23:03:58.979 I/System.out(15217): }
06-05 23:03:59.304 I/System.out(15217): URI: //map
06-05 23:03:59.304 I/System.out(15217): params: {json={"query":"* {text CONTAINS[c] 'Javier Vehicle'}","operation":{"method_name":"query","arguments":[]}}
06-05 23:03:59.304 I/System.out(15217): }
06-05 23:03:59.631 I/System.out(15217): URI: //map
06-05 23:03:59.631 I/System.out(15217): params: {json={"query":"* {text CONTAINS[c] 'Javier Vehicle'}","operation":{"method_name":"query","arguments":[]}}
06-05 23:03:59.631 I/System.out(15217): }
06-05 23:03:59.941 I/System.out(15217): URI: //map
06-05 23:03:59.941 I/System.out(15217): params: {json={"query":"* {text CONTAINS[c] 'Javier Vehicle'}","operation":{"method_name":"query","arguments":[]}}
06-05 23:03:59.941 I/System.out(15217): }
06-05 23:04:00.251 I/System.out(15217): URI: //map
06-05 23:04:00.251 I/System.out(15217): params: {json={"query":"* {text CONTAINS[c] 'Javier Vehicle'}","operation":{"method_name":"query","arguments":[]}}
06-05 23:04:00.251 I/System.out(15217): }
06-05 23:04:00.560 I/System.out(15217): URI: //map
06-05 23:04:00.560 I/System.out(15217): params: {json={"query":"* {text CONTAINS[c] 'Javier Vehicle'}","operation":{"method_name":"query","arguments":[]}}
06-05 23:04:00.560 I/System.out(15217): }
06-05 23:04:00.872 I/System.out(15217): URI: //map
06-05 23:04:00.872 I/System.out(15217): params: {json={"query":"* {text CONTAINS[c] 'Javier Vehicle'}","operation":{"method_name":"query","arguments":[]}}
06-05 23:04:00.872 I/System.out(15217): }
06-05 23:04:01.195 I/System.out(15217): URI: //map
06-05 23:04:01.195 I/System.out(15217): params: {json={"query":"* {text CONTAINS[c] 'Javier Vehicle'}","operation":{"method_name":"query","arguments":[]}}
06-05 23:04:01.195 I/System.out(15217): }
06-05 23:04:01.504 I/System.out(15217): URI: //map
06-05 23:04:01.504 I/System.out(15217): params: {json={"query":"* {text CONTAINS[c] 'Javier Vehicle'}","operation":{"method_name":"query","arguments":[]}}
06-05 23:04:01.504 I/System.out(15217): }
06-05 23:04:01.818 I/System.out(15217): URI: //map
06-05 23:04:01.818 I/System.out(15217): params: {json={"query":"* {text CONTAINS[c] 'Javier Vehicle'}","operation":{"method_name":"query","arguments":[]}}
06-05 23:04:01.818 I/System.out(15217): }
06-05 23:04:02.160 I/System.out(15217): URI: //map
06-05 23:04:02.160 I/System.out(15217): params: {json={"query":"* {text CONTAINS[c] 'Javier Vehicle'}","operation":{"method_name":"query","arguments":[]}}
06-05 23:04:02.160 I/System.out(15217): }
06-05 23:04:02.481 I/System.out(15217): URI: //map
06-05 23:04:02.481 I/System.out(15217): params: {json={"query":"* {text CONTAINS[c] 'Javier Vehicle'}","operation":{"method_name":"query","arguments":[]}}
06-05 23:04:02.481 I/System.out(15217): }
06-05 23:04:02.823 I/System.out(15217): URI: //map
06-05 23:04:02.823 I/System.out(15217): params: {json={"query":"* {text CONTAINS[c] 'Javier Vehicle'}","operation":{"method_name":"query","arguments":[]}}
06-05 23:04:02.823 I/System.out(15217): }
06-05 23:04:03.132 I/System.out(15217): URI: //map
06-05 23:04:03.132 I/System.out(15217): params: {json={"query":"* {text CONTAINS[c] 'Javier Vehicle'}","operation":{"method_name":"query","arguments":[]}}
06-05 23:04:03.132 I/System.out(15217): }
06-05 23:04:03.449 I/System.out(15217): URI: //map
06-05 23:04:03.449 I/System.out(15217): params: {json={"query":"* {text CONTAINS[c] 'Javier Vehicle'}","operation":{"method_name":"query","arguments":[]}}
06-05 23:04:03.449 I/System.out(15217): }
06-05 23:04:03.764 I/System.out(15217): URI: //map
06-05 23:04:03.765 I/System.out(15217): params: {json={"query":"* {text CONTAINS[c] 'Javier Vehicle'}","operation":{"method_name":"query","arguments":[]}}
06-05 23:04:03.765 I/System.out(15217): }
06-05 23:04:04.097 I/System.out(15217): URI: //map
06-05 23:04:04.097 I/System.out(15217): params: {json={"query":"* {text CONTAINS[c] 'Javier Vehicle'}","operation":{"method_name":"query","arguments":[]}}
06-05 23:04:04.097 I/System.out(15217): }
06-05 23:04:04.407 I/System.out(15217): URI: //map
06-05 23:04:04.407 I/System.out(15217): params: {json={"query":"* {text CONTAINS[c] 'Javier Vehicle'}","operation":{"method_name":"query","arguments":[]}}
