--------- beginning of main
06-05 18:17:27.342 W/OpenGLRenderer( 2099): Incorrectly called buildLayer on View: ShortcutAndWidgetContainer, destroying layer...
06-05 18:17:27.342 V/PhoneStatusBar( 1712): setLightsOn(true)
06-05 18:17:27.346 D/gralloc_ranchu( 1346): gralloc_alloc: Creating ashmem region of size 3145728
06-05 18:17:27.352 E/EGL_emulation( 1346): tid 1346: eglCreateSyncKHR(1901): error 0x3004 (EGL_BAD_ATTRIBUTE)
--------- beginning of system
06-05 18:17:27.366 W/ActivityManager( 1630): Finishing task with all activities already finished
06-05 18:17:27.366 W/ActivityManager( 1630): Duplicate finish request for ActivityRecord{b817828 u0 com.evancharlton.mileage/.Mileage t2736 f}
06-05 18:17:27.366 W/ActivityManager( 1630): Finishing task with all activities already finished
06-05 18:17:27.366 W/ActivityManager( 1630): Duplicate finish request for ActivityRecord{b817828 u0 com.evancharlton.mileage/.Mileage t2736 f}
06-05 18:17:27.367 W/ActivityManager( 1630): Finishing task with all activities already finished
06-05 18:17:27.367 W/ActivityManager( 1630): Duplicate finish request for ActivityRecord{b817828 u0 com.evancharlton.mileage/.Mileage t2736 f}
06-05 18:17:27.367 W/ActivityManager( 1630): Finishing task with all activities already finished
06-05 18:17:27.367 W/ActivityManager( 1630): Duplicate finish request for ActivityRecord{b817828 u0 com.evancharlton.mileage/.Mileage t2736 f}
06-05 18:17:27.367 W/ActivityManager( 1630): Finishing task with all activities already finished
06-05 18:17:27.367 W/ActivityManager( 1630): Duplicate finish request for ActivityRecord{b817828 u0 com.evancharlton.mileage/.Mileage t2736 f}
06-05 18:17:27.367 W/ActivityManager( 1630): Finishing task with all activities already finished
06-05 18:17:27.367 W/ActivityManager( 1630): Duplicate finish request for ActivityRecord{78c4fa3 u0 com.evancharlton.mileage/.charts.AveragePriceChart t2736 f}
06-05 18:17:27.367 W/ActivityManager( 1630): Finishing task with all activities already finished
06-05 18:17:27.367 W/ActivityManager( 1630): Duplicate finish request for ActivityRecord{78c4fa3 u0 com.evancharlton.mileage/.charts.AveragePriceChart t2736 f}
06-05 18:17:27.367 W/ActivityManager( 1630): Finishing task with all activities already finished
06-05 18:17:27.367 W/ActivityManager( 1630): Duplicate finish request for ActivityRecord{b817828 u0 com.evancharlton.mileage/.Mileage t2736 f}
06-05 18:17:27.367 W/ActivityManager( 1630): Finishing task with all activities already finished
06-05 18:17:27.367 W/ActivityManager( 1630): Duplicate finish request for ActivityRecord{b817828 u0 com.evancharlton.mileage/.Mileage t2736 f}
06-05 18:17:27.410 D/EGL_emulation( 2099): eglMakeCurrent: 0xb4085240: ver 2 0 (tinfo 0xb40832d0)
06-05 18:17:27.411 D/EGL_emulation( 1712): eglMakeCurrent: 0xb4085540: ver 2 0 (tinfo 0xb4083740)
06-05 18:17:27.426 D/EGL_emulation( 1712): eglMakeCurrent: 0xb4085540: ver 2 0 (tinfo 0xb4083740)
06-05 18:17:27.444 D/EGL_emulation( 1712): eglMakeCurrent: 0xb4085540: ver 2 0 (tinfo 0xb4083740)
06-05 18:17:27.459 D/EGL_emulation( 1712): eglMakeCurrent: 0xb4085540: ver 2 0 (tinfo 0xb4083740)
06-05 18:17:27.461 D/EGL_emulation( 1712): eglMakeCurrent: 0xb4085540: ver 2 0 (tinfo 0xb4083740)
06-05 18:17:27.476 D/EGL_emulation( 1712): eglMakeCurrent: 0xb4085540: ver 2 0 (tinfo 0xb4083740)
06-05 18:17:27.479 D/EGL_emulation( 1712): eglMakeCurrent: 0xb4085540: ver 2 0 (tinfo 0xb4083740)
06-05 18:17:27.493 D/EGL_emulation( 1712): eglMakeCurrent: 0xb4085540: ver 2 0 (tinfo 0xb4083740)
06-05 18:17:27.494 D/EGL_emulation( 1712): eglMakeCurrent: 0xb4085540: ver 2 0 (tinfo 0xb4083740)
06-05 18:17:27.497 D/AndroidRuntime( 5136): >>>>>> START com.android.internal.os.RuntimeInit uid 2000 <<<<<<
06-05 18:17:27.498 D/AndroidRuntime( 5136): CheckJNI is ON
06-05 18:17:27.509 D/EGL_emulation( 1712): eglMakeCurrent: 0xb4085540: ver 2 0 (tinfo 0xb4083740)
06-05 18:17:27.510 W/art     ( 5136): Unexpected CPU variant for X86 using defaults: x86
06-05 18:17:27.511 D/EGL_emulation( 1712): eglMakeCurrent: 0xb4085540: ver 2 0 (tinfo 0xb4083740)
06-05 18:17:27.512 D/ICU     ( 5136): No timezone override file found: /data/misc/zoneinfo/current/icu/icu_tzdata.dat
06-05 18:17:27.519 E/memtrack( 5136): Couldn't load memtrack module (No such file or directory)
06-05 18:17:27.519 E/android.os.Debug( 5136): failed to load memtrack module: -2
06-05 18:17:27.520 I/Radio-JNI( 5136): register_android_hardware_Radio DONE
06-05 18:17:27.524 D/AndroidRuntime( 5136): Calling main entry com.android.commands.am.Am
06-05 18:17:27.525 I/ActivityManager( 1630): Force stopping com.evancharlton.mileage appid=10150 user=0: start instr
06-05 18:17:27.525 I/ActivityManager( 1630): Killing 5084:com.evancharlton.mileage/u0a150 (adj 0): stop com.evancharlton.mileage
06-05 18:17:27.525 D/ActivityManager( 1630): cleanUpApplicationRecord -- 5084
06-05 18:17:27.526 D/EGL_emulation( 1712): eglMakeCurrent: 0xb4085540: ver 2 0 (tinfo 0xb4083740)
06-05 18:17:27.526 I/WindowManager( 1630): Destroying surface Surface(name=com.evancharlton.mileage/com.evancharlton.mileage.charts.AveragePriceChart) called by com.android.server.wm.WindowStateAnimator.destroySurface:2016 com.android.server.wm.WindowStateAnimator.destroySurfaceLocked:882 com.android.server.wm.WindowState.removeLocked:1456 com.android.server.wm.WindowManagerService.removeWindowInnerLocked:2484 com.android.server.wm.WindowManagerService.removeWindowLocked:2442 com.android.server.wm.WindowManagerService.removeWindowLocked:2311 com.android.server.wm.AppWindowToken.removeAllWindows:530 com.android.server.wm.AppWindowToken.removeAppFromTaskLocked:326 
06-05 18:17:27.527 W/ActivityManager( 1630): Crash of app com.evancharlton.mileage running instrumentation ComponentInfo{com.evancharlton.mileage.test/sh.calaba.instrumentationbackend.CalabashInstrumentationTestRunner}
06-05 18:17:27.527 I/ActivityManager( 1630): Force stopping com.evancharlton.mileage appid=10150 user=0: finished inst
06-05 18:17:27.532 I/art     ( 5146): Not late-enabling -Xcheck:jni (already on)
06-05 18:17:27.532 D/EGL_emulation( 1712): eglMakeCurrent: 0xb4085540: ver 2 0 (tinfo 0xb4083740)
06-05 18:17:27.532 W/art     ( 5146): Unexpected CPU variant for X86 using defaults: x86
06-05 18:17:27.538 I/ActivityManager( 1630): Start proc 5146:com.evancharlton.mileage/u0a150 for added application com.evancharlton.mileage
06-05 18:17:27.539 D/AndroidRuntime( 5136): Shutting down VM
06-05 18:17:27.542 D/EGL_emulation( 1712): eglMakeCurrent: 0xb4085540: ver 2 0 (tinfo 0xb4083740)
06-05 18:17:27.544 D/EGL_emulation( 1712): eglMakeCurrent: 0xb4085540: ver 2 0 (tinfo 0xb4083740)
06-05 18:17:27.546 W/System  ( 5146): ClassLoader referenced unknown path: /data/app/com.evancharlton.mileage.test-1/lib/x86
06-05 18:17:27.546 W/System  ( 5146): ClassLoader referenced unknown path: /data/app/com.evancharlton.mileage-1/lib/x86
06-05 18:17:27.547 W/System  ( 5146): ClassLoader referenced unknown path: 
06-05 18:17:27.551 I/System.out( 5146): Main activity name automatically set to: com.evancharlton.mileage.Mileage
06-05 18:17:27.552 I/System.out( 5146): Calabash did not load Mono. This is only a problem if you are trying to test a Mono application
06-05 18:17:27.552 I/calabash( 5146): Test server port: 7102
06-05 18:17:27.552 I/InstrumentationBackend( 5146): Added:'GetPreferences', with key:'get_preferences'
06-05 18:17:27.556 I/InstrumentationBackend( 5146): Added:'SetPreferences', with key:'set_preferences'
06-05 18:17:27.556 I/InstrumentationBackend( 5146): Added:'ClearPreferences', with key:'clear_preferences'
06-05 18:17:27.556 I/InstrumentationBackend( 5146): Added:'PressElement', with key:'press_l10n_element'
06-05 18:17:27.556 I/InstrumentationBackend( 5146): Added:'WaitForElement', with key:'wait_for_l10n_element'
06-05 18:17:27.557 I/InstrumentationBackend( 5146): Added:'NullAction', with key:'nullAction'
06-05 18:17:27.557 I/InstrumentationBackend( 5146): Added:'PressKey', with key:'press_key'
06-05 18:17:27.557 I/InstrumentationBackend( 5146): Added:'SetActivityOrientation', with key:'set_activity_orientation'
06-05 18:17:27.557 I/InstrumentationBackend( 5146): Added:'GetActivityOrientation', with key:'get_activity_orientation'
06-05 18:17:27.557 I/InstrumentationBackend( 5146): Added:'FakeGPSLocation', with key:'set_gps_coordinates'
06-05 18:17:27.557 I/InstrumentationBackend( 5146): Added:'SetPropertyByCssSelector', with key:'set_property_by_css_selector'
06-05 18:17:27.557 I/InstrumentationBackend( 5146): Added:'GetUrl', with key:'get_url'
06-05 18:17:27.557 I/InstrumentationBackend( 5146): Added:'ScrollTo', with key:'scroll_to'
06-05 18:17:27.557 I/InstrumentationBackend( 5146): Added:'GetLoadProgress', with key:'get_load_progress'
06-05 18:17:27.557 I/InstrumentationBackend( 5146): Added:'DumpHtml', with key:'dump_html'
06-05 18:17:27.557 I/InstrumentationBackend( 5146): Added:'DumpBodyHtml', with key:'dump_body_html'
06-05 18:17:27.557 I/InstrumentationBackend( 5146): Added:'EnterTextByCssSelector', with key:'enter_text_by_selector'
06-05 18:17:27.557 I/InstrumentationBackend( 5146): Added:'AndroidSDKVersion', with key:'android_sdk_version'
06-05 18:17:27.558 I/InstrumentationBackend( 5146): Added:'Version', with key:'version'
06-05 18:17:27.558 I/InstrumentationBackend( 5146): Added:'Drag', with key:'drag'
06-05 18:17:27.558 I/InstrumentationBackend( 5146): Added:'TouchCoordinates', with key:'touch_coordinate'
06-05 18:17:27.558 I/InstrumentationBackend( 5146): Added:'LongPressCoordinate', with key:'long_press_coordinate'
06-05 18:17:27.558 I/InstrumentationBackend( 5146): Added:'DragCoordinates', with key:'drag_coordinates'
06-05 18:17:27.558 I/InstrumentationBackend( 5146): Added:'ResumeApplication', with key:'resume_application'
06-05 18:17:27.558 I/InstrumentationBackend( 5146): Added:'Swipe', with key:'swipe'
06-05 18:17:27.558 I/InstrumentationBackend( 5146): Added:'DoubleTapCoordinate', with key:'double_tap_coordinate'
06-05 18:17:27.558 I/InstrumentationBackend( 5146): Added:'ClickOnScreen', with key:'click_on_screen'
06-05 18:17:27.558 I/InstrumentationBackend( 5146): Added:'GetActivityName', with key:'get_activity_name'
06-05 18:17:27.558 I/InstrumentationBackend( 5146): Added:'ScrollToView', with key:'scroll_to_view'
06-05 18:17:27.558 I/InstrumentationBackend( 5146): Added:'ViewConfiguration', with key:'view_configuration'
06-05 18:17:27.558 I/InstrumentationBackend( 5146): Added:'IsCurrentActivityFocused', with key:'is_current_activity_focused'
06-05 18:17:27.558 I/InstrumentationBackend( 5146): Added:'SendTcp', with key:'send_tcp'
06-05 18:17:27.558 I/InstrumentationBackend( 5146): Added:'DpToDevicePixel', with key:'dp_to_device_pixel'
06-05 18:17:27.558 I/InstrumentationBackend( 5146): Added:'KeyboardEnterText', with key:'keyboard_enter_text'
06-05 18:17:27.558 I/InstrumentationBackend( 5146): Added:'DeleteSurroundingText', with key:'delete_surrounding_text'
06-05 18:17:27.558 I/InstrumentationBackend( 5146): Added:'SetComposingRegion', with key:'set_composing_region'
06-05 18:17:27.558 I/InstrumentationBackend( 5146): Added:'SetSelection', with key:'set_selection'
06-05 18:17:27.558 I/InstrumentationBackend( 5146): Added:'KeyboardKeyEvent', with key:'keyboard_key_event'
06-05 18:17:27.558 I/InstrumentationBackend( 5146): Added:'PressUserActionButton', with key:'press_user_action_button'
06-05 18:17:27.558 I/InstrumentationBackend( 5146): Added:'HideSoftKeyboard', with key:'hide_soft_keyboard'
06-05 18:17:27.559 I/InstrumentationBackend( 5146): Added:'ListActions', with key:'list_actions'
06-05 18:17:27.559 I/calabash( 5146): Instantiating http server at 7102
06-05 18:17:27.559 D/EGL_emulation( 1712): eglMakeCurrent: 0xb4085540: ver 2 0 (tinfo 0xb4083740)
06-05 18:17:27.560 I/System.out( 5146): HTTP Daemon listening on: 7102
06-05 18:17:27.561 D/EGL_emulation( 1712): eglMakeCurrent: 0xb4085540: ver 2 0 (tinfo 0xb4083740)
06-05 18:17:27.576 D/EGL_emulation( 1712): eglMakeCurrent: 0xb4085540: ver 2 0 (tinfo 0xb4083740)
06-05 18:17:27.577 D/EGL_emulation( 1712): eglMakeCurrent: 0xb4085540: ver 2 0 (tinfo 0xb4083740)
06-05 18:17:27.583 I/WindowManager( 1630): WIN DEATH: Window{a9713b3 u0 com.evancharlton.mileage/com.evancharlton.mileage.Mileage EXITING}
06-05 18:17:27.594 D/EGL_emulation( 1712): eglMakeCurrent: 0xb4085540: ver 2 0 (tinfo 0xb4083740)
06-05 18:17:27.598 D/EGL_emulation( 1712): eglMakeCurrent: 0xb4085540: ver 2 0 (tinfo 0xb4083740)
06-05 18:17:27.609 D/EGL_emulation( 1712): eglMakeCurrent: 0xb4085540: ver 2 0 (tinfo 0xb4083740)
06-05 18:17:27.611 D/EGL_emulation( 1712): eglMakeCurrent: 0xb4085540: ver 2 0 (tinfo 0xb4083740)
06-05 18:17:27.627 D/EGL_emulation( 1712): eglMakeCurrent: 0xb4085540: ver 2 0 (tinfo 0xb4083740)
06-05 18:17:27.642 D/EGL_emulation( 1712): eglMakeCurrent: 0xb4085540: ver 2 0 (tinfo 0xb4083740)
06-05 18:17:27.644 D/EGL_emulation( 1712): eglMakeCurrent: 0xb4085540: ver 2 0 (tinfo 0xb4083740)
06-05 18:17:27.650 I/System.out( 5146): URI: //ping
06-05 18:17:27.650 I/System.out( 5146): params: {json={}
06-05 18:17:27.650 I/System.out( 5146): }
06-05 18:17:27.652 I/System.out( 5146): URI: //ping
06-05 18:17:27.652 I/System.out( 5146): params: {json={}
06-05 18:17:27.652 I/System.out( 5146): }
06-05 18:17:27.655 I/System.out( 5146): URI: //ready
06-05 18:17:27.655 I/System.out( 5146): params: {json={}
06-05 18:17:27.655 I/System.out( 5146): }
06-05 18:17:27.657 I/System.out( 5146): URI: //
06-05 18:17:27.657 I/System.out( 5146): params: {json={"command":"version","arguments":[]}
06-05 18:17:27.657 I/System.out( 5146): }
06-05 18:17:27.657 I/System.out( 5146): header: {content-type=application/json;charset=utf-8, date=Fri, 05 Jun 2020 23:17:28 GMT, accept=*/*, host=127.0.0.1:34784, content-length=36, user-agent=HTTPClient/1.0 (2.8.3, ruby 2.5.1 (2018-03-29))}
06-05 18:17:27.657 I/System.out( 5146): params: {json={"command":"version","arguments":[]}
06-05 18:17:27.657 I/System.out( 5146): }
06-05 18:17:27.657 I/System.out( 5146): ProP json = {"command":"version","arguments":[]}
06-05 18:17:27.657 I/System.out( 5146): files: {}
06-05 18:17:27.657 I/System.out( 5146): command: {"command":"version","arguments":[]}
06-05 18:17:27.661 I/InstrumentationBackend( 5146): Got command:'Command:'Line:null,version', arguments:'[]'
06-05 18:17:27.667 I/System.out( 5146): result:{"bonusInformation":[],"message":"0.9.8","success":true}
06-05 18:17:27.670 I/System.out( 5146): URI: //start-application
06-05 18:17:27.670 I/System.out( 5146): params: {json={"intent":null}
06-05 18:17:27.670 I/System.out( 5146): }
06-05 18:17:27.680 I/ActivityManager( 1630): START u0 {act=android.intent.action.MAIN cat=[android.intent.category.LAUNCHER] flg=0x10200000 cmp=com.evancharlton.mileage/.Mileage} from uid 10150 on display 0
06-05 18:17:27.686 I/calabash( 5146): newActivity1
06-05 18:17:27.694 I/calabash( 5146): newActivity1
06-05 18:17:27.695 W/ActivityManager( 1630): Bad activity token: android.os.BinderProxy@53a3d2c
06-05 18:17:27.695 W/ActivityManager( 1630): java.lang.ClassCastException: android.os.BinderProxy cannot be cast to com.android.server.am.ActivityRecord$Token
06-05 18:17:27.695 W/ActivityManager( 1630): 	at com.android.server.am.ActivityRecord.forTokenLocked(ActivityRecord.java:586)
06-05 18:17:27.695 W/ActivityManager( 1630): 	at com.android.server.am.ActivityRecord.isInStackLocked(ActivityRecord.java:1327)
06-05 18:17:27.695 W/ActivityManager( 1630): 	at com.android.server.am.ActivityRecord.getStackLocked(ActivityRecord.java:1332)
06-05 18:17:27.695 W/ActivityManager( 1630): 	at com.android.server.am.ActivityManagerService.getActivityDisplayId(ActivityManagerService.java:9806)
06-05 18:17:27.695 W/ActivityManager( 1630): 	at android.app.ActivityManagerNative.onTransact(ActivityManagerNative.java:2566)
06-05 18:17:27.695 W/ActivityManager( 1630): 	at com.android.server.am.ActivityManagerService.onTransact(ActivityManagerService.java:2757)
06-05 18:17:27.695 W/ActivityManager( 1630): 	at android.os.Binder.execTransact(Binder.java:565)
06-05 18:17:27.696 W/ActivityManager( 1630): Bad activity token: android.os.BinderProxy@53a3d2c
06-05 18:17:27.696 W/ActivityManager( 1630): java.lang.ClassCastException: android.os.BinderProxy cannot be cast to com.android.server.am.ActivityRecord$Token
06-05 18:17:27.696 W/ActivityManager( 1630): 	at com.android.server.am.ActivityRecord.forTokenLocked(ActivityRecord.java:586)
06-05 18:17:27.696 W/ActivityManager( 1630): 	at com.android.server.am.ActivityRecord.isInStackLocked(ActivityRecord.java:1327)
06-05 18:17:27.696 W/ActivityManager( 1630): 	at com.android.server.am.ActivityManagerService.setTaskDescription(ActivityManagerService.java:9358)
06-05 18:17:27.696 W/ActivityManager( 1630): 	at android.app.ActivityManagerNative.onTransact(ActivityManagerNative.java:2639)
06-05 18:17:27.696 W/ActivityManager( 1630): 	at com.android.server.am.ActivityManagerService.onTransact(ActivityManagerService.java:2757)
06-05 18:17:27.696 W/ActivityManager( 1630): 	at android.os.Binder.execTransact(Binder.java:565)
06-05 18:17:27.696 W/ActivityManager( 1630): Bad activity token: android.os.BinderProxy@53a3d2c
06-05 18:17:27.696 W/ActivityManager( 1630): java.lang.ClassCastException: android.os.BinderProxy cannot be cast to com.android.server.am.ActivityRecord$Token
06-05 18:17:27.696 W/ActivityManager( 1630): 	at com.android.server.am.ActivityRecord.forTokenLocked(ActivityRecord.java:586)
06-05 18:17:27.696 W/ActivityManager( 1630): 	at com.android.server.am.ActivityRecord.isInStackLocked(ActivityRecord.java:1327)
06-05 18:17:27.696 W/ActivityManager( 1630): 	at com.android.server.am.ActivityRecord.getStackLocked(ActivityRecord.java:1332)
06-05 18:17:27.696 W/ActivityManager( 1630): 	at com.android.server.am.ActivityManagerService.getActivityStackId(ActivityManagerService.java:9817)
06-05 18:17:27.696 W/ActivityManager( 1630): 	at android.app.ActivityManagerNative.onTransact(ActivityManagerNative.java:2856)
06-05 18:17:27.696 W/ActivityManager( 1630): 	at com.android.server.am.ActivityManagerService.onTransact(ActivityManagerService.java:2757)
06-05 18:17:27.696 W/ActivityManager( 1630): 	at android.os.Binder.execTransact(Binder.java:565)
06-05 18:17:27.710 D/gralloc_ranchu( 1346): gralloc_alloc: Creating ashmem region of size 9023488
06-05 18:17:27.717 W/ActivityManager( 1630): Bad activity token: android.os.BinderProxy@53a3d2c
06-05 18:17:27.717 W/ActivityManager( 1630): java.lang.ClassCastException: android.os.BinderProxy cannot be cast to com.android.server.am.ActivityRecord$Token
06-05 18:17:27.717 W/ActivityManager( 1630): 	at com.android.server.am.ActivityRecord.forTokenLocked(ActivityRecord.java:586)
06-05 18:17:27.717 W/ActivityManager( 1630): 	at com.android.server.am.ActivityRecord.isInStackLocked(ActivityRecord.java:1327)
06-05 18:17:27.717 W/ActivityManager( 1630): 	at com.android.server.am.ActivityManagerService.getActivityOptions(ActivityManagerService.java:12559)
06-05 18:17:27.717 W/ActivityManager( 1630): 	at android.app.ActivityManagerNative.onTransact(ActivityManagerNative.java:1933)
06-05 18:17:27.717 W/ActivityManager( 1630): 	at com.android.server.am.ActivityManagerService.onTransact(ActivityManagerService.java:2757)
06-05 18:17:27.717 W/ActivityManager( 1630): 	at android.os.Binder.execTransact(Binder.java:565)
06-05 18:17:27.717 W/ActivityManager( 1630): Bad activity token: android.os.BinderProxy@53a3d2c
06-05 18:17:27.717 W/ActivityManager( 1630): java.lang.ClassCastException: android.os.BinderProxy cannot be cast to com.android.server.am.ActivityRecord$Token
06-05 18:17:27.717 W/ActivityManager( 1630): 	at com.android.server.am.ActivityRecord.forTokenLocked(ActivityRecord.java:586)
06-05 18:17:27.717 W/ActivityManager( 1630): 	at com.android.server.am.ActivityRecord.isInStackLocked(ActivityRecord.java:1327)
06-05 18:17:27.717 W/ActivityManager( 1630): 	at com.android.server.am.ActivityManagerService.getActivityOptions(ActivityManagerService.java:12559)
06-05 18:17:27.717 W/ActivityManager( 1630): 	at android.app.ActivityManagerNative.onTransact(ActivityManagerNative.java:1933)
06-05 18:17:27.717 W/ActivityManager( 1630): 	at com.android.server.am.ActivityManagerService.onTransact(ActivityManagerService.java:2757)
06-05 18:17:27.717 W/ActivityManager( 1630): 	at android.os.Binder.execTransact(Binder.java:565)
06-05 18:17:27.739 V/PhoneStatusBar( 1712): setLightsOn(true)
06-05 18:17:27.743 D/EGL_emulation( 2099): eglMakeCurrent: 0xb4085240: ver 2 0 (tinfo 0xb40832d0)
06-05 18:17:27.744 D/EGL_emulation( 1712): eglMakeCurrent: 0xb4085540: ver 2 0 (tinfo 0xb4083740)
06-05 18:17:27.759 D/gralloc_ranchu( 1346): gralloc_alloc: Creating ashmem region of size 9023488
06-05 18:17:27.759 D/EGL_emulation( 1712): eglMakeCurrent: 0xb4085540: ver 2 0 (tinfo 0xb4083740)
06-05 18:17:27.764 D/        ( 5146): HostConnection::get() New Host Connection established 0x97d27540, tid 5146
06-05 18:17:27.766 D/EGL_emulation( 1712): eglMakeCurrent: 0xb4085540: ver 2 0 (tinfo 0xb4083740)
06-05 18:17:27.766 V/PhoneStatusBar( 1712): setLightsOn(true)
06-05 18:17:27.807 D/EGL_emulation( 1712): eglMakeCurrent: 0xb4085540: ver 2 0 (tinfo 0xb4083740)
06-05 18:17:27.809 D/EGL_emulation( 1712): eglMakeCurrent: 0xb4085540: ver 2 0 (tinfo 0xb4083740)
06-05 18:17:27.811 D/EGL_emulation( 1712): eglMakeCurrent: 0xb4085540: ver 2 0 (tinfo 0xb4083740)
06-05 18:17:27.813 D/EGL_emulation( 1712): eglMakeCurrent: 0xb4085540: ver 2 0 (tinfo 0xb4083740)
06-05 18:17:27.826 D/EGL_emulation( 1712): eglMakeCurrent: 0xb4085540: ver 2 0 (tinfo 0xb4083740)
06-05 18:17:27.828 D/EGL_emulation( 1712): eglMakeCurrent: 0xb4085540: ver 2 0 (tinfo 0xb4083740)
06-05 18:17:27.843 D/EGL_emulation( 1712): eglMakeCurrent: 0xb4085540: ver 2 0 (tinfo 0xb4083740)
06-05 18:17:27.844 D/gralloc_ranchu( 1346): gralloc_alloc: Creating ashmem region of size 9023488
06-05 18:17:27.845 I/WindowManager( 1630): Destroying surface Surface(name=com.evancharlton.mileage/com.evancharlton.mileage.Mileage) called by com.android.server.wm.WindowStateAnimator.destroySurface:2016 com.android.server.wm.WindowStateAnimator.destroySurfaceLocked:882 com.android.server.wm.WindowState.removeLocked:1456 com.android.server.wm.WindowManagerService.removeWindowInnerLocked:2484 com.android.server.wm.AppWindowToken.destroySurfaces:365 com.android.server.wm.WindowStateAnimator.finishExit:565 com.android.server.wm.AppWindowAnimator.stepAnimationLocked:427 com.android.server.wm.WindowAnimator.updateAppWindowsLocked:196 
06-05 18:17:27.851 D/EGL_emulation( 1712): eglMakeCurrent: 0xb4085540: ver 2 0 (tinfo 0xb4083740)
06-05 18:17:27.859 D/EGL_emulation( 1712): eglMakeCurrent: 0xb4085540: ver 2 0 (tinfo 0xb4083740)
06-05 18:17:27.859 I/ActivityManager( 1630): Displayed com.evancharlton.mileage/.Mileage: +175ms
06-05 18:17:27.861 D/EGL_emulation( 1712): eglMakeCurrent: 0xb4085540: ver 2 0 (tinfo 0xb4083740)
06-05 18:17:27.876 D/EGL_emulation( 1712): eglMakeCurrent: 0xb4085540: ver 2 0 (tinfo 0xb4083740)
06-05 18:17:27.878 D/EGL_emulation( 1712): eglMakeCurrent: 0xb4085540: ver 2 0 (tinfo 0xb4083740)
06-05 18:17:27.893 D/EGL_emulation( 1712): eglMakeCurrent: 0xb4085540: ver 2 0 (tinfo 0xb4083740)
06-05 18:17:27.894 D/EGL_emulation( 1712): eglMakeCurrent: 0xb4085540: ver 2 0 (tinfo 0xb4083740)
06-05 18:17:27.894 V/PhoneStatusBar( 1712): setLightsOn(true)
06-05 18:17:27.898 I/System.out( 5146): URI: //map
06-05 18:17:27.898 I/System.out( 5146): params: {json={"query":"* marked:'Statistics'","operation":{"method_name":"query","arguments":[]}}
06-05 18:17:27.898 I/System.out( 5146): }
06-05 18:17:27.909 W/ResourceType( 5146): No package identifier when getting name for resource number 0x00000001
06-05 18:17:27.910 D/EGL_emulation( 1712): eglMakeCurrent: 0xb4085540: ver 2 0 (tinfo 0xb4083740)
06-05 18:17:27.912 D/EGL_emulation( 1712): eglMakeCurrent: 0xb4085540: ver 2 0 (tinfo 0xb4083740)
06-05 18:17:27.925 I/System.out( 5146): URI: //gesture
06-05 18:17:27.925 I/System.out( 5146): params: {json={"query_timeout":5.0,"gestures":[{"query_string":"* marked:'Statistics'","touches":[{"x":50,"y":50,"offset_x":0,"offset_y":0,"wait":0.0,"time":0.2,"release":true,"query_string":null}]}]}
06-05 18:17:27.925 I/System.out( 5146): }
06-05 18:17:27.926 D/EGL_emulation( 1712): eglMakeCurrent: 0xb4085540: ver 2 0 (tinfo 0xb4083740)
06-05 18:17:27.928 D/EGL_emulation( 1712): eglMakeCurrent: 0xb4085540: ver 2 0 (tinfo 0xb4083740)
06-05 18:17:27.932 W/ResourceType( 5146): No package identifier when getting name for resource number 0x00000001
06-05 18:17:27.943 D/EGL_emulation( 1712): eglMakeCurrent: 0xb4085540: ver 2 0 (tinfo 0xb4083740)
06-05 18:17:27.950 D/EGL_emulation( 1712): eglMakeCurrent: 0xb4085540: ver 2 0 (tinfo 0xb4083740)
06-05 18:17:27.961 D/EGL_emulation( 1712): eglMakeCurrent: 0xb4085540: ver 2 0 (tinfo 0xb4083740)
06-05 18:17:28.059 I/WindowManager( 1630): Destroying surface Surface(name=Starting com.evancharlton.mileage) called by com.android.server.wm.WindowStateAnimator.destroySurface:2016 com.android.server.wm.WindowStateAnimator.destroySurfaceLocked:882 com.android.server.wm.WindowState.destroyOrSaveSurface:2100 com.android.server.wm.AppWindowToken.destroySurfaces:363 com.android.server.wm.WindowStateAnimator.finishExit:565 com.android.server.wm.WindowStateAnimator.stepAnimationLocked:491 com.android.server.wm.WindowAnimator.updateWindowsLocked:303 com.android.server.wm.WindowAnimator.animateLocked:704 
06-05 18:17:28.061 V/PhoneStatusBar( 1712): setLightsOn(true)
06-05 18:17:28.092 V/PhoneStatusBar( 1712): setLightsOn(true)
06-05 18:17:28.166 I/calabash( 5146): newActivity1
06-05 18:17:28.211 V/PhoneStatusBar( 1712): setLightsOn(true)
06-05 18:17:28.215 I/System.out( 5146): URI: //map
06-05 18:17:28.216 I/System.out( 5146): params: {json={"query":"android.widget.ScrollView index:0","operation":{"method_name":"query","arguments":[]}}
06-05 18:17:28.216 I/System.out( 5146): }
06-05 18:17:28.218 W/ActivityManager( 1630): Bad activity token: android.os.BinderProxy@b59bb06
06-05 18:17:28.218 W/ActivityManager( 1630): java.lang.ClassCastException: android.os.BinderProxy cannot be cast to com.android.server.am.ActivityRecord$Token
06-05 18:17:28.218 W/ActivityManager( 1630): 	at com.android.server.am.ActivityRecord.forTokenLocked(ActivityRecord.java:586)
06-05 18:17:28.218 W/ActivityManager( 1630): 	at com.android.server.am.ActivityRecord.isInStackLocked(ActivityRecord.java:1327)
06-05 18:17:28.218 W/ActivityManager( 1630): 	at com.android.server.am.ActivityRecord.getStackLocked(ActivityRecord.java:1332)
06-05 18:17:28.218 W/ActivityManager( 1630): 	at com.android.server.am.ActivityManagerService.getActivityDisplayId(ActivityManagerService.java:9806)
06-05 18:17:28.218 W/ActivityManager( 1630): 	at android.app.ActivityManagerNative.onTransact(ActivityManagerNative.java:2566)
06-05 18:17:28.218 W/ActivityManager( 1630): 	at com.android.server.am.ActivityManagerService.onTransact(ActivityManagerService.java:2757)
06-05 18:17:28.218 W/ActivityManager( 1630): 	at android.os.Binder.execTransact(Binder.java:565)
06-05 18:17:28.222 W/ActivityManager( 1630): Bad activity token: android.os.BinderProxy@b59bb06
06-05 18:17:28.222 W/ActivityManager( 1630): java.lang.ClassCastException: android.os.BinderProxy cannot be cast to com.android.server.am.ActivityRecord$Token
06-05 18:17:28.222 W/ActivityManager( 1630): 	at com.android.server.am.ActivityRecord.forTokenLocked(ActivityRecord.java:586)
06-05 18:17:28.222 W/ActivityManager( 1630): 	at com.android.server.am.ActivityRecord.isInStackLocked(ActivityRecord.java:1327)
06-05 18:17:28.222 W/ActivityManager( 1630): 	at com.android.server.am.ActivityManagerService.setTaskDescription(ActivityManagerService.java:9358)
06-05 18:17:28.222 W/ActivityManager( 1630): 	at android.app.ActivityManagerNative.onTransact(ActivityManagerNative.java:2639)
06-05 18:17:28.222 W/ActivityManager( 1630): 	at com.android.server.am.ActivityManagerService.onTransact(ActivityManagerService.java:2757)
06-05 18:17:28.222 W/ActivityManager( 1630): 	at android.os.Binder.execTransact(Binder.java:565)
06-05 18:17:28.223 W/ActivityManager( 1630): Bad activity token: android.os.BinderProxy@b59bb06
06-05 18:17:28.223 W/ActivityManager( 1630): java.lang.ClassCastException: android.os.BinderProxy cannot be cast to com.android.server.am.ActivityRecord$Token
06-05 18:17:28.223 W/ActivityManager( 1630): 	at com.android.server.am.ActivityRecord.forTokenLocked(ActivityRecord.java:586)
06-05 18:17:28.223 W/ActivityManager( 1630): 	at com.android.server.am.ActivityRecord.isInStackLocked(ActivityRecord.java:1327)
06-05 18:17:28.223 W/ActivityManager( 1630): 	at com.android.server.am.ActivityRecord.getStackLocked(ActivityRecord.java:1332)
06-05 18:17:28.223 W/ActivityManager( 1630): 	at com.android.server.am.ActivityManagerService.getActivityStackId(ActivityManagerService.java:9817)
06-05 18:17:28.223 W/ActivityManager( 1630): 	at android.app.ActivityManagerNative.onTransact(ActivityManagerNative.java:2856)
06-05 18:17:28.223 W/ActivityManager( 1630): 	at com.android.server.am.ActivityManagerService.onTransact(ActivityManagerService.java:2757)
06-05 18:17:28.223 W/ActivityManager( 1630): 	at android.os.Binder.execTransact(Binder.java:565)
06-05 18:17:28.243 D/VehicleStatisticsActivity( 5146): Checking recalculation ...
06-05 18:17:28.246 D/VehicleStatisticsActivity( 5146): Recalculation not necessary.
06-05 18:17:28.261 W/ActivityManager( 1630): Bad activity token: android.os.BinderProxy@b59bb06
06-05 18:17:28.261 W/ActivityManager( 1630): java.lang.ClassCastException: android.os.BinderProxy cannot be cast to com.android.server.am.ActivityRecord$Token
06-05 18:17:28.261 W/ActivityManager( 1630): 	at com.android.server.am.ActivityRecord.forTokenLocked(ActivityRecord.java:586)
06-05 18:17:28.261 W/ActivityManager( 1630): 	at com.android.server.am.ActivityRecord.isInStackLocked(ActivityRecord.java:1327)
06-05 18:17:28.261 W/ActivityManager( 1630): 	at com.android.server.am.ActivityManagerService.getActivityOptions(ActivityManagerService.java:12559)
06-05 18:17:28.261 W/ActivityManager( 1630): 	at android.app.ActivityManagerNative.onTransact(ActivityManagerNative.java:1933)
06-05 18:17:28.261 W/ActivityManager( 1630): 	at com.android.server.am.ActivityManagerService.onTransact(ActivityManagerService.java:2757)
06-05 18:17:28.261 W/ActivityManager( 1630): 	at android.os.Binder.execTransact(Binder.java:565)
06-05 18:17:28.262 W/ActivityManager( 1630): Bad activity token: android.os.BinderProxy@b59bb06
06-05 18:17:28.262 W/ActivityManager( 1630): java.lang.ClassCastException: android.os.BinderProxy cannot be cast to com.android.server.am.ActivityRecord$Token
06-05 18:17:28.262 W/ActivityManager( 1630): 	at com.android.server.am.ActivityRecord.forTokenLocked(ActivityRecord.java:586)
06-05 18:17:28.262 W/ActivityManager( 1630): 	at com.android.server.am.ActivityRecord.isInStackLocked(ActivityRecord.java:1327)
06-05 18:17:28.262 W/ActivityManager( 1630): 	at com.android.server.am.ActivityManagerService.getActivityOptions(ActivityManagerService.java:12559)
06-05 18:17:28.262 W/ActivityManager( 1630): 	at android.app.ActivityManagerNative.onTransact(ActivityManagerNative.java:1933)
06-05 18:17:28.262 W/ActivityManager( 1630): 	at com.android.server.am.ActivityManagerService.onTransact(ActivityManagerService.java:2757)
06-05 18:17:28.262 W/ActivityManager( 1630): 	at android.os.Binder.execTransact(Binder.java:565)
06-05 18:17:28.267 D/VehicleStatisticsActivity( 5146): Checking recalculation ...
06-05 18:17:28.268 D/VehicleStatisticsActivity( 5146): Recalculation not necessary.
06-05 18:17:28.374 I/System.out( 5146): URI: //map
06-05 18:17:28.374 I/System.out( 5146): params: {json={"query":"android.widget.AbsListView index:0","operation":{"method_name":"query","arguments":[]}}
06-05 18:17:28.374 I/System.out( 5146): }
06-05 18:17:28.388 I/art     ( 5146): Do partial code cache collection, code=30KB, data=29KB
06-05 18:17:28.388 I/art     ( 5146): After code cache collection, code=29KB, data=28KB
06-05 18:17:28.388 I/art     ( 5146): Increasing code cache capacity to 128KB
06-05 18:17:28.407 I/System.out( 5146): URI: //map
06-05 18:17:28.407 I/System.out( 5146): params: {json={"query":"android.widget.AbsListView index:0","operation":{"method_name":"query","arguments":[]}}
06-05 18:17:28.407 I/System.out( 5146): }
06-05 18:17:28.432 I/System.out( 5146): URI: //map
06-05 18:17:28.432 I/System.out( 5146): params: {json={"query":"android.widget.AbsListView index:0","operation":{"method_name":"query","arguments":[]}}
06-05 18:17:28.432 I/System.out( 5146): }
06-05 18:17:28.453 I/System.out( 5146): URI: //map
06-05 18:17:28.453 I/System.out( 5146): params: {json={"query":"android.widget.AbsListView index:0","operation":{"method_name":"query","arguments":["getFirstVisiblePosition"]}}
06-05 18:17:28.453 I/System.out( 5146): }
06-05 18:17:28.473 I/System.out( 5146): URI: //map
06-05 18:17:28.473 I/System.out( 5146): params: {json={"query":"android.widget.AbsListView index:0","operation":{"method_name":"query","arguments":["getLastVisiblePosition"]}}
06-05 18:17:28.473 I/System.out( 5146): }
06-05 18:17:28.490 I/System.out( 5146): URI: //map
06-05 18:17:28.490 I/System.out( 5146): params: {json={"query":"android.widget.AbsListView index:0","operation":{"method_name":"query","arguments":[{"method_name":"setSelection","arguments":[26]}]}}
06-05 18:17:28.490 I/System.out( 5146): }
06-05 18:17:28.493 V/PhoneStatusBar( 1712): setLightsOn(true)
06-05 18:17:28.493 V/PhoneStatusBar( 1712): setLightsOn(true)
06-05 18:17:28.495 W/OpenGLRenderer( 2099): Incorrectly called buildLayer on View: ShortcutAndWidgetContainer, destroying layer...
06-05 18:17:28.510 I/WindowManager( 1630): Destroying surface Surface(name=com.android.launcher3/com.android.launcher3.Launcher) called by com.android.server.wm.WindowStateAnimator.destroySurface:2016 com.android.server.wm.WindowStateAnimator.destroySurfaceLocked:882 com.android.server.wm.WindowState.destroyOrSaveSurface:2100 com.android.server.wm.AppWindowToken.destroySurfaces:363 com.android.server.wm.AppWindowToken.notifyAppStopped:389 com.android.server.wm.WindowManagerService.notifyAppStopped:4463 com.android.server.am.ActivityStack.activityStoppedLocked:1252 com.android.server.am.ActivityManagerService.activityStopped:6903 
06-05 18:17:28.510 V/PhoneStatusBar( 1712): setLightsOn(true)
06-05 18:17:28.517 I/System.out( 5146): URI: //map
06-05 18:17:28.517 I/System.out( 5146): params: {json={"query":"* marked:'Minimum price'","operation":{"method_name":"query","arguments":[]}}
06-05 18:17:28.517 I/System.out( 5146): }
06-05 18:17:28.552 D/gralloc_ranchu( 1346): gralloc_alloc: Creating ashmem region of size 9023488
06-05 18:17:28.594 W/ResourceType( 5146): No package identifier when getting name for resource number 0x00000001
06-05 18:17:28.608 I/System.out( 5146): URI: //gesture
06-05 18:17:28.608 I/System.out( 5146): params: {json={"query_timeout":5.0,"gestures":[{"query_string":"* marked:'Minimum price'","touches":[{"x":50,"y":50,"offset_x":0,"offset_y":0,"wait":0.0,"time":0.2,"release":true,"query_string":null}]}]}
06-05 18:17:28.608 I/System.out( 5146): }
06-05 18:17:28.613 W/ResourceType( 5146): No package identifier when getting name for resource number 0x00000001
06-05 18:17:28.846 I/ActivityManager( 1630): START u0 {cmp=com.evancharlton.mileage/.charts.MinimumPriceChart (has extras)} from uid 10150 on display 0
06-05 18:17:28.851 V/PhoneStatusBar( 1712): setLightsOn(true)
06-05 18:17:28.854 V/PhoneStatusBar( 1712): setLightsOn(true)
06-05 18:17:28.884 I/System.out( 5146): URI: //map
06-05 18:17:28.884 I/System.out( 5146): params: {json={"query":"* {text CONTAINS[c] 'Least expensive fuel'}","operation":{"method_name":"query","arguments":[]}}
06-05 18:17:28.884 I/System.out( 5146): }
06-05 18:17:28.909 I/calabash( 5146): newActivity1
06-05 18:17:28.912 W/aiCharts( 5146): License file is invalid or missing. 
06-05 18:17:28.912 W/aiCharts( 5146): Please place proper license.lic to /assets folder.
06-05 18:17:28.926 V/PhoneStatusBar( 1712): setLightsOn(true)
06-05 18:17:28.942 V/PhoneStatusBar( 1712): setLightsOn(true)
06-05 18:17:28.947 I/WindowManager( 1630): Destroying surface Surface(name=Creating chart…) called by com.android.server.wm.WindowStateAnimator.destroySurface:2016 com.android.server.wm.WindowStateAnimator.destroySurfaceLocked:882 com.android.server.wm.WindowState.removeLocked:1456 com.android.server.wm.WindowManagerService.removeWindowInnerLocked:2484 com.android.server.wm.WindowManagerService.removeWindowLocked:2442 com.android.server.wm.WindowManagerService.removeWindowLocked:2311 com.android.server.wm.WindowManagerService.removeWindow:2306 com.android.server.wm.Session.remove:202 
06-05 18:17:28.950 D/gralloc_ranchu( 1346): gralloc_alloc: Creating ashmem region of size 9023488
06-05 18:17:28.959 V/PhoneStatusBar( 1712): setLightsOn(true)
06-05 18:17:28.973 I/ActivityManager( 1630): Displayed com.evancharlton.mileage/.charts.MinimumPriceChart: +67ms
06-05 18:17:28.976 V/PhoneStatusBar( 1712): setLightsOn(true)
06-05 18:17:29.009 V/PhoneStatusBar( 1712): setLightsOn(true)
06-05 18:17:29.025 V/PhoneStatusBar( 1712): setLightsOn(true)
06-05 18:17:29.212 V/PhoneStatusBar( 1712): setLightsOn(true)
06-05 18:17:29.241 I/System.out( 5146): URI: //map
06-05 18:17:29.242 I/System.out( 5146): params: {json={"query":"* {text CONTAINS[c] 'Least expensive fuel'}","operation":{"method_name":"query","arguments":[]}}
06-05 18:17:29.242 I/System.out( 5146): }
06-05 18:17:29.274 I/System.out( 5146): URI: //
06-05 18:17:29.274 I/System.out( 5146): params: {json={"command":"press_key","arguments":["KEYCODE_BACK"]}
06-05 18:17:29.274 I/System.out( 5146): }
06-05 18:17:29.274 I/System.out( 5146): header: {content-type=application/json;charset=utf-8, date=Fri, 05 Jun 2020 23:17:29 GMT, accept=*/*, host=127.0.0.1:34784, content-length=52, user-agent=HTTPClient/1.0 (2.8.3, ruby 2.5.1 (2018-03-29))}
06-05 18:17:29.274 I/System.out( 5146): params: {json={"command":"press_key","arguments":["KEYCODE_BACK"]}
06-05 18:17:29.274 I/System.out( 5146): }
06-05 18:17:29.274 I/System.out( 5146): ProP json = {"command":"press_key","arguments":["KEYCODE_BACK"]}
06-05 18:17:29.274 I/System.out( 5146): files: {}
06-05 18:17:29.274 I/System.out( 5146): command: {"command":"press_key","arguments":["KEYCODE_BACK"]}
06-05 18:17:29.275 I/InstrumentationBackend( 5146): Got command:'Command:'Line:null,press_key', arguments:'[KEYCODE_BACK]'
06-05 18:17:29.279 V/PhoneStatusBar( 1712): setLightsOn(true)
06-05 18:17:29.282 V/PhoneStatusBar( 1712): setLightsOn(true)
06-05 18:17:29.283 I/art     ( 5146): Do partial code cache collection, code=60KB, data=62KB
06-05 18:17:29.283 I/art     ( 5146): After code cache collection, code=60KB, data=61KB
06-05 18:17:29.283 I/art     ( 5146): Increasing code cache capacity to 256KB
06-05 18:17:29.285 D/VehicleStatisticsActivity( 5146): Checking recalculation ...
06-05 18:17:29.285 D/VehicleStatisticsActivity( 5146): Recalculation not necessary.
06-05 18:17:29.285 I/System.out( 5146): result:{"bonusInformation":[],"message":"","success":true}
06-05 18:17:29.288 I/System.out( 5146): URI: //map
06-05 18:17:29.288 I/System.out( 5146): params: {json={"query":"* {text CONTAINS[c] 'Statistics'}","operation":{"method_name":"query","arguments":[]}}
06-05 18:17:29.288 I/System.out( 5146): }
06-05 18:17:29.292 V/PhoneStatusBar( 1712): setLightsOn(true)
06-05 18:17:29.309 D/gralloc_ranchu( 1346): gralloc_alloc: Creating ashmem region of size 9023488
06-05 18:17:29.309 V/PhoneStatusBar( 1712): setLightsOn(true)
06-05 18:17:29.325 V/PhoneStatusBar( 1712): setLightsOn(true)
06-05 18:17:29.343 V/PhoneStatusBar( 1712): setLightsOn(true)
