06-06 03:16:23.613 E/SpannableStringBuilder( 3991): SPAN_EXCLUSIVE_EXCLUSIVE spans cannot have a zero length
06-06 03:16:23.613 E/SpannableStringBuilder( 3991): SPAN_EXCLUSIVE_EXCLUSIVE spans cannot have a zero length
06-06 03:16:23.617 E/SpannableStringBuilder( 3991): SPAN_EXCLUSIVE_EXCLUSIVE spans cannot have a zero length
06-06 03:16:23.617 E/SpannableStringBuilder( 3991): SPAN_EXCLUSIVE_EXCLUSIVE spans cannot have a zero length
06-06 03:16:23.619 I/System.out( 3991): result:{"bonusInformation":[],"message":"","success":true}
06-06 03:16:23.622 I/System.out( 3991): URI: //map
06-06 03:16:23.622 I/System.out( 3991): params: {json={"query":"android.widget.EditText index:3","operation":{"method_name":"query","arguments":[]}}
06-06 03:16:23.622 I/System.out( 3991): }
06-06 03:16:23.643 I/art     ( 3991): Compiler allocated 7MB to compile sh.calaba.instrumentationbackend.actions.NanoHTTPD$Response sh.calaba.instrumentationbackend.actions.HttpServer.serve(java.lang.String, java.lang.String, java.util.Properties, java.util.Properties, java.util.Properties)
06-06 03:16:23.679 I/System.out( 3991): URI: //gesture
06-06 03:16:23.679 I/System.out( 3991): params: {json={"query_timeout":5.0,"gestures":[{"query_string":"android.widget.EditText index:3","touches":[{"x":50,"y":50,"offset_x":0,"offset_y":0,"wait":0.0,"time":0.2,"release":true,"query_string":null}]}]}
06-06 03:16:23.679 I/System.out( 3991): }
06-06 03:16:23.938 I/LatinIME( 1696): Starting input. Cursor position = 0,0
06-06 03:16:23.968 W/IInputConnectionWrapper( 3991): finishComposingText on inactive InputConnection
06-06 03:16:23.968 W/IInputConnectionWrapper( 3991): finishComposingText on inactive InputConnection
06-06 03:16:23.976 W/audio_hw_generic( 1395): Not supplying enough data to HAL, expected position 267645814 , only wrote 266693040
06-06 03:16:24.452 I/System.out( 3991): URI: //
06-06 03:16:24.452 I/System.out( 3991): params: {json={"command":"set_selection","arguments":[-1,-1]}
06-06 03:16:24.452 I/System.out( 3991): }
06-06 03:16:24.452 I/System.out( 3991): header: {content-type=application/json;charset=utf-8, date=Sat, 06 Jun 2020 08:16:25 GMT, accept=*/*, host=127.0.0.1:34777, content-length=47, user-agent=HTTPClient/1.0 (2.8.3, ruby 2.5.1 (2018-03-29))}
06-06 03:16:24.452 I/System.out( 3991): params: {json={"command":"set_selection","arguments":[-1,-1]}
06-06 03:16:24.452 I/System.out( 3991): }
06-06 03:16:24.452 I/System.out( 3991): ProP json = {"command":"set_selection","arguments":[-1,-1]}
06-06 03:16:24.452 I/System.out( 3991): files: {}
06-06 03:16:24.452 I/System.out( 3991): command: {"command":"set_selection","arguments":[-1,-1]}
06-06 03:16:24.454 I/InstrumentationBackend( 3991): Got command:'Command:'Line:null,set_selection', arguments:'[-1, -1]'
06-06 03:16:24.479 I/System.out( 3991): result:{"bonusInformation":[],"message":"","success":true}
06-06 03:16:24.505 I/System.out( 3991): URI: //
06-06 03:16:24.505 I/System.out( 3991): params: {json={"command":"keyboard_enter_text","arguments":["Versa"]}
06-06 03:16:24.505 I/System.out( 3991): }
06-06 03:16:24.505 I/System.out( 3991): header: {content-type=application/json;charset=utf-8, date=Sat, 06 Jun 2020 08:16:25 GMT, accept=*/*, host=127.0.0.1:34777, content-length=55, user-agent=HTTPClient/1.0 (2.8.3, ruby 2.5.1 (2018-03-29))}
06-06 03:16:24.505 I/System.out( 3991): params: {json={"command":"keyboard_enter_text","arguments":["Versa"]}
06-06 03:16:24.505 I/System.out( 3991): }
06-06 03:16:24.505 I/System.out( 3991): ProP json = {"command":"keyboard_enter_text","arguments":["Versa"]}
06-06 03:16:24.505 I/System.out( 3991): files: {}
06-06 03:16:24.505 I/System.out( 3991): command: {"command":"keyboard_enter_text","arguments":["Versa"]}
06-06 03:16:24.506 I/InstrumentationBackend( 3991): Got command:'Command:'Line:null,keyboard_enter_text', arguments:'[Versa]'
06-06 03:16:24.507 E/SpannableStringBuilder( 3991): SPAN_EXCLUSIVE_EXCLUSIVE spans cannot have a zero length
06-06 03:16:24.507 E/SpannableStringBuilder( 3991): SPAN_EXCLUSIVE_EXCLUSIVE spans cannot have a zero length
06-06 03:16:24.511 E/SpannableStringBuilder( 3991): SPAN_EXCLUSIVE_EXCLUSIVE spans cannot have a zero length
06-06 03:16:24.511 E/SpannableStringBuilder( 3991): SPAN_EXCLUSIVE_EXCLUSIVE spans cannot have a zero length
06-06 03:16:24.516 I/System.out( 3991): result:{"bonusInformation":[],"message":"","success":true}
06-06 03:16:24.520 I/System.out( 3991): URI: //map
06-06 03:16:24.520 I/System.out( 3991): params: {json={"query":"android.widget.EditText index:4","operation":{"method_name":"query","arguments":[]}}
06-06 03:16:24.520 I/System.out( 3991): }
06-06 03:16:24.557 I/System.out( 3991): URI: //gesture
06-06 03:16:24.557 I/System.out( 3991): params: {json={"query_timeout":5.0,"gestures":[{"query_string":"android.widget.EditText index:4","touches":[{"x":50,"y":50,"offset_x":0,"offset_y":0,"wait":0.0,"time":0.2,"release":true,"query_string":null}]}]}
06-06 03:16:24.557 I/System.out( 3991): }
06-06 03:16:24.809 I/LatinIME( 1696): Starting input. Cursor position = 0,0
06-06 03:16:24.842 W/IInputConnectionWrapper( 3991): finishComposingText on inactive InputConnection
06-06 03:16:24.842 W/IInputConnectionWrapper( 3991): finishComposingText on inactive InputConnection
06-06 03:16:25.319 I/System.out( 3991): URI: //
06-06 03:16:25.319 I/System.out( 3991): params: {json={"command":"set_selection","arguments":[-1,-1]}
06-06 03:16:25.319 I/System.out( 3991): }
06-06 03:16:25.319 I/System.out( 3991): header: {content-type=application/json;charset=utf-8, date=Sat, 06 Jun 2020 08:16:26 GMT, accept=*/*, host=127.0.0.1:34777, content-length=47, user-agent=HTTPClient/1.0 (2.8.3, ruby 2.5.1 (2018-03-29))}
06-06 03:16:25.319 I/System.out( 3991): params: {json={"command":"set_selection","arguments":[-1,-1]}
06-06 03:16:25.319 I/System.out( 3991): }
06-06 03:16:25.319 I/System.out( 3991): ProP json = {"command":"set_selection","arguments":[-1,-1]}
06-06 03:16:25.319 I/System.out( 3991): files: {}
06-06 03:16:25.319 I/System.out( 3991): command: {"command":"set_selection","arguments":[-1,-1]}
06-06 03:16:25.320 I/InstrumentationBackend( 3991): Got command:'Command:'Line:null,set_selection', arguments:'[-1, -1]'
06-06 03:16:25.326 I/System.out( 3991): result:{"bonusInformation":[],"message":"","success":true}
06-06 03:16:25.341 I/System.out( 3991): URI: //
06-06 03:16:25.341 I/System.out( 3991): params: {json={"command":"keyboard_enter_text","arguments":["Gris brown"]}
06-06 03:16:25.341 I/System.out( 3991): }
06-06 03:16:25.341 I/System.out( 3991): header: {content-type=application/json;charset=utf-8, date=Sat, 06 Jun 2020 08:16:26 GMT, accept=*/*, host=127.0.0.1:34777, content-length=60, user-agent=HTTPClient/1.0 (2.8.3, ruby 2.5.1 (2018-03-29))}
06-06 03:16:25.341 I/System.out( 3991): params: {json={"command":"keyboard_enter_text","arguments":["Gris brown"]}
06-06 03:16:25.341 I/System.out( 3991): }
06-06 03:16:25.341 I/System.out( 3991): ProP json = {"command":"keyboard_enter_text","arguments":["Gris brown"]}
06-06 03:16:25.341 I/System.out( 3991): files: {}
06-06 03:16:25.341 I/System.out( 3991): command: {"command":"keyboard_enter_text","arguments":["Gris brown"]}
06-06 03:16:25.342 I/InstrumentationBackend( 3991): Got command:'Command:'Line:null,keyboard_enter_text', arguments:'[Gris brown]'
06-06 03:16:25.343 E/SpannableStringBuilder( 3991): SPAN_EXCLUSIVE_EXCLUSIVE spans cannot have a zero length
06-06 03:16:25.343 E/SpannableStringBuilder( 3991): SPAN_EXCLUSIVE_EXCLUSIVE spans cannot have a zero length
06-06 03:16:25.348 E/SpannableStringBuilder( 3991): SPAN_EXCLUSIVE_EXCLUSIVE spans cannot have a zero length
06-06 03:16:25.349 E/SpannableStringBuilder( 3991): SPAN_EXCLUSIVE_EXCLUSIVE spans cannot have a zero length
06-06 03:16:25.353 I/System.out( 3991): result:{"bonusInformation":[],"message":"","success":true}
06-06 03:16:25.359 I/System.out( 3991): URI: //
06-06 03:16:25.359 I/System.out( 3991): params: {json={"command":"press_key","arguments":["KEYCODE_BACK"]}
06-06 03:16:25.359 I/System.out( 3991): }
06-06 03:16:25.359 I/System.out( 3991): header: {content-type=application/json;charset=utf-8, date=Sat, 06 Jun 2020 08:16:26 GMT, accept=*/*, host=127.0.0.1:34777, content-length=52, user-agent=HTTPClient/1.0 (2.8.3, ruby 2.5.1 (2018-03-29))}
06-06 03:16:25.359 I/System.out( 3991): params: {json={"command":"press_key","arguments":["KEYCODE_BACK"]}
06-06 03:16:25.359 I/System.out( 3991): }
06-06 03:16:25.359 I/System.out( 3991): ProP json = {"command":"press_key","arguments":["KEYCODE_BACK"]}
06-06 03:16:25.359 I/System.out( 3991): files: {}
06-06 03:16:25.359 I/System.out( 3991): command: {"command":"press_key","arguments":["KEYCODE_BACK"]}
06-06 03:16:25.360 I/InstrumentationBackend( 3991): Got command:'Command:'Line:null,press_key', arguments:'[KEYCODE_BACK]'
06-06 03:16:25.403 W/InputMethodService( 1696): Window size has been changed. This may cause jankiness of resizing window: -1 -> -2
06-06 03:16:25.404 I/System.out( 3991): result:{"bonusInformation":[],"message":"","success":true}
06-06 03:16:25.408 I/System.out( 3991): URI: //map
06-06 03:16:25.408 I/System.out( 3991): params: {json={"query":"* marked:'Miles'","operation":{"method_name":"query","arguments":[]}}
06-06 03:16:25.408 I/System.out( 3991): }
06-06 03:16:25.413 W/ResourceType( 3991): No package identifier when getting name for resource number 0x00000001
06-06 03:16:25.414 D/EGL_emulation( 1711): eglMakeCurrent: 0xa7985720: ver 2 0 (tinfo 0xa7983770)
06-06 03:16:25.414 D/EGL_emulation( 1696): eglMakeCurrent: 0x9cbfeaa0: ver 2 0 (tinfo 0x98551b20)
06-06 03:16:25.416 V/PhoneStatusBar( 1711): setLightsOn(true)
06-06 03:16:25.418 V/PhoneStatusBar( 1711): setLightsOn(true)
06-06 03:16:25.424 I/System.out( 3991): URI: //gesture
06-06 03:16:25.424 I/System.out( 3991): params: {json={"query_timeout":5.0,"gestures":[{"query_string":"* marked:'Miles'","touches":[{"x":50,"y":50,"offset_x":0,"offset_y":0,"wait":0.0,"time":0.2,"release":true,"query_string":null}]}]}
06-06 03:16:25.424 I/System.out( 3991): }
06-06 03:16:25.433 V/PhoneStatusBar( 1711): setLightsOn(true)
06-06 03:16:25.458 W/ResourceType( 3991): No package identifier when getting name for resource number 0x00000001
06-06 03:16:25.597 V/PhoneStatusBar( 1711): setLightsOn(true)
06-06 03:16:25.597 I/WindowManager( 1630): Destroying surface Surface(name=InputMethod) called by com.android.server.wm.WindowStateAnimator.destroySurface:2016 com.android.server.wm.WindowStateAnimator.destroySurfaceLocked:882 com.android.server.wm.WindowState.destroyOrSaveSurface:2100 com.android.server.wm.WindowSurfacePlacer.performSurfacePlacementInner:429 com.android.server.wm.WindowSurfacePlacer.performSurfacePlacementLoop:232 com.android.server.wm.WindowSurfacePlacer.performSurfacePlacement:180 com.android.server.wm.WindowManagerService$H.handleMessage:8086 android.os.Handler.dispatchMessage:102 
06-06 03:16:25.687 V/PhoneStatusBar( 1711): setLightsOn(true)
06-06 03:16:25.689 I/System.out( 3991): URI: //map
06-06 03:16:25.689 I/System.out( 3991): params: {json={"query":"* marked:'Kilometers'","operation":{"method_name":"query","arguments":[]}}
06-06 03:16:25.689 I/System.out( 3991): }
06-06 03:16:25.701 V/PhoneStatusBar( 1711): setLightsOn(true)
06-06 03:16:25.714 V/PhoneStatusBar( 1711): setLightsOn(true)
06-06 03:16:25.748 D/gralloc_ranchu( 1347): gralloc_alloc: Creating ashmem region of size 1597440
06-06 03:16:25.758 V/PhoneStatusBar( 1711): setLightsOn(true)
06-06 03:16:25.758 W/ResourceType( 3991): No package identifier when getting name for resource number 0x00000001
06-06 03:16:25.759 V/PhoneStatusBar( 1711): setLightsOn(true)
06-06 03:16:25.763 D/gralloc_ranchu( 1347): gralloc_alloc: Creating ashmem region of size 1597440
06-06 03:16:25.764 V/PhoneStatusBar( 1711): setLightsOn(true)
06-06 03:16:26.016 V/PhoneStatusBar( 1711): setLightsOn(true)
06-06 03:16:26.069 I/System.out( 3991): URI: //map
06-06 03:16:26.070 I/System.out( 3991): params: {json={"query":"* marked:'Kilometers'","operation":{"method_name":"query","arguments":[]}}
06-06 03:16:26.070 I/System.out( 3991): }
06-06 03:16:26.083 W/ResourceType( 3991): No package identifier when getting name for resource number 0x00000001
06-06 03:16:26.117 I/System.out( 3991): URI: //gesture
06-06 03:16:26.117 I/System.out( 3991): params: {json={"query_timeout":5.0,"gestures":[{"query_string":"* marked:'Kilometers'","touches":[{"x":50,"y":50,"offset_x":0,"offset_y":0,"wait":0.0,"time":0.2,"release":true,"query_string":null}]}]}
06-06 03:16:26.117 I/System.out( 3991): }
06-06 03:16:26.132 W/ResourceType( 3991): No package identifier when getting name for resource number 0x00000001
06-06 03:16:26.366 V/PhoneStatusBar( 1711): setLightsOn(true)
06-06 03:16:26.366 V/PhoneStatusBar( 1711): setLightsOn(true)
06-06 03:16:26.370 W/audio_hw_generic( 1395): Not supplying enough data to HAL, expected position 266693235 , only wrote 266693040
06-06 03:16:26.373 I/System.out( 3991): URI: //map
06-06 03:16:26.373 I/System.out( 3991): params: {json={"query":"* marked:'Gallons'","operation":{"method_name":"query","arguments":[]}}
06-06 03:16:26.373 I/System.out( 3991): }
06-06 03:16:26.381 W/InputEventReceiver( 3991): Attempted to finish an input event but the input event receiver has already been disposed.
06-06 03:16:26.408 W/InputMethodManagerService( 1630): Window already focused, ignoring focus gain of: com.android.internal.view.IInputMethodClient$Stub$Proxy@788eacf attribute=null, token = android.os.BinderProxy@c874601
06-06 03:16:26.485 W/ResourceType( 3991): No package identifier when getting name for resource number 0x00000001
06-06 03:16:26.494 I/System.out( 3991): URI: //gesture
06-06 03:16:26.494 I/System.out( 3991): params: {json={"query_timeout":5.0,"gestures":[{"query_string":"* marked:'Gallons'","touches":[{"x":50,"y":50,"offset_x":0,"offset_y":0,"wait":0.0,"time":0.2,"release":true,"query_string":null}]}]}
06-06 03:16:26.494 I/System.out( 3991): }
06-06 03:16:26.500 W/ResourceType( 3991): No package identifier when getting name for resource number 0x00000001
06-06 03:16:26.647 I/WindowManager( 1630): Destroying surface Surface(name=com.evancharlton.mileage/com.evancharlton.mileage.VehicleActivity) called by com.android.server.wm.WindowStateAnimator.destroySurface:2016 com.android.server.wm.WindowStateAnimator.destroySurfaceLocked:882 com.android.server.wm.WindowState.destroyOrSaveSurface:2100 com.android.server.wm.AppWindowToken.destroySurfaces:363 com.android.server.wm.WindowStateAnimator.finishExit:565 com.android.server.wm.WindowStateAnimator.stepAnimationLocked:491 com.android.server.wm.WindowAnimator.updateWindowsLocked:303 com.android.server.wm.WindowAnimator.animateLocked:704 
06-06 03:16:26.648 V/PhoneStatusBar( 1711): setLightsOn(true)
06-06 03:16:26.680 V/PhoneStatusBar( 1711): setLightsOn(true)
06-06 03:16:26.734 V/PhoneStatusBar( 1711): setLightsOn(true)
06-06 03:16:26.739 I/System.out( 3991): URI: //map
06-06 03:16:26.739 I/System.out( 3991): params: {json={"query":"* marked:'Litres'","operation":{"method_name":"query","arguments":[]}}
06-06 03:16:26.739 I/System.out( 3991): }
06-06 03:16:26.749 V/PhoneStatusBar( 1711): setLightsOn(true)
06-06 03:16:26.764 V/PhoneStatusBar( 1711): setLightsOn(true)
06-06 03:16:26.804 D/gralloc_ranchu( 1347): gralloc_alloc: Creating ashmem region of size 2220032
06-06 03:16:26.814 V/PhoneStatusBar( 1711): setLightsOn(true)
06-06 03:16:26.814 W/ResourceType( 3991): No package identifier when getting name for resource number 0x00000001
06-06 03:16:26.815 V/PhoneStatusBar( 1711): setLightsOn(true)
06-06 03:16:26.815 D/gralloc_ranchu( 1347): gralloc_alloc: Creating ashmem region of size 2220032
06-06 03:16:26.831 V/PhoneStatusBar( 1711): setLightsOn(true)
06-06 03:16:27.080 V/PhoneStatusBar( 1711): setLightsOn(true)
06-06 03:16:27.122 I/System.out( 3991): URI: //map
06-06 03:16:27.122 I/System.out( 3991): params: {json={"query":"* marked:'Litres'","operation":{"method_name":"query","arguments":[]}}
06-06 03:16:27.122 I/System.out( 3991): }
06-06 03:16:27.126 W/ResourceType( 3991): No package identifier when getting name for resource number 0x00000001
06-06 03:16:27.137 I/System.out( 3991): URI: //gesture
06-06 03:16:27.137 I/System.out( 3991): params: {json={"query_timeout":5.0,"gestures":[{"query_string":"* marked:'Litres'","touches":[{"x":50,"y":50,"offset_x":0,"offset_y":0,"wait":0.0,"time":0.2,"release":true,"query_string":null}]}]}
06-06 03:16:27.137 I/System.out( 3991): }
06-06 03:16:27.140 W/ResourceType( 3991): No package identifier when getting name for resource number 0x00000001
06-06 03:16:27.365 V/PhoneStatusBar( 1711): setLightsOn(true)
06-06 03:16:27.365 V/PhoneStatusBar( 1711): setLightsOn(true)
06-06 03:16:27.372 I/System.out( 3991): URI: //map
06-06 03:16:27.372 I/System.out( 3991): params: {json={"query":"* marked:'Miles / Gallon'","operation":{"method_name":"query","arguments":[]}}
06-06 03:16:27.372 I/System.out( 3991): }
06-06 03:16:27.380 W/InputEventReceiver( 3991): Attempted to finish an input event but the input event receiver has already been disposed.
06-06 03:16:27.409 W/InputMethodManagerService( 1630): Window already focused, ignoring focus gain of: com.android.internal.view.IInputMethodClient$Stub$Proxy@e55303a attribute=null, token = android.os.BinderProxy@c874601
06-06 03:16:27.476 W/ResourceType( 3991): No package identifier when getting name for resource number 0x00000001
06-06 03:16:27.486 I/System.out( 3991): URI: //gesture
06-06 03:16:27.486 I/System.out( 3991): params: {json={"query_timeout":5.0,"gestures":[{"query_string":"* marked:'Miles / Gallon'","touches":[{"x":50,"y":50,"offset_x":0,"offset_y":0,"wait":0.0,"time":0.2,"release":true,"query_string":null}]}]}
06-06 03:16:27.486 I/System.out( 3991): }
06-06 03:16:27.489 W/ResourceType( 3991): No package identifier when getting name for resource number 0x00000001
06-06 03:16:27.647 I/WindowManager( 1630): Destroying surface Surface(name=com.evancharlton.mileage/com.evancharlton.mileage.VehicleActivity) called by com.android.server.wm.WindowStateAnimator.destroySurface:2016 com.android.server.wm.WindowStateAnimator.destroySurfaceLocked:882 com.android.server.wm.WindowState.destroyOrSaveSurface:2100 com.android.server.wm.AppWindowToken.destroySurfaces:363 com.android.server.wm.WindowStateAnimator.finishExit:565 com.android.server.wm.WindowStateAnimator.stepAnimationLocked:491 com.android.server.wm.WindowAnimator.updateWindowsLocked:303 com.android.server.wm.WindowAnimator.animateLocked:704 
06-06 03:16:27.649 V/PhoneStatusBar( 1711): setLightsOn(true)
06-06 03:16:27.653 V/PhoneStatusBar( 1711): setLightsOn(true)
06-06 03:16:27.726 V/PhoneStatusBar( 1711): setLightsOn(true)
06-06 03:16:27.735 V/PhoneStatusBar( 1711): setLightsOn(true)
06-06 03:16:27.740 I/System.out( 3991): URI: //map
06-06 03:16:27.740 I/System.out( 3991): params: {json={"query":"* marked:'Km / Litre'","operation":{"method_name":"query","arguments":[]}}
06-06 03:16:27.740 I/System.out( 3991): }
06-06 03:16:27.747 V/PhoneStatusBar( 1711): setLightsOn(true)
06-06 03:16:27.784 D/gralloc_ranchu( 1347): gralloc_alloc: Creating ashmem region of size 5959680
06-06 03:16:27.803 V/PhoneStatusBar( 1711): setLightsOn(true)
06-06 03:16:27.804 W/ResourceType( 3991): No package identifier when getting name for resource number 0x00000001
06-06 03:16:27.804 V/PhoneStatusBar( 1711): setLightsOn(true)
06-06 03:16:27.805 D/gralloc_ranchu( 1347): gralloc_alloc: Creating ashmem region of size 5959680
06-06 03:16:27.814 V/PhoneStatusBar( 1711): setLightsOn(true)
06-06 03:16:27.818 I/System.out( 3991): URI: //gesture
06-06 03:16:27.818 I/System.out( 3991): params: {json={"query_timeout":5.0,"gestures":[{"query_string":"* marked:'Km / Litre'","touches":[{"x":50,"y":50,"offset_x":0,"offset_y":0,"wait":0.0,"time":0.2,"release":true,"query_string":null}]}]}
06-06 03:16:27.818 I/System.out( 3991): }
06-06 03:16:27.883 W/ResourceType( 3991): No package identifier when getting name for resource number 0x00000001
06-06 03:16:28.064 V/PhoneStatusBar( 1711): setLightsOn(true)
06-06 03:16:28.115 V/PhoneStatusBar( 1711): setLightsOn(true)
06-06 03:16:28.118 V/PhoneStatusBar( 1711): setLightsOn(true)
06-06 03:16:28.123 I/System.out( 3991): URI: //map
06-06 03:16:28.123 I/System.out( 3991): params: {json={"query":"* marked:'Add new vehicle'","operation":{"method_name":"query","arguments":[]}}
06-06 03:16:28.123 I/System.out( 3991): }
06-06 03:16:28.131 W/InputEventReceiver( 3991): Attempted to finish an input event but the input event receiver has already been disposed.
06-06 03:16:28.163 W/InputMethodManagerService( 1630): Window already focused, ignoring focus gain of: com.android.internal.view.IInputMethodClient$Stub$Proxy@4fbd8e1 attribute=null, token = android.os.BinderProxy@c874601
06-06 03:16:28.194 W/ResourceType( 3991): No package identifier when getting name for resource number 0x00000001
06-06 03:16:28.202 I/System.out( 3991): URI: //gesture
06-06 03:16:28.202 I/System.out( 3991): params: {json={"query_timeout":5.0,"gestures":[{"query_string":"* marked:'Add new vehicle'","touches":[{"x":50,"y":50,"offset_x":0,"offset_y":0,"wait":0.0,"time":0.2,"release":true,"query_string":null}]}]}
06-06 03:16:28.202 I/System.out( 3991): }
06-06 03:16:28.205 W/ResourceType( 3991): No package identifier when getting name for resource number 0x00000001
06-06 03:16:28.397 I/WindowManager( 1630): Destroying surface Surface(name=com.evancharlton.mileage/com.evancharlton.mileage.VehicleActivity) called by com.android.server.wm.WindowStateAnimator.destroySurface:2016 com.android.server.wm.WindowStateAnimator.destroySurfaceLocked:882 com.android.server.wm.WindowState.destroyOrSaveSurface:2100 com.android.server.wm.AppWindowToken.destroySurfaces:363 com.android.server.wm.WindowStateAnimator.finishExit:565 com.android.server.wm.WindowStateAnimator.stepAnimationLocked:491 com.android.server.wm.WindowAnimator.updateWindowsLocked:303 com.android.server.wm.WindowAnimator.animateLocked:704 
06-06 03:16:28.400 V/PhoneStatusBar( 1711): setLightsOn(true)
06-06 03:16:28.406 V/PhoneStatusBar( 1711): setLightsOn(true)
06-06 03:16:28.442 I/System.out( 3991): URI: //map
06-06 03:16:28.442 I/System.out( 3991): params: {json={"query":"* {text CONTAINS[c] 'Javier Vehicle'}","operation":{"method_name":"query","arguments":[]}}
06-06 03:16:28.442 I/System.out( 3991): }
06-06 03:16:28.442 V/PhoneStatusBar( 1711): setLightsOn(true)
06-06 03:16:28.445 V/PhoneStatusBar( 1711): setLightsOn(true)
06-06 03:16:28.446 D/Mileage.ABS( 3991): Finished backup
06-06 03:16:28.446 D/Mileage.ABS( 3991): Not backing up; 2
06-06 03:16:28.447 D/Mileage.ABS( 3991): Not backing up; 3
06-06 03:16:28.447 D/EGL_emulation( 1711): eglMakeCurrent: 0xa7985720: ver 2 0 (tinfo 0xa7983770)
06-06 03:16:28.447 V/PhoneStatusBar( 1711): setLightsOn(true)
06-06 03:16:28.479 W/ActivityManager( 1630): Bad activity token: android.os.BinderProxy@5eb0acd
06-06 03:16:28.479 W/ActivityManager( 1630): java.lang.ClassCastException: android.os.BinderProxy cannot be cast to com.android.server.am.ActivityRecord$Token
06-06 03:16:28.479 W/ActivityManager( 1630): 	at com.android.server.am.ActivityRecord.forTokenLocked(ActivityRecord.java:586)
06-06 03:16:28.479 W/ActivityManager( 1630): 	at com.android.server.am.ActivityRecord.isInStackLocked(ActivityRecord.java:1327)
06-06 03:16:28.479 W/ActivityManager( 1630): 	at com.android.server.am.ActivityManagerService.getActivityOptions(ActivityManagerService.java:12559)
06-06 03:16:28.479 W/ActivityManager( 1630): 	at android.app.ActivityManagerNative.onTransact(ActivityManagerNative.java:1933)
06-06 03:16:28.479 W/ActivityManager( 1630): 	at com.android.server.am.ActivityManagerService.onTransact(ActivityManagerService.java:2757)
06-06 03:16:28.479 W/ActivityManager( 1630): 	at android.os.Binder.execTransact(Binder.java:565)
06-06 03:16:28.496 V/PhoneStatusBar( 1711): setLightsOn(true)
06-06 03:16:28.496 D/gralloc_ranchu( 1347): gralloc_alloc: Creating ashmem region of size 9023488
