--------- beginning of main
06-05 21:21:08.094 V/PhoneStatusBar( 1711): setLightsOn(true)
06-05 21:21:08.096 D/gralloc_ranchu( 1347): gralloc_alloc: Creating ashmem region of size 3145728
06-05 21:21:08.100 E/EGL_emulation( 1347): tid 1347: eglCreateSyncKHR(1901): error 0x3004 (EGL_BAD_ATTRIBUTE)
--------- beginning of system
06-05 21:21:08.109 W/ActivityManager( 1630): Finishing task with all activities already finished
06-05 21:21:08.109 W/ActivityManager( 1630): Duplicate finish request for ActivityRecord{2d025 u0 com.evancharlton.mileage/.Mileage t7488 f}
06-05 21:21:08.109 W/ActivityManager( 1630): Finishing task with all activities already finished
06-05 21:21:08.109 W/ActivityManager( 1630): Duplicate finish request for ActivityRecord{2d025 u0 com.evancharlton.mileage/.Mileage t7488 f}
06-05 21:21:08.109 W/ActivityManager( 1630): Finishing task with all activities already finished
06-05 21:21:08.109 W/ActivityManager( 1630): Duplicate finish request for ActivityRecord{2d025 u0 com.evancharlton.mileage/.Mileage t7488 f}
06-05 21:21:08.110 W/ActivityManager( 1630): Finishing task with all activities already finished
06-05 21:21:08.110 W/ActivityManager( 1630): Duplicate finish request for ActivityRecord{2d025 u0 com.evancharlton.mileage/.Mileage t7488 f}
06-05 21:21:08.110 W/ActivityManager( 1630): Finishing task with all activities already finished
06-05 21:21:08.110 W/ActivityManager( 1630): Duplicate finish request for ActivityRecord{2d025 u0 com.evancharlton.mileage/.Mileage t7488 f}
06-05 21:21:08.110 W/ActivityManager( 1630): Finishing task with all activities already finished
06-05 21:21:08.110 W/ActivityManager( 1630): Duplicate finish request for ActivityRecord{a9f167 u0 com.evancharlton.mileage/.charts.AverageDistanceChart t7488 f}
06-05 21:21:08.110 W/ActivityManager( 1630): Finishing task with all activities already finished
06-05 21:21:08.110 W/ActivityManager( 1630): Duplicate finish request for ActivityRecord{a9f167 u0 com.evancharlton.mileage/.charts.AverageDistanceChart t7488 f}
06-05 21:21:08.110 W/ActivityManager( 1630): Finishing task with all activities already finished
06-05 21:21:08.110 W/ActivityManager( 1630): Duplicate finish request for ActivityRecord{2d025 u0 com.evancharlton.mileage/.Mileage t7488 f}
06-05 21:21:08.110 W/ActivityManager( 1630): Finishing task with all activities already finished
06-05 21:21:08.110 W/ActivityManager( 1630): Duplicate finish request for ActivityRecord{2d025 u0 com.evancharlton.mileage/.Mileage t7488 f}
06-05 21:21:08.130 D/EGL_emulation( 2083): eglMakeCurrent: 0xb0f85240: ver 2 0 (tinfo 0xb0f832d0)
06-05 21:21:08.145 D/EGL_emulation( 1711): eglMakeCurrent: 0xb0f853c0: ver 2 0 (tinfo 0xb0f833e0)
06-05 21:21:08.161 D/EGL_emulation( 1711): eglMakeCurrent: 0xb0f853c0: ver 2 0 (tinfo 0xb0f833e0)
06-05 21:21:08.163 D/EGL_emulation( 1711): eglMakeCurrent: 0xb0f853c0: ver 2 0 (tinfo 0xb0f833e0)
06-05 21:21:08.178 D/EGL_emulation( 1711): eglMakeCurrent: 0xb0f853c0: ver 2 0 (tinfo 0xb0f833e0)
06-05 21:21:08.180 D/EGL_emulation( 1711): eglMakeCurrent: 0xb0f853c0: ver 2 0 (tinfo 0xb0f833e0)
06-05 21:21:08.194 D/EGL_emulation( 1711): eglMakeCurrent: 0xb0f853c0: ver 2 0 (tinfo 0xb0f833e0)
06-05 21:21:08.196 D/EGL_emulation( 1711): eglMakeCurrent: 0xb0f853c0: ver 2 0 (tinfo 0xb0f833e0)
06-05 21:21:08.211 D/EGL_emulation( 1711): eglMakeCurrent: 0xb0f853c0: ver 2 0 (tinfo 0xb0f833e0)
06-05 21:21:08.213 D/EGL_emulation( 1711): eglMakeCurrent: 0xb0f853c0: ver 2 0 (tinfo 0xb0f833e0)
06-05 21:21:08.227 D/EGL_emulation( 1711): eglMakeCurrent: 0xb0f853c0: ver 2 0 (tinfo 0xb0f833e0)
06-05 21:21:08.229 D/EGL_emulation( 1711): eglMakeCurrent: 0xb0f853c0: ver 2 0 (tinfo 0xb0f833e0)
06-05 21:21:08.230 D/AndroidRuntime( 9043): >>>>>> START com.android.internal.os.RuntimeInit uid 2000 <<<<<<
06-05 21:21:08.231 D/AndroidRuntime( 9043): CheckJNI is ON
06-05 21:21:08.242 W/art     ( 9043): Unexpected CPU variant for X86 using defaults: x86
06-05 21:21:08.244 D/ICU     ( 9043): No timezone override file found: /data/misc/zoneinfo/current/icu/icu_tzdata.dat
06-05 21:21:08.244 D/EGL_emulation( 1711): eglMakeCurrent: 0xb0f853c0: ver 2 0 (tinfo 0xb0f833e0)
06-05 21:21:08.246 D/EGL_emulation( 1711): eglMakeCurrent: 0xb0f853c0: ver 2 0 (tinfo 0xb0f833e0)
06-05 21:21:08.252 E/memtrack( 9043): Couldn't load memtrack module (No such file or directory)
06-05 21:21:08.252 E/android.os.Debug( 9043): failed to load memtrack module: -2
06-05 21:21:08.252 I/Radio-JNI( 9043): register_android_hardware_Radio DONE
06-05 21:21:08.257 D/AndroidRuntime( 9043): Calling main entry com.android.commands.am.Am
06-05 21:21:08.258 I/ActivityManager( 1630): Force stopping com.evancharlton.mileage appid=10286 user=0: start instr
06-05 21:21:08.258 I/ActivityManager( 1630): Killing 8998:com.evancharlton.mileage/u0a286 (adj 0): stop com.evancharlton.mileage
06-05 21:21:08.258 D/ActivityManager( 1630): cleanUpApplicationRecord -- 8998
06-05 21:21:08.258 W/ActivityManager( 1630): Crash of app com.evancharlton.mileage running instrumentation ComponentInfo{com.evancharlton.mileage.test/sh.calaba.instrumentationbackend.CalabashInstrumentationTestRunner}
06-05 21:21:08.258 I/ActivityManager( 1630): Force stopping com.evancharlton.mileage appid=10286 user=0: finished inst
06-05 21:21:08.261 D/EGL_emulation( 1711): eglMakeCurrent: 0xb0f853c0: ver 2 0 (tinfo 0xb0f833e0)
06-05 21:21:08.262 I/art     ( 9053): Not late-enabling -Xcheck:jni (already on)
06-05 21:21:08.262 W/art     ( 9053): Unexpected CPU variant for X86 using defaults: x86
06-05 21:21:08.263 D/EGL_emulation( 1711): eglMakeCurrent: 0xb0f853c0: ver 2 0 (tinfo 0xb0f833e0)
06-05 21:21:08.269 I/ActivityManager( 1630): Start proc 9053:com.evancharlton.mileage/u0a286 for added application com.evancharlton.mileage
06-05 21:21:08.269 D/AndroidRuntime( 9043): Shutting down VM
06-05 21:21:08.274 W/System  ( 9053): ClassLoader referenced unknown path: /data/app/com.evancharlton.mileage.test-1/lib/x86
06-05 21:21:08.274 W/System  ( 9053): ClassLoader referenced unknown path: /data/app/com.evancharlton.mileage-1/lib/x86
06-05 21:21:08.276 W/System  ( 9053): ClassLoader referenced unknown path: 
06-05 21:21:08.278 D/EGL_emulation( 1711): eglMakeCurrent: 0xb0f853c0: ver 2 0 (tinfo 0xb0f833e0)
06-05 21:21:08.280 D/EGL_emulation( 1711): eglMakeCurrent: 0xb0f853c0: ver 2 0 (tinfo 0xb0f833e0)
06-05 21:21:08.281 I/System.out( 9053): Main activity name automatically set to: com.evancharlton.mileage.Mileage
06-05 21:21:08.281 I/System.out( 9053): Calabash did not load Mono. This is only a problem if you are trying to test a Mono application
06-05 21:21:08.281 I/calabash( 9053): Test server port: 7102
06-05 21:21:08.282 I/InstrumentationBackend( 9053): Added:'GetPreferences', with key:'get_preferences'
06-05 21:21:08.286 I/InstrumentationBackend( 9053): Added:'SetPreferences', with key:'set_preferences'
06-05 21:21:08.286 I/InstrumentationBackend( 9053): Added:'ClearPreferences', with key:'clear_preferences'
06-05 21:21:08.286 I/InstrumentationBackend( 9053): Added:'PressElement', with key:'press_l10n_element'
06-05 21:21:08.286 I/InstrumentationBackend( 9053): Added:'WaitForElement', with key:'wait_for_l10n_element'
06-05 21:21:08.286 I/InstrumentationBackend( 9053): Added:'NullAction', with key:'nullAction'
06-05 21:21:08.286 I/InstrumentationBackend( 9053): Added:'PressKey', with key:'press_key'
06-05 21:21:08.286 I/InstrumentationBackend( 9053): Added:'SetActivityOrientation', with key:'set_activity_orientation'
06-05 21:21:08.286 I/InstrumentationBackend( 9053): Added:'GetActivityOrientation', with key:'get_activity_orientation'
06-05 21:21:08.287 I/InstrumentationBackend( 9053): Added:'FakeGPSLocation', with key:'set_gps_coordinates'
06-05 21:21:08.287 I/InstrumentationBackend( 9053): Added:'SetPropertyByCssSelector', with key:'set_property_by_css_selector'
06-05 21:21:08.287 I/InstrumentationBackend( 9053): Added:'GetUrl', with key:'get_url'
06-05 21:21:08.287 I/InstrumentationBackend( 9053): Added:'ScrollTo', with key:'scroll_to'
06-05 21:21:08.287 I/InstrumentationBackend( 9053): Added:'GetLoadProgress', with key:'get_load_progress'
06-05 21:21:08.287 I/InstrumentationBackend( 9053): Added:'DumpHtml', with key:'dump_html'
06-05 21:21:08.287 I/InstrumentationBackend( 9053): Added:'DumpBodyHtml', with key:'dump_body_html'
06-05 21:21:08.287 I/InstrumentationBackend( 9053): Added:'EnterTextByCssSelector', with key:'enter_text_by_selector'
06-05 21:21:08.288 I/InstrumentationBackend( 9053): Added:'AndroidSDKVersion', with key:'android_sdk_version'
06-05 21:21:08.288 I/InstrumentationBackend( 9053): Added:'Version', with key:'version'
06-05 21:21:08.288 I/InstrumentationBackend( 9053): Added:'Drag', with key:'drag'
06-05 21:21:08.288 I/InstrumentationBackend( 9053): Added:'TouchCoordinates', with key:'touch_coordinate'
06-05 21:21:08.288 I/InstrumentationBackend( 9053): Added:'LongPressCoordinate', with key:'long_press_coordinate'
06-05 21:21:08.288 I/InstrumentationBackend( 9053): Added:'DragCoordinates', with key:'drag_coordinates'
06-05 21:21:08.288 I/InstrumentationBackend( 9053): Added:'ResumeApplication', with key:'resume_application'
06-05 21:21:08.288 I/InstrumentationBackend( 9053): Added:'Swipe', with key:'swipe'
06-05 21:21:08.288 I/InstrumentationBackend( 9053): Added:'DoubleTapCoordinate', with key:'double_tap_coordinate'
06-05 21:21:08.288 I/InstrumentationBackend( 9053): Added:'ClickOnScreen', with key:'click_on_screen'
06-05 21:21:08.288 I/InstrumentationBackend( 9053): Added:'GetActivityName', with key:'get_activity_name'
06-05 21:21:08.288 I/InstrumentationBackend( 9053): Added:'ScrollToView', with key:'scroll_to_view'
06-05 21:21:08.288 I/InstrumentationBackend( 9053): Added:'ViewConfiguration', with key:'view_configuration'
06-05 21:21:08.288 I/InstrumentationBackend( 9053): Added:'IsCurrentActivityFocused', with key:'is_current_activity_focused'
06-05 21:21:08.288 I/InstrumentationBackend( 9053): Added:'SendTcp', with key:'send_tcp'
06-05 21:21:08.288 I/InstrumentationBackend( 9053): Added:'DpToDevicePixel', with key:'dp_to_device_pixel'
06-05 21:21:08.288 I/InstrumentationBackend( 9053): Added:'KeyboardEnterText', with key:'keyboard_enter_text'
06-05 21:21:08.288 I/InstrumentationBackend( 9053): Added:'DeleteSurroundingText', with key:'delete_surrounding_text'
06-05 21:21:08.288 I/InstrumentationBackend( 9053): Added:'SetComposingRegion', with key:'set_composing_region'
06-05 21:21:08.289 I/InstrumentationBackend( 9053): Added:'SetSelection', with key:'set_selection'
06-05 21:21:08.289 I/InstrumentationBackend( 9053): Added:'KeyboardKeyEvent', with key:'keyboard_key_event'
06-05 21:21:08.289 I/InstrumentationBackend( 9053): Added:'PressUserActionButton', with key:'press_user_action_button'
06-05 21:21:08.289 I/InstrumentationBackend( 9053): Added:'HideSoftKeyboard', with key:'hide_soft_keyboard'
06-05 21:21:08.289 I/InstrumentationBackend( 9053): Added:'ListActions', with key:'list_actions'
06-05 21:21:08.289 I/calabash( 9053): Instantiating http server at 7102
06-05 21:21:08.289 I/System.out( 9053): HTTP Daemon listening on: 7102
06-05 21:21:08.294 D/EGL_emulation( 1711): eglMakeCurrent: 0xb0f853c0: ver 2 0 (tinfo 0xb0f833e0)
06-05 21:21:08.296 D/EGL_emulation( 1711): eglMakeCurrent: 0xb0f853c0: ver 2 0 (tinfo 0xb0f833e0)
06-05 21:21:08.311 D/EGL_emulation( 1711): eglMakeCurrent: 0xb0f853c0: ver 2 0 (tinfo 0xb0f833e0)
06-05 21:21:08.313 D/EGL_emulation( 1711): eglMakeCurrent: 0xb0f853c0: ver 2 0 (tinfo 0xb0f833e0)
06-05 21:21:08.328 D/EGL_emulation( 1711): eglMakeCurrent: 0xb0f853c0: ver 2 0 (tinfo 0xb0f833e0)
06-05 21:21:08.329 D/EGL_emulation( 1711): eglMakeCurrent: 0xb0f853c0: ver 2 0 (tinfo 0xb0f833e0)
06-05 21:21:08.338 I/WindowManager( 1630): WIN DEATH: Window{a007938 u0 com.evancharlton.mileage/com.evancharlton.mileage.Mileage EXITING}
06-05 21:21:08.338 W/InputDispatcher( 1630): channel '1f8eab9 com.evancharlton.mileage/com.evancharlton.mileage.charts.AverageDistanceChart (server)' ~ Consumer closed input channel or an error occurred.  events=0x9
06-05 21:21:08.338 E/InputDispatcher( 1630): channel '1f8eab9 com.evancharlton.mileage/com.evancharlton.mileage.charts.AverageDistanceChart (server)' ~ Channel is unrecoverably broken and will be disposed!
06-05 21:21:08.339 I/WindowManager( 1630): WIN DEATH: Window{1f8eab9 u0 com.evancharlton.mileage/com.evancharlton.mileage.charts.AverageDistanceChart}
06-05 21:21:08.339 W/InputDispatcher( 1630): Attempted to unregister already unregistered input channel '1f8eab9 com.evancharlton.mileage/com.evancharlton.mileage.charts.AverageDistanceChart (server)'
06-05 21:21:08.339 I/WindowManager( 1630): Destroying surface Surface(name=com.evancharlton.mileage/com.evancharlton.mileage.charts.AverageDistanceChart) called by com.android.server.wm.WindowStateAnimator.destroySurface:2016 com.android.server.wm.WindowStateAnimator.destroySurfaceLocked:882 com.android.server.wm.WindowState.removeLocked:1456 com.android.server.wm.WindowManagerService.removeWindowInnerLocked:2484 com.android.server.wm.WindowManagerService.removeWindowLocked:2442 com.android.server.wm.WindowState$DeathRecipient.binderDied:1787 android.os.BinderProxy.sendDeathNotice:688 <bottom of call stack> 
06-05 21:21:08.351 D/EGL_emulation( 1711): eglMakeCurrent: 0xb0f853c0: ver 2 0 (tinfo 0xb0f833e0)
06-05 21:21:08.361 D/EGL_emulation( 1711): eglMakeCurrent: 0xb0f853c0: ver 2 0 (tinfo 0xb0f833e0)
06-05 21:21:08.362 D/EGL_emulation( 1711): eglMakeCurrent: 0xb0f853c0: ver 2 0 (tinfo 0xb0f833e0)
06-05 21:21:08.380 I/System.out( 9053): URI: //ping
06-05 21:21:08.380 I/System.out( 9053): params: {json={}
06-05 21:21:08.380 I/System.out( 9053): }
06-05 21:21:08.383 I/System.out( 9053): URI: //ping
06-05 21:21:08.383 I/System.out( 9053): params: {json={}
06-05 21:21:08.383 I/System.out( 9053): }
06-05 21:21:08.385 I/System.out( 9053): URI: //ready
06-05 21:21:08.385 I/System.out( 9053): params: {json={}
06-05 21:21:08.385 I/System.out( 9053): }
06-05 21:21:08.387 I/System.out( 9053): URI: //
06-05 21:21:08.387 I/System.out( 9053): params: {json={"command":"version","arguments":[]}
06-05 21:21:08.387 I/System.out( 9053): }
06-05 21:21:08.387 I/System.out( 9053): header: {content-type=application/json;charset=utf-8, date=Sat, 06 Jun 2020 02:21:08 GMT, accept=*/*, host=127.0.0.1:34777, content-length=36, user-agent=HTTPClient/1.0 (2.8.3, ruby 2.5.1 (2018-03-29))}
06-05 21:21:08.387 I/System.out( 9053): params: {json={"command":"version","arguments":[]}
06-05 21:21:08.387 I/System.out( 9053): }
06-05 21:21:08.387 I/System.out( 9053): ProP json = {"command":"version","arguments":[]}
06-05 21:21:08.387 I/System.out( 9053): files: {}
06-05 21:21:08.387 I/System.out( 9053): command: {"command":"version","arguments":[]}
06-05 21:21:08.390 I/InstrumentationBackend( 9053): Got command:'Command:'Line:null,version', arguments:'[]'
06-05 21:21:08.396 I/System.out( 9053): result:{"bonusInformation":[],"message":"0.9.8","success":true}
06-05 21:21:08.398 I/System.out( 9053): URI: //start-application
06-05 21:21:08.398 I/System.out( 9053): params: {json={"intent":null}
06-05 21:21:08.398 I/System.out( 9053): }
06-05 21:21:08.406 I/ActivityManager( 1630): START u0 {act=android.intent.action.MAIN cat=[android.intent.category.LAUNCHER] flg=0x10200000 cmp=com.evancharlton.mileage/.Mileage} from uid 10286 on display 0
06-05 21:21:08.412 I/calabash( 9053): newActivity1
06-05 21:21:08.424 I/calabash( 9053): newActivity1
06-05 21:21:08.425 W/ActivityManager( 1630): Bad activity token: android.os.BinderProxy@424d2e0
06-05 21:21:08.425 W/ActivityManager( 1630): java.lang.ClassCastException: android.os.BinderProxy cannot be cast to com.android.server.am.ActivityRecord$Token
06-05 21:21:08.425 W/ActivityManager( 1630): 	at com.android.server.am.ActivityRecord.forTokenLocked(ActivityRecord.java:586)
06-05 21:21:08.425 W/ActivityManager( 1630): 	at com.android.server.am.ActivityRecord.isInStackLocked(ActivityRecord.java:1327)
06-05 21:21:08.425 W/ActivityManager( 1630): 	at com.android.server.am.ActivityRecord.getStackLocked(ActivityRecord.java:1332)
06-05 21:21:08.425 W/ActivityManager( 1630): 	at com.android.server.am.ActivityManagerService.getActivityDisplayId(ActivityManagerService.java:9806)
06-05 21:21:08.425 W/ActivityManager( 1630): 	at android.app.ActivityManagerNative.onTransact(ActivityManagerNative.java:2566)
06-05 21:21:08.425 W/ActivityManager( 1630): 	at com.android.server.am.ActivityManagerService.onTransact(ActivityManagerService.java:2757)
06-05 21:21:08.425 W/ActivityManager( 1630): 	at android.os.Binder.execTransact(Binder.java:565)
06-05 21:21:08.426 W/ActivityManager( 1630): Bad activity token: android.os.BinderProxy@424d2e0
06-05 21:21:08.426 W/ActivityManager( 1630): java.lang.ClassCastException: android.os.BinderProxy cannot be cast to com.android.server.am.ActivityRecord$Token
06-05 21:21:08.426 W/ActivityManager( 1630): 	at com.android.server.am.ActivityRecord.forTokenLocked(ActivityRecord.java:586)
06-05 21:21:08.426 W/ActivityManager( 1630): 	at com.android.server.am.ActivityRecord.isInStackLocked(ActivityRecord.java:1327)
06-05 21:21:08.426 W/ActivityManager( 1630): 	at com.android.server.am.ActivityManagerService.setTaskDescription(ActivityManagerService.java:9358)
06-05 21:21:08.426 W/ActivityManager( 1630): 	at android.app.ActivityManagerNative.onTransact(ActivityManagerNative.java:2639)
06-05 21:21:08.426 W/ActivityManager( 1630): 	at com.android.server.am.ActivityManagerService.onTransact(ActivityManagerService.java:2757)
06-05 21:21:08.426 W/ActivityManager( 1630): 	at android.os.Binder.execTransact(Binder.java:565)
06-05 21:21:08.426 W/ActivityManager( 1630): Bad activity token: android.os.BinderProxy@424d2e0
06-05 21:21:08.426 W/ActivityManager( 1630): java.lang.ClassCastException: android.os.BinderProxy cannot be cast to com.android.server.am.ActivityRecord$Token
06-05 21:21:08.426 W/ActivityManager( 1630): 	at com.android.server.am.ActivityRecord.forTokenLocked(ActivityRecord.java:586)
06-05 21:21:08.426 W/ActivityManager( 1630): 	at com.android.server.am.ActivityRecord.isInStackLocked(ActivityRecord.java:1327)
06-05 21:21:08.426 W/ActivityManager( 1630): 	at com.android.server.am.ActivityRecord.getStackLocked(ActivityRecord.java:1332)
06-05 21:21:08.426 W/ActivityManager( 1630): 	at com.android.server.am.ActivityManagerService.getActivityStackId(ActivityManagerService.java:9817)
06-05 21:21:08.426 W/ActivityManager( 1630): 	at android.app.ActivityManagerNative.onTransact(ActivityManagerNative.java:2856)
06-05 21:21:08.426 W/ActivityManager( 1630): 	at com.android.server.am.ActivityManagerService.onTransact(ActivityManagerService.java:2757)
06-05 21:21:08.426 W/ActivityManager( 1630): 	at android.os.Binder.execTransact(Binder.java:565)
06-05 21:21:08.428 D/gralloc_ranchu( 1347): gralloc_alloc: Creating ashmem region of size 9023488
06-05 21:21:08.443 W/ActivityManager( 1630): Bad activity token: android.os.BinderProxy@424d2e0
06-05 21:21:08.443 W/ActivityManager( 1630): java.lang.ClassCastException: android.os.BinderProxy cannot be cast to com.android.server.am.ActivityRecord$Token
06-05 21:21:08.443 W/ActivityManager( 1630): 	at com.android.server.am.ActivityRecord.forTokenLocked(ActivityRecord.java:586)
06-05 21:21:08.443 W/ActivityManager( 1630): 	at com.android.server.am.ActivityRecord.isInStackLocked(ActivityRecord.java:1327)
06-05 21:21:08.443 W/ActivityManager( 1630): 	at com.android.server.am.ActivityManagerService.getActivityOptions(ActivityManagerService.java:12559)
06-05 21:21:08.443 W/ActivityManager( 1630): 	at android.app.ActivityManagerNative.onTransact(ActivityManagerNative.java:1933)
06-05 21:21:08.443 W/ActivityManager( 1630): 	at com.android.server.am.ActivityManagerService.onTransact(ActivityManagerService.java:2757)
06-05 21:21:08.443 W/ActivityManager( 1630): 	at android.os.Binder.execTransact(Binder.java:565)
06-05 21:21:08.443 W/ActivityManager( 1630): Bad activity token: android.os.BinderProxy@424d2e0
06-05 21:21:08.443 W/ActivityManager( 1630): java.lang.ClassCastException: android.os.BinderProxy cannot be cast to com.android.server.am.ActivityRecord$Token
06-05 21:21:08.443 W/ActivityManager( 1630): 	at com.android.server.am.ActivityRecord.forTokenLocked(ActivityRecord.java:586)
06-05 21:21:08.443 W/ActivityManager( 1630): 	at com.android.server.am.ActivityRecord.isInStackLocked(ActivityRecord.java:1327)
06-05 21:21:08.443 W/ActivityManager( 1630): 	at com.android.server.am.ActivityManagerService.getActivityOptions(ActivityManagerService.java:12559)
06-05 21:21:08.443 W/ActivityManager( 1630): 	at android.app.ActivityManagerNative.onTransact(ActivityManagerNative.java:1933)
06-05 21:21:08.443 W/ActivityManager( 1630): 	at com.android.server.am.ActivityManagerService.onTransact(ActivityManagerService.java:2757)
06-05 21:21:08.443 W/ActivityManager( 1630): 	at android.os.Binder.execTransact(Binder.java:565)
06-05 21:21:08.459 V/PhoneStatusBar( 1711): setLightsOn(true)
06-05 21:21:08.461 D/EGL_emulation( 2083): eglMakeCurrent: 0xb0f85240: ver 2 0 (tinfo 0xb0f832d0)
06-05 21:21:08.463 D/EGL_emulation( 1711): eglMakeCurrent: 0xb0f853c0: ver 2 0 (tinfo 0xb0f833e0)
06-05 21:21:08.477 D/gralloc_ranchu( 1347): gralloc_alloc: Creating ashmem region of size 9023488
06-05 21:21:08.477 D/EGL_emulation( 1711): eglMakeCurrent: 0xb0f853c0: ver 2 0 (tinfo 0xb0f833e0)
06-05 21:21:08.483 D/        ( 9053): HostConnection::get() New Host Connection established 0x94ba84c0, tid 9053
06-05 21:21:08.484 D/EGL_emulation( 1711): eglMakeCurrent: 0xb0f853c0: ver 2 0 (tinfo 0xb0f833e0)
06-05 21:21:08.484 V/PhoneStatusBar( 1711): setLightsOn(true)
06-05 21:21:08.523 D/EGL_emulation( 1711): eglMakeCurrent: 0xb0f853c0: ver 2 0 (tinfo 0xb0f833e0)
06-05 21:21:08.525 D/EGL_emulation( 1711): eglMakeCurrent: 0xb0f853c0: ver 2 0 (tinfo 0xb0f833e0)
06-05 21:21:08.527 D/EGL_emulation( 1711): eglMakeCurrent: 0xb0f853c0: ver 2 0 (tinfo 0xb0f833e0)
06-05 21:21:08.528 D/EGL_emulation( 1711): eglMakeCurrent: 0xb0f853c0: ver 2 0 (tinfo 0xb0f833e0)
06-05 21:21:08.531 D/EGL_emulation( 1711): eglMakeCurrent: 0xb0f853c0: ver 2 0 (tinfo 0xb0f833e0)
06-05 21:21:08.544 D/EGL_emulation( 1711): eglMakeCurrent: 0xb0f853c0: ver 2 0 (tinfo 0xb0f833e0)
06-05 21:21:08.546 D/EGL_emulation( 1711): eglMakeCurrent: 0xb0f853c0: ver 2 0 (tinfo 0xb0f833e0)
06-05 21:21:08.561 D/EGL_emulation( 1711): eglMakeCurrent: 0xb0f853c0: ver 2 0 (tinfo 0xb0f833e0)
06-05 21:21:08.562 D/EGL_emulation( 1711): eglMakeCurrent: 0xb0f853c0: ver 2 0 (tinfo 0xb0f833e0)
06-05 21:21:08.564 I/WindowManager( 1630): Destroying surface Surface(name=com.evancharlton.mileage/com.evancharlton.mileage.Mileage) called by com.android.server.wm.WindowStateAnimator.destroySurface:2016 com.android.server.wm.WindowStateAnimator.destroySurfaceLocked:882 com.android.server.wm.WindowState.removeLocked:1456 com.android.server.wm.WindowManagerService.removeWindowInnerLocked:2484 com.android.server.wm.AppWindowToken.destroySurfaces:365 com.android.server.wm.WindowStateAnimator.finishExit:565 com.android.server.wm.AppWindowAnimator.stepAnimationLocked:427 com.android.server.wm.WindowAnimator.updateAppWindowsLocked:196 
06-05 21:21:08.578 I/ActivityManager( 1630): Displayed com.evancharlton.mileage/.Mileage: +168ms
06-05 21:21:08.578 D/EGL_emulation( 1711): eglMakeCurrent: 0xb0f853c0: ver 2 0 (tinfo 0xb0f833e0)
06-05 21:21:08.578 D/gralloc_ranchu( 1347): gralloc_alloc: Creating ashmem region of size 9023488
06-05 21:21:08.591 D/EGL_emulation( 1711): eglMakeCurrent: 0xb0f853c0: ver 2 0 (tinfo 0xb0f833e0)
06-05 21:21:08.594 D/EGL_emulation( 1711): eglMakeCurrent: 0xb0f853c0: ver 2 0 (tinfo 0xb0f833e0)
06-05 21:21:08.602 D/EGL_emulation( 1711): eglMakeCurrent: 0xb0f853c0: ver 2 0 (tinfo 0xb0f833e0)
06-05 21:21:08.614 D/EGL_emulation( 1711): eglMakeCurrent: 0xb0f853c0: ver 2 0 (tinfo 0xb0f833e0)
06-05 21:21:08.615 V/PhoneStatusBar( 1711): setLightsOn(true)
06-05 21:21:08.616 D/EGL_emulation( 1711): eglMakeCurrent: 0xb0f853c0: ver 2 0 (tinfo 0xb0f833e0)
06-05 21:21:08.628 D/EGL_emulation( 1711): eglMakeCurrent: 0xb0f853c0: ver 2 0 (tinfo 0xb0f833e0)
06-05 21:21:08.630 D/EGL_emulation( 1711): eglMakeCurrent: 0xb0f853c0: ver 2 0 (tinfo 0xb0f833e0)
06-05 21:21:08.635 I/System.out( 9053): URI: //map
06-05 21:21:08.635 I/System.out( 9053): params: {json={"query":"* marked:'Statistics'","operation":{"method_name":"query","arguments":[]}}
06-05 21:21:08.635 I/System.out( 9053): }
06-05 21:21:08.645 D/EGL_emulation( 1711): eglMakeCurrent: 0xb0f853c0: ver 2 0 (tinfo 0xb0f833e0)
06-05 21:21:08.647 D/EGL_emulation( 1711): eglMakeCurrent: 0xb0f853c0: ver 2 0 (tinfo 0xb0f833e0)
06-05 21:21:08.650 W/ResourceType( 9053): No package identifier when getting name for resource number 0x00000001
06-05 21:21:08.661 D/EGL_emulation( 1711): eglMakeCurrent: 0xb0f853c0: ver 2 0 (tinfo 0xb0f833e0)
06-05 21:21:08.663 D/EGL_emulation( 1711): eglMakeCurrent: 0xb0f853c0: ver 2 0 (tinfo 0xb0f833e0)
06-05 21:21:08.663 I/System.out( 9053): URI: //gesture
06-05 21:21:08.663 I/System.out( 9053): params: {json={"query_timeout":5.0,"gestures":[{"query_string":"* marked:'Statistics'","touches":[{"x":50,"y":50,"offset_x":0,"offset_y":0,"wait":0.0,"time":0.2,"release":true,"query_string":null}]}]}
06-05 21:21:08.663 I/System.out( 9053): }
06-05 21:21:08.668 W/ResourceType( 9053): No package identifier when getting name for resource number 0x00000001
06-05 21:21:08.678 D/EGL_emulation( 1711): eglMakeCurrent: 0xb0f853c0: ver 2 0 (tinfo 0xb0f833e0)
06-05 21:21:08.690 D/EGL_emulation( 1711): eglMakeCurrent: 0xb0f853c0: ver 2 0 (tinfo 0xb0f833e0)
06-05 21:21:08.777 I/WindowManager( 1630): Destroying surface Surface(name=Starting com.evancharlton.mileage) called by com.android.server.wm.WindowStateAnimator.destroySurface:2016 com.android.server.wm.WindowStateAnimator.destroySurfaceLocked:882 com.android.server.wm.WindowState.destroyOrSaveSurface:2100 com.android.server.wm.AppWindowToken.destroySurfaces:363 com.android.server.wm.WindowStateAnimator.finishExit:565 com.android.server.wm.WindowStateAnimator.stepAnimationLocked:491 com.android.server.wm.WindowAnimator.updateWindowsLocked:303 com.android.server.wm.WindowAnimator.animateLocked:704 
06-05 21:21:08.779 V/PhoneStatusBar( 1711): setLightsOn(true)
06-05 21:21:08.811 V/PhoneStatusBar( 1711): setLightsOn(true)
06-05 21:21:08.896 I/calabash( 9053): newActivity1
06-05 21:21:08.907 W/ActivityManager( 1630): Bad activity token: android.os.BinderProxy@269910e
06-05 21:21:08.907 W/ActivityManager( 1630): java.lang.ClassCastException: android.os.BinderProxy cannot be cast to com.android.server.am.ActivityRecord$Token
06-05 21:21:08.907 W/ActivityManager( 1630): 	at com.android.server.am.ActivityRecord.forTokenLocked(ActivityRecord.java:586)
06-05 21:21:08.907 W/ActivityManager( 1630): 	at com.android.server.am.ActivityRecord.isInStackLocked(ActivityRecord.java:1327)
06-05 21:21:08.907 W/ActivityManager( 1630): 	at com.android.server.am.ActivityRecord.getStackLocked(ActivityRecord.java:1332)
06-05 21:21:08.907 W/ActivityManager( 1630): 	at com.android.server.am.ActivityManagerService.getActivityDisplayId(ActivityManagerService.java:9806)
06-05 21:21:08.907 W/ActivityManager( 1630): 	at android.app.ActivityManagerNative.onTransact(ActivityManagerNative.java:2566)
06-05 21:21:08.907 W/ActivityManager( 1630): 	at com.android.server.am.ActivityManagerService.onTransact(ActivityManagerService.java:2757)
06-05 21:21:08.907 W/ActivityManager( 1630): 	at android.os.Binder.execTransact(Binder.java:565)
06-05 21:21:08.908 I/System.out( 9053): URI: //map
06-05 21:21:08.908 I/System.out( 9053): params: {json={"query":"* marked:'Minimum distance'","operation":{"method_name":"query","arguments":[]}}
06-05 21:21:08.908 I/System.out( 9053): }
06-05 21:21:08.908 W/ActivityManager( 1630): Bad activity token: android.os.BinderProxy@269910e
06-05 21:21:08.908 W/ActivityManager( 1630): java.lang.ClassCastException: android.os.BinderProxy cannot be cast to com.android.server.am.ActivityRecord$Token
06-05 21:21:08.908 W/ActivityManager( 1630): 	at com.android.server.am.ActivityRecord.forTokenLocked(ActivityRecord.java:586)
06-05 21:21:08.908 W/ActivityManager( 1630): 	at com.android.server.am.ActivityRecord.isInStackLocked(ActivityRecord.java:1327)
06-05 21:21:08.908 W/ActivityManager( 1630): 	at com.android.server.am.ActivityManagerService.setTaskDescription(ActivityManagerService.java:9358)
06-05 21:21:08.908 W/ActivityManager( 1630): 	at android.app.ActivityManagerNative.onTransact(ActivityManagerNative.java:2639)
06-05 21:21:08.908 W/ActivityManager( 1630): 	at com.android.server.am.ActivityManagerService.onTransact(ActivityManagerService.java:2757)
06-05 21:21:08.908 W/ActivityManager( 1630): 	at android.os.Binder.execTransact(Binder.java:565)
06-05 21:21:08.909 W/ActivityManager( 1630): Bad activity token: android.os.BinderProxy@269910e
06-05 21:21:08.909 W/ActivityManager( 1630): java.lang.ClassCastException: android.os.BinderProxy cannot be cast to com.android.server.am.ActivityRecord$Token
06-05 21:21:08.909 W/ActivityManager( 1630): 	at com.android.server.am.ActivityRecord.forTokenLocked(ActivityRecord.java:586)
06-05 21:21:08.909 W/ActivityManager( 1630): 	at com.android.server.am.ActivityRecord.isInStackLocked(ActivityRecord.java:1327)
06-05 21:21:08.909 W/ActivityManager( 1630): 	at com.android.server.am.ActivityRecord.getStackLocked(ActivityRecord.java:1332)
06-05 21:21:08.909 W/ActivityManager( 1630): 	at com.android.server.am.ActivityManagerService.getActivityStackId(ActivityManagerService.java:9817)
06-05 21:21:08.909 W/ActivityManager( 1630): 	at android.app.ActivityManagerNative.onTransact(ActivityManagerNative.java:2856)
06-05 21:21:08.909 W/ActivityManager( 1630): 	at com.android.server.am.ActivityManagerService.onTransact(ActivityManagerService.java:2757)
06-05 21:21:08.909 W/ActivityManager( 1630): 	at android.os.Binder.execTransact(Binder.java:565)
06-05 21:21:08.918 D/VehicleStatisticsActivity( 9053): Checking recalculation ...
06-05 21:21:08.919 D/VehicleStatisticsActivity( 9053): Recalculation not necessary.
06-05 21:21:08.927 V/PhoneStatusBar( 1711): setLightsOn(true)
06-05 21:21:08.927 W/ActivityManager( 1630): Bad activity token: android.os.BinderProxy@269910e
06-05 21:21:08.927 W/ActivityManager( 1630): java.lang.ClassCastException: android.os.BinderProxy cannot be cast to com.android.server.am.ActivityRecord$Token
06-05 21:21:08.927 W/ActivityManager( 1630): 	at com.android.server.am.ActivityRecord.forTokenLocked(ActivityRecord.java:586)
06-05 21:21:08.927 W/ActivityManager( 1630): 	at com.android.server.am.ActivityRecord.isInStackLocked(ActivityRecord.java:1327)
06-05 21:21:08.927 W/ActivityManager( 1630): 	at com.android.server.am.ActivityManagerService.getActivityOptions(ActivityManagerService.java:12559)
06-05 21:21:08.927 W/ActivityManager( 1630): 	at android.app.ActivityManagerNative.onTransact(ActivityManagerNative.java:1933)
06-05 21:21:08.927 W/ActivityManager( 1630): 	at com.android.server.am.ActivityManagerService.onTransact(ActivityManagerService.java:2757)
06-05 21:21:08.927 W/ActivityManager( 1630): 	at android.os.Binder.execTransact(Binder.java:565)
06-05 21:21:08.928 W/ActivityManager( 1630): Bad activity token: android.os.BinderProxy@269910e
06-05 21:21:08.928 W/ActivityManager( 1630): java.lang.ClassCastException: android.os.BinderProxy cannot be cast to com.android.server.am.ActivityRecord$Token
06-05 21:21:08.928 W/ActivityManager( 1630): 	at com.android.server.am.ActivityRecord.forTokenLocked(ActivityRecord.java:586)
06-05 21:21:08.928 W/ActivityManager( 1630): 	at com.android.server.am.ActivityRecord.isInStackLocked(ActivityRecord.java:1327)
06-05 21:21:08.928 W/ActivityManager( 1630): 	at com.android.server.am.ActivityManagerService.getActivityOptions(ActivityManagerService.java:12559)
06-05 21:21:08.928 W/ActivityManager( 1630): 	at android.app.ActivityManagerNative.onTransact(ActivityManagerNative.java:1933)
06-05 21:21:08.928 W/ActivityManager( 1630): 	at com.android.server.am.ActivityManagerService.onTransact(ActivityManagerService.java:2757)
06-05 21:21:08.928 W/ActivityManager( 1630): 	at android.os.Binder.execTransact(Binder.java:565)
06-05 21:21:08.929 D/VehicleStatisticsActivity( 9053): Checking recalculation ...
06-05 21:21:08.930 D/VehicleStatisticsActivity( 9053): Recalculation not necessary.
06-05 21:21:09.055 W/ResourceType( 9053): No package identifier when getting name for resource number 0x00000001
06-05 21:21:09.056 I/art     ( 9053): Do partial code cache collection, code=30KB, data=29KB
06-05 21:21:09.056 I/art     ( 9053): After code cache collection, code=29KB, data=29KB
06-05 21:21:09.056 I/art     ( 9053): Increasing code cache capacity to 128KB
06-05 21:21:09.068 I/System.out( 9053): URI: //gesture
06-05 21:21:09.068 I/System.out( 9053): params: {json={"query_timeout":5.0,"gestures":[{"query_string":"* marked:'Minimum distance'","touches":[{"x":50,"y":50,"offset_x":0,"offset_y":0,"wait":0.0,"time":0.2,"release":true,"query_string":null}]}]}
06-05 21:21:09.068 I/System.out( 9053): }
06-05 21:21:09.073 W/ResourceType( 9053): No package identifier when getting name for resource number 0x00000001
06-05 21:21:09.216 V/PhoneStatusBar( 1711): setLightsOn(true)
06-05 21:21:09.217 W/OpenGLRenderer( 2083): Incorrectly called buildLayer on View: ShortcutAndWidgetContainer, destroying layer...
06-05 21:21:09.221 V/PhoneStatusBar( 1711): setLightsOn(true)
06-05 21:21:09.248 I/WindowManager( 1630): Destroying surface Surface(name=com.android.launcher3/com.android.launcher3.Launcher) called by com.android.server.wm.WindowStateAnimator.destroySurface:2016 com.android.server.wm.WindowStateAnimator.destroySurfaceLocked:882 com.android.server.wm.WindowState.destroyOrSaveSurface:2100 com.android.server.wm.AppWindowToken.destroySurfaces:363 com.android.server.wm.AppWindowToken.notifyAppStopped:389 com.android.server.wm.WindowManagerService.notifyAppStopped:4463 com.android.server.am.ActivityStack.activityStoppedLocked:1252 com.android.server.am.ActivityManagerService.activityStopped:6903 
06-05 21:21:09.250 V/PhoneStatusBar( 1711): setLightsOn(true)
06-05 21:21:09.314 I/ActivityManager( 1630): START u0 {cmp=com.evancharlton.mileage/.charts.MinimumDistanceChart (has extras)} from uid 10286 on display 0
06-05 21:21:09.317 V/PhoneStatusBar( 1711): setLightsOn(true)
06-05 21:21:09.320 V/PhoneStatusBar( 1711): setLightsOn(true)
06-05 21:21:09.360 I/System.out( 9053): URI: //map
06-05 21:21:09.360 I/System.out( 9053): params: {json={"query":"* {text CONTAINS[c] 'Minimum distance between fillups'}","operation":{"method_name":"query","arguments":[]}}
06-05 21:21:09.360 I/System.out( 9053): }
06-05 21:21:09.421 I/calabash( 9053): newActivity1
06-05 21:21:09.434 W/aiCharts( 9053): License file is invalid or missing. 
06-05 21:21:09.434 W/aiCharts( 9053): Please place proper license.lic to /assets folder.
06-05 21:21:09.495 V/PhoneStatusBar( 1711): setLightsOn(true)
06-05 21:21:09.527 V/PhoneStatusBar( 1711): setLightsOn(true)
06-05 21:21:09.534 I/WindowManager( 1630): Destroying surface Surface(name=Creating chart…) called by com.android.server.wm.WindowStateAnimator.destroySurface:2016 com.android.server.wm.WindowStateAnimator.destroySurfaceLocked:882 com.android.server.wm.WindowState.removeLocked:1456 com.android.server.wm.WindowManagerService.removeWindowInnerLocked:2484 com.android.server.wm.WindowManagerService.removeWindowLocked:2442 com.android.server.wm.WindowManagerService.removeWindowLocked:2311 com.android.server.wm.WindowManagerService.removeWindow:2306 com.android.server.wm.Session.remove:202 
06-05 21:21:09.537 D/gralloc_ranchu( 1347): gralloc_alloc: Creating ashmem region of size 9023488
06-05 21:21:09.544 V/PhoneStatusBar( 1711): setLightsOn(true)
06-05 21:21:09.561 V/PhoneStatusBar( 1711): setLightsOn(true)
06-05 21:21:09.577 I/ActivityManager( 1630): Displayed com.evancharlton.mileage/.charts.MinimumDistanceChart: +165ms
06-05 21:21:09.578 V/PhoneStatusBar( 1711): setLightsOn(true)
06-05 21:21:09.594 V/PhoneStatusBar( 1711): setLightsOn(true)
06-05 21:21:09.611 V/PhoneStatusBar( 1711): setLightsOn(true)
06-05 21:21:09.795 V/PhoneStatusBar( 1711): setLightsOn(true)
06-05 21:21:09.821 I/System.out( 9053): URI: //map
06-05 21:21:09.821 I/System.out( 9053): params: {json={"query":"* {text CONTAINS[c] 'Minimum distance between fillups'}","operation":{"method_name":"query","arguments":[]}}
06-05 21:21:09.821 I/System.out( 9053): }
06-05 21:21:09.846 I/System.out( 9053): URI: //
06-05 21:21:09.846 I/System.out( 9053): params: {json={"command":"press_key","arguments":["KEYCODE_BACK"]}
06-05 21:21:09.846 I/System.out( 9053): }
06-05 21:21:09.846 I/System.out( 9053): header: {content-type=application/json;charset=utf-8, date=Sat, 06 Jun 2020 02:21:10 GMT, accept=*/*, host=127.0.0.1:34777, content-length=52, user-agent=HTTPClient/1.0 (2.8.3, ruby 2.5.1 (2018-03-29))}
06-05 21:21:09.846 I/System.out( 9053): params: {json={"command":"press_key","arguments":["KEYCODE_BACK"]}
06-05 21:21:09.846 I/System.out( 9053): }
06-05 21:21:09.846 I/System.out( 9053): ProP json = {"command":"press_key","arguments":["KEYCODE_BACK"]}
06-05 21:21:09.846 I/System.out( 9053): files: {}
06-05 21:21:09.846 I/System.out( 9053): command: {"command":"press_key","arguments":["KEYCODE_BACK"]}
06-05 21:21:09.847 I/InstrumentationBackend( 9053): Got command:'Command:'Line:null,press_key', arguments:'[KEYCODE_BACK]'
06-05 21:21:09.850 V/PhoneStatusBar( 1711): setLightsOn(true)
06-05 21:21:09.852 V/PhoneStatusBar( 1711): setLightsOn(true)
06-05 21:21:09.855 I/System.out( 9053): result:{"bonusInformation":[],"message":"","success":true}
06-05 21:21:09.855 D/VehicleStatisticsActivity( 9053): Checking recalculation ...
06-05 21:21:09.856 D/VehicleStatisticsActivity( 9053): Recalculation not necessary.
06-05 21:21:09.857 I/System.out( 9053): URI: //map
06-05 21:21:09.857 I/System.out( 9053): params: {json={"query":"* {text CONTAINS[c] 'Statistics'}","operation":{"method_name":"query","arguments":[]}}
06-05 21:21:09.857 I/System.out( 9053): }
06-05 21:21:09.860 V/PhoneStatusBar( 1711): setLightsOn(true)
06-05 21:21:09.877 D/gralloc_ranchu( 1347): gralloc_alloc: Creating ashmem region of size 9023488
06-05 21:21:09.878 V/PhoneStatusBar( 1711): setLightsOn(true)
06-05 21:21:09.894 V/PhoneStatusBar( 1711): setLightsOn(true)
06-05 21:21:09.910 V/PhoneStatusBar( 1711): setLightsOn(true)
