--------- beginning of system
06-06 03:16:51.126 W/ActivityManager( 1630): Duplicate finish request for ActivityRecord{378e91d u0 com.evancharlton.mileage/.Mileage t12696 f}
06-06 03:16:51.126 W/ActivityManager( 1630): Duplicate finish request for ActivityRecord{378e91d u0 com.evancharlton.mileage/.Mileage t12696 f}
06-06 03:16:51.126 W/ActivityManager( 1630): Duplicate finish request for ActivityRecord{378e91d u0 com.evancharlton.mileage/.Mileage t12696 f}
06-06 03:16:51.126 W/ActivityManager( 1630): Duplicate finish request for ActivityRecord{378e91d u0 com.evancharlton.mileage/.Mileage t12696 f}
06-06 03:16:51.127 W/ActivityManager( 1630): Duplicate finish request for ActivityRecord{378e91d u0 com.evancharlton.mileage/.Mileage t12696 f}
--------- beginning of main
06-06 03:16:51.127 V/PhoneStatusBar( 1711): setLightsOn(true)
06-06 03:16:51.129 W/ActivityManager( 1630): Duplicate finish request for ActivityRecord{4d5903e u0 com.evancharlton.mileage/.VehicleTypeListActivity t12696 f}
06-06 03:16:51.129 V/PhoneStatusBar( 1711): setLightsOn(true)
06-06 03:16:51.130 V/PhoneStatusBar( 1711): setLightsOn(true)
06-06 03:16:51.131 V/PhoneStatusBar( 1711): setLightsOn(true)
06-06 03:16:51.149 D/gralloc_ranchu( 1347): gralloc_alloc: Creating ashmem region of size 3145728
06-06 03:16:51.155 E/EGL_emulation( 1347): tid 1347: eglCreateSyncKHR(1901): error 0x3004 (EGL_BAD_ATTRIBUTE)
06-06 03:16:51.170 W/ActivityManager( 1630): Finishing task with all activities already finished
06-06 03:16:51.170 W/ActivityManager( 1630): Duplicate finish request for ActivityRecord{56cccf0 u0 com.evancharlton.mileage/.VehicleTypeActivity t12696 f}
06-06 03:16:51.224 D/EGL_emulation( 1711): eglMakeCurrent: 0xa7985720: ver 2 0 (tinfo 0xa7983770)
06-06 03:16:51.231 D/AndroidRuntime( 4407): >>>>>> START com.android.internal.os.RuntimeInit uid 2000 <<<<<<
06-06 03:16:51.232 D/EGL_emulation( 1711): eglMakeCurrent: 0xa7985720: ver 2 0 (tinfo 0xa7983770)
06-06 03:16:51.232 D/AndroidRuntime( 4407): CheckJNI is ON
06-06 03:16:51.234 D/EGL_emulation( 2078): eglMakeCurrent: 0x9852d440: ver 2 0 (tinfo 0xa3d30310)
06-06 03:16:51.244 W/art     ( 4407): Unexpected CPU variant for X86 using defaults: x86
06-06 03:16:51.246 D/ICU     ( 4407): No timezone override file found: /data/misc/zoneinfo/current/icu/icu_tzdata.dat
06-06 03:16:51.247 D/EGL_emulation( 1711): eglMakeCurrent: 0xa7985720: ver 2 0 (tinfo 0xa7983770)
06-06 03:16:51.256 E/memtrack( 4407): Couldn't load memtrack module (No such file or directory)
06-06 03:16:51.256 E/android.os.Debug( 4407): failed to load memtrack module: -2
06-06 03:16:51.256 I/Radio-JNI( 4407): register_android_hardware_Radio DONE
06-06 03:16:51.262 D/AndroidRuntime( 4407): Calling main entry com.android.commands.am.Am
06-06 03:16:51.263 I/ActivityManager( 1630): Force stopping com.evancharlton.mileage appid=10422 user=0: start instr
06-06 03:16:51.264 I/ActivityManager( 1630): Killing 4336:com.evancharlton.mileage/u0a422 (adj 0): stop com.evancharlton.mileage
06-06 03:16:51.264 D/ActivityManager( 1630): cleanUpApplicationRecord -- 4336
06-06 03:16:51.264 W/ActivityManager( 1630): Crash of app com.evancharlton.mileage running instrumentation ComponentInfo{com.evancharlton.mileage.test/sh.calaba.instrumentationbackend.CalabashInstrumentationTestRunner}
06-06 03:16:51.264 I/ActivityManager( 1630): Force stopping com.evancharlton.mileage appid=10422 user=0: finished inst
06-06 03:16:51.268 D/EGL_emulation( 1711): eglMakeCurrent: 0xa7985720: ver 2 0 (tinfo 0xa7983770)
06-06 03:16:51.269 I/art     ( 4417): Not late-enabling -Xcheck:jni (already on)
06-06 03:16:51.269 W/art     ( 4417): Unexpected CPU variant for X86 using defaults: x86
06-06 03:16:51.275 I/ActivityManager( 1630): Start proc 4417:com.evancharlton.mileage/u0a422 for added application com.evancharlton.mileage
06-06 03:16:51.276 D/AndroidRuntime( 4407): Shutting down VM
06-06 03:16:51.280 W/System  ( 4417): ClassLoader referenced unknown path: /data/app/com.evancharlton.mileage.test-1/lib/x86
06-06 03:16:51.280 W/System  ( 4417): ClassLoader referenced unknown path: /data/app/com.evancharlton.mileage-1/lib/x86
06-06 03:16:51.281 D/EGL_emulation( 1711): eglMakeCurrent: 0xa7985720: ver 2 0 (tinfo 0xa7983770)
06-06 03:16:51.283 W/System  ( 4417): ClassLoader referenced unknown path: 
06-06 03:16:51.283 D/EGL_emulation( 1711): eglMakeCurrent: 0xa7985720: ver 2 0 (tinfo 0xa7983770)
06-06 03:16:51.287 I/System.out( 4417): Main activity name automatically set to: com.evancharlton.mileage.Mileage
06-06 03:16:51.288 I/System.out( 4417): Calabash did not load Mono. This is only a problem if you are trying to test a Mono application
06-06 03:16:51.288 I/calabash( 4417): Test server port: 7102
06-06 03:16:51.288 I/InstrumentationBackend( 4417): Added:'GetPreferences', with key:'get_preferences'
06-06 03:16:51.292 I/InstrumentationBackend( 4417): Added:'SetPreferences', with key:'set_preferences'
06-06 03:16:51.292 I/InstrumentationBackend( 4417): Added:'ClearPreferences', with key:'clear_preferences'
06-06 03:16:51.292 I/InstrumentationBackend( 4417): Added:'PressElement', with key:'press_l10n_element'
06-06 03:16:51.292 I/InstrumentationBackend( 4417): Added:'WaitForElement', with key:'wait_for_l10n_element'
06-06 03:16:51.292 I/InstrumentationBackend( 4417): Added:'NullAction', with key:'nullAction'
06-06 03:16:51.292 I/InstrumentationBackend( 4417): Added:'PressKey', with key:'press_key'
06-06 03:16:51.292 I/InstrumentationBackend( 4417): Added:'SetActivityOrientation', with key:'set_activity_orientation'
06-06 03:16:51.292 I/InstrumentationBackend( 4417): Added:'GetActivityOrientation', with key:'get_activity_orientation'
06-06 03:16:51.292 I/InstrumentationBackend( 4417): Added:'FakeGPSLocation', with key:'set_gps_coordinates'
06-06 03:16:51.292 I/InstrumentationBackend( 4417): Added:'SetPropertyByCssSelector', with key:'set_property_by_css_selector'
06-06 03:16:51.292 I/InstrumentationBackend( 4417): Added:'GetUrl', with key:'get_url'
06-06 03:16:51.292 I/InstrumentationBackend( 4417): Added:'ScrollTo', with key:'scroll_to'
06-06 03:16:51.292 I/InstrumentationBackend( 4417): Added:'GetLoadProgress', with key:'get_load_progress'
06-06 03:16:51.292 I/InstrumentationBackend( 4417): Added:'DumpHtml', with key:'dump_html'
06-06 03:16:51.293 I/InstrumentationBackend( 4417): Added:'DumpBodyHtml', with key:'dump_body_html'
06-06 03:16:51.293 I/InstrumentationBackend( 4417): Added:'EnterTextByCssSelector', with key:'enter_text_by_selector'
06-06 03:16:51.293 I/InstrumentationBackend( 4417): Added:'AndroidSDKVersion', with key:'android_sdk_version'
06-06 03:16:51.293 I/InstrumentationBackend( 4417): Added:'Version', with key:'version'
06-06 03:16:51.293 I/InstrumentationBackend( 4417): Added:'Drag', with key:'drag'
06-06 03:16:51.293 I/InstrumentationBackend( 4417): Added:'TouchCoordinates', with key:'touch_coordinate'
06-06 03:16:51.293 I/InstrumentationBackend( 4417): Added:'LongPressCoordinate', with key:'long_press_coordinate'
06-06 03:16:51.293 I/InstrumentationBackend( 4417): Added:'DragCoordinates', with key:'drag_coordinates'
06-06 03:16:51.293 I/InstrumentationBackend( 4417): Added:'ResumeApplication', with key:'resume_application'
06-06 03:16:51.293 I/InstrumentationBackend( 4417): Added:'Swipe', with key:'swipe'
06-06 03:16:51.293 I/InstrumentationBackend( 4417): Added:'DoubleTapCoordinate', with key:'double_tap_coordinate'
06-06 03:16:51.293 I/InstrumentationBackend( 4417): Added:'ClickOnScreen', with key:'click_on_screen'
06-06 03:16:51.293 I/InstrumentationBackend( 4417): Added:'GetActivityName', with key:'get_activity_name'
06-06 03:16:51.293 I/InstrumentationBackend( 4417): Added:'ScrollToView', with key:'scroll_to_view'
06-06 03:16:51.293 I/InstrumentationBackend( 4417): Added:'ViewConfiguration', with key:'view_configuration'
06-06 03:16:51.293 I/InstrumentationBackend( 4417): Added:'IsCurrentActivityFocused', with key:'is_current_activity_focused'
06-06 03:16:51.293 I/InstrumentationBackend( 4417): Added:'SendTcp', with key:'send_tcp'
06-06 03:16:51.293 I/InstrumentationBackend( 4417): Added:'DpToDevicePixel', with key:'dp_to_device_pixel'
06-06 03:16:51.293 I/InstrumentationBackend( 4417): Added:'KeyboardEnterText', with key:'keyboard_enter_text'
06-06 03:16:51.293 I/InstrumentationBackend( 4417): Added:'DeleteSurroundingText', with key:'delete_surrounding_text'
06-06 03:16:51.293 I/InstrumentationBackend( 4417): Added:'SetComposingRegion', with key:'set_composing_region'
06-06 03:16:51.293 I/InstrumentationBackend( 4417): Added:'SetSelection', with key:'set_selection'
06-06 03:16:51.293 I/InstrumentationBackend( 4417): Added:'KeyboardKeyEvent', with key:'keyboard_key_event'
06-06 03:16:51.294 I/InstrumentationBackend( 4417): Added:'PressUserActionButton', with key:'press_user_action_button'
06-06 03:16:51.294 I/InstrumentationBackend( 4417): Added:'HideSoftKeyboard', with key:'hide_soft_keyboard'
06-06 03:16:51.294 I/InstrumentationBackend( 4417): Added:'ListActions', with key:'list_actions'
06-06 03:16:51.294 I/calabash( 4417): Instantiating http server at 7102
06-06 03:16:51.294 I/System.out( 4417): HTTP Daemon listening on: 7102
06-06 03:16:51.297 D/EGL_emulation( 1711): eglMakeCurrent: 0xa7985720: ver 2 0 (tinfo 0xa7983770)
06-06 03:16:51.299 D/EGL_emulation( 1711): eglMakeCurrent: 0xa7985720: ver 2 0 (tinfo 0xa7983770)
06-06 03:16:51.314 D/EGL_emulation( 1711): eglMakeCurrent: 0xa7985720: ver 2 0 (tinfo 0xa7983770)
06-06 03:16:51.316 D/EGL_emulation( 1711): eglMakeCurrent: 0xa7985720: ver 2 0 (tinfo 0xa7983770)
06-06 03:16:51.320 I/WindowManager( 1630): WIN DEATH: Window{52aec25 u0 com.evancharlton.mileage/com.evancharlton.mileage.VehicleTypeActivity}
06-06 03:16:51.320 I/WindowManager( 1630): Destroying surface Surface(name=com.evancharlton.mileage/com.evancharlton.mileage.VehicleTypeActivity) called by com.android.server.wm.WindowStateAnimator.destroySurface:2016 com.android.server.wm.WindowStateAnimator.destroySurfaceLocked:882 com.android.server.wm.WindowState.removeLocked:1456 com.android.server.wm.WindowManagerService.removeWindowInnerLocked:2484 com.android.server.wm.WindowManagerService.removeWindowLocked:2442 com.android.server.wm.WindowState$DeathRecipient.binderDied:1787 android.os.BinderProxy.sendDeathNotice:688 <bottom of call stack> 
06-06 03:16:51.333 D/EGL_emulation( 1711): eglMakeCurrent: 0xa7985720: ver 2 0 (tinfo 0xa7983770)
06-06 03:16:51.337 D/EGL_emulation( 1711): eglMakeCurrent: 0xa7985720: ver 2 0 (tinfo 0xa7983770)
06-06 03:16:51.347 D/EGL_emulation( 1711): eglMakeCurrent: 0xa7985720: ver 2 0 (tinfo 0xa7983770)
06-06 03:16:51.349 D/EGL_emulation( 1711): eglMakeCurrent: 0xa7985720: ver 2 0 (tinfo 0xa7983770)
06-06 03:16:51.364 D/EGL_emulation( 1711): eglMakeCurrent: 0xa7985720: ver 2 0 (tinfo 0xa7983770)
06-06 03:16:51.366 D/EGL_emulation( 1711): eglMakeCurrent: 0xa7985720: ver 2 0 (tinfo 0xa7983770)
06-06 03:16:51.380 D/EGL_emulation( 1711): eglMakeCurrent: 0xa7985720: ver 2 0 (tinfo 0xa7983770)
06-06 03:16:51.382 D/EGL_emulation( 1711): eglMakeCurrent: 0xa7985720: ver 2 0 (tinfo 0xa7983770)
06-06 03:16:51.386 I/System.out( 4417): URI: //ping
06-06 03:16:51.386 I/System.out( 4417): params: {json={}
06-06 03:16:51.386 I/System.out( 4417): }
06-06 03:16:51.389 I/System.out( 4417): URI: //ping
06-06 03:16:51.389 I/System.out( 4417): params: {json={}
06-06 03:16:51.389 I/System.out( 4417): }
06-06 03:16:51.391 I/System.out( 4417): URI: //ready
06-06 03:16:51.391 I/System.out( 4417): params: {json={}
06-06 03:16:51.391 I/System.out( 4417): }
06-06 03:16:51.393 I/System.out( 4417): URI: //
06-06 03:16:51.393 I/System.out( 4417): params: {json={"command":"version","arguments":[]}
06-06 03:16:51.393 I/System.out( 4417): }
06-06 03:16:51.393 I/System.out( 4417): header: {content-type=application/json;charset=utf-8, date=Sat, 06 Jun 2020 08:16:52 GMT, accept=*/*, host=127.0.0.1:34777, content-length=36, user-agent=HTTPClient/1.0 (2.8.3, ruby 2.5.1 (2018-03-29))}
06-06 03:16:51.393 I/System.out( 4417): params: {json={"command":"version","arguments":[]}
06-06 03:16:51.393 I/System.out( 4417): }
06-06 03:16:51.393 I/System.out( 4417): ProP json = {"command":"version","arguments":[]}
06-06 03:16:51.393 I/System.out( 4417): files: {}
06-06 03:16:51.393 I/System.out( 4417): command: {"command":"version","arguments":[]}
06-06 03:16:51.395 I/InstrumentationBackend( 4417): Got command:'Command:'Line:null,version', arguments:'[]'
06-06 03:16:51.397 D/EGL_emulation( 1711): eglMakeCurrent: 0xa7985720: ver 2 0 (tinfo 0xa7983770)
06-06 03:16:51.398 D/EGL_emulation( 1711): eglMakeCurrent: 0xa7985720: ver 2 0 (tinfo 0xa7983770)
06-06 03:16:51.402 I/System.out( 4417): result:{"bonusInformation":[],"message":"0.9.8","success":true}
06-06 03:16:51.404 I/System.out( 4417): URI: //start-application
06-06 03:16:51.404 I/System.out( 4417): params: {json={"intent":null}
06-06 03:16:51.404 I/System.out( 4417): }
06-06 03:16:51.413 I/ActivityManager( 1630): START u0 {act=android.intent.action.MAIN cat=[android.intent.category.LAUNCHER] flg=0x10200000 cmp=com.evancharlton.mileage/.Mileage} from uid 10422 on display 0
06-06 03:16:51.414 D/EGL_emulation( 1711): eglMakeCurrent: 0xa7985720: ver 2 0 (tinfo 0xa7983770)
06-06 03:16:51.415 D/EGL_emulation( 1711): eglMakeCurrent: 0xa7985720: ver 2 0 (tinfo 0xa7983770)
06-06 03:16:51.419 I/calabash( 4417): newActivity1
06-06 03:16:51.426 I/calabash( 4417): newActivity1
06-06 03:16:51.427 W/ActivityManager( 1630): Bad activity token: android.os.BinderProxy@ac73903
06-06 03:16:51.427 W/ActivityManager( 1630): java.lang.ClassCastException: android.os.BinderProxy cannot be cast to com.android.server.am.ActivityRecord$Token
06-06 03:16:51.427 W/ActivityManager( 1630): 	at com.android.server.am.ActivityRecord.forTokenLocked(ActivityRecord.java:586)
06-06 03:16:51.427 W/ActivityManager( 1630): 	at com.android.server.am.ActivityRecord.isInStackLocked(ActivityRecord.java:1327)
06-06 03:16:51.427 W/ActivityManager( 1630): 	at com.android.server.am.ActivityRecord.getStackLocked(ActivityRecord.java:1332)
06-06 03:16:51.427 W/ActivityManager( 1630): 	at com.android.server.am.ActivityManagerService.getActivityDisplayId(ActivityManagerService.java:9806)
06-06 03:16:51.427 W/ActivityManager( 1630): 	at android.app.ActivityManagerNative.onTransact(ActivityManagerNative.java:2566)
06-06 03:16:51.427 W/ActivityManager( 1630): 	at com.android.server.am.ActivityManagerService.onTransact(ActivityManagerService.java:2757)
06-06 03:16:51.427 W/ActivityManager( 1630): 	at android.os.Binder.execTransact(Binder.java:565)
06-06 03:16:51.428 W/ActivityManager( 1630): Bad activity token: android.os.BinderProxy@ac73903
06-06 03:16:51.428 W/ActivityManager( 1630): java.lang.ClassCastException: android.os.BinderProxy cannot be cast to com.android.server.am.ActivityRecord$Token
06-06 03:16:51.428 W/ActivityManager( 1630): 	at com.android.server.am.ActivityRecord.forTokenLocked(ActivityRecord.java:586)
06-06 03:16:51.428 W/ActivityManager( 1630): 	at com.android.server.am.ActivityRecord.isInStackLocked(ActivityRecord.java:1327)
06-06 03:16:51.428 W/ActivityManager( 1630): 	at com.android.server.am.ActivityManagerService.setTaskDescription(ActivityManagerService.java:9358)
06-06 03:16:51.428 W/ActivityManager( 1630): 	at android.app.ActivityManagerNative.onTransact(ActivityManagerNative.java:2639)
06-06 03:16:51.428 W/ActivityManager( 1630): 	at com.android.server.am.ActivityManagerService.onTransact(ActivityManagerService.java:2757)
06-06 03:16:51.428 W/ActivityManager( 1630): 	at android.os.Binder.execTransact(Binder.java:565)
06-06 03:16:51.428 W/ActivityManager( 1630): Bad activity token: android.os.BinderProxy@ac73903
06-06 03:16:51.428 W/ActivityManager( 1630): java.lang.ClassCastException: android.os.BinderProxy cannot be cast to com.android.server.am.ActivityRecord$Token
06-06 03:16:51.428 W/ActivityManager( 1630): 	at com.android.server.am.ActivityRecord.forTokenLocked(ActivityRecord.java:586)
06-06 03:16:51.428 W/ActivityManager( 1630): 	at com.android.server.am.ActivityRecord.isInStackLocked(ActivityRecord.java:1327)
06-06 03:16:51.428 W/ActivityManager( 1630): 	at com.android.server.am.ActivityRecord.getStackLocked(ActivityRecord.java:1332)
06-06 03:16:51.428 W/ActivityManager( 1630): 	at com.android.server.am.ActivityManagerService.getActivityStackId(ActivityManagerService.java:9817)
06-06 03:16:51.428 W/ActivityManager( 1630): 	at android.app.ActivityManagerNative.onTransact(ActivityManagerNative.java:2856)
06-06 03:16:51.428 W/ActivityManager( 1630): 	at com.android.server.am.ActivityManagerService.onTransact(ActivityManagerService.java:2757)
06-06 03:16:51.428 W/ActivityManager( 1630): 	at android.os.Binder.execTransact(Binder.java:565)
06-06 03:16:51.431 D/EGL_emulation( 1711): eglMakeCurrent: 0xa7985720: ver 2 0 (tinfo 0xa7983770)
06-06 03:16:51.444 W/ActivityManager( 1630): Bad activity token: android.os.BinderProxy@ac73903
06-06 03:16:51.444 W/ActivityManager( 1630): java.lang.ClassCastException: android.os.BinderProxy cannot be cast to com.android.server.am.ActivityRecord$Token
06-06 03:16:51.444 W/ActivityManager( 1630): 	at com.android.server.am.ActivityRecord.forTokenLocked(ActivityRecord.java:586)
06-06 03:16:51.444 W/ActivityManager( 1630): 	at com.android.server.am.ActivityRecord.isInStackLocked(ActivityRecord.java:1327)
06-06 03:16:51.444 W/ActivityManager( 1630): 	at com.android.server.am.ActivityManagerService.getActivityOptions(ActivityManagerService.java:12559)
06-06 03:16:51.444 W/ActivityManager( 1630): 	at android.app.ActivityManagerNative.onTransact(ActivityManagerNative.java:1933)
06-06 03:16:51.444 W/ActivityManager( 1630): 	at com.android.server.am.ActivityManagerService.onTransact(ActivityManagerService.java:2757)
06-06 03:16:51.444 W/ActivityManager( 1630): 	at android.os.Binder.execTransact(Binder.java:565)
06-06 03:16:51.444 W/ActivityManager( 1630): Bad activity token: android.os.BinderProxy@ac73903
06-06 03:16:51.444 W/ActivityManager( 1630): java.lang.ClassCastException: android.os.BinderProxy cannot be cast to com.android.server.am.ActivityRecord$Token
06-06 03:16:51.444 W/ActivityManager( 1630): 	at com.android.server.am.ActivityRecord.forTokenLocked(ActivityRecord.java:586)
06-06 03:16:51.444 W/ActivityManager( 1630): 	at com.android.server.am.ActivityRecord.isInStackLocked(ActivityRecord.java:1327)
06-06 03:16:51.444 W/ActivityManager( 1630): 	at com.android.server.am.ActivityManagerService.getActivityOptions(ActivityManagerService.java:12559)
06-06 03:16:51.444 W/ActivityManager( 1630): 	at android.app.ActivityManagerNative.onTransact(ActivityManagerNative.java:1933)
06-06 03:16:51.444 W/ActivityManager( 1630): 	at com.android.server.am.ActivityManagerService.onTransact(ActivityManagerService.java:2757)
06-06 03:16:51.444 W/ActivityManager( 1630): 	at android.os.Binder.execTransact(Binder.java:565)
06-06 03:16:51.447 D/EGL_emulation( 1711): eglMakeCurrent: 0xa7985720: ver 2 0 (tinfo 0xa7983770)
06-06 03:16:51.448 D/EGL_emulation( 1711): eglMakeCurrent: 0xa7985720: ver 2 0 (tinfo 0xa7983770)
06-06 03:16:51.448 D/gralloc_ranchu( 1347): gralloc_alloc: Creating ashmem region of size 9023488
06-06 03:16:51.464 D/EGL_emulation( 1711): eglMakeCurrent: 0xa7985720: ver 2 0 (tinfo 0xa7983770)
06-06 03:16:51.466 D/EGL_emulation( 1711): eglMakeCurrent: 0xa7985720: ver 2 0 (tinfo 0xa7983770)
06-06 03:16:51.470 V/PhoneStatusBar( 1711): setLightsOn(true)
06-06 03:16:51.480 D/EGL_emulation( 1711): eglMakeCurrent: 0xa7985720: ver 2 0 (tinfo 0xa7983770)
06-06 03:16:51.482 D/EGL_emulation( 1711): eglMakeCurrent: 0xa7985720: ver 2 0 (tinfo 0xa7983770)
06-06 03:16:51.483 V/PhoneStatusBar( 1711): setLightsOn(true)
06-06 03:16:51.483 V/PhoneStatusBar( 1711): setLightsOn(true)
06-06 03:16:51.483 D/gralloc_ranchu( 1347): gralloc_alloc: Creating ashmem region of size 9023488
06-06 03:16:51.486 V/PhoneStatusBar( 1711): setLightsOn(true)
06-06 03:16:51.489 D/        ( 4417): HostConnection::get() New Host Connection established 0x8b628540, tid 4417
06-06 03:16:51.524 D/EGL_emulation( 2078): eglMakeCurrent: 0x9852d440: ver 2 0 (tinfo 0xa3d30310)
06-06 03:16:51.526 D/EGL_emulation( 1711): eglMakeCurrent: 0xa7985720: ver 2 0 (tinfo 0xa7983770)
06-06 03:16:51.528 D/EGL_emulation( 1711): eglMakeCurrent: 0xa7985720: ver 2 0 (tinfo 0xa7983770)
06-06 03:16:51.530 D/EGL_emulation( 1711): eglMakeCurrent: 0xa7985720: ver 2 0 (tinfo 0xa7983770)
06-06 03:16:51.533 D/EGL_emulation( 1711): eglMakeCurrent: 0xa7985720: ver 2 0 (tinfo 0xa7983770)
06-06 03:16:51.535 D/EGL_emulation( 1711): eglMakeCurrent: 0xa7985720: ver 2 0 (tinfo 0xa7983770)
06-06 03:16:51.535 V/PhoneStatusBar( 1711): setLightsOn(true)
06-06 03:16:51.547 D/EGL_emulation( 1711): eglMakeCurrent: 0xa7985720: ver 2 0 (tinfo 0xa7983770)
06-06 03:16:51.548 I/ActivityManager( 1630): Displayed com.evancharlton.mileage/.Mileage: +130ms
06-06 03:16:51.550 D/EGL_emulation( 1711): eglMakeCurrent: 0xa7985720: ver 2 0 (tinfo 0xa7983770)
06-06 03:16:51.551 D/gralloc_ranchu( 1347): gralloc_alloc: Creating ashmem region of size 9023488
06-06 03:16:51.566 D/EGL_emulation( 1711): eglMakeCurrent: 0xa7985720: ver 2 0 (tinfo 0xa7983770)
06-06 03:16:51.568 D/EGL_emulation( 1711): eglMakeCurrent: 0xa7985720: ver 2 0 (tinfo 0xa7983770)
06-06 03:16:51.568 V/PhoneStatusBar( 1711): setLightsOn(true)
06-06 03:16:51.581 D/EGL_emulation( 1711): eglMakeCurrent: 0xa7985720: ver 2 0 (tinfo 0xa7983770)
06-06 03:16:51.583 D/EGL_emulation( 1711): eglMakeCurrent: 0xa7985720: ver 2 0 (tinfo 0xa7983770)
06-06 03:16:51.597 D/EGL_emulation( 1711): eglMakeCurrent: 0xa7985720: ver 2 0 (tinfo 0xa7983770)
06-06 03:16:51.599 D/EGL_emulation( 1711): eglMakeCurrent: 0xa7985720: ver 2 0 (tinfo 0xa7983770)
06-06 03:16:51.603 I/System.out( 4417): URI: //map
06-06 03:16:51.603 I/System.out( 4417): params: {json={"query":"* marked:'Vehicles'","operation":{"method_name":"query","arguments":[]}}
06-06 03:16:51.603 I/System.out( 4417): }
06-06 03:16:51.614 D/EGL_emulation( 1711): eglMakeCurrent: 0xa7985720: ver 2 0 (tinfo 0xa7983770)
06-06 03:16:51.618 D/EGL_emulation( 1711): eglMakeCurrent: 0xa7985720: ver 2 0 (tinfo 0xa7983770)
06-06 03:16:51.618 W/ResourceType( 4417): No package identifier when getting name for resource number 0x00000001
06-06 03:16:51.630 D/EGL_emulation( 1711): eglMakeCurrent: 0xa7985720: ver 2 0 (tinfo 0xa7983770)
06-06 03:16:51.632 D/EGL_emulation( 1711): eglMakeCurrent: 0xa7985720: ver 2 0 (tinfo 0xa7983770)
06-06 03:16:51.637 I/System.out( 4417): URI: //gesture
06-06 03:16:51.637 I/System.out( 4417): params: {json={"query_timeout":5.0,"gestures":[{"query_string":"* marked:'Vehicles'","touches":[{"x":50,"y":50,"offset_x":0,"offset_y":0,"wait":0.0,"time":0.2,"release":true,"query_string":null}]}]}
06-06 03:16:51.637 I/System.out( 4417): }
06-06 03:16:51.642 W/ResourceType( 4417): No package identifier when getting name for resource number 0x00000001
06-06 03:16:51.647 D/EGL_emulation( 1711): eglMakeCurrent: 0xa7985720: ver 2 0 (tinfo 0xa7983770)
06-06 03:16:51.654 D/EGL_emulation( 1711): eglMakeCurrent: 0xa7985720: ver 2 0 (tinfo 0xa7983770)
06-06 03:16:51.664 D/EGL_emulation( 1711): eglMakeCurrent: 0xa7985720: ver 2 0 (tinfo 0xa7983770)
06-06 03:16:51.670 D/EGL_emulation( 1711): eglMakeCurrent: 0xa7985720: ver 2 0 (tinfo 0xa7983770)
06-06 03:16:51.681 D/EGL_emulation( 1711): eglMakeCurrent: 0xa7985720: ver 2 0 (tinfo 0xa7983770)
06-06 03:16:51.683 D/EGL_emulation( 1711): eglMakeCurrent: 0xa7985720: ver 2 0 (tinfo 0xa7983770)
06-06 03:16:51.697 D/EGL_emulation( 1711): eglMakeCurrent: 0xa7985720: ver 2 0 (tinfo 0xa7983770)
06-06 03:16:51.699 D/EGL_emulation( 1711): eglMakeCurrent: 0xa7985720: ver 2 0 (tinfo 0xa7983770)
06-06 03:16:51.714 D/EGL_emulation( 1711): eglMakeCurrent: 0xa7985720: ver 2 0 (tinfo 0xa7983770)
06-06 03:16:51.746 I/WindowManager( 1630): Destroying surface Surface(name=Starting com.evancharlton.mileage) called by com.android.server.wm.WindowStateAnimator.destroySurface:2016 com.android.server.wm.WindowStateAnimator.destroySurfaceLocked:882 com.android.server.wm.WindowState.destroyOrSaveSurface:2100 com.android.server.wm.AppWindowToken.destroySurfaces:363 com.android.server.wm.WindowStateAnimator.finishExit:565 com.android.server.wm.WindowStateAnimator.stepAnimationLocked:491 com.android.server.wm.WindowAnimator.updateWindowsLocked:303 com.android.server.wm.WindowAnimator.animateLocked:704 
06-06 03:16:51.748 V/PhoneStatusBar( 1711): setLightsOn(true)
06-06 03:16:51.750 V/PhoneStatusBar( 1711): setLightsOn(true)
06-06 03:16:51.865 I/calabash( 4417): newActivity1
06-06 03:16:51.866 W/ActivityManager( 1630): Bad activity token: android.os.BinderProxy@6a75029
06-06 03:16:51.866 W/ActivityManager( 1630): java.lang.ClassCastException: android.os.BinderProxy cannot be cast to com.android.server.am.ActivityRecord$Token
06-06 03:16:51.866 W/ActivityManager( 1630): 	at com.android.server.am.ActivityRecord.forTokenLocked(ActivityRecord.java:586)
06-06 03:16:51.866 W/ActivityManager( 1630): 	at com.android.server.am.ActivityRecord.isInStackLocked(ActivityRecord.java:1327)
06-06 03:16:51.866 W/ActivityManager( 1630): 	at com.android.server.am.ActivityRecord.getStackLocked(ActivityRecord.java:1332)
06-06 03:16:51.866 W/ActivityManager( 1630): 	at com.android.server.am.ActivityManagerService.getActivityDisplayId(ActivityManagerService.java:9806)
06-06 03:16:51.866 W/ActivityManager( 1630): 	at android.app.ActivityManagerNative.onTransact(ActivityManagerNative.java:2566)
06-06 03:16:51.866 W/ActivityManager( 1630): 	at com.android.server.am.ActivityManagerService.onTransact(ActivityManagerService.java:2757)
06-06 03:16:51.866 W/ActivityManager( 1630): 	at android.os.Binder.execTransact(Binder.java:565)
06-06 03:16:51.867 W/ActivityManager( 1630): Bad activity token: android.os.BinderProxy@6a75029
06-06 03:16:51.867 W/ActivityManager( 1630): java.lang.ClassCastException: android.os.BinderProxy cannot be cast to com.android.server.am.ActivityRecord$Token
06-06 03:16:51.867 W/ActivityManager( 1630): 	at com.android.server.am.ActivityRecord.forTokenLocked(ActivityRecord.java:586)
06-06 03:16:51.867 W/ActivityManager( 1630): 	at com.android.server.am.ActivityRecord.isInStackLocked(ActivityRecord.java:1327)
06-06 03:16:51.867 W/ActivityManager( 1630): 	at com.android.server.am.ActivityManagerService.setTaskDescription(ActivityManagerService.java:9358)
06-06 03:16:51.867 W/ActivityManager( 1630): 	at android.app.ActivityManagerNative.onTransact(ActivityManagerNative.java:2639)
06-06 03:16:51.867 W/ActivityManager( 1630): 	at com.android.server.am.ActivityManagerService.onTransact(ActivityManagerService.java:2757)
06-06 03:16:51.867 W/ActivityManager( 1630): 	at android.os.Binder.execTransact(Binder.java:565)
06-06 03:16:51.867 W/ActivityManager( 1630): Bad activity token: android.os.BinderProxy@6a75029
06-06 03:16:51.867 W/ActivityManager( 1630): java.lang.ClassCastException: android.os.BinderProxy cannot be cast to com.android.server.am.ActivityRecord$Token
06-06 03:16:51.867 W/ActivityManager( 1630): 	at com.android.server.am.ActivityRecord.forTokenLocked(ActivityRecord.java:586)
06-06 03:16:51.867 W/ActivityManager( 1630): 	at com.android.server.am.ActivityRecord.isInStackLocked(ActivityRecord.java:1327)
06-06 03:16:51.867 W/ActivityManager( 1630): 	at com.android.server.am.ActivityRecord.getStackLocked(ActivityRecord.java:1332)
06-06 03:16:51.867 W/ActivityManager( 1630): 	at com.android.server.am.ActivityManagerService.getActivityStackId(ActivityManagerService.java:9817)
06-06 03:16:51.867 W/ActivityManager( 1630): 	at android.app.ActivityManagerNative.onTransact(ActivityManagerNative.java:2856)
06-06 03:16:51.867 W/ActivityManager( 1630): 	at com.android.server.am.ActivityManagerService.onTransact(ActivityManagerService.java:2757)
06-06 03:16:51.867 W/ActivityManager( 1630): 	at android.os.Binder.execTransact(Binder.java:565)
06-06 03:16:51.871 W/ActivityManager( 1630): Bad activity token: android.os.BinderProxy@6a75029
06-06 03:16:51.871 W/ActivityManager( 1630): java.lang.ClassCastException: android.os.BinderProxy cannot be cast to com.android.server.am.ActivityRecord$Token
06-06 03:16:51.871 W/ActivityManager( 1630): 	at com.android.server.am.ActivityRecord.forTokenLocked(ActivityRecord.java:586)
06-06 03:16:51.871 W/ActivityManager( 1630): 	at com.android.server.am.ActivityRecord.isInStackLocked(ActivityRecord.java:1327)
06-06 03:16:51.871 W/ActivityManager( 1630): 	at com.android.server.am.ActivityManagerService.getActivityOptions(ActivityManagerService.java:12559)
06-06 03:16:51.871 W/ActivityManager( 1630): 	at android.app.ActivityManagerNative.onTransact(ActivityManagerNative.java:1933)
06-06 03:16:51.871 W/ActivityManager( 1630): 	at com.android.server.am.ActivityManagerService.onTransact(ActivityManagerService.java:2757)
06-06 03:16:51.871 W/ActivityManager( 1630): 	at android.os.Binder.execTransact(Binder.java:565)
06-06 03:16:51.871 W/ActivityManager( 1630): Bad activity token: android.os.BinderProxy@6a75029
06-06 03:16:51.871 W/ActivityManager( 1630): java.lang.ClassCastException: android.os.BinderProxy cannot be cast to com.android.server.am.ActivityRecord$Token
06-06 03:16:51.871 W/ActivityManager( 1630): 	at com.android.server.am.ActivityRecord.forTokenLocked(ActivityRecord.java:586)
06-06 03:16:51.871 W/ActivityManager( 1630): 	at com.android.server.am.ActivityRecord.isInStackLocked(ActivityRecord.java:1327)
06-06 03:16:51.871 W/ActivityManager( 1630): 	at com.android.server.am.ActivityManagerService.getActivityOptions(ActivityManagerService.java:12559)
06-06 03:16:51.871 W/ActivityManager( 1630): 	at android.app.ActivityManagerNative.onTransact(ActivityManagerNative.java:1933)
06-06 03:16:51.871 W/ActivityManager( 1630): 	at com.android.server.am.ActivityManagerService.onTransact(ActivityManagerService.java:2757)
06-06 03:16:51.871 W/ActivityManager( 1630): 	at android.os.Binder.execTransact(Binder.java:565)
06-06 03:16:51.931 V/PhoneStatusBar( 1711): setLightsOn(true)
06-06 03:16:52.231 V/PhoneStatusBar( 1711): setLightsOn(true)
06-06 03:16:52.231 V/PhoneStatusBar( 1711): setLightsOn(true)
06-06 03:16:52.232 W/OpenGLRenderer( 2078): Incorrectly called buildLayer on View: ShortcutAndWidgetContainer, destroying layer...
06-06 03:16:52.247 V/PhoneStatusBar( 1711): setLightsOn(true)
06-06 03:16:52.248 I/WindowManager( 1630): Destroying surface Surface(name=com.android.launcher3/com.android.launcher3.Launcher) called by com.android.server.wm.WindowStateAnimator.destroySurface:2016 com.android.server.wm.WindowStateAnimator.destroySurfaceLocked:882 com.android.server.wm.WindowState.destroyOrSaveSurface:2100 com.android.server.wm.AppWindowToken.destroySurfaces:363 com.android.server.wm.AppWindowToken.notifyAppStopped:389 com.android.server.wm.WindowManagerService.notifyAppStopped:4463 com.android.server.am.ActivityStack.activityStoppedLocked:1252 com.android.server.am.ActivityManagerService.activityStopped:6903 
06-06 03:16:52.878 I/System.out( 4417): URI: //
06-06 03:16:52.878 I/System.out( 4417): params: {json={"command":"press_key","arguments":["KEYCODE_MENU"]}
06-06 03:16:52.878 I/System.out( 4417): }
06-06 03:16:52.878 I/System.out( 4417): header: {content-type=application/json;charset=utf-8, date=Sat, 06 Jun 2020 08:16:53 GMT, accept=*/*, host=127.0.0.1:34777, content-length=52, user-agent=HTTPClient/1.0 (2.8.3, ruby 2.5.1 (2018-03-29))}
06-06 03:16:52.878 I/System.out( 4417): params: {json={"command":"press_key","arguments":["KEYCODE_MENU"]}
06-06 03:16:52.878 I/System.out( 4417): }
06-06 03:16:52.878 I/System.out( 4417): ProP json = {"command":"press_key","arguments":["KEYCODE_MENU"]}
06-06 03:16:52.878 I/System.out( 4417): files: {}
06-06 03:16:52.878 I/System.out( 4417): command: {"command":"press_key","arguments":["KEYCODE_MENU"]}
06-06 03:16:52.880 I/InstrumentationBackend( 4417): Got command:'Command:'Line:null,press_key', arguments:'[KEYCODE_MENU]'
06-06 03:16:52.892 V/PhoneStatusBar( 1711): setLightsOn(true)
06-06 03:16:52.897 I/System.out( 4417): result:{"bonusInformation":[],"message":"","success":true}
06-06 03:16:52.898 V/PhoneStatusBar( 1711): setLightsOn(true)
06-06 03:16:52.900 I/System.out( 4417): URI: //map
06-06 03:16:52.900 I/System.out( 4417): params: {json={"query":"* marked:'Edit vehicle types'","operation":{"method_name":"query","arguments":[]}}
06-06 03:16:52.900 I/System.out( 4417): }
06-06 03:16:52.914 V/PhoneStatusBar( 1711): setLightsOn(true)
06-06 03:16:52.933 V/PhoneStatusBar( 1711): setLightsOn(true)
06-06 03:16:52.937 D/gralloc_ranchu( 1347): gralloc_alloc: Creating ashmem region of size 1720320
06-06 03:16:52.956 V/PhoneStatusBar( 1711): setLightsOn(true)
06-06 03:16:52.958 W/ResourceType( 4417): No package identifier when getting name for resource number 0x00000001
06-06 03:16:52.958 V/PhoneStatusBar( 1711): setLightsOn(true)
06-06 03:16:52.962 I/art     ( 4417): Do partial code cache collection, code=29KB, data=27KB
06-06 03:16:52.962 I/art     ( 4417): After code cache collection, code=29KB, data=27KB
06-06 03:16:52.962 I/art     ( 4417): Increasing code cache capacity to 128KB
06-06 03:16:52.964 V/PhoneStatusBar( 1711): setLightsOn(true)
06-06 03:16:52.976 I/System.out( 4417): URI: //gesture
06-06 03:16:52.976 I/System.out( 4417): params: {json={"query_timeout":5.0,"gestures":[{"query_string":"* marked:'Edit vehicle types'","touches":[{"x":50,"y":50,"offset_x":0,"offset_y":0,"wait":0.0,"time":0.2,"release":true,"query_string":null}]}]}
06-06 03:16:52.976 I/System.out( 4417): }
06-06 03:16:52.981 W/ResourceType( 4417): No package identifier when getting name for resource number 0x00000001
06-06 03:16:53.175 D/gralloc_ranchu( 1347): gralloc_alloc: Creating ashmem region of size 1720320
06-06 03:16:53.183 V/PhoneStatusBar( 1711): setLightsOn(true)
06-06 03:16:53.220 D/gralloc_ranchu( 1347): gralloc_alloc: Creating ashmem region of size 9023488
06-06 03:16:53.263 I/System.out( 4417): URI: //map
06-06 03:16:53.263 I/System.out( 4417): params: {json={"query":"* marked:'Sedan'","operation":{"method_name":"query","arguments":[]}}
06-06 03:16:53.263 I/System.out( 4417): }
06-06 03:16:53.289 I/ActivityManager( 1630): START u0 {cmp=com.evancharlton.mileage/.VehicleTypeListActivity} from uid 10422 on display 0
06-06 03:16:53.290 V/PhoneStatusBar( 1711): setLightsOn(true)
06-06 03:16:53.291 V/PhoneStatusBar( 1711): setLightsOn(true)
06-06 03:16:53.322 I/WindowManager( 1630): Destroying surface Surface(name=AtchDlg:com.evancharlton.mileage/com.evancharlton.mileage.VehicleListActivity) called by com.android.server.wm.WindowStateAnimator.destroySurface:2016 com.android.server.wm.WindowStateAnimator.destroySurfaceLocked:882 com.android.server.wm.WindowState.removeLocked:1456 com.android.server.wm.WindowManagerService.removeWindowInnerLocked:2484 com.android.server.wm.WindowManagerService.removeWindowLocked:2442 com.android.server.wm.WindowManagerService.removeWindowLocked:2311 com.android.server.wm.WindowManagerService.removeWindow:2306 com.android.server.wm.Session.remove:202 
06-06 03:16:53.324 W/ResourceType( 4417): No package identifier when getting name for resource number 0x00000001
06-06 03:16:53.352 I/calabash( 4417): newActivity1
06-06 03:16:53.396 V/PhoneStatusBar( 1711): setLightsOn(true)
06-06 03:16:53.399 D/gralloc_ranchu( 1347): gralloc_alloc: Creating ashmem region of size 9023488
06-06 03:16:53.413 V/PhoneStatusBar( 1711): setLightsOn(true)
06-06 03:16:53.424 I/ActivityManager( 1630): Displayed com.evancharlton.mileage/.VehicleTypeListActivity: +103ms
06-06 03:16:53.424 D/gralloc_ranchu( 1347): gralloc_alloc: Creating ashmem region of size 9023488
06-06 03:16:53.433 V/PhoneStatusBar( 1711): setLightsOn(true)
06-06 03:16:53.463 V/PhoneStatusBar( 1711): setLightsOn(true)
06-06 03:16:53.480 V/PhoneStatusBar( 1711): setLightsOn(true)
06-06 03:16:53.632 I/System.out( 4417): URI: //map
06-06 03:16:53.632 I/System.out( 4417): params: {json={"query":"* marked:'Sedan'","operation":{"method_name":"query","arguments":[]}}
06-06 03:16:53.632 I/System.out( 4417): }
06-06 03:16:53.636 W/ResourceType( 4417): No package identifier when getting name for resource number 0x00000001
06-06 03:16:53.664 V/PhoneStatusBar( 1711): setLightsOn(true)
06-06 03:16:53.798 V/PhoneStatusBar( 1711): setLightsOn(true)
06-06 03:16:53.799 V/PhoneStatusBar( 1711): setLightsOn(true)
06-06 03:16:53.814 V/PhoneStatusBar( 1711): setLightsOn(true)
06-06 03:16:53.815 I/WindowManager( 1630): Destroying surface Surface(name=com.evancharlton.mileage/com.evancharlton.mileage.Mileage) called by com.android.server.wm.WindowStateAnimator.destroySurface:2016 com.android.server.wm.WindowStateAnimator.destroySurfaceLocked:882 com.android.server.wm.WindowState.destroyOrSaveSurface:2100 com.android.server.wm.WindowManagerService.tryStartExitingAnimation:3024 com.android.server.wm.WindowManagerService.relayoutWindow:2904 com.android.server.wm.Session.relayout:224 android.view.IWindowSession$Stub.onTransact:286 com.android.server.wm.Session.onTransact:145 
06-06 03:16:53.816 V/PhoneStatusBar( 1711): setLightsOn(true)
06-06 03:16:53.945 I/System.out( 4417): URI: //map
06-06 03:16:53.945 I/System.out( 4417): params: {json={"query":"* marked:'Sedan'","operation":{"method_name":"query","arguments":[]}}
06-06 03:16:53.945 I/System.out( 4417): }
06-06 03:16:53.950 W/ResourceType( 4417): No package identifier when getting name for resource number 0x00000001
06-06 03:16:54.259 I/System.out( 4417): URI: //map
06-06 03:16:54.259 I/System.out( 4417): params: {json={"query":"* marked:'Sedan'","operation":{"method_name":"query","arguments":[]}}
06-06 03:16:54.259 I/System.out( 4417): }
06-06 03:16:54.273 W/ResourceType( 4417): No package identifier when getting name for resource number 0x00000001
06-06 03:16:54.590 I/System.out( 4417): URI: //map
06-06 03:16:54.590 I/System.out( 4417): params: {json={"query":"* marked:'Sedan'","operation":{"method_name":"query","arguments":[]}}
06-06 03:16:54.590 I/System.out( 4417): }
06-06 03:16:54.596 W/ResourceType( 4417): No package identifier when getting name for resource number 0x00000001
06-06 03:16:54.655 D/gralloc_ranchu( 1347): gralloc_alloc: Creating ashmem region of size 9023488
06-06 03:16:54.905 I/System.out( 4417): URI: //map
06-06 03:16:54.905 I/System.out( 4417): params: {json={"query":"* marked:'Sedan'","operation":{"method_name":"query","arguments":[]}}
06-06 03:16:54.905 I/System.out( 4417): }
06-06 03:16:54.908 W/ResourceType( 4417): No package identifier when getting name for resource number 0x00000001
06-06 03:16:55.216 I/System.out( 4417): URI: //map
06-06 03:16:55.216 I/System.out( 4417): params: {json={"query":"* marked:'Sedan'","operation":{"method_name":"query","arguments":[]}}
06-06 03:16:55.216 I/System.out( 4417): }
06-06 03:16:55.224 W/ResourceType( 4417): No package identifier when getting name for resource number 0x00000001
06-06 03:16:55.536 I/System.out( 4417): URI: //map
06-06 03:16:55.536 I/System.out( 4417): params: {json={"query":"* marked:'Sedan'","operation":{"method_name":"query","arguments":[]}}
06-06 03:16:55.536 I/System.out( 4417): }
06-06 03:16:55.542 W/ResourceType( 4417): No package identifier when getting name for resource number 0x00000001
06-06 03:16:55.855 I/System.out( 4417): URI: //map
06-06 03:16:55.855 I/System.out( 4417): params: {json={"query":"* marked:'Sedan'","operation":{"method_name":"query","arguments":[]}}
06-06 03:16:55.855 I/System.out( 4417): }
06-06 03:16:55.871 W/ResourceType( 4417): No package identifier when getting name for resource number 0x00000001
06-06 03:16:56.186 I/System.out( 4417): URI: //map
06-06 03:16:56.186 I/System.out( 4417): params: {json={"query":"* marked:'Sedan'","operation":{"method_name":"query","arguments":[]}}
06-06 03:16:56.186 I/System.out( 4417): }
06-06 03:16:56.191 W/ResourceType( 4417): No package identifier when getting name for resource number 0x00000001
06-06 03:16:56.498 I/System.out( 4417): URI: //map
06-06 03:16:56.498 I/System.out( 4417): params: {json={"query":"* marked:'Sedan'","operation":{"method_name":"query","arguments":[]}}
06-06 03:16:56.498 I/System.out( 4417): }
06-06 03:16:56.501 I/art     ( 4417): Do partial code cache collection, code=49KB, data=55KB
06-06 03:16:56.502 I/art     ( 4417): After code cache collection, code=49KB, data=55KB
06-06 03:16:56.502 I/art     ( 4417): Increasing code cache capacity to 256KB
06-06 03:16:56.502 W/ResourceType( 4417): No package identifier when getting name for resource number 0x00000001
06-06 03:16:56.503 W/audio_hw_generic( 1395): Not supplying enough data to HAL, expected position 268650822 , only wrote 268084800
06-06 03:16:56.811 I/System.out( 4417): URI: //map
06-06 03:16:56.812 I/System.out( 4417): params: {json={"query":"* marked:'Sedan'","operation":{"method_name":"query","arguments":[]}}
06-06 03:16:56.812 I/System.out( 4417): }
06-06 03:16:56.822 W/ResourceType( 4417): No package identifier when getting name for resource number 0x00000001
06-06 03:16:57.137 I/System.out( 4417): URI: //map
06-06 03:16:57.137 I/System.out( 4417): params: {json={"query":"* marked:'Sedan'","operation":{"method_name":"query","arguments":[]}}
06-06 03:16:57.137 I/System.out( 4417): }
06-06 03:16:57.150 W/ResourceType( 4417): No package identifier when getting name for resource number 0x00000001
06-06 03:16:57.470 I/System.out( 4417): URI: //map
06-06 03:16:57.470 I/System.out( 4417): params: {json={"query":"* marked:'Sedan'","operation":{"method_name":"query","arguments":[]}}
06-06 03:16:57.470 I/System.out( 4417): }
06-06 03:16:57.474 W/ResourceType( 4417): No package identifier when getting name for resource number 0x00000001
06-06 03:16:57.780 I/System.out( 4417): URI: //map
06-06 03:16:57.780 I/System.out( 4417): params: {json={"query":"* marked:'Sedan'","operation":{"method_name":"query","arguments":[]}}
06-06 03:16:57.780 I/System.out( 4417): }
06-06 03:16:57.784 W/ResourceType( 4417): No package identifier when getting name for resource number 0x00000001
06-06 03:16:58.090 I/System.out( 4417): URI: //map
06-06 03:16:58.091 I/System.out( 4417): params: {json={"query":"* marked:'Sedan'","operation":{"method_name":"query","arguments":[]}}
06-06 03:16:58.091 I/System.out( 4417): }
06-06 03:16:58.094 W/ResourceType( 4417): No package identifier when getting name for resource number 0x00000001
06-06 03:16:58.401 I/System.out( 4417): URI: //map
06-06 03:16:58.401 I/System.out( 4417): params: {json={"query":"* marked:'Sedan'","operation":{"method_name":"query","arguments":[]}}
06-06 03:16:58.401 I/System.out( 4417): }
06-06 03:16:58.405 W/ResourceType( 4417): No package identifier when getting name for resource number 0x00000001
06-06 03:16:58.713 I/System.out( 4417): URI: //map
06-06 03:16:58.713 I/System.out( 4417): params: {json={"query":"* marked:'Sedan'","operation":{"method_name":"query","arguments":[]}}
06-06 03:16:58.713 I/System.out( 4417): }
06-06 03:16:58.718 W/ResourceType( 4417): No package identifier when getting name for resource number 0x00000001
06-06 03:16:59.028 I/System.out( 4417): URI: //map
06-06 03:16:59.028 I/System.out( 4417): params: {json={"query":"* marked:'Sedan'","operation":{"method_name":"query","arguments":[]}}
06-06 03:16:59.028 I/System.out( 4417): }
06-06 03:16:59.036 W/ResourceType( 4417): No package identifier when getting name for resource number 0x00000001
06-06 03:16:59.066 I/art     ( 4417): Compiler allocated 7MB to compile sh.calaba.instrumentationbackend.actions.NanoHTTPD$Response sh.calaba.instrumentationbackend.actions.HttpServer.serve(java.lang.String, java.lang.String, java.util.Properties, java.util.Properties, java.util.Properties)
06-06 03:16:59.345 I/System.out( 4417): URI: //map
06-06 03:16:59.345 I/System.out( 4417): params: {json={"query":"* marked:'Sedan'","operation":{"method_name":"query","arguments":[]}}
06-06 03:16:59.345 I/System.out( 4417): }
06-06 03:16:59.349 W/ResourceType( 4417): No package identifier when getting name for resource number 0x00000001
06-06 03:16:59.656 I/System.out( 4417): URI: //map
06-06 03:16:59.656 I/System.out( 4417): params: {json={"query":"* marked:'Sedan'","operation":{"method_name":"query","arguments":[]}}
06-06 03:16:59.656 I/System.out( 4417): }
06-06 03:16:59.662 W/ResourceType( 4417): No package identifier when getting name for resource number 0x00000001
06-06 03:16:59.970 I/System.out( 4417): URI: //map
06-06 03:16:59.970 I/System.out( 4417): params: {json={"query":"* marked:'Sedan'","operation":{"method_name":"query","arguments":[]}}
06-06 03:16:59.970 I/System.out( 4417): }
06-06 03:16:59.974 W/ResourceType( 4417): No package identifier when getting name for resource number 0x00000001
06-06 03:17:00.281 I/System.out( 4417): URI: //map
06-06 03:17:00.282 I/System.out( 4417): params: {json={"query":"* marked:'Sedan'","operation":{"method_name":"query","arguments":[]}}
06-06 03:17:00.282 I/System.out( 4417): }
06-06 03:17:00.289 W/ResourceType( 4417): No package identifier when getting name for resource number 0x00000001
06-06 03:17:00.600 I/System.out( 4417): URI: //map
06-06 03:17:00.600 I/System.out( 4417): params: {json={"query":"* marked:'Sedan'","operation":{"method_name":"query","arguments":[]}}
06-06 03:17:00.600 I/System.out( 4417): }
06-06 03:17:00.604 W/ResourceType( 4417): No package identifier when getting name for resource number 0x00000001
06-06 03:17:00.910 I/System.out( 4417): URI: //map
06-06 03:17:00.910 I/System.out( 4417): params: {json={"query":"* marked:'Sedan'","operation":{"method_name":"query","arguments":[]}}
06-06 03:17:00.910 I/System.out( 4417): }
06-06 03:17:00.915 W/ResourceType( 4417): No package identifier when getting name for resource number 0x00000001
06-06 03:17:01.222 I/System.out( 4417): URI: //map
06-06 03:17:01.222 I/System.out( 4417): params: {json={"query":"* marked:'Sedan'","operation":{"method_name":"query","arguments":[]}}
06-06 03:17:01.222 I/System.out( 4417): }
06-06 03:17:01.226 W/ResourceType( 4417): No package identifier when getting name for resource number 0x00000001
06-06 03:17:01.532 I/System.out( 4417): URI: //map
06-06 03:17:01.532 I/System.out( 4417): params: {json={"query":"* marked:'Sedan'","operation":{"method_name":"query","arguments":[]}}
06-06 03:17:01.532 I/System.out( 4417): }
06-06 03:17:01.536 W/ResourceType( 4417): No package identifier when getting name for resource number 0x00000001
06-06 03:17:01.842 I/System.out( 4417): URI: //map
06-06 03:17:01.842 I/System.out( 4417): params: {json={"query":"* marked:'Sedan'","operation":{"method_name":"query","arguments":[]}}
06-06 03:17:01.842 I/System.out( 4417): }
06-06 03:17:01.846 W/ResourceType( 4417): No package identifier when getting name for resource number 0x00000001
06-06 03:17:02.152 I/System.out( 4417): URI: //map
06-06 03:17:02.152 I/System.out( 4417): params: {json={"query":"* marked:'Sedan'","operation":{"method_name":"query","arguments":[]}}
06-06 03:17:02.152 I/System.out( 4417): }
06-06 03:17:02.156 W/ResourceType( 4417): No package identifier when getting name for resource number 0x00000001
06-06 03:17:02.465 I/System.out( 4417): URI: //map
06-06 03:17:02.465 I/System.out( 4417): params: {json={"query":"* marked:'Sedan'","operation":{"method_name":"query","arguments":[]}}
06-06 03:17:02.465 I/System.out( 4417): }
06-06 03:17:02.470 W/ResourceType( 4417): No package identifier when getting name for resource number 0x00000001
06-06 03:17:02.776 I/System.out( 4417): URI: //map
06-06 03:17:02.776 I/System.out( 4417): params: {json={"query":"* marked:'Sedan'","operation":{"method_name":"query","arguments":[]}}
06-06 03:17:02.776 I/System.out( 4417): }
06-06 03:17:02.780 W/ResourceType( 4417): No package identifier when getting name for resource number 0x00000001
06-06 03:17:03.088 I/System.out( 4417): URI: //map
06-06 03:17:03.088 I/System.out( 4417): params: {json={"query":"* marked:'Sedan'","operation":{"method_name":"query","arguments":[]}}
06-06 03:17:03.088 I/System.out( 4417): }
06-06 03:17:03.091 W/ResourceType( 4417): No package identifier when getting name for resource number 0x00000001
06-06 03:17:03.397 I/System.out( 4417): URI: //map
06-06 03:17:03.397 I/System.out( 4417): params: {json={"query":"* marked:'Sedan'","operation":{"method_name":"query","arguments":[]}}
06-06 03:17:03.397 I/System.out( 4417): }
06-06 03:17:03.401 W/ResourceType( 4417): No package identifier when getting name for resource number 0x00000001
06-06 03:17:03.708 I/System.out( 4417): URI: //map
06-06 03:17:03.708 I/System.out( 4417): params: {json={"query":"* marked:'Sedan'","operation":{"method_name":"query","arguments":[]}}
06-06 03:17:03.708 I/System.out( 4417): }
06-06 03:17:03.712 W/ResourceType( 4417): No package identifier when getting name for resource number 0x00000001
06-06 03:17:04.022 I/System.out( 4417): URI: //map
06-06 03:17:04.022 I/System.out( 4417): params: {json={"query":"* marked:'Sedan'","operation":{"method_name":"query","arguments":[]}}
06-06 03:17:04.022 I/System.out( 4417): }
06-06 03:17:04.029 W/ResourceType( 4417): No package identifier when getting name for resource number 0x00000001
06-06 03:17:04.340 I/System.out( 4417): URI: //map
06-06 03:17:04.340 I/System.out( 4417): params: {json={"query":"* marked:'Sedan'","operation":{"method_name":"query","arguments":[]}}
06-06 03:17:04.340 I/System.out( 4417): }
06-06 03:17:04.343 W/ResourceType( 4417): No package identifier when getting name for resource number 0x00000001
06-06 03:17:04.649 I/System.out( 4417): URI: //map
06-06 03:17:04.649 I/System.out( 4417): params: {json={"query":"* marked:'Sedan'","operation":{"method_name":"query","arguments":[]}}
06-06 03:17:04.649 I/System.out( 4417): }
06-06 03:17:04.653 W/ResourceType( 4417): No package identifier when getting name for resource number 0x00000001
06-06 03:17:04.959 I/System.out( 4417): URI: //map
06-06 03:17:04.959 I/System.out( 4417): params: {json={"query":"* marked:'Sedan'","operation":{"method_name":"query","arguments":[]}}
06-06 03:17:04.959 I/System.out( 4417): }
