--------- beginning of main
06-06 17:45:10.348 V/PhoneStatusBar( 1713): setLightsOn(true)
06-06 17:45:10.352 D/gralloc_ranchu( 1348): gralloc_alloc: Creating ashmem region of size 3145728
06-06 17:45:10.357 E/EGL_emulation( 1348): tid 1348: eglCreateSyncKHR(1901): error 0x3004 (EGL_BAD_ATTRIBUTE)
--------- beginning of system
06-06 17:45:10.374 W/ActivityManager( 1631): Finishing task with all activities already finished
06-06 17:45:10.374 W/ActivityManager( 1631): Duplicate finish request for ActivityRecord{ba9a796 u0 com.evancharlton.mileage/.Mileage t24703 f}
06-06 17:45:10.375 W/ActivityManager( 1631): Finishing task with all activities already finished
06-06 17:45:10.375 W/ActivityManager( 1631): Duplicate finish request for ActivityRecord{ba9a796 u0 com.evancharlton.mileage/.Mileage t24703 f}
06-06 17:45:10.375 W/ActivityManager( 1631): Finishing task with all activities already finished
06-06 17:45:10.375 W/ActivityManager( 1631): Duplicate finish request for ActivityRecord{ba9a796 u0 com.evancharlton.mileage/.Mileage t24703 f}
06-06 17:45:10.375 W/ActivityManager( 1631): Finishing task with all activities already finished
06-06 17:45:10.375 W/ActivityManager( 1631): Duplicate finish request for ActivityRecord{ba9a796 u0 com.evancharlton.mileage/.Mileage t24703 f}
06-06 17:45:10.375 W/ActivityManager( 1631): Finishing task with all activities already finished
06-06 17:45:10.375 W/ActivityManager( 1631): Duplicate finish request for ActivityRecord{ba9a796 u0 com.evancharlton.mileage/.Mileage t24703 f}
06-06 17:45:10.375 W/ActivityManager( 1631): Finishing task with all activities already finished
06-06 17:45:10.375 W/ActivityManager( 1631): Duplicate finish request for ActivityRecord{ab0dd0 u0 com.evancharlton.mileage/.charts.LastYearCostChart t24703 f}
06-06 17:45:10.375 W/ActivityManager( 1631): Finishing task with all activities already finished
06-06 17:45:10.375 W/ActivityManager( 1631): Duplicate finish request for ActivityRecord{ab0dd0 u0 com.evancharlton.mileage/.charts.LastYearCostChart t24703 f}
06-06 17:45:10.375 W/ActivityManager( 1631): Finishing task with all activities already finished
06-06 17:45:10.376 W/ActivityManager( 1631): Duplicate finish request for ActivityRecord{ba9a796 u0 com.evancharlton.mileage/.Mileage t24703 f}
06-06 17:45:10.376 W/ActivityManager( 1631): Finishing task with all activities already finished
06-06 17:45:10.376 W/ActivityManager( 1631): Duplicate finish request for ActivityRecord{ba9a796 u0 com.evancharlton.mileage/.Mileage t24703 f}
06-06 17:45:10.417 D/EGL_emulation( 2106): eglMakeCurrent: 0xa6a85300: ver 2 0 (tinfo 0xa6a83220)
06-06 17:45:10.417 D/EGL_emulation( 1713): eglMakeCurrent: 0xa6a85780: ver 2 0 (tinfo 0xa6a83640)
06-06 17:45:10.432 D/EGL_emulation( 1713): eglMakeCurrent: 0xa6a85780: ver 2 0 (tinfo 0xa6a83640)
06-06 17:45:10.449 D/EGL_emulation( 1713): eglMakeCurrent: 0xa6a85780: ver 2 0 (tinfo 0xa6a83640)
06-06 17:45:10.465 D/EGL_emulation( 1713): eglMakeCurrent: 0xa6a85780: ver 2 0 (tinfo 0xa6a83640)
06-06 17:45:10.467 D/EGL_emulation( 1713): eglMakeCurrent: 0xa6a85780: ver 2 0 (tinfo 0xa6a83640)
06-06 17:45:10.473 D/AndroidRuntime(16475): >>>>>> START com.android.internal.os.RuntimeInit uid 2000 <<<<<<
06-06 17:45:10.474 D/AndroidRuntime(16475): CheckJNI is ON
06-06 17:45:10.482 D/EGL_emulation( 1713): eglMakeCurrent: 0xa6a85780: ver 2 0 (tinfo 0xa6a83640)
06-06 17:45:10.484 D/EGL_emulation( 1713): eglMakeCurrent: 0xa6a85780: ver 2 0 (tinfo 0xa6a83640)
06-06 17:45:10.486 W/art     (16475): Unexpected CPU variant for X86 using defaults: x86
06-06 17:45:10.488 D/ICU     (16475): No timezone override file found: /data/misc/zoneinfo/current/icu/icu_tzdata.dat
06-06 17:45:10.497 E/memtrack(16475): Couldn't load memtrack module (No such file or directory)
06-06 17:45:10.497 E/android.os.Debug(16475): failed to load memtrack module: -2
06-06 17:45:10.497 I/Radio-JNI(16475): register_android_hardware_Radio DONE
06-06 17:45:10.498 D/EGL_emulation( 1713): eglMakeCurrent: 0xa6a85780: ver 2 0 (tinfo 0xa6a83640)
06-06 17:45:10.500 D/EGL_emulation( 1713): eglMakeCurrent: 0xa6a85780: ver 2 0 (tinfo 0xa6a83640)
06-06 17:45:10.502 D/AndroidRuntime(16475): Calling main entry com.android.commands.am.Am
06-06 17:45:10.503 I/ActivityManager( 1631): Force stopping com.evancharlton.mileage appid=10728 user=0: start instr
06-06 17:45:10.503 I/ActivityManager( 1631): Killing 16431:com.evancharlton.mileage/u0a728 (adj 0): stop com.evancharlton.mileage
06-06 17:45:10.503 D/ActivityManager( 1631): cleanUpApplicationRecord -- 16431
06-06 17:45:10.503 I/WindowManager( 1631): Destroying surface Surface(name=com.evancharlton.mileage/com.evancharlton.mileage.charts.LastYearCostChart) called by com.android.server.wm.WindowStateAnimator.destroySurface:2016 com.android.server.wm.WindowStateAnimator.destroySurfaceLocked:882 com.android.server.wm.WindowState.removeLocked:1456 com.android.server.wm.WindowManagerService.removeWindowInnerLocked:2484 com.android.server.wm.WindowManagerService.removeWindowLocked:2442 com.android.server.wm.WindowManagerService.removeWindowLocked:2311 com.android.server.wm.AppWindowToken.removeAllWindows:530 com.android.server.wm.AppWindowToken.removeAppFromTaskLocked:326 
06-06 17:45:10.505 W/ActivityManager( 1631): Crash of app com.evancharlton.mileage running instrumentation ComponentInfo{com.evancharlton.mileage.test/sh.calaba.instrumentationbackend.CalabashInstrumentationTestRunner}
06-06 17:45:10.505 I/ActivityManager( 1631): Force stopping com.evancharlton.mileage appid=10728 user=0: finished inst
06-06 17:45:10.507 I/art     (16485): Not late-enabling -Xcheck:jni (already on)
06-06 17:45:10.507 W/art     (16485): Unexpected CPU variant for X86 using defaults: x86
06-06 17:45:10.515 D/EGL_emulation( 1713): eglMakeCurrent: 0xa6a85780: ver 2 0 (tinfo 0xa6a83640)
06-06 17:45:10.516 I/ActivityManager( 1631): Start proc 16485:com.evancharlton.mileage/u0a728 for added application com.evancharlton.mileage
06-06 17:45:10.516 D/AndroidRuntime(16475): Shutting down VM
06-06 17:45:10.516 D/EGL_emulation( 1713): eglMakeCurrent: 0xa6a85780: ver 2 0 (tinfo 0xa6a83640)
06-06 17:45:10.520 W/System  (16485): ClassLoader referenced unknown path: /data/app/com.evancharlton.mileage.test-1/lib/x86
06-06 17:45:10.521 W/System  (16485): ClassLoader referenced unknown path: /data/app/com.evancharlton.mileage-1/lib/x86
06-06 17:45:10.523 W/System  (16485): ClassLoader referenced unknown path: 
06-06 17:45:10.526 I/System.out(16485): Main activity name automatically set to: com.evancharlton.mileage.Mileage
06-06 17:45:10.526 I/System.out(16485): Calabash did not load Mono. This is only a problem if you are trying to test a Mono application
06-06 17:45:10.526 I/calabash(16485): Test server port: 7102
06-06 17:45:10.527 I/InstrumentationBackend(16485): Added:'GetPreferences', with key:'get_preferences'
06-06 17:45:10.531 D/EGL_emulation( 1713): eglMakeCurrent: 0xa6a85780: ver 2 0 (tinfo 0xa6a83640)
06-06 17:45:10.532 I/InstrumentationBackend(16485): Added:'SetPreferences', with key:'set_preferences'
06-06 17:45:10.532 I/InstrumentationBackend(16485): Added:'ClearPreferences', with key:'clear_preferences'
06-06 17:45:10.532 I/InstrumentationBackend(16485): Added:'PressElement', with key:'press_l10n_element'
06-06 17:45:10.532 I/InstrumentationBackend(16485): Added:'WaitForElement', with key:'wait_for_l10n_element'
06-06 17:45:10.532 I/InstrumentationBackend(16485): Added:'NullAction', with key:'nullAction'
06-06 17:45:10.532 I/InstrumentationBackend(16485): Added:'PressKey', with key:'press_key'
06-06 17:45:10.532 I/InstrumentationBackend(16485): Added:'SetActivityOrientation', with key:'set_activity_orientation'
06-06 17:45:10.532 I/InstrumentationBackend(16485): Added:'GetActivityOrientation', with key:'get_activity_orientation'
06-06 17:45:10.532 I/InstrumentationBackend(16485): Added:'FakeGPSLocation', with key:'set_gps_coordinates'
06-06 17:45:10.532 I/InstrumentationBackend(16485): Added:'SetPropertyByCssSelector', with key:'set_property_by_css_selector'
06-06 17:45:10.532 I/InstrumentationBackend(16485): Added:'GetUrl', with key:'get_url'
06-06 17:45:10.533 I/InstrumentationBackend(16485): Added:'ScrollTo', with key:'scroll_to'
06-06 17:45:10.533 I/InstrumentationBackend(16485): Added:'GetLoadProgress', with key:'get_load_progress'
06-06 17:45:10.533 I/InstrumentationBackend(16485): Added:'DumpHtml', with key:'dump_html'
06-06 17:45:10.533 I/InstrumentationBackend(16485): Added:'DumpBodyHtml', with key:'dump_body_html'
06-06 17:45:10.533 I/InstrumentationBackend(16485): Added:'EnterTextByCssSelector', with key:'enter_text_by_selector'
06-06 17:45:10.533 D/EGL_emulation( 1713): eglMakeCurrent: 0xa6a85780: ver 2 0 (tinfo 0xa6a83640)
06-06 17:45:10.533 I/InstrumentationBackend(16485): Added:'AndroidSDKVersion', with key:'android_sdk_version'
06-06 17:45:10.533 I/InstrumentationBackend(16485): Added:'Version', with key:'version'
06-06 17:45:10.533 I/InstrumentationBackend(16485): Added:'Drag', with key:'drag'
06-06 17:45:10.533 I/InstrumentationBackend(16485): Added:'TouchCoordinates', with key:'touch_coordinate'
06-06 17:45:10.533 I/InstrumentationBackend(16485): Added:'LongPressCoordinate', with key:'long_press_coordinate'
06-06 17:45:10.533 I/InstrumentationBackend(16485): Added:'DragCoordinates', with key:'drag_coordinates'
06-06 17:45:10.533 I/InstrumentationBackend(16485): Added:'ResumeApplication', with key:'resume_application'
06-06 17:45:10.533 I/InstrumentationBackend(16485): Added:'Swipe', with key:'swipe'
06-06 17:45:10.533 I/InstrumentationBackend(16485): Added:'DoubleTapCoordinate', with key:'double_tap_coordinate'
06-06 17:45:10.533 I/InstrumentationBackend(16485): Added:'ClickOnScreen', with key:'click_on_screen'
06-06 17:45:10.534 I/InstrumentationBackend(16485): Added:'GetActivityName', with key:'get_activity_name'
06-06 17:45:10.534 I/InstrumentationBackend(16485): Added:'ScrollToView', with key:'scroll_to_view'
06-06 17:45:10.534 I/InstrumentationBackend(16485): Added:'ViewConfiguration', with key:'view_configuration'
06-06 17:45:10.534 I/InstrumentationBackend(16485): Added:'IsCurrentActivityFocused', with key:'is_current_activity_focused'
06-06 17:45:10.534 I/InstrumentationBackend(16485): Added:'SendTcp', with key:'send_tcp'
06-06 17:45:10.534 I/InstrumentationBackend(16485): Added:'DpToDevicePixel', with key:'dp_to_device_pixel'
06-06 17:45:10.534 I/InstrumentationBackend(16485): Added:'KeyboardEnterText', with key:'keyboard_enter_text'
06-06 17:45:10.534 I/InstrumentationBackend(16485): Added:'DeleteSurroundingText', with key:'delete_surrounding_text'
06-06 17:45:10.534 I/InstrumentationBackend(16485): Added:'SetComposingRegion', with key:'set_composing_region'
06-06 17:45:10.534 I/InstrumentationBackend(16485): Added:'SetSelection', with key:'set_selection'
06-06 17:45:10.534 I/InstrumentationBackend(16485): Added:'KeyboardKeyEvent', with key:'keyboard_key_event'
06-06 17:45:10.534 I/InstrumentationBackend(16485): Added:'PressUserActionButton', with key:'press_user_action_button'
06-06 17:45:10.534 I/InstrumentationBackend(16485): Added:'HideSoftKeyboard', with key:'hide_soft_keyboard'
06-06 17:45:10.534 I/InstrumentationBackend(16485): Added:'ListActions', with key:'list_actions'
06-06 17:45:10.535 I/calabash(16485): Instantiating http server at 7102
06-06 17:45:10.535 I/System.out(16485): HTTP Daemon listening on: 7102
06-06 17:45:10.548 D/EGL_emulation( 1713): eglMakeCurrent: 0xa6a85780: ver 2 0 (tinfo 0xa6a83640)
06-06 17:45:10.549 D/EGL_emulation( 1713): eglMakeCurrent: 0xa6a85780: ver 2 0 (tinfo 0xa6a83640)
06-06 17:45:10.565 D/EGL_emulation( 1713): eglMakeCurrent: 0xa6a85780: ver 2 0 (tinfo 0xa6a83640)
06-06 17:45:10.570 D/EGL_emulation( 1713): eglMakeCurrent: 0xa6a85780: ver 2 0 (tinfo 0xa6a83640)
06-06 17:45:10.585 D/EGL_emulation( 1713): eglMakeCurrent: 0xa6a85780: ver 2 0 (tinfo 0xa6a83640)
06-06 17:45:10.586 D/EGL_emulation( 1713): eglMakeCurrent: 0xa6a85780: ver 2 0 (tinfo 0xa6a83640)
06-06 17:45:10.588 I/WindowManager( 1631): WIN DEATH: Window{cc2cb5d u0 com.evancharlton.mileage/com.evancharlton.mileage.Mileage EXITING}
06-06 17:45:10.598 D/EGL_emulation( 1713): eglMakeCurrent: 0xa6a85780: ver 2 0 (tinfo 0xa6a83640)
06-06 17:45:10.601 D/EGL_emulation( 1713): eglMakeCurrent: 0xa6a85780: ver 2 0 (tinfo 0xa6a83640)
06-06 17:45:10.615 D/EGL_emulation( 1713): eglMakeCurrent: 0xa6a85780: ver 2 0 (tinfo 0xa6a83640)
06-06 17:45:10.616 D/EGL_emulation( 1713): eglMakeCurrent: 0xa6a85780: ver 2 0 (tinfo 0xa6a83640)
06-06 17:45:10.625 I/System.out(16485): URI: //ping
06-06 17:45:10.625 I/System.out(16485): params: {json={}
06-06 17:45:10.625 I/System.out(16485): }
06-06 17:45:10.627 I/System.out(16485): URI: //ping
06-06 17:45:10.627 I/System.out(16485): params: {json={}
06-06 17:45:10.627 I/System.out(16485): }
06-06 17:45:10.628 I/System.out(16485): URI: //ready
06-06 17:45:10.628 I/System.out(16485): params: {json={}
06-06 17:45:10.628 I/System.out(16485): }
06-06 17:45:10.630 I/System.out(16485): URI: //
06-06 17:45:10.630 I/System.out(16485): params: {json={"command":"version","arguments":[]}
06-06 17:45:10.630 I/System.out(16485): }
06-06 17:45:10.630 I/System.out(16485): header: {content-type=application/json;charset=utf-8, date=Sat, 06 Jun 2020 22:45:11 GMT, accept=*/*, host=127.0.0.1:34784, content-length=36, user-agent=HTTPClient/1.0 (2.8.3, ruby 2.5.1 (2018-03-29))}
06-06 17:45:10.630 I/System.out(16485): params: {json={"command":"version","arguments":[]}
06-06 17:45:10.630 I/System.out(16485): }
06-06 17:45:10.630 I/System.out(16485): ProP json = {"command":"version","arguments":[]}
06-06 17:45:10.630 I/System.out(16485): files: {}
06-06 17:45:10.630 I/System.out(16485): command: {"command":"version","arguments":[]}
06-06 17:45:10.632 D/EGL_emulation( 1713): eglMakeCurrent: 0xa6a85780: ver 2 0 (tinfo 0xa6a83640)
06-06 17:45:10.633 I/InstrumentationBackend(16485): Got command:'Command:'Line:null,version', arguments:'[]'
06-06 17:45:10.639 I/System.out(16485): result:{"bonusInformation":[],"message":"0.9.8","success":true}
06-06 17:45:10.641 I/System.out(16485): URI: //start-application
06-06 17:45:10.641 I/System.out(16485): params: {json={"intent":null}
06-06 17:45:10.641 I/System.out(16485): }
06-06 17:45:10.648 D/EGL_emulation( 1713): eglMakeCurrent: 0xa6a85780: ver 2 0 (tinfo 0xa6a83640)
06-06 17:45:10.649 D/EGL_emulation( 1713): eglMakeCurrent: 0xa6a85780: ver 2 0 (tinfo 0xa6a83640)
06-06 17:45:10.649 I/ActivityManager( 1631): START u0 {act=android.intent.action.MAIN cat=[android.intent.category.LAUNCHER] flg=0x10200000 cmp=com.evancharlton.mileage/.Mileage} from uid 10728 on display 0
06-06 17:45:10.653 I/calabash(16485): newActivity1
06-06 17:45:10.660 I/calabash(16485): newActivity1
06-06 17:45:10.661 W/ActivityManager( 1631): Bad activity token: android.os.BinderProxy@d93af3a
06-06 17:45:10.661 W/ActivityManager( 1631): java.lang.ClassCastException: android.os.BinderProxy cannot be cast to com.android.server.am.ActivityRecord$Token
06-06 17:45:10.661 W/ActivityManager( 1631): 	at com.android.server.am.ActivityRecord.forTokenLocked(ActivityRecord.java:586)
06-06 17:45:10.661 W/ActivityManager( 1631): 	at com.android.server.am.ActivityRecord.isInStackLocked(ActivityRecord.java:1327)
06-06 17:45:10.661 W/ActivityManager( 1631): 	at com.android.server.am.ActivityRecord.getStackLocked(ActivityRecord.java:1332)
06-06 17:45:10.661 W/ActivityManager( 1631): 	at com.android.server.am.ActivityManagerService.getActivityDisplayId(ActivityManagerService.java:9806)
06-06 17:45:10.661 W/ActivityManager( 1631): 	at android.app.ActivityManagerNative.onTransact(ActivityManagerNative.java:2566)
06-06 17:45:10.661 W/ActivityManager( 1631): 	at com.android.server.am.ActivityManagerService.onTransact(ActivityManagerService.java:2757)
06-06 17:45:10.661 W/ActivityManager( 1631): 	at android.os.Binder.execTransact(Binder.java:565)
06-06 17:45:10.662 W/ActivityManager( 1631): Bad activity token: android.os.BinderProxy@d93af3a
06-06 17:45:10.662 W/ActivityManager( 1631): java.lang.ClassCastException: android.os.BinderProxy cannot be cast to com.android.server.am.ActivityRecord$Token
06-06 17:45:10.662 W/ActivityManager( 1631): 	at com.android.server.am.ActivityRecord.forTokenLocked(ActivityRecord.java:586)
06-06 17:45:10.662 W/ActivityManager( 1631): 	at com.android.server.am.ActivityRecord.isInStackLocked(ActivityRecord.java:1327)
06-06 17:45:10.662 W/ActivityManager( 1631): 	at com.android.server.am.ActivityManagerService.setTaskDescription(ActivityManagerService.java:9358)
06-06 17:45:10.662 W/ActivityManager( 1631): 	at android.app.ActivityManagerNative.onTransact(ActivityManagerNative.java:2639)
06-06 17:45:10.662 W/ActivityManager( 1631): 	at com.android.server.am.ActivityManagerService.onTransact(ActivityManagerService.java:2757)
06-06 17:45:10.662 W/ActivityManager( 1631): 	at android.os.Binder.execTransact(Binder.java:565)
06-06 17:45:10.663 W/ActivityManager( 1631): Bad activity token: android.os.BinderProxy@d93af3a
06-06 17:45:10.663 W/ActivityManager( 1631): java.lang.ClassCastException: android.os.BinderProxy cannot be cast to com.android.server.am.ActivityRecord$Token
06-06 17:45:10.663 W/ActivityManager( 1631): 	at com.android.server.am.ActivityRecord.forTokenLocked(ActivityRecord.java:586)
06-06 17:45:10.663 W/ActivityManager( 1631): 	at com.android.server.am.ActivityRecord.isInStackLocked(ActivityRecord.java:1327)
06-06 17:45:10.663 W/ActivityManager( 1631): 	at com.android.server.am.ActivityRecord.getStackLocked(ActivityRecord.java:1332)
06-06 17:45:10.663 W/ActivityManager( 1631): 	at com.android.server.am.ActivityManagerService.getActivityStackId(ActivityManagerService.java:9817)
06-06 17:45:10.663 W/ActivityManager( 1631): 	at android.app.ActivityManagerNative.onTransact(ActivityManagerNative.java:2856)
06-06 17:45:10.663 W/ActivityManager( 1631): 	at com.android.server.am.ActivityManagerService.onTransact(ActivityManagerService.java:2757)
06-06 17:45:10.663 W/ActivityManager( 1631): 	at android.os.Binder.execTransact(Binder.java:565)
06-06 17:45:10.678 W/ActivityManager( 1631): Bad activity token: android.os.BinderProxy@d93af3a
06-06 17:45:10.678 W/ActivityManager( 1631): java.lang.ClassCastException: android.os.BinderProxy cannot be cast to com.android.server.am.ActivityRecord$Token
06-06 17:45:10.678 W/ActivityManager( 1631): 	at com.android.server.am.ActivityRecord.forTokenLocked(ActivityRecord.java:586)
06-06 17:45:10.678 W/ActivityManager( 1631): 	at com.android.server.am.ActivityRecord.isInStackLocked(ActivityRecord.java:1327)
06-06 17:45:10.678 W/ActivityManager( 1631): 	at com.android.server.am.ActivityManagerService.getActivityOptions(ActivityManagerService.java:12559)
06-06 17:45:10.678 W/ActivityManager( 1631): 	at android.app.ActivityManagerNative.onTransact(ActivityManagerNative.java:1933)
06-06 17:45:10.678 W/ActivityManager( 1631): 	at com.android.server.am.ActivityManagerService.onTransact(ActivityManagerService.java:2757)
06-06 17:45:10.678 W/ActivityManager( 1631): 	at android.os.Binder.execTransact(Binder.java:565)
06-06 17:45:10.679 W/ActivityManager( 1631): Bad activity token: android.os.BinderProxy@d93af3a
06-06 17:45:10.679 W/ActivityManager( 1631): java.lang.ClassCastException: android.os.BinderProxy cannot be cast to com.android.server.am.ActivityRecord$Token
06-06 17:45:10.679 W/ActivityManager( 1631): 	at com.android.server.am.ActivityRecord.forTokenLocked(ActivityRecord.java:586)
06-06 17:45:10.679 W/ActivityManager( 1631): 	at com.android.server.am.ActivityRecord.isInStackLocked(ActivityRecord.java:1327)
06-06 17:45:10.679 W/ActivityManager( 1631): 	at com.android.server.am.ActivityManagerService.getActivityOptions(ActivityManagerService.java:12559)
06-06 17:45:10.679 W/ActivityManager( 1631): 	at android.app.ActivityManagerNative.onTransact(ActivityManagerNative.java:1933)
06-06 17:45:10.679 W/ActivityManager( 1631): 	at com.android.server.am.ActivityManagerService.onTransact(ActivityManagerService.java:2757)
06-06 17:45:10.679 W/ActivityManager( 1631): 	at android.os.Binder.execTransact(Binder.java:565)
06-06 17:45:10.681 D/gralloc_ranchu( 1348): gralloc_alloc: Creating ashmem region of size 9023488
06-06 17:45:10.705 V/PhoneStatusBar( 1713): setLightsOn(true)
06-06 17:45:10.715 D/EGL_emulation( 1713): eglMakeCurrent: 0xa6a85780: ver 2 0 (tinfo 0xa6a83640)
06-06 17:45:10.716 D/EGL_emulation( 1713): eglMakeCurrent: 0xa6a85780: ver 2 0 (tinfo 0xa6a83640)
06-06 17:45:10.717 V/PhoneStatusBar( 1713): setLightsOn(true)
06-06 17:45:10.717 V/PhoneStatusBar( 1713): setLightsOn(true)
06-06 17:45:10.717 D/gralloc_ranchu( 1348): gralloc_alloc: Creating ashmem region of size 9023488
06-06 17:45:10.719 V/PhoneStatusBar( 1713): setLightsOn(true)
06-06 17:45:10.722 D/        (16485): HostConnection::get() New Host Connection established 0x954b84c0, tid 16485
06-06 17:45:10.763 D/EGL_emulation( 2106): eglMakeCurrent: 0xa6a85300: ver 2 0 (tinfo 0xa6a83220)
06-06 17:45:10.765 D/EGL_emulation( 1713): eglMakeCurrent: 0xa6a85780: ver 2 0 (tinfo 0xa6a83640)
06-06 17:45:10.767 D/EGL_emulation( 1713): eglMakeCurrent: 0xa6a85780: ver 2 0 (tinfo 0xa6a83640)
06-06 17:45:10.769 D/EGL_emulation( 1713): eglMakeCurrent: 0xa6a85780: ver 2 0 (tinfo 0xa6a83640)
06-06 17:45:10.782 D/EGL_emulation( 1713): eglMakeCurrent: 0xa6a85780: ver 2 0 (tinfo 0xa6a83640)
06-06 17:45:10.783 D/EGL_emulation( 1713): eglMakeCurrent: 0xa6a85780: ver 2 0 (tinfo 0xa6a83640)
06-06 17:45:10.784 V/PhoneStatusBar( 1713): setLightsOn(true)
06-06 17:45:10.799 D/EGL_emulation( 1713): eglMakeCurrent: 0xa6a85780: ver 2 0 (tinfo 0xa6a83640)
06-06 17:45:10.800 D/EGL_emulation( 1713): eglMakeCurrent: 0xa6a85780: ver 2 0 (tinfo 0xa6a83640)
06-06 17:45:10.815 D/EGL_emulation( 1713): eglMakeCurrent: 0xa6a85780: ver 2 0 (tinfo 0xa6a83640)
06-06 17:45:10.816 D/gralloc_ranchu( 1348): gralloc_alloc: Creating ashmem region of size 9023488
06-06 17:45:10.824 D/EGL_emulation( 1713): eglMakeCurrent: 0xa6a85780: ver 2 0 (tinfo 0xa6a83640)
06-06 17:45:10.832 D/EGL_emulation( 1713): eglMakeCurrent: 0xa6a85780: ver 2 0 (tinfo 0xa6a83640)
06-06 17:45:10.832 I/ActivityManager( 1631): Displayed com.evancharlton.mileage/.Mileage: +181ms
06-06 17:45:10.834 D/EGL_emulation( 1713): eglMakeCurrent: 0xa6a85780: ver 2 0 (tinfo 0xa6a83640)
06-06 17:45:10.834 V/PhoneStatusBar( 1713): setLightsOn(true)
06-06 17:45:10.848 D/EGL_emulation( 1713): eglMakeCurrent: 0xa6a85780: ver 2 0 (tinfo 0xa6a83640)
06-06 17:45:10.850 D/EGL_emulation( 1713): eglMakeCurrent: 0xa6a85780: ver 2 0 (tinfo 0xa6a83640)
06-06 17:45:10.850 I/WindowManager( 1631): Destroying surface Surface(name=com.evancharlton.mileage/com.evancharlton.mileage.Mileage) called by com.android.server.wm.WindowStateAnimator.destroySurface:2016 com.android.server.wm.WindowStateAnimator.destroySurfaceLocked:882 com.android.server.wm.WindowState.removeLocked:1456 com.android.server.wm.WindowManagerService.removeWindowInnerLocked:2484 com.android.server.wm.AppWindowToken.destroySurfaces:365 com.android.server.wm.WindowStateAnimator.finishExit:565 com.android.server.wm.AppWindowAnimator.stepAnimationLocked:427 com.android.server.wm.WindowAnimator.updateAppWindowsLocked:196 
06-06 17:45:10.866 D/EGL_emulation( 1713): eglMakeCurrent: 0xa6a85780: ver 2 0 (tinfo 0xa6a83640)
06-06 17:45:10.868 D/EGL_emulation( 1713): eglMakeCurrent: 0xa6a85780: ver 2 0 (tinfo 0xa6a83640)
06-06 17:45:10.869 V/PhoneStatusBar( 1713): setLightsOn(true)
06-06 17:45:10.873 I/System.out(16485): URI: //map
06-06 17:45:10.873 I/System.out(16485): params: {json={"query":"* marked:'Statistics'","operation":{"method_name":"query","arguments":[]}}
06-06 17:45:10.873 I/System.out(16485): }
06-06 17:45:10.882 D/EGL_emulation( 1713): eglMakeCurrent: 0xa6a85780: ver 2 0 (tinfo 0xa6a83640)
06-06 17:45:10.884 D/EGL_emulation( 1713): eglMakeCurrent: 0xa6a85780: ver 2 0 (tinfo 0xa6a83640)
06-06 17:45:10.888 W/ResourceType(16485): No package identifier when getting name for resource number 0x00000001
06-06 17:45:10.898 D/EGL_emulation( 1713): eglMakeCurrent: 0xa6a85780: ver 2 0 (tinfo 0xa6a83640)
06-06 17:45:10.900 D/EGL_emulation( 1713): eglMakeCurrent: 0xa6a85780: ver 2 0 (tinfo 0xa6a83640)
06-06 17:45:10.901 I/System.out(16485): URI: //gesture
06-06 17:45:10.901 I/System.out(16485): params: {json={"query_timeout":5.0,"gestures":[{"query_string":"* marked:'Statistics'","touches":[{"x":50,"y":50,"offset_x":0,"offset_y":0,"wait":0.0,"time":0.2,"release":true,"query_string":null}]}]}
06-06 17:45:10.901 I/System.out(16485): }
06-06 17:45:10.906 W/ResourceType(16485): No package identifier when getting name for resource number 0x00000001
06-06 17:45:10.915 D/EGL_emulation( 1713): eglMakeCurrent: 0xa6a85780: ver 2 0 (tinfo 0xa6a83640)
06-06 17:45:10.922 D/EGL_emulation( 1713): eglMakeCurrent: 0xa6a85780: ver 2 0 (tinfo 0xa6a83640)
06-06 17:45:10.933 D/EGL_emulation( 1713): eglMakeCurrent: 0xa6a85780: ver 2 0 (tinfo 0xa6a83640)
06-06 17:45:10.937 D/EGL_emulation( 1713): eglMakeCurrent: 0xa6a85780: ver 2 0 (tinfo 0xa6a83640)
06-06 17:45:10.948 D/EGL_emulation( 1713): eglMakeCurrent: 0xa6a85780: ver 2 0 (tinfo 0xa6a83640)
06-06 17:45:11.032 I/WindowManager( 1631): Destroying surface Surface(name=Starting com.evancharlton.mileage) called by com.android.server.wm.WindowStateAnimator.destroySurface:2016 com.android.server.wm.WindowStateAnimator.destroySurfaceLocked:882 com.android.server.wm.WindowState.destroyOrSaveSurface:2100 com.android.server.wm.AppWindowToken.destroySurfaces:363 com.android.server.wm.WindowStateAnimator.finishExit:565 com.android.server.wm.WindowStateAnimator.stepAnimationLocked:491 com.android.server.wm.WindowAnimator.updateWindowsLocked:303 com.android.server.wm.WindowAnimator.animateLocked:704 
06-06 17:45:11.036 V/PhoneStatusBar( 1713): setLightsOn(true)
06-06 17:45:11.066 V/PhoneStatusBar( 1713): setLightsOn(true)
06-06 17:45:11.134 I/calabash(16485): newActivity1
06-06 17:45:11.143 I/System.out(16485): URI: //map
06-06 17:45:11.143 I/System.out(16485): params: {json={"query":"* marked:'Estimated cost per year'","operation":{"method_name":"query","arguments":[]}}
06-06 17:45:11.143 I/System.out(16485): }
06-06 17:45:11.145 W/ActivityManager( 1631): Bad activity token: android.os.BinderProxy@c8c2478
06-06 17:45:11.145 W/ActivityManager( 1631): java.lang.ClassCastException: android.os.BinderProxy cannot be cast to com.android.server.am.ActivityRecord$Token
06-06 17:45:11.145 W/ActivityManager( 1631): 	at com.android.server.am.ActivityRecord.forTokenLocked(ActivityRecord.java:586)
06-06 17:45:11.145 W/ActivityManager( 1631): 	at com.android.server.am.ActivityRecord.isInStackLocked(ActivityRecord.java:1327)
06-06 17:45:11.145 W/ActivityManager( 1631): 	at com.android.server.am.ActivityRecord.getStackLocked(ActivityRecord.java:1332)
06-06 17:45:11.145 W/ActivityManager( 1631): 	at com.android.server.am.ActivityManagerService.getActivityDisplayId(ActivityManagerService.java:9806)
06-06 17:45:11.145 W/ActivityManager( 1631): 	at android.app.ActivityManagerNative.onTransact(ActivityManagerNative.java:2566)
06-06 17:45:11.145 W/ActivityManager( 1631): 	at com.android.server.am.ActivityManagerService.onTransact(ActivityManagerService.java:2757)
06-06 17:45:11.145 W/ActivityManager( 1631): 	at android.os.Binder.execTransact(Binder.java:565)
06-06 17:45:11.147 W/ActivityManager( 1631): Bad activity token: android.os.BinderProxy@c8c2478
06-06 17:45:11.147 W/ActivityManager( 1631): java.lang.ClassCastException: android.os.BinderProxy cannot be cast to com.android.server.am.ActivityRecord$Token
06-06 17:45:11.147 W/ActivityManager( 1631): 	at com.android.server.am.ActivityRecord.forTokenLocked(ActivityRecord.java:586)
06-06 17:45:11.147 W/ActivityManager( 1631): 	at com.android.server.am.ActivityRecord.isInStackLocked(ActivityRecord.java:1327)
06-06 17:45:11.147 W/ActivityManager( 1631): 	at com.android.server.am.ActivityManagerService.setTaskDescription(ActivityManagerService.java:9358)
06-06 17:45:11.147 W/ActivityManager( 1631): 	at android.app.ActivityManagerNative.onTransact(ActivityManagerNative.java:2639)
06-06 17:45:11.147 W/ActivityManager( 1631): 	at com.android.server.am.ActivityManagerService.onTransact(ActivityManagerService.java:2757)
06-06 17:45:11.147 W/ActivityManager( 1631): 	at android.os.Binder.execTransact(Binder.java:565)
06-06 17:45:11.147 W/ActivityManager( 1631): Bad activity token: android.os.BinderProxy@c8c2478
06-06 17:45:11.147 W/ActivityManager( 1631): java.lang.ClassCastException: android.os.BinderProxy cannot be cast to com.android.server.am.ActivityRecord$Token
06-06 17:45:11.147 W/ActivityManager( 1631): 	at com.android.server.am.ActivityRecord.forTokenLocked(ActivityRecord.java:586)
06-06 17:45:11.147 W/ActivityManager( 1631): 	at com.android.server.am.ActivityRecord.isInStackLocked(ActivityRecord.java:1327)
06-06 17:45:11.147 W/ActivityManager( 1631): 	at com.android.server.am.ActivityRecord.getStackLocked(ActivityRecord.java:1332)
06-06 17:45:11.147 W/ActivityManager( 1631): 	at com.android.server.am.ActivityManagerService.getActivityStackId(ActivityManagerService.java:9817)
06-06 17:45:11.147 W/ActivityManager( 1631): 	at android.app.ActivityManagerNative.onTransact(ActivityManagerNative.java:2856)
06-06 17:45:11.147 W/ActivityManager( 1631): 	at com.android.server.am.ActivityManagerService.onTransact(ActivityManagerService.java:2757)
06-06 17:45:11.147 W/ActivityManager( 1631): 	at android.os.Binder.execTransact(Binder.java:565)
06-06 17:45:11.154 D/VehicleStatisticsActivity(16485): Checking recalculation ...
06-06 17:45:11.155 D/VehicleStatisticsActivity(16485): Recalculation not necessary.
06-06 17:45:11.165 W/ActivityManager( 1631): Bad activity token: android.os.BinderProxy@c8c2478
06-06 17:45:11.165 W/ActivityManager( 1631): java.lang.ClassCastException: android.os.BinderProxy cannot be cast to com.android.server.am.ActivityRecord$Token
06-06 17:45:11.165 W/ActivityManager( 1631): 	at com.android.server.am.ActivityRecord.forTokenLocked(ActivityRecord.java:586)
06-06 17:45:11.165 W/ActivityManager( 1631): 	at com.android.server.am.ActivityRecord.isInStackLocked(ActivityRecord.java:1327)
06-06 17:45:11.165 W/ActivityManager( 1631): 	at com.android.server.am.ActivityManagerService.getActivityOptions(ActivityManagerService.java:12559)
06-06 17:45:11.165 W/ActivityManager( 1631): 	at android.app.ActivityManagerNative.onTransact(ActivityManagerNative.java:1933)
06-06 17:45:11.165 W/ActivityManager( 1631): 	at com.android.server.am.ActivityManagerService.onTransact(ActivityManagerService.java:2757)
06-06 17:45:11.165 W/ActivityManager( 1631): 	at android.os.Binder.execTransact(Binder.java:565)
06-06 17:45:11.166 W/ActivityManager( 1631): Bad activity token: android.os.BinderProxy@c8c2478
06-06 17:45:11.166 W/ActivityManager( 1631): java.lang.ClassCastException: android.os.BinderProxy cannot be cast to com.android.server.am.ActivityRecord$Token
06-06 17:45:11.166 W/ActivityManager( 1631): 	at com.android.server.am.ActivityRecord.forTokenLocked(ActivityRecord.java:586)
06-06 17:45:11.166 W/ActivityManager( 1631): 	at com.android.server.am.ActivityRecord.isInStackLocked(ActivityRecord.java:1327)
06-06 17:45:11.166 W/ActivityManager( 1631): 	at com.android.server.am.ActivityManagerService.getActivityOptions(ActivityManagerService.java:12559)
06-06 17:45:11.166 W/ActivityManager( 1631): 	at android.app.ActivityManagerNative.onTransact(ActivityManagerNative.java:1933)
06-06 17:45:11.166 W/ActivityManager( 1631): 	at com.android.server.am.ActivityManagerService.onTransact(ActivityManagerService.java:2757)
06-06 17:45:11.166 W/ActivityManager( 1631): 	at android.os.Binder.execTransact(Binder.java:565)
06-06 17:45:11.167 D/VehicleStatisticsActivity(16485): Checking recalculation ...
06-06 17:45:11.168 D/VehicleStatisticsActivity(16485): Recalculation not necessary.
06-06 17:45:11.198 V/PhoneStatusBar( 1713): setLightsOn(true)
06-06 17:45:11.248 W/ResourceType(16485): No package identifier when getting name for resource number 0x00000001
06-06 17:45:11.251 I/art     (16485): Do partial code cache collection, code=30KB, data=29KB
06-06 17:45:11.251 I/art     (16485): After code cache collection, code=29KB, data=29KB
06-06 17:45:11.251 I/art     (16485): Increasing code cache capacity to 128KB
06-06 17:45:11.266 I/System.out(16485): URI: //gesture
06-06 17:45:11.266 I/System.out(16485): params: {json={"query_timeout":5.0,"gestures":[{"query_string":"* marked:'Estimated cost per year'","touches":[{"x":50,"y":50,"offset_x":0,"offset_y":0,"wait":0.0,"time":0.2,"release":true,"query_string":null}]}]}
06-06 17:45:11.266 I/System.out(16485): }
06-06 17:45:11.271 W/ResourceType(16485): No package identifier when getting name for resource number 0x00000001
06-06 17:45:11.481 V/PhoneStatusBar( 1713): setLightsOn(true)
06-06 17:45:11.483 V/PhoneStatusBar( 1713): setLightsOn(true)
06-06 17:45:11.484 W/OpenGLRenderer( 2106): Incorrectly called buildLayer on View: ShortcutAndWidgetContainer, destroying layer...
06-06 17:45:11.499 I/WindowManager( 1631): Destroying surface Surface(name=com.android.launcher3/com.android.launcher3.Launcher) called by com.android.server.wm.WindowStateAnimator.destroySurface:2016 com.android.server.wm.WindowStateAnimator.destroySurfaceLocked:882 com.android.server.wm.WindowState.destroyOrSaveSurface:2100 com.android.server.wm.AppWindowToken.destroySurfaces:363 com.android.server.wm.AppWindowToken.notifyAppStopped:389 com.android.server.wm.WindowManagerService.notifyAppStopped:4463 com.android.server.am.ActivityStack.activityStoppedLocked:1252 com.android.server.am.ActivityManagerService.activityStopped:6903 
06-06 17:45:11.501 V/PhoneStatusBar( 1713): setLightsOn(true)
06-06 17:45:11.535 I/System.out(16485): URI: //map
06-06 17:45:11.535 I/System.out(16485): params: {json={"query":"* {text CONTAINS[c] 'No chart for this statistic (yet!)'}","operation":{"method_name":"query","arguments":[]}}
06-06 17:45:11.535 I/System.out(16485): }
06-06 17:45:11.589 V/PhoneStatusBar( 1713): setLightsOn(true)
06-06 17:45:11.599 V/PhoneStatusBar( 1713): setLightsOn(true)
06-06 17:45:11.614 D/gralloc_ranchu( 1348): gralloc_alloc: Creating ashmem region of size 327680
06-06 17:45:11.620 V/PhoneStatusBar( 1713): setLightsOn(true)
06-06 17:45:11.632 V/PhoneStatusBar( 1713): setLightsOn(true)
06-06 17:45:11.921 I/System.out(16485): URI: //map
06-06 17:45:11.921 I/System.out(16485): params: {json={"query":"* {text CONTAINS[c] 'No chart for this statistic (yet!)'}","operation":{"method_name":"query","arguments":[]}}
06-06 17:45:11.921 I/System.out(16485): }
