--------- beginning of main
06-05 21:23:21.886 V/PhoneStatusBar( 1711): setLightsOn(true)
06-05 21:23:21.887 V/PhoneStatusBar( 1711): setLightsOn(true)
--------- beginning of system
06-05 21:23:21.888 W/ActivityManager( 1630): Finishing task with all activities already finished
06-05 21:23:21.888 W/ActivityManager( 1630): Duplicate finish request for ActivityRecord{fb48046 u0 com.evancharlton.mileage/.Mileage t7526 f}
06-05 21:23:21.888 W/ActivityManager( 1630): Finishing task with all activities already finished
06-05 21:23:21.888 W/ActivityManager( 1630): Duplicate finish request for ActivityRecord{fb48046 u0 com.evancharlton.mileage/.Mileage t7526 f}
06-05 21:23:21.888 W/ActivityManager( 1630): Finishing task with all activities already finished
06-05 21:23:21.888 W/ActivityManager( 1630): Duplicate finish request for ActivityRecord{fb48046 u0 com.evancharlton.mileage/.Mileage t7526 f}
06-05 21:23:21.889 W/ActivityManager( 1630): Finishing task with all activities already finished
06-05 21:23:21.889 W/ActivityManager( 1630): Duplicate finish request for ActivityRecord{fb48046 u0 com.evancharlton.mileage/.Mileage t7526 f}
06-05 21:23:21.889 W/ActivityManager( 1630): Finishing task with all activities already finished
06-05 21:23:21.889 W/ActivityManager( 1630): Duplicate finish request for ActivityRecord{fb48046 u0 com.evancharlton.mileage/.Mileage t7526 f}
06-05 21:23:21.913 D/gralloc_ranchu( 1347): gralloc_alloc: Creating ashmem region of size 253952
06-05 21:23:21.963 D/gralloc_ranchu( 1347): gralloc_alloc: Creating ashmem region of size 3145728
06-05 21:23:21.969 E/EGL_emulation( 1347): tid 1347: eglCreateSyncKHR(1901): error 0x3004 (EGL_BAD_ATTRIBUTE)
06-05 21:23:22.013 D/EGL_emulation( 1711): eglMakeCurrent: 0xb0f853c0: ver 2 0 (tinfo 0xb0f833e0)
06-05 21:23:22.028 D/EGL_emulation( 1711): eglMakeCurrent: 0xb0f853c0: ver 2 0 (tinfo 0xb0f833e0)
06-05 21:23:22.029 D/EGL_emulation( 2083): eglMakeCurrent: 0xb0f85240: ver 2 0 (tinfo 0xb0f832d0)
06-05 21:23:22.056 D/AndroidRuntime(11615): >>>>>> START com.android.internal.os.RuntimeInit uid 2000 <<<<<<
06-05 21:23:22.057 D/AndroidRuntime(11615): CheckJNI is ON
06-05 21:23:22.063 D/EGL_emulation( 1711): eglMakeCurrent: 0xb0f853c0: ver 2 0 (tinfo 0xb0f833e0)
06-05 21:23:22.071 W/art     (11615): Unexpected CPU variant for X86 using defaults: x86
06-05 21:23:22.073 D/ICU     (11615): No timezone override file found: /data/misc/zoneinfo/current/icu/icu_tzdata.dat
06-05 21:23:22.077 I/WindowManager( 1630): Destroying surface Surface(name=PopupWindow:43f8327) called by com.android.server.wm.WindowStateAnimator.destroySurface:2016 com.android.server.wm.WindowStateAnimator.destroySurfaceLocked:882 com.android.server.wm.WindowState.removeLocked:1456 com.android.server.wm.WindowManagerService.removeWindowInnerLocked:2484 com.android.server.wm.AppWindowToken.destroySurfaces:365 com.android.server.wm.WindowStateAnimator.finishExit:565 com.android.server.wm.WindowStateAnimator.stepAnimationLocked:491 com.android.server.wm.WindowAnimator.updateWindowsLocked:303 
06-05 21:23:22.077 D/EGL_emulation( 1711): eglMakeCurrent: 0xb0f853c0: ver 2 0 (tinfo 0xb0f833e0)
06-05 21:23:22.079 D/EGL_emulation( 1711): eglMakeCurrent: 0xb0f853c0: ver 2 0 (tinfo 0xb0f833e0)
06-05 21:23:22.082 E/memtrack(11615): Couldn't load memtrack module (No such file or directory)
06-05 21:23:22.082 E/android.os.Debug(11615): failed to load memtrack module: -2
06-05 21:23:22.083 I/Radio-JNI(11615): register_android_hardware_Radio DONE
06-05 21:23:22.087 D/AndroidRuntime(11615): Calling main entry com.android.commands.am.Am
06-05 21:23:22.089 I/ActivityManager( 1630): Force stopping com.evancharlton.mileage appid=10286 user=0: start instr
06-05 21:23:22.089 I/ActivityManager( 1630): Killing 11571:com.evancharlton.mileage/u0a286 (adj 0): stop com.evancharlton.mileage
06-05 21:23:22.089 D/ActivityManager( 1630): cleanUpApplicationRecord -- 11571
06-05 21:23:22.089 W/ActivityManager( 1630): Crash of app com.evancharlton.mileage running instrumentation ComponentInfo{com.evancharlton.mileage.test/sh.calaba.instrumentationbackend.CalabashInstrumentationTestRunner}
06-05 21:23:22.089 I/ActivityManager( 1630): Force stopping com.evancharlton.mileage appid=10286 user=0: finished inst
06-05 21:23:22.092 I/art     (11625): Not late-enabling -Xcheck:jni (already on)
06-05 21:23:22.092 W/art     (11625): Unexpected CPU variant for X86 using defaults: x86
06-05 21:23:22.095 D/EGL_emulation( 1711): eglMakeCurrent: 0xb0f853c0: ver 2 0 (tinfo 0xb0f833e0)
06-05 21:23:22.097 D/EGL_emulation( 1711): eglMakeCurrent: 0xb0f853c0: ver 2 0 (tinfo 0xb0f833e0)
06-05 21:23:22.100 I/ActivityManager( 1630): Start proc 11625:com.evancharlton.mileage/u0a286 for added application com.evancharlton.mileage
06-05 21:23:22.100 D/AndroidRuntime(11615): Shutting down VM
06-05 21:23:22.105 W/System  (11625): ClassLoader referenced unknown path: /data/app/com.evancharlton.mileage.test-1/lib/x86
06-05 21:23:22.105 W/System  (11625): ClassLoader referenced unknown path: /data/app/com.evancharlton.mileage-1/lib/x86
06-05 21:23:22.107 W/System  (11625): ClassLoader referenced unknown path: 
06-05 21:23:22.111 D/EGL_emulation( 1711): eglMakeCurrent: 0xb0f853c0: ver 2 0 (tinfo 0xb0f833e0)
06-05 21:23:22.111 I/System.out(11625): Main activity name automatically set to: com.evancharlton.mileage.Mileage
06-05 21:23:22.112 I/System.out(11625): Calabash did not load Mono. This is only a problem if you are trying to test a Mono application
06-05 21:23:22.112 I/calabash(11625): Test server port: 7102
06-05 21:23:22.113 I/InstrumentationBackend(11625): Added:'GetPreferences', with key:'get_preferences'
06-05 21:23:22.113 D/EGL_emulation( 1711): eglMakeCurrent: 0xb0f853c0: ver 2 0 (tinfo 0xb0f833e0)
06-05 21:23:22.118 I/InstrumentationBackend(11625): Added:'SetPreferences', with key:'set_preferences'
06-05 21:23:22.118 I/InstrumentationBackend(11625): Added:'ClearPreferences', with key:'clear_preferences'
06-05 21:23:22.119 I/InstrumentationBackend(11625): Added:'PressElement', with key:'press_l10n_element'
06-05 21:23:22.119 I/InstrumentationBackend(11625): Added:'WaitForElement', with key:'wait_for_l10n_element'
06-05 21:23:22.119 I/InstrumentationBackend(11625): Added:'NullAction', with key:'nullAction'
06-05 21:23:22.119 I/InstrumentationBackend(11625): Added:'PressKey', with key:'press_key'
06-05 21:23:22.119 I/InstrumentationBackend(11625): Added:'SetActivityOrientation', with key:'set_activity_orientation'
06-05 21:23:22.119 I/InstrumentationBackend(11625): Added:'GetActivityOrientation', with key:'get_activity_orientation'
06-05 21:23:22.119 I/InstrumentationBackend(11625): Added:'FakeGPSLocation', with key:'set_gps_coordinates'
06-05 21:23:22.119 I/InstrumentationBackend(11625): Added:'SetPropertyByCssSelector', with key:'set_property_by_css_selector'
06-05 21:23:22.119 I/InstrumentationBackend(11625): Added:'GetUrl', with key:'get_url'
06-05 21:23:22.119 I/InstrumentationBackend(11625): Added:'ScrollTo', with key:'scroll_to'
06-05 21:23:22.119 I/InstrumentationBackend(11625): Added:'GetLoadProgress', with key:'get_load_progress'
06-05 21:23:22.119 I/InstrumentationBackend(11625): Added:'DumpHtml', with key:'dump_html'
06-05 21:23:22.119 I/InstrumentationBackend(11625): Added:'DumpBodyHtml', with key:'dump_body_html'
06-05 21:23:22.119 I/InstrumentationBackend(11625): Added:'EnterTextByCssSelector', with key:'enter_text_by_selector'
06-05 21:23:22.120 I/InstrumentationBackend(11625): Added:'AndroidSDKVersion', with key:'android_sdk_version'
06-05 21:23:22.120 I/InstrumentationBackend(11625): Added:'Version', with key:'version'
06-05 21:23:22.120 I/InstrumentationBackend(11625): Added:'Drag', with key:'drag'
06-05 21:23:22.120 I/InstrumentationBackend(11625): Added:'TouchCoordinates', with key:'touch_coordinate'
06-05 21:23:22.120 I/InstrumentationBackend(11625): Added:'LongPressCoordinate', with key:'long_press_coordinate'
06-05 21:23:22.120 I/InstrumentationBackend(11625): Added:'DragCoordinates', with key:'drag_coordinates'
06-05 21:23:22.120 I/InstrumentationBackend(11625): Added:'ResumeApplication', with key:'resume_application'
06-05 21:23:22.120 I/InstrumentationBackend(11625): Added:'Swipe', with key:'swipe'
06-05 21:23:22.120 I/InstrumentationBackend(11625): Added:'DoubleTapCoordinate', with key:'double_tap_coordinate'
06-05 21:23:22.120 I/InstrumentationBackend(11625): Added:'ClickOnScreen', with key:'click_on_screen'
06-05 21:23:22.120 I/InstrumentationBackend(11625): Added:'GetActivityName', with key:'get_activity_name'
06-05 21:23:22.120 I/InstrumentationBackend(11625): Added:'ScrollToView', with key:'scroll_to_view'
06-05 21:23:22.120 I/InstrumentationBackend(11625): Added:'ViewConfiguration', with key:'view_configuration'
06-05 21:23:22.120 I/InstrumentationBackend(11625): Added:'IsCurrentActivityFocused', with key:'is_current_activity_focused'
06-05 21:23:22.120 I/InstrumentationBackend(11625): Added:'SendTcp', with key:'send_tcp'
06-05 21:23:22.120 I/InstrumentationBackend(11625): Added:'DpToDevicePixel', with key:'dp_to_device_pixel'
06-05 21:23:22.120 I/InstrumentationBackend(11625): Added:'KeyboardEnterText', with key:'keyboard_enter_text'
06-05 21:23:22.120 I/InstrumentationBackend(11625): Added:'DeleteSurroundingText', with key:'delete_surrounding_text'
06-05 21:23:22.120 I/InstrumentationBackend(11625): Added:'SetComposingRegion', with key:'set_composing_region'
06-05 21:23:22.120 I/InstrumentationBackend(11625): Added:'SetSelection', with key:'set_selection'
06-05 21:23:22.120 I/InstrumentationBackend(11625): Added:'KeyboardKeyEvent', with key:'keyboard_key_event'
06-05 21:23:22.120 I/InstrumentationBackend(11625): Added:'PressUserActionButton', with key:'press_user_action_button'
06-05 21:23:22.120 I/InstrumentationBackend(11625): Added:'HideSoftKeyboard', with key:'hide_soft_keyboard'
06-05 21:23:22.120 I/InstrumentationBackend(11625): Added:'ListActions', with key:'list_actions'
06-05 21:23:22.120 I/calabash(11625): Instantiating http server at 7102
06-05 21:23:22.121 I/System.out(11625): HTTP Daemon listening on: 7102
06-05 21:23:22.128 D/EGL_emulation( 1711): eglMakeCurrent: 0xb0f853c0: ver 2 0 (tinfo 0xb0f833e0)
06-05 21:23:22.128 W/InputDispatcher( 1630): channel '5191c82 com.evancharlton.mileage/com.evancharlton.mileage.Mileage (server)' ~ Consumer closed input channel or an error occurred.  events=0x9
06-05 21:23:22.128 E/InputDispatcher( 1630): channel '5191c82 com.evancharlton.mileage/com.evancharlton.mileage.Mileage (server)' ~ Channel is unrecoverably broken and will be disposed!
06-05 21:23:22.128 I/WindowManager( 1630): WIN DEATH: Window{c144d8a u0 Toast}
06-05 21:23:22.130 I/WindowManager( 1630): WIN DEATH: Window{5191c82 u0 com.evancharlton.mileage/com.evancharlton.mileage.Mileage EXITING}
06-05 21:23:22.130 W/InputDispatcher( 1630): Attempted to unregister already unregistered input channel '5191c82 com.evancharlton.mileage/com.evancharlton.mileage.Mileage (server)'
06-05 21:23:22.142 D/EGL_emulation( 1711): eglMakeCurrent: 0xb0f853c0: ver 2 0 (tinfo 0xb0f833e0)
06-05 21:23:22.144 D/EGL_emulation( 1711): eglMakeCurrent: 0xb0f853c0: ver 2 0 (tinfo 0xb0f833e0)
06-05 21:23:22.146 D/EGL_emulation( 1711): eglMakeCurrent: 0xb0f853c0: ver 2 0 (tinfo 0xb0f833e0)
06-05 21:23:22.161 D/EGL_emulation( 1711): eglMakeCurrent: 0xb0f853c0: ver 2 0 (tinfo 0xb0f833e0)
06-05 21:23:22.163 D/EGL_emulation( 1711): eglMakeCurrent: 0xb0f853c0: ver 2 0 (tinfo 0xb0f833e0)
06-05 21:23:22.178 D/EGL_emulation( 1711): eglMakeCurrent: 0xb0f853c0: ver 2 0 (tinfo 0xb0f833e0)
06-05 21:23:22.180 D/EGL_emulation( 1711): eglMakeCurrent: 0xb0f853c0: ver 2 0 (tinfo 0xb0f833e0)
06-05 21:23:22.194 D/EGL_emulation( 1711): eglMakeCurrent: 0xb0f853c0: ver 2 0 (tinfo 0xb0f833e0)
06-05 21:23:22.196 D/EGL_emulation( 1711): eglMakeCurrent: 0xb0f853c0: ver 2 0 (tinfo 0xb0f833e0)
06-05 21:23:22.210 I/System.out(11625): URI: //ping
06-05 21:23:22.210 I/System.out(11625): params: {json={}
06-05 21:23:22.210 I/System.out(11625): }
06-05 21:23:22.211 D/EGL_emulation( 1711): eglMakeCurrent: 0xb0f853c0: ver 2 0 (tinfo 0xb0f833e0)
06-05 21:23:22.212 I/System.out(11625): URI: //ping
06-05 21:23:22.213 I/System.out(11625): params: {json={}
06-05 21:23:22.213 I/System.out(11625): }
06-05 21:23:22.213 D/EGL_emulation( 1711): eglMakeCurrent: 0xb0f853c0: ver 2 0 (tinfo 0xb0f833e0)
06-05 21:23:22.215 I/System.out(11625): URI: //ready
06-05 21:23:22.215 I/System.out(11625): params: {json={}
06-05 21:23:22.215 I/System.out(11625): }
06-05 21:23:22.217 I/System.out(11625): URI: //
06-05 21:23:22.217 I/System.out(11625): params: {json={"command":"version","arguments":[]}
06-05 21:23:22.217 I/System.out(11625): }
06-05 21:23:22.217 I/System.out(11625): header: {content-type=application/json;charset=utf-8, date=Sat, 06 Jun 2020 02:23:22 GMT, accept=*/*, host=127.0.0.1:34777, content-length=36, user-agent=HTTPClient/1.0 (2.8.3, ruby 2.5.1 (2018-03-29))}
06-05 21:23:22.217 I/System.out(11625): params: {json={"command":"version","arguments":[]}
06-05 21:23:22.217 I/System.out(11625): }
06-05 21:23:22.217 I/System.out(11625): ProP json = {"command":"version","arguments":[]}
06-05 21:23:22.217 I/System.out(11625): files: {}
06-05 21:23:22.217 I/System.out(11625): command: {"command":"version","arguments":[]}
06-05 21:23:22.220 I/InstrumentationBackend(11625): Got command:'Command:'Line:null,version', arguments:'[]'
06-05 21:23:22.226 I/System.out(11625): result:{"bonusInformation":[],"message":"0.9.8","success":true}
06-05 21:23:22.228 I/System.out(11625): URI: //start-application
06-05 21:23:22.228 I/System.out(11625): params: {json={"intent":null}
06-05 21:23:22.228 I/System.out(11625): }
06-05 21:23:22.228 D/EGL_emulation( 1711): eglMakeCurrent: 0xb0f853c0: ver 2 0 (tinfo 0xb0f833e0)
06-05 21:23:22.237 I/ActivityManager( 1630): START u0 {act=android.intent.action.MAIN cat=[android.intent.category.LAUNCHER] flg=0x10200000 cmp=com.evancharlton.mileage/.Mileage} from uid 10286 on display 0
06-05 21:23:22.243 I/calabash(11625): newActivity1
06-05 21:23:22.244 D/EGL_emulation( 1711): eglMakeCurrent: 0xb0f853c0: ver 2 0 (tinfo 0xb0f833e0)
06-05 21:23:22.246 D/EGL_emulation( 1711): eglMakeCurrent: 0xb0f853c0: ver 2 0 (tinfo 0xb0f833e0)
06-05 21:23:22.254 I/calabash(11625): newActivity1
06-05 21:23:22.255 W/ActivityManager( 1630): Bad activity token: android.os.BinderProxy@51e2992
06-05 21:23:22.255 W/ActivityManager( 1630): java.lang.ClassCastException: android.os.BinderProxy cannot be cast to com.android.server.am.ActivityRecord$Token
06-05 21:23:22.255 W/ActivityManager( 1630): 	at com.android.server.am.ActivityRecord.forTokenLocked(ActivityRecord.java:586)
06-05 21:23:22.255 W/ActivityManager( 1630): 	at com.android.server.am.ActivityRecord.isInStackLocked(ActivityRecord.java:1327)
06-05 21:23:22.255 W/ActivityManager( 1630): 	at com.android.server.am.ActivityRecord.getStackLocked(ActivityRecord.java:1332)
06-05 21:23:22.255 W/ActivityManager( 1630): 	at com.android.server.am.ActivityManagerService.getActivityDisplayId(ActivityManagerService.java:9806)
06-05 21:23:22.255 W/ActivityManager( 1630): 	at android.app.ActivityManagerNative.onTransact(ActivityManagerNative.java:2566)
06-05 21:23:22.255 W/ActivityManager( 1630): 	at com.android.server.am.ActivityManagerService.onTransact(ActivityManagerService.java:2757)
06-05 21:23:22.255 W/ActivityManager( 1630): 	at android.os.Binder.execTransact(Binder.java:565)
06-05 21:23:22.256 W/ActivityManager( 1630): Bad activity token: android.os.BinderProxy@51e2992
06-05 21:23:22.256 W/ActivityManager( 1630): java.lang.ClassCastException: android.os.BinderProxy cannot be cast to com.android.server.am.ActivityRecord$Token
06-05 21:23:22.256 W/ActivityManager( 1630): 	at com.android.server.am.ActivityRecord.forTokenLocked(ActivityRecord.java:586)
06-05 21:23:22.256 W/ActivityManager( 1630): 	at com.android.server.am.ActivityRecord.isInStackLocked(ActivityRecord.java:1327)
06-05 21:23:22.256 W/ActivityManager( 1630): 	at com.android.server.am.ActivityManagerService.setTaskDescription(ActivityManagerService.java:9358)
06-05 21:23:22.256 W/ActivityManager( 1630): 	at android.app.ActivityManagerNative.onTransact(ActivityManagerNative.java:2639)
06-05 21:23:22.256 W/ActivityManager( 1630): 	at com.android.server.am.ActivityManagerService.onTransact(ActivityManagerService.java:2757)
06-05 21:23:22.256 W/ActivityManager( 1630): 	at android.os.Binder.execTransact(Binder.java:565)
06-05 21:23:22.256 W/ActivityManager( 1630): Bad activity token: android.os.BinderProxy@51e2992
06-05 21:23:22.256 W/ActivityManager( 1630): java.lang.ClassCastException: android.os.BinderProxy cannot be cast to com.android.server.am.ActivityRecord$Token
06-05 21:23:22.256 W/ActivityManager( 1630): 	at com.android.server.am.ActivityRecord.forTokenLocked(ActivityRecord.java:586)
06-05 21:23:22.256 W/ActivityManager( 1630): 	at com.android.server.am.ActivityRecord.isInStackLocked(ActivityRecord.java:1327)
06-05 21:23:22.256 W/ActivityManager( 1630): 	at com.android.server.am.ActivityRecord.getStackLocked(ActivityRecord.java:1332)
06-05 21:23:22.256 W/ActivityManager( 1630): 	at com.android.server.am.ActivityManagerService.getActivityStackId(ActivityManagerService.java:9817)
06-05 21:23:22.256 W/ActivityManager( 1630): 	at android.app.ActivityManagerNative.onTransact(ActivityManagerNative.java:2856)
06-05 21:23:22.256 W/ActivityManager( 1630): 	at com.android.server.am.ActivityManagerService.onTransact(ActivityManagerService.java:2757)
06-05 21:23:22.256 W/ActivityManager( 1630): 	at android.os.Binder.execTransact(Binder.java:565)
06-05 21:23:22.261 D/EGL_emulation( 1711): eglMakeCurrent: 0xb0f853c0: ver 2 0 (tinfo 0xb0f833e0)
06-05 21:23:22.262 D/gralloc_ranchu( 1347): gralloc_alloc: Creating ashmem region of size 9023488
06-05 21:23:22.269 D/EGL_emulation( 1711): eglMakeCurrent: 0xb0f853c0: ver 2 0 (tinfo 0xb0f833e0)
06-05 21:23:22.279 W/ActivityManager( 1630): Bad activity token: android.os.BinderProxy@51e2992
06-05 21:23:22.279 W/ActivityManager( 1630): java.lang.ClassCastException: android.os.BinderProxy cannot be cast to com.android.server.am.ActivityRecord$Token
06-05 21:23:22.279 W/ActivityManager( 1630): 	at com.android.server.am.ActivityRecord.forTokenLocked(ActivityRecord.java:586)
06-05 21:23:22.279 W/ActivityManager( 1630): 	at com.android.server.am.ActivityRecord.isInStackLocked(ActivityRecord.java:1327)
06-05 21:23:22.279 W/ActivityManager( 1630): 	at com.android.server.am.ActivityManagerService.getActivityOptions(ActivityManagerService.java:12559)
06-05 21:23:22.279 W/ActivityManager( 1630): 	at android.app.ActivityManagerNative.onTransact(ActivityManagerNative.java:1933)
06-05 21:23:22.279 W/ActivityManager( 1630): 	at com.android.server.am.ActivityManagerService.onTransact(ActivityManagerService.java:2757)
06-05 21:23:22.279 W/ActivityManager( 1630): 	at android.os.Binder.execTransact(Binder.java:565)
06-05 21:23:22.280 W/ActivityManager( 1630): Bad activity token: android.os.BinderProxy@51e2992
06-05 21:23:22.280 W/ActivityManager( 1630): java.lang.ClassCastException: android.os.BinderProxy cannot be cast to com.android.server.am.ActivityRecord$Token
06-05 21:23:22.280 W/ActivityManager( 1630): 	at com.android.server.am.ActivityRecord.forTokenLocked(ActivityRecord.java:586)
06-05 21:23:22.280 W/ActivityManager( 1630): 	at com.android.server.am.ActivityRecord.isInStackLocked(ActivityRecord.java:1327)
06-05 21:23:22.280 W/ActivityManager( 1630): 	at com.android.server.am.ActivityManagerService.getActivityOptions(ActivityManagerService.java:12559)
06-05 21:23:22.280 W/ActivityManager( 1630): 	at android.app.ActivityManagerNative.onTransact(ActivityManagerNative.java:1933)
06-05 21:23:22.280 W/ActivityManager( 1630): 	at com.android.server.am.ActivityManagerService.onTransact(ActivityManagerService.java:2757)
06-05 21:23:22.280 W/ActivityManager( 1630): 	at android.os.Binder.execTransact(Binder.java:565)
06-05 21:23:22.300 V/PhoneStatusBar( 1711): setLightsOn(true)
06-05 21:23:22.312 D/EGL_emulation( 2083): eglMakeCurrent: 0xb0f85240: ver 2 0 (tinfo 0xb0f832d0)
06-05 21:23:22.312 D/EGL_emulation( 1711): eglMakeCurrent: 0xb0f853c0: ver 2 0 (tinfo 0xb0f833e0)
06-05 21:23:22.312 V/PhoneStatusBar( 1711): setLightsOn(true)
06-05 21:23:22.327 D/gralloc_ranchu( 1347): gralloc_alloc: Creating ashmem region of size 9023488
06-05 21:23:22.332 D/EGL_emulation( 1711): eglMakeCurrent: 0xb0f853c0: ver 2 0 (tinfo 0xb0f833e0)
06-05 21:23:22.333 D/        (11625): HostConnection::get() New Host Connection established 0xa3837500, tid 11625
06-05 21:23:22.334 D/EGL_emulation( 1711): eglMakeCurrent: 0xb0f853c0: ver 2 0 (tinfo 0xb0f833e0)
06-05 21:23:22.334 V/PhoneStatusBar( 1711): setLightsOn(true)
06-05 21:23:22.372 D/EGL_emulation( 1711): eglMakeCurrent: 0xb0f853c0: ver 2 0 (tinfo 0xb0f833e0)
06-05 21:23:22.374 D/EGL_emulation( 1711): eglMakeCurrent: 0xb0f853c0: ver 2 0 (tinfo 0xb0f833e0)
06-05 21:23:22.376 D/EGL_emulation( 1711): eglMakeCurrent: 0xb0f853c0: ver 2 0 (tinfo 0xb0f833e0)
06-05 21:23:22.378 D/EGL_emulation( 1711): eglMakeCurrent: 0xb0f853c0: ver 2 0 (tinfo 0xb0f833e0)
06-05 21:23:22.380 D/EGL_emulation( 1711): eglMakeCurrent: 0xb0f853c0: ver 2 0 (tinfo 0xb0f833e0)
06-05 21:23:22.395 D/EGL_emulation( 1711): eglMakeCurrent: 0xb0f853c0: ver 2 0 (tinfo 0xb0f833e0)
06-05 21:23:22.396 D/EGL_emulation( 1711): eglMakeCurrent: 0xb0f853c0: ver 2 0 (tinfo 0xb0f833e0)
06-05 21:23:22.411 D/EGL_emulation( 1711): eglMakeCurrent: 0xb0f853c0: ver 2 0 (tinfo 0xb0f833e0)
06-05 21:23:22.413 D/EGL_emulation( 1711): eglMakeCurrent: 0xb0f853c0: ver 2 0 (tinfo 0xb0f833e0)
06-05 21:23:22.413 D/gralloc_ranchu( 1347): gralloc_alloc: Creating ashmem region of size 9023488
06-05 21:23:22.428 D/EGL_emulation( 1711): eglMakeCurrent: 0xb0f853c0: ver 2 0 (tinfo 0xb0f833e0)
06-05 21:23:22.429 I/ActivityManager( 1630): Displayed com.evancharlton.mileage/.Mileage: +189ms
06-05 21:23:22.431 D/EGL_emulation( 1711): eglMakeCurrent: 0xb0f853c0: ver 2 0 (tinfo 0xb0f833e0)
06-05 21:23:22.444 D/EGL_emulation( 1711): eglMakeCurrent: 0xb0f853c0: ver 2 0 (tinfo 0xb0f833e0)
06-05 21:23:22.446 D/EGL_emulation( 1711): eglMakeCurrent: 0xb0f853c0: ver 2 0 (tinfo 0xb0f833e0)
06-05 21:23:22.461 I/WindowManager( 1630): Destroying surface Surface(name=com.evancharlton.mileage/com.evancharlton.mileage.Mileage) called by com.android.server.wm.WindowStateAnimator.destroySurface:2016 com.android.server.wm.WindowStateAnimator.destroySurfaceLocked:882 com.android.server.wm.WindowState.destroyOrSaveSurface:2100 com.android.server.wm.AppWindowToken.destroySurfaces:363 com.android.server.wm.WindowStateAnimator.finishExit:565 com.android.server.wm.WindowStateAnimator.stepAnimationLocked:491 com.android.server.wm.WindowAnimator.updateWindowsLocked:303 com.android.server.wm.WindowAnimator.animateLocked:704 
06-05 21:23:22.464 D/EGL_emulation( 1711): eglMakeCurrent: 0xb0f853c0: ver 2 0 (tinfo 0xb0f833e0)
06-05 21:23:22.466 D/EGL_emulation( 1711): eglMakeCurrent: 0xb0f853c0: ver 2 0 (tinfo 0xb0f833e0)
06-05 21:23:22.469 I/System.out(11625): URI: //map
06-05 21:23:22.469 I/System.out(11625): params: {json={"query":"* marked:'Vehicles'","operation":{"method_name":"query","arguments":[]}}
06-05 21:23:22.469 I/System.out(11625): }
06-05 21:23:22.479 D/EGL_emulation( 1711): eglMakeCurrent: 0xb0f853c0: ver 2 0 (tinfo 0xb0f833e0)
06-05 21:23:22.480 D/EGL_emulation( 1711): eglMakeCurrent: 0xb0f853c0: ver 2 0 (tinfo 0xb0f833e0)
06-05 21:23:22.484 W/ResourceType(11625): No package identifier when getting name for resource number 0x00000001
06-05 21:23:22.494 D/EGL_emulation( 1711): eglMakeCurrent: 0xb0f853c0: ver 2 0 (tinfo 0xb0f833e0)
06-05 21:23:22.495 V/PhoneStatusBar( 1711): setLightsOn(true)
06-05 21:23:22.496 D/EGL_emulation( 1711): eglMakeCurrent: 0xb0f853c0: ver 2 0 (tinfo 0xb0f833e0)
06-05 21:23:22.504 I/System.out(11625): URI: //gesture
06-05 21:23:22.504 I/System.out(11625): params: {json={"query_timeout":5.0,"gestures":[{"query_string":"* marked:'Vehicles'","touches":[{"x":50,"y":50,"offset_x":0,"offset_y":0,"wait":0.0,"time":0.2,"release":true,"query_string":null}]}]}
06-05 21:23:22.504 I/System.out(11625): }
06-05 21:23:22.510 W/ResourceType(11625): No package identifier when getting name for resource number 0x00000001
06-05 21:23:22.511 D/EGL_emulation( 1711): eglMakeCurrent: 0xb0f853c0: ver 2 0 (tinfo 0xb0f833e0)
06-05 21:23:22.512 D/EGL_emulation( 1711): eglMakeCurrent: 0xb0f853c0: ver 2 0 (tinfo 0xb0f833e0)
06-05 21:23:22.535 D/EGL_emulation( 1711): eglMakeCurrent: 0xb0f853c0: ver 2 0 (tinfo 0xb0f833e0)
06-05 21:23:22.537 D/EGL_emulation( 1711): eglMakeCurrent: 0xb0f853c0: ver 2 0 (tinfo 0xb0f833e0)
06-05 21:23:22.627 I/WindowManager( 1630): Destroying surface Surface(name=Starting com.evancharlton.mileage) called by com.android.server.wm.WindowStateAnimator.destroySurface:2016 com.android.server.wm.WindowStateAnimator.destroySurfaceLocked:882 com.android.server.wm.WindowState.destroyOrSaveSurface:2100 com.android.server.wm.AppWindowToken.destroySurfaces:363 com.android.server.wm.WindowStateAnimator.finishExit:565 com.android.server.wm.WindowStateAnimator.stepAnimationLocked:491 com.android.server.wm.WindowAnimator.updateWindowsLocked:303 com.android.server.wm.WindowAnimator.animateLocked:704 
06-05 21:23:22.629 V/PhoneStatusBar( 1711): setLightsOn(true)
06-05 21:23:22.661 V/PhoneStatusBar( 1711): setLightsOn(true)
06-05 21:23:22.677 V/PhoneStatusBar( 1711): setLightsOn(true)
06-05 21:23:22.678 I/WindowManager( 1630): Destroying surface Surface(name=Toast) called by com.android.server.wm.WindowStateAnimator.destroySurface:2016 com.android.server.wm.WindowStateAnimator.destroySurfaceLocked:882 com.android.server.wm.WindowState.destroyOrSaveSurface:2100 com.android.server.wm.WindowSurfacePlacer.performSurfacePlacementInner:429 com.android.server.wm.WindowSurfacePlacer.performSurfacePlacementLoop:232 com.android.server.wm.WindowSurfacePlacer.performSurfacePlacement:180 com.android.server.wm.WindowManagerService$H.handleMessage:8086 android.os.Handler.dispatchMessage:102 
06-05 21:23:22.679 V/PhoneStatusBar( 1711): setLightsOn(true)
06-05 21:23:22.747 I/calabash(11625): newActivity1
06-05 21:23:22.747 W/ActivityManager( 1630): Bad activity token: android.os.BinderProxy@d350dbc
06-05 21:23:22.747 W/ActivityManager( 1630): java.lang.ClassCastException: android.os.BinderProxy cannot be cast to com.android.server.am.ActivityRecord$Token
06-05 21:23:22.747 W/ActivityManager( 1630): 	at com.android.server.am.ActivityRecord.forTokenLocked(ActivityRecord.java:586)
06-05 21:23:22.747 W/ActivityManager( 1630): 	at com.android.server.am.ActivityRecord.isInStackLocked(ActivityRecord.java:1327)
06-05 21:23:22.747 W/ActivityManager( 1630): 	at com.android.server.am.ActivityRecord.getStackLocked(ActivityRecord.java:1332)
06-05 21:23:22.747 W/ActivityManager( 1630): 	at com.android.server.am.ActivityManagerService.getActivityDisplayId(ActivityManagerService.java:9806)
06-05 21:23:22.747 W/ActivityManager( 1630): 	at android.app.ActivityManagerNative.onTransact(ActivityManagerNative.java:2566)
06-05 21:23:22.747 W/ActivityManager( 1630): 	at com.android.server.am.ActivityManagerService.onTransact(ActivityManagerService.java:2757)
06-05 21:23:22.747 W/ActivityManager( 1630): 	at android.os.Binder.execTransact(Binder.java:565)
06-05 21:23:22.748 W/ActivityManager( 1630): Bad activity token: android.os.BinderProxy@d350dbc
06-05 21:23:22.748 W/ActivityManager( 1630): java.lang.ClassCastException: android.os.BinderProxy cannot be cast to com.android.server.am.ActivityRecord$Token
06-05 21:23:22.748 W/ActivityManager( 1630): 	at com.android.server.am.ActivityRecord.forTokenLocked(ActivityRecord.java:586)
06-05 21:23:22.748 W/ActivityManager( 1630): 	at com.android.server.am.ActivityRecord.isInStackLocked(ActivityRecord.java:1327)
06-05 21:23:22.748 W/ActivityManager( 1630): 	at com.android.server.am.ActivityManagerService.setTaskDescription(ActivityManagerService.java:9358)
06-05 21:23:22.748 W/ActivityManager( 1630): 	at android.app.ActivityManagerNative.onTransact(ActivityManagerNative.java:2639)
06-05 21:23:22.748 W/ActivityManager( 1630): 	at com.android.server.am.ActivityManagerService.onTransact(ActivityManagerService.java:2757)
06-05 21:23:22.748 W/ActivityManager( 1630): 	at android.os.Binder.execTransact(Binder.java:565)
06-05 21:23:22.749 W/ActivityManager( 1630): Bad activity token: android.os.BinderProxy@d350dbc
06-05 21:23:22.749 W/ActivityManager( 1630): java.lang.ClassCastException: android.os.BinderProxy cannot be cast to com.android.server.am.ActivityRecord$Token
06-05 21:23:22.749 W/ActivityManager( 1630): 	at com.android.server.am.ActivityRecord.forTokenLocked(ActivityRecord.java:586)
06-05 21:23:22.749 W/ActivityManager( 1630): 	at com.android.server.am.ActivityRecord.isInStackLocked(ActivityRecord.java:1327)
06-05 21:23:22.749 W/ActivityManager( 1630): 	at com.android.server.am.ActivityRecord.getStackLocked(ActivityRecord.java:1332)
06-05 21:23:22.749 W/ActivityManager( 1630): 	at com.android.server.am.ActivityManagerService.getActivityStackId(ActivityManagerService.java:9817)
06-05 21:23:22.749 W/ActivityManager( 1630): 	at android.app.ActivityManagerNative.onTransact(ActivityManagerNative.java:2856)
06-05 21:23:22.749 W/ActivityManager( 1630): 	at com.android.server.am.ActivityManagerService.onTransact(ActivityManagerService.java:2757)
06-05 21:23:22.749 W/ActivityManager( 1630): 	at android.os.Binder.execTransact(Binder.java:565)
06-05 21:23:22.751 W/ActivityManager( 1630): Bad activity token: android.os.BinderProxy@d350dbc
06-05 21:23:22.751 W/ActivityManager( 1630): java.lang.ClassCastException: android.os.BinderProxy cannot be cast to com.android.server.am.ActivityRecord$Token
06-05 21:23:22.751 W/ActivityManager( 1630): 	at com.android.server.am.ActivityRecord.forTokenLocked(ActivityRecord.java:586)
06-05 21:23:22.751 W/ActivityManager( 1630): 	at com.android.server.am.ActivityRecord.isInStackLocked(ActivityRecord.java:1327)
06-05 21:23:22.751 W/ActivityManager( 1630): 	at com.android.server.am.ActivityManagerService.getActivityOptions(ActivityManagerService.java:12559)
06-05 21:23:22.751 W/ActivityManager( 1630): 	at android.app.ActivityManagerNative.onTransact(ActivityManagerNative.java:1933)
06-05 21:23:22.751 W/ActivityManager( 1630): 	at com.android.server.am.ActivityManagerService.onTransact(ActivityManagerService.java:2757)
06-05 21:23:22.751 W/ActivityManager( 1630): 	at android.os.Binder.execTransact(Binder.java:565)
06-05 21:23:22.751 W/ActivityManager( 1630): Bad activity token: android.os.BinderProxy@d350dbc
06-05 21:23:22.751 W/ActivityManager( 1630): java.lang.ClassCastException: android.os.BinderProxy cannot be cast to com.android.server.am.ActivityRecord$Token
06-05 21:23:22.751 W/ActivityManager( 1630): 	at com.android.server.am.ActivityRecord.forTokenLocked(ActivityRecord.java:586)
06-05 21:23:22.751 W/ActivityManager( 1630): 	at com.android.server.am.ActivityRecord.isInStackLocked(ActivityRecord.java:1327)
06-05 21:23:22.751 W/ActivityManager( 1630): 	at com.android.server.am.ActivityManagerService.getActivityOptions(ActivityManagerService.java:12559)
06-05 21:23:22.751 W/ActivityManager( 1630): 	at android.app.ActivityManagerNative.onTransact(ActivityManagerNative.java:1933)
06-05 21:23:22.751 W/ActivityManager( 1630): 	at com.android.server.am.ActivityManagerService.onTransact(ActivityManagerService.java:2757)
06-05 21:23:22.751 W/ActivityManager( 1630): 	at android.os.Binder.execTransact(Binder.java:565)
06-05 21:23:22.754 I/System.out(11625): URI: //map
06-05 21:23:22.754 I/System.out(11625): params: {json={"query":"* {text CONTAINS[c] 'Javier Vehicle'}","operation":{"method_name":"query","arguments":[]}}
06-05 21:23:22.754 I/System.out(11625): }
06-05 21:23:22.761 V/PhoneStatusBar( 1711): setLightsOn(true)
06-05 21:23:22.823 I/System.out(11625): URI: //gesture
06-05 21:23:22.823 I/System.out(11625): params: {json={"query_timeout":5.0,"gestures":[{"query_string":"* {text CONTAINS[c] 'Javier Vehicle'}","touches":[{"x":50,"y":50,"offset_x":0,"offset_y":0,"wait":0.0,"time":1.0,"release":true,"query_string":null}]}]}
06-05 21:23:22.823 I/System.out(11625): }
06-05 21:23:22.829 I/art     (11625): Do partial code cache collection, code=29KB, data=29KB
06-05 21:23:22.829 I/art     (11625): After code cache collection, code=29KB, data=29KB
06-05 21:23:22.829 I/art     (11625): Increasing code cache capacity to 128KB
06-05 21:23:22.976 D/gralloc_ranchu( 1347): gralloc_alloc: Creating ashmem region of size 9023488
06-05 21:23:23.044 V/PhoneStatusBar( 1711): setLightsOn(true)
06-05 21:23:23.045 V/PhoneStatusBar( 1711): setLightsOn(true)
06-05 21:23:23.047 W/OpenGLRenderer( 2083): Incorrectly called buildLayer on View: ShortcutAndWidgetContainer, destroying layer...
06-05 21:23:23.061 I/WindowManager( 1630): Destroying surface Surface(name=com.android.launcher3/com.android.launcher3.Launcher) called by com.android.server.wm.WindowStateAnimator.destroySurface:2016 com.android.server.wm.WindowStateAnimator.destroySurfaceLocked:882 com.android.server.wm.WindowState.destroyOrSaveSurface:2100 com.android.server.wm.AppWindowToken.destroySurfaces:363 com.android.server.wm.AppWindowToken.notifyAppStopped:389 com.android.server.wm.WindowManagerService.notifyAppStopped:4463 com.android.server.am.ActivityStack.activityStoppedLocked:1252 com.android.server.am.ActivityManagerService.activityStopped:6903 
06-05 21:23:23.062 V/PhoneStatusBar( 1711): setLightsOn(true)
06-05 21:23:23.487 V/PhoneStatusBar( 1711): setLightsOn(true)
06-05 21:23:23.489 V/PhoneStatusBar( 1711): setLightsOn(true)
06-05 21:23:23.494 V/PhoneStatusBar( 1711): setLightsOn(true)
06-05 21:23:23.522 D/gralloc_ranchu( 1347): gralloc_alloc: Creating ashmem region of size 1355776
06-05 21:23:23.527 V/PhoneStatusBar( 1711): setLightsOn(true)
06-05 21:23:23.528 D/gralloc_ranchu( 1347): gralloc_alloc: Creating ashmem region of size 1355776
06-05 21:23:23.528 V/PhoneStatusBar( 1711): setLightsOn(true)
06-05 21:23:23.545 V/PhoneStatusBar( 1711): setLightsOn(true)
06-05 21:23:23.795 V/PhoneStatusBar( 1711): setLightsOn(true)
06-05 21:23:23.807 W/NotificationService( 1630): Object died trying to hide notification android.app.ITransientNotification$Stub$Proxy@1d9d8f2 in package com.evancharlton.mileage
06-05 21:23:23.871 I/System.out(11625): URI: //map
06-05 21:23:23.871 I/System.out(11625): params: {json={"query":"android.widget.ScrollView index:0","operation":{"method_name":"query","arguments":[]}}
06-05 21:23:23.871 I/System.out(11625): }
06-05 21:23:23.938 I/System.out(11625): URI: //map
06-05 21:23:23.938 I/System.out(11625): params: {json={"query":"android.widget.AbsListView index:0","operation":{"method_name":"query","arguments":[]}}
06-05 21:23:23.938 I/System.out(11625): }
06-05 21:23:23.951 I/System.out(11625): URI: //map
06-05 21:23:23.951 I/System.out(11625): params: {json={"query":"android.widget.AbsListView index:0","operation":{"method_name":"query","arguments":[]}}
06-05 21:23:23.951 I/System.out(11625): }
06-05 21:23:23.966 I/System.out(11625): URI: //map
06-05 21:23:23.966 I/System.out(11625): params: {json={"query":"android.widget.AbsListView index:0","operation":{"method_name":"query","arguments":[]}}
06-05 21:23:23.966 I/System.out(11625): }
06-05 21:23:23.985 I/System.out(11625): URI: //map
06-05 21:23:23.985 I/System.out(11625): params: {json={"query":"android.widget.AbsListView index:0","operation":{"method_name":"query","arguments":["getFirstVisiblePosition"]}}
06-05 21:23:23.985 I/System.out(11625): }
06-05 21:23:23.996 I/System.out(11625): URI: //map
06-05 21:23:23.996 I/System.out(11625): params: {json={"query":"android.widget.AbsListView index:0","operation":{"method_name":"query","arguments":["getLastVisiblePosition"]}}
06-05 21:23:23.996 I/System.out(11625): }
06-05 21:23:24.009 I/System.out(11625): URI: //map
06-05 21:23:24.009 I/System.out(11625): params: {json={"query":"android.widget.AbsListView index:0","operation":{"method_name":"query","arguments":[{"method_name":"setSelection","arguments":[1]}]}}
06-05 21:23:24.009 I/System.out(11625): }
06-05 21:23:24.029 I/System.out(11625): URI: //map
06-05 21:23:24.029 I/System.out(11625): params: {json={"query":"* {text CONTAINS[c] 'Delete'}","operation":{"method_name":"query","arguments":[]}}
06-05 21:23:24.029 I/System.out(11625): }
06-05 21:23:24.059 V/PhoneStatusBar( 1711): setLightsOn(true)
06-05 21:23:24.097 I/System.out(11625): URI: //map
06-05 21:23:24.097 I/System.out(11625): params: {json={"query":"* marked:'Delete'","operation":{"method_name":"query","arguments":[]}}
06-05 21:23:24.097 I/System.out(11625): }
06-05 21:23:24.102 W/ResourceType(11625): No package identifier when getting name for resource number 0x00000001
06-05 21:23:24.120 I/System.out(11625): URI: //gesture
06-05 21:23:24.120 I/System.out(11625): params: {json={"query_timeout":5.0,"gestures":[{"query_string":"* marked:'Delete'","touches":[{"x":50,"y":50,"offset_x":0,"offset_y":0,"wait":0.0,"time":0.2,"release":true,"query_string":null}]}]}
06-05 21:23:24.120 I/System.out(11625): }
06-05 21:23:24.121 I/art     (11625): Do partial code cache collection, code=58KB, data=61KB
06-05 21:23:24.121 I/art     (11625): After code cache collection, code=58KB, data=61KB
06-05 21:23:24.121 I/art     (11625): Increasing code cache capacity to 256KB
06-05 21:23:24.124 W/ResourceType(11625): No package identifier when getting name for resource number 0x00000001
06-05 21:23:24.288 V/PhoneStatusBar( 1711): setLightsOn(true)
06-05 21:23:24.350 V/PhoneStatusBar( 1711): setLightsOn(true)
06-05 21:23:24.352 V/PhoneStatusBar( 1711): setLightsOn(true)
06-05 21:23:24.354 V/PhoneStatusBar( 1711): setLightsOn(true)
06-05 21:23:24.355 W/InputEventReceiver(11625): Attempted to finish an input event but the input event receiver has already been disposed.
06-05 21:23:24.363 V/PhoneStatusBar( 1711): setLightsOn(true)
06-05 21:23:24.363 I/System.out(11625): URI: //map
06-05 21:23:24.363 I/System.out(11625): params: {json={"query":"* {text CONTAINS[c] 'Really delete?'}","operation":{"method_name":"query","arguments":[]}}
06-05 21:23:24.363 I/System.out(11625): }
06-05 21:23:24.378 V/PhoneStatusBar( 1711): setLightsOn(true)
06-05 21:23:24.380 D/gralloc_ranchu( 1347): gralloc_alloc: Creating ashmem region of size 2314240
06-05 21:23:24.389 V/PhoneStatusBar( 1711): setLightsOn(true)
06-05 21:23:24.391 V/PhoneStatusBar( 1711): setLightsOn(true)
06-05 21:23:24.395 V/PhoneStatusBar( 1711): setLightsOn(true)
06-05 21:23:24.399 I/System.out(11625): URI: //map
06-05 21:23:24.399 I/System.out(11625): params: {json={"query":"* {text CONTAINS[c] 'Are you sure you want to delete this?'}","operation":{"method_name":"query","arguments":[]}}
06-05 21:23:24.399 I/System.out(11625): }
06-05 21:23:24.413 I/System.out(11625): URI: //map
06-05 21:23:24.413 I/System.out(11625): params: {json={"query":"* {text CONTAINS[c] 'This cannot be undone!'}","operation":{"method_name":"query","arguments":[]}}
06-05 21:23:24.413 I/System.out(11625): }
06-05 21:23:24.430 I/System.out(11625): URI: //map
06-05 21:23:24.430 I/System.out(11625): params: {json={"query":"* marked:'OK'","operation":{"method_name":"query","arguments":[]}}
06-05 21:23:24.430 I/System.out(11625): }
06-05 21:23:24.434 W/ResourceType(11625): No package identifier when getting name for resource number 0x00000001
06-05 21:23:24.442 I/System.out(11625): URI: //gesture
06-05 21:23:24.442 I/System.out(11625): params: {json={"query_timeout":5.0,"gestures":[{"query_string":"* marked:'OK'","touches":[{"x":50,"y":50,"offset_x":0,"offset_y":0,"wait":0.0,"time":0.2,"release":true,"query_string":null}]}]}
06-05 21:23:24.442 I/System.out(11625): }
06-05 21:23:24.447 W/ResourceType(11625): No package identifier when getting name for resource number 0x00000001
06-05 21:23:24.461 D/gralloc_ranchu( 1347): gralloc_alloc: Creating ashmem region of size 2314240
06-05 21:23:24.611 I/WindowManager( 1630): Destroying surface Surface(name=PopupWindow:43f8327) called by com.android.server.wm.WindowStateAnimator.destroySurface:2016 com.android.server.wm.WindowStateAnimator.destroySurfaceLocked:882 com.android.server.wm.WindowState.destroyOrSaveSurface:2100 com.android.server.wm.AppWindowToken.destroySurfaces:363 com.android.server.wm.WindowStateAnimator.finishExit:565 com.android.server.wm.WindowStateAnimator.stepAnimationLocked:491 com.android.server.wm.WindowAnimator.updateWindowsLocked:303 com.android.server.wm.WindowAnimator.animateLocked:704 
06-05 21:23:24.613 V/PhoneStatusBar( 1711): setLightsOn(true)
06-05 21:23:24.645 V/PhoneStatusBar( 1711): setLightsOn(true)
06-05 21:23:24.662 V/PhoneStatusBar( 1711): setLightsOn(true)
06-05 21:23:24.684 V/PhoneStatusBar( 1711): setLightsOn(true)
06-05 21:23:24.684 V/PhoneStatusBar( 1711): setLightsOn(true)
06-05 21:23:24.689 I/System.out(11625): URI: //map
06-05 21:23:24.689 I/System.out(11625): params: {json={"query":"* {text CONTAINS[c] 'Javier Vehicle'}","operation":{"method_name":"query","arguments":[]}}
06-05 21:23:24.689 I/System.out(11625): }
06-05 21:23:24.698 D/Mileage.ABS(11625): Finished backup
06-05 21:23:24.738 W/InputMethodManagerService( 1630): Window already focused, ignoring focus gain of: com.android.internal.view.IInputMethodClient$Stub$Proxy@574dfbb attribute=null, token = android.os.BinderProxy@d4158ea
