--------- beginning of main
06-05 18:34:49.170 V/PhoneStatusBar( 1711): setLightsOn(true)
06-05 18:34:49.190 D/gralloc_ranchu( 1346): gralloc_alloc: Creating ashmem region of size 3145728
06-05 18:34:49.194 E/EGL_emulation( 1346): tid 1346: eglCreateSyncKHR(1901): error 0x3004 (EGL_BAD_ATTRIBUTE)
--------- beginning of system
06-05 18:34:49.214 W/ActivityManager( 1629): Finishing task with all activities already finished
06-05 18:34:49.214 W/ActivityManager( 1629): Duplicate finish request for ActivityRecord{c139840 u0 com.evancharlton.mileage/.Mileage t3092 f}
06-05 18:34:49.214 W/ActivityManager( 1629): Finishing task with all activities already finished
06-05 18:34:49.214 W/ActivityManager( 1629): Duplicate finish request for ActivityRecord{c139840 u0 com.evancharlton.mileage/.Mileage t3092 f}
06-05 18:34:49.214 W/ActivityManager( 1629): Finishing task with all activities already finished
06-05 18:34:49.214 W/ActivityManager( 1629): Duplicate finish request for ActivityRecord{c139840 u0 com.evancharlton.mileage/.Mileage t3092 f}
06-05 18:34:49.214 W/ActivityManager( 1629): Finishing task with all activities already finished
06-05 18:34:49.214 W/ActivityManager( 1629): Duplicate finish request for ActivityRecord{c139840 u0 com.evancharlton.mileage/.Mileage t3092 f}
06-05 18:34:49.214 W/ActivityManager( 1629): Finishing task with all activities already finished
06-05 18:34:49.214 W/ActivityManager( 1629): Duplicate finish request for ActivityRecord{c139840 u0 com.evancharlton.mileage/.Mileage t3092 f}
06-05 18:34:49.214 W/ActivityManager( 1629): Finishing task with all activities already finished
06-05 18:34:49.214 W/ActivityManager( 1629): Duplicate finish request for ActivityRecord{8549e2a u0 com.evancharlton.mileage/.charts.MaximumVolumeChart t3092 f}
06-05 18:34:49.214 W/ActivityManager( 1629): Finishing task with all activities already finished
06-05 18:34:49.214 W/ActivityManager( 1629): Duplicate finish request for ActivityRecord{8549e2a u0 com.evancharlton.mileage/.charts.MaximumVolumeChart t3092 f}
06-05 18:34:49.214 W/ActivityManager( 1629): Finishing task with all activities already finished
06-05 18:34:49.214 W/ActivityManager( 1629): Duplicate finish request for ActivityRecord{c139840 u0 com.evancharlton.mileage/.Mileage t3092 f}
06-05 18:34:49.214 W/ActivityManager( 1629): Finishing task with all activities already finished
06-05 18:34:49.214 W/ActivityManager( 1629): Duplicate finish request for ActivityRecord{c139840 u0 com.evancharlton.mileage/.Mileage t3092 f}
06-05 18:34:49.255 D/EGL_emulation( 2150): eglMakeCurrent: 0xb4f852a0: ver 2 0 (tinfo 0xb4f832e0)
06-05 18:34:49.256 D/EGL_emulation( 1711): eglMakeCurrent: 0xa5b6bd80: ver 2 0 (tinfo 0xb1367140)
06-05 18:34:49.271 D/EGL_emulation( 1711): eglMakeCurrent: 0xa5b6bd80: ver 2 0 (tinfo 0xb1367140)
06-05 18:34:49.288 D/EGL_emulation( 1711): eglMakeCurrent: 0xa5b6bd80: ver 2 0 (tinfo 0xb1367140)
06-05 18:34:49.303 D/AndroidRuntime( 6463): >>>>>> START com.android.internal.os.RuntimeInit uid 2000 <<<<<<
06-05 18:34:49.304 D/EGL_emulation( 1711): eglMakeCurrent: 0xa5b6bd80: ver 2 0 (tinfo 0xb1367140)
06-05 18:34:49.305 D/AndroidRuntime( 6463): CheckJNI is ON
06-05 18:34:49.306 D/EGL_emulation( 1711): eglMakeCurrent: 0xa5b6bd80: ver 2 0 (tinfo 0xb1367140)
06-05 18:34:49.315 W/art     ( 6463): Unexpected CPU variant for X86 using defaults: x86
06-05 18:34:49.317 D/ICU     ( 6463): No timezone override file found: /data/misc/zoneinfo/current/icu/icu_tzdata.dat
06-05 18:34:49.321 D/EGL_emulation( 1711): eglMakeCurrent: 0xa5b6bd80: ver 2 0 (tinfo 0xb1367140)
06-05 18:34:49.323 D/EGL_emulation( 1711): eglMakeCurrent: 0xa5b6bd80: ver 2 0 (tinfo 0xb1367140)
06-05 18:34:49.325 E/memtrack( 6463): Couldn't load memtrack module (No such file or directory)
06-05 18:34:49.325 E/android.os.Debug( 6463): failed to load memtrack module: -2
06-05 18:34:49.326 I/Radio-JNI( 6463): register_android_hardware_Radio DONE
06-05 18:34:49.330 D/AndroidRuntime( 6463): Calling main entry com.android.commands.am.Am
06-05 18:34:49.331 I/ActivityManager( 1629): Force stopping com.evancharlton.mileage appid=10160 user=0: start instr
06-05 18:34:49.331 I/ActivityManager( 1629): Killing 6411:com.evancharlton.mileage/u0a160 (adj 0): stop com.evancharlton.mileage
06-05 18:34:49.331 D/ActivityManager( 1629): cleanUpApplicationRecord -- 6411
06-05 18:34:49.332 W/ActivityManager( 1629): Crash of app com.evancharlton.mileage running instrumentation ComponentInfo{com.evancharlton.mileage.test/sh.calaba.instrumentationbackend.CalabashInstrumentationTestRunner}
06-05 18:34:49.332 I/ActivityManager( 1629): Force stopping com.evancharlton.mileage appid=10160 user=0: finished inst
06-05 18:34:49.334 I/art     ( 6473): Not late-enabling -Xcheck:jni (already on)
06-05 18:34:49.335 W/art     ( 6473): Unexpected CPU variant for X86 using defaults: x86
06-05 18:34:49.337 D/EGL_emulation( 1711): eglMakeCurrent: 0xa5b6bd80: ver 2 0 (tinfo 0xb1367140)
06-05 18:34:49.339 D/EGL_emulation( 1711): eglMakeCurrent: 0xa5b6bd80: ver 2 0 (tinfo 0xb1367140)
06-05 18:34:49.342 I/ActivityManager( 1629): Start proc 6473:com.evancharlton.mileage/u0a160 for added application com.evancharlton.mileage
06-05 18:34:49.343 D/AndroidRuntime( 6463): Shutting down VM
06-05 18:34:49.348 W/System  ( 6473): ClassLoader referenced unknown path: /data/app/com.evancharlton.mileage.test-1/lib/x86
06-05 18:34:49.348 W/System  ( 6473): ClassLoader referenced unknown path: /data/app/com.evancharlton.mileage-1/lib/x86
06-05 18:34:49.350 W/System  ( 6473): ClassLoader referenced unknown path: 
06-05 18:34:49.354 D/EGL_emulation( 1711): eglMakeCurrent: 0xa5b6bd80: ver 2 0 (tinfo 0xb1367140)
06-05 18:34:49.355 I/System.out( 6473): Main activity name automatically set to: com.evancharlton.mileage.Mileage
06-05 18:34:49.355 D/EGL_emulation( 1711): eglMakeCurrent: 0xa5b6bd80: ver 2 0 (tinfo 0xb1367140)
06-05 18:34:49.356 I/System.out( 6473): Calabash did not load Mono. This is only a problem if you are trying to test a Mono application
06-05 18:34:49.356 I/calabash( 6473): Test server port: 7102
06-05 18:34:49.356 I/InstrumentationBackend( 6473): Added:'GetPreferences', with key:'get_preferences'
06-05 18:34:49.361 I/InstrumentationBackend( 6473): Added:'SetPreferences', with key:'set_preferences'
06-05 18:34:49.361 I/InstrumentationBackend( 6473): Added:'ClearPreferences', with key:'clear_preferences'
06-05 18:34:49.361 I/InstrumentationBackend( 6473): Added:'PressElement', with key:'press_l10n_element'
06-05 18:34:49.361 I/InstrumentationBackend( 6473): Added:'WaitForElement', with key:'wait_for_l10n_element'
06-05 18:34:49.361 I/InstrumentationBackend( 6473): Added:'NullAction', with key:'nullAction'
06-05 18:34:49.361 I/InstrumentationBackend( 6473): Added:'PressKey', with key:'press_key'
06-05 18:34:49.361 I/InstrumentationBackend( 6473): Added:'SetActivityOrientation', with key:'set_activity_orientation'
06-05 18:34:49.361 I/InstrumentationBackend( 6473): Added:'GetActivityOrientation', with key:'get_activity_orientation'
06-05 18:34:49.361 I/InstrumentationBackend( 6473): Added:'FakeGPSLocation', with key:'set_gps_coordinates'
06-05 18:34:49.362 I/InstrumentationBackend( 6473): Added:'SetPropertyByCssSelector', with key:'set_property_by_css_selector'
06-05 18:34:49.362 I/InstrumentationBackend( 6473): Added:'GetUrl', with key:'get_url'
06-05 18:34:49.362 I/InstrumentationBackend( 6473): Added:'ScrollTo', with key:'scroll_to'
06-05 18:34:49.362 I/InstrumentationBackend( 6473): Added:'GetLoadProgress', with key:'get_load_progress'
06-05 18:34:49.362 I/InstrumentationBackend( 6473): Added:'DumpHtml', with key:'dump_html'
06-05 18:34:49.362 I/InstrumentationBackend( 6473): Added:'DumpBodyHtml', with key:'dump_body_html'
06-05 18:34:49.362 I/InstrumentationBackend( 6473): Added:'EnterTextByCssSelector', with key:'enter_text_by_selector'
06-05 18:34:49.362 I/InstrumentationBackend( 6473): Added:'AndroidSDKVersion', with key:'android_sdk_version'
06-05 18:34:49.362 I/InstrumentationBackend( 6473): Added:'Version', with key:'version'
06-05 18:34:49.362 I/InstrumentationBackend( 6473): Added:'Drag', with key:'drag'
06-05 18:34:49.362 I/InstrumentationBackend( 6473): Added:'TouchCoordinates', with key:'touch_coordinate'
06-05 18:34:49.362 I/InstrumentationBackend( 6473): Added:'LongPressCoordinate', with key:'long_press_coordinate'
06-05 18:34:49.363 I/InstrumentationBackend( 6473): Added:'DragCoordinates', with key:'drag_coordinates'
06-05 18:34:49.363 I/InstrumentationBackend( 6473): Added:'ResumeApplication', with key:'resume_application'
06-05 18:34:49.363 I/InstrumentationBackend( 6473): Added:'Swipe', with key:'swipe'
06-05 18:34:49.363 I/InstrumentationBackend( 6473): Added:'DoubleTapCoordinate', with key:'double_tap_coordinate'
06-05 18:34:49.363 I/InstrumentationBackend( 6473): Added:'ClickOnScreen', with key:'click_on_screen'
06-05 18:34:49.363 I/InstrumentationBackend( 6473): Added:'GetActivityName', with key:'get_activity_name'
06-05 18:34:49.363 I/InstrumentationBackend( 6473): Added:'ScrollToView', with key:'scroll_to_view'
06-05 18:34:49.363 I/InstrumentationBackend( 6473): Added:'ViewConfiguration', with key:'view_configuration'
06-05 18:34:49.363 I/InstrumentationBackend( 6473): Added:'IsCurrentActivityFocused', with key:'is_current_activity_focused'
06-05 18:34:49.363 I/InstrumentationBackend( 6473): Added:'SendTcp', with key:'send_tcp'
06-05 18:34:49.363 I/InstrumentationBackend( 6473): Added:'DpToDevicePixel', with key:'dp_to_device_pixel'
06-05 18:34:49.363 I/InstrumentationBackend( 6473): Added:'KeyboardEnterText', with key:'keyboard_enter_text'
06-05 18:34:49.363 I/InstrumentationBackend( 6473): Added:'DeleteSurroundingText', with key:'delete_surrounding_text'
06-05 18:34:49.364 I/InstrumentationBackend( 6473): Added:'SetComposingRegion', with key:'set_composing_region'
06-05 18:34:49.364 I/InstrumentationBackend( 6473): Added:'SetSelection', with key:'set_selection'
06-05 18:34:49.364 I/InstrumentationBackend( 6473): Added:'KeyboardKeyEvent', with key:'keyboard_key_event'
06-05 18:34:49.364 I/InstrumentationBackend( 6473): Added:'PressUserActionButton', with key:'press_user_action_button'
06-05 18:34:49.364 I/InstrumentationBackend( 6473): Added:'HideSoftKeyboard', with key:'hide_soft_keyboard'
06-05 18:34:49.364 I/InstrumentationBackend( 6473): Added:'ListActions', with key:'list_actions'
06-05 18:34:49.364 I/calabash( 6473): Instantiating http server at 7102
06-05 18:34:49.364 I/System.out( 6473): HTTP Daemon listening on: 7102
06-05 18:34:49.371 D/EGL_emulation( 1711): eglMakeCurrent: 0xa5b6bd80: ver 2 0 (tinfo 0xb1367140)
06-05 18:34:49.372 D/EGL_emulation( 1711): eglMakeCurrent: 0xa5b6bd80: ver 2 0 (tinfo 0xb1367140)
06-05 18:34:49.387 D/EGL_emulation( 1711): eglMakeCurrent: 0xa5b6bd80: ver 2 0 (tinfo 0xb1367140)
06-05 18:34:49.389 D/EGL_emulation( 1711): eglMakeCurrent: 0xa5b6bd80: ver 2 0 (tinfo 0xb1367140)
06-05 18:34:49.404 D/EGL_emulation( 1711): eglMakeCurrent: 0xa5b6bd80: ver 2 0 (tinfo 0xb1367140)
06-05 18:34:49.407 D/EGL_emulation( 1711): eglMakeCurrent: 0xa5b6bd80: ver 2 0 (tinfo 0xb1367140)
06-05 18:34:49.411 I/WindowManager( 1629): WIN DEATH: Window{8453964 u0 com.evancharlton.mileage/com.evancharlton.mileage.charts.MaximumVolumeChart}
06-05 18:34:49.411 W/InputDispatcher( 1629): channel 'd88a2b com.evancharlton.mileage/com.evancharlton.mileage.Mileage (server)' ~ Consumer closed input channel or an error occurred.  events=0x9
06-05 18:34:49.411 E/InputDispatcher( 1629): channel 'd88a2b com.evancharlton.mileage/com.evancharlton.mileage.Mileage (server)' ~ Channel is unrecoverably broken and will be disposed!
06-05 18:34:49.411 I/WindowManager( 1629): Destroying surface Surface(name=com.evancharlton.mileage/com.evancharlton.mileage.charts.MaximumVolumeChart) called by com.android.server.wm.WindowStateAnimator.destroySurface:2016 com.android.server.wm.WindowStateAnimator.destroySurfaceLocked:882 com.android.server.wm.WindowState.removeLocked:1456 com.android.server.wm.WindowManagerService.removeWindowInnerLocked:2484 com.android.server.wm.WindowManagerService.removeWindowLocked:2442 com.android.server.wm.WindowState$DeathRecipient.binderDied:1787 android.os.BinderProxy.sendDeathNotice:688 <bottom of call stack> 
06-05 18:34:49.413 I/WindowManager( 1629): WIN DEATH: Window{d88a2b u0 com.evancharlton.mileage/com.evancharlton.mileage.Mileage EXITING}
06-05 18:34:49.413 W/InputDispatcher( 1629): Attempted to unregister already unregistered input channel 'd88a2b com.evancharlton.mileage/com.evancharlton.mileage.Mileage (server)'
06-05 18:34:49.423 D/EGL_emulation( 1711): eglMakeCurrent: 0xa5b6bd80: ver 2 0 (tinfo 0xb1367140)
06-05 18:34:49.428 D/EGL_emulation( 1711): eglMakeCurrent: 0xa5b6bd80: ver 2 0 (tinfo 0xb1367140)
06-05 18:34:49.437 D/EGL_emulation( 1711): eglMakeCurrent: 0xa5b6bd80: ver 2 0 (tinfo 0xb1367140)
06-05 18:34:49.439 D/EGL_emulation( 1711): eglMakeCurrent: 0xa5b6bd80: ver 2 0 (tinfo 0xb1367140)
06-05 18:34:49.454 I/System.out( 6473): URI: //ping
06-05 18:34:49.454 I/System.out( 6473): params: {json={}
06-05 18:34:49.454 I/System.out( 6473): }
06-05 18:34:49.455 D/EGL_emulation( 1711): eglMakeCurrent: 0xa5b6bd80: ver 2 0 (tinfo 0xb1367140)
06-05 18:34:49.456 I/System.out( 6473): URI: //ping
06-05 18:34:49.456 I/System.out( 6473): params: {json={}
06-05 18:34:49.456 I/System.out( 6473): }
06-05 18:34:49.458 I/System.out( 6473): URI: //ready
06-05 18:34:49.458 I/System.out( 6473): params: {json={}
06-05 18:34:49.458 I/System.out( 6473): }
06-05 18:34:49.459 I/System.out( 6473): URI: //
06-05 18:34:49.459 I/System.out( 6473): params: {json={"command":"version","arguments":[]}
06-05 18:34:49.459 I/System.out( 6473): }
06-05 18:34:49.459 I/System.out( 6473): header: {content-type=application/json;charset=utf-8, date=Fri, 05 Jun 2020 23:34:49 GMT, accept=*/*, host=127.0.0.1:34783, content-length=36, user-agent=HTTPClient/1.0 (2.8.3, ruby 2.5.1 (2018-03-29))}
06-05 18:34:49.459 I/System.out( 6473): params: {json={"command":"version","arguments":[]}
06-05 18:34:49.459 I/System.out( 6473): }
06-05 18:34:49.459 I/System.out( 6473): ProP json = {"command":"version","arguments":[]}
06-05 18:34:49.459 I/System.out( 6473): files: {}
06-05 18:34:49.459 I/System.out( 6473): command: {"command":"version","arguments":[]}
06-05 18:34:49.463 I/InstrumentationBackend( 6473): Got command:'Command:'Line:null,version', arguments:'[]'
06-05 18:34:49.469 I/System.out( 6473): result:{"bonusInformation":[],"message":"0.9.8","success":true}
06-05 18:34:49.471 D/EGL_emulation( 1711): eglMakeCurrent: 0xa5b6bd80: ver 2 0 (tinfo 0xb1367140)
06-05 18:34:49.472 I/System.out( 6473): URI: //start-application
06-05 18:34:49.472 I/System.out( 6473): params: {json={"intent":null}
06-05 18:34:49.472 I/System.out( 6473): }
06-05 18:34:49.472 D/EGL_emulation( 1711): eglMakeCurrent: 0xa5b6bd80: ver 2 0 (tinfo 0xb1367140)
06-05 18:34:49.482 I/ActivityManager( 1629): START u0 {act=android.intent.action.MAIN cat=[android.intent.category.LAUNCHER] flg=0x10200000 cmp=com.evancharlton.mileage/.Mileage} from uid 10160 on display 0
06-05 18:34:49.487 D/EGL_emulation( 1711): eglMakeCurrent: 0xa5b6bd80: ver 2 0 (tinfo 0xb1367140)
06-05 18:34:49.490 D/EGL_emulation( 1711): eglMakeCurrent: 0xa5b6bd80: ver 2 0 (tinfo 0xb1367140)
06-05 18:34:49.493 I/calabash( 6473): newActivity1
06-05 18:34:49.504 D/gralloc_ranchu( 1346): gralloc_alloc: Creating ashmem region of size 9023488
06-05 18:34:49.507 I/calabash( 6473): newActivity1
06-05 18:34:49.508 W/ActivityManager( 1629): Bad activity token: android.os.BinderProxy@51e5cd7
06-05 18:34:49.508 W/ActivityManager( 1629): java.lang.ClassCastException: android.os.BinderProxy cannot be cast to com.android.server.am.ActivityRecord$Token
06-05 18:34:49.508 W/ActivityManager( 1629): 	at com.android.server.am.ActivityRecord.forTokenLocked(ActivityRecord.java:586)
06-05 18:34:49.508 W/ActivityManager( 1629): 	at com.android.server.am.ActivityRecord.isInStackLocked(ActivityRecord.java:1327)
06-05 18:34:49.508 W/ActivityManager( 1629): 	at com.android.server.am.ActivityRecord.getStackLocked(ActivityRecord.java:1332)
06-05 18:34:49.508 W/ActivityManager( 1629): 	at com.android.server.am.ActivityManagerService.getActivityDisplayId(ActivityManagerService.java:9806)
06-05 18:34:49.508 W/ActivityManager( 1629): 	at android.app.ActivityManagerNative.onTransact(ActivityManagerNative.java:2566)
06-05 18:34:49.508 W/ActivityManager( 1629): 	at com.android.server.am.ActivityManagerService.onTransact(ActivityManagerService.java:2757)
06-05 18:34:49.508 W/ActivityManager( 1629): 	at android.os.Binder.execTransact(Binder.java:565)
06-05 18:34:49.510 W/ActivityManager( 1629): Bad activity token: android.os.BinderProxy@51e5cd7
06-05 18:34:49.510 W/ActivityManager( 1629): java.lang.ClassCastException: android.os.BinderProxy cannot be cast to com.android.server.am.ActivityRecord$Token
06-05 18:34:49.510 W/ActivityManager( 1629): 	at com.android.server.am.ActivityRecord.forTokenLocked(ActivityRecord.java:586)
06-05 18:34:49.510 W/ActivityManager( 1629): 	at com.android.server.am.ActivityRecord.isInStackLocked(ActivityRecord.java:1327)
06-05 18:34:49.510 W/ActivityManager( 1629): 	at com.android.server.am.ActivityManagerService.setTaskDescription(ActivityManagerService.java:9358)
06-05 18:34:49.510 W/ActivityManager( 1629): 	at android.app.ActivityManagerNative.onTransact(ActivityManagerNative.java:2639)
06-05 18:34:49.510 W/ActivityManager( 1629): 	at com.android.server.am.ActivityManagerService.onTransact(ActivityManagerService.java:2757)
06-05 18:34:49.510 W/ActivityManager( 1629): 	at android.os.Binder.execTransact(Binder.java:565)
06-05 18:34:49.510 W/ActivityManager( 1629): Bad activity token: android.os.BinderProxy@51e5cd7
06-05 18:34:49.510 W/ActivityManager( 1629): java.lang.ClassCastException: android.os.BinderProxy cannot be cast to com.android.server.am.ActivityRecord$Token
06-05 18:34:49.510 W/ActivityManager( 1629): 	at com.android.server.am.ActivityRecord.forTokenLocked(ActivityRecord.java:586)
06-05 18:34:49.510 W/ActivityManager( 1629): 	at com.android.server.am.ActivityRecord.isInStackLocked(ActivityRecord.java:1327)
06-05 18:34:49.510 W/ActivityManager( 1629): 	at com.android.server.am.ActivityRecord.getStackLocked(ActivityRecord.java:1332)
06-05 18:34:49.510 W/ActivityManager( 1629): 	at com.android.server.am.ActivityManagerService.getActivityStackId(ActivityManagerService.java:9817)
06-05 18:34:49.510 W/ActivityManager( 1629): 	at android.app.ActivityManagerNative.onTransact(ActivityManagerNative.java:2856)
06-05 18:34:49.510 W/ActivityManager( 1629): 	at com.android.server.am.ActivityManagerService.onTransact(ActivityManagerService.java:2757)
06-05 18:34:49.510 W/ActivityManager( 1629): 	at android.os.Binder.execTransact(Binder.java:565)
06-05 18:34:49.535 W/ActivityManager( 1629): Bad activity token: android.os.BinderProxy@51e5cd7
06-05 18:34:49.535 W/ActivityManager( 1629): java.lang.ClassCastException: android.os.BinderProxy cannot be cast to com.android.server.am.ActivityRecord$Token
06-05 18:34:49.535 W/ActivityManager( 1629): 	at com.android.server.am.ActivityRecord.forTokenLocked(ActivityRecord.java:586)
06-05 18:34:49.535 W/ActivityManager( 1629): 	at com.android.server.am.ActivityRecord.isInStackLocked(ActivityRecord.java:1327)
06-05 18:34:49.535 W/ActivityManager( 1629): 	at com.android.server.am.ActivityManagerService.getActivityOptions(ActivityManagerService.java:12559)
06-05 18:34:49.535 W/ActivityManager( 1629): 	at android.app.ActivityManagerNative.onTransact(ActivityManagerNative.java:1933)
06-05 18:34:49.535 W/ActivityManager( 1629): 	at com.android.server.am.ActivityManagerService.onTransact(ActivityManagerService.java:2757)
06-05 18:34:49.535 W/ActivityManager( 1629): 	at android.os.Binder.execTransact(Binder.java:565)
06-05 18:34:49.535 W/ActivityManager( 1629): Bad activity token: android.os.BinderProxy@51e5cd7
06-05 18:34:49.535 W/ActivityManager( 1629): java.lang.ClassCastException: android.os.BinderProxy cannot be cast to com.android.server.am.ActivityRecord$Token
06-05 18:34:49.535 W/ActivityManager( 1629): 	at com.android.server.am.ActivityRecord.forTokenLocked(ActivityRecord.java:586)
06-05 18:34:49.535 W/ActivityManager( 1629): 	at com.android.server.am.ActivityRecord.isInStackLocked(ActivityRecord.java:1327)
06-05 18:34:49.535 W/ActivityManager( 1629): 	at com.android.server.am.ActivityManagerService.getActivityOptions(ActivityManagerService.java:12559)
06-05 18:34:49.535 W/ActivityManager( 1629): 	at android.app.ActivityManagerNative.onTransact(ActivityManagerNative.java:1933)
06-05 18:34:49.535 W/ActivityManager( 1629): 	at com.android.server.am.ActivityManagerService.onTransact(ActivityManagerService.java:2757)
06-05 18:34:49.535 W/ActivityManager( 1629): 	at android.os.Binder.execTransact(Binder.java:565)
06-05 18:34:49.544 V/PhoneStatusBar( 1711): setLightsOn(true)
06-05 18:34:49.554 D/EGL_emulation( 2150): eglMakeCurrent: 0xb4f852a0: ver 2 0 (tinfo 0xb4f832e0)
06-05 18:34:49.555 D/EGL_emulation( 1711): eglMakeCurrent: 0xa5b6bd80: ver 2 0 (tinfo 0xb1367140)
06-05 18:34:49.570 D/gralloc_ranchu( 1346): gralloc_alloc: Creating ashmem region of size 9023488
06-05 18:34:49.571 D/EGL_emulation( 1711): eglMakeCurrent: 0xa5b6bd80: ver 2 0 (tinfo 0xb1367140)
06-05 18:34:49.579 D/        ( 6473): HostConnection::get() New Host Connection established 0x98c27440, tid 6473
06-05 18:34:49.579 D/EGL_emulation( 1711): eglMakeCurrent: 0xa5b6bd80: ver 2 0 (tinfo 0xb1367140)
06-05 18:34:49.580 V/PhoneStatusBar( 1711): setLightsOn(true)
06-05 18:34:49.637 D/EGL_emulation( 1711): eglMakeCurrent: 0xa5b6bd80: ver 2 0 (tinfo 0xb1367140)
06-05 18:34:49.640 D/EGL_emulation( 1711): eglMakeCurrent: 0xa5b6bd80: ver 2 0 (tinfo 0xb1367140)
06-05 18:34:49.642 D/EGL_emulation( 1711): eglMakeCurrent: 0xa5b6bd80: ver 2 0 (tinfo 0xb1367140)
06-05 18:34:49.659 D/EGL_emulation( 1711): eglMakeCurrent: 0xa5b6bd80: ver 2 0 (tinfo 0xb1367140)
06-05 18:34:49.662 D/EGL_emulation( 1711): eglMakeCurrent: 0xa5b6bd80: ver 2 0 (tinfo 0xb1367140)
06-05 18:34:49.671 D/EGL_emulation( 1711): eglMakeCurrent: 0xa5b6bd80: ver 2 0 (tinfo 0xb1367140)
06-05 18:34:49.673 D/EGL_emulation( 1711): eglMakeCurrent: 0xa5b6bd80: ver 2 0 (tinfo 0xb1367140)
06-05 18:34:49.687 D/EGL_emulation( 1711): eglMakeCurrent: 0xa5b6bd80: ver 2 0 (tinfo 0xb1367140)
06-05 18:34:49.688 I/ActivityManager( 1629): Displayed com.evancharlton.mileage/.Mileage: +202ms
06-05 18:34:49.688 D/gralloc_ranchu( 1346): gralloc_alloc: Creating ashmem region of size 9023488
06-05 18:34:49.690 I/WindowManager( 1629): Destroying surface Surface(name=com.evancharlton.mileage/com.evancharlton.mileage.Mileage) called by com.android.server.wm.WindowStateAnimator.destroySurface:2016 com.android.server.wm.WindowStateAnimator.destroySurfaceLocked:882 com.android.server.wm.WindowState.removeLocked:1456 com.android.server.wm.WindowManagerService.removeWindowInnerLocked:2484 com.android.server.wm.AppWindowToken.destroySurfaces:365 com.android.server.wm.WindowStateAnimator.finishExit:565 com.android.server.wm.AppWindowAnimator.stepAnimationLocked:427 com.android.server.wm.WindowAnimator.updateAppWindowsLocked:196 
06-05 18:34:49.713 D/EGL_emulation( 1711): eglMakeCurrent: 0xa5b6bd80: ver 2 0 (tinfo 0xb1367140)
06-05 18:34:49.721 D/EGL_emulation( 1711): eglMakeCurrent: 0xa5b6bd80: ver 2 0 (tinfo 0xb1367140)
06-05 18:34:49.734 D/EGL_emulation( 1711): eglMakeCurrent: 0xa5b6bd80: ver 2 0 (tinfo 0xb1367140)
06-05 18:34:49.737 D/EGL_emulation( 1711): eglMakeCurrent: 0xa5b6bd80: ver 2 0 (tinfo 0xb1367140)
06-05 18:34:49.737 V/PhoneStatusBar( 1711): setLightsOn(true)
06-05 18:34:49.739 D/EGL_emulation( 1711): eglMakeCurrent: 0xa5b6bd80: ver 2 0 (tinfo 0xb1367140)
06-05 18:34:49.740 D/EGL_emulation( 1711): eglMakeCurrent: 0xa5b6bd80: ver 2 0 (tinfo 0xb1367140)
06-05 18:34:49.754 D/EGL_emulation( 1711): eglMakeCurrent: 0xa5b6bd80: ver 2 0 (tinfo 0xb1367140)
06-05 18:34:49.756 D/EGL_emulation( 1711): eglMakeCurrent: 0xa5b6bd80: ver 2 0 (tinfo 0xb1367140)
06-05 18:34:49.759 I/System.out( 6473): URI: //map
06-05 18:34:49.759 I/System.out( 6473): params: {json={"query":"* marked:'Statistics'","operation":{"method_name":"query","arguments":[]}}
06-05 18:34:49.759 I/System.out( 6473): }
06-05 18:34:49.771 D/EGL_emulation( 1711): eglMakeCurrent: 0xa5b6bd80: ver 2 0 (tinfo 0xb1367140)
06-05 18:34:49.775 W/ResourceType( 6473): No package identifier when getting name for resource number 0x00000001
06-05 18:34:49.793 I/System.out( 6473): URI: //gesture
06-05 18:34:49.793 I/System.out( 6473): params: {json={"query_timeout":5.0,"gestures":[{"query_string":"* marked:'Statistics'","touches":[{"x":50,"y":50,"offset_x":0,"offset_y":0,"wait":0.0,"time":0.2,"release":true,"query_string":null}]}]}
06-05 18:34:49.793 I/System.out( 6473): }
06-05 18:34:49.801 W/ResourceType( 6473): No package identifier when getting name for resource number 0x00000001
06-05 18:34:49.904 I/WindowManager( 1629): Destroying surface Surface(name=Starting com.evancharlton.mileage) called by com.android.server.wm.WindowStateAnimator.destroySurface:2016 com.android.server.wm.WindowStateAnimator.destroySurfaceLocked:882 com.android.server.wm.WindowState.destroyOrSaveSurface:2100 com.android.server.wm.AppWindowToken.destroySurfaces:363 com.android.server.wm.WindowStateAnimator.finishExit:565 com.android.server.wm.WindowStateAnimator.stepAnimationLocked:491 com.android.server.wm.WindowAnimator.updateWindowsLocked:303 com.android.server.wm.WindowAnimator.animateLocked:704 
06-05 18:34:49.905 V/PhoneStatusBar( 1711): setLightsOn(true)
06-05 18:34:49.907 V/PhoneStatusBar( 1711): setLightsOn(true)
06-05 18:34:49.973 V/PhoneStatusBar( 1711): setLightsOn(true)
06-05 18:34:50.028 I/calabash( 6473): newActivity1
06-05 18:34:50.078 I/System.out( 6473): URI: //map
06-05 18:34:50.078 I/System.out( 6473): params: {json={"query":"android.widget.ScrollView index:0","operation":{"method_name":"query","arguments":[]}}
06-05 18:34:50.078 I/System.out( 6473): }
06-05 18:34:50.079 W/ActivityManager( 1629): Bad activity token: android.os.BinderProxy@9086019
06-05 18:34:50.079 W/ActivityManager( 1629): java.lang.ClassCastException: android.os.BinderProxy cannot be cast to com.android.server.am.ActivityRecord$Token
06-05 18:34:50.079 W/ActivityManager( 1629): 	at com.android.server.am.ActivityRecord.forTokenLocked(ActivityRecord.java:586)
06-05 18:34:50.079 W/ActivityManager( 1629): 	at com.android.server.am.ActivityRecord.isInStackLocked(ActivityRecord.java:1327)
06-05 18:34:50.079 W/ActivityManager( 1629): 	at com.android.server.am.ActivityRecord.getStackLocked(ActivityRecord.java:1332)
06-05 18:34:50.079 W/ActivityManager( 1629): 	at com.android.server.am.ActivityManagerService.getActivityDisplayId(ActivityManagerService.java:9806)
06-05 18:34:50.079 W/ActivityManager( 1629): 	at android.app.ActivityManagerNative.onTransact(ActivityManagerNative.java:2566)
06-05 18:34:50.079 W/ActivityManager( 1629): 	at com.android.server.am.ActivityManagerService.onTransact(ActivityManagerService.java:2757)
06-05 18:34:50.079 W/ActivityManager( 1629): 	at android.os.Binder.execTransact(Binder.java:565)
06-05 18:34:50.082 W/ActivityManager( 1629): Bad activity token: android.os.BinderProxy@9086019
06-05 18:34:50.082 W/ActivityManager( 1629): java.lang.ClassCastException: android.os.BinderProxy cannot be cast to com.android.server.am.ActivityRecord$Token
06-05 18:34:50.082 W/ActivityManager( 1629): 	at com.android.server.am.ActivityRecord.forTokenLocked(ActivityRecord.java:586)
06-05 18:34:50.082 W/ActivityManager( 1629): 	at com.android.server.am.ActivityRecord.isInStackLocked(ActivityRecord.java:1327)
06-05 18:34:50.082 W/ActivityManager( 1629): 	at com.android.server.am.ActivityManagerService.setTaskDescription(ActivityManagerService.java:9358)
06-05 18:34:50.082 W/ActivityManager( 1629): 	at android.app.ActivityManagerNative.onTransact(ActivityManagerNative.java:2639)
06-05 18:34:50.082 W/ActivityManager( 1629): 	at com.android.server.am.ActivityManagerService.onTransact(ActivityManagerService.java:2757)
06-05 18:34:50.082 W/ActivityManager( 1629): 	at android.os.Binder.execTransact(Binder.java:565)
06-05 18:34:50.084 W/ActivityManager( 1629): Bad activity token: android.os.BinderProxy@9086019
06-05 18:34:50.084 W/ActivityManager( 1629): java.lang.ClassCastException: android.os.BinderProxy cannot be cast to com.android.server.am.ActivityRecord$Token
06-05 18:34:50.084 W/ActivityManager( 1629): 	at com.android.server.am.ActivityRecord.forTokenLocked(ActivityRecord.java:586)
06-05 18:34:50.084 W/ActivityManager( 1629): 	at com.android.server.am.ActivityRecord.isInStackLocked(ActivityRecord.java:1327)
06-05 18:34:50.084 W/ActivityManager( 1629): 	at com.android.server.am.ActivityRecord.getStackLocked(ActivityRecord.java:1332)
06-05 18:34:50.084 W/ActivityManager( 1629): 	at com.android.server.am.ActivityManagerService.getActivityStackId(ActivityManagerService.java:9817)
06-05 18:34:50.084 W/ActivityManager( 1629): 	at android.app.ActivityManagerNative.onTransact(ActivityManagerNative.java:2856)
06-05 18:34:50.084 W/ActivityManager( 1629): 	at com.android.server.am.ActivityManagerService.onTransact(ActivityManagerService.java:2757)
06-05 18:34:50.084 W/ActivityManager( 1629): 	at android.os.Binder.execTransact(Binder.java:565)
06-05 18:34:50.109 D/VehicleStatisticsActivity( 6473): Checking recalculation ...
06-05 18:34:50.112 D/VehicleStatisticsActivity( 6473): Recalculation not necessary.
06-05 18:34:50.116 W/ActivityManager( 1629): Bad activity token: android.os.BinderProxy@9086019
06-05 18:34:50.116 W/ActivityManager( 1629): java.lang.ClassCastException: android.os.BinderProxy cannot be cast to com.android.server.am.ActivityRecord$Token
06-05 18:34:50.116 W/ActivityManager( 1629): 	at com.android.server.am.ActivityRecord.forTokenLocked(ActivityRecord.java:586)
06-05 18:34:50.116 W/ActivityManager( 1629): 	at com.android.server.am.ActivityRecord.isInStackLocked(ActivityRecord.java:1327)
06-05 18:34:50.116 W/ActivityManager( 1629): 	at com.android.server.am.ActivityManagerService.getActivityOptions(ActivityManagerService.java:12559)
06-05 18:34:50.116 W/ActivityManager( 1629): 	at android.app.ActivityManagerNative.onTransact(ActivityManagerNative.java:1933)
06-05 18:34:50.116 W/ActivityManager( 1629): 	at com.android.server.am.ActivityManagerService.onTransact(ActivityManagerService.java:2757)
06-05 18:34:50.116 W/ActivityManager( 1629): 	at android.os.Binder.execTransact(Binder.java:565)
06-05 18:34:50.117 W/ActivityManager( 1629): Bad activity token: android.os.BinderProxy@9086019
06-05 18:34:50.117 W/ActivityManager( 1629): java.lang.ClassCastException: android.os.BinderProxy cannot be cast to com.android.server.am.ActivityRecord$Token
06-05 18:34:50.117 W/ActivityManager( 1629): 	at com.android.server.am.ActivityRecord.forTokenLocked(ActivityRecord.java:586)
06-05 18:34:50.117 W/ActivityManager( 1629): 	at com.android.server.am.ActivityRecord.isInStackLocked(ActivityRecord.java:1327)
06-05 18:34:50.117 W/ActivityManager( 1629): 	at com.android.server.am.ActivityManagerService.getActivityOptions(ActivityManagerService.java:12559)
06-05 18:34:50.117 W/ActivityManager( 1629): 	at android.app.ActivityManagerNative.onTransact(ActivityManagerNative.java:1933)
06-05 18:34:50.117 W/ActivityManager( 1629): 	at com.android.server.am.ActivityManagerService.onTransact(ActivityManagerService.java:2757)
06-05 18:34:50.117 W/ActivityManager( 1629): 	at android.os.Binder.execTransact(Binder.java:565)
06-05 18:34:50.122 D/VehicleStatisticsActivity( 6473): Checking recalculation ...
06-05 18:34:50.125 D/VehicleStatisticsActivity( 6473): Recalculation not necessary.
06-05 18:34:50.240 I/System.out( 6473): URI: //map
06-05 18:34:50.240 I/System.out( 6473): params: {json={"query":"android.widget.AbsListView index:0","operation":{"method_name":"query","arguments":[]}}
06-05 18:34:50.240 I/System.out( 6473): }
06-05 18:34:50.250 I/art     ( 6473): Do partial code cache collection, code=30KB, data=29KB
06-05 18:34:50.250 I/art     ( 6473): After code cache collection, code=29KB, data=28KB
06-05 18:34:50.250 I/art     ( 6473): Increasing code cache capacity to 128KB
06-05 18:34:50.269 I/System.out( 6473): URI: //map
06-05 18:34:50.269 I/System.out( 6473): params: {json={"query":"android.widget.AbsListView index:0","operation":{"method_name":"query","arguments":[]}}
06-05 18:34:50.269 I/System.out( 6473): }
06-05 18:34:50.287 V/PhoneStatusBar( 1711): setLightsOn(true)
06-05 18:34:50.289 V/PhoneStatusBar( 1711): setLightsOn(true)
06-05 18:34:50.291 W/OpenGLRenderer( 2150): Incorrectly called buildLayer on View: ShortcutAndWidgetContainer, destroying layer...
06-05 18:34:50.302 I/System.out( 6473): URI: //map
06-05 18:34:50.302 I/System.out( 6473): params: {json={"query":"android.widget.AbsListView index:0","operation":{"method_name":"query","arguments":[]}}
06-05 18:34:50.302 I/System.out( 6473): }
06-05 18:34:50.304 I/WindowManager( 1629): Destroying surface Surface(name=com.android.launcher3/com.android.launcher3.Launcher) called by com.android.server.wm.WindowStateAnimator.destroySurface:2016 com.android.server.wm.WindowStateAnimator.destroySurfaceLocked:882 com.android.server.wm.WindowState.destroyOrSaveSurface:2100 com.android.server.wm.AppWindowToken.destroySurfaces:363 com.android.server.wm.AppWindowToken.notifyAppStopped:389 com.android.server.wm.WindowManagerService.notifyAppStopped:4463 com.android.server.am.ActivityStack.activityStoppedLocked:1252 com.android.server.am.ActivityManagerService.activityStopped:6903 
06-05 18:34:50.305 V/PhoneStatusBar( 1711): setLightsOn(true)
06-05 18:34:50.329 I/System.out( 6473): URI: //map
06-05 18:34:50.329 I/System.out( 6473): params: {json={"query":"android.widget.AbsListView index:0","operation":{"method_name":"query","arguments":["getFirstVisiblePosition"]}}
06-05 18:34:50.329 I/System.out( 6473): }
06-05 18:34:50.344 I/System.out( 6473): URI: //map
06-05 18:34:50.344 I/System.out( 6473): params: {json={"query":"android.widget.AbsListView index:0","operation":{"method_name":"query","arguments":["getLastVisiblePosition"]}}
06-05 18:34:50.344 I/System.out( 6473): }
06-05 18:34:50.359 I/System.out( 6473): URI: //map
06-05 18:34:50.359 I/System.out( 6473): params: {json={"query":"android.widget.AbsListView index:0","operation":{"method_name":"query","arguments":[{"method_name":"setSelection","arguments":[26]}]}}
06-05 18:34:50.359 I/System.out( 6473): }
06-05 18:34:50.378 I/System.out( 6473): URI: //map
06-05 18:34:50.378 I/System.out( 6473): params: {json={"query":"* marked:'Average fillup'","operation":{"method_name":"query","arguments":[]}}
06-05 18:34:50.378 I/System.out( 6473): }
06-05 18:34:50.440 D/gralloc_ranchu( 1346): gralloc_alloc: Creating ashmem region of size 9023488
06-05 18:34:50.497 W/ResourceType( 6473): No package identifier when getting name for resource number 0x00000001
06-05 18:34:50.507 I/System.out( 6473): URI: //gesture
06-05 18:34:50.508 I/System.out( 6473): params: {json={"query_timeout":5.0,"gestures":[{"query_string":"* marked:'Average fillup'","touches":[{"x":50,"y":50,"offset_x":0,"offset_y":0,"wait":0.0,"time":0.2,"release":true,"query_string":null}]}]}
06-05 18:34:50.508 I/System.out( 6473): }
06-05 18:34:50.511 W/ResourceType( 6473): No package identifier when getting name for resource number 0x00000001
06-05 18:34:50.739 I/ActivityManager( 1629): START u0 {cmp=com.evancharlton.mileage/.charts.AverageVolumeChart (has extras)} from uid 10160 on display 0
06-05 18:34:50.743 V/PhoneStatusBar( 1711): setLightsOn(true)
06-05 18:34:50.745 V/PhoneStatusBar( 1711): setLightsOn(true)
06-05 18:34:50.772 I/System.out( 6473): URI: //map
06-05 18:34:50.773 I/System.out( 6473): params: {json={"query":"* {text CONTAINS[c] 'Average fillup size'}","operation":{"method_name":"query","arguments":[]}}
06-05 18:34:50.773 I/System.out( 6473): }
06-05 18:34:50.833 I/calabash( 6473): newActivity1
06-05 18:34:50.842 W/aiCharts( 6473): License file is invalid or missing. 
06-05 18:34:50.842 W/aiCharts( 6473): Please place proper license.lic to /assets folder.
06-05 18:34:50.876 V/PhoneStatusBar( 1711): setLightsOn(true)
06-05 18:34:50.954 V/PhoneStatusBar( 1711): setLightsOn(true)
06-05 18:34:50.956 I/WindowManager( 1629): Destroying surface Surface(name=Creating chart…) called by com.android.server.wm.WindowStateAnimator.destroySurface:2016 com.android.server.wm.WindowStateAnimator.destroySurfaceLocked:882 com.android.server.wm.WindowState.removeLocked:1456 com.android.server.wm.WindowManagerService.removeWindowInnerLocked:2484 com.android.server.wm.WindowManagerService.removeWindowLocked:2442 com.android.server.wm.WindowManagerService.removeWindowLocked:2311 com.android.server.wm.WindowManagerService.removeWindow:2306 com.android.server.wm.Session.remove:202 
06-05 18:34:50.960 D/gralloc_ranchu( 1346): gralloc_alloc: Creating ashmem region of size 9023488
06-05 18:34:50.971 V/PhoneStatusBar( 1711): setLightsOn(true)
06-05 18:34:50.997 I/ActivityManager( 1629): Displayed com.evancharlton.mileage/.charts.AverageVolumeChart: +172ms
06-05 18:34:51.004 V/PhoneStatusBar( 1711): setLightsOn(true)
06-05 18:34:51.038 V/PhoneStatusBar( 1711): setLightsOn(true)
06-05 18:34:51.054 V/PhoneStatusBar( 1711): setLightsOn(true)
06-05 18:34:51.239 V/PhoneStatusBar( 1711): setLightsOn(true)
06-05 18:34:51.270 I/System.out( 6473): URI: //map
06-05 18:34:51.270 I/System.out( 6473): params: {json={"query":"* {text CONTAINS[c] 'Average fillup size'}","operation":{"method_name":"query","arguments":[]}}
06-05 18:34:51.270 I/System.out( 6473): }
06-05 18:34:51.317 I/System.out( 6473): URI: //
06-05 18:34:51.317 I/System.out( 6473): params: {json={"command":"press_key","arguments":["KEYCODE_BACK"]}
06-05 18:34:51.317 I/System.out( 6473): }
06-05 18:34:51.317 I/System.out( 6473): header: {content-type=application/json;charset=utf-8, date=Fri, 05 Jun 2020 23:34:51 GMT, accept=*/*, host=127.0.0.1:34783, content-length=52, user-agent=HTTPClient/1.0 (2.8.3, ruby 2.5.1 (2018-03-29))}
06-05 18:34:51.317 I/System.out( 6473): params: {json={"command":"press_key","arguments":["KEYCODE_BACK"]}
06-05 18:34:51.317 I/System.out( 6473): }
06-05 18:34:51.317 I/System.out( 6473): ProP json = {"command":"press_key","arguments":["KEYCODE_BACK"]}
06-05 18:34:51.317 I/System.out( 6473): files: {}
06-05 18:34:51.317 I/System.out( 6473): command: {"command":"press_key","arguments":["KEYCODE_BACK"]}
06-05 18:34:51.320 I/InstrumentationBackend( 6473): Got command:'Command:'Line:null,press_key', arguments:'[KEYCODE_BACK]'
06-05 18:34:51.327 V/PhoneStatusBar( 1711): setLightsOn(true)
06-05 18:34:51.334 V/PhoneStatusBar( 1711): setLightsOn(true)
06-05 18:34:51.340 D/VehicleStatisticsActivity( 6473): Checking recalculation ...
06-05 18:34:51.341 I/System.out( 6473): result:{"bonusInformation":[],"message":"","success":true}
06-05 18:34:51.343 D/VehicleStatisticsActivity( 6473): Recalculation not necessary.
06-05 18:34:51.345 I/art     ( 6473): Do partial code cache collection, code=60KB, data=62KB
06-05 18:34:51.345 I/art     ( 6473): After code cache collection, code=60KB, data=61KB
06-05 18:34:51.345 I/art     ( 6473): Increasing code cache capacity to 256KB
06-05 18:34:51.347 I/System.out( 6473): URI: //map
06-05 18:34:51.347 I/System.out( 6473): params: {json={"query":"* {text CONTAINS[c] 'Statistics'}","operation":{"method_name":"query","arguments":[]}}
06-05 18:34:51.347 I/System.out( 6473): }
06-05 18:34:51.355 V/PhoneStatusBar( 1711): setLightsOn(true)
06-05 18:34:51.371 V/PhoneStatusBar( 1711): setLightsOn(true)
06-05 18:34:51.387 D/gralloc_ranchu( 1346): gralloc_alloc: Creating ashmem region of size 9023488
06-05 18:34:51.388 V/PhoneStatusBar( 1711): setLightsOn(true)
06-05 18:34:51.454 V/PhoneStatusBar( 1711): setLightsOn(true)
