--------- beginning of main
06-05 19:59:49.301 V/PhoneStatusBar( 1711): setLightsOn(true)
06-05 19:59:49.303 D/gralloc_ranchu( 1348): gralloc_alloc: Creating ashmem region of size 3145728
06-05 19:59:49.307 E/EGL_emulation( 1348): tid 1348: eglCreateSyncKHR(1901): error 0x3004 (EGL_BAD_ATTRIBUTE)
--------- beginning of system
06-05 19:59:49.315 W/ActivityManager( 1629): Finishing task with all activities already finished
06-05 19:59:49.315 W/ActivityManager( 1629): Duplicate finish request for ActivityRecord{32cb2e6 u0 com.evancharlton.mileage/.Mileage t4468 f}
06-05 19:59:49.315 W/ActivityManager( 1629): Finishing task with all activities already finished
06-05 19:59:49.315 W/ActivityManager( 1629): Duplicate finish request for ActivityRecord{32cb2e6 u0 com.evancharlton.mileage/.Mileage t4468 f}
06-05 19:59:49.315 W/ActivityManager( 1629): Finishing task with all activities already finished
06-05 19:59:49.315 W/ActivityManager( 1629): Duplicate finish request for ActivityRecord{32cb2e6 u0 com.evancharlton.mileage/.Mileage t4468 f}
06-05 19:59:49.315 W/ActivityManager( 1629): Finishing task with all activities already finished
06-05 19:59:49.315 W/ActivityManager( 1629): Duplicate finish request for ActivityRecord{32cb2e6 u0 com.evancharlton.mileage/.Mileage t4468 f}
06-05 19:59:49.316 W/ActivityManager( 1629): Finishing task with all activities already finished
06-05 19:59:49.316 W/ActivityManager( 1629): Duplicate finish request for ActivityRecord{32cb2e6 u0 com.evancharlton.mileage/.Mileage t4468 f}
06-05 19:59:49.316 W/ActivityManager( 1629): Finishing task with all activities already finished
06-05 19:59:49.316 W/ActivityManager( 1629): Duplicate finish request for ActivityRecord{901e6a0 u0 com.evancharlton.mileage/.charts.EastChart t4468 f}
06-05 19:59:49.316 W/ActivityManager( 1629): Finishing task with all activities already finished
06-05 19:59:49.316 W/ActivityManager( 1629): Duplicate finish request for ActivityRecord{901e6a0 u0 com.evancharlton.mileage/.charts.EastChart t4468 f}
06-05 19:59:49.316 W/ActivityManager( 1629): Finishing task with all activities already finished
06-05 19:59:49.316 W/ActivityManager( 1629): Duplicate finish request for ActivityRecord{32cb2e6 u0 com.evancharlton.mileage/.Mileage t4468 f}
06-05 19:59:49.316 W/ActivityManager( 1629): Finishing task with all activities already finished
06-05 19:59:49.316 W/ActivityManager( 1629): Duplicate finish request for ActivityRecord{32cb2e6 u0 com.evancharlton.mileage/.Mileage t4468 f}
06-05 19:59:49.336 D/EGL_emulation( 2147): eglMakeCurrent: 0xa3805360: ver 2 0 (tinfo 0xa3803630)
06-05 19:59:49.352 D/EGL_emulation( 1711): eglMakeCurrent: 0x9f1709c0: ver 2 0 (tinfo 0xa0e61d00)
06-05 19:59:49.368 D/EGL_emulation( 1711): eglMakeCurrent: 0x9f1709c0: ver 2 0 (tinfo 0xa0e61d00)
06-05 19:59:49.370 D/EGL_emulation( 1711): eglMakeCurrent: 0x9f1709c0: ver 2 0 (tinfo 0xa0e61d00)
06-05 19:59:49.385 D/EGL_emulation( 1711): eglMakeCurrent: 0x9f1709c0: ver 2 0 (tinfo 0xa0e61d00)
06-05 19:59:49.385 D/AndroidRuntime(21041): >>>>>> START com.android.internal.os.RuntimeInit uid 2000 <<<<<<
06-05 19:59:49.386 D/AndroidRuntime(21041): CheckJNI is ON
06-05 19:59:49.386 D/EGL_emulation( 1711): eglMakeCurrent: 0x9f1709c0: ver 2 0 (tinfo 0xa0e61d00)
06-05 19:59:49.396 W/art     (21041): Unexpected CPU variant for X86 using defaults: x86
06-05 19:59:49.398 D/ICU     (21041): No timezone override file found: /data/misc/zoneinfo/current/icu/icu_tzdata.dat
06-05 19:59:49.401 D/EGL_emulation( 1711): eglMakeCurrent: 0x9f1709c0: ver 2 0 (tinfo 0xa0e61d00)
06-05 19:59:49.403 D/EGL_emulation( 1711): eglMakeCurrent: 0x9f1709c0: ver 2 0 (tinfo 0xa0e61d00)
06-05 19:59:49.405 E/memtrack(21041): Couldn't load memtrack module (No such file or directory)
06-05 19:59:49.405 E/android.os.Debug(21041): failed to load memtrack module: -2
06-05 19:59:49.406 I/Radio-JNI(21041): register_android_hardware_Radio DONE
06-05 19:59:49.409 D/AndroidRuntime(21041): Calling main entry com.android.commands.am.Am
06-05 19:59:49.411 I/ActivityManager( 1629): Force stopping com.evancharlton.mileage appid=10196 user=0: start instr
06-05 19:59:49.411 I/ActivityManager( 1629): Killing 20989:com.evancharlton.mileage/u0a196 (adj 0): stop com.evancharlton.mileage
06-05 19:59:49.411 D/ActivityManager( 1629): cleanUpApplicationRecord -- 20989
06-05 19:59:49.411 W/ActivityManager( 1629): Crash of app com.evancharlton.mileage running instrumentation ComponentInfo{com.evancharlton.mileage.test/sh.calaba.instrumentationbackend.CalabashInstrumentationTestRunner}
06-05 19:59:49.411 I/ActivityManager( 1629): Force stopping com.evancharlton.mileage appid=10196 user=0: finished inst
06-05 19:59:49.413 W/InputDispatcher( 1629): channel 'bd8ce2a com.evancharlton.mileage/com.evancharlton.mileage.charts.EastChart (server)' ~ Consumer closed input channel or an error occurred.  events=0x9
06-05 19:59:49.413 E/InputDispatcher( 1629): channel 'bd8ce2a com.evancharlton.mileage/com.evancharlton.mileage.charts.EastChart (server)' ~ Channel is unrecoverably broken and will be disposed!
06-05 19:59:49.413 W/InputDispatcher( 1629): channel '8bf8eed com.evancharlton.mileage/com.evancharlton.mileage.Mileage (server)' ~ Consumer closed input channel or an error occurred.  events=0x9
06-05 19:59:49.413 E/InputDispatcher( 1629): channel '8bf8eed com.evancharlton.mileage/com.evancharlton.mileage.Mileage (server)' ~ Channel is unrecoverably broken and will be disposed!
06-05 19:59:49.413 I/WindowManager( 1629): WIN DEATH: Window{8bf8eed u0 com.evancharlton.mileage/com.evancharlton.mileage.Mileage EXITING}
06-05 19:59:49.413 W/InputDispatcher( 1629): Attempted to unregister already unregistered input channel '8bf8eed com.evancharlton.mileage/com.evancharlton.mileage.Mileage (server)'
06-05 19:59:49.413 I/WindowManager( 1629): WIN DEATH: Window{bd8ce2a u0 com.evancharlton.mileage/com.evancharlton.mileage.charts.EastChart EXITING}
06-05 19:59:49.413 W/InputDispatcher( 1629): Attempted to unregister already unregistered input channel 'bd8ce2a com.evancharlton.mileage/com.evancharlton.mileage.charts.EastChart (server)'
06-05 19:59:49.414 I/art     (21051): Not late-enabling -Xcheck:jni (already on)
06-05 19:59:49.414 W/art     (21051): Unexpected CPU variant for X86 using defaults: x86
06-05 19:59:49.417 I/WindowManager( 1629): Destroying surface Surface(name=com.evancharlton.mileage/com.evancharlton.mileage.charts.EastChart) called by com.android.server.wm.WindowStateAnimator.destroySurface:2016 com.android.server.wm.WindowStateAnimator.destroySurfaceLocked:882 com.android.server.wm.WindowState.removeLocked:1456 com.android.server.wm.WindowManagerService.removeWindowInnerLocked:2484 com.android.server.wm.AppWindowToken.destroySurfaces:365 com.android.server.wm.WindowStateAnimator.finishExit:565 com.android.server.wm.AppWindowAnimator.stepAnimationLocked:427 com.android.server.wm.WindowAnimator.updateAppWindowsLocked:196 
06-05 19:59:49.422 I/ActivityManager( 1629): Start proc 21051:com.evancharlton.mileage/u0a196 for added application com.evancharlton.mileage
06-05 19:59:49.422 D/AndroidRuntime(21041): Shutting down VM
06-05 19:59:49.423 D/EGL_emulation( 1711): eglMakeCurrent: 0x9f1709c0: ver 2 0 (tinfo 0xa0e61d00)
06-05 19:59:49.427 D/EGL_emulation( 1711): eglMakeCurrent: 0x9f1709c0: ver 2 0 (tinfo 0xa0e61d00)
06-05 19:59:49.427 W/System  (21051): ClassLoader referenced unknown path: /data/app/com.evancharlton.mileage.test-1/lib/x86
06-05 19:59:49.427 W/System  (21051): ClassLoader referenced unknown path: /data/app/com.evancharlton.mileage-1/lib/x86
06-05 19:59:49.429 W/System  (21051): ClassLoader referenced unknown path: 
06-05 19:59:49.433 I/System.out(21051): Main activity name automatically set to: com.evancharlton.mileage.Mileage
06-05 19:59:49.433 I/System.out(21051): Calabash did not load Mono. This is only a problem if you are trying to test a Mono application
06-05 19:59:49.433 I/calabash(21051): Test server port: 7102
06-05 19:59:49.435 D/EGL_emulation( 1711): eglMakeCurrent: 0x9f1709c0: ver 2 0 (tinfo 0xa0e61d00)
06-05 19:59:49.436 D/EGL_emulation( 1711): eglMakeCurrent: 0x9f1709c0: ver 2 0 (tinfo 0xa0e61d00)
06-05 19:59:49.437 I/InstrumentationBackend(21051): Added:'GetPreferences', with key:'get_preferences'
06-05 19:59:49.441 I/InstrumentationBackend(21051): Added:'SetPreferences', with key:'set_preferences'
06-05 19:59:49.441 I/InstrumentationBackend(21051): Added:'ClearPreferences', with key:'clear_preferences'
06-05 19:59:49.441 I/InstrumentationBackend(21051): Added:'PressElement', with key:'press_l10n_element'
06-05 19:59:49.441 I/InstrumentationBackend(21051): Added:'WaitForElement', with key:'wait_for_l10n_element'
06-05 19:59:49.441 I/InstrumentationBackend(21051): Added:'NullAction', with key:'nullAction'
06-05 19:59:49.441 I/InstrumentationBackend(21051): Added:'PressKey', with key:'press_key'
06-05 19:59:49.441 I/InstrumentationBackend(21051): Added:'SetActivityOrientation', with key:'set_activity_orientation'
06-05 19:59:49.441 I/InstrumentationBackend(21051): Added:'GetActivityOrientation', with key:'get_activity_orientation'
06-05 19:59:49.442 I/InstrumentationBackend(21051): Added:'FakeGPSLocation', with key:'set_gps_coordinates'
06-05 19:59:49.442 I/InstrumentationBackend(21051): Added:'SetPropertyByCssSelector', with key:'set_property_by_css_selector'
06-05 19:59:49.442 I/InstrumentationBackend(21051): Added:'GetUrl', with key:'get_url'
06-05 19:59:49.442 I/InstrumentationBackend(21051): Added:'ScrollTo', with key:'scroll_to'
06-05 19:59:49.442 I/InstrumentationBackend(21051): Added:'GetLoadProgress', with key:'get_load_progress'
06-05 19:59:49.442 I/InstrumentationBackend(21051): Added:'DumpHtml', with key:'dump_html'
06-05 19:59:49.442 I/InstrumentationBackend(21051): Added:'DumpBodyHtml', with key:'dump_body_html'
06-05 19:59:49.442 I/InstrumentationBackend(21051): Added:'EnterTextByCssSelector', with key:'enter_text_by_selector'
06-05 19:59:49.442 I/InstrumentationBackend(21051): Added:'AndroidSDKVersion', with key:'android_sdk_version'
06-05 19:59:49.442 I/InstrumentationBackend(21051): Added:'Version', with key:'version'
06-05 19:59:49.442 I/InstrumentationBackend(21051): Added:'Drag', with key:'drag'
06-05 19:59:49.442 I/InstrumentationBackend(21051): Added:'TouchCoordinates', with key:'touch_coordinate'
06-05 19:59:49.443 I/InstrumentationBackend(21051): Added:'LongPressCoordinate', with key:'long_press_coordinate'
06-05 19:59:49.443 I/InstrumentationBackend(21051): Added:'DragCoordinates', with key:'drag_coordinates'
06-05 19:59:49.443 I/InstrumentationBackend(21051): Added:'ResumeApplication', with key:'resume_application'
06-05 19:59:49.443 I/InstrumentationBackend(21051): Added:'Swipe', with key:'swipe'
06-05 19:59:49.443 I/InstrumentationBackend(21051): Added:'DoubleTapCoordinate', with key:'double_tap_coordinate'
06-05 19:59:49.443 I/InstrumentationBackend(21051): Added:'ClickOnScreen', with key:'click_on_screen'
06-05 19:59:49.443 I/InstrumentationBackend(21051): Added:'GetActivityName', with key:'get_activity_name'
06-05 19:59:49.443 I/InstrumentationBackend(21051): Added:'ScrollToView', with key:'scroll_to_view'
06-05 19:59:49.443 I/InstrumentationBackend(21051): Added:'ViewConfiguration', with key:'view_configuration'
06-05 19:59:49.443 I/InstrumentationBackend(21051): Added:'IsCurrentActivityFocused', with key:'is_current_activity_focused'
06-05 19:59:49.443 I/InstrumentationBackend(21051): Added:'SendTcp', with key:'send_tcp'
06-05 19:59:49.443 I/InstrumentationBackend(21051): Added:'DpToDevicePixel', with key:'dp_to_device_pixel'
06-05 19:59:49.443 I/InstrumentationBackend(21051): Added:'KeyboardEnterText', with key:'keyboard_enter_text'
06-05 19:59:49.443 I/InstrumentationBackend(21051): Added:'DeleteSurroundingText', with key:'delete_surrounding_text'
06-05 19:59:49.443 I/InstrumentationBackend(21051): Added:'SetComposingRegion', with key:'set_composing_region'
06-05 19:59:49.443 I/InstrumentationBackend(21051): Added:'SetSelection', with key:'set_selection'
06-05 19:59:49.443 I/InstrumentationBackend(21051): Added:'KeyboardKeyEvent', with key:'keyboard_key_event'
06-05 19:59:49.443 I/InstrumentationBackend(21051): Added:'PressUserActionButton', with key:'press_user_action_button'
06-05 19:59:49.443 I/InstrumentationBackend(21051): Added:'HideSoftKeyboard', with key:'hide_soft_keyboard'
06-05 19:59:49.443 I/InstrumentationBackend(21051): Added:'ListActions', with key:'list_actions'
06-05 19:59:49.443 I/calabash(21051): Instantiating http server at 7102
06-05 19:59:49.444 I/System.out(21051): HTTP Daemon listening on: 7102
06-05 19:59:49.452 D/EGL_emulation( 1711): eglMakeCurrent: 0x9f1709c0: ver 2 0 (tinfo 0xa0e61d00)
06-05 19:59:49.454 D/EGL_emulation( 1711): eglMakeCurrent: 0x9f1709c0: ver 2 0 (tinfo 0xa0e61d00)
06-05 19:59:49.468 D/EGL_emulation( 1711): eglMakeCurrent: 0x9f1709c0: ver 2 0 (tinfo 0xa0e61d00)
06-05 19:59:49.472 D/EGL_emulation( 1711): eglMakeCurrent: 0x9f1709c0: ver 2 0 (tinfo 0xa0e61d00)
06-05 19:59:49.485 D/EGL_emulation( 1711): eglMakeCurrent: 0x9f1709c0: ver 2 0 (tinfo 0xa0e61d00)
06-05 19:59:49.487 D/EGL_emulation( 1711): eglMakeCurrent: 0x9f1709c0: ver 2 0 (tinfo 0xa0e61d00)
06-05 19:59:49.502 D/EGL_emulation( 1711): eglMakeCurrent: 0x9f1709c0: ver 2 0 (tinfo 0xa0e61d00)
06-05 19:59:49.503 D/EGL_emulation( 1711): eglMakeCurrent: 0x9f1709c0: ver 2 0 (tinfo 0xa0e61d00)
06-05 19:59:49.518 D/EGL_emulation( 1711): eglMakeCurrent: 0x9f1709c0: ver 2 0 (tinfo 0xa0e61d00)
06-05 19:59:49.520 D/EGL_emulation( 1711): eglMakeCurrent: 0x9f1709c0: ver 2 0 (tinfo 0xa0e61d00)
06-05 19:59:49.532 I/System.out(21051): URI: //ping
06-05 19:59:49.532 I/System.out(21051): params: {json={}
06-05 19:59:49.532 I/System.out(21051): }
06-05 19:59:49.535 I/System.out(21051): URI: //ping
06-05 19:59:49.535 I/System.out(21051): params: {json={}
06-05 19:59:49.535 I/System.out(21051): }
06-05 19:59:49.535 D/EGL_emulation( 1711): eglMakeCurrent: 0x9f1709c0: ver 2 0 (tinfo 0xa0e61d00)
06-05 19:59:49.543 D/EGL_emulation( 1711): eglMakeCurrent: 0x9f1709c0: ver 2 0 (tinfo 0xa0e61d00)
06-05 19:59:49.544 I/System.out(21051): URI: //ready
06-05 19:59:49.544 I/System.out(21051): params: {json={}
06-05 19:59:49.544 I/System.out(21051): }
06-05 19:59:49.546 I/System.out(21051): URI: //
06-05 19:59:49.546 I/System.out(21051): params: {json={"command":"version","arguments":[]}
06-05 19:59:49.546 I/System.out(21051): }
06-05 19:59:49.546 I/System.out(21051): header: {content-type=application/json;charset=utf-8, date=Sat, 06 Jun 2020 00:59:50 GMT, accept=*/*, host=127.0.0.1:34783, content-length=36, user-agent=HTTPClient/1.0 (2.8.3, ruby 2.5.1 (2018-03-29))}
06-05 19:59:49.546 I/System.out(21051): params: {json={"command":"version","arguments":[]}
06-05 19:59:49.546 I/System.out(21051): }
06-05 19:59:49.546 I/System.out(21051): ProP json = {"command":"version","arguments":[]}
06-05 19:59:49.546 I/System.out(21051): files: {}
06-05 19:59:49.546 I/System.out(21051): command: {"command":"version","arguments":[]}
06-05 19:59:49.549 I/InstrumentationBackend(21051): Got command:'Command:'Line:null,version', arguments:'[]'
06-05 19:59:49.553 D/EGL_emulation( 1711): eglMakeCurrent: 0x9f1709c0: ver 2 0 (tinfo 0xa0e61d00)
06-05 19:59:49.556 I/System.out(21051): result:{"bonusInformation":[],"message":"0.9.8","success":true}
06-05 19:59:49.558 I/System.out(21051): URI: //start-application
06-05 19:59:49.558 I/System.out(21051): params: {json={"intent":null}
06-05 19:59:49.558 I/System.out(21051): }
06-05 19:59:49.567 I/ActivityManager( 1629): START u0 {act=android.intent.action.MAIN cat=[android.intent.category.LAUNCHER] flg=0x10200000 cmp=com.evancharlton.mileage/.Mileage} from uid 10196 on display 0
06-05 19:59:49.568 D/EGL_emulation( 1711): eglMakeCurrent: 0x9f1709c0: ver 2 0 (tinfo 0xa0e61d00)
06-05 19:59:49.570 D/EGL_emulation( 1711): eglMakeCurrent: 0x9f1709c0: ver 2 0 (tinfo 0xa0e61d00)
06-05 19:59:49.574 I/calabash(21051): newActivity1
06-05 19:59:49.582 I/calabash(21051): newActivity1
06-05 19:59:49.583 W/ActivityManager( 1629): Bad activity token: android.os.BinderProxy@43037f5
06-05 19:59:49.583 W/ActivityManager( 1629): java.lang.ClassCastException: android.os.BinderProxy cannot be cast to com.android.server.am.ActivityRecord$Token
06-05 19:59:49.583 W/ActivityManager( 1629): 	at com.android.server.am.ActivityRecord.forTokenLocked(ActivityRecord.java:586)
06-05 19:59:49.583 W/ActivityManager( 1629): 	at com.android.server.am.ActivityRecord.isInStackLocked(ActivityRecord.java:1327)
06-05 19:59:49.583 W/ActivityManager( 1629): 	at com.android.server.am.ActivityRecord.getStackLocked(ActivityRecord.java:1332)
06-05 19:59:49.583 W/ActivityManager( 1629): 	at com.android.server.am.ActivityManagerService.getActivityDisplayId(ActivityManagerService.java:9806)
06-05 19:59:49.583 W/ActivityManager( 1629): 	at android.app.ActivityManagerNative.onTransact(ActivityManagerNative.java:2566)
06-05 19:59:49.583 W/ActivityManager( 1629): 	at com.android.server.am.ActivityManagerService.onTransact(ActivityManagerService.java:2757)
06-05 19:59:49.583 W/ActivityManager( 1629): 	at android.os.Binder.execTransact(Binder.java:565)
06-05 19:59:49.585 W/ActivityManager( 1629): Bad activity token: android.os.BinderProxy@43037f5
06-05 19:59:49.585 W/ActivityManager( 1629): java.lang.ClassCastException: android.os.BinderProxy cannot be cast to com.android.server.am.ActivityRecord$Token
06-05 19:59:49.585 W/ActivityManager( 1629): 	at com.android.server.am.ActivityRecord.forTokenLocked(ActivityRecord.java:586)
06-05 19:59:49.585 W/ActivityManager( 1629): 	at com.android.server.am.ActivityRecord.isInStackLocked(ActivityRecord.java:1327)
06-05 19:59:49.585 W/ActivityManager( 1629): 	at com.android.server.am.ActivityManagerService.setTaskDescription(ActivityManagerService.java:9358)
06-05 19:59:49.585 W/ActivityManager( 1629): 	at android.app.ActivityManagerNative.onTransact(ActivityManagerNative.java:2639)
06-05 19:59:49.585 W/ActivityManager( 1629): 	at com.android.server.am.ActivityManagerService.onTransact(ActivityManagerService.java:2757)
06-05 19:59:49.585 W/ActivityManager( 1629): 	at android.os.Binder.execTransact(Binder.java:565)
06-05 19:59:49.585 W/ActivityManager( 1629): Bad activity token: android.os.BinderProxy@43037f5
06-05 19:59:49.585 W/ActivityManager( 1629): java.lang.ClassCastException: android.os.BinderProxy cannot be cast to com.android.server.am.ActivityRecord$Token
06-05 19:59:49.585 W/ActivityManager( 1629): 	at com.android.server.am.ActivityRecord.forTokenLocked(ActivityRecord.java:586)
06-05 19:59:49.585 W/ActivityManager( 1629): 	at com.android.server.am.ActivityRecord.isInStackLocked(ActivityRecord.java:1327)
06-05 19:59:49.585 W/ActivityManager( 1629): 	at com.android.server.am.ActivityRecord.getStackLocked(ActivityRecord.java:1332)
06-05 19:59:49.585 W/ActivityManager( 1629): 	at com.android.server.am.ActivityManagerService.getActivityStackId(ActivityManagerService.java:9817)
06-05 19:59:49.585 W/ActivityManager( 1629): 	at android.app.ActivityManagerNative.onTransact(ActivityManagerNative.java:2856)
06-05 19:59:49.585 W/ActivityManager( 1629): 	at com.android.server.am.ActivityManagerService.onTransact(ActivityManagerService.java:2757)
06-05 19:59:49.585 W/ActivityManager( 1629): 	at android.os.Binder.execTransact(Binder.java:565)
06-05 19:59:49.601 D/gralloc_ranchu( 1348): gralloc_alloc: Creating ashmem region of size 9023488
06-05 19:59:49.603 W/ActivityManager( 1629): Bad activity token: android.os.BinderProxy@43037f5
06-05 19:59:49.603 W/ActivityManager( 1629): java.lang.ClassCastException: android.os.BinderProxy cannot be cast to com.android.server.am.ActivityRecord$Token
06-05 19:59:49.603 W/ActivityManager( 1629): 	at com.android.server.am.ActivityRecord.forTokenLocked(ActivityRecord.java:586)
06-05 19:59:49.603 W/ActivityManager( 1629): 	at com.android.server.am.ActivityRecord.isInStackLocked(ActivityRecord.java:1327)
06-05 19:59:49.603 W/ActivityManager( 1629): 	at com.android.server.am.ActivityManagerService.getActivityOptions(ActivityManagerService.java:12559)
06-05 19:59:49.603 W/ActivityManager( 1629): 	at android.app.ActivityManagerNative.onTransact(ActivityManagerNative.java:1933)
06-05 19:59:49.603 W/ActivityManager( 1629): 	at com.android.server.am.ActivityManagerService.onTransact(ActivityManagerService.java:2757)
06-05 19:59:49.603 W/ActivityManager( 1629): 	at android.os.Binder.execTransact(Binder.java:565)
06-05 19:59:49.604 W/ActivityManager( 1629): Bad activity token: android.os.BinderProxy@43037f5
06-05 19:59:49.604 W/ActivityManager( 1629): java.lang.ClassCastException: android.os.BinderProxy cannot be cast to com.android.server.am.ActivityRecord$Token
06-05 19:59:49.604 W/ActivityManager( 1629): 	at com.android.server.am.ActivityRecord.forTokenLocked(ActivityRecord.java:586)
06-05 19:59:49.604 W/ActivityManager( 1629): 	at com.android.server.am.ActivityRecord.isInStackLocked(ActivityRecord.java:1327)
06-05 19:59:49.604 W/ActivityManager( 1629): 	at com.android.server.am.ActivityManagerService.getActivityOptions(ActivityManagerService.java:12559)
06-05 19:59:49.604 W/ActivityManager( 1629): 	at android.app.ActivityManagerNative.onTransact(ActivityManagerNative.java:1933)
06-05 19:59:49.604 W/ActivityManager( 1629): 	at com.android.server.am.ActivityManagerService.onTransact(ActivityManagerService.java:2757)
06-05 19:59:49.604 W/ActivityManager( 1629): 	at android.os.Binder.execTransact(Binder.java:565)
06-05 19:59:49.629 V/PhoneStatusBar( 1711): setLightsOn(true)
06-05 19:59:49.636 D/EGL_emulation( 1711): eglMakeCurrent: 0x9f1709c0: ver 2 0 (tinfo 0xa0e61d00)
06-05 19:59:49.638 D/EGL_emulation( 1711): eglMakeCurrent: 0x9f1709c0: ver 2 0 (tinfo 0xa0e61d00)
06-05 19:59:49.638 V/PhoneStatusBar( 1711): setLightsOn(true)
06-05 19:59:49.638 D/gralloc_ranchu( 1348): gralloc_alloc: Creating ashmem region of size 9023488
06-05 19:59:49.640 V/PhoneStatusBar( 1711): setLightsOn(true)
06-05 19:59:49.645 D/        (21051): HostConnection::get() New Host Connection established 0x921a2040, tid 21051
06-05 19:59:49.694 D/EGL_emulation( 2147): eglMakeCurrent: 0xa3805360: ver 2 0 (tinfo 0xa3803630)
06-05 19:59:49.697 D/EGL_emulation( 1711): eglMakeCurrent: 0x9f1709c0: ver 2 0 (tinfo 0xa0e61d00)
06-05 19:59:49.700 D/EGL_emulation( 1711): eglMakeCurrent: 0x9f1709c0: ver 2 0 (tinfo 0xa0e61d00)
06-05 19:59:49.703 D/EGL_emulation( 1711): eglMakeCurrent: 0x9f1709c0: ver 2 0 (tinfo 0xa0e61d00)
06-05 19:59:49.703 V/PhoneStatusBar( 1711): setLightsOn(true)
06-05 19:59:49.707 D/EGL_emulation( 1711): eglMakeCurrent: 0x9f1709c0: ver 2 0 (tinfo 0xa0e61d00)
06-05 19:59:49.709 D/EGL_emulation( 1711): eglMakeCurrent: 0x9f1709c0: ver 2 0 (tinfo 0xa0e61d00)
06-05 19:59:49.709 V/PhoneStatusBar( 1711): setLightsOn(true)
06-05 19:59:49.718 I/ActivityManager( 1629): Displayed com.evancharlton.mileage/.Mileage: +147ms
06-05 19:59:49.719 D/EGL_emulation( 1711): eglMakeCurrent: 0x9f1709c0: ver 2 0 (tinfo 0xa0e61d00)
06-05 19:59:49.719 D/gralloc_ranchu( 1348): gralloc_alloc: Creating ashmem region of size 9023488
06-05 19:59:49.737 D/EGL_emulation( 1711): eglMakeCurrent: 0x9f1709c0: ver 2 0 (tinfo 0xa0e61d00)
06-05 19:59:49.740 D/EGL_emulation( 1711): eglMakeCurrent: 0x9f1709c0: ver 2 0 (tinfo 0xa0e61d00)
06-05 19:59:49.742 D/EGL_emulation( 1711): eglMakeCurrent: 0x9f1709c0: ver 2 0 (tinfo 0xa0e61d00)
06-05 19:59:49.743 V/PhoneStatusBar( 1711): setLightsOn(true)
06-05 19:59:49.752 D/EGL_emulation( 1711): eglMakeCurrent: 0x9f1709c0: ver 2 0 (tinfo 0xa0e61d00)
06-05 19:59:49.754 D/EGL_emulation( 1711): eglMakeCurrent: 0x9f1709c0: ver 2 0 (tinfo 0xa0e61d00)
06-05 19:59:49.768 I/WindowManager( 1629): Destroying surface Surface(name=com.evancharlton.mileage/com.evancharlton.mileage.Mileage) called by com.android.server.wm.WindowStateAnimator.destroySurface:2016 com.android.server.wm.WindowStateAnimator.destroySurfaceLocked:882 com.android.server.wm.WindowState.removeLocked:1456 com.android.server.wm.WindowManagerService.removeWindowInnerLocked:2484 com.android.server.wm.AppWindowToken.destroySurfaces:365 com.android.server.wm.WindowStateAnimator.finishExit:565 com.android.server.wm.AppWindowAnimator.stepAnimationLocked:427 com.android.server.wm.WindowAnimator.updateAppWindowsLocked:196 
06-05 19:59:49.769 D/EGL_emulation( 1711): eglMakeCurrent: 0x9f1709c0: ver 2 0 (tinfo 0xa0e61d00)
06-05 19:59:49.770 D/EGL_emulation( 1711): eglMakeCurrent: 0x9f1709c0: ver 2 0 (tinfo 0xa0e61d00)
06-05 19:59:49.777 I/System.out(21051): URI: //map
06-05 19:59:49.777 I/System.out(21051): params: {json={"query":"* marked:'Statistics'","operation":{"method_name":"query","arguments":[]}}
06-05 19:59:49.777 I/System.out(21051): }
06-05 19:59:49.786 D/EGL_emulation( 1711): eglMakeCurrent: 0x9f1709c0: ver 2 0 (tinfo 0xa0e61d00)
06-05 19:59:49.787 D/EGL_emulation( 1711): eglMakeCurrent: 0x9f1709c0: ver 2 0 (tinfo 0xa0e61d00)
06-05 19:59:49.787 V/PhoneStatusBar( 1711): setLightsOn(true)
06-05 19:59:49.790 W/ResourceType(21051): No package identifier when getting name for resource number 0x00000001
06-05 19:59:49.802 D/EGL_emulation( 1711): eglMakeCurrent: 0x9f1709c0: ver 2 0 (tinfo 0xa0e61d00)
06-05 19:59:49.803 D/EGL_emulation( 1711): eglMakeCurrent: 0x9f1709c0: ver 2 0 (tinfo 0xa0e61d00)
06-05 19:59:49.804 I/System.out(21051): URI: //gesture
06-05 19:59:49.804 I/System.out(21051): params: {json={"query_timeout":5.0,"gestures":[{"query_string":"* marked:'Statistics'","touches":[{"x":50,"y":50,"offset_x":0,"offset_y":0,"wait":0.0,"time":0.2,"release":true,"query_string":null}]}]}
06-05 19:59:49.804 I/System.out(21051): }
06-05 19:59:49.809 W/ResourceType(21051): No package identifier when getting name for resource number 0x00000001
06-05 19:59:49.824 D/EGL_emulation( 1711): eglMakeCurrent: 0x9f1709c0: ver 2 0 (tinfo 0xa0e61d00)
06-05 19:59:49.827 D/EGL_emulation( 1711): eglMakeCurrent: 0x9f1709c0: ver 2 0 (tinfo 0xa0e61d00)
06-05 19:59:49.837 D/EGL_emulation( 1711): eglMakeCurrent: 0x9f1709c0: ver 2 0 (tinfo 0xa0e61d00)
06-05 19:59:49.842 D/EGL_emulation( 1711): eglMakeCurrent: 0x9f1709c0: ver 2 0 (tinfo 0xa0e61d00)
06-05 19:59:49.852 D/EGL_emulation( 1711): eglMakeCurrent: 0x9f1709c0: ver 2 0 (tinfo 0xa0e61d00)
06-05 19:59:49.853 D/EGL_emulation( 1711): eglMakeCurrent: 0x9f1709c0: ver 2 0 (tinfo 0xa0e61d00)
06-05 19:59:49.868 D/EGL_emulation( 1711): eglMakeCurrent: 0x9f1709c0: ver 2 0 (tinfo 0xa0e61d00)
06-05 19:59:49.918 I/WindowManager( 1629): Destroying surface Surface(name=Starting com.evancharlton.mileage) called by com.android.server.wm.WindowStateAnimator.destroySurface:2016 com.android.server.wm.WindowStateAnimator.destroySurfaceLocked:882 com.android.server.wm.WindowState.destroyOrSaveSurface:2100 com.android.server.wm.AppWindowToken.destroySurfaces:363 com.android.server.wm.WindowStateAnimator.finishExit:565 com.android.server.wm.WindowStateAnimator.stepAnimationLocked:491 com.android.server.wm.WindowAnimator.updateWindowsLocked:303 com.android.server.wm.WindowAnimator.animateLocked:704 
06-05 19:59:49.922 V/PhoneStatusBar( 1711): setLightsOn(true)
06-05 19:59:49.926 V/PhoneStatusBar( 1711): setLightsOn(true)
06-05 19:59:50.047 I/calabash(21051): newActivity1
06-05 19:59:50.075 I/System.out(21051): URI: //map
06-05 19:59:50.075 I/System.out(21051): params: {json={"query":"android.widget.ScrollView index:0","operation":{"method_name":"query","arguments":[]}}
06-05 19:59:50.075 I/System.out(21051): }
06-05 19:59:50.084 W/ActivityManager( 1629): Bad activity token: android.os.BinderProxy@48d99c7
06-05 19:59:50.084 W/ActivityManager( 1629): java.lang.ClassCastException: android.os.BinderProxy cannot be cast to com.android.server.am.ActivityRecord$Token
06-05 19:59:50.084 W/ActivityManager( 1629): 	at com.android.server.am.ActivityRecord.forTokenLocked(ActivityRecord.java:586)
06-05 19:59:50.084 W/ActivityManager( 1629): 	at com.android.server.am.ActivityRecord.isInStackLocked(ActivityRecord.java:1327)
06-05 19:59:50.084 W/ActivityManager( 1629): 	at com.android.server.am.ActivityRecord.getStackLocked(ActivityRecord.java:1332)
06-05 19:59:50.084 W/ActivityManager( 1629): 	at com.android.server.am.ActivityManagerService.getActivityDisplayId(ActivityManagerService.java:9806)
06-05 19:59:50.084 W/ActivityManager( 1629): 	at android.app.ActivityManagerNative.onTransact(ActivityManagerNative.java:2566)
06-05 19:59:50.084 W/ActivityManager( 1629): 	at com.android.server.am.ActivityManagerService.onTransact(ActivityManagerService.java:2757)
06-05 19:59:50.084 W/ActivityManager( 1629): 	at android.os.Binder.execTransact(Binder.java:565)
06-05 19:59:50.085 V/PhoneStatusBar( 1711): setLightsOn(true)
06-05 19:59:50.087 W/ActivityManager( 1629): Bad activity token: android.os.BinderProxy@48d99c7
06-05 19:59:50.087 W/ActivityManager( 1629): java.lang.ClassCastException: android.os.BinderProxy cannot be cast to com.android.server.am.ActivityRecord$Token
06-05 19:59:50.087 W/ActivityManager( 1629): 	at com.android.server.am.ActivityRecord.forTokenLocked(ActivityRecord.java:586)
06-05 19:59:50.087 W/ActivityManager( 1629): 	at com.android.server.am.ActivityRecord.isInStackLocked(ActivityRecord.java:1327)
06-05 19:59:50.087 W/ActivityManager( 1629): 	at com.android.server.am.ActivityManagerService.setTaskDescription(ActivityManagerService.java:9358)
06-05 19:59:50.087 W/ActivityManager( 1629): 	at android.app.ActivityManagerNative.onTransact(ActivityManagerNative.java:2639)
06-05 19:59:50.087 W/ActivityManager( 1629): 	at com.android.server.am.ActivityManagerService.onTransact(ActivityManagerService.java:2757)
06-05 19:59:50.087 W/ActivityManager( 1629): 	at android.os.Binder.execTransact(Binder.java:565)
06-05 19:59:50.087 W/ActivityManager( 1629): Bad activity token: android.os.BinderProxy@48d99c7
06-05 19:59:50.087 W/ActivityManager( 1629): java.lang.ClassCastException: android.os.BinderProxy cannot be cast to com.android.server.am.ActivityRecord$Token
06-05 19:59:50.087 W/ActivityManager( 1629): 	at com.android.server.am.ActivityRecord.forTokenLocked(ActivityRecord.java:586)
06-05 19:59:50.087 W/ActivityManager( 1629): 	at com.android.server.am.ActivityRecord.isInStackLocked(ActivityRecord.java:1327)
06-05 19:59:50.087 W/ActivityManager( 1629): 	at com.android.server.am.ActivityRecord.getStackLocked(ActivityRecord.java:1332)
06-05 19:59:50.087 W/ActivityManager( 1629): 	at com.android.server.am.ActivityManagerService.getActivityStackId(ActivityManagerService.java:9817)
06-05 19:59:50.087 W/ActivityManager( 1629): 	at android.app.ActivityManagerNative.onTransact(ActivityManagerNative.java:2856)
06-05 19:59:50.087 W/ActivityManager( 1629): 	at com.android.server.am.ActivityManagerService.onTransact(ActivityManagerService.java:2757)
06-05 19:59:50.087 W/ActivityManager( 1629): 	at android.os.Binder.execTransact(Binder.java:565)
06-05 19:59:50.095 D/VehicleStatisticsActivity(21051): Checking recalculation ...
06-05 19:59:50.096 D/VehicleStatisticsActivity(21051): Recalculation not necessary.
06-05 19:59:50.097 W/ActivityManager( 1629): Bad activity token: android.os.BinderProxy@48d99c7
06-05 19:59:50.097 W/ActivityManager( 1629): java.lang.ClassCastException: android.os.BinderProxy cannot be cast to com.android.server.am.ActivityRecord$Token
06-05 19:59:50.097 W/ActivityManager( 1629): 	at com.android.server.am.ActivityRecord.forTokenLocked(ActivityRecord.java:586)
06-05 19:59:50.097 W/ActivityManager( 1629): 	at com.android.server.am.ActivityRecord.isInStackLocked(ActivityRecord.java:1327)
06-05 19:59:50.097 W/ActivityManager( 1629): 	at com.android.server.am.ActivityManagerService.getActivityOptions(ActivityManagerService.java:12559)
06-05 19:59:50.097 W/ActivityManager( 1629): 	at android.app.ActivityManagerNative.onTransact(ActivityManagerNative.java:1933)
06-05 19:59:50.097 W/ActivityManager( 1629): 	at com.android.server.am.ActivityManagerService.onTransact(ActivityManagerService.java:2757)
06-05 19:59:50.097 W/ActivityManager( 1629): 	at android.os.Binder.execTransact(Binder.java:565)
06-05 19:59:50.098 W/ActivityManager( 1629): Bad activity token: android.os.BinderProxy@48d99c7
06-05 19:59:50.098 W/ActivityManager( 1629): java.lang.ClassCastException: android.os.BinderProxy cannot be cast to com.android.server.am.ActivityRecord$Token
06-05 19:59:50.098 W/ActivityManager( 1629): 	at com.android.server.am.ActivityRecord.forTokenLocked(ActivityRecord.java:586)
06-05 19:59:50.098 W/ActivityManager( 1629): 	at com.android.server.am.ActivityRecord.isInStackLocked(ActivityRecord.java:1327)
06-05 19:59:50.098 W/ActivityManager( 1629): 	at com.android.server.am.ActivityManagerService.getActivityOptions(ActivityManagerService.java:12559)
06-05 19:59:50.098 W/ActivityManager( 1629): 	at android.app.ActivityManagerNative.onTransact(ActivityManagerNative.java:1933)
06-05 19:59:50.098 W/ActivityManager( 1629): 	at com.android.server.am.ActivityManagerService.onTransact(ActivityManagerService.java:2757)
06-05 19:59:50.098 W/ActivityManager( 1629): 	at android.os.Binder.execTransact(Binder.java:565)
06-05 19:59:50.099 D/VehicleStatisticsActivity(21051): Checking recalculation ...
06-05 19:59:50.099 D/VehicleStatisticsActivity(21051): Recalculation not necessary.
06-05 19:59:50.156 I/System.out(21051): URI: //map
06-05 19:59:50.156 I/System.out(21051): params: {json={"query":"android.widget.AbsListView index:0","operation":{"method_name":"query","arguments":[]}}
06-05 19:59:50.156 I/System.out(21051): }
06-05 19:59:50.161 I/art     (21051): Do partial code cache collection, code=30KB, data=29KB
06-05 19:59:50.161 I/art     (21051): After code cache collection, code=29KB, data=28KB
06-05 19:59:50.161 I/art     (21051): Increasing code cache capacity to 128KB
06-05 19:59:50.172 I/System.out(21051): URI: //map
06-05 19:59:50.172 I/System.out(21051): params: {json={"query":"android.widget.AbsListView index:0","operation":{"method_name":"query","arguments":[]}}
06-05 19:59:50.172 I/System.out(21051): }
06-05 19:59:50.187 I/System.out(21051): URI: //map
06-05 19:59:50.187 I/System.out(21051): params: {json={"query":"android.widget.AbsListView index:0","operation":{"method_name":"query","arguments":[]}}
06-05 19:59:50.187 I/System.out(21051): }
06-05 19:59:50.201 I/System.out(21051): URI: //map
06-05 19:59:50.201 I/System.out(21051): params: {json={"query":"android.widget.AbsListView index:0","operation":{"method_name":"query","arguments":["getFirstVisiblePosition"]}}
06-05 19:59:50.201 I/System.out(21051): }
06-05 19:59:50.213 I/System.out(21051): URI: //map
06-05 19:59:50.213 I/System.out(21051): params: {json={"query":"android.widget.AbsListView index:0","operation":{"method_name":"query","arguments":["getLastVisiblePosition"]}}
06-05 19:59:50.213 I/System.out(21051): }
06-05 19:59:50.225 I/System.out(21051): URI: //map
06-05 19:59:50.225 I/System.out(21051): params: {json={"query":"android.widget.AbsListView index:0","operation":{"method_name":"query","arguments":[{"method_name":"setSelection","arguments":[26]}]}}
06-05 19:59:50.225 I/System.out(21051): }
06-05 19:59:50.243 I/System.out(21051): URI: //map
06-05 19:59:50.243 I/System.out(21051): params: {json={"query":"* marked:'West'","operation":{"method_name":"query","arguments":[]}}
06-05 19:59:50.243 I/System.out(21051): }
06-05 19:59:50.288 D/gralloc_ranchu( 1348): gralloc_alloc: Creating ashmem region of size 9023488
06-05 19:59:50.333 W/ResourceType(21051): No package identifier when getting name for resource number 0x00000001
06-05 19:59:50.344 I/System.out(21051): URI: //gesture
06-05 19:59:50.344 I/System.out(21051): params: {json={"query_timeout":5.0,"gestures":[{"query_string":"* marked:'West'","touches":[{"x":50,"y":50,"offset_x":0,"offset_y":0,"wait":0.0,"time":0.2,"release":true,"query_string":null}]}]}
06-05 19:59:50.344 I/System.out(21051): }
06-05 19:59:50.347 W/ResourceType(21051): No package identifier when getting name for resource number 0x00000001
06-05 19:59:50.387 V/PhoneStatusBar( 1711): setLightsOn(true)
06-05 19:59:50.389 V/PhoneStatusBar( 1711): setLightsOn(true)
06-05 19:59:50.391 W/OpenGLRenderer( 2147): Incorrectly called buildLayer on View: ShortcutAndWidgetContainer, destroying layer...
06-05 19:59:50.403 V/PhoneStatusBar( 1711): setLightsOn(true)
06-05 19:59:50.404 I/WindowManager( 1629): Destroying surface Surface(name=com.android.launcher3/com.android.launcher3.Launcher) called by com.android.server.wm.WindowStateAnimator.destroySurface:2016 com.android.server.wm.WindowStateAnimator.destroySurfaceLocked:882 com.android.server.wm.WindowState.destroyOrSaveSurface:2100 com.android.server.wm.AppWindowToken.destroySurfaces:363 com.android.server.wm.AppWindowToken.notifyAppStopped:389 com.android.server.wm.WindowManagerService.notifyAppStopped:4463 com.android.server.am.ActivityStack.activityStoppedLocked:1252 com.android.server.am.ActivityManagerService.activityStopped:6903 
06-05 19:59:50.569 I/ActivityManager( 1629): START u0 {cmp=com.evancharlton.mileage/.charts.WestChart (has extras)} from uid 10196 on display 0
06-05 19:59:50.570 V/PhoneStatusBar( 1711): setLightsOn(true)
06-05 19:59:50.571 V/PhoneStatusBar( 1711): setLightsOn(true)
06-05 19:59:50.580 I/System.out(21051): URI: //map
06-05 19:59:50.580 I/System.out(21051): params: {json={"query":"* {text CONTAINS[c] 'Farthest west fillup'}","operation":{"method_name":"query","arguments":[]}}
06-05 19:59:50.580 I/System.out(21051): }
06-05 19:59:50.632 I/calabash(21051): newActivity1
06-05 19:59:50.636 W/aiCharts(21051): License file is invalid or missing. 
06-05 19:59:50.636 W/aiCharts(21051): Please place proper license.lic to /assets folder.
06-05 19:59:50.647 V/PhoneStatusBar( 1711): setLightsOn(true)
06-05 19:59:50.669 V/PhoneStatusBar( 1711): setLightsOn(true)
06-05 19:59:50.683 I/WindowManager( 1629): Destroying surface Surface(name=Creating chart…) called by com.android.server.wm.WindowStateAnimator.destroySurface:2016 com.android.server.wm.WindowStateAnimator.destroySurfaceLocked:882 com.android.server.wm.WindowState.removeLocked:1456 com.android.server.wm.WindowManagerService.removeWindowInnerLocked:2484 com.android.server.wm.WindowManagerService.removeWindowLocked:2442 com.android.server.wm.WindowManagerService.removeWindowLocked:2311 com.android.server.wm.WindowManagerService.removeWindow:2306 com.android.server.wm.Session.remove:202 
06-05 19:59:50.685 V/PhoneStatusBar( 1711): setLightsOn(true)
06-05 19:59:50.694 D/gralloc_ranchu( 1348): gralloc_alloc: Creating ashmem region of size 9023488
06-05 19:59:50.702 V/PhoneStatusBar( 1711): setLightsOn(true)
06-05 19:59:50.752 V/PhoneStatusBar( 1711): setLightsOn(true)
06-05 19:59:50.769 I/ActivityManager( 1629): Displayed com.evancharlton.mileage/.charts.WestChart: +138ms
06-05 19:59:50.770 V/PhoneStatusBar( 1711): setLightsOn(true)
06-05 19:59:50.786 V/PhoneStatusBar( 1711): setLightsOn(true)
06-05 19:59:50.802 V/PhoneStatusBar( 1711): setLightsOn(true)
06-05 19:59:50.963 I/System.out(21051): URI: //map
06-05 19:59:50.963 I/System.out(21051): params: {json={"query":"* {text CONTAINS[c] 'Farthest west fillup'}","operation":{"method_name":"query","arguments":[]}}
06-05 19:59:50.963 I/System.out(21051): }
06-05 19:59:50.989 V/PhoneStatusBar( 1711): setLightsOn(true)
06-05 19:59:51.021 I/System.out(21051): URI: //
06-05 19:59:51.022 I/System.out(21051): params: {json={"command":"press_key","arguments":["KEYCODE_BACK"]}
06-05 19:59:51.022 I/System.out(21051): }
06-05 19:59:51.022 I/System.out(21051): header: {content-type=application/json;charset=utf-8, date=Sat, 06 Jun 2020 00:59:51 GMT, accept=*/*, host=127.0.0.1:34783, content-length=52, user-agent=HTTPClient/1.0 (2.8.3, ruby 2.5.1 (2018-03-29))}
06-05 19:59:51.022 I/System.out(21051): params: {json={"command":"press_key","arguments":["KEYCODE_BACK"]}
06-05 19:59:51.022 I/System.out(21051): }
06-05 19:59:51.022 I/System.out(21051): ProP json = {"command":"press_key","arguments":["KEYCODE_BACK"]}
06-05 19:59:51.022 I/System.out(21051): files: {}
06-05 19:59:51.022 I/System.out(21051): command: {"command":"press_key","arguments":["KEYCODE_BACK"]}
06-05 19:59:51.026 I/InstrumentationBackend(21051): Got command:'Command:'Line:null,press_key', arguments:'[KEYCODE_BACK]'
06-05 19:59:51.035 V/PhoneStatusBar( 1711): setLightsOn(true)
06-05 19:59:51.043 V/PhoneStatusBar( 1711): setLightsOn(true)
06-05 19:59:51.050 I/art     (21051): Do partial code cache collection, code=60KB, data=62KB
06-05 19:59:51.050 D/VehicleStatisticsActivity(21051): Checking recalculation ...
06-05 19:59:51.052 V/PhoneStatusBar( 1711): setLightsOn(true)
06-05 19:59:51.053 I/art     (21051): After code cache collection, code=59KB, data=61KB
06-05 19:59:51.053 I/art     (21051): Increasing code cache capacity to 256KB
06-05 19:59:51.055 I/System.out(21051): result:{"bonusInformation":[],"message":"","success":true}
06-05 19:59:51.055 D/VehicleStatisticsActivity(21051): Recalculation not necessary.
06-05 19:59:51.064 I/System.out(21051): URI: //map
06-05 19:59:51.064 I/System.out(21051): params: {json={"query":"* {text CONTAINS[c] 'Statistics'}","operation":{"method_name":"query","arguments":[]}}
06-05 19:59:51.064 I/System.out(21051): }
06-05 19:59:51.070 V/PhoneStatusBar( 1711): setLightsOn(true)
06-05 19:59:51.082 D/gralloc_ranchu( 1348): gralloc_alloc: Creating ashmem region of size 9023488
06-05 19:59:51.085 V/PhoneStatusBar( 1711): setLightsOn(true)
06-05 19:59:51.135 V/PhoneStatusBar( 1711): setLightsOn(true)
