--------- beginning of main
06-06 03:15:56.632 D/EGL_emulation( 1711): eglMakeCurrent: 0xa7985720: ver 2 0 (tinfo 0xa7983770)
06-06 03:15:56.636 D/EGL_emulation( 2078): eglMakeCurrent: 0x9852d440: ver 2 0 (tinfo 0xa3d30310)
06-06 03:15:56.636 W/OpenGLRenderer( 2078): Incorrectly called buildLayer on View: ShortcutAndWidgetContainer, destroying layer...
06-06 03:15:56.647 D/EGL_emulation( 1711): eglMakeCurrent: 0xa7985720: ver 2 0 (tinfo 0xa7983770)
06-06 03:15:56.655 D/EGL_emulation( 1711): eglMakeCurrent: 0xa7985720: ver 2 0 (tinfo 0xa7983770)
06-06 03:15:56.664 D/EGL_emulation( 1711): eglMakeCurrent: 0xa7985720: ver 2 0 (tinfo 0xa7983770)
06-06 03:15:56.665 D/EGL_emulation( 1711): eglMakeCurrent: 0xa7985720: ver 2 0 (tinfo 0xa7983770)
06-06 03:15:56.680 D/EGL_emulation( 1711): eglMakeCurrent: 0xa7985720: ver 2 0 (tinfo 0xa7983770)
06-06 03:15:56.682 D/EGL_emulation( 1711): eglMakeCurrent: 0xa7985720: ver 2 0 (tinfo 0xa7983770)
06-06 03:15:56.697 D/EGL_emulation( 1711): eglMakeCurrent: 0xa7985720: ver 2 0 (tinfo 0xa7983770)
06-06 03:15:56.698 D/EGL_emulation( 1711): eglMakeCurrent: 0xa7985720: ver 2 0 (tinfo 0xa7983770)
06-06 03:15:56.714 D/EGL_emulation( 1711): eglMakeCurrent: 0xa7985720: ver 2 0 (tinfo 0xa7983770)
06-06 03:15:56.716 D/EGL_emulation( 1711): eglMakeCurrent: 0xa7985720: ver 2 0 (tinfo 0xa7983770)
06-06 03:15:56.730 D/EGL_emulation( 1711): eglMakeCurrent: 0xa7985720: ver 2 0 (tinfo 0xa7983770)
06-06 03:15:56.732 D/EGL_emulation( 1711): eglMakeCurrent: 0xa7985720: ver 2 0 (tinfo 0xa7983770)
06-06 03:15:56.747 D/EGL_emulation( 1711): eglMakeCurrent: 0xa7985720: ver 2 0 (tinfo 0xa7983770)
06-06 03:15:56.748 D/EGL_emulation( 1711): eglMakeCurrent: 0xa7985720: ver 2 0 (tinfo 0xa7983770)
06-06 03:15:56.764 D/EGL_emulation( 1711): eglMakeCurrent: 0xa7985720: ver 2 0 (tinfo 0xa7983770)
06-06 03:15:56.765 D/EGL_emulation( 1711): eglMakeCurrent: 0xa7985720: ver 2 0 (tinfo 0xa7983770)
06-06 03:15:56.775 D/AndroidRuntime( 3341): >>>>>> START com.android.internal.os.RuntimeInit uid 2000 <<<<<<
06-06 03:15:56.776 D/AndroidRuntime( 3341): CheckJNI is ON
06-06 03:15:56.780 D/EGL_emulation( 1711): eglMakeCurrent: 0xa7985720: ver 2 0 (tinfo 0xa7983770)
06-06 03:15:56.782 D/EGL_emulation( 1711): eglMakeCurrent: 0xa7985720: ver 2 0 (tinfo 0xa7983770)
06-06 03:15:56.788 W/art     ( 3341): Unexpected CPU variant for X86 using defaults: x86
06-06 03:15:56.790 D/ICU     ( 3341): No timezone override file found: /data/misc/zoneinfo/current/icu/icu_tzdata.dat
06-06 03:15:56.797 E/memtrack( 3341): Couldn't load memtrack module (No such file or directory)
06-06 03:15:56.797 E/android.os.Debug( 3341): failed to load memtrack module: -2
06-06 03:15:56.797 I/Radio-JNI( 3341): register_android_hardware_Radio DONE
06-06 03:15:56.797 D/EGL_emulation( 1711): eglMakeCurrent: 0xa7985720: ver 2 0 (tinfo 0xa7983770)
06-06 03:15:56.801 D/AndroidRuntime( 3341): Calling main entry com.android.commands.am.Am
--------- beginning of system
06-06 03:15:56.802 I/ActivityManager( 1630): Force stopping com.evancharlton.mileage appid=10422 user=0: start instr
06-06 03:15:56.805 I/art     ( 3364): Not late-enabling -Xcheck:jni (already on)
06-06 03:15:56.805 W/art     ( 3364): Unexpected CPU variant for X86 using defaults: x86
06-06 03:15:56.813 I/ActivityManager( 1630): Start proc 3364:com.evancharlton.mileage/u0a422 for added application com.evancharlton.mileage
06-06 03:15:56.814 D/AndroidRuntime( 3341): Shutting down VM
06-06 03:15:56.817 D/EGL_emulation( 1711): eglMakeCurrent: 0xa7985720: ver 2 0 (tinfo 0xa7983770)
06-06 03:15:56.822 D/EGL_emulation( 1711): eglMakeCurrent: 0xa7985720: ver 2 0 (tinfo 0xa7983770)
06-06 03:15:56.840 W/System  ( 3364): ClassLoader referenced unknown path: /data/app/com.evancharlton.mileage.test-1/lib/x86
06-06 03:15:56.840 W/System  ( 3364): ClassLoader referenced unknown path: /data/app/com.evancharlton.mileage-1/lib/x86
06-06 03:15:56.843 W/System  ( 3364): ClassLoader referenced unknown path: 
06-06 03:15:56.848 I/System.out( 3364): Main activity name automatically set to: com.evancharlton.mileage.Mileage
06-06 03:15:56.849 I/System.out( 3364): Calabash did not load Mono. This is only a problem if you are trying to test a Mono application
06-06 03:15:56.849 I/calabash( 3364): Test server port: 7102
06-06 03:15:56.849 I/InstrumentationBackend( 3364): Added:'GetPreferences', with key:'get_preferences'
06-06 03:15:56.853 I/InstrumentationBackend( 3364): Added:'SetPreferences', with key:'set_preferences'
06-06 03:15:56.853 I/InstrumentationBackend( 3364): Added:'ClearPreferences', with key:'clear_preferences'
06-06 03:15:56.854 I/InstrumentationBackend( 3364): Added:'PressElement', with key:'press_l10n_element'
06-06 03:15:56.854 I/InstrumentationBackend( 3364): Added:'WaitForElement', with key:'wait_for_l10n_element'
06-06 03:15:56.854 I/InstrumentationBackend( 3364): Added:'NullAction', with key:'nullAction'
06-06 03:15:56.854 I/InstrumentationBackend( 3364): Added:'PressKey', with key:'press_key'
06-06 03:15:56.854 I/InstrumentationBackend( 3364): Added:'SetActivityOrientation', with key:'set_activity_orientation'
06-06 03:15:56.854 I/InstrumentationBackend( 3364): Added:'GetActivityOrientation', with key:'get_activity_orientation'
06-06 03:15:56.854 I/InstrumentationBackend( 3364): Added:'FakeGPSLocation', with key:'set_gps_coordinates'
06-06 03:15:56.854 I/InstrumentationBackend( 3364): Added:'SetPropertyByCssSelector', with key:'set_property_by_css_selector'
06-06 03:15:56.854 I/InstrumentationBackend( 3364): Added:'GetUrl', with key:'get_url'
06-06 03:15:56.854 I/InstrumentationBackend( 3364): Added:'ScrollTo', with key:'scroll_to'
06-06 03:15:56.854 I/InstrumentationBackend( 3364): Added:'GetLoadProgress', with key:'get_load_progress'
06-06 03:15:56.854 I/InstrumentationBackend( 3364): Added:'DumpHtml', with key:'dump_html'
06-06 03:15:56.854 I/InstrumentationBackend( 3364): Added:'DumpBodyHtml', with key:'dump_body_html'
06-06 03:15:56.854 I/InstrumentationBackend( 3364): Added:'EnterTextByCssSelector', with key:'enter_text_by_selector'
06-06 03:15:56.855 I/InstrumentationBackend( 3364): Added:'AndroidSDKVersion', with key:'android_sdk_version'
06-06 03:15:56.855 I/InstrumentationBackend( 3364): Added:'Version', with key:'version'
06-06 03:15:56.855 I/InstrumentationBackend( 3364): Added:'Drag', with key:'drag'
06-06 03:15:56.855 I/InstrumentationBackend( 3364): Added:'TouchCoordinates', with key:'touch_coordinate'
06-06 03:15:56.855 I/InstrumentationBackend( 3364): Added:'LongPressCoordinate', with key:'long_press_coordinate'
06-06 03:15:56.855 I/InstrumentationBackend( 3364): Added:'DragCoordinates', with key:'drag_coordinates'
06-06 03:15:56.855 I/InstrumentationBackend( 3364): Added:'ResumeApplication', with key:'resume_application'
06-06 03:15:56.855 I/InstrumentationBackend( 3364): Added:'Swipe', with key:'swipe'
06-06 03:15:56.855 I/InstrumentationBackend( 3364): Added:'DoubleTapCoordinate', with key:'double_tap_coordinate'
06-06 03:15:56.855 I/InstrumentationBackend( 3364): Added:'ClickOnScreen', with key:'click_on_screen'
06-06 03:15:56.855 I/InstrumentationBackend( 3364): Added:'GetActivityName', with key:'get_activity_name'
06-06 03:15:56.855 I/InstrumentationBackend( 3364): Added:'ScrollToView', with key:'scroll_to_view'
06-06 03:15:56.855 I/InstrumentationBackend( 3364): Added:'ViewConfiguration', with key:'view_configuration'
06-06 03:15:56.855 I/InstrumentationBackend( 3364): Added:'IsCurrentActivityFocused', with key:'is_current_activity_focused'
06-06 03:15:56.855 I/InstrumentationBackend( 3364): Added:'SendTcp', with key:'send_tcp'
06-06 03:15:56.855 I/InstrumentationBackend( 3364): Added:'DpToDevicePixel', with key:'dp_to_device_pixel'
06-06 03:15:56.855 I/InstrumentationBackend( 3364): Added:'KeyboardEnterText', with key:'keyboard_enter_text'
06-06 03:15:56.855 I/InstrumentationBackend( 3364): Added:'DeleteSurroundingText', with key:'delete_surrounding_text'
06-06 03:15:56.855 I/InstrumentationBackend( 3364): Added:'SetComposingRegion', with key:'set_composing_region'
06-06 03:15:56.855 I/InstrumentationBackend( 3364): Added:'SetSelection', with key:'set_selection'
06-06 03:15:56.855 I/InstrumentationBackend( 3364): Added:'KeyboardKeyEvent', with key:'keyboard_key_event'
06-06 03:15:56.855 I/InstrumentationBackend( 3364): Added:'PressUserActionButton', with key:'press_user_action_button'
06-06 03:15:56.855 I/InstrumentationBackend( 3364): Added:'HideSoftKeyboard', with key:'hide_soft_keyboard'
06-06 03:15:56.855 I/InstrumentationBackend( 3364): Added:'ListActions', with key:'list_actions'
06-06 03:15:56.856 I/calabash( 3364): Instantiating http server at 7102
06-06 03:15:56.856 I/System.out( 3364): HTTP Daemon listening on: 7102
06-06 03:15:56.943 I/System.out( 3364): URI: //ping
06-06 03:15:56.943 I/System.out( 3364): params: {json={}
06-06 03:15:56.943 I/System.out( 3364): }
06-06 03:15:56.950 I/System.out( 3364): URI: //ping
06-06 03:15:56.951 I/System.out( 3364): params: {json={}
06-06 03:15:56.951 I/System.out( 3364): }
06-06 03:15:56.956 I/System.out( 3364): URI: //ready
06-06 03:15:56.956 I/System.out( 3364): params: {json={}
06-06 03:15:56.956 I/System.out( 3364): }
06-06 03:15:56.962 I/System.out( 3364): URI: //
06-06 03:15:56.962 I/System.out( 3364): params: {json={"command":"version","arguments":[]}
06-06 03:15:56.962 I/System.out( 3364): }
06-06 03:15:56.963 I/System.out( 3364): header: {content-type=application/json;charset=utf-8, date=Sat, 06 Jun 2020 08:15:57 GMT, accept=*/*, host=127.0.0.1:34777, content-length=36, user-agent=HTTPClient/1.0 (2.8.3, ruby 2.5.1 (2018-03-29))}
06-06 03:15:56.963 I/System.out( 3364): params: {json={"command":"version","arguments":[]}
06-06 03:15:56.963 I/System.out( 3364): }
06-06 03:15:56.963 I/System.out( 3364): ProP json = {"command":"version","arguments":[]}
06-06 03:15:56.963 I/System.out( 3364): files: {}
06-06 03:15:56.963 I/System.out( 3364): command: {"command":"version","arguments":[]}
06-06 03:15:56.973 I/InstrumentationBackend( 3364): Got command:'Command:'Line:null,version', arguments:'[]'
06-06 03:15:56.990 I/System.out( 3364): result:{"bonusInformation":[],"message":"0.9.8","success":true}
06-06 03:15:56.993 I/System.out( 3364): URI: //start-application
06-06 03:15:56.993 I/System.out( 3364): params: {json={"intent":null}
06-06 03:15:56.993 I/System.out( 3364): }
06-06 03:15:57.005 I/ActivityManager( 1630): START u0 {act=android.intent.action.MAIN cat=[android.intent.category.LAUNCHER] flg=0x10200000 cmp=com.evancharlton.mileage/.Mileage} from uid 10422 on display 0
06-06 03:15:57.009 I/calabash( 3364): newActivity1
06-06 03:15:57.017 I/calabash( 3364): newActivity1
06-06 03:15:57.018 W/ActivityManager( 1630): Bad activity token: android.os.BinderProxy@cb434
06-06 03:15:57.018 W/ActivityManager( 1630): java.lang.ClassCastException: android.os.BinderProxy cannot be cast to com.android.server.am.ActivityRecord$Token
06-06 03:15:57.018 W/ActivityManager( 1630): 	at com.android.server.am.ActivityRecord.forTokenLocked(ActivityRecord.java:586)
06-06 03:15:57.018 W/ActivityManager( 1630): 	at com.android.server.am.ActivityRecord.isInStackLocked(ActivityRecord.java:1327)
06-06 03:15:57.018 W/ActivityManager( 1630): 	at com.android.server.am.ActivityRecord.getStackLocked(ActivityRecord.java:1332)
06-06 03:15:57.018 W/ActivityManager( 1630): 	at com.android.server.am.ActivityManagerService.getActivityDisplayId(ActivityManagerService.java:9806)
06-06 03:15:57.018 W/ActivityManager( 1630): 	at android.app.ActivityManagerNative.onTransact(ActivityManagerNative.java:2566)
06-06 03:15:57.018 W/ActivityManager( 1630): 	at com.android.server.am.ActivityManagerService.onTransact(ActivityManagerService.java:2757)
06-06 03:15:57.018 W/ActivityManager( 1630): 	at android.os.Binder.execTransact(Binder.java:565)
06-06 03:15:57.019 W/ActivityManager( 1630): Bad activity token: android.os.BinderProxy@cb434
06-06 03:15:57.019 W/ActivityManager( 1630): java.lang.ClassCastException: android.os.BinderProxy cannot be cast to com.android.server.am.ActivityRecord$Token
06-06 03:15:57.019 W/ActivityManager( 1630): 	at com.android.server.am.ActivityRecord.forTokenLocked(ActivityRecord.java:586)
06-06 03:15:57.019 W/ActivityManager( 1630): 	at com.android.server.am.ActivityRecord.isInStackLocked(ActivityRecord.java:1327)
06-06 03:15:57.019 W/ActivityManager( 1630): 	at com.android.server.am.ActivityManagerService.setTaskDescription(ActivityManagerService.java:9358)
06-06 03:15:57.019 W/ActivityManager( 1630): 	at android.app.ActivityManagerNative.onTransact(ActivityManagerNative.java:2639)
06-06 03:15:57.019 W/ActivityManager( 1630): 	at com.android.server.am.ActivityManagerService.onTransact(ActivityManagerService.java:2757)
06-06 03:15:57.019 W/ActivityManager( 1630): 	at android.os.Binder.execTransact(Binder.java:565)
06-06 03:15:57.019 W/ActivityManager( 1630): Bad activity token: android.os.BinderProxy@cb434
06-06 03:15:57.019 W/ActivityManager( 1630): java.lang.ClassCastException: android.os.BinderProxy cannot be cast to com.android.server.am.ActivityRecord$Token
06-06 03:15:57.019 W/ActivityManager( 1630): 	at com.android.server.am.ActivityRecord.forTokenLocked(ActivityRecord.java:586)
06-06 03:15:57.019 W/ActivityManager( 1630): 	at com.android.server.am.ActivityRecord.isInStackLocked(ActivityRecord.java:1327)
06-06 03:15:57.019 W/ActivityManager( 1630): 	at com.android.server.am.ActivityRecord.getStackLocked(ActivityRecord.java:1332)
06-06 03:15:57.019 W/ActivityManager( 1630): 	at com.android.server.am.ActivityManagerService.getActivityStackId(ActivityManagerService.java:9817)
06-06 03:15:57.019 W/ActivityManager( 1630): 	at android.app.ActivityManagerNative.onTransact(ActivityManagerNative.java:2856)
06-06 03:15:57.019 W/ActivityManager( 1630): 	at com.android.server.am.ActivityManagerService.onTransact(ActivityManagerService.java:2757)
06-06 03:15:57.019 W/ActivityManager( 1630): 	at android.os.Binder.execTransact(Binder.java:565)
06-06 03:15:57.031 D/gralloc_ranchu( 1347): gralloc_alloc: Creating ashmem region of size 9023488
06-06 03:15:57.033 W/ActivityManager( 1630): Bad activity token: android.os.BinderProxy@cb434
06-06 03:15:57.033 W/ActivityManager( 1630): java.lang.ClassCastException: android.os.BinderProxy cannot be cast to com.android.server.am.ActivityRecord$Token
06-06 03:15:57.033 W/ActivityManager( 1630): 	at com.android.server.am.ActivityRecord.forTokenLocked(ActivityRecord.java:586)
06-06 03:15:57.033 W/ActivityManager( 1630): 	at com.android.server.am.ActivityRecord.isInStackLocked(ActivityRecord.java:1327)
06-06 03:15:57.033 W/ActivityManager( 1630): 	at com.android.server.am.ActivityManagerService.getActivityOptions(ActivityManagerService.java:12559)
06-06 03:15:57.033 W/ActivityManager( 1630): 	at android.app.ActivityManagerNative.onTransact(ActivityManagerNative.java:1933)
06-06 03:15:57.033 W/ActivityManager( 1630): 	at com.android.server.am.ActivityManagerService.onTransact(ActivityManagerService.java:2757)
06-06 03:15:57.033 W/ActivityManager( 1630): 	at android.os.Binder.execTransact(Binder.java:565)
06-06 03:15:57.034 W/ActivityManager( 1630): Bad activity token: android.os.BinderProxy@cb434
06-06 03:15:57.034 W/ActivityManager( 1630): java.lang.ClassCastException: android.os.BinderProxy cannot be cast to com.android.server.am.ActivityRecord$Token
06-06 03:15:57.034 W/ActivityManager( 1630): 	at com.android.server.am.ActivityRecord.forTokenLocked(ActivityRecord.java:586)
06-06 03:15:57.034 W/ActivityManager( 1630): 	at com.android.server.am.ActivityRecord.isInStackLocked(ActivityRecord.java:1327)
06-06 03:15:57.034 W/ActivityManager( 1630): 	at com.android.server.am.ActivityManagerService.getActivityOptions(ActivityManagerService.java:12559)
06-06 03:15:57.034 W/ActivityManager( 1630): 	at android.app.ActivityManagerNative.onTransact(ActivityManagerNative.java:1933)
06-06 03:15:57.034 W/ActivityManager( 1630): 	at com.android.server.am.ActivityManagerService.onTransact(ActivityManagerService.java:2757)
06-06 03:15:57.034 W/ActivityManager( 1630): 	at android.os.Binder.execTransact(Binder.java:565)
06-06 03:15:57.053 V/PhoneStatusBar( 1711): setLightsOn(true)
06-06 03:15:57.065 D/EGL_emulation( 1711): eglMakeCurrent: 0xa7985720: ver 2 0 (tinfo 0xa7983770)
06-06 03:15:57.066 V/PhoneStatusBar( 1711): setLightsOn(true)
06-06 03:15:57.072 V/PhoneStatusBar( 1711): setLightsOn(true)
06-06 03:15:57.073 D/gralloc_ranchu( 1347): gralloc_alloc: Creating ashmem region of size 9023488
06-06 03:15:57.078 V/PhoneStatusBar( 1711): setLightsOn(true)
06-06 03:15:57.083 D/EGL_emulation( 1711): eglMakeCurrent: 0xa7985720: ver 2 0 (tinfo 0xa7983770)
06-06 03:15:57.084 D/EGL_emulation( 2078): eglMakeCurrent: 0x9852d440: ver 2 0 (tinfo 0xa3d30310)
06-06 03:15:57.085 D/        ( 3364): HostConnection::get() New Host Connection established 0x9a2b7480, tid 3364
06-06 03:15:57.124 D/EGL_emulation( 1711): eglMakeCurrent: 0xa7985720: ver 2 0 (tinfo 0xa7983770)
06-06 03:15:57.126 D/EGL_emulation( 1711): eglMakeCurrent: 0xa7985720: ver 2 0 (tinfo 0xa7983770)
06-06 03:15:57.128 D/EGL_emulation( 1711): eglMakeCurrent: 0xa7985720: ver 2 0 (tinfo 0xa7983770)
06-06 03:15:57.129 V/PhoneStatusBar( 1711): setLightsOn(true)
06-06 03:15:57.131 D/EGL_emulation( 1711): eglMakeCurrent: 0xa7985720: ver 2 0 (tinfo 0xa7983770)
06-06 03:15:57.132 D/EGL_emulation( 1711): eglMakeCurrent: 0xa7985720: ver 2 0 (tinfo 0xa7983770)
06-06 03:15:57.147 D/EGL_emulation( 1711): eglMakeCurrent: 0xa7985720: ver 2 0 (tinfo 0xa7983770)
06-06 03:15:57.149 D/EGL_emulation( 1711): eglMakeCurrent: 0xa7985720: ver 2 0 (tinfo 0xa7983770)
06-06 03:15:57.164 I/ActivityManager( 1630): Displayed com.evancharlton.mileage/.Mileage: +157ms
06-06 03:15:57.164 D/gralloc_ranchu( 1347): gralloc_alloc: Creating ashmem region of size 9023488
06-06 03:15:57.165 D/EGL_emulation( 1711): eglMakeCurrent: 0xa7985720: ver 2 0 (tinfo 0xa7983770)
06-06 03:15:57.171 D/EGL_emulation( 1711): eglMakeCurrent: 0xa7985720: ver 2 0 (tinfo 0xa7983770)
06-06 03:15:57.171 V/PhoneStatusBar( 1711): setLightsOn(true)
06-06 03:15:57.186 D/EGL_emulation( 1711): eglMakeCurrent: 0xa7985720: ver 2 0 (tinfo 0xa7983770)
06-06 03:15:57.189 D/EGL_emulation( 1711): eglMakeCurrent: 0xa7985720: ver 2 0 (tinfo 0xa7983770)
06-06 03:15:57.199 D/EGL_emulation( 1711): eglMakeCurrent: 0xa7985720: ver 2 0 (tinfo 0xa7983770)
06-06 03:15:57.201 D/EGL_emulation( 1711): eglMakeCurrent: 0xa7985720: ver 2 0 (tinfo 0xa7983770)
06-06 03:15:57.201 V/PhoneStatusBar( 1711): setLightsOn(true)
06-06 03:15:57.214 D/EGL_emulation( 1711): eglMakeCurrent: 0xa7985720: ver 2 0 (tinfo 0xa7983770)
06-06 03:15:57.216 D/EGL_emulation( 1711): eglMakeCurrent: 0xa7985720: ver 2 0 (tinfo 0xa7983770)
06-06 03:15:57.220 I/System.out( 3364): URI: //map
06-06 03:15:57.220 I/System.out( 3364): params: {json={"query":"* marked:'Statistics'","operation":{"method_name":"query","arguments":[]}}
06-06 03:15:57.220 I/System.out( 3364): }
06-06 03:15:57.230 W/ResourceType( 3364): No package identifier when getting name for resource number 0x00000001
06-06 03:15:57.230 D/EGL_emulation( 1711): eglMakeCurrent: 0xa7985720: ver 2 0 (tinfo 0xa7983770)
06-06 03:15:57.232 D/EGL_emulation( 1711): eglMakeCurrent: 0xa7985720: ver 2 0 (tinfo 0xa7983770)
06-06 03:15:57.241 I/System.out( 3364): URI: //gesture
06-06 03:15:57.241 I/System.out( 3364): params: {json={"query_timeout":5.0,"gestures":[{"query_string":"* marked:'Statistics'","touches":[{"x":50,"y":50,"offset_x":0,"offset_y":0,"wait":0.0,"time":0.2,"release":true,"query_string":null}]}]}
06-06 03:15:57.241 I/System.out( 3364): }
06-06 03:15:57.246 W/ResourceType( 3364): No package identifier when getting name for resource number 0x00000001
06-06 03:15:57.250 D/EGL_emulation( 1711): eglMakeCurrent: 0xa7985720: ver 2 0 (tinfo 0xa7983770)
06-06 03:15:57.251 D/EGL_emulation( 1711): eglMakeCurrent: 0xa7985720: ver 2 0 (tinfo 0xa7983770)
06-06 03:15:57.270 D/EGL_emulation( 1711): eglMakeCurrent: 0xa7985720: ver 2 0 (tinfo 0xa7983770)
06-06 03:15:57.272 D/EGL_emulation( 1711): eglMakeCurrent: 0xa7985720: ver 2 0 (tinfo 0xa7983770)
06-06 03:15:57.281 D/EGL_emulation( 1711): eglMakeCurrent: 0xa7985720: ver 2 0 (tinfo 0xa7983770)
06-06 03:15:57.287 D/EGL_emulation( 1711): eglMakeCurrent: 0xa7985720: ver 2 0 (tinfo 0xa7983770)
06-06 03:15:57.297 D/EGL_emulation( 1711): eglMakeCurrent: 0xa7985720: ver 2 0 (tinfo 0xa7983770)
06-06 03:15:57.365 I/WindowManager( 1630): Destroying surface Surface(name=Starting com.evancharlton.mileage) called by com.android.server.wm.WindowStateAnimator.destroySurface:2016 com.android.server.wm.WindowStateAnimator.destroySurfaceLocked:882 com.android.server.wm.WindowState.destroyOrSaveSurface:2100 com.android.server.wm.AppWindowToken.destroySurfaces:363 com.android.server.wm.WindowStateAnimator.finishExit:565 com.android.server.wm.WindowStateAnimator.stepAnimationLocked:491 com.android.server.wm.WindowAnimator.updateWindowsLocked:303 com.android.server.wm.WindowAnimator.animateLocked:704 
06-06 03:15:57.370 V/PhoneStatusBar( 1711): setLightsOn(true)
06-06 03:15:57.399 V/PhoneStatusBar( 1711): setLightsOn(true)
06-06 03:15:57.483 I/calabash( 3364): newActivity1
06-06 03:15:57.498 I/System.out( 3364): URI: //map
06-06 03:15:57.498 I/System.out( 3364): params: {json={"query":"android.widget.ScrollView index:0","operation":{"method_name":"query","arguments":[]}}
06-06 03:15:57.498 I/System.out( 3364): }
06-06 03:15:57.502 W/ActivityManager( 1630): Bad activity token: android.os.BinderProxy@ac47bce
06-06 03:15:57.502 W/ActivityManager( 1630): java.lang.ClassCastException: android.os.BinderProxy cannot be cast to com.android.server.am.ActivityRecord$Token
06-06 03:15:57.502 W/ActivityManager( 1630): 	at com.android.server.am.ActivityRecord.forTokenLocked(ActivityRecord.java:586)
06-06 03:15:57.502 W/ActivityManager( 1630): 	at com.android.server.am.ActivityRecord.isInStackLocked(ActivityRecord.java:1327)
06-06 03:15:57.502 W/ActivityManager( 1630): 	at com.android.server.am.ActivityRecord.getStackLocked(ActivityRecord.java:1332)
06-06 03:15:57.502 W/ActivityManager( 1630): 	at com.android.server.am.ActivityManagerService.getActivityDisplayId(ActivityManagerService.java:9806)
06-06 03:15:57.502 W/ActivityManager( 1630): 	at android.app.ActivityManagerNative.onTransact(ActivityManagerNative.java:2566)
06-06 03:15:57.502 W/ActivityManager( 1630): 	at com.android.server.am.ActivityManagerService.onTransact(ActivityManagerService.java:2757)
06-06 03:15:57.502 W/ActivityManager( 1630): 	at android.os.Binder.execTransact(Binder.java:565)
06-06 03:15:57.503 W/ActivityManager( 1630): Bad activity token: android.os.BinderProxy@ac47bce
06-06 03:15:57.503 W/ActivityManager( 1630): java.lang.ClassCastException: android.os.BinderProxy cannot be cast to com.android.server.am.ActivityRecord$Token
06-06 03:15:57.503 W/ActivityManager( 1630): 	at com.android.server.am.ActivityRecord.forTokenLocked(ActivityRecord.java:586)
06-06 03:15:57.503 W/ActivityManager( 1630): 	at com.android.server.am.ActivityRecord.isInStackLocked(ActivityRecord.java:1327)
06-06 03:15:57.503 W/ActivityManager( 1630): 	at com.android.server.am.ActivityManagerService.setTaskDescription(ActivityManagerService.java:9358)
06-06 03:15:57.503 W/ActivityManager( 1630): 	at android.app.ActivityManagerNative.onTransact(ActivityManagerNative.java:2639)
06-06 03:15:57.503 W/ActivityManager( 1630): 	at com.android.server.am.ActivityManagerService.onTransact(ActivityManagerService.java:2757)
06-06 03:15:57.503 W/ActivityManager( 1630): 	at android.os.Binder.execTransact(Binder.java:565)
06-06 03:15:57.504 W/ActivityManager( 1630): Bad activity token: android.os.BinderProxy@ac47bce
06-06 03:15:57.504 W/ActivityManager( 1630): java.lang.ClassCastException: android.os.BinderProxy cannot be cast to com.android.server.am.ActivityRecord$Token
06-06 03:15:57.504 W/ActivityManager( 1630): 	at com.android.server.am.ActivityRecord.forTokenLocked(ActivityRecord.java:586)
06-06 03:15:57.504 W/ActivityManager( 1630): 	at com.android.server.am.ActivityRecord.isInStackLocked(ActivityRecord.java:1327)
06-06 03:15:57.504 W/ActivityManager( 1630): 	at com.android.server.am.ActivityRecord.getStackLocked(ActivityRecord.java:1332)
06-06 03:15:57.504 W/ActivityManager( 1630): 	at com.android.server.am.ActivityManagerService.getActivityStackId(ActivityManagerService.java:9817)
06-06 03:15:57.504 W/ActivityManager( 1630): 	at android.app.ActivityManagerNative.onTransact(ActivityManagerNative.java:2856)
06-06 03:15:57.504 W/ActivityManager( 1630): 	at com.android.server.am.ActivityManagerService.onTransact(ActivityManagerService.java:2757)
06-06 03:15:57.504 W/ActivityManager( 1630): 	at android.os.Binder.execTransact(Binder.java:565)
06-06 03:15:57.509 D/VehicleStatisticsActivity( 3364): Checking recalculation ...
06-06 03:15:57.509 D/VehicleStatisticsActivity( 3364): Recalculating statistics
06-06 03:15:57.509 D/VehicleStatisticsTask( 3364): Calculation starting...
06-06 03:15:57.510 D/VehicleStatisticsActivity( 3364): Recalculation started!
06-06 03:15:57.510 W/ResourceType( 3364): No package identifier when getting value for resource number 0x00000000
06-06 03:15:57.510 D/AndroidRuntime( 3364): Shutting down VM
--------- beginning of crash
06-06 03:15:57.510 E/AndroidRuntime( 3364): FATAL EXCEPTION: main
06-06 03:15:57.510 E/AndroidRuntime( 3364): Process: com.evancharlton.mileage, PID: 3364
06-06 03:15:57.510 E/AndroidRuntime( 3364): java.lang.RuntimeException: Unable to start activity ComponentInfo{com.evancharlton.mileage/com.evancharlton.mileage.VehicleStatisticsActivity}: android.content.res.Resources$NotFoundException: String resource ID #0x0
06-06 03:15:57.510 E/AndroidRuntime( 3364): 	at android.app.ActivityThread.performLaunchActivity(ActivityThread.java:2646)
06-06 03:15:57.510 E/AndroidRuntime( 3364): 	at android.app.ActivityThread.startActivityNow(ActivityThread.java:2446)
06-06 03:15:57.510 E/AndroidRuntime( 3364): 	at android.app.LocalActivityManager.moveToState(LocalActivityManager.java:136)
06-06 03:15:57.510 E/AndroidRuntime( 3364): 	at android.app.LocalActivityManager.startActivity(LocalActivityManager.java:348)
06-06 03:15:57.510 E/AndroidRuntime( 3364): 	at android.widget.TabHost$IntentContentStrategy.getContentView(TabHost.java:724)
06-06 03:15:57.510 E/AndroidRuntime( 3364): 	at android.widget.TabHost.setCurrentTab(TabHost.java:388)
06-06 03:15:57.510 E/AndroidRuntime( 3364): 	at android.widget.TabHost$2.onTabSelectionChanged(TabHost.java:158)
06-06 03:15:57.510 E/AndroidRuntime( 3364): 	at android.widget.TabWidget$TabClickListener.onClick(TabWidget.java:532)
06-06 03:15:57.510 E/AndroidRuntime( 3364): 	at android.view.View.performClick(View.java:5610)
06-06 03:15:57.510 E/AndroidRuntime( 3364): 	at android.view.View$PerformClick.run(View.java:22265)
06-06 03:15:57.510 E/AndroidRuntime( 3364): 	at android.os.Handler.handleCallback(Handler.java:751)
06-06 03:15:57.510 E/AndroidRuntime( 3364): 	at android.os.Handler.dispatchMessage(Handler.java:95)
06-06 03:15:57.510 E/AndroidRuntime( 3364): 	at android.os.Looper.loop(Looper.java:154)
06-06 03:15:57.510 E/AndroidRuntime( 3364): 	at android.app.ActivityThread.main(ActivityThread.java:6077)
06-06 03:15:57.510 E/AndroidRuntime( 3364): 	at java.lang.reflect.Method.invoke(Native Method)
06-06 03:15:57.510 E/AndroidRuntime( 3364): 	at com.android.internal.os.ZygoteInit$MethodAndArgsCaller.run(ZygoteInit.java:866)
06-06 03:15:57.510 E/AndroidRuntime( 3364): 	at com.android.internal.os.ZygoteInit.main(ZygoteInit.java:756)
06-06 03:15:57.510 E/AndroidRuntime( 3364): Caused by: android.content.res.Resources$NotFoundException: String resource ID #0x0
06-06 03:15:57.510 E/AndroidRuntime( 3364): 	at android.content.res.Resources.getText(Resources.java:331)
06-06 03:15:57.510 E/AndroidRuntime( 3364): 	at android.content.res.Resources.getString(Resources.java:377)
06-06 03:15:57.510 E/AndroidRuntime( 3364): 	at android.content.Context.getString(Context.java:476)
06-06 03:15:57.510 E/AndroidRuntime( 3364): 	at com.evancharlton.mileage.adapters.VehicleStatisticsAdapter$StatisticHolder.<init>(VehicleStatisticsAdapter.java:209)
06-06 03:15:57.510 E/AndroidRuntime( 3364): 	at com.evancharlton.mileage.adapters.VehicleStatisticsAdapter.<init>(VehicleStatisticsAdapter.java:48)
06-06 03:15:57.510 E/AndroidRuntime( 3364): 	at com.evancharlton.mileage.VehicleStatisticsActivity.setAdapter(VehicleStatisticsActivity.java:197)
06-06 03:15:57.510 E/AndroidRuntime( 3364): 	at com.evancharlton.mileage.VehicleStatisticsActivity.recalculate(VehicleStatisticsActivity.java:175)
06-06 03:15:57.510 E/AndroidRuntime( 3364): 	at com.evancharlton.mileage.VehicleStatisticsActivity.onCreate(VehicleStatisticsActivity.java:131)
06-06 03:15:57.510 E/AndroidRuntime( 3364): 	at android.app.Activity.performCreate(Activity.java:6662)
06-06 03:15:57.510 E/AndroidRuntime( 3364): 	at android.app.Instrumentation.callActivityOnCreate(Instrumentation.java:1118)
06-06 03:15:57.510 E/AndroidRuntime( 3364): 	at android.app.ActivityThread.performLaunchActivity(ActivityThread.java:2599)
06-06 03:15:57.510 E/AndroidRuntime( 3364): 	... 16 more
06-06 03:15:57.511 I/Process ( 3364): Sending signal. PID: 3364 SIG: 9
06-06 03:15:57.530 V/PhoneStatusBar( 1711): setLightsOn(true)
06-06 03:15:57.581 W/InputDispatcher( 1630): channel '556e015 com.evancharlton.mileage/com.evancharlton.mileage.Mileage (server)' ~ Consumer closed input channel or an error occurred.  events=0x9
06-06 03:15:57.581 E/InputDispatcher( 1630): channel '556e015 com.evancharlton.mileage/com.evancharlton.mileage.Mileage (server)' ~ Channel is unrecoverably broken and will be disposed!
06-06 03:15:57.585 I/ActivityManager( 1630): Process com.evancharlton.mileage (pid 3364) has died
06-06 03:15:57.585 D/ActivityManager( 1630): cleanUpApplicationRecord -- 3364
06-06 03:15:57.585 W/ActivityManager( 1630): Scheduling restart of crashed service com.evancharlton.mileage/.services.AutomaticBackupService in 1000ms
06-06 03:15:57.586 W/ActivityManager( 1630): Force removing ActivityRecord{5f4c3a5 u0 com.evancharlton.mileage/.Mileage t12683}: app died, no saved state
