--------- beginning of system
06-05 21:21:20.657 W/ActivityManager( 1630): Finishing task with all activities already finished
06-05 21:21:20.657 W/ActivityManager( 1630): Duplicate finish request for ActivityRecord{238b3f5 u0 com.evancharlton.mileage/.Mileage t7495 f}
--------- beginning of main
06-05 21:21:20.661 V/PhoneStatusBar( 1711): setLightsOn(true)
06-05 21:21:20.663 D/gralloc_ranchu( 1347): gralloc_alloc: Creating ashmem region of size 3145728
06-05 21:21:20.668 E/EGL_emulation( 1347): tid 1347: eglCreateSyncKHR(1901): error 0x3004 (EGL_BAD_ATTRIBUTE)
06-05 21:21:20.682 W/ActivityManager( 1630): Finishing task with all activities already finished
06-05 21:21:20.682 W/ActivityManager( 1630): Duplicate finish request for ActivityRecord{238b3f5 u0 com.evancharlton.mileage/.Mileage t7495 f}
06-05 21:21:20.682 W/ActivityManager( 1630): Finishing task with all activities already finished
06-05 21:21:20.682 W/ActivityManager( 1630): Duplicate finish request for ActivityRecord{238b3f5 u0 com.evancharlton.mileage/.Mileage t7495 f}
06-05 21:21:20.683 W/ActivityManager( 1630): Finishing task with all activities already finished
06-05 21:21:20.683 W/ActivityManager( 1630): Duplicate finish request for ActivityRecord{238b3f5 u0 com.evancharlton.mileage/.Mileage t7495 f}
06-05 21:21:20.683 W/ActivityManager( 1630): Finishing task with all activities already finished
06-05 21:21:20.683 W/ActivityManager( 1630): Duplicate finish request for ActivityRecord{238b3f5 u0 com.evancharlton.mileage/.Mileage t7495 f}
06-05 21:21:20.683 W/ActivityManager( 1630): Finishing task with all activities already finished
06-05 21:21:20.683 W/ActivityManager( 1630): Duplicate finish request for ActivityRecord{ef25fdb u0 com.evancharlton.mileage/.charts.LastMonthCostChart t7495 f}
06-05 21:21:20.683 W/ActivityManager( 1630): Finishing task with all activities already finished
06-05 21:21:20.683 W/ActivityManager( 1630): Duplicate finish request for ActivityRecord{ef25fdb u0 com.evancharlton.mileage/.charts.LastMonthCostChart t7495 f}
06-05 21:21:20.683 W/ActivityManager( 1630): Finishing task with all activities already finished
06-05 21:21:20.683 W/ActivityManager( 1630): Duplicate finish request for ActivityRecord{238b3f5 u0 com.evancharlton.mileage/.Mileage t7495 f}
06-05 21:21:20.683 W/ActivityManager( 1630): Finishing task with all activities already finished
06-05 21:21:20.683 W/ActivityManager( 1630): Duplicate finish request for ActivityRecord{238b3f5 u0 com.evancharlton.mileage/.Mileage t7495 f}
06-05 21:21:20.716 D/EGL_emulation( 1711): eglMakeCurrent: 0xb0f853c0: ver 2 0 (tinfo 0xb0f833e0)
06-05 21:21:20.728 D/EGL_emulation( 1711): eglMakeCurrent: 0xb0f853c0: ver 2 0 (tinfo 0xb0f833e0)
06-05 21:21:20.730 D/EGL_emulation( 2083): eglMakeCurrent: 0xb0f85240: ver 2 0 (tinfo 0xb0f832d0)
06-05 21:21:20.762 D/EGL_emulation( 1711): eglMakeCurrent: 0xb0f853c0: ver 2 0 (tinfo 0xb0f833e0)
06-05 21:21:20.776 D/AndroidRuntime( 9430): >>>>>> START com.android.internal.os.RuntimeInit uid 2000 <<<<<<
06-05 21:21:20.777 D/AndroidRuntime( 9430): CheckJNI is ON
06-05 21:21:20.777 D/EGL_emulation( 1711): eglMakeCurrent: 0xb0f853c0: ver 2 0 (tinfo 0xb0f833e0)
06-05 21:21:20.779 D/EGL_emulation( 1711): eglMakeCurrent: 0xb0f853c0: ver 2 0 (tinfo 0xb0f833e0)
06-05 21:21:20.788 W/art     ( 9430): Unexpected CPU variant for X86 using defaults: x86
06-05 21:21:20.789 D/ICU     ( 9430): No timezone override file found: /data/misc/zoneinfo/current/icu/icu_tzdata.dat
06-05 21:21:20.794 D/EGL_emulation( 1711): eglMakeCurrent: 0xb0f853c0: ver 2 0 (tinfo 0xb0f833e0)
06-05 21:21:20.796 D/EGL_emulation( 1711): eglMakeCurrent: 0xb0f853c0: ver 2 0 (tinfo 0xb0f833e0)
06-05 21:21:20.797 E/memtrack( 9430): Couldn't load memtrack module (No such file or directory)
06-05 21:21:20.797 E/android.os.Debug( 9430): failed to load memtrack module: -2
06-05 21:21:20.797 I/Radio-JNI( 9430): register_android_hardware_Radio DONE
06-05 21:21:20.801 D/AndroidRuntime( 9430): Calling main entry com.android.commands.am.Am
06-05 21:21:20.802 I/ActivityManager( 1630): Force stopping com.evancharlton.mileage appid=10286 user=0: start instr
06-05 21:21:20.802 I/ActivityManager( 1630): Killing 9384:com.evancharlton.mileage/u0a286 (adj 0): stop com.evancharlton.mileage
06-05 21:21:20.802 D/ActivityManager( 1630): cleanUpApplicationRecord -- 9384
06-05 21:21:20.805 I/WindowManager( 1630): Destroying surface Surface(name=com.evancharlton.mileage/com.evancharlton.mileage.charts.LastMonthCostChart) called by com.android.server.wm.WindowStateAnimator.destroySurface:2016 com.android.server.wm.WindowStateAnimator.destroySurfaceLocked:882 com.android.server.wm.WindowState.removeLocked:1456 com.android.server.wm.WindowManagerService.removeWindowInnerLocked:2484 com.android.server.wm.WindowManagerService.removeWindowLocked:2442 com.android.server.wm.WindowManagerService.removeWindowLocked:2311 com.android.server.wm.AppWindowToken.removeAllWindows:530 com.android.server.wm.AppWindowToken.removeAppFromTaskLocked:326 
06-05 21:21:20.806 W/ActivityManager( 1630): Crash of app com.evancharlton.mileage running instrumentation ComponentInfo{com.evancharlton.mileage.test/sh.calaba.instrumentationbackend.CalabashInstrumentationTestRunner}
06-05 21:21:20.806 I/ActivityManager( 1630): Force stopping com.evancharlton.mileage appid=10286 user=0: finished inst
06-05 21:21:20.809 I/art     ( 9440): Not late-enabling -Xcheck:jni (already on)
06-05 21:21:20.810 W/art     ( 9440): Unexpected CPU variant for X86 using defaults: x86
06-05 21:21:20.811 D/EGL_emulation( 1711): eglMakeCurrent: 0xb0f853c0: ver 2 0 (tinfo 0xb0f833e0)
06-05 21:21:20.812 D/EGL_emulation( 1711): eglMakeCurrent: 0xb0f853c0: ver 2 0 (tinfo 0xb0f833e0)
06-05 21:21:20.817 I/ActivityManager( 1630): Start proc 9440:com.evancharlton.mileage/u0a286 for added application com.evancharlton.mileage
06-05 21:21:20.817 D/AndroidRuntime( 9430): Shutting down VM
06-05 21:21:20.821 W/System  ( 9440): ClassLoader referenced unknown path: /data/app/com.evancharlton.mileage.test-1/lib/x86
06-05 21:21:20.821 W/System  ( 9440): ClassLoader referenced unknown path: /data/app/com.evancharlton.mileage-1/lib/x86
06-05 21:21:20.822 W/System  ( 9440): ClassLoader referenced unknown path: 
06-05 21:21:20.826 I/System.out( 9440): Main activity name automatically set to: com.evancharlton.mileage.Mileage
06-05 21:21:20.826 I/System.out( 9440): Calabash did not load Mono. This is only a problem if you are trying to test a Mono application
06-05 21:21:20.826 I/calabash( 9440): Test server port: 7102
06-05 21:21:20.827 I/InstrumentationBackend( 9440): Added:'GetPreferences', with key:'get_preferences'
06-05 21:21:20.828 D/EGL_emulation( 1711): eglMakeCurrent: 0xb0f853c0: ver 2 0 (tinfo 0xb0f833e0)
06-05 21:21:20.830 D/EGL_emulation( 1711): eglMakeCurrent: 0xb0f853c0: ver 2 0 (tinfo 0xb0f833e0)
06-05 21:21:20.830 I/InstrumentationBackend( 9440): Added:'SetPreferences', with key:'set_preferences'
06-05 21:21:20.830 I/InstrumentationBackend( 9440): Added:'ClearPreferences', with key:'clear_preferences'
06-05 21:21:20.831 I/InstrumentationBackend( 9440): Added:'PressElement', with key:'press_l10n_element'
06-05 21:21:20.831 I/InstrumentationBackend( 9440): Added:'WaitForElement', with key:'wait_for_l10n_element'
06-05 21:21:20.831 I/InstrumentationBackend( 9440): Added:'NullAction', with key:'nullAction'
06-05 21:21:20.831 I/InstrumentationBackend( 9440): Added:'PressKey', with key:'press_key'
06-05 21:21:20.831 I/InstrumentationBackend( 9440): Added:'SetActivityOrientation', with key:'set_activity_orientation'
06-05 21:21:20.831 I/InstrumentationBackend( 9440): Added:'GetActivityOrientation', with key:'get_activity_orientation'
06-05 21:21:20.831 I/InstrumentationBackend( 9440): Added:'FakeGPSLocation', with key:'set_gps_coordinates'
06-05 21:21:20.831 I/InstrumentationBackend( 9440): Added:'SetPropertyByCssSelector', with key:'set_property_by_css_selector'
06-05 21:21:20.831 I/InstrumentationBackend( 9440): Added:'GetUrl', with key:'get_url'
06-05 21:21:20.831 I/InstrumentationBackend( 9440): Added:'ScrollTo', with key:'scroll_to'
06-05 21:21:20.831 I/InstrumentationBackend( 9440): Added:'GetLoadProgress', with key:'get_load_progress'
06-05 21:21:20.831 I/InstrumentationBackend( 9440): Added:'DumpHtml', with key:'dump_html'
06-05 21:21:20.831 I/InstrumentationBackend( 9440): Added:'DumpBodyHtml', with key:'dump_body_html'
06-05 21:21:20.831 I/InstrumentationBackend( 9440): Added:'EnterTextByCssSelector', with key:'enter_text_by_selector'
06-05 21:21:20.831 I/InstrumentationBackend( 9440): Added:'AndroidSDKVersion', with key:'android_sdk_version'
06-05 21:21:20.832 I/InstrumentationBackend( 9440): Added:'Version', with key:'version'
06-05 21:21:20.832 I/InstrumentationBackend( 9440): Added:'Drag', with key:'drag'
06-05 21:21:20.832 I/InstrumentationBackend( 9440): Added:'TouchCoordinates', with key:'touch_coordinate'
06-05 21:21:20.832 I/InstrumentationBackend( 9440): Added:'LongPressCoordinate', with key:'long_press_coordinate'
06-05 21:21:20.832 I/InstrumentationBackend( 9440): Added:'DragCoordinates', with key:'drag_coordinates'
06-05 21:21:20.832 I/InstrumentationBackend( 9440): Added:'ResumeApplication', with key:'resume_application'
06-05 21:21:20.832 I/InstrumentationBackend( 9440): Added:'Swipe', with key:'swipe'
06-05 21:21:20.832 I/InstrumentationBackend( 9440): Added:'DoubleTapCoordinate', with key:'double_tap_coordinate'
06-05 21:21:20.832 I/InstrumentationBackend( 9440): Added:'ClickOnScreen', with key:'click_on_screen'
06-05 21:21:20.832 I/InstrumentationBackend( 9440): Added:'GetActivityName', with key:'get_activity_name'
06-05 21:21:20.832 I/InstrumentationBackend( 9440): Added:'ScrollToView', with key:'scroll_to_view'
06-05 21:21:20.832 I/InstrumentationBackend( 9440): Added:'ViewConfiguration', with key:'view_configuration'
06-05 21:21:20.832 I/InstrumentationBackend( 9440): Added:'IsCurrentActivityFocused', with key:'is_current_activity_focused'
06-05 21:21:20.832 I/InstrumentationBackend( 9440): Added:'SendTcp', with key:'send_tcp'
06-05 21:21:20.832 I/InstrumentationBackend( 9440): Added:'DpToDevicePixel', with key:'dp_to_device_pixel'
06-05 21:21:20.832 I/InstrumentationBackend( 9440): Added:'KeyboardEnterText', with key:'keyboard_enter_text'
06-05 21:21:20.832 I/InstrumentationBackend( 9440): Added:'DeleteSurroundingText', with key:'delete_surrounding_text'
06-05 21:21:20.832 I/InstrumentationBackend( 9440): Added:'SetComposingRegion', with key:'set_composing_region'
06-05 21:21:20.832 I/InstrumentationBackend( 9440): Added:'SetSelection', with key:'set_selection'
06-05 21:21:20.832 I/InstrumentationBackend( 9440): Added:'KeyboardKeyEvent', with key:'keyboard_key_event'
06-05 21:21:20.832 I/InstrumentationBackend( 9440): Added:'PressUserActionButton', with key:'press_user_action_button'
06-05 21:21:20.832 I/InstrumentationBackend( 9440): Added:'HideSoftKeyboard', with key:'hide_soft_keyboard'
06-05 21:21:20.833 I/InstrumentationBackend( 9440): Added:'ListActions', with key:'list_actions'
06-05 21:21:20.833 I/calabash( 9440): Instantiating http server at 7102
06-05 21:21:20.833 I/System.out( 9440): HTTP Daemon listening on: 7102
06-05 21:21:20.844 D/EGL_emulation( 1711): eglMakeCurrent: 0xb0f853c0: ver 2 0 (tinfo 0xb0f833e0)
06-05 21:21:20.846 D/EGL_emulation( 1711): eglMakeCurrent: 0xb0f853c0: ver 2 0 (tinfo 0xb0f833e0)
06-05 21:21:20.858 I/WindowManager( 1630): WIN DEATH: Window{d97ef48 u0 com.evancharlton.mileage/com.evancharlton.mileage.Mileage EXITING}
06-05 21:21:20.868 D/EGL_emulation( 1711): eglMakeCurrent: 0xb0f853c0: ver 2 0 (tinfo 0xb0f833e0)
06-05 21:21:20.872 D/EGL_emulation( 1711): eglMakeCurrent: 0xb0f853c0: ver 2 0 (tinfo 0xb0f833e0)
06-05 21:21:20.878 D/EGL_emulation( 1711): eglMakeCurrent: 0xb0f853c0: ver 2 0 (tinfo 0xb0f833e0)
06-05 21:21:20.880 D/EGL_emulation( 1711): eglMakeCurrent: 0xb0f853c0: ver 2 0 (tinfo 0xb0f833e0)
06-05 21:21:20.894 D/EGL_emulation( 1711): eglMakeCurrent: 0xb0f853c0: ver 2 0 (tinfo 0xb0f833e0)
06-05 21:21:20.897 D/EGL_emulation( 1711): eglMakeCurrent: 0xb0f853c0: ver 2 0 (tinfo 0xb0f833e0)
06-05 21:21:20.911 D/EGL_emulation( 1711): eglMakeCurrent: 0xb0f853c0: ver 2 0 (tinfo 0xb0f833e0)
06-05 21:21:20.914 D/EGL_emulation( 1711): eglMakeCurrent: 0xb0f853c0: ver 2 0 (tinfo 0xb0f833e0)
06-05 21:21:20.930 I/System.out( 9440): URI: //ping
06-05 21:21:20.930 I/System.out( 9440): params: {json={}
06-05 21:21:20.930 I/System.out( 9440): }
06-05 21:21:20.938 D/EGL_emulation( 1711): eglMakeCurrent: 0xb0f853c0: ver 2 0 (tinfo 0xb0f833e0)
06-05 21:21:20.943 I/System.out( 9440): URI: //ping
06-05 21:21:20.943 I/System.out( 9440): params: {json={}
06-05 21:21:20.943 I/System.out( 9440): }
06-05 21:21:20.946 D/EGL_emulation( 1711): eglMakeCurrent: 0xb0f853c0: ver 2 0 (tinfo 0xb0f833e0)
06-05 21:21:20.950 D/EGL_emulation( 1711): eglMakeCurrent: 0xb0f853c0: ver 2 0 (tinfo 0xb0f833e0)
06-05 21:21:20.952 I/System.out( 9440): URI: //ready
06-05 21:21:20.952 I/System.out( 9440): params: {json={}
06-05 21:21:20.952 I/System.out( 9440): }
06-05 21:21:20.958 I/System.out( 9440): URI: //
06-05 21:21:20.959 I/System.out( 9440): params: {json={"command":"version","arguments":[]}
06-05 21:21:20.959 I/System.out( 9440): }
06-05 21:21:20.959 I/System.out( 9440): header: {content-type=application/json;charset=utf-8, date=Sat, 06 Jun 2020 02:21:21 GMT, accept=*/*, host=127.0.0.1:34777, content-length=36, user-agent=HTTPClient/1.0 (2.8.3, ruby 2.5.1 (2018-03-29))}
06-05 21:21:20.959 I/System.out( 9440): params: {json={"command":"version","arguments":[]}
06-05 21:21:20.959 I/System.out( 9440): }
06-05 21:21:20.959 I/System.out( 9440): ProP json = {"command":"version","arguments":[]}
06-05 21:21:20.959 I/System.out( 9440): files: {}
06-05 21:21:20.959 I/System.out( 9440): command: {"command":"version","arguments":[]}
06-05 21:21:20.969 I/InstrumentationBackend( 9440): Got command:'Command:'Line:null,version', arguments:'[]'
06-05 21:21:20.985 I/System.out( 9440): result:{"bonusInformation":[],"message":"0.9.8","success":true}
06-05 21:21:20.988 I/System.out( 9440): URI: //start-application
06-05 21:21:20.988 I/System.out( 9440): params: {json={"intent":null}
06-05 21:21:20.988 I/System.out( 9440): }
06-05 21:21:21.000 I/ActivityManager( 1630): START u0 {act=android.intent.action.MAIN cat=[android.intent.category.LAUNCHER] flg=0x10200000 cmp=com.evancharlton.mileage/.Mileage} from uid 10286 on display 0
06-05 21:21:21.006 I/calabash( 9440): newActivity1
06-05 21:21:21.014 I/calabash( 9440): newActivity1
06-05 21:21:21.015 W/ActivityManager( 1630): Bad activity token: android.os.BinderProxy@4790e6d
06-05 21:21:21.015 W/ActivityManager( 1630): java.lang.ClassCastException: android.os.BinderProxy cannot be cast to com.android.server.am.ActivityRecord$Token
06-05 21:21:21.015 W/ActivityManager( 1630): 	at com.android.server.am.ActivityRecord.forTokenLocked(ActivityRecord.java:586)
06-05 21:21:21.015 W/ActivityManager( 1630): 	at com.android.server.am.ActivityRecord.isInStackLocked(ActivityRecord.java:1327)
06-05 21:21:21.015 W/ActivityManager( 1630): 	at com.android.server.am.ActivityRecord.getStackLocked(ActivityRecord.java:1332)
06-05 21:21:21.015 W/ActivityManager( 1630): 	at com.android.server.am.ActivityManagerService.getActivityDisplayId(ActivityManagerService.java:9806)
06-05 21:21:21.015 W/ActivityManager( 1630): 	at android.app.ActivityManagerNative.onTransact(ActivityManagerNative.java:2566)
06-05 21:21:21.015 W/ActivityManager( 1630): 	at com.android.server.am.ActivityManagerService.onTransact(ActivityManagerService.java:2757)
06-05 21:21:21.015 W/ActivityManager( 1630): 	at android.os.Binder.execTransact(Binder.java:565)
06-05 21:21:21.016 W/ActivityManager( 1630): Bad activity token: android.os.BinderProxy@4790e6d
06-05 21:21:21.016 W/ActivityManager( 1630): java.lang.ClassCastException: android.os.BinderProxy cannot be cast to com.android.server.am.ActivityRecord$Token
06-05 21:21:21.016 W/ActivityManager( 1630): 	at com.android.server.am.ActivityRecord.forTokenLocked(ActivityRecord.java:586)
06-05 21:21:21.016 W/ActivityManager( 1630): 	at com.android.server.am.ActivityRecord.isInStackLocked(ActivityRecord.java:1327)
06-05 21:21:21.016 W/ActivityManager( 1630): 	at com.android.server.am.ActivityManagerService.setTaskDescription(ActivityManagerService.java:9358)
06-05 21:21:21.016 W/ActivityManager( 1630): 	at android.app.ActivityManagerNative.onTransact(ActivityManagerNative.java:2639)
06-05 21:21:21.016 W/ActivityManager( 1630): 	at com.android.server.am.ActivityManagerService.onTransact(ActivityManagerService.java:2757)
06-05 21:21:21.016 W/ActivityManager( 1630): 	at android.os.Binder.execTransact(Binder.java:565)
06-05 21:21:21.017 W/ActivityManager( 1630): Bad activity token: android.os.BinderProxy@4790e6d
06-05 21:21:21.017 W/ActivityManager( 1630): java.lang.ClassCastException: android.os.BinderProxy cannot be cast to com.android.server.am.ActivityRecord$Token
06-05 21:21:21.017 W/ActivityManager( 1630): 	at com.android.server.am.ActivityRecord.forTokenLocked(ActivityRecord.java:586)
06-05 21:21:21.017 W/ActivityManager( 1630): 	at com.android.server.am.ActivityRecord.isInStackLocked(ActivityRecord.java:1327)
06-05 21:21:21.017 W/ActivityManager( 1630): 	at com.android.server.am.ActivityRecord.getStackLocked(ActivityRecord.java:1332)
06-05 21:21:21.017 W/ActivityManager( 1630): 	at com.android.server.am.ActivityManagerService.getActivityStackId(ActivityManagerService.java:9817)
06-05 21:21:21.017 W/ActivityManager( 1630): 	at android.app.ActivityManagerNative.onTransact(ActivityManagerNative.java:2856)
06-05 21:21:21.017 W/ActivityManager( 1630): 	at com.android.server.am.ActivityManagerService.onTransact(ActivityManagerService.java:2757)
06-05 21:21:21.017 W/ActivityManager( 1630): 	at android.os.Binder.execTransact(Binder.java:565)
06-05 21:21:21.028 D/gralloc_ranchu( 1347): gralloc_alloc: Creating ashmem region of size 9023488
06-05 21:21:21.032 W/ActivityManager( 1630): Bad activity token: android.os.BinderProxy@4790e6d
06-05 21:21:21.032 W/ActivityManager( 1630): java.lang.ClassCastException: android.os.BinderProxy cannot be cast to com.android.server.am.ActivityRecord$Token
06-05 21:21:21.032 W/ActivityManager( 1630): 	at com.android.server.am.ActivityRecord.forTokenLocked(ActivityRecord.java:586)
06-05 21:21:21.032 W/ActivityManager( 1630): 	at com.android.server.am.ActivityRecord.isInStackLocked(ActivityRecord.java:1327)
06-05 21:21:21.032 W/ActivityManager( 1630): 	at com.android.server.am.ActivityManagerService.getActivityOptions(ActivityManagerService.java:12559)
06-05 21:21:21.032 W/ActivityManager( 1630): 	at android.app.ActivityManagerNative.onTransact(ActivityManagerNative.java:1933)
06-05 21:21:21.032 W/ActivityManager( 1630): 	at com.android.server.am.ActivityManagerService.onTransact(ActivityManagerService.java:2757)
06-05 21:21:21.032 W/ActivityManager( 1630): 	at android.os.Binder.execTransact(Binder.java:565)
06-05 21:21:21.033 W/ActivityManager( 1630): Bad activity token: android.os.BinderProxy@4790e6d
06-05 21:21:21.033 W/ActivityManager( 1630): java.lang.ClassCastException: android.os.BinderProxy cannot be cast to com.android.server.am.ActivityRecord$Token
06-05 21:21:21.033 W/ActivityManager( 1630): 	at com.android.server.am.ActivityRecord.forTokenLocked(ActivityRecord.java:586)
06-05 21:21:21.033 W/ActivityManager( 1630): 	at com.android.server.am.ActivityRecord.isInStackLocked(ActivityRecord.java:1327)
06-05 21:21:21.033 W/ActivityManager( 1630): 	at com.android.server.am.ActivityManagerService.getActivityOptions(ActivityManagerService.java:12559)
06-05 21:21:21.033 W/ActivityManager( 1630): 	at android.app.ActivityManagerNative.onTransact(ActivityManagerNative.java:1933)
06-05 21:21:21.033 W/ActivityManager( 1630): 	at com.android.server.am.ActivityManagerService.onTransact(ActivityManagerService.java:2757)
06-05 21:21:21.033 W/ActivityManager( 1630): 	at android.os.Binder.execTransact(Binder.java:565)
06-05 21:21:21.050 V/PhoneStatusBar( 1711): setLightsOn(true)
06-05 21:21:21.061 D/EGL_emulation( 1711): eglMakeCurrent: 0xb0f853c0: ver 2 0 (tinfo 0xb0f833e0)
06-05 21:21:21.061 V/PhoneStatusBar( 1711): setLightsOn(true)
06-05 21:21:21.064 V/PhoneStatusBar( 1711): setLightsOn(true)
06-05 21:21:21.064 D/gralloc_ranchu( 1347): gralloc_alloc: Creating ashmem region of size 9023488
06-05 21:21:21.066 V/PhoneStatusBar( 1711): setLightsOn(true)
06-05 21:21:21.069 D/        ( 9440): HostConnection::get() New Host Connection established 0x94c3f680, tid 9440
06-05 21:21:21.111 D/EGL_emulation( 1711): eglMakeCurrent: 0xb0f853c0: ver 2 0 (tinfo 0xb0f833e0)
06-05 21:21:21.111 D/EGL_emulation( 2083): eglMakeCurrent: 0xb0f85240: ver 2 0 (tinfo 0xb0f832d0)
06-05 21:21:21.114 D/EGL_emulation( 1711): eglMakeCurrent: 0xb0f853c0: ver 2 0 (tinfo 0xb0f833e0)
06-05 21:21:21.117 D/EGL_emulation( 1711): eglMakeCurrent: 0xb0f853c0: ver 2 0 (tinfo 0xb0f833e0)
06-05 21:21:21.118 D/EGL_emulation( 1711): eglMakeCurrent: 0xb0f853c0: ver 2 0 (tinfo 0xb0f833e0)
06-05 21:21:21.129 D/EGL_emulation( 1711): eglMakeCurrent: 0xb0f853c0: ver 2 0 (tinfo 0xb0f833e0)
06-05 21:21:21.131 D/EGL_emulation( 1711): eglMakeCurrent: 0xb0f853c0: ver 2 0 (tinfo 0xb0f833e0)
06-05 21:21:21.132 V/PhoneStatusBar( 1711): setLightsOn(true)
06-05 21:21:21.145 D/EGL_emulation( 1711): eglMakeCurrent: 0xb0f853c0: ver 2 0 (tinfo 0xb0f833e0)
06-05 21:21:21.147 D/EGL_emulation( 1711): eglMakeCurrent: 0xb0f853c0: ver 2 0 (tinfo 0xb0f833e0)
06-05 21:21:21.161 D/EGL_emulation( 1711): eglMakeCurrent: 0xb0f853c0: ver 2 0 (tinfo 0xb0f833e0)
06-05 21:21:21.162 D/gralloc_ranchu( 1347): gralloc_alloc: Creating ashmem region of size 9023488
06-05 21:21:21.164 I/WindowManager( 1630): Destroying surface Surface(name=com.evancharlton.mileage/com.evancharlton.mileage.Mileage) called by com.android.server.wm.WindowStateAnimator.destroySurface:2016 com.android.server.wm.WindowStateAnimator.destroySurfaceLocked:882 com.android.server.wm.WindowState.removeLocked:1456 com.android.server.wm.WindowManagerService.removeWindowInnerLocked:2484 com.android.server.wm.AppWindowToken.destroySurfaces:365 com.android.server.wm.WindowStateAnimator.finishExit:565 com.android.server.wm.AppWindowAnimator.stepAnimationLocked:427 com.android.server.wm.WindowAnimator.updateAppWindowsLocked:196 
06-05 21:21:21.171 D/EGL_emulation( 1711): eglMakeCurrent: 0xb0f853c0: ver 2 0 (tinfo 0xb0f833e0)
06-05 21:21:21.180 I/ActivityManager( 1630): Displayed com.evancharlton.mileage/.Mileage: +177ms
06-05 21:21:21.182 D/EGL_emulation( 1711): eglMakeCurrent: 0xb0f853c0: ver 2 0 (tinfo 0xb0f833e0)
06-05 21:21:21.184 D/EGL_emulation( 1711): eglMakeCurrent: 0xb0f853c0: ver 2 0 (tinfo 0xb0f833e0)
06-05 21:21:21.184 V/PhoneStatusBar( 1711): setLightsOn(true)
06-05 21:21:21.197 D/EGL_emulation( 1711): eglMakeCurrent: 0xb0f853c0: ver 2 0 (tinfo 0xb0f833e0)
06-05 21:21:21.201 D/EGL_emulation( 1711): eglMakeCurrent: 0xb0f853c0: ver 2 0 (tinfo 0xb0f833e0)
06-05 21:21:21.216 D/EGL_emulation( 1711): eglMakeCurrent: 0xb0f853c0: ver 2 0 (tinfo 0xb0f833e0)
06-05 21:21:21.218 D/EGL_emulation( 1711): eglMakeCurrent: 0xb0f853c0: ver 2 0 (tinfo 0xb0f833e0)
06-05 21:21:21.219 V/PhoneStatusBar( 1711): setLightsOn(true)
06-05 21:21:21.228 D/EGL_emulation( 1711): eglMakeCurrent: 0xb0f853c0: ver 2 0 (tinfo 0xb0f833e0)
06-05 21:21:21.230 D/EGL_emulation( 1711): eglMakeCurrent: 0xb0f853c0: ver 2 0 (tinfo 0xb0f833e0)
06-05 21:21:21.234 I/System.out( 9440): URI: //map
06-05 21:21:21.234 I/System.out( 9440): params: {json={"query":"* marked:'Statistics'","operation":{"method_name":"query","arguments":[]}}
06-05 21:21:21.234 I/System.out( 9440): }
06-05 21:21:21.244 D/EGL_emulation( 1711): eglMakeCurrent: 0xb0f853c0: ver 2 0 (tinfo 0xb0f833e0)
06-05 21:21:21.245 W/ResourceType( 9440): No package identifier when getting name for resource number 0x00000001
06-05 21:21:21.247 D/EGL_emulation( 1711): eglMakeCurrent: 0xb0f853c0: ver 2 0 (tinfo 0xb0f833e0)
06-05 21:21:21.258 I/System.out( 9440): URI: //gesture
06-05 21:21:21.258 I/System.out( 9440): params: {json={"query_timeout":5.0,"gestures":[{"query_string":"* marked:'Statistics'","touches":[{"x":50,"y":50,"offset_x":0,"offset_y":0,"wait":0.0,"time":0.2,"release":true,"query_string":null}]}]}
06-05 21:21:21.258 I/System.out( 9440): }
06-05 21:21:21.262 D/EGL_emulation( 1711): eglMakeCurrent: 0xb0f853c0: ver 2 0 (tinfo 0xb0f833e0)
06-05 21:21:21.263 W/ResourceType( 9440): No package identifier when getting name for resource number 0x00000001
06-05 21:21:21.264 D/EGL_emulation( 1711): eglMakeCurrent: 0xb0f853c0: ver 2 0 (tinfo 0xb0f833e0)
06-05 21:21:21.287 D/EGL_emulation( 1711): eglMakeCurrent: 0xb0f853c0: ver 2 0 (tinfo 0xb0f833e0)
06-05 21:21:21.290 D/EGL_emulation( 1711): eglMakeCurrent: 0xb0f853c0: ver 2 0 (tinfo 0xb0f833e0)
06-05 21:21:21.306 D/EGL_emulation( 1711): eglMakeCurrent: 0xb0f853c0: ver 2 0 (tinfo 0xb0f833e0)
06-05 21:21:21.379 I/WindowManager( 1630): Destroying surface Surface(name=Starting com.evancharlton.mileage) called by com.android.server.wm.WindowStateAnimator.destroySurface:2016 com.android.server.wm.WindowStateAnimator.destroySurfaceLocked:882 com.android.server.wm.WindowState.destroyOrSaveSurface:2100 com.android.server.wm.AppWindowToken.destroySurfaces:363 com.android.server.wm.WindowStateAnimator.finishExit:565 com.android.server.wm.WindowStateAnimator.stepAnimationLocked:491 com.android.server.wm.WindowAnimator.updateWindowsLocked:303 com.android.server.wm.WindowAnimator.animateLocked:704 
06-05 21:21:21.383 V/PhoneStatusBar( 1711): setLightsOn(true)
06-05 21:21:21.412 V/PhoneStatusBar( 1711): setLightsOn(true)
06-05 21:21:21.502 I/calabash( 9440): newActivity1
06-05 21:21:21.528 V/PhoneStatusBar( 1711): setLightsOn(true)
06-05 21:21:21.535 I/System.out( 9440): URI: //map
06-05 21:21:21.535 I/System.out( 9440): params: {json={"query":"* marked:'Estimated cost per month'","operation":{"method_name":"query","arguments":[]}}
06-05 21:21:21.535 I/System.out( 9440): }
06-05 21:21:21.545 W/ActivityManager( 1630): Bad activity token: android.os.BinderProxy@5beaf23
06-05 21:21:21.545 W/ActivityManager( 1630): java.lang.ClassCastException: android.os.BinderProxy cannot be cast to com.android.server.am.ActivityRecord$Token
06-05 21:21:21.545 W/ActivityManager( 1630): 	at com.android.server.am.ActivityRecord.forTokenLocked(ActivityRecord.java:586)
06-05 21:21:21.545 W/ActivityManager( 1630): 	at com.android.server.am.ActivityRecord.isInStackLocked(ActivityRecord.java:1327)
06-05 21:21:21.545 W/ActivityManager( 1630): 	at com.android.server.am.ActivityRecord.getStackLocked(ActivityRecord.java:1332)
06-05 21:21:21.545 W/ActivityManager( 1630): 	at com.android.server.am.ActivityManagerService.getActivityDisplayId(ActivityManagerService.java:9806)
06-05 21:21:21.545 W/ActivityManager( 1630): 	at android.app.ActivityManagerNative.onTransact(ActivityManagerNative.java:2566)
06-05 21:21:21.545 W/ActivityManager( 1630): 	at com.android.server.am.ActivityManagerService.onTransact(ActivityManagerService.java:2757)
06-05 21:21:21.545 W/ActivityManager( 1630): 	at android.os.Binder.execTransact(Binder.java:565)
06-05 21:21:21.547 W/ActivityManager( 1630): Bad activity token: android.os.BinderProxy@5beaf23
06-05 21:21:21.547 W/ActivityManager( 1630): java.lang.ClassCastException: android.os.BinderProxy cannot be cast to com.android.server.am.ActivityRecord$Token
06-05 21:21:21.547 W/ActivityManager( 1630): 	at com.android.server.am.ActivityRecord.forTokenLocked(ActivityRecord.java:586)
06-05 21:21:21.547 W/ActivityManager( 1630): 	at com.android.server.am.ActivityRecord.isInStackLocked(ActivityRecord.java:1327)
06-05 21:21:21.547 W/ActivityManager( 1630): 	at com.android.server.am.ActivityManagerService.setTaskDescription(ActivityManagerService.java:9358)
06-05 21:21:21.547 W/ActivityManager( 1630): 	at android.app.ActivityManagerNative.onTransact(ActivityManagerNative.java:2639)
06-05 21:21:21.547 W/ActivityManager( 1630): 	at com.android.server.am.ActivityManagerService.onTransact(ActivityManagerService.java:2757)
06-05 21:21:21.547 W/ActivityManager( 1630): 	at android.os.Binder.execTransact(Binder.java:565)
06-05 21:21:21.547 W/ActivityManager( 1630): Bad activity token: android.os.BinderProxy@5beaf23
06-05 21:21:21.547 W/ActivityManager( 1630): java.lang.ClassCastException: android.os.BinderProxy cannot be cast to com.android.server.am.ActivityRecord$Token
06-05 21:21:21.547 W/ActivityManager( 1630): 	at com.android.server.am.ActivityRecord.forTokenLocked(ActivityRecord.java:586)
06-05 21:21:21.547 W/ActivityManager( 1630): 	at com.android.server.am.ActivityRecord.isInStackLocked(ActivityRecord.java:1327)
06-05 21:21:21.547 W/ActivityManager( 1630): 	at com.android.server.am.ActivityRecord.getStackLocked(ActivityRecord.java:1332)
06-05 21:21:21.547 W/ActivityManager( 1630): 	at com.android.server.am.ActivityManagerService.getActivityStackId(ActivityManagerService.java:9817)
06-05 21:21:21.547 W/ActivityManager( 1630): 	at android.app.ActivityManagerNative.onTransact(ActivityManagerNative.java:2856)
06-05 21:21:21.547 W/ActivityManager( 1630): 	at com.android.server.am.ActivityManagerService.onTransact(ActivityManagerService.java:2757)
06-05 21:21:21.547 W/ActivityManager( 1630): 	at android.os.Binder.execTransact(Binder.java:565)
06-05 21:21:21.555 D/VehicleStatisticsActivity( 9440): Checking recalculation ...
06-05 21:21:21.556 D/VehicleStatisticsActivity( 9440): Recalculation not necessary.
06-05 21:21:21.562 W/ActivityManager( 1630): Bad activity token: android.os.BinderProxy@5beaf23
06-05 21:21:21.562 W/ActivityManager( 1630): java.lang.ClassCastException: android.os.BinderProxy cannot be cast to com.android.server.am.ActivityRecord$Token
06-05 21:21:21.562 W/ActivityManager( 1630): 	at com.android.server.am.ActivityRecord.forTokenLocked(ActivityRecord.java:586)
06-05 21:21:21.562 W/ActivityManager( 1630): 	at com.android.server.am.ActivityRecord.isInStackLocked(ActivityRecord.java:1327)
06-05 21:21:21.562 W/ActivityManager( 1630): 	at com.android.server.am.ActivityManagerService.getActivityOptions(ActivityManagerService.java:12559)
06-05 21:21:21.562 W/ActivityManager( 1630): 	at android.app.ActivityManagerNative.onTransact(ActivityManagerNative.java:1933)
06-05 21:21:21.562 W/ActivityManager( 1630): 	at com.android.server.am.ActivityManagerService.onTransact(ActivityManagerService.java:2757)
06-05 21:21:21.562 W/ActivityManager( 1630): 	at android.os.Binder.execTransact(Binder.java:565)
06-05 21:21:21.562 W/ActivityManager( 1630): Bad activity token: android.os.BinderProxy@5beaf23
06-05 21:21:21.562 W/ActivityManager( 1630): java.lang.ClassCastException: android.os.BinderProxy cannot be cast to com.android.server.am.ActivityRecord$Token
06-05 21:21:21.562 W/ActivityManager( 1630): 	at com.android.server.am.ActivityRecord.forTokenLocked(ActivityRecord.java:586)
06-05 21:21:21.562 W/ActivityManager( 1630): 	at com.android.server.am.ActivityRecord.isInStackLocked(ActivityRecord.java:1327)
06-05 21:21:21.562 W/ActivityManager( 1630): 	at com.android.server.am.ActivityManagerService.getActivityOptions(ActivityManagerService.java:12559)
06-05 21:21:21.562 W/ActivityManager( 1630): 	at android.app.ActivityManagerNative.onTransact(ActivityManagerNative.java:1933)
06-05 21:21:21.562 W/ActivityManager( 1630): 	at com.android.server.am.ActivityManagerService.onTransact(ActivityManagerService.java:2757)
06-05 21:21:21.562 W/ActivityManager( 1630): 	at android.os.Binder.execTransact(Binder.java:565)
06-05 21:21:21.565 D/VehicleStatisticsActivity( 9440): Checking recalculation ...
06-05 21:21:21.566 D/VehicleStatisticsActivity( 9440): Recalculation not necessary.
06-05 21:21:21.644 W/ResourceType( 9440): No package identifier when getting name for resource number 0x00000001
06-05 21:21:21.646 I/art     ( 9440): Do partial code cache collection, code=30KB, data=29KB
06-05 21:21:21.646 I/art     ( 9440): After code cache collection, code=29KB, data=29KB
06-05 21:21:21.646 I/art     ( 9440): Increasing code cache capacity to 128KB
06-05 21:21:21.656 I/System.out( 9440): URI: //gesture
06-05 21:21:21.656 I/System.out( 9440): params: {json={"query_timeout":5.0,"gestures":[{"query_string":"* marked:'Estimated cost per month'","touches":[{"x":50,"y":50,"offset_x":0,"offset_y":0,"wait":0.0,"time":0.2,"release":true,"query_string":null}]}]}
06-05 21:21:21.656 I/System.out( 9440): }
06-05 21:21:21.660 W/ResourceType( 9440): No package identifier when getting name for resource number 0x00000001
06-05 21:21:21.827 V/PhoneStatusBar( 1711): setLightsOn(true)
06-05 21:21:21.828 V/PhoneStatusBar( 1711): setLightsOn(true)
06-05 21:21:21.830 W/OpenGLRenderer( 2083): Incorrectly called buildLayer on View: ShortcutAndWidgetContainer, destroying layer...
06-05 21:21:21.845 I/WindowManager( 1630): Destroying surface Surface(name=com.android.launcher3/com.android.launcher3.Launcher) called by com.android.server.wm.WindowStateAnimator.destroySurface:2016 com.android.server.wm.WindowStateAnimator.destroySurfaceLocked:882 com.android.server.wm.WindowState.destroyOrSaveSurface:2100 com.android.server.wm.AppWindowToken.destroySurfaces:363 com.android.server.wm.AppWindowToken.notifyAppStopped:389 com.android.server.wm.WindowManagerService.notifyAppStopped:4463 com.android.server.am.ActivityStack.activityStoppedLocked:1252 com.android.server.am.ActivityManagerService.activityStopped:6903 
06-05 21:21:21.846 V/PhoneStatusBar( 1711): setLightsOn(true)
06-05 21:21:21.907 I/System.out( 9440): URI: //map
06-05 21:21:21.907 I/System.out( 9440): params: {json={"query":"* {text CONTAINS[c] 'No chart for this statistic (yet!)'}","operation":{"method_name":"query","arguments":[]}}
06-05 21:21:21.907 I/System.out( 9440): }
06-05 21:21:21.964 V/PhoneStatusBar( 1711): setLightsOn(true)
06-05 21:21:21.978 V/PhoneStatusBar( 1711): setLightsOn(true)
06-05 21:21:21.994 D/gralloc_ranchu( 1347): gralloc_alloc: Creating ashmem region of size 327680
06-05 21:21:22.002 V/PhoneStatusBar( 1711): setLightsOn(true)
06-05 21:21:22.012 V/PhoneStatusBar( 1711): setLightsOn(true)
06-05 21:21:22.292 I/System.out( 9440): URI: //map
06-05 21:21:22.292 I/System.out( 9440): params: {json={"query":"* {text CONTAINS[c] 'No chart for this statistic (yet!)'}","operation":{"method_name":"query","arguments":[]}}
06-05 21:21:22.292 I/System.out( 9440): }
