--------- beginning of main
06-05 22:58:41.323 D/AndroidRuntime(10427): >>>>>> START com.android.internal.os.RuntimeInit uid 2000 <<<<<<
06-05 22:58:41.324 D/AndroidRuntime(10427): CheckJNI is ON
06-05 22:58:41.336 W/art     (10427): Unexpected CPU variant for X86 using defaults: x86
06-05 22:58:41.339 D/ICU     (10427): No timezone override file found: /data/misc/zoneinfo/current/icu/icu_tzdata.dat
06-05 22:58:41.348 E/memtrack(10427): Couldn't load memtrack module (No such file or directory)
06-05 22:58:41.349 E/android.os.Debug(10427): failed to load memtrack module: -2
06-05 22:58:41.349 I/Radio-JNI(10427): register_android_hardware_Radio DONE
06-05 22:58:41.353 D/AndroidRuntime(10427): Calling main entry com.android.commands.am.Am
--------- beginning of system
06-05 22:58:41.354 I/ActivityManager( 1631): Force stopping com.evancharlton.mileage appid=10326 user=0: start instr
06-05 22:58:41.354 I/ActivityManager( 1631): Killing 10407:com.evancharlton.mileage/u0a326 (adj 0): stop com.evancharlton.mileage
06-05 22:58:41.354 D/ActivityManager( 1631): cleanUpApplicationRecord -- 10407
06-05 22:58:41.355 W/ActivityManager( 1631): Crash of app com.evancharlton.mileage running instrumentation ComponentInfo{com.evancharlton.mileage.test/sh.calaba.instrumentationbackend.ClearAppData2}
06-05 22:58:41.355 I/ActivityManager( 1631): Force stopping com.evancharlton.mileage appid=10326 user=0: finished inst
06-05 22:58:41.358 I/art     (10437): Not late-enabling -Xcheck:jni (already on)
06-05 22:58:41.358 W/art     (10437): Unexpected CPU variant for X86 using defaults: x86
06-05 22:58:41.366 I/ActivityManager( 1631): Start proc 10437:com.evancharlton.mileage/u0a326 for added application com.evancharlton.mileage
06-05 22:58:41.366 D/AndroidRuntime(10427): Shutting down VM
06-05 22:58:41.371 W/System  (10437): ClassLoader referenced unknown path: /data/app/com.evancharlton.mileage.test-1/lib/x86
06-05 22:58:41.371 W/System  (10437): ClassLoader referenced unknown path: /data/app/com.evancharlton.mileage-1/lib/x86
06-05 22:58:41.374 W/System  (10437): ClassLoader referenced unknown path: 
06-05 22:58:41.378 I/System.out(10437): Main activity name automatically set to: com.evancharlton.mileage.Mileage
06-05 22:58:41.378 I/System.out(10437): Calabash did not load Mono. This is only a problem if you are trying to test a Mono application
06-05 22:58:41.378 I/calabash(10437): Test server port: 7102
06-05 22:58:41.379 I/InstrumentationBackend(10437): Added:'GetPreferences', with key:'get_preferences'
06-05 22:58:41.383 I/InstrumentationBackend(10437): Added:'SetPreferences', with key:'set_preferences'
06-05 22:58:41.383 I/InstrumentationBackend(10437): Added:'ClearPreferences', with key:'clear_preferences'
06-05 22:58:41.383 I/InstrumentationBackend(10437): Added:'PressElement', with key:'press_l10n_element'
06-05 22:58:41.383 I/InstrumentationBackend(10437): Added:'WaitForElement', with key:'wait_for_l10n_element'
06-05 22:58:41.383 I/InstrumentationBackend(10437): Added:'NullAction', with key:'nullAction'
06-05 22:58:41.383 I/InstrumentationBackend(10437): Added:'PressKey', with key:'press_key'
06-05 22:58:41.383 I/InstrumentationBackend(10437): Added:'SetActivityOrientation', with key:'set_activity_orientation'
06-05 22:58:41.383 I/InstrumentationBackend(10437): Added:'GetActivityOrientation', with key:'get_activity_orientation'
06-05 22:58:41.383 I/InstrumentationBackend(10437): Added:'FakeGPSLocation', with key:'set_gps_coordinates'
06-05 22:58:41.383 I/InstrumentationBackend(10437): Added:'SetPropertyByCssSelector', with key:'set_property_by_css_selector'
06-05 22:58:41.383 I/InstrumentationBackend(10437): Added:'GetUrl', with key:'get_url'
06-05 22:58:41.384 I/InstrumentationBackend(10437): Added:'ScrollTo', with key:'scroll_to'
06-05 22:58:41.384 I/InstrumentationBackend(10437): Added:'GetLoadProgress', with key:'get_load_progress'
06-05 22:58:41.384 I/InstrumentationBackend(10437): Added:'DumpHtml', with key:'dump_html'
06-05 22:58:41.384 I/InstrumentationBackend(10437): Added:'DumpBodyHtml', with key:'dump_body_html'
06-05 22:58:41.384 I/InstrumentationBackend(10437): Added:'EnterTextByCssSelector', with key:'enter_text_by_selector'
06-05 22:58:41.384 I/InstrumentationBackend(10437): Added:'AndroidSDKVersion', with key:'android_sdk_version'
06-05 22:58:41.384 I/InstrumentationBackend(10437): Added:'Version', with key:'version'
06-05 22:58:41.384 I/InstrumentationBackend(10437): Added:'Drag', with key:'drag'
06-05 22:58:41.384 I/InstrumentationBackend(10437): Added:'TouchCoordinates', with key:'touch_coordinate'
06-05 22:58:41.384 I/InstrumentationBackend(10437): Added:'LongPressCoordinate', with key:'long_press_coordinate'
06-05 22:58:41.384 I/InstrumentationBackend(10437): Added:'DragCoordinates', with key:'drag_coordinates'
06-05 22:58:41.384 I/InstrumentationBackend(10437): Added:'ResumeApplication', with key:'resume_application'
06-05 22:58:41.384 I/InstrumentationBackend(10437): Added:'Swipe', with key:'swipe'
06-05 22:58:41.384 I/InstrumentationBackend(10437): Added:'DoubleTapCoordinate', with key:'double_tap_coordinate'
06-05 22:58:41.384 I/InstrumentationBackend(10437): Added:'ClickOnScreen', with key:'click_on_screen'
06-05 22:58:41.384 I/InstrumentationBackend(10437): Added:'GetActivityName', with key:'get_activity_name'
06-05 22:58:41.384 I/InstrumentationBackend(10437): Added:'ScrollToView', with key:'scroll_to_view'
06-05 22:58:41.385 I/InstrumentationBackend(10437): Added:'ViewConfiguration', with key:'view_configuration'
06-05 22:58:41.385 I/InstrumentationBackend(10437): Added:'IsCurrentActivityFocused', with key:'is_current_activity_focused'
06-05 22:58:41.385 I/InstrumentationBackend(10437): Added:'SendTcp', with key:'send_tcp'
06-05 22:58:41.385 I/InstrumentationBackend(10437): Added:'DpToDevicePixel', with key:'dp_to_device_pixel'
06-05 22:58:41.385 I/InstrumentationBackend(10437): Added:'KeyboardEnterText', with key:'keyboard_enter_text'
06-05 22:58:41.385 I/InstrumentationBackend(10437): Added:'DeleteSurroundingText', with key:'delete_surrounding_text'
06-05 22:58:41.385 I/InstrumentationBackend(10437): Added:'SetComposingRegion', with key:'set_composing_region'
06-05 22:58:41.385 I/InstrumentationBackend(10437): Added:'SetSelection', with key:'set_selection'
06-05 22:58:41.385 I/InstrumentationBackend(10437): Added:'KeyboardKeyEvent', with key:'keyboard_key_event'
06-05 22:58:41.385 I/InstrumentationBackend(10437): Added:'PressUserActionButton', with key:'press_user_action_button'
06-05 22:58:41.385 I/InstrumentationBackend(10437): Added:'HideSoftKeyboard', with key:'hide_soft_keyboard'
06-05 22:58:41.385 I/InstrumentationBackend(10437): Added:'ListActions', with key:'list_actions'
06-05 22:58:41.385 I/calabash(10437): Instantiating http server at 7102
06-05 22:58:41.386 I/System.out(10437): HTTP Daemon listening on: 7102
06-05 22:58:41.476 I/System.out(10437): URI: //ping
06-05 22:58:41.476 I/System.out(10437): params: {json={}
06-05 22:58:41.476 I/System.out(10437): }
06-05 22:58:41.478 I/System.out(10437): URI: //ping
06-05 22:58:41.478 I/System.out(10437): params: {json={}
06-05 22:58:41.478 I/System.out(10437): }
06-05 22:58:41.480 I/System.out(10437): URI: //ready
06-05 22:58:41.480 I/System.out(10437): params: {json={}
06-05 22:58:41.480 I/System.out(10437): }
06-05 22:58:41.481 I/System.out(10437): URI: //
06-05 22:58:41.481 I/System.out(10437): params: {json={"command":"version","arguments":[]}
06-05 22:58:41.481 I/System.out(10437): }
06-05 22:58:41.482 I/System.out(10437): header: {content-type=application/json;charset=utf-8, date=Sat, 06 Jun 2020 03:58:41 GMT, accept=*/*, host=127.0.0.1:34777, content-length=36, user-agent=HTTPClient/1.0 (2.8.3, ruby 2.5.1 (2018-03-29))}
06-05 22:58:41.482 I/System.out(10437): params: {json={"command":"version","arguments":[]}
06-05 22:58:41.482 I/System.out(10437): }
06-05 22:58:41.482 I/System.out(10437): ProP json = {"command":"version","arguments":[]}
06-05 22:58:41.482 I/System.out(10437): files: {}
06-05 22:58:41.482 I/System.out(10437): command: {"command":"version","arguments":[]}
06-05 22:58:41.484 I/InstrumentationBackend(10437): Got command:'Command:'Line:null,version', arguments:'[]'
06-05 22:58:41.490 I/System.out(10437): result:{"bonusInformation":[],"message":"0.9.8","success":true}
06-05 22:58:41.492 I/System.out(10437): URI: //start-application
06-05 22:58:41.492 I/System.out(10437): params: {json={"intent":null}
06-05 22:58:41.492 I/System.out(10437): }
06-05 22:58:41.501 I/ActivityManager( 1631): START u0 {act=android.intent.action.MAIN cat=[android.intent.category.LAUNCHER] flg=0x10200000 cmp=com.evancharlton.mileage/.Mileage} from uid 10326 on display 0
06-05 22:58:41.506 I/calabash(10437): newActivity1
06-05 22:58:41.515 I/calabash(10437): newActivity1
06-05 22:58:41.516 W/ActivityManager( 1631): Bad activity token: android.os.BinderProxy@7895075
06-05 22:58:41.516 W/ActivityManager( 1631): java.lang.ClassCastException: android.os.BinderProxy cannot be cast to com.android.server.am.ActivityRecord$Token
06-05 22:58:41.516 W/ActivityManager( 1631): 	at com.android.server.am.ActivityRecord.forTokenLocked(ActivityRecord.java:586)
06-05 22:58:41.516 W/ActivityManager( 1631): 	at com.android.server.am.ActivityRecord.isInStackLocked(ActivityRecord.java:1327)
06-05 22:58:41.516 W/ActivityManager( 1631): 	at com.android.server.am.ActivityRecord.getStackLocked(ActivityRecord.java:1332)
06-05 22:58:41.516 W/ActivityManager( 1631): 	at com.android.server.am.ActivityManagerService.getActivityDisplayId(ActivityManagerService.java:9806)
06-05 22:58:41.516 W/ActivityManager( 1631): 	at android.app.ActivityManagerNative.onTransact(ActivityManagerNative.java:2566)
06-05 22:58:41.516 W/ActivityManager( 1631): 	at com.android.server.am.ActivityManagerService.onTransact(ActivityManagerService.java:2757)
06-05 22:58:41.516 W/ActivityManager( 1631): 	at android.os.Binder.execTransact(Binder.java:565)
06-05 22:58:41.518 W/ActivityManager( 1631): Bad activity token: android.os.BinderProxy@7895075
06-05 22:58:41.518 W/ActivityManager( 1631): java.lang.ClassCastException: android.os.BinderProxy cannot be cast to com.android.server.am.ActivityRecord$Token
06-05 22:58:41.518 W/ActivityManager( 1631): 	at com.android.server.am.ActivityRecord.forTokenLocked(ActivityRecord.java:586)
06-05 22:58:41.518 W/ActivityManager( 1631): 	at com.android.server.am.ActivityRecord.isInStackLocked(ActivityRecord.java:1327)
06-05 22:58:41.518 W/ActivityManager( 1631): 	at com.android.server.am.ActivityManagerService.setTaskDescription(ActivityManagerService.java:9358)
06-05 22:58:41.518 W/ActivityManager( 1631): 	at android.app.ActivityManagerNative.onTransact(ActivityManagerNative.java:2639)
06-05 22:58:41.518 W/ActivityManager( 1631): 	at com.android.server.am.ActivityManagerService.onTransact(ActivityManagerService.java:2757)
06-05 22:58:41.518 W/ActivityManager( 1631): 	at android.os.Binder.execTransact(Binder.java:565)
06-05 22:58:41.518 W/ActivityManager( 1631): Bad activity token: android.os.BinderProxy@7895075
06-05 22:58:41.518 W/ActivityManager( 1631): java.lang.ClassCastException: android.os.BinderProxy cannot be cast to com.android.server.am.ActivityRecord$Token
06-05 22:58:41.518 W/ActivityManager( 1631): 	at com.android.server.am.ActivityRecord.forTokenLocked(ActivityRecord.java:586)
06-05 22:58:41.518 W/ActivityManager( 1631): 	at com.android.server.am.ActivityRecord.isInStackLocked(ActivityRecord.java:1327)
06-05 22:58:41.518 W/ActivityManager( 1631): 	at com.android.server.am.ActivityRecord.getStackLocked(ActivityRecord.java:1332)
06-05 22:58:41.518 W/ActivityManager( 1631): 	at com.android.server.am.ActivityManagerService.getActivityStackId(ActivityManagerService.java:9817)
06-05 22:58:41.518 W/ActivityManager( 1631): 	at android.app.ActivityManagerNative.onTransact(ActivityManagerNative.java:2856)
06-05 22:58:41.518 W/ActivityManager( 1631): 	at com.android.server.am.ActivityManagerService.onTransact(ActivityManagerService.java:2757)
06-05 22:58:41.518 W/ActivityManager( 1631): 	at android.os.Binder.execTransact(Binder.java:565)
06-05 22:58:41.532 D/FillupsProvider(10437): Creating database
06-05 22:58:41.535 D/gralloc_ranchu( 1347): gralloc_alloc: Creating ashmem region of size 9023488
06-05 22:58:41.555 W/ActivityManager( 1631): Bad activity token: android.os.BinderProxy@7895075
06-05 22:58:41.555 W/ActivityManager( 1631): java.lang.ClassCastException: android.os.BinderProxy cannot be cast to com.android.server.am.ActivityRecord$Token
06-05 22:58:41.555 W/ActivityManager( 1631): 	at com.android.server.am.ActivityRecord.forTokenLocked(ActivityRecord.java:586)
06-05 22:58:41.555 W/ActivityManager( 1631): 	at com.android.server.am.ActivityRecord.isInStackLocked(ActivityRecord.java:1327)
06-05 22:58:41.555 W/ActivityManager( 1631): 	at com.android.server.am.ActivityManagerService.getActivityOptions(ActivityManagerService.java:12559)
06-05 22:58:41.555 W/ActivityManager( 1631): 	at android.app.ActivityManagerNative.onTransact(ActivityManagerNative.java:1933)
06-05 22:58:41.555 W/ActivityManager( 1631): 	at com.android.server.am.ActivityManagerService.onTransact(ActivityManagerService.java:2757)
06-05 22:58:41.555 W/ActivityManager( 1631): 	at android.os.Binder.execTransact(Binder.java:565)
06-05 22:58:41.555 W/ActivityManager( 1631): Bad activity token: android.os.BinderProxy@7895075
06-05 22:58:41.555 W/ActivityManager( 1631): java.lang.ClassCastException: android.os.BinderProxy cannot be cast to com.android.server.am.ActivityRecord$Token
06-05 22:58:41.555 W/ActivityManager( 1631): 	at com.android.server.am.ActivityRecord.forTokenLocked(ActivityRecord.java:586)
06-05 22:58:41.555 W/ActivityManager( 1631): 	at com.android.server.am.ActivityRecord.isInStackLocked(ActivityRecord.java:1327)
06-05 22:58:41.555 W/ActivityManager( 1631): 	at com.android.server.am.ActivityManagerService.getActivityOptions(ActivityManagerService.java:12559)
06-05 22:58:41.555 W/ActivityManager( 1631): 	at android.app.ActivityManagerNative.onTransact(ActivityManagerNative.java:1933)
06-05 22:58:41.555 W/ActivityManager( 1631): 	at com.android.server.am.ActivityManagerService.onTransact(ActivityManagerService.java:2757)
06-05 22:58:41.555 W/ActivityManager( 1631): 	at android.os.Binder.execTransact(Binder.java:565)
06-05 22:58:41.560 V/PhoneStatusBar( 1712): setLightsOn(true)
06-05 22:58:41.567 D/EGL_emulation( 1712): eglMakeCurrent: 0xb0685360: ver 2 0 (tinfo 0xb06836c0)
06-05 22:58:41.568 D/EGL_emulation( 2076): eglMakeCurrent: 0xb0685360: ver 2 0 (tinfo 0xb06836b0)
06-05 22:58:41.570 D/EGL_emulation( 1712): eglMakeCurrent: 0xb0685360: ver 2 0 (tinfo 0xb06836c0)
06-05 22:58:41.583 D/EGL_emulation( 1712): eglMakeCurrent: 0xb0685360: ver 2 0 (tinfo 0xb06836c0)
06-05 22:58:41.585 D/EGL_emulation( 1712): eglMakeCurrent: 0xb0685360: ver 2 0 (tinfo 0xb06836c0)
06-05 22:58:41.586 D/gralloc_ranchu( 1347): gralloc_alloc: Creating ashmem region of size 9023488
06-05 22:58:41.592 D/        (10437): HostConnection::get() New Host Connection established 0x94236000, tid 10437
06-05 22:58:41.635 D/EGL_emulation( 1712): eglMakeCurrent: 0xb0685360: ver 2 0 (tinfo 0xb06836c0)
06-05 22:58:41.638 D/EGL_emulation( 1712): eglMakeCurrent: 0xb0685360: ver 2 0 (tinfo 0xb06836c0)
06-05 22:58:41.639 V/PhoneStatusBar( 1712): setLightsOn(true)
06-05 22:58:41.641 D/EGL_emulation( 1712): eglMakeCurrent: 0xb0685360: ver 2 0 (tinfo 0xb06836c0)
06-05 22:58:41.643 D/EGL_emulation( 1712): eglMakeCurrent: 0xb0685360: ver 2 0 (tinfo 0xb06836c0)
06-05 22:58:41.653 D/EGL_emulation( 1712): eglMakeCurrent: 0xb0685360: ver 2 0 (tinfo 0xb06836c0)
06-05 22:58:41.654 D/EGL_emulation( 1712): eglMakeCurrent: 0xb0685360: ver 2 0 (tinfo 0xb06836c0)
06-05 22:58:41.670 D/EGL_emulation( 1712): eglMakeCurrent: 0xb0685360: ver 2 0 (tinfo 0xb06836c0)
06-05 22:58:41.678 D/EGL_emulation( 1712): eglMakeCurrent: 0xb0685360: ver 2 0 (tinfo 0xb06836c0)
06-05 22:58:41.688 D/EGL_emulation( 1712): eglMakeCurrent: 0xb0685360: ver 2 0 (tinfo 0xb06836c0)
06-05 22:58:41.690 D/gralloc_ranchu( 1347): gralloc_alloc: Creating ashmem region of size 9023488
06-05 22:58:41.713 I/ActivityManager( 1631): Displayed com.evancharlton.mileage/.Mileage: +210ms
06-05 22:58:41.722 D/EGL_emulation( 1712): eglMakeCurrent: 0xb0685360: ver 2 0 (tinfo 0xb06836c0)
06-05 22:58:41.732 D/EGL_emulation( 1712): eglMakeCurrent: 0xb0685360: ver 2 0 (tinfo 0xb06836c0)
06-05 22:58:41.751 D/EGL_emulation( 1712): eglMakeCurrent: 0xb0685360: ver 2 0 (tinfo 0xb06836c0)
06-05 22:58:41.760 D/EGL_emulation( 1712): eglMakeCurrent: 0xb0685360: ver 2 0 (tinfo 0xb06836c0)
06-05 22:58:41.771 D/EGL_emulation( 1712): eglMakeCurrent: 0xb0685360: ver 2 0 (tinfo 0xb06836c0)
06-05 22:58:41.772 V/PhoneStatusBar( 1712): setLightsOn(true)
06-05 22:58:41.777 D/EGL_emulation( 1712): eglMakeCurrent: 0xb0685360: ver 2 0 (tinfo 0xb06836c0)
06-05 22:58:41.813 I/System.out(10437): URI: //map
06-05 22:58:41.813 I/System.out(10437): params: {json={"query":"* {text CONTAINS[c] 'Fillup information'}","operation":{"method_name":"query","arguments":[]}}
06-05 22:58:41.813 I/System.out(10437): }
06-05 22:58:41.847 I/System.out(10437): URI: //map
06-05 22:58:41.847 I/System.out(10437): params: {json={"query":"* {text CONTAINS[c] 'Tank was not filled to the top'}","operation":{"method_name":"query","arguments":[]}}
06-05 22:58:41.847 I/System.out(10437): }
06-05 22:58:41.871 I/System.out(10437): URI: //map
06-05 22:58:41.872 I/System.out(10437): params: {json={"query":"* {text CONTAINS[c] 'Extra data'}","operation":{"method_name":"query","arguments":[]}}
06-05 22:58:41.872 I/System.out(10437): }
06-05 22:58:41.893 I/System.out(10437): URI: //map
06-05 22:58:41.893 I/System.out(10437): params: {json={"query":"* {text CONTAINS[c] 'Save Fillup'}","operation":{"method_name":"query","arguments":[]}}
06-05 22:58:41.893 I/System.out(10437): }
06-05 22:58:41.912 I/art     (10437): Do partial code cache collection, code=30KB, data=30KB
06-05 22:58:41.913 I/art     (10437): After code cache collection, code=30KB, data=30KB
06-05 22:58:41.913 I/art     (10437): Increasing code cache capacity to 128KB
06-05 22:58:41.917 I/WindowManager( 1631): Destroying surface Surface(name=Starting com.evancharlton.mileage) called by com.android.server.wm.WindowStateAnimator.destroySurface:2016 com.android.server.wm.WindowStateAnimator.destroySurfaceLocked:882 com.android.server.wm.WindowState.destroyOrSaveSurface:2100 com.android.server.wm.AppWindowToken.destroySurfaces:363 com.android.server.wm.WindowStateAnimator.finishExit:565 com.android.server.wm.WindowStateAnimator.stepAnimationLocked:491 com.android.server.wm.WindowAnimator.updateWindowsLocked:303 com.android.server.wm.WindowAnimator.animateLocked:704 
06-05 22:58:41.917 I/System.out(10437): URI: //
06-05 22:58:41.917 I/System.out(10437): params: {json={"command":"press_key","arguments":["KEYCODE_MENU"]}
06-05 22:58:41.917 I/System.out(10437): }
06-05 22:58:41.917 I/System.out(10437): header: {content-type=application/json;charset=utf-8, date=Sat, 06 Jun 2020 03:58:42 GMT, accept=*/*, host=127.0.0.1:34777, content-length=52, user-agent=HTTPClient/1.0 (2.8.3, ruby 2.5.1 (2018-03-29))}
06-05 22:58:41.917 I/System.out(10437): params: {json={"command":"press_key","arguments":["KEYCODE_MENU"]}
06-05 22:58:41.917 I/System.out(10437): }
06-05 22:58:41.917 I/System.out(10437): ProP json = {"command":"press_key","arguments":["KEYCODE_MENU"]}
06-05 22:58:41.917 I/System.out(10437): files: {}
06-05 22:58:41.917 I/System.out(10437): command: {"command":"press_key","arguments":["KEYCODE_MENU"]}
06-05 22:58:41.918 V/PhoneStatusBar( 1712): setLightsOn(true)
06-05 22:58:41.919 I/InstrumentationBackend(10437): Got command:'Command:'Line:null,press_key', arguments:'[KEYCODE_MENU]'
06-05 22:58:41.950 V/PhoneStatusBar( 1712): setLightsOn(true)
06-05 22:58:42.017 V/PhoneStatusBar( 1712): setLightsOn(true)
06-05 22:58:42.020 W/audio_hw_generic( 1394): Not supplying enough data to HAL, expected position 216550129 , only wrote 216550080
06-05 22:58:42.022 I/System.out(10437): result:{"bonusInformation":[],"message":"","success":true}
06-05 22:58:42.029 I/System.out(10437): URI: //map
06-05 22:58:42.030 I/System.out(10437): params: {json={"query":"* {text CONTAINS[c] 'Edit fields'}","operation":{"method_name":"query","arguments":[]}}
06-05 22:58:42.030 I/System.out(10437): }
06-05 22:58:42.033 V/PhoneStatusBar( 1712): setLightsOn(true)
06-05 22:58:42.070 V/PhoneStatusBar( 1712): setLightsOn(true)
06-05 22:58:42.084 V/PhoneStatusBar( 1712): setLightsOn(true)
06-05 22:58:42.100 V/PhoneStatusBar( 1712): setLightsOn(true)
06-05 22:58:42.102 D/gralloc_ranchu( 1347): gralloc_alloc: Creating ashmem region of size 1720320
06-05 22:58:42.110 V/PhoneStatusBar( 1712): setLightsOn(true)
06-05 22:58:42.117 V/PhoneStatusBar( 1712): setLightsOn(true)
06-05 22:58:42.125 I/System.out(10437): URI: //map
06-05 22:58:42.125 I/System.out(10437): params: {json={"query":"* {text CONTAINS[c] 'Service intervals'}","operation":{"method_name":"query","arguments":[]}}
06-05 22:58:42.125 I/System.out(10437): }
06-05 22:58:42.167 I/System.out(10437): URI: //map
06-05 22:58:42.167 I/System.out(10437): params: {json={"query":"* {text CONTAINS[c] 'Import / Export'}","operation":{"method_name":"query","arguments":[]}}
06-05 22:58:42.167 I/System.out(10437): }
06-05 22:58:42.182 I/System.out(10437): URI: //map
06-05 22:58:42.182 I/System.out(10437): params: {json={"query":"* {text CONTAINS[c] 'Settings'}","operation":{"method_name":"query","arguments":[]}}
06-05 22:58:42.182 I/System.out(10437): }
