--------- beginning of main
06-05 18:17:19.171 V/PhoneStatusBar( 1712): setLightsOn(true)
06-05 18:17:19.172 V/PhoneStatusBar( 1712): setLightsOn(true)
06-05 18:17:19.175 W/OpenGLRenderer( 2099): Incorrectly called buildLayer on View: ShortcutAndWidgetContainer, destroying layer...
06-05 18:17:19.179 D/gralloc_ranchu( 1346): gralloc_alloc: Creating ashmem region of size 3145728
06-05 18:17:19.183 E/EGL_emulation( 1346): tid 1346: eglCreateSyncKHR(1901): error 0x3004 (EGL_BAD_ATTRIBUTE)
--------- beginning of system
06-05 18:17:19.193 W/ActivityManager( 1630): Finishing task with all activities already finished
06-05 18:17:19.193 W/ActivityManager( 1630): Duplicate finish request for ActivityRecord{a9b6885 u0 com.evancharlton.mileage/.Mileage t2732 f}
06-05 18:17:19.193 W/ActivityManager( 1630): Finishing task with all activities already finished
06-05 18:17:19.193 W/ActivityManager( 1630): Duplicate finish request for ActivityRecord{a9b6885 u0 com.evancharlton.mileage/.Mileage t2732 f}
06-05 18:17:19.193 W/ActivityManager( 1630): Finishing task with all activities already finished
06-05 18:17:19.193 W/ActivityManager( 1630): Duplicate finish request for ActivityRecord{a9b6885 u0 com.evancharlton.mileage/.Mileage t2732 f}
06-05 18:17:19.193 W/ActivityManager( 1630): Finishing task with all activities already finished
06-05 18:17:19.193 W/ActivityManager( 1630): Duplicate finish request for ActivityRecord{a9b6885 u0 com.evancharlton.mileage/.Mileage t2732 f}
06-05 18:17:19.193 W/ActivityManager( 1630): Finishing task with all activities already finished
06-05 18:17:19.193 W/ActivityManager( 1630): Duplicate finish request for ActivityRecord{a9b6885 u0 com.evancharlton.mileage/.Mileage t2732 f}
06-05 18:17:19.210 D/EGL_emulation( 2099): eglMakeCurrent: 0xb4085240: ver 2 0 (tinfo 0xb40832d0)
06-05 18:17:19.212 D/EGL_emulation( 1712): eglMakeCurrent: 0xb4085540: ver 2 0 (tinfo 0xb4083740)
06-05 18:17:19.226 D/EGL_emulation( 1712): eglMakeCurrent: 0xb4085540: ver 2 0 (tinfo 0xb4083740)
06-05 18:17:19.244 D/EGL_emulation( 1712): eglMakeCurrent: 0xb4085540: ver 2 0 (tinfo 0xb4083740)
06-05 18:17:19.259 D/EGL_emulation( 1712): eglMakeCurrent: 0xb4085540: ver 2 0 (tinfo 0xb4083740)
06-05 18:17:19.262 D/EGL_emulation( 1712): eglMakeCurrent: 0xb4085540: ver 2 0 (tinfo 0xb4083740)
06-05 18:17:19.276 D/EGL_emulation( 1712): eglMakeCurrent: 0xb4085540: ver 2 0 (tinfo 0xb4083740)
06-05 18:17:19.277 D/EGL_emulation( 1712): eglMakeCurrent: 0xb4085540: ver 2 0 (tinfo 0xb4083740)
06-05 18:17:19.292 D/EGL_emulation( 1712): eglMakeCurrent: 0xb4085540: ver 2 0 (tinfo 0xb4083740)
06-05 18:17:19.294 D/EGL_emulation( 1712): eglMakeCurrent: 0xb4085540: ver 2 0 (tinfo 0xb4083740)
06-05 18:17:19.309 D/EGL_emulation( 1712): eglMakeCurrent: 0xb4085540: ver 2 0 (tinfo 0xb4083740)
06-05 18:17:19.311 D/EGL_emulation( 1712): eglMakeCurrent: 0xb4085540: ver 2 0 (tinfo 0xb4083740)
06-05 18:17:19.326 D/EGL_emulation( 1712): eglMakeCurrent: 0xb4085540: ver 2 0 (tinfo 0xb4083740)
06-05 18:17:19.328 D/EGL_emulation( 1712): eglMakeCurrent: 0xb4085540: ver 2 0 (tinfo 0xb4083740)
06-05 18:17:19.332 D/AndroidRuntime( 4895): >>>>>> START com.android.internal.os.RuntimeInit uid 2000 <<<<<<
06-05 18:17:19.333 D/AndroidRuntime( 4895): CheckJNI is ON
06-05 18:17:19.342 D/EGL_emulation( 1712): eglMakeCurrent: 0xb4085540: ver 2 0 (tinfo 0xb4083740)
06-05 18:17:19.344 D/EGL_emulation( 1712): eglMakeCurrent: 0xb4085540: ver 2 0 (tinfo 0xb4083740)
06-05 18:17:19.345 W/art     ( 4895): Unexpected CPU variant for X86 using defaults: x86
06-05 18:17:19.347 D/ICU     ( 4895): No timezone override file found: /data/misc/zoneinfo/current/icu/icu_tzdata.dat
06-05 18:17:19.354 E/memtrack( 4895): Couldn't load memtrack module (No such file or directory)
06-05 18:17:19.354 E/android.os.Debug( 4895): failed to load memtrack module: -2
06-05 18:17:19.354 I/Radio-JNI( 4895): register_android_hardware_Radio DONE
06-05 18:17:19.358 D/AndroidRuntime( 4895): Calling main entry com.android.commands.am.Am
06-05 18:17:19.359 D/EGL_emulation( 1712): eglMakeCurrent: 0xb4085540: ver 2 0 (tinfo 0xb4083740)
06-05 18:17:19.360 I/ActivityManager( 1630): Force stopping com.evancharlton.mileage appid=10150 user=0: start instr
06-05 18:17:19.360 I/ActivityManager( 1630): Killing 4853:com.evancharlton.mileage/u0a150 (adj 0): stop com.evancharlton.mileage
06-05 18:17:19.360 D/ActivityManager( 1630): cleanUpApplicationRecord -- 4853
06-05 18:17:19.360 W/ActivityManager( 1630): Crash of app com.evancharlton.mileage running instrumentation ComponentInfo{com.evancharlton.mileage.test/sh.calaba.instrumentationbackend.CalabashInstrumentationTestRunner}
06-05 18:17:19.360 I/ActivityManager( 1630): Force stopping com.evancharlton.mileage appid=10150 user=0: finished inst
06-05 18:17:19.361 D/EGL_emulation( 1712): eglMakeCurrent: 0xb4085540: ver 2 0 (tinfo 0xb4083740)
06-05 18:17:19.364 I/art     ( 4905): Not late-enabling -Xcheck:jni (already on)
06-05 18:17:19.365 W/art     ( 4905): Unexpected CPU variant for X86 using defaults: x86
06-05 18:17:19.371 I/ActivityManager( 1630): Start proc 4905:com.evancharlton.mileage/u0a150 for added application com.evancharlton.mileage
06-05 18:17:19.371 D/AndroidRuntime( 4895): Shutting down VM
06-05 18:17:19.376 W/System  ( 4905): ClassLoader referenced unknown path: /data/app/com.evancharlton.mileage.test-1/lib/x86
06-05 18:17:19.376 W/System  ( 4905): ClassLoader referenced unknown path: /data/app/com.evancharlton.mileage-1/lib/x86
06-05 18:17:19.376 D/EGL_emulation( 1712): eglMakeCurrent: 0xb4085540: ver 2 0 (tinfo 0xb4083740)
06-05 18:17:19.377 D/EGL_emulation( 1712): eglMakeCurrent: 0xb4085540: ver 2 0 (tinfo 0xb4083740)
06-05 18:17:19.378 W/System  ( 4905): ClassLoader referenced unknown path: 
06-05 18:17:19.382 I/System.out( 4905): Main activity name automatically set to: com.evancharlton.mileage.Mileage
06-05 18:17:19.382 I/System.out( 4905): Calabash did not load Mono. This is only a problem if you are trying to test a Mono application
06-05 18:17:19.382 I/calabash( 4905): Test server port: 7102
06-05 18:17:19.382 I/InstrumentationBackend( 4905): Added:'GetPreferences', with key:'get_preferences'
06-05 18:17:19.386 I/InstrumentationBackend( 4905): Added:'SetPreferences', with key:'set_preferences'
06-05 18:17:19.386 I/InstrumentationBackend( 4905): Added:'ClearPreferences', with key:'clear_preferences'
06-05 18:17:19.386 I/InstrumentationBackend( 4905): Added:'PressElement', with key:'press_l10n_element'
06-05 18:17:19.386 I/InstrumentationBackend( 4905): Added:'WaitForElement', with key:'wait_for_l10n_element'
06-05 18:17:19.386 I/InstrumentationBackend( 4905): Added:'NullAction', with key:'nullAction'
06-05 18:17:19.386 I/InstrumentationBackend( 4905): Added:'PressKey', with key:'press_key'
06-05 18:17:19.386 I/InstrumentationBackend( 4905): Added:'SetActivityOrientation', with key:'set_activity_orientation'
06-05 18:17:19.386 I/InstrumentationBackend( 4905): Added:'GetActivityOrientation', with key:'get_activity_orientation'
06-05 18:17:19.386 I/InstrumentationBackend( 4905): Added:'FakeGPSLocation', with key:'set_gps_coordinates'
06-05 18:17:19.386 I/InstrumentationBackend( 4905): Added:'SetPropertyByCssSelector', with key:'set_property_by_css_selector'
06-05 18:17:19.386 I/InstrumentationBackend( 4905): Added:'GetUrl', with key:'get_url'
06-05 18:17:19.387 I/InstrumentationBackend( 4905): Added:'ScrollTo', with key:'scroll_to'
06-05 18:17:19.387 I/InstrumentationBackend( 4905): Added:'GetLoadProgress', with key:'get_load_progress'
06-05 18:17:19.387 I/InstrumentationBackend( 4905): Added:'DumpHtml', with key:'dump_html'
06-05 18:17:19.387 I/InstrumentationBackend( 4905): Added:'DumpBodyHtml', with key:'dump_body_html'
06-05 18:17:19.387 I/InstrumentationBackend( 4905): Added:'EnterTextByCssSelector', with key:'enter_text_by_selector'
06-05 18:17:19.387 I/InstrumentationBackend( 4905): Added:'AndroidSDKVersion', with key:'android_sdk_version'
06-05 18:17:19.387 I/InstrumentationBackend( 4905): Added:'Version', with key:'version'
06-05 18:17:19.387 I/InstrumentationBackend( 4905): Added:'Drag', with key:'drag'
06-05 18:17:19.387 I/InstrumentationBackend( 4905): Added:'TouchCoordinates', with key:'touch_coordinate'
06-05 18:17:19.387 I/InstrumentationBackend( 4905): Added:'LongPressCoordinate', with key:'long_press_coordinate'
06-05 18:17:19.387 I/InstrumentationBackend( 4905): Added:'DragCoordinates', with key:'drag_coordinates'
06-05 18:17:19.387 I/InstrumentationBackend( 4905): Added:'ResumeApplication', with key:'resume_application'
06-05 18:17:19.387 I/InstrumentationBackend( 4905): Added:'Swipe', with key:'swipe'
06-05 18:17:19.387 I/InstrumentationBackend( 4905): Added:'DoubleTapCoordinate', with key:'double_tap_coordinate'
06-05 18:17:19.387 I/InstrumentationBackend( 4905): Added:'ClickOnScreen', with key:'click_on_screen'
06-05 18:17:19.388 I/InstrumentationBackend( 4905): Added:'GetActivityName', with key:'get_activity_name'
06-05 18:17:19.388 I/InstrumentationBackend( 4905): Added:'ScrollToView', with key:'scroll_to_view'
06-05 18:17:19.388 I/InstrumentationBackend( 4905): Added:'ViewConfiguration', with key:'view_configuration'
06-05 18:17:19.388 I/InstrumentationBackend( 4905): Added:'IsCurrentActivityFocused', with key:'is_current_activity_focused'
06-05 18:17:19.388 I/InstrumentationBackend( 4905): Added:'SendTcp', with key:'send_tcp'
06-05 18:17:19.388 I/InstrumentationBackend( 4905): Added:'DpToDevicePixel', with key:'dp_to_device_pixel'
06-05 18:17:19.388 I/InstrumentationBackend( 4905): Added:'KeyboardEnterText', with key:'keyboard_enter_text'
06-05 18:17:19.388 I/InstrumentationBackend( 4905): Added:'DeleteSurroundingText', with key:'delete_surrounding_text'
06-05 18:17:19.388 I/InstrumentationBackend( 4905): Added:'SetComposingRegion', with key:'set_composing_region'
06-05 18:17:19.388 I/InstrumentationBackend( 4905): Added:'SetSelection', with key:'set_selection'
06-05 18:17:19.388 I/InstrumentationBackend( 4905): Added:'KeyboardKeyEvent', with key:'keyboard_key_event'
06-05 18:17:19.388 I/InstrumentationBackend( 4905): Added:'PressUserActionButton', with key:'press_user_action_button'
06-05 18:17:19.388 I/InstrumentationBackend( 4905): Added:'HideSoftKeyboard', with key:'hide_soft_keyboard'
06-05 18:17:19.388 I/InstrumentationBackend( 4905): Added:'ListActions', with key:'list_actions'
06-05 18:17:19.388 I/calabash( 4905): Instantiating http server at 7102
06-05 18:17:19.389 I/System.out( 4905): HTTP Daemon listening on: 7102
06-05 18:17:19.392 D/EGL_emulation( 1712): eglMakeCurrent: 0xb4085540: ver 2 0 (tinfo 0xb4083740)
06-05 18:17:19.394 D/EGL_emulation( 1712): eglMakeCurrent: 0xb4085540: ver 2 0 (tinfo 0xb4083740)
06-05 18:17:19.409 D/EGL_emulation( 1712): eglMakeCurrent: 0xb4085540: ver 2 0 (tinfo 0xb4083740)
06-05 18:17:19.411 D/EGL_emulation( 1712): eglMakeCurrent: 0xb4085540: ver 2 0 (tinfo 0xb4083740)
06-05 18:17:19.423 W/InputDispatcher( 1630): channel 'd216d18 com.evancharlton.mileage/com.evancharlton.mileage.Mileage (server)' ~ Consumer closed input channel or an error occurred.  events=0x9
06-05 18:17:19.423 E/InputDispatcher( 1630): channel 'd216d18 com.evancharlton.mileage/com.evancharlton.mileage.Mileage (server)' ~ Channel is unrecoverably broken and will be disposed!
06-05 18:17:19.423 I/WindowManager( 1630): WIN DEATH: Window{d216d18 u0 com.evancharlton.mileage/com.evancharlton.mileage.Mileage EXITING}
06-05 18:17:19.423 W/InputDispatcher( 1630): Attempted to unregister already unregistered input channel 'd216d18 com.evancharlton.mileage/com.evancharlton.mileage.Mileage (server)'
06-05 18:17:19.423 W/InputDispatcher( 1630): channel 'ad64c48 Toast (server)' ~ Consumer closed input channel or an error occurred.  events=0x9
06-05 18:17:19.423 E/InputDispatcher( 1630): channel 'ad64c48 Toast (server)' ~ Channel is unrecoverably broken and will be disposed!
06-05 18:17:19.424 I/WindowManager( 1630): WIN DEATH: Window{ad64c48 u0 Toast}
06-05 18:17:19.424 W/InputDispatcher( 1630): Attempted to unregister already unregistered input channel 'ad64c48 Toast (server)'
06-05 18:17:19.434 D/EGL_emulation( 1712): eglMakeCurrent: 0xb4085540: ver 2 0 (tinfo 0xb4083740)
06-05 18:17:19.442 D/EGL_emulation( 1712): eglMakeCurrent: 0xb4085540: ver 2 0 (tinfo 0xb4083740)
06-05 18:17:19.443 D/EGL_emulation( 1712): eglMakeCurrent: 0xb4085540: ver 2 0 (tinfo 0xb4083740)
06-05 18:17:19.479 I/System.out( 4905): URI: //ping
06-05 18:17:19.479 I/System.out( 4905): params: {json={}
06-05 18:17:19.479 I/System.out( 4905): }
06-05 18:17:19.481 I/System.out( 4905): URI: //ping
06-05 18:17:19.481 I/System.out( 4905): params: {json={}
06-05 18:17:19.481 I/System.out( 4905): }
06-05 18:17:19.483 I/System.out( 4905): URI: //ready
06-05 18:17:19.483 I/System.out( 4905): params: {json={}
06-05 18:17:19.483 I/System.out( 4905): }
06-05 18:17:19.485 I/System.out( 4905): URI: //
06-05 18:17:19.485 I/System.out( 4905): params: {json={"command":"version","arguments":[]}
06-05 18:17:19.485 I/System.out( 4905): }
06-05 18:17:19.485 I/System.out( 4905): header: {content-type=application/json;charset=utf-8, date=Fri, 05 Jun 2020 23:17:20 GMT, accept=*/*, host=127.0.0.1:34784, content-length=36, user-agent=HTTPClient/1.0 (2.8.3, ruby 2.5.1 (2018-03-29))}
06-05 18:17:19.485 I/System.out( 4905): params: {json={"command":"version","arguments":[]}
06-05 18:17:19.485 I/System.out( 4905): }
06-05 18:17:19.485 I/System.out( 4905): ProP json = {"command":"version","arguments":[]}
06-05 18:17:19.485 I/System.out( 4905): files: {}
06-05 18:17:19.485 I/System.out( 4905): command: {"command":"version","arguments":[]}
06-05 18:17:19.487 I/InstrumentationBackend( 4905): Got command:'Command:'Line:null,version', arguments:'[]'
06-05 18:17:19.493 I/System.out( 4905): result:{"bonusInformation":[],"message":"0.9.8","success":true}
06-05 18:17:19.495 I/System.out( 4905): URI: //start-application
06-05 18:17:19.495 I/System.out( 4905): params: {json={"intent":null}
06-05 18:17:19.495 I/System.out( 4905): }
06-05 18:17:19.506 I/ActivityManager( 1630): START u0 {act=android.intent.action.MAIN cat=[android.intent.category.LAUNCHER] flg=0x10200000 cmp=com.evancharlton.mileage/.Mileage} from uid 10150 on display 0
06-05 18:17:19.513 I/calabash( 4905): newActivity1
06-05 18:17:19.523 I/calabash( 4905): newActivity1
06-05 18:17:19.524 W/ActivityManager( 1630): Bad activity token: android.os.BinderProxy@e200053
06-05 18:17:19.524 W/ActivityManager( 1630): java.lang.ClassCastException: android.os.BinderProxy cannot be cast to com.android.server.am.ActivityRecord$Token
06-05 18:17:19.524 W/ActivityManager( 1630): 	at com.android.server.am.ActivityRecord.forTokenLocked(ActivityRecord.java:586)
06-05 18:17:19.524 W/ActivityManager( 1630): 	at com.android.server.am.ActivityRecord.isInStackLocked(ActivityRecord.java:1327)
06-05 18:17:19.524 W/ActivityManager( 1630): 	at com.android.server.am.ActivityRecord.getStackLocked(ActivityRecord.java:1332)
06-05 18:17:19.524 W/ActivityManager( 1630): 	at com.android.server.am.ActivityManagerService.getActivityDisplayId(ActivityManagerService.java:9806)
06-05 18:17:19.524 W/ActivityManager( 1630): 	at android.app.ActivityManagerNative.onTransact(ActivityManagerNative.java:2566)
06-05 18:17:19.524 W/ActivityManager( 1630): 	at com.android.server.am.ActivityManagerService.onTransact(ActivityManagerService.java:2757)
06-05 18:17:19.524 W/ActivityManager( 1630): 	at android.os.Binder.execTransact(Binder.java:565)
06-05 18:17:19.525 W/ActivityManager( 1630): Bad activity token: android.os.BinderProxy@e200053
06-05 18:17:19.525 W/ActivityManager( 1630): java.lang.ClassCastException: android.os.BinderProxy cannot be cast to com.android.server.am.ActivityRecord$Token
06-05 18:17:19.525 W/ActivityManager( 1630): 	at com.android.server.am.ActivityRecord.forTokenLocked(ActivityRecord.java:586)
06-05 18:17:19.525 W/ActivityManager( 1630): 	at com.android.server.am.ActivityRecord.isInStackLocked(ActivityRecord.java:1327)
06-05 18:17:19.525 W/ActivityManager( 1630): 	at com.android.server.am.ActivityManagerService.setTaskDescription(ActivityManagerService.java:9358)
06-05 18:17:19.525 W/ActivityManager( 1630): 	at android.app.ActivityManagerNative.onTransact(ActivityManagerNative.java:2639)
06-05 18:17:19.525 W/ActivityManager( 1630): 	at com.android.server.am.ActivityManagerService.onTransact(ActivityManagerService.java:2757)
06-05 18:17:19.525 W/ActivityManager( 1630): 	at android.os.Binder.execTransact(Binder.java:565)
06-05 18:17:19.526 D/gralloc_ranchu( 1346): gralloc_alloc: Creating ashmem region of size 9023488
06-05 18:17:19.526 W/ActivityManager( 1630): Bad activity token: android.os.BinderProxy@e200053
06-05 18:17:19.526 W/ActivityManager( 1630): java.lang.ClassCastException: android.os.BinderProxy cannot be cast to com.android.server.am.ActivityRecord$Token
06-05 18:17:19.526 W/ActivityManager( 1630): 	at com.android.server.am.ActivityRecord.forTokenLocked(ActivityRecord.java:586)
06-05 18:17:19.526 W/ActivityManager( 1630): 	at com.android.server.am.ActivityRecord.isInStackLocked(ActivityRecord.java:1327)
06-05 18:17:19.526 W/ActivityManager( 1630): 	at com.android.server.am.ActivityRecord.getStackLocked(ActivityRecord.java:1332)
06-05 18:17:19.526 W/ActivityManager( 1630): 	at com.android.server.am.ActivityManagerService.getActivityStackId(ActivityManagerService.java:9817)
06-05 18:17:19.526 W/ActivityManager( 1630): 	at android.app.ActivityManagerNative.onTransact(ActivityManagerNative.java:2856)
06-05 18:17:19.526 W/ActivityManager( 1630): 	at com.android.server.am.ActivityManagerService.onTransact(ActivityManagerService.java:2757)
06-05 18:17:19.526 W/ActivityManager( 1630): 	at android.os.Binder.execTransact(Binder.java:565)
06-05 18:17:19.548 W/ActivityManager( 1630): Bad activity token: android.os.BinderProxy@e200053
06-05 18:17:19.548 W/ActivityManager( 1630): java.lang.ClassCastException: android.os.BinderProxy cannot be cast to com.android.server.am.ActivityRecord$Token
06-05 18:17:19.548 W/ActivityManager( 1630): 	at com.android.server.am.ActivityRecord.forTokenLocked(ActivityRecord.java:586)
06-05 18:17:19.548 W/ActivityManager( 1630): 	at com.android.server.am.ActivityRecord.isInStackLocked(ActivityRecord.java:1327)
06-05 18:17:19.548 W/ActivityManager( 1630): 	at com.android.server.am.ActivityManagerService.getActivityOptions(ActivityManagerService.java:12559)
06-05 18:17:19.548 W/ActivityManager( 1630): 	at android.app.ActivityManagerNative.onTransact(ActivityManagerNative.java:1933)
06-05 18:17:19.548 W/ActivityManager( 1630): 	at com.android.server.am.ActivityManagerService.onTransact(ActivityManagerService.java:2757)
06-05 18:17:19.548 W/ActivityManager( 1630): 	at android.os.Binder.execTransact(Binder.java:565)
06-05 18:17:19.549 W/ActivityManager( 1630): Bad activity token: android.os.BinderProxy@e200053
06-05 18:17:19.549 W/ActivityManager( 1630): java.lang.ClassCastException: android.os.BinderProxy cannot be cast to com.android.server.am.ActivityRecord$Token
06-05 18:17:19.549 W/ActivityManager( 1630): 	at com.android.server.am.ActivityRecord.forTokenLocked(ActivityRecord.java:586)
06-05 18:17:19.549 W/ActivityManager( 1630): 	at com.android.server.am.ActivityRecord.isInStackLocked(ActivityRecord.java:1327)
06-05 18:17:19.549 W/ActivityManager( 1630): 	at com.android.server.am.ActivityManagerService.getActivityOptions(ActivityManagerService.java:12559)
06-05 18:17:19.549 W/ActivityManager( 1630): 	at android.app.ActivityManagerNative.onTransact(ActivityManagerNative.java:1933)
06-05 18:17:19.549 W/ActivityManager( 1630): 	at com.android.server.am.ActivityManagerService.onTransact(ActivityManagerService.java:2757)
06-05 18:17:19.549 W/ActivityManager( 1630): 	at android.os.Binder.execTransact(Binder.java:565)
06-05 18:17:19.568 V/PhoneStatusBar( 1712): setLightsOn(true)
06-05 18:17:19.576 D/EGL_emulation( 2099): eglMakeCurrent: 0xb4085240: ver 2 0 (tinfo 0xb40832d0)
06-05 18:17:19.577 D/EGL_emulation( 1712): eglMakeCurrent: 0xb4085540: ver 2 0 (tinfo 0xb4083740)
06-05 18:17:19.592 D/gralloc_ranchu( 1346): gralloc_alloc: Creating ashmem region of size 9023488
06-05 18:17:19.593 D/EGL_emulation( 1712): eglMakeCurrent: 0xb4085540: ver 2 0 (tinfo 0xb4083740)
06-05 18:17:19.599 D/        ( 4905): HostConnection::get() New Host Connection established 0xa4c7c540, tid 4905
06-05 18:17:19.599 D/EGL_emulation( 1712): eglMakeCurrent: 0xb4085540: ver 2 0 (tinfo 0xb4083740)
06-05 18:17:19.600 V/PhoneStatusBar( 1712): setLightsOn(true)
06-05 18:17:19.639 D/EGL_emulation( 1712): eglMakeCurrent: 0xb4085540: ver 2 0 (tinfo 0xb4083740)
06-05 18:17:19.641 D/EGL_emulation( 1712): eglMakeCurrent: 0xb4085540: ver 2 0 (tinfo 0xb4083740)
06-05 18:17:19.643 D/EGL_emulation( 1712): eglMakeCurrent: 0xb4085540: ver 2 0 (tinfo 0xb4083740)
06-05 18:17:19.644 I/WindowManager( 1630): Destroying surface Surface(name=com.evancharlton.mileage/com.evancharlton.mileage.Mileage) called by com.android.server.wm.WindowStateAnimator.destroySurface:2016 com.android.server.wm.WindowStateAnimator.destroySurfaceLocked:882 com.android.server.wm.WindowState.removeLocked:1456 com.android.server.wm.WindowManagerService.removeWindowInnerLocked:2484 com.android.server.wm.AppWindowToken.destroySurfaces:365 com.android.server.wm.WindowStateAnimator.finishExit:565 com.android.server.wm.AppWindowAnimator.stepAnimationLocked:427 com.android.server.wm.WindowAnimator.updateAppWindowsLocked:196 
06-05 18:17:19.644 D/EGL_emulation( 1712): eglMakeCurrent: 0xb4085540: ver 2 0 (tinfo 0xb4083740)
06-05 18:17:19.646 D/EGL_emulation( 1712): eglMakeCurrent: 0xb4085540: ver 2 0 (tinfo 0xb4083740)
06-05 18:17:19.660 D/EGL_emulation( 1712): eglMakeCurrent: 0xb4085540: ver 2 0 (tinfo 0xb4083740)
06-05 18:17:19.662 D/EGL_emulation( 1712): eglMakeCurrent: 0xb4085540: ver 2 0 (tinfo 0xb4083740)
06-05 18:17:19.676 D/EGL_emulation( 1712): eglMakeCurrent: 0xb4085540: ver 2 0 (tinfo 0xb4083740)
06-05 18:17:19.676 D/gralloc_ranchu( 1346): gralloc_alloc: Creating ashmem region of size 9023488
06-05 18:17:19.676 V/PhoneStatusBar( 1712): setLightsOn(true)
06-05 18:17:19.676 I/ActivityManager( 1630): Displayed com.evancharlton.mileage/.Mileage: +167ms
06-05 18:17:19.692 D/EGL_emulation( 1712): eglMakeCurrent: 0xb4085540: ver 2 0 (tinfo 0xb4083740)
06-05 18:17:19.697 D/EGL_emulation( 1712): eglMakeCurrent: 0xb4085540: ver 2 0 (tinfo 0xb4083740)
06-05 18:17:19.706 D/EGL_emulation( 1712): eglMakeCurrent: 0xb4085540: ver 2 0 (tinfo 0xb4083740)
06-05 18:17:19.709 D/EGL_emulation( 1712): eglMakeCurrent: 0xb4085540: ver 2 0 (tinfo 0xb4083740)
06-05 18:17:19.711 D/EGL_emulation( 1712): eglMakeCurrent: 0xb4085540: ver 2 0 (tinfo 0xb4083740)
06-05 18:17:19.726 D/EGL_emulation( 1712): eglMakeCurrent: 0xb4085540: ver 2 0 (tinfo 0xb4083740)
06-05 18:17:19.727 V/PhoneStatusBar( 1712): setLightsOn(true)
06-05 18:17:19.728 D/EGL_emulation( 1712): eglMakeCurrent: 0xb4085540: ver 2 0 (tinfo 0xb4083740)
06-05 18:17:19.734 I/System.out( 4905): URI: //map
06-05 18:17:19.734 I/System.out( 4905): params: {json={"query":"* marked:'Statistics'","operation":{"method_name":"query","arguments":[]}}
06-05 18:17:19.734 I/System.out( 4905): }
06-05 18:17:19.743 D/EGL_emulation( 1712): eglMakeCurrent: 0xb4085540: ver 2 0 (tinfo 0xb4083740)
06-05 18:17:19.744 D/EGL_emulation( 1712): eglMakeCurrent: 0xb4085540: ver 2 0 (tinfo 0xb4083740)
06-05 18:17:19.750 W/ResourceType( 4905): No package identifier when getting name for resource number 0x00000001
06-05 18:17:19.759 D/EGL_emulation( 1712): eglMakeCurrent: 0xb4085540: ver 2 0 (tinfo 0xb4083740)
06-05 18:17:19.761 D/EGL_emulation( 1712): eglMakeCurrent: 0xb4085540: ver 2 0 (tinfo 0xb4083740)
06-05 18:17:19.763 I/System.out( 4905): URI: //gesture
06-05 18:17:19.763 I/System.out( 4905): params: {json={"query_timeout":5.0,"gestures":[{"query_string":"* marked:'Statistics'","touches":[{"x":50,"y":50,"offset_x":0,"offset_y":0,"wait":0.0,"time":0.2,"release":true,"query_string":null}]}]}
06-05 18:17:19.763 I/System.out( 4905): }
06-05 18:17:19.768 W/ResourceType( 4905): No package identifier when getting name for resource number 0x00000001
06-05 18:17:19.776 D/EGL_emulation( 1712): eglMakeCurrent: 0xb4085540: ver 2 0 (tinfo 0xb4083740)
06-05 18:17:19.786 D/EGL_emulation( 1712): eglMakeCurrent: 0xb4085540: ver 2 0 (tinfo 0xb4083740)
06-05 18:17:19.792 D/EGL_emulation( 1712): eglMakeCurrent: 0xb4085540: ver 2 0 (tinfo 0xb4083740)
06-05 18:17:19.800 D/EGL_emulation( 1712): eglMakeCurrent: 0xb4085540: ver 2 0 (tinfo 0xb4083740)
06-05 18:17:19.877 I/WindowManager( 1630): Destroying surface Surface(name=Starting com.evancharlton.mileage) called by com.android.server.wm.WindowStateAnimator.destroySurface:2016 com.android.server.wm.WindowStateAnimator.destroySurfaceLocked:882 com.android.server.wm.WindowState.destroyOrSaveSurface:2100 com.android.server.wm.AppWindowToken.destroySurfaces:363 com.android.server.wm.WindowStateAnimator.finishExit:565 com.android.server.wm.WindowStateAnimator.stepAnimationLocked:491 com.android.server.wm.WindowAnimator.updateWindowsLocked:303 com.android.server.wm.WindowAnimator.animateLocked:704 
06-05 18:17:19.882 V/PhoneStatusBar( 1712): setLightsOn(true)
06-05 18:17:19.910 V/PhoneStatusBar( 1712): setLightsOn(true)
06-05 18:17:19.977 V/PhoneStatusBar( 1712): setLightsOn(true)
06-05 18:17:19.979 I/WindowManager( 1630): Destroying surface Surface(name=Toast) called by com.android.server.wm.WindowStateAnimator.destroySurface:2016 com.android.server.wm.WindowStateAnimator.destroySurfaceLocked:882 com.android.server.wm.WindowState.destroyOrSaveSurface:2100 com.android.server.wm.WindowSurfacePlacer.performSurfacePlacementInner:429 com.android.server.wm.WindowSurfacePlacer.performSurfacePlacementLoop:232 com.android.server.wm.WindowSurfacePlacer.performSurfacePlacement:180 com.android.server.wm.WindowManagerService$H.handleMessage:8086 android.os.Handler.dispatchMessage:102 
06-05 18:17:19.982 V/PhoneStatusBar( 1712): setLightsOn(true)
06-05 18:17:20.000 I/calabash( 4905): newActivity1
06-05 18:17:20.045 V/PhoneStatusBar( 1712): setLightsOn(true)
06-05 18:17:20.053 I/System.out( 4905): URI: //map
06-05 18:17:20.053 I/System.out( 4905): params: {json={"query":"android.widget.ScrollView index:0","operation":{"method_name":"query","arguments":[]}}
06-05 18:17:20.053 I/System.out( 4905): }
06-05 18:17:20.071 W/ActivityManager( 1630): Bad activity token: android.os.BinderProxy@476c3f9
06-05 18:17:20.071 W/ActivityManager( 1630): java.lang.ClassCastException: android.os.BinderProxy cannot be cast to com.android.server.am.ActivityRecord$Token
06-05 18:17:20.071 W/ActivityManager( 1630): 	at com.android.server.am.ActivityRecord.forTokenLocked(ActivityRecord.java:586)
06-05 18:17:20.071 W/ActivityManager( 1630): 	at com.android.server.am.ActivityRecord.isInStackLocked(ActivityRecord.java:1327)
06-05 18:17:20.071 W/ActivityManager( 1630): 	at com.android.server.am.ActivityRecord.getStackLocked(ActivityRecord.java:1332)
06-05 18:17:20.071 W/ActivityManager( 1630): 	at com.android.server.am.ActivityManagerService.getActivityDisplayId(ActivityManagerService.java:9806)
06-05 18:17:20.071 W/ActivityManager( 1630): 	at android.app.ActivityManagerNative.onTransact(ActivityManagerNative.java:2566)
06-05 18:17:20.071 W/ActivityManager( 1630): 	at com.android.server.am.ActivityManagerService.onTransact(ActivityManagerService.java:2757)
06-05 18:17:20.071 W/ActivityManager( 1630): 	at android.os.Binder.execTransact(Binder.java:565)
06-05 18:17:20.074 W/ActivityManager( 1630): Bad activity token: android.os.BinderProxy@476c3f9
06-05 18:17:20.074 W/ActivityManager( 1630): java.lang.ClassCastException: android.os.BinderProxy cannot be cast to com.android.server.am.ActivityRecord$Token
06-05 18:17:20.074 W/ActivityManager( 1630): 	at com.android.server.am.ActivityRecord.forTokenLocked(ActivityRecord.java:586)
06-05 18:17:20.074 W/ActivityManager( 1630): 	at com.android.server.am.ActivityRecord.isInStackLocked(ActivityRecord.java:1327)
06-05 18:17:20.074 W/ActivityManager( 1630): 	at com.android.server.am.ActivityManagerService.setTaskDescription(ActivityManagerService.java:9358)
06-05 18:17:20.074 W/ActivityManager( 1630): 	at android.app.ActivityManagerNative.onTransact(ActivityManagerNative.java:2639)
06-05 18:17:20.074 W/ActivityManager( 1630): 	at com.android.server.am.ActivityManagerService.onTransact(ActivityManagerService.java:2757)
06-05 18:17:20.074 W/ActivityManager( 1630): 	at android.os.Binder.execTransact(Binder.java:565)
06-05 18:17:20.076 W/ActivityManager( 1630): Bad activity token: android.os.BinderProxy@476c3f9
06-05 18:17:20.076 W/ActivityManager( 1630): java.lang.ClassCastException: android.os.BinderProxy cannot be cast to com.android.server.am.ActivityRecord$Token
06-05 18:17:20.076 W/ActivityManager( 1630): 	at com.android.server.am.ActivityRecord.forTokenLocked(ActivityRecord.java:586)
06-05 18:17:20.076 W/ActivityManager( 1630): 	at com.android.server.am.ActivityRecord.isInStackLocked(ActivityRecord.java:1327)
06-05 18:17:20.076 W/ActivityManager( 1630): 	at com.android.server.am.ActivityRecord.getStackLocked(ActivityRecord.java:1332)
06-05 18:17:20.076 W/ActivityManager( 1630): 	at com.android.server.am.ActivityManagerService.getActivityStackId(ActivityManagerService.java:9817)
06-05 18:17:20.076 W/ActivityManager( 1630): 	at android.app.ActivityManagerNative.onTransact(ActivityManagerNative.java:2856)
06-05 18:17:20.076 W/ActivityManager( 1630): 	at com.android.server.am.ActivityManagerService.onTransact(ActivityManagerService.java:2757)
06-05 18:17:20.076 W/ActivityManager( 1630): 	at android.os.Binder.execTransact(Binder.java:565)
06-05 18:17:20.097 D/VehicleStatisticsActivity( 4905): Checking recalculation ...
06-05 18:17:20.100 D/VehicleStatisticsActivity( 4905): Recalculation not necessary.
06-05 18:17:20.111 W/ActivityManager( 1630): Bad activity token: android.os.BinderProxy@476c3f9
06-05 18:17:20.111 W/ActivityManager( 1630): java.lang.ClassCastException: android.os.BinderProxy cannot be cast to com.android.server.am.ActivityRecord$Token
06-05 18:17:20.111 W/ActivityManager( 1630): 	at com.android.server.am.ActivityRecord.forTokenLocked(ActivityRecord.java:586)
06-05 18:17:20.111 W/ActivityManager( 1630): 	at com.android.server.am.ActivityRecord.isInStackLocked(ActivityRecord.java:1327)
06-05 18:17:20.111 W/ActivityManager( 1630): 	at com.android.server.am.ActivityManagerService.getActivityOptions(ActivityManagerService.java:12559)
06-05 18:17:20.111 W/ActivityManager( 1630): 	at android.app.ActivityManagerNative.onTransact(ActivityManagerNative.java:1933)
06-05 18:17:20.111 W/ActivityManager( 1630): 	at com.android.server.am.ActivityManagerService.onTransact(ActivityManagerService.java:2757)
06-05 18:17:20.111 W/ActivityManager( 1630): 	at android.os.Binder.execTransact(Binder.java:565)
06-05 18:17:20.112 W/ActivityManager( 1630): Bad activity token: android.os.BinderProxy@476c3f9
06-05 18:17:20.112 W/ActivityManager( 1630): java.lang.ClassCastException: android.os.BinderProxy cannot be cast to com.android.server.am.ActivityRecord$Token
06-05 18:17:20.112 W/ActivityManager( 1630): 	at com.android.server.am.ActivityRecord.forTokenLocked(ActivityRecord.java:586)
06-05 18:17:20.112 W/ActivityManager( 1630): 	at com.android.server.am.ActivityRecord.isInStackLocked(ActivityRecord.java:1327)
06-05 18:17:20.112 W/ActivityManager( 1630): 	at com.android.server.am.ActivityManagerService.getActivityOptions(ActivityManagerService.java:12559)
06-05 18:17:20.112 W/ActivityManager( 1630): 	at android.app.ActivityManagerNative.onTransact(ActivityManagerNative.java:1933)
06-05 18:17:20.112 W/ActivityManager( 1630): 	at com.android.server.am.ActivityManagerService.onTransact(ActivityManagerService.java:2757)
06-05 18:17:20.112 W/ActivityManager( 1630): 	at android.os.Binder.execTransact(Binder.java:565)
06-05 18:17:20.116 D/VehicleStatisticsActivity( 4905): Checking recalculation ...
06-05 18:17:20.118 D/VehicleStatisticsActivity( 4905): Recalculation not necessary.
06-05 18:17:20.226 V/PhoneStatusBar( 1712): setLightsOn(true)
06-05 18:17:20.228 I/System.out( 4905): URI: //map
06-05 18:17:20.228 I/System.out( 4905): params: {json={"query":"android.widget.AbsListView index:0","operation":{"method_name":"query","arguments":[]}}
06-05 18:17:20.228 I/System.out( 4905): }
06-05 18:17:20.238 I/art     ( 4905): Do partial code cache collection, code=30KB, data=29KB
06-05 18:17:20.238 I/art     ( 4905): After code cache collection, code=29KB, data=28KB
06-05 18:17:20.238 I/art     ( 4905): Increasing code cache capacity to 128KB
06-05 18:17:20.256 I/System.out( 4905): URI: //map
06-05 18:17:20.256 I/System.out( 4905): params: {json={"query":"android.widget.AbsListView index:0","operation":{"method_name":"query","arguments":[]}}
06-05 18:17:20.256 I/System.out( 4905): }
06-05 18:17:20.287 I/System.out( 4905): URI: //map
06-05 18:17:20.287 I/System.out( 4905): params: {json={"query":"android.widget.AbsListView index:0","operation":{"method_name":"query","arguments":[]}}
06-05 18:17:20.287 I/System.out( 4905): }
06-05 18:17:20.315 I/System.out( 4905): URI: //map
06-05 18:17:20.315 I/System.out( 4905): params: {json={"query":"android.widget.AbsListView index:0","operation":{"method_name":"query","arguments":["getFirstVisiblePosition"]}}
06-05 18:17:20.315 I/System.out( 4905): }
06-05 18:17:20.326 V/PhoneStatusBar( 1712): setLightsOn(true)
06-05 18:17:20.328 V/PhoneStatusBar( 1712): setLightsOn(true)
06-05 18:17:20.330 W/OpenGLRenderer( 2099): Incorrectly called buildLayer on View: ShortcutAndWidgetContainer, destroying layer...
06-05 18:17:20.339 I/System.out( 4905): URI: //map
06-05 18:17:20.339 I/System.out( 4905): params: {json={"query":"android.widget.AbsListView index:0","operation":{"method_name":"query","arguments":["getLastVisiblePosition"]}}
06-05 18:17:20.339 I/System.out( 4905): }
06-05 18:17:20.343 V/PhoneStatusBar( 1712): setLightsOn(true)
06-05 18:17:20.344 I/WindowManager( 1630): Destroying surface Surface(name=com.android.launcher3/com.android.launcher3.Launcher) called by com.android.server.wm.WindowStateAnimator.destroySurface:2016 com.android.server.wm.WindowStateAnimator.destroySurfaceLocked:882 com.android.server.wm.WindowState.destroyOrSaveSurface:2100 com.android.server.wm.AppWindowToken.destroySurfaces:363 com.android.server.wm.AppWindowToken.notifyAppStopped:389 com.android.server.wm.WindowManagerService.notifyAppStopped:4463 com.android.server.am.ActivityStack.activityStoppedLocked:1252 com.android.server.am.ActivityManagerService.activityStopped:6903 
06-05 18:17:20.361 I/System.out( 4905): URI: //map
06-05 18:17:20.361 I/System.out( 4905): params: {json={"query":"android.widget.AbsListView index:0","operation":{"method_name":"query","arguments":[{"method_name":"setSelection","arguments":[26]}]}}
06-05 18:17:20.361 I/System.out( 4905): }
06-05 18:17:20.392 I/System.out( 4905): URI: //map
06-05 18:17:20.392 I/System.out( 4905): params: {json={"query":"* marked:'Average cost per mi'","operation":{"method_name":"query","arguments":[]}}
06-05 18:17:20.392 I/System.out( 4905): }
06-05 18:17:20.438 D/gralloc_ranchu( 1346): gralloc_alloc: Creating ashmem region of size 9023488
06-05 18:17:20.488 W/ResourceType( 4905): No package identifier when getting name for resource number 0x00000001
06-05 18:17:20.507 I/System.out( 4905): URI: //gesture
06-05 18:17:20.507 I/System.out( 4905): params: {json={"query_timeout":5.0,"gestures":[{"query_string":"* marked:'Average cost per mi'","touches":[{"x":50,"y":50,"offset_x":0,"offset_y":0,"wait":0.0,"time":0.2,"release":true,"query_string":null}]}]}
06-05 18:17:20.507 I/System.out( 4905): }
06-05 18:17:20.513 W/ResourceType( 4905): No package identifier when getting name for resource number 0x00000001
06-05 18:17:20.720 W/NotificationService( 1630): Object died trying to hide notification android.app.ITransientNotification$Stub$Proxy@b3958bb in package com.evancharlton.mileage
06-05 18:17:20.778 I/System.out( 4905): URI: //map
06-05 18:17:20.778 I/System.out( 4905): params: {json={"query":"* {text CONTAINS[c] 'No chart for this statistic (yet!)'}","operation":{"method_name":"query","arguments":[]}}
06-05 18:17:20.778 I/System.out( 4905): }
06-05 18:17:20.828 V/PhoneStatusBar( 1712): setLightsOn(true)
06-05 18:17:20.843 V/PhoneStatusBar( 1712): setLightsOn(true)
06-05 18:17:20.888 D/gralloc_ranchu( 1346): gralloc_alloc: Creating ashmem region of size 327680
06-05 18:17:20.892 V/PhoneStatusBar( 1712): setLightsOn(true)
06-05 18:17:20.910 V/PhoneStatusBar( 1712): setLightsOn(true)
06-05 18:17:21.196 I/System.out( 4905): URI: //map
06-05 18:17:21.196 I/System.out( 4905): params: {json={"query":"* {text CONTAINS[c] 'No chart for this statistic (yet!)'}","operation":{"method_name":"query","arguments":[]}}
06-05 18:17:21.196 I/System.out( 4905): }
