--------- beginning of main
06-05 18:32:38.739 V/PhoneStatusBar( 1711): setLightsOn(true)
06-05 18:32:38.740 V/PhoneStatusBar( 1711): setLightsOn(true)
--------- beginning of system
06-05 18:32:38.740 W/ActivityManager( 1629): Finishing task with all activities already finished
06-05 18:32:38.740 W/ActivityManager( 1629): Duplicate finish request for ActivityRecord{43f5606 u0 com.evancharlton.mileage/.Mileage t3045 f}
06-05 18:32:38.756 D/gralloc_ranchu( 1346): gralloc_alloc: Creating ashmem region of size 3145728
06-05 18:32:38.761 E/EGL_emulation( 1346): tid 1346: eglCreateSyncKHR(1901): error 0x3004 (EGL_BAD_ATTRIBUTE)
06-05 18:32:38.777 W/ActivityManager( 1629): Finishing task with all activities already finished
06-05 18:32:38.777 W/ActivityManager( 1629): Duplicate finish request for ActivityRecord{43f5606 u0 com.evancharlton.mileage/.Mileage t3045 f}
06-05 18:32:38.777 W/ActivityManager( 1629): Finishing task with all activities already finished
06-05 18:32:38.777 W/ActivityManager( 1629): Duplicate finish request for ActivityRecord{43f5606 u0 com.evancharlton.mileage/.Mileage t3045 f}
06-05 18:32:38.779 D/EGL_emulation( 1711): eglMakeCurrent: 0xa5b6bd80: ver 2 0 (tinfo 0xb1367140)
06-05 18:32:38.787 D/EGL_emulation( 1711): eglMakeCurrent: 0xa5b6bd80: ver 2 0 (tinfo 0xb1367140)
06-05 18:32:38.789 D/EGL_emulation( 2150): eglMakeCurrent: 0xb4f852a0: ver 2 0 (tinfo 0xb4f832e0)
06-05 18:32:38.805 D/EGL_emulation( 1711): eglMakeCurrent: 0xa5b6bd80: ver 2 0 (tinfo 0xb1367140)
06-05 18:32:38.821 D/EGL_emulation( 1711): eglMakeCurrent: 0xa5b6bd80: ver 2 0 (tinfo 0xb1367140)
06-05 18:32:38.823 D/EGL_emulation( 1711): eglMakeCurrent: 0xa5b6bd80: ver 2 0 (tinfo 0xb1367140)
06-05 18:32:38.837 D/EGL_emulation( 1711): eglMakeCurrent: 0xa5b6bd80: ver 2 0 (tinfo 0xb1367140)
06-05 18:32:38.839 D/EGL_emulation( 1711): eglMakeCurrent: 0xa5b6bd80: ver 2 0 (tinfo 0xb1367140)
06-05 18:32:38.854 D/EGL_emulation( 1711): eglMakeCurrent: 0xa5b6bd80: ver 2 0 (tinfo 0xb1367140)
06-05 18:32:38.856 D/EGL_emulation( 1711): eglMakeCurrent: 0xa5b6bd80: ver 2 0 (tinfo 0xb1367140)
06-05 18:32:38.857 D/AndroidRuntime( 3397): >>>>>> START com.android.internal.os.RuntimeInit uid 2000 <<<<<<
06-05 18:32:38.859 D/AndroidRuntime( 3397): CheckJNI is ON
06-05 18:32:38.871 D/EGL_emulation( 1711): eglMakeCurrent: 0xa5b6bd80: ver 2 0 (tinfo 0xb1367140)
06-05 18:32:38.872 W/art     ( 3397): Unexpected CPU variant for X86 using defaults: x86
06-05 18:32:38.872 D/EGL_emulation( 1711): eglMakeCurrent: 0xa5b6bd80: ver 2 0 (tinfo 0xb1367140)
06-05 18:32:38.874 D/ICU     ( 3397): No timezone override file found: /data/misc/zoneinfo/current/icu/icu_tzdata.dat
06-05 18:32:38.883 E/memtrack( 3397): Couldn't load memtrack module (No such file or directory)
06-05 18:32:38.883 E/android.os.Debug( 3397): failed to load memtrack module: -2
06-05 18:32:38.883 I/Radio-JNI( 3397): register_android_hardware_Radio DONE
06-05 18:32:38.887 D/EGL_emulation( 1711): eglMakeCurrent: 0xa5b6bd80: ver 2 0 (tinfo 0xb1367140)
06-05 18:32:38.887 D/AndroidRuntime( 3397): Calling main entry com.android.commands.am.Am
06-05 18:32:38.889 I/ActivityManager( 1629): Force stopping com.evancharlton.mileage appid=10160 user=0: start instr
06-05 18:32:38.889 I/ActivityManager( 1629): Killing 3349:com.evancharlton.mileage/u0a160 (adj 0): stop com.evancharlton.mileage
06-05 18:32:38.889 D/ActivityManager( 1629): cleanUpApplicationRecord -- 3349
06-05 18:32:38.889 D/EGL_emulation( 1711): eglMakeCurrent: 0xa5b6bd80: ver 2 0 (tinfo 0xb1367140)
06-05 18:32:38.890 W/ActivityManager( 1629): Crash of app com.evancharlton.mileage running instrumentation ComponentInfo{com.evancharlton.mileage.test/sh.calaba.instrumentationbackend.CalabashInstrumentationTestRunner}
06-05 18:32:38.890 I/ActivityManager( 1629): Force stopping com.evancharlton.mileage appid=10160 user=0: finished inst
06-05 18:32:38.893 I/art     ( 3408): Not late-enabling -Xcheck:jni (already on)
06-05 18:32:38.893 W/art     ( 3408): Unexpected CPU variant for X86 using defaults: x86
06-05 18:32:38.901 I/ActivityManager( 1629): Start proc 3408:com.evancharlton.mileage/u0a160 for added application com.evancharlton.mileage
06-05 18:32:38.901 D/AndroidRuntime( 3397): Shutting down VM
06-05 18:32:38.904 D/EGL_emulation( 1711): eglMakeCurrent: 0xa5b6bd80: ver 2 0 (tinfo 0xb1367140)
06-05 18:32:38.906 D/EGL_emulation( 1711): eglMakeCurrent: 0xa5b6bd80: ver 2 0 (tinfo 0xb1367140)
06-05 18:32:38.911 W/System  ( 3408): ClassLoader referenced unknown path: /data/app/com.evancharlton.mileage.test-1/lib/x86
06-05 18:32:38.911 W/System  ( 3408): ClassLoader referenced unknown path: /data/app/com.evancharlton.mileage-1/lib/x86
06-05 18:32:38.913 W/System  ( 3408): ClassLoader referenced unknown path: 
06-05 18:32:38.916 I/System.out( 3408): Main activity name automatically set to: com.evancharlton.mileage.Mileage
06-05 18:32:38.917 I/System.out( 3408): Calabash did not load Mono. This is only a problem if you are trying to test a Mono application
06-05 18:32:38.917 I/calabash( 3408): Test server port: 7102
06-05 18:32:38.917 I/InstrumentationBackend( 3408): Added:'GetPreferences', with key:'get_preferences'
06-05 18:32:38.920 D/EGL_emulation( 1711): eglMakeCurrent: 0xa5b6bd80: ver 2 0 (tinfo 0xb1367140)
06-05 18:32:38.921 I/InstrumentationBackend( 3408): Added:'SetPreferences', with key:'set_preferences'
06-05 18:32:38.921 I/InstrumentationBackend( 3408): Added:'ClearPreferences', with key:'clear_preferences'
06-05 18:32:38.921 I/InstrumentationBackend( 3408): Added:'PressElement', with key:'press_l10n_element'
06-05 18:32:38.921 I/InstrumentationBackend( 3408): Added:'WaitForElement', with key:'wait_for_l10n_element'
06-05 18:32:38.921 I/InstrumentationBackend( 3408): Added:'NullAction', with key:'nullAction'
06-05 18:32:38.921 I/InstrumentationBackend( 3408): Added:'PressKey', with key:'press_key'
06-05 18:32:38.921 I/InstrumentationBackend( 3408): Added:'SetActivityOrientation', with key:'set_activity_orientation'
06-05 18:32:38.921 I/InstrumentationBackend( 3408): Added:'GetActivityOrientation', with key:'get_activity_orientation'
06-05 18:32:38.921 I/InstrumentationBackend( 3408): Added:'FakeGPSLocation', with key:'set_gps_coordinates'
06-05 18:32:38.921 I/InstrumentationBackend( 3408): Added:'SetPropertyByCssSelector', with key:'set_property_by_css_selector'
06-05 18:32:38.921 I/InstrumentationBackend( 3408): Added:'GetUrl', with key:'get_url'
06-05 18:32:38.922 I/InstrumentationBackend( 3408): Added:'ScrollTo', with key:'scroll_to'
06-05 18:32:38.922 I/InstrumentationBackend( 3408): Added:'GetLoadProgress', with key:'get_load_progress'
06-05 18:32:38.922 I/InstrumentationBackend( 3408): Added:'DumpHtml', with key:'dump_html'
06-05 18:32:38.922 I/InstrumentationBackend( 3408): Added:'DumpBodyHtml', with key:'dump_body_html'
06-05 18:32:38.922 I/InstrumentationBackend( 3408): Added:'EnterTextByCssSelector', with key:'enter_text_by_selector'
06-05 18:32:38.922 D/EGL_emulation( 1711): eglMakeCurrent: 0xa5b6bd80: ver 2 0 (tinfo 0xb1367140)
06-05 18:32:38.922 I/InstrumentationBackend( 3408): Added:'AndroidSDKVersion', with key:'android_sdk_version'
06-05 18:32:38.922 I/InstrumentationBackend( 3408): Added:'Version', with key:'version'
06-05 18:32:38.922 I/InstrumentationBackend( 3408): Added:'Drag', with key:'drag'
06-05 18:32:38.922 I/InstrumentationBackend( 3408): Added:'TouchCoordinates', with key:'touch_coordinate'
06-05 18:32:38.922 I/InstrumentationBackend( 3408): Added:'LongPressCoordinate', with key:'long_press_coordinate'
06-05 18:32:38.922 I/InstrumentationBackend( 3408): Added:'DragCoordinates', with key:'drag_coordinates'
06-05 18:32:38.922 I/InstrumentationBackend( 3408): Added:'ResumeApplication', with key:'resume_application'
06-05 18:32:38.922 I/InstrumentationBackend( 3408): Added:'Swipe', with key:'swipe'
06-05 18:32:38.922 I/InstrumentationBackend( 3408): Added:'DoubleTapCoordinate', with key:'double_tap_coordinate'
06-05 18:32:38.922 I/InstrumentationBackend( 3408): Added:'ClickOnScreen', with key:'click_on_screen'
06-05 18:32:38.923 I/InstrumentationBackend( 3408): Added:'GetActivityName', with key:'get_activity_name'
06-05 18:32:38.923 I/InstrumentationBackend( 3408): Added:'ScrollToView', with key:'scroll_to_view'
06-05 18:32:38.923 I/InstrumentationBackend( 3408): Added:'ViewConfiguration', with key:'view_configuration'
06-05 18:32:38.923 I/InstrumentationBackend( 3408): Added:'IsCurrentActivityFocused', with key:'is_current_activity_focused'
06-05 18:32:38.923 I/InstrumentationBackend( 3408): Added:'SendTcp', with key:'send_tcp'
06-05 18:32:38.923 I/InstrumentationBackend( 3408): Added:'DpToDevicePixel', with key:'dp_to_device_pixel'
06-05 18:32:38.923 I/InstrumentationBackend( 3408): Added:'KeyboardEnterText', with key:'keyboard_enter_text'
06-05 18:32:38.923 I/InstrumentationBackend( 3408): Added:'DeleteSurroundingText', with key:'delete_surrounding_text'
06-05 18:32:38.923 I/InstrumentationBackend( 3408): Added:'SetComposingRegion', with key:'set_composing_region'
06-05 18:32:38.923 I/InstrumentationBackend( 3408): Added:'SetSelection', with key:'set_selection'
06-05 18:32:38.923 I/InstrumentationBackend( 3408): Added:'KeyboardKeyEvent', with key:'keyboard_key_event'
06-05 18:32:38.923 I/InstrumentationBackend( 3408): Added:'PressUserActionButton', with key:'press_user_action_button'
06-05 18:32:38.923 I/InstrumentationBackend( 3408): Added:'HideSoftKeyboard', with key:'hide_soft_keyboard'
06-05 18:32:38.923 I/InstrumentationBackend( 3408): Added:'ListActions', with key:'list_actions'
06-05 18:32:38.923 I/calabash( 3408): Instantiating http server at 7102
06-05 18:32:38.924 I/System.out( 3408): HTTP Daemon listening on: 7102
06-05 18:32:38.937 D/EGL_emulation( 1711): eglMakeCurrent: 0xa5b6bd80: ver 2 0 (tinfo 0xb1367140)
06-05 18:32:38.939 D/EGL_emulation( 1711): eglMakeCurrent: 0xa5b6bd80: ver 2 0 (tinfo 0xb1367140)
06-05 18:32:38.951 I/WindowManager( 1629): WIN DEATH: Window{e3b7e42 u0 com.evancharlton.mileage/com.evancharlton.mileage.Mileage EXITING}
06-05 18:32:38.951 W/InputDispatcher( 1629): channel '44544a8 AtchDlg:com.evancharlton.mileage/com.evancharlton.mileage.FillupActivity (server)' ~ Consumer closed input channel or an error occurred.  events=0x9
06-05 18:32:38.951 E/InputDispatcher( 1629): channel '44544a8 AtchDlg:com.evancharlton.mileage/com.evancharlton.mileage.FillupActivity (server)' ~ Channel is unrecoverably broken and will be disposed!
06-05 18:32:38.952 I/WindowManager( 1629): WIN DEATH: Window{44544a8 u0 AtchDlg:com.evancharlton.mileage/com.evancharlton.mileage.FillupActivity EXITING}
06-05 18:32:38.952 W/InputDispatcher( 1629): Attempted to unregister already unregistered input channel '44544a8 AtchDlg:com.evancharlton.mileage/com.evancharlton.mileage.FillupActivity (server)'
06-05 18:32:38.960 D/EGL_emulation( 1711): eglMakeCurrent: 0xa5b6bd80: ver 2 0 (tinfo 0xb1367140)
06-05 18:32:38.963 D/EGL_emulation( 1711): eglMakeCurrent: 0xa5b6bd80: ver 2 0 (tinfo 0xb1367140)
06-05 18:32:38.971 D/EGL_emulation( 1711): eglMakeCurrent: 0xa5b6bd80: ver 2 0 (tinfo 0xb1367140)
06-05 18:32:38.973 D/EGL_emulation( 1711): eglMakeCurrent: 0xa5b6bd80: ver 2 0 (tinfo 0xb1367140)
06-05 18:32:38.988 D/EGL_emulation( 1711): eglMakeCurrent: 0xa5b6bd80: ver 2 0 (tinfo 0xb1367140)
06-05 18:32:39.004 D/EGL_emulation( 1711): eglMakeCurrent: 0xa5b6bd80: ver 2 0 (tinfo 0xb1367140)
06-05 18:32:39.006 D/EGL_emulation( 1711): eglMakeCurrent: 0xa5b6bd80: ver 2 0 (tinfo 0xb1367140)
06-05 18:32:39.013 I/System.out( 3408): URI: //ping
06-05 18:32:39.013 I/System.out( 3408): params: {json={}
06-05 18:32:39.013 I/System.out( 3408): }
06-05 18:32:39.017 I/System.out( 3408): URI: //ping
06-05 18:32:39.017 I/System.out( 3408): params: {json={}
06-05 18:32:39.017 I/System.out( 3408): }
06-05 18:32:39.019 I/System.out( 3408): URI: //ready
06-05 18:32:39.019 I/System.out( 3408): params: {json={}
06-05 18:32:39.019 I/System.out( 3408): }
06-05 18:32:39.022 I/System.out( 3408): URI: //
06-05 18:32:39.022 I/System.out( 3408): params: {json={"command":"version","arguments":[]}
06-05 18:32:39.022 I/System.out( 3408): }
06-05 18:32:39.022 I/System.out( 3408): header: {content-type=application/json;charset=utf-8, date=Fri, 05 Jun 2020 23:32:39 GMT, accept=*/*, host=127.0.0.1:34783, content-length=36, user-agent=HTTPClient/1.0 (2.8.3, ruby 2.5.1 (2018-03-29))}
06-05 18:32:39.022 I/System.out( 3408): params: {json={"command":"version","arguments":[]}
06-05 18:32:39.022 I/System.out( 3408): }
06-05 18:32:39.022 I/System.out( 3408): ProP json = {"command":"version","arguments":[]}
06-05 18:32:39.022 I/System.out( 3408): files: {}
06-05 18:32:39.022 I/System.out( 3408): command: {"command":"version","arguments":[]}
06-05 18:32:39.025 I/InstrumentationBackend( 3408): Got command:'Command:'Line:null,version', arguments:'[]'
06-05 18:32:39.032 I/System.out( 3408): result:{"bonusInformation":[],"message":"0.9.8","success":true}
06-05 18:32:39.034 I/System.out( 3408): URI: //start-application
06-05 18:32:39.034 I/System.out( 3408): params: {json={"intent":null}
06-05 18:32:39.034 I/System.out( 3408): }
06-05 18:32:39.043 I/ActivityManager( 1629): START u0 {act=android.intent.action.MAIN cat=[android.intent.category.LAUNCHER] flg=0x10200000 cmp=com.evancharlton.mileage/.Mileage} from uid 10160 on display 0
06-05 18:32:39.052 I/calabash( 3408): newActivity1
06-05 18:32:39.062 I/calabash( 3408): newActivity1
06-05 18:32:39.064 W/ActivityManager( 1629): Bad activity token: android.os.BinderProxy@bdf45a2
06-05 18:32:39.064 W/ActivityManager( 1629): java.lang.ClassCastException: android.os.BinderProxy cannot be cast to com.android.server.am.ActivityRecord$Token
06-05 18:32:39.064 W/ActivityManager( 1629): 	at com.android.server.am.ActivityRecord.forTokenLocked(ActivityRecord.java:586)
06-05 18:32:39.064 W/ActivityManager( 1629): 	at com.android.server.am.ActivityRecord.isInStackLocked(ActivityRecord.java:1327)
06-05 18:32:39.064 W/ActivityManager( 1629): 	at com.android.server.am.ActivityRecord.getStackLocked(ActivityRecord.java:1332)
06-05 18:32:39.064 W/ActivityManager( 1629): 	at com.android.server.am.ActivityManagerService.getActivityDisplayId(ActivityManagerService.java:9806)
06-05 18:32:39.064 W/ActivityManager( 1629): 	at android.app.ActivityManagerNative.onTransact(ActivityManagerNative.java:2566)
06-05 18:32:39.064 W/ActivityManager( 1629): 	at com.android.server.am.ActivityManagerService.onTransact(ActivityManagerService.java:2757)
06-05 18:32:39.064 W/ActivityManager( 1629): 	at android.os.Binder.execTransact(Binder.java:565)
06-05 18:32:39.066 W/ActivityManager( 1629): Bad activity token: android.os.BinderProxy@bdf45a2
06-05 18:32:39.066 W/ActivityManager( 1629): java.lang.ClassCastException: android.os.BinderProxy cannot be cast to com.android.server.am.ActivityRecord$Token
06-05 18:32:39.066 W/ActivityManager( 1629): 	at com.android.server.am.ActivityRecord.forTokenLocked(ActivityRecord.java:586)
06-05 18:32:39.066 W/ActivityManager( 1629): 	at com.android.server.am.ActivityRecord.isInStackLocked(ActivityRecord.java:1327)
06-05 18:32:39.066 W/ActivityManager( 1629): 	at com.android.server.am.ActivityManagerService.setTaskDescription(ActivityManagerService.java:9358)
06-05 18:32:39.066 W/ActivityManager( 1629): 	at android.app.ActivityManagerNative.onTransact(ActivityManagerNative.java:2639)
06-05 18:32:39.066 W/ActivityManager( 1629): 	at com.android.server.am.ActivityManagerService.onTransact(ActivityManagerService.java:2757)
06-05 18:32:39.066 W/ActivityManager( 1629): 	at android.os.Binder.execTransact(Binder.java:565)
06-05 18:32:39.066 W/ActivityManager( 1629): Bad activity token: android.os.BinderProxy@bdf45a2
06-05 18:32:39.066 W/ActivityManager( 1629): java.lang.ClassCastException: android.os.BinderProxy cannot be cast to com.android.server.am.ActivityRecord$Token
06-05 18:32:39.066 W/ActivityManager( 1629): 	at com.android.server.am.ActivityRecord.forTokenLocked(ActivityRecord.java:586)
06-05 18:32:39.066 W/ActivityManager( 1629): 	at com.android.server.am.ActivityRecord.isInStackLocked(ActivityRecord.java:1327)
06-05 18:32:39.066 W/ActivityManager( 1629): 	at com.android.server.am.ActivityRecord.getStackLocked(ActivityRecord.java:1332)
06-05 18:32:39.066 W/ActivityManager( 1629): 	at com.android.server.am.ActivityManagerService.getActivityStackId(ActivityManagerService.java:9817)
06-05 18:32:39.066 W/ActivityManager( 1629): 	at android.app.ActivityManagerNative.onTransact(ActivityManagerNative.java:2856)
06-05 18:32:39.066 W/ActivityManager( 1629): 	at com.android.server.am.ActivityManagerService.onTransact(ActivityManagerService.java:2757)
06-05 18:32:39.066 W/ActivityManager( 1629): 	at android.os.Binder.execTransact(Binder.java:565)
06-05 18:32:39.071 D/gralloc_ranchu( 1346): gralloc_alloc: Creating ashmem region of size 9023488
06-05 18:32:39.090 W/ActivityManager( 1629): Bad activity token: android.os.BinderProxy@bdf45a2
06-05 18:32:39.090 W/ActivityManager( 1629): java.lang.ClassCastException: android.os.BinderProxy cannot be cast to com.android.server.am.ActivityRecord$Token
06-05 18:32:39.090 W/ActivityManager( 1629): 	at com.android.server.am.ActivityRecord.forTokenLocked(ActivityRecord.java:586)
06-05 18:32:39.090 W/ActivityManager( 1629): 	at com.android.server.am.ActivityRecord.isInStackLocked(ActivityRecord.java:1327)
06-05 18:32:39.090 W/ActivityManager( 1629): 	at com.android.server.am.ActivityManagerService.getActivityOptions(ActivityManagerService.java:12559)
06-05 18:32:39.090 W/ActivityManager( 1629): 	at android.app.ActivityManagerNative.onTransact(ActivityManagerNative.java:1933)
06-05 18:32:39.090 W/ActivityManager( 1629): 	at com.android.server.am.ActivityManagerService.onTransact(ActivityManagerService.java:2757)
06-05 18:32:39.090 W/ActivityManager( 1629): 	at android.os.Binder.execTransact(Binder.java:565)
06-05 18:32:39.090 W/ActivityManager( 1629): Bad activity token: android.os.BinderProxy@bdf45a2
06-05 18:32:39.090 W/ActivityManager( 1629): java.lang.ClassCastException: android.os.BinderProxy cannot be cast to com.android.server.am.ActivityRecord$Token
06-05 18:32:39.090 W/ActivityManager( 1629): 	at com.android.server.am.ActivityRecord.forTokenLocked(ActivityRecord.java:586)
06-05 18:32:39.090 W/ActivityManager( 1629): 	at com.android.server.am.ActivityRecord.isInStackLocked(ActivityRecord.java:1327)
06-05 18:32:39.090 W/ActivityManager( 1629): 	at com.android.server.am.ActivityManagerService.getActivityOptions(ActivityManagerService.java:12559)
06-05 18:32:39.090 W/ActivityManager( 1629): 	at android.app.ActivityManagerNative.onTransact(ActivityManagerNative.java:1933)
06-05 18:32:39.090 W/ActivityManager( 1629): 	at com.android.server.am.ActivityManagerService.onTransact(ActivityManagerService.java:2757)
06-05 18:32:39.090 W/ActivityManager( 1629): 	at android.os.Binder.execTransact(Binder.java:565)
06-05 18:32:39.110 V/PhoneStatusBar( 1711): setLightsOn(true)
06-05 18:32:39.121 D/EGL_emulation( 2150): eglMakeCurrent: 0xb4f852a0: ver 2 0 (tinfo 0xb4f832e0)
06-05 18:32:39.124 D/EGL_emulation( 1711): eglMakeCurrent: 0xa5b6bd80: ver 2 0 (tinfo 0xb1367140)
06-05 18:32:39.137 D/gralloc_ranchu( 1346): gralloc_alloc: Creating ashmem region of size 9023488
06-05 18:32:39.137 D/EGL_emulation( 1711): eglMakeCurrent: 0xa5b6bd80: ver 2 0 (tinfo 0xb1367140)
06-05 18:32:39.144 D/        ( 3408): HostConnection::get() New Host Connection established 0x98c25500, tid 3408
06-05 18:32:39.145 D/EGL_emulation( 1711): eglMakeCurrent: 0xa5b6bd80: ver 2 0 (tinfo 0xb1367140)
06-05 18:32:39.146 V/PhoneStatusBar( 1711): setLightsOn(true)
06-05 18:32:39.195 I/WindowManager( 1629): Destroying surface Surface(name=AtchDlg:com.evancharlton.mileage/com.evancharlton.mileage.FillupActivity) called by com.android.server.wm.WindowStateAnimator.destroySurface:2016 com.android.server.wm.WindowStateAnimator.destroySurfaceLocked:882 com.android.server.wm.WindowState.removeLocked:1456 com.android.server.wm.WindowManagerService.removeWindowInnerLocked:2484 com.android.server.wm.AppWindowToken.destroySurfaces:365 com.android.server.wm.WindowStateAnimator.finishExit:565 com.android.server.wm.WindowStateAnimator.stepAnimationLocked:491 com.android.server.wm.WindowAnimator.updateWindowsLocked:303 
06-05 18:32:39.196 D/EGL_emulation( 1711): eglMakeCurrent: 0xa5b6bd80: ver 2 0 (tinfo 0xb1367140)
06-05 18:32:39.198 I/WindowManager( 1629): Destroying surface Surface(name=com.evancharlton.mileage/com.evancharlton.mileage.Mileage) called by com.android.server.wm.WindowStateAnimator.destroySurface:2016 com.android.server.wm.WindowStateAnimator.destroySurfaceLocked:882 com.android.server.wm.WindowState.destroyOrSaveSurface:2100 com.android.server.wm.AppWindowToken.destroySurfaces:363 com.android.server.wm.WindowStateAnimator.finishExit:565 com.android.server.wm.WindowStateAnimator.stepAnimationLocked:491 com.android.server.wm.WindowAnimator.updateWindowsLocked:303 com.android.server.wm.WindowAnimator.animateLocked:704 
06-05 18:32:39.200 D/EGL_emulation( 1711): eglMakeCurrent: 0xa5b6bd80: ver 2 0 (tinfo 0xb1367140)
06-05 18:32:39.205 D/EGL_emulation( 1711): eglMakeCurrent: 0xa5b6bd80: ver 2 0 (tinfo 0xb1367140)
06-05 18:32:39.213 D/EGL_emulation( 1711): eglMakeCurrent: 0xa5b6bd80: ver 2 0 (tinfo 0xb1367140)
06-05 18:32:39.213 V/PhoneStatusBar( 1711): setLightsOn(true)
06-05 18:32:39.221 D/EGL_emulation( 1711): eglMakeCurrent: 0xa5b6bd80: ver 2 0 (tinfo 0xb1367140)
06-05 18:32:39.223 D/EGL_emulation( 1711): eglMakeCurrent: 0xa5b6bd80: ver 2 0 (tinfo 0xb1367140)
06-05 18:32:39.237 D/gralloc_ranchu( 1346): gralloc_alloc: Creating ashmem region of size 9023488
06-05 18:32:39.237 I/ActivityManager( 1629): Displayed com.evancharlton.mileage/.Mileage: +191ms
06-05 18:32:39.238 D/EGL_emulation( 1711): eglMakeCurrent: 0xa5b6bd80: ver 2 0 (tinfo 0xb1367140)
06-05 18:32:39.255 D/EGL_emulation( 1711): eglMakeCurrent: 0xa5b6bd80: ver 2 0 (tinfo 0xb1367140)
06-05 18:32:39.257 D/EGL_emulation( 1711): eglMakeCurrent: 0xa5b6bd80: ver 2 0 (tinfo 0xb1367140)
06-05 18:32:39.272 D/EGL_emulation( 1711): eglMakeCurrent: 0xa5b6bd80: ver 2 0 (tinfo 0xb1367140)
06-05 18:32:39.274 D/EGL_emulation( 1711): eglMakeCurrent: 0xa5b6bd80: ver 2 0 (tinfo 0xb1367140)
06-05 18:32:39.276 D/EGL_emulation( 1711): eglMakeCurrent: 0xa5b6bd80: ver 2 0 (tinfo 0xb1367140)
06-05 18:32:39.277 V/PhoneStatusBar( 1711): setLightsOn(true)
06-05 18:32:39.288 D/EGL_emulation( 1711): eglMakeCurrent: 0xa5b6bd80: ver 2 0 (tinfo 0xb1367140)
06-05 18:32:39.294 D/EGL_emulation( 1711): eglMakeCurrent: 0xa5b6bd80: ver 2 0 (tinfo 0xb1367140)
06-05 18:32:39.305 D/EGL_emulation( 1711): eglMakeCurrent: 0xa5b6bd80: ver 2 0 (tinfo 0xb1367140)
06-05 18:32:39.306 D/EGL_emulation( 1711): eglMakeCurrent: 0xa5b6bd80: ver 2 0 (tinfo 0xb1367140)
06-05 18:32:39.309 I/System.out( 3408): URI: //map
06-05 18:32:39.309 I/System.out( 3408): params: {json={"query":"* {text CONTAINS[c] 'Fillup information'}","operation":{"method_name":"query","arguments":[]}}
06-05 18:32:39.309 I/System.out( 3408): }
06-05 18:32:39.321 D/EGL_emulation( 1711): eglMakeCurrent: 0xa5b6bd80: ver 2 0 (tinfo 0xb1367140)
06-05 18:32:39.323 D/EGL_emulation( 1711): eglMakeCurrent: 0xa5b6bd80: ver 2 0 (tinfo 0xb1367140)
06-05 18:32:39.338 D/EGL_emulation( 1711): eglMakeCurrent: 0xa5b6bd80: ver 2 0 (tinfo 0xb1367140)
06-05 18:32:39.437 I/WindowManager( 1629): Destroying surface Surface(name=Starting com.evancharlton.mileage) called by com.android.server.wm.WindowStateAnimator.destroySurface:2016 com.android.server.wm.WindowStateAnimator.destroySurfaceLocked:882 com.android.server.wm.WindowState.destroyOrSaveSurface:2100 com.android.server.wm.AppWindowToken.destroySurfaces:363 com.android.server.wm.WindowStateAnimator.finishExit:565 com.android.server.wm.WindowStateAnimator.stepAnimationLocked:491 com.android.server.wm.WindowAnimator.updateWindowsLocked:303 com.android.server.wm.WindowAnimator.animateLocked:704 
06-05 18:32:39.439 V/PhoneStatusBar( 1711): setLightsOn(true)
06-05 18:32:39.471 V/PhoneStatusBar( 1711): setLightsOn(true)
06-05 18:32:39.571 V/PhoneStatusBar( 1711): setLightsOn(true)
06-05 18:32:39.871 V/PhoneStatusBar( 1711): setLightsOn(true)
06-05 18:32:39.872 V/PhoneStatusBar( 1711): setLightsOn(true)
06-05 18:32:39.873 W/OpenGLRenderer( 2150): Incorrectly called buildLayer on View: ShortcutAndWidgetContainer, destroying layer...
06-05 18:32:39.888 V/PhoneStatusBar( 1711): setLightsOn(true)
06-05 18:32:39.888 I/WindowManager( 1629): Destroying surface Surface(name=com.android.launcher3/com.android.launcher3.Launcher) called by com.android.server.wm.WindowStateAnimator.destroySurface:2016 com.android.server.wm.WindowStateAnimator.destroySurfaceLocked:882 com.android.server.wm.WindowState.destroyOrSaveSurface:2100 com.android.server.wm.AppWindowToken.destroySurfaces:363 com.android.server.wm.AppWindowToken.notifyAppStopped:389 com.android.server.wm.WindowManagerService.notifyAppStopped:4463 com.android.server.am.ActivityStack.activityStoppedLocked:1252 com.android.server.am.ActivityManagerService.activityStopped:6903 
06-05 18:32:40.339 I/System.out( 3408): URI: //
06-05 18:32:40.339 I/System.out( 3408): params: {json={"command":"press_key","arguments":["KEYCODE_MENU"]}
06-05 18:32:40.339 I/System.out( 3408): }
06-05 18:32:40.339 I/System.out( 3408): header: {content-type=application/json;charset=utf-8, date=Fri, 05 Jun 2020 23:32:40 GMT, accept=*/*, host=127.0.0.1:34783, content-length=52, user-agent=HTTPClient/1.0 (2.8.3, ruby 2.5.1 (2018-03-29))}
06-05 18:32:40.339 I/System.out( 3408): params: {json={"command":"press_key","arguments":["KEYCODE_MENU"]}
06-05 18:32:40.339 I/System.out( 3408): }
06-05 18:32:40.339 I/System.out( 3408): ProP json = {"command":"press_key","arguments":["KEYCODE_MENU"]}
06-05 18:32:40.340 I/System.out( 3408): files: {}
06-05 18:32:40.340 I/System.out( 3408): command: {"command":"press_key","arguments":["KEYCODE_MENU"]}
06-05 18:32:40.345 I/InstrumentationBackend( 3408): Got command:'Command:'Line:null,press_key', arguments:'[KEYCODE_MENU]'
06-05 18:32:40.393 D/gralloc_ranchu( 1346): gralloc_alloc: Creating ashmem region of size 9023488
06-05 18:32:40.467 V/PhoneStatusBar( 1711): setLightsOn(true)
06-05 18:32:40.471 I/System.out( 3408): result:{"bonusInformation":[],"message":"","success":true}
06-05 18:32:40.474 I/System.out( 3408): URI: //map
06-05 18:32:40.474 I/System.out( 3408): params: {json={"query":"* marked:'Edit fields'","operation":{"method_name":"query","arguments":[]}}
06-05 18:32:40.474 I/System.out( 3408): }
06-05 18:32:40.495 V/PhoneStatusBar( 1711): setLightsOn(true)
06-05 18:32:40.504 V/PhoneStatusBar( 1711): setLightsOn(true)
06-05 18:32:40.528 D/gralloc_ranchu( 1346): gralloc_alloc: Creating ashmem region of size 1720320
06-05 18:32:40.535 V/PhoneStatusBar( 1711): setLightsOn(true)
06-05 18:32:40.536 V/PhoneStatusBar( 1711): setLightsOn(true)
06-05 18:32:40.538 V/PhoneStatusBar( 1711): setLightsOn(true)
06-05 18:32:40.539 W/ResourceType( 3408): No package identifier when getting name for resource number 0x00000001
06-05 18:32:40.550 I/System.out( 3408): URI: //gesture
06-05 18:32:40.551 I/System.out( 3408): params: {json={"query_timeout":5.0,"gestures":[{"query_string":"* marked:'Edit fields'","touches":[{"x":50,"y":50,"offset_x":0,"offset_y":0,"wait":0.0,"time":0.2,"release":true,"query_string":null}]}]}
06-05 18:32:40.551 I/System.out( 3408): }
06-05 18:32:40.564 V/PhoneStatusBar( 1711): setLightsOn(true)
06-05 18:32:40.602 W/ResourceType( 3408): No package identifier when getting name for resource number 0x00000001
06-05 18:32:40.720 D/gralloc_ranchu( 1346): gralloc_alloc: Creating ashmem region of size 1720320
06-05 18:32:40.754 V/PhoneStatusBar( 1711): setLightsOn(true)
06-05 18:32:40.821 I/ActivityManager( 1629): START u0 {cmp=com.evancharlton.mileage/.FieldListActivity} from uid 10160 on display 0
06-05 18:32:40.822 V/PhoneStatusBar( 1711): setLightsOn(true)
06-05 18:32:40.823 V/PhoneStatusBar( 1711): setLightsOn(true)
06-05 18:32:40.828 I/WindowManager( 1629): Destroying surface Surface(name=AtchDlg:com.evancharlton.mileage/com.evancharlton.mileage.FillupActivity) called by com.android.server.wm.WindowStateAnimator.destroySurface:2016 com.android.server.wm.WindowStateAnimator.destroySurfaceLocked:882 com.android.server.wm.WindowState.removeLocked:1456 com.android.server.wm.WindowManagerService.removeWindowInnerLocked:2484 com.android.server.wm.WindowManagerService.removeWindowLocked:2442 com.android.server.wm.WindowManagerService.removeWindowLocked:2311 com.android.server.wm.WindowManagerService.removeWindow:2306 com.android.server.wm.Session.remove:202 
06-05 18:32:40.829 I/calabash( 3408): newActivity1
06-05 18:32:40.830 I/System.out( 3408): URI: //map
06-05 18:32:40.830 I/System.out( 3408): params: {json={"query":"* {text CONTAINS[c] 'Fillup fields'}","operation":{"method_name":"query","arguments":[]}}
06-05 18:32:40.830 I/System.out( 3408): }
06-05 18:32:40.854 V/PhoneStatusBar( 1711): setLightsOn(true)
06-05 18:32:40.856 D/gralloc_ranchu( 1346): gralloc_alloc: Creating ashmem region of size 9023488
06-05 18:32:40.858 I/art     ( 3408): Do partial code cache collection, code=30KB, data=29KB
06-05 18:32:40.858 I/art     ( 3408): After code cache collection, code=28KB, data=29KB
06-05 18:32:40.858 I/art     ( 3408): Increasing code cache capacity to 128KB
06-05 18:32:40.871 V/PhoneStatusBar( 1711): setLightsOn(true)
06-05 18:32:40.887 V/PhoneStatusBar( 1711): setLightsOn(true)
06-05 18:32:40.888 I/ActivityManager( 1629): Displayed com.evancharlton.mileage/.FieldListActivity: +63ms
06-05 18:32:40.920 V/PhoneStatusBar( 1711): setLightsOn(true)
06-05 18:32:41.123 V/PhoneStatusBar( 1711): setLightsOn(true)
06-05 18:32:41.166 I/System.out( 3408): URI: //map
06-05 18:32:41.166 I/System.out( 3408): params: {json={"query":"* {text CONTAINS[c] 'Fillup fields'}","operation":{"method_name":"query","arguments":[]}}
06-05 18:32:41.166 I/System.out( 3408): }
06-05 18:32:41.255 V/PhoneStatusBar( 1711): setLightsOn(true)
06-05 18:32:41.255 V/PhoneStatusBar( 1711): setLightsOn(true)
06-05 18:32:41.271 I/WindowManager( 1629): Destroying surface Surface(name=com.evancharlton.mileage/com.evancharlton.mileage.Mileage) called by com.android.server.wm.WindowStateAnimator.destroySurface:2016 com.android.server.wm.WindowStateAnimator.destroySurfaceLocked:882 com.android.server.wm.WindowState.destroyOrSaveSurface:2100 com.android.server.wm.WindowManagerService.tryStartExitingAnimation:3024 com.android.server.wm.WindowManagerService.relayoutWindow:2904 com.android.server.wm.Session.relayout:224 android.view.IWindowSession$Stub.onTransact:286 com.android.server.wm.Session.onTransact:145 
06-05 18:32:41.271 V/PhoneStatusBar( 1711): setLightsOn(true)
06-05 18:32:41.272 V/PhoneStatusBar( 1711): setLightsOn(true)
06-05 18:32:42.054 D/gralloc_ranchu( 1346): gralloc_alloc: Creating ashmem region of size 9023488
06-05 18:32:42.206 I/System.out( 3408): URI: //
06-05 18:32:42.206 I/System.out( 3408): params: {json={"command":"press_key","arguments":["KEYCODE_MENU"]}
06-05 18:32:42.206 I/System.out( 3408): }
06-05 18:32:42.206 I/System.out( 3408): header: {content-type=application/json;charset=utf-8, date=Fri, 05 Jun 2020 23:32:42 GMT, accept=*/*, host=127.0.0.1:34783, content-length=52, user-agent=HTTPClient/1.0 (2.8.3, ruby 2.5.1 (2018-03-29))}
06-05 18:32:42.206 I/System.out( 3408): params: {json={"command":"press_key","arguments":["KEYCODE_MENU"]}
06-05 18:32:42.206 I/System.out( 3408): }
06-05 18:32:42.206 I/System.out( 3408): ProP json = {"command":"press_key","arguments":["KEYCODE_MENU"]}
06-05 18:32:42.206 I/System.out( 3408): files: {}
06-05 18:32:42.206 I/System.out( 3408): command: {"command":"press_key","arguments":["KEYCODE_MENU"]}
06-05 18:32:42.207 D/gralloc_ranchu( 1346): gralloc_alloc: Creating ashmem region of size 9023488
06-05 18:32:42.208 I/InstrumentationBackend( 3408): Got command:'Command:'Line:null,press_key', arguments:'[KEYCODE_MENU]'
06-05 18:32:42.328 V/PhoneStatusBar( 1711): setLightsOn(true)
06-05 18:32:42.333 I/System.out( 3408): result:{"bonusInformation":[],"message":"","success":true}
06-05 18:32:42.336 I/System.out( 3408): URI: //map
06-05 18:32:42.336 I/System.out( 3408): params: {json={"query":"* marked:'Add new field'","operation":{"method_name":"query","arguments":[]}}
06-05 18:32:42.336 I/System.out( 3408): }
06-05 18:32:42.376 V/PhoneStatusBar( 1711): setLightsOn(true)
06-05 18:32:42.388 V/PhoneStatusBar( 1711): setLightsOn(true)
06-05 18:32:42.405 V/PhoneStatusBar( 1711): setLightsOn(true)
06-05 18:32:42.406 D/gralloc_ranchu( 1346): gralloc_alloc: Creating ashmem region of size 929792
06-05 18:32:42.414 V/PhoneStatusBar( 1711): setLightsOn(true)
06-05 18:32:42.415 W/ResourceType( 3408): No package identifier when getting name for resource number 0x00000001
06-05 18:32:42.416 V/PhoneStatusBar( 1711): setLightsOn(true)
06-05 18:32:42.421 V/PhoneStatusBar( 1711): setLightsOn(true)
06-05 18:32:42.434 I/System.out( 3408): URI: //gesture
06-05 18:32:42.434 I/System.out( 3408): params: {json={"query_timeout":5.0,"gestures":[{"query_string":"* marked:'Add new field'","touches":[{"x":50,"y":50,"offset_x":0,"offset_y":0,"wait":0.0,"time":0.2,"release":true,"query_string":null}]}]}
06-05 18:32:42.434 I/System.out( 3408): }
06-05 18:32:42.440 W/ResourceType( 3408): No package identifier when getting name for resource number 0x00000001
06-05 18:32:42.554 D/gralloc_ranchu( 1346): gralloc_alloc: Creating ashmem region of size 929792
06-05 18:32:42.638 V/PhoneStatusBar( 1711): setLightsOn(true)
06-05 18:32:42.671 I/ActivityManager( 1629): START u0 {cmp=com.evancharlton.mileage/.FieldActivity} from uid 10160 on display 0
06-05 18:32:42.673 V/PhoneStatusBar( 1711): setLightsOn(true)
06-05 18:32:42.674 V/PhoneStatusBar( 1711): setLightsOn(true)
06-05 18:32:42.681 I/WindowManager( 1629): Destroying surface Surface(name=AtchDlg:com.evancharlton.mileage/com.evancharlton.mileage.FieldListActivity) called by com.android.server.wm.WindowStateAnimator.destroySurface:2016 com.android.server.wm.WindowStateAnimator.destroySurfaceLocked:882 com.android.server.wm.WindowState.removeLocked:1456 com.android.server.wm.WindowManagerService.removeWindowInnerLocked:2484 com.android.server.wm.WindowManagerService.removeWindowLocked:2442 com.android.server.wm.WindowManagerService.removeWindowLocked:2311 com.android.server.wm.WindowManagerService.removeWindow:2306 com.android.server.wm.Session.remove:202 
06-05 18:32:42.683 I/System.out( 3408): URI: //map
06-05 18:32:42.683 I/System.out( 3408): params: {json={"query":"* {text CONTAINS[c] 'Fillup field'}","operation":{"method_name":"query","arguments":[]}}
06-05 18:32:42.683 I/System.out( 3408): }
06-05 18:32:42.683 I/calabash( 3408): newActivity1
06-05 18:32:42.704 V/PhoneStatusBar( 1711): setLightsOn(true)
06-05 18:32:42.708 D/gralloc_ranchu( 1346): gralloc_alloc: Creating ashmem region of size 9023488
06-05 18:32:42.721 V/PhoneStatusBar( 1711): setLightsOn(true)
06-05 18:32:42.747 W/InputMethodService( 1696): Window size has been changed. This may cause jankiness of resizing window: -1 -> -2
06-05 18:32:42.747 I/ActivityManager( 1629): Displayed com.evancharlton.mileage/.FieldActivity: +72ms
06-05 18:32:42.754 V/PhoneStatusBar( 1711): setLightsOn(true)
06-05 18:32:42.754 D/gralloc_ranchu( 1346): gralloc_alloc: Creating ashmem region of size 9023488
06-05 18:32:42.757 I/LatinIME( 1696): Starting input. Cursor position = 0,0
06-05 18:32:42.760 I/System.out( 3408): URI: //map
06-05 18:32:42.760 I/System.out( 3408): params: {json={"query":"* {text CONTAINS[c] 'Add new field'}","operation":{"method_name":"query","arguments":[]}}
06-05 18:32:42.760 I/System.out( 3408): }
06-05 18:32:42.771 V/PhoneStatusBar( 1711): setLightsOn(true)
06-05 18:32:42.838 V/PhoneStatusBar( 1711): setLightsOn(true)
