--------- beginning of system
06-05 23:01:00.682 W/ActivityManager( 1631): Finishing task with all activities already finished
06-05 23:01:00.682 W/ActivityManager( 1631): Duplicate finish request for ActivityRecord{3edd317 u0 com.evancharlton.mileage/.Mileage t9025 f}
--------- beginning of main
06-05 23:01:00.683 V/PhoneStatusBar( 1712): setLightsOn(true)
06-05 23:01:00.703 D/gralloc_ranchu( 1347): gralloc_alloc: Creating ashmem region of size 3145728
06-05 23:01:00.708 E/EGL_emulation( 1347): tid 1347: eglCreateSyncKHR(1901): error 0x3004 (EGL_BAD_ATTRIBUTE)
06-05 23:01:00.720 W/ActivityManager( 1631): Finishing task with all activities already finished
06-05 23:01:00.720 W/ActivityManager( 1631): Duplicate finish request for ActivityRecord{3edd317 u0 com.evancharlton.mileage/.Mileage t9025 f}
06-05 23:01:00.720 W/ActivityManager( 1631): Finishing task with all activities already finished
06-05 23:01:00.720 W/ActivityManager( 1631): Duplicate finish request for ActivityRecord{3edd317 u0 com.evancharlton.mileage/.Mileage t9025 f}
06-05 23:01:00.720 W/ActivityManager( 1631): Finishing task with all activities already finished
06-05 23:01:00.720 W/ActivityManager( 1631): Duplicate finish request for ActivityRecord{3edd317 u0 com.evancharlton.mileage/.Mileage t9025 f}
06-05 23:01:00.721 W/ActivityManager( 1631): Finishing task with all activities already finished
06-05 23:01:00.721 W/ActivityManager( 1631): Duplicate finish request for ActivityRecord{3edd317 u0 com.evancharlton.mileage/.Mileage t9025 f}
06-05 23:01:00.721 W/ActivityManager( 1631): Finishing task with all activities already finished
06-05 23:01:00.721 W/ActivityManager( 1631): Duplicate finish request for ActivityRecord{f0565c9 u0 com.evancharlton.mileage/.charts.MinimumPriceChart t9025 f}
06-05 23:01:00.721 W/ActivityManager( 1631): Finishing task with all activities already finished
06-05 23:01:00.721 W/ActivityManager( 1631): Duplicate finish request for ActivityRecord{f0565c9 u0 com.evancharlton.mileage/.charts.MinimumPriceChart t9025 f}
06-05 23:01:00.721 W/ActivityManager( 1631): Finishing task with all activities already finished
06-05 23:01:00.721 W/ActivityManager( 1631): Duplicate finish request for ActivityRecord{3edd317 u0 com.evancharlton.mileage/.Mileage t9025 f}
06-05 23:01:00.721 W/ActivityManager( 1631): Finishing task with all activities already finished
06-05 23:01:00.721 W/ActivityManager( 1631): Duplicate finish request for ActivityRecord{3edd317 u0 com.evancharlton.mileage/.Mileage t9025 f}
06-05 23:01:00.768 D/EGL_emulation( 2076): eglMakeCurrent: 0xb0685360: ver 2 0 (tinfo 0xb06836b0)
06-05 23:01:00.773 D/EGL_emulation( 1712): eglMakeCurrent: 0xb0685360: ver 2 0 (tinfo 0xb06836c0)
06-05 23:01:00.784 D/EGL_emulation( 1712): eglMakeCurrent: 0xb0685360: ver 2 0 (tinfo 0xb06836c0)
06-05 23:01:00.802 D/EGL_emulation( 1712): eglMakeCurrent: 0xb0685360: ver 2 0 (tinfo 0xb06836c0)
06-05 23:01:00.817 D/EGL_emulation( 1712): eglMakeCurrent: 0xb0685360: ver 2 0 (tinfo 0xb06836c0)
06-05 23:01:00.820 D/EGL_emulation( 1712): eglMakeCurrent: 0xb0685360: ver 2 0 (tinfo 0xb06836c0)
06-05 23:01:00.834 D/EGL_emulation( 1712): eglMakeCurrent: 0xb0685360: ver 2 0 (tinfo 0xb06836c0)
06-05 23:01:00.835 D/EGL_emulation( 1712): eglMakeCurrent: 0xb0685360: ver 2 0 (tinfo 0xb06836c0)
06-05 23:01:00.850 D/EGL_emulation( 1712): eglMakeCurrent: 0xb0685360: ver 2 0 (tinfo 0xb06836c0)
06-05 23:01:00.852 D/EGL_emulation( 1712): eglMakeCurrent: 0xb0685360: ver 2 0 (tinfo 0xb06836c0)
06-05 23:01:00.867 D/EGL_emulation( 1712): eglMakeCurrent: 0xb0685360: ver 2 0 (tinfo 0xb06836c0)
06-05 23:01:00.868 D/EGL_emulation( 1712): eglMakeCurrent: 0xb0685360: ver 2 0 (tinfo 0xb06836c0)
06-05 23:01:00.884 D/EGL_emulation( 1712): eglMakeCurrent: 0xb0685360: ver 2 0 (tinfo 0xb06836c0)
06-05 23:01:00.885 D/EGL_emulation( 1712): eglMakeCurrent: 0xb0685360: ver 2 0 (tinfo 0xb06836c0)
06-05 23:01:00.892 D/AndroidRuntime(13449): >>>>>> START com.android.internal.os.RuntimeInit uid 2000 <<<<<<
06-05 23:01:00.893 D/AndroidRuntime(13449): CheckJNI is ON
06-05 23:01:00.900 D/EGL_emulation( 1712): eglMakeCurrent: 0xb0685360: ver 2 0 (tinfo 0xb06836c0)
06-05 23:01:00.902 D/EGL_emulation( 1712): eglMakeCurrent: 0xb0685360: ver 2 0 (tinfo 0xb06836c0)
06-05 23:01:00.903 W/art     (13449): Unexpected CPU variant for X86 using defaults: x86
06-05 23:01:00.905 D/ICU     (13449): No timezone override file found: /data/misc/zoneinfo/current/icu/icu_tzdata.dat
06-05 23:01:00.912 E/memtrack(13449): Couldn't load memtrack module (No such file or directory)
06-05 23:01:00.912 E/android.os.Debug(13449): failed to load memtrack module: -2
06-05 23:01:00.912 I/Radio-JNI(13449): register_android_hardware_Radio DONE
06-05 23:01:00.916 D/AndroidRuntime(13449): Calling main entry com.android.commands.am.Am
06-05 23:01:00.917 D/EGL_emulation( 1712): eglMakeCurrent: 0xb0685360: ver 2 0 (tinfo 0xb06836c0)
06-05 23:01:00.918 I/ActivityManager( 1631): Force stopping com.evancharlton.mileage appid=10326 user=0: start instr
06-05 23:01:00.918 I/ActivityManager( 1631): Killing 13397:com.evancharlton.mileage/u0a326 (adj 0): stop com.evancharlton.mileage
06-05 23:01:00.918 D/ActivityManager( 1631): cleanUpApplicationRecord -- 13397
06-05 23:01:00.919 D/EGL_emulation( 1712): eglMakeCurrent: 0xb0685360: ver 2 0 (tinfo 0xb06836c0)
06-05 23:01:00.920 I/WindowManager( 1631): Destroying surface Surface(name=com.evancharlton.mileage/com.evancharlton.mileage.charts.MinimumPriceChart) called by com.android.server.wm.WindowStateAnimator.destroySurface:2016 com.android.server.wm.WindowStateAnimator.destroySurfaceLocked:882 com.android.server.wm.WindowState.removeLocked:1456 com.android.server.wm.WindowManagerService.removeWindowInnerLocked:2484 com.android.server.wm.WindowManagerService.removeWindowLocked:2442 com.android.server.wm.WindowManagerService.removeWindowLocked:2311 com.android.server.wm.AppWindowToken.removeAllWindows:530 com.android.server.wm.AppWindowToken.removeAppFromTaskLocked:326 
06-05 23:01:00.921 W/ActivityManager( 1631): Crash of app com.evancharlton.mileage running instrumentation ComponentInfo{com.evancharlton.mileage.test/sh.calaba.instrumentationbackend.CalabashInstrumentationTestRunner}
06-05 23:01:00.921 I/ActivityManager( 1631): Force stopping com.evancharlton.mileage appid=10326 user=0: finished inst
06-05 23:01:00.924 I/art     (13459): Not late-enabling -Xcheck:jni (already on)
06-05 23:01:00.924 W/art     (13459): Unexpected CPU variant for X86 using defaults: x86
06-05 23:01:00.932 I/ActivityManager( 1631): Start proc 13459:com.evancharlton.mileage/u0a326 for added application com.evancharlton.mileage
06-05 23:01:00.932 D/AndroidRuntime(13449): Shutting down VM
06-05 23:01:00.934 D/EGL_emulation( 1712): eglMakeCurrent: 0xb0685360: ver 2 0 (tinfo 0xb06836c0)
06-05 23:01:00.935 D/EGL_emulation( 1712): eglMakeCurrent: 0xb0685360: ver 2 0 (tinfo 0xb06836c0)
06-05 23:01:00.937 W/System  (13459): ClassLoader referenced unknown path: /data/app/com.evancharlton.mileage.test-1/lib/x86
06-05 23:01:00.937 W/System  (13459): ClassLoader referenced unknown path: /data/app/com.evancharlton.mileage-1/lib/x86
06-05 23:01:00.939 W/System  (13459): ClassLoader referenced unknown path: 
06-05 23:01:00.942 I/System.out(13459): Main activity name automatically set to: com.evancharlton.mileage.Mileage
06-05 23:01:00.942 I/System.out(13459): Calabash did not load Mono. This is only a problem if you are trying to test a Mono application
06-05 23:01:00.942 I/calabash(13459): Test server port: 7102
06-05 23:01:00.943 I/InstrumentationBackend(13459): Added:'GetPreferences', with key:'get_preferences'
06-05 23:01:00.946 I/InstrumentationBackend(13459): Added:'SetPreferences', with key:'set_preferences'
06-05 23:01:00.947 I/InstrumentationBackend(13459): Added:'ClearPreferences', with key:'clear_preferences'
06-05 23:01:00.947 I/InstrumentationBackend(13459): Added:'PressElement', with key:'press_l10n_element'
06-05 23:01:00.947 I/InstrumentationBackend(13459): Added:'WaitForElement', with key:'wait_for_l10n_element'
06-05 23:01:00.947 I/InstrumentationBackend(13459): Added:'NullAction', with key:'nullAction'
06-05 23:01:00.947 I/InstrumentationBackend(13459): Added:'PressKey', with key:'press_key'
06-05 23:01:00.947 I/InstrumentationBackend(13459): Added:'SetActivityOrientation', with key:'set_activity_orientation'
06-05 23:01:00.947 I/InstrumentationBackend(13459): Added:'GetActivityOrientation', with key:'get_activity_orientation'
06-05 23:01:00.947 I/InstrumentationBackend(13459): Added:'FakeGPSLocation', with key:'set_gps_coordinates'
06-05 23:01:00.947 I/InstrumentationBackend(13459): Added:'SetPropertyByCssSelector', with key:'set_property_by_css_selector'
06-05 23:01:00.947 I/InstrumentationBackend(13459): Added:'GetUrl', with key:'get_url'
06-05 23:01:00.947 I/InstrumentationBackend(13459): Added:'ScrollTo', with key:'scroll_to'
06-05 23:01:00.947 I/InstrumentationBackend(13459): Added:'GetLoadProgress', with key:'get_load_progress'
06-05 23:01:00.947 I/InstrumentationBackend(13459): Added:'DumpHtml', with key:'dump_html'
06-05 23:01:00.947 I/InstrumentationBackend(13459): Added:'DumpBodyHtml', with key:'dump_body_html'
06-05 23:01:00.947 I/InstrumentationBackend(13459): Added:'EnterTextByCssSelector', with key:'enter_text_by_selector'
06-05 23:01:00.948 I/InstrumentationBackend(13459): Added:'AndroidSDKVersion', with key:'android_sdk_version'
06-05 23:01:00.948 I/InstrumentationBackend(13459): Added:'Version', with key:'version'
06-05 23:01:00.948 I/InstrumentationBackend(13459): Added:'Drag', with key:'drag'
06-05 23:01:00.948 I/InstrumentationBackend(13459): Added:'TouchCoordinates', with key:'touch_coordinate'
06-05 23:01:00.948 I/InstrumentationBackend(13459): Added:'LongPressCoordinate', with key:'long_press_coordinate'
06-05 23:01:00.948 I/InstrumentationBackend(13459): Added:'DragCoordinates', with key:'drag_coordinates'
06-05 23:01:00.948 I/InstrumentationBackend(13459): Added:'ResumeApplication', with key:'resume_application'
06-05 23:01:00.948 I/InstrumentationBackend(13459): Added:'Swipe', with key:'swipe'
06-05 23:01:00.948 I/InstrumentationBackend(13459): Added:'DoubleTapCoordinate', with key:'double_tap_coordinate'
06-05 23:01:00.948 I/InstrumentationBackend(13459): Added:'ClickOnScreen', with key:'click_on_screen'
06-05 23:01:00.948 I/InstrumentationBackend(13459): Added:'GetActivityName', with key:'get_activity_name'
06-05 23:01:00.948 I/InstrumentationBackend(13459): Added:'ScrollToView', with key:'scroll_to_view'
06-05 23:01:00.948 I/InstrumentationBackend(13459): Added:'ViewConfiguration', with key:'view_configuration'
06-05 23:01:00.948 I/InstrumentationBackend(13459): Added:'IsCurrentActivityFocused', with key:'is_current_activity_focused'
06-05 23:01:00.948 I/InstrumentationBackend(13459): Added:'SendTcp', with key:'send_tcp'
06-05 23:01:00.948 I/InstrumentationBackend(13459): Added:'DpToDevicePixel', with key:'dp_to_device_pixel'
06-05 23:01:00.948 I/InstrumentationBackend(13459): Added:'KeyboardEnterText', with key:'keyboard_enter_text'
06-05 23:01:00.948 I/InstrumentationBackend(13459): Added:'DeleteSurroundingText', with key:'delete_surrounding_text'
06-05 23:01:00.948 I/InstrumentationBackend(13459): Added:'SetComposingRegion', with key:'set_composing_region'
06-05 23:01:00.948 I/InstrumentationBackend(13459): Added:'SetSelection', with key:'set_selection'
06-05 23:01:00.948 I/InstrumentationBackend(13459): Added:'KeyboardKeyEvent', with key:'keyboard_key_event'
06-05 23:01:00.948 I/InstrumentationBackend(13459): Added:'PressUserActionButton', with key:'press_user_action_button'
06-05 23:01:00.948 I/InstrumentationBackend(13459): Added:'HideSoftKeyboard', with key:'hide_soft_keyboard'
06-05 23:01:00.949 I/InstrumentationBackend(13459): Added:'ListActions', with key:'list_actions'
06-05 23:01:00.949 I/calabash(13459): Instantiating http server at 7102
06-05 23:01:00.949 I/System.out(13459): HTTP Daemon listening on: 7102
06-05 23:01:00.950 D/EGL_emulation( 1712): eglMakeCurrent: 0xb0685360: ver 2 0 (tinfo 0xb06836c0)
06-05 23:01:00.952 D/EGL_emulation( 1712): eglMakeCurrent: 0xb0685360: ver 2 0 (tinfo 0xb06836c0)
06-05 23:01:00.968 D/EGL_emulation( 1712): eglMakeCurrent: 0xb0685360: ver 2 0 (tinfo 0xb06836c0)
06-05 23:01:00.973 I/WindowManager( 1631): WIN DEATH: Window{c95181e u0 com.evancharlton.mileage/com.evancharlton.mileage.Mileage EXITING}
06-05 23:01:00.984 D/EGL_emulation( 1712): eglMakeCurrent: 0xb0685360: ver 2 0 (tinfo 0xb06836c0)
06-05 23:01:00.987 D/EGL_emulation( 1712): eglMakeCurrent: 0xb0685360: ver 2 0 (tinfo 0xb06836c0)
06-05 23:01:01.000 D/EGL_emulation( 1712): eglMakeCurrent: 0xb0685360: ver 2 0 (tinfo 0xb06836c0)
06-05 23:01:01.002 D/EGL_emulation( 1712): eglMakeCurrent: 0xb0685360: ver 2 0 (tinfo 0xb06836c0)
06-05 23:01:01.042 I/System.out(13459): URI: //ping
06-05 23:01:01.042 I/System.out(13459): params: {json={}
06-05 23:01:01.042 I/System.out(13459): }
06-05 23:01:01.045 I/System.out(13459): URI: //ping
06-05 23:01:01.045 I/System.out(13459): params: {json={}
06-05 23:01:01.045 I/System.out(13459): }
06-05 23:01:01.048 I/System.out(13459): URI: //ready
06-05 23:01:01.048 I/System.out(13459): params: {json={}
06-05 23:01:01.048 I/System.out(13459): }
06-05 23:01:01.052 I/System.out(13459): URI: //
06-05 23:01:01.052 I/System.out(13459): params: {json={"command":"version","arguments":[]}
06-05 23:01:01.052 I/System.out(13459): }
06-05 23:01:01.053 I/System.out(13459): header: {content-type=application/json;charset=utf-8, date=Sat, 06 Jun 2020 04:01:01 GMT, accept=*/*, host=127.0.0.1:34777, content-length=36, user-agent=HTTPClient/1.0 (2.8.3, ruby 2.5.1 (2018-03-29))}
06-05 23:01:01.053 I/System.out(13459): params: {json={"command":"version","arguments":[]}
06-05 23:01:01.053 I/System.out(13459): }
06-05 23:01:01.053 I/System.out(13459): ProP json = {"command":"version","arguments":[]}
06-05 23:01:01.053 I/System.out(13459): files: {}
06-05 23:01:01.053 I/System.out(13459): command: {"command":"version","arguments":[]}
06-05 23:01:01.059 I/InstrumentationBackend(13459): Got command:'Command:'Line:null,version', arguments:'[]'
06-05 23:01:01.074 I/System.out(13459): result:{"bonusInformation":[],"message":"0.9.8","success":true}
06-05 23:01:01.077 I/System.out(13459): URI: //start-application
06-05 23:01:01.077 I/System.out(13459): params: {json={"intent":null}
06-05 23:01:01.077 I/System.out(13459): }
06-05 23:01:01.092 I/ActivityManager( 1631): START u0 {act=android.intent.action.MAIN cat=[android.intent.category.LAUNCHER] flg=0x10200000 cmp=com.evancharlton.mileage/.Mileage} from uid 10326 on display 0
06-05 23:01:01.101 I/calabash(13459): newActivity1
06-05 23:01:01.111 I/calabash(13459): newActivity1
06-05 23:01:01.113 W/ActivityManager( 1631): Bad activity token: android.os.BinderProxy@281d33a
06-05 23:01:01.113 W/ActivityManager( 1631): java.lang.ClassCastException: android.os.BinderProxy cannot be cast to com.android.server.am.ActivityRecord$Token
06-05 23:01:01.113 W/ActivityManager( 1631): 	at com.android.server.am.ActivityRecord.forTokenLocked(ActivityRecord.java:586)
06-05 23:01:01.113 W/ActivityManager( 1631): 	at com.android.server.am.ActivityRecord.isInStackLocked(ActivityRecord.java:1327)
06-05 23:01:01.113 W/ActivityManager( 1631): 	at com.android.server.am.ActivityRecord.getStackLocked(ActivityRecord.java:1332)
06-05 23:01:01.113 W/ActivityManager( 1631): 	at com.android.server.am.ActivityManagerService.getActivityDisplayId(ActivityManagerService.java:9806)
06-05 23:01:01.113 W/ActivityManager( 1631): 	at android.app.ActivityManagerNative.onTransact(ActivityManagerNative.java:2566)
06-05 23:01:01.113 W/ActivityManager( 1631): 	at com.android.server.am.ActivityManagerService.onTransact(ActivityManagerService.java:2757)
06-05 23:01:01.113 W/ActivityManager( 1631): 	at android.os.Binder.execTransact(Binder.java:565)
06-05 23:01:01.114 W/ActivityManager( 1631): Bad activity token: android.os.BinderProxy@281d33a
06-05 23:01:01.114 W/ActivityManager( 1631): java.lang.ClassCastException: android.os.BinderProxy cannot be cast to com.android.server.am.ActivityRecord$Token
06-05 23:01:01.114 W/ActivityManager( 1631): 	at com.android.server.am.ActivityRecord.forTokenLocked(ActivityRecord.java:586)
06-05 23:01:01.114 W/ActivityManager( 1631): 	at com.android.server.am.ActivityRecord.isInStackLocked(ActivityRecord.java:1327)
06-05 23:01:01.114 W/ActivityManager( 1631): 	at com.android.server.am.ActivityManagerService.setTaskDescription(ActivityManagerService.java:9358)
06-05 23:01:01.114 W/ActivityManager( 1631): 	at android.app.ActivityManagerNative.onTransact(ActivityManagerNative.java:2639)
06-05 23:01:01.114 W/ActivityManager( 1631): 	at com.android.server.am.ActivityManagerService.onTransact(ActivityManagerService.java:2757)
06-05 23:01:01.114 W/ActivityManager( 1631): 	at android.os.Binder.execTransact(Binder.java:565)
06-05 23:01:01.114 W/ActivityManager( 1631): Bad activity token: android.os.BinderProxy@281d33a
06-05 23:01:01.114 W/ActivityManager( 1631): java.lang.ClassCastException: android.os.BinderProxy cannot be cast to com.android.server.am.ActivityRecord$Token
06-05 23:01:01.114 W/ActivityManager( 1631): 	at com.android.server.am.ActivityRecord.forTokenLocked(ActivityRecord.java:586)
06-05 23:01:01.114 W/ActivityManager( 1631): 	at com.android.server.am.ActivityRecord.isInStackLocked(ActivityRecord.java:1327)
06-05 23:01:01.114 W/ActivityManager( 1631): 	at com.android.server.am.ActivityRecord.getStackLocked(ActivityRecord.java:1332)
06-05 23:01:01.114 W/ActivityManager( 1631): 	at com.android.server.am.ActivityManagerService.getActivityStackId(ActivityManagerService.java:9817)
06-05 23:01:01.114 W/ActivityManager( 1631): 	at android.app.ActivityManagerNative.onTransact(ActivityManagerNative.java:2856)
06-05 23:01:01.114 W/ActivityManager( 1631): 	at com.android.server.am.ActivityManagerService.onTransact(ActivityManagerService.java:2757)
06-05 23:01:01.114 W/ActivityManager( 1631): 	at android.os.Binder.execTransact(Binder.java:565)
06-05 23:01:01.117 D/gralloc_ranchu( 1347): gralloc_alloc: Creating ashmem region of size 9023488
06-05 23:01:01.136 W/ActivityManager( 1631): Bad activity token: android.os.BinderProxy@281d33a
06-05 23:01:01.136 W/ActivityManager( 1631): java.lang.ClassCastException: android.os.BinderProxy cannot be cast to com.android.server.am.ActivityRecord$Token
06-05 23:01:01.136 W/ActivityManager( 1631): 	at com.android.server.am.ActivityRecord.forTokenLocked(ActivityRecord.java:586)
06-05 23:01:01.136 W/ActivityManager( 1631): 	at com.android.server.am.ActivityRecord.isInStackLocked(ActivityRecord.java:1327)
06-05 23:01:01.136 W/ActivityManager( 1631): 	at com.android.server.am.ActivityManagerService.getActivityOptions(ActivityManagerService.java:12559)
06-05 23:01:01.136 W/ActivityManager( 1631): 	at android.app.ActivityManagerNative.onTransact(ActivityManagerNative.java:1933)
06-05 23:01:01.136 W/ActivityManager( 1631): 	at com.android.server.am.ActivityManagerService.onTransact(ActivityManagerService.java:2757)
06-05 23:01:01.136 W/ActivityManager( 1631): 	at android.os.Binder.execTransact(Binder.java:565)
06-05 23:01:01.136 W/ActivityManager( 1631): Bad activity token: android.os.BinderProxy@281d33a
06-05 23:01:01.136 W/ActivityManager( 1631): java.lang.ClassCastException: android.os.BinderProxy cannot be cast to com.android.server.am.ActivityRecord$Token
06-05 23:01:01.136 W/ActivityManager( 1631): 	at com.android.server.am.ActivityRecord.forTokenLocked(ActivityRecord.java:586)
06-05 23:01:01.136 W/ActivityManager( 1631): 	at com.android.server.am.ActivityRecord.isInStackLocked(ActivityRecord.java:1327)
06-05 23:01:01.136 W/ActivityManager( 1631): 	at com.android.server.am.ActivityManagerService.getActivityOptions(ActivityManagerService.java:12559)
06-05 23:01:01.136 W/ActivityManager( 1631): 	at android.app.ActivityManagerNative.onTransact(ActivityManagerNative.java:1933)
06-05 23:01:01.136 W/ActivityManager( 1631): 	at com.android.server.am.ActivityManagerService.onTransact(ActivityManagerService.java:2757)
06-05 23:01:01.136 W/ActivityManager( 1631): 	at android.os.Binder.execTransact(Binder.java:565)
06-05 23:01:01.144 V/PhoneStatusBar( 1712): setLightsOn(true)
06-05 23:01:01.151 D/EGL_emulation( 2076): eglMakeCurrent: 0xb0685360: ver 2 0 (tinfo 0xb06836b0)
06-05 23:01:01.151 D/EGL_emulation( 1712): eglMakeCurrent: 0xb0685360: ver 2 0 (tinfo 0xb06836c0)
06-05 23:01:01.166 D/gralloc_ranchu( 1347): gralloc_alloc: Creating ashmem region of size 9023488
06-05 23:01:01.167 D/EGL_emulation( 1712): eglMakeCurrent: 0xb0685360: ver 2 0 (tinfo 0xb06836c0)
06-05 23:01:01.171 D/        (13459): HostConnection::get() New Host Connection established 0x9421f000, tid 13459
06-05 23:01:01.172 D/EGL_emulation( 1712): eglMakeCurrent: 0xb0685360: ver 2 0 (tinfo 0xb06836c0)
06-05 23:01:01.172 V/PhoneStatusBar( 1712): setLightsOn(true)
06-05 23:01:01.201 D/EGL_emulation( 1712): eglMakeCurrent: 0xb0685360: ver 2 0 (tinfo 0xb06836c0)
06-05 23:01:01.201 I/WindowManager( 1631): Destroying surface Surface(name=com.evancharlton.mileage/com.evancharlton.mileage.Mileage) called by com.android.server.wm.WindowStateAnimator.destroySurface:2016 com.android.server.wm.WindowStateAnimator.destroySurfaceLocked:882 com.android.server.wm.WindowState.removeLocked:1456 com.android.server.wm.WindowManagerService.removeWindowInnerLocked:2484 com.android.server.wm.AppWindowToken.destroySurfaces:365 com.android.server.wm.WindowStateAnimator.finishExit:565 com.android.server.wm.AppWindowAnimator.stepAnimationLocked:427 com.android.server.wm.WindowAnimator.updateAppWindowsLocked:196 
06-05 23:01:01.203 D/EGL_emulation( 1712): eglMakeCurrent: 0xb0685360: ver 2 0 (tinfo 0xb06836c0)
06-05 23:01:01.205 D/EGL_emulation( 1712): eglMakeCurrent: 0xb0685360: ver 2 0 (tinfo 0xb06836c0)
06-05 23:01:01.218 D/EGL_emulation( 1712): eglMakeCurrent: 0xb0685360: ver 2 0 (tinfo 0xb06836c0)
06-05 23:01:01.218 V/PhoneStatusBar( 1712): setLightsOn(true)
06-05 23:01:01.220 D/EGL_emulation( 1712): eglMakeCurrent: 0xb0685360: ver 2 0 (tinfo 0xb06836c0)
06-05 23:01:01.233 D/EGL_emulation( 1712): eglMakeCurrent: 0xb0685360: ver 2 0 (tinfo 0xb06836c0)
06-05 23:01:01.234 D/gralloc_ranchu( 1347): gralloc_alloc: Creating ashmem region of size 9023488
06-05 23:01:01.241 D/EGL_emulation( 1712): eglMakeCurrent: 0xb0685360: ver 2 0 (tinfo 0xb06836c0)
06-05 23:01:01.250 D/EGL_emulation( 1712): eglMakeCurrent: 0xb0685360: ver 2 0 (tinfo 0xb06836c0)
06-05 23:01:01.250 I/ActivityManager( 1631): Displayed com.evancharlton.mileage/.Mileage: +154ms
06-05 23:01:01.258 D/EGL_emulation( 1712): eglMakeCurrent: 0xb0685360: ver 2 0 (tinfo 0xb06836c0)
06-05 23:01:01.272 D/EGL_emulation( 1712): eglMakeCurrent: 0xb0685360: ver 2 0 (tinfo 0xb06836c0)
06-05 23:01:01.273 D/EGL_emulation( 1712): eglMakeCurrent: 0xb0685360: ver 2 0 (tinfo 0xb06836c0)
06-05 23:01:01.284 D/EGL_emulation( 1712): eglMakeCurrent: 0xb0685360: ver 2 0 (tinfo 0xb06836c0)
06-05 23:01:01.284 V/PhoneStatusBar( 1712): setLightsOn(true)
06-05 23:01:01.285 D/EGL_emulation( 1712): eglMakeCurrent: 0xb0685360: ver 2 0 (tinfo 0xb06836c0)
06-05 23:01:01.289 I/System.out(13459): URI: //map
06-05 23:01:01.289 I/System.out(13459): params: {json={"query":"* marked:'Statistics'","operation":{"method_name":"query","arguments":[]}}
06-05 23:01:01.289 I/System.out(13459): }
06-05 23:01:01.301 D/EGL_emulation( 1712): eglMakeCurrent: 0xb0685360: ver 2 0 (tinfo 0xb06836c0)
06-05 23:01:01.303 D/EGL_emulation( 1712): eglMakeCurrent: 0xb0685360: ver 2 0 (tinfo 0xb06836c0)
06-05 23:01:01.304 W/ResourceType(13459): No package identifier when getting name for resource number 0x00000001
06-05 23:01:01.317 D/EGL_emulation( 1712): eglMakeCurrent: 0xb0685360: ver 2 0 (tinfo 0xb06836c0)
06-05 23:01:01.319 D/EGL_emulation( 1712): eglMakeCurrent: 0xb0685360: ver 2 0 (tinfo 0xb06836c0)
06-05 23:01:01.319 I/System.out(13459): URI: //gesture
06-05 23:01:01.319 I/System.out(13459): params: {json={"query_timeout":5.0,"gestures":[{"query_string":"* marked:'Statistics'","touches":[{"x":50,"y":50,"offset_x":0,"offset_y":0,"wait":0.0,"time":0.2,"release":true,"query_string":null}]}]}
06-05 23:01:01.319 I/System.out(13459): }
06-05 23:01:01.323 W/ResourceType(13459): No package identifier when getting name for resource number 0x00000001
06-05 23:01:01.333 D/EGL_emulation( 1712): eglMakeCurrent: 0xb0685360: ver 2 0 (tinfo 0xb06836c0)
06-05 23:01:01.341 D/EGL_emulation( 1712): eglMakeCurrent: 0xb0685360: ver 2 0 (tinfo 0xb06836c0)
06-05 23:01:01.352 D/EGL_emulation( 1712): eglMakeCurrent: 0xb0685360: ver 2 0 (tinfo 0xb06836c0)
06-05 23:01:01.357 D/EGL_emulation( 1712): eglMakeCurrent: 0xb0685360: ver 2 0 (tinfo 0xb06836c0)
06-05 23:01:01.367 D/EGL_emulation( 1712): eglMakeCurrent: 0xb0685360: ver 2 0 (tinfo 0xb06836c0)
06-05 23:01:01.369 D/EGL_emulation( 1712): eglMakeCurrent: 0xb0685360: ver 2 0 (tinfo 0xb06836c0)
06-05 23:01:01.451 I/WindowManager( 1631): Destroying surface Surface(name=Starting com.evancharlton.mileage) called by com.android.server.wm.WindowStateAnimator.destroySurface:2016 com.android.server.wm.WindowStateAnimator.destroySurfaceLocked:882 com.android.server.wm.WindowState.destroyOrSaveSurface:2100 com.android.server.wm.AppWindowToken.destroySurfaces:363 com.android.server.wm.WindowStateAnimator.finishExit:565 com.android.server.wm.WindowStateAnimator.stepAnimationLocked:491 com.android.server.wm.WindowAnimator.updateWindowsLocked:303 com.android.server.wm.WindowAnimator.animateLocked:704 
06-05 23:01:01.456 V/PhoneStatusBar( 1712): setLightsOn(true)
06-05 23:01:01.485 V/PhoneStatusBar( 1712): setLightsOn(true)
06-05 23:01:01.557 I/calabash(13459): newActivity1
06-05 23:01:01.585 I/System.out(13459): URI: //map
06-05 23:01:01.585 I/System.out(13459): params: {json={"query":"android.widget.ScrollView index:0","operation":{"method_name":"query","arguments":[]}}
06-05 23:01:01.585 I/System.out(13459): }
06-05 23:01:01.590 W/ActivityManager( 1631): Bad activity token: android.os.BinderProxy@9c11424
06-05 23:01:01.590 W/ActivityManager( 1631): java.lang.ClassCastException: android.os.BinderProxy cannot be cast to com.android.server.am.ActivityRecord$Token
06-05 23:01:01.590 W/ActivityManager( 1631): 	at com.android.server.am.ActivityRecord.forTokenLocked(ActivityRecord.java:586)
06-05 23:01:01.590 W/ActivityManager( 1631): 	at com.android.server.am.ActivityRecord.isInStackLocked(ActivityRecord.java:1327)
06-05 23:01:01.590 W/ActivityManager( 1631): 	at com.android.server.am.ActivityRecord.getStackLocked(ActivityRecord.java:1332)
06-05 23:01:01.590 W/ActivityManager( 1631): 	at com.android.server.am.ActivityManagerService.getActivityDisplayId(ActivityManagerService.java:9806)
06-05 23:01:01.590 W/ActivityManager( 1631): 	at android.app.ActivityManagerNative.onTransact(ActivityManagerNative.java:2566)
06-05 23:01:01.590 W/ActivityManager( 1631): 	at com.android.server.am.ActivityManagerService.onTransact(ActivityManagerService.java:2757)
06-05 23:01:01.590 W/ActivityManager( 1631): 	at android.os.Binder.execTransact(Binder.java:565)
06-05 23:01:01.592 W/ActivityManager( 1631): Bad activity token: android.os.BinderProxy@9c11424
06-05 23:01:01.592 W/ActivityManager( 1631): java.lang.ClassCastException: android.os.BinderProxy cannot be cast to com.android.server.am.ActivityRecord$Token
06-05 23:01:01.592 W/ActivityManager( 1631): 	at com.android.server.am.ActivityRecord.forTokenLocked(ActivityRecord.java:586)
06-05 23:01:01.592 W/ActivityManager( 1631): 	at com.android.server.am.ActivityRecord.isInStackLocked(ActivityRecord.java:1327)
06-05 23:01:01.592 W/ActivityManager( 1631): 	at com.android.server.am.ActivityManagerService.setTaskDescription(ActivityManagerService.java:9358)
06-05 23:01:01.592 W/ActivityManager( 1631): 	at android.app.ActivityManagerNative.onTransact(ActivityManagerNative.java:2639)
06-05 23:01:01.592 W/ActivityManager( 1631): 	at com.android.server.am.ActivityManagerService.onTransact(ActivityManagerService.java:2757)
06-05 23:01:01.592 W/ActivityManager( 1631): 	at android.os.Binder.execTransact(Binder.java:565)
06-05 23:01:01.592 W/ActivityManager( 1631): Bad activity token: android.os.BinderProxy@9c11424
06-05 23:01:01.592 W/ActivityManager( 1631): java.lang.ClassCastException: android.os.BinderProxy cannot be cast to com.android.server.am.ActivityRecord$Token
06-05 23:01:01.592 W/ActivityManager( 1631): 	at com.android.server.am.ActivityRecord.forTokenLocked(ActivityRecord.java:586)
06-05 23:01:01.592 W/ActivityManager( 1631): 	at com.android.server.am.ActivityRecord.isInStackLocked(ActivityRecord.java:1327)
06-05 23:01:01.592 W/ActivityManager( 1631): 	at com.android.server.am.ActivityRecord.getStackLocked(ActivityRecord.java:1332)
06-05 23:01:01.592 W/ActivityManager( 1631): 	at com.android.server.am.ActivityManagerService.getActivityStackId(ActivityManagerService.java:9817)
06-05 23:01:01.592 W/ActivityManager( 1631): 	at android.app.ActivityManagerNative.onTransact(ActivityManagerNative.java:2856)
06-05 23:01:01.592 W/ActivityManager( 1631): 	at com.android.server.am.ActivityManagerService.onTransact(ActivityManagerService.java:2757)
06-05 23:01:01.592 W/ActivityManager( 1631): 	at android.os.Binder.execTransact(Binder.java:565)
06-05 23:01:01.600 V/PhoneStatusBar( 1712): setLightsOn(true)
06-05 23:01:01.601 D/VehicleStatisticsActivity(13459): Checking recalculation ...
06-05 23:01:01.602 D/VehicleStatisticsActivity(13459): Recalculation not necessary.
06-05 23:01:01.617 W/ActivityManager( 1631): Bad activity token: android.os.BinderProxy@9c11424
06-05 23:01:01.617 W/ActivityManager( 1631): java.lang.ClassCastException: android.os.BinderProxy cannot be cast to com.android.server.am.ActivityRecord$Token
06-05 23:01:01.617 W/ActivityManager( 1631): 	at com.android.server.am.ActivityRecord.forTokenLocked(ActivityRecord.java:586)
06-05 23:01:01.617 W/ActivityManager( 1631): 	at com.android.server.am.ActivityRecord.isInStackLocked(ActivityRecord.java:1327)
06-05 23:01:01.617 W/ActivityManager( 1631): 	at com.android.server.am.ActivityManagerService.getActivityOptions(ActivityManagerService.java:12559)
06-05 23:01:01.617 W/ActivityManager( 1631): 	at android.app.ActivityManagerNative.onTransact(ActivityManagerNative.java:1933)
06-05 23:01:01.617 W/ActivityManager( 1631): 	at com.android.server.am.ActivityManagerService.onTransact(ActivityManagerService.java:2757)
06-05 23:01:01.617 W/ActivityManager( 1631): 	at android.os.Binder.execTransact(Binder.java:565)
06-05 23:01:01.617 W/ActivityManager( 1631): Bad activity token: android.os.BinderProxy@9c11424
06-05 23:01:01.617 W/ActivityManager( 1631): java.lang.ClassCastException: android.os.BinderProxy cannot be cast to com.android.server.am.ActivityRecord$Token
06-05 23:01:01.617 W/ActivityManager( 1631): 	at com.android.server.am.ActivityRecord.forTokenLocked(ActivityRecord.java:586)
06-05 23:01:01.617 W/ActivityManager( 1631): 	at com.android.server.am.ActivityRecord.isInStackLocked(ActivityRecord.java:1327)
06-05 23:01:01.617 W/ActivityManager( 1631): 	at com.android.server.am.ActivityManagerService.getActivityOptions(ActivityManagerService.java:12559)
06-05 23:01:01.617 W/ActivityManager( 1631): 	at android.app.ActivityManagerNative.onTransact(ActivityManagerNative.java:1933)
06-05 23:01:01.617 W/ActivityManager( 1631): 	at com.android.server.am.ActivityManagerService.onTransact(ActivityManagerService.java:2757)
06-05 23:01:01.617 W/ActivityManager( 1631): 	at android.os.Binder.execTransact(Binder.java:565)
06-05 23:01:01.618 D/VehicleStatisticsActivity(13459): Checking recalculation ...
06-05 23:01:01.619 D/VehicleStatisticsActivity(13459): Recalculation not necessary.
06-05 23:01:01.705 I/System.out(13459): URI: //map
06-05 23:01:01.705 I/System.out(13459): params: {json={"query":"android.widget.AbsListView index:0","operation":{"method_name":"query","arguments":[]}}
06-05 23:01:01.705 I/System.out(13459): }
06-05 23:01:01.709 I/art     (13459): Do partial code cache collection, code=30KB, data=29KB
06-05 23:01:01.709 I/art     (13459): After code cache collection, code=29KB, data=29KB
06-05 23:01:01.709 I/art     (13459): Increasing code cache capacity to 128KB
06-05 23:01:01.719 I/System.out(13459): URI: //map
06-05 23:01:01.719 I/System.out(13459): params: {json={"query":"android.widget.AbsListView index:0","operation":{"method_name":"query","arguments":[]}}
06-05 23:01:01.719 I/System.out(13459): }
06-05 23:01:01.732 I/System.out(13459): URI: //map
06-05 23:01:01.732 I/System.out(13459): params: {json={"query":"android.widget.AbsListView index:0","operation":{"method_name":"query","arguments":[]}}
06-05 23:01:01.732 I/System.out(13459): }
06-05 23:01:01.745 I/System.out(13459): URI: //map
06-05 23:01:01.746 I/System.out(13459): params: {json={"query":"android.widget.AbsListView index:0","operation":{"method_name":"query","arguments":["getFirstVisiblePosition"]}}
06-05 23:01:01.746 I/System.out(13459): }
06-05 23:01:01.757 I/System.out(13459): URI: //map
06-05 23:01:01.757 I/System.out(13459): params: {json={"query":"android.widget.AbsListView index:0","operation":{"method_name":"query","arguments":["getLastVisiblePosition"]}}
06-05 23:01:01.757 I/System.out(13459): }
06-05 23:01:01.769 I/System.out(13459): URI: //map
06-05 23:01:01.769 I/System.out(13459): params: {json={"query":"android.widget.AbsListView index:0","operation":{"method_name":"query","arguments":[{"method_name":"setSelection","arguments":[26]}]}}
06-05 23:01:01.769 I/System.out(13459): }
06-05 23:01:01.787 I/System.out(13459): URI: //map
06-05 23:01:01.787 I/System.out(13459): params: {json={"query":"* marked:'Maximum price'","operation":{"method_name":"query","arguments":[]}}
06-05 23:01:01.787 I/System.out(13459): }
06-05 23:01:01.830 D/gralloc_ranchu( 1347): gralloc_alloc: Creating ashmem region of size 9023488
06-05 23:01:01.882 W/ResourceType(13459): No package identifier when getting name for resource number 0x00000001
06-05 23:01:01.893 I/System.out(13459): URI: //gesture
06-05 23:01:01.893 I/System.out(13459): params: {json={"query_timeout":5.0,"gestures":[{"query_string":"* marked:'Maximum price'","touches":[{"x":50,"y":50,"offset_x":0,"offset_y":0,"wait":0.0,"time":0.2,"release":true,"query_string":null}]}]}
06-05 23:01:01.893 I/System.out(13459): }
06-05 23:01:01.898 W/ResourceType(13459): No package identifier when getting name for resource number 0x00000001
06-05 23:01:01.900 V/PhoneStatusBar( 1712): setLightsOn(true)
06-05 23:01:01.901 V/PhoneStatusBar( 1712): setLightsOn(true)
06-05 23:01:01.901 W/OpenGLRenderer( 2076): Incorrectly called buildLayer on View: ShortcutAndWidgetContainer, destroying layer...
06-05 23:01:01.917 I/WindowManager( 1631): Destroying surface Surface(name=com.android.launcher3/com.android.launcher3.Launcher) called by com.android.server.wm.WindowStateAnimator.destroySurface:2016 com.android.server.wm.WindowStateAnimator.destroySurfaceLocked:882 com.android.server.wm.WindowState.destroyOrSaveSurface:2100 com.android.server.wm.AppWindowToken.destroySurfaces:363 com.android.server.wm.AppWindowToken.notifyAppStopped:389 com.android.server.wm.WindowManagerService.notifyAppStopped:4463 com.android.server.am.ActivityStack.activityStoppedLocked:1252 com.android.server.am.ActivityManagerService.activityStopped:6903 
06-05 23:01:01.917 V/PhoneStatusBar( 1712): setLightsOn(true)
06-05 23:01:02.134 I/ActivityManager( 1631): START u0 {cmp=com.evancharlton.mileage/.charts.MaximumPriceChart (has extras)} from uid 10326 on display 0
06-05 23:01:02.135 V/PhoneStatusBar( 1712): setLightsOn(true)
06-05 23:01:02.136 V/PhoneStatusBar( 1712): setLightsOn(true)
06-05 23:01:02.145 I/System.out(13459): URI: //map
06-05 23:01:02.145 I/System.out(13459): params: {json={"query":"* {text CONTAINS[c] 'Most expensive fuel'}","operation":{"method_name":"query","arguments":[]}}
06-05 23:01:02.145 I/System.out(13459): }
06-05 23:01:02.190 I/calabash(13459): newActivity1
06-05 23:01:02.193 W/aiCharts(13459): License file is invalid or missing. 
06-05 23:01:02.193 W/aiCharts(13459): Please place proper license.lic to /assets folder.
06-05 23:01:02.206 V/PhoneStatusBar( 1712): setLightsOn(true)
06-05 23:01:02.233 V/PhoneStatusBar( 1712): setLightsOn(true)
06-05 23:01:02.238 I/WindowManager( 1631): Destroying surface Surface(name=Creating chart…) called by com.android.server.wm.WindowStateAnimator.destroySurface:2016 com.android.server.wm.WindowStateAnimator.destroySurfaceLocked:882 com.android.server.wm.WindowState.removeLocked:1456 com.android.server.wm.WindowManagerService.removeWindowInnerLocked:2484 com.android.server.wm.WindowManagerService.removeWindowLocked:2442 com.android.server.wm.WindowManagerService.removeWindowLocked:2311 com.android.server.wm.WindowManagerService.removeWindow:2306 com.android.server.wm.Session.remove:202 
06-05 23:01:02.240 D/gralloc_ranchu( 1347): gralloc_alloc: Creating ashmem region of size 9023488
06-05 23:01:02.250 V/PhoneStatusBar( 1712): setLightsOn(true)
06-05 23:01:02.262 I/ActivityManager( 1631): Displayed com.evancharlton.mileage/.charts.MaximumPriceChart: +74ms
06-05 23:01:02.267 V/PhoneStatusBar( 1712): setLightsOn(true)
06-05 23:01:02.301 V/PhoneStatusBar( 1712): setLightsOn(true)
06-05 23:01:02.318 V/PhoneStatusBar( 1712): setLightsOn(true)
06-05 23:01:02.500 V/PhoneStatusBar( 1712): setLightsOn(true)
06-05 23:01:02.519 I/System.out(13459): URI: //map
06-05 23:01:02.519 I/System.out(13459): params: {json={"query":"* {text CONTAINS[c] 'Most expensive fuel'}","operation":{"method_name":"query","arguments":[]}}
06-05 23:01:02.519 I/System.out(13459): }
06-05 23:01:02.533 I/art     (13459): Do partial code cache collection, code=61KB, data=62KB
06-05 23:01:02.533 I/art     (13459): After code cache collection, code=60KB, data=61KB
06-05 23:01:02.533 I/art     (13459): Increasing code cache capacity to 256KB
06-05 23:01:02.533 I/System.out(13459): URI: //
06-05 23:01:02.533 I/System.out(13459): params: {json={"command":"press_key","arguments":["KEYCODE_BACK"]}
06-05 23:01:02.533 I/System.out(13459): }
06-05 23:01:02.533 I/System.out(13459): header: {content-type=application/json;charset=utf-8, date=Sat, 06 Jun 2020 04:01:02 GMT, accept=*/*, host=127.0.0.1:34777, content-length=52, user-agent=HTTPClient/1.0 (2.8.3, ruby 2.5.1 (2018-03-29))}
06-05 23:01:02.533 I/System.out(13459): params: {json={"command":"press_key","arguments":["KEYCODE_BACK"]}
06-05 23:01:02.533 I/System.out(13459): }
06-05 23:01:02.533 I/System.out(13459): ProP json = {"command":"press_key","arguments":["KEYCODE_BACK"]}
06-05 23:01:02.533 I/System.out(13459): files: {}
06-05 23:01:02.533 I/System.out(13459): command: {"command":"press_key","arguments":["KEYCODE_BACK"]}
06-05 23:01:02.534 I/InstrumentationBackend(13459): Got command:'Command:'Line:null,press_key', arguments:'[KEYCODE_BACK]'
06-05 23:01:02.537 V/PhoneStatusBar( 1712): setLightsOn(true)
06-05 23:01:02.538 V/PhoneStatusBar( 1712): setLightsOn(true)
06-05 23:01:02.540 I/System.out(13459): result:{"bonusInformation":[],"message":"","success":true}
06-05 23:01:02.540 D/VehicleStatisticsActivity(13459): Checking recalculation ...
06-05 23:01:02.541 D/VehicleStatisticsActivity(13459): Recalculation not necessary.
06-05 23:01:02.542 I/System.out(13459): URI: //map
06-05 23:01:02.542 I/System.out(13459): params: {json={"query":"* {text CONTAINS[c] 'Statistics'}","operation":{"method_name":"query","arguments":[]}}
06-05 23:01:02.542 I/System.out(13459): }
06-05 23:01:02.551 V/PhoneStatusBar( 1712): setLightsOn(true)
06-05 23:01:02.568 V/PhoneStatusBar( 1712): setLightsOn(true)
06-05 23:01:02.579 D/gralloc_ranchu( 1347): gralloc_alloc: Creating ashmem region of size 9023488
06-05 23:01:02.583 V/PhoneStatusBar( 1712): setLightsOn(true)
06-05 23:01:02.617 V/PhoneStatusBar( 1712): setLightsOn(true)
