06-06 03:13:29.499 D/gralloc_ranchu( 1347): gralloc_alloc: Creating ashmem region of size 9023488
06-06 03:13:29.513 V/PhoneStatusBar( 1711): setLightsOn(true)
06-06 03:13:29.530 I/ActivityManager( 1630): Displayed com.evancharlton.mileage/.FieldActivity: +59ms
06-06 03:13:29.530 W/InputMethodService( 1696): Window size has been changed. This may cause jankiness of resizing window: -1 -> -2
06-06 03:13:29.530 V/PhoneStatusBar( 1711): setLightsOn(true)
06-06 03:13:29.531 D/gralloc_ranchu( 1347): gralloc_alloc: Creating ashmem region of size 9023488
06-06 03:13:29.535 I/LatinIME( 1696): Starting input. Cursor position = 0,0
06-06 03:13:29.547 V/PhoneStatusBar( 1711): setLightsOn(true)
06-06 03:13:29.597 V/PhoneStatusBar( 1711): setLightsOn(true)
06-06 03:13:29.614 V/PhoneStatusBar( 1711): setLightsOn(true)
06-06 03:13:29.631 D/EGL_emulation( 1711): eglMakeCurrent: 0xa7985720: ver 2 0 (tinfo 0xa7983770)
06-06 03:13:29.632 V/PhoneStatusBar( 1711): setLightsOn(true)
06-06 03:13:29.632 D/EGL_emulation( 1696): eglMakeCurrent: 0x9cbfeaa0: ver 2 0 (tinfo 0x98551b20)
06-06 03:13:29.647 D/EGL_emulation( 1711): eglMakeCurrent: 0xa7985720: ver 2 0 (tinfo 0xa7983770)
06-06 03:13:29.663 V/PhoneStatusBar( 1711): setLightsOn(true)
06-06 03:13:29.764 V/PhoneStatusBar( 1711): setLightsOn(true)
06-06 03:13:29.860 I/System.out(32093): URI: //
06-06 03:13:29.860 I/System.out(32093): params: {json={"command":"set_selection","arguments":[-1,-1]}
06-06 03:13:29.860 I/System.out(32093): }
06-06 03:13:29.860 I/System.out(32093): header: {content-type=application/json;charset=utf-8, date=Sat, 06 Jun 2020 08:13:30 GMT, accept=*/*, host=127.0.0.1:34777, content-length=47, user-agent=HTTPClient/1.0 (2.8.3, ruby 2.5.1 (2018-03-29))}
06-06 03:13:29.860 I/System.out(32093): params: {json={"command":"set_selection","arguments":[-1,-1]}
06-06 03:13:29.860 I/System.out(32093): }
06-06 03:13:29.860 I/System.out(32093): ProP json = {"command":"set_selection","arguments":[-1,-1]}
06-06 03:13:29.860 I/System.out(32093): files: {}
06-06 03:13:29.860 I/System.out(32093): command: {"command":"set_selection","arguments":[-1,-1]}
06-06 03:13:29.866 V/PhoneStatusBar( 1711): setLightsOn(true)
06-06 03:13:29.866 I/InstrumentationBackend(32093): Got command:'Command:'Line:null,set_selection', arguments:'[-1, -1]'
06-06 03:13:29.878 I/System.out(32093): result:{"bonusInformation":[],"message":"","success":true}
06-06 03:13:29.897 V/PhoneStatusBar( 1711): setLightsOn(true)
06-06 03:13:29.899 V/PhoneStatusBar( 1711): setLightsOn(true)
06-06 03:13:29.915 V/PhoneStatusBar( 1711): setLightsOn(true)
06-06 03:13:29.938 I/System.out(32093): URI: //
06-06 03:13:29.938 I/System.out(32093): params: {json={"command":"keyboard_enter_text","arguments":["Gas station address"]}
06-06 03:13:29.938 I/System.out(32093): }
06-06 03:13:29.938 I/System.out(32093): header: {content-type=application/json;charset=utf-8, date=Sat, 06 Jun 2020 08:13:30 GMT, accept=*/*, host=127.0.0.1:34777, content-length=69, user-agent=HTTPClient/1.0 (2.8.3, ruby 2.5.1 (2018-03-29))}
06-06 03:13:29.938 I/System.out(32093): params: {json={"command":"keyboard_enter_text","arguments":["Gas station address"]}
06-06 03:13:29.938 I/System.out(32093): }
06-06 03:13:29.938 I/System.out(32093): ProP json = {"command":"keyboard_enter_text","arguments":["Gas station address"]}
06-06 03:13:29.938 I/System.out(32093): files: {}
06-06 03:13:29.938 I/System.out(32093): command: {"command":"keyboard_enter_text","arguments":["Gas station address"]}
06-06 03:13:29.939 I/InstrumentationBackend(32093): Got command:'Command:'Line:null,keyboard_enter_text', arguments:'[Gas station address]'
06-06 03:13:29.947 I/WindowManager( 1630): Destroying surface Surface(name=com.evancharlton.mileage/com.evancharlton.mileage.FieldListActivity) called by com.android.server.wm.WindowStateAnimator.destroySurface:2016 com.android.server.wm.WindowStateAnimator.destroySurfaceLocked:882 com.android.server.wm.WindowState.destroyOrSaveSurface:2100 com.android.server.wm.WindowManagerService.tryStartExitingAnimation:3024 com.android.server.wm.WindowManagerService.relayoutWindow:2904 com.android.server.wm.Session.relayout:224 android.view.IWindowSession$Stub.onTransact:286 com.android.server.wm.Session.onTransact:145 
06-06 03:13:29.947 V/PhoneStatusBar( 1711): setLightsOn(true)
06-06 03:13:29.949 E/SpannableStringBuilder(32093): SPAN_EXCLUSIVE_EXCLUSIVE spans cannot have a zero length
06-06 03:13:29.949 E/SpannableStringBuilder(32093): SPAN_EXCLUSIVE_EXCLUSIVE spans cannot have a zero length
06-06 03:13:29.955 I/LatinIME:LogUtils( 1696): Dictionary info: dictionary = spellcheck_userunigram.en_US ; version = 1591431209 ; date = ?
06-06 03:13:29.959 I/LatinIME:LogUtils( 1696): Dictionary info: dictionary = main:en ; version = 54 ; date = 1414726273
06-06 03:13:29.960 E/SpannableStringBuilder(32093): SPAN_EXCLUSIVE_EXCLUSIVE spans cannot have a zero length
06-06 03:13:29.960 E/SpannableStringBuilder(32093): SPAN_EXCLUSIVE_EXCLUSIVE spans cannot have a zero length
06-06 03:13:29.965 I/System.out(32093): result:{"bonusInformation":[],"message":"","success":true}
06-06 03:13:29.968 I/System.out(32093): URI: //
06-06 03:13:29.969 I/System.out(32093): params: {json={"command":"press_key","arguments":["KEYCODE_BACK"]}
06-06 03:13:29.969 I/System.out(32093): }
06-06 03:13:29.969 I/System.out(32093): header: {content-type=application/json;charset=utf-8, date=Sat, 06 Jun 2020 08:13:30 GMT, accept=*/*, host=127.0.0.1:34777, content-length=52, user-agent=HTTPClient/1.0 (2.8.3, ruby 2.5.1 (2018-03-29))}
06-06 03:13:29.969 I/System.out(32093): params: {json={"command":"press_key","arguments":["KEYCODE_BACK"]}
06-06 03:13:29.969 I/System.out(32093): }
06-06 03:13:29.969 I/System.out(32093): ProP json = {"command":"press_key","arguments":["KEYCODE_BACK"]}
06-06 03:13:29.969 I/System.out(32093): files: {}
06-06 03:13:29.969 I/System.out(32093): command: {"command":"press_key","arguments":["KEYCODE_BACK"]}
06-06 03:13:29.970 I/InstrumentationBackend(32093): Got command:'Command:'Line:null,press_key', arguments:'[KEYCODE_BACK]'
06-06 03:13:30.052 W/InputMethodService( 1696): Window size has been changed. This may cause jankiness of resizing window: -1 -> -2
06-06 03:13:30.053 I/System.out(32093): result:{"bonusInformation":[],"message":"","success":true}
06-06 03:13:30.055 I/System.out(32093): URI: //map
06-06 03:13:30.055 I/System.out(32093): params: {json={"query":"* marked:'Add new field'","operation":{"method_name":"query","arguments":[]}}
06-06 03:13:30.055 I/System.out(32093): }
06-06 03:13:30.058 W/ResourceType(32093): No package identifier when getting name for resource number 0x00000001
06-06 03:13:30.064 D/EGL_emulation( 1711): eglMakeCurrent: 0xa7985720: ver 2 0 (tinfo 0xa7983770)
06-06 03:13:30.064 D/EGL_emulation( 1696): eglMakeCurrent: 0x9cbfeaa0: ver 2 0 (tinfo 0x98551b20)
06-06 03:13:30.066 V/PhoneStatusBar( 1711): setLightsOn(true)
06-06 03:13:30.067 V/PhoneStatusBar( 1711): setLightsOn(true)
06-06 03:13:30.080 V/PhoneStatusBar( 1711): setLightsOn(true)
06-06 03:13:30.248 V/PhoneStatusBar( 1711): setLightsOn(true)
06-06 03:13:30.248 I/WindowManager( 1630): Destroying surface Surface(name=InputMethod) called by com.android.server.wm.WindowStateAnimator.destroySurface:2016 com.android.server.wm.WindowStateAnimator.destroySurfaceLocked:882 com.android.server.wm.WindowState.destroyOrSaveSurface:2100 com.android.server.wm.WindowSurfacePlacer.performSurfacePlacementInner:429 com.android.server.wm.WindowSurfacePlacer.performSurfacePlacementLoop:232 com.android.server.wm.WindowSurfacePlacer.performSurfacePlacement:180 com.android.server.wm.WindowManagerService$H.handleMessage:8086 android.os.Handler.dispatchMessage:102 
06-06 03:13:30.365 I/System.out(32093): URI: //map
06-06 03:13:30.365 I/System.out(32093): params: {json={"query":"* marked:'Add new field'","operation":{"method_name":"query","arguments":[]}}
06-06 03:13:30.365 I/System.out(32093): }
06-06 03:13:30.371 W/ResourceType(32093): No package identifier when getting name for resource number 0x00000001
06-06 03:13:30.681 I/System.out(32093): URI: //map
06-06 03:13:30.681 I/System.out(32093): params: {json={"query":"* marked:'Add new field'","operation":{"method_name":"query","arguments":[]}}
06-06 03:13:30.681 I/System.out(32093): }
06-06 03:13:30.745 W/ResourceType(32093): No package identifier when getting name for resource number 0x00000001
06-06 03:13:31.052 I/System.out(32093): URI: //map
06-06 03:13:31.052 I/System.out(32093): params: {json={"query":"* marked:'Add new field'","operation":{"method_name":"query","arguments":[]}}
06-06 03:13:31.052 I/System.out(32093): }
06-06 03:13:31.055 W/ResourceType(32093): No package identifier when getting name for resource number 0x00000001
06-06 03:13:31.361 I/System.out(32093): URI: //map
06-06 03:13:31.361 I/System.out(32093): params: {json={"query":"* marked:'Add new field'","operation":{"method_name":"query","arguments":[]}}
06-06 03:13:31.361 I/System.out(32093): }
06-06 03:13:31.365 W/ResourceType(32093): No package identifier when getting name for resource number 0x00000001
06-06 03:13:31.674 I/System.out(32093): URI: //map
06-06 03:13:31.674 I/System.out(32093): params: {json={"query":"* marked:'Add new field'","operation":{"method_name":"query","arguments":[]}}
06-06 03:13:31.674 I/System.out(32093): }
06-06 03:13:31.698 W/ResourceType(32093): No package identifier when getting name for resource number 0x00000001
06-06 03:13:32.005 I/System.out(32093): URI: //map
06-06 03:13:32.005 I/System.out(32093): params: {json={"query":"* marked:'Add new field'","operation":{"method_name":"query","arguments":[]}}
06-06 03:13:32.005 I/System.out(32093): }
06-06 03:13:32.009 W/ResourceType(32093): No package identifier when getting name for resource number 0x00000001
06-06 03:13:32.317 I/System.out(32093): URI: //map
06-06 03:13:32.317 I/System.out(32093): params: {json={"query":"* marked:'Add new field'","operation":{"method_name":"query","arguments":[]}}
06-06 03:13:32.317 I/System.out(32093): }
06-06 03:13:32.320 W/ResourceType(32093): No package identifier when getting name for resource number 0x00000001
06-06 03:13:32.621 W/audio_hw_generic( 1395): Not supplying enough data to HAL, expected position 261056296 , only wrote 260352000
06-06 03:13:32.628 I/System.out(32093): URI: //map
06-06 03:13:32.628 I/System.out(32093): params: {json={"query":"* marked:'Add new field'","operation":{"method_name":"query","arguments":[]}}
06-06 03:13:32.628 I/System.out(32093): }
06-06 03:13:32.632 W/ResourceType(32093): No package identifier when getting name for resource number 0x00000001
06-06 03:13:32.941 I/System.out(32093): URI: //map
06-06 03:13:32.941 I/System.out(32093): params: {json={"query":"* marked:'Add new field'","operation":{"method_name":"query","arguments":[]}}
06-06 03:13:32.941 I/System.out(32093): }
06-06 03:13:32.954 W/ResourceType(32093): No package identifier when getting name for resource number 0x00000001
06-06 03:13:33.279 I/System.out(32093): URI: //map
06-06 03:13:33.279 I/System.out(32093): params: {json={"query":"* marked:'Add new field'","operation":{"method_name":"query","arguments":[]}}
06-06 03:13:33.279 I/System.out(32093): }
06-06 03:13:33.292 W/ResourceType(32093): No package identifier when getting name for resource number 0x00000001
06-06 03:13:33.608 I/System.out(32093): URI: //map
06-06 03:13:33.608 I/System.out(32093): params: {json={"query":"* marked:'Add new field'","operation":{"method_name":"query","arguments":[]}}
06-06 03:13:33.608 I/System.out(32093): }
06-06 03:13:33.612 W/ResourceType(32093): No package identifier when getting name for resource number 0x00000001
06-06 03:13:33.921 I/System.out(32093): URI: //map
06-06 03:13:33.921 I/System.out(32093): params: {json={"query":"* marked:'Add new field'","operation":{"method_name":"query","arguments":[]}}
06-06 03:13:33.921 I/System.out(32093): }
06-06 03:13:33.933 W/ResourceType(32093): No package identifier when getting name for resource number 0x00000001
06-06 03:13:34.253 I/System.out(32093): URI: //map
06-06 03:13:34.253 I/System.out(32093): params: {json={"query":"* marked:'Add new field'","operation":{"method_name":"query","arguments":[]}}
06-06 03:13:34.253 I/System.out(32093): }
06-06 03:13:34.267 W/ResourceType(32093): No package identifier when getting name for resource number 0x00000001
06-06 03:13:34.581 I/System.out(32093): URI: //map
06-06 03:13:34.581 I/System.out(32093): params: {json={"query":"* marked:'Add new field'","operation":{"method_name":"query","arguments":[]}}
06-06 03:13:34.581 I/System.out(32093): }
06-06 03:13:34.587 W/ResourceType(32093): No package identifier when getting name for resource number 0x00000001
06-06 03:13:34.896 I/System.out(32093): URI: //map
06-06 03:13:34.896 I/System.out(32093): params: {json={"query":"* marked:'Add new field'","operation":{"method_name":"query","arguments":[]}}
06-06 03:13:34.896 I/System.out(32093): }
06-06 03:13:34.901 W/ResourceType(32093): No package identifier when getting name for resource number 0x00000001
06-06 03:13:35.208 I/System.out(32093): URI: //map
06-06 03:13:35.208 I/System.out(32093): params: {json={"query":"* marked:'Add new field'","operation":{"method_name":"query","arguments":[]}}
06-06 03:13:35.208 I/System.out(32093): }
06-06 03:13:35.212 W/ResourceType(32093): No package identifier when getting name for resource number 0x00000001
06-06 03:13:35.520 I/System.out(32093): URI: //map
06-06 03:13:35.520 I/System.out(32093): params: {json={"query":"* marked:'Add new field'","operation":{"method_name":"query","arguments":[]}}
06-06 03:13:35.520 I/System.out(32093): }
06-06 03:13:35.524 W/ResourceType(32093): No package identifier when getting name for resource number 0x00000001
06-06 03:13:35.831 I/System.out(32093): URI: //map
06-06 03:13:35.831 I/System.out(32093): params: {json={"query":"* marked:'Add new field'","operation":{"method_name":"query","arguments":[]}}
06-06 03:13:35.831 I/System.out(32093): }
06-06 03:13:35.835 W/ResourceType(32093): No package identifier when getting name for resource number 0x00000001
06-06 03:13:36.141 I/System.out(32093): URI: //map
06-06 03:13:36.141 I/System.out(32093): params: {json={"query":"* marked:'Add new field'","operation":{"method_name":"query","arguments":[]}}
06-06 03:13:36.141 I/System.out(32093): }
06-06 03:13:36.144 W/ResourceType(32093): No package identifier when getting name for resource number 0x00000001
06-06 03:13:36.452 I/System.out(32093): URI: //map
06-06 03:13:36.452 I/System.out(32093): params: {json={"query":"* marked:'Add new field'","operation":{"method_name":"query","arguments":[]}}
06-06 03:13:36.452 I/System.out(32093): }
06-06 03:13:36.456 W/ResourceType(32093): No package identifier when getting name for resource number 0x00000001
06-06 03:13:36.765 I/System.out(32093): URI: //map
06-06 03:13:36.765 I/System.out(32093): params: {json={"query":"* marked:'Add new field'","operation":{"method_name":"query","arguments":[]}}
06-06 03:13:36.765 I/System.out(32093): }
06-06 03:13:36.769 W/ResourceType(32093): No package identifier when getting name for resource number 0x00000001
06-06 03:13:37.075 I/System.out(32093): URI: //map
06-06 03:13:37.075 I/System.out(32093): params: {json={"query":"* marked:'Add new field'","operation":{"method_name":"query","arguments":[]}}
06-06 03:13:37.075 I/System.out(32093): }
06-06 03:13:37.079 W/ResourceType(32093): No package identifier when getting name for resource number 0x00000001
06-06 03:13:37.385 I/System.out(32093): URI: //map
06-06 03:13:37.385 I/System.out(32093): params: {json={"query":"* marked:'Add new field'","operation":{"method_name":"query","arguments":[]}}
06-06 03:13:37.385 I/System.out(32093): }
06-06 03:13:37.388 W/ResourceType(32093): No package identifier when getting name for resource number 0x00000001
06-06 03:13:37.695 I/System.out(32093): URI: //map
06-06 03:13:37.695 I/System.out(32093): params: {json={"query":"* marked:'Add new field'","operation":{"method_name":"query","arguments":[]}}
06-06 03:13:37.695 I/System.out(32093): }
06-06 03:13:37.704 W/ResourceType(32093): No package identifier when getting name for resource number 0x00000001
06-06 03:13:38.016 I/System.out(32093): URI: //map
06-06 03:13:38.016 I/System.out(32093): params: {json={"query":"* marked:'Add new field'","operation":{"method_name":"query","arguments":[]}}
06-06 03:13:38.016 I/System.out(32093): }
06-06 03:13:38.028 W/ResourceType(32093): No package identifier when getting name for resource number 0x00000001
06-06 03:13:38.340 I/System.out(32093): URI: //map
06-06 03:13:38.340 I/System.out(32093): params: {json={"query":"* marked:'Add new field'","operation":{"method_name":"query","arguments":[]}}
06-06 03:13:38.340 I/System.out(32093): }
06-06 03:13:38.344 W/ResourceType(32093): No package identifier when getting name for resource number 0x00000001
06-06 03:13:38.652 I/System.out(32093): URI: //map
06-06 03:13:38.652 I/System.out(32093): params: {json={"query":"* marked:'Add new field'","operation":{"method_name":"query","arguments":[]}}
06-06 03:13:38.652 I/System.out(32093): }
06-06 03:13:38.656 W/ResourceType(32093): No package identifier when getting name for resource number 0x00000001
06-06 03:13:38.968 I/System.out(32093): URI: //map
06-06 03:13:38.968 I/System.out(32093): params: {json={"query":"* marked:'Add new field'","operation":{"method_name":"query","arguments":[]}}
06-06 03:13:38.968 I/System.out(32093): }
06-06 03:13:38.977 W/ResourceType(32093): No package identifier when getting name for resource number 0x00000001
06-06 03:13:39.292 I/System.out(32093): URI: //map
06-06 03:13:39.292 I/System.out(32093): params: {json={"query":"* marked:'Add new field'","operation":{"method_name":"query","arguments":[]}}
06-06 03:13:39.292 I/System.out(32093): }
06-06 03:13:39.296 W/ResourceType(32093): No package identifier when getting name for resource number 0x00000001
06-06 03:13:39.604 I/System.out(32093): URI: //map
06-06 03:13:39.604 I/System.out(32093): params: {json={"query":"* marked:'Add new field'","operation":{"method_name":"query","arguments":[]}}
06-06 03:13:39.604 I/System.out(32093): }
06-06 03:13:39.611 W/ResourceType(32093): No package identifier when getting name for resource number 0x00000001
06-06 03:13:39.920 I/System.out(32093): URI: //map
06-06 03:13:39.920 I/System.out(32093): params: {json={"query":"* marked:'Add new field'","operation":{"method_name":"query","arguments":[]}}
06-06 03:13:39.920 I/System.out(32093): }
06-06 03:13:39.927 W/ResourceType(32093): No package identifier when getting name for resource number 0x00000001
06-06 03:13:40.234 I/System.out(32093): URI: //map
06-06 03:13:40.234 I/System.out(32093): params: {json={"query":"* marked:'Add new field'","operation":{"method_name":"query","arguments":[]}}
06-06 03:13:40.234 I/System.out(32093): }
06-06 03:13:40.238 W/ResourceType(32093): No package identifier when getting name for resource number 0x00000001
06-06 03:13:40.544 I/System.out(32093): URI: //map
06-06 03:13:40.544 I/System.out(32093): params: {json={"query":"* marked:'Add new field'","operation":{"method_name":"query","arguments":[]}}
06-06 03:13:40.544 I/System.out(32093): }
06-06 03:13:40.548 W/ResourceType(32093): No package identifier when getting name for resource number 0x00000001
06-06 03:13:40.856 I/System.out(32093): URI: //map
06-06 03:13:40.856 I/System.out(32093): params: {json={"query":"* marked:'Add new field'","operation":{"method_name":"query","arguments":[]}}
06-06 03:13:40.856 I/System.out(32093): }
06-06 03:13:40.865 W/ResourceType(32093): No package identifier when getting name for resource number 0x00000001
06-06 03:13:41.178 I/System.out(32093): URI: //map
06-06 03:13:41.178 I/System.out(32093): params: {json={"query":"* marked:'Add new field'","operation":{"method_name":"query","arguments":[]}}
06-06 03:13:41.178 I/System.out(32093): }
06-06 03:13:41.204 W/ResourceType(32093): No package identifier when getting name for resource number 0x00000001
06-06 03:13:41.512 I/System.out(32093): URI: //map
06-06 03:13:41.512 I/System.out(32093): params: {json={"query":"* marked:'Add new field'","operation":{"method_name":"query","arguments":[]}}
06-06 03:13:41.512 I/System.out(32093): }
06-06 03:13:41.516 W/ResourceType(32093): No package identifier when getting name for resource number 0x00000001
06-06 03:13:41.821 I/System.out(32093): URI: //map
06-06 03:13:41.821 I/System.out(32093): params: {json={"query":"* marked:'Add new field'","operation":{"method_name":"query","arguments":[]}}
06-06 03:13:41.821 I/System.out(32093): }
06-06 03:13:41.825 W/ResourceType(32093): No package identifier when getting name for resource number 0x00000001
06-06 03:13:42.133 I/System.out(32093): URI: //map
06-06 03:13:42.133 I/System.out(32093): params: {json={"query":"* marked:'Add new field'","operation":{"method_name":"query","arguments":[]}}
06-06 03:13:42.133 I/System.out(32093): }
06-06 03:13:42.139 W/ResourceType(32093): No package identifier when getting name for resource number 0x00000001
06-06 03:13:42.450 I/System.out(32093): URI: //map
06-06 03:13:42.450 I/System.out(32093): params: {json={"query":"* marked:'Add new field'","operation":{"method_name":"query","arguments":[]}}
06-06 03:13:42.450 I/System.out(32093): }
06-06 03:13:42.455 W/ResourceType(32093): No package identifier when getting name for resource number 0x00000001
06-06 03:13:42.766 I/System.out(32093): URI: //map
06-06 03:13:42.766 I/System.out(32093): params: {json={"query":"* marked:'Add new field'","operation":{"method_name":"query","arguments":[]}}
06-06 03:13:42.766 I/System.out(32093): }
06-06 03:13:42.769 W/ResourceType(32093): No package identifier when getting name for resource number 0x00000001
06-06 03:13:43.079 I/System.out(32093): URI: //map
06-06 03:13:43.079 I/System.out(32093): params: {json={"query":"* marked:'Add new field'","operation":{"method_name":"query","arguments":[]}}
06-06 03:13:43.079 I/System.out(32093): }
06-06 03:13:43.093 W/ResourceType(32093): No package identifier when getting name for resource number 0x00000001
06-06 03:13:43.411 I/System.out(32093): URI: //map
06-06 03:13:43.411 I/System.out(32093): params: {json={"query":"* marked:'Add new field'","operation":{"method_name":"query","arguments":[]}}
06-06 03:13:43.411 I/System.out(32093): }
06-06 03:13:43.418 W/ResourceType(32093): No package identifier when getting name for resource number 0x00000001
06-06 03:13:43.726 I/System.out(32093): URI: //map
06-06 03:13:43.726 I/System.out(32093): params: {json={"query":"* marked:'Add new field'","operation":{"method_name":"query","arguments":[]}}
06-06 03:13:43.726 I/System.out(32093): }
06-06 03:13:43.729 W/ResourceType(32093): No package identifier when getting name for resource number 0x00000001
06-06 03:13:44.036 I/System.out(32093): URI: //map
06-06 03:13:44.036 I/System.out(32093): params: {json={"query":"* marked:'Add new field'","operation":{"method_name":"query","arguments":[]}}
06-06 03:13:44.036 I/System.out(32093): }
06-06 03:13:44.039 W/ResourceType(32093): No package identifier when getting name for resource number 0x00000001
06-06 03:13:44.347 I/System.out(32093): URI: //map
06-06 03:13:44.347 I/System.out(32093): params: {json={"query":"* marked:'Add new field'","operation":{"method_name":"query","arguments":[]}}
06-06 03:13:44.347 I/System.out(32093): }
06-06 03:13:44.352 W/ResourceType(32093): No package identifier when getting name for resource number 0x00000001
06-06 03:13:44.663 I/System.out(32093): URI: //map
06-06 03:13:44.663 I/System.out(32093): params: {json={"query":"* marked:'Add new field'","operation":{"method_name":"query","arguments":[]}}
06-06 03:13:44.663 I/System.out(32093): }
06-06 03:13:44.715 W/ResourceType(32093): No package identifier when getting name for resource number 0x00000001
06-06 03:13:45.024 I/System.out(32093): URI: //map
06-06 03:13:45.024 I/System.out(32093): params: {json={"query":"* marked:'Add new field'","operation":{"method_name":"query","arguments":[]}}
06-06 03:13:45.024 I/System.out(32093): }
06-06 03:13:45.034 W/ResourceType(32093): No package identifier when getting name for resource number 0x00000001
06-06 03:13:45.351 I/System.out(32093): URI: //map
06-06 03:13:45.351 I/System.out(32093): params: {json={"query":"* marked:'Add new field'","operation":{"method_name":"query","arguments":[]}}
06-06 03:13:45.351 I/System.out(32093): }
06-06 03:13:45.364 W/ResourceType(32093): No package identifier when getting name for resource number 0x00000001
06-06 03:13:45.681 I/art     (32093): Do full code cache collection, code=125KB, data=122KB
06-06 03:13:45.682 I/art     (32093): After code cache collection, code=119KB, data=109KB
06-06 03:13:45.690 I/System.out(32093): URI: //map
06-06 03:13:45.691 I/System.out(32093): params: {json={"query":"* marked:'Add new field'","operation":{"method_name":"query","arguments":[]}}
06-06 03:13:45.691 I/System.out(32093): }
06-06 03:13:45.711 W/ResourceType(32093): No package identifier when getting name for resource number 0x00000001
06-06 03:13:46.022 I/System.out(32093): URI: //map
06-06 03:13:46.022 I/System.out(32093): params: {json={"query":"* marked:'Add new field'","operation":{"method_name":"query","arguments":[]}}
06-06 03:13:46.022 I/System.out(32093): }
06-06 03:13:46.029 W/ResourceType(32093): No package identifier when getting name for resource number 0x00000001
06-06 03:13:46.342 I/System.out(32093): URI: //map
06-06 03:13:46.342 I/System.out(32093): params: {json={"query":"* marked:'Add new field'","operation":{"method_name":"query","arguments":[]}}
06-06 03:13:46.342 I/System.out(32093): }
06-06 03:13:46.356 W/ResourceType(32093): No package identifier when getting name for resource number 0x00000001
06-06 03:13:46.668 I/System.out(32093): URI: //map
06-06 03:13:46.668 I/System.out(32093): params: {json={"query":"* marked:'Add new field'","operation":{"method_name":"query","arguments":[]}}
06-06 03:13:46.668 I/System.out(32093): }
06-06 03:13:46.703 W/ResourceType(32093): No package identifier when getting name for resource number 0x00000001
06-06 03:13:47.012 I/System.out(32093): URI: //map
06-06 03:13:47.012 I/System.out(32093): params: {json={"query":"* marked:'Add new field'","operation":{"method_name":"query","arguments":[]}}
06-06 03:13:47.012 I/System.out(32093): }
06-06 03:13:47.024 W/ResourceType(32093): No package identifier when getting name for resource number 0x00000001
06-06 03:13:47.343 I/System.out(32093): URI: //map
06-06 03:13:47.343 I/System.out(32093): params: {json={"query":"* marked:'Add new field'","operation":{"method_name":"query","arguments":[]}}
06-06 03:13:47.343 I/System.out(32093): }
06-06 03:13:47.351 W/ResourceType(32093): No package identifier when getting name for resource number 0x00000001
06-06 03:13:47.666 I/System.out(32093): URI: //map
06-06 03:13:47.666 I/System.out(32093): params: {json={"query":"* marked:'Add new field'","operation":{"method_name":"query","arguments":[]}}
06-06 03:13:47.666 I/System.out(32093): }
06-06 03:13:47.703 W/ResourceType(32093): No package identifier when getting name for resource number 0x00000001
06-06 03:13:48.010 I/System.out(32093): URI: //map
06-06 03:13:48.010 I/System.out(32093): params: {json={"query":"* marked:'Add new field'","operation":{"method_name":"query","arguments":[]}}
06-06 03:13:48.010 I/System.out(32093): }
06-06 03:13:48.013 W/ResourceType(32093): No package identifier when getting name for resource number 0x00000001
06-06 03:13:48.323 I/System.out(32093): URI: //map
06-06 03:13:48.323 I/System.out(32093): params: {json={"query":"* marked:'Add new field'","operation":{"method_name":"query","arguments":[]}}
06-06 03:13:48.323 I/System.out(32093): }
06-06 03:13:48.326 W/ResourceType(32093): No package identifier when getting name for resource number 0x00000001
06-06 03:13:48.633 I/System.out(32093): URI: //map
06-06 03:13:48.633 I/System.out(32093): params: {json={"query":"* marked:'Add new field'","operation":{"method_name":"query","arguments":[]}}
06-06 03:13:48.633 I/System.out(32093): }
06-06 03:13:48.637 W/ResourceType(32093): No package identifier when getting name for resource number 0x00000001
06-06 03:13:48.944 I/System.out(32093): URI: //map
06-06 03:13:48.944 I/System.out(32093): params: {json={"query":"* marked:'Add new field'","operation":{"method_name":"query","arguments":[]}}
06-06 03:13:48.944 I/System.out(32093): }
06-06 03:13:48.947 W/ResourceType(32093): No package identifier when getting name for resource number 0x00000001
06-06 03:13:49.254 I/System.out(32093): URI: //map
06-06 03:13:49.254 I/System.out(32093): params: {json={"query":"* marked:'Add new field'","operation":{"method_name":"query","arguments":[]}}
06-06 03:13:49.254 I/System.out(32093): }
06-06 03:13:49.262 W/ResourceType(32093): No package identifier when getting name for resource number 0x00000001
06-06 03:13:49.576 I/System.out(32093): URI: //map
06-06 03:13:49.576 I/System.out(32093): params: {json={"query":"* marked:'Add new field'","operation":{"method_name":"query","arguments":[]}}
06-06 03:13:49.576 I/System.out(32093): }
06-06 03:13:49.580 W/ResourceType(32093): No package identifier when getting name for resource number 0x00000001
06-06 03:13:49.887 I/System.out(32093): URI: //map
06-06 03:13:49.887 I/System.out(32093): params: {json={"query":"* marked:'Add new field'","operation":{"method_name":"query","arguments":[]}}
06-06 03:13:49.887 I/System.out(32093): }
06-06 03:13:49.890 W/ResourceType(32093): No package identifier when getting name for resource number 0x00000001
06-06 03:13:50.197 I/System.out(32093): URI: //map
06-06 03:13:50.197 I/System.out(32093): params: {json={"query":"* marked:'Add new field'","operation":{"method_name":"query","arguments":[]}}
06-06 03:13:50.197 I/System.out(32093): }
06-06 03:13:50.207 W/ResourceType(32093): No package identifier when getting name for resource number 0x00000001
06-06 03:13:50.514 I/System.out(32093): URI: //map
06-06 03:13:50.514 I/System.out(32093): params: {json={"query":"* marked:'Add new field'","operation":{"method_name":"query","arguments":[]}}
06-06 03:13:50.514 I/System.out(32093): }
06-06 03:13:50.519 W/ResourceType(32093): No package identifier when getting name for resource number 0x00000001
06-06 03:13:50.829 I/System.out(32093): URI: //map
06-06 03:13:50.830 I/System.out(32093): params: {json={"query":"* marked:'Add new field'","operation":{"method_name":"query","arguments":[]}}
06-06 03:13:50.830 I/System.out(32093): }
06-06 03:13:50.844 W/ResourceType(32093): No package identifier when getting name for resource number 0x00000001
06-06 03:13:51.166 I/System.out(32093): URI: //map
06-06 03:13:51.166 I/System.out(32093): params: {json={"query":"* marked:'Add new field'","operation":{"method_name":"query","arguments":[]}}
06-06 03:13:51.166 I/System.out(32093): }
06-06 03:13:51.202 W/ResourceType(32093): No package identifier when getting name for resource number 0x00000001
06-06 03:13:51.508 I/System.out(32093): URI: //map
06-06 03:13:51.508 I/System.out(32093): params: {json={"query":"* marked:'Add new field'","operation":{"method_name":"query","arguments":[]}}
06-06 03:13:51.508 I/System.out(32093): }
06-06 03:13:51.514 W/ResourceType(32093): No package identifier when getting name for resource number 0x00000001
06-06 03:13:51.824 I/System.out(32093): URI: //map
06-06 03:13:51.824 I/System.out(32093): params: {json={"query":"* marked:'Add new field'","operation":{"method_name":"query","arguments":[]}}
06-06 03:13:51.824 I/System.out(32093): }
06-06 03:13:51.841 W/ResourceType(32093): No package identifier when getting name for resource number 0x00000001
06-06 03:13:52.157 I/System.out(32093): URI: //map
06-06 03:13:52.157 I/System.out(32093): params: {json={"query":"* marked:'Add new field'","operation":{"method_name":"query","arguments":[]}}
06-06 03:13:52.157 I/System.out(32093): }
06-06 03:13:52.167 W/ResourceType(32093): No package identifier when getting name for resource number 0x00000001
06-06 03:13:52.481 I/System.out(32093): URI: //map
06-06 03:13:52.481 I/System.out(32093): params: {json={"query":"* marked:'Add new field'","operation":{"method_name":"query","arguments":[]}}
06-06 03:13:52.481 I/System.out(32093): }
06-06 03:13:52.484 W/ResourceType(32093): No package identifier when getting name for resource number 0x00000001
06-06 03:13:52.789 I/System.out(32093): URI: //map
06-06 03:13:52.790 I/System.out(32093): params: {json={"query":"* marked:'Add new field'","operation":{"method_name":"query","arguments":[]}}
06-06 03:13:52.790 I/System.out(32093): }
06-06 03:13:52.793 W/ResourceType(32093): No package identifier when getting name for resource number 0x00000001
06-06 03:13:53.103 I/System.out(32093): URI: //map
06-06 03:13:53.103 I/System.out(32093): params: {json={"query":"* marked:'Add new field'","operation":{"method_name":"query","arguments":[]}}
06-06 03:13:53.103 I/System.out(32093): }
06-06 03:13:53.114 W/ResourceType(32093): No package identifier when getting name for resource number 0x00000001
06-06 03:13:53.428 I/System.out(32093): URI: //map
06-06 03:13:53.428 I/System.out(32093): params: {json={"query":"* marked:'Add new field'","operation":{"method_name":"query","arguments":[]}}
06-06 03:13:53.428 I/System.out(32093): }
06-06 03:13:53.432 W/ResourceType(32093): No package identifier when getting name for resource number 0x00000001
06-06 03:13:53.738 I/System.out(32093): URI: //map
06-06 03:13:53.738 I/System.out(32093): params: {json={"query":"* marked:'Add new field'","operation":{"method_name":"query","arguments":[]}}
06-06 03:13:53.738 I/System.out(32093): }
06-06 03:13:53.742 W/ResourceType(32093): No package identifier when getting name for resource number 0x00000001
06-06 03:13:54.051 I/System.out(32093): URI: //map
06-06 03:13:54.051 I/System.out(32093): params: {json={"query":"* marked:'Add new field'","operation":{"method_name":"query","arguments":[]}}
06-06 03:13:54.051 I/System.out(32093): }
06-06 03:13:54.060 W/ResourceType(32093): No package identifier when getting name for resource number 0x00000001
06-06 03:13:54.373 I/System.out(32093): URI: //map
06-06 03:13:54.373 I/System.out(32093): params: {json={"query":"* marked:'Add new field'","operation":{"method_name":"query","arguments":[]}}
06-06 03:13:54.373 I/System.out(32093): }
06-06 03:13:54.385 W/ResourceType(32093): No package identifier when getting name for resource number 0x00000001
06-06 03:13:54.705 I/System.out(32093): URI: //map
06-06 03:13:54.705 I/System.out(32093): params: {json={"query":"* marked:'Add new field'","operation":{"method_name":"query","arguments":[]}}
06-06 03:13:54.705 I/System.out(32093): }
06-06 03:13:54.709 W/ResourceType(32093): No package identifier when getting name for resource number 0x00000001
06-06 03:13:55.017 I/System.out(32093): URI: //map
06-06 03:13:55.017 I/System.out(32093): params: {json={"query":"* marked:'Add new field'","operation":{"method_name":"query","arguments":[]}}
06-06 03:13:55.017 I/System.out(32093): }
06-06 03:13:55.023 W/ResourceType(32093): No package identifier when getting name for resource number 0x00000001
06-06 03:13:55.335 I/System.out(32093): URI: //map
06-06 03:13:55.335 I/System.out(32093): params: {json={"query":"* marked:'Add new field'","operation":{"method_name":"query","arguments":[]}}
06-06 03:13:55.335 I/System.out(32093): }
06-06 03:13:55.339 W/ResourceType(32093): No package identifier when getting name for resource number 0x00000001
06-06 03:13:55.646 I/System.out(32093): URI: //map
06-06 03:13:55.646 I/System.out(32093): params: {json={"query":"* marked:'Add new field'","operation":{"method_name":"query","arguments":[]}}
06-06 03:13:55.646 I/System.out(32093): }
06-06 03:13:55.649 W/ResourceType(32093): No package identifier when getting name for resource number 0x00000001
06-06 03:13:55.957 I/System.out(32093): URI: //map
06-06 03:13:55.957 I/System.out(32093): params: {json={"query":"* marked:'Add new field'","operation":{"method_name":"query","arguments":[]}}
06-06 03:13:55.957 I/System.out(32093): }
06-06 03:13:55.962 W/ResourceType(32093): No package identifier when getting name for resource number 0x00000001
06-06 03:13:56.272 I/System.out(32093): URI: //map
06-06 03:13:56.272 I/System.out(32093): params: {json={"query":"* marked:'Add new field'","operation":{"method_name":"query","arguments":[]}}
06-06 03:13:56.272 I/System.out(32093): }
06-06 03:13:56.289 W/ResourceType(32093): No package identifier when getting name for resource number 0x00000001
06-06 03:13:56.605 I/System.out(32093): URI: //map
06-06 03:13:56.605 I/System.out(32093): params: {json={"query":"* marked:'Add new field'","operation":{"method_name":"query","arguments":[]}}
06-06 03:13:56.605 I/System.out(32093): }
06-06 03:13:56.608 W/ResourceType(32093): No package identifier when getting name for resource number 0x00000001
06-06 03:13:56.917 I/System.out(32093): URI: //map
06-06 03:13:56.917 I/System.out(32093): params: {json={"query":"* marked:'Add new field'","operation":{"method_name":"query","arguments":[]}}
06-06 03:13:56.917 I/System.out(32093): }
06-06 03:13:56.925 W/ResourceType(32093): No package identifier when getting name for resource number 0x00000001
06-06 03:13:57.237 I/System.out(32093): URI: //map
06-06 03:13:57.237 I/System.out(32093): params: {json={"query":"* marked:'Add new field'","operation":{"method_name":"query","arguments":[]}}
06-06 03:13:57.237 I/System.out(32093): }
06-06 03:13:57.242 W/ResourceType(32093): No package identifier when getting name for resource number 0x00000001
06-06 03:13:57.549 I/System.out(32093): URI: //map
06-06 03:13:57.549 I/System.out(32093): params: {json={"query":"* marked:'Add new field'","operation":{"method_name":"query","arguments":[]}}
06-06 03:13:57.549 I/System.out(32093): }
06-06 03:13:57.552 W/ResourceType(32093): No package identifier when getting name for resource number 0x00000001
06-06 03:13:57.861 I/System.out(32093): URI: //map
06-06 03:13:57.861 I/System.out(32093): params: {json={"query":"* marked:'Add new field'","operation":{"method_name":"query","arguments":[]}}
06-06 03:13:57.861 I/System.out(32093): }
06-06 03:13:57.864 W/ResourceType(32093): No package identifier when getting name for resource number 0x00000001
06-06 03:13:58.172 I/System.out(32093): URI: //map
06-06 03:13:58.172 I/System.out(32093): params: {json={"query":"* marked:'Add new field'","operation":{"method_name":"query","arguments":[]}}
06-06 03:13:58.172 I/System.out(32093): }
06-06 03:13:58.184 I/art     (32093): Do partial code cache collection, code=122KB, data=120KB
06-06 03:13:58.184 I/art     (32093): After code cache collection, code=122KB, data=120KB
06-06 03:13:58.184 I/art     (32093): Increasing code cache capacity to 512KB
06-06 03:13:58.221 W/ResourceType(32093): No package identifier when getting name for resource number 0x00000001
06-06 03:13:58.531 I/System.out(32093): URI: //map
06-06 03:13:58.531 I/System.out(32093): params: {json={"query":"* marked:'Add new field'","operation":{"method_name":"query","arguments":[]}}
06-06 03:13:58.531 I/System.out(32093): }
06-06 03:13:58.536 W/ResourceType(32093): No package identifier when getting name for resource number 0x00000001
06-06 03:13:58.847 I/System.out(32093): URI: //map
06-06 03:13:58.847 I/System.out(32093): params: {json={"query":"* marked:'Add new field'","operation":{"method_name":"query","arguments":[]}}
06-06 03:13:58.847 I/System.out(32093): }
06-06 03:13:58.862 W/ResourceType(32093): No package identifier when getting name for resource number 0x00000001
06-06 03:13:59.181 I/System.out(32093): URI: //map
06-06 03:13:59.181 I/System.out(32093): params: {json={"query":"* marked:'Add new field'","operation":{"method_name":"query","arguments":[]}}
06-06 03:13:59.181 I/System.out(32093): }
06-06 03:13:59.209 W/ResourceType(32093): No package identifier when getting name for resource number 0x00000001
06-06 03:13:59.522 I/System.out(32093): URI: //map
06-06 03:13:59.522 I/System.out(32093): params: {json={"query":"* marked:'Add new field'","operation":{"method_name":"query","arguments":[]}}
06-06 03:13:59.522 I/System.out(32093): }
06-06 03:13:59.535 W/ResourceType(32093): No package identifier when getting name for resource number 0x00000001
06-06 03:13:59.856 I/System.out(32093): URI: //map
06-06 03:13:59.856 I/System.out(32093): params: {json={"query":"* marked:'Add new field'","operation":{"method_name":"query","arguments":[]}}
06-06 03:13:59.856 I/System.out(32093): }
06-06 03:13:59.868 W/ResourceType(32093): No package identifier when getting name for resource number 0x00000001
06-06 03:14:00.014 D/EGL_emulation( 1711): eglMakeCurrent: 0xa7985720: ver 2 0 (tinfo 0xa7983770)
06-06 03:14:00.454 E/SurfaceFlinger( 1347): ro.sf.lcd_density must be defined as a build property
06-06 03:14:00.455 D/gralloc_ranchu( 1347): gralloc_alloc: Creating ashmem region of size 9592832
06-06 03:14:00.460 D/        (32249): HostConnection::get() New Host Connection established 0xb1c1b2c0, tid 32249
06-06 03:14:00.466 E/EGL_emulation( 1347): tid 1347: eglCreateSyncKHR(1901): error 0x3004 (EGL_BAD_ATTRIBUTE)
06-06 03:14:00.653 I/System.out(32093): URI: //map
06-06 03:14:00.653 I/System.out(32093): params: {json={"query":"* marked:'Add new field'","operation":{"method_name":"query","arguments":[]}}
06-06 03:14:00.653 I/System.out(32093): }
06-06 03:14:00.656 W/ResourceType(32093): No package identifier when getting name for resource number 0x00000001
