--------- beginning of main
06-06 03:15:24.534 V/PhoneStatusBar( 1711): setLightsOn(true)
06-06 03:15:24.582 D/EGL_emulation( 1711): eglMakeCurrent: 0xa7985720: ver 2 0 (tinfo 0xa7983770)
06-06 03:15:24.583 D/EGL_emulation( 2078): eglMakeCurrent: 0x9852d440: ver 2 0 (tinfo 0xa3d30310)
06-06 03:15:24.597 D/EGL_emulation( 1711): eglMakeCurrent: 0xa7985720: ver 2 0 (tinfo 0xa7983770)
06-06 03:15:24.600 D/EGL_emulation( 1711): eglMakeCurrent: 0xa7985720: ver 2 0 (tinfo 0xa7983770)
06-06 03:15:24.613 D/EGL_emulation( 1711): eglMakeCurrent: 0xa7985720: ver 2 0 (tinfo 0xa7983770)
06-06 03:15:24.616 D/EGL_emulation( 1711): eglMakeCurrent: 0xa7985720: ver 2 0 (tinfo 0xa7983770)
06-06 03:15:24.630 D/EGL_emulation( 1711): eglMakeCurrent: 0xa7985720: ver 2 0 (tinfo 0xa7983770)
06-06 03:15:24.632 D/EGL_emulation( 1711): eglMakeCurrent: 0xa7985720: ver 2 0 (tinfo 0xa7983770)
06-06 03:15:24.647 D/EGL_emulation( 1711): eglMakeCurrent: 0xa7985720: ver 2 0 (tinfo 0xa7983770)
06-06 03:15:24.648 D/EGL_emulation( 1711): eglMakeCurrent: 0xa7985720: ver 2 0 (tinfo 0xa7983770)
06-06 03:15:24.664 D/EGL_emulation( 1711): eglMakeCurrent: 0xa7985720: ver 2 0 (tinfo 0xa7983770)
06-06 03:15:24.665 D/EGL_emulation( 1711): eglMakeCurrent: 0xa7985720: ver 2 0 (tinfo 0xa7983770)
06-06 03:15:24.680 D/EGL_emulation( 1711): eglMakeCurrent: 0xa7985720: ver 2 0 (tinfo 0xa7983770)
06-06 03:15:24.683 D/EGL_emulation( 1711): eglMakeCurrent: 0xa7985720: ver 2 0 (tinfo 0xa7983770)
06-06 03:15:24.684 D/AndroidRuntime( 1473): >>>>>> START com.android.internal.os.RuntimeInit uid 2000 <<<<<<
06-06 03:15:24.685 D/AndroidRuntime( 1473): CheckJNI is ON
06-06 03:15:24.696 W/art     ( 1473): Unexpected CPU variant for X86 using defaults: x86
06-06 03:15:24.697 D/EGL_emulation( 1711): eglMakeCurrent: 0xa7985720: ver 2 0 (tinfo 0xa7983770)
06-06 03:15:24.698 D/ICU     ( 1473): No timezone override file found: /data/misc/zoneinfo/current/icu/icu_tzdata.dat
06-06 03:15:24.698 D/EGL_emulation( 1711): eglMakeCurrent: 0xa7985720: ver 2 0 (tinfo 0xa7983770)
06-06 03:15:24.706 E/memtrack( 1473): Couldn't load memtrack module (No such file or directory)
06-06 03:15:24.706 E/android.os.Debug( 1473): failed to load memtrack module: -2
06-06 03:15:24.706 I/Radio-JNI( 1473): register_android_hardware_Radio DONE
06-06 03:15:24.710 D/AndroidRuntime( 1473): Calling main entry com.android.commands.am.Am
--------- beginning of system
06-06 03:15:24.712 I/ActivityManager( 1630): Force stopping com.evancharlton.mileage appid=10422 user=0: start instr
06-06 03:15:24.714 D/EGL_emulation( 1711): eglMakeCurrent: 0xa7985720: ver 2 0 (tinfo 0xa7983770)
06-06 03:15:24.714 I/art     ( 1484): Not late-enabling -Xcheck:jni (already on)
06-06 03:15:24.715 W/art     ( 1484): Unexpected CPU variant for X86 using defaults: x86
06-06 03:15:24.716 D/EGL_emulation( 1711): eglMakeCurrent: 0xa7985720: ver 2 0 (tinfo 0xa7983770)
06-06 03:15:24.722 I/ActivityManager( 1630): Start proc 1484:com.evancharlton.mileage/u0a422 for added application com.evancharlton.mileage
06-06 03:15:24.722 D/AndroidRuntime( 1473): Shutting down VM
06-06 03:15:24.727 W/System  ( 1484): ClassLoader referenced unknown path: /data/app/com.evancharlton.mileage.test-1/lib/x86
06-06 03:15:24.727 W/System  ( 1484): ClassLoader referenced unknown path: /data/app/com.evancharlton.mileage-1/lib/x86
06-06 03:15:24.729 W/System  ( 1484): ClassLoader referenced unknown path: 
06-06 03:15:24.730 D/EGL_emulation( 1711): eglMakeCurrent: 0xa7985720: ver 2 0 (tinfo 0xa7983770)
06-06 03:15:24.732 D/EGL_emulation( 1711): eglMakeCurrent: 0xa7985720: ver 2 0 (tinfo 0xa7983770)
06-06 03:15:24.734 I/System.out( 1484): Main activity name automatically set to: com.evancharlton.mileage.Mileage
06-06 03:15:24.734 I/System.out( 1484): Calabash did not load Mono. This is only a problem if you are trying to test a Mono application
06-06 03:15:24.734 I/calabash( 1484): Test server port: 7102
06-06 03:15:24.734 I/InstrumentationBackend( 1484): Added:'GetPreferences', with key:'get_preferences'
06-06 03:15:24.738 I/InstrumentationBackend( 1484): Added:'SetPreferences', with key:'set_preferences'
06-06 03:15:24.738 I/InstrumentationBackend( 1484): Added:'ClearPreferences', with key:'clear_preferences'
06-06 03:15:24.738 I/InstrumentationBackend( 1484): Added:'PressElement', with key:'press_l10n_element'
06-06 03:15:24.738 I/InstrumentationBackend( 1484): Added:'WaitForElement', with key:'wait_for_l10n_element'
06-06 03:15:24.738 I/InstrumentationBackend( 1484): Added:'NullAction', with key:'nullAction'
06-06 03:15:24.739 I/InstrumentationBackend( 1484): Added:'PressKey', with key:'press_key'
06-06 03:15:24.739 I/InstrumentationBackend( 1484): Added:'SetActivityOrientation', with key:'set_activity_orientation'
06-06 03:15:24.739 I/InstrumentationBackend( 1484): Added:'GetActivityOrientation', with key:'get_activity_orientation'
06-06 03:15:24.739 I/InstrumentationBackend( 1484): Added:'FakeGPSLocation', with key:'set_gps_coordinates'
06-06 03:15:24.739 I/InstrumentationBackend( 1484): Added:'SetPropertyByCssSelector', with key:'set_property_by_css_selector'
06-06 03:15:24.739 I/InstrumentationBackend( 1484): Added:'GetUrl', with key:'get_url'
06-06 03:15:24.739 I/InstrumentationBackend( 1484): Added:'ScrollTo', with key:'scroll_to'
06-06 03:15:24.739 I/InstrumentationBackend( 1484): Added:'GetLoadProgress', with key:'get_load_progress'
06-06 03:15:24.739 I/InstrumentationBackend( 1484): Added:'DumpHtml', with key:'dump_html'
06-06 03:15:24.739 I/InstrumentationBackend( 1484): Added:'DumpBodyHtml', with key:'dump_body_html'
06-06 03:15:24.739 I/InstrumentationBackend( 1484): Added:'EnterTextByCssSelector', with key:'enter_text_by_selector'
06-06 03:15:24.739 I/InstrumentationBackend( 1484): Added:'AndroidSDKVersion', with key:'android_sdk_version'
06-06 03:15:24.740 I/InstrumentationBackend( 1484): Added:'Version', with key:'version'
06-06 03:15:24.740 I/InstrumentationBackend( 1484): Added:'Drag', with key:'drag'
06-06 03:15:24.740 I/InstrumentationBackend( 1484): Added:'TouchCoordinates', with key:'touch_coordinate'
06-06 03:15:24.740 I/InstrumentationBackend( 1484): Added:'LongPressCoordinate', with key:'long_press_coordinate'
06-06 03:15:24.740 I/InstrumentationBackend( 1484): Added:'DragCoordinates', with key:'drag_coordinates'
06-06 03:15:24.740 I/InstrumentationBackend( 1484): Added:'ResumeApplication', with key:'resume_application'
06-06 03:15:24.740 I/InstrumentationBackend( 1484): Added:'Swipe', with key:'swipe'
06-06 03:15:24.740 I/InstrumentationBackend( 1484): Added:'DoubleTapCoordinate', with key:'double_tap_coordinate'
06-06 03:15:24.740 I/InstrumentationBackend( 1484): Added:'ClickOnScreen', with key:'click_on_screen'
06-06 03:15:24.740 I/InstrumentationBackend( 1484): Added:'GetActivityName', with key:'get_activity_name'
06-06 03:15:24.740 I/InstrumentationBackend( 1484): Added:'ScrollToView', with key:'scroll_to_view'
06-06 03:15:24.740 I/InstrumentationBackend( 1484): Added:'ViewConfiguration', with key:'view_configuration'
06-06 03:15:24.740 I/InstrumentationBackend( 1484): Added:'IsCurrentActivityFocused', with key:'is_current_activity_focused'
06-06 03:15:24.740 I/InstrumentationBackend( 1484): Added:'SendTcp', with key:'send_tcp'
06-06 03:15:24.740 I/InstrumentationBackend( 1484): Added:'DpToDevicePixel', with key:'dp_to_device_pixel'
06-06 03:15:24.741 I/InstrumentationBackend( 1484): Added:'KeyboardEnterText', with key:'keyboard_enter_text'
06-06 03:15:24.741 I/InstrumentationBackend( 1484): Added:'DeleteSurroundingText', with key:'delete_surrounding_text'
06-06 03:15:24.741 I/InstrumentationBackend( 1484): Added:'SetComposingRegion', with key:'set_composing_region'
06-06 03:15:24.741 I/InstrumentationBackend( 1484): Added:'SetSelection', with key:'set_selection'
06-06 03:15:24.741 I/InstrumentationBackend( 1484): Added:'KeyboardKeyEvent', with key:'keyboard_key_event'
06-06 03:15:24.741 I/InstrumentationBackend( 1484): Added:'PressUserActionButton', with key:'press_user_action_button'
06-06 03:15:24.741 I/InstrumentationBackend( 1484): Added:'HideSoftKeyboard', with key:'hide_soft_keyboard'
06-06 03:15:24.741 I/InstrumentationBackend( 1484): Added:'ListActions', with key:'list_actions'
06-06 03:15:24.741 I/calabash( 1484): Instantiating http server at 7102
06-06 03:15:24.742 I/System.out( 1484): HTTP Daemon listening on: 7102
06-06 03:15:24.747 D/EGL_emulation( 1711): eglMakeCurrent: 0xa7985720: ver 2 0 (tinfo 0xa7983770)
06-06 03:15:24.748 D/EGL_emulation( 1711): eglMakeCurrent: 0xa7985720: ver 2 0 (tinfo 0xa7983770)
06-06 03:15:24.764 D/EGL_emulation( 1711): eglMakeCurrent: 0xa7985720: ver 2 0 (tinfo 0xa7983770)
06-06 03:15:24.832 I/System.out( 1484): URI: //ping
06-06 03:15:24.832 I/System.out( 1484): params: {json={}
06-06 03:15:24.832 I/System.out( 1484): }
06-06 03:15:24.835 I/System.out( 1484): URI: //ping
06-06 03:15:24.835 I/System.out( 1484): params: {json={}
06-06 03:15:24.835 I/System.out( 1484): }
06-06 03:15:24.837 I/System.out( 1484): URI: //ready
06-06 03:15:24.837 I/System.out( 1484): params: {json={}
06-06 03:15:24.837 I/System.out( 1484): }
06-06 03:15:24.838 I/System.out( 1484): URI: //
06-06 03:15:24.839 I/System.out( 1484): params: {json={"command":"version","arguments":[]}
06-06 03:15:24.839 I/System.out( 1484): }
06-06 03:15:24.839 I/System.out( 1484): header: {content-type=application/json;charset=utf-8, date=Sat, 06 Jun 2020 08:15:25 GMT, accept=*/*, host=127.0.0.1:34777, content-length=36, user-agent=HTTPClient/1.0 (2.8.3, ruby 2.5.1 (2018-03-29))}
06-06 03:15:24.839 I/System.out( 1484): params: {json={"command":"version","arguments":[]}
06-06 03:15:24.839 I/System.out( 1484): }
06-06 03:15:24.839 I/System.out( 1484): ProP json = {"command":"version","arguments":[]}
06-06 03:15:24.839 I/System.out( 1484): files: {}
06-06 03:15:24.839 I/System.out( 1484): command: {"command":"version","arguments":[]}
06-06 03:15:24.841 I/InstrumentationBackend( 1484): Got command:'Command:'Line:null,version', arguments:'[]'
06-06 03:15:24.846 I/System.out( 1484): result:{"bonusInformation":[],"message":"0.9.8","success":true}
06-06 03:15:24.848 I/System.out( 1484): URI: //start-application
06-06 03:15:24.848 I/System.out( 1484): params: {json={"intent":null}
06-06 03:15:24.848 I/System.out( 1484): }
06-06 03:15:24.856 I/ActivityManager( 1630): START u0 {act=android.intent.action.MAIN cat=[android.intent.category.LAUNCHER] flg=0x10200000 cmp=com.evancharlton.mileage/.Mileage} from uid 10422 on display 0
06-06 03:15:24.860 I/calabash( 1484): newActivity1
06-06 03:15:24.868 I/calabash( 1484): newActivity1
06-06 03:15:24.869 W/ActivityManager( 1630): Bad activity token: android.os.BinderProxy@88b0735
06-06 03:15:24.869 W/ActivityManager( 1630): java.lang.ClassCastException: android.os.BinderProxy cannot be cast to com.android.server.am.ActivityRecord$Token
06-06 03:15:24.869 W/ActivityManager( 1630): 	at com.android.server.am.ActivityRecord.forTokenLocked(ActivityRecord.java:586)
06-06 03:15:24.869 W/ActivityManager( 1630): 	at com.android.server.am.ActivityRecord.isInStackLocked(ActivityRecord.java:1327)
06-06 03:15:24.869 W/ActivityManager( 1630): 	at com.android.server.am.ActivityRecord.getStackLocked(ActivityRecord.java:1332)
06-06 03:15:24.869 W/ActivityManager( 1630): 	at com.android.server.am.ActivityManagerService.getActivityDisplayId(ActivityManagerService.java:9806)
06-06 03:15:24.869 W/ActivityManager( 1630): 	at android.app.ActivityManagerNative.onTransact(ActivityManagerNative.java:2566)
06-06 03:15:24.869 W/ActivityManager( 1630): 	at com.android.server.am.ActivityManagerService.onTransact(ActivityManagerService.java:2757)
06-06 03:15:24.869 W/ActivityManager( 1630): 	at android.os.Binder.execTransact(Binder.java:565)
06-06 03:15:24.870 W/ActivityManager( 1630): Bad activity token: android.os.BinderProxy@88b0735
06-06 03:15:24.870 W/ActivityManager( 1630): java.lang.ClassCastException: android.os.BinderProxy cannot be cast to com.android.server.am.ActivityRecord$Token
06-06 03:15:24.870 W/ActivityManager( 1630): 	at com.android.server.am.ActivityRecord.forTokenLocked(ActivityRecord.java:586)
06-06 03:15:24.870 W/ActivityManager( 1630): 	at com.android.server.am.ActivityRecord.isInStackLocked(ActivityRecord.java:1327)
06-06 03:15:24.870 W/ActivityManager( 1630): 	at com.android.server.am.ActivityManagerService.setTaskDescription(ActivityManagerService.java:9358)
06-06 03:15:24.870 W/ActivityManager( 1630): 	at android.app.ActivityManagerNative.onTransact(ActivityManagerNative.java:2639)
06-06 03:15:24.870 W/ActivityManager( 1630): 	at com.android.server.am.ActivityManagerService.onTransact(ActivityManagerService.java:2757)
06-06 03:15:24.870 W/ActivityManager( 1630): 	at android.os.Binder.execTransact(Binder.java:565)
06-06 03:15:24.870 W/ActivityManager( 1630): Bad activity token: android.os.BinderProxy@88b0735
06-06 03:15:24.870 W/ActivityManager( 1630): java.lang.ClassCastException: android.os.BinderProxy cannot be cast to com.android.server.am.ActivityRecord$Token
06-06 03:15:24.870 W/ActivityManager( 1630): 	at com.android.server.am.ActivityRecord.forTokenLocked(ActivityRecord.java:586)
06-06 03:15:24.870 W/ActivityManager( 1630): 	at com.android.server.am.ActivityRecord.isInStackLocked(ActivityRecord.java:1327)
06-06 03:15:24.870 W/ActivityManager( 1630): 	at com.android.server.am.ActivityRecord.getStackLocked(ActivityRecord.java:1332)
06-06 03:15:24.870 W/ActivityManager( 1630): 	at com.android.server.am.ActivityManagerService.getActivityStackId(ActivityManagerService.java:9817)
06-06 03:15:24.870 W/ActivityManager( 1630): 	at android.app.ActivityManagerNative.onTransact(ActivityManagerNative.java:2856)
06-06 03:15:24.870 W/ActivityManager( 1630): 	at com.android.server.am.ActivityManagerService.onTransact(ActivityManagerService.java:2757)
06-06 03:15:24.870 W/ActivityManager( 1630): 	at android.os.Binder.execTransact(Binder.java:565)
06-06 03:15:24.881 D/gralloc_ranchu( 1347): gralloc_alloc: Creating ashmem region of size 9023488
06-06 03:15:24.886 W/ActivityManager( 1630): Bad activity token: android.os.BinderProxy@88b0735
06-06 03:15:24.886 W/ActivityManager( 1630): java.lang.ClassCastException: android.os.BinderProxy cannot be cast to com.android.server.am.ActivityRecord$Token
06-06 03:15:24.886 W/ActivityManager( 1630): 	at com.android.server.am.ActivityRecord.forTokenLocked(ActivityRecord.java:586)
06-06 03:15:24.886 W/ActivityManager( 1630): 	at com.android.server.am.ActivityRecord.isInStackLocked(ActivityRecord.java:1327)
06-06 03:15:24.886 W/ActivityManager( 1630): 	at com.android.server.am.ActivityManagerService.getActivityOptions(ActivityManagerService.java:12559)
06-06 03:15:24.886 W/ActivityManager( 1630): 	at android.app.ActivityManagerNative.onTransact(ActivityManagerNative.java:1933)
06-06 03:15:24.886 W/ActivityManager( 1630): 	at com.android.server.am.ActivityManagerService.onTransact(ActivityManagerService.java:2757)
06-06 03:15:24.886 W/ActivityManager( 1630): 	at android.os.Binder.execTransact(Binder.java:565)
06-06 03:15:24.886 W/ActivityManager( 1630): Bad activity token: android.os.BinderProxy@88b0735
06-06 03:15:24.886 W/ActivityManager( 1630): java.lang.ClassCastException: android.os.BinderProxy cannot be cast to com.android.server.am.ActivityRecord$Token
06-06 03:15:24.886 W/ActivityManager( 1630): 	at com.android.server.am.ActivityRecord.forTokenLocked(ActivityRecord.java:586)
06-06 03:15:24.886 W/ActivityManager( 1630): 	at com.android.server.am.ActivityRecord.isInStackLocked(ActivityRecord.java:1327)
06-06 03:15:24.886 W/ActivityManager( 1630): 	at com.android.server.am.ActivityManagerService.getActivityOptions(ActivityManagerService.java:12559)
06-06 03:15:24.886 W/ActivityManager( 1630): 	at android.app.ActivityManagerNative.onTransact(ActivityManagerNative.java:1933)
06-06 03:15:24.886 W/ActivityManager( 1630): 	at com.android.server.am.ActivityManagerService.onTransact(ActivityManagerService.java:2757)
06-06 03:15:24.886 W/ActivityManager( 1630): 	at android.os.Binder.execTransact(Binder.java:565)
06-06 03:15:24.907 V/PhoneStatusBar( 1711): setLightsOn(true)
06-06 03:15:24.914 D/EGL_emulation( 2078): eglMakeCurrent: 0x9852d440: ver 2 0 (tinfo 0xa3d30310)
06-06 03:15:24.916 D/EGL_emulation( 1711): eglMakeCurrent: 0xa7985720: ver 2 0 (tinfo 0xa7983770)
06-06 03:15:24.930 D/gralloc_ranchu( 1347): gralloc_alloc: Creating ashmem region of size 9023488
06-06 03:15:24.930 D/EGL_emulation( 1711): eglMakeCurrent: 0xa7985720: ver 2 0 (tinfo 0xa7983770)
06-06 03:15:24.935 D/        ( 1484): HostConnection::get() New Host Connection established 0x9a2b84c0, tid 1484
06-06 03:15:24.936 D/EGL_emulation( 1711): eglMakeCurrent: 0xa7985720: ver 2 0 (tinfo 0xa7983770)
06-06 03:15:24.936 V/PhoneStatusBar( 1711): setLightsOn(true)
06-06 03:15:24.971 D/EGL_emulation( 1711): eglMakeCurrent: 0xa7985720: ver 2 0 (tinfo 0xa7983770)
06-06 03:15:24.974 D/EGL_emulation( 1711): eglMakeCurrent: 0xa7985720: ver 2 0 (tinfo 0xa7983770)
06-06 03:15:24.976 D/EGL_emulation( 1711): eglMakeCurrent: 0xa7985720: ver 2 0 (tinfo 0xa7983770)
06-06 03:15:24.977 D/EGL_emulation( 1711): eglMakeCurrent: 0xa7985720: ver 2 0 (tinfo 0xa7983770)
06-06 03:15:24.981 D/EGL_emulation( 1711): eglMakeCurrent: 0xa7985720: ver 2 0 (tinfo 0xa7983770)
06-06 03:15:24.983 D/EGL_emulation( 1711): eglMakeCurrent: 0xa7985720: ver 2 0 (tinfo 0xa7983770)
06-06 03:15:24.993 I/ActivityManager( 1630): Displayed com.evancharlton.mileage/.Mileage: +135ms
06-06 03:15:24.997 D/EGL_emulation( 1711): eglMakeCurrent: 0xa7985720: ver 2 0 (tinfo 0xa7983770)
06-06 03:15:24.997 D/gralloc_ranchu( 1347): gralloc_alloc: Creating ashmem region of size 9023488
06-06 03:15:25.013 D/EGL_emulation( 1711): eglMakeCurrent: 0xa7985720: ver 2 0 (tinfo 0xa7983770)
06-06 03:15:25.015 D/EGL_emulation( 1711): eglMakeCurrent: 0xa7985720: ver 2 0 (tinfo 0xa7983770)
06-06 03:15:25.025 D/EGL_emulation( 1711): eglMakeCurrent: 0xa7985720: ver 2 0 (tinfo 0xa7983770)
06-06 03:15:25.026 V/PhoneStatusBar( 1711): setLightsOn(true)
06-06 03:15:25.030 D/EGL_emulation( 1711): eglMakeCurrent: 0xa7985720: ver 2 0 (tinfo 0xa7983770)
06-06 03:15:25.032 D/EGL_emulation( 1711): eglMakeCurrent: 0xa7985720: ver 2 0 (tinfo 0xa7983770)
06-06 03:15:25.047 D/EGL_emulation( 1711): eglMakeCurrent: 0xa7985720: ver 2 0 (tinfo 0xa7983770)
06-06 03:15:25.049 I/System.out( 1484): URI: //map
06-06 03:15:25.049 I/System.out( 1484): params: {json={"query":"* marked:'Statistics'","operation":{"method_name":"query","arguments":[]}}
06-06 03:15:25.049 I/System.out( 1484): }
06-06 03:15:25.049 D/EGL_emulation( 1711): eglMakeCurrent: 0xa7985720: ver 2 0 (tinfo 0xa7983770)
06-06 03:15:25.063 W/ResourceType( 1484): No package identifier when getting name for resource number 0x00000001
06-06 03:15:25.064 D/EGL_emulation( 1711): eglMakeCurrent: 0xa7985720: ver 2 0 (tinfo 0xa7983770)
06-06 03:15:25.066 D/EGL_emulation( 1711): eglMakeCurrent: 0xa7985720: ver 2 0 (tinfo 0xa7983770)
06-06 03:15:25.078 I/System.out( 1484): URI: //gesture
06-06 03:15:25.078 I/System.out( 1484): params: {json={"query_timeout":5.0,"gestures":[{"query_string":"* marked:'Statistics'","touches":[{"x":50,"y":50,"offset_x":0,"offset_y":0,"wait":0.0,"time":0.2,"release":true,"query_string":null}]}]}
06-06 03:15:25.078 I/System.out( 1484): }
06-06 03:15:25.080 D/EGL_emulation( 1711): eglMakeCurrent: 0xa7985720: ver 2 0 (tinfo 0xa7983770)
06-06 03:15:25.082 D/EGL_emulation( 1711): eglMakeCurrent: 0xa7985720: ver 2 0 (tinfo 0xa7983770)
06-06 03:15:25.084 W/ResourceType( 1484): No package identifier when getting name for resource number 0x00000001
06-06 03:15:25.103 D/EGL_emulation( 1711): eglMakeCurrent: 0xa7985720: ver 2 0 (tinfo 0xa7983770)
06-06 03:15:25.105 D/EGL_emulation( 1711): eglMakeCurrent: 0xa7985720: ver 2 0 (tinfo 0xa7983770)
06-06 03:15:25.116 D/EGL_emulation( 1711): eglMakeCurrent: 0xa7985720: ver 2 0 (tinfo 0xa7983770)
06-06 03:15:25.120 D/EGL_emulation( 1711): eglMakeCurrent: 0xa7985720: ver 2 0 (tinfo 0xa7983770)
06-06 03:15:25.131 D/EGL_emulation( 1711): eglMakeCurrent: 0xa7985720: ver 2 0 (tinfo 0xa7983770)
06-06 03:15:25.180 I/WindowManager( 1630): Destroying surface Surface(name=Starting com.evancharlton.mileage) called by com.android.server.wm.WindowStateAnimator.destroySurface:2016 com.android.server.wm.WindowStateAnimator.destroySurfaceLocked:882 com.android.server.wm.WindowState.destroyOrSaveSurface:2100 com.android.server.wm.AppWindowToken.destroySurfaces:363 com.android.server.wm.WindowStateAnimator.finishExit:565 com.android.server.wm.WindowStateAnimator.stepAnimationLocked:491 com.android.server.wm.WindowAnimator.updateWindowsLocked:303 com.android.server.wm.WindowAnimator.animateLocked:704 
06-06 03:15:25.181 V/PhoneStatusBar( 1711): setLightsOn(true)
06-06 03:15:25.182 V/PhoneStatusBar( 1711): setLightsOn(true)
06-06 03:15:25.315 I/calabash( 1484): newActivity1
06-06 03:15:25.324 I/System.out( 1484): URI: //map
06-06 03:15:25.324 I/System.out( 1484): params: {json={"query":"android.widget.ScrollView index:0","operation":{"method_name":"query","arguments":[]}}
06-06 03:15:25.324 I/System.out( 1484): }
06-06 03:15:25.326 W/ActivityManager( 1630): Bad activity token: android.os.BinderProxy@4849b2b
06-06 03:15:25.326 W/ActivityManager( 1630): java.lang.ClassCastException: android.os.BinderProxy cannot be cast to com.android.server.am.ActivityRecord$Token
06-06 03:15:25.326 W/ActivityManager( 1630): 	at com.android.server.am.ActivityRecord.forTokenLocked(ActivityRecord.java:586)
06-06 03:15:25.326 W/ActivityManager( 1630): 	at com.android.server.am.ActivityRecord.isInStackLocked(ActivityRecord.java:1327)
06-06 03:15:25.326 W/ActivityManager( 1630): 	at com.android.server.am.ActivityRecord.getStackLocked(ActivityRecord.java:1332)
06-06 03:15:25.326 W/ActivityManager( 1630): 	at com.android.server.am.ActivityManagerService.getActivityDisplayId(ActivityManagerService.java:9806)
06-06 03:15:25.326 W/ActivityManager( 1630): 	at android.app.ActivityManagerNative.onTransact(ActivityManagerNative.java:2566)
06-06 03:15:25.326 W/ActivityManager( 1630): 	at com.android.server.am.ActivityManagerService.onTransact(ActivityManagerService.java:2757)
06-06 03:15:25.326 W/ActivityManager( 1630): 	at android.os.Binder.execTransact(Binder.java:565)
06-06 03:15:25.327 W/ActivityManager( 1630): Bad activity token: android.os.BinderProxy@4849b2b
06-06 03:15:25.327 W/ActivityManager( 1630): java.lang.ClassCastException: android.os.BinderProxy cannot be cast to com.android.server.am.ActivityRecord$Token
06-06 03:15:25.327 W/ActivityManager( 1630): 	at com.android.server.am.ActivityRecord.forTokenLocked(ActivityRecord.java:586)
06-06 03:15:25.327 W/ActivityManager( 1630): 	at com.android.server.am.ActivityRecord.isInStackLocked(ActivityRecord.java:1327)
06-06 03:15:25.327 W/ActivityManager( 1630): 	at com.android.server.am.ActivityManagerService.setTaskDescription(ActivityManagerService.java:9358)
06-06 03:15:25.327 W/ActivityManager( 1630): 	at android.app.ActivityManagerNative.onTransact(ActivityManagerNative.java:2639)
06-06 03:15:25.327 W/ActivityManager( 1630): 	at com.android.server.am.ActivityManagerService.onTransact(ActivityManagerService.java:2757)
06-06 03:15:25.327 W/ActivityManager( 1630): 	at android.os.Binder.execTransact(Binder.java:565)
06-06 03:15:25.327 W/ActivityManager( 1630): Bad activity token: android.os.BinderProxy@4849b2b
06-06 03:15:25.327 W/ActivityManager( 1630): java.lang.ClassCastException: android.os.BinderProxy cannot be cast to com.android.server.am.ActivityRecord$Token
06-06 03:15:25.327 W/ActivityManager( 1630): 	at com.android.server.am.ActivityRecord.forTokenLocked(ActivityRecord.java:586)
06-06 03:15:25.327 W/ActivityManager( 1630): 	at com.android.server.am.ActivityRecord.isInStackLocked(ActivityRecord.java:1327)
06-06 03:15:25.327 W/ActivityManager( 1630): 	at com.android.server.am.ActivityRecord.getStackLocked(ActivityRecord.java:1332)
06-06 03:15:25.327 W/ActivityManager( 1630): 	at com.android.server.am.ActivityManagerService.getActivityStackId(ActivityManagerService.java:9817)
06-06 03:15:25.327 W/ActivityManager( 1630): 	at android.app.ActivityManagerNative.onTransact(ActivityManagerNative.java:2856)
06-06 03:15:25.327 W/ActivityManager( 1630): 	at com.android.server.am.ActivityManagerService.onTransact(ActivityManagerService.java:2757)
06-06 03:15:25.327 W/ActivityManager( 1630): 	at android.os.Binder.execTransact(Binder.java:565)
06-06 03:15:25.336 D/VehicleStatisticsActivity( 1484): Checking recalculation ...
06-06 03:15:25.337 D/VehicleStatisticsActivity( 1484): Recalculating statistics
06-06 03:15:25.337 D/VehicleStatisticsTask( 1484): Calculation starting...
06-06 03:15:25.337 D/VehicleStatisticsActivity( 1484): Recalculation started!
06-06 03:15:25.337 W/ResourceType( 1484): No package identifier when getting value for resource number 0x00000000
06-06 03:15:25.338 D/AndroidRuntime( 1484): Shutting down VM
--------- beginning of crash
06-06 03:15:25.338 E/AndroidRuntime( 1484): FATAL EXCEPTION: main
06-06 03:15:25.338 E/AndroidRuntime( 1484): Process: com.evancharlton.mileage, PID: 1484
06-06 03:15:25.338 E/AndroidRuntime( 1484): java.lang.RuntimeException: Unable to start activity ComponentInfo{com.evancharlton.mileage/com.evancharlton.mileage.VehicleStatisticsActivity}: android.content.res.Resources$NotFoundException: String resource ID #0x0
06-06 03:15:25.338 E/AndroidRuntime( 1484): 	at android.app.ActivityThread.performLaunchActivity(ActivityThread.java:2646)
06-06 03:15:25.338 E/AndroidRuntime( 1484): 	at android.app.ActivityThread.startActivityNow(ActivityThread.java:2446)
06-06 03:15:25.338 E/AndroidRuntime( 1484): 	at android.app.LocalActivityManager.moveToState(LocalActivityManager.java:136)
06-06 03:15:25.338 E/AndroidRuntime( 1484): 	at android.app.LocalActivityManager.startActivity(LocalActivityManager.java:348)
06-06 03:15:25.338 E/AndroidRuntime( 1484): 	at android.widget.TabHost$IntentContentStrategy.getContentView(TabHost.java:724)
06-06 03:15:25.338 E/AndroidRuntime( 1484): 	at android.widget.TabHost.setCurrentTab(TabHost.java:388)
06-06 03:15:25.338 E/AndroidRuntime( 1484): 	at android.widget.TabHost$2.onTabSelectionChanged(TabHost.java:158)
06-06 03:15:25.338 E/AndroidRuntime( 1484): 	at android.widget.TabWidget$TabClickListener.onClick(TabWidget.java:532)
06-06 03:15:25.338 E/AndroidRuntime( 1484): 	at android.view.View.performClick(View.java:5610)
06-06 03:15:25.338 E/AndroidRuntime( 1484): 	at android.view.View$PerformClick.run(View.java:22265)
06-06 03:15:25.338 E/AndroidRuntime( 1484): 	at android.os.Handler.handleCallback(Handler.java:751)
06-06 03:15:25.338 E/AndroidRuntime( 1484): 	at android.os.Handler.dispatchMessage(Handler.java:95)
06-06 03:15:25.338 E/AndroidRuntime( 1484): 	at android.os.Looper.loop(Looper.java:154)
06-06 03:15:25.338 E/AndroidRuntime( 1484): 	at android.app.ActivityThread.main(ActivityThread.java:6077)
06-06 03:15:25.338 E/AndroidRuntime( 1484): 	at java.lang.reflect.Method.invoke(Native Method)
06-06 03:15:25.338 E/AndroidRuntime( 1484): 	at com.android.internal.os.ZygoteInit$MethodAndArgsCaller.run(ZygoteInit.java:866)
06-06 03:15:25.338 E/AndroidRuntime( 1484): 	at com.android.internal.os.ZygoteInit.main(ZygoteInit.java:756)
06-06 03:15:25.338 E/AndroidRuntime( 1484): Caused by: android.content.res.Resources$NotFoundException: String resource ID #0x0
06-06 03:15:25.338 E/AndroidRuntime( 1484): 	at android.content.res.Resources.getText(Resources.java:331)
06-06 03:15:25.338 E/AndroidRuntime( 1484): 	at android.content.res.Resources.getString(Resources.java:377)
06-06 03:15:25.338 E/AndroidRuntime( 1484): 	at android.content.Context.getString(Context.java:476)
06-06 03:15:25.338 E/AndroidRuntime( 1484): 	at com.evancharlton.mileage.adapters.VehicleStatisticsAdapter$StatisticHolder.<init>(VehicleStatisticsAdapter.java:209)
06-06 03:15:25.338 E/AndroidRuntime( 1484): 	at com.evancharlton.mileage.adapters.VehicleStatisticsAdapter.<init>(VehicleStatisticsAdapter.java:48)
06-06 03:15:25.338 E/AndroidRuntime( 1484): 	at com.evancharlton.mileage.VehicleStatisticsActivity.setAdapter(VehicleStatisticsActivity.java:197)
06-06 03:15:25.338 E/AndroidRuntime( 1484): 	at com.evancharlton.mileage.VehicleStatisticsActivity.recalculate(VehicleStatisticsActivity.java:175)
06-06 03:15:25.338 E/AndroidRuntime( 1484): 	at com.evancharlton.mileage.VehicleStatisticsActivity.onCreate(VehicleStatisticsActivity.java:131)
06-06 03:15:25.338 E/AndroidRuntime( 1484): 	at android.app.Activity.performCreate(Activity.java:6662)
06-06 03:15:25.338 E/AndroidRuntime( 1484): 	at android.app.Instrumentation.callActivityOnCreate(Instrumentation.java:1118)
06-06 03:15:25.338 E/AndroidRuntime( 1484): 	at android.app.ActivityThread.performLaunchActivity(ActivityThread.java:2599)
06-06 03:15:25.338 E/AndroidRuntime( 1484): 	... 16 more
06-06 03:15:25.338 I/Process ( 1484): Sending signal. PID: 1484 SIG: 9
06-06 03:15:25.347 V/PhoneStatusBar( 1711): setLightsOn(true)
06-06 03:15:25.380 I/ActivityManager( 1630): Process com.evancharlton.mileage (pid 1484) has died
06-06 03:15:25.380 D/ActivityManager( 1630): cleanUpApplicationRecord -- 1484
06-06 03:15:25.380 W/ActivityManager( 1630): Scheduling restart of crashed service com.evancharlton.mileage/.services.AutomaticBackupService in 1000ms
06-06 03:15:25.380 W/ActivityManager( 1630): Force removing ActivityRecord{d3bbc72 u0 com.evancharlton.mileage/.Mileage t12655}: app died, no saved state
06-06 03:15:25.380 W/InputDispatcher( 1630): channel '8982622 com.evancharlton.mileage/com.evancharlton.mileage.Mileage (server)' ~ Consumer closed input channel or an error occurred.  events=0x9
06-06 03:15:25.380 E/InputDispatcher( 1630): channel '8982622 com.evancharlton.mileage/com.evancharlton.mileage.Mileage (server)' ~ Channel is unrecoverably broken and will be disposed!
06-06 03:15:25.381 I/WindowManager( 1630): WIN DEATH: Window{8982622 u0 com.evancharlton.mileage/com.evancharlton.mileage.Mileage}
06-06 03:15:25.381 W/InputDispatcher( 1630): Attempted to unregister already unregistered input channel '8982622 com.evancharlton.mileage/com.evancharlton.mileage.Mileage (server)'
06-06 03:15:25.381 I/WindowManager( 1630): Destroying surface Surface(name=com.evancharlton.mileage/com.evancharlton.mileage.Mileage) called by com.android.server.wm.WindowStateAnimator.destroySurface:2016 com.android.server.wm.WindowStateAnimator.destroySurfaceLocked:882 com.android.server.wm.WindowState.removeLocked:1456 com.android.server.wm.WindowManagerService.removeWindowInnerLocked:2484 com.android.server.wm.WindowManagerService.removeWindowLocked:2442 com.android.server.wm.WindowState$DeathRecipient.binderDied:1787 android.os.BinderProxy.sendDeathNotice:688 <bottom of call stack> 
06-06 03:15:25.383 W/ActivityManager( 1630): Crash of app com.evancharlton.mileage running instrumentation ComponentInfo{com.evancharlton.mileage.test/sh.calaba.instrumentationbackend.CalabashInstrumentationTestRunner}
06-06 03:15:25.383 I/ActivityManager( 1630): Force stopping com.evancharlton.mileage appid=10422 user=0: finished inst
06-06 03:15:25.383 I/ActivityManager( 1630):   Force stopping service ServiceRecord{92fbf07 u0 com.evancharlton.mileage/.services.AutomaticBackupService}
06-06 03:15:25.386 V/PhoneStatusBar( 1711): setLightsOn(true)
