--------- beginning of main
06-05 18:17:29.375 V/PhoneStatusBar( 1712): setLightsOn(true)
06-05 18:17:29.378 D/gralloc_ranchu( 1346): gralloc_alloc: Creating ashmem region of size 3145728
06-05 18:17:29.384 E/EGL_emulation( 1346): tid 1346: eglCreateSyncKHR(1901): error 0x3004 (EGL_BAD_ATTRIBUTE)
--------- beginning of system
06-05 18:17:29.394 W/ActivityManager( 1630): Finishing task with all activities already finished
06-05 18:17:29.394 W/ActivityManager( 1630): Duplicate finish request for ActivityRecord{4071a6 u0 com.evancharlton.mileage/.Mileage t2737 f}
06-05 18:17:29.394 W/ActivityManager( 1630): Finishing task with all activities already finished
06-05 18:17:29.394 W/ActivityManager( 1630): Duplicate finish request for ActivityRecord{4071a6 u0 com.evancharlton.mileage/.Mileage t2737 f}
06-05 18:17:29.394 W/ActivityManager( 1630): Finishing task with all activities already finished
06-05 18:17:29.394 W/ActivityManager( 1630): Duplicate finish request for ActivityRecord{4071a6 u0 com.evancharlton.mileage/.Mileage t2737 f}
06-05 18:17:29.394 W/ActivityManager( 1630): Finishing task with all activities already finished
06-05 18:17:29.394 W/ActivityManager( 1630): Duplicate finish request for ActivityRecord{4071a6 u0 com.evancharlton.mileage/.Mileage t2737 f}
06-05 18:17:29.394 W/ActivityManager( 1630): Finishing task with all activities already finished
06-05 18:17:29.395 W/ActivityManager( 1630): Duplicate finish request for ActivityRecord{4071a6 u0 com.evancharlton.mileage/.Mileage t2737 f}
06-05 18:17:29.395 W/ActivityManager( 1630): Finishing task with all activities already finished
06-05 18:17:29.395 W/ActivityManager( 1630): Duplicate finish request for ActivityRecord{61d0f60 u0 com.evancharlton.mileage/.charts.MinimumPriceChart t2737 f}
06-05 18:17:29.395 W/ActivityManager( 1630): Finishing task with all activities already finished
06-05 18:17:29.395 W/ActivityManager( 1630): Duplicate finish request for ActivityRecord{61d0f60 u0 com.evancharlton.mileage/.charts.MinimumPriceChart t2737 f}
06-05 18:17:29.395 W/ActivityManager( 1630): Finishing task with all activities already finished
06-05 18:17:29.395 W/ActivityManager( 1630): Duplicate finish request for ActivityRecord{4071a6 u0 com.evancharlton.mileage/.Mileage t2737 f}
06-05 18:17:29.395 W/ActivityManager( 1630): Finishing task with all activities already finished
06-05 18:17:29.395 W/ActivityManager( 1630): Duplicate finish request for ActivityRecord{4071a6 u0 com.evancharlton.mileage/.Mileage t2737 f}
06-05 18:17:29.443 D/EGL_emulation( 2099): eglMakeCurrent: 0xb4085240: ver 2 0 (tinfo 0xb40832d0)
06-05 18:17:29.444 D/EGL_emulation( 1712): eglMakeCurrent: 0xb4085540: ver 2 0 (tinfo 0xb4083740)
06-05 18:17:29.459 D/EGL_emulation( 1712): eglMakeCurrent: 0xb4085540: ver 2 0 (tinfo 0xb4083740)
06-05 18:17:29.480 D/EGL_emulation( 1712): eglMakeCurrent: 0xb4085540: ver 2 0 (tinfo 0xb4083740)
06-05 18:17:29.493 D/EGL_emulation( 1712): eglMakeCurrent: 0xb4085540: ver 2 0 (tinfo 0xb4083740)
06-05 18:17:29.495 D/EGL_emulation( 1712): eglMakeCurrent: 0xb4085540: ver 2 0 (tinfo 0xb4083740)
06-05 18:17:29.509 D/EGL_emulation( 1712): eglMakeCurrent: 0xb4085540: ver 2 0 (tinfo 0xb4083740)
06-05 18:17:29.511 D/EGL_emulation( 1712): eglMakeCurrent: 0xb4085540: ver 2 0 (tinfo 0xb4083740)
06-05 18:17:29.526 D/EGL_emulation( 1712): eglMakeCurrent: 0xb4085540: ver 2 0 (tinfo 0xb4083740)
06-05 18:17:29.527 D/EGL_emulation( 1712): eglMakeCurrent: 0xb4085540: ver 2 0 (tinfo 0xb4083740)
06-05 18:17:29.537 D/AndroidRuntime( 5198): >>>>>> START com.android.internal.os.RuntimeInit uid 2000 <<<<<<
06-05 18:17:29.539 D/AndroidRuntime( 5198): CheckJNI is ON
06-05 18:17:29.542 D/EGL_emulation( 1712): eglMakeCurrent: 0xb4085540: ver 2 0 (tinfo 0xb4083740)
06-05 18:17:29.544 D/EGL_emulation( 1712): eglMakeCurrent: 0xb4085540: ver 2 0 (tinfo 0xb4083740)
06-05 18:17:29.551 W/art     ( 5198): Unexpected CPU variant for X86 using defaults: x86
06-05 18:17:29.553 D/ICU     ( 5198): No timezone override file found: /data/misc/zoneinfo/current/icu/icu_tzdata.dat
06-05 18:17:29.559 D/EGL_emulation( 1712): eglMakeCurrent: 0xb4085540: ver 2 0 (tinfo 0xb4083740)
06-05 18:17:29.561 E/memtrack( 5198): Couldn't load memtrack module (No such file or directory)
06-05 18:17:29.561 E/android.os.Debug( 5198): failed to load memtrack module: -2
06-05 18:17:29.562 I/Radio-JNI( 5198): register_android_hardware_Radio DONE
06-05 18:17:29.562 D/EGL_emulation( 1712): eglMakeCurrent: 0xb4085540: ver 2 0 (tinfo 0xb4083740)
06-05 18:17:29.566 D/AndroidRuntime( 5198): Calling main entry com.android.commands.am.Am
06-05 18:17:29.567 I/ActivityManager( 1630): Force stopping com.evancharlton.mileage appid=10150 user=0: start instr
06-05 18:17:29.567 I/ActivityManager( 1630): Killing 5146:com.evancharlton.mileage/u0a150 (adj 0): stop com.evancharlton.mileage
06-05 18:17:29.567 D/ActivityManager( 1630): cleanUpApplicationRecord -- 5146
06-05 18:17:29.567 W/ActivityManager( 1630): Crash of app com.evancharlton.mileage running instrumentation ComponentInfo{com.evancharlton.mileage.test/sh.calaba.instrumentationbackend.CalabashInstrumentationTestRunner}
06-05 18:17:29.567 I/ActivityManager( 1630): Force stopping com.evancharlton.mileage appid=10150 user=0: finished inst
06-05 18:17:29.570 W/InputDispatcher( 1630): channel 'b1cb0ea com.evancharlton.mileage/com.evancharlton.mileage.charts.MinimumPriceChart (server)' ~ Consumer closed input channel or an error occurred.  events=0x9
06-05 18:17:29.570 E/InputDispatcher( 1630): channel 'b1cb0ea com.evancharlton.mileage/com.evancharlton.mileage.charts.MinimumPriceChart (server)' ~ Channel is unrecoverably broken and will be disposed!
06-05 18:17:29.570 W/InputDispatcher( 1630): channel 'ddd5cad com.evancharlton.mileage/com.evancharlton.mileage.Mileage (server)' ~ Consumer closed input channel or an error occurred.  events=0x9
06-05 18:17:29.570 E/InputDispatcher( 1630): channel 'ddd5cad com.evancharlton.mileage/com.evancharlton.mileage.Mileage (server)' ~ Channel is unrecoverably broken and will be disposed!
06-05 18:17:29.570 I/WindowManager( 1630): WIN DEATH: Window{b1cb0ea u0 com.evancharlton.mileage/com.evancharlton.mileage.charts.MinimumPriceChart EXITING}
06-05 18:17:29.570 W/InputDispatcher( 1630): Attempted to unregister already unregistered input channel 'b1cb0ea com.evancharlton.mileage/com.evancharlton.mileage.charts.MinimumPriceChart (server)'
06-05 18:17:29.571 I/WindowManager( 1630): WIN DEATH: Window{ddd5cad u0 com.evancharlton.mileage/com.evancharlton.mileage.Mileage EXITING}
06-05 18:17:29.571 W/InputDispatcher( 1630): Attempted to unregister already unregistered input channel 'ddd5cad com.evancharlton.mileage/com.evancharlton.mileage.Mileage (server)'
06-05 18:17:29.571 I/art     ( 5208): Not late-enabling -Xcheck:jni (already on)
06-05 18:17:29.571 W/art     ( 5208): Unexpected CPU variant for X86 using defaults: x86
06-05 18:17:29.575 I/WindowManager( 1630): Destroying surface Surface(name=com.evancharlton.mileage/com.evancharlton.mileage.charts.MinimumPriceChart) called by com.android.server.wm.WindowStateAnimator.destroySurface:2016 com.android.server.wm.WindowStateAnimator.destroySurfaceLocked:882 com.android.server.wm.WindowState.removeLocked:1456 com.android.server.wm.WindowManagerService.removeWindowInnerLocked:2484 com.android.server.wm.AppWindowToken.destroySurfaces:365 com.android.server.wm.WindowStateAnimator.finishExit:565 com.android.server.wm.AppWindowAnimator.stepAnimationLocked:427 com.android.server.wm.WindowAnimator.updateAppWindowsLocked:176 
06-05 18:17:29.578 I/ActivityManager( 1630): Start proc 5208:com.evancharlton.mileage/u0a150 for added application com.evancharlton.mileage
06-05 18:17:29.578 D/AndroidRuntime( 5198): Shutting down VM
06-05 18:17:29.580 D/EGL_emulation( 1712): eglMakeCurrent: 0xb4085540: ver 2 0 (tinfo 0xb4083740)
06-05 18:17:29.583 D/EGL_emulation( 1712): eglMakeCurrent: 0xb4085540: ver 2 0 (tinfo 0xb4083740)
06-05 18:17:29.583 W/System  ( 5208): ClassLoader referenced unknown path: /data/app/com.evancharlton.mileage.test-1/lib/x86
06-05 18:17:29.583 W/System  ( 5208): ClassLoader referenced unknown path: /data/app/com.evancharlton.mileage-1/lib/x86
06-05 18:17:29.585 W/System  ( 5208): ClassLoader referenced unknown path: 
06-05 18:17:29.589 I/System.out( 5208): Main activity name automatically set to: com.evancharlton.mileage.Mileage
06-05 18:17:29.589 I/System.out( 5208): Calabash did not load Mono. This is only a problem if you are trying to test a Mono application
06-05 18:17:29.589 I/calabash( 5208): Test server port: 7102
06-05 18:17:29.589 I/InstrumentationBackend( 5208): Added:'GetPreferences', with key:'get_preferences'
06-05 18:17:29.592 D/EGL_emulation( 1712): eglMakeCurrent: 0xb4085540: ver 2 0 (tinfo 0xb4083740)
06-05 18:17:29.593 I/InstrumentationBackend( 5208): Added:'SetPreferences', with key:'set_preferences'
06-05 18:17:29.593 I/InstrumentationBackend( 5208): Added:'ClearPreferences', with key:'clear_preferences'
06-05 18:17:29.593 I/InstrumentationBackend( 5208): Added:'PressElement', with key:'press_l10n_element'
06-05 18:17:29.593 I/InstrumentationBackend( 5208): Added:'WaitForElement', with key:'wait_for_l10n_element'
06-05 18:17:29.593 I/InstrumentationBackend( 5208): Added:'NullAction', with key:'nullAction'
06-05 18:17:29.593 I/InstrumentationBackend( 5208): Added:'PressKey', with key:'press_key'
06-05 18:17:29.593 I/InstrumentationBackend( 5208): Added:'SetActivityOrientation', with key:'set_activity_orientation'
06-05 18:17:29.593 I/InstrumentationBackend( 5208): Added:'GetActivityOrientation', with key:'get_activity_orientation'
06-05 18:17:29.593 I/InstrumentationBackend( 5208): Added:'FakeGPSLocation', with key:'set_gps_coordinates'
06-05 18:17:29.594 I/InstrumentationBackend( 5208): Added:'SetPropertyByCssSelector', with key:'set_property_by_css_selector'
06-05 18:17:29.594 I/InstrumentationBackend( 5208): Added:'GetUrl', with key:'get_url'
06-05 18:17:29.594 I/InstrumentationBackend( 5208): Added:'ScrollTo', with key:'scroll_to'
06-05 18:17:29.594 I/InstrumentationBackend( 5208): Added:'GetLoadProgress', with key:'get_load_progress'
06-05 18:17:29.594 I/InstrumentationBackend( 5208): Added:'DumpHtml', with key:'dump_html'
06-05 18:17:29.594 I/InstrumentationBackend( 5208): Added:'DumpBodyHtml', with key:'dump_body_html'
06-05 18:17:29.594 I/InstrumentationBackend( 5208): Added:'EnterTextByCssSelector', with key:'enter_text_by_selector'
06-05 18:17:29.594 D/EGL_emulation( 1712): eglMakeCurrent: 0xb4085540: ver 2 0 (tinfo 0xb4083740)
06-05 18:17:29.594 I/InstrumentationBackend( 5208): Added:'AndroidSDKVersion', with key:'android_sdk_version'
06-05 18:17:29.594 I/InstrumentationBackend( 5208): Added:'Version', with key:'version'
06-05 18:17:29.594 I/InstrumentationBackend( 5208): Added:'Drag', with key:'drag'
06-05 18:17:29.594 I/InstrumentationBackend( 5208): Added:'TouchCoordinates', with key:'touch_coordinate'
06-05 18:17:29.594 I/InstrumentationBackend( 5208): Added:'LongPressCoordinate', with key:'long_press_coordinate'
06-05 18:17:29.594 I/InstrumentationBackend( 5208): Added:'DragCoordinates', with key:'drag_coordinates'
06-05 18:17:29.594 I/InstrumentationBackend( 5208): Added:'ResumeApplication', with key:'resume_application'
06-05 18:17:29.594 I/InstrumentationBackend( 5208): Added:'Swipe', with key:'swipe'
06-05 18:17:29.594 I/InstrumentationBackend( 5208): Added:'DoubleTapCoordinate', with key:'double_tap_coordinate'
06-05 18:17:29.594 I/InstrumentationBackend( 5208): Added:'ClickOnScreen', with key:'click_on_screen'
06-05 18:17:29.594 I/InstrumentationBackend( 5208): Added:'GetActivityName', with key:'get_activity_name'
06-05 18:17:29.595 I/InstrumentationBackend( 5208): Added:'ScrollToView', with key:'scroll_to_view'
06-05 18:17:29.595 I/InstrumentationBackend( 5208): Added:'ViewConfiguration', with key:'view_configuration'
06-05 18:17:29.595 I/InstrumentationBackend( 5208): Added:'IsCurrentActivityFocused', with key:'is_current_activity_focused'
06-05 18:17:29.595 I/InstrumentationBackend( 5208): Added:'SendTcp', with key:'send_tcp'
06-05 18:17:29.595 I/InstrumentationBackend( 5208): Added:'DpToDevicePixel', with key:'dp_to_device_pixel'
06-05 18:17:29.595 I/InstrumentationBackend( 5208): Added:'KeyboardEnterText', with key:'keyboard_enter_text'
06-05 18:17:29.595 I/InstrumentationBackend( 5208): Added:'DeleteSurroundingText', with key:'delete_surrounding_text'
06-05 18:17:29.595 I/InstrumentationBackend( 5208): Added:'SetComposingRegion', with key:'set_composing_region'
06-05 18:17:29.595 I/InstrumentationBackend( 5208): Added:'SetSelection', with key:'set_selection'
06-05 18:17:29.595 I/InstrumentationBackend( 5208): Added:'KeyboardKeyEvent', with key:'keyboard_key_event'
06-05 18:17:29.595 I/InstrumentationBackend( 5208): Added:'PressUserActionButton', with key:'press_user_action_button'
06-05 18:17:29.595 I/InstrumentationBackend( 5208): Added:'HideSoftKeyboard', with key:'hide_soft_keyboard'
06-05 18:17:29.595 I/InstrumentationBackend( 5208): Added:'ListActions', with key:'list_actions'
06-05 18:17:29.595 I/calabash( 5208): Instantiating http server at 7102
06-05 18:17:29.596 I/System.out( 5208): HTTP Daemon listening on: 7102
06-05 18:17:29.609 D/EGL_emulation( 1712): eglMakeCurrent: 0xb4085540: ver 2 0 (tinfo 0xb4083740)
06-05 18:17:29.611 D/EGL_emulation( 1712): eglMakeCurrent: 0xb4085540: ver 2 0 (tinfo 0xb4083740)
06-05 18:17:29.626 D/EGL_emulation( 1712): eglMakeCurrent: 0xb4085540: ver 2 0 (tinfo 0xb4083740)
06-05 18:17:29.628 D/EGL_emulation( 1712): eglMakeCurrent: 0xb4085540: ver 2 0 (tinfo 0xb4083740)
06-05 18:17:29.643 D/EGL_emulation( 1712): eglMakeCurrent: 0xb4085540: ver 2 0 (tinfo 0xb4083740)
06-05 18:17:29.659 D/EGL_emulation( 1712): eglMakeCurrent: 0xb4085540: ver 2 0 (tinfo 0xb4083740)
06-05 18:17:29.660 D/EGL_emulation( 1712): eglMakeCurrent: 0xb4085540: ver 2 0 (tinfo 0xb4083740)
06-05 18:17:29.676 D/EGL_emulation( 1712): eglMakeCurrent: 0xb4085540: ver 2 0 (tinfo 0xb4083740)
06-05 18:17:29.677 D/EGL_emulation( 1712): eglMakeCurrent: 0xb4085540: ver 2 0 (tinfo 0xb4083740)
06-05 18:17:29.688 I/System.out( 5208): URI: //ping
06-05 18:17:29.688 I/System.out( 5208): params: {json={}
06-05 18:17:29.688 I/System.out( 5208): }
06-05 18:17:29.691 I/System.out( 5208): URI: //ping
06-05 18:17:29.691 I/System.out( 5208): params: {json={}
06-05 18:17:29.691 I/System.out( 5208): }
06-05 18:17:29.693 I/System.out( 5208): URI: //ready
06-05 18:17:29.693 I/System.out( 5208): params: {json={}
06-05 18:17:29.693 I/System.out( 5208): }
06-05 18:17:29.695 I/System.out( 5208): URI: //
06-05 18:17:29.695 I/System.out( 5208): params: {json={"command":"version","arguments":[]}
06-05 18:17:29.695 I/System.out( 5208): }
06-05 18:17:29.695 I/System.out( 5208): header: {content-type=application/json;charset=utf-8, date=Fri, 05 Jun 2020 23:17:30 GMT, accept=*/*, host=127.0.0.1:34784, content-length=36, user-agent=HTTPClient/1.0 (2.8.3, ruby 2.5.1 (2018-03-29))}
06-05 18:17:29.695 I/System.out( 5208): params: {json={"command":"version","arguments":[]}
06-05 18:17:29.695 I/System.out( 5208): }
06-05 18:17:29.695 I/System.out( 5208): ProP json = {"command":"version","arguments":[]}
06-05 18:17:29.695 I/System.out( 5208): files: {}
06-05 18:17:29.695 I/System.out( 5208): command: {"command":"version","arguments":[]}
06-05 18:17:29.698 I/InstrumentationBackend( 5208): Got command:'Command:'Line:null,version', arguments:'[]'
06-05 18:17:29.704 I/System.out( 5208): result:{"bonusInformation":[],"message":"0.9.8","success":true}
06-05 18:17:29.707 I/System.out( 5208): URI: //start-application
06-05 18:17:29.707 I/System.out( 5208): params: {json={"intent":null}
06-05 18:17:29.707 I/System.out( 5208): }
06-05 18:17:29.716 I/ActivityManager( 1630): START u0 {act=android.intent.action.MAIN cat=[android.intent.category.LAUNCHER] flg=0x10200000 cmp=com.evancharlton.mileage/.Mileage} from uid 10150 on display 0
06-05 18:17:29.724 I/calabash( 5208): newActivity1
06-05 18:17:29.736 I/calabash( 5208): newActivity1
06-05 18:17:29.738 W/ActivityManager( 1630): Bad activity token: android.os.BinderProxy@deccdb5
06-05 18:17:29.738 W/ActivityManager( 1630): java.lang.ClassCastException: android.os.BinderProxy cannot be cast to com.android.server.am.ActivityRecord$Token
06-05 18:17:29.738 W/ActivityManager( 1630): 	at com.android.server.am.ActivityRecord.forTokenLocked(ActivityRecord.java:586)
06-05 18:17:29.738 W/ActivityManager( 1630): 	at com.android.server.am.ActivityRecord.isInStackLocked(ActivityRecord.java:1327)
06-05 18:17:29.738 W/ActivityManager( 1630): 	at com.android.server.am.ActivityRecord.getStackLocked(ActivityRecord.java:1332)
06-05 18:17:29.738 W/ActivityManager( 1630): 	at com.android.server.am.ActivityManagerService.getActivityDisplayId(ActivityManagerService.java:9806)
06-05 18:17:29.738 W/ActivityManager( 1630): 	at android.app.ActivityManagerNative.onTransact(ActivityManagerNative.java:2566)
06-05 18:17:29.738 W/ActivityManager( 1630): 	at com.android.server.am.ActivityManagerService.onTransact(ActivityManagerService.java:2757)
06-05 18:17:29.738 W/ActivityManager( 1630): 	at android.os.Binder.execTransact(Binder.java:565)
06-05 18:17:29.739 W/ActivityManager( 1630): Bad activity token: android.os.BinderProxy@deccdb5
06-05 18:17:29.739 W/ActivityManager( 1630): java.lang.ClassCastException: android.os.BinderProxy cannot be cast to com.android.server.am.ActivityRecord$Token
06-05 18:17:29.739 W/ActivityManager( 1630): 	at com.android.server.am.ActivityRecord.forTokenLocked(ActivityRecord.java:586)
06-05 18:17:29.739 W/ActivityManager( 1630): 	at com.android.server.am.ActivityRecord.isInStackLocked(ActivityRecord.java:1327)
06-05 18:17:29.739 W/ActivityManager( 1630): 	at com.android.server.am.ActivityManagerService.setTaskDescription(ActivityManagerService.java:9358)
06-05 18:17:29.739 W/ActivityManager( 1630): 	at android.app.ActivityManagerNative.onTransact(ActivityManagerNative.java:2639)
06-05 18:17:29.739 W/ActivityManager( 1630): 	at com.android.server.am.ActivityManagerService.onTransact(ActivityManagerService.java:2757)
06-05 18:17:29.739 W/ActivityManager( 1630): 	at android.os.Binder.execTransact(Binder.java:565)
06-05 18:17:29.740 W/ActivityManager( 1630): Bad activity token: android.os.BinderProxy@deccdb5
06-05 18:17:29.740 W/ActivityManager( 1630): java.lang.ClassCastException: android.os.BinderProxy cannot be cast to com.android.server.am.ActivityRecord$Token
06-05 18:17:29.740 W/ActivityManager( 1630): 	at com.android.server.am.ActivityRecord.forTokenLocked(ActivityRecord.java:586)
06-05 18:17:29.740 W/ActivityManager( 1630): 	at com.android.server.am.ActivityRecord.isInStackLocked(ActivityRecord.java:1327)
06-05 18:17:29.740 W/ActivityManager( 1630): 	at com.android.server.am.ActivityRecord.getStackLocked(ActivityRecord.java:1332)
06-05 18:17:29.740 W/ActivityManager( 1630): 	at com.android.server.am.ActivityManagerService.getActivityStackId(ActivityManagerService.java:9817)
06-05 18:17:29.740 W/ActivityManager( 1630): 	at android.app.ActivityManagerNative.onTransact(ActivityManagerNative.java:2856)
06-05 18:17:29.740 W/ActivityManager( 1630): 	at com.android.server.am.ActivityManagerService.onTransact(ActivityManagerService.java:2757)
06-05 18:17:29.740 W/ActivityManager( 1630): 	at android.os.Binder.execTransact(Binder.java:565)
06-05 18:17:29.743 D/gralloc_ranchu( 1346): gralloc_alloc: Creating ashmem region of size 9023488
06-05 18:17:29.764 W/ActivityManager( 1630): Bad activity token: android.os.BinderProxy@deccdb5
06-05 18:17:29.764 W/ActivityManager( 1630): java.lang.ClassCastException: android.os.BinderProxy cannot be cast to com.android.server.am.ActivityRecord$Token
06-05 18:17:29.764 W/ActivityManager( 1630): 	at com.android.server.am.ActivityRecord.forTokenLocked(ActivityRecord.java:586)
06-05 18:17:29.764 W/ActivityManager( 1630): 	at com.android.server.am.ActivityRecord.isInStackLocked(ActivityRecord.java:1327)
06-05 18:17:29.764 W/ActivityManager( 1630): 	at com.android.server.am.ActivityManagerService.getActivityOptions(ActivityManagerService.java:12559)
06-05 18:17:29.764 W/ActivityManager( 1630): 	at android.app.ActivityManagerNative.onTransact(ActivityManagerNative.java:1933)
06-05 18:17:29.764 W/ActivityManager( 1630): 	at com.android.server.am.ActivityManagerService.onTransact(ActivityManagerService.java:2757)
06-05 18:17:29.764 W/ActivityManager( 1630): 	at android.os.Binder.execTransact(Binder.java:565)
06-05 18:17:29.765 W/ActivityManager( 1630): Bad activity token: android.os.BinderProxy@deccdb5
06-05 18:17:29.765 W/ActivityManager( 1630): java.lang.ClassCastException: android.os.BinderProxy cannot be cast to com.android.server.am.ActivityRecord$Token
06-05 18:17:29.765 W/ActivityManager( 1630): 	at com.android.server.am.ActivityRecord.forTokenLocked(ActivityRecord.java:586)
06-05 18:17:29.765 W/ActivityManager( 1630): 	at com.android.server.am.ActivityRecord.isInStackLocked(ActivityRecord.java:1327)
06-05 18:17:29.765 W/ActivityManager( 1630): 	at com.android.server.am.ActivityManagerService.getActivityOptions(ActivityManagerService.java:12559)
06-05 18:17:29.765 W/ActivityManager( 1630): 	at android.app.ActivityManagerNative.onTransact(ActivityManagerNative.java:1933)
06-05 18:17:29.765 W/ActivityManager( 1630): 	at com.android.server.am.ActivityManagerService.onTransact(ActivityManagerService.java:2757)
06-05 18:17:29.765 W/ActivityManager( 1630): 	at android.os.Binder.execTransact(Binder.java:565)
06-05 18:17:29.786 V/PhoneStatusBar( 1712): setLightsOn(true)
06-05 18:17:29.793 D/EGL_emulation( 2099): eglMakeCurrent: 0xb4085240: ver 2 0 (tinfo 0xb40832d0)
06-05 18:17:29.794 D/EGL_emulation( 1712): eglMakeCurrent: 0xb4085540: ver 2 0 (tinfo 0xb4083740)
06-05 18:17:29.795 V/PhoneStatusBar( 1712): setLightsOn(true)
06-05 18:17:29.809 D/gralloc_ranchu( 1346): gralloc_alloc: Creating ashmem region of size 9023488
06-05 18:17:29.809 D/EGL_emulation( 1712): eglMakeCurrent: 0xb4085540: ver 2 0 (tinfo 0xb4083740)
06-05 18:17:29.814 D/        ( 5208): HostConnection::get() New Host Connection established 0x97d27480, tid 5208
06-05 18:17:29.814 D/EGL_emulation( 1712): eglMakeCurrent: 0xb4085540: ver 2 0 (tinfo 0xb4083740)
06-05 18:17:29.815 V/PhoneStatusBar( 1712): setLightsOn(true)
06-05 18:17:29.848 D/EGL_emulation( 1712): eglMakeCurrent: 0xb4085540: ver 2 0 (tinfo 0xb4083740)
06-05 18:17:29.850 D/EGL_emulation( 1712): eglMakeCurrent: 0xb4085540: ver 2 0 (tinfo 0xb4083740)
06-05 18:17:29.853 D/EGL_emulation( 1712): eglMakeCurrent: 0xb4085540: ver 2 0 (tinfo 0xb4083740)
06-05 18:17:29.862 D/EGL_emulation( 1712): eglMakeCurrent: 0xb4085540: ver 2 0 (tinfo 0xb4083740)
06-05 18:17:29.863 D/EGL_emulation( 1712): eglMakeCurrent: 0xb4085540: ver 2 0 (tinfo 0xb4083740)
06-05 18:17:29.876 I/WindowManager( 1630): Destroying surface Surface(name=com.evancharlton.mileage/com.evancharlton.mileage.Mileage) called by com.android.server.wm.WindowStateAnimator.destroySurface:2016 com.android.server.wm.WindowStateAnimator.destroySurfaceLocked:882 com.android.server.wm.WindowState.removeLocked:1456 com.android.server.wm.WindowManagerService.removeWindowInnerLocked:2484 com.android.server.wm.AppWindowToken.destroySurfaces:365 com.android.server.wm.WindowStateAnimator.finishExit:565 com.android.server.wm.AppWindowAnimator.stepAnimationLocked:427 com.android.server.wm.WindowAnimator.updateAppWindowsLocked:196 
06-05 18:17:29.877 D/EGL_emulation( 1712): eglMakeCurrent: 0xb4085540: ver 2 0 (tinfo 0xb4083740)
06-05 18:17:29.878 D/EGL_emulation( 1712): eglMakeCurrent: 0xb4085540: ver 2 0 (tinfo 0xb4083740)
06-05 18:17:29.893 I/ActivityManager( 1630): Displayed com.evancharlton.mileage/.Mileage: +172ms
06-05 18:17:29.893 D/EGL_emulation( 1712): eglMakeCurrent: 0xb4085540: ver 2 0 (tinfo 0xb4083740)
06-05 18:17:29.893 D/gralloc_ranchu( 1346): gralloc_alloc: Creating ashmem region of size 9023488
06-05 18:17:29.893 V/PhoneStatusBar( 1712): setLightsOn(true)
06-05 18:17:29.907 D/EGL_emulation( 1712): eglMakeCurrent: 0xb4085540: ver 2 0 (tinfo 0xb4083740)
06-05 18:17:29.916 D/EGL_emulation( 1712): eglMakeCurrent: 0xb4085540: ver 2 0 (tinfo 0xb4083740)
06-05 18:17:29.918 D/EGL_emulation( 1712): eglMakeCurrent: 0xb4085540: ver 2 0 (tinfo 0xb4083740)
06-05 18:17:29.932 D/EGL_emulation( 1712): eglMakeCurrent: 0xb4085540: ver 2 0 (tinfo 0xb4083740)
06-05 18:17:29.933 V/PhoneStatusBar( 1712): setLightsOn(true)
06-05 18:17:29.934 D/EGL_emulation( 1712): eglMakeCurrent: 0xb4085540: ver 2 0 (tinfo 0xb4083740)
06-05 18:17:29.943 D/EGL_emulation( 1712): eglMakeCurrent: 0xb4085540: ver 2 0 (tinfo 0xb4083740)
06-05 18:17:29.944 D/EGL_emulation( 1712): eglMakeCurrent: 0xb4085540: ver 2 0 (tinfo 0xb4083740)
06-05 18:17:29.950 I/System.out( 5208): URI: //map
06-05 18:17:29.950 I/System.out( 5208): params: {json={"query":"* marked:'Statistics'","operation":{"method_name":"query","arguments":[]}}
06-05 18:17:29.950 I/System.out( 5208): }
06-05 18:17:29.959 D/EGL_emulation( 1712): eglMakeCurrent: 0xb4085540: ver 2 0 (tinfo 0xb4083740)
06-05 18:17:29.961 D/EGL_emulation( 1712): eglMakeCurrent: 0xb4085540: ver 2 0 (tinfo 0xb4083740)
06-05 18:17:29.962 W/ResourceType( 5208): No package identifier when getting name for resource number 0x00000001
06-05 18:17:29.976 D/EGL_emulation( 1712): eglMakeCurrent: 0xb4085540: ver 2 0 (tinfo 0xb4083740)
06-05 18:17:29.978 D/EGL_emulation( 1712): eglMakeCurrent: 0xb4085540: ver 2 0 (tinfo 0xb4083740)
06-05 18:17:29.979 I/System.out( 5208): URI: //gesture
06-05 18:17:29.979 I/System.out( 5208): params: {json={"query_timeout":5.0,"gestures":[{"query_string":"* marked:'Statistics'","touches":[{"x":50,"y":50,"offset_x":0,"offset_y":0,"wait":0.0,"time":0.2,"release":true,"query_string":null}]}]}
06-05 18:17:29.979 I/System.out( 5208): }
06-05 18:17:29.986 W/ResourceType( 5208): No package identifier when getting name for resource number 0x00000001
06-05 18:17:29.992 D/EGL_emulation( 1712): eglMakeCurrent: 0xb4085540: ver 2 0 (tinfo 0xb4083740)
06-05 18:17:30.007 D/EGL_emulation( 1712): eglMakeCurrent: 0xb4085540: ver 2 0 (tinfo 0xb4083740)
06-05 18:17:30.009 D/EGL_emulation( 1712): eglMakeCurrent: 0xb4085540: ver 2 0 (tinfo 0xb4083740)
06-05 18:17:30.014 D/EGL_emulation( 1712): eglMakeCurrent: 0xb4085540: ver 2 0 (tinfo 0xb4083740)
06-05 18:17:30.093 I/WindowManager( 1630): Destroying surface Surface(name=Starting com.evancharlton.mileage) called by com.android.server.wm.WindowStateAnimator.destroySurface:2016 com.android.server.wm.WindowStateAnimator.destroySurfaceLocked:882 com.android.server.wm.WindowState.destroyOrSaveSurface:2100 com.android.server.wm.AppWindowToken.destroySurfaces:363 com.android.server.wm.WindowStateAnimator.finishExit:565 com.android.server.wm.WindowStateAnimator.stepAnimationLocked:491 com.android.server.wm.WindowAnimator.updateWindowsLocked:303 com.android.server.wm.WindowAnimator.animateLocked:704 
06-05 18:17:30.094 V/PhoneStatusBar( 1712): setLightsOn(true)
06-05 18:17:30.109 V/PhoneStatusBar( 1712): setLightsOn(true)
06-05 18:17:30.211 I/calabash( 5208): newActivity1
06-05 18:17:30.223 I/System.out( 5208): URI: //map
06-05 18:17:30.223 I/System.out( 5208): params: {json={"query":"android.widget.ScrollView index:0","operation":{"method_name":"query","arguments":[]}}
06-05 18:17:30.223 I/System.out( 5208): }
06-05 18:17:30.224 W/ActivityManager( 1630): Bad activity token: android.os.BinderProxy@6f7a5ab
06-05 18:17:30.224 W/ActivityManager( 1630): java.lang.ClassCastException: android.os.BinderProxy cannot be cast to com.android.server.am.ActivityRecord$Token
06-05 18:17:30.224 W/ActivityManager( 1630): 	at com.android.server.am.ActivityRecord.forTokenLocked(ActivityRecord.java:586)
06-05 18:17:30.224 W/ActivityManager( 1630): 	at com.android.server.am.ActivityRecord.isInStackLocked(ActivityRecord.java:1327)
06-05 18:17:30.224 W/ActivityManager( 1630): 	at com.android.server.am.ActivityRecord.getStackLocked(ActivityRecord.java:1332)
06-05 18:17:30.224 W/ActivityManager( 1630): 	at com.android.server.am.ActivityManagerService.getActivityDisplayId(ActivityManagerService.java:9806)
06-05 18:17:30.224 W/ActivityManager( 1630): 	at android.app.ActivityManagerNative.onTransact(ActivityManagerNative.java:2566)
06-05 18:17:30.224 W/ActivityManager( 1630): 	at com.android.server.am.ActivityManagerService.onTransact(ActivityManagerService.java:2757)
06-05 18:17:30.224 W/ActivityManager( 1630): 	at android.os.Binder.execTransact(Binder.java:565)
06-05 18:17:30.225 W/ActivityManager( 1630): Bad activity token: android.os.BinderProxy@6f7a5ab
06-05 18:17:30.225 W/ActivityManager( 1630): java.lang.ClassCastException: android.os.BinderProxy cannot be cast to com.android.server.am.ActivityRecord$Token
06-05 18:17:30.225 W/ActivityManager( 1630): 	at com.android.server.am.ActivityRecord.forTokenLocked(ActivityRecord.java:586)
06-05 18:17:30.225 W/ActivityManager( 1630): 	at com.android.server.am.ActivityRecord.isInStackLocked(ActivityRecord.java:1327)
06-05 18:17:30.225 W/ActivityManager( 1630): 	at com.android.server.am.ActivityManagerService.setTaskDescription(ActivityManagerService.java:9358)
06-05 18:17:30.225 W/ActivityManager( 1630): 	at android.app.ActivityManagerNative.onTransact(ActivityManagerNative.java:2639)
06-05 18:17:30.225 W/ActivityManager( 1630): 	at com.android.server.am.ActivityManagerService.onTransact(ActivityManagerService.java:2757)
06-05 18:17:30.225 W/ActivityManager( 1630): 	at android.os.Binder.execTransact(Binder.java:565)
06-05 18:17:30.226 W/ActivityManager( 1630): Bad activity token: android.os.BinderProxy@6f7a5ab
06-05 18:17:30.226 W/ActivityManager( 1630): java.lang.ClassCastException: android.os.BinderProxy cannot be cast to com.android.server.am.ActivityRecord$Token
06-05 18:17:30.226 W/ActivityManager( 1630): 	at com.android.server.am.ActivityRecord.forTokenLocked(ActivityRecord.java:586)
06-05 18:17:30.226 W/ActivityManager( 1630): 	at com.android.server.am.ActivityRecord.isInStackLocked(ActivityRecord.java:1327)
06-05 18:17:30.226 W/ActivityManager( 1630): 	at com.android.server.am.ActivityRecord.getStackLocked(ActivityRecord.java:1332)
06-05 18:17:30.226 W/ActivityManager( 1630): 	at com.android.server.am.ActivityManagerService.getActivityStackId(ActivityManagerService.java:9817)
06-05 18:17:30.226 W/ActivityManager( 1630): 	at android.app.ActivityManagerNative.onTransact(ActivityManagerNative.java:2856)
06-05 18:17:30.226 W/ActivityManager( 1630): 	at com.android.server.am.ActivityManagerService.onTransact(ActivityManagerService.java:2757)
06-05 18:17:30.226 W/ActivityManager( 1630): 	at android.os.Binder.execTransact(Binder.java:565)
06-05 18:17:30.233 D/VehicleStatisticsActivity( 5208): Checking recalculation ...
06-05 18:17:30.234 D/VehicleStatisticsActivity( 5208): Recalculation not necessary.
06-05 18:17:30.243 W/ActivityManager( 1630): Bad activity token: android.os.BinderProxy@6f7a5ab
06-05 18:17:30.243 W/ActivityManager( 1630): java.lang.ClassCastException: android.os.BinderProxy cannot be cast to com.android.server.am.ActivityRecord$Token
06-05 18:17:30.243 W/ActivityManager( 1630): 	at com.android.server.am.ActivityRecord.forTokenLocked(ActivityRecord.java:586)
06-05 18:17:30.243 W/ActivityManager( 1630): 	at com.android.server.am.ActivityRecord.isInStackLocked(ActivityRecord.java:1327)
06-05 18:17:30.243 W/ActivityManager( 1630): 	at com.android.server.am.ActivityManagerService.getActivityOptions(ActivityManagerService.java:12559)
06-05 18:17:30.243 W/ActivityManager( 1630): 	at android.app.ActivityManagerNative.onTransact(ActivityManagerNative.java:1933)
06-05 18:17:30.243 W/ActivityManager( 1630): 	at com.android.server.am.ActivityManagerService.onTransact(ActivityManagerService.java:2757)
06-05 18:17:30.243 W/ActivityManager( 1630): 	at android.os.Binder.execTransact(Binder.java:565)
06-05 18:17:30.243 V/PhoneStatusBar( 1712): setLightsOn(true)
06-05 18:17:30.243 W/ActivityManager( 1630): Bad activity token: android.os.BinderProxy@6f7a5ab
06-05 18:17:30.243 W/ActivityManager( 1630): java.lang.ClassCastException: android.os.BinderProxy cannot be cast to com.android.server.am.ActivityRecord$Token
06-05 18:17:30.243 W/ActivityManager( 1630): 	at com.android.server.am.ActivityRecord.forTokenLocked(ActivityRecord.java:586)
06-05 18:17:30.243 W/ActivityManager( 1630): 	at com.android.server.am.ActivityRecord.isInStackLocked(ActivityRecord.java:1327)
06-05 18:17:30.243 W/ActivityManager( 1630): 	at com.android.server.am.ActivityManagerService.getActivityOptions(ActivityManagerService.java:12559)
06-05 18:17:30.243 W/ActivityManager( 1630): 	at android.app.ActivityManagerNative.onTransact(ActivityManagerNative.java:1933)
06-05 18:17:30.243 W/ActivityManager( 1630): 	at com.android.server.am.ActivityManagerService.onTransact(ActivityManagerService.java:2757)
06-05 18:17:30.243 W/ActivityManager( 1630): 	at android.os.Binder.execTransact(Binder.java:565)
06-05 18:17:30.244 D/VehicleStatisticsActivity( 5208): Checking recalculation ...
06-05 18:17:30.246 D/VehicleStatisticsActivity( 5208): Recalculation not necessary.
06-05 18:17:30.343 I/System.out( 5208): URI: //map
06-05 18:17:30.343 I/System.out( 5208): params: {json={"query":"android.widget.AbsListView index:0","operation":{"method_name":"query","arguments":[]}}
06-05 18:17:30.343 I/System.out( 5208): }
06-05 18:17:30.348 I/art     ( 5208): Do partial code cache collection, code=30KB, data=29KB
06-05 18:17:30.348 I/art     ( 5208): After code cache collection, code=29KB, data=28KB
06-05 18:17:30.348 I/art     ( 5208): Increasing code cache capacity to 128KB
06-05 18:17:30.359 I/System.out( 5208): URI: //map
06-05 18:17:30.359 I/System.out( 5208): params: {json={"query":"android.widget.AbsListView index:0","operation":{"method_name":"query","arguments":[]}}
06-05 18:17:30.359 I/System.out( 5208): }
06-05 18:17:30.373 I/System.out( 5208): URI: //map
06-05 18:17:30.373 I/System.out( 5208): params: {json={"query":"android.widget.AbsListView index:0","operation":{"method_name":"query","arguments":[]}}
06-05 18:17:30.373 I/System.out( 5208): }
06-05 18:17:30.386 I/System.out( 5208): URI: //map
06-05 18:17:30.386 I/System.out( 5208): params: {json={"query":"android.widget.AbsListView index:0","operation":{"method_name":"query","arguments":["getFirstVisiblePosition"]}}
06-05 18:17:30.386 I/System.out( 5208): }
06-05 18:17:30.400 I/System.out( 5208): URI: //map
06-05 18:17:30.400 I/System.out( 5208): params: {json={"query":"android.widget.AbsListView index:0","operation":{"method_name":"query","arguments":["getLastVisiblePosition"]}}
06-05 18:17:30.400 I/System.out( 5208): }
06-05 18:17:30.412 I/System.out( 5208): URI: //map
06-05 18:17:30.412 I/System.out( 5208): params: {json={"query":"android.widget.AbsListView index:0","operation":{"method_name":"query","arguments":[{"method_name":"setSelection","arguments":[26]}]}}
06-05 18:17:30.412 I/System.out( 5208): }
06-05 18:17:30.428 I/System.out( 5208): URI: //map
06-05 18:17:30.428 I/System.out( 5208): params: {json={"query":"* marked:'Maximum price'","operation":{"method_name":"query","arguments":[]}}
06-05 18:17:30.428 I/System.out( 5208): }
06-05 18:17:30.461 D/gralloc_ranchu( 1346): gralloc_alloc: Creating ashmem region of size 9023488
06-05 18:17:30.501 W/ResourceType( 5208): No package identifier when getting name for resource number 0x00000001
06-05 18:17:30.514 I/System.out( 5208): URI: //gesture
06-05 18:17:30.514 I/System.out( 5208): params: {json={"query_timeout":5.0,"gestures":[{"query_string":"* marked:'Maximum price'","touches":[{"x":50,"y":50,"offset_x":0,"offset_y":0,"wait":0.0,"time":0.2,"release":true,"query_string":null}]}]}
06-05 18:17:30.514 I/System.out( 5208): }
06-05 18:17:30.517 W/ResourceType( 5208): No package identifier when getting name for resource number 0x00000001
06-05 18:17:30.526 V/PhoneStatusBar( 1712): setLightsOn(true)
06-05 18:17:30.527 V/PhoneStatusBar( 1712): setLightsOn(true)
06-05 18:17:30.528 W/OpenGLRenderer( 2099): Incorrectly called buildLayer on View: ShortcutAndWidgetContainer, destroying layer...
06-05 18:17:30.543 V/PhoneStatusBar( 1712): setLightsOn(true)
06-05 18:17:30.544 I/WindowManager( 1630): Destroying surface Surface(name=com.android.launcher3/com.android.launcher3.Launcher) called by com.android.server.wm.WindowStateAnimator.destroySurface:2016 com.android.server.wm.WindowStateAnimator.destroySurfaceLocked:882 com.android.server.wm.WindowState.destroyOrSaveSurface:2100 com.android.server.wm.AppWindowToken.destroySurfaces:363 com.android.server.wm.AppWindowToken.notifyAppStopped:389 com.android.server.wm.WindowManagerService.notifyAppStopped:4463 com.android.server.am.ActivityStack.activityStoppedLocked:1252 com.android.server.am.ActivityManagerService.activityStopped:6903 
06-05 18:17:30.743 I/ActivityManager( 1630): START u0 {cmp=com.evancharlton.mileage/.charts.MaximumPriceChart (has extras)} from uid 10150 on display 0
06-05 18:17:30.745 V/PhoneStatusBar( 1712): setLightsOn(true)
06-05 18:17:30.746 V/PhoneStatusBar( 1712): setLightsOn(true)
06-05 18:17:30.756 I/System.out( 5208): URI: //map
06-05 18:17:30.756 I/System.out( 5208): params: {json={"query":"* {text CONTAINS[c] 'Most expensive fuel'}","operation":{"method_name":"query","arguments":[]}}
06-05 18:17:30.756 I/System.out( 5208): }
06-05 18:17:30.822 I/calabash( 5208): newActivity1
06-05 18:17:30.826 W/aiCharts( 5208): License file is invalid or missing. 
06-05 18:17:30.826 W/aiCharts( 5208): Please place proper license.lic to /assets folder.
06-05 18:17:30.845 V/PhoneStatusBar( 1712): setLightsOn(true)
06-05 18:17:30.876 V/PhoneStatusBar( 1712): setLightsOn(true)
06-05 18:17:30.882 I/WindowManager( 1630): Destroying surface Surface(name=Creating chart…) called by com.android.server.wm.WindowStateAnimator.destroySurface:2016 com.android.server.wm.WindowStateAnimator.destroySurfaceLocked:882 com.android.server.wm.WindowState.removeLocked:1456 com.android.server.wm.WindowManagerService.removeWindowInnerLocked:2484 com.android.server.wm.WindowManagerService.removeWindowLocked:2442 com.android.server.wm.WindowManagerService.removeWindowLocked:2311 com.android.server.wm.WindowManagerService.removeWindow:2306 com.android.server.wm.Session.remove:202 
06-05 18:17:30.886 D/gralloc_ranchu( 1346): gralloc_alloc: Creating ashmem region of size 9023488
06-05 18:17:30.893 V/PhoneStatusBar( 1712): setLightsOn(true)
06-05 18:17:30.942 I/ActivityManager( 1630): Displayed com.evancharlton.mileage/.charts.MaximumPriceChart: +123ms
06-05 18:17:30.943 V/PhoneStatusBar( 1712): setLightsOn(true)
06-05 18:17:30.959 V/PhoneStatusBar( 1712): setLightsOn(true)
06-05 18:17:30.976 V/PhoneStatusBar( 1712): setLightsOn(true)
06-05 18:17:31.160 V/PhoneStatusBar( 1712): setLightsOn(true)
06-05 18:17:31.160 I/System.out( 5208): URI: //map
06-05 18:17:31.160 I/System.out( 5208): params: {json={"query":"* {text CONTAINS[c] 'Most expensive fuel'}","operation":{"method_name":"query","arguments":[]}}
06-05 18:17:31.160 I/System.out( 5208): }
06-05 18:17:31.176 I/System.out( 5208): URI: //
06-05 18:17:31.176 I/System.out( 5208): params: {json={"command":"press_key","arguments":["KEYCODE_BACK"]}
06-05 18:17:31.176 I/System.out( 5208): }
06-05 18:17:31.176 I/System.out( 5208): header: {content-type=application/json;charset=utf-8, date=Fri, 05 Jun 2020 23:17:31 GMT, accept=*/*, host=127.0.0.1:34784, content-length=52, user-agent=HTTPClient/1.0 (2.8.3, ruby 2.5.1 (2018-03-29))}
06-05 18:17:31.176 I/System.out( 5208): params: {json={"command":"press_key","arguments":["KEYCODE_BACK"]}
06-05 18:17:31.176 I/System.out( 5208): }
06-05 18:17:31.176 I/System.out( 5208): ProP json = {"command":"press_key","arguments":["KEYCODE_BACK"]}
06-05 18:17:31.176 I/System.out( 5208): files: {}
06-05 18:17:31.176 I/System.out( 5208): command: {"command":"press_key","arguments":["KEYCODE_BACK"]}
06-05 18:17:31.177 I/InstrumentationBackend( 5208): Got command:'Command:'Line:null,press_key', arguments:'[KEYCODE_BACK]'
06-05 18:17:31.180 V/PhoneStatusBar( 1712): setLightsOn(true)
06-05 18:17:31.182 V/PhoneStatusBar( 1712): setLightsOn(true)
06-05 18:17:31.184 I/art     ( 5208): Do partial code cache collection, code=60KB, data=62KB
06-05 18:17:31.184 I/art     ( 5208): After code cache collection, code=59KB, data=61KB
06-05 18:17:31.184 I/art     ( 5208): Increasing code cache capacity to 256KB
06-05 18:17:31.185 I/System.out( 5208): result:{"bonusInformation":[],"message":"","success":true}
06-05 18:17:31.186 D/VehicleStatisticsActivity( 5208): Checking recalculation ...
06-05 18:17:31.187 D/VehicleStatisticsActivity( 5208): Recalculation not necessary.
06-05 18:17:31.189 I/System.out( 5208): URI: //map
06-05 18:17:31.189 I/System.out( 5208): params: {json={"query":"* {text CONTAINS[c] 'Statistics'}","operation":{"method_name":"query","arguments":[]}}
06-05 18:17:31.189 I/System.out( 5208): }
06-05 18:17:31.192 V/PhoneStatusBar( 1712): setLightsOn(true)
06-05 18:17:31.209 D/gralloc_ranchu( 1346): gralloc_alloc: Creating ashmem region of size 9023488
06-05 18:17:31.209 V/PhoneStatusBar( 1712): setLightsOn(true)
06-05 18:17:31.226 V/PhoneStatusBar( 1712): setLightsOn(true)
06-05 18:17:31.242 V/PhoneStatusBar( 1712): setLightsOn(true)
