--------- beginning of main
06-06 03:15:54.782 D/EGL_emulation( 1711): eglMakeCurrent: 0xa7985720: ver 2 0 (tinfo 0xa7983770)
06-06 03:15:54.784 D/EGL_emulation( 2078): eglMakeCurrent: 0x9852d440: ver 2 0 (tinfo 0xa3d30310)
06-06 03:15:54.785 W/OpenGLRenderer( 2078): Incorrectly called buildLayer on View: ShortcutAndWidgetContainer, destroying layer...
06-06 03:15:54.797 D/EGL_emulation( 1711): eglMakeCurrent: 0xa7985720: ver 2 0 (tinfo 0xa7983770)
06-06 03:15:54.799 D/EGL_emulation( 1711): eglMakeCurrent: 0xa7985720: ver 2 0 (tinfo 0xa7983770)
06-06 03:15:54.813 D/EGL_emulation( 1711): eglMakeCurrent: 0xa7985720: ver 2 0 (tinfo 0xa7983770)
06-06 03:15:54.816 D/EGL_emulation( 1711): eglMakeCurrent: 0xa7985720: ver 2 0 (tinfo 0xa7983770)
06-06 03:15:54.830 D/EGL_emulation( 1711): eglMakeCurrent: 0xa7985720: ver 2 0 (tinfo 0xa7983770)
06-06 03:15:54.832 D/EGL_emulation( 1711): eglMakeCurrent: 0xa7985720: ver 2 0 (tinfo 0xa7983770)
06-06 03:15:54.847 D/EGL_emulation( 1711): eglMakeCurrent: 0xa7985720: ver 2 0 (tinfo 0xa7983770)
06-06 03:15:54.848 D/EGL_emulation( 1711): eglMakeCurrent: 0xa7985720: ver 2 0 (tinfo 0xa7983770)
06-06 03:15:54.863 D/EGL_emulation( 1711): eglMakeCurrent: 0xa7985720: ver 2 0 (tinfo 0xa7983770)
06-06 03:15:54.865 D/EGL_emulation( 1711): eglMakeCurrent: 0xa7985720: ver 2 0 (tinfo 0xa7983770)
06-06 03:15:54.880 D/EGL_emulation( 1711): eglMakeCurrent: 0xa7985720: ver 2 0 (tinfo 0xa7983770)
06-06 03:15:54.882 D/EGL_emulation( 1711): eglMakeCurrent: 0xa7985720: ver 2 0 (tinfo 0xa7983770)
06-06 03:15:54.897 D/EGL_emulation( 1711): eglMakeCurrent: 0xa7985720: ver 2 0 (tinfo 0xa7983770)
06-06 03:15:54.898 D/EGL_emulation( 1711): eglMakeCurrent: 0xa7985720: ver 2 0 (tinfo 0xa7983770)
06-06 03:15:54.913 D/EGL_emulation( 1711): eglMakeCurrent: 0xa7985720: ver 2 0 (tinfo 0xa7983770)
06-06 03:15:54.915 D/EGL_emulation( 1711): eglMakeCurrent: 0xa7985720: ver 2 0 (tinfo 0xa7983770)
06-06 03:15:54.930 D/EGL_emulation( 1711): eglMakeCurrent: 0xa7985720: ver 2 0 (tinfo 0xa7983770)
06-06 03:15:54.932 D/AndroidRuntime( 3211): >>>>>> START com.android.internal.os.RuntimeInit uid 2000 <<<<<<
06-06 03:15:54.932 D/EGL_emulation( 1711): eglMakeCurrent: 0xa7985720: ver 2 0 (tinfo 0xa7983770)
06-06 03:15:54.933 D/AndroidRuntime( 3211): CheckJNI is ON
06-06 03:15:54.946 W/art     ( 3211): Unexpected CPU variant for X86 using defaults: x86
06-06 03:15:54.947 D/EGL_emulation( 1711): eglMakeCurrent: 0xa7985720: ver 2 0 (tinfo 0xa7983770)
06-06 03:15:54.949 D/EGL_emulation( 1711): eglMakeCurrent: 0xa7985720: ver 2 0 (tinfo 0xa7983770)
06-06 03:15:54.949 D/ICU     ( 3211): No timezone override file found: /data/misc/zoneinfo/current/icu/icu_tzdata.dat
06-06 03:15:54.958 E/memtrack( 3211): Couldn't load memtrack module (No such file or directory)
06-06 03:15:54.958 E/android.os.Debug( 3211): failed to load memtrack module: -2
06-06 03:15:54.959 I/Radio-JNI( 3211): register_android_hardware_Radio DONE
06-06 03:15:54.964 D/AndroidRuntime( 3211): Calling main entry com.android.commands.am.Am
06-06 03:15:54.965 D/EGL_emulation( 1711): eglMakeCurrent: 0xa7985720: ver 2 0 (tinfo 0xa7983770)
--------- beginning of system
06-06 03:15:54.966 I/ActivityManager( 1630): Force stopping com.evancharlton.mileage appid=10422 user=0: start instr
06-06 03:15:54.969 I/art     ( 3221): Not late-enabling -Xcheck:jni (already on)
06-06 03:15:54.969 W/art     ( 3221): Unexpected CPU variant for X86 using defaults: x86
06-06 03:15:54.977 I/ActivityManager( 1630): Start proc 3221:com.evancharlton.mileage/u0a422 for added application com.evancharlton.mileage
06-06 03:15:54.977 D/AndroidRuntime( 3211): Shutting down VM
06-06 03:15:54.991 W/System  ( 3221): ClassLoader referenced unknown path: /data/app/com.evancharlton.mileage.test-1/lib/x86
06-06 03:15:54.991 W/System  ( 3221): ClassLoader referenced unknown path: /data/app/com.evancharlton.mileage-1/lib/x86
06-06 03:15:54.993 W/System  ( 3221): ClassLoader referenced unknown path: 
06-06 03:15:54.999 I/System.out( 3221): Main activity name automatically set to: com.evancharlton.mileage.Mileage
06-06 03:15:55.000 I/System.out( 3221): Calabash did not load Mono. This is only a problem if you are trying to test a Mono application
06-06 03:15:55.000 I/calabash( 3221): Test server port: 7102
06-06 03:15:55.001 I/InstrumentationBackend( 3221): Added:'GetPreferences', with key:'get_preferences'
06-06 03:15:55.005 I/InstrumentationBackend( 3221): Added:'SetPreferences', with key:'set_preferences'
06-06 03:15:55.005 I/InstrumentationBackend( 3221): Added:'ClearPreferences', with key:'clear_preferences'
06-06 03:15:55.005 I/InstrumentationBackend( 3221): Added:'PressElement', with key:'press_l10n_element'
06-06 03:15:55.005 I/InstrumentationBackend( 3221): Added:'WaitForElement', with key:'wait_for_l10n_element'
06-06 03:15:55.005 I/InstrumentationBackend( 3221): Added:'NullAction', with key:'nullAction'
06-06 03:15:55.005 I/InstrumentationBackend( 3221): Added:'PressKey', with key:'press_key'
06-06 03:15:55.005 I/InstrumentationBackend( 3221): Added:'SetActivityOrientation', with key:'set_activity_orientation'
06-06 03:15:55.005 I/InstrumentationBackend( 3221): Added:'GetActivityOrientation', with key:'get_activity_orientation'
06-06 03:15:55.005 I/InstrumentationBackend( 3221): Added:'FakeGPSLocation', with key:'set_gps_coordinates'
06-06 03:15:55.005 I/InstrumentationBackend( 3221): Added:'SetPropertyByCssSelector', with key:'set_property_by_css_selector'
06-06 03:15:55.006 I/InstrumentationBackend( 3221): Added:'GetUrl', with key:'get_url'
06-06 03:15:55.006 I/InstrumentationBackend( 3221): Added:'ScrollTo', with key:'scroll_to'
06-06 03:15:55.006 I/InstrumentationBackend( 3221): Added:'GetLoadProgress', with key:'get_load_progress'
06-06 03:15:55.006 I/InstrumentationBackend( 3221): Added:'DumpHtml', with key:'dump_html'
06-06 03:15:55.006 I/InstrumentationBackend( 3221): Added:'DumpBodyHtml', with key:'dump_body_html'
06-06 03:15:55.006 I/InstrumentationBackend( 3221): Added:'EnterTextByCssSelector', with key:'enter_text_by_selector'
06-06 03:15:55.006 I/InstrumentationBackend( 3221): Added:'AndroidSDKVersion', with key:'android_sdk_version'
06-06 03:15:55.006 I/InstrumentationBackend( 3221): Added:'Version', with key:'version'
06-06 03:15:55.007 I/InstrumentationBackend( 3221): Added:'Drag', with key:'drag'
06-06 03:15:55.007 I/InstrumentationBackend( 3221): Added:'TouchCoordinates', with key:'touch_coordinate'
06-06 03:15:55.007 I/InstrumentationBackend( 3221): Added:'LongPressCoordinate', with key:'long_press_coordinate'
06-06 03:15:55.007 I/InstrumentationBackend( 3221): Added:'DragCoordinates', with key:'drag_coordinates'
06-06 03:15:55.007 I/InstrumentationBackend( 3221): Added:'ResumeApplication', with key:'resume_application'
06-06 03:15:55.007 I/InstrumentationBackend( 3221): Added:'Swipe', with key:'swipe'
06-06 03:15:55.007 I/InstrumentationBackend( 3221): Added:'DoubleTapCoordinate', with key:'double_tap_coordinate'
06-06 03:15:55.007 I/InstrumentationBackend( 3221): Added:'ClickOnScreen', with key:'click_on_screen'
06-06 03:15:55.007 I/InstrumentationBackend( 3221): Added:'GetActivityName', with key:'get_activity_name'
06-06 03:15:55.007 I/InstrumentationBackend( 3221): Added:'ScrollToView', with key:'scroll_to_view'
06-06 03:15:55.007 I/InstrumentationBackend( 3221): Added:'ViewConfiguration', with key:'view_configuration'
06-06 03:15:55.007 I/InstrumentationBackend( 3221): Added:'IsCurrentActivityFocused', with key:'is_current_activity_focused'
06-06 03:15:55.007 I/InstrumentationBackend( 3221): Added:'SendTcp', with key:'send_tcp'
06-06 03:15:55.007 I/InstrumentationBackend( 3221): Added:'DpToDevicePixel', with key:'dp_to_device_pixel'
06-06 03:15:55.007 I/InstrumentationBackend( 3221): Added:'KeyboardEnterText', with key:'keyboard_enter_text'
06-06 03:15:55.007 I/InstrumentationBackend( 3221): Added:'DeleteSurroundingText', with key:'delete_surrounding_text'
06-06 03:15:55.007 I/InstrumentationBackend( 3221): Added:'SetComposingRegion', with key:'set_composing_region'
06-06 03:15:55.008 I/InstrumentationBackend( 3221): Added:'SetSelection', with key:'set_selection'
06-06 03:15:55.008 I/InstrumentationBackend( 3221): Added:'KeyboardKeyEvent', with key:'keyboard_key_event'
06-06 03:15:55.008 I/InstrumentationBackend( 3221): Added:'PressUserActionButton', with key:'press_user_action_button'
06-06 03:15:55.008 I/InstrumentationBackend( 3221): Added:'HideSoftKeyboard', with key:'hide_soft_keyboard'
06-06 03:15:55.008 I/InstrumentationBackend( 3221): Added:'ListActions', with key:'list_actions'
06-06 03:15:55.008 I/calabash( 3221): Instantiating http server at 7102
06-06 03:15:55.009 I/System.out( 3221): HTTP Daemon listening on: 7102
06-06 03:15:55.088 I/System.out( 3221): URI: //ping
06-06 03:15:55.088 I/System.out( 3221): params: {json={}
06-06 03:15:55.088 I/System.out( 3221): }
06-06 03:15:55.090 I/System.out( 3221): URI: //ping
06-06 03:15:55.090 I/System.out( 3221): params: {json={}
06-06 03:15:55.090 I/System.out( 3221): }
06-06 03:15:55.092 I/System.out( 3221): URI: //ready
06-06 03:15:55.092 I/System.out( 3221): params: {json={}
06-06 03:15:55.092 I/System.out( 3221): }
06-06 03:15:55.098 I/System.out( 3221): URI: //
06-06 03:15:55.098 I/System.out( 3221): params: {json={"command":"version","arguments":[]}
06-06 03:15:55.098 I/System.out( 3221): }
06-06 03:15:55.098 I/System.out( 3221): header: {content-type=application/json;charset=utf-8, date=Sat, 06 Jun 2020 08:15:55 GMT, accept=*/*, host=127.0.0.1:34777, content-length=36, user-agent=HTTPClient/1.0 (2.8.3, ruby 2.5.1 (2018-03-29))}
06-06 03:15:55.098 I/System.out( 3221): params: {json={"command":"version","arguments":[]}
06-06 03:15:55.098 I/System.out( 3221): }
06-06 03:15:55.098 I/System.out( 3221): ProP json = {"command":"version","arguments":[]}
06-06 03:15:55.098 I/System.out( 3221): files: {}
06-06 03:15:55.098 I/System.out( 3221): command: {"command":"version","arguments":[]}
06-06 03:15:55.101 I/InstrumentationBackend( 3221): Got command:'Command:'Line:null,version', arguments:'[]'
06-06 03:15:55.107 I/System.out( 3221): result:{"bonusInformation":[],"message":"0.9.8","success":true}
06-06 03:15:55.109 I/System.out( 3221): URI: //start-application
06-06 03:15:55.109 I/System.out( 3221): params: {json={"intent":null}
06-06 03:15:55.109 I/System.out( 3221): }
06-06 03:15:55.121 I/ActivityManager( 1630): START u0 {act=android.intent.action.MAIN cat=[android.intent.category.LAUNCHER] flg=0x10200000 cmp=com.evancharlton.mileage/.Mileage} from uid 10422 on display 0
06-06 03:15:55.126 I/calabash( 3221): newActivity1
06-06 03:15:55.137 I/calabash( 3221): newActivity1
06-06 03:15:55.138 W/ActivityManager( 1630): Bad activity token: android.os.BinderProxy@7bd7429
06-06 03:15:55.138 W/ActivityManager( 1630): java.lang.ClassCastException: android.os.BinderProxy cannot be cast to com.android.server.am.ActivityRecord$Token
06-06 03:15:55.138 W/ActivityManager( 1630): 	at com.android.server.am.ActivityRecord.forTokenLocked(ActivityRecord.java:586)
06-06 03:15:55.138 W/ActivityManager( 1630): 	at com.android.server.am.ActivityRecord.isInStackLocked(ActivityRecord.java:1327)
06-06 03:15:55.138 W/ActivityManager( 1630): 	at com.android.server.am.ActivityRecord.getStackLocked(ActivityRecord.java:1332)
06-06 03:15:55.138 W/ActivityManager( 1630): 	at com.android.server.am.ActivityManagerService.getActivityDisplayId(ActivityManagerService.java:9806)
06-06 03:15:55.138 W/ActivityManager( 1630): 	at android.app.ActivityManagerNative.onTransact(ActivityManagerNative.java:2566)
06-06 03:15:55.138 W/ActivityManager( 1630): 	at com.android.server.am.ActivityManagerService.onTransact(ActivityManagerService.java:2757)
06-06 03:15:55.138 W/ActivityManager( 1630): 	at android.os.Binder.execTransact(Binder.java:565)
06-06 03:15:55.139 W/ActivityManager( 1630): Bad activity token: android.os.BinderProxy@7bd7429
06-06 03:15:55.139 W/ActivityManager( 1630): java.lang.ClassCastException: android.os.BinderProxy cannot be cast to com.android.server.am.ActivityRecord$Token
06-06 03:15:55.139 W/ActivityManager( 1630): 	at com.android.server.am.ActivityRecord.forTokenLocked(ActivityRecord.java:586)
06-06 03:15:55.139 W/ActivityManager( 1630): 	at com.android.server.am.ActivityRecord.isInStackLocked(ActivityRecord.java:1327)
06-06 03:15:55.139 W/ActivityManager( 1630): 	at com.android.server.am.ActivityManagerService.setTaskDescription(ActivityManagerService.java:9358)
06-06 03:15:55.139 W/ActivityManager( 1630): 	at android.app.ActivityManagerNative.onTransact(ActivityManagerNative.java:2639)
06-06 03:15:55.139 W/ActivityManager( 1630): 	at com.android.server.am.ActivityManagerService.onTransact(ActivityManagerService.java:2757)
06-06 03:15:55.139 W/ActivityManager( 1630): 	at android.os.Binder.execTransact(Binder.java:565)
06-06 03:15:55.140 W/ActivityManager( 1630): Bad activity token: android.os.BinderProxy@7bd7429
06-06 03:15:55.140 W/ActivityManager( 1630): java.lang.ClassCastException: android.os.BinderProxy cannot be cast to com.android.server.am.ActivityRecord$Token
06-06 03:15:55.140 W/ActivityManager( 1630): 	at com.android.server.am.ActivityRecord.forTokenLocked(ActivityRecord.java:586)
06-06 03:15:55.140 W/ActivityManager( 1630): 	at com.android.server.am.ActivityRecord.isInStackLocked(ActivityRecord.java:1327)
06-06 03:15:55.140 W/ActivityManager( 1630): 	at com.android.server.am.ActivityRecord.getStackLocked(ActivityRecord.java:1332)
06-06 03:15:55.140 W/ActivityManager( 1630): 	at com.android.server.am.ActivityManagerService.getActivityStackId(ActivityManagerService.java:9817)
06-06 03:15:55.140 W/ActivityManager( 1630): 	at android.app.ActivityManagerNative.onTransact(ActivityManagerNative.java:2856)
06-06 03:15:55.140 W/ActivityManager( 1630): 	at com.android.server.am.ActivityManagerService.onTransact(ActivityManagerService.java:2757)
06-06 03:15:55.140 W/ActivityManager( 1630): 	at android.os.Binder.execTransact(Binder.java:565)
06-06 03:15:55.149 D/gralloc_ranchu( 1347): gralloc_alloc: Creating ashmem region of size 9023488
06-06 03:15:55.158 W/ActivityManager( 1630): Bad activity token: android.os.BinderProxy@7bd7429
06-06 03:15:55.158 W/ActivityManager( 1630): java.lang.ClassCastException: android.os.BinderProxy cannot be cast to com.android.server.am.ActivityRecord$Token
06-06 03:15:55.158 W/ActivityManager( 1630): 	at com.android.server.am.ActivityRecord.forTokenLocked(ActivityRecord.java:586)
06-06 03:15:55.158 W/ActivityManager( 1630): 	at com.android.server.am.ActivityRecord.isInStackLocked(ActivityRecord.java:1327)
06-06 03:15:55.158 W/ActivityManager( 1630): 	at com.android.server.am.ActivityManagerService.getActivityOptions(ActivityManagerService.java:12559)
06-06 03:15:55.158 W/ActivityManager( 1630): 	at android.app.ActivityManagerNative.onTransact(ActivityManagerNative.java:1933)
06-06 03:15:55.158 W/ActivityManager( 1630): 	at com.android.server.am.ActivityManagerService.onTransact(ActivityManagerService.java:2757)
06-06 03:15:55.158 W/ActivityManager( 1630): 	at android.os.Binder.execTransact(Binder.java:565)
06-06 03:15:55.159 W/ActivityManager( 1630): Bad activity token: android.os.BinderProxy@7bd7429
06-06 03:15:55.159 W/ActivityManager( 1630): java.lang.ClassCastException: android.os.BinderProxy cannot be cast to com.android.server.am.ActivityRecord$Token
06-06 03:15:55.159 W/ActivityManager( 1630): 	at com.android.server.am.ActivityRecord.forTokenLocked(ActivityRecord.java:586)
06-06 03:15:55.159 W/ActivityManager( 1630): 	at com.android.server.am.ActivityRecord.isInStackLocked(ActivityRecord.java:1327)
06-06 03:15:55.159 W/ActivityManager( 1630): 	at com.android.server.am.ActivityManagerService.getActivityOptions(ActivityManagerService.java:12559)
06-06 03:15:55.159 W/ActivityManager( 1630): 	at android.app.ActivityManagerNative.onTransact(ActivityManagerNative.java:1933)
06-06 03:15:55.159 W/ActivityManager( 1630): 	at com.android.server.am.ActivityManagerService.onTransact(ActivityManagerService.java:2757)
06-06 03:15:55.159 W/ActivityManager( 1630): 	at android.os.Binder.execTransact(Binder.java:565)
06-06 03:15:55.197 D/gralloc_ranchu( 1347): gralloc_alloc: Creating ashmem region of size 9023488
06-06 03:15:55.202 D/EGL_emulation( 2078): eglMakeCurrent: 0x9852d440: ver 2 0 (tinfo 0xa3d30310)
06-06 03:15:55.203 D/        ( 3221): HostConnection::get() New Host Connection established 0x9a2b64c0, tid 3221
06-06 03:15:55.204 D/EGL_emulation( 1711): eglMakeCurrent: 0xa7985720: ver 2 0 (tinfo 0xa7983770)
06-06 03:15:55.251 D/EGL_emulation( 1711): eglMakeCurrent: 0xa7985720: ver 2 0 (tinfo 0xa7983770)
06-06 03:15:55.257 D/EGL_emulation( 1711): eglMakeCurrent: 0xa7985720: ver 2 0 (tinfo 0xa7983770)
06-06 03:15:55.258 V/PhoneStatusBar( 1711): setLightsOn(true)
06-06 03:15:55.259 D/EGL_emulation( 1711): eglMakeCurrent: 0xa7985720: ver 2 0 (tinfo 0xa7983770)
06-06 03:15:55.261 D/EGL_emulation( 1711): eglMakeCurrent: 0xa7985720: ver 2 0 (tinfo 0xa7983770)
06-06 03:15:55.264 D/EGL_emulation( 1711): eglMakeCurrent: 0xa7985720: ver 2 0 (tinfo 0xa7983770)
06-06 03:15:55.266 D/EGL_emulation( 1711): eglMakeCurrent: 0xa7985720: ver 2 0 (tinfo 0xa7983770)
06-06 03:15:55.280 D/EGL_emulation( 1711): eglMakeCurrent: 0xa7985720: ver 2 0 (tinfo 0xa7983770)
06-06 03:15:55.282 D/EGL_emulation( 1711): eglMakeCurrent: 0xa7985720: ver 2 0 (tinfo 0xa7983770)
06-06 03:15:55.298 D/EGL_emulation( 1711): eglMakeCurrent: 0xa7985720: ver 2 0 (tinfo 0xa7983770)
06-06 03:15:55.299 D/gralloc_ranchu( 1347): gralloc_alloc: Creating ashmem region of size 9023488
06-06 03:15:55.306 D/EGL_emulation( 1711): eglMakeCurrent: 0xa7985720: ver 2 0 (tinfo 0xa7983770)
06-06 03:15:55.314 I/ActivityManager( 1630): Displayed com.evancharlton.mileage/.Mileage: +190ms
06-06 03:15:55.316 D/EGL_emulation( 1711): eglMakeCurrent: 0xa7985720: ver 2 0 (tinfo 0xa7983770)
06-06 03:15:55.319 D/EGL_emulation( 1711): eglMakeCurrent: 0xa7985720: ver 2 0 (tinfo 0xa7983770)
06-06 03:15:55.319 V/PhoneStatusBar( 1711): setLightsOn(true)
06-06 03:15:55.331 D/EGL_emulation( 1711): eglMakeCurrent: 0xa7985720: ver 2 0 (tinfo 0xa7983770)
06-06 03:15:55.335 D/EGL_emulation( 1711): eglMakeCurrent: 0xa7985720: ver 2 0 (tinfo 0xa7983770)
06-06 03:15:55.349 D/EGL_emulation( 1711): eglMakeCurrent: 0xa7985720: ver 2 0 (tinfo 0xa7983770)
06-06 03:15:55.351 D/EGL_emulation( 1711): eglMakeCurrent: 0xa7985720: ver 2 0 (tinfo 0xa7983770)
06-06 03:15:55.352 V/PhoneStatusBar( 1711): setLightsOn(true)
06-06 03:15:55.364 D/EGL_emulation( 1711): eglMakeCurrent: 0xa7985720: ver 2 0 (tinfo 0xa7983770)
06-06 03:15:55.366 D/EGL_emulation( 1711): eglMakeCurrent: 0xa7985720: ver 2 0 (tinfo 0xa7983770)
06-06 03:15:55.371 I/System.out( 3221): URI: //map
06-06 03:15:55.371 I/System.out( 3221): params: {json={"query":"* marked:'Statistics'","operation":{"method_name":"query","arguments":[]}}
06-06 03:15:55.371 I/System.out( 3221): }
06-06 03:15:55.380 D/EGL_emulation( 1711): eglMakeCurrent: 0xa7985720: ver 2 0 (tinfo 0xa7983770)
06-06 03:15:55.383 D/EGL_emulation( 1711): eglMakeCurrent: 0xa7985720: ver 2 0 (tinfo 0xa7983770)
06-06 03:15:55.384 W/ResourceType( 3221): No package identifier when getting name for resource number 0x00000001
06-06 03:15:55.397 D/EGL_emulation( 1711): eglMakeCurrent: 0xa7985720: ver 2 0 (tinfo 0xa7983770)
06-06 03:15:55.398 I/System.out( 3221): URI: //gesture
06-06 03:15:55.398 I/System.out( 3221): params: {json={"query_timeout":5.0,"gestures":[{"query_string":"* marked:'Statistics'","touches":[{"x":50,"y":50,"offset_x":0,"offset_y":0,"wait":0.0,"time":0.2,"release":true,"query_string":null}]}]}
06-06 03:15:55.398 I/System.out( 3221): }
06-06 03:15:55.400 D/EGL_emulation( 1711): eglMakeCurrent: 0xa7985720: ver 2 0 (tinfo 0xa7983770)
06-06 03:15:55.403 W/ResourceType( 3221): No package identifier when getting name for resource number 0x00000001
06-06 03:15:55.416 D/EGL_emulation( 1711): eglMakeCurrent: 0xa7985720: ver 2 0 (tinfo 0xa7983770)
06-06 03:15:55.515 I/WindowManager( 1630): Destroying surface Surface(name=Starting com.evancharlton.mileage) called by com.android.server.wm.WindowStateAnimator.destroySurface:2016 com.android.server.wm.WindowStateAnimator.destroySurfaceLocked:882 com.android.server.wm.WindowState.destroyOrSaveSurface:2100 com.android.server.wm.AppWindowToken.destroySurfaces:363 com.android.server.wm.WindowStateAnimator.finishExit:565 com.android.server.wm.WindowStateAnimator.stepAnimationLocked:491 com.android.server.wm.WindowAnimator.updateWindowsLocked:303 com.android.server.wm.WindowAnimator.animateLocked:704 
06-06 03:15:55.522 V/PhoneStatusBar( 1711): setLightsOn(true)
06-06 03:15:55.547 V/PhoneStatusBar( 1711): setLightsOn(true)
06-06 03:15:55.632 I/calabash( 3221): newActivity1
06-06 03:15:55.643 I/System.out( 3221): URI: //map
06-06 03:15:55.643 I/System.out( 3221): params: {json={"query":"android.widget.ScrollView index:0","operation":{"method_name":"query","arguments":[]}}
06-06 03:15:55.643 I/System.out( 3221): }
06-06 03:15:55.646 W/ActivityManager( 1630): Bad activity token: android.os.BinderProxy@130a15b
06-06 03:15:55.646 W/ActivityManager( 1630): java.lang.ClassCastException: android.os.BinderProxy cannot be cast to com.android.server.am.ActivityRecord$Token
06-06 03:15:55.646 W/ActivityManager( 1630): 	at com.android.server.am.ActivityRecord.forTokenLocked(ActivityRecord.java:586)
06-06 03:15:55.646 W/ActivityManager( 1630): 	at com.android.server.am.ActivityRecord.isInStackLocked(ActivityRecord.java:1327)
06-06 03:15:55.646 W/ActivityManager( 1630): 	at com.android.server.am.ActivityRecord.getStackLocked(ActivityRecord.java:1332)
06-06 03:15:55.646 W/ActivityManager( 1630): 	at com.android.server.am.ActivityManagerService.getActivityDisplayId(ActivityManagerService.java:9806)
06-06 03:15:55.646 W/ActivityManager( 1630): 	at android.app.ActivityManagerNative.onTransact(ActivityManagerNative.java:2566)
06-06 03:15:55.646 W/ActivityManager( 1630): 	at com.android.server.am.ActivityManagerService.onTransact(ActivityManagerService.java:2757)
06-06 03:15:55.646 W/ActivityManager( 1630): 	at android.os.Binder.execTransact(Binder.java:565)
06-06 03:15:55.647 V/PhoneStatusBar( 1711): setLightsOn(true)
06-06 03:15:55.648 W/ActivityManager( 1630): Bad activity token: android.os.BinderProxy@130a15b
06-06 03:15:55.648 W/ActivityManager( 1630): java.lang.ClassCastException: android.os.BinderProxy cannot be cast to com.android.server.am.ActivityRecord$Token
06-06 03:15:55.648 W/ActivityManager( 1630): 	at com.android.server.am.ActivityRecord.forTokenLocked(ActivityRecord.java:586)
06-06 03:15:55.648 W/ActivityManager( 1630): 	at com.android.server.am.ActivityRecord.isInStackLocked(ActivityRecord.java:1327)
06-06 03:15:55.648 W/ActivityManager( 1630): 	at com.android.server.am.ActivityManagerService.setTaskDescription(ActivityManagerService.java:9358)
06-06 03:15:55.648 W/ActivityManager( 1630): 	at android.app.ActivityManagerNative.onTransact(ActivityManagerNative.java:2639)
06-06 03:15:55.648 W/ActivityManager( 1630): 	at com.android.server.am.ActivityManagerService.onTransact(ActivityManagerService.java:2757)
06-06 03:15:55.648 W/ActivityManager( 1630): 	at android.os.Binder.execTransact(Binder.java:565)
06-06 03:15:55.648 W/ActivityManager( 1630): Bad activity token: android.os.BinderProxy@130a15b
06-06 03:15:55.648 W/ActivityManager( 1630): java.lang.ClassCastException: android.os.BinderProxy cannot be cast to com.android.server.am.ActivityRecord$Token
06-06 03:15:55.648 W/ActivityManager( 1630): 	at com.android.server.am.ActivityRecord.forTokenLocked(ActivityRecord.java:586)
06-06 03:15:55.648 W/ActivityManager( 1630): 	at com.android.server.am.ActivityRecord.isInStackLocked(ActivityRecord.java:1327)
06-06 03:15:55.648 W/ActivityManager( 1630): 	at com.android.server.am.ActivityRecord.getStackLocked(ActivityRecord.java:1332)
06-06 03:15:55.648 W/ActivityManager( 1630): 	at com.android.server.am.ActivityManagerService.getActivityStackId(ActivityManagerService.java:9817)
06-06 03:15:55.648 W/ActivityManager( 1630): 	at android.app.ActivityManagerNative.onTransact(ActivityManagerNative.java:2856)
06-06 03:15:55.648 W/ActivityManager( 1630): 	at com.android.server.am.ActivityManagerService.onTransact(ActivityManagerService.java:2757)
06-06 03:15:55.648 W/ActivityManager( 1630): 	at android.os.Binder.execTransact(Binder.java:565)
06-06 03:15:55.654 D/VehicleStatisticsActivity( 3221): Checking recalculation ...
06-06 03:15:55.654 D/VehicleStatisticsActivity( 3221): Recalculating statistics
06-06 03:15:55.654 D/VehicleStatisticsTask( 3221): Calculation starting...
06-06 03:15:55.654 D/VehicleStatisticsActivity( 3221): Recalculation started!
06-06 03:15:55.655 W/ResourceType( 3221): No package identifier when getting value for resource number 0x00000000
06-06 03:15:55.655 D/AndroidRuntime( 3221): Shutting down VM
--------- beginning of crash
06-06 03:15:55.655 E/AndroidRuntime( 3221): FATAL EXCEPTION: main
06-06 03:15:55.655 E/AndroidRuntime( 3221): Process: com.evancharlton.mileage, PID: 3221
06-06 03:15:55.655 E/AndroidRuntime( 3221): java.lang.RuntimeException: Unable to start activity ComponentInfo{com.evancharlton.mileage/com.evancharlton.mileage.VehicleStatisticsActivity}: android.content.res.Resources$NotFoundException: String resource ID #0x0
06-06 03:15:55.655 E/AndroidRuntime( 3221): 	at android.app.ActivityThread.performLaunchActivity(ActivityThread.java:2646)
06-06 03:15:55.655 E/AndroidRuntime( 3221): 	at android.app.ActivityThread.startActivityNow(ActivityThread.java:2446)
06-06 03:15:55.655 E/AndroidRuntime( 3221): 	at android.app.LocalActivityManager.moveToState(LocalActivityManager.java:136)
06-06 03:15:55.655 E/AndroidRuntime( 3221): 	at android.app.LocalActivityManager.startActivity(LocalActivityManager.java:348)
06-06 03:15:55.655 E/AndroidRuntime( 3221): 	at android.widget.TabHost$IntentContentStrategy.getContentView(TabHost.java:724)
06-06 03:15:55.655 E/AndroidRuntime( 3221): 	at android.widget.TabHost.setCurrentTab(TabHost.java:388)
06-06 03:15:55.655 E/AndroidRuntime( 3221): 	at android.widget.TabHost$2.onTabSelectionChanged(TabHost.java:158)
06-06 03:15:55.655 E/AndroidRuntime( 3221): 	at android.widget.TabWidget$TabClickListener.onClick(TabWidget.java:532)
06-06 03:15:55.655 E/AndroidRuntime( 3221): 	at android.view.View.performClick(View.java:5610)
06-06 03:15:55.655 E/AndroidRuntime( 3221): 	at android.view.View$PerformClick.run(View.java:22265)
06-06 03:15:55.655 E/AndroidRuntime( 3221): 	at android.os.Handler.handleCallback(Handler.java:751)
06-06 03:15:55.655 E/AndroidRuntime( 3221): 	at android.os.Handler.dispatchMessage(Handler.java:95)
06-06 03:15:55.655 E/AndroidRuntime( 3221): 	at android.os.Looper.loop(Looper.java:154)
06-06 03:15:55.655 E/AndroidRuntime( 3221): 	at android.app.ActivityThread.main(ActivityThread.java:6077)
06-06 03:15:55.655 E/AndroidRuntime( 3221): 	at java.lang.reflect.Method.invoke(Native Method)
06-06 03:15:55.655 E/AndroidRuntime( 3221): 	at com.android.internal.os.ZygoteInit$MethodAndArgsCaller.run(ZygoteInit.java:866)
06-06 03:15:55.655 E/AndroidRuntime( 3221): 	at com.android.internal.os.ZygoteInit.main(ZygoteInit.java:756)
06-06 03:15:55.655 E/AndroidRuntime( 3221): Caused by: android.content.res.Resources$NotFoundException: String resource ID #0x0
06-06 03:15:55.655 E/AndroidRuntime( 3221): 	at android.content.res.Resources.getText(Resources.java:331)
06-06 03:15:55.655 E/AndroidRuntime( 3221): 	at android.content.res.Resources.getString(Resources.java:377)
06-06 03:15:55.655 E/AndroidRuntime( 3221): 	at android.content.Context.getString(Context.java:476)
06-06 03:15:55.655 E/AndroidRuntime( 3221): 	at com.evancharlton.mileage.adapters.VehicleStatisticsAdapter$StatisticHolder.<init>(VehicleStatisticsAdapter.java:209)
06-06 03:15:55.655 E/AndroidRuntime( 3221): 	at com.evancharlton.mileage.adapters.VehicleStatisticsAdapter.<init>(VehicleStatisticsAdapter.java:48)
06-06 03:15:55.655 E/AndroidRuntime( 3221): 	at com.evancharlton.mileage.VehicleStatisticsActivity.setAdapter(VehicleStatisticsActivity.java:197)
06-06 03:15:55.655 E/AndroidRuntime( 3221): 	at com.evancharlton.mileage.VehicleStatisticsActivity.recalculate(VehicleStatisticsActivity.java:175)
06-06 03:15:55.655 E/AndroidRuntime( 3221): 	at com.evancharlton.mileage.VehicleStatisticsActivity.onCreate(VehicleStatisticsActivity.java:131)
06-06 03:15:55.655 E/AndroidRuntime( 3221): 	at android.app.Activity.performCreate(Activity.java:6662)
06-06 03:15:55.655 E/AndroidRuntime( 3221): 	at android.app.Instrumentation.callActivityOnCreate(Instrumentation.java:1118)
06-06 03:15:55.655 E/AndroidRuntime( 3221): 	at android.app.ActivityThread.performLaunchActivity(ActivityThread.java:2599)
06-06 03:15:55.655 E/AndroidRuntime( 3221): 	... 16 more
06-06 03:15:55.656 I/Process ( 3221): Sending signal. PID: 3221 SIG: 9
06-06 03:15:55.710 W/InputDispatcher( 1630): channel '4d1fa86 com.evancharlton.mileage/com.evancharlton.mileage.Mileage (server)' ~ Consumer closed input channel or an error occurred.  events=0x9
06-06 03:15:55.710 E/InputDispatcher( 1630): channel '4d1fa86 com.evancharlton.mileage/com.evancharlton.mileage.Mileage (server)' ~ Channel is unrecoverably broken and will be disposed!
06-06 03:15:55.711 I/ActivityManager( 1630): Process com.evancharlton.mileage (pid 3221) has died
06-06 03:15:55.711 D/ActivityManager( 1630): cleanUpApplicationRecord -- 3221
06-06 03:15:55.711 W/ActivityManager( 1630): Scheduling restart of crashed service com.evancharlton.mileage/.services.AutomaticBackupService in 1000ms
06-06 03:15:55.711 W/ActivityManager( 1630): Force removing ActivityRecord{ffefd6 u0 com.evancharlton.mileage/.Mileage t12681}: app died, no saved state
06-06 03:15:55.713 I/WindowManager( 1630): WIN DEATH: Window{4d1fa86 u0 com.evancharlton.mileage/com.evancharlton.mileage.Mileage}
06-06 03:15:55.713 W/InputDispatcher( 1630): Attempted to unregister already unregistered input channel '4d1fa86 com.evancharlton.mileage/com.evancharlton.mileage.Mileage (server)'
06-06 03:15:55.713 I/WindowManager( 1630): Destroying surface Surface(name=com.evancharlton.mileage/com.evancharlton.mileage.Mileage) called by com.android.server.wm.WindowStateAnimator.destroySurface:2016 com.android.server.wm.WindowStateAnimator.destroySurfaceLocked:882 com.android.server.wm.WindowState.removeLocked:1456 com.android.server.wm.WindowManagerService.removeWindowInnerLocked:2484 com.android.server.wm.WindowManagerService.removeWindowLocked:2442 com.android.server.wm.WindowState$DeathRecipient.binderDied:1787 android.os.BinderProxy.sendDeathNotice:688 <bottom of call stack> 
