--------- beginning of system
06-05 18:17:04.917 W/ActivityManager( 1630): Finishing task with all activities already finished
06-05 18:17:04.917 W/ActivityManager( 1630): Duplicate finish request for ActivityRecord{3a04718 u0 com.evancharlton.mileage/.Mileage t2724 f}
--------- beginning of main
06-05 18:17:04.926 V/PhoneStatusBar( 1712): setLightsOn(true)
06-05 18:17:04.929 D/gralloc_ranchu( 1346): gralloc_alloc: Creating ashmem region of size 3145728
06-05 18:17:04.935 E/EGL_emulation( 1346): tid 1346: eglCreateSyncKHR(1901): error 0x3004 (EGL_BAD_ATTRIBUTE)
06-05 18:17:04.948 W/ActivityManager( 1630): Finishing task with all activities already finished
06-05 18:17:04.948 W/ActivityManager( 1630): Duplicate finish request for ActivityRecord{3a04718 u0 com.evancharlton.mileage/.Mileage t2724 f}
06-05 18:17:04.948 W/ActivityManager( 1630): Finishing task with all activities already finished
06-05 18:17:04.948 W/ActivityManager( 1630): Duplicate finish request for ActivityRecord{3a04718 u0 com.evancharlton.mileage/.Mileage t2724 f}
06-05 18:17:04.949 W/ActivityManager( 1630): Finishing task with all activities already finished
06-05 18:17:04.949 W/ActivityManager( 1630): Duplicate finish request for ActivityRecord{3a04718 u0 com.evancharlton.mileage/.Mileage t2724 f}
06-05 18:17:04.949 W/ActivityManager( 1630): Finishing task with all activities already finished
06-05 18:17:04.949 W/ActivityManager( 1630): Duplicate finish request for ActivityRecord{3a04718 u0 com.evancharlton.mileage/.Mileage t2724 f}
06-05 18:17:04.949 W/ActivityManager( 1630): Finishing task with all activities already finished
06-05 18:17:04.949 W/ActivityManager( 1630): Duplicate finish request for ActivityRecord{3a40242 u0 com.evancharlton.mileage/.charts.MaximumDistanceChart t2724 f}
06-05 18:17:04.949 W/ActivityManager( 1630): Finishing task with all activities already finished
06-05 18:17:04.949 W/ActivityManager( 1630): Duplicate finish request for ActivityRecord{3a40242 u0 com.evancharlton.mileage/.charts.MaximumDistanceChart t2724 f}
06-05 18:17:04.949 W/ActivityManager( 1630): Finishing task with all activities already finished
06-05 18:17:04.949 W/ActivityManager( 1630): Duplicate finish request for ActivityRecord{3a04718 u0 com.evancharlton.mileage/.Mileage t2724 f}
06-05 18:17:04.949 W/ActivityManager( 1630): Finishing task with all activities already finished
06-05 18:17:04.949 W/ActivityManager( 1630): Duplicate finish request for ActivityRecord{3a04718 u0 com.evancharlton.mileage/.Mileage t2724 f}
06-05 18:17:04.993 D/EGL_emulation( 1712): eglMakeCurrent: 0xb4085540: ver 2 0 (tinfo 0xb4083740)
06-05 18:17:04.994 D/EGL_emulation( 2099): eglMakeCurrent: 0xb4085240: ver 2 0 (tinfo 0xb40832d0)
06-05 18:17:05.009 D/EGL_emulation( 1712): eglMakeCurrent: 0xb4085540: ver 2 0 (tinfo 0xb4083740)
06-05 18:17:05.028 D/EGL_emulation( 1712): eglMakeCurrent: 0xb4085540: ver 2 0 (tinfo 0xb4083740)
06-05 18:17:05.043 D/EGL_emulation( 1712): eglMakeCurrent: 0xb4085540: ver 2 0 (tinfo 0xb4083740)
06-05 18:17:05.044 D/AndroidRuntime( 4461): >>>>>> START com.android.internal.os.RuntimeInit uid 2000 <<<<<<
06-05 18:17:05.045 D/AndroidRuntime( 4461): CheckJNI is ON
06-05 18:17:05.045 D/EGL_emulation( 1712): eglMakeCurrent: 0xb4085540: ver 2 0 (tinfo 0xb4083740)
06-05 18:17:05.055 W/art     ( 4461): Unexpected CPU variant for X86 using defaults: x86
06-05 18:17:05.056 D/ICU     ( 4461): No timezone override file found: /data/misc/zoneinfo/current/icu/icu_tzdata.dat
06-05 18:17:05.059 D/EGL_emulation( 1712): eglMakeCurrent: 0xb4085540: ver 2 0 (tinfo 0xb4083740)
06-05 18:17:05.061 D/EGL_emulation( 1712): eglMakeCurrent: 0xb4085540: ver 2 0 (tinfo 0xb4083740)
06-05 18:17:05.064 E/memtrack( 4461): Couldn't load memtrack module (No such file or directory)
06-05 18:17:05.064 E/android.os.Debug( 4461): failed to load memtrack module: -2
06-05 18:17:05.065 I/Radio-JNI( 4461): register_android_hardware_Radio DONE
06-05 18:17:05.069 D/AndroidRuntime( 4461): Calling main entry com.android.commands.am.Am
06-05 18:17:05.070 I/ActivityManager( 1630): Force stopping com.evancharlton.mileage appid=10150 user=0: start instr
06-05 18:17:05.070 I/ActivityManager( 1630): Killing 4416:com.evancharlton.mileage/u0a150 (adj 0): stop com.evancharlton.mileage
06-05 18:17:05.070 D/ActivityManager( 1630): cleanUpApplicationRecord -- 4416
06-05 18:17:05.070 I/WindowManager( 1630): Destroying surface Surface(name=com.evancharlton.mileage/com.evancharlton.mileage.charts.MaximumDistanceChart) called by com.android.server.wm.WindowStateAnimator.destroySurface:2016 com.android.server.wm.WindowStateAnimator.destroySurfaceLocked:882 com.android.server.wm.WindowState.removeLocked:1456 com.android.server.wm.WindowManagerService.removeWindowInnerLocked:2484 com.android.server.wm.WindowManagerService.removeWindowLocked:2442 com.android.server.wm.WindowManagerService.removeWindowLocked:2311 com.android.server.wm.AppWindowToken.removeAllWindows:530 com.android.server.wm.AppWindowToken.removeAppFromTaskLocked:326 
06-05 18:17:05.071 W/ActivityManager( 1630): Crash of app com.evancharlton.mileage running instrumentation ComponentInfo{com.evancharlton.mileage.test/sh.calaba.instrumentationbackend.CalabashInstrumentationTestRunner}
06-05 18:17:05.071 I/ActivityManager( 1630): Force stopping com.evancharlton.mileage appid=10150 user=0: finished inst
06-05 18:17:05.073 I/art     ( 4471): Not late-enabling -Xcheck:jni (already on)
06-05 18:17:05.073 W/art     ( 4471): Unexpected CPU variant for X86 using defaults: x86
06-05 18:17:05.076 D/EGL_emulation( 1712): eglMakeCurrent: 0xb4085540: ver 2 0 (tinfo 0xb4083740)
06-05 18:17:05.077 D/EGL_emulation( 1712): eglMakeCurrent: 0xb4085540: ver 2 0 (tinfo 0xb4083740)
06-05 18:17:05.082 I/ActivityManager( 1630): Start proc 4471:com.evancharlton.mileage/u0a150 for added application com.evancharlton.mileage
06-05 18:17:05.082 D/AndroidRuntime( 4461): Shutting down VM
06-05 18:17:05.087 W/System  ( 4471): ClassLoader referenced unknown path: /data/app/com.evancharlton.mileage.test-1/lib/x86
06-05 18:17:05.087 W/System  ( 4471): ClassLoader referenced unknown path: /data/app/com.evancharlton.mileage-1/lib/x86
06-05 18:17:05.089 W/System  ( 4471): ClassLoader referenced unknown path: 
06-05 18:17:05.092 D/EGL_emulation( 1712): eglMakeCurrent: 0xb4085540: ver 2 0 (tinfo 0xb4083740)
06-05 18:17:05.093 I/System.out( 4471): Main activity name automatically set to: com.evancharlton.mileage.Mileage
06-05 18:17:05.093 I/System.out( 4471): Calabash did not load Mono. This is only a problem if you are trying to test a Mono application
06-05 18:17:05.093 I/calabash( 4471): Test server port: 7102
06-05 18:17:05.094 I/InstrumentationBackend( 4471): Added:'GetPreferences', with key:'get_preferences'
06-05 18:17:05.094 D/EGL_emulation( 1712): eglMakeCurrent: 0xb4085540: ver 2 0 (tinfo 0xb4083740)
06-05 18:17:05.098 I/InstrumentationBackend( 4471): Added:'SetPreferences', with key:'set_preferences'
06-05 18:17:05.098 I/InstrumentationBackend( 4471): Added:'ClearPreferences', with key:'clear_preferences'
06-05 18:17:05.098 I/InstrumentationBackend( 4471): Added:'PressElement', with key:'press_l10n_element'
06-05 18:17:05.098 I/InstrumentationBackend( 4471): Added:'WaitForElement', with key:'wait_for_l10n_element'
06-05 18:17:05.098 I/InstrumentationBackend( 4471): Added:'NullAction', with key:'nullAction'
06-05 18:17:05.098 I/InstrumentationBackend( 4471): Added:'PressKey', with key:'press_key'
06-05 18:17:05.098 I/InstrumentationBackend( 4471): Added:'SetActivityOrientation', with key:'set_activity_orientation'
06-05 18:17:05.098 I/InstrumentationBackend( 4471): Added:'GetActivityOrientation', with key:'get_activity_orientation'
06-05 18:17:05.098 I/InstrumentationBackend( 4471): Added:'FakeGPSLocation', with key:'set_gps_coordinates'
06-05 18:17:05.098 I/InstrumentationBackend( 4471): Added:'SetPropertyByCssSelector', with key:'set_property_by_css_selector'
06-05 18:17:05.099 I/InstrumentationBackend( 4471): Added:'GetUrl', with key:'get_url'
06-05 18:17:05.099 I/InstrumentationBackend( 4471): Added:'ScrollTo', with key:'scroll_to'
06-05 18:17:05.099 I/InstrumentationBackend( 4471): Added:'GetLoadProgress', with key:'get_load_progress'
06-05 18:17:05.099 I/InstrumentationBackend( 4471): Added:'DumpHtml', with key:'dump_html'
06-05 18:17:05.099 I/InstrumentationBackend( 4471): Added:'DumpBodyHtml', with key:'dump_body_html'
06-05 18:17:05.099 I/InstrumentationBackend( 4471): Added:'EnterTextByCssSelector', with key:'enter_text_by_selector'
06-05 18:17:05.099 I/InstrumentationBackend( 4471): Added:'AndroidSDKVersion', with key:'android_sdk_version'
06-05 18:17:05.099 I/InstrumentationBackend( 4471): Added:'Version', with key:'version'
06-05 18:17:05.099 I/InstrumentationBackend( 4471): Added:'Drag', with key:'drag'
06-05 18:17:05.100 I/InstrumentationBackend( 4471): Added:'TouchCoordinates', with key:'touch_coordinate'
06-05 18:17:05.100 I/InstrumentationBackend( 4471): Added:'LongPressCoordinate', with key:'long_press_coordinate'
06-05 18:17:05.100 I/InstrumentationBackend( 4471): Added:'DragCoordinates', with key:'drag_coordinates'
06-05 18:17:05.100 I/InstrumentationBackend( 4471): Added:'ResumeApplication', with key:'resume_application'
06-05 18:17:05.100 I/InstrumentationBackend( 4471): Added:'Swipe', with key:'swipe'
06-05 18:17:05.100 I/InstrumentationBackend( 4471): Added:'DoubleTapCoordinate', with key:'double_tap_coordinate'
06-05 18:17:05.100 I/InstrumentationBackend( 4471): Added:'ClickOnScreen', with key:'click_on_screen'
06-05 18:17:05.100 I/InstrumentationBackend( 4471): Added:'GetActivityName', with key:'get_activity_name'
06-05 18:17:05.100 I/InstrumentationBackend( 4471): Added:'ScrollToView', with key:'scroll_to_view'
06-05 18:17:05.100 I/InstrumentationBackend( 4471): Added:'ViewConfiguration', with key:'view_configuration'
06-05 18:17:05.100 I/InstrumentationBackend( 4471): Added:'IsCurrentActivityFocused', with key:'is_current_activity_focused'
06-05 18:17:05.100 I/InstrumentationBackend( 4471): Added:'SendTcp', with key:'send_tcp'
06-05 18:17:05.100 I/InstrumentationBackend( 4471): Added:'DpToDevicePixel', with key:'dp_to_device_pixel'
06-05 18:17:05.100 I/InstrumentationBackend( 4471): Added:'KeyboardEnterText', with key:'keyboard_enter_text'
06-05 18:17:05.100 I/InstrumentationBackend( 4471): Added:'DeleteSurroundingText', with key:'delete_surrounding_text'
06-05 18:17:05.101 I/InstrumentationBackend( 4471): Added:'SetComposingRegion', with key:'set_composing_region'
06-05 18:17:05.101 I/InstrumentationBackend( 4471): Added:'SetSelection', with key:'set_selection'
06-05 18:17:05.101 I/InstrumentationBackend( 4471): Added:'KeyboardKeyEvent', with key:'keyboard_key_event'
06-05 18:17:05.101 I/InstrumentationBackend( 4471): Added:'PressUserActionButton', with key:'press_user_action_button'
06-05 18:17:05.101 I/InstrumentationBackend( 4471): Added:'HideSoftKeyboard', with key:'hide_soft_keyboard'
06-05 18:17:05.101 I/InstrumentationBackend( 4471): Added:'ListActions', with key:'list_actions'
06-05 18:17:05.101 I/calabash( 4471): Instantiating http server at 7102
06-05 18:17:05.102 I/System.out( 4471): HTTP Daemon listening on: 7102
06-05 18:17:05.102 W/InputDispatcher( 1630): channel 'cc998c7 com.evancharlton.mileage/com.evancharlton.mileage.Mileage (server)' ~ Consumer closed input channel or an error occurred.  events=0x9
06-05 18:17:05.102 E/InputDispatcher( 1630): channel 'cc998c7 com.evancharlton.mileage/com.evancharlton.mileage.Mileage (server)' ~ Channel is unrecoverably broken and will be disposed!
06-05 18:17:05.103 I/WindowManager( 1630): WIN DEATH: Window{cc998c7 u0 com.evancharlton.mileage/com.evancharlton.mileage.Mileage EXITING}
06-05 18:17:05.103 W/InputDispatcher( 1630): Attempted to unregister already unregistered input channel 'cc998c7 com.evancharlton.mileage/com.evancharlton.mileage.Mileage (server)'
06-05 18:17:05.112 D/EGL_emulation( 1712): eglMakeCurrent: 0xb4085540: ver 2 0 (tinfo 0xb4083740)
06-05 18:17:05.116 D/EGL_emulation( 1712): eglMakeCurrent: 0xb4085540: ver 2 0 (tinfo 0xb4083740)
06-05 18:17:05.127 D/EGL_emulation( 1712): eglMakeCurrent: 0xb4085540: ver 2 0 (tinfo 0xb4083740)
06-05 18:17:05.134 D/EGL_emulation( 1712): eglMakeCurrent: 0xb4085540: ver 2 0 (tinfo 0xb4083740)
06-05 18:17:05.144 D/EGL_emulation( 1712): eglMakeCurrent: 0xb4085540: ver 2 0 (tinfo 0xb4083740)
06-05 18:17:05.150 D/EGL_emulation( 1712): eglMakeCurrent: 0xb4085540: ver 2 0 (tinfo 0xb4083740)
06-05 18:17:05.161 D/EGL_emulation( 1712): eglMakeCurrent: 0xb4085540: ver 2 0 (tinfo 0xb4083740)
06-05 18:17:05.167 D/EGL_emulation( 1712): eglMakeCurrent: 0xb4085540: ver 2 0 (tinfo 0xb4083740)
06-05 18:17:05.177 D/EGL_emulation( 1712): eglMakeCurrent: 0xb4085540: ver 2 0 (tinfo 0xb4083740)
06-05 18:17:05.182 D/EGL_emulation( 1712): eglMakeCurrent: 0xb4085540: ver 2 0 (tinfo 0xb4083740)
06-05 18:17:05.192 I/System.out( 4471): URI: //ping
06-05 18:17:05.192 I/System.out( 4471): params: {json={}
06-05 18:17:05.192 I/System.out( 4471): }
06-05 18:17:05.195 D/EGL_emulation( 1712): eglMakeCurrent: 0xb4085540: ver 2 0 (tinfo 0xb4083740)
06-05 18:17:05.196 I/System.out( 4471): URI: //ping
06-05 18:17:05.196 I/System.out( 4471): params: {json={}
06-05 18:17:05.196 I/System.out( 4471): }
06-05 18:17:05.200 I/System.out( 4471): URI: //ready
06-05 18:17:05.200 I/System.out( 4471): params: {json={}
06-05 18:17:05.200 I/System.out( 4471): }
06-05 18:17:05.204 I/System.out( 4471): URI: //
06-05 18:17:05.204 I/System.out( 4471): params: {json={"command":"version","arguments":[]}
06-05 18:17:05.204 I/System.out( 4471): }
06-05 18:17:05.204 I/System.out( 4471): header: {content-type=application/json;charset=utf-8, date=Fri, 05 Jun 2020 23:17:05 GMT, accept=*/*, host=127.0.0.1:34784, content-length=36, user-agent=HTTPClient/1.0 (2.8.3, ruby 2.5.1 (2018-03-29))}
06-05 18:17:05.204 I/System.out( 4471): params: {json={"command":"version","arguments":[]}
06-05 18:17:05.204 I/System.out( 4471): }
06-05 18:17:05.204 I/System.out( 4471): ProP json = {"command":"version","arguments":[]}
06-05 18:17:05.204 I/System.out( 4471): files: {}
06-05 18:17:05.204 I/System.out( 4471): command: {"command":"version","arguments":[]}
06-05 18:17:05.209 I/InstrumentationBackend( 4471): Got command:'Command:'Line:null,version', arguments:'[]'
06-05 18:17:05.209 D/EGL_emulation( 1712): eglMakeCurrent: 0xb4085540: ver 2 0 (tinfo 0xb4083740)
06-05 18:17:05.212 D/EGL_emulation( 1712): eglMakeCurrent: 0xb4085540: ver 2 0 (tinfo 0xb4083740)
06-05 18:17:05.220 I/System.out( 4471): result:{"bonusInformation":[],"message":"0.9.8","success":true}
06-05 18:17:05.223 I/System.out( 4471): URI: //start-application
06-05 18:17:05.223 I/System.out( 4471): params: {json={"intent":null}
06-05 18:17:05.223 I/System.out( 4471): }
06-05 18:17:05.226 D/EGL_emulation( 1712): eglMakeCurrent: 0xb4085540: ver 2 0 (tinfo 0xb4083740)
06-05 18:17:05.228 D/EGL_emulation( 1712): eglMakeCurrent: 0xb4085540: ver 2 0 (tinfo 0xb4083740)
06-05 18:17:05.234 I/ActivityManager( 1630): START u0 {act=android.intent.action.MAIN cat=[android.intent.category.LAUNCHER] flg=0x10200000 cmp=com.evancharlton.mileage/.Mileage} from uid 10150 on display 0
06-05 18:17:05.239 I/calabash( 4471): newActivity1
06-05 18:17:05.247 I/calabash( 4471): newActivity1
06-05 18:17:05.248 W/ActivityManager( 1630): Bad activity token: android.os.BinderProxy@227328f
06-05 18:17:05.248 W/ActivityManager( 1630): java.lang.ClassCastException: android.os.BinderProxy cannot be cast to com.android.server.am.ActivityRecord$Token
06-05 18:17:05.248 W/ActivityManager( 1630): 	at com.android.server.am.ActivityRecord.forTokenLocked(ActivityRecord.java:586)
06-05 18:17:05.248 W/ActivityManager( 1630): 	at com.android.server.am.ActivityRecord.isInStackLocked(ActivityRecord.java:1327)
06-05 18:17:05.248 W/ActivityManager( 1630): 	at com.android.server.am.ActivityRecord.getStackLocked(ActivityRecord.java:1332)
06-05 18:17:05.248 W/ActivityManager( 1630): 	at com.android.server.am.ActivityManagerService.getActivityDisplayId(ActivityManagerService.java:9806)
06-05 18:17:05.248 W/ActivityManager( 1630): 	at android.app.ActivityManagerNative.onTransact(ActivityManagerNative.java:2566)
06-05 18:17:05.248 W/ActivityManager( 1630): 	at com.android.server.am.ActivityManagerService.onTransact(ActivityManagerService.java:2757)
06-05 18:17:05.248 W/ActivityManager( 1630): 	at android.os.Binder.execTransact(Binder.java:565)
06-05 18:17:05.249 W/ActivityManager( 1630): Bad activity token: android.os.BinderProxy@227328f
06-05 18:17:05.249 W/ActivityManager( 1630): java.lang.ClassCastException: android.os.BinderProxy cannot be cast to com.android.server.am.ActivityRecord$Token
06-05 18:17:05.249 W/ActivityManager( 1630): 	at com.android.server.am.ActivityRecord.forTokenLocked(ActivityRecord.java:586)
06-05 18:17:05.249 W/ActivityManager( 1630): 	at com.android.server.am.ActivityRecord.isInStackLocked(ActivityRecord.java:1327)
06-05 18:17:05.249 W/ActivityManager( 1630): 	at com.android.server.am.ActivityManagerService.setTaskDescription(ActivityManagerService.java:9358)
06-05 18:17:05.249 W/ActivityManager( 1630): 	at android.app.ActivityManagerNative.onTransact(ActivityManagerNative.java:2639)
06-05 18:17:05.249 W/ActivityManager( 1630): 	at com.android.server.am.ActivityManagerService.onTransact(ActivityManagerService.java:2757)
06-05 18:17:05.249 W/ActivityManager( 1630): 	at android.os.Binder.execTransact(Binder.java:565)
06-05 18:17:05.249 W/ActivityManager( 1630): Bad activity token: android.os.BinderProxy@227328f
06-05 18:17:05.249 W/ActivityManager( 1630): java.lang.ClassCastException: android.os.BinderProxy cannot be cast to com.android.server.am.ActivityRecord$Token
06-05 18:17:05.249 W/ActivityManager( 1630): 	at com.android.server.am.ActivityRecord.forTokenLocked(ActivityRecord.java:586)
06-05 18:17:05.249 W/ActivityManager( 1630): 	at com.android.server.am.ActivityRecord.isInStackLocked(ActivityRecord.java:1327)
06-05 18:17:05.249 W/ActivityManager( 1630): 	at com.android.server.am.ActivityRecord.getStackLocked(ActivityRecord.java:1332)
06-05 18:17:05.249 W/ActivityManager( 1630): 	at com.android.server.am.ActivityManagerService.getActivityStackId(ActivityManagerService.java:9817)
06-05 18:17:05.249 W/ActivityManager( 1630): 	at android.app.ActivityManagerNative.onTransact(ActivityManagerNative.java:2856)
06-05 18:17:05.249 W/ActivityManager( 1630): 	at com.android.server.am.ActivityManagerService.onTransact(ActivityManagerService.java:2757)
06-05 18:17:05.249 W/ActivityManager( 1630): 	at android.os.Binder.execTransact(Binder.java:565)
06-05 18:17:05.259 D/gralloc_ranchu( 1346): gralloc_alloc: Creating ashmem region of size 9023488
06-05 18:17:05.265 W/ActivityManager( 1630): Bad activity token: android.os.BinderProxy@227328f
06-05 18:17:05.265 W/ActivityManager( 1630): java.lang.ClassCastException: android.os.BinderProxy cannot be cast to com.android.server.am.ActivityRecord$Token
06-05 18:17:05.265 W/ActivityManager( 1630): 	at com.android.server.am.ActivityRecord.forTokenLocked(ActivityRecord.java:586)
06-05 18:17:05.265 W/ActivityManager( 1630): 	at com.android.server.am.ActivityRecord.isInStackLocked(ActivityRecord.java:1327)
06-05 18:17:05.265 W/ActivityManager( 1630): 	at com.android.server.am.ActivityManagerService.getActivityOptions(ActivityManagerService.java:12559)
06-05 18:17:05.265 W/ActivityManager( 1630): 	at android.app.ActivityManagerNative.onTransact(ActivityManagerNative.java:1933)
06-05 18:17:05.265 W/ActivityManager( 1630): 	at com.android.server.am.ActivityManagerService.onTransact(ActivityManagerService.java:2757)
06-05 18:17:05.265 W/ActivityManager( 1630): 	at android.os.Binder.execTransact(Binder.java:565)
06-05 18:17:05.265 W/ActivityManager( 1630): Bad activity token: android.os.BinderProxy@227328f
06-05 18:17:05.265 W/ActivityManager( 1630): java.lang.ClassCastException: android.os.BinderProxy cannot be cast to com.android.server.am.ActivityRecord$Token
06-05 18:17:05.265 W/ActivityManager( 1630): 	at com.android.server.am.ActivityRecord.forTokenLocked(ActivityRecord.java:586)
06-05 18:17:05.265 W/ActivityManager( 1630): 	at com.android.server.am.ActivityRecord.isInStackLocked(ActivityRecord.java:1327)
06-05 18:17:05.265 W/ActivityManager( 1630): 	at com.android.server.am.ActivityManagerService.getActivityOptions(ActivityManagerService.java:12559)
06-05 18:17:05.265 W/ActivityManager( 1630): 	at android.app.ActivityManagerNative.onTransact(ActivityManagerNative.java:1933)
06-05 18:17:05.265 W/ActivityManager( 1630): 	at com.android.server.am.ActivityManagerService.onTransact(ActivityManagerService.java:2757)
06-05 18:17:05.265 W/ActivityManager( 1630): 	at android.os.Binder.execTransact(Binder.java:565)
06-05 18:17:05.282 V/PhoneStatusBar( 1712): setLightsOn(true)
06-05 18:17:05.294 D/EGL_emulation( 1712): eglMakeCurrent: 0xb4085540: ver 2 0 (tinfo 0xb4083740)
06-05 18:17:05.298 D/EGL_emulation( 1712): eglMakeCurrent: 0xb4085540: ver 2 0 (tinfo 0xb4083740)
06-05 18:17:05.299 V/PhoneStatusBar( 1712): setLightsOn(true)
06-05 18:17:05.299 V/PhoneStatusBar( 1712): setLightsOn(true)
06-05 18:17:05.303 D/gralloc_ranchu( 1346): gralloc_alloc: Creating ashmem region of size 9023488
06-05 18:17:05.306 V/PhoneStatusBar( 1712): setLightsOn(true)
06-05 18:17:05.313 D/EGL_emulation( 2099): eglMakeCurrent: 0xb4085240: ver 2 0 (tinfo 0xb40832d0)
06-05 18:17:05.316 D/        ( 4471): HostConnection::get() New Host Connection established 0xa4c7c4c0, tid 4471
06-05 18:17:05.318 D/EGL_emulation( 1712): eglMakeCurrent: 0xb4085540: ver 2 0 (tinfo 0xb4083740)
06-05 18:17:05.367 D/EGL_emulation( 1712): eglMakeCurrent: 0xb4085540: ver 2 0 (tinfo 0xb4083740)
06-05 18:17:05.372 D/EGL_emulation( 1712): eglMakeCurrent: 0xb4085540: ver 2 0 (tinfo 0xb4083740)
06-05 18:17:05.372 V/PhoneStatusBar( 1712): setLightsOn(true)
06-05 18:17:05.374 D/EGL_emulation( 1712): eglMakeCurrent: 0xb4085540: ver 2 0 (tinfo 0xb4083740)
06-05 18:17:05.376 D/EGL_emulation( 1712): eglMakeCurrent: 0xb4085540: ver 2 0 (tinfo 0xb4083740)
06-05 18:17:05.379 D/EGL_emulation( 1712): eglMakeCurrent: 0xb4085540: ver 2 0 (tinfo 0xb4083740)
06-05 18:17:05.393 D/EGL_emulation( 1712): eglMakeCurrent: 0xb4085540: ver 2 0 (tinfo 0xb4083740)
06-05 18:17:05.395 D/EGL_emulation( 1712): eglMakeCurrent: 0xb4085540: ver 2 0 (tinfo 0xb4083740)
06-05 18:17:05.409 D/EGL_emulation( 1712): eglMakeCurrent: 0xb4085540: ver 2 0 (tinfo 0xb4083740)
06-05 18:17:05.411 D/EGL_emulation( 1712): eglMakeCurrent: 0xb4085540: ver 2 0 (tinfo 0xb4083740)
06-05 18:17:05.426 D/EGL_emulation( 1712): eglMakeCurrent: 0xb4085540: ver 2 0 (tinfo 0xb4083740)
06-05 18:17:05.428 D/gralloc_ranchu( 1346): gralloc_alloc: Creating ashmem region of size 9023488
06-05 18:17:05.428 I/WindowManager( 1630): Destroying surface Surface(name=com.evancharlton.mileage/com.evancharlton.mileage.Mileage) called by com.android.server.wm.WindowStateAnimator.destroySurface:2016 com.android.server.wm.WindowStateAnimator.destroySurfaceLocked:882 com.android.server.wm.WindowState.removeLocked:1456 com.android.server.wm.WindowManagerService.removeWindowInnerLocked:2484 com.android.server.wm.AppWindowToken.destroySurfaces:365 com.android.server.wm.WindowStateAnimator.finishExit:565 com.android.server.wm.AppWindowAnimator.stepAnimationLocked:427 com.android.server.wm.WindowAnimator.updateAppWindowsLocked:196 
06-05 18:17:05.436 D/EGL_emulation( 1712): eglMakeCurrent: 0xb4085540: ver 2 0 (tinfo 0xb4083740)
06-05 18:17:05.445 I/ActivityManager( 1630): Displayed com.evancharlton.mileage/.Mileage: +208ms
06-05 18:17:05.445 D/EGL_emulation( 1712): eglMakeCurrent: 0xb4085540: ver 2 0 (tinfo 0xb4083740)
06-05 18:17:05.457 D/EGL_emulation( 1712): eglMakeCurrent: 0xb4085540: ver 2 0 (tinfo 0xb4083740)
06-05 18:17:05.460 D/EGL_emulation( 1712): eglMakeCurrent: 0xb4085540: ver 2 0 (tinfo 0xb4083740)
06-05 18:17:05.462 D/EGL_emulation( 1712): eglMakeCurrent: 0xb4085540: ver 2 0 (tinfo 0xb4083740)
06-05 18:17:05.476 D/EGL_emulation( 1712): eglMakeCurrent: 0xb4085540: ver 2 0 (tinfo 0xb4083740)
06-05 18:17:05.476 V/PhoneStatusBar( 1712): setLightsOn(true)
06-05 18:17:05.481 D/EGL_emulation( 1712): eglMakeCurrent: 0xb4085540: ver 2 0 (tinfo 0xb4083740)
06-05 18:17:05.493 D/EGL_emulation( 1712): eglMakeCurrent: 0xb4085540: ver 2 0 (tinfo 0xb4083740)
06-05 18:17:05.495 D/EGL_emulation( 1712): eglMakeCurrent: 0xb4085540: ver 2 0 (tinfo 0xb4083740)
06-05 18:17:05.500 I/System.out( 4471): URI: //map
06-05 18:17:05.500 I/System.out( 4471): params: {json={"query":"* marked:'Statistics'","operation":{"method_name":"query","arguments":[]}}
06-05 18:17:05.500 I/System.out( 4471): }
06-05 18:17:05.509 D/EGL_emulation( 1712): eglMakeCurrent: 0xb4085540: ver 2 0 (tinfo 0xb4083740)
06-05 18:17:05.510 D/EGL_emulation( 1712): eglMakeCurrent: 0xb4085540: ver 2 0 (tinfo 0xb4083740)
06-05 18:17:05.515 W/ResourceType( 4471): No package identifier when getting name for resource number 0x00000001
06-05 18:17:05.526 D/EGL_emulation( 1712): eglMakeCurrent: 0xb4085540: ver 2 0 (tinfo 0xb4083740)
06-05 18:17:05.527 D/EGL_emulation( 1712): eglMakeCurrent: 0xb4085540: ver 2 0 (tinfo 0xb4083740)
06-05 18:17:05.532 I/System.out( 4471): URI: //gesture
06-05 18:17:05.532 I/System.out( 4471): params: {json={"query_timeout":5.0,"gestures":[{"query_string":"* marked:'Statistics'","touches":[{"x":50,"y":50,"offset_x":0,"offset_y":0,"wait":0.0,"time":0.2,"release":true,"query_string":null}]}]}
06-05 18:17:05.532 I/System.out( 4471): }
06-05 18:17:05.537 W/ResourceType( 4471): No package identifier when getting name for resource number 0x00000001
06-05 18:17:05.642 I/WindowManager( 1630): Destroying surface Surface(name=Starting com.evancharlton.mileage) called by com.android.server.wm.WindowStateAnimator.destroySurface:2016 com.android.server.wm.WindowStateAnimator.destroySurfaceLocked:882 com.android.server.wm.WindowState.destroyOrSaveSurface:2100 com.android.server.wm.AppWindowToken.destroySurfaces:363 com.android.server.wm.WindowStateAnimator.finishExit:565 com.android.server.wm.WindowStateAnimator.stepAnimationLocked:491 com.android.server.wm.WindowAnimator.updateWindowsLocked:303 com.android.server.wm.WindowAnimator.animateLocked:704 
06-05 18:17:05.643 V/PhoneStatusBar( 1712): setLightsOn(true)
06-05 18:17:05.659 V/PhoneStatusBar( 1712): setLightsOn(true)
06-05 18:17:05.760 V/PhoneStatusBar( 1712): setLightsOn(true)
06-05 18:17:05.762 I/calabash( 4471): newActivity1
06-05 18:17:05.777 I/System.out( 4471): URI: //map
06-05 18:17:05.777 I/System.out( 4471): params: {json={"query":"* marked:'Average cost'","operation":{"method_name":"query","arguments":[]}}
06-05 18:17:05.777 I/System.out( 4471): }
06-05 18:17:05.786 W/ActivityManager( 1630): Bad activity token: android.os.BinderProxy@dea5595
06-05 18:17:05.786 W/ActivityManager( 1630): java.lang.ClassCastException: android.os.BinderProxy cannot be cast to com.android.server.am.ActivityRecord$Token
06-05 18:17:05.786 W/ActivityManager( 1630): 	at com.android.server.am.ActivityRecord.forTokenLocked(ActivityRecord.java:586)
06-05 18:17:05.786 W/ActivityManager( 1630): 	at com.android.server.am.ActivityRecord.isInStackLocked(ActivityRecord.java:1327)
06-05 18:17:05.786 W/ActivityManager( 1630): 	at com.android.server.am.ActivityRecord.getStackLocked(ActivityRecord.java:1332)
06-05 18:17:05.786 W/ActivityManager( 1630): 	at com.android.server.am.ActivityManagerService.getActivityDisplayId(ActivityManagerService.java:9806)
06-05 18:17:05.786 W/ActivityManager( 1630): 	at android.app.ActivityManagerNative.onTransact(ActivityManagerNative.java:2566)
06-05 18:17:05.786 W/ActivityManager( 1630): 	at com.android.server.am.ActivityManagerService.onTransact(ActivityManagerService.java:2757)
06-05 18:17:05.786 W/ActivityManager( 1630): 	at android.os.Binder.execTransact(Binder.java:565)
06-05 18:17:05.787 W/ActivityManager( 1630): Bad activity token: android.os.BinderProxy@dea5595
06-05 18:17:05.787 W/ActivityManager( 1630): java.lang.ClassCastException: android.os.BinderProxy cannot be cast to com.android.server.am.ActivityRecord$Token
06-05 18:17:05.787 W/ActivityManager( 1630): 	at com.android.server.am.ActivityRecord.forTokenLocked(ActivityRecord.java:586)
06-05 18:17:05.787 W/ActivityManager( 1630): 	at com.android.server.am.ActivityRecord.isInStackLocked(ActivityRecord.java:1327)
06-05 18:17:05.787 W/ActivityManager( 1630): 	at com.android.server.am.ActivityManagerService.setTaskDescription(ActivityManagerService.java:9358)
06-05 18:17:05.787 W/ActivityManager( 1630): 	at android.app.ActivityManagerNative.onTransact(ActivityManagerNative.java:2639)
06-05 18:17:05.787 W/ActivityManager( 1630): 	at com.android.server.am.ActivityManagerService.onTransact(ActivityManagerService.java:2757)
06-05 18:17:05.787 W/ActivityManager( 1630): 	at android.os.Binder.execTransact(Binder.java:565)
06-05 18:17:05.788 W/ActivityManager( 1630): Bad activity token: android.os.BinderProxy@dea5595
06-05 18:17:05.788 W/ActivityManager( 1630): java.lang.ClassCastException: android.os.BinderProxy cannot be cast to com.android.server.am.ActivityRecord$Token
06-05 18:17:05.788 W/ActivityManager( 1630): 	at com.android.server.am.ActivityRecord.forTokenLocked(ActivityRecord.java:586)
06-05 18:17:05.788 W/ActivityManager( 1630): 	at com.android.server.am.ActivityRecord.isInStackLocked(ActivityRecord.java:1327)
06-05 18:17:05.788 W/ActivityManager( 1630): 	at com.android.server.am.ActivityRecord.getStackLocked(ActivityRecord.java:1332)
06-05 18:17:05.788 W/ActivityManager( 1630): 	at com.android.server.am.ActivityManagerService.getActivityStackId(ActivityManagerService.java:9817)
06-05 18:17:05.788 W/ActivityManager( 1630): 	at android.app.ActivityManagerNative.onTransact(ActivityManagerNative.java:2856)
06-05 18:17:05.788 W/ActivityManager( 1630): 	at com.android.server.am.ActivityManagerService.onTransact(ActivityManagerService.java:2757)
06-05 18:17:05.788 W/ActivityManager( 1630): 	at android.os.Binder.execTransact(Binder.java:565)
06-05 18:17:05.793 D/VehicleStatisticsActivity( 4471): Checking recalculation ...
06-05 18:17:05.794 D/VehicleStatisticsActivity( 4471): Recalculation not necessary.
06-05 18:17:05.809 W/ActivityManager( 1630): Bad activity token: android.os.BinderProxy@dea5595
06-05 18:17:05.809 W/ActivityManager( 1630): java.lang.ClassCastException: android.os.BinderProxy cannot be cast to com.android.server.am.ActivityRecord$Token
06-05 18:17:05.809 W/ActivityManager( 1630): 	at com.android.server.am.ActivityRecord.forTokenLocked(ActivityRecord.java:586)
06-05 18:17:05.809 W/ActivityManager( 1630): 	at com.android.server.am.ActivityRecord.isInStackLocked(ActivityRecord.java:1327)
06-05 18:17:05.809 W/ActivityManager( 1630): 	at com.android.server.am.ActivityManagerService.getActivityOptions(ActivityManagerService.java:12559)
06-05 18:17:05.809 W/ActivityManager( 1630): 	at android.app.ActivityManagerNative.onTransact(ActivityManagerNative.java:1933)
06-05 18:17:05.809 W/ActivityManager( 1630): 	at com.android.server.am.ActivityManagerService.onTransact(ActivityManagerService.java:2757)
06-05 18:17:05.809 W/ActivityManager( 1630): 	at android.os.Binder.execTransact(Binder.java:565)
06-05 18:17:05.810 W/ActivityManager( 1630): Bad activity token: android.os.BinderProxy@dea5595
06-05 18:17:05.810 W/ActivityManager( 1630): java.lang.ClassCastException: android.os.BinderProxy cannot be cast to com.android.server.am.ActivityRecord$Token
06-05 18:17:05.810 W/ActivityManager( 1630): 	at com.android.server.am.ActivityRecord.forTokenLocked(ActivityRecord.java:586)
06-05 18:17:05.810 W/ActivityManager( 1630): 	at com.android.server.am.ActivityRecord.isInStackLocked(ActivityRecord.java:1327)
06-05 18:17:05.810 W/ActivityManager( 1630): 	at com.android.server.am.ActivityManagerService.getActivityOptions(ActivityManagerService.java:12559)
06-05 18:17:05.810 W/ActivityManager( 1630): 	at android.app.ActivityManagerNative.onTransact(ActivityManagerNative.java:1933)
06-05 18:17:05.810 W/ActivityManager( 1630): 	at com.android.server.am.ActivityManagerService.onTransact(ActivityManagerService.java:2757)
06-05 18:17:05.810 W/ActivityManager( 1630): 	at android.os.Binder.execTransact(Binder.java:565)
06-05 18:17:05.811 D/VehicleStatisticsActivity( 4471): Checking recalculation ...
06-05 18:17:05.812 D/VehicleStatisticsActivity( 4471): Recalculation not necessary.
06-05 18:17:05.981 W/ResourceType( 4471): No package identifier when getting name for resource number 0x00000001
06-05 18:17:05.983 I/art     ( 4471): Do partial code cache collection, code=30KB, data=29KB
06-05 18:17:05.983 I/art     ( 4471): After code cache collection, code=29KB, data=29KB
06-05 18:17:05.983 I/art     ( 4471): Increasing code cache capacity to 128KB
06-05 18:17:05.994 I/System.out( 4471): URI: //gesture
06-05 18:17:05.994 I/System.out( 4471): params: {json={"query_timeout":5.0,"gestures":[{"query_string":"* marked:'Average cost'","touches":[{"x":50,"y":50,"offset_x":0,"offset_y":0,"wait":0.0,"time":0.2,"release":true,"query_string":null}]}]}
06-05 18:17:05.994 I/System.out( 4471): }
06-05 18:17:05.999 W/ResourceType( 4471): No package identifier when getting name for resource number 0x00000001
06-05 18:17:06.060 V/PhoneStatusBar( 1712): setLightsOn(true)
06-05 18:17:06.062 V/PhoneStatusBar( 1712): setLightsOn(true)
06-05 18:17:06.066 W/OpenGLRenderer( 2099): Incorrectly called buildLayer on View: ShortcutAndWidgetContainer, destroying layer...
06-05 18:17:06.078 V/PhoneStatusBar( 1712): setLightsOn(true)
06-05 18:17:06.079 I/WindowManager( 1630): Destroying surface Surface(name=com.android.launcher3/com.android.launcher3.Launcher) called by com.android.server.wm.WindowStateAnimator.destroySurface:2016 com.android.server.wm.WindowStateAnimator.destroySurfaceLocked:882 com.android.server.wm.WindowState.destroyOrSaveSurface:2100 com.android.server.wm.AppWindowToken.destroySurfaces:363 com.android.server.wm.AppWindowToken.notifyAppStopped:389 com.android.server.wm.WindowManagerService.notifyAppStopped:4463 com.android.server.am.ActivityStack.activityStoppedLocked:1252 com.android.server.am.ActivityManagerService.activityStopped:6903 
06-05 18:17:06.228 I/ActivityManager( 1630): START u0 {cmp=com.evancharlton.mileage/.charts.AverageCostChart (has extras)} from uid 10150 on display 0
06-05 18:17:06.231 V/PhoneStatusBar( 1712): setLightsOn(true)
06-05 18:17:06.234 V/PhoneStatusBar( 1712): setLightsOn(true)
06-05 18:17:06.261 I/System.out( 4471): URI: //map
06-05 18:17:06.261 I/System.out( 4471): params: {json={"query":"* {text CONTAINS[c] 'Average cost per fillup'}","operation":{"method_name":"query","arguments":[]}}
06-05 18:17:06.261 I/System.out( 4471): }
06-05 18:17:06.299 I/calabash( 4471): newActivity1
06-05 18:17:06.302 W/aiCharts( 4471): License file is invalid or missing. 
06-05 18:17:06.302 W/aiCharts( 4471): Please place proper license.lic to /assets folder.
06-05 18:17:06.315 V/PhoneStatusBar( 1712): setLightsOn(true)
06-05 18:17:06.342 V/PhoneStatusBar( 1712): setLightsOn(true)
06-05 18:17:06.347 I/WindowManager( 1630): Destroying surface Surface(name=Creating chart…) called by com.android.server.wm.WindowStateAnimator.destroySurface:2016 com.android.server.wm.WindowStateAnimator.destroySurfaceLocked:882 com.android.server.wm.WindowState.removeLocked:1456 com.android.server.wm.WindowManagerService.removeWindowInnerLocked:2484 com.android.server.wm.WindowManagerService.removeWindowLocked:2442 com.android.server.wm.WindowManagerService.removeWindowLocked:2311 com.android.server.wm.WindowManagerService.removeWindow:2306 com.android.server.wm.Session.remove:202 
06-05 18:17:06.349 D/gralloc_ranchu( 1346): gralloc_alloc: Creating ashmem region of size 9023488
06-05 18:17:06.359 V/PhoneStatusBar( 1712): setLightsOn(true)
06-05 18:17:06.371 I/ActivityManager( 1630): Displayed com.evancharlton.mileage/.charts.AverageCostChart: +74ms
06-05 18:17:06.377 V/PhoneStatusBar( 1712): setLightsOn(true)
06-05 18:17:06.410 V/PhoneStatusBar( 1712): setLightsOn(true)
06-05 18:17:06.426 V/PhoneStatusBar( 1712): setLightsOn(true)
06-05 18:17:06.611 V/PhoneStatusBar( 1712): setLightsOn(true)
06-05 18:17:06.633 I/System.out( 4471): URI: //map
06-05 18:17:06.633 I/System.out( 4471): params: {json={"query":"* {text CONTAINS[c] 'Average cost per fillup'}","operation":{"method_name":"query","arguments":[]}}
06-05 18:17:06.633 I/System.out( 4471): }
06-05 18:17:06.668 I/System.out( 4471): URI: //
06-05 18:17:06.668 I/System.out( 4471): params: {json={"command":"press_key","arguments":["KEYCODE_BACK"]}
06-05 18:17:06.668 I/System.out( 4471): }
06-05 18:17:06.668 I/System.out( 4471): header: {content-type=application/json;charset=utf-8, date=Fri, 05 Jun 2020 23:17:07 GMT, accept=*/*, host=127.0.0.1:34784, content-length=52, user-agent=HTTPClient/1.0 (2.8.3, ruby 2.5.1 (2018-03-29))}
06-05 18:17:06.668 I/System.out( 4471): params: {json={"command":"press_key","arguments":["KEYCODE_BACK"]}
06-05 18:17:06.668 I/System.out( 4471): }
06-05 18:17:06.668 I/System.out( 4471): ProP json = {"command":"press_key","arguments":["KEYCODE_BACK"]}
06-05 18:17:06.668 I/System.out( 4471): files: {}
06-05 18:17:06.668 I/System.out( 4471): command: {"command":"press_key","arguments":["KEYCODE_BACK"]}
06-05 18:17:06.669 I/InstrumentationBackend( 4471): Got command:'Command:'Line:null,press_key', arguments:'[KEYCODE_BACK]'
06-05 18:17:06.672 V/PhoneStatusBar( 1712): setLightsOn(true)
06-05 18:17:06.674 V/PhoneStatusBar( 1712): setLightsOn(true)
06-05 18:17:06.676 I/System.out( 4471): result:{"bonusInformation":[],"message":"","success":true}
06-05 18:17:06.677 D/VehicleStatisticsActivity( 4471): Checking recalculation ...
06-05 18:17:06.678 D/VehicleStatisticsActivity( 4471): Recalculation not necessary.
06-05 18:17:06.679 I/System.out( 4471): URI: //map
06-05 18:17:06.680 I/System.out( 4471): params: {json={"query":"* {text CONTAINS[c] 'Statistics'}","operation":{"method_name":"query","arguments":[]}}
06-05 18:17:06.680 I/System.out( 4471): }
06-05 18:17:06.692 V/PhoneStatusBar( 1712): setLightsOn(true)
06-05 18:17:06.709 D/gralloc_ranchu( 1346): gralloc_alloc: Creating ashmem region of size 9023488
06-05 18:17:06.709 V/PhoneStatusBar( 1712): setLightsOn(true)
06-05 18:17:06.726 V/PhoneStatusBar( 1712): setLightsOn(true)
06-05 18:17:06.742 V/PhoneStatusBar( 1712): setLightsOn(true)
