--------- beginning of system
06-06 03:15:26.365 W/ActivityManager( 1630): Crash of app com.evancharlton.mileage running instrumentation ComponentInfo{com.evancharlton.mileage.test/sh.calaba.instrumentationbackend.CalabashInstrumentationTestRunner}
06-06 03:15:26.365 I/ActivityManager( 1630): Force stopping com.evancharlton.mileage appid=10422 user=0: finished inst
--------- beginning of main
06-06 03:15:26.369 V/PhoneStatusBar( 1711): setLightsOn(true)
06-06 03:15:26.415 D/EGL_emulation( 1711): eglMakeCurrent: 0xa7985720: ver 2 0 (tinfo 0xa7983770)
06-06 03:15:26.417 D/EGL_emulation( 2078): eglMakeCurrent: 0x9852d440: ver 2 0 (tinfo 0xa3d30310)
06-06 03:15:26.417 W/OpenGLRenderer( 2078): Incorrectly called buildLayer on View: ShortcutAndWidgetContainer, destroying layer...
06-06 03:15:26.430 D/EGL_emulation( 1711): eglMakeCurrent: 0xa7985720: ver 2 0 (tinfo 0xa7983770)
06-06 03:15:26.434 D/EGL_emulation( 1711): eglMakeCurrent: 0xa7985720: ver 2 0 (tinfo 0xa7983770)
06-06 03:15:26.447 D/EGL_emulation( 1711): eglMakeCurrent: 0xa7985720: ver 2 0 (tinfo 0xa7983770)
06-06 03:15:26.450 D/EGL_emulation( 1711): eglMakeCurrent: 0xa7985720: ver 2 0 (tinfo 0xa7983770)
06-06 03:15:26.464 D/EGL_emulation( 1711): eglMakeCurrent: 0xa7985720: ver 2 0 (tinfo 0xa7983770)
06-06 03:15:26.466 D/EGL_emulation( 1711): eglMakeCurrent: 0xa7985720: ver 2 0 (tinfo 0xa7983770)
06-06 03:15:26.480 D/EGL_emulation( 1711): eglMakeCurrent: 0xa7985720: ver 2 0 (tinfo 0xa7983770)
06-06 03:15:26.485 D/EGL_emulation( 1711): eglMakeCurrent: 0xa7985720: ver 2 0 (tinfo 0xa7983770)
06-06 03:15:26.497 D/EGL_emulation( 1711): eglMakeCurrent: 0xa7985720: ver 2 0 (tinfo 0xa7983770)
06-06 03:15:26.499 D/EGL_emulation( 1711): eglMakeCurrent: 0xa7985720: ver 2 0 (tinfo 0xa7983770)
06-06 03:15:26.514 D/EGL_emulation( 1711): eglMakeCurrent: 0xa7985720: ver 2 0 (tinfo 0xa7983770)
06-06 03:15:26.515 D/EGL_emulation( 1711): eglMakeCurrent: 0xa7985720: ver 2 0 (tinfo 0xa7983770)
06-06 03:15:26.530 D/EGL_emulation( 1711): eglMakeCurrent: 0xa7985720: ver 2 0 (tinfo 0xa7983770)
06-06 03:15:26.532 D/EGL_emulation( 1711): eglMakeCurrent: 0xa7985720: ver 2 0 (tinfo 0xa7983770)
06-06 03:15:26.547 D/EGL_emulation( 1711): eglMakeCurrent: 0xa7985720: ver 2 0 (tinfo 0xa7983770)
06-06 03:15:26.550 D/EGL_emulation( 1711): eglMakeCurrent: 0xa7985720: ver 2 0 (tinfo 0xa7983770)
06-06 03:15:26.564 D/EGL_emulation( 1711): eglMakeCurrent: 0xa7985720: ver 2 0 (tinfo 0xa7983770)
06-06 03:15:26.566 D/EGL_emulation( 1711): eglMakeCurrent: 0xa7985720: ver 2 0 (tinfo 0xa7983770)
06-06 03:15:26.580 D/EGL_emulation( 1711): eglMakeCurrent: 0xa7985720: ver 2 0 (tinfo 0xa7983770)
06-06 03:15:26.582 D/EGL_emulation( 1711): eglMakeCurrent: 0xa7985720: ver 2 0 (tinfo 0xa7983770)
06-06 03:15:26.585 D/AndroidRuntime( 1571): >>>>>> START com.android.internal.os.RuntimeInit uid 2000 <<<<<<
06-06 03:15:26.586 D/AndroidRuntime( 1571): CheckJNI is ON
06-06 03:15:26.598 D/EGL_emulation( 1711): eglMakeCurrent: 0xa7985720: ver 2 0 (tinfo 0xa7983770)
06-06 03:15:26.598 W/art     ( 1571): Unexpected CPU variant for X86 using defaults: x86
06-06 03:15:26.600 D/ICU     ( 1571): No timezone override file found: /data/misc/zoneinfo/current/icu/icu_tzdata.dat
06-06 03:15:26.609 E/memtrack( 1571): Couldn't load memtrack module (No such file or directory)
06-06 03:15:26.609 E/android.os.Debug( 1571): failed to load memtrack module: -2
06-06 03:15:26.609 I/Radio-JNI( 1571): register_android_hardware_Radio DONE
06-06 03:15:26.614 D/EGL_emulation( 1711): eglMakeCurrent: 0xa7985720: ver 2 0 (tinfo 0xa7983770)
06-06 03:15:26.614 D/AndroidRuntime( 1571): Calling main entry com.android.commands.am.Am
06-06 03:15:26.615 I/ActivityManager( 1630): Force stopping com.evancharlton.mileage appid=10422 user=0: start instr
06-06 03:15:26.615 D/EGL_emulation( 1711): eglMakeCurrent: 0xa7985720: ver 2 0 (tinfo 0xa7983770)
06-06 03:15:26.618 I/art     ( 1581): Not late-enabling -Xcheck:jni (already on)
06-06 03:15:26.618 W/art     ( 1581): Unexpected CPU variant for X86 using defaults: x86
06-06 03:15:26.626 I/ActivityManager( 1630): Start proc 1581:com.evancharlton.mileage/u0a422 for added application com.evancharlton.mileage
06-06 03:15:26.626 D/AndroidRuntime( 1571): Shutting down VM
06-06 03:15:26.632 W/System  ( 1581): ClassLoader referenced unknown path: /data/app/com.evancharlton.mileage.test-1/lib/x86
06-06 03:15:26.632 W/System  ( 1581): ClassLoader referenced unknown path: /data/app/com.evancharlton.mileage-1/lib/x86
06-06 03:15:26.634 W/System  ( 1581): ClassLoader referenced unknown path: 
06-06 03:15:26.638 I/System.out( 1581): Main activity name automatically set to: com.evancharlton.mileage.Mileage
06-06 03:15:26.638 I/System.out( 1581): Calabash did not load Mono. This is only a problem if you are trying to test a Mono application
06-06 03:15:26.638 I/calabash( 1581): Test server port: 7102
06-06 03:15:26.639 I/InstrumentationBackend( 1581): Added:'GetPreferences', with key:'get_preferences'
06-06 03:15:26.643 I/InstrumentationBackend( 1581): Added:'SetPreferences', with key:'set_preferences'
06-06 03:15:26.643 I/InstrumentationBackend( 1581): Added:'ClearPreferences', with key:'clear_preferences'
06-06 03:15:26.643 I/InstrumentationBackend( 1581): Added:'PressElement', with key:'press_l10n_element'
06-06 03:15:26.643 I/InstrumentationBackend( 1581): Added:'WaitForElement', with key:'wait_for_l10n_element'
06-06 03:15:26.643 I/InstrumentationBackend( 1581): Added:'NullAction', with key:'nullAction'
06-06 03:15:26.643 I/InstrumentationBackend( 1581): Added:'PressKey', with key:'press_key'
06-06 03:15:26.643 I/InstrumentationBackend( 1581): Added:'SetActivityOrientation', with key:'set_activity_orientation'
06-06 03:15:26.643 I/InstrumentationBackend( 1581): Added:'GetActivityOrientation', with key:'get_activity_orientation'
06-06 03:15:26.643 I/InstrumentationBackend( 1581): Added:'FakeGPSLocation', with key:'set_gps_coordinates'
06-06 03:15:26.643 I/InstrumentationBackend( 1581): Added:'SetPropertyByCssSelector', with key:'set_property_by_css_selector'
06-06 03:15:26.644 I/InstrumentationBackend( 1581): Added:'GetUrl', with key:'get_url'
06-06 03:15:26.644 I/InstrumentationBackend( 1581): Added:'ScrollTo', with key:'scroll_to'
06-06 03:15:26.644 I/InstrumentationBackend( 1581): Added:'GetLoadProgress', with key:'get_load_progress'
06-06 03:15:26.644 I/InstrumentationBackend( 1581): Added:'DumpHtml', with key:'dump_html'
06-06 03:15:26.644 I/InstrumentationBackend( 1581): Added:'DumpBodyHtml', with key:'dump_body_html'
06-06 03:15:26.644 I/InstrumentationBackend( 1581): Added:'EnterTextByCssSelector', with key:'enter_text_by_selector'
06-06 03:15:26.644 I/InstrumentationBackend( 1581): Added:'AndroidSDKVersion', with key:'android_sdk_version'
06-06 03:15:26.644 I/InstrumentationBackend( 1581): Added:'Version', with key:'version'
06-06 03:15:26.644 I/InstrumentationBackend( 1581): Added:'Drag', with key:'drag'
06-06 03:15:26.644 I/InstrumentationBackend( 1581): Added:'TouchCoordinates', with key:'touch_coordinate'
06-06 03:15:26.644 I/InstrumentationBackend( 1581): Added:'LongPressCoordinate', with key:'long_press_coordinate'
06-06 03:15:26.644 I/InstrumentationBackend( 1581): Added:'DragCoordinates', with key:'drag_coordinates'
06-06 03:15:26.644 I/InstrumentationBackend( 1581): Added:'ResumeApplication', with key:'resume_application'
06-06 03:15:26.644 I/InstrumentationBackend( 1581): Added:'Swipe', with key:'swipe'
06-06 03:15:26.644 I/InstrumentationBackend( 1581): Added:'DoubleTapCoordinate', with key:'double_tap_coordinate'
06-06 03:15:26.644 I/InstrumentationBackend( 1581): Added:'ClickOnScreen', with key:'click_on_screen'
06-06 03:15:26.644 I/InstrumentationBackend( 1581): Added:'GetActivityName', with key:'get_activity_name'
06-06 03:15:26.644 I/InstrumentationBackend( 1581): Added:'ScrollToView', with key:'scroll_to_view'
06-06 03:15:26.645 I/InstrumentationBackend( 1581): Added:'ViewConfiguration', with key:'view_configuration'
06-06 03:15:26.645 I/InstrumentationBackend( 1581): Added:'IsCurrentActivityFocused', with key:'is_current_activity_focused'
06-06 03:15:26.645 I/InstrumentationBackend( 1581): Added:'SendTcp', with key:'send_tcp'
06-06 03:15:26.645 I/InstrumentationBackend( 1581): Added:'DpToDevicePixel', with key:'dp_to_device_pixel'
06-06 03:15:26.645 I/InstrumentationBackend( 1581): Added:'KeyboardEnterText', with key:'keyboard_enter_text'
06-06 03:15:26.645 I/InstrumentationBackend( 1581): Added:'DeleteSurroundingText', with key:'delete_surrounding_text'
06-06 03:15:26.645 I/InstrumentationBackend( 1581): Added:'SetComposingRegion', with key:'set_composing_region'
06-06 03:15:26.645 I/InstrumentationBackend( 1581): Added:'SetSelection', with key:'set_selection'
06-06 03:15:26.645 I/InstrumentationBackend( 1581): Added:'KeyboardKeyEvent', with key:'keyboard_key_event'
06-06 03:15:26.645 I/InstrumentationBackend( 1581): Added:'PressUserActionButton', with key:'press_user_action_button'
06-06 03:15:26.645 I/InstrumentationBackend( 1581): Added:'HideSoftKeyboard', with key:'hide_soft_keyboard'
06-06 03:15:26.645 I/InstrumentationBackend( 1581): Added:'ListActions', with key:'list_actions'
06-06 03:15:26.645 I/calabash( 1581): Instantiating http server at 7102
06-06 03:15:26.646 I/System.out( 1581): HTTP Daemon listening on: 7102
06-06 03:15:26.737 I/System.out( 1581): URI: //ping
06-06 03:15:26.737 I/System.out( 1581): params: {json={}
06-06 03:15:26.737 I/System.out( 1581): }
06-06 03:15:26.741 I/System.out( 1581): URI: //ping
06-06 03:15:26.741 I/System.out( 1581): params: {json={}
06-06 03:15:26.741 I/System.out( 1581): }
06-06 03:15:26.743 I/System.out( 1581): URI: //ready
06-06 03:15:26.743 I/System.out( 1581): params: {json={}
06-06 03:15:26.743 I/System.out( 1581): }
06-06 03:15:26.745 I/System.out( 1581): URI: //
06-06 03:15:26.745 I/System.out( 1581): params: {json={"command":"version","arguments":[]}
06-06 03:15:26.745 I/System.out( 1581): }
06-06 03:15:26.745 I/System.out( 1581): header: {content-type=application/json;charset=utf-8, date=Sat, 06 Jun 2020 08:15:27 GMT, accept=*/*, host=127.0.0.1:34777, content-length=36, user-agent=HTTPClient/1.0 (2.8.3, ruby 2.5.1 (2018-03-29))}
06-06 03:15:26.745 I/System.out( 1581): params: {json={"command":"version","arguments":[]}
06-06 03:15:26.745 I/System.out( 1581): }
06-06 03:15:26.745 I/System.out( 1581): ProP json = {"command":"version","arguments":[]}
06-06 03:15:26.745 I/System.out( 1581): files: {}
06-06 03:15:26.745 I/System.out( 1581): command: {"command":"version","arguments":[]}
06-06 03:15:26.748 I/InstrumentationBackend( 1581): Got command:'Command:'Line:null,version', arguments:'[]'
06-06 03:15:26.755 I/System.out( 1581): result:{"bonusInformation":[],"message":"0.9.8","success":true}
06-06 03:15:26.757 I/System.out( 1581): URI: //start-application
06-06 03:15:26.757 I/System.out( 1581): params: {json={"intent":null}
06-06 03:15:26.757 I/System.out( 1581): }
06-06 03:15:26.767 I/ActivityManager( 1630): START u0 {act=android.intent.action.MAIN cat=[android.intent.category.LAUNCHER] flg=0x10200000 cmp=com.evancharlton.mileage/.Mileage} from uid 10422 on display 0
06-06 03:15:26.772 I/calabash( 1581): newActivity1
06-06 03:15:26.782 I/calabash( 1581): newActivity1
06-06 03:15:26.784 W/ActivityManager( 1630): Bad activity token: android.os.BinderProxy@6e1f118
06-06 03:15:26.784 W/ActivityManager( 1630): java.lang.ClassCastException: android.os.BinderProxy cannot be cast to com.android.server.am.ActivityRecord$Token
06-06 03:15:26.784 W/ActivityManager( 1630): 	at com.android.server.am.ActivityRecord.forTokenLocked(ActivityRecord.java:586)
06-06 03:15:26.784 W/ActivityManager( 1630): 	at com.android.server.am.ActivityRecord.isInStackLocked(ActivityRecord.java:1327)
06-06 03:15:26.784 W/ActivityManager( 1630): 	at com.android.server.am.ActivityRecord.getStackLocked(ActivityRecord.java:1332)
06-06 03:15:26.784 W/ActivityManager( 1630): 	at com.android.server.am.ActivityManagerService.getActivityDisplayId(ActivityManagerService.java:9806)
06-06 03:15:26.784 W/ActivityManager( 1630): 	at android.app.ActivityManagerNative.onTransact(ActivityManagerNative.java:2566)
06-06 03:15:26.784 W/ActivityManager( 1630): 	at com.android.server.am.ActivityManagerService.onTransact(ActivityManagerService.java:2757)
06-06 03:15:26.784 W/ActivityManager( 1630): 	at android.os.Binder.execTransact(Binder.java:565)
06-06 03:15:26.785 W/ActivityManager( 1630): Bad activity token: android.os.BinderProxy@6e1f118
06-06 03:15:26.785 W/ActivityManager( 1630): java.lang.ClassCastException: android.os.BinderProxy cannot be cast to com.android.server.am.ActivityRecord$Token
06-06 03:15:26.785 W/ActivityManager( 1630): 	at com.android.server.am.ActivityRecord.forTokenLocked(ActivityRecord.java:586)
06-06 03:15:26.785 W/ActivityManager( 1630): 	at com.android.server.am.ActivityRecord.isInStackLocked(ActivityRecord.java:1327)
06-06 03:15:26.785 W/ActivityManager( 1630): 	at com.android.server.am.ActivityManagerService.setTaskDescription(ActivityManagerService.java:9358)
06-06 03:15:26.785 W/ActivityManager( 1630): 	at android.app.ActivityManagerNative.onTransact(ActivityManagerNative.java:2639)
06-06 03:15:26.785 W/ActivityManager( 1630): 	at com.android.server.am.ActivityManagerService.onTransact(ActivityManagerService.java:2757)
06-06 03:15:26.785 W/ActivityManager( 1630): 	at android.os.Binder.execTransact(Binder.java:565)
06-06 03:15:26.785 W/ActivityManager( 1630): Bad activity token: android.os.BinderProxy@6e1f118
06-06 03:15:26.785 W/ActivityManager( 1630): java.lang.ClassCastException: android.os.BinderProxy cannot be cast to com.android.server.am.ActivityRecord$Token
06-06 03:15:26.785 W/ActivityManager( 1630): 	at com.android.server.am.ActivityRecord.forTokenLocked(ActivityRecord.java:586)
06-06 03:15:26.785 W/ActivityManager( 1630): 	at com.android.server.am.ActivityRecord.isInStackLocked(ActivityRecord.java:1327)
06-06 03:15:26.785 W/ActivityManager( 1630): 	at com.android.server.am.ActivityRecord.getStackLocked(ActivityRecord.java:1332)
06-06 03:15:26.785 W/ActivityManager( 1630): 	at com.android.server.am.ActivityManagerService.getActivityStackId(ActivityManagerService.java:9817)
06-06 03:15:26.785 W/ActivityManager( 1630): 	at android.app.ActivityManagerNative.onTransact(ActivityManagerNative.java:2856)
06-06 03:15:26.785 W/ActivityManager( 1630): 	at com.android.server.am.ActivityManagerService.onTransact(ActivityManagerService.java:2757)
06-06 03:15:26.785 W/ActivityManager( 1630): 	at android.os.Binder.execTransact(Binder.java:565)
06-06 03:15:26.797 D/gralloc_ranchu( 1347): gralloc_alloc: Creating ashmem region of size 9023488
06-06 03:15:26.802 W/ActivityManager( 1630): Bad activity token: android.os.BinderProxy@6e1f118
06-06 03:15:26.802 W/ActivityManager( 1630): java.lang.ClassCastException: android.os.BinderProxy cannot be cast to com.android.server.am.ActivityRecord$Token
06-06 03:15:26.802 W/ActivityManager( 1630): 	at com.android.server.am.ActivityRecord.forTokenLocked(ActivityRecord.java:586)
06-06 03:15:26.802 W/ActivityManager( 1630): 	at com.android.server.am.ActivityRecord.isInStackLocked(ActivityRecord.java:1327)
06-06 03:15:26.802 W/ActivityManager( 1630): 	at com.android.server.am.ActivityManagerService.getActivityOptions(ActivityManagerService.java:12559)
06-06 03:15:26.802 W/ActivityManager( 1630): 	at android.app.ActivityManagerNative.onTransact(ActivityManagerNative.java:1933)
06-06 03:15:26.802 W/ActivityManager( 1630): 	at com.android.server.am.ActivityManagerService.onTransact(ActivityManagerService.java:2757)
06-06 03:15:26.802 W/ActivityManager( 1630): 	at android.os.Binder.execTransact(Binder.java:565)
06-06 03:15:26.803 W/ActivityManager( 1630): Bad activity token: android.os.BinderProxy@6e1f118
06-06 03:15:26.803 W/ActivityManager( 1630): java.lang.ClassCastException: android.os.BinderProxy cannot be cast to com.android.server.am.ActivityRecord$Token
06-06 03:15:26.803 W/ActivityManager( 1630): 	at com.android.server.am.ActivityRecord.forTokenLocked(ActivityRecord.java:586)
06-06 03:15:26.803 W/ActivityManager( 1630): 	at com.android.server.am.ActivityRecord.isInStackLocked(ActivityRecord.java:1327)
06-06 03:15:26.803 W/ActivityManager( 1630): 	at com.android.server.am.ActivityManagerService.getActivityOptions(ActivityManagerService.java:12559)
06-06 03:15:26.803 W/ActivityManager( 1630): 	at android.app.ActivityManagerNative.onTransact(ActivityManagerNative.java:1933)
06-06 03:15:26.803 W/ActivityManager( 1630): 	at com.android.server.am.ActivityManagerService.onTransact(ActivityManagerService.java:2757)
06-06 03:15:26.803 W/ActivityManager( 1630): 	at android.os.Binder.execTransact(Binder.java:565)
06-06 03:15:26.823 V/PhoneStatusBar( 1711): setLightsOn(true)
06-06 03:15:26.831 D/EGL_emulation( 2078): eglMakeCurrent: 0x9852d440: ver 2 0 (tinfo 0xa3d30310)
06-06 03:15:26.833 D/EGL_emulation( 1711): eglMakeCurrent: 0xa7985720: ver 2 0 (tinfo 0xa7983770)
06-06 03:15:26.847 D/gralloc_ranchu( 1347): gralloc_alloc: Creating ashmem region of size 9023488
06-06 03:15:26.847 D/EGL_emulation( 1711): eglMakeCurrent: 0xa7985720: ver 2 0 (tinfo 0xa7983770)
06-06 03:15:26.855 D/        ( 1581): HostConnection::get() New Host Connection established 0x9a2b8380, tid 1581
06-06 03:15:26.856 D/EGL_emulation( 1711): eglMakeCurrent: 0xa7985720: ver 2 0 (tinfo 0xa7983770)
06-06 03:15:26.860 V/PhoneStatusBar( 1711): setLightsOn(true)
06-06 03:15:26.900 D/EGL_emulation( 1711): eglMakeCurrent: 0xa7985720: ver 2 0 (tinfo 0xa7983770)
06-06 03:15:26.903 D/EGL_emulation( 1711): eglMakeCurrent: 0xa7985720: ver 2 0 (tinfo 0xa7983770)
06-06 03:15:26.904 D/EGL_emulation( 1711): eglMakeCurrent: 0xa7985720: ver 2 0 (tinfo 0xa7983770)
06-06 03:15:26.906 D/EGL_emulation( 1711): eglMakeCurrent: 0xa7985720: ver 2 0 (tinfo 0xa7983770)
06-06 03:15:26.916 D/EGL_emulation( 1711): eglMakeCurrent: 0xa7985720: ver 2 0 (tinfo 0xa7983770)
06-06 03:15:26.918 D/EGL_emulation( 1711): eglMakeCurrent: 0xa7985720: ver 2 0 (tinfo 0xa7983770)
06-06 03:15:26.930 D/EGL_emulation( 1711): eglMakeCurrent: 0xa7985720: ver 2 0 (tinfo 0xa7983770)
06-06 03:15:26.932 D/EGL_emulation( 1711): eglMakeCurrent: 0xa7985720: ver 2 0 (tinfo 0xa7983770)
06-06 03:15:26.947 D/gralloc_ranchu( 1347): gralloc_alloc: Creating ashmem region of size 9023488
06-06 03:15:26.954 D/EGL_emulation( 1711): eglMakeCurrent: 0xa7985720: ver 2 0 (tinfo 0xa7983770)
06-06 03:15:26.963 D/EGL_emulation( 1711): eglMakeCurrent: 0xa7985720: ver 2 0 (tinfo 0xa7983770)
06-06 03:15:26.964 I/ActivityManager( 1630): Displayed com.evancharlton.mileage/.Mileage: +194ms
06-06 03:15:26.965 D/EGL_emulation( 1711): eglMakeCurrent: 0xa7985720: ver 2 0 (tinfo 0xa7983770)
06-06 03:15:26.975 D/EGL_emulation( 1711): eglMakeCurrent: 0xa7985720: ver 2 0 (tinfo 0xa7983770)
06-06 03:15:26.976 V/PhoneStatusBar( 1711): setLightsOn(true)
06-06 03:15:26.982 D/EGL_emulation( 1711): eglMakeCurrent: 0xa7985720: ver 2 0 (tinfo 0xa7983770)
06-06 03:15:26.990 D/EGL_emulation( 1711): eglMakeCurrent: 0xa7985720: ver 2 0 (tinfo 0xa7983770)
06-06 03:15:26.997 D/EGL_emulation( 1711): eglMakeCurrent: 0xa7985720: ver 2 0 (tinfo 0xa7983770)
06-06 03:15:27.000 D/EGL_emulation( 1711): eglMakeCurrent: 0xa7985720: ver 2 0 (tinfo 0xa7983770)
06-06 03:15:27.000 V/PhoneStatusBar( 1711): setLightsOn(true)
06-06 03:15:27.004 I/System.out( 1581): URI: //map
06-06 03:15:27.004 I/System.out( 1581): params: {json={"query":"* marked:'Statistics'","operation":{"method_name":"query","arguments":[]}}
06-06 03:15:27.004 I/System.out( 1581): }
06-06 03:15:27.014 D/EGL_emulation( 1711): eglMakeCurrent: 0xa7985720: ver 2 0 (tinfo 0xa7983770)
06-06 03:15:27.015 D/EGL_emulation( 1711): eglMakeCurrent: 0xa7985720: ver 2 0 (tinfo 0xa7983770)
06-06 03:15:27.018 W/ResourceType( 1581): No package identifier when getting name for resource number 0x00000001
06-06 03:15:27.030 D/EGL_emulation( 1711): eglMakeCurrent: 0xa7985720: ver 2 0 (tinfo 0xa7983770)
06-06 03:15:27.032 D/EGL_emulation( 1711): eglMakeCurrent: 0xa7985720: ver 2 0 (tinfo 0xa7983770)
06-06 03:15:27.035 I/System.out( 1581): URI: //gesture
06-06 03:15:27.035 I/System.out( 1581): params: {json={"query_timeout":5.0,"gestures":[{"query_string":"* marked:'Statistics'","touches":[{"x":50,"y":50,"offset_x":0,"offset_y":0,"wait":0.0,"time":0.2,"release":true,"query_string":null}]}]}
06-06 03:15:27.035 I/System.out( 1581): }
06-06 03:15:27.040 W/ResourceType( 1581): No package identifier when getting name for resource number 0x00000001
06-06 03:15:27.047 D/EGL_emulation( 1711): eglMakeCurrent: 0xa7985720: ver 2 0 (tinfo 0xa7983770)
06-06 03:15:27.163 I/WindowManager( 1630): Destroying surface Surface(name=Starting com.evancharlton.mileage) called by com.android.server.wm.WindowStateAnimator.destroySurface:2016 com.android.server.wm.WindowStateAnimator.destroySurfaceLocked:882 com.android.server.wm.WindowState.destroyOrSaveSurface:2100 com.android.server.wm.AppWindowToken.destroySurfaces:363 com.android.server.wm.WindowStateAnimator.finishExit:565 com.android.server.wm.WindowStateAnimator.stepAnimationLocked:491 com.android.server.wm.WindowAnimator.updateWindowsLocked:303 com.android.server.wm.WindowAnimator.animateLocked:704 
06-06 03:15:27.166 V/PhoneStatusBar( 1711): setLightsOn(true)
06-06 03:15:27.180 V/PhoneStatusBar( 1711): setLightsOn(true)
06-06 03:15:27.265 I/calabash( 1581): newActivity1
06-06 03:15:27.278 I/System.out( 1581): URI: //map
06-06 03:15:27.278 I/System.out( 1581): params: {json={"query":"android.widget.ScrollView index:0","operation":{"method_name":"query","arguments":[]}}
06-06 03:15:27.278 I/System.out( 1581): }
06-06 03:15:27.279 W/ActivityManager( 1630): Bad activity token: android.os.BinderProxy@263d406
06-06 03:15:27.279 W/ActivityManager( 1630): java.lang.ClassCastException: android.os.BinderProxy cannot be cast to com.android.server.am.ActivityRecord$Token
06-06 03:15:27.279 W/ActivityManager( 1630): 	at com.android.server.am.ActivityRecord.forTokenLocked(ActivityRecord.java:586)
06-06 03:15:27.279 W/ActivityManager( 1630): 	at com.android.server.am.ActivityRecord.isInStackLocked(ActivityRecord.java:1327)
06-06 03:15:27.279 W/ActivityManager( 1630): 	at com.android.server.am.ActivityRecord.getStackLocked(ActivityRecord.java:1332)
06-06 03:15:27.279 W/ActivityManager( 1630): 	at com.android.server.am.ActivityManagerService.getActivityDisplayId(ActivityManagerService.java:9806)
06-06 03:15:27.279 W/ActivityManager( 1630): 	at android.app.ActivityManagerNative.onTransact(ActivityManagerNative.java:2566)
06-06 03:15:27.279 W/ActivityManager( 1630): 	at com.android.server.am.ActivityManagerService.onTransact(ActivityManagerService.java:2757)
06-06 03:15:27.279 W/ActivityManager( 1630): 	at android.os.Binder.execTransact(Binder.java:565)
06-06 03:15:27.282 V/PhoneStatusBar( 1711): setLightsOn(true)
06-06 03:15:27.282 W/ActivityManager( 1630): Bad activity token: android.os.BinderProxy@263d406
06-06 03:15:27.282 W/ActivityManager( 1630): java.lang.ClassCastException: android.os.BinderProxy cannot be cast to com.android.server.am.ActivityRecord$Token
06-06 03:15:27.282 W/ActivityManager( 1630): 	at com.android.server.am.ActivityRecord.forTokenLocked(ActivityRecord.java:586)
06-06 03:15:27.282 W/ActivityManager( 1630): 	at com.android.server.am.ActivityRecord.isInStackLocked(ActivityRecord.java:1327)
06-06 03:15:27.282 W/ActivityManager( 1630): 	at com.android.server.am.ActivityManagerService.setTaskDescription(ActivityManagerService.java:9358)
06-06 03:15:27.282 W/ActivityManager( 1630): 	at android.app.ActivityManagerNative.onTransact(ActivityManagerNative.java:2639)
06-06 03:15:27.282 W/ActivityManager( 1630): 	at com.android.server.am.ActivityManagerService.onTransact(ActivityManagerService.java:2757)
06-06 03:15:27.282 W/ActivityManager( 1630): 	at android.os.Binder.execTransact(Binder.java:565)
06-06 03:15:27.283 W/ActivityManager( 1630): Bad activity token: android.os.BinderProxy@263d406
06-06 03:15:27.283 W/ActivityManager( 1630): java.lang.ClassCastException: android.os.BinderProxy cannot be cast to com.android.server.am.ActivityRecord$Token
06-06 03:15:27.283 W/ActivityManager( 1630): 	at com.android.server.am.ActivityRecord.forTokenLocked(ActivityRecord.java:586)
06-06 03:15:27.283 W/ActivityManager( 1630): 	at com.android.server.am.ActivityRecord.isInStackLocked(ActivityRecord.java:1327)
06-06 03:15:27.283 W/ActivityManager( 1630): 	at com.android.server.am.ActivityRecord.getStackLocked(ActivityRecord.java:1332)
06-06 03:15:27.283 W/ActivityManager( 1630): 	at com.android.server.am.ActivityManagerService.getActivityStackId(ActivityManagerService.java:9817)
06-06 03:15:27.283 W/ActivityManager( 1630): 	at android.app.ActivityManagerNative.onTransact(ActivityManagerNative.java:2856)
06-06 03:15:27.283 W/ActivityManager( 1630): 	at com.android.server.am.ActivityManagerService.onTransact(ActivityManagerService.java:2757)
06-06 03:15:27.283 W/ActivityManager( 1630): 	at android.os.Binder.execTransact(Binder.java:565)
06-06 03:15:27.291 D/VehicleStatisticsActivity( 1581): Checking recalculation ...
06-06 03:15:27.292 D/VehicleStatisticsActivity( 1581): Recalculating statistics
06-06 03:15:27.292 D/VehicleStatisticsTask( 1581): Calculation starting...
06-06 03:15:27.292 D/VehicleStatisticsActivity( 1581): Recalculation started!
06-06 03:15:27.293 W/ResourceType( 1581): No package identifier when getting value for resource number 0x00000000
06-06 03:15:27.293 D/AndroidRuntime( 1581): Shutting down VM
--------- beginning of crash
06-06 03:15:27.293 E/AndroidRuntime( 1581): FATAL EXCEPTION: main
06-06 03:15:27.293 E/AndroidRuntime( 1581): Process: com.evancharlton.mileage, PID: 1581
06-06 03:15:27.293 E/AndroidRuntime( 1581): java.lang.RuntimeException: Unable to start activity ComponentInfo{com.evancharlton.mileage/com.evancharlton.mileage.VehicleStatisticsActivity}: android.content.res.Resources$NotFoundException: String resource ID #0x0
06-06 03:15:27.293 E/AndroidRuntime( 1581): 	at android.app.ActivityThread.performLaunchActivity(ActivityThread.java:2646)
06-06 03:15:27.293 E/AndroidRuntime( 1581): 	at android.app.ActivityThread.startActivityNow(ActivityThread.java:2446)
06-06 03:15:27.293 E/AndroidRuntime( 1581): 	at android.app.LocalActivityManager.moveToState(LocalActivityManager.java:136)
06-06 03:15:27.293 E/AndroidRuntime( 1581): 	at android.app.LocalActivityManager.startActivity(LocalActivityManager.java:348)
06-06 03:15:27.293 E/AndroidRuntime( 1581): 	at android.widget.TabHost$IntentContentStrategy.getContentView(TabHost.java:724)
06-06 03:15:27.293 E/AndroidRuntime( 1581): 	at android.widget.TabHost.setCurrentTab(TabHost.java:388)
06-06 03:15:27.293 E/AndroidRuntime( 1581): 	at android.widget.TabHost$2.onTabSelectionChanged(TabHost.java:158)
06-06 03:15:27.293 E/AndroidRuntime( 1581): 	at android.widget.TabWidget$TabClickListener.onClick(TabWidget.java:532)
06-06 03:15:27.293 E/AndroidRuntime( 1581): 	at android.view.View.performClick(View.java:5610)
06-06 03:15:27.293 E/AndroidRuntime( 1581): 	at android.view.View$PerformClick.run(View.java:22265)
06-06 03:15:27.293 E/AndroidRuntime( 1581): 	at android.os.Handler.handleCallback(Handler.java:751)
06-06 03:15:27.293 E/AndroidRuntime( 1581): 	at android.os.Handler.dispatchMessage(Handler.java:95)
06-06 03:15:27.293 E/AndroidRuntime( 1581): 	at android.os.Looper.loop(Looper.java:154)
06-06 03:15:27.293 E/AndroidRuntime( 1581): 	at android.app.ActivityThread.main(ActivityThread.java:6077)
06-06 03:15:27.293 E/AndroidRuntime( 1581): 	at java.lang.reflect.Method.invoke(Native Method)
06-06 03:15:27.293 E/AndroidRuntime( 1581): 	at com.android.internal.os.ZygoteInit$MethodAndArgsCaller.run(ZygoteInit.java:866)
06-06 03:15:27.293 E/AndroidRuntime( 1581): 	at com.android.internal.os.ZygoteInit.main(ZygoteInit.java:756)
06-06 03:15:27.293 E/AndroidRuntime( 1581): Caused by: android.content.res.Resources$NotFoundException: String resource ID #0x0
06-06 03:15:27.293 E/AndroidRuntime( 1581): 	at android.content.res.Resources.getText(Resources.java:331)
06-06 03:15:27.293 E/AndroidRuntime( 1581): 	at android.content.res.Resources.getString(Resources.java:377)
06-06 03:15:27.293 E/AndroidRuntime( 1581): 	at android.content.Context.getString(Context.java:476)
06-06 03:15:27.293 E/AndroidRuntime( 1581): 	at com.evancharlton.mileage.adapters.VehicleStatisticsAdapter$StatisticHolder.<init>(VehicleStatisticsAdapter.java:209)
06-06 03:15:27.293 E/AndroidRuntime( 1581): 	at com.evancharlton.mileage.adapters.VehicleStatisticsAdapter.<init>(VehicleStatisticsAdapter.java:48)
06-06 03:15:27.293 E/AndroidRuntime( 1581): 	at com.evancharlton.mileage.VehicleStatisticsActivity.setAdapter(VehicleStatisticsActivity.java:197)
06-06 03:15:27.293 E/AndroidRuntime( 1581): 	at com.evancharlton.mileage.VehicleStatisticsActivity.recalculate(VehicleStatisticsActivity.java:175)
06-06 03:15:27.293 E/AndroidRuntime( 1581): 	at com.evancharlton.mileage.VehicleStatisticsActivity.onCreate(VehicleStatisticsActivity.java:131)
06-06 03:15:27.293 E/AndroidRuntime( 1581): 	at android.app.Activity.performCreate(Activity.java:6662)
06-06 03:15:27.293 E/AndroidRuntime( 1581): 	at android.app.Instrumentation.callActivityOnCreate(Instrumentation.java:1118)
06-06 03:15:27.293 E/AndroidRuntime( 1581): 	at android.app.ActivityThread.performLaunchActivity(ActivityThread.java:2599)
06-06 03:15:27.293 E/AndroidRuntime( 1581): 	... 16 more
06-06 03:15:27.294 I/Process ( 1581): Sending signal. PID: 1581 SIG: 9
06-06 03:15:27.354 I/ActivityManager( 1630): Process com.evancharlton.mileage (pid 1581) has died
06-06 03:15:27.354 D/ActivityManager( 1630): cleanUpApplicationRecord -- 1581
06-06 03:15:27.354 W/ActivityManager( 1630): Scheduling restart of crashed service com.evancharlton.mileage/.services.AutomaticBackupService in 1000ms
06-06 03:15:27.354 W/ActivityManager( 1630): Force removing ActivityRecord{d316a39 u0 com.evancharlton.mileage/.Mileage t12657}: app died, no saved state
06-06 03:15:27.355 W/InputDispatcher( 1630): channel 'f6453a9 com.evancharlton.mileage/com.evancharlton.mileage.Mileage (server)' ~ Consumer closed input channel or an error occurred.  events=0x9
06-06 03:15:27.355 E/InputDispatcher( 1630): channel 'f6453a9 com.evancharlton.mileage/com.evancharlton.mileage.Mileage (server)' ~ Channel is unrecoverably broken and will be disposed!
06-06 03:15:27.363 I/WindowManager( 1630): WIN DEATH: Window{f6453a9 u0 com.evancharlton.mileage/com.evancharlton.mileage.Mileage}
06-06 03:15:27.363 W/InputDispatcher( 1630): Attempted to unregister already unregistered input channel 'f6453a9 com.evancharlton.mileage/com.evancharlton.mileage.Mileage (server)'
06-06 03:15:27.363 I/WindowManager( 1630): Destroying surface Surface(name=com.evancharlton.mileage/com.evancharlton.mileage.Mileage) called by com.android.server.wm.WindowStateAnimator.destroySurface:2016 com.android.server.wm.WindowStateAnimator.destroySurfaceLocked:882 com.android.server.wm.WindowState.removeLocked:1456 com.android.server.wm.WindowManagerService.removeWindowInnerLocked:2484 com.android.server.wm.WindowManagerService.removeWindowLocked:2442 com.android.server.wm.WindowState$DeathRecipient.binderDied:1787 android.os.BinderProxy.sendDeathNotice:688 <bottom of call stack> 
