--------- beginning of main
06-05 23:01:10.484 V/PhoneStatusBar( 1712): setLightsOn(true)
06-05 23:01:10.488 D/gralloc_ranchu( 1347): gralloc_alloc: Creating ashmem region of size 3145728
06-05 23:01:10.492 E/EGL_emulation( 1347): tid 1347: eglCreateSyncKHR(1901): error 0x3004 (EGL_BAD_ATTRIBUTE)
--------- beginning of system
06-05 23:01:10.503 W/ActivityManager( 1631): Finishing task with all activities already finished
06-05 23:01:10.503 W/ActivityManager( 1631): Duplicate finish request for ActivityRecord{f1d26c4 u0 com.evancharlton.mileage/.Mileage t9030 f}
06-05 23:01:10.503 W/ActivityManager( 1631): Finishing task with all activities already finished
06-05 23:01:10.503 W/ActivityManager( 1631): Duplicate finish request for ActivityRecord{f1d26c4 u0 com.evancharlton.mileage/.Mileage t9030 f}
06-05 23:01:10.503 W/ActivityManager( 1631): Finishing task with all activities already finished
06-05 23:01:10.503 W/ActivityManager( 1631): Duplicate finish request for ActivityRecord{f1d26c4 u0 com.evancharlton.mileage/.Mileage t9030 f}
06-05 23:01:10.503 W/ActivityManager( 1631): Finishing task with all activities already finished
06-05 23:01:10.503 W/ActivityManager( 1631): Duplicate finish request for ActivityRecord{f1d26c4 u0 com.evancharlton.mileage/.Mileage t9030 f}
06-05 23:01:10.503 W/ActivityManager( 1631): Finishing task with all activities already finished
06-05 23:01:10.503 W/ActivityManager( 1631): Duplicate finish request for ActivityRecord{f1d26c4 u0 com.evancharlton.mileage/.Mileage t9030 f}
06-05 23:01:10.504 W/ActivityManager( 1631): Finishing task with all activities already finished
06-05 23:01:10.504 W/ActivityManager( 1631): Duplicate finish request for ActivityRecord{2441a8e u0 com.evancharlton.mileage/.charts.TotalVolumeChart t9030 f}
06-05 23:01:10.504 W/ActivityManager( 1631): Finishing task with all activities already finished
06-05 23:01:10.504 W/ActivityManager( 1631): Duplicate finish request for ActivityRecord{2441a8e u0 com.evancharlton.mileage/.charts.TotalVolumeChart t9030 f}
06-05 23:01:10.504 W/ActivityManager( 1631): Finishing task with all activities already finished
06-05 23:01:10.504 W/ActivityManager( 1631): Duplicate finish request for ActivityRecord{f1d26c4 u0 com.evancharlton.mileage/.Mileage t9030 f}
06-05 23:01:10.504 W/ActivityManager( 1631): Finishing task with all activities already finished
06-05 23:01:10.504 W/ActivityManager( 1631): Duplicate finish request for ActivityRecord{f1d26c4 u0 com.evancharlton.mileage/.Mileage t9030 f}
06-05 23:01:10.535 D/EGL_emulation( 2076): eglMakeCurrent: 0xb0685360: ver 2 0 (tinfo 0xb06836b0)
06-05 23:01:10.551 D/EGL_emulation( 1712): eglMakeCurrent: 0xb0685360: ver 2 0 (tinfo 0xb06836c0)
06-05 23:01:10.567 D/EGL_emulation( 1712): eglMakeCurrent: 0xb0685360: ver 2 0 (tinfo 0xb06836c0)
06-05 23:01:10.567 D/AndroidRuntime(13758): >>>>>> START com.android.internal.os.RuntimeInit uid 2000 <<<<<<
06-05 23:01:10.568 D/AndroidRuntime(13758): CheckJNI is ON
06-05 23:01:10.569 D/EGL_emulation( 1712): eglMakeCurrent: 0xb0685360: ver 2 0 (tinfo 0xb06836c0)
06-05 23:01:10.579 W/art     (13758): Unexpected CPU variant for X86 using defaults: x86
06-05 23:01:10.581 D/ICU     (13758): No timezone override file found: /data/misc/zoneinfo/current/icu/icu_tzdata.dat
06-05 23:01:10.584 D/EGL_emulation( 1712): eglMakeCurrent: 0xb0685360: ver 2 0 (tinfo 0xb06836c0)
06-05 23:01:10.586 D/EGL_emulation( 1712): eglMakeCurrent: 0xb0685360: ver 2 0 (tinfo 0xb06836c0)
06-05 23:01:10.589 E/memtrack(13758): Couldn't load memtrack module (No such file or directory)
06-05 23:01:10.589 E/android.os.Debug(13758): failed to load memtrack module: -2
06-05 23:01:10.589 I/Radio-JNI(13758): register_android_hardware_Radio DONE
06-05 23:01:10.593 D/AndroidRuntime(13758): Calling main entry com.android.commands.am.Am
06-05 23:01:10.594 I/ActivityManager( 1631): Force stopping com.evancharlton.mileage appid=10326 user=0: start instr
06-05 23:01:10.594 I/ActivityManager( 1631): Killing 13706:com.evancharlton.mileage/u0a326 (adj 0): stop com.evancharlton.mileage
06-05 23:01:10.594 D/ActivityManager( 1631): cleanUpApplicationRecord -- 13706
06-05 23:01:10.594 W/ActivityManager( 1631): Crash of app com.evancharlton.mileage running instrumentation ComponentInfo{com.evancharlton.mileage.test/sh.calaba.instrumentationbackend.CalabashInstrumentationTestRunner}
06-05 23:01:10.594 I/ActivityManager( 1631): Force stopping com.evancharlton.mileage appid=10326 user=0: finished inst
06-05 23:01:10.596 W/InputDispatcher( 1631): channel '76b32a8 com.evancharlton.mileage/com.evancharlton.mileage.charts.TotalVolumeChart (server)' ~ Consumer closed input channel or an error occurred.  events=0x9
06-05 23:01:10.596 E/InputDispatcher( 1631): channel '76b32a8 com.evancharlton.mileage/com.evancharlton.mileage.charts.TotalVolumeChart (server)' ~ Channel is unrecoverably broken and will be disposed!
06-05 23:01:10.596 W/InputDispatcher( 1631): channel 'f566c63 com.evancharlton.mileage/com.evancharlton.mileage.Mileage (server)' ~ Consumer closed input channel or an error occurred.  events=0x9
06-05 23:01:10.596 E/InputDispatcher( 1631): channel 'f566c63 com.evancharlton.mileage/com.evancharlton.mileage.Mileage (server)' ~ Channel is unrecoverably broken and will be disposed!
06-05 23:01:10.596 I/WindowManager( 1631): WIN DEATH: Window{f566c63 u0 com.evancharlton.mileage/com.evancharlton.mileage.Mileage EXITING}
06-05 23:01:10.596 W/InputDispatcher( 1631): Attempted to unregister already unregistered input channel 'f566c63 com.evancharlton.mileage/com.evancharlton.mileage.Mileage (server)'
06-05 23:01:10.597 I/WindowManager( 1631): WIN DEATH: Window{76b32a8 u0 com.evancharlton.mileage/com.evancharlton.mileage.charts.TotalVolumeChart EXITING}
06-05 23:01:10.597 W/InputDispatcher( 1631): Attempted to unregister already unregistered input channel '76b32a8 com.evancharlton.mileage/com.evancharlton.mileage.charts.TotalVolumeChart (server)'
06-05 23:01:10.598 I/art     (13768): Not late-enabling -Xcheck:jni (already on)
06-05 23:01:10.598 W/art     (13768): Unexpected CPU variant for X86 using defaults: x86
06-05 23:01:10.600 I/WindowManager( 1631): Destroying surface Surface(name=com.evancharlton.mileage/com.evancharlton.mileage.charts.TotalVolumeChart) called by com.android.server.wm.WindowStateAnimator.destroySurface:2016 com.android.server.wm.WindowStateAnimator.destroySurfaceLocked:882 com.android.server.wm.WindowState.removeLocked:1456 com.android.server.wm.WindowManagerService.removeWindowInnerLocked:2484 com.android.server.wm.AppWindowToken.destroySurfaces:365 com.android.server.wm.WindowStateAnimator.finishExit:565 com.android.server.wm.AppWindowAnimator.stepAnimationLocked:427 com.android.server.wm.WindowAnimator.updateAppWindowsLocked:196 
06-05 23:01:10.605 I/ActivityManager( 1631): Start proc 13768:com.evancharlton.mileage/u0a326 for added application com.evancharlton.mileage
06-05 23:01:10.605 D/AndroidRuntime(13758): Shutting down VM
06-05 23:01:10.607 D/EGL_emulation( 1712): eglMakeCurrent: 0xb0685360: ver 2 0 (tinfo 0xb06836c0)
06-05 23:01:10.610 W/System  (13768): ClassLoader referenced unknown path: /data/app/com.evancharlton.mileage.test-1/lib/x86
06-05 23:01:10.610 W/System  (13768): ClassLoader referenced unknown path: /data/app/com.evancharlton.mileage-1/lib/x86
06-05 23:01:10.610 D/EGL_emulation( 1712): eglMakeCurrent: 0xb0685360: ver 2 0 (tinfo 0xb06836c0)
06-05 23:01:10.612 W/System  (13768): ClassLoader referenced unknown path: 
06-05 23:01:10.616 I/System.out(13768): Main activity name automatically set to: com.evancharlton.mileage.Mileage
06-05 23:01:10.616 I/System.out(13768): Calabash did not load Mono. This is only a problem if you are trying to test a Mono application
06-05 23:01:10.616 I/calabash(13768): Test server port: 7102
06-05 23:01:10.617 D/EGL_emulation( 1712): eglMakeCurrent: 0xb0685360: ver 2 0 (tinfo 0xb06836c0)
06-05 23:01:10.617 I/InstrumentationBackend(13768): Added:'GetPreferences', with key:'get_preferences'
06-05 23:01:10.618 D/EGL_emulation( 1712): eglMakeCurrent: 0xb0685360: ver 2 0 (tinfo 0xb06836c0)
06-05 23:01:10.622 I/InstrumentationBackend(13768): Added:'SetPreferences', with key:'set_preferences'
06-05 23:01:10.622 I/InstrumentationBackend(13768): Added:'ClearPreferences', with key:'clear_preferences'
06-05 23:01:10.622 I/InstrumentationBackend(13768): Added:'PressElement', with key:'press_l10n_element'
06-05 23:01:10.622 I/InstrumentationBackend(13768): Added:'WaitForElement', with key:'wait_for_l10n_element'
06-05 23:01:10.622 I/InstrumentationBackend(13768): Added:'NullAction', with key:'nullAction'
06-05 23:01:10.622 I/InstrumentationBackend(13768): Added:'PressKey', with key:'press_key'
06-05 23:01:10.622 I/InstrumentationBackend(13768): Added:'SetActivityOrientation', with key:'set_activity_orientation'
06-05 23:01:10.622 I/InstrumentationBackend(13768): Added:'GetActivityOrientation', with key:'get_activity_orientation'
06-05 23:01:10.622 I/InstrumentationBackend(13768): Added:'FakeGPSLocation', with key:'set_gps_coordinates'
06-05 23:01:10.622 I/InstrumentationBackend(13768): Added:'SetPropertyByCssSelector', with key:'set_property_by_css_selector'
06-05 23:01:10.622 I/InstrumentationBackend(13768): Added:'GetUrl', with key:'get_url'
06-05 23:01:10.622 I/InstrumentationBackend(13768): Added:'ScrollTo', with key:'scroll_to'
06-05 23:01:10.622 I/InstrumentationBackend(13768): Added:'GetLoadProgress', with key:'get_load_progress'
06-05 23:01:10.622 I/InstrumentationBackend(13768): Added:'DumpHtml', with key:'dump_html'
06-05 23:01:10.622 I/InstrumentationBackend(13768): Added:'DumpBodyHtml', with key:'dump_body_html'
06-05 23:01:10.622 I/InstrumentationBackend(13768): Added:'EnterTextByCssSelector', with key:'enter_text_by_selector'
06-05 23:01:10.623 I/InstrumentationBackend(13768): Added:'AndroidSDKVersion', with key:'android_sdk_version'
06-05 23:01:10.623 I/InstrumentationBackend(13768): Added:'Version', with key:'version'
06-05 23:01:10.623 I/InstrumentationBackend(13768): Added:'Drag', with key:'drag'
06-05 23:01:10.623 I/InstrumentationBackend(13768): Added:'TouchCoordinates', with key:'touch_coordinate'
06-05 23:01:10.623 I/InstrumentationBackend(13768): Added:'LongPressCoordinate', with key:'long_press_coordinate'
06-05 23:01:10.623 I/InstrumentationBackend(13768): Added:'DragCoordinates', with key:'drag_coordinates'
06-05 23:01:10.623 I/InstrumentationBackend(13768): Added:'ResumeApplication', with key:'resume_application'
06-05 23:01:10.623 I/InstrumentationBackend(13768): Added:'Swipe', with key:'swipe'
06-05 23:01:10.623 I/InstrumentationBackend(13768): Added:'DoubleTapCoordinate', with key:'double_tap_coordinate'
06-05 23:01:10.623 I/InstrumentationBackend(13768): Added:'ClickOnScreen', with key:'click_on_screen'
06-05 23:01:10.623 I/InstrumentationBackend(13768): Added:'GetActivityName', with key:'get_activity_name'
06-05 23:01:10.623 I/InstrumentationBackend(13768): Added:'ScrollToView', with key:'scroll_to_view'
06-05 23:01:10.623 I/InstrumentationBackend(13768): Added:'ViewConfiguration', with key:'view_configuration'
06-05 23:01:10.623 I/InstrumentationBackend(13768): Added:'IsCurrentActivityFocused', with key:'is_current_activity_focused'
06-05 23:01:10.623 I/InstrumentationBackend(13768): Added:'SendTcp', with key:'send_tcp'
06-05 23:01:10.623 I/InstrumentationBackend(13768): Added:'DpToDevicePixel', with key:'dp_to_device_pixel'
06-05 23:01:10.624 I/InstrumentationBackend(13768): Added:'KeyboardEnterText', with key:'keyboard_enter_text'
06-05 23:01:10.624 I/InstrumentationBackend(13768): Added:'DeleteSurroundingText', with key:'delete_surrounding_text'
06-05 23:01:10.624 I/InstrumentationBackend(13768): Added:'SetComposingRegion', with key:'set_composing_region'
06-05 23:01:10.624 I/InstrumentationBackend(13768): Added:'SetSelection', with key:'set_selection'
06-05 23:01:10.624 I/InstrumentationBackend(13768): Added:'KeyboardKeyEvent', with key:'keyboard_key_event'
06-05 23:01:10.624 I/InstrumentationBackend(13768): Added:'PressUserActionButton', with key:'press_user_action_button'
06-05 23:01:10.624 I/InstrumentationBackend(13768): Added:'HideSoftKeyboard', with key:'hide_soft_keyboard'
06-05 23:01:10.624 I/InstrumentationBackend(13768): Added:'ListActions', with key:'list_actions'
06-05 23:01:10.624 I/calabash(13768): Instantiating http server at 7102
06-05 23:01:10.624 I/System.out(13768): HTTP Daemon listening on: 7102
06-05 23:01:10.634 D/EGL_emulation( 1712): eglMakeCurrent: 0xb0685360: ver 2 0 (tinfo 0xb06836c0)
06-05 23:01:10.635 D/EGL_emulation( 1712): eglMakeCurrent: 0xb0685360: ver 2 0 (tinfo 0xb06836c0)
06-05 23:01:10.650 D/EGL_emulation( 1712): eglMakeCurrent: 0xb0685360: ver 2 0 (tinfo 0xb06836c0)
06-05 23:01:10.653 D/EGL_emulation( 1712): eglMakeCurrent: 0xb0685360: ver 2 0 (tinfo 0xb06836c0)
06-05 23:01:10.667 D/EGL_emulation( 1712): eglMakeCurrent: 0xb0685360: ver 2 0 (tinfo 0xb06836c0)
06-05 23:01:10.669 D/EGL_emulation( 1712): eglMakeCurrent: 0xb0685360: ver 2 0 (tinfo 0xb06836c0)
06-05 23:01:10.684 D/EGL_emulation( 1712): eglMakeCurrent: 0xb0685360: ver 2 0 (tinfo 0xb06836c0)
06-05 23:01:10.686 D/EGL_emulation( 1712): eglMakeCurrent: 0xb0685360: ver 2 0 (tinfo 0xb06836c0)
06-05 23:01:10.700 D/EGL_emulation( 1712): eglMakeCurrent: 0xb0685360: ver 2 0 (tinfo 0xb06836c0)
06-05 23:01:10.702 D/EGL_emulation( 1712): eglMakeCurrent: 0xb0685360: ver 2 0 (tinfo 0xb06836c0)
06-05 23:01:10.714 I/System.out(13768): URI: //ping
06-05 23:01:10.714 I/System.out(13768): params: {json={}
06-05 23:01:10.714 I/System.out(13768): }
06-05 23:01:10.716 I/System.out(13768): URI: //ping
06-05 23:01:10.716 I/System.out(13768): params: {json={}
06-05 23:01:10.716 I/System.out(13768): }
06-05 23:01:10.717 D/EGL_emulation( 1712): eglMakeCurrent: 0xb0685360: ver 2 0 (tinfo 0xb06836c0)
06-05 23:01:10.718 I/System.out(13768): URI: //ready
06-05 23:01:10.718 I/System.out(13768): params: {json={}
06-05 23:01:10.718 I/System.out(13768): }
06-05 23:01:10.718 D/EGL_emulation( 1712): eglMakeCurrent: 0xb0685360: ver 2 0 (tinfo 0xb06836c0)
06-05 23:01:10.719 I/System.out(13768): URI: //
06-05 23:01:10.719 I/System.out(13768): params: {json={"command":"version","arguments":[]}
06-05 23:01:10.719 I/System.out(13768): }
06-05 23:01:10.719 I/System.out(13768): header: {content-type=application/json;charset=utf-8, date=Sat, 06 Jun 2020 04:01:10 GMT, accept=*/*, host=127.0.0.1:34777, content-length=36, user-agent=HTTPClient/1.0 (2.8.3, ruby 2.5.1 (2018-03-29))}
06-05 23:01:10.719 I/System.out(13768): params: {json={"command":"version","arguments":[]}
06-05 23:01:10.719 I/System.out(13768): }
06-05 23:01:10.720 I/System.out(13768): ProP json = {"command":"version","arguments":[]}
06-05 23:01:10.720 I/System.out(13768): files: {}
06-05 23:01:10.720 I/System.out(13768): command: {"command":"version","arguments":[]}
06-05 23:01:10.722 I/InstrumentationBackend(13768): Got command:'Command:'Line:null,version', arguments:'[]'
06-05 23:01:10.728 I/System.out(13768): result:{"bonusInformation":[],"message":"0.9.8","success":true}
06-05 23:01:10.730 I/System.out(13768): URI: //start-application
06-05 23:01:10.730 I/System.out(13768): params: {json={"intent":null}
06-05 23:01:10.730 I/System.out(13768): }
06-05 23:01:10.734 D/EGL_emulation( 1712): eglMakeCurrent: 0xb0685360: ver 2 0 (tinfo 0xb06836c0)
06-05 23:01:10.735 D/EGL_emulation( 1712): eglMakeCurrent: 0xb0685360: ver 2 0 (tinfo 0xb06836c0)
06-05 23:01:10.739 I/ActivityManager( 1631): START u0 {act=android.intent.action.MAIN cat=[android.intent.category.LAUNCHER] flg=0x10200000 cmp=com.evancharlton.mileage/.Mileage} from uid 10326 on display 0
06-05 23:01:10.743 I/calabash(13768): newActivity1
06-05 23:01:10.751 D/EGL_emulation( 1712): eglMakeCurrent: 0xb0685360: ver 2 0 (tinfo 0xb06836c0)
06-05 23:01:10.754 I/calabash(13768): newActivity1
06-05 23:01:10.755 W/ActivityManager( 1631): Bad activity token: android.os.BinderProxy@8d59aab
06-05 23:01:10.755 W/ActivityManager( 1631): java.lang.ClassCastException: android.os.BinderProxy cannot be cast to com.android.server.am.ActivityRecord$Token
06-05 23:01:10.755 W/ActivityManager( 1631): 	at com.android.server.am.ActivityRecord.forTokenLocked(ActivityRecord.java:586)
06-05 23:01:10.755 W/ActivityManager( 1631): 	at com.android.server.am.ActivityRecord.isInStackLocked(ActivityRecord.java:1327)
06-05 23:01:10.755 W/ActivityManager( 1631): 	at com.android.server.am.ActivityRecord.getStackLocked(ActivityRecord.java:1332)
06-05 23:01:10.755 W/ActivityManager( 1631): 	at com.android.server.am.ActivityManagerService.getActivityDisplayId(ActivityManagerService.java:9806)
06-05 23:01:10.755 W/ActivityManager( 1631): 	at android.app.ActivityManagerNative.onTransact(ActivityManagerNative.java:2566)
06-05 23:01:10.755 W/ActivityManager( 1631): 	at com.android.server.am.ActivityManagerService.onTransact(ActivityManagerService.java:2757)
06-05 23:01:10.755 W/ActivityManager( 1631): 	at android.os.Binder.execTransact(Binder.java:565)
06-05 23:01:10.756 W/ActivityManager( 1631): Bad activity token: android.os.BinderProxy@8d59aab
06-05 23:01:10.756 W/ActivityManager( 1631): java.lang.ClassCastException: android.os.BinderProxy cannot be cast to com.android.server.am.ActivityRecord$Token
06-05 23:01:10.756 W/ActivityManager( 1631): 	at com.android.server.am.ActivityRecord.forTokenLocked(ActivityRecord.java:586)
06-05 23:01:10.756 W/ActivityManager( 1631): 	at com.android.server.am.ActivityRecord.isInStackLocked(ActivityRecord.java:1327)
06-05 23:01:10.756 W/ActivityManager( 1631): 	at com.android.server.am.ActivityManagerService.setTaskDescription(ActivityManagerService.java:9358)
06-05 23:01:10.756 W/ActivityManager( 1631): 	at android.app.ActivityManagerNative.onTransact(ActivityManagerNative.java:2639)
06-05 23:01:10.756 W/ActivityManager( 1631): 	at com.android.server.am.ActivityManagerService.onTransact(ActivityManagerService.java:2757)
06-05 23:01:10.756 W/ActivityManager( 1631): 	at android.os.Binder.execTransact(Binder.java:565)
06-05 23:01:10.756 W/ActivityManager( 1631): Bad activity token: android.os.BinderProxy@8d59aab
06-05 23:01:10.756 W/ActivityManager( 1631): java.lang.ClassCastException: android.os.BinderProxy cannot be cast to com.android.server.am.ActivityRecord$Token
06-05 23:01:10.756 W/ActivityManager( 1631): 	at com.android.server.am.ActivityRecord.forTokenLocked(ActivityRecord.java:586)
06-05 23:01:10.756 W/ActivityManager( 1631): 	at com.android.server.am.ActivityRecord.isInStackLocked(ActivityRecord.java:1327)
06-05 23:01:10.756 W/ActivityManager( 1631): 	at com.android.server.am.ActivityRecord.getStackLocked(ActivityRecord.java:1332)
06-05 23:01:10.756 W/ActivityManager( 1631): 	at com.android.server.am.ActivityManagerService.getActivityStackId(ActivityManagerService.java:9817)
06-05 23:01:10.756 W/ActivityManager( 1631): 	at android.app.ActivityManagerNative.onTransact(ActivityManagerNative.java:2856)
06-05 23:01:10.756 W/ActivityManager( 1631): 	at com.android.server.am.ActivityManagerService.onTransact(ActivityManagerService.java:2757)
06-05 23:01:10.756 W/ActivityManager( 1631): 	at android.os.Binder.execTransact(Binder.java:565)
06-05 23:01:10.767 D/gralloc_ranchu( 1347): gralloc_alloc: Creating ashmem region of size 9023488
06-05 23:01:10.767 D/EGL_emulation( 1712): eglMakeCurrent: 0xb0685360: ver 2 0 (tinfo 0xb06836c0)
06-05 23:01:10.771 W/ActivityManager( 1631): Bad activity token: android.os.BinderProxy@8d59aab
06-05 23:01:10.771 W/ActivityManager( 1631): java.lang.ClassCastException: android.os.BinderProxy cannot be cast to com.android.server.am.ActivityRecord$Token
06-05 23:01:10.771 W/ActivityManager( 1631): 	at com.android.server.am.ActivityRecord.forTokenLocked(ActivityRecord.java:586)
06-05 23:01:10.771 W/ActivityManager( 1631): 	at com.android.server.am.ActivityRecord.isInStackLocked(ActivityRecord.java:1327)
06-05 23:01:10.771 W/ActivityManager( 1631): 	at com.android.server.am.ActivityManagerService.getActivityOptions(ActivityManagerService.java:12559)
06-05 23:01:10.771 W/ActivityManager( 1631): 	at android.app.ActivityManagerNative.onTransact(ActivityManagerNative.java:1933)
06-05 23:01:10.771 W/ActivityManager( 1631): 	at com.android.server.am.ActivityManagerService.onTransact(ActivityManagerService.java:2757)
06-05 23:01:10.771 W/ActivityManager( 1631): 	at android.os.Binder.execTransact(Binder.java:565)
06-05 23:01:10.771 W/ActivityManager( 1631): Bad activity token: android.os.BinderProxy@8d59aab
06-05 23:01:10.771 W/ActivityManager( 1631): java.lang.ClassCastException: android.os.BinderProxy cannot be cast to com.android.server.am.ActivityRecord$Token
06-05 23:01:10.771 W/ActivityManager( 1631): 	at com.android.server.am.ActivityRecord.forTokenLocked(ActivityRecord.java:586)
06-05 23:01:10.771 W/ActivityManager( 1631): 	at com.android.server.am.ActivityRecord.isInStackLocked(ActivityRecord.java:1327)
06-05 23:01:10.771 W/ActivityManager( 1631): 	at com.android.server.am.ActivityManagerService.getActivityOptions(ActivityManagerService.java:12559)
06-05 23:01:10.771 W/ActivityManager( 1631): 	at android.app.ActivityManagerNative.onTransact(ActivityManagerNative.java:1933)
06-05 23:01:10.771 W/ActivityManager( 1631): 	at com.android.server.am.ActivityManagerService.onTransact(ActivityManagerService.java:2757)
06-05 23:01:10.771 W/ActivityManager( 1631): 	at android.os.Binder.execTransact(Binder.java:565)
06-05 23:01:10.777 D/EGL_emulation( 1712): eglMakeCurrent: 0xb0685360: ver 2 0 (tinfo 0xb06836c0)
06-05 23:01:10.790 V/PhoneStatusBar( 1712): setLightsOn(true)
06-05 23:01:10.800 D/EGL_emulation( 1712): eglMakeCurrent: 0xb0685360: ver 2 0 (tinfo 0xb06836c0)
06-05 23:01:10.802 D/EGL_emulation( 1712): eglMakeCurrent: 0xb0685360: ver 2 0 (tinfo 0xb06836c0)
06-05 23:01:10.802 V/PhoneStatusBar( 1712): setLightsOn(true)
06-05 23:01:10.802 V/PhoneStatusBar( 1712): setLightsOn(true)
06-05 23:01:10.803 D/gralloc_ranchu( 1347): gralloc_alloc: Creating ashmem region of size 9023488
06-05 23:01:10.804 V/PhoneStatusBar( 1712): setLightsOn(true)
06-05 23:01:10.808 D/        (13768): HostConnection::get() New Host Connection established 0x9421f100, tid 13768
06-05 23:01:10.841 D/EGL_emulation( 2076): eglMakeCurrent: 0xb0685360: ver 2 0 (tinfo 0xb06836b0)
06-05 23:01:10.843 D/EGL_emulation( 1712): eglMakeCurrent: 0xb0685360: ver 2 0 (tinfo 0xb06836c0)
06-05 23:01:10.845 D/EGL_emulation( 1712): eglMakeCurrent: 0xb0685360: ver 2 0 (tinfo 0xb06836c0)
06-05 23:01:10.846 D/EGL_emulation( 1712): eglMakeCurrent: 0xb0685360: ver 2 0 (tinfo 0xb06836c0)
06-05 23:01:10.855 D/EGL_emulation( 1712): eglMakeCurrent: 0xb0685360: ver 2 0 (tinfo 0xb06836c0)
06-05 23:01:10.857 I/ActivityManager( 1631): Displayed com.evancharlton.mileage/.Mileage: +115ms
06-05 23:01:10.857 D/EGL_emulation( 1712): eglMakeCurrent: 0xb0685360: ver 2 0 (tinfo 0xb06836c0)
06-05 23:01:10.867 D/gralloc_ranchu( 1347): gralloc_alloc: Creating ashmem region of size 9023488
06-05 23:01:10.867 D/EGL_emulation( 1712): eglMakeCurrent: 0xb0685360: ver 2 0 (tinfo 0xb06836c0)
06-05 23:01:10.887 D/EGL_emulation( 1712): eglMakeCurrent: 0xb0685360: ver 2 0 (tinfo 0xb06836c0)
06-05 23:01:10.889 D/EGL_emulation( 1712): eglMakeCurrent: 0xb0685360: ver 2 0 (tinfo 0xb06836c0)
06-05 23:01:10.903 D/EGL_emulation( 1712): eglMakeCurrent: 0xb0685360: ver 2 0 (tinfo 0xb06836c0)
06-05 23:01:10.903 V/PhoneStatusBar( 1712): setLightsOn(true)
06-05 23:01:10.905 D/EGL_emulation( 1712): eglMakeCurrent: 0xb0685360: ver 2 0 (tinfo 0xb06836c0)
06-05 23:01:10.907 D/EGL_emulation( 1712): eglMakeCurrent: 0xb0685360: ver 2 0 (tinfo 0xb06836c0)
06-05 23:01:10.917 D/EGL_emulation( 1712): eglMakeCurrent: 0xb0685360: ver 2 0 (tinfo 0xb06836c0)
06-05 23:01:10.919 D/EGL_emulation( 1712): eglMakeCurrent: 0xb0685360: ver 2 0 (tinfo 0xb06836c0)
06-05 23:01:10.921 I/System.out(13768): URI: //map
06-05 23:01:10.921 I/System.out(13768): params: {json={"query":"* marked:'Statistics'","operation":{"method_name":"query","arguments":[]}}
06-05 23:01:10.921 I/System.out(13768): }
06-05 23:01:10.934 D/EGL_emulation( 1712): eglMakeCurrent: 0xb0685360: ver 2 0 (tinfo 0xb06836c0)
06-05 23:01:10.934 W/ResourceType(13768): No package identifier when getting name for resource number 0x00000001
06-05 23:01:10.935 D/EGL_emulation( 1712): eglMakeCurrent: 0xb0685360: ver 2 0 (tinfo 0xb06836c0)
06-05 23:01:10.947 I/System.out(13768): URI: //gesture
06-05 23:01:10.947 I/System.out(13768): params: {json={"query_timeout":5.0,"gestures":[{"query_string":"* marked:'Statistics'","touches":[{"x":50,"y":50,"offset_x":0,"offset_y":0,"wait":0.0,"time":0.2,"release":true,"query_string":null}]}]}
06-05 23:01:10.947 I/System.out(13768): }
06-05 23:01:10.950 D/EGL_emulation( 1712): eglMakeCurrent: 0xb0685360: ver 2 0 (tinfo 0xb06836c0)
06-05 23:01:10.952 W/ResourceType(13768): No package identifier when getting name for resource number 0x00000001
06-05 23:01:10.952 D/EGL_emulation( 1712): eglMakeCurrent: 0xb0685360: ver 2 0 (tinfo 0xb06836c0)
06-05 23:01:10.967 I/WindowManager( 1631): Destroying surface Surface(name=com.evancharlton.mileage/com.evancharlton.mileage.Mileage) called by com.android.server.wm.WindowStateAnimator.destroySurface:2016 com.android.server.wm.WindowStateAnimator.destroySurfaceLocked:882 com.android.server.wm.WindowState.removeLocked:1456 com.android.server.wm.WindowManagerService.removeWindowInnerLocked:2484 com.android.server.wm.AppWindowToken.destroySurfaces:365 com.android.server.wm.WindowStateAnimator.finishExit:565 com.android.server.wm.AppWindowAnimator.stepAnimationLocked:427 com.android.server.wm.WindowAnimator.updateAppWindowsLocked:196 
06-05 23:01:10.967 D/EGL_emulation( 1712): eglMakeCurrent: 0xb0685360: ver 2 0 (tinfo 0xb06836c0)
06-05 23:01:10.974 D/EGL_emulation( 1712): eglMakeCurrent: 0xb0685360: ver 2 0 (tinfo 0xb06836c0)
06-05 23:01:10.985 D/EGL_emulation( 1712): eglMakeCurrent: 0xb0685360: ver 2 0 (tinfo 0xb06836c0)
06-05 23:01:10.989 D/EGL_emulation( 1712): eglMakeCurrent: 0xb0685360: ver 2 0 (tinfo 0xb06836c0)
06-05 23:01:10.990 V/PhoneStatusBar( 1712): setLightsOn(true)
06-05 23:01:11.003 D/EGL_emulation( 1712): eglMakeCurrent: 0xb0685360: ver 2 0 (tinfo 0xb06836c0)
06-05 23:01:11.008 D/EGL_emulation( 1712): eglMakeCurrent: 0xb0685360: ver 2 0 (tinfo 0xb06836c0)
06-05 23:01:11.019 D/EGL_emulation( 1712): eglMakeCurrent: 0xb0685360: ver 2 0 (tinfo 0xb06836c0)
06-05 23:01:11.024 D/EGL_emulation( 1712): eglMakeCurrent: 0xb0685360: ver 2 0 (tinfo 0xb06836c0)
06-05 23:01:11.036 D/EGL_emulation( 1712): eglMakeCurrent: 0xb0685360: ver 2 0 (tinfo 0xb06836c0)
06-05 23:01:11.051 I/WindowManager( 1631): Destroying surface Surface(name=Starting com.evancharlton.mileage) called by com.android.server.wm.WindowStateAnimator.destroySurface:2016 com.android.server.wm.WindowStateAnimator.destroySurfaceLocked:882 com.android.server.wm.WindowState.destroyOrSaveSurface:2100 com.android.server.wm.AppWindowToken.destroySurfaces:363 com.android.server.wm.WindowStateAnimator.finishExit:565 com.android.server.wm.WindowStateAnimator.stepAnimationLocked:491 com.android.server.wm.WindowAnimator.updateWindowsLocked:303 com.android.server.wm.WindowAnimator.animateLocked:704 
06-05 23:01:11.054 V/PhoneStatusBar( 1712): setLightsOn(true)
06-05 23:01:11.058 V/PhoneStatusBar( 1712): setLightsOn(true)
06-05 23:01:11.189 I/calabash(13768): newActivity1
06-05 23:01:11.218 I/System.out(13768): URI: //map
06-05 23:01:11.218 I/System.out(13768): params: {json={"query":"android.widget.ScrollView index:0","operation":{"method_name":"query","arguments":[]}}
06-05 23:01:11.218 I/System.out(13768): }
06-05 23:01:11.223 W/ActivityManager( 1631): Bad activity token: android.os.BinderProxy@98ac44d
06-05 23:01:11.223 W/ActivityManager( 1631): java.lang.ClassCastException: android.os.BinderProxy cannot be cast to com.android.server.am.ActivityRecord$Token
06-05 23:01:11.223 W/ActivityManager( 1631): 	at com.android.server.am.ActivityRecord.forTokenLocked(ActivityRecord.java:586)
06-05 23:01:11.223 W/ActivityManager( 1631): 	at com.android.server.am.ActivityRecord.isInStackLocked(ActivityRecord.java:1327)
06-05 23:01:11.223 W/ActivityManager( 1631): 	at com.android.server.am.ActivityRecord.getStackLocked(ActivityRecord.java:1332)
06-05 23:01:11.223 W/ActivityManager( 1631): 	at com.android.server.am.ActivityManagerService.getActivityDisplayId(ActivityManagerService.java:9806)
06-05 23:01:11.223 W/ActivityManager( 1631): 	at android.app.ActivityManagerNative.onTransact(ActivityManagerNative.java:2566)
06-05 23:01:11.223 W/ActivityManager( 1631): 	at com.android.server.am.ActivityManagerService.onTransact(ActivityManagerService.java:2757)
06-05 23:01:11.223 W/ActivityManager( 1631): 	at android.os.Binder.execTransact(Binder.java:565)
06-05 23:01:11.224 W/ActivityManager( 1631): Bad activity token: android.os.BinderProxy@98ac44d
06-05 23:01:11.224 W/ActivityManager( 1631): java.lang.ClassCastException: android.os.BinderProxy cannot be cast to com.android.server.am.ActivityRecord$Token
06-05 23:01:11.224 W/ActivityManager( 1631): 	at com.android.server.am.ActivityRecord.forTokenLocked(ActivityRecord.java:586)
06-05 23:01:11.224 W/ActivityManager( 1631): 	at com.android.server.am.ActivityRecord.isInStackLocked(ActivityRecord.java:1327)
06-05 23:01:11.224 W/ActivityManager( 1631): 	at com.android.server.am.ActivityManagerService.setTaskDescription(ActivityManagerService.java:9358)
06-05 23:01:11.224 W/ActivityManager( 1631): 	at android.app.ActivityManagerNative.onTransact(ActivityManagerNative.java:2639)
06-05 23:01:11.224 W/ActivityManager( 1631): 	at com.android.server.am.ActivityManagerService.onTransact(ActivityManagerService.java:2757)
06-05 23:01:11.224 W/ActivityManager( 1631): 	at android.os.Binder.execTransact(Binder.java:565)
06-05 23:01:11.225 W/ActivityManager( 1631): Bad activity token: android.os.BinderProxy@98ac44d
06-05 23:01:11.225 W/ActivityManager( 1631): java.lang.ClassCastException: android.os.BinderProxy cannot be cast to com.android.server.am.ActivityRecord$Token
06-05 23:01:11.225 W/ActivityManager( 1631): 	at com.android.server.am.ActivityRecord.forTokenLocked(ActivityRecord.java:586)
06-05 23:01:11.225 W/ActivityManager( 1631): 	at com.android.server.am.ActivityRecord.isInStackLocked(ActivityRecord.java:1327)
06-05 23:01:11.225 W/ActivityManager( 1631): 	at com.android.server.am.ActivityRecord.getStackLocked(ActivityRecord.java:1332)
06-05 23:01:11.225 W/ActivityManager( 1631): 	at com.android.server.am.ActivityManagerService.getActivityStackId(ActivityManagerService.java:9817)
06-05 23:01:11.225 W/ActivityManager( 1631): 	at android.app.ActivityManagerNative.onTransact(ActivityManagerNative.java:2856)
06-05 23:01:11.225 W/ActivityManager( 1631): 	at com.android.server.am.ActivityManagerService.onTransact(ActivityManagerService.java:2757)
06-05 23:01:11.225 W/ActivityManager( 1631): 	at android.os.Binder.execTransact(Binder.java:565)
06-05 23:01:11.231 D/VehicleStatisticsActivity(13768): Checking recalculation ...
06-05 23:01:11.233 D/VehicleStatisticsActivity(13768): Recalculation not necessary.
06-05 23:01:11.234 W/ActivityManager( 1631): Bad activity token: android.os.BinderProxy@98ac44d
06-05 23:01:11.234 W/ActivityManager( 1631): java.lang.ClassCastException: android.os.BinderProxy cannot be cast to com.android.server.am.ActivityRecord$Token
06-05 23:01:11.234 W/ActivityManager( 1631): 	at com.android.server.am.ActivityRecord.forTokenLocked(ActivityRecord.java:586)
06-05 23:01:11.234 W/ActivityManager( 1631): 	at com.android.server.am.ActivityRecord.isInStackLocked(ActivityRecord.java:1327)
06-05 23:01:11.234 W/ActivityManager( 1631): 	at com.android.server.am.ActivityManagerService.getActivityOptions(ActivityManagerService.java:12559)
06-05 23:01:11.234 W/ActivityManager( 1631): 	at android.app.ActivityManagerNative.onTransact(ActivityManagerNative.java:1933)
06-05 23:01:11.234 W/ActivityManager( 1631): 	at com.android.server.am.ActivityManagerService.onTransact(ActivityManagerService.java:2757)
06-05 23:01:11.234 W/ActivityManager( 1631): 	at android.os.Binder.execTransact(Binder.java:565)
06-05 23:01:11.234 W/ActivityManager( 1631): Bad activity token: android.os.BinderProxy@98ac44d
06-05 23:01:11.234 W/ActivityManager( 1631): java.lang.ClassCastException: android.os.BinderProxy cannot be cast to com.android.server.am.ActivityRecord$Token
06-05 23:01:11.234 W/ActivityManager( 1631): 	at com.android.server.am.ActivityRecord.forTokenLocked(ActivityRecord.java:586)
06-05 23:01:11.234 W/ActivityManager( 1631): 	at com.android.server.am.ActivityRecord.isInStackLocked(ActivityRecord.java:1327)
06-05 23:01:11.234 W/ActivityManager( 1631): 	at com.android.server.am.ActivityManagerService.getActivityOptions(ActivityManagerService.java:12559)
06-05 23:01:11.234 W/ActivityManager( 1631): 	at android.app.ActivityManagerNative.onTransact(ActivityManagerNative.java:1933)
06-05 23:01:11.234 W/ActivityManager( 1631): 	at com.android.server.am.ActivityManagerService.onTransact(ActivityManagerService.java:2757)
06-05 23:01:11.234 W/ActivityManager( 1631): 	at android.os.Binder.execTransact(Binder.java:565)
06-05 23:01:11.236 D/VehicleStatisticsActivity(13768): Checking recalculation ...
06-05 23:01:11.236 D/VehicleStatisticsActivity(13768): Recalculation not necessary.
06-05 23:01:11.251 V/PhoneStatusBar( 1712): setLightsOn(true)
06-05 23:01:11.290 I/System.out(13768): URI: //map
06-05 23:01:11.290 I/System.out(13768): params: {json={"query":"android.widget.AbsListView index:0","operation":{"method_name":"query","arguments":[]}}
06-05 23:01:11.290 I/System.out(13768): }
06-05 23:01:11.295 I/art     (13768): Do partial code cache collection, code=30KB, data=29KB
06-05 23:01:11.295 I/art     (13768): After code cache collection, code=29KB, data=28KB
06-05 23:01:11.295 I/art     (13768): Increasing code cache capacity to 128KB
06-05 23:01:11.306 I/System.out(13768): URI: //map
06-05 23:01:11.306 I/System.out(13768): params: {json={"query":"android.widget.AbsListView index:0","operation":{"method_name":"query","arguments":[]}}
06-05 23:01:11.306 I/System.out(13768): }
06-05 23:01:11.319 I/System.out(13768): URI: //map
06-05 23:01:11.319 I/System.out(13768): params: {json={"query":"android.widget.AbsListView index:0","operation":{"method_name":"query","arguments":[]}}
06-05 23:01:11.319 I/System.out(13768): }
06-05 23:01:11.332 I/System.out(13768): URI: //map
06-05 23:01:11.332 I/System.out(13768): params: {json={"query":"android.widget.AbsListView index:0","operation":{"method_name":"query","arguments":["getFirstVisiblePosition"]}}
06-05 23:01:11.332 I/System.out(13768): }
06-05 23:01:11.343 I/System.out(13768): URI: //map
06-05 23:01:11.343 I/System.out(13768): params: {json={"query":"android.widget.AbsListView index:0","operation":{"method_name":"query","arguments":["getLastVisiblePosition"]}}
06-05 23:01:11.343 I/System.out(13768): }
06-05 23:01:11.355 I/System.out(13768): URI: //map
06-05 23:01:11.355 I/System.out(13768): params: {json={"query":"android.widget.AbsListView index:0","operation":{"method_name":"query","arguments":[{"method_name":"setSelection","arguments":[26]}]}}
06-05 23:01:11.355 I/System.out(13768): }
06-05 23:01:11.371 I/System.out(13768): URI: //map
06-05 23:01:11.371 I/System.out(13768): params: {json={"query":"* marked:'Fuel per year'","operation":{"method_name":"query","arguments":[]}}
06-05 23:01:11.371 I/System.out(13768): }
06-05 23:01:11.405 D/gralloc_ranchu( 1347): gralloc_alloc: Creating ashmem region of size 9023488
06-05 23:01:11.439 W/ResourceType(13768): No package identifier when getting name for resource number 0x00000001
06-05 23:01:11.449 I/System.out(13768): URI: //gesture
06-05 23:01:11.449 I/System.out(13768): params: {json={"query_timeout":5.0,"gestures":[{"query_string":"* marked:'Fuel per year'","touches":[{"x":50,"y":50,"offset_x":0,"offset_y":0,"wait":0.0,"time":0.2,"release":true,"query_string":null}]}]}
06-05 23:01:11.449 I/System.out(13768): }
06-05 23:01:11.453 W/ResourceType(13768): No package identifier when getting name for resource number 0x00000001
06-05 23:01:11.552 V/PhoneStatusBar( 1712): setLightsOn(true)
06-05 23:01:11.554 V/PhoneStatusBar( 1712): setLightsOn(true)
06-05 23:01:11.556 W/OpenGLRenderer( 2076): Incorrectly called buildLayer on View: ShortcutAndWidgetContainer, destroying layer...
06-05 23:01:11.569 V/PhoneStatusBar( 1712): setLightsOn(true)
06-05 23:01:11.570 I/WindowManager( 1631): Destroying surface Surface(name=com.android.launcher3/com.android.launcher3.Launcher) called by com.android.server.wm.WindowStateAnimator.destroySurface:2016 com.android.server.wm.WindowStateAnimator.destroySurfaceLocked:882 com.android.server.wm.WindowState.destroyOrSaveSurface:2100 com.android.server.wm.AppWindowToken.destroySurfaces:363 com.android.server.wm.AppWindowToken.notifyAppStopped:389 com.android.server.wm.WindowManagerService.notifyAppStopped:4463 com.android.server.am.ActivityStack.activityStoppedLocked:1252 com.android.server.am.ActivityManagerService.activityStopped:6903 
06-05 23:01:11.717 I/System.out(13768): URI: //map
06-05 23:01:11.717 I/System.out(13768): params: {json={"query":"* {text CONTAINS[c] 'No chart for this statistic (yet!)'}","operation":{"method_name":"query","arguments":[]}}
06-05 23:01:11.717 I/System.out(13768): }
06-05 23:01:11.773 V/PhoneStatusBar( 1712): setLightsOn(true)
06-05 23:01:11.784 V/PhoneStatusBar( 1712): setLightsOn(true)
06-05 23:01:11.800 D/gralloc_ranchu( 1347): gralloc_alloc: Creating ashmem region of size 327680
06-05 23:01:11.806 V/PhoneStatusBar( 1712): setLightsOn(true)
06-05 23:01:11.818 V/PhoneStatusBar( 1712): setLightsOn(true)
06-05 23:01:12.105 I/System.out(13768): URI: //map
06-05 23:01:12.105 I/System.out(13768): params: {json={"query":"* {text CONTAINS[c] 'No chart for this statistic (yet!)'}","operation":{"method_name":"query","arguments":[]}}
06-05 23:01:12.105 I/System.out(13768): }
