--------- beginning of main
06-05 15:50:00.311 D/AndroidRuntime(17770): >>>>>> START com.android.internal.os.RuntimeInit uid 2000 <<<<<<
06-05 15:50:00.311 D/AndroidRuntime(17770): CheckJNI is ON
06-05 15:50:00.323 W/art     (17770): Unexpected CPU variant for X86 using defaults: x86
06-05 15:50:00.324 D/ICU     (17770): No timezone override file found: /data/misc/zoneinfo/current/icu/icu_tzdata.dat
06-05 15:50:00.331 E/memtrack(17770): Couldn't load memtrack module (No such file or directory)
06-05 15:50:00.331 E/android.os.Debug(17770): failed to load memtrack module: -2
06-05 15:50:00.332 I/Radio-JNI(17770): register_android_hardware_Radio DONE
06-05 15:50:00.336 D/AndroidRuntime(17770): Calling main entry com.android.commands.am.Am
--------- beginning of system
06-05 15:50:00.337 I/ActivityManager( 1630): Force stopping com.evancharlton.mileage appid=10086 user=0: start instr
06-05 15:50:00.339 I/art     (17780): Not late-enabling -Xcheck:jni (already on)
06-05 15:50:00.339 W/art     (17780): Unexpected CPU variant for X86 using defaults: x86
06-05 15:50:00.347 I/ActivityManager( 1630): Start proc 17780:com.evancharlton.mileage/u0a86 for added application com.evancharlton.mileage
06-05 15:50:00.348 D/AndroidRuntime(17770): Shutting down VM
06-05 15:50:00.352 W/System  (17780): ClassLoader referenced unknown path: /data/app/com.evancharlton.mileage.test-1/lib/x86
06-05 15:50:00.352 W/System  (17780): ClassLoader referenced unknown path: /data/app/com.evancharlton.mileage-1/lib/x86
06-05 15:50:00.354 W/System  (17780): ClassLoader referenced unknown path: 
06-05 15:50:00.357 I/System.out(17780): Main activity name automatically set to: com.evancharlton.mileage.Mileage
06-05 15:50:00.357 I/System.out(17780): Calabash did not load Mono. This is only a problem if you are trying to test a Mono application
06-05 15:50:00.358 I/calabash(17780): Test server port: 7102
06-05 15:50:00.358 I/InstrumentationBackend(17780): Added:'GetPreferences', with key:'get_preferences'
06-05 15:50:00.359 W/OpenGLRenderer( 2099): Incorrectly called buildLayer on View: ShortcutAndWidgetContainer, destroying layer...
06-05 15:50:00.362 I/InstrumentationBackend(17780): Added:'SetPreferences', with key:'set_preferences'
06-05 15:50:00.362 I/InstrumentationBackend(17780): Added:'ClearPreferences', with key:'clear_preferences'
06-05 15:50:00.362 I/InstrumentationBackend(17780): Added:'PressElement', with key:'press_l10n_element'
06-05 15:50:00.362 I/InstrumentationBackend(17780): Added:'WaitForElement', with key:'wait_for_l10n_element'
06-05 15:50:00.362 I/InstrumentationBackend(17780): Added:'NullAction', with key:'nullAction'
06-05 15:50:00.362 I/InstrumentationBackend(17780): Added:'PressKey', with key:'press_key'
06-05 15:50:00.362 I/InstrumentationBackend(17780): Added:'SetActivityOrientation', with key:'set_activity_orientation'
06-05 15:50:00.362 I/InstrumentationBackend(17780): Added:'GetActivityOrientation', with key:'get_activity_orientation'
06-05 15:50:00.362 I/InstrumentationBackend(17780): Added:'FakeGPSLocation', with key:'set_gps_coordinates'
06-05 15:50:00.362 I/InstrumentationBackend(17780): Added:'SetPropertyByCssSelector', with key:'set_property_by_css_selector'
06-05 15:50:00.362 I/InstrumentationBackend(17780): Added:'GetUrl', with key:'get_url'
06-05 15:50:00.362 I/InstrumentationBackend(17780): Added:'ScrollTo', with key:'scroll_to'
06-05 15:50:00.362 I/InstrumentationBackend(17780): Added:'GetLoadProgress', with key:'get_load_progress'
06-05 15:50:00.362 I/InstrumentationBackend(17780): Added:'DumpHtml', with key:'dump_html'
06-05 15:50:00.362 I/InstrumentationBackend(17780): Added:'DumpBodyHtml', with key:'dump_body_html'
06-05 15:50:00.362 I/InstrumentationBackend(17780): Added:'EnterTextByCssSelector', with key:'enter_text_by_selector'
06-05 15:50:00.363 I/InstrumentationBackend(17780): Added:'AndroidSDKVersion', with key:'android_sdk_version'
06-05 15:50:00.363 I/InstrumentationBackend(17780): Added:'Version', with key:'version'
06-05 15:50:00.363 I/InstrumentationBackend(17780): Added:'Drag', with key:'drag'
06-05 15:50:00.363 I/InstrumentationBackend(17780): Added:'TouchCoordinates', with key:'touch_coordinate'
06-05 15:50:00.363 I/InstrumentationBackend(17780): Added:'LongPressCoordinate', with key:'long_press_coordinate'
06-05 15:50:00.363 I/InstrumentationBackend(17780): Added:'DragCoordinates', with key:'drag_coordinates'
06-05 15:50:00.363 I/InstrumentationBackend(17780): Added:'ResumeApplication', with key:'resume_application'
06-05 15:50:00.363 I/InstrumentationBackend(17780): Added:'Swipe', with key:'swipe'
06-05 15:50:00.363 I/InstrumentationBackend(17780): Added:'DoubleTapCoordinate', with key:'double_tap_coordinate'
06-05 15:50:00.363 I/InstrumentationBackend(17780): Added:'ClickOnScreen', with key:'click_on_screen'
06-05 15:50:00.363 I/InstrumentationBackend(17780): Added:'GetActivityName', with key:'get_activity_name'
06-05 15:50:00.363 I/InstrumentationBackend(17780): Added:'ScrollToView', with key:'scroll_to_view'
06-05 15:50:00.363 I/InstrumentationBackend(17780): Added:'ViewConfiguration', with key:'view_configuration'
06-05 15:50:00.363 I/InstrumentationBackend(17780): Added:'IsCurrentActivityFocused', with key:'is_current_activity_focused'
06-05 15:50:00.363 I/InstrumentationBackend(17780): Added:'SendTcp', with key:'send_tcp'
06-05 15:50:00.363 I/InstrumentationBackend(17780): Added:'DpToDevicePixel', with key:'dp_to_device_pixel'
06-05 15:50:00.364 I/InstrumentationBackend(17780): Added:'KeyboardEnterText', with key:'keyboard_enter_text'
06-05 15:50:00.364 I/InstrumentationBackend(17780): Added:'DeleteSurroundingText', with key:'delete_surrounding_text'
06-05 15:50:00.364 I/InstrumentationBackend(17780): Added:'SetComposingRegion', with key:'set_composing_region'
06-05 15:50:00.364 I/InstrumentationBackend(17780): Added:'SetSelection', with key:'set_selection'
06-05 15:50:00.364 I/InstrumentationBackend(17780): Added:'KeyboardKeyEvent', with key:'keyboard_key_event'
06-05 15:50:00.364 I/InstrumentationBackend(17780): Added:'PressUserActionButton', with key:'press_user_action_button'
06-05 15:50:00.364 I/InstrumentationBackend(17780): Added:'HideSoftKeyboard', with key:'hide_soft_keyboard'
06-05 15:50:00.364 I/InstrumentationBackend(17780): Added:'ListActions', with key:'list_actions'
06-05 15:50:00.364 I/calabash(17780): Instantiating http server at 7102
06-05 15:50:00.364 I/System.out(17780): HTTP Daemon listening on: 7102
06-05 15:50:00.456 I/System.out(17780): URI: //ping
06-05 15:50:00.457 I/System.out(17780): params: {json={}
06-05 15:50:00.457 I/System.out(17780): }
06-05 15:50:00.459 I/System.out(17780): URI: //ping
06-05 15:50:00.459 I/System.out(17780): params: {json={}
06-05 15:50:00.459 I/System.out(17780): }
06-05 15:50:00.460 I/System.out(17780): URI: //ready
06-05 15:50:00.460 I/System.out(17780): params: {json={}
06-05 15:50:00.460 I/System.out(17780): }
06-05 15:50:00.462 I/System.out(17780): URI: //
06-05 15:50:00.462 I/System.out(17780): params: {json={"command":"version","arguments":[]}
06-05 15:50:00.462 I/System.out(17780): }
06-05 15:50:00.462 I/System.out(17780): header: {content-type=application/json;charset=utf-8, date=Fri, 05 Jun 2020 20:50:00 GMT, accept=*/*, host=127.0.0.1:34784, content-length=36, user-agent=HTTPClient/1.0 (2.8.3, ruby 2.5.1 (2018-03-29))}
06-05 15:50:00.462 I/System.out(17780): params: {json={"command":"version","arguments":[]}
06-05 15:50:00.462 I/System.out(17780): }
06-05 15:50:00.462 I/System.out(17780): ProP json = {"command":"version","arguments":[]}
06-05 15:50:00.462 I/System.out(17780): files: {}
06-05 15:50:00.462 I/System.out(17780): command: {"command":"version","arguments":[]}
06-05 15:50:00.465 I/InstrumentationBackend(17780): Got command:'Command:'Line:null,version', arguments:'[]'
06-05 15:50:00.472 I/System.out(17780): result:{"bonusInformation":[],"message":"0.9.8","success":true}
06-05 15:50:00.474 I/System.out(17780): URI: //start-application
06-05 15:50:00.475 I/System.out(17780): params: {json={"intent":null}
06-05 15:50:00.475 I/System.out(17780): }
06-05 15:50:00.484 I/ActivityManager( 1630): START u0 {act=android.intent.action.MAIN cat=[android.intent.category.LAUNCHER] flg=0x10200000 cmp=com.evancharlton.mileage/.Mileage} from uid 10086 on display 0
06-05 15:50:00.489 I/calabash(17780): newActivity1
06-05 15:50:00.498 I/calabash(17780): newActivity1
06-05 15:50:00.499 W/ActivityManager( 1630): Bad activity token: android.os.BinderProxy@aff14bf
06-05 15:50:00.499 W/ActivityManager( 1630): java.lang.ClassCastException: android.os.BinderProxy cannot be cast to com.android.server.am.ActivityRecord$Token
06-05 15:50:00.499 W/ActivityManager( 1630): 	at com.android.server.am.ActivityRecord.forTokenLocked(ActivityRecord.java:586)
06-05 15:50:00.499 W/ActivityManager( 1630): 	at com.android.server.am.ActivityRecord.isInStackLocked(ActivityRecord.java:1327)
06-05 15:50:00.499 W/ActivityManager( 1630): 	at com.android.server.am.ActivityRecord.getStackLocked(ActivityRecord.java:1332)
06-05 15:50:00.499 W/ActivityManager( 1630): 	at com.android.server.am.ActivityManagerService.getActivityDisplayId(ActivityManagerService.java:9806)
06-05 15:50:00.499 W/ActivityManager( 1630): 	at android.app.ActivityManagerNative.onTransact(ActivityManagerNative.java:2566)
06-05 15:50:00.499 W/ActivityManager( 1630): 	at com.android.server.am.ActivityManagerService.onTransact(ActivityManagerService.java:2757)
06-05 15:50:00.499 W/ActivityManager( 1630): 	at android.os.Binder.execTransact(Binder.java:565)
06-05 15:50:00.500 W/ActivityManager( 1630): Bad activity token: android.os.BinderProxy@aff14bf
06-05 15:50:00.500 W/ActivityManager( 1630): java.lang.ClassCastException: android.os.BinderProxy cannot be cast to com.android.server.am.ActivityRecord$Token
06-05 15:50:00.500 W/ActivityManager( 1630): 	at com.android.server.am.ActivityRecord.forTokenLocked(ActivityRecord.java:586)
06-05 15:50:00.500 W/ActivityManager( 1630): 	at com.android.server.am.ActivityRecord.isInStackLocked(ActivityRecord.java:1327)
06-05 15:50:00.500 W/ActivityManager( 1630): 	at com.android.server.am.ActivityManagerService.setTaskDescription(ActivityManagerService.java:9358)
06-05 15:50:00.500 W/ActivityManager( 1630): 	at android.app.ActivityManagerNative.onTransact(ActivityManagerNative.java:2639)
06-05 15:50:00.500 W/ActivityManager( 1630): 	at com.android.server.am.ActivityManagerService.onTransact(ActivityManagerService.java:2757)
06-05 15:50:00.500 W/ActivityManager( 1630): 	at android.os.Binder.execTransact(Binder.java:565)
06-05 15:50:00.501 W/ActivityManager( 1630): Bad activity token: android.os.BinderProxy@aff14bf
06-05 15:50:00.501 W/ActivityManager( 1630): java.lang.ClassCastException: android.os.BinderProxy cannot be cast to com.android.server.am.ActivityRecord$Token
06-05 15:50:00.501 W/ActivityManager( 1630): 	at com.android.server.am.ActivityRecord.forTokenLocked(ActivityRecord.java:586)
06-05 15:50:00.501 W/ActivityManager( 1630): 	at com.android.server.am.ActivityRecord.isInStackLocked(ActivityRecord.java:1327)
06-05 15:50:00.501 W/ActivityManager( 1630): 	at com.android.server.am.ActivityRecord.getStackLocked(ActivityRecord.java:1332)
06-05 15:50:00.501 W/ActivityManager( 1630): 	at com.android.server.am.ActivityManagerService.getActivityStackId(ActivityManagerService.java:9817)
06-05 15:50:00.501 W/ActivityManager( 1630): 	at android.app.ActivityManagerNative.onTransact(ActivityManagerNative.java:2856)
06-05 15:50:00.501 W/ActivityManager( 1630): 	at com.android.server.am.ActivityManagerService.onTransact(ActivityManagerService.java:2757)
06-05 15:50:00.501 W/ActivityManager( 1630): 	at android.os.Binder.execTransact(Binder.java:565)
06-05 15:50:00.511 D/gralloc_ranchu( 1346): gralloc_alloc: Creating ashmem region of size 9023488
06-05 15:50:00.521 W/ActivityManager( 1630): Bad activity token: android.os.BinderProxy@aff14bf
06-05 15:50:00.521 W/ActivityManager( 1630): java.lang.ClassCastException: android.os.BinderProxy cannot be cast to com.android.server.am.ActivityRecord$Token
06-05 15:50:00.521 W/ActivityManager( 1630): 	at com.android.server.am.ActivityRecord.forTokenLocked(ActivityRecord.java:586)
06-05 15:50:00.521 W/ActivityManager( 1630): 	at com.android.server.am.ActivityRecord.isInStackLocked(ActivityRecord.java:1327)
06-05 15:50:00.521 W/ActivityManager( 1630): 	at com.android.server.am.ActivityManagerService.getActivityOptions(ActivityManagerService.java:12559)
06-05 15:50:00.521 W/ActivityManager( 1630): 	at android.app.ActivityManagerNative.onTransact(ActivityManagerNative.java:1933)
06-05 15:50:00.521 W/ActivityManager( 1630): 	at com.android.server.am.ActivityManagerService.onTransact(ActivityManagerService.java:2757)
06-05 15:50:00.521 W/ActivityManager( 1630): 	at android.os.Binder.execTransact(Binder.java:565)
06-05 15:50:00.521 W/ActivityManager( 1630): Bad activity token: android.os.BinderProxy@aff14bf
06-05 15:50:00.521 W/ActivityManager( 1630): java.lang.ClassCastException: android.os.BinderProxy cannot be cast to com.android.server.am.ActivityRecord$Token
06-05 15:50:00.521 W/ActivityManager( 1630): 	at com.android.server.am.ActivityRecord.forTokenLocked(ActivityRecord.java:586)
06-05 15:50:00.521 W/ActivityManager( 1630): 	at com.android.server.am.ActivityRecord.isInStackLocked(ActivityRecord.java:1327)
06-05 15:50:00.521 W/ActivityManager( 1630): 	at com.android.server.am.ActivityManagerService.getActivityOptions(ActivityManagerService.java:12559)
06-05 15:50:00.521 W/ActivityManager( 1630): 	at android.app.ActivityManagerNative.onTransact(ActivityManagerNative.java:1933)
06-05 15:50:00.521 W/ActivityManager( 1630): 	at com.android.server.am.ActivityManagerService.onTransact(ActivityManagerService.java:2757)
06-05 15:50:00.521 W/ActivityManager( 1630): 	at android.os.Binder.execTransact(Binder.java:565)
06-05 15:50:00.549 V/PhoneStatusBar( 1712): setLightsOn(true)
06-05 15:50:00.560 D/EGL_emulation( 1712): eglMakeCurrent: 0xb4085540: ver 2 0 (tinfo 0xb4083740)
06-05 15:50:00.560 V/PhoneStatusBar( 1712): setLightsOn(true)
06-05 15:50:00.561 V/PhoneStatusBar( 1712): setLightsOn(true)
06-05 15:50:00.564 D/gralloc_ranchu( 1346): gralloc_alloc: Creating ashmem region of size 9023488
06-05 15:50:00.570 D/        (17780): HostConnection::get() New Host Connection established 0xa4c7d540, tid 17780
06-05 15:50:00.621 D/EGL_emulation( 1712): eglMakeCurrent: 0xb4085540: ver 2 0 (tinfo 0xb4083740)
06-05 15:50:00.622 D/EGL_emulation( 2099): eglMakeCurrent: 0xb4085240: ver 2 0 (tinfo 0xb40832d0)
06-05 15:50:00.625 D/EGL_emulation( 1712): eglMakeCurrent: 0xb4085540: ver 2 0 (tinfo 0xb4083740)
06-05 15:50:00.626 V/PhoneStatusBar( 1712): setLightsOn(true)
06-05 15:50:00.628 D/EGL_emulation( 1712): eglMakeCurrent: 0xb4085540: ver 2 0 (tinfo 0xb4083740)
06-05 15:50:00.630 D/EGL_emulation( 1712): eglMakeCurrent: 0xb4085540: ver 2 0 (tinfo 0xb4083740)
06-05 15:50:00.643 D/EGL_emulation( 1712): eglMakeCurrent: 0xb4085540: ver 2 0 (tinfo 0xb4083740)
06-05 15:50:00.644 D/EGL_emulation( 1712): eglMakeCurrent: 0xb4085540: ver 2 0 (tinfo 0xb4083740)
06-05 15:50:00.645 V/PhoneStatusBar( 1712): setLightsOn(true)
06-05 15:50:00.660 D/gralloc_ranchu( 1346): gralloc_alloc: Creating ashmem region of size 9023488
06-05 15:50:00.660 D/EGL_emulation( 1712): eglMakeCurrent: 0xb4085540: ver 2 0 (tinfo 0xb4083740)
06-05 15:50:00.676 D/EGL_emulation( 1712): eglMakeCurrent: 0xb4085540: ver 2 0 (tinfo 0xb4083740)
06-05 15:50:00.677 I/ActivityManager( 1630): Displayed com.evancharlton.mileage/.Mileage: +191ms
06-05 15:50:00.678 D/EGL_emulation( 1712): eglMakeCurrent: 0xb4085540: ver 2 0 (tinfo 0xb4083740)
06-05 15:50:00.691 D/EGL_emulation( 1712): eglMakeCurrent: 0xb4085540: ver 2 0 (tinfo 0xb4083740)
06-05 15:50:00.692 V/PhoneStatusBar( 1712): setLightsOn(true)
06-05 15:50:00.695 D/EGL_emulation( 1712): eglMakeCurrent: 0xb4085540: ver 2 0 (tinfo 0xb4083740)
06-05 15:50:00.697 D/EGL_emulation( 1712): eglMakeCurrent: 0xb4085540: ver 2 0 (tinfo 0xb4083740)
06-05 15:50:00.710 D/EGL_emulation( 1712): eglMakeCurrent: 0xb4085540: ver 2 0 (tinfo 0xb4083740)
06-05 15:50:00.712 D/EGL_emulation( 1712): eglMakeCurrent: 0xb4085540: ver 2 0 (tinfo 0xb4083740)
06-05 15:50:00.712 V/PhoneStatusBar( 1712): setLightsOn(true)
06-05 15:50:00.726 D/EGL_emulation( 1712): eglMakeCurrent: 0xb4085540: ver 2 0 (tinfo 0xb4083740)
06-05 15:50:00.728 D/EGL_emulation( 1712): eglMakeCurrent: 0xb4085540: ver 2 0 (tinfo 0xb4083740)
06-05 15:50:00.732 I/System.out(17780): URI: //map
06-05 15:50:00.732 I/System.out(17780): params: {json={"query":"* marked:'Statistics'","operation":{"method_name":"query","arguments":[]}}
06-05 15:50:00.732 I/System.out(17780): }
06-05 15:50:00.743 D/EGL_emulation( 1712): eglMakeCurrent: 0xb4085540: ver 2 0 (tinfo 0xb4083740)
06-05 15:50:00.743 W/ResourceType(17780): No package identifier when getting name for resource number 0x00000001
06-05 15:50:00.745 D/EGL_emulation( 1712): eglMakeCurrent: 0xb4085540: ver 2 0 (tinfo 0xb4083740)
06-05 15:50:00.756 I/System.out(17780): URI: //gesture
06-05 15:50:00.756 I/System.out(17780): params: {json={"query_timeout":5.0,"gestures":[{"query_string":"* marked:'Statistics'","touches":[{"x":50,"y":50,"offset_x":0,"offset_y":0,"wait":0.0,"time":0.2,"release":true,"query_string":null}]}]}
06-05 15:50:00.756 I/System.out(17780): }
06-05 15:50:00.760 D/EGL_emulation( 1712): eglMakeCurrent: 0xb4085540: ver 2 0 (tinfo 0xb4083740)
06-05 15:50:00.760 W/ResourceType(17780): No package identifier when getting name for resource number 0x00000001
06-05 15:50:00.762 D/EGL_emulation( 1712): eglMakeCurrent: 0xb4085540: ver 2 0 (tinfo 0xb4083740)
06-05 15:50:00.789 D/EGL_emulation( 1712): eglMakeCurrent: 0xb4085540: ver 2 0 (tinfo 0xb4083740)
06-05 15:50:00.796 D/EGL_emulation( 1712): eglMakeCurrent: 0xb4085540: ver 2 0 (tinfo 0xb4083740)
06-05 15:50:00.816 D/EGL_emulation( 1712): eglMakeCurrent: 0xb4085540: ver 2 0 (tinfo 0xb4083740)
06-05 15:50:00.877 I/WindowManager( 1630): Destroying surface Surface(name=Starting com.evancharlton.mileage) called by com.android.server.wm.WindowStateAnimator.destroySurface:2016 com.android.server.wm.WindowStateAnimator.destroySurfaceLocked:882 com.android.server.wm.WindowState.destroyOrSaveSurface:2100 com.android.server.wm.AppWindowToken.destroySurfaces:363 com.android.server.wm.WindowStateAnimator.finishExit:565 com.android.server.wm.WindowStateAnimator.stepAnimationLocked:491 com.android.server.wm.WindowAnimator.updateWindowsLocked:303 com.android.server.wm.WindowAnimator.animateLocked:704 
06-05 15:50:00.881 V/PhoneStatusBar( 1712): setLightsOn(true)
06-05 15:50:00.911 V/PhoneStatusBar( 1712): setLightsOn(true)
06-05 15:50:00.995 I/calabash(17780): newActivity1
06-05 15:50:01.009 I/System.out(17780): URI: //map
06-05 15:50:01.009 V/PhoneStatusBar( 1712): setLightsOn(true)
06-05 15:50:01.009 I/System.out(17780): params: {json={"query":"* marked:'Average cost'","operation":{"method_name":"query","arguments":[]}}
06-05 15:50:01.009 I/System.out(17780): }
06-05 15:50:01.010 W/ActivityManager( 1630): Bad activity token: android.os.BinderProxy@df3c745
06-05 15:50:01.010 W/ActivityManager( 1630): java.lang.ClassCastException: android.os.BinderProxy cannot be cast to com.android.server.am.ActivityRecord$Token
06-05 15:50:01.010 W/ActivityManager( 1630): 	at com.android.server.am.ActivityRecord.forTokenLocked(ActivityRecord.java:586)
06-05 15:50:01.010 W/ActivityManager( 1630): 	at com.android.server.am.ActivityRecord.isInStackLocked(ActivityRecord.java:1327)
06-05 15:50:01.010 W/ActivityManager( 1630): 	at com.android.server.am.ActivityRecord.getStackLocked(ActivityRecord.java:1332)
06-05 15:50:01.010 W/ActivityManager( 1630): 	at com.android.server.am.ActivityManagerService.getActivityDisplayId(ActivityManagerService.java:9806)
06-05 15:50:01.010 W/ActivityManager( 1630): 	at android.app.ActivityManagerNative.onTransact(ActivityManagerNative.java:2566)
06-05 15:50:01.010 W/ActivityManager( 1630): 	at com.android.server.am.ActivityManagerService.onTransact(ActivityManagerService.java:2757)
06-05 15:50:01.010 W/ActivityManager( 1630): 	at android.os.Binder.execTransact(Binder.java:565)
06-05 15:50:01.011 W/ActivityManager( 1630): Bad activity token: android.os.BinderProxy@df3c745
06-05 15:50:01.011 W/ActivityManager( 1630): java.lang.ClassCastException: android.os.BinderProxy cannot be cast to com.android.server.am.ActivityRecord$Token
06-05 15:50:01.011 W/ActivityManager( 1630): 	at com.android.server.am.ActivityRecord.forTokenLocked(ActivityRecord.java:586)
06-05 15:50:01.011 W/ActivityManager( 1630): 	at com.android.server.am.ActivityRecord.isInStackLocked(ActivityRecord.java:1327)
06-05 15:50:01.011 W/ActivityManager( 1630): 	at com.android.server.am.ActivityManagerService.setTaskDescription(ActivityManagerService.java:9358)
06-05 15:50:01.011 W/ActivityManager( 1630): 	at android.app.ActivityManagerNative.onTransact(ActivityManagerNative.java:2639)
06-05 15:50:01.011 W/ActivityManager( 1630): 	at com.android.server.am.ActivityManagerService.onTransact(ActivityManagerService.java:2757)
06-05 15:50:01.011 W/ActivityManager( 1630): 	at android.os.Binder.execTransact(Binder.java:565)
06-05 15:50:01.012 W/ActivityManager( 1630): Bad activity token: android.os.BinderProxy@df3c745
06-05 15:50:01.012 W/ActivityManager( 1630): java.lang.ClassCastException: android.os.BinderProxy cannot be cast to com.android.server.am.ActivityRecord$Token
06-05 15:50:01.012 W/ActivityManager( 1630): 	at com.android.server.am.ActivityRecord.forTokenLocked(ActivityRecord.java:586)
06-05 15:50:01.012 W/ActivityManager( 1630): 	at com.android.server.am.ActivityRecord.isInStackLocked(ActivityRecord.java:1327)
06-05 15:50:01.012 W/ActivityManager( 1630): 	at com.android.server.am.ActivityRecord.getStackLocked(ActivityRecord.java:1332)
06-05 15:50:01.012 W/ActivityManager( 1630): 	at com.android.server.am.ActivityManagerService.getActivityStackId(ActivityManagerService.java:9817)
06-05 15:50:01.012 W/ActivityManager( 1630): 	at android.app.ActivityManagerNative.onTransact(ActivityManagerNative.java:2856)
06-05 15:50:01.012 W/ActivityManager( 1630): 	at com.android.server.am.ActivityManagerService.onTransact(ActivityManagerService.java:2757)
06-05 15:50:01.012 W/ActivityManager( 1630): 	at android.os.Binder.execTransact(Binder.java:565)
06-05 15:50:01.017 D/VehicleStatisticsActivity(17780): Checking recalculation ...
06-05 15:50:01.017 D/VehicleStatisticsActivity(17780): Recalculating statistics
06-05 15:50:01.017 D/VehicleStatisticsTask(17780): Calculation starting...
06-05 15:50:01.017 D/VehicleStatisticsActivity(17780): Recalculation started!
06-05 15:50:01.018 W/ResourceType(17780): No package identifier when getting value for resource number 0x00000000
06-05 15:50:01.018 D/AndroidRuntime(17780): Shutting down VM
--------- beginning of crash
06-05 15:50:01.018 E/AndroidRuntime(17780): FATAL EXCEPTION: main
06-05 15:50:01.018 E/AndroidRuntime(17780): Process: com.evancharlton.mileage, PID: 17780
06-05 15:50:01.018 E/AndroidRuntime(17780): java.lang.RuntimeException: Unable to start activity ComponentInfo{com.evancharlton.mileage/com.evancharlton.mileage.VehicleStatisticsActivity}: android.content.res.Resources$NotFoundException: String resource ID #0x0
06-05 15:50:01.018 E/AndroidRuntime(17780): 	at android.app.ActivityThread.performLaunchActivity(ActivityThread.java:2646)
06-05 15:50:01.018 E/AndroidRuntime(17780): 	at android.app.ActivityThread.startActivityNow(ActivityThread.java:2446)
06-05 15:50:01.018 E/AndroidRuntime(17780): 	at android.app.LocalActivityManager.moveToState(LocalActivityManager.java:136)
06-05 15:50:01.018 E/AndroidRuntime(17780): 	at android.app.LocalActivityManager.startActivity(LocalActivityManager.java:348)
06-05 15:50:01.018 E/AndroidRuntime(17780): 	at android.widget.TabHost$IntentContentStrategy.getContentView(TabHost.java:724)
06-05 15:50:01.018 E/AndroidRuntime(17780): 	at android.widget.TabHost.setCurrentTab(TabHost.java:388)
06-05 15:50:01.018 E/AndroidRuntime(17780): 	at android.widget.TabHost$2.onTabSelectionChanged(TabHost.java:158)
06-05 15:50:01.018 E/AndroidRuntime(17780): 	at android.widget.TabWidget$TabClickListener.onClick(TabWidget.java:532)
06-05 15:50:01.018 E/AndroidRuntime(17780): 	at android.view.View.performClick(View.java:5610)
06-05 15:50:01.018 E/AndroidRuntime(17780): 	at android.view.View$PerformClick.run(View.java:22265)
06-05 15:50:01.018 E/AndroidRuntime(17780): 	at android.os.Handler.handleCallback(Handler.java:751)
06-05 15:50:01.018 E/AndroidRuntime(17780): 	at android.os.Handler.dispatchMessage(Handler.java:95)
06-05 15:50:01.018 E/AndroidRuntime(17780): 	at android.os.Looper.loop(Looper.java:154)
06-05 15:50:01.018 E/AndroidRuntime(17780): 	at android.app.ActivityThread.main(ActivityThread.java:6077)
06-05 15:50:01.018 E/AndroidRuntime(17780): 	at java.lang.reflect.Method.invoke(Native Method)
06-05 15:50:01.018 E/AndroidRuntime(17780): 	at com.android.internal.os.ZygoteInit$MethodAndArgsCaller.run(ZygoteInit.java:866)
06-05 15:50:01.018 E/AndroidRuntime(17780): 	at com.android.internal.os.ZygoteInit.main(ZygoteInit.java:756)
06-05 15:50:01.018 E/AndroidRuntime(17780): Caused by: android.content.res.Resources$NotFoundException: String resource ID #0x0
06-05 15:50:01.018 E/AndroidRuntime(17780): 	at android.content.res.Resources.getText(Resources.java:331)
06-05 15:50:01.018 E/AndroidRuntime(17780): 	at android.content.res.Resources.getString(Resources.java:377)
06-05 15:50:01.018 E/AndroidRuntime(17780): 	at android.content.Context.getString(Context.java:476)
06-05 15:50:01.018 E/AndroidRuntime(17780): 	at com.evancharlton.mileage.provider.Statistic.getLabel(Statistic.java:37)
06-05 15:50:01.018 E/AndroidRuntime(17780): 	at com.evancharlton.mileage.adapters.VehicleStatisticsAdapter$StatisticHolder.<init>(VehicleStatisticsAdapter.java:203)
06-05 15:50:01.018 E/AndroidRuntime(17780): 	at com.evancharlton.mileage.adapters.VehicleStatisticsAdapter.<init>(VehicleStatisticsAdapter.java:50)
06-05 15:50:01.018 E/AndroidRuntime(17780): 	at com.evancharlton.mileage.VehicleStatisticsActivity.setAdapter(VehicleStatisticsActivity.java:197)
06-05 15:50:01.018 E/AndroidRuntime(17780): 	at com.evancharlton.mileage.VehicleStatisticsActivity.recalculate(VehicleStatisticsActivity.java:175)
06-05 15:50:01.018 E/AndroidRuntime(17780): 	at com.evancharlton.mileage.VehicleStatisticsActivity.onCreate(VehicleStatisticsActivity.java:131)
06-05 15:50:01.018 E/AndroidRuntime(17780): 	at android.app.Activity.performCreate(Activity.java:6662)
06-05 15:50:01.018 E/AndroidRuntime(17780): 	at android.app.Instrumentation.callActivityOnCreate(Instrumentation.java:1118)
06-05 15:50:01.018 E/AndroidRuntime(17780): 	at android.app.ActivityThread.performLaunchActivity(ActivityThread.java:2599)
06-05 15:50:01.018 E/AndroidRuntime(17780): 	... 16 more
06-05 15:50:01.019 I/Process (17780): Sending signal. PID: 17780 SIG: 9
06-05 15:50:01.053 I/ActivityManager( 1630): Process com.evancharlton.mileage (pid 17780) has died
06-05 15:50:01.053 D/ActivityManager( 1630): cleanUpApplicationRecord -- 17780
06-05 15:50:01.053 W/ActivityManager( 1630): Scheduling restart of crashed service com.evancharlton.mileage/.services.AutomaticBackupService in 1000ms
06-05 15:50:01.053 W/ActivityManager( 1630): Force removing ActivityRecord{6b1df4 u0 com.evancharlton.mileage/.Mileage t292}: app died, no saved state
06-05 15:50:01.053 W/InputDispatcher( 1630): channel '40bec24 com.evancharlton.mileage/com.evancharlton.mileage.Mileage (server)' ~ Consumer closed input channel or an error occurred.  events=0x9
06-05 15:50:01.053 E/InputDispatcher( 1630): channel '40bec24 com.evancharlton.mileage/com.evancharlton.mileage.Mileage (server)' ~ Channel is unrecoverably broken and will be disposed!
06-05 15:50:01.059 I/WindowManager( 1630): WIN DEATH: Window{40bec24 u0 com.evancharlton.mileage/com.evancharlton.mileage.Mileage}
06-05 15:50:01.059 W/InputDispatcher( 1630): Attempted to unregister already unregistered input channel '40bec24 com.evancharlton.mileage/com.evancharlton.mileage.Mileage (server)'
06-05 15:50:01.059 I/WindowManager( 1630): Destroying surface Surface(name=com.evancharlton.mileage/com.evancharlton.mileage.Mileage) called by com.android.server.wm.WindowStateAnimator.destroySurface:2016 com.android.server.wm.WindowStateAnimator.destroySurfaceLocked:882 com.android.server.wm.WindowState.removeLocked:1456 com.android.server.wm.WindowManagerService.removeWindowInnerLocked:2484 com.android.server.wm.WindowManagerService.removeWindowLocked:2442 com.android.server.wm.WindowState$DeathRecipient.binderDied:1787 android.os.BinderProxy.sendDeathNotice:688 <bottom of call stack> 
06-05 15:50:01.078 W/ActivityManager( 1630): Crash of app com.evancharlton.mileage running instrumentation ComponentInfo{com.evancharlton.mileage.test/sh.calaba.instrumentationbackend.CalabashInstrumentationTestRunner}
06-05 15:50:01.078 I/ActivityManager( 1630): Force stopping com.evancharlton.mileage appid=10086 user=0: finished inst
06-05 15:50:01.078 I/ActivityManager( 1630):   Force stopping service ServiceRecord{50e92c1 u0 com.evancharlton.mileage/.services.AutomaticBackupService}
06-05 15:50:01.080 V/PhoneStatusBar( 1712): setLightsOn(true)
06-05 15:50:01.127 D/EGL_emulation( 1712): eglMakeCurrent: 0xb4085540: ver 2 0 (tinfo 0xb4083740)
06-05 15:50:01.129 D/EGL_emulation( 2099): eglMakeCurrent: 0xb4085240: ver 2 0 (tinfo 0xb40832d0)
06-05 15:50:01.143 D/EGL_emulation( 1712): eglMakeCurrent: 0xb4085540: ver 2 0 (tinfo 0xb4083740)
06-05 15:50:01.145 D/EGL_emulation( 1712): eglMakeCurrent: 0xb4085540: ver 2 0 (tinfo 0xb4083740)
06-05 15:50:01.160 D/EGL_emulation( 1712): eglMakeCurrent: 0xb4085540: ver 2 0 (tinfo 0xb4083740)
06-05 15:50:01.160 E/SurfaceFlinger( 1346): ro.sf.lcd_density must be defined as a build property
06-05 15:50:01.161 D/EGL_emulation( 1712): eglMakeCurrent: 0xb4085540: ver 2 0 (tinfo 0xb4083740)
06-05 15:50:01.163 D/gralloc_ranchu( 1346): gralloc_alloc: Creating ashmem region of size 9592832
06-05 15:50:01.169 D/        (17812): HostConnection::get() New Host Connection established 0xb4f9b2c0, tid 17812
06-05 15:50:01.172 E/EGL_emulation( 1346): tid 1346: eglCreateSyncKHR(1901): error 0x3004 (EGL_BAD_ATTRIBUTE)
06-05 15:50:01.197 D/EGL_emulation( 1712): eglMakeCurrent: 0xb4085540: ver 2 0 (tinfo 0xb4083740)
06-05 15:50:01.199 D/EGL_emulation( 1712): eglMakeCurrent: 0xb4085540: ver 2 0 (tinfo 0xb4083740)
06-05 15:50:01.201 D/EGL_emulation( 1712): eglMakeCurrent: 0xb4085540: ver 2 0 (tinfo 0xb4083740)
06-05 15:50:01.203 D/EGL_emulation( 1712): eglMakeCurrent: 0xb4085540: ver 2 0 (tinfo 0xb4083740)
06-05 15:50:01.210 D/EGL_emulation( 1712): eglMakeCurrent: 0xb4085540: ver 2 0 (tinfo 0xb4083740)
06-05 15:50:01.212 D/EGL_emulation( 1712): eglMakeCurrent: 0xb4085540: ver 2 0 (tinfo 0xb4083740)
06-05 15:50:01.226 D/EGL_emulation( 1712): eglMakeCurrent: 0xb4085540: ver 2 0 (tinfo 0xb4083740)
06-05 15:50:01.228 D/EGL_emulation( 1712): eglMakeCurrent: 0xb4085540: ver 2 0 (tinfo 0xb4083740)
06-05 15:50:01.243 D/EGL_emulation( 1712): eglMakeCurrent: 0xb4085540: ver 2 0 (tinfo 0xb4083740)
06-05 15:50:01.244 D/EGL_emulation( 1712): eglMakeCurrent: 0xb4085540: ver 2 0 (tinfo 0xb4083740)
06-05 15:50:01.260 D/EGL_emulation( 1712): eglMakeCurrent: 0xb4085540: ver 2 0 (tinfo 0xb4083740)
06-05 15:50:01.262 D/EGL_emulation( 1712): eglMakeCurrent: 0xb4085540: ver 2 0 (tinfo 0xb4083740)
06-05 15:50:01.277 D/EGL_emulation( 1712): eglMakeCurrent: 0xb4085540: ver 2 0 (tinfo 0xb4083740)
06-05 15:50:01.279 D/EGL_emulation( 1712): eglMakeCurrent: 0xb4085540: ver 2 0 (tinfo 0xb4083740)
06-05 15:50:01.293 D/EGL_emulation( 1712): eglMakeCurrent: 0xb4085540: ver 2 0 (tinfo 0xb4083740)
06-05 15:50:01.295 D/EGL_emulation( 1712): eglMakeCurrent: 0xb4085540: ver 2 0 (tinfo 0xb4083740)
06-05 15:50:01.326 D/EGL_emulation( 1712): eglMakeCurrent: 0xb4085540: ver 2 0 (tinfo 0xb4083740)
06-05 15:50:01.328 D/EGL_emulation( 1712): eglMakeCurrent: 0xb4085540: ver 2 0 (tinfo 0xb4083740)
06-05 15:50:01.343 D/EGL_emulation( 1712): eglMakeCurrent: 0xb4085540: ver 2 0 (tinfo 0xb4083740)
