--------- beginning of system
06-05 19:59:29.482 W/ActivityManager( 1629): Finishing task with all activities already finished
06-05 19:59:29.482 W/ActivityManager( 1629): Duplicate finish request for ActivityRecord{dd60ebb u0 com.evancharlton.mileage/.Mileage t4458 f}
--------- beginning of main
06-05 19:59:29.484 V/PhoneStatusBar( 1711): setLightsOn(true)
06-05 19:59:29.488 D/gralloc_ranchu( 1348): gralloc_alloc: Creating ashmem region of size 3145728
06-05 19:59:29.492 E/EGL_emulation( 1348): tid 1348: eglCreateSyncKHR(1901): error 0x3004 (EGL_BAD_ATTRIBUTE)
06-05 19:59:29.503 W/ActivityManager( 1629): Finishing task with all activities already finished
06-05 19:59:29.503 W/ActivityManager( 1629): Duplicate finish request for ActivityRecord{dd60ebb u0 com.evancharlton.mileage/.Mileage t4458 f}
06-05 19:59:29.503 W/ActivityManager( 1629): Finishing task with all activities already finished
06-05 19:59:29.503 W/ActivityManager( 1629): Duplicate finish request for ActivityRecord{dd60ebb u0 com.evancharlton.mileage/.Mileage t4458 f}
06-05 19:59:29.504 W/ActivityManager( 1629): Finishing task with all activities already finished
06-05 19:59:29.504 W/ActivityManager( 1629): Duplicate finish request for ActivityRecord{dd60ebb u0 com.evancharlton.mileage/.Mileage t4458 f}
06-05 19:59:29.504 W/ActivityManager( 1629): Finishing task with all activities already finished
06-05 19:59:29.504 W/ActivityManager( 1629): Duplicate finish request for ActivityRecord{dd60ebb u0 com.evancharlton.mileage/.Mileage t4458 f}
06-05 19:59:29.504 W/ActivityManager( 1629): Finishing task with all activities already finished
06-05 19:59:29.504 W/ActivityManager( 1629): Duplicate finish request for ActivityRecord{515b64d u0 com.evancharlton.mileage/.charts.AveragePriceChart t4458 f}
06-05 19:59:29.504 W/ActivityManager( 1629): Finishing task with all activities already finished
06-05 19:59:29.504 W/ActivityManager( 1629): Duplicate finish request for ActivityRecord{515b64d u0 com.evancharlton.mileage/.charts.AveragePriceChart t4458 f}
06-05 19:59:29.504 W/ActivityManager( 1629): Finishing task with all activities already finished
06-05 19:59:29.504 W/ActivityManager( 1629): Duplicate finish request for ActivityRecord{dd60ebb u0 com.evancharlton.mileage/.Mileage t4458 f}
06-05 19:59:29.504 W/ActivityManager( 1629): Finishing task with all activities already finished
06-05 19:59:29.504 W/ActivityManager( 1629): Duplicate finish request for ActivityRecord{dd60ebb u0 com.evancharlton.mileage/.Mileage t4458 f}
06-05 19:59:29.553 D/EGL_emulation( 2147): eglMakeCurrent: 0xa3805360: ver 2 0 (tinfo 0xa3803630)
06-05 19:59:29.569 D/EGL_emulation( 1711): eglMakeCurrent: 0x9f1709c0: ver 2 0 (tinfo 0xa0e61d00)
06-05 19:59:29.585 D/EGL_emulation( 1711): eglMakeCurrent: 0x9f1709c0: ver 2 0 (tinfo 0xa0e61d00)
06-05 19:59:29.587 D/EGL_emulation( 1711): eglMakeCurrent: 0x9f1709c0: ver 2 0 (tinfo 0xa0e61d00)
06-05 19:59:29.601 D/EGL_emulation( 1711): eglMakeCurrent: 0x9f1709c0: ver 2 0 (tinfo 0xa0e61d00)
06-05 19:59:29.603 D/EGL_emulation( 1711): eglMakeCurrent: 0x9f1709c0: ver 2 0 (tinfo 0xa0e61d00)
06-05 19:59:29.618 D/EGL_emulation( 1711): eglMakeCurrent: 0x9f1709c0: ver 2 0 (tinfo 0xa0e61d00)
06-05 19:59:29.619 D/EGL_emulation( 1711): eglMakeCurrent: 0x9f1709c0: ver 2 0 (tinfo 0xa0e61d00)
06-05 19:59:29.635 D/EGL_emulation( 1711): eglMakeCurrent: 0x9f1709c0: ver 2 0 (tinfo 0xa0e61d00)
06-05 19:59:29.636 D/EGL_emulation( 1711): eglMakeCurrent: 0x9f1709c0: ver 2 0 (tinfo 0xa0e61d00)
06-05 19:59:29.651 D/EGL_emulation( 1711): eglMakeCurrent: 0x9f1709c0: ver 2 0 (tinfo 0xa0e61d00)
06-05 19:59:29.653 D/EGL_emulation( 1711): eglMakeCurrent: 0x9f1709c0: ver 2 0 (tinfo 0xa0e61d00)
06-05 19:59:29.662 D/AndroidRuntime(20425): >>>>>> START com.android.internal.os.RuntimeInit uid 2000 <<<<<<
06-05 19:59:29.662 D/AndroidRuntime(20425): CheckJNI is ON
06-05 19:59:29.668 D/EGL_emulation( 1711): eglMakeCurrent: 0x9f1709c0: ver 2 0 (tinfo 0xa0e61d00)
06-05 19:59:29.669 D/EGL_emulation( 1711): eglMakeCurrent: 0x9f1709c0: ver 2 0 (tinfo 0xa0e61d00)
06-05 19:59:29.673 W/art     (20425): Unexpected CPU variant for X86 using defaults: x86
06-05 19:59:29.675 D/ICU     (20425): No timezone override file found: /data/misc/zoneinfo/current/icu/icu_tzdata.dat
06-05 19:59:29.682 E/memtrack(20425): Couldn't load memtrack module (No such file or directory)
06-05 19:59:29.682 E/android.os.Debug(20425): failed to load memtrack module: -2
06-05 19:59:29.683 I/Radio-JNI(20425): register_android_hardware_Radio DONE
06-05 19:59:29.685 D/EGL_emulation( 1711): eglMakeCurrent: 0x9f1709c0: ver 2 0 (tinfo 0xa0e61d00)
06-05 19:59:29.686 D/EGL_emulation( 1711): eglMakeCurrent: 0x9f1709c0: ver 2 0 (tinfo 0xa0e61d00)
06-05 19:59:29.687 D/AndroidRuntime(20425): Calling main entry com.android.commands.am.Am
06-05 19:59:29.688 I/ActivityManager( 1629): Force stopping com.evancharlton.mileage appid=10196 user=0: start instr
06-05 19:59:29.688 I/ActivityManager( 1629): Killing 20373:com.evancharlton.mileage/u0a196 (adj 0): stop com.evancharlton.mileage
06-05 19:59:29.688 D/ActivityManager( 1629): cleanUpApplicationRecord -- 20373
06-05 19:59:29.690 I/WindowManager( 1629): Destroying surface Surface(name=com.evancharlton.mileage/com.evancharlton.mileage.charts.AveragePriceChart) called by com.android.server.wm.WindowStateAnimator.destroySurface:2016 com.android.server.wm.WindowStateAnimator.destroySurfaceLocked:882 com.android.server.wm.WindowState.removeLocked:1456 com.android.server.wm.WindowManagerService.removeWindowInnerLocked:2484 com.android.server.wm.WindowManagerService.removeWindowLocked:2442 com.android.server.wm.WindowManagerService.removeWindowLocked:2311 com.android.server.wm.AppWindowToken.removeAllWindows:530 com.android.server.wm.AppWindowToken.removeAppFromTaskLocked:326 
06-05 19:59:29.691 W/ActivityManager( 1629): Crash of app com.evancharlton.mileage running instrumentation ComponentInfo{com.evancharlton.mileage.test/sh.calaba.instrumentationbackend.CalabashInstrumentationTestRunner}
06-05 19:59:29.691 I/ActivityManager( 1629): Force stopping com.evancharlton.mileage appid=10196 user=0: finished inst
06-05 19:59:29.694 I/art     (20435): Not late-enabling -Xcheck:jni (already on)
06-05 19:59:29.694 W/art     (20435): Unexpected CPU variant for X86 using defaults: x86
06-05 19:59:29.701 D/EGL_emulation( 1711): eglMakeCurrent: 0x9f1709c0: ver 2 0 (tinfo 0xa0e61d00)
06-05 19:59:29.702 I/ActivityManager( 1629): Start proc 20435:com.evancharlton.mileage/u0a196 for added application com.evancharlton.mileage
06-05 19:59:29.702 D/AndroidRuntime(20425): Shutting down VM
06-05 19:59:29.703 D/EGL_emulation( 1711): eglMakeCurrent: 0x9f1709c0: ver 2 0 (tinfo 0xa0e61d00)
06-05 19:59:29.706 W/System  (20435): ClassLoader referenced unknown path: /data/app/com.evancharlton.mileage.test-1/lib/x86
06-05 19:59:29.706 W/System  (20435): ClassLoader referenced unknown path: /data/app/com.evancharlton.mileage-1/lib/x86
06-05 19:59:29.708 W/System  (20435): ClassLoader referenced unknown path: 
06-05 19:59:29.712 I/System.out(20435): Main activity name automatically set to: com.evancharlton.mileage.Mileage
06-05 19:59:29.712 I/System.out(20435): Calabash did not load Mono. This is only a problem if you are trying to test a Mono application
06-05 19:59:29.712 I/calabash(20435): Test server port: 7102
06-05 19:59:29.713 I/InstrumentationBackend(20435): Added:'GetPreferences', with key:'get_preferences'
06-05 19:59:29.718 D/EGL_emulation( 1711): eglMakeCurrent: 0x9f1709c0: ver 2 0 (tinfo 0xa0e61d00)
06-05 19:59:29.718 I/InstrumentationBackend(20435): Added:'SetPreferences', with key:'set_preferences'
06-05 19:59:29.718 I/InstrumentationBackend(20435): Added:'ClearPreferences', with key:'clear_preferences'
06-05 19:59:29.718 I/InstrumentationBackend(20435): Added:'PressElement', with key:'press_l10n_element'
06-05 19:59:29.718 I/InstrumentationBackend(20435): Added:'WaitForElement', with key:'wait_for_l10n_element'
06-05 19:59:29.718 I/InstrumentationBackend(20435): Added:'NullAction', with key:'nullAction'
06-05 19:59:29.719 I/InstrumentationBackend(20435): Added:'PressKey', with key:'press_key'
06-05 19:59:29.719 I/InstrumentationBackend(20435): Added:'SetActivityOrientation', with key:'set_activity_orientation'
06-05 19:59:29.719 I/InstrumentationBackend(20435): Added:'GetActivityOrientation', with key:'get_activity_orientation'
06-05 19:59:29.719 I/InstrumentationBackend(20435): Added:'FakeGPSLocation', with key:'set_gps_coordinates'
06-05 19:59:29.719 I/InstrumentationBackend(20435): Added:'SetPropertyByCssSelector', with key:'set_property_by_css_selector'
06-05 19:59:29.719 I/InstrumentationBackend(20435): Added:'GetUrl', with key:'get_url'
06-05 19:59:29.719 I/InstrumentationBackend(20435): Added:'ScrollTo', with key:'scroll_to'
06-05 19:59:29.719 I/InstrumentationBackend(20435): Added:'GetLoadProgress', with key:'get_load_progress'
06-05 19:59:29.720 I/InstrumentationBackend(20435): Added:'DumpHtml', with key:'dump_html'
06-05 19:59:29.720 D/EGL_emulation( 1711): eglMakeCurrent: 0x9f1709c0: ver 2 0 (tinfo 0xa0e61d00)
06-05 19:59:29.721 I/InstrumentationBackend(20435): Added:'DumpBodyHtml', with key:'dump_body_html'
06-05 19:59:29.721 I/InstrumentationBackend(20435): Added:'EnterTextByCssSelector', with key:'enter_text_by_selector'
06-05 19:59:29.721 W/InputDispatcher( 1629): channel '9900c6 com.evancharlton.mileage/com.evancharlton.mileage.Mileage (server)' ~ Consumer closed input channel or an error occurred.  events=0x9
06-05 19:59:29.721 E/InputDispatcher( 1629): channel '9900c6 com.evancharlton.mileage/com.evancharlton.mileage.Mileage (server)' ~ Channel is unrecoverably broken and will be disposed!
06-05 19:59:29.721 I/WindowManager( 1629): WIN DEATH: Window{9900c6 u0 com.evancharlton.mileage/com.evancharlton.mileage.Mileage EXITING}
06-05 19:59:29.721 W/InputDispatcher( 1629): Attempted to unregister already unregistered input channel '9900c6 com.evancharlton.mileage/com.evancharlton.mileage.Mileage (server)'
06-05 19:59:29.722 I/InstrumentationBackend(20435): Added:'AndroidSDKVersion', with key:'android_sdk_version'
06-05 19:59:29.722 I/InstrumentationBackend(20435): Added:'Version', with key:'version'
06-05 19:59:29.722 I/InstrumentationBackend(20435): Added:'Drag', with key:'drag'
06-05 19:59:29.722 I/InstrumentationBackend(20435): Added:'TouchCoordinates', with key:'touch_coordinate'
06-05 19:59:29.722 I/InstrumentationBackend(20435): Added:'LongPressCoordinate', with key:'long_press_coordinate'
06-05 19:59:29.723 I/InstrumentationBackend(20435): Added:'DragCoordinates', with key:'drag_coordinates'
06-05 19:59:29.723 I/InstrumentationBackend(20435): Added:'ResumeApplication', with key:'resume_application'
06-05 19:59:29.723 I/InstrumentationBackend(20435): Added:'Swipe', with key:'swipe'
06-05 19:59:29.723 I/InstrumentationBackend(20435): Added:'DoubleTapCoordinate', with key:'double_tap_coordinate'
06-05 19:59:29.723 I/InstrumentationBackend(20435): Added:'ClickOnScreen', with key:'click_on_screen'
06-05 19:59:29.723 I/InstrumentationBackend(20435): Added:'GetActivityName', with key:'get_activity_name'
06-05 19:59:29.723 I/InstrumentationBackend(20435): Added:'ScrollToView', with key:'scroll_to_view'
06-05 19:59:29.723 I/InstrumentationBackend(20435): Added:'ViewConfiguration', with key:'view_configuration'
06-05 19:59:29.723 I/InstrumentationBackend(20435): Added:'IsCurrentActivityFocused', with key:'is_current_activity_focused'
06-05 19:59:29.723 I/InstrumentationBackend(20435): Added:'SendTcp', with key:'send_tcp'
06-05 19:59:29.723 I/InstrumentationBackend(20435): Added:'DpToDevicePixel', with key:'dp_to_device_pixel'
06-05 19:59:29.723 I/InstrumentationBackend(20435): Added:'KeyboardEnterText', with key:'keyboard_enter_text'
06-05 19:59:29.723 I/InstrumentationBackend(20435): Added:'DeleteSurroundingText', with key:'delete_surrounding_text'
06-05 19:59:29.723 I/InstrumentationBackend(20435): Added:'SetComposingRegion', with key:'set_composing_region'
06-05 19:59:29.723 I/InstrumentationBackend(20435): Added:'SetSelection', with key:'set_selection'
06-05 19:59:29.723 I/InstrumentationBackend(20435): Added:'KeyboardKeyEvent', with key:'keyboard_key_event'
06-05 19:59:29.723 I/InstrumentationBackend(20435): Added:'PressUserActionButton', with key:'press_user_action_button'
06-05 19:59:29.723 I/InstrumentationBackend(20435): Added:'HideSoftKeyboard', with key:'hide_soft_keyboard'
06-05 19:59:29.723 I/InstrumentationBackend(20435): Added:'ListActions', with key:'list_actions'
06-05 19:59:29.723 I/calabash(20435): Instantiating http server at 7102
06-05 19:59:29.724 I/System.out(20435): HTTP Daemon listening on: 7102
06-05 19:59:29.735 D/EGL_emulation( 1711): eglMakeCurrent: 0x9f1709c0: ver 2 0 (tinfo 0xa0e61d00)
06-05 19:59:29.739 D/EGL_emulation( 1711): eglMakeCurrent: 0x9f1709c0: ver 2 0 (tinfo 0xa0e61d00)
06-05 19:59:29.751 D/EGL_emulation( 1711): eglMakeCurrent: 0x9f1709c0: ver 2 0 (tinfo 0xa0e61d00)
06-05 19:59:29.753 D/EGL_emulation( 1711): eglMakeCurrent: 0x9f1709c0: ver 2 0 (tinfo 0xa0e61d00)
06-05 19:59:29.773 D/EGL_emulation( 1711): eglMakeCurrent: 0x9f1709c0: ver 2 0 (tinfo 0xa0e61d00)
06-05 19:59:29.786 D/EGL_emulation( 1711): eglMakeCurrent: 0x9f1709c0: ver 2 0 (tinfo 0xa0e61d00)
06-05 19:59:29.791 D/EGL_emulation( 1711): eglMakeCurrent: 0x9f1709c0: ver 2 0 (tinfo 0xa0e61d00)
06-05 19:59:29.814 I/System.out(20435): URI: //ping
06-05 19:59:29.814 I/System.out(20435): params: {json={}
06-05 19:59:29.814 I/System.out(20435): }
06-05 19:59:29.822 I/System.out(20435): URI: //ping
06-05 19:59:29.822 I/System.out(20435): params: {json={}
06-05 19:59:29.822 I/System.out(20435): }
06-05 19:59:29.828 I/System.out(20435): URI: //ready
06-05 19:59:29.828 I/System.out(20435): params: {json={}
06-05 19:59:29.828 I/System.out(20435): }
06-05 19:59:29.834 I/System.out(20435): URI: //
06-05 19:59:29.834 I/System.out(20435): params: {json={"command":"version","arguments":[]}
06-05 19:59:29.834 I/System.out(20435): }
06-05 19:59:29.834 I/System.out(20435): header: {content-type=application/json;charset=utf-8, date=Sat, 06 Jun 2020 00:59:30 GMT, accept=*/*, host=127.0.0.1:34783, content-length=36, user-agent=HTTPClient/1.0 (2.8.3, ruby 2.5.1 (2018-03-29))}
06-05 19:59:29.834 I/System.out(20435): params: {json={"command":"version","arguments":[]}
06-05 19:59:29.834 I/System.out(20435): }
06-05 19:59:29.834 I/System.out(20435): ProP json = {"command":"version","arguments":[]}
06-05 19:59:29.834 I/System.out(20435): files: {}
06-05 19:59:29.834 I/System.out(20435): command: {"command":"version","arguments":[]}
06-05 19:59:29.846 I/InstrumentationBackend(20435): Got command:'Command:'Line:null,version', arguments:'[]'
06-05 19:59:29.861 I/System.out(20435): result:{"bonusInformation":[],"message":"0.9.8","success":true}
06-05 19:59:29.865 I/System.out(20435): URI: //start-application
06-05 19:59:29.865 I/System.out(20435): params: {json={"intent":null}
06-05 19:59:29.865 I/System.out(20435): }
06-05 19:59:29.880 I/ActivityManager( 1629): START u0 {act=android.intent.action.MAIN cat=[android.intent.category.LAUNCHER] flg=0x10200000 cmp=com.evancharlton.mileage/.Mileage} from uid 10196 on display 0
06-05 19:59:29.890 I/calabash(20435): newActivity1
06-05 19:59:29.902 D/gralloc_ranchu( 1348): gralloc_alloc: Creating ashmem region of size 9023488
06-05 19:59:29.905 I/calabash(20435): newActivity1
06-05 19:59:29.907 W/ActivityManager( 1629): Bad activity token: android.os.BinderProxy@22ffa4f
06-05 19:59:29.907 W/ActivityManager( 1629): java.lang.ClassCastException: android.os.BinderProxy cannot be cast to com.android.server.am.ActivityRecord$Token
06-05 19:59:29.907 W/ActivityManager( 1629): 	at com.android.server.am.ActivityRecord.forTokenLocked(ActivityRecord.java:586)
06-05 19:59:29.907 W/ActivityManager( 1629): 	at com.android.server.am.ActivityRecord.isInStackLocked(ActivityRecord.java:1327)
06-05 19:59:29.907 W/ActivityManager( 1629): 	at com.android.server.am.ActivityRecord.getStackLocked(ActivityRecord.java:1332)
06-05 19:59:29.907 W/ActivityManager( 1629): 	at com.android.server.am.ActivityManagerService.getActivityDisplayId(ActivityManagerService.java:9806)
06-05 19:59:29.907 W/ActivityManager( 1629): 	at android.app.ActivityManagerNative.onTransact(ActivityManagerNative.java:2566)
06-05 19:59:29.907 W/ActivityManager( 1629): 	at com.android.server.am.ActivityManagerService.onTransact(ActivityManagerService.java:2757)
06-05 19:59:29.907 W/ActivityManager( 1629): 	at android.os.Binder.execTransact(Binder.java:565)
06-05 19:59:29.909 W/ActivityManager( 1629): Bad activity token: android.os.BinderProxy@22ffa4f
06-05 19:59:29.909 W/ActivityManager( 1629): java.lang.ClassCastException: android.os.BinderProxy cannot be cast to com.android.server.am.ActivityRecord$Token
06-05 19:59:29.909 W/ActivityManager( 1629): 	at com.android.server.am.ActivityRecord.forTokenLocked(ActivityRecord.java:586)
06-05 19:59:29.909 W/ActivityManager( 1629): 	at com.android.server.am.ActivityRecord.isInStackLocked(ActivityRecord.java:1327)
06-05 19:59:29.909 W/ActivityManager( 1629): 	at com.android.server.am.ActivityManagerService.setTaskDescription(ActivityManagerService.java:9358)
06-05 19:59:29.909 W/ActivityManager( 1629): 	at android.app.ActivityManagerNative.onTransact(ActivityManagerNative.java:2639)
06-05 19:59:29.909 W/ActivityManager( 1629): 	at com.android.server.am.ActivityManagerService.onTransact(ActivityManagerService.java:2757)
06-05 19:59:29.909 W/ActivityManager( 1629): 	at android.os.Binder.execTransact(Binder.java:565)
06-05 19:59:29.910 W/ActivityManager( 1629): Bad activity token: android.os.BinderProxy@22ffa4f
06-05 19:59:29.910 W/ActivityManager( 1629): java.lang.ClassCastException: android.os.BinderProxy cannot be cast to com.android.server.am.ActivityRecord$Token
06-05 19:59:29.910 W/ActivityManager( 1629): 	at com.android.server.am.ActivityRecord.forTokenLocked(ActivityRecord.java:586)
06-05 19:59:29.910 W/ActivityManager( 1629): 	at com.android.server.am.ActivityRecord.isInStackLocked(ActivityRecord.java:1327)
06-05 19:59:29.910 W/ActivityManager( 1629): 	at com.android.server.am.ActivityRecord.getStackLocked(ActivityRecord.java:1332)
06-05 19:59:29.910 W/ActivityManager( 1629): 	at com.android.server.am.ActivityManagerService.getActivityStackId(ActivityManagerService.java:9817)
06-05 19:59:29.910 W/ActivityManager( 1629): 	at android.app.ActivityManagerNative.onTransact(ActivityManagerNative.java:2856)
06-05 19:59:29.910 W/ActivityManager( 1629): 	at com.android.server.am.ActivityManagerService.onTransact(ActivityManagerService.java:2757)
06-05 19:59:29.910 W/ActivityManager( 1629): 	at android.os.Binder.execTransact(Binder.java:565)
06-05 19:59:29.931 V/PhoneStatusBar( 1711): setLightsOn(true)
06-05 19:59:29.933 W/ActivityManager( 1629): Bad activity token: android.os.BinderProxy@22ffa4f
06-05 19:59:29.933 W/ActivityManager( 1629): java.lang.ClassCastException: android.os.BinderProxy cannot be cast to com.android.server.am.ActivityRecord$Token
06-05 19:59:29.933 W/ActivityManager( 1629): 	at com.android.server.am.ActivityRecord.forTokenLocked(ActivityRecord.java:586)
06-05 19:59:29.933 W/ActivityManager( 1629): 	at com.android.server.am.ActivityRecord.isInStackLocked(ActivityRecord.java:1327)
06-05 19:59:29.933 W/ActivityManager( 1629): 	at com.android.server.am.ActivityManagerService.getActivityOptions(ActivityManagerService.java:12559)
06-05 19:59:29.933 W/ActivityManager( 1629): 	at android.app.ActivityManagerNative.onTransact(ActivityManagerNative.java:1933)
06-05 19:59:29.933 W/ActivityManager( 1629): 	at com.android.server.am.ActivityManagerService.onTransact(ActivityManagerService.java:2757)
06-05 19:59:29.933 W/ActivityManager( 1629): 	at android.os.Binder.execTransact(Binder.java:565)
06-05 19:59:29.933 W/ActivityManager( 1629): Bad activity token: android.os.BinderProxy@22ffa4f
06-05 19:59:29.933 W/ActivityManager( 1629): java.lang.ClassCastException: android.os.BinderProxy cannot be cast to com.android.server.am.ActivityRecord$Token
06-05 19:59:29.933 W/ActivityManager( 1629): 	at com.android.server.am.ActivityRecord.forTokenLocked(ActivityRecord.java:586)
06-05 19:59:29.933 W/ActivityManager( 1629): 	at com.android.server.am.ActivityRecord.isInStackLocked(ActivityRecord.java:1327)
06-05 19:59:29.933 W/ActivityManager( 1629): 	at com.android.server.am.ActivityManagerService.getActivityOptions(ActivityManagerService.java:12559)
06-05 19:59:29.933 W/ActivityManager( 1629): 	at android.app.ActivityManagerNative.onTransact(ActivityManagerNative.java:1933)
06-05 19:59:29.933 W/ActivityManager( 1629): 	at com.android.server.am.ActivityManagerService.onTransact(ActivityManagerService.java:2757)
06-05 19:59:29.933 W/ActivityManager( 1629): 	at android.os.Binder.execTransact(Binder.java:565)
06-05 19:59:29.935 D/EGL_emulation( 2147): eglMakeCurrent: 0xa3805360: ver 2 0 (tinfo 0xa3803630)
06-05 19:59:29.937 D/EGL_emulation( 1711): eglMakeCurrent: 0x9f1709c0: ver 2 0 (tinfo 0xa0e61d00)
06-05 19:59:29.951 D/EGL_emulation( 1711): eglMakeCurrent: 0x9f1709c0: ver 2 0 (tinfo 0xa0e61d00)
06-05 19:59:29.954 D/EGL_emulation( 1711): eglMakeCurrent: 0x9f1709c0: ver 2 0 (tinfo 0xa0e61d00)
06-05 19:59:29.968 D/gralloc_ranchu( 1348): gralloc_alloc: Creating ashmem region of size 9023488
06-05 19:59:29.968 D/EGL_emulation( 1711): eglMakeCurrent: 0x9f1709c0: ver 2 0 (tinfo 0xa0e61d00)
06-05 19:59:29.974 D/        (20435): HostConnection::get() New Host Connection established 0x921a6040, tid 20435
06-05 19:59:29.974 D/EGL_emulation( 1711): eglMakeCurrent: 0x9f1709c0: ver 2 0 (tinfo 0xa0e61d00)
06-05 19:59:29.974 V/PhoneStatusBar( 1711): setLightsOn(true)
06-05 19:59:29.984 I/WindowManager( 1629): Destroying surface Surface(name=com.evancharlton.mileage/com.evancharlton.mileage.Mileage) called by com.android.server.wm.WindowStateAnimator.destroySurface:2016 com.android.server.wm.WindowStateAnimator.destroySurfaceLocked:882 com.android.server.wm.WindowState.removeLocked:1456 com.android.server.wm.WindowManagerService.removeWindowInnerLocked:2484 com.android.server.wm.AppWindowToken.destroySurfaces:365 com.android.server.wm.WindowStateAnimator.finishExit:565 com.android.server.wm.AppWindowAnimator.stepAnimationLocked:427 com.android.server.wm.WindowAnimator.updateAppWindowsLocked:196 
06-05 19:59:30.005 D/EGL_emulation( 1711): eglMakeCurrent: 0x9f1709c0: ver 2 0 (tinfo 0xa0e61d00)
06-05 19:59:30.007 D/EGL_emulation( 1711): eglMakeCurrent: 0x9f1709c0: ver 2 0 (tinfo 0xa0e61d00)
06-05 19:59:30.009 D/EGL_emulation( 1711): eglMakeCurrent: 0x9f1709c0: ver 2 0 (tinfo 0xa0e61d00)
06-05 19:59:30.018 D/EGL_emulation( 1711): eglMakeCurrent: 0x9f1709c0: ver 2 0 (tinfo 0xa0e61d00)
06-05 19:59:30.019 V/PhoneStatusBar( 1711): setLightsOn(true)
06-05 19:59:30.020 D/EGL_emulation( 1711): eglMakeCurrent: 0x9f1709c0: ver 2 0 (tinfo 0xa0e61d00)
06-05 19:59:30.035 D/EGL_emulation( 1711): eglMakeCurrent: 0x9f1709c0: ver 2 0 (tinfo 0xa0e61d00)
06-05 19:59:30.036 D/EGL_emulation( 1711): eglMakeCurrent: 0x9f1709c0: ver 2 0 (tinfo 0xa0e61d00)
06-05 19:59:30.051 D/gralloc_ranchu( 1348): gralloc_alloc: Creating ashmem region of size 9023488
06-05 19:59:30.051 I/ActivityManager( 1629): Displayed com.evancharlton.mileage/.Mileage: +166ms
06-05 19:59:30.051 D/EGL_emulation( 1711): eglMakeCurrent: 0x9f1709c0: ver 2 0 (tinfo 0xa0e61d00)
06-05 19:59:30.052 V/PhoneStatusBar( 1711): setLightsOn(true)
06-05 19:59:30.058 D/EGL_emulation( 1711): eglMakeCurrent: 0x9f1709c0: ver 2 0 (tinfo 0xa0e61d00)
06-05 19:59:30.068 D/EGL_emulation( 1711): eglMakeCurrent: 0x9f1709c0: ver 2 0 (tinfo 0xa0e61d00)
06-05 19:59:30.079 D/EGL_emulation( 1711): eglMakeCurrent: 0x9f1709c0: ver 2 0 (tinfo 0xa0e61d00)
06-05 19:59:30.085 D/EGL_emulation( 1711): eglMakeCurrent: 0x9f1709c0: ver 2 0 (tinfo 0xa0e61d00)
06-05 19:59:30.085 V/PhoneStatusBar( 1711): setLightsOn(true)
06-05 19:59:30.087 D/EGL_emulation( 1711): eglMakeCurrent: 0x9f1709c0: ver 2 0 (tinfo 0xa0e61d00)
06-05 19:59:30.107 D/EGL_emulation( 1711): eglMakeCurrent: 0x9f1709c0: ver 2 0 (tinfo 0xa0e61d00)
06-05 19:59:30.108 I/System.out(20435): URI: //map
06-05 19:59:30.108 D/EGL_emulation( 1711): eglMakeCurrent: 0x9f1709c0: ver 2 0 (tinfo 0xa0e61d00)
06-05 19:59:30.108 I/System.out(20435): params: {json={"query":"* marked:'Statistics'","operation":{"method_name":"query","arguments":[]}}
06-05 19:59:30.108 I/System.out(20435): }
06-05 19:59:30.118 D/EGL_emulation( 1711): eglMakeCurrent: 0x9f1709c0: ver 2 0 (tinfo 0xa0e61d00)
06-05 19:59:30.120 D/EGL_emulation( 1711): eglMakeCurrent: 0x9f1709c0: ver 2 0 (tinfo 0xa0e61d00)
06-05 19:59:30.123 W/ResourceType(20435): No package identifier when getting name for resource number 0x00000001
06-05 19:59:30.135 D/EGL_emulation( 1711): eglMakeCurrent: 0x9f1709c0: ver 2 0 (tinfo 0xa0e61d00)
06-05 19:59:30.136 D/EGL_emulation( 1711): eglMakeCurrent: 0x9f1709c0: ver 2 0 (tinfo 0xa0e61d00)
06-05 19:59:30.137 I/System.out(20435): URI: //gesture
06-05 19:59:30.138 I/System.out(20435): params: {json={"query_timeout":5.0,"gestures":[{"query_string":"* marked:'Statistics'","touches":[{"x":50,"y":50,"offset_x":0,"offset_y":0,"wait":0.0,"time":0.2,"release":true,"query_string":null}]}]}
06-05 19:59:30.138 I/System.out(20435): }
06-05 19:59:30.142 W/ResourceType(20435): No package identifier when getting name for resource number 0x00000001
06-05 19:59:30.151 D/EGL_emulation( 1711): eglMakeCurrent: 0x9f1709c0: ver 2 0 (tinfo 0xa0e61d00)
06-05 19:59:30.159 D/EGL_emulation( 1711): eglMakeCurrent: 0x9f1709c0: ver 2 0 (tinfo 0xa0e61d00)
06-05 19:59:30.184 V/PhoneStatusBar( 1711): setLightsOn(true)
06-05 19:59:30.252 I/WindowManager( 1629): Destroying surface Surface(name=Starting com.evancharlton.mileage) called by com.android.server.wm.WindowStateAnimator.destroySurface:2016 com.android.server.wm.WindowStateAnimator.destroySurfaceLocked:882 com.android.server.wm.WindowState.destroyOrSaveSurface:2100 com.android.server.wm.AppWindowToken.destroySurfaces:363 com.android.server.wm.WindowStateAnimator.finishExit:565 com.android.server.wm.WindowStateAnimator.stepAnimationLocked:491 com.android.server.wm.WindowAnimator.updateWindowsLocked:303 com.android.server.wm.WindowAnimator.animateLocked:704 
06-05 19:59:30.253 V/PhoneStatusBar( 1711): setLightsOn(true)
06-05 19:59:30.268 V/PhoneStatusBar( 1711): setLightsOn(true)
06-05 19:59:30.369 I/calabash(20435): newActivity1
06-05 19:59:30.378 I/System.out(20435): URI: //map
06-05 19:59:30.378 I/System.out(20435): params: {json={"query":"android.widget.ScrollView index:0","operation":{"method_name":"query","arguments":[]}}
06-05 19:59:30.378 I/System.out(20435): }
06-05 19:59:30.382 W/ActivityManager( 1629): Bad activity token: android.os.BinderProxy@c6a2fd1
06-05 19:59:30.382 W/ActivityManager( 1629): java.lang.ClassCastException: android.os.BinderProxy cannot be cast to com.android.server.am.ActivityRecord$Token
06-05 19:59:30.382 W/ActivityManager( 1629): 	at com.android.server.am.ActivityRecord.forTokenLocked(ActivityRecord.java:586)
06-05 19:59:30.382 W/ActivityManager( 1629): 	at com.android.server.am.ActivityRecord.isInStackLocked(ActivityRecord.java:1327)
06-05 19:59:30.382 W/ActivityManager( 1629): 	at com.android.server.am.ActivityRecord.getStackLocked(ActivityRecord.java:1332)
06-05 19:59:30.382 W/ActivityManager( 1629): 	at com.android.server.am.ActivityManagerService.getActivityDisplayId(ActivityManagerService.java:9806)
06-05 19:59:30.382 W/ActivityManager( 1629): 	at android.app.ActivityManagerNative.onTransact(ActivityManagerNative.java:2566)
06-05 19:59:30.382 W/ActivityManager( 1629): 	at com.android.server.am.ActivityManagerService.onTransact(ActivityManagerService.java:2757)
06-05 19:59:30.382 W/ActivityManager( 1629): 	at android.os.Binder.execTransact(Binder.java:565)
06-05 19:59:30.383 W/ActivityManager( 1629): Bad activity token: android.os.BinderProxy@c6a2fd1
06-05 19:59:30.383 W/ActivityManager( 1629): java.lang.ClassCastException: android.os.BinderProxy cannot be cast to com.android.server.am.ActivityRecord$Token
06-05 19:59:30.383 W/ActivityManager( 1629): 	at com.android.server.am.ActivityRecord.forTokenLocked(ActivityRecord.java:586)
06-05 19:59:30.383 W/ActivityManager( 1629): 	at com.android.server.am.ActivityRecord.isInStackLocked(ActivityRecord.java:1327)
06-05 19:59:30.383 W/ActivityManager( 1629): 	at com.android.server.am.ActivityManagerService.setTaskDescription(ActivityManagerService.java:9358)
06-05 19:59:30.383 W/ActivityManager( 1629): 	at android.app.ActivityManagerNative.onTransact(ActivityManagerNative.java:2639)
06-05 19:59:30.383 W/ActivityManager( 1629): 	at com.android.server.am.ActivityManagerService.onTransact(ActivityManagerService.java:2757)
06-05 19:59:30.383 W/ActivityManager( 1629): 	at android.os.Binder.execTransact(Binder.java:565)
06-05 19:59:30.384 W/ActivityManager( 1629): Bad activity token: android.os.BinderProxy@c6a2fd1
06-05 19:59:30.384 W/ActivityManager( 1629): java.lang.ClassCastException: android.os.BinderProxy cannot be cast to com.android.server.am.ActivityRecord$Token
06-05 19:59:30.384 W/ActivityManager( 1629): 	at com.android.server.am.ActivityRecord.forTokenLocked(ActivityRecord.java:586)
06-05 19:59:30.384 W/ActivityManager( 1629): 	at com.android.server.am.ActivityRecord.isInStackLocked(ActivityRecord.java:1327)
06-05 19:59:30.384 W/ActivityManager( 1629): 	at com.android.server.am.ActivityRecord.getStackLocked(ActivityRecord.java:1332)
06-05 19:59:30.384 W/ActivityManager( 1629): 	at com.android.server.am.ActivityManagerService.getActivityStackId(ActivityManagerService.java:9817)
06-05 19:59:30.384 W/ActivityManager( 1629): 	at android.app.ActivityManagerNative.onTransact(ActivityManagerNative.java:2856)
06-05 19:59:30.384 W/ActivityManager( 1629): 	at com.android.server.am.ActivityManagerService.onTransact(ActivityManagerService.java:2757)
06-05 19:59:30.384 W/ActivityManager( 1629): 	at android.os.Binder.execTransact(Binder.java:565)
06-05 19:59:30.385 V/PhoneStatusBar( 1711): setLightsOn(true)
06-05 19:59:30.389 D/VehicleStatisticsActivity(20435): Checking recalculation ...
06-05 19:59:30.390 D/VehicleStatisticsActivity(20435): Recalculation not necessary.
06-05 19:59:30.402 W/ActivityManager( 1629): Bad activity token: android.os.BinderProxy@c6a2fd1
06-05 19:59:30.402 W/ActivityManager( 1629): java.lang.ClassCastException: android.os.BinderProxy cannot be cast to com.android.server.am.ActivityRecord$Token
06-05 19:59:30.402 W/ActivityManager( 1629): 	at com.android.server.am.ActivityRecord.forTokenLocked(ActivityRecord.java:586)
06-05 19:59:30.402 W/ActivityManager( 1629): 	at com.android.server.am.ActivityRecord.isInStackLocked(ActivityRecord.java:1327)
06-05 19:59:30.402 W/ActivityManager( 1629): 	at com.android.server.am.ActivityManagerService.getActivityOptions(ActivityManagerService.java:12559)
06-05 19:59:30.402 W/ActivityManager( 1629): 	at android.app.ActivityManagerNative.onTransact(ActivityManagerNative.java:1933)
06-05 19:59:30.402 W/ActivityManager( 1629): 	at com.android.server.am.ActivityManagerService.onTransact(ActivityManagerService.java:2757)
06-05 19:59:30.402 W/ActivityManager( 1629): 	at android.os.Binder.execTransact(Binder.java:565)
06-05 19:59:30.402 W/ActivityManager( 1629): Bad activity token: android.os.BinderProxy@c6a2fd1
06-05 19:59:30.402 W/ActivityManager( 1629): java.lang.ClassCastException: android.os.BinderProxy cannot be cast to com.android.server.am.ActivityRecord$Token
06-05 19:59:30.402 W/ActivityManager( 1629): 	at com.android.server.am.ActivityRecord.forTokenLocked(ActivityRecord.java:586)
06-05 19:59:30.402 W/ActivityManager( 1629): 	at com.android.server.am.ActivityRecord.isInStackLocked(ActivityRecord.java:1327)
06-05 19:59:30.402 W/ActivityManager( 1629): 	at com.android.server.am.ActivityManagerService.getActivityOptions(ActivityManagerService.java:12559)
06-05 19:59:30.402 W/ActivityManager( 1629): 	at android.app.ActivityManagerNative.onTransact(ActivityManagerNative.java:1933)
06-05 19:59:30.402 W/ActivityManager( 1629): 	at com.android.server.am.ActivityManagerService.onTransact(ActivityManagerService.java:2757)
06-05 19:59:30.402 W/ActivityManager( 1629): 	at android.os.Binder.execTransact(Binder.java:565)
06-05 19:59:30.403 D/VehicleStatisticsActivity(20435): Checking recalculation ...
06-05 19:59:30.404 D/VehicleStatisticsActivity(20435): Recalculation not necessary.
06-05 19:59:30.479 I/System.out(20435): URI: //map
06-05 19:59:30.479 I/System.out(20435): params: {json={"query":"android.widget.AbsListView index:0","operation":{"method_name":"query","arguments":[]}}
06-05 19:59:30.479 I/System.out(20435): }
06-05 19:59:30.483 I/art     (20435): Do partial code cache collection, code=30KB, data=29KB
06-05 19:59:30.483 I/art     (20435): After code cache collection, code=29KB, data=28KB
06-05 19:59:30.483 I/art     (20435): Increasing code cache capacity to 128KB
06-05 19:59:30.493 I/System.out(20435): URI: //map
06-05 19:59:30.493 I/System.out(20435): params: {json={"query":"android.widget.AbsListView index:0","operation":{"method_name":"query","arguments":[]}}
06-05 19:59:30.493 I/System.out(20435): }
06-05 19:59:30.508 I/System.out(20435): URI: //map
06-05 19:59:30.508 I/System.out(20435): params: {json={"query":"android.widget.AbsListView index:0","operation":{"method_name":"query","arguments":[]}}
06-05 19:59:30.508 I/System.out(20435): }
06-05 19:59:30.519 I/System.out(20435): URI: //map
06-05 19:59:30.519 I/System.out(20435): params: {json={"query":"android.widget.AbsListView index:0","operation":{"method_name":"query","arguments":["getFirstVisiblePosition"]}}
06-05 19:59:30.519 I/System.out(20435): }
06-05 19:59:30.530 I/System.out(20435): URI: //map
06-05 19:59:30.530 I/System.out(20435): params: {json={"query":"android.widget.AbsListView index:0","operation":{"method_name":"query","arguments":["getLastVisiblePosition"]}}
06-05 19:59:30.530 I/System.out(20435): }
06-05 19:59:30.542 I/System.out(20435): URI: //map
06-05 19:59:30.542 I/System.out(20435): params: {json={"query":"android.widget.AbsListView index:0","operation":{"method_name":"query","arguments":[{"method_name":"setSelection","arguments":[26]}]}}
06-05 19:59:30.542 I/System.out(20435): }
06-05 19:59:30.561 I/System.out(20435): URI: //map
06-05 19:59:30.561 I/System.out(20435): params: {json={"query":"* marked:'Minimum price'","operation":{"method_name":"query","arguments":[]}}
06-05 19:59:30.561 I/System.out(20435): }
06-05 19:59:30.621 D/gralloc_ranchu( 1348): gralloc_alloc: Creating ashmem region of size 9023488
06-05 19:59:30.670 W/ResourceType(20435): No package identifier when getting name for resource number 0x00000001
06-05 19:59:30.681 I/System.out(20435): URI: //gesture
06-05 19:59:30.681 I/System.out(20435): params: {json={"query_timeout":5.0,"gestures":[{"query_string":"* marked:'Minimum price'","touches":[{"x":50,"y":50,"offset_x":0,"offset_y":0,"wait":0.0,"time":0.2,"release":true,"query_string":null}]}]}
06-05 19:59:30.681 I/System.out(20435): }
06-05 19:59:30.684 W/ResourceType(20435): No package identifier when getting name for resource number 0x00000001
06-05 19:59:30.684 V/PhoneStatusBar( 1711): setLightsOn(true)
06-05 19:59:30.685 V/PhoneStatusBar( 1711): setLightsOn(true)
06-05 19:59:30.686 W/OpenGLRenderer( 2147): Incorrectly called buildLayer on View: ShortcutAndWidgetContainer, destroying layer...
06-05 19:59:30.701 I/WindowManager( 1629): Destroying surface Surface(name=com.android.launcher3/com.android.launcher3.Launcher) called by com.android.server.wm.WindowStateAnimator.destroySurface:2016 com.android.server.wm.WindowStateAnimator.destroySurfaceLocked:882 com.android.server.wm.WindowState.destroyOrSaveSurface:2100 com.android.server.wm.AppWindowToken.destroySurfaces:363 com.android.server.wm.AppWindowToken.notifyAppStopped:389 com.android.server.wm.WindowManagerService.notifyAppStopped:4463 com.android.server.am.ActivityStack.activityStoppedLocked:1252 com.android.server.am.ActivityManagerService.activityStopped:6903 
06-05 19:59:30.702 V/PhoneStatusBar( 1711): setLightsOn(true)
06-05 19:59:30.921 I/ActivityManager( 1629): START u0 {cmp=com.evancharlton.mileage/.charts.MinimumPriceChart (has extras)} from uid 10196 on display 0
06-05 19:59:30.926 V/PhoneStatusBar( 1711): setLightsOn(true)
06-05 19:59:30.929 V/PhoneStatusBar( 1711): setLightsOn(true)
06-05 19:59:30.957 I/System.out(20435): URI: //map
06-05 19:59:30.957 I/System.out(20435): params: {json={"query":"* {text CONTAINS[c] 'Least expensive fuel'}","operation":{"method_name":"query","arguments":[]}}
06-05 19:59:30.957 I/System.out(20435): }
06-05 19:59:30.987 I/calabash(20435): newActivity1
06-05 19:59:30.992 W/aiCharts(20435): License file is invalid or missing. 
06-05 19:59:30.992 W/aiCharts(20435): Please place proper license.lic to /assets folder.
06-05 19:59:31.009 V/PhoneStatusBar( 1711): setLightsOn(true)
06-05 19:59:31.034 V/PhoneStatusBar( 1711): setLightsOn(true)
06-05 19:59:31.041 I/WindowManager( 1629): Destroying surface Surface(name=Creating chart…) called by com.android.server.wm.WindowStateAnimator.destroySurface:2016 com.android.server.wm.WindowStateAnimator.destroySurfaceLocked:882 com.android.server.wm.WindowState.removeLocked:1456 com.android.server.wm.WindowManagerService.removeWindowInnerLocked:2484 com.android.server.wm.WindowManagerService.removeWindowLocked:2442 com.android.server.wm.WindowManagerService.removeWindowLocked:2311 com.android.server.wm.WindowManagerService.removeWindow:2306 com.android.server.wm.Session.remove:202 
06-05 19:59:31.044 D/gralloc_ranchu( 1348): gralloc_alloc: Creating ashmem region of size 9023488
06-05 19:59:31.051 V/PhoneStatusBar( 1711): setLightsOn(true)
06-05 19:59:31.068 I/ActivityManager( 1629): Displayed com.evancharlton.mileage/.charts.MinimumPriceChart: +84ms
06-05 19:59:31.085 V/PhoneStatusBar( 1711): setLightsOn(true)
06-05 19:59:31.101 V/PhoneStatusBar( 1711): setLightsOn(true)
06-05 19:59:31.301 V/PhoneStatusBar( 1711): setLightsOn(true)
06-05 19:59:31.326 I/System.out(20435): URI: //map
06-05 19:59:31.326 I/System.out(20435): params: {json={"query":"* {text CONTAINS[c] 'Least expensive fuel'}","operation":{"method_name":"query","arguments":[]}}
06-05 19:59:31.326 I/System.out(20435): }
06-05 19:59:31.341 I/System.out(20435): URI: //
06-05 19:59:31.341 I/System.out(20435): params: {json={"command":"press_key","arguments":["KEYCODE_BACK"]}
06-05 19:59:31.341 I/System.out(20435): }
06-05 19:59:31.341 I/System.out(20435): header: {content-type=application/json;charset=utf-8, date=Sat, 06 Jun 2020 00:59:32 GMT, accept=*/*, host=127.0.0.1:34783, content-length=52, user-agent=HTTPClient/1.0 (2.8.3, ruby 2.5.1 (2018-03-29))}
06-05 19:59:31.341 I/System.out(20435): params: {json={"command":"press_key","arguments":["KEYCODE_BACK"]}
06-05 19:59:31.341 I/System.out(20435): }
06-05 19:59:31.341 I/System.out(20435): ProP json = {"command":"press_key","arguments":["KEYCODE_BACK"]}
06-05 19:59:31.341 I/System.out(20435): files: {}
06-05 19:59:31.341 I/System.out(20435): command: {"command":"press_key","arguments":["KEYCODE_BACK"]}
06-05 19:59:31.342 I/InstrumentationBackend(20435): Got command:'Command:'Line:null,press_key', arguments:'[KEYCODE_BACK]'
06-05 19:59:31.344 V/PhoneStatusBar( 1711): setLightsOn(true)
06-05 19:59:31.345 V/PhoneStatusBar( 1711): setLightsOn(true)
06-05 19:59:31.347 I/art     (20435): Do partial code cache collection, code=60KB, data=62KB
06-05 19:59:31.347 I/art     (20435): After code cache collection, code=59KB, data=61KB
06-05 19:59:31.347 I/art     (20435): Increasing code cache capacity to 256KB
06-05 19:59:31.348 D/VehicleStatisticsActivity(20435): Checking recalculation ...
06-05 19:59:31.348 I/System.out(20435): result:{"bonusInformation":[],"message":"","success":true}
06-05 19:59:31.348 D/VehicleStatisticsActivity(20435): Recalculation not necessary.
06-05 19:59:31.357 I/System.out(20435): URI: //map
06-05 19:59:31.357 I/System.out(20435): params: {json={"query":"* {text CONTAINS[c] 'Statistics'}","operation":{"method_name":"query","arguments":[]}}
06-05 19:59:31.357 I/System.out(20435): }
06-05 19:59:31.367 D/gralloc_ranchu( 1348): gralloc_alloc: Creating ashmem region of size 9023488
06-05 19:59:31.368 V/PhoneStatusBar( 1711): setLightsOn(true)
06-05 19:59:31.384 V/PhoneStatusBar( 1711): setLightsOn(true)
06-05 19:59:31.401 V/PhoneStatusBar( 1711): setLightsOn(true)
