06-05 18:35:28.492 I/System.out( 7310): params: {json={"command":"keyboard_enter_text","arguments":["Versa"]}
06-05 18:35:28.492 I/System.out( 7310): }
06-05 18:35:28.492 I/System.out( 7310): header: {content-type=application/json;charset=utf-8, date=Fri, 05 Jun 2020 23:35:28 GMT, accept=*/*, host=127.0.0.1:34783, content-length=55, user-agent=HTTPClient/1.0 (2.8.3, ruby 2.5.1 (2018-03-29))}
06-05 18:35:28.492 I/System.out( 7310): params: {json={"command":"keyboard_enter_text","arguments":["Versa"]}
06-05 18:35:28.492 I/System.out( 7310): }
06-05 18:35:28.492 I/System.out( 7310): ProP json = {"command":"keyboard_enter_text","arguments":["Versa"]}
06-05 18:35:28.492 I/System.out( 7310): files: {}
06-05 18:35:28.492 I/System.out( 7310): command: {"command":"keyboard_enter_text","arguments":["Versa"]}
06-05 18:35:28.493 I/InstrumentationBackend( 7310): Got command:'Command:'Line:null,keyboard_enter_text', arguments:'[Versa]'
06-05 18:35:28.494 E/SpannableStringBuilder( 7310): SPAN_EXCLUSIVE_EXCLUSIVE spans cannot have a zero length
06-05 18:35:28.494 E/SpannableStringBuilder( 7310): SPAN_EXCLUSIVE_EXCLUSIVE spans cannot have a zero length
06-05 18:35:28.496 E/SpannableStringBuilder( 7310): SPAN_EXCLUSIVE_EXCLUSIVE spans cannot have a zero length
06-05 18:35:28.496 E/SpannableStringBuilder( 7310): SPAN_EXCLUSIVE_EXCLUSIVE spans cannot have a zero length
06-05 18:35:28.500 I/System.out( 7310): result:{"bonusInformation":[],"message":"","success":true}
06-05 18:35:28.502 I/System.out( 7310): URI: //map
06-05 18:35:28.502 I/System.out( 7310): params: {json={"query":"android.widget.EditText index:4","operation":{"method_name":"query","arguments":[]}}
06-05 18:35:28.502 I/System.out( 7310): }
06-05 18:35:28.539 I/System.out( 7310): URI: //gesture
06-05 18:35:28.539 I/System.out( 7310): params: {json={"query_timeout":5.0,"gestures":[{"query_string":"android.widget.EditText index:4","touches":[{"x":50,"y":50,"offset_x":0,"offset_y":0,"wait":0.0,"time":0.2,"release":true,"query_string":null}]}]}
06-05 18:35:28.539 I/System.out( 7310): }
06-05 18:35:28.776 I/LatinIME( 1696): Starting input. Cursor position = 0,0
06-05 18:35:28.810 W/IInputConnectionWrapper( 7310): finishComposingText on inactive InputConnection
06-05 18:35:28.810 W/IInputConnectionWrapper( 7310): finishComposingText on inactive InputConnection
06-05 18:35:29.284 I/System.out( 7310): URI: //
06-05 18:35:29.284 I/System.out( 7310): params: {json={"command":"set_selection","arguments":[-1,-1]}
06-05 18:35:29.284 I/System.out( 7310): }
06-05 18:35:29.284 I/System.out( 7310): header: {content-type=application/json;charset=utf-8, date=Fri, 05 Jun 2020 23:35:29 GMT, accept=*/*, host=127.0.0.1:34783, content-length=47, user-agent=HTTPClient/1.0 (2.8.3, ruby 2.5.1 (2018-03-29))}
06-05 18:35:29.284 I/System.out( 7310): params: {json={"command":"set_selection","arguments":[-1,-1]}
06-05 18:35:29.284 I/System.out( 7310): }
06-05 18:35:29.284 I/System.out( 7310): ProP json = {"command":"set_selection","arguments":[-1,-1]}
06-05 18:35:29.284 I/System.out( 7310): files: {}
06-05 18:35:29.284 I/System.out( 7310): command: {"command":"set_selection","arguments":[-1,-1]}
06-05 18:35:29.287 I/InstrumentationBackend( 7310): Got command:'Command:'Line:null,set_selection', arguments:'[-1, -1]'
06-05 18:35:29.334 I/System.out( 7310): result:{"bonusInformation":[],"message":"","success":true}
06-05 18:35:29.351 I/System.out( 7310): URI: //
06-05 18:35:29.351 I/System.out( 7310): params: {json={"command":"keyboard_enter_text","arguments":["Gris brown"]}
06-05 18:35:29.351 I/System.out( 7310): }
06-05 18:35:29.351 I/System.out( 7310): header: {content-type=application/json;charset=utf-8, date=Fri, 05 Jun 2020 23:35:29 GMT, accept=*/*, host=127.0.0.1:34783, content-length=60, user-agent=HTTPClient/1.0 (2.8.3, ruby 2.5.1 (2018-03-29))}
06-05 18:35:29.351 I/System.out( 7310): params: {json={"command":"keyboard_enter_text","arguments":["Gris brown"]}
06-05 18:35:29.351 I/System.out( 7310): }
06-05 18:35:29.351 I/System.out( 7310): ProP json = {"command":"keyboard_enter_text","arguments":["Gris brown"]}
06-05 18:35:29.351 I/System.out( 7310): files: {}
06-05 18:35:29.351 I/System.out( 7310): command: {"command":"keyboard_enter_text","arguments":["Gris brown"]}
06-05 18:35:29.352 I/InstrumentationBackend( 7310): Got command:'Command:'Line:null,keyboard_enter_text', arguments:'[Gris brown]'
06-05 18:35:29.352 E/SpannableStringBuilder( 7310): SPAN_EXCLUSIVE_EXCLUSIVE spans cannot have a zero length
06-05 18:35:29.352 E/SpannableStringBuilder( 7310): SPAN_EXCLUSIVE_EXCLUSIVE spans cannot have a zero length
06-05 18:35:29.358 E/SpannableStringBuilder( 7310): SPAN_EXCLUSIVE_EXCLUSIVE spans cannot have a zero length
06-05 18:35:29.358 E/SpannableStringBuilder( 7310): SPAN_EXCLUSIVE_EXCLUSIVE spans cannot have a zero length
06-05 18:35:29.361 I/System.out( 7310): result:{"bonusInformation":[],"message":"","success":true}
06-05 18:35:29.364 I/System.out( 7310): URI: //
06-05 18:35:29.364 I/System.out( 7310): params: {json={"command":"press_key","arguments":["KEYCODE_BACK"]}
06-05 18:35:29.364 I/System.out( 7310): }
06-05 18:35:29.364 I/System.out( 7310): header: {content-type=application/json;charset=utf-8, date=Fri, 05 Jun 2020 23:35:29 GMT, accept=*/*, host=127.0.0.1:34783, content-length=52, user-agent=HTTPClient/1.0 (2.8.3, ruby 2.5.1 (2018-03-29))}
06-05 18:35:29.364 I/System.out( 7310): params: {json={"command":"press_key","arguments":["KEYCODE_BACK"]}
06-05 18:35:29.364 I/System.out( 7310): }
06-05 18:35:29.364 I/System.out( 7310): ProP json = {"command":"press_key","arguments":["KEYCODE_BACK"]}
06-05 18:35:29.364 I/System.out( 7310): files: {}
06-05 18:35:29.364 I/System.out( 7310): command: {"command":"press_key","arguments":["KEYCODE_BACK"]}
06-05 18:35:29.365 I/InstrumentationBackend( 7310): Got command:'Command:'Line:null,press_key', arguments:'[KEYCODE_BACK]'
06-05 18:35:29.398 W/InputMethodService( 1696): Window size has been changed. This may cause jankiness of resizing window: -1 -> -2
06-05 18:35:29.401 I/System.out( 7310): result:{"bonusInformation":[],"message":"","success":true}
06-05 18:35:29.404 I/System.out( 7310): URI: //map
06-05 18:35:29.404 I/System.out( 7310): params: {json={"query":"* marked:'Miles'","operation":{"method_name":"query","arguments":[]}}
06-05 18:35:29.404 I/System.out( 7310): }
06-05 18:35:29.404 D/EGL_emulation( 1711): eglMakeCurrent: 0xa5b6bd80: ver 2 0 (tinfo 0xb1367140)
06-05 18:35:29.405 D/EGL_emulation( 1696): eglMakeCurrent: 0xb4f85720: ver 2 0 (tinfo 0xb4f83530)
06-05 18:35:29.408 V/PhoneStatusBar( 1711): setLightsOn(true)
06-05 18:35:29.408 W/ResourceType( 7310): No package identifier when getting name for resource number 0x00000001
06-05 18:35:29.410 V/PhoneStatusBar( 1711): setLightsOn(true)
06-05 18:35:29.419 I/System.out( 7310): URI: //gesture
06-05 18:35:29.419 I/System.out( 7310): params: {json={"query_timeout":5.0,"gestures":[{"query_string":"* marked:'Miles'","touches":[{"x":50,"y":50,"offset_x":0,"offset_y":0,"wait":0.0,"time":0.2,"release":true,"query_string":null}]}]}
06-05 18:35:29.419 I/System.out( 7310): }
06-05 18:35:29.422 V/PhoneStatusBar( 1711): setLightsOn(true)
06-05 18:35:29.440 W/ResourceType( 7310): No package identifier when getting name for resource number 0x00000001
06-05 18:35:29.590 V/PhoneStatusBar( 1711): setLightsOn(true)
06-05 18:35:29.591 I/WindowManager( 1629): Destroying surface Surface(name=InputMethod) called by com.android.server.wm.WindowStateAnimator.destroySurface:2016 com.android.server.wm.WindowStateAnimator.destroySurfaceLocked:882 com.android.server.wm.WindowState.destroyOrSaveSurface:2100 com.android.server.wm.WindowSurfacePlacer.performSurfacePlacementInner:429 com.android.server.wm.WindowSurfacePlacer.performSurfacePlacementLoop:232 com.android.server.wm.WindowSurfacePlacer.performSurfacePlacement:180 com.android.server.wm.WindowManagerService$H.handleMessage:8086 android.os.Handler.dispatchMessage:102 
06-05 18:35:29.695 V/PhoneStatusBar( 1711): setLightsOn(true)
06-05 18:35:29.704 I/System.out( 7310): URI: //map
06-05 18:35:29.704 I/System.out( 7310): params: {json={"query":"* marked:'Kilometers'","operation":{"method_name":"query","arguments":[]}}
06-05 18:35:29.704 I/System.out( 7310): }
06-05 18:35:29.712 V/PhoneStatusBar( 1711): setLightsOn(true)
06-05 18:35:29.722 V/PhoneStatusBar( 1711): setLightsOn(true)
06-05 18:35:29.756 D/gralloc_ranchu( 1346): gralloc_alloc: Creating ashmem region of size 1597440
06-05 18:35:29.764 V/PhoneStatusBar( 1711): setLightsOn(true)
06-05 18:35:29.765 V/PhoneStatusBar( 1711): setLightsOn(true)
06-05 18:35:29.770 D/gralloc_ranchu( 1346): gralloc_alloc: Creating ashmem region of size 1597440
06-05 18:35:29.771 V/PhoneStatusBar( 1711): setLightsOn(true)
06-05 18:35:29.781 W/ResourceType( 7310): No package identifier when getting name for resource number 0x00000001
06-05 18:35:29.789 I/System.out( 7310): URI: //gesture
06-05 18:35:29.789 I/System.out( 7310): params: {json={"query_timeout":5.0,"gestures":[{"query_string":"* marked:'Kilometers'","touches":[{"x":50,"y":50,"offset_x":0,"offset_y":0,"wait":0.0,"time":0.2,"release":true,"query_string":null}]}]}
06-05 18:35:29.789 I/System.out( 7310): }
06-05 18:35:29.825 W/ResourceType( 7310): No package identifier when getting name for resource number 0x00000001
06-05 18:35:30.021 V/PhoneStatusBar( 1711): setLightsOn(true)
06-05 18:35:30.057 W/audio_hw_generic( 1394): Not supplying enough data to HAL, expected position 480453890 , only wrote 480453840
06-05 18:35:30.057 V/PhoneStatusBar( 1711): setLightsOn(true)
06-05 18:35:30.061 V/PhoneStatusBar( 1711): setLightsOn(true)
06-05 18:35:30.071 W/InputEventReceiver( 7310): Attempted to finish an input event but the input event receiver has already been disposed.
06-05 18:35:30.072 I/System.out( 7310): URI: //map
06-05 18:35:30.072 I/System.out( 7310): params: {json={"query":"* marked:'Gallons'","operation":{"method_name":"query","arguments":[]}}
06-05 18:35:30.072 I/System.out( 7310): }
06-05 18:35:30.097 W/InputMethodManagerService( 1629): Window already focused, ignoring focus gain of: com.android.internal.view.IInputMethodClient$Stub$Proxy@40212c6 attribute=null, token = android.os.BinderProxy@f8bd2ec
06-05 18:35:30.144 W/ResourceType( 7310): No package identifier when getting name for resource number 0x00000001
06-05 18:35:30.153 I/System.out( 7310): URI: //gesture
06-05 18:35:30.153 I/System.out( 7310): params: {json={"query_timeout":5.0,"gestures":[{"query_string":"* marked:'Gallons'","touches":[{"x":50,"y":50,"offset_x":0,"offset_y":0,"wait":0.0,"time":0.2,"release":true,"query_string":null}]}]}
06-05 18:35:30.153 I/System.out( 7310): }
06-05 18:35:30.157 W/ResourceType( 7310): No package identifier when getting name for resource number 0x00000001
06-05 18:35:30.337 I/WindowManager( 1629): Destroying surface Surface(name=com.evancharlton.mileage/com.evancharlton.mileage.VehicleActivity) called by com.android.server.wm.WindowStateAnimator.destroySurface:2016 com.android.server.wm.WindowStateAnimator.destroySurfaceLocked:882 com.android.server.wm.WindowState.destroyOrSaveSurface:2100 com.android.server.wm.AppWindowToken.destroySurfaces:363 com.android.server.wm.WindowStateAnimator.finishExit:565 com.android.server.wm.WindowStateAnimator.stepAnimationLocked:491 com.android.server.wm.WindowAnimator.updateWindowsLocked:303 com.android.server.wm.WindowAnimator.animateLocked:704 
06-05 18:35:30.338 V/PhoneStatusBar( 1711): setLightsOn(true)
06-05 18:35:30.341 V/PhoneStatusBar( 1711): setLightsOn(true)
06-05 18:35:30.392 V/PhoneStatusBar( 1711): setLightsOn(true)
06-05 18:35:30.400 I/System.out( 7310): URI: //map
06-05 18:35:30.400 I/System.out( 7310): params: {json={"query":"* marked:'Litres'","operation":{"method_name":"query","arguments":[]}}
06-05 18:35:30.400 I/System.out( 7310): }
06-05 18:35:30.406 V/PhoneStatusBar( 1711): setLightsOn(true)
06-05 18:35:30.421 V/PhoneStatusBar( 1711): setLightsOn(true)
06-05 18:35:30.468 D/gralloc_ranchu( 1346): gralloc_alloc: Creating ashmem region of size 2220032
06-05 18:35:30.483 V/PhoneStatusBar( 1711): setLightsOn(true)
06-05 18:35:30.483 W/ResourceType( 7310): No package identifier when getting name for resource number 0x00000001
06-05 18:35:30.484 D/gralloc_ranchu( 1346): gralloc_alloc: Creating ashmem region of size 2220032
06-05 18:35:30.484 V/PhoneStatusBar( 1711): setLightsOn(true)
06-05 18:35:30.488 V/PhoneStatusBar( 1711): setLightsOn(true)
06-05 18:35:30.493 I/System.out( 7310): URI: //gesture
06-05 18:35:30.493 I/System.out( 7310): params: {json={"query_timeout":5.0,"gestures":[{"query_string":"* marked:'Litres'","touches":[{"x":50,"y":50,"offset_x":0,"offset_y":0,"wait":0.0,"time":0.2,"release":true,"query_string":null}]}]}
06-05 18:35:30.493 I/System.out( 7310): }
06-05 18:35:30.572 W/ResourceType( 7310): No package identifier when getting name for resource number 0x00000001
06-05 18:35:30.738 V/PhoneStatusBar( 1711): setLightsOn(true)
06-05 18:35:30.810 V/PhoneStatusBar( 1711): setLightsOn(true)
06-05 18:35:30.811 V/PhoneStatusBar( 1711): setLightsOn(true)
06-05 18:35:30.837 I/System.out( 7310): URI: //map
06-05 18:35:30.838 I/System.out( 7310): params: {json={"query":"* marked:'Miles / Gallon'","operation":{"method_name":"query","arguments":[]}}
06-05 18:35:30.838 I/System.out( 7310): }
06-05 18:35:30.838 W/InputEventReceiver( 7310): Attempted to finish an input event but the input event receiver has already been disposed.
06-05 18:35:30.863 W/InputMethodManagerService( 1629): Window already focused, ignoring focus gain of: com.android.internal.view.IInputMethodClient$Stub$Proxy@cf2d5dd attribute=null, token = android.os.BinderProxy@f8bd2ec
06-05 18:35:30.911 W/ResourceType( 7310): No package identifier when getting name for resource number 0x00000001
06-05 18:35:30.923 I/System.out( 7310): URI: //gesture
06-05 18:35:30.923 I/System.out( 7310): params: {json={"query_timeout":5.0,"gestures":[{"query_string":"* marked:'Miles / Gallon'","touches":[{"x":50,"y":50,"offset_x":0,"offset_y":0,"wait":0.0,"time":0.2,"release":true,"query_string":null}]}]}
06-05 18:35:30.923 I/System.out( 7310): }
06-05 18:35:30.928 W/ResourceType( 7310): No package identifier when getting name for resource number 0x00000001
06-05 18:35:31.104 I/WindowManager( 1629): Destroying surface Surface(name=com.evancharlton.mileage/com.evancharlton.mileage.VehicleActivity) called by com.android.server.wm.WindowStateAnimator.destroySurface:2016 com.android.server.wm.WindowStateAnimator.destroySurfaceLocked:882 com.android.server.wm.WindowState.destroyOrSaveSurface:2100 com.android.server.wm.AppWindowToken.destroySurfaces:363 com.android.server.wm.WindowStateAnimator.finishExit:565 com.android.server.wm.WindowStateAnimator.stepAnimationLocked:491 com.android.server.wm.WindowAnimator.updateWindowsLocked:303 com.android.server.wm.WindowAnimator.animateLocked:704 
06-05 18:35:31.105 V/PhoneStatusBar( 1711): setLightsOn(true)
06-05 18:35:31.107 V/PhoneStatusBar( 1711): setLightsOn(true)
06-05 18:35:31.167 V/PhoneStatusBar( 1711): setLightsOn(true)
06-05 18:35:31.176 V/PhoneStatusBar( 1711): setLightsOn(true)
06-05 18:35:31.182 I/System.out( 7310): URI: //map
06-05 18:35:31.183 I/System.out( 7310): params: {json={"query":"* marked:'Km / Litre'","operation":{"method_name":"query","arguments":[]}}
06-05 18:35:31.183 I/System.out( 7310): }
06-05 18:35:31.188 V/PhoneStatusBar( 1711): setLightsOn(true)
06-05 18:35:31.230 D/gralloc_ranchu( 1346): gralloc_alloc: Creating ashmem region of size 5959680
06-05 18:35:31.248 V/PhoneStatusBar( 1711): setLightsOn(true)
06-05 18:35:31.249 D/gralloc_ranchu( 1346): gralloc_alloc: Creating ashmem region of size 5959680
06-05 18:35:31.250 V/PhoneStatusBar( 1711): setLightsOn(true)
06-05 18:35:31.255 V/PhoneStatusBar( 1711): setLightsOn(true)
06-05 18:35:31.286 W/ResourceType( 7310): No package identifier when getting name for resource number 0x00000001
06-05 18:35:31.298 I/System.out( 7310): URI: //gesture
06-05 18:35:31.298 I/System.out( 7310): params: {json={"query_timeout":5.0,"gestures":[{"query_string":"* marked:'Km / Litre'","touches":[{"x":50,"y":50,"offset_x":0,"offset_y":0,"wait":0.0,"time":0.2,"release":true,"query_string":null}]}]}
06-05 18:35:31.298 I/System.out( 7310): }
06-05 18:35:31.387 W/ResourceType( 7310): No package identifier when getting name for resource number 0x00000001
06-05 18:35:31.521 V/PhoneStatusBar( 1711): setLightsOn(true)
06-05 18:35:31.622 V/PhoneStatusBar( 1711): setLightsOn(true)
06-05 18:35:31.624 V/PhoneStatusBar( 1711): setLightsOn(true)
06-05 18:35:31.631 I/System.out( 7310): URI: //map
06-05 18:35:31.631 I/System.out( 7310): params: {json={"query":"* marked:'Add new vehicle'","operation":{"method_name":"query","arguments":[]}}
06-05 18:35:31.631 I/System.out( 7310): }
06-05 18:35:31.637 W/InputEventReceiver( 7310): Attempted to finish an input event but the input event receiver has already been disposed.
06-05 18:35:31.665 W/InputMethodManagerService( 1629): Window already focused, ignoring focus gain of: com.android.internal.view.IInputMethodClient$Stub$Proxy@aca920 attribute=null, token = android.os.BinderProxy@f8bd2ec
06-05 18:35:31.704 W/ResourceType( 7310): No package identifier when getting name for resource number 0x00000001
06-05 18:35:31.711 I/System.out( 7310): URI: //gesture
06-05 18:35:31.711 I/System.out( 7310): params: {json={"query_timeout":5.0,"gestures":[{"query_string":"* marked:'Add new vehicle'","touches":[{"x":50,"y":50,"offset_x":0,"offset_y":0,"wait":0.0,"time":0.2,"release":true,"query_string":null}]}]}
06-05 18:35:31.711 I/System.out( 7310): }
06-05 18:35:31.715 W/ResourceType( 7310): No package identifier when getting name for resource number 0x00000001
06-05 18:35:31.904 I/WindowManager( 1629): Destroying surface Surface(name=com.evancharlton.mileage/com.evancharlton.mileage.VehicleActivity) called by com.android.server.wm.WindowStateAnimator.destroySurface:2016 com.android.server.wm.WindowStateAnimator.destroySurfaceLocked:882 com.android.server.wm.WindowState.destroyOrSaveSurface:2100 com.android.server.wm.AppWindowToken.destroySurfaces:363 com.android.server.wm.WindowStateAnimator.finishExit:565 com.android.server.wm.WindowStateAnimator.stepAnimationLocked:491 com.android.server.wm.WindowAnimator.updateWindowsLocked:303 com.android.server.wm.WindowAnimator.animateLocked:704 
06-05 18:35:31.905 V/PhoneStatusBar( 1711): setLightsOn(true)
06-05 18:35:31.909 V/PhoneStatusBar( 1711): setLightsOn(true)
06-05 18:35:31.956 V/PhoneStatusBar( 1711): setLightsOn(true)
06-05 18:35:31.958 I/System.out( 7310): URI: //map
06-05 18:35:31.958 I/System.out( 7310): params: {json={"query":"* {text CONTAINS[c] 'Javier Vehicle'}","operation":{"method_name":"query","arguments":[]}}
06-05 18:35:31.958 I/System.out( 7310): }
06-05 18:35:31.968 D/Mileage.ABS( 7310): Finished backup
06-05 18:35:31.969 D/Mileage.ABS( 7310): Not backing up; 9
06-05 18:35:31.998 D/Mileage.ABS( 7310): Not backing up; 38
06-05 18:35:31.999 V/PhoneStatusBar( 1711): setLightsOn(true)
06-05 18:35:32.002 W/ActivityManager( 1629): Bad activity token: android.os.BinderProxy@b80cea8
06-05 18:35:32.002 W/ActivityManager( 1629): java.lang.ClassCastException: android.os.BinderProxy cannot be cast to com.android.server.am.ActivityRecord$Token
06-05 18:35:32.002 W/ActivityManager( 1629): 	at com.android.server.am.ActivityRecord.forTokenLocked(ActivityRecord.java:586)
06-05 18:35:32.002 W/ActivityManager( 1629): 	at com.android.server.am.ActivityRecord.isInStackLocked(ActivityRecord.java:1327)
06-05 18:35:32.002 W/ActivityManager( 1629): 	at com.android.server.am.ActivityManagerService.getActivityOptions(ActivityManagerService.java:12559)
06-05 18:35:32.002 W/ActivityManager( 1629): 	at android.app.ActivityManagerNative.onTransact(ActivityManagerNative.java:1933)
06-05 18:35:32.002 W/ActivityManager( 1629): 	at com.android.server.am.ActivityManagerService.onTransact(ActivityManagerService.java:2757)
06-05 18:35:32.002 W/ActivityManager( 1629): 	at android.os.Binder.execTransact(Binder.java:565)
06-05 18:35:32.004 D/EGL_emulation( 1711): eglMakeCurrent: 0xa5b6bd80: ver 2 0 (tinfo 0xb1367140)
06-05 18:35:32.004 V/PhoneStatusBar( 1711): setLightsOn(true)
06-05 18:35:32.020 D/gralloc_ranchu( 1346): gralloc_alloc: Creating ashmem region of size 9023488
06-05 18:35:32.020 V/PhoneStatusBar( 1711): setLightsOn(true)
