--------- beginning of system
06-05 23:02:26.385 W/ActivityManager( 1631): Duplicate finish request for ActivityRecord{40a5999 u0 com.evancharlton.mileage/.Mileage t9045 f}
06-05 23:02:26.385 W/ActivityManager( 1631): Duplicate finish request for ActivityRecord{40a5999 u0 com.evancharlton.mileage/.Mileage t9045 f}
06-05 23:02:26.385 W/ActivityManager( 1631): Duplicate finish request for ActivityRecord{40a5999 u0 com.evancharlton.mileage/.Mileage t9045 f}
06-05 23:02:26.385 W/ActivityManager( 1631): Duplicate finish request for ActivityRecord{40a5999 u0 com.evancharlton.mileage/.Mileage t9045 f}
06-05 23:02:26.385 W/ActivityManager( 1631): Duplicate finish request for ActivityRecord{40a5999 u0 com.evancharlton.mileage/.Mileage t9045 f}
--------- beginning of main
06-05 23:02:26.386 V/PhoneStatusBar( 1712): setLightsOn(true)
06-05 23:02:26.387 W/ActivityManager( 1631): Duplicate finish request for ActivityRecord{8db8296 u0 com.evancharlton.mileage/.VehicleTypeListActivity t9045 f}
06-05 23:02:26.388 V/PhoneStatusBar( 1712): setLightsOn(true)
06-05 23:02:26.389 V/PhoneStatusBar( 1712): setLightsOn(true)
06-05 23:02:26.390 V/PhoneStatusBar( 1712): setLightsOn(true)
06-05 23:02:26.391 W/ActivityManager( 1631): Finishing task with all activities already finished
06-05 23:02:26.391 W/ActivityManager( 1631): Duplicate finish request for ActivityRecord{e02c788 u0 com.evancharlton.mileage/.VehicleTypeActivity t9045 f}
06-05 23:02:26.402 D/gralloc_ranchu( 1347): gralloc_alloc: Creating ashmem region of size 3145728
06-05 23:02:26.406 E/EGL_emulation( 1347): tid 1347: eglCreateSyncKHR(1901): error 0x3004 (EGL_BAD_ATTRIBUTE)
06-05 23:02:26.447 D/EGL_emulation( 1712): eglMakeCurrent: 0xb0685360: ver 2 0 (tinfo 0xb06836c0)
06-05 23:02:26.472 D/EGL_emulation( 1712): eglMakeCurrent: 0xb0685360: ver 2 0 (tinfo 0xb06836c0)
06-05 23:02:26.473 D/EGL_emulation( 2076): eglMakeCurrent: 0xb0685360: ver 2 0 (tinfo 0xb06836b0)
06-05 23:02:26.474 D/EGL_emulation( 1712): eglMakeCurrent: 0xb0685360: ver 2 0 (tinfo 0xb06836c0)
06-05 23:02:26.500 D/AndroidRuntime(14852): >>>>>> START com.android.internal.os.RuntimeInit uid 2000 <<<<<<
06-05 23:02:26.501 D/AndroidRuntime(14852): CheckJNI is ON
06-05 23:02:26.511 W/art     (14852): Unexpected CPU variant for X86 using defaults: x86
06-05 23:02:26.513 D/ICU     (14852): No timezone override file found: /data/misc/zoneinfo/current/icu/icu_tzdata.dat
06-05 23:02:26.516 W/IInputConnectionWrapper(14781): reportFullscreenMode on inexistent InputConnection
06-05 23:02:26.516 W/IInputConnectionWrapper(14781): finishComposingText on inactive InputConnection
06-05 23:02:26.521 E/memtrack(14852): Couldn't load memtrack module (No such file or directory)
06-05 23:02:26.521 E/android.os.Debug(14852): failed to load memtrack module: -2
06-05 23:02:26.522 I/Radio-JNI(14852): register_android_hardware_Radio DONE
06-05 23:02:26.525 D/AndroidRuntime(14852): Calling main entry com.android.commands.am.Am
06-05 23:02:26.527 I/ActivityManager( 1631): Force stopping com.evancharlton.mileage appid=10326 user=0: start instr
06-05 23:02:26.527 I/ActivityManager( 1631): Killing 14781:com.evancharlton.mileage/u0a326 (adj 0): stop com.evancharlton.mileage
06-05 23:02:26.527 D/ActivityManager( 1631): cleanUpApplicationRecord -- 14781
06-05 23:02:26.536 E/JavaBinder( 1631): !!! FAILED BINDER TRANSACTION !!!  (parcel size = 56)
06-05 23:02:26.538 I/WindowManager( 1631): Destroying surface Surface(name=com.evancharlton.mileage/com.evancharlton.mileage.VehicleTypeActivity) called by com.android.server.wm.WindowStateAnimator.destroySurface:2016 com.android.server.wm.WindowStateAnimator.destroySurfaceLocked:882 com.android.server.wm.WindowState.removeLocked:1456 com.android.server.wm.WindowManagerService.removeWindowInnerLocked:2484 com.android.server.wm.WindowManagerService.removeWindowLocked:2442 com.android.server.wm.WindowManagerService.removeWindowLocked:2311 com.android.server.wm.AppWindowToken.removeAllWindows:530 com.android.server.wm.AppWindowToken.removeAppFromTaskLocked:326 
06-05 23:02:26.551 W/ActivityManager( 1631): Crash of app com.evancharlton.mileage running instrumentation ComponentInfo{com.evancharlton.mileage.test/sh.calaba.instrumentationbackend.CalabashInstrumentationTestRunner}
06-05 23:02:26.551 I/ActivityManager( 1631): Force stopping com.evancharlton.mileage appid=10326 user=0: finished inst
06-05 23:02:26.554 I/art     (14862): Not late-enabling -Xcheck:jni (already on)
06-05 23:02:26.554 W/art     (14862): Unexpected CPU variant for X86 using defaults: x86
06-05 23:02:26.562 I/ActivityManager( 1631): Start proc 14862:com.evancharlton.mileage/u0a326 for added application com.evancharlton.mileage
06-05 23:02:26.562 D/AndroidRuntime(14852): Shutting down VM
06-05 23:02:26.568 W/System  (14862): ClassLoader referenced unknown path: /data/app/com.evancharlton.mileage.test-1/lib/x86
06-05 23:02:26.568 W/System  (14862): ClassLoader referenced unknown path: /data/app/com.evancharlton.mileage-1/lib/x86
06-05 23:02:26.570 W/System  (14862): ClassLoader referenced unknown path: 
06-05 23:02:26.575 I/System.out(14862): Main activity name automatically set to: com.evancharlton.mileage.Mileage
06-05 23:02:26.576 I/System.out(14862): Calabash did not load Mono. This is only a problem if you are trying to test a Mono application
06-05 23:02:26.576 I/calabash(14862): Test server port: 7102
06-05 23:02:26.576 I/InstrumentationBackend(14862): Added:'GetPreferences', with key:'get_preferences'
06-05 23:02:26.580 I/InstrumentationBackend(14862): Added:'SetPreferences', with key:'set_preferences'
06-05 23:02:26.581 I/InstrumentationBackend(14862): Added:'ClearPreferences', with key:'clear_preferences'
06-05 23:02:26.581 I/InstrumentationBackend(14862): Added:'PressElement', with key:'press_l10n_element'
06-05 23:02:26.581 I/InstrumentationBackend(14862): Added:'WaitForElement', with key:'wait_for_l10n_element'
06-05 23:02:26.581 I/InstrumentationBackend(14862): Added:'NullAction', with key:'nullAction'
06-05 23:02:26.581 I/InstrumentationBackend(14862): Added:'PressKey', with key:'press_key'
06-05 23:02:26.581 I/InstrumentationBackend(14862): Added:'SetActivityOrientation', with key:'set_activity_orientation'
06-05 23:02:26.581 I/InstrumentationBackend(14862): Added:'GetActivityOrientation', with key:'get_activity_orientation'
06-05 23:02:26.581 I/InstrumentationBackend(14862): Added:'FakeGPSLocation', with key:'set_gps_coordinates'
06-05 23:02:26.581 I/InstrumentationBackend(14862): Added:'SetPropertyByCssSelector', with key:'set_property_by_css_selector'
06-05 23:02:26.581 I/InstrumentationBackend(14862): Added:'GetUrl', with key:'get_url'
06-05 23:02:26.581 I/InstrumentationBackend(14862): Added:'ScrollTo', with key:'scroll_to'
06-05 23:02:26.581 I/InstrumentationBackend(14862): Added:'GetLoadProgress', with key:'get_load_progress'
06-05 23:02:26.582 I/InstrumentationBackend(14862): Added:'DumpHtml', with key:'dump_html'
06-05 23:02:26.582 I/InstrumentationBackend(14862): Added:'DumpBodyHtml', with key:'dump_body_html'
06-05 23:02:26.582 I/InstrumentationBackend(14862): Added:'EnterTextByCssSelector', with key:'enter_text_by_selector'
06-05 23:02:26.582 I/InstrumentationBackend(14862): Added:'AndroidSDKVersion', with key:'android_sdk_version'
06-05 23:02:26.582 I/InstrumentationBackend(14862): Added:'Version', with key:'version'
06-05 23:02:26.582 I/InstrumentationBackend(14862): Added:'Drag', with key:'drag'
06-05 23:02:26.582 I/InstrumentationBackend(14862): Added:'TouchCoordinates', with key:'touch_coordinate'
06-05 23:02:26.582 I/InstrumentationBackend(14862): Added:'LongPressCoordinate', with key:'long_press_coordinate'
06-05 23:02:26.582 I/InstrumentationBackend(14862): Added:'DragCoordinates', with key:'drag_coordinates'
06-05 23:02:26.582 I/InstrumentationBackend(14862): Added:'ResumeApplication', with key:'resume_application'
06-05 23:02:26.582 I/InstrumentationBackend(14862): Added:'Swipe', with key:'swipe'
06-05 23:02:26.582 I/InstrumentationBackend(14862): Added:'DoubleTapCoordinate', with key:'double_tap_coordinate'
06-05 23:02:26.582 I/InstrumentationBackend(14862): Added:'ClickOnScreen', with key:'click_on_screen'
06-05 23:02:26.582 I/InstrumentationBackend(14862): Added:'GetActivityName', with key:'get_activity_name'
06-05 23:02:26.582 I/InstrumentationBackend(14862): Added:'ScrollToView', with key:'scroll_to_view'
06-05 23:02:26.583 I/InstrumentationBackend(14862): Added:'ViewConfiguration', with key:'view_configuration'
06-05 23:02:26.583 I/InstrumentationBackend(14862): Added:'IsCurrentActivityFocused', with key:'is_current_activity_focused'
06-05 23:02:26.583 I/InstrumentationBackend(14862): Added:'SendTcp', with key:'send_tcp'
06-05 23:02:26.583 I/InstrumentationBackend(14862): Added:'DpToDevicePixel', with key:'dp_to_device_pixel'
06-05 23:02:26.583 I/InstrumentationBackend(14862): Added:'KeyboardEnterText', with key:'keyboard_enter_text'
06-05 23:02:26.583 I/InstrumentationBackend(14862): Added:'DeleteSurroundingText', with key:'delete_surrounding_text'
06-05 23:02:26.583 I/InstrumentationBackend(14862): Added:'SetComposingRegion', with key:'set_composing_region'
06-05 23:02:26.583 I/InstrumentationBackend(14862): Added:'SetSelection', with key:'set_selection'
06-05 23:02:26.583 I/InstrumentationBackend(14862): Added:'KeyboardKeyEvent', with key:'keyboard_key_event'
06-05 23:02:26.583 I/InstrumentationBackend(14862): Added:'PressUserActionButton', with key:'press_user_action_button'
06-05 23:02:26.583 I/InstrumentationBackend(14862): Added:'HideSoftKeyboard', with key:'hide_soft_keyboard'
06-05 23:02:26.583 I/InstrumentationBackend(14862): Added:'ListActions', with key:'list_actions'
06-05 23:02:26.584 I/calabash(14862): Instantiating http server at 7102
06-05 23:02:26.584 I/System.out(14862): HTTP Daemon listening on: 7102
06-05 23:02:26.603 D/EGL_emulation( 1712): eglMakeCurrent: 0xb0685360: ver 2 0 (tinfo 0xb06836c0)
06-05 23:02:26.605 D/EGL_emulation( 1712): eglMakeCurrent: 0xb0685360: ver 2 0 (tinfo 0xb06836c0)
06-05 23:02:26.620 D/EGL_emulation( 1712): eglMakeCurrent: 0xb0685360: ver 2 0 (tinfo 0xb06836c0)
06-05 23:02:26.626 D/EGL_emulation( 1712): eglMakeCurrent: 0xb0685360: ver 2 0 (tinfo 0xb06836c0)
06-05 23:02:26.635 D/EGL_emulation( 1712): eglMakeCurrent: 0xb0685360: ver 2 0 (tinfo 0xb06836c0)
06-05 23:02:26.640 D/EGL_emulation( 1712): eglMakeCurrent: 0xb0685360: ver 2 0 (tinfo 0xb06836c0)
06-05 23:02:26.652 D/EGL_emulation( 1712): eglMakeCurrent: 0xb0685360: ver 2 0 (tinfo 0xb06836c0)
06-05 23:02:26.673 D/EGL_emulation( 1712): eglMakeCurrent: 0xb0685360: ver 2 0 (tinfo 0xb06836c0)
06-05 23:02:26.677 I/System.out(14862): URI: //ping
06-05 23:02:26.678 I/System.out(14862): params: {json={}
06-05 23:02:26.678 I/System.out(14862): }
06-05 23:02:26.683 D/EGL_emulation( 1712): eglMakeCurrent: 0xb0685360: ver 2 0 (tinfo 0xb06836c0)
06-05 23:02:26.686 I/System.out(14862): URI: //ping
06-05 23:02:26.686 I/System.out(14862): params: {json={}
06-05 23:02:26.686 I/System.out(14862): }
06-05 23:02:26.689 D/EGL_emulation( 1712): eglMakeCurrent: 0xb0685360: ver 2 0 (tinfo 0xb06836c0)
06-05 23:02:26.695 D/EGL_emulation( 1712): eglMakeCurrent: 0xb0685360: ver 2 0 (tinfo 0xb06836c0)
06-05 23:02:26.695 I/System.out(14862): URI: //ready
06-05 23:02:26.695 I/System.out(14862): params: {json={}
06-05 23:02:26.695 I/System.out(14862): }
06-05 23:02:26.702 I/System.out(14862): URI: //
06-05 23:02:26.702 I/System.out(14862): params: {json={"command":"version","arguments":[]}
06-05 23:02:26.702 I/System.out(14862): }
06-05 23:02:26.702 I/System.out(14862): header: {content-type=application/json;charset=utf-8, date=Sat, 06 Jun 2020 04:02:26 GMT, accept=*/*, host=127.0.0.1:34777, content-length=36, user-agent=HTTPClient/1.0 (2.8.3, ruby 2.5.1 (2018-03-29))}
06-05 23:02:26.702 I/System.out(14862): params: {json={"command":"version","arguments":[]}
06-05 23:02:26.702 I/System.out(14862): }
06-05 23:02:26.703 I/System.out(14862): ProP json = {"command":"version","arguments":[]}
06-05 23:02:26.703 I/System.out(14862): files: {}
06-05 23:02:26.703 I/System.out(14862): command: {"command":"version","arguments":[]}
06-05 23:02:26.704 D/EGL_emulation( 1712): eglMakeCurrent: 0xb0685360: ver 2 0 (tinfo 0xb06836c0)
06-05 23:02:26.710 D/EGL_emulation( 1712): eglMakeCurrent: 0xb0685360: ver 2 0 (tinfo 0xb06836c0)
06-05 23:02:26.715 I/InstrumentationBackend(14862): Got command:'Command:'Line:null,version', arguments:'[]'
06-05 23:02:26.718 D/EGL_emulation( 1712): eglMakeCurrent: 0xb0685360: ver 2 0 (tinfo 0xb06836c0)
06-05 23:02:26.723 D/EGL_emulation( 1712): eglMakeCurrent: 0xb0685360: ver 2 0 (tinfo 0xb06836c0)
06-05 23:02:26.735 I/System.out(14862): result:{"bonusInformation":[],"message":"0.9.8","success":true}
06-05 23:02:26.736 D/EGL_emulation( 1712): eglMakeCurrent: 0xb0685360: ver 2 0 (tinfo 0xb06836c0)
06-05 23:02:26.740 I/System.out(14862): URI: //start-application
06-05 23:02:26.740 I/System.out(14862): params: {json={"intent":null}
06-05 23:02:26.740 I/System.out(14862): }
06-05 23:02:26.742 D/EGL_emulation( 1712): eglMakeCurrent: 0xb0685360: ver 2 0 (tinfo 0xb06836c0)
06-05 23:02:26.751 D/EGL_emulation( 1712): eglMakeCurrent: 0xb0685360: ver 2 0 (tinfo 0xb06836c0)
06-05 23:02:26.755 D/EGL_emulation( 1712): eglMakeCurrent: 0xb0685360: ver 2 0 (tinfo 0xb06836c0)
06-05 23:02:26.768 I/ActivityManager( 1631): START u0 {act=android.intent.action.MAIN cat=[android.intent.category.LAUNCHER] flg=0x10200000 cmp=com.evancharlton.mileage/.Mileage} from uid 10326 on display 0
06-05 23:02:26.793 I/calabash(14862): newActivity1
06-05 23:02:26.796 D/EGL_emulation( 2076): eglMakeCurrent: 0xb0685360: ver 2 0 (tinfo 0xb06836b0)
06-05 23:02:26.810 I/calabash(14862): newActivity1
06-05 23:02:26.812 W/ActivityManager( 1631): Bad activity token: android.os.BinderProxy@69fe639
06-05 23:02:26.812 W/ActivityManager( 1631): java.lang.ClassCastException: android.os.BinderProxy cannot be cast to com.android.server.am.ActivityRecord$Token
06-05 23:02:26.812 W/ActivityManager( 1631): 	at com.android.server.am.ActivityRecord.forTokenLocked(ActivityRecord.java:586)
06-05 23:02:26.812 W/ActivityManager( 1631): 	at com.android.server.am.ActivityRecord.isInStackLocked(ActivityRecord.java:1327)
06-05 23:02:26.812 W/ActivityManager( 1631): 	at com.android.server.am.ActivityRecord.getStackLocked(ActivityRecord.java:1332)
06-05 23:02:26.812 W/ActivityManager( 1631): 	at com.android.server.am.ActivityManagerService.getActivityDisplayId(ActivityManagerService.java:9806)
06-05 23:02:26.812 W/ActivityManager( 1631): 	at android.app.ActivityManagerNative.onTransact(ActivityManagerNative.java:2566)
06-05 23:02:26.812 W/ActivityManager( 1631): 	at com.android.server.am.ActivityManagerService.onTransact(ActivityManagerService.java:2757)
06-05 23:02:26.812 W/ActivityManager( 1631): 	at android.os.Binder.execTransact(Binder.java:565)
06-05 23:02:26.814 W/ActivityManager( 1631): Bad activity token: android.os.BinderProxy@69fe639
06-05 23:02:26.814 W/ActivityManager( 1631): java.lang.ClassCastException: android.os.BinderProxy cannot be cast to com.android.server.am.ActivityRecord$Token
06-05 23:02:26.814 W/ActivityManager( 1631): 	at com.android.server.am.ActivityRecord.forTokenLocked(ActivityRecord.java:586)
06-05 23:02:26.814 W/ActivityManager( 1631): 	at com.android.server.am.ActivityRecord.isInStackLocked(ActivityRecord.java:1327)
06-05 23:02:26.814 W/ActivityManager( 1631): 	at com.android.server.am.ActivityManagerService.setTaskDescription(ActivityManagerService.java:9358)
06-05 23:02:26.814 W/ActivityManager( 1631): 	at android.app.ActivityManagerNative.onTransact(ActivityManagerNative.java:2639)
06-05 23:02:26.814 W/ActivityManager( 1631): 	at com.android.server.am.ActivityManagerService.onTransact(ActivityManagerService.java:2757)
06-05 23:02:26.814 W/ActivityManager( 1631): 	at android.os.Binder.execTransact(Binder.java:565)
06-05 23:02:26.814 W/ActivityManager( 1631): Bad activity token: android.os.BinderProxy@69fe639
06-05 23:02:26.814 W/ActivityManager( 1631): java.lang.ClassCastException: android.os.BinderProxy cannot be cast to com.android.server.am.ActivityRecord$Token
06-05 23:02:26.814 W/ActivityManager( 1631): 	at com.android.server.am.ActivityRecord.forTokenLocked(ActivityRecord.java:586)
06-05 23:02:26.814 W/ActivityManager( 1631): 	at com.android.server.am.ActivityRecord.isInStackLocked(ActivityRecord.java:1327)
06-05 23:02:26.814 W/ActivityManager( 1631): 	at com.android.server.am.ActivityRecord.getStackLocked(ActivityRecord.java:1332)
06-05 23:02:26.814 W/ActivityManager( 1631): 	at com.android.server.am.ActivityManagerService.getActivityStackId(ActivityManagerService.java:9817)
06-05 23:02:26.814 W/ActivityManager( 1631): 	at android.app.ActivityManagerNative.onTransact(ActivityManagerNative.java:2856)
06-05 23:02:26.814 W/ActivityManager( 1631): 	at com.android.server.am.ActivityManagerService.onTransact(ActivityManagerService.java:2757)
06-05 23:02:26.814 W/ActivityManager( 1631): 	at android.os.Binder.execTransact(Binder.java:565)
06-05 23:02:26.822 D/gralloc_ranchu( 1347): gralloc_alloc: Creating ashmem region of size 9023488
06-05 23:02:26.839 W/audio_hw_generic( 1394): Not supplying enough data to HAL, expected position 225783402 , only wrote 225473760
06-05 23:02:26.848 W/ActivityManager( 1631): Bad activity token: android.os.BinderProxy@69fe639
06-05 23:02:26.848 W/ActivityManager( 1631): java.lang.ClassCastException: android.os.BinderProxy cannot be cast to com.android.server.am.ActivityRecord$Token
06-05 23:02:26.848 W/ActivityManager( 1631): 	at com.android.server.am.ActivityRecord.forTokenLocked(ActivityRecord.java:586)
06-05 23:02:26.848 W/ActivityManager( 1631): 	at com.android.server.am.ActivityRecord.isInStackLocked(ActivityRecord.java:1327)
06-05 23:02:26.848 W/ActivityManager( 1631): 	at com.android.server.am.ActivityManagerService.getActivityOptions(ActivityManagerService.java:12559)
06-05 23:02:26.848 W/ActivityManager( 1631): 	at android.app.ActivityManagerNative.onTransact(ActivityManagerNative.java:1933)
06-05 23:02:26.848 W/ActivityManager( 1631): 	at com.android.server.am.ActivityManagerService.onTransact(ActivityManagerService.java:2757)
06-05 23:02:26.848 W/ActivityManager( 1631): 	at android.os.Binder.execTransact(Binder.java:565)
06-05 23:02:26.849 W/ActivityManager( 1631): Bad activity token: android.os.BinderProxy@69fe639
06-05 23:02:26.849 W/ActivityManager( 1631): java.lang.ClassCastException: android.os.BinderProxy cannot be cast to com.android.server.am.ActivityRecord$Token
06-05 23:02:26.849 W/ActivityManager( 1631): 	at com.android.server.am.ActivityRecord.forTokenLocked(ActivityRecord.java:586)
06-05 23:02:26.849 W/ActivityManager( 1631): 	at com.android.server.am.ActivityRecord.isInStackLocked(ActivityRecord.java:1327)
06-05 23:02:26.849 W/ActivityManager( 1631): 	at com.android.server.am.ActivityManagerService.getActivityOptions(ActivityManagerService.java:12559)
06-05 23:02:26.849 W/ActivityManager( 1631): 	at android.app.ActivityManagerNative.onTransact(ActivityManagerNative.java:1933)
06-05 23:02:26.849 W/ActivityManager( 1631): 	at com.android.server.am.ActivityManagerService.onTransact(ActivityManagerService.java:2757)
06-05 23:02:26.849 W/ActivityManager( 1631): 	at android.os.Binder.execTransact(Binder.java:565)
06-05 23:02:26.872 V/PhoneStatusBar( 1712): setLightsOn(true)
06-05 23:02:26.884 D/EGL_emulation( 1712): eglMakeCurrent: 0xb0685360: ver 2 0 (tinfo 0xb06836c0)
06-05 23:02:26.888 D/EGL_emulation( 1712): eglMakeCurrent: 0xb0685360: ver 2 0 (tinfo 0xb06836c0)
06-05 23:02:26.902 D/EGL_emulation( 1712): eglMakeCurrent: 0xb0685360: ver 2 0 (tinfo 0xb06836c0)
06-05 23:02:26.904 D/gralloc_ranchu( 1347): gralloc_alloc: Creating ashmem region of size 9023488
06-05 23:02:26.911 D/EGL_emulation( 1712): eglMakeCurrent: 0xb0685360: ver 2 0 (tinfo 0xb06836c0)
06-05 23:02:26.912 D/        (14862): HostConnection::get() New Host Connection established 0x942ae000, tid 14862
06-05 23:02:26.914 V/PhoneStatusBar( 1712): setLightsOn(true)
06-05 23:02:26.975 D/EGL_emulation( 1712): eglMakeCurrent: 0xb0685360: ver 2 0 (tinfo 0xb06836c0)
06-05 23:02:26.978 D/EGL_emulation( 1712): eglMakeCurrent: 0xb0685360: ver 2 0 (tinfo 0xb06836c0)
06-05 23:02:26.982 D/EGL_emulation( 1712): eglMakeCurrent: 0xb0685360: ver 2 0 (tinfo 0xb06836c0)
06-05 23:02:26.986 D/EGL_emulation( 1712): eglMakeCurrent: 0xb0685360: ver 2 0 (tinfo 0xb06836c0)
06-05 23:02:26.988 D/EGL_emulation( 1712): eglMakeCurrent: 0xb0685360: ver 2 0 (tinfo 0xb06836c0)
06-05 23:02:26.991 D/EGL_emulation( 1712): eglMakeCurrent: 0xb0685360: ver 2 0 (tinfo 0xb06836c0)
06-05 23:02:27.006 D/EGL_emulation( 1712): eglMakeCurrent: 0xb0685360: ver 2 0 (tinfo 0xb06836c0)
06-05 23:02:27.010 D/EGL_emulation( 1712): eglMakeCurrent: 0xb0685360: ver 2 0 (tinfo 0xb06836c0)
06-05 23:02:27.017 D/EGL_emulation( 1712): eglMakeCurrent: 0xb0685360: ver 2 0 (tinfo 0xb06836c0)
06-05 23:02:27.022 D/EGL_emulation( 1712): eglMakeCurrent: 0xb0685360: ver 2 0 (tinfo 0xb06836c0)
06-05 23:02:27.035 D/gralloc_ranchu( 1347): gralloc_alloc: Creating ashmem region of size 9023488
06-05 23:02:27.037 D/EGL_emulation( 1712): eglMakeCurrent: 0xb0685360: ver 2 0 (tinfo 0xb06836c0)
06-05 23:02:27.059 D/EGL_emulation( 1712): eglMakeCurrent: 0xb0685360: ver 2 0 (tinfo 0xb06836c0)
06-05 23:02:27.064 D/EGL_emulation( 1712): eglMakeCurrent: 0xb0685360: ver 2 0 (tinfo 0xb06836c0)
06-05 23:02:27.064 I/ActivityManager( 1631): Displayed com.evancharlton.mileage/.Mileage: +275ms
06-05 23:02:27.084 D/EGL_emulation( 1712): eglMakeCurrent: 0xb0685360: ver 2 0 (tinfo 0xb06836c0)
06-05 23:02:27.085 V/PhoneStatusBar( 1712): setLightsOn(true)
06-05 23:02:27.090 D/EGL_emulation( 1712): eglMakeCurrent: 0xb0685360: ver 2 0 (tinfo 0xb06836c0)
06-05 23:02:27.094 D/EGL_emulation( 1712): eglMakeCurrent: 0xb0685360: ver 2 0 (tinfo 0xb06836c0)
06-05 23:02:27.094 V/PhoneStatusBar( 1712): setLightsOn(true)
06-05 23:02:27.106 D/EGL_emulation( 1712): eglMakeCurrent: 0xb0685360: ver 2 0 (tinfo 0xb06836c0)
06-05 23:02:27.140 I/System.out(14862): URI: //map
06-05 23:02:27.140 I/System.out(14862): params: {json={"query":"* marked:'Vehicles'","operation":{"method_name":"query","arguments":[]}}
06-05 23:02:27.140 I/System.out(14862): }
06-05 23:02:27.175 W/ResourceType(14862): No package identifier when getting name for resource number 0x00000001
06-05 23:02:27.204 I/System.out(14862): URI: //gesture
06-05 23:02:27.204 I/System.out(14862): params: {json={"query_timeout":5.0,"gestures":[{"query_string":"* marked:'Vehicles'","touches":[{"x":50,"y":50,"offset_x":0,"offset_y":0,"wait":0.0,"time":0.2,"release":true,"query_string":null}]}]}
06-05 23:02:27.204 I/System.out(14862): }
06-05 23:02:27.213 W/ResourceType(14862): No package identifier when getting name for resource number 0x00000001
06-05 23:02:27.278 I/WindowManager( 1631): Destroying surface Surface(name=Starting com.evancharlton.mileage) called by com.android.server.wm.WindowStateAnimator.destroySurface:2016 com.android.server.wm.WindowStateAnimator.destroySurfaceLocked:882 com.android.server.wm.WindowState.destroyOrSaveSurface:2100 com.android.server.wm.AppWindowToken.destroySurfaces:363 com.android.server.wm.WindowStateAnimator.finishExit:565 com.android.server.wm.WindowStateAnimator.stepAnimationLocked:491 com.android.server.wm.WindowAnimator.updateWindowsLocked:303 com.android.server.wm.WindowAnimator.animateLocked:704 
06-05 23:02:27.281 V/PhoneStatusBar( 1712): setLightsOn(true)
06-05 23:02:27.301 V/PhoneStatusBar( 1712): setLightsOn(true)
06-05 23:02:27.317 I/WindowManager( 1631): Destroying surface Surface(name=com.android.launcher3/com.android.launcher3.Launcher) called by com.android.server.wm.WindowStateAnimator.destroySurface:2016 com.android.server.wm.WindowStateAnimator.destroySurfaceLocked:882 com.android.server.wm.WindowState.destroyOrSaveSurface:2100 com.android.server.wm.AppWindowToken.destroySurfaces:363 com.android.server.wm.WindowStateAnimator.finishExit:565 com.android.server.wm.AppWindowAnimator.stepAnimationLocked:427 com.android.server.wm.WindowAnimator.updateAppWindowsLocked:176 com.android.server.wm.WindowAnimator.animateLocked:678 
06-05 23:02:27.351 V/PhoneStatusBar( 1712): setLightsOn(true)
06-05 23:02:27.455 I/calabash(14862): newActivity1
06-05 23:02:27.455 W/audio_hw_generic( 1394): Not supplying enough data to HAL, expected position 225473811 , only wrote 225473760
06-05 23:02:27.456 W/ActivityManager( 1631): Bad activity token: android.os.BinderProxy@5d886eb
06-05 23:02:27.456 W/ActivityManager( 1631): java.lang.ClassCastException: android.os.BinderProxy cannot be cast to com.android.server.am.ActivityRecord$Token
06-05 23:02:27.456 W/ActivityManager( 1631): 	at com.android.server.am.ActivityRecord.forTokenLocked(ActivityRecord.java:586)
06-05 23:02:27.456 W/ActivityManager( 1631): 	at com.android.server.am.ActivityRecord.isInStackLocked(ActivityRecord.java:1327)
06-05 23:02:27.456 W/ActivityManager( 1631): 	at com.android.server.am.ActivityRecord.getStackLocked(ActivityRecord.java:1332)
06-05 23:02:27.456 W/ActivityManager( 1631): 	at com.android.server.am.ActivityManagerService.getActivityDisplayId(ActivityManagerService.java:9806)
06-05 23:02:27.456 W/ActivityManager( 1631): 	at android.app.ActivityManagerNative.onTransact(ActivityManagerNative.java:2566)
06-05 23:02:27.456 W/ActivityManager( 1631): 	at com.android.server.am.ActivityManagerService.onTransact(ActivityManagerService.java:2757)
06-05 23:02:27.456 W/ActivityManager( 1631): 	at android.os.Binder.execTransact(Binder.java:565)
06-05 23:02:27.458 W/ActivityManager( 1631): Bad activity token: android.os.BinderProxy@5d886eb
06-05 23:02:27.458 W/ActivityManager( 1631): java.lang.ClassCastException: android.os.BinderProxy cannot be cast to com.android.server.am.ActivityRecord$Token
06-05 23:02:27.458 W/ActivityManager( 1631): 	at com.android.server.am.ActivityRecord.forTokenLocked(ActivityRecord.java:586)
06-05 23:02:27.458 W/ActivityManager( 1631): 	at com.android.server.am.ActivityRecord.isInStackLocked(ActivityRecord.java:1327)
06-05 23:02:27.458 W/ActivityManager( 1631): 	at com.android.server.am.ActivityManagerService.setTaskDescription(ActivityManagerService.java:9358)
06-05 23:02:27.458 W/ActivityManager( 1631): 	at android.app.ActivityManagerNative.onTransact(ActivityManagerNative.java:2639)
06-05 23:02:27.458 W/ActivityManager( 1631): 	at com.android.server.am.ActivityManagerService.onTransact(ActivityManagerService.java:2757)
06-05 23:02:27.458 W/ActivityManager( 1631): 	at android.os.Binder.execTransact(Binder.java:565)
06-05 23:02:27.459 W/ActivityManager( 1631): Bad activity token: android.os.BinderProxy@5d886eb
06-05 23:02:27.459 W/ActivityManager( 1631): java.lang.ClassCastException: android.os.BinderProxy cannot be cast to com.android.server.am.ActivityRecord$Token
06-05 23:02:27.459 W/ActivityManager( 1631): 	at com.android.server.am.ActivityRecord.forTokenLocked(ActivityRecord.java:586)
06-05 23:02:27.459 W/ActivityManager( 1631): 	at com.android.server.am.ActivityRecord.isInStackLocked(ActivityRecord.java:1327)
06-05 23:02:27.459 W/ActivityManager( 1631): 	at com.android.server.am.ActivityRecord.getStackLocked(ActivityRecord.java:1332)
06-05 23:02:27.459 W/ActivityManager( 1631): 	at com.android.server.am.ActivityManagerService.getActivityStackId(ActivityManagerService.java:9817)
06-05 23:02:27.459 W/ActivityManager( 1631): 	at android.app.ActivityManagerNative.onTransact(ActivityManagerNative.java:2856)
06-05 23:02:27.459 W/ActivityManager( 1631): 	at com.android.server.am.ActivityManagerService.onTransact(ActivityManagerService.java:2757)
06-05 23:02:27.459 W/ActivityManager( 1631): 	at android.os.Binder.execTransact(Binder.java:565)
06-05 23:02:27.467 W/ActivityManager( 1631): Bad activity token: android.os.BinderProxy@5d886eb
06-05 23:02:27.467 W/ActivityManager( 1631): java.lang.ClassCastException: android.os.BinderProxy cannot be cast to com.android.server.am.ActivityRecord$Token
06-05 23:02:27.467 W/ActivityManager( 1631): 	at com.android.server.am.ActivityRecord.forTokenLocked(ActivityRecord.java:586)
06-05 23:02:27.467 W/ActivityManager( 1631): 	at com.android.server.am.ActivityRecord.isInStackLocked(ActivityRecord.java:1327)
06-05 23:02:27.467 W/ActivityManager( 1631): 	at com.android.server.am.ActivityManagerService.getActivityOptions(ActivityManagerService.java:12559)
06-05 23:02:27.467 W/ActivityManager( 1631): 	at android.app.ActivityManagerNative.onTransact(ActivityManagerNative.java:1933)
06-05 23:02:27.467 W/ActivityManager( 1631): 	at com.android.server.am.ActivityManagerService.onTransact(ActivityManagerService.java:2757)
06-05 23:02:27.467 W/ActivityManager( 1631): 	at android.os.Binder.execTransact(Binder.java:565)
06-05 23:02:27.467 W/ActivityManager( 1631): Bad activity token: android.os.BinderProxy@5d886eb
06-05 23:02:27.467 W/ActivityManager( 1631): java.lang.ClassCastException: android.os.BinderProxy cannot be cast to com.android.server.am.ActivityRecord$Token
06-05 23:02:27.467 W/ActivityManager( 1631): 	at com.android.server.am.ActivityRecord.forTokenLocked(ActivityRecord.java:586)
06-05 23:02:27.467 W/ActivityManager( 1631): 	at com.android.server.am.ActivityRecord.isInStackLocked(ActivityRecord.java:1327)
06-05 23:02:27.467 W/ActivityManager( 1631): 	at com.android.server.am.ActivityManagerService.getActivityOptions(ActivityManagerService.java:12559)
06-05 23:02:27.467 W/ActivityManager( 1631): 	at android.app.ActivityManagerNative.onTransact(ActivityManagerNative.java:1933)
06-05 23:02:27.467 W/ActivityManager( 1631): 	at com.android.server.am.ActivityManagerService.onTransact(ActivityManagerService.java:2757)
06-05 23:02:27.467 W/ActivityManager( 1631): 	at android.os.Binder.execTransact(Binder.java:565)
06-05 23:02:27.634 V/PhoneStatusBar( 1712): setLightsOn(true)
06-05 23:02:27.635 V/PhoneStatusBar( 1712): setLightsOn(true)
06-05 23:02:27.650 V/PhoneStatusBar( 1712): setLightsOn(true)
06-05 23:02:28.474 I/System.out(14862): URI: //
06-05 23:02:28.474 I/System.out(14862): params: {json={"command":"press_key","arguments":["KEYCODE_MENU"]}
06-05 23:02:28.474 I/System.out(14862): }
06-05 23:02:28.474 I/System.out(14862): header: {content-type=application/json;charset=utf-8, date=Sat, 06 Jun 2020 04:02:28 GMT, accept=*/*, host=127.0.0.1:34777, content-length=52, user-agent=HTTPClient/1.0 (2.8.3, ruby 2.5.1 (2018-03-29))}
06-05 23:02:28.474 I/System.out(14862): params: {json={"command":"press_key","arguments":["KEYCODE_MENU"]}
06-05 23:02:28.474 I/System.out(14862): }
06-05 23:02:28.474 I/System.out(14862): ProP json = {"command":"press_key","arguments":["KEYCODE_MENU"]}
06-05 23:02:28.474 I/System.out(14862): files: {}
06-05 23:02:28.475 I/System.out(14862): command: {"command":"press_key","arguments":["KEYCODE_MENU"]}
06-05 23:02:28.476 I/InstrumentationBackend(14862): Got command:'Command:'Line:null,press_key', arguments:'[KEYCODE_MENU]'
06-05 23:02:28.485 V/PhoneStatusBar( 1712): setLightsOn(true)
06-05 23:02:28.490 I/System.out(14862): result:{"bonusInformation":[],"message":"","success":true}
06-05 23:02:28.492 I/System.out(14862): URI: //map
06-05 23:02:28.492 I/System.out(14862): params: {json={"query":"* marked:'Edit vehicle types'","operation":{"method_name":"query","arguments":[]}}
06-05 23:02:28.492 I/System.out(14862): }
06-05 23:02:28.501 V/PhoneStatusBar( 1712): setLightsOn(true)
06-05 23:02:28.517 V/PhoneStatusBar( 1712): setLightsOn(true)
06-05 23:02:28.534 V/PhoneStatusBar( 1712): setLightsOn(true)
06-05 23:02:28.535 D/gralloc_ranchu( 1347): gralloc_alloc: Creating ashmem region of size 1720320
06-05 23:02:28.542 V/PhoneStatusBar( 1712): setLightsOn(true)
06-05 23:02:28.543 V/PhoneStatusBar( 1712): setLightsOn(true)
06-05 23:02:28.544 W/ResourceType(14862): No package identifier when getting name for resource number 0x00000001
06-05 23:02:28.550 V/PhoneStatusBar( 1712): setLightsOn(true)
06-05 23:02:28.555 I/System.out(14862): URI: //gesture
06-05 23:02:28.555 I/System.out(14862): params: {json={"query_timeout":5.0,"gestures":[{"query_string":"* marked:'Edit vehicle types'","touches":[{"x":50,"y":50,"offset_x":0,"offset_y":0,"wait":0.0,"time":0.2,"release":true,"query_string":null}]}]}
06-05 23:02:28.555 I/System.out(14862): }
06-05 23:02:28.560 W/ResourceType(14862): No package identifier when getting name for resource number 0x00000001
06-05 23:02:28.667 D/gralloc_ranchu( 1347): gralloc_alloc: Creating ashmem region of size 1720320
06-05 23:02:28.730 D/gralloc_ranchu( 1347): gralloc_alloc: Creating ashmem region of size 9023488
06-05 23:02:28.772 V/PhoneStatusBar( 1712): setLightsOn(true)
06-05 23:02:28.824 I/art     (14862): Do partial code cache collection, code=30KB, data=29KB
06-05 23:02:28.824 I/art     (14862): After code cache collection, code=29KB, data=29KB
06-05 23:02:28.824 I/art     (14862): Increasing code cache capacity to 128KB
06-05 23:02:28.834 I/System.out(14862): URI: //map
06-05 23:02:28.834 I/System.out(14862): params: {json={"query":"* marked:'Sedan'","operation":{"method_name":"query","arguments":[]}}
06-05 23:02:28.834 I/System.out(14862): }
06-05 23:02:28.856 I/ActivityManager( 1631): START u0 {cmp=com.evancharlton.mileage/.VehicleTypeListActivity} from uid 10326 on display 0
06-05 23:02:28.857 V/PhoneStatusBar( 1712): setLightsOn(true)
06-05 23:02:28.857 V/PhoneStatusBar( 1712): setLightsOn(true)
06-05 23:02:28.892 I/WindowManager( 1631): Destroying surface Surface(name=AtchDlg:com.evancharlton.mileage/com.evancharlton.mileage.VehicleListActivity) called by com.android.server.wm.WindowStateAnimator.destroySurface:2016 com.android.server.wm.WindowStateAnimator.destroySurfaceLocked:882 com.android.server.wm.WindowState.removeLocked:1456 com.android.server.wm.WindowManagerService.removeWindowInnerLocked:2484 com.android.server.wm.WindowManagerService.removeWindowLocked:2442 com.android.server.wm.WindowManagerService.removeWindowLocked:2311 com.android.server.wm.WindowManagerService.removeWindow:2306 com.android.server.wm.Session.remove:202 
06-05 23:02:28.894 W/ResourceType(14862): No package identifier when getting name for resource number 0x00000001
06-05 23:02:28.922 I/calabash(14862): newActivity1
06-05 23:02:29.000 V/PhoneStatusBar( 1712): setLightsOn(true)
06-05 23:02:29.017 V/PhoneStatusBar( 1712): setLightsOn(true)
06-05 23:02:29.032 D/gralloc_ranchu( 1347): gralloc_alloc: Creating ashmem region of size 9023488
06-05 23:02:29.057 D/gralloc_ranchu( 1347): gralloc_alloc: Creating ashmem region of size 9023488
06-05 23:02:29.057 I/ActivityManager( 1631): Displayed com.evancharlton.mileage/.VehicleTypeListActivity: +167ms
06-05 23:02:29.067 V/PhoneStatusBar( 1712): setLightsOn(true)
06-05 23:02:29.100 V/PhoneStatusBar( 1712): setLightsOn(true)
06-05 23:02:29.133 V/PhoneStatusBar( 1712): setLightsOn(true)
06-05 23:02:29.204 I/System.out(14862): URI: //map
06-05 23:02:29.204 I/System.out(14862): params: {json={"query":"* marked:'Sedan'","operation":{"method_name":"query","arguments":[]}}
06-05 23:02:29.204 I/System.out(14862): }
06-05 23:02:29.217 W/ResourceType(14862): No package identifier when getting name for resource number 0x00000001
06-05 23:02:29.301 V/PhoneStatusBar( 1712): setLightsOn(true)
06-05 23:02:29.417 V/PhoneStatusBar( 1712): setLightsOn(true)
06-05 23:02:29.418 V/PhoneStatusBar( 1712): setLightsOn(true)
06-05 23:02:29.434 I/WindowManager( 1631): Destroying surface Surface(name=com.evancharlton.mileage/com.evancharlton.mileage.Mileage) called by com.android.server.wm.WindowStateAnimator.destroySurface:2016 com.android.server.wm.WindowStateAnimator.destroySurfaceLocked:882 com.android.server.wm.WindowState.destroyOrSaveSurface:2100 com.android.server.wm.WindowManagerService.tryStartExitingAnimation:3024 com.android.server.wm.WindowManagerService.relayoutWindow:2904 com.android.server.wm.Session.relayout:224 android.view.IWindowSession$Stub.onTransact:286 com.android.server.wm.Session.onTransact:145 
06-05 23:02:29.434 V/PhoneStatusBar( 1712): setLightsOn(true)
06-05 23:02:29.435 V/PhoneStatusBar( 1712): setLightsOn(true)
06-05 23:02:29.535 I/System.out(14862): URI: //map
06-05 23:02:29.535 I/System.out(14862): params: {json={"query":"* marked:'Sedan'","operation":{"method_name":"query","arguments":[]}}
06-05 23:02:29.535 I/System.out(14862): }
06-05 23:02:29.539 W/ResourceType(14862): No package identifier when getting name for resource number 0x00000001
06-05 23:02:29.846 I/System.out(14862): URI: //map
06-05 23:02:29.846 I/System.out(14862): params: {json={"query":"* marked:'Sedan'","operation":{"method_name":"query","arguments":[]}}
06-05 23:02:29.846 I/System.out(14862): }
06-05 23:02:29.853 W/ResourceType(14862): No package identifier when getting name for resource number 0x00000001
06-05 23:02:30.167 I/System.out(14862): URI: //map
06-05 23:02:30.167 I/System.out(14862): params: {json={"query":"* marked:'Sedan'","operation":{"method_name":"query","arguments":[]}}
06-05 23:02:30.167 I/System.out(14862): }
06-05 23:02:30.183 W/ResourceType(14862): No package identifier when getting name for resource number 0x00000001
06-05 23:02:30.290 D/gralloc_ranchu( 1347): gralloc_alloc: Creating ashmem region of size 9023488
06-05 23:02:30.508 I/System.out(14862): URI: //map
06-05 23:02:30.508 I/System.out(14862): params: {json={"query":"* marked:'Sedan'","operation":{"method_name":"query","arguments":[]}}
06-05 23:02:30.508 I/System.out(14862): }
06-05 23:02:30.542 W/ResourceType(14862): No package identifier when getting name for resource number 0x00000001
06-05 23:02:30.849 I/System.out(14862): URI: //map
06-05 23:02:30.849 I/System.out(14862): params: {json={"query":"* marked:'Sedan'","operation":{"method_name":"query","arguments":[]}}
06-05 23:02:30.849 I/System.out(14862): }
06-05 23:02:30.853 W/ResourceType(14862): No package identifier when getting name for resource number 0x00000001
06-05 23:02:31.164 I/System.out(14862): URI: //map
06-05 23:02:31.164 I/System.out(14862): params: {json={"query":"* marked:'Sedan'","operation":{"method_name":"query","arguments":[]}}
06-05 23:02:31.164 I/System.out(14862): }
06-05 23:02:31.179 W/ResourceType(14862): No package identifier when getting name for resource number 0x00000001
06-05 23:02:31.492 I/System.out(14862): URI: //map
06-05 23:02:31.492 I/System.out(14862): params: {json={"query":"* marked:'Sedan'","operation":{"method_name":"query","arguments":[]}}
06-05 23:02:31.492 I/System.out(14862): }
06-05 23:02:31.510 W/ResourceType(14862): No package identifier when getting name for resource number 0x00000001
06-05 23:02:31.822 I/System.out(14862): URI: //map
06-05 23:02:31.822 I/System.out(14862): params: {json={"query":"* marked:'Sedan'","operation":{"method_name":"query","arguments":[]}}
06-05 23:02:31.822 I/System.out(14862): }
06-05 23:02:31.827 W/ResourceType(14862): No package identifier when getting name for resource number 0x00000001
06-05 23:02:32.045 W/audio_hw_generic( 1394): Not supplying enough data to HAL, expected position 225912365 , only wrote 225694080
06-05 23:02:32.134 I/System.out(14862): URI: //map
06-05 23:02:32.134 I/System.out(14862): params: {json={"query":"* marked:'Sedan'","operation":{"method_name":"query","arguments":[]}}
06-05 23:02:32.134 I/System.out(14862): }
06-05 23:02:32.138 W/ResourceType(14862): No package identifier when getting name for resource number 0x00000001
06-05 23:02:32.445 I/System.out(14862): URI: //map
06-05 23:02:32.445 I/System.out(14862): params: {json={"query":"* marked:'Sedan'","operation":{"method_name":"query","arguments":[]}}
06-05 23:02:32.445 I/System.out(14862): }
06-05 23:02:32.451 W/ResourceType(14862): No package identifier when getting name for resource number 0x00000001
06-05 23:02:32.761 I/System.out(14862): URI: //map
06-05 23:02:32.761 I/System.out(14862): params: {json={"query":"* marked:'Sedan'","operation":{"method_name":"query","arguments":[]}}
06-05 23:02:32.761 I/System.out(14862): }
06-05 23:02:32.765 W/ResourceType(14862): No package identifier when getting name for resource number 0x00000001
06-05 23:02:33.073 I/System.out(14862): URI: //map
06-05 23:02:33.073 I/System.out(14862): params: {json={"query":"* marked:'Sedan'","operation":{"method_name":"query","arguments":[]}}
06-05 23:02:33.073 I/System.out(14862): }
06-05 23:02:33.082 W/ResourceType(14862): No package identifier when getting name for resource number 0x00000001
06-05 23:02:33.394 I/System.out(14862): URI: //map
06-05 23:02:33.394 I/System.out(14862): params: {json={"query":"* marked:'Sedan'","operation":{"method_name":"query","arguments":[]}}
06-05 23:02:33.394 I/System.out(14862): }
06-05 23:02:33.411 W/ResourceType(14862): No package identifier when getting name for resource number 0x00000001
06-05 23:02:33.727 I/System.out(14862): URI: //map
06-05 23:02:33.727 I/System.out(14862): params: {json={"query":"* marked:'Sedan'","operation":{"method_name":"query","arguments":[]}}
06-05 23:02:33.727 I/System.out(14862): }
06-05 23:02:33.740 W/ResourceType(14862): No package identifier when getting name for resource number 0x00000001
06-05 23:02:34.053 I/System.out(14862): URI: //map
06-05 23:02:34.054 I/System.out(14862): params: {json={"query":"* marked:'Sedan'","operation":{"method_name":"query","arguments":[]}}
06-05 23:02:34.054 I/System.out(14862): }
06-05 23:02:34.066 W/ResourceType(14862): No package identifier when getting name for resource number 0x00000001
06-05 23:02:34.385 I/System.out(14862): URI: //map
06-05 23:02:34.385 I/System.out(14862): params: {json={"query":"* marked:'Sedan'","operation":{"method_name":"query","arguments":[]}}
06-05 23:02:34.385 I/System.out(14862): }
06-05 23:02:34.389 W/ResourceType(14862): No package identifier when getting name for resource number 0x00000001
06-05 23:02:34.392 I/art     (14862): Do partial code cache collection, code=58KB, data=62KB
06-05 23:02:34.392 I/art     (14862): After code cache collection, code=58KB, data=62KB
06-05 23:02:34.392 I/art     (14862): Increasing code cache capacity to 256KB
06-05 23:02:34.701 I/System.out(14862): URI: //map
06-05 23:02:34.701 I/System.out(14862): params: {json={"query":"* marked:'Sedan'","operation":{"method_name":"query","arguments":[]}}
06-05 23:02:34.701 I/System.out(14862): }
06-05 23:02:34.716 W/ResourceType(14862): No package identifier when getting name for resource number 0x00000001
06-05 23:02:34.756 I/art     (14862): Compiler allocated 7MB to compile sh.calaba.instrumentationbackend.actions.NanoHTTPD$Response sh.calaba.instrumentationbackend.actions.HttpServer.serve(java.lang.String, java.lang.String, java.util.Properties, java.util.Properties, java.util.Properties)
06-05 23:02:35.038 I/System.out(14862): URI: //map
06-05 23:02:35.038 I/System.out(14862): params: {json={"query":"* marked:'Sedan'","operation":{"method_name":"query","arguments":[]}}
06-05 23:02:35.038 I/System.out(14862): }
06-05 23:02:35.052 W/ResourceType(14862): No package identifier when getting name for resource number 0x00000001
06-05 23:02:35.368 I/System.out(14862): URI: //map
06-05 23:02:35.368 I/System.out(14862): params: {json={"query":"* marked:'Sedan'","operation":{"method_name":"query","arguments":[]}}
06-05 23:02:35.368 I/System.out(14862): }
06-05 23:02:35.373 W/ResourceType(14862): No package identifier when getting name for resource number 0x00000001
06-05 23:02:35.682 I/System.out(14862): URI: //map
06-05 23:02:35.683 I/System.out(14862): params: {json={"query":"* marked:'Sedan'","operation":{"method_name":"query","arguments":[]}}
06-05 23:02:35.683 I/System.out(14862): }
06-05 23:02:35.690 W/ResourceType(14862): No package identifier when getting name for resource number 0x00000001
06-05 23:02:36.001 I/System.out(14862): URI: //map
06-05 23:02:36.001 I/System.out(14862): params: {json={"query":"* marked:'Sedan'","operation":{"method_name":"query","arguments":[]}}
06-05 23:02:36.001 I/System.out(14862): }
06-05 23:02:36.015 W/ResourceType(14862): No package identifier when getting name for resource number 0x00000001
06-05 23:02:36.329 I/System.out(14862): URI: //map
06-05 23:02:36.329 I/System.out(14862): params: {json={"query":"* marked:'Sedan'","operation":{"method_name":"query","arguments":[]}}
06-05 23:02:36.329 I/System.out(14862): }
06-05 23:02:36.334 W/ResourceType(14862): No package identifier when getting name for resource number 0x00000001
06-05 23:02:36.641 I/System.out(14862): URI: //map
06-05 23:02:36.641 I/System.out(14862): params: {json={"query":"* marked:'Sedan'","operation":{"method_name":"query","arguments":[]}}
06-05 23:02:36.641 I/System.out(14862): }
06-05 23:02:36.646 W/ResourceType(14862): No package identifier when getting name for resource number 0x00000001
06-05 23:02:36.956 I/System.out(14862): URI: //map
06-05 23:02:36.956 I/System.out(14862): params: {json={"query":"* marked:'Sedan'","operation":{"method_name":"query","arguments":[]}}
06-05 23:02:36.956 I/System.out(14862): }
06-05 23:02:36.959 W/ResourceType(14862): No package identifier when getting name for resource number 0x00000001
06-05 23:02:37.266 I/System.out(14862): URI: //map
06-05 23:02:37.266 I/System.out(14862): params: {json={"query":"* marked:'Sedan'","operation":{"method_name":"query","arguments":[]}}
06-05 23:02:37.266 I/System.out(14862): }
06-05 23:02:37.269 W/ResourceType(14862): No package identifier when getting name for resource number 0x00000001
06-05 23:02:37.576 I/System.out(14862): URI: //map
06-05 23:02:37.576 I/System.out(14862): params: {json={"query":"* marked:'Sedan'","operation":{"method_name":"query","arguments":[]}}
06-05 23:02:37.576 I/System.out(14862): }
06-05 23:02:37.582 W/ResourceType(14862): No package identifier when getting name for resource number 0x00000001
06-05 23:02:37.892 I/System.out(14862): URI: //map
06-05 23:02:37.892 I/System.out(14862): params: {json={"query":"* marked:'Sedan'","operation":{"method_name":"query","arguments":[]}}
06-05 23:02:37.892 I/System.out(14862): }
06-05 23:02:37.896 W/ResourceType(14862): No package identifier when getting name for resource number 0x00000001
06-05 23:02:38.204 I/System.out(14862): URI: //map
06-05 23:02:38.204 I/System.out(14862): params: {json={"query":"* marked:'Sedan'","operation":{"method_name":"query","arguments":[]}}
06-05 23:02:38.204 I/System.out(14862): }
06-05 23:02:38.210 W/ResourceType(14862): No package identifier when getting name for resource number 0x00000001
06-05 23:02:38.517 I/System.out(14862): URI: //map
06-05 23:02:38.517 I/System.out(14862): params: {json={"query":"* marked:'Sedan'","operation":{"method_name":"query","arguments":[]}}
06-05 23:02:38.517 I/System.out(14862): }
06-05 23:02:38.521 W/ResourceType(14862): No package identifier when getting name for resource number 0x00000001
06-05 23:02:38.829 I/System.out(14862): URI: //map
06-05 23:02:38.829 I/System.out(14862): params: {json={"query":"* marked:'Sedan'","operation":{"method_name":"query","arguments":[]}}
06-05 23:02:38.829 I/System.out(14862): }
06-05 23:02:38.835 W/ResourceType(14862): No package identifier when getting name for resource number 0x00000001
06-05 23:02:39.142 I/System.out(14862): URI: //map
06-05 23:02:39.142 I/System.out(14862): params: {json={"query":"* marked:'Sedan'","operation":{"method_name":"query","arguments":[]}}
06-05 23:02:39.143 I/System.out(14862): }
06-05 23:02:39.148 W/ResourceType(14862): No package identifier when getting name for resource number 0x00000001
06-05 23:02:39.460 I/System.out(14862): URI: //map
06-05 23:02:39.460 I/System.out(14862): params: {json={"query":"* marked:'Sedan'","operation":{"method_name":"query","arguments":[]}}
06-05 23:02:39.460 I/System.out(14862): }
06-05 23:02:39.475 W/ResourceType(14862): No package identifier when getting name for resource number 0x00000001
06-05 23:02:39.796 I/System.out(14862): URI: //map
06-05 23:02:39.796 I/System.out(14862): params: {json={"query":"* marked:'Sedan'","operation":{"method_name":"query","arguments":[]}}
06-05 23:02:39.796 I/System.out(14862): }
06-05 23:02:39.801 W/ResourceType(14862): No package identifier when getting name for resource number 0x00000001
06-05 23:02:40.111 I/System.out(14862): URI: //map
06-05 23:02:40.111 I/System.out(14862): params: {json={"query":"* marked:'Sedan'","operation":{"method_name":"query","arguments":[]}}
06-05 23:02:40.111 I/System.out(14862): }
06-05 23:02:40.115 W/ResourceType(14862): No package identifier when getting name for resource number 0x00000001
06-05 23:02:40.424 I/System.out(14862): URI: //map
06-05 23:02:40.424 I/System.out(14862): params: {json={"query":"* marked:'Sedan'","operation":{"method_name":"query","arguments":[]}}
06-05 23:02:40.425 I/System.out(14862): }
06-05 23:02:40.444 W/ResourceType(14862): No package identifier when getting name for resource number 0x00000001
06-05 23:02:40.765 I/System.out(14862): URI: //map
06-05 23:02:40.765 I/System.out(14862): params: {json={"query":"* marked:'Sedan'","operation":{"method_name":"query","arguments":[]}}
06-05 23:02:40.765 I/System.out(14862): }
06-05 23:02:40.769 W/ResourceType(14862): No package identifier when getting name for resource number 0x00000001
06-05 23:02:41.078 I/System.out(14862): URI: //map
06-05 23:02:41.078 I/System.out(14862): params: {json={"query":"* marked:'Sedan'","operation":{"method_name":"query","arguments":[]}}
06-05 23:02:41.078 I/System.out(14862): }
06-05 23:02:41.088 W/ResourceType(14862): No package identifier when getting name for resource number 0x00000001
06-05 23:02:41.399 I/System.out(14862): URI: //map
06-05 23:02:41.399 I/System.out(14862): params: {json={"query":"* marked:'Sedan'","operation":{"method_name":"query","arguments":[]}}
06-05 23:02:41.399 I/System.out(14862): }
06-05 23:02:41.403 W/ResourceType(14862): No package identifier when getting name for resource number 0x00000001
06-05 23:02:41.711 I/System.out(14862): URI: //map
06-05 23:02:41.711 I/System.out(14862): params: {json={"query":"* marked:'Sedan'","operation":{"method_name":"query","arguments":[]}}
06-05 23:02:41.711 I/System.out(14862): }
