--------- beginning of main
06-05 18:34:00.190 D/gralloc_ranchu( 1346): gralloc_alloc: Creating ashmem region of size 3145728
06-05 18:34:00.195 E/EGL_emulation( 1346): tid 1346: eglCreateSyncKHR(1901): error 0x3004 (EGL_BAD_ATTRIBUTE)
06-05 18:34:00.229 D/gralloc_ranchu( 1346): gralloc_alloc: Creating ashmem region of size 1720320
06-05 18:34:00.253 D/EGL_emulation( 1711): eglMakeCurrent: 0xa5b6bd80: ver 2 0 (tinfo 0xb1367140)
06-05 18:34:00.256 D/EGL_emulation( 2150): eglMakeCurrent: 0xb4f852a0: ver 2 0 (tinfo 0xb4f832e0)
06-05 18:34:00.259 D/EGL_emulation( 1711): eglMakeCurrent: 0xa5b6bd80: ver 2 0 (tinfo 0xb1367140)
06-05 18:34:00.305 D/EGL_emulation( 1711): eglMakeCurrent: 0xa5b6bd80: ver 2 0 (tinfo 0xb1367140)
06-05 18:34:00.320 D/AndroidRuntime( 4827): >>>>>> START com.android.internal.os.RuntimeInit uid 2000 <<<<<<
06-05 18:34:00.321 D/AndroidRuntime( 4827): CheckJNI is ON
06-05 18:34:00.321 D/EGL_emulation( 1711): eglMakeCurrent: 0xa5b6bd80: ver 2 0 (tinfo 0xb1367140)
06-05 18:34:00.322 D/EGL_emulation( 1711): eglMakeCurrent: 0xa5b6bd80: ver 2 0 (tinfo 0xb1367140)
06-05 18:34:00.332 W/art     ( 4827): Unexpected CPU variant for X86 using defaults: x86
06-05 18:34:00.334 D/ICU     ( 4827): No timezone override file found: /data/misc/zoneinfo/current/icu/icu_tzdata.dat
06-05 18:34:00.337 D/EGL_emulation( 1711): eglMakeCurrent: 0xa5b6bd80: ver 2 0 (tinfo 0xb1367140)
06-05 18:34:00.339 D/EGL_emulation( 1711): eglMakeCurrent: 0xa5b6bd80: ver 2 0 (tinfo 0xb1367140)
06-05 18:34:00.344 E/memtrack( 4827): Couldn't load memtrack module (No such file or directory)
06-05 18:34:00.344 E/android.os.Debug( 4827): failed to load memtrack module: -2
06-05 18:34:00.344 I/Radio-JNI( 4827): register_android_hardware_Radio DONE
06-05 18:34:00.349 D/AndroidRuntime( 4827): Calling main entry com.android.commands.am.Am
--------- beginning of system
06-05 18:34:00.350 I/ActivityManager( 1629): Force stopping com.evancharlton.mileage appid=10160 user=0: start instr
06-05 18:34:00.351 I/ActivityManager( 1629): Killing 4761:com.evancharlton.mileage/u0a160 (adj 0): stop com.evancharlton.mileage
06-05 18:34:00.351 D/ActivityManager( 1629): cleanUpApplicationRecord -- 4761
06-05 18:34:00.351 W/ActivityManager( 1629): Crash of app com.evancharlton.mileage running instrumentation ComponentInfo{com.evancharlton.mileage.test/sh.calaba.instrumentationbackend.CalabashInstrumentationTestRunner}
06-05 18:34:00.351 I/ActivityManager( 1629): Force stopping com.evancharlton.mileage appid=10160 user=0: finished inst
06-05 18:34:00.353 W/InputDispatcher( 1629): channel 'f68619d AtchDlg:com.evancharlton.mileage/com.evancharlton.mileage.VehicleStatisticsActivity (server)' ~ Consumer closed input channel or an error occurred.  events=0x9
06-05 18:34:00.353 E/InputDispatcher( 1629): channel 'f68619d AtchDlg:com.evancharlton.mileage/com.evancharlton.mileage.VehicleStatisticsActivity (server)' ~ Channel is unrecoverably broken and will be disposed!
06-05 18:34:00.353 W/InputDispatcher( 1629): channel 'e65cf5f com.evancharlton.mileage/com.evancharlton.mileage.Mileage (server)' ~ Consumer closed input channel or an error occurred.  events=0x9
06-05 18:34:00.353 E/InputDispatcher( 1629): channel 'e65cf5f com.evancharlton.mileage/com.evancharlton.mileage.Mileage (server)' ~ Channel is unrecoverably broken and will be disposed!
06-05 18:34:00.353 I/WindowManager( 1629): WIN DEATH: Window{f68619d u0 AtchDlg:com.evancharlton.mileage/com.evancharlton.mileage.VehicleStatisticsActivity EXITING}
06-05 18:34:00.353 W/InputDispatcher( 1629): Attempted to unregister already unregistered input channel 'f68619d AtchDlg:com.evancharlton.mileage/com.evancharlton.mileage.VehicleStatisticsActivity (server)'
06-05 18:34:00.354 I/art     ( 4837): Not late-enabling -Xcheck:jni (already on)
06-05 18:34:00.354 I/WindowManager( 1629): WIN DEATH: Window{e65cf5f u0 com.evancharlton.mileage/com.evancharlton.mileage.Mileage EXITING}
06-05 18:34:00.354 W/InputDispatcher( 1629): Attempted to unregister already unregistered input channel 'e65cf5f com.evancharlton.mileage/com.evancharlton.mileage.Mileage (server)'
06-05 18:34:00.354 W/art     ( 4837): Unexpected CPU variant for X86 using defaults: x86
06-05 18:34:00.362 I/ActivityManager( 1629): Start proc 4837:com.evancharlton.mileage/u0a160 for added application com.evancharlton.mileage
06-05 18:34:00.362 D/AndroidRuntime( 4827): Shutting down VM
06-05 18:34:00.363 D/EGL_emulation( 1711): eglMakeCurrent: 0xa5b6bd80: ver 2 0 (tinfo 0xb1367140)
06-05 18:34:00.366 D/EGL_emulation( 1711): eglMakeCurrent: 0xa5b6bd80: ver 2 0 (tinfo 0xb1367140)
06-05 18:34:00.368 W/System  ( 4837): ClassLoader referenced unknown path: /data/app/com.evancharlton.mileage.test-1/lib/x86
06-05 18:34:00.368 W/System  ( 4837): ClassLoader referenced unknown path: /data/app/com.evancharlton.mileage-1/lib/x86
06-05 18:34:00.370 W/System  ( 4837): ClassLoader referenced unknown path: 
06-05 18:34:00.370 D/EGL_emulation( 1711): eglMakeCurrent: 0xa5b6bd80: ver 2 0 (tinfo 0xb1367140)
06-05 18:34:00.372 D/EGL_emulation( 1711): eglMakeCurrent: 0xa5b6bd80: ver 2 0 (tinfo 0xb1367140)
06-05 18:34:00.375 I/System.out( 4837): Main activity name automatically set to: com.evancharlton.mileage.Mileage
06-05 18:34:00.375 I/System.out( 4837): Calabash did not load Mono. This is only a problem if you are trying to test a Mono application
06-05 18:34:00.375 I/calabash( 4837): Test server port: 7102
06-05 18:34:00.376 I/InstrumentationBackend( 4837): Added:'GetPreferences', with key:'get_preferences'
06-05 18:34:00.380 I/InstrumentationBackend( 4837): Added:'SetPreferences', with key:'set_preferences'
06-05 18:34:00.380 I/InstrumentationBackend( 4837): Added:'ClearPreferences', with key:'clear_preferences'
06-05 18:34:00.380 I/InstrumentationBackend( 4837): Added:'PressElement', with key:'press_l10n_element'
06-05 18:34:00.380 I/InstrumentationBackend( 4837): Added:'WaitForElement', with key:'wait_for_l10n_element'
06-05 18:34:00.380 I/InstrumentationBackend( 4837): Added:'NullAction', with key:'nullAction'
06-05 18:34:00.380 I/InstrumentationBackend( 4837): Added:'PressKey', with key:'press_key'
06-05 18:34:00.380 I/InstrumentationBackend( 4837): Added:'SetActivityOrientation', with key:'set_activity_orientation'
06-05 18:34:00.380 I/InstrumentationBackend( 4837): Added:'GetActivityOrientation', with key:'get_activity_orientation'
06-05 18:34:00.380 I/InstrumentationBackend( 4837): Added:'FakeGPSLocation', with key:'set_gps_coordinates'
06-05 18:34:00.380 I/InstrumentationBackend( 4837): Added:'SetPropertyByCssSelector', with key:'set_property_by_css_selector'
06-05 18:34:00.380 I/InstrumentationBackend( 4837): Added:'GetUrl', with key:'get_url'
06-05 18:34:00.380 I/InstrumentationBackend( 4837): Added:'ScrollTo', with key:'scroll_to'
06-05 18:34:00.380 I/InstrumentationBackend( 4837): Added:'GetLoadProgress', with key:'get_load_progress'
06-05 18:34:00.381 I/InstrumentationBackend( 4837): Added:'DumpHtml', with key:'dump_html'
06-05 18:34:00.381 I/InstrumentationBackend( 4837): Added:'DumpBodyHtml', with key:'dump_body_html'
06-05 18:34:00.381 I/InstrumentationBackend( 4837): Added:'EnterTextByCssSelector', with key:'enter_text_by_selector'
06-05 18:34:00.381 I/InstrumentationBackend( 4837): Added:'AndroidSDKVersion', with key:'android_sdk_version'
06-05 18:34:00.381 I/InstrumentationBackend( 4837): Added:'Version', with key:'version'
06-05 18:34:00.381 I/InstrumentationBackend( 4837): Added:'Drag', with key:'drag'
06-05 18:34:00.381 I/InstrumentationBackend( 4837): Added:'TouchCoordinates', with key:'touch_coordinate'
06-05 18:34:00.381 I/InstrumentationBackend( 4837): Added:'LongPressCoordinate', with key:'long_press_coordinate'
06-05 18:34:00.381 I/InstrumentationBackend( 4837): Added:'DragCoordinates', with key:'drag_coordinates'
06-05 18:34:00.381 I/InstrumentationBackend( 4837): Added:'ResumeApplication', with key:'resume_application'
06-05 18:34:00.381 I/InstrumentationBackend( 4837): Added:'Swipe', with key:'swipe'
06-05 18:34:00.382 I/InstrumentationBackend( 4837): Added:'DoubleTapCoordinate', with key:'double_tap_coordinate'
06-05 18:34:00.382 I/InstrumentationBackend( 4837): Added:'ClickOnScreen', with key:'click_on_screen'
06-05 18:34:00.382 I/InstrumentationBackend( 4837): Added:'GetActivityName', with key:'get_activity_name'
06-05 18:34:00.382 I/InstrumentationBackend( 4837): Added:'ScrollToView', with key:'scroll_to_view'
06-05 18:34:00.382 I/InstrumentationBackend( 4837): Added:'ViewConfiguration', with key:'view_configuration'
06-05 18:34:00.382 I/InstrumentationBackend( 4837): Added:'IsCurrentActivityFocused', with key:'is_current_activity_focused'
06-05 18:34:00.382 I/InstrumentationBackend( 4837): Added:'SendTcp', with key:'send_tcp'
06-05 18:34:00.382 I/InstrumentationBackend( 4837): Added:'DpToDevicePixel', with key:'dp_to_device_pixel'
06-05 18:34:00.382 I/InstrumentationBackend( 4837): Added:'KeyboardEnterText', with key:'keyboard_enter_text'
06-05 18:34:00.382 I/InstrumentationBackend( 4837): Added:'DeleteSurroundingText', with key:'delete_surrounding_text'
06-05 18:34:00.382 I/InstrumentationBackend( 4837): Added:'SetComposingRegion', with key:'set_composing_region'
06-05 18:34:00.382 I/InstrumentationBackend( 4837): Added:'SetSelection', with key:'set_selection'
06-05 18:34:00.382 I/InstrumentationBackend( 4837): Added:'KeyboardKeyEvent', with key:'keyboard_key_event'
06-05 18:34:00.383 I/InstrumentationBackend( 4837): Added:'PressUserActionButton', with key:'press_user_action_button'
06-05 18:34:00.383 I/InstrumentationBackend( 4837): Added:'HideSoftKeyboard', with key:'hide_soft_keyboard'
06-05 18:34:00.383 I/InstrumentationBackend( 4837): Added:'ListActions', with key:'list_actions'
06-05 18:34:00.383 I/calabash( 4837): Instantiating http server at 7102
06-05 18:34:00.383 I/System.out( 4837): HTTP Daemon listening on: 7102
06-05 18:34:00.387 D/EGL_emulation( 1711): eglMakeCurrent: 0xa5b6bd80: ver 2 0 (tinfo 0xb1367140)
06-05 18:34:00.389 D/EGL_emulation( 1711): eglMakeCurrent: 0xa5b6bd80: ver 2 0 (tinfo 0xb1367140)
06-05 18:34:00.404 D/EGL_emulation( 1711): eglMakeCurrent: 0xa5b6bd80: ver 2 0 (tinfo 0xb1367140)
06-05 18:34:00.406 D/EGL_emulation( 1711): eglMakeCurrent: 0xa5b6bd80: ver 2 0 (tinfo 0xb1367140)
06-05 18:34:00.421 D/EGL_emulation( 1711): eglMakeCurrent: 0xa5b6bd80: ver 2 0 (tinfo 0xb1367140)
06-05 18:34:00.422 D/EGL_emulation( 1711): eglMakeCurrent: 0xa5b6bd80: ver 2 0 (tinfo 0xb1367140)
06-05 18:34:00.437 D/EGL_emulation( 1711): eglMakeCurrent: 0xa5b6bd80: ver 2 0 (tinfo 0xb1367140)
06-05 18:34:00.439 D/EGL_emulation( 1711): eglMakeCurrent: 0xa5b6bd80: ver 2 0 (tinfo 0xb1367140)
06-05 18:34:00.455 D/EGL_emulation( 1711): eglMakeCurrent: 0xa5b6bd80: ver 2 0 (tinfo 0xb1367140)
06-05 18:34:00.471 D/EGL_emulation( 1711): eglMakeCurrent: 0xa5b6bd80: ver 2 0 (tinfo 0xb1367140)
06-05 18:34:00.472 I/System.out( 4837): URI: //ping
06-05 18:34:00.472 I/System.out( 4837): params: {json={}
06-05 18:34:00.472 I/System.out( 4837): }
06-05 18:34:00.472 D/EGL_emulation( 1711): eglMakeCurrent: 0xa5b6bd80: ver 2 0 (tinfo 0xb1367140)
06-05 18:34:00.475 I/System.out( 4837): URI: //ping
06-05 18:34:00.475 I/System.out( 4837): params: {json={}
06-05 18:34:00.475 I/System.out( 4837): }
06-05 18:34:00.476 I/System.out( 4837): URI: //ready
06-05 18:34:00.477 I/System.out( 4837): params: {json={}
06-05 18:34:00.477 I/System.out( 4837): }
06-05 18:34:00.479 I/System.out( 4837): URI: //
06-05 18:34:00.479 I/System.out( 4837): params: {json={"command":"version","arguments":[]}
06-05 18:34:00.479 I/System.out( 4837): }
06-05 18:34:00.479 I/System.out( 4837): header: {content-type=application/json;charset=utf-8, date=Fri, 05 Jun 2020 23:34:00 GMT, accept=*/*, host=127.0.0.1:34783, content-length=36, user-agent=HTTPClient/1.0 (2.8.3, ruby 2.5.1 (2018-03-29))}
06-05 18:34:00.479 I/System.out( 4837): params: {json={"command":"version","arguments":[]}
06-05 18:34:00.479 I/System.out( 4837): }
06-05 18:34:00.479 I/System.out( 4837): ProP json = {"command":"version","arguments":[]}
06-05 18:34:00.479 I/System.out( 4837): files: {}
06-05 18:34:00.479 I/System.out( 4837): command: {"command":"version","arguments":[]}
06-05 18:34:00.481 I/InstrumentationBackend( 4837): Got command:'Command:'Line:null,version', arguments:'[]'
06-05 18:34:00.487 D/EGL_emulation( 1711): eglMakeCurrent: 0xa5b6bd80: ver 2 0 (tinfo 0xb1367140)
06-05 18:34:00.487 I/System.out( 4837): result:{"bonusInformation":[],"message":"0.9.8","success":true}
06-05 18:34:00.488 D/EGL_emulation( 1711): eglMakeCurrent: 0xa5b6bd80: ver 2 0 (tinfo 0xb1367140)
06-05 18:34:00.489 I/System.out( 4837): URI: //start-application
06-05 18:34:00.489 I/System.out( 4837): params: {json={"intent":null}
06-05 18:34:00.489 I/System.out( 4837): }
06-05 18:34:00.502 I/ActivityManager( 1629): START u0 {act=android.intent.action.MAIN cat=[android.intent.category.LAUNCHER] flg=0x10200000 cmp=com.evancharlton.mileage/.Mileage} from uid 10160 on display 0
06-05 18:34:00.504 D/EGL_emulation( 1711): eglMakeCurrent: 0xa5b6bd80: ver 2 0 (tinfo 0xb1367140)
06-05 18:34:00.505 D/EGL_emulation( 1711): eglMakeCurrent: 0xa5b6bd80: ver 2 0 (tinfo 0xb1367140)
06-05 18:34:00.509 I/calabash( 4837): newActivity1
06-05 18:34:00.518 I/calabash( 4837): newActivity1
06-05 18:34:00.520 W/ActivityManager( 1629): Bad activity token: android.os.BinderProxy@37d8fc5
06-05 18:34:00.520 W/ActivityManager( 1629): java.lang.ClassCastException: android.os.BinderProxy cannot be cast to com.android.server.am.ActivityRecord$Token
06-05 18:34:00.520 W/ActivityManager( 1629): 	at com.android.server.am.ActivityRecord.forTokenLocked(ActivityRecord.java:586)
06-05 18:34:00.520 W/ActivityManager( 1629): 	at com.android.server.am.ActivityRecord.isInStackLocked(ActivityRecord.java:1327)
06-05 18:34:00.520 W/ActivityManager( 1629): 	at com.android.server.am.ActivityRecord.getStackLocked(ActivityRecord.java:1332)
06-05 18:34:00.520 W/ActivityManager( 1629): 	at com.android.server.am.ActivityManagerService.getActivityDisplayId(ActivityManagerService.java:9806)
06-05 18:34:00.520 W/ActivityManager( 1629): 	at android.app.ActivityManagerNative.onTransact(ActivityManagerNative.java:2566)
06-05 18:34:00.520 W/ActivityManager( 1629): 	at com.android.server.am.ActivityManagerService.onTransact(ActivityManagerService.java:2757)
06-05 18:34:00.520 W/ActivityManager( 1629): 	at android.os.Binder.execTransact(Binder.java:565)
06-05 18:34:00.520 I/WindowManager( 1629): Destroying surface Surface(name=AtchDlg:com.evancharlton.mileage/com.evancharlton.mileage.VehicleStatisticsActivity) called by com.android.server.wm.WindowStateAnimator.destroySurface:2016 com.android.server.wm.WindowStateAnimator.destroySurfaceLocked:882 com.android.server.wm.WindowState.removeLocked:1456 com.android.server.wm.WindowManagerService.removeWindowInnerLocked:2484 com.android.server.wm.AppWindowToken.destroySurfaces:365 com.android.server.wm.WindowStateAnimator.finishExit:565 com.android.server.wm.WindowStateAnimator.stepAnimationLocked:491 com.android.server.wm.WindowAnimator.updateWindowsLocked:303 
06-05 18:34:00.521 W/ActivityManager( 1629): Bad activity token: android.os.BinderProxy@37d8fc5
06-05 18:34:00.521 W/ActivityManager( 1629): java.lang.ClassCastException: android.os.BinderProxy cannot be cast to com.android.server.am.ActivityRecord$Token
06-05 18:34:00.521 W/ActivityManager( 1629): 	at com.android.server.am.ActivityRecord.forTokenLocked(ActivityRecord.java:586)
06-05 18:34:00.521 W/ActivityManager( 1629): 	at com.android.server.am.ActivityRecord.isInStackLocked(ActivityRecord.java:1327)
06-05 18:34:00.521 W/ActivityManager( 1629): 	at com.android.server.am.ActivityManagerService.setTaskDescription(ActivityManagerService.java:9358)
06-05 18:34:00.521 W/ActivityManager( 1629): 	at android.app.ActivityManagerNative.onTransact(ActivityManagerNative.java:2639)
06-05 18:34:00.521 W/ActivityManager( 1629): 	at com.android.server.am.ActivityManagerService.onTransact(ActivityManagerService.java:2757)
06-05 18:34:00.521 W/ActivityManager( 1629): 	at android.os.Binder.execTransact(Binder.java:565)
06-05 18:34:00.521 W/ActivityManager( 1629): Bad activity token: android.os.BinderProxy@37d8fc5
06-05 18:34:00.521 W/ActivityManager( 1629): java.lang.ClassCastException: android.os.BinderProxy cannot be cast to com.android.server.am.ActivityRecord$Token
06-05 18:34:00.521 W/ActivityManager( 1629): 	at com.android.server.am.ActivityRecord.forTokenLocked(ActivityRecord.java:586)
06-05 18:34:00.521 W/ActivityManager( 1629): 	at com.android.server.am.ActivityRecord.isInStackLocked(ActivityRecord.java:1327)
06-05 18:34:00.521 W/ActivityManager( 1629): 	at com.android.server.am.ActivityRecord.getStackLocked(ActivityRecord.java:1332)
06-05 18:34:00.521 W/ActivityManager( 1629): 	at com.android.server.am.ActivityManagerService.getActivityStackId(ActivityManagerService.java:9817)
06-05 18:34:00.521 W/ActivityManager( 1629): 	at android.app.ActivityManagerNative.onTransact(ActivityManagerNative.java:2856)
06-05 18:34:00.521 W/ActivityManager( 1629): 	at com.android.server.am.ActivityManagerService.onTransact(ActivityManagerService.java:2757)
06-05 18:34:00.521 W/ActivityManager( 1629): 	at android.os.Binder.execTransact(Binder.java:565)
06-05 18:34:00.522 D/gralloc_ranchu( 1346): gralloc_alloc: Creating ashmem region of size 9023488
06-05 18:34:00.541 W/ActivityManager( 1629): Bad activity token: android.os.BinderProxy@37d8fc5
06-05 18:34:00.541 W/ActivityManager( 1629): java.lang.ClassCastException: android.os.BinderProxy cannot be cast to com.android.server.am.ActivityRecord$Token
06-05 18:34:00.541 W/ActivityManager( 1629): 	at com.android.server.am.ActivityRecord.forTokenLocked(ActivityRecord.java:586)
06-05 18:34:00.541 W/ActivityManager( 1629): 	at com.android.server.am.ActivityRecord.isInStackLocked(ActivityRecord.java:1327)
06-05 18:34:00.541 W/ActivityManager( 1629): 	at com.android.server.am.ActivityManagerService.getActivityOptions(ActivityManagerService.java:12559)
06-05 18:34:00.541 W/ActivityManager( 1629): 	at android.app.ActivityManagerNative.onTransact(ActivityManagerNative.java:1933)
06-05 18:34:00.541 W/ActivityManager( 1629): 	at com.android.server.am.ActivityManagerService.onTransact(ActivityManagerService.java:2757)
06-05 18:34:00.541 W/ActivityManager( 1629): 	at android.os.Binder.execTransact(Binder.java:565)
06-05 18:34:00.542 W/ActivityManager( 1629): Bad activity token: android.os.BinderProxy@37d8fc5
06-05 18:34:00.542 W/ActivityManager( 1629): java.lang.ClassCastException: android.os.BinderProxy cannot be cast to com.android.server.am.ActivityRecord$Token
06-05 18:34:00.542 W/ActivityManager( 1629): 	at com.android.server.am.ActivityRecord.forTokenLocked(ActivityRecord.java:586)
06-05 18:34:00.542 W/ActivityManager( 1629): 	at com.android.server.am.ActivityRecord.isInStackLocked(ActivityRecord.java:1327)
06-05 18:34:00.542 W/ActivityManager( 1629): 	at com.android.server.am.ActivityManagerService.getActivityOptions(ActivityManagerService.java:12559)
06-05 18:34:00.542 W/ActivityManager( 1629): 	at android.app.ActivityManagerNative.onTransact(ActivityManagerNative.java:1933)
06-05 18:34:00.542 W/ActivityManager( 1629): 	at com.android.server.am.ActivityManagerService.onTransact(ActivityManagerService.java:2757)
06-05 18:34:00.542 W/ActivityManager( 1629): 	at android.os.Binder.execTransact(Binder.java:565)
06-05 18:34:00.549 V/PhoneStatusBar( 1711): setLightsOn(true)
06-05 18:34:00.554 D/EGL_emulation( 2150): eglMakeCurrent: 0xb4f852a0: ver 2 0 (tinfo 0xb4f832e0)
06-05 18:34:00.555 D/EGL_emulation( 1711): eglMakeCurrent: 0xa5b6bd80: ver 2 0 (tinfo 0xb1367140)
06-05 18:34:00.570 D/gralloc_ranchu( 1346): gralloc_alloc: Creating ashmem region of size 9023488
06-05 18:34:00.571 D/EGL_emulation( 1711): eglMakeCurrent: 0xa5b6bd80: ver 2 0 (tinfo 0xb1367140)
06-05 18:34:00.575 D/        ( 4837): HostConnection::get() New Host Connection established 0x98c2d500, tid 4837
06-05 18:34:00.576 D/EGL_emulation( 1711): eglMakeCurrent: 0xa5b6bd80: ver 2 0 (tinfo 0xb1367140)
06-05 18:34:00.576 V/PhoneStatusBar( 1711): setLightsOn(true)
06-05 18:34:00.625 D/EGL_emulation( 1711): eglMakeCurrent: 0xa5b6bd80: ver 2 0 (tinfo 0xb1367140)
06-05 18:34:00.627 D/EGL_emulation( 1711): eglMakeCurrent: 0xa5b6bd80: ver 2 0 (tinfo 0xb1367140)
06-05 18:34:00.637 D/EGL_emulation( 1711): eglMakeCurrent: 0xa5b6bd80: ver 2 0 (tinfo 0xb1367140)
06-05 18:34:00.639 D/EGL_emulation( 1711): eglMakeCurrent: 0xa5b6bd80: ver 2 0 (tinfo 0xb1367140)
06-05 18:34:00.654 D/EGL_emulation( 1711): eglMakeCurrent: 0xa5b6bd80: ver 2 0 (tinfo 0xb1367140)
06-05 18:34:00.656 D/EGL_emulation( 1711): eglMakeCurrent: 0xa5b6bd80: ver 2 0 (tinfo 0xb1367140)
06-05 18:34:00.671 D/EGL_emulation( 1711): eglMakeCurrent: 0xa5b6bd80: ver 2 0 (tinfo 0xb1367140)
06-05 18:34:00.672 D/gralloc_ranchu( 1346): gralloc_alloc: Creating ashmem region of size 9023488
06-05 18:34:00.685 D/EGL_emulation( 1711): eglMakeCurrent: 0xa5b6bd80: ver 2 0 (tinfo 0xb1367140)
06-05 18:34:00.687 I/ActivityManager( 1629): Displayed com.evancharlton.mileage/.Mileage: +182ms
06-05 18:34:00.688 D/EGL_emulation( 1711): eglMakeCurrent: 0xa5b6bd80: ver 2 0 (tinfo 0xb1367140)
06-05 18:34:00.702 D/EGL_emulation( 1711): eglMakeCurrent: 0xa5b6bd80: ver 2 0 (tinfo 0xb1367140)
06-05 18:34:00.704 D/EGL_emulation( 1711): eglMakeCurrent: 0xa5b6bd80: ver 2 0 (tinfo 0xb1367140)
06-05 18:34:00.705 I/WindowManager( 1629): Destroying surface Surface(name=com.evancharlton.mileage/com.evancharlton.mileage.Mileage) called by com.android.server.wm.WindowStateAnimator.destroySurface:2016 com.android.server.wm.WindowStateAnimator.destroySurfaceLocked:882 com.android.server.wm.WindowState.destroyOrSaveSurface:2100 com.android.server.wm.AppWindowToken.destroySurfaces:363 com.android.server.wm.WindowStateAnimator.finishExit:565 com.android.server.wm.AppWindowAnimator.stepAnimationLocked:427 com.android.server.wm.WindowAnimator.updateAppWindowsLocked:196 com.android.server.wm.WindowAnimator.animateLocked:678 
06-05 18:34:00.706 D/EGL_emulation( 1711): eglMakeCurrent: 0xa5b6bd80: ver 2 0 (tinfo 0xb1367140)
06-05 18:34:00.722 D/EGL_emulation( 1711): eglMakeCurrent: 0xa5b6bd80: ver 2 0 (tinfo 0xb1367140)
06-05 18:34:00.725 D/EGL_emulation( 1711): eglMakeCurrent: 0xa5b6bd80: ver 2 0 (tinfo 0xb1367140)
06-05 18:34:00.725 V/PhoneStatusBar( 1711): setLightsOn(true)
06-05 18:34:00.729 I/System.out( 4837): URI: //map
06-05 18:34:00.729 I/System.out( 4837): params: {json={"query":"* marked:'Statistics'","operation":{"method_name":"query","arguments":[]}}
06-05 18:34:00.729 I/System.out( 4837): }
06-05 18:34:00.738 D/EGL_emulation( 1711): eglMakeCurrent: 0xa5b6bd80: ver 2 0 (tinfo 0xb1367140)
06-05 18:34:00.739 D/EGL_emulation( 1711): eglMakeCurrent: 0xa5b6bd80: ver 2 0 (tinfo 0xb1367140)
06-05 18:34:00.744 W/ResourceType( 4837): No package identifier when getting name for resource number 0x00000001
06-05 18:34:00.754 D/EGL_emulation( 1711): eglMakeCurrent: 0xa5b6bd80: ver 2 0 (tinfo 0xb1367140)
06-05 18:34:00.756 D/EGL_emulation( 1711): eglMakeCurrent: 0xa5b6bd80: ver 2 0 (tinfo 0xb1367140)
06-05 18:34:00.758 I/System.out( 4837): URI: //gesture
06-05 18:34:00.758 I/System.out( 4837): params: {json={"query_timeout":5.0,"gestures":[{"query_string":"* marked:'Statistics'","touches":[{"x":50,"y":50,"offset_x":0,"offset_y":0,"wait":0.0,"time":0.2,"release":true,"query_string":null}]}]}
06-05 18:34:00.758 I/System.out( 4837): }
06-05 18:34:00.764 W/ResourceType( 4837): No package identifier when getting name for resource number 0x00000001
06-05 18:34:00.776 D/EGL_emulation( 1711): eglMakeCurrent: 0xa5b6bd80: ver 2 0 (tinfo 0xb1367140)
06-05 18:34:00.888 I/WindowManager( 1629): Destroying surface Surface(name=Starting com.evancharlton.mileage) called by com.android.server.wm.WindowStateAnimator.destroySurface:2016 com.android.server.wm.WindowStateAnimator.destroySurfaceLocked:882 com.android.server.wm.WindowState.destroyOrSaveSurface:2100 com.android.server.wm.AppWindowToken.destroySurfaces:363 com.android.server.wm.WindowStateAnimator.finishExit:565 com.android.server.wm.WindowStateAnimator.stepAnimationLocked:491 com.android.server.wm.WindowAnimator.updateWindowsLocked:303 com.android.server.wm.WindowAnimator.animateLocked:704 
06-05 18:34:00.892 V/PhoneStatusBar( 1711): setLightsOn(true)
06-05 18:34:00.921 V/PhoneStatusBar( 1711): setLightsOn(true)
06-05 18:34:00.988 V/PhoneStatusBar( 1711): setLightsOn(true)
06-05 18:34:00.992 I/calabash( 4837): newActivity1
06-05 18:34:01.017 I/System.out( 4837): URI: //map
06-05 18:34:01.017 I/System.out( 4837): params: {json={"query":"* {text CONTAINS[c] 'Average fuel economy'}","operation":{"method_name":"query","arguments":[]}}
06-05 18:34:01.017 I/System.out( 4837): }
06-05 18:34:01.027 W/ActivityManager( 1629): Bad activity token: android.os.BinderProxy@97c223b
06-05 18:34:01.027 W/ActivityManager( 1629): java.lang.ClassCastException: android.os.BinderProxy cannot be cast to com.android.server.am.ActivityRecord$Token
06-05 18:34:01.027 W/ActivityManager( 1629): 	at com.android.server.am.ActivityRecord.forTokenLocked(ActivityRecord.java:586)
06-05 18:34:01.027 W/ActivityManager( 1629): 	at com.android.server.am.ActivityRecord.isInStackLocked(ActivityRecord.java:1327)
06-05 18:34:01.027 W/ActivityManager( 1629): 	at com.android.server.am.ActivityRecord.getStackLocked(ActivityRecord.java:1332)
06-05 18:34:01.027 W/ActivityManager( 1629): 	at com.android.server.am.ActivityManagerService.getActivityDisplayId(ActivityManagerService.java:9806)
06-05 18:34:01.027 W/ActivityManager( 1629): 	at android.app.ActivityManagerNative.onTransact(ActivityManagerNative.java:2566)
06-05 18:34:01.027 W/ActivityManager( 1629): 	at com.android.server.am.ActivityManagerService.onTransact(ActivityManagerService.java:2757)
06-05 18:34:01.027 W/ActivityManager( 1629): 	at android.os.Binder.execTransact(Binder.java:565)
06-05 18:34:01.030 W/ActivityManager( 1629): Bad activity token: android.os.BinderProxy@97c223b
06-05 18:34:01.030 W/ActivityManager( 1629): java.lang.ClassCastException: android.os.BinderProxy cannot be cast to com.android.server.am.ActivityRecord$Token
06-05 18:34:01.030 W/ActivityManager( 1629): 	at com.android.server.am.ActivityRecord.forTokenLocked(ActivityRecord.java:586)
06-05 18:34:01.030 W/ActivityManager( 1629): 	at com.android.server.am.ActivityRecord.isInStackLocked(ActivityRecord.java:1327)
06-05 18:34:01.030 W/ActivityManager( 1629): 	at com.android.server.am.ActivityManagerService.setTaskDescription(ActivityManagerService.java:9358)
06-05 18:34:01.030 W/ActivityManager( 1629): 	at android.app.ActivityManagerNative.onTransact(ActivityManagerNative.java:2639)
06-05 18:34:01.030 W/ActivityManager( 1629): 	at com.android.server.am.ActivityManagerService.onTransact(ActivityManagerService.java:2757)
06-05 18:34:01.030 W/ActivityManager( 1629): 	at android.os.Binder.execTransact(Binder.java:565)
06-05 18:34:01.030 W/ActivityManager( 1629): Bad activity token: android.os.BinderProxy@97c223b
06-05 18:34:01.030 W/ActivityManager( 1629): java.lang.ClassCastException: android.os.BinderProxy cannot be cast to com.android.server.am.ActivityRecord$Token
06-05 18:34:01.030 W/ActivityManager( 1629): 	at com.android.server.am.ActivityRecord.forTokenLocked(ActivityRecord.java:586)
06-05 18:34:01.030 W/ActivityManager( 1629): 	at com.android.server.am.ActivityRecord.isInStackLocked(ActivityRecord.java:1327)
06-05 18:34:01.030 W/ActivityManager( 1629): 	at com.android.server.am.ActivityRecord.getStackLocked(ActivityRecord.java:1332)
06-05 18:34:01.030 W/ActivityManager( 1629): 	at com.android.server.am.ActivityManagerService.getActivityStackId(ActivityManagerService.java:9817)
06-05 18:34:01.030 W/ActivityManager( 1629): 	at android.app.ActivityManagerNative.onTransact(ActivityManagerNative.java:2856)
06-05 18:34:01.030 W/ActivityManager( 1629): 	at com.android.server.am.ActivityManagerService.onTransact(ActivityManagerService.java:2757)
06-05 18:34:01.030 W/ActivityManager( 1629): 	at android.os.Binder.execTransact(Binder.java:565)
06-05 18:34:01.040 D/VehicleStatisticsActivity( 4837): Checking recalculation ...
06-05 18:34:01.042 D/VehicleStatisticsActivity( 4837): Recalculation not necessary.
06-05 18:34:01.054 W/ActivityManager( 1629): Bad activity token: android.os.BinderProxy@97c223b
06-05 18:34:01.054 W/ActivityManager( 1629): java.lang.ClassCastException: android.os.BinderProxy cannot be cast to com.android.server.am.ActivityRecord$Token
06-05 18:34:01.054 W/ActivityManager( 1629): 	at com.android.server.am.ActivityRecord.forTokenLocked(ActivityRecord.java:586)
06-05 18:34:01.054 W/ActivityManager( 1629): 	at com.android.server.am.ActivityRecord.isInStackLocked(ActivityRecord.java:1327)
06-05 18:34:01.054 W/ActivityManager( 1629): 	at com.android.server.am.ActivityManagerService.getActivityOptions(ActivityManagerService.java:12559)
06-05 18:34:01.054 W/ActivityManager( 1629): 	at android.app.ActivityManagerNative.onTransact(ActivityManagerNative.java:1933)
06-05 18:34:01.054 W/ActivityManager( 1629): 	at com.android.server.am.ActivityManagerService.onTransact(ActivityManagerService.java:2757)
06-05 18:34:01.054 W/ActivityManager( 1629): 	at android.os.Binder.execTransact(Binder.java:565)
06-05 18:34:01.055 W/ActivityManager( 1629): Bad activity token: android.os.BinderProxy@97c223b
06-05 18:34:01.055 W/ActivityManager( 1629): java.lang.ClassCastException: android.os.BinderProxy cannot be cast to com.android.server.am.ActivityRecord$Token
06-05 18:34:01.055 W/ActivityManager( 1629): 	at com.android.server.am.ActivityRecord.forTokenLocked(ActivityRecord.java:586)
06-05 18:34:01.055 W/ActivityManager( 1629): 	at com.android.server.am.ActivityRecord.isInStackLocked(ActivityRecord.java:1327)
06-05 18:34:01.055 W/ActivityManager( 1629): 	at com.android.server.am.ActivityManagerService.getActivityOptions(ActivityManagerService.java:12559)
06-05 18:34:01.055 W/ActivityManager( 1629): 	at android.app.ActivityManagerNative.onTransact(ActivityManagerNative.java:1933)
06-05 18:34:01.055 W/ActivityManager( 1629): 	at com.android.server.am.ActivityManagerService.onTransact(ActivityManagerService.java:2757)
06-05 18:34:01.055 W/ActivityManager( 1629): 	at android.os.Binder.execTransact(Binder.java:565)
06-05 18:34:01.057 D/VehicleStatisticsActivity( 4837): Checking recalculation ...
06-05 18:34:01.058 D/VehicleStatisticsActivity( 4837): Recalculation not necessary.
06-05 18:34:01.150 I/art     ( 4837): Do partial code cache collection, code=30KB, data=30KB
06-05 18:34:01.150 I/art     ( 4837): After code cache collection, code=29KB, data=29KB
06-05 18:34:01.150 I/art     ( 4837): Increasing code cache capacity to 128KB
06-05 18:34:01.165 I/System.out( 4837): URI: //map
06-05 18:34:01.165 I/System.out( 4837): params: {json={"query":"* {text CONTAINS[c] 'Worst fuel economy'}","operation":{"method_name":"query","arguments":[]}}
06-05 18:34:01.165 I/System.out( 4837): }
06-05 18:34:01.183 I/System.out( 4837): URI: //map
06-05 18:34:01.183 I/System.out( 4837): params: {json={"query":"* {text CONTAINS[c] 'Best fuel economy'}","operation":{"method_name":"query","arguments":[]}}
06-05 18:34:01.183 I/System.out( 4837): }
