06-05 21:22:39.303 I/System.out(11205): files: {}
06-05 21:22:39.303 I/System.out(11205): command: {"command":"keyboard_enter_text","arguments":["Gray Brown"]}
06-05 21:22:39.304 I/InstrumentationBackend(11205): Got command:'Command:'Line:null,keyboard_enter_text', arguments:'[Gray Brown]'
06-05 21:22:39.304 E/SpannableStringBuilder(11205): SPAN_EXCLUSIVE_EXCLUSIVE spans cannot have a zero length
06-05 21:22:39.304 E/SpannableStringBuilder(11205): SPAN_EXCLUSIVE_EXCLUSIVE spans cannot have a zero length
06-05 21:22:39.310 I/LatinIME:LogUtils( 1697): Dictionary info: dictionary = spellcheck_userunigram.en_US ; version = 1591410159 ; date = ?
06-05 21:22:39.310 E/SpannableStringBuilder(11205): SPAN_EXCLUSIVE_EXCLUSIVE spans cannot have a zero length
06-05 21:22:39.310 E/SpannableStringBuilder(11205): SPAN_EXCLUSIVE_EXCLUSIVE spans cannot have a zero length
06-05 21:22:39.314 I/System.out(11205): result:{"bonusInformation":[],"message":"","success":true}
06-05 21:22:39.318 I/LatinIME:LogUtils( 1697): Dictionary info: dictionary = main:en ; version = 54 ; date = 1414726273
06-05 21:22:39.323 I/System.out(11205): URI: //
06-05 21:22:39.323 I/System.out(11205): params: {json={"command":"press_key","arguments":["KEYCODE_BACK"]}
06-05 21:22:39.323 I/System.out(11205): }
06-05 21:22:39.323 I/System.out(11205): header: {content-type=application/json;charset=utf-8, date=Sat, 06 Jun 2020 02:22:39 GMT, accept=*/*, host=127.0.0.1:34777, content-length=52, user-agent=HTTPClient/1.0 (2.8.3, ruby 2.5.1 (2018-03-29))}
06-05 21:22:39.323 I/System.out(11205): params: {json={"command":"press_key","arguments":["KEYCODE_BACK"]}
06-05 21:22:39.323 I/System.out(11205): }
06-05 21:22:39.323 I/System.out(11205): ProP json = {"command":"press_key","arguments":["KEYCODE_BACK"]}
06-05 21:22:39.323 I/System.out(11205): files: {}
06-05 21:22:39.323 I/System.out(11205): command: {"command":"press_key","arguments":["KEYCODE_BACK"]}
06-05 21:22:39.325 I/InstrumentationBackend(11205): Got command:'Command:'Line:null,press_key', arguments:'[KEYCODE_BACK]'
06-05 21:22:39.327 I/art     (11205): Compiler allocated 7MB to compile sh.calaba.instrumentationbackend.actions.NanoHTTPD$Response sh.calaba.instrumentationbackend.actions.HttpServer.serve(java.lang.String, java.lang.String, java.util.Properties, java.util.Properties, java.util.Properties)
06-05 21:22:39.365 W/InputMethodService( 1697): Window size has been changed. This may cause jankiness of resizing window: -1 -> -2
06-05 21:22:39.368 I/System.out(11205): result:{"bonusInformation":[],"message":"","success":true}
06-05 21:22:39.371 I/System.out(11205): URI: //map
06-05 21:22:39.371 I/System.out(11205): params: {json={"query":"* marked:'Save changes'","operation":{"method_name":"query","arguments":[]}}
06-05 21:22:39.371 I/System.out(11205): }
06-05 21:22:39.376 W/ResourceType(11205): No package identifier when getting name for resource number 0x00000001
06-05 21:22:39.378 D/EGL_emulation( 1711): eglMakeCurrent: 0xb0f853c0: ver 2 0 (tinfo 0xb0f833e0)
06-05 21:22:39.378 D/EGL_emulation( 1697): eglMakeCurrent: 0xb0f85180: ver 2 0 (tinfo 0xb0f83880)
06-05 21:22:39.382 V/PhoneStatusBar( 1711): setLightsOn(true)
06-05 21:22:39.385 V/PhoneStatusBar( 1711): setLightsOn(true)
06-05 21:22:39.387 I/System.out(11205): URI: //gesture
06-05 21:22:39.387 I/System.out(11205): params: {json={"query_timeout":5.0,"gestures":[{"query_string":"* marked:'Save changes'","touches":[{"x":50,"y":50,"offset_x":0,"offset_y":0,"wait":0.0,"time":0.2,"release":true,"query_string":null}]}]}
06-05 21:22:39.387 I/System.out(11205): }
06-05 21:22:39.396 V/PhoneStatusBar( 1711): setLightsOn(true)
06-05 21:22:39.430 W/ResourceType(11205): No package identifier when getting name for resource number 0x00000001
06-05 21:22:39.561 V/PhoneStatusBar( 1711): setLightsOn(true)
06-05 21:22:39.562 I/WindowManager( 1630): Destroying surface Surface(name=InputMethod) called by com.android.server.wm.WindowStateAnimator.destroySurface:2016 com.android.server.wm.WindowStateAnimator.destroySurfaceLocked:882 com.android.server.wm.WindowState.destroyOrSaveSurface:2100 com.android.server.wm.WindowSurfacePlacer.performSurfacePlacementInner:429 com.android.server.wm.WindowSurfacePlacer.performSurfacePlacementLoop:232 com.android.server.wm.WindowSurfacePlacer.performSurfacePlacement:180 com.android.server.wm.WindowManagerService$H.handleMessage:8086 android.os.Handler.dispatchMessage:102 
06-05 21:22:39.669 W/audio_hw_generic( 1395): Not supplying enough data to HAL, expected position 546377195 , only wrote 546377040
06-05 21:22:39.684 V/PhoneStatusBar( 1711): setLightsOn(true)
06-05 21:22:39.687 I/System.out(11205): URI: //map
06-05 21:22:39.688 I/System.out(11205): params: {json={"query":"* {text CONTAINS[c] 'Javier Vehicle'}","operation":{"method_name":"query","arguments":[]}}
06-05 21:22:39.688 I/System.out(11205): }
06-05 21:22:39.731 V/PhoneStatusBar( 1711): setLightsOn(true)
06-05 21:22:39.733 D/Mileage.ABS(11205): Finished backup
06-05 21:22:39.734 D/Mileage.ABS(11205): Not backing up; 4
06-05 21:22:39.734 D/Mileage.ABS(11205): Not backing up; 4
06-05 21:22:39.735 W/ActivityManager( 1630): Bad activity token: android.os.BinderProxy@8329093
06-05 21:22:39.735 W/ActivityManager( 1630): java.lang.ClassCastException: android.os.BinderProxy cannot be cast to com.android.server.am.ActivityRecord$Token
06-05 21:22:39.735 W/ActivityManager( 1630): 	at com.android.server.am.ActivityRecord.forTokenLocked(ActivityRecord.java:586)
06-05 21:22:39.735 W/ActivityManager( 1630): 	at com.android.server.am.ActivityRecord.isInStackLocked(ActivityRecord.java:1327)
06-05 21:22:39.735 W/ActivityManager( 1630): 	at com.android.server.am.ActivityManagerService.getActivityOptions(ActivityManagerService.java:12559)
06-05 21:22:39.735 W/ActivityManager( 1630): 	at android.app.ActivityManagerNative.onTransact(ActivityManagerNative.java:1933)
06-05 21:22:39.735 W/ActivityManager( 1630): 	at com.android.server.am.ActivityManagerService.onTransact(ActivityManagerService.java:2757)
06-05 21:22:39.735 W/ActivityManager( 1630): 	at android.os.Binder.execTransact(Binder.java:565)
06-05 21:22:39.745 D/EGL_emulation( 1711): eglMakeCurrent: 0xb0f853c0: ver 2 0 (tinfo 0xb0f833e0)
06-05 21:22:39.745 V/PhoneStatusBar( 1711): setLightsOn(true)
06-05 21:22:39.761 V/PhoneStatusBar( 1711): setLightsOn(true)
06-05 21:22:39.761 D/gralloc_ranchu( 1347): gralloc_alloc: Creating ashmem region of size 9023488
06-05 21:22:39.765 I/System.out(11205): URI: //map
06-05 21:22:39.765 I/System.out(11205): params: {json={"query":"* {text CONTAINS[c] 'Gray Brown'}","operation":{"method_name":"query","arguments":[]}}
06-05 21:22:39.765 I/System.out(11205): }
06-05 21:22:39.794 V/PhoneStatusBar( 1711): setLightsOn(true)
06-05 21:22:39.811 V/PhoneStatusBar( 1711): setLightsOn(true)
06-05 21:22:39.813 W/IInputConnectionWrapper(11205): finishComposingText on inactive InputConnection
06-05 21:22:39.844 V/PhoneStatusBar( 1711): setLightsOn(true)
