06-05 20:01:06.585 I/WindowManager( 1629): Destroying surface Surface(name=PopupWindow:d799bbd) called by com.android.server.wm.WindowStateAnimator.destroySurface:2016 com.android.server.wm.WindowStateAnimator.destroySurfaceLocked:882 com.android.server.wm.WindowState.destroyOrSaveSurface:2100 com.android.server.wm.AppWindowToken.destroySurfaces:363 com.android.server.wm.WindowStateAnimator.finishExit:565 com.android.server.wm.WindowStateAnimator.stepAnimationLocked:491 com.android.server.wm.WindowAnimator.updateWindowsLocked:303 com.android.server.wm.WindowAnimator.animateLocked:704 
06-05 20:01:06.586 V/PhoneStatusBar( 1711): setLightsOn(true)
06-05 20:01:06.589 V/PhoneStatusBar( 1711): setLightsOn(true)
06-05 20:01:06.618 I/System.out(22263): URI: //map
06-05 20:01:06.618 I/System.out(22263): params: {json={"query":"* {text CONTAINS[c] 'Invalid vehicle year'}","operation":{"method_name":"query","arguments":[]}}
06-05 20:01:06.618 I/System.out(22263): }
06-05 20:01:06.630 I/LatinIME( 1696): Starting input. Cursor position = 0,0
06-05 20:01:06.665 V/PhoneStatusBar( 1711): setLightsOn(true)
06-05 20:01:06.666 I/art     (22263): Compiler allocated 7MB to compile sh.calaba.instrumentationbackend.actions.NanoHTTPD$Response sh.calaba.instrumentationbackend.actions.HttpServer.serve(java.lang.String, java.lang.String, java.util.Properties, java.util.Properties, java.util.Properties)
06-05 20:01:06.668 V/PhoneStatusBar( 1711): setLightsOn(true)
06-05 20:01:06.669 W/IInputConnectionWrapper(22263): finishComposingText on inactive InputConnection
06-05 20:01:06.669 W/IInputConnectionWrapper(22263): finishComposingText on inactive InputConnection
06-05 20:01:06.684 D/gralloc_ranchu( 1348): gralloc_alloc: Creating ashmem region of size 278528
06-05 20:01:06.688 V/PhoneStatusBar( 1711): setLightsOn(true)
06-05 20:01:06.689 V/PhoneStatusBar( 1711): setLightsOn(true)
06-05 20:01:06.697 I/System.out(22263): URI: //map
06-05 20:01:06.697 I/System.out(22263): params: {json={"query":"android.widget.EditText index:1","operation":{"method_name":"query","arguments":[]}}
06-05 20:01:06.697 I/System.out(22263): }
06-05 20:01:06.701 V/PhoneStatusBar( 1711): setLightsOn(true)
06-05 20:01:06.718 V/PhoneStatusBar( 1711): setLightsOn(true)
06-05 20:01:06.726 I/System.out(22263): URI: //gesture
06-05 20:01:06.726 I/System.out(22263): params: {json={"query_timeout":5.0,"gestures":[{"query_string":"android.widget.EditText index:1","touches":[{"x":50,"y":50,"offset_x":0,"offset_y":0,"wait":0.0,"time":0.2,"release":true,"query_string":null}]}]}
06-05 20:01:06.726 I/System.out(22263): }
06-05 20:01:06.952 V/PhoneStatusBar( 1711): setLightsOn(true)
06-05 20:01:07.467 I/System.out(22263): URI: //
06-05 20:01:07.467 I/System.out(22263): params: {json={"command":"set_selection","arguments":[-1,-1]}
06-05 20:01:07.467 I/System.out(22263): }
06-05 20:01:07.467 I/System.out(22263): header: {content-type=application/json;charset=utf-8, date=Sat, 06 Jun 2020 01:01:08 GMT, accept=*/*, host=127.0.0.1:34783, content-length=47, user-agent=HTTPClient/1.0 (2.8.3, ruby 2.5.1 (2018-03-29))}
06-05 20:01:07.467 I/System.out(22263): params: {json={"command":"set_selection","arguments":[-1,-1]}
06-05 20:01:07.467 I/System.out(22263): }
06-05 20:01:07.467 I/System.out(22263): ProP json = {"command":"set_selection","arguments":[-1,-1]}
06-05 20:01:07.467 I/System.out(22263): files: {}
06-05 20:01:07.467 I/System.out(22263): command: {"command":"set_selection","arguments":[-1,-1]}
06-05 20:01:07.470 I/InstrumentationBackend(22263): Got command:'Command:'Line:null,set_selection', arguments:'[-1, -1]'
06-05 20:01:07.476 I/System.out(22263): result:{"bonusInformation":[],"message":"","success":true}
06-05 20:01:07.497 I/System.out(22263): URI: //
06-05 20:01:07.497 I/System.out(22263): params: {json={"command":"keyboard_enter_text","arguments":["0"]}
06-05 20:01:07.497 I/System.out(22263): }
06-05 20:01:07.497 I/System.out(22263): header: {content-type=application/json;charset=utf-8, date=Sat, 06 Jun 2020 01:01:08 GMT, accept=*/*, host=127.0.0.1:34783, content-length=51, user-agent=HTTPClient/1.0 (2.8.3, ruby 2.5.1 (2018-03-29))}
06-05 20:01:07.497 I/System.out(22263): params: {json={"command":"keyboard_enter_text","arguments":["0"]}
06-05 20:01:07.498 I/System.out(22263): }
06-05 20:01:07.498 I/System.out(22263): ProP json = {"command":"keyboard_enter_text","arguments":["0"]}
06-05 20:01:07.498 I/System.out(22263): files: {}
06-05 20:01:07.498 I/System.out(22263): command: {"command":"keyboard_enter_text","arguments":["0"]}
06-05 20:01:07.499 I/InstrumentationBackend(22263): Got command:'Command:'Line:null,keyboard_enter_text', arguments:'[0]'
06-05 20:01:07.499 E/SpannableStringBuilder(22263): SPAN_EXCLUSIVE_EXCLUSIVE spans cannot have a zero length
06-05 20:01:07.499 E/SpannableStringBuilder(22263): SPAN_EXCLUSIVE_EXCLUSIVE spans cannot have a zero length
06-05 20:01:07.500 V/PhoneStatusBar( 1711): setLightsOn(true)
06-05 20:01:07.501 E/SpannableStringBuilder(22263): SPAN_EXCLUSIVE_EXCLUSIVE spans cannot have a zero length
06-05 20:01:07.501 E/SpannableStringBuilder(22263): SPAN_EXCLUSIVE_EXCLUSIVE spans cannot have a zero length
06-05 20:01:07.504 I/System.out(22263): result:{"bonusInformation":[],"message":"","success":true}
06-05 20:01:07.506 I/System.out(22263): URI: //map
06-05 20:01:07.506 I/System.out(22263): params: {json={"query":"* marked:'Add new vehicle'","operation":{"method_name":"query","arguments":[]}}
06-05 20:01:07.507 I/System.out(22263): }
06-05 20:01:07.567 W/ResourceType(22263): No package identifier when getting name for resource number 0x00000001
06-05 20:01:07.576 I/System.out(22263): URI: //gesture
06-05 20:01:07.576 I/System.out(22263): params: {json={"query_timeout":5.0,"gestures":[{"query_string":"* marked:'Add new vehicle'","touches":[{"x":50,"y":50,"offset_x":0,"offset_y":0,"wait":0.0,"time":0.2,"release":true,"query_string":null}]}]}
06-05 20:01:07.576 I/System.out(22263): }
06-05 20:01:07.580 W/ResourceType(22263): No package identifier when getting name for resource number 0x00000001
06-05 20:01:07.767 I/WindowManager( 1629): Destroying surface Surface(name=PopupWindow:d5e5607) called by com.android.server.wm.WindowStateAnimator.destroySurface:2016 com.android.server.wm.WindowStateAnimator.destroySurfaceLocked:882 com.android.server.wm.WindowState.destroyOrSaveSurface:2100 com.android.server.wm.AppWindowToken.destroySurfaces:363 com.android.server.wm.WindowStateAnimator.finishExit:565 com.android.server.wm.WindowStateAnimator.stepAnimationLocked:491 com.android.server.wm.WindowAnimator.updateWindowsLocked:303 com.android.server.wm.WindowAnimator.animateLocked:704 
06-05 20:01:07.768 V/PhoneStatusBar( 1711): setLightsOn(true)
06-05 20:01:07.769 V/PhoneStatusBar( 1711): setLightsOn(true)
06-05 20:01:07.810 I/System.out(22263): URI: //map
06-05 20:01:07.810 I/System.out(22263): params: {json={"query":"* {text CONTAINS[c] 'Invalid vehicle make'}","operation":{"method_name":"query","arguments":[]}}
06-05 20:01:07.810 I/System.out(22263): }
06-05 20:01:07.823 I/LatinIME( 1696): Starting input. Cursor position = 0,0
06-05 20:01:07.849 V/PhoneStatusBar( 1711): setLightsOn(true)
06-05 20:01:07.851 V/PhoneStatusBar( 1711): setLightsOn(true)
06-05 20:01:07.852 W/IInputConnectionWrapper(22263): finishComposingText on inactive InputConnection
06-05 20:01:07.868 D/gralloc_ranchu( 1348): gralloc_alloc: Creating ashmem region of size 294912
06-05 20:01:07.872 V/PhoneStatusBar( 1711): setLightsOn(true)
06-05 20:01:07.872 V/PhoneStatusBar( 1711): setLightsOn(true)
06-05 20:01:07.879 I/System.out(22263): URI: //map
06-05 20:01:07.879 I/System.out(22263): params: {json={"query":"android.widget.EditText index:2","operation":{"method_name":"query","arguments":[]}}
06-05 20:01:07.879 I/System.out(22263): }
06-05 20:01:07.885 V/PhoneStatusBar( 1711): setLightsOn(true)
06-05 20:01:07.902 V/PhoneStatusBar( 1711): setLightsOn(true)
06-05 20:01:07.909 I/System.out(22263): URI: //gesture
06-05 20:01:07.909 I/System.out(22263): params: {json={"query_timeout":5.0,"gestures":[{"query_string":"android.widget.EditText index:2","touches":[{"x":50,"y":50,"offset_x":0,"offset_y":0,"wait":0.0,"time":0.2,"release":true,"query_string":null}]}]}
06-05 20:01:07.909 I/System.out(22263): }
06-05 20:01:08.135 V/PhoneStatusBar( 1711): setLightsOn(true)
06-05 20:01:08.643 I/System.out(22263): URI: //
06-05 20:01:08.643 I/System.out(22263): params: {json={"command":"set_selection","arguments":[-1,-1]}
06-05 20:01:08.643 I/System.out(22263): }
06-05 20:01:08.643 I/System.out(22263): header: {content-type=application/json;charset=utf-8, date=Sat, 06 Jun 2020 01:01:09 GMT, accept=*/*, host=127.0.0.1:34783, content-length=47, user-agent=HTTPClient/1.0 (2.8.3, ruby 2.5.1 (2018-03-29))}
06-05 20:01:08.643 I/System.out(22263): params: {json={"command":"set_selection","arguments":[-1,-1]}
06-05 20:01:08.643 I/System.out(22263): }
06-05 20:01:08.643 I/System.out(22263): ProP json = {"command":"set_selection","arguments":[-1,-1]}
06-05 20:01:08.643 I/System.out(22263): files: {}
06-05 20:01:08.643 I/System.out(22263): command: {"command":"set_selection","arguments":[-1,-1]}
06-05 20:01:08.643 I/InstrumentationBackend(22263): Got command:'Command:'Line:null,set_selection', arguments:'[-1, -1]'
06-05 20:01:08.646 I/System.out(22263): result:{"bonusInformation":[],"message":"","success":true}
06-05 20:01:08.661 I/System.out(22263): URI: //
06-05 20:01:08.661 I/System.out(22263): params: {json={"command":"keyboard_enter_text","arguments":["Test"]}
06-05 20:01:08.661 I/System.out(22263): }
06-05 20:01:08.661 I/System.out(22263): header: {content-type=application/json;charset=utf-8, date=Sat, 06 Jun 2020 01:01:09 GMT, accept=*/*, host=127.0.0.1:34783, content-length=54, user-agent=HTTPClient/1.0 (2.8.3, ruby 2.5.1 (2018-03-29))}
06-05 20:01:08.661 I/System.out(22263): params: {json={"command":"keyboard_enter_text","arguments":["Test"]}
06-05 20:01:08.661 I/System.out(22263): }
06-05 20:01:08.661 I/System.out(22263): ProP json = {"command":"keyboard_enter_text","arguments":["Test"]}
06-05 20:01:08.661 I/System.out(22263): files: {}
06-05 20:01:08.661 I/System.out(22263): command: {"command":"keyboard_enter_text","arguments":["Test"]}
06-05 20:01:08.662 I/InstrumentationBackend(22263): Got command:'Command:'Line:null,keyboard_enter_text', arguments:'[Test]'
06-05 20:01:08.662 E/SpannableStringBuilder(22263): SPAN_EXCLUSIVE_EXCLUSIVE spans cannot have a zero length
06-05 20:01:08.662 E/SpannableStringBuilder(22263): SPAN_EXCLUSIVE_EXCLUSIVE spans cannot have a zero length
06-05 20:01:08.663 V/PhoneStatusBar( 1711): setLightsOn(true)
06-05 20:01:08.665 E/SpannableStringBuilder(22263): SPAN_EXCLUSIVE_EXCLUSIVE spans cannot have a zero length
06-05 20:01:08.665 E/SpannableStringBuilder(22263): SPAN_EXCLUSIVE_EXCLUSIVE spans cannot have a zero length
06-05 20:01:08.668 I/System.out(22263): result:{"bonusInformation":[],"message":"","success":true}
06-05 20:01:08.671 I/System.out(22263): URI: //map
06-05 20:01:08.671 I/System.out(22263): params: {json={"query":"* marked:'Add new vehicle'","operation":{"method_name":"query","arguments":[]}}
06-05 20:01:08.671 I/System.out(22263): }
06-05 20:01:08.699 W/ResourceType(22263): No package identifier when getting name for resource number 0x00000001
06-05 20:01:08.706 I/System.out(22263): URI: //gesture
06-05 20:01:08.707 I/System.out(22263): params: {json={"query_timeout":5.0,"gestures":[{"query_string":"* marked:'Add new vehicle'","touches":[{"x":50,"y":50,"offset_x":0,"offset_y":0,"wait":0.0,"time":0.2,"release":true,"query_string":null}]}]}
06-05 20:01:08.707 I/System.out(22263): }
06-05 20:01:08.710 W/ResourceType(22263): No package identifier when getting name for resource number 0x00000001
06-05 20:01:08.918 I/WindowManager( 1629): Destroying surface Surface(name=PopupWindow:bffd0eb) called by com.android.server.wm.WindowStateAnimator.destroySurface:2016 com.android.server.wm.WindowStateAnimator.destroySurfaceLocked:882 com.android.server.wm.WindowState.destroyOrSaveSurface:2100 com.android.server.wm.AppWindowToken.destroySurfaces:363 com.android.server.wm.WindowStateAnimator.finishExit:565 com.android.server.wm.WindowStateAnimator.stepAnimationLocked:491 com.android.server.wm.WindowAnimator.updateWindowsLocked:303 com.android.server.wm.WindowAnimator.animateLocked:704 
06-05 20:01:08.920 V/PhoneStatusBar( 1711): setLightsOn(true)
06-05 20:01:08.924 V/PhoneStatusBar( 1711): setLightsOn(true)
06-05 20:01:08.966 I/System.out(22263): URI: //map
06-05 20:01:08.966 I/System.out(22263): params: {json={"query":"* {text CONTAINS[c] 'Invalid vehicle model'}","operation":{"method_name":"query","arguments":[]}}
06-05 20:01:08.966 I/System.out(22263): }
06-05 20:01:08.967 I/LatinIME( 1696): Starting input. Cursor position = 0,0
06-05 20:01:09.008 V/PhoneStatusBar( 1711): setLightsOn(true)
06-05 20:01:09.018 V/PhoneStatusBar( 1711): setLightsOn(true)
06-05 20:01:09.019 W/IInputConnectionWrapper(22263): finishComposingText on inactive InputConnection
06-05 20:01:09.019 W/IInputConnectionWrapper(22263): finishComposingText on inactive InputConnection
06-05 20:01:09.034 D/gralloc_ranchu( 1348): gralloc_alloc: Creating ashmem region of size 303104
06-05 20:01:09.038 V/PhoneStatusBar( 1711): setLightsOn(true)
06-05 20:01:09.038 V/PhoneStatusBar( 1711): setLightsOn(true)
06-05 20:01:09.051 V/PhoneStatusBar( 1711): setLightsOn(true)
