--------- beginning of main
06-05 18:34:42.408 V/PhoneStatusBar( 1711): setLightsOn(true)
06-05 18:34:42.410 V/PhoneStatusBar( 1711): setLightsOn(true)
06-05 18:34:42.426 D/gralloc_ranchu( 1346): gralloc_alloc: Creating ashmem region of size 3145728
06-05 18:34:42.434 E/EGL_emulation( 1346): tid 1346: eglCreateSyncKHR(1901): error 0x3004 (EGL_BAD_ATTRIBUTE)
--------- beginning of system
06-05 18:34:42.461 W/ActivityManager( 1629): Finishing task with all activities already finished
06-05 18:34:42.461 W/ActivityManager( 1629): Duplicate finish request for ActivityRecord{fab1a39 u0 com.evancharlton.mileage/.Mileage t3089 f}
06-05 18:34:42.461 W/ActivityManager( 1629): Finishing task with all activities already finished
06-05 18:34:42.462 W/ActivityManager( 1629): Duplicate finish request for ActivityRecord{fab1a39 u0 com.evancharlton.mileage/.Mileage t3089 f}
06-05 18:34:42.462 W/ActivityManager( 1629): Finishing task with all activities already finished
06-05 18:34:42.462 W/ActivityManager( 1629): Duplicate finish request for ActivityRecord{fab1a39 u0 com.evancharlton.mileage/.Mileage t3089 f}
06-05 18:34:42.462 W/ActivityManager( 1629): Finishing task with all activities already finished
06-05 18:34:42.462 W/ActivityManager( 1629): Duplicate finish request for ActivityRecord{fab1a39 u0 com.evancharlton.mileage/.Mileage t3089 f}
06-05 18:34:42.462 W/ActivityManager( 1629): Finishing task with all activities already finished
06-05 18:34:42.462 W/ActivityManager( 1629): Duplicate finish request for ActivityRecord{fab1a39 u0 com.evancharlton.mileage/.Mileage t3089 f}
06-05 18:34:42.462 W/ActivityManager( 1629): Finishing task with all activities already finished
06-05 18:34:42.463 W/ActivityManager( 1629): Duplicate finish request for ActivityRecord{7f894db u0 com.evancharlton.mileage/.charts.MinimumPriceChart t3089 f}
06-05 18:34:42.463 W/ActivityManager( 1629): Finishing task with all activities already finished
06-05 18:34:42.463 W/ActivityManager( 1629): Duplicate finish request for ActivityRecord{7f894db u0 com.evancharlton.mileage/.charts.MinimumPriceChart t3089 f}
06-05 18:34:42.463 W/ActivityManager( 1629): Finishing task with all activities already finished
06-05 18:34:42.463 W/ActivityManager( 1629): Duplicate finish request for ActivityRecord{fab1a39 u0 com.evancharlton.mileage/.Mileage t3089 f}
06-05 18:34:42.463 W/ActivityManager( 1629): Finishing task with all activities already finished
06-05 18:34:42.463 W/ActivityManager( 1629): Duplicate finish request for ActivityRecord{fab1a39 u0 com.evancharlton.mileage/.Mileage t3089 f}
06-05 18:34:42.493 D/EGL_emulation( 1711): eglMakeCurrent: 0xa5b6bd80: ver 2 0 (tinfo 0xb1367140)
06-05 18:34:42.504 D/EGL_emulation( 1711): eglMakeCurrent: 0xa5b6bd80: ver 2 0 (tinfo 0xb1367140)
06-05 18:34:42.505 D/EGL_emulation( 2150): eglMakeCurrent: 0xb4f852a0: ver 2 0 (tinfo 0xb4f832e0)
06-05 18:34:42.538 D/EGL_emulation( 1711): eglMakeCurrent: 0xa5b6bd80: ver 2 0 (tinfo 0xb1367140)
06-05 18:34:42.554 D/EGL_emulation( 1711): eglMakeCurrent: 0xa5b6bd80: ver 2 0 (tinfo 0xb1367140)
06-05 18:34:42.556 D/EGL_emulation( 1711): eglMakeCurrent: 0xa5b6bd80: ver 2 0 (tinfo 0xb1367140)
06-05 18:34:42.571 D/EGL_emulation( 1711): eglMakeCurrent: 0xa5b6bd80: ver 2 0 (tinfo 0xb1367140)
06-05 18:34:42.573 D/EGL_emulation( 1711): eglMakeCurrent: 0xa5b6bd80: ver 2 0 (tinfo 0xb1367140)
06-05 18:34:42.575 D/AndroidRuntime( 6277): >>>>>> START com.android.internal.os.RuntimeInit uid 2000 <<<<<<
06-05 18:34:42.576 D/AndroidRuntime( 6277): CheckJNI is ON
06-05 18:34:42.587 W/art     ( 6277): Unexpected CPU variant for X86 using defaults: x86
06-05 18:34:42.587 D/EGL_emulation( 1711): eglMakeCurrent: 0xa5b6bd80: ver 2 0 (tinfo 0xb1367140)
06-05 18:34:42.589 D/EGL_emulation( 1711): eglMakeCurrent: 0xa5b6bd80: ver 2 0 (tinfo 0xb1367140)
06-05 18:34:42.589 D/ICU     ( 6277): No timezone override file found: /data/misc/zoneinfo/current/icu/icu_tzdata.dat
06-05 18:34:42.597 E/memtrack( 6277): Couldn't load memtrack module (No such file or directory)
06-05 18:34:42.597 E/android.os.Debug( 6277): failed to load memtrack module: -2
06-05 18:34:42.597 I/Radio-JNI( 6277): register_android_hardware_Radio DONE
06-05 18:34:42.604 D/EGL_emulation( 1711): eglMakeCurrent: 0xa5b6bd80: ver 2 0 (tinfo 0xb1367140)
06-05 18:34:42.606 D/EGL_emulation( 1711): eglMakeCurrent: 0xa5b6bd80: ver 2 0 (tinfo 0xb1367140)
06-05 18:34:42.606 D/AndroidRuntime( 6277): Calling main entry com.android.commands.am.Am
06-05 18:34:42.607 I/ActivityManager( 1629): Force stopping com.evancharlton.mileage appid=10160 user=0: start instr
06-05 18:34:42.608 I/ActivityManager( 1629): Killing 6226:com.evancharlton.mileage/u0a160 (adj 0): stop com.evancharlton.mileage
06-05 18:34:42.608 D/ActivityManager( 1629): cleanUpApplicationRecord -- 6226
06-05 18:34:42.610 I/WindowManager( 1629): Destroying surface Surface(name=com.evancharlton.mileage/com.evancharlton.mileage.charts.MinimumPriceChart) called by com.android.server.wm.WindowStateAnimator.destroySurface:2016 com.android.server.wm.WindowStateAnimator.destroySurfaceLocked:882 com.android.server.wm.WindowState.removeLocked:1456 com.android.server.wm.WindowManagerService.removeWindowInnerLocked:2484 com.android.server.wm.WindowManagerService.removeWindowLocked:2442 com.android.server.wm.WindowManagerService.removeWindowLocked:2311 com.android.server.wm.AppWindowToken.removeAllWindows:530 com.android.server.wm.AppWindowToken.removeAppFromTaskLocked:326 
06-05 18:34:42.612 W/ActivityManager( 1629): Crash of app com.evancharlton.mileage running instrumentation ComponentInfo{com.evancharlton.mileage.test/sh.calaba.instrumentationbackend.CalabashInstrumentationTestRunner}
06-05 18:34:42.612 I/ActivityManager( 1629): Force stopping com.evancharlton.mileage appid=10160 user=0: finished inst
06-05 18:34:42.615 I/art     ( 6287): Not late-enabling -Xcheck:jni (already on)
06-05 18:34:42.615 W/art     ( 6287): Unexpected CPU variant for X86 using defaults: x86
06-05 18:34:42.620 D/EGL_emulation( 1711): eglMakeCurrent: 0xa5b6bd80: ver 2 0 (tinfo 0xb1367140)
06-05 18:34:42.622 D/EGL_emulation( 1711): eglMakeCurrent: 0xa5b6bd80: ver 2 0 (tinfo 0xb1367140)
06-05 18:34:42.623 I/ActivityManager( 1629): Start proc 6287:com.evancharlton.mileage/u0a160 for added application com.evancharlton.mileage
06-05 18:34:42.623 D/AndroidRuntime( 6277): Shutting down VM
06-05 18:34:42.628 W/System  ( 6287): ClassLoader referenced unknown path: /data/app/com.evancharlton.mileage.test-1/lib/x86
06-05 18:34:42.628 W/System  ( 6287): ClassLoader referenced unknown path: /data/app/com.evancharlton.mileage-1/lib/x86
06-05 18:34:42.630 W/System  ( 6287): ClassLoader referenced unknown path: 
06-05 18:34:42.634 I/System.out( 6287): Main activity name automatically set to: com.evancharlton.mileage.Mileage
06-05 18:34:42.634 I/System.out( 6287): Calabash did not load Mono. This is only a problem if you are trying to test a Mono application
06-05 18:34:42.634 I/calabash( 6287): Test server port: 7102
06-05 18:34:42.634 I/InstrumentationBackend( 6287): Added:'GetPreferences', with key:'get_preferences'
06-05 18:34:42.637 D/EGL_emulation( 1711): eglMakeCurrent: 0xa5b6bd80: ver 2 0 (tinfo 0xb1367140)
06-05 18:34:42.639 I/InstrumentationBackend( 6287): Added:'SetPreferences', with key:'set_preferences'
06-05 18:34:42.639 I/InstrumentationBackend( 6287): Added:'ClearPreferences', with key:'clear_preferences'
06-05 18:34:42.639 I/InstrumentationBackend( 6287): Added:'PressElement', with key:'press_l10n_element'
06-05 18:34:42.639 I/InstrumentationBackend( 6287): Added:'WaitForElement', with key:'wait_for_l10n_element'
06-05 18:34:42.639 I/InstrumentationBackend( 6287): Added:'NullAction', with key:'nullAction'
06-05 18:34:42.639 I/InstrumentationBackend( 6287): Added:'PressKey', with key:'press_key'
06-05 18:34:42.639 I/InstrumentationBackend( 6287): Added:'SetActivityOrientation', with key:'set_activity_orientation'
06-05 18:34:42.639 I/InstrumentationBackend( 6287): Added:'GetActivityOrientation', with key:'get_activity_orientation'
06-05 18:34:42.639 I/InstrumentationBackend( 6287): Added:'FakeGPSLocation', with key:'set_gps_coordinates'
06-05 18:34:42.639 I/InstrumentationBackend( 6287): Added:'SetPropertyByCssSelector', with key:'set_property_by_css_selector'
06-05 18:34:42.639 I/InstrumentationBackend( 6287): Added:'GetUrl', with key:'get_url'
06-05 18:34:42.639 I/InstrumentationBackend( 6287): Added:'ScrollTo', with key:'scroll_to'
06-05 18:34:42.639 I/InstrumentationBackend( 6287): Added:'GetLoadProgress', with key:'get_load_progress'
06-05 18:34:42.640 I/InstrumentationBackend( 6287): Added:'DumpHtml', with key:'dump_html'
06-05 18:34:42.640 I/InstrumentationBackend( 6287): Added:'DumpBodyHtml', with key:'dump_body_html'
06-05 18:34:42.640 I/InstrumentationBackend( 6287): Added:'EnterTextByCssSelector', with key:'enter_text_by_selector'
06-05 18:34:42.640 D/EGL_emulation( 1711): eglMakeCurrent: 0xa5b6bd80: ver 2 0 (tinfo 0xb1367140)
06-05 18:34:42.640 I/InstrumentationBackend( 6287): Added:'AndroidSDKVersion', with key:'android_sdk_version'
06-05 18:34:42.640 I/InstrumentationBackend( 6287): Added:'Version', with key:'version'
06-05 18:34:42.640 I/InstrumentationBackend( 6287): Added:'Drag', with key:'drag'
06-05 18:34:42.640 I/InstrumentationBackend( 6287): Added:'TouchCoordinates', with key:'touch_coordinate'
06-05 18:34:42.640 I/InstrumentationBackend( 6287): Added:'LongPressCoordinate', with key:'long_press_coordinate'
06-05 18:34:42.641 I/InstrumentationBackend( 6287): Added:'DragCoordinates', with key:'drag_coordinates'
06-05 18:34:42.641 I/InstrumentationBackend( 6287): Added:'ResumeApplication', with key:'resume_application'
06-05 18:34:42.641 I/InstrumentationBackend( 6287): Added:'Swipe', with key:'swipe'
06-05 18:34:42.641 I/InstrumentationBackend( 6287): Added:'DoubleTapCoordinate', with key:'double_tap_coordinate'
06-05 18:34:42.641 I/InstrumentationBackend( 6287): Added:'ClickOnScreen', with key:'click_on_screen'
06-05 18:34:42.641 I/InstrumentationBackend( 6287): Added:'GetActivityName', with key:'get_activity_name'
06-05 18:34:42.641 I/InstrumentationBackend( 6287): Added:'ScrollToView', with key:'scroll_to_view'
06-05 18:34:42.641 I/InstrumentationBackend( 6287): Added:'ViewConfiguration', with key:'view_configuration'
06-05 18:34:42.641 I/InstrumentationBackend( 6287): Added:'IsCurrentActivityFocused', with key:'is_current_activity_focused'
06-05 18:34:42.641 I/InstrumentationBackend( 6287): Added:'SendTcp', with key:'send_tcp'
06-05 18:34:42.641 I/InstrumentationBackend( 6287): Added:'DpToDevicePixel', with key:'dp_to_device_pixel'
06-05 18:34:42.641 I/InstrumentationBackend( 6287): Added:'KeyboardEnterText', with key:'keyboard_enter_text'
06-05 18:34:42.641 I/InstrumentationBackend( 6287): Added:'DeleteSurroundingText', with key:'delete_surrounding_text'
06-05 18:34:42.641 I/InstrumentationBackend( 6287): Added:'SetComposingRegion', with key:'set_composing_region'
06-05 18:34:42.641 I/InstrumentationBackend( 6287): Added:'SetSelection', with key:'set_selection'
06-05 18:34:42.641 I/InstrumentationBackend( 6287): Added:'KeyboardKeyEvent', with key:'keyboard_key_event'
06-05 18:34:42.642 I/InstrumentationBackend( 6287): Added:'PressUserActionButton', with key:'press_user_action_button'
06-05 18:34:42.642 I/InstrumentationBackend( 6287): Added:'HideSoftKeyboard', with key:'hide_soft_keyboard'
06-05 18:34:42.642 I/InstrumentationBackend( 6287): Added:'ListActions', with key:'list_actions'
06-05 18:34:42.642 I/calabash( 6287): Instantiating http server at 7102
06-05 18:34:42.643 I/System.out( 6287): HTTP Daemon listening on: 7102
06-05 18:34:42.654 D/EGL_emulation( 1711): eglMakeCurrent: 0xa5b6bd80: ver 2 0 (tinfo 0xb1367140)
06-05 18:34:42.656 D/EGL_emulation( 1711): eglMakeCurrent: 0xa5b6bd80: ver 2 0 (tinfo 0xb1367140)
06-05 18:34:42.671 D/EGL_emulation( 1711): eglMakeCurrent: 0xa5b6bd80: ver 2 0 (tinfo 0xb1367140)
06-05 18:34:42.671 W/InputDispatcher( 1629): channel 'a6dda5c com.evancharlton.mileage/com.evancharlton.mileage.Mileage (server)' ~ Consumer closed input channel or an error occurred.  events=0x9
06-05 18:34:42.671 E/InputDispatcher( 1629): channel 'a6dda5c com.evancharlton.mileage/com.evancharlton.mileage.Mileage (server)' ~ Channel is unrecoverably broken and will be disposed!
06-05 18:34:42.671 I/WindowManager( 1629): WIN DEATH: Window{a6dda5c u0 com.evancharlton.mileage/com.evancharlton.mileage.Mileage EXITING}
06-05 18:34:42.671 W/InputDispatcher( 1629): Attempted to unregister already unregistered input channel 'a6dda5c com.evancharlton.mileage/com.evancharlton.mileage.Mileage (server)'
06-05 18:34:42.683 D/EGL_emulation( 1711): eglMakeCurrent: 0xa5b6bd80: ver 2 0 (tinfo 0xb1367140)
06-05 18:34:42.688 D/EGL_emulation( 1711): eglMakeCurrent: 0xa5b6bd80: ver 2 0 (tinfo 0xb1367140)
06-05 18:34:42.690 D/EGL_emulation( 1711): eglMakeCurrent: 0xa5b6bd80: ver 2 0 (tinfo 0xb1367140)
06-05 18:34:42.706 D/EGL_emulation( 1711): eglMakeCurrent: 0xa5b6bd80: ver 2 0 (tinfo 0xb1367140)
06-05 18:34:42.721 D/EGL_emulation( 1711): eglMakeCurrent: 0xa5b6bd80: ver 2 0 (tinfo 0xb1367140)
06-05 18:34:42.722 D/EGL_emulation( 1711): eglMakeCurrent: 0xa5b6bd80: ver 2 0 (tinfo 0xb1367140)
06-05 18:34:42.733 I/System.out( 6287): URI: //ping
06-05 18:34:42.733 I/System.out( 6287): params: {json={}
06-05 18:34:42.733 I/System.out( 6287): }
06-05 18:34:42.736 I/System.out( 6287): URI: //ping
06-05 18:34:42.736 I/System.out( 6287): params: {json={}
06-05 18:34:42.736 I/System.out( 6287): }
06-05 18:34:42.737 D/EGL_emulation( 1711): eglMakeCurrent: 0xa5b6bd80: ver 2 0 (tinfo 0xb1367140)
06-05 18:34:42.738 I/System.out( 6287): URI: //ready
06-05 18:34:42.738 I/System.out( 6287): params: {json={}
06-05 18:34:42.738 I/System.out( 6287): }
06-05 18:34:42.739 D/EGL_emulation( 1711): eglMakeCurrent: 0xa5b6bd80: ver 2 0 (tinfo 0xb1367140)
06-05 18:34:42.740 I/System.out( 6287): URI: //
06-05 18:34:42.740 I/System.out( 6287): params: {json={"command":"version","arguments":[]}
06-05 18:34:42.740 I/System.out( 6287): }
06-05 18:34:42.740 I/System.out( 6287): header: {content-type=application/json;charset=utf-8, date=Fri, 05 Jun 2020 23:34:43 GMT, accept=*/*, host=127.0.0.1:34783, content-length=36, user-agent=HTTPClient/1.0 (2.8.3, ruby 2.5.1 (2018-03-29))}
06-05 18:34:42.740 I/System.out( 6287): params: {json={"command":"version","arguments":[]}
06-05 18:34:42.740 I/System.out( 6287): }
06-05 18:34:42.740 I/System.out( 6287): ProP json = {"command":"version","arguments":[]}
06-05 18:34:42.740 I/System.out( 6287): files: {}
06-05 18:34:42.740 I/System.out( 6287): command: {"command":"version","arguments":[]}
06-05 18:34:42.743 I/InstrumentationBackend( 6287): Got command:'Command:'Line:null,version', arguments:'[]'
06-05 18:34:42.751 I/System.out( 6287): result:{"bonusInformation":[],"message":"0.9.8","success":true}
06-05 18:34:42.755 I/System.out( 6287): URI: //start-application
06-05 18:34:42.755 I/System.out( 6287): params: {json={"intent":null}
06-05 18:34:42.755 I/System.out( 6287): }
06-05 18:34:42.766 I/ActivityManager( 1629): START u0 {act=android.intent.action.MAIN cat=[android.intent.category.LAUNCHER] flg=0x10200000 cmp=com.evancharlton.mileage/.Mileage} from uid 10160 on display 0
06-05 18:34:42.772 I/calabash( 6287): newActivity1
06-05 18:34:42.780 I/calabash( 6287): newActivity1
06-05 18:34:42.781 W/ActivityManager( 1629): Bad activity token: android.os.BinderProxy@1848784
06-05 18:34:42.781 W/ActivityManager( 1629): java.lang.ClassCastException: android.os.BinderProxy cannot be cast to com.android.server.am.ActivityRecord$Token
06-05 18:34:42.781 W/ActivityManager( 1629): 	at com.android.server.am.ActivityRecord.forTokenLocked(ActivityRecord.java:586)
06-05 18:34:42.781 W/ActivityManager( 1629): 	at com.android.server.am.ActivityRecord.isInStackLocked(ActivityRecord.java:1327)
06-05 18:34:42.781 W/ActivityManager( 1629): 	at com.android.server.am.ActivityRecord.getStackLocked(ActivityRecord.java:1332)
06-05 18:34:42.781 W/ActivityManager( 1629): 	at com.android.server.am.ActivityManagerService.getActivityDisplayId(ActivityManagerService.java:9806)
06-05 18:34:42.781 W/ActivityManager( 1629): 	at android.app.ActivityManagerNative.onTransact(ActivityManagerNative.java:2566)
06-05 18:34:42.781 W/ActivityManager( 1629): 	at com.android.server.am.ActivityManagerService.onTransact(ActivityManagerService.java:2757)
06-05 18:34:42.781 W/ActivityManager( 1629): 	at android.os.Binder.execTransact(Binder.java:565)
06-05 18:34:42.782 W/ActivityManager( 1629): Bad activity token: android.os.BinderProxy@1848784
06-05 18:34:42.782 W/ActivityManager( 1629): java.lang.ClassCastException: android.os.BinderProxy cannot be cast to com.android.server.am.ActivityRecord$Token
06-05 18:34:42.782 W/ActivityManager( 1629): 	at com.android.server.am.ActivityRecord.forTokenLocked(ActivityRecord.java:586)
06-05 18:34:42.782 W/ActivityManager( 1629): 	at com.android.server.am.ActivityRecord.isInStackLocked(ActivityRecord.java:1327)
06-05 18:34:42.782 W/ActivityManager( 1629): 	at com.android.server.am.ActivityManagerService.setTaskDescription(ActivityManagerService.java:9358)
06-05 18:34:42.782 W/ActivityManager( 1629): 	at android.app.ActivityManagerNative.onTransact(ActivityManagerNative.java:2639)
06-05 18:34:42.782 W/ActivityManager( 1629): 	at com.android.server.am.ActivityManagerService.onTransact(ActivityManagerService.java:2757)
06-05 18:34:42.782 W/ActivityManager( 1629): 	at android.os.Binder.execTransact(Binder.java:565)
06-05 18:34:42.782 W/ActivityManager( 1629): Bad activity token: android.os.BinderProxy@1848784
06-05 18:34:42.782 W/ActivityManager( 1629): java.lang.ClassCastException: android.os.BinderProxy cannot be cast to com.android.server.am.ActivityRecord$Token
06-05 18:34:42.782 W/ActivityManager( 1629): 	at com.android.server.am.ActivityRecord.forTokenLocked(ActivityRecord.java:586)
06-05 18:34:42.782 W/ActivityManager( 1629): 	at com.android.server.am.ActivityRecord.isInStackLocked(ActivityRecord.java:1327)
06-05 18:34:42.782 W/ActivityManager( 1629): 	at com.android.server.am.ActivityRecord.getStackLocked(ActivityRecord.java:1332)
06-05 18:34:42.782 W/ActivityManager( 1629): 	at com.android.server.am.ActivityManagerService.getActivityStackId(ActivityManagerService.java:9817)
06-05 18:34:42.782 W/ActivityManager( 1629): 	at android.app.ActivityManagerNative.onTransact(ActivityManagerNative.java:2856)
06-05 18:34:42.782 W/ActivityManager( 1629): 	at com.android.server.am.ActivityManagerService.onTransact(ActivityManagerService.java:2757)
06-05 18:34:42.782 W/ActivityManager( 1629): 	at android.os.Binder.execTransact(Binder.java:565)
06-05 18:34:42.788 D/gralloc_ranchu( 1346): gralloc_alloc: Creating ashmem region of size 9023488
06-05 18:34:42.801 W/ActivityManager( 1629): Bad activity token: android.os.BinderProxy@1848784
06-05 18:34:42.801 W/ActivityManager( 1629): java.lang.ClassCastException: android.os.BinderProxy cannot be cast to com.android.server.am.ActivityRecord$Token
06-05 18:34:42.801 W/ActivityManager( 1629): 	at com.android.server.am.ActivityRecord.forTokenLocked(ActivityRecord.java:586)
06-05 18:34:42.801 W/ActivityManager( 1629): 	at com.android.server.am.ActivityRecord.isInStackLocked(ActivityRecord.java:1327)
06-05 18:34:42.801 W/ActivityManager( 1629): 	at com.android.server.am.ActivityManagerService.getActivityOptions(ActivityManagerService.java:12559)
06-05 18:34:42.801 W/ActivityManager( 1629): 	at android.app.ActivityManagerNative.onTransact(ActivityManagerNative.java:1933)
06-05 18:34:42.801 W/ActivityManager( 1629): 	at com.android.server.am.ActivityManagerService.onTransact(ActivityManagerService.java:2757)
06-05 18:34:42.801 W/ActivityManager( 1629): 	at android.os.Binder.execTransact(Binder.java:565)
06-05 18:34:42.802 W/ActivityManager( 1629): Bad activity token: android.os.BinderProxy@1848784
06-05 18:34:42.802 W/ActivityManager( 1629): java.lang.ClassCastException: android.os.BinderProxy cannot be cast to com.android.server.am.ActivityRecord$Token
06-05 18:34:42.802 W/ActivityManager( 1629): 	at com.android.server.am.ActivityRecord.forTokenLocked(ActivityRecord.java:586)
06-05 18:34:42.802 W/ActivityManager( 1629): 	at com.android.server.am.ActivityRecord.isInStackLocked(ActivityRecord.java:1327)
06-05 18:34:42.802 W/ActivityManager( 1629): 	at com.android.server.am.ActivityManagerService.getActivityOptions(ActivityManagerService.java:12559)
06-05 18:34:42.802 W/ActivityManager( 1629): 	at android.app.ActivityManagerNative.onTransact(ActivityManagerNative.java:1933)
06-05 18:34:42.802 W/ActivityManager( 1629): 	at com.android.server.am.ActivityManagerService.onTransact(ActivityManagerService.java:2757)
06-05 18:34:42.802 W/ActivityManager( 1629): 	at android.os.Binder.execTransact(Binder.java:565)
06-05 18:34:42.816 V/PhoneStatusBar( 1711): setLightsOn(true)
06-05 18:34:42.821 D/EGL_emulation( 2150): eglMakeCurrent: 0xb4f852a0: ver 2 0 (tinfo 0xb4f832e0)
06-05 18:34:42.823 D/EGL_emulation( 1711): eglMakeCurrent: 0xa5b6bd80: ver 2 0 (tinfo 0xb1367140)
06-05 18:34:42.837 D/gralloc_ranchu( 1346): gralloc_alloc: Creating ashmem region of size 9023488
06-05 18:34:42.837 D/EGL_emulation( 1711): eglMakeCurrent: 0xa5b6bd80: ver 2 0 (tinfo 0xb1367140)
06-05 18:34:42.841 D/        ( 6287): HostConnection::get() New Host Connection established 0x98c274c0, tid 6287
06-05 18:34:42.841 D/EGL_emulation( 1711): eglMakeCurrent: 0xa5b6bd80: ver 2 0 (tinfo 0xb1367140)
06-05 18:34:42.842 V/PhoneStatusBar( 1711): setLightsOn(true)
06-05 18:34:42.874 D/EGL_emulation( 1711): eglMakeCurrent: 0xa5b6bd80: ver 2 0 (tinfo 0xb1367140)
06-05 18:34:42.878 D/EGL_emulation( 1711): eglMakeCurrent: 0xa5b6bd80: ver 2 0 (tinfo 0xb1367140)
06-05 18:34:42.887 D/EGL_emulation( 1711): eglMakeCurrent: 0xa5b6bd80: ver 2 0 (tinfo 0xb1367140)
06-05 18:34:42.889 D/EGL_emulation( 1711): eglMakeCurrent: 0xa5b6bd80: ver 2 0 (tinfo 0xb1367140)
06-05 18:34:42.905 D/EGL_emulation( 1711): eglMakeCurrent: 0xa5b6bd80: ver 2 0 (tinfo 0xb1367140)
06-05 18:34:42.907 D/EGL_emulation( 1711): eglMakeCurrent: 0xa5b6bd80: ver 2 0 (tinfo 0xb1367140)
06-05 18:34:42.921 D/gralloc_ranchu( 1346): gralloc_alloc: Creating ashmem region of size 9023488
06-05 18:34:42.921 D/EGL_emulation( 1711): eglMakeCurrent: 0xa5b6bd80: ver 2 0 (tinfo 0xb1367140)
06-05 18:34:42.936 D/EGL_emulation( 1711): eglMakeCurrent: 0xa5b6bd80: ver 2 0 (tinfo 0xb1367140)
06-05 18:34:42.939 D/EGL_emulation( 1711): eglMakeCurrent: 0xa5b6bd80: ver 2 0 (tinfo 0xb1367140)
06-05 18:34:42.939 I/ActivityManager( 1629): Displayed com.evancharlton.mileage/.Mileage: +170ms
06-05 18:34:42.941 I/WindowManager( 1629): Destroying surface Surface(name=com.evancharlton.mileage/com.evancharlton.mileage.Mileage) called by com.android.server.wm.WindowStateAnimator.destroySurface:2016 com.android.server.wm.WindowStateAnimator.destroySurfaceLocked:882 com.android.server.wm.WindowState.removeLocked:1456 com.android.server.wm.WindowManagerService.removeWindowInnerLocked:2484 com.android.server.wm.AppWindowToken.destroySurfaces:365 com.android.server.wm.WindowStateAnimator.finishExit:565 com.android.server.wm.AppWindowAnimator.stepAnimationLocked:427 com.android.server.wm.WindowAnimator.updateAppWindowsLocked:196 
06-05 18:34:42.941 D/EGL_emulation( 1711): eglMakeCurrent: 0xa5b6bd80: ver 2 0 (tinfo 0xb1367140)
06-05 18:34:42.959 D/EGL_emulation( 1711): eglMakeCurrent: 0xa5b6bd80: ver 2 0 (tinfo 0xb1367140)
06-05 18:34:42.962 D/EGL_emulation( 1711): eglMakeCurrent: 0xa5b6bd80: ver 2 0 (tinfo 0xb1367140)
06-05 18:34:42.983 D/EGL_emulation( 1711): eglMakeCurrent: 0xa5b6bd80: ver 2 0 (tinfo 0xb1367140)
06-05 18:34:42.984 D/EGL_emulation( 1711): eglMakeCurrent: 0xa5b6bd80: ver 2 0 (tinfo 0xb1367140)
06-05 18:34:42.985 V/PhoneStatusBar( 1711): setLightsOn(true)
06-05 18:34:42.988 D/EGL_emulation( 1711): eglMakeCurrent: 0xa5b6bd80: ver 2 0 (tinfo 0xb1367140)
06-05 18:34:42.990 D/EGL_emulation( 1711): eglMakeCurrent: 0xa5b6bd80: ver 2 0 (tinfo 0xb1367140)
06-05 18:34:42.995 I/System.out( 6287): URI: //map
06-05 18:34:42.995 I/System.out( 6287): params: {json={"query":"* marked:'Statistics'","operation":{"method_name":"query","arguments":[]}}
06-05 18:34:42.995 I/System.out( 6287): }
06-05 18:34:43.005 D/EGL_emulation( 1711): eglMakeCurrent: 0xa5b6bd80: ver 2 0 (tinfo 0xb1367140)
06-05 18:34:43.007 D/EGL_emulation( 1711): eglMakeCurrent: 0xa5b6bd80: ver 2 0 (tinfo 0xb1367140)
06-05 18:34:43.012 W/ResourceType( 6287): No package identifier when getting name for resource number 0x00000001
06-05 18:34:43.021 D/EGL_emulation( 1711): eglMakeCurrent: 0xa5b6bd80: ver 2 0 (tinfo 0xb1367140)
06-05 18:34:43.023 D/EGL_emulation( 1711): eglMakeCurrent: 0xa5b6bd80: ver 2 0 (tinfo 0xb1367140)
06-05 18:34:43.027 I/System.out( 6287): URI: //gesture
06-05 18:34:43.027 I/System.out( 6287): params: {json={"query_timeout":5.0,"gestures":[{"query_string":"* marked:'Statistics'","touches":[{"x":50,"y":50,"offset_x":0,"offset_y":0,"wait":0.0,"time":0.2,"release":true,"query_string":null}]}]}
06-05 18:34:43.027 I/System.out( 6287): }
06-05 18:34:43.033 W/ResourceType( 6287): No package identifier when getting name for resource number 0x00000001
06-05 18:34:43.043 D/EGL_emulation( 1711): eglMakeCurrent: 0xa5b6bd80: ver 2 0 (tinfo 0xb1367140)
06-05 18:34:43.137 I/WindowManager( 1629): Destroying surface Surface(name=Starting com.evancharlton.mileage) called by com.android.server.wm.WindowStateAnimator.destroySurface:2016 com.android.server.wm.WindowStateAnimator.destroySurfaceLocked:882 com.android.server.wm.WindowState.destroyOrSaveSurface:2100 com.android.server.wm.AppWindowToken.destroySurfaces:363 com.android.server.wm.WindowStateAnimator.finishExit:565 com.android.server.wm.WindowStateAnimator.stepAnimationLocked:491 com.android.server.wm.WindowAnimator.updateWindowsLocked:303 com.android.server.wm.WindowAnimator.animateLocked:704 
06-05 18:34:43.139 V/PhoneStatusBar( 1711): setLightsOn(true)
06-05 18:34:43.171 V/PhoneStatusBar( 1711): setLightsOn(true)
06-05 18:34:43.255 I/calabash( 6287): newActivity1
06-05 18:34:43.265 I/System.out( 6287): URI: //map
06-05 18:34:43.265 I/System.out( 6287): params: {json={"query":"android.widget.ScrollView index:0","operation":{"method_name":"query","arguments":[]}}
06-05 18:34:43.265 I/System.out( 6287): }
06-05 18:34:43.268 W/ActivityManager( 1629): Bad activity token: android.os.BinderProxy@3fda952
06-05 18:34:43.268 W/ActivityManager( 1629): java.lang.ClassCastException: android.os.BinderProxy cannot be cast to com.android.server.am.ActivityRecord$Token
06-05 18:34:43.268 W/ActivityManager( 1629): 	at com.android.server.am.ActivityRecord.forTokenLocked(ActivityRecord.java:586)
06-05 18:34:43.268 W/ActivityManager( 1629): 	at com.android.server.am.ActivityRecord.isInStackLocked(ActivityRecord.java:1327)
06-05 18:34:43.268 W/ActivityManager( 1629): 	at com.android.server.am.ActivityRecord.getStackLocked(ActivityRecord.java:1332)
06-05 18:34:43.268 W/ActivityManager( 1629): 	at com.android.server.am.ActivityManagerService.getActivityDisplayId(ActivityManagerService.java:9806)
06-05 18:34:43.268 W/ActivityManager( 1629): 	at android.app.ActivityManagerNative.onTransact(ActivityManagerNative.java:2566)
06-05 18:34:43.268 W/ActivityManager( 1629): 	at com.android.server.am.ActivityManagerService.onTransact(ActivityManagerService.java:2757)
06-05 18:34:43.268 W/ActivityManager( 1629): 	at android.os.Binder.execTransact(Binder.java:565)
06-05 18:34:43.269 W/ActivityManager( 1629): Bad activity token: android.os.BinderProxy@3fda952
06-05 18:34:43.269 W/ActivityManager( 1629): java.lang.ClassCastException: android.os.BinderProxy cannot be cast to com.android.server.am.ActivityRecord$Token
06-05 18:34:43.269 W/ActivityManager( 1629): 	at com.android.server.am.ActivityRecord.forTokenLocked(ActivityRecord.java:586)
06-05 18:34:43.269 W/ActivityManager( 1629): 	at com.android.server.am.ActivityRecord.isInStackLocked(ActivityRecord.java:1327)
06-05 18:34:43.269 W/ActivityManager( 1629): 	at com.android.server.am.ActivityManagerService.setTaskDescription(ActivityManagerService.java:9358)
06-05 18:34:43.269 W/ActivityManager( 1629): 	at android.app.ActivityManagerNative.onTransact(ActivityManagerNative.java:2639)
06-05 18:34:43.269 W/ActivityManager( 1629): 	at com.android.server.am.ActivityManagerService.onTransact(ActivityManagerService.java:2757)
06-05 18:34:43.269 W/ActivityManager( 1629): 	at android.os.Binder.execTransact(Binder.java:565)
06-05 18:34:43.269 W/ActivityManager( 1629): Bad activity token: android.os.BinderProxy@3fda952
06-05 18:34:43.269 W/ActivityManager( 1629): java.lang.ClassCastException: android.os.BinderProxy cannot be cast to com.android.server.am.ActivityRecord$Token
06-05 18:34:43.269 W/ActivityManager( 1629): 	at com.android.server.am.ActivityRecord.forTokenLocked(ActivityRecord.java:586)
06-05 18:34:43.269 W/ActivityManager( 1629): 	at com.android.server.am.ActivityRecord.isInStackLocked(ActivityRecord.java:1327)
06-05 18:34:43.269 W/ActivityManager( 1629): 	at com.android.server.am.ActivityRecord.getStackLocked(ActivityRecord.java:1332)
06-05 18:34:43.269 W/ActivityManager( 1629): 	at com.android.server.am.ActivityManagerService.getActivityStackId(ActivityManagerService.java:9817)
06-05 18:34:43.269 W/ActivityManager( 1629): 	at android.app.ActivityManagerNative.onTransact(ActivityManagerNative.java:2856)
06-05 18:34:43.269 W/ActivityManager( 1629): 	at com.android.server.am.ActivityManagerService.onTransact(ActivityManagerService.java:2757)
06-05 18:34:43.269 W/ActivityManager( 1629): 	at android.os.Binder.execTransact(Binder.java:565)
06-05 18:34:43.271 V/PhoneStatusBar( 1711): setLightsOn(true)
06-05 18:34:43.276 D/VehicleStatisticsActivity( 6287): Checking recalculation ...
06-05 18:34:43.277 D/VehicleStatisticsActivity( 6287): Recalculation not necessary.
06-05 18:34:43.287 W/ActivityManager( 1629): Bad activity token: android.os.BinderProxy@3fda952
06-05 18:34:43.287 W/ActivityManager( 1629): java.lang.ClassCastException: android.os.BinderProxy cannot be cast to com.android.server.am.ActivityRecord$Token
06-05 18:34:43.287 W/ActivityManager( 1629): 	at com.android.server.am.ActivityRecord.forTokenLocked(ActivityRecord.java:586)
06-05 18:34:43.287 W/ActivityManager( 1629): 	at com.android.server.am.ActivityRecord.isInStackLocked(ActivityRecord.java:1327)
06-05 18:34:43.287 W/ActivityManager( 1629): 	at com.android.server.am.ActivityManagerService.getActivityOptions(ActivityManagerService.java:12559)
06-05 18:34:43.287 W/ActivityManager( 1629): 	at android.app.ActivityManagerNative.onTransact(ActivityManagerNative.java:1933)
06-05 18:34:43.287 W/ActivityManager( 1629): 	at com.android.server.am.ActivityManagerService.onTransact(ActivityManagerService.java:2757)
06-05 18:34:43.287 W/ActivityManager( 1629): 	at android.os.Binder.execTransact(Binder.java:565)
06-05 18:34:43.288 W/ActivityManager( 1629): Bad activity token: android.os.BinderProxy@3fda952
06-05 18:34:43.288 W/ActivityManager( 1629): java.lang.ClassCastException: android.os.BinderProxy cannot be cast to com.android.server.am.ActivityRecord$Token
06-05 18:34:43.288 W/ActivityManager( 1629): 	at com.android.server.am.ActivityRecord.forTokenLocked(ActivityRecord.java:586)
06-05 18:34:43.288 W/ActivityManager( 1629): 	at com.android.server.am.ActivityRecord.isInStackLocked(ActivityRecord.java:1327)
06-05 18:34:43.288 W/ActivityManager( 1629): 	at com.android.server.am.ActivityManagerService.getActivityOptions(ActivityManagerService.java:12559)
06-05 18:34:43.288 W/ActivityManager( 1629): 	at android.app.ActivityManagerNative.onTransact(ActivityManagerNative.java:1933)
06-05 18:34:43.288 W/ActivityManager( 1629): 	at com.android.server.am.ActivityManagerService.onTransact(ActivityManagerService.java:2757)
06-05 18:34:43.288 W/ActivityManager( 1629): 	at android.os.Binder.execTransact(Binder.java:565)
06-05 18:34:43.289 D/VehicleStatisticsActivity( 6287): Checking recalculation ...
06-05 18:34:43.290 D/VehicleStatisticsActivity( 6287): Recalculation not necessary.
06-05 18:34:43.370 I/System.out( 6287): URI: //map
06-05 18:34:43.370 I/System.out( 6287): params: {json={"query":"android.widget.AbsListView index:0","operation":{"method_name":"query","arguments":[]}}
06-05 18:34:43.370 I/System.out( 6287): }
06-05 18:34:43.376 I/art     ( 6287): Do partial code cache collection, code=30KB, data=29KB
06-05 18:34:43.377 I/art     ( 6287): After code cache collection, code=29KB, data=28KB
06-05 18:34:43.377 I/art     ( 6287): Increasing code cache capacity to 128KB
06-05 18:34:43.387 I/System.out( 6287): URI: //map
06-05 18:34:43.387 I/System.out( 6287): params: {json={"query":"android.widget.AbsListView index:0","operation":{"method_name":"query","arguments":[]}}
06-05 18:34:43.387 I/System.out( 6287): }
06-05 18:34:43.405 I/System.out( 6287): URI: //map
06-05 18:34:43.405 I/System.out( 6287): params: {json={"query":"android.widget.AbsListView index:0","operation":{"method_name":"query","arguments":[]}}
06-05 18:34:43.405 I/System.out( 6287): }
06-05 18:34:43.421 I/System.out( 6287): URI: //map
06-05 18:34:43.421 I/System.out( 6287): params: {json={"query":"android.widget.AbsListView index:0","operation":{"method_name":"query","arguments":["getFirstVisiblePosition"]}}
06-05 18:34:43.421 I/System.out( 6287): }
06-05 18:34:43.433 I/System.out( 6287): URI: //map
06-05 18:34:43.433 I/System.out( 6287): params: {json={"query":"android.widget.AbsListView index:0","operation":{"method_name":"query","arguments":["getLastVisiblePosition"]}}
06-05 18:34:43.433 I/System.out( 6287): }
06-05 18:34:43.445 I/System.out( 6287): URI: //map
06-05 18:34:43.445 I/System.out( 6287): params: {json={"query":"android.widget.AbsListView index:0","operation":{"method_name":"query","arguments":[{"method_name":"setSelection","arguments":[26]}]}}
06-05 18:34:43.445 I/System.out( 6287): }
06-05 18:34:43.464 I/System.out( 6287): URI: //map
06-05 18:34:43.464 I/System.out( 6287): params: {json={"query":"* marked:'Maximum price'","operation":{"method_name":"query","arguments":[]}}
06-05 18:34:43.464 I/System.out( 6287): }
06-05 18:34:43.561 W/ResourceType( 6287): No package identifier when getting name for resource number 0x00000001
06-05 18:34:43.570 V/PhoneStatusBar( 1711): setLightsOn(true)
06-05 18:34:43.572 I/System.out( 6287): URI: //gesture
06-05 18:34:43.572 I/System.out( 6287): params: {json={"query_timeout":5.0,"gestures":[{"query_string":"* marked:'Maximum price'","touches":[{"x":50,"y":50,"offset_x":0,"offset_y":0,"wait":0.0,"time":0.2,"release":true,"query_string":null}]}]}
06-05 18:34:43.572 I/System.out( 6287): }
06-05 18:34:43.572 V/PhoneStatusBar( 1711): setLightsOn(true)
06-05 18:34:43.574 W/OpenGLRenderer( 2150): Incorrectly called buildLayer on View: ShortcutAndWidgetContainer, destroying layer...
06-05 18:34:43.576 W/ResourceType( 6287): No package identifier when getting name for resource number 0x00000001
06-05 18:34:43.588 V/PhoneStatusBar( 1711): setLightsOn(true)
06-05 18:34:43.588 I/WindowManager( 1629): Destroying surface Surface(name=com.android.launcher3/com.android.launcher3.Launcher) called by com.android.server.wm.WindowStateAnimator.destroySurface:2016 com.android.server.wm.WindowStateAnimator.destroySurfaceLocked:882 com.android.server.wm.WindowState.destroyOrSaveSurface:2100 com.android.server.wm.AppWindowToken.destroySurfaces:363 com.android.server.wm.AppWindowToken.notifyAppStopped:389 com.android.server.wm.WindowManagerService.notifyAppStopped:4463 com.android.server.am.ActivityStack.activityStoppedLocked:1252 com.android.server.am.ActivityManagerService.activityStopped:6903 
06-05 18:34:43.805 I/ActivityManager( 1629): START u0 {cmp=com.evancharlton.mileage/.charts.MaximumPriceChart (has extras)} from uid 10160 on display 0
06-05 18:34:43.807 V/PhoneStatusBar( 1711): setLightsOn(true)
06-05 18:34:43.808 V/PhoneStatusBar( 1711): setLightsOn(true)
06-05 18:34:43.819 I/System.out( 6287): URI: //map
06-05 18:34:43.819 I/System.out( 6287): params: {json={"query":"* {text CONTAINS[c] 'Most expensive fuel'}","operation":{"method_name":"query","arguments":[]}}
06-05 18:34:43.819 I/System.out( 6287): }
06-05 18:34:43.857 I/calabash( 6287): newActivity1
06-05 18:34:43.861 W/aiCharts( 6287): License file is invalid or missing. 
06-05 18:34:43.861 W/aiCharts( 6287): Please place proper license.lic to /assets folder.
06-05 18:34:43.874 V/PhoneStatusBar( 1711): setLightsOn(true)
06-05 18:34:43.904 V/PhoneStatusBar( 1711): setLightsOn(true)
06-05 18:34:43.909 I/WindowManager( 1629): Destroying surface Surface(name=Creating chart…) called by com.android.server.wm.WindowStateAnimator.destroySurface:2016 com.android.server.wm.WindowStateAnimator.destroySurfaceLocked:882 com.android.server.wm.WindowState.removeLocked:1456 com.android.server.wm.WindowManagerService.removeWindowInnerLocked:2484 com.android.server.wm.WindowManagerService.removeWindowLocked:2442 com.android.server.wm.WindowManagerService.removeWindowLocked:2311 com.android.server.wm.WindowManagerService.removeWindow:2306 com.android.server.wm.Session.remove:202 
06-05 18:34:43.912 D/gralloc_ranchu( 1346): gralloc_alloc: Creating ashmem region of size 9023488
06-05 18:34:43.921 V/PhoneStatusBar( 1711): setLightsOn(true)
06-05 18:34:43.944 I/ActivityManager( 1629): Displayed com.evancharlton.mileage/.charts.MaximumPriceChart: +90ms
06-05 18:34:43.954 V/PhoneStatusBar( 1711): setLightsOn(true)
06-05 18:34:43.987 V/PhoneStatusBar( 1711): setLightsOn(true)
06-05 18:34:44.004 V/PhoneStatusBar( 1711): setLightsOn(true)
06-05 18:34:44.191 V/PhoneStatusBar( 1711): setLightsOn(true)
06-05 18:34:44.196 I/System.out( 6287): URI: //map
06-05 18:34:44.196 I/System.out( 6287): params: {json={"query":"* {text CONTAINS[c] 'Most expensive fuel'}","operation":{"method_name":"query","arguments":[]}}
06-05 18:34:44.196 I/System.out( 6287): }
06-05 18:34:44.265 I/System.out( 6287): URI: //
06-05 18:34:44.265 I/System.out( 6287): params: {json={"command":"press_key","arguments":["KEYCODE_BACK"]}
06-05 18:34:44.265 I/System.out( 6287): }
06-05 18:34:44.265 I/System.out( 6287): header: {content-type=application/json;charset=utf-8, date=Fri, 05 Jun 2020 23:34:44 GMT, accept=*/*, host=127.0.0.1:34783, content-length=52, user-agent=HTTPClient/1.0 (2.8.3, ruby 2.5.1 (2018-03-29))}
06-05 18:34:44.265 I/System.out( 6287): params: {json={"command":"press_key","arguments":["KEYCODE_BACK"]}
06-05 18:34:44.265 I/System.out( 6287): }
06-05 18:34:44.265 I/System.out( 6287): ProP json = {"command":"press_key","arguments":["KEYCODE_BACK"]}
06-05 18:34:44.265 I/System.out( 6287): files: {}
06-05 18:34:44.265 I/System.out( 6287): command: {"command":"press_key","arguments":["KEYCODE_BACK"]}
06-05 18:34:44.271 I/InstrumentationBackend( 6287): Got command:'Command:'Line:null,press_key', arguments:'[KEYCODE_BACK]'
06-05 18:34:44.282 V/PhoneStatusBar( 1711): setLightsOn(true)
06-05 18:34:44.292 V/PhoneStatusBar( 1711): setLightsOn(true)
06-05 18:34:44.295 I/art     ( 6287): Do partial code cache collection, code=60KB, data=62KB
06-05 18:34:44.295 I/art     ( 6287): After code cache collection, code=59KB, data=61KB
06-05 18:34:44.295 I/art     ( 6287): Increasing code cache capacity to 256KB
06-05 18:34:44.298 I/System.out( 6287): result:{"bonusInformation":[],"message":"","success":true}
06-05 18:34:44.303 I/System.out( 6287): URI: //map
06-05 18:34:44.303 I/System.out( 6287): params: {json={"query":"* {text CONTAINS[c] 'Statistics'}","operation":{"method_name":"query","arguments":[]}}
06-05 18:34:44.303 I/System.out( 6287): }
06-05 18:34:44.306 D/VehicleStatisticsActivity( 6287): Checking recalculation ...
06-05 18:34:44.307 D/VehicleStatisticsActivity( 6287): Recalculation not necessary.
06-05 18:34:44.321 V/PhoneStatusBar( 1711): setLightsOn(true)
06-05 18:34:44.328 D/gralloc_ranchu( 1346): gralloc_alloc: Creating ashmem region of size 9023488
06-05 18:34:44.337 V/PhoneStatusBar( 1711): setLightsOn(true)
06-05 18:34:44.370 V/PhoneStatusBar( 1711): setLightsOn(true)
