06-06 03:16:50.096 I/WindowManager( 1630): Destroying surface Surface(name=PopupWindow:9efece8) called by com.android.server.wm.WindowStateAnimator.destroySurface:2016 com.android.server.wm.WindowStateAnimator.destroySurfaceLocked:882 com.android.server.wm.WindowState.destroyOrSaveSurface:2100 com.android.server.wm.AppWindowToken.destroySurfaces:363 com.android.server.wm.WindowStateAnimator.finishExit:565 com.android.server.wm.WindowStateAnimator.stepAnimationLocked:491 com.android.server.wm.WindowAnimator.updateWindowsLocked:303 com.android.server.wm.WindowAnimator.animateLocked:704 
06-06 03:16:50.097 V/PhoneStatusBar( 1711): setLightsOn(true)
06-06 03:16:50.099 V/PhoneStatusBar( 1711): setLightsOn(true)
06-06 03:16:50.324 D/gralloc_ranchu( 1347): gralloc_alloc: Creating ashmem region of size 9023488
06-06 03:16:50.707 I/System.out( 4336): URI: //
06-06 03:16:50.707 I/System.out( 4336): params: {json={"command":"set_selection","arguments":[-1,-1]}
06-06 03:16:50.707 I/System.out( 4336): }
06-06 03:16:50.707 I/System.out( 4336): header: {content-type=application/json;charset=utf-8, date=Sat, 06 Jun 2020 08:16:51 GMT, accept=*/*, host=127.0.0.1:34777, content-length=47, user-agent=HTTPClient/1.0 (2.8.3, ruby 2.5.1 (2018-03-29))}
06-06 03:16:50.707 I/System.out( 4336): params: {json={"command":"set_selection","arguments":[-1,-1]}
06-06 03:16:50.707 I/System.out( 4336): }
06-06 03:16:50.707 I/System.out( 4336): ProP json = {"command":"set_selection","arguments":[-1,-1]}
06-06 03:16:50.707 I/System.out( 4336): files: {}
06-06 03:16:50.707 I/System.out( 4336): command: {"command":"set_selection","arguments":[-1,-1]}
06-06 03:16:50.708 I/InstrumentationBackend( 4336): Got command:'Command:'Line:null,set_selection', arguments:'[-1, -1]'
06-06 03:16:50.710 I/System.out( 4336): result:{"bonusInformation":[],"message":"","success":true}
06-06 03:16:50.725 I/System.out( 4336): URI: //
06-06 03:16:50.725 I/System.out( 4336): params: {json={"command":"keyboard_enter_text","arguments":["4 Passengers"]}
06-06 03:16:50.725 I/System.out( 4336): }
06-06 03:16:50.725 I/System.out( 4336): header: {content-type=application/json;charset=utf-8, date=Sat, 06 Jun 2020 08:16:51 GMT, accept=*/*, host=127.0.0.1:34777, content-length=62, user-agent=HTTPClient/1.0 (2.8.3, ruby 2.5.1 (2018-03-29))}
06-06 03:16:50.725 I/System.out( 4336): params: {json={"command":"keyboard_enter_text","arguments":["4 Passengers"]}
06-06 03:16:50.725 I/System.out( 4336): }
06-06 03:16:50.725 I/System.out( 4336): ProP json = {"command":"keyboard_enter_text","arguments":["4 Passengers"]}
06-06 03:16:50.725 I/System.out( 4336): files: {}
06-06 03:16:50.725 I/System.out( 4336): command: {"command":"keyboard_enter_text","arguments":["4 Passengers"]}
06-06 03:16:50.726 I/InstrumentationBackend( 4336): Got command:'Command:'Line:null,keyboard_enter_text', arguments:'[4 Passengers]'
06-06 03:16:50.726 E/SpannableStringBuilder( 4336): SPAN_EXCLUSIVE_EXCLUSIVE spans cannot have a zero length
06-06 03:16:50.726 E/SpannableStringBuilder( 4336): SPAN_EXCLUSIVE_EXCLUSIVE spans cannot have a zero length
06-06 03:16:50.729 I/LatinIME:LogUtils( 1696): Dictionary info: dictionary = spellcheck_userunigram.en_US ; version = 1591431410 ; date = ?
06-06 03:16:50.732 E/SpannableStringBuilder( 4336): SPAN_EXCLUSIVE_EXCLUSIVE spans cannot have a zero length
06-06 03:16:50.732 E/SpannableStringBuilder( 4336): SPAN_EXCLUSIVE_EXCLUSIVE spans cannot have a zero length
06-06 03:16:50.734 I/LatinIME:LogUtils( 1696): Dictionary info: dictionary = main:en ; version = 54 ; date = 1414726273
06-06 03:16:50.735 I/System.out( 4336): result:{"bonusInformation":[],"message":"","success":true}
06-06 03:16:50.738 I/System.out( 4336): URI: //
06-06 03:16:50.738 I/System.out( 4336): params: {json={"command":"press_key","arguments":["KEYCODE_BACK"]}
06-06 03:16:50.738 I/System.out( 4336): }
06-06 03:16:50.738 I/System.out( 4336): header: {content-type=application/json;charset=utf-8, date=Sat, 06 Jun 2020 08:16:51 GMT, accept=*/*, host=127.0.0.1:34777, content-length=52, user-agent=HTTPClient/1.0 (2.8.3, ruby 2.5.1 (2018-03-29))}
06-06 03:16:50.738 I/System.out( 4336): params: {json={"command":"press_key","arguments":["KEYCODE_BACK"]}
06-06 03:16:50.738 I/System.out( 4336): }
06-06 03:16:50.738 I/System.out( 4336): ProP json = {"command":"press_key","arguments":["KEYCODE_BACK"]}
06-06 03:16:50.738 I/System.out( 4336): files: {}
06-06 03:16:50.738 I/System.out( 4336): command: {"command":"press_key","arguments":["KEYCODE_BACK"]}
06-06 03:16:50.739 I/InstrumentationBackend( 4336): Got command:'Command:'Line:null,press_key', arguments:'[KEYCODE_BACK]'
06-06 03:16:50.762 W/InputMethodService( 1696): Window size has been changed. This may cause jankiness of resizing window: -1 -> -2
06-06 03:16:50.762 I/System.out( 4336): result:{"bonusInformation":[],"message":"","success":true}
06-06 03:16:50.764 I/System.out( 4336): URI: //map
06-06 03:16:50.764 I/System.out( 4336): params: {json={"query":"* marked:'Save changes'","operation":{"method_name":"query","arguments":[]}}
06-06 03:16:50.764 I/System.out( 4336): }
06-06 03:16:50.768 W/ResourceType( 4336): No package identifier when getting name for resource number 0x00000001
06-06 03:16:50.775 I/System.out( 4336): URI: //gesture
06-06 03:16:50.775 I/System.out( 4336): params: {json={"query_timeout":5.0,"gestures":[{"query_string":"* marked:'Save changes'","touches":[{"x":50,"y":50,"offset_x":0,"offset_y":0,"wait":0.0,"time":0.2,"release":true,"query_string":null}]}]}
06-06 03:16:50.775 I/System.out( 4336): }
06-06 03:16:50.780 W/ResourceType( 4336): No package identifier when getting name for resource number 0x00000001
06-06 03:16:50.780 D/EGL_emulation( 1711): eglMakeCurrent: 0xa7985720: ver 2 0 (tinfo 0xa7983770)
06-06 03:16:50.781 D/EGL_emulation( 1696): eglMakeCurrent: 0x9cbfeaa0: ver 2 0 (tinfo 0x98551b20)
06-06 03:16:50.783 V/PhoneStatusBar( 1711): setLightsOn(true)
06-06 03:16:50.784 V/PhoneStatusBar( 1711): setLightsOn(true)
06-06 03:16:50.820 V/PhoneStatusBar( 1711): setLightsOn(true)
06-06 03:16:50.964 V/PhoneStatusBar( 1711): setLightsOn(true)
06-06 03:16:50.965 I/WindowManager( 1630): Destroying surface Surface(name=InputMethod) called by com.android.server.wm.WindowStateAnimator.destroySurface:2016 com.android.server.wm.WindowStateAnimator.destroySurfaceLocked:882 com.android.server.wm.WindowState.destroyOrSaveSurface:2100 com.android.server.wm.WindowSurfacePlacer.performSurfacePlacementInner:429 com.android.server.wm.WindowSurfacePlacer.performSurfacePlacementLoop:232 com.android.server.wm.WindowSurfacePlacer.performSurfacePlacement:180 com.android.server.wm.WindowManagerService$H.handleMessage:8086 android.os.Handler.dispatchMessage:102 
06-06 03:16:51.020 I/System.out( 4336): URI: //map
06-06 03:16:51.020 I/System.out( 4336): params: {json={"query":"* {text CONTAINS[c] '4 Passengers'}","operation":{"method_name":"query","arguments":[]}}
06-06 03:16:51.020 I/System.out( 4336): }
