06-05 20:00:25.552 I/System.out(21630): header: {content-type=application/json;charset=utf-8, date=Sat, 06 Jun 2020 01:00:26 GMT, accept=*/*, host=127.0.0.1:34783, content-length=65, user-agent=HTTPClient/1.0 (2.8.3, ruby 2.5.1 (2018-03-29))}
06-05 20:00:25.552 I/System.out(21630): params: {json={"command":"keyboard_enter_text","arguments":["Passenger sedan"]}
06-05 20:00:25.552 I/System.out(21630): }
06-05 20:00:25.552 I/System.out(21630): ProP json = {"command":"keyboard_enter_text","arguments":["Passenger sedan"]}
06-05 20:00:25.552 I/System.out(21630): files: {}
06-05 20:00:25.552 I/System.out(21630): command: {"command":"keyboard_enter_text","arguments":["Passenger sedan"]}
06-05 20:00:25.553 I/InstrumentationBackend(21630): Got command:'Command:'Line:null,keyboard_enter_text', arguments:'[Passenger sedan]'
06-05 20:00:25.554 E/SpannableStringBuilder(21630): SPAN_EXCLUSIVE_EXCLUSIVE spans cannot have a zero length
06-05 20:00:25.554 E/SpannableStringBuilder(21630): SPAN_EXCLUSIVE_EXCLUSIVE spans cannot have a zero length
06-05 20:00:25.560 I/LatinIME:LogUtils( 1696): Dictionary info: dictionary = spellcheck_userunigram.en_US ; version = 1591405225 ; date = ?
06-05 20:00:25.561 E/SpannableStringBuilder(21630): SPAN_EXCLUSIVE_EXCLUSIVE spans cannot have a zero length
06-05 20:00:25.561 E/SpannableStringBuilder(21630): SPAN_EXCLUSIVE_EXCLUSIVE spans cannot have a zero length
06-05 20:00:25.564 I/System.out(21630): result:{"bonusInformation":[],"message":"","success":true}
06-05 20:00:25.565 I/LatinIME:LogUtils( 1696): Dictionary info: dictionary = main:en ; version = 54 ; date = 1414726273
06-05 20:00:25.566 I/System.out(21630): URI: //
06-05 20:00:25.566 I/System.out(21630): params: {json={"command":"press_key","arguments":["KEYCODE_BACK"]}
06-05 20:00:25.566 I/System.out(21630): }
06-05 20:00:25.566 I/System.out(21630): header: {content-type=application/json;charset=utf-8, date=Sat, 06 Jun 2020 01:00:26 GMT, accept=*/*, host=127.0.0.1:34783, content-length=52, user-agent=HTTPClient/1.0 (2.8.3, ruby 2.5.1 (2018-03-29))}
06-05 20:00:25.567 I/System.out(21630): params: {json={"command":"press_key","arguments":["KEYCODE_BACK"]}
06-05 20:00:25.567 I/System.out(21630): }
06-05 20:00:25.567 I/System.out(21630): ProP json = {"command":"press_key","arguments":["KEYCODE_BACK"]}
06-05 20:00:25.567 I/System.out(21630): files: {}
06-05 20:00:25.567 I/System.out(21630): command: {"command":"press_key","arguments":["KEYCODE_BACK"]}
06-05 20:00:25.567 I/InstrumentationBackend(21630): Got command:'Command:'Line:null,press_key', arguments:'[KEYCODE_BACK]'
06-05 20:00:25.604 W/InputMethodService( 1696): Window size has been changed. This may cause jankiness of resizing window: -1 -> -2
06-05 20:00:25.605 I/System.out(21630): result:{"bonusInformation":[],"message":"","success":true}
06-05 20:00:25.607 I/art     (21630): Compiler allocated 7MB to compile sh.calaba.instrumentationbackend.actions.NanoHTTPD$Response sh.calaba.instrumentationbackend.actions.HttpServer.serve(java.lang.String, java.lang.String, java.util.Properties, java.util.Properties, java.util.Properties)
06-05 20:00:25.608 I/System.out(21630): URI: //map
06-05 20:00:25.609 I/System.out(21630): params: {json={"query":"* marked:'Add new vehicle type'","operation":{"method_name":"query","arguments":[]}}
06-05 20:00:25.609 I/System.out(21630): }
06-05 20:00:25.612 W/ResourceType(21630): No package identifier when getting name for resource number 0x00000001
06-05 20:00:25.618 D/EGL_emulation( 1711): eglMakeCurrent: 0x9f1709c0: ver 2 0 (tinfo 0xa0e61d00)
06-05 20:00:25.618 D/EGL_emulation( 1696): eglMakeCurrent: 0xa38054e0: ver 2 0 (tinfo 0xa38035d0)
06-05 20:00:25.621 I/System.out(21630): URI: //gesture
06-05 20:00:25.621 I/System.out(21630): params: {json={"query_timeout":5.0,"gestures":[{"query_string":"* marked:'Add new vehicle type'","touches":[{"x":50,"y":50,"offset_x":0,"offset_y":0,"wait":0.0,"time":0.2,"release":true,"query_string":null}]}]}
06-05 20:00:25.621 I/System.out(21630): }
06-05 20:00:25.622 V/PhoneStatusBar( 1711): setLightsOn(true)
06-05 20:00:25.622 V/PhoneStatusBar( 1711): setLightsOn(true)
06-05 20:00:25.635 V/PhoneStatusBar( 1711): setLightsOn(true)
06-05 20:00:25.650 W/ResourceType(21630): No package identifier when getting name for resource number 0x00000001
06-05 20:00:25.801 V/PhoneStatusBar( 1711): setLightsOn(true)
06-05 20:00:25.802 I/WindowManager( 1629): Destroying surface Surface(name=InputMethod) called by com.android.server.wm.WindowStateAnimator.destroySurface:2016 com.android.server.wm.WindowStateAnimator.destroySurfaceLocked:882 com.android.server.wm.WindowState.destroyOrSaveSurface:2100 com.android.server.wm.WindowSurfacePlacer.performSurfacePlacementInner:429 com.android.server.wm.WindowSurfacePlacer.performSurfacePlacementLoop:232 com.android.server.wm.WindowSurfacePlacer.performSurfacePlacement:180 com.android.server.wm.WindowManagerService$H.handleMessage:8086 android.os.Handler.dispatchMessage:102 
06-05 20:00:25.873 V/PhoneStatusBar( 1711): setLightsOn(true)
06-05 20:00:25.875 V/PhoneStatusBar( 1711): setLightsOn(true)
06-05 20:00:25.876 D/Mileage.ABS(21630): Finished backup
06-05 20:00:25.877 I/System.out(21630): URI: //map
06-05 20:00:25.877 I/System.out(21630): params: {json={"query":"* {text CONTAINS[c] 'Sedan'}","operation":{"method_name":"query","arguments":[]}}
06-05 20:00:25.877 I/System.out(21630): }
06-05 20:00:25.885 D/EGL_emulation( 1711): eglMakeCurrent: 0x9f1709c0: ver 2 0 (tinfo 0xa0e61d00)
06-05 20:00:25.885 V/PhoneStatusBar( 1711): setLightsOn(true)
06-05 20:00:25.934 D/gralloc_ranchu( 1348): gralloc_alloc: Creating ashmem region of size 9023488
06-05 20:00:25.934 V/PhoneStatusBar( 1711): setLightsOn(true)
