--------- beginning of main
06-06 17:45:12.039 V/PhoneStatusBar( 1713): setLightsOn(true)
06-06 17:45:12.040 V/PhoneStatusBar( 1713): setLightsOn(true)
06-06 17:45:12.050 D/gralloc_ranchu( 1348): gralloc_alloc: Creating ashmem region of size 3145728
06-06 17:45:12.056 E/EGL_emulation( 1348): tid 1348: eglCreateSyncKHR(1901): error 0x3004 (EGL_BAD_ATTRIBUTE)
--------- beginning of system
06-06 17:45:12.069 W/ActivityManager( 1631): Finishing task with all activities already finished
06-06 17:45:12.069 W/ActivityManager( 1631): Duplicate finish request for ActivityRecord{98c5fc4 u0 com.evancharlton.mileage/.Mileage t24704 f}
06-06 17:45:12.069 W/ActivityManager( 1631): Finishing task with all activities already finished
06-06 17:45:12.069 W/ActivityManager( 1631): Duplicate finish request for ActivityRecord{98c5fc4 u0 com.evancharlton.mileage/.Mileage t24704 f}
06-06 17:45:12.069 W/ActivityManager( 1631): Finishing task with all activities already finished
06-06 17:45:12.069 W/ActivityManager( 1631): Duplicate finish request for ActivityRecord{98c5fc4 u0 com.evancharlton.mileage/.Mileage t24704 f}
06-06 17:45:12.069 W/ActivityManager( 1631): Finishing task with all activities already finished
06-06 17:45:12.069 W/ActivityManager( 1631): Duplicate finish request for ActivityRecord{98c5fc4 u0 com.evancharlton.mileage/.Mileage t24704 f}
06-06 17:45:12.069 W/ActivityManager( 1631): Finishing task with all activities already finished
06-06 17:45:12.069 W/ActivityManager( 1631): Duplicate finish request for ActivityRecord{98c5fc4 u0 com.evancharlton.mileage/.Mileage t24704 f}
06-06 17:45:12.103 D/EGL_emulation( 1713): eglMakeCurrent: 0xa6a85780: ver 2 0 (tinfo 0xa6a83640)
06-06 17:45:12.115 D/EGL_emulation( 1713): eglMakeCurrent: 0xa6a85780: ver 2 0 (tinfo 0xa6a83640)
06-06 17:45:12.115 D/EGL_emulation( 2106): eglMakeCurrent: 0xa6a85300: ver 2 0 (tinfo 0xa6a83220)
06-06 17:45:12.149 D/EGL_emulation( 1713): eglMakeCurrent: 0xa6a85780: ver 2 0 (tinfo 0xa6a83640)
06-06 17:45:12.165 D/EGL_emulation( 1713): eglMakeCurrent: 0xa6a85780: ver 2 0 (tinfo 0xa6a83640)
06-06 17:45:12.167 D/EGL_emulation( 1713): eglMakeCurrent: 0xa6a85780: ver 2 0 (tinfo 0xa6a83640)
06-06 17:45:12.182 D/EGL_emulation( 1713): eglMakeCurrent: 0xa6a85780: ver 2 0 (tinfo 0xa6a83640)
06-06 17:45:12.184 D/EGL_emulation( 1713): eglMakeCurrent: 0xa6a85780: ver 2 0 (tinfo 0xa6a83640)
06-06 17:45:12.198 D/EGL_emulation( 1713): eglMakeCurrent: 0xa6a85780: ver 2 0 (tinfo 0xa6a83640)
06-06 17:45:12.200 D/EGL_emulation( 1713): eglMakeCurrent: 0xa6a85780: ver 2 0 (tinfo 0xa6a83640)
06-06 17:45:12.209 D/AndroidRuntime(16527): >>>>>> START com.android.internal.os.RuntimeInit uid 2000 <<<<<<
06-06 17:45:12.209 D/AndroidRuntime(16527): CheckJNI is ON
06-06 17:45:12.215 D/EGL_emulation( 1713): eglMakeCurrent: 0xa6a85780: ver 2 0 (tinfo 0xa6a83640)
06-06 17:45:12.217 D/EGL_emulation( 1713): eglMakeCurrent: 0xa6a85780: ver 2 0 (tinfo 0xa6a83640)
06-06 17:45:12.221 W/art     (16527): Unexpected CPU variant for X86 using defaults: x86
06-06 17:45:12.223 D/ICU     (16527): No timezone override file found: /data/misc/zoneinfo/current/icu/icu_tzdata.dat
06-06 17:45:12.231 E/memtrack(16527): Couldn't load memtrack module (No such file or directory)
06-06 17:45:12.231 E/android.os.Debug(16527): failed to load memtrack module: -2
06-06 17:45:12.231 I/Radio-JNI(16527): register_android_hardware_Radio DONE
06-06 17:45:12.231 D/EGL_emulation( 1713): eglMakeCurrent: 0xa6a85780: ver 2 0 (tinfo 0xa6a83640)
06-06 17:45:12.233 D/EGL_emulation( 1713): eglMakeCurrent: 0xa6a85780: ver 2 0 (tinfo 0xa6a83640)
06-06 17:45:12.235 D/AndroidRuntime(16527): Calling main entry com.android.commands.am.Am
06-06 17:45:12.236 I/ActivityManager( 1631): Force stopping com.evancharlton.mileage appid=10728 user=0: start instr
06-06 17:45:12.236 I/ActivityManager( 1631): Killing 16485:com.evancharlton.mileage/u0a728 (adj 0): stop com.evancharlton.mileage
06-06 17:45:12.237 D/ActivityManager( 1631): cleanUpApplicationRecord -- 16485
06-06 17:45:12.237 W/ActivityManager( 1631): Crash of app com.evancharlton.mileage running instrumentation ComponentInfo{com.evancharlton.mileage.test/sh.calaba.instrumentationbackend.CalabashInstrumentationTestRunner}
06-06 17:45:12.237 I/ActivityManager( 1631): Force stopping com.evancharlton.mileage appid=10728 user=0: finished inst
06-06 17:45:12.239 I/art     (16537): Not late-enabling -Xcheck:jni (already on)
06-06 17:45:12.239 W/art     (16537): Unexpected CPU variant for X86 using defaults: x86
06-06 17:45:12.248 I/ActivityManager( 1631): Start proc 16537:com.evancharlton.mileage/u0a728 for added application com.evancharlton.mileage
06-06 17:45:12.248 D/AndroidRuntime(16527): Shutting down VM
06-06 17:45:12.248 D/EGL_emulation( 1713): eglMakeCurrent: 0xa6a85780: ver 2 0 (tinfo 0xa6a83640)
06-06 17:45:12.250 D/EGL_emulation( 1713): eglMakeCurrent: 0xa6a85780: ver 2 0 (tinfo 0xa6a83640)
06-06 17:45:12.253 W/System  (16537): ClassLoader referenced unknown path: /data/app/com.evancharlton.mileage.test-1/lib/x86
06-06 17:45:12.253 W/System  (16537): ClassLoader referenced unknown path: /data/app/com.evancharlton.mileage-1/lib/x86
06-06 17:45:12.255 W/System  (16537): ClassLoader referenced unknown path: 
06-06 17:45:12.259 I/System.out(16537): Main activity name automatically set to: com.evancharlton.mileage.Mileage
06-06 17:45:12.259 I/System.out(16537): Calabash did not load Mono. This is only a problem if you are trying to test a Mono application
06-06 17:45:12.259 I/calabash(16537): Test server port: 7102
06-06 17:45:12.260 I/InstrumentationBackend(16537): Added:'GetPreferences', with key:'get_preferences'
06-06 17:45:12.264 I/InstrumentationBackend(16537): Added:'SetPreferences', with key:'set_preferences'
06-06 17:45:12.264 I/InstrumentationBackend(16537): Added:'ClearPreferences', with key:'clear_preferences'
06-06 17:45:12.264 I/InstrumentationBackend(16537): Added:'PressElement', with key:'press_l10n_element'
06-06 17:45:12.264 I/InstrumentationBackend(16537): Added:'WaitForElement', with key:'wait_for_l10n_element'
06-06 17:45:12.264 I/InstrumentationBackend(16537): Added:'NullAction', with key:'nullAction'
06-06 17:45:12.265 I/InstrumentationBackend(16537): Added:'PressKey', with key:'press_key'
06-06 17:45:12.265 I/InstrumentationBackend(16537): Added:'SetActivityOrientation', with key:'set_activity_orientation'
06-06 17:45:12.265 I/InstrumentationBackend(16537): Added:'GetActivityOrientation', with key:'get_activity_orientation'
06-06 17:45:12.265 D/EGL_emulation( 1713): eglMakeCurrent: 0xa6a85780: ver 2 0 (tinfo 0xa6a83640)
06-06 17:45:12.265 I/InstrumentationBackend(16537): Added:'FakeGPSLocation', with key:'set_gps_coordinates'
06-06 17:45:12.265 I/InstrumentationBackend(16537): Added:'SetPropertyByCssSelector', with key:'set_property_by_css_selector'
06-06 17:45:12.265 I/InstrumentationBackend(16537): Added:'GetUrl', with key:'get_url'
06-06 17:45:12.265 I/InstrumentationBackend(16537): Added:'ScrollTo', with key:'scroll_to'
06-06 17:45:12.265 I/InstrumentationBackend(16537): Added:'GetLoadProgress', with key:'get_load_progress'
06-06 17:45:12.265 I/InstrumentationBackend(16537): Added:'DumpHtml', with key:'dump_html'
06-06 17:45:12.265 I/InstrumentationBackend(16537): Added:'DumpBodyHtml', with key:'dump_body_html'
06-06 17:45:12.265 I/InstrumentationBackend(16537): Added:'EnterTextByCssSelector', with key:'enter_text_by_selector'
06-06 17:45:12.266 D/EGL_emulation( 1713): eglMakeCurrent: 0xa6a85780: ver 2 0 (tinfo 0xa6a83640)
06-06 17:45:12.268 I/InstrumentationBackend(16537): Added:'AndroidSDKVersion', with key:'android_sdk_version'
06-06 17:45:12.268 I/InstrumentationBackend(16537): Added:'Version', with key:'version'
06-06 17:45:12.268 I/InstrumentationBackend(16537): Added:'Drag', with key:'drag'
06-06 17:45:12.268 I/InstrumentationBackend(16537): Added:'TouchCoordinates', with key:'touch_coordinate'
06-06 17:45:12.268 I/InstrumentationBackend(16537): Added:'LongPressCoordinate', with key:'long_press_coordinate'
06-06 17:45:12.268 I/InstrumentationBackend(16537): Added:'DragCoordinates', with key:'drag_coordinates'
06-06 17:45:12.268 I/InstrumentationBackend(16537): Added:'ResumeApplication', with key:'resume_application'
06-06 17:45:12.268 I/InstrumentationBackend(16537): Added:'Swipe', with key:'swipe'
06-06 17:45:12.268 I/InstrumentationBackend(16537): Added:'DoubleTapCoordinate', with key:'double_tap_coordinate'
06-06 17:45:12.268 I/InstrumentationBackend(16537): Added:'ClickOnScreen', with key:'click_on_screen'
06-06 17:45:12.268 I/InstrumentationBackend(16537): Added:'GetActivityName', with key:'get_activity_name'
06-06 17:45:12.268 I/InstrumentationBackend(16537): Added:'ScrollToView', with key:'scroll_to_view'
06-06 17:45:12.268 I/InstrumentationBackend(16537): Added:'ViewConfiguration', with key:'view_configuration'
06-06 17:45:12.269 I/InstrumentationBackend(16537): Added:'IsCurrentActivityFocused', with key:'is_current_activity_focused'
06-06 17:45:12.269 I/InstrumentationBackend(16537): Added:'SendTcp', with key:'send_tcp'
06-06 17:45:12.269 I/InstrumentationBackend(16537): Added:'DpToDevicePixel', with key:'dp_to_device_pixel'
06-06 17:45:12.269 I/InstrumentationBackend(16537): Added:'KeyboardEnterText', with key:'keyboard_enter_text'
06-06 17:45:12.269 I/InstrumentationBackend(16537): Added:'DeleteSurroundingText', with key:'delete_surrounding_text'
06-06 17:45:12.269 I/InstrumentationBackend(16537): Added:'SetComposingRegion', with key:'set_composing_region'
06-06 17:45:12.269 I/InstrumentationBackend(16537): Added:'SetSelection', with key:'set_selection'
06-06 17:45:12.269 I/InstrumentationBackend(16537): Added:'KeyboardKeyEvent', with key:'keyboard_key_event'
06-06 17:45:12.269 I/InstrumentationBackend(16537): Added:'PressUserActionButton', with key:'press_user_action_button'
06-06 17:45:12.269 I/InstrumentationBackend(16537): Added:'HideSoftKeyboard', with key:'hide_soft_keyboard'
06-06 17:45:12.269 I/InstrumentationBackend(16537): Added:'ListActions', with key:'list_actions'
06-06 17:45:12.269 I/calabash(16537): Instantiating http server at 7102
06-06 17:45:12.270 I/System.out(16537): HTTP Daemon listening on: 7102
06-06 17:45:12.282 D/EGL_emulation( 1713): eglMakeCurrent: 0xa6a85780: ver 2 0 (tinfo 0xa6a83640)
06-06 17:45:12.283 D/EGL_emulation( 1713): eglMakeCurrent: 0xa6a85780: ver 2 0 (tinfo 0xa6a83640)
06-06 17:45:12.288 W/InputDispatcher( 1631): channel 'bc2f963 com.evancharlton.mileage/com.evancharlton.mileage.Mileage (server)' ~ Consumer closed input channel or an error occurred.  events=0x9
06-06 17:45:12.288 E/InputDispatcher( 1631): channel 'bc2f963 com.evancharlton.mileage/com.evancharlton.mileage.Mileage (server)' ~ Channel is unrecoverably broken and will be disposed!
06-06 17:45:12.288 I/WindowManager( 1631): WIN DEATH: Window{bc2f963 u0 com.evancharlton.mileage/com.evancharlton.mileage.Mileage EXITING}
06-06 17:45:12.288 W/InputDispatcher( 1631): Attempted to unregister already unregistered input channel 'bc2f963 com.evancharlton.mileage/com.evancharlton.mileage.Mileage (server)'
06-06 17:45:12.288 W/InputDispatcher( 1631): channel '2150153 Toast (server)' ~ Consumer closed input channel or an error occurred.  events=0x9
06-06 17:45:12.288 E/InputDispatcher( 1631): channel '2150153 Toast (server)' ~ Channel is unrecoverably broken and will be disposed!
06-06 17:45:12.289 I/WindowManager( 1631): WIN DEATH: Window{2150153 u0 Toast}
06-06 17:45:12.289 W/InputDispatcher( 1631): Attempted to unregister already unregistered input channel '2150153 Toast (server)'
06-06 17:45:12.300 D/EGL_emulation( 1713): eglMakeCurrent: 0xa6a85780: ver 2 0 (tinfo 0xa6a83640)
06-06 17:45:12.303 D/EGL_emulation( 1713): eglMakeCurrent: 0xa6a85780: ver 2 0 (tinfo 0xa6a83640)
06-06 17:45:12.316 D/EGL_emulation( 1713): eglMakeCurrent: 0xa6a85780: ver 2 0 (tinfo 0xa6a83640)
06-06 17:45:12.332 D/EGL_emulation( 1713): eglMakeCurrent: 0xa6a85780: ver 2 0 (tinfo 0xa6a83640)
06-06 17:45:12.333 D/EGL_emulation( 1713): eglMakeCurrent: 0xa6a85780: ver 2 0 (tinfo 0xa6a83640)
06-06 17:45:12.358 I/System.out(16537): URI: //ping
06-06 17:45:12.358 I/System.out(16537): params: {json={}
06-06 17:45:12.358 I/System.out(16537): }
06-06 17:45:12.363 I/System.out(16537): URI: //ping
06-06 17:45:12.363 I/System.out(16537): params: {json={}
06-06 17:45:12.363 I/System.out(16537): }
06-06 17:45:12.368 I/System.out(16537): URI: //ready
06-06 17:45:12.368 I/System.out(16537): params: {json={}
06-06 17:45:12.368 I/System.out(16537): }
06-06 17:45:12.372 I/System.out(16537): URI: //
06-06 17:45:12.372 I/System.out(16537): params: {json={"command":"version","arguments":[]}
06-06 17:45:12.372 I/System.out(16537): }
06-06 17:45:12.372 I/System.out(16537): header: {content-type=application/json;charset=utf-8, date=Sat, 06 Jun 2020 22:45:12 GMT, accept=*/*, host=127.0.0.1:34784, content-length=36, user-agent=HTTPClient/1.0 (2.8.3, ruby 2.5.1 (2018-03-29))}
06-06 17:45:12.372 I/System.out(16537): params: {json={"command":"version","arguments":[]}
06-06 17:45:12.372 I/System.out(16537): }
06-06 17:45:12.372 I/System.out(16537): ProP json = {"command":"version","arguments":[]}
06-06 17:45:12.372 I/System.out(16537): files: {}
06-06 17:45:12.372 I/System.out(16537): command: {"command":"version","arguments":[]}
06-06 17:45:12.379 I/InstrumentationBackend(16537): Got command:'Command:'Line:null,version', arguments:'[]'
06-06 17:45:12.393 I/System.out(16537): result:{"bonusInformation":[],"message":"0.9.8","success":true}
06-06 17:45:12.397 I/System.out(16537): URI: //start-application
06-06 17:45:12.397 I/System.out(16537): params: {json={"intent":null}
06-06 17:45:12.397 I/System.out(16537): }
06-06 17:45:12.410 I/ActivityManager( 1631): START u0 {act=android.intent.action.MAIN cat=[android.intent.category.LAUNCHER] flg=0x10200000 cmp=com.evancharlton.mileage/.Mileage} from uid 10728 on display 0
06-06 17:45:12.420 I/calabash(16537): newActivity1
06-06 17:45:12.427 I/calabash(16537): newActivity1
06-06 17:45:12.428 W/ActivityManager( 1631): Bad activity token: android.os.BinderProxy@555964a
06-06 17:45:12.428 W/ActivityManager( 1631): java.lang.ClassCastException: android.os.BinderProxy cannot be cast to com.android.server.am.ActivityRecord$Token
06-06 17:45:12.428 W/ActivityManager( 1631): 	at com.android.server.am.ActivityRecord.forTokenLocked(ActivityRecord.java:586)
06-06 17:45:12.428 W/ActivityManager( 1631): 	at com.android.server.am.ActivityRecord.isInStackLocked(ActivityRecord.java:1327)
06-06 17:45:12.428 W/ActivityManager( 1631): 	at com.android.server.am.ActivityRecord.getStackLocked(ActivityRecord.java:1332)
06-06 17:45:12.428 W/ActivityManager( 1631): 	at com.android.server.am.ActivityManagerService.getActivityDisplayId(ActivityManagerService.java:9806)
06-06 17:45:12.428 W/ActivityManager( 1631): 	at android.app.ActivityManagerNative.onTransact(ActivityManagerNative.java:2566)
06-06 17:45:12.428 W/ActivityManager( 1631): 	at com.android.server.am.ActivityManagerService.onTransact(ActivityManagerService.java:2757)
06-06 17:45:12.428 W/ActivityManager( 1631): 	at android.os.Binder.execTransact(Binder.java:565)
06-06 17:45:12.428 W/ActivityManager( 1631): Bad activity token: android.os.BinderProxy@555964a
06-06 17:45:12.428 W/ActivityManager( 1631): java.lang.ClassCastException: android.os.BinderProxy cannot be cast to com.android.server.am.ActivityRecord$Token
06-06 17:45:12.428 W/ActivityManager( 1631): 	at com.android.server.am.ActivityRecord.forTokenLocked(ActivityRecord.java:586)
06-06 17:45:12.428 W/ActivityManager( 1631): 	at com.android.server.am.ActivityRecord.isInStackLocked(ActivityRecord.java:1327)
06-06 17:45:12.428 W/ActivityManager( 1631): 	at com.android.server.am.ActivityManagerService.setTaskDescription(ActivityManagerService.java:9358)
06-06 17:45:12.428 W/ActivityManager( 1631): 	at android.app.ActivityManagerNative.onTransact(ActivityManagerNative.java:2639)
06-06 17:45:12.428 W/ActivityManager( 1631): 	at com.android.server.am.ActivityManagerService.onTransact(ActivityManagerService.java:2757)
06-06 17:45:12.428 W/ActivityManager( 1631): 	at android.os.Binder.execTransact(Binder.java:565)
06-06 17:45:12.429 W/ActivityManager( 1631): Bad activity token: android.os.BinderProxy@555964a
06-06 17:45:12.429 W/ActivityManager( 1631): java.lang.ClassCastException: android.os.BinderProxy cannot be cast to com.android.server.am.ActivityRecord$Token
06-06 17:45:12.429 W/ActivityManager( 1631): 	at com.android.server.am.ActivityRecord.forTokenLocked(ActivityRecord.java:586)
06-06 17:45:12.429 W/ActivityManager( 1631): 	at com.android.server.am.ActivityRecord.isInStackLocked(ActivityRecord.java:1327)
06-06 17:45:12.429 W/ActivityManager( 1631): 	at com.android.server.am.ActivityRecord.getStackLocked(ActivityRecord.java:1332)
06-06 17:45:12.429 W/ActivityManager( 1631): 	at com.android.server.am.ActivityManagerService.getActivityStackId(ActivityManagerService.java:9817)
06-06 17:45:12.429 W/ActivityManager( 1631): 	at android.app.ActivityManagerNative.onTransact(ActivityManagerNative.java:2856)
06-06 17:45:12.429 W/ActivityManager( 1631): 	at com.android.server.am.ActivityManagerService.onTransact(ActivityManagerService.java:2757)
06-06 17:45:12.429 W/ActivityManager( 1631): 	at android.os.Binder.execTransact(Binder.java:565)
06-06 17:45:12.432 D/gralloc_ranchu( 1348): gralloc_alloc: Creating ashmem region of size 9023488
06-06 17:45:12.444 W/ActivityManager( 1631): Bad activity token: android.os.BinderProxy@555964a
06-06 17:45:12.444 W/ActivityManager( 1631): java.lang.ClassCastException: android.os.BinderProxy cannot be cast to com.android.server.am.ActivityRecord$Token
06-06 17:45:12.444 W/ActivityManager( 1631): 	at com.android.server.am.ActivityRecord.forTokenLocked(ActivityRecord.java:586)
06-06 17:45:12.444 W/ActivityManager( 1631): 	at com.android.server.am.ActivityRecord.isInStackLocked(ActivityRecord.java:1327)
06-06 17:45:12.444 W/ActivityManager( 1631): 	at com.android.server.am.ActivityManagerService.getActivityOptions(ActivityManagerService.java:12559)
06-06 17:45:12.444 W/ActivityManager( 1631): 	at android.app.ActivityManagerNative.onTransact(ActivityManagerNative.java:1933)
06-06 17:45:12.444 W/ActivityManager( 1631): 	at com.android.server.am.ActivityManagerService.onTransact(ActivityManagerService.java:2757)
06-06 17:45:12.444 W/ActivityManager( 1631): 	at android.os.Binder.execTransact(Binder.java:565)
06-06 17:45:12.444 W/ActivityManager( 1631): Bad activity token: android.os.BinderProxy@555964a
06-06 17:45:12.444 W/ActivityManager( 1631): java.lang.ClassCastException: android.os.BinderProxy cannot be cast to com.android.server.am.ActivityRecord$Token
06-06 17:45:12.444 W/ActivityManager( 1631): 	at com.android.server.am.ActivityRecord.forTokenLocked(ActivityRecord.java:586)
06-06 17:45:12.444 W/ActivityManager( 1631): 	at com.android.server.am.ActivityRecord.isInStackLocked(ActivityRecord.java:1327)
06-06 17:45:12.444 W/ActivityManager( 1631): 	at com.android.server.am.ActivityManagerService.getActivityOptions(ActivityManagerService.java:12559)
06-06 17:45:12.444 W/ActivityManager( 1631): 	at android.app.ActivityManagerNative.onTransact(ActivityManagerNative.java:1933)
06-06 17:45:12.444 W/ActivityManager( 1631): 	at com.android.server.am.ActivityManagerService.onTransact(ActivityManagerService.java:2757)
06-06 17:45:12.444 W/ActivityManager( 1631): 	at android.os.Binder.execTransact(Binder.java:565)
06-06 17:45:12.454 V/PhoneStatusBar( 1713): setLightsOn(true)
06-06 17:45:12.467 D/EGL_emulation( 2106): eglMakeCurrent: 0xa6a85300: ver 2 0 (tinfo 0xa6a83220)
06-06 17:45:12.473 D/EGL_emulation( 1713): eglMakeCurrent: 0xa6a85780: ver 2 0 (tinfo 0xa6a83640)
06-06 17:45:12.483 D/EGL_emulation( 1713): eglMakeCurrent: 0xa6a85780: ver 2 0 (tinfo 0xa6a83640)
06-06 17:45:12.490 D/EGL_emulation( 1713): eglMakeCurrent: 0xa6a85780: ver 2 0 (tinfo 0xa6a83640)
06-06 17:45:12.493 D/gralloc_ranchu( 1348): gralloc_alloc: Creating ashmem region of size 9023488
06-06 17:45:12.500 D/EGL_emulation( 1713): eglMakeCurrent: 0xa6a85780: ver 2 0 (tinfo 0xa6a83640)
06-06 17:45:12.501 D/        (16537): HostConnection::get() New Host Connection established 0x954ae500, tid 16537
06-06 17:45:12.503 D/EGL_emulation( 1713): eglMakeCurrent: 0xa6a85780: ver 2 0 (tinfo 0xa6a83640)
06-06 17:45:12.504 V/PhoneStatusBar( 1713): setLightsOn(true)
06-06 17:45:12.545 D/EGL_emulation( 1713): eglMakeCurrent: 0xa6a85780: ver 2 0 (tinfo 0xa6a83640)
06-06 17:45:12.548 D/EGL_emulation( 1713): eglMakeCurrent: 0xa6a85780: ver 2 0 (tinfo 0xa6a83640)
06-06 17:45:12.549 I/WindowManager( 1631): Destroying surface Surface(name=com.evancharlton.mileage/com.evancharlton.mileage.Mileage) called by com.android.server.wm.WindowStateAnimator.destroySurface:2016 com.android.server.wm.WindowStateAnimator.destroySurfaceLocked:882 com.android.server.wm.WindowState.removeLocked:1456 com.android.server.wm.WindowManagerService.removeWindowInnerLocked:2484 com.android.server.wm.AppWindowToken.destroySurfaces:365 com.android.server.wm.WindowStateAnimator.finishExit:565 com.android.server.wm.AppWindowAnimator.stepAnimationLocked:427 com.android.server.wm.WindowAnimator.updateAppWindowsLocked:196 
06-06 17:45:12.550 D/EGL_emulation( 1713): eglMakeCurrent: 0xa6a85780: ver 2 0 (tinfo 0xa6a83640)
06-06 17:45:12.551 D/EGL_emulation( 1713): eglMakeCurrent: 0xa6a85780: ver 2 0 (tinfo 0xa6a83640)
06-06 17:45:12.567 D/EGL_emulation( 1713): eglMakeCurrent: 0xa6a85780: ver 2 0 (tinfo 0xa6a83640)
06-06 17:45:12.569 D/EGL_emulation( 1713): eglMakeCurrent: 0xa6a85780: ver 2 0 (tinfo 0xa6a83640)
06-06 17:45:12.582 I/ActivityManager( 1631): Displayed com.evancharlton.mileage/.Mileage: +168ms
06-06 17:45:12.582 D/gralloc_ranchu( 1348): gralloc_alloc: Creating ashmem region of size 9023488
06-06 17:45:12.582 D/EGL_emulation( 1713): eglMakeCurrent: 0xa6a85780: ver 2 0 (tinfo 0xa6a83640)
06-06 17:45:12.600 D/EGL_emulation( 1713): eglMakeCurrent: 0xa6a85780: ver 2 0 (tinfo 0xa6a83640)
06-06 17:45:12.601 V/PhoneStatusBar( 1713): setLightsOn(true)
06-06 17:45:12.603 D/EGL_emulation( 1713): eglMakeCurrent: 0xa6a85780: ver 2 0 (tinfo 0xa6a83640)
06-06 17:45:12.611 D/EGL_emulation( 1713): eglMakeCurrent: 0xa6a85780: ver 2 0 (tinfo 0xa6a83640)
06-06 17:45:12.615 D/EGL_emulation( 1713): eglMakeCurrent: 0xa6a85780: ver 2 0 (tinfo 0xa6a83640)
06-06 17:45:12.617 D/EGL_emulation( 1713): eglMakeCurrent: 0xa6a85780: ver 2 0 (tinfo 0xa6a83640)
06-06 17:45:12.617 V/PhoneStatusBar( 1713): setLightsOn(true)
06-06 17:45:12.632 D/EGL_emulation( 1713): eglMakeCurrent: 0xa6a85780: ver 2 0 (tinfo 0xa6a83640)
06-06 17:45:12.633 D/EGL_emulation( 1713): eglMakeCurrent: 0xa6a85780: ver 2 0 (tinfo 0xa6a83640)
06-06 17:45:12.638 I/System.out(16537): URI: //map
06-06 17:45:12.638 I/System.out(16537): params: {json={"query":"* marked:'Statistics'","operation":{"method_name":"query","arguments":[]}}
06-06 17:45:12.638 I/System.out(16537): }
06-06 17:45:12.648 D/EGL_emulation( 1713): eglMakeCurrent: 0xa6a85780: ver 2 0 (tinfo 0xa6a83640)
06-06 17:45:12.650 D/EGL_emulation( 1713): eglMakeCurrent: 0xa6a85780: ver 2 0 (tinfo 0xa6a83640)
06-06 17:45:12.652 W/ResourceType(16537): No package identifier when getting name for resource number 0x00000001
06-06 17:45:12.666 D/EGL_emulation( 1713): eglMakeCurrent: 0xa6a85780: ver 2 0 (tinfo 0xa6a83640)
06-06 17:45:12.667 I/System.out(16537): URI: //gesture
06-06 17:45:12.668 I/System.out(16537): params: {json={"query_timeout":5.0,"gestures":[{"query_string":"* marked:'Statistics'","touches":[{"x":50,"y":50,"offset_x":0,"offset_y":0,"wait":0.0,"time":0.2,"release":true,"query_string":null}]}]}
06-06 17:45:12.668 I/System.out(16537): }
06-06 17:45:12.668 D/EGL_emulation( 1713): eglMakeCurrent: 0xa6a85780: ver 2 0 (tinfo 0xa6a83640)
06-06 17:45:12.672 W/ResourceType(16537): No package identifier when getting name for resource number 0x00000001
06-06 17:45:12.682 D/EGL_emulation( 1713): eglMakeCurrent: 0xa6a85780: ver 2 0 (tinfo 0xa6a83640)
06-06 17:45:12.782 I/WindowManager( 1631): Destroying surface Surface(name=Starting com.evancharlton.mileage) called by com.android.server.wm.WindowStateAnimator.destroySurface:2016 com.android.server.wm.WindowStateAnimator.destroySurfaceLocked:882 com.android.server.wm.WindowState.destroyOrSaveSurface:2100 com.android.server.wm.AppWindowToken.destroySurfaces:363 com.android.server.wm.WindowStateAnimator.finishExit:565 com.android.server.wm.WindowStateAnimator.stepAnimationLocked:491 com.android.server.wm.WindowAnimator.updateWindowsLocked:303 com.android.server.wm.WindowAnimator.animateLocked:704 
06-06 17:45:12.786 V/PhoneStatusBar( 1713): setLightsOn(true)
06-06 17:45:12.816 V/PhoneStatusBar( 1713): setLightsOn(true)
06-06 17:45:12.849 V/PhoneStatusBar( 1713): setLightsOn(true)
06-06 17:45:12.851 I/WindowManager( 1631): Destroying surface Surface(name=Toast) called by com.android.server.wm.WindowStateAnimator.destroySurface:2016 com.android.server.wm.WindowStateAnimator.destroySurfaceLocked:882 com.android.server.wm.WindowState.destroyOrSaveSurface:2100 com.android.server.wm.WindowSurfacePlacer.performSurfacePlacementInner:429 com.android.server.wm.WindowSurfacePlacer.performSurfacePlacementLoop:232 com.android.server.wm.WindowSurfacePlacer.performSurfacePlacement:180 com.android.server.wm.WindowManagerService$H.handleMessage:8086 android.os.Handler.dispatchMessage:102 
06-06 17:45:12.855 V/PhoneStatusBar( 1713): setLightsOn(true)
06-06 17:45:12.906 I/calabash(16537): newActivity1
06-06 17:45:12.916 V/PhoneStatusBar( 1713): setLightsOn(true)
06-06 17:45:12.927 I/System.out(16537): URI: //map
06-06 17:45:12.927 I/System.out(16537): params: {json={"query":"android.widget.ScrollView index:0","operation":{"method_name":"query","arguments":[]}}
06-06 17:45:12.927 I/System.out(16537): }
06-06 17:45:12.938 W/ActivityManager( 1631): Bad activity token: android.os.BinderProxy@8e00e08
06-06 17:45:12.938 W/ActivityManager( 1631): java.lang.ClassCastException: android.os.BinderProxy cannot be cast to com.android.server.am.ActivityRecord$Token
06-06 17:45:12.938 W/ActivityManager( 1631): 	at com.android.server.am.ActivityRecord.forTokenLocked(ActivityRecord.java:586)
06-06 17:45:12.938 W/ActivityManager( 1631): 	at com.android.server.am.ActivityRecord.isInStackLocked(ActivityRecord.java:1327)
06-06 17:45:12.938 W/ActivityManager( 1631): 	at com.android.server.am.ActivityRecord.getStackLocked(ActivityRecord.java:1332)
06-06 17:45:12.938 W/ActivityManager( 1631): 	at com.android.server.am.ActivityManagerService.getActivityDisplayId(ActivityManagerService.java:9806)
06-06 17:45:12.938 W/ActivityManager( 1631): 	at android.app.ActivityManagerNative.onTransact(ActivityManagerNative.java:2566)
06-06 17:45:12.938 W/ActivityManager( 1631): 	at com.android.server.am.ActivityManagerService.onTransact(ActivityManagerService.java:2757)
06-06 17:45:12.938 W/ActivityManager( 1631): 	at android.os.Binder.execTransact(Binder.java:565)
06-06 17:45:12.940 W/ActivityManager( 1631): Bad activity token: android.os.BinderProxy@8e00e08
06-06 17:45:12.940 W/ActivityManager( 1631): java.lang.ClassCastException: android.os.BinderProxy cannot be cast to com.android.server.am.ActivityRecord$Token
06-06 17:45:12.940 W/ActivityManager( 1631): 	at com.android.server.am.ActivityRecord.forTokenLocked(ActivityRecord.java:586)
06-06 17:45:12.940 W/ActivityManager( 1631): 	at com.android.server.am.ActivityRecord.isInStackLocked(ActivityRecord.java:1327)
06-06 17:45:12.940 W/ActivityManager( 1631): 	at com.android.server.am.ActivityManagerService.setTaskDescription(ActivityManagerService.java:9358)
06-06 17:45:12.940 W/ActivityManager( 1631): 	at android.app.ActivityManagerNative.onTransact(ActivityManagerNative.java:2639)
06-06 17:45:12.940 W/ActivityManager( 1631): 	at com.android.server.am.ActivityManagerService.onTransact(ActivityManagerService.java:2757)
06-06 17:45:12.940 W/ActivityManager( 1631): 	at android.os.Binder.execTransact(Binder.java:565)
06-06 17:45:12.940 W/ActivityManager( 1631): Bad activity token: android.os.BinderProxy@8e00e08
06-06 17:45:12.940 W/ActivityManager( 1631): java.lang.ClassCastException: android.os.BinderProxy cannot be cast to com.android.server.am.ActivityRecord$Token
06-06 17:45:12.940 W/ActivityManager( 1631): 	at com.android.server.am.ActivityRecord.forTokenLocked(ActivityRecord.java:586)
06-06 17:45:12.940 W/ActivityManager( 1631): 	at com.android.server.am.ActivityRecord.isInStackLocked(ActivityRecord.java:1327)
06-06 17:45:12.940 W/ActivityManager( 1631): 	at com.android.server.am.ActivityRecord.getStackLocked(ActivityRecord.java:1332)
06-06 17:45:12.940 W/ActivityManager( 1631): 	at com.android.server.am.ActivityManagerService.getActivityStackId(ActivityManagerService.java:9817)
06-06 17:45:12.940 W/ActivityManager( 1631): 	at android.app.ActivityManagerNative.onTransact(ActivityManagerNative.java:2856)
06-06 17:45:12.940 W/ActivityManager( 1631): 	at com.android.server.am.ActivityManagerService.onTransact(ActivityManagerService.java:2757)
06-06 17:45:12.940 W/ActivityManager( 1631): 	at android.os.Binder.execTransact(Binder.java:565)
06-06 17:45:12.946 D/VehicleStatisticsActivity(16537): Checking recalculation ...
06-06 17:45:12.947 D/VehicleStatisticsActivity(16537): Recalculation not necessary.
06-06 17:45:12.948 W/ActivityManager( 1631): Bad activity token: android.os.BinderProxy@8e00e08
06-06 17:45:12.948 W/ActivityManager( 1631): java.lang.ClassCastException: android.os.BinderProxy cannot be cast to com.android.server.am.ActivityRecord$Token
06-06 17:45:12.948 W/ActivityManager( 1631): 	at com.android.server.am.ActivityRecord.forTokenLocked(ActivityRecord.java:586)
06-06 17:45:12.948 W/ActivityManager( 1631): 	at com.android.server.am.ActivityRecord.isInStackLocked(ActivityRecord.java:1327)
06-06 17:45:12.948 W/ActivityManager( 1631): 	at com.android.server.am.ActivityManagerService.getActivityOptions(ActivityManagerService.java:12559)
06-06 17:45:12.948 W/ActivityManager( 1631): 	at android.app.ActivityManagerNative.onTransact(ActivityManagerNative.java:1933)
06-06 17:45:12.948 W/ActivityManager( 1631): 	at com.android.server.am.ActivityManagerService.onTransact(ActivityManagerService.java:2757)
06-06 17:45:12.948 W/ActivityManager( 1631): 	at android.os.Binder.execTransact(Binder.java:565)
06-06 17:45:12.948 W/ActivityManager( 1631): Bad activity token: android.os.BinderProxy@8e00e08
06-06 17:45:12.948 W/ActivityManager( 1631): java.lang.ClassCastException: android.os.BinderProxy cannot be cast to com.android.server.am.ActivityRecord$Token
06-06 17:45:12.948 W/ActivityManager( 1631): 	at com.android.server.am.ActivityRecord.forTokenLocked(ActivityRecord.java:586)
06-06 17:45:12.948 W/ActivityManager( 1631): 	at com.android.server.am.ActivityRecord.isInStackLocked(ActivityRecord.java:1327)
06-06 17:45:12.948 W/ActivityManager( 1631): 	at com.android.server.am.ActivityManagerService.getActivityOptions(ActivityManagerService.java:12559)
06-06 17:45:12.948 W/ActivityManager( 1631): 	at android.app.ActivityManagerNative.onTransact(ActivityManagerNative.java:1933)
06-06 17:45:12.948 W/ActivityManager( 1631): 	at com.android.server.am.ActivityManagerService.onTransact(ActivityManagerService.java:2757)
06-06 17:45:12.948 W/ActivityManager( 1631): 	at android.os.Binder.execTransact(Binder.java:565)
06-06 17:45:12.950 D/VehicleStatisticsActivity(16537): Checking recalculation ...
06-06 17:45:12.951 D/VehicleStatisticsActivity(16537): Recalculation not necessary.
06-06 17:45:12.998 V/PhoneStatusBar( 1713): setLightsOn(true)
06-06 17:45:13.030 I/System.out(16537): URI: //map
06-06 17:45:13.030 I/System.out(16537): params: {json={"query":"android.widget.AbsListView index:0","operation":{"method_name":"query","arguments":[]}}
06-06 17:45:13.030 I/System.out(16537): }
06-06 17:45:13.034 I/art     (16537): Do partial code cache collection, code=30KB, data=29KB
06-06 17:45:13.034 I/art     (16537): After code cache collection, code=29KB, data=28KB
06-06 17:45:13.034 I/art     (16537): Increasing code cache capacity to 128KB
06-06 17:45:13.045 I/System.out(16537): URI: //map
06-06 17:45:13.045 I/System.out(16537): params: {json={"query":"android.widget.AbsListView index:0","operation":{"method_name":"query","arguments":[]}}
06-06 17:45:13.045 I/System.out(16537): }
06-06 17:45:13.059 I/System.out(16537): URI: //map
06-06 17:45:13.059 I/System.out(16537): params: {json={"query":"android.widget.AbsListView index:0","operation":{"method_name":"query","arguments":[]}}
06-06 17:45:13.059 I/System.out(16537): }
06-06 17:45:13.073 I/System.out(16537): URI: //map
06-06 17:45:13.073 I/System.out(16537): params: {json={"query":"android.widget.AbsListView index:0","operation":{"method_name":"query","arguments":["getFirstVisiblePosition"]}}
06-06 17:45:13.073 I/System.out(16537): }
06-06 17:45:13.086 I/System.out(16537): URI: //map
06-06 17:45:13.086 I/System.out(16537): params: {json={"query":"android.widget.AbsListView index:0","operation":{"method_name":"query","arguments":["getLastVisiblePosition"]}}
06-06 17:45:13.086 I/System.out(16537): }
06-06 17:45:13.097 I/System.out(16537): URI: //map
06-06 17:45:13.097 I/System.out(16537): params: {json={"query":"android.widget.AbsListView index:0","operation":{"method_name":"query","arguments":[{"method_name":"setSelection","arguments":[26]}]}}
06-06 17:45:13.097 I/System.out(16537): }
06-06 17:45:13.115 I/System.out(16537): URI: //map
06-06 17:45:13.115 I/System.out(16537): params: {json={"query":"* marked:'Average cost per mi'","operation":{"method_name":"query","arguments":[]}}
06-06 17:45:13.115 I/System.out(16537): }
06-06 17:45:13.149 D/gralloc_ranchu( 1348): gralloc_alloc: Creating ashmem region of size 9023488
06-06 17:45:13.182 W/ResourceType(16537): No package identifier when getting name for resource number 0x00000001
06-06 17:45:13.192 I/System.out(16537): URI: //gesture
06-06 17:45:13.192 I/System.out(16537): params: {json={"query_timeout":5.0,"gestures":[{"query_string":"* marked:'Average cost per mi'","touches":[{"x":50,"y":50,"offset_x":0,"offset_y":0,"wait":0.0,"time":0.2,"release":true,"query_string":null}]}]}
06-06 17:45:13.192 I/System.out(16537): }
06-06 17:45:13.195 W/ResourceType(16537): No package identifier when getting name for resource number 0x00000001
06-06 17:45:13.215 V/PhoneStatusBar( 1713): setLightsOn(true)
06-06 17:45:13.215 W/OpenGLRenderer( 2106): Incorrectly called buildLayer on View: ShortcutAndWidgetContainer, destroying layer...
06-06 17:45:13.216 V/PhoneStatusBar( 1713): setLightsOn(true)
06-06 17:45:13.233 I/WindowManager( 1631): Destroying surface Surface(name=com.android.launcher3/com.android.launcher3.Launcher) called by com.android.server.wm.WindowStateAnimator.destroySurface:2016 com.android.server.wm.WindowStateAnimator.destroySurfaceLocked:882 com.android.server.wm.WindowState.destroyOrSaveSurface:2100 com.android.server.wm.AppWindowToken.destroySurfaces:363 com.android.server.wm.AppWindowToken.notifyAppStopped:389 com.android.server.wm.WindowManagerService.notifyAppStopped:4463 com.android.server.am.ActivityStack.activityStoppedLocked:1252 com.android.server.am.ActivityManagerService.activityStopped:6903 
06-06 17:45:13.235 V/PhoneStatusBar( 1713): setLightsOn(true)
06-06 17:45:13.442 I/System.out(16537): URI: //map
06-06 17:45:13.442 I/System.out(16537): params: {json={"query":"* {text CONTAINS[c] 'No chart for this statistic (yet!)'}","operation":{"method_name":"query","arguments":[]}}
06-06 17:45:13.442 I/System.out(16537): }
06-06 17:45:13.504 W/NotificationService( 1631): Object died trying to hide notification android.app.ITransientNotification$Stub$Proxy@fb17a52 in package com.evancharlton.mileage
06-06 17:45:13.518 V/PhoneStatusBar( 1713): setLightsOn(true)
06-06 17:45:13.531 V/PhoneStatusBar( 1713): setLightsOn(true)
06-06 17:45:13.548 D/gralloc_ranchu( 1348): gralloc_alloc: Creating ashmem region of size 327680
06-06 17:45:13.552 V/PhoneStatusBar( 1713): setLightsOn(true)
06-06 17:45:13.566 V/PhoneStatusBar( 1713): setLightsOn(true)
06-06 17:45:13.809 I/System.out(16537): URI: //map
06-06 17:45:13.809 I/System.out(16537): params: {json={"query":"* {text CONTAINS[c] 'No chart for this statistic (yet!)'}","operation":{"method_name":"query","arguments":[]}}
06-06 17:45:13.809 I/System.out(16537): }
06-06 17:45:13.824 I/art     (16537): Do partial code cache collection, code=60KB, data=62KB
06-06 17:45:13.824 I/art     (16537): After code cache collection, code=60KB, data=61KB
06-06 17:45:13.824 I/art     (16537): Increasing code cache capacity to 256KB
