--------- beginning of main
06-06 03:15:57.681 D/EGL_emulation( 1711): eglMakeCurrent: 0xa7985720: ver 2 0 (tinfo 0xa7983770)
06-06 03:15:57.683 D/EGL_emulation( 2078): eglMakeCurrent: 0x9852d440: ver 2 0 (tinfo 0xa3d30310)
06-06 03:15:57.683 W/OpenGLRenderer( 2078): Incorrectly called buildLayer on View: ShortcutAndWidgetContainer, destroying layer...
06-06 03:15:57.697 D/EGL_emulation( 1711): eglMakeCurrent: 0xa7985720: ver 2 0 (tinfo 0xa7983770)
06-06 03:15:57.699 D/EGL_emulation( 1711): eglMakeCurrent: 0xa7985720: ver 2 0 (tinfo 0xa7983770)
06-06 03:15:57.713 D/EGL_emulation( 1711): eglMakeCurrent: 0xa7985720: ver 2 0 (tinfo 0xa7983770)
06-06 03:15:57.715 D/EGL_emulation( 1711): eglMakeCurrent: 0xa7985720: ver 2 0 (tinfo 0xa7983770)
06-06 03:15:57.730 D/EGL_emulation( 1711): eglMakeCurrent: 0xa7985720: ver 2 0 (tinfo 0xa7983770)
06-06 03:15:57.732 D/EGL_emulation( 1711): eglMakeCurrent: 0xa7985720: ver 2 0 (tinfo 0xa7983770)
06-06 03:15:57.747 D/EGL_emulation( 1711): eglMakeCurrent: 0xa7985720: ver 2 0 (tinfo 0xa7983770)
06-06 03:15:57.749 D/EGL_emulation( 1711): eglMakeCurrent: 0xa7985720: ver 2 0 (tinfo 0xa7983770)
06-06 03:15:57.764 D/EGL_emulation( 1711): eglMakeCurrent: 0xa7985720: ver 2 0 (tinfo 0xa7983770)
06-06 03:15:57.766 D/EGL_emulation( 1711): eglMakeCurrent: 0xa7985720: ver 2 0 (tinfo 0xa7983770)
06-06 03:15:57.780 D/EGL_emulation( 1711): eglMakeCurrent: 0xa7985720: ver 2 0 (tinfo 0xa7983770)
06-06 03:15:57.782 D/EGL_emulation( 1711): eglMakeCurrent: 0xa7985720: ver 2 0 (tinfo 0xa7983770)
06-06 03:15:57.797 D/EGL_emulation( 1711): eglMakeCurrent: 0xa7985720: ver 2 0 (tinfo 0xa7983770)
06-06 03:15:57.800 D/EGL_emulation( 1711): eglMakeCurrent: 0xa7985720: ver 2 0 (tinfo 0xa7983770)
06-06 03:15:57.806 D/AndroidRuntime( 3406): >>>>>> START com.android.internal.os.RuntimeInit uid 2000 <<<<<<
06-06 03:15:57.807 D/AndroidRuntime( 3406): CheckJNI is ON
06-06 03:15:57.813 D/EGL_emulation( 1711): eglMakeCurrent: 0xa7985720: ver 2 0 (tinfo 0xa7983770)
06-06 03:15:57.815 D/EGL_emulation( 1711): eglMakeCurrent: 0xa7985720: ver 2 0 (tinfo 0xa7983770)
06-06 03:15:57.818 W/art     ( 3406): Unexpected CPU variant for X86 using defaults: x86
06-06 03:15:57.820 D/ICU     ( 3406): No timezone override file found: /data/misc/zoneinfo/current/icu/icu_tzdata.dat
06-06 03:15:57.827 E/memtrack( 3406): Couldn't load memtrack module (No such file or directory)
06-06 03:15:57.827 E/android.os.Debug( 3406): failed to load memtrack module: -2
06-06 03:15:57.827 I/Radio-JNI( 3406): register_android_hardware_Radio DONE
06-06 03:15:57.830 D/EGL_emulation( 1711): eglMakeCurrent: 0xa7985720: ver 2 0 (tinfo 0xa7983770)
06-06 03:15:57.831 D/AndroidRuntime( 3406): Calling main entry com.android.commands.am.Am
06-06 03:15:57.832 D/EGL_emulation( 1711): eglMakeCurrent: 0xa7985720: ver 2 0 (tinfo 0xa7983770)
--------- beginning of system
06-06 03:15:57.833 I/ActivityManager( 1630): Force stopping com.evancharlton.mileage appid=10422 user=0: start instr
06-06 03:15:57.835 I/art     ( 3425): Not late-enabling -Xcheck:jni (already on)
06-06 03:15:57.835 W/art     ( 3425): Unexpected CPU variant for X86 using defaults: x86
06-06 03:15:57.843 I/ActivityManager( 1630): Start proc 3425:com.evancharlton.mileage/u0a422 for added application com.evancharlton.mileage
06-06 03:15:57.844 D/AndroidRuntime( 3406): Shutting down VM
06-06 03:15:57.847 D/EGL_emulation( 1711): eglMakeCurrent: 0xa7985720: ver 2 0 (tinfo 0xa7983770)
06-06 03:15:57.848 D/EGL_emulation( 1711): eglMakeCurrent: 0xa7985720: ver 2 0 (tinfo 0xa7983770)
06-06 03:15:57.853 W/System  ( 3425): ClassLoader referenced unknown path: /data/app/com.evancharlton.mileage.test-1/lib/x86
06-06 03:15:57.853 W/System  ( 3425): ClassLoader referenced unknown path: /data/app/com.evancharlton.mileage-1/lib/x86
06-06 03:15:57.854 W/System  ( 3425): ClassLoader referenced unknown path: 
06-06 03:15:57.858 I/System.out( 3425): Main activity name automatically set to: com.evancharlton.mileage.Mileage
06-06 03:15:57.858 I/System.out( 3425): Calabash did not load Mono. This is only a problem if you are trying to test a Mono application
06-06 03:15:57.858 I/calabash( 3425): Test server port: 7102
06-06 03:15:57.859 I/InstrumentationBackend( 3425): Added:'GetPreferences', with key:'get_preferences'
06-06 03:15:57.862 I/InstrumentationBackend( 3425): Added:'SetPreferences', with key:'set_preferences'
06-06 03:15:57.862 I/InstrumentationBackend( 3425): Added:'ClearPreferences', with key:'clear_preferences'
06-06 03:15:57.862 I/InstrumentationBackend( 3425): Added:'PressElement', with key:'press_l10n_element'
06-06 03:15:57.862 I/InstrumentationBackend( 3425): Added:'WaitForElement', with key:'wait_for_l10n_element'
06-06 03:15:57.862 I/InstrumentationBackend( 3425): Added:'NullAction', with key:'nullAction'
06-06 03:15:57.862 I/InstrumentationBackend( 3425): Added:'PressKey', with key:'press_key'
06-06 03:15:57.862 I/InstrumentationBackend( 3425): Added:'SetActivityOrientation', with key:'set_activity_orientation'
06-06 03:15:57.863 I/InstrumentationBackend( 3425): Added:'GetActivityOrientation', with key:'get_activity_orientation'
06-06 03:15:57.863 I/InstrumentationBackend( 3425): Added:'FakeGPSLocation', with key:'set_gps_coordinates'
06-06 03:15:57.863 I/InstrumentationBackend( 3425): Added:'SetPropertyByCssSelector', with key:'set_property_by_css_selector'
06-06 03:15:57.863 I/InstrumentationBackend( 3425): Added:'GetUrl', with key:'get_url'
06-06 03:15:57.863 I/InstrumentationBackend( 3425): Added:'ScrollTo', with key:'scroll_to'
06-06 03:15:57.863 I/InstrumentationBackend( 3425): Added:'GetLoadProgress', with key:'get_load_progress'
06-06 03:15:57.863 I/InstrumentationBackend( 3425): Added:'DumpHtml', with key:'dump_html'
06-06 03:15:57.863 I/InstrumentationBackend( 3425): Added:'DumpBodyHtml', with key:'dump_body_html'
06-06 03:15:57.863 I/InstrumentationBackend( 3425): Added:'EnterTextByCssSelector', with key:'enter_text_by_selector'
06-06 03:15:57.864 I/InstrumentationBackend( 3425): Added:'AndroidSDKVersion', with key:'android_sdk_version'
06-06 03:15:57.864 I/InstrumentationBackend( 3425): Added:'Version', with key:'version'
06-06 03:15:57.864 I/InstrumentationBackend( 3425): Added:'Drag', with key:'drag'
06-06 03:15:57.864 I/InstrumentationBackend( 3425): Added:'TouchCoordinates', with key:'touch_coordinate'
06-06 03:15:57.864 I/InstrumentationBackend( 3425): Added:'LongPressCoordinate', with key:'long_press_coordinate'
06-06 03:15:57.864 I/InstrumentationBackend( 3425): Added:'DragCoordinates', with key:'drag_coordinates'
06-06 03:15:57.864 I/InstrumentationBackend( 3425): Added:'ResumeApplication', with key:'resume_application'
06-06 03:15:57.864 I/InstrumentationBackend( 3425): Added:'Swipe', with key:'swipe'
06-06 03:15:57.864 I/InstrumentationBackend( 3425): Added:'DoubleTapCoordinate', with key:'double_tap_coordinate'
06-06 03:15:57.864 I/InstrumentationBackend( 3425): Added:'ClickOnScreen', with key:'click_on_screen'
06-06 03:15:57.864 I/InstrumentationBackend( 3425): Added:'GetActivityName', with key:'get_activity_name'
06-06 03:15:57.864 I/InstrumentationBackend( 3425): Added:'ScrollToView', with key:'scroll_to_view'
06-06 03:15:57.864 D/EGL_emulation( 1711): eglMakeCurrent: 0xa7985720: ver 2 0 (tinfo 0xa7983770)
06-06 03:15:57.864 I/InstrumentationBackend( 3425): Added:'ViewConfiguration', with key:'view_configuration'
06-06 03:15:57.864 I/InstrumentationBackend( 3425): Added:'IsCurrentActivityFocused', with key:'is_current_activity_focused'
06-06 03:15:57.864 I/InstrumentationBackend( 3425): Added:'SendTcp', with key:'send_tcp'
06-06 03:15:57.864 I/InstrumentationBackend( 3425): Added:'DpToDevicePixel', with key:'dp_to_device_pixel'
06-06 03:15:57.864 I/InstrumentationBackend( 3425): Added:'KeyboardEnterText', with key:'keyboard_enter_text'
06-06 03:15:57.864 I/InstrumentationBackend( 3425): Added:'DeleteSurroundingText', with key:'delete_surrounding_text'
06-06 03:15:57.864 I/InstrumentationBackend( 3425): Added:'SetComposingRegion', with key:'set_composing_region'
06-06 03:15:57.864 I/InstrumentationBackend( 3425): Added:'SetSelection', with key:'set_selection'
06-06 03:15:57.864 I/InstrumentationBackend( 3425): Added:'KeyboardKeyEvent', with key:'keyboard_key_event'
06-06 03:15:57.864 I/InstrumentationBackend( 3425): Added:'PressUserActionButton', with key:'press_user_action_button'
06-06 03:15:57.864 I/InstrumentationBackend( 3425): Added:'HideSoftKeyboard', with key:'hide_soft_keyboard'
06-06 03:15:57.864 I/InstrumentationBackend( 3425): Added:'ListActions', with key:'list_actions'
06-06 03:15:57.865 I/calabash( 3425): Instantiating http server at 7102
06-06 03:15:57.865 I/System.out( 3425): HTTP Daemon listening on: 7102
06-06 03:15:57.952 I/System.out( 3425): URI: //ping
06-06 03:15:57.952 I/System.out( 3425): params: {json={}
06-06 03:15:57.952 I/System.out( 3425): }
06-06 03:15:57.955 I/System.out( 3425): URI: //ping
06-06 03:15:57.955 I/System.out( 3425): params: {json={}
06-06 03:15:57.955 I/System.out( 3425): }
06-06 03:15:57.956 I/System.out( 3425): URI: //ready
06-06 03:15:57.956 I/System.out( 3425): params: {json={}
06-06 03:15:57.956 I/System.out( 3425): }
06-06 03:15:57.958 I/System.out( 3425): URI: //
06-06 03:15:57.958 I/System.out( 3425): params: {json={"command":"version","arguments":[]}
06-06 03:15:57.958 I/System.out( 3425): }
06-06 03:15:57.958 I/System.out( 3425): header: {content-type=application/json;charset=utf-8, date=Sat, 06 Jun 2020 08:15:58 GMT, accept=*/*, host=127.0.0.1:34777, content-length=36, user-agent=HTTPClient/1.0 (2.8.3, ruby 2.5.1 (2018-03-29))}
06-06 03:15:57.958 I/System.out( 3425): params: {json={"command":"version","arguments":[]}
06-06 03:15:57.958 I/System.out( 3425): }
06-06 03:15:57.958 I/System.out( 3425): ProP json = {"command":"version","arguments":[]}
06-06 03:15:57.958 I/System.out( 3425): files: {}
06-06 03:15:57.958 I/System.out( 3425): command: {"command":"version","arguments":[]}
06-06 03:15:57.961 I/InstrumentationBackend( 3425): Got command:'Command:'Line:null,version', arguments:'[]'
06-06 03:15:57.969 I/System.out( 3425): result:{"bonusInformation":[],"message":"0.9.8","success":true}
06-06 03:15:57.971 I/System.out( 3425): URI: //start-application
06-06 03:15:57.971 I/System.out( 3425): params: {json={"intent":null}
06-06 03:15:57.971 I/System.out( 3425): }
06-06 03:15:57.980 I/ActivityManager( 1630): START u0 {act=android.intent.action.MAIN cat=[android.intent.category.LAUNCHER] flg=0x10200000 cmp=com.evancharlton.mileage/.Mileage} from uid 10422 on display 0
06-06 03:15:57.984 I/calabash( 3425): newActivity1
06-06 03:15:57.992 I/calabash( 3425): newActivity1
06-06 03:15:57.993 W/ActivityManager( 1630): Bad activity token: android.os.BinderProxy@faeae00
06-06 03:15:57.993 W/ActivityManager( 1630): java.lang.ClassCastException: android.os.BinderProxy cannot be cast to com.android.server.am.ActivityRecord$Token
06-06 03:15:57.993 W/ActivityManager( 1630): 	at com.android.server.am.ActivityRecord.forTokenLocked(ActivityRecord.java:586)
06-06 03:15:57.993 W/ActivityManager( 1630): 	at com.android.server.am.ActivityRecord.isInStackLocked(ActivityRecord.java:1327)
06-06 03:15:57.993 W/ActivityManager( 1630): 	at com.android.server.am.ActivityRecord.getStackLocked(ActivityRecord.java:1332)
06-06 03:15:57.993 W/ActivityManager( 1630): 	at com.android.server.am.ActivityManagerService.getActivityDisplayId(ActivityManagerService.java:9806)
06-06 03:15:57.993 W/ActivityManager( 1630): 	at android.app.ActivityManagerNative.onTransact(ActivityManagerNative.java:2566)
06-06 03:15:57.993 W/ActivityManager( 1630): 	at com.android.server.am.ActivityManagerService.onTransact(ActivityManagerService.java:2757)
06-06 03:15:57.993 W/ActivityManager( 1630): 	at android.os.Binder.execTransact(Binder.java:565)
06-06 03:15:57.994 W/ActivityManager( 1630): Bad activity token: android.os.BinderProxy@faeae00
06-06 03:15:57.994 W/ActivityManager( 1630): java.lang.ClassCastException: android.os.BinderProxy cannot be cast to com.android.server.am.ActivityRecord$Token
06-06 03:15:57.994 W/ActivityManager( 1630): 	at com.android.server.am.ActivityRecord.forTokenLocked(ActivityRecord.java:586)
06-06 03:15:57.994 W/ActivityManager( 1630): 	at com.android.server.am.ActivityRecord.isInStackLocked(ActivityRecord.java:1327)
06-06 03:15:57.994 W/ActivityManager( 1630): 	at com.android.server.am.ActivityManagerService.setTaskDescription(ActivityManagerService.java:9358)
06-06 03:15:57.994 W/ActivityManager( 1630): 	at android.app.ActivityManagerNative.onTransact(ActivityManagerNative.java:2639)
06-06 03:15:57.994 W/ActivityManager( 1630): 	at com.android.server.am.ActivityManagerService.onTransact(ActivityManagerService.java:2757)
06-06 03:15:57.994 W/ActivityManager( 1630): 	at android.os.Binder.execTransact(Binder.java:565)
06-06 03:15:57.995 W/ActivityManager( 1630): Bad activity token: android.os.BinderProxy@faeae00
06-06 03:15:57.995 W/ActivityManager( 1630): java.lang.ClassCastException: android.os.BinderProxy cannot be cast to com.android.server.am.ActivityRecord$Token
06-06 03:15:57.995 W/ActivityManager( 1630): 	at com.android.server.am.ActivityRecord.forTokenLocked(ActivityRecord.java:586)
06-06 03:15:57.995 W/ActivityManager( 1630): 	at com.android.server.am.ActivityRecord.isInStackLocked(ActivityRecord.java:1327)
06-06 03:15:57.995 W/ActivityManager( 1630): 	at com.android.server.am.ActivityRecord.getStackLocked(ActivityRecord.java:1332)
06-06 03:15:57.995 W/ActivityManager( 1630): 	at com.android.server.am.ActivityManagerService.getActivityStackId(ActivityManagerService.java:9817)
06-06 03:15:57.995 W/ActivityManager( 1630): 	at android.app.ActivityManagerNative.onTransact(ActivityManagerNative.java:2856)
06-06 03:15:57.995 W/ActivityManager( 1630): 	at com.android.server.am.ActivityManagerService.onTransact(ActivityManagerService.java:2757)
06-06 03:15:57.995 W/ActivityManager( 1630): 	at android.os.Binder.execTransact(Binder.java:565)
06-06 03:15:58.011 W/ActivityManager( 1630): Bad activity token: android.os.BinderProxy@faeae00
06-06 03:15:58.011 W/ActivityManager( 1630): java.lang.ClassCastException: android.os.BinderProxy cannot be cast to com.android.server.am.ActivityRecord$Token
06-06 03:15:58.011 W/ActivityManager( 1630): 	at com.android.server.am.ActivityRecord.forTokenLocked(ActivityRecord.java:586)
06-06 03:15:58.011 W/ActivityManager( 1630): 	at com.android.server.am.ActivityRecord.isInStackLocked(ActivityRecord.java:1327)
06-06 03:15:58.011 W/ActivityManager( 1630): 	at com.android.server.am.ActivityManagerService.getActivityOptions(ActivityManagerService.java:12559)
06-06 03:15:58.011 W/ActivityManager( 1630): 	at android.app.ActivityManagerNative.onTransact(ActivityManagerNative.java:1933)
06-06 03:15:58.011 W/ActivityManager( 1630): 	at com.android.server.am.ActivityManagerService.onTransact(ActivityManagerService.java:2757)
06-06 03:15:58.011 W/ActivityManager( 1630): 	at android.os.Binder.execTransact(Binder.java:565)
06-06 03:15:58.012 W/ActivityManager( 1630): Bad activity token: android.os.BinderProxy@faeae00
06-06 03:15:58.012 W/ActivityManager( 1630): java.lang.ClassCastException: android.os.BinderProxy cannot be cast to com.android.server.am.ActivityRecord$Token
06-06 03:15:58.012 W/ActivityManager( 1630): 	at com.android.server.am.ActivityRecord.forTokenLocked(ActivityRecord.java:586)
06-06 03:15:58.012 W/ActivityManager( 1630): 	at com.android.server.am.ActivityRecord.isInStackLocked(ActivityRecord.java:1327)
06-06 03:15:58.012 W/ActivityManager( 1630): 	at com.android.server.am.ActivityManagerService.getActivityOptions(ActivityManagerService.java:12559)
06-06 03:15:58.012 W/ActivityManager( 1630): 	at android.app.ActivityManagerNative.onTransact(ActivityManagerNative.java:1933)
06-06 03:15:58.012 W/ActivityManager( 1630): 	at com.android.server.am.ActivityManagerService.onTransact(ActivityManagerService.java:2757)
06-06 03:15:58.012 W/ActivityManager( 1630): 	at android.os.Binder.execTransact(Binder.java:565)
06-06 03:15:58.015 D/gralloc_ranchu( 1347): gralloc_alloc: Creating ashmem region of size 9023488
06-06 03:15:58.036 V/PhoneStatusBar( 1711): setLightsOn(true)
06-06 03:15:58.047 D/EGL_emulation( 1711): eglMakeCurrent: 0xa7985720: ver 2 0 (tinfo 0xa7983770)
06-06 03:15:58.048 V/PhoneStatusBar( 1711): setLightsOn(true)
06-06 03:15:58.049 V/PhoneStatusBar( 1711): setLightsOn(true)
06-06 03:15:58.049 D/gralloc_ranchu( 1347): gralloc_alloc: Creating ashmem region of size 9023488
06-06 03:15:58.051 V/PhoneStatusBar( 1711): setLightsOn(true)
06-06 03:15:58.054 D/        ( 3425): HostConnection::get() New Host Connection established 0x8b647800, tid 3425
06-06 03:15:58.082 D/EGL_emulation( 1711): eglMakeCurrent: 0xa7985720: ver 2 0 (tinfo 0xa7983770)
06-06 03:15:58.082 D/EGL_emulation( 2078): eglMakeCurrent: 0x9852d440: ver 2 0 (tinfo 0xa3d30310)
06-06 03:15:58.085 D/EGL_emulation( 1711): eglMakeCurrent: 0xa7985720: ver 2 0 (tinfo 0xa7983770)
06-06 03:15:58.086 D/EGL_emulation( 1711): eglMakeCurrent: 0xa7985720: ver 2 0 (tinfo 0xa7983770)
06-06 03:15:58.088 D/EGL_emulation( 1711): eglMakeCurrent: 0xa7985720: ver 2 0 (tinfo 0xa7983770)
06-06 03:15:58.097 D/EGL_emulation( 1711): eglMakeCurrent: 0xa7985720: ver 2 0 (tinfo 0xa7983770)
06-06 03:15:58.098 I/ActivityManager( 1630): Displayed com.evancharlton.mileage/.Mileage: +116ms
06-06 03:15:58.099 D/EGL_emulation( 1711): eglMakeCurrent: 0xa7985720: ver 2 0 (tinfo 0xa7983770)
06-06 03:15:58.113 D/gralloc_ranchu( 1347): gralloc_alloc: Creating ashmem region of size 9023488
06-06 03:15:58.113 D/EGL_emulation( 1711): eglMakeCurrent: 0xa7985720: ver 2 0 (tinfo 0xa7983770)
06-06 03:15:58.126 D/EGL_emulation( 1711): eglMakeCurrent: 0xa7985720: ver 2 0 (tinfo 0xa7983770)
06-06 03:15:58.135 D/EGL_emulation( 1711): eglMakeCurrent: 0xa7985720: ver 2 0 (tinfo 0xa7983770)
06-06 03:15:58.137 D/EGL_emulation( 1711): eglMakeCurrent: 0xa7985720: ver 2 0 (tinfo 0xa7983770)
06-06 03:15:58.138 V/PhoneStatusBar( 1711): setLightsOn(true)
06-06 03:15:58.147 D/EGL_emulation( 1711): eglMakeCurrent: 0xa7985720: ver 2 0 (tinfo 0xa7983770)
06-06 03:15:58.149 D/EGL_emulation( 1711): eglMakeCurrent: 0xa7985720: ver 2 0 (tinfo 0xa7983770)
06-06 03:15:58.153 I/System.out( 3425): URI: //map
06-06 03:15:58.153 I/System.out( 3425): params: {json={"query":"* marked:'Statistics'","operation":{"method_name":"query","arguments":[]}}
06-06 03:15:58.153 I/System.out( 3425): }
06-06 03:15:58.164 D/EGL_emulation( 1711): eglMakeCurrent: 0xa7985720: ver 2 0 (tinfo 0xa7983770)
06-06 03:15:58.164 W/ResourceType( 3425): No package identifier when getting name for resource number 0x00000001
06-06 03:15:58.166 D/EGL_emulation( 1711): eglMakeCurrent: 0xa7985720: ver 2 0 (tinfo 0xa7983770)
06-06 03:15:58.176 I/System.out( 3425): URI: //gesture
06-06 03:15:58.176 I/System.out( 3425): params: {json={"query_timeout":5.0,"gestures":[{"query_string":"* marked:'Statistics'","touches":[{"x":50,"y":50,"offset_x":0,"offset_y":0,"wait":0.0,"time":0.2,"release":true,"query_string":null}]}]}
06-06 03:15:58.176 I/System.out( 3425): }
06-06 03:15:58.180 D/EGL_emulation( 1711): eglMakeCurrent: 0xa7985720: ver 2 0 (tinfo 0xa7983770)
06-06 03:15:58.180 W/ResourceType( 3425): No package identifier when getting name for resource number 0x00000001
06-06 03:15:58.182 D/EGL_emulation( 1711): eglMakeCurrent: 0xa7985720: ver 2 0 (tinfo 0xa7983770)
06-06 03:15:58.199 D/EGL_emulation( 1711): eglMakeCurrent: 0xa7985720: ver 2 0 (tinfo 0xa7983770)
06-06 03:15:58.214 D/EGL_emulation( 1711): eglMakeCurrent: 0xa7985720: ver 2 0 (tinfo 0xa7983770)
06-06 03:15:58.221 D/EGL_emulation( 1711): eglMakeCurrent: 0xa7985720: ver 2 0 (tinfo 0xa7983770)
06-06 03:15:58.260 D/EGL_emulation( 1711): eglMakeCurrent: 0xa7985720: ver 2 0 (tinfo 0xa7983770)
06-06 03:15:58.265 D/EGL_emulation( 1711): eglMakeCurrent: 0xa7985720: ver 2 0 (tinfo 0xa7983770)
06-06 03:15:58.271 D/EGL_emulation( 1711): eglMakeCurrent: 0xa7985720: ver 2 0 (tinfo 0xa7983770)
06-06 03:15:58.276 D/EGL_emulation( 1711): eglMakeCurrent: 0xa7985720: ver 2 0 (tinfo 0xa7983770)
06-06 03:15:58.297 I/WindowManager( 1630): Destroying surface Surface(name=Starting com.evancharlton.mileage) called by com.android.server.wm.WindowStateAnimator.destroySurface:2016 com.android.server.wm.WindowStateAnimator.destroySurfaceLocked:882 com.android.server.wm.WindowState.destroyOrSaveSurface:2100 com.android.server.wm.AppWindowToken.destroySurfaces:363 com.android.server.wm.WindowStateAnimator.finishExit:565 com.android.server.wm.WindowStateAnimator.stepAnimationLocked:491 com.android.server.wm.WindowAnimator.updateWindowsLocked:303 com.android.server.wm.WindowAnimator.animateLocked:704 
06-06 03:15:58.301 V/PhoneStatusBar( 1711): setLightsOn(true)
06-06 03:15:58.304 V/PhoneStatusBar( 1711): setLightsOn(true)
06-06 03:15:58.416 I/calabash( 3425): newActivity1
06-06 03:15:58.427 I/System.out( 3425): URI: //map
06-06 03:15:58.427 I/System.out( 3425): params: {json={"query":"android.widget.ScrollView index:0","operation":{"method_name":"query","arguments":[]}}
06-06 03:15:58.427 I/System.out( 3425): }
06-06 03:15:58.428 W/ActivityManager( 1630): Bad activity token: android.os.BinderProxy@3ddf92e
06-06 03:15:58.428 W/ActivityManager( 1630): java.lang.ClassCastException: android.os.BinderProxy cannot be cast to com.android.server.am.ActivityRecord$Token
06-06 03:15:58.428 W/ActivityManager( 1630): 	at com.android.server.am.ActivityRecord.forTokenLocked(ActivityRecord.java:586)
06-06 03:15:58.428 W/ActivityManager( 1630): 	at com.android.server.am.ActivityRecord.isInStackLocked(ActivityRecord.java:1327)
06-06 03:15:58.428 W/ActivityManager( 1630): 	at com.android.server.am.ActivityRecord.getStackLocked(ActivityRecord.java:1332)
06-06 03:15:58.428 W/ActivityManager( 1630): 	at com.android.server.am.ActivityManagerService.getActivityDisplayId(ActivityManagerService.java:9806)
06-06 03:15:58.428 W/ActivityManager( 1630): 	at android.app.ActivityManagerNative.onTransact(ActivityManagerNative.java:2566)
06-06 03:15:58.428 W/ActivityManager( 1630): 	at com.android.server.am.ActivityManagerService.onTransact(ActivityManagerService.java:2757)
06-06 03:15:58.428 W/ActivityManager( 1630): 	at android.os.Binder.execTransact(Binder.java:565)
06-06 03:15:58.429 W/ActivityManager( 1630): Bad activity token: android.os.BinderProxy@3ddf92e
06-06 03:15:58.429 W/ActivityManager( 1630): java.lang.ClassCastException: android.os.BinderProxy cannot be cast to com.android.server.am.ActivityRecord$Token
06-06 03:15:58.429 W/ActivityManager( 1630): 	at com.android.server.am.ActivityRecord.forTokenLocked(ActivityRecord.java:586)
06-06 03:15:58.429 W/ActivityManager( 1630): 	at com.android.server.am.ActivityRecord.isInStackLocked(ActivityRecord.java:1327)
06-06 03:15:58.429 W/ActivityManager( 1630): 	at com.android.server.am.ActivityManagerService.setTaskDescription(ActivityManagerService.java:9358)
06-06 03:15:58.429 W/ActivityManager( 1630): 	at android.app.ActivityManagerNative.onTransact(ActivityManagerNative.java:2639)
06-06 03:15:58.429 W/ActivityManager( 1630): 	at com.android.server.am.ActivityManagerService.onTransact(ActivityManagerService.java:2757)
06-06 03:15:58.429 W/ActivityManager( 1630): 	at android.os.Binder.execTransact(Binder.java:565)
06-06 03:15:58.430 W/ActivityManager( 1630): Bad activity token: android.os.BinderProxy@3ddf92e
06-06 03:15:58.430 W/ActivityManager( 1630): java.lang.ClassCastException: android.os.BinderProxy cannot be cast to com.android.server.am.ActivityRecord$Token
06-06 03:15:58.430 W/ActivityManager( 1630): 	at com.android.server.am.ActivityRecord.forTokenLocked(ActivityRecord.java:586)
06-06 03:15:58.430 W/ActivityManager( 1630): 	at com.android.server.am.ActivityRecord.isInStackLocked(ActivityRecord.java:1327)
06-06 03:15:58.430 W/ActivityManager( 1630): 	at com.android.server.am.ActivityRecord.getStackLocked(ActivityRecord.java:1332)
06-06 03:15:58.430 W/ActivityManager( 1630): 	at com.android.server.am.ActivityManagerService.getActivityStackId(ActivityManagerService.java:9817)
06-06 03:15:58.430 W/ActivityManager( 1630): 	at android.app.ActivityManagerNative.onTransact(ActivityManagerNative.java:2856)
06-06 03:15:58.430 W/ActivityManager( 1630): 	at com.android.server.am.ActivityManagerService.onTransact(ActivityManagerService.java:2757)
06-06 03:15:58.430 W/ActivityManager( 1630): 	at android.os.Binder.execTransact(Binder.java:565)
06-06 03:15:58.437 D/VehicleStatisticsActivity( 3425): Checking recalculation ...
06-06 03:15:58.437 D/VehicleStatisticsActivity( 3425): Recalculating statistics
06-06 03:15:58.437 D/VehicleStatisticsTask( 3425): Calculation starting...
06-06 03:15:58.437 D/VehicleStatisticsActivity( 3425): Recalculation started!
06-06 03:15:58.438 W/ResourceType( 3425): No package identifier when getting value for resource number 0x00000000
06-06 03:15:58.438 D/AndroidRuntime( 3425): Shutting down VM
--------- beginning of crash
06-06 03:15:58.438 E/AndroidRuntime( 3425): FATAL EXCEPTION: main
06-06 03:15:58.438 E/AndroidRuntime( 3425): Process: com.evancharlton.mileage, PID: 3425
06-06 03:15:58.438 E/AndroidRuntime( 3425): java.lang.RuntimeException: Unable to start activity ComponentInfo{com.evancharlton.mileage/com.evancharlton.mileage.VehicleStatisticsActivity}: android.content.res.Resources$NotFoundException: String resource ID #0x0
06-06 03:15:58.438 E/AndroidRuntime( 3425): 	at android.app.ActivityThread.performLaunchActivity(ActivityThread.java:2646)
06-06 03:15:58.438 E/AndroidRuntime( 3425): 	at android.app.ActivityThread.startActivityNow(ActivityThread.java:2446)
06-06 03:15:58.438 E/AndroidRuntime( 3425): 	at android.app.LocalActivityManager.moveToState(LocalActivityManager.java:136)
06-06 03:15:58.438 E/AndroidRuntime( 3425): 	at android.app.LocalActivityManager.startActivity(LocalActivityManager.java:348)
06-06 03:15:58.438 E/AndroidRuntime( 3425): 	at android.widget.TabHost$IntentContentStrategy.getContentView(TabHost.java:724)
06-06 03:15:58.438 E/AndroidRuntime( 3425): 	at android.widget.TabHost.setCurrentTab(TabHost.java:388)
06-06 03:15:58.438 E/AndroidRuntime( 3425): 	at android.widget.TabHost$2.onTabSelectionChanged(TabHost.java:158)
06-06 03:15:58.438 E/AndroidRuntime( 3425): 	at android.widget.TabWidget$TabClickListener.onClick(TabWidget.java:532)
06-06 03:15:58.438 E/AndroidRuntime( 3425): 	at android.view.View.performClick(View.java:5610)
06-06 03:15:58.438 E/AndroidRuntime( 3425): 	at android.view.View$PerformClick.run(View.java:22265)
06-06 03:15:58.438 E/AndroidRuntime( 3425): 	at android.os.Handler.handleCallback(Handler.java:751)
06-06 03:15:58.438 E/AndroidRuntime( 3425): 	at android.os.Handler.dispatchMessage(Handler.java:95)
06-06 03:15:58.438 E/AndroidRuntime( 3425): 	at android.os.Looper.loop(Looper.java:154)
06-06 03:15:58.438 E/AndroidRuntime( 3425): 	at android.app.ActivityThread.main(ActivityThread.java:6077)
06-06 03:15:58.438 E/AndroidRuntime( 3425): 	at java.lang.reflect.Method.invoke(Native Method)
06-06 03:15:58.438 E/AndroidRuntime( 3425): 	at com.android.internal.os.ZygoteInit$MethodAndArgsCaller.run(ZygoteInit.java:866)
06-06 03:15:58.438 E/AndroidRuntime( 3425): 	at com.android.internal.os.ZygoteInit.main(ZygoteInit.java:756)
06-06 03:15:58.438 E/AndroidRuntime( 3425): Caused by: android.content.res.Resources$NotFoundException: String resource ID #0x0
06-06 03:15:58.438 E/AndroidRuntime( 3425): 	at android.content.res.Resources.getText(Resources.java:331)
06-06 03:15:58.438 E/AndroidRuntime( 3425): 	at android.content.res.Resources.getString(Resources.java:377)
06-06 03:15:58.438 E/AndroidRuntime( 3425): 	at android.content.Context.getString(Context.java:476)
06-06 03:15:58.438 E/AndroidRuntime( 3425): 	at com.evancharlton.mileage.adapters.VehicleStatisticsAdapter$StatisticHolder.<init>(VehicleStatisticsAdapter.java:209)
06-06 03:15:58.438 E/AndroidRuntime( 3425): 	at com.evancharlton.mileage.adapters.VehicleStatisticsAdapter.<init>(VehicleStatisticsAdapter.java:48)
06-06 03:15:58.438 E/AndroidRuntime( 3425): 	at com.evancharlton.mileage.VehicleStatisticsActivity.setAdapter(VehicleStatisticsActivity.java:197)
06-06 03:15:58.438 E/AndroidRuntime( 3425): 	at com.evancharlton.mileage.VehicleStatisticsActivity.recalculate(VehicleStatisticsActivity.java:175)
06-06 03:15:58.438 E/AndroidRuntime( 3425): 	at com.evancharlton.mileage.VehicleStatisticsActivity.onCreate(VehicleStatisticsActivity.java:131)
06-06 03:15:58.438 E/AndroidRuntime( 3425): 	at android.app.Activity.performCreate(Activity.java:6662)
06-06 03:15:58.438 E/AndroidRuntime( 3425): 	at android.app.Instrumentation.callActivityOnCreate(Instrumentation.java:1118)
06-06 03:15:58.438 E/AndroidRuntime( 3425): 	at android.app.ActivityThread.performLaunchActivity(ActivityThread.java:2599)
06-06 03:15:58.438 E/AndroidRuntime( 3425): 	... 16 more
06-06 03:15:58.438 I/Process ( 3425): Sending signal. PID: 3425 SIG: 9
06-06 03:15:58.441 W/InputDispatcher( 1630): channel '36b8371 com.evancharlton.mileage/com.evancharlton.mileage.Mileage (server)' ~ Consumer closed input channel or an error occurred.  events=0x9
06-06 03:15:58.441 E/InputDispatcher( 1630): channel '36b8371 com.evancharlton.mileage/com.evancharlton.mileage.Mileage (server)' ~ Channel is unrecoverably broken and will be disposed!
06-06 03:15:58.442 I/WindowManager( 1630): WIN DEATH: Window{36b8371 u0 com.evancharlton.mileage/com.evancharlton.mileage.Mileage}
06-06 03:15:58.442 W/InputDispatcher( 1630): Attempted to unregister already unregistered input channel '36b8371 com.evancharlton.mileage/com.evancharlton.mileage.Mileage (server)'
06-06 03:15:58.442 I/WindowManager( 1630): Destroying surface Surface(name=com.evancharlton.mileage/com.evancharlton.mileage.Mileage) called by com.android.server.wm.WindowStateAnimator.destroySurface:2016 com.android.server.wm.WindowStateAnimator.destroySurfaceLocked:882 com.android.server.wm.WindowState.removeLocked:1456 com.android.server.wm.WindowManagerService.removeWindowInnerLocked:2484 com.android.server.wm.WindowManagerService.removeWindowLocked:2442 com.android.server.wm.WindowState$DeathRecipient.binderDied:1787 android.os.BinderProxy.sendDeathNotice:688 <bottom of call stack> 
06-06 03:15:58.442 I/ActivityManager( 1630): Process com.evancharlton.mileage (pid 3425) has died
06-06 03:15:58.442 D/ActivityManager( 1630): cleanUpApplicationRecord -- 3425
06-06 03:15:58.442 W/ActivityManager( 1630): Scheduling restart of crashed service com.evancharlton.mileage/.services.AutomaticBackupService in 1000ms
06-06 03:15:58.442 W/ActivityManager( 1630): Force removing ActivityRecord{44d9801 u0 com.evancharlton.mileage/.Mileage t12684}: app died, no saved state
06-06 03:15:58.445 W/ActivityManager( 1630): Crash of app com.evancharlton.mileage running instrumentation ComponentInfo{com.evancharlton.mileage.test/sh.calaba.instrumentationbackend.CalabashInstrumentationTestRunner}
06-06 03:15:58.445 I/ActivityManager( 1630): Force stopping com.evancharlton.mileage appid=10422 user=0: finished inst
06-06 03:15:58.445 I/ActivityManager( 1630):   Force stopping service ServiceRecord{1d47a3a u0 com.evancharlton.mileage/.services.AutomaticBackupService}
06-06 03:15:58.447 D/WindowManager( 1630): relayoutVisibleWindow: Window{894497e u0 com.android.launcher3/com.android.launcher3.Launcher EXITING} mAnimatingExit=true, mRemoveOnExit=false, mDestroying=false
