--------- beginning of main
06-06 03:15:52.900 D/EGL_emulation( 1711): eglMakeCurrent: 0xa7985720: ver 2 0 (tinfo 0xa7983770)
06-06 03:15:52.901 D/EGL_emulation( 2078): eglMakeCurrent: 0x9852d440: ver 2 0 (tinfo 0xa3d30310)
06-06 03:15:52.914 D/EGL_emulation( 1711): eglMakeCurrent: 0xa7985720: ver 2 0 (tinfo 0xa7983770)
06-06 03:15:52.916 D/EGL_emulation( 1711): eglMakeCurrent: 0xa7985720: ver 2 0 (tinfo 0xa7983770)
06-06 03:15:52.930 D/EGL_emulation( 1711): eglMakeCurrent: 0xa7985720: ver 2 0 (tinfo 0xa7983770)
06-06 03:15:52.933 D/EGL_emulation( 1711): eglMakeCurrent: 0xa7985720: ver 2 0 (tinfo 0xa7983770)
06-06 03:15:52.947 D/EGL_emulation( 1711): eglMakeCurrent: 0xa7985720: ver 2 0 (tinfo 0xa7983770)
06-06 03:15:52.949 D/EGL_emulation( 1711): eglMakeCurrent: 0xa7985720: ver 2 0 (tinfo 0xa7983770)
06-06 03:15:52.964 D/EGL_emulation( 1711): eglMakeCurrent: 0xa7985720: ver 2 0 (tinfo 0xa7983770)
06-06 03:15:52.966 D/EGL_emulation( 1711): eglMakeCurrent: 0xa7985720: ver 2 0 (tinfo 0xa7983770)
06-06 03:15:52.981 D/EGL_emulation( 1711): eglMakeCurrent: 0xa7985720: ver 2 0 (tinfo 0xa7983770)
06-06 03:15:52.983 D/EGL_emulation( 1711): eglMakeCurrent: 0xa7985720: ver 2 0 (tinfo 0xa7983770)
06-06 03:15:52.997 D/EGL_emulation( 1711): eglMakeCurrent: 0xa7985720: ver 2 0 (tinfo 0xa7983770)
06-06 03:15:52.999 D/EGL_emulation( 1711): eglMakeCurrent: 0xa7985720: ver 2 0 (tinfo 0xa7983770)
06-06 03:15:53.014 D/EGL_emulation( 1711): eglMakeCurrent: 0xa7985720: ver 2 0 (tinfo 0xa7983770)
06-06 03:15:53.016 D/EGL_emulation( 1711): eglMakeCurrent: 0xa7985720: ver 2 0 (tinfo 0xa7983770)
06-06 03:15:53.030 D/EGL_emulation( 1711): eglMakeCurrent: 0xa7985720: ver 2 0 (tinfo 0xa7983770)
06-06 03:15:53.033 D/EGL_emulation( 1711): eglMakeCurrent: 0xa7985720: ver 2 0 (tinfo 0xa7983770)
06-06 03:15:53.047 D/EGL_emulation( 1711): eglMakeCurrent: 0xa7985720: ver 2 0 (tinfo 0xa7983770)
06-06 03:15:53.049 D/EGL_emulation( 1711): eglMakeCurrent: 0xa7985720: ver 2 0 (tinfo 0xa7983770)
06-06 03:15:53.063 D/EGL_emulation( 1711): eglMakeCurrent: 0xa7985720: ver 2 0 (tinfo 0xa7983770)
06-06 03:15:53.065 D/EGL_emulation( 1711): eglMakeCurrent: 0xa7985720: ver 2 0 (tinfo 0xa7983770)
06-06 03:15:53.069 D/AndroidRuntime( 3111): >>>>>> START com.android.internal.os.RuntimeInit uid 2000 <<<<<<
06-06 03:15:53.070 D/AndroidRuntime( 3111): CheckJNI is ON
06-06 03:15:53.081 D/EGL_emulation( 1711): eglMakeCurrent: 0xa7985720: ver 2 0 (tinfo 0xa7983770)
06-06 03:15:53.081 W/art     ( 3111): Unexpected CPU variant for X86 using defaults: x86
06-06 03:15:53.083 D/ICU     ( 3111): No timezone override file found: /data/misc/zoneinfo/current/icu/icu_tzdata.dat
06-06 03:15:53.090 E/memtrack( 3111): Couldn't load memtrack module (No such file or directory)
06-06 03:15:53.091 E/android.os.Debug( 3111): failed to load memtrack module: -2
06-06 03:15:53.091 I/Radio-JNI( 3111): register_android_hardware_Radio DONE
06-06 03:15:53.095 D/AndroidRuntime( 3111): Calling main entry com.android.commands.am.Am
--------- beginning of system
06-06 03:15:53.096 I/ActivityManager( 1630): Force stopping com.evancharlton.mileage appid=10422 user=0: start instr
06-06 03:15:53.099 I/art     ( 3121): Not late-enabling -Xcheck:jni (already on)
06-06 03:15:53.099 W/art     ( 3121): Unexpected CPU variant for X86 using defaults: x86
06-06 03:15:53.107 I/ActivityManager( 1630): Start proc 3121:com.evancharlton.mileage/u0a422 for added application com.evancharlton.mileage
06-06 03:15:53.107 D/AndroidRuntime( 3111): Shutting down VM
06-06 03:15:53.111 W/System  ( 3121): ClassLoader referenced unknown path: /data/app/com.evancharlton.mileage.test-1/lib/x86
06-06 03:15:53.111 W/System  ( 3121): ClassLoader referenced unknown path: /data/app/com.evancharlton.mileage-1/lib/x86
06-06 03:15:53.113 W/System  ( 3121): ClassLoader referenced unknown path: 
06-06 03:15:53.119 I/System.out( 3121): Main activity name automatically set to: com.evancharlton.mileage.Mileage
06-06 03:15:53.119 I/System.out( 3121): Calabash did not load Mono. This is only a problem if you are trying to test a Mono application
06-06 03:15:53.119 I/calabash( 3121): Test server port: 7102
06-06 03:15:53.120 I/InstrumentationBackend( 3121): Added:'GetPreferences', with key:'get_preferences'
06-06 03:15:53.123 I/InstrumentationBackend( 3121): Added:'SetPreferences', with key:'set_preferences'
06-06 03:15:53.123 I/InstrumentationBackend( 3121): Added:'ClearPreferences', with key:'clear_preferences'
06-06 03:15:53.123 I/InstrumentationBackend( 3121): Added:'PressElement', with key:'press_l10n_element'
06-06 03:15:53.123 I/InstrumentationBackend( 3121): Added:'WaitForElement', with key:'wait_for_l10n_element'
06-06 03:15:53.123 I/InstrumentationBackend( 3121): Added:'NullAction', with key:'nullAction'
06-06 03:15:53.123 I/InstrumentationBackend( 3121): Added:'PressKey', with key:'press_key'
06-06 03:15:53.123 I/InstrumentationBackend( 3121): Added:'SetActivityOrientation', with key:'set_activity_orientation'
06-06 03:15:53.123 I/InstrumentationBackend( 3121): Added:'GetActivityOrientation', with key:'get_activity_orientation'
06-06 03:15:53.123 I/InstrumentationBackend( 3121): Added:'FakeGPSLocation', with key:'set_gps_coordinates'
06-06 03:15:53.123 I/InstrumentationBackend( 3121): Added:'SetPropertyByCssSelector', with key:'set_property_by_css_selector'
06-06 03:15:53.123 I/InstrumentationBackend( 3121): Added:'GetUrl', with key:'get_url'
06-06 03:15:53.124 I/InstrumentationBackend( 3121): Added:'ScrollTo', with key:'scroll_to'
06-06 03:15:53.124 I/InstrumentationBackend( 3121): Added:'GetLoadProgress', with key:'get_load_progress'
06-06 03:15:53.124 I/InstrumentationBackend( 3121): Added:'DumpHtml', with key:'dump_html'
06-06 03:15:53.124 I/InstrumentationBackend( 3121): Added:'DumpBodyHtml', with key:'dump_body_html'
06-06 03:15:53.124 I/InstrumentationBackend( 3121): Added:'EnterTextByCssSelector', with key:'enter_text_by_selector'
06-06 03:15:53.124 I/InstrumentationBackend( 3121): Added:'AndroidSDKVersion', with key:'android_sdk_version'
06-06 03:15:53.124 I/InstrumentationBackend( 3121): Added:'Version', with key:'version'
06-06 03:15:53.124 I/InstrumentationBackend( 3121): Added:'Drag', with key:'drag'
06-06 03:15:53.124 I/InstrumentationBackend( 3121): Added:'TouchCoordinates', with key:'touch_coordinate'
06-06 03:15:53.124 I/InstrumentationBackend( 3121): Added:'LongPressCoordinate', with key:'long_press_coordinate'
06-06 03:15:53.124 I/InstrumentationBackend( 3121): Added:'DragCoordinates', with key:'drag_coordinates'
06-06 03:15:53.124 I/InstrumentationBackend( 3121): Added:'ResumeApplication', with key:'resume_application'
06-06 03:15:53.124 I/InstrumentationBackend( 3121): Added:'Swipe', with key:'swipe'
06-06 03:15:53.124 I/InstrumentationBackend( 3121): Added:'DoubleTapCoordinate', with key:'double_tap_coordinate'
06-06 03:15:53.124 I/InstrumentationBackend( 3121): Added:'ClickOnScreen', with key:'click_on_screen'
06-06 03:15:53.124 I/InstrumentationBackend( 3121): Added:'GetActivityName', with key:'get_activity_name'
06-06 03:15:53.124 I/InstrumentationBackend( 3121): Added:'ScrollToView', with key:'scroll_to_view'
06-06 03:15:53.124 I/InstrumentationBackend( 3121): Added:'ViewConfiguration', with key:'view_configuration'
06-06 03:15:53.124 I/InstrumentationBackend( 3121): Added:'IsCurrentActivityFocused', with key:'is_current_activity_focused'
06-06 03:15:53.124 I/InstrumentationBackend( 3121): Added:'SendTcp', with key:'send_tcp'
06-06 03:15:53.124 I/InstrumentationBackend( 3121): Added:'DpToDevicePixel', with key:'dp_to_device_pixel'
06-06 03:15:53.124 I/InstrumentationBackend( 3121): Added:'KeyboardEnterText', with key:'keyboard_enter_text'
06-06 03:15:53.124 I/InstrumentationBackend( 3121): Added:'DeleteSurroundingText', with key:'delete_surrounding_text'
06-06 03:15:53.124 I/InstrumentationBackend( 3121): Added:'SetComposingRegion', with key:'set_composing_region'
06-06 03:15:53.124 I/InstrumentationBackend( 3121): Added:'SetSelection', with key:'set_selection'
06-06 03:15:53.124 I/InstrumentationBackend( 3121): Added:'KeyboardKeyEvent', with key:'keyboard_key_event'
06-06 03:15:53.125 I/InstrumentationBackend( 3121): Added:'PressUserActionButton', with key:'press_user_action_button'
06-06 03:15:53.125 I/InstrumentationBackend( 3121): Added:'HideSoftKeyboard', with key:'hide_soft_keyboard'
06-06 03:15:53.125 I/InstrumentationBackend( 3121): Added:'ListActions', with key:'list_actions'
06-06 03:15:53.125 I/calabash( 3121): Instantiating http server at 7102
06-06 03:15:53.125 I/System.out( 3121): HTTP Daemon listening on: 7102
06-06 03:15:53.220 I/System.out( 3121): URI: //ping
06-06 03:15:53.220 I/System.out( 3121): params: {json={}
06-06 03:15:53.220 I/System.out( 3121): }
06-06 03:15:53.228 I/System.out( 3121): URI: //ping
06-06 03:15:53.228 I/System.out( 3121): params: {json={}
06-06 03:15:53.228 I/System.out( 3121): }
06-06 03:15:53.238 I/System.out( 3121): URI: //ready
06-06 03:15:53.239 I/System.out( 3121): params: {json={}
06-06 03:15:53.239 I/System.out( 3121): }
06-06 03:15:53.244 I/System.out( 3121): URI: //
06-06 03:15:53.244 I/System.out( 3121): params: {json={"command":"version","arguments":[]}
06-06 03:15:53.244 I/System.out( 3121): }
06-06 03:15:53.244 I/System.out( 3121): header: {content-type=application/json;charset=utf-8, date=Sat, 06 Jun 2020 08:15:54 GMT, accept=*/*, host=127.0.0.1:34777, content-length=36, user-agent=HTTPClient/1.0 (2.8.3, ruby 2.5.1 (2018-03-29))}
06-06 03:15:53.244 I/System.out( 3121): params: {json={"command":"version","arguments":[]}
06-06 03:15:53.244 I/System.out( 3121): }
06-06 03:15:53.244 I/System.out( 3121): ProP json = {"command":"version","arguments":[]}
06-06 03:15:53.244 I/System.out( 3121): files: {}
06-06 03:15:53.245 I/System.out( 3121): command: {"command":"version","arguments":[]}
06-06 03:15:53.251 I/InstrumentationBackend( 3121): Got command:'Command:'Line:null,version', arguments:'[]'
06-06 03:15:53.262 I/System.out( 3121): result:{"bonusInformation":[],"message":"0.9.8","success":true}
06-06 03:15:53.265 I/System.out( 3121): URI: //start-application
06-06 03:15:53.265 I/System.out( 3121): params: {json={"intent":null}
06-06 03:15:53.265 I/System.out( 3121): }
06-06 03:15:53.276 I/ActivityManager( 1630): START u0 {act=android.intent.action.MAIN cat=[android.intent.category.LAUNCHER] flg=0x10200000 cmp=com.evancharlton.mileage/.Mileage} from uid 10422 on display 0
06-06 03:15:53.281 I/calabash( 3121): newActivity1
06-06 03:15:53.292 I/calabash( 3121): newActivity1
06-06 03:15:53.293 W/ActivityManager( 1630): Bad activity token: android.os.BinderProxy@83569bb
06-06 03:15:53.293 W/ActivityManager( 1630): java.lang.ClassCastException: android.os.BinderProxy cannot be cast to com.android.server.am.ActivityRecord$Token
06-06 03:15:53.293 W/ActivityManager( 1630): 	at com.android.server.am.ActivityRecord.forTokenLocked(ActivityRecord.java:586)
06-06 03:15:53.293 W/ActivityManager( 1630): 	at com.android.server.am.ActivityRecord.isInStackLocked(ActivityRecord.java:1327)
06-06 03:15:53.293 W/ActivityManager( 1630): 	at com.android.server.am.ActivityRecord.getStackLocked(ActivityRecord.java:1332)
06-06 03:15:53.293 W/ActivityManager( 1630): 	at com.android.server.am.ActivityManagerService.getActivityDisplayId(ActivityManagerService.java:9806)
06-06 03:15:53.293 W/ActivityManager( 1630): 	at android.app.ActivityManagerNative.onTransact(ActivityManagerNative.java:2566)
06-06 03:15:53.293 W/ActivityManager( 1630): 	at com.android.server.am.ActivityManagerService.onTransact(ActivityManagerService.java:2757)
06-06 03:15:53.293 W/ActivityManager( 1630): 	at android.os.Binder.execTransact(Binder.java:565)
06-06 03:15:53.294 W/ActivityManager( 1630): Bad activity token: android.os.BinderProxy@83569bb
06-06 03:15:53.294 W/ActivityManager( 1630): java.lang.ClassCastException: android.os.BinderProxy cannot be cast to com.android.server.am.ActivityRecord$Token
06-06 03:15:53.294 W/ActivityManager( 1630): 	at com.android.server.am.ActivityRecord.forTokenLocked(ActivityRecord.java:586)
06-06 03:15:53.294 W/ActivityManager( 1630): 	at com.android.server.am.ActivityRecord.isInStackLocked(ActivityRecord.java:1327)
06-06 03:15:53.294 W/ActivityManager( 1630): 	at com.android.server.am.ActivityManagerService.setTaskDescription(ActivityManagerService.java:9358)
06-06 03:15:53.294 W/ActivityManager( 1630): 	at android.app.ActivityManagerNative.onTransact(ActivityManagerNative.java:2639)
06-06 03:15:53.294 W/ActivityManager( 1630): 	at com.android.server.am.ActivityManagerService.onTransact(ActivityManagerService.java:2757)
06-06 03:15:53.294 W/ActivityManager( 1630): 	at android.os.Binder.execTransact(Binder.java:565)
06-06 03:15:53.294 W/ActivityManager( 1630): Bad activity token: android.os.BinderProxy@83569bb
06-06 03:15:53.294 W/ActivityManager( 1630): java.lang.ClassCastException: android.os.BinderProxy cannot be cast to com.android.server.am.ActivityRecord$Token
06-06 03:15:53.294 W/ActivityManager( 1630): 	at com.android.server.am.ActivityRecord.forTokenLocked(ActivityRecord.java:586)
06-06 03:15:53.294 W/ActivityManager( 1630): 	at com.android.server.am.ActivityRecord.isInStackLocked(ActivityRecord.java:1327)
06-06 03:15:53.294 W/ActivityManager( 1630): 	at com.android.server.am.ActivityRecord.getStackLocked(ActivityRecord.java:1332)
06-06 03:15:53.294 W/ActivityManager( 1630): 	at com.android.server.am.ActivityManagerService.getActivityStackId(ActivityManagerService.java:9817)
06-06 03:15:53.294 W/ActivityManager( 1630): 	at android.app.ActivityManagerNative.onTransact(ActivityManagerNative.java:2856)
06-06 03:15:53.294 W/ActivityManager( 1630): 	at com.android.server.am.ActivityManagerService.onTransact(ActivityManagerService.java:2757)
06-06 03:15:53.294 W/ActivityManager( 1630): 	at android.os.Binder.execTransact(Binder.java:565)
06-06 03:15:53.311 W/ActivityManager( 1630): Bad activity token: android.os.BinderProxy@83569bb
06-06 03:15:53.311 W/ActivityManager( 1630): java.lang.ClassCastException: android.os.BinderProxy cannot be cast to com.android.server.am.ActivityRecord$Token
06-06 03:15:53.311 W/ActivityManager( 1630): 	at com.android.server.am.ActivityRecord.forTokenLocked(ActivityRecord.java:586)
06-06 03:15:53.311 W/ActivityManager( 1630): 	at com.android.server.am.ActivityRecord.isInStackLocked(ActivityRecord.java:1327)
06-06 03:15:53.311 W/ActivityManager( 1630): 	at com.android.server.am.ActivityManagerService.getActivityOptions(ActivityManagerService.java:12559)
06-06 03:15:53.311 W/ActivityManager( 1630): 	at android.app.ActivityManagerNative.onTransact(ActivityManagerNative.java:1933)
06-06 03:15:53.311 W/ActivityManager( 1630): 	at com.android.server.am.ActivityManagerService.onTransact(ActivityManagerService.java:2757)
06-06 03:15:53.311 W/ActivityManager( 1630): 	at android.os.Binder.execTransact(Binder.java:565)
06-06 03:15:53.311 W/ActivityManager( 1630): Bad activity token: android.os.BinderProxy@83569bb
06-06 03:15:53.311 W/ActivityManager( 1630): java.lang.ClassCastException: android.os.BinderProxy cannot be cast to com.android.server.am.ActivityRecord$Token
06-06 03:15:53.311 W/ActivityManager( 1630): 	at com.android.server.am.ActivityRecord.forTokenLocked(ActivityRecord.java:586)
06-06 03:15:53.311 W/ActivityManager( 1630): 	at com.android.server.am.ActivityRecord.isInStackLocked(ActivityRecord.java:1327)
06-06 03:15:53.311 W/ActivityManager( 1630): 	at com.android.server.am.ActivityManagerService.getActivityOptions(ActivityManagerService.java:12559)
06-06 03:15:53.311 W/ActivityManager( 1630): 	at android.app.ActivityManagerNative.onTransact(ActivityManagerNative.java:1933)
06-06 03:15:53.311 W/ActivityManager( 1630): 	at com.android.server.am.ActivityManagerService.onTransact(ActivityManagerService.java:2757)
06-06 03:15:53.311 W/ActivityManager( 1630): 	at android.os.Binder.execTransact(Binder.java:565)
06-06 03:15:53.316 D/gralloc_ranchu( 1347): gralloc_alloc: Creating ashmem region of size 9023488
06-06 03:15:53.339 V/PhoneStatusBar( 1711): setLightsOn(true)
06-06 03:15:53.347 D/EGL_emulation( 1711): eglMakeCurrent: 0xa7985720: ver 2 0 (tinfo 0xa7983770)
06-06 03:15:53.347 V/PhoneStatusBar( 1711): setLightsOn(true)
06-06 03:15:53.349 V/PhoneStatusBar( 1711): setLightsOn(true)
06-06 03:15:53.350 D/gralloc_ranchu( 1347): gralloc_alloc: Creating ashmem region of size 9023488
06-06 03:15:53.352 V/PhoneStatusBar( 1711): setLightsOn(true)
06-06 03:15:53.357 D/        ( 3121): HostConnection::get() New Host Connection established 0x9a2b74c0, tid 3121
06-06 03:15:53.394 D/EGL_emulation( 1711): eglMakeCurrent: 0xa7985720: ver 2 0 (tinfo 0xa7983770)
06-06 03:15:53.394 D/EGL_emulation( 2078): eglMakeCurrent: 0x9852d440: ver 2 0 (tinfo 0xa3d30310)
06-06 03:15:53.398 D/EGL_emulation( 1711): eglMakeCurrent: 0xa7985720: ver 2 0 (tinfo 0xa7983770)
06-06 03:15:53.399 D/EGL_emulation( 1711): eglMakeCurrent: 0xa7985720: ver 2 0 (tinfo 0xa7983770)
06-06 03:15:53.401 D/EGL_emulation( 1711): eglMakeCurrent: 0xa7985720: ver 2 0 (tinfo 0xa7983770)
06-06 03:15:53.414 D/EGL_emulation( 1711): eglMakeCurrent: 0xa7985720: ver 2 0 (tinfo 0xa7983770)
06-06 03:15:53.415 D/EGL_emulation( 1711): eglMakeCurrent: 0xa7985720: ver 2 0 (tinfo 0xa7983770)
06-06 03:15:53.416 V/PhoneStatusBar( 1711): setLightsOn(true)
06-06 03:15:53.430 D/gralloc_ranchu( 1347): gralloc_alloc: Creating ashmem region of size 9023488
06-06 03:15:53.430 D/EGL_emulation( 1711): eglMakeCurrent: 0xa7985720: ver 2 0 (tinfo 0xa7983770)
06-06 03:15:53.445 D/EGL_emulation( 1711): eglMakeCurrent: 0xa7985720: ver 2 0 (tinfo 0xa7983770)
06-06 03:15:53.447 I/ActivityManager( 1630): Displayed com.evancharlton.mileage/.Mileage: +168ms
06-06 03:15:53.447 D/EGL_emulation( 1711): eglMakeCurrent: 0xa7985720: ver 2 0 (tinfo 0xa7983770)
06-06 03:15:53.459 D/EGL_emulation( 1711): eglMakeCurrent: 0xa7985720: ver 2 0 (tinfo 0xa7983770)
06-06 03:15:53.460 V/PhoneStatusBar( 1711): setLightsOn(true)
06-06 03:15:53.464 D/EGL_emulation( 1711): eglMakeCurrent: 0xa7985720: ver 2 0 (tinfo 0xa7983770)
06-06 03:15:53.467 D/EGL_emulation( 1711): eglMakeCurrent: 0xa7985720: ver 2 0 (tinfo 0xa7983770)
06-06 03:15:53.481 D/EGL_emulation( 1711): eglMakeCurrent: 0xa7985720: ver 2 0 (tinfo 0xa7983770)
06-06 03:15:53.483 D/EGL_emulation( 1711): eglMakeCurrent: 0xa7985720: ver 2 0 (tinfo 0xa7983770)
06-06 03:15:53.483 V/PhoneStatusBar( 1711): setLightsOn(true)
06-06 03:15:53.487 I/System.out( 3121): URI: //map
06-06 03:15:53.487 I/System.out( 3121): params: {json={"query":"* marked:'Statistics'","operation":{"method_name":"query","arguments":[]}}
06-06 03:15:53.487 I/System.out( 3121): }
06-06 03:15:53.497 D/EGL_emulation( 1711): eglMakeCurrent: 0xa7985720: ver 2 0 (tinfo 0xa7983770)
06-06 03:15:53.497 W/ResourceType( 3121): No package identifier when getting name for resource number 0x00000001
06-06 03:15:53.499 D/EGL_emulation( 1711): eglMakeCurrent: 0xa7985720: ver 2 0 (tinfo 0xa7983770)
06-06 03:15:53.510 I/System.out( 3121): URI: //gesture
06-06 03:15:53.510 I/System.out( 3121): params: {json={"query_timeout":5.0,"gestures":[{"query_string":"* marked:'Statistics'","touches":[{"x":50,"y":50,"offset_x":0,"offset_y":0,"wait":0.0,"time":0.2,"release":true,"query_string":null}]}]}
06-06 03:15:53.510 I/System.out( 3121): }
06-06 03:15:53.514 D/EGL_emulation( 1711): eglMakeCurrent: 0xa7985720: ver 2 0 (tinfo 0xa7983770)
06-06 03:15:53.515 W/ResourceType( 3121): No package identifier when getting name for resource number 0x00000001
06-06 03:15:53.515 D/EGL_emulation( 1711): eglMakeCurrent: 0xa7985720: ver 2 0 (tinfo 0xa7983770)
06-06 03:15:53.536 D/EGL_emulation( 1711): eglMakeCurrent: 0xa7985720: ver 2 0 (tinfo 0xa7983770)
06-06 03:15:53.538 D/EGL_emulation( 1711): eglMakeCurrent: 0xa7985720: ver 2 0 (tinfo 0xa7983770)
06-06 03:15:53.549 D/EGL_emulation( 1711): eglMakeCurrent: 0xa7985720: ver 2 0 (tinfo 0xa7983770)
06-06 03:15:53.555 D/EGL_emulation( 1711): eglMakeCurrent: 0xa7985720: ver 2 0 (tinfo 0xa7983770)
06-06 03:15:53.564 D/EGL_emulation( 1711): eglMakeCurrent: 0xa7985720: ver 2 0 (tinfo 0xa7983770)
06-06 03:15:53.566 D/EGL_emulation( 1711): eglMakeCurrent: 0xa7985720: ver 2 0 (tinfo 0xa7983770)
06-06 03:15:53.581 D/EGL_emulation( 1711): eglMakeCurrent: 0xa7985720: ver 2 0 (tinfo 0xa7983770)
06-06 03:15:53.647 I/WindowManager( 1630): Destroying surface Surface(name=Starting com.evancharlton.mileage) called by com.android.server.wm.WindowStateAnimator.destroySurface:2016 com.android.server.wm.WindowStateAnimator.destroySurfaceLocked:882 com.android.server.wm.WindowState.destroyOrSaveSurface:2100 com.android.server.wm.AppWindowToken.destroySurfaces:363 com.android.server.wm.WindowStateAnimator.finishExit:565 com.android.server.wm.WindowStateAnimator.stepAnimationLocked:491 com.android.server.wm.WindowAnimator.updateWindowsLocked:303 com.android.server.wm.WindowAnimator.animateLocked:704 
06-06 03:15:53.648 V/PhoneStatusBar( 1711): setLightsOn(true)
06-06 03:15:53.680 V/PhoneStatusBar( 1711): setLightsOn(true)
06-06 03:15:53.749 I/calabash( 3121): newActivity1
06-06 03:15:53.761 I/System.out( 3121): URI: //map
06-06 03:15:53.761 I/System.out( 3121): params: {json={"query":"android.widget.ScrollView index:0","operation":{"method_name":"query","arguments":[]}}
06-06 03:15:53.761 I/System.out( 3121): }
06-06 03:15:53.772 W/ActivityManager( 1630): Bad activity token: android.os.BinderProxy@4c45edd
06-06 03:15:53.772 W/ActivityManager( 1630): java.lang.ClassCastException: android.os.BinderProxy cannot be cast to com.android.server.am.ActivityRecord$Token
06-06 03:15:53.772 W/ActivityManager( 1630): 	at com.android.server.am.ActivityRecord.forTokenLocked(ActivityRecord.java:586)
06-06 03:15:53.772 W/ActivityManager( 1630): 	at com.android.server.am.ActivityRecord.isInStackLocked(ActivityRecord.java:1327)
06-06 03:15:53.772 W/ActivityManager( 1630): 	at com.android.server.am.ActivityRecord.getStackLocked(ActivityRecord.java:1332)
06-06 03:15:53.772 W/ActivityManager( 1630): 	at com.android.server.am.ActivityManagerService.getActivityDisplayId(ActivityManagerService.java:9806)
06-06 03:15:53.772 W/ActivityManager( 1630): 	at android.app.ActivityManagerNative.onTransact(ActivityManagerNative.java:2566)
06-06 03:15:53.772 W/ActivityManager( 1630): 	at com.android.server.am.ActivityManagerService.onTransact(ActivityManagerService.java:2757)
06-06 03:15:53.772 W/ActivityManager( 1630): 	at android.os.Binder.execTransact(Binder.java:565)
06-06 03:15:53.773 W/ActivityManager( 1630): Bad activity token: android.os.BinderProxy@4c45edd
06-06 03:15:53.773 W/ActivityManager( 1630): java.lang.ClassCastException: android.os.BinderProxy cannot be cast to com.android.server.am.ActivityRecord$Token
06-06 03:15:53.773 W/ActivityManager( 1630): 	at com.android.server.am.ActivityRecord.forTokenLocked(ActivityRecord.java:586)
06-06 03:15:53.773 W/ActivityManager( 1630): 	at com.android.server.am.ActivityRecord.isInStackLocked(ActivityRecord.java:1327)
06-06 03:15:53.773 W/ActivityManager( 1630): 	at com.android.server.am.ActivityManagerService.setTaskDescription(ActivityManagerService.java:9358)
06-06 03:15:53.773 W/ActivityManager( 1630): 	at android.app.ActivityManagerNative.onTransact(ActivityManagerNative.java:2639)
06-06 03:15:53.773 W/ActivityManager( 1630): 	at com.android.server.am.ActivityManagerService.onTransact(ActivityManagerService.java:2757)
06-06 03:15:53.773 W/ActivityManager( 1630): 	at android.os.Binder.execTransact(Binder.java:565)
06-06 03:15:53.773 W/ActivityManager( 1630): Bad activity token: android.os.BinderProxy@4c45edd
06-06 03:15:53.773 W/ActivityManager( 1630): java.lang.ClassCastException: android.os.BinderProxy cannot be cast to com.android.server.am.ActivityRecord$Token
06-06 03:15:53.773 W/ActivityManager( 1630): 	at com.android.server.am.ActivityRecord.forTokenLocked(ActivityRecord.java:586)
06-06 03:15:53.773 W/ActivityManager( 1630): 	at com.android.server.am.ActivityRecord.isInStackLocked(ActivityRecord.java:1327)
06-06 03:15:53.773 W/ActivityManager( 1630): 	at com.android.server.am.ActivityRecord.getStackLocked(ActivityRecord.java:1332)
06-06 03:15:53.773 W/ActivityManager( 1630): 	at com.android.server.am.ActivityManagerService.getActivityStackId(ActivityManagerService.java:9817)
06-06 03:15:53.773 W/ActivityManager( 1630): 	at android.app.ActivityManagerNative.onTransact(ActivityManagerNative.java:2856)
06-06 03:15:53.773 W/ActivityManager( 1630): 	at com.android.server.am.ActivityManagerService.onTransact(ActivityManagerService.java:2757)
06-06 03:15:53.773 W/ActivityManager( 1630): 	at android.os.Binder.execTransact(Binder.java:565)
06-06 03:15:53.780 D/VehicleStatisticsActivity( 3121): Checking recalculation ...
06-06 03:15:53.781 D/VehicleStatisticsActivity( 3121): Recalculating statistics
06-06 03:15:53.781 D/VehicleStatisticsTask( 3121): Calculation starting...
06-06 03:15:53.781 D/VehicleStatisticsActivity( 3121): Recalculation started!
06-06 03:15:53.781 W/ResourceType( 3121): No package identifier when getting value for resource number 0x00000000
06-06 03:15:53.782 D/AndroidRuntime( 3121): Shutting down VM
--------- beginning of crash
06-06 03:15:53.782 E/AndroidRuntime( 3121): FATAL EXCEPTION: main
06-06 03:15:53.782 E/AndroidRuntime( 3121): Process: com.evancharlton.mileage, PID: 3121
06-06 03:15:53.782 E/AndroidRuntime( 3121): java.lang.RuntimeException: Unable to start activity ComponentInfo{com.evancharlton.mileage/com.evancharlton.mileage.VehicleStatisticsActivity}: android.content.res.Resources$NotFoundException: String resource ID #0x0
06-06 03:15:53.782 E/AndroidRuntime( 3121): 	at android.app.ActivityThread.performLaunchActivity(ActivityThread.java:2646)
06-06 03:15:53.782 E/AndroidRuntime( 3121): 	at android.app.ActivityThread.startActivityNow(ActivityThread.java:2446)
06-06 03:15:53.782 E/AndroidRuntime( 3121): 	at android.app.LocalActivityManager.moveToState(LocalActivityManager.java:136)
06-06 03:15:53.782 E/AndroidRuntime( 3121): 	at android.app.LocalActivityManager.startActivity(LocalActivityManager.java:348)
06-06 03:15:53.782 E/AndroidRuntime( 3121): 	at android.widget.TabHost$IntentContentStrategy.getContentView(TabHost.java:724)
06-06 03:15:53.782 E/AndroidRuntime( 3121): 	at android.widget.TabHost.setCurrentTab(TabHost.java:388)
06-06 03:15:53.782 E/AndroidRuntime( 3121): 	at android.widget.TabHost$2.onTabSelectionChanged(TabHost.java:158)
06-06 03:15:53.782 E/AndroidRuntime( 3121): 	at android.widget.TabWidget$TabClickListener.onClick(TabWidget.java:532)
06-06 03:15:53.782 E/AndroidRuntime( 3121): 	at android.view.View.performClick(View.java:5610)
06-06 03:15:53.782 E/AndroidRuntime( 3121): 	at android.view.View$PerformClick.run(View.java:22265)
06-06 03:15:53.782 E/AndroidRuntime( 3121): 	at android.os.Handler.handleCallback(Handler.java:751)
06-06 03:15:53.782 E/AndroidRuntime( 3121): 	at android.os.Handler.dispatchMessage(Handler.java:95)
06-06 03:15:53.782 E/AndroidRuntime( 3121): 	at android.os.Looper.loop(Looper.java:154)
06-06 03:15:53.782 E/AndroidRuntime( 3121): 	at android.app.ActivityThread.main(ActivityThread.java:6077)
06-06 03:15:53.782 E/AndroidRuntime( 3121): 	at java.lang.reflect.Method.invoke(Native Method)
06-06 03:15:53.782 E/AndroidRuntime( 3121): 	at com.android.internal.os.ZygoteInit$MethodAndArgsCaller.run(ZygoteInit.java:866)
06-06 03:15:53.782 E/AndroidRuntime( 3121): 	at com.android.internal.os.ZygoteInit.main(ZygoteInit.java:756)
06-06 03:15:53.782 E/AndroidRuntime( 3121): Caused by: android.content.res.Resources$NotFoundException: String resource ID #0x0
06-06 03:15:53.782 E/AndroidRuntime( 3121): 	at android.content.res.Resources.getText(Resources.java:331)
06-06 03:15:53.782 E/AndroidRuntime( 3121): 	at android.content.res.Resources.getString(Resources.java:377)
06-06 03:15:53.782 E/AndroidRuntime( 3121): 	at android.content.Context.getString(Context.java:476)
06-06 03:15:53.782 E/AndroidRuntime( 3121): 	at com.evancharlton.mileage.adapters.VehicleStatisticsAdapter$StatisticHolder.<init>(VehicleStatisticsAdapter.java:209)
06-06 03:15:53.782 E/AndroidRuntime( 3121): 	at com.evancharlton.mileage.adapters.VehicleStatisticsAdapter.<init>(VehicleStatisticsAdapter.java:48)
06-06 03:15:53.782 E/AndroidRuntime( 3121): 	at com.evancharlton.mileage.VehicleStatisticsActivity.setAdapter(VehicleStatisticsActivity.java:197)
06-06 03:15:53.782 E/AndroidRuntime( 3121): 	at com.evancharlton.mileage.VehicleStatisticsActivity.recalculate(VehicleStatisticsActivity.java:175)
06-06 03:15:53.782 E/AndroidRuntime( 3121): 	at com.evancharlton.mileage.VehicleStatisticsActivity.onCreate(VehicleStatisticsActivity.java:131)
06-06 03:15:53.782 E/AndroidRuntime( 3121): 	at android.app.Activity.performCreate(Activity.java:6662)
06-06 03:15:53.782 E/AndroidRuntime( 3121): 	at android.app.Instrumentation.callActivityOnCreate(Instrumentation.java:1118)
06-06 03:15:53.782 E/AndroidRuntime( 3121): 	at android.app.ActivityThread.performLaunchActivity(ActivityThread.java:2599)
06-06 03:15:53.782 E/AndroidRuntime( 3121): 	... 16 more
06-06 03:15:53.783 I/Process ( 3121): Sending signal. PID: 3121 SIG: 9
06-06 03:15:53.820 W/InputDispatcher( 1630): channel 'e100f0 com.evancharlton.mileage/com.evancharlton.mileage.Mileage (server)' ~ Consumer closed input channel or an error occurred.  events=0x9
06-06 03:15:53.820 E/InputDispatcher( 1630): channel 'e100f0 com.evancharlton.mileage/com.evancharlton.mileage.Mileage (server)' ~ Channel is unrecoverably broken and will be disposed!
06-06 03:15:53.820 I/ActivityManager( 1630): Process com.evancharlton.mileage (pid 3121) has died
06-06 03:15:53.821 D/ActivityManager( 1630): cleanUpApplicationRecord -- 3121
06-06 03:15:53.821 W/ActivityManager( 1630): Scheduling restart of crashed service com.evancharlton.mileage/.services.AutomaticBackupService in 1000ms
06-06 03:15:53.821 W/ActivityManager( 1630): Force removing ActivityRecord{79427c0 u0 com.evancharlton.mileage/.Mileage t12679}: app died, no saved state
06-06 03:15:53.830 I/WindowManager( 1630): WIN DEATH: Window{e100f0 u0 com.evancharlton.mileage/com.evancharlton.mileage.Mileage}
06-06 03:15:53.830 W/InputDispatcher( 1630): Attempted to unregister already unregistered input channel 'e100f0 com.evancharlton.mileage/com.evancharlton.mileage.Mileage (server)'
06-06 03:15:53.830 I/WindowManager( 1630): Destroying surface Surface(name=com.evancharlton.mileage/com.evancharlton.mileage.Mileage) called by com.android.server.wm.WindowStateAnimator.destroySurface:2016 com.android.server.wm.WindowStateAnimator.destroySurfaceLocked:882 com.android.server.wm.WindowState.removeLocked:1456 com.android.server.wm.WindowManagerService.removeWindowInnerLocked:2484 com.android.server.wm.WindowManagerService.removeWindowLocked:2442 com.android.server.wm.WindowState$DeathRecipient.binderDied:1787 android.os.BinderProxy.sendDeathNotice:688 <bottom of call stack> 
