--------- beginning of main
06-05 15:50:15.344 D/EGL_emulation( 1712): eglMakeCurrent: 0xb4085540: ver 2 0 (tinfo 0xb4083740)
06-05 15:50:15.345 D/EGL_emulation( 2099): eglMakeCurrent: 0xb4085240: ver 2 0 (tinfo 0xb40832d0)
06-05 15:50:15.346 W/OpenGLRenderer( 2099): Incorrectly called buildLayer on View: ShortcutAndWidgetContainer, destroying layer...
06-05 15:50:15.359 D/EGL_emulation( 1712): eglMakeCurrent: 0xb4085540: ver 2 0 (tinfo 0xb4083740)
06-05 15:50:15.362 D/EGL_emulation( 1712): eglMakeCurrent: 0xb4085540: ver 2 0 (tinfo 0xb4083740)
06-05 15:50:15.376 D/EGL_emulation( 1712): eglMakeCurrent: 0xb4085540: ver 2 0 (tinfo 0xb4083740)
06-05 15:50:15.378 D/EGL_emulation( 1712): eglMakeCurrent: 0xb4085540: ver 2 0 (tinfo 0xb4083740)
06-05 15:50:15.393 D/EGL_emulation( 1712): eglMakeCurrent: 0xb4085540: ver 2 0 (tinfo 0xb4083740)
06-05 15:50:15.395 D/EGL_emulation( 1712): eglMakeCurrent: 0xb4085540: ver 2 0 (tinfo 0xb4083740)
06-05 15:50:15.410 D/EGL_emulation( 1712): eglMakeCurrent: 0xb4085540: ver 2 0 (tinfo 0xb4083740)
06-05 15:50:15.411 D/EGL_emulation( 1712): eglMakeCurrent: 0xb4085540: ver 2 0 (tinfo 0xb4083740)
06-05 15:50:15.426 D/EGL_emulation( 1712): eglMakeCurrent: 0xb4085540: ver 2 0 (tinfo 0xb4083740)
06-05 15:50:15.429 D/EGL_emulation( 1712): eglMakeCurrent: 0xb4085540: ver 2 0 (tinfo 0xb4083740)
06-05 15:50:15.443 D/EGL_emulation( 1712): eglMakeCurrent: 0xb4085540: ver 2 0 (tinfo 0xb4083740)
06-05 15:50:15.444 D/EGL_emulation( 1712): eglMakeCurrent: 0xb4085540: ver 2 0 (tinfo 0xb4083740)
06-05 15:50:15.460 D/EGL_emulation( 1712): eglMakeCurrent: 0xb4085540: ver 2 0 (tinfo 0xb4083740)
06-05 15:50:15.461 D/EGL_emulation( 1712): eglMakeCurrent: 0xb4085540: ver 2 0 (tinfo 0xb4083740)
06-05 15:50:15.476 D/EGL_emulation( 1712): eglMakeCurrent: 0xb4085540: ver 2 0 (tinfo 0xb4083740)
06-05 15:50:15.478 D/EGL_emulation( 1712): eglMakeCurrent: 0xb4085540: ver 2 0 (tinfo 0xb4083740)
06-05 15:50:15.484 D/AndroidRuntime(18394): >>>>>> START com.android.internal.os.RuntimeInit uid 2000 <<<<<<
06-05 15:50:15.485 D/AndroidRuntime(18394): CheckJNI is ON
06-05 15:50:15.493 D/EGL_emulation( 1712): eglMakeCurrent: 0xb4085540: ver 2 0 (tinfo 0xb4083740)
06-05 15:50:15.496 W/art     (18394): Unexpected CPU variant for X86 using defaults: x86
06-05 15:50:15.497 D/EGL_emulation( 1712): eglMakeCurrent: 0xb4085540: ver 2 0 (tinfo 0xb4083740)
06-05 15:50:15.498 D/ICU     (18394): No timezone override file found: /data/misc/zoneinfo/current/icu/icu_tzdata.dat
06-05 15:50:15.505 E/memtrack(18394): Couldn't load memtrack module (No such file or directory)
06-05 15:50:15.505 E/android.os.Debug(18394): failed to load memtrack module: -2
06-05 15:50:15.505 I/Radio-JNI(18394): register_android_hardware_Radio DONE
06-05 15:50:15.509 D/AndroidRuntime(18394): Calling main entry com.android.commands.am.Am
06-05 15:50:15.510 D/EGL_emulation( 1712): eglMakeCurrent: 0xb4085540: ver 2 0 (tinfo 0xb4083740)
--------- beginning of system
06-05 15:50:15.511 I/ActivityManager( 1630): Force stopping com.evancharlton.mileage appid=10086 user=0: start instr
06-05 15:50:15.512 D/EGL_emulation( 1712): eglMakeCurrent: 0xb4085540: ver 2 0 (tinfo 0xb4083740)
06-05 15:50:15.513 I/art     (18404): Not late-enabling -Xcheck:jni (already on)
06-05 15:50:15.513 W/art     (18404): Unexpected CPU variant for X86 using defaults: x86
06-05 15:50:15.521 I/ActivityManager( 1630): Start proc 18404:com.evancharlton.mileage/u0a86 for added application com.evancharlton.mileage
06-05 15:50:15.521 D/AndroidRuntime(18394): Shutting down VM
06-05 15:50:15.526 W/System  (18404): ClassLoader referenced unknown path: /data/app/com.evancharlton.mileage.test-1/lib/x86
06-05 15:50:15.526 W/System  (18404): ClassLoader referenced unknown path: /data/app/com.evancharlton.mileage-1/lib/x86
06-05 15:50:15.527 D/EGL_emulation( 1712): eglMakeCurrent: 0xb4085540: ver 2 0 (tinfo 0xb4083740)
06-05 15:50:15.528 W/System  (18404): ClassLoader referenced unknown path: 
06-05 15:50:15.531 I/System.out(18404): Main activity name automatically set to: com.evancharlton.mileage.Mileage
06-05 15:50:15.531 I/System.out(18404): Calabash did not load Mono. This is only a problem if you are trying to test a Mono application
06-05 15:50:15.531 I/calabash(18404): Test server port: 7102
06-05 15:50:15.532 I/InstrumentationBackend(18404): Added:'GetPreferences', with key:'get_preferences'
06-05 15:50:15.536 I/InstrumentationBackend(18404): Added:'SetPreferences', with key:'set_preferences'
06-05 15:50:15.536 I/InstrumentationBackend(18404): Added:'ClearPreferences', with key:'clear_preferences'
06-05 15:50:15.536 I/InstrumentationBackend(18404): Added:'PressElement', with key:'press_l10n_element'
06-05 15:50:15.536 I/InstrumentationBackend(18404): Added:'WaitForElement', with key:'wait_for_l10n_element'
06-05 15:50:15.536 I/InstrumentationBackend(18404): Added:'NullAction', with key:'nullAction'
06-05 15:50:15.536 I/InstrumentationBackend(18404): Added:'PressKey', with key:'press_key'
06-05 15:50:15.536 I/InstrumentationBackend(18404): Added:'SetActivityOrientation', with key:'set_activity_orientation'
06-05 15:50:15.536 I/InstrumentationBackend(18404): Added:'GetActivityOrientation', with key:'get_activity_orientation'
06-05 15:50:15.536 I/InstrumentationBackend(18404): Added:'FakeGPSLocation', with key:'set_gps_coordinates'
06-05 15:50:15.536 I/InstrumentationBackend(18404): Added:'SetPropertyByCssSelector', with key:'set_property_by_css_selector'
06-05 15:50:15.536 I/InstrumentationBackend(18404): Added:'GetUrl', with key:'get_url'
06-05 15:50:15.537 I/InstrumentationBackend(18404): Added:'ScrollTo', with key:'scroll_to'
06-05 15:50:15.537 I/InstrumentationBackend(18404): Added:'GetLoadProgress', with key:'get_load_progress'
06-05 15:50:15.537 I/InstrumentationBackend(18404): Added:'DumpHtml', with key:'dump_html'
06-05 15:50:15.537 I/InstrumentationBackend(18404): Added:'DumpBodyHtml', with key:'dump_body_html'
06-05 15:50:15.537 I/InstrumentationBackend(18404): Added:'EnterTextByCssSelector', with key:'enter_text_by_selector'
06-05 15:50:15.537 I/InstrumentationBackend(18404): Added:'AndroidSDKVersion', with key:'android_sdk_version'
06-05 15:50:15.537 I/InstrumentationBackend(18404): Added:'Version', with key:'version'
06-05 15:50:15.537 I/InstrumentationBackend(18404): Added:'Drag', with key:'drag'
06-05 15:50:15.537 I/InstrumentationBackend(18404): Added:'TouchCoordinates', with key:'touch_coordinate'
06-05 15:50:15.537 I/InstrumentationBackend(18404): Added:'LongPressCoordinate', with key:'long_press_coordinate'
06-05 15:50:15.537 I/InstrumentationBackend(18404): Added:'DragCoordinates', with key:'drag_coordinates'
06-05 15:50:15.537 I/InstrumentationBackend(18404): Added:'ResumeApplication', with key:'resume_application'
06-05 15:50:15.537 I/InstrumentationBackend(18404): Added:'Swipe', with key:'swipe'
06-05 15:50:15.537 I/InstrumentationBackend(18404): Added:'DoubleTapCoordinate', with key:'double_tap_coordinate'
06-05 15:50:15.537 I/InstrumentationBackend(18404): Added:'ClickOnScreen', with key:'click_on_screen'
06-05 15:50:15.537 I/InstrumentationBackend(18404): Added:'GetActivityName', with key:'get_activity_name'
06-05 15:50:15.537 I/InstrumentationBackend(18404): Added:'ScrollToView', with key:'scroll_to_view'
06-05 15:50:15.537 I/InstrumentationBackend(18404): Added:'ViewConfiguration', with key:'view_configuration'
06-05 15:50:15.537 I/InstrumentationBackend(18404): Added:'IsCurrentActivityFocused', with key:'is_current_activity_focused'
06-05 15:50:15.537 I/InstrumentationBackend(18404): Added:'SendTcp', with key:'send_tcp'
06-05 15:50:15.537 I/InstrumentationBackend(18404): Added:'DpToDevicePixel', with key:'dp_to_device_pixel'
06-05 15:50:15.538 I/InstrumentationBackend(18404): Added:'KeyboardEnterText', with key:'keyboard_enter_text'
06-05 15:50:15.538 I/InstrumentationBackend(18404): Added:'DeleteSurroundingText', with key:'delete_surrounding_text'
06-05 15:50:15.538 I/InstrumentationBackend(18404): Added:'SetComposingRegion', with key:'set_composing_region'
06-05 15:50:15.538 I/InstrumentationBackend(18404): Added:'SetSelection', with key:'set_selection'
06-05 15:50:15.538 I/InstrumentationBackend(18404): Added:'KeyboardKeyEvent', with key:'keyboard_key_event'
06-05 15:50:15.538 I/InstrumentationBackend(18404): Added:'PressUserActionButton', with key:'press_user_action_button'
06-05 15:50:15.538 I/InstrumentationBackend(18404): Added:'HideSoftKeyboard', with key:'hide_soft_keyboard'
06-05 15:50:15.538 I/InstrumentationBackend(18404): Added:'ListActions', with key:'list_actions'
06-05 15:50:15.538 I/calabash(18404): Instantiating http server at 7102
06-05 15:50:15.538 I/System.out(18404): HTTP Daemon listening on: 7102
06-05 15:50:15.543 D/EGL_emulation( 1712): eglMakeCurrent: 0xb4085540: ver 2 0 (tinfo 0xb4083740)
06-05 15:50:15.544 D/EGL_emulation( 1712): eglMakeCurrent: 0xb4085540: ver 2 0 (tinfo 0xb4083740)
06-05 15:50:15.633 I/System.out(18404): URI: //ping
06-05 15:50:15.633 I/System.out(18404): params: {json={}
06-05 15:50:15.633 I/System.out(18404): }
06-05 15:50:15.639 I/System.out(18404): URI: //ping
06-05 15:50:15.639 I/System.out(18404): params: {json={}
06-05 15:50:15.639 I/System.out(18404): }
06-05 15:50:15.648 I/System.out(18404): URI: //ready
06-05 15:50:15.648 I/System.out(18404): params: {json={}
06-05 15:50:15.648 I/System.out(18404): }
06-05 15:50:15.651 I/System.out(18404): URI: //
06-05 15:50:15.651 I/System.out(18404): params: {json={"command":"version","arguments":[]}
06-05 15:50:15.651 I/System.out(18404): }
06-05 15:50:15.651 I/System.out(18404): header: {content-type=application/json;charset=utf-8, date=Fri, 05 Jun 2020 20:50:16 GMT, accept=*/*, host=127.0.0.1:34784, content-length=36, user-agent=HTTPClient/1.0 (2.8.3, ruby 2.5.1 (2018-03-29))}
06-05 15:50:15.651 I/System.out(18404): params: {json={"command":"version","arguments":[]}
06-05 15:50:15.651 I/System.out(18404): }
06-05 15:50:15.651 I/System.out(18404): ProP json = {"command":"version","arguments":[]}
06-05 15:50:15.651 I/System.out(18404): files: {}
06-05 15:50:15.651 I/System.out(18404): command: {"command":"version","arguments":[]}
06-05 15:50:15.655 I/InstrumentationBackend(18404): Got command:'Command:'Line:null,version', arguments:'[]'
06-05 15:50:15.662 I/System.out(18404): result:{"bonusInformation":[],"message":"0.9.8","success":true}
06-05 15:50:15.664 I/System.out(18404): URI: //start-application
06-05 15:50:15.664 I/System.out(18404): params: {json={"intent":null}
06-05 15:50:15.664 I/System.out(18404): }
06-05 15:50:15.672 I/ActivityManager( 1630): START u0 {act=android.intent.action.MAIN cat=[android.intent.category.LAUNCHER] flg=0x10200000 cmp=com.evancharlton.mileage/.Mileage} from uid 10086 on display 0
06-05 15:50:15.676 I/calabash(18404): newActivity1
06-05 15:50:15.684 I/calabash(18404): newActivity1
06-05 15:50:15.685 W/ActivityManager( 1630): Bad activity token: android.os.BinderProxy@d93eeff
06-05 15:50:15.685 W/ActivityManager( 1630): java.lang.ClassCastException: android.os.BinderProxy cannot be cast to com.android.server.am.ActivityRecord$Token
06-05 15:50:15.685 W/ActivityManager( 1630): 	at com.android.server.am.ActivityRecord.forTokenLocked(ActivityRecord.java:586)
06-05 15:50:15.685 W/ActivityManager( 1630): 	at com.android.server.am.ActivityRecord.isInStackLocked(ActivityRecord.java:1327)
06-05 15:50:15.685 W/ActivityManager( 1630): 	at com.android.server.am.ActivityRecord.getStackLocked(ActivityRecord.java:1332)
06-05 15:50:15.685 W/ActivityManager( 1630): 	at com.android.server.am.ActivityManagerService.getActivityDisplayId(ActivityManagerService.java:9806)
06-05 15:50:15.685 W/ActivityManager( 1630): 	at android.app.ActivityManagerNative.onTransact(ActivityManagerNative.java:2566)
06-05 15:50:15.685 W/ActivityManager( 1630): 	at com.android.server.am.ActivityManagerService.onTransact(ActivityManagerService.java:2757)
06-05 15:50:15.685 W/ActivityManager( 1630): 	at android.os.Binder.execTransact(Binder.java:565)
06-05 15:50:15.685 W/ActivityManager( 1630): Bad activity token: android.os.BinderProxy@d93eeff
06-05 15:50:15.685 W/ActivityManager( 1630): java.lang.ClassCastException: android.os.BinderProxy cannot be cast to com.android.server.am.ActivityRecord$Token
06-05 15:50:15.685 W/ActivityManager( 1630): 	at com.android.server.am.ActivityRecord.forTokenLocked(ActivityRecord.java:586)
06-05 15:50:15.685 W/ActivityManager( 1630): 	at com.android.server.am.ActivityRecord.isInStackLocked(ActivityRecord.java:1327)
06-05 15:50:15.685 W/ActivityManager( 1630): 	at com.android.server.am.ActivityManagerService.setTaskDescription(ActivityManagerService.java:9358)
06-05 15:50:15.685 W/ActivityManager( 1630): 	at android.app.ActivityManagerNative.onTransact(ActivityManagerNative.java:2639)
06-05 15:50:15.685 W/ActivityManager( 1630): 	at com.android.server.am.ActivityManagerService.onTransact(ActivityManagerService.java:2757)
06-05 15:50:15.685 W/ActivityManager( 1630): 	at android.os.Binder.execTransact(Binder.java:565)
06-05 15:50:15.686 W/ActivityManager( 1630): Bad activity token: android.os.BinderProxy@d93eeff
06-05 15:50:15.686 W/ActivityManager( 1630): java.lang.ClassCastException: android.os.BinderProxy cannot be cast to com.android.server.am.ActivityRecord$Token
06-05 15:50:15.686 W/ActivityManager( 1630): 	at com.android.server.am.ActivityRecord.forTokenLocked(ActivityRecord.java:586)
06-05 15:50:15.686 W/ActivityManager( 1630): 	at com.android.server.am.ActivityRecord.isInStackLocked(ActivityRecord.java:1327)
06-05 15:50:15.686 W/ActivityManager( 1630): 	at com.android.server.am.ActivityRecord.getStackLocked(ActivityRecord.java:1332)
06-05 15:50:15.686 W/ActivityManager( 1630): 	at com.android.server.am.ActivityManagerService.getActivityStackId(ActivityManagerService.java:9817)
06-05 15:50:15.686 W/ActivityManager( 1630): 	at android.app.ActivityManagerNative.onTransact(ActivityManagerNative.java:2856)
06-05 15:50:15.686 W/ActivityManager( 1630): 	at com.android.server.am.ActivityManagerService.onTransact(ActivityManagerService.java:2757)
06-05 15:50:15.686 W/ActivityManager( 1630): 	at android.os.Binder.execTransact(Binder.java:565)
06-05 15:50:15.693 D/gralloc_ranchu( 1346): gralloc_alloc: Creating ashmem region of size 9023488
06-05 15:50:15.702 W/ActivityManager( 1630): Bad activity token: android.os.BinderProxy@d93eeff
06-05 15:50:15.702 W/ActivityManager( 1630): java.lang.ClassCastException: android.os.BinderProxy cannot be cast to com.android.server.am.ActivityRecord$Token
06-05 15:50:15.702 W/ActivityManager( 1630): 	at com.android.server.am.ActivityRecord.forTokenLocked(ActivityRecord.java:586)
06-05 15:50:15.702 W/ActivityManager( 1630): 	at com.android.server.am.ActivityRecord.isInStackLocked(ActivityRecord.java:1327)
06-05 15:50:15.702 W/ActivityManager( 1630): 	at com.android.server.am.ActivityManagerService.getActivityOptions(ActivityManagerService.java:12559)
06-05 15:50:15.702 W/ActivityManager( 1630): 	at android.app.ActivityManagerNative.onTransact(ActivityManagerNative.java:1933)
06-05 15:50:15.702 W/ActivityManager( 1630): 	at com.android.server.am.ActivityManagerService.onTransact(ActivityManagerService.java:2757)
06-05 15:50:15.702 W/ActivityManager( 1630): 	at android.os.Binder.execTransact(Binder.java:565)
06-05 15:50:15.702 W/ActivityManager( 1630): Bad activity token: android.os.BinderProxy@d93eeff
06-05 15:50:15.702 W/ActivityManager( 1630): java.lang.ClassCastException: android.os.BinderProxy cannot be cast to com.android.server.am.ActivityRecord$Token
06-05 15:50:15.702 W/ActivityManager( 1630): 	at com.android.server.am.ActivityRecord.forTokenLocked(ActivityRecord.java:586)
06-05 15:50:15.702 W/ActivityManager( 1630): 	at com.android.server.am.ActivityRecord.isInStackLocked(ActivityRecord.java:1327)
06-05 15:50:15.702 W/ActivityManager( 1630): 	at com.android.server.am.ActivityManagerService.getActivityOptions(ActivityManagerService.java:12559)
06-05 15:50:15.702 W/ActivityManager( 1630): 	at android.app.ActivityManagerNative.onTransact(ActivityManagerNative.java:1933)
06-05 15:50:15.702 W/ActivityManager( 1630): 	at com.android.server.am.ActivityManagerService.onTransact(ActivityManagerService.java:2757)
06-05 15:50:15.702 W/ActivityManager( 1630): 	at android.os.Binder.execTransact(Binder.java:565)
06-05 15:50:15.715 V/PhoneStatusBar( 1712): setLightsOn(true)
06-05 15:50:15.727 D/EGL_emulation( 2099): eglMakeCurrent: 0xb4085240: ver 2 0 (tinfo 0xb40832d0)
06-05 15:50:15.728 D/EGL_emulation( 1712): eglMakeCurrent: 0xb4085540: ver 2 0 (tinfo 0xb4083740)
06-05 15:50:15.742 D/gralloc_ranchu( 1346): gralloc_alloc: Creating ashmem region of size 9023488
06-05 15:50:15.743 D/EGL_emulation( 1712): eglMakeCurrent: 0xb4085540: ver 2 0 (tinfo 0xb4083740)
06-05 15:50:15.747 D/        (18404): HostConnection::get() New Host Connection established 0xa7c15500, tid 18404
06-05 15:50:15.747 D/EGL_emulation( 1712): eglMakeCurrent: 0xb4085540: ver 2 0 (tinfo 0xb4083740)
06-05 15:50:15.748 V/PhoneStatusBar( 1712): setLightsOn(true)
06-05 15:50:15.773 D/EGL_emulation( 1712): eglMakeCurrent: 0xb4085540: ver 2 0 (tinfo 0xb4083740)
06-05 15:50:15.775 D/EGL_emulation( 1712): eglMakeCurrent: 0xb4085540: ver 2 0 (tinfo 0xb4083740)
06-05 15:50:15.777 D/EGL_emulation( 1712): eglMakeCurrent: 0xb4085540: ver 2 0 (tinfo 0xb4083740)
06-05 15:50:15.779 D/EGL_emulation( 1712): eglMakeCurrent: 0xb4085540: ver 2 0 (tinfo 0xb4083740)
06-05 15:50:15.786 I/ActivityManager( 1630): Displayed com.evancharlton.mileage/.Mileage: +112ms
06-05 15:50:15.793 D/gralloc_ranchu( 1346): gralloc_alloc: Creating ashmem region of size 9023488
06-05 15:50:15.793 D/EGL_emulation( 1712): eglMakeCurrent: 0xb4085540: ver 2 0 (tinfo 0xb4083740)
06-05 15:50:15.811 D/EGL_emulation( 1712): eglMakeCurrent: 0xb4085540: ver 2 0 (tinfo 0xb4083740)
06-05 15:50:15.814 D/EGL_emulation( 1712): eglMakeCurrent: 0xb4085540: ver 2 0 (tinfo 0xb4083740)
06-05 15:50:15.825 D/EGL_emulation( 1712): eglMakeCurrent: 0xb4085540: ver 2 0 (tinfo 0xb4083740)
06-05 15:50:15.826 V/PhoneStatusBar( 1712): setLightsOn(true)
06-05 15:50:15.827 D/EGL_emulation( 1712): eglMakeCurrent: 0xb4085540: ver 2 0 (tinfo 0xb4083740)
06-05 15:50:15.829 D/EGL_emulation( 1712): eglMakeCurrent: 0xb4085540: ver 2 0 (tinfo 0xb4083740)
06-05 15:50:15.843 D/EGL_emulation( 1712): eglMakeCurrent: 0xb4085540: ver 2 0 (tinfo 0xb4083740)
06-05 15:50:15.845 D/EGL_emulation( 1712): eglMakeCurrent: 0xb4085540: ver 2 0 (tinfo 0xb4083740)
06-05 15:50:15.848 I/System.out(18404): URI: //map
06-05 15:50:15.848 I/System.out(18404): params: {json={"query":"* marked:'Statistics'","operation":{"method_name":"query","arguments":[]}}
06-05 15:50:15.848 I/System.out(18404): }
06-05 15:50:15.860 D/EGL_emulation( 1712): eglMakeCurrent: 0xb4085540: ver 2 0 (tinfo 0xb4083740)
06-05 15:50:15.860 W/ResourceType(18404): No package identifier when getting name for resource number 0x00000001
06-05 15:50:15.861 D/EGL_emulation( 1712): eglMakeCurrent: 0xb4085540: ver 2 0 (tinfo 0xb4083740)
06-05 15:50:15.874 I/System.out(18404): URI: //gesture
06-05 15:50:15.874 I/System.out(18404): params: {json={"query_timeout":5.0,"gestures":[{"query_string":"* marked:'Statistics'","touches":[{"x":50,"y":50,"offset_x":0,"offset_y":0,"wait":0.0,"time":0.2,"release":true,"query_string":null}]}]}
06-05 15:50:15.874 I/System.out(18404): }
06-05 15:50:15.876 D/EGL_emulation( 1712): eglMakeCurrent: 0xb4085540: ver 2 0 (tinfo 0xb4083740)
06-05 15:50:15.879 D/EGL_emulation( 1712): eglMakeCurrent: 0xb4085540: ver 2 0 (tinfo 0xb4083740)
06-05 15:50:15.879 W/ResourceType(18404): No package identifier when getting name for resource number 0x00000001
06-05 15:50:15.893 D/EGL_emulation( 1712): eglMakeCurrent: 0xb4085540: ver 2 0 (tinfo 0xb4083740)
06-05 15:50:15.905 D/EGL_emulation( 1712): eglMakeCurrent: 0xb4085540: ver 2 0 (tinfo 0xb4083740)
06-05 15:50:15.911 D/EGL_emulation( 1712): eglMakeCurrent: 0xb4085540: ver 2 0 (tinfo 0xb4083740)
06-05 15:50:15.924 D/EGL_emulation( 1712): eglMakeCurrent: 0xb4085540: ver 2 0 (tinfo 0xb4083740)
06-05 15:50:15.931 D/EGL_emulation( 1712): eglMakeCurrent: 0xb4085540: ver 2 0 (tinfo 0xb4083740)
06-05 15:50:15.932 D/EGL_emulation( 1712): eglMakeCurrent: 0xb4085540: ver 2 0 (tinfo 0xb4083740)
06-05 15:50:15.943 D/EGL_emulation( 1712): eglMakeCurrent: 0xb4085540: ver 2 0 (tinfo 0xb4083740)
06-05 15:50:15.976 I/WindowManager( 1630): Destroying surface Surface(name=Starting com.evancharlton.mileage) called by com.android.server.wm.WindowStateAnimator.destroySurface:2016 com.android.server.wm.WindowStateAnimator.destroySurfaceLocked:882 com.android.server.wm.WindowState.destroyOrSaveSurface:2100 com.android.server.wm.AppWindowToken.destroySurfaces:363 com.android.server.wm.WindowStateAnimator.finishExit:565 com.android.server.wm.WindowStateAnimator.stepAnimationLocked:491 com.android.server.wm.WindowAnimator.updateWindowsLocked:303 com.android.server.wm.WindowAnimator.animateLocked:704 
06-05 15:50:15.978 V/PhoneStatusBar( 1712): setLightsOn(true)
06-05 15:50:15.980 V/PhoneStatusBar( 1712): setLightsOn(true)
06-05 15:50:16.112 I/calabash(18404): newActivity1
06-05 15:50:16.123 I/System.out(18404): URI: //map
06-05 15:50:16.123 I/System.out(18404): params: {json={"query":"android.widget.ScrollView index:0","operation":{"method_name":"query","arguments":[]}}
06-05 15:50:16.123 I/System.out(18404): }
06-05 15:50:16.129 W/ActivityManager( 1630): Bad activity token: android.os.BinderProxy@9f55b85
06-05 15:50:16.129 W/ActivityManager( 1630): java.lang.ClassCastException: android.os.BinderProxy cannot be cast to com.android.server.am.ActivityRecord$Token
06-05 15:50:16.129 W/ActivityManager( 1630): 	at com.android.server.am.ActivityRecord.forTokenLocked(ActivityRecord.java:586)
06-05 15:50:16.129 W/ActivityManager( 1630): 	at com.android.server.am.ActivityRecord.isInStackLocked(ActivityRecord.java:1327)
06-05 15:50:16.129 W/ActivityManager( 1630): 	at com.android.server.am.ActivityRecord.getStackLocked(ActivityRecord.java:1332)
06-05 15:50:16.129 W/ActivityManager( 1630): 	at com.android.server.am.ActivityManagerService.getActivityDisplayId(ActivityManagerService.java:9806)
06-05 15:50:16.129 W/ActivityManager( 1630): 	at android.app.ActivityManagerNative.onTransact(ActivityManagerNative.java:2566)
06-05 15:50:16.129 W/ActivityManager( 1630): 	at com.android.server.am.ActivityManagerService.onTransact(ActivityManagerService.java:2757)
06-05 15:50:16.129 W/ActivityManager( 1630): 	at android.os.Binder.execTransact(Binder.java:565)
06-05 15:50:16.130 W/ActivityManager( 1630): Bad activity token: android.os.BinderProxy@9f55b85
06-05 15:50:16.130 W/ActivityManager( 1630): java.lang.ClassCastException: android.os.BinderProxy cannot be cast to com.android.server.am.ActivityRecord$Token
06-05 15:50:16.130 W/ActivityManager( 1630): 	at com.android.server.am.ActivityRecord.forTokenLocked(ActivityRecord.java:586)
06-05 15:50:16.130 W/ActivityManager( 1630): 	at com.android.server.am.ActivityRecord.isInStackLocked(ActivityRecord.java:1327)
06-05 15:50:16.130 W/ActivityManager( 1630): 	at com.android.server.am.ActivityManagerService.setTaskDescription(ActivityManagerService.java:9358)
06-05 15:50:16.130 W/ActivityManager( 1630): 	at android.app.ActivityManagerNative.onTransact(ActivityManagerNative.java:2639)
06-05 15:50:16.130 W/ActivityManager( 1630): 	at com.android.server.am.ActivityManagerService.onTransact(ActivityManagerService.java:2757)
06-05 15:50:16.130 W/ActivityManager( 1630): 	at android.os.Binder.execTransact(Binder.java:565)
06-05 15:50:16.130 W/ActivityManager( 1630): Bad activity token: android.os.BinderProxy@9f55b85
06-05 15:50:16.130 W/ActivityManager( 1630): java.lang.ClassCastException: android.os.BinderProxy cannot be cast to com.android.server.am.ActivityRecord$Token
06-05 15:50:16.130 W/ActivityManager( 1630): 	at com.android.server.am.ActivityRecord.forTokenLocked(ActivityRecord.java:586)
06-05 15:50:16.130 W/ActivityManager( 1630): 	at com.android.server.am.ActivityRecord.isInStackLocked(ActivityRecord.java:1327)
06-05 15:50:16.130 W/ActivityManager( 1630): 	at com.android.server.am.ActivityRecord.getStackLocked(ActivityRecord.java:1332)
06-05 15:50:16.130 W/ActivityManager( 1630): 	at com.android.server.am.ActivityManagerService.getActivityStackId(ActivityManagerService.java:9817)
06-05 15:50:16.130 W/ActivityManager( 1630): 	at android.app.ActivityManagerNative.onTransact(ActivityManagerNative.java:2856)
06-05 15:50:16.130 W/ActivityManager( 1630): 	at com.android.server.am.ActivityManagerService.onTransact(ActivityManagerService.java:2757)
06-05 15:50:16.130 W/ActivityManager( 1630): 	at android.os.Binder.execTransact(Binder.java:565)
06-05 15:50:16.135 D/VehicleStatisticsActivity(18404): Checking recalculation ...
06-05 15:50:16.135 D/VehicleStatisticsActivity(18404): Recalculating statistics
06-05 15:50:16.136 D/VehicleStatisticsTask(18404): Calculation starting...
06-05 15:50:16.136 D/VehicleStatisticsActivity(18404): Recalculation started!
06-05 15:50:16.136 W/ResourceType(18404): No package identifier when getting value for resource number 0x00000000
06-05 15:50:16.136 D/AndroidRuntime(18404): Shutting down VM
--------- beginning of crash
06-05 15:50:16.137 E/AndroidRuntime(18404): FATAL EXCEPTION: main
06-05 15:50:16.137 E/AndroidRuntime(18404): Process: com.evancharlton.mileage, PID: 18404
06-05 15:50:16.137 E/AndroidRuntime(18404): java.lang.RuntimeException: Unable to start activity ComponentInfo{com.evancharlton.mileage/com.evancharlton.mileage.VehicleStatisticsActivity}: android.content.res.Resources$NotFoundException: String resource ID #0x0
06-05 15:50:16.137 E/AndroidRuntime(18404): 	at android.app.ActivityThread.performLaunchActivity(ActivityThread.java:2646)
06-05 15:50:16.137 E/AndroidRuntime(18404): 	at android.app.ActivityThread.startActivityNow(ActivityThread.java:2446)
06-05 15:50:16.137 E/AndroidRuntime(18404): 	at android.app.LocalActivityManager.moveToState(LocalActivityManager.java:136)
06-05 15:50:16.137 E/AndroidRuntime(18404): 	at android.app.LocalActivityManager.startActivity(LocalActivityManager.java:348)
06-05 15:50:16.137 E/AndroidRuntime(18404): 	at android.widget.TabHost$IntentContentStrategy.getContentView(TabHost.java:724)
06-05 15:50:16.137 E/AndroidRuntime(18404): 	at android.widget.TabHost.setCurrentTab(TabHost.java:388)
06-05 15:50:16.137 E/AndroidRuntime(18404): 	at android.widget.TabHost$2.onTabSelectionChanged(TabHost.java:158)
06-05 15:50:16.137 E/AndroidRuntime(18404): 	at android.widget.TabWidget$TabClickListener.onClick(TabWidget.java:532)
06-05 15:50:16.137 E/AndroidRuntime(18404): 	at android.view.View.performClick(View.java:5610)
06-05 15:50:16.137 E/AndroidRuntime(18404): 	at android.view.View$PerformClick.run(View.java:22265)
06-05 15:50:16.137 E/AndroidRuntime(18404): 	at android.os.Handler.handleCallback(Handler.java:751)
06-05 15:50:16.137 E/AndroidRuntime(18404): 	at android.os.Handler.dispatchMessage(Handler.java:95)
06-05 15:50:16.137 E/AndroidRuntime(18404): 	at android.os.Looper.loop(Looper.java:154)
06-05 15:50:16.137 E/AndroidRuntime(18404): 	at android.app.ActivityThread.main(ActivityThread.java:6077)
06-05 15:50:16.137 E/AndroidRuntime(18404): 	at java.lang.reflect.Method.invoke(Native Method)
06-05 15:50:16.137 E/AndroidRuntime(18404): 	at com.android.internal.os.ZygoteInit$MethodAndArgsCaller.run(ZygoteInit.java:866)
06-05 15:50:16.137 E/AndroidRuntime(18404): 	at com.android.internal.os.ZygoteInit.main(ZygoteInit.java:756)
06-05 15:50:16.137 E/AndroidRuntime(18404): Caused by: android.content.res.Resources$NotFoundException: String resource ID #0x0
06-05 15:50:16.137 E/AndroidRuntime(18404): 	at android.content.res.Resources.getText(Resources.java:331)
06-05 15:50:16.137 E/AndroidRuntime(18404): 	at android.content.res.Resources.getString(Resources.java:377)
06-05 15:50:16.137 E/AndroidRuntime(18404): 	at android.content.Context.getString(Context.java:476)
06-05 15:50:16.137 E/AndroidRuntime(18404): 	at com.evancharlton.mileage.provider.Statistic.getLabel(Statistic.java:37)
06-05 15:50:16.137 E/AndroidRuntime(18404): 	at com.evancharlton.mileage.adapters.VehicleStatisticsAdapter$StatisticHolder.<init>(VehicleStatisticsAdapter.java:203)
06-05 15:50:16.137 E/AndroidRuntime(18404): 	at com.evancharlton.mileage.adapters.VehicleStatisticsAdapter.<init>(VehicleStatisticsAdapter.java:50)
06-05 15:50:16.137 E/AndroidRuntime(18404): 	at com.evancharlton.mileage.VehicleStatisticsActivity.setAdapter(VehicleStatisticsActivity.java:197)
06-05 15:50:16.137 E/AndroidRuntime(18404): 	at com.evancharlton.mileage.VehicleStatisticsActivity.recalculate(VehicleStatisticsActivity.java:175)
06-05 15:50:16.137 E/AndroidRuntime(18404): 	at com.evancharlton.mileage.VehicleStatisticsActivity.onCreate(VehicleStatisticsActivity.java:131)
06-05 15:50:16.137 E/AndroidRuntime(18404): 	at android.app.Activity.performCreate(Activity.java:6662)
06-05 15:50:16.137 E/AndroidRuntime(18404): 	at android.app.Instrumentation.callActivityOnCreate(Instrumentation.java:1118)
06-05 15:50:16.137 E/AndroidRuntime(18404): 	at android.app.ActivityThread.performLaunchActivity(ActivityThread.java:2599)
06-05 15:50:16.137 E/AndroidRuntime(18404): 	... 16 more
06-05 15:50:16.137 I/Process (18404): Sending signal. PID: 18404 SIG: 9
06-05 15:50:16.160 V/PhoneStatusBar( 1712): setLightsOn(true)
06-05 15:50:16.202 W/InputDispatcher( 1630): channel 'e4c164 com.evancharlton.mileage/com.evancharlton.mileage.Mileage (server)' ~ Consumer closed input channel or an error occurred.  events=0x9
06-05 15:50:16.202 E/InputDispatcher( 1630): channel 'e4c164 com.evancharlton.mileage/com.evancharlton.mileage.Mileage (server)' ~ Channel is unrecoverably broken and will be disposed!
06-05 15:50:16.203 I/WindowManager( 1630): WIN DEATH: Window{e4c164 u0 com.evancharlton.mileage/com.evancharlton.mileage.Mileage}
06-05 15:50:16.203 W/InputDispatcher( 1630): Attempted to unregister already unregistered input channel 'e4c164 com.evancharlton.mileage/com.evancharlton.mileage.Mileage (server)'
06-05 15:50:16.203 I/WindowManager( 1630): Destroying surface Surface(name=com.evancharlton.mileage/com.evancharlton.mileage.Mileage) called by com.android.server.wm.WindowStateAnimator.destroySurface:2016 com.android.server.wm.WindowStateAnimator.destroySurfaceLocked:882 com.android.server.wm.WindowState.removeLocked:1456 com.android.server.wm.WindowManagerService.removeWindowInnerLocked:2484 com.android.server.wm.WindowManagerService.removeWindowLocked:2442 com.android.server.wm.WindowState$DeathRecipient.binderDied:1787 android.os.BinderProxy.sendDeathNotice:688 <bottom of call stack> 
06-05 15:50:16.203 I/ActivityManager( 1630): Process com.evancharlton.mileage (pid 18404) has died
06-05 15:50:16.203 D/ActivityManager( 1630): cleanUpApplicationRecord -- 18404
06-05 15:50:16.204 W/ActivityManager( 1630): Scheduling restart of crashed service com.evancharlton.mileage/.services.AutomaticBackupService in 1000ms
06-05 15:50:16.204 W/ActivityManager( 1630): Force removing ActivityRecord{4582334 u0 com.evancharlton.mileage/.Mileage t304}: app died, no saved state
06-05 15:50:16.205 W/ActivityManager( 1630): Crash of app com.evancharlton.mileage running instrumentation ComponentInfo{com.evancharlton.mileage.test/sh.calaba.instrumentationbackend.CalabashInstrumentationTestRunner}
06-05 15:50:16.205 I/ActivityManager( 1630): Force stopping com.evancharlton.mileage appid=10086 user=0: finished inst
06-05 15:50:16.206 I/ActivityManager( 1630):   Force stopping service ServiceRecord{3352b01 u0 com.evancharlton.mileage/.services.AutomaticBackupService}
06-05 15:50:16.208 V/PhoneStatusBar( 1712): setLightsOn(true)
