--------- beginning of main
06-05 12:37:18.711 D/AndroidRuntime(14257): >>>>>> START com.android.internal.os.RuntimeInit uid 2000 <<<<<<
06-05 12:37:18.712 D/AndroidRuntime(14257): CheckJNI is ON
06-05 12:37:18.723 W/art     (14257): Unexpected CPU variant for X86 using defaults: x86
06-05 12:37:18.725 D/ICU     (14257): No timezone override file found: /data/misc/zoneinfo/current/icu/icu_tzdata.dat
06-05 12:37:18.732 E/memtrack(14257): Couldn't load memtrack module (No such file or directory)
06-05 12:37:18.732 E/android.os.Debug(14257): failed to load memtrack module: -2
06-05 12:37:18.732 I/Radio-JNI(14257): register_android_hardware_Radio DONE
06-05 12:37:18.736 D/AndroidRuntime(14257): Calling main entry com.android.commands.am.Am
--------- beginning of system
06-05 12:37:18.737 I/ActivityManager( 1659): Force stopping com.evancharlton.mileage appid=10082 user=0: start instr
06-05 12:37:18.739 I/art     (14267): Not late-enabling -Xcheck:jni (already on)
06-05 12:37:18.739 W/art     (14267): Unexpected CPU variant for X86 using defaults: x86
06-05 12:37:18.747 I/ActivityManager( 1659): Start proc 14267:com.evancharlton.mileage/u0a82 for added application com.evancharlton.mileage
06-05 12:37:18.748 D/AndroidRuntime(14257): Shutting down VM
06-05 12:37:18.752 W/System  (14267): ClassLoader referenced unknown path: /data/app/com.evancharlton.mileage.test-1/lib/x86
06-05 12:37:18.752 W/System  (14267): ClassLoader referenced unknown path: /data/app/com.evancharlton.mileage-1/lib/x86
06-05 12:37:18.754 W/System  (14267): ClassLoader referenced unknown path: 
06-05 12:37:18.757 I/System.out(14267): Main activity name automatically set to: com.evancharlton.mileage.Mileage
06-05 12:37:18.758 I/System.out(14267): Calabash did not load Mono. This is only a problem if you are trying to test a Mono application
06-05 12:37:18.758 I/calabash(14267): Test server port: 7102
06-05 12:37:18.758 I/InstrumentationBackend(14267): Added:'GetPreferences', with key:'get_preferences'
06-05 12:37:18.764 I/InstrumentationBackend(14267): Added:'SetPreferences', with key:'set_preferences'
06-05 12:37:18.764 I/InstrumentationBackend(14267): Added:'ClearPreferences', with key:'clear_preferences'
06-05 12:37:18.764 I/InstrumentationBackend(14267): Added:'PressElement', with key:'press_l10n_element'
06-05 12:37:18.764 I/InstrumentationBackend(14267): Added:'WaitForElement', with key:'wait_for_l10n_element'
06-05 12:37:18.764 I/InstrumentationBackend(14267): Added:'NullAction', with key:'nullAction'
06-05 12:37:18.764 I/InstrumentationBackend(14267): Added:'PressKey', with key:'press_key'
06-05 12:37:18.764 I/InstrumentationBackend(14267): Added:'SetActivityOrientation', with key:'set_activity_orientation'
06-05 12:37:18.764 I/InstrumentationBackend(14267): Added:'GetActivityOrientation', with key:'get_activity_orientation'
06-05 12:37:18.764 I/InstrumentationBackend(14267): Added:'FakeGPSLocation', with key:'set_gps_coordinates'
06-05 12:37:18.764 I/InstrumentationBackend(14267): Added:'SetPropertyByCssSelector', with key:'set_property_by_css_selector'
06-05 12:37:18.764 I/InstrumentationBackend(14267): Added:'GetUrl', with key:'get_url'
06-05 12:37:18.764 I/InstrumentationBackend(14267): Added:'ScrollTo', with key:'scroll_to'
06-05 12:37:18.764 I/InstrumentationBackend(14267): Added:'GetLoadProgress', with key:'get_load_progress'
06-05 12:37:18.764 I/InstrumentationBackend(14267): Added:'DumpHtml', with key:'dump_html'
06-05 12:37:18.764 I/InstrumentationBackend(14267): Added:'DumpBodyHtml', with key:'dump_body_html'
06-05 12:37:18.764 I/InstrumentationBackend(14267): Added:'EnterTextByCssSelector', with key:'enter_text_by_selector'
06-05 12:37:18.765 I/InstrumentationBackend(14267): Added:'AndroidSDKVersion', with key:'android_sdk_version'
06-05 12:37:18.765 I/InstrumentationBackend(14267): Added:'Version', with key:'version'
06-05 12:37:18.765 I/InstrumentationBackend(14267): Added:'Drag', with key:'drag'
06-05 12:37:18.765 I/InstrumentationBackend(14267): Added:'TouchCoordinates', with key:'touch_coordinate'
06-05 12:37:18.765 I/InstrumentationBackend(14267): Added:'LongPressCoordinate', with key:'long_press_coordinate'
06-05 12:37:18.765 I/InstrumentationBackend(14267): Added:'DragCoordinates', with key:'drag_coordinates'
06-05 12:37:18.765 I/InstrumentationBackend(14267): Added:'ResumeApplication', with key:'resume_application'
06-05 12:37:18.765 I/InstrumentationBackend(14267): Added:'Swipe', with key:'swipe'
06-05 12:37:18.765 I/InstrumentationBackend(14267): Added:'DoubleTapCoordinate', with key:'double_tap_coordinate'
06-05 12:37:18.765 I/InstrumentationBackend(14267): Added:'ClickOnScreen', with key:'click_on_screen'
06-05 12:37:18.765 I/InstrumentationBackend(14267): Added:'GetActivityName', with key:'get_activity_name'
06-05 12:37:18.765 I/InstrumentationBackend(14267): Added:'ScrollToView', with key:'scroll_to_view'
06-05 12:37:18.765 I/InstrumentationBackend(14267): Added:'ViewConfiguration', with key:'view_configuration'
06-05 12:37:18.765 I/InstrumentationBackend(14267): Added:'IsCurrentActivityFocused', with key:'is_current_activity_focused'
06-05 12:37:18.765 I/InstrumentationBackend(14267): Added:'SendTcp', with key:'send_tcp'
06-05 12:37:18.765 I/InstrumentationBackend(14267): Added:'DpToDevicePixel', with key:'dp_to_device_pixel'
06-05 12:37:18.766 I/InstrumentationBackend(14267): Added:'KeyboardEnterText', with key:'keyboard_enter_text'
06-05 12:37:18.766 I/InstrumentationBackend(14267): Added:'DeleteSurroundingText', with key:'delete_surrounding_text'
06-05 12:37:18.766 I/InstrumentationBackend(14267): Added:'SetComposingRegion', with key:'set_composing_region'
06-05 12:37:18.766 I/InstrumentationBackend(14267): Added:'SetSelection', with key:'set_selection'
06-05 12:37:18.766 I/InstrumentationBackend(14267): Added:'KeyboardKeyEvent', with key:'keyboard_key_event'
06-05 12:37:18.766 I/InstrumentationBackend(14267): Added:'PressUserActionButton', with key:'press_user_action_button'
06-05 12:37:18.766 I/InstrumentationBackend(14267): Added:'HideSoftKeyboard', with key:'hide_soft_keyboard'
06-05 12:37:18.766 I/InstrumentationBackend(14267): Added:'ListActions', with key:'list_actions'
06-05 12:37:18.766 I/calabash(14267): Instantiating http server at 7102
06-05 12:37:18.767 I/System.out(14267): HTTP Daemon listening on: 7102
06-05 12:37:18.779 W/OpenGLRenderer( 2389): Incorrectly called buildLayer on View: ShortcutAndWidgetContainer, destroying layer...
06-05 12:37:18.860 I/System.out(14267): URI: //ping
06-05 12:37:18.860 I/System.out(14267): params: {json={}
06-05 12:37:18.860 I/System.out(14267): }
06-05 12:37:18.866 I/System.out(14267): URI: //ping
06-05 12:37:18.866 I/System.out(14267): params: {json={}
06-05 12:37:18.866 I/System.out(14267): }
06-05 12:37:18.872 I/System.out(14267): URI: //ready
06-05 12:37:18.872 I/System.out(14267): params: {json={}
06-05 12:37:18.872 I/System.out(14267): }
06-05 12:37:18.878 I/System.out(14267): URI: //
06-05 12:37:18.878 I/System.out(14267): params: {json={"command":"version","arguments":[]}
06-05 12:37:18.878 I/System.out(14267): }
06-05 12:37:18.878 I/System.out(14267): header: {content-type=application/json;charset=utf-8, date=Fri, 05 Jun 2020 17:37:19 GMT, accept=*/*, host=127.0.0.1:34782, content-length=36, user-agent=HTTPClient/1.0 (2.8.3, ruby 2.5.1 (2018-03-29))}
06-05 12:37:18.878 I/System.out(14267): params: {json={"command":"version","arguments":[]}
06-05 12:37:18.879 I/System.out(14267): }
06-05 12:37:18.879 I/System.out(14267): ProP json = {"command":"version","arguments":[]}
06-05 12:37:18.879 I/System.out(14267): files: {}
06-05 12:37:18.879 I/System.out(14267): command: {"command":"version","arguments":[]}
06-05 12:37:18.889 I/InstrumentationBackend(14267): Got command:'Command:'Line:null,version', arguments:'[]'
06-05 12:37:18.907 I/System.out(14267): result:{"bonusInformation":[],"message":"0.9.8","success":true}
06-05 12:37:18.911 I/System.out(14267): URI: //start-application
06-05 12:37:18.911 I/System.out(14267): params: {json={"intent":null}
06-05 12:37:18.911 I/System.out(14267): }
06-05 12:37:18.924 I/ActivityManager( 1659): START u0 {act=android.intent.action.MAIN cat=[android.intent.category.LAUNCHER] flg=0x10200000 cmp=com.evancharlton.mileage/.Mileage} from uid 10082 on display 0
06-05 12:37:18.949 I/calabash(14267): newActivity1
06-05 12:37:18.950 D/gralloc_ranchu( 1352): gralloc_alloc: Creating ashmem region of size 9023488
06-05 12:37:18.967 I/calabash(14267): newActivity1
06-05 12:37:18.969 W/ActivityManager( 1659): Bad activity token: android.os.BinderProxy@ad1f335
06-05 12:37:18.969 W/ActivityManager( 1659): java.lang.ClassCastException: android.os.BinderProxy cannot be cast to com.android.server.am.ActivityRecord$Token
06-05 12:37:18.969 W/ActivityManager( 1659): 	at com.android.server.am.ActivityRecord.forTokenLocked(ActivityRecord.java:586)
06-05 12:37:18.969 W/ActivityManager( 1659): 	at com.android.server.am.ActivityRecord.isInStackLocked(ActivityRecord.java:1327)
06-05 12:37:18.969 W/ActivityManager( 1659): 	at com.android.server.am.ActivityRecord.getStackLocked(ActivityRecord.java:1332)
06-05 12:37:18.969 W/ActivityManager( 1659): 	at com.android.server.am.ActivityManagerService.getActivityDisplayId(ActivityManagerService.java:9806)
06-05 12:37:18.969 W/ActivityManager( 1659): 	at android.app.ActivityManagerNative.onTransact(ActivityManagerNative.java:2566)
06-05 12:37:18.969 W/ActivityManager( 1659): 	at com.android.server.am.ActivityManagerService.onTransact(ActivityManagerService.java:2757)
06-05 12:37:18.969 W/ActivityManager( 1659): 	at android.os.Binder.execTransact(Binder.java:565)
06-05 12:37:18.970 W/ActivityManager( 1659): Bad activity token: android.os.BinderProxy@ad1f335
06-05 12:37:18.970 W/ActivityManager( 1659): java.lang.ClassCastException: android.os.BinderProxy cannot be cast to com.android.server.am.ActivityRecord$Token
06-05 12:37:18.970 W/ActivityManager( 1659): 	at com.android.server.am.ActivityRecord.forTokenLocked(ActivityRecord.java:586)
06-05 12:37:18.970 W/ActivityManager( 1659): 	at com.android.server.am.ActivityRecord.isInStackLocked(ActivityRecord.java:1327)
06-05 12:37:18.970 W/ActivityManager( 1659): 	at com.android.server.am.ActivityManagerService.setTaskDescription(ActivityManagerService.java:9358)
06-05 12:37:18.970 W/ActivityManager( 1659): 	at android.app.ActivityManagerNative.onTransact(ActivityManagerNative.java:2639)
06-05 12:37:18.970 W/ActivityManager( 1659): 	at com.android.server.am.ActivityManagerService.onTransact(ActivityManagerService.java:2757)
06-05 12:37:18.970 W/ActivityManager( 1659): 	at android.os.Binder.execTransact(Binder.java:565)
06-05 12:37:18.971 W/ActivityManager( 1659): Bad activity token: android.os.BinderProxy@ad1f335
06-05 12:37:18.971 W/ActivityManager( 1659): java.lang.ClassCastException: android.os.BinderProxy cannot be cast to com.android.server.am.ActivityRecord$Token
06-05 12:37:18.971 W/ActivityManager( 1659): 	at com.android.server.am.ActivityRecord.forTokenLocked(ActivityRecord.java:586)
06-05 12:37:18.971 W/ActivityManager( 1659): 	at com.android.server.am.ActivityRecord.isInStackLocked(ActivityRecord.java:1327)
06-05 12:37:18.971 W/ActivityManager( 1659): 	at com.android.server.am.ActivityRecord.getStackLocked(ActivityRecord.java:1332)
06-05 12:37:18.971 W/ActivityManager( 1659): 	at com.android.server.am.ActivityManagerService.getActivityStackId(ActivityManagerService.java:9817)
06-05 12:37:18.971 W/ActivityManager( 1659): 	at android.app.ActivityManagerNative.onTransact(ActivityManagerNative.java:2856)
06-05 12:37:18.971 W/ActivityManager( 1659): 	at com.android.server.am.ActivityManagerService.onTransact(ActivityManagerService.java:2757)
06-05 12:37:18.971 W/ActivityManager( 1659): 	at android.os.Binder.execTransact(Binder.java:565)
06-05 12:37:18.984 V/PhoneStatusBar( 1792): setLightsOn(true)
06-05 12:37:18.991 W/ActivityManager( 1659): Bad activity token: android.os.BinderProxy@ad1f335
06-05 12:37:18.991 W/ActivityManager( 1659): java.lang.ClassCastException: android.os.BinderProxy cannot be cast to com.android.server.am.ActivityRecord$Token
06-05 12:37:18.991 W/ActivityManager( 1659): 	at com.android.server.am.ActivityRecord.forTokenLocked(ActivityRecord.java:586)
06-05 12:37:18.991 W/ActivityManager( 1659): 	at com.android.server.am.ActivityRecord.isInStackLocked(ActivityRecord.java:1327)
06-05 12:37:18.991 W/ActivityManager( 1659): 	at com.android.server.am.ActivityManagerService.getActivityOptions(ActivityManagerService.java:12559)
06-05 12:37:18.991 W/ActivityManager( 1659): 	at android.app.ActivityManagerNative.onTransact(ActivityManagerNative.java:1933)
06-05 12:37:18.991 W/ActivityManager( 1659): 	at com.android.server.am.ActivityManagerService.onTransact(ActivityManagerService.java:2757)
06-05 12:37:18.991 W/ActivityManager( 1659): 	at android.os.Binder.execTransact(Binder.java:565)
06-05 12:37:18.992 W/ActivityManager( 1659): Bad activity token: android.os.BinderProxy@ad1f335
06-05 12:37:18.992 W/ActivityManager( 1659): java.lang.ClassCastException: android.os.BinderProxy cannot be cast to com.android.server.am.ActivityRecord$Token
06-05 12:37:18.992 W/ActivityManager( 1659): 	at com.android.server.am.ActivityRecord.forTokenLocked(ActivityRecord.java:586)
06-05 12:37:18.992 W/ActivityManager( 1659): 	at com.android.server.am.ActivityRecord.isInStackLocked(ActivityRecord.java:1327)
06-05 12:37:18.992 W/ActivityManager( 1659): 	at com.android.server.am.ActivityManagerService.getActivityOptions(ActivityManagerService.java:12559)
06-05 12:37:18.992 W/ActivityManager( 1659): 	at android.app.ActivityManagerNative.onTransact(ActivityManagerNative.java:1933)
06-05 12:37:18.992 W/ActivityManager( 1659): 	at com.android.server.am.ActivityManagerService.onTransact(ActivityManagerService.java:2757)
06-05 12:37:18.992 W/ActivityManager( 1659): 	at android.os.Binder.execTransact(Binder.java:565)
06-05 12:37:18.997 D/EGL_emulation( 2389): eglMakeCurrent: 0xb1284ec0: ver 2 0 (tinfo 0x98c170c0)
06-05 12:37:18.999 D/EGL_emulation( 1792): eglMakeCurrent: 0x992abea0: ver 2 0 (tinfo 0xa5a6f110)
06-05 12:37:19.014 D/EGL_emulation( 1792): eglMakeCurrent: 0x992abea0: ver 2 0 (tinfo 0xa5a6f110)
06-05 12:37:19.016 D/EGL_emulation( 1792): eglMakeCurrent: 0x992abea0: ver 2 0 (tinfo 0xa5a6f110)
06-05 12:37:19.030 D/EGL_emulation( 1792): eglMakeCurrent: 0x992abea0: ver 2 0 (tinfo 0xa5a6f110)
06-05 12:37:19.032 D/EGL_emulation( 1792): eglMakeCurrent: 0x992abea0: ver 2 0 (tinfo 0xa5a6f110)
06-05 12:37:19.033 D/gralloc_ranchu( 1352): gralloc_alloc: Creating ashmem region of size 9023488
06-05 12:37:19.037 D/        (14267): HostConnection::get() New Host Connection established 0x99f2a400, tid 14267
06-05 12:37:19.065 D/EGL_emulation( 1792): eglMakeCurrent: 0x992abea0: ver 2 0 (tinfo 0xa5a6f110)
06-05 12:37:19.067 D/EGL_emulation( 1792): eglMakeCurrent: 0x992abea0: ver 2 0 (tinfo 0xa5a6f110)
06-05 12:37:19.067 V/PhoneStatusBar( 1792): setLightsOn(true)
06-05 12:37:19.068 D/EGL_emulation( 1792): eglMakeCurrent: 0x992abea0: ver 2 0 (tinfo 0xa5a6f110)
06-05 12:37:19.070 D/EGL_emulation( 1792): eglMakeCurrent: 0x992abea0: ver 2 0 (tinfo 0xa5a6f110)
06-05 12:37:19.081 D/EGL_emulation( 1792): eglMakeCurrent: 0x992abea0: ver 2 0 (tinfo 0xa5a6f110)
06-05 12:37:19.083 I/ActivityManager( 1659): Displayed com.evancharlton.mileage/.Mileage: +155ms
06-05 12:37:19.083 D/EGL_emulation( 1792): eglMakeCurrent: 0x992abea0: ver 2 0 (tinfo 0xa5a6f110)
06-05 12:37:19.098 D/gralloc_ranchu( 1352): gralloc_alloc: Creating ashmem region of size 9023488
06-05 12:37:19.098 D/EGL_emulation( 1792): eglMakeCurrent: 0x992abea0: ver 2 0 (tinfo 0xa5a6f110)
06-05 12:37:19.127 D/EGL_emulation( 1792): eglMakeCurrent: 0x992abea0: ver 2 0 (tinfo 0xa5a6f110)
06-05 12:37:19.143 D/EGL_emulation( 1792): eglMakeCurrent: 0x992abea0: ver 2 0 (tinfo 0xa5a6f110)
06-05 12:37:19.161 D/EGL_emulation( 1792): eglMakeCurrent: 0x992abea0: ver 2 0 (tinfo 0xa5a6f110)
06-05 12:37:19.163 V/PhoneStatusBar( 1792): setLightsOn(true)
06-05 12:37:19.167 D/EGL_emulation( 1792): eglMakeCurrent: 0x992abea0: ver 2 0 (tinfo 0xa5a6f110)
06-05 12:37:19.175 D/EGL_emulation( 1792): eglMakeCurrent: 0x992abea0: ver 2 0 (tinfo 0xa5a6f110)
06-05 12:37:19.181 D/EGL_emulation( 1792): eglMakeCurrent: 0x992abea0: ver 2 0 (tinfo 0xa5a6f110)
06-05 12:37:19.185 D/EGL_emulation( 1792): eglMakeCurrent: 0x992abea0: ver 2 0 (tinfo 0xa5a6f110)
06-05 12:37:19.196 D/EGL_emulation( 1792): eglMakeCurrent: 0x992abea0: ver 2 0 (tinfo 0xa5a6f110)
06-05 12:37:19.199 D/EGL_emulation( 1792): eglMakeCurrent: 0x992abea0: ver 2 0 (tinfo 0xa5a6f110)
06-05 12:37:19.214 D/EGL_emulation( 1792): eglMakeCurrent: 0x992abea0: ver 2 0 (tinfo 0xa5a6f110)
06-05 12:37:19.223 I/System.out(14267): URI: //map
06-05 12:37:19.223 I/System.out(14267): params: {json={"query":"* marked:'Statistics'","operation":{"method_name":"query","arguments":[]}}
06-05 12:37:19.223 I/System.out(14267): }
06-05 12:37:19.242 W/ResourceType(14267): No package identifier when getting name for resource number 0x00000001
06-05 12:37:19.263 I/System.out(14267): URI: //gesture
06-05 12:37:19.263 I/System.out(14267): params: {json={"query_timeout":5.0,"gestures":[{"query_string":"* marked:'Statistics'","touches":[{"x":50,"y":50,"offset_x":0,"offset_y":0,"wait":0.0,"time":0.2,"release":true,"query_string":null}]}]}
06-05 12:37:19.263 I/System.out(14267): }
06-05 12:37:19.268 W/ResourceType(14267): No package identifier when getting name for resource number 0x00000001
06-05 12:37:19.280 I/WindowManager( 1659): Destroying surface Surface(name=Starting com.evancharlton.mileage) called by com.android.server.wm.WindowStateAnimator.destroySurface:2016 com.android.server.wm.WindowStateAnimator.destroySurfaceLocked:882 com.android.server.wm.WindowState.destroyOrSaveSurface:2100 com.android.server.wm.AppWindowToken.destroySurfaces:363 com.android.server.wm.WindowStateAnimator.finishExit:565 com.android.server.wm.WindowStateAnimator.stepAnimationLocked:491 com.android.server.wm.WindowAnimator.updateWindowsLocked:303 com.android.server.wm.WindowAnimator.animateLocked:704 
06-05 12:37:19.283 V/PhoneStatusBar( 1792): setLightsOn(true)
06-05 12:37:19.330 V/PhoneStatusBar( 1792): setLightsOn(true)
06-05 12:37:19.432 V/PhoneStatusBar( 1792): setLightsOn(true)
06-05 12:37:19.503 I/calabash(14267): newActivity1
06-05 12:37:19.532 I/System.out(14267): URI: //map
06-05 12:37:19.532 I/System.out(14267): params: {json={"query":"* marked:'Average cost'","operation":{"method_name":"query","arguments":[]}}
06-05 12:37:19.532 I/System.out(14267): }
06-05 12:37:19.542 W/ActivityManager( 1659): Bad activity token: android.os.BinderProxy@cde672b
06-05 12:37:19.542 W/ActivityManager( 1659): java.lang.ClassCastException: android.os.BinderProxy cannot be cast to com.android.server.am.ActivityRecord$Token
06-05 12:37:19.542 W/ActivityManager( 1659): 	at com.android.server.am.ActivityRecord.forTokenLocked(ActivityRecord.java:586)
06-05 12:37:19.542 W/ActivityManager( 1659): 	at com.android.server.am.ActivityRecord.isInStackLocked(ActivityRecord.java:1327)
06-05 12:37:19.542 W/ActivityManager( 1659): 	at com.android.server.am.ActivityRecord.getStackLocked(ActivityRecord.java:1332)
06-05 12:37:19.542 W/ActivityManager( 1659): 	at com.android.server.am.ActivityManagerService.getActivityDisplayId(ActivityManagerService.java:9806)
06-05 12:37:19.542 W/ActivityManager( 1659): 	at android.app.ActivityManagerNative.onTransact(ActivityManagerNative.java:2566)
06-05 12:37:19.542 W/ActivityManager( 1659): 	at com.android.server.am.ActivityManagerService.onTransact(ActivityManagerService.java:2757)
06-05 12:37:19.542 W/ActivityManager( 1659): 	at android.os.Binder.execTransact(Binder.java:565)
06-05 12:37:19.543 W/ActivityManager( 1659): Bad activity token: android.os.BinderProxy@cde672b
06-05 12:37:19.543 W/ActivityManager( 1659): java.lang.ClassCastException: android.os.BinderProxy cannot be cast to com.android.server.am.ActivityRecord$Token
06-05 12:37:19.543 W/ActivityManager( 1659): 	at com.android.server.am.ActivityRecord.forTokenLocked(ActivityRecord.java:586)
06-05 12:37:19.543 W/ActivityManager( 1659): 	at com.android.server.am.ActivityRecord.isInStackLocked(ActivityRecord.java:1327)
06-05 12:37:19.543 W/ActivityManager( 1659): 	at com.android.server.am.ActivityManagerService.setTaskDescription(ActivityManagerService.java:9358)
06-05 12:37:19.543 W/ActivityManager( 1659): 	at android.app.ActivityManagerNative.onTransact(ActivityManagerNative.java:2639)
06-05 12:37:19.543 W/ActivityManager( 1659): 	at com.android.server.am.ActivityManagerService.onTransact(ActivityManagerService.java:2757)
06-05 12:37:19.543 W/ActivityManager( 1659): 	at android.os.Binder.execTransact(Binder.java:565)
06-05 12:37:19.544 W/ActivityManager( 1659): Bad activity token: android.os.BinderProxy@cde672b
06-05 12:37:19.544 W/ActivityManager( 1659): java.lang.ClassCastException: android.os.BinderProxy cannot be cast to com.android.server.am.ActivityRecord$Token
06-05 12:37:19.544 W/ActivityManager( 1659): 	at com.android.server.am.ActivityRecord.forTokenLocked(ActivityRecord.java:586)
06-05 12:37:19.544 W/ActivityManager( 1659): 	at com.android.server.am.ActivityRecord.isInStackLocked(ActivityRecord.java:1327)
06-05 12:37:19.544 W/ActivityManager( 1659): 	at com.android.server.am.ActivityRecord.getStackLocked(ActivityRecord.java:1332)
06-05 12:37:19.544 W/ActivityManager( 1659): 	at com.android.server.am.ActivityManagerService.getActivityStackId(ActivityManagerService.java:9817)
06-05 12:37:19.544 W/ActivityManager( 1659): 	at android.app.ActivityManagerNative.onTransact(ActivityManagerNative.java:2856)
06-05 12:37:19.544 W/ActivityManager( 1659): 	at com.android.server.am.ActivityManagerService.onTransact(ActivityManagerService.java:2757)
06-05 12:37:19.544 W/ActivityManager( 1659): 	at android.os.Binder.execTransact(Binder.java:565)
06-05 12:37:19.549 D/VehicleStatisticsActivity(14267): Checking recalculation ...
06-05 12:37:19.550 D/VehicleStatisticsActivity(14267): Recalculating statistics
06-05 12:37:19.550 D/VehicleStatisticsTask(14267): Calculation starting...
06-05 12:37:19.550 D/VehicleStatisticsActivity(14267): Recalculation started!
06-05 12:37:19.551 D/AndroidRuntime(14267): Shutting down VM
--------- beginning of crash
06-05 12:37:19.551 E/AndroidRuntime(14267): FATAL EXCEPTION: main
06-05 12:37:19.551 E/AndroidRuntime(14267): Process: com.evancharlton.mileage, PID: 14267
06-05 12:37:19.551 E/AndroidRuntime(14267): java.lang.RuntimeException: Unable to start activity ComponentInfo{com.evancharlton.mileage/com.evancharlton.mileage.VehicleStatisticsActivity}: java.lang.NullPointerException: Attempt to invoke virtual method 'void android.widget.ListView.setAdapter(android.widget.ListAdapter)' on a null object reference
06-05 12:37:19.551 E/AndroidRuntime(14267): 	at android.app.ActivityThread.performLaunchActivity(ActivityThread.java:2646)
06-05 12:37:19.551 E/AndroidRuntime(14267): 	at android.app.ActivityThread.startActivityNow(ActivityThread.java:2446)
06-05 12:37:19.551 E/AndroidRuntime(14267): 	at android.app.LocalActivityManager.moveToState(LocalActivityManager.java:136)
06-05 12:37:19.551 E/AndroidRuntime(14267): 	at android.app.LocalActivityManager.startActivity(LocalActivityManager.java:348)
06-05 12:37:19.551 E/AndroidRuntime(14267): 	at android.widget.TabHost$IntentContentStrategy.getContentView(TabHost.java:724)
06-05 12:37:19.551 E/AndroidRuntime(14267): 	at android.widget.TabHost.setCurrentTab(TabHost.java:388)
06-05 12:37:19.551 E/AndroidRuntime(14267): 	at android.widget.TabHost$2.onTabSelectionChanged(TabHost.java:158)
06-05 12:37:19.551 E/AndroidRuntime(14267): 	at android.widget.TabWidget$TabClickListener.onClick(TabWidget.java:532)
06-05 12:37:19.551 E/AndroidRuntime(14267): 	at android.view.View.performClick(View.java:5610)
06-05 12:37:19.551 E/AndroidRuntime(14267): 	at android.view.View$PerformClick.run(View.java:22265)
06-05 12:37:19.551 E/AndroidRuntime(14267): 	at android.os.Handler.handleCallback(Handler.java:751)
06-05 12:37:19.551 E/AndroidRuntime(14267): 	at android.os.Handler.dispatchMessage(Handler.java:95)
06-05 12:37:19.551 E/AndroidRuntime(14267): 	at android.os.Looper.loop(Looper.java:154)
06-05 12:37:19.551 E/AndroidRuntime(14267): 	at android.app.ActivityThread.main(ActivityThread.java:6077)
06-05 12:37:19.551 E/AndroidRuntime(14267): 	at java.lang.reflect.Method.invoke(Native Method)
06-05 12:37:19.551 E/AndroidRuntime(14267): 	at com.android.internal.os.ZygoteInit$MethodAndArgsCaller.run(ZygoteInit.java:866)
06-05 12:37:19.551 E/AndroidRuntime(14267): 	at com.android.internal.os.ZygoteInit.main(ZygoteInit.java:756)
06-05 12:37:19.551 E/AndroidRuntime(14267): Caused by: java.lang.NullPointerException: Attempt to invoke virtual method 'void android.widget.ListView.setAdapter(android.widget.ListAdapter)' on a null object reference
06-05 12:37:19.551 E/AndroidRuntime(14267): 	at com.evancharlton.mileage.VehicleStatisticsActivity.setAdapter(VehicleStatisticsActivity.java:200)
06-05 12:37:19.551 E/AndroidRuntime(14267): 	at com.evancharlton.mileage.VehicleStatisticsActivity.recalculate(VehicleStatisticsActivity.java:175)
06-05 12:37:19.551 E/AndroidRuntime(14267): 	at com.evancharlton.mileage.VehicleStatisticsActivity.onCreate(VehicleStatisticsActivity.java:131)
06-05 12:37:19.551 E/AndroidRuntime(14267): 	at android.app.Activity.performCreate(Activity.java:6662)
06-05 12:37:19.551 E/AndroidRuntime(14267): 	at android.app.Instrumentation.callActivityOnCreate(Instrumentation.java:1118)
06-05 12:37:19.551 E/AndroidRuntime(14267): 	at android.app.ActivityThread.performLaunchActivity(ActivityThread.java:2599)
06-05 12:37:19.551 E/AndroidRuntime(14267): 	... 16 more
06-05 12:37:19.551 I/Process (14267): Sending signal. PID: 14267 SIG: 9
06-05 12:37:19.554 W/InputDispatcher( 1659): channel '883e6e com.evancharlton.mileage/com.evancharlton.mileage.Mileage (server)' ~ Consumer closed input channel or an error occurred.  events=0x9
06-05 12:37:19.554 E/InputDispatcher( 1659): channel '883e6e com.evancharlton.mileage/com.evancharlton.mileage.Mileage (server)' ~ Channel is unrecoverably broken and will be disposed!
06-05 12:37:19.554 I/WindowManager( 1659): WIN DEATH: Window{883e6e u0 com.evancharlton.mileage/com.evancharlton.mileage.Mileage}
06-05 12:37:19.554 W/InputDispatcher( 1659): Attempted to unregister already unregistered input channel '883e6e com.evancharlton.mileage/com.evancharlton.mileage.Mileage (server)'
06-05 12:37:19.554 I/ActivityManager( 1659): Process com.evancharlton.mileage (pid 14267) has died
06-05 12:37:19.554 D/ActivityManager( 1659): cleanUpApplicationRecord -- 14267
06-05 12:37:19.554 I/WindowManager( 1659): Destroying surface Surface(name=com.evancharlton.mileage/com.evancharlton.mileage.Mileage) called by com.android.server.wm.WindowStateAnimator.destroySurface:2016 com.android.server.wm.WindowStateAnimator.destroySurfaceLocked:882 com.android.server.wm.WindowState.removeLocked:1456 com.android.server.wm.WindowManagerService.removeWindowInnerLocked:2484 com.android.server.wm.WindowManagerService.removeWindowLocked:2442 com.android.server.wm.WindowState$DeathRecipient.binderDied:1787 android.os.BinderProxy.sendDeathNotice:688 <bottom of call stack> 
06-05 12:37:19.554 W/ActivityManager( 1659): Scheduling restart of crashed service com.evancharlton.mileage/.services.AutomaticBackupService in 1000ms
06-05 12:37:19.554 W/ActivityManager( 1659): Force removing ActivityRecord{f2b872 u0 com.evancharlton.mileage/.Mileage t131}: app died, no saved state
06-05 12:37:19.556 W/ActivityManager( 1659): Crash of app com.evancharlton.mileage running instrumentation ComponentInfo{com.evancharlton.mileage.test/sh.calaba.instrumentationbackend.CalabashInstrumentationTestRunner}
06-05 12:37:19.556 I/ActivityManager( 1659): Force stopping com.evancharlton.mileage appid=10082 user=0: finished inst
06-05 12:37:19.556 I/ActivityManager( 1659):   Force stopping service ServiceRecord{b5a4b07 u0 com.evancharlton.mileage/.services.AutomaticBackupService}
06-05 12:37:19.558 V/PhoneStatusBar( 1792): setLightsOn(true)
06-05 12:37:19.582 D/EGL_emulation( 2389): eglMakeCurrent: 0xb1284ec0: ver 2 0 (tinfo 0x98c170c0)
06-05 12:37:19.597 D/EGL_emulation( 1792): eglMakeCurrent: 0x992abea0: ver 2 0 (tinfo 0xa5a6f110)
06-05 12:37:19.613 D/EGL_emulation( 1792): eglMakeCurrent: 0x992abea0: ver 2 0 (tinfo 0xa5a6f110)
06-05 12:37:19.616 D/EGL_emulation( 1792): eglMakeCurrent: 0x992abea0: ver 2 0 (tinfo 0xa5a6f110)
06-05 12:37:19.630 D/EGL_emulation( 1792): eglMakeCurrent: 0x992abea0: ver 2 0 (tinfo 0xa5a6f110)
06-05 12:37:19.631 D/EGL_emulation( 1792): eglMakeCurrent: 0x992abea0: ver 2 0 (tinfo 0xa5a6f110)
06-05 12:37:19.644 E/SurfaceFlinger( 1352): ro.sf.lcd_density must be defined as a build property
06-05 12:37:19.644 D/gralloc_ranchu( 1352): gralloc_alloc: Creating ashmem region of size 9592832
06-05 12:37:19.648 D/EGL_emulation( 1792): eglMakeCurrent: 0x992abea0: ver 2 0 (tinfo 0xa5a6f110)
06-05 12:37:19.649 D/        (14298): HostConnection::get() New Host Connection established 0xa6c1b2c0, tid 14298
06-05 12:37:19.653 E/EGL_emulation( 1352): tid 1352: eglCreateSyncKHR(1901): error 0x3004 (EGL_BAD_ATTRIBUTE)
06-05 12:37:19.655 D/EGL_emulation( 1792): eglMakeCurrent: 0x992abea0: ver 2 0 (tinfo 0xa5a6f110)
06-05 12:37:19.676 D/EGL_emulation( 1792): eglMakeCurrent: 0x992abea0: ver 2 0 (tinfo 0xa5a6f110)
06-05 12:37:19.678 D/EGL_emulation( 1792): eglMakeCurrent: 0x992abea0: ver 2 0 (tinfo 0xa5a6f110)
06-05 12:37:19.680 D/EGL_emulation( 1792): eglMakeCurrent: 0x992abea0: ver 2 0 (tinfo 0xa5a6f110)
06-05 12:37:19.683 D/EGL_emulation( 1792): eglMakeCurrent: 0x992abea0: ver 2 0 (tinfo 0xa5a6f110)
06-05 12:37:19.696 D/EGL_emulation( 1792): eglMakeCurrent: 0x992abea0: ver 2 0 (tinfo 0xa5a6f110)
06-05 12:37:19.698 D/EGL_emulation( 1792): eglMakeCurrent: 0x992abea0: ver 2 0 (tinfo 0xa5a6f110)
06-05 12:37:19.713 D/EGL_emulation( 1792): eglMakeCurrent: 0x992abea0: ver 2 0 (tinfo 0xa5a6f110)
06-05 12:37:19.714 D/EGL_emulation( 1792): eglMakeCurrent: 0x992abea0: ver 2 0 (tinfo 0xa5a6f110)
06-05 12:37:19.730 D/EGL_emulation( 1792): eglMakeCurrent: 0x992abea0: ver 2 0 (tinfo 0xa5a6f110)
06-05 12:37:19.731 D/EGL_emulation( 1792): eglMakeCurrent: 0x992abea0: ver 2 0 (tinfo 0xa5a6f110)
06-05 12:37:19.747 D/EGL_emulation( 1792): eglMakeCurrent: 0x992abea0: ver 2 0 (tinfo 0xa5a6f110)
06-05 12:37:19.749 D/EGL_emulation( 1792): eglMakeCurrent: 0x992abea0: ver 2 0 (tinfo 0xa5a6f110)
06-05 12:37:19.763 D/EGL_emulation( 1792): eglMakeCurrent: 0x992abea0: ver 2 0 (tinfo 0xa5a6f110)
06-05 12:37:19.765 D/EGL_emulation( 1792): eglMakeCurrent: 0x992abea0: ver 2 0 (tinfo 0xa5a6f110)
06-05 12:37:19.781 D/EGL_emulation( 1792): eglMakeCurrent: 0x992abea0: ver 2 0 (tinfo 0xa5a6f110)
