--------- beginning of main
06-05 15:50:55.076 V/PhoneStatusBar( 1712): setLightsOn(true)
--------- beginning of system
06-05 15:50:55.079 W/ActivityManager( 1630): Finishing task with all activities already finished
06-05 15:50:55.079 W/ActivityManager( 1630): Duplicate finish request for ActivityRecord{3121f88 u0 com.evancharlton.mileage/.Mileage t320 f}
06-05 15:50:55.079 W/ActivityManager( 1630): Finishing task with all activities already finished
06-05 15:50:55.079 W/ActivityManager( 1630): Duplicate finish request for ActivityRecord{3121f88 u0 com.evancharlton.mileage/.Mileage t320 f}
06-05 15:50:55.079 W/ActivityManager( 1630): Finishing task with all activities already finished
06-05 15:50:55.079 W/ActivityManager( 1630): Duplicate finish request for ActivityRecord{3121f88 u0 com.evancharlton.mileage/.Mileage t320 f}
06-05 15:50:55.079 W/ActivityManager( 1630): Finishing task with all activities already finished
06-05 15:50:55.079 W/ActivityManager( 1630): Duplicate finish request for ActivityRecord{3121f88 u0 com.evancharlton.mileage/.Mileage t320 f}
06-05 15:50:55.080 W/ActivityManager( 1630): Finishing task with all activities already finished
06-05 15:50:55.080 W/ActivityManager( 1630): Duplicate finish request for ActivityRecord{3121f88 u0 com.evancharlton.mileage/.Mileage t320 f}
06-05 15:50:55.080 W/ActivityManager( 1630): Finishing task with all activities already finished
06-05 15:50:55.080 W/ActivityManager( 1630): Duplicate finish request for ActivityRecord{bab5e39 u0 com.evancharlton.mileage/.VehicleActivity t320 f}
06-05 15:50:55.080 W/ActivityManager( 1630): Finishing task with all activities already finished
06-05 15:50:55.080 W/ActivityManager( 1630): Duplicate finish request for ActivityRecord{bab5e39 u0 com.evancharlton.mileage/.VehicleActivity t320 f}
06-05 15:50:55.080 W/ActivityManager( 1630): Finishing task with all activities already finished
06-05 15:50:55.080 W/ActivityManager( 1630): Duplicate finish request for ActivityRecord{3121f88 u0 com.evancharlton.mileage/.Mileage t320 f}
06-05 15:50:55.080 W/ActivityManager( 1630): Finishing task with all activities already finished
06-05 15:50:55.080 W/ActivityManager( 1630): Duplicate finish request for ActivityRecord{3121f88 u0 com.evancharlton.mileage/.Mileage t320 f}
06-05 15:50:55.086 W/IInputConnectionWrapper(19353): finishComposingText on inactive InputConnection
06-05 15:50:55.092 V/PhoneStatusBar( 1712): setLightsOn(true)
06-05 15:50:55.093 D/gralloc_ranchu( 1346): gralloc_alloc: Creating ashmem region of size 3145728
06-05 15:50:55.097 E/EGL_emulation( 1346): tid 1346: eglCreateSyncKHR(1901): error 0x3004 (EGL_BAD_ATTRIBUTE)
06-05 15:50:55.144 D/EGL_emulation( 2099): eglMakeCurrent: 0xb4085240: ver 2 0 (tinfo 0xb40832d0)
06-05 15:50:55.161 D/EGL_emulation( 1712): eglMakeCurrent: 0xb4085540: ver 2 0 (tinfo 0xb4083740)
06-05 15:50:55.176 D/EGL_emulation( 1712): eglMakeCurrent: 0xb4085540: ver 2 0 (tinfo 0xb4083740)
06-05 15:50:55.179 D/EGL_emulation( 1712): eglMakeCurrent: 0xb4085540: ver 2 0 (tinfo 0xb4083740)
06-05 15:50:55.193 D/EGL_emulation( 1712): eglMakeCurrent: 0xb4085540: ver 2 0 (tinfo 0xb4083740)
06-05 15:50:55.195 D/EGL_emulation( 1712): eglMakeCurrent: 0xb4085540: ver 2 0 (tinfo 0xb4083740)
06-05 15:50:55.210 D/EGL_emulation( 1712): eglMakeCurrent: 0xb4085540: ver 2 0 (tinfo 0xb4083740)
06-05 15:50:55.211 D/EGL_emulation( 1712): eglMakeCurrent: 0xb4085540: ver 2 0 (tinfo 0xb4083740)
06-05 15:50:55.226 D/EGL_emulation( 1712): eglMakeCurrent: 0xb4085540: ver 2 0 (tinfo 0xb4083740)
06-05 15:50:55.228 D/EGL_emulation( 1712): eglMakeCurrent: 0xb4085540: ver 2 0 (tinfo 0xb4083740)
06-05 15:50:55.246 D/EGL_emulation( 1712): eglMakeCurrent: 0xb4085540: ver 2 0 (tinfo 0xb4083740)
06-05 15:50:55.246 D/AndroidRuntime(19453): >>>>>> START com.android.internal.os.RuntimeInit uid 2000 <<<<<<
06-05 15:50:55.247 D/AndroidRuntime(19453): CheckJNI is ON
06-05 15:50:55.248 D/EGL_emulation( 1712): eglMakeCurrent: 0xb4085540: ver 2 0 (tinfo 0xb4083740)
06-05 15:50:55.259 W/art     (19453): Unexpected CPU variant for X86 using defaults: x86
06-05 15:50:55.261 D/ICU     (19453): No timezone override file found: /data/misc/zoneinfo/current/icu/icu_tzdata.dat
06-05 15:50:55.263 D/EGL_emulation( 1712): eglMakeCurrent: 0xb4085540: ver 2 0 (tinfo 0xb4083740)
06-05 15:50:55.264 D/EGL_emulation( 1712): eglMakeCurrent: 0xb4085540: ver 2 0 (tinfo 0xb4083740)
06-05 15:50:55.270 E/memtrack(19453): Couldn't load memtrack module (No such file or directory)
06-05 15:50:55.270 E/android.os.Debug(19453): failed to load memtrack module: -2
06-05 15:50:55.270 I/Radio-JNI(19453): register_android_hardware_Radio DONE
06-05 15:50:55.275 D/AndroidRuntime(19453): Calling main entry com.android.commands.am.Am
06-05 15:50:55.276 D/EGL_emulation( 1712): eglMakeCurrent: 0xb4085540: ver 2 0 (tinfo 0xb4083740)
06-05 15:50:55.277 I/ActivityManager( 1630): Force stopping com.evancharlton.mileage appid=10086 user=0: start instr
06-05 15:50:55.277 I/ActivityManager( 1630): Killing 19353:com.evancharlton.mileage/u0a86 (adj 0): stop com.evancharlton.mileage
06-05 15:50:55.277 D/ActivityManager( 1630): cleanUpApplicationRecord -- 19353
06-05 15:50:55.277 W/ActivityManager( 1630): Crash of app com.evancharlton.mileage running instrumentation ComponentInfo{com.evancharlton.mileage.test/sh.calaba.instrumentationbackend.CalabashInstrumentationTestRunner}
06-05 15:50:55.277 I/ActivityManager( 1630): Force stopping com.evancharlton.mileage appid=10086 user=0: finished inst
06-05 15:50:55.279 D/EGL_emulation( 1712): eglMakeCurrent: 0xb4085540: ver 2 0 (tinfo 0xb4083740)
06-05 15:50:55.281 I/art     (19463): Not late-enabling -Xcheck:jni (already on)
06-05 15:50:55.281 W/art     (19463): Unexpected CPU variant for X86 using defaults: x86
06-05 15:50:55.288 I/ActivityManager( 1630): Start proc 19463:com.evancharlton.mileage/u0a86 for added application com.evancharlton.mileage
06-05 15:50:55.288 D/AndroidRuntime(19453): Shutting down VM
06-05 15:50:55.293 D/EGL_emulation( 1712): eglMakeCurrent: 0xb4085540: ver 2 0 (tinfo 0xb4083740)
06-05 15:50:55.294 W/System  (19463): ClassLoader referenced unknown path: /data/app/com.evancharlton.mileage.test-1/lib/x86
06-05 15:50:55.294 W/System  (19463): ClassLoader referenced unknown path: /data/app/com.evancharlton.mileage-1/lib/x86
06-05 15:50:55.294 D/EGL_emulation( 1712): eglMakeCurrent: 0xb4085540: ver 2 0 (tinfo 0xb4083740)
06-05 15:50:55.296 W/System  (19463): ClassLoader referenced unknown path: 
06-05 15:50:55.300 I/System.out(19463): Main activity name automatically set to: com.evancharlton.mileage.Mileage
06-05 15:50:55.300 I/System.out(19463): Calabash did not load Mono. This is only a problem if you are trying to test a Mono application
06-05 15:50:55.300 I/calabash(19463): Test server port: 7102
06-05 15:50:55.301 I/InstrumentationBackend(19463): Added:'GetPreferences', with key:'get_preferences'
06-05 15:50:55.305 I/InstrumentationBackend(19463): Added:'SetPreferences', with key:'set_preferences'
06-05 15:50:55.306 I/InstrumentationBackend(19463): Added:'ClearPreferences', with key:'clear_preferences'
06-05 15:50:55.306 I/InstrumentationBackend(19463): Added:'PressElement', with key:'press_l10n_element'
06-05 15:50:55.306 I/InstrumentationBackend(19463): Added:'WaitForElement', with key:'wait_for_l10n_element'
06-05 15:50:55.306 I/InstrumentationBackend(19463): Added:'NullAction', with key:'nullAction'
06-05 15:50:55.306 I/InstrumentationBackend(19463): Added:'PressKey', with key:'press_key'
06-05 15:50:55.306 I/InstrumentationBackend(19463): Added:'SetActivityOrientation', with key:'set_activity_orientation'
06-05 15:50:55.306 I/InstrumentationBackend(19463): Added:'GetActivityOrientation', with key:'get_activity_orientation'
06-05 15:50:55.306 I/InstrumentationBackend(19463): Added:'FakeGPSLocation', with key:'set_gps_coordinates'
06-05 15:50:55.306 I/InstrumentationBackend(19463): Added:'SetPropertyByCssSelector', with key:'set_property_by_css_selector'
06-05 15:50:55.306 I/InstrumentationBackend(19463): Added:'GetUrl', with key:'get_url'
06-05 15:50:55.306 I/InstrumentationBackend(19463): Added:'ScrollTo', with key:'scroll_to'
06-05 15:50:55.306 I/InstrumentationBackend(19463): Added:'GetLoadProgress', with key:'get_load_progress'
06-05 15:50:55.306 I/InstrumentationBackend(19463): Added:'DumpHtml', with key:'dump_html'
06-05 15:50:55.306 I/InstrumentationBackend(19463): Added:'DumpBodyHtml', with key:'dump_body_html'
06-05 15:50:55.306 I/InstrumentationBackend(19463): Added:'EnterTextByCssSelector', with key:'enter_text_by_selector'
06-05 15:50:55.307 I/InstrumentationBackend(19463): Added:'AndroidSDKVersion', with key:'android_sdk_version'
06-05 15:50:55.307 I/InstrumentationBackend(19463): Added:'Version', with key:'version'
06-05 15:50:55.307 I/InstrumentationBackend(19463): Added:'Drag', with key:'drag'
06-05 15:50:55.307 I/InstrumentationBackend(19463): Added:'TouchCoordinates', with key:'touch_coordinate'
06-05 15:50:55.307 I/InstrumentationBackend(19463): Added:'LongPressCoordinate', with key:'long_press_coordinate'
06-05 15:50:55.307 I/InstrumentationBackend(19463): Added:'DragCoordinates', with key:'drag_coordinates'
06-05 15:50:55.307 I/InstrumentationBackend(19463): Added:'ResumeApplication', with key:'resume_application'
06-05 15:50:55.307 I/InstrumentationBackend(19463): Added:'Swipe', with key:'swipe'
06-05 15:50:55.307 I/InstrumentationBackend(19463): Added:'DoubleTapCoordinate', with key:'double_tap_coordinate'
06-05 15:50:55.307 I/InstrumentationBackend(19463): Added:'ClickOnScreen', with key:'click_on_screen'
06-05 15:50:55.307 I/InstrumentationBackend(19463): Added:'GetActivityName', with key:'get_activity_name'
06-05 15:50:55.307 I/InstrumentationBackend(19463): Added:'ScrollToView', with key:'scroll_to_view'
06-05 15:50:55.308 I/InstrumentationBackend(19463): Added:'ViewConfiguration', with key:'view_configuration'
06-05 15:50:55.308 I/InstrumentationBackend(19463): Added:'IsCurrentActivityFocused', with key:'is_current_activity_focused'
06-05 15:50:55.308 I/InstrumentationBackend(19463): Added:'SendTcp', with key:'send_tcp'
06-05 15:50:55.308 I/InstrumentationBackend(19463): Added:'DpToDevicePixel', with key:'dp_to_device_pixel'
06-05 15:50:55.308 I/InstrumentationBackend(19463): Added:'KeyboardEnterText', with key:'keyboard_enter_text'
06-05 15:50:55.308 I/InstrumentationBackend(19463): Added:'DeleteSurroundingText', with key:'delete_surrounding_text'
06-05 15:50:55.308 I/InstrumentationBackend(19463): Added:'SetComposingRegion', with key:'set_composing_region'
06-05 15:50:55.308 I/InstrumentationBackend(19463): Added:'SetSelection', with key:'set_selection'
06-05 15:50:55.308 I/InstrumentationBackend(19463): Added:'KeyboardKeyEvent', with key:'keyboard_key_event'
06-05 15:50:55.308 I/InstrumentationBackend(19463): Added:'PressUserActionButton', with key:'press_user_action_button'
06-05 15:50:55.308 I/InstrumentationBackend(19463): Added:'HideSoftKeyboard', with key:'hide_soft_keyboard'
06-05 15:50:55.308 I/InstrumentationBackend(19463): Added:'ListActions', with key:'list_actions'
06-05 15:50:55.309 I/calabash(19463): Instantiating http server at 7102
06-05 15:50:55.309 I/System.out(19463): HTTP Daemon listening on: 7102
06-05 15:50:55.310 D/EGL_emulation( 1712): eglMakeCurrent: 0xb4085540: ver 2 0 (tinfo 0xb4083740)
06-05 15:50:55.311 D/EGL_emulation( 1712): eglMakeCurrent: 0xb4085540: ver 2 0 (tinfo 0xb4083740)
06-05 15:50:55.323 I/WindowManager( 1630): WIN DEATH: Window{3daa4f5 u0 com.evancharlton.mileage/com.evancharlton.mileage.VehicleActivity EXITING}
06-05 15:50:55.323 W/InputDispatcher( 1630): channel 'fe20bf7 com.evancharlton.mileage/com.evancharlton.mileage.Mileage (server)' ~ Consumer closed input channel or an error occurred.  events=0x9
06-05 15:50:55.323 E/InputDispatcher( 1630): channel 'fe20bf7 com.evancharlton.mileage/com.evancharlton.mileage.Mileage (server)' ~ Channel is unrecoverably broken and will be disposed!
06-05 15:50:55.323 E/InputDispatcher( 1630): Received spurious receive callback for unknown input channel.  fd=189, events=0x9
06-05 15:50:55.323 I/WindowManager( 1630): WIN DEATH: Window{fe20bf7 u0 com.evancharlton.mileage/com.evancharlton.mileage.Mileage EXITING}
06-05 15:50:55.323 W/InputDispatcher( 1630): Attempted to unregister already unregistered input channel 'fe20bf7 com.evancharlton.mileage/com.evancharlton.mileage.Mileage (server)'
06-05 15:50:55.326 I/WindowManager( 1630): Destroying surface Surface(name=com.evancharlton.mileage/com.evancharlton.mileage.VehicleActivity) called by com.android.server.wm.WindowStateAnimator.destroySurface:2016 com.android.server.wm.WindowStateAnimator.destroySurfaceLocked:882 com.android.server.wm.WindowState.removeLocked:1456 com.android.server.wm.WindowManagerService.removeWindowInnerLocked:2484 com.android.server.wm.AppWindowToken.destroySurfaces:365 com.android.server.wm.WindowStateAnimator.finishExit:565 com.android.server.wm.AppWindowAnimator.stepAnimationLocked:427 com.android.server.wm.WindowAnimator.updateAppWindowsLocked:196 
06-05 15:50:55.333 D/EGL_emulation( 1712): eglMakeCurrent: 0xb4085540: ver 2 0 (tinfo 0xb4083740)
06-05 15:50:55.337 D/EGL_emulation( 1712): eglMakeCurrent: 0xb4085540: ver 2 0 (tinfo 0xb4083740)
06-05 15:50:55.343 D/EGL_emulation( 1712): eglMakeCurrent: 0xb4085540: ver 2 0 (tinfo 0xb4083740)
06-05 15:50:55.345 D/EGL_emulation( 1712): eglMakeCurrent: 0xb4085540: ver 2 0 (tinfo 0xb4083740)
06-05 15:50:55.361 D/EGL_emulation( 1712): eglMakeCurrent: 0xb4085540: ver 2 0 (tinfo 0xb4083740)
06-05 15:50:55.376 D/EGL_emulation( 1712): eglMakeCurrent: 0xb4085540: ver 2 0 (tinfo 0xb4083740)
06-05 15:50:55.378 D/EGL_emulation( 1712): eglMakeCurrent: 0xb4085540: ver 2 0 (tinfo 0xb4083740)
06-05 15:50:55.399 I/System.out(19463): URI: //ping
06-05 15:50:55.399 I/System.out(19463): params: {json={}
06-05 15:50:55.399 I/System.out(19463): }
06-05 15:50:55.401 I/System.out(19463): URI: //ping
06-05 15:50:55.401 I/System.out(19463): params: {json={}
06-05 15:50:55.401 I/System.out(19463): }
06-05 15:50:55.402 I/System.out(19463): URI: //ready
06-05 15:50:55.402 I/System.out(19463): params: {json={}
06-05 15:50:55.402 I/System.out(19463): }
06-05 15:50:55.404 I/System.out(19463): URI: //
06-05 15:50:55.404 I/System.out(19463): params: {json={"command":"version","arguments":[]}
06-05 15:50:55.404 I/System.out(19463): }
06-05 15:50:55.404 I/System.out(19463): header: {content-type=application/json;charset=utf-8, date=Fri, 05 Jun 2020 20:50:55 GMT, accept=*/*, host=127.0.0.1:34784, content-length=36, user-agent=HTTPClient/1.0 (2.8.3, ruby 2.5.1 (2018-03-29))}
06-05 15:50:55.404 I/System.out(19463): params: {json={"command":"version","arguments":[]}
06-05 15:50:55.404 I/System.out(19463): }
06-05 15:50:55.404 I/System.out(19463): ProP json = {"command":"version","arguments":[]}
06-05 15:50:55.404 I/System.out(19463): files: {}
06-05 15:50:55.404 I/System.out(19463): command: {"command":"version","arguments":[]}
06-05 15:50:55.407 I/InstrumentationBackend(19463): Got command:'Command:'Line:null,version', arguments:'[]'
06-05 15:50:55.413 I/System.out(19463): result:{"bonusInformation":[],"message":"0.9.8","success":true}
06-05 15:50:55.415 I/System.out(19463): URI: //start-application
06-05 15:50:55.415 I/System.out(19463): params: {json={"intent":null}
06-05 15:50:55.415 I/System.out(19463): }
06-05 15:50:55.424 I/ActivityManager( 1630): START u0 {act=android.intent.action.MAIN cat=[android.intent.category.LAUNCHER] flg=0x10200000 cmp=com.evancharlton.mileage/.Mileage} from uid 10086 on display 0
06-05 15:50:55.430 I/calabash(19463): newActivity1
06-05 15:50:55.440 I/calabash(19463): newActivity1
06-05 15:50:55.442 W/ActivityManager( 1630): Bad activity token: android.os.BinderProxy@cbe3166
06-05 15:50:55.442 W/ActivityManager( 1630): java.lang.ClassCastException: android.os.BinderProxy cannot be cast to com.android.server.am.ActivityRecord$Token
06-05 15:50:55.442 W/ActivityManager( 1630): 	at com.android.server.am.ActivityRecord.forTokenLocked(ActivityRecord.java:586)
06-05 15:50:55.442 W/ActivityManager( 1630): 	at com.android.server.am.ActivityRecord.isInStackLocked(ActivityRecord.java:1327)
06-05 15:50:55.442 W/ActivityManager( 1630): 	at com.android.server.am.ActivityRecord.getStackLocked(ActivityRecord.java:1332)
06-05 15:50:55.442 W/ActivityManager( 1630): 	at com.android.server.am.ActivityManagerService.getActivityDisplayId(ActivityManagerService.java:9806)
06-05 15:50:55.442 W/ActivityManager( 1630): 	at android.app.ActivityManagerNative.onTransact(ActivityManagerNative.java:2566)
06-05 15:50:55.442 W/ActivityManager( 1630): 	at com.android.server.am.ActivityManagerService.onTransact(ActivityManagerService.java:2757)
06-05 15:50:55.442 W/ActivityManager( 1630): 	at android.os.Binder.execTransact(Binder.java:565)
06-05 15:50:55.443 D/gralloc_ranchu( 1346): gralloc_alloc: Creating ashmem region of size 9023488
06-05 15:50:55.444 W/ActivityManager( 1630): Bad activity token: android.os.BinderProxy@cbe3166
06-05 15:50:55.444 W/ActivityManager( 1630): java.lang.ClassCastException: android.os.BinderProxy cannot be cast to com.android.server.am.ActivityRecord$Token
06-05 15:50:55.444 W/ActivityManager( 1630): 	at com.android.server.am.ActivityRecord.forTokenLocked(ActivityRecord.java:586)
06-05 15:50:55.444 W/ActivityManager( 1630): 	at com.android.server.am.ActivityRecord.isInStackLocked(ActivityRecord.java:1327)
06-05 15:50:55.444 W/ActivityManager( 1630): 	at com.android.server.am.ActivityManagerService.setTaskDescription(ActivityManagerService.java:9358)
06-05 15:50:55.444 W/ActivityManager( 1630): 	at android.app.ActivityManagerNative.onTransact(ActivityManagerNative.java:2639)
06-05 15:50:55.444 W/ActivityManager( 1630): 	at com.android.server.am.ActivityManagerService.onTransact(ActivityManagerService.java:2757)
06-05 15:50:55.444 W/ActivityManager( 1630): 	at android.os.Binder.execTransact(Binder.java:565)
06-05 15:50:55.444 W/ActivityManager( 1630): Bad activity token: android.os.BinderProxy@cbe3166
06-05 15:50:55.444 W/ActivityManager( 1630): java.lang.ClassCastException: android.os.BinderProxy cannot be cast to com.android.server.am.ActivityRecord$Token
06-05 15:50:55.444 W/ActivityManager( 1630): 	at com.android.server.am.ActivityRecord.forTokenLocked(ActivityRecord.java:586)
06-05 15:50:55.444 W/ActivityManager( 1630): 	at com.android.server.am.ActivityRecord.isInStackLocked(ActivityRecord.java:1327)
06-05 15:50:55.444 W/ActivityManager( 1630): 	at com.android.server.am.ActivityRecord.getStackLocked(ActivityRecord.java:1332)
06-05 15:50:55.444 W/ActivityManager( 1630): 	at com.android.server.am.ActivityManagerService.getActivityStackId(ActivityManagerService.java:9817)
06-05 15:50:55.444 W/ActivityManager( 1630): 	at android.app.ActivityManagerNative.onTransact(ActivityManagerNative.java:2856)
06-05 15:50:55.444 W/ActivityManager( 1630): 	at com.android.server.am.ActivityManagerService.onTransact(ActivityManagerService.java:2757)
06-05 15:50:55.444 W/ActivityManager( 1630): 	at android.os.Binder.execTransact(Binder.java:565)
06-05 15:50:55.463 W/ActivityManager( 1630): Bad activity token: android.os.BinderProxy@cbe3166
06-05 15:50:55.463 W/ActivityManager( 1630): java.lang.ClassCastException: android.os.BinderProxy cannot be cast to com.android.server.am.ActivityRecord$Token
06-05 15:50:55.463 W/ActivityManager( 1630): 	at com.android.server.am.ActivityRecord.forTokenLocked(ActivityRecord.java:586)
06-05 15:50:55.463 W/ActivityManager( 1630): 	at com.android.server.am.ActivityRecord.isInStackLocked(ActivityRecord.java:1327)
06-05 15:50:55.463 W/ActivityManager( 1630): 	at com.android.server.am.ActivityManagerService.getActivityOptions(ActivityManagerService.java:12559)
06-05 15:50:55.463 W/ActivityManager( 1630): 	at android.app.ActivityManagerNative.onTransact(ActivityManagerNative.java:1933)
06-05 15:50:55.463 W/ActivityManager( 1630): 	at com.android.server.am.ActivityManagerService.onTransact(ActivityManagerService.java:2757)
06-05 15:50:55.463 W/ActivityManager( 1630): 	at android.os.Binder.execTransact(Binder.java:565)
06-05 15:50:55.464 W/ActivityManager( 1630): Bad activity token: android.os.BinderProxy@cbe3166
06-05 15:50:55.464 W/ActivityManager( 1630): java.lang.ClassCastException: android.os.BinderProxy cannot be cast to com.android.server.am.ActivityRecord$Token
06-05 15:50:55.464 W/ActivityManager( 1630): 	at com.android.server.am.ActivityRecord.forTokenLocked(ActivityRecord.java:586)
06-05 15:50:55.464 W/ActivityManager( 1630): 	at com.android.server.am.ActivityRecord.isInStackLocked(ActivityRecord.java:1327)
06-05 15:50:55.464 W/ActivityManager( 1630): 	at com.android.server.am.ActivityManagerService.getActivityOptions(ActivityManagerService.java:12559)
06-05 15:50:55.464 W/ActivityManager( 1630): 	at android.app.ActivityManagerNative.onTransact(ActivityManagerNative.java:1933)
06-05 15:50:55.464 W/ActivityManager( 1630): 	at com.android.server.am.ActivityManagerService.onTransact(ActivityManagerService.java:2757)
06-05 15:50:55.464 W/ActivityManager( 1630): 	at android.os.Binder.execTransact(Binder.java:565)
06-05 15:50:55.473 V/PhoneStatusBar( 1712): setLightsOn(true)
06-05 15:50:55.477 D/EGL_emulation( 2099): eglMakeCurrent: 0xb4085240: ver 2 0 (tinfo 0xb40832d0)
06-05 15:50:55.477 D/EGL_emulation( 1712): eglMakeCurrent: 0xb4085540: ver 2 0 (tinfo 0xb4083740)
06-05 15:50:55.492 D/gralloc_ranchu( 1346): gralloc_alloc: Creating ashmem region of size 9023488
06-05 15:50:55.493 D/EGL_emulation( 1712): eglMakeCurrent: 0xb4085540: ver 2 0 (tinfo 0xb4083740)
06-05 15:50:55.498 D/        (19463): HostConnection::get() New Host Connection established 0xa7c135c0, tid 19463
06-05 15:50:55.500 D/EGL_emulation( 1712): eglMakeCurrent: 0xb4085540: ver 2 0 (tinfo 0xb4083740)
06-05 15:50:55.501 V/PhoneStatusBar( 1712): setLightsOn(true)
06-05 15:50:55.529 D/EGL_emulation( 1712): eglMakeCurrent: 0xb4085540: ver 2 0 (tinfo 0xb4083740)
06-05 15:50:55.532 D/EGL_emulation( 1712): eglMakeCurrent: 0xb4085540: ver 2 0 (tinfo 0xb4083740)
06-05 15:50:55.534 D/EGL_emulation( 1712): eglMakeCurrent: 0xb4085540: ver 2 0 (tinfo 0xb4083740)
06-05 15:50:55.543 D/EGL_emulation( 1712): eglMakeCurrent: 0xb4085540: ver 2 0 (tinfo 0xb4083740)
06-05 15:50:55.545 D/EGL_emulation( 1712): eglMakeCurrent: 0xb4085540: ver 2 0 (tinfo 0xb4083740)
06-05 15:50:55.560 D/EGL_emulation( 1712): eglMakeCurrent: 0xb4085540: ver 2 0 (tinfo 0xb4083740)
06-05 15:50:55.561 D/EGL_emulation( 1712): eglMakeCurrent: 0xb4085540: ver 2 0 (tinfo 0xb4083740)
06-05 15:50:55.576 D/EGL_emulation( 1712): eglMakeCurrent: 0xb4085540: ver 2 0 (tinfo 0xb4083740)
06-05 15:50:55.577 I/WindowManager( 1630): Destroying surface Surface(name=com.evancharlton.mileage/com.evancharlton.mileage.Mileage) called by com.android.server.wm.WindowStateAnimator.destroySurface:2016 com.android.server.wm.WindowStateAnimator.destroySurfaceLocked:882 com.android.server.wm.WindowState.removeLocked:1456 com.android.server.wm.WindowManagerService.removeWindowInnerLocked:2484 com.android.server.wm.AppWindowToken.destroySurfaces:365 com.android.server.wm.WindowStateAnimator.finishExit:565 com.android.server.wm.AppWindowAnimator.stepAnimationLocked:427 com.android.server.wm.WindowAnimator.updateAppWindowsLocked:196 
06-05 15:50:55.578 D/gralloc_ranchu( 1346): gralloc_alloc: Creating ashmem region of size 9023488
06-05 15:50:55.579 D/EGL_emulation( 1712): eglMakeCurrent: 0xb4085540: ver 2 0 (tinfo 0xb4083740)
06-05 15:50:55.593 I/ActivityManager( 1630): Displayed com.evancharlton.mileage/.Mileage: +165ms
06-05 15:50:55.593 D/EGL_emulation( 1712): eglMakeCurrent: 0xb4085540: ver 2 0 (tinfo 0xb4083740)
06-05 15:50:55.595 D/EGL_emulation( 1712): eglMakeCurrent: 0xb4085540: ver 2 0 (tinfo 0xb4083740)
06-05 15:50:55.610 D/EGL_emulation( 1712): eglMakeCurrent: 0xb4085540: ver 2 0 (tinfo 0xb4083740)
06-05 15:50:55.611 D/EGL_emulation( 1712): eglMakeCurrent: 0xb4085540: ver 2 0 (tinfo 0xb4083740)
06-05 15:50:55.626 D/EGL_emulation( 1712): eglMakeCurrent: 0xb4085540: ver 2 0 (tinfo 0xb4083740)
06-05 15:50:55.628 D/EGL_emulation( 1712): eglMakeCurrent: 0xb4085540: ver 2 0 (tinfo 0xb4083740)
06-05 15:50:55.633 I/System.out(19463): URI: //map
06-05 15:50:55.633 I/System.out(19463): params: {json={"query":"* marked:'Vehicles'","operation":{"method_name":"query","arguments":[]}}
06-05 15:50:55.633 I/System.out(19463): }
06-05 15:50:55.643 D/EGL_emulation( 1712): eglMakeCurrent: 0xb4085540: ver 2 0 (tinfo 0xb4083740)
06-05 15:50:55.643 V/PhoneStatusBar( 1712): setLightsOn(true)
06-05 15:50:55.645 D/EGL_emulation( 1712): eglMakeCurrent: 0xb4085540: ver 2 0 (tinfo 0xb4083740)
06-05 15:50:55.645 W/ResourceType(19463): No package identifier when getting name for resource number 0x00000001
06-05 15:50:55.659 D/EGL_emulation( 1712): eglMakeCurrent: 0xb4085540: ver 2 0 (tinfo 0xb4083740)
06-05 15:50:55.660 I/System.out(19463): URI: //gesture
06-05 15:50:55.660 I/System.out(19463): params: {json={"query_timeout":5.0,"gestures":[{"query_string":"* marked:'Vehicles'","touches":[{"x":50,"y":50,"offset_x":0,"offset_y":0,"wait":0.0,"time":0.2,"release":true,"query_string":null}]}]}
06-05 15:50:55.660 I/System.out(19463): }
06-05 15:50:55.661 D/EGL_emulation( 1712): eglMakeCurrent: 0xb4085540: ver 2 0 (tinfo 0xb4083740)
06-05 15:50:55.666 W/ResourceType(19463): No package identifier when getting name for resource number 0x00000001
06-05 15:50:55.676 D/EGL_emulation( 1712): eglMakeCurrent: 0xb4085540: ver 2 0 (tinfo 0xb4083740)
06-05 15:50:55.684 D/EGL_emulation( 1712): eglMakeCurrent: 0xb4085540: ver 2 0 (tinfo 0xb4083740)
06-05 15:50:55.700 D/EGL_emulation( 1712): eglMakeCurrent: 0xb4085540: ver 2 0 (tinfo 0xb4083740)
06-05 15:50:55.707 D/EGL_emulation( 1712): eglMakeCurrent: 0xb4085540: ver 2 0 (tinfo 0xb4083740)
06-05 15:50:55.793 I/WindowManager( 1630): Destroying surface Surface(name=Starting com.evancharlton.mileage) called by com.android.server.wm.WindowStateAnimator.destroySurface:2016 com.android.server.wm.WindowStateAnimator.destroySurfaceLocked:882 com.android.server.wm.WindowState.destroyOrSaveSurface:2100 com.android.server.wm.AppWindowToken.destroySurfaces:363 com.android.server.wm.WindowStateAnimator.finishExit:565 com.android.server.wm.WindowStateAnimator.stepAnimationLocked:491 com.android.server.wm.WindowAnimator.updateWindowsLocked:303 com.android.server.wm.WindowAnimator.animateLocked:704 
06-05 15:50:55.794 V/PhoneStatusBar( 1712): setLightsOn(true)
06-05 15:50:55.810 V/PhoneStatusBar( 1712): setLightsOn(true)
06-05 15:50:55.900 I/calabash(19463): newActivity1
06-05 15:50:55.901 W/ActivityManager( 1630): Bad activity token: android.os.BinderProxy@7c71b84
06-05 15:50:55.901 W/ActivityManager( 1630): java.lang.ClassCastException: android.os.BinderProxy cannot be cast to com.android.server.am.ActivityRecord$Token
06-05 15:50:55.901 W/ActivityManager( 1630): 	at com.android.server.am.ActivityRecord.forTokenLocked(ActivityRecord.java:586)
06-05 15:50:55.901 W/ActivityManager( 1630): 	at com.android.server.am.ActivityRecord.isInStackLocked(ActivityRecord.java:1327)
06-05 15:50:55.901 W/ActivityManager( 1630): 	at com.android.server.am.ActivityRecord.getStackLocked(ActivityRecord.java:1332)
06-05 15:50:55.901 W/ActivityManager( 1630): 	at com.android.server.am.ActivityManagerService.getActivityDisplayId(ActivityManagerService.java:9806)
06-05 15:50:55.901 W/ActivityManager( 1630): 	at android.app.ActivityManagerNative.onTransact(ActivityManagerNative.java:2566)
06-05 15:50:55.901 W/ActivityManager( 1630): 	at com.android.server.am.ActivityManagerService.onTransact(ActivityManagerService.java:2757)
06-05 15:50:55.901 W/ActivityManager( 1630): 	at android.os.Binder.execTransact(Binder.java:565)
06-05 15:50:55.904 W/ActivityManager( 1630): Bad activity token: android.os.BinderProxy@7c71b84
06-05 15:50:55.904 W/ActivityManager( 1630): java.lang.ClassCastException: android.os.BinderProxy cannot be cast to com.android.server.am.ActivityRecord$Token
06-05 15:50:55.904 W/ActivityManager( 1630): 	at com.android.server.am.ActivityRecord.forTokenLocked(ActivityRecord.java:586)
06-05 15:50:55.904 W/ActivityManager( 1630): 	at com.android.server.am.ActivityRecord.isInStackLocked(ActivityRecord.java:1327)
06-05 15:50:55.904 W/ActivityManager( 1630): 	at com.android.server.am.ActivityManagerService.setTaskDescription(ActivityManagerService.java:9358)
06-05 15:50:55.904 W/ActivityManager( 1630): 	at android.app.ActivityManagerNative.onTransact(ActivityManagerNative.java:2639)
06-05 15:50:55.904 W/ActivityManager( 1630): 	at com.android.server.am.ActivityManagerService.onTransact(ActivityManagerService.java:2757)
06-05 15:50:55.904 W/ActivityManager( 1630): 	at android.os.Binder.execTransact(Binder.java:565)
06-05 15:50:55.905 W/ActivityManager( 1630): Bad activity token: android.os.BinderProxy@7c71b84
06-05 15:50:55.905 W/ActivityManager( 1630): java.lang.ClassCastException: android.os.BinderProxy cannot be cast to com.android.server.am.ActivityRecord$Token
06-05 15:50:55.905 W/ActivityManager( 1630): 	at com.android.server.am.ActivityRecord.forTokenLocked(ActivityRecord.java:586)
06-05 15:50:55.905 W/ActivityManager( 1630): 	at com.android.server.am.ActivityRecord.isInStackLocked(ActivityRecord.java:1327)
06-05 15:50:55.905 W/ActivityManager( 1630): 	at com.android.server.am.ActivityRecord.getStackLocked(ActivityRecord.java:1332)
06-05 15:50:55.905 W/ActivityManager( 1630): 	at com.android.server.am.ActivityManagerService.getActivityStackId(ActivityManagerService.java:9817)
06-05 15:50:55.905 W/ActivityManager( 1630): 	at android.app.ActivityManagerNative.onTransact(ActivityManagerNative.java:2856)
06-05 15:50:55.905 W/ActivityManager( 1630): 	at com.android.server.am.ActivityManagerService.onTransact(ActivityManagerService.java:2757)
06-05 15:50:55.905 W/ActivityManager( 1630): 	at android.os.Binder.execTransact(Binder.java:565)
06-05 15:50:55.914 W/ActivityManager( 1630): Bad activity token: android.os.BinderProxy@7c71b84
06-05 15:50:55.914 W/ActivityManager( 1630): java.lang.ClassCastException: android.os.BinderProxy cannot be cast to com.android.server.am.ActivityRecord$Token
06-05 15:50:55.914 W/ActivityManager( 1630): 	at com.android.server.am.ActivityRecord.forTokenLocked(ActivityRecord.java:586)
06-05 15:50:55.914 W/ActivityManager( 1630): 	at com.android.server.am.ActivityRecord.isInStackLocked(ActivityRecord.java:1327)
06-05 15:50:55.914 W/ActivityManager( 1630): 	at com.android.server.am.ActivityManagerService.getActivityOptions(ActivityManagerService.java:12559)
06-05 15:50:55.914 W/ActivityManager( 1630): 	at android.app.ActivityManagerNative.onTransact(ActivityManagerNative.java:1933)
06-05 15:50:55.914 W/ActivityManager( 1630): 	at com.android.server.am.ActivityManagerService.onTransact(ActivityManagerService.java:2757)
06-05 15:50:55.914 W/ActivityManager( 1630): 	at android.os.Binder.execTransact(Binder.java:565)
06-05 15:50:55.915 W/ActivityManager( 1630): Bad activity token: android.os.BinderProxy@7c71b84
06-05 15:50:55.915 W/ActivityManager( 1630): java.lang.ClassCastException: android.os.BinderProxy cannot be cast to com.android.server.am.ActivityRecord$Token
06-05 15:50:55.915 W/ActivityManager( 1630): 	at com.android.server.am.ActivityRecord.forTokenLocked(ActivityRecord.java:586)
06-05 15:50:55.915 W/ActivityManager( 1630): 	at com.android.server.am.ActivityRecord.isInStackLocked(ActivityRecord.java:1327)
06-05 15:50:55.915 W/ActivityManager( 1630): 	at com.android.server.am.ActivityManagerService.getActivityOptions(ActivityManagerService.java:12559)
06-05 15:50:55.915 W/ActivityManager( 1630): 	at android.app.ActivityManagerNative.onTransact(ActivityManagerNative.java:1933)
06-05 15:50:55.915 W/ActivityManager( 1630): 	at com.android.server.am.ActivityManagerService.onTransact(ActivityManagerService.java:2757)
06-05 15:50:55.915 W/ActivityManager( 1630): 	at android.os.Binder.execTransact(Binder.java:565)
06-05 15:50:55.943 V/PhoneStatusBar( 1712): setLightsOn(true)
06-05 15:50:56.226 V/PhoneStatusBar( 1712): setLightsOn(true)
06-05 15:50:56.226 W/OpenGLRenderer( 2099): Incorrectly called buildLayer on View: ShortcutAndWidgetContainer, destroying layer...
06-05 15:50:56.227 V/PhoneStatusBar( 1712): setLightsOn(true)
06-05 15:50:56.243 V/PhoneStatusBar( 1712): setLightsOn(true)
06-05 15:50:56.243 I/WindowManager( 1630): Destroying surface Surface(name=com.android.launcher3/com.android.launcher3.Launcher) called by com.android.server.wm.WindowStateAnimator.destroySurface:2016 com.android.server.wm.WindowStateAnimator.destroySurfaceLocked:882 com.android.server.wm.WindowState.destroyOrSaveSurface:2100 com.android.server.wm.AppWindowToken.destroySurfaces:363 com.android.server.wm.AppWindowToken.notifyAppStopped:389 com.android.server.wm.WindowManagerService.notifyAppStopped:4463 com.android.server.am.ActivityStack.activityStoppedLocked:1252 com.android.server.am.ActivityManagerService.activityStopped:6903 
06-05 15:50:56.936 I/System.out(19463): URI: //
06-05 15:50:56.936 I/System.out(19463): params: {json={"command":"press_key","arguments":["KEYCODE_MENU"]}
06-05 15:50:56.936 I/System.out(19463): }
06-05 15:50:56.936 I/System.out(19463): header: {content-type=application/json;charset=utf-8, date=Fri, 05 Jun 2020 20:50:57 GMT, accept=*/*, host=127.0.0.1:34784, content-length=52, user-agent=HTTPClient/1.0 (2.8.3, ruby 2.5.1 (2018-03-29))}
06-05 15:50:56.936 I/System.out(19463): params: {json={"command":"press_key","arguments":["KEYCODE_MENU"]}
06-05 15:50:56.936 I/System.out(19463): }
06-05 15:50:56.936 I/System.out(19463): ProP json = {"command":"press_key","arguments":["KEYCODE_MENU"]}
06-05 15:50:56.936 I/System.out(19463): files: {}
06-05 15:50:56.936 I/System.out(19463): command: {"command":"press_key","arguments":["KEYCODE_MENU"]}
06-05 15:50:56.941 I/InstrumentationBackend(19463): Got command:'Command:'Line:null,press_key', arguments:'[KEYCODE_MENU]'
06-05 15:50:56.963 V/PhoneStatusBar( 1712): setLightsOn(true)
06-05 15:50:56.967 I/System.out(19463): result:{"bonusInformation":[],"message":"","success":true}
06-05 15:50:56.970 I/System.out(19463): URI: //map
06-05 15:50:56.970 I/System.out(19463): params: {json={"query":"* marked:'Edit vehicle types'","operation":{"method_name":"query","arguments":[]}}
06-05 15:50:56.970 I/System.out(19463): }
06-05 15:50:56.978 V/PhoneStatusBar( 1712): setLightsOn(true)
06-05 15:50:56.996 V/PhoneStatusBar( 1712): setLightsOn(true)
06-05 15:50:57.013 V/PhoneStatusBar( 1712): setLightsOn(true)
06-05 15:50:57.016 D/gralloc_ranchu( 1346): gralloc_alloc: Creating ashmem region of size 1720320
06-05 15:50:57.032 V/PhoneStatusBar( 1712): setLightsOn(true)
06-05 15:50:57.032 W/ResourceType(19463): No package identifier when getting name for resource number 0x00000001
06-05 15:50:57.032 V/PhoneStatusBar( 1712): setLightsOn(true)
06-05 15:50:57.035 I/art     (19463): Do partial code cache collection, code=29KB, data=27KB
06-05 15:50:57.036 I/art     (19463): After code cache collection, code=29KB, data=27KB
06-05 15:50:57.036 I/art     (19463): Increasing code cache capacity to 128KB
06-05 15:50:57.043 V/PhoneStatusBar( 1712): setLightsOn(true)
06-05 15:50:57.048 I/System.out(19463): URI: //gesture
06-05 15:50:57.048 I/System.out(19463): params: {json={"query_timeout":5.0,"gestures":[{"query_string":"* marked:'Edit vehicle types'","touches":[{"x":50,"y":50,"offset_x":0,"offset_y":0,"wait":0.0,"time":0.2,"release":true,"query_string":null}]}]}
06-05 15:50:57.048 I/System.out(19463): }
06-05 15:50:57.055 W/ResourceType(19463): No package identifier when getting name for resource number 0x00000001
06-05 15:50:57.194 D/gralloc_ranchu( 1346): gralloc_alloc: Creating ashmem region of size 9023488
06-05 15:50:57.240 D/gralloc_ranchu( 1346): gralloc_alloc: Creating ashmem region of size 1720320
06-05 15:50:57.260 V/PhoneStatusBar( 1712): setLightsOn(true)
06-05 15:50:57.343 I/System.out(19463): URI: //map
06-05 15:50:57.343 I/System.out(19463): params: {json={"query":"* {text CONTAINS[c] 'Vehicle types'}","operation":{"method_name":"query","arguments":[]}}
06-05 15:50:57.343 I/System.out(19463): }
06-05 15:50:57.360 I/ActivityManager( 1630): START u0 {cmp=com.evancharlton.mileage/.VehicleTypeListActivity} from uid 10086 on display 0
06-05 15:50:57.361 V/PhoneStatusBar( 1712): setLightsOn(true)
06-05 15:50:57.362 V/PhoneStatusBar( 1712): setLightsOn(true)
06-05 15:50:57.392 I/WindowManager( 1630): Destroying surface Surface(name=AtchDlg:com.evancharlton.mileage/com.evancharlton.mileage.VehicleListActivity) called by com.android.server.wm.WindowStateAnimator.destroySurface:2016 com.android.server.wm.WindowStateAnimator.destroySurfaceLocked:882 com.android.server.wm.WindowState.removeLocked:1456 com.android.server.wm.WindowManagerService.removeWindowInnerLocked:2484 com.android.server.wm.WindowManagerService.removeWindowLocked:2442 com.android.server.wm.WindowManagerService.removeWindowLocked:2311 com.android.server.wm.WindowManagerService.removeWindow:2306 com.android.server.wm.Session.remove:202 
06-05 15:50:57.426 I/calabash(19463): newActivity1
06-05 15:50:57.462 V/PhoneStatusBar( 1712): setLightsOn(true)
06-05 15:50:57.476 V/PhoneStatusBar( 1712): setLightsOn(true)
06-05 15:50:57.478 D/gralloc_ranchu( 1346): gralloc_alloc: Creating ashmem region of size 9023488
06-05 15:50:57.493 V/PhoneStatusBar( 1712): setLightsOn(true)
06-05 15:50:57.509 I/ActivityManager( 1630): Displayed com.evancharlton.mileage/.VehicleTypeListActivity: +121ms
06-05 15:50:57.510 V/PhoneStatusBar( 1712): setLightsOn(true)
06-05 15:50:57.510 D/gralloc_ranchu( 1346): gralloc_alloc: Creating ashmem region of size 9023488
06-05 15:50:57.542 V/PhoneStatusBar( 1712): setLightsOn(true)
06-05 15:50:57.559 V/PhoneStatusBar( 1712): setLightsOn(true)
06-05 15:50:57.707 I/System.out(19463): URI: //map
06-05 15:50:57.707 I/System.out(19463): params: {json={"query":"* {text CONTAINS[c] 'Vehicle types'}","operation":{"method_name":"query","arguments":[]}}
06-05 15:50:57.707 I/System.out(19463): }
06-05 15:50:57.725 I/System.out(19463): URI: //
06-05 15:50:57.725 I/System.out(19463): params: {json={"command":"press_key","arguments":["KEYCODE_MENU"]}
06-05 15:50:57.725 I/System.out(19463): }
06-05 15:50:57.725 I/System.out(19463): header: {content-type=application/json;charset=utf-8, date=Fri, 05 Jun 2020 20:50:58 GMT, accept=*/*, host=127.0.0.1:34784, content-length=52, user-agent=HTTPClient/1.0 (2.8.3, ruby 2.5.1 (2018-03-29))}
06-05 15:50:57.725 I/System.out(19463): params: {json={"command":"press_key","arguments":["KEYCODE_MENU"]}
06-05 15:50:57.725 I/System.out(19463): }
06-05 15:50:57.725 I/System.out(19463): ProP json = {"command":"press_key","arguments":["KEYCODE_MENU"]}
06-05 15:50:57.725 I/System.out(19463): files: {}
06-05 15:50:57.725 I/System.out(19463): command: {"command":"press_key","arguments":["KEYCODE_MENU"]}
06-05 15:50:57.727 I/InstrumentationBackend(19463): Got command:'Command:'Line:null,press_key', arguments:'[KEYCODE_MENU]'
06-05 15:50:57.730 V/PhoneStatusBar( 1712): setLightsOn(true)
06-05 15:50:57.733 I/System.out(19463): result:{"bonusInformation":[],"message":"","success":true}
06-05 15:50:57.736 I/System.out(19463): URI: //map
06-05 15:50:57.736 I/System.out(19463): params: {json={"query":"* marked:'Add new vehicle type'","operation":{"method_name":"query","arguments":[]}}
06-05 15:50:57.736 I/System.out(19463): }
06-05 15:50:57.743 V/PhoneStatusBar( 1712): setLightsOn(true)
06-05 15:50:57.746 V/PhoneStatusBar( 1712): setLightsOn(true)
06-05 15:50:57.760 V/PhoneStatusBar( 1712): setLightsOn(true)
06-05 15:50:57.776 V/PhoneStatusBar( 1712): setLightsOn(true)
06-05 15:50:57.777 D/gralloc_ranchu( 1346): gralloc_alloc: Creating ashmem region of size 929792
06-05 15:50:57.786 V/PhoneStatusBar( 1712): setLightsOn(true)
06-05 15:50:57.786 W/ResourceType(19463): No package identifier when getting name for resource number 0x00000001
06-05 15:50:57.793 V/PhoneStatusBar( 1712): setLightsOn(true)
06-05 15:50:57.796 I/System.out(19463): URI: //gesture
06-05 15:50:57.796 I/System.out(19463): params: {json={"query_timeout":5.0,"gestures":[{"query_string":"* marked:'Add new vehicle type'","touches":[{"x":50,"y":50,"offset_x":0,"offset_y":0,"wait":0.0,"time":0.2,"release":true,"query_string":null}]}]}
06-05 15:50:57.796 I/System.out(19463): }
06-05 15:50:57.800 W/ResourceType(19463): No package identifier when getting name for resource number 0x00000001
06-05 15:50:57.876 V/PhoneStatusBar( 1712): setLightsOn(true)
06-05 15:50:57.877 V/PhoneStatusBar( 1712): setLightsOn(true)
06-05 15:50:57.893 V/PhoneStatusBar( 1712): setLightsOn(true)
06-05 15:50:57.909 D/gralloc_ranchu( 1346): gralloc_alloc: Creating ashmem region of size 929792
06-05 15:50:58.009 V/PhoneStatusBar( 1712): setLightsOn(true)
06-05 15:50:58.026 I/WindowManager( 1630): Destroying surface Surface(name=com.evancharlton.mileage/com.evancharlton.mileage.Mileage) called by com.android.server.wm.WindowStateAnimator.destroySurface:2016 com.android.server.wm.WindowStateAnimator.destroySurfaceLocked:882 com.android.server.wm.WindowState.destroyOrSaveSurface:2100 com.android.server.wm.WindowManagerService.tryStartExitingAnimation:3024 com.android.server.wm.WindowManagerService.relayoutWindow:2904 com.android.server.wm.Session.relayout:224 android.view.IWindowSession$Stub.onTransact:286 com.android.server.wm.Session.onTransact:145 
06-05 15:50:58.027 V/PhoneStatusBar( 1712): setLightsOn(true)
06-05 15:50:58.028 I/ActivityManager( 1630): START u0 {cmp=com.evancharlton.mileage/.VehicleTypeActivity} from uid 10086 on display 0
06-05 15:50:58.030 V/PhoneStatusBar( 1712): setLightsOn(true)
06-05 15:50:58.030 V/PhoneStatusBar( 1712): setLightsOn(true)
06-05 15:50:58.034 I/WindowManager( 1630): Destroying surface Surface(name=AtchDlg:com.evancharlton.mileage/com.evancharlton.mileage.VehicleTypeListActivity) called by com.android.server.wm.WindowStateAnimator.destroySurface:2016 com.android.server.wm.WindowStateAnimator.destroySurfaceLocked:882 com.android.server.wm.WindowState.removeLocked:1456 com.android.server.wm.WindowManagerService.removeWindowInnerLocked:2484 com.android.server.wm.WindowManagerService.removeWindowLocked:2442 com.android.server.wm.WindowManagerService.removeWindowLocked:2311 com.android.server.wm.WindowManagerService.removeWindow:2306 com.android.server.wm.Session.remove:202 
06-05 15:50:58.035 I/calabash(19463): newActivity1
06-05 15:50:58.037 I/System.out(19463): URI: //map
06-05 15:50:58.037 I/System.out(19463): params: {json={"query":"android.widget.EditText index:0","operation":{"method_name":"query","arguments":[]}}
06-05 15:50:58.037 I/System.out(19463): }
06-05 15:50:58.045 V/PhoneStatusBar( 1712): setLightsOn(true)
06-05 15:50:58.059 V/PhoneStatusBar( 1712): setLightsOn(true)
06-05 15:50:58.061 D/gralloc_ranchu( 1346): gralloc_alloc: Creating ashmem region of size 9023488
06-05 15:50:58.076 V/PhoneStatusBar( 1712): setLightsOn(true)
06-05 15:50:58.086 I/ActivityManager( 1630): Displayed com.evancharlton.mileage/.VehicleTypeActivity: +56ms
06-05 15:50:58.087 W/InputMethodService( 1697): Window size has been changed. This may cause jankiness of resizing window: -1 -> -2
06-05 15:50:58.093 D/gralloc_ranchu( 1346): gralloc_alloc: Creating ashmem region of size 9023488
06-05 15:50:58.093 V/PhoneStatusBar( 1712): setLightsOn(true)
06-05 15:50:58.097 I/LatinIME( 1697): Starting input. Cursor position = 0,0
06-05 15:50:58.099 I/System.out(19463): URI: //gesture
06-05 15:50:58.099 I/System.out(19463): params: {json={"query_timeout":5.0,"gestures":[{"query_string":"android.widget.EditText index:0","touches":[{"x":50,"y":50,"offset_x":0,"offset_y":0,"wait":0.0,"time":0.2,"release":true,"query_string":null}]}]}
06-05 15:50:58.099 I/System.out(19463): }
06-05 15:50:58.109 V/PhoneStatusBar( 1712): setLightsOn(true)
06-05 15:50:58.176 V/PhoneStatusBar( 1712): setLightsOn(true)
06-05 15:50:58.193 V/PhoneStatusBar( 1712): setLightsOn(true)
06-05 15:50:58.211 D/EGL_emulation( 1697): eglMakeCurrent: 0xb4085660: ver 2 0 (tinfo 0xb40834b0)
06-05 15:50:58.227 D/EGL_emulation( 1712): eglMakeCurrent: 0xb4085540: ver 2 0 (tinfo 0xb4083740)
06-05 15:50:58.237 D/EGL_emulation( 1712): eglMakeCurrent: 0xb4085540: ver 2 0 (tinfo 0xb4083740)
06-05 15:50:58.243 V/PhoneStatusBar( 1712): setLightsOn(true)
06-05 15:50:58.327 V/PhoneStatusBar( 1712): setLightsOn(true)
06-05 15:50:58.444 V/PhoneStatusBar( 1712): setLightsOn(true)
06-05 15:50:58.446 V/PhoneStatusBar( 1712): setLightsOn(true)
06-05 15:50:58.460 V/PhoneStatusBar( 1712): setLightsOn(true)
06-05 15:50:58.460 I/WindowManager( 1630): Destroying surface Surface(name=com.evancharlton.mileage/com.evancharlton.mileage.VehicleTypeListActivity) called by com.android.server.wm.WindowStateAnimator.destroySurface:2016 com.android.server.wm.WindowStateAnimator.destroySurfaceLocked:882 com.android.server.wm.WindowState.destroyOrSaveSurface:2100 com.android.server.wm.WindowManagerService.tryStartExitingAnimation:3024 com.android.server.wm.WindowManagerService.relayoutWindow:2904 com.android.server.wm.Session.relayout:224 android.view.IWindowSession$Stub.onTransact:286 com.android.server.wm.Session.onTransact:145 
06-05 15:50:58.461 V/PhoneStatusBar( 1712): setLightsOn(true)
06-05 15:50:58.905 I/System.out(19463): URI: //
06-05 15:50:58.905 I/System.out(19463): params: {json={"command":"set_selection","arguments":[-1,-1]}
06-05 15:50:58.905 I/System.out(19463): }
06-05 15:50:58.905 I/System.out(19463): header: {content-type=application/json;charset=utf-8, date=Fri, 05 Jun 2020 20:50:59 GMT, accept=*/*, host=127.0.0.1:34784, content-length=47, user-agent=HTTPClient/1.0 (2.8.3, ruby 2.5.1 (2018-03-29))}
06-05 15:50:58.905 I/System.out(19463): params: {json={"command":"set_selection","arguments":[-1,-1]}
06-05 15:50:58.905 I/System.out(19463): }
06-05 15:50:58.905 I/System.out(19463): ProP json = {"command":"set_selection","arguments":[-1,-1]}
06-05 15:50:58.905 I/System.out(19463): files: {}
06-05 15:50:58.905 I/System.out(19463): command: {"command":"set_selection","arguments":[-1,-1]}
06-05 15:50:58.906 I/InstrumentationBackend(19463): Got command:'Command:'Line:null,set_selection', arguments:'[-1, -1]'
06-05 15:50:58.909 I/System.out(19463): result:{"bonusInformation":[],"message":"","success":true}
06-05 15:50:58.927 I/System.out(19463): URI: //
06-05 15:50:58.927 I/System.out(19463): params: {json={"command":"keyboard_enter_text","arguments":["Sedan"]}
06-05 15:50:58.927 I/System.out(19463): }
06-05 15:50:58.927 I/System.out(19463): header: {content-type=application/json;charset=utf-8, date=Fri, 05 Jun 2020 20:50:59 GMT, accept=*/*, host=127.0.0.1:34784, content-length=55, user-agent=HTTPClient/1.0 (2.8.3, ruby 2.5.1 (2018-03-29))}
06-05 15:50:58.927 I/System.out(19463): params: {json={"command":"keyboard_enter_text","arguments":["Sedan"]}
06-05 15:50:58.927 I/System.out(19463): }
06-05 15:50:58.927 I/System.out(19463): ProP json = {"command":"keyboard_enter_text","arguments":["Sedan"]}
06-05 15:50:58.927 I/System.out(19463): files: {}
06-05 15:50:58.927 I/System.out(19463): command: {"command":"keyboard_enter_text","arguments":["Sedan"]}
06-05 15:50:58.928 I/InstrumentationBackend(19463): Got command:'Command:'Line:null,keyboard_enter_text', arguments:'[Sedan]'
06-05 15:50:58.929 E/SpannableStringBuilder(19463): SPAN_EXCLUSIVE_EXCLUSIVE spans cannot have a zero length
06-05 15:50:58.929 E/SpannableStringBuilder(19463): SPAN_EXCLUSIVE_EXCLUSIVE spans cannot have a zero length
06-05 15:50:58.934 E/SpannableStringBuilder(19463): SPAN_EXCLUSIVE_EXCLUSIVE spans cannot have a zero length
06-05 15:50:58.934 E/SpannableStringBuilder(19463): SPAN_EXCLUSIVE_EXCLUSIVE spans cannot have a zero length
06-05 15:50:58.938 I/System.out(19463): result:{"bonusInformation":[],"message":"","success":true}
06-05 15:50:58.941 I/System.out(19463): URI: //map
06-05 15:50:58.941 I/System.out(19463): params: {json={"query":"android.widget.EditText index:1","operation":{"method_name":"query","arguments":[]}}
06-05 15:50:58.941 I/System.out(19463): }
06-05 15:50:58.990 I/art     (19463): Do partial code cache collection, code=59KB, data=61KB
06-05 15:50:58.990 I/art     (19463): After code cache collection, code=58KB, data=61KB
06-05 15:50:58.990 I/art     (19463): Increasing code cache capacity to 256KB
06-05 15:50:58.995 I/System.out(19463): URI: //gesture
06-05 15:50:58.995 I/System.out(19463): params: {json={"query_timeout":5.0,"gestures":[{"query_string":"android.widget.EditText index:1","touches":[{"x":50,"y":50,"offset_x":0,"offset_y":0,"wait":0.0,"time":0.2,"release":true,"query_string":null}]}]}
06-05 15:50:58.995 I/System.out(19463): }
06-05 15:50:59.232 I/LatinIME( 1697): Starting input. Cursor position = 0,0
06-05 15:50:59.275 W/IInputConnectionWrapper(19463): finishComposingText on inactive InputConnection
06-05 15:50:59.275 W/IInputConnectionWrapper(19463): finishComposingText on inactive InputConnection
06-05 15:50:59.329 D/gralloc_ranchu( 1346): gralloc_alloc: Creating ashmem region of size 9023488
06-05 15:50:59.736 I/System.out(19463): URI: //
06-05 15:50:59.736 I/System.out(19463): params: {json={"command":"set_selection","arguments":[-1,-1]}
06-05 15:50:59.736 I/System.out(19463): }
06-05 15:50:59.736 I/System.out(19463): header: {content-type=application/json;charset=utf-8, date=Fri, 05 Jun 2020 20:51:00 GMT, accept=*/*, host=127.0.0.1:34784, content-length=47, user-agent=HTTPClient/1.0 (2.8.3, ruby 2.5.1 (2018-03-29))}
06-05 15:50:59.736 I/System.out(19463): params: {json={"command":"set_selection","arguments":[-1,-1]}
06-05 15:50:59.736 I/System.out(19463): }
06-05 15:50:59.736 I/System.out(19463): ProP json = {"command":"set_selection","arguments":[-1,-1]}
06-05 15:50:59.736 I/System.out(19463): files: {}
06-05 15:50:59.736 I/System.out(19463): command: {"command":"set_selection","arguments":[-1,-1]}
06-05 15:50:59.737 I/InstrumentationBackend(19463): Got command:'Command:'Line:null,set_selection', arguments:'[-1, -1]'
