--------- beginning of main
06-06 03:16:15.197 V/PhoneStatusBar( 1711): setLightsOn(true)
06-06 03:16:15.199 D/gralloc_ranchu( 1347): gralloc_alloc: Creating ashmem region of size 3145728
06-06 03:16:15.203 E/EGL_emulation( 1347): tid 1347: eglCreateSyncKHR(1901): error 0x3004 (EGL_BAD_ATTRIBUTE)
--------- beginning of system
06-06 03:16:15.216 W/ActivityManager( 1630): Finishing task with all activities already finished
06-06 03:16:15.216 W/ActivityManager( 1630): Duplicate finish request for ActivityRecord{29c8dc0 u0 com.evancharlton.mileage/.Mileage t12690 f}
06-06 03:16:15.216 W/ActivityManager( 1630): Finishing task with all activities already finished
06-06 03:16:15.216 W/ActivityManager( 1630): Duplicate finish request for ActivityRecord{29c8dc0 u0 com.evancharlton.mileage/.Mileage t12690 f}
06-06 03:16:15.216 W/ActivityManager( 1630): Finishing task with all activities already finished
06-06 03:16:15.216 W/ActivityManager( 1630): Duplicate finish request for ActivityRecord{29c8dc0 u0 com.evancharlton.mileage/.Mileage t12690 f}
06-06 03:16:15.217 W/ActivityManager( 1630): Finishing task with all activities already finished
06-06 03:16:15.217 W/ActivityManager( 1630): Duplicate finish request for ActivityRecord{29c8dc0 u0 com.evancharlton.mileage/.Mileage t12690 f}
06-06 03:16:15.217 W/ActivityManager( 1630): Finishing task with all activities already finished
06-06 03:16:15.217 W/ActivityManager( 1630): Duplicate finish request for ActivityRecord{29c8dc0 u0 com.evancharlton.mileage/.Mileage t12690 f}
06-06 03:16:15.217 W/ActivityManager( 1630): Finishing task with all activities already finished
06-06 03:16:15.217 W/ActivityManager( 1630): Duplicate finish request for ActivityRecord{a5ca7aa u0 com.evancharlton.mileage/.VehicleActivity t12690 f}
06-06 03:16:15.217 W/ActivityManager( 1630): Finishing task with all activities already finished
06-06 03:16:15.217 W/ActivityManager( 1630): Duplicate finish request for ActivityRecord{a5ca7aa u0 com.evancharlton.mileage/.VehicleActivity t12690 f}
06-06 03:16:15.217 W/ActivityManager( 1630): Finishing task with all activities already finished
06-06 03:16:15.217 W/ActivityManager( 1630): Duplicate finish request for ActivityRecord{29c8dc0 u0 com.evancharlton.mileage/.Mileage t12690 f}
06-06 03:16:15.217 W/ActivityManager( 1630): Finishing task with all activities already finished
06-06 03:16:15.217 W/ActivityManager( 1630): Duplicate finish request for ActivityRecord{29c8dc0 u0 com.evancharlton.mileage/.Mileage t12690 f}
06-06 03:16:15.264 D/EGL_emulation( 2078): eglMakeCurrent: 0x9852d440: ver 2 0 (tinfo 0xa3d30310)
06-06 03:16:15.282 D/EGL_emulation( 1711): eglMakeCurrent: 0xa7985720: ver 2 0 (tinfo 0xa7983770)
06-06 03:16:15.297 D/EGL_emulation( 1711): eglMakeCurrent: 0xa7985720: ver 2 0 (tinfo 0xa7983770)
06-06 03:16:15.300 D/EGL_emulation( 1711): eglMakeCurrent: 0xa7985720: ver 2 0 (tinfo 0xa7983770)
06-06 03:16:15.314 D/EGL_emulation( 1711): eglMakeCurrent: 0xa7985720: ver 2 0 (tinfo 0xa7983770)
06-06 03:16:15.315 D/EGL_emulation( 1711): eglMakeCurrent: 0xa7985720: ver 2 0 (tinfo 0xa7983770)
06-06 03:16:15.330 D/EGL_emulation( 1711): eglMakeCurrent: 0xa7985720: ver 2 0 (tinfo 0xa7983770)
06-06 03:16:15.332 D/EGL_emulation( 1711): eglMakeCurrent: 0xa7985720: ver 2 0 (tinfo 0xa7983770)
06-06 03:16:15.347 D/EGL_emulation( 1711): eglMakeCurrent: 0xa7985720: ver 2 0 (tinfo 0xa7983770)
06-06 03:16:15.349 D/EGL_emulation( 1711): eglMakeCurrent: 0xa7985720: ver 2 0 (tinfo 0xa7983770)
06-06 03:16:15.364 D/EGL_emulation( 1711): eglMakeCurrent: 0xa7985720: ver 2 0 (tinfo 0xa7983770)
06-06 03:16:15.366 D/EGL_emulation( 1711): eglMakeCurrent: 0xa7985720: ver 2 0 (tinfo 0xa7983770)
06-06 03:16:15.381 D/EGL_emulation( 1711): eglMakeCurrent: 0xa7985720: ver 2 0 (tinfo 0xa7983770)
06-06 03:16:15.384 D/EGL_emulation( 1711): eglMakeCurrent: 0xa7985720: ver 2 0 (tinfo 0xa7983770)
06-06 03:16:15.397 D/EGL_emulation( 1711): eglMakeCurrent: 0xa7985720: ver 2 0 (tinfo 0xa7983770)
06-06 03:16:15.399 D/EGL_emulation( 1711): eglMakeCurrent: 0xa7985720: ver 2 0 (tinfo 0xa7983770)
06-06 03:16:15.403 D/AndroidRuntime( 3919): >>>>>> START com.android.internal.os.RuntimeInit uid 2000 <<<<<<
06-06 03:16:15.405 D/AndroidRuntime( 3919): CheckJNI is ON
06-06 03:16:15.414 D/EGL_emulation( 1711): eglMakeCurrent: 0xa7985720: ver 2 0 (tinfo 0xa7983770)
06-06 03:16:15.416 D/EGL_emulation( 1711): eglMakeCurrent: 0xa7985720: ver 2 0 (tinfo 0xa7983770)
06-06 03:16:15.417 W/art     ( 3919): Unexpected CPU variant for X86 using defaults: x86
06-06 03:16:15.419 D/ICU     ( 3919): No timezone override file found: /data/misc/zoneinfo/current/icu/icu_tzdata.dat
06-06 03:16:15.427 E/memtrack( 3919): Couldn't load memtrack module (No such file or directory)
06-06 03:16:15.427 E/android.os.Debug( 3919): failed to load memtrack module: -2
06-06 03:16:15.427 I/Radio-JNI( 3919): register_android_hardware_Radio DONE
06-06 03:16:15.430 D/EGL_emulation( 1711): eglMakeCurrent: 0xa7985720: ver 2 0 (tinfo 0xa7983770)
06-06 03:16:15.431 D/AndroidRuntime( 3919): Calling main entry com.android.commands.am.Am
06-06 03:16:15.432 D/EGL_emulation( 1711): eglMakeCurrent: 0xa7985720: ver 2 0 (tinfo 0xa7983770)
06-06 03:16:15.433 I/ActivityManager( 1630): Force stopping com.evancharlton.mileage appid=10422 user=0: start instr
06-06 03:16:15.433 I/ActivityManager( 1630): Killing 3863:com.evancharlton.mileage/u0a422 (adj 0): stop com.evancharlton.mileage
06-06 03:16:15.433 D/ActivityManager( 1630): cleanUpApplicationRecord -- 3863
06-06 03:16:15.433 I/WindowManager( 1630): Destroying surface Surface(name=com.evancharlton.mileage/com.evancharlton.mileage.VehicleActivity) called by com.android.server.wm.WindowStateAnimator.destroySurface:2016 com.android.server.wm.WindowStateAnimator.destroySurfaceLocked:882 com.android.server.wm.WindowState.removeLocked:1456 com.android.server.wm.WindowManagerService.removeWindowInnerLocked:2484 com.android.server.wm.WindowManagerService.removeWindowLocked:2442 com.android.server.wm.WindowManagerService.removeWindowLocked:2311 com.android.server.wm.AppWindowToken.removeAllWindows:530 com.android.server.wm.AppWindowToken.removeAppFromTaskLocked:326 
06-06 03:16:15.434 W/ActivityManager( 1630): Crash of app com.evancharlton.mileage running instrumentation ComponentInfo{com.evancharlton.mileage.test/sh.calaba.instrumentationbackend.CalabashInstrumentationTestRunner}
06-06 03:16:15.434 I/ActivityManager( 1630): Force stopping com.evancharlton.mileage appid=10422 user=0: finished inst
06-06 03:16:15.437 I/art     ( 3929): Not late-enabling -Xcheck:jni (already on)
06-06 03:16:15.437 W/art     ( 3929): Unexpected CPU variant for X86 using defaults: x86
06-06 03:16:15.445 I/ActivityManager( 1630): Start proc 3929:com.evancharlton.mileage/u0a422 for added application com.evancharlton.mileage
06-06 03:16:15.446 D/AndroidRuntime( 3919): Shutting down VM
06-06 03:16:15.447 D/EGL_emulation( 1711): eglMakeCurrent: 0xa7985720: ver 2 0 (tinfo 0xa7983770)
06-06 03:16:15.450 D/EGL_emulation( 1711): eglMakeCurrent: 0xa7985720: ver 2 0 (tinfo 0xa7983770)
06-06 03:16:15.452 W/System  ( 3929): ClassLoader referenced unknown path: /data/app/com.evancharlton.mileage.test-1/lib/x86
06-06 03:16:15.452 W/System  ( 3929): ClassLoader referenced unknown path: /data/app/com.evancharlton.mileage-1/lib/x86
06-06 03:16:15.454 W/System  ( 3929): ClassLoader referenced unknown path: 
06-06 03:16:15.458 I/System.out( 3929): Main activity name automatically set to: com.evancharlton.mileage.Mileage
06-06 03:16:15.458 I/System.out( 3929): Calabash did not load Mono. This is only a problem if you are trying to test a Mono application
06-06 03:16:15.458 I/calabash( 3929): Test server port: 7102
06-06 03:16:15.458 I/InstrumentationBackend( 3929): Added:'GetPreferences', with key:'get_preferences'
06-06 03:16:15.463 I/InstrumentationBackend( 3929): Added:'SetPreferences', with key:'set_preferences'
06-06 03:16:15.463 I/InstrumentationBackend( 3929): Added:'ClearPreferences', with key:'clear_preferences'
06-06 03:16:15.463 I/InstrumentationBackend( 3929): Added:'PressElement', with key:'press_l10n_element'
06-06 03:16:15.463 I/InstrumentationBackend( 3929): Added:'WaitForElement', with key:'wait_for_l10n_element'
06-06 03:16:15.463 I/InstrumentationBackend( 3929): Added:'NullAction', with key:'nullAction'
06-06 03:16:15.463 I/InstrumentationBackend( 3929): Added:'PressKey', with key:'press_key'
06-06 03:16:15.463 I/InstrumentationBackend( 3929): Added:'SetActivityOrientation', with key:'set_activity_orientation'
06-06 03:16:15.463 I/InstrumentationBackend( 3929): Added:'GetActivityOrientation', with key:'get_activity_orientation'
06-06 03:16:15.463 I/InstrumentationBackend( 3929): Added:'FakeGPSLocation', with key:'set_gps_coordinates'
06-06 03:16:15.463 I/InstrumentationBackend( 3929): Added:'SetPropertyByCssSelector', with key:'set_property_by_css_selector'
06-06 03:16:15.463 I/InstrumentationBackend( 3929): Added:'GetUrl', with key:'get_url'
06-06 03:16:15.463 D/EGL_emulation( 1711): eglMakeCurrent: 0xa7985720: ver 2 0 (tinfo 0xa7983770)
06-06 03:16:15.464 I/InstrumentationBackend( 3929): Added:'ScrollTo', with key:'scroll_to'
06-06 03:16:15.464 I/InstrumentationBackend( 3929): Added:'GetLoadProgress', with key:'get_load_progress'
06-06 03:16:15.464 I/InstrumentationBackend( 3929): Added:'DumpHtml', with key:'dump_html'
06-06 03:16:15.464 I/InstrumentationBackend( 3929): Added:'DumpBodyHtml', with key:'dump_body_html'
06-06 03:16:15.464 I/InstrumentationBackend( 3929): Added:'EnterTextByCssSelector', with key:'enter_text_by_selector'
06-06 03:16:15.464 I/InstrumentationBackend( 3929): Added:'AndroidSDKVersion', with key:'android_sdk_version'
06-06 03:16:15.464 I/InstrumentationBackend( 3929): Added:'Version', with key:'version'
06-06 03:16:15.464 I/InstrumentationBackend( 3929): Added:'Drag', with key:'drag'
06-06 03:16:15.465 I/InstrumentationBackend( 3929): Added:'TouchCoordinates', with key:'touch_coordinate'
06-06 03:16:15.465 I/InstrumentationBackend( 3929): Added:'LongPressCoordinate', with key:'long_press_coordinate'
06-06 03:16:15.465 I/InstrumentationBackend( 3929): Added:'DragCoordinates', with key:'drag_coordinates'
06-06 03:16:15.465 I/InstrumentationBackend( 3929): Added:'ResumeApplication', with key:'resume_application'
06-06 03:16:15.465 I/InstrumentationBackend( 3929): Added:'Swipe', with key:'swipe'
06-06 03:16:15.465 I/InstrumentationBackend( 3929): Added:'DoubleTapCoordinate', with key:'double_tap_coordinate'
06-06 03:16:15.465 I/InstrumentationBackend( 3929): Added:'ClickOnScreen', with key:'click_on_screen'
06-06 03:16:15.465 I/InstrumentationBackend( 3929): Added:'GetActivityName', with key:'get_activity_name'
06-06 03:16:15.465 D/EGL_emulation( 1711): eglMakeCurrent: 0xa7985720: ver 2 0 (tinfo 0xa7983770)
06-06 03:16:15.465 I/InstrumentationBackend( 3929): Added:'ScrollToView', with key:'scroll_to_view'
06-06 03:16:15.465 I/InstrumentationBackend( 3929): Added:'ViewConfiguration', with key:'view_configuration'
06-06 03:16:15.465 I/InstrumentationBackend( 3929): Added:'IsCurrentActivityFocused', with key:'is_current_activity_focused'
06-06 03:16:15.465 I/InstrumentationBackend( 3929): Added:'SendTcp', with key:'send_tcp'
06-06 03:16:15.465 I/InstrumentationBackend( 3929): Added:'DpToDevicePixel', with key:'dp_to_device_pixel'
06-06 03:16:15.466 I/InstrumentationBackend( 3929): Added:'KeyboardEnterText', with key:'keyboard_enter_text'
06-06 03:16:15.466 I/InstrumentationBackend( 3929): Added:'DeleteSurroundingText', with key:'delete_surrounding_text'
06-06 03:16:15.466 I/InstrumentationBackend( 3929): Added:'SetComposingRegion', with key:'set_composing_region'
06-06 03:16:15.466 I/InstrumentationBackend( 3929): Added:'SetSelection', with key:'set_selection'
06-06 03:16:15.466 I/InstrumentationBackend( 3929): Added:'KeyboardKeyEvent', with key:'keyboard_key_event'
06-06 03:16:15.466 I/InstrumentationBackend( 3929): Added:'PressUserActionButton', with key:'press_user_action_button'
06-06 03:16:15.466 I/InstrumentationBackend( 3929): Added:'HideSoftKeyboard', with key:'hide_soft_keyboard'
06-06 03:16:15.466 I/InstrumentationBackend( 3929): Added:'ListActions', with key:'list_actions'
06-06 03:16:15.466 I/calabash( 3929): Instantiating http server at 7102
06-06 03:16:15.467 I/System.out( 3929): HTTP Daemon listening on: 7102
06-06 03:16:15.481 D/EGL_emulation( 1711): eglMakeCurrent: 0xa7985720: ver 2 0 (tinfo 0xa7983770)
06-06 03:16:15.497 D/EGL_emulation( 1711): eglMakeCurrent: 0xa7985720: ver 2 0 (tinfo 0xa7983770)
06-06 03:16:15.498 D/EGL_emulation( 1711): eglMakeCurrent: 0xa7985720: ver 2 0 (tinfo 0xa7983770)
06-06 03:16:15.510 W/InputDispatcher( 1630): channel 'b15af8f com.evancharlton.mileage/com.evancharlton.mileage.Mileage (server)' ~ Consumer closed input channel or an error occurred.  events=0x9
06-06 03:16:15.510 E/InputDispatcher( 1630): channel 'b15af8f com.evancharlton.mileage/com.evancharlton.mileage.Mileage (server)' ~ Channel is unrecoverably broken and will be disposed!
06-06 03:16:15.510 I/WindowManager( 1630): WIN DEATH: Window{b15af8f u0 com.evancharlton.mileage/com.evancharlton.mileage.Mileage EXITING}
06-06 03:16:15.510 W/InputDispatcher( 1630): Attempted to unregister already unregistered input channel 'b15af8f com.evancharlton.mileage/com.evancharlton.mileage.Mileage (server)'
06-06 03:16:15.556 I/System.out( 3929): URI: //ping
06-06 03:16:15.556 I/System.out( 3929): params: {json={}
06-06 03:16:15.556 I/System.out( 3929): }
06-06 03:16:15.558 I/System.out( 3929): URI: //ping
06-06 03:16:15.558 I/System.out( 3929): params: {json={}
06-06 03:16:15.558 I/System.out( 3929): }
06-06 03:16:15.560 I/System.out( 3929): URI: //ready
06-06 03:16:15.560 I/System.out( 3929): params: {json={}
06-06 03:16:15.560 I/System.out( 3929): }
06-06 03:16:15.562 I/System.out( 3929): URI: //
06-06 03:16:15.562 I/System.out( 3929): params: {json={"command":"version","arguments":[]}
06-06 03:16:15.562 I/System.out( 3929): }
06-06 03:16:15.562 I/System.out( 3929): header: {content-type=application/json;charset=utf-8, date=Sat, 06 Jun 2020 08:16:16 GMT, accept=*/*, host=127.0.0.1:34777, content-length=36, user-agent=HTTPClient/1.0 (2.8.3, ruby 2.5.1 (2018-03-29))}
06-06 03:16:15.562 I/System.out( 3929): params: {json={"command":"version","arguments":[]}
06-06 03:16:15.562 I/System.out( 3929): }
06-06 03:16:15.562 I/System.out( 3929): ProP json = {"command":"version","arguments":[]}
06-06 03:16:15.562 I/System.out( 3929): files: {}
06-06 03:16:15.562 I/System.out( 3929): command: {"command":"version","arguments":[]}
06-06 03:16:15.567 I/InstrumentationBackend( 3929): Got command:'Command:'Line:null,version', arguments:'[]'
06-06 03:16:15.575 I/System.out( 3929): result:{"bonusInformation":[],"message":"0.9.8","success":true}
06-06 03:16:15.577 I/System.out( 3929): URI: //start-application
06-06 03:16:15.577 I/System.out( 3929): params: {json={"intent":null}
06-06 03:16:15.577 I/System.out( 3929): }
06-06 03:16:15.591 I/ActivityManager( 1630): START u0 {act=android.intent.action.MAIN cat=[android.intent.category.LAUNCHER] flg=0x10200000 cmp=com.evancharlton.mileage/.Mileage} from uid 10422 on display 0
06-06 03:16:15.601 I/calabash( 3929): newActivity1
06-06 03:16:15.612 I/calabash( 3929): newActivity1
06-06 03:16:15.614 D/gralloc_ranchu( 1347): gralloc_alloc: Creating ashmem region of size 9023488
06-06 03:16:15.614 W/ActivityManager( 1630): Bad activity token: android.os.BinderProxy@4cf2962
06-06 03:16:15.614 W/ActivityManager( 1630): java.lang.ClassCastException: android.os.BinderProxy cannot be cast to com.android.server.am.ActivityRecord$Token
06-06 03:16:15.614 W/ActivityManager( 1630): 	at com.android.server.am.ActivityRecord.forTokenLocked(ActivityRecord.java:586)
06-06 03:16:15.614 W/ActivityManager( 1630): 	at com.android.server.am.ActivityRecord.isInStackLocked(ActivityRecord.java:1327)
06-06 03:16:15.614 W/ActivityManager( 1630): 	at com.android.server.am.ActivityRecord.getStackLocked(ActivityRecord.java:1332)
06-06 03:16:15.614 W/ActivityManager( 1630): 	at com.android.server.am.ActivityManagerService.getActivityDisplayId(ActivityManagerService.java:9806)
06-06 03:16:15.614 W/ActivityManager( 1630): 	at android.app.ActivityManagerNative.onTransact(ActivityManagerNative.java:2566)
06-06 03:16:15.614 W/ActivityManager( 1630): 	at com.android.server.am.ActivityManagerService.onTransact(ActivityManagerService.java:2757)
06-06 03:16:15.614 W/ActivityManager( 1630): 	at android.os.Binder.execTransact(Binder.java:565)
06-06 03:16:15.616 W/ActivityManager( 1630): Bad activity token: android.os.BinderProxy@4cf2962
06-06 03:16:15.616 W/ActivityManager( 1630): java.lang.ClassCastException: android.os.BinderProxy cannot be cast to com.android.server.am.ActivityRecord$Token
06-06 03:16:15.616 W/ActivityManager( 1630): 	at com.android.server.am.ActivityRecord.forTokenLocked(ActivityRecord.java:586)
06-06 03:16:15.616 W/ActivityManager( 1630): 	at com.android.server.am.ActivityRecord.isInStackLocked(ActivityRecord.java:1327)
06-06 03:16:15.616 W/ActivityManager( 1630): 	at com.android.server.am.ActivityManagerService.setTaskDescription(ActivityManagerService.java:9358)
06-06 03:16:15.616 W/ActivityManager( 1630): 	at android.app.ActivityManagerNative.onTransact(ActivityManagerNative.java:2639)
06-06 03:16:15.616 W/ActivityManager( 1630): 	at com.android.server.am.ActivityManagerService.onTransact(ActivityManagerService.java:2757)
06-06 03:16:15.616 W/ActivityManager( 1630): 	at android.os.Binder.execTransact(Binder.java:565)
06-06 03:16:15.616 W/ActivityManager( 1630): Bad activity token: android.os.BinderProxy@4cf2962
06-06 03:16:15.616 W/ActivityManager( 1630): java.lang.ClassCastException: android.os.BinderProxy cannot be cast to com.android.server.am.ActivityRecord$Token
06-06 03:16:15.616 W/ActivityManager( 1630): 	at com.android.server.am.ActivityRecord.forTokenLocked(ActivityRecord.java:586)
06-06 03:16:15.616 W/ActivityManager( 1630): 	at com.android.server.am.ActivityRecord.isInStackLocked(ActivityRecord.java:1327)
06-06 03:16:15.616 W/ActivityManager( 1630): 	at com.android.server.am.ActivityRecord.getStackLocked(ActivityRecord.java:1332)
06-06 03:16:15.616 W/ActivityManager( 1630): 	at com.android.server.am.ActivityManagerService.getActivityStackId(ActivityManagerService.java:9817)
06-06 03:16:15.616 W/ActivityManager( 1630): 	at android.app.ActivityManagerNative.onTransact(ActivityManagerNative.java:2856)
06-06 03:16:15.616 W/ActivityManager( 1630): 	at com.android.server.am.ActivityManagerService.onTransact(ActivityManagerService.java:2757)
06-06 03:16:15.616 W/ActivityManager( 1630): 	at android.os.Binder.execTransact(Binder.java:565)
06-06 03:16:15.637 W/ActivityManager( 1630): Bad activity token: android.os.BinderProxy@4cf2962
06-06 03:16:15.637 W/ActivityManager( 1630): java.lang.ClassCastException: android.os.BinderProxy cannot be cast to com.android.server.am.ActivityRecord$Token
06-06 03:16:15.637 W/ActivityManager( 1630): 	at com.android.server.am.ActivityRecord.forTokenLocked(ActivityRecord.java:586)
06-06 03:16:15.637 W/ActivityManager( 1630): 	at com.android.server.am.ActivityRecord.isInStackLocked(ActivityRecord.java:1327)
06-06 03:16:15.637 W/ActivityManager( 1630): 	at com.android.server.am.ActivityManagerService.getActivityOptions(ActivityManagerService.java:12559)
06-06 03:16:15.637 W/ActivityManager( 1630): 	at android.app.ActivityManagerNative.onTransact(ActivityManagerNative.java:1933)
06-06 03:16:15.637 W/ActivityManager( 1630): 	at com.android.server.am.ActivityManagerService.onTransact(ActivityManagerService.java:2757)
06-06 03:16:15.637 W/ActivityManager( 1630): 	at android.os.Binder.execTransact(Binder.java:565)
06-06 03:16:15.637 W/ActivityManager( 1630): Bad activity token: android.os.BinderProxy@4cf2962
06-06 03:16:15.637 W/ActivityManager( 1630): java.lang.ClassCastException: android.os.BinderProxy cannot be cast to com.android.server.am.ActivityRecord$Token
06-06 03:16:15.637 W/ActivityManager( 1630): 	at com.android.server.am.ActivityRecord.forTokenLocked(ActivityRecord.java:586)
06-06 03:16:15.637 W/ActivityManager( 1630): 	at com.android.server.am.ActivityRecord.isInStackLocked(ActivityRecord.java:1327)
06-06 03:16:15.637 W/ActivityManager( 1630): 	at com.android.server.am.ActivityManagerService.getActivityOptions(ActivityManagerService.java:12559)
06-06 03:16:15.637 W/ActivityManager( 1630): 	at android.app.ActivityManagerNative.onTransact(ActivityManagerNative.java:1933)
06-06 03:16:15.637 W/ActivityManager( 1630): 	at com.android.server.am.ActivityManagerService.onTransact(ActivityManagerService.java:2757)
06-06 03:16:15.637 W/ActivityManager( 1630): 	at android.os.Binder.execTransact(Binder.java:565)
06-06 03:16:15.640 V/PhoneStatusBar( 1711): setLightsOn(true)
06-06 03:16:15.647 D/EGL_emulation( 2078): eglMakeCurrent: 0x9852d440: ver 2 0 (tinfo 0xa3d30310)
06-06 03:16:15.649 D/EGL_emulation( 1711): eglMakeCurrent: 0xa7985720: ver 2 0 (tinfo 0xa7983770)
06-06 03:16:15.664 D/gralloc_ranchu( 1347): gralloc_alloc: Creating ashmem region of size 9023488
06-06 03:16:15.665 D/EGL_emulation( 1711): eglMakeCurrent: 0xa7985720: ver 2 0 (tinfo 0xa7983770)
06-06 03:16:15.676 D/        ( 3929): HostConnection::get() New Host Connection established 0x8b62f400, tid 3929
06-06 03:16:15.679 D/EGL_emulation( 1711): eglMakeCurrent: 0xa7985720: ver 2 0 (tinfo 0xa7983770)
06-06 03:16:15.680 V/PhoneStatusBar( 1711): setLightsOn(true)
06-06 03:16:15.742 I/WindowManager( 1630): Destroying surface Surface(name=com.evancharlton.mileage/com.evancharlton.mileage.Mileage) called by com.android.server.wm.WindowStateAnimator.destroySurface:2016 com.android.server.wm.WindowStateAnimator.destroySurfaceLocked:882 com.android.server.wm.WindowState.removeLocked:1456 com.android.server.wm.WindowManagerService.removeWindowInnerLocked:2484 com.android.server.wm.AppWindowToken.destroySurfaces:365 com.android.server.wm.WindowStateAnimator.finishExit:565 com.android.server.wm.AppWindowAnimator.stepAnimationLocked:427 com.android.server.wm.WindowAnimator.updateAppWindowsLocked:196 
06-06 03:16:15.743 D/EGL_emulation( 1711): eglMakeCurrent: 0xa7985720: ver 2 0 (tinfo 0xa7983770)
06-06 03:16:15.746 D/EGL_emulation( 1711): eglMakeCurrent: 0xa7985720: ver 2 0 (tinfo 0xa7983770)
06-06 03:16:15.748 D/EGL_emulation( 1711): eglMakeCurrent: 0xa7985720: ver 2 0 (tinfo 0xa7983770)
06-06 03:16:15.749 D/EGL_emulation( 1711): eglMakeCurrent: 0xa7985720: ver 2 0 (tinfo 0xa7983770)
06-06 03:16:15.751 V/PhoneStatusBar( 1711): setLightsOn(true)
06-06 03:16:15.764 D/EGL_emulation( 1711): eglMakeCurrent: 0xa7985720: ver 2 0 (tinfo 0xa7983770)
06-06 03:16:15.766 D/EGL_emulation( 1711): eglMakeCurrent: 0xa7985720: ver 2 0 (tinfo 0xa7983770)
06-06 03:16:15.781 D/EGL_emulation( 1711): eglMakeCurrent: 0xa7985720: ver 2 0 (tinfo 0xa7983770)
06-06 03:16:15.781 D/gralloc_ranchu( 1347): gralloc_alloc: Creating ashmem region of size 9023488
06-06 03:16:15.803 D/EGL_emulation( 1711): eglMakeCurrent: 0xa7985720: ver 2 0 (tinfo 0xa7983770)
06-06 03:16:15.805 I/ActivityManager( 1630): Displayed com.evancharlton.mileage/.Mileage: +209ms
06-06 03:16:15.805 D/EGL_emulation( 1711): eglMakeCurrent: 0xa7985720: ver 2 0 (tinfo 0xa7983770)
06-06 03:16:15.815 D/EGL_emulation( 1711): eglMakeCurrent: 0xa7985720: ver 2 0 (tinfo 0xa7983770)
06-06 03:16:15.817 D/EGL_emulation( 1711): eglMakeCurrent: 0xa7985720: ver 2 0 (tinfo 0xa7983770)
06-06 03:16:15.830 D/EGL_emulation( 1711): eglMakeCurrent: 0xa7985720: ver 2 0 (tinfo 0xa7983770)
06-06 03:16:15.832 D/EGL_emulation( 1711): eglMakeCurrent: 0xa7985720: ver 2 0 (tinfo 0xa7983770)
06-06 03:16:15.836 I/System.out( 3929): URI: //map
06-06 03:16:15.836 I/System.out( 3929): params: {json={"query":"* marked:'Vehicles'","operation":{"method_name":"query","arguments":[]}}
06-06 03:16:15.836 I/System.out( 3929): }
06-06 03:16:15.847 D/EGL_emulation( 1711): eglMakeCurrent: 0xa7985720: ver 2 0 (tinfo 0xa7983770)
06-06 03:16:15.848 V/PhoneStatusBar( 1711): setLightsOn(true)
06-06 03:16:15.849 D/EGL_emulation( 1711): eglMakeCurrent: 0xa7985720: ver 2 0 (tinfo 0xa7983770)
06-06 03:16:15.851 W/ResourceType( 3929): No package identifier when getting name for resource number 0x00000001
06-06 03:16:15.864 D/EGL_emulation( 1711): eglMakeCurrent: 0xa7985720: ver 2 0 (tinfo 0xa7983770)
06-06 03:16:15.864 I/System.out( 3929): URI: //gesture
06-06 03:16:15.864 I/System.out( 3929): params: {json={"query_timeout":5.0,"gestures":[{"query_string":"* marked:'Vehicles'","touches":[{"x":50,"y":50,"offset_x":0,"offset_y":0,"wait":0.0,"time":0.2,"release":true,"query_string":null}]}]}
06-06 03:16:15.864 I/System.out( 3929): }
06-06 03:16:15.865 D/EGL_emulation( 1711): eglMakeCurrent: 0xa7985720: ver 2 0 (tinfo 0xa7983770)
06-06 03:16:15.870 W/ResourceType( 3929): No package identifier when getting name for resource number 0x00000001
06-06 03:16:15.997 I/WindowManager( 1630): Destroying surface Surface(name=Starting com.evancharlton.mileage) called by com.android.server.wm.WindowStateAnimator.destroySurface:2016 com.android.server.wm.WindowStateAnimator.destroySurfaceLocked:882 com.android.server.wm.WindowState.destroyOrSaveSurface:2100 com.android.server.wm.AppWindowToken.destroySurfaces:363 com.android.server.wm.WindowStateAnimator.finishExit:565 com.android.server.wm.WindowStateAnimator.stepAnimationLocked:491 com.android.server.wm.WindowAnimator.updateWindowsLocked:303 com.android.server.wm.WindowAnimator.animateLocked:704 
06-06 03:16:16.003 V/PhoneStatusBar( 1711): setLightsOn(true)
06-06 03:16:16.030 V/PhoneStatusBar( 1711): setLightsOn(true)
06-06 03:16:16.097 V/PhoneStatusBar( 1711): setLightsOn(true)
06-06 03:16:16.101 I/calabash( 3929): newActivity1
06-06 03:16:16.101 W/ActivityManager( 1630): Bad activity token: android.os.BinderProxy@bb0b8e0
06-06 03:16:16.101 W/ActivityManager( 1630): java.lang.ClassCastException: android.os.BinderProxy cannot be cast to com.android.server.am.ActivityRecord$Token
06-06 03:16:16.101 W/ActivityManager( 1630): 	at com.android.server.am.ActivityRecord.forTokenLocked(ActivityRecord.java:586)
06-06 03:16:16.101 W/ActivityManager( 1630): 	at com.android.server.am.ActivityRecord.isInStackLocked(ActivityRecord.java:1327)
06-06 03:16:16.101 W/ActivityManager( 1630): 	at com.android.server.am.ActivityRecord.getStackLocked(ActivityRecord.java:1332)
06-06 03:16:16.101 W/ActivityManager( 1630): 	at com.android.server.am.ActivityManagerService.getActivityDisplayId(ActivityManagerService.java:9806)
06-06 03:16:16.101 W/ActivityManager( 1630): 	at android.app.ActivityManagerNative.onTransact(ActivityManagerNative.java:2566)
06-06 03:16:16.101 W/ActivityManager( 1630): 	at com.android.server.am.ActivityManagerService.onTransact(ActivityManagerService.java:2757)
06-06 03:16:16.101 W/ActivityManager( 1630): 	at android.os.Binder.execTransact(Binder.java:565)
06-06 03:16:16.102 W/ActivityManager( 1630): Bad activity token: android.os.BinderProxy@bb0b8e0
06-06 03:16:16.102 W/ActivityManager( 1630): java.lang.ClassCastException: android.os.BinderProxy cannot be cast to com.android.server.am.ActivityRecord$Token
06-06 03:16:16.102 W/ActivityManager( 1630): 	at com.android.server.am.ActivityRecord.forTokenLocked(ActivityRecord.java:586)
06-06 03:16:16.102 W/ActivityManager( 1630): 	at com.android.server.am.ActivityRecord.isInStackLocked(ActivityRecord.java:1327)
06-06 03:16:16.102 W/ActivityManager( 1630): 	at com.android.server.am.ActivityManagerService.setTaskDescription(ActivityManagerService.java:9358)
06-06 03:16:16.102 W/ActivityManager( 1630): 	at android.app.ActivityManagerNative.onTransact(ActivityManagerNative.java:2639)
06-06 03:16:16.102 W/ActivityManager( 1630): 	at com.android.server.am.ActivityManagerService.onTransact(ActivityManagerService.java:2757)
06-06 03:16:16.102 W/ActivityManager( 1630): 	at android.os.Binder.execTransact(Binder.java:565)
06-06 03:16:16.102 W/ActivityManager( 1630): Bad activity token: android.os.BinderProxy@bb0b8e0
06-06 03:16:16.102 W/ActivityManager( 1630): java.lang.ClassCastException: android.os.BinderProxy cannot be cast to com.android.server.am.ActivityRecord$Token
06-06 03:16:16.102 W/ActivityManager( 1630): 	at com.android.server.am.ActivityRecord.forTokenLocked(ActivityRecord.java:586)
06-06 03:16:16.102 W/ActivityManager( 1630): 	at com.android.server.am.ActivityRecord.isInStackLocked(ActivityRecord.java:1327)
06-06 03:16:16.102 W/ActivityManager( 1630): 	at com.android.server.am.ActivityRecord.getStackLocked(ActivityRecord.java:1332)
06-06 03:16:16.102 W/ActivityManager( 1630): 	at com.android.server.am.ActivityManagerService.getActivityStackId(ActivityManagerService.java:9817)
06-06 03:16:16.102 W/ActivityManager( 1630): 	at android.app.ActivityManagerNative.onTransact(ActivityManagerNative.java:2856)
06-06 03:16:16.102 W/ActivityManager( 1630): 	at com.android.server.am.ActivityManagerService.onTransact(ActivityManagerService.java:2757)
06-06 03:16:16.102 W/ActivityManager( 1630): 	at android.os.Binder.execTransact(Binder.java:565)
06-06 03:16:16.106 W/ActivityManager( 1630): Bad activity token: android.os.BinderProxy@bb0b8e0
06-06 03:16:16.106 W/ActivityManager( 1630): java.lang.ClassCastException: android.os.BinderProxy cannot be cast to com.android.server.am.ActivityRecord$Token
06-06 03:16:16.106 W/ActivityManager( 1630): 	at com.android.server.am.ActivityRecord.forTokenLocked(ActivityRecord.java:586)
06-06 03:16:16.106 W/ActivityManager( 1630): 	at com.android.server.am.ActivityRecord.isInStackLocked(ActivityRecord.java:1327)
06-06 03:16:16.106 W/ActivityManager( 1630): 	at com.android.server.am.ActivityManagerService.getActivityOptions(ActivityManagerService.java:12559)
06-06 03:16:16.106 W/ActivityManager( 1630): 	at android.app.ActivityManagerNative.onTransact(ActivityManagerNative.java:1933)
06-06 03:16:16.106 W/ActivityManager( 1630): 	at com.android.server.am.ActivityManagerService.onTransact(ActivityManagerService.java:2757)
06-06 03:16:16.106 W/ActivityManager( 1630): 	at android.os.Binder.execTransact(Binder.java:565)
06-06 03:16:16.106 W/ActivityManager( 1630): Bad activity token: android.os.BinderProxy@bb0b8e0
06-06 03:16:16.106 W/ActivityManager( 1630): java.lang.ClassCastException: android.os.BinderProxy cannot be cast to com.android.server.am.ActivityRecord$Token
06-06 03:16:16.106 W/ActivityManager( 1630): 	at com.android.server.am.ActivityRecord.forTokenLocked(ActivityRecord.java:586)
06-06 03:16:16.106 W/ActivityManager( 1630): 	at com.android.server.am.ActivityRecord.isInStackLocked(ActivityRecord.java:1327)
06-06 03:16:16.106 W/ActivityManager( 1630): 	at com.android.server.am.ActivityManagerService.getActivityOptions(ActivityManagerService.java:12559)
06-06 03:16:16.106 W/ActivityManager( 1630): 	at android.app.ActivityManagerNative.onTransact(ActivityManagerNative.java:1933)
06-06 03:16:16.106 W/ActivityManager( 1630): 	at com.android.server.am.ActivityManagerService.onTransact(ActivityManagerService.java:2757)
06-06 03:16:16.106 W/ActivityManager( 1630): 	at android.os.Binder.execTransact(Binder.java:565)
06-06 03:16:16.397 V/PhoneStatusBar( 1711): setLightsOn(true)
06-06 03:16:16.398 V/PhoneStatusBar( 1711): setLightsOn(true)
06-06 03:16:16.399 W/OpenGLRenderer( 2078): Incorrectly called buildLayer on View: ShortcutAndWidgetContainer, destroying layer...
06-06 03:16:16.414 I/WindowManager( 1630): Destroying surface Surface(name=com.android.launcher3/com.android.launcher3.Launcher) called by com.android.server.wm.WindowStateAnimator.destroySurface:2016 com.android.server.wm.WindowStateAnimator.destroySurfaceLocked:882 com.android.server.wm.WindowState.destroyOrSaveSurface:2100 com.android.server.wm.AppWindowToken.destroySurfaces:363 com.android.server.wm.AppWindowToken.notifyAppStopped:389 com.android.server.wm.WindowManagerService.notifyAppStopped:4463 com.android.server.am.ActivityStack.activityStoppedLocked:1252 com.android.server.am.ActivityManagerService.activityStopped:6903 
06-06 03:16:16.414 V/PhoneStatusBar( 1711): setLightsOn(true)
06-06 03:16:17.109 I/System.out( 3929): URI: //
06-06 03:16:17.109 I/System.out( 3929): params: {json={"command":"press_key","arguments":["KEYCODE_MENU"]}
06-06 03:16:17.109 I/System.out( 3929): }
06-06 03:16:17.109 I/System.out( 3929): header: {content-type=application/json;charset=utf-8, date=Sat, 06 Jun 2020 08:16:17 GMT, accept=*/*, host=127.0.0.1:34777, content-length=52, user-agent=HTTPClient/1.0 (2.8.3, ruby 2.5.1 (2018-03-29))}
06-06 03:16:17.109 I/System.out( 3929): params: {json={"command":"press_key","arguments":["KEYCODE_MENU"]}
06-06 03:16:17.109 I/System.out( 3929): }
06-06 03:16:17.109 I/System.out( 3929): ProP json = {"command":"press_key","arguments":["KEYCODE_MENU"]}
06-06 03:16:17.109 I/System.out( 3929): files: {}
06-06 03:16:17.109 I/System.out( 3929): command: {"command":"press_key","arguments":["KEYCODE_MENU"]}
06-06 03:16:17.111 I/InstrumentationBackend( 3929): Got command:'Command:'Line:null,press_key', arguments:'[KEYCODE_MENU]'
06-06 03:16:17.119 V/PhoneStatusBar( 1711): setLightsOn(true)
06-06 03:16:17.123 I/System.out( 3929): result:{"bonusInformation":[],"message":"","success":true}
06-06 03:16:17.125 I/System.out( 3929): URI: //map
06-06 03:16:17.125 I/System.out( 3929): params: {json={"query":"* marked:'Edit vehicle types'","operation":{"method_name":"query","arguments":[]}}
06-06 03:16:17.125 I/System.out( 3929): }
06-06 03:16:17.132 V/PhoneStatusBar( 1711): setLightsOn(true)
06-06 03:16:17.147 V/PhoneStatusBar( 1711): setLightsOn(true)
06-06 03:16:17.164 V/PhoneStatusBar( 1711): setLightsOn(true)
06-06 03:16:17.164 D/gralloc_ranchu( 1347): gralloc_alloc: Creating ashmem region of size 1720320
06-06 03:16:17.171 V/PhoneStatusBar( 1711): setLightsOn(true)
06-06 03:16:17.171 W/ResourceType( 3929): No package identifier when getting name for resource number 0x00000001
06-06 03:16:17.172 V/PhoneStatusBar( 1711): setLightsOn(true)
06-06 03:16:17.180 V/PhoneStatusBar( 1711): setLightsOn(true)
06-06 03:16:17.183 I/System.out( 3929): URI: //gesture
06-06 03:16:17.183 I/System.out( 3929): params: {json={"query_timeout":5.0,"gestures":[{"query_string":"* marked:'Edit vehicle types'","touches":[{"x":50,"y":50,"offset_x":0,"offset_y":0,"wait":0.0,"time":0.2,"release":true,"query_string":null}]}]}
06-06 03:16:17.183 I/System.out( 3929): }
06-06 03:16:17.187 W/ResourceType( 3929): No package identifier when getting name for resource number 0x00000001
06-06 03:16:17.297 D/gralloc_ranchu( 1347): gralloc_alloc: Creating ashmem region of size 1720320
06-06 03:16:17.379 D/gralloc_ranchu( 1347): gralloc_alloc: Creating ashmem region of size 9023488
06-06 03:16:17.413 V/PhoneStatusBar( 1711): setLightsOn(true)
06-06 03:16:17.466 I/art     ( 3929): Do partial code cache collection, code=30KB, data=29KB
06-06 03:16:17.466 I/art     ( 3929): After code cache collection, code=29KB, data=29KB
06-06 03:16:17.466 I/art     ( 3929): Increasing code cache capacity to 128KB
06-06 03:16:17.473 I/System.out( 3929): URI: //map
06-06 03:16:17.473 I/System.out( 3929): params: {json={"query":"* {text CONTAINS[c] 'Car'}","operation":{"method_name":"query","arguments":[]}}
06-06 03:16:17.473 I/System.out( 3929): }
06-06 03:16:17.488 I/ActivityManager( 1630): START u0 {cmp=com.evancharlton.mileage/.VehicleTypeListActivity} from uid 10422 on display 0
06-06 03:16:17.489 V/PhoneStatusBar( 1711): setLightsOn(true)
06-06 03:16:17.489 V/PhoneStatusBar( 1711): setLightsOn(true)
06-06 03:16:17.536 I/WindowManager( 1630): Destroying surface Surface(name=AtchDlg:com.evancharlton.mileage/com.evancharlton.mileage.VehicleListActivity) called by com.android.server.wm.WindowStateAnimator.destroySurface:2016 com.android.server.wm.WindowStateAnimator.destroySurfaceLocked:882 com.android.server.wm.WindowState.removeLocked:1456 com.android.server.wm.WindowManagerService.removeWindowInnerLocked:2484 com.android.server.wm.WindowManagerService.removeWindowLocked:2442 com.android.server.wm.WindowManagerService.removeWindowLocked:2311 com.android.server.wm.WindowManagerService.removeWindow:2306 com.android.server.wm.Session.remove:202 
06-06 03:16:17.568 I/calabash( 3929): newActivity1
06-06 03:16:17.608 V/PhoneStatusBar( 1711): setLightsOn(true)
06-06 03:16:17.613 V/PhoneStatusBar( 1711): setLightsOn(true)
06-06 03:16:17.630 V/PhoneStatusBar( 1711): setLightsOn(true)
06-06 03:16:17.639 D/gralloc_ranchu( 1347): gralloc_alloc: Creating ashmem region of size 9023488
06-06 03:16:17.660 I/ActivityManager( 1630): Displayed com.evancharlton.mileage/.VehicleTypeListActivity: +126ms
06-06 03:16:17.660 D/gralloc_ranchu( 1347): gralloc_alloc: Creating ashmem region of size 9023488
06-06 03:16:17.664 V/PhoneStatusBar( 1711): setLightsOn(true)
06-06 03:16:17.697 V/PhoneStatusBar( 1711): setLightsOn(true)
06-06 03:16:17.730 V/PhoneStatusBar( 1711): setLightsOn(true)
06-06 03:16:17.852 I/System.out( 3929): URI: //map
06-06 03:16:17.852 I/System.out( 3929): params: {json={"query":"* {text CONTAINS[c] 'Car'}","operation":{"method_name":"query","arguments":[]}}
06-06 03:16:17.852 I/System.out( 3929): }
06-06 03:16:17.887 I/System.out( 3929): URI: //map
06-06 03:16:17.887 I/System.out( 3929): params: {json={"query":"* marked:'Car'","operation":{"method_name":"query","arguments":[]}}
06-06 03:16:17.887 I/System.out( 3929): }
06-06 03:16:17.892 W/ResourceType( 3929): No package identifier when getting name for resource number 0x00000001
06-06 03:16:17.898 V/PhoneStatusBar( 1711): setLightsOn(true)
06-06 03:16:17.902 I/System.out( 3929): URI: //gesture
06-06 03:16:17.902 I/System.out( 3929): params: {json={"query_timeout":5.0,"gestures":[{"query_string":"* marked:'Car'","touches":[{"x":50,"y":50,"offset_x":0,"offset_y":0,"wait":0.0,"time":0.2,"release":true,"query_string":null}]}]}
06-06 03:16:17.902 I/System.out( 3929): }
06-06 03:16:17.905 W/ResourceType( 3929): No package identifier when getting name for resource number 0x00000001
06-06 03:16:18.013 V/PhoneStatusBar( 1711): setLightsOn(true)
06-06 03:16:18.014 V/PhoneStatusBar( 1711): setLightsOn(true)
06-06 03:16:18.031 V/PhoneStatusBar( 1711): setLightsOn(true)
06-06 03:16:18.042 D/gralloc_ranchu( 1347): gralloc_alloc: Creating ashmem region of size 9023488
06-06 03:16:18.076 I/WindowManager( 1630): Destroying surface Surface(name=com.evancharlton.mileage/com.evancharlton.mileage.Mileage) called by com.android.server.wm.WindowStateAnimator.destroySurface:2016 com.android.server.wm.WindowStateAnimator.destroySurfaceLocked:882 com.android.server.wm.WindowState.destroyOrSaveSurface:2100 com.android.server.wm.WindowManagerService.tryStartExitingAnimation:3024 com.android.server.wm.WindowManagerService.relayoutWindow:2904 com.android.server.wm.Session.relayout:224 android.view.IWindowSession$Stub.onTransact:286 com.android.server.wm.Session.onTransact:145 
06-06 03:16:18.077 V/PhoneStatusBar( 1711): setLightsOn(true)
06-06 03:16:18.176 I/System.out( 3929): URI: //map
06-06 03:16:18.176 I/System.out( 3929): params: {json={"query":"* {text CONTAINS[c] 'Car'}","operation":{"method_name":"query","arguments":[]}}
06-06 03:16:18.176 I/System.out( 3929): }
06-06 03:16:18.213 I/System.out( 3929): URI: //map
06-06 03:16:18.213 I/System.out( 3929): params: {json={"query":"* {text CONTAINS[c] 'Passenger car'}","operation":{"method_name":"query","arguments":[]}}
06-06 03:16:18.213 I/System.out( 3929): }
06-06 03:16:18.225 I/System.out( 3929): URI: //
06-06 03:16:18.225 I/System.out( 3929): params: {json={"command":"press_key","arguments":["KEYCODE_BACK"]}
06-06 03:16:18.225 I/System.out( 3929): }
06-06 03:16:18.225 I/System.out( 3929): header: {content-type=application/json;charset=utf-8, date=Sat, 06 Jun 2020 08:16:18 GMT, accept=*/*, host=127.0.0.1:34777, content-length=52, user-agent=HTTPClient/1.0 (2.8.3, ruby 2.5.1 (2018-03-29))}
06-06 03:16:18.225 I/System.out( 3929): params: {json={"command":"press_key","arguments":["KEYCODE_BACK"]}
06-06 03:16:18.225 I/System.out( 3929): }
06-06 03:16:18.225 I/System.out( 3929): ProP json = {"command":"press_key","arguments":["KEYCODE_BACK"]}
06-06 03:16:18.225 I/System.out( 3929): files: {}
06-06 03:16:18.225 I/System.out( 3929): command: {"command":"press_key","arguments":["KEYCODE_BACK"]}
06-06 03:16:18.226 I/InstrumentationBackend( 3929): Got command:'Command:'Line:null,press_key', arguments:'[KEYCODE_BACK]'
06-06 03:16:18.228 V/PhoneStatusBar( 1711): setLightsOn(true)
06-06 03:16:18.230 V/PhoneStatusBar( 1711): setLightsOn(true)
06-06 03:16:18.232 I/ActivityManager( 1630): START u0 {cmp=com.evancharlton.mileage/.VehicleTypeActivity (has extras)} from uid 10422 on display 0
06-06 03:16:18.232 W/ActivityManager( 1630): startActivity called from finishing ActivityRecord{ce930d1 u0 com.evancharlton.mileage/.VehicleTypeListActivity t12691 f}; forcing Intent.FLAG_ACTIVITY_NEW_TASK for: Intent { cmp=com.evancharlton.mileage/.VehicleTypeActivity (has extras) }
06-06 03:16:18.234 I/System.out( 3929): result:{"bonusInformation":[],"message":"","success":true}
06-06 03:16:18.235 W/ActivityManager( 1630): Bad activity token: android.os.BinderProxy@bb0b8e0
06-06 03:16:18.235 W/ActivityManager( 1630): java.lang.ClassCastException: android.os.BinderProxy cannot be cast to com.android.server.am.ActivityRecord$Token
06-06 03:16:18.235 W/ActivityManager( 1630): 	at com.android.server.am.ActivityRecord.forTokenLocked(ActivityRecord.java:586)
06-06 03:16:18.235 W/ActivityManager( 1630): 	at com.android.server.am.ActivityRecord.isInStackLocked(ActivityRecord.java:1327)
06-06 03:16:18.235 W/ActivityManager( 1630): 	at com.android.server.am.ActivityManagerService.getActivityOptions(ActivityManagerService.java:12559)
06-06 03:16:18.235 W/ActivityManager( 1630): 	at android.app.ActivityManagerNative.onTransact(ActivityManagerNative.java:1933)
06-06 03:16:18.235 W/ActivityManager( 1630): 	at com.android.server.am.ActivityManagerService.onTransact(ActivityManagerService.java:2757)
06-06 03:16:18.235 W/ActivityManager( 1630): 	at android.os.Binder.execTransact(Binder.java:565)
06-06 03:16:18.238 I/System.out( 3929): URI: //
06-06 03:16:18.238 I/System.out( 3929): params: {json={"command":"press_key","arguments":["KEYCODE_BACK"]}
06-06 03:16:18.238 I/System.out( 3929): }
06-06 03:16:18.238 I/System.out( 3929): header: {content-type=application/json;charset=utf-8, date=Sat, 06 Jun 2020 08:16:19 GMT, accept=*/*, host=127.0.0.1:34777, content-length=52, user-agent=HTTPClient/1.0 (2.8.3, ruby 2.5.1 (2018-03-29))}
06-06 03:16:18.238 I/System.out( 3929): params: {json={"command":"press_key","arguments":["KEYCODE_BACK"]}
06-06 03:16:18.238 I/System.out( 3929): }
06-06 03:16:18.238 I/System.out( 3929): ProP json = {"command":"press_key","arguments":["KEYCODE_BACK"]}
06-06 03:16:18.238 I/System.out( 3929): files: {}
06-06 03:16:18.238 I/System.out( 3929): command: {"command":"press_key","arguments":["KEYCODE_BACK"]}
06-06 03:16:18.239 I/InstrumentationBackend( 3929): Got command:'Command:'Line:null,press_key', arguments:'[KEYCODE_BACK]'
06-06 03:16:18.247 V/PhoneStatusBar( 1711): setLightsOn(true)
06-06 03:16:18.293 D/gralloc_ranchu( 1347): gralloc_alloc: Creating ashmem region of size 9023488
06-06 03:16:18.319 I/calabash( 3929): newActivity1
06-06 03:16:18.347 V/PhoneStatusBar( 1711): setLightsOn(true)
06-06 03:16:18.349 W/ViewRootImpl[VehicleTypeActivity]( 3929): Dropping event due to no window focus: KeyEvent { action=ACTION_DOWN, keyCode=KEYCODE_BACK, scanCode=0, metaState=0, flags=0x8, repeatCount=0, eventTime=7547059, downTime=7547059, deviceId=-1, source=0x101 }
06-06 03:16:18.349 D/gralloc_ranchu( 1347): gralloc_alloc: Creating ashmem region of size 9023488
06-06 03:16:18.363 V/PhoneStatusBar( 1711): setLightsOn(true)
06-06 03:16:18.378 W/ViewRootImpl[VehicleTypeActivity]( 3929): Cancelling event due to no window focus: KeyEvent { action=ACTION_UP, keyCode=KEYCODE_BACK, scanCode=0, metaState=0, flags=0x28, repeatCount=0, eventTime=7547169, downTime=7547169, deviceId=-1, source=0x101 }
06-06 03:16:18.378 W/ViewRootImpl[VehicleTypeActivity]( 3929): Cancelling event due to no window focus: KeyEvent { action=ACTION_UP, keyCode=KEYCODE_BACK, scanCode=0, metaState=0, flags=0x28, repeatCount=0, eventTime=7547169, downTime=7547169, deviceId=-1, source=0x101 }
06-06 03:16:18.378 W/ViewRootImpl[VehicleTypeActivity]( 3929): Cancelling event due to no window focus: KeyEvent { action=ACTION_UP, keyCode=KEYCODE_BACK, scanCode=0, metaState=0, flags=0x28, repeatCount=0, eventTime=7547169, downTime=7547169, deviceId=-1, source=0x101 }
06-06 03:16:18.378 W/ViewRootImpl[VehicleTypeActivity]( 3929): Cancelling event due to no window focus: KeyEvent { action=ACTION_UP, keyCode=KEYCODE_BACK, scanCode=0, metaState=0, flags=0x28, repeatCount=0, eventTime=7547169, downTime=7547169, deviceId=-1, source=0x101 }
06-06 03:16:18.378 W/ViewRootImpl[VehicleTypeActivity]( 3929): Cancelling event due to no window focus: KeyEvent { action=ACTION_UP, keyCode=KEYCODE_BACK, scanCode=0, metaState=0, flags=0x28, repeatCount=0, eventTime=7547169, downTime=7547169, deviceId=-1, source=0x101 }
06-06 03:16:18.378 W/ViewRootImpl[VehicleTypeActivity]( 3929): Cancelling event due to no window focus: KeyEvent { action=ACTION_UP, keyCode=KEYCODE_BACK, scanCode=0, metaState=0, flags=0x28, repeatCount=0, eventTime=7547169, downTime=7547169, deviceId=-1, source=0x101 }
06-06 03:16:18.379 W/ViewRootImpl[VehicleTypeActivity]( 3929): Cancelling event due to no window focus: KeyEvent { action=ACTION_UP, keyCode=KEYCODE_BACK, scanCode=0, metaState=0, flags=0x28, repeatCount=0, eventTime=7547169, downTime=7547169, deviceId=-1, source=0x101 }
06-06 03:16:18.379 W/ViewRootImpl[VehicleTypeActivity]( 3929): Cancelling event due to no window focus: KeyEvent { action=ACTION_UP, keyCode=KEYCODE_BACK, scanCode=0, metaState=0, flags=0x28, repeatCount=0, eventTime=7547169, downTime=7547169, deviceId=-1, source=0x101 }
06-06 03:16:18.379 W/ViewRootImpl[VehicleTypeActivity]( 3929): Cancelling event due to no window focus: KeyEvent { action=ACTION_UP, keyCode=KEYCODE_BACK, scanCode=0, metaState=0, flags=0x28, repeatCount=0, eventTime=7547169, downTime=7547169, deviceId=-1, source=0x101 }
06-06 03:16:18.380 V/PhoneStatusBar( 1711): setLightsOn(true)
06-06 03:16:18.383 W/InputMethodService( 1696): Window size has been changed. This may cause jankiness of resizing window: -1 -> -2
06-06 03:16:18.383 I/System.out( 3929): result:{"bonusInformation":[],"message":"","success":true}
06-06 03:16:18.383 D/gralloc_ranchu( 1347): gralloc_alloc: Creating ashmem region of size 9023488
06-06 03:16:18.385 I/ActivityManager( 1630): Displayed com.evancharlton.mileage/.VehicleTypeActivity: +94ms
06-06 03:16:18.391 I/LatinIME( 1696): Starting input. Cursor position = 0,0
06-06 03:16:18.391 I/System.out( 3929): URI: //map
06-06 03:16:18.391 I/System.out( 3929): params: {json={"query":"* {text CONTAINS[c] 'Car'}","operation":{"method_name":"query","arguments":[]}}
06-06 03:16:18.391 I/System.out( 3929): }
06-06 03:16:18.397 V/PhoneStatusBar( 1711): setLightsOn(true)
06-06 03:16:18.464 I/WindowManager( 1630): Destroying surface Surface(name=com.evancharlton.mileage/com.evancharlton.mileage.Mileage) called by com.android.server.wm.WindowStateAnimator.destroySurface:2016 com.android.server.wm.WindowStateAnimator.destroySurfaceLocked:882 com.android.server.wm.WindowState.destroyOrSaveSurface:2100 com.android.server.wm.WindowManagerService.tryStartExitingAnimation:3024 com.android.server.wm.WindowManagerService.relayoutWindow:2904 com.android.server.wm.Session.relayout:224 android.view.IWindowSession$Stub.onTransact:286 com.android.server.wm.Session.onTransact:145 
06-06 03:16:18.480 V/PhoneStatusBar( 1711): setLightsOn(true)
06-06 03:16:18.497 V/PhoneStatusBar( 1711): setLightsOn(true)
