06-05 18:35:43.124 I/System.out( 7496): params: {json={"query":"* marked:'Save changes'","operation":{"method_name":"query","arguments":[]}}
06-05 18:35:43.124 I/System.out( 7496): }
06-05 18:35:43.125 V/PhoneStatusBar( 1711): setLightsOn(true)
06-05 18:35:43.139 V/PhoneStatusBar( 1711): setLightsOn(true)
06-05 18:35:43.155 W/ResourceType( 7496): No package identifier when getting name for resource number 0x00000001
06-05 18:35:43.162 I/System.out( 7496): URI: //gesture
06-05 18:35:43.162 I/System.out( 7496): params: {json={"query_timeout":5.0,"gestures":[{"query_string":"* marked:'Save changes'","touches":[{"x":50,"y":50,"offset_x":0,"offset_y":0,"wait":0.0,"time":0.2,"release":true,"query_string":null}]}]}
06-05 18:35:43.162 I/System.out( 7496): }
06-05 18:35:43.166 W/ResourceType( 7496): No package identifier when getting name for resource number 0x00000001
06-05 18:35:43.304 V/PhoneStatusBar( 1711): setLightsOn(true)
06-05 18:35:43.305 I/WindowManager( 1629): Destroying surface Surface(name=InputMethod) called by com.android.server.wm.WindowStateAnimator.destroySurface:2016 com.android.server.wm.WindowStateAnimator.destroySurfaceLocked:882 com.android.server.wm.WindowState.destroyOrSaveSurface:2100 com.android.server.wm.WindowSurfacePlacer.performSurfacePlacementInner:429 com.android.server.wm.WindowSurfacePlacer.performSurfacePlacementLoop:232 com.android.server.wm.WindowSurfacePlacer.performSurfacePlacement:180 com.android.server.wm.WindowManagerService$H.handleMessage:8086 android.os.Handler.dispatchMessage:102 
06-05 18:35:43.397 V/PhoneStatusBar( 1711): setLightsOn(true)
06-05 18:35:43.400 I/System.out( 7496): URI: //map
06-05 18:35:43.400 I/System.out( 7496): params: {json={"query":"* {text CONTAINS[c] 'Default Vehicle'}","operation":{"method_name":"query","arguments":[]}}
06-05 18:35:43.400 I/System.out( 7496): }
06-05 18:35:43.402 V/PhoneStatusBar( 1711): setLightsOn(true)
06-05 18:35:43.404 D/EGL_emulation( 1711): eglMakeCurrent: 0xa5b6bd80: ver 2 0 (tinfo 0xb1367140)
06-05 18:35:43.405 D/Mileage.ABS( 7496): Finished backup
06-05 18:35:43.421 V/PhoneStatusBar( 1711): setLightsOn(true)
06-05 18:35:43.454 W/ActivityManager( 1629): Bad activity token: android.os.BinderProxy@f452f91
06-05 18:35:43.454 W/ActivityManager( 1629): java.lang.ClassCastException: android.os.BinderProxy cannot be cast to com.android.server.am.ActivityRecord$Token
06-05 18:35:43.454 W/ActivityManager( 1629): 	at com.android.server.am.ActivityRecord.forTokenLocked(ActivityRecord.java:586)
06-05 18:35:43.454 W/ActivityManager( 1629): 	at com.android.server.am.ActivityRecord.isInStackLocked(ActivityRecord.java:1327)
06-05 18:35:43.454 W/ActivityManager( 1629): 	at com.android.server.am.ActivityManagerService.getActivityOptions(ActivityManagerService.java:12559)
06-05 18:35:43.454 W/ActivityManager( 1629): 	at android.app.ActivityManagerNative.onTransact(ActivityManagerNative.java:1933)
06-05 18:35:43.454 W/ActivityManager( 1629): 	at com.android.server.am.ActivityManagerService.onTransact(ActivityManagerService.java:2757)
06-05 18:35:43.454 W/ActivityManager( 1629): 	at android.os.Binder.execTransact(Binder.java:565)
06-05 18:35:43.470 D/gralloc_ranchu( 1346): gralloc_alloc: Creating ashmem region of size 9023488
06-05 18:35:43.470 I/System.out( 7496): URI: //map
06-05 18:35:43.470 I/System.out( 7496): params: {json={"query":"* {text CONTAINS[c] 'Updated'}","operation":{"method_name":"query","arguments":[]}}
06-05 18:35:43.470 I/System.out( 7496): }
06-05 18:35:43.470 V/PhoneStatusBar( 1711): setLightsOn(true)
06-05 18:35:43.504 V/PhoneStatusBar( 1711): setLightsOn(true)
06-05 18:35:43.521 V/PhoneStatusBar( 1711): setLightsOn(true)
06-05 18:35:43.536 W/IInputConnectionWrapper( 7496): finishComposingText on inactive InputConnection
06-05 18:35:43.570 V/PhoneStatusBar( 1711): setLightsOn(true)
