--------- beginning of main
06-05 18:35:38.154 V/PhoneStatusBar( 1711): setLightsOn(true)
06-05 18:35:38.170 V/PhoneStatusBar( 1711): setLightsOn(true)
06-05 18:35:38.173 W/IInputConnectionWrapper( 7417): finishComposingText on inactive InputConnection
06-05 18:35:38.204 V/PhoneStatusBar( 1711): setLightsOn(true)
--------- beginning of system
06-05 18:35:38.229 W/ActivityManager( 1629): Duplicate finish request for ActivityRecord{14c9a50 u0 com.evancharlton.mileage/.Mileage t3106 f}
06-05 18:35:38.229 W/ActivityManager( 1629): Duplicate finish request for ActivityRecord{14c9a50 u0 com.evancharlton.mileage/.Mileage t3106 f}
06-05 18:35:38.229 W/ActivityManager( 1629): Duplicate finish request for ActivityRecord{14c9a50 u0 com.evancharlton.mileage/.Mileage t3106 f}
06-05 18:35:38.230 W/ActivityManager( 1629): Duplicate finish request for ActivityRecord{14c9a50 u0 com.evancharlton.mileage/.Mileage t3106 f}
06-05 18:35:38.230 W/ActivityManager( 1629): Duplicate finish request for ActivityRecord{14c9a50 u0 com.evancharlton.mileage/.Mileage t3106 f}
06-05 18:35:38.230 W/ActivityManager( 1629): Finishing task with all activities already finished
06-05 18:35:38.230 W/ActivityManager( 1629): Duplicate finish request for ActivityRecord{c628661 u0 com.evancharlton.mileage/.VehicleTypeListActivity t3106 f}
06-05 18:35:38.231 W/ActivityManager( 1629): Finishing task with all activities already finished
06-05 18:35:38.231 W/ActivityManager( 1629): Duplicate finish request for ActivityRecord{487505b u0 com.evancharlton.mileage/.VehicleTypeActivity t3106 f}
06-05 18:35:38.231 W/ActivityManager( 1629): Finishing task with all activities already finished
06-05 18:35:38.231 W/ActivityManager( 1629): Duplicate finish request for ActivityRecord{487505b u0 com.evancharlton.mileage/.VehicleTypeActivity t3106 f}
06-05 18:35:38.231 W/ActivityManager( 1629): Finishing task with all activities already finished
06-05 18:35:38.231 W/ActivityManager( 1629): Duplicate finish request for ActivityRecord{c628661 u0 com.evancharlton.mileage/.VehicleTypeListActivity t3106 f}
06-05 18:35:38.237 V/PhoneStatusBar( 1711): setLightsOn(true)
06-05 18:35:38.240 D/gralloc_ranchu( 1346): gralloc_alloc: Creating ashmem region of size 3145728
06-05 18:35:38.247 E/EGL_emulation( 1346): tid 1346: eglCreateSyncKHR(1901): error 0x3004 (EGL_BAD_ATTRIBUTE)
06-05 18:35:38.288 D/EGL_emulation( 2150): eglMakeCurrent: 0xb4f852a0: ver 2 0 (tinfo 0xb4f832e0)
06-05 18:35:38.303 D/AndroidRuntime( 7486): >>>>>> START com.android.internal.os.RuntimeInit uid 2000 <<<<<<
06-05 18:35:38.305 D/EGL_emulation( 1711): eglMakeCurrent: 0xa5b6bd80: ver 2 0 (tinfo 0xb1367140)
06-05 18:35:38.305 D/AndroidRuntime( 7486): CheckJNI is ON
06-05 18:35:38.316 W/art     ( 7486): Unexpected CPU variant for X86 using defaults: x86
06-05 18:35:38.318 D/ICU     ( 7486): No timezone override file found: /data/misc/zoneinfo/current/icu/icu_tzdata.dat
06-05 18:35:38.321 D/EGL_emulation( 1711): eglMakeCurrent: 0xa5b6bd80: ver 2 0 (tinfo 0xb1367140)
06-05 18:35:38.323 D/EGL_emulation( 1711): eglMakeCurrent: 0xa5b6bd80: ver 2 0 (tinfo 0xb1367140)
06-05 18:35:38.326 E/memtrack( 7486): Couldn't load memtrack module (No such file or directory)
06-05 18:35:38.326 E/android.os.Debug( 7486): failed to load memtrack module: -2
06-05 18:35:38.326 I/Radio-JNI( 7486): register_android_hardware_Radio DONE
06-05 18:35:38.330 D/AndroidRuntime( 7486): Calling main entry com.android.commands.am.Am
06-05 18:35:38.332 I/ActivityManager( 1629): Force stopping com.evancharlton.mileage appid=10160 user=0: start instr
06-05 18:35:38.332 I/ActivityManager( 1629): Killing 7417:com.evancharlton.mileage/u0a160 (adj 0): stop com.evancharlton.mileage
06-05 18:35:38.332 D/ActivityManager( 1629): cleanUpApplicationRecord -- 7417
06-05 18:35:38.332 W/ActivityManager( 1629): Crash of app com.evancharlton.mileage running instrumentation ComponentInfo{com.evancharlton.mileage.test/sh.calaba.instrumentationbackend.CalabashInstrumentationTestRunner}
06-05 18:35:38.332 I/ActivityManager( 1629): Force stopping com.evancharlton.mileage appid=10160 user=0: finished inst
06-05 18:35:38.335 I/art     ( 7496): Not late-enabling -Xcheck:jni (already on)
06-05 18:35:38.335 W/art     ( 7496): Unexpected CPU variant for X86 using defaults: x86
06-05 18:35:38.337 D/EGL_emulation( 1711): eglMakeCurrent: 0xa5b6bd80: ver 2 0 (tinfo 0xb1367140)
06-05 18:35:38.339 D/EGL_emulation( 1711): eglMakeCurrent: 0xa5b6bd80: ver 2 0 (tinfo 0xb1367140)
06-05 18:35:38.343 I/ActivityManager( 1629): Start proc 7496:com.evancharlton.mileage/u0a160 for added application com.evancharlton.mileage
06-05 18:35:38.343 D/AndroidRuntime( 7486): Shutting down VM
06-05 18:35:38.348 W/System  ( 7496): ClassLoader referenced unknown path: /data/app/com.evancharlton.mileage.test-1/lib/x86
06-05 18:35:38.348 W/System  ( 7496): ClassLoader referenced unknown path: /data/app/com.evancharlton.mileage-1/lib/x86
06-05 18:35:38.350 W/System  ( 7496): ClassLoader referenced unknown path: 
06-05 18:35:38.353 I/System.out( 7496): Main activity name automatically set to: com.evancharlton.mileage.Mileage
06-05 18:35:38.353 I/System.out( 7496): Calabash did not load Mono. This is only a problem if you are trying to test a Mono application
06-05 18:35:38.353 I/calabash( 7496): Test server port: 7102
06-05 18:35:38.354 D/EGL_emulation( 1711): eglMakeCurrent: 0xa5b6bd80: ver 2 0 (tinfo 0xb1367140)
06-05 18:35:38.354 I/InstrumentationBackend( 7496): Added:'GetPreferences', with key:'get_preferences'
06-05 18:35:38.355 D/EGL_emulation( 1711): eglMakeCurrent: 0xa5b6bd80: ver 2 0 (tinfo 0xb1367140)
06-05 18:35:38.358 I/InstrumentationBackend( 7496): Added:'SetPreferences', with key:'set_preferences'
06-05 18:35:38.358 I/InstrumentationBackend( 7496): Added:'ClearPreferences', with key:'clear_preferences'
06-05 18:35:38.359 I/InstrumentationBackend( 7496): Added:'PressElement', with key:'press_l10n_element'
06-05 18:35:38.359 I/InstrumentationBackend( 7496): Added:'WaitForElement', with key:'wait_for_l10n_element'
06-05 18:35:38.359 I/InstrumentationBackend( 7496): Added:'NullAction', with key:'nullAction'
06-05 18:35:38.359 I/InstrumentationBackend( 7496): Added:'PressKey', with key:'press_key'
06-05 18:35:38.359 I/InstrumentationBackend( 7496): Added:'SetActivityOrientation', with key:'set_activity_orientation'
06-05 18:35:38.359 I/InstrumentationBackend( 7496): Added:'GetActivityOrientation', with key:'get_activity_orientation'
06-05 18:35:38.359 I/InstrumentationBackend( 7496): Added:'FakeGPSLocation', with key:'set_gps_coordinates'
06-05 18:35:38.359 I/InstrumentationBackend( 7496): Added:'SetPropertyByCssSelector', with key:'set_property_by_css_selector'
06-05 18:35:38.359 I/InstrumentationBackend( 7496): Added:'GetUrl', with key:'get_url'
06-05 18:35:38.359 I/InstrumentationBackend( 7496): Added:'ScrollTo', with key:'scroll_to'
06-05 18:35:38.359 I/InstrumentationBackend( 7496): Added:'GetLoadProgress', with key:'get_load_progress'
06-05 18:35:38.359 I/InstrumentationBackend( 7496): Added:'DumpHtml', with key:'dump_html'
06-05 18:35:38.359 I/InstrumentationBackend( 7496): Added:'DumpBodyHtml', with key:'dump_body_html'
06-05 18:35:38.359 I/InstrumentationBackend( 7496): Added:'EnterTextByCssSelector', with key:'enter_text_by_selector'
06-05 18:35:38.359 I/InstrumentationBackend( 7496): Added:'AndroidSDKVersion', with key:'android_sdk_version'
06-05 18:35:38.360 I/InstrumentationBackend( 7496): Added:'Version', with key:'version'
06-05 18:35:38.360 I/InstrumentationBackend( 7496): Added:'Drag', with key:'drag'
06-05 18:35:38.360 I/InstrumentationBackend( 7496): Added:'TouchCoordinates', with key:'touch_coordinate'
06-05 18:35:38.360 I/InstrumentationBackend( 7496): Added:'LongPressCoordinate', with key:'long_press_coordinate'
06-05 18:35:38.360 I/InstrumentationBackend( 7496): Added:'DragCoordinates', with key:'drag_coordinates'
06-05 18:35:38.360 I/InstrumentationBackend( 7496): Added:'ResumeApplication', with key:'resume_application'
06-05 18:35:38.360 I/InstrumentationBackend( 7496): Added:'Swipe', with key:'swipe'
06-05 18:35:38.360 I/InstrumentationBackend( 7496): Added:'DoubleTapCoordinate', with key:'double_tap_coordinate'
06-05 18:35:38.360 I/InstrumentationBackend( 7496): Added:'ClickOnScreen', with key:'click_on_screen'
06-05 18:35:38.360 I/InstrumentationBackend( 7496): Added:'GetActivityName', with key:'get_activity_name'
06-05 18:35:38.360 I/InstrumentationBackend( 7496): Added:'ScrollToView', with key:'scroll_to_view'
06-05 18:35:38.360 I/InstrumentationBackend( 7496): Added:'ViewConfiguration', with key:'view_configuration'
06-05 18:35:38.360 I/InstrumentationBackend( 7496): Added:'IsCurrentActivityFocused', with key:'is_current_activity_focused'
06-05 18:35:38.360 I/InstrumentationBackend( 7496): Added:'SendTcp', with key:'send_tcp'
06-05 18:35:38.360 I/InstrumentationBackend( 7496): Added:'DpToDevicePixel', with key:'dp_to_device_pixel'
06-05 18:35:38.360 I/InstrumentationBackend( 7496): Added:'KeyboardEnterText', with key:'keyboard_enter_text'
06-05 18:35:38.360 I/InstrumentationBackend( 7496): Added:'DeleteSurroundingText', with key:'delete_surrounding_text'
06-05 18:35:38.360 I/InstrumentationBackend( 7496): Added:'SetComposingRegion', with key:'set_composing_region'
06-05 18:35:38.360 I/InstrumentationBackend( 7496): Added:'SetSelection', with key:'set_selection'
06-05 18:35:38.360 I/InstrumentationBackend( 7496): Added:'KeyboardKeyEvent', with key:'keyboard_key_event'
06-05 18:35:38.360 I/InstrumentationBackend( 7496): Added:'PressUserActionButton', with key:'press_user_action_button'
06-05 18:35:38.360 I/InstrumentationBackend( 7496): Added:'HideSoftKeyboard', with key:'hide_soft_keyboard'
06-05 18:35:38.360 I/InstrumentationBackend( 7496): Added:'ListActions', with key:'list_actions'
06-05 18:35:38.360 I/calabash( 7496): Instantiating http server at 7102
06-05 18:35:38.361 I/System.out( 7496): HTTP Daemon listening on: 7102
06-05 18:35:38.372 D/EGL_emulation( 1711): eglMakeCurrent: 0xa5b6bd80: ver 2 0 (tinfo 0xb1367140)
06-05 18:35:38.378 D/EGL_emulation( 1711): eglMakeCurrent: 0xa5b6bd80: ver 2 0 (tinfo 0xb1367140)
06-05 18:35:38.382 I/WindowManager( 1629): WIN DEATH: Window{de0279d u0 com.evancharlton.mileage/com.evancharlton.mileage.VehicleTypeListActivity EXITING}
06-05 18:35:38.382 W/Looper  ( 1629): Ignoring unexpected epoll events 0x11 on fd 205 that is no longer registered.
06-05 18:35:38.382 W/InputDispatcher( 1629): channel '609737 com.evancharlton.mileage/com.evancharlton.mileage.VehicleTypeActivity (server)' ~ Consumer closed input channel or an error occurred.  events=0x9
06-05 18:35:38.382 E/InputDispatcher( 1629): channel '609737 com.evancharlton.mileage/com.evancharlton.mileage.VehicleTypeActivity (server)' ~ Channel is unrecoverably broken and will be disposed!
06-05 18:35:38.386 I/WindowManager( 1629): WIN DEATH: Window{609737 u0 com.evancharlton.mileage/com.evancharlton.mileage.VehicleTypeActivity EXITING}
06-05 18:35:38.386 W/InputDispatcher( 1629): Attempted to unregister already unregistered input channel '609737 com.evancharlton.mileage/com.evancharlton.mileage.VehicleTypeActivity (server)'
06-05 18:35:38.392 I/WindowManager( 1629): Destroying surface Surface(name=com.evancharlton.mileage/com.evancharlton.mileage.VehicleTypeActivity) called by com.android.server.wm.WindowStateAnimator.destroySurface:2016 com.android.server.wm.WindowStateAnimator.destroySurfaceLocked:882 com.android.server.wm.WindowState.removeLocked:1456 com.android.server.wm.WindowManagerService.removeWindowInnerLocked:2484 com.android.server.wm.AppWindowToken.destroySurfaces:365 com.android.server.wm.WindowStateAnimator.finishExit:565 com.android.server.wm.AppWindowAnimator.stepAnimationLocked:427 com.android.server.wm.WindowAnimator.updateAppWindowsLocked:196 
06-05 18:35:38.413 D/EGL_emulation( 1711): eglMakeCurrent: 0xa5b6bd80: ver 2 0 (tinfo 0xb1367140)
06-05 18:35:38.415 D/EGL_emulation( 1711): eglMakeCurrent: 0xa5b6bd80: ver 2 0 (tinfo 0xb1367140)
06-05 18:35:38.417 D/EGL_emulation( 1711): eglMakeCurrent: 0xa5b6bd80: ver 2 0 (tinfo 0xb1367140)
06-05 18:35:38.420 D/EGL_emulation( 1711): eglMakeCurrent: 0xa5b6bd80: ver 2 0 (tinfo 0xb1367140)
06-05 18:35:38.422 D/EGL_emulation( 1711): eglMakeCurrent: 0xa5b6bd80: ver 2 0 (tinfo 0xb1367140)
06-05 18:35:38.437 D/EGL_emulation( 1711): eglMakeCurrent: 0xa5b6bd80: ver 2 0 (tinfo 0xb1367140)
06-05 18:35:38.440 D/EGL_emulation( 1711): eglMakeCurrent: 0xa5b6bd80: ver 2 0 (tinfo 0xb1367140)
06-05 18:35:38.453 I/System.out( 7496): URI: //ping
06-05 18:35:38.453 I/System.out( 7496): params: {json={}
06-05 18:35:38.453 I/System.out( 7496): }
06-05 18:35:38.454 D/EGL_emulation( 1711): eglMakeCurrent: 0xa5b6bd80: ver 2 0 (tinfo 0xb1367140)
06-05 18:35:38.456 I/System.out( 7496): URI: //ping
06-05 18:35:38.456 I/System.out( 7496): params: {json={}
06-05 18:35:38.456 I/System.out( 7496): }
06-05 18:35:38.458 I/System.out( 7496): URI: //ready
06-05 18:35:38.458 I/System.out( 7496): params: {json={}
06-05 18:35:38.458 I/System.out( 7496): }
06-05 18:35:38.460 I/System.out( 7496): URI: //
06-05 18:35:38.460 I/System.out( 7496): params: {json={"command":"version","arguments":[]}
06-05 18:35:38.460 I/System.out( 7496): }
06-05 18:35:38.460 I/System.out( 7496): header: {content-type=application/json;charset=utf-8, date=Fri, 05 Jun 2020 23:35:38 GMT, accept=*/*, host=127.0.0.1:34783, content-length=36, user-agent=HTTPClient/1.0 (2.8.3, ruby 2.5.1 (2018-03-29))}
06-05 18:35:38.460 I/System.out( 7496): params: {json={"command":"version","arguments":[]}
06-05 18:35:38.460 I/System.out( 7496): }
06-05 18:35:38.460 I/System.out( 7496): ProP json = {"command":"version","arguments":[]}
06-05 18:35:38.460 I/System.out( 7496): files: {}
06-05 18:35:38.460 I/System.out( 7496): command: {"command":"version","arguments":[]}
06-05 18:35:38.463 I/InstrumentationBackend( 7496): Got command:'Command:'Line:null,version', arguments:'[]'
06-05 18:35:38.469 I/System.out( 7496): result:{"bonusInformation":[],"message":"0.9.8","success":true}
06-05 18:35:38.471 D/EGL_emulation( 1711): eglMakeCurrent: 0xa5b6bd80: ver 2 0 (tinfo 0xb1367140)
06-05 18:35:38.471 I/System.out( 7496): URI: //start-application
06-05 18:35:38.471 I/System.out( 7496): params: {json={"intent":null}
06-05 18:35:38.471 I/System.out( 7496): }
06-05 18:35:38.473 D/EGL_emulation( 1711): eglMakeCurrent: 0xa5b6bd80: ver 2 0 (tinfo 0xb1367140)
06-05 18:35:38.488 D/EGL_emulation( 1711): eglMakeCurrent: 0xa5b6bd80: ver 2 0 (tinfo 0xb1367140)
06-05 18:35:38.489 D/EGL_emulation( 1711): eglMakeCurrent: 0xa5b6bd80: ver 2 0 (tinfo 0xb1367140)
06-05 18:35:38.504 I/ActivityManager( 1629): START u0 {act=android.intent.action.MAIN cat=[android.intent.category.LAUNCHER] flg=0x10200000 cmp=com.evancharlton.mileage/.Mileage} from uid 10160 on display 0
06-05 18:35:38.504 D/EGL_emulation( 1711): eglMakeCurrent: 0xa5b6bd80: ver 2 0 (tinfo 0xb1367140)
06-05 18:35:38.506 D/EGL_emulation( 1711): eglMakeCurrent: 0xa5b6bd80: ver 2 0 (tinfo 0xb1367140)
06-05 18:35:38.521 D/EGL_emulation( 1711): eglMakeCurrent: 0xa5b6bd80: ver 2 0 (tinfo 0xb1367140)
06-05 18:35:38.561 I/calabash( 7496): newActivity1
06-05 18:35:38.563 D/EGL_emulation( 2150): eglMakeCurrent: 0xb4f852a0: ver 2 0 (tinfo 0xb4f832e0)
06-05 18:35:38.572 I/calabash( 7496): newActivity1
06-05 18:35:38.573 W/ActivityManager( 1629): Bad activity token: android.os.BinderProxy@139780f
06-05 18:35:38.573 W/ActivityManager( 1629): java.lang.ClassCastException: android.os.BinderProxy cannot be cast to com.android.server.am.ActivityRecord$Token
06-05 18:35:38.573 W/ActivityManager( 1629): 	at com.android.server.am.ActivityRecord.forTokenLocked(ActivityRecord.java:586)
06-05 18:35:38.573 W/ActivityManager( 1629): 	at com.android.server.am.ActivityRecord.isInStackLocked(ActivityRecord.java:1327)
06-05 18:35:38.573 W/ActivityManager( 1629): 	at com.android.server.am.ActivityRecord.getStackLocked(ActivityRecord.java:1332)
06-05 18:35:38.573 W/ActivityManager( 1629): 	at com.android.server.am.ActivityManagerService.getActivityDisplayId(ActivityManagerService.java:9806)
06-05 18:35:38.573 W/ActivityManager( 1629): 	at android.app.ActivityManagerNative.onTransact(ActivityManagerNative.java:2566)
06-05 18:35:38.573 W/ActivityManager( 1629): 	at com.android.server.am.ActivityManagerService.onTransact(ActivityManagerService.java:2757)
06-05 18:35:38.573 W/ActivityManager( 1629): 	at android.os.Binder.execTransact(Binder.java:565)
06-05 18:35:38.575 W/ActivityManager( 1629): Bad activity token: android.os.BinderProxy@139780f
06-05 18:35:38.575 W/ActivityManager( 1629): java.lang.ClassCastException: android.os.BinderProxy cannot be cast to com.android.server.am.ActivityRecord$Token
06-05 18:35:38.575 W/ActivityManager( 1629): 	at com.android.server.am.ActivityRecord.forTokenLocked(ActivityRecord.java:586)
06-05 18:35:38.575 W/ActivityManager( 1629): 	at com.android.server.am.ActivityRecord.isInStackLocked(ActivityRecord.java:1327)
06-05 18:35:38.575 W/ActivityManager( 1629): 	at com.android.server.am.ActivityManagerService.setTaskDescription(ActivityManagerService.java:9358)
06-05 18:35:38.575 W/ActivityManager( 1629): 	at android.app.ActivityManagerNative.onTransact(ActivityManagerNative.java:2639)
06-05 18:35:38.575 W/ActivityManager( 1629): 	at com.android.server.am.ActivityManagerService.onTransact(ActivityManagerService.java:2757)
06-05 18:35:38.575 W/ActivityManager( 1629): 	at android.os.Binder.execTransact(Binder.java:565)
06-05 18:35:38.576 W/ActivityManager( 1629): Bad activity token: android.os.BinderProxy@139780f
06-05 18:35:38.576 W/ActivityManager( 1629): java.lang.ClassCastException: android.os.BinderProxy cannot be cast to com.android.server.am.ActivityRecord$Token
06-05 18:35:38.576 W/ActivityManager( 1629): 	at com.android.server.am.ActivityRecord.forTokenLocked(ActivityRecord.java:586)
06-05 18:35:38.576 W/ActivityManager( 1629): 	at com.android.server.am.ActivityRecord.isInStackLocked(ActivityRecord.java:1327)
06-05 18:35:38.576 W/ActivityManager( 1629): 	at com.android.server.am.ActivityRecord.getStackLocked(ActivityRecord.java:1332)
06-05 18:35:38.576 W/ActivityManager( 1629): 	at com.android.server.am.ActivityManagerService.getActivityStackId(ActivityManagerService.java:9817)
06-05 18:35:38.576 W/ActivityManager( 1629): 	at android.app.ActivityManagerNative.onTransact(ActivityManagerNative.java:2856)
06-05 18:35:38.576 W/ActivityManager( 1629): 	at com.android.server.am.ActivityManagerService.onTransact(ActivityManagerService.java:2757)
06-05 18:35:38.576 W/ActivityManager( 1629): 	at android.os.Binder.execTransact(Binder.java:565)
06-05 18:35:38.587 D/gralloc_ranchu( 1346): gralloc_alloc: Creating ashmem region of size 9023488
06-05 18:35:38.597 W/ActivityManager( 1629): Bad activity token: android.os.BinderProxy@139780f
06-05 18:35:38.597 W/ActivityManager( 1629): java.lang.ClassCastException: android.os.BinderProxy cannot be cast to com.android.server.am.ActivityRecord$Token
06-05 18:35:38.597 W/ActivityManager( 1629): 	at com.android.server.am.ActivityRecord.forTokenLocked(ActivityRecord.java:586)
06-05 18:35:38.597 W/ActivityManager( 1629): 	at com.android.server.am.ActivityRecord.isInStackLocked(ActivityRecord.java:1327)
06-05 18:35:38.597 W/ActivityManager( 1629): 	at com.android.server.am.ActivityManagerService.getActivityOptions(ActivityManagerService.java:12559)
06-05 18:35:38.597 W/ActivityManager( 1629): 	at android.app.ActivityManagerNative.onTransact(ActivityManagerNative.java:1933)
06-05 18:35:38.597 W/ActivityManager( 1629): 	at com.android.server.am.ActivityManagerService.onTransact(ActivityManagerService.java:2757)
06-05 18:35:38.597 W/ActivityManager( 1629): 	at android.os.Binder.execTransact(Binder.java:565)
06-05 18:35:38.598 W/ActivityManager( 1629): Bad activity token: android.os.BinderProxy@139780f
06-05 18:35:38.598 W/ActivityManager( 1629): java.lang.ClassCastException: android.os.BinderProxy cannot be cast to com.android.server.am.ActivityRecord$Token
06-05 18:35:38.598 W/ActivityManager( 1629): 	at com.android.server.am.ActivityRecord.forTokenLocked(ActivityRecord.java:586)
06-05 18:35:38.598 W/ActivityManager( 1629): 	at com.android.server.am.ActivityRecord.isInStackLocked(ActivityRecord.java:1327)
06-05 18:35:38.598 W/ActivityManager( 1629): 	at com.android.server.am.ActivityManagerService.getActivityOptions(ActivityManagerService.java:12559)
06-05 18:35:38.598 W/ActivityManager( 1629): 	at android.app.ActivityManagerNative.onTransact(ActivityManagerNative.java:1933)
06-05 18:35:38.598 W/ActivityManager( 1629): 	at com.android.server.am.ActivityManagerService.onTransact(ActivityManagerService.java:2757)
06-05 18:35:38.598 W/ActivityManager( 1629): 	at android.os.Binder.execTransact(Binder.java:565)
06-05 18:35:38.633 V/PhoneStatusBar( 1711): setLightsOn(true)
06-05 18:35:38.637 D/EGL_emulation( 1711): eglMakeCurrent: 0xa5b6bd80: ver 2 0 (tinfo 0xb1367140)
06-05 18:35:38.637 V/PhoneStatusBar( 1711): setLightsOn(true)
06-05 18:35:38.638 V/PhoneStatusBar( 1711): setLightsOn(true)
06-05 18:35:38.641 D/gralloc_ranchu( 1346): gralloc_alloc: Creating ashmem region of size 9023488
06-05 18:35:38.641 V/PhoneStatusBar( 1711): setLightsOn(true)
06-05 18:35:38.643 V/PhoneStatusBar( 1711): setLightsOn(true)
06-05 18:35:38.649 D/        ( 7496): HostConnection::get() New Host Connection established 0x98bac540, tid 7496
06-05 18:35:38.707 D/EGL_emulation( 1711): eglMakeCurrent: 0xa5b6bd80: ver 2 0 (tinfo 0xb1367140)
06-05 18:35:38.716 D/EGL_emulation( 1711): eglMakeCurrent: 0xa5b6bd80: ver 2 0 (tinfo 0xb1367140)
06-05 18:35:38.719 D/EGL_emulation( 1711): eglMakeCurrent: 0xa5b6bd80: ver 2 0 (tinfo 0xb1367140)
06-05 18:35:38.721 D/EGL_emulation( 1711): eglMakeCurrent: 0xa5b6bd80: ver 2 0 (tinfo 0xb1367140)
06-05 18:35:38.722 V/PhoneStatusBar( 1711): setLightsOn(true)
06-05 18:35:38.730 D/EGL_emulation( 1711): eglMakeCurrent: 0xa5b6bd80: ver 2 0 (tinfo 0xb1367140)
06-05 18:35:38.732 D/EGL_emulation( 1711): eglMakeCurrent: 0xa5b6bd80: ver 2 0 (tinfo 0xb1367140)
06-05 18:35:38.733 I/ActivityManager( 1629): Displayed com.evancharlton.mileage/.Mileage: +175ms
06-05 18:35:38.737 I/WindowManager( 1629): Destroying surface Surface(name=com.evancharlton.mileage/com.evancharlton.mileage.VehicleTypeListActivity) called by com.android.server.wm.WindowStateAnimator.destroySurface:2016 com.android.server.wm.WindowStateAnimator.destroySurfaceLocked:882 com.android.server.wm.WindowState.removeLocked:1456 com.android.server.wm.WindowManagerService.removeWindowInnerLocked:2484 com.android.server.wm.AppWindowToken.destroySurfaces:365 com.android.server.wm.WindowStateAnimator.finishExit:565 com.android.server.wm.AppWindowAnimator.stepAnimationLocked:427 com.android.server.wm.WindowAnimator.updateAppWindowsLocked:196 
06-05 18:35:38.737 D/gralloc_ranchu( 1346): gralloc_alloc: Creating ashmem region of size 9023488
06-05 18:35:38.737 D/EGL_emulation( 1711): eglMakeCurrent: 0xa5b6bd80: ver 2 0 (tinfo 0xb1367140)
06-05 18:35:38.757 D/EGL_emulation( 1711): eglMakeCurrent: 0xa5b6bd80: ver 2 0 (tinfo 0xb1367140)
06-05 18:35:38.760 D/EGL_emulation( 1711): eglMakeCurrent: 0xa5b6bd80: ver 2 0 (tinfo 0xb1367140)
06-05 18:35:38.773 D/EGL_emulation( 1711): eglMakeCurrent: 0xa5b6bd80: ver 2 0 (tinfo 0xb1367140)
06-05 18:35:38.774 V/PhoneStatusBar( 1711): setLightsOn(true)
06-05 18:35:38.775 D/EGL_emulation( 1711): eglMakeCurrent: 0xa5b6bd80: ver 2 0 (tinfo 0xb1367140)
06-05 18:35:38.777 D/EGL_emulation( 1711): eglMakeCurrent: 0xa5b6bd80: ver 2 0 (tinfo 0xb1367140)
06-05 18:35:38.792 D/EGL_emulation( 1711): eglMakeCurrent: 0xa5b6bd80: ver 2 0 (tinfo 0xb1367140)
06-05 18:35:38.793 D/EGL_emulation( 1711): eglMakeCurrent: 0xa5b6bd80: ver 2 0 (tinfo 0xb1367140)
06-05 18:35:38.800 I/System.out( 7496): URI: //map
06-05 18:35:38.800 I/System.out( 7496): params: {json={"query":"* marked:'Vehicles'","operation":{"method_name":"query","arguments":[]}}
06-05 18:35:38.800 I/System.out( 7496): }
06-05 18:35:38.804 D/EGL_emulation( 1711): eglMakeCurrent: 0xa5b6bd80: ver 2 0 (tinfo 0xb1367140)
06-05 18:35:38.806 D/EGL_emulation( 1711): eglMakeCurrent: 0xa5b6bd80: ver 2 0 (tinfo 0xb1367140)
06-05 18:35:38.816 W/ResourceType( 7496): No package identifier when getting name for resource number 0x00000001
06-05 18:35:38.821 D/EGL_emulation( 1711): eglMakeCurrent: 0xa5b6bd80: ver 2 0 (tinfo 0xb1367140)
06-05 18:35:38.823 D/EGL_emulation( 1711): eglMakeCurrent: 0xa5b6bd80: ver 2 0 (tinfo 0xb1367140)
06-05 18:35:38.829 I/System.out( 7496): URI: //gesture
06-05 18:35:38.829 I/System.out( 7496): params: {json={"query_timeout":5.0,"gestures":[{"query_string":"* marked:'Vehicles'","touches":[{"x":50,"y":50,"offset_x":0,"offset_y":0,"wait":0.0,"time":0.2,"release":true,"query_string":null}]}]}
06-05 18:35:38.829 I/System.out( 7496): }
06-05 18:35:38.833 W/ResourceType( 7496): No package identifier when getting name for resource number 0x00000001
06-05 18:35:38.837 D/EGL_emulation( 1711): eglMakeCurrent: 0xa5b6bd80: ver 2 0 (tinfo 0xb1367140)
06-05 18:35:38.845 D/EGL_emulation( 1711): eglMakeCurrent: 0xa5b6bd80: ver 2 0 (tinfo 0xb1367140)
06-05 18:35:38.854 D/EGL_emulation( 1711): eglMakeCurrent: 0xa5b6bd80: ver 2 0 (tinfo 0xb1367140)
06-05 18:35:38.859 D/EGL_emulation( 1711): eglMakeCurrent: 0xa5b6bd80: ver 2 0 (tinfo 0xb1367140)
06-05 18:35:38.871 D/EGL_emulation( 1711): eglMakeCurrent: 0xa5b6bd80: ver 2 0 (tinfo 0xb1367140)
06-05 18:35:38.921 I/WindowManager( 1629): Destroying surface Surface(name=Starting com.evancharlton.mileage) called by com.android.server.wm.WindowStateAnimator.destroySurface:2016 com.android.server.wm.WindowStateAnimator.destroySurfaceLocked:882 com.android.server.wm.WindowState.destroyOrSaveSurface:2100 com.android.server.wm.AppWindowToken.destroySurfaces:363 com.android.server.wm.WindowStateAnimator.finishExit:565 com.android.server.wm.WindowStateAnimator.stepAnimationLocked:491 com.android.server.wm.WindowAnimator.updateWindowsLocked:303 com.android.server.wm.WindowAnimator.animateLocked:704 
06-05 18:35:38.927 V/PhoneStatusBar( 1711): setLightsOn(true)
06-05 18:35:38.932 V/PhoneStatusBar( 1711): setLightsOn(true)
06-05 18:35:39.056 I/calabash( 7496): newActivity1
06-05 18:35:39.057 W/ActivityManager( 1629): Bad activity token: android.os.BinderProxy@f452f91
06-05 18:35:39.057 W/ActivityManager( 1629): java.lang.ClassCastException: android.os.BinderProxy cannot be cast to com.android.server.am.ActivityRecord$Token
06-05 18:35:39.057 W/ActivityManager( 1629): 	at com.android.server.am.ActivityRecord.forTokenLocked(ActivityRecord.java:586)
06-05 18:35:39.057 W/ActivityManager( 1629): 	at com.android.server.am.ActivityRecord.isInStackLocked(ActivityRecord.java:1327)
06-05 18:35:39.057 W/ActivityManager( 1629): 	at com.android.server.am.ActivityRecord.getStackLocked(ActivityRecord.java:1332)
06-05 18:35:39.057 W/ActivityManager( 1629): 	at com.android.server.am.ActivityManagerService.getActivityDisplayId(ActivityManagerService.java:9806)
06-05 18:35:39.057 W/ActivityManager( 1629): 	at android.app.ActivityManagerNative.onTransact(ActivityManagerNative.java:2566)
06-05 18:35:39.057 W/ActivityManager( 1629): 	at com.android.server.am.ActivityManagerService.onTransact(ActivityManagerService.java:2757)
06-05 18:35:39.057 W/ActivityManager( 1629): 	at android.os.Binder.execTransact(Binder.java:565)
06-05 18:35:39.059 W/ActivityManager( 1629): Bad activity token: android.os.BinderProxy@f452f91
06-05 18:35:39.059 W/ActivityManager( 1629): java.lang.ClassCastException: android.os.BinderProxy cannot be cast to com.android.server.am.ActivityRecord$Token
06-05 18:35:39.059 W/ActivityManager( 1629): 	at com.android.server.am.ActivityRecord.forTokenLocked(ActivityRecord.java:586)
06-05 18:35:39.059 W/ActivityManager( 1629): 	at com.android.server.am.ActivityRecord.isInStackLocked(ActivityRecord.java:1327)
06-05 18:35:39.059 W/ActivityManager( 1629): 	at com.android.server.am.ActivityManagerService.setTaskDescription(ActivityManagerService.java:9358)
06-05 18:35:39.059 W/ActivityManager( 1629): 	at android.app.ActivityManagerNative.onTransact(ActivityManagerNative.java:2639)
06-05 18:35:39.059 W/ActivityManager( 1629): 	at com.android.server.am.ActivityManagerService.onTransact(ActivityManagerService.java:2757)
06-05 18:35:39.059 W/ActivityManager( 1629): 	at android.os.Binder.execTransact(Binder.java:565)
06-05 18:35:39.059 W/ActivityManager( 1629): Bad activity token: android.os.BinderProxy@f452f91
06-05 18:35:39.059 W/ActivityManager( 1629): java.lang.ClassCastException: android.os.BinderProxy cannot be cast to com.android.server.am.ActivityRecord$Token
06-05 18:35:39.059 W/ActivityManager( 1629): 	at com.android.server.am.ActivityRecord.forTokenLocked(ActivityRecord.java:586)
06-05 18:35:39.059 W/ActivityManager( 1629): 	at com.android.server.am.ActivityRecord.isInStackLocked(ActivityRecord.java:1327)
06-05 18:35:39.059 W/ActivityManager( 1629): 	at com.android.server.am.ActivityRecord.getStackLocked(ActivityRecord.java:1332)
06-05 18:35:39.059 W/ActivityManager( 1629): 	at com.android.server.am.ActivityManagerService.getActivityStackId(ActivityManagerService.java:9817)
06-05 18:35:39.059 W/ActivityManager( 1629): 	at android.app.ActivityManagerNative.onTransact(ActivityManagerNative.java:2856)
06-05 18:35:39.059 W/ActivityManager( 1629): 	at com.android.server.am.ActivityManagerService.onTransact(ActivityManagerService.java:2757)
06-05 18:35:39.059 W/ActivityManager( 1629): 	at android.os.Binder.execTransact(Binder.java:565)
06-05 18:35:39.064 W/ActivityManager( 1629): Bad activity token: android.os.BinderProxy@f452f91
06-05 18:35:39.064 W/ActivityManager( 1629): java.lang.ClassCastException: android.os.BinderProxy cannot be cast to com.android.server.am.ActivityRecord$Token
06-05 18:35:39.064 W/ActivityManager( 1629): 	at com.android.server.am.ActivityRecord.forTokenLocked(ActivityRecord.java:586)
06-05 18:35:39.064 W/ActivityManager( 1629): 	at com.android.server.am.ActivityRecord.isInStackLocked(ActivityRecord.java:1327)
06-05 18:35:39.064 W/ActivityManager( 1629): 	at com.android.server.am.ActivityManagerService.getActivityOptions(ActivityManagerService.java:12559)
06-05 18:35:39.064 W/ActivityManager( 1629): 	at android.app.ActivityManagerNative.onTransact(ActivityManagerNative.java:1933)
06-05 18:35:39.064 W/ActivityManager( 1629): 	at com.android.server.am.ActivityManagerService.onTransact(ActivityManagerService.java:2757)
06-05 18:35:39.064 W/ActivityManager( 1629): 	at android.os.Binder.execTransact(Binder.java:565)
06-05 18:35:39.065 W/ActivityManager( 1629): Bad activity token: android.os.BinderProxy@f452f91
06-05 18:35:39.065 W/ActivityManager( 1629): java.lang.ClassCastException: android.os.BinderProxy cannot be cast to com.android.server.am.ActivityRecord$Token
06-05 18:35:39.065 W/ActivityManager( 1629): 	at com.android.server.am.ActivityRecord.forTokenLocked(ActivityRecord.java:586)
06-05 18:35:39.065 W/ActivityManager( 1629): 	at com.android.server.am.ActivityRecord.isInStackLocked(ActivityRecord.java:1327)
06-05 18:35:39.065 W/ActivityManager( 1629): 	at com.android.server.am.ActivityManagerService.getActivityOptions(ActivityManagerService.java:12559)
06-05 18:35:39.065 W/ActivityManager( 1629): 	at android.app.ActivityManagerNative.onTransact(ActivityManagerNative.java:1933)
06-05 18:35:39.065 W/ActivityManager( 1629): 	at com.android.server.am.ActivityManagerService.onTransact(ActivityManagerService.java:2757)
06-05 18:35:39.065 W/ActivityManager( 1629): 	at android.os.Binder.execTransact(Binder.java:565)
06-05 18:35:39.070 I/System.out( 7496): URI: //map
06-05 18:35:39.070 I/System.out( 7496): params: {json={"query":"* {text CONTAINS[c] 'Default Vehicle'}","operation":{"method_name":"query","arguments":[]}}
06-05 18:35:39.070 I/System.out( 7496): }
06-05 18:35:39.087 I/WindowManager( 1629): Destroying surface Surface(name=com.android.launcher3/com.android.launcher3.Launcher) called by com.android.server.wm.WindowStateAnimator.destroySurface:2016 com.android.server.wm.WindowStateAnimator.destroySurfaceLocked:882 com.android.server.wm.WindowState.destroyOrSaveSurface:2100 com.android.server.wm.AppWindowToken.destroySurfaces:363 com.android.server.wm.WindowStateAnimator.finishExit:565 com.android.server.wm.AppWindowAnimator.stepAnimationLocked:427 com.android.server.wm.WindowAnimator.updateAppWindowsLocked:176 com.android.server.wm.WindowAnimator.animateLocked:678 
06-05 18:35:39.089 V/PhoneStatusBar( 1711): setLightsOn(true)
06-05 18:35:39.122 I/System.out( 7496): URI: //gesture
06-05 18:35:39.122 I/System.out( 7496): params: {json={"query_timeout":5.0,"gestures":[{"query_string":"* {text CONTAINS[c] 'Default Vehicle'}","touches":[{"x":50,"y":50,"offset_x":0,"offset_y":0,"wait":0.0,"time":1.0,"release":true,"query_string":null}]}]}
06-05 18:35:39.122 I/System.out( 7496): }
06-05 18:35:39.127 I/art     ( 7496): Do partial code cache collection, code=29KB, data=29KB
06-05 18:35:39.127 I/art     ( 7496): After code cache collection, code=29KB, data=29KB
06-05 18:35:39.127 I/art     ( 7496): Increasing code cache capacity to 128KB
06-05 18:35:39.274 D/gralloc_ranchu( 1346): gralloc_alloc: Creating ashmem region of size 9023488
06-05 18:35:39.388 V/PhoneStatusBar( 1711): setLightsOn(true)
06-05 18:35:39.389 V/PhoneStatusBar( 1711): setLightsOn(true)
06-05 18:35:39.404 V/PhoneStatusBar( 1711): setLightsOn(true)
06-05 18:35:39.763 V/PhoneStatusBar( 1711): setLightsOn(true)
06-05 18:35:39.785 V/PhoneStatusBar( 1711): setLightsOn(true)
06-05 18:35:39.787 V/PhoneStatusBar( 1711): setLightsOn(true)
06-05 18:35:39.789 D/gralloc_ranchu( 1346): gralloc_alloc: Creating ashmem region of size 868352
06-05 18:35:39.795 V/PhoneStatusBar( 1711): setLightsOn(true)
06-05 18:35:39.796 V/PhoneStatusBar( 1711): setLightsOn(true)
06-05 18:35:39.804 D/gralloc_ranchu( 1346): gralloc_alloc: Creating ashmem region of size 868352
06-05 18:35:39.804 V/PhoneStatusBar( 1711): setLightsOn(true)
06-05 18:35:40.056 V/PhoneStatusBar( 1711): setLightsOn(true)
06-05 18:35:40.190 I/System.out( 7496): URI: //map
06-05 18:35:40.190 I/System.out( 7496): params: {json={"query":"android.widget.ScrollView index:0","operation":{"method_name":"query","arguments":[]}}
06-05 18:35:40.190 I/System.out( 7496): }
06-05 18:35:40.220 I/System.out( 7496): URI: //map
06-05 18:35:40.220 I/System.out( 7496): params: {json={"query":"android.widget.AbsListView index:0","operation":{"method_name":"query","arguments":[]}}
06-05 18:35:40.220 I/System.out( 7496): }
06-05 18:35:40.235 I/System.out( 7496): URI: //map
06-05 18:35:40.235 I/System.out( 7496): params: {json={"query":"android.widget.AbsListView index:0","operation":{"method_name":"query","arguments":[]}}
06-05 18:35:40.235 I/System.out( 7496): }
06-05 18:35:40.249 I/System.out( 7496): URI: //map
06-05 18:35:40.249 I/System.out( 7496): params: {json={"query":"android.widget.AbsListView index:0","operation":{"method_name":"query","arguments":[]}}
06-05 18:35:40.249 I/System.out( 7496): }
06-05 18:35:40.260 I/System.out( 7496): URI: //map
06-05 18:35:40.260 I/System.out( 7496): params: {json={"query":"android.widget.AbsListView index:0","operation":{"method_name":"query","arguments":["getFirstVisiblePosition"]}}
06-05 18:35:40.260 I/System.out( 7496): }
06-05 18:35:40.270 I/System.out( 7496): URI: //map
06-05 18:35:40.270 I/System.out( 7496): params: {json={"query":"android.widget.AbsListView index:0","operation":{"method_name":"query","arguments":["getLastVisiblePosition"]}}
06-05 18:35:40.270 I/System.out( 7496): }
06-05 18:35:40.281 I/System.out( 7496): URI: //map
06-05 18:35:40.281 I/System.out( 7496): params: {json={"query":"android.widget.AbsListView index:0","operation":{"method_name":"query","arguments":[{"method_name":"setSelection","arguments":[1]}]}}
06-05 18:35:40.281 I/System.out( 7496): }
06-05 18:35:40.296 I/System.out( 7496): URI: //map
06-05 18:35:40.296 I/System.out( 7496): params: {json={"query":"* {text CONTAINS[c] 'Edit'}","operation":{"method_name":"query","arguments":[]}}
06-05 18:35:40.296 I/System.out( 7496): }
06-05 18:35:40.378 V/PhoneStatusBar( 1711): setLightsOn(true)
06-05 18:35:40.450 I/System.out( 7496): URI: //map
06-05 18:35:40.450 I/System.out( 7496): params: {json={"query":"* marked:'Edit'","operation":{"method_name":"query","arguments":[]}}
06-05 18:35:40.450 I/System.out( 7496): }
06-05 18:35:40.455 W/ResourceType( 7496): No package identifier when getting name for resource number 0x00000001
06-05 18:35:40.464 I/System.out( 7496): URI: //gesture
06-05 18:35:40.464 I/System.out( 7496): params: {json={"query_timeout":5.0,"gestures":[{"query_string":"* marked:'Edit'","touches":[{"x":50,"y":50,"offset_x":0,"offset_y":0,"wait":0.0,"time":0.2,"release":true,"query_string":null}]}]}
06-05 18:35:40.464 I/System.out( 7496): }
06-05 18:35:40.465 I/art     ( 7496): Do partial code cache collection, code=58KB, data=62KB
06-05 18:35:40.465 I/art     ( 7496): After code cache collection, code=58KB, data=62KB
06-05 18:35:40.465 I/art     ( 7496): Increasing code cache capacity to 256KB
06-05 18:35:40.467 W/ResourceType( 7496): No package identifier when getting name for resource number 0x00000001
06-05 18:35:40.690 I/ActivityManager( 1629): START u0 {cmp=com.evancharlton.mileage/.VehicleActivity (has extras)} from uid 10160 on display 0
06-05 18:35:40.696 V/PhoneStatusBar( 1711): setLightsOn(true)
06-05 18:35:40.699 V/PhoneStatusBar( 1711): setLightsOn(true)
06-05 18:35:40.705 V/PhoneStatusBar( 1711): setLightsOn(true)
06-05 18:35:40.707 W/InputEventReceiver( 7496): Attempted to finish an input event but the input event receiver has already been disposed.
06-05 18:35:40.718 I/calabash( 7496): newActivity1
06-05 18:35:40.728 I/System.out( 7496): URI: //gesture
06-05 18:35:40.728 I/System.out( 7496): params: {json={"query_timeout":5.0,"gestures":[{"query_string":"android.widget.EditText index:4","touches":[{"x":50,"y":50,"offset_x":0,"offset_y":0,"wait":0.0,"time":0.2,"release":true,"query_string":null}]}]}
06-05 18:35:40.728 I/System.out( 7496): }
06-05 18:35:40.778 V/PhoneStatusBar( 1711): setLightsOn(true)
06-05 18:35:40.787 V/PhoneStatusBar( 1711): setLightsOn(true)
06-05 18:35:40.791 D/gralloc_ranchu( 1346): gralloc_alloc: Creating ashmem region of size 9023488
06-05 18:35:40.804 V/PhoneStatusBar( 1711): setLightsOn(true)
06-05 18:35:40.819 I/ActivityManager( 1629): Displayed com.evancharlton.mileage/.VehicleActivity: +109ms
06-05 18:35:40.819 W/InputMethodService( 1696): Window size has been changed. This may cause jankiness of resizing window: -1 -> -2
06-05 18:35:40.820 D/gralloc_ranchu( 1346): gralloc_alloc: Creating ashmem region of size 9023488
06-05 18:35:40.822 V/PhoneStatusBar( 1711): setLightsOn(true)
06-05 18:35:40.828 I/LatinIME( 1696): Starting input. Cursor position = 0,0
06-05 18:35:40.854 V/PhoneStatusBar( 1711): setLightsOn(true)
06-05 18:35:40.888 V/PhoneStatusBar( 1711): setLightsOn(true)
06-05 18:35:40.949 D/EGL_emulation( 1711): eglMakeCurrent: 0xa5b6bd80: ver 2 0 (tinfo 0xb1367140)
06-05 18:35:40.954 I/WindowManager( 1629): Destroying surface Surface(name=PopupWindow:5107fcb) called by com.android.server.wm.WindowStateAnimator.destroySurface:2016 com.android.server.wm.WindowStateAnimator.destroySurfaceLocked:882 com.android.server.wm.WindowState.destroyOrSaveSurface:2100 com.android.server.wm.AppWindowToken.destroySurfaces:363 com.android.server.wm.WindowStateAnimator.finishExit:565 com.android.server.wm.WindowStateAnimator.stepAnimationLocked:491 com.android.server.wm.WindowAnimator.updateWindowsLocked:303 com.android.server.wm.WindowAnimator.animateLocked:704 
06-05 18:35:40.955 D/EGL_emulation( 1711): eglMakeCurrent: 0xa5b6bd80: ver 2 0 (tinfo 0xb1367140)
06-05 18:35:40.957 D/EGL_emulation( 1696): eglMakeCurrent: 0xb4f85720: ver 2 0 (tinfo 0xb4f83530)
06-05 18:35:40.988 V/PhoneStatusBar( 1711): setLightsOn(true)
06-05 18:35:41.006 V/PhoneStatusBar( 1711): setLightsOn(true)
06-05 18:35:41.057 V/PhoneStatusBar( 1711): setLightsOn(true)
06-05 18:35:41.205 V/PhoneStatusBar( 1711): setLightsOn(true)
06-05 18:35:41.208 V/PhoneStatusBar( 1711): setLightsOn(true)
06-05 18:35:41.223 V/PhoneStatusBar( 1711): setLightsOn(true)
06-05 18:35:41.225 I/WindowManager( 1629): Destroying surface Surface(name=com.evancharlton.mileage/com.evancharlton.mileage.Mileage) called by com.android.server.wm.WindowStateAnimator.destroySurface:2016 com.android.server.wm.WindowStateAnimator.destroySurfaceLocked:882 com.android.server.wm.WindowState.destroyOrSaveSurface:2100 com.android.server.wm.WindowManagerService.tryStartExitingAnimation:3024 com.android.server.wm.WindowManagerService.relayoutWindow:2904 com.android.server.wm.Session.relayout:224 android.view.IWindowSession$Stub.onTransact:286 com.android.server.wm.Session.onTransact:145 
06-05 18:35:41.227 V/PhoneStatusBar( 1711): setLightsOn(true)
06-05 18:35:41.498 I/LatinIME( 1696): Starting input. Cursor position = 22,22
06-05 18:35:41.532 W/IInputConnectionWrapper( 7496): finishComposingText on inactive InputConnection
06-05 18:35:41.532 W/IInputConnectionWrapper( 7496): finishComposingText on inactive InputConnection
06-05 18:35:41.534 V/PhoneStatusBar( 1711): setLightsOn(true)
06-05 18:35:41.538 V/PhoneStatusBar( 1711): setLightsOn(true)
06-05 18:35:41.554 D/gralloc_ranchu( 1346): gralloc_alloc: Creating ashmem region of size 49152
06-05 18:35:41.558 V/PhoneStatusBar( 1711): setLightsOn(true)
06-05 18:35:41.559 V/PhoneStatusBar( 1711): setLightsOn(true)
06-05 18:35:41.572 V/PhoneStatusBar( 1711): setLightsOn(true)
06-05 18:35:41.670 D/gralloc_ranchu( 1346): gralloc_alloc: Creating ashmem region of size 49152
06-05 18:35:41.673 V/PhoneStatusBar( 1711): setLightsOn(true)
06-05 18:35:42.005 D/gralloc_ranchu( 1346): gralloc_alloc: Creating ashmem region of size 9023488
06-05 18:35:42.005 I/System.out( 7496): URI: //
06-05 18:35:42.005 I/System.out( 7496): params: {json={"command":"set_selection","arguments":[-1,-1]}
06-05 18:35:42.005 I/System.out( 7496): }
06-05 18:35:42.005 I/System.out( 7496): header: {content-type=application/json;charset=utf-8, date=Fri, 05 Jun 2020 23:35:42 GMT, accept=*/*, host=127.0.0.1:34783, content-length=47, user-agent=HTTPClient/1.0 (2.8.3, ruby 2.5.1 (2018-03-29))}
06-05 18:35:42.005 I/System.out( 7496): params: {json={"command":"set_selection","arguments":[-1,-1]}
06-05 18:35:42.005 I/System.out( 7496): }
06-05 18:35:42.005 I/System.out( 7496): ProP json = {"command":"set_selection","arguments":[-1,-1]}
06-05 18:35:42.005 I/System.out( 7496): files: {}
06-05 18:35:42.005 I/System.out( 7496): command: {"command":"set_selection","arguments":[-1,-1]}
06-05 18:35:42.007 I/InstrumentationBackend( 7496): Got command:'Command:'Line:null,set_selection', arguments:'[-1, -1]'
06-05 18:35:42.051 I/System.out( 7496): result:{"bonusInformation":[],"message":"","success":true}
06-05 18:35:42.154 I/System.out( 7496): URI: //
06-05 18:35:42.154 I/System.out( 7496): params: {json={"command":"delete_surrounding_text","arguments":[-1,0]}
06-05 18:35:42.154 I/System.out( 7496): }
06-05 18:35:42.154 I/System.out( 7496): header: {content-type=application/json;charset=utf-8, date=Fri, 05 Jun 2020 23:35:42 GMT, accept=*/*, host=127.0.0.1:34783, content-length=56, user-agent=HTTPClient/1.0 (2.8.3, ruby 2.5.1 (2018-03-29))}
06-05 18:35:42.154 I/System.out( 7496): params: {json={"command":"delete_surrounding_text","arguments":[-1,0]}
06-05 18:35:42.154 I/System.out( 7496): }
06-05 18:35:42.154 I/System.out( 7496): ProP json = {"command":"delete_surrounding_text","arguments":[-1,0]}
06-05 18:35:42.154 I/System.out( 7496): files: {}
06-05 18:35:42.154 I/System.out( 7496): command: {"command":"delete_surrounding_text","arguments":[-1,0]}
06-05 18:35:42.156 I/InstrumentationBackend( 7496): Got command:'Command:'Line:null,delete_surrounding_text', arguments:'[-1, 0]'
06-05 18:35:42.179 E/SpannableStringBuilder( 7496): SPAN_EXCLUSIVE_EXCLUSIVE spans cannot have a zero length
06-05 18:35:42.179 E/SpannableStringBuilder( 7496): SPAN_EXCLUSIVE_EXCLUSIVE spans cannot have a zero length
06-05 18:35:42.181 V/PhoneStatusBar( 1711): setLightsOn(true)
06-05 18:35:42.186 I/System.out( 7496): result:{"bonusInformation":[],"message":"","success":true}
06-05 18:35:42.189 I/System.out( 7496): URI: //map
06-05 18:35:42.189 I/System.out( 7496): params: {json={"query":"android.widget.EditText index:4","operation":{"method_name":"query","arguments":[]}}
06-05 18:35:42.189 I/System.out( 7496): }
06-05 18:35:42.259 I/System.out( 7496): URI: //gesture
06-05 18:35:42.259 I/System.out( 7496): params: {json={"query_timeout":5.0,"gestures":[{"query_string":"android.widget.EditText index:4","touches":[{"x":50,"y":50,"offset_x":0,"offset_y":0,"wait":0.0,"time":0.2,"release":true,"query_string":null}]}]}
06-05 18:35:42.259 I/System.out( 7496): }
06-05 18:35:42.353 I/WindowManager( 1629): Destroying surface Surface(name=PopupWindow:dca640e) called by com.android.server.wm.WindowStateAnimator.destroySurface:2016 com.android.server.wm.WindowStateAnimator.destroySurfaceLocked:882 com.android.server.wm.WindowState.destroyOrSaveSurface:2100 com.android.server.wm.AppWindowToken.destroySurfaces:363 com.android.server.wm.WindowStateAnimator.finishExit:565 com.android.server.wm.WindowStateAnimator.stepAnimationLocked:491 com.android.server.wm.WindowAnimator.updateWindowsLocked:303 com.android.server.wm.WindowAnimator.animateLocked:704 
06-05 18:35:42.354 V/PhoneStatusBar( 1711): setLightsOn(true)
06-05 18:35:42.355 V/PhoneStatusBar( 1711): setLightsOn(true)
06-05 18:35:43.016 I/System.out( 7496): URI: //
06-05 18:35:43.017 I/System.out( 7496): params: {json={"command":"set_selection","arguments":[-1,-1]}
06-05 18:35:43.017 I/System.out( 7496): }
06-05 18:35:43.017 I/System.out( 7496): header: {content-type=application/json;charset=utf-8, date=Fri, 05 Jun 2020 23:35:43 GMT, accept=*/*, host=127.0.0.1:34783, content-length=47, user-agent=HTTPClient/1.0 (2.8.3, ruby 2.5.1 (2018-03-29))}
06-05 18:35:43.017 I/System.out( 7496): params: {json={"command":"set_selection","arguments":[-1,-1]}
06-05 18:35:43.017 I/System.out( 7496): }
06-05 18:35:43.017 I/System.out( 7496): ProP json = {"command":"set_selection","arguments":[-1,-1]}
06-05 18:35:43.017 I/System.out( 7496): files: {}
06-05 18:35:43.017 I/System.out( 7496): command: {"command":"set_selection","arguments":[-1,-1]}
06-05 18:35:43.020 I/InstrumentationBackend( 7496): Got command:'Command:'Line:null,set_selection', arguments:'[-1, -1]'
06-05 18:35:43.031 I/System.out( 7496): result:{"bonusInformation":[],"message":"","success":true}
06-05 18:35:43.078 I/System.out( 7496): URI: //
06-05 18:35:43.078 I/System.out( 7496): params: {json={"command":"keyboard_enter_text","arguments":["Updated"]}
06-05 18:35:43.078 I/System.out( 7496): }
06-05 18:35:43.078 I/System.out( 7496): header: {content-type=application/json;charset=utf-8, date=Fri, 05 Jun 2020 23:35:43 GMT, accept=*/*, host=127.0.0.1:34783, content-length=57, user-agent=HTTPClient/1.0 (2.8.3, ruby 2.5.1 (2018-03-29))}
06-05 18:35:43.078 I/System.out( 7496): params: {json={"command":"keyboard_enter_text","arguments":["Updated"]}
06-05 18:35:43.078 I/System.out( 7496): }
06-05 18:35:43.078 I/System.out( 7496): ProP json = {"command":"keyboard_enter_text","arguments":["Updated"]}
06-05 18:35:43.078 I/System.out( 7496): files: {}
06-05 18:35:43.078 I/System.out( 7496): command: {"command":"keyboard_enter_text","arguments":["Updated"]}
06-05 18:35:43.080 I/InstrumentationBackend( 7496): Got command:'Command:'Line:null,keyboard_enter_text', arguments:'[Updated]'
06-05 18:35:43.080 E/SpannableStringBuilder( 7496): SPAN_EXCLUSIVE_EXCLUSIVE spans cannot have a zero length
06-05 18:35:43.080 E/SpannableStringBuilder( 7496): SPAN_EXCLUSIVE_EXCLUSIVE spans cannot have a zero length
06-05 18:35:43.086 E/SpannableStringBuilder( 7496): SPAN_EXCLUSIVE_EXCLUSIVE spans cannot have a zero length
06-05 18:35:43.086 E/SpannableStringBuilder( 7496): SPAN_EXCLUSIVE_EXCLUSIVE spans cannot have a zero length
06-05 18:35:43.090 I/System.out( 7496): result:{"bonusInformation":[],"message":"","success":true}
06-05 18:35:43.094 I/System.out( 7496): URI: //
06-05 18:35:43.094 I/System.out( 7496): params: {json={"command":"press_key","arguments":["KEYCODE_BACK"]}
06-05 18:35:43.094 I/System.out( 7496): }
06-05 18:35:43.094 I/System.out( 7496): header: {content-type=application/json;charset=utf-8, date=Fri, 05 Jun 2020 23:35:43 GMT, accept=*/*, host=127.0.0.1:34783, content-length=52, user-agent=HTTPClient/1.0 (2.8.3, ruby 2.5.1 (2018-03-29))}
06-05 18:35:43.094 I/System.out( 7496): params: {json={"command":"press_key","arguments":["KEYCODE_BACK"]}
06-05 18:35:43.094 I/System.out( 7496): }
06-05 18:35:43.094 I/System.out( 7496): ProP json = {"command":"press_key","arguments":["KEYCODE_BACK"]}
06-05 18:35:43.094 I/System.out( 7496): files: {}
06-05 18:35:43.095 I/System.out( 7496): command: {"command":"press_key","arguments":["KEYCODE_BACK"]}
06-05 18:35:43.096 I/InstrumentationBackend( 7496): Got command:'Command:'Line:null,press_key', arguments:'[KEYCODE_BACK]'
06-05 18:35:43.117 I/art     ( 7496): Compiler allocated 7MB to compile sh.calaba.instrumentationbackend.actions.NanoHTTPD$Response sh.calaba.instrumentationbackend.actions.HttpServer.serve(java.lang.String, java.lang.String, java.util.Properties, java.util.Properties, java.util.Properties)
06-05 18:35:43.119 W/InputMethodService( 1696): Window size has been changed. This may cause jankiness of resizing window: -1 -> -2
06-05 18:35:43.121 D/EGL_emulation( 1711): eglMakeCurrent: 0xa5b6bd80: ver 2 0 (tinfo 0xb1367140)
06-05 18:35:43.121 I/System.out( 7496): result:{"bonusInformation":[],"message":"","success":true}
06-05 18:35:43.121 D/EGL_emulation( 1696): eglMakeCurrent: 0xb4f85720: ver 2 0 (tinfo 0xb4f83530)
06-05 18:35:43.124 V/PhoneStatusBar( 1711): setLightsOn(true)
06-05 18:35:43.124 I/System.out( 7496): URI: //map
