06-05 12:37:52.852 I/System.out(15560): }
06-05 12:37:52.856 W/ResourceType(15560): No package identifier when getting name for resource number 0x00000001
06-05 12:37:53.030 I/WindowManager( 1659): Destroying surface Surface(name=com.evancharlton.mileage/com.evancharlton.mileage.VehicleActivity) called by com.android.server.wm.WindowStateAnimator.destroySurface:2016 com.android.server.wm.WindowStateAnimator.destroySurfaceLocked:882 com.android.server.wm.WindowState.destroyOrSaveSurface:2100 com.android.server.wm.AppWindowToken.destroySurfaces:363 com.android.server.wm.WindowStateAnimator.finishExit:565 com.android.server.wm.WindowStateAnimator.stepAnimationLocked:491 com.android.server.wm.WindowAnimator.updateWindowsLocked:303 com.android.server.wm.WindowAnimator.animateLocked:704 
06-05 12:37:53.031 V/PhoneStatusBar( 1792): setLightsOn(true)
06-05 12:37:53.035 V/PhoneStatusBar( 1792): setLightsOn(true)
06-05 12:37:53.091 V/PhoneStatusBar( 1792): setLightsOn(true)
06-05 12:37:53.103 V/PhoneStatusBar( 1792): setLightsOn(true)
06-05 12:37:53.109 I/System.out(15560): URI: //map
06-05 12:37:53.109 I/System.out(15560): params: {json={"query":"* {text CONTAINS[c] 'Km / Gallon'}","operation":{"method_name":"query","arguments":[]}}
06-05 12:37:53.109 I/System.out(15560): }
06-05 12:37:53.114 V/PhoneStatusBar( 1792): setLightsOn(true)
06-05 12:37:53.142 D/gralloc_ranchu( 1352): gralloc_alloc: Creating ashmem region of size 5959680
06-05 12:37:53.156 V/PhoneStatusBar( 1792): setLightsOn(true)
06-05 12:37:53.156 V/PhoneStatusBar( 1792): setLightsOn(true)
06-05 12:37:53.156 D/gralloc_ranchu( 1352): gralloc_alloc: Creating ashmem region of size 5959680
06-05 12:37:53.163 V/PhoneStatusBar( 1792): setLightsOn(true)
06-05 12:37:53.230 I/System.out(15560): URI: //map
06-05 12:37:53.230 I/System.out(15560): params: {json={"query":"* {text CONTAINS[c] 'Miles / Imp. Gal.'}","operation":{"method_name":"query","arguments":[]}}
06-05 12:37:53.230 I/System.out(15560): }
06-05 12:37:53.321 I/System.out(15560): URI: //map
06-05 12:37:53.321 I/System.out(15560): params: {json={"query":"* {text CONTAINS[c] 'Km / Imp. Gal.'}","operation":{"method_name":"query","arguments":[]}}
06-05 12:37:53.321 I/System.out(15560): }
06-05 12:37:53.346 I/System.out(15560): URI: //map
06-05 12:37:53.346 I/System.out(15560): params: {json={"query":"* {text CONTAINS[c] 'Miles / Litre'}","operation":{"method_name":"query","arguments":[]}}
06-05 12:37:53.346 I/System.out(15560): }
06-05 12:37:53.371 I/System.out(15560): URI: //map
06-05 12:37:53.371 I/System.out(15560): params: {json={"query":"* {text CONTAINS[c] 'Km / Litre'}","operation":{"method_name":"query","arguments":[]}}
06-05 12:37:53.371 I/System.out(15560): }
06-05 12:37:53.388 I/System.out(15560): URI: //map
06-05 12:37:53.388 I/System.out(15560): params: {json={"query":"* {text CONTAINS[c] 'Gallons / 100 km'}","operation":{"method_name":"query","arguments":[]}}
06-05 12:37:53.388 I/System.out(15560): }
06-05 12:37:53.404 I/System.out(15560): URI: //map
06-05 12:37:53.404 I/System.out(15560): params: {json={"query":"* {text CONTAINS[c] 'Litres / 100 km'}","operation":{"method_name":"query","arguments":[]}}
06-05 12:37:53.404 I/System.out(15560): }
06-05 12:37:53.413 V/PhoneStatusBar( 1792): setLightsOn(true)
06-05 12:37:53.416 I/System.out(15560): URI: //map
06-05 12:37:53.416 I/System.out(15560): params: {json={"query":"* {text CONTAINS[c] 'Imp. Gal. / 100 km'}","operation":{"method_name":"query","arguments":[]}}
06-05 12:37:53.416 I/System.out(15560): }
06-05 12:37:53.430 I/System.out(15560): URI: //map
06-05 12:37:53.430 I/System.out(15560): params: {json={"query":"* marked:'Miles / Gallon'","operation":{"method_name":"query","arguments":[]}}
06-05 12:37:53.430 I/System.out(15560): }
06-05 12:37:53.434 W/ResourceType(15560): No package identifier when getting name for resource number 0x00000001
06-05 12:37:53.444 I/System.out(15560): URI: //gesture
06-05 12:37:53.444 I/System.out(15560): params: {json={"query_timeout":5.0,"gestures":[{"query_string":"* marked:'Miles / Gallon'","touches":[{"x":50,"y":50,"offset_x":0,"offset_y":0,"wait":0.0,"time":0.2,"release":true,"query_string":null}]}]}
06-05 12:37:53.444 I/System.out(15560): }
06-05 12:37:53.449 W/ResourceType(15560): No package identifier when getting name for resource number 0x00000001
06-05 12:37:53.687 V/PhoneStatusBar( 1792): setLightsOn(true)
06-05 12:37:53.688 V/PhoneStatusBar( 1792): setLightsOn(true)
06-05 12:37:53.699 W/InputEventReceiver(15560): Attempted to finish an input event but the input event receiver has already been disposed.
06-05 12:37:53.712 I/System.out(15560): URI: //map
06-05 12:37:53.712 I/System.out(15560): params: {json={"query":"* {text CONTAINS[c] 'Currency symbol'}","operation":{"method_name":"query","arguments":[]}}
06-05 12:37:53.712 I/System.out(15560): }
06-05 12:37:53.730 W/InputMethodManagerService( 1659): Window already focused, ignoring focus gain of: com.android.internal.view.IInputMethodClient$Stub$Proxy@54bb513 attribute=null, token = android.os.BinderProxy@24411fa
06-05 12:37:53.788 I/System.out(15560): URI: //map
06-05 12:37:53.788 I/System.out(15560): params: {json={"query":"* {text CONTAINS[c] 'Add new vehicle'}","operation":{"method_name":"query","arguments":[]}}
06-05 12:37:53.788 I/System.out(15560): }
