--------- beginning of main
06-05 21:22:44.129 D/EGL_emulation( 2083): eglMakeCurrent: 0xb0f85240: ver 2 0 (tinfo 0xb0f832d0)
06-05 21:22:44.129 D/EGL_emulation( 1711): eglMakeCurrent: 0xb0f853c0: ver 2 0 (tinfo 0xb0f833e0)
06-05 21:22:44.144 D/EGL_emulation( 1711): eglMakeCurrent: 0xb0f853c0: ver 2 0 (tinfo 0xb0f833e0)
06-05 21:22:44.162 D/EGL_emulation( 1711): eglMakeCurrent: 0xb0f853c0: ver 2 0 (tinfo 0xb0f833e0)
06-05 21:22:44.178 D/EGL_emulation( 1711): eglMakeCurrent: 0xb0f853c0: ver 2 0 (tinfo 0xb0f833e0)
06-05 21:22:44.180 D/EGL_emulation( 1711): eglMakeCurrent: 0xb0f853c0: ver 2 0 (tinfo 0xb0f833e0)
06-05 21:22:44.194 D/EGL_emulation( 1711): eglMakeCurrent: 0xb0f853c0: ver 2 0 (tinfo 0xb0f833e0)
06-05 21:22:44.196 D/EGL_emulation( 1711): eglMakeCurrent: 0xb0f853c0: ver 2 0 (tinfo 0xb0f833e0)
06-05 21:22:44.211 D/EGL_emulation( 1711): eglMakeCurrent: 0xb0f853c0: ver 2 0 (tinfo 0xb0f833e0)
06-05 21:22:44.213 D/EGL_emulation( 1711): eglMakeCurrent: 0xb0f853c0: ver 2 0 (tinfo 0xb0f833e0)
06-05 21:22:44.228 D/EGL_emulation( 1711): eglMakeCurrent: 0xb0f853c0: ver 2 0 (tinfo 0xb0f833e0)
06-05 21:22:44.230 D/EGL_emulation( 1711): eglMakeCurrent: 0xb0f853c0: ver 2 0 (tinfo 0xb0f833e0)
06-05 21:22:44.244 D/EGL_emulation( 1711): eglMakeCurrent: 0xb0f853c0: ver 2 0 (tinfo 0xb0f833e0)
06-05 21:22:44.246 D/EGL_emulation( 1711): eglMakeCurrent: 0xb0f853c0: ver 2 0 (tinfo 0xb0f833e0)
06-05 21:22:44.261 D/EGL_emulation( 1711): eglMakeCurrent: 0xb0f853c0: ver 2 0 (tinfo 0xb0f833e0)
06-05 21:22:44.263 D/AndroidRuntime(11355): >>>>>> START com.android.internal.os.RuntimeInit uid 2000 <<<<<<
06-05 21:22:44.264 D/AndroidRuntime(11355): CheckJNI is ON
06-05 21:22:44.264 D/EGL_emulation( 1711): eglMakeCurrent: 0xb0f853c0: ver 2 0 (tinfo 0xb0f833e0)
06-05 21:22:44.274 W/art     (11355): Unexpected CPU variant for X86 using defaults: x86
06-05 21:22:44.276 D/ICU     (11355): No timezone override file found: /data/misc/zoneinfo/current/icu/icu_tzdata.dat
06-05 21:22:44.278 D/EGL_emulation( 1711): eglMakeCurrent: 0xb0f853c0: ver 2 0 (tinfo 0xb0f833e0)
06-05 21:22:44.279 D/EGL_emulation( 1711): eglMakeCurrent: 0xb0f853c0: ver 2 0 (tinfo 0xb0f833e0)
06-05 21:22:44.283 E/memtrack(11355): Couldn't load memtrack module (No such file or directory)
06-05 21:22:44.283 E/android.os.Debug(11355): failed to load memtrack module: -2
06-05 21:22:44.283 I/Radio-JNI(11355): register_android_hardware_Radio DONE
06-05 21:22:44.287 D/AndroidRuntime(11355): Calling main entry com.android.commands.am.Am
--------- beginning of system
06-05 21:22:44.288 I/ActivityManager( 1630): Force stopping com.evancharlton.mileage appid=10286 user=0: start instr
06-05 21:22:44.288 I/ActivityManager( 1630): Killing 11332:com.evancharlton.mileage/u0a286 (adj 900): stop com.evancharlton.mileage
06-05 21:22:44.288 D/ActivityManager( 1630): cleanUpApplicationRecord -- 11332
06-05 21:22:44.291 I/art     (11365): Not late-enabling -Xcheck:jni (already on)
06-05 21:22:44.292 W/art     (11365): Unexpected CPU variant for X86 using defaults: x86
06-05 21:22:44.294 D/EGL_emulation( 1711): eglMakeCurrent: 0xb0f853c0: ver 2 0 (tinfo 0xb0f833e0)
06-05 21:22:44.296 D/EGL_emulation( 1711): eglMakeCurrent: 0xb0f853c0: ver 2 0 (tinfo 0xb0f833e0)
06-05 21:22:44.299 I/ActivityManager( 1630): Start proc 11365:com.evancharlton.mileage/u0a286 for added application com.evancharlton.mileage
06-05 21:22:44.299 D/AndroidRuntime(11355): Shutting down VM
06-05 21:22:44.304 W/System  (11365): ClassLoader referenced unknown path: /data/app/com.evancharlton.mileage.test-1/lib/x86
06-05 21:22:44.304 W/System  (11365): ClassLoader referenced unknown path: /data/app/com.evancharlton.mileage-1/lib/x86
06-05 21:22:44.306 W/System  (11365): ClassLoader referenced unknown path: 
06-05 21:22:44.310 I/System.out(11365): Main activity name automatically set to: com.evancharlton.mileage.Mileage
06-05 21:22:44.310 I/System.out(11365): Calabash did not load Mono. This is only a problem if you are trying to test a Mono application
06-05 21:22:44.310 I/calabash(11365): Test server port: 7102
06-05 21:22:44.311 D/EGL_emulation( 1711): eglMakeCurrent: 0xb0f853c0: ver 2 0 (tinfo 0xb0f833e0)
06-05 21:22:44.311 I/InstrumentationBackend(11365): Added:'GetPreferences', with key:'get_preferences'
06-05 21:22:44.312 D/EGL_emulation( 1711): eglMakeCurrent: 0xb0f853c0: ver 2 0 (tinfo 0xb0f833e0)
06-05 21:22:44.315 I/InstrumentationBackend(11365): Added:'SetPreferences', with key:'set_preferences'
06-05 21:22:44.315 I/InstrumentationBackend(11365): Added:'ClearPreferences', with key:'clear_preferences'
06-05 21:22:44.315 I/InstrumentationBackend(11365): Added:'PressElement', with key:'press_l10n_element'
06-05 21:22:44.315 I/InstrumentationBackend(11365): Added:'WaitForElement', with key:'wait_for_l10n_element'
06-05 21:22:44.315 I/InstrumentationBackend(11365): Added:'NullAction', with key:'nullAction'
06-05 21:22:44.315 I/InstrumentationBackend(11365): Added:'PressKey', with key:'press_key'
06-05 21:22:44.315 I/InstrumentationBackend(11365): Added:'SetActivityOrientation', with key:'set_activity_orientation'
06-05 21:22:44.315 I/InstrumentationBackend(11365): Added:'GetActivityOrientation', with key:'get_activity_orientation'
06-05 21:22:44.315 I/InstrumentationBackend(11365): Added:'FakeGPSLocation', with key:'set_gps_coordinates'
06-05 21:22:44.315 I/InstrumentationBackend(11365): Added:'SetPropertyByCssSelector', with key:'set_property_by_css_selector'
06-05 21:22:44.315 I/InstrumentationBackend(11365): Added:'GetUrl', with key:'get_url'
06-05 21:22:44.315 I/InstrumentationBackend(11365): Added:'ScrollTo', with key:'scroll_to'
06-05 21:22:44.315 I/InstrumentationBackend(11365): Added:'GetLoadProgress', with key:'get_load_progress'
06-05 21:22:44.316 I/InstrumentationBackend(11365): Added:'DumpHtml', with key:'dump_html'
06-05 21:22:44.316 I/InstrumentationBackend(11365): Added:'DumpBodyHtml', with key:'dump_body_html'
06-05 21:22:44.316 I/InstrumentationBackend(11365): Added:'EnterTextByCssSelector', with key:'enter_text_by_selector'
06-05 21:22:44.316 I/InstrumentationBackend(11365): Added:'AndroidSDKVersion', with key:'android_sdk_version'
06-05 21:22:44.316 I/InstrumentationBackend(11365): Added:'Version', with key:'version'
06-05 21:22:44.316 I/InstrumentationBackend(11365): Added:'Drag', with key:'drag'
06-05 21:22:44.316 I/InstrumentationBackend(11365): Added:'TouchCoordinates', with key:'touch_coordinate'
06-05 21:22:44.316 I/InstrumentationBackend(11365): Added:'LongPressCoordinate', with key:'long_press_coordinate'
06-05 21:22:44.316 I/InstrumentationBackend(11365): Added:'DragCoordinates', with key:'drag_coordinates'
06-05 21:22:44.316 I/InstrumentationBackend(11365): Added:'ResumeApplication', with key:'resume_application'
06-05 21:22:44.316 I/InstrumentationBackend(11365): Added:'Swipe', with key:'swipe'
06-05 21:22:44.316 I/InstrumentationBackend(11365): Added:'DoubleTapCoordinate', with key:'double_tap_coordinate'
06-05 21:22:44.316 I/InstrumentationBackend(11365): Added:'ClickOnScreen', with key:'click_on_screen'
06-05 21:22:44.316 I/InstrumentationBackend(11365): Added:'GetActivityName', with key:'get_activity_name'
06-05 21:22:44.316 I/InstrumentationBackend(11365): Added:'ScrollToView', with key:'scroll_to_view'
06-05 21:22:44.316 I/InstrumentationBackend(11365): Added:'ViewConfiguration', with key:'view_configuration'
06-05 21:22:44.316 I/InstrumentationBackend(11365): Added:'IsCurrentActivityFocused', with key:'is_current_activity_focused'
06-05 21:22:44.316 I/InstrumentationBackend(11365): Added:'SendTcp', with key:'send_tcp'
06-05 21:22:44.316 I/InstrumentationBackend(11365): Added:'DpToDevicePixel', with key:'dp_to_device_pixel'
06-05 21:22:44.316 I/InstrumentationBackend(11365): Added:'KeyboardEnterText', with key:'keyboard_enter_text'
06-05 21:22:44.316 I/InstrumentationBackend(11365): Added:'DeleteSurroundingText', with key:'delete_surrounding_text'
06-05 21:22:44.316 I/InstrumentationBackend(11365): Added:'SetComposingRegion', with key:'set_composing_region'
06-05 21:22:44.316 I/InstrumentationBackend(11365): Added:'SetSelection', with key:'set_selection'
06-05 21:22:44.316 I/InstrumentationBackend(11365): Added:'KeyboardKeyEvent', with key:'keyboard_key_event'
06-05 21:22:44.316 I/InstrumentationBackend(11365): Added:'PressUserActionButton', with key:'press_user_action_button'
06-05 21:22:44.316 I/InstrumentationBackend(11365): Added:'HideSoftKeyboard', with key:'hide_soft_keyboard'
06-05 21:22:44.316 I/InstrumentationBackend(11365): Added:'ListActions', with key:'list_actions'
06-05 21:22:44.317 I/calabash(11365): Instantiating http server at 7102
06-05 21:22:44.317 I/System.out(11365): HTTP Daemon listening on: 7102
06-05 21:22:44.327 D/EGL_emulation( 1711): eglMakeCurrent: 0xb0f853c0: ver 2 0 (tinfo 0xb0f833e0)
06-05 21:22:44.329 D/EGL_emulation( 1711): eglMakeCurrent: 0xb0f853c0: ver 2 0 (tinfo 0xb0f833e0)
06-05 21:22:44.345 D/EGL_emulation( 1711): eglMakeCurrent: 0xb0f853c0: ver 2 0 (tinfo 0xb0f833e0)
06-05 21:22:44.361 D/EGL_emulation( 1711): eglMakeCurrent: 0xb0f853c0: ver 2 0 (tinfo 0xb0f833e0)
06-05 21:22:44.362 D/EGL_emulation( 1711): eglMakeCurrent: 0xb0f853c0: ver 2 0 (tinfo 0xb0f833e0)
06-05 21:22:44.409 I/System.out(11365): URI: //ping
06-05 21:22:44.409 I/System.out(11365): params: {json={}
06-05 21:22:44.409 I/System.out(11365): }
06-05 21:22:44.412 I/System.out(11365): URI: //ping
06-05 21:22:44.412 I/System.out(11365): params: {json={}
06-05 21:22:44.412 I/System.out(11365): }
06-05 21:22:44.415 I/System.out(11365): URI: //ready
06-05 21:22:44.415 I/System.out(11365): params: {json={}
06-05 21:22:44.415 I/System.out(11365): }
06-05 21:22:44.417 I/System.out(11365): URI: //
06-05 21:22:44.418 I/System.out(11365): params: {json={"command":"version","arguments":[]}
06-05 21:22:44.418 I/System.out(11365): }
06-05 21:22:44.418 I/System.out(11365): header: {content-type=application/json;charset=utf-8, date=Sat, 06 Jun 2020 02:22:44 GMT, accept=*/*, host=127.0.0.1:34777, content-length=36, user-agent=HTTPClient/1.0 (2.8.3, ruby 2.5.1 (2018-03-29))}
06-05 21:22:44.418 I/System.out(11365): params: {json={"command":"version","arguments":[]}
06-05 21:22:44.418 I/System.out(11365): }
06-05 21:22:44.418 I/System.out(11365): ProP json = {"command":"version","arguments":[]}
06-05 21:22:44.418 I/System.out(11365): files: {}
06-05 21:22:44.418 I/System.out(11365): command: {"command":"version","arguments":[]}
06-05 21:22:44.422 I/InstrumentationBackend(11365): Got command:'Command:'Line:null,version', arguments:'[]'
06-05 21:22:44.433 I/System.out(11365): result:{"bonusInformation":[],"message":"0.9.8","success":true}
06-05 21:22:44.436 I/System.out(11365): URI: //start-application
06-05 21:22:44.436 I/System.out(11365): params: {json={"intent":null}
06-05 21:22:44.436 I/System.out(11365): }
06-05 21:22:44.449 I/ActivityManager( 1630): START u0 {act=android.intent.action.MAIN cat=[android.intent.category.LAUNCHER] flg=0x10200000 cmp=com.evancharlton.mileage/.Mileage} from uid 10286 on display 0
06-05 21:22:44.455 I/calabash(11365): newActivity1
06-05 21:22:44.464 I/calabash(11365): newActivity1
06-05 21:22:44.465 W/ActivityManager( 1630): Bad activity token: android.os.BinderProxy@aabe405
06-05 21:22:44.465 W/ActivityManager( 1630): java.lang.ClassCastException: android.os.BinderProxy cannot be cast to com.android.server.am.ActivityRecord$Token
06-05 21:22:44.465 W/ActivityManager( 1630): 	at com.android.server.am.ActivityRecord.forTokenLocked(ActivityRecord.java:586)
06-05 21:22:44.465 W/ActivityManager( 1630): 	at com.android.server.am.ActivityRecord.isInStackLocked(ActivityRecord.java:1327)
06-05 21:22:44.465 W/ActivityManager( 1630): 	at com.android.server.am.ActivityRecord.getStackLocked(ActivityRecord.java:1332)
06-05 21:22:44.465 W/ActivityManager( 1630): 	at com.android.server.am.ActivityManagerService.getActivityDisplayId(ActivityManagerService.java:9806)
06-05 21:22:44.465 W/ActivityManager( 1630): 	at android.app.ActivityManagerNative.onTransact(ActivityManagerNative.java:2566)
06-05 21:22:44.465 W/ActivityManager( 1630): 	at com.android.server.am.ActivityManagerService.onTransact(ActivityManagerService.java:2757)
06-05 21:22:44.465 W/ActivityManager( 1630): 	at android.os.Binder.execTransact(Binder.java:565)
06-05 21:22:44.466 W/ActivityManager( 1630): Bad activity token: android.os.BinderProxy@aabe405
06-05 21:22:44.466 W/ActivityManager( 1630): java.lang.ClassCastException: android.os.BinderProxy cannot be cast to com.android.server.am.ActivityRecord$Token
06-05 21:22:44.466 W/ActivityManager( 1630): 	at com.android.server.am.ActivityRecord.forTokenLocked(ActivityRecord.java:586)
06-05 21:22:44.466 W/ActivityManager( 1630): 	at com.android.server.am.ActivityRecord.isInStackLocked(ActivityRecord.java:1327)
06-05 21:22:44.466 W/ActivityManager( 1630): 	at com.android.server.am.ActivityManagerService.setTaskDescription(ActivityManagerService.java:9358)
06-05 21:22:44.466 W/ActivityManager( 1630): 	at android.app.ActivityManagerNative.onTransact(ActivityManagerNative.java:2639)
06-05 21:22:44.466 W/ActivityManager( 1630): 	at com.android.server.am.ActivityManagerService.onTransact(ActivityManagerService.java:2757)
06-05 21:22:44.466 W/ActivityManager( 1630): 	at android.os.Binder.execTransact(Binder.java:565)
06-05 21:22:44.467 W/ActivityManager( 1630): Bad activity token: android.os.BinderProxy@aabe405
06-05 21:22:44.467 W/ActivityManager( 1630): java.lang.ClassCastException: android.os.BinderProxy cannot be cast to com.android.server.am.ActivityRecord$Token
06-05 21:22:44.467 W/ActivityManager( 1630): 	at com.android.server.am.ActivityRecord.forTokenLocked(ActivityRecord.java:586)
06-05 21:22:44.467 W/ActivityManager( 1630): 	at com.android.server.am.ActivityRecord.isInStackLocked(ActivityRecord.java:1327)
06-05 21:22:44.467 W/ActivityManager( 1630): 	at com.android.server.am.ActivityRecord.getStackLocked(ActivityRecord.java:1332)
06-05 21:22:44.467 W/ActivityManager( 1630): 	at com.android.server.am.ActivityManagerService.getActivityStackId(ActivityManagerService.java:9817)
06-05 21:22:44.467 W/ActivityManager( 1630): 	at android.app.ActivityManagerNative.onTransact(ActivityManagerNative.java:2856)
06-05 21:22:44.467 W/ActivityManager( 1630): 	at com.android.server.am.ActivityManagerService.onTransact(ActivityManagerService.java:2757)
06-05 21:22:44.467 W/ActivityManager( 1630): 	at android.os.Binder.execTransact(Binder.java:565)
06-05 21:22:44.479 D/gralloc_ranchu( 1347): gralloc_alloc: Creating ashmem region of size 9023488
06-05 21:22:44.483 W/ActivityManager( 1630): Bad activity token: android.os.BinderProxy@aabe405
06-05 21:22:44.483 W/ActivityManager( 1630): java.lang.ClassCastException: android.os.BinderProxy cannot be cast to com.android.server.am.ActivityRecord$Token
06-05 21:22:44.483 W/ActivityManager( 1630): 	at com.android.server.am.ActivityRecord.forTokenLocked(ActivityRecord.java:586)
06-05 21:22:44.483 W/ActivityManager( 1630): 	at com.android.server.am.ActivityRecord.isInStackLocked(ActivityRecord.java:1327)
06-05 21:22:44.483 W/ActivityManager( 1630): 	at com.android.server.am.ActivityManagerService.getActivityOptions(ActivityManagerService.java:12559)
06-05 21:22:44.483 W/ActivityManager( 1630): 	at android.app.ActivityManagerNative.onTransact(ActivityManagerNative.java:1933)
06-05 21:22:44.483 W/ActivityManager( 1630): 	at com.android.server.am.ActivityManagerService.onTransact(ActivityManagerService.java:2757)
06-05 21:22:44.483 W/ActivityManager( 1630): 	at android.os.Binder.execTransact(Binder.java:565)
06-05 21:22:44.483 W/ActivityManager( 1630): Bad activity token: android.os.BinderProxy@aabe405
06-05 21:22:44.483 W/ActivityManager( 1630): java.lang.ClassCastException: android.os.BinderProxy cannot be cast to com.android.server.am.ActivityRecord$Token
06-05 21:22:44.483 W/ActivityManager( 1630): 	at com.android.server.am.ActivityRecord.forTokenLocked(ActivityRecord.java:586)
06-05 21:22:44.483 W/ActivityManager( 1630): 	at com.android.server.am.ActivityRecord.isInStackLocked(ActivityRecord.java:1327)
06-05 21:22:44.483 W/ActivityManager( 1630): 	at com.android.server.am.ActivityManagerService.getActivityOptions(ActivityManagerService.java:12559)
06-05 21:22:44.483 W/ActivityManager( 1630): 	at android.app.ActivityManagerNative.onTransact(ActivityManagerNative.java:1933)
06-05 21:22:44.483 W/ActivityManager( 1630): 	at com.android.server.am.ActivityManagerService.onTransact(ActivityManagerService.java:2757)
06-05 21:22:44.483 W/ActivityManager( 1630): 	at android.os.Binder.execTransact(Binder.java:565)
06-05 21:22:44.499 V/PhoneStatusBar( 1711): setLightsOn(true)
06-05 21:22:44.511 D/EGL_emulation( 1711): eglMakeCurrent: 0xb0f853c0: ver 2 0 (tinfo 0xb0f833e0)
06-05 21:22:44.512 V/PhoneStatusBar( 1711): setLightsOn(true)
06-05 21:22:44.514 V/PhoneStatusBar( 1711): setLightsOn(true)
06-05 21:22:44.514 D/gralloc_ranchu( 1347): gralloc_alloc: Creating ashmem region of size 9023488
06-05 21:22:44.516 V/PhoneStatusBar( 1711): setLightsOn(true)
06-05 21:22:44.518 D/        (11365): HostConnection::get() New Host Connection established 0xa3837540, tid 11365
06-05 21:22:44.550 D/EGL_emulation( 1711): eglMakeCurrent: 0xb0f853c0: ver 2 0 (tinfo 0xb0f833e0)
06-05 21:22:44.550 D/EGL_emulation( 2083): eglMakeCurrent: 0xb0f85240: ver 2 0 (tinfo 0xb0f832d0)
06-05 21:22:44.554 D/EGL_emulation( 1711): eglMakeCurrent: 0xb0f853c0: ver 2 0 (tinfo 0xb0f833e0)
06-05 21:22:44.557 D/EGL_emulation( 1711): eglMakeCurrent: 0xb0f853c0: ver 2 0 (tinfo 0xb0f833e0)
06-05 21:22:44.558 D/EGL_emulation( 1711): eglMakeCurrent: 0xb0f853c0: ver 2 0 (tinfo 0xb0f833e0)
06-05 21:22:44.562 D/EGL_emulation( 1711): eglMakeCurrent: 0xb0f853c0: ver 2 0 (tinfo 0xb0f833e0)
06-05 21:22:44.564 D/EGL_emulation( 1711): eglMakeCurrent: 0xb0f853c0: ver 2 0 (tinfo 0xb0f833e0)
06-05 21:22:44.566 V/PhoneStatusBar( 1711): setLightsOn(true)
06-05 21:22:44.573 I/ActivityManager( 1630): Displayed com.evancharlton.mileage/.Mileage: +120ms
06-05 21:22:44.578 D/gralloc_ranchu( 1347): gralloc_alloc: Creating ashmem region of size 9023488
06-05 21:22:44.578 D/EGL_emulation( 1711): eglMakeCurrent: 0xb0f853c0: ver 2 0 (tinfo 0xb0f833e0)
06-05 21:22:44.596 D/EGL_emulation( 1711): eglMakeCurrent: 0xb0f853c0: ver 2 0 (tinfo 0xb0f833e0)
06-05 21:22:44.610 D/EGL_emulation( 1711): eglMakeCurrent: 0xb0f853c0: ver 2 0 (tinfo 0xb0f833e0)
06-05 21:22:44.613 D/EGL_emulation( 1711): eglMakeCurrent: 0xb0f853c0: ver 2 0 (tinfo 0xb0f833e0)
06-05 21:22:44.614 V/PhoneStatusBar( 1711): setLightsOn(true)
06-05 21:22:44.615 D/EGL_emulation( 1711): eglMakeCurrent: 0xb0f853c0: ver 2 0 (tinfo 0xb0f833e0)
06-05 21:22:44.617 D/EGL_emulation( 1711): eglMakeCurrent: 0xb0f853c0: ver 2 0 (tinfo 0xb0f833e0)
06-05 21:22:44.632 D/EGL_emulation( 1711): eglMakeCurrent: 0xb0f853c0: ver 2 0 (tinfo 0xb0f833e0)
06-05 21:22:44.635 D/EGL_emulation( 1711): eglMakeCurrent: 0xb0f853c0: ver 2 0 (tinfo 0xb0f833e0)
06-05 21:22:44.639 I/System.out(11365): URI: //map
06-05 21:22:44.639 I/System.out(11365): params: {json={"query":"* marked:'Vehicles'","operation":{"method_name":"query","arguments":[]}}
06-05 21:22:44.639 I/System.out(11365): }
06-05 21:22:44.645 D/EGL_emulation( 1711): eglMakeCurrent: 0xb0f853c0: ver 2 0 (tinfo 0xb0f833e0)
06-05 21:22:44.647 D/EGL_emulation( 1711): eglMakeCurrent: 0xb0f853c0: ver 2 0 (tinfo 0xb0f833e0)
06-05 21:22:44.651 W/ResourceType(11365): No package identifier when getting name for resource number 0x00000001
06-05 21:22:44.661 D/EGL_emulation( 1711): eglMakeCurrent: 0xb0f853c0: ver 2 0 (tinfo 0xb0f833e0)
06-05 21:22:44.663 D/EGL_emulation( 1711): eglMakeCurrent: 0xb0f853c0: ver 2 0 (tinfo 0xb0f833e0)
06-05 21:22:44.664 I/System.out(11365): URI: //gesture
06-05 21:22:44.664 I/System.out(11365): params: {json={"query_timeout":5.0,"gestures":[{"query_string":"* marked:'Vehicles'","touches":[{"x":50,"y":50,"offset_x":0,"offset_y":0,"wait":0.0,"time":0.2,"release":true,"query_string":null}]}]}
06-05 21:22:44.664 I/System.out(11365): }
06-05 21:22:44.669 W/ResourceType(11365): No package identifier when getting name for resource number 0x00000001
06-05 21:22:44.686 D/EGL_emulation( 1711): eglMakeCurrent: 0xb0f853c0: ver 2 0 (tinfo 0xb0f833e0)
06-05 21:22:44.688 D/EGL_emulation( 1711): eglMakeCurrent: 0xb0f853c0: ver 2 0 (tinfo 0xb0f833e0)
06-05 21:22:44.704 D/EGL_emulation( 1711): eglMakeCurrent: 0xb0f853c0: ver 2 0 (tinfo 0xb0f833e0)
06-05 21:22:44.710 D/EGL_emulation( 1711): eglMakeCurrent: 0xb0f853c0: ver 2 0 (tinfo 0xb0f833e0)
06-05 21:22:44.712 D/EGL_emulation( 1711): eglMakeCurrent: 0xb0f853c0: ver 2 0 (tinfo 0xb0f833e0)
06-05 21:22:44.714 D/EGL_emulation( 1711): eglMakeCurrent: 0xb0f853c0: ver 2 0 (tinfo 0xb0f833e0)
06-05 21:22:44.728 D/EGL_emulation( 1711): eglMakeCurrent: 0xb0f853c0: ver 2 0 (tinfo 0xb0f833e0)
06-05 21:22:44.730 D/EGL_emulation( 1711): eglMakeCurrent: 0xb0f853c0: ver 2 0 (tinfo 0xb0f833e0)
06-05 21:22:44.745 D/EGL_emulation( 1711): eglMakeCurrent: 0xb0f853c0: ver 2 0 (tinfo 0xb0f833e0)
06-05 21:22:44.761 I/WindowManager( 1630): Destroying surface Surface(name=Starting com.evancharlton.mileage) called by com.android.server.wm.WindowStateAnimator.destroySurface:2016 com.android.server.wm.WindowStateAnimator.destroySurfaceLocked:882 com.android.server.wm.WindowState.destroyOrSaveSurface:2100 com.android.server.wm.AppWindowToken.destroySurfaces:363 com.android.server.wm.WindowStateAnimator.finishExit:565 com.android.server.wm.WindowStateAnimator.stepAnimationLocked:491 com.android.server.wm.WindowAnimator.updateWindowsLocked:303 com.android.server.wm.WindowAnimator.animateLocked:704 
06-05 21:22:44.762 V/PhoneStatusBar( 1711): setLightsOn(true)
06-05 21:22:44.764 V/PhoneStatusBar( 1711): setLightsOn(true)
06-05 21:22:44.902 I/calabash(11365): newActivity1
06-05 21:22:44.904 W/ActivityManager( 1630): Bad activity token: android.os.BinderProxy@ab407b
06-05 21:22:44.904 W/ActivityManager( 1630): java.lang.ClassCastException: android.os.BinderProxy cannot be cast to com.android.server.am.ActivityRecord$Token
06-05 21:22:44.904 W/ActivityManager( 1630): 	at com.android.server.am.ActivityRecord.forTokenLocked(ActivityRecord.java:586)
06-05 21:22:44.904 W/ActivityManager( 1630): 	at com.android.server.am.ActivityRecord.isInStackLocked(ActivityRecord.java:1327)
06-05 21:22:44.904 W/ActivityManager( 1630): 	at com.android.server.am.ActivityRecord.getStackLocked(ActivityRecord.java:1332)
06-05 21:22:44.904 W/ActivityManager( 1630): 	at com.android.server.am.ActivityManagerService.getActivityDisplayId(ActivityManagerService.java:9806)
06-05 21:22:44.904 W/ActivityManager( 1630): 	at android.app.ActivityManagerNative.onTransact(ActivityManagerNative.java:2566)
06-05 21:22:44.904 W/ActivityManager( 1630): 	at com.android.server.am.ActivityManagerService.onTransact(ActivityManagerService.java:2757)
06-05 21:22:44.904 W/ActivityManager( 1630): 	at android.os.Binder.execTransact(Binder.java:565)
06-05 21:22:44.910 W/ActivityManager( 1630): Bad activity token: android.os.BinderProxy@ab407b
06-05 21:22:44.910 W/ActivityManager( 1630): java.lang.ClassCastException: android.os.BinderProxy cannot be cast to com.android.server.am.ActivityRecord$Token
06-05 21:22:44.910 W/ActivityManager( 1630): 	at com.android.server.am.ActivityRecord.forTokenLocked(ActivityRecord.java:586)
06-05 21:22:44.910 W/ActivityManager( 1630): 	at com.android.server.am.ActivityRecord.isInStackLocked(ActivityRecord.java:1327)
06-05 21:22:44.910 W/ActivityManager( 1630): 	at com.android.server.am.ActivityManagerService.setTaskDescription(ActivityManagerService.java:9358)
06-05 21:22:44.910 W/ActivityManager( 1630): 	at android.app.ActivityManagerNative.onTransact(ActivityManagerNative.java:2639)
06-05 21:22:44.910 W/ActivityManager( 1630): 	at com.android.server.am.ActivityManagerService.onTransact(ActivityManagerService.java:2757)
06-05 21:22:44.910 W/ActivityManager( 1630): 	at android.os.Binder.execTransact(Binder.java:565)
06-05 21:22:44.912 W/ActivityManager( 1630): Bad activity token: android.os.BinderProxy@ab407b
06-05 21:22:44.912 W/ActivityManager( 1630): java.lang.ClassCastException: android.os.BinderProxy cannot be cast to com.android.server.am.ActivityRecord$Token
06-05 21:22:44.912 W/ActivityManager( 1630): 	at com.android.server.am.ActivityRecord.forTokenLocked(ActivityRecord.java:586)
06-05 21:22:44.912 W/ActivityManager( 1630): 	at com.android.server.am.ActivityRecord.isInStackLocked(ActivityRecord.java:1327)
06-05 21:22:44.912 W/ActivityManager( 1630): 	at com.android.server.am.ActivityRecord.getStackLocked(ActivityRecord.java:1332)
06-05 21:22:44.912 W/ActivityManager( 1630): 	at com.android.server.am.ActivityManagerService.getActivityStackId(ActivityManagerService.java:9817)
06-05 21:22:44.912 W/ActivityManager( 1630): 	at android.app.ActivityManagerNative.onTransact(ActivityManagerNative.java:2856)
06-05 21:22:44.912 W/ActivityManager( 1630): 	at com.android.server.am.ActivityManagerService.onTransact(ActivityManagerService.java:2757)
06-05 21:22:44.912 W/ActivityManager( 1630): 	at android.os.Binder.execTransact(Binder.java:565)
06-05 21:22:44.924 W/ActivityManager( 1630): Bad activity token: android.os.BinderProxy@ab407b
06-05 21:22:44.924 W/ActivityManager( 1630): java.lang.ClassCastException: android.os.BinderProxy cannot be cast to com.android.server.am.ActivityRecord$Token
06-05 21:22:44.924 W/ActivityManager( 1630): 	at com.android.server.am.ActivityRecord.forTokenLocked(ActivityRecord.java:586)
06-05 21:22:44.924 W/ActivityManager( 1630): 	at com.android.server.am.ActivityRecord.isInStackLocked(ActivityRecord.java:1327)
06-05 21:22:44.924 W/ActivityManager( 1630): 	at com.android.server.am.ActivityManagerService.getActivityOptions(ActivityManagerService.java:12559)
06-05 21:22:44.924 W/ActivityManager( 1630): 	at android.app.ActivityManagerNative.onTransact(ActivityManagerNative.java:1933)
06-05 21:22:44.924 W/ActivityManager( 1630): 	at com.android.server.am.ActivityManagerService.onTransact(ActivityManagerService.java:2757)
06-05 21:22:44.924 W/ActivityManager( 1630): 	at android.os.Binder.execTransact(Binder.java:565)
06-05 21:22:44.925 W/ActivityManager( 1630): Bad activity token: android.os.BinderProxy@ab407b
06-05 21:22:44.925 W/ActivityManager( 1630): java.lang.ClassCastException: android.os.BinderProxy cannot be cast to com.android.server.am.ActivityRecord$Token
06-05 21:22:44.925 W/ActivityManager( 1630): 	at com.android.server.am.ActivityRecord.forTokenLocked(ActivityRecord.java:586)
06-05 21:22:44.925 W/ActivityManager( 1630): 	at com.android.server.am.ActivityRecord.isInStackLocked(ActivityRecord.java:1327)
06-05 21:22:44.925 W/ActivityManager( 1630): 	at com.android.server.am.ActivityManagerService.getActivityOptions(ActivityManagerService.java:12559)
06-05 21:22:44.925 W/ActivityManager( 1630): 	at android.app.ActivityManagerNative.onTransact(ActivityManagerNative.java:1933)
06-05 21:22:44.925 W/ActivityManager( 1630): 	at com.android.server.am.ActivityManagerService.onTransact(ActivityManagerService.java:2757)
06-05 21:22:44.925 W/ActivityManager( 1630): 	at android.os.Binder.execTransact(Binder.java:565)
06-05 21:22:44.962 V/PhoneStatusBar( 1711): setLightsOn(true)
06-05 21:22:45.261 V/PhoneStatusBar( 1711): setLightsOn(true)
06-05 21:22:45.262 V/PhoneStatusBar( 1711): setLightsOn(true)
06-05 21:22:45.263 W/OpenGLRenderer( 2083): Incorrectly called buildLayer on View: ShortcutAndWidgetContainer, destroying layer...
06-05 21:22:45.278 V/PhoneStatusBar( 1711): setLightsOn(true)
06-05 21:22:45.279 I/WindowManager( 1630): Destroying surface Surface(name=com.android.launcher3/com.android.launcher3.Launcher) called by com.android.server.wm.WindowStateAnimator.destroySurface:2016 com.android.server.wm.WindowStateAnimator.destroySurfaceLocked:882 com.android.server.wm.WindowState.destroyOrSaveSurface:2100 com.android.server.wm.AppWindowToken.destroySurfaces:363 com.android.server.wm.AppWindowToken.notifyAppStopped:389 com.android.server.wm.WindowManagerService.notifyAppStopped:4463 com.android.server.am.ActivityStack.activityStoppedLocked:1252 com.android.server.am.ActivityManagerService.activityStopped:6903 
06-05 21:22:45.933 I/System.out(11365): URI: //
06-05 21:22:45.933 I/System.out(11365): params: {json={"command":"press_key","arguments":["KEYCODE_MENU"]}
06-05 21:22:45.933 I/System.out(11365): }
06-05 21:22:45.933 I/System.out(11365): header: {content-type=application/json;charset=utf-8, date=Sat, 06 Jun 2020 02:22:46 GMT, accept=*/*, host=127.0.0.1:34777, content-length=52, user-agent=HTTPClient/1.0 (2.8.3, ruby 2.5.1 (2018-03-29))}
06-05 21:22:45.933 I/System.out(11365): params: {json={"command":"press_key","arguments":["KEYCODE_MENU"]}
06-05 21:22:45.933 I/System.out(11365): }
06-05 21:22:45.933 I/System.out(11365): ProP json = {"command":"press_key","arguments":["KEYCODE_MENU"]}
06-05 21:22:45.933 I/System.out(11365): files: {}
06-05 21:22:45.933 I/System.out(11365): command: {"command":"press_key","arguments":["KEYCODE_MENU"]}
06-05 21:22:45.935 I/InstrumentationBackend(11365): Got command:'Command:'Line:null,press_key', arguments:'[KEYCODE_MENU]'
06-05 21:22:45.946 V/PhoneStatusBar( 1711): setLightsOn(true)
06-05 21:22:45.951 I/System.out(11365): result:{"bonusInformation":[],"message":"","success":true}
06-05 21:22:45.955 I/System.out(11365): URI: //map
06-05 21:22:45.955 I/System.out(11365): params: {json={"query":"* marked:'Edit vehicle types'","operation":{"method_name":"query","arguments":[]}}
06-05 21:22:45.955 I/System.out(11365): }
06-05 21:22:45.963 V/PhoneStatusBar( 1711): setLightsOn(true)
06-05 21:22:45.978 V/PhoneStatusBar( 1711): setLightsOn(true)
06-05 21:22:45.995 V/PhoneStatusBar( 1711): setLightsOn(true)
06-05 21:22:45.996 D/gralloc_ranchu( 1347): gralloc_alloc: Creating ashmem region of size 1720320
06-05 21:22:46.004 V/PhoneStatusBar( 1711): setLightsOn(true)
06-05 21:22:46.004 W/ResourceType(11365): No package identifier when getting name for resource number 0x00000001
06-05 21:22:46.005 V/PhoneStatusBar( 1711): setLightsOn(true)
06-05 21:22:46.006 I/art     (11365): Do partial code cache collection, code=30KB, data=28KB
06-05 21:22:46.006 I/art     (11365): After code cache collection, code=29KB, data=28KB
06-05 21:22:46.006 I/art     (11365): Increasing code cache capacity to 128KB
06-05 21:22:46.011 V/PhoneStatusBar( 1711): setLightsOn(true)
06-05 21:22:46.013 I/System.out(11365): URI: //gesture
06-05 21:22:46.013 I/System.out(11365): params: {json={"query_timeout":5.0,"gestures":[{"query_string":"* marked:'Edit vehicle types'","touches":[{"x":50,"y":50,"offset_x":0,"offset_y":0,"wait":0.0,"time":0.2,"release":true,"query_string":null}]}]}
06-05 21:22:46.013 I/System.out(11365): }
06-05 21:22:46.019 W/ResourceType(11365): No package identifier when getting name for resource number 0x00000001
06-05 21:22:46.128 D/gralloc_ranchu( 1347): gralloc_alloc: Creating ashmem region of size 1720320
06-05 21:22:46.207 D/gralloc_ranchu( 1347): gralloc_alloc: Creating ashmem region of size 9023488
06-05 21:22:46.228 V/PhoneStatusBar( 1711): setLightsOn(true)
06-05 21:22:46.298 I/System.out(11365): URI: //map
06-05 21:22:46.298 I/System.out(11365): params: {json={"query":"* marked:'Sedan'","operation":{"method_name":"query","arguments":[]}}
06-05 21:22:46.298 I/System.out(11365): }
06-05 21:22:46.311 I/ActivityManager( 1630): START u0 {cmp=com.evancharlton.mileage/.VehicleTypeListActivity} from uid 10286 on display 0
06-05 21:22:46.312 V/PhoneStatusBar( 1711): setLightsOn(true)
06-05 21:22:46.313 V/PhoneStatusBar( 1711): setLightsOn(true)
06-05 21:22:46.342 I/WindowManager( 1630): Destroying surface Surface(name=AtchDlg:com.evancharlton.mileage/com.evancharlton.mileage.VehicleListActivity) called by com.android.server.wm.WindowStateAnimator.destroySurface:2016 com.android.server.wm.WindowStateAnimator.destroySurfaceLocked:882 com.android.server.wm.WindowState.removeLocked:1456 com.android.server.wm.WindowManagerService.removeWindowInnerLocked:2484 com.android.server.wm.WindowManagerService.removeWindowLocked:2442 com.android.server.wm.WindowManagerService.removeWindowLocked:2311 com.android.server.wm.WindowManagerService.removeWindow:2306 com.android.server.wm.Session.remove:202 
06-05 21:22:46.343 W/ResourceType(11365): No package identifier when getting name for resource number 0x00000001
06-05 21:22:46.370 I/calabash(11365): newActivity1
06-05 21:22:46.427 V/PhoneStatusBar( 1711): setLightsOn(true)
06-05 21:22:46.444 V/PhoneStatusBar( 1711): setLightsOn(true)
06-05 21:22:46.478 D/gralloc_ranchu( 1347): gralloc_alloc: Creating ashmem region of size 9023488
06-05 21:22:46.511 I/ActivityManager( 1630): Displayed com.evancharlton.mileage/.VehicleTypeListActivity: +172ms
06-05 21:22:46.512 V/PhoneStatusBar( 1711): setLightsOn(true)
06-05 21:22:46.561 V/PhoneStatusBar( 1711): setLightsOn(true)
06-05 21:22:46.564 D/gralloc_ranchu( 1347): gralloc_alloc: Creating ashmem region of size 9023488
06-05 21:22:46.651 I/System.out(11365): URI: //map
06-05 21:22:46.651 I/System.out(11365): params: {json={"query":"* marked:'Sedan'","operation":{"method_name":"query","arguments":[]}}
06-05 21:22:46.651 I/System.out(11365): }
06-05 21:22:46.665 W/ResourceType(11365): No package identifier when getting name for resource number 0x00000001
06-05 21:22:46.677 V/PhoneStatusBar( 1711): setLightsOn(true)
06-05 21:22:46.777 V/PhoneStatusBar( 1711): setLightsOn(true)
06-05 21:22:46.894 V/PhoneStatusBar( 1711): setLightsOn(true)
06-05 21:22:46.895 V/PhoneStatusBar( 1711): setLightsOn(true)
06-05 21:22:46.911 I/WindowManager( 1630): Destroying surface Surface(name=com.evancharlton.mileage/com.evancharlton.mileage.Mileage) called by com.android.server.wm.WindowStateAnimator.destroySurface:2016 com.android.server.wm.WindowStateAnimator.destroySurfaceLocked:882 com.android.server.wm.WindowState.destroyOrSaveSurface:2100 com.android.server.wm.WindowManagerService.tryStartExitingAnimation:3024 com.android.server.wm.WindowManagerService.relayoutWindow:2904 com.android.server.wm.Session.relayout:224 android.view.IWindowSession$Stub.onTransact:286 com.android.server.wm.Session.onTransact:145 
06-05 21:22:46.912 V/PhoneStatusBar( 1711): setLightsOn(true)
06-05 21:22:46.913 V/PhoneStatusBar( 1711): setLightsOn(true)
06-05 21:22:46.972 I/System.out(11365): URI: //map
06-05 21:22:46.972 I/System.out(11365): params: {json={"query":"* marked:'Sedan'","operation":{"method_name":"query","arguments":[]}}
06-05 21:22:46.972 I/System.out(11365): }
06-05 21:22:46.976 W/ResourceType(11365): No package identifier when getting name for resource number 0x00000001
06-05 21:22:47.285 I/System.out(11365): URI: //map
06-05 21:22:47.285 I/System.out(11365): params: {json={"query":"* marked:'Sedan'","operation":{"method_name":"query","arguments":[]}}
06-05 21:22:47.285 I/System.out(11365): }
06-05 21:22:47.299 W/ResourceType(11365): No package identifier when getting name for resource number 0x00000001
06-05 21:22:47.614 I/System.out(11365): URI: //map
06-05 21:22:47.614 I/System.out(11365): params: {json={"query":"* marked:'Sedan'","operation":{"method_name":"query","arguments":[]}}
06-05 21:22:47.614 I/System.out(11365): }
06-05 21:22:47.619 W/ResourceType(11365): No package identifier when getting name for resource number 0x00000001
06-05 21:22:47.794 D/gralloc_ranchu( 1347): gralloc_alloc: Creating ashmem region of size 9023488
06-05 21:22:47.928 I/System.out(11365): URI: //map
06-05 21:22:47.928 I/System.out(11365): params: {json={"query":"* marked:'Sedan'","operation":{"method_name":"query","arguments":[]}}
06-05 21:22:47.928 I/System.out(11365): }
06-05 21:22:47.994 W/ResourceType(11365): No package identifier when getting name for resource number 0x00000001
06-05 21:22:48.300 I/System.out(11365): URI: //map
06-05 21:22:48.300 I/System.out(11365): params: {json={"query":"* marked:'Sedan'","operation":{"method_name":"query","arguments":[]}}
06-05 21:22:48.300 I/System.out(11365): }
06-05 21:22:48.303 W/ResourceType(11365): No package identifier when getting name for resource number 0x00000001
06-05 21:22:48.610 I/System.out(11365): URI: //map
06-05 21:22:48.610 I/System.out(11365): params: {json={"query":"* marked:'Sedan'","operation":{"method_name":"query","arguments":[]}}
06-05 21:22:48.610 I/System.out(11365): }
06-05 21:22:48.614 W/ResourceType(11365): No package identifier when getting name for resource number 0x00000001
06-05 21:22:48.924 I/System.out(11365): URI: //map
06-05 21:22:48.924 I/System.out(11365): params: {json={"query":"* marked:'Sedan'","operation":{"method_name":"query","arguments":[]}}
06-05 21:22:48.924 I/System.out(11365): }
06-05 21:22:48.938 W/ResourceType(11365): No package identifier when getting name for resource number 0x00000001
06-05 21:22:49.257 I/System.out(11365): URI: //map
06-05 21:22:49.257 I/System.out(11365): params: {json={"query":"* marked:'Sedan'","operation":{"method_name":"query","arguments":[]}}
06-05 21:22:49.257 I/System.out(11365): }
06-05 21:22:49.261 W/ResourceType(11365): No package identifier when getting name for resource number 0x00000001
06-05 21:22:49.509 W/audio_hw_generic( 1395): Not supplying enough data to HAL, expected position 547319645 , only wrote 546849360
06-05 21:22:49.568 I/System.out(11365): URI: //map
06-05 21:22:49.568 I/System.out(11365): params: {json={"query":"* marked:'Sedan'","operation":{"method_name":"query","arguments":[]}}
06-05 21:22:49.568 I/System.out(11365): }
06-05 21:22:49.572 I/art     (11365): Do partial code cache collection, code=49KB, data=55KB
06-05 21:22:49.572 W/ResourceType(11365): No package identifier when getting name for resource number 0x00000001
06-05 21:22:49.572 I/art     (11365): After code cache collection, code=49KB, data=55KB
06-05 21:22:49.572 I/art     (11365): Increasing code cache capacity to 256KB
06-05 21:22:49.883 I/System.out(11365): URI: //map
06-05 21:22:49.883 I/System.out(11365): params: {json={"query":"* marked:'Sedan'","operation":{"method_name":"query","arguments":[]}}
06-05 21:22:49.883 I/System.out(11365): }
06-05 21:22:49.899 W/ResourceType(11365): No package identifier when getting name for resource number 0x00000001
06-05 21:22:50.220 I/System.out(11365): URI: //map
06-05 21:22:50.220 I/System.out(11365): params: {json={"query":"* marked:'Sedan'","operation":{"method_name":"query","arguments":[]}}
06-05 21:22:50.220 I/System.out(11365): }
06-05 21:22:50.223 W/ResourceType(11365): No package identifier when getting name for resource number 0x00000001
06-05 21:22:50.530 I/System.out(11365): URI: //map
06-05 21:22:50.530 I/System.out(11365): params: {json={"query":"* marked:'Sedan'","operation":{"method_name":"query","arguments":[]}}
06-05 21:22:50.530 I/System.out(11365): }
06-05 21:22:50.535 W/ResourceType(11365): No package identifier when getting name for resource number 0x00000001
06-05 21:22:50.843 I/System.out(11365): URI: //map
06-05 21:22:50.844 I/System.out(11365): params: {json={"query":"* marked:'Sedan'","operation":{"method_name":"query","arguments":[]}}
06-05 21:22:50.844 I/System.out(11365): }
06-05 21:22:50.847 W/ResourceType(11365): No package identifier when getting name for resource number 0x00000001
06-05 21:22:51.155 I/System.out(11365): URI: //map
06-05 21:22:51.155 I/System.out(11365): params: {json={"query":"* marked:'Sedan'","operation":{"method_name":"query","arguments":[]}}
06-05 21:22:51.155 I/System.out(11365): }
06-05 21:22:51.158 W/ResourceType(11365): No package identifier when getting name for resource number 0x00000001
06-05 21:22:51.463 I/System.out(11365): URI: //map
06-05 21:22:51.463 I/System.out(11365): params: {json={"query":"* marked:'Sedan'","operation":{"method_name":"query","arguments":[]}}
06-05 21:22:51.463 I/System.out(11365): }
06-05 21:22:51.469 W/ResourceType(11365): No package identifier when getting name for resource number 0x00000001
06-05 21:22:51.779 I/System.out(11365): URI: //map
06-05 21:22:51.779 I/System.out(11365): params: {json={"query":"* marked:'Sedan'","operation":{"method_name":"query","arguments":[]}}
06-05 21:22:51.779 I/System.out(11365): }
06-05 21:22:51.790 W/ResourceType(11365): No package identifier when getting name for resource number 0x00000001
06-05 21:22:52.107 I/System.out(11365): URI: //map
06-05 21:22:52.107 I/System.out(11365): params: {json={"query":"* marked:'Sedan'","operation":{"method_name":"query","arguments":[]}}
06-05 21:22:52.107 I/System.out(11365): }
06-05 21:22:52.121 W/ResourceType(11365): No package identifier when getting name for resource number 0x00000001
06-05 21:22:52.162 I/art     (11365): Compiler allocated 7MB to compile sh.calaba.instrumentationbackend.actions.NanoHTTPD$Response sh.calaba.instrumentationbackend.actions.HttpServer.serve(java.lang.String, java.lang.String, java.util.Properties, java.util.Properties, java.util.Properties)
06-05 21:22:52.437 I/System.out(11365): URI: //map
06-05 21:22:52.437 I/System.out(11365): params: {json={"query":"* marked:'Sedan'","operation":{"method_name":"query","arguments":[]}}
06-05 21:22:52.437 I/System.out(11365): }
06-05 21:22:52.441 W/ResourceType(11365): No package identifier when getting name for resource number 0x00000001
06-05 21:22:52.747 I/System.out(11365): URI: //map
06-05 21:22:52.747 I/System.out(11365): params: {json={"query":"* marked:'Sedan'","operation":{"method_name":"query","arguments":[]}}
06-05 21:22:52.747 I/System.out(11365): }
06-05 21:22:52.752 W/ResourceType(11365): No package identifier when getting name for resource number 0x00000001
06-05 21:22:53.061 I/System.out(11365): URI: //map
06-05 21:22:53.061 I/System.out(11365): params: {json={"query":"* marked:'Sedan'","operation":{"method_name":"query","arguments":[]}}
06-05 21:22:53.061 I/System.out(11365): }
06-05 21:22:53.065 W/ResourceType(11365): No package identifier when getting name for resource number 0x00000001
06-05 21:22:53.375 I/System.out(11365): URI: //map
06-05 21:22:53.375 I/System.out(11365): params: {json={"query":"* marked:'Sedan'","operation":{"method_name":"query","arguments":[]}}
06-05 21:22:53.375 I/System.out(11365): }
06-05 21:22:53.384 W/ResourceType(11365): No package identifier when getting name for resource number 0x00000001
06-05 21:22:53.696 I/System.out(11365): URI: //map
06-05 21:22:53.696 I/System.out(11365): params: {json={"query":"* marked:'Sedan'","operation":{"method_name":"query","arguments":[]}}
06-05 21:22:53.696 I/System.out(11365): }
06-05 21:22:53.699 W/ResourceType(11365): No package identifier when getting name for resource number 0x00000001
06-05 21:22:54.008 I/System.out(11365): URI: //map
06-05 21:22:54.008 I/System.out(11365): params: {json={"query":"* marked:'Sedan'","operation":{"method_name":"query","arguments":[]}}
06-05 21:22:54.008 I/System.out(11365): }
06-05 21:22:54.018 W/ResourceType(11365): No package identifier when getting name for resource number 0x00000001
06-05 21:22:54.329 I/System.out(11365): URI: //map
06-05 21:22:54.329 I/System.out(11365): params: {json={"query":"* marked:'Sedan'","operation":{"method_name":"query","arguments":[]}}
06-05 21:22:54.329 I/System.out(11365): }
06-05 21:22:54.335 W/ResourceType(11365): No package identifier when getting name for resource number 0x00000001
06-05 21:22:54.657 I/System.out(11365): URI: //map
06-05 21:22:54.657 I/System.out(11365): params: {json={"query":"* marked:'Sedan'","operation":{"method_name":"query","arguments":[]}}
06-05 21:22:54.657 I/System.out(11365): }
06-05 21:22:54.668 W/ResourceType(11365): No package identifier when getting name for resource number 0x00000001
06-05 21:22:54.986 I/System.out(11365): URI: //map
06-05 21:22:54.986 I/System.out(11365): params: {json={"query":"* marked:'Sedan'","operation":{"method_name":"query","arguments":[]}}
06-05 21:22:54.986 I/System.out(11365): }
06-05 21:22:54.989 W/ResourceType(11365): No package identifier when getting name for resource number 0x00000001
06-05 21:22:55.296 I/System.out(11365): URI: //map
06-05 21:22:55.296 I/System.out(11365): params: {json={"query":"* marked:'Sedan'","operation":{"method_name":"query","arguments":[]}}
06-05 21:22:55.296 I/System.out(11365): }
06-05 21:22:55.300 W/ResourceType(11365): No package identifier when getting name for resource number 0x00000001
06-05 21:22:55.610 I/System.out(11365): URI: //map
06-05 21:22:55.610 I/System.out(11365): params: {json={"query":"* marked:'Sedan'","operation":{"method_name":"query","arguments":[]}}
06-05 21:22:55.610 I/System.out(11365): }
06-05 21:22:55.623 W/ResourceType(11365): No package identifier when getting name for resource number 0x00000001
06-05 21:22:55.955 I/System.out(11365): URI: //map
06-05 21:22:55.955 I/System.out(11365): params: {json={"query":"* marked:'Sedan'","operation":{"method_name":"query","arguments":[]}}
06-05 21:22:55.955 I/System.out(11365): }
06-05 21:22:55.969 W/ResourceType(11365): No package identifier when getting name for resource number 0x00000001
06-05 21:22:56.296 I/System.out(11365): URI: //map
06-05 21:22:56.296 I/System.out(11365): params: {json={"query":"* marked:'Sedan'","operation":{"method_name":"query","arguments":[]}}
06-05 21:22:56.296 I/System.out(11365): }
06-05 21:22:56.300 W/ResourceType(11365): No package identifier when getting name for resource number 0x00000001
06-05 21:22:56.606 I/System.out(11365): URI: //map
06-05 21:22:56.606 I/System.out(11365): params: {json={"query":"* marked:'Sedan'","operation":{"method_name":"query","arguments":[]}}
06-05 21:22:56.606 I/System.out(11365): }
06-05 21:22:56.610 W/ResourceType(11365): No package identifier when getting name for resource number 0x00000001
06-05 21:22:56.919 I/System.out(11365): URI: //map
06-05 21:22:56.919 I/System.out(11365): params: {json={"query":"* marked:'Sedan'","operation":{"method_name":"query","arguments":[]}}
06-05 21:22:56.919 I/System.out(11365): }
06-05 21:22:56.933 W/ResourceType(11365): No package identifier when getting name for resource number 0x00000001
06-05 21:22:57.260 I/System.out(11365): URI: //map
06-05 21:22:57.260 I/System.out(11365): params: {json={"query":"* marked:'Sedan'","operation":{"method_name":"query","arguments":[]}}
06-05 21:22:57.260 I/System.out(11365): }
06-05 21:22:57.273 W/ResourceType(11365): No package identifier when getting name for resource number 0x00000001
06-05 21:22:57.590 I/System.out(11365): URI: //map
06-05 21:22:57.590 I/System.out(11365): params: {json={"query":"* marked:'Sedan'","operation":{"method_name":"query","arguments":[]}}
06-05 21:22:57.590 I/System.out(11365): }
06-05 21:22:57.594 W/ResourceType(11365): No package identifier when getting name for resource number 0x00000001
06-05 21:22:57.900 I/System.out(11365): URI: //map
06-05 21:22:57.900 I/System.out(11365): params: {json={"query":"* marked:'Sedan'","operation":{"method_name":"query","arguments":[]}}
06-05 21:22:57.900 I/System.out(11365): }
06-05 21:22:57.905 W/ResourceType(11365): No package identifier when getting name for resource number 0x00000001
06-05 21:22:58.212 I/System.out(11365): URI: //map
06-05 21:22:58.212 I/System.out(11365): params: {json={"query":"* marked:'Sedan'","operation":{"method_name":"query","arguments":[]}}
06-05 21:22:58.212 I/System.out(11365): }
06-05 21:22:58.216 W/ResourceType(11365): No package identifier when getting name for resource number 0x00000001
06-05 21:22:58.523 I/System.out(11365): URI: //map
06-05 21:22:58.523 I/System.out(11365): params: {json={"query":"* marked:'Sedan'","operation":{"method_name":"query","arguments":[]}}
06-05 21:22:58.523 I/System.out(11365): }
06-05 21:22:58.527 W/ResourceType(11365): No package identifier when getting name for resource number 0x00000001
06-05 21:22:58.833 I/System.out(11365): URI: //map
06-05 21:22:58.833 I/System.out(11365): params: {json={"query":"* marked:'Sedan'","operation":{"method_name":"query","arguments":[]}}
06-05 21:22:58.833 I/System.out(11365): }
06-05 21:22:58.836 W/ResourceType(11365): No package identifier when getting name for resource number 0x00000001
06-05 21:22:59.143 I/System.out(11365): URI: //map
06-05 21:22:59.143 I/System.out(11365): params: {json={"query":"* marked:'Sedan'","operation":{"method_name":"query","arguments":[]}}
06-05 21:22:59.143 I/System.out(11365): }
06-05 21:22:59.146 W/ResourceType(11365): No package identifier when getting name for resource number 0x00000001
06-05 21:22:59.453 I/System.out(11365): URI: //map
06-05 21:22:59.453 I/System.out(11365): params: {json={"query":"* marked:'Sedan'","operation":{"method_name":"query","arguments":[]}}
06-05 21:22:59.453 I/System.out(11365): }
06-05 21:22:59.456 W/ResourceType(11365): No package identifier when getting name for resource number 0x00000001
06-05 21:22:59.762 I/System.out(11365): URI: //map
06-05 21:22:59.762 I/System.out(11365): params: {json={"query":"* marked:'Sedan'","operation":{"method_name":"query","arguments":[]}}
06-05 21:22:59.762 I/System.out(11365): }
06-05 21:22:59.765 W/ResourceType(11365): No package identifier when getting name for resource number 0x00000001
06-05 21:23:00.071 I/System.out(11365): URI: //map
06-05 21:23:00.071 I/System.out(11365): params: {json={"query":"* marked:'Sedan'","operation":{"method_name":"query","arguments":[]}}
06-05 21:23:00.071 I/System.out(11365): }
06-05 21:23:00.075 W/ResourceType(11365): No package identifier when getting name for resource number 0x00000001
06-05 21:23:00.382 I/System.out(11365): URI: //map
06-05 21:23:00.382 I/System.out(11365): params: {json={"query":"* marked:'Sedan'","operation":{"method_name":"query","arguments":[]}}
06-05 21:23:00.382 I/System.out(11365): }
06-05 21:23:00.386 W/ResourceType(11365): No package identifier when getting name for resource number 0x00000001
06-05 21:23:00.693 I/System.out(11365): URI: //map
06-05 21:23:00.693 I/System.out(11365): params: {json={"query":"* marked:'Sedan'","operation":{"method_name":"query","arguments":[]}}
06-05 21:23:00.693 I/System.out(11365): }
06-05 21:23:00.697 W/ResourceType(11365): No package identifier when getting name for resource number 0x00000001
