--------- beginning of main
06-05 23:00:22.442 V/PhoneStatusBar( 1712): setLightsOn(true)
06-05 23:00:22.443 V/PhoneStatusBar( 1712): setLightsOn(true)
06-05 23:00:22.452 D/gralloc_ranchu( 1347): gralloc_alloc: Creating ashmem region of size 3145728
06-05 23:00:22.456 E/EGL_emulation( 1347): tid 1347: eglCreateSyncKHR(1901): error 0x3004 (EGL_BAD_ATTRIBUTE)
--------- beginning of system
06-05 23:00:22.469 W/ActivityManager( 1631): Finishing task with all activities already finished
06-05 23:00:22.469 W/ActivityManager( 1631): Duplicate finish request for ActivityRecord{53a188d u0 com.evancharlton.mileage/.Mileage t9004 f}
06-05 23:00:22.470 W/ActivityManager( 1631): Finishing task with all activities already finished
06-05 23:00:22.470 W/ActivityManager( 1631): Duplicate finish request for ActivityRecord{53a188d u0 com.evancharlton.mileage/.Mileage t9004 f}
06-05 23:00:22.470 W/ActivityManager( 1631): Finishing task with all activities already finished
06-05 23:00:22.470 W/ActivityManager( 1631): Duplicate finish request for ActivityRecord{53a188d u0 com.evancharlton.mileage/.Mileage t9004 f}
06-05 23:00:22.470 W/ActivityManager( 1631): Finishing task with all activities already finished
06-05 23:00:22.470 W/ActivityManager( 1631): Duplicate finish request for ActivityRecord{53a188d u0 com.evancharlton.mileage/.Mileage t9004 f}
06-05 23:00:22.471 W/ActivityManager( 1631): Finishing task with all activities already finished
06-05 23:00:22.471 W/ActivityManager( 1631): Duplicate finish request for ActivityRecord{53a188d u0 com.evancharlton.mileage/.Mileage t9004 f}
06-05 23:00:22.505 D/EGL_emulation( 1712): eglMakeCurrent: 0xb0685360: ver 2 0 (tinfo 0xb06836c0)
06-05 23:00:22.517 D/EGL_emulation( 1712): eglMakeCurrent: 0xb0685360: ver 2 0 (tinfo 0xb06836c0)
06-05 23:00:22.518 D/EGL_emulation( 2076): eglMakeCurrent: 0xb0685360: ver 2 0 (tinfo 0xb06836b0)
06-05 23:00:22.551 D/EGL_emulation( 1712): eglMakeCurrent: 0xb0685360: ver 2 0 (tinfo 0xb06836c0)
06-05 23:00:22.567 D/EGL_emulation( 1712): eglMakeCurrent: 0xb0685360: ver 2 0 (tinfo 0xb06836c0)
06-05 23:00:22.569 D/EGL_emulation( 1712): eglMakeCurrent: 0xb0685360: ver 2 0 (tinfo 0xb06836c0)
06-05 23:00:22.584 D/EGL_emulation( 1712): eglMakeCurrent: 0xb0685360: ver 2 0 (tinfo 0xb06836c0)
06-05 23:00:22.585 D/EGL_emulation( 1712): eglMakeCurrent: 0xb0685360: ver 2 0 (tinfo 0xb06836c0)
06-05 23:00:22.588 D/AndroidRuntime(12267): >>>>>> START com.android.internal.os.RuntimeInit uid 2000 <<<<<<
06-05 23:00:22.589 D/AndroidRuntime(12267): CheckJNI is ON
06-05 23:00:22.599 W/art     (12267): Unexpected CPU variant for X86 using defaults: x86
06-05 23:00:22.600 D/EGL_emulation( 1712): eglMakeCurrent: 0xb0685360: ver 2 0 (tinfo 0xb06836c0)
06-05 23:00:22.601 D/ICU     (12267): No timezone override file found: /data/misc/zoneinfo/current/icu/icu_tzdata.dat
06-05 23:00:22.602 D/EGL_emulation( 1712): eglMakeCurrent: 0xb0685360: ver 2 0 (tinfo 0xb06836c0)
06-05 23:00:22.609 E/memtrack(12267): Couldn't load memtrack module (No such file or directory)
06-05 23:00:22.609 E/android.os.Debug(12267): failed to load memtrack module: -2
06-05 23:00:22.609 I/Radio-JNI(12267): register_android_hardware_Radio DONE
06-05 23:00:22.614 D/AndroidRuntime(12267): Calling main entry com.android.commands.am.Am
06-05 23:00:22.615 I/ActivityManager( 1631): Force stopping com.evancharlton.mileage appid=10326 user=0: start instr
06-05 23:00:22.615 I/ActivityManager( 1631): Killing 12219:com.evancharlton.mileage/u0a326 (adj 0): stop com.evancharlton.mileage
06-05 23:00:22.615 D/ActivityManager( 1631): cleanUpApplicationRecord -- 12219
06-05 23:00:22.617 W/ActivityManager( 1631): Crash of app com.evancharlton.mileage running instrumentation ComponentInfo{com.evancharlton.mileage.test/sh.calaba.instrumentationbackend.CalabashInstrumentationTestRunner}
06-05 23:00:22.617 I/ActivityManager( 1631): Force stopping com.evancharlton.mileage appid=10326 user=0: finished inst
06-05 23:00:22.617 D/EGL_emulation( 1712): eglMakeCurrent: 0xb0685360: ver 2 0 (tinfo 0xb06836c0)
06-05 23:00:22.619 D/EGL_emulation( 1712): eglMakeCurrent: 0xb0685360: ver 2 0 (tinfo 0xb06836c0)
06-05 23:00:22.620 I/art     (12277): Not late-enabling -Xcheck:jni (already on)
06-05 23:00:22.620 W/art     (12277): Unexpected CPU variant for X86 using defaults: x86
06-05 23:00:22.628 I/ActivityManager( 1631): Start proc 12277:com.evancharlton.mileage/u0a326 for added application com.evancharlton.mileage
06-05 23:00:22.628 D/AndroidRuntime(12267): Shutting down VM
06-05 23:00:22.634 D/EGL_emulation( 1712): eglMakeCurrent: 0xb0685360: ver 2 0 (tinfo 0xb06836c0)
06-05 23:00:22.634 W/System  (12277): ClassLoader referenced unknown path: /data/app/com.evancharlton.mileage.test-1/lib/x86
06-05 23:00:22.634 W/System  (12277): ClassLoader referenced unknown path: /data/app/com.evancharlton.mileage-1/lib/x86
06-05 23:00:22.635 D/EGL_emulation( 1712): eglMakeCurrent: 0xb0685360: ver 2 0 (tinfo 0xb06836c0)
06-05 23:00:22.636 W/System  (12277): ClassLoader referenced unknown path: 
06-05 23:00:22.640 I/System.out(12277): Main activity name automatically set to: com.evancharlton.mileage.Mileage
06-05 23:00:22.640 I/System.out(12277): Calabash did not load Mono. This is only a problem if you are trying to test a Mono application
06-05 23:00:22.640 I/calabash(12277): Test server port: 7102
06-05 23:00:22.641 I/InstrumentationBackend(12277): Added:'GetPreferences', with key:'get_preferences'
06-05 23:00:22.645 I/InstrumentationBackend(12277): Added:'SetPreferences', with key:'set_preferences'
06-05 23:00:22.645 I/InstrumentationBackend(12277): Added:'ClearPreferences', with key:'clear_preferences'
06-05 23:00:22.645 I/InstrumentationBackend(12277): Added:'PressElement', with key:'press_l10n_element'
06-05 23:00:22.645 I/InstrumentationBackend(12277): Added:'WaitForElement', with key:'wait_for_l10n_element'
06-05 23:00:22.645 I/InstrumentationBackend(12277): Added:'NullAction', with key:'nullAction'
06-05 23:00:22.645 I/InstrumentationBackend(12277): Added:'PressKey', with key:'press_key'
06-05 23:00:22.645 I/InstrumentationBackend(12277): Added:'SetActivityOrientation', with key:'set_activity_orientation'
06-05 23:00:22.645 I/InstrumentationBackend(12277): Added:'GetActivityOrientation', with key:'get_activity_orientation'
06-05 23:00:22.645 I/InstrumentationBackend(12277): Added:'FakeGPSLocation', with key:'set_gps_coordinates'
06-05 23:00:22.645 I/InstrumentationBackend(12277): Added:'SetPropertyByCssSelector', with key:'set_property_by_css_selector'
06-05 23:00:22.645 I/InstrumentationBackend(12277): Added:'GetUrl', with key:'get_url'
06-05 23:00:22.646 I/InstrumentationBackend(12277): Added:'ScrollTo', with key:'scroll_to'
06-05 23:00:22.646 I/InstrumentationBackend(12277): Added:'GetLoadProgress', with key:'get_load_progress'
06-05 23:00:22.646 I/InstrumentationBackend(12277): Added:'DumpHtml', with key:'dump_html'
06-05 23:00:22.646 I/InstrumentationBackend(12277): Added:'DumpBodyHtml', with key:'dump_body_html'
06-05 23:00:22.646 I/InstrumentationBackend(12277): Added:'EnterTextByCssSelector', with key:'enter_text_by_selector'
06-05 23:00:22.646 I/InstrumentationBackend(12277): Added:'AndroidSDKVersion', with key:'android_sdk_version'
06-05 23:00:22.646 I/InstrumentationBackend(12277): Added:'Version', with key:'version'
06-05 23:00:22.646 I/InstrumentationBackend(12277): Added:'Drag', with key:'drag'
06-05 23:00:22.646 I/InstrumentationBackend(12277): Added:'TouchCoordinates', with key:'touch_coordinate'
06-05 23:00:22.646 I/InstrumentationBackend(12277): Added:'LongPressCoordinate', with key:'long_press_coordinate'
06-05 23:00:22.646 I/InstrumentationBackend(12277): Added:'DragCoordinates', with key:'drag_coordinates'
06-05 23:00:22.646 I/InstrumentationBackend(12277): Added:'ResumeApplication', with key:'resume_application'
06-05 23:00:22.646 I/InstrumentationBackend(12277): Added:'Swipe', with key:'swipe'
06-05 23:00:22.647 I/InstrumentationBackend(12277): Added:'DoubleTapCoordinate', with key:'double_tap_coordinate'
06-05 23:00:22.647 I/InstrumentationBackend(12277): Added:'ClickOnScreen', with key:'click_on_screen'
06-05 23:00:22.647 I/InstrumentationBackend(12277): Added:'GetActivityName', with key:'get_activity_name'
06-05 23:00:22.647 I/InstrumentationBackend(12277): Added:'ScrollToView', with key:'scroll_to_view'
06-05 23:00:22.647 I/InstrumentationBackend(12277): Added:'ViewConfiguration', with key:'view_configuration'
06-05 23:00:22.647 I/InstrumentationBackend(12277): Added:'IsCurrentActivityFocused', with key:'is_current_activity_focused'
06-05 23:00:22.647 I/InstrumentationBackend(12277): Added:'SendTcp', with key:'send_tcp'
06-05 23:00:22.647 I/InstrumentationBackend(12277): Added:'DpToDevicePixel', with key:'dp_to_device_pixel'
06-05 23:00:22.647 I/InstrumentationBackend(12277): Added:'KeyboardEnterText', with key:'keyboard_enter_text'
06-05 23:00:22.647 I/InstrumentationBackend(12277): Added:'DeleteSurroundingText', with key:'delete_surrounding_text'
06-05 23:00:22.647 I/InstrumentationBackend(12277): Added:'SetComposingRegion', with key:'set_composing_region'
06-05 23:00:22.647 I/InstrumentationBackend(12277): Added:'SetSelection', with key:'set_selection'
06-05 23:00:22.647 I/InstrumentationBackend(12277): Added:'KeyboardKeyEvent', with key:'keyboard_key_event'
06-05 23:00:22.647 I/InstrumentationBackend(12277): Added:'PressUserActionButton', with key:'press_user_action_button'
06-05 23:00:22.647 I/InstrumentationBackend(12277): Added:'HideSoftKeyboard', with key:'hide_soft_keyboard'
06-05 23:00:22.647 I/InstrumentationBackend(12277): Added:'ListActions', with key:'list_actions'
06-05 23:00:22.648 I/calabash(12277): Instantiating http server at 7102
06-05 23:00:22.648 I/System.out(12277): HTTP Daemon listening on: 7102
06-05 23:00:22.650 D/EGL_emulation( 1712): eglMakeCurrent: 0xb0685360: ver 2 0 (tinfo 0xb06836c0)
06-05 23:00:22.651 D/EGL_emulation( 1712): eglMakeCurrent: 0xb0685360: ver 2 0 (tinfo 0xb06836c0)
06-05 23:00:22.653 I/WindowManager( 1631): WIN DEATH: Window{8367cc0 u0 com.evancharlton.mileage/com.evancharlton.mileage.Mileage EXITING}
06-05 23:00:22.667 D/EGL_emulation( 1712): eglMakeCurrent: 0xb0685360: ver 2 0 (tinfo 0xb06836c0)
06-05 23:00:22.670 D/EGL_emulation( 1712): eglMakeCurrent: 0xb0685360: ver 2 0 (tinfo 0xb06836c0)
06-05 23:00:22.685 D/EGL_emulation( 1712): eglMakeCurrent: 0xb0685360: ver 2 0 (tinfo 0xb06836c0)
06-05 23:00:22.690 D/EGL_emulation( 1712): eglMakeCurrent: 0xb0685360: ver 2 0 (tinfo 0xb06836c0)
06-05 23:00:22.702 D/EGL_emulation( 1712): eglMakeCurrent: 0xb0685360: ver 2 0 (tinfo 0xb06836c0)
06-05 23:00:22.708 D/EGL_emulation( 1712): eglMakeCurrent: 0xb0685360: ver 2 0 (tinfo 0xb06836c0)
06-05 23:00:22.721 D/EGL_emulation( 1712): eglMakeCurrent: 0xb0685360: ver 2 0 (tinfo 0xb06836c0)
06-05 23:00:22.736 D/EGL_emulation( 1712): eglMakeCurrent: 0xb0685360: ver 2 0 (tinfo 0xb06836c0)
06-05 23:00:22.741 I/System.out(12277): URI: //ping
06-05 23:00:22.741 I/System.out(12277): params: {json={}
06-05 23:00:22.741 I/System.out(12277): }
06-05 23:00:22.741 D/EGL_emulation( 1712): eglMakeCurrent: 0xb0685360: ver 2 0 (tinfo 0xb06836c0)
06-05 23:00:22.748 I/System.out(12277): URI: //ping
06-05 23:00:22.748 I/System.out(12277): params: {json={}
06-05 23:00:22.748 I/System.out(12277): }
06-05 23:00:22.754 I/System.out(12277): URI: //ready
06-05 23:00:22.754 I/System.out(12277): params: {json={}
06-05 23:00:22.754 I/System.out(12277): }
06-05 23:00:22.761 I/System.out(12277): URI: //
06-05 23:00:22.761 I/System.out(12277): params: {json={"command":"version","arguments":[]}
06-05 23:00:22.761 I/System.out(12277): }
06-05 23:00:22.761 I/System.out(12277): header: {content-type=application/json;charset=utf-8, date=Sat, 06 Jun 2020 04:00:22 GMT, accept=*/*, host=127.0.0.1:34777, content-length=36, user-agent=HTTPClient/1.0 (2.8.3, ruby 2.5.1 (2018-03-29))}
06-05 23:00:22.761 I/System.out(12277): params: {json={"command":"version","arguments":[]}
06-05 23:00:22.761 I/System.out(12277): }
06-05 23:00:22.761 I/System.out(12277): ProP json = {"command":"version","arguments":[]}
06-05 23:00:22.761 I/System.out(12277): files: {}
06-05 23:00:22.762 I/System.out(12277): command: {"command":"version","arguments":[]}
06-05 23:00:22.777 I/InstrumentationBackend(12277): Got command:'Command:'Line:null,version', arguments:'[]'
06-05 23:00:22.802 I/System.out(12277): result:{"bonusInformation":[],"message":"0.9.8","success":true}
06-05 23:00:22.811 I/System.out(12277): URI: //start-application
06-05 23:00:22.812 I/System.out(12277): params: {json={"intent":null}
06-05 23:00:22.812 I/System.out(12277): }
06-05 23:00:22.841 I/ActivityManager( 1631): START u0 {act=android.intent.action.MAIN cat=[android.intent.category.LAUNCHER] flg=0x10200000 cmp=com.evancharlton.mileage/.Mileage} from uid 10326 on display 0
06-05 23:00:22.851 I/calabash(12277): newActivity1
06-05 23:00:22.868 D/gralloc_ranchu( 1347): gralloc_alloc: Creating ashmem region of size 9023488
06-05 23:00:22.868 I/calabash(12277): newActivity1
06-05 23:00:22.870 W/ActivityManager( 1631): Bad activity token: android.os.BinderProxy@3df5b20
06-05 23:00:22.870 W/ActivityManager( 1631): java.lang.ClassCastException: android.os.BinderProxy cannot be cast to com.android.server.am.ActivityRecord$Token
06-05 23:00:22.870 W/ActivityManager( 1631): 	at com.android.server.am.ActivityRecord.forTokenLocked(ActivityRecord.java:586)
06-05 23:00:22.870 W/ActivityManager( 1631): 	at com.android.server.am.ActivityRecord.isInStackLocked(ActivityRecord.java:1327)
06-05 23:00:22.870 W/ActivityManager( 1631): 	at com.android.server.am.ActivityRecord.getStackLocked(ActivityRecord.java:1332)
06-05 23:00:22.870 W/ActivityManager( 1631): 	at com.android.server.am.ActivityManagerService.getActivityDisplayId(ActivityManagerService.java:9806)
06-05 23:00:22.870 W/ActivityManager( 1631): 	at android.app.ActivityManagerNative.onTransact(ActivityManagerNative.java:2566)
06-05 23:00:22.870 W/ActivityManager( 1631): 	at com.android.server.am.ActivityManagerService.onTransact(ActivityManagerService.java:2757)
06-05 23:00:22.870 W/ActivityManager( 1631): 	at android.os.Binder.execTransact(Binder.java:565)
06-05 23:00:22.873 W/ActivityManager( 1631): Bad activity token: android.os.BinderProxy@3df5b20
06-05 23:00:22.873 W/ActivityManager( 1631): java.lang.ClassCastException: android.os.BinderProxy cannot be cast to com.android.server.am.ActivityRecord$Token
06-05 23:00:22.873 W/ActivityManager( 1631): 	at com.android.server.am.ActivityRecord.forTokenLocked(ActivityRecord.java:586)
06-05 23:00:22.873 W/ActivityManager( 1631): 	at com.android.server.am.ActivityRecord.isInStackLocked(ActivityRecord.java:1327)
06-05 23:00:22.873 W/ActivityManager( 1631): 	at com.android.server.am.ActivityManagerService.setTaskDescription(ActivityManagerService.java:9358)
06-05 23:00:22.873 W/ActivityManager( 1631): 	at android.app.ActivityManagerNative.onTransact(ActivityManagerNative.java:2639)
06-05 23:00:22.873 W/ActivityManager( 1631): 	at com.android.server.am.ActivityManagerService.onTransact(ActivityManagerService.java:2757)
06-05 23:00:22.873 W/ActivityManager( 1631): 	at android.os.Binder.execTransact(Binder.java:565)
06-05 23:00:22.873 W/ActivityManager( 1631): Bad activity token: android.os.BinderProxy@3df5b20
06-05 23:00:22.873 W/ActivityManager( 1631): java.lang.ClassCastException: android.os.BinderProxy cannot be cast to com.android.server.am.ActivityRecord$Token
06-05 23:00:22.873 W/ActivityManager( 1631): 	at com.android.server.am.ActivityRecord.forTokenLocked(ActivityRecord.java:586)
06-05 23:00:22.873 W/ActivityManager( 1631): 	at com.android.server.am.ActivityRecord.isInStackLocked(ActivityRecord.java:1327)
06-05 23:00:22.873 W/ActivityManager( 1631): 	at com.android.server.am.ActivityRecord.getStackLocked(ActivityRecord.java:1332)
06-05 23:00:22.873 W/ActivityManager( 1631): 	at com.android.server.am.ActivityManagerService.getActivityStackId(ActivityManagerService.java:9817)
06-05 23:00:22.873 W/ActivityManager( 1631): 	at android.app.ActivityManagerNative.onTransact(ActivityManagerNative.java:2856)
06-05 23:00:22.873 W/ActivityManager( 1631): 	at com.android.server.am.ActivityManagerService.onTransact(ActivityManagerService.java:2757)
06-05 23:00:22.873 W/ActivityManager( 1631): 	at android.os.Binder.execTransact(Binder.java:565)
06-05 23:00:22.908 V/PhoneStatusBar( 1712): setLightsOn(true)
06-05 23:00:22.908 W/ActivityManager( 1631): Bad activity token: android.os.BinderProxy@3df5b20
06-05 23:00:22.908 W/ActivityManager( 1631): java.lang.ClassCastException: android.os.BinderProxy cannot be cast to com.android.server.am.ActivityRecord$Token
06-05 23:00:22.908 W/ActivityManager( 1631): 	at com.android.server.am.ActivityRecord.forTokenLocked(ActivityRecord.java:586)
06-05 23:00:22.908 W/ActivityManager( 1631): 	at com.android.server.am.ActivityRecord.isInStackLocked(ActivityRecord.java:1327)
06-05 23:00:22.908 W/ActivityManager( 1631): 	at com.android.server.am.ActivityManagerService.getActivityOptions(ActivityManagerService.java:12559)
06-05 23:00:22.908 W/ActivityManager( 1631): 	at android.app.ActivityManagerNative.onTransact(ActivityManagerNative.java:1933)
06-05 23:00:22.908 W/ActivityManager( 1631): 	at com.android.server.am.ActivityManagerService.onTransact(ActivityManagerService.java:2757)
06-05 23:00:22.908 W/ActivityManager( 1631): 	at android.os.Binder.execTransact(Binder.java:565)
06-05 23:00:22.908 W/ActivityManager( 1631): Bad activity token: android.os.BinderProxy@3df5b20
06-05 23:00:22.908 W/ActivityManager( 1631): java.lang.ClassCastException: android.os.BinderProxy cannot be cast to com.android.server.am.ActivityRecord$Token
06-05 23:00:22.908 W/ActivityManager( 1631): 	at com.android.server.am.ActivityRecord.forTokenLocked(ActivityRecord.java:586)
06-05 23:00:22.908 W/ActivityManager( 1631): 	at com.android.server.am.ActivityRecord.isInStackLocked(ActivityRecord.java:1327)
06-05 23:00:22.908 W/ActivityManager( 1631): 	at com.android.server.am.ActivityManagerService.getActivityOptions(ActivityManagerService.java:12559)
06-05 23:00:22.908 W/ActivityManager( 1631): 	at android.app.ActivityManagerNative.onTransact(ActivityManagerNative.java:1933)
06-05 23:00:22.908 W/ActivityManager( 1631): 	at com.android.server.am.ActivityManagerService.onTransact(ActivityManagerService.java:2757)
06-05 23:00:22.908 W/ActivityManager( 1631): 	at android.os.Binder.execTransact(Binder.java:565)
06-05 23:00:22.919 D/EGL_emulation( 2076): eglMakeCurrent: 0xb0685360: ver 2 0 (tinfo 0xb06836b0)
06-05 23:00:22.923 D/EGL_emulation( 1712): eglMakeCurrent: 0xb0685360: ver 2 0 (tinfo 0xb06836c0)
06-05 23:00:22.934 D/EGL_emulation( 1712): eglMakeCurrent: 0xb0685360: ver 2 0 (tinfo 0xb06836c0)
06-05 23:00:22.938 D/EGL_emulation( 1712): eglMakeCurrent: 0xb0685360: ver 2 0 (tinfo 0xb06836c0)
06-05 23:00:22.950 D/gralloc_ranchu( 1347): gralloc_alloc: Creating ashmem region of size 9023488
06-05 23:00:22.950 I/WindowManager( 1631): Destroying surface Surface(name=com.evancharlton.mileage/com.evancharlton.mileage.Mileage) called by com.android.server.wm.WindowStateAnimator.destroySurface:2016 com.android.server.wm.WindowStateAnimator.destroySurfaceLocked:882 com.android.server.wm.WindowState.removeLocked:1456 com.android.server.wm.WindowManagerService.removeWindowInnerLocked:2484 com.android.server.wm.AppWindowToken.destroySurfaces:365 com.android.server.wm.WindowStateAnimator.finishExit:565 com.android.server.wm.AppWindowAnimator.stepAnimationLocked:427 com.android.server.wm.WindowAnimator.updateAppWindowsLocked:196 
06-05 23:00:22.951 D/EGL_emulation( 1712): eglMakeCurrent: 0xb0685360: ver 2 0 (tinfo 0xb06836c0)
06-05 23:00:22.958 D/EGL_emulation( 1712): eglMakeCurrent: 0xb0685360: ver 2 0 (tinfo 0xb06836c0)
06-05 23:00:22.958 D/        (12277): HostConnection::get() New Host Connection established 0x9429f100, tid 12277
06-05 23:00:23.022 D/EGL_emulation( 1712): eglMakeCurrent: 0xb0685360: ver 2 0 (tinfo 0xb06836c0)
06-05 23:00:23.027 D/EGL_emulation( 1712): eglMakeCurrent: 0xb0685360: ver 2 0 (tinfo 0xb06836c0)
06-05 23:00:23.027 V/PhoneStatusBar( 1712): setLightsOn(true)
06-05 23:00:23.034 D/EGL_emulation( 1712): eglMakeCurrent: 0xb0685360: ver 2 0 (tinfo 0xb06836c0)
06-05 23:00:23.037 D/EGL_emulation( 1712): eglMakeCurrent: 0xb0685360: ver 2 0 (tinfo 0xb06836c0)
06-05 23:00:23.040 D/EGL_emulation( 1712): eglMakeCurrent: 0xb0685360: ver 2 0 (tinfo 0xb06836c0)
06-05 23:00:23.043 D/EGL_emulation( 1712): eglMakeCurrent: 0xb0685360: ver 2 0 (tinfo 0xb06836c0)
06-05 23:00:23.056 D/EGL_emulation( 1712): eglMakeCurrent: 0xb0685360: ver 2 0 (tinfo 0xb06836c0)
06-05 23:00:23.060 D/EGL_emulation( 1712): eglMakeCurrent: 0xb0685360: ver 2 0 (tinfo 0xb06836c0)
06-05 23:00:23.068 D/EGL_emulation( 1712): eglMakeCurrent: 0xb0685360: ver 2 0 (tinfo 0xb06836c0)
06-05 23:00:23.071 D/EGL_emulation( 1712): eglMakeCurrent: 0xb0685360: ver 2 0 (tinfo 0xb06836c0)
06-05 23:00:23.085 D/EGL_emulation( 1712): eglMakeCurrent: 0xb0685360: ver 2 0 (tinfo 0xb06836c0)
06-05 23:00:23.088 D/EGL_emulation( 1712): eglMakeCurrent: 0xb0685360: ver 2 0 (tinfo 0xb06836c0)
06-05 23:00:23.102 D/gralloc_ranchu( 1347): gralloc_alloc: Creating ashmem region of size 9023488
06-05 23:00:23.102 D/EGL_emulation( 1712): eglMakeCurrent: 0xb0685360: ver 2 0 (tinfo 0xb06836c0)
06-05 23:00:23.120 D/EGL_emulation( 1712): eglMakeCurrent: 0xb0685360: ver 2 0 (tinfo 0xb06836c0)
06-05 23:00:23.125 I/ActivityManager( 1631): Displayed com.evancharlton.mileage/.Mileage: +277ms
06-05 23:00:23.125 D/EGL_emulation( 1712): eglMakeCurrent: 0xb0685360: ver 2 0 (tinfo 0xb06836c0)
06-05 23:00:23.137 D/EGL_emulation( 1712): eglMakeCurrent: 0xb0685360: ver 2 0 (tinfo 0xb06836c0)
06-05 23:00:23.138 V/PhoneStatusBar( 1712): setLightsOn(true)
06-05 23:00:23.141 D/EGL_emulation( 1712): eglMakeCurrent: 0xb0685360: ver 2 0 (tinfo 0xb06836c0)
06-05 23:00:23.142 V/PhoneStatusBar( 1712): setLightsOn(true)
06-05 23:00:23.181 I/System.out(12277): URI: //map
06-05 23:00:23.181 I/System.out(12277): params: {json={"query":"* marked:'Statistics'","operation":{"method_name":"query","arguments":[]}}
06-05 23:00:23.181 I/System.out(12277): }
06-05 23:00:23.211 W/ResourceType(12277): No package identifier when getting name for resource number 0x00000001
06-05 23:00:23.238 I/System.out(12277): URI: //gesture
06-05 23:00:23.238 I/System.out(12277): params: {json={"query_timeout":5.0,"gestures":[{"query_string":"* marked:'Statistics'","touches":[{"x":50,"y":50,"offset_x":0,"offset_y":0,"wait":0.0,"time":0.2,"release":true,"query_string":null}]}]}
06-05 23:00:23.238 I/System.out(12277): }
06-05 23:00:23.249 W/ResourceType(12277): No package identifier when getting name for resource number 0x00000001
06-05 23:00:23.317 I/WindowManager( 1631): Destroying surface Surface(name=Starting com.evancharlton.mileage) called by com.android.server.wm.WindowStateAnimator.destroySurface:2016 com.android.server.wm.WindowStateAnimator.destroySurfaceLocked:882 com.android.server.wm.WindowState.destroyOrSaveSurface:2100 com.android.server.wm.AppWindowToken.destroySurfaces:363 com.android.server.wm.WindowStateAnimator.finishExit:565 com.android.server.wm.WindowStateAnimator.stepAnimationLocked:491 com.android.server.wm.WindowAnimator.updateWindowsLocked:303 com.android.server.wm.WindowAnimator.animateLocked:704 
06-05 23:00:23.318 V/PhoneStatusBar( 1712): setLightsOn(true)
06-05 23:00:23.333 V/PhoneStatusBar( 1712): setLightsOn(true)
06-05 23:00:23.384 V/PhoneStatusBar( 1712): setLightsOn(true)
06-05 23:00:23.489 I/calabash(12277): newActivity1
06-05 23:00:23.509 I/System.out(12277): URI: //map
06-05 23:00:23.509 I/System.out(12277): params: {json={"query":"android.widget.ScrollView index:0","operation":{"method_name":"query","arguments":[]}}
06-05 23:00:23.509 I/System.out(12277): }
06-05 23:00:23.514 W/ActivityManager( 1631): Bad activity token: android.os.BinderProxy@95f034e
06-05 23:00:23.514 W/ActivityManager( 1631): java.lang.ClassCastException: android.os.BinderProxy cannot be cast to com.android.server.am.ActivityRecord$Token
06-05 23:00:23.514 W/ActivityManager( 1631): 	at com.android.server.am.ActivityRecord.forTokenLocked(ActivityRecord.java:586)
06-05 23:00:23.514 W/ActivityManager( 1631): 	at com.android.server.am.ActivityRecord.isInStackLocked(ActivityRecord.java:1327)
06-05 23:00:23.514 W/ActivityManager( 1631): 	at com.android.server.am.ActivityRecord.getStackLocked(ActivityRecord.java:1332)
06-05 23:00:23.514 W/ActivityManager( 1631): 	at com.android.server.am.ActivityManagerService.getActivityDisplayId(ActivityManagerService.java:9806)
06-05 23:00:23.514 W/ActivityManager( 1631): 	at android.app.ActivityManagerNative.onTransact(ActivityManagerNative.java:2566)
06-05 23:00:23.514 W/ActivityManager( 1631): 	at com.android.server.am.ActivityManagerService.onTransact(ActivityManagerService.java:2757)
06-05 23:00:23.514 W/ActivityManager( 1631): 	at android.os.Binder.execTransact(Binder.java:565)
06-05 23:00:23.516 W/ActivityManager( 1631): Bad activity token: android.os.BinderProxy@95f034e
06-05 23:00:23.516 W/ActivityManager( 1631): java.lang.ClassCastException: android.os.BinderProxy cannot be cast to com.android.server.am.ActivityRecord$Token
06-05 23:00:23.516 W/ActivityManager( 1631): 	at com.android.server.am.ActivityRecord.forTokenLocked(ActivityRecord.java:586)
06-05 23:00:23.516 W/ActivityManager( 1631): 	at com.android.server.am.ActivityRecord.isInStackLocked(ActivityRecord.java:1327)
06-05 23:00:23.516 W/ActivityManager( 1631): 	at com.android.server.am.ActivityManagerService.setTaskDescription(ActivityManagerService.java:9358)
06-05 23:00:23.516 W/ActivityManager( 1631): 	at android.app.ActivityManagerNative.onTransact(ActivityManagerNative.java:2639)
06-05 23:00:23.516 W/ActivityManager( 1631): 	at com.android.server.am.ActivityManagerService.onTransact(ActivityManagerService.java:2757)
06-05 23:00:23.516 W/ActivityManager( 1631): 	at android.os.Binder.execTransact(Binder.java:565)
06-05 23:00:23.516 W/ActivityManager( 1631): Bad activity token: android.os.BinderProxy@95f034e
06-05 23:00:23.516 W/ActivityManager( 1631): java.lang.ClassCastException: android.os.BinderProxy cannot be cast to com.android.server.am.ActivityRecord$Token
06-05 23:00:23.516 W/ActivityManager( 1631): 	at com.android.server.am.ActivityRecord.forTokenLocked(ActivityRecord.java:586)
06-05 23:00:23.516 W/ActivityManager( 1631): 	at com.android.server.am.ActivityRecord.isInStackLocked(ActivityRecord.java:1327)
06-05 23:00:23.516 W/ActivityManager( 1631): 	at com.android.server.am.ActivityRecord.getStackLocked(ActivityRecord.java:1332)
06-05 23:00:23.516 W/ActivityManager( 1631): 	at com.android.server.am.ActivityManagerService.getActivityStackId(ActivityManagerService.java:9817)
06-05 23:00:23.516 W/ActivityManager( 1631): 	at android.app.ActivityManagerNative.onTransact(ActivityManagerNative.java:2856)
06-05 23:00:23.516 W/ActivityManager( 1631): 	at com.android.server.am.ActivityManagerService.onTransact(ActivityManagerService.java:2757)
06-05 23:00:23.516 W/ActivityManager( 1631): 	at android.os.Binder.execTransact(Binder.java:565)
06-05 23:00:23.523 D/VehicleStatisticsActivity(12277): Checking recalculation ...
06-05 23:00:23.523 D/VehicleStatisticsActivity(12277): Recalculation not necessary.
06-05 23:00:23.534 W/ActivityManager( 1631): Bad activity token: android.os.BinderProxy@95f034e
06-05 23:00:23.534 W/ActivityManager( 1631): java.lang.ClassCastException: android.os.BinderProxy cannot be cast to com.android.server.am.ActivityRecord$Token
06-05 23:00:23.534 W/ActivityManager( 1631): 	at com.android.server.am.ActivityRecord.forTokenLocked(ActivityRecord.java:586)
06-05 23:00:23.534 W/ActivityManager( 1631): 	at com.android.server.am.ActivityRecord.isInStackLocked(ActivityRecord.java:1327)
06-05 23:00:23.534 W/ActivityManager( 1631): 	at com.android.server.am.ActivityManagerService.getActivityOptions(ActivityManagerService.java:12559)
06-05 23:00:23.534 W/ActivityManager( 1631): 	at android.app.ActivityManagerNative.onTransact(ActivityManagerNative.java:1933)
06-05 23:00:23.534 W/ActivityManager( 1631): 	at com.android.server.am.ActivityManagerService.onTransact(ActivityManagerService.java:2757)
06-05 23:00:23.534 W/ActivityManager( 1631): 	at android.os.Binder.execTransact(Binder.java:565)
06-05 23:00:23.534 W/ActivityManager( 1631): Bad activity token: android.os.BinderProxy@95f034e
06-05 23:00:23.534 W/ActivityManager( 1631): java.lang.ClassCastException: android.os.BinderProxy cannot be cast to com.android.server.am.ActivityRecord$Token
06-05 23:00:23.534 W/ActivityManager( 1631): 	at com.android.server.am.ActivityRecord.forTokenLocked(ActivityRecord.java:586)
06-05 23:00:23.534 W/ActivityManager( 1631): 	at com.android.server.am.ActivityRecord.isInStackLocked(ActivityRecord.java:1327)
06-05 23:00:23.534 W/ActivityManager( 1631): 	at com.android.server.am.ActivityManagerService.getActivityOptions(ActivityManagerService.java:12559)
06-05 23:00:23.534 W/ActivityManager( 1631): 	at android.app.ActivityManagerNative.onTransact(ActivityManagerNative.java:1933)
06-05 23:00:23.534 W/ActivityManager( 1631): 	at com.android.server.am.ActivityManagerService.onTransact(ActivityManagerService.java:2757)
06-05 23:00:23.534 W/ActivityManager( 1631): 	at android.os.Binder.execTransact(Binder.java:565)
06-05 23:00:23.535 D/VehicleStatisticsActivity(12277): Checking recalculation ...
06-05 23:00:23.536 D/VehicleStatisticsActivity(12277): Recalculation not necessary.
06-05 23:00:23.613 I/System.out(12277): URI: //map
06-05 23:00:23.613 I/System.out(12277): params: {json={"query":"android.widget.AbsListView index:0","operation":{"method_name":"query","arguments":[]}}
06-05 23:00:23.613 I/System.out(12277): }
06-05 23:00:23.617 I/art     (12277): Do partial code cache collection, code=30KB, data=29KB
06-05 23:00:23.617 I/art     (12277): After code cache collection, code=29KB, data=28KB
06-05 23:00:23.617 I/art     (12277): Increasing code cache capacity to 128KB
06-05 23:00:23.627 I/System.out(12277): URI: //map
06-05 23:00:23.627 I/System.out(12277): params: {json={"query":"android.widget.AbsListView index:0","operation":{"method_name":"query","arguments":[]}}
06-05 23:00:23.627 I/System.out(12277): }
06-05 23:00:23.640 I/System.out(12277): URI: //map
06-05 23:00:23.641 I/System.out(12277): params: {json={"query":"android.widget.AbsListView index:0","operation":{"method_name":"query","arguments":[]}}
06-05 23:00:23.641 I/System.out(12277): }
06-05 23:00:23.654 I/System.out(12277): URI: //map
06-05 23:00:23.654 I/System.out(12277): params: {json={"query":"android.widget.AbsListView index:0","operation":{"method_name":"query","arguments":["getFirstVisiblePosition"]}}
06-05 23:00:23.654 I/System.out(12277): }
06-05 23:00:23.665 I/System.out(12277): URI: //map
06-05 23:00:23.665 I/System.out(12277): params: {json={"query":"android.widget.AbsListView index:0","operation":{"method_name":"query","arguments":["getLastVisiblePosition"]}}
06-05 23:00:23.665 I/System.out(12277): }
06-05 23:00:23.667 V/PhoneStatusBar( 1712): setLightsOn(true)
06-05 23:00:23.667 V/PhoneStatusBar( 1712): setLightsOn(true)
06-05 23:00:23.668 W/OpenGLRenderer( 2076): Incorrectly called buildLayer on View: ShortcutAndWidgetContainer, destroying layer...
06-05 23:00:23.677 I/System.out(12277): URI: //map
06-05 23:00:23.677 I/System.out(12277): params: {json={"query":"android.widget.AbsListView index:0","operation":{"method_name":"query","arguments":[{"method_name":"setSelection","arguments":[26]}]}}
06-05 23:00:23.677 I/System.out(12277): }
06-05 23:00:23.684 I/WindowManager( 1631): Destroying surface Surface(name=com.android.launcher3/com.android.launcher3.Launcher) called by com.android.server.wm.WindowStateAnimator.destroySurface:2016 com.android.server.wm.WindowStateAnimator.destroySurfaceLocked:882 com.android.server.wm.WindowState.destroyOrSaveSurface:2100 com.android.server.wm.AppWindowToken.destroySurfaces:363 com.android.server.wm.AppWindowToken.notifyAppStopped:389 com.android.server.wm.WindowManagerService.notifyAppStopped:4463 com.android.server.am.ActivityStack.activityStoppedLocked:1252 com.android.server.am.ActivityManagerService.activityStopped:6903 
06-05 23:00:23.684 V/PhoneStatusBar( 1712): setLightsOn(true)
06-05 23:00:23.698 I/System.out(12277): URI: //map
06-05 23:00:23.698 I/System.out(12277): params: {json={"query":"* {text CONTAINS[c] 'Smallest fillup'}","operation":{"method_name":"query","arguments":[]}}
06-05 23:00:23.698 I/System.out(12277): }
06-05 23:00:23.753 D/gralloc_ranchu( 1347): gralloc_alloc: Creating ashmem region of size 9023488
06-05 23:00:23.817 I/System.out(12277): URI: //map
06-05 23:00:23.817 I/System.out(12277): params: {json={"query":"* {text CONTAINS[c] 'Largest fillup'}","operation":{"method_name":"query","arguments":[]}}
06-05 23:00:23.817 I/System.out(12277): }
06-05 23:00:23.836 I/System.out(12277): URI: //map
06-05 23:00:23.836 I/System.out(12277): params: {json={"query":"* {text CONTAINS[c] 'Average fillup'}","operation":{"method_name":"query","arguments":[]}}
06-05 23:00:23.836 I/System.out(12277): }
06-05 23:00:23.850 I/System.out(12277): URI: //map
06-05 23:00:23.850 I/System.out(12277): params: {json={"query":"* {text CONTAINS[c] 'Total fuel'}","operation":{"method_name":"query","arguments":[]}}
06-05 23:00:23.850 I/System.out(12277): }
06-05 23:00:23.864 I/art     (12277): Do partial code cache collection, code=60KB, data=62KB
06-05 23:00:23.865 I/art     (12277): After code cache collection, code=60KB, data=62KB
06-05 23:00:23.865 I/art     (12277): Increasing code cache capacity to 256KB
06-05 23:00:23.865 I/System.out(12277): URI: //map
06-05 23:00:23.865 I/System.out(12277): params: {json={"query":"* {text CONTAINS[c] 'Fuel per year'}","operation":{"method_name":"query","arguments":[]}}
06-05 23:00:23.865 I/System.out(12277): }
