--------- beginning of system
06-05 19:57:15.283 W/ActivityManager( 1629): Duplicate finish request for ActivityRecord{5b48136 u0 com.evancharlton.mileage/.Mileage t4412 f}
06-05 19:57:15.283 W/ActivityManager( 1629): Duplicate finish request for ActivityRecord{5b48136 u0 com.evancharlton.mileage/.Mileage t4412 f}
06-05 19:57:15.284 W/ActivityManager( 1629): Duplicate finish request for ActivityRecord{5b48136 u0 com.evancharlton.mileage/.Mileage t4412 f}
06-05 19:57:15.284 W/ActivityManager( 1629): Duplicate finish request for ActivityRecord{f5933ed u0 com.evancharlton.mileage/.ImportExportActivity t4412 f}
--------- beginning of main
06-05 19:57:15.284 V/PhoneStatusBar( 1711): setLightsOn(true)
06-05 19:57:15.286 V/PhoneStatusBar( 1711): setLightsOn(true)
06-05 19:57:15.286 V/PhoneStatusBar( 1711): setLightsOn(true)
06-05 19:57:15.287 V/PhoneStatusBar( 1711): setLightsOn(true)
06-05 19:57:15.303 D/gralloc_ranchu( 1348): gralloc_alloc: Creating ashmem region of size 3145728
06-05 19:57:15.308 E/EGL_emulation( 1348): tid 1348: eglCreateSyncKHR(1901): error 0x3004 (EGL_BAD_ATTRIBUTE)
06-05 19:57:15.317 W/ActivityManager( 1629): Finishing task with all activities already finished
06-05 19:57:15.317 W/ActivityManager( 1629): Duplicate finish request for ActivityRecord{994472b u0 com.evancharlton.mileage/.ImportActivity t4412 f}
06-05 19:57:15.353 D/AndroidRuntime(17346): >>>>>> START com.android.internal.os.RuntimeInit uid 2000 <<<<<<
06-05 19:57:15.354 D/AndroidRuntime(17346): CheckJNI is ON
06-05 19:57:15.357 D/EGL_emulation( 1711): eglMakeCurrent: 0x9f1709c0: ver 2 0 (tinfo 0xa0e61d00)
06-05 19:57:15.365 W/art     (17346): Unexpected CPU variant for X86 using defaults: x86
06-05 19:57:15.367 D/ICU     (17346): No timezone override file found: /data/misc/zoneinfo/current/icu/icu_tzdata.dat
06-05 19:57:15.368 D/EGL_emulation( 1711): eglMakeCurrent: 0x9f1709c0: ver 2 0 (tinfo 0xa0e61d00)
06-05 19:57:15.369 D/EGL_emulation( 2147): eglMakeCurrent: 0xa3805360: ver 2 0 (tinfo 0xa3803630)
06-05 19:57:15.374 E/memtrack(17346): Couldn't load memtrack module (No such file or directory)
06-05 19:57:15.374 E/android.os.Debug(17346): failed to load memtrack module: -2
06-05 19:57:15.375 I/Radio-JNI(17346): register_android_hardware_Radio DONE
06-05 19:57:15.379 D/AndroidRuntime(17346): Calling main entry com.android.commands.am.Am
06-05 19:57:15.380 I/ActivityManager( 1629): Force stopping com.evancharlton.mileage appid=10196 user=0: start instr
06-05 19:57:15.380 I/ActivityManager( 1629): Killing 17290:com.evancharlton.mileage/u0a196 (adj 0): stop com.evancharlton.mileage
06-05 19:57:15.380 D/ActivityManager( 1629): cleanUpApplicationRecord -- 17290
06-05 19:57:15.380 W/ActivityManager( 1629): Crash of app com.evancharlton.mileage running instrumentation ComponentInfo{com.evancharlton.mileage.test/sh.calaba.instrumentationbackend.CalabashInstrumentationTestRunner}
06-05 19:57:15.380 I/ActivityManager( 1629): Force stopping com.evancharlton.mileage appid=10196 user=0: finished inst
06-05 19:57:15.383 I/art     (17356): Not late-enabling -Xcheck:jni (already on)
06-05 19:57:15.383 W/art     (17356): Unexpected CPU variant for X86 using defaults: x86
06-05 19:57:15.384 I/WindowManager( 1629): Destroying surface Surface(name=com.evancharlton.mileage/com.evancharlton.mileage.ImportActivity) called by com.android.server.wm.WindowStateAnimator.destroySurface:2016 com.android.server.wm.WindowStateAnimator.destroySurfaceLocked:882 com.android.server.wm.WindowState.removeLocked:1456 com.android.server.wm.WindowManagerService.removeWindowInnerLocked:2484 com.android.server.wm.AppWindowToken.destroySurfaces:365 com.android.server.wm.WindowStateAnimator.finishExit:565 com.android.server.wm.WindowStateAnimator.stepAnimationLocked:491 com.android.server.wm.WindowAnimator.updateWindowsLocked:303 
06-05 19:57:15.390 I/ActivityManager( 1629): Start proc 17356:com.evancharlton.mileage/u0a196 for added application com.evancharlton.mileage
06-05 19:57:15.391 D/AndroidRuntime(17346): Shutting down VM
06-05 19:57:15.395 W/System  (17356): ClassLoader referenced unknown path: /data/app/com.evancharlton.mileage.test-1/lib/x86
06-05 19:57:15.395 W/System  (17356): ClassLoader referenced unknown path: /data/app/com.evancharlton.mileage-1/lib/x86
06-05 19:57:15.397 W/System  (17356): ClassLoader referenced unknown path: 
06-05 19:57:15.401 I/System.out(17356): Main activity name automatically set to: com.evancharlton.mileage.Mileage
06-05 19:57:15.401 I/System.out(17356): Calabash did not load Mono. This is only a problem if you are trying to test a Mono application
06-05 19:57:15.402 I/calabash(17356): Test server port: 7102
06-05 19:57:15.402 D/EGL_emulation( 1711): eglMakeCurrent: 0x9f1709c0: ver 2 0 (tinfo 0xa0e61d00)
06-05 19:57:15.402 I/InstrumentationBackend(17356): Added:'GetPreferences', with key:'get_preferences'
06-05 19:57:15.406 I/InstrumentationBackend(17356): Added:'SetPreferences', with key:'set_preferences'
06-05 19:57:15.406 I/InstrumentationBackend(17356): Added:'ClearPreferences', with key:'clear_preferences'
06-05 19:57:15.406 I/InstrumentationBackend(17356): Added:'PressElement', with key:'press_l10n_element'
06-05 19:57:15.406 I/InstrumentationBackend(17356): Added:'WaitForElement', with key:'wait_for_l10n_element'
06-05 19:57:15.406 I/InstrumentationBackend(17356): Added:'NullAction', with key:'nullAction'
06-05 19:57:15.407 I/InstrumentationBackend(17356): Added:'PressKey', with key:'press_key'
06-05 19:57:15.407 I/InstrumentationBackend(17356): Added:'SetActivityOrientation', with key:'set_activity_orientation'
06-05 19:57:15.407 I/InstrumentationBackend(17356): Added:'GetActivityOrientation', with key:'get_activity_orientation'
06-05 19:57:15.407 I/InstrumentationBackend(17356): Added:'FakeGPSLocation', with key:'set_gps_coordinates'
06-05 19:57:15.407 I/InstrumentationBackend(17356): Added:'SetPropertyByCssSelector', with key:'set_property_by_css_selector'
06-05 19:57:15.407 I/InstrumentationBackend(17356): Added:'GetUrl', with key:'get_url'
06-05 19:57:15.407 I/InstrumentationBackend(17356): Added:'ScrollTo', with key:'scroll_to'
06-05 19:57:15.407 I/InstrumentationBackend(17356): Added:'GetLoadProgress', with key:'get_load_progress'
06-05 19:57:15.407 I/InstrumentationBackend(17356): Added:'DumpHtml', with key:'dump_html'
06-05 19:57:15.407 I/InstrumentationBackend(17356): Added:'DumpBodyHtml', with key:'dump_body_html'
06-05 19:57:15.407 I/InstrumentationBackend(17356): Added:'EnterTextByCssSelector', with key:'enter_text_by_selector'
06-05 19:57:15.408 I/InstrumentationBackend(17356): Added:'AndroidSDKVersion', with key:'android_sdk_version'
06-05 19:57:15.408 I/InstrumentationBackend(17356): Added:'Version', with key:'version'
06-05 19:57:15.408 I/InstrumentationBackend(17356): Added:'Drag', with key:'drag'
06-05 19:57:15.408 I/InstrumentationBackend(17356): Added:'TouchCoordinates', with key:'touch_coordinate'
06-05 19:57:15.408 I/InstrumentationBackend(17356): Added:'LongPressCoordinate', with key:'long_press_coordinate'
06-05 19:57:15.408 I/InstrumentationBackend(17356): Added:'DragCoordinates', with key:'drag_coordinates'
06-05 19:57:15.408 I/InstrumentationBackend(17356): Added:'ResumeApplication', with key:'resume_application'
06-05 19:57:15.408 I/InstrumentationBackend(17356): Added:'Swipe', with key:'swipe'
06-05 19:57:15.408 I/InstrumentationBackend(17356): Added:'DoubleTapCoordinate', with key:'double_tap_coordinate'
06-05 19:57:15.408 I/InstrumentationBackend(17356): Added:'ClickOnScreen', with key:'click_on_screen'
06-05 19:57:15.408 I/InstrumentationBackend(17356): Added:'GetActivityName', with key:'get_activity_name'
06-05 19:57:15.408 I/InstrumentationBackend(17356): Added:'ScrollToView', with key:'scroll_to_view'
06-05 19:57:15.408 I/InstrumentationBackend(17356): Added:'ViewConfiguration', with key:'view_configuration'
06-05 19:57:15.408 I/InstrumentationBackend(17356): Added:'IsCurrentActivityFocused', with key:'is_current_activity_focused'
06-05 19:57:15.408 I/InstrumentationBackend(17356): Added:'SendTcp', with key:'send_tcp'
06-05 19:57:15.408 I/InstrumentationBackend(17356): Added:'DpToDevicePixel', with key:'dp_to_device_pixel'
06-05 19:57:15.408 I/InstrumentationBackend(17356): Added:'KeyboardEnterText', with key:'keyboard_enter_text'
06-05 19:57:15.408 I/InstrumentationBackend(17356): Added:'DeleteSurroundingText', with key:'delete_surrounding_text'
06-05 19:57:15.408 I/InstrumentationBackend(17356): Added:'SetComposingRegion', with key:'set_composing_region'
06-05 19:57:15.408 I/InstrumentationBackend(17356): Added:'SetSelection', with key:'set_selection'
06-05 19:57:15.408 I/InstrumentationBackend(17356): Added:'KeyboardKeyEvent', with key:'keyboard_key_event'
06-05 19:57:15.408 I/InstrumentationBackend(17356): Added:'PressUserActionButton', with key:'press_user_action_button'
06-05 19:57:15.408 I/InstrumentationBackend(17356): Added:'HideSoftKeyboard', with key:'hide_soft_keyboard'
06-05 19:57:15.408 I/InstrumentationBackend(17356): Added:'ListActions', with key:'list_actions'
06-05 19:57:15.409 I/calabash(17356): Instantiating http server at 7102
06-05 19:57:15.409 I/System.out(17356): HTTP Daemon listening on: 7102
06-05 19:57:15.418 D/EGL_emulation( 1711): eglMakeCurrent: 0x9f1709c0: ver 2 0 (tinfo 0xa0e61d00)
06-05 19:57:15.420 D/EGL_emulation( 1711): eglMakeCurrent: 0x9f1709c0: ver 2 0 (tinfo 0xa0e61d00)
06-05 19:57:15.431 I/WindowManager( 1629): WIN DEATH: Window{d8e2b07 u0 com.evancharlton.mileage/com.evancharlton.mileage.ImportActivity}
06-05 19:57:15.431 I/WindowManager( 1629): Destroying surface Surface(name=com.evancharlton.mileage/com.evancharlton.mileage.ImportActivity) called by com.android.server.wm.WindowStateAnimator.destroySurface:2016 com.android.server.wm.WindowStateAnimator.destroySurfaceLocked:882 com.android.server.wm.WindowState.removeLocked:1456 com.android.server.wm.WindowManagerService.removeWindowInnerLocked:2484 com.android.server.wm.WindowManagerService.removeWindowLocked:2442 com.android.server.wm.WindowState$DeathRecipient.binderDied:1787 android.os.BinderProxy.sendDeathNotice:688 <bottom of call stack> 
06-05 19:57:15.440 D/EGL_emulation( 1711): eglMakeCurrent: 0x9f1709c0: ver 2 0 (tinfo 0xa0e61d00)
06-05 19:57:15.444 D/EGL_emulation( 1711): eglMakeCurrent: 0x9f1709c0: ver 2 0 (tinfo 0xa0e61d00)
06-05 19:57:15.453 D/EGL_emulation( 1711): eglMakeCurrent: 0x9f1709c0: ver 2 0 (tinfo 0xa0e61d00)
06-05 19:57:15.459 D/EGL_emulation( 1711): eglMakeCurrent: 0x9f1709c0: ver 2 0 (tinfo 0xa0e61d00)
06-05 19:57:15.469 D/EGL_emulation( 1711): eglMakeCurrent: 0x9f1709c0: ver 2 0 (tinfo 0xa0e61d00)
06-05 19:57:15.475 D/EGL_emulation( 1711): eglMakeCurrent: 0x9f1709c0: ver 2 0 (tinfo 0xa0e61d00)
06-05 19:57:15.486 D/EGL_emulation( 1711): eglMakeCurrent: 0x9f1709c0: ver 2 0 (tinfo 0xa0e61d00)
06-05 19:57:15.492 D/EGL_emulation( 1711): eglMakeCurrent: 0x9f1709c0: ver 2 0 (tinfo 0xa0e61d00)
06-05 19:57:15.503 D/EGL_emulation( 1711): eglMakeCurrent: 0x9f1709c0: ver 2 0 (tinfo 0xa0e61d00)
06-05 19:57:15.504 I/System.out(17356): URI: //ping
06-05 19:57:15.504 I/System.out(17356): params: {json={}
06-05 19:57:15.504 I/System.out(17356): }
06-05 19:57:15.510 D/EGL_emulation( 1711): eglMakeCurrent: 0x9f1709c0: ver 2 0 (tinfo 0xa0e61d00)
06-05 19:57:15.513 I/System.out(17356): URI: //ping
06-05 19:57:15.513 I/System.out(17356): params: {json={}
06-05 19:57:15.513 I/System.out(17356): }
06-05 19:57:15.518 I/System.out(17356): URI: //ready
06-05 19:57:15.518 I/System.out(17356): params: {json={}
06-05 19:57:15.518 I/System.out(17356): }
06-05 19:57:15.519 D/EGL_emulation( 1711): eglMakeCurrent: 0x9f1709c0: ver 2 0 (tinfo 0xa0e61d00)
06-05 19:57:15.521 I/System.out(17356): URI: //
06-05 19:57:15.521 I/System.out(17356): params: {json={"command":"version","arguments":[]}
06-05 19:57:15.521 I/System.out(17356): }
06-05 19:57:15.521 D/EGL_emulation( 1711): eglMakeCurrent: 0x9f1709c0: ver 2 0 (tinfo 0xa0e61d00)
06-05 19:57:15.521 I/System.out(17356): header: {content-type=application/json;charset=utf-8, date=Sat, 06 Jun 2020 00:57:16 GMT, accept=*/*, host=127.0.0.1:34783, content-length=36, user-agent=HTTPClient/1.0 (2.8.3, ruby 2.5.1 (2018-03-29))}
06-05 19:57:15.521 I/System.out(17356): params: {json={"command":"version","arguments":[]}
06-05 19:57:15.521 I/System.out(17356): }
06-05 19:57:15.521 I/System.out(17356): ProP json = {"command":"version","arguments":[]}
06-05 19:57:15.521 I/System.out(17356): files: {}
06-05 19:57:15.521 I/System.out(17356): command: {"command":"version","arguments":[]}
06-05 19:57:15.525 I/InstrumentationBackend(17356): Got command:'Command:'Line:null,version', arguments:'[]'
06-05 19:57:15.535 D/EGL_emulation( 1711): eglMakeCurrent: 0x9f1709c0: ver 2 0 (tinfo 0xa0e61d00)
06-05 19:57:15.535 I/System.out(17356): result:{"bonusInformation":[],"message":"0.9.8","success":true}
06-05 19:57:15.536 D/EGL_emulation( 1711): eglMakeCurrent: 0x9f1709c0: ver 2 0 (tinfo 0xa0e61d00)
06-05 19:57:15.537 I/System.out(17356): URI: //start-application
06-05 19:57:15.537 I/System.out(17356): params: {json={"intent":null}
06-05 19:57:15.537 I/System.out(17356): }
06-05 19:57:15.545 I/ActivityManager( 1629): START u0 {act=android.intent.action.MAIN cat=[android.intent.category.LAUNCHER] flg=0x10200000 cmp=com.evancharlton.mileage/.Mileage} from uid 10196 on display 0
06-05 19:57:15.550 I/calabash(17356): newActivity1
06-05 19:57:15.551 D/EGL_emulation( 1711): eglMakeCurrent: 0x9f1709c0: ver 2 0 (tinfo 0xa0e61d00)
06-05 19:57:15.553 D/EGL_emulation( 1711): eglMakeCurrent: 0x9f1709c0: ver 2 0 (tinfo 0xa0e61d00)
06-05 19:57:15.558 I/calabash(17356): newActivity1
06-05 19:57:15.559 W/ActivityManager( 1629): Bad activity token: android.os.BinderProxy@fd2fc83
06-05 19:57:15.559 W/ActivityManager( 1629): java.lang.ClassCastException: android.os.BinderProxy cannot be cast to com.android.server.am.ActivityRecord$Token
06-05 19:57:15.559 W/ActivityManager( 1629): 	at com.android.server.am.ActivityRecord.forTokenLocked(ActivityRecord.java:586)
06-05 19:57:15.559 W/ActivityManager( 1629): 	at com.android.server.am.ActivityRecord.isInStackLocked(ActivityRecord.java:1327)
06-05 19:57:15.559 W/ActivityManager( 1629): 	at com.android.server.am.ActivityRecord.getStackLocked(ActivityRecord.java:1332)
06-05 19:57:15.559 W/ActivityManager( 1629): 	at com.android.server.am.ActivityManagerService.getActivityDisplayId(ActivityManagerService.java:9806)
06-05 19:57:15.559 W/ActivityManager( 1629): 	at android.app.ActivityManagerNative.onTransact(ActivityManagerNative.java:2566)
06-05 19:57:15.559 W/ActivityManager( 1629): 	at com.android.server.am.ActivityManagerService.onTransact(ActivityManagerService.java:2757)
06-05 19:57:15.559 W/ActivityManager( 1629): 	at android.os.Binder.execTransact(Binder.java:565)
06-05 19:57:15.560 W/ActivityManager( 1629): Bad activity token: android.os.BinderProxy@fd2fc83
06-05 19:57:15.560 W/ActivityManager( 1629): java.lang.ClassCastException: android.os.BinderProxy cannot be cast to com.android.server.am.ActivityRecord$Token
06-05 19:57:15.560 W/ActivityManager( 1629): 	at com.android.server.am.ActivityRecord.forTokenLocked(ActivityRecord.java:586)
06-05 19:57:15.560 W/ActivityManager( 1629): 	at com.android.server.am.ActivityRecord.isInStackLocked(ActivityRecord.java:1327)
06-05 19:57:15.560 W/ActivityManager( 1629): 	at com.android.server.am.ActivityManagerService.setTaskDescription(ActivityManagerService.java:9358)
06-05 19:57:15.560 W/ActivityManager( 1629): 	at android.app.ActivityManagerNative.onTransact(ActivityManagerNative.java:2639)
06-05 19:57:15.560 W/ActivityManager( 1629): 	at com.android.server.am.ActivityManagerService.onTransact(ActivityManagerService.java:2757)
06-05 19:57:15.560 W/ActivityManager( 1629): 	at android.os.Binder.execTransact(Binder.java:565)
06-05 19:57:15.560 W/ActivityManager( 1629): Bad activity token: android.os.BinderProxy@fd2fc83
06-05 19:57:15.560 W/ActivityManager( 1629): java.lang.ClassCastException: android.os.BinderProxy cannot be cast to com.android.server.am.ActivityRecord$Token
06-05 19:57:15.560 W/ActivityManager( 1629): 	at com.android.server.am.ActivityRecord.forTokenLocked(ActivityRecord.java:586)
06-05 19:57:15.560 W/ActivityManager( 1629): 	at com.android.server.am.ActivityRecord.isInStackLocked(ActivityRecord.java:1327)
06-05 19:57:15.560 W/ActivityManager( 1629): 	at com.android.server.am.ActivityRecord.getStackLocked(ActivityRecord.java:1332)
06-05 19:57:15.560 W/ActivityManager( 1629): 	at com.android.server.am.ActivityManagerService.getActivityStackId(ActivityManagerService.java:9817)
06-05 19:57:15.560 W/ActivityManager( 1629): 	at android.app.ActivityManagerNative.onTransact(ActivityManagerNative.java:2856)
06-05 19:57:15.560 W/ActivityManager( 1629): 	at com.android.server.am.ActivityManagerService.onTransact(ActivityManagerService.java:2757)
06-05 19:57:15.560 W/ActivityManager( 1629): 	at android.os.Binder.execTransact(Binder.java:565)
06-05 19:57:15.569 D/EGL_emulation( 1711): eglMakeCurrent: 0x9f1709c0: ver 2 0 (tinfo 0xa0e61d00)
06-05 19:57:15.570 D/gralloc_ranchu( 1348): gralloc_alloc: Creating ashmem region of size 9023488
06-05 19:57:15.576 W/ActivityManager( 1629): Bad activity token: android.os.BinderProxy@fd2fc83
06-05 19:57:15.576 W/ActivityManager( 1629): java.lang.ClassCastException: android.os.BinderProxy cannot be cast to com.android.server.am.ActivityRecord$Token
06-05 19:57:15.576 W/ActivityManager( 1629): 	at com.android.server.am.ActivityRecord.forTokenLocked(ActivityRecord.java:586)
06-05 19:57:15.576 W/ActivityManager( 1629): 	at com.android.server.am.ActivityRecord.isInStackLocked(ActivityRecord.java:1327)
06-05 19:57:15.576 W/ActivityManager( 1629): 	at com.android.server.am.ActivityManagerService.getActivityOptions(ActivityManagerService.java:12559)
06-05 19:57:15.576 W/ActivityManager( 1629): 	at android.app.ActivityManagerNative.onTransact(ActivityManagerNative.java:1933)
06-05 19:57:15.576 W/ActivityManager( 1629): 	at com.android.server.am.ActivityManagerService.onTransact(ActivityManagerService.java:2757)
06-05 19:57:15.576 W/ActivityManager( 1629): 	at android.os.Binder.execTransact(Binder.java:565)
06-05 19:57:15.577 W/ActivityManager( 1629): Bad activity token: android.os.BinderProxy@fd2fc83
06-05 19:57:15.577 W/ActivityManager( 1629): java.lang.ClassCastException: android.os.BinderProxy cannot be cast to com.android.server.am.ActivityRecord$Token
06-05 19:57:15.577 W/ActivityManager( 1629): 	at com.android.server.am.ActivityRecord.forTokenLocked(ActivityRecord.java:586)
06-05 19:57:15.577 W/ActivityManager( 1629): 	at com.android.server.am.ActivityRecord.isInStackLocked(ActivityRecord.java:1327)
06-05 19:57:15.577 W/ActivityManager( 1629): 	at com.android.server.am.ActivityManagerService.getActivityOptions(ActivityManagerService.java:12559)
06-05 19:57:15.577 W/ActivityManager( 1629): 	at android.app.ActivityManagerNative.onTransact(ActivityManagerNative.java:1933)
06-05 19:57:15.577 W/ActivityManager( 1629): 	at com.android.server.am.ActivityManagerService.onTransact(ActivityManagerService.java:2757)
06-05 19:57:15.577 W/ActivityManager( 1629): 	at android.os.Binder.execTransact(Binder.java:565)
06-05 19:57:15.589 D/EGL_emulation( 1711): eglMakeCurrent: 0x9f1709c0: ver 2 0 (tinfo 0xa0e61d00)
06-05 19:57:15.592 D/EGL_emulation( 1711): eglMakeCurrent: 0x9f1709c0: ver 2 0 (tinfo 0xa0e61d00)
06-05 19:57:15.601 D/EGL_emulation( 2147): eglMakeCurrent: 0xa3805360: ver 2 0 (tinfo 0xa3803630)
06-05 19:57:15.602 V/PhoneStatusBar( 1711): setLightsOn(true)
06-05 19:57:15.618 D/gralloc_ranchu( 1348): gralloc_alloc: Creating ashmem region of size 9023488
06-05 19:57:15.623 D/        (17356): HostConnection::get() New Host Connection established 0x9f143f80, tid 17356
06-05 19:57:15.623 D/EGL_emulation( 1711): eglMakeCurrent: 0x9f1709c0: ver 2 0 (tinfo 0xa0e61d00)
06-05 19:57:15.624 V/PhoneStatusBar( 1711): setLightsOn(true)
06-05 19:57:15.660 D/EGL_emulation( 1711): eglMakeCurrent: 0x9f1709c0: ver 2 0 (tinfo 0xa0e61d00)
06-05 19:57:15.663 D/EGL_emulation( 1711): eglMakeCurrent: 0x9f1709c0: ver 2 0 (tinfo 0xa0e61d00)
06-05 19:57:15.665 D/EGL_emulation( 1711): eglMakeCurrent: 0x9f1709c0: ver 2 0 (tinfo 0xa0e61d00)
06-05 19:57:15.668 D/EGL_emulation( 1711): eglMakeCurrent: 0x9f1709c0: ver 2 0 (tinfo 0xa0e61d00)
06-05 19:57:15.674 D/EGL_emulation( 1711): eglMakeCurrent: 0x9f1709c0: ver 2 0 (tinfo 0xa0e61d00)
06-05 19:57:15.685 D/EGL_emulation( 1711): eglMakeCurrent: 0x9f1709c0: ver 2 0 (tinfo 0xa0e61d00)
06-05 19:57:15.687 D/EGL_emulation( 1711): eglMakeCurrent: 0x9f1709c0: ver 2 0 (tinfo 0xa0e61d00)
06-05 19:57:15.701 D/EGL_emulation( 1711): eglMakeCurrent: 0x9f1709c0: ver 2 0 (tinfo 0xa0e61d00)
06-05 19:57:15.702 D/gralloc_ranchu( 1348): gralloc_alloc: Creating ashmem region of size 9023488
06-05 19:57:15.716 D/EGL_emulation( 1711): eglMakeCurrent: 0x9f1709c0: ver 2 0 (tinfo 0xa0e61d00)
06-05 19:57:15.729 D/EGL_emulation( 1711): eglMakeCurrent: 0x9f1709c0: ver 2 0 (tinfo 0xa0e61d00)
06-05 19:57:15.729 I/ActivityManager( 1629): Displayed com.evancharlton.mileage/.Mileage: +181ms
06-05 19:57:15.731 D/EGL_emulation( 1711): eglMakeCurrent: 0x9f1709c0: ver 2 0 (tinfo 0xa0e61d00)
06-05 19:57:15.743 D/EGL_emulation( 1711): eglMakeCurrent: 0x9f1709c0: ver 2 0 (tinfo 0xa0e61d00)
06-05 19:57:15.745 D/EGL_emulation( 1711): eglMakeCurrent: 0x9f1709c0: ver 2 0 (tinfo 0xa0e61d00)
06-05 19:57:15.753 D/EGL_emulation( 1711): eglMakeCurrent: 0x9f1709c0: ver 2 0 (tinfo 0xa0e61d00)
06-05 19:57:15.754 D/EGL_emulation( 1711): eglMakeCurrent: 0x9f1709c0: ver 2 0 (tinfo 0xa0e61d00)
06-05 19:57:15.768 D/EGL_emulation( 1711): eglMakeCurrent: 0x9f1709c0: ver 2 0 (tinfo 0xa0e61d00)
06-05 19:57:15.769 V/PhoneStatusBar( 1711): setLightsOn(true)
06-05 19:57:15.770 D/EGL_emulation( 1711): eglMakeCurrent: 0x9f1709c0: ver 2 0 (tinfo 0xa0e61d00)
06-05 19:57:15.786 D/EGL_emulation( 1711): eglMakeCurrent: 0x9f1709c0: ver 2 0 (tinfo 0xa0e61d00)
06-05 19:57:15.793 D/EGL_emulation( 1711): eglMakeCurrent: 0x9f1709c0: ver 2 0 (tinfo 0xa0e61d00)
06-05 19:57:15.803 D/EGL_emulation( 1711): eglMakeCurrent: 0x9f1709c0: ver 2 0 (tinfo 0xa0e61d00)
06-05 19:57:15.809 D/EGL_emulation( 1711): eglMakeCurrent: 0x9f1709c0: ver 2 0 (tinfo 0xa0e61d00)
06-05 19:57:15.819 D/EGL_emulation( 1711): eglMakeCurrent: 0x9f1709c0: ver 2 0 (tinfo 0xa0e61d00)
06-05 19:57:15.825 D/EGL_emulation( 1711): eglMakeCurrent: 0x9f1709c0: ver 2 0 (tinfo 0xa0e61d00)
06-05 19:57:15.919 I/WindowManager( 1629): Destroying surface Surface(name=Starting com.evancharlton.mileage) called by com.android.server.wm.WindowStateAnimator.destroySurface:2016 com.android.server.wm.WindowStateAnimator.destroySurfaceLocked:882 com.android.server.wm.WindowState.destroyOrSaveSurface:2100 com.android.server.wm.AppWindowToken.destroySurfaces:363 com.android.server.wm.WindowStateAnimator.finishExit:565 com.android.server.wm.WindowStateAnimator.stepAnimationLocked:491 com.android.server.wm.WindowAnimator.updateWindowsLocked:303 com.android.server.wm.WindowAnimator.animateLocked:704 
06-05 19:57:15.925 V/PhoneStatusBar( 1711): setLightsOn(true)
06-05 19:57:15.953 V/PhoneStatusBar( 1711): setLightsOn(true)
06-05 19:57:16.069 V/PhoneStatusBar( 1711): setLightsOn(true)
06-05 19:57:16.353 V/PhoneStatusBar( 1711): setLightsOn(true)
06-05 19:57:16.355 V/PhoneStatusBar( 1711): setLightsOn(true)
06-05 19:57:16.358 W/OpenGLRenderer( 2147): Incorrectly called buildLayer on View: ShortcutAndWidgetContainer, destroying layer...
06-05 19:57:16.370 V/PhoneStatusBar( 1711): setLightsOn(true)
06-05 19:57:16.371 I/WindowManager( 1629): Destroying surface Surface(name=com.android.launcher3/com.android.launcher3.Launcher) called by com.android.server.wm.WindowStateAnimator.destroySurface:2016 com.android.server.wm.WindowStateAnimator.destroySurfaceLocked:882 com.android.server.wm.WindowState.destroyOrSaveSurface:2100 com.android.server.wm.AppWindowToken.destroySurfaces:363 com.android.server.wm.AppWindowToken.notifyAppStopped:389 com.android.server.wm.WindowManagerService.notifyAppStopped:4463 com.android.server.am.ActivityStack.activityStoppedLocked:1252 com.android.server.am.ActivityManagerService.activityStopped:6903 
06-05 19:57:16.823 I/System.out(17356): URI: //
06-05 19:57:16.823 I/System.out(17356): params: {json={"command":"press_key","arguments":["KEYCODE_MENU"]}
06-05 19:57:16.823 I/System.out(17356): }
06-05 19:57:16.823 I/System.out(17356): header: {content-type=application/json;charset=utf-8, date=Sat, 06 Jun 2020 00:57:17 GMT, accept=*/*, host=127.0.0.1:34783, content-length=52, user-agent=HTTPClient/1.0 (2.8.3, ruby 2.5.1 (2018-03-29))}
06-05 19:57:16.823 I/System.out(17356): params: {json={"command":"press_key","arguments":["KEYCODE_MENU"]}
06-05 19:57:16.823 I/System.out(17356): }
06-05 19:57:16.823 I/System.out(17356): ProP json = {"command":"press_key","arguments":["KEYCODE_MENU"]}
06-05 19:57:16.823 I/System.out(17356): files: {}
06-05 19:57:16.823 I/System.out(17356): command: {"command":"press_key","arguments":["KEYCODE_MENU"]}
06-05 19:57:16.828 I/InstrumentationBackend(17356): Got command:'Command:'Line:null,press_key', arguments:'[KEYCODE_MENU]'
06-05 19:57:16.869 D/gralloc_ranchu( 1348): gralloc_alloc: Creating ashmem region of size 9023488
06-05 19:57:16.921 V/PhoneStatusBar( 1711): setLightsOn(true)
06-05 19:57:16.928 I/System.out(17356): result:{"bonusInformation":[],"message":"","success":true}
06-05 19:57:16.937 I/System.out(17356): URI: //map
06-05 19:57:16.938 I/System.out(17356): params: {json={"query":"* marked:'Import / Export'","operation":{"method_name":"query","arguments":[]}}
06-05 19:57:16.938 I/System.out(17356): }
06-05 19:57:16.965 V/PhoneStatusBar( 1711): setLightsOn(true)
06-05 19:57:16.968 V/PhoneStatusBar( 1711): setLightsOn(true)
06-05 19:57:17.012 D/gralloc_ranchu( 1348): gralloc_alloc: Creating ashmem region of size 1720320
06-05 19:57:17.022 V/PhoneStatusBar( 1711): setLightsOn(true)
06-05 19:57:17.023 V/PhoneStatusBar( 1711): setLightsOn(true)
06-05 19:57:17.026 W/ResourceType(17356): No package identifier when getting name for resource number 0x00000001
06-05 19:57:17.035 V/PhoneStatusBar( 1711): setLightsOn(true)
06-05 19:57:17.041 I/System.out(17356): URI: //gesture
06-05 19:57:17.041 I/System.out(17356): params: {json={"query_timeout":5.0,"gestures":[{"query_string":"* marked:'Import / Export'","touches":[{"x":50,"y":50,"offset_x":0,"offset_y":0,"wait":0.0,"time":0.2,"release":true,"query_string":null}]}]}
06-05 19:57:17.041 I/System.out(17356): }
06-05 19:57:17.065 V/PhoneStatusBar( 1711): setLightsOn(true)
06-05 19:57:17.096 W/ResourceType(17356): No package identifier when getting name for resource number 0x00000001
06-05 19:57:17.202 D/gralloc_ranchu( 1348): gralloc_alloc: Creating ashmem region of size 1720320
06-05 19:57:17.254 V/PhoneStatusBar( 1711): setLightsOn(true)
06-05 19:57:17.321 I/ActivityManager( 1629): START u0 {cmp=com.evancharlton.mileage/.ImportExportActivity} from uid 10196 on display 0
06-05 19:57:17.325 V/PhoneStatusBar( 1711): setLightsOn(true)
06-05 19:57:17.328 V/PhoneStatusBar( 1711): setLightsOn(true)
06-05 19:57:17.345 I/WindowManager( 1629): Destroying surface Surface(name=AtchDlg:com.evancharlton.mileage/com.evancharlton.mileage.FillupActivity) called by com.android.server.wm.WindowStateAnimator.destroySurface:2016 com.android.server.wm.WindowStateAnimator.destroySurfaceLocked:882 com.android.server.wm.WindowState.removeLocked:1456 com.android.server.wm.WindowManagerService.removeWindowInnerLocked:2484 com.android.server.wm.WindowManagerService.removeWindowLocked:2442 com.android.server.wm.WindowManagerService.removeWindowLocked:2311 com.android.server.wm.WindowManagerService.removeWindow:2306 com.android.server.wm.Session.remove:202 
06-05 19:57:17.347 I/calabash(17356): newActivity1
06-05 19:57:17.352 I/System.out(17356): URI: //map
06-05 19:57:17.353 I/System.out(17356): params: {json={"query":"* {text CONTAINS[c] 'Import / Export data'}","operation":{"method_name":"query","arguments":[]}}
06-05 19:57:17.353 I/System.out(17356): }
06-05 19:57:17.384 V/PhoneStatusBar( 1711): setLightsOn(true)
06-05 19:57:17.388 D/gralloc_ranchu( 1348): gralloc_alloc: Creating ashmem region of size 9023488
06-05 19:57:17.401 V/PhoneStatusBar( 1711): setLightsOn(true)
06-05 19:57:17.424 I/ActivityManager( 1629): Displayed com.evancharlton.mileage/.ImportExportActivity: +90ms
06-05 19:57:17.434 D/gralloc_ranchu( 1348): gralloc_alloc: Creating ashmem region of size 9023488
06-05 19:57:17.435 V/PhoneStatusBar( 1711): setLightsOn(true)
06-05 19:57:17.468 V/PhoneStatusBar( 1711): setLightsOn(true)
06-05 19:57:17.484 V/PhoneStatusBar( 1711): setLightsOn(true)
06-05 19:57:17.668 V/PhoneStatusBar( 1711): setLightsOn(true)
06-05 19:57:17.698 I/System.out(17356): URI: //map
06-05 19:57:17.698 I/System.out(17356): params: {json={"query":"* {text CONTAINS[c] 'Import / Export data'}","operation":{"method_name":"query","arguments":[]}}
06-05 19:57:17.698 I/System.out(17356): }
06-05 19:57:17.718 I/System.out(17356): URI: //map
06-05 19:57:17.718 I/System.out(17356): params: {json={"query":"* {text CONTAINS[c] 'If you need to get data'}","operation":{"method_name":"query","arguments":[]}}
06-05 19:57:17.718 I/System.out(17356): }
06-05 19:57:17.720 I/art     (17356): Do partial code cache collection, code=29KB, data=30KB
06-05 19:57:17.720 I/art     (17356): After code cache collection, code=29KB, data=30KB
06-05 19:57:17.720 I/art     (17356): Increasing code cache capacity to 128KB
06-05 19:57:17.735 I/System.out(17356): URI: //map
06-05 19:57:17.735 I/System.out(17356): params: {json={"query":"* {text CONTAINS[c] 'to connect to your computer via USB for this'}","operation":{"method_name":"query","arguments":[]}}
06-05 19:57:17.735 I/System.out(17356): }
06-05 19:57:17.748 I/System.out(17356): URI: //map
06-05 19:57:17.748 I/System.out(17356): params: {json={"query":"* marked:'Export data'","operation":{"method_name":"query","arguments":[]}}
06-05 19:57:17.748 I/System.out(17356): }
06-05 19:57:17.753 W/ResourceType(17356): No package identifier when getting name for resource number 0x00000001
06-05 19:57:17.762 I/System.out(17356): URI: //gesture
06-05 19:57:17.762 I/System.out(17356): params: {json={"query_timeout":5.0,"gestures":[{"query_string":"* marked:'Export data'","touches":[{"x":50,"y":50,"offset_x":0,"offset_y":0,"wait":0.0,"time":0.2,"release":true,"query_string":null}]}]}
06-05 19:57:17.762 I/System.out(17356): }
06-05 19:57:17.767 W/ResourceType(17356): No package identifier when getting name for resource number 0x00000001
06-05 19:57:17.801 V/PhoneStatusBar( 1711): setLightsOn(true)
06-05 19:57:17.803 V/PhoneStatusBar( 1711): setLightsOn(true)
06-05 19:57:17.818 I/WindowManager( 1629): Destroying surface Surface(name=com.evancharlton.mileage/com.evancharlton.mileage.Mileage) called by com.android.server.wm.WindowStateAnimator.destroySurface:2016 com.android.server.wm.WindowStateAnimator.destroySurfaceLocked:882 com.android.server.wm.WindowState.destroyOrSaveSurface:2100 com.android.server.wm.WindowManagerService.tryStartExitingAnimation:3024 com.android.server.wm.WindowManagerService.relayoutWindow:2904 com.android.server.wm.Session.relayout:224 android.view.IWindowSession$Stub.onTransact:286 com.android.server.wm.Session.onTransact:145 
06-05 19:57:17.818 V/PhoneStatusBar( 1711): setLightsOn(true)
06-05 19:57:17.819 V/PhoneStatusBar( 1711): setLightsOn(true)
06-05 19:57:18.002 I/ActivityManager( 1629): START u0 {cmp=com.evancharlton.mileage/.ExportActivity} from uid 10196 on display 0
06-05 19:57:18.003 V/PhoneStatusBar( 1711): setLightsOn(true)
06-05 19:57:18.003 V/PhoneStatusBar( 1711): setLightsOn(true)
06-05 19:57:18.010 I/System.out(17356): URI: //map
06-05 19:57:18.010 I/System.out(17356): params: {json={"query":"* {text CONTAINS[c] 'Export data'}","operation":{"method_name":"query","arguments":[]}}
06-05 19:57:18.010 I/System.out(17356): }
06-05 19:57:18.043 I/calabash(17356): newActivity1
06-05 19:57:18.054 V/PhoneStatusBar( 1711): setLightsOn(true)
06-05 19:57:18.069 V/PhoneStatusBar( 1711): setLightsOn(true)
06-05 19:57:18.086 V/PhoneStatusBar( 1711): setLightsOn(true)
06-05 19:57:18.087 D/gralloc_ranchu( 1348): gralloc_alloc: Creating ashmem region of size 9023488
06-05 19:57:18.124 I/System.out(17356): URI: //map
06-05 19:57:18.124 I/System.out(17356): params: {json={"query":"* {text CONTAINS[c] '.db'}","operation":{"method_name":"query","arguments":[]}}
06-05 19:57:18.124 I/System.out(17356): }
06-05 19:57:18.129 W/InputMethodService( 1696): Window size has been changed. This may cause jankiness of resizing window: -1 -> -2
06-05 19:57:18.129 I/ActivityManager( 1629): Displayed com.evancharlton.mileage/.ExportActivity: +125ms
06-05 19:57:18.134 I/LatinIME( 1696): Starting input. Cursor position = 0,0
06-05 19:57:18.134 V/PhoneStatusBar( 1711): setLightsOn(true)
06-05 19:57:18.135 D/gralloc_ranchu( 1348): gralloc_alloc: Creating ashmem region of size 9023488
06-05 19:57:18.151 V/PhoneStatusBar( 1711): setLightsOn(true)
06-05 19:57:18.184 W/IInputConnectionWrapper(17356): getSelectedText on inactive InputConnection
06-05 19:57:18.188 I/LatinIME:LogUtils( 1696): Dictionary info: dictionary = spellcheck_userunigram.en_US ; version = 1591405038 ; date = ?
06-05 19:57:18.196 I/LatinIME:LogUtils( 1696): Dictionary info: dictionary = main:en ; version = 54 ; date = 1414726273
06-05 19:57:18.234 V/PhoneStatusBar( 1711): setLightsOn(true)
06-05 19:57:18.238 W/IInputConnectionWrapper(17356): requestCursorAnchorInfo on inactive InputConnection
06-05 19:57:18.248 I/System.out(17356): URI: //map
06-05 19:57:18.248 I/System.out(17356): params: {json={"query":"* marked:'Database (backups, SQLite)'","operation":{"method_name":"query","arguments":[]}}
06-05 19:57:18.248 I/System.out(17356): }
06-05 19:57:18.298 W/IInputConnectionWrapper(17356): getTextBeforeCursor on inactive InputConnection
06-05 19:57:18.299 E/RichInputConnection( 1696): Unable to connect to the editor to retrieve text.
06-05 19:57:18.299 D/RichInputConnection( 1696): Will try to retrieve text later.
06-05 19:57:18.300 W/ResourceType(17356): No package identifier when getting name for resource number 0x00000001
06-05 19:57:18.300 W/IInputConnectionWrapper(17356): getTextBeforeCursor on inactive InputConnection
06-05 19:57:18.301 E/RichInputConnection( 1696): Unable to connect to the editor to retrieve text.
06-05 19:57:18.301 W/RichInputConnection( 1696): Unable to connect to the editor. Setting caps mode without knowing text.
06-05 19:57:18.311 I/System.out(17356): URI: //gesture
06-05 19:57:18.311 I/System.out(17356): params: {json={"query_timeout":5.0,"gestures":[{"query_string":"* marked:'Database (backups, SQLite)'","touches":[{"x":50,"y":50,"offset_x":0,"offset_y":0,"wait":0.0,"time":0.2,"release":true,"query_string":null}]}]}
06-05 19:57:18.311 I/System.out(17356): }
06-05 19:57:18.316 W/ResourceType(17356): No package identifier when getting name for resource number 0x00000001
06-05 19:57:18.318 V/PhoneStatusBar( 1711): setLightsOn(true)
06-05 19:57:18.332 I/LatinIME( 1696): Starting input. Cursor position = 0,0
06-05 19:57:18.336 D/EGL_emulation( 1711): eglMakeCurrent: 0x9f1709c0: ver 2 0 (tinfo 0xa0e61d00)
06-05 19:57:18.336 V/PhoneStatusBar( 1711): setLightsOn(true)
06-05 19:57:18.342 D/EGL_emulation( 1696): eglMakeCurrent: 0xa38054e0: ver 2 0 (tinfo 0xa38035d0)
06-05 19:57:18.354 D/EGL_emulation( 1711): eglMakeCurrent: 0x9f1709c0: ver 2 0 (tinfo 0xa0e61d00)
06-05 19:57:18.357 V/PhoneStatusBar( 1711): setLightsOn(true)
06-05 19:57:18.358 V/PhoneStatusBar( 1711): setLightsOn(true)
06-05 19:57:18.369 V/PhoneStatusBar( 1711): setLightsOn(true)
06-05 19:57:18.370 V/PhoneStatusBar( 1711): setLightsOn(true)
06-05 19:57:18.502 V/PhoneStatusBar( 1711): setLightsOn(true)
06-05 19:57:18.503 V/PhoneStatusBar( 1711): setLightsOn(true)
06-05 19:57:18.518 I/WindowManager( 1629): Destroying surface Surface(name=com.evancharlton.mileage/com.evancharlton.mileage.ImportExportActivity) called by com.android.server.wm.WindowStateAnimator.destroySurface:2016 com.android.server.wm.WindowStateAnimator.destroySurfaceLocked:882 com.android.server.wm.WindowState.destroyOrSaveSurface:2100 com.android.server.wm.WindowManagerService.tryStartExitingAnimation:3024 com.android.server.wm.WindowManagerService.relayoutWindow:2904 com.android.server.wm.Session.relayout:224 android.view.IWindowSession$Stub.onTransact:286 com.android.server.wm.Session.onTransact:145 
06-05 19:57:18.518 V/PhoneStatusBar( 1711): setLightsOn(true)
06-05 19:57:18.519 V/PhoneStatusBar( 1711): setLightsOn(true)
06-05 19:57:18.558 V/PhoneStatusBar( 1711): setLightsOn(true)
06-05 19:57:18.560 I/System.out(17356): URI: //map
06-05 19:57:18.560 I/System.out(17356): params: {json={"query":"* marked:'Spreadsheet (Excel, Google Docs)'","operation":{"method_name":"query","arguments":[]}}
06-05 19:57:18.560 I/System.out(17356): }
06-05 19:57:18.585 V/PhoneStatusBar( 1711): setLightsOn(true)
06-05 19:57:18.604 V/PhoneStatusBar( 1711): setLightsOn(true)
06-05 19:57:18.611 V/PhoneStatusBar( 1711): setLightsOn(true)
06-05 19:57:18.691 D/gralloc_ranchu( 1348): gralloc_alloc: Creating ashmem region of size 1597440
06-05 19:57:18.709 V/PhoneStatusBar( 1711): setLightsOn(true)
06-05 19:57:18.711 V/PhoneStatusBar( 1711): setLightsOn(true)
06-05 19:57:18.711 W/ResourceType(17356): No package identifier when getting name for resource number 0x00000001
06-05 19:57:18.712 D/gralloc_ranchu( 1348): gralloc_alloc: Creating ashmem region of size 1597440
06-05 19:57:18.722 V/PhoneStatusBar( 1711): setLightsOn(true)
06-05 19:57:18.970 V/PhoneStatusBar( 1711): setLightsOn(true)
06-05 19:57:19.030 I/System.out(17356): URI: //map
06-05 19:57:19.030 I/System.out(17356): params: {json={"query":"* marked:'Spreadsheet (Excel, Google Docs)'","operation":{"method_name":"query","arguments":[]}}
06-05 19:57:19.030 I/System.out(17356): }
06-05 19:57:19.045 W/ResourceType(17356): No package identifier when getting name for resource number 0x00000001
06-05 19:57:19.069 I/System.out(17356): URI: //gesture
06-05 19:57:19.069 I/System.out(17356): params: {json={"query_timeout":5.0,"gestures":[{"query_string":"* marked:'Spreadsheet (Excel, Google Docs)'","touches":[{"x":50,"y":50,"offset_x":0,"offset_y":0,"wait":0.0,"time":0.2,"release":true,"query_string":null}]}]}
06-05 19:57:19.069 I/System.out(17356): }
06-05 19:57:19.076 I/art     (17356): Do partial code cache collection, code=61KB, data=62KB
06-05 19:57:19.076 I/art     (17356): After code cache collection, code=60KB, data=62KB
06-05 19:57:19.076 I/art     (17356): Increasing code cache capacity to 256KB
06-05 19:57:19.079 W/ResourceType(17356): No package identifier when getting name for resource number 0x00000001
06-05 19:57:19.314 D/gralloc_ranchu( 1348): gralloc_alloc: Creating ashmem region of size 9023488
06-05 19:57:19.398 V/PhoneStatusBar( 1711): setLightsOn(true)
06-05 19:57:19.398 V/PhoneStatusBar( 1711): setLightsOn(true)
06-05 19:57:19.401 W/InputEventReceiver(17356): Attempted to finish an input event but the input event receiver has already been disposed.
06-05 19:57:19.410 I/System.out(17356): URI: //map
06-05 19:57:19.410 I/System.out(17356): params: {json={"query":"* {text CONTAINS[c] '.csv'}","operation":{"method_name":"query","arguments":[]}}
06-05 19:57:19.410 I/System.out(17356): }
06-05 19:57:19.437 W/InputMethodManagerService( 1629): Window already focused, ignoring focus gain of: com.android.internal.view.IInputMethodClient$Stub$Proxy@31a6245 attribute=null, token = android.os.BinderProxy@e138519
06-05 19:57:19.498 I/LatinIME( 1696): Starting input. Cursor position = 0,0
