--------- beginning of main
06-05 18:16:45.382 V/PhoneStatusBar( 1712): setLightsOn(true)
06-05 18:16:45.383 V/PhoneStatusBar( 1712): setLightsOn(true)
--------- beginning of system
06-05 18:16:45.384 W/ActivityManager( 1630): Finishing task with all activities already finished
06-05 18:16:45.384 W/ActivityManager( 1630): Duplicate finish request for ActivityRecord{3d33149 u0 com.evancharlton.mileage/.Mileage t2711 f}
06-05 18:16:45.384 W/ActivityManager( 1630): Finishing task with all activities already finished
06-05 18:16:45.384 W/ActivityManager( 1630): Duplicate finish request for ActivityRecord{3d33149 u0 com.evancharlton.mileage/.Mileage t2711 f}
06-05 18:16:45.394 D/gralloc_ranchu( 1346): gralloc_alloc: Creating ashmem region of size 3145728
06-05 18:16:45.400 E/EGL_emulation( 1346): tid 1346: eglCreateSyncKHR(1901): error 0x3004 (EGL_BAD_ATTRIBUTE)
06-05 18:16:45.412 W/ActivityManager( 1630): Finishing task with all activities already finished
06-05 18:16:45.412 W/ActivityManager( 1630): Duplicate finish request for ActivityRecord{3d33149 u0 com.evancharlton.mileage/.Mileage t2711 f}
06-05 18:16:45.412 W/ActivityManager( 1630): Finishing task with all activities already finished
06-05 18:16:45.412 W/ActivityManager( 1630): Duplicate finish request for ActivityRecord{3d33149 u0 com.evancharlton.mileage/.Mileage t2711 f}
06-05 18:16:45.413 W/ActivityManager( 1630): Finishing task with all activities already finished
06-05 18:16:45.413 W/ActivityManager( 1630): Duplicate finish request for ActivityRecord{3d33149 u0 com.evancharlton.mileage/.Mileage t2711 f}
06-05 18:16:45.413 D/gralloc_ranchu( 1346): gralloc_alloc: Creating ashmem region of size 1720320
06-05 18:16:45.460 D/EGL_emulation( 2099): eglMakeCurrent: 0xb4085240: ver 2 0 (tinfo 0xb40832d0)
06-05 18:16:45.461 D/EGL_emulation( 1712): eglMakeCurrent: 0xb4085540: ver 2 0 (tinfo 0xb4083740)
06-05 18:16:45.474 D/AndroidRuntime( 3741): >>>>>> START com.android.internal.os.RuntimeInit uid 2000 <<<<<<
06-05 18:16:45.475 D/AndroidRuntime( 3741): CheckJNI is ON
06-05 18:16:45.476 D/EGL_emulation( 1712): eglMakeCurrent: 0xb4085540: ver 2 0 (tinfo 0xb4083740)
06-05 18:16:45.487 W/art     ( 3741): Unexpected CPU variant for X86 using defaults: x86
06-05 18:16:45.489 D/ICU     ( 3741): No timezone override file found: /data/misc/zoneinfo/current/icu/icu_tzdata.dat
06-05 18:16:45.494 D/EGL_emulation( 1712): eglMakeCurrent: 0xb4085540: ver 2 0 (tinfo 0xb4083740)
06-05 18:16:45.497 E/memtrack( 3741): Couldn't load memtrack module (No such file or directory)
06-05 18:16:45.497 E/android.os.Debug( 3741): failed to load memtrack module: -2
06-05 18:16:45.498 I/Radio-JNI( 3741): register_android_hardware_Radio DONE
06-05 18:16:45.501 D/AndroidRuntime( 3741): Calling main entry com.android.commands.am.Am
06-05 18:16:45.503 I/ActivityManager( 1630): Force stopping com.evancharlton.mileage appid=10150 user=0: start instr
06-05 18:16:45.503 I/ActivityManager( 1630): Killing 3671:com.evancharlton.mileage/u0a150 (adj 0): stop com.evancharlton.mileage
06-05 18:16:45.503 D/ActivityManager( 1630): cleanUpApplicationRecord -- 3671
06-05 18:16:45.503 W/ActivityManager( 1630): Crash of app com.evancharlton.mileage running instrumentation ComponentInfo{com.evancharlton.mileage.test/sh.calaba.instrumentationbackend.CalabashInstrumentationTestRunner}
06-05 18:16:45.503 I/ActivityManager( 1630): Force stopping com.evancharlton.mileage appid=10150 user=0: finished inst
06-05 18:16:45.504 W/InputDispatcher( 1630): channel '90e9361 AtchDlg:com.evancharlton.mileage/com.evancharlton.mileage.VehicleStatisticsActivity (server)' ~ Consumer closed input channel or an error occurred.  events=0x9
06-05 18:16:45.504 E/InputDispatcher( 1630): channel '90e9361 AtchDlg:com.evancharlton.mileage/com.evancharlton.mileage.VehicleStatisticsActivity (server)' ~ Channel is unrecoverably broken and will be disposed!
06-05 18:16:45.504 W/InputDispatcher( 1630): channel '3965798 com.evancharlton.mileage/com.evancharlton.mileage.Mileage (server)' ~ Consumer closed input channel or an error occurred.  events=0x9
06-05 18:16:45.504 E/InputDispatcher( 1630): channel '3965798 com.evancharlton.mileage/com.evancharlton.mileage.Mileage (server)' ~ Channel is unrecoverably broken and will be disposed!
06-05 18:16:45.505 I/WindowManager( 1630): WIN DEATH: Window{90e9361 u0 AtchDlg:com.evancharlton.mileage/com.evancharlton.mileage.VehicleStatisticsActivity EXITING}
06-05 18:16:45.505 W/InputDispatcher( 1630): Attempted to unregister already unregistered input channel '90e9361 AtchDlg:com.evancharlton.mileage/com.evancharlton.mileage.VehicleStatisticsActivity (server)'
06-05 18:16:45.505 I/art     ( 3752): Not late-enabling -Xcheck:jni (already on)
06-05 18:16:45.505 W/art     ( 3752): Unexpected CPU variant for X86 using defaults: x86
06-05 18:16:45.506 I/WindowManager( 1630): WIN DEATH: Window{3965798 u0 com.evancharlton.mileage/com.evancharlton.mileage.Mileage EXITING}
06-05 18:16:45.506 W/InputDispatcher( 1630): Attempted to unregister already unregistered input channel '3965798 com.evancharlton.mileage/com.evancharlton.mileage.Mileage (server)'
06-05 18:16:45.513 I/ActivityManager( 1630): Start proc 3752:com.evancharlton.mileage/u0a150 for added application com.evancharlton.mileage
06-05 18:16:45.514 D/AndroidRuntime( 3741): Shutting down VM
06-05 18:16:45.514 D/EGL_emulation( 1712): eglMakeCurrent: 0xb4085540: ver 2 0 (tinfo 0xb4083740)
06-05 18:16:45.517 D/EGL_emulation( 1712): eglMakeCurrent: 0xb4085540: ver 2 0 (tinfo 0xb4083740)
06-05 18:16:45.519 W/System  ( 3752): ClassLoader referenced unknown path: /data/app/com.evancharlton.mileage.test-1/lib/x86
06-05 18:16:45.519 W/System  ( 3752): ClassLoader referenced unknown path: /data/app/com.evancharlton.mileage-1/lib/x86
06-05 18:16:45.521 W/System  ( 3752): ClassLoader referenced unknown path: 
06-05 18:16:45.526 I/System.out( 3752): Main activity name automatically set to: com.evancharlton.mileage.Mileage
06-05 18:16:45.526 D/EGL_emulation( 1712): eglMakeCurrent: 0xb4085540: ver 2 0 (tinfo 0xb4083740)
06-05 18:16:45.526 I/System.out( 3752): Calabash did not load Mono. This is only a problem if you are trying to test a Mono application
06-05 18:16:45.526 I/calabash( 3752): Test server port: 7102
06-05 18:16:45.527 I/InstrumentationBackend( 3752): Added:'GetPreferences', with key:'get_preferences'
06-05 18:16:45.527 D/EGL_emulation( 1712): eglMakeCurrent: 0xb4085540: ver 2 0 (tinfo 0xb4083740)
06-05 18:16:45.530 I/InstrumentationBackend( 3752): Added:'SetPreferences', with key:'set_preferences'
06-05 18:16:45.530 I/InstrumentationBackend( 3752): Added:'ClearPreferences', with key:'clear_preferences'
06-05 18:16:45.530 I/InstrumentationBackend( 3752): Added:'PressElement', with key:'press_l10n_element'
06-05 18:16:45.530 I/InstrumentationBackend( 3752): Added:'WaitForElement', with key:'wait_for_l10n_element'
06-05 18:16:45.530 I/InstrumentationBackend( 3752): Added:'NullAction', with key:'nullAction'
06-05 18:16:45.530 I/InstrumentationBackend( 3752): Added:'PressKey', with key:'press_key'
06-05 18:16:45.530 I/InstrumentationBackend( 3752): Added:'SetActivityOrientation', with key:'set_activity_orientation'
06-05 18:16:45.530 I/InstrumentationBackend( 3752): Added:'GetActivityOrientation', with key:'get_activity_orientation'
06-05 18:16:45.530 I/InstrumentationBackend( 3752): Added:'FakeGPSLocation', with key:'set_gps_coordinates'
06-05 18:16:45.531 I/InstrumentationBackend( 3752): Added:'SetPropertyByCssSelector', with key:'set_property_by_css_selector'
06-05 18:16:45.531 I/InstrumentationBackend( 3752): Added:'GetUrl', with key:'get_url'
06-05 18:16:45.531 I/InstrumentationBackend( 3752): Added:'ScrollTo', with key:'scroll_to'
06-05 18:16:45.531 I/InstrumentationBackend( 3752): Added:'GetLoadProgress', with key:'get_load_progress'
06-05 18:16:45.531 I/InstrumentationBackend( 3752): Added:'DumpHtml', with key:'dump_html'
06-05 18:16:45.531 I/InstrumentationBackend( 3752): Added:'DumpBodyHtml', with key:'dump_body_html'
06-05 18:16:45.531 I/InstrumentationBackend( 3752): Added:'EnterTextByCssSelector', with key:'enter_text_by_selector'
06-05 18:16:45.531 I/InstrumentationBackend( 3752): Added:'AndroidSDKVersion', with key:'android_sdk_version'
06-05 18:16:45.531 I/InstrumentationBackend( 3752): Added:'Version', with key:'version'
06-05 18:16:45.531 I/InstrumentationBackend( 3752): Added:'Drag', with key:'drag'
06-05 18:16:45.531 I/InstrumentationBackend( 3752): Added:'TouchCoordinates', with key:'touch_coordinate'
06-05 18:16:45.531 I/InstrumentationBackend( 3752): Added:'LongPressCoordinate', with key:'long_press_coordinate'
06-05 18:16:45.531 I/InstrumentationBackend( 3752): Added:'DragCoordinates', with key:'drag_coordinates'
06-05 18:16:45.531 I/InstrumentationBackend( 3752): Added:'ResumeApplication', with key:'resume_application'
06-05 18:16:45.531 I/InstrumentationBackend( 3752): Added:'Swipe', with key:'swipe'
06-05 18:16:45.531 I/InstrumentationBackend( 3752): Added:'DoubleTapCoordinate', with key:'double_tap_coordinate'
06-05 18:16:45.531 I/InstrumentationBackend( 3752): Added:'ClickOnScreen', with key:'click_on_screen'
06-05 18:16:45.532 I/InstrumentationBackend( 3752): Added:'GetActivityName', with key:'get_activity_name'
06-05 18:16:45.532 I/InstrumentationBackend( 3752): Added:'ScrollToView', with key:'scroll_to_view'
06-05 18:16:45.532 I/InstrumentationBackend( 3752): Added:'ViewConfiguration', with key:'view_configuration'
06-05 18:16:45.532 I/InstrumentationBackend( 3752): Added:'IsCurrentActivityFocused', with key:'is_current_activity_focused'
06-05 18:16:45.532 I/InstrumentationBackend( 3752): Added:'SendTcp', with key:'send_tcp'
06-05 18:16:45.532 I/InstrumentationBackend( 3752): Added:'DpToDevicePixel', with key:'dp_to_device_pixel'
06-05 18:16:45.532 I/InstrumentationBackend( 3752): Added:'KeyboardEnterText', with key:'keyboard_enter_text'
06-05 18:16:45.532 I/InstrumentationBackend( 3752): Added:'DeleteSurroundingText', with key:'delete_surrounding_text'
06-05 18:16:45.532 I/InstrumentationBackend( 3752): Added:'SetComposingRegion', with key:'set_composing_region'
06-05 18:16:45.532 I/InstrumentationBackend( 3752): Added:'SetSelection', with key:'set_selection'
06-05 18:16:45.532 I/InstrumentationBackend( 3752): Added:'KeyboardKeyEvent', with key:'keyboard_key_event'
06-05 18:16:45.532 I/InstrumentationBackend( 3752): Added:'PressUserActionButton', with key:'press_user_action_button'
06-05 18:16:45.532 I/InstrumentationBackend( 3752): Added:'HideSoftKeyboard', with key:'hide_soft_keyboard'
06-05 18:16:45.532 I/InstrumentationBackend( 3752): Added:'ListActions', with key:'list_actions'
06-05 18:16:45.532 I/calabash( 3752): Instantiating http server at 7102
06-05 18:16:45.532 I/System.out( 3752): HTTP Daemon listening on: 7102
06-05 18:16:45.542 D/EGL_emulation( 1712): eglMakeCurrent: 0xb4085540: ver 2 0 (tinfo 0xb4083740)
06-05 18:16:45.544 D/EGL_emulation( 1712): eglMakeCurrent: 0xb4085540: ver 2 0 (tinfo 0xb4083740)
06-05 18:16:45.559 D/EGL_emulation( 1712): eglMakeCurrent: 0xb4085540: ver 2 0 (tinfo 0xb4083740)
06-05 18:16:45.561 D/EGL_emulation( 1712): eglMakeCurrent: 0xb4085540: ver 2 0 (tinfo 0xb4083740)
06-05 18:16:45.578 D/EGL_emulation( 1712): eglMakeCurrent: 0xb4085540: ver 2 0 (tinfo 0xb4083740)
06-05 18:16:45.585 D/EGL_emulation( 1712): eglMakeCurrent: 0xb4085540: ver 2 0 (tinfo 0xb4083740)
06-05 18:16:45.594 D/EGL_emulation( 1712): eglMakeCurrent: 0xb4085540: ver 2 0 (tinfo 0xb4083740)
06-05 18:16:45.601 D/EGL_emulation( 1712): eglMakeCurrent: 0xb4085540: ver 2 0 (tinfo 0xb4083740)
06-05 18:16:45.611 D/EGL_emulation( 1712): eglMakeCurrent: 0xb4085540: ver 2 0 (tinfo 0xb4083740)
06-05 18:16:45.618 D/EGL_emulation( 1712): eglMakeCurrent: 0xb4085540: ver 2 0 (tinfo 0xb4083740)
06-05 18:16:45.625 I/System.out( 3752): URI: //ping
06-05 18:16:45.625 I/System.out( 3752): params: {json={}
06-05 18:16:45.625 I/System.out( 3752): }
06-05 18:16:45.627 D/EGL_emulation( 1712): eglMakeCurrent: 0xb4085540: ver 2 0 (tinfo 0xb4083740)
06-05 18:16:45.631 I/System.out( 3752): URI: //ping
06-05 18:16:45.631 I/System.out( 3752): params: {json={}
06-05 18:16:45.631 I/System.out( 3752): }
06-05 18:16:45.631 D/EGL_emulation( 1712): eglMakeCurrent: 0xb4085540: ver 2 0 (tinfo 0xb4083740)
06-05 18:16:45.635 I/System.out( 3752): URI: //ready
06-05 18:16:45.635 I/System.out( 3752): params: {json={}
06-05 18:16:45.635 I/System.out( 3752): }
06-05 18:16:45.640 I/System.out( 3752): URI: //
06-05 18:16:45.640 I/System.out( 3752): params: {json={"command":"version","arguments":[]}
06-05 18:16:45.640 I/System.out( 3752): }
06-05 18:16:45.640 I/System.out( 3752): header: {content-type=application/json;charset=utf-8, date=Fri, 05 Jun 2020 23:16:46 GMT, accept=*/*, host=127.0.0.1:34784, content-length=36, user-agent=HTTPClient/1.0 (2.8.3, ruby 2.5.1 (2018-03-29))}
06-05 18:16:45.640 I/System.out( 3752): params: {json={"command":"version","arguments":[]}
06-05 18:16:45.640 I/System.out( 3752): }
06-05 18:16:45.640 I/System.out( 3752): ProP json = {"command":"version","arguments":[]}
06-05 18:16:45.640 I/System.out( 3752): files: {}
06-05 18:16:45.641 I/System.out( 3752): command: {"command":"version","arguments":[]}
06-05 18:16:45.643 D/EGL_emulation( 1712): eglMakeCurrent: 0xb4085540: ver 2 0 (tinfo 0xb4083740)
06-05 18:16:45.648 D/EGL_emulation( 1712): eglMakeCurrent: 0xb4085540: ver 2 0 (tinfo 0xb4083740)
06-05 18:16:45.650 I/InstrumentationBackend( 3752): Got command:'Command:'Line:null,version', arguments:'[]'
06-05 18:16:45.662 D/EGL_emulation( 1712): eglMakeCurrent: 0xb4085540: ver 2 0 (tinfo 0xb4083740)
06-05 18:16:45.672 I/System.out( 3752): result:{"bonusInformation":[],"message":"0.9.8","success":true}
06-05 18:16:45.677 I/System.out( 3752): URI: //start-application
06-05 18:16:45.677 I/System.out( 3752): params: {json={"intent":null}
06-05 18:16:45.677 I/System.out( 3752): }
06-05 18:16:45.677 D/EGL_emulation( 1712): eglMakeCurrent: 0xb4085540: ver 2 0 (tinfo 0xb4083740)
06-05 18:16:45.681 D/EGL_emulation( 1712): eglMakeCurrent: 0xb4085540: ver 2 0 (tinfo 0xb4083740)
06-05 18:16:45.698 I/ActivityManager( 1630): START u0 {act=android.intent.action.MAIN cat=[android.intent.category.LAUNCHER] flg=0x10200000 cmp=com.evancharlton.mileage/.Mileage} from uid 10150 on display 0
06-05 18:16:45.711 I/WindowManager( 1630): Destroying surface Surface(name=AtchDlg:com.evancharlton.mileage/com.evancharlton.mileage.VehicleStatisticsActivity) called by com.android.server.wm.WindowStateAnimator.destroySurface:2016 com.android.server.wm.WindowStateAnimator.destroySurfaceLocked:882 com.android.server.wm.WindowState.removeLocked:1456 com.android.server.wm.WindowManagerService.removeWindowInnerLocked:2484 com.android.server.wm.AppWindowToken.destroySurfaces:365 com.android.server.wm.WindowStateAnimator.finishExit:565 com.android.server.wm.WindowStateAnimator.stepAnimationLocked:491 com.android.server.wm.WindowAnimator.updateWindowsLocked:303 
06-05 18:16:45.717 I/calabash( 3752): newActivity1
06-05 18:16:45.727 D/gralloc_ranchu( 1346): gralloc_alloc: Creating ashmem region of size 9023488
06-05 18:16:45.743 I/calabash( 3752): newActivity1
06-05 18:16:45.745 W/ActivityManager( 1630): Bad activity token: android.os.BinderProxy@23fcf09
06-05 18:16:45.745 W/ActivityManager( 1630): java.lang.ClassCastException: android.os.BinderProxy cannot be cast to com.android.server.am.ActivityRecord$Token
06-05 18:16:45.745 W/ActivityManager( 1630): 	at com.android.server.am.ActivityRecord.forTokenLocked(ActivityRecord.java:586)
06-05 18:16:45.745 W/ActivityManager( 1630): 	at com.android.server.am.ActivityRecord.isInStackLocked(ActivityRecord.java:1327)
06-05 18:16:45.745 W/ActivityManager( 1630): 	at com.android.server.am.ActivityRecord.getStackLocked(ActivityRecord.java:1332)
06-05 18:16:45.745 W/ActivityManager( 1630): 	at com.android.server.am.ActivityManagerService.getActivityDisplayId(ActivityManagerService.java:9806)
06-05 18:16:45.745 W/ActivityManager( 1630): 	at android.app.ActivityManagerNative.onTransact(ActivityManagerNative.java:2566)
06-05 18:16:45.745 W/ActivityManager( 1630): 	at com.android.server.am.ActivityManagerService.onTransact(ActivityManagerService.java:2757)
06-05 18:16:45.745 W/ActivityManager( 1630): 	at android.os.Binder.execTransact(Binder.java:565)
06-05 18:16:45.748 W/ActivityManager( 1630): Bad activity token: android.os.BinderProxy@23fcf09
06-05 18:16:45.748 W/ActivityManager( 1630): java.lang.ClassCastException: android.os.BinderProxy cannot be cast to com.android.server.am.ActivityRecord$Token
06-05 18:16:45.748 W/ActivityManager( 1630): 	at com.android.server.am.ActivityRecord.forTokenLocked(ActivityRecord.java:586)
06-05 18:16:45.748 W/ActivityManager( 1630): 	at com.android.server.am.ActivityRecord.isInStackLocked(ActivityRecord.java:1327)
06-05 18:16:45.748 W/ActivityManager( 1630): 	at com.android.server.am.ActivityManagerService.setTaskDescription(ActivityManagerService.java:9358)
06-05 18:16:45.748 W/ActivityManager( 1630): 	at android.app.ActivityManagerNative.onTransact(ActivityManagerNative.java:2639)
06-05 18:16:45.748 W/ActivityManager( 1630): 	at com.android.server.am.ActivityManagerService.onTransact(ActivityManagerService.java:2757)
06-05 18:16:45.748 W/ActivityManager( 1630): 	at android.os.Binder.execTransact(Binder.java:565)
06-05 18:16:45.749 W/ActivityManager( 1630): Bad activity token: android.os.BinderProxy@23fcf09
06-05 18:16:45.749 W/ActivityManager( 1630): java.lang.ClassCastException: android.os.BinderProxy cannot be cast to com.android.server.am.ActivityRecord$Token
06-05 18:16:45.749 W/ActivityManager( 1630): 	at com.android.server.am.ActivityRecord.forTokenLocked(ActivityRecord.java:586)
06-05 18:16:45.749 W/ActivityManager( 1630): 	at com.android.server.am.ActivityRecord.isInStackLocked(ActivityRecord.java:1327)
06-05 18:16:45.749 W/ActivityManager( 1630): 	at com.android.server.am.ActivityRecord.getStackLocked(ActivityRecord.java:1332)
06-05 18:16:45.749 W/ActivityManager( 1630): 	at com.android.server.am.ActivityManagerService.getActivityStackId(ActivityManagerService.java:9817)
06-05 18:16:45.749 W/ActivityManager( 1630): 	at android.app.ActivityManagerNative.onTransact(ActivityManagerNative.java:2856)
06-05 18:16:45.749 W/ActivityManager( 1630): 	at com.android.server.am.ActivityManagerService.onTransact(ActivityManagerService.java:2757)
06-05 18:16:45.749 W/ActivityManager( 1630): 	at android.os.Binder.execTransact(Binder.java:565)
06-05 18:16:45.775 V/PhoneStatusBar( 1712): setLightsOn(true)
06-05 18:16:45.777 D/EGL_emulation( 2099): eglMakeCurrent: 0xb4085240: ver 2 0 (tinfo 0xb40832d0)
06-05 18:16:45.780 D/EGL_emulation( 1712): eglMakeCurrent: 0xb4085540: ver 2 0 (tinfo 0xb4083740)
06-05 18:16:45.790 W/ActivityManager( 1630): Bad activity token: android.os.BinderProxy@23fcf09
06-05 18:16:45.790 W/ActivityManager( 1630): java.lang.ClassCastException: android.os.BinderProxy cannot be cast to com.android.server.am.ActivityRecord$Token
06-05 18:16:45.790 W/ActivityManager( 1630): 	at com.android.server.am.ActivityRecord.forTokenLocked(ActivityRecord.java:586)
06-05 18:16:45.790 W/ActivityManager( 1630): 	at com.android.server.am.ActivityRecord.isInStackLocked(ActivityRecord.java:1327)
06-05 18:16:45.790 W/ActivityManager( 1630): 	at com.android.server.am.ActivityManagerService.getActivityOptions(ActivityManagerService.java:12559)
06-05 18:16:45.790 W/ActivityManager( 1630): 	at android.app.ActivityManagerNative.onTransact(ActivityManagerNative.java:1933)
06-05 18:16:45.790 W/ActivityManager( 1630): 	at com.android.server.am.ActivityManagerService.onTransact(ActivityManagerService.java:2757)
06-05 18:16:45.790 W/ActivityManager( 1630): 	at android.os.Binder.execTransact(Binder.java:565)
06-05 18:16:45.791 W/ActivityManager( 1630): Bad activity token: android.os.BinderProxy@23fcf09
06-05 18:16:45.791 W/ActivityManager( 1630): java.lang.ClassCastException: android.os.BinderProxy cannot be cast to com.android.server.am.ActivityRecord$Token
06-05 18:16:45.791 W/ActivityManager( 1630): 	at com.android.server.am.ActivityRecord.forTokenLocked(ActivityRecord.java:586)
06-05 18:16:45.791 W/ActivityManager( 1630): 	at com.android.server.am.ActivityRecord.isInStackLocked(ActivityRecord.java:1327)
06-05 18:16:45.791 W/ActivityManager( 1630): 	at com.android.server.am.ActivityManagerService.getActivityOptions(ActivityManagerService.java:12559)
06-05 18:16:45.791 W/ActivityManager( 1630): 	at android.app.ActivityManagerNative.onTransact(ActivityManagerNative.java:1933)
06-05 18:16:45.791 W/ActivityManager( 1630): 	at com.android.server.am.ActivityManagerService.onTransact(ActivityManagerService.java:2757)
06-05 18:16:45.791 W/ActivityManager( 1630): 	at android.os.Binder.execTransact(Binder.java:565)
06-05 18:16:45.793 D/EGL_emulation( 1712): eglMakeCurrent: 0xb4085540: ver 2 0 (tinfo 0xb4083740)
06-05 18:16:45.798 D/EGL_emulation( 1712): eglMakeCurrent: 0xb4085540: ver 2 0 (tinfo 0xb4083740)
06-05 18:16:45.798 V/PhoneStatusBar( 1712): setLightsOn(true)
06-05 18:16:45.809 D/EGL_emulation( 1712): eglMakeCurrent: 0xb4085540: ver 2 0 (tinfo 0xb4083740)
06-05 18:16:45.812 D/EGL_emulation( 1712): eglMakeCurrent: 0xb4085540: ver 2 0 (tinfo 0xb4083740)
06-05 18:16:45.826 D/gralloc_ranchu( 1346): gralloc_alloc: Creating ashmem region of size 9023488
06-05 18:16:45.830 D/EGL_emulation( 1712): eglMakeCurrent: 0xb4085540: ver 2 0 (tinfo 0xb4083740)
06-05 18:16:45.830 D/        ( 3752): HostConnection::get() New Host Connection established 0xa7c14440, tid 3752
06-05 18:16:45.865 D/EGL_emulation( 1712): eglMakeCurrent: 0xb4085540: ver 2 0 (tinfo 0xb4083740)
06-05 18:16:45.866 V/PhoneStatusBar( 1712): setLightsOn(true)
06-05 18:16:45.869 D/EGL_emulation( 1712): eglMakeCurrent: 0xb4085540: ver 2 0 (tinfo 0xb4083740)
06-05 18:16:45.871 D/EGL_emulation( 1712): eglMakeCurrent: 0xb4085540: ver 2 0 (tinfo 0xb4083740)
06-05 18:16:45.881 D/EGL_emulation( 1712): eglMakeCurrent: 0xb4085540: ver 2 0 (tinfo 0xb4083740)
06-05 18:16:45.883 D/EGL_emulation( 1712): eglMakeCurrent: 0xb4085540: ver 2 0 (tinfo 0xb4083740)
06-05 18:16:45.892 I/WindowManager( 1630): Destroying surface Surface(name=com.evancharlton.mileage/com.evancharlton.mileage.Mileage) called by com.android.server.wm.WindowStateAnimator.destroySurface:2016 com.android.server.wm.WindowStateAnimator.destroySurfaceLocked:882 com.android.server.wm.WindowState.destroyOrSaveSurface:2100 com.android.server.wm.AppWindowToken.destroySurfaces:363 com.android.server.wm.WindowStateAnimator.finishExit:565 com.android.server.wm.WindowStateAnimator.stepAnimationLocked:491 com.android.server.wm.WindowAnimator.updateWindowsLocked:303 com.android.server.wm.WindowAnimator.animateLocked:704 
06-05 18:16:45.893 D/EGL_emulation( 1712): eglMakeCurrent: 0xb4085540: ver 2 0 (tinfo 0xb4083740)
06-05 18:16:45.895 D/EGL_emulation( 1712): eglMakeCurrent: 0xb4085540: ver 2 0 (tinfo 0xb4083740)
06-05 18:16:45.910 D/gralloc_ranchu( 1346): gralloc_alloc: Creating ashmem region of size 9023488
06-05 18:16:45.910 I/ActivityManager( 1630): Displayed com.evancharlton.mileage/.Mileage: +203ms
06-05 18:16:45.917 D/EGL_emulation( 1712): eglMakeCurrent: 0xb4085540: ver 2 0 (tinfo 0xb4083740)
06-05 18:16:45.925 D/EGL_emulation( 1712): eglMakeCurrent: 0xb4085540: ver 2 0 (tinfo 0xb4083740)
06-05 18:16:45.934 D/EGL_emulation( 1712): eglMakeCurrent: 0xb4085540: ver 2 0 (tinfo 0xb4083740)
06-05 18:16:45.937 D/EGL_emulation( 1712): eglMakeCurrent: 0xb4085540: ver 2 0 (tinfo 0xb4083740)
06-05 18:16:45.943 D/EGL_emulation( 1712): eglMakeCurrent: 0xb4085540: ver 2 0 (tinfo 0xb4083740)
06-05 18:16:45.950 D/EGL_emulation( 1712): eglMakeCurrent: 0xb4085540: ver 2 0 (tinfo 0xb4083740)
06-05 18:16:45.950 V/PhoneStatusBar( 1712): setLightsOn(true)
06-05 18:16:45.964 D/EGL_emulation( 1712): eglMakeCurrent: 0xb4085540: ver 2 0 (tinfo 0xb4083740)
06-05 18:16:45.971 D/EGL_emulation( 1712): eglMakeCurrent: 0xb4085540: ver 2 0 (tinfo 0xb4083740)
06-05 18:16:45.979 D/EGL_emulation( 1712): eglMakeCurrent: 0xb4085540: ver 2 0 (tinfo 0xb4083740)
06-05 18:16:45.986 D/EGL_emulation( 1712): eglMakeCurrent: 0xb4085540: ver 2 0 (tinfo 0xb4083740)
06-05 18:16:45.988 I/System.out( 3752): URI: //map
06-05 18:16:45.988 I/System.out( 3752): params: {json={"query":"* marked:'Statistics'","operation":{"method_name":"query","arguments":[]}}
06-05 18:16:45.988 I/System.out( 3752): }
06-05 18:16:45.996 D/EGL_emulation( 1712): eglMakeCurrent: 0xb4085540: ver 2 0 (tinfo 0xb4083740)
06-05 18:16:46.056 W/ResourceType( 3752): No package identifier when getting name for resource number 0x00000001
06-05 18:16:46.098 I/System.out( 3752): URI: //gesture
06-05 18:16:46.098 I/System.out( 3752): params: {json={"query_timeout":5.0,"gestures":[{"query_string":"* marked:'Statistics'","touches":[{"x":50,"y":50,"offset_x":0,"offset_y":0,"wait":0.0,"time":0.2,"release":true,"query_string":null}]}]}
06-05 18:16:46.098 I/System.out( 3752): }
06-05 18:16:46.106 W/ResourceType( 3752): No package identifier when getting name for resource number 0x00000001
06-05 18:16:46.109 I/WindowManager( 1630): Destroying surface Surface(name=Starting com.evancharlton.mileage) called by com.android.server.wm.WindowStateAnimator.destroySurface:2016 com.android.server.wm.WindowStateAnimator.destroySurfaceLocked:882 com.android.server.wm.WindowState.destroyOrSaveSurface:2100 com.android.server.wm.AppWindowToken.destroySurfaces:363 com.android.server.wm.WindowStateAnimator.finishExit:565 com.android.server.wm.WindowStateAnimator.stepAnimationLocked:491 com.android.server.wm.WindowAnimator.updateWindowsLocked:303 com.android.server.wm.WindowAnimator.animateLocked:704 
06-05 18:16:46.110 V/PhoneStatusBar( 1712): setLightsOn(true)
06-05 18:16:46.143 V/PhoneStatusBar( 1712): setLightsOn(true)
06-05 18:16:46.209 V/PhoneStatusBar( 1712): setLightsOn(true)
06-05 18:16:46.344 I/calabash( 3752): newActivity1
06-05 18:16:46.354 I/System.out( 3752): URI: //map
06-05 18:16:46.354 I/System.out( 3752): params: {json={"query":"* {text CONTAINS[c] 'Average fuel economy'}","operation":{"method_name":"query","arguments":[]}}
06-05 18:16:46.354 I/System.out( 3752): }
06-05 18:16:46.355 W/ActivityManager( 1630): Bad activity token: android.os.BinderProxy@16d7e1f
06-05 18:16:46.355 W/ActivityManager( 1630): java.lang.ClassCastException: android.os.BinderProxy cannot be cast to com.android.server.am.ActivityRecord$Token
06-05 18:16:46.355 W/ActivityManager( 1630): 	at com.android.server.am.ActivityRecord.forTokenLocked(ActivityRecord.java:586)
06-05 18:16:46.355 W/ActivityManager( 1630): 	at com.android.server.am.ActivityRecord.isInStackLocked(ActivityRecord.java:1327)
06-05 18:16:46.355 W/ActivityManager( 1630): 	at com.android.server.am.ActivityRecord.getStackLocked(ActivityRecord.java:1332)
06-05 18:16:46.355 W/ActivityManager( 1630): 	at com.android.server.am.ActivityManagerService.getActivityDisplayId(ActivityManagerService.java:9806)
06-05 18:16:46.355 W/ActivityManager( 1630): 	at android.app.ActivityManagerNative.onTransact(ActivityManagerNative.java:2566)
06-05 18:16:46.355 W/ActivityManager( 1630): 	at com.android.server.am.ActivityManagerService.onTransact(ActivityManagerService.java:2757)
06-05 18:16:46.355 W/ActivityManager( 1630): 	at android.os.Binder.execTransact(Binder.java:565)
06-05 18:16:46.356 W/ActivityManager( 1630): Bad activity token: android.os.BinderProxy@16d7e1f
06-05 18:16:46.356 W/ActivityManager( 1630): java.lang.ClassCastException: android.os.BinderProxy cannot be cast to com.android.server.am.ActivityRecord$Token
06-05 18:16:46.356 W/ActivityManager( 1630): 	at com.android.server.am.ActivityRecord.forTokenLocked(ActivityRecord.java:586)
06-05 18:16:46.356 W/ActivityManager( 1630): 	at com.android.server.am.ActivityRecord.isInStackLocked(ActivityRecord.java:1327)
06-05 18:16:46.356 W/ActivityManager( 1630): 	at com.android.server.am.ActivityManagerService.setTaskDescription(ActivityManagerService.java:9358)
06-05 18:16:46.356 W/ActivityManager( 1630): 	at android.app.ActivityManagerNative.onTransact(ActivityManagerNative.java:2639)
06-05 18:16:46.356 W/ActivityManager( 1630): 	at com.android.server.am.ActivityManagerService.onTransact(ActivityManagerService.java:2757)
06-05 18:16:46.356 W/ActivityManager( 1630): 	at android.os.Binder.execTransact(Binder.java:565)
06-05 18:16:46.357 W/ActivityManager( 1630): Bad activity token: android.os.BinderProxy@16d7e1f
06-05 18:16:46.357 W/ActivityManager( 1630): java.lang.ClassCastException: android.os.BinderProxy cannot be cast to com.android.server.am.ActivityRecord$Token
06-05 18:16:46.357 W/ActivityManager( 1630): 	at com.android.server.am.ActivityRecord.forTokenLocked(ActivityRecord.java:586)
06-05 18:16:46.357 W/ActivityManager( 1630): 	at com.android.server.am.ActivityRecord.isInStackLocked(ActivityRecord.java:1327)
06-05 18:16:46.357 W/ActivityManager( 1630): 	at com.android.server.am.ActivityRecord.getStackLocked(ActivityRecord.java:1332)
06-05 18:16:46.357 W/ActivityManager( 1630): 	at com.android.server.am.ActivityManagerService.getActivityStackId(ActivityManagerService.java:9817)
06-05 18:16:46.357 W/ActivityManager( 1630): 	at android.app.ActivityManagerNative.onTransact(ActivityManagerNative.java:2856)
06-05 18:16:46.357 W/ActivityManager( 1630): 	at com.android.server.am.ActivityManagerService.onTransact(ActivityManagerService.java:2757)
06-05 18:16:46.357 W/ActivityManager( 1630): 	at android.os.Binder.execTransact(Binder.java:565)
06-05 18:16:46.362 D/VehicleStatisticsActivity( 3752): Checking recalculation ...
06-05 18:16:46.362 D/VehicleStatisticsActivity( 3752): Recalculation not necessary.
06-05 18:16:46.376 W/ActivityManager( 1630): Bad activity token: android.os.BinderProxy@16d7e1f
06-05 18:16:46.376 W/ActivityManager( 1630): java.lang.ClassCastException: android.os.BinderProxy cannot be cast to com.android.server.am.ActivityRecord$Token
06-05 18:16:46.376 W/ActivityManager( 1630): 	at com.android.server.am.ActivityRecord.forTokenLocked(ActivityRecord.java:586)
06-05 18:16:46.376 W/ActivityManager( 1630): 	at com.android.server.am.ActivityRecord.isInStackLocked(ActivityRecord.java:1327)
06-05 18:16:46.376 W/ActivityManager( 1630): 	at com.android.server.am.ActivityManagerService.getActivityOptions(ActivityManagerService.java:12559)
06-05 18:16:46.376 W/ActivityManager( 1630): 	at android.app.ActivityManagerNative.onTransact(ActivityManagerNative.java:1933)
06-05 18:16:46.376 W/ActivityManager( 1630): 	at com.android.server.am.ActivityManagerService.onTransact(ActivityManagerService.java:2757)
06-05 18:16:46.376 W/ActivityManager( 1630): 	at android.os.Binder.execTransact(Binder.java:565)
06-05 18:16:46.376 W/ActivityManager( 1630): Bad activity token: android.os.BinderProxy@16d7e1f
06-05 18:16:46.376 W/ActivityManager( 1630): java.lang.ClassCastException: android.os.BinderProxy cannot be cast to com.android.server.am.ActivityRecord$Token
06-05 18:16:46.376 W/ActivityManager( 1630): 	at com.android.server.am.ActivityRecord.forTokenLocked(ActivityRecord.java:586)
06-05 18:16:46.376 W/ActivityManager( 1630): 	at com.android.server.am.ActivityRecord.isInStackLocked(ActivityRecord.java:1327)
06-05 18:16:46.376 W/ActivityManager( 1630): 	at com.android.server.am.ActivityManagerService.getActivityOptions(ActivityManagerService.java:12559)
06-05 18:16:46.376 W/ActivityManager( 1630): 	at android.app.ActivityManagerNative.onTransact(ActivityManagerNative.java:1933)
06-05 18:16:46.376 W/ActivityManager( 1630): 	at com.android.server.am.ActivityManagerService.onTransact(ActivityManagerService.java:2757)
06-05 18:16:46.376 W/ActivityManager( 1630): 	at android.os.Binder.execTransact(Binder.java:565)
06-05 18:16:46.378 D/VehicleStatisticsActivity( 3752): Checking recalculation ...
06-05 18:16:46.378 D/VehicleStatisticsActivity( 3752): Recalculation not necessary.
06-05 18:16:46.450 I/art     ( 3752): Do partial code cache collection, code=30KB, data=30KB
06-05 18:16:46.450 I/art     ( 3752): After code cache collection, code=29KB, data=29KB
06-05 18:16:46.450 I/art     ( 3752): Increasing code cache capacity to 128KB
06-05 18:16:46.461 I/System.out( 3752): URI: //map
06-05 18:16:46.461 I/System.out( 3752): params: {json={"query":"* {text CONTAINS[c] 'Worst fuel economy'}","operation":{"method_name":"query","arguments":[]}}
06-05 18:16:46.461 I/System.out( 3752): }
06-05 18:16:46.476 I/System.out( 3752): URI: //map
06-05 18:16:46.477 I/System.out( 3752): params: {json={"query":"* {text CONTAINS[c] 'Best fuel economy'}","operation":{"method_name":"query","arguments":[]}}
06-05 18:16:46.477 I/System.out( 3752): }
