--------- beginning of system
06-05 18:32:29.706 W/ActivityManager( 1629): Duplicate finish request for ActivityRecord{82bc202 u0 com.evancharlton.mileage/.Mileage t3043 f}
06-05 18:32:29.706 W/ActivityManager( 1629): Duplicate finish request for ActivityRecord{82bc202 u0 com.evancharlton.mileage/.Mileage t3043 f}
06-05 18:32:29.707 W/ActivityManager( 1629): Duplicate finish request for ActivityRecord{82bc202 u0 com.evancharlton.mileage/.Mileage t3043 f}
06-05 18:32:29.707 W/ActivityManager( 1629): Duplicate finish request for ActivityRecord{a5c302d u0 com.evancharlton.mileage/.ImportExportActivity t3043 f}
--------- beginning of main
06-05 18:32:29.708 V/PhoneStatusBar( 1711): setLightsOn(true)
06-05 18:32:29.709 V/PhoneStatusBar( 1711): setLightsOn(true)
06-05 18:32:29.710 W/ActivityManager( 1629): Finishing task with all activities already finished
06-05 18:32:29.710 W/ActivityManager( 1629): Duplicate finish request for ActivityRecord{dccc56b u0 com.evancharlton.mileage/.ExportActivity t3043 f}
06-05 18:32:29.758 D/gralloc_ranchu( 1346): gralloc_alloc: Creating ashmem region of size 3145728
06-05 18:32:29.764 E/EGL_emulation( 1346): tid 1346: eglCreateSyncKHR(1901): error 0x3004 (EGL_BAD_ATTRIBUTE)
06-05 18:32:29.790 I/WindowManager( 1629): Destroying surface Surface(name=com.evancharlton.mileage/com.evancharlton.mileage.ExportActivity) called by com.android.server.wm.WindowStateAnimator.destroySurface:2016 com.android.server.wm.WindowStateAnimator.destroySurfaceLocked:882 com.android.server.wm.WindowState.removeLocked:1456 com.android.server.wm.WindowManagerService.removeWindowInnerLocked:2484 com.android.server.wm.AppWindowToken.destroySurfaces:365 com.android.server.wm.WindowStateAnimator.finishExit:565 com.android.server.wm.WindowStateAnimator.stepAnimationLocked:491 com.android.server.wm.WindowAnimator.updateWindowsLocked:303 
06-05 18:32:29.847 D/AndroidRuntime( 3109): >>>>>> START com.android.internal.os.RuntimeInit uid 2000 <<<<<<
06-05 18:32:29.848 D/AndroidRuntime( 3109): CheckJNI is ON
06-05 18:32:29.860 D/EGL_emulation( 2150): eglMakeCurrent: 0xb4f852a0: ver 2 0 (tinfo 0xb4f832e0)
06-05 18:32:29.866 W/art     ( 3109): Unexpected CPU variant for X86 using defaults: x86
06-05 18:32:29.868 D/ICU     ( 3109): No timezone override file found: /data/misc/zoneinfo/current/icu/icu_tzdata.dat
06-05 18:32:29.880 E/memtrack( 3109): Couldn't load memtrack module (No such file or directory)
06-05 18:32:29.880 E/android.os.Debug( 3109): failed to load memtrack module: -2
06-05 18:32:29.881 I/Radio-JNI( 3109): register_android_hardware_Radio DONE
06-05 18:32:29.888 D/AndroidRuntime( 3109): Calling main entry com.android.commands.am.Am
06-05 18:32:29.890 I/ActivityManager( 1629): Force stopping com.evancharlton.mileage appid=10160 user=0: start instr
06-05 18:32:29.890 I/ActivityManager( 1629): Killing 3053:com.evancharlton.mileage/u0a160 (adj 0): stop com.evancharlton.mileage
06-05 18:32:29.890 D/ActivityManager( 1629): cleanUpApplicationRecord -- 3053
06-05 18:32:29.905 E/JavaBinder( 1629): !!! FAILED BINDER TRANSACTION !!!  (parcel size = 56)
06-05 18:32:29.923 W/ActivityManager( 1629): Crash of app com.evancharlton.mileage running instrumentation ComponentInfo{com.evancharlton.mileage.test/sh.calaba.instrumentationbackend.CalabashInstrumentationTestRunner}
06-05 18:32:29.923 I/ActivityManager( 1629): Force stopping com.evancharlton.mileage appid=10160 user=0: finished inst
06-05 18:32:29.927 I/art     ( 3119): Not late-enabling -Xcheck:jni (already on)
06-05 18:32:29.927 W/art     ( 3119): Unexpected CPU variant for X86 using defaults: x86
06-05 18:32:29.934 I/ActivityManager( 1629): Start proc 3119:com.evancharlton.mileage/u0a160 for added application com.evancharlton.mileage
06-05 18:32:29.934 D/AndroidRuntime( 3109): Shutting down VM
06-05 18:32:29.940 W/System  ( 3119): ClassLoader referenced unknown path: /data/app/com.evancharlton.mileage.test-1/lib/x86
06-05 18:32:29.941 W/System  ( 3119): ClassLoader referenced unknown path: /data/app/com.evancharlton.mileage-1/lib/x86
06-05 18:32:29.941 W/InputDispatcher( 1629): channel '1704d47 com.evancharlton.mileage/com.evancharlton.mileage.ExportActivity (server)' ~ Consumer closed input channel or an error occurred.  events=0x9
06-05 18:32:29.941 E/InputDispatcher( 1629): channel '1704d47 com.evancharlton.mileage/com.evancharlton.mileage.ExportActivity (server)' ~ Channel is unrecoverably broken and will be disposed!
06-05 18:32:29.944 W/System  ( 3119): ClassLoader referenced unknown path: 
06-05 18:32:29.951 I/System.out( 3119): Main activity name automatically set to: com.evancharlton.mileage.Mileage
06-05 18:32:29.952 I/System.out( 3119): Calabash did not load Mono. This is only a problem if you are trying to test a Mono application
06-05 18:32:29.952 I/calabash( 3119): Test server port: 7102
06-05 18:32:29.952 I/InstrumentationBackend( 3119): Added:'GetPreferences', with key:'get_preferences'
06-05 18:32:29.953 I/WindowManager( 1629): WIN DEATH: Window{1704d47 u0 com.evancharlton.mileage/com.evancharlton.mileage.ExportActivity}
06-05 18:32:29.953 W/InputDispatcher( 1629): Attempted to unregister already unregistered input channel '1704d47 com.evancharlton.mileage/com.evancharlton.mileage.ExportActivity (server)'
06-05 18:32:29.954 I/WindowManager( 1629): Destroying surface Surface(name=com.evancharlton.mileage/com.evancharlton.mileage.ExportActivity) called by com.android.server.wm.WindowStateAnimator.destroySurface:2016 com.android.server.wm.WindowStateAnimator.destroySurfaceLocked:882 com.android.server.wm.WindowState.removeLocked:1456 com.android.server.wm.WindowManagerService.removeWindowInnerLocked:2484 com.android.server.wm.WindowManagerService.removeWindowLocked:2442 com.android.server.wm.WindowState$DeathRecipient.binderDied:1787 android.os.BinderProxy.sendDeathNotice:688 <bottom of call stack> 
06-05 18:32:29.957 I/InstrumentationBackend( 3119): Added:'SetPreferences', with key:'set_preferences'
06-05 18:32:29.957 I/InstrumentationBackend( 3119): Added:'ClearPreferences', with key:'clear_preferences'
06-05 18:32:29.957 I/InstrumentationBackend( 3119): Added:'PressElement', with key:'press_l10n_element'
06-05 18:32:29.957 I/InstrumentationBackend( 3119): Added:'WaitForElement', with key:'wait_for_l10n_element'
06-05 18:32:29.957 I/InstrumentationBackend( 3119): Added:'NullAction', with key:'nullAction'
06-05 18:32:29.957 I/InstrumentationBackend( 3119): Added:'PressKey', with key:'press_key'
06-05 18:32:29.957 I/InstrumentationBackend( 3119): Added:'SetActivityOrientation', with key:'set_activity_orientation'
06-05 18:32:29.957 I/InstrumentationBackend( 3119): Added:'GetActivityOrientation', with key:'get_activity_orientation'
06-05 18:32:29.958 I/InstrumentationBackend( 3119): Added:'FakeGPSLocation', with key:'set_gps_coordinates'
06-05 18:32:29.958 I/InstrumentationBackend( 3119): Added:'SetPropertyByCssSelector', with key:'set_property_by_css_selector'
06-05 18:32:29.958 I/InstrumentationBackend( 3119): Added:'GetUrl', with key:'get_url'
06-05 18:32:29.958 I/InstrumentationBackend( 3119): Added:'ScrollTo', with key:'scroll_to'
06-05 18:32:29.958 I/InstrumentationBackend( 3119): Added:'GetLoadProgress', with key:'get_load_progress'
06-05 18:32:29.958 I/InstrumentationBackend( 3119): Added:'DumpHtml', with key:'dump_html'
06-05 18:32:29.958 I/InstrumentationBackend( 3119): Added:'DumpBodyHtml', with key:'dump_body_html'
06-05 18:32:29.958 I/InstrumentationBackend( 3119): Added:'EnterTextByCssSelector', with key:'enter_text_by_selector'
06-05 18:32:29.958 I/InstrumentationBackend( 3119): Added:'AndroidSDKVersion', with key:'android_sdk_version'
06-05 18:32:29.958 I/InstrumentationBackend( 3119): Added:'Version', with key:'version'
06-05 18:32:29.958 I/InstrumentationBackend( 3119): Added:'Drag', with key:'drag'
06-05 18:32:29.958 I/InstrumentationBackend( 3119): Added:'TouchCoordinates', with key:'touch_coordinate'
06-05 18:32:29.959 I/InstrumentationBackend( 3119): Added:'LongPressCoordinate', with key:'long_press_coordinate'
06-05 18:32:29.959 I/InstrumentationBackend( 3119): Added:'DragCoordinates', with key:'drag_coordinates'
06-05 18:32:29.959 I/InstrumentationBackend( 3119): Added:'ResumeApplication', with key:'resume_application'
06-05 18:32:29.959 I/InstrumentationBackend( 3119): Added:'Swipe', with key:'swipe'
06-05 18:32:29.959 I/InstrumentationBackend( 3119): Added:'DoubleTapCoordinate', with key:'double_tap_coordinate'
06-05 18:32:29.959 I/InstrumentationBackend( 3119): Added:'ClickOnScreen', with key:'click_on_screen'
06-05 18:32:29.959 I/InstrumentationBackend( 3119): Added:'GetActivityName', with key:'get_activity_name'
06-05 18:32:29.959 I/InstrumentationBackend( 3119): Added:'ScrollToView', with key:'scroll_to_view'
06-05 18:32:29.959 I/InstrumentationBackend( 3119): Added:'ViewConfiguration', with key:'view_configuration'
06-05 18:32:29.959 I/InstrumentationBackend( 3119): Added:'IsCurrentActivityFocused', with key:'is_current_activity_focused'
06-05 18:32:29.959 I/InstrumentationBackend( 3119): Added:'SendTcp', with key:'send_tcp'
06-05 18:32:29.959 I/InstrumentationBackend( 3119): Added:'DpToDevicePixel', with key:'dp_to_device_pixel'
06-05 18:32:29.959 I/InstrumentationBackend( 3119): Added:'KeyboardEnterText', with key:'keyboard_enter_text'
06-05 18:32:29.959 I/InstrumentationBackend( 3119): Added:'DeleteSurroundingText', with key:'delete_surrounding_text'
06-05 18:32:29.959 I/InstrumentationBackend( 3119): Added:'SetComposingRegion', with key:'set_composing_region'
06-05 18:32:29.959 I/InstrumentationBackend( 3119): Added:'SetSelection', with key:'set_selection'
06-05 18:32:29.959 I/InstrumentationBackend( 3119): Added:'KeyboardKeyEvent', with key:'keyboard_key_event'
06-05 18:32:29.959 I/InstrumentationBackend( 3119): Added:'PressUserActionButton', with key:'press_user_action_button'
06-05 18:32:29.959 I/InstrumentationBackend( 3119): Added:'HideSoftKeyboard', with key:'hide_soft_keyboard'
06-05 18:32:29.959 I/InstrumentationBackend( 3119): Added:'ListActions', with key:'list_actions'
06-05 18:32:29.959 I/calabash( 3119): Instantiating http server at 7102
06-05 18:32:29.960 I/System.out( 3119): HTTP Daemon listening on: 7102
06-05 18:32:29.970 D/EGL_emulation( 1711): eglMakeCurrent: 0xa5b6bd80: ver 2 0 (tinfo 0xb1367140)
06-05 18:32:29.972 D/EGL_emulation( 1711): eglMakeCurrent: 0xa5b6bd80: ver 2 0 (tinfo 0xb1367140)
06-05 18:32:29.988 D/EGL_emulation( 1711): eglMakeCurrent: 0xa5b6bd80: ver 2 0 (tinfo 0xb1367140)
06-05 18:32:29.989 D/EGL_emulation( 1711): eglMakeCurrent: 0xa5b6bd80: ver 2 0 (tinfo 0xb1367140)
06-05 18:32:30.004 D/EGL_emulation( 1711): eglMakeCurrent: 0xa5b6bd80: ver 2 0 (tinfo 0xb1367140)
06-05 18:32:30.006 D/EGL_emulation( 1711): eglMakeCurrent: 0xa5b6bd80: ver 2 0 (tinfo 0xb1367140)
06-05 18:32:30.021 D/EGL_emulation( 1711): eglMakeCurrent: 0xa5b6bd80: ver 2 0 (tinfo 0xb1367140)
06-05 18:32:30.038 D/EGL_emulation( 1711): eglMakeCurrent: 0xa5b6bd80: ver 2 0 (tinfo 0xb1367140)
06-05 18:32:30.039 D/EGL_emulation( 1711): eglMakeCurrent: 0xa5b6bd80: ver 2 0 (tinfo 0xb1367140)
06-05 18:32:30.046 I/System.out( 3119): URI: //ping
06-05 18:32:30.046 I/System.out( 3119): params: {json={}
06-05 18:32:30.046 I/System.out( 3119): }
06-05 18:32:30.049 I/System.out( 3119): URI: //ping
06-05 18:32:30.049 I/System.out( 3119): params: {json={}
06-05 18:32:30.049 I/System.out( 3119): }
06-05 18:32:30.050 I/System.out( 3119): URI: //ready
06-05 18:32:30.050 I/System.out( 3119): params: {json={}
06-05 18:32:30.050 I/System.out( 3119): }
06-05 18:32:30.052 I/System.out( 3119): URI: //
06-05 18:32:30.052 I/System.out( 3119): params: {json={"command":"version","arguments":[]}
06-05 18:32:30.052 I/System.out( 3119): }
06-05 18:32:30.052 I/System.out( 3119): header: {content-type=application/json;charset=utf-8, date=Fri, 05 Jun 2020 23:32:30 GMT, accept=*/*, host=127.0.0.1:34783, content-length=36, user-agent=HTTPClient/1.0 (2.8.3, ruby 2.5.1 (2018-03-29))}
06-05 18:32:30.052 I/System.out( 3119): params: {json={"command":"version","arguments":[]}
06-05 18:32:30.052 I/System.out( 3119): }
06-05 18:32:30.052 I/System.out( 3119): ProP json = {"command":"version","arguments":[]}
06-05 18:32:30.052 I/System.out( 3119): files: {}
06-05 18:32:30.052 I/System.out( 3119): command: {"command":"version","arguments":[]}
06-05 18:32:30.054 D/EGL_emulation( 1711): eglMakeCurrent: 0xa5b6bd80: ver 2 0 (tinfo 0xb1367140)
06-05 18:32:30.055 I/InstrumentationBackend( 3119): Got command:'Command:'Line:null,version', arguments:'[]'
06-05 18:32:30.056 D/EGL_emulation( 1711): eglMakeCurrent: 0xa5b6bd80: ver 2 0 (tinfo 0xb1367140)
06-05 18:32:30.065 I/System.out( 3119): result:{"bonusInformation":[],"message":"0.9.8","success":true}
06-05 18:32:30.067 I/System.out( 3119): URI: //start-application
06-05 18:32:30.067 I/System.out( 3119): params: {json={"intent":null}
06-05 18:32:30.067 I/System.out( 3119): }
06-05 18:32:30.071 D/EGL_emulation( 1711): eglMakeCurrent: 0xa5b6bd80: ver 2 0 (tinfo 0xb1367140)
06-05 18:32:30.073 D/EGL_emulation( 1711): eglMakeCurrent: 0xa5b6bd80: ver 2 0 (tinfo 0xb1367140)
06-05 18:32:30.088 D/EGL_emulation( 1711): eglMakeCurrent: 0xa5b6bd80: ver 2 0 (tinfo 0xb1367140)
06-05 18:32:30.088 I/ActivityManager( 1629): START u0 {act=android.intent.action.MAIN cat=[android.intent.category.LAUNCHER] flg=0x10200000 cmp=com.evancharlton.mileage/.Mileage} from uid 10160 on display 0
06-05 18:32:30.089 D/EGL_emulation( 1711): eglMakeCurrent: 0xa5b6bd80: ver 2 0 (tinfo 0xb1367140)
06-05 18:32:30.104 D/EGL_emulation( 1711): eglMakeCurrent: 0xa5b6bd80: ver 2 0 (tinfo 0xb1367140)
06-05 18:32:30.106 D/EGL_emulation( 1711): eglMakeCurrent: 0xa5b6bd80: ver 2 0 (tinfo 0xb1367140)
06-05 18:32:30.121 D/EGL_emulation( 1711): eglMakeCurrent: 0xa5b6bd80: ver 2 0 (tinfo 0xb1367140)
06-05 18:32:30.122 D/EGL_emulation( 1711): eglMakeCurrent: 0xa5b6bd80: ver 2 0 (tinfo 0xb1367140)
06-05 18:32:30.172 I/calabash( 3119): newActivity1
06-05 18:32:30.177 D/EGL_emulation( 2150): eglMakeCurrent: 0xb4f852a0: ver 2 0 (tinfo 0xb4f832e0)
06-05 18:32:30.195 D/gralloc_ranchu( 1346): gralloc_alloc: Creating ashmem region of size 9023488
06-05 18:32:30.209 I/calabash( 3119): newActivity1
06-05 18:32:30.214 W/ActivityManager( 1629): Bad activity token: android.os.BinderProxy@c5db76c
06-05 18:32:30.214 W/ActivityManager( 1629): java.lang.ClassCastException: android.os.BinderProxy cannot be cast to com.android.server.am.ActivityRecord$Token
06-05 18:32:30.214 W/ActivityManager( 1629): 	at com.android.server.am.ActivityRecord.forTokenLocked(ActivityRecord.java:586)
06-05 18:32:30.214 W/ActivityManager( 1629): 	at com.android.server.am.ActivityRecord.isInStackLocked(ActivityRecord.java:1327)
06-05 18:32:30.214 W/ActivityManager( 1629): 	at com.android.server.am.ActivityRecord.getStackLocked(ActivityRecord.java:1332)
06-05 18:32:30.214 W/ActivityManager( 1629): 	at com.android.server.am.ActivityManagerService.getActivityDisplayId(ActivityManagerService.java:9806)
06-05 18:32:30.214 W/ActivityManager( 1629): 	at android.app.ActivityManagerNative.onTransact(ActivityManagerNative.java:2566)
06-05 18:32:30.214 W/ActivityManager( 1629): 	at com.android.server.am.ActivityManagerService.onTransact(ActivityManagerService.java:2757)
06-05 18:32:30.214 W/ActivityManager( 1629): 	at android.os.Binder.execTransact(Binder.java:565)
06-05 18:32:30.217 W/ActivityManager( 1629): Bad activity token: android.os.BinderProxy@c5db76c
06-05 18:32:30.217 W/ActivityManager( 1629): java.lang.ClassCastException: android.os.BinderProxy cannot be cast to com.android.server.am.ActivityRecord$Token
06-05 18:32:30.217 W/ActivityManager( 1629): 	at com.android.server.am.ActivityRecord.forTokenLocked(ActivityRecord.java:586)
06-05 18:32:30.217 W/ActivityManager( 1629): 	at com.android.server.am.ActivityRecord.isInStackLocked(ActivityRecord.java:1327)
06-05 18:32:30.217 W/ActivityManager( 1629): 	at com.android.server.am.ActivityManagerService.setTaskDescription(ActivityManagerService.java:9358)
06-05 18:32:30.217 W/ActivityManager( 1629): 	at android.app.ActivityManagerNative.onTransact(ActivityManagerNative.java:2639)
06-05 18:32:30.217 W/ActivityManager( 1629): 	at com.android.server.am.ActivityManagerService.onTransact(ActivityManagerService.java:2757)
06-05 18:32:30.217 W/ActivityManager( 1629): 	at android.os.Binder.execTransact(Binder.java:565)
06-05 18:32:30.219 W/ActivityManager( 1629): Bad activity token: android.os.BinderProxy@c5db76c
06-05 18:32:30.219 W/ActivityManager( 1629): java.lang.ClassCastException: android.os.BinderProxy cannot be cast to com.android.server.am.ActivityRecord$Token
06-05 18:32:30.219 W/ActivityManager( 1629): 	at com.android.server.am.ActivityRecord.forTokenLocked(ActivityRecord.java:586)
06-05 18:32:30.219 W/ActivityManager( 1629): 	at com.android.server.am.ActivityRecord.isInStackLocked(ActivityRecord.java:1327)
06-05 18:32:30.219 W/ActivityManager( 1629): 	at com.android.server.am.ActivityRecord.getStackLocked(ActivityRecord.java:1332)
06-05 18:32:30.219 W/ActivityManager( 1629): 	at com.android.server.am.ActivityManagerService.getActivityStackId(ActivityManagerService.java:9817)
06-05 18:32:30.219 W/ActivityManager( 1629): 	at android.app.ActivityManagerNative.onTransact(ActivityManagerNative.java:2856)
06-05 18:32:30.219 W/ActivityManager( 1629): 	at com.android.server.am.ActivityManagerService.onTransact(ActivityManagerService.java:2757)
06-05 18:32:30.219 W/ActivityManager( 1629): 	at android.os.Binder.execTransact(Binder.java:565)
06-05 18:32:30.272 D/EGL_emulation( 1711): eglMakeCurrent: 0xa5b6bd80: ver 2 0 (tinfo 0xb1367140)
06-05 18:32:30.280 D/EGL_emulation( 1711): eglMakeCurrent: 0xa5b6bd80: ver 2 0 (tinfo 0xb1367140)
06-05 18:32:30.289 D/EGL_emulation( 1711): eglMakeCurrent: 0xa5b6bd80: ver 2 0 (tinfo 0xb1367140)
06-05 18:32:30.294 D/EGL_emulation( 1711): eglMakeCurrent: 0xa5b6bd80: ver 2 0 (tinfo 0xb1367140)
06-05 18:32:30.301 V/PhoneStatusBar( 1711): setLightsOn(true)
06-05 18:32:30.301 W/ActivityManager( 1629): Bad activity token: android.os.BinderProxy@c5db76c
06-05 18:32:30.301 W/ActivityManager( 1629): java.lang.ClassCastException: android.os.BinderProxy cannot be cast to com.android.server.am.ActivityRecord$Token
06-05 18:32:30.301 W/ActivityManager( 1629): 	at com.android.server.am.ActivityRecord.forTokenLocked(ActivityRecord.java:586)
06-05 18:32:30.301 W/ActivityManager( 1629): 	at com.android.server.am.ActivityRecord.isInStackLocked(ActivityRecord.java:1327)
06-05 18:32:30.301 W/ActivityManager( 1629): 	at com.android.server.am.ActivityManagerService.getActivityOptions(ActivityManagerService.java:12559)
06-05 18:32:30.301 W/ActivityManager( 1629): 	at android.app.ActivityManagerNative.onTransact(ActivityManagerNative.java:1933)
06-05 18:32:30.301 W/ActivityManager( 1629): 	at com.android.server.am.ActivityManagerService.onTransact(ActivityManagerService.java:2757)
06-05 18:32:30.301 W/ActivityManager( 1629): 	at android.os.Binder.execTransact(Binder.java:565)
06-05 18:32:30.302 W/ActivityManager( 1629): Bad activity token: android.os.BinderProxy@c5db76c
06-05 18:32:30.302 W/ActivityManager( 1629): java.lang.ClassCastException: android.os.BinderProxy cannot be cast to com.android.server.am.ActivityRecord$Token
06-05 18:32:30.302 W/ActivityManager( 1629): 	at com.android.server.am.ActivityRecord.forTokenLocked(ActivityRecord.java:586)
06-05 18:32:30.302 W/ActivityManager( 1629): 	at com.android.server.am.ActivityRecord.isInStackLocked(ActivityRecord.java:1327)
06-05 18:32:30.302 W/ActivityManager( 1629): 	at com.android.server.am.ActivityManagerService.getActivityOptions(ActivityManagerService.java:12559)
06-05 18:32:30.302 W/ActivityManager( 1629): 	at android.app.ActivityManagerNative.onTransact(ActivityManagerNative.java:1933)
06-05 18:32:30.302 W/ActivityManager( 1629): 	at com.android.server.am.ActivityManagerService.onTransact(ActivityManagerService.java:2757)
06-05 18:32:30.302 W/ActivityManager( 1629): 	at android.os.Binder.execTransact(Binder.java:565)
06-05 18:32:30.306 D/EGL_emulation( 1711): eglMakeCurrent: 0xa5b6bd80: ver 2 0 (tinfo 0xb1367140)
06-05 18:32:30.312 D/EGL_emulation( 1711): eglMakeCurrent: 0xa5b6bd80: ver 2 0 (tinfo 0xb1367140)
06-05 18:32:30.321 D/EGL_emulation( 1711): eglMakeCurrent: 0xa5b6bd80: ver 2 0 (tinfo 0xb1367140)
06-05 18:32:30.324 D/EGL_emulation( 1711): eglMakeCurrent: 0xa5b6bd80: ver 2 0 (tinfo 0xb1367140)
06-05 18:32:30.338 D/EGL_emulation( 1711): eglMakeCurrent: 0xa5b6bd80: ver 2 0 (tinfo 0xb1367140)
06-05 18:32:30.341 D/EGL_emulation( 1711): eglMakeCurrent: 0xa5b6bd80: ver 2 0 (tinfo 0xb1367140)
06-05 18:32:30.354 D/EGL_emulation( 1711): eglMakeCurrent: 0xa5b6bd80: ver 2 0 (tinfo 0xb1367140)
06-05 18:32:30.357 D/EGL_emulation( 1711): eglMakeCurrent: 0xa5b6bd80: ver 2 0 (tinfo 0xb1367140)
06-05 18:32:30.358 D/gralloc_ranchu( 1346): gralloc_alloc: Creating ashmem region of size 9023488
06-05 18:32:30.365 D/        ( 3119): HostConnection::get() New Host Connection established 0xa78384c0, tid 3119
06-05 18:32:30.420 D/EGL_emulation( 1711): eglMakeCurrent: 0xa5b6bd80: ver 2 0 (tinfo 0xb1367140)
06-05 18:32:30.424 D/EGL_emulation( 1711): eglMakeCurrent: 0xa5b6bd80: ver 2 0 (tinfo 0xb1367140)
06-05 18:32:30.424 V/PhoneStatusBar( 1711): setLightsOn(true)
06-05 18:32:30.426 D/EGL_emulation( 1711): eglMakeCurrent: 0xa5b6bd80: ver 2 0 (tinfo 0xb1367140)
06-05 18:32:30.429 D/EGL_emulation( 1711): eglMakeCurrent: 0xa5b6bd80: ver 2 0 (tinfo 0xb1367140)
06-05 18:32:30.445 D/EGL_emulation( 1711): eglMakeCurrent: 0xa5b6bd80: ver 2 0 (tinfo 0xb1367140)
06-05 18:32:30.448 D/EGL_emulation( 1711): eglMakeCurrent: 0xa5b6bd80: ver 2 0 (tinfo 0xb1367140)
06-05 18:32:30.455 D/EGL_emulation( 1711): eglMakeCurrent: 0xa5b6bd80: ver 2 0 (tinfo 0xb1367140)
06-05 18:32:30.457 D/EGL_emulation( 1711): eglMakeCurrent: 0xa5b6bd80: ver 2 0 (tinfo 0xb1367140)
06-05 18:32:30.471 D/EGL_emulation( 1711): eglMakeCurrent: 0xa5b6bd80: ver 2 0 (tinfo 0xb1367140)
06-05 18:32:30.474 D/EGL_emulation( 1711): eglMakeCurrent: 0xa5b6bd80: ver 2 0 (tinfo 0xb1367140)
06-05 18:32:30.474 V/PhoneStatusBar( 1711): setLightsOn(true)
06-05 18:32:30.488 D/EGL_emulation( 1711): eglMakeCurrent: 0xa5b6bd80: ver 2 0 (tinfo 0xb1367140)
06-05 18:32:30.488 I/ActivityManager( 1629): Displayed com.evancharlton.mileage/.Mileage: +325ms
06-05 18:32:30.489 V/PhoneStatusBar( 1711): setLightsOn(true)
06-05 18:32:30.489 D/gralloc_ranchu( 1346): gralloc_alloc: Creating ashmem region of size 9023488
06-05 18:32:30.511 V/PhoneStatusBar( 1711): setLightsOn(true)
06-05 18:32:30.687 I/WindowManager( 1629): Destroying surface Surface(name=Starting com.evancharlton.mileage) called by com.android.server.wm.WindowStateAnimator.destroySurface:2016 com.android.server.wm.WindowStateAnimator.destroySurfaceLocked:882 com.android.server.wm.WindowState.destroyOrSaveSurface:2100 com.android.server.wm.AppWindowToken.destroySurfaces:363 com.android.server.wm.WindowStateAnimator.finishExit:565 com.android.server.wm.WindowStateAnimator.stepAnimationLocked:491 com.android.server.wm.WindowAnimator.updateWindowsLocked:303 com.android.server.wm.WindowAnimator.animateLocked:704 
06-05 18:32:30.688 V/PhoneStatusBar( 1711): setLightsOn(true)
06-05 18:32:30.704 I/WindowManager( 1629): Destroying surface Surface(name=com.android.launcher3/com.android.launcher3.Launcher) called by com.android.server.wm.WindowStateAnimator.destroySurface:2016 com.android.server.wm.WindowStateAnimator.destroySurfaceLocked:882 com.android.server.wm.WindowState.destroyOrSaveSurface:2100 com.android.server.wm.AppWindowToken.destroySurfaces:363 com.android.server.wm.WindowStateAnimator.finishExit:565 com.android.server.wm.AppWindowAnimator.stepAnimationLocked:427 com.android.server.wm.WindowAnimator.updateAppWindowsLocked:176 com.android.server.wm.WindowAnimator.animateLocked:678 
06-05 18:32:30.721 V/PhoneStatusBar( 1711): setLightsOn(true)
06-05 18:32:31.020 V/PhoneStatusBar( 1711): setLightsOn(true)
06-05 18:32:31.021 V/PhoneStatusBar( 1711): setLightsOn(true)
06-05 18:32:31.038 V/PhoneStatusBar( 1711): setLightsOn(true)
06-05 18:32:31.565 I/System.out( 3119): URI: //
06-05 18:32:31.565 I/System.out( 3119): params: {json={"command":"press_key","arguments":["KEYCODE_MENU"]}
06-05 18:32:31.565 I/System.out( 3119): }
06-05 18:32:31.565 I/System.out( 3119): header: {content-type=application/json;charset=utf-8, date=Fri, 05 Jun 2020 23:32:31 GMT, accept=*/*, host=127.0.0.1:34783, content-length=52, user-agent=HTTPClient/1.0 (2.8.3, ruby 2.5.1 (2018-03-29))}
06-05 18:32:31.565 I/System.out( 3119): params: {json={"command":"press_key","arguments":["KEYCODE_MENU"]}
06-05 18:32:31.565 I/System.out( 3119): }
06-05 18:32:31.565 I/System.out( 3119): ProP json = {"command":"press_key","arguments":["KEYCODE_MENU"]}
06-05 18:32:31.565 I/System.out( 3119): files: {}
06-05 18:32:31.565 I/System.out( 3119): command: {"command":"press_key","arguments":["KEYCODE_MENU"]}
06-05 18:32:31.567 I/InstrumentationBackend( 3119): Got command:'Command:'Line:null,press_key', arguments:'[KEYCODE_MENU]'
06-05 18:32:31.600 I/System.out( 3119): result:{"bonusInformation":[],"message":"","success":true}
06-05 18:32:31.603 I/System.out( 3119): URI: //map
06-05 18:32:31.603 I/System.out( 3119): params: {json={"query":"* marked:'Settings'","operation":{"method_name":"query","arguments":[]}}
06-05 18:32:31.603 I/System.out( 3119): }
06-05 18:32:31.662 D/gralloc_ranchu( 1346): gralloc_alloc: Creating ashmem region of size 1720320
06-05 18:32:31.673 W/ResourceType( 3119): No package identifier when getting name for resource number 0x00000001
06-05 18:32:31.688 I/System.out( 3119): URI: //gesture
06-05 18:32:31.688 I/System.out( 3119): params: {json={"query_timeout":5.0,"gestures":[{"query_string":"* marked:'Settings'","touches":[{"x":50,"y":50,"offset_x":0,"offset_y":0,"wait":0.0,"time":0.2,"release":true,"query_string":null}]}]}
06-05 18:32:31.688 I/System.out( 3119): }
06-05 18:32:31.731 W/ResourceType( 3119): No package identifier when getting name for resource number 0x00000001
06-05 18:32:31.758 D/gralloc_ranchu( 1346): gralloc_alloc: Creating ashmem region of size 9023488
06-05 18:32:31.854 D/gralloc_ranchu( 1346): gralloc_alloc: Creating ashmem region of size 1720320
06-05 18:32:31.876 W/InputConnectionWrapper.ICC( 1696): Timed out waiting on IInputContextCallback
06-05 18:32:31.877 W/RichInputConnection( 1696): Slow InputConnection: GET_WORD_RANGE_AT_CURSOR took 2001 ms.
06-05 18:32:31.878 W/InputMethodService( 1696): Window size has been changed. This may cause jankiness of resizing window: -1 -> -2
06-05 18:32:31.888 D/EGL_emulation( 1711): eglMakeCurrent: 0xa5b6bd80: ver 2 0 (tinfo 0xb1367140)
06-05 18:32:31.888 D/EGL_emulation( 1696): eglMakeCurrent: 0xb4f85720: ver 2 0 (tinfo 0xb4f83530)
06-05 18:32:31.954 I/ActivityManager( 1629): START u0 {cmp=com.evancharlton.mileage/.SettingsActivity} from uid 10160 on display 0
06-05 18:32:31.956 V/PhoneStatusBar( 1711): setLightsOn(true)
06-05 18:32:31.961 I/WindowManager( 1629): Destroying surface Surface(name=AtchDlg:com.evancharlton.mileage/com.evancharlton.mileage.FillupActivity) called by com.android.server.wm.WindowStateAnimator.destroySurface:2016 com.android.server.wm.WindowStateAnimator.destroySurfaceLocked:882 com.android.server.wm.WindowState.removeLocked:1456 com.android.server.wm.WindowManagerService.removeWindowInnerLocked:2484 com.android.server.wm.WindowManagerService.removeWindowLocked:2442 com.android.server.wm.WindowManagerService.removeWindowLocked:2311 com.android.server.wm.WindowManagerService.removeWindow:2306 com.android.server.wm.Session.remove:202 
06-05 18:32:31.967 I/calabash( 3119): newActivity1
06-05 18:32:31.967 I/System.out( 3119): URI: //map
06-05 18:32:31.967 I/System.out( 3119): params: {json={"query":"* {text CONTAINS[c] 'Settings'}","operation":{"method_name":"query","arguments":[]}}
06-05 18:32:31.967 I/System.out( 3119): }
06-05 18:32:31.970 V/PhoneStatusBar( 1711): setLightsOn(true)
06-05 18:32:31.980 V/PhoneStatusBar( 1711): setLightsOn(true)
06-05 18:32:31.987 D/EGL_emulation( 1711): eglMakeCurrent: 0xa5b6bd80: ver 2 0 (tinfo 0xb1367140)
06-05 18:32:31.997 D/gralloc_ranchu( 1346): gralloc_alloc: Creating ashmem region of size 9023488
06-05 18:32:32.004 V/PhoneStatusBar( 1711): setLightsOn(true)
06-05 18:32:32.020 I/ActivityManager( 1629): Displayed com.evancharlton.mileage/.SettingsActivity: +62ms
06-05 18:32:32.021 V/PhoneStatusBar( 1711): setLightsOn(true)
06-05 18:32:32.026 D/gralloc_ranchu( 1346): gralloc_alloc: Creating ashmem region of size 9023488
06-05 18:32:32.054 V/PhoneStatusBar( 1711): setLightsOn(true)
06-05 18:32:32.066 D/gralloc_ranchu( 1346): gralloc_alloc: Creating ashmem region of size 9023488
06-05 18:32:32.072 I/WindowManager( 1629): Destroying surface Surface(name=InputMethod) called by com.android.server.wm.WindowStateAnimator.destroySurface:2016 com.android.server.wm.WindowStateAnimator.destroySurfaceLocked:882 com.android.server.wm.WindowState.destroyOrSaveSurface:2100 com.android.server.wm.WindowSurfacePlacer.performSurfacePlacementInner:429 com.android.server.wm.WindowSurfacePlacer.performSurfacePlacementLoop:232 com.android.server.wm.WindowSurfacePlacer.performSurfacePlacement:180 com.android.server.wm.WindowManagerService$H.handleMessage:8086 android.os.Handler.dispatchMessage:102 
06-05 18:32:32.087 V/PhoneStatusBar( 1711): setLightsOn(true)
06-05 18:32:32.254 V/PhoneStatusBar( 1711): setLightsOn(true)
06-05 18:32:32.332 I/System.out( 3119): URI: //map
06-05 18:32:32.332 I/System.out( 3119): params: {json={"query":"* {text CONTAINS[c] 'Settings'}","operation":{"method_name":"query","arguments":[]}}
06-05 18:32:32.332 I/System.out( 3119): }
06-05 18:32:32.339 I/art     ( 3119): Do partial code cache collection, code=30KB, data=30KB
06-05 18:32:32.339 I/art     ( 3119): After code cache collection, code=28KB, data=29KB
06-05 18:32:32.339 I/art     ( 3119): Increasing code cache capacity to 128KB
06-05 18:32:32.349 I/System.out( 3119): URI: //map
06-05 18:32:32.349 I/System.out( 3119): params: {json={"query":"* {text CONTAINS[c] 'Store location'}","operation":{"method_name":"query","arguments":[]}}
06-05 18:32:32.349 I/System.out( 3119): }
06-05 18:32:32.364 I/System.out( 3119): URI: //map
06-05 18:32:32.364 I/System.out( 3119): params: {json={"query":"* {text CONTAINS[c] 'Your location for fillups will be stored privately'}","operation":{"method_name":"query","arguments":[]}}
06-05 18:32:32.364 I/System.out( 3119): }
06-05 18:32:32.380 I/System.out( 3119): URI: //map
06-05 18:32:32.380 I/System.out( 3119): params: {json={"query":"* marked:'Fillup options'","operation":{"method_name":"query","arguments":[]}}
06-05 18:32:32.380 I/System.out( 3119): }
06-05 18:32:32.385 W/ResourceType( 3119): No package identifier when getting name for resource number 0x00000001
06-05 18:32:32.387 V/PhoneStatusBar( 1711): setLightsOn(true)
06-05 18:32:32.388 V/PhoneStatusBar( 1711): setLightsOn(true)
06-05 18:32:32.393 I/System.out( 3119): URI: //gesture
06-05 18:32:32.393 I/System.out( 3119): params: {json={"query_timeout":5.0,"gestures":[{"query_string":"* marked:'Fillup options'","touches":[{"x":50,"y":50,"offset_x":0,"offset_y":0,"wait":0.0,"time":0.2,"release":true,"query_string":null}]}]}
06-05 18:32:32.393 I/System.out( 3119): }
06-05 18:32:32.406 V/PhoneStatusBar( 1711): setLightsOn(true)
06-05 18:32:32.408 I/WindowManager( 1629): Destroying surface Surface(name=com.evancharlton.mileage/com.evancharlton.mileage.Mileage) called by com.android.server.wm.WindowStateAnimator.destroySurface:2016 com.android.server.wm.WindowStateAnimator.destroySurfaceLocked:882 com.android.server.wm.WindowState.destroyOrSaveSurface:2100 com.android.server.wm.WindowManagerService.tryStartExitingAnimation:3024 com.android.server.wm.WindowManagerService.relayoutWindow:2904 com.android.server.wm.Session.relayout:224 android.view.IWindowSession$Stub.onTransact:286 com.android.server.wm.Session.onTransact:145 
06-05 18:32:32.410 V/PhoneStatusBar( 1711): setLightsOn(true)
06-05 18:32:32.420 W/ResourceType( 3119): No package identifier when getting name for resource number 0x00000001
06-05 18:32:32.682 V/PhoneStatusBar( 1711): setLightsOn(true)
06-05 18:32:32.697 I/System.out( 3119): URI: //map
06-05 18:32:32.697 I/System.out( 3119): params: {json={"query":"* {text CONTAINS[c] 'Unit price, volume'}","operation":{"method_name":"query","arguments":[]}}
06-05 18:32:32.697 I/System.out( 3119): }
06-05 18:32:32.732 V/PhoneStatusBar( 1711): setLightsOn(true)
06-05 18:32:32.737 V/PhoneStatusBar( 1711): setLightsOn(true)
06-05 18:32:32.741 D/gralloc_ranchu( 1346): gralloc_alloc: Creating ashmem region of size 3637248
06-05 18:32:32.758 V/PhoneStatusBar( 1711): setLightsOn(true)
06-05 18:32:32.759 V/PhoneStatusBar( 1711): setLightsOn(true)
06-05 18:32:32.761 D/gralloc_ranchu( 1346): gralloc_alloc: Creating ashmem region of size 3637248
06-05 18:32:32.772 V/PhoneStatusBar( 1711): setLightsOn(true)
06-05 18:32:33.021 V/PhoneStatusBar( 1711): setLightsOn(true)
06-05 18:32:33.069 I/System.out( 3119): URI: //map
06-05 18:32:33.069 I/System.out( 3119): params: {json={"query":"* {text CONTAINS[c] 'Unit price, volume'}","operation":{"method_name":"query","arguments":[]}}
06-05 18:32:33.069 I/System.out( 3119): }
06-05 18:32:33.083 I/System.out( 3119): URI: //map
06-05 18:32:33.083 I/System.out( 3119): params: {json={"query":"* {text CONTAINS[c] 'Total cost, volume'}","operation":{"method_name":"query","arguments":[]}}
06-05 18:32:33.083 I/System.out( 3119): }
06-05 18:32:33.096 I/System.out( 3119): URI: //map
06-05 18:32:33.096 I/System.out( 3119): params: {json={"query":"* {text CONTAINS[c] 'Total cost, unit price'}","operation":{"method_name":"query","arguments":[]}}
06-05 18:32:33.096 I/System.out( 3119): }
06-05 18:32:33.110 I/System.out( 3119): URI: //map
06-05 18:32:33.110 I/System.out( 3119): params: {json={"query":"* marked:'Cancel'","operation":{"method_name":"query","arguments":[]}}
06-05 18:32:33.110 I/System.out( 3119): }
06-05 18:32:33.118 W/ResourceType( 3119): No package identifier when getting name for resource number 0x00000001
06-05 18:32:33.127 I/System.out( 3119): URI: //gesture
06-05 18:32:33.127 I/System.out( 3119): params: {json={"query_timeout":5.0,"gestures":[{"query_string":"* marked:'Cancel'","touches":[{"x":50,"y":50,"offset_x":0,"offset_y":0,"wait":0.0,"time":0.2,"release":true,"query_string":null}]}]}
06-05 18:32:33.127 I/System.out( 3119): }
06-05 18:32:33.132 W/ResourceType( 3119): No package identifier when getting name for resource number 0x00000001
06-05 18:32:33.356 V/PhoneStatusBar( 1711): setLightsOn(true)
06-05 18:32:33.360 V/PhoneStatusBar( 1711): setLightsOn(true)
06-05 18:32:33.364 I/System.out( 3119): URI: //map
06-05 18:32:33.364 I/System.out( 3119): params: {json={"query":"* {text CONTAINS[c] 'Choose the most convenient way to enter data'}","operation":{"method_name":"query","arguments":[]}}
06-05 18:32:33.364 I/System.out( 3119): }
06-05 18:32:33.368 I/art     ( 3119): Do partial code cache collection, code=60KB, data=62KB
06-05 18:32:33.368 I/art     ( 3119): After code cache collection, code=60KB, data=62KB
06-05 18:32:33.368 I/art     ( 3119): Increasing code cache capacity to 256KB
06-05 18:32:33.371 W/InputMethodManagerService( 1629): Window already focused, ignoring focus gain of: com.android.internal.view.IInputMethodClient$Stub$Proxy@313b9f6 attribute=null, token = android.os.BinderProxy@419fdd2
06-05 18:32:33.434 I/System.out( 3119): URI: //map
06-05 18:32:33.434 I/System.out( 3119): params: {json={"query":"* {text CONTAINS[c] 'Perform backups'}","operation":{"method_name":"query","arguments":[]}}
06-05 18:32:33.434 I/System.out( 3119): }
06-05 18:32:33.448 I/System.out( 3119): URI: //map
06-05 18:32:33.448 I/System.out( 3119): params: {json={"query":"* {text CONTAINS[c] 'Your data will be automatically copied to external storage'}","operation":{"method_name":"query","arguments":[]}}
06-05 18:32:33.448 I/System.out( 3119): }
06-05 18:32:33.462 I/System.out( 3119): URI: //map
06-05 18:32:33.462 I/System.out( 3119): params: {json={"query":"* marked:'Change units'","operation":{"method_name":"query","arguments":[]}}
06-05 18:32:33.462 I/System.out( 3119): }
06-05 18:32:33.466 W/ResourceType( 3119): No package identifier when getting name for resource number 0x00000001
06-05 18:32:33.474 I/System.out( 3119): URI: //gesture
06-05 18:32:33.474 I/System.out( 3119): params: {json={"query_timeout":5.0,"gestures":[{"query_string":"* marked:'Change units'","touches":[{"x":50,"y":50,"offset_x":0,"offset_y":0,"wait":0.0,"time":0.2,"release":true,"query_string":null}]}]}
06-05 18:32:33.474 I/System.out( 3119): }
06-05 18:32:33.479 W/ResourceType( 3119): No package identifier when getting name for resource number 0x00000001
06-05 18:32:33.637 I/WindowManager( 1629): Destroying surface Surface(name=com.evancharlton.mileage/com.evancharlton.mileage.SettingsActivity) called by com.android.server.wm.WindowStateAnimator.destroySurface:2016 com.android.server.wm.WindowStateAnimator.destroySurfaceLocked:882 com.android.server.wm.WindowState.destroyOrSaveSurface:2100 com.android.server.wm.AppWindowToken.destroySurfaces:363 com.android.server.wm.WindowStateAnimator.finishExit:565 com.android.server.wm.WindowStateAnimator.stepAnimationLocked:491 com.android.server.wm.WindowAnimator.updateWindowsLocked:303 com.android.server.wm.WindowAnimator.animateLocked:704 
06-05 18:32:33.638 V/PhoneStatusBar( 1711): setLightsOn(true)
06-05 18:32:33.641 V/PhoneStatusBar( 1711): setLightsOn(true)
06-05 18:32:33.708 V/PhoneStatusBar( 1711): setLightsOn(true)
06-05 18:32:33.718 I/System.out( 3119): URI: //map
06-05 18:32:33.719 I/System.out( 3119): params: {json={"query":"* {text CONTAINS[c] 'Units are stored per-vehicle.'}","operation":{"method_name":"query","arguments":[]}}
06-05 18:32:33.719 I/System.out( 3119): }
06-05 18:32:33.753 V/PhoneStatusBar( 1711): setLightsOn(true)
06-05 18:32:33.754 V/PhoneStatusBar( 1711): setLightsOn(true)
06-05 18:32:33.756 D/gralloc_ranchu( 1346): gralloc_alloc: Creating ashmem region of size 3448832
06-05 18:32:33.767 V/PhoneStatusBar( 1711): setLightsOn(true)
06-05 18:32:33.768 V/PhoneStatusBar( 1711): setLightsOn(true)
06-05 18:32:33.771 V/PhoneStatusBar( 1711): setLightsOn(true)
06-05 18:32:33.777 I/System.out( 3119): URI: //map
06-05 18:32:33.777 I/System.out( 3119): params: {json={"query":"* marked:'OK'","operation":{"method_name":"query","arguments":[]}}
06-05 18:32:33.777 I/System.out( 3119): }
06-05 18:32:33.816 W/ResourceType( 3119): No package identifier when getting name for resource number 0x00000001
06-05 18:32:33.824 I/System.out( 3119): URI: //gesture
06-05 18:32:33.824 I/System.out( 3119): params: {json={"query_timeout":5.0,"gestures":[{"query_string":"* marked:'OK'","touches":[{"x":50,"y":50,"offset_x":0,"offset_y":0,"wait":0.0,"time":0.2,"release":true,"query_string":null}]}]}
06-05 18:32:33.824 I/System.out( 3119): }
06-05 18:32:33.829 W/ResourceType( 3119): No package identifier when getting name for resource number 0x00000001
06-05 18:32:33.837 D/gralloc_ranchu( 1346): gralloc_alloc: Creating ashmem region of size 3448832
06-05 18:32:34.023 V/PhoneStatusBar( 1711): setLightsOn(true)
06-05 18:32:34.056 V/PhoneStatusBar( 1711): setLightsOn(true)
06-05 18:32:34.056 V/PhoneStatusBar( 1711): setLightsOn(true)
06-05 18:32:34.063 I/System.out( 3119): URI: //map
06-05 18:32:34.063 I/System.out( 3119): params: {json={"query":"* {text CONTAINS[c] 'How to set gallons/litres/km/etc.'}","operation":{"method_name":"query","arguments":[]}}
06-05 18:32:34.063 I/System.out( 3119): }
06-05 18:32:34.071 W/InputMethodManagerService( 1629): Window already focused, ignoring focus gain of: com.android.internal.view.IInputMethodClient$Stub$Proxy@da54acd attribute=null, token = android.os.BinderProxy@419fdd2
06-05 18:32:34.152 I/System.out( 3119): URI: //map
06-05 18:32:34.152 I/System.out( 3119): params: {json={"query":"* {text CONTAINS[c] 'Notifications'}","operation":{"method_name":"query","arguments":[]}}
06-05 18:32:34.152 I/System.out( 3119): }
06-05 18:32:34.168 I/System.out( 3119): URI: //map
06-05 18:32:34.168 I/System.out( 3119): params: {json={"query":"* {text CONTAINS[c] 'Enable notifications'}","operation":{"method_name":"query","arguments":[]}}
06-05 18:32:34.168 I/System.out( 3119): }
06-05 18:32:34.181 I/System.out( 3119): URI: //map
06-05 18:32:34.181 I/System.out( 3119): params: {json={"query":"* {text CONTAINS[c] 'Service interval reminders enabled'}","operation":{"method_name":"query","arguments":[]}}
06-05 18:32:34.181 I/System.out( 3119): }
06-05 18:32:34.187 I/art     ( 3119): Compiler allocated 7MB to compile sh.calaba.instrumentationbackend.actions.NanoHTTPD$Response sh.calaba.instrumentationbackend.actions.HttpServer.serve(java.lang.String, java.lang.String, java.util.Properties, java.util.Properties, java.util.Properties)
06-05 18:32:34.198 I/System.out( 3119): URI: //map
06-05 18:32:34.198 I/System.out( 3119): params: {json={"query":"* {text CONTAINS[c] 'Select ringtone'}","operation":{"method_name":"query","arguments":[]}}
06-05 18:32:34.198 I/System.out( 3119): }
06-05 18:32:34.217 I/System.out( 3119): URI: //map
06-05 18:32:34.217 I/System.out( 3119): params: {json={"query":"* {text CONTAINS[c] 'Blink LED'}","operation":{"method_name":"query","arguments":[]}}
06-05 18:32:34.217 I/System.out( 3119): }
06-05 18:32:34.230 I/System.out( 3119): URI: //map
06-05 18:32:34.230 I/System.out( 3119): params: {json={"query":"* {text CONTAINS[c] 'LED will flash for reminders'}","operation":{"method_name":"query","arguments":[]}}
06-05 18:32:34.230 I/System.out( 3119): }
06-05 18:32:34.245 I/System.out( 3119): URI: //map
06-05 18:32:34.246 I/System.out( 3119): params: {json={"query":"* {text CONTAINS[c] 'Vibrate'}","operation":{"method_name":"query","arguments":[]}}
06-05 18:32:34.246 I/System.out( 3119): }
06-05 18:32:34.263 I/System.out( 3119): URI: //map
06-05 18:32:34.263 I/System.out( 3119): params: {json={"query":"* {text CONTAINS[c] 'Phone will vibrate for reminders'}","operation":{"method_name":"query","arguments":[]}}
06-05 18:32:34.263 I/System.out( 3119): }
06-05 18:32:34.280 I/System.out( 3119): URI: //map
06-05 18:32:34.280 I/System.out( 3119): params: {json={"query":"* {text CONTAINS[c] 'About Mileage 3.1.1'}","operation":{"method_name":"query","arguments":[]}}
06-05 18:32:34.280 I/System.out( 3119): }
06-05 18:32:34.298 I/System.out( 3119): URI: //map
06-05 18:32:34.298 I/System.out( 3119): params: {json={"query":"* marked:'About'","operation":{"method_name":"query","arguments":[]}}
06-05 18:32:34.298 I/System.out( 3119): }
06-05 18:32:34.303 W/ResourceType( 3119): No package identifier when getting name for resource number 0x00000001
06-05 18:32:34.314 I/System.out( 3119): URI: //gesture
06-05 18:32:34.314 I/System.out( 3119): params: {json={"query_timeout":5.0,"gestures":[{"query_string":"* marked:'About'","touches":[{"x":50,"y":50,"offset_x":0,"offset_y":0,"wait":0.0,"time":0.2,"release":true,"query_string":null}]}]}
06-05 18:32:34.314 I/System.out( 3119): }
06-05 18:32:34.319 W/ResourceType( 3119): No package identifier when getting name for resource number 0x00000001
06-05 18:32:34.337 I/WindowManager( 1629): Destroying surface Surface(name=com.evancharlton.mileage/com.evancharlton.mileage.SettingsActivity) called by com.android.server.wm.WindowStateAnimator.destroySurface:2016 com.android.server.wm.WindowStateAnimator.destroySurfaceLocked:882 com.android.server.wm.WindowState.destroyOrSaveSurface:2100 com.android.server.wm.AppWindowToken.destroySurfaces:363 com.android.server.wm.WindowStateAnimator.finishExit:565 com.android.server.wm.WindowStateAnimator.stepAnimationLocked:491 com.android.server.wm.WindowAnimator.updateWindowsLocked:303 com.android.server.wm.WindowAnimator.animateLocked:704 
06-05 18:32:34.338 V/PhoneStatusBar( 1711): setLightsOn(true)
06-05 18:32:34.340 V/PhoneStatusBar( 1711): setLightsOn(true)
06-05 18:32:34.554 I/ActivityManager( 1629): START u0 {cmp=com.evancharlton.mileage/.AboutActivity} from uid 10160 on display 0
06-05 18:32:34.556 V/PhoneStatusBar( 1711): setLightsOn(true)
06-05 18:32:34.556 V/PhoneStatusBar( 1711): setLightsOn(true)
