06-06 01:00:47.822 I/System.out(25016): params: {json={"query_timeout":5.0,"gestures":[{"query_string":"android.widget.EditText index:1","touches":[{"x":50,"y":50,"offset_x":0,"offset_y":0,"wait":0.0,"time":0.2,"release":true,"query_string":null}]}]}
06-06 01:00:47.822 I/System.out(25016): }
06-06 01:00:47.933 I/WindowManager( 1631): Destroying surface Surface(name=PopupWindow:55134c1) called by com.android.server.wm.WindowStateAnimator.destroySurface:2016 com.android.server.wm.WindowStateAnimator.destroySurfaceLocked:882 com.android.server.wm.WindowState.destroyOrSaveSurface:2100 com.android.server.wm.AppWindowToken.destroySurfaces:363 com.android.server.wm.WindowStateAnimator.finishExit:565 com.android.server.wm.WindowStateAnimator.stepAnimationLocked:491 com.android.server.wm.WindowAnimator.updateWindowsLocked:303 com.android.server.wm.WindowAnimator.animateLocked:704 
06-06 01:00:47.934 V/PhoneStatusBar( 1712): setLightsOn(true)
06-06 01:00:47.937 V/PhoneStatusBar( 1712): setLightsOn(true)
06-06 01:00:48.608 I/System.out(25016): URI: //
06-06 01:00:48.608 I/System.out(25016): params: {json={"command":"set_selection","arguments":[-1,-1]}
06-06 01:00:48.608 I/System.out(25016): }
06-06 01:00:48.608 I/System.out(25016): header: {content-type=application/json;charset=utf-8, date=Sat, 06 Jun 2020 06:00:48 GMT, accept=*/*, host=127.0.0.1:34777, content-length=47, user-agent=HTTPClient/1.0 (2.8.3, ruby 2.5.1 (2018-03-29))}
06-06 01:00:48.608 I/System.out(25016): params: {json={"command":"set_selection","arguments":[-1,-1]}
06-06 01:00:48.608 I/System.out(25016): }
06-06 01:00:48.608 I/System.out(25016): ProP json = {"command":"set_selection","arguments":[-1,-1]}
06-06 01:00:48.608 I/System.out(25016): files: {}
06-06 01:00:48.608 I/System.out(25016): command: {"command":"set_selection","arguments":[-1,-1]}
06-06 01:00:48.609 I/InstrumentationBackend(25016): Got command:'Command:'Line:null,set_selection', arguments:'[-1, -1]'
06-06 01:00:48.612 I/System.out(25016): result:{"bonusInformation":[],"message":"","success":true}
06-06 01:00:48.626 I/System.out(25016): URI: //
06-06 01:00:48.626 I/System.out(25016): params: {json={"command":"keyboard_enter_text","arguments":["5 Passengers"]}
06-06 01:00:48.626 I/System.out(25016): }
06-06 01:00:48.626 I/System.out(25016): header: {content-type=application/json;charset=utf-8, date=Sat, 06 Jun 2020 06:00:48 GMT, accept=*/*, host=127.0.0.1:34777, content-length=62, user-agent=HTTPClient/1.0 (2.8.3, ruby 2.5.1 (2018-03-29))}
06-06 01:00:48.626 I/System.out(25016): params: {json={"command":"keyboard_enter_text","arguments":["5 Passengers"]}
06-06 01:00:48.626 I/System.out(25016): }
06-06 01:00:48.627 I/System.out(25016): ProP json = {"command":"keyboard_enter_text","arguments":["5 Passengers"]}
06-06 01:00:48.627 I/System.out(25016): files: {}
06-06 01:00:48.627 I/System.out(25016): command: {"command":"keyboard_enter_text","arguments":["5 Passengers"]}
06-06 01:00:48.627 I/InstrumentationBackend(25016): Got command:'Command:'Line:null,keyboard_enter_text', arguments:'[5 Passengers]'
06-06 01:00:48.627 E/SpannableStringBuilder(25016): SPAN_EXCLUSIVE_EXCLUSIVE spans cannot have a zero length
06-06 01:00:48.628 E/SpannableStringBuilder(25016): SPAN_EXCLUSIVE_EXCLUSIVE spans cannot have a zero length
06-06 01:00:48.630 I/LatinIME:LogUtils( 1698): Dictionary info: dictionary = spellcheck_userunigram.en_US ; version = 1591423248 ; date = ?
06-06 01:00:48.633 E/SpannableStringBuilder(25016): SPAN_EXCLUSIVE_EXCLUSIVE spans cannot have a zero length
06-06 01:00:48.633 E/SpannableStringBuilder(25016): SPAN_EXCLUSIVE_EXCLUSIVE spans cannot have a zero length
06-06 01:00:48.634 I/LatinIME:LogUtils( 1698): Dictionary info: dictionary = main:en ; version = 54 ; date = 1414726273
06-06 01:00:48.637 I/System.out(25016): result:{"bonusInformation":[],"message":"","success":true}
06-06 01:00:48.641 I/System.out(25016): URI: //
06-06 01:00:48.641 I/System.out(25016): params: {json={"command":"press_key","arguments":["KEYCODE_BACK"]}
06-06 01:00:48.641 I/System.out(25016): }
06-06 01:00:48.641 I/System.out(25016): header: {content-type=application/json;charset=utf-8, date=Sat, 06 Jun 2020 06:00:48 GMT, accept=*/*, host=127.0.0.1:34777, content-length=52, user-agent=HTTPClient/1.0 (2.8.3, ruby 2.5.1 (2018-03-29))}
06-06 01:00:48.641 I/System.out(25016): params: {json={"command":"press_key","arguments":["KEYCODE_BACK"]}
06-06 01:00:48.641 I/System.out(25016): }
06-06 01:00:48.641 I/System.out(25016): ProP json = {"command":"press_key","arguments":["KEYCODE_BACK"]}
06-06 01:00:48.641 I/System.out(25016): files: {}
06-06 01:00:48.641 I/System.out(25016): command: {"command":"press_key","arguments":["KEYCODE_BACK"]}
06-06 01:00:48.642 I/InstrumentationBackend(25016): Got command:'Command:'Line:null,press_key', arguments:'[KEYCODE_BACK]'
06-06 01:00:48.645 I/art     (25016): Do partial code cache collection, code=54KB, data=59KB
06-06 01:00:48.645 I/art     (25016): After code cache collection, code=54KB, data=59KB
06-06 01:00:48.645 I/art     (25016): Increasing code cache capacity to 256KB
06-06 01:00:48.672 W/InputMethodService( 1698): Window size has been changed. This may cause jankiness of resizing window: -1 -> -2
06-06 01:00:48.674 I/System.out(25016): result:{"bonusInformation":[],"message":"","success":true}
06-06 01:00:48.676 I/System.out(25016): URI: //map
06-06 01:00:48.676 I/System.out(25016): params: {json={"query":"* marked:'Save changes'","operation":{"method_name":"query","arguments":[]}}
06-06 01:00:48.676 I/System.out(25016): }
06-06 01:00:48.680 W/ResourceType(25016): No package identifier when getting name for resource number 0x00000001
06-06 01:00:48.683 D/EGL_emulation( 1712): eglMakeCurrent: 0xb0685360: ver 2 0 (tinfo 0xb06836c0)
06-06 01:00:48.683 D/EGL_emulation( 1698): eglMakeCurrent: 0xb0685060: ver 2 0 (tinfo 0xb0683b60)
06-06 01:00:48.686 V/PhoneStatusBar( 1712): setLightsOn(true)
06-06 01:00:48.688 V/PhoneStatusBar( 1712): setLightsOn(true)
06-06 01:00:48.688 I/System.out(25016): URI: //gesture
06-06 01:00:48.688 I/System.out(25016): params: {json={"query_timeout":5.0,"gestures":[{"query_string":"* marked:'Save changes'","touches":[{"x":50,"y":50,"offset_x":0,"offset_y":0,"wait":0.0,"time":0.2,"release":true,"query_string":null}]}]}
06-06 01:00:48.688 I/System.out(25016): }
06-06 01:00:48.700 V/PhoneStatusBar( 1712): setLightsOn(true)
06-06 01:00:48.715 W/ResourceType(25016): No package identifier when getting name for resource number 0x00000001
06-06 01:00:48.867 V/PhoneStatusBar( 1712): setLightsOn(true)
06-06 01:00:48.867 I/WindowManager( 1631): Destroying surface Surface(name=InputMethod) called by com.android.server.wm.WindowStateAnimator.destroySurface:2016 com.android.server.wm.WindowStateAnimator.destroySurfaceLocked:882 com.android.server.wm.WindowState.destroyOrSaveSurface:2100 com.android.server.wm.WindowSurfacePlacer.performSurfacePlacementInner:429 com.android.server.wm.WindowSurfacePlacer.performSurfacePlacementLoop:232 com.android.server.wm.WindowSurfacePlacer.performSurfacePlacement:180 com.android.server.wm.WindowManagerService$H.handleMessage:8086 android.os.Handler.dispatchMessage:102 
06-06 01:00:48.950 V/PhoneStatusBar( 1712): setLightsOn(true)
06-06 01:00:48.961 D/Mileage.ABS(25016): Finished backup
06-06 01:00:48.961 I/System.out(25016): URI: //map
06-06 01:00:48.961 I/System.out(25016): params: {json={"query":"* {text CONTAINS[c] '5 Passengers'}","operation":{"method_name":"query","arguments":[]}}
06-06 01:00:48.961 I/System.out(25016): }
06-06 01:00:48.995 I/art     (25016): Compiler allocated 7MB to compile sh.calaba.instrumentationbackend.actions.NanoHTTPD$Response sh.calaba.instrumentationbackend.actions.HttpServer.serve(java.lang.String, java.lang.String, java.util.Properties, java.util.Properties, java.util.Properties)
06-06 01:00:48.997 V/PhoneStatusBar( 1712): setLightsOn(true)
06-06 01:00:49.000 D/EGL_emulation( 1712): eglMakeCurrent: 0xb0685360: ver 2 0 (tinfo 0xb06836c0)
06-06 01:00:49.000 V/PhoneStatusBar( 1712): setLightsOn(true)
06-06 01:00:49.016 D/gralloc_ranchu( 1347): gralloc_alloc: Creating ashmem region of size 9023488
06-06 01:00:49.016 V/PhoneStatusBar( 1712): setLightsOn(true)
